[2871726] Failed to scrape lineup: https://www.transfermarkt.co.uk/vfl-wolfsburg_bayern-munich/index/spielbericht/2871726
[3058724] Failed to scrape lineup: https://www.transfermarkt.co.uk/sv-werder-bremen_rb-leipzig/index/spielbericht/3058724
[2818543] Failed to scrape lineup: https://www.transfermarkt.co.uk/panionios-athens_aek-athens/index/spielbericht/2818543
[3160735] Failed to scrape lineup: https://www.transfermarkt.co.uk/spielbericht/index/spielbericht/3160735
[2732186] Failed to scrape lineup: https://www.transfermarkt.co.uk/kaa-gent_standard-liege/index/spielbericht/2732186
Not enough players found for lineup: 0, 0.
[2925778] Failed to scrape lineup: https://www.transfermarkt.co.uk/spielbericht/index/spielbericht/2925778
[2329744] Failed to scrape lineup: https://www.transfermarkt.co.uk/kv-kortrijk_rsc-anderlecht/index/spielbericht/2329744
[2475338] Failed to scrape lineup: https://www.transfermarkt.co.uk/real-madrid_sevilla-fc/index/spielbericht/2475338
[2317258] Failed to scrape lineup: https://www.transfermarkt.co.uk/spielbericht/index/spielbericht/2317258
[3093517] Failed to scrape lineup: https://www.transfermarkt.co.uk/spielbericht/index/spielbericht/3093517
[2538967] Failed to scrape lineup: https://www.transfermarkt.co.uk/spielbericht/index/spielbericht/2538967
Not enough players found for lineup: 0, 0.
[3376122] Failed to scrape lineup: https://www.transfermarkt.co.uk/spielbericht/index/spielbericht/3376122
[3160736] Failed to scrape lineup: https://www.transfermarkt.co.uk/spielbericht/index/spielbericht/3160736
[2732187] Failed to scrape lineup: https://www.transfermarkt.co.uk/royal-excel-mouscron-2022-_kv-kortrijk/index/spielbericht/2732187
[2925779] Failed to scrape lineup: https://www.transfermarkt.co.uk/spielbericht/index/spielbericht/2925779
[2329745] Failed to scrape lineup: https://www.transfermarkt.co.uk/raec-mons-2015-_lierse-sk-2018-/index/spielbericht/2329745
[2320446] Failed to scrape lineup: https://www.transfermarkt.co.uk/spielbericht/index/spielbericht/2320446
[2538968] Failed to scrape lineup: https://www.transfermarkt.co.uk/spielbericht/index/spielbericht/2538968
Not enough players found for lineup: 0, 0.
[2925780] Failed to scrape lineup: https://www.transfermarkt.co.uk/spielbericht/index/spielbericht/2925780
[3376123] Failed to scrape lineup: https://www.transfermarkt.co.uk/spielbericht/index/spielbericht/3376123
[2732188] Failed to scrape lineup: https://www.transfermarkt.co.uk/kv-kortrijk_kas-eupen/index/spielbericht/2732188
[2320447] Failed to scrape lineup: https://www.transfermarkt.co.uk/spielbericht/index/spielbericht/2320447
Not enough players found for lineup: 0, 11.
[2760522] Failed to scrape lineup: https://www.transfermarkt.co.uk/spielbericht/index/spielbericht/2760522
[2732189] Failed to scrape lineup: https://www.transfermarkt.co.uk/kv-oostende-2024-_standard-liege/index/spielbericht/2732189

Keepers & outfield error for **Vitória Setúbal FC** in Vitória Setúbal FC vs Portimonense SC: Numbers: 3 and 8.
[2897325] Failed to scrape lineup: https://www.transfermarkt.co.uk/juventus-fc_us-sassuolo/index/spielbericht/2897325

Keepers & outfield error for **Celta** in Celta vs Athletic Club Bilbao: Numbers: 0 and 11.

Keepers & outfield error for **Real Valladolid CF** in SD Eibar vs Real Valladolid CF: Numbers: 2 and 9.
[2884473] Failed to build match row: Vitória Setúbal FC vs Portimonense SC

Keepers & outfield error for **Celta** in Celta vs UD Almería: Numbers: 0 and 11.

Keepers & outfield error for **Società Sportiva Lazio S.p.A.** in Società Sportiva Lazio S.p.A. vs Chievo Verona: Numbers: 2 and 9.
[3080843] Failed to build match row: SD Eibar vs Real Valladolid CF
[2719048] Failed to build match row: Celta vs Athletic Club Bilbao
[2359228] Failed to build match row: Società Sportiva Lazio S.p.A. vs Chievo Verona
[2475339] Failed to build match row: Celta vs UD Almería
[2587323] Could not find attributes for davit khurtsilava (FC Dila Gori, 2015)
[2368287] Could not find attributes for nicklas adamsen (IF Skjold Birkeröd, 2013)
[3119668] Could not find attributes for lionel stone (Haringey Borough FC, 2018)
[2460863] Could not find attributes for ragnar klavan (Fußball-Club Augsburg 1907, 2014)
Not enough players found for lineup: 0, 0.
[2460863] Failed to build match row: Fußball-Club Augsburg 1907 vs FC Schalke 04
[2368287] Failed to build match row: IF Skjold Birkeröd vs FC Vestsjaelland
[3224729] Could not find attributes for evgeniy gorodov (RFK Akhmat Grozny, 2019)
[2986457] Could not find attributes for genseric kusunga (Dundee Football Club, 2017)
[3119668] Failed to build match row: Haringey Borough FC vs AFC Wimbledon
[2587323] Failed to build match row: FC Dila Gori vs Fudbalski Klub Partizan Beograd
[2986457] Failed to build match row: Dundee Football Club vs Motherwell Football Club
[3376124] Failed to scrape lineup: https://www.transfermarkt.co.uk/spielbericht/index/spielbericht/3376124
[3224729] Failed to build match row: RFK Akhmat Grozny vs FC Orenburg
[2658018] Could not find attributes for konstantinos dafkos (AEL Kalloni, 2015)
[2658018] Failed to build match row: AEL Kalloni vs PAS Giannina
[3203526] Could not find attributes for vladimir darida (Hertha BSC, 2019)

Keepers & outfield error for **Granada CF** in Granada CF vs Valencia Club de Fútbol S. A. D.: Numbers: 0 and 11.
[3210343] Could not find attributes for johan larsson (Brøndby Idrætsforening, 2019)
[2604379] Could not find attributes for ibrahim sehic (Qarabağ FK, 2015)
[3210343] Failed to build match row: Esbjerg fB vs Brøndby Idrætsforening
[2604379] Failed to build match row: Qarabağ FK vs The Celtic Football Club
[2342569] Could not find attributes for hans hateboer (Football Club Groningen, 2013)
[2594718] Failed to build match row: Granada CF vs Valencia Club de Fútbol S. A. D.
[3203526] Failed to build match row: Hertha BSC vs RasenBallsport Leipzig
[2818544] Could not find attributes for alexandros paschalakis (PAS Giannina, 2016)
[2614374] Could not find attributes for santiago colombatto (Cagliari Calcio, 2015)
[2342569] Failed to build match row: Prins Hendrik Ende Desespereert Nimmer Combinatie Zwolle vs Football Club Groningen

Keepers & outfield error for **Wolverhampton Wanderers Football Club** in Everton Football Club vs Wolverhampton Wanderers Football Club: Numbers: 0 and 11.
[2614374] Failed to build match row: Unione Sportiva Sassuolo Calcio vs Cagliari Calcio
[2818544] Failed to build match row: PAS Giannina vs Panetolikos Agrinio
[2704286] Could not find attributes for felix wiedwald (Sportverein Werder Bremen von 1899, 2016)
[3219083] Failed to build match row: Everton Football Club vs Wolverhampton Wanderers Football Club
[2494555] Failed to scrape lineup: https://www.transfermarkt.co.uk/r-charleroi-sc_zulte-waregem/index/spielbericht/2494555
[2480853] Could not find attributes for mykyta shevchenko (FC Zorya Lugansk, 2014)
[3376125] Failed to scrape lineup: https://www.transfermarkt.co.uk/spielbericht/index/spielbericht/3376125
[2480853] Failed to build match row: Molde Fotballklubb vs FC Zorya Lugansk
[2925781] Could not find attributes for panagiotis katsikas (Anagennisi Karditsa, 2017)
[3276874] Could not find attributes for jj odonnell (Gateshead FC, 2019)
[2704286] Failed to build match row: RasenBallsport Leipzig vs Sportverein Werder Bremen von 1899
[2320448] Could not find attributes for brian gheorghiu (SV Schott Jena, 2013)
[2925781] Failed to build match row: Anagennisi Karditsa vs Athlitiki Enosi Larisas
[2320448] Failed to build match row: SV Schott Jena vs Hamburger Sport Verein
[3276874] Failed to build match row: Gateshead FC vs Oldham Athletic

Keepers & outfield error for **SPAL** in Cagliari Calcio vs SPAL: Numbers: 2 and 9.
[2897326] Failed to build match row: Cagliari Calcio vs SPAL
[3244654] Could not find attributes for yuriy pankiv (FC Oleksandriya, 2019)
[2884474] Could not find attributes for fabio coentrao (Sporting Clube de Portugal, 2017)
[3069995] Could not find attributes for ceyhun gulselam (Alanyaspor, 2018)
[2884474] Failed to build match row: Sporting Clube de Portugal vs Rio Ave Futebol Clube
[3244654] Failed to build match row: Futbolniy Klub Dynamo Kyiv vs FC Oleksandriya
[3210344] Failed to scrape lineup: https://www.transfermarkt.co.uk/silkeborg-if_lyngby-bk/index/spielbericht/3210344
[2725453] Failed to scrape lineup: https://www.transfermarkt.co.uk/terek-grozny_lokomotiv-moskau/index/spielbericht/2725453
[3069995] Failed to build match row: Alanyaspor vs Çaykur Rizespor Kulübü
[2594719] Failed to scrape lineup: https://www.transfermarkt.co.uk/rcd-espanyol-barcelona_deportivo-de-la-coruna/index/spielbericht/2594719
[2719050] Could not find attributes for florian lejeune (SD Eibar, 2016)
[2340300] Could not find attributes for gege (CS Marítimo, 2013)
[2329747] Could not find attributes for youri tielemans (Royal Sporting Club Anderlecht, 2013)
[2719050] Failed to build match row: SD Eibar vs CD Leganés
[2340300] Failed to build match row: CS Marítimo vs Gil Vicente Futebol Clube
[2329747] Failed to build match row: Royal Sporting Club Anderlecht vs Lierse SK (- 2018)
[3050244] Could not find attributes for danny ings (Southampton FC, 2018)
[3050244] Failed to build match row: Southampton FC vs Chelsea Football Club
Not enough players found for lineup: 0, 0.
[2760523] Failed to scrape lineup: https://www.transfermarkt.co.uk/spielbericht/index/spielbericht/2760523
[2698382] Could not find attributes for darren fletcher (West Bromwich Albion, 2016)
[2698382] Failed to build match row: Manchester City Football Club vs West Bromwich Albion
[2884475] Failed to scrape lineup: https://www.transfermarkt.co.uk/estoril-praia_fc-pacos-de-ferreira/index/spielbericht/2884475
[2658019] Could not find attributes for dimitrios kyriakidis (Panetolikos Agrinio, 2015)
[3058727] Failed to scrape lineup: https://www.transfermarkt.co.uk/vfl-wolfsburg_fc-augsburg/index/spielbericht/3058727
[2658019] Failed to build match row: Panetolikos Agrinio vs Panthessalonikios Athlitikos Omilos Konstantinoupoliton
[3093518] Could not find attributes for georgios vasiliou (Apollon Limassol, 2018)
[3093518] Failed to build match row: Apollon Limassol vs FC Basel 1893 AG

Keepers & outfield error for **KV Oostende** in Club Brugge Koninklijke Voetbalvereniging vs KV Oostende: Numbers: 2 and 9.
[2633798] Failed to build match row: Club Brugge Koninklijke Voetbalvereniging vs KV Oostende
[3219084] Could not find attributes for danny ings (Southampton FC, 2019)
[2329748] Failed to scrape lineup: https://www.transfermarkt.co.uk/krc-genk_kv-mechelen/index/spielbericht/2329748
[3219084] Failed to build match row: Southampton FC vs Manchester United Football Club
[2460864] Could not find attributes for nadiem amiri (Turn- und Sportgemeinschaft 1899 Hoffenheim Fußball-Spielbetriebs, 2014)
[2460864] Failed to build match row: Turn- und Sportgemeinschaft 1899 Hoffenheim Fußball-Spielbetriebs vs Mönchengladbach
[3224793] Could not find attributes for elias olafsson (Aarhus Fremad, 2019)
[2512841] Failed to scrape lineup: https://www.transfermarkt.co.uk/kv-mechelen_mouscron-peruwelz/index/spielbericht/2512841
[3224793] Failed to build match row: Aarhus Fremad vs Brabrand IF
[2368288] Could not find attributes for lukas fernandes (Lyngby Boldklub, 2013)
[2732191] Could not find attributes for jakub brabec (Koninklijke Racing Club Genk, 2016)
[2818545] Could not find attributes for andreas gianniotis (Panionios Athens, 2016)
[2368288] Failed to build match row: Lyngby Boldklub vs Viborg Fodsports Forening
[2614375] Could not find attributes for luca checchin (Verona Hellas Football Club, 2015)
[2342570] Could not find attributes for christian kum (Sportclub Heerenveen, 2013)
[2884476] Failed to scrape lineup: https://www.transfermarkt.co.uk/fc-pacos-de-ferreira_gd-chaves/index/spielbericht/2884476
[2732191] Failed to build match row: Royal Charleroi Sporting Club vs Koninklijke Racing Club Genk
[2587324] Could not find attributes for anatoliy ayvazov (FC Pyunik Yerevan, 2015)
[2818545] Failed to build match row: Panionios Athens vs Athlitiki Enosi Larisas

Keepers & outfield error for **UD Las Palmas** in UD Las Palmas vs Club Atlético de Madrid S.A.D.: Numbers: 2 and 9.
[2614375] Failed to build match row: Verona Hellas Football Club vs FC Pavia 1911
[2925782] Could not find attributes for konstantinos chalkias (Panachaiki GE, 2017)
[2320449] Could not find attributes for ferdi uslu (SG Aumund-Vegesack, 2013)
[2342570] Failed to build match row: Sportclub Heerenveen vs Eindhovense Voetbalvereniging Philips Sport Vereniging

Keepers & outfield error for **Sporting Gijón** in Real Betis Balompié S.A.D. vs Sporting Gijón: Numbers: 2 and 9.
[2925782] Failed to build match row: Panachaiki GE vs Panathinaikos Athlitikos Omilos
[2320449] Failed to build match row: SG Aumund-Vegesack vs Turn- und Sportgemeinschaft 1899 Hoffenheim Fußball-Spielbetriebs
[2719051] Failed to build match row: UD Las Palmas vs Club Atlético de Madrid S.A.D.
[2587324] Failed to build match row: FC Pyunik Yerevan vs Molde Fotballklubb
[2594720] Failed to build match row: Real Betis Balompié S.A.D. vs Sporting Gijón
[2480854] Could not find attributes for lukas hrosso (FC Slovan Liberec, 2014)
[2604380] Could not find attributes for david bicik (AC Sparta Praha, a. s., 2015)
[2480854] Failed to build match row: FC Slovan Liberec vs Astra Giurgiu (- 2024)
[2604380] Failed to build match row: PFK CSKA Moskva vs AC Sparta Praha, a. s.

Keepers & outfield error for **RasenBallsport Leipzig** in RasenBallsport Leipzig vs Eintracht Frankfurt Fußball AG: Numbers: 0 and 11.
[2871729] Failed to build match row: RasenBallsport Leipzig vs Eintracht Frankfurt Fußball AG
[3244655] Could not find attributes for oleg kudryk (Karpaty Lviv (-2021), 2019)
[3119669] Could not find attributes for alex finney (Maidstone United, 2018)
[3376126] Could not find attributes for nikita medvedev (Zenit Izhevsk, 2014)
[3119669] Failed to build match row: Maidstone United vs Macclesfield Town FC
[3244655] Failed to build match row: Karpaty Lviv (-2021) vs PFK Lviv
[3376126] Failed to build match row: Zenit Izhevsk vs KamAZ Naberezhnye Chelny
[3093519] Could not find attributes for aleksandr belenov (FK Ufa, 2018)
[3093519] Failed to build match row: Rangers Football Club vs FK Ufa
[2760524] Could not find attributes for ronald koeman jr  (TOP Oss, 2016)
[2760524] Failed to build match row: Feyenoord Rotterdam vs TOP Oss
[3160739] Could not find attributes for branislav ivanovic (AO FK Zenit Sankt-Peterburg, 2018)
[2658020] Could not find attributes for vasilios barkas (APS Atromitos Athinon, 2015)
[3050245] Could not find attributes for moussa sissoko (Tottenham Hotspur Football Club, 2018)

Keepers & outfield error for **Swansea City** in Swansea City vs Tottenham Hotspur Football Club: Numbers: 2 and 9.

Keepers & outfield error for **Hull City** in Manchester United Football Club vs Hull City: Numbers: 0 and 11.
[2512842] Could not find attributes for boban bajkovic (Lierse SK (- 2018), 2014)
[2658020] Failed to build match row: APS Atromitos Athinon vs A.G.S Asteras Tripolis

Keepers & outfield error for **Associazione Calcio Fiorentina** in Associazione Sportiva Roma vs Associazione Calcio Fiorentina: Numbers: 0 and 11.
[3210345] Could not find attributes for zeca (Football Club København, 2019)
[3160739] Failed to build match row: AO FK Zenit Sankt-Peterburg vs Villarreal Club de Fútbol S.A.D.
[2698383] Failed to build match row: Swansea City vs Tottenham Hotspur Football Club
[2494557] Could not find attributes for boubacar copa (KSC Lokeren (- 2020), 2014)
[3050245] Failed to build match row: Tottenham Hotspur Football Club vs Cardiff City
[2486592] Failed to build match row: Manchester United Football Club vs Hull City
[2512842] Failed to build match row: Lierse SK (- 2018) vs Club Brugge Koninklijke Voetbalvereniging

Keepers & outfield error for **Liverpool Football Club** in Burnley Football Club vs Liverpool Football Club: Numbers: 0 and 11.
[3069996] Could not find attributes for adrien regattin (Akhisarspor, 2018)
[2494557] Failed to build match row: KSC Lokeren (- 2020) vs Yellow-Red Koninklijke Voetbalclub Mechelen
[2538970] Failed to build match row: Associazione Sportiva Roma vs Associazione Calcio Fiorentina
[3219085] Failed to build match row: Burnley Football Club vs Liverpool Football Club
[3069996] Failed to build match row: Akhisarspor vs Kayserispor Kulübü
[3058728] Could not find attributes for hendrik weydandt (Hannover 96, 2018)
[2604381] Could not find attributes for david bicik (AC Sparta Praha, a. s., 2015)
[2818546] Could not find attributes for huanderson (Iraklis Thessaloniki, 2016)
[3058728] Failed to build match row: Fortuna Düsseldorf vs Hannover 96
17)
[2320450] Could not find attributes for fabian kling (FV Illertissen, 2013)
[2927180] Could not find attributes for esben madsen (Hellerup IK, 2017)
[2927180] Failed to build match row: Hellerup IK vs Silkeborg Idrætsforening

Keepers & outfield error for **Chelsea Football Club** in Hull City vs Chelsea Football Club: Numbers: 2 and 9.
[2818546] Failed to build match row: Iraklis Thessaloniki vs Panathinaikos Athlitikos Omilos
[2875204] Failed to build match row: Aarhus Gymnastik Forening vs FC Helsingör
[2332232] Failed to build match row: Hull City vs Chelsea Football Club
[2320450] Failed to build match row: FV Illertissen vs Eintracht Frankfurt Fußball AG
Not enough players found for lineup: 11, 0.
[2614376] Could not find attributes for alan empereur (US Salernitana 1919, 2015)
[3376127] Failed to scrape lineup: https://www.transfermarkt.co.uk/spielbericht/index/spielbericht/3376127
[2587325] Could not find attributes for radu mitu (FC Milsami Orhei, 2015)
[2614376] Failed to build match row: Spezia Calcio vs US Salernitana 1919

Keepers & outfield error for **Elche Club de Fútbol S.A.D.** in Elche Club de Fútbol S.A.D. vs AD Alcorcón: Numbers: 2 and 9.

Keepers & outfield error for **Villarreal Club de Fútbol S.A.D.** in Villarreal Club de Fútbol S.A.D. vs Sporting Gijón: Numbers: 0 and 11.
[2587325] Failed to build match row: FC Milsami Orhei vs Ludogorets Razgrad
[2762831] Failed to build match row: Elche Club de Fútbol S.A.D. vs AD Alcorcón
[2719052] Failed to build match row: Villarreal Club de Fútbol S.A.D. vs Sporting Gijón
[2732193] Could not find attributes for jakub brabec (Koninklijke Racing Club Genk, 2016)

Keepers & outfield error for **Benevento Calcio** in Associazione Sportiva Roma vs Benevento Calcio: Numbers: 2 and 9.

Keepers & outfield error for **Rio Ave Futebol Clube** in Rio Ave Futebol Clube vs Grupo Desportivo Estoril Praia: Numbers: 3 and 8.
[3210346] Could not find attributes for johan larsson (Brøndby Idrætsforening, 2019)

Keepers & outfield error for **Vitória Sport Clube** in Grupo Desportivo Estoril Praia vs Vitória Sport Clube: Numbers: 0 and 11.
[2732193] Failed to build match row: Koninklijke Racing Club Genk vs Koninklijke Voetbal Club Westerlo
[2340301] Failed to build match row: Grupo Desportivo Estoril Praia vs Vitória Sport Clube
[3210346] Failed to build match row: Sønderjyske Fodbold vs Brøndby Idrætsforening
Praia
[2897329] Failed to build match row: Associazione Sportiva Roma vs Benevento Calcio

Keepers & outfield error for **Royal Sporting Club Anderlecht** in Royal Sporting Club Anderlecht vs Koninklijke Voetbal Club Westerlo: Numbers: 0 and 11.
[3093520] Could not find attributes for aleksandr belenov (FK Ufa, 2018)
[2633800] Could not find attributes for tomislav kis (KV Kortrijk, 2015)

Keepers & outfield error for **Villarreal Club de Fútbol S.A.D.** in Villarreal Club de Fútbol S.A.D. vs AO FK Zenit Sankt-Peterburg: Numbers: 0 and 11.
[3160740] Failed to build match row: Villarreal Club de Fútbol S.A.D. vs AO FK Zenit Sankt-Peterburg
[3093520] Failed to build match row: FK Ufa vs Rangers Football Club
[2633800] Failed to build match row: KV Kortrijk vs Royal Charleroi Sporting Club

Keepers & outfield error for **Liverpool Football Club** in Liverpool Football Club vs Arsenal Football Club: Numbers: 0 and 11.
[2512843] Failed to build match row: Royal Sporting Club Anderlecht vs Koninklijke Voetbal Club Westerlo
[3119670] Could not find attributes for kenny clark (Ebbsfleet United, 2018)
[3219086] Failed to build match row: Liverpool Football Club vs Arsenal Football Club
[3119670] Failed to build match row: Ebbsfleet United vs Cheltenham Town
[2329750] Could not find attributes for elimane coulibaly (KV Kortrijk, 2013)
[2368432] Could not find attributes for florin gardos (SC Fotbal Club FCSB SA, 2013)
[2329750] Failed to build match row: KV Kortrijk vs SK Beveren
rein Werder Bremen von 1899, 2014)
[3050246] Could not find attributes for etienne capoue (Watford FC, 2018)
[2368432] Failed to build match row: SC Fotbal Club FCSB SA vs FC Basel 1893 AG
[2460866] Failed to build match row: Sportverein Werder Bremen von 1899 vs 1. Fußball- und Sportverein Mainz 05
[3050246] Failed to build match row: Watford FC vs Association Football Club Bournemouth

Keepers & outfield error for **Real Betis Balompié S.A.D.** in Real Betis Balompié S.A.D. vs Futbol Club Barcelona: Numbers: 2 and 9.

Keepers & outfield error for **UC Sampdoria** in UC Sampdoria vs Genoa Cricket and Football Club: Numbers: 0 and 11.
[3224802] Could not find attributes for christian andersen (Nörresundby FB, 2019)
[3080846] Failed to build match row: Real Betis Balompié S.A.D. vs Futbol Club Barcelona
[2486593] Could not find attributes for niko kranjcar (Queens Park Rangers, 2014)
[2658021] Failed to build match row: Iraklis Thessaloniki vs Veria NPS
[2359232] Failed to build match row: UC Sampdoria vs Genoa Cricket and Football Club
[3224802] Failed to build match row: Nörresundby FB vs IF Lyseng
[2486593] Failed to build match row: Queens Park Rangers vs Leicester City
[2480856] Could not find attributes for guy haimov (Ironi Kiryat Shmona, 2014)
[2480856] Failed to build match row: Ironi Kiryat Shmona vs FK Dinamo Moskva
[3069997] Could not find attributes for iasmin latovlevici (Bursaspor, 2018)
[2494558] Could not find attributes for manuel curto (Lierse SK (- 2018), 2014)

Keepers & outfield error for **Futbol Club Barcelona** in Espanol vs Futbol Club Barcelona: Numbers: 2 and 9.
[2494558] Failed to build match row: Koninklijke Voetbal Club Westerlo vs Lierse SK (- 2018)
[3069997] Failed to build match row: Bursaspor vs Göztepe Sportif Yatırımlar A.Ş.
[2986460] Could not find attributes for harry cochrane (Heart of Midlothian Football Club, 2017)
[2475342] Could not find attributes for loukas vyntra (Levante Unión Deportiva S.A.D., 2014)
[2719053] Failed to build match row: Espanol vs Futbol Club Barcelona
[2451924] Could not find attributes for jack leitch (Motherwell Football Club, 2013)
[2928248] Could not find attributes for hobie verhulst (Football Club Volendam, 2017)
[2475342] Failed to build match row: Club Atlético de Madrid S.A.D. vs Levante Unión Deportiva S.A.D.
[2986460] Failed to build match row: Rangers Football Club vs Heart of Midlothian Football Club
[2451924] Failed to build match row: Dundee United Football Club vs Motherwell Football Club
[3210347] Could not find attributes for alexander juel andersen (Odense Boldklub, 2019)
[2928248] Failed to build match row: Football Club Volendam vs Eindhovense Voetbalvereniging Philips Sport Vereniging
[3093521] Could not find attributes for zeca (Football Club København, 2018)
[3210347] Failed to build match row: Fodbold Club Midtjylland vs Odense Boldklub
[2329751] Could not find attributes for elimane coulibaly (KV Kortrijk, 2013)
[2329751] Failed to build match row: Lierse SK (- 2018) vs KV Kortrijk
[3093521] Failed to build match row: Atalanta Bergamasca Calcio S.p.a. vs Football Club København
[2587326] Could not find attributes for gideon baah (HJK Helsinki, 2015)
[2604536] Could not find attributes for sasa balic (AS Ardealul Tg. Mures (- 2018), 2015)
[3376128] Could not find attributes for Nikita Borisov (Shakhter Peshelan, 2014)
[2587326] Failed to build match row: HJK Helsinki vs JFK Ventspils
[3376128] Failed to build match row: Shakhter Peshelan vs Volga Uljanovsk
[2875206] Could not find attributes for zeca (Football Club København, 2017)
[2604536] Failed to build match row: AS Ardealul Tg. Mures (- 2018) vs AS Saint-Étienne
[2320451] Could not find attributes for christopher sander (SV Lippstadt 08, 2013)
[2875206] Failed to build match row: Football Club København vs Fodbold Club Nordsjælland
[2320451] Failed to build match row: SV Lippstadt 08 vs Bayer 04 Leverkusen Fußball

Keepers & outfield error for **CS Marítimo** in CS Marítimo vs CD Feirense: Numbers: 3 and 8.
[2633801] Could not find attributes for igor de camargo (Koninklijke Racing Club Genk, 2015)
[2818547] Could not find attributes for andrey gorbunov (APS Atromitos Athinon, 2016)
[2614377] Could not find attributes for gianmarco vannucchi (US Alessandria Calcio 1912, 2015)
[2818547] Failed to build match row: Olympiakos Syndesmos Filathlon Peiraios vs APS Atromitos Athinon
[2633801] Failed to build match row: Koninklijke Racing Club Genk vs Royal Excel Mouscron (-2022)
[2614377] Failed to build match row: Palermo FC vs US Alessandria Calcio 1912
[2884478] Failed to build match row: CS Marítimo vs CD Feirense
[3119671] Could not find attributes for yado mambo (Hampton & Richmond Borough, 2018)
[3119671] Failed to build match row: Hampton & Richmond Borough vs Oldham Athletic

Keepers & outfield error for **Sporting Clube de Braga** in Sporting Clube de Braga vs SC Olhanense: Numbers: 0 and 11.
[2340302] Failed to build match row: Sporting Clube de Braga vs SC Olhanense

Keepers & outfield error for **Aston Villa Football Club** in Aston Villa Football Club vs West Bromwich Albion: Numbers: 0 and 11.
[2540193] Failed to build match row: Aston Villa Football Club vs West Bromwich Albion

Keepers & outfield error for **Deportivo de La Coruña** in Club Atlético Osasuna vs Deportivo de La Coruña: Numbers: 2 and 9.
[2658022] Could not find attributes for theodoros moschonas (APO Levadiakos Football Club, 2015)
[2460867] Could not find attributes for christian schulz (Hannover 96, 2014)
[2719054] Failed to build match row: Club Atlético Osasuna vs Deportivo de La Coruña
[3093522] Could not find attributes for zeca (Football Club København, 2018)
[2658022] Failed to build match row: APO Levadiakos Football Club vs AO Platanias
[2460867] Failed to build match row: Eintracht Frankfurt Fußball AG vs Hannover 96
[3050248] Could not find attributes for danny ings (Southampton FC, 2018)

Keepers & outfield error for **AO FK Zenit Sankt-Peterburg** in AO FK Zenit Sankt-Peterburg vs PFK CSKA Moskva: Numbers: 2 and 9.
[3093522] Failed to build match row: Football Club København vs Atalanta Bergamasca Calcio S.p.a.
[3050248] Failed to build match row: Association Football Club Bournemouth vs Southampton FC
[2725457] Failed to build match row: AO FK Zenit Sankt-Peterburg vs PFK CSKA Moskva
[3224804] Could not find attributes for mikkel bruhn (FC Helsingör, 2019)
[3069998] Could not find attributes for ondrej celustka (Antalyaspor, 2018)
[2903797] Could not find attributes for lewis moore (Heart of Midlothian Football Club, 2017)
[3224804] Failed to build match row: FC Helsingör vs Akademisk Boldklub
[3069998] Failed to build match row: Antalyaspor vs Yeni Malatyaspor
[2903797] Failed to build match row: Heart of Midlothian Football Club vs Motherwell Football Club
[2512845] Could not find attributes for damien dussaut (Royal Standard Club de Liège, 2014)
[2475343] Could not find attributes for ion ansotegi (Real Sociedad de Fútbol S.A.D., 2014)
[2451925] Could not find attributes for erik cikos (Ross County FC, 2013)
[2512845] Failed to build match row: Royal Standard Club de Liège vs KSC Lokeren (- 2020)

Keepers & outfield error for **Portimonense SC** in Portimonense SC vs Moreirense Futebol Clube: Numbers: 0 and 11.
[2475343] Failed to build match row: Real Sociedad de Fútbol S.A.D. vs Futbol Club Barcelona
[2451925] Failed to build match row: Ross County FC vs Kilmarnock Football Club
[2480857] Could not find attributes for dmitriy shomko (FC Astana, 2014)
[2928249] Could not find attributes for lars hutten (Fortuna Sittardia Combinatie, 2017)
[2884479] Failed to build match row: Portimonense SC vs Moreirense Futebol Clube
[3164020] Could not find attributes for jake mulraney (Heart of Midlothian Football Club, 2018)
[2480857] Failed to build match row: Allmänna Idrottsklubben vs FC Astana

Keepers & outfield error for **Barnet FC** in Barnet FC vs Fleetwood Town: Numbers: 0 and 11.
[2587327] Could not find attributes for juan pablo colinas (Maccabi Tel Aviv, 2015)
[3164020] Failed to build match row: Heart of Midlothian Football Club vs Partick Thistle FC
[2928249] Failed to build match row: Fortuna Sittardia Combinatie vs Go Ahead Eagles
[2604537] Could not find attributes for sasa balic (AS Ardealul Tg. Mures (- 2018), 2015)
[3276875] Failed to build match row: Barnet FC vs Fleetwood Town
[2604537] Failed to build match row: AS Saint-Étienne vs AS Ardealul Tg. Mures (- 2018)
[3376129] Could not find attributes for vitaliy astakhov (Syzran-2003, 2014)
[2986462] Could not find attributes for genseric kusunga (Dundee Football Club, 2017)
[3376129] Failed to build match row: Syzran-2003 vs Lada Togliatti
[2587327] Failed to build match row: Maccabi Tel Aviv vs Hibernians FC
Not enough players found for lineup: 0, 0.
[2986462] Failed to build match row: The Celtic Football Club vs Dundee Football Club
[2871732] Could not find attributes for sejad salihovic (Hamburger Sport Verein, 2017)
[2340303] Failed to scrape lineup: https://www.transfermarkt.co.uk/vitoria-setubal-fc_academica-coimbra/index/spielbericht/2340303
[2871732] Failed to build match row: Bayer 04 Leverkusen Fußball vs Hamburger Sport Verein
[2818548] Could not find attributes for branislav nikic (AOK Kerkyra, 2016)
rid S. A. D., 2016)
[2818548] Failed to build match row: AOK Kerkyra vs AO Xanthi
[2762833] Failed to build match row: Rayo Vallecano de Madrid S. A. D. vs Gimnàstic de Tarragona
[2614378] Could not find attributes for raffaele palladino (FC Crotone, 2015)
[2320452] Could not find attributes for daniel flottmann (SC Fortuna Köln, 2013)
[2614378] Failed to build match row: Associazione Calcio Milan vs FC Crotone
[2320452] Failed to build match row: SC Fortuna Köln vs 1. Fußball- und Sportverein Mainz 05

Keepers & outfield error for **Olympiakos Syndesmos Filathlon Peiraios** in Olympiakos Syndesmos Filathlon Peiraios vs Panathinaikos Athlitikos Omilos: Numbers: 0 and 11.
[2494559] Failed to scrape lineup: https://www.transfermarkt.co.uk/kvrs-waasland-sk-beveren_standard-liege/index/spielbericht/2494559
[2658023] Failed to build match row: Olympiakos Syndesmos Filathlon Peiraios vs Panathinaikos Athlitikos Omilos
[3276876] Failed to scrape lineup: https://www.transfermarkt.co.uk/spielbericht/index/spielbericht/3276876
[2704308] Could not find attributes for matthias lehmann (1. Fußball-Club Köln, 2016)
[2704308] Failed to build match row: 1. Fußball-Club Köln vs Hamburger Sport Verein
[3210349] Could not find attributes for mo dauda (Esbjerg fB, 2019)

Keepers & outfield error for **Getafe Club de Fútbol S. A. D. Team Dubai** in Getafe Club de Fútbol S. A. D. Team Dubai vs Celta: Numbers: 2 and 9.
[2594723] Failed to build match row: Getafe Club de Fútbol S. A. D. Team Dubai vs Celta
[3210349] Failed to build match row: AC Horsens vs Esbjerg fB
in UC Sampdoria vs Verona Hellas Football Club: Numbers: 0 and 11.
[2897333] Failed to build match row: UC Sampdoria vs Verona Hellas Football Club
[2818549] Failed to scrape lineup: https://www.transfermarkt.co.uk/ao-platanias_pae-veria/index/spielbericht/2818549
[3069999] Could not find attributes for ante kulusic (MKE Ankaragücü, 2018)
[2460869] Failed to scrape lineup: https://www.transfermarkt.co.uk/bayern-munich_eintracht-frankfurt/index/spielbericht/2460869
[3069999] Failed to build match row: MKE Ankaragücü vs Sivasspor
[3093523] Could not find attributes for aleksandr anyukov (AO FK Zenit Sankt-Peterburg, 2018)
[3093523] Failed to build match row: AO FK Zenit Sankt-Peterburg vs Molde Fotballklubb

Keepers & outfield error for **Rangers Football Club** in Rangers Football Club vs Aberdeen Football Club: Numbers: 2 and 9.
[2368436] Failed to scrape lineup: https://www.transfermarkt.co.uk/spielbericht/index/spielbericht/2368436
[3164021] Failed to build match row: Rangers Football Club vs Aberdeen Football Club
[2875208] Could not find attributes for herolind shala (Lyngby Boldklub, 2017)
[3244661] Failed to scrape lineup: https://www.transfermarkt.co.uk/spielbericht/index/spielbericht/3244661
[2342576] Failed to scrape lineup: https://www.transfermarkt.co.uk/vitesse-arnhem_heracles-almelo/index/spielbericht/2342576
[2986463] Could not find attributes for harry cochrane (Heart of Midlothian Football Club, 2017)
[2875208] Failed to build match row: Lyngby Boldklub vs Aalborg BK
[2986463] Failed to build match row: Heart of Midlothian Football Club vs Kilmarnock Football Club
[3224808] Could not find attributes for mikkel konnerup (Jammerbugt FC, 2019)
[3224808] Failed to build match row: Jammerbugt FC vs Viborg Fodsports Forening

Keepers & outfield error for **Associazione Calcio Fiorentina** in Atalanta Bergamasca Calcio S.p.a. vs Associazione Calcio Fiorentina: Numbers: 0 and 11.
[2359235] Failed to build match row: Atalanta Bergamasca Calcio S.p.a. vs Associazione Calcio Fiorentina
[3119672] Could not find attributes for adriano moke (York City, 2018)
[3119672] Failed to build match row: Swindon Town vs York City
[2486596] Could not find attributes for anthony reveillere (Sunderland Association Football Club, 2014)
Not enough players found for lineup: 0, 11.
[3376130] Could not find attributes for valeriy sorokin (Nosta Novotroitsk, 2014)
[2512846] Could not find attributes for faris haroun (Cercle Brugge Koninklijke Sportvereniging, 2014)
[2486596] Failed to build match row: Sunderland Association Football Club vs Chelsea Football Club
[2512846] Failed to build match row: Cercle Brugge Koninklijke Sportvereniging vs SK Beveren
[3376130] Failed to build match row: Nosta Novotroitsk vs FK Chelyabinsk
[2587328] Could not find attributes for tome pacovski (Vardar Skopje, 2015)
[3276877] Failed to scrape lineup: https://www.transfermarkt.co.uk/spielbericht/index/spielbericht/3276877
[2587328] Failed to build match row: Vardar Skopje vs APOEL Nicosia
[2480858] Could not find attributes for artur kotenko (Shakhter Soligorsk, 2014)

Keepers & outfield error for **Aarhus Gymnastik Forening** in Aarhus Gymnastik Forening vs Fodbold Club Nordsjælland: Numbers: 0 and 11.

Keepers & outfield error for **Córdoba CF** in Córdoba CF vs Granada CF: Numbers: 0 and 11.
[2604690] Could not find attributes for alessandro castellana (AC Reggiana 1919, 2015)
[2475344] Failed to build match row: Córdoba CF vs Granada CF
[2480858] Failed to build match row: Shakhter Soligorsk vs Sportvereniging Zulte Waregem
[2604690] Failed to build match row: AC Reggiana 1919 vs AC Delta Rovigo
[3210350] Failed to build match row: Aarhus Gymnastik Forening vs Fodbold Club Nordsjælland
[2818550] Could not find attributes for vasilios barkas (Athlitiki Enosi Konstantinoupoleos, 2016)
[2494560] Could not find attributes for boban bajkovic (Lierse SK (- 2018), 2014)
[2494560] Failed to build match row: Royal Standard Club de Liège vs Lierse SK (- 2018)
[2818550] Failed to build match row: Athlitiki Enosi Konstantinoupoleos vs Panthessalonikios Athlitikos Omilos Konstantinoupoliton
[3093524] Could not find attributes for aleksandr anyukov (AO FK Zenit Sankt-Peterburg, 2018)
[2594724] Could not find attributes for daniele bonera (Villarreal Club de Fútbol S.A.D., 2015)
[3080849] Could not find attributes for martin braithwaite (CD Leganés, 2018)
[2704309] Could not find attributes for gojko kacar (Fußball-Club Augsburg 1907, 2016)
[3080849] Failed to build match row: CD Leganés vs Girona Fútbol Club S. A. D.

Keepers & outfield error for **Vitória Setúbal FC** in Desportivo Aves (- 2020) vs Vitória Setúbal FC: Numbers: 3 and 8.
[3093524] Failed to build match row: Molde Fotballklubb vs AO FK Zenit Sankt-Peterburg
[2594724] Failed to build match row: Villarreal Club de Fútbol S.A.D. vs Levante Unión Deportiva S.A.D.
[2658024] Could not find attributes for aristidis soiledis (Athlitiki Enosi Konstantinoupoleos, 2015)
[2581235] Could not find attributes for stephan andersen (Football Club København, 2015)
Not enough players found for lineup: 0, 11.
[2658024] Failed to build match row: Athlitiki Enosi Konstantinoupoleos vs Panthrakikos Komotini
[2704309] Failed to build match row: Fußball-Club Augsburg 1907 vs FC Bayern München
[3224809] Failed to scrape lineup: https://www.transfermarkt.co.uk/spielbericht/index/spielbericht/3224809
[2928250] Failed to build match row: Almere City FC vs Alkmaar Zaanstreek
[2581235] Failed to build match row: Football Club København vs Aarhus Gymnastik Forening
[2884480] Failed to build match row: Desportivo Aves (- 2020) vs Vitória Setúbal FC
[2340304] Could not find attributes for cristian ceballos (Futebol Clube de Arouca, 2013)
[2340304] Failed to build match row: Futebol Clube de Arouca vs CS Marítimo
[2320453] Could not find attributes for rico morack (TSG Neustrelitz, 2013)
[2320453] Failed to build match row: TSG Neustrelitz vs Sport-Club Freiburg
Not enough players found for lineup: 0, 0.
[2762834] Could not find attributes for zakarya bergdich (Córdoba CF, 2016)
[3165153] Could not find attributes for vangelis pavlidis (Willem II Tilburg, 2018)
[2614379] Could not find attributes for andrej modic (LR Vicenza, 2015)
[3165153] Failed to build match row: Willem II Tilburg vs AFC Ajax Amsterdam
[2762834] Failed to build match row: Cádiz CF vs Córdoba CF
[3376131] Failed to scrape lineup: https://www.transfermarkt.co.uk/spielbericht/index/spielbericht/3376131
[2614379] Failed to build match row: AC Carpi vs LR Vicenza
[3093525] Failed to scrape lineup: https://www.transfermarkt.co.uk/spielbericht/index/spielbericht/3093525
[2704310] Failed to scrape lineup: https://www.transfermarkt.co.uk/sv-werder-bremen_sc-freiburg/index/spielbericht/2704310

Keepers & outfield error for **Everton Football Club** in Everton Football Club vs Crystal Palace Football Club: Numbers: 2 and 9.
[2903800] Could not find attributes for ross mccrorie (Rangers Football Club, 2017)
[3219091] Could not find attributes for patrick van aanholt (Crystal Palace Football Club, 2019)
[3050251] Failed to build match row: Everton Football Club vs Crystal Palace Football Club
[2903800] Failed to build match row: Rangers Football Club vs Ross County FC
[3219091] Failed to build match row: Sheffield United vs Crystal Palace Football Club
[3224815] Failed to scrape lineup: https://www.transfermarkt.co.uk/spielbericht/index/spielbericht/3224815
[3244662] Could not find attributes for matvey safonov (FK Krasnodar, 2019)
[3244662] Failed to build match row: Olympiakos Syndesmos Filathlon Peiraios vs FK Krasnodar

Keepers & outfield error for **Charlton Athletic** in Mansfield Town vs Charlton Athletic: Numbers: 2 and 9.
[3119673] Failed to build match row: Mansfield Town vs Charlton Athletic
[2587329] Could not find attributes for roy chipolina (Lincoln Red Imps FC, 2015)
[2587329] Failed to build match row: Lincoln Red Imps FC vs Fodbold Club Midtjylland
[2452012] Could not find attributes for bertrand traore (Vitesse Arnhem, 2013)
[2340305] Could not find attributes for gege (CS Marítimo, 2013)
[3276878] Could not find attributes for james belshaw (Harrogate Town, 2019)
[2340305] Failed to build match row: CS Marítimo vs Clube Desportivo Nacional
[2452012] Failed to build match row: Vitesse Arnhem vs Go Ahead Eagles
[2871734] Could not find attributes for julian korb (Hannover 96, 2017)
[2460871] Could not find attributes for roel brouwers (Mönchengladbach, 2014)
[2460871] Failed to build match row: Mönchengladbach vs Borussia Dortmund
Not enough players found for lineup: 0, 0.
[2871734] Failed to build match row: Hannover 96 vs 1. Fußball-Club Köln
[3376133] Failed to scrape lineup: https://www.transfermarkt.co.uk/spielbericht/index/spielbericht/3376133

Keepers & outfield error for **KAS Eupen** in Club Brugge Koninklijke Voetbalvereniging vs KAS Eupen: Numbers: 2 and 9.
[2480859] Could not find attributes for christoph riegler (SKN St. Pölten, 2014)
[2818551] Could not find attributes for stanislav namasco (APO Levadiakos Football Club, 2016)

Keepers & outfield error for **SPAL** in SPAL vs Associazione Calcio Milan: Numbers: 2 and 9.
[3059302] Failed to build match row: Club Brugge Koninklijke Voetbalvereniging vs KAS Eupen

Keepers & outfield error for **Manchester City Football Club** in PFK CSKA Moskva vs Manchester City Football Club: Numbers: 2 and 9.
[2604788] Could not find attributes for aleksandr gutor (Dinamo Minsk, 2015)
[2480859] Failed to build match row: SKN St. Pölten vs Eindhovense Voetbalvereniging Philips Sport Vereniging
[2897336] Failed to build match row: SPAL vs Associazione Calcio Milan

Keepers & outfield error for **Rayo Vallecano de Madrid S. A. D.** in Getafe Club de Fútbol S. A. D. Team Dubai vs Rayo Vallecano de Madrid S. A. D.: Numbers: 0 and 11.
[2604788] Failed to build match row: FC Zürich vs Dinamo Minsk
[2368438] Failed to build match row: PFK CSKA Moskva vs Manchester City Football Club
[3210351] Could not find attributes for imed louati (Hobro IK, 2019)
.G.S Asteras Tripolis
[2475345] Failed to build match row: Getafe Club de Fútbol S. A. D. Team Dubai vs Rayo Vallecano de Madrid S. A. D.
[3210351] Failed to build match row: Lyngby Boldklub vs Hobro IK

Keepers & outfield error for **CF Os Belenenses** in CF Os Belenenses vs Futebol Clube do Porto: Numbers: 0 and 11.
[2719056] Could not find attributes for andreas pereira (Granada CF, 2016)
[3165651] Could not find attributes for sergey pesjakov (FK Rostov, 2018)
[2633805] Could not find attributes for danijel milicevic (Koninklijke Atletiek Associatie Gent, 2015)

Keepers & outfield error for **UC Sampdoria** in Cagliari Calcio vs UC Sampdoria: Numbers: 0 and 11.
[2359237] Failed to build match row: Cagliari Calcio vs UC Sampdoria
[2719056] Failed to build match row: Real Sociedad de Fútbol S.A.D. vs Granada CF
[3165651] Failed to build match row: Футбольный клуб "Локомотив" Москва vs FK Rostov
[2633805] Failed to build match row: Koninklijke Atletiek Associatie Gent vs KV Oostende
[2332238] Could not find attributes for nabil bentaleb (Tottenham Hotspur Football Club, 2013)
[2884481] Failed to build match row: CF Os Belenenses vs Futebol Clube do Porto
[2332238] Failed to build match row: Tottenham Hotspur Football Club vs Crystal Palace Football Club
[2658025] Could not find attributes for michalis zaropoulos (AO Xanthi, 2015)
[2732197] Could not find attributes for danijel milicevic (Koninklijke Atletiek Associatie Gent, 2016)
[2928251] Could not find attributes for ferdi kadioglu (Nijmegen Eendracht Combinatie, 2017)
Not enough players found for lineup: 0, 11.
car copa (KSC Lokeren (- 2020), 2014)
[2658025] Failed to build match row: AO Xanthi vs APO Levadiakos Football Club
 vs Koninklijke Atletiek Associatie Gent
[2928251] Failed to build match row: Nijmegen Eendracht Combinatie vs Achilles '29
[2494562] Failed to build match row: Koninklijke Atletiek Associatie Gent vs KSC Lokeren (- 2020)
[2897337] Failed to scrape lineup: https://www.transfermarkt.co.uk/torino-fc_udinese-calcio/index/spielbericht/2897337
[2340306] Failed to scrape lineup: https://www.transfermarkt.co.uk/gil-vicente-fc_sporting-cp/index/spielbericht/2340306
[2762835] Could not find attributes for haythem jouini (CD Tenerife, 2016)
[2320454] Failed to build match row: BFC Dynamo vs Verein für Bewegungsspiele Stuttgart 1893
[2762835] Failed to build match row: Real Valladolid CF vs CD Tenerife
[2614473] Could not find attributes for mathias rosenorn (Brabrand IF, 2015)
[2614473] Failed to build match row: Brabrand IF vs Fodbold Club Fredericia
[2587330] Could not find attributes for armantas vitkauskas (FK Zalgiris Vilnius, 2015)
[2587330] Failed to build match row: FK Zalgiris Vilnius vs Malmö Fotbollförening
[2725460] Could not find attributes for aritm (FK Krasnodar, 2016)
[2725460] Failed to build match row: FK Spartak Moskva vs FK Krasnodar
[2884482] Failed to scrape lineup: https://www.transfermarkt.co.uk/sl-benfica_vitoria-guimaraes-sc/index/spielbericht/2884482
[2719057] Failed to scrape lineup: https://www.transfermarkt.co.uk/malaga-cf_sevilla-fc/index/spielbericht/2719057
[2544476] Failed to scrape lineup: https://www.transfermarkt.co.uk/spielbericht/index/spielbericht/2544476

Keepers & outfield error for **Arsenal Football Club** in Arsenal Football Club vs Southampton FC: Numbers: 0 and 11.
[2903802] Could not find attributes for lewis moore (Heart of Midlothian Football Club, 2017)
[2486599] Failed to build match row: Arsenal Football Club vs Southampton FC
[2903802] Failed to build match row: Heart of Midlothian Football Club vs Dundee Football Club
[3244663] Could not find attributes for stanislav kritsyuk (FK Krasnodar, 2019)
[3244663] Failed to build match row: FK Krasnodar vs Olympiakos Syndesmos Filathlon Peiraios
[3210352] Could not find attributes for zeca (Football Club København, 2019)
[3119674] Could not find attributes for jean yves koue niate (Torquay United, 2018)
[2452013] Could not find attributes for iliass bel hassani (Heracles Almelo, 2013)
[3210352] Failed to build match row: Brøndby Idrætsforening vs Football Club København

Keepers & outfield error for **Fußball-Club Augsburg 1907** in Verein für Bewegungsspiele Stuttgart 1893 vs Fußball-Club Augsburg 1907: Numbers: 2 and 9.
[2452013] Failed to build match row: Heracles Almelo vs AFC Ajax Amsterdam
[3119674] Failed to build match row: Torquay United vs Woking FC
[2875211] Could not find attributes for zeca (Football Club København, 2017)
[2871735] Failed to build match row: Verein für Bewegungsspiele Stuttgart 1893 vs Fußball-Club Augsburg 1907
Not enough players found for lineup: 0, 0.

Keepers & outfield error for **Espanol** in Espanol vs SD Eibar: Numbers: 2 and 9.
[2875211] Failed to build match row: Aalborg BK vs Football Club København
[2340307] Failed to scrape lineup: https://www.transfermarkt.co.uk/sc-olhanense_rio-ave-fc/index/spielbericht/2340307
[2475346] Failed to build match row: Espanol vs SD Eibar
[3376134] Could not find attributes for mikhail andreev (Lokomotiv Liski, 2014)
[3376134] Failed to build match row: Lokomotiv Liski vs Znamya Truda Orekhovo-Zuevo
[3203536] Could not find attributes for yuya osako (Sportverein Werder Bremen von 1899, 2019)
[2986467] Could not find attributes for andy halliday (Rangers Football Club, 2017)
[3277192] Could not find attributes for stef brummel (VV IJsselmeervogels, 2019)
[2986467] Failed to build match row: St. Johnstone FC vs Rangers Football Club
[3203536] Failed to build match row: Sportverein Werder Bremen von 1899 vs FC Schalke 04
[3277192] Failed to build match row: VV IJsselmeervogels vs VV SteDoCo
Not enough players found for lineup: 11, 0.
[3093526] Could not find attributes for mikel gonzalez (AEK Larnaca, 2018)
[2587331] Failed to scrape lineup: https://www.transfermarkt.co.uk/spielbericht/index/spielbericht/2587331
[3093526] Failed to build match row: AEK Larnaca vs AS Trencin
[3070001] Could not find attributes for jose sosa (Trabzonspor Kulübü, 2018)
[3070001] Failed to build match row: Trabzonspor Kulübü vs Beşiktaş Jimnastik Kulübü
[2512849] Could not find attributes for antonio milic (KV Oostende, 2014)
[2512849] Failed to build match row: KV Oostende vs KV Kortrijk
[2818552] Could not find attributes for cyril kali (Veria NPS, 2016)
[2658026] Could not find attributes for stelios marangos (Veria NPS, 2015)
[2359238] Could not find attributes for tiberio guarente (Catania FC, 2013)
[2480860] Could not find attributes for maksime kvilitaia (Chikhura Sachkhere, 2014)
[2818552] Failed to build match row: Veria NPS vs AOK Kerkyra
[2658026] Failed to build match row: Veria NPS vs AO Platanias
[2359238] Failed to build match row: Catania FC vs Parma Calcio 1913
[2480860] Failed to build match row: Chikhura Sachkhere vs Neftchi Baku
[2460873] Could not find attributes for christian schulz (Hannover 96, 2014)

Keepers & outfield error for **Aarhus Gymnastik Forening** in Randers Fodbold Club vs Aarhus Gymnastik Forening: Numbers: 0 and 11.
[2460873] Failed to build match row: Hannover 96 vs Hertha BSC
[2903803] Could not find attributes for ross mccrorie (Rangers Football Club, 2017)
[3210353] Failed to build match row: Randers Fodbold Club vs Aarhus Gymnastik Forening
[2320455] Could not find attributes for cem cetinkaya (SC Victoria Hamburg, 2013)
[2903803] Failed to build match row: Hibernian Football Club vs Rangers Football Club

Keepers & outfield error for **Alaves** in Alaves vs Athletic Club Bilbao: Numbers: 2 and 9.
[2320455] Failed to build match row: SC Victoria Hamburg vs Hannover 96

Keepers & outfield error for **Royal Sporting Club Anderlecht** in Sportvereniging Zulte Waregem vs Royal Sporting Club Anderlecht: Numbers: 0 and 11.
[2719058] Failed to build match row: Alaves vs Athletic Club Bilbao
[3244664] Could not find attributes for oleg kudryk (Karpaty Lviv (-2021), 2019)
[2494564] Failed to build match row: Sportvereniging Zulte Waregem vs Royal Sporting Club Anderlecht
[2342580] Could not find attributes for christian kum (Sportclub Heerenveen, 2013)
[3244664] Failed to build match row: Futbolniy Klub Dynamo Kyiv vs Karpaty Lviv (-2021)
[2544477] Could not find attributes for alexander schwolow (Arminia Bielefeld, 2014)
[2342580] Failed to build match row: Nooit Opgeven Altijd Doorzetten Aangenaam Door Vermaak En Nuttig Door Ontspanning Combinatie Breda vs Sportclub Heerenveen
Not enough players found for lineup: 0, 0.
[3224816] Could not find attributes for lukas talbro (Dalum IF, 2019)
[3224816] Failed to build match row: Dalum IF vs Kolding IF

Keepers & outfield error for **Wolverhampton Wanderers Football Club** in Wolverhampton Wanderers Football Club vs Manchester United Football Club: Numbers: 0 and 11.

Keepers & outfield error for **1. Fußball- und Sportverein Mainz 05** in Turn- und Sportgemeinschaft 1899 Hoffenheim Fußball-Spielbetriebs vs 1. Fußball- und Sportverein Mainz 05: Numbers: 2 and 9.
[3376135] Failed to scrape lineup: https://www.transfermarkt.co.uk/spielbericht/index/spielbericht/3376135
[2544477] Failed to build match row: Arminia Bielefeld vs Mönchengladbach
[3219094] Failed to build match row: Wolverhampton Wanderers Football Club vs Manchester United Football Club
[2512850] Could not find attributes for faris haroun (Cercle Brugge Koninklijke Sportvereniging, 2014)
[3203537] Failed to build match row: Turn- und Sportgemeinschaft 1899 Hoffenheim Fußball-Spielbetriebs vs 1. Fußball- und Sportverein Mainz 05
[2512850] Failed to build match row: Royal Charleroi Sporting Club vs Cercle Brugge Koninklijke Sportvereniging

Keepers & outfield error for **Alaves** in Alaves vs Club Atlético de Madrid S.A.D.: Numbers: 2 and 9.
[2658027] Could not find attributes for zeca (Panathinaikos Athlitikos Omilos, 2015)
[2658027] Failed to build match row: Panathinaikos Athlitikos Omilos vs Iraklis Thessaloniki
[3080852] Failed to build match row: Alaves vs Club Atlético de Madrid S.A.D.
[3210354] Could not find attributes for alexander juel andersen (Odense Boldklub, 2019)
[3059304] Could not find attributes for ari freyr skulason (KSC Lokeren (- 2020), 2018)
[3059304] Failed to build match row: KSC Lokeren (- 2020) vs Koninklijke Racing Club Genk
[3210354] Failed to build match row: Odense Boldklub vs AC Horsens

Keepers & outfield error for **SC Olhanense** in SC Olhanense vs CF Os Belenenses: Numbers: 2 and 9.
[2763349] Could not find attributes for sebastiaan van der sman (SV TEC Tiel, 2016)
[2763349] Failed to build match row: SV TEC Tiel vs SC Cambuur Leeuwarden
[2614474] Could not find attributes for daniel jorgensen (Naestved Boldklub, 2015)
[2633807] Could not find attributes for reginal goreux (Royal Standard Club de Liège, 2015)
[2614474] Failed to build match row: Naestved Boldklub vs Fodbold Club Nordsjælland
[3119675] Could not find attributes for ike ugbo (Scunthorpe United, 2018)
[3277193] Could not find attributes for petar stoskovic (FC Dordrecht, 2019)
[2460874] Could not find attributes for janek sternberg (Sportverein Werder Bremen von 1899, 2014)
[2633807] Failed to build match row: Royal Charleroi Sporting Club vs Royal Standard Club de Liège
[3119675] Failed to build match row: Scunthorpe United vs Burton Albion
[2587332] Could not find attributes for vladimir loginovskiy (FC Astana, 2015)
[3277193] Failed to build match row: Heracles Almelo vs FC Dordrecht
[2875212] Could not find attributes for mohammad adnan (FC Helsingör, 2017)
[2986468] Could not find attributes for lewis spence (Dundee Football Club, 2017)
[2875212] Failed to build match row: FC Helsingör vs Lyngby Boldklub
[2460874] Failed to build match row: Verein für Bewegungsspiele Stuttgart 1893 vs Sportverein Werder Bremen von 1899
[2986468] Failed to build match row: Dundee Football Club vs St. Johnstone FC
[2587332] Failed to build match row: FC Astana vs NK Maribor
[3070002] Could not find attributes for karim hafez (Kasımpaşa A.Ş., 2018)
[3070002] Failed to build match row: Kasımpaşa A.Ş. vs Konyaspor
[2332241] Could not find attributes for nabil bentaleb (Tottenham Hotspur Football Club, 2013)
[2818553] Could not find attributes for gennadios xenodochof (Athlitiki Enosi Larisas, 2016)
[2332241] Failed to build match row: Swansea City vs Tottenham Hotspur Football Club
[2818553] Failed to build match row: Athlitiki Enosi Larisas vs Panetolikos Agrinio
Not enough players found for lineup: 0, 0.
[3165652] Could not find attributes for yaroslav godzyur (Ural Yekaterinburg, 2018)
[3165652] Failed to build match row: Ural Yekaterinburg vs Arsenal Tula
[2486601] Could not find attributes for kasper schmeichel (Leicester City, 2014)
dex/spielbericht/3376136
[2658028] Could not find attributes for dimitrios kyriakidis (Panetolikos Agrinio, 2015)

Keepers & outfield error for **CD Leganés** in CD Leganés vs Real Betis Balompié S.A.D.: Numbers: 2 and 9.
[2486601] Failed to build match row: Leicester City vs Liverpool Football Club
[2658028] Failed to build match row: Panetolikos Agrinio vs Athlitiki Enosi Konstantinoupoleos
[2719059] Failed to build match row: CD Leganés vs Real Betis Balompié S.A.D.
[2320456] Could not find attributes for sascha rausch (FC Nöttingen, 2013)
[2320456] Failed to build match row: FC Nöttingen vs FC Schalke 04
[2698390] Failed to scrape lineup: https://www.transfermarkt.co.uk/arsenal-fc_watford-fc/index/spielbericht/2698390

Keepers & outfield error for **Verona Hellas Football Club** in Società Sportiva Lazio S.p.A. vs Verona Hellas Football Club: Numbers: 0 and 11.
[2903804] Could not find attributes for deimantas petravicius (Motherwell Football Club, 2017)
Not enough players found for lineup: 11, 0.
[2897341] Failed to build match row: Società Sportiva Lazio S.p.A. vs Verona Hellas Football Club
[2903804] Failed to build match row: Partick Thistle FC vs Motherwell Football Club
[2604790] Failed to scrape lineup: https://www.transfermarkt.co.uk/spielbericht/index/spielbericht/2604790
[3244665] Could not find attributes for yuriy pankiv (FC Oleksandriya, 2019)
[3244665] Failed to build match row: FC Shakhtar Donetsk vs FC Oleksandriya
Not enough players found for lineup: 0, 0.
[2633808] Could not find attributes for tomislav kis (KV Kortrijk, 2015)
[2633808] Failed to build match row: St Truiden vs KV Kortrijk
[2340309] Failed to scrape lineup: https://www.transfermarkt.co.uk/fc-pacos-de-ferreira_gil-vicente-fc/index/spielbericht/2340309
[3203539] Could not find attributes for vladimir darida (Hertha BSC, 2019)
[3203539] Failed to build match row: Fußball-Club Augsburg 1907 vs Hertha BSC
[3165653] Could not find attributes for sergey pesjakov (FK Rostov, 2018)
[3224817] Could not find attributes for jeppe algaard (Odense KS, 2019)
[2818554] Could not find attributes for andrey gorbunov (APS Atromitos Athinon, 2016)

Keepers & outfield error for **RasenBallsport Leipzig** in RasenBallsport Leipzig vs 1. Fußball-Club Köln: Numbers: 0 and 11.
[2818554] Failed to build match row: APS Atromitos Athinon vs Athlitiki Enosi Konstantinoupoleos
[3165653] Failed to build match row: FK Rostov vs Футбольный клуб "Локомотив" Москва
[2871756] Failed to build match row: RasenBallsport Leipzig vs 1. Fußball-Club Köln
[3224817] Failed to build match row: Odense KS vs FC Sydvest 05
[3210356] Could not find attributes for imed louati (Hobro IK, 2019)
[2928252] Could not find attributes for nils den hartog (Kozakken Boys, 2017)
[3210356] Failed to build match row: Hobro IK vs Aalborg BK
[2614480] Could not find attributes for jeppe kirk (Boldklubben Marienlyst, 2015)

Keepers & outfield error for **Royal Sporting Club Anderlecht** in Royal Sporting Club Anderlecht vs Lierse SK (- 2018): Numbers: 0 and 11.
[2928252] Failed to build match row: Prins Hendrik Ende Desespereert Nimmer Combinatie Zwolle vs Kozakken Boys
[2512852] Failed to build match row: Royal Sporting Club Anderlecht vs Lierse SK (- 2018)
[2480861] Could not find attributes for ionut larie (Fotbal Club CFR 1907 Cluj SA, 2014)
[2480861] Failed to build match row: Fotbal Club CFR 1907 Cluj SA vs Dinamo Minsk
[2614480] Failed to build match row: Boldklubben Marienlyst vs Viborg Fodsports Forening
[2719060] Could not find attributes for florian lejeune (SD Eibar, 2016)
 Celta: Numbers: 0 and 11.
[2452078] Failed to scrape lineup: https://www.transfermarkt.co.uk/st-mirren-fc_ross-county-fc/index/spielbericht/2452078

Keepers & outfield error for **KAS Eupen** in KAS Eupen vs Royal Charleroi Sporting Club: Numbers: 2 and 9.
[2719060] Failed to build match row: Club Atlético de Madrid S.A.D. vs SD Eibar
[2475348] Failed to build match row: Sevilla Fútbol Club S.A.D. vs Celta
Not enough players found for lineup: 0, 0.
[2587333] Could not find attributes for thomas hym (CS Fola Esch, 2015)
[3059306] Failed to build match row: KAS Eupen vs Royal Charleroi Sporting Club
[3277194] Could not find attributes for sven van der maaten (Sportclub Telstar, 2019)
[3376137] Failed to scrape lineup: https://www.transfermarkt.co.uk/spielbericht/index/spielbericht/3376137
[2340310] Failed to scrape lineup: https://www.transfermarkt.co.uk/vitoria-guimaraes-sc_fc-pacos-de-ferreira/index/spielbericht/2340310
[3277194] Failed to build match row: Sportclub Telstar vs AFC Ajax Amsterdam
[2986470] Could not find attributes for harry cochrane (Heart of Midlothian Football Club, 2017)
[2986470] Failed to build match row: Hibernian Football Club vs Heart of Midlothian Football Club
[2763350] Failed to build match row: ADO Den Haag vs Sportclub Telstar
[2658029] Could not find attributes for miguel vitor (Panthessalonikios Athlitikos Omilos Konstantinoupoliton, 2015)
[2604903] Could not find attributes for vladimir plotnikov (Kairat Almaty, 2015)
[2658029] Failed to build match row: Panthessalonikios Athlitikos Omilos Konstantinoupoliton vs AEL Kalloni
[2604903] Failed to build match row: Kairat Almaty vs Aberdeen Football Club

Keepers & outfield error for **Villarreal Club de Fútbol S.A.D.** in Celta vs Villarreal Club de Fútbol S.A.D.: Numbers: 2 and 9.
[3244666] Could not find attributes for yevgen galchuk (FK Mariupol, 2019)
[3080854] Failed to build match row: Celta vs Villarreal Club de Fútbol S.A.D.
Not enough players found for lineup: 0, 11.
[3244666] Failed to build match row: FK Mariupol vs FK Kolos Kovalivka
[2614481] Failed to scrape lineup: https://www.transfermarkt.co.uk/spielbericht/index/spielbericht/2614481
[2818555] Could not find attributes for andreas gianniotis (Panionios Athens, 2016)
[2818555] Failed to build match row: Panthessalonikios Athlitikos Omilos Konstantinoupoliton vs Panionios Athens
[2320457] Could not find attributes for marcus hesse (VfR Neumünster, 2013)
[2871757] Could not find attributes for nils petersen (Sport-Club Freiburg, 2017)
[3165654] Could not find attributes for artur nigmatullin (Arsenal Tula, 2018)
[2871757] Failed to build match row: Turn- und Sportgemeinschaft 1899 Hoffenheim Fußball-Spielbetriebs vs Sport-Club Freiburg
[2320457] Failed to build match row: VfR Neumünster vs Hertha BSC
[2581241] Could not find attributes for stephan andersen (Football Club København, 2015)
[3165654] Failed to build match row: Arsenal Tula vs Ural Yekaterinburg
[3059307] Could not find attributes for ari freyr skulason (KSC Lokeren (- 2020), 2018)
[2732202] Could not find attributes for jakub brabec (Koninklijke Racing Club Genk, 2016)
[2581241] Failed to build match row: Odense Boldklub vs Football Club København
Not enough players found for lineup: 0, 0.
[3059307] Failed to build match row: Cercle Brugge Koninklijke Sportvereniging vs KSC Lokeren (- 2020)
[2732202] Failed to build match row: Club Brugge Koninklijke Voetbalvereniging vs Koninklijke Racing Club Genk
Not enough players found for lineup: 0, 0.
[2928253] Could not find attributes for kelechi nwakali (VVV-Venlo, 2017)
[3376138] Failed to scrape lineup: https://www.transfermarkt.co.uk/spielbericht/index/spielbericht/3376138

Keepers & outfield error for **Port Vale FC** in Port Vale FC vs Sunderland Association Football Club: Numbers: 2 and 9.
[2368442] Could not find attributes for johan sellberg wiland (Football Club København, 2013)

Keepers & outfield error for **Göztepe Sportif Yatırımlar A.Ş.** in Göztepe Sportif Yatırımlar A.Ş. vs MKE Ankaragücü: Numbers: 0 and 11.
Not enough players found for lineup: 0, 11.
[3070004] Failed to build match row: Göztepe Sportif Yatırımlar A.Ş. vs MKE Ankaragücü
[2340311] Failed to scrape lineup: https://www.transfermarkt.co.uk/gil-vicente-fc_rio-ave-fc/index/spielbericht/2340311
[3119676] Failed to build match row: Port Vale FC vs Sunderland Association Football Club
[3224822] Failed to scrape lineup: https://www.transfermarkt.co.uk/spielbericht/index/spielbericht/3224822
[2368442] Failed to build match row: Galatasaray Spor Kulübü vs Football Club København
[2329760] Could not find attributes for didier ovono (KV Oostende, 2013)
[2329760] Failed to build match row: Sportvereniging Zulte Waregem vs KV Oostende
[2480862] Could not find attributes for lovre kalinic (HNK Hajduk Split, 2014)
[3277195] Could not find attributes for joey veerman (Sportclub Heerenveen, 2019)
[2480862] Failed to build match row: HNK Hajduk Split vs Shakhter Karaganda
[3277195] Failed to build match row: Sportclub Heerenveen vs Roda JC Kerkrade
Not enough players found for lineup: 0, 11.

Keepers & outfield error for **CD Leganés** in Getafe Club de Fútbol S. A. D. Team Dubai vs CD Leganés: Numbers: 0 and 11.
[2704315] Could not find attributes for felix wiedwald (Sportverein Werder Bremen von 1899, 2016)
[3080855] Failed to build match row: Getafe Club de Fútbol S. A. D. Team Dubai vs CD Leganés
[2614483] Failed to scrape lineup: https://www.transfermarkt.co.uk/spielbericht/index/spielbericht/2614483
[2704315] Failed to build match row: FC Schalke 04 vs Sportverein Werder Bremen von 1899
[3050254] Could not find attributes for glenn murray (Brighton and Hove Albion Football Club, 2018)
[2486603] Could not find attributes for jazz richards (Swansea City, 2014)
[2460876] Could not find attributes for nadiem amiri (Turn- und Sportgemeinschaft 1899 Hoffenheim Fußball-Spielbetriebs, 2014)
[3050254] Failed to build match row: Newcastle United Football Club vs Brighton and Hove Albion Football Club
[2486603] Failed to build match row: Swansea City vs Queens Park Rangers
[2475349] Could not find attributes for marcos angeleri (Málaga CF, 2014)
[2460876] Failed to build match row: 1. Fußball-Club Köln vs Turn- und Sportgemeinschaft 1899 Hoffenheim Fußball-Spielbetriebs
[3203540] Could not find attributes for oscar wendt (Mönchengladbach, 2019)
[2475349] Failed to build match row: Málaga CF vs UD Almería
[2725464] Could not find attributes for ilzat akhmetov (FC Rubin Kazan, 2016)
[3203540] Failed to build match row: 1. Fußballclub Union Berlin vs Mönchengladbach
Not enough players found for lineup: 0, 0.
[2725464] Failed to build match row: FC Orenburg vs FC Rubin Kazan
[3277196] Failed to scrape lineup: https://www.transfermarkt.co.uk/spielbericht/index/spielbericht/3277196
[3244667] Could not find attributes for volodymyr krynskyi (Olimpik Donetsk, 2019)
[2340312] Failed to scrape lineup: https://www.transfermarkt.co.uk/academica-coimbra_sc-braga/index/spielbericht/2340312
[3244667] Failed to build match row: Olimpik Donetsk vs SC Dnipro-1
[2604906] Failed to scrape lineup: https://www.transfermarkt.co.uk/spielbericht/index/spielbericht/2604906
[2587334] Could not find attributes for nicandro breeveld (SC Fotbal Club FCSB SA, 2015)
[2512854] Could not find attributes for aleksandar cavric (Koninklijke Racing Club Genk, 2014)
[2587334] Failed to build match row: SC Fotbal Club FCSB SA vs AS Trencin
Not enough players found for lineup: 0, 0.
[2512854] Failed to build match row: KSC Lokeren (- 2020) vs Koninklijke Racing Club Genk
[3224823] Failed to scrape lineup: https://www.transfermarkt.co.uk/spielbericht/index/spielbericht/3224823
Not enough players found for lineup: 0, 11.
[2594728] Could not find attributes for jean sylvain babin (Granada CF, 2015)
[2480863] Failed to scrape lineup: https://www.transfermarkt.co.uk/spielbericht/index/spielbericht/2480863
Not enough players found for lineup: 0, 0.
[2594728] Failed to build match row: Deportivo de La Coruña vs Granada CF
[3376139] Failed to scrape lineup: https://www.transfermarkt.co.uk/spielbericht/index/spielbericht/3376139

Keepers & outfield error for **Chelsea Football Club** in Chelsea Football Club vs Southampton FC: Numbers: 2 and 9.
[2633809] Could not find attributes for wilfrid kaptoum (Futbol Club Barcelona, 2015)
[2633809] Failed to build match row: CF Villanovense vs Futbol Club Barcelona
[2544480] Could not find attributes for scott allan (Hibernian Football Club, 2014)
[2698393] Failed to build match row: Chelsea Football Club vs Southampton FC
[3210359] Could not find attributes for zeca (Football Club København, 2019)

Keepers & outfield error for **West Ham United Football Club** in West Ham United Football Club vs Tottenham Hotspur Football Club: Numbers: 2 and 9.
[2544480] Failed to build match row: Hibernian Football Club vs Falkirk Football & Athletic Club
[2512875] Failed to scrape lineup: https://www.transfermarkt.co.uk/spielbericht/index/spielbericht/2512875
[3210359] Failed to build match row: Football Club København vs Esbjerg fB
am Hotspur Football Club
[2581242] Could not find attributes for filip novak (Fodbold Club Midtjylland, 2015)
[2581242] Failed to build match row: Fodbold Club Midtjylland vs Hobro IK
[2359240] Could not find attributes for leandro rinaudo (US Livorno 1915, 2013)
[2986474] Failed to scrape lineup: https://www.transfermarkt.co.uk/aberdeen-fc_dundee-fc/index/spielbericht/2986474
[2359240] Failed to build match row: Genoa Cricket and Football Club vs US Livorno 1915
[3070005] Could not find attributes for caner erkin (Beşiktaş Jimnastik Kulübü, 2018)
[2460877] Could not find attributes for ragnar klavan (Fußball-Club Augsburg 1907, 2014)
[2475350] Could not find attributes for marcos angeleri (Málaga CF, 2014)
paşa A.Ş.
[2460877] Failed to build match row: SC Paderborn 07 vs Fußball-Club Augsburg 1907
[3093539] Could not find attributes for oleksandr svatok (FC Zorya Lugansk, 2018)
[2475350] Failed to build match row: Málaga CF vs Villarreal Club de Fútbol S.A.D.
[3093539] Failed to build match row: FC Zorya Lugansk vs RasenBallsport Leipzig

Keepers & outfield error for **Sevilla Fútbol Club S.A.D.** in Sevilla Fútbol Club S.A.D. vs Valencia Club de Fútbol S. A. D.: Numbers: 0 and 11.
[3080856] Failed to build match row: Sevilla Fútbol Club S.A.D. vs Valencia Club de Fútbol S. A. D.
[3219098] Could not find attributes for marc albrighton (Leicester City, 2019)
[2818556] Could not find attributes for zivko zivkovic (AO Xanthi, 2016)
[3219098] Failed to build match row: Leicester City vs Manchester United Football Club
[2818556] Failed to build match row: AO Xanthi vs APO Levadiakos Football Club
[2614484] Could not find attributes for heine boeskov (Hilleröd Fodbold, 2015)
[2614484] Failed to build match row: Hilleröd Fodbold vs FC Helsingör
[2452081] Failed to scrape lineup: https://www.transfermarkt.co.uk/ross-county-fc_hibernian-fc/index/spielbericht/2452081
[3050256] Failed to scrape lineup: https://www.transfermarkt.co.uk/wolverhampton-wanderers_watford-fc/index/spielbericht/3050256

Keepers & outfield error for **Futbol Club Barcelona** in Futbol Club Barcelona vs Villarreal Club de Fútbol S.A.D.: Numbers: 2 and 9.
[2587335] Could not find attributes for kees luijckx (Videoton FC, 2015)
[3277197] Could not find attributes for mike brantjes (OFC Oostzaan, 2019)
[2587335] Failed to build match row: Videoton FC vs The New Saints
[2884484] Could not find attributes for fabio coentrao (Sporting Clube de Portugal, 2017)
[3277197] Failed to build match row: OFC Oostzaan vs SV Spakenburg
[2719062] Failed to build match row: Futbol Club Barcelona vs Villarreal Club de Fútbol S.A.D.
[2884484] Failed to build match row: Sporting Clube de Braga vs Sporting Clube de Portugal
[3166274] Could not find attributes for nenad krsticic (Athlitiki Enosi Konstantinoupoleos, 2018)
[2581243] Could not find attributes for stephan andersen (Football Club København, 2015)
[3166274] Failed to build match row: Athlitiki Enosi Konstantinoupoleos vs PAS Lamia 1964
[2581243] Failed to build match row: Football Club København vs Aalborg BK
[2460878] Failed to scrape lineup: https://www.transfermarkt.co.uk/borussia-dortmund_sc-paderborn-07/index/spielbericht/2460878
[3093540] Failed to scrape lineup: https://www.transfermarkt.co.uk/spielbericht/index/spielbericht/3093540
[2704317] Failed to scrape lineup: https://www.transfermarkt.co.uk/hamburger-sv_borussia-dortmund/index/spielbericht/2704317

Keepers & outfield error for **Manchester City Football Club** in Manchester City Football Club vs Cardiff City: Numbers: 2 and 9.
[2732203] Could not find attributes for ishak belfodil (Royal Standard Club de Liège, 2016)
[2725465] Could not find attributes for georgiy shchennikov (PFK CSKA Moskva, 2016)

Keepers & outfield error for **Paris Saint-Germain Football Club** in Paris Saint-Germain Football Club vs Futbol Club Barcelona: Numbers: 2 and 9.
[2332246] Failed to build match row: Manchester City Football Club vs Cardiff City
Not enough players found for lineup: 0, 0.
[2725465] Failed to build match row: Tom Tomsk vs PFK CSKA Moskva

Keepers & outfield error for **Girona Fútbol Club S. A. D.** in Girona Fútbol Club S. A. D. vs Athletic Club Bilbao: Numbers: 0 and 11.
[2495296] Failed to build match row: Paris Saint-Germain Football Club vs Futbol Club Barcelona
[2732203] Failed to build match row: Royal Standard Club de Liège vs Royal Excel Mouscron (-2022)

Keepers & outfield error for **Heart of Midlothian Football Club** in Heart of Midlothian Football Club vs Partick Thistle FC: Numbers: 0 and 11.
[2581244] Failed to scrape lineup: https://www.transfermarkt.co.uk/esbjerg-fb_odense-boldklub/index/spielbericht/2581244
[3080857] Failed to build match row: Girona Fútbol Club S. A. D. vs Athletic Club Bilbao
[2658030] Could not find attributes for georgios athanasiadis (Panthrakikos Komotini, 2015)
[3277198] Failed to scrape lineup: https://www.transfermarkt.co.uk/spielbericht/index/spielbericht/3277198
[2763352] Failed to scrape lineup: https://ww[2658030] Failed to build match row: Panthrakikos Komotini vs APS Atromitos Athinon
[2928254] Could not find attributes for kay blokland (VV Katwijk, 2017)
[3376140] Failed to scrape lineup: https://www.transfermarkt.co.uk/spielbericht/index/spielbericht/3376140
[3224824] Failed to scrape lineup: https://www.transfermarkt.co.uk/spielbericht/index/spielbericht/3224824
[2928254] Failed to build match row: VV Katwijk vs VVSB Noordwijkerhout
[3244668] Could not find attributes for yevgen cheberko (FC Zorya Lugansk, 2019)
[3244668] Failed to build match row: FC Zorya Lugansk vs Vorskla Poltava
[2460879] Could not find attributes for christian schulz (Hannover 96, 2014)
[2460879] Failed to build match row: Bayer 04 Leverkusen Fußball vs Hannover 96
[3050257] Could not find attributes for glenn murray (Brighton and Hove Albion Football Club, 2018)
[3050257] Failed to build match row: Brighton and Hove Albion Football Club vs Wolverhampton Wanderers Football Club

Keepers & outfield error for **Futebol Clube do Porto** in Futebol Clube do Porto vs Desportivo Aves (- 2020): Numbers: 2 and 9.
[2884485] Failed to build match row: Futebol Clube do Porto vs Desportivo Aves (- 2020)

Keepers & outfield error for **Verona Hellas Football Club** in Juventus Football Club vs Verona Hellas Football Club: Numbers: 0 and 11.

Keepers & outfield error for **Deportivo de La Coruña** in Deportivo de La Coruña vs Espanol: Numbers: 2 and 9.
[2359241] Failed to build match row: Juventus Football Club vs Verona Hellas Football Club
[2719063] Failed to build match row: Deportivo de La Coruña vs Espanol
[2512940] Failed to build match row: Goverla Uzhgorod (- 2016) vs Metalist Kharkiv (- 2016)
[2544481] Could not find attributes for eggert gunnthor jonsson (FC Vestsjaelland, 2014)
[2475352] Could not find attributes for loukas vyntra (Levante Unión Deportiva S.A.D., 2014)
[2475352] Failed to build match row: Levante Unión Deportiva S.A.D. vs Deportivo de La Coruña
[2480864] Could not find attributes for luigi cennamo (APS Atromitos Athinon, 2014)
[2320459] Could not find attributes for iliyan mitsanski (Karlsruher SC, 2013)
[2480864] Failed to build match row: APS Atromitos Athinon vs FK Sarajevo
[2928255] Failed to scrape lineup: https://www.transfermarkt.co.uk/spielbericht/index/spielbericht/2928255
[2897346] Could not find attributes for mattia destro (Bologna Football Club 1909, 2017)
[2320459] Failed to build match row: Karlsruher SC vs Verein für Leibesübungen Wolfsburg

Keepers & outfield error for **Real Betis Balompié S.A.D.** in Rayo Vallecano de Madrid S. A. D. vs Real Betis Balompié S.A.D.: Numbers: 2 and 9.
[3080858] Failed to build match row: Rayo Vallecano de Madrid S. A. D. vs Real Betis Balompié S.A.D.
[2897346] Failed to build match row: Bologna Football Club 1909 vs Unione Sportiva Sassuolo Calcio
[2460880] Failed to scrape lineup: https://www.transfermarkt.co.uk/vfl-wolfsburg_fc-schalke-04/index/spielbericht/2460880
[2452083] Failed to scrape lineup: https://www.transfermarkt.co.uk/kilmarnock-fc_st-mirren-fc/index/spielbericht/2452083
[2587336] Could not find attributes for sergey chernik (BATE Borisov, 2015)
[3050258] Failed to scrape lineup: https://www.transfermarkt.co.uk/burnley-fc_chelsea-fc/index/spielbericht/3050258
[3070006] Failed to build match row: Sivasspor vs Galatasaray Spor Kulübü
[2587336] Failed to build match row: Dundalk FC vs BATE Borisov
Not enough players found for lineup: 0, 0.
[3093541] Could not find attributes for aljaz ivacic (NK Olimpija Ljubljana, 2018)
[3210362] Could not find attributes for alexander juel andersen (Odense Boldklub, 2019)
[3376143] Failed to scrape lineup: https://www.transfermarkt.co.uk/spielbericht/index/spielbericht/3376143
[2704319] Failed to scrape lineup: https://www.transfermarkt.co.uk/eintracht-frankfurt_1-fc-koln/index/spielbericht/2704319
[3093541] Failed to build match row: NK Olimpija Ljubljana vs Spartak Trnava
[2368443] Could not find attributes for youri tielemans (Royal Sporting Club Anderlecht, 2013)
[3210362] Failed to build match row: Aalborg BK vs Odense Boldklub

Keepers & outfield error for **Vitória Setúbal FC** in Vitória Setúbal FC vs Sporting Clube de Portugal: Numbers: 3 and 8.
[2332248] Failed to scrape lineup: https://www.transfermarkt.co.uk/crystal-palace_stoke-city/index/spielbericht/2332248
Not enough players found for lineup: 0, 11.
[2340313] Failed to build match row: Vitória Setúbal FC vs Sporting Clube de Portugal
[2368443] Failed to build match row: Royal Sporting Club Anderlecht vs Paris Saint-Germain Football Club
[3219100] Could not find attributes for danny ings (Southampton FC, 2019)
[3224826] Failed to scrape lineup: https://www.transfermarkt.co.uk/spielbericht/index/spielbericht/3224826
[3219100] Failed to build match row: Southampton FC vs Sheffield United
[2475353] Failed to scrape lineup: https://www.transfermarkt.co.uk/fc-barcelona_atletico-de-madrid/index/spielbericht/2475353
[2871761] Could not find attributes for josip elez (Hannover 96, 2017)
[2871761] Failed to build match row: Hannover 96 vs Mönchengladbach
[2818557] Could not find attributes for vitaliy gayduchik (A.G.S Asteras Tripolis, 2016)
[2818557] Failed to build match row: A.G.S Asteras Tripolis vs PAS Giannina
[3203543] Could not find attributes for yuya osako (Sportverein Werder Bremen von 1899, 2019)
[2512941] Could not find attributes for yuriy pankiv (Metalurg Donetsk (- 2015), 2014)
[3203543] Failed to build match row: Verein für Leibesübungen Wolfsburg vs Sportverein Werder Bremen von 1899
[2512941] Failed to build match row: Metalurg Donetsk (- 2015) vs Vorskla Poltava
[2614486] Could not find attributes for mads lauritsen (Thisted FC, 2015)
[2604907] Could not find attributes for esteban sachetti (Apollon Limassol, 2015)
[2604907] Failed to build match row: Apollon Limassol vs FK Qabala
[2614486] Failed to build match row: Thisted FC vs Sønderjyske Fodbold
[2342587] Could not find attributes for ouasim bouy (Hamburger Sport Verein, 2013)
[2581245] Could not find attributes for adama tamboura (Hobro IK, 2015)
[2342587] Failed to build match row: Turn- und Sportgemeinschaft 1899 Hoffenheim Fußball-Spielbetriebs vs Hamburger Sport Verein
[2581245] Failed to build match row: Hobro IK vs Aarhus Gymnastik Forening

Keepers & outfield error for **Hull City** in Everton Football Club vs Hull City: Numbers: 0 and 11.
[2633810] Could not find attributes for cristian marquez (Cádiz CF, 2015)
[2884486] Could not find attributes for nikola maras (GD Chaves, 2017)
[3277199] Could not find attributes for lennart quaden (RKSV Groene Ster, 2019)
[3277199] Failed to build match row: Alkmaar Zaanstreek vs RKSV Groene Ster
[2486607] Failed to build match row: Everton Football Club vs Hull City
[2633810] Failed to build match row: Cádiz CF vs Real Madrid Club de Fútbol
[2460881] Could not find attributes for ragnar klavan (Fußball-Club Augsburg 1907, 2014)
[2658031] Could not find attributes for konstantinos theodoropoulos (A.G.S Asteras Tripolis, 2015)

Keepers & outfield error for **SPAL** in Società Sportiva Calcio Napoli vs SPAL: Numbers: 2 and 9.
[2460881] Failed to build match row: Fußball-Club Augsburg 1907 vs Verein für Bewegungsspiele Stuttgart 1893
[2658031] Failed to build match row: A.G.S Asteras Tripolis vs Olympiakos Syndesmos Filathlon Peiraios
[2897347] Failed to build match row: Società Sportiva Calcio Napoli vs SPAL
[3210363] Could not find attributes for imed louati (Hobro IK, 2019)
[3210363] Failed to build match row: AC Horsens vs Hobro IK
[2903810] Could not find attributes for jamie brandon (Heart of Midlothian Football Club, 2017)
Not enough players found for lineup: 0, 0.
[2903810] Failed to build match row: Heart of Midlothian Football Club vs The Celtic Football Club

Keepers & outfield error for **Levante Unión Deportiva S.A.D.** in Levante Unión Deportiva S.A.D. vs SD Eibar: Numbers: 2 and 9.
[2340314] Failed to scrape lineup: https://www.transfermarkt.co.uk/sc-braga_cd-nacional/index/spielbericht/2340314
[3119677] Could not find attributes for regan booty (Aldershot Town, 2018)
[3244669] Could not find attributes for vladyslav pryimak (PFK Lviv, 2019)
Not enough players found for lineup: 0, 0.
[3080859] Failed to build match row: Levante Unión Deportiva S.A.D. vs SD Eibar
[3119677] Failed to build match row: Aldershot Town vs Bradford City
Not enough players found for lineup: 0, 11.

Keepers & outfield error for **Antalyaspor** in Fenerbahçe Spor Kulübü vs Antalyaspor: Numbers: 2 and 9.
[3244669] Failed to build match row: PFK Lviv vs Desna Chernigiv
[3070007] Failed to build match row: Fenerbahçe Spor Kulübü vs Antalyaspor
[2928256] Could not find attributes for ruud swinkels (FC Eindhoven, 2017)
[3376144] Failed to scrape lineup: https://www.transfermarkt.co.uk/spielbericht/index/spielbericht/3376144
[3166275] Could not find attributes for georgios athanasiadis (A.G.S Asteras Tripolis, 2018)
[2763353] Could not find attributes for rochdi achenteh (Go Ahead Eagles, 2016)
[3224832] Failed to scrape lineup: https://www.transfermarkt.co.uk/spielbericht/index/spielbericht/3224832
[2928256] Failed to build match row: Football Club Twente vs FC Eindhoven
[3166275] Failed to build match row: Panthessalonikios Athlitikos Omilos Konstantinoupoliton vs A.G.S Asteras Tripolis
[2320460] Could not find attributes for nils fischer (1.FC Saarbrücken, 2013)
[2875219] Could not find attributes for zeca (Football Club København, 2017)
[2763353] Failed to build match row: Go Ahead Eagles vs CVV de Jodan Boys
[2875219] Failed to build match row: Football Club København vs Randers Fodbold Club
Not enough players found for lineup: 0, 11.
[2320460] Failed to build match row: 1.FC Saarbrücken vs Sportverein Werder Bremen von 1899
ub, 2014)
[2604908] Could not find attributes for aritm (FK Krasnodar, 2015)
[2343448] Could not find attributes for aleksandr gutor (Dinamo Minsk, 2013)
[2486608] Failed to build match row: Sunderland Association Football Club vs Manchester City Football Club
[2614491] Failed to scrape lineup: https://www.transfermarkt.co.uk/spielbericht/index/spielbericht/2614491
[2587337] Could not find attributes for milos radanovic (Rudar Pljevlja, 2015)
[2495297] Could not find attributes for marios antoniadis (APOEL Nicosia, 2014)
[2604908] Failed to build match row: FK Krasnodar vs Slovan Bratislava
[2587337] Failed to build match row: Rudar Pljevlja vs Qarabağ FK
[2581246] Could not find attributes for filip novak (Fodbold Club Midtjylland, 2015)
[2495297] Failed to build match row: APOEL Nicosia vs AFC Ajax Amsterdam
[2719065] Could not find attributes for andreas pereira (Granada CF, 2016)
[2343448] Failed to build match row: Dinamo Minsk vs NK Lokomotiva Zagreb
[2719065] Failed to build match row: Granada CF vs Real Madrid Club de Fútbol
[2581246] Failed to build match row: Brøndby Idrætsforening vs Fodbold Club Midtjylland

Keepers & outfield error for **Aarhus Gymnastik Forening** in Aarhus Gymnastik Forening vs Silkeborg Idrætsforening: Numbers: 0 and 11.
[3210364] Failed to build match row: Aarhus Gymnastik Forening vs Silkeborg Idrætsforening

Keepers & outfield error for **Vitória Setúbal FC** in Vitória Setúbal FC vs Sport Lisboa e Benfica: Numbers: 3 and 8.
[2884487] Failed to build match row: Vitória Setúbal FC vs Sport Lisboa e Benfica
[2818558] Could not find attributes for dimitrios kourbelis (Panathinaikos Athlitikos Omilos, 2016)
[2475354] Could not find attributes for ion ansotegi (Real Sociedad de Fútbol S.A.D., 2014)
[2475354] Failed to build match row: Granada CF vs Real Sociedad de Fútbol S.A.D.
[2818558] Failed to build match row: Panathinaikos Athlitikos Omilos vs Olympiakos Syndesmos Filathlon Peiraios
[2340315] Could not find attributes for cristian ceballos (Futebol Clube de Arouca, 2013)
[3050260] Failed to scrape lineup: https://www.transfermarkt.co.uk/fulham-fc_afc-bournemouth/index/spielbericht/3050260
[2340315] Failed to build match row: Futebol Clube de Arouca vs SC Olhanense

Keepers & outfield error for **Sport Lisboa e Benfica** in Sport Lisboa e Benfica vs Olympiakos Syndesmos Filathlon Peiraios: Numbers: 2 and 9.
[3166276] Could not find attributes for panagiotis katsikas (PAS Lamia 1964, 2018)
[2368444] Failed to build match row: Sport Lisboa e Benfica vs Olympiakos Syndesmos Filathlon Peiraios
[3166276] Failed to build match row: PAS Lamia 1964 vs Athlitiki Enosi Konstantinoupoleos

Keepers & outfield error for **Real Madrid Club de Fútbol** in Real Madrid Club de Fútbol vs SD Huesca: Numbers: 0 and 11.
[3093542] Could not find attributes for boris godal (Spartak Trnava, 2018)
[2329765] Could not find attributes for elimane coulibaly (KV Kortrijk, 2013)
[3080860] Failed to build match row: Real Madrid Club de Fútbol vs SD Huesca
[3093542] Failed to build match row: Spartak Trnava vs NK Olimpija Ljubljana
[2725469] Could not find attributes for aritm (FK Krasnodar, 2016)
[2329765] Failed to build match row: KV Kortrijk vs Koninklijke Atletiek Associatie Gent
[3203545] Could not find attributes for vladimir darida (Hertha BSC, 2019)
[2725469] Failed to build match row: FK Krasnodar vs Футбольный клуб "Локомотив" Москва
[2986479] Failed to scrape lineup: https://www.transfermarkt.co.uk/st-johnstone-fc_hibernian-fc/index/spielbericht/2986479

Keepers & outfield error for **Willem II Tilburg** in Willem II Tilburg vs Sparta Rotterdam: Numbers: 2 and 9.
[3203545] Failed to build match row: Hertha BSC vs Borussia Dortmund
[3277200] Failed to build match row: Willem II Tilburg vs Sparta Rotterdam
[2544483] Failed to scrape lineup: https://www.transfermarkt.co.uk/spielbericht/index/spielbericht/2544483
[2871773] Could not find attributes for matthias lehmann (1. Fußball-Club Köln, 2017)
[3244670] Could not find attributes for jonathan joubert (F91 Dudelange, 2019)
[2486609] Could not find attributes for kasper schmeichel (Leicester City, 2014)
[3244670] Failed to build match row: F91 Dudelange vs FC Ararat-Armenia

Keepers & outfield error for **Rayo Vallecano de Madrid S. A. D.** in Rayo Vallecano de Madrid S. A. D. vs Córdoba CF: Numbers: 0 and 11.
[2871773] Failed to build match row: 1. Fußball-Club Köln vs RasenBallsport Leipzig
[2475355] Failed to build match row: Rayo Vallecano de Madrid S. A. D. vs Córdoba CF
[2486609] Failed to build match row: Aston Villa Football Club vs Leicester City
[2903812] Could not find attributes for ross mccrorie (Rangers Football Club, 2017)
[2763354] Failed to scrape lineup: https://www.transfermarkt.co.uk/spielbericht/index/spielbericht/2763354
[2903812] Failed to build match row: Rangers Football Club vs St. Johnstone FC
[2495298] Failed to scrape lineup: https://www.transfermarkt.co.uk/spielbericht/index/spielbericht/2495298
[2480866] Failed to build match row: FC Viktoria Plzeň, a.s. vs Fotbal Club Petrolul Ploiești
[2875220] Failed to scrape lineup: https://www.transfermarkt.co.uk/silkeborg-if_aalborg-bk/index/spielbericht/2875220
[2614494] Failed to scrape lineup: https://www.transfermarkt.co.uk/spielbericht/index/spielbericht/2614494
[2897349] Could not find attributes for bacary sagna (Benevento Calcio, 2017)
[2368445] Could not find attributes for matus kozacik (FC Viktoria Plzeň, a.s., 2013)
[2897349] Failed to build match row: Football Club Internazionale Milano S.p.A. vs Benevento Calcio
[2368445] Failed to build match row: FC Bayern München vs FC Viktoria Plzeň, a.s.
[3070008] Could not find attributes for siphiwe tshabalala (Erzurumspor FK, 2018)
[3070008] Failed to build match row: Kayserispor Kulübü vs Erzurumspor FK
[2698397] Failed to scrape lineup: https://www.transfermarkt.co.uk/west-bromwich-albion_leicester-city/index/spielbericht/2698397
[3219102] Could not find attributes for federico fernandez (Newcastle United Football Club, 2019)
[3219102] Failed to build match row: Newcastle United Football Club vs Liverpool Football Club
[3059805] Could not find attributes for evgeniy konyukhov (PFK Krylya Sovetov Samara, 2018)

Keepers & outfield error for **1. Fußball- und Sportverein Mainz 05** in 1. Fußball- und Sportverein Mainz 05 vs Eintracht Frankfurt Fußball AG: Numbers: 2 and 9.
[2928257] Could not find attributes for bogdan constantin (AVV Swift, 2017)
[2928257] Failed to build match row: Feyenoord Rotterdam vs AVV Swift
[3059805] Failed to build match row: PFK Krylya Sovetov Samara vs PFK CSKA Moskva
[3203546] Failed to build match row: 1. Fußball- und Sportverein Mainz 05 vs Eintracht Frankfurt Fußball AG
[2884488] Could not find attributes for bilel aouacheria (Moreirense Futebol Clube, 2017)
[3376145] Could not find attributes for dmitri krasilnikov (Volga Uljanovsk, 2014)
[2884488] Failed to build match row: Moreirense Futebol Clube vs Boavista FC
[2343449] Could not find attributes for dominik picak (NK Lokomotiva Zagreb, 2013)
[2604909] Could not find attributes for milos volesak (MSK Zilina, 2015)
[3376145] Failed to build match row: Volga Uljanovsk vs Dinamo Kirov
[2604909] Failed to build match row: MSK Zilina vs Vorskla Poltava
[2343449] Failed to build match row: NK Lokomotiva Zagreb vs Dinamo Minsk

Keepers & outfield error for **West Ham United Football Club** in Leicester City vs West Ham United Football Club: Numbers: 2 and 9.
[2763355] Could not find attributes for ruud swinkels (FC Eindhoven, 2016)
[3050261] Failed to build match row: Leicester City vs West Ham United Football Club
[2732207] Could not find attributes for aristote nkaka (Royal Excel Mouscron (-2022), 2016)
[2633811] Could not find attributes for unai elgezabal (Barakaldo CF, 2015)
[2732207] Failed to build match row: Royal Excel Mouscron (-2022) vs Koninklijke Atletiek Associatie Gent
[3093543] Could not find attributes for boy waterman (APOEL Nicosia, 2018)
[3224833] Could not find attributes for patrick laursen (Kjellerup IF, 2019)
[2763355] Failed to build match row: FC Eindhoven vs Sportclub Heerenveen
[3224833] Failed to build match row: Kjellerup IF vs Vendsyssel FF
[3093543] Failed to build match row: APOEL Nicosia vs FC Astana
[2633811] Failed to build match row: Barakaldo CF vs Valencia Club de Fútbol S. A. D.
[2320461] Could not find attributes for jan zimmermann (SV Darmstadt 98, 2013)
[3166277] Could not find attributes for nikolaos papadopoulos (A.G.S Asteras Tripolis, 2018)

Keepers & outfield error for **Hull City** in Hull City vs West Bromwich Albion: Numbers: 0 and 11.
[3166277] Failed to build match row: A.G.S Asteras Tripolis vs Panthessalonikios Athlitikos Omilos Konstantinoupoliton
[2320461] Failed to build match row: SV Darmstadt 98 vs Mönchengladbach
[2486610] Failed to build match row: Hull City vs West Bromwich Albion
[2340316] Could not find attributes for saleh gomaa (Clube Desportivo Nacional, 2013)
[2581247] Could not find attributes for ante rukavina (Viborg Fodsports Forening, 2015)
[2452086] Could not find attributes for duncan watmore (Hibernian Football Club, 2013)
[2340316] Failed to build match row: Clube Desportivo Nacional vs Sport Lisboa e Benfica
[2818559] Could not find attributes for dimitrios sotiriou (AO Platanias, 2016)
[2581247] Failed to build match row: Viborg Fodsports Forening vs Fodbold Club Nordsjælland
[2452086] Failed to build match row: Hibernian Football Club vs Kilmarnock Football Club
[2818559] Failed to build match row: AO Platanias vs Iraklis Thessaloniki
[2368446] Failed to scrape lineup: https://www.transfermarkt.co.uk/spielbericht/index/spielbericht/2368446
[2587338] Could not find attributes for senedin ostrakovic (FK Sarajevo, 2015)

Keepers & outfield error for **Espanol** in Real Madrid Club de Fútbol vs Espanol: Numbers: 2 and 9.
[2475357] Failed to build match row: Real Madrid Club de Fútbol vs Espanol
Sarajevo
[2495299] Could not find attributes for jasmin handanovic (NK Maribor, 2014)
[2875221] Could not find attributes for frans putros (Hobro IK, 2017)
[2486611] Could not find attributes for anthony reveillere (Sunderland Association Football Club, 2014)
[2875221] Failed to build match row: Hobro IK vs Aarhus Gymnastik Forening
[2897351] Could not find attributes for mattia destro (Bologna Football Club 1909, 2017)
[2460885] Failed to scrape lineup: https://www.transfermarkt.co.uk/eintracht-frankfurt_borussia-monchengladbach/index/spielbericht/2460885
[3059806] Failed to scrape lineup: https://www.transfermarkt.co.uk/fk-rostov_akhmat-grozny/index/spielbericht/3059806
[2486611] Failed to build match row: Liverpool Football Club vs Sunderland Association Football Club
[2897351] Failed to build match row: Bologna Football Club 1909 vs Genoa Cricket and Football Club
[2732208] Failed to scrape lineup: https://www.transfermarkt.co.uk/royal-excel-mouscron-2022-_ksc-lokeren-2020-/index/spielbericht/2732208
[2480867] Could not find attributes for athanasios panteliadis (A.G.S Asteras Tripolis, 2014)
[2763356] Failed to scrape lineup: https://www.transfermarkt.co.uk/spielbericht/index/spielbericht/2763356

Keepers & outfield error for **Málaga CF** in Málaga CF vs Celta: Numbers: 0 and 11.
[3245085] Could not find attributes for vladyslav kyreev (Avangard Bziv, 2019)
[3245085] Failed to build match row: Avangard Bziv vs FK Vovchansk
[2480867] Failed to build match row: A.G.S Asteras Tripolis vs 1. Fußball- und Sportverein Mainz 05
[2719067] Failed to build match row: Málaga CF vs Celta
[2604910] Could not find attributes for istvan verpecz (Debreceni VSC, 2015)
[2359245] Could not find attributes for jonatan cristaldo (Bologna Football Club 1909, 2013)
Not enough players found for lineup: 11, 0.
[2587339] Failed to scrape lineup: https://www.transfermarkt.co.uk/spielbericht/index/spielbericht/2587339
[2818572] Failed to scrape lineup: https://www.transfermarkt.co.uk/pas-giannina_ao-xanthi/index/spielbericht/2818572
[2475358] Failed to scrape lineup: https://www.transfermarkt.co.uk/celta-de-vigo_valencia-cf/index/spielbericht/2475358
[2452087] Failed to scrape lineup: https://www.transfermarkt.co.uk/partick-thistle-fc-_ross-county-fc/index/spielbericht/2452087
[2704333] Could not find attributes for matthias lehmann (1. Fußball-Club Köln, 2016)
[2359245] Failed to build match row: Bologna Football Club 1909 vs Associazione Calcio Milan
[2871776] Failed to scrape lineup: https://www.transfermarkt.co.uk/borussia-monchengladbach_hannover-96/index/spielbericht/2871776
[2343450] Could not find attributes for yuriy tsygalko (Shakhter Soligorsk, 2013)
elenenses/index/spielbericht/2340317
[3093544] Could not find attributes for evgeniy postnikov (FC Astana, 2018)
[2704333] Failed to build match row: Mönchengladbach vs 1. Fußball-Club Köln
[2658032] Could not find attributes for konstantinos peristeridis (PAS Giannina, 2015)
[3119679] Could not find attributes for andrew teague (Chorley FC, 2018)
es
[2343450] Failed to build match row: Shakhter Soligorsk vs FC Milsami Orhei
[3119679] Failed to build match row: Chorley FC vs Doncaster Rovers
[2658032] Failed to build match row: PAS Giannina vs Panionios Athens
[3080863] Failed to scrape lineup: https://www.transfermarkt.co.uk/atletico-de-madrid_girona-fc/index/spielbericht/3080863
[3093544] Failed to build match row: FC Astana vs APOEL Nicosia
[2884489] Could not find attributes for andrej lukic (Sporting Clube de Braga, 2017)
[2884489] Failed to build match row: CD Feirense vs Sporting Clube de Braga

Keepers & outfield error for **Futebol Clube do Porto** in FC Shakhtar Donetsk vs Futebol Clube do Porto: Numbers: 0 and 11.
[3376146] Could not find attributes for aleksey kozlov (Nosta Novotroitsk, 2014)
[2495300] Failed to build match row: FC Shakhtar Donetsk vs Futebol Clube do Porto
[2875222] Could not find attributes for herolind shala (Lyngby Boldklub, 2017)
[2986482] Could not find attributes for ross callachan (Heart of Midlothian Football Club, 2017)
[2875222] Failed to build match row: Lyngby Boldklub vs Brøndby Idrætsforening

Keepers & outfield error for **Società Sportiva Lazio S.p.A.** in Unione Sportiva Sassuolo Calcio vs Società Sportiva Lazio S.p.A.: Numbers: 2 and 9.
[2986482] Failed to build match row: Dundee Football Club vs Heart of Midlothian Football Club
[2897352] Failed to build match row: Unione Sportiva Sassuolo Calcio vs Società Sportiva Lazio S.p.A.

Keepers & outfield error for **Everton Football Club** in Manchester United Football Club vs Everton Football Club: Numbers: 2 and 9.
[3210368] Could not find attributes for alexander juel andersen (Odense Boldklub, 2019)
[3050263] Failed to build match row: Manchester United Football Club vs Everton Football Club
[3210368] Failed to build match row: Odense Boldklub vs Fodbold Club Nordsjælland
[2594732] Could not find attributes for josip radosevic (SD Eibar, 2015)

Keepers & outfield error for **Alaves** in Alaves vs Celta: Numbers: 2 and 9.
[2732209] Could not find attributes for lovre kalinic (Koninklijke Atletiek Associatie Gent, 2016)
[2719068] Failed to build match row: Alaves vs Celta
[2732209] Failed to build match row: Koninklijke Atletiek Associatie Gent vs Royal Charleroi Sporting Club
[2594732] Failed to build match row: Sevilla Fútbol Club S.A.D. vs SD Eibar
[2512942] Could not find attributes for jan lastuvka (Dnipro Dnipropetrovsk (-2020), 2014)
[2512942] Failed to build match row: Dnipro Dnipropetrovsk (-2020) vs Metalurg Zaporizhya (-2016)
[2818573] Could not find attributes for stanislav namasco (APO Levadiakos Football Club, 2016)
[2818573] Failed to build match row: APO Levadiakos Football Club vs Veria NPS
[3167272] Failed to scrape lineup: https://www.transfermarkt.co.uk/spielbericht/index/spielbericht/3167272
[2633812] Could not find attributes for fran carbia (CF Reus Deportiu, 2015)
[2633812] Failed to build match row: CF Reus Deportiu vs Club Atlético de Madrid S.A.D.
[3050264] Could not find attributes for danny ings (Southampton FC, 2018)

Keepers & outfield error for **SD Eibar** in SD Eibar vs Rayo Vallecano de Madrid S. A. D.: Numbers: 3 and 8.
[3050264] Failed to build match row: Southampton FC vs Newcastle United Football Club
ugal vs FC Paços de Ferreira: Numbers: 0 and 11.
[2658041] Could not find attributes for konstantinos dafkos (AEL Kalloni, 2015)

Not enough players found for lineup: 0, 0.
r vs Rayo Vallecano de Madrid S. A. D.
[3203549] Failed to scrape lineup: https://www.transfermarkt.co.uk/sc-paderborn-07_rb-leipzig/index/spielbericht/3203549
[2658041] Failed to build match row: AEL Kalloni vs Athlitiki Enosi Konstantinoupoleos
[2340318] Failed to scrape lineup: https://www.transfermarkt.co.uk/cf-os-belenenses_vitoria-setubal-fc/index/spielbericht/2340318
[3224834] Failed to build match row: Brönshöj Boldklub vs Hvidovre IF
[2884490] Failed to build match row: Sporting Clube de Portugal vs FC Paços de Ferreira
[3070009] Could not find attributes for zeki yavru (Akhisarspor, 2018)
[3210369] Failed to scrape lineup: https://www.transfermarkt.co.uk/aarhus-gf_fc-copenhagen/index/spielbericht/3210369
[3219104] Could not find attributes for tyrick mitchell (Crystal Palace Football Club, 2019)
[2704334] Could not find attributes for fabian frei (1. Fußball- und Sportverein Mainz 05, 2016)
[3219104] Failed to build match row: Crystal Palace Football Club vs Tottenham Hotspur Football Club
[2604912] Could not find attributes for konstantinos panagi (Omonia Nicosia, 2015)
[2704334] Failed to build match row: 1. Fußball- und Sportverein Mainz 05 vs Sport-Club Freiburg
[2604912] Failed to build match row: Brøndby Idrætsforening vs Omonia Nicosia
[2480868] Could not find attributes for cesare bovo (Torino Calcio, 2014)
[2719069] Failed to scrape lineup: https://www.transfermarkt.co.uk/athletic-bilbao_cd-leganes/index/spielbericht/2719069
[2480868] Failed to build match row: Torino Calcio vs Idrottsföreningen  Brommapojkarna

Keepers & outfield error for **Getafe Club de Fútbol S. A. D. Team Dubai** in UD Las Palmas vs Getafe Club de Fútbol S. A. D. Team Dubai: Numbers: 2 and 9.
[2495301] Failed to scrape lineup: https://www.transfermarkt.co.uk/spielbericht/index/spielbericht/2495301
[2871777] Failed to scrape lineup: https://www.transfermarkt.co.uk/fc-schalke-04_bayer-04-leverkusen/index/spielbericht/2871777
[2594733] Failed to build match row: UD Las Palmas vs Getafe Club de Fútbol S. A. D. Team Dubai
[2903815] Failed to scrape lineup: https://www.transfermarkt.co.uk/kilmarnock-fc_rangers-fc/index/spielbericht/2903815
[3376147] Could not find attributes for maksim pavlov (KamAZ Naberezhnye Chelny, 2014)
[2587758] Could not find attributes for mads markfoged (Middelfart Boldklub, 2015)

Keepers & outfield error for **Manchester City Football Club** in Manchester City Football Club vs West Ham United Football Club: Numbers: 2 and 9.
[2928258] Could not find attributes for etienne vaessen (RKC Waalwijk, 2017)
[3119680] Could not find attributes for josh wilde (Alfreton Town, 2018)
[2332255] Failed to build match row: Manchester City Football Club vs West Ham United Football Club
[3376147] Failed to build match row: KamAZ Naberezhnye Chelny vs Neftekhimik Nizhnekamsk
[2587758] Failed to build match row: Middelfart Boldklub vs Vejle Boldklub
[2928258] Failed to build match row: RKC Waalwijk vs De Treffers
[3119680] Failed to build match row: Alfreton Town vs Fleetwood Town
[2512943] Failed to scrape lineup: https://www.transfermarkt.co.uk/karpaty-lviv_volyn-lutsk/index/spielbericht/2512943
Not enough players found for lineup: 0, 0.
[2658042] Could not find attributes for vasilios barkas (APS Atromitos Athinon, 2015)
[3093545] Could not find attributes for kostadin zahov (Shkendija Tetovo, 2018)
[2340319] Failed to scrape lineup: https://www.transfermarkt.co.uk/fc-arouca_vitoria-setubal-fc/index/spielbericht/2340319
[2658042] Failed to build match row: APS Atromitos Athinon vs Panetolikos Agrinio
[3093545] Failed to build match row: Rosenborg Ballklub vs Shkendija Tetovo
[2545919] Could not find attributes for karim rossi (Sportvereniging Zulte Waregem, 2014)
[2545919] Failed to build match row: Koninklijke Racing Club Genk vs Sportvereniging Zulte Waregem
[3245511] Failed to scrape lineup: https://www.transfermarkt.co.uk/spielbericht/index/spielbericht/3245511
[3050265] Could not find attributes for moussa sissoko (Tottenham Hotspur Football Club, 2018)
[3210370] Could not find attributes for imed louati (Hobro IK, 2019)
[2368449] Failed to scrape lineup: https://www.transfermarkt.co.uk/spielbericht/index/spielbericht/2368449
[3210370] Failed to build match row: Hobro IK vs Silkeborg Idrætsforening
[3050265] Failed to build match row: Tottenham Hotspur Football Club vs Manchester City Football Club

Keepers & outfield error for **Odense Boldklub** in Fodbold Club Midtjylland vs Odense Boldklub: Numbers: 2 and 9.
[3203550] Failed to scrape lineup: https://www.transfermarkt.co.uk/borussia-dortmund_fortuna-dusseldorf/index/spielbericht/3203550
[3277202] Could not find attributes for mark de vries (VV Katwijk, 2019)
[3167706] Failed to build match row: Fodbold Club Midtjylland vs Odense Boldklub
[2359247] Failed to scrape lineup: https://www.transfermarkt.co.uk/fc-internazionale_acf-fiorentina/index/spielbericht/2359247
[2633813] Failed to scrape lineup: https://www.transfermarkt.co.uk/spielbericht/index/spielbericht/2633813
[3277202] Failed to build match row: VV Katwijk vs TOP Oss
[2763357] Could not find attributes for niels fleuren (FC Emmen, 2016)
[2763357] Failed to build match row: Alkmaar Zaanstreek vs FC Emmen
[2581250] Could not find attributes for filip novak (Fodbold Club Midtjylland, 2015)
[2581250] Failed to build match row: Fodbold Club Midtjylland vs Fodbold Club Nordsjælland
[2329769] Could not find attributes for meme tchite (Club Brugge Koninklijke Voetbalvereniging, 2013)
[2986484] Failed to scrape lineup: https://www.transfermarkt.co.uk/kilmarnock-fc_hamilton-academical-fc/index/spielbericht/2986484
[3059807] Could not find attributes for rade dugalic (Enisey Krasnoyarsk, 2018)
 Brugge Koninklijke Voetbalvereniging

Keepers & outfield error for **AO FK Zenit Sankt-Peterburg** in AO FK Zenit Sankt-Peterburg vs Association sportive de Monaco Football Club: Numbers: 2 and 9.

Keepers & outfield error for **Chelsea Football Club** in Chelsea Football Club vs Norwich City: Numbers: 2 and 9.
[2332256] Failed to build match row: Chelsea Football Club vs Norwich City
[2495302] Failed to build match row: AO FK Zenit Sankt-Peterburg vs Association sportive de Monaco Football Club
[3219105] Failed to scrape lineup: https://www.transfermarkt.co.uk/chelsea-fc_wolverhampton-wanderers/index/spielbericht/3219105
[3376148] Failed to scrape lineup: https://www.transfermarkt.co.uk/spielbericht/index/spielbericht/3376148
richt/2698402
Not enough players found for lineup: 0, 11.
[2320463] Could not find attributes for tobias willers (RasenBallsport Leipzig, 2013)
[2719070] Failed to scrape lineup: https://www.transfermarkt.co.uk/real-betis-balompie_atletico-de-madrid/index/spielbericht/2719070
[2587762] Failed to scrape lineup: https://www.transfermarkt.co.uk/spielbericht/index/spielbericht/2587762
[2320463] Failed to build match row: RasenBallsport Leipzig vs Fußball-Club Augsburg 1907
Not enough players found for lineup: 0, 0.
[2343451] Could not find attributes for dyson falzon (Valletta FC, 2013)
[2340320] Failed to scrape lineup: https://www.transfermarkt.co.uk/gd-estoril-praia_cs-maritimo/index/spielbericht/2340320
[2343451] Failed to build match row: Valletta FC vs FK Minsk
[2460889] Could not find attributes for roel brouwers (Mönchengladbach, 2014)
[2460889] Failed to build match row: Mönchengladbach vs Verein für Leibesübungen Wolfsburg

Keepers & outfield error for **CD Leganés** in CD Leganés vs Real Valladolid CF: Numbers: 0 and 11.
[3080866] Failed to build match row: CD Leganés vs Real Valladolid CF

Keepers & outfield error for **Olympiakos Syndesmos Filathlon Peiraios** in Olympiakos Syndesmos Filathlon Peiraios vs Sport Lisboa e Benfica: Numbers: 0 and 11.
[2368450] Failed to build match row: Olympiakos Syndesmos Filathlon Peiraios vs Sport Lisboa e Benfica

Keepers & outfield error for **Società Sportiva Lazio S.p.A.** in Società Sportiva Lazio S.p.A. vs Catania FC: Numbers: 2 and 9.
[2359248] Failed to build match row: Società Sportiva Lazio S.p.A. vs Catania FC
[2594734] Failed to scrape lineup: https://www.transfermarkt.co.uk/celta-de-vigo_villarreal-cf/index/spielbericht/2594734
[3050266] Could not find attributes for etienne capoue (Watford FC, 2018)
[3050266] Failed to build match row: Watford FC vs Huddersfield Town
[2928259] Could not find attributes for kees heemskerk (FC Den Bosch, 2017)
[2604913] Could not find attributes for marijan antolovic (FK Zeljeznicar Sarajevo, 2015)
[2581251] Failed to scrape lineup: https://www.transfermarkt.co.uk/aarhus-gf_sonderjyske/index/spielbericht/2581251
[2928259] Failed to build match row: FC Den Bosch vs SC Cambuur Leeuwarden
[2329770] Failed to scrape lineup: https://www.transfermarkt.co.uk/ksc-lokeren-2020-_oud-heverlee-leuven/index/spielbericht/2329770
[2604913] Failed to build match row: Royal Standard Club de Liège vs FK Zeljeznicar Sarajevo
[2818574] Could not find attributes for alaixys romao (Olympiakos Syndesmos Filathlon Peiraios, 2016)

Keepers & outfield error for **Fußball-Club Augsburg 1907** in Fußball-Club Augsburg 1907 vs Borussia Dortmund: Numbers: 2 and 9.
[3070010] Could not find attributes for dario melnjak (Çaykur Rizespor Kulübü, 2018)
[2818574] Failed to build match row: Olympiakos Syndesmos Filathlon Peiraios vs AO Platanias
[2871779] Failed to build match row: Fußball-Club Augsburg 1907 vs Borussia Dortmund

Keepers & outfield error for **Portimonense SC** in Clube Desportivo de Tondela vs Portimonense SC: Numbers: 0 and 11.
[3070010] Failed to build match row: Çaykur Rizespor Kulübü vs Trabzonspor Kulübü
[3059808] Failed to scrape lineup: https://www.transfermarkt.co.uk/arsenal-tula_dinamo-moscow/index/spielbericht/3059808
[2884491] Failed to build match row: Clube Desportivo de Tondela vs Portimonense SC
[2875224] Failed to scrape lineup: https://www.transfermarkt.co.uk/sonderjyske_fc-nordsjaelland/index/spielbericht/2875224
[2343452] Failed to scrape lineup: https://www.transfermarkt.co.uk/spielbericht/index/spielbericht/2343452

Keepers & outfield error for **Arsenal Football Club** in Stoke City vs Arsenal Football Club: Numbers: 0 and 11.
[2475361] Could not find attributes for loukas vyntra (Levante Unión Deportiva S.A.D., 2014)
[2658043] Could not find attributes for dusan pernis (Iraklis Thessaloniki, 2015)
[2475361] Failed to build match row: Elche Club de Fútbol S.A.D. vs Levante Unión Deportiva S.A.D.
[2486616] Failed to build match row: Stoke City vs Arsenal Football Club
[2658043] Failed to build match row: Iraklis Thessaloniki vs A.G.S Asteras Tripolis
[2480869] Could not find attributes for ales hruska (FK Mladá Boleslav, a.s., 2014)
[2614495] Could not find attributes for niels bisp rasmussen (Vejle Boldklub, 2015)
[2359249] Failed to scrape lineup: https://www.transfermarkt.co.uk/as-livorno_cagliari-calcio/index/spielbericht/2359249
[2480869] Failed to build match row: Olympique Lyonnais vs FK Mladá Boleslav, a.s.
[2614495] Failed to build match row: Vejle Boldklub vs Hobro IK
[3210372] Failed to scrape lineup: https://www.transfermarkt.co.uk/lyngby-bk_ac-horsens/index/spielbericht/3210372
[2512944] Could not find attributes for yevgen galchuk (FK Mariupol, 2014)
Not enough players found for lineup: 0, 11.
[3245512] Could not find attributes for maximilian jansen (MSV Duisburg, 2019)
[2897354] Failed to scrape lineup: https://www.transfermarkt.co.uk/cagliari-calcio_ssc-napoli/index/spielbericht/2897354
[3224973] Failed to scrape lineup: https://www.transfermarkt.co.uk/spielbericht/index/spielbericht/3224973
[2512944] Failed to build match row: FK Mariupol vs Futbolniy Klub Dynamo Kyiv
[2587777] Failed to scrape lineup: https://www.transfermarkt.co.uk/spielbericht/index/spielbericht/2587777
[3245512] Failed to build match row: MSV Duisburg vs Turn- und Sportgemeinschaft 1899 Hoffenheim Fußball-Spielbetriebs
[2545920] Could not find attributes for boban bajkovic (Lierse SK (- 2018), 2014)
[2545920] Failed to build match row: Koninklijke Atletiek Associatie Gent vs Lierse SK (- 2018)
[2581252] Failed to scrape lineup: https://www.transfermarkt.co.uk/odense-boldklub_viborg-ff/index/spielbericht/2581252
[3093546] Could not find attributes for kostadin zahov (Shkendija Tetovo, 2018)
[2928260] Failed to scrape lineup: https://www.transfermarkt.co.uk/spielbericht/index/spielbericht/2928260
[3093546] Failed to build match row: Shkendija Tetovo vs Rosenborg Ballklub

Keepers & outfield error for **Sport Lisboa e Benfica** in Sport Lisboa e Benfica vs Académica Coimbra: Numbers: 2 and 9.
[2719071] Could not find attributes for florian lejeune (SD Eibar, 2016)
[2340321] Failed to build match row: Sport Lisboa e Benfica vs Académica Coimbra
[2719071] Failed to build match row: SD Eibar vs Sporting Gijón
[3167761] Failed to scrape lineup: https://www.transfermarkt.co.uk/spielbericht/index/spielbericht/3167761
[3277203] Could not find attributes for sergio padt (Football Club Groningen, 2019)
[2903817] Failed to scrape lineup: https://www.transfermarkt.co.uk/partick-thistle-fc-_hamilton-academical-fc/index/spielbericht/2903817
[2604914] Failed to scrape lineup: https://www.transfermarkt.co.uk/spielbericht/index/spielbericht/2604914
[3277203] Failed to build match row: Football Club Groningen vs Football Club Utrecht
Not enough players found for lineup: 0, 0.
[3376149] Failed to scrape lineup: https://www.transfermarkt.co.uk/spielbericht/index/spielbericht/3376149
[2818575] Could not find attributes for andreas gianniotis (Panionios Athens, 2016)
[2818575] Failed to build match row: Panionios Athens vs APS Atromitos Athinon
[2884492] Failed to scrape lineup: https://www.transfermarkt.co.uk/estoril-praia_cs-maritimo/index/spielbericht/2884492
[2587783] Failed to scrape lineup: https://www.transfermarkt.co.uk/spielbericht/index/spielbericht/2587783
[2343453] Failed to scrape lineup: https://www.transfermarkt.co.uk/spielbericht/index/spielbericht/2343453
[2320464] Could not find attributes for bjorn miehe (TSG Pfeddersheim, 2013)
[2614497] Failed to scrape lineup: https://www.transfermarkt.co.uk/spielbericht/index/spielbericht/2614497
[2512945] Failed to scrape lineup: https://www.transfermarkt.co.uk/zorya-lugansk_chornomorets-odesa/index/spielbericht/2512945
[3119681] Could not find attributes for david gregory (Bromley FC, 2018)
[2903818] Failed to scrape lineup: https://www.transfermarkt.co.uk/st-johnstone-fc_heart-of-midlothian-fc/index/spielbericht/2903818
[2320464] Failed to build match row: TSG Pfeddersheim vs SpVgg Greuther Fürth
[3119681] Failed to build match row: Bromley FC vs Peterborough United
[2698403] Could not find attributes for peter crouch (Stoke City, 2016)
ericht/index/spielbericht/3277204
[3167762] Failed to scrape lineup: https://www.transfermarkt.co.uk/spielbericht/index/spielbericht/3167762
[2698403] Failed to build match row: Southampton FC vs Stoke City
Not enough players found for lineup: 0, 0.
[3376150] Failed to scrape lineup: https://www.transfermarkt.co.uk/spielbericht/index/spielbericht/3376150
[2704337] Failed to scrape lineup: https://www.transfermarkt.co.uk/sv-werder-bremen_eintracht-frankfurt/index/spielbericht/2704337
[3070011] Could not find attributes for ceyhun gulselam (Alanyaspor, 2018)
[3245513] Failed to scrape lineup: https://www.transfermarkt.co.uk/spielbericht/index/spielbericht/3245513
[2545921] Failed to scrape lineup: https://www.transfermarkt.co.uk/kv-oostende-2024-_kvrs-waasland-sk-beveren/index/spielbericht/2545921
[3070011] Failed to build match row: İstanbul Başakşehir Futbol Kulübü vs Alanyaspor
[2594735] Could not find attributes for carl medjani (Levante Unión Deportiva S.A.D., 2015)
[2594735] Failed to build match row: Levante Unión Deportiva S.A.D. vs Real Madrid Club de Fútbol
[2486617] Failed to scrape lineup: https://www.transfermarkt.co.uk/tottenham-hotspur_crystal-palace/index/spielbericht/2486617
[2875225] Failed to scrape lineup: https://www.transfermarkt.co.uk/aalborg-bk_brondby-if/index/spielbericht/2875225
[2658044] Failed to scrape lineup: https://www.transfermarkt.co.uk/apo-levadiakos_pas-giannina/index/spielbericht/2658044
[2986486] Failed to scrape lineup: https://www.transfermarkt.co.uk/hamilton-academical-fc_celtic-fc/index/spielbericht/2986486
[2332257] Could not find attributes for mahamadou diarra (Fulham Football Club, 2013)
[2359250] Failed to scrape lineup: https://www.transfermarkt.co.uk/ssc-napoli_us-sassuolo/index/spielbericht/2359250
[2332257] Failed to build match row: Fulham Football Club vs Hull City
[2633814] Could not find attributes for manu palancar (Real Balompédica Linense, 2015)
[2633814] Failed to build match row: Real Balompédica Linense vs Athletic Club Bilbao
[3059809] Could not find attributes for chico flores (FC Rubin Kazan, 2018)
[3059809] Failed to build match row: FC Rubin Kazan vs FK Krasnodar
[2871780] Could not find attributes for albin ekdal (Hamburger Sport Verein, 2017)
[2460891] Failed to scrape lineup: https://www.transfermarkt.co.uk/hannover-96_tsg-1899-hoffenheim/index/spielbericht/2460891
[2871780] Failed to build match row: Hamburger Sport Verein vs Sportverein Werder Bremen von 1899
[2512946] Failed to scrape lineup: https://www.transfermarkt.co.uk/shakhtar-donetsk_olimpik-donetsk/index/spielbericht/2512946
[2614498] Failed to scrape lineup: https://www.transfermarkt.co.uk/spielbericht/index/spielbericht/2614498
[3203553] Failed to scrape lineup: https://www.transfermarkt.co.uk/borussia-monchengladbach_bayern-munich/index/spielbericht/3203553
[2320465] Failed to scrape lineup: https://www.transfermarkt.co.uk/spielbericht/index/spielbericht/2320465
[2545922] Failed to scrape lineup: https://www.transfermarkt.co.uk/mouscron-peruwelz_kvc-westerlo/index/spielbericht/2545922
[3376151] Failed to scrape lineup: https://www.transfermarkt.co.uk/spielbericht/index/spielbericht/3376151
[2698404] Failed to scrape lineup: https://www.transfermarkt.co.uk/burnley-fc_manchester-united/index/spielbericht/2698404
[2587784] Failed to scrape lineup: https://www.transfermarkt.co.uk/spielbericht/index/spielbericht/2587784
[3119682] Failed to scrape lineup: https://www.transfermarkt.co.uk/spielbericht/index/spielbericht/3119682
[3277205] Failed to scrape lineup: https://www.transfermarkt.co.uk/spielbericht/index/spielbericht/3277205
[2594736] Failed to scrape lineup: https://www.transfermarkt.co.uk/atletico-de-madrid_real-sociedad/index/spielbericht/2594736
[2986487] Failed to scrape lineup: https://www.transfermarkt.co.uk/heart-of-midlothian-fc_aberdeen-fc/index/spielbericht/2986487
[3070012] Failed to scrape lineup: https://www.transfermarkt.co.uk/yeni-malatyaspor_bursaspor/index/spielbericht/3070012
[2658045] Failed to scrape lineup: https://www.transfermarkt.co.uk/olympiacos-piraeus_panthrakikos-komotini/index/spielbericht/2658045
[2332258] Failed to scrape lineup: https://www.transfermarkt.co.uk/crystal-palace_liverpool-fc/index/spielbericht/2332258
[2732211] Failed to scrape lineup: https://www.transfermarkt.co.uk/rsc-anderlecht_sint-truidense-vv/index/spielbericht/2732211
[3059810] Failed to scrape lineup: https://www.transfermarkt.co.uk/ural-yekaterinburg_anzhi-makhachkala-2022-/index/spielbericht/3059810
[2818576] Could not find attributes for branislav nikic (AOK Kerkyra, 2016)
[2818576] Failed to build match row: AOK Kerkyra vs Iraklis Thessaloniki
[2725474] Could not find attributes for massimo maccarone (FC Empoli, 2016)
[2725474] Failed to build match row: FC Empoli vs UC Sampdoria
[3203554] Failed to scrape lineup: https://www.transfermarkt.co.uk/eintracht-frankfurt_hertha-bsc/index/spielbericht/3203554
[2486618] Could not find attributes for jazz richards (Swansea City, 2014)
[2698405] Failed to scrape lineup: https://www.transfermarkt.co.uk/hull-city_watford-fc/index/spielbericht/2698405
[2486618] Failed to build match row: West Ham United Football Club vs Swansea City
[2871781] Failed to scrape lineup: https://www.transfermarkt.co.uk/vfl-wolfsburg_1-fsv-mainz-05/index/spielbericht/2871781
[3093547] Could not find attributes for jonathan joubert (F91 Dudelange, 2018)
[3093547] Failed to build match row: F91 Dudelange vs Fotbal Club CFR 1907 Cluj SA

Keepers & outfield error for **SD Huesca** in SD Huesca vs Villarreal Club de Fútbol S.A.D.: Numbers: 0 and 11.
[2633815] Failed to build match row: SD Huesca vs Villarreal Club de Fútbol S.A.D.
[2480870] Could not find attributes for robert snodgrass (Hull City, 2014)
[2658046] Failed to scrape lineup: https://www.transfermarkt.co.uk/panathinaikos-fc_pae-veria/index/spielbericht/2658046
[3119683] Failed to scrape lineup: https://www.transfermarkt.co.uk/spielbericht/index/spielbericht/3119683
[3277206] Failed to scrape lineup: https://www.transfermarkt.co.uk/spielbericht/index/spielbericht/3277206
[2903820] Failed to scrape lineup: https://www.transfermarkt.co.uk/dundee-fc_celtic-fc/index/spielbericht/2903820

Keepers & outfield error for **Futebol Clube do Porto** in Liverpool Football Club vs Futebol Clube do Porto: Numbers: 2 and 9.

Keepers & outfield error for **Verona Hellas Football Club** in Verona Hellas Football Club vs Torino Calcio: Numbers: 0 and 11.
Not enough players found for lineup: 0, 11.
[2480870] Failed to build match row: Hull City vs AS Trencin
[3167763] Failed to build match row: Liverpool Football Club vs Futebol Clube do Porto
[2614499] Failed to scrape lineup: https://www.transfermarkt.co.uk/spielbericht/index/spielbericht/2614499
[2897356] Failed to build match row: Verona Hellas Football Club vs Torino Calcio
[2884493] Could not find attributes for heldon (Vitória Sport Clube, 2017)
[3059811] Failed to scrape lineup: https://www.transfermarkt.co.uk/fk-ufa_lokomotiv-moscow/index/spielbericht/3059811
[2594737] Failed to scrape lineup: https://www.transfermarkt.co.uk/malaga-cf_valencia-cf/index/spielbericht/2594737
[2732212] Failed to scrape lineup: https://www.transfermarkt.co.uk/standard-liege_club-brugge-kv/index/spielbericht/2732212
[2329773] Failed to scrape lineup: https://www.transfermarkt.co.uk/ksc-lokeren-2020-_kv-kortrijk/index/spielbericht/2329773
[2332259] Failed to scrape lineup: https://www.transfermarkt.co.uk/everton-fc_manchester-city/index/spielbericht/2332259
[2452104] Could not find attributes for georgios bantis (A.G.S Asteras Tripolis, 2013)
[2581254] Failed to scrape lineup: https://www.transfermarkt.co.uk/fc-copenhagen_hobro-ik/index/spielbericht/2581254
[2452104] Failed to build match row: A.G.S Asteras Tripolis vs Aris Thessalonikis
[2884493] Failed to build match row: Vitória Sport Clube vs Rio Ave Futebol Clube
[3093548] Failed to scrape lineup: https://www.transfermarkt.co.uk/spielbericht/index/spielbericht/3093548
[2545923] Could not find attributes for dario melnjak (KSC Lokeren (- 2020), 2014)
[2545923] Failed to build match row: KSC Lokeren (- 2020) vs Royal Sporting Club Anderlecht

Keepers & outfield error for **Manchester City Football Club** in Chelsea Football Club vs Manchester City Football Club: Numbers: 0 and 11.
[3070220] Failed to build match row: Chelsea Football Club vs Manchester City Football Club
Not enough players found for lineup: 0, 0.
[3203555] Could not find attributes for yuya osako (Sportverein Werder Bremen von 1899, 2019)
[3376153] Failed to scrape lineup: https://www.transfermarkt.co.uk/spielbericht/index/spielbericht/3376153
[3203555] Failed to build match row: Sportverein Werder Bremen von 1899 vs SC Paderborn 07
[2818577] Could not find attributes for gennadios xenodochof (Athlitiki Enosi Larisas, 2016)
Not enough players found for lineup: 11, 0.
[2818577] Failed to build match row: Panthessalonikios Athlitikos Omilos Konstantinoupoliton vs Athlitiki Enosi Larisas
[2763358] Failed to scrape lineup: https://www.transfermarkt.co.uk/spielbericht/index/spielbericht/2763358
[2897357] Failed to scrape lineup: https://www.transfermarkt.co.uk/uc-sampdoria_udinese-calcio/index/spielbericht/2897357
[2704338] Could not find attributes for antonio colak (SV Darmstadt 98, 2016)
[2704338] Failed to build match row: SV Darmstadt 98 vs FC Ingolstadt 04
[2903821] Failed to scrape lineup: https://www.transfermarkt.co.uk/hamilton-academical-fc_kilmarnock-fc/index/spielbericht/2903821
[2986489] Could not find attributes for ross mccrorie (Rangers Football Club, 2017)
[2614564] Could not find attributes for matus kozacik (FC Viktoria Plzeň, a.s., 2015)
[2614564] Failed to build match row: FC Viktoria Plzeň, a.s. vs Fudbalski Klub Vojvodina
[2986489] Failed to build match row: Rangers Football Club vs Dundee Football Club
[2581255] Failed to scrape lineup: https://www.transfermarkt.co.uk/hobro-ik_esbjerg-fb/index/spielbericht/2581255
[2884494] Failed to scrape lineup: https://www.transfermarkt.co.uk/fc-pacos-de-ferreira_sc-braga/index/spielbericht/2884494
[3093549] Failed to scrape lineup: https://www.transfermarkt.co.uk/spielbericht/index/spielbericht/3093549
[2545924] Failed to scrape lineup: https://www.transfermarkt.co.uk/kv-kortrijk_cercle-brugge/index/spielbericht/2545924
[3226479] Failed to scrape lineup: https://www.transfermarkt.co.uk/fk-mariupol_fc-oleksandriya/index/spielbericht/3226479

Keepers & outfield error for **Genoa Cricket and Football Club** in Genoa Cricket and Football Club vs Cagliari Calcio: Numbers: 2 and 9.
[2725475] Failed to build match row: Genoa Cricket and Football Club vs Cagliari Calcio
[3219106] Could not find attributes for marc albrighton (Leicester City, 2019)

Keepers & outfield error for **Futebol Clube do Porto** in Futebol Clube do Porto vs Liverpool Football Club: Numbers: 2 and 9.
[2320466] Could not find attributes for marcel holscher (SC Wiedenbrück, 2013)
[2698407] Failed to scrape lineup: https://www.transfermarkt.co.uk/afc-bournemouth_swansea-city/index/spielbericht/2698407
[3167764] Failed to build match row: Futebol Clube do Porto vs Liverpool Football Club
[3219106] Failed to build match row: Association Football Club Bournemouth vs Leicester City
[2320466] Failed to build match row: SC Wiedenbrück vs Fortuna Düsseldorf
[2343454] Could not find attributes for vagner love (PFK CSKA Moskva, 2013)
[2475364] Could not find attributes for ion ansotegi (Real Sociedad de Fútbol S.A.D., 2014)
[2763359] Failed to scrape lineup: https://www.transfermarkt.co.uk/spielbericht/index/spielbericht/2763359
[2343454] Failed to build match row: PFK CSKA Moskva vs AO FK Zenit Sankt-Peterburg
[2475364] Failed to build match row: Real Sociedad de Fútbol S.A.D. vs Rayo Vallecano de Madrid S. A. D.
[3376154] Failed to scrape lineup: https://www.transfermarkt.co.uk/spielbericht/index/spielbericht/3376154

Keepers & outfield error for **UC Sampdoria** in UC Sampdoria vs Associazione Sportiva Roma: Numbers: 0 and 11.
[3277207] Could not find attributes for thijs jansen (Sparta Nijkerk, 2019)
[2359252] Failed to build match row: UC Sampdoria vs Associazione Sportiva Roma
[3203556] Failed to scrape lineup: https://www.transfermarkt.co.uk/sc-freiburg_vfl-wolfsburg/index/spielbericht/3203556
[3277207] Failed to build match row: Sparta Nijkerk vs Nooit Opgeven Altijd Doorzetten Aangenaam Door Vermaak En Nuttig Door Ontspanning Combinatie Breda
[3245516] Failed to scrape lineup: https://www.transfermarkt.co.uk/spielbericht/index/spielbericht/3245516
[2460893] Could not find attributes for ragnar klavan (Fußball-Club Augsburg 1907, 2014)
[2460893] Failed to build match row: Hamburger Sport Verein vs Fußball-Club Augsburg 1907
[2480871] Failed to scrape lineup: https://www.transfermarkt.co.uk/spielbericht/index/spielbericht/2480871
[2658047] Could not find attributes for sokratis dioudis (Panionios Athens, 2015)
[2658047] Failed to build match row: Panionios Athens vs Panthessalonikios Athlitikos Omilos Konstantinoupoliton
[2581256] Failed to scrape lineup: https://www.transfermarkt.co.uk/brondby-if_fc-copenhagen/index/spielbericht/2581256
[2725476] Failed to scrape lineup: https://www.transfermarkt.co.uk/juventus-fc_acf-fiorentina/index/spielbericht/2725476

Keepers & outfield error for **SPAL** in SPAL vs Bologna Football Club 1909: Numbers: 2 and 9.
[2897358] Failed to build match row: SPAL vs Bologna Football Club 1909
[2320467] Failed to scrape lineup: https://www.transfermarkt.co.uk/spielbericht/index/spielbericht/2320467

Keepers & outfield error for **Portimonense SC** in Portimonense SC vs Grupo Desportivo Estoril Praia: Numbers: 0 and 11.
[2903822] Could not find attributes for jamie brandon (Heart of Midlothian Football Club, 2017)
[2903822] Failed to build match row: Heart of Midlothian Football Club vs Hibernian Football Club
[2604915] Failed to scrape lineup: https://www.transfermarkt.co.uk/spielbericht/index/spielbericht/2604915
[2884495] Failed to build match row: Portimonense SC vs Grupo Desportivo Estoril Praia
[2594738] Could not find attributes for stipe pletikosa (Deportivo de La Coruña, 2015)
elbericht/3383314
[2495303] Failed to scrape lineup: https://www.transfermarkt.co.uk/spielbericht/index/spielbericht/2495303
[3245517] Failed to scrape lineup: https://www.transfermarkt.co.uk/spielbericht/index/spielbericht/3245517
[2594738] Failed to build match row: Athletic Club Bilbao vs Deportivo de La Coruña
[3203557] Failed to scrape lineup: https://www.transfermarkt.co.uk/fc-augsburg_1-fsv-mainz-05/index/spielbericht/3203557
[2732213] Could not find attributes for moussa wague (KAS Eupen, 2016)
[2480872] Failed to scrape lineup: https://www.transfermarkt.co.uk/spielbericht/index/spielbericht/2480872
[2512947] Could not find attributes for stanislav bogush (Vorskla Poltava, 2014)
[2732213] Failed to build match row: KAS Eupen vs Koninklijke Racing Club Genk
[2512947] Failed to build match row: Vorskla Poltava vs Dnipro Dnipropetrovsk (-2020)
[2452105] Could not find attributes for georgios kantimiris (Veria NPS, 2013)
[2633817] Failed to scrape lineup: https://www.transfermarkt.co.uk/spielbericht/index/spielbericht/2633817
[2452105] Failed to build match row: Veria NPS vs Panionios Athens
[3093550] Could not find attributes for vitaliy gayduchik (FK Suduva Marijampole, 2018)
[3093550] Failed to build match row: The Celtic Football Club vs FK Suduva Marijampole
[3070953] Could not find attributes for kyrylo ilya babak (Podillya Khmelnytskyi, 2018)

Keepers & outfield error for **Verona Hellas Football Club** in Torino Calcio vs Verona Hellas Football Club: Numbers: 0 and 11.
[2359253] Failed to build match row: Torino Calcio vs Verona Hellas Football Club
[3070953] Failed to build match row: Podillya Khmelnytskyi vs MFC Metalurg Zaporizhya
[3167765] Could not find attributes for moussa sissoko (Tottenham Hotspur Football Club, 2018)
[2587790] Could not find attributes for mathias cordua (Avarta, 2015)
[3167765] Failed to build match row: Tottenham Hotspur Football Club vs Manchester City Football Club
[2581257] Could not find attributes for ante rukavina (Viborg Fodsports Forening, 2015)
[2587790] Failed to build match row: Avarta vs HB Köge
[2581257] Failed to build match row: Viborg Fodsports Forening vs Aalborg BK
[2704339] Could not find attributes for douglas santos (Hamburger Sport Verein, 2016)
[2614565] Could not find attributes for srdjan zakula (Fudbalski Klub Vojvodina, 2015)
[2704339] Failed to build match row: Turn- und Sportgemeinschaft 1899 Hoffenheim Fußball-Spielbetriebs vs Hamburger Sport Verein
[2604916] Failed to scrape lineup: https://www.transfermarkt.co.uk/spielbericht/index/spielbericht/2604916
[2614565] Failed to build match row: Fudbalski Klub Vojvodina vs FC Viktoria Plzeň, a.s.
[2903823] Could not find attributes for ross mccrorie (Rangers Football Club, 2017)
[2818578] Could not find attributes for dimitrios kyriakidis (Panetolikos Agrinio, 2016)
[2658048] Could not find attributes for dimitrios sotiriou (AO Platanias, 2015)
[2903823] Failed to build match row: Rangers Football Club vs Motherwell Football Club
[2452106] Failed to scrape lineup: https://www.transfermarkt.co.uk/pas-giannina_olympiacos-piraeus/index/spielbericht/2452106

Keepers & outfield error for **Paris Saint-Germain Football Club** in Paris Saint-Germain Football Club vs Royal Sporting Club Anderlecht: Numbers: 2 and 9.

Keepers & outfield error for **Córdoba CF** in Córdoba CF vs SD Eibar: Numbers: 0 and 11.
[3070954] Failed to scrape lineup: https://www.transfermarkt.co.uk/spielbericht/index/spielbericht/3070954
[2658048] Failed to build match row: AO Platanias vs AO Xanthi
[2818578] Failed to build match row: Panetolikos Agrinio vs A.G.S Asteras Tripolis
[2368451] Failed to build match row: Paris Saint-Germain Football Club vs Royal Sporting Club Anderlecht
[2475365] Failed to build match row: Córdoba CF vs SD Eibar

Keepers & outfield error for **UE Llagostera** in UE Llagostera vs Deportivo de La Coruña: Numbers: 2 and 9.
[2594739] Could not find attributes for jean sylvain babin (Granada CF, 2015)

Keepers & outfield error for **Everton Football Club** in Everton Football Club vs Brighton and Hove Albion Football Club: Numbers: 2 and 9.
[2633818] Failed to build match row: UE Llagostera vs Deportivo de La Coruña
[2545925] Could not find attributes for edin cocalic (Yellow-Red Koninklijke Voetbalclub Mechelen, 2014)
[2594739] Failed to build match row: Granada CF vs Sporting Gijón
[3050271] Failed to build match row: Everton Football Club vs Brighton and Hove Albion Football Club
[2545925] Failed to build match row: Yellow-Red Koninklijke Voetbalclub Mechelen vs Royal Standard Club de Liège

Keepers & outfield error for **Torino Calcio** in Associazione Calcio Milan vs Torino Calcio: Numbers: 2 and 9.
[2725477] Failed to build match row: Associazione Calcio Milan vs Torino Calcio
[2345059] Could not find attributes for bojan saranov (Maccabi Haifa, 2013)
[3119684] Could not find attributes for jerome binnom williams (Chesterfield FC, 2018)
[2345059] Failed to build match row: Maccabi Haifa vs Xäzär Länkäran
Not enough players found for lineup: 0, 0.
[3119684] Failed to build match row: Chesterfield FC vs Billericay Town
[3167766] Could not find attributes for moussa sissoko (Tottenham Hotspur Football Club, 2018)
[2340322] Failed to scrape lineup: https://www.transfermarkt.co.uk/vitoria-guimaraes-sc_gil-vicente-fc/index/spielbericht/2340322
[2763360] Could not find attributes for theo timmermans (SV Spakenburg, 2016)
 Hotspur Football Club
[2763360] Failed to build match row: SV Spakenburg vs ASWH Ambacht
[2512948] Could not find attributes for mykyta kryukov (FK Mariupol, 2014)
)
[2512948] Failed to build match row: FK Mariupol vs FC Shakhtar Donetsk
[3210373] Failed to build match row: Football Club København vs Sønderjyske Fodbold
[2320468] Could not find attributes for selvedin begzadic (FSV Optik Rathenow, 2013)
[2320468] Failed to build match row: FSV Optik Rathenow vs FSV Frankfurt
[3093559] Failed to scrape lineup: https://www.transfermarkt.co.uk/spielbericht/index/spielbericht/3093559
[2581258] Could not find attributes for maksym koval (Odense Boldklub, 2015)
[2581258] Failed to build match row: Sønderjyske Fodbold vs Odense Boldklub

Keepers & outfield error for **Hull City** in Chelsea Football Club vs Hull City: Numbers: 0 and 11.
92
[2329774] Could not find attributes for youri tielemans (Royal Sporting Club Anderlecht, 2013)
/spielbericht/2332262

Keepers & outfield error for **Royal Sporting Club Anderlecht** in Royal Sporting Club Anderlecht vs Koninklijke Atletiek Associatie Gent: Numbers: 0 and 11.
[2486621] Failed to build match row: Chelsea Football Club vs Hull City
[3279210] Failed to scrape lineup: https://www.transfermarkt.co.uk/spielbericht/index/spielbericht/3279210
[2545926] Failed to build match row: Royal Sporting Club Anderlecht vs Koninklijke Atletiek Associatie Gent
[2329774] Failed to build match row: Royal Standard Club de Liège vs Royal Sporting Club Anderlecht
[2604917] Could not find attributes for dmytro bezotosnyi (FK Qabala, 2015)
[2604917] Failed to build match row: FK Qabala vs Apollon Limassol

Keepers & outfield error for **Olympiakos Syndesmos Filathlon Peiraios** in Malmö Fotbollförening vs Olympiakos Syndesmos Filathlon Peiraios: Numbers: 0 and 11.
[2614734] Failed to scrape lineup: https://www.transfermarkt.co.uk/spielbericht/index/spielbericht/2614734
[2345060] Could not find attributes for lovre kalinic (HNK Hajduk Split, 2013)
[2495304] Failed to build match row: Malmö Fotbollförening vs Olympiakos Syndesmos Filathlon Peiraios
[2345060] Failed to build match row: HNK Hajduk Split vs FK Horizont Turnovo
[2732214] Could not find attributes for nemanja miletic (Koninklijke Voetbal Club Westerlo, 2016)
[2732214] Failed to build match row: Yellow-Red Koninklijke Voetbalclub Mechelen vs Koninklijke Voetbal Club Westerlo
[2512949] Could not find attributes for yuriy martyshchuk (Chornomorets Odesa, 2014)
[2903825] Could not find attributes for jamie brandon (Heart of Midlothian Football Club, 2017)
[2452107] Could not find attributes for antonis georgallidis (AO Platanias, 2013)
iv
[2903825] Failed to build match row: Aberdeen Football Club vs Heart of Midlothian Football Club
[2452107] Failed to build match row: AO Platanias vs Panetolikos Agrinio
[3245518] Could not find attributes for danilo soares (VfL Bochum, 2019)
richt/index/spielbericht/3070955
[2594741] Failed to build match row: SD Eibar vs Futbol Club Barcelona
[2633819] Failed to scrape lineup: https://www.transfermarkt.co.uk/spielbericht/index/spielbericht/2633819
richt/2658049
[3245518] Failed to build match row: VfL Bochum vs FC Bayern München
, 2017)
[2884496] Failed to build match row: Desportivo Aves (- 2020) vs CD Feirense
[2818579] Failed to scrape lineup: https://www.transfermarkt.co.uk/aek-athens_panathinaikos-fc/index/spielbericht/2818579
[2763361] Could not find attributes for delano van crooij (VVV-Venlo, 2016)
[2763361] Failed to build match row: Prins Hendrik Ende Desespereert Nimmer Combinatie Zwolle vs VVV-Venlo
[2704353] Could not find attributes for antonio colak (SV Darmstadt 98, 2016)
[2704353] Failed to build match row: FC Schalke 04 vs SV Darmstadt 98
[3059812] Could not find attributes for aleksandr lomovitskiy (FK Spartak Moskva, 2018)
[3059812] Failed to build match row: FK Spartak Moskva vs FC Orenburg
[2480874] Failed to scrape lineup: https://www.transfermarkt.co.uk/spielbericht/index/spielbericht/2480874
[2359255] Failed to scrape lineup: https://www.transfermarkt.co.uk/atalanta-bc_udinese-calcio/index/spielbericht/2359255
[2614736] Could not find attributes for david bicik (AC Sparta Praha, a. s., 2015)
[2340323] Failed to scrape lineup: https://www.transfermarkt.co.uk/sporting-cp_fc-porto/index/spielbericht/2340323
[2614736] Failed to build match row: AC Sparta Praha, a. s. vs FC Thun
[3050273] Could not find attributes for danny ings (Southampton FC, 2018)
[2871794] Failed to scrape lineup: https://www.transfermarkt.co.uk/hertha-bsc_sc-freiburg/index/spielbericht/2871794
[3050273] Failed to build match row: Manchester City Football Club vs Southampton FC
[2875226] Failed to scrape lineup: https://www.transfermarkt.co.uk/aarhus-gf_sonderjyske/index/spielbericht/2875226
Not enough players found for lineup: 0, 0.
[3226480] Could not find attributes for anton bratkov (PFK Lviv, 2019)
[3384135] Failed to scrape lineup: https://www.transfermarkt.co.uk/spielbericht/index/spielbericht/3384135
[2581260] Could not find attributes for filip novak (Fodbold Club Midtjylland, 2015)
[3226480] Failed to build match row: PFK Lviv vs Futbolniy Klub Dynamo Kyiv
[2581260] Failed to build match row: Randers Fodbold Club vs Fodbold Club Midtjylland
[2320469] Could not find attributes for marcel susser (Sport-Union Neckarsulm, 2013)
[2320469] Failed to build match row: Sport-Union Neckarsulm vs 1.FC Kaiserslautern
[2658050] Could not find attributes for konstantinos dafkos (AEL Kalloni, 2015)
[2658050] Failed to build match row: AEL Kalloni vs APS Atromitos Athinon
[2903826] Could not find attributes for ross mccrorie (Rangers Football Club, 2017)
[2903826] Failed to build match row: The Celtic Football Club vs Rangers Football Club
[3219107] Failed to scrape lineup: https://www.transfermarkt.co.uk/sheffield-united_chelsea-fc/index/spielbericht/3219107

Keepers & outfield error for **CF Os Belenenses** in CF Os Belenenses vs Sporting Clube de Portugal: Numbers: 0 and 11.
[2884497] Failed to build match row: CF Os Belenenses vs Sporting Clube de Portugal

Keepers & outfield error for **Getafe Club de Fútbol S. A. D. Team Dubai** in Getafe Club de Fútbol S. A. D. Team Dubai vs Sevilla Fútbol Club S.A.D.: Numbers: 2 and 9.
[2345061] Could not find attributes for maksims uvarenko (JFK Ventspils, 2013)
[2818580] Could not find attributes for zivko zivkovic (AO Xanthi, 2016)
[3093561] Failed to scrape lineup: https://www.transfermarkt.co.uk/spielbericht/index/spielbericht/3093561
[2594742] Failed to build match row: Getafe Club de Fútbol S. A. D. Team Dubai vs Sevilla Fútbol Club S.A.D.
[3050274] Could not find attributes for etienne capoue (Watford FC, 2018)
[2345061] Failed to build match row: JFK Ventspils vs Jeunesse Esch
[2818580] Failed to build match row: AO Xanthi vs Panetolikos Agrinio
[2332263] Failed to scrape lineup: https://www.transfermarkt.co.uk/hull-city_everton-fc/index/spielbericht/2332263
622
[3050274] Failed to build match row: Newcastle United Football Club vs Watford FC
[2587794] Could not find attributes for jannich storch (Akademisk Boldklub, 2015)
[2545927] Failed to scrape lineup: https://www.transfermarkt.co.uk/standard-liege_krc-genk/index/spielbericht/2545927
[2495305] Could not find attributes for marcelinho (Ludogorets Razgrad, 2014)
[2495305] Failed to build match row: Ludogorets Razgrad vs Real Madrid Club de Fútbol
[2587794] Failed to build match row: Akademisk Boldklub vs Lyngby Boldklub
[2604918] Failed to scrape lineup: https://www.transfermarkt.co.uk/spielbericht/index/spielbericht/2604918
[2512950] Could not find attributes for maksim startsev (Metalurg Zaporizhya (-2016), 2014)
[2732215] Failed to scrape lineup: https://www.transfermarkt.co.uk/ksc-lokeren-2020-_kv-mechelen/index/spielbericht/2732215
Not enough players found for lineup: 11, 0.
[2658051] Could not find attributes for georgios bantis (A.G.S Asteras Tripolis, 2015)
[2512950] Failed to build match row: Metalurg Zaporizhya (-2016) vs Karpaty Lviv (-2021)
Not enough players found for lineup: 0, 11.
�nchen** in Bayer 04 Leverkusen Fußball vs FC Bayern München: Numbers: 2 and 9.
[3384136] Failed to scrape lineup: https://www.transfermarkt.co.uk/spielbericht/index/spielbericht/3384136
[2480875] Failed to scrape lineup: https://www.transfermarkt.co.uk/spielbericht/index/spielbericht/2480875
[2658051] Failed to build match row: A.G.S Asteras Tripolis vs Panathinaikos Athlitikos Omilos
[2460897] Failed to build match row: Bayer 04 Leverkusen Fußball vs FC Bayern München
[2581261] Could not find attributes for filip novak (Fodbold Club Midtjylland, 2015)
[2875227] Could not find attributes for mohammad adnan (FC Helsingör, 2017)
[2581261] Failed to build match row: Fodbold Club Midtjylland vs Aarhus Gymnastik Forening
[2875227] Failed to build match row: FC Helsingör vs AC Horsens

Keepers & outfield error for **Villarreal Club de Fútbol S.A.D.** in Villarreal Club de Fútbol S.A.D. vs Deportivo de La Coruña: Numbers: 0 and 11.
[2719073] Failed to build match row: Villarreal Club de Fútbol S.A.D. vs Deportivo de La Coruña

Keepers & outfield error for **West Ham United Football Club** in West Ham United Football Club vs Aston Villa Football Club: Numbers: 2 and 9.
[3219108] Failed to build match row: West Ham United Football Club vs Aston Villa Football Club
[3070957] Could not find attributes for roman gerych (FK Kalush, 2018)
[2633820] Could not find attributes for dmytro khomchenovskyi (SD Ponferradina, 2015)
[3210376] Failed to scrape lineup: https://www.transfermarkt.co.uk/odense-boldklub_hobro-ik/index/spielbericht/3210376
[2359256] Failed to scrape lineup: https://www.transfermarkt.co.uk/cagliari-calcio_fc-internazionale/index/spielbericht/2359256
[3070957] Failed to build match row: FK Kalush vs Bukovyna Chernivtsi
[2633820] Failed to build match row: SD Ponferradina vs SD Eibar
[2614924] Failed to scrape lineup: https://www.transfermarkt.co.uk/spielbericht/index/spielbericht/2614924
[2475367] Failed to scrape lineup: https://www.transfermarkt.co.uk/rcd-espanyol-barcelona_celta-de-vigo/index/spielbericht/2475367
[3279212] Failed to scrape lineup: https://www.transfermarkt.co.uk/spielbericht/index/spielbericht/3279212

Keepers & outfield error for **Futebol Clube do Porto** in Sport Lisboa e Benfica vs Futebol Clube do Porto: Numbers: 2 and 9.
[2704354] Could not find attributes for aaron seydel (1. Fußball- und Sportverein Mainz 05, 2016)
[2452108] Could not find attributes for georgios delizisis (Apollon Smyrnis, 2013)
[2704354] Failed to build match row: Hertha BSC vs 1. Fußball- und Sportverein Mainz 05
[2884498] Failed to build match row: Sport Lisboa e Benfica vs Futebol Clube do Porto
Not enough players found for lineup: 0, 0.
[2452108] Failed to build match row: Apollon Smyrnis vs GS Ergotelis
[2329776] Failed to scrape lineup: https://www.transfermarkt.co.uk/rsc-anderlecht_sv-zulte-waregem/index/spielbericht/2329776
[2480876] Failed to scrape lineup: https://www.transfermarkt.co.uk/spielbericht/index/spielbericht/2480876
[2986491] Failed to scrape lineup: https://www.transfermarkt.co.uk/st-johnstone-fc_motherwell-fc/index/spielbericht/2986491
[2658052] Could not find attributes for georgios kantimiris (Veria NPS, 2015)
[2763362] Could not find attributes for tamati williams (RKC Waalwijk, 2016)
[2658052] Failed to build match row: Veria NPS vs AO Xanthi
[2763362] Failed to build match row: Vitesse Arnhem vs RKC Waalwijk
, 2014)
[3093564] Failed to scrape lineup: https://www.transfermarkt.co.uk/spielbericht/index/spielbericht/3093564
[2594743] Failed to scrape lineup: https://www.transfermarkt.co.uk/villarreal-cf_ud-las-palmas/index/spielbericht/2594743
[2332265] Could not find attributes for mahamadou diarra (Fulham Football Club, 2013)
[2460898] Failed to build match row: Verein für Leibesübungen Wolfsburg vs Hannover 96
[2818581] Failed to scrape lineup: https://www.transfermarkt.co.uk/ae-larisa_asteras-tripolis/index/spielbericht/2818581
[2332265] Failed to build match row: Stoke City vs Fulham Football Club
[2698410] Failed to scrape lineup: https://www.transfermarkt.co.uk/arsenal-fc_manchester-united/index/spielbericht/2698410
[2581262] Could not find attributes for maksym koval (Odense Boldklub, 2015)
[2581262] Failed to build match row: Fodbold Club Nordsjælland vs Odense Boldklub
[3203559] Failed to scrape lineup: https://www.transfermarkt.co.uk/bayern-munich_sv-werder-bremen/index/spielbericht/3203559
[3279213] Could not find attributes for yuya osako (Sportverein Werder Bremen von 1899, 2019)
[2320470] Could not find attributes for frederik schramme (TSV 1860 Rosenheim, 2013)
[2320470] Failed to build match row: TSV 1860 Rosenheim vs VfR Aalen
nordsjaelland_odense-boldklub/index/spielbericht/2875228
[3279213] Failed to build match row: Sportverein Werder Bremen von 1899 vs Borussia Dortmund
[3245521] Could not find attributes for vladimir darida (Hertha BSC, 2019)
[2588891] Failed to scrape lineup: https://www.transfermarkt.co.uk/sc-heerenveen_de-graafschap-doetinchem/index/spielbericht/2588891
[2368454] Failed to scrape lineup: https://www.transfermarkt.co.uk/spielbericht/index/spielbericht/2368454
[2884499] Could not find attributes for nikola maras (GD Chaves, 2017)
[2884499] Failed to build match row: Boavista FC vs GD Chaves
[3245521] Failed to build match row: Hertha BSC vs SG Dynamo Dresden
[2512951] Could not find attributes for igor lytovka (Olimpik Donetsk, 2014)
[2512951] Failed to build match row: Olimpik Donetsk vs Goverla Uzhgorod (- 2016)
[2359257] Failed to scrape lineup: https://www.transfermarkt.co.uk/calcio-catania_chievo-verona/index/spielbericht/2359257
[3210377] Failed to scrape lineup: https://www.transfermarkt.co.uk/fc-nordsjaelland_aarhus-gf/index/spielbericht/3210377
[3219109] Could not find attributes for anthony gordon (Everton Football Club, 2019)
[3219109] Failed to build match row: Everton Football Club vs Southampton FC
[2345062] Could not find attributes for andrei muresan (Astra Giurgiu (- 2024), 2013)
[2345062] Failed to build match row: Astra Giurgiu (- 2024) vs Omonia Nicosia
[2480888] Could not find attributes for stanislav bogush (Vorskla Poltava, 2014)
[2480888] Failed to build match row: Vorskla Poltava vs Metalurg Donetsk (- 2015)
[2818582] Could not find attributes for huanderson (Iraklis Thessaloniki, 2016)
[2818582] Failed to build match row: Iraklis Thessaloniki vs APO Levadiakos Football Club
[2719075] Could not find attributes for andreas pereira (Granada CF, 2016)
[2719075] Failed to build match row: Club Atlético Osasuna vs Granada CF
[2658053] Could not find attributes for miguel vitor (Panthessalonikios Athlitikos Omilos Konstantinoupoliton, 2015)
[2475369] Could not find attributes for marcos angeleri (Málaga CF, 2014)
[2581263] Could not find attributes for kees luijckx (Sønderjyske Fodbold, 2015)
[2658053] Failed to build match row: Panthessalonikios Athlitikos Omilos Konstantinoupoliton vs APO Levadiakos Football Club
[2475369] Failed to build match row: Sevilla Fútbol Club S.A.D. vs Málaga CF
[2581263] Failed to build match row: Aalborg BK vs Sønderjyske Fodbold
[2604920] Failed to scrape lineup: https://www.transfermarkt.co.uk/spielbericht/index/spielbericht/2604920
[2495307] Failed to scrape lineup: https://www.transfermarkt.co.uk/spielbericht/index/spielbericht/2495307

Keepers & outfield error for **Chelsea Football Club** in Chelsea Football Club vs Crystal Palace Football Club: Numbers: 2 and 9.
[2704355] Failed to scrape lineup: https://www.transfermarkt.co.uk/1-fc-koln_fc-augsburg/index/spielbericht/2704355
[2698411] Failed to build match row: Chelsea Football Club vs Crystal Palace Football Club
[2329777] Failed to scrape lineup: https://www.transfermarkt.co.uk/krc-genk_rsc-charleroi/index/spielbericht/2329777
[3119686] Could not find attributes for mohamed bettamer (Barnet FC, 2018)
[2987142] Failed to scrape lineup: https://www.transfermarkt.co.uk/spielbericht/index/spielbericht/2987142
[2452109] Could not find attributes for christos bourbos (Omilos Filathlon Irakliou FC, 2013)
[3119686] Failed to build match row: Barnet FC vs Bristol Rovers
[3061049] Could not find attributes for ben rienstra (Sportclub Heerenveen, 2018)

Keepers & outfield error for **Chelsea Football Club** in Chelsea Football Club vs FC Schalke 04: Numbers: 2 and 9.
[2452109] Failed to build match row: Omilos Filathlon Irakliou FC vs AO Xanthi
[2884500] Could not find attributes for heldon (Vitória Sport Clube, 2017)
[2884500] Failed to build match row: Vitória Sport Clube vs Vitória Setúbal FC
[3061049] Failed to build match row: Excelsior Rotterdam vs Sportclub Heerenveen
[2368455] Failed to build match row: Chelsea Football Club vs FC Schalke 04
[2545929] Failed to scrape lineup: https://www.transfermarkt.co.uk/zulte-waregem_kv-oostende-2024-/index/spielbericht/2545929
[3070958] Could not find attributes for bogdan kuksenko (SK Tavriya Simferopol ( - 2022), 2018)
[3050276] Could not find attributes for moussa sissoko (Tottenham Hotspur Football Club, 2018)
[3070958] Failed to build match row: SK Tavriya Simferopol ( - 2022) vs Chayka Petropavlivska Borshchagivka
[3050276] Failed to build match row: Wolverhampton Wanderers Football Club vs Tottenham Hotspur Football Club

Keepers & outfield error for **Associazione Calcio Fiorentina** in Associazione Calcio Fiorentina vs Parma Calcio 1913: Numbers: 0 and 11.
[2359258] Failed to build match row: Associazione Calcio Fiorentina vs Parma Calcio 1913
[2460900] Could not find attributes for ragnar klavan (Fußball-Club Augsburg 1907, 2014)

Keepers & outfield error for **Società Sportiva Lazio S.p.A.** in Società Sportiva Lazio S.p.A. vs Juventus Football Club: Numbers: 2 and 9.
[2460900] Failed to build match row: Fußball-Club Augsburg 1907 vs 1. Fußball-Club Köln
[2486626] Could not find attributes for anthony reveillere (Sunderland Association Football Club, 2014)
[2486626] Failed to build match row: Sunderland Association Football Club vs West Ham United Football Club
[2897364] Failed to build match row: Società Sportiva Lazio S.p.A. vs Juventus Football Club
[2725479] Could not find attributes for albano bizzarri (Delfino Pescara 1936, 2016)
[3093566] Could not find attributes for badavi huseynov (Qarabağ FK, 2018)
[2588892] Failed to scrape lineup: https://www.transfermarkt.co.uk/pec-zwolle_sc-cambuur-leeuwarden/index/spielbericht/2588892
[3245522] Failed to scrape lineup: https://www.transfermarkt.co.uk/spielbericht/index/spielbericht/3245522
[2725479] Failed to build match row: Delfino Pescara 1936 vs Società Sportiva Calcio Napoli
[3093566] Failed to build match row: Qarabağ FK vs FC Sheriff Tiraspol

Keepers & outfield error for **Fodbold Club Midtjylland** in Fodbold Club Midtjylland vs Football Club København: Numbers: 2 and 9.
Not enough players found for lineup: 0, 0.
[2818583] Could not find attributes for andrey gorbunov (APS Atromitos Athinon, 2016)
[2875230] Failed to build match row: Fodbold Club Midtjylland vs Football Club København
[2340324] Failed to scrape lineup: https://www.transfermarkt.co.uk/sc-olhanense_cd-nacional/index/spielbericht/2340324
[2818583] Failed to build match row: APS Atromitos Athinon vs Panthessalonikios Athlitikos Omilos Konstantinoupoliton
[2345063] Could not find attributes for paulius grybauskas (Skonto Riga, 2013)
[2345063] Failed to build match row: Skonto Riga vs FC Slovan Liberec
[2763363] Failed to scrape lineup: https://www.transfermarkt.co.uk/spielbericht/index/spielbericht/2763363
[2512952] Failed to scrape lineup: https://www.transfermarkt.co.uk/metalist-kharkiv_metalurg-donetsk-2015-/index/spielbericht/2512952
[3210378] Failed to scrape lineup: https://www.transfermarkt.co.uk/esbjerg-fb_ac-horsens/index/spielbericht/3210378
[2732219] Could not find attributes for jakub brabec (Koninklijke Racing Club Genk, 2016)
[2987143] Failed to build match row: Sporting Clube de Portugal vs Futebol Clube do Porto
[2928261] Could not find attributes for ashton gotz (Roda JC Kerkrade, 2017)

Keepers & outfield error for **Chelsea Football Club** in Association Football Club Bournemouth vs Chelsea Football Club: Numbers: 2 and 9.

Keepers & outfield error for **Royal Sporting Club Anderlecht** in Royal Sporting Club Anderlecht vs Borussia Dortmund: Numbers: 0 and 11.
[2732219] Failed to build match row: Koninklijke Racing Club Genk vs KAS Eupen
[2698412] Failed to build match row: Association Football Club Bournemouth vs Chelsea Football Club
[2928261] Failed to build match row: Roda JC Kerkrade vs Football Club Groningen
[2495308] Failed to build match row: Royal Sporting Club Anderlecht vs Borussia Dortmund
[3226481] Could not find attributes for yevgen past (Desna Chernigiv, 2019)
[2368456] Could not find attributes for florin gardos (SC Fotbal Club FCSB SA, 2013)
[2320471] Could not find attributes for christopher handke (1.FC Magdeburg, 2013)
[3226481] Failed to build match row: Desna Chernigiv vs Vorskla Poltava
[2368456] Failed to build match row: FC Basel 1893 AG vs SC Fotbal Club FCSB SA
[2604921] Failed to scrape lineup: https://www.transfermarkt.co.uk/spielbericht/index/spielbericht/2604921
[2545930] Could not find attributes for Boban Bajkovic (Lierse SK (- 2018), 2014)
[2480889] Could not find attributes for vladimir disljenkovic (Metalist Kharkiv (- 2016), 2014)
[2581264] Failed to scrape lineup: https://www.transfermarkt.co.uk/fc-copenhagen_viborg-ff/index/spielbericht/2581264
Not enough players found for lineup: 0, 0.
[2475370] Failed to scrape lineup: https://www.transfermarkt.co.uk/valencia-cf_sevilla-fc/index/spielbericht/2475370
[2320471] Failed to build match row: 1.FC Magdeburg vs FC Energie Cottbus
[2545930] Failed to build match row: Lierse SK (- 2018) vs KV Kortrijk
[2871796] Could not find attributes for tony jantschke (Mönchengladbach, 2017)
[2658054] Failed to scrape lineup: https://www.transfermarkt.co.uk/panetolikos-gfs_olympiacos-piraeus/index/spielbericht/2658054
[2704356] Failed to scrape lineup: https://www.transfermarkt.co.uk/hamburger-sv_sv-werder-bremen/index/spielbericht/2704356

Keepers & outfield error for **Wolverhampton Wanderers Football Club** in Wolverhampton Wanderers Football Club vs Everton Football Club: Numbers: 0 and 11.
[2340325] Failed to scrape lineup: https://www.transfermarkt.co.uk/rio-ave-fc_sc-braga/index/spielbericht/2340325
[2871796] Failed to build match row: Bayer 04 Leverkusen Fußball vs Mönchengladbach
[2480889] Failed to build match row: Metalist Kharkiv (- 2016) vs Goverla Uzhgorod (- 2016)
[2452110] Failed to scrape lineup: https://www.transfermarkt.co.uk/ael-kalloni_panthrakikos-komotini/index/spielbericht/2452110
[2329778] Failed to scrape lineup: https://www.transfermarkt.co.uk/oud-heverlee-leuven_cercle-brugge/index/spielbericht/2329778
[3219111] Failed to build match row: Wolverhampton Wanderers Football Club vs Everton Football Club
[2615032] Could not find attributes for markus brzenska (FC Viktoria Köln, 2015)
[2615032] Failed to build match row: FC Viktoria Köln vs Bayer 04 Leverkusen Fußball
[2594745] Could not find attributes for carl medjani (Levante Unión Deportiva S.A.D., 2015)
[3093569] Failed to scrape lineup: https://www.transfermarkt.co.uk/spielbericht/index/spielbericht/3093569
[3203561] Could not find attributes for stephan lichtsteiner (Fußball-Club Augsburg 1907, 2019)
[2594745] Failed to build match row: Real Sociedad de Fútbol S.A.D. vs Levante Unión Deportiva S.A.D.

Keepers & outfield error for **Chelsea Football Club** in Chelsea Football Club vs Stoke City: Numbers: 2 and 9.
[2460901] Failed to scrape lineup: https://www.transfermarkt.co.uk/tsg-1899-hoffenheim_borussia-dortmund/index/spielbericht/2460901
[3203561] Failed to build match row: Turn- und Sportgemeinschaft 1899 Hoffenheim Fußball-Spielbetriebs vs Fußball-Club Augsburg 1907
[3080870] Failed to scrape lineup: https://www.transfermarkt.co.uk/sd-huesca_celta-de-vigo/index/spielbericht/3080870
[2332268] Failed to build match row: Chelsea Football Club vs Stoke City

Keepers & outfield error for **CS Marítimo** in CS Marítimo vs Moreirense Futebol Clube: Numbers: 3 and 8.
[2359260] Failed to scrape lineup: https://www.transfermarkt.co.uk/hellas-verona_as-livorno/index/spielbericht/2359260
[3279215] Could not find attributes for lars ritzka (SC Verl, 2019)
[2658055] Failed to scrape lineup: https://www.transfermarkt.co.uk/panthrakikos-komotini_iraklis-thessaloniki/index/spielbericht/2658055
[2884501] Failed to build match row: CS Marítimo vs Moreirense Futebol Clube
[3279215] Failed to build match row: SC Verl vs 1. Fußballclub Union Berlin

Keepers & outfield error for **Málaga CF** in Real Sociedad de Fútbol S.A.D. vs Málaga CF: Numbers: 0 and 11.
[2475371] Could not find attributes for loukas vyntra (Levante Unión Deportiva S.A.D., 2014)
[2719077] Failed to build match row: Real Sociedad de Fútbol S.A.D. vs Málaga CF
[2475371] Failed to build match row: Villarreal Club de Fútbol S.A.D. vs Levante Unión Deportiva S.A.D.
[3070959] Could not find attributes for maksym babiychuk (NK Veres Rivne, 2018)
[3070959] Failed to build match row: NK Veres Rivne vs FC Minaj
[2512953] Could not find attributes for bogdan shust (Volyn Lutsk, 2014)
[2512953] Failed to build match row: Volyn Lutsk vs FC Zorya Lugansk
[2818584] Could not find attributes for mark asigba (Veria NPS, 2016)
[2725481] Failed to scrape lineup: https://www.transfermarkt.co.uk/cagliari-calcio_as-roma/index/spielbericht/2725481
[2480890] Failed to scrape lineup: https://www.transfermarkt.co.uk/olimpik-donetsk_shakhtar-donetsk/index/spielbericht/2480890
[2340326] Failed to scrape lineup: https://www.transfermarkt.co.uk/cf-os-belenenses_fc-pacos-de-ferreira/index/spielbericht/2340326
[2818584] Failed to build match row: Veria NPS vs PAS Giannina
Not enough players found for lineup: 0, 0.
[3050278] Could not find attributes for glenn murray (Brighton and Hove Albion Football Club, 2018)
[3385550] Failed to scrape lineup: https://www.transfermarkt.co.uk/spielbericht/index/spielbericht/3385550
[3050278] Failed to build match row: Cardiff City vs Brighton and Hove Albion Football Club
[3210380] Could not find attributes for zeca (Football Club København, 2019)
[3226482] Could not find attributes for german penkov (Olimpik Donetsk, 2019)
[2875231] Could not find attributes for magnus mattsson (Silkeborg Idrætsforening, 2017)
[3210380] Failed to build match row: Fodbold Club Midtjylland vs Football Club København

Keepers & outfield error for **Valencia Club de Fútbol S. A. D.** in Valencia Club de Fútbol S. A. D. vs Real Madrid Club de Fútbol: Numbers: 0 and 11.
[3226482] Failed to build match row: Olimpik Donetsk vs FK Kolos Kovalivka
ina, 2015)
[2875231] Failed to build match row: Silkeborg Idrætsforening vs Lyngby Boldklub
[3080871] Failed to build match row: Valencia Club de Fútbol S. A. D. vs Real Madrid Club de Fútbol
[2460902] Could not find attributes for roel brouwers (Mönchengladbach, 2014)
[3061051] Could not find attributes for sepp van den berg (Prins Hendrik Ende Desespereert Nimmer Combinatie Zwolle, 2018)
[2658056] Failed to build match row: PAS Giannina vs AO Platanias
[3061051] Failed to build match row: FC Emmen vs Prins Hendrik Ende Desespereert Nimmer Combinatie Zwolle

Keepers & outfield error for **Chelsea Football Club** in Chelsea Football Club vs Sunderland Association Football Club: Numbers: 2 and 9.
[2460902] Failed to build match row: Hertha BSC vs Mönchengladbach
[2329779] Could not find attributes for idrissa sylla (Sportvereniging Zulte Waregem, 2013)
[2698414] Failed to build match row: Chelsea Football Club vs Sunderland Association Football Club

Keepers & outfield error for **CD Leganés** in CD Leganés vs Alaves: Numbers: 2 and 9.
[2329779] Failed to build match row: Sportvereniging Zulte Waregem vs Koninklijke Racing Club Genk

Keepers & outfield error for **Rio Ave Futebol Clube** in Rio Ave Futebol Clube vs Clube Desportivo de Tondela: Numbers: 3 and 8.
[2452111] Could not find attributes for danijel pranjic (Panathinaikos Athlitikos Omilos, 2013)
[2545931] Could not find attributes for obbi oulare (Club Brugge Koninklijke Voetbalvereniging, 2014)
[2884502] Failed to build match row: Rio Ave Futebol Clube vs Clube Desportivo de Tondela
[2719078] Failed to build match row: CD Leganés vs Alaves
[2452111] Failed to build match row: Panathinaikos Athlitikos Omilos vs APO Levadiakos Football Club
[3219112] Could not find attributes for pablo mari (Arsenal Football Club, 2019)
[3219112] Failed to build match row: Arsenal Football Club vs West Ham United Football Club
Not enough players found for lineup: 0, 11.
[2545931] Failed to build match row: Koninklijke Voetbal Club Westerlo vs Club Brugge Koninklijke Voetbalvereniging
[2588895] Could not find attributes for christian kum (Football Club Utrecht, 2015)
[2604922] Could not find attributes for dmitriy nepogodov (Vorskla Poltava, 2015)
[2512954] Could not find attributes for yuriy pankiv (Metalurg Donetsk (- 2015), 2014)
[2763534] Failed to scrape lineup: https://www.transfermarkt.co.uk/spielbericht/index/spielbericht/2763534
[2604922] Failed to build match row: Vorskla Poltava vs MSK Zilina

Keepers & outfield error for **Valencia Club de Fútbol S. A. D.** in Villarreal Club de Fútbol S.A.D. vs Valencia Club de Fútbol S. A. D.: Numbers: 0 and 11.
[2588895] Failed to build match row: Feyenoord Rotterdam vs Football Club Utrecht
Not enough players found for lineup: 0, 0.
[2512954] Failed to build match row: Metalurg Donetsk (- 2015) vs Olimpik Donetsk
[3167771] Failed to build match row: Villarreal Club de Fútbol S.A.D. vs Valencia Club de Fútbol S. A. D.
[3385551] Failed to scrape lineup: https://www.transfermarkt.co.uk/spielbericht/index/spielbericht/3385551
[3210381] Could not find attributes for mo dauda (Esbjerg fB, 2019)
[3226483] Could not find attributes for yevgen cheberko (FC Zorya Lugansk, 2019)
[3210381] Failed to build match row: Brøndby Idrætsforening vs Esbjerg fB

Keepers & outfield error for **Bologna Football Club 1909** in Bologna Football Club 1909 vs Atalanta Bergamasca Calcio S.p.a.: Numbers: 2 and 9.
[3226483] Failed to build match row: FC Zorya Lugansk vs SC Dnipro-1
[2897368] Failed to build match row: Bologna Football Club 1909 vs Atalanta Bergamasca Calcio S.p.a.
[2359261] Failed to scrape lineup: https://www.transfermarkt.co.uk/ac-milan_uc-sampdoria/index/spielbericht/2359261
[3245524] Failed to scrape lineup: https://www.transfermarkt.co.uk/spielbericht/index/spielbericht/3245524
[3070960] Could not find attributes for dmytro zelinskyi (Energiya Nova Kakhovka, 2018)
[2987580] Failed to scrape lineup: https://www.transfermarkt.co.uk/royal-antwerp-fc_kvrs-waasland-sk-beveren/index/spielbericht/2987580

Keepers & outfield error for **Alaves** in Alaves vs CD Leganés: Numbers: 2 and 9.
[3070960] Failed to build match row: Energiya Nova Kakhovka vs Krystal Kherson
[2460903] Could not find attributes for janek sternberg (Sportverein Werder Bremen von 1899, 2014)
[3080872] Failed to build match row: Alaves vs CD Leganés
[2460903] Failed to build match row: Sportverein Werder Bremen von 1899 vs Eintracht Frankfurt Fußball AG
[2480891] Could not find attributes for artem kychak (Volyn Lutsk, 2014)
[2818585] Could not find attributes for branislav nikic (AOK Kerkyra, 2016)

Keepers & outfield error for **Hull City** in Hull City vs Swansea City: Numbers: 0 and 11.
[2480891] Failed to build match row: Volyn Lutsk vs Karpaty Lviv (-2021)
5)
[2818585] Failed to build match row: AOK Kerkyra vs Olympiakos Syndesmos Filathlon Peiraios
[2486630] Failed to build match row: Hull City vs Swansea City

Keepers & outfield error for **Genoa Cricket and Football Club** in FC Crotone vs Genoa Cricket and Football Club: Numbers: 2 and 9.
[2615033] Failed to build match row: FC Erzgebirge Aue vs Eintracht Frankfurt Fußball AG
[3203563] Could not find attributes for vladimir darida (Hertha BSC, 2019)

Keepers & outfield error for **RasenBallsport Leipzig** in Verein für Bewegungsspiele Stuttgart 1893 vs RasenBallsport Leipzig: Numbers: 0 and 11.
[2704359] Could not find attributes for nils petersen (Sport-Club Freiburg, 2016)
[2725482] Failed to build match row: FC Crotone vs Genoa Cricket and Football Club
[3203563] Failed to build match row: Hertha BSC vs Sport-Club Freiburg
[2871799] Failed to build match row: Verein für Bewegungsspiele Stuttgart 1893 vs RasenBallsport Leipzig
[3219113] Could not find attributes for patrick van aanholt (Crystal Palace Football Club, 2019)
[2884503] Failed to build match row: Clube Desportivo de Tondela vs Desportivo Aves (- 2020)
[3219113] Failed to build match row: Crystal Palace Football Club vs Watford FC
[2581266] Failed to scrape lineup: https://www.transfermarkt.co.uk/randers-fc_hobro-ik/index/spielbericht/2581266

Keepers & outfield error for **Valencia Club de Fútbol S. A. D.** in Valencia Club de Fútbol S. A. D. vs Villarreal Club de Fútbol S.A.D.: Numbers: 0 and 11.
[2658057] Could not find attributes for michalis zaropoulos (AO Xanthi, 2015)
[3167772] Failed to build match row: Valencia Club de Fútbol S. A. D. vs Villarreal Club de Fútbol S.A.D.
[2320472] Could not find attributes for mathias wittek (1. Fußballclub Heidenheim 1846, 2013)
[2545932] Could not find attributes for Dario Melnjak (KSC Lokeren (- 2020), 2014)
[3119687] Could not find attributes for scott duxbury (Stockport County, 2018)
[3050279] Failed to scrape lineup: https://www.transfermarkt.co.uk/chelsea-fc_everton-fc/index/spielbericht/3050279
[2329780] Failed to scrape lineup: https://www.transfermarkt.co.uk/kv-mechelen_rsc-anderlecht/index/spielbericht/2329780
[2658057] Failed to build match row: AO Xanthi vs PAS Giannina
[2545932] Failed to build match row: SK Beveren vs KSC Lokeren (- 2020)
[2320472] Failed to build match row: 1. Fußballclub Heidenheim 1846 vs TSV 1860 Munich
[3119687] Failed to build match row: Yeovil Town vs Stockport County
[2897369] Could not find attributes for bacary sagna (Benevento Calcio, 2017)
Not enough players found for lineup: 0, 0.
[3279217] Failed to scrape lineup: https://www.transfermarkt.co.uk/spielbericht/index/spielbericht/3279217
[2897369] Failed to build match row: Associazione Calcio Fiorentina vs Benevento Calcio
[2345064] Could not find attributes for goran vuklis (Rudar Pljevlja, 2013)
[3385552] Failed to scrape lineup: https://www.transfermarkt.co.uk/spielbericht/index/spielbericht/3385552
[2359262] Could not find attributes for jonatan cristaldo (Bologna Football Club 1909, 2013)
[2345064] Failed to build match row: Slask Wroclaw vs Rudar Pljevlja
[2359262] Failed to build match row: Associazione Sportiva Roma vs Bologna Football Club 1909
[2875233] Could not find attributes for mohammad adnan (FC Helsingör, 2017)
[2452112] Failed to scrape lineup: https://www.transfermarkt.co.uk/paok-thessaloniki_atromitos-athens/index/spielbericht/2452112
[3080873] Could not find attributes for daniele bonera (Villarreal Club de Fútbol S.A.D., 2018)
[2875233] Failed to build match row: Brøndby Idrætsforening vs FC Helsingör
[2480892] Could not find attributes for dmytro bezotosnyi (Chornomorets Odesa, 2014)
[3080873] Failed to build match row: Real Betis Balompié S.A.D. vs Villarreal Club de Fútbol S.A.D.
[2480892] Failed to build match row: Chornomorets Odesa vs FC Zorya Lugansk
[2818586] Could not find attributes for dimitrios kourbelis (Panathinaikos Athlitikos Omilos, 2016)
[2512955] Could not find attributes for oleksandr rybka (Futbolniy Klub Dynamo Kyiv, 2014)
[3210383] Failed to scrape lineup: https://www.transfermarkt.co.uk/ac-horsens_silkeborg-if/index/spielbericht/3210383
[2732222] Could not find attributes for ishak belfodil (Royal Standard Club de Liège, 2016)
[2512955] Failed to build match row: Futbolniy Klub Dynamo Kyiv vs FC Zorya Lugansk
[2581267] Failed to scrape lineup: https://www.transfermarkt.co.uk/viborg-ff_brondby-if/index/spielbericht/2581267
[2763535] Could not find attributes for kostyantyn makhnovskyi (Desna Chernigiv, 2016)
[2732222] Failed to build match row: Yellow-Red Koninklijke Voetbalclub Mechelen vs Royal Standard Club de Liège
[2604923] Could not find attributes for ducu ninu (AEK Larnaca, 2015)
[3050280] Could not find attributes for moussa sissoko (Tottenham Hotspur Football Club, 2018)

Keepers & outfield error for **Rayo Vallecano de Madrid S. A. D.** in Club Atlético de Madrid S.A.D. vs Rayo Vallecano de Madrid S. A. D.: Numbers: 0 and 11.

Keepers & outfield error for **1. Fußball- und Sportverein Mainz 05** in 1. Fußball- und Sportverein Mainz 05 vs Borussia Dortmund: Numbers: 2 and 9.
[2604923] Failed to build match row: AEK Larnaca vs FC Girondins Bordeaux
[2475372] Failed to build match row: Club Atlético de Madrid S.A.D. vs Rayo Vallecano de Madrid S. A. D.
[3203564] Failed to build match row: 1. Fußball- und Sportverein Mainz 05 vs Borussia Dortmund
[3050280] Failed to build match row: Crystal Palace Football Club vs Tottenham Hotspur Football Club
[3070961] Could not find attributes for bogdan petrychenko (FK Nikopol, 2018)
Not enough players found for lineup: 0, 0.
v filipovic (KSC Lokeren (- 2020), 2017)
[3070961] Failed to build match row: FK Nikopol vs Myr Gornostaivka
[3280140] Failed to scrape lineup: https://www.transfermarkt.co.uk/spielbericht/index/spielbericht/3280140
[2987581] Failed to build match row: KSC Lokeren (- 2020) vs Royal Standard Club de Liège
[2545933] Could not find attributes for Faris Haroun (Cercle Brugge Koninklijke Sportvereniging, 2014)
[2545933] Failed to build match row: Cercle Brugge Koninklijke Sportvereniging vs Yellow-Red Koninklijke Voetbalclub Mechelen
[2928262] Could not find attributes for tony tol (ASV De Dijk, 2017)
[3226484] Could not find attributes for roman pidkivka (Karpaty Lviv (-2021), 2019)
[2928262] Failed to build match row: ASV De Dijk vs AFC Ajax Amsterdam
[2452113] Could not find attributes for georgios kantimiris (Veria NPS, 2013)
)

Keepers & outfield error for **Verona Hellas Football Club** in Verona Hellas Football Club vs Chievo Verona: Numbers: 0 and 11.
[2452113] Failed to build match row: Veria NPS vs A.G.S Asteras Tripolis
[2495309] Could not find attributes for yekta kurtulus (Galatasaray Spor Kulübü, 2014)
[2897370] Failed to build match row: Verona Hellas Football Club vs Chievo Verona
[3061053] Could not find attributes for ricardo van rhijn (Alkmaar Zaanstreek, 2018)
�
[3061053] Failed to build match row: Football Club Groningen vs Alkmaar Zaanstreek

Keepers & outfield error for **FC Paços de Ferreira** in FC Paços de Ferreira vs CF Os Belenenses: Numbers: 0 and 11.
Not enough players found for lineup: 0, 11.
[2884504] Failed to build match row: FC Paços de Ferreira vs CF Os Belenenses
[2658058] Could not find attributes for georgios bantis (A.G.S Asteras Tripolis, 2015)
[2763536] Failed to scrape lineup: https://www.transfermarkt.co.uk/spielbericht/index/spielbericht/2763536
[2658058] Failed to build match row: A.G.S Asteras Tripolis vs Veria NPS
[2329782] Could not find attributes for idrissa sylla (Sportvereniging Zulte Waregem, 2013)
[2329782] Failed to build match row: RAEC Mons (- 2015) vs Sportvereniging Zulte Waregem
[3167773] Could not find attributes for rafa silva (Sport Lisboa e Benfica, 2018)
[3245525] Could not find attributes for korbinian muller (Fußball-Club St. Pauli von 1910, 2019)
[3167773] Failed to build match row: Sport Lisboa e Benfica vs Eintracht Frankfurt Fußball AG
[3245525] Failed to build match row: Fußball-Club St. Pauli von 1910 vs Eintracht Frankfurt Fußball AG
Not enough players found for lineup: 0, 0.
[2460905] Could not find attributes for ragnar klavan (Fußball-Club Augsburg 1907, 2014)
[3385553] Failed to scrape lineup: https://www.transfermarkt.co.uk/spielbericht/index/spielbericht/3385553
[2460905] Failed to build match row: FC Bayern München vs Fußball-Club Augsburg 1907
[2875234] Could not find attributes for frans putros (Hobro IK, 2017)
[2875234] Failed to build match row: Hobro IK vs Fodbold Club Midtjylland
[2818587] Could not find attributes for dimitrios sotiriou (AO Platanias, 2016)
[2818587] Failed to build match row: AO Platanias vs Athlitiki Enosi Konstantinoupoleos
[2719080] Could not find attributes for darko brasanac (Real Betis Balompié S.A.D., 2016)
[2633840] Could not find attributes for juanfran (CF Villanovense, 2015)
[2320473] Could not find attributes for bernhard hendl (SSV Jahn Regensburg, 2013)
[2615034] Could not find attributes for marco rosenzweig (SpVgg Unterhaching, 2015)
[2633840] Failed to build match row: Futbol Club Barcelona vs CF Villanovense
[2320473] Failed to build match row: SSV Jahn Regensburg vs 1. Fußballclub Union Berlin
[2732223] Could not find attributes for nemanja miletic (Koninklijke Voetbal Club Westerlo, 2016)
[3219115] Could not find attributes for patrick van aanholt (Crystal Palace Football Club, 2019)
[2615034] Failed to build match row: SpVgg Unterhaching vs RasenBallsport Leipzig
[2732223] Failed to build match row: Koninklijke Voetbal Club Westerlo vs Sportvereniging Zulte Waregem
[2512956] Could not find attributes for yuriy martyshchuk (Chornomorets Odesa, 2014)
[2928949] Could not find attributes for zeca (Football Club København, 2017)
[3219115] Failed to build match row: Crystal Palace Football Club vs Chelsea Football Club
[2928949] Failed to build match row: Football Club København vs Brøndby Idrætsforening
[2512956] Failed to build match row: FC Shakhtar Donetsk vs Chornomorets Odesa

Keepers & outfield error for **Società Sportiva Lazio S.p.A.** in Unione Sportiva Sassuolo Calcio vs Società Sportiva Lazio S.p.A.: Numbers: 2 and 9.
[2359263] Failed to build match row: Unione Sportiva Sassuolo Calcio vs Società Sportiva Lazio S.p.A.

Keepers & outfield error for **Società Sportiva Lazio S.p.A.** in Cagliari Calcio vs Società Sportiva Lazio S.p.A.: Numbers: 2 and 9.
[2452114] Could not find attributes for sokratis dioudis (Aris Thessalonikis, 2013)

Keepers & outfield error for **KAS Eupen** in KAS Eupen vs Koninklijke Atletiek Associatie Gent: Numbers: 2 and 9.
[2452114] Failed to build match row: Aris Thessalonikis vs PAS Giannina
[2987582] Failed to build match row: KAS Eupen vs Koninklijke Atletiek Associatie Gent
[2897371] Failed to build match row: Cagliari Calcio vs Società Sportiva Lazio S.p.A.
[2547042] Could not find attributes for dimitrios tairis (Apollon Smyrnis, 2014)

Keepers & outfield error for **Vitesse Arnhem** in Vitesse Arnhem vs ADO Den Haag: Numbers: 0 and 11.
[3061054] Failed to build match row: Vitesse Arnhem vs ADO Den Haag
[2547042] Failed to build match row: Apollon Smyrnis vs Olympiakos Syndesmos Filathlon Peiraios
[3210385] Could not find attributes for imed louati (Hobro IK, 2019)
[3167774] Could not find attributes for rafa silva (Sport Lisboa e Benfica, 2018)

Keepers & outfield error for **Chelsea Football Club** in Manchester United Football Club vs Chelsea Football Club: Numbers: 2 and 9.
[3210385] Failed to build match row: Hobro IK vs Fodbold Club Nordsjælland

Keepers & outfield error for **Celta** in Getafe Club de Fútbol S. A. D. Team Dubai vs Celta: Numbers: 0 and 11.

Keepers & outfield error for **Valencia Club de Fútbol S. A. D.** in Rayo Vallecano de Madrid S. A. D. vs Valencia Club de Fútbol S. A. D.: Numbers: 0 and 11.
[2698416] Failed to build match row: Manchester United Football Club vs Chelsea Football Club
[3167774] Failed to build match row: Eintracht Frankfurt Fußball AG vs Sport Lisboa e Benfica
[2604924] Could not find attributes for andriy pylyavskyi (FC Zorya Lugansk, 2015)
[2475373] Failed to build match row: Getafe Club de Fútbol S. A. D. Team Dubai vs Celta
[3080875] Failed to build match row: Rayo Vallecano de Madrid S. A. D. vs Valencia Club de Fútbol S. A. D.

Keepers & outfield error for **Grupo Desportivo Estoril Praia** in Grupo Desportivo Estoril Praia vs Sport Lisboa e Benfica: Numbers: 0 and 11.

Keepers & outfield error for **AC Horsens** in AC Horsens vs Randers Fodbold Club: Numbers: 2 and 9.
[2884505] Failed to build match row: Grupo Desportivo Estoril Praia vs Sport Lisboa e Benfica
[3280141] Could not find attributes for manolis kalogerakis (GS Ergotelis, 2019)
[2604924] Failed to build match row: FC Zorya Lugansk vs Royal Charleroi Sporting Club
[2345066] Could not find attributes for argent halilaj (FK Kukësi, 2013)
[3280141] Failed to build match row: GS Ergotelis vs AO Trikala
[2581269] Could not find attributes for maksym koval (Odense Boldklub, 2015)
[2875235] Failed to build match row: AC Horsens vs Randers Fodbold Club
[2345066] Failed to build match row: FK Kukësi vs FK Sarajevo
[2581269] Failed to build match row: Odense Boldklub vs Sønderjyske Fodbold
[2512957] Could not find attributes for maksym koval (Goverla Uzhgorod (- 2016), 2014)
[2871810] Could not find attributes for andriy yarmolenko (Borussia Dortmund, 2017)
[2512957] Failed to build match row: Goverla Uzhgorod (- 2016) vs FK Mariupol
[3245887] Could not find attributes for vladimir mukhin (FC Leningradets, 2019)
[2871810] Failed to build match row: Borussia Dortmund vs RasenBallsport Leipzig
[2732224] Could not find attributes for nemanja miletic (Koninklijke Voetbal Club Westerlo, 2016)
[2452115] Could not find attributes for nikolaos papadopoulos (Panionios Athens, 2013)
[2732224] Failed to build match row: KV Oostende vs Koninklijke Voetbal Club Westerlo
[3245887] Failed to build match row: FC Leningradets vs FK Baltika
[2452115] Failed to build match row: Panionios Athens vs AO Platanias

Keepers & outfield error for **Futbol Club Barcelona** in Futbol Club Barcelona vs SD Eibar: Numbers: 2 and 9.
[3070963] Could not find attributes for mikhail artyukh (Dinamo Stavropol, 2018)
[2719081] Failed to build match row: Futbol Club Barcelona vs SD Eibar
[3070963] Failed to build match row: Dinamo Stavropol vs Angusht Nazran

Keepers & outfield error for **Southampton FC** in Southampton FC vs Everton Football Club: Numbers: 2 and 9.
[2460907] Could not find attributes for roel brouwers (Mönchengladbach, 2014)
[2818588] Could not find attributes for giannis anestis (Athlitiki Enosi Konstantinoupoleos, 2016)
[2332271] Failed to build match row: Southampton FC vs Everton Football Club
[2460907] Failed to build match row: Mönchengladbach vs Bayer 04 Leverkusen Fußball
[2615035] Could not find attributes for raphael koczor (FC Carl Zeiss Jena, 2015)
[2615035] Failed to build match row: FC Carl Zeiss Jena vs Verein für Bewegungsspiele Stuttgart 1893
[2818588] Failed to build match row: Athlitiki Enosi Konstantinoupoleos vs AOK Kerkyra
[2658059] Could not find attributes for makis giannikoglou (Iraklis Thessaloniki, 2015)
lub Mechelen, 2013)
[2633842] Could not find attributes for wilfried zahibo (Valencia Club de Fútbol S. A. D., 2015)
[3226486] Could not find attributes for roman pidkivka (Karpaty Lviv (-2021), 2019)
[2658059] Failed to build match row: Iraklis Thessaloniki vs Panetolikos Agrinio
[2884506] Could not find attributes for fabio coentrao (Sporting Clube de Portugal, 2017)
[2329783] Failed to build match row: Yellow-Red Koninklijke Voetbalclub Mechelen vs SK Beveren
[3226486] Failed to build match row: Karpaty Lviv (-2021) vs FK Mariupol
Barakaldo CF
[2320474] Could not find attributes for dominik schmidt (Preußen Münster, 2013)
[3203566] Could not find attributes for jan thielmann (1. Fußball-Club Köln, 2019)
[2320474] Failed to build match row: Preußen Münster vs Fußball-Club St. Pauli von 1910
[2884506] Failed to build match row: Sporting Clube de Portugal vs Boavista FC

Keepers & outfield error for **Chelsea Football Club** in Chelsea Football Club vs Arsenal Football Club: Numbers: 2 and 9.
[3203566] Failed to build match row: 1. Fußball-Club Köln vs Bayer 04 Leverkusen Fußball
[2495312] Could not find attributes for marios antoniadis (APOEL Nicosia, 2014)
[2604925] Could not find attributes for marijan antolovic (FK Zeljeznicar Sarajevo, 2015)
[2698417] Failed to build match row: Chelsea Football Club vs Arsenal Football Club
[2704362] Could not find attributes for fabian frei (1. Fußball- und Sportverein Mainz 05, 2016)
[2594749] Could not find attributes for jean sylvain babin (Granada CF, 2015)
[2495312] Failed to build match row: APOEL Nicosia vs Paris Saint-Germain Football Club
[2604925] Failed to build match row: FK Zeljeznicar Sarajevo vs Royal Standard Club de Liège
[2588897] Failed to scrape lineup: https://www.transfermarkt.co.uk/nec-nijmegen_excelsior-rotterdam/index/spielbericht/2588897
[2594749] Failed to build match row: Real Betis Balompié S.A.D. vs Granada CF
[2704362] Failed to build match row: 1. Fußball- und Sportverein Mainz 05 vs FC Bayern München
[2871811] Failed to scrape lineup: https://www.transfermarkt.co.uk/tsg-1899-hoffenheim_fc-augsburg/index/spielbericht/2871811
[2875236] Could not find attributes for zeca (Football Club København, 2017)
[2581270] Could not find attributes for stephan andersen (Football Club København, 2015)
[2547043] Could not find attributes for makis giannikoglou (Iraklis Thessaloniki, 2014)
[2547043] Failed to build match row: Iraklis Thessaloniki vs AO Xanthi
[2875236] Failed to build match row: Football Club København vs Odense Boldklub
[3119688] Could not find attributes for manny adebowale (Dover Athletic, 2018)
[2581270] Failed to build match row: Football Club København vs Hobro IK
[3119688] Failed to build match row: Bury FC vs Dover Athletic

Keepers & outfield error for **Deportivo de La Coruña** in Deportivo de La Coruña vs UD Las Palmas: Numbers: 2 and 9.
[2818589] Could not find attributes for georgios athanasiadis (A.G.S Asteras Tripolis, 2016)
[2719082] Failed to build match row: Deportivo de La Coruña vs UD Las Palmas
[2818589] Failed to build match row: A.G.S Asteras Tripolis vs AO Xanthi
[3167775] Could not find attributes for alex kral (SK Slavia Praha, a.s., 2018)
[3210387] Could not find attributes for zeca (Football Club København, 2019)
[3167775] Failed to build match row: SK Slavia Praha, a.s. vs Chelsea Football Club
[3210387] Failed to build match row: Football Club København vs Hobro IK
[2460908] Could not find attributes for christian schulz (Hannover 96, 2014)
[2903929] Could not find attributes for ludovic baal (Rennes, 2017)
[2903929] Failed to build match row: EA Guingamp vs Rennes
[2460908] Failed to build match row: Hannover 96 vs Sportverein Werder Bremen von 1899
[2359265] Could not find attributes for jonatan cristaldo (Bologna Football Club 1909, 2013)
[2359265] Failed to build match row: Bologna Football Club 1909 vs Verona Hellas Football Club

Keepers & outfield error for **Chelsea Football Club** in FC Basel 1893 AG vs Chelsea Football Club: Numbers: 2 and 9.

Keepers & outfield error for **Vitória Sport Clube** in Sporting Clube de Portugal vs Vitória Sport Clube: Numbers: 0 and 11.
[2658060] Could not find attributes for theodoros moschonas (APO Levadiakos Football Club, 2015)
[2368462] Failed to build match row: FC Basel 1893 AG vs Chelsea Football Club
[2340327] Failed to build match row: Sporting Clube de Portugal vs Vitória Sport Clube
[2658060] Failed to build match row: APO Levadiakos Football Club vs Athlitiki Enosi Konstantinoupoleos
[2987584] Could not find attributes for olivier werner (Royal Excel Mouscron (-2022), 2017)
[2475375] Failed to scrape lineup: https://www.transfermarkt.co.uk/rcd-espanyol-barcelona_ud-almeria/index/spielbericht/2475375
[2987584] Failed to build match row: Royal Excel Mouscron (-2022) vs Koninklijke Racing Club Genk
[3226487] Could not find attributes for yuriy pankiv (FC Oleksandriya, 2019)
Not enough players found for lineup: 0, 11.
[2763537] Could not find attributes for yevgen khacheridi (Futbolniy Klub Dynamo Kyiv, 2016)
[3226487] Failed to build match row: FC Oleksandriya vs Olimpik Donetsk
[3093783] Failed to scrape lineup: https://www.transfermarkt.co.uk/spielbericht/index/spielbericht/3093783
[2763537] Failed to build match row: Futbolniy Klub Dynamo Kyiv vs FC Zorya Lugansk
[3280142] Could not find attributes for neofytos michail (A.G.S Asteras Tripolis, 2019)

Keepers & outfield error for **Sporting Clube de Braga** in Sporting Clube de Braga vs CS Marítimo: Numbers: 2 and 9.
[3280142] Failed to build match row: A.G.S Asteras Tripolis vs AO Platanias
[2875237] Could not find attributes for herolind shala (Lyngby Boldklub, 2017)
[2452116] Could not find attributes for grigoris papazacharias (Apollon Smyrnis, 2013)
[2884507] Failed to build match row: Sporting Clube de Braga vs CS Marítimo
[2512958] Could not find attributes for denys boyko (Dnipro Dnipropetrovsk (-2020), 2014)
[3061055] Could not find attributes for lasse schone (AFC Ajax Amsterdam, 2018)
[2329784] Could not find attributes for hanan maman (SK Beveren, 2013)
[2512958] Failed to build match row: Dnipro Dnipropetrovsk (-2020) vs Metalist Kharkiv (- 2016)
[3061055] Failed to build match row: Eindhovense Voetbalvereniging Philips Sport Vereniging vs AFC Ajax Amsterdam
[2875237] Failed to build match row: Lyngby Boldklub vs Aarhus Gymnastik Forening
[2818590] Could not find attributes for andrey gorbunov (APS Atromitos Athinon, 2016)
[2452116] Failed to build match row: Olympiakos Syndesmos Filathlon Peiraios vs Apollon Smyrnis
[3070964] Could not find attributes for dmitriy seleznev (Atom Novovoronezh, 2018)
[2329784] Failed to build match row: SK Beveren vs Lierse SK (- 2018)
[2615036] Could not find attributes for matthias hamrol (SSV Reutlingen 05, 2015)
[3070964] Failed to build match row: Atom Novovoronezh vs Metallurg Lipetsk
[2818590] Failed to build match row: APS Atromitos Athinon vs Athlitiki Enosi Larisas
[2615036] Failed to build match row: SSV Reutlingen 05 vs Eintracht Braunschweig
[3245888] Could not find attributes for timur kraykov (Veles Moscow, 2019)
[3245888] Failed to build match row: Veles Moscow vs Torpedo Moscow
Not enough players found for lineup: 0, 0.
[3167776] Could not find attributes for alex kral (SK Slavia Praha, a.s., 2018)
[3219118] Could not find attributes for danny ings (Southampton FC, 2019)
[3167776] Failed to build match row: Chelsea Football Club vs SK Slavia Praha, a.s.
[2340328] Failed to scrape lineup: https://www.transfermarkt.co.uk/vitoria-setubal-fc_gd-estoril-praia/index/spielbericht/2340328
[3219118] Failed to build match row: Southampton FC vs Newcastle United Football Club
Not enough players found for lineup: 0, 0.
[3385554] Failed to scrape lineup: https://www.transfermarkt.co.uk/spielbericht/index/spielbericht/3385554
[2320475] Could not find attributes for timo burgert (Bahlinger SC, 2013)
[2320475] Failed to build match row: Bahlinger SC vs VfL Bochum
[2368463] Could not find attributes for florin gardos (SC Fotbal Club FCSB SA, 2013)
[2368463] Failed to build match row: SC Fotbal Club FCSB SA vs FC Schalke 04
[2594751] Could not find attributes for josip radosevic (SD Eibar, 2015)
[2594751] Failed to build match row: Rayo Vallecano de Madrid S. A. D. vs SD Eibar
Not enough players found for lineup: 0, 11.
[2763538] Failed to scrape lineup: https://www.transfermarkt.co.uk/spielbericht/index/spielbericht/2763538
[2329785] Could not find attributes for didier ovono (KV Oostende, 2013)
[2884508] Could not find attributes for nikola maras (GD Chaves, 2017)
[2329785] Failed to build match row: KV Oostende vs KSC Lokeren (- 2020)
[2547044] Could not find attributes for anastasios avlonitis (Olympiakos Syndesmos Filathlon Peiraios, 2014)

Keepers & outfield error for **Villarreal Club de Fútbol S.A.D.** in Valencia Club de Fútbol S. A. D. vs Villarreal Club de Fútbol S.A.D.: Numbers: 0 and 11.

Keepers & outfield error for **Olympiakos Syndesmos Filathlon Peiraios** in Olympiakos Syndesmos Filathlon Peiraios vs AEL Kalloni: Numbers: 0 and 11.
[2884508] Failed to build match row: GD Chaves vs Portimonense SC
[2512959] Could not find attributes for maksim startsev (Metalurg Zaporizhya (-2016), 2014)
[2719083] Failed to build match row: Valencia Club de Fútbol S. A. D. vs Villarreal Club de Fútbol S.A.D.
[2512959] Failed to build match row: Metalurg Zaporizhya (-2016) vs Volyn Lutsk
[2547044] Failed to build match row: Olympiakos Syndesmos Filathlon Peiraios vs Apollon Smyrnis

Keepers & outfield error for **SPAL** in Unione Sportiva Sassuolo Calcio vs SPAL: Numbers: 2 and 9.
[2818591] Could not find attributes for stanislav namasco (APO Levadiakos Football Club, 2016)
[2658061] Failed to build match row: Olympiakos Syndesmos Filathlon Peiraios vs AEL Kalloni
[2480894] Could not find attributes for yevgen borovyk (Metalurg Zaporizhya (-2016), 2014)

Keepers & outfield error for **Royal Sporting Club Anderlecht** in Royal Sporting Club Anderlecht vs Yellow-Red Koninklijke Voetbalclub Mechelen: Numbers: 2 and 9.
[2725488] Could not find attributes for albano bizzarri (Delfino Pescara 1936, 2016)
[2480894] Failed to build match row: Metalurg Zaporizhya (-2016) vs Dnipro Dnipropetrovsk (-2020)
[2818591] Failed to build match row: APO Levadiakos Football Club vs Olympiakos Syndesmos Filathlon Peiraios
[2604926] Could not find attributes for jan mucha (Slovan Bratislava, 2015)
[2987585] Failed to build match row: Royal Sporting Club Anderlecht vs Yellow-Red Koninklijke Voetbalclub Mechelen
[2725488] Failed to build match row: Unione Sportiva Sassuolo Calcio vs Delfino Pescara 1936
[2897375] Failed to build match row: Unione Sportiva Sassuolo Calcio vs SPAL
[2604926] Failed to build match row: Slovan Bratislava vs FK Krasnodar
Not enough players found for lineup: 0, 0.
[3203569] Could not find attributes for vladimir darida (Hertha BSC, 2019)
[3385556] Failed to scrape lineup: https://www.transfermarkt.co.uk/spielbericht/index/spielbericht/3385556
[3203569] Failed to build match row: Bayer 04 Leverkusen Fußball vs Hertha BSC
[2475377] Could not find attributes for marcos angeleri (Málaga CF, 2014)
[3226488] Could not find attributes for anton yashkov (FK Kolos Kovalivka, 2019)
[3280143] Could not find attributes for nikolaos korovesis (Omilos Filathlon Irakliou FC, 2019)
[3168580] Could not find attributes for glenn murray (Brighton and Hove Albion Football Club, 2018)
[3226488] Failed to build match row: FK Kolos Kovalivka vs FC Zorya Lugansk
[3280143] Failed to build match row: Omilos Filathlon Irakliou FC vs AO Kavala
[2698419] Could not find attributes for gareth mcauley (West Bromwich Albion, 2016)
[2475377] Failed to build match row: Athletic Club Bilbao vs Málaga CF
grinio, 2013)
[3168580] Failed to build match row: Manchester City Football Club vs Brighton and Hove Albion Football Club
[2452117] Failed to build match row: Panetolikos Agrinio vs Omilos Filathlon Irakliou FC
Not enough players found for lineup: 0, 0.
[2875239] Could not find attributes for frans putros (Hobro IK, 2017)
[3245889] Could not find attributes for artem gerasimov (FC Ryazan, 2019)
[2698419] Failed to build match row: Burnley Football Club vs West Bromwich Albion

Keepers & outfield error for **SD Eibar** in Real Madrid Club de Fútbol vs SD Eibar: Numbers: 3 and 8.
[2875239] Failed to build match row: Hobro IK vs Football Club København
[2340329] Failed to scrape lineup: https://www.transfermarkt.co.uk/vitoria-guimaraes-sc_gd-estoril-praia/index/spielbericht/2340329
[3245889] Failed to build match row: FC Ryazan vs Chertanovo Moscow
[3080878] Failed to build match row: Real Madrid Club de Fútbol vs SD Eibar
[2329786] Could not find attributes for wilson kamavuaka (Yellow-Red Koninklijke Voetbalclub Mechelen, 2013)
[2329786] Failed to build match row: Yellow-Red Koninklijke Voetbalclub Mechelen vs KV Kortrijk
Not enough players found for lineup: 0, 0.
[2320885] Could not find attributes for michael ratajczak (MSV Duisburg, 2013)
[2928951] Could not find attributes for malte sjorslev (Holbaek B&I, 2017)
[2320885] Failed to build match row: MSV Duisburg vs SC Paderborn 07
[2512960] Failed to scrape lineup: https://www.transfermarkt.co.uk/karpaty-lviv_vorskla-poltava/index/spielbericht/2512960
[2928951] Failed to build match row: Holbaek B&I vs Randers Fodbold Club
[2633844] Could not find attributes for fermin sobron (UD Logroñés, 2015)
[2633844] Failed to build match row: Sevilla Fútbol Club S.A.D. vs UD Logroñés
[2719084] Could not find attributes for andreas pereira (Granada CF, 2016)
[2719084] Failed to build match row: Granada CF vs Espanol
[2547045] Could not find attributes for dimitrios kyriakidis (AO Xanthi, 2014)
[2547045] Failed to build match row: AO Xanthi vs Iraklis Thessaloniki
[3061057] Could not find attributes for ben rienstra (Sportclub Heerenveen, 2018)
[3061057] Failed to build match row: Sportclub Heerenveen vs ADO Den Haag
Not enough players found for lineup: 0, 11.
[2763539] Could not find attributes for rustam khudzhamov (FK Mariupol, 2016)
Not enough players found for lineup: 0, 0.
[2513001] Could not find attributes for yuriy martyshchuk (Chornomorets Odesa, 2014)
[2763539] Failed to build match row: FK Mariupol vs PFK Stal Kamyanske (-2018)
[3093784] Failed to scrape lineup: https://www.transfermarkt.co.uk/spielbericht/index/spielbericht/3093784
[3385558] Failed to scrape lineup: https://www.transfermarkt.co.uk/spielbericht/index/spielbericht/3385558
[2513001] Failed to build match row: Chornomorets Odesa vs Goverla Uzhgorod (- 2016)
[2928952] Could not find attributes for frans putros (Fodbold Club Fredericia, 2017)
[2345067] Could not find attributes for giorgi somkhishvili (Chikhura Sachkhere, 2013)
[2928952] Failed to build match row: Fodbold Club Fredericia vs HB Köge
[2486639] Could not find attributes for niko kranjcar (Queens Park Rangers, 2014)
[2486639] Failed to build match row: Arsenal Football Club vs Queens Park Rangers
[2345067] Failed to build match row: FC Thun vs Chikhura Sachkhere
[2875240] Could not find attributes for magnus mattsson (Silkeborg Idrætsforening, 2017)
[2658062] Could not find attributes for giandomenico mesto (Panathinaikos Athlitikos Omilos, 2015)
[2875240] Failed to build match row: Fodbold Club Nordsjælland vs Silkeborg Idrætsforening
[2884509] Could not find attributes for heldon (Vitória Sport Clube, 2017)
[3168581] Could not find attributes for etienne capoue (Watford FC, 2018)
[2658062] Failed to build match row: Panathinaikos Athlitikos Omilos vs Panthrakikos Komotini
Not enough players found for lineup: 0, 0.
[2884509] Failed to build match row: CD Feirense vs Vitória Sport Clube
[2732226] Could not find attributes for nemanja miletic (Koninklijke Voetbal Club Westerlo, 2016)
[3168581] Failed to build match row: Watford FC vs Wolverhampton Wanderers Football Club
[2732226] Failed to build match row: Koninklijke Voetbal Club Westerlo vs Royal Sporting Club Anderlecht
[2340330] Failed to scrape lineup: https://www.transfermarkt.co.uk/academica-coimbra_sc-olhanense/index/spielbericht/2340330
[3203570] Could not find attributes for oscar wendt (Mönchengladbach, 2019)
[3203570] Failed to build match row: Mönchengladbach vs SC Paderborn 07
[2604927] Could not find attributes for vladimir plotnikov (Kairat Almaty, 2015)
[3219121] Could not find attributes for danny ings (Southampton FC, 2019)
[2329787] Could not find attributes for meme tchite (Club Brugge Koninklijke Voetbalvereniging, 2013)
[2604927] Failed to build match row: Aberdeen Football Club vs Kairat Almaty
[3219121] Failed to build match row: Manchester United Football Club vs Southampton FC

Keepers & outfield error for **Paris Saint-Germain Football Club** in Paris Saint-Germain Football Club vs Futbol Club Barcelona: Numbers: 2 and 9.
[2329787] Failed to build match row: Club Brugge Koninklijke Voetbalvereniging vs SK Beveren
[2480895] Could not find attributes for oleksandr ilyushchenkov (Karpaty Lviv (-2021), 2014)
[2547349] Failed to build match row: Paris Saint-Germain Football Club vs Futbol Club Barcelona
[2480895] Failed to build match row: Karpaty Lviv (-2021) vs Metalurg Zaporizhya (-2016)
[2594753] Could not find attributes for daniele bonera (Villarreal Club de Fútbol S.A.D., 2015)
Not enough players found for lineup: 0, 0.
[3226489] Could not find attributes for andriy klishchuk (SC Dnipro-1, 2019)
Not enough players found for lineup: 0, 11.
[3226489] Failed to build match row: SC Dnipro-1 vs Desna Chernigiv
[3245890] Could not find attributes for egor generalov (FC Khimki (-2025), 2019)
[2594753] Failed to build match row: Sevilla Fútbol Club S.A.D. vs Villarreal Club de Fútbol S.A.D.
[2763540] Failed to scrape lineup: https://www.transfermarkt.co.uk/spielbericht/index/spielbericht/2763540
[3093786] Failed to scrape lineup: https://www.transfermarkt.co.uk/spielbericht/index/spielbericht/3093786
[3245890] Failed to build match row: FC Khimki (-2025) vs Avangard Kursk
[3050286] Could not find attributes for danny ings (Southampton FC, 2018)
[2452118] Could not find attributes for grigoris athanasiou (GS Ergotelis, 2013)

Keepers & outfield error for **Southampton FC** in Swansea City vs Southampton FC: Numbers: 2 and 9.
[2452118] Failed to build match row: GS Ergotelis vs AEL Kalloni
[3050286] Failed to build match row: Southampton FC vs Watford FC
[2332276] Failed to build match row: Swansea City vs Southampton FC

Keepers & outfield error for **Aalborg BK** in Aalborg BK vs FC Helsingör: Numbers: 2 and 9.
Not enough players found for lineup: 0, 0.
[2928953] Failed to build match row: Aalborg BK vs FC Helsingör
[3119689] Could not find attributes for kenton richardson (Hartlepool United, 2018)
[3385559] Failed to scrape lineup: https://www.transfermarkt.co.uk/spielbericht/index/spielbericht/3385559
[2897378] Failed to scrape lineup: https://www.transfermarkt.co.uk/hellas-verona_atalanta-bc/index/spielbericht/2897378
[3119689] Failed to build match row: Gillingham FC vs Hartlepool United
[2633845] Could not find attributes for manu palancar (Real Balompédica Linense, 2015)
[2633845] Failed to build match row: Athletic Club Bilbao vs Real Balompédica Linense
[2320886] Could not find attributes for michael hohnstedt (VfL Osnabrück, 2013)
[2320886] Failed to build match row: VfL Osnabrück vs FC Erzgebirge Aue

Keepers & outfield error for **Málaga CF** in Málaga CF vs Real Madrid Club de Fútbol: Numbers: 0 and 11.
[2719086] Failed to build match row: Málaga CF vs Real Madrid Club de Fútbol

Keepers & outfield error for **Levante Unión Deportiva S.A.D.** in Levante Unión Deportiva S.A.D. vs SD Huesca: Numbers: 2 and 9.
[3080880] Failed to build match row: Levante Unión Deportiva S.A.D. vs SD Huesca
[2658063] Could not find attributes for andreas gianniotis (Panionios Athens, 2015)
[2658063] Failed to build match row: Panionios Athens vs APS Atromitos Athinon
[2480896] Failed to scrape lineup: https://www.transfermarkt.co.uk/metalurg-donetsk-2015-_metalist-kharkiv/index/spielbericht/2480896
[2513002] Could not find attributes for yevgen galchuk (FK Mariupol, 2014)
Not enough players found for lineup: 0, 0.

Keepers & outfield error for **Udinese Calcio** in Udinese Calcio vs FC Empoli: Numbers: 2 and 9.
[3050287] Failed to scrape lineup: https://www.transfermarkt.co.uk/afc-bournemouth_arsenal-fc/index/spielbericht/3050287
[2513002] Failed to build match row: FK Mariupol vs Metalurg Donetsk (- 2015)
[2340331] Failed to scrape lineup: https://www.transfermarkt.co.uk/gil-vicente-fc_cs-maritimo/index/spielbericht/2340331
[2725490] Failed to build match row: Udinese Calcio vs FC Empoli
[2698420] Could not find attributes for jose cholevas (Watford FC, 2016)
[2698420] Failed to build match row: Everton Football Club vs Watford FC
[2452119] Could not find attributes for dimitrios kyriakidis (AO Xanthi, 2013)
[2452119] Failed to build match row: AO Xanthi vs Panathinaikos Athlitikos Omilos
[3210392] Could not find attributes for johan larsson (Brøndby Idrætsforening, 2019)
[3210392] Failed to build match row: Aarhus Gymnastik Forening vs Brøndby Idrætsforening
[3061059] Could not find attributes for lasse schone (AFC Ajax Amsterdam, 2018)
[3061059] Failed to build match row: Fortuna Sittardia Combinatie vs AFC Ajax Amsterdam

Keepers & outfield error for **Società Sportiva Lazio S.p.A.** in Società Sportiva Lazio S.p.A. vs Bologna Football Club 1909: Numbers: 2 and 9.
[2897379] Failed to build match row: Società Sportiva Lazio S.p.A. vs Bologna Football Club 1909
[2329788] Could not find attributes for didier ovono (KV Oostende, 2013)
[2329788] Failed to build match row: Royal Standard Club de Liège vs KV Oostende
[2725491] Failed to scrape lineup: https://www.transfermarkt.co.uk/atalanta-bc_torino-fc/index/spielbericht/2725491
[2513003] Failed to scrape lineup: https://www.transfermarkt.co.uk/metalist-kharkiv_karpaty-lviv/index/spielbericht/2513003

Keepers & outfield error for **West Ham United Football Club** in West Ham United Football Club vs Southampton FC: Numbers: 2 and 9.
[2345068] Could not find attributes for andreas lie (IL Hødd, 2013)
[3219122] Failed to build match row: West Ham United Football Club vs Southampton FC
[2452120] Failed to scrape lineup: https://www.transfermarkt.co.uk/panthrakikos-komotini_atromitos-athens/index/spielbericht/2452120
[3061060] Failed to scrape lineup: https://www.transfermarkt.co.uk/heracles-almelo_fc-emmen/index/spielbericht/3061060
[2495315] Could not find attributes for jasmin handanovic (NK Maribor, 2014)
[2495315] Failed to build match row: Chelsea Football Club vs NK Maribor
[3210393] Could not find attributes for mo dauda (Esbjerg fB, 2019)
[3210393] Failed to build match row: Silkeborg Idrætsforening vs Esbjerg fB
[3203572] Could not find attributes for jan thielmann (1. Fußball-Club Köln, 2019)

Keepers & outfield error for **Mönchengladbach** in FC Bayern München vs Mönchengladbach: Numbers: 2 and 9.
[3203572] Failed to build match row: Eintracht Frankfurt Fußball AG vs 1. Fußball-Club Köln
[2704366] Could not find attributes for antonio colak (SV Darmstadt 98, 2016)
[2321025] Failed to build match row: FC Bayern München vs Mönchengladbach
[2987587] Could not find attributes for hamdi harbaoui (Sportvereniging Zulte Waregem, 2017)
[2329789] Failed to scrape lineup: https://www.transfermarkt.co.uk/kaa-gent_kv-kortrijk/index/spielbericht/2329789
[2704366] Failed to build match row: SV Darmstadt 98 vs Hamburger Sport Verein
[2987587] Failed to build match row: Sportvereniging Zulte Waregem vs KV Oostende
[2897380] Could not find attributes for bacary sagna (Benevento Calcio, 2017)
Not enough players found for lineup: 0, 0.
[2897380] Failed to build match row: Benevento Calcio vs Cagliari Calcio
[2604928] Could not find attributes for srdjan zakula (Fudbalski Klub Vojvodina, 2015)

Keepers & outfield error for **Real Valladolid CF** in Real Valladolid CF vs Sevilla Fútbol Club S.A.D.: Numbers: 2 and 9.
[3093788] Could not find attributes for timo peters (JVC Cuijk, 2018)
[2340332] Failed to scrape lineup: https://www.transfermarkt.co.uk/cs-maritimo_vitoria-setubal-fc/index/spielbericht/2340332
[3093788] Failed to build match row: JVC Cuijk vs Koninklijke HFC Haarlem
[2581273] Could not find attributes for osama akharraz (Viborg Fodsports Forening, 2015)

Keepers & outfield error for **Córdoba CF** in Córdoba CF vs Real Madrid Club de Fútbol: Numbers: 0 and 11.
[3080881] Failed to build match row: Real Valladolid CF vs Sevilla Fútbol Club S.A.D.
[2604928] Failed to build match row: Fudbalski Klub Vojvodina vs UC Sampdoria

Keepers & outfield error for **SD Huesca** in Villarreal Club de Fútbol S.A.D. vs SD Huesca: Numbers: 0 and 11.
[2475379] Failed to build match row: Córdoba CF vs Real Madrid Club de Fútbol
Not enough players found for lineup: 0, 0.
[2633846] Failed to build match row: Villarreal Club de Fútbol S.A.D. vs SD Huesca
[2581273] Failed to build match row: Viborg Fodsports Forening vs Esbjerg fB
[3245891] Could not find attributes for vyacheslav grigoryan (Ararat Moskow (-2020), 2019)
[3280144] Failed to scrape lineup: https://www.transfermarkt.co.uk/spielbericht/index/spielbericht/3280144

Keepers & outfield error for **Celta** in Celta vs Real Sociedad de Fútbol S.A.D.: Numbers: 0 and 11.
[3245891] Failed to build match row: Ararat Moskow (-2020) vs FK Nizhny Novgorod
[3050288] Could not find attributes for glenn murray (Brighton and Hove Albion Football Club, 2018)

Keepers & outfield error for **Jagiellonia-Bialystok Sportowa Spólka Akcyjna** in Jagiellonia-Bialystok Sportowa Spólka Akcyjna vs Rio Ave Futebol Clube: Numbers: 2 and 9.
[3050288] Failed to build match row: Brighton and Hove Albion Football Club vs Leicester City
[2719087] Failed to build match row: Celta vs Real Sociedad de Fútbol S.A.D.

Keepers & outfield error for **AC Horsens** in AC Horsens vs Aarhus Gymnastik Forening: Numbers: 2 and 9.
[3071948] Failed to build match row: Jagiellonia-Bialystok Sportowa Spólka Akcyjna vs Rio Ave Futebol Clube
[2615040] Could not find attributes for ehsan hajsafi (FSV Frankfurt, 2015)
[2875242] Failed to build match row: AC Horsens vs Aarhus Gymnastik Forening
[3210394] Could not find attributes for zeca (Football Club København, 2019)
[3210394] Failed to build match row: Football Club København vs Brøndby Idrætsforening
[2615040] Failed to build match row: FSV Frankfurt vs Hertha BSC
[2658064] Could not find attributes for antonis kokkalas (AO Platanias, 2015)
[2658064] Failed to build match row: AO Platanias vs Panthessalonikios Athlitikos Omilos Konstantinoupoliton

Keepers & outfield error for **Bologna Football Club 1909** in Bologna Football Club 1909 vs Cagliari Calcio: Numbers: 0 and 11.
[3226490] Could not find attributes for oleksandr tkachenko (Vorskla Poltava, 2019)
[3061061] Could not find attributes for ricardo van rhijn (Alkmaar Zaanstreek, 2018)
[2725492] Failed to build match row: Bologna Football Club 1909 vs Cagliari Calcio
[3061061] Failed to build match row: Alkmaar Zaanstreek vs Prins Hendrik Ende Desespereert Nimmer Combinatie Zwolle
[3219123] Could not find attributes for federico fernandez (Newcastle United Football Club, 2019)
[3226490] Failed to build match row: Vorskla Poltava vs PFK Lviv
[3219123] Failed to build match row: Watford FC vs Newcastle United Football Club
[3203573] Could not find attributes for yuya osako (Sportverein Werder Bremen von 1899, 2019)
[3203573] Failed to build match row: Sportverein Werder Bremen von 1899 vs 1. Fußball- und Sportverein Mainz 05

Keepers & outfield error for **Málaga CF** in Málaga CF vs Valencia Club de Fútbol S. A. D.: Numbers: 2 and 9.
[2475380] Failed to build match row: Málaga CF vs Valencia Club de Fútbol S. A. D.
[2547352] Failed to scrape lineup: https://www.transfermarkt.co.uk/spielbericht/index/spielbericht/2547352
Not enough players found for lineup: 0, 0.
[3280145] Failed to scrape lineup: https://www.transfermarkt.co.uk/spielbericht/index/spielbericht/3280145
[2732228] Could not find attributes for ishak belfodil (Royal Standard Club de Liège, 2016)
Not enough players found for lineup: 0, 0.
[2732228] Failed to build match row: Royal Sporting Club Anderlecht vs Royal Standard Club de Liège
[2340333] Failed to scrape lineup: https://www.transfermarkt.co.uk/fc-pacos-de-ferreira_fc-arouca/index/spielbericht/2340333
[2513004] Could not find attributes for zauri makharadze (Olimpik Donetsk, 2014)
[2513004] Failed to build match row: Olimpik Donetsk vs Dnipro Dnipropetrovsk (-2020)
[2452121] Could not find attributes for sebastian przyrowski (APO Levadiakos Football Club, 2013)

Keepers & outfield error for **Chelsea Football Club** in Swansea City vs Chelsea Football Club: Numbers: 2 and 9.
[2480897] Could not find attributes for krsevan santini (FC Zorya Lugansk, 2014)
[2480897] Failed to build match row: FC Zorya Lugansk vs Volyn Lutsk
[2332278] Failed to build match row: Swansea City vs Chelsea Football Club
[2903931] Could not find attributes for mapou yanga mbiwa (Olympique Lyonnais, 2017)
[2452121] Failed to build match row: APO Levadiakos Football Club vs Panthessalonikios Athlitikos Omilos Konstantinoupoliton
[2884510] Could not find attributes for boubacar fofana (Moreirense Futebol Clube, 2017)
[2594756] Failed to scrape lineup: https://www.transfermarkt.co.uk/levante-ud_valencia-cf/index/spielbericht/2594756
[2903931] Failed to build match row: Olympique Lyonnais vs Association sportive de Monaco Football Club
[2884510] Failed to build match row: Moreirense Futebol Clube vs Rio Ave Futebol Clube
[2987588] Could not find attributes for hamdi harbaoui (Sportvereniging Zulte Waregem, 2017)
[3093789] Could not find attributes for johan jansen (GVVV Veenendaal, 2018)
[3226491] Could not find attributes for oleksandr tkachenko (Vorskla Poltava, 2019)
[3093789] Failed to build match row: GVVV Veenendaal vs SV TEC Tiel
[2987588] Failed to build match row: Koninklijke Racing Club Genk vs Sportvereniging Zulte Waregem
[2495316] Could not find attributes for sergey chernik (BATE Borisov, 2014)
[2581274] Could not find attributes for stephan andersen (Football Club København, 2015)
[3226491] Failed to build match row: Vorskla Poltava vs SC Dnipro-1
[2495316] Failed to build match row: BATE Borisov vs FC Shakhtar Donetsk
[2581274] Failed to build match row: Sønderjyske Fodbold vs Football Club København

Keepers & outfield error for **Arsenal Football Club** in Arsenal Football Club vs West Ham United Football Club: Numbers: 0 and 11.
[2513005] Failed to scrape lineup: https://www.transfermarkt.co.uk/volyn-lutsk_dynamo-kyiv/index/spielbericht/2513005
[2871815] Could not find attributes for albin ekdal (Hamburger Sport Verein, 2017)
[2818592] Could not find attributes for stefanos evangelou (Panathinaikos Athlitikos Omilos, 2016)
[2871815] Failed to build match row: 1. Fußball- und Sportverein Mainz 05 vs Hamburger Sport Verein
[2698422] Failed to build match row: Arsenal Football Club vs West Ham United Football Club
[2818592] Failed to build match row: Panthessalonikios Athlitikos Omilos Konstantinoupoliton vs Panathinaikos Athlitikos Omilos
[2345069] Could not find attributes for sebastian achim (Fotbal Club Petrolul Ploiești, 2013)
[2345069] Failed to build match row: Fotbal Club Petrolul Ploiești vs Víkingur Gøta
[3245892] Could not find attributes for stanislav antipin (Shinnik Yaroslavl, 2019)

Keepers & outfield error for **Granada CF** in Granada CF vs CD Leganés: Numbers: 2 and 9.
[3171674] Could not find attributes for yuriy dyupin (Anzhi Makhachkala ( -2022), 2018)

Keepers & outfield error for **AO FK Zenit Sankt-Peterburg** in Sevilla Fútbol Club S.A.D. vs AO FK Zenit Sankt-Peterburg: Numbers: 2 and 9.
[3171674] Failed to build match row: Anzhi Makhachkala ( -2022) vs FK Dinamo Moskva
[3245892] Failed to build match row: Shinnik Yaroslavl vs Tekstilshchik Ivanovo
[2633848] Failed to build match row: Granada CF vs CD Leganés
[2547353] Failed to build match row: Sevilla Fútbol Club S.A.D. vs AO FK Zenit Sankt-Peterburg
[2615041] Could not find attributes for sertan yigenoglu (TSV 1860 Munich, 2015)
[2604929] Could not find attributes for ervis koci (FK Kukësi, 2015)
[2615041] Failed to build match row: 1. Fußball- und Sportverein Mainz 05 vs TSV 1860 Munich
Not enough players found for lineup: 11, 0.
[2604929] Failed to build match row: Legia Warszawa Spółka Akcyjna vs FK Kukësi
[3385560] Failed to scrape lineup: https://www.transfermarkt.co.uk/spielbericht/index/spielbericht/3385560
[2495317] Failed to scrape lineup: https://www.transfermarkt.co.uk/spielbericht/index/spielbericht/2495317
[3119691] Could not find attributes for craig king (Oxford City, 2018)
[3119691] Failed to build match row: Tranmere Rovers vs Oxford City
[2658576] Could not find attributes for jamie ewings (Dumbarton FC, 2015)
[2658576] Failed to build match row: Dumbarton FC vs Dundee Football Club
[3080884] Failed to scrape lineup: https://www.transfermarkt.co.uk/girona-fc_villarreal-cf/index/spielbericht/3080884

Keepers & outfield error for **Jagiellonia-Bialystok Sportowa Spólka Akcyjna** in Rio Ave Futebol Clube vs Jagiellonia-Bialystok Sportowa Spólka Akcyjna: Numbers: 2 and 9.
[3071949] Failed to build match row: Rio Ave Futebol Clube vs Jagiellonia-Bialystok Sportowa Spólka Akcyjna
[2818593] Could not find attributes for dimitrios kyriakidis (Panetolikos Agrinio, 2016)
[2818593] Failed to build match row: Panetolikos Agrinio vs Veria NPS
[3226492] Could not find attributes for yevgen past (Desna Chernigiv, 2019)
[3226492] Failed to build match row: Desna Chernigiv vs FK Kolos Kovalivka
[2875243] Could not find attributes for kaan kairinen (Fodbold Club Midtjylland, 2017)
[2875243] Failed to build match row: Fodbold Club Midtjylland vs Brøndby Idrætsforening

Keepers & outfield error for **Everton Football Club** in Everton Football Club vs Cardiff City: Numbers: 2 and 9.
[3050290] Failed to build match row: Everton Football Club vs Cardiff City
[2588907] Failed to scrape lineup: https://www.transfermarkt.co.uk/fc-utrecht_sc-heerenveen/index/spielbericht/2588907
[3203575] Could not find attributes for stephan lichtsteiner (Fußball-Club Augsburg 1907, 2019)
[3203575] Failed to build match row: Fußball-Club Augsburg 1907 vs Fortuna Düsseldorf
[2480898] Could not find attributes for oleksandr shovkovskyi (Futbolniy Klub Dynamo Kyiv, 2014)

Keepers & outfield error for **Sporting Gijón** in Málaga CF vs Sporting Gijón: Numbers: 2 and 9.
[2732229] Could not find attributes for yoan severin (Sportvereniging Zulte Waregem, 2016)
[2929456] Could not find attributes for valeriy yurchuk (SC Dnipro-1, 2017)
[2480898] Failed to build match row: Futbolniy Klub Dynamo Kyiv vs Chornomorets Odesa
[2452158] Could not find attributes for theodoros tripotseris (Omilos Filathlon Irakliou FC, 2013)
[2594758] Failed to build match row: Málaga CF vs Sporting Gijón
[2581275] Failed to build match row: Randers Fodbold Club vs Odense Boldklub
[2732229] Failed to build match row: Sportvereniging Zulte Waregem vs Royal Excel Mouscron (-2022)
[2929456] Failed to build match row: SC Dnipro-1 vs Chornomorets Odesa
[2871816] Could not find attributes for julian korb (Hannover 96, 2017)

Keepers & outfield error for **Futebol Clube do Porto** in Futebol Clube do Porto vs Vitória Setúbal FC: Numbers: 2 and 9.
[2725494] Could not find attributes for massimo maccarone (FC Empoli, 2016)
[2452158] Failed to build match row: Omilos Filathlon Irakliou FC vs Panathinaikos Athlitikos Omilos
[2725494] Failed to build match row: FC Empoli vs FC Crotone

Keepers & outfield error for **Chelsea Football Club** in Burnley Football Club vs Chelsea Football Club: Numbers: 2 and 9.
[2884511] Failed to build match row: Futebol Clube do Porto vs Vitória Setúbal FC
[2871816] Failed to build match row: Hannover 96 vs Eintracht Frankfurt Fußball AG
[3210396] Could not find attributes for imed louati (Hobro IK, 2019)
[2698423] Failed to build match row: Burnley Football Club vs Chelsea Football Club
[3210396] Failed to build match row: Aalborg BK vs Hobro IK
[3280146] Could not find attributes for vasilios tsimopoulos (Veria NPS, 2019)
Not enough players found for lineup: 11, 0.

Keepers & outfield error for **Olympiakos Syndesmos Filathlon Peiraios** in Olympiakos Syndesmos Filathlon Peiraios vs Juventus Football Club: Numbers: 0 and 11.
[3080885] Could not find attributes for martin braithwaite (CD Leganés, 2018)
[3280146] Failed to build match row: Veria NPS vs PAS Giannina
[3093790] Failed to scrape lineup: https://www.transfermarkt.co.uk/spielbericht/index/spielbericht/3093790
[2495318] Failed to build match row: Olympiakos Syndesmos Filathlon Peiraios vs Juventus Football Club
[3080885] Failed to build match row: CD Leganés vs Real Madrid Club de Fútbol

Keepers & outfield error for **Deportivo de La Coruña** in Deportivo de La Coruña vs UE Llagostera: Numbers: 0 and 11.
[2633849] Failed to build match row: Deportivo de La Coruña vs UE Llagostera
[2763541] Could not find attributes for andriy novak (FC Oleksandriya, 2016)

Keepers & outfield error for **Vitesse Arnhem** in Feyenoord Rotterdam vs Vitesse Arnhem: Numbers: 0 and 11.

Keepers & outfield error for **West Ham United Football Club** in West Ham United Football Club vs Watford FC: Numbers: 2 and 9.
[2875244] Could not find attributes for mohammad adnan (FC Helsingör, 2017)
Not enough players found for lineup: 0, 0.
[2763541] Failed to build match row: FC Shakhtar Donetsk vs FC Oleksandriya
[2818594] Could not find attributes for andreas gianniotis (Panionios Athens, 2016)
[3219126] Failed to build match row: West Ham United Football Club vs Watford FC
[3061064] Failed to build match row: Feyenoord Rotterdam vs Vitesse Arnhem
[2480899] Failed to scrape lineup: https://www.transfermarkt.co.uk/goverla-uzhgorod-2016-_olimpik-donetsk/index/spielbericht/2480899
[3226493] Could not find attributes for yevgen cheberko (FC Zorya Lugansk, 2019)
[2875244] Failed to build match row: Randers Fodbold Club vs FC Helsingör
[2818594] Failed to build match row: Panionios Athens vs AO Platanias
[3226493] Failed to build match row: FC Zorya Lugansk vs FC Oleksandriya

Keepers & outfield error for **Olympiakos Syndesmos Filathlon Peiraios** in Olympiakos Syndesmos Filathlon Peiraios vs Panthessalonikios Athlitikos Omilos Konstantinoupoliton: Numbers: 2 and 9.
Not enough players found for lineup: 0, 11.
[2452159] Failed to build match row: Olympiakos Syndesmos Filathlon Peiraios vs Panthessalonikios Athlitikos Omilos Konstantinoupoliton
[2929457] Failed to scrape lineup: https://www.transfermarkt.co.uk/spielbericht/index/spielbericht/2929457
[3280147] Failed to scrape lineup: https://www.transfermarkt.co.uk/spielbericht/index/spielbericht/3280147
[2547355] Could not find attributes for oleksandr shovkovskyi (Futbolniy Klub Dynamo Kyiv, 2014)
[2732230] Could not find attributes for ishak belfodil (Royal Standard Club de Liège, 2016)
[2615042] Could not find attributes for alexander madlung (Fortuna Düsseldorf, 2015)
[2732230] Failed to build match row: KAS Eupen vs Royal Standard Club de Liège
[2547355] Failed to build match row: Futbolniy Klub Dynamo Kyiv vs Associazione Calcio Fiorentina
[2615042] Failed to build match row: 1.FC Nuremberg vs Fortuna Düsseldorf
[2658577] Could not find attributes for alex schalk (Ross County FC, 2015)
[2513006] Could not find attributes for vitaliy vernydub (FC Zorya Lugansk, 2014)
[2345070] Could not find attributes for dario knezevic (Hrvatski Nogometni Klub Rijeka, 2013)
[2658577] Failed to build match row: Ross County FC vs Linlithgow Rose FC
[2704425] Could not find attributes for marcel schafer (Verein für Leibesübungen Wolfsburg, 2016)
[2345070] Failed to build match row: Hrvatski Nogometni Klub Rijeka vs Prestatyn Town
[2513006] Failed to build match row: FC Zorya Lugansk vs FC Shakhtar Donetsk
[2704425] Failed to build match row: FC Bayern München vs Verein für Leibesübungen Wolfsburg
[3385561] Could not find attributes for andrey danilov (Octane Perm, 2013)
[3071950] Could not find attributes for pavel pavlyuchenko (Dynamo Brest, 2018)
[3385561] Failed to build match row: Octane Perm vs Dinamo Kirov
[3071950] Failed to build match row: Dynamo Brest vs APS Atromitos Athinon
[3245893] Could not find attributes for artem tsygulev (Salyut Belgorod, 2019)
[2903932] Could not find attributes for jerome roussillon (Montpellier HSC, 2017)

Keepers & outfield error for **Celta** in Celta vs Córdoba CF: Numbers: 0 and 11.
[3245893] Failed to build match row: Salyut Belgorod vs Fakel Voronezh
[2903932] Failed to build match row: Montpellier HSC vs Olympique Gymnaste Club Nice Côte d'Azur
[2475383] Failed to build match row: Celta vs Córdoba CF
[2818595] Could not find attributes for alexandros paschalakis (PAS Giannina, 2016)

Keepers & outfield error for **Alaves** in Espanol vs Alaves: Numbers: 2 and 9.
[2460918] Could not find attributes for ragnar klavan (Fußball-Club Augsburg 1907, 2014)
[2460918] Failed to build match row: Fußball-Club Augsburg 1907 vs Hannover 96
[3093824] Could not find attributes for rafa silva (Sport Lisboa e Benfica, 2018)
[3080886] Failed to build match row: Espanol vs Alaves
[2633850] Could not find attributes for javi ontiveros (Málaga CF, 2015)
[2698425] Failed to scrape lineup: https://www.transfermarkt.co.uk/everton-fc_leicester-city/index/spielbericht/2698425
[3226494] Could not find attributes for german penkov (Olimpik Donetsk, 2019)
[2818595] Failed to build match row: PAS Giannina vs Iraklis Thessaloniki
[3093824] Failed to build match row: Sport Lisboa e Benfica vs Rio Ave Futebol Clube

Keepers & outfield error for **Granada CF** in Granada CF vs Espanol: Numbers: 0 and 11.
[2929458] Could not find attributes for yuriy pankiv (FC Oleksandriya, 2017)
[2633850] Failed to build match row: Málaga CF vs CD Mirandés

Keepers & outfield error for **Hull City** in Sunderland Association Football Club vs Hull City: Numbers: 0 and 11.
[2871817] Could not find attributes for matthias lehmann (1. Fußball-Club Köln, 2017)
[2594760] Failed to build match row: Granada CF vs Espanol
[3226494] Failed to build match row: Olimpik Donetsk vs Karpaty Lviv (-2021)
[2929458] Failed to build match row: FC Oleksandriya vs Futbolniy Klub Dynamo Kyiv
[2513007] Failed to scrape lineup: https://www.transfermarkt.co.uk/vorskla-poltava_metalurg-zaporizhya-2016-/index/spielbericht/2513007
[2486646] Failed to build match row: Sunderland Association Football Club vs Hull City
[2732231] Could not find attributes for lovre kalinic (Koninklijke Atletiek Associatie Gent, 2016)
[3061066] Failed to scrape lineup: https://www.transfermarkt.co.uk/ado-den-haag_fc-groningen/index/spielbericht/3061066
[2871817] Failed to build match row: Verein für Bewegungsspiele Stuttgart 1893 vs 1. Fußball-Club Köln
[2732231] Failed to build match row: KSC Lokeren (- 2020) vs Koninklijke Atletiek Associatie Gent
[2875245] Could not find attributes for herolind shala (Lyngby Boldklub, 2017)
[2875245] Failed to build match row: Odense Boldklub vs Lyngby Boldklub
[2452160] Could not find attributes for danijel pranjic (Panathinaikos Athlitikos Omilos, 2013)

Keepers & outfield error for **Rio Ave Futebol Clube** in Rio Ave Futebol Clube vs GD Chaves: Numbers: 3 and 8.
[2581276] Could not find attributes for thomas kahlenberg (Brøndby Idrætsforening, 2015)
[2452160] Failed to build match row: Panathinaikos Athlitikos Omilos vs Omilos Filathlon Irakliou FC
[2581276] Failed to build match row: Brøndby Idrætsforening vs Fodbold Club Midtjylland
[2884512] Failed to build match row: Rio Ave Futebol Clube vs GD Chaves
[3050293] Could not find attributes for moussa sissoko (Tottenham Hotspur Football Club, 2018)
[2818596] Failed to scrape lineup: https://www.transfermarkt.co.uk/ae-larisa_ao-xanthi/index/spielbericht/2818596
[3171675] Could not find attributes for matvey safonov (FK Krasnodar, 2018)
[3171675] Failed to build match row: FK Krasnodar vs PFK Krylya Sovetov Samara
[3050293] Failed to build match row: Tottenham Hotspur Football Club vs Chelsea Football Club
[2329793] Could not find attributes for matz sels (Koninklijke Atletiek Associatie Gent, 2013)
[2329793] Failed to build match row: Koninklijke Racing Club Genk vs Koninklijke Atletiek Associatie Gent
[2871827] Failed to scrape lineup: https://www.transfermarkt.co.uk/borussia-dortmund_hannover-96/index/spielbericht/2871827
[2594761] Failed to scrape lineup: https://www.transfermarkt.co.uk/getafe-cf_sd-eibar/index/spielbericht/2594761
[3210398] Could not find attributes for alexander juel andersen (Odense Boldklub, 2019)
[3219127] Could not find attributes for danny ings (Southampton FC, 2019)
[3203578] Could not find attributes for stephan lichtsteiner (Fußball-Club Augsburg 1907, 2019)
[2345071] Could not find attributes for armantas vitkauskas (FK Zalgiris Vilnius, 2013)
[3219127] Failed to build match row: Southampton FC vs Brighton and Hove Albion Football Club
[3210398] Failed to build match row: AC Horsens vs Odense Boldklub
[2633851] Could not find attributes for dmytro khomchenovskyi (SD Ponferradina, 2015)
[3203578] Failed to build match row: RasenBallsport Leipzig vs Fußball-Club Augsburg 1907
[2345071] Failed to build match row: FK Zalgiris Vilnius vs FC Pyunik Yerevan
[3226495] Could not find attributes for rustam khudzhamov (FK Mariupol, 2019)
[2633851] Failed to build match row: SD Eibar vs SD Ponferradina
[3226495] Failed to build match row: FK Mariupol vs Futbolniy Klub Dynamo Kyiv
[2763749] Could not find attributes for ross tokely (Brora Rangers FC, 2016)

Keepers & outfield error for **AC Horsens** in Aalborg BK vs AC Horsens: Numbers: 2 and 9.
[2340334] Failed to scrape lineup: https://www.transfermarkt.co.uk/cs-maritimo_sporting-cp/index/spielbericht/2340334
Not enough players found for lineup: 11, 0.
[2763749] Failed to build match row: Brora Rangers FC vs Clyde FC
[2875246] Failed to build match row: Aalborg BK vs AC Horsens
[3385562] Failed to scrape lineup: https://www.transfermarkt.co.uk/spielbericht/index/spielbericht/3385562
[2605810] Could not find attributes for dmitri stajila (FK Kukësi, 2015)
[2594762] Failed to scrape lineup: https://www.transfermarkt.co.uk/villarreal-cf_fc-barcelona/index/spielbericht/2594762
[2605810] Failed to build match row: FK Kukësi vs Legia Warszawa Spółka Akcyjna
[2547357] Could not find attributes for obbi oulare (Club Brugge Koninklijke Voetbalvereniging, 2014)
[2547357] Failed to build match row: Club Brugge Koninklijke Voetbalvereniging vs Dnipro Dnipropetrovsk (-2020)
[3280148] Could not find attributes for damir kahriman (PAS Lamia 1964, 2019)

Keepers & outfield error for **Vitória Setúbal FC** in Vitória Setúbal FC vs CD Feirense: Numbers: 3 and 8.

Keepers & outfield error for **RasenBallsport Leipzig** in RasenBallsport Leipzig vs FC Bayern München: Numbers: 0 and 11.
[2359270] Failed to scrape lineup: https://www.transfermarkt.co.uk/ss-lazio_acf-fiorentina/index/spielbericht/2359270
[3280148] Failed to build match row: PAS Lamia 1964 vs Eolikos Mytilinis
[2871828] Failed to build match row: RasenBallsport Leipzig vs FC Bayern München
[2884513] Failed to build match row: Vitória Setúbal FC vs CD Feirense

Keepers & outfield error for **Liverpool Football Club** in Liverpool Football Club vs Association Football Club Bournemouth: Numbers: 0 and 11.
[2329794] Could not find attributes for idrissa sylla (Sportvereniging Zulte Waregem, 2013)
[3226496] Could not find attributes for vladyslav pryimak (PFK Lviv, 2019)
[3219128] Failed to build match row: Liverpool Football Club vs Association Football Club Bournemouth
[2329794] Failed to build match row: Oud-Heverlee Leuven vs Sportvereniging Zulte Waregem
[3071951] Could not find attributes for dimitrios chatziisaias (APS Atromitos Athinon, 2018)
[3226496] Failed to build match row: PFK Lviv vs FC Shakhtar Donetsk
[3071951] Failed to build match row: APS Atromitos Athinon vs Dynamo Brest
[3210399] Could not find attributes for mo dauda (Esbjerg fB, 2019)
[3210399] Failed to build match row: Esbjerg fB vs Aarhus Gymnastik Forening
[2345072] Could not find attributes for boban bajkovic (Fudbalski klub Crvena zvezda Beograd, 2013)
[2929459] Could not find attributes for bogdan druz (PFK Lviv, 2017)
[2345072] Failed to build match row: Fudbalski klub Crvena zvezda Beograd vs ÍBV Vestmannaeyjar
[2929459] Failed to build match row: PFK Lviv vs PFK Stal Kamyanske (-2018)
[3245894] Could not find attributes for andrey zaytsev (Chernomorets Novorossijsk, 2019)
[3245894] Failed to build match row: Chernomorets Novorossijsk vs Torpedo Armavir
[2732232] Could not find attributes for gaetan hendrickx (Royal Charleroi Sporting Club, 2016)
[2732232] Failed to build match row: KV Oostende vs Royal Charleroi Sporting Club
[2514117] Could not find attributes for sidney schmeltz (Hartlepool United, 2014)
[2514117] Failed to build match row: Hartlepool United vs Blyth Spartans
[2359271] Could not find attributes for leandro rinaudo (US Livorno 1915, 2013)
[2452161] Could not find attributes for bibars natcho (Panthessalonikios Athlitikos Omilos Konstantinoupoliton, 2013)
[2359271] Failed to build match row: Società Sportiva Calcio Napoli vs US Livorno 1915
 9.
[2452161] Failed to build match row: Panthessalonikios Athlitikos Omilos Konstantinoupoliton vs Olympiakos Syndesmos Filathlon Peiraios
[2897385] Failed to build match row: SPAL vs Juventus Football Club
[2460920] Failed to scrape lineup: https://www.transfermarkt.co.uk/sv-werder-bremen_borussia-monchengladbach/index/spielbericht/2460920
[2658838] Failed to scrape lineup: https://www.transfermarkt.co.uk/spielbericht/index/spielbericht/2658838
[3385563] Failed to scrape lineup: https://www.transfermarkt.co.uk/spielbericht/index/spielbericht/3385563
[2332284] Could not find attributes for mahamadou diarra (Fulham Football Club, 2013)
[3210400] Failed to scrape lineup: https://www.transfermarkt.co.uk/lyngby-bk_fc-nordsjaelland/index/spielbericht/3210400
[3080887] Could not find attributes for juanpi (SD Huesca, 2018)
[2594763] Failed to scrape lineup: https://www.transfermarkt.co.uk/real-madrid_sevilla-fc/index/spielbericht/2594763
[2332284] Failed to build match row: Fulham Football Club vs Norwich City
[3080887] Failed to build match row: SD Huesca vs Futbol Club Barcelona
[2763751] Could not find attributes for reece donaldson (Linlithgow Rose FC, 2016)
[3093825] Could not find attributes for momo diaby (FC Paços de Ferreira, 2018)
Not enough players found for lineup: 0, 11.
[2480900] Could not find attributes for oleksandr churilov (FK Mariupol, 2014)
[2763751] Failed to build match row: Linlithgow Rose FC vs Stirling Albion FC
[2884514] Could not find attributes for ponck (Desportivo Aves (- 2020), 2017)
[2875247] Failed to scrape lineup: https://www.transfermarkt.co.uk/aarhus-gf_fc-copenhagen/index/spielbericht/2875247
[2884514] Failed to build match row: Desportivo Aves (- 2020) vs Grupo Desportivo Estoril Praia
[3093825] Failed to build match row: FC Paços de Ferreira vs Desportivo Aves (- 2020)
[2929460] Failed to scrape lineup: https://www.transfermarkt.co.uk/spielbericht/index/spielbericht/2929460
[2480900] Failed to build match row: FC Shakhtar Donetsk vs FK Mariupol
[2581278] Could not find attributes for adama tamboura (Hobro IK, 2015)
[2732233] Could not find attributes for lovre kalinic (Koninklijke Atletiek Associatie Gent, 2016)
[2732233] Failed to build match row: Koninklijke Atletiek Associatie Gent vs Club Brugge Koninklijke Voetbalvereniging
[2581278] Failed to build match row: Hobro IK vs Aarhus Gymnastik Forening

Keepers & outfield error for **Wolverhampton Wanderers Football Club** in Burnley Football Club vs Wolverhampton Wanderers Football Club: Numbers: 0 and 11.
[3219129] Failed to build match row: Burnley Football Club vs Wolverhampton Wanderers Football Club
[2452862] Failed to scrape lineup: https://www.transfermarkt.co.uk/spielbericht/index/spielbericht/2452862

Keepers & outfield error for **Hull City** in Hull City vs Leicester City: Numbers: 0 and 11.
[2340335] Could not find attributes for piqueti (Sporting Clube de Braga, 2013)
[2486650] Failed to build match row: Hull City vs Leicester City
[2340335] Failed to build match row: Sporting Clube de Braga vs Sport Lisboa e Benfica
[3071952] Could not find attributes for erik berg (Djurgårdens Idrottsförening, 2018)
[2903934] Failed to scrape lineup: https://www.transfermarkt.co.uk/rc-strasbourg-alsace_olympique-marseille/index/spielbericht/2903934
[3071952] Failed to build match row: Djurgårdens Idrottsförening vs FK Mariupol
[3245895] Could not find attributes for rostislav soldatenko (Alania Vladikavkaz, 2019)
[2929461] Could not find attributes for bogdan shust (Vorskla Poltava, 2017)

Keepers & outfield error for **CF Os Belenenses** in CF Os Belenenses vs Sporting Clube de Braga: Numbers: 0 and 11.
[2884515] Failed to build match row: CF Os Belenenses vs Sporting Clube de Braga
[2929461] Failed to build match row: Vorskla Poltava vs Olimpik Donetsk
[3245895] Failed to build match row: Alania Vladikavkaz vs Rotor Volgograd
[2871830] Could not find attributes for nils petersen (Sport-Club Freiburg, 2017)
[2871830] Failed to build match row: Sport-Club Freiburg vs Verein für Bewegungsspiele Stuttgart 1893
[2818597] Could not find attributes for fotis koutzavasilis (AOK Kerkyra, 2016)

Keepers & outfield error for **Paris Saint-Germain Football Club** in Futbol Club Barcelona vs Paris Saint-Germain Football Club: Numbers: 2 and 9.
[2818597] Failed to build match row: AOK Kerkyra vs Panionios Athens
[2547383] Failed to build match row: Futbol Club Barcelona vs Paris Saint-Germain Football Club
[2480901] Could not find attributes for denys boyko (Dnipro Dnipropetrovsk (-2020), 2014)
[2475385] Failed to scrape lineup: https://www.transfermarkt.co.uk/sd-eibar_atletico-de-madrid/index/spielbericht/2475385
[2581279] Could not find attributes for filip novak (Fodbold Club Midtjylland, 2015)
[3227369] Failed to build match row: Spartak Vladikavkaz (-2020) vs Spartak Nalchik

Keepers & outfield error for **KAS Eupen** in Yellow-Red Koninklijke Voetbalclub Mechelen vs KAS Eupen: Numbers: 2 and 9.
[2480901] Failed to build match row: Dnipro Dnipropetrovsk (-2020) vs Vorskla Poltava
[2359272] Failed to scrape lineup: https://www.transfermarkt.co.uk/parma-fc_us-sassuolo/index/spielbericht/2359272
[2329795] Could not find attributes for ismaila ndiaye (KV Kortrijk, 2013)
[2987591] Failed to build match row: Yellow-Red Koninklijke Voetbalclub Mechelen vs KAS Eupen
[2581279] Failed to build match row: Fodbold Club Midtjylland vs Viborg Fodsports Forening
[3061067] Could not find attributes for mounir el hamdaoui (Excelsior Rotterdam, 2018)

Keepers & outfield error for **Paris Saint-Germain Football Club** in Paris Saint-Germain Football Club vs Olympique Lyonnais: Numbers: 2 and 9.
[3203581] Could not find attributes for vladimir darida (Hertha BSC, 2019)
[3219130] Could not find attributes for pablo mari (Arsenal Football Club, 2019)
[2329795] Failed to build match row: KV Kortrijk vs Royal Standard Club de Liège
[3210401] Could not find attributes for mo dauda (Esbjerg fB, 2019)
[3385564] Could not find attributes for oleg sitnikov (Lada Togliatti, 2013)
[3219130] Failed to build match row: Manchester City Football Club vs Arsenal Football Club
[3203581] Failed to build match row: Hertha BSC vs Mönchengladbach
[3061067] Failed to build match row: Prins Hendrik Ende Desespereert Nimmer Combinatie Zwolle vs Excelsior Rotterdam
[2605838] Failed to build match row: Paris Saint-Germain Football Club vs Olympique Lyonnais
[3385564] Failed to build match row: Lada Togliatti vs KamAZ Naberezhnye Chelny
[3210401] Failed to build match row: Sønderjyske Fodbold vs Esbjerg fB
[2340336] Could not find attributes for saleh gomaa (Clube Desportivo Nacional, 2013)

Keepers & outfield error for **Chelsea Football Club** in Club Atlético de Madrid S.A.D. vs Chelsea Football Club: Numbers: 2 and 9.
[3280149] Could not find attributes for athanasios garavelis (Volou Neos Podosferikos Syllogos, 2019)
[2763754] Could not find attributes for neale allan (Huntly FC, 2016)
[2340336] Failed to build match row: Clube Desportivo Nacional vs Futebol Clube do Porto
[2452863] Failed to build match row: Club Atlético de Madrid S.A.D. vs Chelsea Football Club
[2763754] Failed to build match row: Huntly FC vs The Spartans FC
[3280149] Failed to build match row: Volou Neos Podosferikos Syllogos vs Panserraikos Serres
[2486651] Could not find attributes for jazz richards (Swansea City, 2014)
[2486651] Failed to build match row: Liverpool Football Club vs Swansea City
Not enough players found for lineup: 0, 0.
[2929462] Failed to scrape lineup: https://www.transfermarkt.co.uk/spielbericht/index/spielbericht/2929462
[3050294] Could not find attributes for etienne capoue (Watford FC, 2018)
[3050294] Failed to build match row: Watford FC vs Liverpool Football Club
[2871831] Could not find attributes for tony jantschke (Mönchengladbach, 2017)
[3071953] Failed to build match row: FK Mariupol vs Djurgårdens Idrottsförening
[2871831] Failed to build match row: Mönchengladbach vs Turn- und Sportgemeinschaft 1899 Hoffenheim Fußball-Spielbetriebs
Not enough players found for lineup: 0, 0.
[2345073] Could not find attributes for matej delac (Fudbalski Klub Vojvodina, 2013)
[3080889] Could not find attributes for ander barrenetxea (Real Sociedad de Fútbol S.A.D., 2018)
[2340337] Failed to scrape lineup: https://www.transfermarkt.co.uk/gd-estoril-praia_rio-ave-fc/index/spielbericht/2340337
[2345073] Failed to build match row: Fudbalski Klub Vojvodina vs Budapest Honvéd FC
[3219131] Could not find attributes for federico fernandez (Newcastle United Football Club, 2019)
[3080889] Failed to build match row: Real Sociedad de Fútbol S.A.D. vs SD Eibar
[3219131] Failed to build match row: Manchester City Football Club vs Newcastle United Football Club
[3245896] Could not find attributes for eduard baychora (Inter Cherkessk (-2021), 2019)
[3245896] Failed to build match row: Inter Cherkessk (-2021) vs Chayka Peschanokopskoye
[2480902] Could not find attributes for yevgen galchuk (FK Mariupol, 2014)
[2480902] Failed to build match row: FK Mariupol vs Goverla Uzhgorod (- 2016)
[2594765] Failed to scrape lineup: https://www.transfermarkt.co.uk/valencia-cf_celta-de-vigo/index/spielbericht/2594765

Keepers & outfield error for **1. Fußball- und Sportverein Mainz 05** in 1. Fußball- und Sportverein Mainz 05 vs Bayer 04 Leverkusen Fußball: Numbers: 2 and 9.
[3203582] Failed to build match row: 1. Fußball- und Sportverein Mainz 05 vs Bayer 04 Leverkusen Fußball
[2495321] Could not find attributes for georgi terziev (Ludogorets Razgrad, 2014)

Keepers & outfield error for **Getafe Club de Fútbol S. A. D. Team Dubai** in Getafe Club de Fútbol S. A. D. Team Dubai vs Rayo Vallecano de Madrid S. A. D.: Numbers: 2 and 9.
[2495321] Failed to build match row: Ludogorets Razgrad vs FC Basel 1893 AG
[2633855] Failed to build match row: Getafe Club de Fútbol S. A. D. Team Dubai vs Rayo Vallecano de Madrid S. A. D.
[2732236] Could not find attributes for lovre kalinic (Koninklijke Atletiek Associatie Gent, 2016)
[2732236] Failed to build match row: Sportvereniging Zulte Waregem vs Koninklijke Atletiek Associatie Gent

Keepers & outfield error for **Rayo Vallecano de Madrid S. A. D.** in Rayo Vallecano de Madrid S. A. D. vs Deportivo de La Coruña: Numbers: 0 and 11.
[2475386] Failed to build match row: Rayo Vallecano de Madrid S. A. D. vs Deportivo de La Coruña
[3385565] Failed to scrape lineup: https://www.transfermarkt.co.uk/spielbericht/index/spielbericht/3385565

Keepers & outfield error for **Società Sportiva Lazio S.p.A.** in Società Sportiva Lazio S.p.A. vs Benevento Calcio: Numbers: 2 and 9.
[2514118] Could not find attributes for daniel hylton (Oxford United, 2014)
nto Calcio
[3119693] Could not find attributes for elliott ward (Notts County, 2018)
[2514118] Failed to build match row: Oxford United vs Tranmere Rovers
[3119693] Failed to build match row: Barnsley FC vs Notts County
Not enough players found for lineup: 0, 0.
[2581280] Could not find attributes for maksym koval (Odense Boldklub, 2015)
[2340338] Failed to scrape lineup: https://www.transfermarkt.co.uk/vitoria-setubal-fc_vitoria-guimaraes-sc/index/spielbericht/2340338
[2581280] Failed to build match row: Odense Boldklub vs Brøndby Idrætsforening
[2871832] Failed to scrape lineup: https://www.transfermarkt.co.uk/eintracht-frankfurt_1-fsv-mainz-05/index/spielbericht/2871832
[2818598] Failed to scrape lineup: https://www.transfermarkt.co.uk/iraklis-thessaloniki_panetolikos-gfs/index/spielbericht/2818598
[3219132] Failed to scrape lineup: https://www.transfermarkt.co.uk/manchester-city_afc-bournemouth/index/spielbericht/3219132
[2725499] Could not find attributes for albano bizzarri (Delfino Pescara 1936, 2016)
[2725499] Failed to build match row: Delfino Pescara 1936 vs Football Club Internazionale Milano S.p.A.
[2704430] Could not find attributes for douglas santos (Hamburger Sport Verein, 2016)
[2480903] Could not find attributes for mykyta shevchenko (FC Zorya Lugansk, 2014)
[2704430] Failed to build match row: Hamburger Sport Verein vs Fußball-Club Augsburg 1907
[2480903] Failed to build match row: FC Zorya Lugansk vs Futbolniy Klub Dynamo Kyiv
[3227370] Could not find attributes for sergey lazarev (FK Dolgoprudnyi, 2019)
[3227370] Failed to build match row: FK Dolgoprudnyi vs Zorkiy Krasnogorsk
[2359273] Failed to scrape lineup: https://www.transfermarkt.co.uk/uc-sampdoria_torino-fc/index/spielbericht/2359273

Keepers & outfield error for **Chelsea Football Club** in Chelsea Football Club vs Club Atlético de Madrid S.A.D.: Numbers: 2 and 9.

Keepers & outfield error for **Mönchengladbach** in Mönchengladbach vs Hannover 96: Numbers: 2 and 9.
[3061069] Could not find attributes for ben rienstra (Sportclub Heerenveen, 2018)
[2987592] Failed to scrape lineup: https://www.transfermarkt.co.uk/kaa-gent_sint-truidense-vv/index/spielbericht/2987592
[2452865] Failed to build match row: Chelsea Football Club vs Club Atlético de Madrid S.A.D.
[3061069] Failed to build match row: De Graafschap Doetinchem vs Sportclub Heerenveen
[3280150] Could not find attributes for vasilios zagaritis (Panathinaikos Athlitikos Omilos, 2019)

Keepers & outfield error for **Chelsea Football Club** in Chelsea Football Club vs Swansea City: Numbers: 2 and 9.
[2321045] Failed to build match row: Mönchengladbach vs Hannover 96
[3280150] Failed to build match row: Panathinaikos Athlitikos Omilos vs Panachaiki GE
[2698432] Failed to build match row: Chelsea Football Club vs Swansea City
[3245897] Failed to scrape lineup: https://www.transfermarkt.co.uk/spielbericht/index/spielbericht/3245897
[2732237] Failed to scrape lineup: https://www.transfermarkt.co.uk/ksc-lokeren-2020-_rsc-anderlecht/index/spielbericht/2732237
Not enough players found for lineup: 0, 0.
[2340339] Failed to scrape lineup: https://www.transfermarkt.co.uk/fc-arouca_cd-nacional/index/spielbericht/2340339
[2615045] Could not find attributes for marcus piossek (1.FC Kaiserslautern, 2015)
[2615045] Failed to build match row: VfL Bochum vs 1.FC Kaiserslautern
[2460924] Could not find attributes for janek sternberg (Sportverein Werder Bremen von 1899, 2014)
[2460924] Failed to build match row: Borussia Dortmund vs Sportverein Werder Bremen von 1899
[3171676] Could not find attributes for nikolay rasskazov (FK Spartak Moskva, 2018)
[2594766] Could not find attributes for carl medjani (Levante Unión Deportiva S.A.D., 2015)
[2594766] Failed to build match row: Deportivo de La Coruña vs Levante Unión Deportiva S.A.D.
[3203584] Could not find attributes for jan thielmann (1. Fußball-Club Köln, 2019)
[3171676] Failed to build match row: FK Spartak Moskva vs PFK CSKA Moskva
[3203584] Failed to build match row: 1. Fußball-Club Köln vs Sportverein Werder Bremen von 1899
[2581281] Could not find attributes for stephan andersen (Football Club København, 2015)
[2581281] Failed to build match row: Football Club København vs Randers Fodbold Club
[3227371] Could not find attributes for vyacheslav grigoryan (Ararat Moskow (-2020), 2019)
[2660161] Could not find attributes for brad smith (Liverpool Football Club, 2015)
[2634093] Could not find attributes for roman mysak (Karpaty Lviv (-2021), 2015)
[2480904] Could not find attributes for igor lytovka (Olimpik Donetsk, 2014)
[2480904] Failed to build match row: Olimpik Donetsk vs Metalurg Donetsk (- 2015)

Keepers & outfield error for **Association sportive de Monaco Football Club** in Association sportive de Monaco Football Club vs Sport Lisboa e Benfica: Numbers: 2 and 9.
[2660161] Failed to build match row: West Ham United Football Club vs Liverpool Football Club
[3227371] Failed to build match row: Ararat Moskow (-2020) vs FC Kolomna
[2495322] Failed to build match row: Association sportive de Monaco Football Club vs Sport Lisboa e Benfica
[2634093] Failed to build match row: Karpaty Lviv (-2021) vs FC Shakhtar Donetsk
[3245898] Failed to scrape lineup: https://www.transfermarkt.co.uk/spielbericht/index/spielbericht/3245898
[2871834] Failed to scrape lineup: https://www.transfermarkt.co.uk/hamburger-sv_hertha-bsc/index/spielbericht/2871834
[2345074] Could not find attributes for elvis dzafic (NK Olimpija Ljubljana, 2013)
[2345074] Failed to build match row: NK Olimpija Ljubljana vs MSK Zilina
Not enough players found for lineup: 0, 0.
[2719730] Could not find attributes for tiago ronaldo (FC Vizela, 2016)
[2581282] Failed to scrape lineup: https://www.transfermarkt.co.uk/aarhus-gf_sonderjyske/index/spielbericht/2581282
[2460925] Could not find attributes for roel brouwers (Mönchengladbach, 2014)
[3385566] Failed to scrape lineup: https://www.transfermarkt.co.uk/spielbericht/index/spielbericht/3385566
[3219133] Failed to scrape lineup: https://www.transfermarkt.co.uk/burnley-fc_tottenham-hotspur/index/spielbericht/3219133
[2725556] Failed to scrape lineup: https://www.transfermarkt.co.uk/spielbericht/index/spielbericht/2725556
Not enough players found for lineup: 0, 0.
[2719730] Failed to build match row: AD Fafe vs FC Vizela
[2460925] Failed to build match row: Mönchengladbach vs Fußball-Club Augsburg 1907

Keepers & outfield error for **Valencia Club de Fútbol S. A. D.** in Valencia Club de Fútbol S. A. D. vs Levante Unión Deportiva S.A.D.: Numbers: 0 and 11.
[2732238] Could not find attributes for valeriy luchkevych (Royal Standard Club de Liège, 2016)
[2818599] Could not find attributes for georgios kantimiris (Veria NPS, 2016)
[2340340] Failed to scrape lineup: https://www.transfermarkt.co.uk/cs-maritimo_fc-arouca/index/spielbericht/2340340
[2732238] Failed to build match row: Royal Standard Club de Liège vs KV Kortrijk
[3080891] Failed to build match row: Valencia Club de Fútbol S. A. D. vs Levante Unión Deportiva S.A.D.
[2818599] Failed to build match row: Veria NPS vs A.G.S Asteras Tripolis

Keepers & outfield error for **Sporting Gijón** in Sporting Gijón vs Club Atlético de Madrid S.A.D.: Numbers: 2 and 9.
[2594767] Failed to build match row: Sporting Gijón vs Club Atlético de Madrid S.A.D.
[2368472] Could not find attributes for johan sellberg wiland (Football Club København, 2013)
[2359274] Could not find attributes for agim ibraimi (Cagliari Calcio, 2013)
[2368472] Failed to build match row: Juventus Football Club vs Football Club København
[2359274] Failed to build match row: Udinese Calcio vs Cagliari Calcio
[3061071] Failed to scrape lineup: https://www.transfermarkt.co.uk/vitesse-arnhem_heracles-almelo/index/spielbericht/3061071
[2987593] Could not find attributes for niels verburgh (SK Beveren, 2017)
[3227372] Failed to scrape lineup: https://www.transfermarkt.co.uk/spielbericht/index/spielbericht/3227372
[2987593] Failed to build match row: SK Beveren vs Club Brugge Koninklijke Voetbalvereniging
[2634094] Failed to scrape lineup: https://www.transfermarkt.co.uk/chornomorets-odesa_metalist-kharkiv/index/spielbericht/2634094
[2495323] Failed to scrape lineup: https://www.transfermarkt.co.uk/spielbericht/index/spielbericht/2495323
[3171677] Could not find attributes for aleksandr belenov (FK Ufa, 2018)
[3171677] Failed to build match row: FK Ufa vs FK Rostov
[3119694] Could not find attributes for carl piergianni (Salford City, 2018)
[2871835] Failed to scrape lineup: https://www.transfermarkt.co.uk/vfl-wolfsburg_fc-schalke-04/index/spielbericht/2871835
[3119694] Failed to build match row: Shrewsbury Town vs Salford City
[3050297] Failed to scrape lineup: https://www.transfermarkt.co.uk/arsenal-fc_tottenham-hotspur/index/spielbericht/3050297
[3219134] Failed to scrape lineup: https://www.transfermarkt.co.uk/aston-villa_crystal-palace/index/spielbericht/3219134
[2345075] Failed to scrape lineup: https://www.transfermarkt.co.uk/spielbericht/index/spielbericht/2345075
[3385567] Failed to scrape lineup: https://www.transfermarkt.co.uk/spielbericht/index/spielbericht/3385567

Keepers & outfield error for **Sport Lisboa e Benfica** in Sport Lisboa e Benfica vs Juventus Football Club: Numbers: 2 and 9.
[2452875] Failed to build match row: Sport Lisboa e Benfica vs Juventus Football Club
Not enough players found for lineup: 0, 0.
[2588916] Could not find attributes for christian kum (Football Club Utrecht, 2015)
[2818600] Could not find attributes for stanislav namasco (APO Levadiakos Football Club, 2016)
[2581283] Could not find attributes for adama tamboura (Hobro IK, 2015)
[2340341] Failed to scrape lineup: https://www.transfermarkt.co.uk/gil-vicente-fc_cf-os-belenenses/index/spielbericht/2340341
[2732239] Could not find attributes for gaetan hendrickx (Royal Charleroi Sporting Club, 2016)
[2588916] Failed to build match row: ADO Den Haag vs Football Club Utrecht
[2581283] Failed to build match row: Aalborg BK vs Hobro IK
[2818600] Failed to build match row: APO Levadiakos Football Club vs Athlitiki Enosi Konstantinoupoleos

Keepers & outfield error for **Verona Hellas Football Club** in Football Club Internazionale Milano S.p.A. vs Verona Hellas Football Club: Numbers: 0 and 11.
[2732239] Failed to build match row: Club Brugge Koninklijke Voetbalvereniging vs Royal Charleroi Sporting Club
[2897390] Failed to build match row: Football Club Internazionale Milano S.p.A. vs Verona Hellas Football Club
[2329799] Could not find attributes for kehinde fatai (Club Brugge Koninklijke Voetbalvereniging, 2013)
[3171678] Could not find attributes for yaroslav godzyur (Ural Yekaterinburg, 2018)
[2875249] Could not find attributes for mohammad adnan (FC Helsingör, 2017)
[2329799] Failed to build match row: Royal Sporting Club Anderlecht vs Club Brugge Koninklijke Voetbalvereniging
[3119695] Failed to scrape lineup: https://www.transfermarkt.co.uk/spielbericht/index/spielbericht/3119695
[2660163] Could not find attributes for josh tymon (Hull City, 2015)

Keepers & outfield error for **Royal Sporting Club Anderlecht** in Royal Sporting Club Anderlecht vs Arsenal Football Club: Numbers: 0 and 11.
[2875249] Failed to build match row: FC Helsingör vs Sønderjyske Fodbold
[3171678] Failed to build match row: Ural Yekaterinburg vs Enisey Krasnoyarsk
[2660163] Failed to build match row: Arsenal Football Club vs Hull City
[2495324] Failed to build match row: Royal Sporting Club Anderlecht vs Arsenal Football Club
[2987594] Could not find attributes for olivier werner (Royal Excel Mouscron (-2022), 2017)

Keepers & outfield error for **Alaves** in Alaves vs Real Valladolid CF: Numbers: 2 and 9.
[2634095] Could not find attributes for bogdan shust (Volyn Lutsk, 2015)
[3080892] Failed to build match row: Alaves vs Real Valladolid CF

Keepers & outfield error for **RasenBallsport Leipzig** in RasenBallsport Leipzig vs Verein für Bewegungsspiele Stuttgart 1893: Numbers: 0 and 11.
[2987594] Failed to build match row: Royal Standard Club de Liège vs Royal Excel Mouscron (-2022)
[2634095] Failed to build match row: Volyn Lutsk vs Dnipro Dnipropetrovsk (-2020)
[2871854] Failed to build match row: RasenBallsport Leipzig vs Verein für Bewegungsspiele Stuttgart 1893
[3280162] Could not find attributes for giorgiy shelia (PFK Tambov (-2021), 2019)
[2345076] Could not find attributes for dmytro bezotosnyi (Chornomorets Odesa, 2013)
[3280162] Failed to build match row: PFK Tambov (-2021) vs Футбольный клуб "Локомотив" Москва
[2719731] Failed to build match row: Futebol Clube de Famalicão vs FC Penafiel
[2345076] Failed to build match row: Chornomorets Odesa vs Dacia Chisinau
[3072583] Could not find attributes for aleksey dugnist (Zvezda St. Petersburg, 2018)
[2475389] Could not find attributes for loukas vyntra (Levante Unión Deportiva S.A.D., 2014)
Not enough players found for lineup: 0, 0.
[3072583] Failed to build match row: Zvezda St. Petersburg vs FC Leningradets
Not enough players found for lineup: 0, 0.
[3385568] Failed to scrape lineup: https://www.transfermarkt.co.uk/spielbericht/index/spielbericht/3385568
[2475389] Failed to build match row: Levante Unión Deportiva S.A.D. vs Athletic Club Bilbao
[2340342] Failed to scrape lineup: https://www.transfermarkt.co.uk/cd-nacional_cf-os-belenenses/index/spielbericht/2340342
[2725557] Could not find attributes for bjorn bussmann (Caudal Deportivo, 2016)
[2725557] Failed to build match row: Caudal Deportivo vs Burgos CF

Keepers & outfield error for **FC Schalke 04** in Verein für Leibesübungen Wolfsburg vs FC Schalke 04: Numbers: 2 and 9.
[2818601] Could not find attributes for alaixys romao (Olympiakos Syndesmos Filathlon Peiraios, 2016)
[2321047] Failed to build match row: Verein für Leibesübungen Wolfsburg vs FC Schalke 04
[2818601] Failed to build match row: Olympiakos Syndesmos Filathlon Peiraios vs PAS Giannina
[2929463] Could not find attributes for oleksandr svatok (FC Zorya Lugansk, 2017)
[2929463] Failed to build match row: FC Zorya Lugansk vs FC Shakhtar Donetsk
[2329800] Could not find attributes for didier ovono (KV Oostende, 2013)

Keepers & outfield error for **FC Paços de Ferreira** in Boavista FC vs FC Paços de Ferreira: Numbers: 0 and 11.
[2329800] Failed to build match row: KV Oostende vs SK Beveren
[2359275] Could not find attributes for brayan perea (Società Sportiva Lazio S.p.A., 2013)
[2884517] Failed to build match row: Boavista FC vs FC Paços de Ferreira
[3245900] Could not find attributes for ilya eremenko (Irtysh Omsk, 2019)
[2359275] Failed to build match row: Atalanta Bergamasca Calcio S.p.a. vs Società Sportiva Lazio S.p.A.
[3245900] Failed to build match row: Irtysh Omsk vs Tom Tomsk
[2875250] Could not find attributes for herolind shala (Lyngby Boldklub, 2017)
[2875250] Failed to build match row: Lyngby Boldklub vs Hobro IK
[3050299] Failed to scrape lineup: https://www.transfermarkt.co.uk/chelsea-fc_fulham-fc/index/spielbericht/3050299
[2460927] Failed to scrape lineup: https://www.transfermarkt.co.uk/hannover-96_sc-freiburg/index/spielbericht/2460927

Keepers & outfield error for **AO FK Zenit Sankt-Peterburg** in AO FK Zenit Sankt-Peterburg vs Sevilla Fútbol Club S.A.D.: Numbers: 2 and 9.
[2987595] Could not find attributes for jakov filipovic (KSC Lokeren (- 2020), 2017)
[2547386] Failed to build match row: AO FK Zenit Sankt-Peterburg vs Sevilla Fútbol Club S.A.D.
[2987595] Failed to build match row: Royal Charleroi Sporting Club vs KSC Lokeren (- 2020)
[3227373] Could not find attributes for bogdan karyukin (Dinamo Barnaul, 2019)
[3227373] Failed to build match row: Dinamo Barnaul vs Sibir Novosibirsk
[3210402] Failed to scrape lineup: https://www.transfermarkt.co.uk/brondby-if_fc-midtjylland/index/spielbericht/3210402
[2486655] Failed to scrape lineup: https://www.transfermarkt.co.uk/southampton-fc_chelsea-fc/index/spielbericht/2486655
[2594770] Could not find attributes for jean sylvain babin (Granada CF, 2015)
[2594770] Failed to build match row: Granada CF vs Rayo Vallecano de Madrid S. A. D.
[2698549] Could not find attributes for jeremy morel (Olympique Lyonnais, 2016)
[2897391] Failed to scrape lineup: https://www.transfermarkt.co.uk/juventus-fc_ac-milan/index/spielbericht/2897391
[2698549] Failed to build match row: AS Nancy-Lorraine vs Olympique Lyonnais
Not enough players found for lineup: 0, 0.
[2332287] Failed to scrape lineup: https://www.transfermarkt.co.uk/west-bromwich-albion_tottenham-hotspur/index/spielbericht/2332287
[2732240] Failed to scrape lineup: https://www.transfermarkt.co.uk/kv-oostende-2024-_kv-mechelen/index/spielbericht/2732240
[2340343] Failed to scrape lineup: https://www.transfermarkt.co.uk/cf-os-belenenses_academica-coimbra/index/spielbericht/2340343

Keepers & outfield error for **Vitória Setúbal FC** in Clube Desportivo Nacional vs Vitória Setúbal FC: Numbers: 2 and 9.
Not enough players found for lineup: 0, 0.
[3171679] Could not find attributes for egor sorokin (FC Rubin Kazan, 2018)
[3093827] Failed to build match row: Clube Desportivo Nacional vs Vitória Setúbal FC
[3171679] Failed to build match row: FC Rubin Kazan vs Arsenal Tula
[2615056] Could not find attributes for lukas pokorny (FC Slovan Liberec, 2015)
[3385569] Failed to scrape lineup: https://www.transfermarkt.co.uk/spielbericht/index/spielbericht/3385569
[2514122] Could not find attributes for Paddy Kenny (Oldham Athletic, 2014)
[2818602] Could not find attributes for stefanos evangelou (Panathinaikos Athlitikos Omilos, 2016)
[2615056] Failed to build match row: FC Slovan Liberec vs HNK Hajduk Split
[2514122] Failed to build match row: Oldham Athletic vs Doncaster Rovers
[3219136] Could not find attributes for federico fernandez (Newcastle United Football Club, 2019)
[2818602] Failed to build match row: Panathinaikos Athlitikos Omilos vs APS Atromitos Athinon

Keepers & outfield error for **Paris Saint-Germain Football Club** in Paris Saint-Germain Football Club vs Olympiakos Syndesmos Filathlon Peiraios: Numbers: 2 and 9.
[2660164] Failed to scrape lineup: https://www.transfermarkt.co.uk/spielbericht/index/spielbericht/2660164
[3219136] Failed to build match row: Newcastle United Football Club vs Tottenham Hotspur Football Club
[2875251] Could not find attributes for magnus mattsson (Silkeborg Idrætsforening, 2017)
[3061073] Failed to scrape lineup: https://www.transfermarkt.co.uk/ajax-amsterdam_az-alkmaar/index/spielbericht/3061073
[2875251] Failed to build match row: Silkeborg Idrætsforening vs Fodbold Club Midtjylland
[2368474] Failed to build match row: Paris Saint-Germain Football Club vs Olympiakos Syndesmos Filathlon Peiraios

Keepers & outfield error for **Associazione Calcio Fiorentina** in Associazione Calcio Fiorentina vs Futbolniy Klub Dynamo Kyiv: Numbers: 0 and 11.

Keepers & outfield error for **Royal Sporting Club Anderlecht** in St Truiden vs Royal Sporting Club Anderlecht: Numbers: 2 and 9.
[2719732] Could not find attributes for federico virga (SC Olhanense, 2016)
[2547387] Failed to build match row: Associazione Calcio Fiorentina vs Futbolniy Klub Dynamo Kyiv
[2987596] Failed to build match row: St Truiden vs Royal Sporting Club Anderlecht
[3210403] Could not find attributes for alexander juel andersen (Odense Boldklub, 2019)
[2719732] Failed to build match row: SC Olhanense vs Varzim SC
[2634096] Could not find attributes for oleksandr karavaev (FC Zorya Lugansk, 2015)
[2345077] Could not find attributes for gretar sigfinnur sigurdarson (KR Reykjavík, 2013)

Keepers & outfield error for **AO FK Zenit Sankt-Peterburg** in AO FK Zenit Sankt-Peterburg vs Bayer 04 Leverkusen Fußball: Numbers: 2 and 9.
[2581285] Could not find attributes for filip novak (Fodbold Club Midtjylland, 2015)
[2634096] Failed to build match row: FC Zorya Lugansk vs Vorskla Poltava
[2495326] Failed to build match row: AO FK Zenit Sankt-Peterburg vs Bayer 04 Leverkusen Fußball
[2884518] Could not find attributes for heldon (Vitória Sport Clube, 2017)
[3210403] Failed to build match row: Odense Boldklub vs Aalborg BK
 Club de Liège

Keepers & outfield error for **Espanol** in Espanol vs Valencia Club de Fútbol S. A. D.: Numbers: 2 and 9.
[2581285] Failed to build match row: Fodbold Club Midtjylland vs Esbjerg fB
[2884518] Failed to build match row: Vitória Sport Clube vs Moreirense Futebol Clube
[3080893] Failed to scrape lineup: https://www.transfermarkt.co.uk/fc-barcelona_real-sociedad/index/spielbericht/3080893
[2475390] Failed to build match row: Espanol vs Valencia Club de Fútbol S. A. D.
[2763755] Could not find attributes for andrew stobie (Edinburgh City FC, 2016)
[3280163] Could not find attributes for andrey klimovich (FC Orenburg, 2019)
[2763755] Failed to build match row: Edinburgh City FC vs Forfar Athletic FC
[3280163] Failed to build match row: FC Orenburg vs RFK Akhmat Grozny
[2321048] Failed to scrape lineup: https://www.transfermarkt.co.uk/sv-werder-bremen_fc-augsburg/index/spielbericht/2321048
[3072584] Could not find attributes for azamat tomaev (Khimik-Arsenal Novomoskovsk, 2018)
[3072584] Failed to build match row: Khimik-Arsenal Novomoskovsk vs Dinamo Bryansk
Not enough players found for lineup: 0, 0.

Keepers & outfield error for **Chelsea Football Club** in Chelsea Football Club vs Manchester City Football Club: Numbers: 2 and 9.
[2340344] Failed to scrape lineup: https://www.transfermarkt.co.uk/vitoria-guimaraes-sc_rio-ave-fc/index/spielbericht/2340344
[2660165] Failed to build match row: Chelsea Football Club vs Manchester City Football Club
[2818603] Could not find attributes for antonis kokkalas (AO Platanias, 2016)
[2818603] Failed to build match row: AO Platanias vs Panthessalonikios Athlitikos Omilos Konstantinoupoliton
[3061074] Could not find attributes for mounir el hamdaoui (Excelsior Rotterdam, 2018)
[3061074] Failed to build match row: Excelsior Rotterdam vs Vitesse Arnhem
[2606495] Failed to scrape lineup: https://www.transfermarkt.co.uk/basaksehir-fk_besiktas-jk/index/spielbericht/2606495
[2725559] Could not find attributes for xabier etxebarria (Barakaldo CF, 2016)
[2725559] Failed to build match row: Barakaldo CF vs Zamudio SD
[2480905] Could not find attributes for vitaliy nedilko (Volyn Lutsk, 2014)
[2480905] Failed to build match row: Volyn Lutsk vs Metalurg Zaporizhya (-2016)
[3245901] Could not find attributes for vyacheslav grab (FC Tyumen, 2019)
[3245901] Failed to build match row: FC Tyumen vs Enisey Krasnoyarsk
[2929498] Could not find attributes for soren pedersen (Jammerbugt FC, 2017)
[2929498] Failed to build match row: Jammerbugt FC vs Sønderjyske Fodbold
[3210404] Could not find attributes for zeca (Football Club København, 2019)
[3280164] Could not find attributes for yuriy dyupin (FC Rubin Kazan, 2019)
[3210404] Failed to build match row: Fodbold Club Nordsjælland vs Football Club København

Keepers & outfield error for **Brighton and Hove Albion Football Club** in Huddersfield Town vs Brighton and Hove Albion Football Club: Numbers: 2 and 9.
[3280164] Failed to build match row: FC Rubin Kazan vs AO FK Zenit Sankt-Peterburg
[3050301] Failed to build match row: Huddersfield Town vs Brighton and Hove Albion Football Club
[2581286] Could not find attributes for thomas kahlenberg (Brøndby Idrætsforening, 2015)
[2581286] Failed to build match row: Brøndby Idrætsforening vs Football Club København

Keepers & outfield error for **Real Betis Balompié S.A.D.** in Real Betis Balompié S.A.D. vs Valencia Club de Fútbol S. A. D.: Numbers: 2 and 9.

Keepers & outfield error for **Getafe Club de Fútbol S. A. D. Team Dubai** in Rayo Vallecano de Madrid S. A. D. vs Getafe Club de Fútbol S. A. D. Team Dubai: Numbers: 2 and 9.
[2732241] Could not find attributes for aristote nkaka (Royal Excel Mouscron (-2022), 2016)
[2594771] Failed to build match row: Rayo Vallecano de Madrid S. A. D. vs Getafe Club de Fútbol S. A. D. Team Dubai
[2732241] Failed to build match row: Koninklijke Racing Club Genk vs Royal Excel Mouscron (-2022)
[3080894] Failed to build match row: Real Betis Balompié S.A.D. vs Valencia Club de Fútbol S. A. D.
[2615057] Could not find attributes for vyacheslav checher (FC Zorya Lugansk, 2015)

Keepers & outfield error for **CS Marítimo** in CS Marítimo vs Futebol Clube do Porto: Numbers: 3 and 8.
[2615057] Failed to build match row: FC Zorya Lugansk vs Legia Warszawa Spółka Akcyjna

Keepers & outfield error for **Sport Lisboa e Benfica** in Juventus Football Club vs Sport Lisboa e Benfica: Numbers: 2 and 9.
[2884519] Failed to build match row: CS Marítimo vs Futebol Clube do Porto
[2452877] Failed to build match row: Juventus Football Club vs Sport Lisboa e Benfica
[3385605] Could not find attributes for anatoliy malashenko (Rubin 2 Kazan, 2013)
[3385605] Failed to build match row: Rubin 2 Kazan vs Volga Uljanovsk
[2581287] Could not find attributes for osama akharraz (Viborg Fodsports Forening, 2015)
[2581287] Failed to build match row: Viborg Fodsports Forening vs Odense Boldklub
[3171680] Could not find attributes for khvicha kvaratskhelia (Футбольный клуб "Локомотив" Москва, 2018)
[2660166] Could not find attributes for ian black (Shrewsbury Town, 2015)
[3171680] Failed to build match row: Футбольный клуб "Локомотив" Москва vs AO FK Zenit Sankt-Peterburg
[2660166] Failed to build match row: Shrewsbury Town vs Manchester United Football Club
[2329802] Failed to scrape lineup: https://www.transfermarkt.co.uk/lierse-sk-2018-_kaa-gent/index/spielbericht/2329802
[2495327] Failed to scrape lineup: https://www.transfermarkt.co.uk/spielbericht/index/spielbericht/2495327
[2763756] Failed to scrape lineup: https://www.transfermarkt.co.uk/spielbericht/index/spielbericht/2763756
spielbericht/2987597
[2719733] Failed to scrape lineup: https://www.transfermarkt.co.uk/spielbericht/index/spielbericht/2719733
[2321049] Failed to scrape lineup: https://www.transfermarkt.co.uk/1-fc-nuremberg_hertha-bsc/index/spielbericht/2321049
[2345079] Failed to scrape lineup: https://www.transfermarkt.co.uk/spielbericht/index/spielbericht/2345079
[2332289] Failed to scrape lineup: https://www.transfermarkt.co.uk/west-ham-united_tottenham-hotspur/index/spielbericht/2332289
[3227374] Failed to build match row: Zvezda Perm vs Zenit Izhevsk
[3072585] Could not find attributes for roman klyukin (FC Kaluga, 2018)
[3093828] Could not find attributes for filipe brigues (GD Chaves, 2018)
[3072585] Failed to build match row: FC Kaluga vs Veles Moscow
[2340346] Failed to scrape lineup: https://www.transfermarkt.co.uk/fc-pacos-de-ferreira_sl-benfica/index/spielbericht/2340346
[3093828] Failed to build match row: Futebol Clube do Porto vs GD Chaves
[2704436] Could not find attributes for douglas santos (Hamburger Sport Verein, 2016)
index/spielbericht/2818606
[2704436] Failed to build match row: 1. Fußball- und Sportverein Mainz 05 vs Hamburger Sport Verein

Keepers & outfield error for **SPAL** in Genoa Cricket and Football Club vs SPAL: Numbers: 2 and 9.
[2897395] Failed to build match row: Genoa Cricket and Football Club vs SPAL
[3119697] Failed to scrape lineup: https://www.transfermarkt.co.uk/spielbericht/index/spielbericht/3119697
[3245902] Could not find attributes for maksim schastlivtsev (Sakhalin Yuzhno-Sakhalinsk, 2019)
[3280165] Could not find attributes for vladimir rykov (FK Dinamo Moskva, 2019)
[2615058] Could not find attributes for daniel bozinovski (Rabotnicki Skopje, 2015)
[3245902] Failed to build match row: Sakhalin Yuzhno-Sakhalinsk vs SKA Khabarovsk
[2634097] Could not find attributes for sergiy basov (FC Oleksandriya, 2015)
[2480906] Failed to scrape lineup: https://www.transfermarkt.co.uk/chornomorets-odesa_shakhtar-donetsk/index/spielbericht/2480906
[2615058] Failed to build match row: Rabotnicki Skopje vs FC Rubin Kazan
[2634097] Failed to build match row: FC Oleksandriya vs Goverla Uzhgorod (- 2016)
[3280165] Failed to build match row: FK Dinamo Moskva vs FK Rostov
[2514123] Failed to scrape lineup: https://www.transfermarkt.co.uk/spielbericht/index/spielbericht/2514123
[3050302] Failed to scrape lineup: https://www.transfermarkt.co.uk/leicester-city_watford-fc/index/spielbericht/3050302
[2486658] Failed to scrape lineup: https://www.transfermarkt.co.uk/west-ham-united_arsenal-fc/index/spielbericht/2486658
[2594772] Failed to scrape lineup: https://www.transfermarkt.co.uk/sd-eibar_villarreal-cf/index/spielbericht/2594772
[2929819] Failed to scrape lineup: https://www.transfermarkt.co.uk/spielbericht/index/spielbericht/2929819
[2475392] Failed to scrape lineup: https://www.transfermarkt.co.uk/cordoba-cf_ud-almeria/index/spielbericht/2475392
[2987598] Could not find attributes for hamdi harbaoui (Sportvereniging Zulte Waregem, 2017)
Not enough players found for lineup: 0, 0.
[2884520] Failed to scrape lineup: https://www.transfermarkt.co.uk/portimonense-sc_sporting-cp/index/spielbericht/2884520
[2987598] Failed to build match row: Sportvereniging Zulte Waregem vs KAS Eupen
[2818607] Could not find attributes for georgios athanasiadis (A.G.S Asteras Tripolis, 2016)
[2340347] Failed to scrape lineup: https://www.transfermarkt.co.uk/gd-estoril-praia_sc-braga/index/spielbericht/2340347
[2818607] Failed to build match row: A.G.S Asteras Tripolis vs Iraklis Thessaloniki
[2875254] Failed to scrape lineup: https://www.transfermarkt.co.uk/hobro-ik_silkeborg-if/index/spielbericht/2875254
[3119698] Failed to scrape lineup: https://www.transfermarkt.co.uk/spielbericht/index/spielbericht/3119698
[2897396] Failed to scrape lineup: https://www.transfermarkt.co.uk/cagliari-calcio_torino-fc/index/spielbericht/2897396
[3171681] Could not find attributes for evgeniy frolov (FC Orenburg, 2018)
[3385606] Could not find attributes for boris shogenov (Dinamo Kirov, 2013)
[3171681] Failed to build match row: FC Orenburg vs RFK Akhmat Grozny
[3385606] Failed to build match row: Dinamo Kirov vs Zenit Izhevsk

Keepers & outfield error for **Manchester City Football Club** in Manchester City Football Club vs FC Viktoria Plzeň, a.s.: Numbers: 2 and 9.
[2634098] Failed to scrape lineup: https://www.transfermarkt.co.uk/olimpik-donetsk_stal-dniprodzerzhynsk/index/spielbericht/2634098
[2453101] Failed to scrape lineup: https://www.transfermarkt.co.uk/goverla-uzhgorod-2016-_chornomorets-odessa/index/spielbericht/2453101
[2547388] Failed to scrape lineup: https://www.transfermarkt.co.uk/spielbericht/index/spielbericht/2547388
[2368475] Failed to build match row: Manchester City Football Club vs FC Viktoria Plzeň, a.s.

Keepers & outfield error for **Associazione Calcio Fiorentina** in Associazione Calcio Fiorentina vs Juventus Football Club: Numbers: 0 and 11.
[2486659] Failed to scrape lineup: https://www.transfermarkt.co.uk/aston-villa_crystal-palace/index/spielbericht/2486659
[2359277] Failed to build match row: Associazione Calcio Fiorentina vs Juventus Football Club
[2475393] Failed to scrape lineup: https://www.transfermarkt.co.uk/real-sociedad_celta-de-vigo/index/spielbericht/2475393
[3280166] Could not find attributes for aleksandr belenov (FK Ufa, 2019)
019)
[3219140] Failed to build match row: Watford FC vs Leicester City
[3246407] Could not find attributes for ragnar klavan (Cagliari Calcio, 2019)
[3246407] Failed to build match row: Cagliari Calcio vs UC Sampdoria
[3280166] Failed to build match row: FK Ufa vs FK Sochi
[3203589] Could not find attributes for vladimir darida (Hertha BSC, 2019)
[3203589] Failed to build match row: Hertha BSC vs FC Bayern München
[2332291] Could not find attributes for mahamadou diarra (Fulham Football Club, 2013)
[3227375] Could not find attributes for sergey glazkov (FK Chelyabinsk, 2019)
[2332291] Failed to build match row: Aston Villa Football Club vs Fulham Football Club
[3227375] Failed to build match row: FK Chelyabinsk vs FC Tyumen
[2345080] Could not find attributes for cristian gamboa (Rosenborg Ballklub, 2013)
[2763757] Could not find attributes for ricky little (Arbroath FC, 2016)
[2345080] Failed to build match row: Rosenborg Ballklub vs St. Johnstone FC
[2763757] Failed to build match row: Arbroath FC vs University of Stirling FC

Keepers & outfield error for **Futebol Clube do Porto** in Futebol Clube do Porto vs Académica Coimbra: Numbers: 0 and 11.
[2340348] Failed to build match row: Futebol Clube do Porto vs Académica Coimbra
[2486660] Failed to scrape lineup: https://www.transfermarkt.co.uk/hull-city_everton-fc/index/spielbericht/2486660
[2987599] Could not find attributes for jakov filipovic (KSC Lokeren (- 2020), 2017)
[2615059] Could not find attributes for milos volesak (MSK Zilina, 2015)
[2987599] Failed to build match row: KSC Lokeren (- 2020) vs KV Kortrijk
[2884521] Could not find attributes for boubacar fofana (Moreirense Futebol Clube, 2017)
[2615059] Failed to build match row: MSK Zilina vs Athletic Club Bilbao
[3203590] Failed to scrape lineup: https://www.transfermarkt.co.uk/1-fsv-mainz-05_sc-freiburg/index/spielbericht/3203590

Keepers & outfield error for **Olympiakos Syndesmos Filathlon Peiraios** in Juventus Football Club vs Olympiakos Syndesmos Filathlon Peiraios: Numbers: 0 and 11.
[2818608] Could not find attributes for andrey gorbunov (APS Atromitos Athinon, 2016)
[2884521] Failed to build match row: Moreirense Futebol Clube vs Desportivo Aves (- 2020)
[2495328] Failed to build match row: Juventus Football Club vs Olympiakos Syndesmos Filathlon Peiraios
[2818608] Failed to build match row: APS Atromitos Athinon vs AO Platanias
[2725562] Could not find attributes for yanis rahmani (Sestao River, 2016)
[2871858] Failed to scrape lineup: https://www.transfermarkt.co.uk/fc-schalke-04_1-fsv-mainz-05/index/spielbericht/2871858
[3246408] Failed to scrape lineup: https://www.transfermarkt.co.uk/spielbericht/index/spielbericht/3246408
[2725562] Failed to build match row: Sestao River vs UD Villa de Santa Brígida
[2340349] Failed to scrape lineup: https://www.transfermarkt.co.uk/fc-porto_gd-estoril-praia/index/spielbericht/2340349

Keepers & outfield error for **Everton Football Club** in Liverpool Football Club vs Everton Football Club: Numbers: 2 and 9.
[3050303] Failed to build match row: Liverpool Football Club vs Everton Football Club
[3072586] Could not find attributes for vitaliy chilyushkin (Znamya Truda Orekhovo-Zuevo, 2018)
[2660167] Could not find attributes for joe ledley (Crystal Palace Football Club, 2015)
[3072586] Failed to build match row: Znamya Truda Orekhovo-Zuevo vs Strogino Moscow
[2660167] Failed to build match row: Tottenham Hotspur Football Club vs Crystal Palace Football Club

Keepers & outfield error for **Real Madrid Club de Fútbol** in Club Atlético de Madrid S.A.D. vs Real Madrid Club de Fútbol: Numbers: 2 and 9.
[2615060] Failed to scrape lineup: https://www.transfermarkt.co.uk/spielbericht/index/spielbericht/2615060
[2588922] Failed to scrape lineup: https://www.transfermarkt.co.uk/heracles-almelo_twente-enschede-fc/index/spielbericht/2588922
[2475394] Failed to build match row: Club Atlético de Madrid S.A.D. vs Real Madrid Club de Fútbol
[2547389] Could not find attributes for denys boyko (Dnipro Dnipropetrovsk (-2020), 2014)
[3080897] Failed to scrape lineup: https://www.transfermarkt.co.uk/real-madrid_athletic-bilbao/index/spielbericht/3080897

Keepers & outfield error for **Moreirense Futebol Clube** in Clube Desportivo Nacional vs Moreirense Futebol Clube: Numbers: 3 and 8.
[2547389] Failed to build match row: Dnipro Dnipropetrovsk (-2020) vs Club Brugge Koninklijke Voetbalvereniging
[3280167] Could not find attributes for yaroslav godzyur (Ural Yekaterinburg, 2019)
[3246409] Failed to scrape lineup: https://www.transfermarkt.co.uk/spielbericht/index/spielbericht/3246409
[2464767] Failed to build match row: Clube Desportivo Nacional vs Moreirense Futebol Clube
[3280167] Failed to build match row: Ural Yekaterinburg vs FK Spartak Moskva
[2875255] Could not find attributes for marco lund (Odense Boldklub, 2017)
[3203591] Could not find attributes for oscar wendt (Mönchengladbach, 2019)
[2875255] Failed to build match row: Odense Boldklub vs Aarhus Gymnastik Forening
[3203591] Failed to build match row: FC Schalke 04 vs Mönchengladbach
[2884522] Could not find attributes for fabio coentrao (Sporting Clube de Portugal, 2017)
[2884522] Failed to build match row: Sporting Clube de Portugal vs Sport Lisboa e Benfica
[2359278] Could not find attributes for giovanni marchese (Genoa Cricket and Football Club, 2013)
[2359278] Failed to build match row: Genoa Cricket and Football Club vs Chievo Verona
[2453102] Could not find attributes for mykyta shevchenko (FC Zorya Lugansk, 2013)
[2453102] Failed to build match row: FC Zorya Lugansk vs FC Shakhtar Donetsk
[3119699] Could not find attributes for jamie butler (Sutton United, 2018)
[3119699] Failed to build match row: Sutton United vs Slough Town

Keepers & outfield error for **SC Freamunde** in SC Freamunde vs CF União Madeira (-2021): Numbers: 0 and 11.
[3219142] Could not find attributes for anthony gordon (Everton Football Club, 2019)
[2719734] Failed to build match row: SC Freamunde vs CF União Madeira (-2021)
[3219142] Failed to build match row: Everton Football Club vs Liverpool Football Club
[2359279] Failed to scrape lineup: https://www.transfermarkt.co.uk/hellas-verona_parma-fc/index/spielbericht/2359279
[2615061] Failed to scrape lineup: https://www.transfermarkt.co.uk/spielbericht/index/spielbericht/2615061
[2594775] Failed to scrape lineup: https://www.transfermarkt.co.uk/ud-las-palmas_valencia-cf/index/spielbericht/2594775
[3385607] Could not find attributes for danil klenkin (FC Tyumen, 2013)
[3203592] Could not find attributes for stephan lichtsteiner (Fußball-Club Augsburg 1907, 2019)
[3385607] Failed to build match row: FC Tyumen vs FK Chelyabinsk
[2634099] Could not find attributes for danylo kucher (Dnipro Dnipropetrovsk (-2020), 2015)
[2581291] Failed to scrape lineup: https://www.transfermarkt.co.uk/odense-boldklub_fc-midtjylland/index/spielbericht/2581291
[3174469] Could not find attributes for sergey ryzhikov (PFK Krylya Sovetov Samara, 2018)

Keepers & outfield error for **Association sportive de Monaco Football Club** in Association sportive de Monaco Football Club vs Juventus Football Club: Numbers: 2 and 9.
[2475395] Failed to scrape lineup: https://www.transfermarkt.co.uk/deportivo-de-la-coruna_sd-eibar/index/spielbericht/2475395
[2660168] Could not find attributes for jose cholevas (Watford FC, 2015)
pik Donetsk

Keepers & outfield error for **AC Horsens** in AC Horsens vs Brøndby Idrætsforening: Numbers: 2 and 9.
[3174469] Failed to build match row: PFK Krylya Sovetov Samara vs FC Rubin Kazan
[2763758] Could not find attributes for taylor hope (Gala Fairydean Rovers FC, 2016)
[2549774] Failed to build match row: Association sportive de Monaco Football Club vs Juventus Football Club
[2875256] Failed to build match row: AC Horsens vs Brøndby Idrætsforening
C
[2660168] Failed to build match row: Watford FC vs Leeds United Association Football Club
[2514125] Could not find attributes for blaine hudson (Wrexham AFC, 2014)
[2514125] Failed to build match row: Wrexham AFC vs Maidstone United

Keepers & outfield error for **Sporting Clube de Braga** in Sporting Clube de Braga vs Boavista FC: Numbers: 2 and 9.
[2884523] Failed to build match row: Sporting Clube de Braga vs Boavista FC
[2453103] Could not find attributes for yevgen galchuk (FK Mariupol, 2013)
[2453103] Failed to build match row: FK Mariupol vs Futbolniy Klub Dynamo Kyiv

Keepers & outfield error for **Fußball-Club Augsburg 1907** in Fußball-Club Augsburg 1907 vs Hannover 96: Numbers: 2 and 9.
[2871860] Failed to build match row: Fußball-Club Augsburg 1907 vs Hannover 96
[2368477] Failed to scrape lineup: https://www.transfermarkt.co.uk/spielbericht/index/spielbericht/2368477
[2321054] Failed to scrape lineup: https://www.transfermarkt.co.uk/bayern-munich_1-fc-nuremberg/index/spielbericht/2321054
[2345081] Could not find attributes for filip mitrovic (OFK Titograd, 2013)
[2345081] Failed to build match row: OFK Titograd vs FK Senica (- 2022)
[2929820] Could not find attributes for filip malbasic (CD Tenerife, 2017)
Football Club, 2019)
[3219143] Failed to build match row: Crystal Palace Football Club vs Manchester United Football Club
[2929820] Failed to build match row: CD Tenerife vs Espanol
[3210406] Failed to scrape lineup: https://www.transfermarkt.co.uk/hobro-ik_ac-horsens/index/spielbericht/3210406
[3280168] Could not find attributes for egor shamov (Arsenal Tula, 2019)
[3280168] Failed to build match row: Arsenal Tula vs FK Krasnodar

Keepers & outfield error for **UC Sampdoria** in US Livorno 1915 vs UC Sampdoria: Numbers: 0 and 11.
[2359280] Failed to build match row: US Livorno 1915 vs UC Sampdoria
[2897398] Failed to scrape lineup: https://www.transfermarkt.co.uk/spal-2013_atalanta-bc/index/spielbericht/2897398
[2340350] Failed to scrape lineup: https://www.transfermarkt.co.uk/sl-benfica_vitoria-guimaraes-sc/index/spielbericht/2340350
[2725563] Failed to scrape lineup: https://www.transfermarkt.co.uk/spielbericht/index/spielbericht/2725563
[3246410] Could not find attributes for denilho cleonise (Genoa Cricket and Football Club, 2019)
[3246410] Failed to build match row: Genoa Cricket and Football Club vs Ascoli Calcio
[3227376] Could not find attributes for aleksandr kabaev (Metallurg Magnitogorsk, 2019)
[3227376] Failed to build match row: Metallurg Magnitogorsk vs Nosta Novotroitsk
[2634100] Could not find attributes for oleksandr karavaev (FC Zorya Lugansk, 2015)
[2634100] Failed to build match row: FC Shakhtar Donetsk vs FC Zorya Lugansk
[2732242] Could not find attributes for deivydas matulevicius (Royal Excel Mouscron (-2022), 2016)
[2732242] Failed to build match row: Royal Excel Mouscron (-2022) vs KAS Eupen
[2818609] Could not find attributes for achilleas poungouras (Panthessalonikios Athlitikos Omilos Konstantinoupoliton, 2016)
[2464768] Failed to scrape lineup: https://www.transfermarkt.co.uk/fc-porto_cs-maritimo/index/spielbericht/2464768
[2495330] Could not find attributes for georgi terziev (Ludogorets Razgrad, 2014)
[2818609] Failed to build match row: Panthessalonikios Athlitikos Omilos Konstantinoupoliton vs AOK Kerkyra
[2495330] Failed to build match row: FC Basel 1893 AG vs Ludogorets Razgrad

Keepers & outfield error for **SD Eibar** in SD Eibar vs Club Atlético de Madrid S.A.D.: Numbers: 3 and 8.

Keepers & outfield error for **Rayo Vallecano de Madrid S. A. D.** in Elche Club de Fútbol S.A.D. vs Rayo Vallecano de Madrid S. A. D.: Numbers: 0 and 11.
[3080898] Failed to build match row: SD Eibar vs Club Atlético de Madrid S.A.D.
[2475396] Failed to build match row: Elche Club de Fútbol S.A.D. vs Rayo Vallecano de Madrid S. A. D.

Keepers & outfield error for **Chelsea Football Club** in Chelsea Football Club vs Sunderland Association Football Club: Numbers: 2 and 9.
[2332295] Failed to build match row: Chelsea Football Club vs Sunderland Association Football Club
[2606496] Could not find attributes for david pavelka (Kasımpaşa A.Ş., 2015)
[2606496] Failed to build match row: Fenerbahçe Spor Kulübü vs Kasımpaşa A.Ş.
Not enough players found for lineup: 0, 0.
[2340351] Failed to scrape lineup: https://www.transfermarkt.co.uk/gd-estoril-praia_sc-olhanense/index/spielbericht/2340351

Keepers & outfield error for **Mönchengladbach** in Bayer 04 Leverkusen Fußball vs Mönchengladbach: Numbers: 2 and 9.
[2321055] Failed to build match row: Bayer 04 Leverkusen Fußball vs Mönchengladbach
[3061076] Could not find attributes for ricardo van rhijn (Alkmaar Zaanstreek, 2018)
[3061076] Failed to build match row: Football Club Utrecht vs Alkmaar Zaanstreek

Keepers & outfield error for **Associazione Calcio Milan** in Associazione Calcio Milan vs Udinese Calcio: Numbers: 0 and 11.
[2359281] Failed to build match row: Associazione Calcio Milan vs Udinese Calcio
[2581292] Could not find attributes for stephan andersen (Football Club København, 2015)
[2581292] Failed to build match row: Football Club København vs Viborg Fodsports Forening
[3203593] Could not find attributes for jan thielmann (1. Fußball-Club Köln, 2019)
[3203593] Failed to build match row: 1. Fußball-Club Köln vs Verein für Leibesübungen Wolfsburg
[2345082] Could not find attributes for mathieu valverde (Anorthosis Famagusta, 2013)
[2345082] Failed to build match row: Anorthosis Famagusta vs Gefle IF
[2732243] Could not find attributes for gaetan hendrickx (Royal Charleroi Sporting Club, 2016)
[2732243] Failed to build match row: Royal Charleroi Sporting Club vs Sportvereniging Zulte Waregem
[2818610] Could not find attributes for stefanos evangelou (Panathinaikos Athlitikos Omilos, 2016)
[2818610] Failed to build match row: Panathinaikos Athlitikos Omilos vs Athlitiki Enosi Larisas

Keepers & outfield error for **Sporting Clube de Braga** in Sporting Clube de Braga vs Boavista FC: Numbers: 2 and 9.
[2464769] Failed to build match row: Sporting Clube de Braga vs Boavista FC
[2594776] Failed to scrape lineup: https://www.transfermarkt.co.uk/celta-de-vigo_deportivo-de-la-coruna/index/spielbericht/2594776

Keepers & outfield error for **West Ham United Football Club** in Newcastle United Football Club vs West Ham United Football Club: Numbers: 2 and 9.
[3050305] Failed to build match row: Newcastle United Football Club vs West Ham United Football Club
[2662093] Could not find attributes for ron vlaar (Alkmaar Zaanstreek, 2015)
[2662093] Failed to build match row: Feyenoord Rotterdam vs Alkmaar Zaanstreek
[2615062] Could not find attributes for vlastimil hruby (FK Jablonec a.s., 2015)
[2615062] Failed to build match row: AFC Ajax Amsterdam vs FK Jablonec a.s.
[2704440] Failed to scrape lineup: https://www.transfermarkt.co.uk/sv-darmstadt-98_bayern-munich/index/spielbericht/2704440
[2368478] Failed to scrape lineup: https://www.transfermarkt.co.uk/spielbericht/index/spielbericht/2368478
[2763803] Failed to scrape lineup: https://www.transfermarkt.co.uk/cska-moscow_fc-ufa/index/spielbericht/2763803
[2884524] Failed to scrape lineup: https://www.transfermarkt.co.uk/fc-porto_cd-feirense/index/spielbericht/2884524
[3385608] Could not find attributes for timur bagautdinov (Syzran-2003, 2013)
[3061077] Could not find attributes for ben rienstra (Sportclub Heerenveen, 2018)
[3385608] Failed to build match row: Syzran-2003 vs Lada Togliatti
[3061077] Failed to build match row: Sportclub Heerenveen vs AFC Ajax Amsterdam
[2453104] Could not find attributes for sergiy litovchenko (Volyn Lutsk, 2013)
[2581293] Could not find attributes for thomas kahlenberg (Brøndby Idrætsforening, 2015)
[3210407] Failed to scrape lineup: https://www.transfermarkt.co.uk/silkeborg-if_randers-fc/index/spielbericht/3210407
[2453104] Failed to build match row: Volyn Lutsk vs FK Sevastopol (- 2014)
[2581293] Failed to build match row: Aarhus Gymnastik Forening vs Brøndby Idrætsforening
[2929821] Failed to scrape lineup: https://www.transfermarkt.co.uk/spielbericht/index/spielbericht/2929821
[2897399] Failed to scrape lineup: https://www.transfermarkt.co.uk/fc-crotone_bologna-fc-1909/index/spielbericht/2897399
[3280169] Failed to scrape lineup: https://www.transfermarkt.co.uk/cska-moscow_krylya-sovetov-samara/index/spielbericht/3280169
[3246411] Failed to scrape lineup: https://www.transfermarkt.co.uk/spielbericht/index/spielbericht/3246411
[2486663] Failed to scrape lineup: https://www.transfermarkt.co.uk/newcastle-united_burnley-fc/index/spielbericht/2486663
[2480907] Could not find attributes for stanislav bogush (Vorskla Poltava, 2014)
[2480907] Failed to build match row: Vorskla Poltava vs Karpaty Lviv (-2021)
[2634102] Could not find attributes for sergiy pogorilyi (Metalist Kharkiv (- 2016), 2015)
[2634102] Failed to build match row: Metalist Kharkiv (- 2016) vs Futbolniy Klub Dynamo Kyiv
[2732244] Could not find attributes for nemanja miletic (Koninklijke Voetbal Club Westerlo, 2016)
[2903942] Could not find attributes for ludovic baal (Rennes, 2017)
[2732244] Failed to build match row: SK Beveren vs Koninklijke Voetbal Club Westerlo
[2903942] Failed to build match row: Rennes vs Lille Olympique Sporting Club
[2594777] Could not find attributes for carl medjani (Levante Unión Deportiva S.A.D., 2015)
[2594777] Failed to build match row: Levante Unión Deportiva S.A.D. vs Sporting Gijón
[3072587] Could not find attributes for vitaliy yakovlev (Kvant Obninsk, 2018)
[2719735] Could not find attributes for kodjo alphonse (Gil Vicente Futebol Clube, 2016)
[3093829] Could not find attributes for stephen payne (Varzim SC, 2018)
[3072587] Failed to build match row: Kvant Obninsk vs FK Dolgoprudnyi
[2719735] Failed to build match row: Gil Vicente Futebol Clube vs Académica Coimbra
[2329804] Could not find attributes for ahmed el messaoudi (Lierse SK (- 2018), 2013)
[3119700] Could not find attributes for joe green (Guiseley AFC, 2018)
[2329804] Failed to build match row: Lierse SK (- 2018) vs Yellow-Red Koninklijke Voetbalclub Mechelen
[3093829] Failed to build match row: Varzim SC vs B SAD
[2871872] Could not find attributes for andriy yarmolenko (Borussia Dortmund, 2017)
[3119700] Failed to build match row: Guiseley AFC vs Cambridge United
[2871872] Failed to build match row: Borussia Dortmund vs Turn- und Sportgemeinschaft 1899 Hoffenheim Fußball-Spielbetriebs
[2606497] Failed to scrape lineup: https://www.transfermarkt.co.uk/konyaspor_osmanlispor-fk/index/spielbericht/2606497
[3219145] Failed to scrape lineup: https://www.transfermarkt.co.uk/wolverhampton-wanderers_brighton-amp-hove-albion/index/spielbericht/3219145

Keepers & outfield error for **Association sportive de Monaco Football Club** in Sport Lisboa e Benfica vs Association sportive de Monaco Football Club: Numbers: 2 and 9.
[2514126] Could not find attributes for james curtis (Gateshead FC, 2014)
[2495331] Failed to build match row: Sport Lisboa e Benfica vs Association sportive de Monaco Football Club
[2321057] Failed to scrape lineup: https://www.transfermarkt.co.uk/tsg-1899-hoffenheim_sc-freiburg/index/spielbericht/2321057
[2514126] Failed to build match row: Gateshead FC vs Warrington Town
[2345084] Could not find attributes for vyacheslav kotlyar (Irtysh Pavlodar, 2013)
[2345084] Failed to build match row: Irtysh Pavlodar vs NK Siroki Brijeg
[3080901] Failed to scrape lineup: https://www.transfermarkt.co.uk/villarreal-cf_cd-leganes/index/spielbericht/3080901
[2884525] Could not find attributes for heldon (Vitória Sport Clube, 2017)
[2550035] Failed to scrape lineup: https://www.transfermarkt.co.uk/amkar-perm_rubin-kazan/index/spielbericht/2550035
[2884525] Failed to build match row: Clube Desportivo de Tondela vs Vitória Sport Clube
[2359283] Could not find attributes for jonatan cristaldo (Bologna Football Club 1909, 2013)
[2634103] Could not find attributes for dmitriy nepogodov (Vorskla Poltava, 2015)
[2359283] Failed to build match row: Unione Sportiva Sassuolo Calcio vs Bologna Football Club 1909
[2634103] Failed to build match row: Vorskla Poltava vs FC Oleksandriya
[3227377] Could not find attributes for denis dolgiy (Pskov-747 (-2020), 2019)
[2453105] Could not find attributes for oleksandr ilyushchenkov (Karpaty Lviv (-2021), 2013)
[3227377] Failed to build match row: Pskov-747 (-2020) vs Luki-Energia Velikie Luki
[2480908] Could not find attributes for bogdan shust (Metalist Kharkiv (- 2016), 2014)
[2453105] Failed to build match row: Karpaty Lviv (-2021) vs Metalist Kharkiv (- 2016)
(-2020)

Keepers & outfield error for **Verona Hellas Football Club** in Verona Hellas Football Club vs Cagliari Calcio: Numbers: 0 and 11.
[2897400] Failed to build match row: Verona Hellas Football Club vs Cagliari Calcio
Not enough players found for lineup: 0, 0.
[3385610] Failed to scrape lineup: https://www.transfermarkt.co.uk/spielbericht/index/spielbericht/3385610
[2475398] Failed to scrape lineup: https://www.transfermarkt.co.uk/athletic-bilbao_fc-barcelona/index/spielbericht/2475398
[3174470] Could not find attributes for yuriy nesterenko (Enisey Krasnoyarsk, 2018)
[3174470] Failed to build match row: Enisey Krasnoyarsk vs FK Ufa
[3246412] Could not find attributes for stefano piccinini (Unione Sportiva Sassuolo Calcio, 2019)
[3385611] Failed to scrape lineup: https://www.transfermarkt.co.uk/spielbericht/index/spielbericht/3385611
[3246412] Failed to build match row: Unione Sportiva Sassuolo Calcio vs AC Perugia Calcio

Keepers & outfield error for **RasenBallsport Leipzig** in RasenBallsport Leipzig vs Hertha BSC: Numbers: 0 and 11.
[2871873] Failed to build match row: RasenBallsport Leipzig vs Hertha BSC

Keepers & outfield error for **Portimonense SC** in CF Os Belenenses vs Portimonense SC: Numbers: 0 and 11.
[2884526] Failed to build match row: CF Os Belenenses vs Portimonense SC
[2453106] Could not find attributes for dmitriy nepogodov (Vorskla Poltava, 2013)
[2453106] Failed to build match row: Vorskla Poltava vs Dnipro Dnipropetrovsk (-2020)
[2594778] Failed to scrape lineup: https://www.transfermarkt.co.uk/atletico-de-madrid_real-betis-balompie/index/spielbericht/2594778
[2704442] Failed to scrape lineup: https://www.transfermarkt.co.uk/rb-leipzig_hertha-bsc/index/spielbericht/2704442
[2725564] Failed to build match row: Atlético Saguntino vs SD Formentera
[2732245] Could not find attributes for ibrahima conte (KV Oostende, 2016)
[2732245] Failed to build match row: St Truiden vs KV Oostende
[2495332] Could not find attributes for umut bulut (Galatasaray Spor Kulübü, 2014)
[2495332] Failed to build match row: Borussia Dortmund vs Galatasaray Spor Kulübü
[3050308] Could not find attributes for glenn murray (Brighton and Hove Albion Football Club, 2018)
[3093830] Failed to scrape lineup: https://www.transfermarkt.co.uk/spielbericht/index/spielbericht/3093830
[3050308] Failed to build match row: Brighton and Hove Albion Football Club vs Crystal Palace Football Club
[2719736] Failed to build match row: CD Cova Piedade vs Leixões SC
[2345085] Could not find attributes for julien weber (FC Differdange 03, 2013)

Keepers & outfield error for **Académica Coimbra** in Académica Coimbra vs Vitória Setúbal FC: Numbers: 2 and 9.
[2345085] Failed to build match row: FC Differdange 03 vs Football Club Utrecht
[2884527] Failed to build match row: GD Chaves vs CS Marítimo
ria Setúbal FC
[2581295] Could not find attributes for kees luijckx (Sønderjyske Fodbold, 2015)

Keepers & outfield error for **SPAL** in SPAL vs Unione Sportiva Lecce: Numbers: 0 and 11.
[3210408] Failed to scrape lineup: https://www.transfermarkt.co.uk/fc-copenhagen_odense-boldklub/index/spielbericht/3210408
05
[2581295] Failed to build match row: Fodbold Club Nordsjælland vs Sønderjyske Fodbold
[3119701] Failed to scrape lineup: https://www.transfermarkt.co.uk/spielbericht/index/spielbericht/3119701
[3246413] Failed to build match row: SPAL vs Unione Sportiva Lecce
[3203596] Failed to scrape lineup: https://www.transfermarkt.co.uk/borussia-dortmund_1-fc-koln/index/spielbericht/3203596
[2332298] Failed to scrape lineup: https://www.transfermarkt.co.uk/manchester-city_southampton-fc/index/spielbericht/2332298
[2550036] Failed to scrape lineup: https://www.transfermarkt.co.uk/dinamo-moscow_lokomotiv-moskau/index/spielbericht/2550036
[2634104] Could not find attributes for dmytro babenko (Goverla Uzhgorod (- 2016), 2015)
[2634104] Failed to build match row: Goverla Uzhgorod (- 2016) vs Volyn Lutsk
[3174471] Could not find attributes for artur nigmatullin (Arsenal Tula, 2018)
[2698556] Failed to build match row: Association sportive de Monaco Football Club vs EA Guingamp
[3174471] Failed to build match row: Arsenal Tula vs Ural Yekaterinburg

Keepers & outfield error for **Torino Calcio** in Torino Calcio vs Football Club Internazionale Milano S.p.A.: Numbers: 2 and 9.
[2359284] Failed to build match row: Torino Calcio vs Football Club Internazionale Milano S.p.A.

Keepers & outfield error for **Royal Sporting Club Anderlecht** in Arsenal Football Club vs Royal Sporting Club Anderlecht: Numbers: 0 and 11.
[2495333] Failed to build match row: Arsenal Football Club vs Royal Sporting Club Anderlecht
[3227378] Failed to scrape lineup: https://www.transfermarkt.co.uk/spielbericht/index/spielbericht/3227378
[3061078] Failed to scrape lineup: https://www.transfermarkt.co.uk/nac-breda_willem-ii-tilburg/index/spielbericht/3061078
[3072588] Could not find attributes for dmitriy tsitsilin (Torpedo Moscow, 2018)
[3072588] Failed to build match row: Torpedo Moscow vs Torpedo Vladimir
[2871874] Could not find attributes for birk risa (1. Fußball-Club Köln, 2017)
[2871874] Failed to build match row: 1. Fußball-Club Köln vs Verein für Leibesübungen Wolfsburg
[3080903] Failed to scrape lineup: https://www.transfermarkt.co.uk/bologna-fc-1909_spal/index/spielbericht/3080903
[2481015] Failed to scrape lineup: https://www.transfermarkt.co.uk/celtic-fc_partick-thistle-fc/index/spielbericht/2481015
[2897401] Failed to scrape lineup: https://www.transfermarkt.co.uk/ssc-napoli_chievo-verona/index/spielbericht/2897401
[2475399] Could not find attributes for kalu uche (Levante Unión Deportiva S.A.D., 2014)
[2606498] Could not find attributes for petar grbic (Akhisarspor, 2015)
[2475399] Failed to build match row: Levante Unión Deportiva S.A.D. vs Málaga CF
[2606498] Failed to build match row: Gaziantepspor (- 2020) vs Akhisarspor
[2514127] Could not find attributes for alex davey (Scunthorpe United, 2014)
[2514127] Failed to build match row: Scunthorpe United vs Worcester City
Not enough players found for lineup: 11, 0.
[2340353] Failed to scrape lineup: https://www.transfermarkt.co.uk/sporting-cp_sc-braga/index/spielbericht/2340353
[3072589] Failed to scrape lineup: https://www.transfermarkt.co.uk/spielbericht/index/spielbericht/3072589
[2818611] Could not find attributes for dimitrios kyriakidis (Panetolikos Agrinio, 2016)
[2550037] Could not find attributes for aritm (FK Krasnodar, 2014)
[2550037] Failed to build match row: FK Krasnodar vs Mordovia Saransk (-2020)
[2818611] Failed to build match row: Panetolikos Agrinio vs Olympiakos Syndesmos Filathlon Peiraios
[2594780] Could not find attributes for jean sylvain babin (Granada CF, 2015)
[2594780] Failed to build match row: Athletic Club Bilbao vs Granada CF

Keepers & outfield error for **Grupo Desportivo Estoril Praia** in Grupo Desportivo Estoril Praia vs Vitória Setúbal FC: Numbers: 0 and 11.
[2359285] Could not find attributes for jonatan cristaldo (Bologna Football Club 1909, 2013)

Keepers & outfield error for **Royal Excel Mouscron (-2022)** in Royal Excel Mouscron (-2022) vs SK Beveren: Numbers: 2 and 9.
[2987603] Failed to build match row: Royal Excel Mouscron (-2022) vs SK Beveren
[2719737] Failed to scrape lineup: https://www.transfermarkt.co.uk/spielbericht/index/spielbericht/2719737
[2359285] Failed to build match row: Bologna Football Club 1909 vs US Livorno 1915
[2884528] Failed to build match row: Grupo Desportivo Estoril Praia vs Vitória Setúbal FC
[2634105] Could not find attributes for yuriy pankiv (PFK Stal Kamyanske (-2018), 2015)
[2453107] Could not find attributes for yuriy pankiv (Metalurg Donetsk (- 2015), 2013)
[2634105] Failed to build match row: PFK Stal Kamyanske (-2018) vs Chornomorets Odesa
[2368481] Failed to scrape lineup: https://www.transfermarkt.co.uk/spielbericht/index/spielbericht/2368481
[2871875] Failed to scrape lineup: https://www.transfermarkt.co.uk/sv-werder-bremen_1-fsv-mainz-05/index/spielbericht/2871875
[2903944] Failed to scrape lineup: https://www.transfermarkt.co.uk/estac-troyes_olympique-lyon/index/spielbericht/2903944
Not enough players found for lineup: 0, 0.
[2581296] Failed to scrape lineup: https://www.transfermarkt.co.uk/esbjerg-fb_hobro-ik/index/spielbericht/2581296
[2475400] Could not find attributes for marcos angeleri (Málaga CF, 2014)
[2453107] Failed to build match row: Metalurg Donetsk (- 2015) vs Metalurg Zaporizhya (-2016)
[3385612] Failed to scrape lineup: https://www.transfermarkt.co.uk/spielbericht/index/spielbericht/3385612
[2475400] Failed to build match row: Málaga CF vs Espanol
[2725565] Failed to scrape lineup: https://www.transfermarkt.co.uk/spielbericht/index/spielbericht/2725565
[2486668] Failed to scrape lineup: https://www.transfermarkt.co.uk/west-ham-united_west-bromwich-albion/index/spielbericht/2486668
[3210410] Could not find attributes for johan larsson (Brøndby Idrætsforening, 2019)
[3210410] Failed to build match row: Brøndby Idrætsforening vs Hobro IK
[2929822] Failed to scrape lineup: https://www.transfermarkt.co.uk/spielbericht/index/spielbericht/2929822
[3174472] Could not find attributes for mario fernandes (PFK CSKA Moskva, 2018)
Not enough players found for lineup: 0, 0.
[3174472] Failed to build match row: PFK CSKA Moskva vs FC Orenburg
[2818612] Could not find attributes for georgios bantis (Panionios Athens, 2016)
[3219146] Could not find attributes for danny ings (Southampton FC, 2019)
[2340354] Failed to scrape lineup: https://www.transfermarkt.co.uk/sc-olhanense_gil-vicente-fc/index/spielbericht/2340354

Keepers & outfield error for **Rio Ave Futebol Clube** in FC Paços de Ferreira vs Rio Ave Futebol Clube: Numbers: 3 and 8.
[3219146] Failed to build match row: Association Football Club Bournemouth vs Southampton FC
[2818612] Failed to build match row: Panionios Athens vs APO Levadiakos Football Club
[2884529] Failed to build match row: FC Paços de Ferreira vs Rio Ave Futebol Clube

Keepers & outfield error for **AO FK Zenit Sankt-Peterburg** in Ural Yekaterinburg vs AO FK Zenit Sankt-Peterburg: Numbers: 2 and 9.
[3246414] Could not find attributes for musa juwara (Bologna Football Club 1909, 2019)
[2875257] Could not find attributes for laszlo koteles (Football Club København, 2017)
[3246414] Failed to build match row: Udinese Calcio vs Bologna Football Club 1909
[2763807] Failed to build match row: Ural Yekaterinburg vs AO FK Zenit Sankt-Peterburg
[2719943] Could not find attributes for georgiy shchennikov (PFK CSKA Moskva, 2016)
[2345086] Could not find attributes for spyros vallas (AO Xanthi, 2013)
[2875257] Failed to build match row: Football Club København vs FC Helsingör
[2581297] Could not find attributes for maksym koval (Odense Boldklub, 2015)
[2719943] Failed to build match row: PFK CSKA Moskva vs AO FK Zenit Sankt-Peterburg
[2345086] Failed to build match row: AO Xanthi vs Linfield FC

Keepers & outfield error for **Catania FC** in Catania FC vs Unione Sportiva Sassuolo Calcio: Numbers: 2 and 9.
[3203598] Could not find attributes for oscar wendt (Mönchengladbach, 2019)
[2581297] Failed to build match row: Odense Boldklub vs Esbjerg fB
[2662094] Could not find attributes for patrick joosten (Football Club Utrecht, 2015)
[2635110] Could not find attributes for danijel milicevic (Koninklijke Atletiek Associatie Gent, 2015)
[3203598] Failed to build match row: Mönchengladbach vs 1. Fußball- und Sportverein Mainz 05
[2359286] Failed to build match row: Catania FC vs Unione Sportiva Sassuolo Calcio
[2662094] Failed to build match row: Football Club Utrecht vs VVSB Noordwijkerhout
[2635110] Failed to build match row: KSC Lokeren (- 2020) vs Koninklijke Atletiek Associatie Gent
[2606499] Could not find attributes for aleksandr hleb (Gençlerbirliği Spor Kulübü, 2015)
[3227379] Could not find attributes for vladislav volkov (Rodina Moscow, 2019)
[2606499] Failed to build match row: Gençlerbirliği Spor Kulübü vs Bursaspor
[3072951] Could not find attributes for anton remenchik (FK Avtofavorit Pskov, 2018)
[3227379] Failed to build match row: Rodina Moscow vs Veles Moscow
[2453108] Could not find attributes for dmytro bezotosnyi (Chornomorets Odesa, 2013)
[3072951] Failed to build match row: FK Avtofavorit Pskov vs Luki-Energia Velikie Luki
[2871876] Could not find attributes for albin ekdal (Hamburger Sport Verein, 2017)
[2453108] Failed to build match row: Chornomorets Odesa vs Karpaty Lviv (-2021)
[2871876] Failed to build match row: Mönchengladbach vs Hamburger Sport Verein

Keepers & outfield error for **Olympique de Marseille** in Olympique de Marseille vs Paris Saint-Germain Football Club: Numbers: 2 and 9.
[2903945] Failed to build match row: Olympique de Marseille vs Paris Saint-Germain Football Club
[3093831] Could not find attributes for aylton boa morte (Grupo Desportivo Estoril Praia, 2018)
[3093831] Failed to build match row: Grupo Desportivo Estoril Praia vs CD Feirense
[2594781] Could not find attributes for henok goitom (Getafe Club de Fútbol S. A. D. Team Dubai, 2015)
[2368482] Could not find attributes for matus kozacik (FC Viktoria Plzeň, a.s., 2013)
Not enough players found for lineup: 0, 0.
[2594781] Failed to build match row: Villarreal Club de Fútbol S.A.D. vs Getafe Club de Fútbol S. A. D. Team Dubai
[2368482] Failed to build match row: FC Viktoria Plzeň, a.s. vs PFK CSKA Moskva
[2464770] Could not find attributes for iago santos (Académica Coimbra, 2014)
[2875258] Failed to scrape lineup: https://www.transfermarkt.co.uk/sonderjyske_lyngby-bk/index/spielbericht/2875258
[2329805] Could not find attributes for ismaila ndiaye (Cercle Brugge Koninklijke Sportvereniging, 2013)
[3385613] Failed to scrape lineup: https://www.transfermarkt.co.uk/spielbericht/index/spielbericht/3385613
[2329805] Failed to build match row: Cercle Brugge Koninklijke Sportvereniging vs KSC Lokeren (- 2020)
[2464770] Failed to build match row: Académica Coimbra vs Sporting Clube de Portugal
[2615064] Could not find attributes for gideon baah (HJK Helsinki, 2015)
[2615064] Failed to build match row: FK Krasnodar vs HJK Helsinki

Keepers & outfield error for **Wolverhampton Wanderers Football Club** in Wolverhampton Wanderers Football Club vs Crystal Palace Football Club: Numbers: 0 and 11.
[2635111] Failed to scrape lineup: https://www.transfermarkt.co.uk/mouscron-peruwelz_kvc-westerlo/index/spielbericht/2635111
[2818613] Could not find attributes for alexandros paschalakis (PAS Giannina, 2016)
[3174473] Could not find attributes for evgeniy gorodov (RFK Akhmat Grozny, 2018)
[3219147] Failed to build match row: Wolverhampton Wanderers Football Club vs Crystal Palace Football Club
[2818613] Failed to build match row: PAS Giannina vs Athlitiki Enosi Konstantinoupoleos
[3174473] Failed to build match row: RFK Akhmat Grozny vs Футбольный клуб "Локомотив" Москва
[2588931] Could not find attributes for ouasim bouy (Prins Hendrik Ende Desespereert Nimmer Combinatie Zwolle, 2015)
[2588931] Failed to build match row: Prins Hendrik Ende Desespereert Nimmer Combinatie Zwolle vs Excelsior Rotterdam
[2581298] Could not find attributes for filip novak (Fodbold Club Midtjylland, 2015)
[2581298] Failed to build match row: Fodbold Club Midtjylland vs Football Club København
[3093832] Failed to scrape lineup: https://www.transfermarkt.co.uk/spielbericht/index/spielbericht/3093832

Keepers & outfield error for **Associazione Calcio Fiorentina** in Chievo Verona vs Associazione Calcio Fiorentina: Numbers: 0 and 11.
[2359287] Failed to build match row: Chievo Verona vs Associazione Calcio Fiorentina
[2550039] Failed to scrape lineup: https://www.transfermarkt.co.uk/zenit-st-petersburg_cska-moscow/index/spielbericht/2550039
[3119703] Could not find attributes for nathan clarke (FC Halifax Town, 2018)
Not enough players found for lineup: 0, 11.
[2453110] Could not find attributes for artem kychak (Volyn Lutsk, 2013)
[3119703] Failed to build match row: Morecambe FC vs FC Halifax Town
[2453110] Failed to build match row: FC Shakhtar Donetsk vs Volyn Lutsk
[2904548] Failed to scrape lineup: https://www.transfermarkt.co.uk/spielbericht/index/spielbericht/2904548
[2514129] Could not find attributes for dom collins (Southport FC, 2014)

Keepers & outfield error for **Córdoba CF** in Sevilla Fútbol Club S.A.D. vs Córdoba CF: Numbers: 0 and 11.
[2475402] Failed to build match row: Sevilla Fútbol Club S.A.D. vs Córdoba CF
[2514129] Failed to build match row: Southport FC vs Eastleigh FC
 Coimbra vs Vitória Sport Clube: Numbers: 2 and 9.
[2615065] Could not find attributes for radu mitu (FC Milsami Orhei, 2015)
[2340355] Failed to build match row: Académica Coimbra vs Vitória Sport Clube
[2615065] Failed to build match row: FC Milsami Orhei vs AS Saint-Étienne
[2763808] Could not find attributes for blagoy georgiev (FC Orenburg, 2016)

Keepers & outfield error for **Manchester City Football Club** in FC Bayern München vs Manchester City Football Club: Numbers: 2 and 9.
[2763808] Failed to build match row: FC Orenburg vs Tom Tomsk
[2720729] Could not find attributes for emre belozoglu (İstanbul Başakşehir Futbol Kulübü, 2016)

Keepers & outfield error for **West Ham United Football Club** in West Ham United Football Club vs Cardiff City: Numbers: 2 and 9.
[2720729] Failed to build match row: İstanbul Başakşehir Futbol Kulübü vs Fenerbahçe Spor Kulübü
[2368483] Failed to build match row: FC Bayern München vs Manchester City Football Club
[3050312] Failed to build match row: West Ham United Football Club vs Cardiff City

Keepers & outfield error for **Fodbold Club Midtjylland** in Fodbold Club Nordsjælland vs Fodbold Club Midtjylland: Numbers: 2 and 9.
[2698559] Could not find attributes for jeremy morel (Olympique Lyonnais, 2016)
Not enough players found for lineup: 0, 0.
[2875259] Failed to build match row: Fodbold Club Nordsjælland vs Fodbold Club Midtjylland
[2698559] Failed to build match row: Paris Saint-Germain Football Club vs Olympique Lyonnais
[3385614] Failed to scrape lineup: https://www.transfermarkt.co.uk/spielbericht/index/spielbericht/3385614
[3080905] Could not find attributes for luca antonelli (FC Empoli, 2018)
[2345087] Could not find attributes for adi bambur (Rudar Pljevlja, 2013)
[2581299] Could not find attributes for kees luijckx (Sønderjyske Fodbold, 2015)
[3080905] Failed to build match row: FC Empoli vs Cagliari Calcio
[2345087] Failed to build match row: Rudar Pljevlja vs Slask Wroclaw
[2581299] Failed to build match row: Sønderjyske Fodbold vs Hobro IK

Keepers & outfield error for **Paris Saint-Germain Football Club** in Paris Saint-Germain Football Club vs APOEL Nicosia: Numbers: 2 and 9.
[3246416] Could not find attributes for kyrylo zlotar (FK Kalush, 2019)
[2495337] Failed to build match row: Paris Saint-Germain Football Club vs APOEL Nicosia
[2635112] Could not find attributes for igor de camargo (Koninklijke Racing Club Genk, 2015)
[3246416] Failed to build match row: FK Kalush vs FC Minaj
[2635112] Failed to build match row: KV Oostende vs Koninklijke Racing Club Genk
[2897405] Could not find attributes for bacary sagna (Benevento Calcio, 2017)
[2897405] Failed to build match row: Benevento Calcio vs Juventus Football Club

Keepers & outfield error for **Verona Hellas Football Club** in Football Club Internazionale Milano S.p.A. vs Verona Hellas Football Club: Numbers: 0 and 11.
[2725569] Could not find attributes for sana ndiaye (Atlético Sanluqueño CF, 2016)
[2359288] Failed to build match row: Football Club Internazionale Milano S.p.A. vs Verona Hellas Football Club

Keepers & outfield error for **FC Cartagena** in FC Cartagena vs Sevilla Fútbol Club S.A.D.: Numbers: 2 and 9.
[2725569] Failed to build match row: Atlético Sanluqueño CF vs Real Murcia CF
[2929823] Failed to build match row: FC Cartagena vs Sevilla Fútbol Club S.A.D.
[2732247] Could not find attributes for nemanja miletic (Koninklijke Voetbal Club Westerlo, 2016)
[3210412] Failed to scrape lineup: https://www.transfermarkt.co.uk/randers-fc_esbjerg-fb/index/spielbericht/3210412
[2732247] Failed to build match row: Koninklijke Voetbal Club Westerlo vs Club Brugge Koninklijke Voetbalvereniging

Keepers & outfield error for **Manchester United Football Club** in Blackburn Rovers vs Manchester United Football Club: Numbers: 0 and 11.
[2720730] Failed to scrape lineup: https://www.transfermarkt.co.uk/trabzonspor_kasimpasa/index/spielbericht/2720730
[2819143] Failed to build match row: Blackburn Rovers vs Manchester United Football Club
[3203601] Failed to scrape lineup: https://www.transfermarkt.co.uk/sv-werder-bremen_tsg-1899-hoffenheim/index/spielbericht/3203601
[3227380] Could not find attributes for sergey pravkin (FC Ryazan, 2019)
[3072952] Could not find attributes for dmitriy romanenko (Leon Saturn Ramenskoe, 2018)
[3280856] Could not find attributes for sergey ryzhikov (PFK Krylya Sovetov Samara, 2019)

Keepers & outfield error for **West Ham United Football Club** in Norwich City vs West Ham United Football Club: Numbers: 2 and 9.
[3072952] Failed to build match row: Leon Saturn Ramenskoe vs Tekstilshchik Ivanovo
[2699105] Failed to scrape lineup: https://www.transfermarkt.co.uk/spielbericht/index/spielbericht/2699105
[3280856] Failed to build match row: PFK Krylya Sovetov Samara vs FK Ufa
[3219148] Failed to build match row: Norwich City vs West Ham United Football Club
[3227380] Failed to build match row: FC Ryazan vs Znamya Truda Orekhovo-Zuevo
[2345088] Failed to scrape lineup: https://www.transfermarkt.co.uk/spielbericht/index/spielbericht/2345088
[2588932] Could not find attributes for hedwiges maduro (Football Club Groningen, 2015)
[2581300] Failed to scrape lineup: https://www.transfermarkt.co.uk/randers-fc_fc-nordsjaelland/index/spielbericht/2581300
[3385615] Failed to scrape lineup: https://www.transfermarkt.co.uk/spielbericht/index/spielbericht/3385615
[2588932] Failed to build match row: Football Club Groningen vs Sportclub Heerenveen
[2606500] Could not find attributes for axel meye (Eskisehirspor, 2015)
[2606500] Failed to build match row: Eskisehirspor vs Antalyaspor
[2929824] Failed to scrape lineup: https://www.transfermarkt.co.uk/spielbericht/index/spielbericht/2929824
[2725570] Failed to scrape lineup: https://www.transfermarkt.co.uk/spielbericht/index/spielbericht/2725570
[2550040] Could not find attributes for stipe pletikosa (FK Rostov, 2014)
[2453111] Could not find attributes for oleksandr rybka (Futbolniy Klub Dynamo Kyiv, 2013)
[2550040] Failed to build match row: Ural Yekaterinburg vs FK Rostov
[2453111] Failed to build match row: Futbolniy Klub Dynamo Kyiv vs FC Zorya Lugansk
Not enough players found for lineup: 0, 0.
[2904549] Failed to scrape lineup: https://www.transfermarkt.co.uk/spielbericht/index/spielbericht/2904549
[3210413] Failed to scrape lineup: https://www.transfermarkt.co.uk/ac-horsens_sonderjyske/index/spielbericht/3210413
[2732248] Failed to scrape lineup: https://www.transfermarkt.co.uk/standard-liege_kv-mechelen/index/spielbericht/2732248

Keepers & outfield error for **FC Schalke 04** in FC Schalke 04 vs FC Basel 1893 AG: Numbers: 2 and 9.
[2368484] Failed to build match row: FC Schalke 04 vs FC Basel 1893 AG
[2464771] Could not find attributes for pintassilgo (Futebol Clube de Arouca, 2014)
[2464771] Failed to build match row: Futebol Clube de Arouca vs Grupo Desportivo Estoril Praia
[3280857] Failed to scrape lineup: https://www.transfermarkt.co.uk/fc-rostov_ural-yekaterinburg/index/spielbericht/3280857
[2594784] Failed to scrape lineup: https://www.transfermarkt.co.uk/valencia-cf_sevilla-fc/index/spielbericht/2594784
[2332304] Failed to scrape lineup: https://www.transfermarkt.co.uk/stoke-city_newcastle-united/index/spielbericht/2332304
[3219149] Failed to scrape lineup: https://www.transfermarkt.co.uk/watford-fc_manchester-city/index/spielbericht/3219149
[3227381] Failed to scrape lineup: https://www.transfermarkt.co.uk/spielbericht/index/spielbericht/3227381
[2345089] Failed to scrape lineup: https://www.transfermarkt.co.uk/spielbericht/index/spielbericht/2345089
[2606501] Failed to scrape lineup: https://www.transfermarkt.co.uk/sivasspor_caykur-rizespor/index/spielbericht/2606501

Keepers & outfield error for **Società Sportiva Lazio S.p.A.** in Udinese Calcio vs Società Sportiva Lazio S.p.A.: Numbers: 2 and 9.
[2897406] Failed to build match row: Udinese Calcio vs Società Sportiva Lazio S.p.A.
[2662185] Failed to scrape lineup: https://www.transfermarkt.co.uk/standard-liege_r-charleroi-sc/index/spielbericht/2662185
[2368485] Failed to scrape lineup: https://www.transfermarkt.co.uk/spielbericht/index/spielbericht/2368485
[3246417] Could not find attributes for amir agalarov (MFK Mykolaiv, 2019)
Not enough players found for lineup: 0, 11.
[3246417] Failed to build match row: MFK Mykolaiv vs PFC Prykarpattya Ivano-Frankivsk
[2340356] Failed to scrape lineup: https://www.transfermarkt.co.uk/gil-vicente-fc_fc-porto/index/spielbericht/2340356
[2615512] Could not find attributes for kees luijckx (Videoton FC, 2015)
[2594785] Failed to scrape lineup: https://www.transfermarkt.co.uk/deportivo-de-la-coruna_ud-las-palmas/index/spielbericht/2594785

Keepers & outfield error for **Fußball-Club Augsburg 1907** in Fußball-Club Augsburg 1907 vs Sport-Club Freiburg: Numbers: 2 and 9.
[2615512] Failed to build match row: Videoton FC vs KKS Lech Poznań Spółka Akcyjna
[2871878] Failed to build match row: Fußball-Club Augsburg 1907 vs Sport-Club Freiburg
[2332305] Failed to scrape lineup: https://www.transfermarkt.co.uk/manchester-city_west-bromwich-albion/index/spielbericht/2332305

Keepers & outfield error for **Royal Charleroi Sporting Club** in Yellow-Red Koninklijke Voetbalclub Mechelen vs Royal Charleroi Sporting Club: Numbers: 2 and 9.
[3227382] Failed to scrape lineup: https://www.transfermarkt.co.uk/spielbericht/index/spielbericht/3227382
[2875260] Could not find attributes for frans putros (Hobro IK, 2017)
[2897407] Failed to scrape lineup: https://www.transfermarkt.co.uk/ac-milan_us-sassuolo/index/spielbericht/2897407
[2987605] Failed to build match row: Yellow-Red Koninklijke Voetbalclub Mechelen vs Royal Charleroi Sporting Club
[2606502] Failed to scrape lineup: https://www.transfermarkt.co.uk/trabzonspor_kayserispor/index/spielbericht/2606502
[2875260] Failed to build match row: Brøndby Idrætsforening vs Hobro IK
[3280858] Could not find attributes for evgeniy gorodov (RFK Akhmat Grozny, 2019)
[2359289] Could not find attributes for giovanni marchese (Genoa Cricket and Football Club, 2013)
[3280858] Failed to build match row: RFK Akhmat Grozny vs FC Rubin Kazan
[2359289] Failed to build match row: Juventus Football Club vs Genoa Cricket and Football Club
[2662186] Failed to scrape lineup: https://www.transfermarkt.co.uk/mouscron-peruwelz_oud-heverlee-leuven/index/spielbericht/2662186
[2368486] Failed to scrape lineup: https://www.transfermarkt.co.uk/spielbericht/index/spielbericht/2368486
[3246418] Failed to scrape lineup: https://www.transfermarkt.co.uk/spielbericht/index/spielbericht/3246418
[2345090] Could not find attributes for giorgi somkhishvili (Chikhura Sachkhere, 2013)
[3174474] Could not find attributes for anton shunin (FK Dinamo Moskva, 2018)
[2345090] Failed to build match row: Chikhura Sachkhere vs FC Thun
[2594786] Failed to scrape lineup: https://www.transfermarkt.co.uk/sporting-gijon_celta-de-vigo/index/spielbericht/2594786
[3061084] Failed to scrape lineup: https://www.transfermarkt.co.uk/ado-den-haag_nac-breda/index/spielbericht/3061084
[2340357] Failed to scrape lineup: https://www.transfermarkt.co.uk/fc-arouca_academica-coimbra/index/spielbericht/2340357
[2486673] Failed to scrape lineup: https://www.transfermarkt.co.uk/everton-fc_manchester-city/index/spielbericht/2486673
[3050315] Failed to scrape lineup: https://www.transfermarkt.co.uk/everton-fc_newcastle-united/index/spielbericht/3050315
[3210415] Failed to scrape lineup: https://www.transfermarkt.co.uk/sonderjyske_hobro-ik/index/spielbericht/3210415
[3174474] Failed to build match row: FK Dinamo Moskva vs FK Krasnodar
[2819144] Could not find attributes for sean raggett (Lincoln City, 2016)
[2581301] Could not find attributes for thomas kahlenberg (Brøndby Idrætsforening, 2015)

Keepers & outfield error for **Boavista FC** in Boavista FC vs CF Os Belenenses: Numbers: 0 and 11.
[2819144] Failed to build match row: Burnley Football Club vs Lincoln City

[2884530] Failed to build match row: Boavista FC vs CF Os Belenenses
rg BK
[2495338] Failed to build match row: NK Maribor vs Chelsea Football Club
[3072953] Could not find attributes for arseniy naydenov (Krasniy-SGAFKST Smolensk, 2018)
[3072953] Failed to build match row: Krasniy-SGAFKST Smolensk vs Dnepr Smolensk
[3227383] Failed to scrape lineup: https://www.transfermarkt.co.uk/spielbericht/index/spielbericht/3227383
[2763809] Could not find attributes for mikhail levashov (Arsenal Tula, 2016)
[2763809] Failed to build match row: Arsenal Tula vs FK Krasnodar
[2897408] Could not find attributes for bacary sagna (Benevento Calcio, 2017)
[2897408] Failed to build match row: Unione Sportiva Sassuolo Calcio vs Benevento Calcio
[3093833] Could not find attributes for issam el adoua (Desportivo Aves (- 2020), 2018)
[3093833] Failed to build match row: Desportivo Aves (- 2020) vs Rio Ave Futebol Clube
[2635115] Failed to scrape lineup: https://www.transfermarkt.co.uk/standard-liege_kv-mechelen/index/spielbericht/2635115
Not enough players found for lineup: 0, 0.
[2699106] Could not find attributes for dennis erdmann (FC Hansa Rostock, 2016)
[2904550] Failed to scrape lineup: https://www.transfermarkt.co.uk/spielbericht/index/spielbericht/2904550
[2699106] Failed to build match row: FC Hansa Rostock vs Fortuna Düsseldorf
[3246419] Failed to scrape lineup: https://www.transfermarkt.co.uk/spielbericht/index/spielbericht/3246419
[2345092] Failed to scrape lineup: https://www.transfermarkt.co.uk/spielbericht/index/spielbericht/2345092
[3227384] Failed to scrape lineup: https://www.transfermarkt.co.uk/spielbericht/index/spielbericht/3227384
[2819145] Failed to scrape lineup: https://www.transfermarkt.co.uk/spielbericht/index/spielbericht/2819145
[2581302] Could not find attributes for osama akharraz (Viborg Fodsports Forening, 2015)
Not enough players found for lineup: 0, 0.
[2359290] Could not find attributes for brayan perea (Società Sportiva Lazio S.p.A., 2013)
[2875261] Could not find attributes for mohammad adnan (FC Helsingör, 2017)
[2453112] Could not find attributes for sergiy sitalo (SK Tavriya Simferopol ( - 2022), 2013)
[2359290] Failed to build match row: Società Sportiva Lazio S.p.A. vs Cagliari Calcio
[2875261] Failed to build match row: FC Helsingör vs Fodbold Club Nordsjælland
Not enough players found for lineup: 0, 0.
[2581302] Failed to build match row: Viborg Fodsports Forening vs Aarhus Gymnastik Forening

Keepers & outfield error for **Rio Ave Futebol Clube** in Rio Ave Futebol Clube vs Sporting Clube de Braga: Numbers: 3 and 8.
[2453112] Failed to build match row: SK Tavriya Simferopol ( - 2022) vs FK Mariupol
[2594787] Could not find attributes for carl medjani (Levante Unión Deportiva S.A.D., 2015)
[2340358] Failed to scrape lineup: https://www.transfermarkt.co.uk/fc-pacos-de-ferreira_cs-maritimo/index/spielbericht/2340358
[3385616] Failed to scrape lineup: https://www.transfermarkt.co.uk/spielbericht/index/spielbericht/3385616
[2594787] Failed to build match row: Real Betis Balompié S.A.D. vs Levante Unión Deportiva S.A.D.
[3174475] Could not find attributes for branislav ivanovic (AO FK Zenit Sankt-Peterburg, 2018)
[2871879] Could not find attributes for julian korb (Hannover 96, 2017)
[2884531] Failed to build match row: Rio Ave Futebol Clube vs Sporting Clube de Braga
[3174475] Failed to build match row: AO FK Zenit Sankt-Peterburg vs Anzhi Makhachkala ( -2022)
[2871879] Failed to build match row: Hannover 96 vs Bayer 04 Leverkusen Fußball

Keepers & outfield error for **Lyngby Boldklub** in Fodbold Club Midtjylland vs Lyngby Boldklub: Numbers: 2 and 9.
[2464772] Failed to scrape lineup: https://www.transfermarkt.co.uk/sl-benfica_fc-pacos-de-ferreira/index/spielbericht/2464772
[3246420] Failed to scrape lineup: https://www.transfermarkt.co.uk/spielbericht/index/spielbericht/3246420
[3210416] Failed to build match row: Fodbold Club Midtjylland vs Lyngby Boldklub
[2732250] Could not find attributes for lovre kalinic (Koninklijke Atletiek Associatie Gent, 2016)
[2732250] Failed to build match row: Koninklijke Atletiek Associatie Gent vs KAS Eupen
[2875262] Failed to scrape lineup: https://www.transfermarkt.co.uk/fc-midtjylland_sonderjyske/index/spielbericht/2875262
[3061086] Failed to scrape lineup: https://www.transfermarkt.co.uk/fc-groningen_psv-eindhoven/index/spielbericht/3061086
[3280859] Could not find attributes for soslan dzhanaev (FK Sochi, 2019)
[3280859] Failed to build match row: FK Sochi vs FC Orenburg

Keepers & outfield error for **Getafe Club de Fútbol S. A. D. Team Dubai** in Getafe Club de Fútbol S. A. D. Team Dubai vs Alaves: Numbers: 2 and 9.
[2929825] Failed to build match row: Getafe Club de Fútbol S. A. D. Team Dubai vs Alaves
[3227385] Could not find attributes for rostislav soldatenko (Alania Vladikavkaz, 2019)
[3210417] Could not find attributes for alexander juel andersen (Odense Boldklub, 2019)
[2725599] Could not find attributes for inaki olaortua (SD Amorebieta, 2016)
[2904551] Could not find attributes for gerard van rossum (Koninklijke HFC Haarlem, 2017)
[2725599] Failed to build match row: SD Amorebieta vs UD Socuéllamos
[2594788] Failed to scrape lineup: https://www.transfermarkt.co.uk/rcd-espanyol-barcelona_atletico-de-madrid/index/spielbericht/2594788
[2699107] Failed to scrape lineup: https://www.transfermarkt.co.uk/spielbericht/index/spielbericht/2699107
[2884532] Failed to scrape lineup: https://www.transfermarkt.co.uk/cd-feirense_estoril-praia/index/spielbericht/2884532
[2732251] Failed to scrape lineup: https://www.transfermarkt.co.uk/ksc-lokeren-2020-_club-brugge-kv/index/spielbericht/2732251
[3210417] Failed to build match row: Odense Boldklub vs Brøndby Idrætsforening
[3203604] Failed to scrape lineup: https://www.transfermarkt.co.uk/borussia-dortmund_1-fc-union-berlin/index/spielbericht/3203604

Keepers & outfield error for **Athletic Club Bilbao** in Athletic Club Bilbao vs Futebol Clube do Porto: Numbers: 2 and 9.
[2720732] Could not find attributes for yonathan del valle (Bursaspor, 2016)
[2904551] Failed to build match row: Koninklijke HFC Haarlem vs RKVV Westlandia
[2368488] Failed to scrape lineup: https://www.transfermarkt.co.uk/spielbericht/index/spielbericht/2368488
[2495340] Failed to build match row: Athletic Club Bilbao vs Futebol Clube do Porto

Keepers & outfield error for **Torino Calcio** in Società Sportiva Calcio Napoli vs Torino Calcio: Numbers: 2 and 9.
[2720732] Failed to build match row: Adanaspor vs Bursaspor
Not enough players found for lineup: 0, 0.

Keepers & outfield error for **FC Paços de Ferreira** in FC Paços de Ferreira vs Sporting Clube de Portugal: Numbers: 3 and 8.
[2359291] Failed to build match row: Società Sportiva Calcio Napoli vs Torino Calcio
[3385618] Failed to scrape lineup: https://www.transfermarkt.co.uk/spielbericht/index/spielbericht/3385618
[2340359] Failed to build match row: FC Paços de Ferreira vs Sporting Clube de Portugal
[2662187] Could not find attributes for xavier mercier (KV Kortrijk, 2015)
[2662187] Failed to build match row: KV Kortrijk vs St Truiden
[2475403] Failed to scrape lineup: https://www.transfermarkt.co.uk/ud-almeria_real-sociedad/index/spielbericht/2475403
[3280860] Failed to scrape lineup: https://www.transfermarkt.co.uk/lokomotiv-moscow_dinamo-moscow/index/spielbericht/3280860
[3174476] Could not find attributes for sergey pesjakov (FK Rostov, 2018)
[2453113] Could not find attributes for denys boyko (Dnipro Dnipropetrovsk (-2020), 2013)
[3174476] Failed to build match row: FK Rostov vs FK Spartak Moskva
[2514130] Could not find attributes for kingsley james (Chester FC, 2014)
[2453113] Failed to build match row: Dnipro Dnipropetrovsk (-2020) vs Metalurg Donetsk (- 2015)
[2581303] Could not find attributes for stephan andersen (Football Club København, 2015)
[2514130] Failed to build match row: Barnsley FC vs Chester FC
[2588938] Could not find attributes for ouasim bouy (Prins Hendrik Ende Desespereert Nimmer Combinatie Zwolle, 2015)
[2588938] Failed to build match row: Prins Hendrik Ende Desespereert Nimmer Combinatie Zwolle vs ADO Den Haag
[2581303] Failed to build match row: Football Club København vs Odense Boldklub
[3219150] Could not find attributes for federico fernandez (Newcastle United Football Club, 2019)
[3219150] Failed to build match row: Newcastle United Football Club vs Sheffield United
[2635118] Failed to scrape lineup: https://www.transfermarkt.co.uk/krc-genk_ksc-lokeren-2020-/index/spielbericht/2635118
[2732252] Failed to scrape lineup: https://www.transfermarkt.co.uk/kvrs-waasland-sk-beveren_standard-liege/index/spielbericht/2732252
[3203605] Could not find attributes for oscar wendt (Mönchengladbach, 2019)
[3203605] Failed to build match row: RasenBallsport Leipzig vs Mönchengladbach
[2329807] Could not find attributes for hamari traore (Lierse SK (- 2018), 2013)
[2329807] Failed to build match row: Cercle Brugge Koninklijke Sportvereniging vs Lierse SK (- 2018)
[2897410] Could not find attributes for mattia destro (Bologna Football Club 1909, 2017)
[2897410] Failed to build match row: Bologna Football Club 1909 vs Verona Hellas Football Club

Keepers & outfield error for **KAS Eupen** in KAS Eupen vs KSC Lokeren (- 2020): Numbers: 2 and 9.
[2987606] Failed to build match row: KAS Eupen vs KSC Lokeren (- 2020)
[2704457] Failed to scrape lineup: https://www.transfermarkt.co.uk/hamburger-sv_fc-schalke-04/index/spielbericht/2704457
[3246421] Failed to scrape lineup: https://www.transfermarkt.co.uk/spielbericht/index/spielbericht/3246421
[2321063] Failed to scrape lineup: https://www.transfermarkt.co.uk/fc-schalke-04_bayer-04-leverkusen/index/spielbericht/2321063

Keepers & outfield error for **Manchester City Football Club** in Crystal Palace Football Club vs Manchester City Football Club: Numbers: 2 and 9.
[2481024] Failed to scrape lineup: https://www.transfermarkt.co.uk/dundee-united-fc_motherwell-fc/index/spielbericht/2481024
[2725971] Failed to scrape lineup: https://www.transfermarkt.co.uk/vorskla-poltava_volyn-lutsk/index/spielbericht/2725971
[2588939] Failed to scrape lineup: https://www.transfermarkt.co.uk/heracles-almelo_psv-eindhoven/index/spielbericht/2588939
[2453114] Failed to scrape lineup: https://www.transfermarkt.co.uk/metalist-kharkiv-2016-_vorskla-poltava/index/spielbericht/2453114
[2514131] Failed to scrape lineup: https://www.transfermarkt.co.uk/spielbericht/index/spielbericht/2514131
[2332306] Failed to build match row: Crystal Palace Football Club vs Manchester City Football Club
[2329808] Failed to scrape lineup: https://www.transfermarkt.co.uk/lierse-sk-2018-_standard-liege/index/spielbericht/2329808
Not enough players found for lineup: 0, 0.
[3074319] Could not find attributes for vladislav trubitsyn (Biolog-Novokubansk Progress, 2018)

Keepers & outfield error for **RasenBallsport Leipzig** in FC Bayern München vs RasenBallsport Leipzig: Numbers: 0 and 11.
[2340360] Failed to scrape lineup: https://www.transfermarkt.co.uk/academica-coimbra_gd-estoril-praia/index/spielbericht/2340360
[3074319] Failed to build match row: Biolog-Novokubansk Progress vs Viktor Ponedelnik Football Akademia
Not enough players found for lineup: 0, 0.
[2871899] Failed to build match row: FC Bayern München vs RasenBallsport Leipzig
[2581304] Could not find attributes for filip novak (Fodbold Club Midtjylland, 2015)
[3385619] Failed to scrape lineup: https://www.transfermarkt.co.uk/spielbericht/index/spielbericht/3385619

Keepers & outfield error for **Brighton and Hove Albion Football Club** in Burnley Football Club vs Brighton and Hove Albion Football Club: Numbers: 2 and 9.
[2594789] Could not find attributes for jean sylvain babin (Granada CF, 2015)
[2594789] Failed to build match row: Granada CF vs Málaga CF
[3050319] Failed to build match row: Burnley Football Club vs Brighton and Hove Albion Football Club

Keepers & outfield error for **Portimonense SC** in Portimonense SC vs FC Paços de Ferreira: Numbers: 3 and 8.
[2581304] Failed to build match row: Aarhus Gymnastik Forening vs Fodbold Club Midtjylland
[2884533] Failed to build match row: Portimonense SC vs FC Paços de Ferreira

Keepers & outfield error for **Gil Vicente Futebol Clube** in Gil Vicente Futebol Clube vs Vitória Sport Clube: Numbers: 2 and 9.
[2615513] Could not find attributes for andriy pylyavskyi (FC Zorya Lugansk, 2015)
[2495341] Could not find attributes for sergey chernik (BATE Borisov, 2014)

Keepers & outfield error for **Clube Desportivo de Tondela** in Vitória Setúbal FC vs Clube Desportivo de Tondela: Numbers: 2 and 9.
[2615513] Failed to build match row: Legia Warszawa Spółka Akcyjna vs FC Zorya Lugansk
[2464773] Failed to build match row: Gil Vicente Futebol Clube vs Vitória Sport Clube
[3227386] Could not find attributes for andrey sorokin (Biolog-Novokubansk Progress, 2019)

Keepers & outfield error for **Vitesse Arnhem** in Vitesse Arnhem vs Fortuna Sittardia Combinatie: Numbers: 0 and 11.
[2495341] Failed to build match row: FC Shakhtar Donetsk vs BATE Borisov
[2732253] Could not find attributes for nemanja miletic (Koninklijke Voetbal Club Westerlo, 2016)
Not enough players found for lineup: 0, 11.
[3093835] Failed to build match row: Vitória Setúbal FC vs Clube Desportivo de Tondela
[3061088] Failed to build match row: Vitesse Arnhem vs Fortuna Sittardia Combinatie
[2732253] Failed to build match row: Koninklijke Voetbal Club Westerlo vs St Truiden
[3227386] Failed to build match row: Biolog-Novokubansk Progress vs Kuban Holding Pavlovskaya
[2725972] Failed to scrape lineup: https://www.transfermarkt.co.uk/shakhtar-donetsk_dynamo-kyiv/index/spielbericht/2725972
[2904552] Failed to scrape lineup: https://www.transfermarkt.co.uk/spielbericht/index/spielbericht/2904552

Keepers & outfield error for **Mönchengladbach** in Mönchengladbach vs Sportverein Werder Bremen von 1899: Numbers: 2 and 9.
Not enough players found for lineup: 0, 0.
[2321064] Failed to build match row: Mönchengladbach vs Sportverein Werder Bremen von 1899
[3246422] Could not find attributes for maksym babiychuk (NK Veres Rivne, 2019)
[2340361] Failed to scrape lineup: https://www.transfermarkt.co.uk/gd-estoril-praia_fc-pacos-de-ferreira/index/spielbericht/2340361
[3246422] Failed to build match row: NK Veres Rivne vs FC Rukh Lviv
[2606504] Failed to scrape lineup: https://www.transfermarkt.co.uk/bursaspor_fenerbahce/index/spielbericht/2606504
[3074320] Could not find attributes for andrey danilov (Zorkiy Krasnogorsk, 2018)

Keepers & outfield error for **Associazione Calcio Milan** in Parma Calcio 1913 vs Associazione Calcio Milan: Numbers: 0 and 11.
[3074320] Failed to build match row: Zorkiy Krasnogorsk vs FC Kolomna

Keepers & outfield error for **Celta** in Celta vs Club Atlético de Madrid S.A.D.: Numbers: 0 and 11.
[2359292] Failed to build match row: Parma Calcio 1913 vs Associazione Calcio Milan
[2635120] Failed to scrape lineup: https://www.transfermarkt.co.uk/r-charleroi-sc_kv-oostende-2024-/index/spielbericht/2635120
[2475404] Failed to build match row: Celta vs Club Atlético de Madrid S.A.D.
[2897411] Could not find attributes for musa barrow (Atalanta Bergamasca Calcio S.p.a., 2017)

Keepers & outfield error for **Levante Unión Deportiva S.A.D.** in Girona Fútbol Club S. A. D. vs Levante Unión Deportiva S.A.D.: Numbers: 2 and 9.
[2581305] Failed to scrape lineup: https://www.transfermarkt.co.uk/aalborg-bk_viborg-ff/index/spielbericht/2581305
[2929826] Failed to build match row: Girona Fútbol Club S. A. D. vs Levante Unión Deportiva S.A.D.
[2897411] Failed to build match row: Atalanta Bergamasca Calcio S.p.a. vs Football Club Internazionale Milano S.p.A.
[2871900] Could not find attributes for tony jantschke (Mönchengladbach, 2017)
[2720733] Could not find attributes for badou ndiaye (Ankaraspor, 2016)
[2615620] Failed to scrape lineup: https://www.transfermarkt.co.uk/spielbericht/index/spielbericht/2615620
[3093836] Failed to scrape lineup: https://www.transfermarkt.co.uk/spielbericht/index/spielbericht/3093836
[2871900] Failed to build match row: Turn- und Sportgemeinschaft 1899 Hoffenheim Fußball-Spielbetriebs vs Mönchengladbach
Not enough players found for lineup: 0, 0.
[2720733] Failed to build match row: Antalyaspor vs Ankaraspor
[3385620] Failed to scrape lineup: https://www.transfermarkt.co.uk/spielbericht/index/spielbericht/3385620
[2699108] Could not find attributes for niclas heimann (Rot-Weiss Essen, 2016)
[2699108] Failed to build match row: Rot-Weiss Essen vs Arminia Bielefeld
[2819148] Failed to scrape lineup: https://www.transfermarkt.co.uk/spielbericht/index/spielbericht/2819148
[3280861] Could not find attributes for mikhail kerzhakov (AO FK Zenit Sankt-Peterburg, 2019)
[2662188] Could not find attributes for georgios galitsios (KSC Lokeren (- 2020), 2015)
[2662188] Failed to build match row: KSC Lokeren (- 2020) vs Koninklijke Racing Club Genk
[3280861] Failed to build match row: AO FK Zenit Sankt-Peterburg vs FK Spartak Moskva
[3061089] Could not find attributes for lasse schone (AFC Ajax Amsterdam, 2018)
[2514132] Could not find attributes for Godfrey Poku (AFC Telford United, 2014)
[3061089] Failed to build match row: AFC Ajax Amsterdam vs Feyenoord Rotterdam
[2514132] Failed to build match row: Bristol City vs AFC Telford United
[3227387] Failed to scrape lineup: https://www.transfermarkt.co.uk/spielbericht/index/spielbericht/3227387
[3203607] Failed to scrape lineup: https://www.transfermarkt.co.uk/fortuna-dusseldorf_eintracht-frankfurt/index/spielbericht/3203607
[2704459] Failed to scrape lineup: https://www.transfermarkt.co.uk/tsg-1899-hoffenheim_sv-werder-bremen/index/spielbericht/2704459
[2588941] Failed to scrape lineup: https://www.transfermarkt.co.uk/roda-jc-kerkrade_feyenoord-rotterdam/index/spielbericht/2588941
[2340362] Failed to scrape lineup: https://www.transfermarkt.co.uk/cd-nacional_rio-ave-fc/index/spielbericht/2340362
[2725973] Failed to scrape lineup: https://www.transfermarkt.co.uk/zorya-lugansk_pfk-stal-kamyanske-2018-/index/spielbericht/2725973
[2763811] Could not find attributes for mikhail levashov (Arsenal Tula, 2016)
[2763811] Failed to build match row: PFK Krylya Sovetov Samara vs Arsenal Tula
[3210419] Failed to scrape lineup: https://www.transfermarkt.co.uk/aarhus-gf_randers-fc/index/spielbericht/3210419
[2732254] Could not find attributes for deivydas matulevicius (Royal Excel Mouscron (-2022), 2016)
[2732254] Failed to build match row: Royal Excel Mouscron (-2022) vs KV Oostende
[3174643] Could not find attributes for etienne capoue (Watford FC, 2018)
[3174643] Failed to build match row: Manchester City Football Club vs Watford FC

Keepers & outfield error for **UC Sampdoria** in UC Sampdoria vs Atalanta Bergamasca Calcio S.p.a.: Numbers: 0 and 11.
[3050322] Failed to scrape lineup: https://www.transfermarkt.co.uk/everton-fc_watford-fc/index/spielbericht/3050322
[2884534] Could not find attributes for nikola maras (GD Chaves, 2017)
[3219153] Could not find attributes for patrick van aanholt (Crystal Palace Football Club, 2019)
[2904556] Failed to build match row: ASWH Ambacht vs HSV Hoek
[2359293] Failed to build match row: UC Sampdoria vs Atalanta Bergamasca Calcio S.p.a.
[2884534] Failed to build match row: Desportivo Aves (- 2020) vs GD Chaves
[3219153] Failed to build match row: Association Football Club Bournemouth vs Crystal Palace Football Club
[2495343] Could not find attributes for sergey chernik (BATE Borisov, 2014)
[2550041] Could not find attributes for emmanuel frimpong (FK Ufa, 2014)
3)
[2334879] Failed to scrape lineup: https://www.transfermarkt.co.uk/celtic-fc_st-mirren-fc/index/spielbericht/2334879
[2495343] Failed to build match row: BATE Borisov vs Futebol Clube do Porto
[3074321] Could not find attributes for arzamat gablia (Kuban Holding Pavlovskaya, 2018)
[2581306] Failed to scrape lineup: https://www.transfermarkt.co.uk/fc-nordsjaelland_brondby-if/index/spielbericht/2581306
[2662189] Failed to scrape lineup: https://www.transfermarkt.co.uk/kv-oostende-2024-_kaa-gent/index/spielbericht/2662189
[2368762] Failed to scrape lineup: https://www.transfermarkt.co.uk/spielbericht/index/spielbericht/2368762
[2763812] Failed to scrape lineup: https://www.transfermarkt.co.uk/tom-tomsk_anzhi-makhachkala-2022-/index/spielbericht/2763812
[2345093] Failed to build match row: Víkingur Gøta vs Fotbal Club Petrolul Ploiești
[3074321] Failed to build match row: Kuban Holding Pavlovskaya vs Kuban Krasnodar
[2987609] Could not find attributes for georgios galitsios (Royal Excel Mouscron (-2022), 2017)

Keepers & outfield error for **Rio Ave Futebol Clube** in Rio Ave Futebol Clube vs Vitória Setúbal FC: Numbers: 0 and 11.
[2987609] Failed to build match row: Royal Sporting Club Anderlecht vs Royal Excel Mouscron (-2022)
[2615630] Could not find attributes for lorenzo rosseti (Cesena FC, 2015)
[2871901] Could not find attributes for albin ekdal (Hamburger Sport Verein, 2017)
[2464774] Failed to build match row: Rio Ave Futebol Clube vs Vitória Setúbal FC

Keepers & outfield error for **Real Madrid Club de Fútbol** in Real Madrid Club de Fútbol vs Deportivo de La Coruña: Numbers: 2 and 9.
[2871901] Failed to build match row: Hertha BSC vs Hamburger Sport Verein
Not enough players found for lineup: 0, 0.
[2615630] Failed to build match row: Torino Calcio vs Cesena FC
[2475405] Failed to build match row: Real Madrid Club de Fútbol vs Deportivo de La Coruña
[3174676] Failed to scrape lineup: https://www.transfermarkt.co.uk/anzhi-makhachkala-2022-_akhmat-grozny/index/spielbericht/3174676
[2725974] Could not find attributes for zauri makharadze (Olimpik Donetsk, 2016)
[3385621] Failed to scrape lineup: https://www.transfermarkt.co.uk/spielbericht/index/spielbericht/3385621
[2725974] Failed to build match row: Olimpik Donetsk vs Dnipro Dnipropetrovsk (-2020)
[3210420] Could not find attributes for zeca (Football Club København, 2019)

Keepers & outfield error for **Società Sportiva Lazio S.p.A.** in Società Sportiva Lazio S.p.A. vs Associazione Sportiva Roma: Numbers: 2 and 9.
[3080909] Could not find attributes for albin ekdal (UC Sampdoria, 2018)
[3210420] Failed to build match row: Esbjerg fB vs Football Club København
[2897413] Failed to build match row: Società Sportiva Lazio S.p.A. vs Associazione Sportiva Roma
[3080909] Failed to build match row: UC Sampdoria vs Associazione Calcio Fiorentina
[2929827] Could not find attributes for kingsley fobi (SD Formentera, 2017)
[2929827] Failed to build match row: SD Formentera vs Athletic Club Bilbao
[3227388] Could not find attributes for nikita novik (Electron Velikiy Novgorod, 2019)
[3227388] Failed to build match row: Electron Velikiy Novgorod vs FC Leningradets
[2368763] Failed to scrape lineup: https://www.transfermarkt.co.uk/spielbericht/index/spielbericht/2368763
[2550042] Failed to scrape lineup: https://www.transfermarkt.co.uk/arsenal-tula_torpedo-moskau/index/spielbericht/2550042
[2581307] Failed to scrape lineup: https://www.transfermarkt.co.uk/hobro-ik_randers-fc/index/spielbericht/2581307
[2359294] Failed to scrape lineup: https://www.transfermarkt.co.uk/udinese-calcio_as-roma/index/spielbericht/2359294
[3219154] Could not find attributes for marc albrighton (Leicester City, 2019)
[2662190] Failed to scrape lineup: https://www.transfermarkt.co.uk/kvrs-waasland-sk-beveren_rsc-anderlecht/index/spielbericht/2662190
[3219154] Failed to build match row: Leicester City vs Aston Villa Football Club
[3074376] Failed to scrape lineup: https://www.transfermarkt.co.uk/spielbericht/index/spielbericht/3074376
[3203609] Failed to scrape lineup: https://www.transfermarkt.co.uk/1-fsv-mainz-05_bayern-munich/index/spielbericht/3203609
[2875264] Failed to scrape lineup: https://www.transfermarkt.co.uk/lyngby-bk_ac-horsens/index/spielbericht/2875264
[2699109] Could not find attributes for philipp kuhn (FC Viktoria Köln, 2016)
[2699109] Failed to build match row: FC Viktoria Köln vs 1.FC Nuremberg
[2929828] Failed to scrape lineup: https://www.transfermarkt.co.uk/spielbericht/index/spielbericht/2929828
[2884535] Could not find attributes for bilel aouacheria (Moreirense Futebol Clube, 2017)
[3246423] Could not find attributes for anton sytnykov (Girnyk-Sport Gorishni Plavni, 2019)
[3246423] Failed to build match row: Girnyk-Sport Gorishni Plavni vs MFC Metalurg Zaporizhya
[2884535] Failed to build match row: Sport Lisboa e Benfica vs Moreirense Futebol Clube
[3174677] Could not find attributes for aleksandr belenov (FK Ufa, 2018)

Keepers & outfield error for **Chelsea Football Club** in Wolverhampton Wanderers Football Club vs Chelsea Football Club: Numbers: 2 and 9.
[3174677] Failed to build match row: FK Ufa vs Arsenal Tula
[2819149] Failed to build match row: Wolverhampton Wanderers Football Club vs Chelsea Football Club
[2720734] Could not find attributes for andreas beck (Beşiktaş Jimnastik Kulübü, 2016)
[2720734] Failed to build match row: Beşiktaş Jimnastik Kulübü vs Alanyaspor
[2453562] Failed to scrape lineup: https://www.transfermarkt.co.uk/spielbericht/index/spielbericht/2453562
[2359295] Failed to scrape lineup: https://www.transfermarkt.co.uk/atalanta-bc_fc-internazionale/index/spielbericht/2359295
[3227389] Failed to scrape lineup: https://www.transfermarkt.co.uk/spielbericht/index/spielbericht/3227389
[2732256] Could not find attributes for jordan remacle (Royal Charleroi Sporting Club, 2016)
[2763813] Could not find attributes for papa gueye (FK Rostov, 2016)
[2551054] Failed to scrape lineup: https://www.transfermarkt.co.uk/mordovia-saransk-2020-_amkar-perm/index/spielbericht/2551054
[3080910] Failed to scrape lineup: https://www.transfermarkt.co.uk/us-sassuolo_inter-milan/index/spielbericht/3080910
[2481028] Failed to scrape lineup: https://www.transfermarkt.co.uk/dundee-fc_partick-thistle-fc/index/spielbericht/2481028
[2329812] Failed to scrape lineup: https://www.transfermarkt.co.uk/club-brugge-kv_kv-mechelen/index/spielbericht/2329812
[3219155] Failed to scrape lineup: https://www.transfermarkt.co.uk/norwich-city_southampton-fc/index/spielbericht/3219155
[2581308] Could not find attributes for kees luijckx (Sønderjyske Fodbold, 2015)
[2368764] Failed to scrape lineup: https://www.transfermarkt.co.uk/spielbericht/index/spielbericht/2368764
[2763813] Failed to build match row: FK Ufa vs FK Rostov

Keepers & outfield error for **Fußball-Club Augsburg 1907** in Sportverein Werder Bremen von 1899 vs Fußball-Club Augsburg 1907: Numbers: 2 and 9.
[2732256] Failed to build match row: Royal Charleroi Sporting Club vs Koninklijke Voetbal Club Westerlo
[2581308] Failed to build match row: Esbjerg fB vs Sønderjyske Fodbold
[2871902] Failed to build match row: Sportverein Werder Bremen von 1899 vs Fußball-Club Augsburg 1907
[3280862] Could not find attributes for matvey safonov (FK Krasnodar, 2019)
[3280862] Failed to build match row: FK Krasnodar vs PFK Tambov (-2021)
Not enough players found for lineup: 11, 0.
[2616491] Could not find attributes for radu mitu (FC Milsami Orhei, 2015)
[2725975] Could not find attributes for yevgen past (Zirka Kropyvnytskyi, 2016)
[2904557] Failed to scrape lineup: https://www.transfermarkt.co.uk/spielbericht/index/spielbericht/2904557
[3050323] Could not find attributes for moussa sissoko (Tottenham Hotspur Football Club, 2018)
[2725975] Failed to build match row: Zirka Kropyvnytskyi vs Karpaty Lviv (-2021)
[2616491] Failed to build match row: AS Saint-Étienne vs FC Milsami Orhei
[3050323] Failed to build match row: Leicester City vs Tottenham Hotspur Football Club
Not enough players found for lineup: 0, 0.
[2514133] Could not find attributes for glenn wilson (Aldershot Town, 2014)
[2514133] Failed to build match row: Aldershot Town vs Rochdale AFC
[3385622] Failed to scrape lineup: https://www.transfermarkt.co.uk/spielbericht/index/spielbericht/3385622
[2662191] Could not find attributes for aleksandar bjelica (Yellow-Red Koninklijke Voetbalclub Mechelen, 2015)
[2662191] Failed to build match row: Sportvereniging Zulte Waregem vs Yellow-Red Koninklijke Voetbalclub Mechelen
[2495345] Could not find attributes for marios antoniadis (APOEL Nicosia, 2014)
[2884536] Could not find attributes for heldon (Vitória Sport Clube, 2017)

Keepers & outfield error for **Rayo Vallecano de Madrid S. A. D.** in Rayo Vallecano de Madrid S. A. D. vs Villarreal Club de Fútbol S.A.D.: Numbers: 0 and 11.
[2495345] Failed to build match row: APOEL Nicosia vs Futbol Club Barcelona
[2884536] Failed to build match row: Vitória Sport Clube vs Futebol Clube do Porto
[2475407] Failed to build match row: Rayo Vallecano de Madrid S. A. D. vs Villarreal Club de Fútbol S.A.D.
[2345094] Could not find attributes for chris davies (Prestatyn Town, 2013)
[3203610] Could not find attributes for nick woltemade (Sportverein Werder Bremen von 1899, 2019)
[2875265] Could not find attributes for zeca (Football Club København, 2017)
[2345094] Failed to build match row: Prestatyn Town vs Hrvatski Nogometni Klub Rijeka
[2875265] Failed to build match row: Silkeborg Idrætsforening vs Football Club København
[3203610] Failed to build match row: Fußball-Club Augsburg 1907 vs Sportverein Werder Bremen von 1899

Keepers & outfield error for **CF Os Belenenses** in CF Os Belenenses vs Futebol Clube de Arouca: Numbers: 0 and 11.
[2329813] Could not find attributes for hanan maman (SK Beveren, 2013)
[2359296] Could not find attributes for agim ibraimi (Cagliari Calcio, 2013)
[2340363] Failed to build match row: CF Os Belenenses vs Futebol Clube de Arouca
[2359296] Failed to build match row: Cagliari Calcio vs Bologna Football Club 1909
[2329813] Failed to build match row: Royal Sporting Club Anderlecht vs SK Beveren
Not enough players found for lineup: 0, 0.
[2368765] Failed to scrape lineup: https://www.transfermarkt.co.uk/spielbericht/index/spielbericht/2368765

Keepers & outfield error for **CF Os Belenenses** in FC Penafiel vs CF Os Belenenses: Numbers: 2 and 9.
[2588944] Could not find attributes for hedwiges maduro (Football Club Groningen, 2015)
[2464775] Failed to build match row: FC Penafiel vs CF Os Belenenses
[2588944] Failed to build match row: Football Club Groningen vs Alkmaar Zaanstreek
[2616492] Could not find attributes for vladimir plotnikov (Kairat Almaty, 2015)
[2987611] Could not find attributes for hamdi harbaoui (Sportvereniging Zulte Waregem, 2017)
[2699110] Could not find attributes for tabe nyenty (FC-Astoria Walldorf, 2016)
[2987611] Failed to build match row: KV Kortrijk vs Sportvereniging Zulte Waregem
Not enough players found for lineup: 0, 0.
[3174678] Could not find attributes for aleksandr dovbnya (FC Orenburg, 2018)
[2616492] Failed to build match row: Kairat Almaty vs FC Girondins Bordeaux
[2699110] Failed to build match row: FC-Astoria Walldorf vs VfL Bochum
[2904559] Failed to scrape lineup: https://www.transfermarkt.co.uk/spielbericht/index/spielbericht/2904559

Keepers & outfield error for **CS Marítimo** in CS Marítimo vs Sporting Clube de Portugal: Numbers: 2 and 9.

Keepers & outfield error for **Paris Saint-Germain Football Club** in Paris Saint-Germain Football Club vs AFC Ajax Amsterdam: Numbers: 2 and 9.
[3174678] Failed to build match row: FC Orenburg vs FK Rostov
[2495346] Failed to build match row: Paris Saint-Germain Football Club vs AFC Ajax Amsterdam
[2884537] Failed to build match row: CS Marítimo vs Sporting Clube de Portugal

Keepers & outfield error for **Hull City** in West Bromwich Albion vs Hull City: Numbers: 0 and 11.

Keepers & outfield error for **Athletic Club Bilbao** in Granada CF vs Athletic Club Bilbao: Numbers: 2 and 9.
[2453563] Could not find attributes for aleksandr dovbnya (Luch Vladivostok, 2013)
[2486678] Failed to build match row: West Bromwich Albion vs Hull City
[2475408] Failed to build match row: Granada CF vs Athletic Club Bilbao
[2453563] Failed to build match row: FK Rostov vs Luch Vladivostok
Not enough players found for lineup: 11, 0.
[2345095] Failed to scrape lineup: https://www.transfermarkt.co.uk/spielbericht/index/spielbericht/2345095

Keepers & outfield error for **Club Lleida Esportiu** in Club Lleida Esportiu vs Real Sociedad de Fútbol S.A.D.: Numbers: 0 and 11.
[2929829] Failed to build match row: Club Lleida Esportiu vs Real Sociedad de Fútbol S.A.D.
[3093837] Could not find attributes for lionn (GD Chaves, 2018)
[3093837] Failed to build match row: B SAD vs GD Chaves
[2514134] Could not find attributes for raffaele de vita (Cheltenham Town, 2014)
[2514134] Failed to build match row: Cheltenham Town vs Dover Athletic
[2329814] Could not find attributes for didier ovono (KV Oostende, 2013)
[2329814] Failed to build match row: KV Oostende vs Cercle Brugge Koninklijke Sportvereniging
[3385623] Failed to scrape lineup: https://www.transfermarkt.co.uk/spielbericht/index/spielbericht/3385623
[2875266] Failed to scrape lineup: https://www.transfermarkt.co.uk/randers-fc_odense-boldklub/index/spielbericht/2875266
[3280863] Could not find attributes for vadim karpov (PFK CSKA Moskva, 2019)
[3280863] Failed to build match row: PFK CSKA Moskva vs Arsenal Tula
[2551055] Could not find attributes for aritm (FK Krasnodar, 2014)
[2704463] Could not find attributes for fabian frei (1. Fußball- und Sportverein Mainz 05, 2016)
[2704463] Failed to build match row: 1. Fußball- und Sportverein Mainz 05 vs 1. Fußball-Club Köln
[2551055] Failed to build match row: FC Rubin Kazan vs FK Krasnodar
[3074377] Could not find attributes for artem moskvin (KamAZ Naberezhnye Chelny, 2018)
[3246424] Could not find attributes for vadym soldatenko (Avangard Kramatorsk, 2019)
[3074377] Failed to build match row: KamAZ Naberezhnye Chelny vs Neftekhimik Nizhnekamsk
[3227390] Could not find attributes for vladislav yampolskiy (Volgar Astrakhan, 2019)
[2725976] Could not find attributes for yevgen borovyk (Chornomorets Odesa, 2016)
Not enough players found for lineup: 0, 11.
[2464776] Could not find attributes for iago santos (Académica Coimbra, 2014)
[3246424] Failed to build match row: Avangard Kramatorsk vs Balkany Zorya
[3227390] Failed to build match row: Volgar Astrakhan vs Legion-Dinamo Makhachkala
[2464776] Failed to build match row: CS Marítimo vs Académica Coimbra
[2904560] Failed to scrape lineup: https://www.transfermarkt.co.uk/spielbericht/index/spielbericht/2904560
[3174679] Could not find attributes for anton shunin (FK Dinamo Moskva, 2018)

Keepers & outfield error for **Deportivo de La Coruña** in Sevilla Fútbol Club S.A.D. vs Deportivo de La Coruña: Numbers: 0 and 11.
[3174679] Failed to build match row: FK Dinamo Moskva vs PFK Krylya Sovetov Samara
[2594795] Failed to build match row: Sevilla Fútbol Club S.A.D. vs Deportivo de La Coruña
[2725976] Failed to build match row: Chornomorets Odesa vs FC Oleksandriya
[2929830] Failed to scrape lineup: https://www.transfermarkt.co.uk/spielbericht/index/spielbericht/2929830
[2475409] Could not find attributes for kalu uche (Levante Unión Deportiva S.A.D., 2014)
[2635123] Failed to scrape lineup: https://www.transfermarkt.co.uk/sint-truidense-vv_standard-liege/index/spielbericht/2635123
[2732257] Could not find attributes for jakub brabec (Koninklijke Racing Club Genk, 2016)
[2475409] Failed to build match row: Futbol Club Barcelona vs Levante Unión Deportiva S.A.D.

Keepers & outfield error for **Associazione Calcio Fiorentina** in Associazione Calcio Fiorentina vs Società Sportiva Calcio Napoli: Numbers: 0 and 11.
[2732257] Failed to build match row: Koninklijke Racing Club Genk vs Royal Charleroi Sporting Club
[2359297] Failed to build match row: Associazione Calcio Fiorentina vs Società Sportiva Calcio Napoli

Keepers & outfield error for **Vitória Setúbal FC** in Vitória Setúbal FC vs Clube Desportivo de Tondela: Numbers: 3 and 8.
[3061091] Could not find attributes for ben rienstra (Sportclub Heerenveen, 2018)
[2884538] Failed to build match row: Vitória Setúbal FC vs Clube Desportivo de Tondela
[3061091] Failed to build match row: Alkmaar Zaanstreek vs Sportclub Heerenveen
[2704464] Could not find attributes for douglas santos (Hamburger Sport Verein, 2016)
[2704464] Failed to build match row: Verein für Leibesübungen Wolfsburg vs Hamburger Sport Verein
[2819342] Could not find attributes for daryll meggatt (Ayr United FC, 2016)
[2819342] Failed to build match row: Ayr United FC vs Clyde FC

Keepers & outfield error for **AO FK Zenit Sankt-Peterburg** in RFK Akhmat Grozny vs AO FK Zenit Sankt-Peterburg: Numbers: 2 and 9.
[2551056] Failed to build match row: RFK Akhmat Grozny vs AO FK Zenit Sankt-Peterburg
Not enough players found for lineup: 0, 11.
[2875269] Failed to scrape lineup: https://www.transfermarkt.co.uk/spielbericht/index/spielbericht/2875269

Keepers & outfield error for **Grupo Desportivo Estoril Praia** in Grupo Desportivo Estoril Praia vs Rio Ave Futebol Clube: Numbers: 3 and 8.
[2453761] Could not find attributes for milos jojic (Borussia Dortmund, 2013)
[2606506] Could not find attributes for david pavelka (Kasımpaşa A.Ş., 2015)
[2464777] Failed to build match row: Grupo Desportivo Estoril Praia vs Rio Ave Futebol Clube
[2616660] Could not find attributes for andrey kondratyuk (Sakhalin Yuzhno-Sakhalinsk, 2015)
[2453761] Failed to build match row: Borussia Dortmund vs FC Bayern München
[2481030] Failed to scrape lineup: https://www.transfermarkt.co.uk/motherwell-fc_inverness-caledonian-thistle-fc/index/spielbericht/2481030
[2820403] Failed to scrape lineup: https://www.transfermarkt.co.uk/spielbericht/index/spielbericht/2820403
[3219156] Failed to scrape lineup: https://www.transfermarkt.co.uk/tottenham-hotspur_leicester-city/index/spielbericht/3219156
[2606506] Failed to build match row: Kasımpaşa A.Ş. vs Eskisehirspor
[2616660] Failed to build match row: Sakhalin Yuzhno-Sakhalinsk vs Luch Vladivostok
[2495348] Could not find attributes for jasmin handanovic (NK Maribor, 2014)
[2720736] Failed to scrape lineup: https://www.transfermarkt.co.uk/galatasaray_kardemir-karabukspor/index/spielbericht/2720736
[2495348] Failed to build match row: Sporting Clube de Portugal vs NK Maribor
Not enough players found for lineup: 0, 0.
[3385625] Failed to scrape lineup: https://www.transfermarkt.co.uk/spielbericht/index/spielbericht/3385625

Keepers & outfield error for **Sporting Gijón** in UD Las Palmas vs Sporting Gijón: Numbers: 2 and 9.
[2594796] Failed to build match row: UD Las Palmas vs Sporting Gijón
[3246425] Could not find attributes for yaroslav vazhynskyi (Alyans Lypova Dolyna, 2019)
[2588947] Could not find attributes for hedwiges maduro (Football Club Groningen, 2015)
[2486679] Failed to scrape lineup: https://www.transfermarkt.co.uk/aston-villa_liverpool-fc/index/spielbericht/2486679
[3246425] Failed to build match row: Alyans Lypova Dolyna vs Chayka Petropavlivska Borshchagivka
[2588947] Failed to build match row: AFC Ajax Amsterdam vs Football Club Groningen

Keepers & outfield error for **Deportivo de La Coruña** in Real Jaén CF vs Deportivo de La Coruña: Numbers: 0 and 11.
[2368766] Failed to build match row: Real Jaén CF vs Deportivo de La Coruña
[2904732] Could not find attributes for jakub rzezniczak (Qarabağ FK, 2017)
[2904732] Failed to build match row: Qarabağ FK vs Football Club København
[3280864] Could not find attributes for mikhail kerzhakov (AO FK Zenit Sankt-Peterburg, 2019)
[3280864] Failed to build match row: AO FK Zenit Sankt-Peterburg vs FK Dinamo Moskva
[2345096] Could not find attributes for ian jeffs (ÍBV Vestmannaeyjar, 2013)
[3080912] Could not find attributes for darijo srna (Cagliari Calcio, 2018)
[2345096] Failed to build match row: ÍBV Vestmannaeyjar vs Fudbalski klub Crvena zvezda Beograd
[2514135] Could not find attributes for kaspars gorkss (Colchester United, 2014)
[3080912] Failed to build match row: Cagliari Calcio vs Unione Sportiva Sassuolo Calcio
[2514135] Failed to build match row: Colchester United vs Peterborough United
[2699111] Could not find attributes for daniel endres (Kickers Offenbach, 2016)
[2699111] Failed to build match row: Kickers Offenbach vs Hannover 96
[2616661] Could not find attributes for bogdan karyukin (Dinamo Barnaul, 2015)
[2616661] Failed to build match row: Dinamo Barnaul vs Enisey Krasnoyarsk
[3219157] Could not find attributes for federico fernandez (Newcastle United Football Club, 2019)
[3219157] Failed to build match row: Brighton and Hove Albion Football Club vs Newcastle United Football Club
[2635124] Could not find attributes for david hubert (Royal Excel Mouscron (-2022), 2015)
[3174680] Could not find attributes for ivan oblyakov (PFK CSKA Moskva, 2018)
[2635124] Failed to build match row: Royal Sporting Club Anderlecht vs Royal Excel Mouscron (-2022)
[3174680] Failed to build match row: Футбольный клуб "Локомотив" Москва vs PFK CSKA Moskva
[2732258] Could not find attributes for ishak belfodil (Royal Standard Club de Liège, 2016)
[2732258] Failed to build match row: Royal Standard Club de Liège vs Koninklijke Atletiek Associatie Gent
[2606507] Could not find attributes for serkan kirintili (Konyaspor, 2015)
[2606507] Failed to build match row: Konyaspor vs Sivasspor
Not enough players found for lineup: 0, 0.
[3227391] Could not find attributes for david gigolaev (Druzhba Maikop, 2019)
[2871904] Could not find attributes for matthias lehmann (1. Fußball-Club Köln, 2017)
[3385626] Failed to scrape lineup: https://www.transfermarkt.co.uk/spielbericht/index/spielbericht/3385626
[2885389] Could not find attributes for reinildo mandava (SC Covilhã, 2017)

Keepers & outfield error for **Verona Hellas Football Club** in Verona Hellas Football Club vs UC Sampdoria: Numbers: 0 and 11.
[2871904] Failed to build match row: Bayer 04 Leverkusen Fußball vs 1. Fußball-Club Köln
[3227391] Failed to build match row: Druzhba Maikop vs Chernomorets Novorossijsk
[2885389] Failed to build match row: SC Covilhã vs CF União Madeira (-2021)
[2329816] Could not find attributes for youri tielemans (Royal Sporting Club Anderlecht, 2013)
[2904733] Could not find attributes for boy waterman (APOEL Nicosia, 2017)
[2359299] Failed to build match row: Verona Hellas Football Club vs UC Sampdoria
[2820404] Could not find attributes for karim ansarifard (Olympiakos Syndesmos Filathlon Peiraios, 2016)
[2329816] Failed to build match row: Koninklijke Atletiek Associatie Gent vs Royal Sporting Club Anderlecht
[2820404] Failed to build match row: Olympiakos Syndesmos Filathlon Peiraios vs APS Atromitos Athinon
Not enough players found for lineup: 0, 0.
[2904733] Failed to build match row: APOEL Nicosia vs SK Slavia Praha, a.s.
[2368767] Failed to scrape lineup: https://www.transfermarkt.co.uk/spielbericht/index/spielbericht/2368767
[2514351] Could not find attributes for stipe pletikosa (FK Rostov, 2014)
[2635125] Could not find attributes for tomislav kis (KV Kortrijk, 2015)
[2514351] Failed to build match row: FK Rostov vs Amkar Perm
[2635125] Failed to build match row: Sportvereniging Zulte Waregem vs KV Kortrijk
[3246426] Could not find attributes for vitaliy chebotaryov (SK Tavriya Simferopol ( - 2022), 2019)
[3280865] Could not find attributes for mikhail levashov (Arsenal Tula, 2019)
[3246426] Failed to build match row: SK Tavriya Simferopol ( - 2022) vs Bukovyna Chernivtsi
[3280865] Failed to build match row: Arsenal Tula vs Футбольный клуб "Локомотив" Москва

Keepers & outfield error for **Watford FC** in Burnley Football Club vs Watford FC: Numbers: 2 and 9.
Not enough players found for lineup: 0, 11.
[3219158] Failed to build match row: Burnley Football Club vs Watford FC
[3174681] Could not find attributes for matvey safonov (FK Krasnodar, 2018)
[2875272] Failed to scrape lineup: https://www.transfermarkt.co.uk/spielbericht/index/spielbericht/2875272
[3174681] Failed to build match row: FK Krasnodar vs AO FK Zenit Sankt-Peterburg
[2594798] Could not find attributes for carl medjani (Levante Unión Deportiva S.A.D., 2015)
[2464779] Could not find attributes for pintassilgo (Futebol Clube de Arouca, 2014)
[2725984] Could not find attributes for oleksiy bashtanenko (Dnipro Dnipropetrovsk (-2020), 2016)
[2594798] Failed to build match row: Levante Unión Deportiva S.A.D. vs Espanol
de Arouca
[2725984] Failed to build match row: Dnipro Dnipropetrovsk (-2020) vs Zirka Kropyvnytskyi
[2662192] Could not find attributes for danijel milicevic (Koninklijke Atletiek Associatie Gent, 2015)
[2662192] Failed to build match row: Koninklijke Atletiek Associatie Gent vs KSC Lokeren (- 2020)
Not enough players found for lineup: 0, 0.
[2368768] Failed to scrape lineup: https://www.transfermarkt.co.uk/spielbericht/index/spielbericht/2368768
Not enough players found for lineup: 0, 0.
[3280866] Could not find attributes for giorgiy shelia (PFK Tambov (-2021), 2019)
[2904734] Could not find attributes for josip elez (Hrvatski Nogometni Klub Rijeka, 2017)
[3280866] Failed to build match row: PFK Tambov (-2021) vs FC Orenburg
[2616662] Could not find attributes for artem gordeev (Nosta Novotroitsk, 2015)
[2345097] Could not find attributes for szabolcs kemenes (Budapest Honvéd FC, 2013)
[3385628] Failed to scrape lineup: https://www.transfermarkt.co.uk/spielbericht/index/spielbericht/3385628
[2904734] Failed to build match row: Olympiakos Syndesmos Filathlon Peiraios vs Hrvatski Nogometni Klub Rijeka
[2616662] Failed to build match row: Nosta Novotroitsk vs Sibir Novosibirsk (- 2019)
[2345097] Failed to build match row: Budapest Honvéd FC vs Fudbalski Klub Vojvodina
[2359300] Could not find attributes for tiberio guarente (Catania FC, 2013)
[2359300] Failed to build match row: Juventus Football Club vs Catania FC
[2725985] Could not find attributes for yuriy pankiv (PFK Stal Kamyanske (-2018), 2016)
[2725985] Failed to build match row: PFK Stal Kamyanske (-2018) vs Olimpik Donetsk
[2987615] Could not find attributes for olivier werner (Royal Excel Mouscron (-2022), 2017)
[3074378] Could not find attributes for maksim shumaylov (Zvezda Perm, 2018)
[3227395] Could not find attributes for ilya kungurov (FC Irkutsk, 2019)
[2987615] Failed to build match row: Royal Excel Mouscron (-2022) vs KSC Lokeren (- 2020)
[2329818] Could not find attributes for elimane coulibaly (KV Kortrijk, 2013)
[2606508] Could not find attributes for aleksandr hleb (Gençlerbirliği Spor Kulübü, 2015)
[3074378] Failed to build match row: Zvezda Perm vs Zenit Izhevsk
[2594799] Could not find attributes for jean sylvain babin (Granada CF, 2015)

Keepers & outfield error for **West Ham United Football Club** in Tottenham Hotspur Football Club vs West Ham United Football Club: Numbers: 2 and 9.
[3227395] Failed to build match row: FC Irkutsk vs FK Chita (-2022)
[2329818] Failed to build match row: Cercle Brugge Koninklijke Sportvereniging vs KV Kortrijk
[3219159] Failed to build match row: Tottenham Hotspur Football Club vs West Ham United Football Club
[3174682] Could not find attributes for yaroslav godzyur (Ural Yekaterinburg, 2018)
[2606508] Failed to build match row: Beşiktaş Jimnastik Kulübü vs Gençlerbirliği Spor Kulübü
[3061194] Could not find attributes for ardian limani (FC Drita, 2018)
[2594799] Failed to build match row: Club Atlético de Madrid S.A.D. vs Granada CF
[2704467] Could not find attributes for antonio colak (SV Darmstadt 98, 2016)
[3174682] Failed to build match row: Ural Yekaterinburg vs FC Rubin Kazan
Not enough players found for lineup: 0, 11.
[2820405] Could not find attributes for antonis kokkalas (AO Platanias, 2016)
[2704467] Failed to build match row: SV Darmstadt 98 vs Mönchengladbach
[2699112] Could not find attributes for jeremy karikari (Eintracht Norderstedt, 2016)
[2820405] Failed to build match row: AO Platanias vs Athlitiki Enosi Konstantinoupoleos

Keepers & outfield error for **Real Zaragoza** in Real Zaragoza vs Valencia Club de Fútbol S. A. D.: Numbers: 0 and 11.
[2875828] Failed to scrape lineup: https://www.transfermarkt.co.uk/spielbericht/index/spielbericht/2875828
[2699112] Failed to build match row: Eintracht Norderstedt vs SpVgg Greuther Fürth
[2345098] Failed to scrape lineup: https://www.transfermarkt.co.uk/spielbericht/index/spielbericht/2345098
[2929831] Failed to build match row: Real Zaragoza vs Valencia Club de Fútbol S. A. D.

Keepers & outfield error for **West Ham United Football Club** in West Ham United Football Club vs Crystal Palace Football Club: Numbers: 2 and 9.
[2635340] Could not find attributes for ross forsyth (Stirling Albion FC, 2015)
[3050326] Failed to build match row: West Ham United Football Club vs Crystal Palace Football Club
[2635340] Failed to build match row: Stirling Albion FC vs East Fife FC

Keepers & outfield error for **Futebol Clube do Porto** in Futebol Clube do Porto vs Sport Lisboa e Benfica: Numbers: 0 and 11.
[2871906] Could not find attributes for julian korb (Hannover 96, 2017)
oa e Benfica
[2871906] Failed to build match row: Hannover 96 vs Borussia Dortmund
[3280867] Could not find attributes for matvey safonov (FK Krasnodar, 2019)
[3280867] Failed to build match row: FK Krasnodar vs PFK CSKA Moskva
Not enough players found for lineup: 0, 0.
[2514353] Could not find attributes for emmanuel frimpong (FK Ufa, 2014)
[3385629] Failed to scrape lineup: https://www.transfermarkt.co.uk/spielbericht/index/spielbericht/3385629
[2514353] Failed to build match row: PFK CSKA Moskva vs FK Ufa
[3210423] Could not find attributes for alexander juel andersen (Odense Boldklub, 2019)
[3210423] Failed to build match row: Randers Fodbold Club vs Odense Boldklub
[2551058] Could not find attributes for vitaliy denisov (Футбольный клуб "Локомотив" Москва, 2014)
[2551058] Failed to build match row: Футбольный клуб "Локомотив" Москва vs Torpedo Moscow
[2616663] Could not find attributes for dmitriy romanenko (Volga Tver, 2015)
[2616663] Failed to build match row: Volga Tver vs FK Baltika

Keepers & outfield error for **SPAL** in Associazione Calcio Fiorentina vs SPAL: Numbers: 2 and 9.
[2885390] Could not find attributes for ballack (CD Cova Piedade, 2017)
[2897415] Failed to build match row: Associazione Calcio Fiorentina vs SPAL
[2885390] Failed to build match row: CD Cova Piedade vs Clube Desportivo Nacional
[3174683] Failed to scrape lineup: https://www.transfermarkt.co.uk/spartak-moscow_enisey-krasnoyarsk/index/spielbericht/3174683

Keepers & outfield error for **Esbjerg fB** in Football Club København vs Esbjerg fB: Numbers: 0 and 11.
[2581309] Failed to build match row: Football Club København vs Esbjerg fB
[2725986] Could not find attributes for oleksandr shovkovskyi (Futbolniy Klub Dynamo Kyiv, 2016)
[2725986] Failed to build match row: Futbolniy Klub Dynamo Kyiv vs FC Zorya Lugansk
[2732259] Could not find attributes for jakub brabec (Koninklijke Racing Club Genk, 2016)
[2732259] Failed to build match row: Royal Sporting Club Anderlecht vs Koninklijke Racing Club Genk

Keepers & outfield error for **Torino Calcio** in US Livorno 1915 vs Torino Calcio: Numbers: 2 and 9.
[2359301] Failed to build match row: US Livorno 1915 vs Torino Calcio
[2588951] Could not find attributes for wout brama (Prins Hendrik Ende Desespereert Nimmer Combinatie Zwolle, 2015)
[2588951] Failed to build match row: Feyenoord Rotterdam vs Prins Hendrik Ende Desespereert Nimmer Combinatie Zwolle
[2329819] Could not find attributes for didier ovono (KV Oostende, 2013)
[3280868] Could not find attributes for evgeniy gorodov (RFK Akhmat Grozny, 2019)
[2662194] Could not find attributes for david hubert (Royal Excel Mouscron (-2022), 2015)
[2329819] Failed to build match row: Club Brugge Koninklijke Voetbalvereniging vs KV Oostende
[3280868] Failed to build match row: RFK Akhmat Grozny vs FK Ufa
[2662194] Failed to build match row: Koninklijke Voetbal Club Westerlo vs Royal Excel Mouscron (-2022)
Not enough players found for lineup: 0, 0.
[3385630] Failed to scrape lineup: https://www.transfermarkt.co.uk/spielbericht/index/spielbericht/3385630
[2725987] Could not find attributes for dmitriy nepogodov (Vorskla Poltava, 2016)
[3074379] Could not find attributes for aleksey grechkin (Chayka Peschanokopskoye, 2018)
[2725987] Failed to build match row: Vorskla Poltava vs FC Shakhtar Donetsk
[3074379] Failed to build match row: Chayka Peschanokopskoye vs SKVO Rostov-na-Donu

Keepers & outfield error for **Boavista FC** in Boavista FC vs Sport Lisboa e Benfica: Numbers: 2 and 9.
[2464780] Failed to build match row: Boavista FC vs Sport Lisboa e Benfica

Keepers & outfield error for **Vitória Setúbal FC** in Vitória Setúbal FC vs SC Olhanense: Numbers: 3 and 8.
[3093838] Could not find attributes for radosav petrovic (Sporting Clube de Portugal, 2018)
[3203615] Could not find attributes for oscar wendt (Mönchengladbach, 2019)
[2340365] Failed to build match row: Vitória Setúbal FC vs SC Olhanense
[3203615] Failed to build match row: Mönchengladbach vs 1. Fußball-Club Köln
[3093838] Failed to build match row: Sporting Clube de Portugal vs Grupo Desportivo Estoril Praia
[2732260] Could not find attributes for moussa wague (KAS Eupen, 2016)
[2820406] Could not find attributes for zivko zivkovic (AO Xanthi, 2016)
[2820406] Failed to build match row: AO Xanthi vs Panthessalonikios Athlitikos Omilos Konstantinoupoliton
[2732260] Failed to build match row: KAS Eupen vs KV Kortrijk
[3174697] Could not find attributes for anton sytnykov (Ingulets Petrove, 2018)
[2606509] Could not find attributes for mugdat celik (Akhisarspor, 2015)
[3174697] Failed to build match row: Ingulets Petrove vs FC Zorya Lugansk
[2606509] Failed to build match row: Akhisarspor vs İstanbul Başakşehir Futbol Kulübü
[3219161] Could not find attributes for patrick van aanholt (Crystal Palace Football Club, 2019)
[2581310] Could not find attributes for kees luijckx (Sønderjyske Fodbold, 2015)
[2904735] Could not find attributes for aleksandr mokin (FC Astana, 2017)
[3280869] Could not find attributes for sergey ryzhikov (PFK Krylya Sovetov Samara, 2019)

Keepers & outfield error for **Associazione Calcio Milan** in Associazione Calcio Milan vs Società Sportiva Lazio S.p.A.: Numbers: 0 and 11.
[3219161] Failed to build match row: Liverpool Football Club vs Crystal Palace Football Club
[2904735] Failed to build match row: The Celtic Football Club vs FC Astana
[2359302] Failed to build match row: Associazione Calcio Milan vs Società Sportiva Lazio S.p.A.
[2581310] Failed to build match row: Randers Fodbold Club vs Sønderjyske Fodbold
[3280869] Failed to build match row: PFK Krylya Sovetov Samara vs Ural Yekaterinburg

Keepers & outfield error for **Olympiakos Syndesmos Filathlon Peiraios** in Club Atlético de Madrid S.A.D. vs Olympiakos Syndesmos Filathlon Peiraios: Numbers: 0 and 11.
[3061195] Failed to build match row: Malmö Fotbollförening vs FC Drita
[2495352] Failed to build match row: Club Atlético de Madrid S.A.D. vs Olympiakos Syndesmos Filathlon Peiraios
[2594801] Could not find attributes for daniele bonera (Villarreal Club de Fútbol S.A.D., 2015)
[2345099] Could not find attributes for giorgi lomaia (FK Inter Baku, 2013)
[2594801] Failed to build match row: Real Madrid Club de Fútbol vs Villarreal Club de Fútbol S.A.D.
[2345099] Failed to build match row: FK Inter Baku vs Tromsø Idrettslag
[2877274] Could not find attributes for yassin ayoub (Football Club Utrecht, 2017)
[2877274] Failed to build match row: Football Club Utrecht vs Alkmaar Zaanstreek
[2725988] Could not find attributes for roman pidkivka (Karpaty Lviv (-2021), 2016)
[2725988] Failed to build match row: Karpaty Lviv (-2021) vs Chornomorets Odesa
[2763816] Could not find attributes for georgiy shchennikov (PFK CSKA Moskva, 2016)
[2763816] Failed to build match row: Футбольный клуб "Локомотив" Москва vs PFK CSKA Moskva

Keepers & outfield error for **FC Bayern München** in FC Bayern München vs 1. Fußball-Club Köln: Numbers: 0 and 11.
[2871908] Failed to build match row: FC Bayern München vs 1. Fußball-Club Köln
[2616664] Could not find attributes for daniil gavilovskiy (PFK Tambov (-2021), 2015)
[2616664] Failed to build match row: PFK Tambov (-2021) vs Arsenal Tula
[2455176] Could not find attributes for joaozinho (FK Krasnodar, 2013)
[2455176] Failed to build match row: FK Krasnodar vs FK Rostov
[2904736] Could not find attributes for guy haimov (Hapoel Beer Sheva, 2017)
[2475412] Could not find attributes for ion ansotegi (Real Sociedad de Fútbol S.A.D., 2014)

Keepers & outfield error for **Juventus Football Club** in Juventus Football Club vs Società Sportiva Calcio Napoli: Numbers: 0 and 11.
[2904736] Failed to build match row: Hapoel Beer Sheva vs NK Maribor
[2475412] Failed to build match row: Real Sociedad de Fútbol S.A.D. vs Sevilla Fútbol Club S.A.D.
[2820739] Failed to build match row: Juventus Football Club vs Società Sportiva Calcio Napoli
[3385631] Could not find attributes for sergey golyatkin (FC Tyumen, 2013)
[3385631] Failed to build match row: FC Tyumen vs Syzran-2003
Not enough players found for lineup: 0, 11.
[2340366] Failed to scrape lineup: https://www.transfermarkt.co.uk/vitoria-guimaraes-sc_fc-porto/index/spielbericht/2340366
[3246983] Could not find attributes for vitaliy onopko (Girnyk Kryvyi Rig, 2019)
[3246983] Failed to build match row: Girnyk Kryvyi Rig vs Chayka Petropavlivska Borshchagivka

Keepers & outfield error for **West Ham United Football Club** in Manchester United Football Club vs West Ham United Football Club: Numbers: 2 and 9.
[3219162] Failed to build match row: Manchester United Football Club vs West Ham United Football Club
[2763817] Could not find attributes for joaozinho (FK Krasnodar, 2016)
[2763817] Failed to build match row: FK Krasnodar vs Amkar Perm
[3174961] Could not find attributes for sergey pesjakov (FK Rostov, 2018)
Not enough players found for lineup: 0, 0.
[3174961] Failed to build match row: FK Rostov vs Футбольный клуб "Локомотив" Москва
[3093839] Failed to scrape lineup: https://www.transfermarkt.co.uk/spielbericht/index/spielbericht/3093839

Keepers & outfield error for **Celta** in SD Eibar vs Celta: Numbers: 0 and 11.

Keepers & outfield error for **Moreirense Futebol Clube** in Moreirense Futebol Clube vs Sporting Clube de Braga: Numbers: 3 and 8.
[2616665] Could not find attributes for nikita medvedev (Zenit Izhevsk, 2015)
[2464781] Failed to build match row: Moreirense Futebol Clube vs Sporting Clube de Braga
[2929833] Failed to build match row: SD Eibar vs Celta
[2616665] Failed to build match row: Zenit Izhevsk vs KamAZ Naberezhnye Chelny
[2732261] Could not find attributes for kingsley madu (Sportvereniging Zulte Waregem, 2016)
[3210426] Could not find attributes for imed louati (Hobro IK, 2019)
[2732261] Failed to build match row: Sportvereniging Zulte Waregem vs St Truiden
[3210426] Failed to build match row: Hobro IK vs Fodbold Club Midtjylland
[2885391] Could not find attributes for gabriel souza (Futebol Clube de Famalicão, 2017)
[3119706] Could not find attributes for alfie kilgour (Maidenhead United, 2018)
[2720740] Could not find attributes for andreas beck (Beşiktaş Jimnastik Kulübü, 2016)

Keepers & outfield error for **Vejle Boldklub** in Vejle Boldklub vs Hobro IK: Numbers: 2 and 9.
[2885391] Failed to build match row: Futebol Clube de Famalicão vs Clube Desportivo Santa Clara
[2720740] Failed to build match row: Konyaspor vs Beşiktaş Jimnastik Kulübü
[2456285] Could not find attributes for danijel pranjic (Panathinaikos Athlitikos Omilos, 2013)
[3119706] Failed to build match row: Maidenhead United vs Portsmouth FC
[3063556] Failed to build match row: Vejle Boldklub vs Hobro IK
[2456285] Failed to build match row: Panthessalonikios Athlitikos Omilos Konstantinoupoliton vs Panathinaikos Athlitikos Omilos
[3174962] Could not find attributes for evgeniy gorodov (RFK Akhmat Grozny, 2018)
[3174962] Failed to build match row: RFK Akhmat Grozny vs FK Krasnodar
[2329821] Could not find attributes for hamari traore (Lierse SK (- 2018), 2013)
[2329821] Failed to build match row: Lierse SK (- 2018) vs Royal Charleroi Sporting Club

Keepers & outfield error for **Sport Lisboa e Benfica** in Sport Lisboa e Benfica vs Grupo Desportivo Estoril Praia: Numbers: 2 and 9.
[2340367] Failed to build match row: Sport Lisboa e Benfica vs Grupo Desportivo Estoril Praia
[3280870] Could not find attributes for nikolay zabolotnyi (FK Sochi, 2019)
[3050327] Could not find attributes for glenn murray (Brighton and Hove Albion Football Club, 2018)
[3074380] Could not find attributes for artem orsaev (Spartak Nalchik, 2018)
[2514355] Failed to build match row: Kuban Krasnodar (-2018) vs Torpedo Moscow
[3280870] Failed to build match row: FK Sochi vs FC Rubin Kazan
[3050327] Failed to build match row: Brighton and Hove Albion Football Club vs Chelsea Football Club
[3074380] Failed to build match row: Spartak Nalchik vs Spartak Vladikavkaz (-2020)
[3229013] Failed to scrape lineup: https://www.transfermarkt.co.uk/spielbericht/index/spielbericht/3229013
[2662195] Could not find attributes for aleksandar bjelica (Yellow-Red Koninklijke Voetbalclub Mechelen, 2015)
[2662195] Failed to build match row: Yellow-Red Koninklijke Voetbalclub Mechelen vs KV Kortrijk
[3385632] Could not find attributes for andrey golubev (Zenit Izhevsk, 2013)
[3385632] Failed to build match row: Zenit Izhevsk vs Volga Uljanovsk
[2495354] Could not find attributes for georgi terziev (Ludogorets Razgrad, 2014)
[3203618] Could not find attributes for yuya osako (Sportverein Werder Bremen von 1899, 2019)
[3203618] Failed to build match row: Sportverein Werder Bremen von 1899 vs 1. Fußballclub Union Berlin

Keepers & outfield error for **Lyngby Boldklub** in Lyngby Boldklub vs Esbjerg fB: Numbers: 2 and 9.

Keepers & outfield error for **West Ham United Football Club** in West Ham United Football Club vs Wolverhampton Wanderers Football Club: Numbers: 2 and 9.
[3219164] Failed to build match row: West Ham United Football Club vs Wolverhampton Wanderers Football Club
[3210427] Failed to build match row: Lyngby Boldklub vs Esbjerg fB
[2897437] Could not find attributes for mattia destro (Bologna Football Club 1909, 2017)

Keepers & outfield error for **Associazione Sportiva Roma** in Società Sportiva Lazio S.p.A. vs Associazione Sportiva Roma: Numbers: 0 and 11.
[2329822] Could not find attributes for wilson kamavuaka (Yellow-Red Koninklijke Voetbalclub Mechelen, 2013)
[2820741] Failed to build match row: Società Sportiva Lazio S.p.A. vs Associazione Sportiva Roma
[2897437] Failed to build match row: Bologna Football Club 1909 vs Cagliari Calcio
[2345100] Could not find attributes for eugen matiughin (Dacia Chisinau, 2013)
[2329822] Failed to build match row: Sportvereniging Zulte Waregem vs Yellow-Red Koninklijke Voetbalclub Mechelen
[2345100] Failed to build match row: Dacia Chisinau vs Chornomorets Odesa
[2732262] Could not find attributes for lovre kalinic (Koninklijke Atletiek Associatie Gent, 2016)
[2732262] Failed to build match row: Koninklijke Atletiek Associatie Gent vs Royal Excel Mouscron (-2022)
[2763818] Could not find attributes for evgeniy chernov (AO FK Zenit Sankt-Peterburg, 2016)
[2763818] Failed to build match row: AO FK Zenit Sankt-Peterburg vs FC Orenburg
[2885392] Failed to scrape lineup: https://www.transfermarkt.co.uk/spielbericht/index/spielbericht/2885392
[3093840] Failed to scrape lineup: https://www.transfermarkt.co.uk/spielbericht/index/spielbericht/3093840
[2725989] Could not find attributes for miha goropevsek (Volyn Lutsk, 2016)
[2725989] Failed to build match row: Volyn Lutsk vs FC Oleksandriya
[2987618] Failed to scrape lineup: https://www.transfermarkt.co.uk/royal-antwerp-fc_kas-eupen/index/spielbericht/2987618

Keepers & outfield error for **Sport Lisboa e Benfica** in Sevilla Fútbol Club S.A.D. vs Sport Lisboa e Benfica: Numbers: 2 and 9.
[2871910] Could not find attributes for julian korb (Hannover 96, 2017)
[2456992] Failed to build match row: Sevilla Fútbol Club S.A.D. vs Sport Lisboa e Benfica
[2871910] Failed to build match row: Hertha BSC vs Hannover 96
Not enough players found for lineup: 0, 0.
Not enough players found for lineup: 0, 0.
[3174963] Could not find attributes for filip uremovic (FC Rubin Kazan, 2018)
Not enough players found for lineup: 0, 0.
[2340368] Failed to scrape lineup: https://www.transfermarkt.co.uk/cs-maritimo_cf-os-belenenses/index/spielbericht/2340368
[3174963] Failed to build match row: FC Rubin Kazan vs FK Ufa
Alanyaspor, 2016)
[3385633] Failed to scrape lineup: https://www.transfermarkt.co.uk/spielbericht/index/spielbericht/3385633
[3248597] Failed to scrape lineup: https://www.transfermarkt.co.uk/spielbericht/index/spielbericht/3248597
[2635341] Could not find attributes for ross salmon (Montrose FC, 2015)

Keepers & outfield error for **Sevilla Fútbol Club S.A.D.** in İstanbul Başakşehir Futbol Kulübü vs Sevilla Fútbol Club S.A.D.: Numbers: 0 and 11.
[2581311] Could not find attributes for david boysen (Brøndby Idrætsforening, 2015)
[2635341] Failed to build match row: Montrose FC vs Lothian Thistle Hutchison Vale FC
[2720741] Failed to build match row: Alanyaspor vs Antalyaspor

Keepers & outfield error for **Hull City** in West Ham United Football Club vs Hull City: Numbers: 0 and 11.
[2475414] Failed to scrape lineup: https://www.transfermarkt.co.uk/deportivo-de-la-coruna_celta-de-vigo/index/spielbericht/2475414
[2904737] Failed to build match row: İstanbul Başakşehir Futbol Kulübü vs Sevilla Fútbol Club S.A.D.
[2581311] Failed to build match row: Brøndby Idrætsforening vs Hobro IK
[2486688] Failed to build match row: West Ham United Football Club vs Hull City
[3280871] Could not find attributes for sergey pesjakov (FK Rostov, 2019)
[3210428] Could not find attributes for zeca (Football Club København, 2019)
[3280871] Failed to build match row: FK Spartak Moskva vs FK Rostov
[3210428] Failed to build match row: Silkeborg Idrætsforening vs Football Club København
[3080915] Could not find attributes for luca antonelli (FC Empoli, 2018)
[2732263] Could not find attributes for yoan severin (Sportvereniging Zulte Waregem, 2016)
[2732263] Failed to build match row: Club Brugge Koninklijke Voetbalvereniging vs Sportvereniging Zulte Waregem
[2763819] Could not find attributes for papa gueye (FK Rostov, 2016)
[2763819] Failed to build match row: Amkar Perm vs FK Rostov

Keepers & outfield error for **Associazione Sportiva Roma** in Associazione Sportiva Roma vs Società Sportiva Lazio S.p.A.: Numbers: 0 and 11.
[3074381] Could not find attributes for dmitriy saganovich (Volgar Astrakhan, 2018)
[3080915] Failed to build match row: Genoa Cricket and Football Club vs FC Empoli
[3074381] Failed to build match row: Volgar Astrakhan vs Legion-Dinamo Makhachkala
[2820742] Failed to build match row: Associazione Sportiva Roma vs Società Sportiva Lazio S.p.A.
Not enough players found for lineup: 11, 0.
[2588955] Failed to scrape lineup: https://www.transfermarkt.co.uk/nec-nijmegen_ado-den-haag/index/spielbericht/2588955
[2345101] Failed to scrape lineup: https://www.transfermarkt.co.uk/spielbericht/index/spielbericht/2345101
[2464782] Could not find attributes for avto (Gil Vicente Futebol Clube, 2014)
[2464782] Failed to build match row: Vitória Setúbal FC vs Gil Vicente Futebol Clube

Keepers & outfield error for **Rio Ave Futebol Clube** in Rio Ave Futebol Clube vs FC Paços de Ferreira: Numbers: 0 and 11.
[2929834] Could not find attributes for jon garcia (SD Ponferradina, 2017)
[3174964] Could not find attributes for mario fernandes (PFK CSKA Moskva, 2018)

Keepers & outfield error for **Arsenal Football Club** in Arsenal Football Club vs Borussia Dortmund: Numbers: 0 and 11.
[3093841] Failed to build match row: Rio Ave Futebol Clube vs FC Paços de Ferreira
Not enough players found for lineup: 0, 0.
[2929834] Failed to build match row: SD Ponferradina vs Villarreal Club de Fútbol S.A.D.

Keepers & outfield error for **West Ham United Football Club** in Fulham Football Club vs West Ham United Football Club: Numbers: 2 and 9.
[3248598] Failed to scrape lineup: https://www.transfermarkt.co.uk/spielbericht/index/spielbericht/3248598
[3174964] Failed to build match row: PFK CSKA Moskva vs Anzhi Makhachkala ( -2022)
[2495356] Failed to build match row: Arsenal Football Club vs Borussia Dortmund
Not enough players found for lineup: 0, 0.
[2359305] Could not find attributes for jonatan cristaldo (Bologna Football Club 1909, 2013)
[3050329] Failed to build match row: Fulham Football Club vs West Ham United Football Club
[3385642] Failed to scrape lineup: https://www.transfermarkt.co.uk/spielbericht/index/spielbericht/3385642
[2359305] Failed to build match row: Bologna Football Club 1909 vs Chievo Verona

Keepers & outfield error for **Sport Lisboa e Benfica** in Sport Lisboa e Benfica vs Rio Ave Futebol Clube: Numbers: 2 and 9.

Keepers & outfield error for **CD Leganés** in CD Leganés vs Racing Santander: Numbers: 0 and 11.
[2606511] Could not find attributes for sabri sarioglu (Galatasaray Spor Kulübü, 2015)
[2457003] Failed to build match row: Sport Lisboa e Benfica vs Rio Ave Futebol Clube
[2368769] Failed to build match row: CD Leganés vs Racing Santander
[2551060] Could not find attributes for anri khagush (Arsenal Tula, 2014)
[2606511] Failed to build match row: Galatasaray Spor Kulübü vs Trabzonspor Kulübü
[2871911] Could not find attributes for nils petersen (Sport-Club Freiburg, 2017)
[2581312] Could not find attributes for osama akharraz (Viborg Fodsports Forening, 2015)
[2871911] Failed to build match row: Sport-Club Freiburg vs Mönchengladbach
[2551060] Failed to build match row: Arsenal Tula vs FK Spartak Moskva
[2581312] Failed to build match row: Viborg Fodsports Forening vs Fodbold Club Nordsjælland

Keepers & outfield error for **Royal Antwerp Football Club** in Royal Sporting Club Anderlecht vs Royal Antwerp Football Club: Numbers: 2 and 9.
[3119707] Could not find attributes for luke purnell (Weston-super-Mare AFC, 2018)
[2987630] Failed to build match row: Royal Sporting Club Anderlecht vs Royal Antwerp Football Club
[3119707] Failed to build match row: Weston-super-Mare AFC vs Wrexham AFC
[3229014] Could not find attributes for derick poloni (Leixões SC, 2019)
[2329824] Could not find attributes for didier ovono (KV Oostende, 2013)
[3229014] Failed to build match row: Leixões SC vs CS Marítimo
[2329824] Failed to build match row: Oud-Heverlee Leuven vs KV Oostende
[2340369] Failed to scrape lineup: https://www.transfermarkt.co.uk/rio-ave-fc_academica-coimbra/index/spielbericht/2340369
[3210429] Could not find attributes for zeca (Football Club København, 2019)
[2662197] Could not find attributes for ruslan malinovskyi (Koninklijke Racing Club Genk, 2015)
[2662197] Failed to build match row: Koninklijke Racing Club Genk vs Club Brugge Koninklijke Voetbalvereniging
[3210429] Failed to build match row: Football Club København vs Aalborg BK

Keepers & outfield error for **Royal Sporting Club Anderlecht** in Royal Sporting Club Anderlecht vs Galatasaray Spor Kulübü: Numbers: 0 and 11.

Keepers & outfield error for **Moreirense Futebol Clube** in Futebol Clube do Porto vs Moreirense Futebol Clube: Numbers: 3 and 8.
[2464783] Failed to build match row: Futebol Clube do Porto vs Moreirense Futebol Clube
[2495357] Failed to build match row: Royal Sporting Club Anderlecht vs Galatasaray Spor Kulübü

Keepers & outfield error for **Verona Hellas Football Club** in Verona Hellas Football Club vs Cagliari Calcio: Numbers: 0 and 11.
Not enough players found for lineup: 0, 0.
[3385643] Failed to scrape lineup: https://www.transfermarkt.co.uk/spielbericht/index/spielbericht/3385643
[2699115] Could not find attributes for mark flekken (MSV Duisburg, 2016)
[2359306] Failed to build match row: Verona Hellas Football Club vs Cagliari Calcio

Keepers & outfield error for **Fußball-Club Augsburg 1907** in FC Schalke 04 vs Fußball-Club Augsburg 1907: Numbers: 2 and 9.
[2699115] Failed to build match row: MSV Duisburg vs 1. Fußballclub Union Berlin
[2720742] Could not find attributes for jan durica (Trabzonspor Kulübü, 2016)
Not enough players found for lineup: 0, 0.
[2581313] Could not find attributes for filip novak (Fodbold Club Midtjylland, 2015)
[2871912] Failed to build match row: FC Schalke 04 vs Fußball-Club Augsburg 1907
[2368770] Failed to scrape lineup: https://www.transfermarkt.co.uk/spielbericht/index/spielbericht/2368770
[2726235] Could not find attributes for sergiy loginov (Volyn Lutsk, 2016)
[2551061] Could not find attributes for stipe pletikosa (FK Rostov, 2014)
[2720742] Failed to build match row: Gaziantepspor (- 2020) vs Trabzonspor Kulübü
[2581313] Failed to build match row: Fodbold Club Midtjylland vs Aalborg BK
[2551061] Failed to build match row: FK Rostov vs FK Ufa
[2726235] Failed to build match row: FC Shakhtar Donetsk vs Volyn Lutsk
[2877276] Could not find attributes for terell ondaan (Prins Hendrik Ende Desespereert Nimmer Combinatie Zwolle, 2017)
[3203619] Failed to scrape lineup: https://www.transfermarkt.co.uk/hertha-bsc_1-fsv-mainz-05/index/spielbericht/3203619
Not enough players found for lineup: 0, 0.
[3248599] Failed to scrape lineup: https://www.transfermarkt.co.uk/spielbericht/index/spielbericht/3248599
[2877276] Failed to build match row: Prins Hendrik Ende Desespereert Nimmer Combinatie Zwolle vs Nooit Opgeven Altijd Doorzetten Aangenaam Door Vermaak En Nuttig Door Ontspanning Combinatie Breda
[2616666] Could not find attributes for artem struchkov (Lokomotiv Liski, 2015)

Keepers & outfield error for **SD Formentera** in Athletic Club Bilbao vs SD Formentera: Numbers: 2 and 9.
[2616666] Failed to build match row: Lokomotiv Liski vs Fakel Voronezh
[2929835] Failed to build match row: Athletic Club Bilbao vs SD Formentera
[2823314] Could not find attributes for aymen barkok (Eintracht Frankfurt Fußball AG, 2016)

Keepers & outfield error for **Vitória Sport Clube** in Vitória Sport Clube vs Futebol Clube de Arouca: Numbers: 0 and 11.
[2823314] Failed to build match row: Eintracht Frankfurt Fußball AG vs Arminia Bielefeld
[3219165] Could not find attributes for danny ings (Southampton FC, 2019)
[3388620] Failed to scrape lineup: https://www.transfermarkt.co.uk/spielbericht/index/spielbericht/3388620
[2340370] Failed to build match row: Vitória Sport Clube vs Futebol Clube de Arouca

Keepers & outfield error for **Mönchengladbach** in Turn- und Sportgemeinschaft 1899 Hoffenheim Fußball-Spielbetriebs vs Mönchengladbach: Numbers: 2 and 9.
[3174965] Could not find attributes for branislav ivanovic (AO FK Zenit Sankt-Peterburg, 2018)

Keepers & outfield error for **Verona Hellas Football Club** in Verona Hellas Football Club vs Genoa Cricket and Football Club: Numbers: 0 and 11.
[2457732] Failed to scrape lineup: https://www.transfermarkt.co.uk/spielbericht/index/spielbericht/2457732
[3280872] Could not find attributes for yaroslav rakitskyi (AO FK Zenit Sankt-Peterburg, 2019)
[3174965] Failed to build match row: AO FK Zenit Sankt-Peterburg vs FK Dinamo Moskva
[3219165] Failed to build match row: Southampton FC vs Arsenal Football Club
[2321076] Failed to build match row: Turn- und Sportgemeinschaft 1899 Hoffenheim Fußball-Spielbetriebs vs Mönchengladbach
[2329825] Could not find attributes for hamari traore (Lierse SK (- 2018), 2013)

Keepers & outfield error for **Deportivo de La Coruña** in Deportivo de La Coruña vs Futbol Club Barcelona: Numbers: 0 and 11.
[2368772] Failed to scrape lineup: https://www.transfermarkt.co.uk/spielbericht/index/spielbericht/2368772
[3280872] Failed to build match row: AO FK Zenit Sankt-Peterburg vs Футбольный клуб "Локомотив" Москва
[2897440] Failed to build match row: Verona Hellas Football Club vs Genoa Cricket and Football Club
[2329825] Failed to build match row: KSC Lokeren (- 2020) vs Lierse SK (- 2018)
[2594804] Failed to build match row: Deportivo de La Coruña vs Futbol Club Barcelona
[2704480] Could not find attributes for aymen barkok (Eintracht Frankfurt Fußball AG, 2016)
[2588957] Could not find attributes for ouasim bouy (Prins Hendrik Ende Desespereert Nimmer Combinatie Zwolle, 2015)
[3120535] Could not find attributes for paul leask (Fraserburgh FC, 2018)
[2704480] Failed to build match row: FC Schalke 04 vs Eintracht Frankfurt Fußball AG
[2588957] Failed to build match row: Willem II Tilburg vs Prins Hendrik Ende Desespereert Nimmer Combinatie Zwolle
[3120535] Failed to build match row: Fraserburgh FC vs Auchinleck Talbot FC
[2720743] Could not find attributes for yonathan del valle (Bursaspor, 2016)
[2720743] Failed to build match row: Bursaspor vs İstanbul Başakşehir Futbol Kulübü
[3080918] Failed to scrape lineup: https://www.transfermarkt.co.uk/ssc-napoli_ac-milan/index/spielbericht/3080918

Keepers & outfield error for **Sporting Clube de Braga** in Sporting Clube de Braga vs Grupo Desportivo Estoril Praia: Numbers: 2 and 9.
[2464784] Failed to build match row: Sporting Clube de Braga vs Grupo Desportivo Estoril Praia
Not enough players found for lineup: 0, 0.
[3248600] Failed to scrape lineup: https://www.transfermarkt.co.uk/spielbericht/index/spielbericht/3248600
[2606512] Could not find attributes for ugur demirok (Ankaraspor, 2015)
[2514358] Could not find attributes for joaozinho (FK Krasnodar, 2014)
[2606512] Failed to build match row: Ankaraspor vs Mersin Talimyurdu SK
[2514358] Failed to build match row: RFK Akhmat Grozny vs FK Krasnodar
[2359307] Could not find attributes for giovanni marchese (Genoa Cricket and Football Club, 2013)

Keepers & outfield error for **Casa Pia Atlético Clube** in Casa Pia Atlético Clube vs Boavista FC: Numbers: 2 and 9.

Keepers & outfield error for **Sporting Clube de Braga** in Sporting Clube de Braga vs Futebol Clube de Arouca: Numbers: 0 and 11.
[2359307] Failed to build match row: Società Sportiva Lazio S.p.A. vs Genoa Cricket and Football Club
[3229015] Failed to build match row: Casa Pia Atlético Clube vs Boavista FC

Keepers & outfield error for **Varzim SC** in Varzim SC vs Gil Vicente Futebol Clube: Numbers: 0 and 11.
[2340371] Failed to build match row: Sporting Clube de Braga vs Futebol Clube de Arouca
[2885393] Failed to build match row: Varzim SC vs Gil Vicente Futebol Clube
[2904739] Failed to scrape lineup: https://www.transfermarkt.co.uk/spielbericht/index/spielbericht/2904739
[2345102] Could not find attributes for boban grncarov (Botev Plovdiv, 2013)
[3174966] Could not find attributes for yuriy nesterenko (Enisey Krasnoyarsk, 2018)
[3174966] Failed to build match row: Enisey Krasnoyarsk vs FC Orenburg

Keepers & outfield error for **Manchester United Football Club** in Norwich City vs Manchester United Football Club: Numbers: 0 and 11.
[2345102] Failed to build match row: Botev Plovdiv vs HSK Zrinjski Mostar
[3120706] Failed to scrape lineup: https://www.transfermarkt.co.uk/lokomotiv-moscow_arsenal-tula/index/spielbericht/3120706
[2732267] Could not find attributes for lovre kalinic (Koninklijke Atletiek Associatie Gent, 2016)
[3388674] Failed to build match row: Norwich City vs Manchester United Football Club
[2732267] Failed to build match row: SK Beveren vs Koninklijke Atletiek Associatie Gent
[2475417] Failed to scrape lineup: https://www.transfermarkt.co.uk/athletic-bilbao_rayo-vallecano/index/spielbericht/2475417
[2699116] Could not find attributes for edin pepic (SG Wattenscheid 09, 2016)
[2329826] Could not find attributes for elimane coulibaly (KV Kortrijk, 2013)
[2457733] Could not find attributes for johan sellberg wiland (Football Club København, 2013)
[2699116] Failed to build match row: SG Wattenscheid 09 vs 1. Fußballclub Heidenheim 1846
[2763820] Could not find attributes for georgiy shchennikov (PFK CSKA Moskva, 2016)
[2329826] Failed to build match row: KV Kortrijk vs KV Oostende
[2763820] Failed to build match row: FK Spartak Moskva vs PFK CSKA Moskva
[2457733] Failed to build match row: Aalborg BK vs Football Club København
[3248601] Failed to scrape lineup: https://www.transfermarkt.co.uk/spielbericht/index/spielbericht/3248601
[2726236] Could not find attributes for oleksiy shevchenko (FC Zorya Lugansk, 2016)
Not enough players found for lineup: 0, 0.
[2726236] Failed to build match row: FC Zorya Lugansk vs Vorskla Poltava
[2662198] Could not find attributes for collins fai (Royal Standard Club de Liège, 2015)
[3280873] Could not find attributes for matvey safonov (FK Krasnodar, 2019)
[3280873] Failed to build match row: FK Krasnodar vs FK Ufa
[2368965] Failed to scrape lineup: https://www.transfermarkt.co.uk/spielbericht/index/spielbericht/2368965
[2662198] Failed to build match row: Royal Sporting Club Anderlecht vs Royal Standard Club de Liège

Keepers & outfield error for **Hull City** in Hull City vs Newcastle United Football Club: Numbers: 0 and 11.
[2486692] Failed to build match row: Hull City vs Newcastle United Football Club

Keepers & outfield error for **Clube Desportivo de Tondela** in Clube Desportivo de Tondela vs Clube Desportivo Nacional: Numbers: 2 and 9.

Keepers & outfield error for **CF Os Belenenses** in CF Os Belenenses vs Vitória Sport Clube: Numbers: 2 and 9.
[3219167] Could not find attributes for federico fernandez (Newcastle United Football Club, 2019)
[3093843] Failed to build match row: Clube Desportivo de Tondela vs Clube Desportivo Nacional
[2345103] Failed to scrape lineup: https://www.transfermarkt.co.uk/spielbericht/index/spielbericht/2345103
[2606513] Could not find attributes for david pavelka (Kasımpaşa A.Ş., 2015)
[2464785] Failed to build match row: CF Os Belenenses vs Vitória Sport Clube
[3219167] Failed to build match row: Newcastle United Football Club vs Aston Villa Football Club
[2606513] Failed to build match row: Çaykur Rizespor Kulübü vs Kasımpaşa A.Ş.
[2588959] Failed to scrape lineup: https://www.transfermarkt.co.uk/de-graafschap-doetinchem_feyenoord-rotterdam/index/spielbericht/2588959
[2475418] Failed to scrape lineup: https://www.transfermarkt.co.uk/levante-ud_granada-cf/index/spielbericht/2475418
[2616667] Could not find attributes for aslan dashaev (Spartak Nalchik, 2015)
[2359308] Could not find attributes for leandro rinaudo (US Livorno 1915, 2013)
[2616667] Failed to build match row: Spartak Nalchik vs Volgar Astrakhan
[3120707] Could not find attributes for anton shunin (FK Dinamo Moskva, 2018)
[2359308] Failed to build match row: US Livorno 1915 vs Atalanta Bergamasca Calcio S.p.a.
[3280874] Failed to scrape lineup: https://www.transfermarkt.co.uk/fk-tambov_rubin-kazan/index/spielbericht/3280874
[3120707] Failed to build match row: FK Dinamo Moskva vs PFK CSKA Moskva
[2704481] Could not find attributes for fabian frei (1. Fußball- und Sportverein Mainz 05, 2016)
[2704481] Failed to build match row: 1. Fußball- und Sportverein Mainz 05 vs Borussia Dortmund
[2823315] Could not find attributes for benedikt fernandez (Sportfreunde Lotte, 2016)
[2823315] Failed to build match row: Sportfreunde Lotte vs Borussia Dortmund
[3229016] Could not find attributes for carlinhos (Vitória Setúbal FC, 2019)
[3174967] Could not find attributes for sergey ryzhikov (PFK Krylya Sovetov Samara, 2018)
[3093844] Failed to scrape lineup: https://www.transfermarkt.co.uk/spielbericht/index/spielbericht/3093844
[3229016] Failed to build match row: Vitória Setúbal FC vs Moreirense Futebol Clube
[2877277] Could not find attributes for shaquille pinas (ADO Den Haag, 2017)
[3174967] Failed to build match row: PFK Krylya Sovetov Samara vs Ural Yekaterinburg

Keepers & outfield error for **SPAL** in SPAL vs Parma Calcio 1913: Numbers: 2 and 9.
[2877277] Failed to build match row: ADO Den Haag vs VVV-Venlo
[2551356] Could not find attributes for alexander schwolow (Arminia Bielefeld, 2014)
Not enough players found for lineup: 0, 0.
 in KAS Eupen vs Royal Excel Mouscron (-2022): Numbers: 2 and 9.
[3080920] Failed to build match row: SPAL vs Parma Calcio 1913
[2551356] Failed to build match row: Arminia Bielefeld vs Verein für Leibesübungen Wolfsburg
[2987633] Failed to build match row: KAS Eupen vs Royal Excel Mouscron (-2022)
Not enough players found for lineup: 0, 0.
[3248602] Failed to scrape lineup: https://www.transfermarkt.co.uk/spielbericht/index/spielbericht/3248602
[2368966] Failed to scrape lineup: https://www.transfermarkt.co.uk/spielbericht/index/spielbericht/2368966

Keepers & outfield error for **AO FK Zenit Sankt-Peterburg** in AO FK Zenit Sankt-Peterburg vs Sport Lisboa e Benfica: Numbers: 2 and 9.
[2464786] Could not find attributes for iago santos (Académica Coimbra, 2014)
 e Benfica
[2464786] Failed to build match row: Académica Coimbra vs Vitória Setúbal FC
[2726237] Could not find attributes for zauri makharadze (Olimpik Donetsk, 2016)
[2345104] Could not find attributes for cristian gamboa (Rosenborg Ballklub, 2013)
[2726237] Failed to build match row: Olimpik Donetsk vs Futbolniy Klub Dynamo Kyiv
[2720745] Could not find attributes for badou ndiaye (Ankaraspor, 2016)
[2345104] Failed to build match row: St. Johnstone FC vs Rosenborg Ballklub
[2720745] Failed to build match row: Ankaraspor vs Gençlerbirliği Spor Kulübü
[2329827] Failed to scrape lineup: https://www.transfermarkt.co.uk/ksc-lokeren-2020-_kv-mechelen/index/spielbericht/2329827
[2904741] Could not find attributes for fabio coentrao (Sporting Clube de Portugal, 2017)
[2904741] Failed to build match row: Sporting Clube de Portugal vs SC Fotbal Club FCSB SA
[3093845] Could not find attributes for avto (GD Chaves, 2018)
[3093845] Failed to build match row: GD Chaves vs Varzim SC
[3174968] Could not find attributes for artur nigmatullin (Arsenal Tula, 2018)
[3174968] Failed to build match row: Arsenal Tula vs FK Spartak Moskva
[2475419] Could not find attributes for marcos angeleri (Málaga CF, 2014)
[2475419] Failed to build match row: Futbol Club Barcelona vs Málaga CF
Not enough players found for lineup: 0, 0.
[2340373] Failed to scrape lineup: https://www.transfermarkt.co.uk/cf-os-belenenses_vitoria-guimaraes-sc/index/spielbericht/2340373

Keepers & outfield error for **Associazione Calcio Milan** in Associazione Calcio Milan vs Associazione Calcio Fiorentina: Numbers: 0 and 11.
[2885394] Could not find attributes for mun ki hwang (Académica Coimbra, 2017)
[2359309] Failed to build match row: Associazione Calcio Milan vs Associazione Calcio Fiorentina
[2885394] Failed to build match row: Académica Coimbra vs Futebol Clube de Arouca
[3203623] Could not find attributes for yuya osako (Sportverein Werder Bremen von 1899, 2019)
[2704482] Failed to scrape lineup: https://www.transfermarkt.co.uk/vfl-wolfsburg_fc-augsburg/index/spielbericht/2704482
[3203623] Failed to build match row: RasenBallsport Leipzig vs Sportverein Werder Bremen von 1899
[3050330] Failed to scrape lineup: https://www.transfermarkt.co.uk/huddersfield-town_newcastle-united/index/spielbericht/3050330
[3063560] Failed to scrape lineup: https://www.transfermarkt.co.uk/vendsyssel-ff_odense-boldklub/index/spielbericht/3063560
[2823316] Failed to scrape lineup: https://www.transfermarkt.co.uk/spielbericht/index/spielbericht/2823316
[2635342] Could not find attributes for sean mccarthy (Wick Academy FC, 2015)
[2458308] Could not find attributes for david buchholz (FC 08 Homburg, 2014)
[2458308] Failed to build match row: FC 08 Homburg vs Mönchengladbach
[2635342] Failed to build match row: Wick Academy FC vs Nairn County FC
[2551366] Could not find attributes for aritm (FK Krasnodar, 2014)
[2897443] Failed to scrape lineup: https://www.transfermarkt.co.uk/as-roma_spal-2013/index/spielbericht/2897443
[2551366] Failed to build match row: FK Krasnodar vs Kuban Krasnodar (-2018)
[2732269] Could not find attributes for moussa wague (KAS Eupen, 2016)
[2732269] Failed to build match row: KSC Lokeren (- 2020) vs KAS Eupen
[2726238] Could not find attributes for yevgen past (Zirka Kropyvnytskyi, 2016)
[2726238] Failed to build match row: Zirka Kropyvnytskyi vs PFK Stal Kamyanske (-2018)
[2699118] Could not find attributes for erdal akdari (SV Babelsberg 03, 2016)
[2699118] Failed to build match row: SV Babelsberg 03 vs Sport-Club Freiburg
[3174987] Failed to scrape lineup: https://www.transfermarkt.co.uk/anzhi-makhachkala-2022-_fk-rostov/index/spielbericht/3174987
[2581316] Could not find attributes for robert kakeeto (Aalborg BK, 2015)
[2581316] Failed to build match row: Aalborg BK vs Odense Boldklub
[3074382] Could not find attributes for artem fedorov (Sokol Saratov, 2018)
[2885395] Failed to scrape lineup: https://www.transfermarkt.co.uk/spielbericht/index/spielbericht/2885395
[2635343] Failed to scrape lineup: https://www.transfermarkt.co.uk/spielbericht/index/spielbericht/2635343
[3074382] Failed to build match row: Sokol Saratov vs Syzran-2003

Keepers & outfield error for **Sport Lisboa e Benfica** in Sport Lisboa e Benfica vs Sporting Clube de Portugal: Numbers: 2 and 9.
[2475420] Could not find attributes for marcos angeleri (Málaga CF, 2014)
[2987635] Failed to scrape lineup: https://www.transfermarkt.co.uk/kv-mechelen_kvrs-waasland-sk-beveren/index/spielbericht/2987635
Not enough players found for lineup: 0, 0.
[2475420] Failed to build match row: Málaga CF vs Getafe Club de Fútbol S. A. D. Team Dubai
[2464787] Failed to build match row: Sport Lisboa e Benfica vs Sporting Clube de Portugal
[3280875] Could not find attributes for vadim karpov (PFK CSKA Moskva, 2019)
[3248603] Failed to scrape lineup: https://www.transfermarkt.co.uk/spielbericht/index/spielbericht/3248603
[2481043] Could not find attributes for darren barr (Ross County FC, 2014)
[2481043] Failed to build match row: Ross County FC vs Motherwell Football Club
[3120708] Could not find attributes for evgeniy chernov (AO FK Zenit Sankt-Peterburg, 2018)
[3120708] Failed to build match row: AO FK Zenit Sankt-Peterburg vs RFK Akhmat Grozny
[2486694] Failed to build match row: Manchester United Football Club vs Leicester City
[3280875] Failed to build match row: PFK CSKA Moskva vs Ural Yekaterinburg
[2823317] Could not find attributes for albin ekdal (Hamburger Sport Verein, 2016)
[2823317] Failed to build match row: Hamburger Sport Verein vs Mönchengladbach
[3093846] Could not find attributes for fabio sturgeon (CD Feirense, 2018)
[2588961] Could not find attributes for hedwiges maduro (Football Club Groningen, 2015)
[3093846] Failed to build match row: CD Feirense vs Sporting Clube de Portugal
[2588961] Failed to build match row: Vitesse Arnhem vs Football Club Groningen
[2877278] Could not find attributes for dave bulthuis (Sportclub Heerenveen, 2017)
[2340374] Could not find attributes for gege (CS Marítimo, 2013)
[2616668] Could not find attributes for artem fedorov (Sokol Saratov, 2015)
[3388677] Could not find attributes for federico fernandez (Newcastle United Football Club, 2019)
[2877278] Failed to build match row: Vitesse Arnhem vs Sportclub Heerenveen
[3388677] Failed to build match row: Newcastle United Football Club vs Manchester City Football Club
[2340374] Failed to build match row: CS Marítimo vs Rio Ave Futebol Clube
[2616668] Failed to build match row: Sokol Saratov vs FC Orenburg
[2904757] Could not find attributes for kostadin zahov (Shkendija Tetovo, 2017)
[3210432] Could not find attributes for alexander juel andersen (Odense Boldklub, 2019)

Keepers & outfield error for **Catania FC** in Società Sportiva Calcio Napoli vs Catania FC: Numbers: 2 and 9.
[2904757] Failed to build match row: Associazione Calcio Milan vs Shkendija Tetovo
[3210432] Failed to build match row: Odense Boldklub vs Silkeborg Idrætsforening
[2726239] Could not find attributes for yevgen borovyk (Chornomorets Odesa, 2016)
[2359310] Failed to build match row: Società Sportiva Calcio Napoli vs Catania FC
[2726239] Failed to build match row: Chornomorets Odesa vs Dnipro Dnipropetrovsk (-2020)
[2704483] Could not find attributes for douglas santos (Hamburger Sport Verein, 2016)
[2885396] Failed to scrape lineup: https://www.transfermarkt.co.uk/dynamo-kyiv_zirka-kropyvnytskyi/index/spielbericht/2885396
[2704483] Failed to build match row: FC Ingolstadt 04 vs Hamburger Sport Verein
[2606515] Could not find attributes for sabri sarioglu (Galatasaray Spor Kulübü, 2015)
[2635615] Failed to scrape lineup: https://www.transfermarkt.co.uk/spielbericht/index/spielbericht/2635615
[2732270] Could not find attributes for yoan severin (Sportvereniging Zulte Waregem, 2016)
[2606515] Failed to build match row: Gaziantepspor (- 2020) vs Galatasaray Spor Kulübü
[2732270] Failed to build match row: Sportvereniging Zulte Waregem vs Koninklijke Voetbal Club Westerlo
[2464788] Could not find attributes for avto (Gil Vicente Futebol Clube, 2014)
[2464788] Failed to build match row: Gil Vicente Futebol Clube vs CS Marítimo
[3174988] Could not find attributes for anton shunin (FK Dinamo Moskva, 2018)
[3174988] Failed to build match row: FK Dinamo Moskva vs RFK Akhmat Grozny
[2987636] Could not find attributes for jakov filipovic (KSC Lokeren (- 2020), 2017)
[2987636] Failed to build match row: KSC Lokeren (- 2020) vs Sportvereniging Zulte Waregem
[2369459] Could not find attributes for jamie gibson (Gala Fairydean Rovers FC, 2013)
[2369459] Failed to build match row: Gala Fairydean Rovers FC vs Clyde FC
[2345105] Could not find attributes for michal sulla (FK Senica (- 2022), 2013)
[2345105] Failed to build match row: FK Senica (- 2022) vs OFK Titograd

Keepers & outfield error for **Sporting Gijón** in Sporting Gijón vs Sevilla Fútbol Club S.A.D.: Numbers: 2 and 9.

Keepers & outfield error for **Espanol** in Espanol vs Córdoba CF: Numbers: 2 and 9.
[2514380] Could not find attributes for sullay kaikai (Cambridge United, 2014)
[2475421] Failed to build match row: Espanol vs Córdoba CF
[2514380] Failed to build match row: Cambridge United vs Mansfield Town
[2458309] Could not find attributes for philipp pentke (Chemnitzer FC, 2014)
[2606516] Failed to scrape lineup: https://www.transfermarkt.co.uk/genclerbirligi-ankara_akhisar-belediyespor/index/spielbericht/2606516
[2458309] Failed to build match row: Chemnitzer FC vs 1. Fußball- und Sportverein Mainz 05

Keepers & outfield error for **Olympiakos Syndesmos Filathlon Peiraios** in Olympiakos Syndesmos Filathlon Peiraios vs Malmö Fotbollförening: Numbers: 0 and 11.
[2495359] Failed to build match row: Olympiakos Syndesmos Filathlon Peiraios vs Malmö Fotbollförening
[2871914] Failed to scrape lineup: https://www.transfermarkt.co.uk/hamburger-sv_eintracht-frankfurt/index/spielbericht/2871914
Not enough players found for lineup: 0, 0.
[3248604] Failed to scrape lineup: https://www.transfermarkt.co.uk/spielbericht/index/spielbericht/3248604
[3280876] Could not find attributes for ivan ordets (FK Dinamo Moskva, 2019)
[2662472] Could not find attributes for conrad balatoni (Kilmarnock Football Club, 2015)
[3280876] Failed to build match row: FK Dinamo Moskva vs FK Spartak Moskva
[2662472] Failed to build match row: Kilmarnock Football Club vs Rangers Football Club
[2606517] Failed to scrape lineup: https://www.transfermarkt.co.uk/fenerbahce_besiktas-jk/index/spielbericht/2606517
[3174989] Failed to build match row: FK Ufa vs Ural Yekaterinburg
[2329830] Could not find attributes for elimane coulibaly (KV Kortrijk, 2013)
[2885397] Could not find attributes for german penkov (PFK Stal Kamyanske (-2018), 2017)
[2329830] Failed to build match row: KV Kortrijk vs Sportvereniging Zulte Waregem
[2885397] Failed to build match row: PFK Stal Kamyanske (-2018) vs Vorskla Poltava
[3389486] Could not find attributes for dmytro chygrynskyi (Athlitiki Enosi Konstantinoupoleos, 2019)
[3389486] Failed to build match row: Athlitiki Enosi Konstantinoupoleos vs Olympiakos Syndesmos Filathlon Peiraios
Not enough players found for lineup: 0, 0.
[2340375] Failed to scrape lineup: https://www.transfermarkt.co.uk/academica-coimbra_cd-nacional/index/spielbericht/2340375
Not enough players found for lineup: 11, 0.
[2726240] Could not find attributes for vladyslav levanidov (FC Oleksandriya, 2016)
[2929836] Could not find attributes for sory kaba (Elche Club de Fútbol S.A.D., 2017)
[3094371] Failed to scrape lineup: https://www.transfermarkt.co.uk/spielbericht/index/spielbericht/3094371
Not enough players found for lineup: 11, 0.
[2929836] Failed to build match row: Club Atlético de Madrid S.A.D. vs Elche Club de Fútbol S.A.D.

Keepers & outfield error for **Mönchengladbach** in Mönchengladbach vs Eintracht Braunschweig: Numbers: 2 and 9.
[2726240] Failed to build match row: FC Oleksandriya vs Karpaty Lviv (-2021)

Keepers & outfield error for **Alaves** in Futbol Club Barcelona vs Alaves: Numbers: 2 and 9.
[2321082] Failed to build match row: Mönchengladbach vs Eintracht Braunschweig
[2486696] Failed to build match row: Stoke City vs Queens Park Rangers
[3074383] Could not find attributes for rassul karasev (Lada Dimitrovgrad, 2018)
[2369460] Failed to scrape lineup: https://www.transfermarkt.co.uk/spielbericht/index/spielbericht/2369460
[2823374] Failed to build match row: Futbol Club Barcelona vs Alaves
[2699120] Failed to scrape lineup: https://www.transfermarkt.co.uk/spielbericht/index/spielbericht/2699120
[3074383] Failed to build match row: Lada Dimitrovgrad vs Lada Togliatti
[3219172] Could not find attributes for danny ings (Southampton FC, 2019)
[3219172] Failed to build match row: Watford FC vs Southampton FC
[2475422] Could not find attributes for ion ansotegi (Real Sociedad de Fútbol S.A.D., 2014)
[2475422] Failed to build match row: Valencia Club de Fútbol S. A. D. vs Real Sociedad de Fútbol S.A.D.
[3174990] Could not find attributes for yuriy nesterenko (Enisey Krasnoyarsk, 2018)

Keepers & outfield error for **Clube Desportivo Nacional** in Clube Desportivo Nacional vs Futebol Clube de Arouca: Numbers: 0 and 11.
[3174990] Failed to build match row: Футбольный клуб "Локомотив" Москва vs Enisey Krasnoyarsk
[2464789] Failed to build match row: Clube Desportivo Nacional vs Futebol Clube de Arouca
[3203625] Could not find attributes for oscar wendt (Mönchengladbach, 2019)
[2340376] Failed to scrape lineup: https://www.transfermarkt.co.uk/vitoria-setubal-fc_fc-pacos-de-ferreira/index/spielbericht/2340376
[3203625] Failed to build match row: Fortuna Düsseldorf vs Mönchengladbach
[2904758] Could not find attributes for filip gacevski (Vardar Skopje, 2017)
[2369461] Failed to scrape lineup: https://www.transfermarkt.co.uk/spielbericht/index/spielbericht/2369461
[3280877] Could not find attributes for evgeniy gorodov (RFK Akhmat Grozny, 2019)
[2904758] Failed to build match row: Vardar Skopje vs Fenerbahçe Spor Kulübü
[2662612] Could not find attributes for darren barr (Dumbarton FC, 2015)
[3280877] Failed to build match row: RFK Akhmat Grozny vs FK Rostov
[2581317] Could not find attributes for emre mor (Fodbold Club Nordsjælland, 2015)
[2662612] Failed to build match row: Dundee Football Club vs Dumbarton FC

Keepers & outfield error for **UC Sampdoria** in UC Sampdoria vs Unione Sportiva Sassuolo Calcio: Numbers: 0 and 11.
[2588964] Could not find attributes for hedwiges maduro (Football Club Groningen, 2015)
[2581317] Failed to build match row: Fodbold Club Nordsjælland vs Fodbold Club Midtjylland
[2763822] Could not find attributes for mikhail levashov (Arsenal Tula, 2016)
[2877279] Could not find attributes for theo zwarthoed (Excelsior Rotterdam, 2017)
[2359312] Failed to build match row: UC Sampdoria vs Unione Sportiva Sassuolo Calcio
[2871915] Could not find attributes for andriy yarmolenko (Borussia Dortmund, 2017)
[2588964] Failed to build match row: Football Club Groningen vs Willem II Tilburg
[2763822] Failed to build match row: Arsenal Tula vs FK Ufa
[2877279] Failed to build match row: Sparta Rotterdam vs Excelsior Rotterdam
[2606518] Could not find attributes for axel meye (Eskisehirspor, 2015)
[3210434] Could not find attributes for imed louati (Hobro IK, 2019)
[2871915] Failed to build match row: 1. Fußball- und Sportverein Mainz 05 vs Borussia Dortmund
[3063561] Could not find attributes for zeca (Football Club København, 2018)
[2606518] Failed to build match row: Eskisehirspor vs Bursaspor
[2726241] Could not find attributes for oleksiy bashtanenko (Dnipro Dnipropetrovsk (-2020), 2016)
[3210434] Failed to build match row: Aarhus Gymnastik Forening vs Hobro IK
[3063561] Failed to build match row: Football Club København vs AC Horsens
[2726241] Failed to build match row: Dnipro Dnipropetrovsk (-2020) vs FC Oleksandriya
[3120709] Could not find attributes for andrey sinitsyn (FK Krasnodar, 2018)
[2458310] Could not find attributes for hassan oumari (FSV Optik Rathenow, 2014)
[3074482] Could not find attributes for yevgen cheberko (FC Zorya Lugansk, 2018)
[2458310] Failed to build match row: FSV Optik Rathenow vs Fußball-Club St. Pauli von 1910
[3074482] Failed to build match row: FC Zorya Lugansk vs FK Mariupol
[2345106] Could not find attributes for christos mastrou (Anorthosis Famagusta, 2013)
Not enough players found for lineup: 0, 0.
[2345106] Failed to build match row: Gefle IF vs Anorthosis Famagusta
[3248605] Failed to scrape lineup: https://www.transfermarkt.co.uk/spielbericht/index/spielbericht/3248605
[2486697] Could not find attributes for anthony reveillere (Sunderland Association Football Club, 2014)
[3174991] Could not find attributes for branislav ivanovic (AO FK Zenit Sankt-Peterburg, 2018)
[2885398] Could not find attributes for rustam khudzhamov (FK Mariupol, 2017)
[2486697] Failed to build match row: Sunderland Association Football Club vs Burnley Football Club
[3174991] Failed to build match row: AO FK Zenit Sankt-Peterburg vs PFK Krylya Sovetov Samara
[2885398] Failed to build match row: FK Mariupol vs Karpaty Lviv (-2021)
Not enough players found for lineup: 0, 11.
[3094372] Failed to scrape lineup: https://www.transfermarkt.co.uk/spielbericht/index/spielbericht/3094372
[2704484] Could not find attributes for felix wiedwald (Sportverein Werder Bremen von 1899, 2016)
[2704484] Failed to build match row: Sportverein Werder Bremen von 1899 vs FC Bayern München
[2732271] Could not find attributes for vladimir kovacevic (KV Kortrijk, 2016)

Keepers & outfield error for **Sport Lisboa e Benfica** in Clube Desportivo de Tondela vs Sport Lisboa e Benfica: Numbers: 0 and 11.
[2732271] Failed to build match row: KV Kortrijk vs SK Beveren
[2720751] Failed to build match row: Clube Desportivo de Tondela vs Sport Lisboa e Benfica
[3280878] Could not find attributes for soslan dzhanaev (FK Sochi, 2019)
[3280878] Failed to build match row: FK Sochi vs Arsenal Tula
[2340377] Could not find attributes for cristian ceballos (Futebol Clube de Arouca, 2013)
[2340377] Failed to build match row: Futebol Clube do Porto vs Futebol Clube de Arouca
[2606519] Could not find attributes for serkan kirintili (Konyaspor, 2015)

Keepers & outfield error for **RasenBallsport Leipzig** in Verein für Leibesübungen Wolfsburg vs RasenBallsport Leipzig: Numbers: 0 and 11.
[2606519] Failed to build match row: Mersin Talimyurdu SK vs Konyaspor
[2871916] Failed to build match row: Verein für Leibesübungen Wolfsburg vs RasenBallsport Leipzig

Keepers & outfield error for **CD Leganés** in CD Leganés vs Real Valladolid CF: Numbers: 2 and 9.

Keepers & outfield error for **Real Madrid Club de Fútbol** in Real Madrid Club de Fútbol vs Ludogorets Razgrad: Numbers: 2 and 9.
[2763823] Could not find attributes for evgeniy chernov (AO FK Zenit Sankt-Peterburg, 2016)
[2726242] Could not find attributes for yuriy pankiv (PFK Stal Kamyanske (-2018), 2016)
[2495361] Failed to build match row: Real Madrid Club de Fútbol vs Ludogorets Razgrad
[2929838] Failed to build match row: CD Leganés vs Real Valladolid CF
[2514714] Could not find attributes for neil parry (Albion Rovers FC, 2014)
[2763823] Failed to build match row: AO FK Zenit Sankt-Peterburg vs Tom Tomsk
Not enough players found for lineup: 0, 0.
[2726242] Failed to build match row: PFK Stal Kamyanske (-2018) vs Chornomorets Odesa
[2514714] Failed to build match row: Albion Rovers FC vs Berwick Rangers FC
[3248607] Failed to scrape lineup: https://www.transfermarkt.co.uk/spielbericht/index/spielbericht/3248607
[2616669] Could not find attributes for yuriy klepikov (Shakhter Peshelan, 2015)
[2369462] Could not find attributes for blair lochhead (Queen's Park FC, 2013)
[2616669] Failed to build match row: Shakhter Peshelan vs Shinnik Yaroslavl
[2369462] Failed to build match row: Queen's Park FC vs Preston Athletic FC

Keepers & outfield error for **Clube Desportivo de Tondela** in FC Penafiel vs Clube Desportivo de Tondela: Numbers: 0 and 11.
[2329833] Could not find attributes for hamari traore (Lierse SK (- 2018), 2013)
[3219174] Could not find attributes for federico fernandez (Newcastle United Football Club, 2019)
[2885399] Could not find attributes for yuriy pankiv (FC Oleksandriya, 2017)
[2329833] Failed to build match row: Oud-Heverlee Leuven vs Lierse SK (- 2018)
[3229017] Failed to build match row: FC Penafiel vs Clube Desportivo de Tondela
[3219174] Failed to build match row: Association Football Club Bournemouth vs Newcastle United Football Club
[2885399] Failed to build match row: FC Oleksandriya vs FC Shakhtar Donetsk

Keepers & outfield error for **AO FK Zenit Sankt-Peterburg** in AO FK Zenit Sankt-Peterburg vs FC Tosno (-2018): Numbers: 2 and 9.
[3080921] Failed to scrape lineup: https://www.transfermarkt.co.uk/udinese-calcio_uc-sampdoria/index/spielbericht/3080921

Keepers & outfield error for **AO FK Zenit Sankt-Peterburg** in AO FK Zenit Sankt-Peterburg vs FC Rubin Kazan: Numbers: 2 and 9.
[2359313] Failed to scrape lineup: https://www.transfermarkt.co.uk/torino-fc_as-roma/index/spielbericht/2359313
[2635616] Failed to build match row: AO FK Zenit Sankt-Peterburg vs FC Tosno (-2018)
[2551367] Failed to build match row: AO FK Zenit Sankt-Peterburg vs FC Rubin Kazan
[3203627] Could not find attributes for stephan lichtsteiner (Fußball-Club Augsburg 1907, 2019)
[3203627] Failed to build match row: Fußball-Club Augsburg 1907 vs Sport-Club Freiburg
[2475424] Failed to scrape lineup: https://www.transfermarkt.co.uk/ud-almeria_deportivo-de-la-coruna/index/spielbericht/2475424
[2345107] Failed to scrape lineup: https://www.transfermarkt.co.uk/spielbericht/index/spielbericht/2345107
[2877280] Could not find attributes for mohammed el hankouri (Willem II Tilburg, 2017)
[3074483] Could not find attributes for maksym kuchynskyi (Karpaty Lviv (-2021), 2018)
[3174992] Failed to scrape lineup: https://www.transfermarkt.co.uk/fk-krasnodar_cska-moscow/index/spielbericht/3174992
[2877280] Failed to build match row: Willem II Tilburg vs Football Club Groningen
[2458311] Could not find attributes for jerome reisacher (SV Eintracht Trier 05, 2014)
[3074483] Failed to build match row: Karpaty Lviv (-2021) vs FC Oleksandriya
Not enough players found for lineup: 0, 0.
[2458311] Failed to build match row: SV Eintracht Trier 05 vs Sport-Club Freiburg
[3248608] Failed to scrape lineup: https://www.transfermarkt.co.uk/spielbericht/index/spielbericht/3248608
[2699121] Could not find attributes for marcel berner (BFC Preussen, 2016)
[2699121] Failed to build match row: BFC Preussen vs 1. Fußball-Club Köln
[3280879] Could not find attributes for evgeniy frolov (PFK Krylya Sovetov Samara, 2019)
[3280879] Failed to build match row: PFK Krylya Sovetov Samara vs FC Orenburg

Keepers & outfield error for **Celta** in Celta vs SD Eibar: Numbers: 0 and 11.
[2929839] Failed to build match row: Celta vs SD Eibar
[2514856] Could not find attributes for yevgen galchuk (FK Mariupol, 2014)
[2514856] Failed to build match row: FK Mariupol vs Volyn Lutsk

Keepers & outfield error for **Wolverhampton Wanderers Football Club** in Wolverhampton Wanderers Football Club vs Association Football Club Bournemouth: Numbers: 0 and 11.
[3219175] Failed to build match row: Wolverhampton Wanderers Football Club vs Association Football Club Bournemouth
[3120710] Could not find attributes for mikhail ignatov (FK Spartak Moskva, 2018)
[3120710] Failed to build match row: FK Spartak Moskva vs Ural Yekaterinburg

Keepers & outfield error for **Everton Football Club** in Manchester City Football Club vs Everton Football Club: Numbers: 2 and 9.
[3050332] Failed to build match row: Manchester City Football Club vs Everton Football Club
[3094373] Failed to scrape lineup: https://www.transfermarkt.co.uk/spielbericht/index/spielbericht/3094373
[3080922] Failed to build match row: Atalanta Bergamasca Calcio S.p.a. vs Cagliari Calcio
[2726243] Could not find attributes for yevgen khacheridi (Futbolniy Klub Dynamo Kyiv, 2016)
[2726243] Failed to build match row: Futbolniy Klub Dynamo Kyiv vs Zirka Kropyvnytskyi
[2594808] Failed to scrape lineup: https://www.transfermarkt.co.uk/granada-cf_levante-ud/index/spielbericht/2594808
[2334894] Failed to scrape lineup: https://www.transfermarkt.co.uk/dundee-united-fc_celtic-fc/index/spielbericht/2334894
[2704485] Failed to scrape lineup: https://www.transfermarkt.co.uk/sv-darmstadt-98_1-fc-koln/index/spielbericht/2704485

Keepers & outfield error for **Celta** in Celta vs Elche Club de Fútbol S.A.D.: Numbers: 0 and 11.
[2475425] Failed to build match row: Celta vs Elche Club de Fútbol S.A.D.
[2340378] Could not find attributes for saleh gomaa (Clube Desportivo Nacional, 2013)
[2340378] Failed to build match row: Clube Desportivo Nacional vs CS Marítimo
[3389765] Could not find attributes for dmytro riznyk (Vorskla Poltava, 2019)
[3389765] Failed to build match row: Futbolniy Klub Dynamo Kyiv vs Vorskla Poltava
[2885400] Could not find attributes for zauri makharadze (Olimpik Donetsk, 2017)
[2885400] Failed to build match row: Olimpik Donetsk vs Chornomorets Odesa
[2606520] Could not find attributes for serge akakpo (Trabzonspor Kulübü, 2015)
[2481046] Failed to scrape lineup: https://www.transfermarkt.co.uk/aberdeen-fc_ross-county-fc/index/spielbericht/2481046
[2763824] Could not find attributes for tornike okriashvili (FK Krasnodar, 2016)
[2606520] Failed to build match row: Trabzonspor Kulübü vs Ankaraspor
[2763824] Failed to build match row: Anzhi Makhachkala ( -2022) vs FK Krasnodar
[2720752] Failed to scrape lineup: https://www.transfermarkt.co.uk/vitoria-setubal-fc_cf-os-belenenses/index/spielbericht/2720752
[2581318] Could not find attributes for wilfried domoraud (Hobro IK, 2015)
[3120711] Could not find attributes for aleksandr dovbnya (FC Orenburg, 2018)
[3210435] Could not find attributes for kamaldeen sulemana (Fodbold Club Nordsjælland, 2019)
Not enough players found for lineup: 11, 0.
[2581318] Failed to build match row: Hobro IK vs Viborg Fodsports Forening
[3120711] Failed to build match row: FC Orenburg vs FC Rubin Kazan
[3210435] Failed to build match row: Esbjerg fB vs Fodbold Club Nordsjælland
[2871935] Failed to scrape lineup: https://www.transfermarkt.co.uk/borussia-dortmund_sv-werder-bremen/index/spielbericht/2871935
[2726244] Failed to scrape lineup: https://www.transfermarkt.co.uk/vorskla-poltava_olimpik-donetsk/index/spielbericht/2726244

Keepers & outfield error for **Getafe Club de Fútbol S. A. D. Team Dubai** in Alaves vs Getafe Club de Fútbol S. A. D. Team Dubai: Numbers: 2 and 9.
[2929840] Failed to build match row: Alaves vs Getafe Club de Fútbol S. A. D. Team Dubai

Keepers & outfield error for **Rio Ave Futebol Clube** in Rio Ave Futebol Clube vs Boavista FC: Numbers: 0 and 11.
[3074484] Could not find attributes for sergiy sitalo (Arsenal Kyiv, 2018)
[3074484] Failed to build match row: Arsenal Kyiv vs PFK Lviv
[2495362] Failed to scrape lineup: https://www.transfermarkt.co.uk/spielbericht/index/spielbericht/2495362
[2464790] Failed to build match row: Rio Ave Futebol Clube vs Boavista FC
[2897450] Failed to scrape lineup: https://www.transfermarkt.co.uk/ss-lazio_torino-fc/index/spielbericht/2897450
[2334895] Failed to scrape lineup: https://www.transfermarkt.co.uk/st-johnstone-fc_kilmarnock-fc/index/spielbericht/2334895
[2369463] Failed to scrape lineup: https://www.transfermarkt.co.uk/spielbericht/index/spielbericht/2369463
[2616670] Failed to scrape lineup: https://www.transfermarkt.co.uk/spielbericht/index/spielbericht/2616670
[2699122] Could not find attributes for dominic krogemann (Bremer SV, 2016)
[2824797] Could not find attributes for nat wedderburn (Dunfermline Athletic FC, 2016)

Keepers & outfield error for **Sporting Clube de Portugal** in Sporting Clube de Portugal vs SC Olhanense: Numbers: 2 and 9.
[2699122] Failed to build match row: Bremer SV vs SV Darmstadt 98
[2329835] Could not find attributes for elimane coulibaly (KV Kortrijk, 2013)
[2824797] Failed to build match row: Hamilton Academical FC vs Dunfermline Athletic FC
[3229018] Failed to scrape lineup: https://www.transfermarkt.co.uk/spielbericht/index/spielbericht/3229018
[2321085] Failed to scrape lineup: https://www.transfermarkt.co.uk/vfl-wolfsburg_tsg-1899-hoffenheim/index/spielbericht/2321085
[2340379] Failed to build match row: Sporting Clube de Portugal vs SC Olhanense
[2732273] Failed to scrape lineup: https://www.transfermarkt.co.uk/kvc-westerlo_kv-oostende-2024-/index/spielbericht/2732273
[2329835] Failed to build match row: Oud-Heverlee Leuven vs KV Kortrijk
[3210436] Failed to scrape lineup: https://www.transfermarkt.co.uk/fc-copenhagen_ac-horsens/index/spielbericht/3210436
[3248610] Failed to scrape lineup: https://www.transfermarkt.co.uk/spielbericht/index/spielbericht/3248610
[2359315] Could not find attributes for lionel scaloni (Atalanta Bergamasca Calcio S.p.a., 2013)
[2929841] Failed to scrape lineup: https://www.transfermarkt.co.uk/spielbericht/index/spielbericht/2929841
[2720753] Failed to scrape lineup: https://www.transfermarkt.co.uk/estoril-praia_cd-feirense/index/spielbericht/2720753
[2359315] Failed to build match row: Atalanta Bergamasca Calcio S.p.a. vs Bologna Football Club 1909
bericht/2486701
[2871936] Failed to scrape lineup: https://www.transfermarkt.co.uk/rb-leipzig_1-fsv-mainz-05/index/spielbericht/2871936
[2635617] Could not find attributes for gheorghe grozav (RFK Akhmat Grozny, 2015)
[3120712] Failed to scrape lineup: https://www.transfermarkt.co.uk/fk-ufa_krylya-sovetov-samara/index/spielbericht/3120712
[2635617] Failed to build match row: RFK Akhmat Grozny vs FC Khimki (-2025)
[2581319] Could not find attributes for kees luijckx (Sønderjyske Fodbold, 2015)
[2514858] Could not find attributes for emmanuel frimpong (FK Ufa, 2014)
[3094374] Failed to scrape lineup: https://www.transfermarkt.co.uk/spielbericht/index/spielbericht/3094374
[2581319] Failed to build match row: Sønderjyske Fodbold vs Brøndby Idrætsforening
[2514858] Failed to build match row: Arsenal Tula vs FK Ufa
[2551368] Could not find attributes for oleksandr zinchenko (FK Ufa, 2014)
[2551368] Failed to build match row: FK Ufa vs Arsenal Tula
[2594809] Failed to scrape lineup: https://www.transfermarkt.co.uk/athletic-bilbao_atletico-de-madrid/index/spielbericht/2594809
[2464791] Failed to scrape lineup: https://www.transfermarkt.co.uk/fc-penafiel_fc-pacos-de-ferreira/index/spielbericht/2464791
[3074485] Could not find attributes for sergiy litovchenko (Chornomorets Odesa, 2018)
[3074485] Failed to build match row: Chornomorets Odesa vs Olimpik Donetsk
[2877282] Failed to scrape lineup: https://www.transfermarkt.co.uk/heracles-almelo_psv-eindhoven/index/spielbericht/2877282
[3080924] Failed to scrape lineup: https://www.transfermarkt.co.uk/chievo-verona_fc-empoli/index/spielbericht/3080924
[2334897] Failed to scrape lineup: https://www.transfermarkt.co.uk/st-mirren-fc_hibernian-fc/index/spielbericht/2334897
[2885401] Could not find attributes for oleksandr bandura (NK Veres Rivne, 2017)
[2885401] Failed to build match row: NK Veres Rivne vs FC Zorya Lugansk
[2369464] Failed to scrape lineup: https://www.transfermarkt.co.uk/spielbericht/index/spielbericht/2369464
[2588969] Failed to scrape lineup: https://www.transfermarkt.co.uk/sc-heerenveen_feyenoord-rotterdam/index/spielbericht/2588969

Keepers & outfield error for **SD Eibar** in SD Eibar vs Athletic Club Bilbao: Numbers: 0 and 11.
[2475427] Failed to build match row: SD Eibar vs Athletic Club Bilbao
[2458312] Could not find attributes for milos mandic (BSV Schwarz-Weiß Rehden, 2014)
[2458312] Failed to build match row: BSV Schwarz-Weiß Rehden vs VfR Aalen
[2824798] Failed to scrape lineup: https://www.transfermarkt.co.uk/spielbericht/index/spielbericht/2824798
[2329836] Failed to scrape lineup: https://www.transfermarkt.co.uk/kv-mechelen_kaa-gent/index/spielbericht/2329836
[3063565] Failed to scrape lineup: https://www.transfermarkt.co.uk/ac-horsens_randers-fc/index/spielbericht/3063565
[3219178] Failed to scrape lineup: https://www.transfermarkt.co.uk/everton-fc_leicester-city/index/spielbericht/3219178
[3120713] Failed to scrape lineup: https://www.transfermarkt.co.uk/anzhi-makhachkala-2022-_enisey-krasnoyarsk/index/spielbericht/3120713
[3248612] Failed to scrape lineup: https://www.transfermarkt.co.uk/spielbericht/index/spielbericht/3248612
[2464792] Failed to scrape lineup: https://www.transfermarkt.co.uk/estoril-praia_cd-nacional/index/spielbericht/2464792
[2334898] Failed to scrape lineup: https://www.transfermarkt.co.uk/ross-county-fc_kilmarnock-fc/index/spielbericht/2334898
[2340380] Failed to scrape lineup: https://www.transfermarkt.co.uk/rio-ave-fc_sporting-cp/index/spielbericht/2340380
[2369465] Failed to scrape lineup: https://www.transfermarkt.co.uk/spielbericht/index/spielbericht/2369465
[2704497] Failed to scrape lineup: https://www.transfermarkt.co.uk/bayern-munich_fc-schalke-04/index/spielbericht/2704497
[3074486] Failed to scrape lineup: https://www.transfermarkt.co.uk/desna-chernigiv_shakhtar-donetsk/index/spielbericht/3074486
[2581320] Failed to scrape lineup: https://www.transfermarkt.co.uk/esbjerg-fb_randers-fc/index/spielbericht/2581320
[2885402] Failed to scrape lineup: https://www.transfermarkt.co.uk/zirka-kropyvnytskyi_zorya-lugansk/index/spielbericht/2885402
[2321086] Failed to scrape lineup: https://www.transfermarkt.co.uk/1-fc-nuremberg_borussia-dortmund/index/spielbericht/2321086

Keepers & outfield error for **Rayo Vallecano de Madrid S. A. D.** in Málaga CF vs Rayo Vallecano de Madrid S. A. D.: Numbers: 0 and 11.
[2871937] Could not find attributes for matthias lehmann (1. Fußball-Club Köln, 2017)
[2877290] Failed to scrape lineup: https://www.transfermarkt.co.uk/sc-heerenveen_sparta-rotterdam/index/spielbericht/2877290
[2871937] Failed to build match row: 1. Fußball-Club Köln vs Sport-Club Freiburg
[2475428] Failed to scrape lineup: https://www.transfermarkt.co.uk/rayo-vallecano_levante-ud/index/spielbericht/2475428
[2594810] Failed to build match row: Málaga CF vs Rayo Vallecano de Madrid S. A. D.
[2763825] Could not find attributes for blagoy georgiev (FC Orenburg, 2016)
[2458313] Failed to scrape lineup: https://www.transfermarkt.co.uk/spielbericht/index/spielbericht/2458313

Keepers & outfield error for **Sport Lisboa e Benfica** in Sport Lisboa e Benfica vs Bayer 04 Leverkusen Fußball: Numbers: 2 and 9.
[2763825] Failed to build match row: FC Orenburg vs PFK Krylya Sovetov Samara
[2495363] Failed to build match row: Sport Lisboa e Benfica vs Bayer 04 Leverkusen Fußball
[3219179] Failed to scrape lineup: https://www.transfermarkt.co.uk/aston-villa_wolverhampton-wanderers/index/spielbericht/3219179
[3210437] Could not find attributes for rasmus vinderslev (Sønderjyske Fodbold, 2019)
[3210437] Failed to build match row: Sønderjyske Fodbold vs Odense Boldklub
[3229019] Could not find attributes for rodrigao (Gil Vicente Futebol Clube, 2019)
[2334899] Failed to scrape lineup: https://www.transfermarkt.co.uk/aberdeen-fc_heart-of-midlothian-fc/index/spielbericht/2334899
[3248613] Failed to scrape lineup: https://www.transfermarkt.co.uk/spielbericht/index/spielbericht/3248613
[3229019] Failed to build match row: Gil Vicente Futebol Clube vs Desportivo Aves (- 2020)
[3120721] Failed to scrape lineup: https://www.transfermarkt.co.uk/arsenal-tula_anzhi-makhachkala-2022-/index/spielbericht/3120721
[2514860] Failed to scrape lineup: https://www.transfermarkt.co.uk/lokomotiv-moskau_ural-yekaterinburg/index/spielbericht/2514860
[2699123] Could not find attributes for jascha fiesel (FV Ravensburg, 2016)
[2606521] Could not find attributes for alexandru epureanu (İstanbul Başakşehir Futbol Kulübü, 2015)
[2699123] Failed to build match row: FV Ravensburg vs Fußball-Club Augsburg 1907
[2606521] Failed to build match row: İstanbul Başakşehir Futbol Kulübü vs Kayserispor Kulübü
[2340381] Could not find attributes for cristian ceballos (Futebol Clube de Arouca, 2013)
[2726245] Could not find attributes for oleksiy shevchenko (FC Zorya Lugansk, 2016)
[2340381] Failed to build match row: Futebol Clube de Arouca vs Sport Lisboa e Benfica
[2726245] Failed to build match row: FC Shakhtar Donetsk vs FC Zorya Lugansk
[2616671] Could not find attributes for mikhail borodjko (Baikal Irkutsk, 2015)
[2616671] Failed to build match row: Baikal Irkutsk vs Tom Tomsk
[2581321] Failed to scrape lineup: https://www.transfermarkt.co.uk/brondby-if_randers-fc/index/spielbericht/2581321
[2988237] Failed to scrape lineup: https://www.transfermarkt.co.uk/spielbericht/index/spielbericht/2988237
[2877291] Failed to scrape lineup: https://www.transfermarkt.co.uk/fc-groningen_heracles-almelo/index/spielbericht/2877291
[3281954] Could not find attributes for salah amar (Melilla CD, 2019)
[2594811] Failed to scrape lineup: https://www.transfermarkt.co.uk/rayo-vallecano_real-madrid/index/spielbericht/2594811
[3281954] Failed to build match row: Melilla CD vs Levante Unión Deportiva S.A.D.
[2458314] Failed to scrape lineup: https://www.transfermarkt.co.uk/spielbericht/index/spielbericht/2458314
[2763826] Failed to scrape lineup: https://www.transfermarkt.co.uk/rubin-kazan_lokomotiv-moskau/index/spielbericht/2763826
[3080925] Could not find attributes for valon behrami (Udinese Calcio, 2018)
[3080925] Failed to build match row: Associazione Calcio Fiorentina vs Udinese Calcio
[2495364] Failed to scrape lineup: https://www.transfermarkt.co.uk/spielbericht/index/spielbericht/2495364
[2662673] Could not find attributes for darren mcgregor (Hibernian Football Club, 2015)
[2662673] Failed to build match row: Hibernian Football Club vs Heart of Midlothian Football Club
[3219180] Failed to scrape lineup: https://www.transfermarkt.co.uk/manchester-city_liverpool-fc/index/spielbericht/3219180
[2904760] Could not find attributes for zoran lesjak (NK Osijek s.d.d., 2017)
[2904760] Failed to build match row: NK Osijek s.d.d. vs Fußballklub Austria Wien
[3210438] Failed to scrape lineup: https://www.transfermarkt.co.uk/aalborg-bk_lyngby-bk/index/spielbericht/3210438
[3248614] Failed to scrape lineup: https://www.transfermarkt.co.uk/spielbericht/index/spielbericht/3248614
[2581322] Failed to scrape lineup: https://www.transfermarkt.co.uk/viborg-ff_sonderjyske/index/spielbericht/2581322
[2594812] Failed to scrape lineup: https://www.transfermarkt.co.uk/villarreal-cf_real-sociedad/index/spielbericht/2594812
[2359317] Could not find attributes for tiberio guarente (Catania FC, 2013)
[2359317] Failed to build match row: Catania FC vs Udinese Calcio
[2329838] Could not find attributes for youri tielemans (Royal Sporting Club Anderlecht, 2013)
[3281955] Failed to scrape lineup: https://www.transfermarkt.co.uk/spielbericht/index/spielbericht/3281955
[2329838] Failed to build match row: Koninklijke Racing Club Genk vs Royal Sporting Club Anderlecht
[2663487] Failed to scrape lineup: https://www.transfermarkt.co.uk/spielbericht/index/spielbericht/2663487
Not enough players found for lineup: 0, 0.
[2495365] Failed to scrape lineup: https://www.transfermarkt.co.uk/spielbericht/index/spielbericht/2495365
[3219181] Failed to scrape lineup: https://www.transfermarkt.co.uk/sheffield-united_brighton-amp-hove-albion/index/spielbericht/3219181
[2764359] Failed to scrape lineup: https://www.transfermarkt.co.uk/panetolikos-gfs_aok-kerkyra/index/spielbericht/2764359
[2464793] Could not find attributes for pintassilgo (Futebol Clube de Arouca, 2014)
[3094375] Failed to scrape lineup: https://www.transfermarkt.co.uk/spielbericht/index/spielbericht/3094375
[3210439] Failed to scrape lineup: https://www.transfermarkt.co.uk/randers-fc_fc-midtjylland/index/spielbericht/3210439
[2464793] Failed to build match row: Futebol Clube de Arouca vs Sporting Clube de Braga
[2704499] Could not find attributes for nils petersen (Sport-Club Freiburg, 2016)
[2824799] Could not find attributes for ofir marciano (Hibernian Football Club, 2016)
[2514861] Could not find attributes for joaozinho (FK Krasnodar, 2014)
[2704499] Failed to build match row: Mönchengladbach vs Sport-Club Freiburg
[2514861] Failed to build match row: Kuban Krasnodar (-2018) vs FK Krasnodar
[2824799] Failed to build match row: Hibernian Football Club vs Heart of Midlothian Football Club
[3248615] Failed to scrape lineup: https://www.transfermarkt.co.uk/spielbericht/index/spielbericht/3248615
[2885403] Could not find attributes for dmytro bezruk (Chornomorets Odesa, 2017)
[2885403] Failed to build match row: Chornomorets Odesa vs NK Veres Rivne
[2581323] Failed to scrape lineup: https://www.transfermarkt.co.uk/fc-midtjylland_hobro-ik/index/spielbericht/2581323

Keepers & outfield error for **Hull City** in Manchester City Football Club vs Hull City: Numbers: 0 and 11.
[2732274] Failed to scrape lineup: https://www.transfermarkt.co.uk/kv-mechelen_rsc-anderlecht/index/spielbericht/2732274
[2486703] Failed to build match row: Manchester City Football Club vs Hull City
[3063567] Failed to scrape lineup: https://www.transfermarkt.co.uk/aarhus-gf_fc-nordsjaelland/index/spielbericht/3063567
[2340382] Could not find attributes for julio alves (Rio Ave Futebol Clube, 2013)
[3074487] Failed to scrape lineup: https://www.transfermarkt.co.uk/dynamo-kyiv_vorskla-poltava/index/spielbericht/3074487
[2340382] Failed to build match row: Rio Ave Futebol Clube vs FC Paços de Ferreira
[2726246] Could not find attributes for vitaliy nedilko (Volyn Lutsk, 2016)
[2764360] Failed to scrape lineup: https://www.transfermarkt.co.uk/asteras-tripolis_ao-platanias/index/spielbericht/2764360
[2726246] Failed to build match row: Volyn Lutsk vs Karpaty Lviv (-2021)
[2495366] Failed to scrape lineup: https://www.transfermarkt.co.uk/spielbericht/index/spielbericht/2495366
[2369466] Could not find attributes for dean hoskins (Berwick Rangers FC, 2013)
[2514862] Failed to scrape lineup: https://www.transfermarkt.co.uk/terek-grozny_torpedo-moskau/index/spielbericht/2514862
[2475430] Failed to scrape lineup: https://www.transfermarkt.co.uk/cordoba-cf_getafe-cf/index/spielbericht/2475430
[2369466] Failed to build match row: Berwick Rangers FC vs Peterhead FC
[2464794] Failed to scrape lineup: https://www.transfermarkt.co.uk/fc-pacos-de-ferreira_gil-vicente-fc/index/spielbericht/2464794
[2606522] Could not find attributes for ricardo vaz te (Akhisarspor, 2015)
[2704500] Failed to scrape lineup: https://www.transfermarkt.co.uk/hertha-bsc_fc-ingolstadt-04/index/spielbericht/2704500
[2606522] Failed to build match row: Akhisarspor vs Fenerbahçe Spor Kulübü
Not enough players found for lineup: 0, 0.
[3248616] Failed to scrape lineup: https://www.transfermarkt.co.uk/spielbericht/index/spielbericht/3248616
[2904761] Could not find attributes for srdjan babic (Fudbalski klub Crvena zvezda Beograd, 2017)
[2904761] Failed to build match row: FK Krasnodar vs Fudbalski klub Crvena zvezda Beograd
[2877293] Failed to scrape lineup: https://www.transfermarkt.co.uk/pec-zwolle_vitesse-arnhem/index/spielbericht/2877293

Keepers & outfield error for **Associazione Calcio Fiorentina** in Associazione Calcio Fiorentina vs UC Sampdoria: Numbers: 0 and 11.
[2359319] Failed to build match row: Associazione Calcio Fiorentina vs UC Sampdoria
[2581324] Could not find attributes for emre mor (Fodbold Club Nordsjælland, 2015)
[2581324] Failed to build match row: Odense Boldklub vs Fodbold Club Nordsjælland
[2635619] Could not find attributes for aleksandr belenov (Kuban Krasnodar (-2018), 2015)
[2635619] Failed to build match row: Kuban Krasnodar (-2018) vs FK Spartak Moskva
[2988365] Failed to scrape lineup: https://www.transfermarkt.co.uk/spielbericht/index/spielbericht/2988365
[2551369] Could not find attributes for evgeniy gapon (Mordovia Saransk (-2020), 2014)

Keepers & outfield error for **Real Murcia CF** in Futbol Club Barcelona vs Real Murcia CF: Numbers: 0 and 11.
[2929842] Failed to build match row: Futbol Club Barcelona vs Real Murcia CF
[2616672] Could not find attributes for innokentiy kolesov (SKVO Rostov-na-Donu, 2015)
[2551369] Failed to build match row: FK Dinamo Moskva vs Mordovia Saransk (-2020)
[2704501] Failed to scrape lineup: https://www.transfermarkt.co.uk/1-fc-koln_vfl-wolfsburg/index/spielbericht/2704501
[2616672] Failed to build match row: SKVO Rostov-na-Donu vs Torpedo Armavir
[3219182] Could not find attributes for patrick van aanholt (Crystal Palace Football Club, 2019)
[3219182] Failed to build match row: Crystal Palace Football Club vs Newcastle United Football Club
[2475431] Could not find attributes for ion ansotegi (Real Sociedad de Fútbol S.A.D., 2014)
[2321108] Failed to scrape lineup: https://www.transfermarkt.co.uk/borussia-dortmund_sc-freiburg/index/spielbericht/2321108
[2475431] Failed to build match row: Real Sociedad de Fútbol S.A.D. vs Espanol
[3174993] Could not find attributes for aleksandr dovbnya (FC Orenburg, 2018)
[3174993] Failed to build match row: FC Orenburg vs Arsenal Tula
[3393087] Failed to scrape lineup: https://www.transfermarkt.co.uk/hibernian-fc_kilmarnock-fc/index/spielbericht/3393087
[3080927] Failed to scrape lineup: https://www.transfermarkt.co.uk/ac-milan_as-roma/index/spielbericht/3080927
[3248617] Failed to scrape lineup: https://www.transfermarkt.co.uk/spielbericht/index/spielbericht/3248617
[2904762] Failed to scrape lineup: https://www.transfermarkt.co.uk/spielbericht/index/spielbericht/2904762

Keepers & outfield error for **Rio Ave Futebol Clube** in Rio Ave Futebol Clube vs UD Oliveirense: Numbers: 2 and 9.
[3229020] Failed to build match row: Rio Ave Futebol Clube vs UD Oliveirense
[2699124] Could not find attributes for leopold zingerle (1.FC Magdeburg, 2016)
[2606523] Could not find attributes for ugur demirok (Ankaraspor, 2015)
[2699124] Failed to build match row: 1.FC Magdeburg vs Eintracht Frankfurt Fußball AG
[2606523] Failed to build match row: Ankaraspor vs Gaziantepspor (- 2020)
[3050333] Could not find attributes for danny ings (Southampton FC, 2018)
[3050333] Failed to build match row: Southampton FC vs Arsenal Football Club
[2458315] Could not find attributes for kenneth kronholm (Holstein Kiel, 2014)
[3219183] Failed to scrape lineup: https://www.transfermarkt.co.uk/arsenal-fc_everton-fc/index/spielbericht/3219183
[2329840] Failed to scrape lineup: https://www.transfermarkt.co.uk/kaa-gent_waasland-beveren/index/spielbericht/2329840
[2340383] Could not find attributes for kaytm (CF Os Belenenses, 2013)

Keepers & outfield error for **Sport Lisboa e Benfica** in Sport Lisboa e Benfica vs Sporting Clube de Braga: Numbers: 0 and 11.
[2897451] Failed to scrape lineup: https://www.transfermarkt.co.uk/ac-milan_bologna-fc-1909/index/spielbericht/2897451
[2458315] Failed to build match row: Holstein Kiel vs TSV 1860 Munich
[2616673] Failed to scrape lineup: https://www.transfermarkt.co.uk/spielbericht/index/spielbericht/2616673
[2551370] Failed to scrape lineup: https://www.transfermarkt.co.uk/ural-yekaterinburg_lokomotiv-moskau/index/spielbericht/2551370
[2824801] Could not find attributes for billy obrien (Saint Mirren Football Club, 2016)
[2663488] Failed to build match row: Sport Lisboa e Benfica vs Sporting Clube de Braga
[3094377] Could not find attributes for pim balkestein (De Treffers, 2018)

Keepers & outfield error for **Nooit Opgeven Altijd Doorzetten Aangenaam Door Vermaak En Nuttig Door Ontspanning Combinatie Breda** in Nooit Opgeven Altijd Doorzetten Aangenaam Door Vermaak En Nuttig Door Ontspanning Combinatie Breda vs VVV-Venlo: Numbers: 2 and 9.

Keepers & outfield error for **Vejle Boldklub** in Brøndby Idrætsforening vs Vejle Boldklub: Numbers: 2 and 9.
[2824801] Failed to build match row: The Celtic Football Club vs Saint Mirren Football Club
[2704502] Failed to scrape lineup: https://www.transfermarkt.co.uk/hamburger-sv_bayer-04-leverkusen/index/spielbericht/2704502
[2340383] Failed to build match row: CF Os Belenenses vs Sport Lisboa e Benfica
[2885404] Could not find attributes for zauri makharadze (Olimpik Donetsk, 2017)
[3094377] Failed to build match row: De Treffers vs DVS '33 Ermelo
[2877294] Failed to build match row: Nooit Opgeven Altijd Doorzetten Aangenaam Door Vermaak En Nuttig Door Ontspanning Combinatie Breda vs VVV-Venlo
[3063568] Failed to build match row: Brøndby Idrætsforening vs Vejle Boldklub
[2588971] Could not find attributes for ouasim bouy (Prins Hendrik Ende Desespereert Nimmer Combinatie Zwolle, 2015)
[2885404] Failed to build match row: FC Shakhtar Donetsk vs Olimpik Donetsk
[3210441] Could not find attributes for imed louati (Hobro IK, 2019)
[3174994] Failed to scrape lineup: https://www.transfermarkt.co.uk/spartak-moscow_rubin-kazan/index/spielbericht/3174994
[2588971] Failed to build match row: Prins Hendrik Ende Desespereert Nimmer Combinatie Zwolle vs Vitesse Arnhem
[3393088] Failed to scrape lineup: https://www.transfermarkt.co.uk/st-mirren-fc_livingston-fc/index/spielbericht/3393088
[3210441] Failed to build match row: Hobro IK vs Esbjerg fB
[2904763] Failed to scrape lineup: https://www.transfermarkt.co.uk/spielbericht/index/spielbericht/2904763
[2732275] Could not find attributes for ishak belfodil (Royal Standard Club de Liège, 2016)
[2764361] Could not find attributes for andreas gianniotis (Panionios Athens, 2016)
[2732275] Failed to build match row: Royal Excel Mouscron (-2022) vs Royal Standard Club de Liège
[2764361] Failed to build match row: Panionios Athens vs Olympiakos Syndesmos Filathlon Peiraios
[2475432] Failed to scrape lineup: https://www.transfermarkt.co.uk/atletico-de-madrid_valencia-cf/index/spielbericht/2475432

Keepers & outfield error for **Parma Calcio 1913** in Parma Calcio 1913 vs Juventus Football Club: Numbers: 2 and 9.
[3080928] Failed to build match row: Parma Calcio 1913 vs Juventus Football Club
[3229021] Failed to scrape lineup: https://www.transfermarkt.co.uk/spielbericht/index/spielbericht/3229021
[3281956] Could not find attributes for chema pinar (EG El Palmar CF, 2019)
[3281956] Failed to build match row: EG El Palmar CF vs Getafe Club de Fútbol S. A. D. Team Dubai
[3074757] Could not find attributes for vitaliy astakhov (Khimik-August Vurnary (-2024), 2018)
[3074757] Failed to build match row: Khimik-August Vurnary (-2024) vs Volga Uljanovsk
[3203633] Could not find attributes for oscar wendt (Mönchengladbach, 2019)
[2581326] Failed to scrape lineup: https://www.transfermarkt.co.uk/esbjerg-fb_aarhus-gf/index/spielbericht/2581326
[2486705] Failed to scrape lineup: https://www.transfermarkt.co.uk/queens-park-rangers_southampton-fc/index/spielbericht/2486705
[3203633] Failed to build match row: Mönchengladbach vs Turn- und Sportgemeinschaft 1899 Hoffenheim Fußball-Spielbetriebs
[3050334] Failed to scrape lineup: https://www.transfermarkt.co.uk/tottenham-hotspur_burnley-fc/index/spielbericht/3050334
[3219184] Failed to scrape lineup: https://www.transfermarkt.co.uk/manchester-united_sheffield-united/index/spielbericht/3219184
[2824802] Failed to scrape lineup: https://www.transfermarkt.co.uk/spielbericht/index/spielbericht/2824802
[2588972] Failed to scrape lineup: https://www.transfermarkt.co.uk/pec-zwolle_fc-utrecht/index/spielbericht/2588972
 and 11.
[2732276] Failed to scrape lineup: https://www.transfermarkt.co.uk/krc-genk_club-brugge-kv/index/spielbericht/2732276

Keepers & outfield error for **Cagliari Calcio** in Cagliari Calcio vs Atalanta Bergamasca Calcio S.p.a.: Numbers: 0 and 11.
[2329841] Failed to scrape lineup: https://www.transfermarkt.co.uk/cercle-brugge-_sv-zulte-waregem/index/spielbericht/2329841
[3393089] Failed to scrape lineup: https://www.transfermarkt.co.uk/aberdeen-fc_rangers-fc/index/spielbericht/3393089
[2764362] Failed to scrape lineup: https://www.transfermarkt.co.uk/panathinaikos-fc_ao-xanthi/index/spielbericht/2764362
[2904764] Failed to scrape lineup: https://www.transfermarkt.co.uk/spielbericht/index/spielbericht/2904764
[2726503] Failed to build match row: Cagliari Calcio vs Atalanta Bergamasca Calcio S.p.a.
ndex/spielbericht/2551371
[2481049] Failed to scrape lineup: https://www.transfermarkt.co.uk/inverness-caledonian-thistle-fc_st-johnstone-fc/index/spielbericht/2481049
[2340384] Failed to scrape lineup: https://www.transfermarkt.co.uk/sl-benfica_vitoria-setubal-fc/index/spielbericht/2340384
[2464795] Failed to build match row: Vitória Sport Clube vs Futebol Clube do Porto
[3229022] Failed to scrape lineup: https://www.transfermarkt.co.uk/spielbericht/index/spielbericht/3229022

Keepers & outfield error for **Boavista FC** in Boavista FC vs Futebol Clube de Arouca: Numbers: 0 and 11.
[3281958] Failed to scrape lineup: https://www.transfermarkt.co.uk/spielbericht/index/spielbericht/3281958

Keepers & outfield error for **Málaga CF** in Málaga CF vs CD Numancia: Numbers: 0 and 11.
[2704503] Could not find attributes for felix wiedwald (Sportverein Werder Bremen von 1899, 2016)
[2929843] Failed to build match row: Málaga CF vs CD Numancia
[2720754] Failed to build match row: Boavista FC vs Futebol Clube de Arouca
[2606524] Could not find attributes for david pavelka (Kasımpaşa A.Ş., 2015)
[2495368] Failed to scrape lineup: https://www.transfermarkt.co.uk/spielbericht/index/spielbericht/2495368
[3050335] Failed to scrape lineup: https://www.transfermarkt.co.uk/watford-fc_cardiff-city/index/spielbericht/3050335
[2704503] Failed to build match row: Fußball-Club Augsburg 1907 vs Sportverein Werder Bremen von 1899
[2885405] Could not find attributes for roman pidkivka (Karpaty Lviv (-2021), 2017)

Keepers & outfield error for **Verona Hellas Football Club** in Genoa Cricket and Football Club vs Verona Hellas Football Club: Numbers: 0 and 11.

Keepers & outfield error for **AO FK Zenit Sankt-Peterburg** in AO FK Zenit Sankt-Peterburg vs Kuban Krasnodar (-2018): Numbers: 2 and 9.
[2606524] Failed to build match row: Kasımpaşa A.Ş. vs Antalyaspor
[2885405] Failed to build match row: Karpaty Lviv (-2021) vs FC Oleksandriya
[2663504] Failed to build match row: AO FK Zenit Sankt-Peterburg vs Kuban Krasnodar (-2018)
[2699125] Could not find attributes for stefan marinovic (SpVgg Unterhaching, 2016)
[2369467] Could not find attributes for Bruce Raffell (Keith FC, 2013)
[2359320] Failed to build match row: Genoa Cricket and Football Club vs Verona Hellas Football Club
[2514864] Could not find attributes for stipe pletikosa (FK Rostov, 2014)
[2588973] Failed to scrape lineup: https://www.transfermarkt.co.uk/willem-ii-tilburg_sc-heerenveen/index/spielbericht/2588973
[2345108] Could not find attributes for luka bilobrk (NK Siroki Brijeg, 2013)
[2635620] Could not find attributes for giorgi loria (PFK Krylya Sovetov Samara, 2015)
[2369467] Failed to build match row: Keith FC vs Elgin City FC
[2514864] Failed to build match row: FK Spartak Moskva vs FK Rostov
[2699125] Failed to build match row: SpVgg Unterhaching vs 1. Fußball- und Sportverein Mainz 05
[3063569] Could not find attributes for zeca (Football Club København, 2018)
[2345108] Failed to build match row: NK Siroki Brijeg vs Irtysh Pavlodar
[2581327] Failed to scrape lineup: https://www.transfermarkt.co.uk/brondby-if_esbjerg-fb/index/spielbericht/2581327
[2635620] Failed to build match row: PFK Krylya Sovetov Samara vs FK Dinamo Moskva
[2877295] Could not find attributes for yassin ayoub (Football Club Utrecht, 2017)
[3080929] Could not find attributes for albin ekdal (UC Sampdoria, 2018)
[3063569] Failed to build match row: Hobro IK vs Football Club København
[2877295] Failed to build match row: Football Club Utrecht vs AFC Ajax Amsterdam
[3080929] Failed to build match row: UC Sampdoria vs Società Sportiva Calcio Napoli
[3074768] Could not find attributes for yuriy pankiv (FC Oleksandriya, 2018)
[2764363] Could not find attributes for andrey gorbunov (APS Atromitos Athinon, 2016)
[3074768] Failed to build match row: FC Oleksandriya vs FC Zorya Lugansk
[2764363] Failed to build match row: APS Atromitos Athinon vs Veria NPS
[3229023] Failed to scrape lineup: https://www.transfermarkt.co.uk/spielbericht/index/spielbericht/3229023
[3250260] Could not find attributes for peter nielsen (Vejgaard B, 2019)
[3250260] Failed to build match row: Vejgaard B vs Hobro IK
[3210443] Failed to scrape lineup: https://www.transfermarkt.co.uk/fc-midtjylland_ac-horsens/index/spielbericht/3210443
[3203635] Failed to scrape lineup: https://www.transfermarkt.co.uk/eintracht-frankfurt_1-fc-union-berlin/index/spielbericht/3203635
[2514883] Failed to scrape lineup: https://www.transfermarkt.co.uk/spielbericht/index/spielbericht/2514883
[2885406] Failed to scrape lineup: https://www.transfermarkt.co.uk/vorskla-poltava_fk-mariupol/index/spielbericht/2885406
[2699126] Failed to scrape lineup: https://www.transfermarkt.co.uk/spielbericht/index/spielbericht/2699126
[3219185] Could not find attributes for danny ings (Southampton FC, 2019)
[3219185] Failed to build match row: Southampton FC vs Aston Villa Football Club
[2897453] Failed to scrape lineup: https://www.transfermarkt.co.uk/us-sassuolo_fc-crotone/index/spielbericht/2897453
Not enough players found for lineup: 0, 0.
[2616674] Could not find attributes for denis trunkin (Pskov-747 (-2020), 2015)
[2581328] Failed to scrape lineup: https://www.transfermarkt.co.uk/fc-nordsjaelland_fc-copenhagen/index/spielbericht/2581328
Not enough players found for lineup: 11, 0.
[2988366] Could not find attributes for lewis wing (Yeovil Town, 2017)
[2616674] Failed to build match row: Pskov-747 (-2020) vs FC Tosno (-2018)
[2369468] Failed to scrape lineup: https://www.transfermarkt.co.uk/spielbericht/index/spielbericht/2369468
[2340385] Failed to scrape lineup: https://www.transfermarkt.co.uk/gil-vicente-fc_vitoria-setubal-fc/index/spielbericht/2340385
[2877296] Failed to scrape lineup: https://www.transfermarkt.co.uk/feyenoord-rotterdam_ado-den-haag/index/spielbericht/2877296
[2988366] Failed to build match row: Yeovil Town vs Manchester United Football Club

Keepers & outfield error for **FC Penafiel** in CS Marítimo vs FC Penafiel: Numbers: 3 and 8.
[3120722] Failed to scrape lineup: https://www.transfermarkt.co.uk/ural-yekaterinburg_fk-orenburg/index/spielbericht/3120722
[2464796] Failed to build match row: CS Marítimo vs FC Penafiel
[3210444] Failed to scrape lineup: https://www.transfermarkt.co.uk/brondby-if_sonderjyske/index/spielbericht/3210444
[2871939] Failed to scrape lineup: https://www.transfermarkt.co.uk/eintracht-frankfurt_bayern-munich/index/spielbericht/2871939
[2486706] Could not find attributes for modou barrow (Swansea City, 2014)
[3177023] Could not find attributes for lasse schone (AFC Ajax Amsterdam, 2018)
[2475435] Failed to scrape lineup: https://www.transfermarkt.co.uk/villarreal-cf_celta-de-vigo/index/spielbericht/2475435
[2486706] Failed to build match row: Swansea City vs Sunderland Association Football Club
[2594813] Failed to scrape lineup: https://www.transfermarkt.co.uk/getafe-cf_valencia-cf/index/spielbericht/2594813
[2764364] Could not find attributes for konstantinos peristeridis (PAS Giannina, 2016)
[2458317] Could not find attributes for benjamin kirsten (SG Dynamo Dresden, 2014)
[3177023] Failed to build match row: Tottenham Hotspur Football Club vs AFC Ajax Amsterdam
[2826680] Failed to scrape lineup: https://www.transfermarkt.co.uk/spielbericht/index/spielbericht/2826680
[2764364] Failed to build match row: PAS Giannina vs APO Levadiakos Football Club
[2458317] Failed to build match row: SG Dynamo Dresden vs FC Schalke 04
[2481051] Failed to scrape lineup: https://www.transfermarkt.co.uk/st-mirren-fc_celtic-fc/index/spielbericht/2481051
[2663506] Could not find attributes for giorgiy shelia (FK Ufa, 2015)
[2329843] Failed to scrape lineup: https://www.transfermarkt.co.uk/cercle-brugge-_club-brugge-kv/index/spielbericht/2329843
[2720755] Could not find attributes for jota (Clube Desportivo Nacional, 2016)
[2704505] Failed to scrape lineup: https://www.transfermarkt.co.uk/eintracht-frankfurt_sv-darmstadt-98/index/spielbericht/2704505
[2663506] Failed to build match row: FK Ufa vs PFK CSKA Moskva
[2720755] Failed to build match row: Clube Desportivo Nacional vs GD Chaves
[2606525] Could not find attributes for aleksandr hleb (Gençlerbirliği Spor Kulübü, 2015)
[2606525] Failed to build match row: Kayserispor Kulübü vs Gençlerbirliği Spor Kulübü
[2359322] Failed to scrape lineup: https://www.transfermarkt.co.uk/juventus-fc_ssc-napoli/index/spielbericht/2359322
[3074769] Could not find attributes for oleksandr bandura (PFK Lviv, 2018)
[3074769] Failed to build match row: PFK Lviv vs Futbolniy Klub Dynamo Kyiv
[3203636] Could not find attributes for yuya osako (Sportverein Werder Bremen von 1899, 2019)
[3203636] Failed to build match row: Sportverein Werder Bremen von 1899 vs Borussia Dortmund
[2635621] Could not find attributes for maicon bolt (Футбольный клуб "Локомотив" Москва, 2015)
[2635621] Failed to build match row: Футбольный клуб "Локомотив" Москва vs Amkar Perm
[3050337] Failed to scrape lineup: https://www.transfermarkt.co.uk/arsenal-fc_burnley-fc/index/spielbericht/3050337

Keepers & outfield error for **FC Paços de Ferreira** in FC Paços de Ferreira vs Grupo Desportivo Estoril Praia: Numbers: 2 and 9.
[2340386] Failed to scrape lineup: https://www.transfermarkt.co.uk/cf-os-belenenses_sporting-cp/index/spielbericht/2340386
[3229024] Failed to build match row: FC Paços de Ferreira vs Grupo Desportivo Estoril Praia
[2495369] Could not find attributes for anastasios papazoglou (APOEL Nicosia, 2014)
[2495369] Failed to build match row: AFC Ajax Amsterdam vs APOEL Nicosia
Not enough players found for lineup: 11, 0.
[2877297] Could not find attributes for theo zwarthoed (Excelsior Rotterdam, 2017)
[3120723] Could not find attributes for sergey ryzhikov (PFK Krylya Sovetov Samara, 2018)
[2369469] Failed to scrape lineup: https://www.transfermarkt.co.uk/spielbericht/index/spielbericht/2369469
[2877297] Failed to build match row: Roda JC Kerkrade vs Excelsior Rotterdam
[3120723] Failed to build match row: PFK Krylya Sovetov Samara vs RFK Akhmat Grozny

Keepers & outfield error for **Moreirense Futebol Clube** in Moreirense Futebol Clube vs Rio Ave Futebol Clube: Numbers: 3 and 8.
[2904765] Could not find attributes for maksym koval (Futbolniy Klub Dynamo Kyiv, 2017)
[2904765] Failed to build match row: CS Marítimo vs Futbolniy Klub Dynamo Kyiv
[2464797] Failed to build match row: Moreirense Futebol Clube vs Rio Ave Futebol Clube
[3094378] Could not find attributes for mick hellemons (RKSV Groene Ster, 2018)
[2699127] Could not find attributes for benedikt fernandez (Sportfreunde Lotte, 2016)
[3210445] Could not find attributes for imed louati (Hobro IK, 2019)
[2826681] Could not find attributes for giannis anestis (Athlitiki Enosi Konstantinoupoleos, 2016)
[3094378] Failed to build match row: RKSV Groene Ster vs FC Lienden
[3210445] Failed to build match row: Randers Fodbold Club vs Hobro IK
[2581329] Could not find attributes for jung bin park (Hobro IK, 2015)

Keepers & outfield error for **Fußball-Club Augsburg 1907** in Fußball-Club Augsburg 1907 vs Hertha BSC: Numbers: 2 and 9.
[2699127] Failed to build match row: Sportfreunde Lotte vs Sportverein Werder Bremen von 1899
[2458318] Could not find attributes for christopher handke (1.FC Magdeburg, 2014)
[2871940] Failed to build match row: Fußball-Club Augsburg 1907 vs Hertha BSC
[2581329] Failed to build match row: Hobro IK vs Odense Boldklub
[2764365] Could not find attributes for huanderson (Iraklis Thessaloniki, 2016)
[2704506] Could not find attributes for aymen barkok (Eintracht Frankfurt Fußball AG, 2016)
[2826681] Failed to build match row: Athlitiki Enosi Konstantinoupoleos vs AO Platanias
[3177024] Failed to build match row: AFC Ajax Amsterdam vs Tottenham Hotspur Football Club

Keepers & outfield error for **Deportivo de La Coruña** in SD Eibar vs Deportivo de La Coruña: Numbers: 0 and 11.
[2458318] Failed to build match row: 1.FC Magdeburg vs Fußball-Club Augsburg 1907
[2764365] Failed to build match row: Panthessalonikios Athlitikos Omilos Konstantinoupoliton vs Iraklis Thessaloniki
[2704506] Failed to build match row: Bayer 04 Leverkusen Fußball vs Eintracht Frankfurt Fußball AG
[2594814] Failed to build match row: SD Eibar vs Deportivo de La Coruña
[2732278] Could not find attributes for ighodaro osaguona (Yellow-Red Koninklijke Voetbalclub Mechelen, 2016)
[3229063] Could not find attributes for yevgen galchuk (FK Mariupol, 2019)
[2514884] Could not find attributes for remie streete (Rangers Football Club, 2014)
[2606526] Could not find attributes for alexandru epureanu (İstanbul Başakşehir Futbol Kulübü, 2015)
[2732278] Failed to build match row: KV Kortrijk vs Yellow-Red Koninklijke Voetbalclub Mechelen
[2606526] Failed to build match row: Galatasaray Spor Kulübü vs İstanbul Başakşehir Futbol Kulübü
[3229063] Failed to build match row: FC Shakhtar Donetsk vs FK Mariupol
[2514884] Failed to build match row: Rangers Football Club vs Raith Rovers FC

Keepers & outfield error for **FC Cartagena** in Sevilla Fútbol Club S.A.D. vs FC Cartagena: Numbers: 2 and 9.
[2345109] Could not find attributes for julien weber (FC Differdange 03, 2013)
[2885407] Could not find attributes for georgiy bushchan (Futbolniy Klub Dynamo Kyiv, 2017)
[2929844] Failed to build match row: Sevilla Fútbol Club S.A.D. vs FC Cartagena
[2495370] Could not find attributes for jasmin handanovic (NK Maribor, 2014)

Keepers & outfield error for **Brighton and Hove Albion Football Club** in Association Football Club Bournemouth vs Brighton and Hove Albion Football Club: Numbers: 2 and 9.
[3074770] Could not find attributes for volodymyr krynskyi (Olimpik Donetsk, 2018)
[2345109] Failed to build match row: Football Club Utrecht vs FC Differdange 03
[2904766] Failed to scrape lineup: https://www.transfermarkt.co.uk/spielbericht/index/spielbericht/2904766
[2495370] Failed to build match row: NK Maribor vs FC Schalke 04
[2885407] Failed to build match row: Futbolniy Klub Dynamo Kyiv vs PFK Stal Kamyanske (-2018)
[3050338] Failed to build match row: Association Football Club Bournemouth vs Brighton and Hove Albion Football Club

Keepers & outfield error for **Athletic Club Bilbao** in Athletic Club Bilbao vs Real Madrid Club de Fútbol: Numbers: 2 and 9.
[3074770] Failed to build match row: Olimpik Donetsk vs Vorskla Poltava
[2475436] Failed to build match row: Athletic Club Bilbao vs Real Madrid Club de Fútbol
[2334904] Could not find attributes for sanel jahic (St. Johnstone FC, 2013)
[2334904] Failed to build match row: St. Johnstone FC vs Aberdeen Football Club
[2616675] Could not find attributes for igor chernyshov (FC Khimki (-2025), 2015)
[2616675] Failed to build match row: FC Khimki (-2025) vs FC Tyumen

Keepers & outfield error for **Wolverhampton Wanderers Football Club** in Wolverhampton Wanderers Football Club vs Leicester City: Numbers: 0 and 11.
Not enough players found for lineup: 11, 0.
[2369470] Failed to scrape lineup: https://www.transfermarkt.co.uk/spielbericht/index/spielbericht/2369470
[3219187] Failed to build match row: Wolverhampton Wanderers Football Club vs Leicester City
Not enough players found for lineup: 11, 0.
[2826682] Could not find attributes for zivko zivkovic (AO Xanthi, 2016)
[3094379] Failed to scrape lineup: https://www.transfermarkt.co.uk/spielbericht/index/spielbericht/3094379
[2551373] Could not find attributes for stipe pletikosa (FK Rostov, 2014)
[2826682] Failed to build match row: Panthessalonikios Athlitikos Omilos Konstantinoupoliton vs AO Xanthi
[2551373] Failed to build match row: FK Rostov vs FK Spartak Moskva

Keepers & outfield error for **Aberdeen Football Club** in St. Johnstone FC vs Aberdeen Football Club: Numbers: 0 and 11.
[3393771] Failed to build match row: St. Johnstone FC vs Aberdeen Football Club
[2359323] Could not find attributes for keita balde (Società Sportiva Lazio S.p.A., 2013)
[2359323] Failed to build match row: Parma Calcio 1913 vs Società Sportiva Lazio S.p.A.
[3080931] Could not find attributes for ola aina (Torino Calcio, 2018)
[3080931] Failed to build match row: Torino Calcio vs SPAL
[2340387] Could not find attributes for avto (Gil Vicente Futebol Clube, 2013)

Keepers & outfield error for **Valencia Club de Fútbol S. A. D.** in Valencia Club de Fútbol S. A. D. vs Real Zaragoza: Numbers: 2 and 9.
[3250263] Could not find attributes for luca de biase (Hilleröd Fodbold, 2019)
[2340387] Failed to build match row: Gil Vicente Futebol Clube vs Clube Desportivo Nacional
[2606527] Could not find attributes for serkan kirintili (Konyaspor, 2015)
[3074771] Could not find attributes for maksym kuchynskyi (Karpaty Lviv (-2021), 2018)
[2929845] Failed to build match row: Valencia Club de Fútbol S. A. D. vs Real Zaragoza
[2606527] Failed to build match row: Konyaspor vs Trabzonspor Kulübü
[3250263] Failed to build match row: Hilleröd Fodbold vs Naestved Boldklub
[3074771] Failed to build match row: Karpaty Lviv (-2021) vs Chornomorets Odesa
[2481054] Failed to scrape lineup: https://www.transfermarkt.co.uk/kilmarnock-fc_partick-thistle-fc/index/spielbericht/2481054
[2514885] Could not find attributes for kostadin gadzhalov (Dundee Football Club, 2014)
[2581330] Could not find attributes for kees luijckx (Sønderjyske Fodbold, 2015)
[3210446] Could not find attributes for aron elis thrandarson (Odense Boldklub, 2019)
[3120724] Could not find attributes for sergey pesjakov (FK Rostov, 2018)
[2514885] Failed to build match row: Dundee Football Club vs The Celtic Football Club
[2897454] Failed to scrape lineup: https://www.transfermarkt.co.uk/spal-2013_hellas-verona/index/spielbericht/2897454
[3210446] Failed to build match row: Aarhus Gymnastik Forening vs Odense Boldklub
[2581330] Failed to build match row: Sønderjyske Fodbold vs Fodbold Club Midtjylland
[3120724] Failed to build match row: FK Rostov vs FK Dinamo Moskva
[2826683] Could not find attributes for andrey gorbunov (APS Atromitos Athinon, 2016)
[2826683] Failed to build match row: APS Atromitos Athinon vs Olympiakos Syndesmos Filathlon Peiraios
[2704507] Could not find attributes for benjamin stambouli (FC Schalke 04, 2016)
[2871941] Could not find attributes for tatsuya ito (Hamburger Sport Verein, 2017)
[2475437] Could not find attributes for kalu uche (Levante Unión Deportiva S.A.D., 2014)
[2871941] Failed to build match row: Hamburger Sport Verein vs Verein für Leibesübungen Wolfsburg
[2704507] Failed to build match row: FC Schalke 04 vs Hertha BSC
[2475437] Failed to build match row: Levante Unión Deportiva S.A.D. vs SD Eibar
[2464798] Could not find attributes for iago santos (Académica Coimbra, 2014)
[2464798] Failed to build match row: Boavista FC vs Académica Coimbra
[2329846] Could not find attributes for wilson kamavuaka (Yellow-Red Koninklijke Voetbalclub Mechelen, 2013)
[3080932] Failed to scrape lineup: https://www.transfermarkt.co.uk/cagliari-calcio_ac-milan/index/spielbericht/3080932
[2726506] Failed to scrape lineup: https://www.transfermarkt.co.uk/inter-milan_juventus-fc/index/spielbericht/2726506
[2486709] Could not find attributes for andrej kramaric (Leicester City, 2014)

Keepers & outfield error for **Aston Villa Football Club** in Aston Villa Football Club vs Liverpool Football Club: Numbers: 0 and 11.
[2329846] Failed to build match row: Yellow-Red Koninklijke Voetbalclub Mechelen vs Oud-Heverlee Leuven
[2486709] Failed to build match row: Arsenal Football Club vs Leicester City
[2551385] Failed to build match row: Aston Villa Football Club vs Liverpool Football Club
[2699227] Could not find attributes for adrian schneider (SV Eintracht Trier 05, 2016)
[2699227] Failed to build match row: SV Eintracht Trier 05 vs Borussia Dortmund
[2887174] Could not find attributes for denys starchenko (Energiya Nova Kakhovka, 2017)
[2887174] Failed to build match row: Energiya Nova Kakhovka vs Zhemchuzhyna Odesa
[2764366] Could not find attributes for zacharias kavousakis (Athlitiki Enosi Larisas, 2016)
[3074772] Could not find attributes for sergiy sitalo (Arsenal Kyiv, 2018)
[2458320] Failed to scrape lineup: https://www.transfermarkt.co.uk/spielbericht/index/spielbericht/2458320
[3074772] Failed to build match row: FC Shakhtar Donetsk vs Arsenal Kyiv

Keepers & outfield error for **Sporting Clube de Braga** in Vitória Sport Clube vs Sporting Clube de Braga: Numbers: 0 and 11.
[2764366] Failed to build match row: Athlitiki Enosi Larisas vs Athlitiki Enosi Konstantinoupoleos
[3229064] Could not find attributes for betim halimi (Olimpik Donetsk, 2019)
[2594816] Failed to scrape lineup: https://www.transfermarkt.co.uk/sevilla-fc_real-betis-balompie/index/spielbericht/2594816
[2904767] Could not find attributes for igor plastun (Ludogorets Razgrad, 2017)
[2340388] Failed to build match row: Vitória Sport Clube vs Sporting Clube de Braga
[3229064] Failed to build match row: Futbolniy Klub Dynamo Kyiv vs Olimpik Donetsk
[2904767] Failed to build match row: Ludogorets Razgrad vs FK Suduva Marijampole
[2514886] Could not find attributes for scott allan (Hibernian Football Club, 2014)

Keepers & outfield error for **GD Chaves** in GD Chaves vs Clube Desportivo de Tondela: Numbers: 0 and 11.
[2732280] Could not find attributes for arno monsecour (KSC Lokeren (- 2020), 2016)
[2663514] Failed to scrape lineup: https://www.transfermarkt.co.uk/spielbericht/index/spielbericht/2663514
[3120725] Could not find attributes for aleksandr belenov (FK Ufa, 2018)
[2514886] Failed to build match row: Hibernian Football Club vs Arbroath FC
[2732280] Failed to build match row: KSC Lokeren (- 2020) vs Royal Charleroi Sporting Club
[3120725] Failed to build match row: FK Ufa vs FK Spartak Moskva
 de Tondela
[3210447] Could not find attributes for mo dauda (Esbjerg fB, 2019)
Not enough players found for lineup: 0, 0.
[3210447] Failed to build match row: Esbjerg fB vs Aalborg BK
[3094382] Failed to scrape lineup: https://www.transfermarkt.co.uk/spielbericht/index/spielbericht/3094382
[2581331] Could not find attributes for osama akharraz (Viborg Fodsports Forening, 2015)
[2369471] Could not find attributes for andy shearer (Formartine United FC, 2013)
[2581331] Failed to build match row: Randers Fodbold Club vs Viborg Fodsports Forening

Keepers & outfield error for **CF Os Belenenses** in Sporting Clube de Portugal vs CF Os Belenenses: Numbers: 2 and 9.

Keepers & outfield error for **Futebol Clube do Porto** in Futebol Clube do Porto vs FC Shakhtar Donetsk: Numbers: 3 and 8.
[2495372] Failed to build match row: Futebol Clube do Porto vs FC Shakhtar Donetsk
[3050341] Could not find attributes for moussa sissoko (Tottenham Hotspur Football Club, 2018)
[2464799] Failed to build match row: Sporting Clube de Portugal vs CF Os Belenenses
[2726507] Could not find attributes for albano bizzarri (Delfino Pescara 1936, 2016)
[2369471] Failed to build match row: Formartine United FC vs Inverurie Loco Works FC
[3050341] Failed to build match row: Everton Football Club vs Tottenham Hotspur Football Club
[2726507] Failed to build match row: Società Sportiva Lazio S.p.A. vs Delfino Pescara 1936

Keepers & outfield error for **Mönchengladbach** in Fußball-Club Augsburg 1907 vs Mönchengladbach: Numbers: 2 and 9.
[2929846] Could not find attributes for jon garcia (SD Ponferradina, 2017)
[2606528] Failed to scrape lineup: https://www.transfermarkt.co.uk/bursaspor_caykur-rizespor/index/spielbericht/2606528
[2877307] Could not find attributes for dave bulthuis (Sportclub Heerenveen, 2017)
[2321113] Failed to build match row: Fußball-Club Augsburg 1907 vs Mönchengladbach
[2929846] Failed to build match row: Villarreal Club de Fútbol S.A.D. vs SD Ponferradina
[2877307] Failed to build match row: Sportclub Heerenveen vs Football Club Twente
[2359325] Could not find attributes for jonatan cristaldo (Bologna Football Club 1909, 2013)
[2359325] Failed to build match row: Bologna Football Club 1909 vs Football Club Internazionale Milano S.p.A.
de Fútbol S. A. D.: Numbers: 0 and 11.
[3074773] Could not find attributes for rustam khudzhamov (FK Mariupol, 2018)
[3177129] Failed to build match row: Arsenal Football Club vs Valencia Club de Fútbol S. A. D.
[2617068] Failed to scrape lineup: https://www.transfermarkt.co.uk/kv-mechelen_oud-heverlee-leuven/index/spielbericht/2617068
[2871942] Could not find attributes for julian korb (Hannover 96, 2017)
[3250266] Could not find attributes for jonas ploug mikkelsen (Tarup-Paarup IF, 2019)
[2329847] Failed to scrape lineup: https://www.transfermarkt.co.uk/kaa-gent_standard-liege/index/spielbericht/2329847
[2588978] Failed to scrape lineup: https://www.transfermarkt.co.uk/vitesse-arnhem_ajax-amsterdam/index/spielbericht/2588978

Keepers & outfield error for **Hull City** in Hull City vs Aston Villa Football Club: Numbers: 0 and 11.
[3074773] Failed to build match row: FK Mariupol vs Desna Chernigiv
[2345110] Could not find attributes for andrey sidelnikov (FK Aktobe, 2013)
[3229065] Failed to build match row: Karpaty Lviv (-2021) vs FC Zorya Lugansk
[2871942] Failed to build match row: Hannover 96 vs Turn- und Sportgemeinschaft 1899 Hoffenheim Fußball-Spielbetriebs
[2345110] Failed to build match row: FK Aktobe vs IL Hødd
[2904768] Could not find attributes for zeca (Panathinaikos Athlitikos Omilos, 2017)
[3250266] Failed to build match row: Tarup-Paarup IF vs FC Roskilde
[2486710] Failed to build match row: Hull City vs Aston Villa Football Club
[3120726] Could not find attributes for filip uremovic (FC Rubin Kazan, 2018)
[3281962] Could not find attributes for marti riverola (FC Andorra, 2019)
[2826748] Failed to scrape lineup: https://www.transfermarkt.co.uk/spielbericht/index/spielbericht/2826748
[2904768] Failed to build match row: Panathinaikos Athlitikos Omilos vs Athletic Club Bilbao
[3281962] Failed to build match row: FC Andorra vs CD Leganés

Keepers & outfield error for **Futebol Clube de Arouca** in Futebol Clube de Arouca vs Clube Desportivo Nacional: Numbers: 2 and 9.
[3120726] Failed to build match row: FC Rubin Kazan vs Футбольный клуб "Локомотив" Москва
[2720759] Failed to build match row: Futebol Clube de Arouca vs Clube Desportivo Nacional
Not enough players found for lineup: 0, 11.
[2887176] Failed to scrape lineup: https://www.transfermarkt.co.uk/spielbericht/index/spielbericht/2887176
[3094383] Failed to scrape lineup: https://www.transfermarkt.co.uk/spielbericht/index/spielbericht/3094383
[2551386] Could not find attributes for marco storari (Juventus Football Club, 2014)
[2551386] Failed to build match row: Società Sportiva Lazio S.p.A. vs Juventus Football Club
[3050342] Could not find attributes for danny ings (Southampton FC, 2018)
Not enough players found for lineup: 0, 0.
[3050342] Failed to build match row: Huddersfield Town vs Southampton FC
[2369472] Failed to scrape lineup: https://www.transfermarkt.co.uk/spielbericht/index/spielbericht/2369472

Keepers & outfield error for **Vitória Setúbal FC** in Vitória Setúbal FC vs Sport Lisboa e Benfica: Numbers: 2 and 9.
[2732281] Could not find attributes for moussa wague (KAS Eupen, 2016)
[2464800] Failed to build match row: Vitória Setúbal FC vs Sport Lisboa e Benfica
[2732281] Failed to build match row: KAS Eupen vs Sportvereniging Zulte Waregem
[2699228] Could not find attributes for henry sung (SV Drochtersen/Assel, 2016)
[2699228] Failed to build match row: SV Drochtersen/Assel vs Mönchengladbach
[2764423] Could not find attributes for dimitrios giannoulis (Panthessalonikios Athlitikos Omilos Konstantinoupoliton, 2016)
[2764423] Failed to build match row: Panthessalonikios Athlitikos Omilos Konstantinoupoliton vs Athlitiki Enosi Larisas
[2588979] Could not find attributes for hedwiges maduro (Football Club Groningen, 2015)

Keepers & outfield error for **Sporting Clube de Braga** in Sporting Clube de Braga vs Futebol Clube do Porto: Numbers: 0 and 11.
[2588979] Failed to build match row: Nijmegen Eendracht Combinatie vs Football Club Groningen
[3074774] Could not find attributes for bogdan shust (Vorskla Poltava, 2018)
[2340389] Failed to build match row: Sporting Clube de Braga vs Futebol Clube do Porto
[3074774] Failed to build match row: Vorskla Poltava vs PFK Lviv
[3229066] Could not find attributes for yuriy pankiv (FC Oleksandriya, 2019)
[3229066] Failed to build match row: FC Oleksandriya vs Desna Chernigiv
[3080934] Could not find attributes for albin ekdal (UC Sampdoria, 2018)
[3080934] Failed to build match row: Frosinone Calcio vs UC Sampdoria

Keepers & outfield error for **Esbjerg fB** in Esbjerg fB vs Viborg Fodsports Forening: Numbers: 0 and 11.

Keepers & outfield error for **Verona Hellas Football Club** in Verona Hellas Football Club vs Chievo Verona: Numbers: 0 and 11.
[2458321] Could not find attributes for lukas nottbeck (FC Viktoria Köln, 2014)
[2581333] Failed to build match row: Esbjerg fB vs Viborg Fodsports Forening
[3282962] Could not find attributes for denis trunkin (Pskov-747 (-2020), 2015)
[2458321] Failed to build match row: FC Viktoria Köln vs Hertha BSC
[2606529] Could not find attributes for axel meye (Eskisehirspor, 2015)
[2514887] Could not find attributes for gregor buchanan (Dunfermline Athletic FC, 2014)
[2359326] Failed to build match row: Verona Hellas Football Club vs Chievo Verona
[3282962] Failed to build match row: Pskov-747 (-2020) vs FK Domodedovo (-2017)
[2514887] Failed to build match row: Dunfermline Athletic FC vs Stranraer FC
[2988371] Failed to scrape lineup: https://www.transfermarkt.co.uk/spielbericht/index/spielbericht/2988371
[2334908] Failed to scrape lineup: https://www.transfermarkt.co.uk/motherwell-fc_celtic-fc/index/spielbericht/2334908
[2606529] Failed to build match row: Beşiktaş Jimnastik Kulübü vs Eskisehirspor

Keepers & outfield error for **AO FK Zenit Sankt-Peterburg** in AO FK Zenit Sankt-Peterburg vs Mordovia Saransk (-2020): Numbers: 2 and 9.
[2826749] Could not find attributes for maicon bolt (Футбольный клуб "Локомотив" Москва, 2016)

Keepers & outfield error for **Boavista FC** in CF Os Belenenses vs Boavista FC: Numbers: 0 and 11.
[2475439] Failed to scrape lineup: https://www.transfermarkt.co.uk/granada-cf_malaga-cf/index/spielbericht/2475439
[2887177] Failed to scrape lineup: https://www.transfermarkt.co.uk/spielbericht/index/spielbericht/2887177
[2826749] Failed to build match row: Футбольный клуб "Локомотив" Москва vs FC Tosno (-2018)
[2495373] Could not find attributes for artem soroko (BATE Borisov, 2014)
[2720760] Failed to build match row: CF Os Belenenses vs Boavista FC
[2635697] Failed to build match row: AO FK Zenit Sankt-Peterburg vs Mordovia Saransk (-2020)
[2495373] Failed to build match row: Athletic Club Bilbao vs BATE Borisov
[3120727] Could not find attributes for matvey safonov (FK Krasnodar, 2018)
[2897458] Failed to scrape lineup: https://www.transfermarkt.co.uk/bologna-fc-1909_juventus-fc/index/spielbericht/2897458
[3120727] Failed to build match row: FK Krasnodar vs Enisey Krasnoyarsk
[2551463] Could not find attributes for zauri makharadze (Olimpik Donetsk, 2014)
[2551463] Failed to build match row: Olimpik Donetsk vs Futbolniy Klub Dynamo Kyiv
Not enough players found for lineup: 0, 0.
Not enough players found for lineup: 0, 0.
[3094384] Failed to scrape lineup: https://www.transfermarkt.co.uk/spielbericht/index/spielbericht/3094384

Keepers & outfield error for **Bologna Football Club 1909** in Società Sportiva Calcio Napoli vs Bologna Football Club 1909: Numbers: 0 and 11.
[2369473] Failed to scrape lineup: https://www.transfermarkt.co.uk/spielbericht/index/spielbericht/2369473
[2732282] Could not find attributes for ishak belfodil (Royal Standard Club de Liège, 2016)
[2726508] Failed to build match row: Società Sportiva Calcio Napoli vs Bologna Football Club 1909

Keepers & outfield error for **Real Madrid Club de Fútbol** in Real Madrid Club de Fútbol vs CF Fuenlabrada: Numbers: 2 and 9.
[2732282] Failed to build match row: Royal Standard Club de Liège vs KV Oostende
[3229067] Could not find attributes for anton yashkov (FK Kolos Kovalivka, 2019)
[2929847] Failed to build match row: Real Madrid Club de Fútbol vs CF Fuenlabrada
[2340390] Could not find attributes for Avto (Gil Vicente Futebol Clube, 2013)
[3229067] Failed to build match row: FK Kolos Kovalivka vs Vorskla Poltava
[2340390] Failed to build match row: Sporting Clube de Portugal vs Gil Vicente Futebol Clube
[2359327] Could not find attributes for leandro rinaudo (US Livorno 1915, 2013)
Not enough players found for lineup: 11, 0.
[2359327] Failed to build match row: US Livorno 1915 vs Juventus Football Club
[3250269] Failed to scrape lineup: https://www.transfermarkt.co.uk/spielbericht/index/spielbericht/3250269
[3080935] Could not find attributes for mattia destro (Bologna Football Club 1909, 2018)
[3080935] Failed to build match row: Genoa Cricket and Football Club vs Bologna Football Club 1909
[2904769] Could not find attributes for jander (Apollon Limassol, 2017)
[2904769] Failed to build match row: Apollon Limassol vs Fodbold Club Midtjylland
[2871953] Could not find attributes for andriy yarmolenko (Borussia Dortmund, 2017)
[2871953] Failed to build match row: Borussia Dortmund vs FC Bayern München
Not enough players found for lineup: 0, 0.
[2475440] Could not find attributes for marcos angeleri (Málaga CF, 2014)
Not enough players found for lineup: 0, 11.

Keepers & outfield error for **Valencia Club de Fútbol S. A. D.** in Valencia Club de Fútbol S. A. D. vs Arsenal Football Club: Numbers: 0 and 11.
[2635698] Could not find attributes for aritm (FK Krasnodar, 2015)
[2887178] Failed to scrape lineup: https://www.transfermarkt.co.uk/spielbericht/index/spielbericht/2887178
[2475440] Failed to build match row: Málaga CF vs Córdoba CF
rt Lisboa e Benfica vs Vitória Setúbal FC: Numbers: 0 and 11.
[3282963] Failed to scrape lineup: https://www.transfermarkt.co.uk/spielbericht/index/spielbericht/3282963
[3120728] Could not find attributes for evgeniy chernov (AO FK Zenit Sankt-Peterburg, 2018)
[2465442] Could not find attributes for patrick zonneveld (VV IJsselmeervogels, 2014)
[3177131] Failed to build match row: Valencia Club de Fútbol S. A. D. vs Arsenal Football Club
[2720761] Failed to build match row: Sport Lisboa e Benfica vs Vitória Setúbal FC
014)
[2495545] Failed to scrape lineup: https://www.transfermarkt.co.uk/spielbericht/index/spielbericht/2495545
[3120728] Failed to build match row: PFK CSKA Moskva vs AO FK Zenit Sankt-Peterburg
)
[2465442] Failed to build match row: VV IJsselmeervogels vs JVC Cuijk
[2764424] Failed to build match row: Panelefsiniakos AO vs AO Trikala
[2334909] Could not find attributes for marian kello (Saint Mirren Football Club, 2013)
[2699229] Could not find attributes for jannis pellowski (FSV Frankfurt, 2016)
[2551464] Failed to build match row: Dnipro Dnipropetrovsk (-2020) vs FC Shakhtar Donetsk

Keepers & outfield error for **Lyngby Boldklub** in Lyngby Boldklub vs Football Club København: Numbers: 2 and 9.
[2732283] Could not find attributes for vladimir kovacevic (KV Kortrijk, 2016)
[2699229] Failed to build match row: FSV Frankfurt vs Verein für Leibesübungen Wolfsburg
[3210448] Failed to build match row: Lyngby Boldklub vs Football Club København
[3229068] Could not find attributes for andriy klishchuk (SC Dnipro-1, 2019)
[2732283] Failed to build match row: KV Kortrijk vs Royal Excel Mouscron (-2022)
[3229068] Failed to build match row: SC Dnipro-1 vs PFK Lviv
[2334909] Failed to build match row: Saint Mirren Football Club vs Inverness Caledonian Thistle FC
[2826750] Could not find attributes for catalin carp (FK Ufa, 2016)

Keepers & outfield error for **FC Paços de Ferreira** in FC Paços de Ferreira vs Clube Desportivo Nacional: Numbers: 3 and 8.
[2826750] Failed to build match row: FK Ufa vs Anzhi Makhachkala ( -2022)
Not enough players found for lineup: 0, 0.
ad de Fútbol S.A.D.** in Real Sociedad de Fútbol S.A.D. vs Club Lleida Esportiu: Numbers: 0 and 11.
[2340391] Failed to build match row: FC Paços de Ferreira vs Clube Desportivo Nacional
[3250270] Failed to scrape lineup: https://www.transfermarkt.co.uk/spielbericht/index/spielbericht/3250270
[2345111] Could not find attributes for marin orsulic (Xäzär Länkäran, 2013)
[2345111] Failed to build match row: Xäzär Länkäran vs Maccabi Haifa
[2588982] Could not find attributes for hedwiges maduro (Football Club Groningen, 2015)
[2588982] Failed to build match row: Football Club Groningen vs Prins Hendrik Ende Desespereert Nimmer Combinatie Zwolle
[3063575] Could not find attributes for zeca (Football Club København, 2018)
[3063575] Failed to build match row: Football Club København vs Aalborg BK

Keepers & outfield error for **Genoa Cricket and Football Club** in Unione Sportiva Sassuolo Calcio vs Genoa Cricket and Football Club: Numbers: 2 and 9.
[2726510] Failed to build match row: Unione Sportiva Sassuolo Calcio vs Genoa Cricket and Football Club
[2515842] Could not find attributes for davide vitturini (Delfino Pescara 1936, 2014)
[2515842] Failed to build match row: Unione Sportiva Sassuolo Calcio vs Delfino Pescara 1936

Keepers & outfield error for **RasenBallsport Leipzig** in RasenBallsport Leipzig vs Hannover 96: Numbers: 0 and 11.
[2871954] Failed to build match row: RasenBallsport Leipzig vs Hannover 96

Keepers & outfield error for **Parma Calcio 1913** in Football Club Internazionale Milano S.p.A. vs Parma Calcio 1913: Numbers: 2 and 9.
[3080936] Failed to build match row: Football Club Internazionale Milano S.p.A. vs Parma Calcio 1913
[2877310] Could not find attributes for shaquille pinas (ADO Den Haag, 2017)
[2581335] Could not find attributes for joan simun edmundsson (Odense Boldklub, 2015)
[2877310] Failed to build match row: Heracles Almelo vs ADO Den Haag
[2581335] Failed to build match row: Odense Boldklub vs Randers Fodbold Club
Not enough players found for lineup: 0, 0.
[3229069] Failed to scrape lineup: https://www.transfermarkt.co.uk/sc-dnipro-1_kolos-kovalivka/index/spielbericht/3229069
[2887179] Failed to scrape lineup: https://www.transfermarkt.co.uk/spielbericht/index/spielbericht/2887179
[3074776] Could not find attributes for sergiy sitalo (Arsenal Kyiv, 2018)
[3074776] Failed to build match row: Arsenal Kyiv vs FK Mariupol
[2551465] Could not find attributes for oleksandr rybka (Futbolniy Klub Dynamo Kyiv, 2014)
[2551465] Failed to build match row: Futbolniy Klub Dynamo Kyiv vs Olimpik Donetsk
[2871955] Could not find attributes for matthias lehmann (1. Fußball-Club Köln, 2017)
[2732284] Could not find attributes for gaetan hendrickx (Royal Charleroi Sporting Club, 2016)
[2871955] Failed to build match row: 1. Fußball-Club Köln vs Turn- und Sportgemeinschaft 1899 Hoffenheim Fußball-Spielbetriebs
Not enough players found for lineup: 0, 0.
[2732284] Failed to build match row: Royal Charleroi Sporting Club vs KV Kortrijk
[3178955] Failed to scrape lineup: https://www.transfermarkt.co.uk/spielbericht/index/spielbericht/3178955
[2764425] Could not find attributes for alaixys romao (Olympiakos Syndesmos Filathlon Peiraios, 2016)

Keepers & outfield error for **Vejle Boldklub** in Vejle Boldklub vs Aarhus Gymnastik Forening: Numbers: 2 and 9.
[2764425] Failed to build match row: Olympiakos Syndesmos Filathlon Peiraios vs AO Platanias
[3063576] Failed to build match row: Vejle Boldklub vs Aarhus Gymnastik Forening

Keepers & outfield error for **West Ham United Football Club** in West Ham United Football Club vs Watford FC: Numbers: 2 and 9.
[3050345] Failed to build match row: West Ham United Football Club vs Watford FC
[2581336] Failed to scrape lineup: https://www.transfermarkt.co.uk/fc-midtjylland_brondby-if/index/spielbericht/2581336

Keepers & outfield error for **Torino Calcio** in Torino Calcio vs FC Empoli: Numbers: 2 and 9.

Keepers & outfield error for **Futebol Clube do Porto** in Futebol Clube do Porto vs Rio Ave Futebol Clube: Numbers: 0 and 11.
[3210449] Could not find attributes for kamaldeen sulemana (Fodbold Club Nordsjælland, 2019)
[2726511] Failed to build match row: Torino Calcio vs FC Empoli
[2340392] Failed to build match row: Futebol Clube do Porto vs Rio Ave Futebol Clube
[3210449] Failed to build match row: Silkeborg Idrætsforening vs Fodbold Club Nordsjælland
[2664151] Could not find attributes for sambou yatabare (Sportverein Werder Bremen von 1899, 2015)
[2664151] Failed to build match row: FC Bayern München vs Sportverein Werder Bremen von 1899
[2732285] Failed to scrape lineup: https://www.transfermarkt.co.uk/sint-truidense-vv_kas-eupen/index/spielbericht/2732285
[2904770] Could not find attributes for dejan milic (NK Domzale, 2017)
[2904770] Failed to build match row: NK Domzale vs Olympique de Marseille
[2486715] Failed to scrape lineup: https://www.transfermarkt.co.uk/west-bromwich-albion_swansea-city/index/spielbericht/2486715
Not enough players found for lineup: 0, 0.
[2887180] Failed to scrape lineup: https://www.transfermarkt.co.uk/spielbericht/index/spielbericht/2887180
[3282965] Failed to scrape lineup: https://www.transfermarkt.co.uk/spielbericht/index/spielbericht/3282965
[2871956] Could not find attributes for nils petersen (Sport-Club Freiburg, 2017)
[2871956] Failed to build match row: Sport-Club Freiburg vs FC Schalke 04
[2594818] Could not find attributes for jean sylvain babin (Granada CF, 2015)
[2594818] Failed to build match row: Celta vs Granada CF
[3074777] Could not find attributes for igor lytovka (Desna Chernigiv, 2018)
[3074777] Failed to build match row: Desna Chernigiv vs FC Oleksandriya

Keepers & outfield error for **Verona Hellas Football Club** in Verona Hellas Football Club vs Associazione Calcio Milan: Numbers: 0 and 11.
[2897461] Failed to build match row: Verona Hellas Football Club vs Associazione Calcio Milan
[2826751] Could not find attributes for nikolay tsygan (Sibir Novosibirsk (- 2019), 2016)
[2826751] Failed to build match row: FC Rubin Kazan vs Sibir Novosibirsk (- 2019)
[3203641] Failed to scrape lineup: https://www.transfermarkt.co.uk/rb-leipzig_bayer-04-leverkusen/index/spielbericht/3203641
[2486716] Failed to scrape lineup: https://www.transfermarkt.co.uk/chelsea-fc_everton-fc/index/spielbericht/2486716
[3250271] Could not find attributes for valton maksuti (Herlev IF, 2019)
[3250271] Failed to build match row: Herlev IF vs Silkeborg Idrætsforening
[2581337] Could not find attributes for emre mor (Fodbold Club Nordsjælland, 2015)
[2581337] Failed to build match row: Aalborg BK vs Fodbold Club Nordsjælland
Not enough players found for lineup: 0, 0.
[3178956] Failed to scrape lineup: https://www.transfermarkt.co.uk/spielbericht/index/spielbericht/3178956
[2732286] Could not find attributes for lovre kalinic (Koninklijke Atletiek Associatie Gent, 2016)
[2732286] Failed to build match row: Koninklijke Atletiek Associatie Gent vs Yellow-Red Koninklijke Voetbalclub Mechelen
[2635700] Could not find attributes for aleksandr belenov (Kuban Krasnodar (-2018), 2015)
[2635700] Failed to build match row: Kuban Krasnodar (-2018) vs Футбольный клуб "Локомотив" Москва
[2551466] Could not find attributes for denys boyko (Dnipro Dnipropetrovsk (-2020), 2014)
[2551466] Failed to build match row: FC Shakhtar Donetsk vs Dnipro Dnipropetrovsk (-2020)
[2877311] Failed to scrape lineup: https://www.transfermarkt.co.uk/excelsior-rotterdam_fc-utrecht/index/spielbericht/2877311
[3219191] Failed to scrape lineup: https://www.transfermarkt.co.uk/leicester-city_crystal-palace/index/spielbericht/3219191
[2606531] Failed to scrape lineup: https://www.transfermarkt.co.uk/genclerbirligi-ankara_galatasaray/index/spielbericht/2606531
[3210450] Could not find attributes for zeca (Football Club København, 2019)
[3210450] Failed to build match row: Football Club København vs Randers Fodbold Club

Keepers & outfield error for **FC Schalke 04** in FC Schalke 04 vs Fußball-Club Augsburg 1907: Numbers: 2 and 9.
[2321117] Failed to build match row: FC Schalke 04 vs Fußball-Club Augsburg 1907
[2594819] Could not find attributes for carl medjani (Levante Unión Deportiva S.A.D., 2015)
[2594819] Failed to build match row: Levante Unión Deportiva S.A.D. vs Athletic Club Bilbao
[3393778] Could not find attributes for zdenek zlamal (Saint Mirren Football Club, 2020)
[3393778] Failed to build match row: Saint Mirren Football Club vs The Celtic Football Club
[2581338] Could not find attributes for jung bin park (Hobro IK, 2015)
[2581338] Failed to build match row: Aarhus Gymnastik Forening vs Hobro IK
[2764426] Could not find attributes for nikolaos melissas (AE Sparti, 2016)
[2871957] Could not find attributes for tony jantschke (Mönchengladbach, 2017)

Keepers & outfield error for **SC Olhanense** in SC Olhanense vs Sporting Clube de Braga: Numbers: 2 and 9.
[2704511] Could not find attributes for felix wiedwald (Sportverein Werder Bremen von 1899, 2016)
[2340393] Failed to build match row: SC Olhanense vs Sporting Clube de Braga
[2871957] Failed to build match row: Mönchengladbach vs 1. Fußball- und Sportverein Mainz 05
[2764426] Failed to build match row: AE Sparti vs AO Chania
[3203642] Could not find attributes for yuya osako (Sportverein Werder Bremen von 1899, 2019)
[2369966] Could not find attributes for ubay luzardo (SC Farense, 2013)
[2704511] Failed to build match row: Sportverein Werder Bremen von 1899 vs Mönchengladbach
[3203642] Failed to build match row: Sportverein Werder Bremen von 1899 vs Eintracht Frankfurt Fußball AG
[2369966] Failed to build match row: SC Farense vs CS Marítimo
[2988373] Could not find attributes for gethin jones (Fleetwood Town, 2017)
[2988373] Failed to build match row: Leicester City vs Fleetwood Town
[2666000] Failed to scrape lineup: https://www.transfermarkt.co.uk/spielbericht/index/spielbericht/2666000

Keepers & outfield error for **Deportivo de La Coruña** in UD Las Palmas vs Deportivo de La Coruña: Numbers: 2 and 9.
Not enough players found for lineup: 0, 0.
[2321118] Failed to scrape lineup: https://www.transfermarkt.co.uk/borussia-monchengladbach_borussia-dortmund/index/spielbericht/2321118
[2929849] Failed to build match row: UD Las Palmas vs Deportivo de La Coruña

Keepers & outfield error for **UC Sampdoria** in UC Sampdoria vs Società Sportiva Lazio S.p.A.: Numbers: 0 and 11.
[2887182] Failed to scrape lineup: https://www.transfermarkt.co.uk/spielbericht/index/spielbericht/2887182
[2359331] Failed to build match row: UC Sampdoria vs Società Sportiva Lazio S.p.A.
[3219192] Could not find attributes for robert snodgrass (West Ham United Football Club, 2019)
[3219192] Failed to build match row: Liverpool Football Club vs West Ham United Football Club
[3074778] Failed to scrape lineup: https://www.transfermarkt.co.uk/zorya-lugansk_chornomorets-odessa/index/spielbericht/3074778
[2877312] Could not find attributes for mohammed el hankouri (Willem II Tilburg, 2017)
[2877312] Failed to build match row: Sparta Rotterdam vs Willem II Tilburg

Keepers & outfield error for **Brighton and Hove Albion Football Club** in Brighton and Hove Albion Football Club vs Everton Football Club: Numbers: 2 and 9.
[3050347] Failed to build match row: Brighton and Hove Albion Football Club vs Everton Football Club
[2581339] Could not find attributes for osama akharraz (Viborg Fodsports Forening, 2015)
[2581339] Failed to build match row: Viborg Fodsports Forening vs Fodbold Club Midtjylland
[3250272] Could not find attributes for morten bank (Avarta, 2019)
[3250272] Failed to build match row: Avarta vs BK Frem
[3080938] Failed to scrape lineup: https://www.transfermarkt.co.uk/ssc-napoli_acf-fiorentina/index/spielbericht/3080938
[3121498] Could not find attributes for nikolaj stottrup hansen (Naestved Boldklub, 2018)
[3121498] Failed to build match row: Naestved Boldklub vs Aarhus Gymnastik Forening
[2552233] Could not find attributes for paul heffernan (Dundee Football Club, 2014)

Keepers & outfield error for **Chelsea Football Club** in Chelsea Football Club vs Manchester United Football Club: Numbers: 2 and 9.
[2552233] Failed to build match row: Dundee Football Club vs The Celtic Football Club

Keepers & outfield error for **Bologna Football Club 1909** in Bologna Football Club 1909 vs UC Sampdoria: Numbers: 0 and 11.
[3178957] Failed to scrape lineup: https://www.transfermarkt.co.uk/spielbericht/index/spielbericht/3178957
[2827655] Failed to build match row: Chelsea Football Club vs Manchester United Football Club
[2726514] Failed to build match row: Bologna Football Club 1909 vs UC Sampdoria

Keepers & outfield error for **Aberdeen Football Club** in Aberdeen Football Club vs Hamilton Academical FC: Numbers: 0 and 11.
[3393779] Failed to build match row: Aberdeen Football Club vs Hamilton Academical FC
Not enough players found for lineup: 0, 0.
[2340394] Failed to scrape lineup: https://www.transfermarkt.co.uk/vitoria-setubal-fc_cd-nacional/index/spielbericht/2340394

Keepers & outfield error for **Cardiff City** in Mansfield Town vs Cardiff City: Numbers: 2 and 9.
[2988374] Failed to build match row: Mansfield Town vs Cardiff City
[3210451] Failed to scrape lineup: https://www.transfermarkt.co.uk/sonderjyske_silkeborg-if/index/spielbericht/3210451

Keepers & outfield error for **RFK Akhmat Grozny** in Amkar Perm vs RFK Akhmat Grozny: Numbers: 2 and 9.
[2635702] Failed to build match row: Amkar Perm vs RFK Akhmat Grozny

Keepers & outfield error for **Vejle Boldklub** in Vejle Boldklub vs Fodbold Club Midtjylland: Numbers: 2 and 9.
[3063579] Failed to build match row: Vejle Boldklub vs Fodbold Club Midtjylland
[3074779] Could not find attributes for maksym kuchynskyi (Karpaty Lviv (-2021), 2018)
[2369967] Failed to scrape lineup: https://www.transfermarkt.co.uk/spielbericht/index/spielbericht/2369967
[3074779] Failed to build match row: Karpaty Lviv (-2021) vs Olimpik Donetsk
[2486718] Failed to scrape lineup: https://www.transfermarkt.co.uk/sunderland-afc_queens-park-rangers/index/spielbericht/2486718
[2764427] Could not find attributes for theodoros mingos (Panathinaikos Athlitikos Omilos, 2016)
[2581340] Could not find attributes for thomas kahlenberg (Brøndby Idrætsforening, 2015)
[2458322] Could not find attributes for sandrino braun schumacher (Stuttgarter Kickers, 2014)
[2764427] Failed to build match row: Panathinaikos Athlitikos Omilos vs Iraklis Thessaloniki
Not enough players found for lineup: 0, 0.
[2581340] Failed to build match row: Brøndby Idrætsforening vs Odense Boldklub
[2458322] Failed to build match row: Stuttgarter Kickers vs Borussia Dortmund
[3178958] Failed to scrape lineup: https://www.transfermarkt.co.uk/spielbericht/index/spielbericht/3178958
[3203644] Could not find attributes for vladimir darida (Hertha BSC, 2019)
[3094385] Could not find attributes for bas beijersbergen (SJC Noordwijk, 2018)
[3203644] Failed to build match row: Fortuna Düsseldorf vs Hertha BSC
[3094385] Failed to build match row: SJC Noordwijk vs FC Lisse
[2340395] Could not find attributes for julio alves (Rio Ave Futebol Clube, 2013)
[2340395] Failed to build match row: Rio Ave Futebol Clube vs SC Olhanense
[2359332] Failed to scrape lineup: https://www.transfermarkt.co.uk/us-sassuolo_atalanta-bc/index/spielbericht/2359332

Keepers & outfield error for **Esbjerg fB** in Esbjerg fB vs Aalborg BK: Numbers: 2 and 9.
[2515949] Failed to build match row: Esbjerg fB vs Aalborg BK
[2475441] Could not find attributes for ion ansotegi (Real Sociedad de Fútbol S.A.D., 2014)
[2475441] Failed to build match row: Getafe Club de Fútbol S. A. D. Team Dubai vs Real Sociedad de Fútbol S.A.D.
[3050348] Failed to scrape lineup: https://www.transfermarkt.co.uk/burnley-fc_west-ham-united/index/spielbericht/3050348
[2877313] Failed to scrape lineup: https://www.transfermarkt.co.uk/vvv-venlo_feyenoord-rotterdam/index/spielbericht/2877313

Keepers & outfield error for **KSC Lokeren (- 2020)** in Royal Sporting Club Anderlecht vs KSC Lokeren (- 2020): Numbers: 0 and 11.
[2617071] Failed to build match row: Royal Sporting Club Anderlecht vs KSC Lokeren (- 2020)
[3282967] Could not find attributes for maksymilian stryjek (Eastleigh FC, 2019)
[3282967] Failed to build match row: Eastleigh FC vs Stourbridge FC

Keepers & outfield error for **Wolverhampton Wanderers Football Club** in Sheffield United vs Wolverhampton Wanderers Football Club: Numbers: 0 and 11.
Not enough players found for lineup: 11, 0.
[3219194] Failed to build match row: Sheffield United vs Wolverhampton Wanderers Football Club
[2495639] Failed to scrape lineup: https://www.transfermarkt.co.uk/spielbericht/index/spielbericht/2495639
[2594822] Could not find attributes for daniele bonera (Villarreal Club de Fútbol S.A.D., 2015)
[2594822] Failed to build match row: Valencia Club de Fútbol S. A. D. vs Villarreal Club de Fútbol S.A.D.
[2458323] Failed to scrape lineup: https://www.transfermarkt.co.uk/spielbericht/index/spielbericht/2458323
[3229070] Could not find attributes for oleksandr tkachenko (Vorskla Poltava, 2019)
[3229070] Failed to build match row: Vorskla Poltava vs FC Oleksandriya
[2699230] Could not find attributes for philipp pentke (SSV Jahn Regensburg, 2016)
[2699230] Failed to build match row: SSV Jahn Regensburg vs Hertha BSC
[3074780] Could not find attributes for maksym kuchynskyi (Karpaty Lviv (-2021), 2018)
[3074780] Failed to build match row: Karpaty Lviv (-2021) vs FC Zorya Lugansk
[2871960] Could not find attributes for albin ekdal (Hamburger Sport Verein, 2017)
[2871960] Failed to build match row: Hamburger Sport Verein vs Verein für Bewegungsspiele Stuttgart 1893

Keepers & outfield error for **Espanol** in Espanol vs Club Atlético de Madrid S.A.D.: Numbers: 2 and 9.
[2475442] Failed to build match row: Espanol vs Club Atlético de Madrid S.A.D.
[3080939] Failed to scrape lineup: https://www.transfermarkt.co.uk/as-roma_chievo-verona/index/spielbericht/3080939
[2552955] Failed to scrape lineup: https://www.transfermarkt.co.uk/spielbericht/index/spielbericht/2552955
[3210453] Could not find attributes for aron elis thrandarson (Odense Boldklub, 2019)
Not enough players found for lineup: 0, 11.
[3210453] Failed to build match row: Odense Boldklub vs Esbjerg fB
[2495640] Failed to scrape lineup: https://www.transfermarkt.co.uk/spielbericht/index/spielbericht/2495640
Not enough players found for lineup: 0, 0.
[3094387] Failed to scrape lineup: https://www.transfermarkt.co.uk/spielbericht/index/spielbericht/3094387
[2359333] Could not find attributes for tiberio guarente (Catania FC, 2013)
[2359333] Failed to build match row: Torino Calcio vs Catania FC
[2465443] Failed to scrape lineup: https://www.transfermarkt.co.uk/spielbericht/index/spielbericht/2465443

Keepers & outfield error for **SPAL** in SPAL vs Atalanta Bergamasca Calcio S.p.a.: Numbers: 2 and 9.
[3080940] Failed to build match row: SPAL vs Atalanta Bergamasca Calcio S.p.a.
[2988375] Failed to scrape lineup: https://www.transfermarkt.co.uk/spielbericht/index/spielbericht/2988375
[2726516] Could not find attributes for massimo maccarone (FC Empoli, 2016)
[2726516] Failed to build match row: FC Empoli vs Football Club Internazionale Milano S.p.A.
[2904771] Could not find attributes for vladimir stojkovic (Fudbalski Klub Partizan Beograd, 2017)
[2904771] Failed to build match row: Fudbalski Klub Partizan Beograd vs Videoton FC
[2732287] Failed to scrape lineup: https://www.transfermarkt.co.uk/kvc-westerlo_krc-genk/index/spielbericht/2732287
[2764428] Could not find attributes for dionysis chiotis (Apollon Smyrnis, 2016)
[3229071] Could not find attributes for yevgen past (Desna Chernigiv, 2019)
[3095944] Could not find attributes for dimitrios kyriakidis (Panetolikos Agrinio, 2018)
[2486719] Failed to scrape lineup: https://www.transfermarkt.co.uk/aston-villa_stoke-city/index/spielbericht/2486719
[2764428] Failed to build match row: Apollon Smyrnis vs Omilos Filathlon Irakliou FC
r-sv/index/spielbericht/2704514
[3178959] Failed to scrape lineup: https://www.transfermarkt.co.uk/spielbericht/index/spielbericht/3178959
[3095944] Failed to build match row: Panetolikos Agrinio vs APS Atromitos Athinon
[2329851] Failed to scrape lineup: https://www.transfermarkt.co.uk/raec-mons-2015-_rsc-anderlecht/index/spielbericht/2329851
[3229071] Failed to build match row: Desna Chernigiv vs Karpaty Lviv (-2021)
[2515950] Could not find attributes for nicklas dannevang (Brönshöj Boldklub, 2014)
[2515950] Failed to build match row: Brönshöj Boldklub vs FC Vestsjaelland
[3393781] Failed to scrape lineup: https://www.transfermarkt.co.uk/rangers-fc_st-johnstone-fc/index/spielbericht/3393781
[2666788] Failed to scrape lineup: https://www.transfermarkt.co.uk/spielbericht/index/spielbericht/2666788
[2877314] Failed to scrape lineup: https://www.transfermarkt.co.uk/ajax-amsterdam_nac-breda/index/spielbericht/2877314
[2345112] Could not find attributes for stojan dimovski (FK Horizont Turnovo, 2013)

Keepers & outfield error for **Associazione Calcio Fiorentina** in Udinese Calcio vs Associazione Calcio Fiorentina: Numbers: 0 and 11.
[2345112] Failed to build match row: FK Horizont Turnovo vs HNK Hajduk Split
[3074781] Could not find attributes for sergiy litovchenko (Chornomorets Odesa, 2018)
[2359334] Failed to build match row: Udinese Calcio vs Associazione Calcio Fiorentina
[2617072] Failed to scrape lineup: https://www.transfermarkt.co.uk/standard-liege_kv-oostende-2024-/index/spielbericht/2617072
[3074781] Failed to build match row: Chornomorets Odesa vs Desna Chernigiv
[3080941] Could not find attributes for valon behrami (Udinese Calcio, 2018)
[2594823] Failed to scrape lineup: https://www.transfermarkt.co.uk/deportivo-de-la-coruna_getafe-cf/index/spielbericht/2594823
[3080941] Failed to build match row: Udinese Calcio vs Torino Calcio
[2606533] Could not find attributes for alexandru epureanu (İstanbul Başakşehir Futbol Kulübü, 2015)
[2606533] Failed to build match row: İstanbul Başakşehir Futbol Kulübü vs Ankaraspor
[2699231] Failed to scrape lineup: https://www.transfermarkt.co.uk/spielbericht/index/spielbericht/2699231

Keepers & outfield error for **Genoa Cricket and Football Club** in Genoa Cricket and Football Club vs Società Sportiva Calcio Napoli: Numbers: 2 and 9.
[2726517] Failed to build match row: Genoa Cricket and Football Club vs Società Sportiva Calcio Napoli
[2334915] Failed to scrape lineup: https://www.transfermarkt.co.uk/heart-of-midlothian-fc_inverness-caledonian-thistle-fc/index/spielbericht/2334915
Not enough players found for lineup: 0, 0.
[2828200] Failed to scrape lineup: https://www.transfermarkt.co.uk/spielbericht/index/spielbericht/2828200
[3063581] Failed to scrape lineup: https://www.transfermarkt.co.uk/odense-boldklub_fc-copenhagen/index/spielbericht/3063581
[2465444] Failed to scrape lineup: https://www.transfermarkt.co.uk/spielbericht/index/spielbericht/2465444
[3050349] Failed to scrape lineup: https://www.transfermarkt.co.uk/crystal-palace_chelsea-fc/index/spielbericht/3050349
[2581342] Could not find attributes for kees luijckx (Sønderjyske Fodbold, 2015)
[2581342] Failed to build match row: Sønderjyske Fodbold vs Aarhus Gymnastik Forening
[3210454] Failed to scrape lineup: https://www.transfermarkt.co.uk/ac-horsens_brondby-if/index/spielbericht/3210454

Keepers & outfield error for **Levante Unión Deportiva S.A.D.** in Levante Unión Deportiva S.A.D. vs Girona Fútbol Club S. A. D.: Numbers: 3 and 8.
[2871980] Could not find attributes for julian korb (Hannover 96, 2017)
[2929850] Failed to build match row: Levante Unión Deportiva S.A.D. vs Girona Fútbol Club S. A. D.
[2871980] Failed to build match row: FC Bayern München vs Hannover 96
[3203646] Could not find attributes for stephan lichtsteiner (Fußball-Club Augsburg 1907, 2019)
[3203646] Failed to build match row: Fußball-Club Augsburg 1907 vs Mönchengladbach
[2557032] Could not find attributes for dmitriy stotskiy (FK Ufa, 2014)
[2557032] Failed to build match row: FK Ufa vs Футбольный клуб "Локомотив" Москва
[2764429] Could not find attributes for alexandros paschalakis (PAS Giannina, 2016)
[2764429] Failed to build match row: PAS Giannina vs AO Xanthi

Keepers & outfield error for **Odense Boldklub** in Odense Boldklub vs Silkeborg Idrætsforening: Numbers: 3 and 8.
[2495671] Failed to build match row: Odense Boldklub vs Silkeborg Idrætsforening
[3229072] Could not find attributes for yevgen cheberko (FC Zorya Lugansk, 2019)
[3229072] Failed to build match row: FC Zorya Lugansk vs Futbolniy Klub Dynamo Kyiv
Not enough players found for lineup: 0, 0.
[3178960] Failed to scrape lineup: https://www.transfermarkt.co.uk/spielbericht/index/spielbericht/3178960
[2829789] Could not find attributes for ofir marciano (Hibernian Football Club, 2016)
[2829789] Failed to build match row: Hibernian Football Club vs Ayr United FC
[3121500] Could not find attributes for mads zederkof (Kolding IF, 2018)
[3121500] Failed to build match row: Kolding IF vs Vejle Boldklub
[2340396] Could not find attributes for theo weeks (CS Marítimo, 2013)
[2340396] Failed to build match row: CS Marítimo vs Académica Coimbra
[2897467] Could not find attributes for mattia destro (Bologna Football Club 1909, 2017)
[2897467] Failed to build match row: Chievo Verona vs Bologna Football Club 1909
[3074782] Could not find attributes for yuriy pankiv (FC Oleksandriya, 2018)
[3074782] Failed to build match row: FC Oleksandriya vs Arsenal Kyiv
[3210455] Could not find attributes for kamaldeen sulemana (Fodbold Club Nordsjælland, 2019)
[3210455] Failed to build match row: Fodbold Club Nordsjælland vs Fodbold Club Midtjylland
[2720765] Failed to scrape lineup: https://www.transfermarkt.co.uk/fc-porto_estoril-praia/index/spielbericht/2720765
[3095945] Failed to scrape lineup: https://www.transfermarkt.co.uk/paok-thessaloniki_asteras-tripolis/index/spielbericht/3095945
[2486720] Failed to scrape lineup: https://www.transfermarkt.co.uk/chelsea-fc_burnley-fc/index/spielbericht/2486720
[3219198] Could not find attributes for marc albrighton (Leicester City, 2019)
[3219198] Failed to build match row: Arsenal Football Club vs Leicester City
[2515951] Failed to scrape lineup: https://www.transfermarkt.co.uk/spielbericht/index/spielbericht/2515951
[2458325] Could not find attributes for dominik poremba (Sportfreunde Siegen, 2014)
[2458325] Failed to build match row: Sportfreunde Siegen vs FSV Frankfurt
[2733816] Could not find attributes for gennadios xenodochof (Athlitiki Enosi Larisas, 2016)
[2666789] Failed to scrape lineup: https://www.transfermarkt.co.uk/spielbericht/index/spielbericht/2666789
[2475444] Failed to scrape lineup: https://www.transfermarkt.co.uk/sevilla-fc_elche-cf/index/spielbericht/2475444
[2733816] Failed to build match row: Athlitiki Enosi Larisas vs Veria NPS
[2481065] Failed to scrape lineup: https://www.transfermarkt.co.uk/motherwell-fc_dundee-fc/index/spielbericht/2481065
[2345113] Failed to scrape lineup: https://www.transfermarkt.co.uk/spielbericht/index/spielbericht/2345113
[3121501] Could not find attributes for zeca (Football Club København, 2018)
[3121501] Failed to build match row: Fodbold Club Midtjylland vs Football Club København
[2988376] Could not find attributes for frederik fisker nielsen (Sheffield Wednesday, 2017)
[2988376] Failed to build match row: Sheffield Wednesday vs Carlisle United
[3229073] Could not find attributes for betim halimi (Olimpik Donetsk, 2019)
[3229073] Failed to build match row: Olimpik Donetsk vs FC Shakhtar Donetsk
[2606534] Failed to scrape lineup: https://www.transfermarkt.co.uk/eskisehirspor_akhisar-belediyespor/index/spielbericht/2606534
[2588988] Could not find attributes for patrick joosten (Football Club Utrecht, 2015)
[2588988] Failed to build match row: Football Club Utrecht vs Football Club Twente

Keepers & outfield error for **Sporting Gijón** in Sporting Gijón vs SD Eibar: Numbers: 2 and 9.
[2594824] Failed to build match row: Sporting Gijón vs SD Eibar
[3074783] Could not find attributes for yevgen galchuk (FK Mariupol, 2018)
[3074783] Failed to build match row: FK Mariupol vs Futbolniy Klub Dynamo Kyiv
[2465445] Failed to scrape lineup: https://www.transfermarkt.co.uk/spielbericht/index/spielbericht/2465445
[2635705] Failed to scrape lineup: https://www.transfermarkt.co.uk/ural-yekaterinburg_fc-rostov/index/spielbericht/2635705
[2481066] Could not find attributes for darren barr (Ross County FC, 2014)
[2481066] Failed to build match row: Ross County FC vs The Celtic Football Club
[2733817] Could not find attributes for huanderson (Iraklis Thessaloniki, 2016)
[2733817] Failed to build match row: Iraklis Thessaloniki vs AO Xanthi
[2704526] Could not find attributes for felix wiedwald (Sportverein Werder Bremen von 1899, 2016)
[2704526] Failed to build match row: 1. Fußball- und Sportverein Mainz 05 vs Sportverein Werder Bremen von 1899
[3210456] Could not find attributes for imed louati (Hobro IK, 2019)
[3210456] Failed to build match row: Hobro IK vs Lyngby Boldklub
[2877322] Failed to scrape lineup: https://www.transfermarkt.co.uk/twente-enschede-fc_az-alkmaar/index/spielbericht/2877322
[3080954] Failed to scrape lineup: https://www.transfermarkt.co.uk/bologna-fc-1909_as-roma/index/spielbericht/3080954
[2871981] Failed to scrape lineup: https://www.transfermarkt.co.uk/tsg-1899-hoffenheim_rb-leipzig/index/spielbericht/2871981
[2930326] Could not find attributes for calum antell (Edinburgh City FC, 2017)
[2930326] Failed to build match row: Edinburgh City FC vs Stenhousemuir FC
[3393783] Failed to scrape lineup: https://www.transfermarkt.co.uk/celtic-fc_aberdeen-fc/index/spielbericht/3393783
[2557033] Failed to scrape lineup: https://www.transfermarkt.co.uk/mordovia-saransk-2020-_spartak-moscow/index/spielbericht/2557033
[2764430] Could not find attributes for athanasios repetsas (AEL Kalloni, 2016)
[2764430] Failed to build match row: AEL Kalloni vs Agrotikos Asteras
[3074784] Could not find attributes for bogdan shust (Vorskla Poltava, 2018)
[3178961] Failed to scrape lineup: https://www.transfermarkt.co.uk/spielbericht/index/spielbericht/3178961
[2329853] Failed to scrape lineup: https://www.transfermarkt.co.uk/rsc-anderlecht_standard-liege/index/spielbericht/2329853
[3074784] Failed to build match row: FC Shakhtar Donetsk vs Vorskla Poltava
[2334918] Could not find attributes for sanel jahic (St. Johnstone FC, 2013)
[2831517] Failed to scrape lineup: https://www.transfermarkt.co.uk/spielbericht/index/spielbericht/2831517
[2334918] Failed to build match row: Hibernian Football Club vs St. Johnstone FC
[2699232] Could not find attributes for lukas hartlieb (SC Hauenstein, 2016)
[2340397] Could not find attributes for pintassilgo (Futebol Clube de Arouca, 2013)
[3229074] Could not find attributes for vladyslav pryimak (PFK Lviv, 2019)
[2726520] Could not find attributes for albano bizzarri (Delfino Pescara 1936, 2016)

Keepers & outfield error for **Fußball-Club Augsburg 1907** in FC Bayern München vs Fußball-Club Augsburg 1907: Numbers: 2 and 9.
Not enough players found for lineup: 0, 0.
[2699232] Failed to build match row: SC Hauenstein vs Bayer 04 Leverkusen Fußball
[2340397] Failed to build match row: Futebol Clube de Arouca vs Gil Vicente Futebol Clube
[2726520] Failed to build match row: Delfino Pescara 1936 vs Torino Calcio
[3203649] Failed to build match row: FC Bayern München vs Fußball-Club Augsburg 1907
[2465446] Failed to scrape lineup: https://www.transfermarkt.co.uk/spielbericht/index/spielbericht/2465446
[2486722] Could not find attributes for andrej kramaric (Leicester City, 2014)
[3250274] Could not find attributes for benjamin schubert (Kolding IF, 2019)
[3095946] Could not find attributes for markos vellidis (PAS Giannina, 2018)
[2486722] Failed to build match row: Everton Football Club vs Leicester City
[2877323] Could not find attributes for dave bulthuis (Sportclub Heerenveen, 2017)
[3250274] Failed to build match row: Kolding IF vs Randers Fodbold Club
[3095946] Failed to build match row: Athlitiki Enosi Konstantinoupoleos vs PAS Giannina
[2877323] Failed to build match row: Prins Hendrik Ende Desespereert Nimmer Combinatie Zwolle vs Sportclub Heerenveen
[2369968] Could not find attributes for andre simoes (Moreirense Futebol Clube, 2013)
[3219199] Could not find attributes for danny ings (Southampton FC, 2019)
[2617082] Could not find attributes for igor de camargo (Koninklijke Racing Club Genk, 2015)
[2369968] Failed to build match row: Moreirense Futebol Clube vs Gil Vicente Futebol Clube
[2733818] Could not find attributes for dimitrios sotiriou (AO Platanias, 2016)
[2887553] Could not find attributes for ionut larie (SC Fotbal Club FCSB SA, 2017)
[2617082] Failed to build match row: Koninklijke Racing Club Genk vs Royal Charleroi Sporting Club
[3219199] Failed to build match row: Southampton FC vs Manchester City Football Club
[2733818] Failed to build match row: AO Platanias vs Panathinaikos Athlitikos Omilos
[2887553] Failed to build match row: SC Fotbal Club FCSB SA vs FC Viktoria Plzeň, a.s.
[3282969] Could not find attributes for jack holland (Bromley FC, 2019)
[3074785] Could not find attributes for volodymyr krynskyi (Olimpik Donetsk, 2018)
[2904772] Could not find attributes for gunnar nielsen (FH Hafnarfjördur, 2017)
[3282969] Failed to build match row: Bromley FC vs Bristol Rovers
[3080955] Could not find attributes for valon behrami (Udinese Calcio, 2018)
[2699233] Failed to scrape lineup: https://www.transfermarkt.co.uk/spielbericht/index/spielbericht/2699233
[3074785] Failed to build match row: Olimpik Donetsk vs PFK Lviv
Not enough players found for lineup: 0, 0.
[2904772] Failed to build match row: FH Hafnarfjördur vs Sporting Clube de Braga
[3178962] Failed to scrape lineup: https://www.transfermarkt.co.uk/spielbericht/index/spielbericht/3178962
[3080955] Failed to build match row: Chievo Verona vs Udinese Calcio
[2581343] Could not find attributes for wilfried domoraud (Hobro IK, 2015)
[3121502] Could not find attributes for christian cappis (Hobro IK, 2018)
[2581343] Failed to build match row: Hobro IK vs Aalborg BK
co.uk/celta-de-vigo_athletic-bilbao/index/spielbericht/2475446
[2359335] Failed to scrape lineup: https://www.transfermarkt.co.uk/atalanta-bc_as-roma/index/spielbericht/2359335
Not enough players found for lineup: 0, 0.
[3121502] Failed to build match row: Hobro IK vs Odense Boldklub
[2345114] Failed to build match row: Pandurii Targu Jiu (- 2022) vs FCI Levadia
[2340398] Failed to scrape lineup: https://www.transfermarkt.co.uk/cs-maritimo_vitoria-guimaraes-sc/index/spielbericht/2340398
[2871983] Failed to scrape lineup: https://www.transfermarkt.co.uk/sc-freiburg_hamburger-sv/index/spielbericht/2871983
[2831518] Could not find attributes for boy waterman (APOEL Nicosia, 2016)
[2831518] Failed to build match row: APOEL Nicosia vs Royal Sporting Club Anderlecht
[2704527] Failed to scrape lineup: https://www.transfermarkt.co.uk/hertha-bsc_bayern-munich/index/spielbericht/2704527
[2458326] Could not find attributes for thomas geyer (SV Wehen Wiesbaden, 2014)
[2458326] Failed to build match row: SV Wehen Wiesbaden vs 1.FC Kaiserslautern
[3210457] Could not find attributes for fabian ehmann (Aris Thessalonikis, 2019)
[3210457] Failed to build match row: Aris Thessalonikis vs Panetolikos Agrinio
[2877324] Could not find attributes for yassin ayoub (Football Club Utrecht, 2017)
[2877324] Failed to build match row: Football Club Utrecht vs Sparta Rotterdam
Not enough players found for lineup: 0, 0.
[2465447] Failed to scrape lineup: https://www.transfermarkt.co.uk/spielbericht/index/spielbericht/2465447
[2831519] Could not find attributes for benjamin stambouli (FC Schalke 04, 2016)
[2831519] Failed to build match row: FC Schalke 04 vs Mönchengladbach
[2764431] Could not find attributes for ilias evangelou (A.G.S Asteras Tripolis, 2016)
[2764431] Failed to build match row: A.G.S Asteras Tripolis vs Veria NPS
Not enough players found for lineup: 0, 0.
[3178963] Failed to scrape lineup: https://www.transfermarkt.co.uk/spielbericht/index/spielbericht/3178963
[3219200] Failed to scrape lineup: https://www.transfermarkt.co.uk/watford-fc_norwich-city/index/spielbericht/3219200
[3393785] Failed to scrape lineup: https://www.transfermarkt.co.uk/kilmarnock-fc_st-johnstone-fc/index/spielbericht/3393785
[3250275] Failed to scrape lineup: https://www.transfermarkt.co.uk/spielbericht/index/spielbericht/3250275
[2720767] Failed to scrape lineup: https://www.transfermarkt.co.uk/vitoria-setubal-fc_fc-arouca/index/spielbericht/2720767
[2877325] Failed to scrape lineup: https://www.transfermarkt.co.uk/psv-eindhoven_excelsior-rotterdam/index/spielbericht/2877325
[3210458] Failed to scrape lineup: https://www.transfermarkt.co.uk/asteras-tripolis_pas-lamia-1964/index/spielbericht/3210458
[2930329] Could not find attributes for Terry Masson (Montrose FC, 2017)
[2635707] Could not find attributes for aleksandr belenov (Kuban Krasnodar (-2018), 2015)
[2321123] Failed to scrape lineup: https://www.transfermarkt.co.uk/1-fc-nuremberg_hamburger-sv/index/spielbericht/2321123
[2930329] Failed to build match row: Montrose FC vs University of Stirling FC
and, 2018)
[2635707] Failed to build match row: FK Dinamo Moskva vs Kuban Krasnodar (-2018)

Keepers & outfield error for **Doncaster Rovers** in Doncaster Rovers vs AFC Wimbledon: Numbers: 2 and 9.
[3063582] Failed to build match row: Brøndby Idrætsforening vs Fodbold Club Nordsjælland
[3282970] Failed to build match row: Doncaster Rovers vs AFC Wimbledon
[2334919] Failed to scrape lineup: https://www.transfermarkt.co.uk/ross-county-fc_heart-of-midlothian-fc/index/spielbericht/2334919
[2329854] Could not find attributes for elimane coulibaly (KV Kortrijk, 2013)

Keepers & outfield error for **SC Olhanense** in Sport Lisboa e Benfica vs SC Olhanense: Numbers: 2 and 9.
[2340399] Failed to build match row: Sport Lisboa e Benfica vs SC Olhanense
[2329854] Failed to build match row: RAEC Mons (- 2015) vs KV Kortrijk

Keepers & outfield error for **Hull City** in Hull City vs Queens Park Rangers: Numbers: 0 and 11.
[2486723] Failed to build match row: Hull City vs Queens Park Rangers
[2831520] Could not find attributes for jeremy morel (Olympique Lyonnais, 2016)
[2831520] Failed to build match row: Olympique Lyonnais vs Associazione Sportiva Roma
[2495674] Could not find attributes for pierre neurath bengtsson (Football Club København, 2014)
[2495674] Failed to build match row: Football Club København vs Esbjerg fB

Keepers & outfield error for **KV Oostende** in KV Oostende vs Sportvereniging Zulte Waregem: Numbers: 2 and 9.
[2617084] Failed to build match row: KV Oostende vs Sportvereniging Zulte Waregem
[2871985] Could not find attributes for matthias lehmann (1. Fußball-Club Köln, 2017)
[2871985] Failed to build match row: FC Schalke 04 vs 1. Fußball-Club Köln
[2726521] Failed to scrape lineup: https://www.transfermarkt.co.uk/as-roma_fc-crotone/index/spielbericht/2726521
[2581344] Could not find attributes for emre mor (Fodbold Club Nordsjælland, 2015)
[2581344] Failed to build match row: Fodbold Club Nordsjælland vs Esbjerg fB

Keepers & outfield error for **Associazione Calcio Milan** in Catania FC vs Associazione Calcio Milan: Numbers: 0 and 11.
[2359337] Failed to build match row: Catania FC vs Associazione Calcio Milan

Keepers & outfield error for **RFK Akhmat Grozny** in RFK Akhmat Grozny vs FK Spartak Moskva: Numbers: 2 and 9.
[2635708] Failed to build match row: RFK Akhmat Grozny vs FK Spartak Moskva
[2988378] Failed to scrape lineup: https://www.transfermarkt.co.uk/spielbericht/index/spielbericht/2988378
[3095947] Failed to scrape lineup: https://www.transfermarkt.co.uk/apollon-smyrnis_ae-larisa/index/spielbericht/3095947
[2606536] Failed to scrape lineup: https://www.transfermarkt.co.uk/sivasspor_kasimpasa/index/spielbericht/2606536
[2877326] Could not find attributes for mohammed el hankouri (Willem II Tilburg, 2017)
[2877326] Failed to build match row: Willem II Tilburg vs VVV-Venlo
[2557035] Failed to scrape lineup: https://www.transfermarkt.co.uk/cska-moscow_fc-krasnodar/index/spielbericht/2557035
[2887554] Failed to scrape lineup: https://www.transfermarkt.co.uk/spielbericht/index/spielbericht/2887554
Not enough players found for lineup: 0, 0.
[3178964] Failed to scrape lineup: https://www.transfermarkt.co.uk/spielbericht/index/spielbericht/3178964
[2720768] Could not find attributes for jota (Clube Desportivo Nacional, 2016)
[2720768] Failed to build match row: Clube Desportivo Nacional vs Sport Lisboa e Benfica

Keepers & outfield error for **Manchester United Football Club** in FK Rostov vs Manchester United Football Club: Numbers: 0 and 11.
[2831521] Failed to build match row: FK Rostov vs Manchester United Football Club
[2481069] Failed to scrape lineup: https://www.transfermarkt.co.uk/aberdeen-fc_motherwell-fc/index/spielbericht/2481069
[2871986] Could not find attributes for andriy yarmolenko (Borussia Dortmund, 2017)
[2635709] Could not find attributes for giorgi loria (PFK Krylya Sovetov Samara, 2015)
[2871986] Failed to build match row: Bayer 04 Leverkusen Fußball vs Borussia Dortmund
[2635709] Failed to build match row: FC Rubin Kazan vs PFK Krylya Sovetov Samara
[2606537] Could not find attributes for serge akakpo (Trabzonspor Kulübü, 2015)
[2606537] Failed to build match row: Trabzonspor Kulübü vs Mersin Talimyurdu SK
[2733819] Could not find attributes for yevgen selin (A.G.S Asteras Tripolis, 2016)
[3178965] Failed to scrape lineup: https://www.transfermarkt.co.uk/spielbericht/index/spielbericht/3178965
[2594827] Failed to scrape lineup: https://www.transfermarkt.co.uk/granada-cf_ud-las-palmas/index/spielbericht/2594827
[2733819] Failed to build match row: Olympiakos Syndesmos Filathlon Peiraios vs A.G.S Asteras Tripolis
[2465448] Failed to scrape lineup: https://www.transfermarkt.co.uk/spielbericht/index/spielbericht/2465448
[3075453] Failed to scrape lineup: https://www.transfermarkt.co.uk/desna-chernigiv_karpaty-lviv-2021-/index/spielbericht/3075453

Keepers & outfield error for **Vejle Boldklub** in Vendsyssel FF vs Vejle Boldklub: Numbers: 2 and 9.
[2475447] Failed to scrape lineup: https://www.transfermarkt.co.uk/real-madrid_levante-ud/index/spielbericht/2475447
[2764432] Failed to scrape lineup: https://www.transfermarkt.co.uk/spielbericht/index/spielbericht/2764432
[3219201] Failed to scrape lineup: https://www.transfermarkt.co.uk/newcastle-united_west-ham-united/index/spielbericht/3219201
[2345115] Could not find attributes for premysl kovar (FC Slovan Liberec, 2013)
[3121503] Failed to scrape lineup: https://www.transfermarkt.co.uk/spielbericht/index/spielbericht/3121503
[2345115] Failed to build match row: FC Slovan Liberec vs Skonto Riga
[3063584] Failed to build match row: Vendsyssel FF vs Vejle Boldklub
[2930330] Could not find attributes for Scott Rumsby (Cowdenbeath FC, 2017)
[2930330] Failed to build match row: Cowdenbeath FC vs East Kilbride FC
[3250278] Failed to scrape lineup: https://www.transfermarkt.co.uk/spielbericht/index/spielbericht/3250278
[3210459] Could not find attributes for christos mandas (APS Atromitos Athinon, 2019)
[3210459] Failed to build match row: APS Atromitos Athinon vs Panionios Athens
[2887555] Could not find attributes for maksym koval (Futbolniy Klub Dynamo Kyiv, 2017)
[2887555] Failed to build match row: Futbolniy Klub Dynamo Kyiv vs Berner Sport Club Young Boys
[2904773] Could not find attributes for hysen memolla (HNK Hajduk Split, 2017)
[2329856] Could not find attributes for wilson kamavuaka (Yellow-Red Koninklijke Voetbalclub Mechelen, 2013)
[2720769] Could not find attributes for fabio sturgeon (CF Os Belenenses, 2016)
[2329856] Failed to build match row: Royal Charleroi Sporting Club vs Yellow-Red Koninklijke Voetbalclub Mechelen
[2720769] Failed to build match row: Clube Desportivo de Tondela vs CF Os Belenenses
[2617086] Failed to scrape lineup: https://www.transfermarkt.co.uk/kaa-gent_kv-mechelen/index/spielbericht/2617086
[2606538] Could not find attributes for serkan kirintili (Konyaspor, 2015)
[2606538] Failed to build match row: Gaziantepspor (- 2020) vs Konyaspor
[2704528] Failed to scrape lineup: https://www.transfermarkt.co.uk/1-fc-koln_fc-schalke-04/index/spielbericht/2704528
[2340400] Failed to scrape lineup: https://www.transfermarkt.co.uk/sc-olhanense_fc-porto/index/spielbericht/2340400
[2726522] Failed to scrape lineup: https://www.transfermarkt.co.uk/udinese-calcio_acf-fiorentina/index/spielbericht/2726522
[2831522] Failed to build match row: Olympiakos Syndesmos Filathlon Peiraios vs Beşiktaş Jimnastik Kulübü
Not enough players found for lineup: 0, 0.
[3178966] Failed to scrape lineup: https://www.transfermarkt.co.uk/spielbericht/index/spielbericht/3178966
[2369969] Failed to scrape lineup: https://www.transfermarkt.co.uk/spielbericht/index/spielbericht/2369969

Keepers & outfield error for **Nooit Opgeven Altijd Doorzetten Aangenaam Door Vermaak En Nuttig Door Ontspanning Combinatie Breda** in Nooit Opgeven Altijd Doorzetten Aangenaam Door Vermaak En Nuttig Door Ontspanning Combinatie Breda vs Heracles Almelo: Numbers: 2 and 9.
[2877327] Failed to build match row: Nooit Opgeven Altijd Doorzetten Aangenaam Door Vermaak En Nuttig Door Ontspanning Combinatie Breda vs Heracles Almelo
[2458328] Could not find attributes for lukas billick (Würzburger Kickers, 2014)
[2458328] Failed to build match row: Würzburger Kickers vs Fortuna Düsseldorf

Keepers & outfield error for **Wolverhampton Wanderers Football Club** in Tottenham Hotspur Football Club vs Wolverhampton Wanderers Football Club: Numbers: 0 and 11.
Not enough players found for lineup: 0, 0.
[2988379] Failed to scrape lineup: https://www.transfermarkt.co.uk/spielbericht/index/spielbericht/2988379

Keepers & outfield error for **SD Eibar** in SD Eibar vs Futbol Club Barcelona: Numbers: 0 and 11.
[3219202] Failed to build match row: Tottenham Hotspur Football Club vs Wolverhampton Wanderers Football Club
[2465449] Failed to scrape lineup: https://www.transfermarkt.co.uk/spielbericht/index/spielbericht/2465449
[2475448] Failed to build match row: SD Eibar vs Futbol Club Barcelona

Keepers & outfield error for **Boavista FC** in Boavista FC vs GD Chaves: Numbers: 0 and 11.
[2635710] Could not find attributes for aritm (FK Krasnodar, 2015)
[2720770] Failed to build match row: Boavista FC vs GD Chaves
[2635710] Failed to build match row: FK Krasnodar vs PFK CSKA Moskva

Keepers & outfield error for **Fußball-Club Augsburg 1907** in 1. Fußball- und Sportverein Mainz 05 vs Fußball-Club Augsburg 1907: Numbers: 2 and 9.
[2871987] Failed to build match row: 1. Fußball- und Sportverein Mainz 05 vs Fußball-Club Augsburg 1907
[2699234] Could not find attributes for rene klingbeil (FC Carl Zeiss Jena, 2016)
[2733820] Could not find attributes for andreas gianniotis (Panionios Athens, 2016)
[2764433] Could not find attributes for vasilios barkas (Athlitiki Enosi Konstantinoupoleos, 2016)
[2699234] Failed to build match row: FC Carl Zeiss Jena vs FC Bayern München
[2764433] Failed to build match row: Athlitiki Enosi Konstantinoupoleos vs AOK Kerkyra
[2733820] Failed to build match row: Panionios Athens vs PAS Giannina
[3075454] Could not find attributes for yevgen cheberko (FC Zorya Lugansk, 2018)
[3075454] Failed to build match row: FC Zorya Lugansk vs Olimpik Donetsk
[2334921] Failed to scrape lineup: https://www.transfermarkt.co.uk/dundee-united-fc_kilmarnock-fc/index/spielbericht/2334921
[2897470] Failed to scrape lineup: https://www.transfermarkt.co.uk/ss-lazio_fc-crotone/index/spielbericht/2897470
[2321125] Failed to scrape lineup: https://www.transfermarkt.co.uk/1-fsv-mainz-05_tsg-1899-hoffenheim/index/spielbericht/2321125
[2904774] Could not find attributes for yassin ayoub (Football Club Utrecht, 2017)
[2904774] Failed to build match row: Football Club Utrecht vs AO FK Zenit Sankt-Peterburg

Keepers & outfield error for **Sporting Clube de Portugal** in Sporting Clube de Portugal vs Clube Desportivo Nacional: Numbers: 2 and 9.
[2340401] Failed to build match row: Sporting Clube de Portugal vs Clube Desportivo Nacional
Not enough players found for lineup: 0, 0.
[3178967] Failed to scrape lineup: https://www.transfermarkt.co.uk/spielbericht/index/spielbericht/3178967
[2831523] Could not find attributes for lovre kalinic (Koninklijke Atletiek Associatie Gent, 2016)

Keepers & outfield error for **Parma Calcio 1913** in Parma Calcio 1913 vs Cagliari Calcio: Numbers: 2 and 9.
[2831523] Failed to build match row: Koninklijke Atletiek Associatie Gent vs Koninklijke Racing Club Genk
[3080959] Failed to build match row: Parma Calcio 1913 vs Cagliari Calcio

Keepers & outfield error for **Esbjerg fB** in Esbjerg fB vs Fodbold Club Midtjylland: Numbers: 0 and 11.
[2481070] Failed to scrape lineup: https://www.transfermarkt.co.uk/celtic-fc_kilmarnock-fc/index/spielbericht/2481070
[2581345] Failed to build match row: Esbjerg fB vs Fodbold Club Midtjylland
[2930338] Could not find attributes for mark tait (University AFC, 2017)
[2930338] Failed to build match row: University AFC vs Fraserburgh FC
[2704529] Could not find attributes for walace (Hamburger Sport Verein, 2016)
[2871988] Could not find attributes for tony jantschke (Mönchengladbach, 2017)
[2704529] Failed to build match row: Hamburger Sport Verein vs Sport-Club Freiburg
[2594829] Could not find attributes for carl medjani (Levante Unión Deportiva S.A.D., 2015)
[2871988] Failed to build match row: Verein für Leibesübungen Wolfsburg vs Mönchengladbach
[2594829] Failed to build match row: Málaga CF vs Levante Unión Deportiva S.A.D.
[2635711] Could not find attributes for maicon bolt (Футбольный клуб "Локомотив" Москва, 2015)

Keepers & outfield error for **Grupo Desportivo Estoril Praia** in Grupo Desportivo Estoril Praia vs Sporting Clube de Braga: Numbers: 0 and 11.
[2635711] Failed to build match row: Футбольный клуб "Локомотив" Москва vs AO FK Zenit Sankt-Peterburg
[2720771] Failed to build match row: Grupo Desportivo Estoril Praia vs Sporting Clube de Braga
Not enough players found for lineup: 0, 0.
[2465450] Failed to scrape lineup: https://www.transfermarkt.co.uk/spielbericht/index/spielbericht/2465450
[2733821] Could not find attributes for vasilios barkas (Athlitiki Enosi Konstantinoupoleos, 2016)
[2345377] Could not find attributes for gunnleifur vignir gunnleifsson (Breidablik Kópavogur, 2013)
[3250279] Could not find attributes for nicolaj andreasen (Varde IF, 2019)
[2345377] Failed to build match row: Breidablik Kópavogur vs Sportklub Puntigamer Sturm Graz
[2733821] Failed to build match row: Athlitiki Enosi Konstantinoupoleos vs Panetolikos Agrinio
[3250279] Failed to build match row: Varde IF vs Thisted FC
Not enough players found for lineup: 0, 0.
[2726523] Failed to scrape lineup: https://www.transfermarkt.co.uk/cagliari-calcio_uc-sampdoria/index/spielbericht/2726523
[2340402] Failed to scrape lineup: https://www.transfermarkt.co.uk/academica-coimbra_gil-vicente-fc/index/spielbericht/2340402
[3075455] Could not find attributes for sergiy sitalo (Arsenal Kyiv, 2018)
[2515980] Could not find attributes for ignazio abate (Associazione Calcio Milan, 2014)
[2581346] Could not find attributes for thomas kahlenberg (Brøndby Idrætsforening, 2015)
[3080960] Could not find attributes for albin ekdal (UC Sampdoria, 2018)
[2515980] Failed to build match row: Associazione Calcio Milan vs Unione Sportiva Sassuolo Calcio
[3050354] Could not find attributes for kayne ramsay (Southampton FC, 2018)
[3050354] Failed to build match row: Southampton FC vs Manchester City Football Club
[3075455] Failed to build match row: Arsenal Kyiv vs Chornomorets Odesa
[2369970] Could not find attributes for tiago lopes (SC Covilhã, 2013)
[2369970] Failed to build match row: SC Covilhã vs SC Olhanense
[3080960] Failed to build match row: UC Sampdoria vs Football Club Internazionale Milano S.p.A.
[2666790] Could not find attributes for marcus rashford (Manchester United Football Club, 2015)

Keepers & outfield error for **Stevenage FC** in Peterborough United vs Stevenage FC: Numbers: 2 and 9.
[2581346] Failed to build match row: Football Club København vs Brøndby Idrætsforening
Not enough players found for lineup: 0, 0.

Keepers & outfield error for **Legia Warszawa Spółka Akcyjna** in Legia Warszawa Spółka Akcyjna vs FC Sheriff Tiraspol: Numbers: 2 and 9.
[3063587] Could not find attributes for mohammed kudus (Fodbold Club Nordsjælland, 2018)
[3282973] Failed to build match row: Peterborough United vs Stevenage FC
[2666790] Failed to build match row: Manchester United Football Club vs West Ham United Football Club
[3178968] Failed to scrape lineup: https://www.transfermarkt.co.uk/spielbericht/index/spielbericht/3178968
[2329858] Could not find attributes for wilson kamavuaka (Yellow-Red Koninklijke Voetbalclub Mechelen, 2013)
[3063587] Failed to build match row: Aalborg BK vs Fodbold Club Nordsjælland
[2904775] Failed to build match row: Legia Warszawa Spółka Akcyjna vs FC Sheriff Tiraspol
[2458329] Could not find attributes for christoph klippel (FC Carl Zeiss Jena, 2014)
ortvereniging Zulte Waregem
[2458329] Failed to build match row: FC Carl Zeiss Jena vs FC Erzgebirge Aue
[3219203] Failed to scrape lineup: https://www.transfermarkt.co.uk/aston-villa_sheffield-united/index/spielbericht/3219203

Keepers & outfield error for **Fußball-Club Augsburg 1907** in FC Bayern München vs Fußball-Club Augsburg 1907: Numbers: 2 and 9.
[2764434] Could not find attributes for vangelis pitkas (PAS Lamia 1964, 2016)
[2606539] Could not find attributes for berkan emir (Kayserispor Kulübü, 2015)
[2871989] Failed to build match row: FC Bayern München vs Fußball-Club Augsburg 1907
[2606539] Failed to build match row: Fenerbahçe Spor Kulübü vs Kayserispor Kulübü

Keepers & outfield error for **Chelsea Football Club** in Chelsea Football Club vs Norwich City: Numbers: 2 and 9.
[2988380] Failed to build match row: Chelsea Football Club vs Norwich City
[2475450] Could not find attributes for ion ansotegi (Real Sociedad de Fútbol S.A.D., 2014)
[2764434] Failed to build match row: PAS Lamia 1964 vs Anagennisi Karditsa

Keepers & outfield error for **KSC Lokeren (- 2020)** in KSC Lokeren (- 2020) vs SK Beveren: Numbers: 0 and 11.
[2334923] Could not find attributes for marian kello (Saint Mirren Football Club, 2013)
[2475450] Failed to build match row: Real Sociedad de Fútbol S.A.D. vs Córdoba CF
[2617089] Failed to build match row: KSC Lokeren (- 2020) vs SK Beveren
[2334923] Failed to build match row: Aberdeen Football Club vs Saint Mirren Football Club
Not enough players found for lineup: 0, 0.
[2465451] Failed to scrape lineup: https://www.transfermarkt.co.uk/spielbericht/index/spielbericht/2465451
[2557038] Could not find attributes for robert arzumanyan (Amkar Perm, 2014)
[2733822] Could not find attributes for stanislav namasco (APO Levadiakos Football Club, 2016)
[2588994] Could not find attributes for wout brama (Prins Hendrik Ende Desespereert Nimmer Combinatie Zwolle, 2015)
[2733822] Failed to build match row: APO Levadiakos Football Club vs Panthessalonikios Athlitikos Omilos Konstantinoupoliton
[2588994] Failed to build match row: Prins Hendrik Ende Desespereert Nimmer Combinatie Zwolle vs Heracles Almelo
[2340403] Could not find attributes for saleh gomaa (Clube Desportivo Nacional, 2013)
[3075456] Could not find attributes for yuriy pankiv (FC Oleksandriya, 2018)
[2877329] Failed to scrape lineup: https://www.transfermarkt.co.uk/ado-den-haag_vitesse-arnhem/index/spielbericht/2877329
[2340403] Failed to build match row: Clube Desportivo Nacional vs Sporting Clube de Portugal
[3075456] Failed to build match row: Futbolniy Klub Dynamo Kyiv vs FC Oleksandriya
[2666847] Could not find attributes for darren mcgregor (Hibernian Football Club, 2015)
[3250281] Could not find attributes for christian andersen (Nörresundby FB, 2019)
[2666847] Failed to build match row: Hibernian Football Club vs Inverness Caledonian Thistle FC
[3250281] Failed to build match row: Nörresundby FB vs Aalborg BK
[2329859] Could not find attributes for idrissa sylla (Sportvereniging Zulte Waregem, 2013)
[2764435] Failed to build match row: APS Atromitos Athinon vs Panetolikos Agrinio
[2329859] Failed to build match row: Sportvereniging Zulte Waregem vs Royal Charleroi Sporting Club
[3063588] Could not find attributes for zeca (Football Club København, 2018)
[3063588] Failed to build match row: Football Club København vs Brøndby Idrætsforening
Not enough players found for lineup: 0, 0.
[2495680] Could not find attributes for pierre neurath bengtsson (Football Club København, 2014)
[3178969] Failed to scrape lineup: https://www.transfermarkt.co.uk/spielbericht/index/spielbericht/3178969
[2699235] Could not find attributes for fabian bredlow (Hallescher FC, 2016)
[2495680] Failed to build match row: Football Club København vs Randers Fodbold Club
[3229100] Could not find attributes for daniel offredi (US Triestina, 2019)
[2699235] Failed to build match row: Hallescher FC vs 1.FC Kaiserslautern

Keepers & outfield error for **Royal Sporting Club Anderlecht** in Royal Sporting Club Anderlecht vs APOEL Nicosia: Numbers: 0 and 11.
[3229100] Failed to build match row: US Triestina vs Cavese 1919
[2831534] Failed to build match row: Royal Sporting Club Anderlecht vs APOEL Nicosia
[2618170] Could not find attributes for david bicik (AC Sparta Praha, a. s., 2015)
[2618170] Failed to build match row: FC Thun vs AC Sparta Praha, a. s.
[2606540] Could not find attributes for serkan kirintili (Konyaspor, 2015)
[2606540] Failed to build match row: Konyaspor vs İstanbul Başakşehir Futbol Kulübü
[2588995] Could not find attributes for patrick joosten (Football Club Utrecht, 2015)
[2588995] Failed to build match row: Eindhovense Voetbalvereniging Philips Sport Vereniging vs Football Club Utrecht
[2887567] Could not find attributes for milan havel (FC Viktoria Plzeň, a.s., 2017)
[2887567] Failed to build match row: FC Viktoria Plzeň, a.s. vs SC Fotbal Club FCSB SA
[2764436] Could not find attributes for athanasios garavelis (Panthrakikos Komotini, 2016)
[2764436] Failed to build match row: Panthrakikos Komotini vs Athens Kallithea
[2933001] Could not find attributes for mate vatsadze (Silkeborg Idrætsforening, 2017)
[2933001] Failed to build match row: Silkeborg Idrætsforening vs Lyngby Boldklub
[2557039] Could not find attributes for stipe pletikosa (FK Rostov, 2014)
[2557039] Failed to build match row: FK Rostov vs Torpedo Moscow
[3095948] Could not find attributes for zivko zivkovic (AO Xanthi, 2018)
[3095948] Failed to build match row: AO Xanthi vs Panathinaikos Athlitikos Omilos
[3282974] Could not find attributes for brett mcgavin (Ipswich Town, 2019)
[2635713] Could not find attributes for giorgi loria (PFK Krylya Sovetov Samara, 2015)
[3282974] Failed to build match row: Lincoln City vs Ipswich Town
[2635713] Failed to build match row: PFK CSKA Moskva vs PFK Krylya Sovetov Samara
Not enough players found for lineup: 11, 0.
[3210460] Could not find attributes for athanasios garavelis (Volou Neos Podosferikos Syllogos, 2019)
[2465453] Failed to scrape lineup: https://www.transfermarkt.co.uk/spielbericht/index/spielbericht/2465453
[3210460] Failed to build match row: Volou Neos Podosferikos Syllogos vs Panthessalonikios Athlitikos Omilos Konstantinoupoliton
[2340404] Could not find attributes for avto (Gil Vicente Futebol Clube, 2013)
[2340404] Failed to build match row: Gil Vicente Futebol Clube vs Sport Lisboa e Benfica

Keepers & outfield error for **Sevilla Fútbol Club S.A.D.** in Club Atlético de Madrid S.A.D. vs Sevilla Fútbol Club S.A.D.: Numbers: 0 and 11.
[3080962] Could not find attributes for ola aina (Torino Calcio, 2018)
[2989783] Failed to build match row: Club Atlético de Madrid S.A.D. vs Sevilla Fútbol Club S.A.D.
[3080962] Failed to build match row: Torino Calcio vs Società Sportiva Calcio Napoli
[2618171] Could not find attributes for ibrahim sehic (Qarabağ FK, 2015)
[2618171] Failed to build match row: Qarabağ FK vs Berner Sport Club Young Boys
[2734534] Could not find attributes for sergey borodin (Sakhalin Yuzhno-Sakhalinsk, 2016)
[3121504] Could not find attributes for marcus sorensen (Boldklubben Marienlyst, 2018)
[2734534] Failed to build match row: Sakhalin Yuzhno-Sakhalinsk vs Dalstroyindustriya Komsomolsk-na-Amure
[3121504] Failed to build match row: Boldklubben Marienlyst vs Brøndby Idrætsforening
[2831535] Could not find attributes for jakub brabec (Koninklijke Racing Club Genk, 2016)
[2345378] Could not find attributes for aleksei jahhimovits (FCI Levadia, 2013)
[2831535] Failed to build match row: Koninklijke Racing Club Genk vs Koninklijke Atletiek Associatie Gent
[2345378] Failed to build match row: FCI Levadia vs Pandurii Targu Jiu (- 2022)

Keepers & outfield error for **Wolverhampton Wanderers Football Club** in Wolverhampton Wanderers Football Club vs Arsenal Football Club: Numbers: 0 and 11.
Not enough players found for lineup: 0, 0.
[3219205] Failed to build match row: Wolverhampton Wanderers Football Club vs Arsenal Football Club
[2933475] Could not find attributes for carlinhos (Royal Standard Club de Liège, 2017)
[3210461] Could not find attributes for nikolaos korovesis (Omilos Filathlon Irakliou FC, 2019)
[2887568] Could not find attributes for maksym koval (Futbolniy Klub Dynamo Kyiv, 2017)
[3178970] Failed to scrape lineup: https://www.transfermarkt.co.uk/spielbericht/index/spielbericht/3178970
[3210461] Failed to build match row: Omilos Filathlon Irakliou FC vs AO Xanthi
[2933475] Failed to build match row: Royal Excel Mouscron (-2022) vs Royal Standard Club de Liège
[2887568] Failed to build match row: Berner Sport Club Young Boys vs Futbolniy Klub Dynamo Kyiv

Keepers & outfield error for **AO FK Zenit Sankt-Peterburg** in AO FK Zenit Sankt-Peterburg vs Ural Yekaterinburg: Numbers: 2 and 9.
[2635714] Failed to build match row: AO FK Zenit Sankt-Peterburg vs Ural Yekaterinburg
[3250282] Could not find attributes for thor lange (BK Fremad Amager, 2019)
3)
[2667034] Could not find attributes for rob kiernan (Rangers Football Club, 2015)
[2359338] Failed to build match row: Chievo Verona vs US Livorno 1915
ur Football Club, 2018)
[2667034] Failed to build match row: Rangers Football Club vs Dundee Football Club

Keepers & outfield error for **Odense Boldklub** in Esbjerg fB vs Odense Boldklub: Numbers: 3 and 8.
[3250282] Failed to build match row: BK Fremad Amager vs Lyngby Boldklub
[3050355] Failed to build match row: Tottenham Hotspur Football Club vs Wolverhampton Wanderers Football Club
[2495681] Failed to build match row: Esbjerg fB vs Odense Boldklub
Not enough players found for lineup: 0, 0.
[2340405] Failed to scrape lineup: https://www.transfermarkt.co.uk/vitoria-setubal-fc_rio-ave-fc/index/spielbericht/2340405
Not enough players found for lineup: 0, 0.
[2606541] Could not find attributes for adem buyuk (Kasımpaşa A.Ş., 2015)
[2465454] Failed to scrape lineup: https://www.transfermarkt.co.uk/spielbericht/index/spielbericht/2465454
[2606541] Failed to build match row: Bursaspor vs Kasımpaşa A.Ş.
[2334925] Could not find attributes for marian kello (Saint Mirren Football Club, 2013)
[2764437] Could not find attributes for andreas gianniotis (Panionios Athens, 2016)

Keepers & outfield error for **Manchester United Football Club** in Manchester United Football Club vs FK Rostov: Numbers: 0 and 11.
[2764437] Failed to build match row: Panionios Athens vs APO Levadiakos Football Club
[2334925] Failed to build match row: Motherwell Football Club vs Saint Mirren Football Club
[3095949] Could not find attributes for filip manojlovic (Panionios Athens, 2018)
[2831536] Failed to build match row: Manchester United Football Club vs FK Rostov
[3095949] Failed to build match row: Panionios Athens vs Omilos Filathlon Irakliou FC
[3282975] Could not find attributes for terry galbraith (Darlington FC, 2019)
[2618361] Could not find attributes for daniel bozinovski (Rabotnicki Skopje, 2015)
[3282975] Failed to build match row: Darlington FC vs Walsall FC
[2618361] Failed to build match row: FC Rubin Kazan vs Rabotnicki Skopje

Keepers & outfield error for **SPAL** in Associazione Calcio Fiorentina vs SPAL: Numbers: 2 and 9.

Keepers & outfield error for **Genoa Cricket and Football Club** in Genoa Cricket and Football Club vs Delfino Pescara 1936: Numbers: 2 and 9.
[3080963] Failed to build match row: Associazione Calcio Fiorentina vs SPAL
[2486726] Could not find attributes for anthony reveillere (Sunderland Association Football Club, 2014)
[2726526] Failed to build match row: Genoa Cricket and Football Club vs Delfino Pescara 1936
[2486726] Failed to build match row: Sunderland Association Football Club vs West Bromwich Albion
[2635715] Could not find attributes for maicon bolt (Футбольный клуб "Локомотив" Москва, 2015)
[2635715] Failed to build match row: Футбольный клуб "Локомотив" Москва vs Anzhi Makhachkala ( -2022)
[2594833] Could not find attributes for daniele bonera (Villarreal Club de Fútbol S.A.D., 2015)

Keepers & outfield error for **Associazione Calcio Fiorentina** in Associazione Calcio Fiorentina vs Verona Hellas Football Club: Numbers: 0 and 11.
[2594833] Failed to build match row: Villarreal Club de Fútbol S.A.D. vs Deportivo de La Coruña
[2933476] Could not find attributes for jakov filipovic (KSC Lokeren (- 2020), 2017)
[2359339] Failed to build match row: Associazione Calcio Fiorentina vs Verona Hellas Football Club
[2933476] Failed to build match row: KSC Lokeren (- 2020) vs Royal Charleroi Sporting Club
Not enough players found for lineup: 0, 0.
[3178971] Failed to scrape lineup: https://www.transfermarkt.co.uk/spielbericht/index/spielbericht/3178971
[3210462] Could not find attributes for dmytro chygrynskyi (Athlitiki Enosi Konstantinoupoleos, 2019)
[3210462] Failed to build match row: Olympiakos Syndesmos Filathlon Peiraios vs Athlitiki Enosi Konstantinoupoleos

Keepers & outfield error for **Verona Hellas Football Club** in Udinese Calcio vs Verona Hellas Football Club: Numbers: 0 and 11.
[2897475] Failed to build match row: Udinese Calcio vs Verona Hellas Football Club
[3203653] Could not find attributes for vladimir darida (Hertha BSC, 2019)
[3203653] Failed to build match row: Hertha BSC vs Sportverein Werder Bremen von 1899
[2481074] Could not find attributes for darren barr (Ross County FC, 2014)
[2481074] Failed to build match row: Saint Mirren Football Club vs Ross County FC
[2329862] Could not find attributes for elimane coulibaly (KV Kortrijk, 2013)
[2329862] Failed to build match row: Koninklijke Racing Club Genk vs KV Kortrijk

Keepers & outfield error for **Getafe Club de Fútbol S. A. D. Team Dubai** in Getafe Club de Fútbol S. A. D. Team Dubai vs Sporting Gijón: Numbers: 2 and 9.
[2594834] Failed to build match row: Getafe Club de Fútbol S. A. D. Team Dubai vs Sporting Gijón
[2904776] Could not find attributes for aurelian chitu (F.C.V. Farul Constanța SA, 2017)
[2904776] Failed to build match row: F.C.V. Farul Constanța SA vs Fußballclub Red Bull Salzburg
[3050356] Failed to scrape lineup: https://www.transfermarkt.co.uk/watford-fc_newcastle-united/index/spielbericht/3050356
[2871993] Could not find attributes for tatsuya ito (Hamburger Sport Verein, 2017)
[2871993] Failed to build match row: FC Schalke 04 vs Hamburger Sport Verein
[2734535] Could not find attributes for david ikanovich (FK Chita (-2022), 2016)
[2734535] Failed to build match row: FK Chita (-2022) vs FC Irkutsk
[3080976] Failed to scrape lineup: https://www.transfermarkt.co.uk/atalanta-bc_torino-fc/index/spielbericht/3080976
[2588998] Failed to scrape lineup: https://www.transfermarkt.co.uk/vitesse-arnhem_az-alkmaar/index/spielbericht/2588998
[2887569] Could not find attributes for jelle vossen (Club Brugge Koninklijke Voetbalvereniging, 2017)
[2887569] Failed to build match row: İstanbul Başakşehir Futbol Kulübü vs Club Brugge Koninklijke Voetbalvereniging
[2618362] Could not find attributes for thomas dahne (HJK Helsinki, 2015)
[2618362] Failed to build match row: HJK Helsinki vs FK Krasnodar
[2581347] Could not find attributes for osama akharraz (Viborg Fodsports Forening, 2015)
[2581347] Failed to build match row: Odense Boldklub vs Viborg Fodsports Forening
[3251288] Could not find attributes for roman lyopka (Ingulets Petrove, 2019)
[3251288] Failed to build match row: Ingulets Petrove vs TOV FK Metalist 1925 Kharkiv
[3219208] Could not find attributes for patrick van aanholt (Crystal Palace Football Club, 2019)
[3219208] Failed to build match row: Everton Football Club vs Crystal Palace Football Club
[2904777] Could not find attributes for ales hruska (FC Viktoria Plzeň, a.s., 2017)
[2904777] Failed to build match row: FC Viktoria Plzeň, a.s. vs AEK Larnaca
[2557592] Could not find attributes for stephen pearson (Motherwell Football Club, 2014)
[2557592] Failed to build match row: Hamilton Academical FC vs Motherwell Football Club
[2606542] Failed to scrape lineup: https://www.transfermarkt.co.uk/kayserispor_eskisehirspor/index/spielbericht/2606542
[2764438] Failed to scrape lineup: https://www.transfermarkt.co.uk/spielbericht/index/spielbericht/2764438
[2465455] Failed to scrape lineup: https://www.transfermarkt.co.uk/spielbericht/index/spielbericht/2465455
[2345731] Failed to scrape lineup: https://www.transfermarkt.co.uk/inverness-caledonian-thistle-fc_st-mirren-fc/index/spielbericht/2345731
[3282976] Failed to scrape lineup: https://www.transfermarkt.co.uk/spielbericht/index/spielbericht/3282976

Keepers & outfield error for **Odense Boldklub** in Randers Fodbold Club vs Odense Boldklub: Numbers: 3 and 8.
[2495684] Failed to build match row: Randers Fodbold Club vs Odense Boldklub
[2726527] Failed to scrape lineup: https://www.transfermarkt.co.uk/inter-milan_bologna-fc-1909/index/spielbericht/2726527
[2877338] Could not find attributes for roland baas (Heracles Almelo, 2017)
[2877338] Failed to build match row: Heracles Almelo vs Willem II Tilburg
[2581348] Could not find attributes for emre mor (Fodbold Club Nordsjælland, 2015)
[3050358] Could not find attributes for etienne capoue (Watford FC, 2018)
[3050358] Failed to build match row: Association Football Club Bournemouth vs Watford FC
[2581348] Failed to build match row: Fodbold Club Nordsjælland vs Hobro IK
Not enough players found for lineup: 0, 0.
[3178972] Failed to scrape lineup: https://www.transfermarkt.co.uk/spielbericht/index/spielbericht/3178972
[3229101] Could not find attributes for andrea boffelli (Aurora Pro Patria, 2019)
[3229101] Failed to build match row: Aurora Pro Patria vs SS Matelica Calcio
[2588999] Could not find attributes for mounir el hamdaoui (Alkmaar Zaanstreek, 2015)
[2588999] Failed to build match row: Alkmaar Zaanstreek vs Sportclub Heerenveen
[2618363] Could not find attributes for lovre kalinic (HNK Hajduk Split, 2015)
[2618363] Failed to build match row: HNK Hajduk Split vs FC Slovan Liberec
[2704532] Could not find attributes for aymen barkok (Eintracht Frankfurt Fußball AG, 2016)
[3251805] Could not find attributes for andriy oliynyk (Kremin Kremenchuk, 2019)
[2704532] Failed to build match row: Eintracht Frankfurt Fußball AG vs FC Ingolstadt 04
[3251805] Failed to build match row: Kremin Kremenchuk vs Olimpik Donetsk
[2720774] Failed to scrape lineup: https://www.transfermarkt.co.uk/moreirense-fc_cs-maritimo/index/spielbericht/2720774

Keepers & outfield error for **Cagliari Calcio** in Atalanta Bergamasca Calcio S.p.a. vs Cagliari Calcio: Numbers: 0 and 11.
[2897476] Failed to build match row: Atalanta Bergamasca Calcio S.p.a. vs Cagliari Calcio
Not enough players found for lineup: 0, 0.
[2594835] Failed to scrape lineup: https://www.transfermarkt.co.uk/sd-eibar_real-betis-balompie/index/spielbericht/2594835
[3178973] Failed to scrape lineup: https://www.transfermarkt.co.uk/spielbericht/index/spielbericht/3178973
[3063592] Failed to scrape lineup: https://www.transfermarkt.co.uk/odense-boldklub_fc-midtjylland/index/spielbericht/3063592
[3210463] Could not find attributes for bart schenkeveld (Panathinaikos Athlitikos Omilos, 2019)
[3210463] Failed to build match row: Panathinaikos Athlitikos Omilos vs Athlitiki Enosi Larisas
Football Club de Metz: Numbers: 0 and 11.
[3393961] Failed to build match row: Paris Saint-Germain Football Club vs Football Club de Metz

Keepers & outfield error for **RasenBallsport Leipzig** in Bayer 04 Leverkusen Fußball vs RasenBallsport Leipzig: Numbers: 0 and 11.
[2871994] Failed to build match row: Bayer 04 Leverkusen Fußball vs RasenBallsport Leipzig
[3075457] Failed to scrape lineup: https://www.transfermarkt.co.uk/pfc-lviv_shakhtar-donetsk/index/spielbericht/3075457
[2557593] Failed to scrape lineup: https://www.transfermarkt.co.uk/dundee-fc_st-johnstone-fc/index/spielbericht/2557593
[3080977] Could not find attributes for darijo srna (Cagliari Calcio, 2018)
[2581349] Could not find attributes for kees luijckx (Sønderjyske Fodbold, 2015)
[2465456] Failed to scrape lineup: https://www.transfermarkt.co.uk/spielbericht/index/spielbericht/2465456
[2877339] Could not find attributes for yassin ayoub (Football Club Utrecht, 2017)
[2345732] Failed to scrape lineup: https://www.transfermarkt.co.uk/st-johnstone-fc_heart-of-midlothian-fc/index/spielbericht/2345732
[3080977] Failed to build match row: Cagliari Calcio vs UC Sampdoria
[2581349] Failed to build match row: Aalborg BK vs Sønderjyske Fodbold
[2877339] Failed to build match row: Football Club Utrecht vs Prins Hendrik Ende Desespereert Nimmer Combinatie Zwolle
[2495685] Could not find attributes for pierre neurath bengtsson (Football Club København, 2014)
[2764439] Could not find attributes for angelos vertzos (AO Trikala, 2016)
[2495685] Failed to build match row: Hobro IK vs Football Club København
[2764439] Failed to build match row: AO Trikala vs Panthessalonikios Athlitikos Omilos Konstantinoupoliton
[2589000] Could not find attributes for ouasim bouy (Prins Hendrik Ende Desespereert Nimmer Combinatie Zwolle, 2015)
[2704542] Could not find attributes for douglas santos (Hamburger Sport Verein, 2016)
[2589000] Failed to build match row: Roda JC Kerkrade vs Prins Hendrik Ende Desespereert Nimmer Combinatie Zwolle
[2704542] Failed to build match row: FC Bayern München vs Hamburger Sport Verein
[3210464] Could not find attributes for dmytro chygrynskyi (Athlitiki Enosi Konstantinoupoleos, 2019)
[3210464] Failed to build match row: Athlitiki Enosi Konstantinoupoleos vs APS Atromitos Athinon
[2458330] Could not find attributes for sven drews (USC Paloma Hamburg, 2014)
[3050359] Failed to scrape lineup: https://www.transfermarkt.co.uk/cardiff-city_tottenham-hotspur/index/spielbericht/3050359
[3063593] Could not find attributes for mohammed kudus (Fodbold Club Nordsjælland, 2018)
[2458330] Failed to build match row: USC Paloma Hamburg vs Turn- und Sportgemeinschaft 1899 Hoffenheim Fußball-Spielbetriebs
[3063593] Failed to build match row: Fodbold Club Nordsjælland vs Vejle Boldklub
[3251806] Could not find attributes for denys starchenko (MFK Mykolaiv, 2019)
ulübü, 2015)
[2904784] Failed to scrape lineup: https://www.transfermarkt.co.uk/spielbericht/index/spielbericht/2904784
Not enough players found for lineup: 0, 0.
[2606544] Failed to build match row: Ankaraspor vs Gençlerbirliği Spor Kulübü
[3178974] Failed to scrape lineup: https://www.transfermarkt.co.uk/spielbericht/index/spielbericht/3178974
[2369972] Failed to scrape lineup: https://www.transfermarkt.co.uk/spielbericht/index/spielbericht/2369972
[2486731] Could not find attributes for kasper schmeichel (Leicester City, 2014)
[2486731] Failed to build match row: Leicester City vs Chelsea Football Club
[2871995] Could not find attributes for matthias lehmann (1. Fußball-Club Köln, 2017)
[2871995] Failed to build match row: 1. Fußball- und Sportverein Mainz 05 vs 1. Fußball-Club Köln
[2515982] Could not find attributes for dodo (Football Club Internazionale Milano S.p.A., 2014)
[2515982] Failed to build match row: Football Club Internazionale Milano S.p.A. vs UC Sampdoria
Not enough players found for lineup: 0, 11.
[2465457] Failed to scrape lineup: https://www.transfermarkt.co.uk/spielbericht/index/spielbericht/2465457
[3210465] Failed to scrape lineup: https://www.transfermarkt.co.uk/ae-larisa_ofi-crete-fc/index/spielbericht/3210465
0
[2594837] Could not find attributes for jean sylvain babin (Granada CF, 2015)
[2594837] Failed to build match row: Sevilla Fútbol Club S.A.D. vs Granada CF
[3075458] Could not find attributes for bogdan shust (Vorskla Poltava, 2018)
[3075458] Failed to build match row: Vorskla Poltava vs FK Mariupol
[3229103] Could not find attributes for alessandro farroni (Reggina Calcio, 2019)
[3229103] Failed to build match row: Reggina Calcio vs LR Vicenza
[2321131] Failed to scrape lineup: https://www.transfermarkt.co.uk/hamburger-sv_vfb-stuttgart/index/spielbericht/2321131

Keepers & outfield error for **Vitória Setúbal FC** in Futebol Clube do Porto vs Vitória Setúbal FC: Numbers: 2 and 9.
[2340406] Failed to build match row: Futebol Clube do Porto vs Vitória Setúbal FC
[2734536] Could not find attributes for stanislav antipov (Irtysh Omsk, 2016)
[2734536] Failed to build match row: Irtysh Omsk vs Dinamo Barnaul
[2704543] Could not find attributes for fabian frei (1. Fußball- und Sportverein Mainz 05, 2016)
[2704543] Failed to build match row: Bayer 04 Leverkusen Fußball vs 1. Fußball- und Sportverein Mainz 05

Keepers & outfield error for **Aberdeen Football Club** in Inverness Caledonian Thistle FC vs Aberdeen Football Club: Numbers: 0 and 11.
Not enough players found for lineup: 0, 0.
[2557594] Failed to build match row: Inverness Caledonian Thistle FC vs Aberdeen Football Club
[3178975] Failed to scrape lineup: https://www.transfermarkt.co.uk/spielbericht/index/spielbericht/3178975
[2764440] Could not find attributes for zacharias kavousakis (Athlitiki Enosi Larisas, 2016)
[2764440] Failed to build match row: Athlitiki Enosi Larisas vs Panelefsiniakos AO
[2904786] Failed to scrape lineup: https://www.transfermarkt.co.uk/spielbericht/index/spielbericht/2904786

Keepers & outfield error for **Società Sportiva Calcio Napoli** in Società Sportiva Calcio Napoli vs Udinese Calcio: Numbers: 2 and 9.
[3050361] Failed to scrape lineup: https://www.transfermarkt.co.uk/everton-fc_leicester-city/index/spielbericht/3050361
[2515983] Failed to build match row: Società Sportiva Calcio Napoli vs Udinese Calcio
[2897478] Could not find attributes for mattia destro (Bologna Football Club 1909, 2017)
[2877341] Could not find attributes for dave bulthuis (Sportclub Heerenveen, 2017)
[2897478] Failed to build match row: Bologna Football Club 1909 vs Udinese Calcio
[2877341] Failed to build match row: Sportclub Heerenveen vs Roda JC Kerkrade
Not enough players found for lineup: 0, 0.
[2465458] Failed to scrape lineup: https://www.transfermarkt.co.uk/spielbericht/index/spielbericht/2465458
[2700250] Could not find attributes for mait toom (FC Flora Tallinn, 2016)
[2700250] Failed to build match row: FC Flora Tallinn vs Lincoln Red Imps FC
[2369973] Could not find attributes for materazzi (Leixões SC, 2013)
[2369973] Failed to build match row: Leixões SC vs Vitória Sport Clube
[2481083] Could not find attributes for darren barr (Ross County FC, 2014)
[2481083] Failed to build match row: Ross County FC vs Aberdeen Football Club

Keepers & outfield error for **Futebol Clube de Arouca** in Futebol Clube de Arouca vs Sport Lisboa e Benfica: Numbers: 2 and 9.
[3219211] Could not find attributes for patrick van aanholt (Crystal Palace Football Club, 2019)
[2720776] Failed to build match row: Futebol Clube de Arouca vs Sport Lisboa e Benfica
[3219211] Failed to build match row: Brighton and Hove Albion Football Club vs Crystal Palace Football Club

Keepers & outfield error for **KAS Eupen** in KAS Eupen vs Yellow-Red Koninklijke Voetbalclub Mechelen: Numbers: 2 and 9.
[2933477] Failed to build match row: KAS Eupen vs Yellow-Red Koninklijke Voetbalclub Mechelen

Keepers & outfield error for **Sevilla Fútbol Club S.A.D.** in Sevilla Fútbol Club S.A.D. vs Club Atlético de Madrid S.A.D.: Numbers: 0 and 11.
[3121656] Could not find attributes for egor baburin (FC Rubin Kazan, 2018)
[2606545] Could not find attributes for hurriyet gucer (Gaziantepspor (- 2020), 2015)
[3121656] Failed to build match row: Футбольный клуб "Локомотив" Москва vs FC Rubin Kazan
[2606545] Failed to build match row: Mersin Talimyurdu SK vs Gaziantepspor (- 2020)
[2989787] Failed to build match row: Sevilla Fútbol Club S.A.D. vs Club Atlético de Madrid S.A.D.
[2345733] Failed to scrape lineup: https://www.transfermarkt.co.uk/dundee-united-fc_inverness-caledonian-thistle-fc/index/spielbericht/2345733

Keepers & outfield error for **Sporting Clube de Portugal** in Sporting Clube de Portugal vs Académica Coimbra: Numbers: 2 and 9.
[2340407] Failed to build match row: Sporting Clube de Portugal vs Académica Coimbra
[2635717] Could not find attributes for aleksandr belenov (Kuban Krasnodar (-2018), 2015)
[2635717] Failed to build match row: Kuban Krasnodar (-2018) vs RFK Akhmat Grozny
[3393963] Failed to scrape lineup: https://www.transfermarkt.co.uk/ogc-nice_rc-lens/index/spielbericht/3393963
[2704544] Could not find attributes for benjamin stambouli (FC Schalke 04, 2016)
[2704544] Failed to build match row: FC Schalke 04 vs Turn- und Sportgemeinschaft 1899 Hoffenheim Fußball-Spielbetriebs
[2734537] Could not find attributes for anatoliy malashenko (KamAZ Naberezhnye Chelny, 2016)
[2871996] Could not find attributes for nils petersen (Sport-Club Freiburg, 2017)
[2734537] Failed to build match row: KamAZ Naberezhnye Chelny vs FK Chelyabinsk
[2764441] Could not find attributes for grigoris athanasiou (AO Chania, 2016)
[2871996] Failed to build match row: Verein für Leibesübungen Wolfsburg vs Sport-Club Freiburg
[2475456] Failed to scrape lineup: https://www.transfermarkt.co.uk/levante-ud_celta-de-vigo/index/spielbericht/2475456

Keepers & outfield error for **FC Schalke 04** in Eintracht Braunschweig vs FC Schalke 04: Numbers: 2 and 9.
[2764441] Failed to build match row: AO Chania vs Olympiakos Syndesmos Filathlon Peiraios
[2877342] Could not find attributes for romeo castelen (VVV-Venlo, 2017)
[2321132] Failed to build match row: Eintracht Braunschweig vs FC Schalke 04
[2594838] Failed to scrape lineup: https://www.transfermarkt.co.uk/ud-las-palmas_athletic-bilbao/index/spielbericht/2594838
[2877342] Failed to build match row: Alkmaar Zaanstreek vs VVV-Venlo
[3095950] Could not find attributes for yassine meriah (Olympiakos Syndesmos Filathlon Peiraios, 2018)
[3121657] Could not find attributes for stanislav kritsyuk (FK Krasnodar, 2018)
[3095950] Failed to build match row: Olympiakos Syndesmos Filathlon Peiraios vs APO Levadiakos Football Club
[3121657] Failed to build match row: FK Krasnodar vs FK Rostov
[2329865] Failed to scrape lineup: https://www.transfermarkt.co.uk/kv-kortrijk_cercle-brugge/index/spielbericht/2329865
Not enough players found for lineup: 0, 0.
[3178976] Failed to scrape lineup: https://www.transfermarkt.co.uk/spielbericht/index/spielbericht/3178976
[2340408] Failed to scrape lineup: https://www.transfermarkt.co.uk/cf-os-belenenses_gd-estoril-praia/index/spielbericht/2340408
[2904787] Failed to scrape lineup: https://www.transfermarkt.co.uk/spielbericht/index/spielbericht/2904787
[2557595] Failed to scrape lineup: https://www.transfermarkt.co.uk/ross-county-fc_partick-thistle-fc/index/spielbericht/2557595
[2635718] Could not find attributes for aritm (FK Krasnodar, 2015)
[2359340] Failed to scrape lineup: https://www.transfermarkt.co.uk/genoa-cfc_torino-fc/index/spielbericht/2359340
[3251807] Could not find attributes for ivan tyurin (FK Obolon Kyiv, 2019)
[2465459] Failed to scrape lineup: https://www.transfermarkt.co.uk/spielbericht/index/spielbericht/2465459
[2635718] Failed to build match row: FK Spartak Moskva vs FK Krasnodar
[3251807] Failed to build match row: FK Obolon Kyiv vs Girnyk-Sport Gorishni Plavni
[2606546] Could not find attributes for denys boyko (Beşiktaş Jimnastik Kulübü, 2015)
[2720777] Could not find attributes for fabio sturgeon (CF Os Belenenses, 2016)
[2606546] Failed to build match row: Beşiktaş Jimnastik Kulübü vs Antalyaspor
[2720777] Failed to build match row: CF Os Belenenses vs Clube Desportivo Nacional
[2369974] Could not find attributes for tiago silva (CS Marítimo, 2013)
[3075459] Could not find attributes for dmytro lytvyn (FC Zorya Lugansk, 2018)
[2369974] Failed to build match row: CS Marítimo vs SC Farense
[2871997] Could not find attributes for andriy yarmolenko (Borussia Dortmund, 2017)

Keepers & outfield error for **Valencia Club de Fútbol S. A. D.** in Alaves vs Valencia Club de Fútbol S. A. D.: Numbers: 2 and 9.
[2486733] Could not find attributes for anthony reveillere (Sunderland Association Football Club, 2014)
[2871997] Failed to build match row: Verein für Bewegungsspiele Stuttgart 1893 vs Borussia Dortmund
[2486733] Failed to build match row: Manchester United Football Club vs Sunderland Association Football Club
[3075459] Failed to build match row: FC Zorya Lugansk vs Desna Chernigiv
[2989788] Failed to build match row: Alaves vs Valencia Club de Fútbol S. A. D.

Keepers & outfield error for **Celta** in FK Krasnodar vs Celta: Numbers: 0 and 11.

Keepers & outfield error for **Verona Hellas Football Club** in Verona Hellas Football Club vs Juventus Football Club: Numbers: 0 and 11.
[2458331] Could not find attributes for tom buschke (1.FC Neubrandenburg 04, 2014)
[2831539] Failed to build match row: FK Krasnodar vs Celta
[2933478] Could not find attributes for mike vanhamel (KV Oostende, 2017)
[2458331] Failed to build match row: 1.FC Neubrandenburg 04 vs Karlsruher SC
[2887587] Could not find attributes for georgios katsikas (SC Dinamo 1948 SA, 2017)
[2897481] Failed to build match row: Verona Hellas Football Club vs Juventus Football Club
[2933478] Failed to build match row: St Truiden vs KV Oostende
[2887587] Failed to build match row: SC Dinamo 1948 SA vs Athletic Club Bilbao
[2329866] Could not find attributes for matz sels (Koninklijke Atletiek Associatie Gent, 2013)
[2329866] Failed to build match row: Koninklijke Atletiek Associatie Gent vs Royal Charleroi Sporting Club
[2726531] Could not find attributes for panagiotis kone (Udinese Calcio, 2016)
[2726531] Failed to build match row: Unione Sportiva Sassuolo Calcio vs Udinese Calcio
[3095951] Could not find attributes for bojan saranov (PAS Lamia 1964, 2018)
[3095951] Failed to build match row: PAS Lamia 1964 vs Aris Thessalonikis
[2700251] Could not find attributes for phil baker (The New Saints, 2016)
[2700251] Failed to build match row: The New Saints vs SP Tre Penne
[2334931] Failed to scrape lineup: https://www.transfermarkt.co.uk/st-johnstone-fc_hibernian-fc/index/spielbericht/2334931
[2606547] Could not find attributes for ricardo vaz te (Akhisarspor, 2015)
[2495688] Failed to scrape lineup: https://www.transfermarkt.co.uk/fc-midtjylland_fc-nordsjaelland/index/spielbericht/2495688

Keepers & outfield error for **Wolverhampton Wanderers Football Club** in Wolverhampton Wanderers Football Club vs Norwich City: Numbers: 0 and 11.
[2606547] Failed to build match row: Akhisarspor vs Çaykur Rizespor Kulübü
[2734538] Could not find attributes for konstantin baranov (Volga Uljanovsk, 2016)
[2734538] Failed to build match row: Volga Uljanovsk vs Syzran-2003
[3219212] Failed to build match row: Wolverhampton Wanderers Football Club vs Norwich City

Keepers & outfield error for **Vitória Setúbal FC** in Vitória Setúbal FC vs Sporting Clube de Braga: Numbers: 3 and 8.

Keepers & outfield error for **Mönchengladbach** in Hertha BSC vs Mönchengladbach: Numbers: 2 and 9.
[2321134] Failed to build match row: Hertha BSC vs Mönchengladbach

Keepers & outfield error for **CD Leganés** in Real Madrid Club de Fútbol vs CD Leganés: Numbers: 2 and 9.
[2340409] Failed to build match row: Vitória Setúbal FC vs Sporting Clube de Braga
Not enough players found for lineup: 0, 0.
[2989789] Failed to build match row: Real Madrid Club de Fútbol vs CD Leganés
[2618365] Could not find attributes for milos volesak (MSK Zilina, 2015)
[2329867] Could not find attributes for ahmed el messaoudi (Lierse SK (- 2018), 2013)
[2329867] Failed to build match row: Lierse SK (- 2018) vs Oud-Heverlee Leuven
[2764442] Failed to scrape lineup: https://www.transfermarkt.co.uk/spielbericht/index/spielbericht/2764442
[3178977] Failed to scrape lineup: https://www.transfermarkt.co.uk/spielbericht/index/spielbericht/3178977
[2618365] Failed to build match row: Athletic Club Bilbao vs MSK Zilina
[3229104] Could not find attributes for tommaso arrigoni (Siena FC, 2019)
[3075460] Could not find attributes for volodymyr krynskyi (Olimpik Donetsk, 2018)

Keepers & outfield error for **UC Sampdoria** in Football Club Internazionale Milano S.p.A. vs UC Sampdoria: Numbers: 0 and 11.
[3095952] Could not find attributes for nikolaos melissas (PAS Lamia 1964, 2018)
[2887588] Could not find attributes for zauri makharadze (Olimpik Donetsk, 2017)
[2458332] Could not find attributes for alexander schwolow (Arminia Bielefeld, 2014)
[3229104] Failed to build match row: Siena FC vs Mantova 1911
[3095952] Failed to build match row: Panathinaikos Athlitikos Omilos vs PAS Lamia 1964
[2359341] Failed to build match row: Football Club Internazionale Milano S.p.A. vs UC Sampdoria
[3075460] Failed to build match row: Olimpik Donetsk vs FC Shakhtar Donetsk
[2887588] Failed to build match row: Olimpik Donetsk vs Panthessalonikios Athlitikos Omilos Konstantinoupoliton
[2458332] Failed to build match row: Arminia Bielefeld vs SV Sandhausen
[3210466] Could not find attributes for christos lisgaras (AO Xanthi, 2019)
Not enough players found for lineup: 11, 0.
[3210466] Failed to build match row: AO Xanthi vs Olympiakos Syndesmos Filathlon Peiraios
[3121658] Failed to scrape lineup: https://www.transfermarkt.co.uk/spielbericht/index/spielbericht/3121658
[2904788] Failed to scrape lineup: https://www.transfermarkt.co.uk/spielbericht/index/spielbericht/2904788
[3050364] Failed to scrape lineup: https://www.transfermarkt.co.uk/newcastle-united_manchester-united/index/spielbericht/3050364
[3080981] Could not find attributes for mattia destro (Bologna Football Club 1909, 2018)
[3080981] Failed to build match row: Juventus Football Club vs Bologna Football Club 1909
[2668339] Could not find attributes for marcus rashford (Manchester United Football Club, 2015)

Keepers & outfield error for **SD Eibar** in Granada CF vs SD Eibar: Numbers: 0 and 11.
[2668339] Failed to build match row: Liverpool Football Club vs Manchester United Football Club
[2475458] Failed to build match row: Granada CF vs SD Eibar
[2606548] Could not find attributes for serge akakpo (Trabzonspor Kulübü, 2015)

Keepers & outfield error for **GD Chaves** in GD Chaves vs Vitória Setúbal FC: Numbers: 0 and 11.
[2606548] Failed to build match row: Trabzonspor Kulübü vs Sivasspor
[2720778] Failed to build match row: GD Chaves vs Vitória Setúbal FC
[3219213] Could not find attributes for patrick van aanholt (Crystal Palace Football Club, 2019)
[2831540] Could not find attributes for matej mitrovic (Beşiktaş Jimnastik Kulübü, 2016)
[2369975] Could not find attributes for pctm (CF Os Belenenses, 2013)
[3219213] Failed to build match row: Crystal Palace Football Club vs Burnley Football Club
[2557596] Could not find attributes for jack baird (Saint Mirren Football Club, 2014)
[2369975] Failed to build match row: CF Os Belenenses vs Clube Desportivo Santa Clara
[2831540] Failed to build match row: Beşiktaş Jimnastik Kulübü vs Olympiakos Syndesmos Filathlon Peiraios
[2557596] Failed to build match row: Saint Mirren Football Club vs Kilmarnock Football Club
[2345735] Failed to scrape lineup: https://www.transfermarkt.co.uk/motherwell-fc_aberdeen-fc/index/spielbericht/2345735
Not enough players found for lineup: 0, 0.
[2877345] Could not find attributes for theo zwarthoed (Excelsior Rotterdam, 2017)
[2877345] Failed to build match row: Excelsior Rotterdam vs Nooit Opgeven Altijd Doorzetten Aangenaam Door Vermaak En Nuttig Door Ontspanning Combinatie Breda
[2465460] Failed to scrape lineup: https://www.transfermarkt.co.uk/spielbericht/index/spielbericht/2465460
[2581353] Could not find attributes for thomas kahlenberg (Brøndby Idrætsforening, 2015)
[2581353] Failed to build match row: Brøndby Idrætsforening vs Aarhus Gymnastik Forening
[3050365] Could not find attributes for glenn murray (Brighton and Hove Albion Football Club, 2018)
[3050365] Failed to build match row: West Ham United Football Club vs Brighton and Hove Albion Football Club
[3075461] Could not find attributes for rustam khudzhamov (FK Mariupol, 2018)
[2904789] Failed to scrape lineup: https://www.transfermarkt.co.uk/spielbericht/index/spielbericht/2904789
[3075461] Failed to build match row: FK Mariupol vs PFK Lviv

Keepers & outfield error for **Associazione Sportiva Roma** in Associazione Sportiva Roma vs Olympique Lyonnais: Numbers: 0 and 11.
[2475459] Could not find attributes for marcos angeleri (Málaga CF, 2014)

Keepers & outfield error for **Odense Boldklub** in Odense Boldklub vs Hobro IK: Numbers: 2 and 9.

Keepers & outfield error for **SPAL** in UC Sampdoria vs SPAL: Numbers: 2 and 9.
[2495690] Failed to build match row: Odense Boldklub vs Hobro IK
. D. vs Málaga CF
[2831541] Failed to build match row: Associazione Sportiva Roma vs Olympique Lyonnais
[2369976] Could not find attributes for avto (Gil Vicente Futebol Clube, 2013)
[2897484] Failed to build match row: UC Sampdoria vs SPAL
ube vs Moreirense Futebol Clube
[2321135] Failed to scrape lineup: https://www.transfermarkt.co.uk/bayern-munich_hertha-bsc/index/spielbericht/2321135
[2764443] Failed to scrape lineup: https://www.transfermarkt.co.uk/spielbericht/index/spielbericht/2764443
[3219214] Could not find attributes for federico fernandez (Newcastle United Football Club, 2019)
[3219214] Failed to build match row: Newcastle United Football Club vs Burnley Football Club
[2734539] Could not find attributes for mikhail alfimov (Metallurg Lipetsk, 2016)
[3203661] Could not find attributes for florian wirtz (Bayer 04 Leverkusen Fußball, 2019)
[2734539] Failed to build match row: Metallurg Lipetsk vs Energomash Belgorod (-2018)
[2329868] Failed to scrape lineup: https://www.transfermarkt.co.uk/waasland-beveren_sv-zulte-waregem/index/spielbericht/2329868
[3203661] Failed to build match row: Sportverein Werder Bremen von 1899 vs Bayer 04 Leverkusen Fußball
[3229105] Failed to scrape lineup: https://www.transfermarkt.co.uk/spielbericht/index/spielbericht/3229105
Not enough players found for lineup: 11, 0.
Not enough players found for lineup: 0, 0.
[3121659] Could not find attributes for aleksandr rudenko (FC Orenburg, 2018)
[2465461] Failed to scrape lineup: https://www.transfermarkt.co.uk/spielbericht/index/spielbericht/2465461
[3178978] Failed to scrape lineup: https://www.transfermarkt.co.uk/spielbericht/index/spielbericht/3178978
[3121659] Failed to build match row: FC Orenburg vs Arsenal Tula

Keepers & outfield error for **Bologna Football Club 1909** in Bologna Football Club 1909 vs Genoa Cricket and Football Club: Numbers: 0 and 11.
[2636222] Could not find attributes for steven howson (Salford City, 2015)

Keepers & outfield error for **Paris Saint-Germain Football Club** in Paris Saint-Germain Football Club vs Malmö Fotbollförening: Numbers: 2 and 9.
[2636222] Failed to build match row: Salford City vs Notts County
[2726534] Failed to build match row: Bologna Football Club 1909 vs Genoa Cricket and Football Club
[2618535] Failed to build match row: Paris Saint-Germain Football Club vs Malmö Fotbollförening
[2458333] Could not find attributes for nico hillenbrand (FC-Astoria Walldorf, 2014)
[2887589] Could not find attributes for hrvoje spahija (U Craiova 1948 Club Sportiv SA, 2017)
[2704546] Could not find attributes for felix wiedwald (Sportverein Werder Bremen von 1899, 2016)
[2458333] Failed to build match row: FC-Astoria Walldorf vs Hannover 96

Keepers & outfield error for **Sevilla Fútbol Club S.A.D.** in Bergantiños FC vs Sevilla Fútbol Club S.A.D.: Numbers: 2 and 9.
[3210467] Could not find attributes for miroslav stoch (Panthessalonikios Athlitikos Omilos Konstantinoupoliton, 2019)
[2887589] Failed to build match row: U Craiova 1948 Club Sportiv SA vs Associazione Calcio Milan
[3283223] Failed to build match row: Bergantiños FC vs Sevilla Fútbol Club S.A.D.
[2704546] Failed to build match row: Verein für Leibesübungen Wolfsburg vs Sportverein Werder Bremen von 1899
[3210467] Failed to build match row: Panthessalonikios Athlitikos Omilos Konstantinoupoliton vs Panathinaikos Athlitikos Omilos

Keepers & outfield error for **CF Os Belenenses** in Grupo Desportivo Estoril Praia vs CF Os Belenenses: Numbers: 0 and 11.
[2481193] Could not find attributes for gorka magunazelaia (Real Oviedo S.A.D., 2014)
[2340410] Failed to build match row: Grupo Desportivo Estoril Praia vs CF Os Belenenses
[2481193] Failed to build match row: Real Oviedo S.A.D. vs SD Amorebieta
[2589006] Could not find attributes for patrick joosten (Football Club Utrecht, 2015)
[2668340] Could not find attributes for david bicik (AC Sparta Praha, a. s., 2015)
Utrecht
[2594840] Could not find attributes for carl medjani (Levante Unión Deportiva S.A.D., 2015)
[2475460] Could not find attributes for ion ansotegi (Real Sociedad de Fútbol S.A.D., 2014)
[2668340] Failed to build match row: AC Sparta Praha, a. s. vs Società Sportiva Lazio S.p.A.
[2475460] Failed to build match row: Málaga CF vs Real Sociedad de Fútbol S.A.D.
[2594840] Failed to build match row: Levante Unión Deportiva S.A.D. vs Club Atlético de Madrid S.A.D.
[3251808] Could not find attributes for artem kulinich (FC Minaj, 2019)
[3251808] Failed to build match row: FC Minaj vs Volyn Lutsk
[2465477] Could not find attributes for david bicik (AC Sparta Praha, a. s., 2014)
[2989819] Could not find attributes for matic kotnik (Panionios Athens, 2017)
[2465477] Failed to build match row: AC Sparta Praha, a. s. vs FCI Levadia
[2989819] Failed to build match row: Panionios Athens vs PAS Lamia 1964

Keepers & outfield error for **Hull City** in Stoke City vs Hull City: Numbers: 0 and 11.
[2581355] Could not find attributes for kees luijckx (Sønderjyske Fodbold, 2015)
[3121660] Could not find attributes for egor sorokin (FC Rubin Kazan, 2018)
[3095953] Could not find attributes for balazs megyeri (APS Atromitos Athinon, 2018)
[2486736] Failed to build match row: Stoke City vs Hull City
[2581355] Failed to build match row: Sønderjyske Fodbold vs Fodbold Club Nordsjælland
[3121660] Failed to build match row: FC Rubin Kazan vs Футбольный клуб "Локомотив" Москва
[3095953] Failed to build match row: APS Atromitos Athinon vs AO Xanthi
[3050367] Could not find attributes for glenn murray (Brighton and Hove Albion Football Club, 2018)
[2700252] Could not find attributes for henry bonello (Valletta FC, 2016)
[3050367] Failed to build match row: Brighton and Hove Albion Football Club vs Liverpool Football Club
[2700252] Failed to build match row: Valletta FC vs B36 Tórshavn
[2904790] Failed to scrape lineup: https://www.transfermarkt.co.uk/spielbericht/index/spielbericht/2904790
[3075462] Failed to scrape lineup: https://www.transfermarkt.co.uk/fk-oleksandriya_vorskla-poltava/index/spielbericht/3075462

Keepers & outfield error for **Córdoba CF** in Córdoba CF vs Club Atlético de Madrid S.A.D.: Numbers: 0 and 11.
mbers: 0 and 11.
[2557599] Failed to build match row: Dundee United Football Club vs Aberdeen Football Club
[2475461] Failed to build match row: Córdoba CF vs Club Atlético de Madrid S.A.D.

Keepers & outfield error for **Cagliari Calcio** in Cagliari Calcio vs FC Crotone: Numbers: 0 and 11.
[2726535] Failed to build match row: Cagliari Calcio vs FC Crotone

Keepers & outfield error for **FC Shakhtar Donetsk** in Real Madrid Club de Fútbol vs FC Shakhtar Donetsk: Numbers: 2 and 9.
[2897485] Failed to scrape lineup: https://www.transfermarkt.co.uk/torino-fc_genoa-cfc/index/spielbericht/2897485
[2495691] Failed to scrape lineup: https://www.transfermarkt.co.uk/fc-copenhagen_sonderjyske/index/spielbericht/2495691
[2618536] Failed to build match row: Real Madrid Club de Fútbol vs FC Shakhtar Donetsk
[2764444] Failed to scrape lineup: https://www.transfermarkt.co.uk/spielbericht/index/spielbericht/2764444
[2345947] Failed to scrape lineup: https://www.transfermarkt.co.uk/spielbericht/index/spielbericht/2345947
[2877346] Could not find attributes for nasser el khayati (ADO Den Haag, 2017)
[2607118] Could not find attributes for giovanni zandrini (L'Aquila 1927, 2015)
[2607118] Failed to build match row: Novara Calcio 1908 vs L'Aquila 1927
[2877346] Failed to build match row: Football Club Groningen vs ADO Den Haag

Keepers & outfield error for **KAS Eupen** in Koninklijke Atletiek Associatie Gent vs KAS Eupen: Numbers: 2 and 9.
[2933499] Failed to build match row: Koninklijke Atletiek Associatie Gent vs KAS Eupen

Keepers & outfield error for **Olympiakos Syndesmos Filathlon Peiraios** in Olympiakos Syndesmos Filathlon Peiraios vs Athlitiki Enosi Konstantinoupoleos: Numbers: 2 and 9.
[3178979] Failed to scrape lineup: https://www.transfermarkt.co.uk/spielbericht/index/spielbericht/3178979
[2989820] Failed to build match row: Olympiakos Syndesmos Filathlon Peiraios vs Athlitiki Enosi Konstantinoupoleos
[3210468] Could not find attributes for nikolaos giannakopoulos (Panetolikos Agrinio, 2019)
[3121661] Could not find attributes for sergey pesjakov (FK Rostov, 2018)
[3210468] Failed to build match row: Panetolikos Agrinio vs A.G.S Asteras Tripolis
[2581356] Could not find attributes for jung bin park (Hobro IK, 2015)
[3121661] Failed to build match row: FK Rostov vs FK Krasnodar
[2581356] Failed to build match row: Hobro IK vs Esbjerg fB
[2887621] Could not find attributes for zauri makharadze (Olimpik Donetsk, 2017)
[2887621] Failed to build match row: Panthessalonikios Athlitikos Omilos Konstantinoupoliton vs Olimpik Donetsk
[2340411] Failed to scrape lineup: https://www.transfermarkt.co.uk/cf-os-belenenses_sc-braga/index/spielbericht/2340411
[2877811] Could not find attributes for romeo castelen (VVV-Venlo, 2017)
[2877811] Failed to build match row: VVV-Venlo vs Football Club Groningen
[2321137] Failed to scrape lineup: https://www.transfermarkt.co.uk/borussia-monchengladbach_eintracht-frankfurt/index/spielbericht/2321137
[2835837] Failed to scrape lineup: https://www.transfermarkt.co.uk/spielbericht/index/spielbericht/2835837
[2594841] Failed to scrape lineup: https://www.transfermarkt.co.uk/valencia-cf_real-sociedad/index/spielbericht/2594841
[2734540] Could not find attributes for stefan sicaci (Torpedo Moscow, 2016)
[3251809] Failed to scrape lineup: https://www.transfermarkt.co.uk/spielbericht/index/spielbericht/3251809
[2734540] Failed to build match row: Torpedo Moscow vs Dinamo Bryansk
[3121662] Could not find attributes for yaroslav godzyur (Ural Yekaterinburg, 2018)
[3121662] Failed to build match row: Ural Yekaterinburg vs FK Spartak Moskva
[2465478] Failed to scrape lineup: https://www.transfermarkt.co.uk/spielbericht/index/spielbericht/2465478
[3394570] Failed to scrape lineup: https://www.transfermarkt.co.uk/stade-rennais-fc_montpellier-hsc/index/spielbericht/3394570
[3229106] Could not find attributes for matteo cincilla (Ravenna FC, 2019)
[2340412] Could not find attributes for gege (CS Marítimo, 2013)
[3229106] Failed to build match row: Ravenna FC vs Sanremese Calcio
[2340412] Failed to build match row: CS Marítimo vs Sporting Clube de Braga
[2877812] Could not find attributes for theo zwarthoed (Excelsior Rotterdam, 2017)
[2877812] Failed to build match row: Vitesse Arnhem vs Excelsior Rotterdam
[2481194] Could not find attributes for pepe selles (Hércules CF, 2014)
[2481194] Failed to build match row: Hércules CF vs CD Eldense
[2904793] Failed to scrape lineup: https://www.transfermarkt.co.uk/spielbericht/index/spielbericht/2904793

Keepers & outfield error for **Bologna Football Club 1909** in UC Sampdoria vs Bologna Football Club 1909: Numbers: 2 and 9.
[2704548] Failed to scrape lineup: https://www.transfermarkt.co.uk/sv-darmstadt-98_fc-augsburg/index/spielbericht/2704548
[3095954] Failed to scrape lineup: https://www.transfermarkt.co.uk/asteras-tripolis_aek-athens/index/spielbericht/3095954
[2897487] Failed to build match row: UC Sampdoria vs Bologna Football Club 1909

Keepers & outfield error for **Espanol** in Espanol vs Elche Club de Fútbol S.A.D.: Numbers: 2 and 9.
[2475463] Failed to build match row: Espanol vs Elche Club de Fútbol S.A.D.
[2837739] Could not find attributes for ofir marciano (Hibernian Football Club, 2016)
[2837739] Failed to build match row: Hibernian Football Club vs Aberdeen Football Club
[2345997] Could not find attributes for khalid askri (Raja Club Athletic, 2013)
[2345997] Failed to build match row: Raja Club Athletic vs Auckland City FC
[2700253] Failed to scrape lineup: https://www.transfermarkt.co.uk/spielbericht/index/spielbericht/2700253
[3210469] Could not find attributes for jeremy malherbe (Panionios Athens, 2019)
[3210469] Failed to build match row: Panionios Athens vs Aris Thessalonikis
[2734541] Could not find attributes for andrey zaytsev (Vityaz Podolsk, 2016)
[2734541] Failed to build match row: Vityaz Podolsk vs FC Kaluga
[2329871] Failed to scrape lineup: https://www.transfermarkt.co.uk/sv-zulte-waregem_cercle-brugge/index/spielbericht/2329871
[3121663] Could not find attributes for mikhail levashov (Arsenal Tula, 2018)
[3075463] Failed to scrape lineup: https://www.transfermarkt.co.uk/chornomorets-odessa_dynamo-kyiv/index/spielbericht/3075463
[2589008] Failed to scrape lineup: https://www.transfermarkt.co.uk/sc-cambuur-leeuwarden_de-graafschap-doetinchem/index/spielbericht/2589008
[2515986] Failed to scrape lineup: https://www.transfermarkt.co.uk/spielbericht/index/spielbericht/2515986
[3121663] Failed to build match row: Arsenal Tula vs FC Orenburg
[2557600] Failed to scrape lineup: https://www.transfermarkt.co.uk/kilmarnock-fc_hamilton-academical-fc/index/spielbericht/2557600
[2933501] Could not find attributes for jakov filipovic (KSC Lokeren (- 2020), 2017)
[2933501] Failed to build match row: Yellow-Red Koninklijke Voetbalclub Mechelen vs KSC Lokeren (- 2020)
[2989821] Could not find attributes for aristotelis karasalidis (APS Atromitos Athinon, 2017)
[2989821] Failed to build match row: Panthessalonikios Athlitikos Omilos Konstantinoupoliton vs APS Atromitos Athinon
[2594842] Could not find attributes for stipe pletikosa (Deportivo de La Coruña, 2015)
[2594842] Failed to build match row: Deportivo de La Coruña vs Real Madrid Club de Fútbol
[2726536] Failed to scrape lineup: https://www.transfermarkt.co.uk/fc-empoli_juventus-fc/index/spielbericht/2726536
[2618537] Failed to scrape lineup: https://www.transfermarkt.co.uk/spielbericht/index/spielbericht/2618537
[2764445] Failed to scrape lineup: https://www.transfermarkt.co.uk/spielbericht/index/spielbericht/2764445
[2704549] Could not find attributes for nils petersen (Sport-Club Freiburg, 2016)
[2369978] Failed to scrape lineup: https://www.transfermarkt.co.uk/spielbericht/index/spielbericht/2369978
[2704549] Failed to build match row: Sport-Club Freiburg vs Borussia Dortmund
[3095955] Could not find attributes for filip manojlovic (Panionios Athens, 2018)
[2905304] Could not find attributes for rustam khudzhamov (FK Mariupol, 2017)
[2607119] Failed to scrape lineup: https://www.transfermarkt.co.uk/spielbericht/index/spielbericht/2607119
[3095955] Failed to build match row: Panionios Athens vs Panthessalonikios Athlitikos Omilos Konstantinoupoliton
[2905304] Failed to build match row: FK Mariupol vs PFK Stal Kamyanske (-2018)

Keepers & outfield error for **Nooit Opgeven Altijd Doorzetten Aangenaam Door Vermaak En Nuttig Door Ontspanning Combinatie Breda** in Nooit Opgeven Altijd Doorzetten Aangenaam Door Vermaak En Nuttig Door Ontspanning Combinatie Breda vs Alkmaar Zaanstreek: Numbers: 2 and 9.
[2458335] Failed to scrape lineup: https://www.transfermarkt.co.uk/spielbericht/index/spielbericht/2458335
[2877813] Failed to build match row: Nooit Opgeven Altijd Doorzetten Aangenaam Door Vermaak En Nuttig Door Ontspanning Combinatie Breda vs Alkmaar Zaanstreek
[3210470] Could not find attributes for konstantinos theodoropoulos (PAS Lamia 1964, 2019)
[3210470] Failed to build match row: PAS Lamia 1964 vs Volou Neos Podosferikos Syllogos
[2668342] Could not find attributes for ricardo ferreira (Sporting Clube de Braga, 2015)
[2668342] Failed to build match row: Fenerbahçe Spor Kulübü vs Sporting Clube de Braga
[3080983] Failed to scrape lineup: https://www.transfermarkt.co.uk/as-roma_frosinone-calcio/index/spielbericht/3080983
[2887622] Failed to scrape lineup: https://www.transfermarkt.co.uk/spielbericht/index/spielbericht/2887622
[3075464] Could not find attributes for maksym kuchynskyi (Karpaty Lviv (-2021), 2018)
[3075464] Failed to build match row: Karpaty Lviv (-2021) vs Arsenal Kyiv
[3122156] Could not find attributes for evgeniy gorodov (RFK Akhmat Grozny, 2018)
[2989822] Could not find attributes for konstantinos peristeridis (PAS Giannina, 2017)
[2989822] Failed to build match row: PAS Giannina vs Athlitiki Enosi Larisas
[3122156] Failed to build match row: RFK Akhmat Grozny vs PFK CSKA Moskva
[3283224] Could not find attributes for david sanz (CD Laredo, 2019)
[2329872] Could not find attributes for elimane coulibaly (KV Kortrijk, 2013)
[2872023] Could not find attributes for julian korb (Hannover 96, 2017)
[2329872] Failed to build match row: KV Kortrijk vs RAEC Mons (- 2015)
[3283224] Failed to build match row: CD Laredo vs SD Huesca
[2872023] Failed to build match row: Hannover 96 vs RasenBallsport Leipzig
[2905305] Could not find attributes for yuriy pankiv (FC Oleksandriya, 2017)
[3251810] Failed to scrape lineup: https://www.transfermarkt.co.uk/spielbericht/index/spielbericht/3251810
[2905305] Failed to build match row: FC Oleksandriya vs Futbolniy Klub Dynamo Kyiv

Keepers & outfield error for **Sporting Gijón** in Sporting Gijón vs Villarreal Club de Fútbol S.A.D.: Numbers: 2 and 9.
[2594843] Failed to build match row: Sporting Gijón vs Villarreal Club de Fútbol S.A.D.
[2764446] Could not find attributes for michalis zaropoulos (AO Xanthi, 2016)

Keepers & outfield error for **Hull City** in Hull City vs Sunderland Association Football Club: Numbers: 0 and 11.
[2486740] Failed to build match row: Hull City vs Sunderland Association Football Club
[2764446] Failed to build match row: AO Xanthi vs AEL Kalloni
Not enough players found for lineup: 0, 0.
[3229107] Failed to scrape lineup: https://www.transfermarkt.co.uk/spielbericht/index/spielbericht/3229107
[2340413] Failed to scrape lineup: https://www.transfermarkt.co.uk/sc-braga_fc-pacos-de-ferreira/index/spielbericht/2340413
[2369979] Failed to scrape lineup: https://www.transfermarkt.co.uk/spielbericht/index/spielbericht/2369979
[2481195] Could not find attributes for nabil souni (Marbella FC, 2014)
[2481195] Failed to build match row: Marbella FC vs Real Balompédica Linense
[2359343] Could not find attributes for brayan perea (Società Sportiva Lazio S.p.A., 2013)
[2359343] Failed to build match row: Società Sportiva Lazio S.p.A. vs Società Sportiva Calcio Napoli

Keepers & outfield error for **SPAL** in SPAL vs Unione Sportiva Sassuolo Calcio: Numbers: 2 and 9.
[3080984] Failed to build match row: SPAL vs Unione Sportiva Sassuolo Calcio

Keepers & outfield error for **SPAL** in SPAL vs Chievo Verona: Numbers: 2 and 9.
[2346007] Could not find attributes for abdulkerim bardakci (Konyaspor, 2013)
[2897489] Failed to build match row: SPAL vs Chievo Verona
[2346007] Failed to build match row: Konyaspor vs Fenerbahçe Spor Kulübü
[2887623] Could not find attributes for georgios katsikas (SC Dinamo 1948 SA, 2017)
[3075868] Could not find attributes for yevgen galchuk (FK Mariupol, 2018)
[2887623] Failed to build match row: Athletic Club Bilbao vs SC Dinamo 1948 SA
[2726538] Could not find attributes for albano bizzarri (Delfino Pescara 1936, 2016)
[3075868] Failed to build match row: FC Shakhtar Donetsk vs FK Mariupol
[3050371] Failed to scrape lineup: https://www.transfermarkt.co.uk/crystal-palace_watford-fc/index/spielbericht/3050371
[2734542] Failed to scrape lineup: https://www.transfermarkt.co.uk/spielbericht/index/spielbericht/2734542
[2465492] Could not find attributes for vojislav stankovic (Fudbalski Klub Partizan Beograd, 2014)
[2726538] Failed to build match row: Delfino Pescara 1936 vs Chievo Verona
[2465492] Failed to build match row: Fudbalski Klub Partizan Beograd vs HB Tórshavn
[2989823] Could not find attributes for aristotelis karasalidis (APS Atromitos Athinon, 2017)
[2989823] Failed to build match row: APS Atromitos Athinon vs Panthessalonikios Athlitikos Omilos Konstantinoupoliton
[2557601] Could not find attributes for conor grant (Motherwell Football Club, 2014)
[2557601] Failed to build match row: Motherwell Football Club vs Ross County FC

Keepers & outfield error for **Football Club de Metz** in Football Club de Metz vs Association sportive de Monaco Football Club: Numbers: 0 and 11.
[2618539] Could not find attributes for sabri sarioglu (Galatasaray Spor Kulübü, 2015)
[3203664] Failed to scrape lineup: https://www.transfermarkt.co.uk/fc-augsburg_vfl-wolfsburg/index/spielbericht/3203664
[3394573] Failed to build match row: Football Club de Metz vs Association sportive de Monaco Football Club
[2618539] Failed to build match row: Galatasaray Spor Kulübü vs Club Atlético de Madrid S.A.D.
[2905306] Could not find attributes for zauri makharadze (Olimpik Donetsk, 2017)
[2700254] Could not find attributes for yeray patino (Lincoln Red Imps FC, 2016)
[2905306] Failed to build match row: Olimpik Donetsk vs Vorskla Poltava
[2700254] Failed to build match row: Lincoln Red Imps FC vs FC Flora Tallinn

Keepers & outfield error for **Getafe Club de Fútbol S. A. D. Team Dubai** in Real Betis Balompié S.A.D. vs Getafe Club de Fútbol S. A. D. Team Dubai: Numbers: 2 and 9.
[2636225] Failed to scrape lineup: https://www.transfermarkt.co.uk/spielbericht/index/spielbericht/2636225
[2764447] Could not find attributes for sokratis dioudis (Aris Thessalonikis, 2016)
[3095956] Could not find attributes for julian cuesta (Aris Thessalonikis, 2018)
[2594844] Failed to build match row: Real Betis Balompié S.A.D. vs Getafe Club de Fútbol S. A. D. Team Dubai
[3095956] Failed to build match row: Aris Thessalonikis vs Athlitiki Enosi Larisas
[2764447] Failed to build match row: Aris Thessalonikis vs A.G.S Asteras Tripolis
[2475466] Could not find attributes for loukas vyntra (Levante Unión Deportiva S.A.D., 2014)
[3251811] Could not find attributes for roman lyopka (Ingulets Petrove, 2019)
[3219222] Could not find attributes for danny ings (Southampton FC, 2019)
[3251811] Failed to build match row: Ingulets Petrove vs Karpaty Lviv (-2021)
[2475466] Failed to build match row: UD Almería vs Levante Unión Deportiva S.A.D.
[3219222] Failed to build match row: Liverpool Football Club vs Southampton FC
[2495694] Could not find attributes for kristoffer olsson (Fodbold Club Midtjylland, 2014)
[2346008] Could not find attributes for boy waterman (Kardemir Karabükspor, 2013)
[2495694] Failed to build match row: Silkeborg Idrætsforening vs Fodbold Club Midtjylland
[2346008] Failed to build match row: Kardemir Karabükspor vs Kasımpaşa A.Ş.
[2877815] Could not find attributes for nasser el khayati (ADO Den Haag, 2017)
[2458336] Failed to scrape lineup: https://www.transfermarkt.co.uk/spielbericht/index/spielbericht/2458336
[2877815] Failed to build match row: ADO Den Haag vs Willem II Tilburg

Keepers & outfield error for **Everton Football Club** in Everton Football Club vs Association Football Club Bournemouth: Numbers: 2 and 9.
Not enough players found for lineup: 0, 0.
[3050372] Failed to build match row: Everton Football Club vs Association Football Club Bournemouth
[3075869] Could not find attributes for oleksandr bandura (PFK Lviv, 2018)
[2734543] Could not find attributes for vyacheslav grab (Torpedo Vladimir, 2016)
[2340414] Failed to scrape lineup: https://www.transfermarkt.co.uk/sc-olhanense_vitoria-guimaraes-sc/index/spielbericht/2340414
[3075869] Failed to build match row: PFK Lviv vs FC Oleksandriya
[3210471] Could not find attributes for ogmundur kristinsson (Athlitiki Enosi Larisas, 2019)
[2734543] Failed to build match row: Torpedo Vladimir vs Dnepr Smolensk
[2515987] Could not find attributes for andi lila (Parma Calcio 1913, 2014)
[2515987] Failed to build match row: Parma Calcio 1913 vs Cagliari Calcio
[3210471] Failed to build match row: Athlitiki Enosi Larisas vs PAS Lamia 1964
[3203665] Could not find attributes for jan thielmann (1. Fußball-Club Köln, 2019)
[2905307] Could not find attributes for oleksandr bandura (NK Veres Rivne, 2017)
[3203665] Failed to build match row: 1. Fußball-Club Köln vs 1. Fußball- und Sportverein Mainz 05
[2905307] Failed to build match row: NK Veres Rivne vs Karpaty Lviv (-2021)
[2486741] Could not find attributes for darnell furlong (Queens Park Rangers, 2014)
[2486741] Failed to build match row: Queens Park Rangers vs Arsenal Football Club
[3095957] Could not find attributes for yassine meriah (Olympiakos Syndesmos Filathlon Peiraios, 2018)
[2764448] Could not find attributes for georgios kantimiris (Veria NPS, 2016)
[3095957] Failed to build match row: Olympiakos Syndesmos Filathlon Peiraios vs PAS Giannina
[2764448] Failed to build match row: Veria NPS vs Eginiakos
[2872024] Could not find attributes for Matti Steinmann (Hamburger Sport Verein, 2017)
[2872024] Failed to build match row: Verein für Bewegungsspiele Stuttgart 1893 vs Hamburger Sport Verein
[2837740] Could not find attributes for myles beerman (Rangers Football Club, 2016)
[2837740] Failed to build match row: The Celtic Football Club vs Rangers Football Club
[3283225] Could not find attributes for brimah razak (Linares Deportivo, 2019)
[3229108] Could not find attributes for niccolo cabras (US Adriese 1906, 2019)

Keepers & outfield error for **Celta** in Celta vs Futbol Club Barcelona: Numbers: 0 and 11.
[3283225] Failed to build match row: Linares Deportivo vs Girona Fútbol Club S. A. D.
[3229108] Failed to build match row: US Adriese 1906 vs Feralpisalò
[2475467] Failed to build match row: Celta vs Futbol Club Barcelona

Keepers & outfield error for **Esbjerg fB** in Esbjerg fB vs Odense Boldklub: Numbers: 0 and 11.
[2581357] Failed to build match row: Esbjerg fB vs Odense Boldklub
[3063600] Could not find attributes for mohammed kudus (Fodbold Club Nordsjælland, 2018)
[3063600] Failed to build match row: Fodbold Club Nordsjælland vs AC Horsens
[3122157] Failed to scrape lineup: https://www.transfermarkt.co.uk/lokomotiv-moscow_ural-yekaterinburg/index/spielbericht/3122157
[2704550] Could not find attributes for christian clemens (1. Fußball-Club Köln, 2016)
[2704550] Failed to build match row: RasenBallsport Leipzig vs 1. Fußball-Club Köln
[2607120] Could not find attributes for daniele mignanelli (Delfino Pescara 1936, 2015)
[2607120] Failed to build match row: Delfino Pescara 1936 vs FC Südtirol
[3251812] Could not find attributes for ivan kryknin (Dinaz Vyshgorod, 2019)
[3251812] Failed to build match row: Dinaz Vyshgorod vs FC Oleksandriya
[2334939] Failed to scrape lineup: https://www.transfermarkt.co.uk/heart-of-midlothian-fc_st-mirren-fc/index/spielbericht/2334939
[2700255] Could not find attributes for mattia migani (SP Tre Penne, 2016)
[3210472] Could not find attributes for christos lisgaras (AO Xanthi, 2019)
[2700255] Failed to build match row: SP Tre Penne vs The New Saints
[2905308] Could not find attributes for oleksandr svatok (FC Zorya Lugansk, 2017)
[3210472] Failed to build match row: AO Xanthi vs Panionios Athens
[2905308] Failed to build match row: FC Zorya Lugansk vs FC Shakhtar Donetsk

Keepers & outfield error for **Società Sportiva Lazio S.p.A.** in Associazione Calcio Fiorentina vs Società Sportiva Lazio S.p.A.: Numbers: 2 and 9.
[2897492] Failed to build match row: Associazione Calcio Fiorentina vs Società Sportiva Lazio S.p.A.
[2481196] Failed to scrape lineup: https://www.transfermarkt.co.uk/spielbericht/index/spielbericht/2481196

Keepers & outfield error for **Nooit Opgeven Altijd Doorzetten Aangenaam Door Vermaak En Nuttig Door Ontspanning Combinatie Breda** in Football Club Groningen vs Nooit Opgeven Altijd Doorzetten Aangenaam Door Vermaak En Nuttig Door Ontspanning Combinatie Breda: Numbers: 2 and 9.
[2888290] Failed to build match row: Football Club Groningen vs Nooit Opgeven Altijd Doorzetten Aangenaam Door Vermaak En Nuttig Door Ontspanning Combinatie Breda
[3180052] Could not find attributes for jake mulraney (Heart of Midlothian Football Club, 2018)
[2668344] Failed to scrape lineup: https://www.transfermarkt.co.uk/spielbericht/index/spielbericht/2668344
[3180052] Failed to build match row: Heart of Midlothian Football Club vs The Celtic Football Club
[2465493] Failed to scrape lineup: https://www.transfermarkt.co.uk/spielbericht/index/spielbericht/2465493

Keepers & outfield error for **Vejle Boldklub** in Vejle Boldklub vs Odense Boldklub: Numbers: 2 and 9.
[2726539] Failed to scrape lineup: https://www.transfermarkt.co.uk/as-roma_inter-milan/index/spielbericht/2726539
[2872025] Could not find attributes for andriy yarmolenko (Borussia Dortmund, 2017)
Not enough players found for lineup: 0, 11.
[2989824] Failed to scrape lineup: https://www.transfermarkt.co.uk/spielbericht/index/spielbericht/2989824
[2340415] Failed to scrape lineup: https://www.transfermarkt.co.uk/cs-maritimo_fc-porto/index/spielbericht/2340415
[3063601] Failed to build match row: Vejle Boldklub vs Odense Boldklub
[2872025] Failed to build match row: Borussia Dortmund vs FC Schalke 04
[2764449] Could not find attributes for erind prifti (Anagennisi Karditsa, 2016)
[2764449] Failed to build match row: Anagennisi Karditsa vs Athlitiki Enosi Konstantinoupoleos
[2589013] Could not find attributes for wout brama (Prins Hendrik Ende Desespereert Nimmer Combinatie Zwolle, 2015)

Keepers & outfield error for **Grupo Desportivo Estoril Praia** in FC Paços de Ferreira vs Grupo Desportivo Estoril Praia: Numbers: 0 and 11.
[2589013] Failed to build match row: Prins Hendrik Ende Desespereert Nimmer Combinatie Zwolle vs AFC Ajax Amsterdam
[2720782] Failed to build match row: FC Paços de Ferreira vs Grupo Desportivo Estoril Praia
[2636226] Failed to scrape lineup: https://www.transfermarkt.co.uk/spielbericht/index/spielbericht/2636226
[3394574] Failed to scrape lineup: https://www.transfermarkt.co.uk/rc-strasbourg-alsace_ogc-nice/index/spielbericht/3394574
[2334940] Could not find attributes for marian kello (Saint Mirren Football Club, 2013)
[2618540] Failed to scrape lineup: https://www.transfermarkt.co.uk/spielbericht/index/spielbericht/2618540
[2334940] Failed to build match row: Dundee United Football Club vs Saint Mirren Football Club
[3210473] Could not find attributes for fabian ehmann (Aris Thessalonikis, 2019)
[3210473] Failed to build match row: Aris Thessalonikis vs A.G.S Asteras Tripolis
[2905309] Could not find attributes for aleksandr gutor (Chornomorets Odesa, 2017)
[2905309] Failed to build match row: Chornomorets Odesa vs Zirka Kropyvnytskyi
[3095958] Could not find attributes for devis epassy (APO Levadiakos Football Club, 2018)
[2359345] Failed to scrape lineup: https://www.transfermarkt.co.uk/bologna-fc-1909_juventus-fc/index/spielbericht/2359345
[3095958] Failed to build match row: APO Levadiakos Football Club vs Apollon Smyrnis

Keepers & outfield error for **RasenBallsport Leipzig** in RasenBallsport Leipzig vs Sportverein Werder Bremen von 1899: Numbers: 0 and 11.
[3229109] Could not find attributes for marius adamonis (US Catanzaro, 2019)
[2872026] Failed to build match row: RasenBallsport Leipzig vs Sportverein Werder Bremen von 1899
[2466840] Could not find attributes for iago santos (Académica Coimbra, 2014)
[3229109] Failed to build match row: US Catanzaro vs Casertana FC
[2466840] Failed to build match row: Académica Coimbra vs Grupo Desportivo Estoril Praia

Keepers & outfield error for **Odense Boldklub** in Sønderjyske Fodbold vs Odense Boldklub: Numbers: 2 and 9.
[2495696] Failed to build match row: Sønderjyske Fodbold vs Odense Boldklub
[2933505] Failed to scrape lineup: https://www.transfermarkt.co.uk/royal-antwerp-fc_standard-liege/index/spielbericht/2933505
[2458337] Failed to scrape lineup: https://www.transfermarkt.co.uk/spielbericht/index/spielbericht/2458337
[2877816] Failed to scrape lineup: https://www.transfermarkt.co.uk/roda-jc-kerkrade_fc-utrecht/index/spielbericht/2877816
[3050373] Failed to scrape lineup: https://www.transfermarkt.co.uk/leicester-city_southampton-fc/index/spielbericht/3050373
[3075870] Failed to scrape lineup: https://www.transfermarkt.co.uk/vorskla-poltava_chornomorets-odessa/index/spielbericht/3075870
[2557602] Could not find attributes for callum booth (Partick Thistle FC, 2014)
[2515996] Failed to scrape lineup: https://www.transfermarkt.co.uk/zenit-st-petersburg_fc-krasnodar/index/spielbericht/2515996
[2888291] Failed to scrape lineup: https://www.transfermarkt.co.uk/az-alkmaar_sparta-rotterdam/index/spielbericht/2888291
[2704551] Failed to scrape lineup: https://www.transfermarkt.co.uk/borussia-dortmund_bayer-04-leverkusen/index/spielbericht/2704551
[2557602] Failed to build match row: Partick Thistle FC vs Saint Mirren Football Club
[2594846] Failed to scrape lineup: https://www.transfermarkt.co.uk/granada-cf_fc-barcelona/index/spielbericht/2594846
[2839903] Failed to scrape lineup: https://www.transfermarkt.co.uk/spielbericht/index/spielbericht/2839903
[2589014] Could not find attributes for hedwiges maduro (Football Club Groningen, 2015)
[2589014] Failed to build match row: Football Club Groningen vs ADO Den Haag
[3080986] Could not find attributes for valon behrami (Udinese Calcio, 2018)
[2581358] Failed to scrape lineup: https://www.transfermarkt.co.uk/fc-copenhagen_fc-midtjylland/index/spielbericht/2581358
[3080986] Failed to build match row: Bologna Football Club 1909 vs Udinese Calcio
[2700256] Could not find attributes for trygvi askham (B36 Tórshavn, 2016)
[2346009] Could not find attributes for oguz daglaroglu (Akhisarspor, 2013)
[2700256] Failed to build match row: B36 Tórshavn vs Valletta FC

Keepers & outfield error for **Racing Ferrol** in Racing Ferrol vs Atlético Astorga: Numbers: 2 and 9.
[2346009] Failed to build match row: Akhisarspor vs Elazigspor
[2481197] Failed to build match row: Racing Ferrol vs Atlético Astorga
[2607121] Could not find attributes for alfonso sessa (Catania FC, 2015)
[2607121] Failed to build match row: Catania FC vs SPAL
[2872027] Could not find attributes for matthias lehmann (1. Fußball-Club Köln, 2017)
[3095959] Could not find attributes for dimitrios kyriakidis (Panetolikos Agrinio, 2018)
[2872027] Failed to build match row: 1. Fußball-Club Köln vs Hertha BSC
[3095959] Failed to build match row: Panetolikos Agrinio vs Omilos Filathlon Irakliou FC
[2764450] Could not find attributes for giannis arampatzis (AOK Kerkyra, 2016)
[2764450] Failed to build match row: AOK Kerkyra vs PAS Lamia 1964
[3122158] Could not find attributes for anton shunin (FK Dinamo Moskva, 2018)
[3122158] Failed to build match row: FK Dinamo Moskva vs Enisey Krasnoyarsk
[3251813] Failed to scrape lineup: https://www.transfermarkt.co.uk/spielbericht/index/spielbericht/3251813
[2329876] Failed to scrape lineup: https://www.transfermarkt.co.uk/raec-mons-2015-_kv-oostende/index/spielbericht/2329876
[2877817] Could not find attributes for roland baas (Heracles Almelo, 2017)

Keepers & outfield error for **CF Os Belenenses** in CF Os Belenenses vs CS Marítimo: Numbers: 2 and 9.
[2466841] Failed to build match row: CF Os Belenenses vs CS Marítimo
[2877817] Failed to build match row: Feyenoord Rotterdam vs Heracles Almelo
[3210474] Could not find attributes for stergios dimopoulos (Volou Neos Podosferikos Syllogos, 2019)
[3210474] Failed to build match row: Volou Neos Podosferikos Syllogos vs Panetolikos Agrinio
[2888292] Could not find attributes for theo zwarthoed (Excelsior Rotterdam, 2017)
[2888292] Failed to build match row: Sportclub Heerenveen vs Excelsior Rotterdam
[2726541] Failed to scrape lineup: https://www.transfermarkt.co.uk/torino-fc_acf-fiorentina/index/spielbericht/2726541
[2872028] Failed to scrape lineup: https://www.transfermarkt.co.uk/sc-freiburg_1-fsv-mainz-05/index/spielbericht/2872028
[3229110] Could not find attributes for filippo boccardi (Imolese Calcio 1919, 2019)
[2734544] Could not find attributes for denis kavlinov (Dinamo St. Petersburg (-2018), 2016)
[3180400] Could not find attributes for filip uremovic (FC Rubin Kazan, 2018)
[3229110] Failed to build match row: Imolese Calcio 1919 vs SS Sambenedettese
[3180400] Failed to build match row: FC Rubin Kazan vs FC Orenburg
[2734544] Failed to build match row: Dinamo St. Petersburg (-2018) vs FK Dolgoprudnyi
[2704552] Could not find attributes for benjamin stambouli (FC Schalke 04, 2016)
[2704552] Failed to build match row: Mönchengladbach vs FC Schalke 04

Keepers & outfield error for **Verona Hellas Football Club** in Verona Hellas Football Club vs Unione Sportiva Sassuolo Calcio: Numbers: 0 and 11.
[2897494] Failed to build match row: Verona Hellas Football Club vs Unione Sportiva Sassuolo Calcio
[2369980] Could not find attributes for ivo nicolau (Portimonense SC, 2013)
[2581359] Could not find attributes for jung bin park (Hobro IK, 2015)
[3050375] Could not find attributes for moussa sissoko (Tottenham Hotspur Football Club, 2018)
[2369980] Failed to build match row: Vitória Setúbal FC vs Portimonense SC
[2581359] Failed to build match row: Hobro IK vs Sønderjyske Fodbold
[3050375] Failed to build match row: Tottenham Hotspur Football Club vs Manchester United Football Club
[3080987] Could not find attributes for ola aina (Torino Calcio, 2018)
[3080987] Failed to build match row: Chievo Verona vs Torino Calcio

Keepers & outfield error for **Futebol Clube de Arouca** in Futebol Clube de Arouca vs GD Chaves: Numbers: 2 and 9.
[2720785] Failed to build match row: Futebol Clube de Arouca vs GD Chaves
[2636228] Could not find attributes for gianluca havern (Altrincham FC, 2015)
[2636228] Failed to build match row: Altrincham FC vs Barnsley FC
[2557604] Could not find attributes for conor grant (Motherwell Football Club, 2014)

Keepers & outfield error for **Sport Lisboa e Benfica** in Sport Lisboa e Benfica vs Moreirense Futebol Clube: Numbers: 2 and 9.
[2557604] Failed to build match row: Motherwell Football Club vs Kilmarnock Football Club
[2607122] Could not find attributes for lorenzo rosseti (Cesena FC, 2015)
[2668347] Could not find attributes for marcus rashford (Manchester United Football Club, 2015)
[2466842] Failed to build match row: Sport Lisboa e Benfica vs Moreirense Futebol Clube
[2726542] Could not find attributes for panagiotis kone (Udinese Calcio, 2016)
[2340416] Could not find attributes for gege (CS Marítimo, 2013)
[2668347] Failed to build match row: Manchester United Football Club vs Liverpool Football Club
[2726542] Failed to build match row: Udinese Calcio vs Società Sportiva Lazio S.p.A.
[2607122] Failed to build match row: Cesena FC vs Unione Sportiva Lecce
[2340416] Failed to build match row: Sporting Clube de Braga vs CS Marítimo
[2458338] Could not find attributes for benedikt dufner (SV Waldkirch, 2014)
[2458338] Failed to build match row: SV Waldkirch vs SpVgg Greuther Fürth
, 2018)
[2888293] Could not find attributes for roland baas (Heracles Almelo, 2017)
[3180401] Failed to build match row: Enisey Krasnoyarsk vs Anzhi Makhachkala ( -2022)
[2700257] Could not find attributes for gevorg kasparov (Alashkert Yerevan FC, 2016)
[2888293] Failed to build match row: Heracles Almelo vs Prins Hendrik Ende Desespereert Nimmer Combinatie Zwolle
[3210475] Could not find attributes for nikolaos korovesis (Omilos Filathlon Irakliou FC, 2019)
[2700257] Failed to build match row: Alashkert Yerevan FC vs FC Santa Coloma
[2515998] Could not find attributes for vitaliy denisov (Футбольный клуб "Локомотив" Москва, 2014)
[2704553] Could not find attributes for fabian frei (1. Fußball- und Sportverein Mainz 05, 2016)
[2515998] Failed to build match row: RFK Akhmat Grozny vs Футбольный клуб "Локомотив" Москва
[3210475] Failed to build match row: Omilos Filathlon Irakliou FC vs Panthessalonikios Athlitikos Omilos Konstantinoupoliton
[2704553] Failed to build match row: 1. Fußball- und Sportverein Mainz 05 vs Verein für Leibesübungen Wolfsburg
[3075871] Could not find attributes for vladyslav supryaga (Futbolniy Klub Dynamo Kyiv, 2018)
[3075871] Failed to build match row: Futbolniy Klub Dynamo Kyiv vs Karpaty Lviv (-2021)
[2495699] Could not find attributes for pierre neurath bengtsson (Football Club København, 2014)
[2495699] Failed to build match row: Fodbold Club Nordsjælland vs Football Club København
[2764451] Could not find attributes for panagiotis dounis (Athens Kallithea, 2016)
[2764451] Failed to build match row: Athens Kallithea vs APS Atromitos Athinon
Not enough players found for lineup: 0, 0.
[2589015] Could not find attributes for patrick joosten (Football Club Utrecht, 2015)
[3219224] Could not find attributes for danny ings (Southampton FC, 2019)
[2369981] Failed to scrape lineup: https://www.transfermarkt.co.uk/spielbericht/index/spielbericht/2369981
[2589015] Failed to build match row: Football Club Utrecht vs Heracles Almelo
[3219224] Failed to build match row: Southampton FC vs Burnley Football Club
[3122159] Could not find attributes for aleksandr dovbnya (FC Orenburg, 2018)
[3122159] Failed to build match row: FC Orenburg vs FK Ufa
[2618543] Could not find attributes for sergey chernik (BATE Borisov, 2015)
[2618543] Failed to build match row: Bayer 04 Leverkusen Fußball vs BATE Borisov
[2346010] Could not find attributes for ertugrul taskiran (Kayserispor Kulübü, 2013)
[2346010] Failed to build match row: Kayserispor Kulübü vs Sivasspor

Keepers & outfield error for **West Ham United Football Club** in West Ham United Football Club vs Arsenal Football Club: Numbers: 2 and 9.
[3050376] Failed to build match row: West Ham United Football Club vs Arsenal Football Club
[2668348] Could not find attributes for david bicik (AC Sparta Praha, a. s., 2015)
[2668348] Failed to build match row: Società Sportiva Lazio S.p.A. vs AC Sparta Praha, a. s.
[2989825] Could not find attributes for masoud shojaei (Athlitiki Enosi Konstantinoupoleos, 2017)
[2989825] Failed to build match row: Athlitiki Enosi Konstantinoupoleos vs Olympiakos Syndesmos Filathlon Peiraios
[3210476] Could not find attributes for balazs megyeri (APS Atromitos Athinon, 2019)
[3210476] Failed to build match row: Olympiakos Syndesmos Filathlon Peiraios vs APS Atromitos Athinon
[2700258] Could not find attributes for ibrahim sehic (Qarabağ FK, 2016)
[2458528] Could not find attributes for oleksandr shovkovskyi (Futbolniy Klub Dynamo Kyiv, 2014)
Not enough players found for lineup: 0, 0.
[3203670] Could not find attributes for vladimir darida (Hertha BSC, 2019)
[2700258] Failed to build match row: Qarabağ FK vs F91 Dudelange
[2340417] Failed to scrape lineup: https://www.transfermarkt.co.uk/gil-vicente-fc_gd-estoril-praia/index/spielbericht/2340417
[2458528] Failed to build match row: FC Shakhtar Donetsk vs Futbolniy Klub Dynamo Kyiv
[3203670] Failed to build match row: Hertha BSC vs 1. Fußballclub Union Berlin
[2329878] Could not find attributes for hamari traore (Lierse SK (- 2018), 2013)
[2329878] Failed to build match row: Royal Charleroi Sporting Club vs Lierse SK (- 2018)
[2897496] Could not find attributes for bacary sagna (Benevento Calcio, 2017)
[3122160] Could not find attributes for yuriy dyupin (Anzhi Makhachkala ( -2022), 2018)
[2897496] Failed to build match row: Associazione Calcio Milan vs Benevento Calcio
[3122160] Failed to build match row: Anzhi Makhachkala ( -2022) vs FC Rubin Kazan
[3180402] Could not find attributes for yaroslav godzyur (Ural Yekaterinburg, 2018)
[2704554] Could not find attributes for christian clemens (1. Fußball-Club Köln, 2016)
[3180402] Failed to build match row: Ural Yekaterinburg vs FK Spartak Moskva
[2704554] Failed to build match row: 1. Fußball-Club Köln vs FC Bayern München
[3075872] Could not find attributes for sergiy sitalo (Arsenal Kyiv, 2018)
[3075872] Failed to build match row: Arsenal Kyiv vs FC Zorya Lugansk
[2557606] Could not find attributes for callum booth (Partick Thistle FC, 2014)

Keepers & outfield error for **Rayo Vallecano de Madrid S. A. D.** in Rayo Vallecano de Madrid S. A. D. vs Levante Unión Deportiva S.A.D.: Numbers: 0 and 11.
[2557606] Failed to build match row: Hamilton Academical FC vs Partick Thistle FC
[2594850] Failed to build match row: Rayo Vallecano de Madrid S. A. D. vs Levante Unión Deportiva S.A.D.
[2734545] Could not find attributes for abdurazak gadzhikadiev (Legion-Dinamo Makhachkala, 2016)
[2734545] Failed to build match row: Legion-Dinamo Makhachkala vs Mashuk-KMV Pyatigorsk
[2516000] Could not find attributes for anton putilo (Torpedo Moscow, 2014)
[2516000] Failed to build match row: Torpedo Moscow vs FK Ufa
[3080990] Could not find attributes for darijo srna (Cagliari Calcio, 2018)
[3080990] Failed to build match row: Football Club Internazionale Milano S.p.A. vs Cagliari Calcio
[2329879] Could not find attributes for ismaila ndiaye (Cercle Brugge Koninklijke Sportvereniging, 2013)
2720786
[2329879] Failed to build match row: Cercle Brugge Koninklijke Sportvereniging vs Koninklijke Atletiek Associatie Gent
[3180403] Could not find attributes for evgeniy gorodov (RFK Akhmat Grozny, 2018)
[3180403] Failed to build match row: RFK Akhmat Grozny vs AO FK Zenit Sankt-Peterburg
[2607123] Failed to scrape lineup: https://www.transfermarkt.co.uk/spielbericht/index/spielbericht/2607123

Keepers & outfield error for **KAS Eupen** in KAS Eupen vs Royal Sporting Club Anderlecht: Numbers: 2 and 9.
[2466843] Failed to scrape lineup: https://www.transfermarkt.co.uk/gil-vicente-fc_sporting-cp/index/spielbericht/2466843
[2475469] Failed to scrape lineup: https://www.transfermarkt.co.uk/sd-eibar_rayo-vallecano/index/spielbericht/2475469
[3063605] Failed to scrape lineup: https://www.transfermarkt.co.uk/ac-horsens_vejle-boldklub/index/spielbericht/3063605
[2888295] Could not find attributes for nasser el khayati (ADO Den Haag, 2017)
[2933508] Failed to build match row: KAS Eupen vs Royal Sporting Club Anderlecht
[2486745] Failed to scrape lineup: https://www.transfermarkt.co.uk/manchester-city_leicester-city/index/spielbericht/2486745

Keepers & outfield error for **Sport Lisboa e Benfica** in Sport Lisboa e Benfica vs Sporting Clube de Portugal: Numbers: 2 and 9.

Keepers & outfield error for **Fußball-Club Augsburg 1907** in Fußball-Club Augsburg 1907 vs Verein für Leibesübungen Wolfsburg: Numbers: 2 and 9.
[2340418] Failed to build match row: Sport Lisboa e Benfica vs Sporting Clube de Portugal
[2888295] Failed to build match row: AFC Ajax Amsterdam vs ADO Den Haag
[2359347] Failed to scrape lineup: https://www.transfermarkt.co.uk/hellas-verona_atalanta-bc/index/spielbericht/2359347
[2370127] Failed to scrape lineup: https://www.transfermarkt.co.uk/spielbericht/index/spielbericht/2370127
[3219225] Failed to scrape lineup: https://www.transfermarkt.co.uk/arsenal-fc_newcastle-united/index/spielbericht/3219225
[2872031] Failed to build match row: Fußball-Club Augsburg 1907 vs Verein für Leibesübungen Wolfsburg
[2495700] Failed to scrape lineup: https://www.transfermarkt.co.uk/fc-vestsjaelland_randers-fc/index/spielbericht/2495700
[3229112] Could not find attributes for mattia del favero (Piacenza Calcio 1919, 2019)
[2589016] Failed to scrape lineup: https://www.transfermarkt.co.uk/psv-eindhoven_az-alkmaar/index/spielbericht/2589016
[3229112] Failed to build match row: Piacenza Calcio 1919 vs AS Viterbese Castrense
[2720787] Could not find attributes for tengarrinha (Boavista FC, 2016)
[2720787] Failed to build match row: Boavista FC vs CD Feirense
[3050377] Failed to scrape lineup: https://www.transfermarkt.co.uk/arsenal-fc_chelsea-fc/index/spielbericht/3050377
[2668349] Failed to scrape lineup: https://www.transfermarkt.co.uk/spielbericht/index/spielbericht/2668349
[3210477] Failed to scrape lineup: https://www.transfermarkt.co.uk/panathinaikos-fc_aek-athens/index/spielbe[2346011] Could not find attributes for ali adnan (Çaykur Rizespor Kulübü, 2013)
[2346011] Failed to build match row: Çaykur Rizespor Kulübü vs Gençlerbirliği Spor Kulübü
[3180404] Could not find attributes for artur nigmatullin (Arsenal Tula, 2018)
[3180404] Failed to build match row: Arsenal Tula vs Футбольный клуб "Локомотив" Москва

Keepers & outfield error for **FC Penafiel** in FC Penafiel vs Vitória Setúbal FC: Numbers: 3 and 8.
[2466844] Failed to build match row: FC Penafiel vs Vitória Setúbal FC
[2334945] Failed to scrape lineup: https://www.transfermarkt.co.uk/aberdeen-fc_dundee-united-fc/index/spielbericht/2334945
[3180405] Could not find attributes for sergey ryzhikov (PFK Krylya Sovetov Samara, 2018)
[3180405] Failed to build match row: PFK Krylya Sovetov Samara vs FK Ufa
[2596677] Failed to scrape lineup: https://www.transfermarkt.co.uk/stal-dniprodzerzhynsk_dynamo-kyiv/index/spielbericht/2596677
[2704555] Failed to scrape lineup: https://www.transfermarkt.co.uk/hamburger-sv_hertha-bsc/index/spielbericht/2704555
[3122161] Failed to scrape lineup: https://www.transfermarkt.co.uk/spartak-moscow_krylya-sovetov-samara/index/spielbericht/3122161
[3075873] Failed to scrape lineup: https://www.transfermarkt.co.uk/desna-chernigiv_olimpik-donetsk/index/spielbericht/3075873

Keepers & outfield error for **Mönchengladbach** in Hamburger Sport Verein vs Mönchengladbach: Numbers: 2 and 9.
[2459586] Could not find attributes for christian kum (Football Club Utrecht, 2014)
[2321149] Failed to build match row: Hamburger Sport Verein vs Mönchengladbach
[2459586] Failed to build match row: Prins Hendrik Ende Desespereert Nimmer Combinatie Zwolle vs Football Club Utrecht

Keepers & outfield error for **Sporting Clube de Braga** in Sporting Clube de Braga vs Vitória Setúbal FC: Numbers: 0 and 11.
[2340419] Failed to build match row: Sporting Clube de Braga vs Vitória Setúbal FC

Keepers & outfield error for **Rio Ave Futebol Clube** in Rio Ave Futebol Clube vs Futebol Clube de Arouca: Numbers: 0 and 11.
[2933510] Could not find attributes for jakov filipovic (KSC Lokeren (- 2020), 2017)
[2516002] Could not find attributes for stipe pletikosa (FK Rostov, 2014)
[3063607] Could not find attributes for mohammed kudus (Fodbold Club Nordsjælland, 2018)
[2933510] Failed to build match row: KSC Lokeren (- 2020) vs KV Oostende
[2618545] Failed to scrape lineup: https://www.transfermarkt.co.uk/spielbericht/index/spielbericht/2618545
[3063607] Failed to build match row: Odense Boldklub vs Fodbold Club Nordsjælland
[2516002] Failed to build match row: FK Rostov vs Arsenal Tula
[2466845] Failed to build match row: Rio Ave Futebol Clube vs Futebol Clube de Arouca

Keepers & outfield error for **Genoa Cricket and Football Club** in Genoa Cricket and Football Club vs FC Empoli: Numbers: 2 and 9.
[2726545] Failed to build match row: Genoa Cricket and Football Club vs FC Empoli
[3283227] Could not find attributes for ramon blazquez (UD Socuéllamos, 2019)

Keepers & outfield error for **Parma Calcio 1913** in Parma Calcio 1913 vs FC Empoli: Numbers: 2 and 9.
[2764452] Could not find attributes for georgios kousas (Panetolikos Agrinio, 2016)
[3283227] Failed to build match row: UD Socuéllamos vs Real Zaragoza
[2764452] Failed to build match row: Panetolikos Agrinio vs Panthrakikos Komotini
[3080992] Failed to build match row: Parma Calcio 1913 vs FC Empoli
[2589017] Could not find attributes for mounir el hamdaoui (Alkmaar Zaanstreek, 2015)
[2589017] Failed to build match row: Alkmaar Zaanstreek vs ADO Den Haag
[2596690] Could not find attributes for bogdan shust (Volyn Lutsk, 2015)
[2596690] Failed to build match row: Volyn Lutsk vs FC Shakhtar Donetsk
[2905310] Could not find attributes for mykola ishchenko (Chornomorets Odesa, 2017)
[2905310] Failed to build match row: FC Shakhtar Donetsk vs Chornomorets Odesa

Keepers & outfield error for **Associazione Calcio Milan** in US Livorno 1915 vs Associazione Calcio Milan: Numbers: 0 and 11.
[2359349] Failed to build match row: US Livorno 1915 vs Associazione Calcio Milan

Keepers & outfield error for **Sporting Clube de Braga** in Sporting Clube de Braga vs Fenerbahçe Spor Kulübü: Numbers: 0 and 11.
[2668350] Failed to build match row: Sporting Clube de Braga vs Fenerbahçe Spor Kulübü

Keepers & outfield error for **Grupo Desportivo Estoril Praia** in Grupo Desportivo Estoril Praia vs Moreirense Futebol Clube: Numbers: 0 and 11.
[2720788] Failed to build match row: Grupo Desportivo Estoril Praia vs Moreirense Futebol Clube
[3180406] Could not find attributes for mario fernandes (PFK CSKA Moskva, 2018)
[3180406] Failed to build match row: PFK CSKA Moskva vs FK Dinamo Moskva

Keepers & outfield error for **Olympiakos Syndesmos Filathlon Peiraios** in Olympiakos Syndesmos Filathlon Peiraios vs FC Bayern München: Numbers: 0 and 11.
[2618546] Failed to build match row: Olympiakos Syndesmos Filathlon Peiraios vs FC Bayern München
[3122162] Could not find attributes for matvey safonov (FK Krasnodar, 2018)
[3122162] Failed to build match row: FK Krasnodar vs Arsenal Tula
[3219226] Failed to scrape lineup: https://www.transfermarkt.co.uk/afc-bournemouth_aston-villa/index/spielbericht/3219226
[2888296] Failed to scrape lineup: https://www.transfermarkt.co.uk/feyenoord-rotterdam_psv-eindhoven/index/spielbericht/2888296
[2495701] Failed to scrape lineup: https://www.transfermarkt.co.uk/esbjerg-fb_hobro-ik/index/spielbericht/2495701
[3229113] Could not find attributes for matteo pisseri (Catania FC, 2019)
[2475471] Failed to scrape lineup: https://www.transfermarkt.co.uk/deportivo-de-la-coruna_cordoba-cf/index/spielbericht/2475471
[2840937] Failed to scrape lineup: https://www.transfermarkt.co.uk/spielbericht/index/spielbericht/2840937
[3229113] Failed to build match row: Catania FC vs ASD Fanfulla

Keepers & outfield error for **1. Fußball- und Sportverein Mainz 05** in 1. Fußball- und Sportverein Mainz 05 vs RasenBallsport Leipzig: Numbers: 2 and 9.
[3203671] Failed to build match row: 1. Fußball- und Sportverein Mainz 05 vs RasenBallsport Leipzig
[2905311] Could not find attributes for roman pidkivka (Karpaty Lviv (-2021), 2017)
[2905311] Failed to build match row: Karpaty Lviv (-2021) vs FC Zorya Lugansk
[2334947] Failed to scrape lineup: https://www.transfermarkt.co.uk/st-johnstone-fc_motherwell-fc/index/spielbericht/2334947
[2990426] Could not find attributes for noor husin (Notts County, 2017)
[2990426] Failed to build match row: Notts County vs Swansea City
[2888297] Could not find attributes for mohammed el hankouri (Willem II Tilburg, 2017)

Keepers & outfield error for **Società Sportiva Calcio Napoli** in Società Sportiva Calcio Napoli vs Udinese Calcio: Numbers: 2 and 9.
[2329880] Failed to scrape lineup: https://www.transfermarkt.co.uk/rsc-anderlecht_raec-mons-2015-/index/spielbericht/2329880
[2888297] Failed to build match row: Willem II Tilburg vs Roda JC Kerkrade
[2359350] Failed to build match row: Società Sportiva Calcio Napoli vs Udinese Calcio
[2618547] Could not find attributes for oleksandr rybka (Futbolniy Klub Dynamo Kyiv, 2015)
[3075874] Failed to scrape lineup: https://www.transfermarkt.co.uk/desna-chernigiv_arsenal-kyiv/index/spielbericht/3075874
Not enough players found for lineup: 0, 0.
[2618547] Failed to build match row: Futbolniy Klub Dynamo Kyiv vs Futebol Clube do Porto
[3180407] Could not find attributes for sergey pesjakov (FK Rostov, 2018)
guimaraes-sc_cd-nacional/index/spielbericht/2340421
[3180407] Failed to build match row: FK Rostov vs FK Krasnodar

Keepers & outfield error for **Clube Desportivo Nacional** in Clube Desportivo Nacional vs Sporting Clube de Braga: Numbers: 0 and 11.
[2466847] Failed to build match row: Clube Desportivo Nacional vs Sporting Clube de Braga
[2346012] Could not find attributes for ersan gulum (Beşiktaş Jimnastik Kulübü, 2013)
[2346012] Failed to build match row: Beşiktaş Jimnastik Kulübü vs Trabzonspor Kulübü
[2872033] Failed to scrape lineup: https://www.transfermarkt.co.uk/hannover-96_vfb-stuttgart/index/spielbericht/2872033
[2905312] Could not find attributes for bogdan shust (Vorskla Poltava, 2017)
[2905312] Failed to build match row: Vorskla Poltava vs NK Veres Rivne
[2557607] Could not find attributes for jack baird (Saint Mirren Football Club, 2014)

Keepers & outfield error for **Odense Boldklub** in Odense Boldklub vs Fodbold Club Nordsjælland: Numbers: 2 and 9.
[3219227] Could not find attributes for robert snodgrass (West Ham United Football Club, 2019)
[2495702] Failed to build match row: Odense Boldklub vs Fodbold Club Nordsjælland
[2557607] Failed to build match row: Ross County FC vs Saint Mirren Football Club
[3219227] Failed to build match row: West Ham United Football Club vs Brighton and Hove Albion Football Club
[2516539] Could not find attributes for daniel hylton (Oxford United, 2014)
[2516539] Failed to build match row: Tranmere Rovers vs Oxford United

Keepers & outfield error for **Futbol Club Barcelona** in Juventus Football Club vs Futbol Club Barcelona: Numbers: 2 and 9.
[2481198] Could not find attributes for jon larreategi (Barakaldo CF, 2014)
2017)
[2668496] Failed to scrape lineup: https://www.transfermarkt.co.uk/kaa-gent_oud-heverlee-leuven/index/spielbericht/2668496
[3251814] Could not find attributes for yevgeniy panchenko (Agrobiznes Volochysk, 2019)
[2700259] Could not find attributes for dudu goresh (Hapoel Beer Sheva, 2016)
[2840938] Failed to build match row: Juventus Football Club vs Futbol Club Barcelona
[2589019] Could not find attributes for patrick joosten (Football Club Utrecht, 2015)
[2607124] Could not find attributes for guillaume gigliotti (Foggia Calcio, 2015)
[3063608] Failed to scrape lineup: https://www.transfermarkt.co.uk/randers-fc_aalborg-bk/index/spielbericht/3063608
[2596691] Could not find attributes for artur rudko (Goverla Uzhgorod (- 2016), 2015)
[2589019] Failed to build match row: De Graafschap Doetinchem vs Football Club Utrecht
[2888298] Failed to build match row: Football Club Utrecht vs Football Club Twente
[2481198] Failed to build match row: Barakaldo CF vs Trival Valderas Alcorcón
[3251814] Failed to build match row: Agrobiznes Volochysk vs SC Dnipro-1

Keepers & outfield error for **FC Paços de Ferreira** in FC Paços de Ferreira vs Académica Coimbra: Numbers: 2 and 9.
[2596691] Failed to build match row: Goverla Uzhgorod (- 2016) vs Vorskla Poltava
[2700259] Failed to build match row: Hapoel Beer Sheva vs FC Sheriff Tiraspol
[2607124] Failed to build match row: SSC Bari vs Foggia Calcio
[3122163] Failed to scrape lineup: https://www.transfermarkt.co.uk/zenit-st-petersburg_fk-rostov/index/spielbericht/3122163

Keepers & outfield error for **Espanol** in Villarreal Club de Fútbol S.A.D. vs Espanol: Numbers: 2 and 9.
[2340422] Failed to build match row: FC Paços de Ferreira vs Académica Coimbra

Keepers & outfield error for **Vitória Sport Clube** in Vitória Sport Clube vs FC Paços de Ferreira: Numbers: 0 and 11.
[2475473] Failed to build match row: Villarreal Club de Fútbol S.A.D. vs Espanol
[2466848] Failed to build match row: Vitória Sport Clube vs FC Paços de Ferreira
[3080994] Could not find attributes for albin ekdal (UC Sampdoria, 2018)

Keepers & outfield error for **Bologna Football Club 1909** in Società Sportiva Lazio S.p.A. vs Bologna Football Club 1909: Numbers: 0 and 11.
[2764453] Could not find attributes for epaminondas pantelakis (PAE Chania, 2016)

Keepers & outfield error for **Associazione Calcio Fiorentina** in Associazione Sportiva Roma vs Associazione Calcio Fiorentina: Numbers: 0 and 11.
[3080994] Failed to build match row: UC Sampdoria vs SPAL
[2726548] Failed to build match row: Società Sportiva Lazio S.p.A. vs Bologna Football Club 1909
[2764453] Failed to build match row: PAE Chania vs Panionios Athens
[2359351] Failed to build match row: Associazione Sportiva Roma vs Associazione Calcio Fiorentina
[3096311] Could not find attributes for evgeniy pomazan (FK Baltika, 2018)
[2720790] Could not find attributes for fabio sturgeon (CF Os Belenenses, 2016)
[3096311] Failed to build match row: FK Baltika vs Футбольный клуб "Локомотив" Москва
[2734546] Could not find attributes for andrey mishkevich (Biolog-Novokubansk Progress, 2016)
[3203672] Failed to scrape lineup: https://www.transfermarkt.co.uk/sc-freiburg_sv-werder-bremen/index/spielbericht/3203672
[2720790] Failed to build match row: Vitória Sport Clube vs CF Os Belenenses
[2734546] Failed to build match row: Biolog-Novokubansk Progress vs SKVO Rostov-na-Donu
[2486749] Failed to scrape lineup: https://www.transfermarkt.co.uk/arsenal-fc_west-ham-united/index/spielbericht/2486749
[2704556] Failed to scrape lineup: https://www.transfermarkt.co.uk/fc-augsburg_rb-leipzig/index/spielbericht/2704556
[3180560] Could not find attributes for valeriy yurchuk (SC Dnipro-1, 2018)
[2636229] Could not find attributes for jai reason (Eastleigh FC, 2015)
[2636229] Failed to build match row: Crewe Alexandra vs Eastleigh FC
[2882165] Could not find attributes for salahat agayev (FK Inter Baku, 2017)
[3180560] Failed to build match row: SC Dnipro-1 vs FC Shakhtar Donetsk
[2581360] Could not find attributes for emil damgaard (Fodbold Club Nordsjælland, 2015)
[2882165] Failed to build match row: FK Inter Baku vs CS Fola Esch
[2990428] Could not find attributes for etienne capoue (Watford FC, 2017)
[2990428] Failed to build match row: Southampton FC vs Watford FC
[2581360] Failed to build match row: Fodbold Club Nordsjælland vs Randers Fodbold Club
[3211131] Could not find attributes for apostolos tsilingiris (Aris Thessalonikis, 2019)
[2329881] Failed to scrape lineup: https://www.transfermarkt.co.uk/kaa-gent_ksc-lokeren-2020-/index/spielbericht/2329881
[3211131] Failed to build match row: Athlitiki Enosi Konstantinoupoleos vs Aris Thessalonikis
[2905313] Could not find attributes for mykyta burda (Futbolniy Klub Dynamo Kyiv, 2017)
[2905313] Failed to build match row: Futbolniy Klub Dynamo Kyiv vs Olimpik Donetsk

Keepers & outfield error for **Aberdeen Football Club** in Aberdeen Football Club vs The Celtic Football Club: Numbers: 0 and 11.
[2557609] Failed to build match row: Aberdeen Football Club vs The Celtic Football Club
[3075875] Failed to scrape lineup: https://www.transfermarkt.co.uk/zorya-lugansk_dynamo-kyiv/index/spielbericht/3075875
[3283228] Could not find attributes for valentin prieto (Zamora CF, 2019)
[3283228] Failed to build match row: Zamora CF vs Sporting Gijón
[2618548] Failed to scrape lineup: https://www.transfermarkt.co.uk/spielbericht/index/spielbericht/2618548
[2370128] Could not find attributes for artem smirnov (FC Tosno (-2018), 2013)

Keepers & outfield error for **KV Oostende** in KV Oostende vs Royal Charleroi Sporting Club: Numbers: 2 and 9.
[2370128] Failed to build match row: FC Tosno (-2018) vs Ural Yekaterinburg
[2466849] Could not find attributes for jander (Gil Vicente Futebol Clube, 2014)
[2668497] Failed to build match row: KV Oostende vs Royal Charleroi Sporting Club
[2466849] Failed to build match row: Boavista FC vs Gil Vicente Futebol Clube
[3122164] Could not find attributes for filip uremovic (FC Rubin Kazan, 2018)
[3122164] Failed to build match row: FC Rubin Kazan vs FK Dinamo Moskva
[3219229] Could not find attributes for robert snodgrass (West Ham United Football Club, 2019)
[3219229] Failed to build match row: Manchester City Football Club vs West Ham United Football Club
[3394578] Failed to scrape lineup: https://www.transfermarkt.co.uk/olympique-lyon_dijon-fco/index/spielbericht/3394578
Not enough players found for lineup: 0, 0.
[2495703] Failed to scrape lineup: https://www.transfermarkt.co.uk/brondby-if_sonderjyske/index/spielbericht/2495703
[2340423] Failed to scrape lineup: https://www.transfermarkt.co.uk/vitoria-guimaraes-sc_academica-coimbra/index/spielbericht/2340423
[2607125] Could not find attributes for davide facchin (FC Pavia 1911, 2015)
[2607125] Failed to build match row: US Latina Calcio vs FC Pavia 1911

Keepers & outfield error for **UC Sampdoria** in UC Sampdoria vs Catania FC: Numbers: 0 and 11.
[2359352] Failed to build match row: UC Sampdoria vs Catania FC

Keepers & outfield error for **Athletic Club Bilbao** in Athletic Club Bilbao vs Valencia Club de Fútbol S. A. D.: Numbers: 2 and 9.
[2475474] Failed to build match row: Athletic Club Bilbao vs Valencia Club de Fútbol S. A. D.
[2933513] Could not find attributes for carlinhos (Royal Standard Club de Liège, 2017)
[2704557] Could not find attributes for felix wiedwald (Sportverein Werder Bremen von 1899, 2016)
[2933513] Failed to build match row: Royal Standard Club de Liège vs SK Beveren
[3211132] Could not find attributes for nikolaos papadopoulos (A.G.S Asteras Tripolis, 2019)
[2704557] Failed to build match row: Sportverein Werder Bremen von 1899 vs SV Darmstadt 98
[3180561] Could not find attributes for anton sytnykov (Ingulets Petrove, 2018)
[3211132] Failed to build match row: A.G.S Asteras Tripolis vs Volou Neos Podosferikos Syllogos
[3180561] Failed to build match row: FC Shakhtar Donetsk vs Ingulets Petrove

Keepers & outfield error for **FC Paços de Ferreira** in Vitória Setúbal FC vs FC Paços de Ferreira: Numbers: 0 and 11.
[2888299] Could not find attributes for eyong enoh (Willem II Tilburg, 2017)
[2720791] Failed to build match row: Vitória Setúbal FC vs FC Paços de Ferreira
[2581361] Could not find attributes for david boysen (Brøndby Idrætsforening, 2015)
[2668498] Could not find attributes for david hubert (Royal Excel Mouscron (-2022), 2015)
[3063609] Could not find attributes for zeca (Football Club København, 2018)
[3229114] Could not find attributes for simone ciancio (Carrarese Calcio 1908, 2019)
[2905314] Could not find attributes for german penkov (PFK Stal Kamyanske (-2018), 2017)

Keepers & outfield error for **Sporting Clube de Braga** in Sporting Clube de Braga vs Rio Ave Futebol Clube: Numbers: 2 and 9.
[2581361] Failed to build match row: Aalborg BK vs Brøndby Idrætsforening
[3063609] Failed to build match row: Esbjerg fB vs Football Club København
[2888299] Failed to build match row: Sportclub Heerenveen vs Willem II Tilburg
[2668498] Failed to build match row: Royal Excel Mouscron (-2022) vs Royal Sporting Club Anderlecht
[2346013] Could not find attributes for hakan arikan (Antalyaspor, 2013)
[2764454] Could not find attributes for theodoros moschonas (APO Levadiakos Football Club, 2016)
[2905314] Failed to build match row: PFK Stal Kamyanske (-2018) vs FC Oleksandriya
[3229114] Failed to build match row: Carrarese Calcio 1908 vs Fermana FC
[2466850] Failed to build match row: Sporting Clube de Braga vs Rio Ave Futebol Clube
[2596692] Could not find attributes for roman mysak (Karpaty Lviv (-2021), 2015)
[2764454] Failed to build match row: APO Levadiakos Football Club vs Panserraikos Serres
[2596692] Failed to build match row: Karpaty Lviv (-2021) vs PFK Stal Kamyanske (-2018)
[2475475] Failed to scrape lineup: https://www.transfermarkt.co.uk/levante-ud_sevilla-fc/index/spielbericht/2475475

Keepers & outfield error for **West Ham United Football Club** in Association Football Club Bournemouth vs West Ham United Football Club: Numbers: 2 and 9.
[2346013] Failed to build match row: Antalyaspor vs Kayseri Erciyesspor
[2329882] Could not find attributes for ismaila ndiaye (Cercle Brugge Koninklijke Sportvereniging, 2013)
[3050378] Failed to build match row: Association Football Club Bournemouth vs West Ham United Football Club
[2636230] Failed to build match row: Northwich Victoria vs Boreham Wood FC
[2329882] Failed to build match row: Club Brugge Koninklijke Voetbalvereniging vs Cercle Brugge Koninklijke Sportvereniging
Not enough players found for lineup: 0, 0.
[2370129] Could not find attributes for vitaliy yakovlev (FC Ryazan, 2013)
[2495704] Could not find attributes for kristoffer olsson (Fodbold Club Midtjylland, 2014)
[2340424] Failed to scrape lineup: https://www.transfermarkt.co.uk/gd-estoril-praia_fc-arouca/index/spielbericht/2340424
[3081032] Could not find attributes for albin ekdal (UC Sampdoria, 2018)

Keepers & outfield error for **Mönchengladbach** in Mönchengladbach vs 1.FC Nuremberg: Numbers: 2 and 9.
[2495704] Failed to build match row: Fodbold Club Midtjylland vs Aalborg BK
[2370129] Failed to build match row: FC Ryazan vs Kuban Krasnodar (-2018)
[3081032] Failed to build match row: Atalanta Bergamasca Calcio S.p.a. vs UC Sampdoria
[3096312] Could not find attributes for nikita chagrov (Avangard Kursk, 2018)
[2321155] Failed to build match row: Mönchengladbach vs 1.FC Nuremberg
[3096312] Failed to build match row: Avangard Kursk vs FK Krasnodar
[3211133] Could not find attributes for balazs megyeri (APS Atromitos Athinon, 2019)
[3211133] Failed to build match row: APS Atromitos Athinon vs Omilos Filathlon Irakliou FC
[2882166] Could not find attributes for damir dautov (Irtysh Pavlodar, 2017)
[2882166] Failed to build match row: Irtysh Pavlodar vs Fudbalski klub Crvena zvezda Beograd
[2466851] Failed to scrape lineup: https://www.transfermarkt.co.uk/fc-arouca_academica-coimbra/index/spielbericht/2466851
[3075876] Could not find attributes for oleg boroday (Karpaty Lviv (-2021), 2018)
[3075876] Failed to build match row: Karpaty Lviv (-2021) vs Vorskla Poltava
[2720792] Could not find attributes for jota (Clube Desportivo Nacional, 2016)
[2720792] Failed to build match row: Clube Desportivo Nacional vs CS Marítimo
[2734547] Could not find attributes for aleksandr afanasjev (Chernomorets Novorossijsk, 2016)
[2734547] Failed to build match row: Chernomorets Novorossijsk vs Afips Afipskiy (-2018)
[2516541] Could not find attributes for nathan vaughan (Worcester City, 2014)
[2557610] Could not find attributes for kieran tierney (The Celtic Football Club, 2014)

Keepers & outfield error for **Verona Hellas Football Club** in Genoa Cricket and Football Club vs Verona Hellas Football Club: Numbers: 0 and 11.
[2516541] Failed to build match row: Worcester City vs Scunthorpe United
[2557610] Failed to build match row: St. Johnstone FC vs The Celtic Football Club
[2897500] Failed to build match row: Genoa Cricket and Football Club vs Verona Hellas Football Club
[3252000] Could not find attributes for ali messaoud (Vendsyssel FF, 2019)
[2668499] Could not find attributes for georgios galitsios (KSC Lokeren (- 2020), 2015)
[3252000] Failed to build match row: Vendsyssel FF vs Vejle Boldklub

Keepers & outfield error for **Aarhus Gymnastik Forening** in Aarhus Gymnastik Forening vs Vendsyssel FF: Numbers: 0 and 11.
[2668499] Failed to build match row: KSC Lokeren (- 2020) vs Koninklijke Voetbal Club Westerlo
[3063610] Failed to build match row: Aarhus Gymnastik Forening vs Vendsyssel FF

Keepers & outfield error for **RasenBallsport Leipzig** in RasenBallsport Leipzig vs Bayer 04 Leverkusen Fußball: Numbers: 0 and 11.
[2872044] Failed to build match row: RasenBallsport Leipzig vs Bayer 04 Leverkusen Fußball
[2596693] Could not find attributes for oleksandr rybka (Futbolniy Klub Dynamo Kyiv, 2015)
[3096313] Could not find attributes for dmitriy saganovich (Volgar Astrakhan, 2018)
[2905315] Could not find attributes for yevgen past (Zirka Kropyvnytskyi, 2017)
[2596693] Failed to build match row: Futbolniy Klub Dynamo Kyiv vs Olimpik Donetsk
[2905315] Failed to build match row: Zirka Kropyvnytskyi vs FK Mariupol
[3096313] Failed to build match row: Volgar Astrakhan vs AO FK Zenit Sankt-Peterburg
[2359354] Could not find attributes for brayan perea (Società Sportiva Lazio S.p.A., 2013)
[2359354] Failed to build match row: Torino Calcio vs Società Sportiva Lazio S.p.A.
[2495705] Could not find attributes for pierre neurath bengtsson (Football Club København, 2014)
[2495705] Failed to build match row: Football Club København vs Silkeborg Idrætsforening
[2888300] Could not find attributes for yassin ayoub (Football Club Utrecht, 2017)
[2888300] Failed to build match row: Eindhovense Voetbalvereniging Philips Sport Vereniging vs Football Club Utrecht
[2990431] Failed to scrape lineup: https://www.transfermarkt.co.uk/spielbericht/index/spielbericht/2990431
[2734914] Failed to scrape lineup: https://www.transfermarkt.co.uk/spielbericht/index/spielbericht/2734914
[3283229] Failed to scrape lineup: https://www.transfermarkt.co.uk/spielbericht/index/spielbericht/3283229
[2618549] Failed to scrape lineup: https://www.transfermarkt.co.uk/spielbericht/index/spielbericht/2618549
[3081033] Could not find attributes for darijo srna (Cagliari Calcio, 2018)
[3081033] Failed to build match row: Cagliari Calcio vs Bologna Football Club 1909
[2459591] Could not find attributes for joris mathijsen (Feyenoord Rotterdam, 2014)
[2764455] Could not find attributes for angelos vertzos (AO Trikala, 2016)
[2459591] Failed to build match row: ADO Den Haag vs Feyenoord Rotterdam
[2764455] Failed to build match row: AO Trikala vs Athlitiki Enosi Larisas

Keepers & outfield error for **Sporting Clube de Portugal** in Sporting Clube de Portugal vs Grupo Desportivo Estoril Praia: Numbers: 2 and 9.
[2340425] Failed to build match row: Sporting Clube de Portugal vs Grupo Desportivo Estoril Praia
[2557611] Could not find attributes for kostadin gadzhalov (Dundee Football Club, 2014)
[3075877] Could not find attributes for sergiy litovchenko (Chornomorets Odesa, 2018)
[2557611] Failed to build match row: Dundee Football Club vs Aberdeen Football Club
[3075877] Failed to build match row: Chornomorets Odesa vs PFK Lviv
[2329884] Failed to scrape lineup: https://www.transfermarkt.co.uk/krc-genk_raec-mons-2015-/index/spielbericht/2329884
[2596694] Failed to scrape lineup: https://www.transfermarkt.co.uk/zorya-lugansk_metalist-kharkiv/index/spielbericht/2596694
[2700260] Could not find attributes for aleksander seliga (NK Olimpija Ljubljana, 2016)
[2359355] Failed to scrape lineup: https://www.transfermarkt.co.uk/calcio-catania_hellas-verona/index/spielbericht/2359355
[2700260] Failed to build match row: NK Olimpija Ljubljana vs AS Trencin
[2475476] Could not find attributes for sergi roberto (Futbol Club Barcelona, 2014)
[3229115] Could not find attributes for vittorio antonino (SS Monopoli 1966, 2019)
[2581363] Failed to scrape lineup: https://www.transfermarkt.co.uk/odense-boldklub_fc-copenhagen/index/spielbericht/2581363
[3229115] Failed to build match row: SS Monopoli 1966 vs FC Ponsacco 1920
[2475476] Failed to build match row: Futbol Club Barcelona vs UD Almería
[3211134] Could not find attributes for ogmundur kristinsson (Athlitiki Enosi Larisas, 2019)
[3211134] Failed to build match row: Panthessalonikios Athlitikos Omilos Konstantinoupoliton vs Athlitiki Enosi Larisas
[2668500] Failed to build match row: KV Kortrijk vs Sportvereniging Zulte Waregem
[2888301] Could not find attributes for theo zwarthoed (Excelsior Rotterdam, 2017)
[3096314] Could not find attributes for vyacheslav grab (Chayka Peschanokopskoye, 2018)
[2486752] Could not find attributes for darnell furlong (Queens Park Rangers, 2014)
[3096314] Failed to build match row: Chayka Peschanokopskoye vs Anzhi Makhachkala ( -2022)
[2888301] Failed to build match row: Excelsior Rotterdam vs Alkmaar Zaanstreek
[2735501] Could not find attributes for jeremy morel (Olympique Lyonnais, 2016)
[2486752] Failed to build match row: Crystal Palace Football Club vs Queens Park Rangers
[2735501] Failed to build match row: AS Saint-Étienne vs Olympique Lyonnais

Keepers & outfield error for **FC Paços de Ferreira** in FC Paços de Ferreira vs CF Os Belenenses: Numbers: 0 and 11.
[2466852] Failed to build match row: FC Paços de Ferreira vs CF Os Belenenses
[3081034] Failed to scrape lineup: https://www.transfermarkt.co.uk/fc-empoli_as-roma/index/spielbericht/3081034
[2726551] Could not find attributes for albano bizzarri (Delfino Pescara 1936, 2016)
[2726551] Failed to build match row: Delfino Pescara 1936 vs UC Sampdoria
[2370130] Could not find attributes for andrey ryzhikov (FK Dolgoprudnyi, 2013)
[2516543] Could not find attributes for kingsley james (Chester FC, 2014)
[2370130] Failed to build match row: FK Dolgoprudnyi vs FK Krasnodar
[2516543] Failed to build match row: Chester FC vs Barnsley FC
[2329885] Could not find attributes for didier ovono (KV Oostende, 2013)
[2329885] Failed to build match row: KV Oostende vs KV Kortrijk
[3075878] Could not find attributes for yuriy pankiv (FC Oleksandriya, 2018)
[3075878] Failed to build match row: FC Oleksandriya vs FC Shakhtar Donetsk
[2346014] Could not find attributes for zydrunas karcemarskas (Gaziantepspor (- 2020), 2013)
[3252001] Could not find attributes for jakob jensen (B1908 Amager, 2019)
[2346014] Failed to build match row: Galatasaray Spor Kulübü vs Gaziantepspor (- 2020)
[3252001] Failed to build match row: B1908 Amager vs Hvidovre IF
Not enough players found for lineup: 0, 0.
[2340426] Failed to scrape lineup: https://www.transfermarkt.co.uk/fc-pacos-de-ferreira_rio-ave-fc/index/spielbericht/2340426
[2882167] Could not find attributes for stas pokatilov (Kairat Almaty, 2017)
[2668501] Could not find attributes for aleksandar bjelica (Yellow-Red Koninklijke Voetbalclub Mechelen, 2015)
[2596695] Could not find attributes for sergiy basov (FC Oleksandriya, 2015)
[2596695] Failed to build match row: FC Oleksandriya vs Metalurg Zaporizhya (-2016)

Keepers & outfield error for **Gimnástica de Torrelavega** in Gimnástica de Torrelavega vs CD Lealtad: Numbers: 2 and 9.
[2882167] Failed to build match row: Kairat Almaty vs KF Skënderbeu
[2668501] Failed to build match row: SK Beveren vs Yellow-Red Koninklijke Voetbalclub Mechelen
[2481199] Failed to build match row: Gimnástica de Torrelavega vs CD Lealtad
[2933515] Could not find attributes for musallem fayez (Al-Jazira Club, 2017)

Keepers & outfield error for **Sporting Clube de Braga** in Sporting Clube de Braga vs Vitória Setúbal FC: Numbers: 0 and 11.

Keepers & outfield error for **Odense Boldklub** in Silkeborg Idrætsforening vs Odense Boldklub: Numbers: 2 and 9.
[2589024] Could not find attributes for ouasim bouy (Prins Hendrik Ende Desespereert Nimmer Combinatie Zwolle, 2015)
[2720794] Failed to build match row: Sporting Clube de Braga vs Vitória Setúbal FC
[2495707] Failed to build match row: Silkeborg Idrætsforening vs Odense Boldklub
[2933515] Failed to build match row: Al-Jazira Club vs Auckland City FC
[2589024] Failed to build match row: Nijmegen Eendracht Combinatie vs Prins Hendrik Ende Desespereert Nimmer Combinatie Zwolle

Keepers & outfield error for **Granada CF** in Granada CF vs Celta: Numbers: 0 and 11.
[2475477] Failed to build match row: Granada CF vs Celta
[2370131] Could not find attributes for daniil gavilovskiy (Khimik Dzerzhinsk, 2013)
[2618550] Could not find attributes for danijel milicevic (Koninklijke Atletiek Associatie Gent, 2015)
[2618550] Failed to build match row: Koninklijke Atletiek Associatie Gent vs Olympique Lyonnais
[2370131] Failed to build match row: Khimik Dzerzhinsk vs PFK CSKA Moskva
[3203677] Could not find attributes for vladimir darida (Hertha BSC, 2019)
[3203677] Failed to build match row: RasenBallsport Leipzig vs Hertha BSC
[2704570] Could not find attributes for felix wiedwald (Sportverein Werder Bremen von 1899, 2016)
[2872046] Could not find attributes for nils petersen (Sport-Club Freiburg, 2017)

Keepers & outfield error for **Parma Calcio 1913** in Genoa Cricket and Football Club vs Parma Calcio 1913: Numbers: 2 and 9.
[3075879] Could not find attributes for volodymyr krynskyi (Olimpik Donetsk, 2018)
[2872046] Failed to build match row: Sport-Club Freiburg vs Verein für Leibesübungen Wolfsburg
[2704570] Failed to build match row: Bayer 04 Leverkusen Fußball vs Sportverein Werder Bremen von 1899
[3075879] Failed to build match row: Olimpik Donetsk vs FK Mariupol
[3081035] Failed to build match row: Genoa Cricket and Football Club vs Parma Calcio 1913
[2888302] Could not find attributes for livio milts (Roda JC Kerkrade, 2017)
[2888302] Failed to build match row: Roda JC Kerkrade vs Heracles Almelo

Keepers & outfield error for **SC Olhanense** in Futebol Clube do Porto vs SC Olhanense: Numbers: 2 and 9.
[2340427] Failed to build match row: Futebol Clube do Porto vs SC Olhanense

Keepers & outfield error for **SPAL** in SPAL vs Associazione Sportiva Roma: Numbers: 2 and 9.
[2897503] Failed to build match row: SPAL vs Associazione Sportiva Roma
[3229116] Could not find attributes for tommaso cucchietti (FC Südtirol, 2019)
[3211135] Could not find attributes for christopher knett (Panetolikos Agrinio, 2019)
[3229116] Failed to build match row: FC Südtirol vs US Città di Fasano
[2764456] Could not find attributes for konstantinos paleologos (Panelefsiniakos AO, 2016)
[3211135] Failed to build match row: Panetolikos Agrinio vs Panathinaikos Athlitikos Omilos
[2764456] Failed to build match row: Panelefsiniakos AO vs Panthessalonikios Athlitikos Omilos Konstantinoupoliton
[3096315] Could not find attributes for petr ustinov (Torpedo Moscow, 2018)
[2933525] Could not find attributes for carlinhos (Royal Standard Club de Liège, 2017)
[2466853] Could not find attributes for kleber (Grupo Desportivo Estoril Praia, 2014)
[2516544] Could not find attributes for rakish bingham (Mansfield Town, 2014)
[2516544] Failed to build match row: Mansfield Town vs Cambridge United
[2933525] Failed to build match row: Koninklijke Atletiek Associatie Gent vs Royal Standard Club de Liège
[3096315] Failed to build match row: Torpedo Moscow vs FK Dinamo Moskva
[2466853] Failed to build match row: Grupo Desportivo Estoril Praia vs Sport Lisboa e Benfica
[2882168] Could not find attributes for kostadin zahov (Shkendija Tetovo, 2017)
[2882168] Failed to build match row: Shkendija Tetovo vs HJK Helsinki
[2486754] Could not find attributes for andrej kramaric (Leicester City, 2014)

Keepers & outfield error for **Futbol Club Barcelona** in Futbol Club Barcelona vs Juventus Football Club: Numbers: 2 and 9.
[3283230] Could not find attributes for eneko satrustegui (CD Castellón, 2019)
[2486754] Failed to build match row: Leicester City vs Hull City
[2840942] Failed to build match row: Futbol Club Barcelona vs Juventus Football Club

Keepers & outfield error for **Clube Desportivo Nacional** in CD Feirense vs Clube Desportivo Nacional: Numbers: 0 and 11.
[3283230] Failed to build match row: CD Castellón vs UD Las Palmas
[2589025] Could not find attributes for hedwiges maduro (Football Club Groningen, 2015)

Keepers & outfield error for **Associazione Calcio Fiorentina** in Associazione Calcio Fiorentina vs Bologna Football Club 1909: Numbers: 0 and 11.
[2720795] Failed to build match row: CD Feirense vs Clube Desportivo Nacional
[2589025] Failed to build match row: Roda JC Kerkrade vs Football Club Groningen
[3050382] Could not find attributes for glenn murray (Brighton and Hove Albion Football Club, 2018)
[2359357] Failed to build match row: Associazione Calcio Fiorentina vs Bologna Football Club 1909
[2704571] Could not find attributes for gojko kacar (Fußball-Club Augsburg 1907, 2016)
[2668503] Could not find attributes for collins fai (Royal Standard Club de Liège, 2015)
[3050382] Failed to build match row: Manchester United Football Club vs Brighton and Hove Albion Football Club
Not enough players found for lineup: 0, 0.
[2581366] Could not find attributes for david boysen (Brøndby Idrætsforening, 2015)
[2704571] Failed to build match row: FC Schalke 04 vs Fußball-Club Augsburg 1907
[2340428] Failed to scrape lineup: https://www.transfermarkt.co.uk/rio-ave-fc_fc-arouca/index/spielbericht/2340428
[2668503] Failed to build match row: Royal Standard Club de Liège vs Koninklijke Racing Club Genk
[2581366] Failed to build match row: Brøndby Idrætsforening vs Fodbold Club Nordsjælland
[2370132] Could not find attributes for artem fedorov (Sokol Saratov, 2013)
[2596696] Could not find attributes for denys boyko (Dnipro Dnipropetrovsk (-2020), 2015)
[2370132] Failed to build match row: Sokol Saratov vs PFK Krylya Sovetov Samara

Keepers & outfield error for **Nooit Opgeven Altijd Doorzetten Aangenaam Door Vermaak En Nuttig Door Ontspanning Combinatie Breda** in Nooit Opgeven Altijd Doorzetten Aangenaam Door Vermaak En Nuttig Door Ontspanning Combinatie Breda vs Feyenoord Rotterdam: Numbers: 2 and 9.
[2596696] Failed to build match row: Dnipro Dnipropetrovsk (-2020) vs Chornomorets Odesa
[3063612] Could not find attributes for melker hallberg (Vejle Boldklub, 2018)
[2888303] Failed to build match row: Nooit Opgeven Altijd Doorzetten Aangenaam Door Vermaak En Nuttig Door Ontspanning Combinatie Breda vs Feyenoord Rotterdam
[2933526] Could not find attributes for jakov filipovic (KSC Lokeren (- 2020), 2017)
[3063612] Failed to build match row: Aalborg BK vs Vejle Boldklub
[2933526] Failed to build match row: Koninklijke Racing Club Genk vs KSC Lokeren (- 2020)
[2700261] Could not find attributes for pavels dorosevs (FK Liepaja, 2016)
[2764457] Could not find attributes for grigoris athanasiou (AO Chania, 2016)
[2329888] Failed to scrape lineup: https://www.transfermarkt.co.uk/club-brugge-kv_kv-kortrijk/index/spielbericht/2329888
[2990946] Could not find attributes for coll donaldson (Inverness Caledonian Thistle FC, 2017)
[2990946] Failed to build match row: Inverness Caledonian Thistle FC vs Dundee Football Club
[2764457] Failed to build match row: AO Chania vs AO Platanias
[2516545] Could not find attributes for glenn wilson (Aldershot Town, 2014)
paja
[3211136] Could not find attributes for jeremy malherbe (Panionios Athens, 2019)
[2346015] Could not find attributes for jerry akaminko (Eskisehirspor, 2013)
[2516545] Failed to build match row: Rochdale AFC vs Aldershot Town
[3211136] Failed to build match row: Panionios Athens vs Olympiakos Syndesmos Filathlon Peiraios

Keepers & outfield error for **Bologna Football Club 1909** in Bologna Football Club 1909 vs Unione Sportiva Sassuolo Calcio: Numbers: 0 and 11.
[2346015] Failed to build match row: Eskisehirspor vs Bursaspor
[2475479] Could not find attributes for marcos angeleri (Málaga CF, 2014)
[2726554] Failed to build match row: Bologna Football Club 1909 vs Unione Sportiva Sassuolo Calcio
[2475479] Failed to build match row: SD Eibar vs Málaga CF
[3180696] Could not find attributes for evgeniy frolov (FC Orenburg, 2018)
[3180696] Failed to build match row: FC Orenburg vs Ural Yekaterinburg
al Sporting Club Anderlecht vs Manchester United Football Club: Numbers: 0 and 11.
[2840953] Failed to build match row: Royal Sporting Club Anderlecht vs Manchester United Football Club
[2905546] Could not find attributes for yassin ayoub (Football Club Utrecht, 2017)
[2905546] Failed to build match row: AO FK Zenit Sankt-Peterburg vs Football Club Utrecht

Keepers & outfield error for **FC Paços de Ferreira** in FC Paços de Ferreira vs Rio Ave Futebol Clube: Numbers: 0 and 11.
[2720796] Failed to build match row: FC Paços de Ferreira vs Rio Ave Futebol Clube
[2481200] Could not find attributes for francesco scardina (SD Huesca, 2014)
[2481200] Failed to build match row: SD Huesca vs CD Toledo
Not enough players found for lineup: 0, 0.
[2735503] Could not find attributes for jeremie aliadiere (Football Club Lorient-Bretagne Sud, 2016)
[2370133] Could not find attributes for yuriy nesterenko (Neftekhimik Nizhnekamsk, 2013)
[2735503] Failed to build match row: Lille Olympique Sporting Club vs Football Club Lorient-Bretagne Sud
[2340429] Failed to scrape lineup: https://www.transfermarkt.co.uk/gd-estoril-praia_gil-vicente-fc/index/spielbericht/2340429
[2359358] Could not find attributes for giovanni marchese (Genoa Cricket and Football Club, 2013)
[2370133] Failed to build match row: Neftekhimik Nizhnekamsk vs RFK Akhmat Grozny
[2359358] Failed to build match row: Genoa Cricket and Football Club vs Atalanta Bergamasca Calcio S.p.a.
[3122165] Could not find attributes for valeriy kichin (Enisey Krasnoyarsk, 2018)
[3122165] Failed to build match row: Enisey Krasnoyarsk vs RFK Akhmat Grozny
[2897505] Could not find attributes for musa barrow (Atalanta Bergamasca Calcio S.p.a., 2017)
[2897505] Failed to build match row: Atalanta Bergamasca Calcio S.p.a. vs Torino Calcio
[3096316] Could not find attributes for oleg smirnov (PFK Tambov (-2021), 2018)
[2596697] Could not find attributes for sergiy pogorilyi (Metalist Kharkiv (- 2016), 2015)
[3096316] Failed to build match row: PFK Tambov (-2021) vs PFK Krylya Sovetov Samara
[2607126] Could not find attributes for alessandro bacci (Pisa Sporting Club, 2015)
[2618557] Could not find attributes for sergey chernik (BATE Borisov, 2015)
[2596697] Failed to build match row: Metalist Kharkiv (- 2016) vs FC Oleksandriya
[2607126] Failed to build match row: US Salernitana 1919 vs Pisa Sporting Club
[3229117] Could not find attributes for vincenzo di somma (Potenza Calcio, 2019)
[2618557] Failed to build match row: BATE Borisov vs Associazione Sportiva Roma
[2764458] Could not find attributes for nikolaos melissas (AE Sparti, 2016)
[3229117] Failed to build match row: Potenza Calcio vs ASD Lanusei Calcio
[2459595] Could not find attributes for joris mathijsen (Feyenoord Rotterdam, 2014)
[2764458] Failed to build match row: AE Sparti vs Olympiakos Syndesmos Filathlon Peiraios
[2459595] Failed to build match row: Feyenoord Rotterdam vs Sportclub Heerenveen
[3180697] Could not find attributes for anton shunin (FK Dinamo Moskva, 2018)
[3180697] Failed to build match row: FK Dinamo Moskva vs FK Rostov

Keepers & outfield error for **Moreirense Futebol Clube** in Moreirense Futebol Clube vs FC Penafiel: Numbers: 3 and 8.
[2557613] Could not find attributes for callum booth (Partick Thistle FC, 2014)
[2636231] Could not find attributes for marc antoine fortune (Coventry City, 2015)
[2882169] Could not find attributes for matus macik (MFK Ruzomberok, 2017)
 2015)
[2888304] Could not find attributes for romeo castelen (VVV-Venlo, 2017)
[2557613] Failed to build match row: Partick Thistle FC vs Kilmarnock Football Club
[2466855] Failed to build match row: Moreirense Futebol Clube vs FC Penafiel
[2882169] Failed to build match row: MFK Ruzomberok vs Sportsklubben Brann
[2888304] Failed to build match row: Prins Hendrik Ende Desespereert Nimmer Combinatie Zwolle vs VVV-Venlo

Keepers & outfield error for **SSC Bari** in SSC Bari vs Unione Sportiva Cremonese S.p.A.: Numbers: 2 and 9.
[2636231] Failed to build match row: Coventry City vs Northampton Town
[2581367] Failed to build match row: Randers Fodbold Club vs Hobro IK
[2905605] Failed to build match row: SSC Bari vs Unione Sportiva Cremonese S.p.A.
[2486756] Could not find attributes for anthony reveillere (Sunderland Association Football Club, 2014)
[2329889] Could not find attributes for elimane coulibaly (KV Kortrijk, 2013)
[2486756] Failed to build match row: Sunderland Association Football Club vs Aston Villa Football Club
[3211137] Could not find attributes for konstantinos theodoropoulos (PAS Lamia 1964, 2019)

Keepers & outfield error for **Celta** in Celta vs Koninklijke Racing Club Genk: Numbers: 0 and 11.
[2329889] Failed to build match row: KV Kortrijk vs Koninklijke Racing Club Genk
[3211137] Failed to build match row: PAS Lamia 1964 vs AO Xanthi
[2700262] Could not find attributes for tome pacovski (Vardar Skopje, 2016)
[2840954] Failed to build match row: Celta vs Koninklijke Racing Club Genk
[2700262] Failed to build match row: Vardar Skopje vs GNK Dinamo Zagreb
[2495709] Could not find attributes for holmbert aron fridjonsson (Brøndby Idrætsforening, 2014)
[2495709] Failed to build match row: Fodbold Club Nordsjælland vs Brøndby Idrætsforening
[2704573] Could not find attributes for albin ekdal (Hamburger Sport Verein, 2016)
[2704573] Failed to build match row: Hamburger Sport Verein vs Mönchengladbach
[3122166] Could not find attributes for evgeniy frolov (FC Orenburg, 2018)
[3122166] Failed to build match row: FC Orenburg vs PFK Krylya Sovetov Samara
[3063614] Could not find attributes for mohammed kudus (Fodbold Club Nordsjælland, 2018)
[2517223] Could not find attributes for kheireddine arroussi (ES Sétif, 2014)
[2735504] Could not find attributes for lukas pokorny (Montpellier HSC, 2016)
[3219232] Could not find attributes for federico fernandez (Newcastle United Football Club, 2019)
[2596698] Could not find attributes for yevgen borovyk (Chornomorets Odesa, 2015)
[3063614] Failed to build match row: Fodbold Club Nordsjælland vs Randers Fodbold Club
[3203680] Could not find attributes for yuya osako (Sportverein Werder Bremen von 1899, 2019)
[2735504] Failed to build match row: Montpellier HSC vs SC Bastia
[2517223] Failed to build match row: ES Sétif vs Auckland City FC
[3203680] Failed to build match row: Sportverein Werder Bremen von 1899 vs Mönchengladbach
[2933527] Could not find attributes for laurens paulussen (Yellow-Red Koninklijke Voetbalclub Mechelen, 2017)
[3219232] Failed to build match row: Newcastle United Football Club vs Norwich City
[2596698] Failed to build match row: Chornomorets Odesa vs Futbolniy Klub Dynamo Kyiv
[3076122] Could not find attributes for callumn morrison (Heart of Midlothian Football Club, 2018)
[2475481] Could not find attributes for ion ansotegi (Real Sociedad de Fútbol S.A.D., 2014)
[3076122] Failed to build match row: Hamilton Academical FC vs Heart of Midlothian Football Club
[2475481] Failed to build match row: Real Sociedad de Fútbol S.A.D. vs Deportivo de La Coruña
[2607127] Failed to scrape lineup: https://www.transfermarkt.co.uk/spielbericht/index/spielbericht/2607127
[2933527] Failed to build match row: Yellow-Red Koninklijke Voetbalclub Mechelen vs KV Kortrijk
[3050384] Could not find attributes for danny ings (Southampton FC, 2018)
[3050384] Failed to build match row: Southampton FC vs Everton Football Club
[2557614] Could not find attributes for raffaele de vita (Ross County FC, 2014)
[3229166] Could not find attributes for ragnar klavan (Cagliari Calcio, 2019)
[3229166] Failed to build match row: Cagliari Calcio vs Brescia Calcio
[2557614] Failed to build match row: Ross County FC vs Hamilton Academical FC

Keepers & outfield error for **SPAL** in SPAL vs Football Club Internazionale Milano S.p.A.: Numbers: 2 and 9.
[3081039] Failed to build match row: SPAL vs Football Club Internazionale Milano S.p.A.
[2581368] Could not find attributes for kees luijckx (Sønderjyske Fodbold, 2015)

Keepers & outfield error for **Vitória Setúbal FC** in Vitória Setúbal FC vs Clube Desportivo Nacional: Numbers: 2 and 9.
[2346016] Could not find attributes for yalcin ayhan (Kasımpaşa A.Ş., 2013)
[2581368] Failed to build match row: Sønderjyske Fodbold vs Esbjerg fB
[2466856] Failed to build match row: Vitória Setúbal FC vs Clube Desportivo Nacional
[2346016] Failed to build match row: Kasımpaşa A.Ş. vs Kayserispor Kulübü
[3180698] Could not find attributes for yuriy dyupin (Anzhi Makhachkala ( -2022), 2018)
[2888305] Could not find attributes for nasser el khayati (ADO Den Haag, 2017)

Keepers & outfield error for **FC Paços de Ferreira** in Futebol Clube do Porto vs FC Paços de Ferreira: Numbers: 2 and 9.
[3180698] Failed to build match row: Anzhi Makhachkala ( -2022) vs Arsenal Tula
[2340430] Failed to build match row: Futebol Clube do Porto vs FC Paços de Ferreira
[2888305] Failed to build match row: Sparta Rotterdam vs ADO Den Haag
[2990984] Could not find attributes for mark durnan (Dundee United Football Club, 2017)
[2618558] Could not find attributes for filip benkovic (GNK Dinamo Zagreb, 2015)
[2495710] Could not find attributes for pierre neurath bengtsson (Football Club København, 2014)
[3096317] Could not find attributes for stanislav buchnev (FC Tyumen, 2018)
[2990984] Failed to build match row: Aberdeen Football Club vs Dundee United Football Club
[2329890] Could not find attributes for ahmed el messaoudi (Lierse SK (- 2018), 2013)
[2618558] Failed to build match row: FC Bayern München vs GNK Dinamo Zagreb
[3096317] Failed to build match row: FC Tyumen vs PFK CSKA Moskva
[2872050] Could not find attributes for matti steinmann (Hamburger Sport Verein, 2017)
[2329890] Failed to build match row: Lierse SK (- 2018) vs Koninklijke Racing Club Genk
[2495710] Failed to build match row: Aalborg BK vs Football Club København
[2872050] Failed to build match row: Hamburger Sport Verein vs FC Schalke 04
[3050385] Could not find attributes for etienne capoue (Watford FC, 2018)
[3122167] Could not find attributes for yuriy dyupin (Anzhi Makhachkala ( -2022), 2018)
[2596699] Could not find attributes for yuriy pankiv (PFK Stal Kamyanske (-2018), 2015)
[2481201] Could not find attributes for paris adot (CD Izarra, 2014)

Keepers & outfield error for **Aarhus Gymnastik Forening** in AC Horsens vs Aarhus Gymnastik Forening: Numbers: 0 and 11.
[3050385] Failed to build match row: Watford FC vs Burnley Football Club
[3122167] Failed to build match row: Anzhi Makhachkala ( -2022) vs FK Ufa
[2596699] Failed to build match row: PFK Stal Kamyanske (-2018) vs FC Zorya Lugansk
[2481201] Failed to build match row: CD Izarra vs Atlético Granadilla
[3063615] Failed to build match row: AC Horsens vs Aarhus Gymnastik Forening
[2370134] Could not find attributes for anton kochenkov (Mordovia Saransk (-2020), 2013)
[2370134] Failed to build match row: Mordovia Saransk (-2020) vs Amkar Perm
[2764459] Could not find attributes for ilias kotsios (Omilos Filathlon Irakliou FC, 2016)
[2764459] Failed to build match row: Omilos Filathlon Irakliou FC vs Iraklis Thessaloniki

Keepers & outfield error for **Società Sportiva Lazio S.p.A.** in Società Sportiva Lazio S.p.A. vs US Livorno 1915: Numbers: 2 and 9.
[2704574] Could not find attributes for matthias lehmann (1. Fußball-Club Köln, 2016)
[2359360] Failed to build match row: Società Sportiva Lazio S.p.A. vs US Livorno 1915

Keepers & outfield error for **Córdoba CF** in Córdoba CF vs Elche Club de Fútbol S.A.D.: Numbers: 0 and 11.
[3211138] Failed to scrape lineup: https://www.transfermarkt.co.uk/ae-larisa_volos-nps/index/spielbericht/3211138
[3081040] Could not find attributes for ola aina (Torino Calcio, 2018)
[2346017] Could not find attributes for zydrunas karcemarskas (Gaziantepspor (- 2020), 2013)
[2636232] Could not find attributes for luke graham (Brackley Town, 2015)
[2704574] Failed to build match row: FC Ingolstadt 04 vs 1. Fußball-Club Köln
[3081040] Failed to build match row: Torino Calcio vs Frosinone Calcio
[2581369] Could not find attributes for moussa maazou (Randers Fodbold Club, 2015)
[2475482] Failed to build match row: Córdoba CF vs Elche Club de Fútbol S.A.D.
[2636232] Failed to build match row: Brackley Town vs Newport County
[2581369] Failed to build match row: Randers Fodbold Club vs Brøndby Idrætsforening
[2346017] Failed to build match row: Gaziantepspor (- 2020) vs Antalyaspor
[2905607] Could not find attributes for mattia destro (Bologna Football Club 1909, 2017)
[2905607] Failed to build match row: Bologna Football Club 1909 vs AS Cittadella
[2726557] Could not find attributes for massimo maccarone (FC Empoli, 2016)
[2726557] Failed to build match row: FC Empoli vs Chievo Verona
[3180699] Could not find attributes for egor sorokin (FC Rubin Kazan, 2018)
[3180699] Failed to build match row: Футбольный клуб "Локомотив" Москва vs FC Rubin Kazan
[2700263] Could not find attributes for dalibor kozic (HSK Zrinjski Mostar, 2016)

Keepers & outfield error for **Mönchengladbach** in Verein für Bewegungsspiele Stuttgart 1893 vs Mönchengladbach: Numbers: 2 and 9.
[2933528] Failed to scrape lineup: https://www.transfermarkt.co.uk/sint-truidense-vv_kas-eupen/index/spielbericht/2933528
[2321163] Failed to build match row: Verein für Bewegungsspiele Stuttgart 1893 vs Mönchengladbach
[2700263] Failed to build match row: HSK Zrinjski Mostar vs Legia Warszawa Spółka Akcyjna
[2872051] Could not find attributes for josip elez (Hannover 96, 2017)
[2897508] Could not find attributes for musa barrow (Atalanta Bergamasca Calcio S.p.a., 2017)
[2897508] Failed to build match row: Atalanta Bergamasca Calcio S.p.a. vs Genoa Cricket and Football Club
[2872051] Failed to build match row: Hannover 96 vs Sportverein Werder Bremen von 1899
[2882170] Could not find attributes for damjan siskovski (Rabotnicki Skopje, 2017)
[2840956] Could not find attributes for jeremy morel (Olympique Lyonnais, 2016)
[2882170] Failed to build match row: Rabotnicki Skopje vs Dinamo Minsk

Keepers & outfield error for **Olympiakos Syndesmos Filathlon Peiraios** in Arsenal Football Club vs Olympiakos Syndesmos Filathlon Peiraios: Numbers: 0 and 11.
[2618559] Failed to build match row: Arsenal Football Club vs Olympiakos Syndesmos Filathlon Peiraios
[2840956] Failed to build match row: Olympique Lyonnais vs Beşiktaş Jimnastik Kulübü
[2329891] Could not find attributes for youri tielemans (Royal Sporting Club Anderlecht, 2013)
[2329891] Failed to build match row: Royal Sporting Club Anderlecht vs KV Oostende
[3122168] Could not find attributes for stanislav kritsyuk (FK Krasnodar, 2018)
[3122168] Failed to build match row: FK Krasnodar vs Ural Yekaterinburg
[2668504] Could not find attributes for xavier mercier (KV Kortrijk, 2015)
[2495711] Could not find attributes for kristoffer olsson (Fodbold Club Midtjylland, 2014)
[2668504] Failed to build match row: Royal Sporting Club Anderlecht vs KV Kortrijk
[2495711] Failed to build match row: Fodbold Club Midtjylland vs FC Vestsjaelland
[2607128] Could not find attributes for michele murolo (Casertana FC, 2015)
[2607128] Failed to build match row: US Avellino 1912 vs Casertana FC

Keepers & outfield error for **Futebol Clube do Porto** in Futebol Clube do Porto vs Sporting Clube de Braga: Numbers: 0 and 11.
[2466858] Failed to build match row: Futebol Clube do Porto vs Sporting Clube de Braga

Keepers & outfield error for **CD Tudelano** in CD Tudelano vs Albacete Balompié: Numbers: 2 and 9.
[3283231] Failed to build match row: CD Tudelano vs Albacete Balompié

Keepers & outfield error for **Kilmarnock Football Club** in Kilmarnock Football Club vs Brora Rangers FC: Numbers: 0 and 11.
[2764460] Could not find attributes for dionysis chiotis (Apollon Smyrnis, 2016)
[2990986] Failed to build match row: Kilmarnock Football Club vs Brora Rangers FC
[2704575] Could not find attributes for fabian frei (1. Fußball- und Sportverein Mainz 05, 2016)
[2764460] Failed to build match row: Apollon Smyrnis vs Panathinaikos Athlitikos Omilos
[3211139] Could not find attributes for aristotelis karasalidis (AO Xanthi, 2019)
[2704575] Failed to build match row: SV Darmstadt 98 vs 1. Fußball- und Sportverein Mainz 05
[3081041] Could not find attributes for valon behrami (Udinese Calcio, 2018)
[2557615] Could not find attributes for stevie mallan (Saint Mirren Football Club, 2014)
[3096318] Could not find attributes for maksim shvagirev (Chernomorets Novorossijsk, 2018)
[3180700] Could not find attributes for yuriy nesterenko (Enisey Krasnoyarsk, 2018)
[3081041] Failed to build match row: Udinese Calcio vs Juventus Football Club
[2481202] Could not find attributes for tomeu nadal (Gimnàstic de Tarragona, 2014)
[3180700] Failed to build match row: Enisey Krasnoyarsk vs FK Krasnodar
[3211139] Failed to build match row: AO Xanthi vs APS Atromitos Athinon
[2557615] Failed to build match row: Saint Mirren Football Club vs Motherwell Football Club
[2882171] Could not find attributes for jeremy malherbe (Dynamo Brest, 2017)

Keepers & outfield error for **Manchester United Football Club** in Manchester United Football Club vs Royal Sporting Club Anderlecht: Numbers: 0 and 11.
[3096318] Failed to build match row: Chernomorets Novorossijsk vs FK Spartak Moskva
[2481202] Failed to build match row: Gimnàstic de Tarragona vs CD Atlético Baleares
[2329892] Could not find attributes for matz sels (Koninklijke Atletiek Associatie Gent, 2013)
[2581370] Could not find attributes for kees luijckx (Sønderjyske Fodbold, 2015)
[2840957] Failed to build match row: Manchester United Football Club vs Royal Sporting Club Anderlecht
[3219235] Could not find attributes for patrick van aanholt (Crystal Palace Football Club, 2019)
[2370135] Could not find attributes for vitaliy gudiev (Spartak Vladikavkaz (-2020), 2013)
[2882171] Failed to build match row: Sportclub Rheindorf Altach vs Dynamo Brest
[3219235] Failed to build match row: Crystal Palace Football Club vs Sheffield United
[2596700] Could not find attributes for dmytro gryshko (Olimpik Donetsk, 2015)
[2370135] Failed to build match row: Spartak Vladikavkaz (-2020) vs Anzhi Makhachkala ( -2022)
[2329892] Failed to build match row: Koninklijke Atletiek Associatie Gent vs Sportvereniging Zulte Waregem
[3122169] Could not find attributes for sergey pesjakov (FK Rostov, 2018)
)
[2581370] Failed to build match row: Sønderjyske Fodbold vs Viborg Fodsports Forening

Keepers & outfield error for **Futebol Clube de Arouca** in Futebol Clube de Arouca vs Sporting Clube de Portugal: Numbers: 0 and 11.

Keepers & outfield error for **Società Sportiva Calcio Napoli** in Società Sportiva Calcio Napoli vs Football Club Internazionale Milano S.p.A.: Numbers: 2 and 9.

Keepers & outfield error for **Clube Desportivo Nacional** in Clube Desportivo Nacional vs Rio Ave Futebol Clube: Numbers: 0 and 11.
[2340431] Failed to build match row: Futebol Clube de Arouca vs Sporting Clube de Portugal
[2359362] Failed to build match row: Società Sportiva Calcio Napoli vs Football Club Internazionale Milano S.p.A.
[2466859] Failed to build match row: Clube Desportivo Nacional vs Rio Ave Futebol Clube
[3122169] Failed to build match row: FK Rostov vs PFK CSKA Moskva
[2321164] Could not find attributes for davie selke (Sportverein Werder Bremen von 1899, 2013)
[2321164] Failed to build match row: Sportverein Werder Bremen von 1899 vs 1. Fußball- und Sportverein Mainz 05
[2636233] Could not find attributes for james mckeown (Grimsby Town, 2015)
[2636233] Failed to build match row: Grimsby Town vs St Albans City
[2735506] Could not find attributes for mehdi tahrat (Angers Sporting Club de l'Ouest, 2016)
[2872062] Could not find attributes for matti steinmann (Hamburger Sport Verein, 2017)

Keepers & outfield error for **Saint Mirren Football Club** in Saint Mirren Football Club vs Dundee Football Club: Numbers: 2 and 9.
[2735506] Failed to build match row: Toulouse Football Club vs Angers Sporting Club de l'Ouest
[2872062] Failed to build match row: Turn- und Sportgemeinschaft 1899 Hoffenheim Fußball-Spielbetriebs vs Hamburger Sport Verein
[3076125] Failed to build match row: Saint Mirren Football Club vs Dundee Football Club

Keepers & outfield error for **Hull City** in Hull City vs Chelsea Football Club: Numbers: 0 and 11.
[2486760] Failed to build match row: Hull City vs Chelsea Football Club

Keepers & outfield error for **Espanol** in Espanol vs Athletic Club Bilbao: Numbers: 2 and 9.
[2475484] Failed to build match row: Espanol vs Athletic Club Bilbao
[2346018] Could not find attributes for bojan jorgacevic (Kayseri Erciyesspor, 2013)
[2720800] Could not find attributes for kamran agayev (Boavista FC, 2016)
[2346018] Failed to build match row: Kayseri Erciyesspor vs Beşiktaş Jimnastik Kulübü
[2720800] Failed to build match row: Futebol Clube do Porto vs Boavista FC
[2668505] Could not find attributes for ruslan malinovskyi (Koninklijke Racing Club Genk, 2015)
[2888308] Could not find attributes for roland baas (Heracles Almelo, 2017)
[3063616] Could not find attributes for myroslav slavov (Vendsyssel FF, 2018)
[2668505] Failed to build match row: Koninklijke Racing Club Genk vs KV Oostende

Keepers & outfield error for **Odense Boldklub** in Odense Boldklub vs Aalborg BK: Numbers: 2 and 9.
[2618560] Could not find attributes for predrag rajkovic (Maccabi Tel Aviv, 2015)
[3063616] Failed to build match row: Vendsyssel FF vs Hobro IK
[2888308] Failed to build match row: Heracles Almelo vs Football Club Twente
[2334955] Could not find attributes for greg kiltie (Kilmarnock Football Club, 2013)
[2618560] Failed to build match row: Maccabi Tel Aviv vs Futbolniy Klub Dynamo Kyiv
[2557616] Could not find attributes for jack baird (Saint Mirren Football Club, 2014)
[2495713] Failed to build match row: Odense Boldklub vs Aalborg BK
[2607129] Could not find attributes for gaetano vastola (SS Virtus Lanciano, 2015)
[2334955] Failed to build match row: Kilmarnock Football Club vs Ross County FC
[3180701] Could not find attributes for evgeniy gorodov (RFK Akhmat Grozny, 2018)
[2581371] Could not find attributes for wilfried domoraud (Hobro IK, 2015)
[2557616] Failed to build match row: Hamilton Academical FC vs Saint Mirren Football Club
[2581371] Failed to build match row: Hobro IK vs Fodbold Club Midtjylland
[2607129] Failed to build match row: SS Virtus Lanciano vs SS Juve Stabia
[3180701] Failed to build match row: RFK Akhmat Grozny vs PFK Krylya Sovetov Samara
[2596701] Could not find attributes for artur rudko (Goverla Uzhgorod (- 2016), 2015)
lclub Mechelen, 2013)
[2329893] Failed to build match row: Yellow-Red Koninklijke Voetbalclub Mechelen vs Royal Charleroi Sporting Club
[2596701] Failed to build match row: FC Shakhtar Donetsk vs Goverla Uzhgorod (- 2016)

Keepers & outfield error for **Società Sportiva Lazio S.p.A.** in Torino Calcio vs Società Sportiva Lazio S.p.A.: Numbers: 2 and 9.
[2897510] Failed to build match row: Torino Calcio vs Società Sportiva Lazio S.p.A.
[3122170] Could not find attributes for nikolay rasskazov (FK Spartak Moskva, 2018)
[3122170] Failed to build match row: FK Spartak Moskva vs Футбольный клуб "Локомотив" Москва
[2475485] Could not find attributes for loukas vyntra (Levante Unión Deportiva S.A.D., 2014)

Keepers & outfield error for **1. Fußball- und Sportverein Mainz 05** in 1. Fußballclub Union Berlin vs 1. Fußball- und Sportverein Mainz 05: Numbers: 2 and 9.
[3203684] Failed to build match row: 1. Fußballclub Union Berlin vs 1. Fußball- und Sportverein Mainz 05
[2475485] Failed to build match row: Valencia Club de Fútbol S. A. D. vs Levante Unión Deportiva S.A.D.
[2764461] Failed to scrape lineup: https://www.transfermarkt.co.uk/spielbericht/index/spielbericht/2764461
[2589031] Failed to scrape lineup: https://www.transfermarkt.co.uk/fc-utrecht_ajax-amsterdam/index/spielbericht/2589031
[3211140] Failed to scrape lineup: https://www.transfermarkt.co.uk/aris-thessaloniki_pas-lamia-1964/index/spielbericht/3211140
[3096319] Failed to scrape lineup: https://www.transfermarkt.co.uk/spielbericht/index/spielbericht/3096319
[2888309] Could not find attributes for nasser el khayati (ADO Den Haag, 2017)
[2517321] Failed to scrape lineup: https://www.transfermarkt.co.uk/spielbericht/index/spielbericht/2517321
[2888309] Failed to build match row: ADO Den Haag vs Nooit Opgeven Altijd Doorzetten Aangenaam Door Vermaak En Nuttig Door Ontspanning Combinatie Breda
[3063617] Could not find attributes for zeca (Football Club København, 2018)
[3063617] Failed to build match row: Fodbold Club Midtjylland vs Football Club København

Keepers & outfield error for **Grupo Desportivo Estoril Praia** in Sporting Clube de Portugal vs Grupo Desportivo Estoril Praia: Numbers: 0 and 11.
[2581372] Could not find attributes for emre mor (Fodbold Club Nordsjælland, 2015)
[2720801] Failed to build match row: Sporting Clube de Portugal vs Grupo Desportivo Estoril Praia
[2581372] Failed to build match row: Fodbold Club Nordsjælland vs Odense Boldklub
[2329894] Could not find attributes for hamari traore (Lierse SK (- 2018), 2013)
[2329894] Failed to build match row: Lierse SK (- 2018) vs KSC Lokeren (- 2020)
[2459601] Could not find attributes for christian kum (Football Club Utrecht, 2014)
[3050389] Could not find attributes for glenn murray (Brighton and Hove Albion Football Club, 2018)
[2636234] Could not find attributes for dillon phillips (Cheltenham Town, 2015)
[3050389] Failed to build match row: Fulham Football Club vs Brighton and Hove Albion Football Club
[3076243] Could not find attributes for yevgen galchuk (FK Mariupol, 2018)
[2459601] Failed to build match row: Football Club Utrecht vs Willem II Tilburg
[2636234] Failed to build match row: Hartlepool United vs Cheltenham Town
[3076243] Failed to build match row: FK Mariupol vs FC Oleksandriya
[2340432] Failed to scrape lineup: https://www.transfermarkt.co.uk/sl-benfica_cs-maritimo/index/spielbericht/2340432
[2840958] Failed to scrape lineup: https://www.transfermarkt.co.uk/spielbericht/index/spielbericht/2840958
[3122171] Could not find attributes for mikhail levashov (Arsenal Tula, 2018)
[3122171] Failed to build match row: Arsenal Tula vs AO FK Zenit Sankt-Peterburg
[2370136] Failed to scrape lineup: https://www.transfermarkt.co.uk/spielbericht/index/spielbericht/2370136
[2700264] Could not find attributes for cicinho (Ludogorets Razgrad, 2016)
[2700264] Failed to build match row: Ludogorets Razgrad vs OFK Titograd
[3211141] Could not find attributes for nikolaos korovesis (Omilos Filathlon Irakliou FC, 2019)
index/spielbericht/2933531
[3211141] Failed to build match row: Omilos Filathlon Irakliou FC vs Athlitiki Enosi Konstantinoupoleos
olle, 2015)
[3252149] Failed to scrape lineup: https://www.transfermarkt.co.uk/spielbericht/index/spielbericht/3252149
[2589032] Failed to build match row: Prins Hendrik Ende Desespereert Nimmer Combinatie Zwolle vs Alkmaar Zaanstreek
[3096320] Could not find attributes for bogdan karyukin (Dinamo Barnaul, 2018)
[2517322] Could not find attributes for blaine hudson (Wrexham AFC, 2014)

Keepers & outfield error for **RasenBallsport Leipzig** in Sportverein Werder Bremen von 1899 vs RasenBallsport Leipzig: Numbers: 0 and 11.
[3096320] Failed to build match row: Dinamo Barnaul vs FC Orenburg
[2517322] Failed to build match row: Stoke City vs Wrexham AFC

Keepers & outfield error for **Everton Football Club** in Huddersfield Town vs Everton Football Club: Numbers: 2 and 9.
[2872064] Failed to build match row: Sportverein Werder Bremen von 1899 vs RasenBallsport Leipzig
[3050390] Failed to build match row: Huddersfield Town vs Everton Football Club
[3283232] Could not find attributes for chupo (Gimnástica Segoviana CF, 2019)
[2466861] Could not find attributes for iago santos (Académica Coimbra, 2014)
[2888310] Could not find attributes for romeo castelen (VVV-Venlo, 2017)
[3283232] Failed to build match row: Gimnástica Segoviana CF vs Elche Club de Fútbol S.A.D.
[2888310] Failed to build match row: VVV-Venlo vs Excelsior Rotterdam
[2466861] Failed to build match row: Académica Coimbra vs Moreirense Futebol Clube
[2557617] Could not find attributes for aaron splaine (Kilmarnock Football Club, 2014)
[3394586] Failed to scrape lineup: https://www.transfermarkt.co.uk/montpellier-hsc_ogc-nice/index/spielbericht/3394586
[2704577] Failed to scrape lineup: https://www.transfermarkt.co.uk/rb-leipzig_vfl-wolfsburg/index/spielbericht/2704577
[2668506] Failed to scrape lineup: https://www.transfermarkt.co.uk/kv-mechelen_standard-liege/index/spielbericht/2668506
[2618561] Failed to scrape lineup: https://www.transfermarkt.co.uk/spielbericht/index/spielbericht/2618561
[2557617] Failed to build match row: Kilmarnock Football Club vs Ross County FC
[3076244] Could not find attributes for sergiy litovchenko (Chornomorets Odesa, 2018)
[2840959] Could not find attributes for benjamin stambouli (FC Schalke 04, 2016)
[2726559] Failed to scrape lineup: https://www.transfermarkt.co.uk/as-roma_us-palermo/index/spielbericht/2726559
[2840959] Failed to build match row: FC Schalke 04 vs AFC Ajax Amsterdam
[3076244] Failed to build match row: FC Shakhtar Donetsk vs Chornomorets Odesa

Keepers & outfield error for **Moreirense Futebol Clube** in Moreirense Futebol Clube vs Vitória Sport Clube: Numbers: 2 and 9.
[2720802] Failed to build match row: Moreirense Futebol Clube vs Vitória Sport Clube
[2735508] Could not find attributes for issiar dia (AS Nancy-Lorraine, 2016)
[2735508] Failed to build match row: Football Club de Nantes vs AS Nancy-Lorraine
[2495714] Failed to scrape lineup: https://www.transfermarkt.co.uk/fc-vestsjaelland_hobro-ik/index/spielbericht/2495714
[2607130] Failed to scrape lineup: https://www.transfermarkt.co.uk/spielbericht/index/spielbericht/2607130
[2596702] Failed to scrape lineup: https://www.transfermarkt.co.uk/metalurg-zaporizhya-2016-_volyn-lutsk/index/spielbericht/2596702
[3081045] Could not find attributes for luca antonelli (FC Empoli, 2018)
[2897511] Failed to scrape lineup: https://www.transfermarkt.co.uk/bologna-fc-1909_ac-milan/index/spielbericht/2897511
[3219237] Failed to scrape lineup: https://www.transfermarkt.co.uk/aston-villa_watford-fc/index/spielbericht/3219237
[3203685] Failed to scrape lineup: https://www.transfermarkt.co.uk/bayern-munich_fortuna-dusseldorf/index/spielbericht/3203685
[3180702] Failed to scrape lineup: https://www.transfermarkt.co.uk/spartak-moscow_fk-ufa/index/spielbericht/3180702
[3081045] Failed to build match row: Frosinone Calcio vs FC Empoli
[2764462] Could not find attributes for giannis savva (AEL Kalloni, 2016)
[2764462] Failed to build match row: AEL Kalloni vs PAS Giannina

Keepers & outfield error for **West Ham United Football Club** in Wolverhampton Wanderers Football Club vs West Ham United Football Club: Numbers: 2 and 9.
[3050391] Failed to build match row: Wolverhampton Wanderers Football Club vs West Ham United Football Club

Keepers & outfield error for **Genoa Cricket and Football Club** in UC Sampdoria vs Genoa Cricket and Football Club: Numbers: 2 and 9.
[2726560] Failed to build match row: UC Sampdoria vs Genoa Cricket and Football Club
[2888311] Could not find attributes for mohammed el hankouri (Willem II Tilburg, 2017)
[2888311] Failed to build match row: Willem II Tilburg vs Eindhovense Voetbalvereniging Philips Sport Vereniging
[2370137] Could not find attributes for aleksandr krivoruchko (Salyut Belgorod, 2013)

[2359366] Could not find attributes for jonatan cristaldo (Bologna Football Club 1909, 2013)
[2359366] Failed to build match row: Bologna Football Club 1909 vs Genoa Cricket and Football Club
[2700265] Failed to build match row: FK Zalgiris Vilnius vs FC Astana
[2370137] Failed to build match row: Salyut Belgorod vs FK Dinamo Moskva

Keepers & outfield error for **Esbjerg fB** in Aarhus Gymnastik Forening vs Esbjerg fB: Numbers: 0 and 11.
[2557618] Could not find attributes for conor grant (Motherwell Football Club, 2014)
[2581374] Failed to build match row: Aarhus Gymnastik Forening vs Esbjerg fB
[2557618] Failed to build match row: Motherwell Football Club vs Partick Thistle FC

Keepers & outfield error for **CF Os Belenenses** in CF Os Belenenses vs Vitória Setúbal FC: Numbers: 2 and 9.
[2466862] Failed to build match row: CF Os Belenenses vs Vitória Setúbal FC
[2495715] Could not find attributes for holmbert aron fridjonsson (Brøndby Idrætsforening, 2014)
[2636235] Failed to build match row: Dover Athletic vs Stourbridge FC
[2495715] Failed to build match row: Brøndby Idrætsforening vs Silkeborg Idrætsforening
[2668507] Could not find attributes for david hubert (Royal Excel Mouscron (-2022), 2015)

Keepers & outfield error for **Charlton Athletic** in Charlton Athletic vs Blackburn Rovers: Numbers: 0 and 11.
[3063618] Failed to scrape lineup: https://www.transfermarkt.co.uk/esbjerg-fb_odense-boldklub/index/spielbericht/3063618
[2668507] Failed to build match row: Sportvereniging Zulte Waregem vs Royal Excel Mouscron (-2022)
[2517323] Failed to build match row: Charlton Athletic vs Blackburn Rovers
[2840960] Could not find attributes for matej mitrovic (Beşiktaş Jimnastik Kulübü, 2016)
[3076245] Could not find attributes for oleksandr bandura (PFK Lviv, 2018)
[2340433] Failed to scrape lineup: https://www.transfermarkt.co.uk/fc-pacos-de-ferreira_sc-olhanense/index/spielbericht/2340433
[2475487] Failed to scrape lineup: https://www.transfermarkt.co.uk/ud-almeria_granada-cf/index/spielbericht/2475487
[2840960] Failed to build match row: Beşiktaş Jimnastik Kulübü vs Olympique Lyonnais
[2459602] Failed to scrape lineup: https://www.transfermarkt.co.uk/excelsior-rotterdam_go-ahead-eagles/index/spielbericht/2459602
[3076245] Failed to build match row: PFK Lviv vs Karpaty Lviv (-2021)
[2329895] Failed to scrape lineup: https://www.transfermarkt.co.uk/raec-mons-2015-_oud-heverlee-leuven/index/spielbericht/2329895
[3122172] Failed to scrape lineup: https://www.transfermarkt.co.uk/krylya-sovetov-samara_fk-rostov/index/spielbericht/3122172
[3180703] Could not find attributes for branislav ivanovic (AO FK Zenit Sankt-Peterburg, 2018)
[3180703] Failed to build match row: AO FK Zenit Sankt-Peterburg vs PFK CSKA Moskva
[2346019] Could not find attributes for aykut demir (Trabzonspor Kulübü, 2013)
[2346019] Failed to build match row: Trabzonspor Kulübü vs Çaykur Rizespor Kulübü
[3096321] Could not find attributes for ilya trunin (Neftekhimik Nizhnekamsk, 2018)
[2596703] Could not find attributes for dmitriy nepogodov (Vorskla Poltava, 2015)
[3096321] Failed to build match row: Neftekhimik Nizhnekamsk vs Ural Yekaterinburg
[2596703] Failed to build match row: Vorskla Poltava vs Dnipro Dnipropetrovsk (-2020)
[2589033] Failed to scrape lineup: https://www.transfermarkt.co.uk/fc-groningen_feyenoord-rotterdam/index/spielbericht/2589033
[3211142] Failed to scrape lineup: https://www.transfermarkt.co.uk/olympiacos-piraeus_paok-thessaloniki/index/spielbericht/3211142
[2481204] Could not find attributes for juanje torrejon (CD San Roque de Lepe, 2014)
[2481204] Failed to build match row: CD San Roque de Lepe vs Cádiz CF

Keepers & outfield error for **Esbjerg fB** in Esbjerg fB vs Brøndby Idrætsforening: Numbers: 0 and 11.
[3229168] Failed to scrape lineup: https://www.transfermarkt.co.uk/hellas-verona_bologna-fc-1909/index/spielbericht/3229168
[2882172] Failed to scrape lineup: https://www.transfermarkt.co.uk/spielbericht/index/spielbericht/2882172
[2581375] Failed to build match row: Esbjerg fB vs Brøndby Idrætsforening

Keepers & outfield error for **FC Penafiel** in FC Penafiel vs Sporting Clube de Portugal: Numbers: 3 and 8.
[2466863] Failed to build match row: FC Penafiel vs Sporting Clube de Portugal
[2668508] Could not find attributes for danijel milicevic (Koninklijke Atletiek Associatie Gent, 2015)
[2340434] Could not find attributes for gege (CS Marítimo, 2013)
[2668508] Failed to build match row: Royal Charleroi Sporting Club vs Koninklijke Atletiek Associatie Gent
[2340434] Failed to build match row: SC Olhanense vs CS Marítimo

Keepers & outfield error for **Celta** in Celta vs Rayo Vallecano de Madrid S. A. D.: Numbers: 0 and 11.
[2475488] Failed to build match row: Celta vs Rayo Vallecano de Madrid S. A. D.
[2992130] Could not find attributes for kyle hutton (Dumbarton FC, 2017)
[3394587] Failed to scrape lineup: https://www.transfermarkt.co.uk/dijon-fco_stade-brestois-29/index/spielbericht/3394587
[2495716] Could not find attributes for pierre neurath bengtsson (Football Club København, 2014)
[2992130] Failed to build match row: Greenock Morton FC vs Dumbarton FC
[2495716] Failed to build match row: Football Club København vs Fodbold Club Midtjylland
[2764463] Could not find attributes for alexandros anagnostopoulos (Aris Thessalonikis, 2016)
[2764463] Failed to build match row: Aris Thessalonikis vs Veria NPS
[2933533] Failed to scrape lineup: https://www.transfermarkt.co.uk/r-charleroi-sc_kv-mechelen/index/spielbericht/2933533

Keepers & outfield error for **Aarhus Gymnastik Forening** in Aarhus Gymnastik Forening vs Brøndby Idrætsforening: Numbers: 0 and 11.
[2618562] Failed to scrape lineup: https://www.transfermarkt.co.uk/spielbericht/index/spielbericht/2618562
[3122173] Could not find attributes for mario fernandes (PFK CSKA Moskva, 2018)
[3063619] Failed to build match row: Aarhus Gymnastik Forening vs Brøndby Idrætsforening
[2329896] Could not find attributes for matz sels (Koninklijke Atletiek Associatie Gent, 2013)
[2700266] Could not find attributes for alban hoxha (FK Partizani, 2016)
[2329896] Failed to build match row: Royal Standard Club de Liège vs Koninklijke Atletiek Associatie Gent
[3122173] Failed to build match row: PFK CSKA Moskva vs Enisey Krasnoyarsk
[2596704] Could not find attributes for vyacheslav checher (FC Zorya Lugansk, 2015)
[2872066] Failed to scrape lineup: https://www.transfermarkt.co.uk/bayer-04-leverkusen_eintracht-frankfurt/index/spielbericht/2872066
[2700266] Failed to build match row: FK Partizani vs Ferencvárosi TC
[3211143] Could not find attributes for bart schenkeveld (Panathinaikos Athlitikos Omilos, 2019)
[2905612] Could not find attributes for ermanno fumagalli (Piacenza Calcio 1919, 2017)
[2596704] Failed to build match row: FC Zorya Lugansk vs Olimpik Donetsk
[2905612] Failed to build match row: FC Crotone vs Piacenza Calcio 1919
[3211143] Failed to build match row: Panathinaikos Athlitikos Omilos vs A.G.S Asteras Tripolis

Keepers & outfield error for **Genoa Cricket and Football Club** in Juventus Football Club vs Genoa Cricket and Football Club: Numbers: 2 and 9.
[3081047] Failed to build match row: Juventus Football Club vs Genoa Cricket and Football Club
[2359367] Failed to scrape lineup: https://www.transfermarkt.co.uk/cagliari-calcio_ssc-napoli/index/spielbericht/2359367
[2842028] Could not find attributes for ayaz guliev (Anzhi Makhachkala ( -2022), 2016)

Keepers & outfield error for **Sport Lisboa e Benfica** in Sport Lisboa e Benfica vs Futebol Clube de Arouca: Numbers: 2 and 9.
[2557619] Failed to scrape lineup: https://www.transfermarkt.co.uk/aberdeen-fc_st-johnstone-fc/index/spielbericht/2557619
[2842028] Failed to build match row: Anzhi Makhachkala ( -2022) vs Ural Yekaterinburg
[2466864] Failed to build match row: Sport Lisboa e Benfica vs Futebol Clube de Arouca
[3219239] Could not find attributes for robert snodgrass (West Ham United Football Club, 2019)
[2720803] Could not find attributes for pedro tiba (Sporting Clube de Braga, 2016)
[3203688] Could not find attributes for vladimir darida (Hertha BSC, 2019)
[3219239] Failed to build match row: Leicester City vs West Ham United Football Club
[3203688] Failed to build match row: Hertha BSC vs Fußball-Club Augsburg 1907
[3096322] Could not find attributes for egor generalov (SKA Khabarovsk, 2018)
[2581376] Could not find attributes for emre mor (Fodbold Club Nordsjælland, 2015)
Not enough players found for lineup: 11, 0.
[2720803] Failed to build match row: Futebol Clube de Arouca vs Sporting Clube de Braga
[2581376] Failed to build match row: Football Club København vs Fodbold Club Nordsjælland
[3096322] Failed to build match row: SKA Khabarovsk vs RFK Akhmat Grozny
[2340435] Failed to scrape lineup: https://www.transfermarkt.co.uk/sporting-cp_cf-os-belenenses/index/spielbericht/2340435
[2370138] Could not find attributes for dmitriy guzj (Rotor Volgograd, 2013)
[2704579] Failed to scrape lineup: https://www.transfermarkt.co.uk/borussia-monchengladbach_bayern-munich/index/spielbericht/2704579
[2321169] Failed to scrape lineup: https://www.transfermarkt.co.uk/eintracht-frankfurt_fc-schalke-04/index/spielbericht/2321169
[2370138] Failed to build match row: Rotor Volgograd vs Футбольный клуб "Локомотив" Москва

Keepers & outfield error for **Football Club de Metz** in Lille Olympique Sporting Club vs Football Club de Metz: Numbers: 0 and 11.
[3394588] Failed to build match row: Lille Olympique Sporting Club vs Football Club de Metz

Keepers & outfield error for **Vitória Setúbal FC** in Vitória Setúbal FC vs Sporting Clube de Portugal: Numbers: 2 and 9.
[3182926] Failed to scrape lineup: https://www.transfermarkt.co.uk/spielbericht/index/spielbericht/3182926
[2897513] Failed to scrape lineup: https://www.transfermarkt.co.uk/fc-crotone_us-sassuolo/index/spielbericht/2897513
[2992798] Failed to build match row: Vitória Setúbal FC vs Sporting Clube de Portugal
[2933534] Could not find attributes for hamdi harbaoui (Royal Sporting Club Anderlecht, 2017)
[3063620] Could not find attributes for zeca (Football Club København, 2018)
[2933534] Failed to build match row: Royal Excel Mouscron (-2022) vs Royal Sporting Club Anderlecht
[3076246] Failed to scrape lineup: https://www.transfermarkt.co.uk/vorskla-poltava_zorya-lugansk/index/spielbericht/3076246

Keepers & outfield error for **Unione Sportiva Lecce** in Football Club Internazionale Milano S.p.A. vs Unione Sportiva Lecce: Numbers: 0 and 11.
[3063620] Failed to build match row: Football Club København vs Fodbold Club Nordsjælland
[3229169] Failed to build match row: Football Club Internazionale Milano S.p.A. vs Unione Sportiva Lecce
[2726562] Failed to scrape lineup: https://www.transfermarkt.co.uk/udinese-calcio_delfino-pescara-1936/index/spielbericht/2726562
[2735510] Could not find attributes for rod fanni (Olympique de Marseille, 2016)
[2882173] Could not find attributes for andrei sidorenkov (Kalju FC, 2017)
[2735510] Failed to build match row: Football Club de Metz vs Olympique de Marseille
[2486767] Could not find attributes for kasper schmeichel (Leicester City, 2014)
[2882173] Failed to build match row: Kalju FC vs Videoton FC
[2636237] Could not find attributes for dom collins (AFC Fylde, 2015)
[2486767] Failed to build match row: Tottenham Hotspur Football Club vs Leicester City
[3122174] Could not find attributes for aleksandr dovbnya (FC Orenburg, 2018)
[2636237] Failed to build match row: Millwall FC vs AFC Fylde
[3050394] Could not find attributes for danny ings (Southampton FC, 2018)
[3050394] Failed to build match row: Southampton FC vs Crystal Palace Football Club
[3122174] Failed to build match row: Футбольный клуб "Локомотив" Москва vs FC Orenburg
[2596705] Could not find attributes for sergiy basov (FC Oleksandriya, 2015)
[2596705] Failed to build match row: FC Oleksandriya vs PFK Stal Kamyanske (-2018)
[2872067] Could not find attributes for nils petersen (Sport-Club Freiburg, 2017)
[2872067] Failed to build match row: 1. Fußball- und Sportverein Mainz 05 vs Sport-Club Freiburg
[2842029] Could not find attributes for catalin carp (FK Ufa, 2016)
[2842029] Failed to build match row: FK Ufa vs Футбольный клуб "Локомотив" Москва
[2668509] Failed to scrape lineup: https://www.transfermarkt.co.uk/oud-heverlee-leuven_club-brugge-kv/index/spielbericht/2668509
[2764464] Could not find attributes for athanasios tolios (Eginiakos, 2016)
[2764464] Failed to build match row: Eginiakos vs A.G.S Asteras Tripolis
[2517324] Could not find attributes for richard orlu (Dover Athletic, 2014)
[2517324] Failed to build match row: Dover Athletic vs Crystal Palace Football Club

Keepers & outfield error for **Parma Calcio 1913** in Parma Calcio 1913 vs Società Sportiva Lazio S.p.A.: Numbers: 2 and 9.
[3081048] Failed to build match row: Parma Calcio 1913 vs Società Sportiva Lazio S.p.A.
[2481205] Could not find attributes for piojo (UCAM Murcia CF, 2014)
[2481205] Failed to build match row: FC Cartagena vs UCAM Murcia CF

Keepers & outfield error for **CP Cacereño** in CP Cacereño vs AD Alcorcón: Numbers: 4 and 7.
[3283233] Failed to build match row: CP Cacereño vs AD Alcorcón
[3076247] Could not find attributes for yevgen past (Desna Chernigiv, 2018)
[3076247] Failed to build match row: Futbolniy Klub Dynamo Kyiv vs Desna Chernigiv
[2888313] Could not find attributes for queensy menig (Prins Hendrik Ende Desespereert Nimmer Combinatie Zwolle, 2017)
[2888313] Failed to build match row: Football Club Groningen vs Prins Hendrik Ende Desespereert Nimmer Combinatie Zwolle
[2618563] Failed to scrape lineup: https://www.transfermarkt.co.uk/spielbericht/index/spielbericht/2618563
[3183105] Could not find attributes for moussa sissoko (Tottenham Hotspur Football Club, 2018)
[2346020] Could not find attributes for zulkuf ozer (Elazigspor, 2013)
[3183105] Failed to build match row: Tottenham Hotspur Football Club vs Liverpool Football Club
[2346020] Failed to build match row: Elazigspor vs Kardemir Karabükspor

Keepers & outfield error for **Valencia Club de Fútbol S. A. D.** in Futbol Club Barcelona vs Valencia Club de Fútbol S. A. D.: Numbers: 2 and 9.

Keepers & outfield error for **Verona Hellas Football Club** in Verona Hellas Football Club vs SPAL: Numbers: 0 and 11.

Keepers & outfield error for **SC Olhanense** in SC Olhanense vs Sport Lisboa e Benfica: Numbers: 2 and 9.
[2905613] Failed to scrape lineup: https://www.transfermarkt.co.uk/spielbericht/index/spielbericht/2905613
[2486768] Could not find attributes for anthony reveillere (Sunderland Association Football Club, 2014)
[2993260] Failed to build match row: Futbol Club Barcelona vs Valencia Club de Fútbol S. A. D.
[2897514] Failed to build match row: Verona Hellas Football Club vs SPAL
[3211144] Failed to scrape lineup: https://www.transfermarkt.co.uk/panionios-athens_panetolikos-gfs/index/spielbericht/3211144
[2735511] Could not find attributes for jeremie aliadiere (Football Club Lorient-Bretagne Sud, 2016)
[2842030] Could not find attributes for ilzat akhmetov (FC Rubin Kazan, 2016)
[2340436] Failed to build match row: SC Olhanense vs Sport Lisboa e Benfica
[2486768] Failed to build match row: West Ham United Football Club vs Sunderland Association Football Club
[2596706] Could not find attributes for bogdan shust (Volyn Lutsk, 2015)
[2842030] Failed to build match row: FC Rubin Kazan vs AO FK Zenit Sankt-Peterburg
[2735511] Failed to build match row: Football Club Lorient-Bretagne Sud vs Toulouse Football Club
[2596706] Failed to build match row: Volyn Lutsk vs Metalist Kharkiv (- 2016)
[2700267] Could not find attributes for sergey veremko (BATE Borisov, 2016)
[2700267] Failed to build match row: BATE Borisov vs SJK Seinäjoki
[2466866] Could not find attributes for jander (Gil Vicente Futebol Clube, 2014)
[3203689] Could not find attributes for melayro bogarde (Turn- und Sportgemeinschaft 1899 Hoffenheim Fußball-Spielbetriebs, 2019)
[2466866] Failed to build match row: Gil Vicente Futebol Clube vs Grupo Desportivo Estoril Praia
[2359368] Failed to scrape lineup: https://www.transfermarkt.co.uk/hellas-verona_ss-lazio/index/spielbericht/2359368
[3203689] Failed to build match row: 1. Fußball- und Sportverein Mainz 05 vs Turn- und Sportgemeinschaft 1899 Hoffenheim Fußball-Spielbetriebs
[3252152] Could not find attributes for diego costa (Club Atlético de Madrid S.A.D., 2019)
[3252152] Failed to build match row: Club Atlético de Madrid S.A.D. vs Juventus Football Club
[2557620] Failed to scrape lineup: https://www.transfermarkt.co.uk/celtic-fc_inverness-caledonian-thistle-fc/index/spielbericht/2557620
[3219241] Could not find attributes for robert snodgrass (West Ham United Football Club, 2019)
[3219241] Failed to build match row: West Ham United Football Club vs Everton Football Club
[2888314] Could not find attributes for yassin ayoub (Football Club Utrecht, 2017)
[2888314] Failed to build match row: Football Club Utrecht vs Vitesse Arnhem

Keepers & outfield error for **Football Club de Metz** in Football Club de Metz vs Stade Reims: Numbers: 0 and 11.
[3394590] Failed to build match row: Football Club de Metz vs Stade Reims
[2720804] Failed to scrape lineup: https://www.transfermarkt.co.uk/sl-benfica_cd-feirense/index/spielbericht/2720804
[2496907] Failed to scrape lineup: https://www.transfermarkt.co.uk/spielbericht/index/spielbericht/2496907
[2581377] Could not find attributes for frederik tingager (Odense Boldklub, 2015)
[2581377] Failed to build match row: Odense Boldklub vs Hobro IK

Keepers & outfield error for **KAS Eupen** in KAS Eupen vs Royal Antwerp Football Club: Numbers: 2 and 9.
[2704580] Failed to scrape lineup: https://www.transfermarkt.co.uk/1-fsv-mainz-05_fc-schalke-04/index/spielbericht/2704580
[2933536] Failed to build match row: KAS Eupen vs Royal Antwerp Football Club

Keepers & outfield error for **Córdoba CF** in Villarreal Club de Fútbol S.A.D. vs Córdoba CF: Numbers: 0 and 11.
[2475492] Failed to build match row: Villarreal Club de Fútbol S.A.D. vs Córdoba CF
[2668511] Could not find attributes for georgios galitsios (KSC Lokeren (- 2020), 2015)
[2668511] Failed to build match row: St Truiden vs KSC Lokeren (- 2020)
[2370139] Failed to scrape lineup: https://www.transfermarkt.co.uk/spielbericht/index/spielbericht/2370139
[2726563] Could not find attributes for anthony mounier (Bologna Football Club 1909, 2016)
[3211145] Could not find attributes for dmytro chygrynskyi (Athlitiki Enosi Konstantinoupoleos, 2019)
[2726563] Failed to build match row: Chievo Verona vs Bologna Football Club 1909
[3183695] Could not find attributes for aleksandr belenov (FK Ufa, 2018)

Keepers & outfield error for **CD Leganés** in CD Leganés vs Sevilla Fútbol Club S.A.D.: Numbers: 2 and 9.

Keepers & outfield error for **Verona Hellas Football Club** in Verona Hellas Football Club vs US Avellino 1912: Numbers: 0 and 11.
[2872068] Could not find attributes for paul jaeckel (Verein für Leibesübungen Wolfsburg, 2017)
[3211145] Failed to build match row: Athlitiki Enosi Konstantinoupoleos vs Panionios Athens
[3183695] Failed to build match row: FK Ufa vs FC Orenburg
[2993261] Failed to build match row: CD Leganés vs Sevilla Fútbol Club S.A.D.
[2596707] Could not find attributes for denys boyko (Dnipro Dnipropetrovsk (-2020), 2015)
[2905614] Failed to build match row: Verona Hellas Football Club vs US Avellino 1912
[2872068] Failed to build match row: Verein für Leibesübungen Wolfsburg vs Fußball-Club Augsburg 1907
[2596707] Failed to build match row: Dnipro Dnipropetrovsk (-2020) vs Futbolniy Klub Dynamo Kyiv
[2882174] Failed to scrape lineup: https://www.transfermarkt.co.uk/spielbericht/index/spielbericht/2882174
[2764465] Could not find attributes for periklis georgantzas (Anagennisi Karditsa, 2016)
[2764465] Failed to build match row: Anagennisi Karditsa vs AOK Kerkyra

Keepers & outfield error for **Wolverhampton Wanderers Football Club** in Manchester United Football Club vs Wolverhampton Wanderers Football Club: Numbers: 0 and 11.
[2897515] Could not find attributes for bacary sagna (Benevento Calcio, 2017)
[3219242] Failed to build match row: Manchester United Football Club vs Wolverhampton Wanderers Football Club
[2897515] Failed to build match row: Benevento Calcio vs Udinese Calcio
[2735512] Could not find attributes for lukas pokorny (Montpellier HSC, 2016)
Not enough players found for lineup: 0, 0.
[2466867] Could not find attributes for pintassilgo (Futebol Clube de Arouca, 2014)
[2334961] Failed to scrape lineup: https://www.transfermarkt.co.uk/st-johnstone-fc_motherwell-fc/index/spielbericht/2334961
[2618564] Could not find attributes for nemanja maksimovic (FC Astana, 2015)
[2340437] Failed to scrape lineup: https://www.transfermarkt.co.uk/rio-ave-fc_cf-os-belenenses/index/spielbericht/2340437
[2735512] Failed to build match row: Montpellier HSC vs Association sportive de Monaco Football Club
[3096323] Could not find attributes for dmitriy khomich (FC Khimki (-2025), 2018)
[2466867] Failed to build match row: Futebol Clube de Arouca vs Futebol Clube do Porto
[2618564] Failed to build match row: FC Astana vs Galatasaray Spor Kulübü
[3122175] Failed to scrape lineup: https://www.transfermarkt.co.uk/anzhi-makhachkala-2022-_spartak-moscow/index/spielbericht/3122175
[2329897] Failed to scrape lineup: https://www.transfermarkt.co.uk/kv-oostende_lierse-sk-2018-/index/spielbericht/2329897

Keepers & outfield error for **CD Puertollano** in CD Puertollano vs CD Teruel: Numbers: 3 and 8.
[3096323] Failed to build match row: FC Khimki (-2025) vs FC Rubin Kazan
[3050396] Could not find attributes for moussa sissoko (Tottenham Hotspur Football Club, 2018)
[3203690] Could not find attributes for florian wirtz (Bayer 04 Leverkusen Fußball, 2019)
[2481206] Failed to build match row: CD Puertollano vs CD Teruel
[3050396] Failed to build match row: Tottenham Hotspur Football Club vs Watford FC
[3203690] Failed to build match row: Sport-Club Freiburg vs Bayer 04 Leverkusen Fußball
[2589037] Could not find attributes for wout brama (Prins Hendrik Ende Desespereert Nimmer Combinatie Zwolle, 2015)
[2933537] Could not find attributes for carlinhos (Royal Standard Club de Liège, 2017)
[3076248] Could not find attributes for orest budyuk (Arsenal Kyiv, 2018)
[2589037] Failed to build match row: Eindhovense Voetbalvereniging Philips Sport Vereniging vs Prins Hendrik Ende Desespereert Nimmer Combinatie Zwolle
[2459607] Could not find attributes for joris mathijsen (Feyenoord Rotterdam, 2014)
[2933537] Failed to build match row: Royal Standard Club de Liège vs KV Oostende
[2581378] Could not find attributes for filip novak (Fodbold Club Midtjylland, 2015)
[3076248] Failed to build match row: Arsenal Kyiv vs Olimpik Donetsk
[2720805] Could not find attributes for kamran agayev (Boavista FC, 2016)
[2607131] Could not find attributes for francesco rampi (AC Reggiana 1919, 2015)
[2720805] Failed to build match row: Boavista FC vs Moreirense Futebol Clube
[2459607] Failed to build match row: Feyenoord Rotterdam vs Football Club Utrecht
[2581378] Failed to build match row: Fodbold Club Midtjylland vs Sønderjyske Fodbold
[3229171] Failed to scrape lineup: https://www.transfermarkt.co.uk/as-roma_genoa-cfc/index/spielbericht/3229171
[2607131] Failed to build match row: AC Perugia Calcio vs AC Reggiana 1919

Keepers & outfield error for **SV Darmstadt 98** in Verein für Leibesübungen Wolfsburg vs SV Darmstadt 98: Numbers: 2 and 9.
[2700268] Could not find attributes for christopher rasmus nilsson telo (IFK Norrköping, 2016)
[2700268] Failed to build match row: Rosenborg Ballklub vs IFK Norrköping
[2370140] Could not find attributes for vitaliy astakhov (FC Orenburg, 2013)
[2704581] Failed to build match row: Verein für Leibesübungen Wolfsburg vs SV Darmstadt 98
[2636238] Could not find attributes for sean mcginty (Aldershot Town, 2015)
[2636238] Failed to build match row: Aldershot Town vs Bradford City
[2346021] Could not find attributes for milan borjan (Sivasspor, 2013)
[2346021] Failed to build match row: Sivasspor vs Konyaspor
[2596708] Could not find attributes for roman mysak (Karpaty Lviv (-2021), 2015)
[2596708] Failed to build match row: Karpaty Lviv (-2021) vs Chornomorets Odesa

Keepers & outfield error for **Mönchengladbach** in Mönchengladbach vs Sport-Club Freiburg: Numbers: 2 and 9.
[2321173] Failed to build match row: Mönchengladbach vs Sport-Club Freiburg

Keepers & outfield error for **Società Sportiva Lazio S.p.A.** in Società Sportiva Lazio S.p.A. vs Atalanta Bergamasca Calcio S.p.a.: Numbers: 2 and 9.
[2897516] Failed to build match row: Società Sportiva Lazio S.p.A. vs Atalanta Bergamasca Calcio S.p.a.
[3063623] Could not find attributes for mikkel wohlgemuth (Vendsyssel FF, 2018)
[3063623] Failed to build match row: Randers Fodbold Club vs Vendsyssel FF
[2933538] Failed to scrape lineup: https://www.transfermarkt.co.uk/zulte-waregem_krc-genk/index/spielbericht/2933538
[2340438] Failed to scrape lineup: https://www.transfermarkt.co.uk/fc-arouca_vitoria-guimaraes-sc/index/spielbericht/2340438
[3050397] Failed to scrape lineup: https://www.transfermarkt.co.uk/brighton-amp-hove-albion_watford-fc/index/spielbericht/3050397
[2517326] Could not find attributes for claude dielna (Sheffield Wednesday, 2014)
[2517326] Failed to build match row: Manchester City Football Club vs Sheffield Wednesday

Keepers & outfield error for **FC Shakhtar Donetsk** in FC Shakhtar Donetsk vs Paris Saint-Germain Football Club: Numbers: 2 and 9.
[2618565] Failed to build match row: FC Shakhtar Donetsk vs Paris Saint-Germain Football Club
[2486770] Failed to scrape lineup: https://www.transfermarkt.co.uk/burnley-fc_tottenham-hotspur/index/spielbericht/2486770
[3081050] Failed to scrape lineup: https://www.transfermarkt.co.uk/uc-sampdoria_us-sassuolo/index/spielbericht/3081050
[2669156] Failed to scrape lineup: https://www.transfermarkt.co.uk/spielbericht/index/spielbericht/2669156
[3229172] Failed to scrape lineup: https://www.transfermarkt.co.uk/uc-sampdoria_ss-lazio/index/spielbericht/3229172
[2993263] Failed to scrape lineup: https://www.transfermarkt.co.uk/spielbericht/index/spielbericht/2993263
[3076249] Could not find attributes for sergiy sitalo (Arsenal Kyiv, 2018)
[3076249] Failed to build match row: Arsenal Kyiv vs Futbolniy Klub Dynamo Kyiv
[3203691] Failed to scrape lineup: https://www.transfermarkt.co.uk/fc-schalke-04_sv-werder-bremen/index/spielbericht/3203691
[2475494] Could not find attributes for loukas vyntra (Levante Unión Deportiva S.A.D., 2014)
[2905615] Could not find attributes for giulio parodi (Pordenone Calcio, 2017)
[2475494] Failed to build match row: Levante Unión Deportiva S.A.D. vs Espanol
[3394592] Failed to scrape lineup: https://www.transfermarkt.co.uk/olympique-marseille_losc-lille/index/spielbericht/3394592
[2905615] Failed to build match row: Pordenone Calcio vs Unione Sportiva Lecce

Keepers & outfield error for **FC Crotone** in FC Crotone vs Feralpisalò: Numbers: 2 and 9.
[2607132] Failed to build match row: FC Crotone vs Feralpisalò
[2882175] Could not find attributes for valentins ralkevics (FK Liepaja, 2017)
[2581379] Could not find attributes for moussa maazou (Randers Fodbold Club, 2015)
Not enough players found for lineup: 0, 0.
[2882175] Failed to build match row: FK Liepaja vs FK Suduva Marijampole

Keepers & outfield error for **SPAL** in SPAL vs Benevento Calcio: Numbers: 2 and 9.
[2842032] Could not find attributes for mario fernandes (PFK CSKA Moskva, 2016)
[2340439] Failed to scrape lineup: https://www.transfermarkt.co.uk/academica-coimbra_cs-maritimo/index/spielbericht/2340439
[2618566] Failed to scrape lineup: https://www.transfermarkt.co.uk/spielbericht/index/spielbericht/2618566
[2581379] Failed to build match row: Viborg Fodsports Forening vs Randers Fodbold Club

Keepers & outfield error for **Genoa Cricket and Football Club** in Genoa Cricket and Football Club vs Associazione Calcio Milan: Numbers: 2 and 9.
[2700269] Could not find attributes for gunnar nielsen (FH Hafnarfjördur, 2016)
[2726565] Failed to build match row: Genoa Cricket and Football Club vs Associazione Calcio Milan
[2596709] Could not find attributes for oleksandr tkachenko (Vorskla Poltava, 2015)
[2700269] Failed to build match row: Dundalk FC vs FH Hafnarfjördur
[3050398] Could not find attributes for danny ings (Southampton FC, 2018)
[3096324] Could not find attributes for artur anisimov (FK Nizhny Novgorod, 2018)
[3050398] Failed to build match row: Burnley Football Club vs Southampton FC
[2596709] Failed to build match row: Vorskla Poltava vs FC Shakhtar Donetsk
[3219244] Could not find attributes for federico fernandez (Newcastle United Football Club, 2019)
[3219244] Failed to build match row: Everton Football Club vs Newcastle United Football Club
[3096324] Failed to build match row: FK Nizhny Novgorod vs FK Ufa
[2888317] Could not find attributes for theo zwarthoed (Excelsior Rotterdam, 2017)
[2933539] Could not find attributes for jelle vossen (Club Brugge Koninklijke Voetbalvereniging, 2017)
[2888317] Failed to build match row: Excelsior Rotterdam vs ADO Den Haag
[2933539] Failed to build match row: Club Brugge Koninklijke Voetbalvereniging vs SK Beveren

Keepers & outfield error for **Liverpool Football Club** in Società Sportiva Calcio Napoli vs Liverpool Football Club: Numbers: 0 and 11.
[3252155] Failed to build match row: Società Sportiva Calcio Napoli vs Liverpool Football Club

Keepers & outfield error for **SPAL** in SPAL vs Atalanta Bergamasca Calcio S.p.a.: Numbers: 0 and 11.
[2872069] Could not find attributes for julian korb (Hannover 96, 2017)
[2346022] Could not find attributes for mert gunok (Fenerbahçe Spor Kulübü, 2013)
[2517327] Could not find attributes for james curtis (Gateshead FC, 2014)
[3229173] Failed to build match row: SPAL vs Atalanta Bergamasca Calcio S.p.a.
[2872069] Failed to build match row: Verein für Bewegungsspiele Stuttgart 1893 vs Hannover 96
[2517327] Failed to build match row: West Bromwich Albion vs Gateshead FC
[2481207] Could not find attributes for inigo romera (UE Cornellà, 2014)
[2346022] Failed to build match row: Fenerbahçe Spor Kulübü vs Eskisehirspor
[3081051] Could not find attributes for valon behrami (Udinese Calcio, 2018)
[2481207] Failed to build match row: UE Cornellà vs Real Jaén CF
[3081051] Failed to build match row: Udinese Calcio vs Società Sportiva Calcio Napoli
[2764466] Could not find attributes for anestis anastasiadis (PAS Lamia 1964, 2016)
[2370141] Could not find attributes for aleksandr dovbnya (Luch Vladivostok, 2013)
[2370141] Failed to build match row: Luch Vladivostok vs FC Rubin Kazan
[2994176] Could not find attributes for mounir el hamdaoui (Football Club Twente, 2017)
[2764466] Failed to build match row: PAS Lamia 1964 vs Athlitiki Enosi Konstantinoupoleos
[3076250] Failed to scrape lineup: https://www.transfermarkt.co.uk/desna-chernigiv_vorskla-poltava/index/spielbericht/3076250

Keepers & outfield error for **Vejle Boldklub** in Vejle Boldklub vs Esbjerg fB: Numbers: 2 and 9.
[2994176] Failed to build match row: Football Club Twente vs SC Cambuur Leeuwarden
[2897518] Failed to scrape lineup: https://www.transfermarkt.co.uk/juventus-fc_bologna-fc-1909/index/spielbericht/2897518
[2704582] Could not find attributes for matthias lehmann (1. Fußball-Club Köln, 2016)
[2735513] Could not find attributes for younes belhanda (Olympique Gymnaste Club Nice Côte d'Azur, 2016)
[3063625] Failed to build match row: Vejle Boldklub vs Esbjerg fB
[2486772] Failed to scrape lineup: https://www.transfermarkt.co.uk/crystal-palace_manchester-city/index/spielbericht/2486772
Not enough players found for lineup: 0, 11.
[2735513] Failed to build match row: Olympique Gymnaste Club Nice Côte d'Azur vs AS Saint-Étienne
[3203693] Failed to scrape lineup: https://www.transfermarkt.co.uk/sc-paderborn-07_borussia-dortmund/index/spielbericht/3203693
[2704582] Failed to build match row: 1. Fußball-Club Köln vs Hertha BSC

Keepers & outfield error for **Clube Desportivo Nacional** in Clube Desportivo Nacional vs Futebol Clube do Porto: Numbers: 0 and 11.
[2340440] Failed to scrape lineup: https://www.transfermarkt.co.uk/rio-ave-fc_fc-porto/index/spielbericht/2340440
[2720807] Failed to build match row: Clube Desportivo Nacional vs Futebol Clube do Porto
[2466868] Could not find attributes for gouveia (Boavista FC, 2014)
[2466868] Failed to build match row: Boavista FC vs FC Paços de Ferreira
[3096325] Could not find attributes for maksim schastlivtsev (Sakhalin Yuzhno-Sakhalinsk, 2018)
[3096325] Failed to build match row: Sakhalin Yuzhno-Sakhalinsk vs Arsenal Tula
[2669157] Could not find attributes for vasilios lampropoulos (Athlitiki Enosi Konstantinoupoleos, 2015)
[2872070] Failed to scrape lineup: https://www.transfermarkt.co.uk/borussia-dortmund_bayer-04-leverkusen/index/spielbericht/2872070
[2669157] Failed to build match row: Athlitiki Enosi Konstantinoupoleos vs APS Atromitos Athinon
[2596710] Could not find attributes for artur rudko (Goverla Uzhgorod (- 2016), 2015)
[2888318] Could not find attributes for mohammed el hankouri (Willem II Tilburg, 2017)
[2888318] Failed to build match row: Football Club Twente vs Willem II Tilburg
[2596710] Failed to build match row: Goverla Uzhgorod (- 2016) vs Metalurg Zaporizhya (-2016)
[2933540] Could not find attributes for jakov filipovic (KSC Lokeren (- 2020), 2017)
[2933540] Failed to build match row: KSC Lokeren (- 2020) vs Koninklijke Atletiek Associatie Gent
[2359371] Could not find attributes for tiberio guarente (Catania FC, 2013)
[2359371] Failed to build match row: Associazione Sportiva Roma vs Catania FC
[2764467] Could not find attributes for panagiotis dounis (Athens Kallithea, 2016)
[3394594] Failed to scrape lineup: https://www.transfermarkt.co.uk/montpellier-hsc_angers-sco/index/spielbericht/3394594
[2735514] Failed to scrape lineup: https://www.transfermarkt.co.uk/olympique-marseille_ea-guingamp/index/spielbericht/2735514
[2764467] Failed to build match row: Athens Kallithea vs Panetolikos Agrinio
[2897519] Failed to scrape lineup: https://www.transfermarkt.co.uk/chievo-verona_fc-crotone/index/spielbericht/2897519
[3076251] Could not find attributes for vyacheslav checher (FC Zorya Lugansk, 2018)
[3076251] Failed to build match row: FC Zorya Lugansk vs PFK Lviv
[2581381] Could not find attributes for david boysen (Brøndby Idrætsforening, 2015)
[2882176] Could not find attributes for boris kleyman (Beitar Jerusalem, 2017)
[2700270] Could not find attributes for sean oneill (Crusaders FC, 2016)

Keepers & outfield error for **Parma Calcio 1913** in Atalanta Bergamasca Calcio S.p.a. vs Parma Calcio 1913: Numbers: 2 and 9.
[2842033] Could not find attributes for vladimir gabulov (Arsenal Tula, 2016)
[2581381] Failed to build match row: Brøndby Idrætsforening vs Viborg Fodsports Forening
[2882176] Failed to build match row: Beitar Jerusalem vs Botev Plovdiv

Keepers & outfield error for **Granada CF** in Granada CF vs Sevilla Fútbol Club S.A.D.: Numbers: 0 and 11.
[2321175] Failed to scrape lineup: https://www.transfermarkt.co.uk/hannover-96_eintracht-frankfurt/index/spielbericht/2321175
[3081052] Failed to build match row: Atalanta Bergamasca Calcio S.p.a. vs Parma Calcio 1913
[2700270] Failed to build match row: Crusaders FC vs Football Club København

[2842033] Failed to build match row: Arsenal Tula vs Tom Tomsk
[2720808] Could not find attributes for fabio sturgeon (CF Os Belenenses, 2016)
[2720808] Failed to build match row: GD Chaves vs CF Os Belenenses
[2669159] Could not find attributes for vasilios barkas (APS Atromitos Athinon, 2015)

Keepers & outfield error for **Fußball-Club Augsburg 1907** in Fußball-Club Augsburg 1907 vs Sport-Club Freiburg: Numbers: 2 and 9.
[2558358] Could not find attributes for artem putivtsev (Metalurg Donetsk (- 2015), 2014)
[2994177] Could not find attributes for terell ondaan (Prins Hendrik Ende Desespereert Nimmer Combinatie Zwolle, 2017)
[2669159] Failed to build match row: APS Atromitos Athinon vs Athlitiki Enosi Konstantinoupoleos
[2704583] Failed to build match row: Fußball-Club Augsburg 1907 vs Sport-Club Freiburg
[2558358] Failed to build match row: Metalurg Donetsk (- 2015) vs Goverla Uzhgorod (- 2016)
[3203694] Could not find attributes for vladimir darida (Hertha BSC, 2019)
[2994177] Failed to build match row: Alkmaar Zaanstreek vs Prins Hendrik Ende Desespereert Nimmer Combinatie Zwolle
[3203694] Failed to build match row: Borussia Dortmund vs Hertha BSC

Keepers & outfield error for **Clube Desportivo Nacional** in Clube Desportivo Nacional vs Académica Coimbra: Numbers: 0 and 11.
[2466869] Failed to build match row: Clube Desportivo Nacional vs Académica Coimbra
[2933604] Could not find attributes for egor generalov (Dinamo St. Petersburg (-2018), 2017)
[2933604] Failed to build match row: SKA Khabarovsk vs Dinamo St. Petersburg (-2018)
[2636240] Could not find attributes for donald love (Wigan Athletic, 2015)
[2636240] Failed to build match row: Bury FC vs Wigan Athletic
[2496908] Could not find attributes for rick van der burg (Rijnsburgse Boys, 2014)
[2496908] Failed to build match row: Rijnsburgse Boys vs Sparta Rotterdam
[2888319] Could not find attributes for romeo castelen (VVV-Venlo, 2017)
[2370142] Could not find attributes for aleksandr agapov (SKA Khabarovsk, 2013)
[2888319] Failed to build match row: Eindhovense Voetbalvereniging Philips Sport Vereniging vs VVV-Venlo
[2735515] Failed to build match row: Olympique Lyonnais vs AS Nancy-Lorraine
[2370142] Failed to build match row: SKA Khabarovsk vs Volga Nizhniy Novgorod (- 2016)
[2872071] Failed to scrape lineup: https://www.transfermarkt.co.uk/rb-leipzig_tsg-1899-hoffenheim/index/spielbericht/2872071
[3283234] Could not find attributes for george higgins (CF Lorca Deportiva, 2019)
[2607133] Could not find attributes for simone tascone (Ternana Calcio, 2015)
[2704584] Failed to scrape lineup: https://www.transfermarkt.co.uk/sv-werder-bremen_rb-leipzig/index/spielbericht/2704584
[3283234] Failed to build match row: CF Lorca Deportiva vs Club Atlético Osasuna
[3096326] Could not find attributes for evgeniy malofeev (Luki-Energia Velikie Luki, 2018)
[2607133] Failed to build match row: Ternana Calcio vs Bassano Virtus 55 ST
[2700271] Could not find attributes for jonathan joubert (F91 Dudelange, 2016)
[2720809] Could not find attributes for lionn (Rio Ave Futebol Clube, 2016)
[3096326] Failed to build match row: Luki-Energia Velikie Luki vs Enisey Krasnoyarsk

Keepers & outfield error for **UC Sampdoria** in UC Sampdoria vs Parma Calcio 1913: Numbers: 0 and 11.
[2589038] Could not find attributes for ron vlaar (Alkmaar Zaanstreek, 2015)
[2700271] Failed to build match row: F91 Dudelange vs Qarabağ FK
[2720809] Failed to build match row: Rio Ave Futebol Clube vs Grupo Desportivo Estoril Praia
[2359372] Failed to build match row: UC Sampdoria vs Parma Calcio 1913
[2486774] Could not find attributes for kasper schmeichel (Leicester City, 2014)
[2589038] Failed to build match row: Alkmaar Zaanstreek vs Football Club Utrecht
[2486774] Failed to build match row: Leicester City vs West Ham United Football Club
[2517328] Could not find attributes for peter jeffries (Blyth Spartans, 2014)
[2933605] Failed to scrape lineup: https://www.transfermarkt.co.uk/spielbericht/index/spielbericht/2933605
[2735516] Failed to scrape lineup: https://www.transfermarkt.co.uk/paris-saint-germain_losc-lille/index/spielbericht/2735516

Keepers & outfield error for **Grupo Desportivo Estoril Praia** in Grupo Desportivo Estoril Praia vs CF Os Belenenses: Numbers: 3 and 8.
[2517328] Failed to build match row: Blyth Spartans vs Birmingham City
[2466870] Failed to build match row: Grupo Desportivo Estoril Praia vs CF Os Belenenses
[2581382] Could not find attributes for filip novak (Fodbold Club Midtjylland, 2015)
[2558359] Could not find attributes for roman mysak (Karpaty Lviv (-2021), 2014)
[2581382] Failed to build match row: Randers Fodbold Club vs Fodbold Club Midtjylland

Keepers & outfield error for **Rayo Vallecano de Madrid S. A. D.** in Rayo Vallecano de Madrid S. A. D. vs UD Almería: Numbers: 0 and 11.
[2481208] Could not find attributes for kike reguero (UD Somozas, 2014)
[2475497] Failed to build match row: Rayo Vallecano de Madrid S. A. D. vs UD Almería
[2558359] Failed to build match row: Karpaty Lviv (-2021) vs Futbolniy Klub Dynamo Kyiv
[2888320] Could not find attributes for roland baas (Heracles Almelo, 2017)
[2481208] Failed to build match row: UD Somozas vs CD Varea
[2888320] Failed to build match row: Vitesse Arnhem vs Heracles Almelo
Not enough players found for lineup: 0, 0.
[2370315] Failed to scrape lineup: https://www.transfermarkt.co.uk/spielbericht/index/spielbericht/2370315
[2872072] Failed to scrape lineup: https://www.transfermarkt.co.uk/1-fc-koln_fc-schalke-04/index/spielbericht/2872072
[2905618] Failed to scrape lineup: https://www.transfermarkt.co.uk/spielbericht/index/spielbericht/2905618
[3096438] Failed to scrape lineup: https://www.transfermarkt.co.uk/spielbericht/index/spielbericht/3096438
[3081053] Failed to scrape lineup: https://www.transfermarkt.co.uk/cagliari-calcio_chievo-verona/index/spielbericht/3081053

Keepers & outfield error for **Sporting Clube de Portugal** in Sporting Clube de Portugal vs FC Paços de Ferreira: Numbers: 0 and 11.
[3219247] Could not find attributes for danny ings (Southampton FC, 2019)
[2596940] Failed to build match row: Sporting Clube de Portugal vs FC Paços de Ferreira
[3076252] Could not find attributes for maksym kuchynskyi (Karpaty Lviv (-2021), 2018)
[3219247] Failed to build match row: Southampton FC vs Wolverhampton Wanderers Football Club
[3076252] Failed to build match row: Karpaty Lviv (-2021) vs FC Shakhtar Donetsk
[3183696] Could not find attributes for mario fernandes (PFK CSKA Moskva, 2018)

Keepers & outfield error for **Associazione Calcio Fiorentina** in Unione Sportiva Sassuolo Calcio vs Associazione Calcio Fiorentina: Numbers: 0 and 11.
[3183696] Failed to build match row: PFK CSKA Moskva vs RFK Akhmat Grozny
[2933606] Could not find attributes for oleg smirnov (PFK Tambov (-2021), 2017)
[2359373] Failed to build match row: Unione Sportiva Sassuolo Calcio vs Associazione Calcio Fiorentina
[2329898] Failed to scrape lineup: https://www.transfermarkt.co.uk/oud-heverlee-leuven_club-brugge-kv/index/spielbericht/2329898

Keepers & outfield error for **FC Paços de Ferreira** in Clube Desportivo de Tondela vs FC Paços de Ferreira: Numbers: 0 and 11.
[2933606] Failed to build match row: PFK Tambov (-2021) vs Avangard Kursk
[2764468] Could not find attributes for konstantinos gintidis (Panthrakikos Komotini, 2016)
[2720810] Failed to build match row: Clube Desportivo de Tondela vs FC Paços de Ferreira
[2842034] Could not find attributes for stanislav dragun (FC Orenburg, 2016)
[2882177] Could not find attributes for tomislav puljic (FC Vaduz, 2017)
[3063628] Failed to scrape lineup: https://www.transfermarkt.co.uk/fc-nordsjaelland_sonderjyske/index/spielbericht/3063628
[2764468] Failed to build match row: Panthrakikos Komotini vs APS Atromitos Athinon
[2842034] Failed to build match row: FK Spartak Moskva vs FC Orenburg
[3122176] Could not find attributes for anton shunin (FK Dinamo Moskva, 2018)
[3211146] Could not find attributes for nikolaos papadopoulos (A.G.S Asteras Tripolis, 2019)

Keepers & outfield error for **Celta** in SD Eibar vs Celta: Numbers: 0 and 11.
[2669211] Could not find attributes for andrea paroni (Virtus Entella, 2013)
[2882177] Failed to build match row: FC Vaduz vs Odds BK
[3122176] Failed to build match row: FK Dinamo Moskva vs Ural Yekaterinburg
[2475498] Failed to build match row: SD Eibar vs Celta
[3211146] Failed to build match row: A.G.S Asteras Tripolis vs Athlitiki Enosi Larisas
[3229175] Could not find attributes for mato jajalo (Udinese Calcio, 2019)

Keepers & outfield error for **Sporting Clube de Braga** in Sporting Clube de Braga vs Sport Lisboa e Benfica: Numbers: 2 and 9.
[3229175] Failed to build match row: Udinese Calcio vs Associazione Calcio Milan
[2558360] Could not find attributes for sergiy pogorilyi (Metalist Kharkiv (- 2016), 2014)
[2888321] Could not find attributes for yassin ayoub (Football Club Utrecht, 2017)
[2466871] Failed to build match row: Sporting Clube de Braga vs Sport Lisboa e Benfica
[2669211] Failed to build match row: Virtus Entella vs AS Gualdo Casacastalda
[2888321] Failed to build match row: Sportclub Heerenveen vs Football Club Utrecht
[2496909] Could not find attributes for sven taberima (SV Spakenburg, 2014)
[2558360] Failed to build match row: Metalist Kharkiv (- 2016) vs FK Mariupol
[2636241] Could not find attributes for shwan jalal (Macclesfield Town FC, 2015)
[2872073] Could not find attributes for paul jaeckel (Verein für Leibesübungen Wolfsburg, 2017)
Not enough players found for lineup: 11, 0.
[2496909] Failed to build match row: SV Spakenburg vs Nooit Opgeven Altijd Doorzetten Aangenaam Door Vermaak En Nuttig Door Ontspanning Combinatie Breda
[3081054] Could not find attributes for luca antonelli (FC Empoli, 2018)
[2334963] Could not find attributes for vangelis ikonomou (Ross County FC, 2013)
[2636241] Failed to build match row: Portsmouth FC vs Macclesfield Town FC
[2872073] Failed to build match row: Mönchengladbach vs Verein für Leibesübungen Wolfsburg
[2346023] Could not find attributes for ramazan kose (Gençlerbirliği Spor Kulübü, 2013)
[2334963] Failed to build match row: Hibernian Football Club vs Ross County FC
[3081054] Failed to build match row: FC Empoli vs Juventus Football Club
[2370535] Failed to scrape lineup: https://www.transfermarkt.co.uk/spielbericht/index/spielbericht/2370535
[2346023] Failed to build match row: Gençlerbirliği Spor Kulübü vs Akhisarspor
[2581383] Could not find attributes for frederik tingager (Odense Boldklub, 2015)
[2618569] Failed to scrape lineup: https://www.transfermarkt.co.uk/spielbericht/index/spielbericht/2618569
[2581383] Failed to build match row: Sønderjyske Fodbold vs Odense Boldklub

Keepers & outfield error for **Juventus Football Club** in Juventus Football Club vs UC Sampdoria: Numbers: 0 and 11.
[3050402] Failed to scrape lineup: https://www.transfermarkt.co.uk/everton-fc_wolverhampton-wanderers/index/spielbericht/3050402
[2340442] Failed to scrape lineup: https://www.transfermarkt.co.uk/vitoria-setubal-fc_sl-benfica/index/spielbericht/2340442
[2726567] Failed to build match row: Juventus Football Club vs UC Sampdoria
[3183697] Could not find attributes for sergey ryzhikov (PFK Krylya Sovetov Samara, 2018)
[3076253] Could not find attributes for sergiy litovchenko (Chornomorets Odesa, 2018)

Keepers & outfield error for **Wolverhampton Wanderers Football Club** in Wolverhampton Wanderers Football Club vs Liverpool Football Club: Numbers: 0 and 11.
[3183697] Failed to build match row: PFK Krylya Sovetov Samara vs FK Spartak Moskva
[3076253] Failed to build match row: Chornomorets Odesa vs FK Mariupol
[3219248] Failed to build match row: Wolverhampton Wanderers Football Club vs Liverpool Football Club
[3211147] Could not find attributes for balazs megyeri (APS Atromitos Athinon, 2019)
[3211147] Failed to build match row: APS Atromitos Athinon vs Aris Thessalonikis

Keepers & outfield error for **Vitória Setúbal FC** in Vitória Setúbal FC vs CS Marítimo: Numbers: 0 and 11.
[2720811] Failed to build match row: Vitória Setúbal FC vs CS Marítimo
[2905619] Could not find attributes for tommaso silvestri (Trapani Calcio, 2017)
[2905619] Failed to build match row: Torino Calcio vs Trapani Calcio
[3122177] Failed to scrape lineup: https://www.transfermarkt.co.uk/fk-krasnodar_fk-ufa/index/spielbericht/3122177

Keepers & outfield error for **Moreirense Futebol Clube** in Moreirense Futebol Clube vs Gil Vicente Futebol Clube: Numbers: 3 and 8.
[2466872] Failed to build match row: Moreirense Futebol Clube vs Gil Vicente Futebol Clube

Keepers & outfield error for **Aarhus Gymnastik Forening** in Esbjerg fB vs Aarhus Gymnastik Forening: Numbers: 0 and 11.
[3063629] Failed to build match row: Esbjerg fB vs Aarhus Gymnastik Forening
[2486776] Failed to scrape lineup: https://www.transfermarkt.co.uk/sunderland-afc_newcastle-united/index/spielbericht/2486776
[2558361] Could not find attributes for Zauri Makharadze (Olimpik Donetsk, 2014)
[2558361] Failed to build match row: Olimpik Donetsk vs Volyn Lutsk
Not enough players found for lineup: 0, 11.
[2496910] Failed to scrape lineup: https://www.transfermarkt.co.uk/spielbericht/index/spielbericht/2496910

Keepers & outfield error for **Genoa Cricket and Football Club** in Genoa Cricket and Football Club vs Udinese Calcio: Numbers: 2 and 9.
[3081055] Failed to build match row: Genoa Cricket and Football Club vs Udinese Calcio
[2359374] Failed to scrape lineup: https://www.transfermarkt.co.uk/torino-fc_chievo-verona/index/spielbericht/2359374
[2842035] Failed to scrape lineup: https://www.transfermarkt.co.uk/fc-rostov_fc-krasnodar/index/spielbericht/2842035
[2735518] Failed to scrape lineup: https://www.transfermarkt.co.uk/angers-sco_stade-renna[3252157] Could not find attributes for ansu fati (Futbol Club Barcelona, 2019)
[2704586] Failed to scrape lineup: https://www.transfermarkt.co.uk/eintracht-frankfurt_hamburger-sv/index/spielbericht/2704586
[3096439] Failed to build match row: SV Wehen Wiesbaden vs Hamburger Sport Verein
[3252157] Failed to build match row: Borussia Dortmund vs Futbol Club Barcelona
[2334964] Could not find attributes for marian kello (Saint Mirren Football Club, 2013)
[2334964] Failed to build match row: Saint Mirren Football Club vs Aberdeen Football Club

Keepers & outfield error for **Boavista FC** in Boavista FC vs Clube Desportivo de Tondela: Numbers: 3 and 8.
[2596942] Failed to build match row: Boavista FC vs Clube Desportivo de Tondela
Not enough players found for lineup: 11, 0.
[2700272] Could not find attributes for vujadin savic (FC Sheriff Tiraspol, 2016)
[2370536] Failed to scrape lineup: https://www.transfermarkt.co.uk/spielbericht/index/spielbericht/2370536
[2700272] Failed to build match row: FC Sheriff Tiraspol vs Hapoel Beer Sheva
[2581384] Could not find attributes for wilfried domoraud (Hobro IK, 2015)
[3183698] Could not find attributes for yaroslav godzyur (Ural Yekaterinburg, 2018)
[2581384] Failed to build match row: Hobro IK vs Football Club København
[2933607] Failed to scrape lineup: https://www.transfermarkt.co.uk/spielbericht/index/spielbericht/2933607
[3183698] Failed to build match row: Ural Yekaterinburg vs Футбольный клуб "Локомотив" Москва
[2475499] Could not find attributes for marcos angeleri (Málaga CF, 2014)
[2607134] Could not find attributes for luca tedeschi (Cosenza Calcio, 2015)
[3394596] Could not find attributes for aimen moueffek (AS Saint-Étienne, 2020)
[2475499] Failed to build match row: Real Madrid Club de Fútbol vs Málaga CF
[2607134] Failed to build match row: LR Vicenza vs Cosenza Calcio
[2882179] Could not find attributes for dmytro bezotosnyi (FK Qabala, 2017)
[3394596] Failed to build match row: Football Club de Nantes vs AS Saint-Étienne
[3076254] Could not find attributes for kostyantyn makhnovskyi (Olimpik Donetsk, 2018)

Keepers & outfield error for **Vitória Setúbal FC** in Vitória Setúbal FC vs Vitória Sport Clube: Numbers: 3 and 8.

Keepers & outfield error for **Football Club Internazionale Milano S.p.A.** in Udinese Calcio vs Football Club Internazionale Milano S.p.A.: Numbers: 2 and 9.
[3076254] Failed to build match row: Olimpik Donetsk vs FC Oleksandriya
[2670079] Could not find attributes for gianluigi donnarumma (Associazione Calcio Milan, 2015)
[2882179] Failed to build match row: FK Qabala vs Jagiellonia-Bialystok Sportowa Spólka Akcyjna
[3211148] Could not find attributes for stergios dimopoulos (Volou Neos Podosferikos Syllogos, 2019)
[2481209] Could not find attributes for urtzi iturrioz (SD Leioa, 2014)
[2897522] Failed to build match row: Udinese Calcio vs Football Club Internazionale Milano S.p.A.
[2558362] Could not find attributes for valeriy yurchuk (Metalurg Zaporizhya (-2016), 2014)
[2481209] Failed to build match row: SD Leioa vs Sestao River
[2670079] Failed to build match row: Associazione Calcio Milan vs Juventus Football Club
[2340443] Could not find attributes for Avto (Gil Vicente Futebol Clube, 2013)
[2466873] Failed to build match row: Vitória Setúbal FC vs Vitória Sport Clube

Keepers & outfield error for **Hull City** in Swansea City vs Hull City: Numbers: 0 and 11.
[3211148] Failed to build match row: Volou Neos Podosferikos Syllogos vs Panathinaikos Athlitikos Omilos
[2340443] Failed to build match row: Gil Vicente Futebol Clube vs Futebol Clube de Arouca
Not enough players found for lineup: 0, 0.
[2558362] Failed to build match row: Metalurg Zaporizhya (-2016) vs FC Zorya Lugansk
[2486777] Failed to build match row: Swansea City vs Hull City
[2496911] Failed to scrape lineup: https://www.transfermarkt.co.uk/spielbericht/index/spielbericht/2496911

Keepers & outfield error for **Fußball-Club Augsburg 1907** in Fußball-Club Augsburg 1907 vs 1. Fußball- und Sportverein Mainz 05: Numbers: 2 and 9.
[2359375] Could not find attributes for jonatan cristaldo (Bologna Football Club 1909, 2013)
[2359375] Failed to build match row: Catania FC vs Bologna Football Club 1909
[2704587] Could not find attributes for gojko kacar (Fußball-Club Augsburg 1907, 2016)
tverein Mainz 05

Keepers & outfield error for **Wolverhampton Wanderers Football Club** in Wolverhampton Wanderers Football Club vs Newcastle United Football Club: Numbers: 0 and 11.
[2764469] Could not find attributes for vasilios fyntikakis (PAE Chania, 2016)
[3219250] Failed to build match row: Wolverhampton Wanderers Football Club vs Newcastle United Football Club
[2764469] Failed to build match row: PAE Chania vs APO Levadiakos Football Club
[2704587] Failed to build match row: FC Bayern München vs Fußball-Club Augsburg 1907
[3122178] Could not find attributes for branislav ivanovic (AO FK Zenit Sankt-Peterburg, 2018)
[3122178] Failed to build match row: AO FK Zenit Sankt-Peterburg vs FC Rubin Kazan

Keepers & outfield error for **Olympique Lyonnais** in Olympique Lyonnais vs AO FK Zenit Sankt-Peterburg: Numbers: 2 and 9.
[3252158] Failed to build match row: Olympique Lyonnais vs AO FK Zenit Sankt-Peterburg

Keepers & outfield error for **CF Os Belenenses** in CF Os Belenenses vs Sport Lisboa e Benfica: Numbers: 0 and 11.
[2720812] Failed to build match row: CF Os Belenenses vs Sport Lisboa e Benfica

Keepers & outfield error for **SPAL** in Bologna Football Club 1909 vs SPAL: Numbers: 0 and 11.
Not enough players found for lineup: 0, 11.
[3229177] Failed to build match row: Bologna Football Club 1909 vs SPAL
[2346024] Could not find attributes for ibrahim ozturk (Bursaspor, 2013)
[2370537] Failed to scrape lineup: https://www.transfermarkt.co.uk/spielbericht/index/spielbericht/2370537
[3203698] Could not find attributes for yuya osako (Sportverein Werder Bremen von 1899, 2019)
[2346024] Failed to build match row: Bursaspor vs Galatasaray Spor Kulübü
[2636242] Could not find attributes for alex gudger (Worcester City, 2015)
[3063631] Could not find attributes for mikkel wohlgemuth (Vendsyssel FF, 2018)
[3203698] Failed to build match row: Sportverein Werder Bremen von 1899 vs Verein für Leibesübungen Wolfsburg
[3063631] Failed to build match row: Vendsyssel FF vs Football Club København
[2636242] Failed to build match row: Sheffield United vs Worcester City
[3081057] Could not find attributes for albin ekdal (UC Sampdoria, 2018)
[2517331] Could not find attributes for kaspars gorkss (Colchester United, 2014)
[2517331] Failed to build match row: Cardiff City vs Colchester United
[3081057] Failed to build match row: Associazione Calcio Milan vs UC Sampdoria
[2670537] Could not find attributes for darren mcgregor (Hibernian Football Club, 2015)
[2670537] Failed to build match row: Inverness Caledonian Thistle FC vs Hibernian Football Club
[2842216] Could not find attributes for sebastian olsen (Naestved Boldklub, 2016)

Keepers & outfield error for **Mönchengladbach** in Mönchengladbach vs FC Schalke 04: Numbers: 2 and 9.
[2872076] Could not find attributes for matti steinmann (Hamburger Sport Verein, 2017)
[2842216] Failed to build match row: Naestved Boldklub vs Vendsyssel FF
[2321182] Failed to build match row: Mönchengladbach vs FC Schalke 04
[2558363] Could not find attributes for dmitriy nepogodov (Vorskla Poltava, 2014)

Keepers & outfield error for **Sporting Clube de Braga** in Sporting Clube de Braga vs GD Chaves: Numbers: 2 and 9.
[2558363] Failed to build match row: Vorskla Poltava vs Chornomorets Odesa

Keepers & outfield error for **Nooit Opgeven Altijd Doorzetten Aangenaam Door Vermaak En Nuttig Door Ontspanning Combinatie Breda** in Nooit Opgeven Altijd Doorzetten Aangenaam Door Vermaak En Nuttig Door Ontspanning Combinatie Breda vs Roda JC Kerkrade: Numbers: 2 and 9.
[2334966] Could not find attributes for vangelis ikonomou (Ross County FC, 2013)
[2872076] Failed to build match row: Hamburger Sport Verein vs Sport-Club Freiburg

Keepers & outfield error for **Elche Club de Fútbol S.A.D.** in Rayo Vallecano de Madrid S. A. D. vs Elche Club de Fútbol S.A.D.: Numbers: 0 and 11.
[2720813] Failed to build match row: Sporting Clube de Braga vs GD Chaves
[2888324] Failed to build match row: Nooit Opgeven Altijd Doorzetten Aangenaam Door Vermaak En Nuttig Door Ontspanning Combinatie Breda vs Roda JC Kerkrade
[2341002] Failed to build match row: Rayo Vallecano de Madrid S. A. D. vs Elche Club de Fútbol S.A.D.
[2334966] Failed to build match row: Ross County FC vs Saint Mirren Football Club

Keepers & outfield error for **Lorca FC** in Lorca FC vs CF Villanovense: Numbers: 2 and 9.
[3096440] Could not find attributes for julien latendresse levesque (BSG Chemie Leipzig, 2018)
[3211149] Could not find attributes for aristotelis karasalidis (AO Xanthi, 2019)
[3122179] Failed to scrape lineup: https://www.transfermarkt.co.uk/akhmat-grozny_arsenal-tula/index/spielbericht/3122179
[2481210] Failed to build match row: Lorca FC vs CF Villanovense
[3096440] Failed to build match row: BSG Chemie Leipzig vs SC Paderborn 07
[3183699] Could not find attributes for aleksey gritsaenko (Enisey Krasnoyarsk, 2018)

Keepers & outfield error for **Coruxo FC** in Coruxo FC vs CD Mirandés: Numbers: 4 and 7.
[2346025] Could not find attributes for jerry akaminko (Eskisehirspor, 2013)
[3211149] Failed to build match row: Panthessalonikios Athlitikos Omilos Konstantinoupoliton vs AO Xanthi
[2346025] Failed to build match row: Eskisehirspor vs Galatasaray Spor Kulübü
[3183699] Failed to build match row: Enisey Krasnoyarsk vs FK Dinamo Moskva
[3283235] Failed to build match row: Coruxo FC vs CD Mirandés
[3229178] Could not find attributes for ragnar klavan (Cagliari Calcio, 2019)

Keepers & outfield error for **Fodbold Club Nordsjælland** in Fodbold Club Nordsjælland vs Aarhus Gymnastik Forening: Numbers: 2 and 9.
[2700273] Could not find attributes for igor semrinec (AS Trencin, 2016)
[3229178] Failed to build match row: Cagliari Calcio vs Football Club Internazionale Milano S.p.A.
[2581385] Failed to build match row: Fodbold Club Nordsjælland vs Aarhus Gymnastik Forening
[2670621] Could not find attributes for christian kum (Football Club Utrecht, 2015)
[2700273] Failed to build match row: AS Trencin vs NK Olimpija Ljubljana
[2329902] Could not find attributes for didier ovono (KV Oostende, 2013)
[2670621] Failed to build match row: Feyenoord Rotterdam vs Football Club Utrecht
[2329902] Failed to build match row: Yellow-Red Koninklijke Voetbalclub Mechelen vs KV Oostende

Keepers & outfield error for **Moreirense Futebol Clube** in Grupo Desportivo Estoril Praia vs Moreirense Futebol Clube: Numbers: 0 and 11.
[3076540] Could not find attributes for vujadin savic (Fudbalski klub Crvena zvezda Beograd, 2018)
[2596943] Failed to build match row: Grupo Desportivo Estoril Praia vs Moreirense Futebol Clube
[3076540] Failed to build match row: Fudbalski klub Crvena zvezda Beograd vs FK Suduva Marijampole
[2994513] Could not find attributes for noor husin (Notts County, 2017)
[3063632] Could not find attributes for melker hallberg (Vejle Boldklub, 2018)
[2905723] Could not find attributes for serikzhan muzhikov (FC Astana, 2017)
[2607135] Could not find attributes for gianclaudio lori (US Ancona, 2015)
[3063632] Failed to build match row: Vejle Boldklub vs Randers Fodbold Club
[2994513] Failed to build match row: Swansea City vs Notts County
[2735521] Could not find attributes for issiar dia (AS Nancy-Lorraine, 2016)
[2607135] Failed to build match row: US Livorno 1915 vs US Ancona
[2704589] Could not find attributes for benjamin stambouli (FC Schalke 04, 2016)
[3050405] Could not find attributes for moussa sissoko (Tottenham Hotspur Football Club, 2018)
[2905723] Failed to build match row: FC Astana vs The Celtic Football Club
[2735521] Failed to build match row: AS Nancy-Lorraine vs Montpellier HSC
[2764470] Could not find attributes for ilias melkas (Panserraikos Serres, 2016)
[3050405] Failed to build match row: Tottenham Hotspur Football Club vs Newcastle United Football Club
[2704589] Failed to build match row: FC Schalke 04 vs Borussia Dortmund
[2496912] Could not find attributes for Raymond Beukeveld (HHC Hardenberg, 2014)
[2496912] Failed to build match row: HHC Hardenberg vs RKC Waalwijk
[2764470] Failed to build match row: Panserraikos Serres vs Panionios Athens
[3211150] Could not find attributes for christopher knett (Panetolikos Agrinio, 2019)

Keepers & outfield error for **Associazione Calcio Fiorentina** in Associazione Calcio Fiorentina vs US Livorno 1915: Numbers: 0 and 11.
[3211150] Failed to build match row: Panetolikos Agrinio vs Olympiakos Syndesmos Filathlon Peiraios
[2872077] Failed to build match row: Hannover 96 vs FC Bayern München

Keepers & outfield error for **Genoa Cricket and Football Club** in Genoa Cricket and Football Club vs Associazione Calcio Fiorentina: Numbers: 0 and 11.
[2888325] Failed to build match row: Prins Hendrik Ende Desespereert Nimmer Combinatie Zwolle vs Feyenoord Rotterdam
[2359377] Failed to build match row: Associazione Calcio Fiorentina vs US Livorno 1915
[3229179] Failed to build match row: Genoa Cricket and Football Club vs Associazione Calcio Fiorentina
[2558364] Could not find attributes for jan lastuvka (Dnipro Dnipropetrovsk (-2020), 2014)
[2558364] Failed to build match row: Dnipro Dnipropetrovsk (-2020) vs FC Shakhtar Donetsk

Keepers & outfield error for **Esbjerg fB** in Aalborg BK vs Esbjerg fB: Numbers: 0 and 11.
[2581386] Failed to build match row: Aalborg BK vs Esbjerg fB
[2726571] Could not find attributes for albano bizzarri (Delfino Pescara 1936, 2016)
[2726571] Failed to build match row: Delfino Pescara 1936 vs Atalanta Bergamasca Calcio S.p.a.

Keepers & outfield error for **Grupo Desportivo Estoril Praia** in Grupo Desportivo Estoril Praia vs Vitória Sport Clube: Numbers: 0 and 11.
[2720814] Failed to build match row: Grupo Desportivo Estoril Praia vs Vitória Sport Clube
[2636243] Could not find attributes for richard lavery (Barwell FC, 2015)
[2346026] Could not find attributes for ertugrul taskiran (Kayserispor Kulübü, 2013)

Keepers & outfield error for **RFK Akhmat Grozny** in RFK Akhmat Grozny vs Mordovia Saransk (-2020): Numbers: 2 and 9.

Keepers & outfield error for **FC Penafiel** in Rio Ave Futebol Clube vs FC Penafiel: Numbers: 2 and 9.
[2346026] Failed to build match row: Kayserispor Kulübü vs Elazigspor
[2466875] Failed to build match row: Rio Ave Futebol Clube vs FC Penafiel
7)
[2608161] Failed to build match row: RFK Akhmat Grozny vs Mordovia Saransk (-2020)
[2933609] Failed to build match row: FK Spartak Moskva vs Spartak Nalchik
[2636243] Failed to build match row: Barwell FC vs Welling United
[2882181] Could not find attributes for jander (Apollon Limassol, 2017)
[2618578] Could not find attributes for sergey chernik (BATE Borisov, 2015)
[2882181] Failed to build match row: Apollon Limassol vs Zaria Balti

Keepers & outfield error for **Sport Lisboa e Benfica** in Sport Lisboa e Benfica vs RasenBallsport Leipzig: Numbers: 2 and 9.
[2618578] Failed to build match row: BATE Borisov vs Futbol Club Barcelona
[3252159] Failed to build match row: Sport Lisboa e Benfica vs RasenBallsport Leipzig

Keepers & outfield error for **Bolton Wanderers** in Bolton Wanderers vs Wigan Athletic: Numbers: 2 and 9.
[2517332] Failed to build match row: Bolton Wanderers vs Wigan Athletic
Not enough players found for lineup: 0, 0.
[3283387] Failed to scrape lineup: https://www.transfermarkt.co.uk/spielbericht/index/spielbericht/3283387
[2672068] Could not find attributes for rob kiernan (Rangers Football Club, 2015)
[2764472] Could not find attributes for branislav nikic (AOK Kerkyra, 2016)
[2672068] Failed to build match row: Rangers Football Club vs The Celtic Football Club
[2764472] Failed to build match row: AOK Kerkyra vs A.G.S Asteras Tripolis
Not enough players found for lineup: 0, 11.
[2933610] Failed to scrape lineup: https://www.transfermarkt.co.uk/spielbericht/index/spielbericht/2933610

Keepers & outfield error for **Sevilla Fútbol Club S.A.D.** in Sevilla Fútbol Club S.A.D. vs İstanbul Başakşehir Futbol Kulübü: Numbers: 0 and 11.
[2496913] Failed to scrape lineup: https://www.transfermarkt.co.uk/spielbericht/index/spielbericht/2496913
[2905724] Failed to build match row: Sevilla Fútbol Club S.A.D. vs İstanbul Başakşehir Futbol Kulübü

Keepers & outfield error for **Rayo Vallecano de Madrid S. A. D.** in Rayo Vallecano de Madrid S. A. D. vs Málaga CF: Numbers: 0 and 11.

Keepers & outfield error for **West Ham United Football Club** in West Ham United Football Club vs Liverpool Football Club: Numbers: 2 and 9.
[2704591] Could not find attributes for douglas santos (Hamburger Sport Verein, 2016)
[2341004] Failed to build match row: Rayo Vallecano de Madrid S. A. D. vs Málaga CF
[2888326] Could not find attributes for sepp van den berg (Prins Hendrik Ende Desespereert Nimmer Combinatie Zwolle, 2017)
[3050406] Failed to build match row: West Ham United Football Club vs Liverpool Football Club
[2704591] Failed to build match row: Hamburger Sport Verein vs 1. Fußball-Club Köln
[2888326] Failed to build match row: Prins Hendrik Ende Desespereert Nimmer Combinatie Zwolle vs Sparta Rotterdam
[2359378] Could not find attributes for giovanni marchese (Genoa Cricket and Football Club, 2013)
[2700274] Could not find attributes for pavels dorosevs (FK Liepaja, 2016)
[2700274] Failed to build match row: FK Liepaja vs Fußballclub Red Bull Salzburg
[2459617] Could not find attributes for christian kum (Football Club Utrecht, 2014)
[2359378] Failed to build match row: Genoa Cricket and Football Club vs Unione Sportiva Sassuolo Calcio

Keepers & outfield error for **Esbjerg fB** in Esbjerg fB vs Football Club København: Numbers: 0 and 11.
[2558366] Could not find attributes for mykyta shevchenko (FC Zorya Lugansk, 2014)
[3076541] Could not find attributes for algis jankauskas (FK Suduva Marijampole, 2018)
[2459617] Failed to build match row: Sportclub Heerenveen vs Football Club Utrecht
[3076541] Failed to build match row: FK Suduva Marijampole vs Fudbalski klub Crvena zvezda Beograd
[2581387] Failed to build match row: Esbjerg fB vs Football Club København
[2558366] Failed to build match row: FC Zorya Lugansk vs Vorskla Poltava
[3211151] Could not find attributes for konstantinos theodoropoulos (PAS Lamia 1964, 2019)
[3183700] Could not find attributes for mikhail levashov (Arsenal Tula, 2018)
[3183700] Failed to build match row: Arsenal Tula vs FK Krasnodar
[3211151] Failed to build match row: PAS Lamia 1964 vs Omilos Filathlon Irakliou FC
Not enough players found for lineup: 11, 0.

Keepers & outfield error for **Футбольный клуб "Локомотив" Москва** in Ural Yekaterinburg vs Футбольный клуб "Локомотив" Москва: Numbers: 0 and 11.
[3063642] Could not find attributes for mohammed kudus (Fodbold Club Nordsjælland, 2018)
[2370538] Failed to scrape lineup: https://www.transfermarkt.co.uk/spielbericht/index/spielbericht/2370538
[3283389] Failed to scrape lineup: https://www.transfermarkt.co.uk/spielbericht/index/spielbericht/3283389

Keepers & outfield error for **SPAL** in SPAL vs Frosinone Calcio: Numbers: 2 and 9.
[2467446] Could not find attributes for mihhail starodubtsev (JK Sillamäe Kalev, 2014)
[3063642] Failed to build match row: Hobro IK vs Fodbold Club Nordsjælland
[2608162] Failed to build match row: Ural Yekaterinburg vs Футбольный клуб "Локомотив" Москва
[3081060] Failed to build match row: SPAL vs Frosinone Calcio
[2346027] Could not find attributes for ali adnan (Çaykur Rizespor Kulübü, 2013)
[2467446] Failed to build match row: JK Sillamäe Kalev vs FK Krasnodar
[3122354] Could not find attributes for derre kwee (AFC Amsterdam, 2018)
[2346027] Failed to build match row: Çaykur Rizespor Kulübü vs Kayseri Erciyesspor
[3096441] Could not find attributes for florian kirschke (SC Weiche Flensburg 08, 2018)
[3122354] Failed to build match row: Willem II Tilburg vs AFC Amsterdam
[3096441] Failed to build match row: SC Weiche Flensburg 08 vs Sportverein Werder Bremen von 1899

Keepers & outfield error for **Vitória Sport Clube** in Vitória Sport Clube vs CF Os Belenenses: Numbers: 0 and 11.
[2596945] Failed to build match row: Vitória Sport Clube vs CF Os Belenenses
[2905725] Could not find attributes for josip elez (Hrvatski Nogometni Klub Rijeka, 2017)

Keepers & outfield error for **Vitória Setúbal FC** in CD Feirense vs Vitória Setúbal FC: Numbers: 0 and 11.
[2905725] Failed to build match row: Hrvatski Nogometni Klub Rijeka vs Olympiakos Syndesmos Filathlon Peiraios
[2720815] Failed to build match row: CD Feirense vs Vitória Setúbal FC
[2994515] Failed to scrape lineup: https://www.transfermarkt.co.uk/spielbericht/index/spielbericht/2994515
[2764473] Could not find attributes for dimitrios sotiriou (AO Platanias, 2016)
[2764473] Failed to build match row: AO Platanias vs AO Xanthi
[2735522] Could not find attributes for jorginho (AS Saint-Étienne, 2016)

Keepers & outfield error for **Genoa Cricket and Football Club** in Atalanta Bergamasca Calcio S.p.a. vs Genoa Cricket and Football Club: Numbers: 2 and 9.

Keepers & outfield error for **Villarreal Club de Fútbol S.A.D.** in Villarreal Club de Fútbol S.A.D. vs Celta: Numbers: 0 and 11.
[2735522] Failed to build match row: AS Saint-Étienne vs Football Club Lorient-Bretagne Sud
[2726573] Failed to build match row: Atalanta Bergamasca Calcio S.p.a. vs Genoa Cricket and Football Club
[3050407] Failed to scrape lineup: https://www.transfermarkt.co.uk/brighton-amp-hove-albion_burnley-fc/index/spielbericht/3050407
[2341005] Failed to build match row: Villarreal Club de Fútbol S.A.D. vs Celta

Keepers & outfield error for **Córdoba CF** in Córdoba CF vs Athletic Club Bilbao: Numbers: 0 and 11.
[2475503] Failed to build match row: Córdoba CF vs Athletic Club Bilbao

Keepers & outfield error for **Clube Desportivo Santa Clara** in Clube Desportivo Santa Clara vs Futebol Clube de Famalicão: Numbers: 0 and 11.
[3211328] Failed to build match row: Clube Desportivo Santa Clara vs Futebol Clube de Famalicão
[2872079] Could not find attributes for lukas mai (FC Bayern München, 2017)
[3081061] Could not find attributes for ola aina (Torino Calcio, 2018)
[3394601] Failed to scrape lineup: https://www.transfermarkt.co.uk/as-saint-etienne_stade-rennais-fc/index/spielbericht/3394601

Keepers & outfield error for **Unione Sportiva Lecce** in Unione Sportiva Lecce vs Verona Hellas Football Club: Numbers: 0 and 11.
[2872079] Failed to build match row: FC Bayern München vs Eintracht Frankfurt Fußball AG
[3122355] Failed to scrape lineup: https://www.transfermarkt.co.uk/spielbericht/index/spielbericht/3122355
[2359379] Failed to scrape lineup: https://www.transfermarkt.co.uk/juventus-fc_as-roma/index/spielbericht/2359379

Keepers & outfield error for **Sporting Gijón** in Sporting Gijón vs Real Valladolid CF: Numbers: 0 and 11.
Not enough players found for lineup: 0, 0.
[2558367] Could not find attributes for oleksandr shovkovskyi (Futbolniy Klub Dynamo Kyiv, 2014)
ndex/spielbericht/3183701
[2704593] Failed to scrape lineup: https://www.transfermarkt.co.uk/eintracht-frankfurt_borussia-monchengladbach/index/spielbericht/2704593
[2346028] Failed to scrape lineup: https://www.transfermarkt.co.uk/konyaspor_kasimpasa/index/spielbericht/2346028
[3229182] Failed to build match row: Unione Sportiva Lecce vs Verona Hellas Football Club
[3081061] Failed to build match row: Torino Calcio vs Associazione Calcio Fiorentina
[2334969] Failed to build match row: Ross County FC vs St. Johnstone FC
[3283402] Failed to scrape lineup: https://www.transfermarkt.co.uk/spielbericht/index/spielbericht/3283402
[2933611] Could not find attributes for anton makurin (Tom Tomsk, 2017)
[2481211] Failed to build match row: Sporting Gijón vs Real Valladolid CF
[2558367] Failed to build match row: Futbolniy Klub Dynamo Kyiv vs Metalurg Zaporizhya (-2016)
[2905726] Could not find attributes for jasmin handanovic (NK Maribor, 2017)
[2842219] Could not find attributes for gregor sikosek (Brøndby Idrætsforening, 2016)
[2933611] Failed to build match row: FC Tosno (-2018) vs Tom Tomsk
[2842219] Failed to build match row: Randers Fodbold Club vs Brøndby Idrætsforening
[2905726] Failed to build match row: NK Maribor vs Hapoel Beer Sheva
[2370540] Failed to scrape lineup: https://www.transfermarkt.co.uk/spielbericht/index/spielbericht/2370540
[2496914] Could not find attributes for guus joppen (VVV-Venlo, 2014)

Keepers & outfield error for **West Ham United Football Club** in Crystal Palace Football Club vs West Ham United Football Club: Numbers: 2 and 9.
[2496914] Failed to build match row: VVV-Venlo vs FC Eindhoven

Keepers & outfield error for **FC Paços de Ferreira** in FC Paços de Ferreira vs Clube Desportivo Nacional: Numbers: 0 and 11.
[3050408] Failed to build match row: Crystal Palace Football Club vs West Ham United Football Club
[2720816] Failed to build match row: FC Paços de Ferreira vs Clube Desportivo Nacional
[2700275] Could not find attributes for antonijo jezina (GNK Dinamo Zagreb, 2016)
[2764474] Could not find attributes for giannis anestis (Athlitiki Enosi Konstantinoupoleos, 2016)
[2700275] Failed to build match row: GNK Dinamo Zagreb vs Vardar Skopje
[2764474] Failed to build match row: Athlitiki Enosi Konstantinoupoleos vs Panionios Athens
[3063644] Failed to scrape lineup: https://www.transfermarkt.co.uk/fc-copenhagen_randers-fc/index/spielbericht/3063644

Keepers & outfield error for **Bologna Football Club 1909** in Bologna Football Club 1909 vs Associazione Calcio Fiorentina: Numbers: 0 and 11.
[2467447] Could not find attributes for alo barengrub (Kalju FC, 2014)
[2673428] Could not find attributes for thomas kahlenberg (Brøndby Idrætsforening, 2015)
[2467447] Failed to build match row: Kalju FC vs KKS Lech Poznań Spółka Akcyjna
[2726574] Failed to build match row: Bologna Football Club 1909 vs Associazione Calcio Fiorentina
[2673428] Failed to build match row: Football Club København vs Brøndby Idrætsforening
[2995307] Could not find attributes for ross callachan (Heart of Midlothian Football Club, 2017)
[2475504] Could not find attributes for loukas vyntra (Levante Unión Deportiva S.A.D., 2014)
[3211329] Failed to scrape lineup: https://www.transfermarkt.co.uk/gil-vicente-fc_fc-porto/index/spielbericht/3211329
[2475504] Failed to build match row: Getafe Club de Fútbol S. A. D. Team Dubai vs Levante Unión Deportiva S.A.D.
[2995307] Failed to build match row: Heart of Midlothian Football Club vs St. Johnstone FC

Keepers & outfield error for **Nooit Opgeven Altijd Doorzetten Aangenaam Door Vermaak En Nuttig Door Ontspanning Combinatie Breda** in Eindhovense Voetbalvereniging Philips Sport Vereniging vs Nooit Opgeven Altijd Doorzetten Aangenaam Door Vermaak En Nuttig Door Ontspanning Combinatie Breda: Numbers: 2 and 9.
[2888328] Failed to build match row: Eindhovense Voetbalvereniging Philips Sport Vereniging vs Nooit Opgeven Altijd Doorzetten Aangenaam Door Vermaak En Nuttig Door Ontspanning Combinatie Breda
[2581389] Could not find attributes for wilfried domoraud (Hobro IK, 2015)
[2581389] Failed to build match row: Hobro IK vs Brøndby Idrætsforening
[2321186] Failed to scrape lineup: https://www.transfermarkt.co.uk/sc-freiburg_vfl-wolfsburg/index/spielbericht/2321186
[3283403] Failed to scrape lineup: https://www.transfermarkt.co.uk/spielbericht/index/spielbericht/3283403

Keepers & outfield error for **Sport Lisboa e Benfica** in Futebol Clube de Arouca vs Sport Lisboa e Benfica: Numbers: 0 and 11.
[2596946] Failed to build match row: Futebol Clube de Arouca vs Sport Lisboa e Benfica
[3183702] Could not find attributes for egor baburin (FC Rubin Kazan, 2018)
[2558368] Could not find attributes for roman mysak (Karpaty Lviv (-2021), 2014)
[3183702] Failed to build match row: FC Rubin Kazan vs Anzhi Makhachkala ( -2022)
[3076542] Could not find attributes for denis shcherbitskiy (BATE Borisov, 2018)
[2897527] Could not find attributes for mattia destro (Bologna Football Club 1909, 2017)
[3096444] Failed to scrape lineup: https://www.transfermarkt.co.uk/spielbericht/index/spielbericht/3096444
[2334970] Could not find attributes for duncan watmore (Hibernian Football Club, 2013)
ielbericht/2905727
[2897527] Failed to build match row: Bologna Football Club 1909 vs Chievo Verona
[2872080] Could not find attributes for josip elez (Hannover 96, 2017)
[3076542] Failed to build match row: BATE Borisov vs HJK Helsinki
[2704594] Could not find attributes for felix wiedwald (Sportverein Werder Bremen von 1899, 2016)
[2496915] Failed to scrape lineup: https://www.transfermarkt.co.uk/spielbericht/index/spielbericht/2496915
[2558368] Failed to build match row: FC Shakhtar Donetsk vs Karpaty Lviv (-2021)
[2334970] Failed to build match row: Inverness Caledonian Thistle FC vs Hibernian Football Club
[2346029] Could not find attributes for boy waterman (Kardemir Karabükspor, 2013)
[2872080] Failed to build match row: Turn- und Sportgemeinschaft 1899 Hoffenheim Fußball-Spielbetriebs vs Hannover 96
[2704594] Failed to build match row: Sport-Club Freiburg vs Sportverein Werder Bremen von 1899
[2346029] Failed to build match row: Kardemir Karabükspor vs Gençlerbirliği Spor Kulübü
[2764475] Could not find attributes for huanderson (Iraklis Thessaloniki, 2016)
[2589045] Could not find attributes for kosuke ota (Vitesse Arnhem, 2015)
[2764475] Failed to build match row: Iraklis Thessaloniki vs APS Atromitos Athinon
[2589045] Failed to build match row: SC Cambuur Leeuwarden vs Vitesse Arnhem
[2596947] Failed to scrape lineup: https://www.transfermarkt.co.uk/academica-coimbra_vitoria-setubal-fc/index/spielbericht/2596947

Keepers & outfield error for **Legia Warszawa Spółka Akcyjna** in Legia Warszawa Spółka Akcyjna vs HSK Zrinjski Mostar: Numbers: 2 and 9.

Keepers & outfield error for **West Ham United Football Club** in Sheffield United vs West Ham United Football Club: Numbers: 2 and 9.
[2700276] Failed to build match row: Legia Warszawa Spółka Akcyjna vs HSK Zrinjski Mostar
[3219256] Failed to build match row: Sheffield United vs West Ham United Football Club

Keepers & outfield error for **Espanol** in Espanol vs Futbol Club Barcelona: Numbers: 2 and 9.

Keepers & outfield error for **Moreirense Futebol Clube** in Moreirense Futebol Clube vs Rio Ave Futebol Clube: Numbers: 2 and 9.
[3063645] Could not find attributes for melker hallberg (Vejle Boldklub, 2018)
[2720817] Failed to build match row: Moreirense Futebol Clube vs Rio Ave Futebol Clube
[2475505] Failed to build match row: Espanol vs Futbol Club Barcelona
[2888329] Could not find attributes for mohammed el hankouri (Willem II Tilburg, 2017)
[2897528] Failed to scrape lineup: https://www.transfermarkt.co.uk/benevento-calcio_genoa-cfc/index/spielbericht/2897528
[3063645] Failed to build match row: Sønderjyske Fodbold vs Vejle Boldklub
[2888329] Failed to build match row: Willem II Tilburg vs Football Club Utrecht
[3183730] Could not find attributes for mario fernandes (PFK CSKA Moskva, 2018)
[2467448] Could not find attributes for joaozinho (FK Krasnodar, 2014)
[3183730] Failed to build match row: PFK CSKA Moskva vs PFK Krylya Sovetov Samara
[2467448] Failed to build match row: FK Krasnodar vs JK Sillamäe Kalev

Keepers & outfield error for **Fußball-Club Augsburg 1907** in Hertha BSC vs Fußball-Club Augsburg 1907: Numbers: 2 and 9.
[2872081] Failed to build match row: Hertha BSC vs Fußball-Club Augsburg 1907
[2618581] Could not find attributes for jeremy taravel (GNK Dinamo Zagreb, 2015)
[2618581] Failed to build match row: GNK Dinamo Zagreb vs Olympiakos Syndesmos Filathlon Peiraios

Keepers & outfield error for **Valencia Club de Fútbol S. A. D.** in Club Atlético de Madrid S.A.D. vs Valencia Club de Fútbol S. A. D.: Numbers: 0 and 11.
[3081082] Failed to build match row: Club Atlético de Madrid S.A.D. vs Valencia Club de Fútbol S. A. D.
[2346030] Could not find attributes for oguz daglaroglu (Akhisarspor, 2013)
[2589046] Could not find attributes for wout brama (Prins Hendrik Ende Desespereert Nimmer Combinatie Zwolle, 2015)
[2346030] Failed to build match row: Akhisarspor vs Trabzonspor Kulübü
[2589046] Failed to build match row: Prins Hendrik Ende Desespereert Nimmer Combinatie Zwolle vs Sportclub Heerenveen
[2905728] Could not find attributes for jakub rzezniczak (Qarabağ FK, 2017)
[2905728] Failed to build match row: Football Club København vs Qarabağ FK
Not enough players found for lineup: 0, 0.

Keepers & outfield error for **AO FK Zenit Sankt-Peterburg** in FK Ufa vs AO FK Zenit Sankt-Peterburg: Numbers: 2 and 9.
[2995836] Could not find attributes for stuart mckenzie (Cove Rangers FC, 2017)
[2842409] Could not find attributes for georgiy zotov (PFK Krylya Sovetov Samara, 2016)
[2735524] Could not find attributes for yves bissouma (Lille Olympique Sporting Club, 2016)
[2608165] Failed to build match row: FK Ufa vs AO FK Zenit Sankt-Peterburg
[2842409] Failed to build match row: PFK Krylya Sovetov Samara vs Amkar Perm
[3283404] Failed to scrape lineup: https://www.transfermarkt.co.uk/spielbericht/index/spielbericht/3283404
[2597425] Could not find attributes for zauri makharadze (Olimpik Donetsk, 2015)
[2735524] Failed to build match row: Lille Olympique Sporting Club vs Angers Sporting Club de l'Ouest
[2995836] Failed to build match row: Cove Rangers FC vs Falkirk Football & Athletic Club
[2597425] Failed to build match row: Olimpik Donetsk vs FC Oleksandriya
[2581390] Could not find attributes for collins tanor (Fodbold Club Nordsjælland, 2015)
[3394602] Could not find attributes for yuto nagatomo (Olympique de Marseille, 2020)
[3122356] Could not find attributes for joel drommel (Football Club Twente, 2018)
[2636244] Could not find attributes for kingsley james (FC Halifax Town, 2015)
[3122356] Failed to build match row: Football Club Twente vs RKC Waalwijk
[2558369] Could not find attributes for bogdan shust (Volyn Lutsk, 2014)
[3394602] Failed to build match row: Olympique de Marseille vs Football Club de Metz
[2581390] Failed to build match row: Fodbold Club Nordsjælland vs Viborg Fodsports Forening
[2558369] Failed to build match row: Volyn Lutsk vs Metalurg Donetsk (- 2015)
[2636244] Failed to build match row: FC Halifax Town vs Wycombe Wanderers

Keepers & outfield error for **Paris Saint-Germain Football Club** in Football Club de Nantes vs Paris Saint-Germain Football Club: Numbers: 2 and 9.
[2764476] Failed to scrape lineup: https://www.transfermarkt.co.uk/apo-levadiakos_panetolikos-gfs/index/spielbericht/2764476
[2330827] Failed to build match row: Football Club de Nantes vs Paris Saint-Germain Football Club

Keepers & outfield error for **Granada CF** in Valencia Club de Fútbol S. A. D. vs Granada CF: Numbers: 0 and 11.
[2888330] Could not find attributes for nasser el khayati (ADO Den Haag, 2017)
[2475506] Failed to build match row: Valencia Club de Fútbol S. A. D. vs Granada CF
[2934672] Could not find attributes for kelby mason (Airdrieonians FC, 2017)
[2888330] Failed to build match row: ADO Den Haag vs Alkmaar Zaanstreek
Not enough players found for lineup: 0, 11.
[3219257] Could not find attributes for federico fernandez (Newcastle United Football Club, 2019)
[2496916] Failed to scrape lineup: https://www.transfermarkt.co.uk/spielbericht/index/spielbericht/2496916
[2934672] Failed to build match row: Airdrieonians FC vs Cove Rangers FC
[3229184] Could not find attributes for albin ekdal (UC Sampdoria, 2019)
[3219257] Failed to build match row: Newcastle United Football Club vs Chelsea Football Club
[2459621] Could not find attributes for joris mathijsen (Feyenoord Rotterdam, 2014)
[2467449] Could not find attributes for alo barengrub (Kalju FC, 2014)

Keepers & outfield error for **HJK Helsinki** in HJK Helsinki vs BATE Borisov: Numbers: 2 and 9.
[3229184] Failed to build match row: Unione Sportiva Sassuolo Calcio vs UC Sampdoria
[2459621] Failed to build match row: Football Club Twente vs Feyenoord Rotterdam
[2673430] Could not find attributes for thomas kahlenberg (Brøndby Idrætsforening, 2015)
[3076543] Failed to build match row: HJK Helsinki vs BATE Borisov
[2673430] Failed to build match row: Brøndby Idrætsforening vs Football Club København
[2467449] Failed to build match row: KKS Lech Poznań Spółka Akcyjna vs Kalju FC
[2346031] Could not find attributes for hakan arikan (Antalyaspor, 2013)
[2872082] Could not find attributes for nils petersen (Sport-Club Freiburg, 2017)
[2842410] Could not find attributes for vladimir gabulov (Arsenal Tula, 2016)
[2346031] Failed to build match row: Antalyaspor vs Bursaspor

Keepers & outfield error for **Società Sportiva Calcio Napoli** in Società Sportiva Calcio Napoli vs UC Sampdoria: Numbers: 2 and 9.
[2872082] Failed to build match row: Sport-Club Freiburg vs 1. Fußball-Club Köln
[2842410] Failed to build match row: RFK Akhmat Grozny vs Arsenal Tula
[2359382] Failed to build match row: Società Sportiva Calcio Napoli vs UC Sampdoria
[2882182] Could not find attributes for steve borg (Valletta FC, 2017)
[2618582] Could not find attributes for predrag rajkovic (Maccabi Tel Aviv, 2015)
[2882182] Failed to build match row: Valletta FC vs Football Club Utrecht
[3063646] Failed to scrape lineup: https://www.transfermarkt.co.uk/odense-boldklub_aarhus-gf/index/spielbericht/3063646
[2618582] Failed to build match row: Futebol Clube do Porto vs Maccabi Tel Aviv
[3183731] Could not find attributes for evgeniy gorodov (RFK Akhmat Grozny, 2018)
[2581391] Could not find attributes for filip novak (Fodbold Club Midtjylland, 2015)
[2597426] Could not find attributes for maksim startsev (Metalurg Zaporizhya (-2016), 2015)
[2581391] Failed to build match row: Aalborg BK vs Fodbold Club Midtjylland

Keepers & outfield error for **Club Atlético Osasuna** in Club Atlético Osasuna vs Getafe Club de Fútbol S. A. D. Team Dubai: Numbers: 0 and 11.
[2764477] Could not find attributes for konstantinos peristeridis (PAS Giannina, 2016)
[2720819] Could not find attributes for gege (Futebol Clube de Arouca, 2016)
[2764477] Failed to build match row: PAS Giannina vs Athlitiki Enosi Larisas
Not enough players found for lineup: 0, 0.
[2370541] Could not find attributes for tom muyters (FC Eindhoven, 2013)
[2720819] Failed to build match row: Futebol Clube do Porto vs Futebol Clube de Arouca
[2597426] Failed to build match row: Metalurg Zaporizhya (-2016) vs Vorskla Poltava
[2341008] Failed to build match row: Club Atlético Osasuna vs Getafe Club de Fútbol S. A. D. Team Dubai
[2334972] Could not find attributes for jack leitch (Motherwell Football Club, 2013)
[2370541] Failed to build match row: FC Eindhoven vs Nijmegen Eendracht Combinatie
[3283406] Failed to scrape lineup: https://www.transfermarkt.co.uk/spielbericht/index/spielbericht/3283406
[2334972] Failed to build match row: Motherwell Football Club vs Heart of Midlothian Football Club
[2517336] Could not find attributes for dom collins (Southport FC, 2014)
[2517336] Failed to build match row: Derby County vs Southport FC
[2558370] Could not find attributes for yevgen galchuk (FK Mariupol, 2014)
[2934673] Could not find attributes for ricky little (Arbroath FC, 2017)
[2934673] Failed to build match row: Arbroath FC vs Berwick Rangers FC
[2558370] Failed to build match row: FK Mariupol vs Olimpik Donetsk
[2704605] Could not find attributes for walace (Hamburger Sport Verein, 2016)

Keepers & outfield error for **Rayo Vallecano de Madrid S. A. D.** in Sevilla Fútbol Club S.A.D. vs Rayo Vallecano de Madrid S. A. D.: Numbers: 0 and 11.
[2704605] Failed to build match row: Borussia Dortmund vs Hamburger Sport Verein
[2700277] Could not find attributes for bojan lazarevic (OFK Titograd, 2016)
[2475507] Failed to build match row: Sevilla Fútbol Club S.A.D. vs Rayo Vallecano de Madrid S. A. D.
[2842411] Could not find attributes for evgeniy chernov (AO FK Zenit Sankt-Peterburg, 2016)
[2700277] Failed to build match row: OFK Titograd vs Ludogorets Razgrad
[2842411] Failed to build match row: AO FK Zenit Sankt-Peterburg vs Anzhi Makhachkala ( -2022)
[2995837] Failed to scrape lineup: https://www.transfermarkt.co.uk/spielbericht/index/spielbericht/2995837
[2618583] Could not find attributes for oleksandr shovkovskyi (Futbolniy Klub Dynamo Kyiv, 2015)
[2618583] Failed to build match row: Futbolniy Klub Dynamo Kyiv vs Chelsea Football Club
[3203707] Could not find attributes for vladimir darida (Hertha BSC, 2019)
[3203707] Failed to build match row: Hertha BSC vs Eintracht Frankfurt Fußball AG
[3063647] Could not find attributes for mikkel wohlgemuth (Vendsyssel FF, 2018)
[3063647] Failed to build match row: Fodbold Club Midtjylland vs Vendsyssel FF
)
[2581392] Failed to build match row: Aarhus Gymnastik Forening vs Odense Boldklub
[2897531] Could not find attributes for musa barrow (Atalanta Bergamasca Calcio S.p.a., 2017)
[2589047] Could not find attributes for marcos gullon (Roda JC Kerkrade, 2015)
[2897531] Failed to build match row: Atalanta Bergamasca Calcio S.p.a. vs Associazione Calcio Milan
[2589047] Failed to build match row: Roda JC Kerkrade vs Alkmaar Zaanstreek
[2334973] Could not find attributes for marian kello (Saint Mirren Football Club, 2013)
[2334973] Failed to build match row: Dundee United Football Club vs Saint Mirren Football Club
[3076544] Could not find attributes for rafael forster (Ludogorets Razgrad, 2018)
[3076544] Failed to build match row: Ludogorets Razgrad vs Videoton FC
[2558371] Could not find attributes for maksym koval (Goverla Uzhgorod (- 2016), 2014)
[3229185] Failed to scrape lineup: https://www.transfermarkt.co.uk/udinese-calcio_parma-calcio-1913/index/spielbericht/3229185
[2558371] Failed to build match row: Goverla Uzhgorod (- 2016) vs Dnipro Dnipropetrovsk (-2020)
[3211332] Could not find attributes for carlinhos (Vitória Setúbal FC, 2019)
[3211332] Failed to build match row: Vitória Setúbal FC vs Clube Desportivo de Tondela

Keepers & outfield error for **FC Shakhtar Donetsk** in FC Shakhtar Donetsk vs Dnipro Dnipropetrovsk (-2020): Numbers: 2 and 9.
[3096452] Could not find attributes for jonathan clauss (Arminia Bielefeld, 2018)
-2020)

Keepers & outfield error for **CD Leganés** in CD Leganés vs Athletic Club Bilbao: Numbers: 0 and 11.
[3096452] Failed to build match row: Arminia Bielefeld vs MSV Duisburg
[2720820] Could not find attributes for kamran agayev (Boavista FC, 2016)
[3081085] Failed to build match row: CD Leganés vs Athletic Club Bilbao
[2370542] Could not find attributes for lars hutten (Excelsior Rotterdam, 2013)
[2720820] Failed to build match row: CS Marítimo vs Boavista FC
[3183732] Could not find attributes for aleksandr anyukov (AO FK Zenit Sankt-Peterburg, 2018)
[2370542] Failed to build match row: Excelsior Rotterdam vs Go Ahead Eagles
[3183732] Failed to build match row: AO FK Zenit Sankt-Peterburg vs Enisey Krasnoyarsk

Keepers & outfield error for **Verona Hellas Football Club** in Udinese Calcio vs Verona Hellas Football Club: Numbers: 0 and 11.
[2359384] Failed to build match row: Udinese Calcio vs Verona Hellas Football Club

Keepers & outfield error for **Wolverhampton Wanderers Football Club** in Watford FC vs Wolverhampton Wanderers Football Club: Numbers: 0 and 11.

Keepers & outfield error for **UE Llagostera** in Real Betis Balompié S.A.D. vs UE Llagostera: Numbers: 0 and 11.
[3219259] Failed to build match row: Watford FC vs Wolverhampton Wanderers Football Club
[2481212] Failed to build match row: Real Betis Balompié S.A.D. vs UE Llagostera
[2764478] Could not find attributes for brown ideye (Olympiakos Syndesmos Filathlon Peiraios, 2016)
[2764478] Failed to build match row: Olympiakos Syndesmos Filathlon Peiraios vs Panthessalonikios Athlitikos Omilos Konstantinoupoliton
[2517337] Could not find attributes for jack grimmer (Fulham Football Club, 2014)
[2517337] Failed to build match row: Fulham Football Club vs Wolverhampton Wanderers Football Club

Keepers & outfield error for **UD Almería** in UD Almería vs SD Eibar: Numbers: 0 and 11.
[2475508] Failed to build match row: UD Almería vs SD Eibar

Keepers & outfield error for **Ural Yekaterinburg** in Ural Yekaterinburg vs FK Ufa: Numbers: 2 and 9.
[2674380] Failed to build match row: Ural Yekaterinburg vs FK Ufa
[2842412] Could not find attributes for catalin carp (FK Ufa, 2016)

Keepers & outfield error for **AO FK Zenit Sankt-Peterburg** in AO FK Zenit Sankt-Peterburg vs Olympique Lyonnais: Numbers: 2 and 9.
[2618584] Failed to build match row: AO FK Zenit Sankt-Peterburg vs Olympique Lyonnais
[2842412] Failed to build match row: FK Ufa vs FK Spartak Moskva
[2882183] Could not find attributes for plamen iliev (Astra Giurgiu (- 2024), 2017)
[2882183] Failed to build match row: Astra Giurgiu (- 2024) vs Zira FC
[2608168] Could not find attributes for aritm (FK Krasnodar, 2015)
[2334974] Could not find attributes for jack leitch (Motherwell Football Club, 2013)
[2608168] Failed to build match row: FK Krasnodar vs Kuban Krasnodar (-2018)
[2334974] Failed to build match row: Inverness Caledonian Thistle FC vs Motherwell Football Club
[3183733] Could not find attributes for anton shunin (FK Dinamo Moskva, 2018)
[3183733] Failed to build match row: FK Dinamo Moskva vs Arsenal Tula
[2934675] Could not find attributes for ross anderson (Buckie Thistle FC, 2017)
[2934675] Failed to build match row: Buckie Thistle FC vs Brechin City FC
[3122358] Could not find attributes for adam maher (Alkmaar Zaanstreek, 2018)
[2726578] Failed to scrape lineup: https://www.transfermarkt.co.uk/juventus-fc_ssc-napoli/index/spielbericht/2726578

Keepers & outfield error for **FC Schalke 04** in FC Schalke 04 vs Sport-Club Freiburg: Numbers: 2 and 9.
[3283475] Failed to scrape lineup: https://www.transfermarkt.co.uk/spielbericht/index/spielbericht/3283475
[2496917] Could not find attributes for danny been (Ajax Amateurs, 2014)
[3122358] Failed to build match row: Alkmaar Zaanstreek vs Prins Hendrik Ende Desespereert Nimmer Combinatie Zwolle
[2321191] Failed to build match row: FC Schalke 04 vs Sport-Club Freiburg
[2496917] Failed to build match row: Ajax Amateurs vs Nijmegen Eendracht Combinatie
[2735527] Could not find attributes for firmin mubele (Rennes, 2016)
[2735527] Failed to build match row: Rennes vs Olympique Gymnaste Club Nice Côte d'Azur
[3211333] Could not find attributes for rafa silva (Sport Lisboa e Benfica, 2019)
[3211333] Failed to build match row: Sport Lisboa e Benfica vs FC Paços de Ferreira

Keepers & outfield error for **Celta** in Celta vs Real Madrid Club de Fútbol: Numbers: 0 and 11.
[2475509] Failed to build match row: Celta vs Real Madrid Club de Fútbol
[2996151] Failed to scrape lineup: https://www.transfermarkt.co.uk/spielbericht/index/spielbericht/2996151
[2720821] Could not find attributes for gege (Futebol Clube de Arouca, 2016)
[2764479] Could not find attributes for cyril kali (Veria NPS, 2016)
[2720821] Failed to build match row: Futebol Clube de Arouca vs CS Marítimo
[2905730] Could not find attributes for jan lastuvka (SK Slavia Praha, a.s., 2017)
[2469124] Could not find attributes for juvenal edjogo (FC Santa Coloma, 2014)
[2764479] Failed to build match row: Veria NPS vs Panathinaikos Athlitikos Omilos
[2558482] Could not find attributes for jamie macdonald (Falkirk Football & Athletic Club, 2014)
[2597428] Could not find attributes for oleksandr shovkovskyi (Futbolniy Klub Dynamo Kyiv, 2015)
[2905730] Failed to build match row: SK Slavia Praha, a.s. vs APOEL Nicosia
[2558482] Failed to build match row: Inverness Caledonian Thistle FC vs Falkirk Football & Athletic Club
[2469124] Failed to build match row: FC Santa Coloma vs Maccabi Tel Aviv
[2597428] Failed to build match row: Futbolniy Klub Dynamo Kyiv vs Karpaty Lviv (-2021)
[2704606] Could not find attributes for jordan torunarigha (Hertha BSC, 2016)
[2842413] Could not find attributes for mario fernandes (PFK CSKA Moskva, 2016)
[2842413] Failed to build match row: FK Krasnodar vs PFK CSKA Moskva
[2704606] Failed to build match row: Mönchengladbach vs Hertha BSC
[3183734] Could not find attributes for matvey safonov (FK Krasnodar, 2018)
[2618585] Could not find attributes for danijel milicevic (Koninklijke Atletiek Associatie Gent, 2015)
Not enough players found for lineup: 0, 0.

Keepers & outfield error for **Esbjerg fB** in Randers Fodbold Club vs Esbjerg fB: Numbers: 0 and 11.
[3283476] Failed to scrape lineup: https://www.transfermarkt.co.uk/spielbericht/index/spielbericht/3283476
[3183734] Failed to build match row: FK Krasnodar vs FC Rubin Kazan
[2581393] Failed to build match row: Randers Fodbold Club vs Esbjerg fB
[2618585] Failed to build match row: Valencia Club de Fútbol S. A. D. vs Koninklijke Atletiek Associatie Gent

Keepers & outfield error for **SPAL** in Torino Calcio vs SPAL: Numbers: 2 and 9.
[2359385] Failed to scrape lineup: https://www.transfermarkt.co.uk/atalanta-bc_calcio-catania/index/spielbericht/2359385
[2897534] Failed to build match row: Torino Calcio vs SPAL
[3219260] Failed to scrape lineup: https://www.transfermarkt.co.uk/aston-villa_manchester-city/index/spielbericht/3219260
[3076545] Failed to scrape lineup: https://www.transfermarkt.co.uk/spielbericht/index/spielbericht/3076545
[3252164] Could not find attributes for marko gobeljic (Fudbalski klub Crvena zvezda Beograd, 2019)
[3252164] Failed to build match row: Fudbalski klub Crvena zvezda Beograd vs Olympiakos Syndesmos Filathlon Peiraios
[2346032] Could not find attributes for egemen korkmaz (Fenerbahçe Spor Kulübü, 2013)
[2346032] Failed to build match row: Fenerbahçe Spor Kulübü vs Sivasspor

Keepers & outfield error for **Crawley Town** in Crawley Town vs Luton Town: Numbers: 0 and 11.
[2636245] Failed to build match row: Crawley Town vs Luton Town
[2674381] Could not find attributes for zaurbek pliev (RFK Akhmat Grozny, 2015)
[2674381] Failed to build match row: RFK Akhmat Grozny vs Anzhi Makhachkala ( -2022)
[2764480] Could not find attributes for gennadios xenodochof (Athlitiki Enosi Larisas, 2016)
[2341009] Could not find attributes for stefan mitrovic (Real Valladolid CF, 2013)
[2764480] Failed to build match row: Athlitiki Enosi Larisas vs Panionios Athens
[2341009] Failed to build match row: Real Valladolid CF vs Elche Club de Fútbol S.A.D.
[2559087] Could not find attributes for dmitriy stotskiy (FK Ufa, 2014)
[2559087] Failed to build match row: FK Ufa vs Kuban Krasnodar (-2018)
[2496918] Could not find attributes for agil etemadi (Almere City FC, 2014)
[2496918] Failed to build match row: Almere City FC vs ADO Den Haag
II Tilburg, 2017)
[3063658] Failed to scrape lineup: https://www.transfermarkt.co.uk/aarhus-gf_aalborg-bk/index/spielbericht/3063658
[2334975] Failed to scrape lineup: https://www.transfermarkt.co.uk/kilmarnock-fc_celtic-fc/index/spielbericht/2334975
[2726580] Could not find attributes for albano bizzarri (Delfino Pescara 1936, 2016)
[2996633] Failed to build match row: Feyenoord Rotterdam vs Willem II Tilburg
[2726580] Failed to build match row: Associazione Calcio Milan vs Delfino Pescara 1936
[2882184] Could not find attributes for charly schinker (FC Progrès Niederkorn, 2017)
[3203709] Failed to build match row: FC Schalke 04 vs Bayer 04 Leverkusen Fußball
Not enough players found for lineup: 0, 0.
[2882184] Failed to build match row: FC Progrès Niederkorn vs AEL Limassol
[3183735] Could not find attributes for yuriy dyupin (Anzhi Makhachkala ( -2022), 2018)
[2888331] Could not find attributes for romeo castelen (VVV-Venlo, 2017)
[3283477] Failed to scrape lineup: https://www.transfermarkt.co.uk/spielbericht/index/spielbericht/3283477
[2735529] Could not find attributes for rod fanni (Olympique de Marseille, 2016)
[3183735] Failed to build match row: Anzhi Makhachkala ( -2022) vs Ural Yekaterinburg
[2888331] Failed to build match row: VVV-Venlo vs Football Club Twente
[2735529] Failed to build match row: Football Club de Nantes vs Olympique de Marseille
[2700278] Could not find attributes for yuriy logvinenko (FC Astana, 2016)
[2700278] Failed to build match row: FC Astana vs FK Zalgiris Vilnius
[2589048] Could not find attributes for henrico drost (Excelsior Rotterdam, 2015)
[2581394] Could not find attributes for david boysen (Brøndby Idrætsforening, 2015)
[2589048] Failed to build match row: De Graafschap Doetinchem vs Excelsior Rotterdam
[2720822] Failed to scrape lineup: https://www.transfermarkt.co.uk/sl-benfica_fc-pacos-de-ferreira/index/spielbericht/2720822
[2581394] Failed to build match row: Brøndby Idrætsforening vs Sønderjyske Fodbold
[2872086] Failed to scrape lineup: https://www.transfermarkt.co.uk/1-fsv-mainz-05_rb-leipzig/index/spielbericht/2872086

Keepers & outfield error for **Malmö Fotbollförening** in Malmö Fotbollförening vs FC Shakhtar Donetsk: Numbers: 0 and 11.
[2618586] Failed to build match row: Malmö Fotbollförening vs FC Shakhtar Donetsk
[3219262] Could not find attributes for danny ings (Southampton FC, 2019)
[2934676] Could not find attributes for blair currie (Clyde FC, 2017)
[2905731] Failed to scrape lineup: https://www.transfermarkt.co.uk/spielbericht/index/spielbericht/2905731
[3219262] Failed to build match row: Southampton FC vs Tottenham Hotspur Football Club
[2934676] Failed to build match row: Clyde FC vs East Fife FC
[2559088] Could not find attributes for evgeniy gapon (Mordovia Saransk (-2020), 2014)

Keepers & outfield error for **Granada CF** in Granada CF vs Real Betis Balompié S.A.D.: Numbers: 2 and 9.
[2559088] Failed to build match row: Mordovia Saransk (-2020) vs Ural Yekaterinburg
[2704607] Could not find attributes for fabian frei (1. Fußball- und Sportverein Mainz 05, 2016)
[3050414] Could not find attributes for moussa sissoko (Tottenham Hotspur Football Club, 2018)
[2704607] Failed to build match row: 1. Fußball- und Sportverein Mainz 05 vs RasenBallsport Leipzig
[2341010] Failed to build match row: Granada CF vs Real Betis Balompié S.A.D.
[3050414] Failed to build match row: Tottenham Hotspur Football Club vs Leicester City
[2842414] Could not find attributes for timofey margasov (Футбольный клуб "Локомотив" Москва, 2016)
[3122359] Could not find attributes for radomir novakovic (Roda JC Kerkrade, 2018)
Not enough players found for lineup: 0, 0.
[3183736] Could not find attributes for aleksandr belenov (FK Ufa, 2018)
[3122359] Failed to build match row: Roda JC Kerkrade vs AFC Ajax Amsterdam
[2842414] Failed to build match row: Футбольный клуб "Локомотив" Москва vs FK Rostov
[2346033] Failed to scrape lineup: https://www.transfermarkt.co.uk/besiktas-jk_gaziantepspor/index/spielbericht/2346033
[3183736] Failed to build match row: Футбольный клуб "Локомотив" Москва vs FK Ufa
[3076546] Failed to scrape lineup: https://www.transfermarkt.co.uk/spielbericht/index/spielbericht/3076546
[3283512] Failed to scrape lineup: https://www.transfermarkt.co.uk/spielbericht/index/spielbericht/3283512
[2764481] Could not find attributes for zivko zivkovic (AO Xanthi, 2016)

Keepers & outfield error for **AO FK Zenit Sankt-Peterburg** in AO FK Zenit Sankt-Peterburg vs FK Krasnodar: Numbers: 2 and 9.
[2764481] Failed to build match row: AO Xanthi vs AOK Kerkyra
[2370545] Could not find attributes for pim balkestein (VVV-Venlo, 2013)
snodar

Keepers & outfield error for **Alaves** in Alaves vs Club Atlético Osasuna: Numbers: 2 and 9.

Keepers & outfield error for **Genoa Cricket and Football Club** in Genoa Cricket and Football Club vs Atalanta Bergamasca Calcio S.p.a.: Numbers: 0 and 11.
[2735530] Could not find attributes for yannis salibur (EA Guingamp, 2016)
[2370545] Failed to build match row: Sportclub Heerenveen vs VVV-Venlo
[2481214] Failed to build match row: Alaves vs Club Atlético Osasuna

Keepers & outfield error for **Paris Saint-Germain Football Club** in Paris Saint-Germain Football Club vs Real Madrid Club de Fútbol: Numbers: 2 and 9.
[2735530] Failed to build match row: EA Guingamp vs Olympique Lyonnais
[3229188] Failed to build match row: Genoa Cricket and Football Club vs Atalanta Bergamasca Calcio S.p.a.
[2618587] Failed to build match row: Paris Saint-Germain Football Club vs Real Madrid Club de Fútbol

Keepers & outfield error for **Athletic Club Bilbao** in Athletic Club Bilbao vs Real Sociedad de Fútbol S.A.D.: Numbers: 2 and 9.
[2496919] Failed to scrape lineup: https://www.transfermarkt.co.uk/spielbericht/index/spielbericht/2496919
[3211335] Failed to scrape lineup: https://www.transfermarkt.co.uk/portimonense-sc_b-sad/index/spielbericht/3211335

Keepers & outfield error for **SD Eibar** in SD Huesca vs SD Eibar: Numbers: 3 and 8.
[3081088] Failed to build match row: SD Huesca vs SD Eibar
[2897537] Could not find attributes for bacary sagna (Benevento Calcio, 2017)
[2897537] Failed to build match row: Chievo Verona vs Benevento Calcio
[3219263] Failed to scrape lineup: https://www.transfermarkt.co.uk/leicester-city_southampton-fc/index/spielbericht/3219263
[2517341] Failed to scrape lineup: https://www.transfermarkt.co.uk/spielbericht/index/spielbericht/2517341
[2674382] Could not find attributes for aleksandr belenov (Kuban Krasnodar (-2018), 2015)
[2872087] Failed to scrape lineup: https://www.transfermarkt.co.uk/vfl-wolfsburg_hamburger-sv/index/spielbericht/2872087
[2674382] Failed to build match row: Kuban Krasnodar (-2018) vs Amkar Perm
[2882185] Could not find attributes for tymofiy sheremeta (FK Trakai, 2017)
[2882185] Failed to build match row: IFK Norrköping vs FK Trakai
[3183737] Could not find attributes for aleksandr dovbnya (FC Orenburg, 2018)
[3183737] Failed to build match row: FC Orenburg vs FK Spartak Moskva
Not enough players found for lineup: 0, 0.
[3283513] Failed to scrape lineup: https://www.transfermarkt.co.uk/spielbericht/index/spielbericht/3283513
[2934677] Could not find attributes for kyle hutton (Dumbarton FC, 2017)
[2934677] Failed to build match row: Dumbarton FC vs Elgin City FC

Keepers & outfield error for **Chelsea Football Club** in Chelsea Football Club vs Hull City: Numbers: 2 and 9.
[3000025] Failed to build match row: Chelsea Football Club vs Hull City

Keepers & outfield error for **Espanol** in Athletic Club Bilbao vs Espanol: Numbers: 2 and 9.
[2330832] Failed to scrape lineup: https://www.transfermarkt.co.uk/fc-evian-thonon-gaillard_stade-rennais-fc/index/spielbericht/2330832
[2700279] Failed to scrape lineup: https://www.transfermarkt.co.uk/spielbericht/index/spielbericht/2700279
[2704609] Could not find attributes for matthias lehmann (1. Fußball-Club Köln, 2016)

Keepers & outfield error for **Rio Ave Futebol Clube** in Rio Ave Futebol Clube vs Vitória Sport Clube: Numbers: 2 and 9.
[2726582] Failed to scrape lineup: https://www.transfermarkt.co.uk/udinese-calcio_torino-fc/index/spielbericht/2726582
[3211336] Failed to build match row: Rio Ave Futebol Clube vs Vitória Sport Clube
[2704609] Failed to build match row: 1. Fußball-Club Köln vs Eintracht Frankfurt Fußball AG
[2481215] Failed to scrape lineup: https://www.transfermarkt.co.uk/spielbericht/index/spielbericht/2481215
[2842415] Could not find attributes for aleksandr melikhov (Tom Tomsk, 2016)
[2888332] Failed to scrape lineup: https://www.transfermarkt.co.uk/heracles-almelo_sc-heerenveen/index/spielbericht/2888332
[2842415] Failed to build match row: Tom Tomsk vs FC Rubin Kazan

Keepers & outfield error for **Real Valladolid CF** in Real Valladolid CF vs Girona Fútbol Club S. A. D.: Numbers: 2 and 9.
[2346034] Could not find attributes for aykut demir (Trabzonspor Kulübü, 2013)
[2720823] Could not find attributes for kamran agayev (Boavista FC, 2016)
[2346034] Failed to build match row: Trabzonspor Kulübü vs Kardemir Karabükspor
[3081089] Failed to build match row: Real Valladolid CF vs Girona Fútbol Club S. A. D.

Keepers & outfield error for **Verona Hellas Football Club** in Verona Hellas Football Club vs Società Sportiva Calcio Napoli: Numbers: 0 and 11.
[2469187] Could not find attributes for eldos akhmetov (FC Astana, 2014)
[2486787] Failed to scrape lineup: https://www.transfermarkt.co.uk/west-bromwich-albion_leicester-city/index/spielbericht/2486787
[3050415] Could not find attributes for etienne capoue (Watford FC, 2018)
[2720823] Failed to build match row: Boavista FC vs Grupo Desportivo Estoril Praia
[2469187] Failed to build match row: FC Astana vs Hapoel Tel Aviv
[2636246] Could not find attributes for jake mulraney (Dagenham & Redbridge FC, 2015)
[2359388] Failed to build match row: Verona Hellas Football Club vs Società Sportiva Calcio Napoli
[3050415] Failed to build match row: Watford FC vs Everton Football Club
[2636246] Failed to build match row: Dagenham & Redbridge FC vs Morecambe FC
[3096456] Could not find attributes for philipp tschauner (Hannover 96, 2018)
[3096456] Failed to build match row: Hannover 96 vs Verein für Leibesübungen Wolfsburg
[3203711] Could not find attributes for antony evans (SC Paderborn 07, 2019)
[3203711] Failed to build match row: SC Paderborn 07 vs Sportverein Werder Bremen von 1899
[3283799] Could not find attributes for dmitriy khomich (FC Khimki (-2025), 2019)
[3283799] Failed to build match row: FC Khimki (-2025) vs Torpedo Moscow
[2581395] Failed to scrape lineup: https://www.transfermarkt.co.uk/viborg-ff_hobro-ik/index/spielbericht/2581395
Not enough players found for lineup: 0, 11.
[2496920] Failed to scrape lineup: https://www.transfermarkt.co.uk/spielbericht/index/spielbericht/2496920
[2764482] Could not find attributes for andrey gorbunov (APS Atromitos Athinon, 2016)
[2764482] Failed to build match row: APS Atromitos Athinon vs Olympiakos Syndesmos Filathlon Peiraios
[2735531] Failed to scrape lineup: https://www.transfermarkt.co.uk/fc-lorient_ogc-nice/index/spielbericht/2735531
[3394606] Failed to scrape lineup: https://www.transfermarkt.co.uk/angers-sco_stade-brestois-29/index/spielbericht/3394606
[2475513] Failed to scrape lineup: https://www.transfermarkt.co.uk/levante-ud_cordoba-cf/index/spielbericht/2475513
[2589051] Could not find attributes for hedwiges maduro (Football Club Groningen, 2015)
[2589051] Failed to build match row: Football Club Groningen vs Football Club Utrecht

Keepers & outfield error for **Levante Unión Deportiva S.A.D.** in Levante Unión Deportiva S.A.D. vs UD Almería: Numbers: 2 and 9.
[3076547] Could not find attributes for dudu goresh (Hapoel Beer Sheva, 2018)
[2341012] Failed to build match row: Levante Unión Deportiva S.A.D. vs UD Almería
[3063660] Could not find attributes for mikkel wohlgemuth (Vendsyssel FF, 2018)
[3076547] Failed to build match row: Hapoel Beer Sheva vs GNK Dinamo Zagreb
[3063660] Failed to build match row: Vendsyssel FF vs AC Horsens
[2905733] Could not find attributes for jelle vossen (Club Brugge Koninklijke Voetbalvereniging, 2017)
[2905733] Failed to build match row: Athlitiki Enosi Konstantinoupoleos vs Club Brugge Koninklijke Voetbalvereniging
[2370546] Could not find attributes for arjan kok (Excelsior '31 Rijssen, 2013)
[2597429] Failed to scrape lineup: https://www.transfermarkt.co.uk/metalist-kharkiv_goverla-uzhgorod-2016-/index/spielbericht/2597429
[2370546] Failed to build match row: Excelsior '31 Rijssen vs Heracles Almelo
[3122361] Could not find attributes for richard arends (Kozakken Boys, 2018)
[3122361] Failed to build match row: Kozakken Boys vs Vitesse Arnhem
[2459625] Failed to scrape lineup: https://www.transfermarkt.co.uk/feyenoord-rotterdam_willem-ii-tilburg/index/spielbericht/2459625
[2704610] Could not find attributes for gojko kacar (Fußball-Club Augsburg 1907, 2016)
[2704610] Failed to build match row: Fußball-Club Augsburg 1907 vs FC Ingolstadt 04
[2469188] Could not find attributes for matej mitrovic (Hrvatski Nogometni Klub Rijeka, 2014)
[2559089] Could not find attributes for robert arzumanyan (Amkar Perm, 2014)
[2469188] Failed to build match row: Hrvatski Nogometni Klub Rijeka vs Ferencvárosi TC
[2346035] Could not find attributes for zulkuf ozer (Elazigspor, 2013)
[2559089] Failed to build match row: Amkar Perm vs RFK Akhmat Grozny
[2346035] Failed to build match row: Elazigspor vs Konyaspor
Not enough players found for lineup: 0, 11.
[2674384] Could not find attributes for giorgi loria (PFK Krylya Sovetov Samara, 2015)
[2334978] Could not find attributes for marian kello (Saint Mirren Football Club, 2013)
[2496921] Failed to scrape lineup: https://www.transfermarkt.co.uk/spielbericht/index/spielbericht/2496921
[2882186] Could not find attributes for lukas skovajsa (AS Trencin, 2017)
[2674384] Failed to build match row: Mordovia Saransk (-2020) vs PFK Krylya Sovetov Samara
[2334978] Failed to build match row: Saint Mirren Football Club vs Kilmarnock Football Club
[2882186] Failed to build match row: AS Trencin vs Bnei Yehuda Tel Aviv
[2608172] Could not find attributes for aleksandr belenov (Kuban Krasnodar (-2018), 2015)
[2934680] Could not find attributes for declan gallagher (Livingston Football Club, 2017)

Keepers & outfield error for **1. Fußball- und Sportverein Mainz 05** in Borussia Dortmund vs 1. Fußball- und Sportverein Mainz 05: Numbers: 2 and 9.
[2735532] Could not find attributes for yannis salibur (EA Guingamp, 2016)
[2608172] Failed to build match row: Kuban Krasnodar (-2018) vs FC Rubin Kazan
[3203712] Failed to build match row: Borussia Dortmund vs 1. Fußball- und Sportverein Mainz 05
[2735532] Failed to build match row: FC Girondins Bordeaux vs EA Guingamp
[2700280] Could not find attributes for mihkel aksalu (SJK Seinäjoki, 2016)
[2934680] Failed to build match row: Livingston Football Club vs Glenafton Athletic FC
[2700280] Failed to build match row: SJK Seinäjoki vs BATE Borisov
[2720824] Could not find attributes for ponck (GD Chaves, 2016)
[3063661] Could not find attributes for melker hallberg (Vejle Boldklub, 2018)
[2764483] Could not find attributes for dusan pernis (Iraklis Thessaloniki, 2016)
[3063661] Failed to build match row: Vejle Boldklub vs Football Club København
[2720824] Failed to build match row: GD Chaves vs CD Feirense
milos vs Iraklis Thessaloniki
[2597430] Could not find attributes for dmytro bezruk (Chornomorets Odesa, 2015)
[2597430] Failed to build match row: Chornomorets Odesa vs FC Zorya Lugansk

Keepers & outfield error for **Association sportive de Monaco Football Club** in Association sportive de Monaco Football Club vs Toulouse Football Club: Numbers: 2 and 9.
[2581396] Could not find attributes for collins tanor (Fodbold Club Nordsjælland, 2015)
[2636247] Could not find attributes for jack turner (Staines Town FC, 2015)

Keepers & outfield error for **Mönchengladbach** in 1. Fußball- und Sportverein Mainz 05 vs Mönchengladbach: Numbers: 2 and 9.
[2330834] Failed to build match row: Association sportive de Monaco Football Club vs Toulouse Football Club
[2359390] Could not find attributes for leandro rinaudo (US Livorno 1915, 2013)
[2581396] Failed to build match row: Fodbold Club Midtjylland vs Fodbold Club Nordsjælland
[3184897] Could not find attributes for dmytro chygrynskyi (Athlitiki Enosi Konstantinoupoleos, 2018)
[2636247] Failed to build match row: Leyton Orient vs Staines Town FC
[2321196] Failed to build match row: 1. Fußball- und Sportverein Mainz 05 vs Mönchengladbach

Keepers & outfield error for **RasenBallsport Leipzig** in RasenBallsport Leipzig vs Verein für Leibesübungen Wolfsburg: Numbers: 0 and 11.
[3252169] Could not find attributes for diego costa (Club Atlético de Madrid S.A.D., 2019)
[2559090] Could not find attributes for anton putilo (Torpedo Moscow, 2014)
[2359390] Failed to build match row: US Livorno 1915 vs Parma Calcio 1913
[3184897] Failed to build match row: Panthessalonikios Athlitikos Omilos Konstantinoupoliton vs Athlitiki Enosi Konstantinoupoleos
[2872089] Failed to build match row: RasenBallsport Leipzig vs Verein für Leibesübungen Wolfsburg
[2559090] Failed to build match row: Torpedo Moscow vs PFK CSKA Moskva
[2469189] Could not find attributes for dmitriy khomich (Kairat Almaty, 2014)
[3252169] Failed to build match row: Футбольный клуб "Локомотив" Москва vs Club Atlético de Madrid S.A.D.
[2469189] Failed to build match row: Kairat Almaty vs Esbjerg fB
[2346036] Could not find attributes for hakan arikan (Antalyaspor, 2013)
[2346036] Failed to build match row: Galatasaray Spor Kulübü vs Antalyaspor
Not enough players found for lineup: 0, 11.

Keepers & outfield error for **Футбольный клуб "Локомотив" Москва** in Футбольный клуб "Локомотив" Москва vs FC Rubin Kazan: Numbers: 0 and 11.
[2496922] Failed to scrape lineup: https://www.transfermarkt.co.uk/spielbericht/index/spielbericht/2496922
[2888334] Could not find attributes for theo zwarthoed (Excelsior Rotterdam, 2017)
[2674385] Failed to build match row: Футбольный клуб "Локомотив" Москва vs FC Rubin Kazan
[2888334] Failed to build match row: Feyenoord Rotterdam vs Excelsior Rotterdam
[2704611] Failed to build match row: Sportverein Werder Bremen von 1899 vs FC Schalke 04
[2475515] Failed to scrape lineup: https://www.transfermarkt.co.uk/granada-cf_rcd-espanyol-barcelona/index/spielbericht/2475515
[3229190] Could not find attributes for mato jajalo (Udinese Calcio, 2019)
[3229190] Failed to build match row: Football Club Internazionale Milano S.p.A. vs Udinese Calcio

Keepers & outfield error for **Футбольный клуб "Локомотив" Москва** in Футбольный клуб "Локомотив" Москва vs RFK Akhmat Grozny: Numbers: 0 and 11.
[2608173] Failed to build match row: Футбольный клуб "Локомотив" Москва vs RFK Akhmat Grozny
[2905734] Could not find attributes for guillem truyols (AEK Larnaca, 2017)
[2905734] Failed to build match row: AEK Larnaca vs FC Viktoria Plzeň, a.s.
[2370547] Could not find attributes for sjors verdellen (MVV Maastricht, 2013)
[2370547] Failed to build match row: MVV Maastricht vs ADO Den Haag
[2842416] Could not find attributes for gregor balazic (Ural Yekaterinburg, 2016)
[2842416] Failed to build match row: Ural Yekaterinburg vs FC Orenburg
[3283800] Could not find attributes for dmitriy yashin (Shinnik Yaroslavl, 2019)
[3283800] Failed to build match row: Shinnik Yaroslavl vs Ural Yekaterinburg
[2359391] Could not find attributes for giovanni marchese (Genoa Cricket and Football Club, 2013)
[2559091] Failed to scrape lineup: https://www.transfermarkt.co.uk/fc-krasnodar_lokomotiv-moskau/index/spielbericht/2559091
[2359391] Failed to build match row: Associazione Sportiva Roma vs Genoa Cricket and Football Club
[2486789] Failed to scrape lineup: https://www.transfermarkt.co.uk/arsenal-fc_sunderland-afc/index/spielbericht/2486789
[2581397] Could not find attributes for frederik tingager (Odense Boldklub, 2015)
[2459627] Could not find attributes for christian kum (Football Club Utrecht, 2014)
[2764484] Could not find attributes for ilias evangelou (A.G.S Asteras Tripolis, 2016)
[2882187] Could not find attributes for dominik greif (Slovan Bratislava, 2017)

Keepers & outfield error for **Clube Desportivo Nacional** in Clube Desportivo Nacional vs Sporting Clube de Portugal: Numbers: 0 and 11.
[2764484] Failed to build match row: A.G.S Asteras Tripolis vs APO Levadiakos Football Club
[2882187] Failed to build match row: Slovan Bratislava vs Lyngby Boldklub
[2459627] Failed to build match row: Football Club Utrecht vs ADO Den Haag
[2581397] Failed to build match row: Odense Boldklub vs Aalborg BK
[3187885] Could not find attributes for yaroslav godzyur (Ural Yekaterinburg, 2018)
[2720825] Failed to build match row: Clube Desportivo Nacional vs Sporting Clube de Portugal
[3187885] Failed to build match row: Футбольный клуб "Локомотив" Москва vs Ural Yekaterinburg

Keepers & outfield error for **Real Valladolid CF** in Club Atlético de Madrid S.A.D. vs Real Valladolid CF: Numbers: 2 and 9.
[3096458] Could not find attributes for oscar wendt (Mönchengladbach, 2018)
Not enough players found for lineup: 0, 0.
[3081091] Failed to build match row: Club Atlético de Madrid S.A.D. vs Real Valladolid CF
[3096458] Failed to build match row: Mönchengladbach vs Bayer 04 Leverkusen Fußball
[2888349] Could not find attributes for theo zwarthoed (Excelsior Rotterdam, 2017)
[2334980] Could not find attributes for sanel jahic (St. Johnstone FC, 2013)
[2469190] Failed to scrape lineup: https://www.transfermarkt.co.uk/spielbericht/index/spielbericht/2469190
[2888349] Failed to build match row: Excelsior Rotterdam vs Willem II Tilburg
[2334980] Failed to build match row: St. Johnstone FC vs The Celtic Football Club
[2346037] Could not find attributes for bojan jorgacevic (Kayseri Erciyesspor, 2013)

Keepers & outfield error for **Genoa Cricket and Football Club** in Genoa Cricket and Football Club vs Udinese Calcio: Numbers: 2 and 9.
[2346037] Failed to build match row: Kayseri Erciyesspor vs Akhisarspor
[2597431] Could not find attributes for oleksandr bandura (PFK Stal Kamyanske (-2018), 2015)
[3050417] Failed to scrape lineup: https://www.transfermarkt.co.uk/brighton-amp-hove-albion_arsenal-fc/index/spielbericht/3050417
[2597431] Failed to build match row: PFK Stal Kamyanske (-2018) vs Volyn Lutsk
[2726585] Failed to build match row: Genoa Cricket and Football Club vs Udinese Calcio
[2905735] Could not find attributes for zeca (Panathinaikos Athlitikos Omilos, 2017)
[2905735] Failed to build match row: Athletic Club Bilbao vs Panathinaikos Athlitikos Omilos

Keepers & outfield error for **Verona Hellas Football Club** in Juventus Football Club vs Verona Hellas Football Club: Numbers: 0 and 11.
[2897541] Failed to build match row: Juventus Football Club vs Verona Hellas Football Club
[3076555] Could not find attributes for jonathan joubert (F91 Dudelange, 2018)
[3076555] Failed to build match row: F91 Dudelange vs FC Drita
[2764485] Could not find attributes for mark asigba (Veria NPS, 2016)
[2764485] Failed to build match row: Veria NPS vs AO Platanias

Keepers & outfield error for **UC Sampdoria** in UC Sampdoria vs Udinese Calcio: Numbers: 0 and 11.
[2359392] Failed to build match row: UC Sampdoria vs Udinese Calcio
[2700281] Failed to scrape lineup: https://www.transfermarkt.co.uk/spielbericht/index/spielbericht/2700281

Keepers & outfield error for **Sporting Clube de Braga** in Sporting Clube de Braga vs CF Os Belenenses: Numbers: 2 and 9.
[2720826] Failed to build match row: Sporting Clube de Braga vs CF Os Belenenses
[2735533] Could not find attributes for lukas pokorny (Montpellier HSC, 2016)

Keepers & outfield error for **Liverpool Football Club** in Liverpool Football Club vs Fußballclub Red Bull Salzburg: Numbers: 0 and 11.
[3252171] Failed to build match row: Liverpool Football Club vs Fußballclub Red Bull Salzburg
[2486790] Could not find attributes for niko kranjcar (Queens Park Rangers, 2014)
[2735533] Failed to build match row: Montpellier HSC vs AS Saint-Étienne
[2872090] Failed to scrape lineup: https://www.transfermarkt.co.uk/1-fc-koln_bayern-munich/index/spielbericht/2872090
[2346038] Could not find attributes for ramazan kose (Gençlerbirliği Spor Kulübü, 2013)
[2486790] Failed to build match row: Aston Villa Football Club vs Queens Park Rangers
[2346038] Failed to build match row: Gençlerbirliği Spor Kulübü vs Kayserispor Kulübü
[2934682] Could not find attributes for jamie redman (Montrose FC, 2017)
[2934682] Failed to build match row: Montrose FC vs Queen of the South FC
[3229191] Could not find attributes for albin ekdal (UC Sampdoria, 2019)
[2475516] Failed to scrape lineup: https://www.transfermarkt.co.uk/rayo-vallecano_valencia-cf/index/spielbericht/2475516
[3229191] Failed to build match row: Società Sportiva Calcio Napoli vs UC Sampdoria
[2618589] Failed to scrape lineup: https://www.transfermarkt.co.uk/spielbericht/index/spielbericht/2618589

Keepers & outfield error for **Fußballklub Austria Wien** in Fußballklub Austria Wien vs NK Osijek s.d.d.: Numbers: 2 and 9.
[2905736] Failed to build match row: Fußballklub Austria Wien vs NK Osijek s.d.d.

Keepers & outfield error for **Everton Football Club** in Burnley Football Club vs Everton Football Club: Numbers: 2 and 9.
[2597432] Could not find attributes for denys boyko (Dnipro Dnipropetrovsk (-2020), 2015)
[2597432] Failed to build match row: Dnipro Dnipropetrovsk (-2020) vs Karpaty Lviv (-2021)
[3050418] Failed to build match row: Burnley Football Club vs Everton Football Club

Keepers & outfield error for **Rio Ave Futebol Clube** in Futebol Clube de Famalicão vs Rio Ave Futebol Clube: Numbers: 2 and 9.
[3211337] Failed to build match row: Futebol Clube de Famalicão vs Rio Ave Futebol Clube
[2341013] Failed to scrape lineup: https://www.transfermarkt.co.uk/sevilla-fc_fc-barcelona/index/spielbericht/2341013

Keepers & outfield error for **Club de Fútbol Cruz Azul S.A. de C.V.** in Club de Fútbol Cruz Azul S.A. de C.V. vs Real Madrid Club de Fútbol: Numbers: 0 and 11.
[2517431] Failed to build match row: Club de Fútbol Cruz Azul S.A. de C.V. vs Real Madrid Club de Fútbol
[3076556] Could not find attributes for edvan bakaj (FC Drita, 2018)
[2370548] Could not find attributes for Peter van der Vlag (FC Emmen, 2013)
[3000027] Could not find attributes for jordan shipley (Coventry City, 2017)
[2370548] Failed to build match row: FC Emmen vs VV IJsselmeervogels
[3076556] Failed to build match row: FC Drita vs F91 Dudelange
[3000027] Failed to build match row: Brighton and Hove Albion Football Club vs Coventry City
[2481216] Could not find attributes for nikola gulan (Real Club Deportivo Mallorca S.A.D., 2014)
[2481216] Failed to build match row: Real Club Deportivo Mallorca S.A.D. vs UD Las Palmas
[3283801] Could not find attributes for aleksandr sobolev (FK Spartak Moskva, 2019)
[3283801] Failed to build match row: FK Spartak Moskva vs PFK CSKA Moskva
[3063663] Failed to scrape lineup: https://www.transfermarkt.co.uk/aalborg-bk_vendsyssel-ff/index/spielbericht/3063663
[2700282] Could not find attributes for gunnar nielsen (FH Hafnarfjördur, 2016)
[2700282] Failed to build match row: FH Hafnarfjördur vs Dundalk FC
[2674387] Could not find attributes for fatos beqiraj (FK Dinamo Moskva, 2015)
[2674387] Failed to build match row: FK Dinamo Moskva vs FK Krasnodar
[2559092] Failed to scrape lineup: https://www.transfermarkt.co.uk/spartak-moscow_rubin-kazan/index/spielbericht/2559092
[2735534] Could not find attributes for firmin mubele (Rennes, 2016)
[2735534] Failed to build match row: Olympique de Marseille vs Rennes
[2636248] Could not find attributes for jan budtz (Gainsborough Trinity, 2015)
[2636248] Failed to build match row: Gainsborough Trinity vs Shrewsbury Town
[2321199] Failed to scrape lineup: https://www.transfermarkt.co.uk/borussia-dortmund_hertha-bsc/index/spielbericht/2321199
[3096459] Could not find attributes for ja cheol koo (Fußball-Club Augsburg 1907, 2018)
[3096459] Failed to build match row: Fußball-Club Augsburg 1907 vs 1. Fußball- und Sportverein Mainz 05
[2618590] Could not find attributes for eldos akhmetov (FC Astana, 2015)
[2618590] Failed to build match row: Club Atlético de Madrid S.A.D. vs FC Astana
[3219267] Failed to scrape lineup: https://www.transfermarkt.co.uk/west-ham-united_leicester-city/index/spielbericht/3219267

Keepers & outfield error for **Elche Club de Fútbol S.A.D.** in Elche Club de Fútbol S.A.D. vs Club Atlético Osasuna: Numbers: 0 and 11.
[3081092] Failed to scrape lineup: https://www.transfermarkt.co.uk/fc-barcelona_levante-ud/index/spielbericht/3081092
[2341014] Failed to build match row: Elche Club de Fútbol S.A.D. vs Club Atlético Osasuna
[2882188] Could not find attributes for damir ljuljanovic (OFK Titograd, 2017)
[2469191] Could not find attributes for sasa stamenkovic (Neftchi Baku, 2014)
[2882188] Failed to build match row: Sportklub Puntigamer Sturm Graz vs OFK Titograd
[2469191] Failed to build match row: Neftchi Baku vs FC Koper
[2559093] Could not find attributes for stipe pletikosa (FK Rostov, 2014)
[2559093] Failed to build match row: FK Rostov vs FK Dinamo Moskva
[2905737] Could not find attributes for maksym koval (Futbolniy Klub Dynamo Kyiv, 2017)
[2905737] Failed to build match row: Futbolniy Klub Dynamo Kyiv vs CS Marítimo

Keepers & outfield error for **Società Sportiva Lazio S.p.A.** in Società Sportiva Lazio S.p.A. vs Football Club Internazionale Milano S.p.A.: Numbers: 2 and 9.
[2897542] Failed to build match row: Società Sportiva Lazio S.p.A. vs Football Club Internazionale Milano S.p.A.
[3189462] Failed to scrape lineup: https://www.transfermarkt.co.uk/spielbericht/index/spielbericht/3189462
[2888350] Failed to scrape lineup: https://www.transfermarkt.co.uk/nac-breda_vitesse-arnhem/index/spielbericht/2888350
[2334981] Failed to scrape lineup: https://www.transfermarkt.co.uk/st-mirren-fc_dundee-united-fc/index/spielbericht/2334981
[2726586] Failed to scrape lineup: https://www.transfermarkt.co.uk/inter-milan_fc-crotone/index/spielbericht/2726586
[2842418] Failed to scrape lineup: https://www.transfermarkt.co.uk/cska-moscow_fc-rostov/index/spielbericht/2842418
[2589055] Failed to scrape lineup: https://www.transfermarkt.co.uk/ajax-amsterdam_vitesse-arnhem/index/spielbericht/2589055
[2496923] Could not find attributes for magid jansen (AFC Amsterdam, 2014)
[2496923] Failed to build match row: AFC Amsterdam vs Excelsior Rotterdam
[2735535] Could not find attributes for jeremy morel (Olympique Lyonnais, 2016)

Keepers & outfield error for **Torino Calcio** in Torino Calcio vs Associazione Calcio Fiorentina: Numbers: 2 and 9.
[2359394] Failed to build match row: Torino Calcio vs Associazione Calcio Fiorentina
[2735535] Failed to build match row: Olympique Lyonnais vs Dijon FCO
[2700283] Could not find attributes for sean oneill (Crusaders FC, 2016)
[3063664] Could not find attributes for melker hallberg (Vejle Boldklub, 2018)
[3063664] Failed to build match row: Hobro IK vs Vejle Boldklub
[2700283] Failed to build match row: Football Club København vs Crusaders FC
[2934683] Could not find attributes for mason robertson (Peterhead FC, 2017)
[2764486] Could not find attributes for giannis anestis (Athlitiki Enosi Konstantinoupoleos, 2016)
[3283802] Could not find attributes for evgeniy gorodov (RFK Akhmat Grozny, 2019)
[2934683] Failed to build match row: Peterhead FC vs Raith Rovers FC
[2764486] Failed to build match row: Panthessalonikios Athlitikos Omilos Konstantinoupoliton vs Athlitiki Enosi Konstantinoupoleos
[3283802] Failed to build match row: RFK Akhmat Grozny vs AO FK Zenit Sankt-Peterburg

Keepers & outfield error for **Moreirense Futebol Clube** in Clube Desportivo de Tondela vs Moreirense Futebol Clube: Numbers: 2 and 9.
[2720828] Failed to build match row: Clube Desportivo de Tondela vs Moreirense Futebol Clube

Keepers & outfield error for **UD Almería** in Real Madrid Club de Fútbol vs UD Almería: Numbers: 0 and 11.
[2872092] Could not find attributes for tony jantschke (Mönchengladbach, 2017)
Not enough players found for lineup: 11, 0.
[2475518] Failed to build match row: Real Madrid Club de Fútbol vs UD Almería
[2872092] Failed to build match row: Mönchengladbach vs Sport-Club Freiburg
[2370549] Failed to scrape lineup: https://www.transfermarkt.co.uk/spielbericht/index/spielbericht/2370549
[2346039] Could not find attributes for yalcin ayhan (Kasımpaşa A.Ş., 2013)
[2346039] Failed to build match row: Kasımpaşa A.Ş. vs Fenerbahçe Spor Kulübü
[2469192] Could not find attributes for aleksandr gutor (Dinamo Minsk, 2014)
[3203714] Could not find attributes for jan thielmann (1. Fußball-Club Köln, 2019)

Keepers & outfield error for **Football Club de Metz** in Football Club de Metz vs Football Club Lorient-Bretagne Sud: Numbers: 0 and 11.
[2469192] Failed to build match row: Dinamo Minsk vs Myllykosken Pallo -47
[3394612] Failed to build match row: Football Club de Metz vs Football Club Lorient-Bretagne Sud
[3203714] Failed to build match row: Bayer 04 Leverkusen Fußball vs 1. Fußball-Club Köln

Keepers & outfield error for **AO FK Zenit Sankt-Peterburg** in AO FK Zenit Sankt-Peterburg vs Arsenal Tula: Numbers: 2 and 9.
[2559094] Failed to build match row: AO FK Zenit Sankt-Peterburg vs Arsenal Tula
[2608177] Could not find attributes for boy waterman (APOEL Nicosia, 2015)
[2905738] Could not find attributes for jander (Apollon Limassol, 2017)
[2608177] Failed to build match row: APOEL Nicosia vs Fodbold Club Midtjylland
[2905738] Failed to build match row: Fodbold Club Midtjylland vs Apollon Limassol
[2597433] Could not find attributes for sergiy basov (FC Oleksandriya, 2015)

Keepers & outfield error for **Association sportive de Monaco Football Club** in Olympique de Marseille vs Association sportive de Monaco Football Club: Numbers: 2 and 9.
[2597433] Failed to build match row: FC Oleksandriya vs Chornomorets Odesa
[2330839] Failed to build match row: Olympique de Marseille vs Association sportive de Monaco Football Club
[2872093] Could not find attributes for albin ekdal (Hamburger Sport Verein, 2017)
[2872093] Failed to build match row: Eintracht Frankfurt Fußball AG vs Hamburger Sport Verein
[2636249] Could not find attributes for jamie coyle (Maidstone United, 2015)
[2321200] Failed to scrape lineup: https://www.transfermarkt.co.uk/borussia-monchengladbach_vfl-wolfsburg/index/spielbericht/2321200
[2636249] Failed to build match row: Maidstone United vs Yeovil Town
[3081093] Failed to scrape lineup: https://www.transfermarkt.co.uk/real-betis-balompie_rcd-espanyol-barcelona/index/spielbericht/3081093
[2370550] Failed to scrape lineup: https://www.transfermarkt.co.uk/spielbericht/index/spielbericht/2370550

Keepers & outfield error for **Fenerbahçe Spor Kulübü** in Fenerbahçe Spor Kulübü vs Vardar Skopje: Numbers: 0 and 11.
[2905739] Failed to build match row: Fenerbahçe Spor Kulübü vs Vardar Skopje

Keepers & outfield error for **Alkmaar Zaanstreek** in Alkmaar Zaanstreek vs Eindhovense Voetbalvereniging Philips Sport Vereniging: Numbers: 2 and 9.
[3076557] Could not find attributes for jevgenijs nerugals (FK Spartaks Jurmala, 2018)
[2888352] Failed to build match row: Alkmaar Zaanstreek vs Eindhovense Voetbalvereniging Philips Sport Vereniging
[2872094] Failed to scrape lineup: https://www.transfermarkt.co.uk/fc-augsburg_fc-schalke-04/index/spielbericht/2872094
[2346040] Could not find attributes for milan borjan (Sivasspor, 2013)
[3076557] Failed to build match row: FK Spartaks Jurmala vs La Fiorita 1967
[2496924] Failed to scrape lineup: https://www.transfermarkt.co.uk/spielbericht/index/spielbericht/2496924
[2346040] Failed to build match row: Sivasspor vs Eskisehirspor
[2597434] Could not find attributes for bogdan shust (Volyn Lutsk, 2015)
[3203715] Could not find attributes for oscar wendt (Mönchengladbach, 2019)
[3203715] Failed to build match row: Mönchengladbach vs Verein für Leibesübungen Wolfsburg
[2597434] Failed to build match row: Volyn Lutsk vs Olimpik Donetsk

Keepers & outfield error for **SPAL** in SPAL vs UC Sampdoria: Numbers: 2 and 9.
[2897544] Failed to build match row: SPAL vs UC Sampdoria
[2882189] Could not find attributes for borja lopez (HNK Hajduk Split, 2017)

Keepers & outfield error for **Celta** in Celta vs Málaga CF: Numbers: 0 and 11.

Keepers & outfield error for **FC Paços de Ferreira** in FC Paços de Ferreira vs Clube Desportivo Santa Clara: Numbers: 3 and 8.
[3211338] Failed to build match row: FC Paços de Ferreira vs Clube Desportivo Santa Clara
[2475519] Failed to build match row: Celta vs Málaga CF
[3219268] Could not find attributes for robert snodgrass (West Ham United Football Club, 2019)
[3219268] Failed to build match row: West Ham United Football Club vs Association Football Club Bournemouth
[2934684] Could not find attributes for lewis magee (Queen's Park FC, 2017)
[2764487] Could not find attributes for dimitrios kyriakidis (Panetolikos Agrinio, 2016)
[2559095] Could not find attributes for robert arzumanyan (Amkar Perm, 2014)
[2934684] Failed to build match row: Queen's Park FC vs Dunfermline Athletic FC
[2764487] Failed to build match row: Panetolikos Agrinio vs PAS Giannina
[2559095] Failed to build match row: Amkar Perm vs Футбольный клуб "Локомотив" Москва

Keepers & outfield error for **UD Almería** in UD Almería vs Club Atlético de Madrid S.A.D.: Numbers: 0 and 11.
[2341016] Failed to build match row: UD Almería vs Club Atlético de Madrid S.A.D.
[2700328] Could not find attributes for miljan jablan (FK Suduva Marijampole, 2016)

Keepers & outfield error for **Vitória Setúbal FC** in Vitória Setúbal FC vs Futebol Clube do Porto: Numbers: 0 and 11.
[2700328] Failed to build match row: Fodbold Club Midtjylland vs FK Suduva Marijampole
[2589056] Could not find attributes for henrico drost (Excelsior Rotterdam, 2015)

Keepers & outfield error for **Olympique Lyonnais** in RasenBallsport Leipzig vs Olympique Lyonnais: Numbers: 2 and 9.
[2589056] Failed to build match row: Excelsior Rotterdam vs Roda JC Kerkrade
[2469193] Could not find attributes for marko ilincic (Buducnost Podgorica, 2014)
[2720829] Failed to build match row: Vitória Setúbal FC vs Futebol Clube do Porto
[3252174] Failed to build match row: RasenBallsport Leipzig vs Olympique Lyonnais

Keepers & outfield error for **Fußball-Club Augsburg 1907** in Hertha BSC vs Fußball-Club Augsburg 1907: Numbers: 2 and 9.
[2469193] Failed to build match row: Buducnost Podgorica vs Omonia Nicosia
[2704625] Failed to build match row: Hertha BSC vs Fußball-Club Augsburg 1907
[3190404] Could not find attributes for rafa silva (Sport Lisboa e Benfica, 2019)
[2597435] Could not find attributes for oleksandr tkachenko (Vorskla Poltava, 2015)
[3190404] Failed to build match row: Sport Lisboa e Benfica vs Sporting Clube de Portugal
[2597435] Failed to build match row: Vorskla Poltava vs Metalist Kharkiv (- 2016)
[2636250] Could not find attributes for will norris (Braintree Town, 2015)
[2481217] Could not find attributes for eneko satrustegui (Real Murcia CF, 2014)
[3203716] Could not find attributes for can bozdogan (FC Schalke 04, 2019)
[2359396] Failed to scrape lineup: https://www.transfermarkt.co.uk/calcio-catania_acf-fiorentina/index/spielbericht/2359396
[2905740] Failed to scrape lineup: https://www.transfermarkt.co.uk/spielbericht/index/spielbericht/2905740

Keepers & outfield error for **SPAL** in SPAL vs Società Sportiva Lazio S.p.A.: Numbers: 0 and 11.
[2481217] Failed to build match row: Real Murcia CF vs CE Sabadell FC
[2636250] Failed to build match row: Braintree Town vs Oxford United
[2764489] Could not find attributes for konstantinos peristeridis (PAS Giannina, 2016)
[3203716] Failed to build match row: Eintracht Frankfurt Fußball AG vs FC Schalke 04
[3229194] Failed to build match row: SPAL vs Società Sportiva Lazio S.p.A.
[3063666] Failed to scrape lineup: https://www.transfermarkt.co.uk/randers-fc_esbjerg-fb/index/spielbericht/3063666
[2559096] Could not find attributes for anri khagush (Arsenal Tula, 2014)
[2764489] Failed to build match row: PAS Giannina vs A.G.S Asteras Tripolis
[2608178] Could not find attributes for jozo simunovic (GNK Dinamo Zagreb, 2015)
[2559096] Failed to build match row: Arsenal Tula vs FK Krasnodar
[2888353] Failed to scrape lineup: https://www.transfermarkt.co.uk/sparta-rotterdam_vvv-venlo/index/spielbericht/2888353
[2341017] Could not find attributes for stefan mitrovic (Real Valladolid CF, 2013)
[2341017] Failed to build match row: Club Atlético de Madrid S.A.D. vs Real Valladolid CF

Keepers & outfield error for **Girona Fútbol Club S. A. D.** in Girona Fútbol Club S. A. D. vs Sevilla Fútbol Club S.A.D.: Numbers: 2 and 9.
[3081094] Failed to build match row: Girona Fútbol Club S. A. D. vs Sevilla Fútbol Club S.A.D.
[2842419] Could not find attributes for guram tetrashvili (Anzhi Makhachkala ( -2022), 2016)
[2459631] Could not find attributes for robert braber (Willem II Tilburg, 2014)
[2842419] Failed to build match row: Anzhi Makhachkala ( -2022) vs PFK Krylya Sovetov Samara
[2346041] Failed to scrape lineup: https://www.transfermarkt.co.uk/gaziantepspor_caykur-rizespor/index/spielbericht/2346041
[2459631] Failed to build match row: Willem II Tilburg vs Nooit Opgeven Altijd Doorzetten Aangenaam Door Vermaak En Nuttig Door Ontspanning Combinatie Breda
[2581636] Failed to scrape lineup: https://www.transfermarkt.co.uk/vfb-stuttgart_fc-schalke-04/index/spielbericht/2581636
[2882190] Could not find attributes for mile skoric (NK Osijek s.d.d., 2017)

Keepers & outfield error for **Grupo Desportivo Estoril Praia** in Grupo Desportivo Estoril Praia vs Clube Desportivo de Tondela: Numbers: 0 and 11.
[2496925] Could not find attributes for luuk koopmans (TOP Oss, 2014)
[2882190] Failed to build match row: NK Osijek s.d.d. vs FC Luzern
[2720830] Failed to build match row: Grupo Desportivo Estoril Praia vs Clube Desportivo de Tondela
[2496925] Failed to build match row: Prins Hendrik Ende Desespereert Nimmer Combinatie Zwolle vs TOP Oss
[2486795] Could not find attributes for kasper schmeichel (Leicester City, 2014)
[3211339] Failed to scrape lineup: https://www.transfermarkt.co.uk/desportivo-aves-2020-_cs-maritimo/index/spielbericht/3211339
[2486795] Failed to build match row: Leicester City vs Swansea City

Keepers & outfield error for **Manchester City Football Club** in Wigan Athletic vs Manchester City Football Club: Numbers: 0 and 11.
[2934685] Could not find attributes for jack nixon (The Spartans FC, 2017)
[3000031] Failed to build match row: Wigan Athletic vs Manchester City Football Club
[2934685] Failed to build match row: The Spartans FC vs Fraserburgh FC
[3219269] Failed to scrape lineup: https://www.transfermarkt.co.uk/newcastle-united_leicester-city/index/spielbericht/3219269
[3122480] Could not find attributes for rabbi matondo (FC Schalke 04, 2018)
[3050424] Could not find attributes for danny ings (Southampton FC, 2018)
[3122480] Failed to build match row: FC Schalke 04 vs Fortuna Düsseldorf

Keepers & outfield error for **Villarreal Club de Fútbol S.A.D.** in Deportivo de La Coruña vs Villarreal Club de Fútbol S.A.D.: Numbers: 0 and 11.
[3050424] Failed to build match row: Southampton FC vs West Ham United Football Club
[2704626] Could not find attributes for matthias lehmann (1. Fußball-Club Köln, 2016)
[2475521] Failed to build match row: Deportivo de La Coruña vs Villarreal Club de Fútbol S.A.D.
[2704626] Failed to build match row: 1. Fußball-Club Köln vs Mönchengladbach
[2905741] Could not find attributes for borja lopez (HNK Hajduk Split, 2017)
[2905741] Failed to build match row: HNK Hajduk Split vs Everton Football Club
[2334986] Could not find attributes for marian kello (Saint Mirren Football Club, 2013)
[2334986] Failed to build match row: Saint Mirren Football Club vs Heart of Midlothian Football Club
[2517432] Could not find attributes for angel berlanga (Auckland City FC, 2014)
[2517432] Failed to build match row: Club Atlético San Lorenzo de Almagro vs Auckland City FC
[2618591] Failed to scrape lineup: https://www.transfermarkt.co.uk/spielbericht/index/spielbericht/2618591
[2469194] Failed to scrape lineup: https://www.transfermarkt.co.uk/spielbericht/index/spielbericht/2469194
[3081095] Failed to scrape lineup: https://www.transfermarkt.co.uk/rayo-vallecano_real-madrid/index/spielbericht/3081095
[2934687] Failed to scrape lineup: https://www.transfermarkt.co.uk/spielbericht/index/spielbericht/2934687
[3097329] Could not find attributes for norbert alblas (Nijmegen Eendracht Combinatie, 2018)

Keepers & outfield error for **Verona Hellas Football Club** in Associazione Calcio Milan vs Verona Hellas Football Club: Numbers: 0 and 11.
[2370751] Failed to scrape lineup: https://www.transfermarkt.co.uk/spielbericht/index/spielbericht/2370751
[3097329] Failed to build match row: Excelsior Rotterdam vs Nijmegen Eendracht Combinatie
Not enough players found for lineup: 0, 11.

Keepers & outfield error for **Unione Sportiva Lecce** in Torino Calcio vs Unione Sportiva Lecce: Numbers: 0 and 11.
[2882191] Could not find attributes for luka bilobrk (NK Siroki Brijeg, 2017)
[2359397] Failed to build match row: Associazione Calcio Milan vs Verona Hellas Football Club
[2496926] Failed to scrape lineup: https://www.transfermarkt.co.uk/spielbericht/index/spielbericht/2496926
[3229195] Failed to build match row: Torino Calcio vs Unione Sportiva Lecce
[2882191] Failed to build match row: Aberdeen Football Club vs NK Siroki Brijeg
[2842420] Could not find attributes for ilzat akhmetov (FC Rubin Kazan, 2016)
[3284679] Could not find attributes for michael mckinven (Linlithgow Rose FC, 2019)
[2589058] Could not find attributes for ron vlaar (Alkmaar Zaanstreek, 2015)
[2842420] Failed to build match row: FC Rubin Kazan vs FK Krasnodar
[3284679] Failed to build match row: Linlithgow Rose FC vs Falkirk Football & Athletic Club
[2589058] Failed to build match row: Alkmaar Zaanstreek vs Feyenoord Rotterdam
[3252175] Could not find attributes for yaroslav rakitskyi (AO FK Zenit Sankt-Peterburg, 2019)
[3252175] Failed to build match row: AO FK Zenit Sankt-Peterburg vs Sport Lisboa e Benfica
[2704627] Could not find attributes for walace (Hamburger Sport Verein, 2016)
[2704627] Failed to build match row: Hamburger Sport Verein vs Turn- und Sportgemeinschaft 1899 Hoffenheim Fußball-Spielbetriebs
[2674391] Could not find attributes for mijo caktas (FC Rubin Kazan, 2015)
[2674391] Failed to build match row: FC Rubin Kazan vs FK Dinamo Moskva
[3076558] Could not find attributes for gianluca vivan (La Fiorita 1967, 2018)
[3076558] Failed to build match row: La Fiorita 1967 vs FK Spartaks Jurmala
[2888354] Could not find attributes for indy groothuizen (ADO Den Haag, 2017)
[2888354] Failed to build match row: Football Club Utrecht vs ADO Den Haag
[2459632] Could not find attributes for gino coutinho (Excelsior Rotterdam, 2014)
[2459632] Failed to build match row: Excelsior Rotterdam vs FC Dordrecht
[2517458] Could not find attributes for oleksandr shovkovskyi (Futbolniy Klub Dynamo Kyiv, 2014)
[2517458] Failed to build match row: FC Shakhtar Donetsk vs Futbolniy Klub Dynamo Kyiv
[2764490] Could not find attributes for stanislav namasco (APO Levadiakos Football Club, 2016)
[2764490] Failed to build match row: APO Levadiakos Football Club vs AO Xanthi

Keepers & outfield error for **Alaves** in Athletic Club Bilbao vs Alaves: Numbers: 2 and 9.
[3081096] Failed to build match row: Athletic Club Bilbao vs Alaves
[3192360] Failed to scrape lineup: https://www.transfermarkt.co.uk/spielbericht/index/spielbericht/3192360
[2872096] Failed to scrape lineup: https://www.transfermarkt.co.uk/vfb-stuttgart_tsg-1899-hoffenheim/index/spielbericht/2872096

Keepers & outfield error for **FC Schalke 04** in 1.FC Nuremberg vs FC Schalke 04: Numbers: 2 and 9.
[2321203] Failed to build match row: 1.FC Nuremberg vs FC Schalke 04
[2589059] Could not find attributes for christian kum (Football Club Utrecht, 2015)
[2370752] Could not find attributes for nils fischer (1.FC Saarbrücken, 2013)
[2589059] Failed to build match row: Football Club Utrecht vs Prins Hendrik Ende Desespereert Nimmer Combinatie Zwolle
[2370752] Failed to build match row: 1.FC Saarbrücken vs Borussia Dortmund
Not enough players found for lineup: 0, 11.
[2496927] Failed to scrape lineup: https://www.transfermarkt.co.uk/spielbericht/index/spielbericht/2496927
[2597436] Failed to scrape lineup: https://www.transfermarkt.co.uk/shakhtar-donetsk_metalurg-zaporizhya-2016-/index/spielbericht/2597436
[2735538] Failed to scrape lineup: https://www.transfermarkt.co.uk/angers-sco_as-nancy-lorraine/index/spielbericht/2735538
[2636251] Failed to scrape lineup: https://www.transfermarkt.co.uk/spielbericht/index/spielbericht/2636251
[3394615] Could not find attributes for chrislain matsima (Association sportive de Monaco Football Club, 2020)
[2330842] Failed to scrape lineup: https://www.transfermarkt.co.uk/stade-rennais-fc_losc-lille/index/spielbericht/2330842
[3394615] Failed to build match row: Stade brestois 29 vs Association sportive de Monaco Football Club
[2704628] Could not find attributes for wilson kamavuaka (SV Darmstadt 98, 2016)
[2704628] Failed to build match row: FC Ingolstadt 04 vs SV Darmstadt 98
[2674392] Could not find attributes for giorgiy shelia (FK Ufa, 2015)
[2674392] Failed to build match row: FK Ufa vs RFK Akhmat Grozny
[3063667] Failed to scrape lineup: https://www.transfermarkt.co.uk/fc-copenhagen_aarhus-gf/index/spielbericht/3063667
[3203717] Failed to scrape lineup: https://www.transfermarkt.co.uk/sv-werder-bremen_bayern-munich/index/spielbericht/3203717
[2559097] Failed to scrape lineup: https://www.transfermarkt.co.uk/cska-moscow_ural-yekaterinburg/index/spielbericht/2559097
[2764491] Could not find attributes for giannis anestis (Athlitiki Enosi Konstantinoupoleos, 2016)
[2764491] Failed to build match row: Athlitiki Enosi Konstantinoupoleos vs APS Atromitos Athinon
[2842421] Could not find attributes for blagoy georgiev (FC Orenburg, 2016)
[2842421] Failed to build match row: FC Orenburg vs RFK Akhmat Grozny
[2700329] Could not find attributes for matvei igonen (FCI Tallinn, 2016)
[2700329] Failed to build match row: Heart of Midlothian Football Club vs FCI Tallinn
[2608179] Could not find attributes for miralem sulejmani (Berner Sport Club Young Boys, 2015)
[2905742] Could not find attributes for kostadin zahov (Shkendija Tetovo, 2017)
[2608179] Failed to build match row: Association sportive de Monaco Football Club vs Berner Sport Club Young Boys
[2905742] Failed to build match row: Shkendija Tetovo vs Associazione Calcio Milan
[3211340] Failed to scrape lineup: https://www.transfermarkt.co.uk/b-sad_sl-benfica/index/spielbericht/3211340
[2897555] Failed to scrape lineup: https://www.transfermarkt.co.uk/atalanta-bc_benevento-calcio/index/spielbericht/2897555
[2341018] Failed to scrape lineup: https://www.transfermarkt.co.uk/atletico-de-madrid_real-sociedad/index/spielbericht/2341018
[3229196] Failed to scrape lineup: https://www.transfermarkt.co.uk/atalanta-bc_acf-fiorentina/index/spielbericht/3229196
[3050425] Failed to scrape lineup: https://www.transfermarkt.co.uk/tottenham-hotspur_afc-bournemouth/index/spielbericht/3050425
[2882192] Could not find attributes for guillem truyols (AEK Larnaca, 2017)
[2334988] Could not find attributes for vangelis ikonomou (Ross County FC, 2013)
[2334988] Failed to build match row: St. Johnstone FC vs Ross County FC
[2882192] Failed to build match row: Cork City FC vs AEK Larnaca

Keepers & outfield error for **Clube Desportivo Nacional** in Vitória Sport Clube vs Clube Desportivo Nacional: Numbers: 0 and 11.
[2720831] Failed to build match row: Vitória Sport Clube vs Clube Desportivo Nacional
[3076559] Could not find attributes for boy waterman (APOEL Nicosia, 2018)
[2481218] Could not find attributes for lolo pla (CD Lugo, 2014)
[3076559] Failed to build match row: APOEL Nicosia vs FC Flora Tallinn
[2481218] Failed to build match row: CD Lugo vs AD Alcorcón
[3203718] Could not find attributes for vladimir darida (Hertha BSC, 2019)
[3203718] Failed to build match row: Sport-Club Freiburg vs Hertha BSC

Keepers & outfield error for **Paris Saint-Germain Football Club** in Paris Saint-Germain Football Club vs EA Guingamp: Numbers: 2 and 9.
[2330843] Failed to build match row: Paris Saint-Germain Football Club vs EA Guingamp
[2517459] Could not find attributes for jan lastuvka (Dnipro Dnipropetrovsk (-2020), 2014)
[2517459] Failed to build match row: Dnipro Dnipropetrovsk (-2020) vs FK Mariupol

Keepers & outfield error for **Associazione Calcio Milan** in Palermo FC vs Associazione Calcio Milan: Numbers: 2 and 9.
[2726588] Failed to build match row: Palermo FC vs Associazione Calcio Milan

Keepers & outfield error for **Ural Yekaterinburg** in FK Krasnodar vs Ural Yekaterinburg: Numbers: 2 and 9.
[2674393] Failed to build match row: FK Krasnodar vs Ural Yekaterinburg
[2842422] Could not find attributes for gregor balazic (Ural Yekaterinburg, 2016)
[2842422] Failed to build match row: Ural Yekaterinburg vs Tom Tomsk
[2764492] Could not find attributes for andreas gianniotis (Panionios Athens, 2016)
[2764492] Failed to build match row: Panionios Athens vs Panthessalonikios Athlitikos Omilos Konstantinoupoliton
[2905743] Could not find attributes for predrag rajkovic (Maccabi Tel Aviv, 2017)
[2905743] Failed to build match row: Maccabi Tel Aviv vs Sportclub Rheindorf Altach
[3284680] Could not find attributes for andy leishman (Auchinleck Talbot FC, 2019)
[2359398] Failed to scrape lineup: https://www.transfermarkt.co.uk/genoa-cfc_fc-internazionale/index/spielbericht/2359398
[3097374] Failed to scrape lineup: https://www.transfermarkt.co.uk/spielbericht/index/spielbericht/3097374
[2341019] Failed to scrape lineup: https://www.transfermarkt.co.uk/malaga-cf_sevilla-fc/index/spielbericht/2341019
[2735540] Failed to scrape lineup: https://www.transfermarkt.co.uk/fc-metz_fc-nantes/index/spielbericht/2735540
[3284680] Failed to build match row: Auchinleck Talbot FC vs Arbroath FC
[3002050] Failed to scrape lineup: https://www.transfermarkt.co.uk/spielbericht/index/spielbericht/3002050
[2720832] Failed to scrape lineup: https://www.transfermarkt.co.uk/moreirense-fc_vitoria-setubal-fc/index/spielbericht/2720832
[2346042] Could not find attributes for ibrahim ozturk (Bursaspor, 2013)
[2597437] Could not find attributes for andriy pylyavskyi (FC Zorya Lugansk, 2015)
[2346042] Failed to build match row: Bursaspor vs Beşiktaş Jimnastik Kulübü
[2597437] Failed to build match row: FC Zorya Lugansk vs Futbolniy Klub Dynamo Kyiv
[3252177] Failed to scrape lineup: https://www.transfermarkt.co.uk/spielbericht/index/spielbericht/3252177

Keepers & outfield error for **Futebol Clube do Porto** in Futebol Clube do Porto vs Vitória Setúbal FC: Numbers: 2 and 9.
[2608180] Could not find attributes for sergey chernik (BATE Borisov, 2015)
[2517460] Could not find attributes for maksim startsev (Metalurg Zaporizhya (-2016), 2014)
[3050426] Could not find attributes for etienne capoue (Watford FC, 2018)
[3211341] Failed to build match row: Futebol Clube do Porto vs Vitória Setúbal FC
[3050426] Failed to build match row: Watford FC vs Chelsea Football Club
[2897556] Could not find attributes for mattia destro (Bologna Football Club 1909, 2017)
[2517460] Failed to build match row: Metalurg Zaporizhya (-2016) vs Metalist Kharkiv (- 2016)
[2608180] Failed to build match row: BATE Borisov vs Videoton FC
[2897556] Failed to build match row: Bologna Football Club 1909 vs UC Sampdoria
[2726589] Could not find attributes for albano bizzarri (Delfino Pescara 1936, 2016)

Keepers & outfield error for **FC Shakhtar Donetsk** in FC Shakhtar Donetsk vs Malmö Fotbollförening: Numbers: 2 and 9.
[2496928] Could not find attributes for niels kornelis (De Treffers, 2014)
[2334989] Could not find attributes for marian kello (Saint Mirren Football Club, 2013)
[2764493] Failed to scrape lineup: https://www.transfermarkt.co.uk/aok-kerkyra_pae-veria/index/spielbericht/2764493
[2726589] Failed to build match row: Delfino Pescara 1936 vs FC Empoli
[2496928] Failed to build match row: De Treffers vs Sportclub Telstar
[2618594] Failed to build match row: FC Shakhtar Donetsk vs Malmö Fotbollförening
[2334989] Failed to build match row: Saint Mirren Football Club vs The Celtic Football Club
[3076560] Could not find attributes for mait toom (FC Flora Tallinn, 2018)
[3076560] Failed to build match row: FC Flora Tallinn vs APOEL Nicosia
[2321204] Could not find attributes for valmir sulejmani (Hannover 96, 2013)
[2321204] Failed to build match row: Sport-Club Freiburg vs Hannover 96
[3203719] Could not find attributes for stephan lichtsteiner (Fußball-Club Augsburg 1907, 2019)
[3203719] Failed to build match row: Fußball-Club Augsburg 1907 vs Turn- und Sportgemeinschaft 1899 Hoffenheim Fußball-Spielbetriebs
[2674394] Could not find attributes for aleksandr belenov (Kuban Krasnodar (-2018), 2015)
[2674394] Failed to build match row: FK Spartak Moskva vs Kuban Krasnodar (-2018)
[2636252] Could not find attributes for brad halliday (Accrington Stanley, 2015)
[2636252] Failed to build match row: Accrington Stanley vs York City
[3063669] Failed to scrape lineup: https://www.transfermarkt.co.uk/sonderjyske_odense-boldklub/index/spielbericht/3063669
[2842423] Could not find attributes for vladimir gabulov (Arsenal Tula, 2016)
[2842423] Failed to build match row: Arsenal Tula vs Футбольный клуб "Локомотив" Москва
[3211342] Could not find attributes for rodrigao (Gil Vicente Futebol Clube, 2019)
[3211342] Failed to build match row: Moreirense Futebol Clube vs Gil Vicente Futebol Clube
[2517461] Could not find attributes for stanislav bogush (Vorskla Poltava, 2014)
[2517461] Failed to build match row: Vorskla Poltava vs Volyn Lutsk
[3076561] Could not find attributes for blaine hudson (The New Saints, 2018)
[2475523] Could not find attributes for loukas vyntra (Levante Unión Deportiva S.A.D., 2014)

Keepers & outfield error for **Bologna Football Club 1909** in Associazione Sportiva Roma vs Bologna Football Club 1909: Numbers: 0 and 11.
[3076561] Failed to build match row: The New Saints vs Lincoln Red Imps FC
[2726590] Failed to build match row: Associazione Sportiva Roma vs Bologna Football Club 1909
[2475523] Failed to build match row: Real Sociedad de Fútbol S.A.D. vs Levante Unión Deportiva S.A.D.

Keepers & outfield error for **Paris Saint-Germain Football Club** in Real Madrid Club de Fútbol vs Paris Saint-Germain Football Club: Numbers: 2 and 9.
[2618595] Failed to build match row: Real Madrid Club de Fútbol vs Paris Saint-Germain Football Club
[2905744] Could not find attributes for dejan milic (NK Domzale, 2017)
[2700330] Could not find attributes for john danby (Connah's Quay Nomads, 2016)
[2905744] Failed to build match row: Olympique de Marseille vs NK Domzale
[2700330] Failed to build match row: Connah's Quay Nomads vs Stabæk Fotball

Keepers & outfield error for **Genoa Cricket and Football Club** in Cagliari Calcio vs Genoa Cricket and Football Club: Numbers: 0 and 11.
[3229198] Failed to build match row: Cagliari Calcio vs Genoa Cricket and Football Club
[2597438] Could not find attributes for artur rudko (Goverla Uzhgorod (- 2016), 2015)
[2882193] Could not find attributes for jadranko bogicevic (FK Zeljeznicar Sarajevo, 2017)
[2882193] Failed to build match row: FK Zeljeznicar Sarajevo vs Allmänna Idrottsklubben
[2597438] Failed to build match row: Goverla Uzhgorod (- 2016) vs PFK Stal Kamyanske (-2018)
[2764494] Could not find attributes for dimitrios kyriakidis (Panetolikos Agrinio, 2016)
[2764494] Failed to build match row: Panetolikos Agrinio vs Athlitiki Enosi Larisas
[2674395] Could not find attributes for giorgi loria (PFK Krylya Sovetov Samara, 2015)
[2674395] Failed to build match row: PFK Krylya Sovetov Samara vs Футбольный клуб "Локомотив" Москва
[2359400] Could not find attributes for leandro rinaudo (US Livorno 1915, 2013)
[2872099] Failed to scrape lineup: https://www.transfermarkt.co.uk/hertha-bsc_rb-leipzig/index/spielbericht/2872099

Keepers & outfield error for **Cagliari Calcio** in Cagliari Calcio vs Football Club Internazionale Milano S.p.A.: Numbers: 0 and 11.
[2897557] Failed to build match row: Cagliari Calcio vs Football Club Internazionale Milano S.p.A.
[2359400] Failed to build match row: Associazione Sportiva Roma vs US Livorno 1915
[2720833] Failed to scrape lineup: https://www.transfermarkt.co.uk/sporting-cp_fc-arouca/index/spielbericht/2720833
[3076562] Failed to scrape lineup: https://www.transfermarkt.co.uk/spielbericht/index/spielbericht/3076562
[2559098] Could not find attributes for stipe pletikosa (FK Rostov, 2014)
[2905745] Failed to scrape lineup: https://www.transfermarkt.co.uk/spielbericht/index/spielbericht/2905745

Keepers & outfield error for **Córdoba CF** in Córdoba CF vs Futbol Club Barcelona: Numbers: 0 and 11.
[2559098] Failed to build match row: FK Rostov vs RFK Akhmat Grozny
[2486800] Failed to scrape lineup: https://www.transfermarkt.co.uk/burnley-fc_leicester-city/index/spielbericht/2486800
[2475524] Failed to build match row: Córdoba CF vs Futbol Club Barcelona
[2517462] Could not find attributes for yuriy pankiv (Metalurg Donetsk (- 2015), 2014)
[3122484] Could not find attributes for sebastian langkamp (Sportverein Werder Bremen von 1899, 2018)
[2517462] Failed to build match row: Metalurg Donetsk (- 2015) vs Chornomorets Odesa
[3194541] Could not find attributes for lapidar lladrovci (KF Feronikeli Drenas, 2019)
[3122484] Failed to build match row: Borussia Dortmund vs Sportverein Werder Bremen von 1899
[3194541] Failed to build match row: KF Feronikeli Drenas vs Lincoln Red Imps FC
[2888357] Could not find attributes for roland baas (Heracles Almelo, 2017)
[2888357] Failed to build match row: AFC Ajax Amsterdam vs Heracles Almelo

Keepers & outfield error for **Celta** in Granada CF vs Celta: Numbers: 2 and 9.
[2764495] Could not find attributes for brown ideye (Olympiakos Syndesmos Filathlon Peiraios, 2016)
[2496929] Could not find attributes for tim hofstede (FC Den Bosch, 2014)
[2341021] Failed to build match row: Granada CF vs Celta
[2496929] Failed to build match row: FC Den Bosch vs SC Cambuur Leeuwarden
[2764495] Failed to build match row: Olympiakos Syndesmos Filathlon Peiraios vs Panathinaikos Athlitikos Omilos
[3284681] Could not find attributes for ross clarke (Albion Rovers FC, 2019)

Keepers & outfield error for **Aarhus Gymnastik Forening** in Aarhus Gymnastik Forening vs Randers Fodbold Club: Numbers: 0 and 11.
[2346043] Could not find attributes for elvis kokalovic (Konyaspor, 2013)
[3284681] Failed to build match row: Albion Rovers FC vs Airdrieonians FC
[3063670] Failed to build match row: Aarhus Gymnastik Forening vs Randers Fodbold Club
[2346043] Failed to build match row: Konyaspor vs Gençlerbirliği Spor Kulübü
[3097375] Could not find attributes for levi schwiebbe (SVV Scheveningen, 2018)
[3097375] Failed to build match row: SVV Scheveningen vs SC Cambuur Leeuwarden
[3081097] Could not find attributes for martin braithwaite (CD Leganés, 2018)
[3081097] Failed to build match row: CD Leganés vs Celta
[3219274] Failed to scrape lineup: https://www.transfermarkt.co.uk/norwich-city_crystal-palace/index/spielbericht/3219274
Not enough players found for lineup: 0, 0.
[2597513] Failed to scrape lineup: https://www.transfermarkt.co.uk/spielbericht/index/spielbericht/2597513
[2842460] Could not find attributes for timofey margasov (Футбольный клуб "Локомотив" Москва, 2016)
[2700331] Could not find attributes for maksims uvarenko (JFK Ventspils, 2016)
[2842460] Failed to build match row: Футбольный клуб "Локомотив" Москва vs FK Ufa
[2700331] Failed to build match row: JFK Ventspils vs Víkingur Gøta
[2872100] Could not find attributes for nils petersen (Sport-Club Freiburg, 2017)

Keepers & outfield error for **Real Zaragoza** in Albacete Balompié vs Real Zaragoza: Numbers: 2 and 9.
[3002051] Could not find attributes for andreas oggesen (Fodbold Club Fredericia, 2017)
[3076646] Could not find attributes for yuriy pankiv (FC Oleksandriya, 2018)
[2481219] Failed to build match row: Albacete Balompié vs Real Zaragoza

Keepers & outfield error for **Società Sportiva Calcio Napoli** in Bologna Football Club 1909 vs Società Sportiva Calcio Napoli: Numbers: 2 and 9.
[2872100] Failed to build match row: Sport-Club Freiburg vs Fußball-Club Augsburg 1907
[2559099] Could not find attributes for dmitriy stotskiy (FK Ufa, 2014)
[3076646] Failed to build match row: FC Oleksandriya vs Chornomorets Odesa
[2359401] Failed to build match row: Bologna Football Club 1909 vs Società Sportiva Calcio Napoli
[3002051] Failed to build match row: Fodbold Club Fredericia vs Aalborg BK
[2559099] Failed to build match row: FK Ufa vs Mordovia Saransk (-2020)
[2341022] Could not find attributes for stefan mitrovic (Real Valladolid CF, 2013)
[2517463] Could not find attributes for maksym koval (Goverla Uzhgorod (- 2016), 2014)
[2341022] Failed to build match row: Getafe Club de Fútbol S. A. D. Team Dubai vs Real Valladolid CF

Keepers & outfield error for **Granada CF** in Getafe Club de Fútbol S. A. D. Team Dubai vs Granada CF: Numbers: 0 and 11.
[2517463] Failed to build match row: Goverla Uzhgorod (- 2016) vs FC Zorya Lugansk
[2475525] Failed to build match row: Getafe Club de Fútbol S. A. D. Team Dubai vs Granada CF
[2942654] Could not find attributes for ludovic baal (Rennes, 2017)

Keepers & outfield error for **Paris Saint-Germain Football Club** in Club Brugge Koninklijke Voetbalvereniging vs Paris Saint-Germain Football Club: Numbers: 2 and 9.
[2469195] Could not find attributes for mantas galdikas (FK Atlantas Klaipeda (-2020), 2014)
[3050429] Could not find attributes for moussa sissoko (Tottenham Hotspur Football Club, 2018)
[2764496] Could not find attributes for dusan pernis (Iraklis Thessaloniki, 2016)
[2469195] Failed to build match row: FK Atlantas Klaipeda (-2020) vs Shakhter Karaganda
[3050429] Failed to build match row: Burnley Football Club vs Tottenham Hotspur Football Club
[2764496] Failed to build match row: Iraklis Thessaloniki vs AO Platanias
[2942654] Failed to build match row: Montpellier HSC vs Rennes
[3252186] Failed to build match row: Club Brugge Koninklijke Voetbalvereniging vs Paris Saint-Germain Football Club
[3194542] Could not find attributes for mattia migani (SP Tre Penne, 2019)
Not enough players found for lineup: 0, 0.

Keepers & outfield error for **SPAL** in Chievo Verona vs SPAL: Numbers: 2 and 9.

Keepers & outfield error for **Vitória Sport Clube** in Vitória Sport Clube vs Boavista FC: Numbers: 0 and 11.
[2897558] Failed to build match row: Chievo Verona vs SPAL
[2888365] Could not find attributes for roland baas (Heracles Almelo, 2017)
[3211343] Failed to build match row: Vitória Sport Clube vs Boavista FC
[2496930] Failed to scrape lineup: https://www.transfermarkt.co.uk/spielbericht/index/spielbericht/2496930
[2905746] Could not find attributes for yuriy pankiv (FC Oleksandriya, 2017)
[3194542] Failed to build match row: SP Tre Penne vs FC Santa Coloma
[2905746] Failed to build match row: FC Oleksandriya vs BATE Borisov
[2888365] Failed to build match row: Heracles Almelo vs Alkmaar Zaanstreek

Keepers & outfield error for **Valencia Club de Fútbol S. A. D.** in Valencia Club de Fútbol S. A. D. vs SD Eibar: Numbers: 0 and 11.
[3097376] Could not find attributes for etienne vaessen (RKC Waalwijk, 2018)
[3063671] Could not find attributes for zeca (Football Club København, 2018)
[2674397] Could not find attributes for zaurbek pliev (RFK Akhmat Grozny, 2015)
[3081098] Failed to build match row: Valencia Club de Fútbol S. A. D. vs SD Eibar
[2674397] Failed to build match row: RFK Akhmat Grozny vs FK Krasnodar
[3097376] Failed to build match row: RKC Waalwijk vs Nooit Opgeven Altijd Doorzetten Aangenaam Door Vermaak En Nuttig Door Ontspanning Combinatie Breda
[3063671] Failed to build match row: Brøndby Idrætsforening vs Football Club København
[2735541] Could not find attributes for issiar dia (AS Nancy-Lorraine, 2016)
[2735541] Failed to build match row: AS Nancy-Lorraine vs Toulouse Football Club

Keepers & outfield error for **Association sportive de Monaco Football Club** in Association sportive de Monaco Football Club vs Football Club Lorient-Bretagne Sud: Numbers: 2 and 9.
[2330847] Failed to build match row: Association sportive de Monaco Football Club vs Football Club Lorient-Bretagne Sud
[2882194] Could not find attributes for endre botka (Ferencvárosi TC, 2017)
[2882194] Failed to build match row: Ferencvárosi TC vs Fodbold Club Midtjylland

Keepers & outfield error for **Unione Sportiva Lecce** in Unione Sportiva Lecce vs Società Sportiva Calcio Napoli: Numbers: 0 and 11.
[3229201] Failed to build match row: Unione Sportiva Lecce vs Società Sportiva Calcio Napoli
[2842461] Could not find attributes for gregor balazic (Ural Yekaterinburg, 2016)
[2842461] Failed to build match row: Ural Yekaterinburg vs FC Rubin Kazan
[2636254] Could not find attributes for aarran racine (Forest Green Rovers, 2015)
[2636254] Failed to build match row: AFC Wimbledon vs Forest Green Rovers
[2517464] Could not find attributes for roman mysak (Karpaty Lviv (-2021), 2014)
[2517464] Failed to build match row: Karpaty Lviv (-2021) vs Olimpik Donetsk

Keepers & outfield error for **Espanol** in Espanol vs Rayo Vallecano de Madrid S. A. D.: Numbers: 2 and 9.
[2475526] Failed to build match row: Espanol vs Rayo Vallecano de Madrid S. A. D.
[3076647] Could not find attributes for yevgen galchuk (FK Mariupol, 2018)
Not enough players found for lineup: 0, 0.
[3076647] Failed to build match row: FK Mariupol vs Karpaty Lviv (-2021)
[2597515] Failed to scrape lineup: https://www.transfermarkt.co.uk/spielbericht/index/spielbericht/2597515

Keepers & outfield error for **Rayo Vallecano de Madrid S. A. D.** in Rayo Vallecano de Madrid S. A. D. vs Club Atlético de Madrid S.A.D.: Numbers: 0 and 11.
[2341024] Failed to build match row: Rayo Vallecano de Madrid S. A. D. vs Club Atlético de Madrid S.A.D.
[2888366] Could not find attributes for indy groothuizen (ADO Den Haag, 2017)
[2888366] Failed to build match row: ADO Den Haag vs Football Club Twente
[3081099] Could not find attributes for ander barrenetxea (Real Sociedad de Fútbol S.A.D., 2018)

Keepers & outfield error for **Real Madrid Club de Fútbol** in Galatasaray Spor Kulübü vs Real Madrid Club de Fútbol: Numbers: 2 and 9.
[3081099] Failed to build match row: Real Sociedad de Fútbol S.A.D. vs Getafe Club de Fútbol S. A. D. Team Dubai
[2720836] Could not find attributes for kamran agayev (Boavista FC, 2016)
[2346044] Could not find attributes for korcan celikay (Sivasspor, 2013)
[2882195] Could not find attributes for matic kotnik (Panionios Athens, 2017)
[3252187] Failed to build match row: Galatasaray Spor Kulübü vs Real Madrid Club de Fútbol
[2346044] Failed to build match row: Sivasspor vs Kasımpaşa A.Ş.
[3050430] Could not find attributes for etienne capoue (Watford FC, 2018)
[2720836] Failed to build match row: Rio Ave Futebol Clube vs Boavista FC
[2882195] Failed to build match row: Panionios Athens vs ND Gorica
[3050430] Failed to build match row: Cardiff City vs Watford FC
[2764497] Could not find attributes for huanderson (Iraklis Thessaloniki, 2016)
[3203721] Could not find attributes for yannik keitel (Sport-Club Freiburg, 2019)
[2764497] Failed to build match row: Iraklis Thessaloniki vs AOK Kerkyra
[3203721] Failed to build match row: FC Bayern München vs Sport-Club Freiburg
[3063672] Could not find attributes for mikkel wohlgemuth (Vendsyssel FF, 2018)
[3063672] Failed to build match row: Vendsyssel FF vs Sønderjyske Fodbold
[2459637] Could not find attributes for karim el ahmadi (Feyenoord Rotterdam, 2014)
[2459637] Failed to build match row: Feyenoord Rotterdam vs AFC Ajax Amsterdam
[3219277] Could not find attributes for danny ings (Southampton FC, 2019)
[2735542] Could not find attributes for kenny rocha santos (AS Saint-Étienne, 2016)
[3219277] Failed to build match row: Southampton FC vs Crystal Palace Football Club
[2735542] Failed to build match row: AS Saint-Étienne vs SM Caen
[2872102] Could not find attributes for josip elez (Hannover 96, 2017)
[2872102] Failed to build match row: Bayer 04 Leverkusen Fußball vs Hannover 96
[2517465] Could not find attributes for igor lytovka (Olimpik Donetsk, 2014)
[2517465] Failed to build match row: Olimpik Donetsk vs Metalurg Zaporizhya (-2016)
[2608181] Could not find attributes for matus kozacik (FC Viktoria Plzeň, a.s., 2015)
[3122551] Could not find attributes for michalis kyrgias (Apollon Smyrnis, 2018)
[2608181] Failed to build match row: FC Viktoria Plzeň, a.s. vs Maccabi Tel Aviv
[3002052] Could not find attributes for soren frederiksen (Sønderjyske Fodbold, 2017)
[2618598] Could not find attributes for nemanja maksimovic (FC Astana, 2015)
[3284682] Could not find attributes for ewan moyes (Bonnyrigg Rose FC, 2019)
[3122551] Failed to build match row: Apollon Smyrnis vs Aris Thessalonikis
[2618598] Failed to build match row: FC Astana vs Club Atlético de Madrid S.A.D.
[3284682] Failed to build match row: Bonnyrigg Rose FC vs Montrose FC
[3002052] Failed to build match row: Sønderjyske Fodbold vs Brøndby Idrætsforening
Not enough players found for lineup: 0, 11.
[2720837] Could not find attributes for pedro tiba (Sporting Clube de Braga, 2016)
[2597517] Failed to scrape lineup: https://www.transfermarkt.co.uk/spielbericht/index/spielbericht/2597517
[2720837] Failed to build match row: CS Marítimo vs Sporting Clube de Braga
[2674398] Could not find attributes for ezekiel henty (Футбольный клуб "Локомотив" Москва, 2015)
[2674398] Failed to build match row: Футбольный клуб "Локомотив" Москва vs PFK CSKA Moskva
[2469196] Could not find attributes for bojan pavlovic (FC Zestafoni, 2014)
[2469196] Failed to build match row: FC Zestafoni vs Spartak Trnava
[2481220] Could not find attributes for itotm (CD Numancia, 2014)

Keepers & outfield error for **Everton Football Club** in Everton Football Club vs Manchester City Football Club: Numbers: 2 and 9.
[2704629] Could not find attributes for andersson ordonez (Eintracht Frankfurt Fußball AG, 2016)
[2481220] Failed to build match row: CD Leganés vs CD Numancia
[3050432] Failed to build match row: Everton Football Club vs Manchester City Football Club
[2704629] Failed to build match row: Eintracht Frankfurt Fußball AG vs Sportverein Werder Bremen von 1899

Keepers & outfield error for **UC Sampdoria** in Juventus Football Club vs UC Sampdoria: Numbers: 0 and 11.
[2359403] Failed to build match row: Juventus Football Club vs UC Sampdoria
[2517466] Could not find attributes for oleksandr shovkovskyi (Futbolniy Klub Dynamo Kyiv, 2014)
[2517466] Failed to build match row: Futbolniy Klub Dynamo Kyiv vs Goverla Uzhgorod (- 2016)
[2700332] Could not find attributes for reece glendinning (Linfield FC, 2016)
[2700332] Failed to build match row: Linfield FC vs Cork City FC
[2764498] Could not find attributes for georgios kantimiris (Veria NPS, 2016)
[3284683] Could not find attributes for kyle hutton (Dumbarton FC, 2019)
[2764498] Failed to build match row: Veria NPS vs APO Levadiakos Football Club
[3284683] Failed to build match row: Dumbarton FC vs Forfar Athletic FC
[2872103] Could not find attributes for matti steinmann (Hamburger Sport Verein, 2017)
[2872103] Failed to build match row: Hamburger Sport Verein vs Mönchengladbach
[2888368] Could not find attributes for romeo castelen (VVV-Venlo, 2017)
[2720838] Could not find attributes for ponck (GD Chaves, 2016)
[2720838] Failed to build match row: FC Paços de Ferreira vs GD Chaves
[2888368] Failed to build match row: VVV-Venlo vs Sportclub Heerenveen
[2334995] Could not find attributes for marian kello (Saint Mirren Football Club, 2013)
[2346045] Failed to scrape lineup: https://www.transfermarkt.co.uk/fenerbahce_elazigspor/index/spielbericht/2346045
[2334995] Failed to build match row: Kilmarnock Football Club vs Saint Mirren Football Club
[3063673] Failed to scrape lineup: https://www.transfermarkt.co.uk/fc-nordsjaelland_aalborg-bk/index/spielbericht/3063673
[3252188] Failed to scrape lineup: https://www.transfermarkt.co.uk/spielbericht/index/spielbericht/3252188

Keepers & outfield error for **Associazione Calcio Milan** in Juventus Football Club vs Associazione Calcio Milan: Numbers: 2 and 9.
[3122645] Failed to build match row: Juventus Football Club vs Associazione Calcio Milan
[2459639] Could not find attributes for christian kum (Football Club Utrecht, 2014)
[3081100] Could not find attributes for juanpi (SD Huesca, 2018)

Keepers & outfield error for **Espanol** in Espanol vs Granada CF: Numbers: 2 and 9.
[2459639] Failed to build match row: Football Club Utrecht vs Football Club Groningen
[3081100] Failed to build match row: Villarreal Club de Fútbol S.A.D. vs SD Huesca
[2341026] Failed to build match row: Espanol vs Granada CF
[2764499] Could not find attributes for dimitrios sotiriou (AO Platanias, 2016)
[2469197] Could not find attributes for giorgi lomaia (FK Inter Baku, 2014)
[2764499] Failed to build match row: AO Platanias vs Olympiakos Syndesmos Filathlon Peiraios
Not enough players found for lineup: 0, 0.
[2469197] Failed to build match row: Idrottsföreningen Elfsborg vs FK Inter Baku

Keepers & outfield error for **Sport Lisboa e Benfica** in Sport Lisboa e Benfica vs Galatasaray Spor Kulübü: Numbers: 0 and 11.
[3194543] Failed to scrape lineup: https://www.transfermarkt.co.uk/spielbericht/index/spielbericht/3194543
[2597518] Failed to scrape lineup: https://www.transfermarkt.co.uk/spielbericht/index/spielbericht/2597518
[2618599] Failed to build match row: Sport Lisboa e Benfica vs Galatasaray Spor Kulübü
[2842665] Could not find attributes for dimitrios kourbelis (Panathinaikos Athlitikos Omilos, 2016)
[3097377] Could not find attributes for thodorie velanas (DVS '33 Ermelo, 2018)
[3097377] Failed to build match row: DVS '33 Ermelo vs Roda JC Kerkrade
[2842665] Failed to build match row: Panathinaikos Athlitikos Omilos vs Panthessalonikios Athlitikos Omilos Konstantinoupoliton
[2882196] Could not find attributes for jakub divis (FK Mladá Boleslav, a.s., 2017)

Keepers & outfield error for **Olympique de Marseille** in Lille Olympique Sporting Club vs Olympique de Marseille: Numbers: 2 and 9.
[2942659] Failed to build match row: Lille Olympique Sporting Club vs Olympique de Marseille
[2882196] Failed to build match row: Shamrock Rovers vs FK Mladá Boleslav, a.s.
[2726594] Failed to scrape lineup: https://www.transfermarkt.co.uk/bologna-fc-1909_us-palermo/index/spielbericht/2726594
 0 and 11.
[3211345] Failed to build match row: Clube Desportivo de Tondela vs Portimonense SC

Keepers & outfield error for **Paris Saint-Germain Football Club** in FC Girondins Bordeaux vs Paris Saint-Germain Football Club: Numbers: 2 and 9.
[2330851] Failed to build match row: FC Girondins Bordeaux vs Paris Saint-Germain Football Club
[2735544] Could not find attributes for younes belhanda (Olympique Gymnaste Club Nice Côte d'Azur, 2016)
[2888369] Could not find attributes for sepp van den berg (Prins Hendrik Ende Desespereert Nimmer Combinatie Zwolle, 2017)
[2735544] Failed to build match row: Olympique Gymnaste Club Nice Côte d'Azur vs Montpellier HSC
[3252189] Could not find attributes for marko gobeljic (Fudbalski klub Crvena zvezda Beograd, 2019)
[2346046] Could not find attributes for jerry akaminko (Eskisehirspor, 2013)
[2888369] Failed to build match row: Prins Hendrik Ende Desespereert Nimmer Combinatie Zwolle vs Excelsior Rotterdam
[3252189] Failed to build match row: Tottenham Hotspur Football Club vs Fudbalski klub Crvena zvezda Beograd
[2346046] Failed to build match row: Eskisehirspor vs Antalyaspor
[2720839] Could not find attributes for jorginho (Futebol Clube de Arouca, 2016)
[2720839] Failed to build match row: Futebol Clube de Arouca vs FC Paços de Ferreira
Not enough players found for lineup: 0, 0.
[3124448] Failed to scrape lineup: https://www.transfermarkt.co.uk/spielbericht/index/spielbericht/3124448
[2764500] Could not find attributes for gennadios xenodochof (Athlitiki Enosi Larisas, 2016)
[2764500] Failed to build match row: Athlitiki Enosi Larisas vs Panthessalonikios Athlitikos Omilos Konstantinoupoliton
[2608182] Could not find attributes for orges shehi (KF Skënderbeu, 2015)
[2608182] Failed to build match row: KF Skënderbeu vs FC Milsami Orhei
[2942660] Could not find attributes for ludovic baal (Rennes, 2017)
[2942660] Failed to build match row: Rennes vs FC Girondins Bordeaux
[3219281] Could not find attributes for federico fernandez (Newcastle United Football Club, 2019)
[2481246] Failed to scrape lineup: https://www.transfermarkt.co.uk/spielbericht/index/spielbericht/2481246
[3097378] Could not find attributes for gerard van rossum (Koninklijke HFC Haarlem, 2018)
[2475529] Failed to scrape lineup: https://www.transfermarkt.co.uk/ud-almeria_celta-de-vigo/index/spielbericht/2475529
[2321209] Failed to scrape lineup: https://www.transfermarkt.co.uk/borussia-monchengladbach_bayern-munich/index/spielbericht/2321209
[3394618] Failed to scrape lineup: https://www.transfermarkt.co.uk/fc-girondins-bordeaux_dijon-fco/index/spielbericht/3394618
[3219281] Failed to build match row: Manchester United Football Club vs Newcastle United Football Club
[3194544] Failed to scrape lineup: https://www.transfermarkt.co.uk/spielbericht/index/spielbericht/3194544

Keepers & outfield error for **Clube Desportivo Santa Clara** in Clube Desportivo Santa Clara vs B SAD: Numbers: 0 and 11.
[3097378] Failed to build match row: Koninklijke HFC Haarlem vs Harkemase Boys
[3002053] Could not find attributes for magnus mattsson (Silkeborg Idrætsforening, 2017)

Keepers & outfield error for **Alaves** in Alaves vs Real Sociedad de Fútbol S.A.D.: Numbers: 2 and 9.
[3211373] Failed to build match row: Clube Desportivo Santa Clara vs B SAD
[3002053] Failed to build match row: Randers Fodbold Club vs Silkeborg Idrætsforening
[3081101] Failed to build match row: Alaves vs Real Sociedad de Fútbol S.A.D.
[2346047] Could not find attributes for ertugrul taskiran (Kayserispor Kulübü, 2013)

Keepers & outfield error for **Levante Unión Deportiva S.A.D.** in Sevilla Fútbol Club S.A.D. vs Levante Unión Deportiva S.A.D.: Numbers: 2 and 9.
[2346047] Failed to build match row: Kayserispor Kulübü vs Trabzonspor Kulübü
[2341027] Failed to build match row: Sevilla Fútbol Club S.A.D. vs Levante Unión Deportiva S.A.D.

Keepers & outfield error for **Nooit Opgeven Altijd Doorzetten Aangenaam Door Vermaak En Nuttig Door Ontspanning Combinatie Breda** in Nooit Opgeven Altijd Doorzetten Aangenaam Door Vermaak En Nuttig Door Ontspanning Combinatie Breda vs Willem II Tilburg: Numbers: 2 and 9.
[2842666] Could not find attributes for alaixys romao (Olympiakos Syndesmos Filathlon Peiraios, 2016)
[2842666] Failed to build match row: Olympiakos Syndesmos Filathlon Peiraios vs Athlitiki Enosi Konstantinoupoleos
[2888370] Failed to build match row: Nooit Opgeven Altijd Doorzetten Aangenaam Door Vermaak En Nuttig Door Ontspanning Combinatie Breda vs Willem II Tilburg

Keepers & outfield error for **UC Sampdoria** in UC Sampdoria vs Bologna Football Club 1909: Numbers: 0 and 11.
[2700333] Failed to scrape lineup: https://www.transfermarkt.co.uk/spielbericht/index/spielbericht/2700333
[2359406] Failed to build match row: UC Sampdoria vs Bologna Football Club 1909
[2674400] Could not find attributes for giorgiy shelia (FK Ufa, 2015)
[2674400] Failed to build match row: FK Ufa vs Anzhi Makhachkala ( -2022)
[2720840] Could not find attributes for fabio sturgeon (CF Os Belenenses, 2016)
[2764501] Could not find attributes for zivko zivkovic (AO Xanthi, 2016)
[2720840] Failed to build match row: CF Os Belenenses vs Futebol Clube do Porto
[2764501] Failed to build match row: AO Xanthi vs PAS Giannina
[2589064] Could not find attributes for ron vlaar (Alkmaar Zaanstreek, 2015)
[2589064] Failed to build match row: Alkmaar Zaanstreek vs SC Cambuur Leeuwarden
[2905747] Could not find attributes for andrei dumitras (F.C.V. Farul Constanța SA, 2017)
[2905747] Failed to build match row: Fußballclub Red Bull Salzburg vs F.C.V. Farul Constanța SA
[2872104] Failed to scrape lineup: https://www.transfermarkt.co.uk/1-fsv-mainz-05_sv-werder-bremen/index/spielbericht/2872104

Keepers & outfield error for **Elche Club de Fútbol S.A.D.** in Elche Club de Fútbol S.A.D. vs UD Almería: Numbers: 0 and 11.
[2704641] Could not find attributes for andersson ordonez (Eintracht Frankfurt Fußball AG, 2016)
[2341028] Failed to build match row: Elche Club de Fútbol S.A.D. vs UD Almería
[2704641] Failed to build match row: Borussia Dortmund vs Eintracht Frankfurt Fußball AG

Keepers & outfield error for **Verona Hellas Football Club** in Unione Sportiva Sassuolo Calcio vs Verona Hellas Football Club: Numbers: 0 and 11.
[2842667] Could not find attributes for giannis anestis (Athlitiki Enosi Konstantinoupoleos, 2016)
[2897563] Failed to build match row: Unione Sportiva Sassuolo Calcio vs Verona Hellas Football Club
[2882197] Could not find attributes for anton ari einarsson (Valur Reykjavík, 2017)
[2764502] Could not find attributes for yevgen selin (A.G.S Asteras Tripolis, 2016)
[2842667] Failed to build match row: Athlitiki Enosi Konstantinoupoleos vs Olympiakos Syndesmos Filathlon Peiraios
[2764502] Failed to build match row: A.G.S Asteras Tripolis vs Panetolikos Agrinio
[2597519] Failed to scrape lineup: https://www.transfermarkt.co.uk/spielbericht/index/spielbericht/2597519
[2888371] Could not find attributes for yassin ayoub (Football Club Utrecht, 2017)
[2469198] Failed to scrape lineup: https://www.transfermarkt.co.uk/spielbericht/index/spielbericht/2469198
[2882197] Failed to build match row: Valur Reykjavík vs NK Domzale
[2888371] Failed to build match row: Feyenoord Rotterdam vs Football Club Utrecht
[3194545] Could not find attributes for roberto di maio (La Fiorita 1967, 2019)
[3194545] Failed to build match row: La Fiorita 1967 vs UE Engordany
[2459642] Could not find attributes for karim el ahmadi (Feyenoord Rotterdam, 2014)
[2459642] Failed to build match row: Go Ahead Eagles vs Feyenoord Rotterdam
[3097379] Could not find attributes for mitchel michaelis (Football Club Volendam, 2018)
[3097379] Failed to build match row: Football Club Volendam vs Willem II Tilburg

Keepers & outfield error for **Moreirense Futebol Clube** in Sport Lisboa e Benfica vs Moreirense Futebol Clube: Numbers: 2 and 9.
[2330852] Failed to scrape lineup: https://www.transfermarkt.co.uk/ea-guingamp_sc-bastia/index/spielbericht/2330852
[2720841] Failed to build match row: Sport Lisboa e Benfica vs Moreirense Futebol Clube
[2726597] Could not find attributes for massimo maccarone (FC Empoli, 2016)
[2608539] Could not find attributes for ze pedro (UD Oliveirense, 2015)
[2726597] Failed to build match row: FC Empoli vs Associazione Calcio Fiorentina
[2608539] Failed to build match row: UD Oliveirense vs Futebol Clube de Famalicão
[2581645] Failed to scrape lineup: https://www.transfermarkt.co.uk/borussia-monchengladbach_fc-augsburg/index/spielbericht/2581645
[2346048] Failed to scrape lineup: https://www.transfermarkt.co.uk/kardemir-karabukspor_kayseri-erciyesspor/index/spielbericht/2346048
[2905748] Could not find attributes for vujadin savic (Fudbalski klub Crvena zvezda Beograd, 2017)
[2905748] Failed to build match row: Fudbalski klub Crvena zvezda Beograd vs FK Krasnodar
[3063675] Failed to scrape lineup: https://www.transfermarkt.co.uk/vejle-boldklub_ac-horsens/index/spielbericht/3063675
[2486807] Failed to scrape lineup: https://www.transfermarkt.co.uk/stoke-city_sunderland-afc/index/spielbericht/2486807
[2674401] Could not find attributes for fatos beqiraj (FK Dinamo Moskva, 2015)
[2674401] Failed to build match row: FK Dinamo Moskva vs PFK Krylya Sovetov Samara
[2842668] Could not find attributes for dimitrios kourbelis (Panathinaikos Athlitikos Omilos, 2016)
[2842668] Failed to build match row: Panthessalonikios Athlitikos Omilos Konstantinoupoliton vs Panathinaikos Athlitikos Omilos
[2764503] Could not find attributes for stefanos evangelou (Panathinaikos Athlitikos Omilos, 2016)
[2764503] Failed to build match row: Panathinaikos Athlitikos Omilos vs Athlitiki Enosi Konstantinoupoleos

Keepers & outfield error for **Società Sportiva Calcio Napoli** in Società Sportiva Calcio Napoli vs Chievo Verona: Numbers: 2 and 9.
[2359408] Failed to build match row: Società Sportiva Calcio Napoli vs Chievo Verona
[3124449] Could not find attributes for murray carstairs (Kelty Hearts FC, 2018)
[3124449] Failed to build match row: Kelty Hearts FC vs Dalbeattie Star FC
[2882198] Could not find attributes for andrey klimovich (Dinamo Minsk, 2017)
[2882198] Failed to build match row: Dinamo Minsk vs Rabotnicki Skopje
[3203725] Could not find attributes for vladimir darida (Hertha BSC, 2019)
[2475530] Failed to scrape lineup: https://www.transfermarkt.co.uk/villarreal-cf_elche-cf/index/spielbericht/2475530
[3203725] Failed to build match row: Hertha BSC vs Bayer 04 Leverkusen Fußball
[2618602] Could not find attributes for sergey chernik (BATE Borisov, 2015)
[2346049] Could not find attributes for oguz daglaroglu (Akhisarspor, 2013)
[2618602] Failed to build match row: Futbol Club Barcelona vs BATE Borisov
[2346049] Failed to build match row: Akhisarspor vs Gaziantepspor (- 2020)
[3002964] Failed to scrape lineup: https://www.transfermarkt.co.uk/spielbericht/index/spielbericht/3002964
[3211374] Failed to scrape lineup: https://www.transfermarkt.co.uk/gil-vicente-fc_sc-braga/index/spielbericht/3211374
[3081102] Failed to scrape lineup: https://www.transfermarkt.co.uk/getafe-cf_girona-fc/index/spielbericht/3081102
[2674402] Could not find attributes for aleksandr belenov (Kuban Krasnodar (-2018), 2015)
[2517467] Could not find attributes for denys sydorenko (Metalist Kharkiv (- 2016), 2014)

Keepers & outfield error for **West Ham United Football Club** in West Ham United Football Club vs Fulham Football Club: Numbers: 2 and 9.
[2674402] Failed to build match row: Kuban Krasnodar (-2018) vs FK Rostov
[2517467] Failed to build match row: Metalist Kharkiv (- 2016) vs Vorskla Poltava
[3050436] Failed to build match row: West Ham United Football Club vs Fulham Football Club
Not enough players found for lineup: 0, 0.
[3284684] Could not find attributes for jordan hart (East Fife FC, 2019)
[2597520] Failed to scrape lineup: https://www.transfermarkt.co.uk/spielbericht/index/spielbericht/2597520
[3284684] Failed to build match row: East Fife FC vs BSC Glasgow
[2764504] Could not find attributes for andrey gorbunov (APS Atromitos Athinon, 2016)
[2764504] Failed to build match row: APS Atromitos Athinon vs Panionios Athens
[2608540] Could not find attributes for kalindi (FC Penafiel, 2015)
[2608540] Failed to build match row: FC Penafiel vs Portimonense SC
[2496931] Failed to scrape lineup: https://www.transfermarkt.co.uk/spielbericht/index/spielbericht/2496931
[2872105] Failed to scrape lineup: https://www.transfermarkt.co.uk/vfl-wolfsburg_1-fc-koln/index/spielbericht/2872105

Keepers & outfield error for **1. Fußball- und Sportverein Mainz 05** in 1. Fußball- und Sportverein Mainz 05 vs Sportverein Werder Bremen von 1899: Numbers: 2 and 9.
[3252192] Could not find attributes for diego costa (Club Atlético de Madrid S.A.D., 2019)
[3203726] Failed to build match row: 1. Fußball- und Sportverein Mainz 05 vs Sportverein Werder Bremen von 1899
[2346050] Could not find attributes for serkan kirintili (Çaykur Rizespor Kulübü, 2013)
[3252192] Failed to build match row: Club Atlético de Madrid S.A.D. vs Bayer 04 Leverkusen Fußball
[2735545] Failed to scrape lineup: https://www.transfermarkt.co.uk/olympique-marseille_paris-saint-germain/index/spielbericht/2735545
[2346050] Failed to build match row: Çaykur Rizespor Kulübü vs Bursaspor
[3097380] Could not find attributes for virgil deen (Rijnsburgse Boys, 2018)
[3097380] Failed to build match row: Rijnsburgse Boys vs TOP Oss

Keepers & outfield error for **Valencia Club de Fútbol S. A. D.** in SD Huesca vs Valencia Club de Fútbol S. A. D.: Numbers: 0 and 11.
[3081103] Failed to build match row: SD Huesca vs Valencia Club de Fútbol S. A. D.
[3124541] Could not find attributes for ogmundur kristinsson (Athlitiki Enosi Larisas, 2018)
[3124541] Failed to build match row: Athlitiki Enosi Larisas vs Panionios Athens
[3194546] Could not find attributes for jesus coca (UE Engordany, 2019)
[3194546] Failed to build match row: UE Engordany vs La Fiorita 1967
[2882199] Could not find attributes for kostadin zahov (Shkendija Tetovo, 2017)
[2882199] Failed to build match row: HJK Helsinki vs Shkendija Tetovo
[2704643] Could not find attributes for fabian frei (1. Fußball- und Sportverein Mainz 05, 2016)
[2704643] Failed to build match row: 1. Fußball- und Sportverein Mainz 05 vs Hertha BSC
[2481886] Could not find attributes for andrea tozzo (Novara Calcio 1908, 2014)
[2481886] Failed to build match row: US Latina Calcio vs Novara Calcio 1908
[2764505] Could not find attributes for konstantinos peristeridis (PAS Giannina, 2016)
[3219283] Failed to scrape lineup: https://www.transfermarkt.co.uk/manchester-city_sheffield-united/index/spielbericht/3219283
[2764505] Failed to build match row: PAS Giannina vs Veria NPS
[2469199] Could not find attributes for jean sony alcenat (Fotbal Club Petrolul Ploiești, 2014)
[2469199] Failed to build match row: Fotbal Club Petrolul Ploiești vs Flamurtari FC
[2589066] Failed to scrape lineup: https://www.transfermarkt.co.uk/de-graafschap-doetinchem_ado-den-haag/index/spielbericht/2589066
[2370757] Could not find attributes for willi evseev (Verein für Leibesübungen Wolfsburg, 2013)

Keepers & outfield error for **Ural Yekaterinburg** in Ural Yekaterinburg vs FC Rubin Kazan: Numbers: 2 and 9.
[2674403] Failed to build match row: Ural Yekaterinburg vs FC Rubin Kazan
[2370757] Failed to build match row: Verein für Leibesübungen Wolfsburg vs FC Ingolstadt 04
[3063677] Could not find attributes for zeca (Football Club København, 2018)
[2459643] Failed to scrape lineup: https://www.transfermarkt.co.uk/nac-breda_ajax-amsterdam/index/spielbericht/2459643
[3063677] Failed to build match row: Aalborg BK vs Football Club København
[2475532] Could not find attributes for loukas vyntra (Levante Unión Deportiva S.A.D., 2014)
[3076648] Failed to scrape lineup: https://www.transfermarkt.co.uk/shakhtar-donetsk_zorya-lugansk/index/spielbericht/3076648
[2905749] Could not find attributes for zvonimir mikulic (FC Sheriff Tiraspol, 2017)
[2475532] Failed to build match row: Levante Unión Deportiva S.A.D. vs Club Atlético de Madrid S.A.D.
[2517468] Could not find attributes for bogdan shust (Volyn Lutsk, 2014)
[2700334] Could not find attributes for povilas valincius (FK Atlantas Klaipeda (-2020), 2016)
[2905749] Failed to build match row: FC Sheriff Tiraspol vs Legia Warszawa Spółka Akcyjna
[2517468] Failed to build match row: Volyn Lutsk vs FC Shakhtar Donetsk
[2700334] Failed to build match row: FK Atlantas Klaipeda (-2020) vs HJK Helsinki

Keepers & outfield error for **Juventus Football Club** in Juventus Football Club vs Delfino Pescara 1936: Numbers: 0 and 11.
[2486808] Failed to scrape lineup: https://www.transfermarkt.co.uk/west-bromwich-albion_liverpool-fc/index/spielbericht/2486808

Keepers & outfield error for **RasenBallsport Leipzig** in RasenBallsport Leipzig vs Borussia Dortmund: Numbers: 0 and 11.
[2872106] Failed to build match row: RasenBallsport Leipzig vs Borussia Dortmund
[2726598] Failed to build match row: Juventus Football Club vs Delfino Pescara 1936
Not enough players found for lineup: 0, 0.
[3229203] Could not find attributes for albin ekdal (UC Sampdoria, 2019)
[2597521] Failed to scrape lineup: https://www.transfermarkt.co.uk/spielbericht/index/spielbericht/2597521
[3229203] Failed to build match row: UC Sampdoria vs Torino Calcio
[2359409] Failed to scrape lineup: https://www.transfermarkt.co.uk/acf-fiorentina_genoa-cfc/index/spielbericht/2359409
[2844515] Could not find attributes for danylo kanevtsev (Chornomorets Odesa, 2016)
[2589067] Could not find attributes for henrico drost (Excelsior Rotterdam, 2015)
[2844515] Failed to build match row: Chornomorets Odesa vs Olimpik Donetsk
[2589067] Failed to build match row: Excelsior Rotterdam vs Eindhovense Voetbalvereniging Philips Sport Vereniging
[2618603] Failed to scrape lineup: https://www.transfermarkt.co.uk/spielbericht/index/spielbericht/2618603
[2559101] Could not find attributes for vyacheslav krotov (FK Spartak Moskva, 2014)
[2559101] Failed to build match row: FK Spartak Moskva vs AO FK Zenit Sankt-Peterburg
[3211375] Failed to scrape lineup: https://www.transfermarkt.co.uk/sl-benfica_fc-porto/index/spielbericht/3211375
[3194547] Could not find attributes for ferran pol (UE Sant Julia, 2019)
[3063678] Could not find attributes for mikkel wohlgemuth (Vendsyssel FF, 2018)
[3194547] Failed to build match row: UE Sant Julia vs Europa FC
[3063678] Failed to build match row: Hobro IK vs Vendsyssel FF
[3076649] Could not find attributes for oleksandr bandura (PFK Lviv, 2018)
[3076649] Failed to build match row: PFK Lviv vs Desna Chernigiv
[2905750] Could not find attributes for orges shehi (KF Skënderbeu, 2017)
[2905750] Failed to build match row: KF Skënderbeu vs GNK Dinamo Zagreb
[2517469] Could not find attributes for yevgen galchuk (FK Mariupol, 2014)
[2496932] Could not find attributes for jo coppens (MVV Maastricht, 2014)
[2517469] Failed to build match row: FK Mariupol vs Karpaty Lviv (-2021)

Keepers & outfield error for **Football Club de Metz** in Angers Sporting Club de l'Ouest vs Football Club de Metz: Numbers: 0 and 11.
[3124542] Could not find attributes for giannis kontoes (Apollon Smyrnis, 2018)
[2496932] Failed to build match row: MVV Maastricht vs Helmond Sport
[3394622] Failed to build match row: Angers Sporting Club de l'Ouest vs Football Club de Metz
[3124542] Failed to build match row: Apollon Smyrnis vs APS Atromitos Athinon

Keepers & outfield error for **Genoa Cricket and Football Club** in Società Sportiva Lazio S.p.A. vs Genoa Cricket and Football Club: Numbers: 2 and 9.
[2726599] Failed to build match row: Società Sportiva Lazio S.p.A. vs Genoa Cricket and Football Club
[2469200] Could not find attributes for srdjan luchin (Botev Plovdiv, 2014)
[2720842] Failed to scrape lineup: https://www.transfermarkt.co.uk/boavista-fc_sporting-cp/index/spielbericht/2720842
Not enough players found for lineup: 0, 0.
[2888388] Could not find attributes for sepp van den berg (Prins Hendrik Ende Desespereert Nimmer Combinatie Zwolle, 2017)
[2735546] Failed to scrape lineup: https://www.transfermarkt.co.uk/olympique-lyon_fc-metz/index/spielbericht/2735546
[3252193] Failed to scrape lineup: https://www.transfermarkt.co.uk/spielbericht/index/spielbericht/3252193
[2469200] Failed to build match row: Botev Plovdiv vs SKN St. Pölten
[2597524] Failed to scrape lineup: https://www.transfermarkt.co.uk/spielbericht/index/spielbericht/2597524
[2888388] Failed to build match row: Football Club Twente vs Prins Hendrik Ende Desespereert Nimmer Combinatie Zwolle
[3003011] Failed to scrape lineup: https://www.transfermarkt.co.uk/spielbericht/index/spielbericht/3003011
[2589068] Could not find attributes for kosuke ota (Vitesse Arnhem, 2015)
[2589068] Failed to build match row: Vitesse Arnhem vs Prins Hendrik Ende Desespereert Nimmer Combinatie Zwolle
[2764506] Could not find attributes for konstantinos giannoulis (A.G.S Asteras Tripolis, 2016)
[2764506] Failed to build match row: A.G.S Asteras Tripolis vs Athlitiki Enosi Larisas
[2674601] Could not find attributes for darren mcgregor (Hibernian Football Club, 2015)
[2674601] Failed to build match row: Hibernian Football Club vs Dundee United Football Club
[2370853] Could not find attributes for andriy fedorenko (Desna Chernigiv, 2013)
[2608541] Could not find attributes for maksym lapushenko (Leixões SC, 2015)
[2559102] Could not find attributes for anton putilo (Torpedo Moscow, 2014)
[2608541] Failed to build match row: Leixões SC vs Académico Viseu FC
[2370853] Failed to build match row: Desna Chernigiv vs Metalurg Zaporizhya (-2016)
[2559102] Failed to build match row: Torpedo Moscow vs FC Rubin Kazan
[3076650] Could not find attributes for bogdan shust (Vorskla Poltava, 2018)

Keepers & outfield error for **Fußball-Club Augsburg 1907** in Fußball-Club Augsburg 1907 vs 1. Fußball-Club Köln: Numbers: 2 and 9.
[2346051] Could not find attributes for atiba hutchinson (Beşiktaş Jimnastik Kulübü, 2013)

Keepers & outfield error for **Granada CF** in Granada CF vs Córdoba CF: Numbers: 0 and 11.
[2346051] Failed to build match row: Beşiktaş Jimnastik Kulübü vs Galatasaray Spor Kulübü
[2704645] Failed to build match row: Fußball-Club Augsburg 1907 vs 1. Fußball-Club Köln
[2475534] Failed to build match row: Granada CF vs Córdoba CF
[2882200] Could not find attributes for radanfah abu bakr (FK Suduva Marijampole, 2017)
[2882200] Failed to build match row: FK Suduva Marijampole vs FK Liepaja
[2872108] Could not find attributes for nils petersen (Sport-Club Freiburg, 2017)
[2872108] Failed to build match row: Sport-Club Freiburg vs FC Bayern München
[3219286] Could not find attributes for federico fernandez (Newcastle United Football Club, 2019)
[2517470] Could not find attributes for yuriy martyshchuk (Chornomorets Odesa, 2014)
[3219286] Failed to build match row: Newcastle United Football Club vs Everton Football Club
[2517470] Failed to build match row: Chornomorets Odesa vs Dnipro Dnipropetrovsk (-2020)
[3394623] Could not find attributes for chrislain matsima (Association sportive de Monaco Football Club, 2020)
[2844516] Failed to build match row: Vorskla Poltava vs Volyn Lutsk
g Clube de Braga vs CD Feirense: Numbers: 2 and 9.
[3394623] Failed to build match row: Association sportive de Monaco Football Club vs Montpellier HSC
[2720843] Failed to build match row: Sporting Clube de Braga vs CD Feirense
[2700335] Could not find attributes for dave roberts (Llandudno FC, 2016)
[2700335] Failed to build match row: Idrottsföreningen Kamraterna Göteborg vs Llandudno FC
[3124543] Could not find attributes for markos vellidis (PAS Giannina, 2018)
[3124543] Failed to build match row: PAS Giannina vs Omilos Filathlon Irakliou FC
[3284685] Could not find attributes for aidan mcadams (Edinburgh City FC, 2019)
[3284685] Failed to build match row: Edinburgh City FC vs Annan Athletic FC
[2888389] Could not find attributes for dave bulthuis (Sportclub Heerenveen, 2017)
[2888389] Failed to build match row: Sportclub Heerenveen vs ADO Den Haag

Keepers & outfield error for **Clube Desportivo de Tondela** in CS Marítimo vs Clube Desportivo de Tondela: Numbers: 0 and 11.
[3229204] Failed to scrape lineup: https://www.transfermarkt.co.uk/us-sassuolo_spal/index/spielbericht/3229204
[3211376] Failed to build match row: CS Marítimo vs Clube Desportivo de Tondela
[3194548] Could not find attributes for dayle coleing (Europa FC, 2019)
[2764507] Could not find attributes for vasilios barkas (Athlitiki Enosi Konstantinoupoleos, 2016)
[3097381] Could not find attributes for roy rondeltap (VV Noordwijk, 2018)

Keepers & outfield error for **Aston Villa Football Club** in Aston Villa Football Club vs Everton Football Club: Numbers: 0 and 11.
[2486809] Failed to build match row: Aston Villa Football Club vs Everton Football Club
[3003012] Could not find attributes for harry cochrane (Heart of Midlothian Football Club, 2017)
[3194548] Failed to build match row: Europa FC vs UE Sant Julia
[2764507] Failed to build match row: Athlitiki Enosi Konstantinoupoleos vs AO Platanias
[3097381] Failed to build match row: VV Noordwijk vs Sparta Rotterdam
[3003012] Failed to build match row: Motherwell Football Club vs Heart of Midlothian Football Club

Keepers & outfield error for **Real Valladolid CF** in Real Valladolid CF vs Athletic Club Bilbao: Numbers: 2 and 9.
[3063680] Failed to build match row: Fodbold Club Midtjylland vs Vejle Boldklub
[3081106] Failed to build match row: Real Valladolid CF vs Athletic Club Bilbao
[2636256] Could not find attributes for henrik ojamaa (Swindon Town, 2015)
[2459645] Failed to scrape lineup: https://www.transfermarkt.co.uk/excelsior-rotterdam_sc-cambuur-leeuwarden/index/spielbericht/2459645
[2346052] Could not find attributes for zulkuf ozer (Elazigspor, 2013)
[2636256] Failed to build match row: Rochdale AFC vs Swindon Town
[2346052] Failed to build match row: Elazigspor vs Sivasspor
[3076651] Could not find attributes for kostyantyn makhnovskyi (Olimpik Donetsk, 2018)

Keepers & outfield error for **CS Marítimo** in CS Marítimo vs Académica Coimbra: Numbers: 0 and 11.
[2704646] Could not find attributes for felix wiedwald (Sportverein Werder Bremen von 1899, 2016)
[3076651] Failed to build match row: Futbolniy Klub Dynamo Kyiv vs Olimpik Donetsk
[2608562] Failed to build match row: CS Marítimo vs Académica Coimbra
[2704646] Failed to build match row: Sportverein Werder Bremen von 1899 vs Hamburger Sport Verein
[2517471] Could not find attributes for mykyta shevchenko (FC Zorya Lugansk, 2014)
[2517471] Failed to build match row: FC Zorya Lugansk vs Metalurg Donetsk (- 2015)
[3124544] Could not find attributes for athanasios panteliadis (APO Levadiakos Football Club, 2018)
[2899518] Failed to scrape lineup: https://www.transfermarkt.co.uk/partick-thistle-fc-_celtic-fc/index/spielbericht/2899518
[3124544] Failed to build match row: APO Levadiakos Football Club vs A.G.S Asteras Tripolis
[2720844] Could not find attributes for ponck (GD Chaves, 2016)
[2720844] Failed to build match row: GD Chaves vs CS Marítimo
[3229205] Could not find attributes for mato jajalo (Udinese Calcio, 2019)
[3229205] Failed to build match row: Udinese Calcio vs Brescia Calcio

Keepers & outfield error for **Alkmaar Zaanstreek** in Alkmaar Zaanstreek vs Vitesse Arnhem: Numbers: 2 and 9.
[2581646] Could not find attributes for florian klein (Verein für Bewegungsspiele Stuttgart 1893, 2015)
[2597525] Failed to scrape lineup: https://www.transfermarkt.co.uk/spielbericht/index/spielbericht/2597525
[2618605] Failed to scrape lineup: https://www.transfermarkt.co.uk/spielbericht/index/spielbericht/2618605
[2764508] Could not find attributes for branislav nikic (AOK Kerkyra, 2016)

Keepers & outfield error for **Sport Lisboa e Benfica** in FC Bayern München vs Sport Lisboa e Benfica: Numbers: 0 and 11.
[2888390] Failed to build match row: Alkmaar Zaanstreek vs Vitesse Arnhem
[2581646] Failed to build match row: Hannover 96 vs Verein für Bewegungsspiele Stuttgart 1893
[2675294] Failed to build match row: FC Bayern München vs Sport Lisboa e Benfica
[2370854] Failed to scrape lineup: https://www.transfermarkt.co.uk/spielbericht/index/spielbericht/2370854
[2735548] Could not find attributes for firmin mubele (Rennes, 2016)
[3003013] Could not find attributes for andy halliday (Rangers Football Club, 2017)
[2764508] Failed to build match row: Olympiakos Syndesmos Filathlon Peiraios vs AOK Kerkyra
[3003013] Failed to build match row: Rangers Football Club vs Falkirk Football & Athletic Club

Keepers & outfield error for **Sporting Clube de Braga** in Sporting Clube de Braga vs FH Hafnarfjördur: Numbers: 2 and 9.
[2905751] Failed to build match row: Sporting Clube de Braga vs FH Hafnarfjördur
[2459646] Could not find attributes for robert braber (Willem II Tilburg, 2014)
[3097382] Could not find attributes for hobie verhulst (Go Ahead Eagles, 2018)
[2559103] Failed to scrape lineup: https://www.transfermarkt.co.uk/dinamo-moscow_torpedo-moskau/index/spielbericht/2559103
[2459646] Failed to build match row: Football Club Groningen vs Willem II Tilburg
[3097382] Failed to build match row: Go Ahead Eagles vs FC Eindhoven

Keepers & outfield error for **FC Schalke 04** in Hamburger Sport Verein vs FC Schalke 04: Numbers: 2 and 9.
[2321215] Failed to build match row: Hamburger Sport Verein vs FC Schalke 04
[3284686] Could not find attributes for shane sutherland (Elgin City FC, 2019)
[2496934] Could not find attributes for mehmet dingil (Achilles '29, 2014)
[3050439] Could not find attributes for demeaco duhaney (Huddersfield Town, 2018)
[3284686] Failed to build match row: Elgin City FC vs Alloa Athletic FC
[2496934] Failed to build match row: Achilles '29 vs Football Club Twente
[3219288] Could not find attributes for robert snodgrass (West Ham United Football Club, 2019)
[3219288] Failed to build match row: West Ham United Football Club vs Liverpool Football Club
[3050439] Failed to build match row: Huddersfield Town vs Wolverhampton Wanderers Football Club
[2469202] Could not find attributes for Ales Hruska (FK Mladá Boleslav, a.s., 2014)
[3076652] Could not find attributes for bogdan shust (Vorskla Poltava, 2018)
[2469202] Failed to build match row: FK Mladá Boleslav, a.s. vs NK Siroki Brijeg
[2700336] Could not find attributes for marc oberweis (Jeunesse Esch, 2016)
[3076652] Failed to build match row: Vorskla Poltava vs Futbolniy Klub Dynamo Kyiv
[2700336] Failed to build match row: St. Patrick's Athletic vs Jeunesse Esch

Keepers & outfield error for **Paris Saint-Germain Football Club** in Paris Saint-Germain Football Club vs Chelsea Football Club: Numbers: 2 and 9.
[2517512] Failed to build match row: Paris Saint-Germain Football Club vs Chelsea Football Club

Keepers & outfield error for **Espanol** in SD Eibar vs Espanol: Numbers: 2 and 9.
[2475536] Failed to build match row: SD Eibar vs Espanol
[2559104] Could not find attributes for aritm (FK Krasnodar, 2014)
[2559104] Failed to build match row: FK Krasnodar vs Amkar Perm
[2618606] Could not find attributes for predrag rajkovic (Maccabi Tel Aviv, 2015)
[2618606] Failed to build match row: Maccabi Tel Aviv vs Futebol Clube do Porto
[2589069] Could not find attributes for georgiy zhukov (Roda JC Kerkrade, 2015)
[2589069] Failed to build match row: Roda JC Kerkrade vs Football Club Utrecht

Keepers & outfield error for **EA Guingamp** in EA Guingamp vs Paris Saint-Germain Football Club: Numbers: 2 and 9.
[2899539] Failed to build match row: EA Guingamp vs Paris Saint-Germain Football Club

Keepers & outfield error for **Verona Hellas Football Club** in Verona Hellas Football Club vs Associazione Sportiva Roma: Numbers: 0 and 11.
[2359412] Failed to build match row: Verona Hellas Football Club vs Associazione Sportiva Roma
[2346053] Could not find attributes for ilker avcibay (Kasımpaşa A.Ş., 2013)
[2346053] Failed to build match row: Kasımpaşa A.Ş. vs Eskisehirspor
[2636257] Could not find attributes for oliver duffy (Wealdstone FC, 2015)
[2636257] Failed to build match row: Wealdstone FC vs Colchester United
Not enough players found for lineup: 0, 0.
[2597526] Failed to scrape lineup: https://www.transfermarkt.co.uk/spielbericht/index/spielbericht/2597526
[2459647] Could not find attributes for christian kum (Football Club Utrecht, 2014)
[2459647] Failed to build match row: Football Club Twente vs Football Club Utrecht
[2341030] Could not find attributes for cristian lobato (Club Atlético Osasuna, 2013)
[2341030] Failed to build match row: Villarreal Club de Fútbol S.A.D. vs Club Atlético Osasuna
[3194549] Could not find attributes for scot whiteside (Ballymena United FC, 2019)
[3194549] Failed to build match row: Ballymena United FC vs NSÍ Runavík

Keepers & outfield error for **Wolverhampton Wanderers Football Club** in Norwich City vs Wolverhampton Wanderers Football Club: Numbers: 0 and 11.
Not enough players found for lineup: 0, 11.
[3219289] Failed to build match row: Norwich City vs Wolverhampton Wanderers Football Club
[2496935] Failed to scrape lineup: https://www.transfermarkt.co.uk/spielbericht/index/spielbericht/2496935
[2735549] Could not find attributes for oussama haddadi (Dijon FCO, 2016)

Keepers & outfield error for **Chelsea Football Club** in Chelsea Football Club vs Futbolniy Klub Dynamo Kyiv: Numbers: 2 and 9.
[2618607] Failed to build match row: Chelsea Football Club vs Futbolniy Klub Dynamo Kyiv
[2735549] Failed to build match row: Football Club de Nantes vs Dijon FCO
[2559105] Could not find attributes for maicon bolt (Футбольный клуб "Локомотив" Москва, 2014)
[2559105] Failed to build match row: Футбольный клуб "Локомотив" Москва vs PFK CSKA Moskva
[2704647] Failed to scrape lineup: https://www.transfermarkt.co.uk/sv-darmstadt-98_fc-schalke-04/index/spielbericht/2704647
[3003042] Could not find attributes for matic kotnik (Panionios Athens, 2017)
[2882201] Could not find attributes for ignas plukas (FK Trakai, 2017)
[3003042] Failed to build match row: Panionios Athens vs Panthessalonikios Athlitikos Omilos Konstantinoupoliton

Keepers & outfield error for **Olympique de Marseille** in Olympique de Marseille vs SM Caen: Numbers: 2 and 9.
[2882201] Failed to build match row: FK Trakai vs IFK Norrköping
[2942668] Failed to build match row: Olympique de Marseille vs SM Caen
[2321217] Could not find attributes for alexander madlung (Eintracht Frankfurt Fußball AG, 2013)
[2321217] Failed to build match row: FC Bayern München vs Eintracht Frankfurt Fußball AG
[3284687] Could not find attributes for darryn kelly (Formartine United FC, 2019)
[3284687] Failed to build match row: Formartine United FC vs East Kilbride FC
[2905752] Could not find attributes for roland juhasz (Videoton FC, 2017)
Not enough players found for lineup: 0, 0.
[3203729] Failed to scrape lineup: https://www.transfermarkt.co.uk/sc-paderborn-07_borussia-monchengladbach/index/spielbericht/3203729
[2905752] Failed to build match row: Videoton FC vs Fudbalski Klub Partizan Beograd
[2597527] Failed to scrape lineup: https://www.transfermarkt.co.uk/spielbericht/index/spielbericht/2597527
[2844517] Could not find attributes for andriy lunin (Dnipro Dnipropetrovsk (-2020), 2016)
[2844517] Failed to build match row: Dnipro Dnipropetrovsk (-2020) vs Zirka Kropyvnytskyi
[2720845] Failed to scrape lineup: https://www.transfermarkt.co.uk/cd-nacional_estoril-praia/index/spielbericht/2720845
[3124545] Failed to scrape lineup: https://www.transfermarkt.co.uk/aris-thessaloniki_panathinaikos-fc/index/spielbericht/3124545

Keepers & outfield error for **Rayo Vallecano de Madrid S. A. D.** in Levante Unión Deportiva S.A.D. vs Rayo Vallecano de Madrid S. A. D.: Numbers: 0 and 11.
[2341031] Failed to build match row: Levante Unión Deportiva S.A.D. vs Rayo Vallecano de Madrid S. A. D.
[2735550] Could not find attributes for yannis salibur (EA Guingamp, 2016)
[2735550] Failed to build match row: EA Guingamp vs Association sportive de Monaco Football Club
[2330859] Failed to scrape lineup: https://www.transfermarkt.co.uk/paris-saint-germain_as-monaco/index/spielbericht/2330859
[2888391] Failed to scrape lineup: https://www.transfermarkt.co.uk/roda-jc-kerkrade_psv-eindhoven/index/spielbericht/2888391
[2370855] Failed to scrape lineup: https://www.transfermarkt.co.uk/spielbericht/index/spielbericht/2370855
[2675295] Failed to scrape lineup: https://www.transfermarkt.co.uk/spielbericht/index/spielbericht/2675295
[2764509] Failed to scrape lineup: https://www.transfermarkt.co.uk/apo-levadiakos_iraklis-thessaloniki/index/spielbericht/2764509

Keepers & outfield error for **Celta** in Celta vs Sevilla Fútbol Club S.A.D.: Numbers: 0 and 11.
[3229206] Failed to scrape lineup: https://www.transfermarkt.co.uk/brescia-calcio_juventus-fc/index/spielbericht/3229206
[2475538] Failed to build match row: Celta vs Sevilla Fútbol Club S.A.D.
[2335002] Failed to scrape lineup: https://www.transfermarkt.co.uk/ross-county-fc_dundee-united-fc/index/spielbericht/2335002
[2559106] Could not find attributes for anri khagush (Arsenal Tula, 2014)
[2482108] Could not find attributes for thibault giresse (EA Guingamp, 2014)
[2559106] Failed to build match row: Mordovia Saransk (-2020) vs Arsenal Tula
[2608563] Could not find attributes for danilo lerda (Atlético CP, 2015)
[2482108] Failed to build match row: EA Guingamp vs AS Saint-Étienne

Keepers & outfield error for **AO FK Zenit Sankt-Peterburg** in Olympique Lyonnais vs AO FK Zenit Sankt-Peterburg: Numbers: 2 and 9.

Keepers & outfield error for **FC Schalke 04** in FC Schalke 04 vs Verein für Leibesübungen Wolfsburg: Numbers: 2 and 9.
[3050440] Failed to scrape lineup: https://www.transfermarkt.co.uk/leicester-city_brighton-amp-hove-albion/index/spielbericht/3050440
[2608563] Failed to build match row: Atlético CP vs CF Os Belenenses
[2618608] Failed to build match row: Olympique Lyonnais vs AO FK Zenit Sankt-Peterburg
[2346054] Could not find attributes for serdar aziz (Bursaspor, 2013)
[2346054] Failed to build match row: Bursaspor vs Akhisarspor
[2321218] Failed to build match row: FC Schalke 04 vs Verein für Leibesübungen Wolfsburg
[3124546] Could not find attributes for dmytro chygrynskyi (Athlitiki Enosi Konstantinoupoleos, 2018)
[3124546] Failed to build match row: Athlitiki Enosi Konstantinoupoleos vs AO Xanthi
[3076653] Failed to scrape lineup: https://www.transfermarkt.co.uk/pfc-lviv_arsenal-kyiv/index/spielbericht/3076653
[2700337] Failed to scrape lineup: https://www.transfermarkt.co.uk/spielbericht/index/spielbericht/2700337
[2844518] Could not find attributes for oleksiy shevchenko (FC Zorya Lugansk, 2016)
[2341032] Failed to build match row: Real Betis Balompié S.A.D. vs Espanol
[2844518] Failed to build match row: FC Zorya Lugansk vs FC Shakhtar Donetsk
[2581648] Failed to scrape lineup: https://www.transfermarkt.co.uk/tsg-1899-hoffenheim_borussia-dortmund/index/spielbericht/2581648

Keepers & outfield error for **Paris Saint-Germain Football Club** in Paris Saint-Germain Football Club vs Manchester City Football Club: Numbers: 2 and 9.
[3003043] Could not find attributes for mladen bozovic (Athlitiki Enosi Larisas, 2017)
[2675296] Failed to build match row: Paris Saint-Germain Football Club vs Manchester City Football Club
[3003043] Failed to build match row: Athlitiki Enosi Larisas vs Athlitiki Enosi Konstantinoupoleos
[3229207] Could not find attributes for albin ekdal (UC Sampdoria, 2019)
[3081108] Could not find attributes for riqui puig (Futbol Club Barcelona, 2018)
[3229207] Failed to build match row: Associazione Calcio Fiorentina vs UC Sampdoria
[3081108] Failed to build match row: Celta vs Futbol Club Barcelona
[3252198] Could not find attributes for mikhail kerzhakov (AO FK Zenit Sankt-Peterburg, 2019)
[3252198] Failed to build match row: RasenBallsport Leipzig vs AO FK Zenit Sankt-Peterburg
[2764510] Could not find attributes for dimitrios kyriakidis (Panetolikos Agrinio, 2016)
[2370856] Could not find attributes for oleksandr ilyushchenkov (Karpaty Lviv (-2021), 2013)

Keepers & outfield error for **Athletic Club Bilbao** in Athletic Club Bilbao vs Getafe Club de Fútbol S. A. D. Team Dubai: Numbers: 2 and 9.
[2359413] Failed to scrape lineup: https://www.transfermarkt.co.uk/as-livorno_us-sassuolo/index/spielbericht/2359413
[2636258] Failed to scrape lineup: https://www.transfermarkt.co.uk/spielbericht/index/spielbericht/2636258
[2370856] Failed to build match row: Karpaty Lviv (-2021) vs Metalist Kharkiv (- 2016)
[2764510] Failed to build match row: Panetolikos Agrinio vs AO Xanthi
b de Fútbol S. A. D. Team Dubai

Keepers & outfield error for **UD Almería** in UD Almería vs Málaga CF: Numbers: 0 and 11.
[2475539] Failed to build match row: UD Almería vs Málaga CF
[2459648] Failed to scrape lineup: https://www.transfermarkt.co.uk/sc-heerenveen_psv-eindhoven/index/spielbericht/2459648
[2486812] Failed to scrape lineup: https://www.transfermarkt.co.uk/leicester-city_newcastle-united/index/spielbericht/2486812
[3124547] Could not find attributes for bojan saranov (PAS Lamia 1964, 2018)
[2726603] Failed to scrape lineup: https://www.transfermarkt.co.uk/bologna-fc-1909_atalanta-bc/index/spielbericht/2726603
[3124547] Failed to build match row: PAS Lamia 1964 vs Panthessalonikios Athlitikos Omilos Konstantinoupoliton
[2844519] Could not find attributes for andriy novak (FC Oleksandriya, 2016)
[2844519] Failed to build match row: FC Oleksandriya vs Futbolniy Klub Dynamo Kyiv
[2735551] Could not find attributes for matteo guendouzi (Football Club Lorient-Bretagne Sud, 2016)
[2735551] Failed to build match row: Football Club Lorient-Bretagne Sud vs Olympique de Marseille
[3076654] Could not find attributes for yevgen past (Desna Chernigiv, 2018)
[3076654] Failed to build match row: FC Shakhtar Donetsk vs Desna Chernigiv
[3194550] Failed to scrape lineup: https://www.transfermarkt.co.uk/spielbericht/index/spielbericht/3194550
[2618609] Could not find attributes for danijel milicevic (Koninklijke Atletiek Associatie Gent, 2015)
[2618609] Failed to build match row: Koninklijke Atletiek Associatie Gent vs Valencia Club de Fútbol S. A. D.

Keepers & outfield error for **SD Eibar** in SD Eibar vs Real Betis Balompié S.A.D.: Numbers: 2 and 9.
[3081109] Failed to build match row: SD Eibar vs Real Betis Balompié S.A.D.

Keepers & outfield error for **Genoa Cricket and Football Club** in Genoa Cricket and Football Club vs Bologna Football Club 1909: Numbers: 0 and 11.
[3252199] Could not find attributes for rafa silva (Sport Lisboa e Benfica, 2019)
[3229208] Failed to build match row: Genoa Cricket and Football Club vs Bologna Football Club 1909
[3252199] Failed to build match row: Sport Lisboa e Benfica vs Olympique Lyonnais
[2469203] Failed to scrape lineup: https://www.transfermarkt.co.uk/spielbericht/index/spielbericht/2469203
[2704648] Failed to scrape lineup: https://www.transfermarkt.co.uk/tsg-1899-hoffenheim_borussia-monchengladbach/index/spielbericht/2704648
[3050442] Could not find attributes for moussa sissoko (Tottenham Hotspur Football Club, 2018)
[3050442] Failed to build match row: Chelsea Football Club vs Tottenham Hotspur Football Club
[3203731] Could not find attributes for florian wirtz (Bayer 04 Leverkusen Fußball, 2019)
[3203731] Failed to build match row: Bayer 04 Leverkusen Fußball vs 1. Fußball- und Sportverein Mainz 05
[2882202] Failed to scrape lineup: https://www.transfermarkt.co.uk/spielbericht/index/spielbericht/2882202

Keepers & outfield error for **Mönchengladbach** in Hannover 96 vs Mönchengladbach: Numbers: 2 and 9.
[2321220] Failed to build match row: Hannover 96 vs Mönchengladbach
[2597528] Failed to scrape lineup: https://www.transfermarkt.co.uk/spielbericht/index/spielbericht/2597528
[2906684] Failed to scrape lineup: https://www.transfermarkt.co.uk/spielbericht/index/spielbericht/2906684
[3081110] Could not find attributes for martin braithwaite (CD Leganés, 2018)
[2497893] Failed to scrape lineup: https://www.transfermarkt.co.uk/volyn-lutsk_vorskla-poltava/index/spielbericht/2497893
[3081110] Failed to build match row: Sevilla Fútbol Club S.A.D. vs CD Leganés

Keepers & outfield error for **Villarreal Club de Fútbol S.A.D.** in Villarreal Club de Fútbol S.A.D. vs Málaga CF: Numbers: 0 and 11.
[2475540] Failed to build match row: Villarreal Club de Fútbol S.A.D. vs Málaga CF
[3124548] Could not find attributes for dimitrios kyriakidis (Panetolikos Agrinio, 2018)
[3124548] Failed to build match row: Olympiakos Syndesmos Filathlon Peiraios vs Panetolikos Agrinio
[3097384] Could not find attributes for leo vaisanen (FC Den Bosch, 2018)

Keepers & outfield error for **FC Shakhtar Donetsk** in FC Shakhtar Donetsk vs Real Madrid Club de Fútbol: Numbers: 2 and 9.
[3097384] Failed to build match row: FC Den Bosch vs Heracles Almelo
[2618610] Failed to build match row: FC Shakhtar Donetsk vs Real Madrid Club de Fútbol
[2844520] Could not find attributes for yevgen borovyk (Karpaty Lviv (-2021), 2016)
[2844520] Failed to build match row: Karpaty Lviv (-2021) vs PFK Stal Kamyanske (-2018)
[3076655] Could not find attributes for yevgen galchuk (FK Mariupol, 2018)
[3076655] Failed to build match row: FK Mariupol vs FC Zorya Lugansk
[2735552] Could not find attributes for jeremy morel (Olympique Lyonnais, 2016)
[2735552] Failed to build match row: FC Girondins Bordeaux vs Olympique Lyonnais
[3219291] Failed to scrape lineup: https://www.transfermarkt.co.uk/afc-bournemouth_arsenal-fc/index/spielbericht/3219291
[2335003] Failed to scrape lineup: https://www.transfermarkt.co.uk/heart-of-midlothian-fc_st-mirren-fc/index/spielbericht/2335003
[3203732] Could not find attributes for vladimir darida (Hertha BSC, 2019)
[3203732] Failed to build match row: Mönchengladbach vs Hertha BSC
[2559107] Failed to scrape lineup: https://www.transfermarkt.co.uk/rubin-kazan_kuban-krasnodar-2018-/index/spielbericht/2559107
[2882203] Could not find attributes for jakub divis (FK Mladá Boleslav, a.s., 2017)
[2882203] Failed to build match row: FK Mladá Boleslav, a.s. vs Shamrock Rovers
[3063682] Failed to scrape lineup: https://www.transfermarkt.co.uk/brondby-if_aarhus-gf/index/spielbericht/3063682
[2608564] Failed to scrape lineup: https://www.transfermarkt.co.uk/spielbericht/index/spielbericht/2608564
[2942671] Failed to scrape lineup: https://www.transfermarkt.co.uk/ea-guingamp_angers-sco/index/spielbericht/2942671
[2704650] Could not find attributes for fabian frei (1. Fußball- und Sportverein Mainz 05, 2016)
[2597529] Could not find attributes for patrick zonneveld (VV IJsselmeervogels, 2015)
[2704650] Failed to build match row: FC Bayern München vs 1. Fußball- und Sportverein Mainz 05
[2597529] Failed to build match row: VV IJsselmeervogels vs Koninklijke HFC Haarlem
[2497894] Failed to build match row: FK Mariupol vs Dnipro Dnipropetrovsk (-2020)

Keepers & outfield error for **Malmö Fotbollförening** in Malmö Fotbollförening vs Paris Saint-Germain Football Club: Numbers: 0 and 11.
[3194551] Could not find attributes for visar bekaj (FC Prishtina, 2019)
[2618611] Failed to build match row: Malmö Fotbollförening vs Paris Saint-Germain Football Club
[3194551] Failed to build match row: FC Prishtina vs St Joseph's FC
[3076656] Could not find attributes for yuriy pankiv (FC Oleksandriya, 2018)
[2341033] Failed to scrape lineup: https://www.transfermarkt.co.uk/valencia-cf_rcd-espanyol-barcelona/index/spielbericht/2341033
[3076656] Failed to build match row: FC Oleksandriya vs Karpaty Lviv (-2021)
[2346055] Failed to scrape lineup: https://www.transfermarkt.co.uk/kayseri-erciyesspor_kayserispor/index/spielbericht/2346055
[2720847] Failed to scrape lineup: https://www.transfermarkt.co.uk/vitoria-setubal-fc_rio-ave-fc/index/spielbericht/2720847
[2844521] Could not find attributes for yevgen past (Zirka Kropyvnytskyi, 2016)
[2844521] Failed to build match row: Zirka Kropyvnytskyi vs Vorskla Poltava
[2700338] Failed to scrape lineup: https://www.transfermarkt.co.uk/spielbericht/index/spielbericht/2700338
[3284688] Could not find attributes for greg mitchell (Inverurie Loco Works FC, 2019)
[3284688] Failed to build match row: Inverurie Loco Works FC vs Broxburn Athletic FC
[2675297] Failed to scrape lineup: https://www.transfermarkt.co.uk/spielbericht/index/spielbericht/2675297
[2581649] Failed to scrape lineup: https://www.transfermarkt.co.uk/fc-ingolstadt-04_hamburger-sv/index/spielbericht/2581649
[2888393] Failed to scrape lineup: https://www.transfermarkt.co.uk/ajax-amsterdam_vvv-venlo/index/spielbericht/2888393
[2882204] Could not find attributes for dominik greif (Slovan Bratislava, 2017)
[2882204] Failed to build match row: Lyngby Boldklub vs Slovan Bratislava
[2370857] Failed to scrape lineup: https://www.transfermarkt.co.uk/spielbericht/index/spielbericht/2370857
[2335004] Could not find attributes for marian kello (Saint Mirren Football Club, 2013)
[2636259] Failed to scrape lineup: https://www.transfermarkt.co.uk/spielbericht/index/spielbericht/2636259
[2335004] Failed to build match row: Hibernian Football Club vs Saint Mirren Football Club

Keepers & outfield error for **Wolverhampton Wanderers Football Club** in Wolverhampton Wanderers Football Club vs Manchester City Football Club: Numbers: 0 and 11.
[3219292] Failed to build match row: Wolverhampton Wanderers Football Club vs Manchester City Football Club
[2764511] Failed to scrape lineup: https://www.transfermarkt.co.uk/panionios-athens_panathinaikos-fc/index/spielbericht/2764511
[2899560] Failed to scrape lineup: https://www.transfermarkt.co.uk/sevilla-fc_rcd-espanyol-barcelona/index/spielbericht/2899560
[2486813] Failed to scrape lineup: https://www.transfermarkt.co.uk/liverpool-fc_queens-park-rangers/index/spielbericht/2486813
[2346056] Could not find attributes for aykut demir (Trabzonspor Kulübü, 2013)
[2346056] Failed to build match row: Trabzonspor Kulübü vs Konyaspor
[3050444] Could not find attributes for havard nordtveit (Fulham Football Club, 2018)
[3063683] Could not find attributes for mohammed kudus (Fodbold Club Nordsjælland, 2018)
[3050444] Failed to build match row: Southampton FC vs Fulham Football Club
[3063683] Failed to build match row: Randers Fodbold Club vs Fodbold Club Nordsjælland
[3229209] Failed to scrape lineup: https://www.transfermarkt.co.uk/hellas-verona_udinese-calcio/index/spielbericht/3229209
[2359415] Failed to scrape lineup: https://www.transfermarkt.co.uk/cagliari-calcio_acf-fiorentina/index/spielbericht/2359415
[2469204] Failed to scrape lineup: https://www.transfermarkt.co.uk/spielbericht/index/spielbericht/2469204
[2735553] Could not find attributes for stephane sessegnon (Montpellier HSC, 2016)
[2497895] Could not find attributes for oleksandr rybka (Futbolniy Klub Dynamo Kyiv, 2014)
[3097385] Could not find attributes for chiel kramer (Almere City FC, 2018)
[2735553] Failed to build match row: Montpellier HSC vs EA Guingamp
[2726606] Could not find attributes for massimo maccarone (FC Empoli, 2016)
[3097385] Failed to build match row: Almere City FC vs FC Dordrecht
[2497895] Failed to build match row: Futbolniy Klub Dynamo Kyiv vs FC Shakhtar Donetsk
[2726606] Failed to build match row: FC Empoli vs Associazione Calcio Milan
[2844522] Could not find attributes for yuriy pankiv (PFK Stal Kamyanske (-2018), 2016)
[3076657] Could not find attributes for kostyantyn makhnovskyi (Olimpik Donetsk, 2018)

Keepers & outfield error for **Sport Lisboa e Benfica** in Sport Lisboa e Benfica vs FC Bayern München: Numbers: 0 and 11.
[2844522] Failed to build match row: PFK Stal Kamyanske (-2018) vs Volyn Lutsk
[2675298] Failed to build match row: Sport Lisboa e Benfica vs FC Bayern München
[3076657] Failed to build match row: Olimpik Donetsk vs Chornomorets Odesa
[2459650] Failed to scrape lineup: https://www.transfermarkt.co.uk/heracles-almelo_nac-breda/index/spielbericht/2459650

Keepers & outfield error for **Málaga CF** in Málaga CF vs SD Eibar: Numbers: 0 and 11.
[2899561] Failed to build match row: Málaga CF vs SD Eibar
[2906685] Could not find attributes for sergey revyakin (Ararat Moskow (-2020), 2017)
[3081111] Failed to scrape lineup: https://www.transfermarkt.co.uk/athletic-bilbao_celta-de-vigo/index/spielbericht/3081111
[2906685] Failed to build match row: Ararat Moskow (-2020) vs FK Baltika
[3003045] Failed to scrape lineup: https://www.transfermarkt.co.uk/spielbericht/index/spielbericht/3003045

Keepers & outfield error for **Cheltenham Town** in Cheltenham Town vs Ebbsfleet United: Numbers: 2 and 9.
[2559108] Could not find attributes for ablaye mbengue (RFK Akhmat Grozny, 2014)
[3124958] Failed to build match row: Cheltenham Town vs Ebbsfleet United
[3050445] Could not find attributes for etienne capoue (Watford FC, 2018)
Not enough players found for lineup: 0, 0.
[2597530] Failed to scrape lineup: https://www.transfermarkt.co.uk/spielbericht/index/spielbericht/2597530
[3050445] Failed to build match row: Liverpool Football Club vs Watford FC
[3252200] Failed to scrape lineup: https://www.transfermarkt.co.uk/spielbericht/index/spielbericht/3252200
[2559108] Failed to build match row: RFK Akhmat Grozny vs FK Spartak Moskva
[2764512] Could not find attributes for andrey gorbunov (APS Atromitos Athinon, 2016)

Keepers & outfield error for **Nooit Opgeven Altijd Doorzetten Aangenaam Door Vermaak En Nuttig Door Ontspanning Combinatie Breda** in Sparta Rotterdam vs Nooit Opgeven Altijd Doorzetten Aangenaam Door Vermaak En Nuttig Door Ontspanning Combinatie Breda: Numbers: 2 and 9.
[2888394] Failed to build match row: Sparta Rotterdam vs Nooit Opgeven Altijd Doorzetten Aangenaam Door Vermaak En Nuttig Door Ontspanning Combinatie Breda

Keepers & outfield error for **Verona Hellas Football Club** in Unione Sportiva Sassuolo Calcio vs Verona Hellas Football Club: Numbers: 0 and 11.
[2359416] Failed to build match row: Unione Sportiva Sassuolo Calcio vs Verona Hellas Football Club
[3194552] Could not find attributes for ezequiel rojas (St Joseph's FC, 2019)
[3194552] Failed to build match row: St Joseph's FC vs FC Prishtina
[2497896] Could not find attributes for zauri makharadze (Olimpik Donetsk, 2014)
[2497896] Failed to build match row: Olimpik Donetsk vs Karpaty Lviv (-2021)
[2346057] Could not find attributes for ramazan kose (Gençlerbirliği Spor Kulübü, 2013)
[2346057] Failed to build match row: Gençlerbirliği Spor Kulübü vs Fenerbahçe Spor Kulübü

Keepers & outfield error for **Clube Desportivo de Tondela** in Clube Desportivo de Tondela vs Clube Desportivo Nacional: Numbers: 0 and 11.
[2608565] Failed to build match row: Clube Desportivo de Tondela vs Clube Desportivo Nacional

Keepers & outfield error for **Wolverhampton Wanderers Football Club** in Liverpool Football Club vs Wolverhampton Wanderers Football Club: Numbers: 0 and 11.
[3219294] Failed to build match row: Liverpool Football Club vs Wolverhampton Wanderers Football Club

Keepers & outfield error for **Genoa Cricket and Football Club** in Genoa Cricket and Football Club vs Juventus Football Club: Numbers: 2 and 9.
[2844523] Could not find attributes for vladyslav levanidov (FC Oleksandriya, 2016)
[2844523] Failed to build match row: FC Oleksandriya vs FC Zorya Lugansk
[2726607] Failed to build match row: Genoa Cricket and Football Club vs Juventus Football Club
[2735554] Could not find attributes for issiar dia (AS Nancy-Lorraine, 2016)
[2735554] Failed to build match row: Paris Saint-Germain Football Club vs AS Nancy-Lorraine

Keepers & outfield error for **Charlton Athletic** in Charlton Athletic vs Mansfield Town: Numbers: 2 and 9.
[3124959] Failed to build match row: Charlton Athletic vs Mansfield Town
[2720848] Failed to scrape lineup: https://www.transfermarkt.co.uk/moreirense-fc_cd-nacional/index/spielbericht/2720848
[2469205] Could not find attributes for jakub divis (CSKA-Sofia, 2014)
[2341034] Failed to scrape lineup: https://www.transfermarkt.co.uk/real-madrid_granada-cf/index/spielbericht/2341034
[2370860] Could not find attributes for andriy polyanytsya (PFK Shakhtar Sverdlovsk, 2013)
[2469205] Failed to build match row: CSKA-Sofia vs FC Zimbru Chisinau
[2370860] Failed to build match row: PFK Shakhtar Sverdlovsk vs Futbolniy Klub Dynamo Kyiv
[2882205] Could not find attributes for emilijus zubas (Bnei Yehuda Tel Aviv, 2017)
[2882205] Failed to build match row: Bnei Yehuda Tel Aviv vs AS Trencin
[2335006] Could not find attributes for greg kiltie (Kilmarnock Football Club, 2013)
[2335006] Failed to build match row: Kilmarnock Football Club vs Inverness Caledonian Thistle FC
[2888395] Could not find attributes for yassin ayoub (Football Club Utrecht, 2017)

Keepers & outfield error for **Portimonense SC** in Portimonense SC vs Sporting Clube de Portugal: Numbers: 0 and 11.
[3211377] Failed to build match row: Portimonense SC vs Sporting Clube de Portugal
[2559109] Could not find attributes for dmitriy stotskiy (FK Ufa, 2014)

[2589072] Failed to build match row: Vitesse Arnhem vs Excelsior Rotterdam
[2559109] Failed to build match row: Ural Yekaterinburg vs FK Ufa
[2618613] Failed to scrape lineup: https://www.transfermarkt.co.uk/spielbericht/index/spielbericht/2618613
[2675299] Failed to scrape lineup: https://www.transfermarkt.co.uk/spielbericht/index/spielbericht/2675299

Keepers & outfield error for **West Ham United Football Club** in Manchester City Football Club vs West Ham United Football Club: Numbers: 2 and 9.
[3050446] Failed to build match row: Manchester City Football Club vs West Ham United Football Club
[2330866] Failed to scrape lineup: https://www.transfermarkt.co.uk/ea-guingamp_fc-sochaux-montbeliard/index/spielbericht/2330866
Not enough players found for lineup: 0, 0.
[2597531] Failed to scrape lineup: https://www.transfermarkt.co.uk/spielbericht/index/spielbericht/2597531
[2942673] Failed to scrape lineup: https://www.transfermarkt.co.uk/fc-girondins-bordeaux_olympique-marseille/index/spielbericht/2942673
[2704652] Failed to scrape lineup: https://www.transfermarkt.co.uk/fc-schalke-04_rb-leipzig/index/spielbericht/2704652
[2335007] Could not find attributes for vangelis ikonomou (Ross County FC, 2013)
[2321225] Could not find attributes for ondrej petrak (1.FC Nuremberg, 2013)
[3394626] Failed to scrape lineup: https://www.transfermarkt.co.uk/olympique-marseille_fc-girondins-bordeaux/index/spielbericht/3394626
[2872111] Could not find attributes for julian korb (Hannover 96, 2017)

Keepers & outfield error for **Elche Club de Fútbol S.A.D.** in Real Sociedad de Fútbol S.A.D. vs Elche Club de Fútbol S.A.D.: Numbers: 0 and 11.
[2872111] Failed to build match row: Eintracht Frankfurt Fußball AG vs Hannover 96
[2335007] Failed to build match row: Ross County FC vs Heart of Midlothian Football Club
[3284689] Could not find attributes for peter grant (Greenock Morton FC, 2019)
[2321225] Failed to build match row: Hertha BSC vs 1.FC Nuremberg
[2346058] Could not find attributes for hakan arikan (Antalyaspor, 2013)
[3284689] Failed to build match row: Greenock Morton FC vs Brora Rangers FC

Keepers & outfield error for **Bradford City** in Bradford City vs Aldershot Town: Numbers: 2 and 9.
[3063685] Failed to scrape lineup: https://www.transfermarkt.co.uk/hobro-ik_randers-fc/index/spielbericht/3063685
[2341035] Failed to build match row: Real Sociedad de Fútbol S.A.D. vs Elche Club de Fútbol S.A.D.
[3124960] Failed to build match row: Bradford City vs Aldershot Town
[3252201] Failed to scrape lineup: https://www.transfermarkt.co.uk/spielbericht/index/spielbericht/3252201
[2346058] Failed to build match row: Antalyaspor vs Beşiktaş Jimnastik Kulübü
[3203735] Failed to scrape lineup: https://www.transfermarkt.co.uk/sv-werder-bremen_1-fc-koln/index/spielbericht/3203735
[3219296] Could not find attributes for patrick van aanholt (Crystal Palace Football Club, 2019)
[2764513] Failed to scrape lineup: https://www.transfermarkt.co.uk/pae-veria_panetolikos-gfs/index/spielbericht/2764513
[3097386] Could not find attributes for stijn van gassel (Helmond Sport, 2018)
[3219296] Failed to build match row: Crystal Palace Football Club vs West Ham United Football Club
[2636260] Could not find attributes for adam thurston (FC United of Manchester, 2015)

Keepers & outfield error for **AO FK Zenit Sankt-Peterburg** in AO FK Zenit Sankt-Peterburg vs FK Rostov: Numbers: 2 and 9.
[2636260] Failed to build match row: FC United of Manchester vs Chesterfield FC
[3097386] Failed to build match row: Helmond Sport vs Fortuna Sittardia Combinatie
[2559110] Failed to build match row: AO FK Zenit Sankt-Peterburg vs FK Rostov
[3194553] Could not find attributes for kristian joensen (KÍ Klaksvík, 2019)
[3194553] Failed to build match row: KÍ Klaksvík vs Tre Fiori FC
[2359417] Failed to scrape lineup: https://www.transfermarkt.co.uk/juventus-fc_fc-internazionale/index/spielbericht/2359417

Keepers & outfield error for **FC Shakhtar Donetsk** in FC Shakhtar Donetsk vs Chornomorets Odesa: Numbers: 2 and 9.
[2844524] Failed to build match row: FC Shakhtar Donetsk vs Chornomorets Odesa
[2720850] Could not find attributes for jorginho (Futebol Clube de Arouca, 2016)
[2720850] Failed to build match row: CD Feirense vs Futebol Clube de Arouca
[2608566] Failed to scrape lineup: https://www.transfermarkt.co.uk/spielbericht/index/spielbericht/2608566
[2906686] Could not find attributes for artem koveshnikov (Torpedo Vladimir, 2017)
[2906686] Failed to build match row: Torpedo Vladimir vs FK Nizhny Novgorod

Keepers & outfield error for **Vitória Sport Clube** in Vitória Sport Clube vs Futebol Clube de Famalicão: Numbers: 0 and 11.

Keepers & outfield error for **Paris Saint-Germain Football Club** in Manchester City Football Club vs Paris Saint-Germain Football Club: Numbers: 2 and 9.
[2675300] Failed to build match row: Manchester City Football Club vs Paris Saint-Germain Football Club
[3211378] Failed to build match row: Vitória Sport Clube vs Futebol Clube de Famalicão
[2589073] Could not find attributes for ouasim bouy (Prins Hendrik Ende Desespereert Nimmer Combinatie Zwolle, 2015)
[2589073] Failed to build match row: Prins Hendrik Ende Desespereert Nimmer Combinatie Zwolle vs Football Club Groningen
[2735555] Could not find attributes for habib maiga (AS Saint-Étienne, 2016)
[2735555] Failed to build match row: SC Bastia vs AS Saint-Étienne
[2370873] Could not find attributes for tim albutat (Sport-Club Freiburg, 2013)
[2370873] Failed to build match row: Sevilla Fútbol Club S.A.D. vs Sport-Club Freiburg
[2469206] Could not find attributes for jackson mendy (Litex Lovech, 2014)
[3063686] Could not find attributes for zeca (Football Club København, 2018)
[2469206] Failed to build match row: Litex Lovech vs Diósgyőri VTK
[3063686] Failed to build match row: Football Club København vs Fodbold Club Midtjylland

Keepers & outfield error for **Olympique Lyonnais** in Racing Club de Strasbourg Alsace vs Olympique Lyonnais: Numbers: 2 and 9.
[3394627] Failed to build match row: Racing Club de Strasbourg Alsace vs Olympique Lyonnais

Keepers & outfield error for **UD Almería** in Villarreal Club de Fútbol S.A.D. vs UD Almería: Numbers: 0 and 11.
[2882206] Could not find attributes for bence batik (Ferencvárosi TC, 2017)
[3203736] Could not find attributes for yannik keitel (Sport-Club Freiburg, 2019)
[2882206] Failed to build match row: Fodbold Club Midtjylland vs Ferencvárosi TC
[2341036] Failed to build match row: Villarreal Club de Fútbol S.A.D. vs UD Almería
[3203736] Failed to build match row: Sport-Club Freiburg vs FC Schalke 04
[2359418] Could not find attributes for keita balde (Società Sportiva Lazio S.p.A., 2013)
[2618614] Could not find attributes for sabri sarioglu (Galatasaray Spor Kulübü, 2015)
[3229211] Could not find attributes for ragnar klavan (Cagliari Calcio, 2019)
[2359418] Failed to build match row: Chievo Verona vs Società Sportiva Lazio S.p.A.
[3229211] Failed to build match row: Società Sportiva Calcio Napoli vs Cagliari Calcio
[2618614] Failed to build match row: Club Atlético de Madrid S.A.D. vs Galatasaray Spor Kulübü
[2346059] Could not find attributes for serkan kirintili (Çaykur Rizespor Kulübü, 2013)
[2346059] Failed to build match row: Galatasaray Spor Kulübü vs Çaykur Rizespor Kulübü
[3284690] Could not find attributes for james penrice (Partick Thistle FC, 2019)

Keepers & outfield error for **Alaves** in CD Leganés vs Alaves: Numbers: 2 and 9.
[2330867] Failed to scrape lineup: https://www.transfermarkt.co.uk/losc-lille_fc-evian-thonon-gaillard/index/spielbericht/2330867
[2899562] Failed to build match row: CD Leganés vs Alaves
[3284690] Failed to build match row: Partick Thistle FC vs Penicuik Athletic FC
[2675301] Could not find attributes for ricardo ferreira (Sporting Clube de Braga, 2015)
[3009813] Could not find attributes for mykyta burda (Futbolniy Klub Dynamo Kyiv, 2017)

Keepers & outfield error for **Real Betis Balompié S.A.D.** in Real Betis Balompié S.A.D. vs SD Huesca: Numbers: 2 and 9.
[2675301] Failed to build match row: Sporting Clube de Braga vs FC Shakhtar Donetsk
[3009813] Failed to build match row: Società Sportiva Lazio S.p.A. vs Futbolniy Klub Dynamo Kyiv

Keepers & outfield error for **Grupo Desportivo Estoril Praia** in Grupo Desportivo Estoril Praia vs CF Os Belenenses: Numbers: 0 and 11.
[2497897] Could not find attributes for oleksandr goryainov (Metalist Kharkiv (- 2016), 2014)
[3081114] Failed to build match row: Real Betis Balompié S.A.D. vs SD Huesca
[2764514] Could not find attributes for dimitrios sotiriou (AO Platanias, 2016)
[2735556] Could not find attributes for oussama haddadi (Dijon FCO, 2016)
[2735556] Failed to build match row: Dijon FCO vs Olympique Gymnaste Club Nice Côte d'Azur
[2720851] Failed to build match row: Grupo Desportivo Estoril Praia vs CF Os Belenenses
[2497897] Failed to build match row: Metalist Kharkiv (- 2016) vs Metalurg Zaporizhya (-2016)

Keepers & outfield error for **FC Paços de Ferreira** in Boavista FC vs FC Paços de Ferreira: Numbers: 2 and 9.
[2764514] Failed to build match row: AO Platanias vs Panionios Athens
[3063687] Could not find attributes for mikkel wohlgemuth (Vendsyssel FF, 2018)
[2370874] Could not find attributes for premysl kovar (FC Slovan Liberec, 2013)

Keepers & outfield error for **FC Schalke 04** in FC Schalke 04 vs Hannover 96: Numbers: 2 and 9.
[2370874] Failed to build match row: FC Slovan Liberec vs Grupo Desportivo Estoril Praia
[2942674] Could not find attributes for jerome roussillon (Montpellier HSC, 2017)
[3211379] Failed to build match row: Boavista FC vs FC Paços de Ferreira
[2321226] Failed to build match row: FC Schalke 04 vs Hannover 96
[2942674] Failed to build match row: Olympique Lyonnais vs Montpellier HSC
[3219297] Could not find attributes for federico fernandez (Newcastle United Football Club, 2019)
[3063687] Failed to build match row: Vendsyssel FF vs Esbjerg fB
[2906687] Could not find attributes for eduard baychora (FC Khimki (-2025), 2017)
[3219297] Failed to build match row: Newcastle United Football Club vs Crystal Palace Football Club
[3124961] Could not find attributes for andrew teague (Chorley FC, 2018)
[2906687] Failed to build match row: FC Khimki (-2025) vs Shinnik Yaroslavl
[3124961] Failed to build match row: Doncaster Rovers vs Chorley FC
[3076732] Could not find attributes for boris godal (Spartak Trnava, 2018)
[3076732] Failed to build match row: Legia Warszawa Spółka Akcyjna vs Spartak Trnava
[2335009] Could not find attributes for greg kiltie (Kilmarnock Football Club, 2013)
[2359419] Could not find attributes for leandro rinaudo (US Livorno 1915, 2013)
[3050448] Could not find attributes for glenn murray (Brighton and Hove Albion Football Club, 2018)
[2359419] Failed to build match row: Catania FC vs US Livorno 1915
[2335009] Failed to build match row: The Celtic Football Club vs Kilmarnock Football Club
[3050448] Failed to build match row: Brighton and Hove Albion Football Club vs Huddersfield Town

Keepers & outfield error for **Nooit Opgeven Altijd Doorzetten Aangenaam Door Vermaak En Nuttig Door Ontspanning Combinatie Breda** in Nooit Opgeven Altijd Doorzetten Aangenaam Door Vermaak En Nuttig Door Ontspanning Combinatie Breda vs Sportclub Heerenveen: Numbers: 2 and 9.
[2459652] Could not find attributes for robert braber (Willem II Tilburg, 2014)
[2618615] Could not find attributes for nemanja maksimovic (FC Astana, 2015)
[2888405] Failed to build match row: Nooit Opgeven Altijd Doorzetten Aangenaam Door Vermaak En Nuttig Door Ontspanning Combinatie Breda vs Sportclub Heerenveen
[3097387] Could not find attributes for thijs gerlofs (VV Staphorst, 2018)
[2459652] Failed to build match row: Willem II Tilburg vs Sportclub Heerenveen
[2844525] Could not find attributes for maksym koval (Futbolniy Klub Dynamo Kyiv, 2016)
[2882207] Could not find attributes for tomislav puljic (FC Vaduz, 2017)

Keepers & outfield error for **RasenBallsport Leipzig** in RasenBallsport Leipzig vs AO FK Zenit Sankt-Peterburg: Numbers: 0 and 11.
[3097387] Failed to build match row: VV Staphorst vs Prins Hendrik Ende Desespereert Nimmer Combinatie Zwolle
[2618615] Failed to build match row: FC Astana vs Sport Lisboa e Benfica
[3009814] Failed to build match row: RasenBallsport Leipzig vs AO FK Zenit Sankt-Peterburg
Not enough players found for lineup: 0, 0.
[2882207] Failed to build match row: Odds BK vs FC Vaduz
[2844525] Failed to build match row: Futbolniy Klub Dynamo Kyiv vs Olimpik Donetsk
[2597532] Failed to scrape lineup: https://www.transfermarkt.co.uk/spielbericht/index/spielbericht/2597532
[2608567] Could not find attributes for valdo alhinho (Clube Oriental Lissabon, 2015)

Keepers & outfield error for **Deportivo de La Coruña** in Deportivo de La Coruña vs Real Madrid Club de Fútbol: Numbers: 2 and 9.
[2608567] Failed to build match row: Clube Oriental Lissabon vs Grupo Desportivo Estoril Praia
[2735557] Could not find attributes for yves bissouma (Lille Olympique Sporting Club, 2016)
[2899563] Failed to build match row: Deportivo de La Coruña vs Real Madrid Club de Fútbol

Keepers & outfield error for **Girona Fútbol Club S. A. D.** in Girona Fútbol Club S. A. D. vs Levante Unión Deportiva S.A.D.: Numbers: 2 and 9.
[2735557] Failed to build match row: Toulouse Football Club vs Lille Olympique Sporting Club
[3081115] Failed to build match row: Girona Fútbol Club S. A. D. vs Levante Unión Deportiva S.A.D.
[2469207] Could not find attributes for geza turi (Víkingur Gøta, 2014)
[2589075] Could not find attributes for ron vlaar (Alkmaar Zaanstreek, 2015)
[2589075] Failed to build match row: Nijmegen Eendracht Combinatie vs Alkmaar Zaanstreek
[2469207] Failed to build match row: Víkingur Gøta vs Tromsø Idrettslag
[2497898] Could not find attributes for yevgen past (Chornomorets Odesa, 2014)
[2497898] Failed to build match row: Chornomorets Odesa vs Metalurg Donetsk (- 2015)
[2559111] Could not find attributes for bogdan butko (Amkar Perm, 2014)
[2370875] Could not find attributes for dario knezevic (Hrvatski Nogometni Klub Rijeka, 2013)
[2370875] Failed to build match row: Hrvatski Nogometni Klub Rijeka vs Real Betis Balompié S.A.D.
[2559111] Failed to build match row: Amkar Perm vs Kuban Krasnodar (-2018)
[2764515] Could not find attributes for branislav nikic (AOK Kerkyra, 2016)
[2764515] Failed to build match row: AOK Kerkyra vs Athlitiki Enosi Konstantinoupoleos
[2700339] Could not find attributes for anton ari einarsson (Valur Reykjavík, 2016)
[3194554] Could not find attributes for luca angelini (Tre Fiori FC, 2019)
[2700339] Failed to build match row: Valur Reykjavík vs Brøndby Idrætsforening
[3194554] Failed to build match row: Tre Fiori FC vs KÍ Klaksvík
[3076733] Could not find attributes for boris godal (Spartak Trnava, 2018)
[3076733] Failed to build match row: Spartak Trnava vs Legia Warszawa Spółka Akcyjna
[2636336] Could not find attributes for anders qvist (FC Roskilde, 2015)
[2636336] Failed to build match row: FC Roskilde vs Fodbold Club Midtjylland
[2872112] Could not find attributes for kilian jakob (Fußball-Club Augsburg 1907, 2017)
[2872112] Failed to build match row: Fußball-Club Augsburg 1907 vs Turn- und Sportgemeinschaft 1899 Hoffenheim Fußball-Spielbetriebs
[2346060] Could not find attributes for serdar kulbilge (Gaziantepspor (- 2020), 2013)
[3284691] Could not find attributes for darren brownlie (Queen of the South FC, 2019)
[3284691] Failed to build match row: Queen of the South FC vs Queen's Park FC
[2346060] Failed to build match row: Gaziantepspor (- 2020) vs Kardemir Karabükspor
[2726611] Could not find attributes for albano bizzarri (Delfino Pescara 1936, 2016)
[2704654] Could not find attributes for matthias lehmann (1. Fußball-Club Köln, 2016)
[2726611] Failed to build match row: Associazione Sportiva Roma vs Delfino Pescara 1936
[2704654] Failed to build match row: 1. Fußball-Club Köln vs Turn- und Sportgemeinschaft 1899 Hoffenheim Fußball-Spielbetriebs

Keepers & outfield error for **Rio Ave Futebol Clube** in Rio Ave Futebol Clube vs Desportivo Aves (- 2020): Numbers: 2 and 9.
[3211380] Failed to build match row: Rio Ave Futebol Clube vs Desportivo Aves (- 2020)
[2844526] Could not find attributes for yevgen borovyk (Karpaty Lviv (-2021), 2016)

Keepers & outfield error for **Mönchengladbach** in Mönchengladbach vs Bayer 04 Leverkusen Fußball: Numbers: 2 and 9.
[2321227] Failed to build match row: Mönchengladbach vs Bayer 04 Leverkusen Fußball
[2844526] Failed to build match row: Karpaty Lviv (-2021) vs Dnipro Dnipropetrovsk (-2020)
[2459653] Could not find attributes for christian kum (Football Club Utrecht, 2014)
[2675302] Could not find attributes for david bicik (AC Sparta Praha, a. s., 2015)
[2675302] Failed to build match row: Villarreal Club de Fútbol S.A.D. vs AC Sparta Praha, a. s.
[2720853] Could not find attributes for kamran agayev (Boavista FC, 2016)
[2459653] Failed to build match row: Football Club Utrecht vs Go Ahead Eagles
[2882208] Could not find attributes for jeremy malherbe (Dynamo Brest, 2017)
[2720853] Failed to build match row: FC Paços de Ferreira vs Boavista FC
[2888406] Could not find attributes for eyong enoh (Willem II Tilburg, 2017)

Keepers & outfield error for **Deportivo de La Coruña** in Deportivo de La Coruña vs Levante Unión Deportiva S.A.D.: Numbers: 0 and 11.

Keepers & outfield error for **Vitória Sport Clube** in Olympique Lyonnais vs Vitória Sport Clube: Numbers: 0 and 11.
[2475542] Failed to build match row: Deportivo de La Coruña vs Levante Unión Deportiva S.A.D.
[2888406] Failed to build match row: Prins Hendrik Ende Desespereert Nimmer Combinatie Zwolle vs Willem II Tilburg
[2589076] Could not find attributes for marcos gullon (Roda JC Kerkrade, 2015)
[2882208] Failed to build match row: Dynamo Brest vs Sportclub Rheindorf Altach
[2589076] Failed to build match row: Roda JC Kerkrade vs AFC Ajax Amsterdam
[2370876] Failed to build match row: Olympique Lyonnais vs Vitória Sport Clube
[2598031] Could not find attributes for aleksandr hleb (Gençlerbirliği Spor Kulübü, 2015)

Keepers & outfield error for **Real Valladolid CF** in Rayo Vallecano de Madrid S. A. D. vs Real Valladolid CF: Numbers: 2 and 9.
[2497899] Could not find attributes for mykyta shevchenko (FC Zorya Lugansk, 2014)

Keepers & outfield error for **Association sportive de Monaco Football Club** in Arsenal Football Club vs Association sportive de Monaco Football Club: Numbers: 2 and 9.
[3081116] Failed to build match row: Rayo Vallecano de Madrid S. A. D. vs Real Valladolid CF
[2598031] Failed to build match row: Gençlerbirliği Spor Kulübü vs Antalyaspor
[2559112] Could not find attributes for anri khagush (Arsenal Tula, 2014)
[2497899] Failed to build match row: FC Zorya Lugansk vs Goverla Uzhgorod (- 2016)

Keepers & outfield error for **Club Atlético Osasuna** in Club Atlético Osasuna vs Athletic Club Bilbao: Numbers: 0 and 11.
[2559112] Failed to build match row: Arsenal Tula vs RFK Akhmat Grozny
[2517518] Failed to build match row: Arsenal Football Club vs Association sportive de Monaco Football Club
[2346061] Could not find attributes for elvis kokalovic (Konyaspor, 2013)
[2341039] Failed to build match row: Club Atlético Osasuna vs Athletic Club Bilbao
[2608568] Could not find attributes for giorgi makaridze (CD Feirense, 2015)
[3076734] Could not find attributes for kostadin zahov (Shkendija Tetovo, 2018)
[2608568] Failed to build match row: CD Feirense vs Boavista FC
[2346061] Failed to build match row: Konyaspor vs Kayseri Erciyesspor

Keepers & outfield error for **UD Las Palmas** in Valencia Club de Fútbol S. A. D. vs UD Las Palmas: Numbers: 2 and 9.
[3076734] Failed to build match row: Shkendija Tetovo vs FC Sheriff Tiraspol
[3394629] Could not find attributes for saidou sow (AS Saint-Étienne, 2020)
[3394629] Failed to build match row: AS Saint-Étienne vs Olympique Gymnaste Club Nice Côte d'Azur
[2764516] Could not find attributes for brown ideye (Olympiakos Syndesmos Filathlon Peiraios, 2016)
[2899564] Failed to build match row: Valencia Club de Fútbol S. A. D. vs UD Las Palmas

Keepers & outfield error for **Paris Saint-Germain Football Club** in Olympique de Marseille vs Paris Saint-Germain Football Club: Numbers: 2 and 9.
[2764516] Failed to build match row: Olympiakos Syndesmos Filathlon Peiraios vs APO Levadiakos Football Club
[2844527] Could not find attributes for zauri makharadze (Olimpik Donetsk, 2016)
[2330870] Failed to build match row: Olympique de Marseille vs Paris Saint-Germain Football Club
[2844527] Failed to build match row: Olimpik Donetsk vs FC Shakhtar Donetsk
[3211381] Could not find attributes for carlinhos (Vitória Setúbal FC, 2019)
[3211381] Failed to build match row: Vitória Setúbal FC vs Moreirense Futebol Clube
[3205061] Could not find attributes for lapidar lladrovci (KF Feronikeli Drenas, 2019)
[3205061] Failed to build match row: KF Feronikeli Drenas vs FC Santa Coloma

Keepers & outfield error for **Clube Oriental Lissabon** in Clube Oriental Lissabon vs Moreirense Futebol Clube: Numbers: 2 and 9.
[2636380] Failed to build match row: Clube Oriental Lissabon vs Moreirense Futebol Clube

Keepers & outfield error for **Società Sportiva Calcio Napoli** in Atalanta Bergamasca Calcio S.p.a. vs Società Sportiva Calcio Napoli: Numbers: 2 and 9.

Keepers & outfield error for **Everton Football Club** in Everton Football Club vs Liverpool Football Club: Numbers: 2 and 9.
[2359420] Failed to build match row: Atalanta Bergamasca Calcio S.p.a. vs Società Sportiva Calcio Napoli
[2341040] Could not find attributes for stefan mitrovic (Real Valladolid CF, 2013)
[2598032] Could not find attributes for serkan kirintili (Konyaspor, 2015)
[2341040] Failed to build match row: Real Valladolid CF vs Villarreal Club de Fútbol S.A.D.
[3050450] Failed to build match row: Everton Football Club vs Liverpool Football Club

Keepers & outfield error for **Futebol Clube do Porto** in FC Basel 1893 AG vs Futebol Clube do Porto: Numbers: 0 and 11.
[2517519] Failed to build match row: FC Basel 1893 AG vs Futebol Clube do Porto
[2598032] Failed to build match row: Konyaspor vs Kayserispor Kulübü
[2459654] Could not find attributes for gino coutinho (Excelsior Rotterdam, 2014)
[2497900] Could not find attributes for dmytro babenko (Goverla Uzhgorod (- 2016), 2014)

Keepers & outfield error for **Aston Villa Football Club** in Aston Villa Football Club vs West Ham United Football Club: Numbers: 0 and 11.

Keepers & outfield error for **SPAL** in SPAL vs Unione Sportiva Lecce: Numbers: 0 and 11.
[2906688] Could not find attributes for aleksey kuznetsov (Dinamo Bryansk, 2017)
[2459654] Failed to build match row: Eindhovense Voetbalvereniging Philips Sport Vereniging vs Excelsior Rotterdam
[3229214] Failed to build match row: SPAL vs Unione Sportiva Lecce
[2497900] Failed to build match row: Goverla Uzhgorod (- 2016) vs Futbolniy Klub Dynamo Kyiv
[2486820] Failed to build match row: Aston Villa Football Club vs West Ham United Football Club
[2844528] Could not find attributes for dmytro bezruk (Chornomorets Odesa, 2016)
[2700340] Could not find attributes for willo flood (Aberdeen Football Club, 2016)
[2906688] Failed to build match row: Dinamo Bryansk vs Avangard Kursk

Keepers & outfield error for **Wolverhampton Wanderers Football Club** in Wolverhampton Wanderers Football Club vs Tottenham Hotspur Football Club: Numbers: 0 and 11.
[2700340] Failed to build match row: Aberdeen Football Club vs CS Fola Esch

Keepers & outfield error for **Genoa Cricket and Football Club** in Chievo Verona vs Genoa Cricket and Football Club: Numbers: 2 and 9.
[3124962] Could not find attributes for dean inman (Billericay Town, 2018)
[2844528] Failed to build match row: Chornomorets Odesa vs FC Oleksandriya
[2764517] Could not find attributes for gennadios xenodochof (Athlitiki Enosi Larisas, 2016)
[3219300] Failed to build match row: Wolverhampton Wanderers Football Club vs Tottenham Hotspur Football Club
[2726613] Failed to build match row: Chievo Verona vs Genoa Cricket and Football Club
[3124962] Failed to build match row: Billericay Town vs Chesterfield FC
[2764517] Failed to build match row: Athlitiki Enosi Larisas vs APS Atromitos Athinon
[2882209] Could not find attributes for matus macik (MFK Ruzomberok, 2017)
[3284692] Could not find attributes for brad spencer (Raith Rovers FC, 2019)
[3284692] Failed to build match row: Raith Rovers FC vs Peterhead FC
erok
[3211382] Could not find attributes for rodrigao (Gil Vicente Futebol Clube, 2019)
[3211382] Failed to build match row: Gil Vicente Futebol Clube vs Vitória Setúbal FC
[2346062] Could not find attributes for oguz daglaroglu (Akhisarspor, 2013)
[2618618] Could not find attributes for sergey chernik (BATE Borisov, 2015)
[2346062] Failed to build match row: Akhisarspor vs Galatasaray Spor Kulübü
[2618618] Failed to build match row: BATE Borisov vs Bayer 04 Leverkusen Fußball
[2469208] Could not find attributes for jozsef windecker (ETO FC, 2014)
[2469208] Failed to build match row: ETO FC vs Idrottsföreningen Kamraterna Göteborg
[2559114] Could not find attributes for georgiy tigiev (Torpedo Moscow, 2014)
[2559114] Failed to build match row: FK Krasnodar vs Torpedo Moscow
[2888407] Could not find attributes for noussair mazraoui (AFC Ajax Amsterdam, 2017)
[3097388] Could not find attributes for jean paul van leeuwen (Excelsior Maassluis, 2018)
[2888407] Failed to build match row: AFC Ajax Amsterdam vs Alkmaar Zaanstreek
[3097388] Failed to build match row: Excelsior Maassluis vs Eindhovense Voetbalvereniging Philips Sport Vereniging
[2720855] Could not find attributes for ponck (GD Chaves, 2016)
[2720855] Failed to build match row: Vitória Sport Clube vs GD Chaves
[3076735] Could not find attributes for serghei pascenco (FC Sheriff Tiraspol, 2018)
[3076735] Failed to build match row: FC Sheriff Tiraspol vs Shkendija Tetovo
[2704655] Could not find attributes for douglas santos (Hamburger Sport Verein, 2016)
[2704655] Failed to build match row: Hamburger Sport Verein vs SV Darmstadt 98
[2675305] Could not find attributes for ricardo ferreira (Sporting Clube de Braga, 2015)
[2675305] Failed to build match row: FC Shakhtar Donetsk vs Sporting Clube de Braga
[2335012] Failed to scrape lineup: https://www.transfermarkt.co.uk/celtic-fc_motherwell-fc/index/spielbericht/2335012
[2844529] Could not find attributes for rafael forster (FC Zorya Lugansk, 2016)
[2764518] Could not find attributes for zivko zivkovic (AO Xanthi, 2016)
[2844529] Failed to build match row: FC Zorya Lugansk vs Futbolniy Klub Dynamo Kyiv
[2598033] Could not find attributes for petar grbic (Akhisarspor, 2015)
[2598033] Failed to build match row: Mersin Talimyurdu SK vs Akhisarspor

Keepers & outfield error for **FC Paços de Ferreira** in FC Paços de Ferreira vs CS Marítimo: Numbers: 2 and 9.
[2764518] Failed to build match row: AO Xanthi vs A.G.S Asteras Tripolis
[3009818] Could not find attributes for fabio coentrao (Sporting Clube de Portugal, 2017)
[3211383] Failed to build match row: FC Paços de Ferreira vs CS Marítimo
[3009818] Failed to build match row: Sporting Clube de Portugal vs FC Viktoria Plzeň, a.s.
[3205062] Could not find attributes for ridwaru adeyemo (Gzira United FC, 2019)
[3284693] Could not find attributes for blair currie (Stirling Albion FC, 2019)
[3284693] Failed to build match row: Stirling Albion FC vs Clyde FC

Keepers & outfield error for **Bristol Rovers** in Bristol Rovers vs Barnet FC: Numbers: 0 and 11.
[3205062] Failed to build match row: Gzira United FC vs HNK Hajduk Split
Not enough players found for lineup: 0, 0.
[2371144] Could not find attributes for sergei pareiko (Volga Nizhniy Novgorod (- 2016), 2013)

Keepers & outfield error for **Celta** in Celta vs Real Sociedad de Fútbol S.A.D.: Numbers: 0 and 11.
Not enough players found for lineup: 0, 0.
[2899565] Failed to build match row: Celta vs Real Sociedad de Fútbol S.A.D.
[2636381] Could not find attributes for marcelo boeck (Sporting Clube de Portugal, 2015)
[3097390] Failed to scrape lineup: https://www.transfermarkt.co.uk/spielbericht/index/spielbericht/3097390
[2371144] Failed to build match row: Volga Nizhniy Novgorod (- 2016) vs Amkar Perm
[2636381] Failed to build match row: Sporting Clube de Portugal vs FC Paços de Ferreira
[2469209] Failed to scrape lineup: https://www.transfermarkt.co.uk/spielbericht/index/spielbericht/2469209

Keepers & outfield error for **Granada CF** in Real Sociedad de Fútbol S.A.D. vs Granada CF: Numbers: 0 and 11.
[2608569] Could not find attributes for ricardo silva (Varzim SC, 2015)
[2359422] Failed to scrape lineup: https://www.transfermarkt.co.uk/genoa-cfc_uc-sampdoria/index/spielbericht/2359422
[2608569] Failed to build match row: Varzim SC vs Futebol Clube de Arouca
[2475544] Failed to build match row: Real Sociedad de Fútbol S.A.D. vs Granada CF
[2675306] Could not find attributes for david bicik (AC Sparta Praha, a. s., 2015)
[2735560] Failed to scrape lineup: https://www.transfermarkt.co.uk/fc-metz_stade-rennais-fc/index/spielbericht/2735560
[2704656] Could not find attributes for felix wiedwald (Sportverein Werder Bremen von 1899, 2016)
[2517520] Failed to scrape lineup: https://www.transfermarkt.co.uk/spielbericht/index/spielbericht/2517520
[3050451] Failed to scrape lineup: https://www.transfermarkt.co.uk/fulham-fc_chelsea-fc/index/spielbericht/3050451
[2675306] Failed to build match row: AC Sparta Praha, a. s. vs Villarreal Club de Fútbol S.A.D.

Keepers & outfield error for **Vitória Setúbal FC** in Sporting Clube de Portugal vs Vitória Setúbal FC: Numbers: 0 and 11.
[2704656] Failed to build match row: FC Ingolstadt 04 vs Sportverein Werder Bremen von 1899
[2720856] Failed to build match row: Sporting Clube de Portugal vs Vitória Setúbal FC
[2589079] Could not find attributes for christian kum (Football Club Utrecht, 2015)
[2346063] Could not find attributes for baris basdas (Kasımpaşa A.Ş., 2013)
ht
[2700341] Could not find attributes for marius rapalis (FK Trakai, 2016)
[2346063] Failed to build match row: Kasımpaşa A.Ş. vs Elazigspor
[2700341] Failed to build match row: FK Trakai vs Kalju FC
[2906689] Could not find attributes for ruslan dudkin (Energomash Belgorod (-2018), 2017)
[2906689] Failed to build match row: Energomash Belgorod (-2018) vs PFK Tambov (-2021)
[2598034] Failed to scrape lineup: https://www.transfermarkt.co.uk/trabzonspor_besiktas-jk/index/spielbericht/2598034
[3394631] Failed to scrape lineup: https://www.transfermarkt.co.uk/stade-reims_fc-lorient/index/spielbericht/3394631
[3097392] Failed to scrape lineup: https://www.transfermarkt.co.uk/spielbericht/index/spielbericht/3097392
[2882210] Could not find attributes for dimitar pirgov (Levski Sofia, 2017)
[2882210] Failed to build match row: Levski Sofia vs HNK Hajduk Split

Keepers & outfield error for **Real Betis Balompié S.A.D.** in Futbol Club Barcelona vs Real Betis Balompié S.A.D.: Numbers: 0 and 11.
[2899566] Failed to build match row: Futbol Club Barcelona vs Real Betis Balompié S.A.D.
Not enough players found for lineup: 0, 0.

Keepers & outfield error for **Levante Unión Deportiva S.A.D.** in Levante Unión Deportiva S.A.D. vs Futbol Club Barcelona: Numbers: 2 and 9.
[2321231] Could not find attributes for ondrej petrak (1.FC Nuremberg, 2013)
[2371328] Failed to scrape lineup: https://www.transfermarkt.co.uk/spielbericht/index/spielbericht/2371328
[2341042] Failed to build match row: Levante Unión Deportiva S.A.D. vs Futbol Club Barcelona
[2321231] Failed to build match row: 1.FC Nuremberg vs FC Bayern München

Keepers & outfield error for **Moreirense Futebol Clube** in Moreirense Futebol Clube vs Vitória Setúbal FC: Numbers: 0 and 11.
[2559115] Could not find attributes for dmitriy stotskiy (FK Ufa, 2014)
[2735561] Could not find attributes for issiar dia (AS Nancy-Lorraine, 2016)
[2482115] Failed to scrape lineup: https://www.transfermarkt.co.uk/fc-girondins-bordeaux_as-monaco/index/spielbericht/2482115
[2608570] Failed to build match row: Moreirense Futebol Clube vs Vitória Setúbal FC
[2559115] Failed to build match row: FK Ufa vs AO FK Zenit Sankt-Peterburg
[2735561] Failed to build match row: AS Nancy-Lorraine vs Lille Olympique Sporting Club
[2589080] Could not find attributes for henrico drost (Excelsior Rotterdam, 2015)

Keepers & outfield error for **Rayo Vallecano de Madrid S. A. D.** in Córdoba CF vs Rayo Vallecano de Madrid S. A. D.: Numbers: 0 and 11.
[2589080] Failed to build match row: Excelsior Rotterdam vs Willem II Tilburg
[2475545] Failed to build match row: Córdoba CF vs Rayo Vallecano de Madrid S. A. D.

Keepers & outfield error for **SPAL** in Juventus Football Club vs SPAL: Numbers: 0 and 11.
[3229217] Failed to build match row: Juventus Football Club vs SPAL
[3076736] Could not find attributes for stivi frasheri (FK Kukësi, 2018)
[3076736] Failed to build match row: FK Kukësi vs Qarabağ FK
[2720857] Could not find attributes for jorginho (Futebol Clube de Arouca, 2016)
[2720857] Failed to build match row: Futebol Clube de Arouca vs Rio Ave Futebol Clube
[2581654] Could not find attributes for florian klein (Verein für Bewegungsspiele Stuttgart 1893, 2015)
[2581654] Failed to build match row: Verein für Bewegungsspiele Stuttgart 1893 vs Mönchengladbach
[2700342] Failed to scrape lineup: https://www.transfermarkt.co.uk/spielbericht/index/spielbericht/2700342
[2346064] Failed to scrape lineup: https://www.transfermarkt.co.uk/kayserispor_gaziantepspor/index/spielbericht/2346064
[2906690] Failed to scrape lineup: https://www.transfermarkt.co.uk/spielbericht/index/spielbericht/2906690
[2636382] Could not find attributes for muhammad cande (Portimonense SC, 2015)
[2636382] Failed to build match row: Portimonense SC vs Futebol Clube de Arouca
[2618619] Failed to scrape lineup: https://www.transfermarkt.co.uk/spielbericht/index/spielbericht/2618619

Keepers & outfield error for **UD Almería** in UD Almería vs Getafe Club de Fútbol S. A. D. Team Dubai: Numbers: 0 and 11.
[2341043] Failed to build match row: UD Almería vs Getafe Club de Fútbol S. A. D. Team Dubai
[3194555] Could not find attributes for evan press (Barry Town United, 2019)
[3194555] Failed to build match row: Barry Town United vs Cliftonville FC
[2497901] Could not find attributes for vasyl pryima (Metalurg Donetsk (- 2015), 2014)
[2497901] Failed to build match row: Metalurg Donetsk (- 2015) vs FC Zorya Lugansk
[2704657] Could not find attributes for andersson ordonez (Eintracht Frankfurt Fußball AG, 2016)
[2704657] Failed to build match row: Eintracht Frankfurt Fußball AG vs Fußball-Club Augsburg 1907
[2469210] Could not find attributes for andrija vukovic (RNK Split, 2014)
[2882211] Could not find attributes for jovan krneta (Zira FC, 2017)
[2882211] Failed to build match row: Zira FC vs Astra Giurgiu (- 2024)
[2469210] Failed to build match row: RNK Split vs Hapoel Beer Sheva
[2559116] Could not find attributes for vitaliy denisov (Футбольный клуб "Локомотив" Москва, 2014)
[2559116] Failed to build match row: Футбольный клуб "Локомотив" Москва vs FC Rubin Kazan
[3076737] Could not find attributes for badavi huseynov (Qarabağ FK, 2018)
[2906691] Could not find attributes for vitaliy chilyushkin (Znamya Truda Orekhovo-Zuevo, 2017)
[3050453] Could not find attributes for moussa sissoko (Tottenham Hotspur Football Club, 2018)

Keepers & outfield error for **Genoa Cricket and Football Club** in Società Sportiva Lazio S.p.A. vs Genoa Cricket and Football Club: Numbers: 0 and 11.
[3076737] Failed to build match row: Qarabağ FK vs FK Kukësi
[2906691] Failed to build match row: Znamya Truda Orekhovo-Zuevo vs Fakel Voronezh
[3229218] Failed to build match row: Società Sportiva Lazio S.p.A. vs Genoa Cricket and Football Club
[3050453] Failed to build match row: Tottenham Hotspur Football Club vs Arsenal Football Club
[2618620] Could not find attributes for jeremy taravel (GNK Dinamo Zagreb, 2015)
[2618620] Failed to build match row: Arsenal Football Club vs GNK Dinamo Zagreb
[2346065] Could not find attributes for boy waterman (Kardemir Karabükspor, 2013)
[2346065] Failed to build match row: Kardemir Karabükspor vs Bursaspor
[2720858] Could not find attributes for fabio sturgeon (CF Os Belenenses, 2016)
[2720858] Failed to build match row: CF Os Belenenses vs CS Marítimo
[3205063] Could not find attributes for vytautas cerniauskas (CSKA-Sofia, 2019)
[3205063] Failed to build match row: CSKA-Sofia vs OFK Titograd
[2704658] Could not find attributes for nils petersen (Sport-Club Freiburg, 2016)
[2704658] Failed to build match row: Sport-Club Freiburg vs Bayer 04 Leverkusen Fußball

Keepers & outfield error for **Associazione Calcio Milan** in Associazione Calcio Milan vs FC Crotone: Numbers: 2 and 9.
[2726617] Failed to build match row: Associazione Calcio Milan vs FC Crotone
[2589081] Could not find attributes for georgiy zhukov (Roda JC Kerkrade, 2015)
[3219304] Could not find attributes for danny ings (Southampton FC, 2019)
[2844530] Failed to scrape lineup: https://www.transfermarkt.co.uk/dnipro-dnipropetrovsk-2020-_pfk-stal-kamyanske-2018-/index/spielbericht/2844530
[3124964] Failed to scrape lineup: https://www.transfermarkt.co.uk/spielbericht/index/spielbericht/3124964
[3219304] Failed to build match row: Aston Villa Football Club vs Southampton FC
[2589081] Failed to build match row: ADO Den Haag vs Roda JC Kerkrade
[2700343] Could not find attributes for gunnleifur vignir gunnleifsson (Breidablik Kópavogur, 2016)
[2700343] Failed to build match row: Breidablik Kópavogur vs FK Jelgava
[2497902] Could not find attributes for roman mysak (Karpaty Lviv (-2021), 2014)
[2497902] Failed to build match row: Karpaty Lviv (-2021) vs FK Mariupol
Not enough players found for lineup: 0, 0.
[2371329] Failed to scrape lineup: https://www.transfermarkt.co.uk/spielbericht/index/spielbericht/2371329
[3009821] Could not find attributes for mykyta burda (Futbolniy Klub Dynamo Kyiv, 2017)
[3009821] Failed to build match row: Futbolniy Klub Dynamo Kyiv vs Società Sportiva Lazio S.p.A.
[2882212] Could not find attributes for guillem truyols (AEK Larnaca, 2017)
[2882212] Failed to build match row: AEK Larnaca vs Cork City FC
[3284694] Could not find attributes for max currie (Stranraer FC, 2019)
[3284694] Failed to build match row: Stranraer FC vs Dunfermline Athletic FC
[2321233] Could not find attributes for ouasim bouy (Hamburger Sport Verein, 2013)
[2321233] Failed to build match row: Hamburger Sport Verein vs Hertha BSC
[2517521] Failed to scrape lineup: https://www.transfermarkt.co.uk/spielbericht/index/spielbericht/2517521
[3097393] Failed to scrape lineup: https://www.transfermarkt.co.uk/spielbericht/index/spielbericht/3097393
[3211384] Could not find attributes for show (B SAD, 2019)
[2469211] Could not find attributes for maksime kvilitaia (Chikhura Sachkhere, 2014)
[3211384] Failed to build match row: B SAD vs Boavista FC
[2469211] Failed to build match row: Bursaspor vs Chikhura Sachkhere

Keepers & outfield error for **Levante Unión Deportiva S.A.D.** in Levante Unión Deportiva S.A.D. vs Málaga CF: Numbers: 2 and 9.

Keepers & outfield error for **Olympiakos Syndesmos Filathlon Peiraios** in FC Bayern München vs Olympiakos Syndesmos Filathlon Peiraios: Numbers: 0 and 11.

Keepers & outfield error for **Unione Sportiva Lecce** in Unione Sportiva Lecce vs Associazione Sportiva Roma: Numbers: 0 and 11.
[2341044] Failed to build match row: Levante Unión Deportiva S.A.D. vs Málaga CF
[2618621] Failed to build match row: FC Bayern München vs Olympiakos Syndesmos Filathlon Peiraios
[3050454] Could not find attributes for etienne capoue (Watford FC, 2018)
[3229219] Failed to build match row: Unione Sportiva Lecce vs Associazione Sportiva Roma
[3050454] Failed to build match row: Watford FC vs Leicester City
[3252206] Could not find attributes for mikhail kerzhakov (AO FK Zenit Sankt-Peterburg, 2019)

Keepers & outfield error for **Sporting Clube de Portugal** in Académica Coimbra vs Sporting Clube de Portugal: Numbers: 0 and 11.
[2844531] Could not find attributes for bogdan shust (Vorskla Poltava, 2016)
[3252206] Failed to build match row: AO FK Zenit Sankt-Peterburg vs RasenBallsport Leipzig
[3124965] Could not find attributes for craig king (Oxford City, 2018)
[3124965] Failed to build match row: Oxford City vs Tranmere Rovers
[2844531] Failed to build match row: Vorskla Poltava vs Karpaty Lviv (-2021)
[2609327] Failed to build match row: Académica Coimbra vs Sporting Clube de Portugal

Keepers & outfield error for **Villarreal Club de Fútbol S.A.D.** in Villarreal Club de Fútbol S.A.D. vs SD Eibar: Numbers: 0 and 11.

Keepers & outfield error for **Espanol** in Espanol vs Real Madrid Club de Fútbol: Numbers: 2 and 9.
[3081118] Failed to build match row: Villarreal Club de Fútbol S.A.D. vs SD Eibar
[3063689] Could not find attributes for melker hallberg (Vejle Boldklub, 2018)
[2475547] Failed to build match row: Espanol vs Real Madrid Club de Fútbol
[3063689] Failed to build match row: Vejle Boldklub vs Aalborg BK
[2735563] Failed to scrape lineup: https://www.transfermarkt.co.uk/fc-lorient_paris-saint-germain/index/spielbericht/2735563
[2469212] Could not find attributes for artur kotenko (Shakhter Soligorsk, 2014)
[2469212] Failed to build match row: Derry City vs Shakhter Soligorsk
[2559117] Failed to scrape lineup: https://www.transfermarkt.co.uk/mordovia-saransk-2020-_fc-rostov/index/spielbericht/2559117

Keepers & outfield error for **Levante Unión Deportiva S.A.D.** in Levante Unión Deportiva S.A.D. vs Villarreal Club de Fútbol S.A.D.: Numbers: 0 and 11.
[2899568] Failed to build match row: Levante Unión Deportiva S.A.D. vs Villarreal Club de Fútbol S.A.D.
[3394632] Could not find attributes for trevoh chalobah (Football Club Lorient-Bretagne Sud, 2020)
[2704668] Failed to scrape lineup: https://www.transfermarkt.co.uk/borussia-dortmund_1-fc-koln/index/spielbericht/2704668
[3394632] Failed to build match row: Football Club Lorient-Bretagne Sud vs Olympique de Marseille
[2888412] Could not find attributes for indy groothuizen (ADO Den Haag, 2017)
[2335015] Failed to build match row: St. Johnstone FC vs Hibernian Football Club
[2618622] Could not find attributes for oleksandr shovkovskyi (Futbolniy Klub Dynamo Kyiv, 2015)

Keepers & outfield error for **Paris Saint-Germain Football Club** in Valenciennes FC vs Paris Saint-Germain Football Club: Numbers: 2 and 9.
[2888412] Failed to build match row: ADO Den Haag vs Eindhovense Voetbalvereniging Philips Sport Vereniging
[2482117] Could not find attributes for thibault giresse (EA Guingamp, 2014)
[2330878] Failed to build match row: Valenciennes FC vs Paris Saint-Germain Football Club
[2726619] Could not find attributes for albano bizzarri (Delfino Pescara 1936, 2016)
[2618622] Failed to build match row: Futebol Clube do Porto vs Futbolniy Klub Dynamo Kyiv
[2482117] Failed to build match row: Racing Club de Lens vs EA Guingamp
[2764519] Could not find attributes for zeca (Panathinaikos Athlitikos Omilos, 2016)
[2459656] Could not find attributes for karim el ahmadi (Feyenoord Rotterdam, 2014)
[2726619] Failed to build match row: Delfino Pescara 1936 vs Cagliari Calcio
[3205064] Could not find attributes for halim meddour (Jeunesse Esch, 2019)
[2459656] Failed to build match row: Feyenoord Rotterdam vs Football Club Groningen
[2764519] Failed to build match row: Panathinaikos Athlitikos Omilos vs Panthessalonikios Athlitikos Omilos Konstantinoupoliton
[2589083] Could not find attributes for ron vlaar (Alkmaar Zaanstreek, 2015)
[2720860] Could not find attributes for kamran agayev (Boavista FC, 2016)
[3205064] Failed to build match row: Jeunesse Esch vs Tobol Kostanay
[2589083] Failed to build match row: Alkmaar Zaanstreek vs Vitesse Arnhem

Keepers & outfield error for **Celta** in Valencia Club de Fútbol S. A. D. vs Celta: Numbers: 0 and 11.

Keepers & outfield error for **Portimonense SC** in Moreirense Futebol Clube vs Portimonense SC: Numbers: 0 and 11.
[2720860] Failed to build match row: Boavista FC vs Vitória Sport Clube
[2475548] Failed to build match row: Valencia Club de Fútbol S. A. D. vs Celta
[3211385] Failed to build match row: Moreirense Futebol Clube vs Portimonense SC
[2497903] Could not find attributes for vitaliy nedilko (Volyn Lutsk, 2014)
[2906692] Could not find attributes for maksim matyusha (Torpedo Armavir, 2017)

Keepers & outfield error for **Club Atlético Osasuna** in Real Betis Balompié S.A.D. vs Club Atlético Osasuna: Numbers: 0 and 11.
[2497903] Failed to build match row: FC Shakhtar Donetsk vs Volyn Lutsk
[2906692] Failed to build match row: Torpedo Armavir vs Kuban Krasnodar (-2018)
[2341045] Failed to build match row: Real Betis Balompié S.A.D. vs Club Atlético Osasuna

Keepers & outfield error for **West Ham United Football Club** in West Ham United Football Club vs Newcastle United Football Club: Numbers: 2 and 9.
[2371330] Failed to scrape lineup: https://www.transfermarkt.co.uk/spielbericht/index/spielbericht/2371330
[2321234] Failed to scrape lineup: https://www.transfermarkt.co.uk/eintracht-frankfurt_eintracht-braunschweig/index/spielbericht/2321234
[3050455] Failed to build match row: West Ham United Football Club vs Newcastle United Football Club
[2844532] Could not find attributes for miha goropevsek (Volyn Lutsk, 2016)
[2882213] Failed to build match row: Allmänna Idrottsklubben vs FK Zeljeznicar Sarajevo
[3097394] Could not find attributes for menno de jong (VVSB Noordwijkerhout, 2018)
[3097394] Failed to build match row: VVSB Noordwijkerhout vs De Graafschap Doetinchem
[2844532] Failed to build match row: Volyn Lutsk vs Zirka Kropyvnytskyi
[2735564] Could not find attributes for stephane sessegnon (Montpellier HSC, 2016)
[2735564] Failed to build match row: Montpellier HSC vs Football Club de Nantes
[3194556] Could not find attributes for garry breen (Cliftonville FC, 2019)
[3194556] Failed to build match row: Cliftonville FC vs Barry Town United

Keepers & outfield error for **Football Club de Metz** in Football Club de Metz vs AS Saint-Étienne: Numbers: 0 and 11.
[3394633] Failed to build match row: Football Club de Metz vs AS Saint-Étienne
[3211386] Failed to scrape lineup: https://www.transfermarkt.co.uk/desportivo-aves-2020-_fc-famalicao/index/spielbericht/3211386
[2618623] Could not find attributes for predrag rajkovic (Maccabi Tel Aviv, 2015)

Keepers & outfield error for **UD Almería** in Sevilla Fútbol Club S.A.D. vs UD Almería: Numbers: 0 and 11.
[2618623] Failed to build match row: Maccabi Tel Aviv vs Chelsea Football Club
[2475549] Failed to build match row: Sevilla Fútbol Club S.A.D. vs UD Almería
Not enough players found for lineup: 0, 11.
[2906693] Could not find attributes for boris shogenov (Spartak Nalchik, 2017)
[2906693] Failed to build match row: Spartak Nalchik vs Chernomorets Novorossijsk
[2371331] Failed to scrape lineup: https://www.transfermarkt.co.uk/spielbericht/index/spielbericht/2371331
[3124966] Could not find attributes for carl piergianni (Salford City, 2018)
[2844533] Could not find attributes for rafael forster (FC Zorya Lugansk, 2016)
[2844533] Failed to build match row: FC Zorya Lugansk vs Chornomorets Odesa

Keepers & outfield error for **Sport Lisboa e Benfica** in Sport Lisboa e Benfica vs Moreirense Futebol Clube: Numbers: 0 and 11.

Keepers & outfield error for **Aarhus Gymnastik Forening** in Aarhus Gymnastik Forening vs Vejle Boldklub: Numbers: 0 and 11.
[3124966] Failed to build match row: Salford City vs Shrewsbury Town

Keepers & outfield error for **Espanol** in Espanol vs Celta: Numbers: 2 and 9.
[3063691] Failed to build match row: Aarhus Gymnastik Forening vs Vejle Boldklub
[2609329] Failed to build match row: Sport Lisboa e Benfica vs Moreirense Futebol Clube
[2341046] Failed to build match row: Espanol vs Celta

Keepers & outfield error for **Associazione Calcio Fiorentina** in Associazione Calcio Fiorentina vs Atalanta Bergamasca Calcio S.p.a.: Numbers: 0 and 11.
[2469213] Could not find attributes for ingvar jonsson (Stjarnan Gardabaer, 2014)
[2764520] Could not find attributes for huanderson (Iraklis Thessaloniki, 2016)
[2321235] Could not find attributes for alexander madlung (Eintracht Frankfurt Fußball AG, 2013)
[2359425] Failed to build match row: Associazione Calcio Fiorentina vs Atalanta Bergamasca Calcio S.p.a.
[2882214] Could not find attributes for serghei pascenco (Zaria Balti, 2017)
[2469213] Failed to build match row: Motherwell Football Club vs Stjarnan Gardabaer
[2764520] Failed to build match row: Iraklis Thessaloniki vs PAS Giannina
[2882214] Failed to build match row: Zaria Balti vs Apollon Limassol
[2321235] Failed to build match row: Borussia Dortmund vs Eintracht Frankfurt Fußball AG
[2497904] Could not find attributes for stanislav bogush (Vorskla Poltava, 2014)
[2497904] Failed to build match row: Vorskla Poltava vs Metalist Kharkiv (- 2016)
[2888413] Could not find attributes for dave bulthuis (Sportclub Heerenveen, 2017)
[2888413] Failed to build match row: Sportclub Heerenveen vs Feyenoord Rotterdam

Keepers & outfield error for **Sporting Clube de Braga** in Sporting Clube de Braga vs Sport Lisboa e Benfica: Numbers: 0 and 11.
[3211387] Failed to build match row: Sporting Clube de Braga vs Sport Lisboa e Benfica
[3205065] Could not find attributes for armen manucharyan (FC Pyunik Yerevan, 2019)
[3205065] Failed to build match row: FC Pyunik Yerevan vs FC Shkupi
[2888414] Could not find attributes for yassin ayoub (Football Club Utrecht, 2017)
[2735566] Could not find attributes for rod fanni (Olympique de Marseille, 2016)
[2888414] Failed to build match row: Football Club Utrecht vs VVV-Venlo
[2735566] Failed to build match row: Olympique de Marseille vs Angers Sporting Club de l'Ouest
[2359426] Could not find attributes for jonatan cristaldo (Bologna Football Club 1909, 2013)
[2359426] Failed to build match row: Torino Calcio vs Bologna Football Club 1909
[2497905] Could not find attributes for denys boyko (Dnipro Dnipropetrovsk (-2020), 2014)

Keepers & outfield error for **Clube Desportivo de Tondela** in Clube Desportivo de Tondela vs Clube Desportivo Santa Clara: Numbers: 0 and 11.
[3211388] Failed to build match row: Clube Desportivo de Tondela vs Clube Desportivo Santa Clara

Keepers & outfield error for **Elche Club de Fútbol S.A.D.** in Elche Club de Fútbol S.A.D. vs Rayo Vallecano de Madrid S. A. D.: Numbers: 0 and 11.
[2341047] Failed to build match row: Elche Club de Fútbol S.A.D. vs Rayo Vallecano de Madrid S. A. D.
[2764521] Could not find attributes for konstantinos giannoulis (A.G.S Asteras Tripolis, 2016)
[2618625] Could not find attributes for danijel milicevic (Koninklijke Atletiek Associatie Gent, 2015)
[2764521] Failed to build match row: A.G.S Asteras Tripolis vs Veria NPS
[2618625] Failed to build match row: Olympique Lyonnais vs Koninklijke Atletiek Associatie Gent
[3097395] Failed to scrape lineup: https://www.transfermarkt.co.uk/spielbericht/index/spielbericht/3097395
[3009822] Could not find attributes for yuriy zhirkov (AO FK Zenit Sankt-Peterburg, 2017)
[3009822] Failed to build match row: AO FK Zenit Sankt-Peterburg vs RasenBallsport Leipzig
[3124967] Could not find attributes for warren harris (Slough Town, 2018)
[2589084] Could not find attributes for wout brama (Prins Hendrik Ende Desespereert Nimmer Combinatie Zwolle, 2015)
[3124967] Failed to build match row: Slough Town vs Sutton United
[2335016] Could not find attributes for Jack Leitch (Motherwell Football Club, 2013)
[2589084] Failed to build match row: Heracles Almelo vs Prins Hendrik Ende Desespereert Nimmer Combinatie Zwolle
[2335016] Failed to build match row: Saint Mirren Football Club vs Motherwell Football Club
[3076738] Could not find attributes for evgeniy postnikov (FC Astana, 2018)
[2346066] Could not find attributes for serkan kirintili (Çaykur Rizespor Kulübü, 2013)
[3063693] Could not find attributes for zeca (Football Club København, 2018)
[3076738] Failed to build match row: FC Astana vs Fodbold Club Midtjylland
[2346066] Failed to build match row: Çaykur Rizespor Kulübü vs Antalyaspor
[3063693] Failed to build match row: AC Horsens vs Football Club København
[2906694] Could not find attributes for oleg baklov (Syzran-2003, 2017)
[2906694] Failed to build match row: Syzran-2003 vs PFK Krylya Sovetov Samara
[2497906] Could not find attributes for yevgen borovyk (Metalurg Zaporizhya (-2016), 2014)
[2497906] Failed to build match row: Metalurg Zaporizhya (-2016) vs Olimpik Donetsk

Keepers & outfield error for **Association sportive de Monaco Football Club** in Association sportive de Monaco Football Club vs Arsenal Football Club: Numbers: 2 and 9.
[2517526] Failed to build match row: Association sportive de Monaco Football Club vs Arsenal Football Club

Keepers & outfield error for **Futebol Clube do Porto** in Futebol Clube do Porto vs Vitória Sport Clube: Numbers: 2 and 9.
[3211389] Failed to build match row: Futebol Clube do Porto vs Vitória Sport Clube
[2844534] Could not find attributes for vladyslav levanidov (FC Oleksandriya, 2016)
[2844534] Failed to build match row: FC Oleksandriya vs Olimpik Donetsk
[3219305] Could not find attributes for danny ings (Southampton FC, 2019)
[3219305] Failed to build match row: Southampton FC vs West Ham United Football Club
[2882215] Could not find attributes for julien klein (CS Fola Esch, 2017)
[2882215] Failed to build match row: CS Fola Esch vs FK Inter Baku
[2735567] Could not find attributes for jeremy morel (Olympique Lyonnais, 2016)
[2735567] Failed to build match row: Olympique Lyonnais vs Toulouse Football Club
[2726621] Failed to scrape lineup: https://www.transfermarkt.co.uk/us-sassuolo_fc-empoli/index/spielbericht/2726621
[2475550] Failed to scrape lineup: https://www.transfermarkt.co.uk/athletic-bilbao_villarreal-cf/index/spielbericht/2475550

Keepers & outfield error for **UC Sampdoria** in UC Sampdoria vs Cagliari Calcio: Numbers: 0 and 11.
[2359427] Failed to build match row: UC Sampdoria vs Cagliari Calcio
[3205066] Could not find attributes for dmitriy nepogodov (Ordabasy Shymkent, 2019)
[3050457] Failed to scrape lineup: https://www.transfermarkt.co.uk/arsenal-fc_manchester-united/index/spielbericht/3050457
[3205066] Failed to build match row: Ordabasy Shymkent vs Torpedo Kutaisi
[2330880] Failed to scrape lineup: https://www.transfermarkt.co.uk/fc-evian-thonon-gaillard_ea-guingamp/index/spielbericht/2330880
[2371332] Failed to scrape lineup: https://www.transfermarkt.co.uk/spielbericht/index/spielbericht/2371332
[2581659] Failed to scrape lineup: https://www.transfermarkt.co.uk/1-fsv-mainz-05_bayern-munich/index/spielbericht/2581659
[2346067] Could not find attributes for korcan celikay (Sivasspor, 2013)
[2346067] Failed to build match row: Sivasspor vs Gençlerbirliği Spor Kulübü
[2906695] Could not find attributes for timur kraykov (Sokol Saratov, 2017)
[2906695] Failed to build match row: Sokol Saratov vs FC Orenburg
Not enough players found for lineup: 0, 11.
[3097396] Failed to scrape lineup: https://www.transfermarkt.co.uk/spielbericht/index/spielbericht/3097396
[2844535] Could not find attributes for maksym koval (Futbolniy Klub Dynamo Kyiv, 2016)
[2844535] Failed to build match row: Futbolniy Klub Dynamo Kyiv vs FC Shakhtar Donetsk
[2888416] Could not find attributes for sepp van den berg (Prins Hendrik Ende Desespereert Nimmer Combinatie Zwolle, 2017)
[2888416] Failed to build match row: Alkmaar Zaanstreek vs Prins Hendrik Ende Desespereert Nimmer Combinatie Zwolle

Keepers & outfield error for **Celta** in Celta vs Alaves: Numbers: 0 and 11.
[2899569] Failed to build match row: Celta vs Alaves

Keepers & outfield error for **Futebol Clube do Porto** in Futebol Clube do Porto vs FC Basel 1893 AG: Numbers: 0 and 11.
486827
[2517527] Failed to build match row: Futebol Clube do Porto vs FC Basel 1893 AG
[2459660] Could not find attributes for joris mathijsen (Feyenoord Rotterdam, 2014)
[3394634] Failed to scrape lineup: https://www.transfermarkt.co.uk/stade-brestois-29_rc-strasbourg-alsace/index/spielbericht/3394634
[2459660] Failed to build match row: Feyenoord Rotterdam vs Heracles Almelo
[2726622] Could not find attributes for anthony mounier (Bologna Football Club 1909, 2016)
[2726622] Failed to build match row: Udinese Calcio vs Bologna Football Club 1909
Not enough players found for lineup: 0, 11.
[2371333] Failed to scrape lineup: https://www.transfermarkt.co.uk/spielbericht/index/spielbericht/2371333
[2346068] Could not find attributes for egemen korkmaz (Fenerbahçe Spor Kulübü, 2013)
[2346068] Failed to build match row: Fenerbahçe Spor Kulübü vs Trabzonspor Kulübü
[2942684] Could not find attributes for jerome roussillon (Montpellier HSC, 2017)
[2676312] Could not find attributes for marcus rashford (Manchester United Football Club, 2015)
[2942684] Failed to build match row: Montpellier HSC vs Lille Olympique Sporting Club
[2676312] Failed to build match row: West Ham United Football Club vs Manchester United Football Club
[3205067] Could not find attributes for kostyantyn makhnovskyi (JFK Ventspils, 2019)
[2720862] Could not find attributes for ponck (GD Chaves, 2016)
[2720862] Failed to build match row: GD Chaves vs Moreirense Futebol Clube
[2636383] Could not find attributes for dele alampasu (CD Feirense, 2015)
[2636383] Failed to build match row: Futebol Clube de Famalicão vs CD Feirense

Keepers & outfield error for **West Ham United Football Club** in Cardiff City vs West Ham United Football Club: Numbers: 2 and 9.
[3050458] Failed to build match row: Cardiff City vs West Ham United Football Club
[2475551] Could not find attributes for loukas vyntra (Levante Unión Deportiva S.A.D., 2014)
[2475551] Failed to build match row: Levante Unión Deportiva S.A.D. vs Elche Club de Fútbol S.A.D.
[2335018] Could not find attributes for marian kello (Saint Mirren Football Club, 2013)
[2335018] Failed to build match row: The Celtic Football Club vs Saint Mirren Football Club
Not enough players found for lineup: 0, 11.
[3097397] Failed to scrape lineup: https://www.transfermarkt.co.uk/spielbericht/index/spielbericht/3097397
[2704669] Could not find attributes for benjamin stambouli (FC Schalke 04, 2016)
[3286255] Could not find attributes for eudald verges (CE L'Hospitalet, 2019)
[2609331] Failed to scrape lineup: https://www.transfermarkt.co.uk/sc-braga_boavista-fc/index/spielbericht/2609331
[2764522] Failed to scrape lineup: https://www.transfermarkt.co.uk/ao-xanthi_ae-larisa/index/spielbericht/2764522
[2598035] Could not find attributes for doka madureira (İstanbul Başakşehir Futbol Kulübü, 2015)
[2618626] Failed to scrape lineup: https://www.transfermarkt.co.uk/spielbericht/index/spielbericht/2618626
[2359429] Could not find attributes for tiberio guarente (Chievo Verona, 2013)
[3286255] Failed to build match row: CE L'Hospitalet vs Granada CF
[2598035] Failed to build match row: İstanbul Başakşehir Futbol Kulübü vs Kasımpaşa A.Ş.
[2704669] Failed to build match row: Bayer 04 Leverkusen Fußball vs FC Schalke 04
[2359429] Failed to build match row: Udinese Calcio vs Chievo Verona

Keepers & outfield error for **Sport Lisboa e Benfica** in Sport Lisboa e Benfica vs Clube Desportivo Nacional: Numbers: 0 and 11.
[2636384] Failed to build match row: Sport Lisboa e Benfica vs Clube Desportivo Nacional
[2475552] Could not find attributes for sergi roberto (Futbol Club Barcelona, 2014)
[2475552] Failed to build match row: Futbol Club Barcelona vs Deportivo de La Coruña
[3194818] Failed to scrape lineup: https://www.transfermarkt.co.uk/west-ham-united_manchester-city/index/spielbericht/3194818
[3009826] Could not find attributes for ales hruska (FC Viktoria Plzeň, a.s., 2017)
[2321237] Failed to scrape lineup: https://www.transfermarkt.co.uk/bayer-04-leverkusen_fc-schalke-04/index/spielbericht/2321237
[3009826] Failed to build match row: FC Viktoria Plzeň, a.s. vs Sporting Clube de Portugal
[3063694] Failed to scrape lineup: https://www.transfermarkt.co.uk/esbjerg-fb_aalborg-bk/index/spielbericht/3063694
[2497907] Failed to scrape lineup: https://www.transfermarkt.co.uk/spielbericht/index/spielbericht/2497907
[3219306] Failed to scrape lineup: https://www.transfermarkt.co.uk/tottenham-hotspur_chelsea-fc/index/spielbericht/3219306
[2735568] Failed to scrape lineup: https://www.transfermarkt.co.uk/stade-rennais-fc_dijon-fco/index/spielbericht/2735568
[2359430] Could not find attributes for giovanni marchese (Genoa Cricket and Football Club, 2013)
[2359430] Failed to build match row: US Livorno 1915 vs Genoa Cricket and Football Club

Keepers & outfield error for **Rio Ave Futebol Clube** in Sporting Clube de Portugal vs Rio Ave Futebol Clube: Numbers: 2 and 9.
[3211390] Failed to build match row: Sporting Clube de Portugal vs Rio Ave Futebol Clube
[2330881] Failed to scrape lineup: https://www.transfermarkt.co.uk/paris-saint-germain_sc-bastia/index/spielbericht/2330881
[3081119] Could not find attributes for martin braithwaite (CD Leganés, 2018)
[3081119] Failed to build match row: CD Leganés vs Espanol

Keepers & outfield error for **Malmö Fotbollförening** in Real Madrid Club de Fútbol vs Malmö Fotbollförening: Numbers: 0 and 11.
[2704670] Could not find attributes for fabian frei (1. Fußball- und Sportverein Mainz 05, 2016)
[2618627] Failed to build match row: Real Madrid Club de Fútbol vs Malmö Fotbollförening
[2371893] Could not find attributes for jesper rask (Hobro IK, 2013)
[2371893] Failed to build match row: Hobro IK vs Fodbold Club Fredericia
 vs Mönchengladbach
[2844536] Failed to scrape lineup: https://www.transfermarkt.co.uk/pfk-stal-kamyanske-2018-_zirka-kropyvnytskyi/index/spielbericht/2844536
[2559129] Failed to scrape lineup: https://www.transfermarkt.co.uk/fc-rostov_cska-moscow/index/spielbericht/2559129
[2700344] Could not find attributes for simun rogvi hansen (NSÍ Runavík, 2016)
[2700344] Failed to build match row: NSÍ Runavík vs Shakhter Soligorsk
[3050460] Could not find attributes for glenn murray (Brighton and Hove Albion Football Club, 2018)
[3050460] Failed to build match row: Crystal Palace Football Club vs Brighton and Hove Albion Football Club
[2899570] Failed to scrape lineup: https://www.transfermarkt.co.uk/fc-barcelona_rcd-espanyol-barcelona/index/spielbericht/2899570
[2469215] Failed to scrape lineup: https://www.transfermarkt.co.uk/spielbericht/index/spielbericht/2469215
[3286256] Could not find attributes for gorka magunazelaia (SD Logroñés, 2019)
[2459661] Failed to scrape lineup: https://www.transfermarkt.co.uk/nac-breda_ado-den-haag/index/spielbericht/2459661
[3286256] Failed to build match row: SD Logroñés vs SD Eibar
[2589085] Failed to scrape lineup: https://www.transfermarkt.co.uk/ajax-amsterdam_feyenoord-rotterdam/index/spielbericht/2589085
[3076739] Failed to scrape lineup: https://www.transfermarkt.co.uk/spielbericht/index/spielbericht/3076739
[2497908] Could not find attributes for Yevgen Past (Chornomorets Odesa, 2014)
[2720863] Failed to scrape lineup: https://www.transfermarkt.co.uk/cd-feirense_fc-porto/index/spielbericht/2720863
[2497908] Failed to build match row: Chornomorets Odesa vs PFK Stal Kamyanske (-2018)
[2679789] Failed to scrape lineup: https://www.transfermarkt.co.uk/spielbericht/index/spielbericht/2679789
[2888419] Could not find attributes for noussair mazraoui (AFC Ajax Amsterdam, 2017)
[2888419] Failed to build match row: Excelsior Rotterdam vs AFC Ajax Amsterdam
[2346069] Could not find attributes for jerry akaminko (Eskisehirspor, 2013)
[2346069] Failed to build match row: Eskisehirspor vs Beşiktaş Jimnastik Kulübü
[2882217] Could not find attributes for yassin ayoub (Football Club Utrecht, 2017)
[2486829] Failed to scrape lineup: https://www.transfermarkt.co.uk/burnley-fc_stoke-city/index/spielbericht/2486829
[2882217] Failed to build match row: Football Club Utrecht vs Valletta FC
[3081120] Could not find attributes for ander barrenetxea (Real Sociedad de Fútbol S.A.D., 2018)
[3081120] Failed to build match row: Real Sociedad de Fútbol S.A.D. vs Real Madrid Club de Fútbol
[2559130] Could not find attributes for oleksandr zinchenko (FK Ufa, 2014)
[2559130] Failed to build match row: FK Ufa vs FC Rubin Kazan
[2906696] Could not find attributes for nikita garon (Irtysh Omsk, 2017)
[2906696] Failed to build match row: Irtysh Omsk vs Tom Tomsk
[3124968] Failed to scrape lineup: https://www.transfermarkt.co.uk/spielbericht/index/spielbericht/3124968
[2335019] Failed to scrape lineup: https://www.transfermarkt.co.uk/heart-of-midlothian-fc_dundee-united-fc/index/spielbericht/2335019
[3097398] Failed to scrape lineup: https://www.transfermarkt.co.uk/spielbericht/index/spielbericht/3097398
[2726624] Failed to scrape lineup: https://www.transfermarkt.co.uk/bologna-fc-1909_fc-empoli/index/spielbericht/2726624
[2720864] Could not find attributes for jota (Clube Desportivo Nacional, 2016)
[2720864] Failed to build match row: Clube Desportivo Nacional vs Clube Desportivo de Tondela
[2679790] Could not find attributes for sergiy basov (FC Oleksandriya, 2015)
[2679790] Failed to build match row: FC Oleksandriya vs FC Shakhtar Donetsk
[2764523] Failed to scrape lineup: https://www.transfermarkt.co.uk/aek-athens_apo-levadiakos/index/spielbericht/2764523
[2598036] Failed to scrape lineup: https://www.transfermarkt.co.uk/fenerbahce_caykur-rizespor/index/spielbericht/2598036
[2609332] Failed to scrape lineup: https://www.transfermarkt.co.uk/fc-porto_estoril-praia/index/spielbericht/2609332
2341051
[2888420] Could not find attributes for indy groothuizen (ADO Den Haag, 2017)
[2888420] Failed to build match row: Roda JC Kerkrade vs ADO Den Haag
Not enough players found for lineup: 0, 0.
[2497909] Failed to scrape lineup: https://www.transfermarkt.co.uk/spielbericht/index/spielbericht/2497909
[2636385] Failed to scrape lineup: https://www.transfermarkt.co.uk/spielbericht/index/spielbericht/2636385
[3009827] Failed to scrape lineup: https://www.transfermarkt.co.uk/spielbericht/index/spielbericht/3009827
[3205068] Could not find attributes for ognjen cancarevic (Alashkert Yerevan FC, 2019)
[3205068] Failed to build match row: Alashkert Yerevan FC vs Makedonija Gjorce Petrov

Keepers & outfield error for **Mönchengladbach** in Sportverein Werder Bremen von 1899 vs Mönchengladbach: Numbers: 2 and 9.
[2321238] Failed to build match row: Sportverein Werder Bremen von 1899 vs Mönchengladbach
[2346070] Could not find attributes for serdar aziz (Bursaspor, 2013)
[2346070] Failed to build match row: Bursaspor vs Kayserispor Kulübü
[3194819] Could not find attributes for patrick van aanholt (Crystal Palace Football Club, 2019)
[3194819] Failed to build match row: Crystal Palace Football Club vs Everton Football Club
Not enough players found for lineup: 0, 11.
[3097399] Failed to scrape lineup: https://www.transfermarkt.co.uk/spielbericht/index/spielbericht/3097399
[2359431] Failed to scrape lineup: https://www.transfermarkt.co.uk/hellas-verona_juventus-fc/index/spielbericht/2359431
[3252207] Could not find attributes for chiquinho (Sport Lisboa e Benfica, 2019)
[3252207] Failed to build match row: Olympique Lyonnais vs Sport Lisboa e Benfica
[2679791] Could not find attributes for oleksandr karavaev (FC Zorya Lugansk, 2015)
[2679791] Failed to build match row: FC Zorya Lugansk vs Dnipro Dnipropetrovsk (-2020)
[2482118] Failed to scrape lineup: https://www.transfermarkt.co.uk/fc-lorient_ogc-nice/index/spielbericht/2482118
[3229221] Failed to scrape lineup: https://www.transfermarkt.co.uk/ssc-napoli_brescia-calcio/index/spielbericht/3229221

Keepers & outfield error for **Vitória Setúbal FC** in Vitória Setúbal FC vs Grupo Desportivo Estoril Praia: Numbers: 0 and 11.
[2330882] Failed to scrape lineup: https://www.transfermarkt.co.uk/fc-toulouse_stade-rennais-fc/index/spielbericht/2330882
[2618628] Failed to scrape lineup: https://www.transfermarkt.co.uk/spielbericht/index/spielbericht/2618628
[2720865] Failed to build match row: Vitória Setúbal FC vs Grupo Desportivo Estoril Praia
[3205069] Could not find attributes for guillem truyols (AEK Larnaca, 2019)
[3205069] Failed to build match row: AEK Larnaca vs FC Petrocub Hincesti
[3050461] Failed to scrape lineup: https://www.transfermarkt.co.uk/huddersfield-town_afc-bournemouth/index/spielbericht/3050461
[2899571] Failed to scrape lineup: https://www.transfermarkt.co.uk/real-madrid_levante-ud/index/spielbericht/2899571
[2844537] Failed to scrape lineup: https://www.transfermarkt.co.uk/karpaty-lviv_volyn-lutsk/index/spielbericht/2844537
[2469216] Failed to scrape lineup: https://www.transfermarkt.co.uk/spielbericht/index/spielbericht/2469216
[3286257] Failed to scrape lineup: https://www.transfermarkt.co.uk/spielbericht/index/spielbericht/3286257
[2459662] Failed to scrape lineup: https://www.transfermarkt.co.uk/twente-enschede-fc_ajax-amsterdam/index/spielbericht/2459662
[3076770] Failed to scrape lineup: https://www.transfermarkt.co.uk/spielbericht/index/spielbericht/3076770
[2726626] Could not find attributes for albano bizzarri (Delfino Pescara 1936, 2016)
[2726626] Failed to build match row: FC Crotone vs Delfino Pescara 1936
[2517528] Could not find attributes for guillaume hoarau (Berner Sport Club Young Boys, 2014)
[2517528] Failed to build match row: Berner Sport Club Young Boys vs Everton Football Club

Keepers & outfield error for **Sevilla Fútbol Club S.A.D.** in Sevilla Fútbol Club S.A.D. vs SD Eibar: Numbers: 0 and 11.
[2899572] Failed to build match row: Sevilla Fútbol Club S.A.D. vs SD Eibar
[2371894] Could not find attributes for gerard aafjes (Vejle Boldklub, 2013)
[2371894] Failed to build match row: Vejle Boldklub vs FC Vestsjaelland
[2704672] Failed to scrape lineup: https://www.transfermarkt.co.uk/fc-augsburg_hamburger-sv/index/spielbericht/2704672
[2882218] Failed to scrape lineup: https://www.transfermarkt.co.uk/spielbericht/index/spielbericht/2882218
[3081121] Failed to scrape lineup: https://www.transfermarkt.co.uk/deportivo-alaves_girona-fc/index/spielbericht/3081121
[2559131] Failed to scrape lineup: https://www.transfermarkt.co.uk/kuban-krasnodar-2018-_arsenal-tula/index/spielbericht/2559131
[2906697] Failed to scrape lineup: https://www.transfermarkt.co.uk/spielbericht/index/spielbericht/2906697
[2598037] Could not find attributes for djakaridja kone (Sivasspor, 2015)
[2598037] Failed to build match row: Sivasspor vs Eskisehirspor
Not enough players found for lineup: 0, 0.
[2679792] Failed to scrape lineup: https://www.transfermarkt.co.uk/spielbericht/index/spielbericht/2679792
[3097400] Could not find attributes for jari mooij (MVV Alcides, 2018)
[3097400] Failed to build match row: MVV Alcides vs Alkmaar Zaanstreek
[2589087] Failed to scrape lineup: https://www.transfermarkt.co.uk/fc-groningen_sc-cambuur-leeuwarden/index/spielbericht/2589087
[2475553] Failed to scrape lineup: https://www.transfermarkt.co.uk/granada-cf_atletico-de-madrid/index/spielbericht/2475553
[2700345] Could not find attributes for alexander isak (Allmänna Idrottsklubben, 2016)
[2700345] Failed to build match row: Allmänna Idrottsklubben vs Bala Town
[3211392] Failed to scrape lineup: https://www.transfermarkt.co.uk/fc-famalicao_fc-pacos-de-ferreira/index/spielbericht/3211392
[2764524] Failed to scrape lineup: https://www.transfermarkt.co.uk/panetolikos-gfs_iraklis-thessaloniki/index/spielbericht/2764524
[2888421] Failed to scrape lineup: https://www.transfermarkt.co.uk/twente-enschede-fc_nac-breda/index/spielbericht/2888421
[2341052] Failed to scrape lineup: https://www.transfermarkt.co.uk/granada-cf_real-valladolid-cf/index/spielbericht/2341052
[2497910] Failed to scrape lineup: https://www.transfermarkt.co.uk/spielbericht/index/spielbericht/2497910
[3205070] Could not find attributes for marko meerits (JK Trans Narva, 2019)

Keepers & outfield error for **Athletic Club Bilbao** in Athletic Club Bilbao vs Girona Fútbol Club S. A. D.: Numbers: 2 and 9.
[3205070] Failed to build match row: JK Trans Narva vs Buducnost Podgorica
[2899573] Failed to build match row: Athletic Club Bilbao vs Girona Fútbol Club S. A. D.
[3009828] Failed to scrape lineup: https://www.transfermarkt.co.uk/spielbericht/index/spielbericht/3009828
[3219310] Failed to scrape lineup: https://www.transfermarkt.co.uk/watford-fc_crystal-palace/index/spielbericht/3219310
[2346071] Failed to scrape lineup: https://www.transfermarkt.co.uk/trabzonspor_sivasspor/index/spielbericht/2346071
[3063695] Could not find attributes for mikkel wohlgemuth (Vendsyssel FF, 2018)
[3063695] Failed to build match row: Odense Boldklub vs Vendsyssel FF
[2704673] Could not find attributes for felix wiedwald (Sportverein Werder Bremen von 1899, 2016)
[3194820] Failed to scrape lineup: https://www.transfermarkt.co.uk/watford-fc_brighton-amp-hove-albion/index/spielbericht/3194820
[2704673] Failed to build match row: Sportverein Werder Bremen von 1899 vs Hertha BSC
[3229223] Could not find attributes for albin ekdal (UC Sampdoria, 2019)
[3229223] Failed to build match row: UC Sampdoria vs Football Club Internazionale Milano S.p.A.
[2942687] Failed to scrape lineup: https://www.transfermarkt.co.uk/sm-caen_fc-girondins-bordeaux/index/spielbericht/2942687
[2581672] Failed to scrape lineup: https://www.transfermarkt.co.uk/tsg-1899-hoffenheim_vfb-stuttgart/index/spielbericht/2581672
[2486832] Failed to scrape lineup: https://www.transfermarkt.co.uk/queens-park-rangers_newcastle-united/index/spielbericht/2486832

Keepers & outfield error for **Sporting Clube de Portugal** in Boavista FC vs Sporting Clube de Portugal: Numbers: 2 and 9.
[3211393] Failed to build match row: Boavista FC vs Sporting Clube de Portugal
[2872119] Failed to scrape lineup: https://www.transfermarkt.co.uk/everton-fc_stoke-city/index/spielbericht/2872119
[2636386] Could not find attributes for taha zarei (Leixões SC, 2015)
[2636386] Failed to build match row: Leixões SC vs Rio Ave Futebol Clube
[2720866] Failed to scrape lineup: https://www.transfermarkt.co.uk/vitoria-guimaraes-sc_vitoria-setubal-fc/index/spielbericht/2720866
[2618629] Failed to scrape lineup: https://www.transfermarkt.co.uk/spielbericht/index/spielbericht/2618629

Keepers & outfield error for **Deportivo de La Coruña** in Deportivo de La Coruña vs Real Sociedad de Fútbol S.A.D.: Numbers: 2 and 9.
[2899574] Failed to build match row: Deportivo de La Coruña vs Real Sociedad de Fútbol S.A.D.
[3126074] Failed to scrape lineup: https://www.transfermarkt.co.uk/spielbericht/index/spielbericht/3126074

Keepers & outfield error for **Club Atlético Osasuna** in Club Atlético Osasuna vs Villarreal Club de Fútbol S.A.D.: Numbers: 0 and 11.
[3050462] Failed to scrape lineup: https://www.transfermarkt.co.uk/leicester-city_fulham-fc/index/spielbericht/3050462
[2844538] Failed to scrape lineup: https://www.transfermarkt.co.uk/dnipro-dnipropetrovsk-2020-_vorskla-poltava/index/spielbericht/2844538
[2341053] Failed to build match row: Club Atlético Osasuna vs Villarreal Club de Fútbol S.A.D.
[2469217] Failed to scrape lineup: https://www.transfermarkt.co.uk/spielbericht/index/spielbericht/2469217
[3097401] Could not find attributes for atam koroglu (OFC Oostzaan, 2018)
[3097401] Failed to build match row: OFC Oostzaan vs FC Emmen
[2359433] Failed to scrape lineup: https://www.transfermarkt.co.uk/ss-lazio_as-roma/index/spielbericht/2359433
[2459664] Could not find attributes for timo letschert (Football Club Utrecht, 2014)
[2459664] Failed to build match row: FC Dordrecht vs Football Club Utrecht
[2764525] Could not find attributes for dimitrios sotiriou (AO Platanias, 2016)
[2764525] Failed to build match row: Panthessalonikios Athlitikos Omilos Konstantinoupoliton vs AO Platanias
[2618630] Could not find attributes for sabri sarioglu (Galatasaray Spor Kulübü, 2015)
[2618630] Failed to build match row: Galatasaray Spor Kulübü vs FC Astana

Keepers & outfield error for **Moreirense Futebol Clube** in Moreirense Futebol Clube vs Futebol Clube de Arouca: Numbers: 2 and 9.
[2720867] Failed to build match row: Moreirense Futebol Clube vs Futebol Clube de Arouca
[2517529] Failed to scrape lineup: https://www.transfermarkt.co.uk/spielbericht/index/spielbericht/2517529

Keepers & outfield error for **Real Madrid Club de Fútbol** in Real Madrid Club de Fútbol vs Galatasaray Spor Kulübü: Numbers: 2 and 9.
[3252211] Failed to build match row: Real Madrid Club de Fútbol vs Galatasaray Spor Kulübü

Keepers & outfield error for **Aston Villa Football Club** in Southampton FC vs Aston Villa Football Club: Numbers: 0 and 11.

Keepers & outfield error for **Getafe Club de Fútbol S. A. D. Team Dubai** in CD Leganés vs Getafe Club de Fútbol S. A. D. Team Dubai: Numbers: 0 and 11.
[2559132] Failed to scrape lineup: https://www.transfermarkt.co.uk/spartak-moscow_amkar-perm/index/spielbericht/2559132
[2899575] Failed to build match row: CD Leganés vs Getafe Club de Fútbol S. A. D. Team Dubai
[2486833] Failed to build match row: Southampton FC vs Aston Villa Football Club
[2330884] Failed to scrape lineup: https://www.transfermarkt.co.uk/fc-lorient_fc-sochaux-montbeliard/index/spielbericht/2330884

Keepers & outfield error for **Gaziantepspor (- 2020)** in Gaziantepspor (- 2020) vs Bursaspor: Numbers: 2 and 9.
[2598038] Failed to build match row: Gaziantepspor (- 2020) vs Bursaspor
[2335021] Failed to scrape lineup: https://www.transfermarkt.co.uk/ross-county-fc_aberdeen-fc/index/spielbericht/2335021
[3205071] Could not find attributes for gentian selmani (KF Laçi, 2019)
[3205071] Failed to build match row: KF Laçi vs Hapoel Beer Sheva

Keepers & outfield error for **Rio Ave Futebol Clube** in Rio Ave Futebol Clube vs Clube Desportivo de Tondela: Numbers: 2 and 9.
[3211394] Failed to build match row: Rio Ave Futebol Clube vs Clube Desportivo de Tondela
[2589088] Failed to scrape lineup: https://www.transfermarkt.co.uk/fc-utrecht_psv-eindhoven/index/spielbericht/2589088
[2475554] Failed to scrape lineup: https://www.transfermarkt.co.uk/rayo-vallecano_real-sociedad/index/spielbericht/2475554
[3286258] Could not find attributes for miquel robuste (CF Badalona, 2019)
[3286258] Failed to build match row: CF Badalona vs Real Oviedo S.A.D.
[2321241] Failed to scrape lineup: https://www.transfermarkt.co.uk/fc-augsburg_1-fc-nuremberg/index/spielbericht/2321241
[3097402] Could not find attributes for joel drommel (Football Club Twente, 2018)
[3097402] Failed to build match row: Football Club Groningen vs Football Club Twente

Keepers & outfield error for **Futebol Clube do Porto** in Futebol Clube do Porto vs CS Marítimo: Numbers: 0 and 11.
[2636387] Failed to build match row: Futebol Clube do Porto vs CS Marítimo
[2700346] Failed to scrape lineup: https://www.transfermarkt.co.uk/spielbericht/index/spielbericht/2700346
[2486834] Could not find attributes for kasper schmeichel (Leicester City, 2014)
[2726628] Failed to scrape lineup: https://www.transfermarkt.co.uk/inter-milan_genoa-cfc/index/spielbericht/2726628
[3076771] Could not find attributes for elias fagra (Víkingur Gøta, 2018)
[2888454] Failed to scrape lineup: https://www.transfermarkt.co.uk/pfk-stal-kamyanske-2018-_zirka-kropyvnytskyi/index/spielbericht/2888454

Keepers & outfield error for **Valencia Club de Fútbol S. A. D.** in Valencia Club de Fútbol S. A. D. vs Club Atlético de Madrid S.A.D.: Numbers: 0 and 11.
[2486834] Failed to build match row: Sunderland Association Football Club v[2371895] Could not find attributes for esben thostesen (FC Sydvest 05, 2013)
[3076771] Failed to build match row: Víkingur Gøta vs Torpedo Kutaisi
[3050464] Failed to build match row: Manchester City Football Club vs Watford FC
[2899576] Failed to build match row: Valencia Club de Fútbol S. A. D. vs Club Atlético de Madrid S.A.D.
[2371895] Failed to build match row: FC Sydvest 05 vs Aalborg BK
[2559133] Could not find attributes for ablaye mbengue (RFK Akhmat Grozny, 2014)
[2559133] Failed to build match row: RFK Akhmat Grozny vs Ural Yekaterinburg
[2335022] Could not find attributes for marian kello (Saint Mirren Football Club, 2013)
[2335022] Failed to build match row: Saint Mirren Football Club vs St. Johnstone FC
[3229225] Could not find attributes for mato jajalo (Udinese Calcio, 2019)
[3229225] Failed to build match row: Udinese Calcio vs Bologna Football Club 1909
[2598039] Could not find attributes for ugur demirok (Ankaraspor, 2015)
[2598039] Failed to build match row: Ankaraspor vs Galatasaray Spor Kulübü
[2609334] Failed to scrape lineup: https://www.transfermarkt.co.uk/cd-tondela_cd-nacional/index/spielbericht/2609334
[2681172] Could not find attributes for arnaud djoum (Heart of Midlothian Football Club, 2015)
[3219311] Failed to scrape lineup: https://www.transfermarkt.co.uk/west-ham-united_arsenal-fc/index/spielbericht/3219311
[2704674] Failed to scrape lineup: https://www.transfermarkt.co.uk/sv-darmstadt-98_sc-freiburg/index/spielbericht/2704674
[3097403] Could not find attributes for luuk koopmans (MVV Maastricht, 2018)
[2681172] Failed to build match row: Motherwell Football Club vs Heart of Midlothian Football Club
[3097403] Failed to build match row: Football Club Utrecht vs MVV Maastricht
[3063696] Failed to scrape lineup: https://www.transfermarkt.co.uk/randers-fc_fc-midtjylland/index/spielbericht/3063696
[3194821] Failed to scrape lineup: https://www.transfermarkt.co.uk/burnley-fc_southampton-fc/index/spielbericht/3194821
[2469218] Could not find attributes for dejan bandovic (FK Sarajevo, 2014)
[2469218] Failed to build match row: FK Sarajevo vs FK Haugesund
[2906698] Failed to scrape lineup: https://www.transfermarkt.co.uk/spielbericht/index/spielbericht/2906698
[2589089] Could not find attributes for patrick joosten (Football Club Utrecht, 2015)
[2942688] Failed to scrape lineup: https://www.transfermarkt.co.uk/stade-rennais-fc_fc-nantes/index/spielbericht/2942688
[2589089] Failed to build match row: SC Cambuur Leeuwarden vs Football Club Utrecht

Keepers & outfield error for **Everton Football Club** in Newcastle United Football Club vs Everton Football Club: Numbers: 2 and 9.
[3050465] Failed to build match row: Newcastle United Football Club vs Everton Football Club
[2845386] Could not find attributes for roman chumak (MFK Mykolaiv, 2016)
[2845386] Failed to build match row: MFK Mykolaiv vs Futbolniy Klub Dynamo Kyiv
[2559134] Could not find attributes for georgiy tigiev (Torpedo Moscow, 2014)
[2559134] Failed to build match row: Torpedo Moscow vs Mordovia Saransk (-2020)
[2459666] Could not find attributes for gino coutinho (Excelsior Rotterdam, 2014)
[2459666] Failed to build match row: Football Club Groningen vs Excelsior Rotterdam
[3081123] Could not find attributes for ander barrenetxea (Real Sociedad de Fútbol S.A.D., 2018)
[3081123] Failed to build match row: Espanol vs Real Sociedad de Fútbol S.A.D.
[2341054] Failed to scrape lineup: https://www.transfermarkt.co.uk/real-madrid_celta-de-vigo/index/spielbericht/2341054
[2882219] Failed to scrape lineup: https://www.transfermarkt.co.uk/spielbericht/index/spielbericht/2882219
[3126184] Failed to scrape lineup: https://www.transfermarkt.co.uk/spielbericht/index/spielbericht/3126184
[3394639] Failed to scrape lineup: https://www.transfermarkt.co.uk/stade-rennais-fc_angers-sco/index/spielbericht/3394639
[2497912] Could not find attributes for mykyta shevchenko (FC Zorya Lugansk, 2014)

Keepers & outfield error for **Unione Sportiva Lecce** in Atalanta Bergamasca Calcio S.p.a. vs Unione Sportiva Lecce: Numbers: 0 and 11.
[2497912] Failed to build match row: FC Zorya Lugansk vs FC Oleksandriya
[3229226] Failed to build match row: Atalanta Bergamasca Calcio S.p.a. vs Unione Sportiva Lecce
[2764526] Failed to scrape lineup: https://www.transfermarkt.co.uk/panionios-athens_aok-kerkyra/index/spielbericht/2764526
[2581674] Failed to scrape lineup: https://www.transfermarkt.co.uk/sv-darmstadt-98_1-fsv-mainz-05/index/spielbericht/2581674

Keepers & outfield error for **Vitória Sport Clube** in CF União Madeira (-2021) vs Vitória Sport Clube: Numbers: 0 and 11.
[2888456] Could not find attributes for yuriy pankiv (FC Oleksandriya, 2017)
[2609335] Failed to build match row: CF União Madeira (-2021) vs Vitória Sport Clube
[2888456] Failed to build match row: FC Oleksandriya vs Vorskla Poltava
[2720868] Failed to scrape lineup: https://www.transfermarkt.co.uk/fc-pacos-de-ferreira_cf-os-belenenses/index/spielbericht/2720868
[3252212] Failed to scrape lineup: https://www.transfermarkt.co.uk/spielbericht/index/spielbericht/3252212
[2704675] Could not find attributes for aymen barkok (Eintracht Frankfurt Fußball AG, 2016)
[2346072] Failed to scrape lineup: https://www.transfermarkt.co.uk/galatasaray_kardemir-karabukspor/index/spielbericht/2346072
ußball AG
[2589090] Could not find attributes for ron vlaar (Alkmaar Zaanstreek, 2015)
[2589090] Failed to build match row: Heracles Almelo vs Alkmaar Zaanstreek
[2846707] Could not find attributes for andriy novak (FC Oleksandriya, 2016)
[2846707] Failed to build match row: FC Shakhtar Donetsk vs FC Oleksandriya
[2330885] Failed to scrape lineup: https://www.transfermarkt.co.uk/fc-sochaux-montbeliard_as-monaco/index/spielbericht/2330885
[3205072] Failed to scrape lineup: https://www.transfermarkt.co.uk/spielbericht/index/spielbericht/3205072

Keepers & outfield error for **FC Dordrecht** in ADO Den Haag vs FC Dordrecht: Numbers: 2 and 9.
[2321242] Failed to scrape lineup: https://www.transfermarkt.co.uk/eintracht-braunschweig_hamburger-sv/index/spielbericht/2321242
[2359435] Failed to scrape lineup: https://www.transfermarkt.co.uk/ac-milan_bologna-fc-1909/index/spielbericht/2359435
[2459667] Failed to build match row: ADO Den Haag vs FC Dordrecht
[3050466] Could not find attributes for moussa sissoko (Tottenham Hotspur Football Club, 2018)
[2475555] Failed to scrape lineup: https://www.transfermarkt.co.uk/sd-eibar_cordoba-cf/index/spielbericht/2475555
[3050466] Failed to build match row: Southampton FC vs Tottenham Hotspur Football Club
[3211395] Failed to scrape lineup: https://www.transfermarkt.co.uk/sl-benfica_gil-vicente-fc/index/spielbericht/3211395
[2636388] Failed to scrape lineup: https://www.transfermarkt.co.uk/spielbericht/index/spielbericht/2636388
[3011538] Failed to scrape lineup: https://www.transfermarkt.co.uk/juventus-fc_atalanta-bc/index/spielbericht/3011538
[3126185] Could not find attributes for valeriy yurchuk (SC Dnipro-1, 2018)
[3126185] Failed to build match row: SC Dnipro-1 vs Vorskla Poltava

Keepers & outfield error for **Rayo Vallecano de Madrid S. A. D.** in Getafe Club de Fútbol S. A. D. Team Dubai vs Rayo Vallecano de Madrid S. A. D.: Numbers: 0 and 11.

Keepers & outfield error for **Associazione Calcio Milan** in Associazione Sportiva Roma vs Associazione Calcio Milan: Numbers: 2 and 9.
[2726630] Failed to build match row: Associazione Sportiva Roma vs Associazione Calcio Milan
[3076772] Could not find attributes for slobodan jakovljevic (HSK Zrinjski Mostar, 2018)
[3076772] Failed to build match row: HSK Zrinjski Mostar vs Valletta FC
[2888457] Could not find attributes for zauri makharadze (Olimpik Donetsk, 2017)
[2888457] Failed to build match row: Olimpik Donetsk vs Karpaty Lviv (-2021)

Keepers & outfield error for **Málaga CF** in Málaga CF vs UD Las Palmas: Numbers: 0 and 11.
[2899578] Failed to build match row: Málaga CF vs UD Las Palmas
[2882220] Could not find attributes for orges shehi (KF Skënderbeu, 2017)
[2346073] Could not find attributes for bojan jorgacevic (Kayseri Erciyesspor, 2013)
[2882220] Failed to build match row: KF Skënderbeu vs Kairat Almaty
[2346073] Failed to build match row: Kayseri Erciyesspor vs Fenerbahçe Spor Kulübü
[2872122] Failed to scrape lineup: https://www.transfermarkt.co.uk/southampton-fc_swansea-city/index/spielbericht/2872122
[2735570] Failed to scrape lineup: https://www.transfermarkt.co.uk/ea-guingamp_sc-bastia/index/spielbericht/2735570
[2497913] Could not find attributes for stanislav bogush (Vorskla Poltava, 2014)
[3205073] Could not find attributes for matvei igonen (FC Flora Tallinn, 2019)
[2497913] Failed to build match row: Vorskla Poltava vs FK Mariupol
[3205073] Failed to build match row: FC Flora Tallinn vs Fudbalski Klub Radnički Niš
[2486835] Failed to scrape lineup: https://www.transfermarkt.co.uk/swansea-city_manchester-city/index/spielbericht/2486835

Keepers & outfield error for **Grupo Desportivo Estoril Praia** in Grupo Desportivo Estoril Praia vs Sport Lisboa e Benfica: Numbers: 0 and 11.
[2598050] Failed to scrape lineup: https://www.transfermarkt.co.uk/osmanlispor-fk_sivasspor/index/spielbericht/2598050
[2720869] Failed to build match row: Grupo Desportivo Estoril Praia vs Sport Lisboa e Benfica
[2764527] Could not find attributes for andrey gorbunov (APS Atromitos Athinon, 2016)
[2764527] Failed to build match row: APS Atromitos Athinon vs Panathinaikos Athlitikos Omilos

Keepers & outfield error for **AO FK Zenit Sankt-Peterburg** in AO FK Zenit Sankt-Peterburg vs Футбольный клуб "Локомотив" Москва: Numbers: 2 and 9.
[2559135] Failed to build match row: AO FK Zenit Sankt-Peterburg vs Футбольный клуб "Локомотив" Москва
[3097955] Could not find attributes for thibault vlietinck (Club Brugge Koninklijke Voetbalvereniging, 2018)
[3097955] Failed to build match row: Club Brugge Koninklijke Voetbalvereniging vs Borussia Dortmund
[2906699] Failed to scrape lineup: https://www.transfermarkt.co.uk/spielbericht/index/spielbericht/2906699
[2899579] Failed to scrape lineup: https://www.transfermarkt.co.uk/rcd-espanyol-barcelona_celta-de-vigo/index/spielbericht/2899579
[2346074] Failed to scrape lineup: https://www.transfermarkt.co.uk/genclerbirligi-ankara_kasimpasa/index/spielbericht/2346074
[3252213] Could not find attributes for marko gobeljic (Fudbalski klub Crvena zvezda Beograd, 2019)
[2888458] Could not find attributes for oleksandr bandura (NK Veres Rivne, 2017)
[3252213] Failed to build match row: Fudbalski klub Crvena zvezda Beograd vs Tottenham Hotspur Football Club
[2888458] Failed to build match row: NK Veres Rivne vs FC Shakhtar Donetsk
[3394641] Failed to scrape lineup: https://www.transfermarkt.co.uk/fc-girondins-bordeaux_nimes-olympique/index/spielbericht/3394641
[2704677] Failed to scrape lineup: https://www.transfermarkt.co.uk/bayern-munich_sv-darmstadt-98/index/spielbericht/2704677
[2700347] Could not find attributes for kristian kojola (IFK Mariehamn, 2016)
[2700347] Failed to build match row: Odds BK vs IFK Mariehamn
[2371896] Could not find attributes for patrick banggaard (Fodbold Club Midtjylland, 2013)
[3286259] Could not find attributes for virgil theresin (Cultural Leonesa, 2019)
[2371896] Failed to build match row: Fodbold Club Nordsjælland vs Fodbold Club Midtjylland
[3286259] Failed to build match row: Cultural Leonesa vs Las Rozas CF
[2497914] Could not find attributes for oleksandr shovkovskyi (Futbolniy Klub Dynamo Kyiv, 2014)
[2846708] Could not find attributes for zauri makharadze (Olimpik Donetsk, 2016)
[2497914] Failed to build match row: Futbolniy Klub Dynamo Kyiv vs Karpaty Lviv (-2021)
[2846708] Failed to build match row: Olimpik Donetsk vs FC Zorya Lugansk

Keepers & outfield error for **Real Madrid Club de Fútbol** in Real Madrid Club de Fútbol vs Getafe Club de Fútbol S. A. D. Team Dubai: Numbers: 2 and 9.
[2517533] Could not find attributes for obbi oulare (Club Brugge Koninklijke Voetbalvereniging, 2014)

Keepers & outfield error for **Alkmaar Zaanstreek** in Alkmaar Zaanstreek vs Feyenoord Rotterdam: Numbers: 2 and 9.
[2475556] Failed to build match row: Real Madrid Club de Fútbol vs Getafe Club de Fútbol S. A. D. Team Dubai
[2517533] Failed to build match row: Aalborg BK vs Club Brugge Koninklijke Voetbalvereniging
[3011942] Failed to build match row: Alkmaar Zaanstreek vs Feyenoord Rotterdam
[2764528] Failed to scrape lineup: https://www.transfermarkt.co.uk/pas-giannina_olympiacos-piraeus/index/spielbericht/2764528
[2486836] Failed to scrape lineup: https://www.transfermarkt.co.uk/tottenham-hotspur_hull-city/index/spielbericht/2486836

Keepers & outfield error for **Vitória Sport Clube** in Vitória Sport Clube vs Desportivo Aves (- 2020): Numbers: 0 and 11.
[2681464] Failed to scrape lineup: https://www.transfermarkt.co.uk/heart-of-midlothian-fc_celtic-fc/index/spielbericht/2681464
[3211396] Failed to build match row: Vitória Sport Clube vs Desportivo Aves (- 2020)
[3081125] Failed to scrape lineup: https://www.transfermarkt.co.uk/sd-huesca_cd-leganes/index/spielbericht/3081125
[2906841] Failed to scrape lineup: https://www.transfermarkt.co.uk/standard-liege_zulte-waregem/index/spielbericht/2906841
[2720870] Could not find attributes for kamran agayev (Boavista FC, 2016)
[2341057] Failed to scrape lineup: https://www.transfermarkt.co.uk/athletic-bilbao_ud-almeria/index/spielbericht/2341057
[3126553] Failed to scrape lineup: https://www.transfermarkt.co.uk/spielbericht/index/spielbericht/3126553
[3394642] Failed to scrape lineup: https://www.transfermarkt.co.uk/stade-rennais-fc_stade-brestois-29/index/spielbericht/3394642
[3252214] Failed to scrape lineup: https://www.transfermarkt.co.uk/spielbericht/index/spielbericht/3252214
[3194823] Failed to scrape lineup: https://www.transfermarkt.co.uk/tottenham-hotspur_aston-villa/index/spielbericht/3194823
[2704678] Failed to scrape lineup: https://www.transfermarkt.co.uk/borussia-dortmund_tsg-1899-hoffenheim/index/spielbericht/2704678
[2720870] Failed to build match row: Clube Desportivo de Tondela vs Boavista FC
[2598051] Could not find attributes for david pavelka (Kasımpaşa A.Ş., 2015)
[2598051] Failed to build match row: Kasımpaşa A.Ş. vs Gençlerbirliği Spor Kulübü
[2469411] Could not find attributes for kim aabech (Fodbold Club Nordsjælland, 2014)
[2469411] Failed to build match row: Fodbold Club Nordsjælland vs FC Vestsjaelland
[3219314] Could not find attributes for federico fernandez (Newcastle United Football Club, 2019)
[2872123] Could not find attributes for tom cleverley (Watford FC, 2017)

Keepers & outfield error for **Sport Lisboa e Benfica** in Sport Lisboa e Benfica vs Club Atlético de Madrid S.A.D.: Numbers: 0 and 11.
[3219314] Failed to build match row: Burnley Football Club vs Newcastle United Football Club

Keepers & outfield error for **FC Schalke 04** in FC Schalke 04 vs 1. Fußball- und Sportverein Mainz 05: Numbers: 2 and 9.
[2636389] Could not find attributes for silverio (Futebol Clube de Famalicão, 2015)
[3229229] Could not find attributes for mato jajalo (Udinese Calcio, 2019)
[2618631] Failed to build match row: Sport Lisboa e Benfica vs Club Atlético de Madrid S.A.D.
[2636389] Failed to build match row: Futebol Clube de Famalicão vs Futebol Clube do Porto
[2321244] Failed to build match row: FC Schalke 04 vs 1. Fußball- und Sportverein Mainz 05
[3229229] Failed to build match row: Associazione Calcio Fiorentina vs Udinese Calcio
[2609347] Failed to scrape lineup: https://www.transfermarkt.co.uk/vitoria-guimaraes-sc_cd-tondela/index/spielbericht/2609347
[2346075] Could not find attributes for zulkuf ozer (Elazigspor, 2013)
[2700348] Failed to scrape lineup: https://www.transfermarkt.co.uk/spielbericht/index/spielbericht/2700348
[2346075] Failed to build match row: Elazigspor vs Eskisehirspor
[3076773] Could not find attributes for joseph zerafa (Valletta FC, 2018)
[3076773] Failed to build match row: Valletta FC vs HSK Zrinjski Mostar
[2882221] Could not find attributes for damir ljuljanovic (OFK Titograd, 2017)
[2560695] Could not find attributes for denys boyko (Dnipro Dnipropetrovsk (-2020), 2014)
[2560695] Failed to build match row: Società Sportiva Calcio Napoli vs Dnipro Dnipropetrovsk (-2020)
[2882221] Failed to build match row: OFK Titograd vs Sportklub Puntigamer Sturm Graz
[2735571] Could not find attributes for issiar dia (AS Nancy-Lorraine, 2016)
[2735571] Failed to build match row: AS Nancy-Lorraine vs Football Club Lorient-Bretagne Sud
[3050476] Could not find attributes for glenn murray (Brighton and Hove Albion Football Club, 2018)
[3050476] Failed to build match row: Brighton and Hove Albion Football Club vs Cardiff City
[2764529] Could not find attributes for cyril kali (Veria NPS, 2016)
[2498078] Failed to scrape lineup: https://www.transfermarkt.co.uk/spielbericht/index/spielbericht/2498078
[2482122] Failed to scrape lineup: https://www.transfermarkt.co.uk/stade-rennais-fc_fc-evian-thonon-gaillard/index/spielbericht/2482122
[2517534] Failed to scrape lineup: https://www.transfermarkt.co.uk/spielbericht/index/spielbericht/2517534
[2475557] Failed to scrape lineup: https://www.transfermarkt.co.uk/celta-de-vigo_rcd-espanyol-barcelona/index/spielbericht/2475557
[2486837] Failed to scrape lineup: https://www.transfermarkt.co.uk/west-bromwich-albion_chelsea-fc/index/spielbericht/2486837
[2581678] Could not find attributes for florian klein (Verein für Bewegungsspiele Stuttgart 1893, 2015)
[2764529] Failed to build match row: Veria NPS vs AO Xanthi
[2341059] Failed to scrape lineup: https://www.transfermarkt.co.uk/real-betis-balompie_real-madrid/index/spielbericht/2341059
[2335025] Could not find attributes for jack leitch (Motherwell Football Club, 2013)
[2581678] Failed to build match row: Verein für Bewegungsspiele Stuttgart 1893 vs FC Ingolstadt 04
[2560696] Failed to scrape lineup: https://www.transfermarkt.co.uk/spielbericht/index/spielbericht/2560696
[2335025] Failed to build match row: Hibernian Football Club vs Motherwell Football Club
[3081127] Failed to scrape lineup: https://www.transfermarkt.co.uk/levante-ud_atletico-de-madrid/index/spielbericht/3081127

Keepers & outfield error for **Akhisarspor** in Akhisarspor vs Trabzonspor Kulübü: Numbers: 2 and 9.
[2459668] Failed to scrape lineup: https://www.transfermarkt.co.uk/vitesse-arnhem_nac-breda/index/spielbericht/2459668
[3205074] Could not find attributes for otso virtanen (Kuopion Palloseura, 2019)
[2598052] Failed to build match row: Akhisarspor vs Trabzonspor Kulübü
[3205074] Failed to build match row: Kuopion Palloseura vs FC Vitebsk
[3063700] Could not find attributes for zeca (Football Club København, 2018)
[3063700] Failed to build match row: Football Club København vs Esbjerg fB
[2846709] Failed to scrape lineup: https://www.transfermarkt.co.uk/dynamo-kyiv_chornomorets-odesa/index/spielbericht/2846709
[2346076] Failed to scrape lineup: https://www.transfermarkt.co.uk/besiktas-jk_caykur-rizespor/index/spielbericht/2346076
[2720871] Failed to scrape lineup: https://www.transfermarkt.co.uk/sporting-cp_sc-braga/index/spielbericht/2720871
[2726633] Failed to scrape lineup: https://www.transfermarkt.co.uk/chievo-verona_uc-sampdoria/index/spielbericht/2726633

Keepers & outfield error for **UD Almería** in UD Almería vs Valencia Club de Fútbol S. A. D.: Numbers: 0 and 11.
[3229230] Failed to scrape lineup: https://www.transfermarkt.co.uk/genoa-cfc_ac-milan/index/spielbericht/3229230
[2475558] Failed to build match row: UD Almería vs Valencia Club de Fútbol S. A. D.
[2906842] Failed to scrape lineup: https://www.transfermarkt.co.uk/krc-genk_r-charleroi-sc/index/spielbericht/2906842
[2700349] Could not find attributes for miroslav zlaticanin (FK Bokelj, 2016)
[2700349] Failed to build match row: FK Bokelj vs Fudbalski Klub Vojvodina
[2882222] Could not find attributes for vujadin savic (Fudbalski klub Crvena zvezda Beograd, 2017)
[2882222] Failed to build match row: Fudbalski klub Crvena zvezda Beograd vs Irtysh Pavlodar
[2735572] Could not find attributes for stephane sessegnon (Montpellier HSC, 2016)
[2735572] Failed to build match row: FC Girondins Bordeaux vs Montpellier HSC

Keepers & outfield error for **Association Football Club Bournemouth** in Association Football Club Bournemouth vs Watford FC: Numbers: 2 and 9.
[2560697] Could not find attributes for denys boyko (Dnipro Dnipropetrovsk (-2020), 2014)
[2498079] Could not find attributes for calum antell (Nairn County FC, 2014)
[2872125] Failed to build match row: Association Football Club Bournemouth vs Watford FC
[2560697] Failed to build match row: Dnipro Dnipropetrovsk (-2020) vs Società Sportiva Calcio Napoli
[2498079] Failed to build match row: Nairn County FC vs Huntly FC
[3286260] Could not find attributes for sebastian rosales (CD El Álamo, 2019)
[3286260] Failed to build match row: CD El Álamo vs Real Club Deportivo Mallorca S.A.D.
[2764530] Could not find attributes for dimitrios sotiriou (AO Platanias, 2016)
[2764530] Failed to build match row: AO Platanias vs APS Atromitos Athinon
[2486838] Failed to scrape lineup: https://www.transfermarkt.co.uk/west-ham-united_everton-fc/index/spielbericht/2486838
[2469414] Failed to scrape lineup: https://www.transfermarkt.co.uk/silkeborg-if_fc-copenhagen/index/spielbericht/2469414
[2517535] Could not find attributes for denys boyko (Dnipro Dnipropetrovsk (-2020), 2014)
[3394645] Failed to scrape lineup: https://www.transfermarkt.co.uk/stade-reims_rc-strasbourg-alsace/index/spielbericht/3394645
[2321245] Failed to scrape lineup: https://www.transfermarkt.co.uk/borussia-monchengladbach_tsg-1899-hoffenheim/index/spielbericht/2321245
[2517535] Failed to build match row: Dnipro Dnipropetrovsk (-2020) vs Olympiakos Syndesmos Filathlon Peiraios
[2704680] Could not find attributes for jordan torunarigha (Hertha BSC, 2016)
[2704680] Failed to build match row: Hertha BSC vs RasenBallsport Leipzig
[2846710] Could not find attributes for bogdan shust (Vorskla Poltava, 2016)
[3063701] Could not find attributes for mikkel wohlgemuth (Vendsyssel FF, 2018)
[2346077] Could not find attributes for hakan arikan (Antalyaspor, 2013)
[2846710] Failed to build match row: Vorskla Poltava vs PFK Stal Kamyanske (-2018)
[3063701] Failed to build match row: Vendsyssel FF vs Randers Fodbold Club
[2346077] Failed to build match row: Antalyaspor vs Akhisarspor
[2475559] Could not find attributes for marcos angeleri (Málaga CF, 2014)

Keepers & outfield error for **KAS Eupen** in KAS Eupen vs KV Oostende: Numbers: 2 and 9.
[2906843] Failed to build match row: KAS Eupen vs KV Oostende
[2899582] Failed to scrape lineup: https://www.transfermarkt.co.uk/real-sociedad_real-madrid/index/spielbericht/2899582
[2720872] Could not find attributes for ponck (GD Chaves, 2016)

Keepers & outfield error for **CD Feirense** in CD Feirense vs CS Marítimo: Numbers: 0 and 11.
[2720872] Failed to build match row: Futebol Clube do Porto vs GD Chaves
[2636390] Failed to build match row: CD Feirense vs CS Marítimo

Keepers & outfield error for **Associazione Calcio Fiorentina** in Associazione Calcio Fiorentina vs Sevilla Fútbol Club S.A.D.: Numbers: 0 and 11.
[2560698] Failed to build match row: Associazione Calcio Fiorentina vs Sevilla Fútbol Club S.A.D.
[2498080] Could not find attributes for ricky little (Arbroath FC, 2014)
[2498080] Failed to build match row: Arbroath FC vs Montrose FC

Keepers & outfield error for **UD Almería** in Getafe Club de Fútbol S. A. D. Team Dubai vs UD Almería: Numbers: 0 and 11.
[2341061] Failed to build match row: Getafe Club de Fútbol S. A. D. Team Dubai vs UD Almería
[2906844] Could not find attributes for ari freyr skulason (KSC Lokeren (- 2020), 2017)
[2764531] Could not find attributes for fotis koutzavasilis (AOK Kerkyra, 2016)
[3081128] Failed to scrape lineup: https://www.transfermarkt.co.uk/sd-eibar_fc-barcelona/index/spielbericht/3081128
[2906844] Failed to build match row: SK Beveren vs KSC Lokeren (- 2020)
[2764531] Failed to build match row: AOK Kerkyra vs Panthessalonikios Athlitikos Omilos Konstantinoupoliton
[2477176] Could not find attributes for vasyl pryima (Metalurg Donetsk (- 2015), 2014)
[2477176] Failed to build match row: Metalurg Donetsk (- 2015) vs Dnipro Dnipropetrovsk (-2020)
[3097959] Could not find attributes for vujadin savic (Fudbalski klub Crvena zvezda Beograd, 2018)
[3097959] Failed to build match row: Fudbalski klub Crvena zvezda Beograd vs Società Sportiva Calcio Napoli
[3205075] Could not find attributes for kristijan naumovski (Balzan FC, 2019)
[3205075] Failed to build match row: Balzan FC vs NK Domzale

Keepers & outfield error for **Wolverhampton Wanderers Football Club** in Leicester City vs Wolverhampton Wanderers Football Club: Numbers: 0 and 11.
[3194826] Failed to build match row: Leicester City vs Wolverhampton Wanderers Football Club
[2846711] Could not find attributes for vitaliy nedilko (Volyn Lutsk, 2016)
[2846711] Failed to build match row: Volyn Lutsk vs Dnipro Dnipropetrovsk (-2020)

Keepers & outfield error for **Moreirense Futebol Clube** in Moreirense Futebol Clube vs Clube Desportivo Nacional: Numbers: 0 and 11.
[2636391] Failed to build match row: Moreirense Futebol Clube vs Clube Desportivo Nacional
[2598053] Failed to scrape lineup: https://www.transfermarkt.co.uk/antalyaspor_fenerbahce/index/spielbericht/2598053

Keepers & outfield error for **Sporting Clube de Portugal** in Rio Ave Futebol Clube vs Sporting Clube de Portugal: Numbers: 0 and 11.
[2609350] Failed to build match row: Rio Ave Futebol Clube vs Sporting Clube de Portugal

Keepers & outfield error for **Valencia Club de Fútbol S. A. D.** in Levante Unión Deportiva S.A.D. vs Valencia Club de Fútbol S. A. D.: Numbers: 0 and 11.
[2899583] Failed to build match row: Levante Unión Deportiva S.A.D. vs Valencia Club de Fútbol S. A. D.
[3076774] Could not find attributes for anton ari einarsson (Valur Reykjavík, 2018)
[3076774] Failed to build match row: FC Santa Coloma vs Valur Reykjavík
[2764532] Could not find attributes for dimitrios kyriakidis (Panetolikos Agrinio, 2016)
[2335027] Failed to scrape lineup: https://www.transfermarkt.co.uk/motherwell-fc_ross-county-fc/index/spielbericht/2335027
[2764532] Failed to build match row: Olympiakos Syndesmos Filathlon Peiraios vs Panetolikos Agrinio
[2882223] Failed to scrape lineup: https://www.transfermarkt.co.uk/spielbericht/index/spielbericht/2882223
[2477177] Could not find attributes for artem kychak (Volyn Lutsk, 2014)
[2846712] Could not find attributes for yevgen past (Zirka Kropyvnytskyi, 2016)
[2477177] Failed to build match row: Volyn Lutsk vs FK Mariupol
[2846712] Failed to build match row: Zirka Kropyvnytskyi vs Karpaty Lviv (-2021)
[2681466] Failed to scrape lineup: https://www.transfermarkt.co.uk/hamilton-academical-fc_kilmarnock-fc/index/spielbericht/2681466
[3211397] Could not find attributes for kikas (B SAD, 2019)
[3126555] Failed to scrape lineup: https://www.transfermarkt.co.uk/spielbericht/index/spielbericht/3126555
[3194946] Could not find attributes for yaroslav rakitskyi (AO FK Zenit Sankt-Peterburg, 2019)
[3211397] Failed to build match row: CS Marítimo vs B SAD
[3194946] Failed to build match row: AO FK Zenit Sankt-Peterburg vs PFK Tambov (-2021)

Keepers & outfield error for **Espanol** in Espanol vs Real Madrid Club de Fútbol: Numbers: 2 and 9.
[2341062] Failed to build match row: Espanol vs Real Madrid Club de Fútbol
[2598054] Could not find attributes for doka madureira (İstanbul Başakşehir Futbol Kulübü, 2015)
[2598054] Failed to build match row: Bursaspor vs İstanbul Başakşehir Futbol Kulübü

Keepers & outfield error for **Associazione Calcio Fiorentina** in Associazione Calcio Fiorentina vs Football Club Internazionale Milano S.p.A.: Numbers: 0 and 11.
[2517536] Failed to scrape lineup: https://www.transfermarkt.co.uk/spielbericht/index/spielbericht/2517536
[2486839] Failed to scrape lineup: https://www.transfermarkt.co.uk/arsenal-fc_west-bromwich-albion/index/spielbericht/2486839
[2704681] Failed to scrape lineup: https://www.transfermarkt.co.uk/1-fc-koln_sv-werder-bremen/index/spielbericht/2704681
[2359437] Failed to build match row: Associazione Calcio Fiorentina vs Football Club Internazionale Milano S.p.A.
[3219319] Failed to scrape lineup: https://www.transfermarkt.co.uk/tottenham-hotspur_burnley-fc/index/spielbericht/3219319
[3050477] Failed to scrape lineup: https://www.transfermarkt.co.uk/burnley-fc_leicester-city/index/spielbericht/3050477

Keepers & outfield error for **Sevilla Fútbol Club S.A.D.** in Girona Fútbol Club S. A. D. vs Sevilla Fútbol Club S.A.D.: Numbers: 0 and 11.
[2899584] Failed to build match row: Girona Fútbol Club S. A. D. vs Sevilla Fútbol Club S.A.D.
[2482124] Failed to scrape lineup: https://www.transfermarkt.co.uk/fc-toulouse_olympique-lyon/index/spielbericht/2482124
[2498081] Could not find attributes for allan fleming (East Fife FC, 2014)
[2498081] Failed to build match row: East Fife FC vs Threave Rovers FC
[2371897] Could not find attributes for andreas holm (Nordvest FC, 2013)
[2371897] Failed to build match row: Nordvest FC vs AC Horsens
[2720874] Could not find attributes for lionn (Rio Ave Futebol Clube, 2016)
[2335028] Failed to scrape lineup: https://www.transfermarkt.co.uk/celtic-fc_ross-county-fc/index/spielbericht/2335028
[2942690] Failed to scrape lineup: https://www.transfermarkt.co.uk/ea-guingamp_montpellier-hsc/index/spielbericht/2942690
[3076775] Could not find attributes for anton ari einarsson (Valur Reykjavík, 2018)
[2720874] Failed to build match row: Rio Ave Futebol Clube vs Clube Desportivo Nacional
[2346078] Could not find attributes for serdar kulbilge (Gaziantepspor (- 2020), 2013)
[3076775] Failed to build match row: Valur Reykjavík vs FC Santa Coloma
[2346078] Failed to build match row: Gaziantepspor (- 2020) vs Konyaspor
[2906846] Could not find attributes for jelle vossen (Club Brugge Koninklijke Voetbalvereniging, 2017)
[2906846] Failed to build match row: KV Kortrijk vs Club Brugge Koninklijke Voetbalvereniging

Keepers & outfield error for **Elche Club de Fútbol S.A.D.** in Elche Club de Fútbol S.A.D. vs Real Sociedad de Fútbol S.A.D.: Numbers: 0 and 11.
[2341063] Failed to build match row: Elche Club de Fútbol S.A.D. vs Real Sociedad de Fútbol S.A.D.
[2477178] Could not find attributes for dmytro bezotosnyi (Chornomorets Odesa, 2014)
[2477178] Failed to build match row: Chornomorets Odesa vs Olimpik Donetsk
[2764533] Failed to scrape lineup: https://www.transfermarkt.co.uk/iraklis-thessaloniki_asteras-tripolis/index/spielbericht/2764533
[3205076] Could not find attributes for ivan krajcirik (MFK Ruzomberok, 2019)
[3211398] Failed to scrape lineup: https://www.transfermarkt.co.uk/vitoria-setubal-fc_sc-braga/index/spielbericht/3211398
[3394646] Could not find attributes for jimmy cabot (Angers Sporting Club de l'Ouest, 2020)
[3205076] Failed to build match row: MFK Ruzomberok vs Levski Sofia
[2517537] Could not find attributes for oleksandr shovkovskyi (Futbolniy Klub Dynamo Kyiv, 2014)
[3394646] Failed to build match row: Angers Sporting Club de l'Ouest vs Olympique Gymnaste Club Nice Côte d'Azur
[2517537] Failed to build match row: EA Guingamp vs Futbolniy Klub Dynamo Kyiv

Keepers & outfield error for **Everton Football Club** in Everton Football Club vs Chelsea Football Club: Numbers: 2 and 9.
1249
[2636392] Could not find attributes for lumor agbenyenu (Portimonense SC, 2015)
[3050478] Failed to build match row: Everton Football Club vs Chelsea Football Club
[2636392] Failed to build match row: Portimonense SC vs Sporting Clube de Portugal
[3081130] Failed to scrape lineup: https://www.transfermarkt.co.uk/real-valladolid-cf_valencia-cf/index/spielbericht/3081130

Keepers & outfield error for **Liverpool Football Club** in Liverpool Football Club vs Everton Football Club: Numbers: 0 and 11.
[3219320] Failed to build match row: Liverpool Football Club vs Everton Football Club
[2888459] Failed to scrape lineup: https://www.transfermarkt.co.uk/zorya-lugansk_chornomorets-odesa/index/spielbericht/2888459
[2371898] Failed to scrape lineup: https://www.transfermarkt.co.uk/spielbericht/index/spielbericht/2371898
[2346079] Failed to scrape lineup: https://www.transfermarkt.co.uk/kardemir-karabukspor_antalyaspor/index/spielbericht/2346079
[3014686] Failed to scrape lineup: https://www.transfermarkt.co.uk/spielbericht/index/spielbericht/3014686
[3063703] Failed to scrape lineup: https://www.transfermarkt.co.uk/fc-nordsjaelland_aarhus-gf/index/spielbericht/3063703
[2700350] Could not find attributes for mateusz taudul (AEK Larnaca, 2016)
[2700350] Failed to build match row: AEK Larnaca vs SS Folgore/Falciano

Keepers & outfield error for **Jagiellonia-Bialystok Sportowa Spólka Akcyjna** in Jagiellonia-Bialystok Sportowa Spólka Akcyjna vs FK Qabala: Numbers: 2 and 9.
[2882224] Failed to build match row: Jagiellonia-Bialystok Sportowa Spólka Akcyjna vs FK Qabala

Keepers & outfield error for **Olympique de Marseille** in Football Club de Metz vs Olympique de Marseille: Numbers: 2 and 9.
[2942691] Failed to build match row: Football Club de Metz vs Olympique de Marseille
spielbericht/2517538
[3229231] Failed to scrape lineup: https://www.transfermarkt.co.uk/hellas-verona_uc-sampdoria/index/spielbericht/3229231
[2735573] Failed to scrape lineup: https://www.transfermarkt.co.uk/losc-lille_olympique-marseille/index/spielbericht/2735573
[2720875] Could not find attributes for jorginho (Futebol Clube de Arouca, 2016)

Keepers & outfield error for **Málaga CF** in Club Atlético de Madrid S.A.D. vs Málaga CF: Numbers: 0 and 11.
[2720875] Failed to build match row: Futebol Clube de Arouca vs Vitória Sport Clube

Keepers & outfield error for **Levante Unión Deportiva S.A.D.** in Levante Unión Deportiva S.A.D. vs Sevilla Fútbol Club S.A.D.: Numbers: 2 and 9.
[2899585] Failed to build match row: Club Atlético de Madrid S.A.D. vs Málaga CF
[2341064] Failed to build match row: Levante Unión Deportiva S.A.D. vs Sevilla Fútbol Club S.A.D.
[2335029] Could not find attributes for duncan watmore (Hibernian Football Club, 2013)
[3081131] Failed to scrape lineup: https://www.transfermarkt.co.uk/bologna-fc-1909_atalanta-bc/index/spielbericht/3081131
[2459671] Could not find attributes for karim el ahmadi (Feyenoord Rotterdam, 2014)
[2704682] Could not find attributes for vasilije janjicic (Hamburger Sport Verein, 2016)
[3252217] Could not find attributes for diego costa (Club Atlético de Madrid S.A.D., 2019)
[2888460] Failed to scrape lineup: https://www.transfermarkt.co.uk/zirka-kropyvnytskyi_chornomorets-odesa/index/spielbericht/2888460
[2598056] Failed to scrape lineup: https://www.transfermarkt.co.uk/galatasaray_konyaspor/index/spielbericht/2598056
[2335029] Failed to build match row: Heart of Midlothian Football Club vs Hibernian Football Club
[2704682] Failed to build match row: Hamburger Sport Verein vs 1. Fußball- und Sportverein Mainz 05
[2459671] Failed to build match row: SC Cambuur Leeuwarden vs Feyenoord Rotterdam
[3252217] Failed to build match row: Bayer 04 Leverkusen Fußball vs Club Atlético de Madrid S.A.D.
[2589092] Could not find attributes for georgiy zhukov (Roda JC Kerkrade, 2015)
[2589092] Failed to build match row: Roda JC Kerkrade vs Football Club Twente
[2469419] Could not find attributes for pierre neurath bengtsson (Football Club København, 2014)
[2346080] Could not find attributes for zulkuf ozer (Elazigspor, 2013)
 Club Nordsjælland
[2346080] Failed to build match row: Elazigspor vs Gençlerbirliği Spor Kulübü
[2498082] Could not find attributes for kevin swain (The Spartans FC, 2014)
[2498082] Failed to build match row: The Spartans FC vs East Kilbride FC
[2846713] Could not find attributes for zauri makharadze (Olimpik Donetsk, 2016)
[2636393] Could not find attributes for taha zarei (Leixões SC, 2015)
[2846713] Failed to build match row: Olimpik Donetsk vs Chornomorets Odesa
[2636393] Failed to build match row: Leixões SC vs Sporting Clube de Braga
[2942692] Failed to scrape lineup: https://www.transfermarkt.co.uk/fc-nantes_as-monaco/index/spielbericht/2942692
[2482126] Failed to scrape lineup: https://www.transfermarkt.co.uk/fc-evian-thonon-gaillard_paris-saint-germain/index/spielbericht/2482126

Keepers & outfield error for **Getafe Club de Fútbol S. A. D. Team Dubai** in Getafe Club de Fútbol S. A. D. Team Dubai vs Futbol Club Barcelona: Numbers: 0 and 11.
[2899586] Failed to build match row: Getafe Club de Fútbol S. A. D. Team Dubai vs Futbol Club Barcelona
[3076776] Could not find attributes for aljaz ivacic (NK Olimpija Ljubljana, 2018)
[2477179] Could not find attributes for oleksandr nad (Goverla Uzhgorod (- 2016), 2014)
[3076776] Failed to build match row: NK Olimpija Ljubljana vs Crusaders FC
iv (-2021)
[2735574] Could not find attributes for jeremy morel (Olympique Lyonnais, 2016)
[2735574] Failed to build match row: Paris Saint-Germain Football Club vs Olympique Lyonnais

Keepers & outfield error for **Sport Lisboa e Benfica** in Sport Lisboa e Benfica vs CF Os Belenenses: Numbers: 0 and 11.
[2609352] Failed to build match row: Sport Lisboa e Benfica vs CF Os Belenenses
[2764534] Could not find attributes for stanislav namasco (APO Levadiakos Football Club, 2016)
[2764534] Failed to build match row: APO Levadiakos Football Club vs Panionios Athens
[2882225] Could not find attributes for luka bilobrk (NK Siroki Brijeg, 2017)
[2882225] Failed to build match row: NK Siroki Brijeg vs Aberdeen Football Club
[2459672] Could not find attributes for timo letschert (Football Club Utrecht, 2014)
[2459672] Failed to build match row: Football Club Utrecht vs Eindhovense Voetbalvereniging Philips Sport Vereniging
[2346081] Could not find attributes for egemen korkmaz (Fenerbahçe Spor Kulübü, 2013)
[2720876] Could not find attributes for fabio sturgeon (CF Os Belenenses, 2016)

Keepers & outfield error for **Associazione Calcio Milan** in Associazione Calcio Milan vs Atalanta Bergamasca Calcio S.p.a.: Numbers: 2 and 9.
[2346081] Failed to build match row: Fenerbahçe Spor Kulübü vs Gaziantepspor (- 2020)
[2720876] Failed to build match row: CF Os Belenenses vs Sporting Clube de Portugal
[2726638] Failed to build match row: Associazione Calcio Milan vs Atalanta Bergamasca Calcio S.p.a.
[2846714] Could not find attributes for oleksiy shevchenko (FC Zorya Lugansk, 2016)
[2846714] Failed to build match row: FC Shakhtar Donetsk vs FC Zorya Lugansk
[3286261] Failed to scrape lineup: https://www.transfermarkt.co.uk/spielbericht/index/spielbericht/3286261
[2888461] Could not find attributes for Vasyl Pryima (FC Zorya Lugansk, 2017)
[3205077] Could not find attributes for valentins ralkevics (FK Liepaja, 2019)
Not enough players found for lineup: 0, 0.
[2888461] Failed to build match row: FC Shakhtar Donetsk vs FC Zorya Lugansk
[3205077] Failed to build match row: FK Liepaja vs Dinamo Minsk
[3076777] Failed to scrape lineup: https://www.transfermarkt.co.uk/spielbericht/index/spielbericht/3076777
[2498083] Failed to scrape lineup: https://www.transfermarkt.co.uk/spielbericht/index/spielbericht/2498083
[2517539] Could not find attributes for daniele verde (Associazione Sportiva Roma, 2014)
[3063704] Could not find attributes for vladlen yurchenko (Vejle Boldklub, 2018)
[2700351] Could not find attributes for mikheil mujrishvili (FC Dila Gori, 2016)
[2517539] Failed to build match row: Associazione Sportiva Roma vs Feyenoord Rotterdam
[2581683] Could not find attributes for ju ho park (Borussia Dortmund, 2015)
[2700351] Failed to build match row: FC Dila Gori vs FC Shirak Gyumri
[3063704] Failed to build match row: Vejle Boldklub vs Brøndby Idrætsforening
[2589093] Could not find attributes for kosuke ota (Vitesse Arnhem, 2015)
[2581683] Failed to build match row: 1. Fußball- und Sportverein Mainz 05 vs Borussia Dortmund
[2589093] Failed to build match row: Vitesse Arnhem vs Sportclub Heerenveen
[3194947] Could not find attributes for aleksandr lomovitskiy (FK Spartak Moskva, 2019)
[2477180] Could not find attributes for yevgen borovyk (Metalurg Zaporizhya (-2016), 2014)

Keepers & outfield error for **Portimonense SC** in Portimonense SC vs Futebol Clube do Porto: Numbers: 0 and 11.
[3194947] Failed to build match row: FK Spartak Moskva vs FK Sochi
[2477180] Failed to build match row: FC Shakhtar Donetsk vs Metalurg Zaporizhya (-2016)
[3211399] Failed to build match row: Portimonense SC vs Futebol Clube do Porto
[3016403] Could not find attributes for mikhail bakaev (Anzhi Makhachkala ( -2022), 2017)
[3016403] Failed to build match row: FK Krasnodar vs Anzhi Makhachkala ( -2022)
[2735575] Could not find attributes for oussama haddadi (Dijon FCO, 2016)
[2735575] Failed to build match row: Dijon FCO vs AS Saint-Étienne

Keepers & outfield error for **Deportivo de La Coruña** in Real Betis Balompié S.A.D. vs Deportivo de La Coruña: Numbers: 2 and 9.
[2764535] Could not find attributes for gennadios xenodochof (Athlitiki Enosi Larisas, 2016)
[3050481] Could not find attributes for moussa sissoko (Tottenham Hotspur Football Club, 2018)
[2899587] Failed to build match row: Real Betis Balompié S.A.D. vs Deportivo de La Coruña
[3050481] Failed to build match row: Tottenham Hotspur Football Club vs Crystal Palace Football Club
[2764535] Failed to build match row: Athlitiki Enosi Larisas vs Panathinaikos Athlitikos Omilos
[2371899] Could not find attributes for Fanendo Adi (Football Club København, 2013)
[2371899] Failed to build match row: Football Club København vs Odense Boldklub
[2486842] Could not find attributes for jazz richards (Swansea City, 2014)
[2486842] Failed to build match row: Crystal Palace Football Club vs Swansea City
[2888462] Could not find attributes for roman pidkivka (Karpaty Lviv (-2021), 2017)
[2888462] Failed to build match row: Karpaty Lviv (-2021) vs NK Veres Rivne
[2598057] Could not find attributes for axel meye (Eskisehirspor, 2015)
[2598057] Failed to build match row: Çaykur Rizespor Kulübü vs Eskisehirspor

Keepers & outfield error for **Rayo Vallecano de Madrid S. A. D.** in Rayo Vallecano de Madrid S. A. D. vs Levante Unión Deportiva S.A.D.: Numbers: 0 and 11.
2 and 9.
[2517540] Failed to build match row: Eindhovense Voetbalvereniging Philips Sport Vereniging vs AO FK Zenit Sankt-Peterburg
[2341066] Failed to build match row: Rayo Vallecano de Madrid S. A. D. vs Levante Unión Deportiva S.A.D.

Keepers & outfield error for **Real Madrid Club de Fútbol** in Real Madrid Club de Fútbol vs Paris Saint-Germain Football Club: Numbers: 2 and 9.
[3252219] Failed to build match row: Real Madrid Club de Fútbol vs Paris Saint-Germain Football Club
[3194948] Could not find attributes for sergey pesjakov (FK Rostov, 2019)
[2618634] Could not find attributes for wilfrid kaptoum (Futbol Club Barcelona, 2015)
[3194948] Failed to build match row: FK Rostov vs FC Orenburg
[2618634] Failed to build match row: Bayer 04 Leverkusen Fußball vs Futbol Club Barcelona
[2589094] Could not find attributes for hedwiges maduro (Football Club Groningen, 2015)
[2589094] Failed to build match row: Football Club Groningen vs AFC Ajax Amsterdam
[3219322] Could not find attributes for patrick van aanholt (Crystal Palace Football Club, 2019)
[3219322] Failed to build match row: Crystal Palace Football Club vs Association Football Club Bournemouth

Keepers & outfield error for **UD Las Palmas** in UD Las Palmas vs Athletic Club Bilbao: Numbers: 2 and 9.
[2899588] Failed to build match row: UD Las Palmas vs Athletic Club Bilbao
[3016404] Could not find attributes for aritm (Футбольный клуб "Локомотив" Москва, 2017)
[2764536] Could not find attributes for vasilios barkas (Athlitiki Enosi Konstantinoupoleos, 2016)
[3016404] Failed to build match row: Amkar Perm vs Футбольный клуб "Локомотив" Москва
[2764536] Failed to build match row: Athlitiki Enosi Konstantinoupoleos vs PAS Giannina
[3211421] Could not find attributes for rodrigao (Gil Vicente Futebol Clube, 2019)
[3211421] Failed to build match row: Gil Vicente Futebol Clube vs Boavista FC
[2726640] Could not find attributes for albano bizzarri (Delfino Pescara 1936, 2016)
[2726640] Failed to build match row: Delfino Pescara 1936 vs Bologna Football Club 1909
[2888463] Could not find attributes for oleksandr tkachenko (Vorskla Poltava, 2017)
[2477181] Could not find attributes for oleksandr shovkovskyi (Futbolniy Klub Dynamo Kyiv, 2014)
[2888463] Failed to build match row: Vorskla Poltava vs Olimpik Donetsk
[2498084] Could not find attributes for dean hoskins (Berwick Rangers FC, 2014)
[3252220] Could not find attributes for marko gobeljic (Fudbalski klub Crvena zvezda Beograd, 2019)
[2498084] Failed to build match row: Berwick Rangers FC vs Formartine United FC
[2477181] Failed to build match row: Futbolniy Klub Dynamo Kyiv vs Vorskla Poltava
[3126556] Could not find attributes for dean winnard (Southport FC, 2018)
[3252220] Failed to build match row: Fudbalski klub Crvena zvezda Beograd vs FC Bayern München

Keepers & outfield error for **Genoa Cricket and Football Club** in Football Club Internazionale Milano S.p.A. vs Genoa Cricket and Football Club: Numbers: 2 and 9.
[2517541] Could not find attributes for jose sosa (Beşiktaş Jimnastik Kulübü, 2014)
[3126556] Failed to build match row: Tranmere Rovers vs Southport FC
[3081134] Failed to build match row: Football Club Internazionale Milano S.p.A. vs Genoa Cricket and Football Club
[2517541] Failed to build match row: Liverpool Football Club vs Beşiktaş Jimnastik Kulübü
[2618635] Could not find attributes for sergey chernik (BATE Borisov, 2015)

Keepers & outfield error for **Celta** in Celta vs Getafe Club de Fútbol S. A. D. Team Dubai: Numbers: 0 and 11.
[2321252] Could not find attributes for alexander madlung (Eintracht Frankfurt Fußball AG, 2013)
[2618635] Failed to build match row: Associazione Sportiva Roma vs BATE Borisov
[2899589] Failed to build match row: Celta vs Getafe Club de Fútbol S. A. D. Team Dubai
[2704685] Could not find attributes for benjamin stambouli (FC Schalke 04, 2016)
[2321252] Failed to build match row: Eintracht Frankfurt Fußball AG vs Sportverein Werder Bremen von 1899
[2704685] Failed to build match row: Sport-Club Freiburg vs FC Schalke 04
[2636394] Could not find attributes for filip krovinovic (Rio Ave Futebol Clube, 2015)
[2636394] Failed to build match row: Rio Ave Futebol Clube vs CF Os Belenenses
[2371900] Could not find attributes for ronny raun (Boldklubben af 1893, 2013)
[2371900] Failed to build match row: Boldklubben af 1893 vs Aarhus Gymnastik Forening
[2598058] Could not find attributes for berkan emir (Kayserispor Kulübü, 2015)
[2598058] Failed to build match row: Kayserispor Kulübü vs Mersin Talimyurdu SK
[2681467] Could not find attributes for ryan nektarios edwards (Partick Thistle FC, 2015)
[3194949] Could not find attributes for yuriy dyupin (FC Rubin Kazan, 2019)
[3050482] Failed to scrape lineup: https://www.transfermarkt.co.uk/watford-fc_southampton-fc/index/spielbericht/3050482
[3194949] Failed to build match row: Футбольный клуб "Локомотив" Москва vs FC Rubin Kazan
[2681467] Failed to build match row: Partick Thistle FC vs Inverness Caledonian Thistle FC

Keepers & outfield error for **Sporting Clube de Braga** in Sporting Clube de Braga vs Moreirense Futebol Clube: Numbers: 2 and 9.
[2720878] Failed to build match row: Sporting Clube de Braga vs Moreirense Futebol Clube

Keepers & outfield error for **SPAL** in SPAL vs Parma Calcio 1913: Numbers: 0 and 11.
[3229234] Failed to build match row: SPAL vs Parma Calcio 1913
[2330891] Failed to scrape lineup: https://www.transfermarkt.co.uk/sc-bastia_ogc-nice/index/spielbericht/2330891
[2589095] Could not find attributes for wout brama (Prins Hendrik Ende Desespereert Nimmer Combinatie Zwolle, 2015)
[2704695] Failed to scrape lineup: https://www.transfermarkt.co.uk/bayer-04-leverkusen_1-fc-koln/index/spielbericht/2704695
[2498085] Could not find attributes for ross tokely (Brora Rangers FC, 2014)
[2846715] Could not find attributes for domagoj vida (Futbolniy Klub Dynamo Kyiv, 2016)
[2846715] Failed to build match row: Futbolniy Klub Dynamo Kyiv vs FC Oleksandriya
[2498085] Failed to build match row: Brora Rangers FC vs Banks O' Dee FC
[2589095] Failed to build match row: Prins Hendrik Ende Desespereert Nimmer Combinatie Zwolle vs Feyenoord Rotterdam
[2335032] Failed to build match row: Ross County FC vs Inverness Caledonian Thistle FC
[2700359] Could not find attributes for andras fejes (Videoton FC, 2016)
[3219323] Could not find attributes for danny ings (Southampton FC, 2019)
[2700359] Failed to build match row: Videoton FC vs Zaria Balti
[3219323] Failed to build match row: Southampton FC vs Norwich City
[3050483] Failed to scrape lineup: https://www.transfermarkt.co.uk/west-ham-united_huddersfield-town/index/spielbericht/3050483
[3076778] Could not find attributes for vladan giljen (FK Sutjeska Niksic, 2018)

Keepers & outfield error for **UD Almería** in UD Almería vs Granada CF: Numbers: 0 and 11.
[2341068] Failed to build match row: UD Almería vs Granada CF
[3076778] Failed to build match row: FK Sutjeska Niksic vs Alashkert Yerevan FC
[3205078] Could not find attributes for deividas mikelionis (FK Kauno Zalgiris, 2019)
[3205078] Failed to build match row: FK Kauno Zalgiris vs Apollon Limassol
[2888464] Could not find attributes for maksym koval (Futbolniy Klub Dynamo Kyiv, 2017)
[2888464] Failed to build match row: Futbolniy Klub Dynamo Kyiv vs FC Oleksandriya
[3097961] Failed to scrape lineup: https://www.transfermarkt.co.uk/spielbericht/index/spielbericht/3097961
[2469441] Could not find attributes for pierre neurath bengtsson (Football Club København, 2014)
[2681468] Could not find attributes for alex schalk (Ross County FC, 2015)
[2618636] Could not find attributes for jeremy taravel (GNK Dinamo Zagreb, 2015)
[3063713] Could not find attributes for mikkel wohlgemuth (Vendsyssel FF, 2018)
[2681468] Failed to build match row: Ross County FC vs St. Johnstone FC
[2618636] Failed to build match row: GNK Dinamo Zagreb vs FC Bayern München
[2469441] Failed to build match row: FC Vestsjaelland vs Football Club København
[2477182] Could not find attributes for mykyta shevchenko (FC Zorya Lugansk, 2014)

Keepers & outfield error for **Manchester United Football Club** in Hull City vs Manchester United Football Club: Numbers: 0 and 11.
[3063713] Failed to build match row: Brøndby Idrætsforening vs Vendsyssel FF
[2477182] Failed to build match row: FC Zorya Lugansk vs Metalist Kharkiv (- 2016)
[2486844] Failed to build match row: Hull City vs Manchester United Football Club
[2720879] Could not find attributes for ponck (GD Chaves, 2016)
[2720879] Failed to build match row: GD Chaves vs Grupo Desportivo Estoril Praia
spur Football Club vs Associazione Calcio Fiorentina: Numbers: 2 and 9.
[2517542] Failed to build match row: Tottenham Hotspur Football Club vs Associazione Calcio Fiorentina
[2764970] Could not find attributes for kerr young (Bonnyrigg Rose FC, 2016)
[2764970] Failed to build match row: Bonnyrigg Rose FC vs Cove Rangers FC
[3081135] Could not find attributes for darijo srna (Cagliari Calcio, 2018)
[3081135] Failed to build match row: Juventus Football Club vs Cagliari Calcio

Keepers & outfield error for **UC Sampdoria** in Associazione Sportiva Roma vs UC Sampdoria: Numbers: 0 and 11.
[2359442] Failed to build match row: Associazione Sportiva Roma vs UC Sampdoria
[3219324] Could not find attributes for federico fernandez (Newcastle United Football Club, 2019)
[3219324] Failed to build match row: Newcastle United Football Club vs Southampton FC
[3194950] Could not find attributes for evgeniy gorodov (RFK Akhmat Grozny, 2019)
[3194950] Failed to build match row: RFK Akhmat Grozny vs FK Krasnodar
[2704696] Could not find attributes for vasilije janjicic (Hamburger Sport Verein, 2016)
[2704696] Failed to build match row: FC Schalke 04 vs Hamburger Sport Verein
Not enough players found for lineup: 11, 0.
[3076779] Failed to scrape lineup: https://www.transfermarkt.co.uk/spielbericht/index/spielbericht/3076779
[2359443] Failed to scrape lineup: https://www.transfermarkt.co.uk/hellas-verona_torino-fc/index/spielbericht/2359443
[2765480] Failed to scrape lineup: https://www.transfermarkt.co.uk/spielbericht/index/spielbericht/2765480
[2459675] Could not find attributes for gino coutinho (Excelsior Rotterdam, 2014)
[2459675] Failed to build match row: Excelsior Rotterdam vs Football Club Twente

Keepers & outfield error for **Association sportive de Monaco Football Club** in Association sportive de Monaco Football Club vs Thonon Évian Grand Genève FC: Numbers: 2 and 9.
[2330892] Failed to build match row: Association sportive de Monaco Football Club vs Thonon Évian Grand Genève FC
[2469442] Failed to scrape lineup: https://www.transfermarkt.co.uk/odense-boldklub_aalborg-bk/index/spielbericht/2469442
[2846716] Failed to scrape lineup: https://www.transfermarkt.co.uk/pfk-stal-kamyanske-2018-_karpaty-lviv/index/spielbericht/2846716
[2906850] Could not find attributes for jakov filipovic (KSC Lokeren (- 2020), 2017)
[2906850] Failed to build match row: KSC Lokeren (- 2020) vs KAS Eupen
[3205079] Could not find attributes for dalibor kozic (FK Radnik Bijeljina, 2019)
[3205079] Failed to build match row: FK Radnik Bijeljina vs Spartak Trnava
[3016405] Could not find attributes for nemanja tubic (SKA Khabarovsk, 2017)
[3016405] Failed to build match row: RFK Akhmat Grozny vs SKA Khabarovsk
[2321253] Could not find attributes for ondrej petrak (1.FC Nuremberg, 2013)
[2598533] Could not find attributes for oleksandr shovkovskyi (Futbolniy Klub Dynamo Kyiv, 2015)
[2321253] Failed to build match row: Borussia Dortmund vs 1.FC Nuremberg
[2581692] Could not find attributes for daniel schwaab (Verein für Bewegungsspiele Stuttgart 1893, 2015)
[2598533] Failed to build match row: Futbolniy Klub Dynamo Kyiv vs FC Oleksandriya
[2888465] Could not find attributes for german penkov (PFK Stal Kamyanske (-2018), 2017)
[2581692] Failed to build match row: Bayer 04 Leverkusen Fußball vs Verein für Bewegungsspiele Stuttgart 1893
[2888465] Failed to build match row: PFK Stal Kamyanske (-2018) vs FK Mariupol
[2560965] Could not find attributes for farkhod vasiev (FC Orenburg, 2014)
[2636395] Could not find attributes for Pintassilgo (Futebol Clube de Arouca, 2015)

Keepers & outfield error for **Olympiakos Syndesmos Filathlon Peiraios** in Olympiakos Syndesmos Filathlon Peiraios vs Arsenal Football Club: Numbers: 0 and 11.
[2560965] Failed to build match row: FC Orenburg vs Футбольный клуб "Локомотив" Москва
[2636395] Failed to build match row: Futebol Clube de Arouca vs FC Paços de Ferreira
[2704697] Could not find attributes for fabian frei (1. Fußball- und Sportverein Mainz 05, 2016)
[3063715] Could not find attributes for melker hallberg (Vejle Boldklub, 2018)

Keepers & outfield error for **AO FK Zenit Sankt-Peterburg** in AO FK Zenit Sankt-Peterburg vs Maccabi Tel Aviv: Numbers: 2 and 9.
[3286262] Could not find attributes for xabier etxebarria (SD Leioa, 2019)
[2618637] Failed to build match row: Olympiakos Syndesmos Filathlon Peiraios vs Arsenal Football Club
[2589096] Could not find attributes for henrico drost (Excelsior Rotterdam, 2015)
[3063715] Failed to build match row: Randers Fodbold Club vs Vejle Boldklub

[2704697] Failed to build match row: 1. Fußball- und Sportverein Mainz 05 vs Eintracht Frankfurt Fußball AG
[2765889] Failed to build match row: AO FK Zenit Sankt-Peterburg vs Maccabi Tel Aviv
[2498086] Failed to build match row: Cove Rangers FC vs Annan Athletic FC
[3286262] Failed to build match row: FC Cartagena vs SD Leioa
[2589096] Failed to build match row: Excelsior Rotterdam vs ADO Den Haag
[2359444] Could not find attributes for giovanni marchese (Genoa Cricket and Football Club, 2013)
[2486845] Could not find attributes for kasper schmeichel (Leicester City, 2014)

Keepers & outfield error for **Vitória Sport Clube** in Futebol Clube do Porto vs Vitória Sport Clube: Numbers: 0 and 11.

Keepers & outfield error for **SPAL** in Società Sportiva Lazio S.p.A. vs SPAL: Numbers: 2 and 9.
[2609355] Could not find attributes for kuca (CF Os Belenenses, 2015)

Keepers & outfield error for **Elche Club de Fútbol S.A.D.** in Elche Club de Fútbol S.A.D. vs Sevilla Fútbol Club S.A.D.: Numbers: 0 and 11.
[2486845] Failed to build match row: Leicester City vs Queens Park Rangers
[2372267] Failed to build match row: Futebol Clube do Porto vs Vitória Sport Clube
[2609355] Failed to build match row: CF Os Belenenses vs Moreirense Futebol Clube
[2359444] Failed to build match row: Genoa Cricket and Football Club vs Udinese Calcio
[2846717] Could not find attributes for yevgen past (Zirka Kropyvnytskyi, 2016)
[3081136] Failed to build match row: Società Sportiva Lazio S.p.A. vs SPAL
[2346082] Could not find attributes for ali turan (Konyaspor, 2013)
[2341070] Failed to build match row: Elche Club de Fútbol S.A.D. vs Sevilla Fútbol Club S.A.D.
[2846717] Failed to build match row: Zirka Kropyvnytskyi vs Dnipro Dnipropetrovsk (-2020)
[2346082] Failed to build match row: Konyaspor vs Bursaspor
[3205080] Could not find attributes for andrey klimovich (Shakhter Soligorsk, 2019)
[2598534] Could not find attributes for sergiy pogorilyi (Metalist Kharkiv (- 2016), 2015)
[3205080] Failed to build match row: Shakhter Soligorsk vs Hibernians FC
[2598534] Failed to build match row: Metalist Kharkiv (- 2016) vs FC Shakhtar Donetsk
[3076780] Could not find attributes for vladimir plotnikov (Kairat Almaty, 2018)

Keepers & outfield error for **SPAL** in Cagliari Calcio vs SPAL: Numbers: 0 and 11.
[3076780] Failed to build match row: Kairat Almaty vs Alkmaar Zaanstreek
[3229237] Failed to build match row: Cagliari Calcio vs SPAL
Not enough players found for lineup: 0, 0.
[2888480] Failed to scrape lineup: https://www.transfermarkt.co.uk/spielbericht/index/spielbericht/2888480
[3394647] Could not find attributes for kiki kouyate (Football Club de Metz, 2020)
[3394647] Failed to build match row: Nîmes Olympique vs Football Club de Metz

Keepers & outfield error for **Vitória Setúbal FC** in Vitória Setúbal FC vs Clube Desportivo de Tondela: Numbers: 0 and 11.

Keepers & outfield error for **Moreirense Futebol Clube** in Moreirense Futebol Clube vs Sport Lisboa e Benfica: Numbers: 0 and 11.
[2720881] Failed to build match row: Vitória Setúbal FC vs Clube Desportivo de Tondela
[2636396] Failed to build match row: Moreirense Futebol Clube vs Sport Lisboa e Benfica
[2618638] Could not find attributes for oleksandr shovkovskyi (Futbolniy Klub Dynamo Kyiv, 2015)
[2618638] Failed to build match row: Futbolniy Klub Dynamo Kyiv vs Maccabi Tel Aviv
[2681469] Could not find attributes for eiji kawashima (Dundee United Football Club, 2015)
[2681469] Failed to build match row: Dundee Football Club vs Dundee United Football Club
[3252222] Could not find attributes for luka ivanusec (GNK Dinamo Zagreb, 2019)
[3050486] Could not find attributes for glenn murray (Brighton and Hove Albion Football Club, 2018)
[3252222] Failed to build match row: Atalanta Bergamasca Calcio S.p.a. vs GNK Dinamo Zagreb
[3050486] Failed to build match row: Brighton and Hove Albion Football Club vs Southampton FC
[2765890] Could not find attributes for dmytro bezotosnyi (FK Qabala, 2016)
[2765890] Failed to build match row: FK Qabala vs Royal Sporting Club Anderlecht
[2609356] Could not find attributes for ricardo ferreira (Sporting Clube de Braga, 2015)
[2609356] Failed to build match row: Sporting Clube de Braga vs CS Marítimo
[3076781] Could not find attributes for vladimir plotnikov (Kairat Almaty, 2018)
[3076781] Failed to build match row: Alkmaar Zaanstreek vs Kairat Almaty
[3194951] Could not find attributes for mikhail levashov (Arsenal Tula, 2019)
[3194951] Failed to build match row: Arsenal Tula vs FK Dinamo Moskva

Keepers & outfield error for **Clube Desportivo Nacional** in Clube Desportivo Nacional vs Boavista FC: Numbers: 0 and 11.
[2720882] Failed to build match row: Clube Desportivo Nacional vs Boavista FC

Keepers & outfield error for **Futebol Clube de Arouca** in Futebol Clube de Arouca vs Sporting Clube de Portugal: Numbers: 2 and 9.
[2636397] Failed to build match row: Futebol Clube de Arouca vs Sporting Clube de Portugal
[2498087] Could not find attributes for shane sutherland (Elgin City FC, 2014)
[2498087] Failed to build match row: Elgin City FC vs Forres Mechanics FC
[2346083] Could not find attributes for ertugrul taskiran (Kayserispor Kulübü, 2013)
[2346083] Failed to build match row: Kayserispor Kulübü vs Galatasaray Spor Kulübü
[2477580] Could not find attributes for ingvar jonsson (Stjarnan Gardabaer, 2014)
[2598535] Could not find attributes for tymofiy sheremeta (Metalurg Zaporizhya (-2016), 2015)
[2477580] Failed to build match row: KKS Lech Poznań Spółka Akcyjna vs Stjarnan Gardabaer
[3394648] Could not find attributes for yuto nagatomo (Olympique de Marseille, 2020)
[2598535] Failed to build match row: Metalurg Zaporizhya (-2016) vs Dnipro Dnipropetrovsk (-2020)

Keepers & outfield error for **Trabzonspor Kulübü** in Società Sportiva Calcio Napoli vs Trabzonspor Kulübü: Numbers: 0 and 11.
[3394648] Failed to build match row: Olympique de Marseille vs Racing Club de Lens
[2888481] Could not find attributes for anton yashkov (FK Kolos Kovalivka, 2017)
[2517544] Failed to build match row: Società Sportiva Calcio Napoli vs Trabzonspor Kulübü
[2735576] Could not find attributes for firmin mubele (Rennes, 2016)
[2888481] Failed to build match row: FK Kolos Kovalivka vs Cherkaskyi Dnipro

Keepers & outfield error for **Chelsea Football Club** in Chelsea Football Club vs Futebol Clube do Porto: Numbers: 2 and 9.
[2735576] Failed to build match row: Toulouse Football Club vs Rennes
[3081137] Could not find attributes for luca antonelli (FC Empoli, 2018)
[2700360] Could not find attributes for gianluca vivan (La Fiorita 1967, 2016)

Keepers & outfield error for **Real Betis Balompié S.A.D.** in Real Madrid Club de Fútbol vs Real Betis Balompié S.A.D.: Numbers: 2 and 9.
[2618639] Failed to build match row: Chelsea Football Club vs Futebol Clube do Porto
[2700360] Failed to build match row: La Fiorita 1967 vs Debreceni VSC
[3081137] Failed to build match row: Società Sportiva Calcio Napoli vs FC Empoli
[3194952] Could not find attributes for sergey ryzhikov (PFK Krylya Sovetov Samara, 2019)
[2899591] Failed to build match row: Real Madrid Club de Fútbol vs Real Betis Balompié S.A.D.
[3194952] Failed to build match row: PFK Krylya Sovetov Samara vs PFK CSKA Moskva

Keepers & outfield error for **Bologna Football Club 1909** in Bologna Football Club 1909 vs Associazione Calcio Milan: Numbers: 0 and 11.
[2681470] Could not find attributes for eiji kawashima (Dundee United Football Club, 2015)
[2726644] Failed to build match row: Bologna Football Club 1909 vs Associazione Calcio Milan
[2681470] Failed to build match row: Inverness Caledonian Thistle FC vs Dundee United Football Club
[3063717] Could not find attributes for zeca (Football Club København, 2018)
[3063717] Failed to build match row: Sønderjyske Fodbold vs Football Club København
[2459678] Could not find attributes for karim el ahmadi (Feyenoord Rotterdam, 2014)
[2846718] Could not find attributes for vitaliy nedilko (Volyn Lutsk, 2016)
[2459678] Failed to build match row: Feyenoord Rotterdam vs Prins Hendrik Ende Desespereert Nimmer Combinatie Zwolle
[2846718] Failed to build match row: Volyn Lutsk vs Vorskla Poltava
[3126559] Could not find attributes for liam daly (Solihull Moors, 2018)
[3394649] Failed to scrape lineup: https://www.transfermarkt.co.uk/losc-lille_olympique-lyon/index/spielbericht/3394649
[3126559] Failed to build match row: Solihull Moors vs Blackpool FC
[2589098] Could not find attributes for wout brama (Prins Hendrik Ende Desespereert Nimmer Combinatie Zwolle, 2015)
[2589098] Failed to build match row: ADO Den Haag vs Prins Hendrik Ende Desespereert Nimmer Combinatie Zwolle

Keepers & outfield error for **Wolverhampton Wanderers Football Club** in Brighton and Hove Albion Football Club vs Wolverhampton Wanderers Football Club: Numbers: 0 and 11.
[3219327] Failed to build match row: Brighton and Hove Albion Football Club vs Wolverhampton Wanderers Football Club
[2372922] Could not find attributes for darren hill (Forfar Athletic FC, 2013)

Keepers & outfield error for **Club Atlético Osasuna** in Club Atlético Osasuna vs Espanol: Numbers: 0 and 11.
[2372922] Failed to build match row: Forfar Athletic FC vs East Fife FC
[2341072] Failed to build match row: Club Atlético Osasuna vs Espanol
[2700361] Failed to scrape lineup: https://www.transfermarkt.co.uk/spielbericht/index/spielbericht/2700361
[2598536] Could not find attributes for yevgen borovyk (Chornomorets Odesa, 2015)
[2598536] Failed to build match row: Chornomorets Odesa vs Volyn Lutsk
[2346084] Could not find attributes for oguz daglaroglu (Akhisarspor, 2013)
[2346084] Failed to build match row: Akhisarspor vs Beşiktaş Jimnastik Kulübü
[3205081] Could not find attributes for daniil avdyushkin (CSF Speranta Nisporeni (- 2021), 2019)
[3205081] Failed to build match row: CSF Speranta Nisporeni (- 2021) vs Neftchi Baku
[2765891] Could not find attributes for abzal beysebekov (FC Astana, 2016)
[3194953] Could not find attributes for yaroslav godzyur (Ural Yekaterinburg, 2019)
[2735577] Could not find attributes for yannis salibur (EA Guingamp, 2016)
[2765891] Failed to build match row: FC Astana vs APOEL Nicosia
[3194953] Failed to build match row: Ural Yekaterinburg vs FK Ufa
[2735577] Failed to build match row: Angers Sporting Club de l'Ouest vs EA Guingamp
[2704700] Could not find attributes for felix wiedwald (Sportverein Werder Bremen von 1899, 2016)

Keepers & outfield error for **FC Paços de Ferreira** in FC Paços de Ferreira vs Desportivo Aves (- 2020): Numbers: 2 and 9.
[2498088] Could not find attributes for darren mcglashan (Whitehill Welfare FC, 2014)
[2704700] Failed to build match row: Sportverein Werder Bremen von 1899 vs Turn- und Sportgemeinschaft 1899 Hoffenheim Fußball-Spielbetriebs
[2517545] Could not find attributes for jose sosa (Beşiktaş Jimnastik Kulübü, 2014)
[3211422] Failed to build match row: FC Paços de Ferreira vs Desportivo Aves (- 2020)
[2517545] Failed to build match row: Beşiktaş Jimnastik Kulübü vs Liverpool Football Club
[2498088] Failed to build match row: Whitehill Welfare FC vs East Stirlingshire FC

Keepers & outfield error for **Association Football Club Bournemouth** in Association Football Club Bournemouth vs Manchester City Football Club: Numbers: 2 and 9.
[2872135] Failed to build match row: Association Football Club Bournemouth vs Manchester City Football Club

Keepers & outfield error for **Parma Calcio 1913** in Parma Calcio 1913 vs Frosinone Calcio: Numbers: 2 and 9.
[2477952] Could not find attributes for dmitriy nepogodov (Vorskla Poltava, 2014)
[3097963] Could not find attributes for lasse schone (AFC Ajax Amsterdam, 2018)
[2846744] Could not find attributes for gregor balazic (Ural Yekaterinburg, 2016)
[3081138] Failed to build match row: Parma Calcio 1913 vs Frosinone Calcio
[3097963] Failed to build match row: AFC Ajax Amsterdam vs Athlitiki Enosi Konstantinoupoleos
[2846744] Failed to build match row: Ural Yekaterinburg vs Футбольный клуб "Локомотив" Москва

Keepers & outfield error for **Cagliari Calcio** in Cagliari Calcio vs Unione Sportiva Sassuolo Calcio: Numbers: 0 and 11.
[2477952] Failed to build match row: Vorskla Poltava vs FC Shakhtar Donetsk
[2636398] Could not find attributes for ponck (FC Paços de Ferreira, 2015)

Keepers & outfield error for **Unione Sportiva Lecce** in Associazione Calcio Milan vs Unione Sportiva Lecce: Numbers: 0 and 11.
[2726645] Failed to build match row: Cagliari Calcio vs Unione Sportiva Sassuolo Calcio
Not enough players found for lineup: 0, 11.
[3229240] Failed to build match row: Associazione Calcio Milan vs Unione Sportiva Lecce
[2636398] Failed to build match row: FC Paços de Ferreira vs Portimonense SC
[2372923] Failed to scrape lineup: https://www.transfermarkt.co.uk/spielbericht/index/spielbericht/2372923

Keepers & outfield error for **Sport Lisboa e Benfica** in Futebol Clube do Porto vs Sport Lisboa e Benfica: Numbers: 0 and 11.
[2346085] Could not find attributes for yalcin ayhan (Kasımpaşa A.Ş., 2013)
[3126560] Could not find attributes for jerome binnom williams (Chesterfield FC, 2018)
[2609359] Failed to build match row: Futebol Clube do Porto vs Sport Lisboa e Benfica
[2346085] Failed to build match row: Kasımpaşa A.Ş. vs Trabzonspor Kulübü
Not enough players found for lineup: 0, 0.
[2882226] Could not find attributes for grega sorcan (ND Gorica, 2017)
[3126560] Failed to build match row: Chesterfield FC vs Grimsby Town
[2888482] Failed to scrape lineup: https://www.transfermarkt.co.uk/spielbericht/index/spielbericht/2888482

Keepers & outfield error for **Sevilla Fútbol Club S.A.D.** in Sevilla Fútbol Club S.A.D. vs UD Las Palmas: Numbers: 0 and 11.
[2882226] Failed to build match row: ND Gorica vs Panionios Athens
[2899593] Failed to build match row: Sevilla Fútbol Club S.A.D. vs UD Las Palmas
[2598537] Could not find attributes for roman mysak (Karpaty Lviv (-2021), 2015)
[2598537] Failed to build match row: Karpaty Lviv (-2021) vs FC Zorya Lugansk
[2700362] Could not find attributes for dmytro bezotosnyi (FK Qabala, 2016)

Keepers & outfield error for **Olympiakos Syndesmos Filathlon Peiraios** in Olympiakos Syndesmos Filathlon Peiraios vs AO Xanthi: Numbers: 0 and 11.
[2700362] Failed to build match row: FK Qabala vs FC Samtredia
[2561173] Failed to build match row: Olympiakos Syndesmos Filathlon Peiraios vs AO Xanthi
[2735578] Could not find attributes for younes belhanda (Olympique Gymnaste Club Nice Côte d'Azur, 2016)
[2735578] Failed to build match row: Football Club de Nantes vs Olympique Gymnaste Club Nice Côte d'Azur
[3286263] Could not find attributes for david goldar (Gimnàstic de Tarragona, 2019)
[3286263] Failed to build match row: Gimnàstic de Tarragona vs UE Olot
, 2016)
[3394651] Could not find attributes for saidou sow (AS Saint-Étienne, 2020)
[2618641] Could not find attributes for danijel milicevic (Koninklijke Atletiek Associatie Gent, 2015)
[2704701] Failed to build match row: SV Darmstadt 98 vs Hertha BSC
[2589099] Could not find attributes for ron vlaar (Alkmaar Zaanstreek, 2015)
[3194954] Could not find attributes for sergey pesjakov (FK Rostov, 2019)
[3394651] Failed to build match row: AS Saint-Étienne vs Montpellier HSC
[2618641] Failed to build match row: Koninklijke Atletiek Associatie Gent vs AO FK Zenit Sankt-Peterburg
[2765892] Could not find attributes for oleksiy shevchenko (FC Zorya Lugansk, 2016)
[2589099] Failed to build match row: Alkmaar Zaanstreek vs Football Club Groningen
[2765892] Failed to build match row: Fenerbahçe Spor Kulübü vs FC Zorya Lugansk
[3194954] Failed to build match row: FK Rostov vs FK Spartak Moskva
Not enough players found for lineup: 0, 0.
[2517594] Could not find attributes for denys boyko (Dnipro Dnipropetrovsk (-2020), 2014)
[3211423] Could not find attributes for kikas (B SAD, 2019)
[2517594] Failed to build match row: Olympiakos Syndesmos Filathlon Peiraios vs Dnipro Dnipropetrovsk (-2020)
[2498089] Failed to scrape lineup: https://www.transfermarkt.co.uk/spielbericht/index/spielbericht/2498089
[3211423] Failed to build match row: B SAD vs Rio Ave Futebol Clube
[2359447] Could not find attributes for tiberio guarente (Chievo Verona, 2013)
[2720884] Could not find attributes for kamran agayev (Boavista FC, 2016)
[2477953] Could not find attributes for vladimir disljenkovic (Metalist Kharkiv (- 2016), 2014)
[2359447] Failed to build match row: Chievo Verona vs Catania FC
[2720884] Failed to build match row: Boavista FC vs Vitória Setúbal FC
[2477953] Failed to build match row: Metalist Kharkiv (- 2016) vs Futbolniy Klub Dynamo Kyiv
[3081139] Could not find attributes for albin ekdal (UC Sampdoria, 2018)
Not enough players found for lineup: 0, 0.
[3081139] Failed to build match row: UC Sampdoria vs Torino Calcio

Keepers & outfield error for **Association sportive de Monaco Football Club** in Football Club de Nantes vs Association sportive de Monaco Football Club: Numbers: 2 and 9.
[2882227] Could not find attributes for roland juhasz (Videoton FC, 2017)

Keepers & outfield error for **Juventus Football Club** in FC Crotone vs Juventus Football Club: Numbers: 2 and 9.
[2906866] Could not find attributes for jakov filipovic (KSC Lokeren (- 2020), 2017)
[2482131] Failed to build match row: Football Club de Nantes vs Association sportive de Monaco Football Club
[2888483] Failed to scrape lineup: https://www.transfermarkt.co.uk/spielbericht/index/spielbericht/2888483
[2882227] Failed to build match row: Videoton FC vs Kalju FC
[2906866] Failed to build match row: Royal Sporting Club Anderlecht vs KSC Lokeren (- 2020)
[2726646] Failed to build match row: FC Crotone vs Juventus Football Club
[2598538] Could not find attributes for zauri makharadze (Olimpik Donetsk, 2015)
[2681472] Could not find attributes for alex schalk (Ross County FC, 2015)
[3205082] Could not find attributes for dusan cubrakovic (AP Brera, 2019)
[2598538] Failed to build match row: Olimpik Donetsk vs Goverla Uzhgorod (- 2016)
[2636399] Failed to build match row: Clube Desportivo Nacional vs Clube Oriental Lissabon

Keepers & outfield error for **Aston Villa Football Club** in Arsenal Football Club vs Aston Villa Football Club: Numbers: 0 and 11.
[2681472] Failed to build match row: Heart of Midlothian Football Club vs Ross County FC
[2561228] Failed to build match row: Arsenal Football Club vs Aston Villa Football Club
[3205082] Failed to build match row: AP Brera vs HSK Zrinjski Mostar
[2346086] Could not find attributes for korcan celikay (Sivasspor, 2013)

Keepers & outfield error for **Sport Lisboa e Benfica** in Sport Lisboa e Benfica vs FC Bayern München: Numbers: 2 and 9.
[2346086] Failed to build match row: Sivasspor vs Kayseri Erciyesspor
[3097964] Failed to build match row: Sport Lisboa e Benfica vs FC Bayern München
[2765893] Could not find attributes for ishak belfodil (Royal Standard Club de Liège, 2016)
[2847123] Could not find attributes for ryan dow (Ross County FC, 2016)
[2765893] Failed to build match row: Celta vs Royal Standard Club de Liège
[2847123] Failed to build match row: Ross County FC vs Inverness Caledonian Thistle FC
[2477954] Could not find attributes for artem kychak (Volyn Lutsk, 2014)
[2477954] Failed to build match row: Volyn Lutsk vs Dnipro Dnipropetrovsk (-2020)
Not enough players found for lineup: 0, 11.

Keepers & outfield error for **CS Marítimo** in Sporting Clube de Braga vs CS Marítimo: Numbers: 2 and 9.

Keepers & outfield error for **Associazione Calcio Fiorentina** in Parma Calcio 1913 vs Associazione Calcio Fiorentina: Numbers: 0 and 11.
[3194955] Could not find attributes for aleksandr dovbnya (FC Orenburg, 2019)
[2498090] Failed to scrape lineup: https://www.transfermarkt.co.uk/spielbericht/index/spielbericht/2498090

Keepers & outfield error for **Grupo Desportivo Estoril Praia** in Grupo Desportivo Estoril Praia vs CS Marítimo: Numbers: 0 and 11.
[3211424] Failed to build match row: Sporting Clube de Braga vs CS Marítimo
[3194955] Failed to build match row: PFK CSKA Moskva vs FC Orenburg
[2359448] Failed to build match row: Parma Calcio 1913 vs Associazione Calcio Fiorentina
[3076800] Could not find attributes for baikoro bakaramoko (Varzim SC, 2018)
[2720885] Failed to build match row: Grupo Desportivo Estoril Praia vs CS Marítimo
[3076800] Failed to build match row: Varzim SC vs CD Cova Piedade
[2459681] Could not find attributes for christian kum (Football Club Utrecht, 2014)

Keepers & outfield error for **Mönchengladbach** in Eintracht Braunschweig vs Mönchengladbach: Numbers: 2 and 9.
[2459681] Failed to build match row: Football Club Utrecht vs Vitesse Arnhem
[2321259] Failed to build match row: Eintracht Braunschweig vs Mönchengladbach
[2372924] Could not find attributes for raymond jellema (Elgin City FC, 2013)
Not enough players found for lineup: 0, 0.

Keepers & outfield error for **Vitória Setúbal FC** in Vitória Setúbal FC vs Vitória Sport Clube: Numbers: 0 and 11.
[2888484] Failed to scrape lineup: https://www.transfermarkt.co.uk/spielbericht/index/spielbericht/2888484
[2372924] Failed to build match row: Elgin City FC vs Dunfermline Athletic FC
[3286264] Could not find attributes for pablo iniguez (Hércules CF, 2019)
[3286264] Failed to build match row: Hércules CF vs Recreativo Huelva
[2598539] Could not find attributes for yuriy pankiv (PFK Stal Kamyanske (-2018), 2015)
[2346087] Could not find attributes for jerry akaminko (Eskisehirspor, 2013)
[2598539] Failed to build match row: PFK Stal Kamyanske (-2018) vs Vorskla Poltava
übü vs Molde Fotballklubb: Numbers: 0 and 11.
[2847124] Could not find attributes for myles beerman (Rangers Football Club, 2016)
[2346087] Failed to build match row: Eskisehirspor vs Çaykur Rizespor Kulübü
[2618721] Failed to build match row: Fenerbahçe Spor Kulübü vs Molde Fotballklubb
[2847124] Failed to build match row: Rangers Football Club vs The Celtic Football Club
[2700363] Could not find attributes for vlatko drobarov (FC Urartu Yerevan, 2016)
[3394652] Could not find attributes for karim aribi (Nîmes Olympique, 2020)
[3126561] Could not find attributes for karl henry (Bradford City, 2018)
[2700363] Failed to build match row: FC Urartu Yerevan vs Omonia Nicosia
[2765894] Could not find attributes for zeca (Panathinaikos Athlitikos Omilos, 2016)
[3394652] Failed to build match row: Nîmes Olympique vs Angers Sporting Club de l'Ouest
[3126561] Failed to build match row: Peterborough United vs Bradford City
[2486869] Could not find attributes for oleksandr shovkovskyi (Futbolniy Klub Dynamo Kyiv, 2014)
[3097965] Could not find attributes for havard nordtveit (Turn- und Sportgemeinschaft 1899 Hoffenheim Fußball-Spielbetriebs, 2018)
[2765894] Failed to build match row: AFC Ajax Amsterdam vs Panathinaikos Athlitikos Omilos
[2477955] Could not find attributes for yevgen borovyk (Metalurg Zaporizhya (-2016), 2014)
[2486869] Failed to build match row: Futbolniy Klub Dynamo Kyiv vs FK Mariupol

Keepers & outfield error for **Genoa Cricket and Football Club** in Parma Calcio 1913 vs Genoa Cricket and Football Club: Numbers: 0 and 11.
[2477955] Failed to build match row: Metalurg Zaporizhya (-2016) vs Goverla Uzhgorod (- 2016)
[3097965] Failed to build match row: FC Shakhtar Donetsk vs Turn- und Sportgemeinschaft 1899 Hoffenheim Fußball-Spielbetriebs
[2517607] Could not find attributes for christos gromitsaris (APO Fostiras, 2014)
[3016406] Could not find attributes for igor konovalov (FC Rubin Kazan, 2017)
[3229242] Failed to build match row: Parma Calcio 1913 vs Genoa Cricket and Football Club
Not enough players found for lineup: 0, 11.
[2561320] Could not find attributes for eggert gunnthor jonsson (FC Vestsjaelland, 2014)
[3016406] Failed to build match row: Ural Yekaterinburg vs FC Rubin Kazan
[2517607] Failed to build match row: APO Fostiras vs Olympiakos Syndesmos Filathlon Peiraios
[2561320] Failed to build match row: FC Vestsjaelland vs Football Club København
[2498091] Failed to scrape lineup: https://www.transfermarkt.co.uk/spielbericht/index/spielbericht/2498091

Keepers & outfield error for **Società Sportiva Calcio Napoli** in Società Sportiva Calcio Napoli vs Genoa Cricket and Football Club: Numbers: 2 and 9.
[2359449] Failed to build match row: Società Sportiva Calcio Napoli vs Genoa Cricket and Football Club
[2469449] Could not find attributes for pierre neurath bengtsson (Football Club København, 2014)
[2469449] Failed to build match row: Football Club København vs Hobro IK

Keepers & outfield error for **Aarhus Gymnastik Forening** in Aarhus Gymnastik Forening vs Esbjerg fB: Numbers: 0 and 11.
[3050492] Could not find attributes for moussa sissoko (Tottenham Hotspur Football Club, 2018)
[3063726] Failed to build match row: Aarhus Gymnastik Forening vs Esbjerg fB
[3050492] Failed to build match row: Liverpool Football Club vs Tottenham Hotspur Football Club
[2882228] Could not find attributes for beitir olafsson (KR Reykjavík, 2017)

Keepers & outfield error for **Valencia Club de Fútbol S. A. D.** in Valencia Club de Fútbol S. A. D. vs Málaga CF: Numbers: 0 and 11.
[2321260] Could not find attributes for alexander madlung (Eintracht Frankfurt Fußball AG, 2013)
[2899596] Failed to build match row: Valencia Club de Fútbol S. A. D. vs Málaga CF
[2882228] Failed to build match row: KR Reykjavík vs Maccabi Tel Aviv
[2321260] Failed to build match row: Eintracht Frankfurt Fußball AG vs Verein für Bewegungsspiele Stuttgart 1893

Keepers & outfield error for **Wolverhampton Wanderers Football Club** in Wolverhampton Wanderers Football Club vs Sheffield United: Numbers: 0 and 11.
[3219332] Failed to build match row: Wolverhampton Wanderers Football Club vs Sheffield United
[2681473] Could not find attributes for miles addison (Kilmarnock Football Club, 2015)

Keepers & outfield error for **Sporting Clube de Portugal** in Sporting Clube de Portugal vs Clube Desportivo Nacional: Numbers: 0 and 11.
[2681473] Failed to build match row: Kilmarnock Football Club vs Partick Thistle FC
[2609362] Failed to build match row: Sporting Clube de Portugal vs Clube Desportivo Nacional
[2889046] Could not find attributes for denis dolgiy (Pskov-747 (-2020), 2017)
[2889046] Failed to build match row: Pskov-747 (-2020) vs Zvezda St. Petersburg
[2618722] Could not find attributes for jozo simunovic (The Celtic Football Club, 2015)
[2618722] Failed to build match row: AFC Ajax Amsterdam vs The Celtic Football Club
[2598540] Could not find attributes for maksim startsev (Metalurg Zaporizhya (-2016), 2015)
[2598540] Failed to build match row: Metalurg Zaporizhya (-2016) vs Metalist Kharkiv (- 2016)
[2346088] Could not find attributes for hakan arikan (Antalyaspor, 2013)
[2346088] Failed to build match row: Antalyaspor vs Kayserispor Kulübü
Not enough players found for lineup: 0, 11.
[3205083] Could not find attributes for beitir olafsson (KR Reykjavík, 2019)
[3205083] Failed to build match row: Molde Fotballklubb vs KR Reykjavík
Not enough players found for lineup: 0, 0.
Not enough players found for lineup: 11, 0.
[2487324] Failed to scrape lineup: https://www.transfermarkt.co.uk/spielbericht/index/spielbericht/2487324
[3211426] Could not find attributes for rafa silva (Sport Lisboa e Benfica, 2019)
[2720887] Could not find attributes for jorginho (Futebol Clube de Arouca, 2016)
[3211426] Failed to build match row: Moreirense Futebol Clube vs Sport Lisboa e Benfica
[2517608] Failed to scrape lineup: https://www.transfermarkt.co.uk/spielbericht/index/spielbericht/2517608
[2720887] Failed to build match row: Clube Desportivo de Tondela vs Futebol Clube de Arouca
[2372925] Failed to scrape lineup: https://www.transfermarkt.co.uk/spielbericht/index/spielbericht/2372925

Keepers & outfield error for **Olympique Lyonnais** in Manchester City Football Club vs Olympique Lyonnais: Numbers: 2 and 9.
[2459683] Could not find attributes for gino coutinho (Excelsior Rotterdam, 2014)
[3097966] Failed to build match row: Manchester City Football Club vs Olympique Lyonnais
[2459683] Failed to build match row: Alkmaar Zaanstreek vs Excelsior Rotterdam
[2359450] Could not find attributes for leandro rinaudo (US Livorno 1915, 2013)
[2359450] Failed to build match row: US Livorno 1915 vs Verona Hellas Football Club

Keepers & outfield error for **UD Almería** in UD Almería vs Elche Club de Fútbol S.A.D.: Numbers: 0 and 11.
[3050493] Could not find attributes for etienne capoue (Watford FC, 2018)
[2589103] Could not find attributes for kosuke ota (Vitesse Arnhem, 2015)
[2341077] Failed to build match row: UD Almería vs Elche Club de Fútbol S.A.D.
[3050493] Failed to build match row: Manchester United Football Club vs Watford FC
[2589103] Failed to build match row: De Graafschap Doetinchem vs Vitesse Arnhem
[2346089] Could not find attributes for zydrunas karcemarskas (Gaziantepspor (- 2020), 2013)

Keepers & outfield error for **Deportivo de La Coruña** in Deportivo de La Coruña vs Alaves: Numbers: 2 and 9.
[2735582] Could not find attributes for lukas pokorny (Montpellier HSC, 2016)
[2882229] Could not find attributes for roman mysak (Karpaty Lviv (-2021), 2017)
[2346089] Failed to build match row: Gaziantepspor (- 2020) vs Sivasspor
[2899597] Failed to build match row: Deportivo de La Coruña vs Alaves
[2735582] Failed to build match row: Montpellier HSC vs Toulouse Football Club
[2882229] Failed to build match row: Karpaty Lviv (-2021) vs Zirka Kropyvnytskyi
[2598541] Could not find attributes for denys boyko (Dnipro Dnipropetrovsk (-2020), 2015)
[2598541] Failed to build match row: Dnipro Dnipropetrovsk (-2020) vs FC Zorya Lugansk
[2726649] Could not find attributes for albano bizzarri (Delfino Pescara 1936, 2016)
[2726649] Failed to build match row: Palermo FC vs Delfino Pescara 1936
[2889047] Could not find attributes for artem moskvin (KamAZ Naberezhnye Chelny, 2017)
[3194956] Could not find attributes for roman evgenjev (FK Dinamo Moskva, 2019)
[2889047] Failed to build match row: KamAZ Naberezhnye Chelny vs Volga Uljanovsk
[3194956] Failed to build match row: FK Dinamo Moskva vs FC Rubin Kazan
[2477956] Could not find attributes for igor lytovka (Olimpik Donetsk, 2014)
[2477956] Failed to build match row: Olimpik Donetsk vs FC Zorya Lugansk

Keepers & outfield error for **KAS Eupen** in SK Beveren vs KAS Eupen: Numbers: 2 and 9.
[2906869] Failed to build match row: SK Beveren vs KAS Eupen
[3126562] Could not find attributes for jack cook (Woking FC, 2018)
[3126562] Failed to build match row: Swindon Town vs Woking FC
[2498092] Could not find attributes for creag robertson (University of Stirling FC, 2014)
[2498092] Failed to build match row: University of Stirling FC vs Albion Rovers FC
[2636400] Could not find attributes for dele alampasu (CD Feirense, 2015)
[2636400] Failed to build match row: CD Feirense vs Futebol Clube do Porto
[2517609] Could not find attributes for Fotis Koutzavasilis (AOK Kerkyra, 2014)
[2517609] Failed to build match row: AOK Kerkyra vs Panthessalonikios Athlitikos Omilos Konstantinoupoliton
[2704705] Could not find attributes for felix wiedwald (Sportverein Werder Bremen von 1899, 2016)
[2704705] Failed to build match row: Borussia Dortmund vs Sportverein Werder Bremen von 1899
[3252230] Could not find attributes for mikhail kerzhakov (AO FK Zenit Sankt-Peterburg, 2019)
[3252230] Failed to build match row: AO FK Zenit Sankt-Peterburg vs Olympique Lyonnais
[3229243] Could not find attributes for andrea bertolacci (UC Sampdoria, 2019)
[3229243] Failed to build match row: UC Sampdoria vs Associazione Sportiva Roma

Keepers & outfield error for **Moreirense Futebol Clube** in Moreirense Futebol Clube vs CF Os Belenenses: Numbers: 2 and 9.
[2720888] Failed to build match row: Moreirense Futebol Clube vs CF Os Belenenses
[3076801] Could not find attributes for bruninho (CD Mafra, 2018)
Not enough players found for lineup: 11, 0.
[3076801] Failed to build match row: CD Mafra vs SC Covilhã
[2372926] Failed to scrape lineup: https://www.transfermarkt.co.uk/spielbericht/index/spielbericht/2372926

Keepers & outfield error for **UC Sampdoria** in UC Sampdoria vs Associazione Calcio Milan: Numbers: 0 and 11.
[2359451] Failed to build match row: UC Sampdoria vs Associazione Calcio Milan

Keepers & outfield error for **Futebol Clube do Porto** in Futebol Clube do Porto vs Clube Desportivo Santa Clara: Numbers: 2 and 9.
[3211427] Failed to build match row: Futebol Clube do Porto vs Clube Desportivo Santa Clara
[3063728] Could not find attributes for zeca (Football Club København, 2018)

Keepers & outfield error for **Everton Football Club** in West Ham United Football Club vs Everton Football Club: Numbers: 2 and 9.
[3063728] Failed to build match row: Football Club København vs Odense Boldklub
[3050494] Failed to build match row: West Ham United Football Club vs Everton Football Club

Keepers & outfield error for **Sport Lisboa e Benfica** in CS Marítimo vs Sport Lisboa e Benfica: Numbers: 2 and 9.
[2561805] Failed to build match row: CS Marítimo vs Sport Lisboa e Benfica
[2700364] Could not find attributes for gheorghe anton (FC Zimbru Chisinau, 2016)
[2700364] Failed to build match row: FC Zimbru Chisinau vs Chikhura Sachkhere
[2765896] Could not find attributes for danijel milicevic (Koninklijke Atletiek Associatie Gent, 2016)
[2765896] Failed to build match row: Koninklijke Atletiek Associatie Gent vs Sporting Clube de Braga
[3126563] Could not find attributes for alex finney (Maidstone United, 2018)
[3126563] Failed to build match row: Maidstone United vs Oldham Athletic
[2346090] Could not find attributes for serdar aziz (Bursaspor, 2013)
[2346090] Failed to build match row: Bursaspor vs Fenerbahçe Spor Kulübü
[3194957] Could not find attributes for giorgiy shelia (PFK Tambov (-2021), 2019)
[3194957] Failed to build match row: Футбольный клуб "Локомотив" Москва vs PFK Tambov (-2021)
[2735583] Could not find attributes for younes belhanda (Olympique Gymnaste Club Nice Côte d'Azur, 2016)
[3081143] Could not find attributes for luca antonelli (FC Empoli, 2018)
[2735583] Failed to build match row: Olympique Gymnaste Club Nice Côte d'Azur vs FC Girondins Bordeaux
[3081143] Failed to build match row: FC Empoli vs Udinese Calcio
[2882230] Could not find attributes for rustam khudzhamov (FK Mariupol, 2017)
[2882230] Failed to build match row: FK Mariupol vs NK Veres Rivne
[2459684] Could not find attributes for jesse van bezooijen (Nooit Opgeven Altijd Doorzetten Aangenaam Door Vermaak En Nuttig Door Ontspanning Combinatie Breda, 2014)
[2459684] Failed to build match row: Football Club Groningen vs Nooit Opgeven Altijd Doorzetten Aangenaam Door Vermaak En Nuttig Door Ontspanning Combinatie Breda
[2477957] Could not find attributes for oleksandr ilyushchenkov (Karpaty Lviv (-2021), 2014)
[3205084] Could not find attributes for juuso hamalainen (FC Inter Turku, 2019)
[2477957] Failed to build match row: Karpaty Lviv (-2021) vs Metalurg Donetsk (- 2015)

Keepers & outfield error for **Mönchengladbach** in Mönchengladbach vs Fußball-Club Augsburg 1907: Numbers: 2 and 9.
[3205084] Failed to build match row: Brøndby Idrætsforening vs FC Inter Turku
[2321263] Failed to build match row: Mönchengladbach vs Fußball-Club Augsburg 1907

Keepers & outfield error for **Athletic Club Bilbao** in Athletic Club Bilbao vs Club Atlético de Madrid S.A.D.: Numbers: 2 and 9.
[3394654] Could not find attributes for trevoh chalobah (Football Club Lorient-Bretagne Sud, 2020)
[2899598] Failed to build match row: Athletic Club Bilbao vs Club Atlético de Madrid S.A.D.
[3394654] Failed to build match row: Football Club Lorient-Bretagne Sud vs Football Club de Nantes

Keepers & outfield error for **Clube Desportivo de Tondela** in Clube Desportivo de Tondela vs Vitória Sport Clube: Numbers: 0 and 11.
[3211428] Failed to build match row: Clube Desportivo de Tondela vs Vitória Sport Clube
[2636401] Could not find attributes for silverio (Futebol Clube de Famalicão, 2015)
[2636401] Failed to build match row: CS Marítimo vs Futebol Clube de Famalicão
[2847126] Could not find attributes for elliott frear (Motherwell Football Club, 2016)
[2598542] Could not find attributes for sergiy basov (FC Oleksandriya, 2015)
[2847126] Failed to build match row: Motherwell Football Club vs Dundee Football Club

Keepers & outfield error for **FC Tosno (-2018)** in FK Spartak Moskva vs FC Tosno (-2018): Numbers: 2 and 9.
[2598542] Failed to build match row: FC Oleksandriya vs Karpaty Lviv (-2021)
[3016407] Failed to build match row: FK Spartak Moskva vs FC Tosno (-2018)
[2589105] Could not find attributes for henrico drost (Excelsior Rotterdam, 2015)

Keepers & outfield error for **Ayr United FC** in Ayr United FC vs Queen's Park FC: Numbers: 5 and 6.
Not enough players found for lineup: 0, 0.
[2589105] Failed to build match row: AFC Ajax Amsterdam vs Excelsior Rotterdam
[2372927] Failed to build match row: Ayr United FC vs Queen's Park FC
[2517610] Failed to scrape lineup: https://www.transfermarkt.co.uk/spielbericht/index/spielbericht/2517610
[3194958] Could not find attributes for nikolay zabolotnyi (FK Sochi, 2019)
[2359452] Could not find attributes for jonatan cristaldo (Bologna Football Club 1909, 2013)

Keepers & outfield error for **CF Illueca** in CF Illueca vs Deportivo de La Coruña: Numbers: 2 and 9.
[2735584] Could not find attributes for oussama haddadi (Dijon FCO, 2016)
[2359452] Failed to build match row: Bologna Football Club 1909 vs Associazione Sportiva Roma
[3194958] Failed to build match row: FK Sochi vs AO FK Zenit Sankt-Peterburg
[2882231] Could not find attributes for oleksiy shevchenko (FC Zorya Lugansk, 2017)
[2735584] Failed to build match row: Olympique de Marseille vs Dijon FCO
[3097968] Could not find attributes for mario fernandes (PFK CSKA Moskva, 2018)
[2459685] Could not find attributes for gino coutinho (Excelsior Rotterdam, 2014)
[3286265] Failed to build match row: CF Illueca vs Deportivo de La Coruña
[2346091] Could not find attributes for bojan jorgacevic (Kayseri Erciyesspor, 2013)
[3097968] Failed to build match row: FC Viktoria Plzeň, a.s. vs PFK CSKA Moskva
[2882231] Failed to build match row: FC Zorya Lugansk vs PFK Stal Kamyanske (-2018)
[2346091] Failed to build match row: Kayseri Erciyesspor vs Kasımpaşa A.Ş.
[2459685] Failed to build match row: Excelsior Rotterdam vs Football Club Utrecht
[2477958] Could not find attributes for dmytro bezotosnyi (Chornomorets Odesa, 2014)
[2765897] Could not find attributes for joaozinho (FK Krasnodar, 2016)
[2477958] Failed to build match row: Chornomorets Odesa vs FK Mariupol
[2765897] Failed to build match row: FK Krasnodar vs Fußballclub Red Bull Salzburg
[2889048] Could not find attributes for oleg baklov (Syzran-2003, 2017)
[2618725] Could not find attributes for dmytro bezotosnyi (FK Qabala, 2015)

Keepers & outfield error for **Celta** in Athletic Club Bilbao vs Celta: Numbers: 2 and 9.
[2889048] Failed to build match row: Syzran-2003 vs Delin Izhevsk
[2581702] Could not find attributes for daniel schwaab (Verein für Bewegungsspiele Stuttgart 1893, 2015)
[2498289] Could not find attributes for krsevan santini (FC Zorya Lugansk, 2014)
[2498289] Failed to build match row: FC Zorya Lugansk vs Dnipro Dnipropetrovsk (-2020)
[2681476] Could not find attributes for eiji kawashima (Dundee United Football Club, 2015)
[3219336] Could not find attributes for federico fernandez (Newcastle United Football Club, 2019)
[2618725] Failed to build match row: FK Qabala vs Panthessalonikios Athlitikos Omilos Konstantinoupoliton

Keepers & outfield error for **West Ham United Football Club** in Chelsea Football Club vs West Ham United Football Club: Numbers: 2 and 9.
[2341079] Failed to build match row: Athletic Club Bilbao vs Celta
[3219336] Failed to build match row: Sheffield United vs Newcastle United Football Club
[2581702] Failed to build match row: Verein für Bewegungsspiele Stuttgart 1893 vs SV Darmstadt 98
[2681476] Failed to build match row: Dundee United Football Club vs Partick Thistle FC
[3050496] Failed to build match row: Chelsea Football Club vs West Ham United Football Club
[2609363] Could not find attributes for kuca (CF Os Belenenses, 2015)
[2609363] Failed to build match row: Futebol Clube de Arouca vs CF Os Belenenses
[3081144] Could not find attributes for rai vloet (Frosinone Calcio, 2018)
[3081144] Failed to build match row: Frosinone Calcio vs Associazione Calcio Fiorentina
[3252231] Could not find attributes for chiquinho (Sport Lisboa e Benfica, 2019)
[3252231] Failed to build match row: RasenBallsport Leipzig vs Sport Lisboa e Benfica
[3063729] Could not find attributes for mich[2598543] Could not find attributes for bogdan shust (Volyn Lutsk, 2015)
[2598543] Failed to build match row: Volyn Lutsk vs Futbolniy Klub Dynamo Kyiv
[2517612] Failed to scrape lineup: https://www.transfermarkt.co.uk/spielbericht/index/spielbericht/2517612
[3063729] Failed to build match row: Vendsyssel FF vs Fodbold Club Midtjylland
[2567511] Could not find attributes for denys boyko (Dnipro Dnipropetrovsk (-2020), 2014)
[2487333] Could not find attributes for davit skhirtladze (Aarhus Gymnastik Forening, 2014)
[2567511] Failed to build match row: Dnipro Dnipropetrovsk (-2020) vs Sevilla Fútbol Club S.A.D.
[2487333] Failed to build match row: Aarhus Gymnastik Forening vs Hobro IK
[2872143] Could not find attributes for tom cleverley (Watford FC, 2017)
[3229245] Could not find attributes for mato jajalo (Udinese Calcio, 2019)
[2872143] Failed to build match row: Watford FC vs Brighton and Hove Albion Football Club
[3229245] Failed to build match row: Udinese Calcio vs Torino Calcio

Keepers & outfield error for **Plymouth Argyle** in Plymouth Argyle vs Oxford United: Numbers: 0 and 11.
[3126566] Failed to build match row: Plymouth Argyle vs Oxford United
[2372928] Could not find attributes for gregor buchanan (Airdrieonians FC, 2013)

Keepers & outfield error for **Portimonense SC** in Vitória Setúbal FC vs Portimonense SC: Numbers: 0 and 11.
[3211429] Failed to build match row: Vitória Setúbal FC vs Portimonense SC

Keepers & outfield error for **Clube Desportivo Nacional** in Clube Desportivo Nacional vs Sporting Clube de Braga: Numbers: 0 and 11.
[2372928] Failed to build match row: Rangers Football Club vs Airdrieonians FC
[2498290] Could not find attributes for oleksandr shovkovskyi (Futbolniy Klub Dynamo Kyiv, 2014)

Keepers & outfield error for **Everton Football Club** in Everton Football Club vs Arsenal Football Club: Numbers: 2 and 9.
[2906872] Could not find attributes for carlinhos (Royal Standard Club de Liège, 2017)
[3194959] Could not find attributes for sergey ryzhikov (PFK Krylya Sovetov Samara, 2019)
[3050497] Failed to build match row: Everton Football Club vs Arsenal Football Club

Keepers & outfield error for **Valencia Club de Fútbol S. A. D.** in Valencia Club de Fútbol S. A. D. vs Juventus Football Club: Numbers: 0 and 11.
[2720890] Failed to build match row: Clube Desportivo Nacional vs Sporting Clube de Braga
[2498290] Failed to build match row: Futbolniy Klub Dynamo Kyiv vs Metalurg Donetsk (- 2015)
[2906872] Failed to build match row: Royal Standard Club de Liège vs Royal Charleroi Sporting Club
[3097969] Failed to build match row: Valencia Club de Fútbol S. A. D. vs Juventus Football Club
[3194959] Failed to build match row: PFK Krylya Sovetov Samara vs Arsenal Tula
[2765898] Could not find attributes for benjamin stambouli (FC Schalke 04, 2016)
[2882232] Could not find attributes for yuriy pankiv (FC Oleksandriya, 2017)
[2765898] Failed to build match row: FC Schalke 04 vs Olympique Gymnaste Club Nice Côte d'Azur
[2882232] Failed to build match row: FC Oleksandriya vs Olimpik Donetsk

Keepers & outfield error for **Wolverhampton Wanderers Football Club** in Wolverhampton Wanderers Football Club vs West Ham United Football Club: Numbers: 0 and 11.
[3219337] Failed to build match row: Wolverhampton Wanderers Football Club vs West Ham United Football Club
[2681477] Could not find attributes for miles addison (Kilmarnock Football Club, 2015)
Not enough players found for lineup: 0, 0.
[2618726] Could not find attributes for ju ho park (Borussia Dortmund, 2015)

Keepers & outfield error for **Genoa Cricket and Football Club** in Torino Calcio vs Genoa Cricket and Football Club: Numbers: 2 and 9.
[2681477] Failed to build match row: Dundee Football Club vs Kilmarnock Football Club
[2618726] Failed to build match row: Borussia Dortmund vs FK Krasnodar
bericht/index/spielbericht/2517613
[2726652] Failed to build match row: Torino Calcio vs Genoa Cricket and Football Club

Keepers & outfield error for **Genoa Cricket and Football Club** in Genoa Cricket and Football Club vs Società Sportiva Calcio Napoli: Numbers: 3 and 8.
[2487334] Could not find attributes for nicklas dannevang (Brönshöj Boldklub, 2014)
[2567920] Could not find attributes for vyacheslav krotov (FK Spartak Moskva, 2014)
[2487334] Failed to build match row: Brönshöj Boldklub vs Odense Boldklub
[3081145] Failed to build match row: Genoa Cricket and Football Club vs Società Sportiva Calcio Napoli
[2567920] Failed to build match row: FK Spartak Moskva vs PFK CSKA Moskva
[3205085] Could not find attributes for michael ruddy (Crusaders FC, 2019)
[2589106] Could not find attributes for georgiy zhukov (Roda JC Kerkrade, 2015)
[3229246] Could not find attributes for mato jajalo (Udinese Calcio, 2019)
[2700365] Could not find attributes for alberto merino (Europa FC, 2016)
[2589106] Failed to build match row: Feyenoord Rotterdam vs Roda JC Kerkrade
[3205085] Failed to build match row: Crusaders FC vs B36 Tórshavn
[3229246] Failed to build match row: Atalanta Bergamasca Calcio S.p.a. vs Udinese Calcio
[2700365] Failed to build match row: Europa FC vs FC Pyunik Yerevan
[2598544] Could not find attributes for artur rudko (Goverla Uzhgorod (- 2016), 2015)
[2598544] Failed to build match row: Goverla Uzhgorod (- 2016) vs Chornomorets Odesa
[2372929] Could not find attributes for jamie ewings (Dumbarton FC, 2013)
[2889049] Could not find attributes for sergey volkov (Lada Togliatti, 2017)
[2372929] Failed to build match row: Dumbarton FC vs Cowdenbeath FC
[2735586] Could not find attributes for jeremy morel (Olympique Lyonnais, 2016)
[2889049] Failed to build match row: Lada Togliatti vs Sokol Saratov
[2482138] Could not find attributes for thibault giresse (EA Guingamp, 2014)
[2735586] Failed to build match row: Rennes vs Olympique Lyonnais

Keepers & outfield error for **Clube Desportivo Santa Clara** in Clube Desportivo Santa Clara vs Gil Vicente Futebol Clube: Numbers: 0 and 11.
[3286266] Could not find attributes for mateusz kania (CD Lealtad, 2019)
[2482138] Failed to build match row: Football Club Lorient-Bretagne Sud vs EA Guingamp
[2720891] Could not find attributes for lionn (Rio Ave Futebol Clube, 2016)
[2906873] Could not find attributes for mike vanhamel (KV Oostende, 2017)
[3211430] Failed to build match row: Clube Desportivo Santa Clara vs Gil Vicente Futebol Clube
[2498291] Could not find attributes for maksym koval (Goverla Uzhgorod (- 2016), 2014)
[2720891] Failed to build match row: Rio Ave Futebol Clube vs GD Chaves
[3286266] Failed to build match row: CD Lealtad vs Cádiz CF
[2906873] Failed to build match row: Yellow-Red Koninklijke Voetbalclub Mechelen vs KV Oostende
[2847128] Could not find attributes for niall keown (Partick Thistle FC, 2016)
[2498291] Failed to build match row: FC Shakhtar Donetsk vs Goverla Uzhgorod (- 2016)
[2847128] Failed to build match row: Heart of Midlothian Football Club vs Partick Thistle FC
[2882233] Could not find attributes for bogdan shust (Vorskla Poltava, 2017)
[2598545] Could not find attributes for oleksandr tkachenko (Vorskla Poltava, 2015)
[2882233] Failed to build match row: Vorskla Poltava vs FC Shakhtar Donetsk
[2598545] Failed to build match row: Vorskla Poltava vs Olimpik Donetsk
[2372930] Failed to scrape lineup: https://www.transfermarkt.co.uk/spielbericht/index/spielbericht/2372930
[3097979] Could not find attributes for thibault vlietinck (Club Brugge Koninklijke Voetbalvereniging, 2018)
[3097979] Failed to build match row: Club Atlético de Madrid S.A.D. vs Club Brugge Koninklijke Voetbalvereniging
[2735587] Could not find attributes for habib maiga (AS Saint-Étienne, 2016)
[2735587] Failed to build match row: Association sportive de Monaco Football Club vs AS Saint-Étienne

Keepers & outfield error for **Sport Lisboa e Benfica** in Sport Lisboa e Benfica vs FC Paços de Ferreira: Numbers: 0 and 11.
[2609364] Failed to build match row: Sport Lisboa e Benfica vs FC Paços de Ferreira

Keepers & outfield error for **Espanol** in Espanol vs Athletic Club Bilbao: Numbers: 2 and 9.
[2341080] Failed to build match row: Espanol vs Athletic Club Bilbao
[2581704] Could not find attributes for ju ho park (Borussia Dortmund, 2015)
[2581704] Failed to build match row: Sportverein Werder Bremen von 1899 vs Borussia Dortmund
[3229247] Could not find attributes for andrea bertolacci (UC Sampdoria, 2019)
[3229247] Failed to build match row: Bologna Football Club 1909 vs UC Sampdoria
Not enough players found for lineup: 11, 0.
[2907320] Failed to scrape lineup: https://www.transfermarkt.co.uk/spielbericht/index/spielbericht/2907320
[3205086] Could not find attributes for oleksandr nad (Debreceni VSC, 2019)

Keepers & outfield error for **Association Football Club Bournemouth** in Arsenal Football Club vs Association Football Club Bournemouth: Numbers: 2 and 9.
[2335048] Could not find attributes for marian kello (Saint Mirren Football Club, 2013)
[3081147] Failed to scrape lineup: https://www.transfermarkt.co.uk/as-roma_uc-sampdoria/index/spielbericht/3081147
[3205086] Failed to build match row: Debreceni VSC vs FK Kukësi
[2335048] Failed to build match row: Partick Thistle FC vs Saint Mirren Football Club
[2872145] Failed to build match row: Arsenal Football Club vs Association Football Club Bournemouth
[3219339] Failed to scrape lineup: https://www.transfermarkt.co.uk/southampton-fc_watford-fc/index/spielbericht/3219339
[2700366] Could not find attributes for predrag rajkovic (Maccabi Tel Aviv, 2016)
[2700366] Failed to build match row: Maccabi Tel Aviv vs ND Gorica
[2568461] Could not find attributes for bogdan butko (Amkar Perm, 2014)
[2568461] Failed to build match row: Amkar Perm vs AO FK Zenit Sankt-Peterburg
[2765899] Could not find attributes for ondrej karafiat (FC Slovan Liberec, 2016)
[2765899] Failed to build match row: FC Slovan Liberec vs Qarabağ FK
[3194960] Failed to build match row: FK Ufa vs FK Krasnodar
[2882234] Could not find attributes for maksym koval (Futbolniy Klub Dynamo Kyiv, 2017)
[2704706] Could not find attributes for antonio colak (SV Darmstadt 98, 2016)
[2704706] Failed to build match row: Mönchengladbach vs SV Darmstadt 98
[2882234] Failed to build match row: Futbolniy Klub Dynamo Kyiv vs Chornomorets Odesa
Not enough players found for lineup: 11, 0.
[2372931] Failed to scrape lineup: https://www.transfermarkt.co.uk/spielbericht/index/spielbericht/2372931
[2459688] Could not find attributes for jesse van bezooijen (Nooit Opgeven Altijd Doorzetten Aangenaam Door Vermaak En Nuttig Door Ontspanning Combinatie Breda, 2014)
[2459688] Failed to build match row: Nooit Opgeven Altijd Doorzetten Aangenaam Door Vermaak En Nuttig Door Ontspanning Combinatie Breda vs Alkmaar Zaanstreek

Keepers & outfield error for **Barnet FC** in Barnet FC vs Stockport County: Numbers: 0 and 11.
Not enough players found for lineup: 0, 11.
[3126567] Failed to build match row: Barnet FC vs Stockport County
[2346092] Could not find attributes for giray kacar (Trabzonspor Kulübü, 2013)
[2346092] Failed to build match row: Trabzonspor Kulübü vs Elazigspor
[2487336] Failed to scrape lineup: https://www.transfermarkt.co.uk/spielbericht/index/spielbericht/2487336
[2478421] Failed to scrape lineup: https://www.transfermarkt.co.uk/spielbericht/index/spielbericht/2478421
[2618727] Could not find attributes for filip novak (Fodbold Club Midtjylland, 2015)
[2618727] Failed to build match row: Fodbold Club Midtjylland vs Legia Warszawa Spółka Akcyjna

Keepers & outfield error for **FC Shakhtar Donetsk** in FC Shakhtar Donetsk vs PFK Stal Kamyanske (-2018): Numbers: 3 and 8.
[3219340] Could not find attributes for robert snodgrass (West Ham United Football Club, 2019)
[2598546] Failed to build match row: FC Shakhtar Donetsk vs PFK Stal Kamyanske (-2018)
[3219340] Failed to build match row: West Ham United Football Club vs Tottenham Hotspur Football Club
[2636402] Could not find attributes for ricardo ferreira (Sporting Clube de Braga, 2015)
[2889050] Could not find attributes for aleksey polyakov (Metallurg Asha, 2017)
[2589107] Could not find attributes for henrico drost (Excelsior Rotterdam, 2015)
[2636402] Failed to build match row: Rio Ave Futebol Clube vs Sporting Clube de Braga
[2889050] Failed to build match row: Metallurg Asha vs Zenit Izhevsk

Keepers & outfield error for **Sporting Clube de Portugal** in Boavista FC vs Sporting Clube de Portugal: Numbers: 0 and 11.
[2498292] Could not find attributes for zauri makharadze (Olimpik Donetsk, 2014)
[2589107] Failed to build match row: Excelsior Rotterdam vs Nijmegen Eendracht Combinatie
[2609365] Failed to build match row: Boavista FC vs Sporting Clube de Portugal
[2498292] Failed to build match row: Olimpik Donetsk vs Vorskla Poltava

Keepers & outfield error for **Real Madrid Club de Fútbol** in Real Madrid Club de Fútbol vs Getafe Club de Fútbol S. A. D. Team Dubai: Numbers: 2 and 9.
[2341081] Failed to build match row: Real Madrid Club de Fútbol vs Getafe Club de Fútbol S. A. D. Team Dubai
[3194961] Could not find attributes for yaroslav godzyur (Ural Yekaterinburg, 2019)
[3194961] Failed to build match row: Ural Yekaterinburg vs RFK Akhmat Grozny

Keepers & outfield error for **EA Guingamp** in ESTAC Troyes vs EA Guingamp: Numbers: 2 and 9.
[2942703] Failed to build match row: ESTAC Troyes vs EA Guingamp
[2681479] Could not find attributes for alex schalk (Ross County FC, 2015)
[2681479] Failed to build match row: Ross County FC vs Motherwell Football Club
Not enough players found for lineup: 0, 11.
[2487337] Failed to scrape lineup: https://www.transfermarkt.co.uk/spielbericht/index/spielbericht/2487337
[3205087] Could not find attributes for guy haimov (Maccabi Haifa, 2019)
[3205087] Failed to build match row: Maccabi Haifa vs NS Mura
[2907321] Could not find attributes for rafail soilemezoglou (Veria NPS, 2017)
[2907321] Failed to build match row: Veria NPS vs Eginiakos
[3016410] Could not find attributes for aleksandr belenov (FK Ufa, 2017)
[3076802] Could not find attributes for alvarinho (SC Farense, 2018)
[3016410] Failed to build match row: FK Ufa vs AO FK Zenit Sankt-Peterburg
[3076802] Failed to build match row: SC Farense vs FC Penafiel
[2704707] Could not find attributes for jordan torunarigha (Hertha BSC, 2016)
[2704707] Failed to build match row: Hertha BSC vs Bayer 04 Leverkusen Fußball
[2568462] Could not find attributes for georgiy tigiev (Torpedo Moscow, 2014)
[2568462] Failed to build match row: Torpedo Moscow vs Ural Yekaterinburg
[2700367] Could not find attributes for shpetim mocka (KF Teuta, 2016)
[2700367] Failed to build match row: KF Teuta vs Kairat Almaty
[3063731] Could not find attributes for branko ilic (Vejle Boldklub, 2018)
[3063731] Failed to build match row: Vejle Boldklub vs Sønderjyske Fodbold

Keepers & outfield error for **CF Os Belenenses** in CF Os Belenenses vs Leixões SC: Numbers: 2 and 9.
[2636403] Failed to build match row: CF Os Belenenses vs Leixões SC

Keepers & outfield error for **B SAD** in Futebol Clube de Famalicão vs B SAD: Numbers: 2 and 9.
[2478422] Could not find attributes for dusan pernis (Slovan Bratislava, 2014)
[2478422] Failed to build match row: Slovan Bratislava vs FC Sheriff Tiraspol
[3211431] Failed to build match row: Futebol Clube de Famalicão vs B SAD
[2598831] Could not find attributes for zauri makharadze (Olimpik Donetsk, 2015)
[2598831] Failed to build match row: Olimpik Donetsk vs FC Shakhtar Donetsk
[3394658] Failed to scrape lineup: https://www.transfermarkt.co.uk/ogc-nice_as-monaco/index/spielbericht/3394658
[2589108] Could not find attributes for hedwiges maduro (Football Club Groningen, 2015)

Keepers & outfield error for **Genoa Cricket and Football Club** in Genoa Cricket and Football Club vs Brescia Calcio: Numbers: 0 and 11.
[2589108] Failed to build match row: Football Club Twente vs Football Club Groningen
[3229249] Failed to build match row: Genoa Cricket and Football Club vs Brescia Calcio
Not enough players found for lineup: 0, 0.
[2498293] Failed to scrape lineup: https://www.transfermarkt.co.uk/volyn-lutsk_metalist-kharkiv/index/spielbericht/2498293

Keepers & outfield error for **Verona Hellas Football Club** in Verona Hellas Football Club vs Bologna Football Club 1909: Numbers: 0 and 11.
[2359455] Failed to build match row: Verona Hellas Football Club vs Bologna Football Club 1909
[2942704] Could not find attributes for jerome roussillon (Montpellier HSC, 2017)
[2942704] Failed to build match row: Montpellier HSC vs Olympique de Marseille
eltic Football Club: Numbers: 2 and 9.
[2681480] Failed to build match row: St. Johnstone FC vs The Celtic Football Club
[2700368] Could not find attributes for alban hoxha (FK Partizani, 2016)

Keepers & outfield error for **Association sportive de Monaco Football Club** in Association sportive de Monaco Football Club vs Lille Olympique Sporting Club: Numbers: 2 and 9.
[2700368] Failed to build match row: FK Partizani vs Slovan Bratislava
[2482141] Failed to build match row: Association sportive de Monaco Football Club vs Lille Olympique Sporting Club
Not enough players found for lineup: 0, 11.
[2726657] Failed to scrape lineup: https://www.transfermarkt.co.uk/ss-lazio_fc-crotone/index/spielbericht/2726657

Keepers & outfield error for **SPAL** in SPAL vs Cagliari Calcio: Numbers: 2 and 9.
[2487339] Failed to scrape lineup: https://www.transfermarkt.co.uk/spielbericht/index/spielbericht/2487339
[3081149] Failed to build match row: SPAL vs Cagliari Calcio
[2330903] Failed to scrape lineup: https://www.transfermarkt.co.uk/ogc-nice_ea-guingamp/index/spielbericht/2330903
[2704708] Could not find attributes for matthias lehmann (1. Fußball-Club Köln, 2016)
[2704708] Failed to build match row: 1. Fußball-Club Köln vs 1. Fußball- und Sportverein Mainz 05

Keepers & outfield error for **Football Club de Metz** in Football Club de Metz vs Dijon FCO: Numbers: 0 and 11.
[3394659] Failed to build match row: Football Club de Metz vs Dijon FCO
[2609367] Failed to scrape lineup: https://www.transfermarkt.co.uk/cs-maritimo_cd-tondela/index/spielbericht/2609367
[2765901] Could not find attributes for dudu goresh (Hapoel Beer Sheva, 2016)
[2765901] Failed to build match row: Hapoel Beer Sheva vs Football Club Internazionale Milano S.p.A.
[2498294] Could not find attributes for oleksandr churilov (FK Mariupol, 2014)
[2498294] Failed to build match row: FK Mariupol vs Metalurg Zaporizhya (-2016)
[2720893] Could not find attributes for jorginho (Futebol Clube de Arouca, 2016)
[2720893] Failed to build match row: Futebol Clube de Arouca vs Grupo Desportivo Estoril Praia
[2847130] Could not find attributes for tom hateley (Dundee Football Club, 2016)
[2847130] Failed to build match row: Kilmarnock Football Club vs Dundee Football Club
[2568463] Could not find attributes for vyacheslav krotov (FK Spartak Moskva, 2014)
[2568463] Failed to build match row: FK Spartak Moskva vs FK Ufa
[2330904] Failed to scrape lineup: https://www.transfermarkt.co.uk/fc-sochaux-montbeliard_valenciennes-fc/index/spielbericht/2330904
[3081150] Could not find attributes for ola aina (Torino Calcio, 2018)
[3081150] Failed to build match row: Torino Calcio vs Parma Calcio 1913
[3211433] Could not find attributes for rafa silva (Sport Lisboa e Benfica, 2019)
[3211433] Failed to build match row: Sport Lisboa e Benfica vs Vitória Setúbal FC
[2704709] Failed to scrape lineup: https://www.transfermarkt.co.uk/hamburger-sv_vfl-wolfsburg/index/spielbericht/2704709
[2469466] Failed to scrape lineup: https://www.transfermarkt.co.uk/fc-midtjylland_esbjerg-fb/index/spielbericht/2469466
[2346093] Could not find attributes for ramazan kose (Gençlerbirliği Spor Kulübü, 2013)
[2346093] Failed to build match row: Gençlerbirliği Spor Kulübü vs Eskisehirspor
[3063732] Could not find attributes for michael tornes (Vendsyssel FF, 2018)
[2609368] Failed to scrape lineup: https://www.transfermarkt.co.uk/moreirense-fc_fc-porto/index/spielbericht/2609368
[3063732] Failed to build match row: AC Horsens vs Vendsyssel FF
[2889051] Could not find attributes for mikhail komarov (Zorkiy Krasnogorsk, 2017)
[2889051] Failed to build match row: Zorkiy Krasnogorsk vs FC Ryazan
[2372932] Could not find attributes for steven main (Fraserburgh FC, 2013)
[2372932] Failed to build match row: Fraserburgh FC vs Montrose FC
[2478423] Could not find attributes for nenad novakovic (Debreceni VSC, 2014)
[2598832] Could not find attributes for yevgen borovyk (Chornomorets Odesa, 2015)
[2478423] Failed to build match row: Debreceni VSC vs BATE Borisov
[3063733] Failed to scrape lineup: https://www.transfermarkt.co.uk/odense-boldklub_vejle-boldklub/index/spielbericht/3063733
[2589109] Failed to scrape lineup: https://www.transfermarkt.co.uk/sc-cambuur-leeuwarden_pec-zwolle/index/spielbericht/2589109
[2321267] Could not find attributes for ondrej petrak (1.FC Nuremberg, 2013)
Not enough players found for lineup: 0, 11.
[2598832] Failed to build match row: Chornomorets Odesa vs Vorskla Poltava
[3219341] Could not find attributes for federico fernandez (Newcastle United Football Club, 2019)
[2321267] Failed to build match row: 1.FC Nuremberg vs Sportverein Werder Bremen von 1899

Keepers & outfield error for **Associazione Calcio Milan** in Associazione Calcio Milan vs Cagliari Calcio: Numbers: 2 and 9.
[2847131] Could not find attributes for elliott frear (Motherwell Football Club, 2016)
[2847131] Failed to build match row: Motherwell Football Club vs Ross County FC
[3219341] Failed to build match row: Newcastle United Football Club vs Manchester City Football Club
[2487341] Failed to scrape lineup: https://www.transfermarkt.co.uk/spielbericht/index/spielbericht/2487341
[2726658] Failed to build match row: Associazione Calcio Milan vs Cagliari Calcio
[2907482] Could not find attributes for aristoteles romero (FC Crotone, 2017)
[2899599] Could not find attributes for pape diop (Espanol, 2017)
[2372933] Failed to scrape lineup: https://www.transfermarkt.co.uk/spielbericht/index/spielbericht/2372933
[2720894] Could not find attributes for fabio sturgeon (CF Os Belenenses, 2016)
Clube Desportivo de Tondela: Numbers: 0 and 11.
[2498295] Could not find attributes for dmytro bezotosnyi (Chornomorets Odesa, 2014)
[2907482] Failed to build match row: Genoa Cricket and Football Club vs FC Crotone
[2882340] Could not find attributes for ruitm (Hibernians FC, 2017)
[2704710] Could not find attributes for benjamin stambouli (FC Schalke 04, 2016)
[3211434] Failed to build match row: Boavista FC vs Clube Desportivo de Tondela
[2720894] Failed to build match row: CF Os Belenenses vs Rio Ave Futebol Clube
[2899599] Failed to build match row: Espanol vs Deportivo de La Coruña
[3394660] Could not find attributes for yuto nagatomo (Olympique de Marseille, 2020)
[2346094] Could not find attributes for serkan kirintili (Çaykur Rizespor Kulübü, 2013)
[2704710] Failed to build match row: FC Ingolstadt 04 vs FC Schalke 04
[2498295] Failed to build match row: Chornomorets Odesa vs Karpaty Lviv (-2021)
[2882340] Failed to build match row: Hibernians FC vs Fußballclub Red Bull Salzburg
[2346094] Failed to build match row: Çaykur Rizespor Kulübü vs Akhisarspor
[3394660] Failed to build match row: Racing Club de Strasbourg Alsace vs Olympique de Marseille
[3076803] Could not find attributes for joel monteiro (Futebol Clube de Famalicão, 2018)
[2568464] Could not find attributes for stipe pletikosa (FK Rostov, 2014)
[3076803] Failed to build match row: Futebol Clube de Famalicão vs Futebol Clube de Arouca
[2568464] Failed to build match row: FK Krasnodar vs FK Rostov
[3097983] Could not find attributes for vujadin savic (Fudbalski klub Crvena zvezda Beograd, 2018)
[3097983] Failed to build match row: Paris Saint-Germain Football Club vs Fudbalski klub Crvena zvezda Beograd
[2359456] Could not find attributes for giuseppe sculli (Genoa Cricket and Football Club, 2013)
[2517614] Failed to build match row: AO Platanias vs Iraklis Thessaloniki
[2359456] Failed to build match row: Genoa Cricket and Football Club vs Catania FC
[2335053] Failed to scrape lineup: https://www.transfermarkt.co.uk/kilmarnock-fc_partick-thistle-fc/index/spielbericht/2335053
[3063734] Failed to scrape lineup: https://www.transfermarkt.co.uk/fc-midtjylland_aalborg-bk/index/spielbericht/3063734

Keepers & outfield error for **Vitória Setúbal FC** in Clube Desportivo Nacional vs Vitória Setúbal FC: Numbers: 0 and 11.
[2609369] Failed to build match row: Clube Desportivo Nacional vs Vitória Setúbal FC
[3195017] Could not find attributes for jimmy briand (FC Girondins Bordeaux, 2019)
[3195017] Failed to build match row: Angers Sporting Club de l'Ouest vs FC Girondins Bordeaux
[2618729] Could not find attributes for daniele bonera (Villarreal Club de Fútbol S.A.D., 2015)

Keepers & outfield error for **Paris Saint-Germain Football Club** in Paris Saint-Germain Football Club vs AS Saint-Étienne: Numbers: 2 and 9.
[2482143] Failed to build match row: Paris Saint-Germain Football Club vs AS Saint-Étienne
[2618729] Failed to build match row: Sportklub Rapid vs Villarreal Club de Fútbol S.A.D.
[2341083] Could not find attributes for joseba zaldua (Real Sociedad de Fútbol S.A.D., 2013)
[2341083] Failed to build match row: Real Sociedad de Fútbol S.A.D. vs Rayo Vallecano de Madrid S. A. D.
[2720895] Could not find attributes for kamran agayev (Boavista FC, 2016)

[2581714] Could not find attributes for daniel schwaab (Verein für Bewegungsspiele Stuttgart 1893, 2015)
[2720895] Failed to build match row: Sport Lisboa e Benfica vs Boavista FC
[2568465] Could not find attributes for evgeniy gapon (Mordovia Saransk (-2020), 2014)
[2581714] Failed to build match row: FC Bayern München vs Verein für Bewegungsspiele Stuttgart 1893
[3076804] Could not find attributes for pecanha (Académica Coimbra, 2018)
[3081152] Failed to build match row: Cagliari Calcio vs Torino Calcio
[2568465] Failed to build match row: Mordovia Saransk (-2020) vs RFK Akhmat Grozny
[3076804] Failed to build match row: Académica Coimbra vs Leixões SC

Keepers & outfield error for **Brighton and Hove Albion Football Club** in Tottenham Hotspur Football Club vs Brighton and Hove Albion Football Club: Numbers: 2 and 9.
[3050502] Failed to build match row: Tottenham Hotspur Football Club vs Brighton and Hove Albion Football Club
[2598833] Could not find attributes for sergiy pogorilyi (Metalist Kharkiv (- 2016), 2015)
[2598833] Failed to build match row: Metalist Kharkiv (- 2016) vs Dnipro Dnipropetrovsk (-2020)
[2478424] Could not find attributes for andrey sidelnikov (FK Aktobe, 2014)
[2478424] Failed to build match row: FK Aktobe vs SC Fotbal Club FCSB SA
[2889052] Could not find attributes for boris shogenov (Spartak Nalchik, 2017)
[2889052] Failed to build match row: Spartak Nalchik vs Mashuk-KMV Pyatigorsk

Keepers & outfield error for **Odense Boldklub** in Odense Boldklub vs Football Club København: Numbers: 2 and 9.
[2346095] Could not find attributes for ersan gulum (Beşiktaş Jimnastik Kulübü, 2013)
[2346095] Failed to build match row: Beşiktaş Jimnastik Kulübü vs Kardemir Karabükspor
[2469468] Failed to build match row: Odense Boldklub vs Football Club København

Keepers & outfield error for **CS Marítimo** in CS Marítimo vs Moreirense Futebol Clube: Numbers: 2 and 9.
[2618730] Could not find attributes for matus kozacik (FC Viktoria Plzeň, a.s., 2015)
[2517615] Could not find attributes for giannis anestis (Athlitiki Enosi Konstantinoupoleos, 2014)

Keepers & outfield error for **Getafe Club de Fútbol S. A. D. Team Dubai** in Getafe Club de Fútbol S. A. D. Team Dubai vs Villarreal Club de Fútbol S.A.D.: Numbers: 0 and 11.
[2517615] Failed to build match row: Athlitiki Enosi Konstantinoupoleos vs APS Atromitos Athinon
[2618730] Failed to build match row: FC Viktoria Plzeň, a.s. vs Dinamo Minsk
[3211435] Failed to build match row: CS Marítimo vs Moreirense Futebol Clube
[2359457] Could not find attributes for tiberio guarente (Chievo Verona, 2013)
[2899600] Failed to build match row: Getafe Club de Fútbol S. A. D. Team Dubai vs Villarreal Club de Fútbol S.A.D.
[2359457] Failed to build match row: Atalanta Bergamasca Calcio S.p.a. vs Chievo Verona

Keepers & outfield error for **Aarhus Gymnastik Forening** in Sønderjyske Fodbold vs Aarhus Gymnastik Forening: Numbers: 0 and 11.
[2459692] Could not find attributes for karim el ahmadi (Feyenoord Rotterdam, 2014)
[3063735] Failed to build match row: Sønderjyske Fodbold vs Aarhus Gymnastik Forening
[2636422] Could not find attributes for matty hughes (Stalybridge Celtic, 2015)
[2459692] Failed to build match row: Vitesse Arnhem vs Feyenoord Rotterdam
[2765902] Could not find attributes for ondrej mazuch (AC Sparta Praha, a. s., 2016)
[3097985] Failed to scrape lineup: https://www.transfermarkt.co.uk/spielbericht/index/spielbericht/3097985
[2636422] Failed to build match row: Doncaster Rovers vs Stalybridge Celtic
[2847132] Could not find attributes for anthony ralston (The Celtic Football Club, 2016)
[3195018] Could not find attributes for julio tavares (Dijon FCO, 2019)
[2847132] Failed to build match row: The Celtic Football Club vs St. Johnstone FC
[2765902] Failed to build match row: AC Sparta Praha, a. s. vs Southampton FC
[3195018] Failed to build match row: Dijon FCO vs AS Saint-Étienne
[3050503] Could not find attributes for etienne capoue (Watford FC, 2018)
[3050503] Failed to build match row: Watford FC vs Fulham Football Club
[2598834] Could not find attributes for andriy pylyavskyi (FC Zorya Lugansk, 2015)

Keepers & outfield error for **Sporting Clube de Braga** in Sporting Clube de Braga vs Clube Desportivo de Tondela: Numbers: 2 and 9.
[2598834] Failed to build match row: FC Zorya Lugansk vs FC Oleksandriya
[2720896] Failed to build match row: Sporting Clube de Braga vs Clube Desportivo de Tondela
[2568466] Could not find attributes for anri khagush (Arsenal Tula, 2014)
[2568466] Failed to build match row: FK Dinamo Moskva vs Arsenal Tula
[2482145] Failed to scrape lineup: https://www.transfermarkt.co.uk/sc-bastia_rc-lens/index/spielbericht/2482145
[2872151] Could not find attributes for tom cleverley (Watford FC, 2017)
[2872151] Failed to build match row: Southampton FC vs Watford FC
Not enough players found for lineup: 0, 0.
[2517616] Failed to scrape lineup: https://www.transfermarkt.co.uk/spielbericht/index/spielbericht/2517616
[2882341] Failed to scrape lineup: https://www.transfermarkt.co.uk/spielbericht/index/spielbericht/2882341
[2907483] Failed to scrape lineup: https://www.transfermarkt.co.uk/spielbericht/index/spielbericht/2907483
[2589112] Failed to scrape lineup: https://www.transfermarkt.co.uk/heracles-almelo_roda-jc-kerkrade/index/spielbericht/2589112

Keepers & outfield error for **Espanol** in Espanol vs Real Betis Balompié S.A.D.: Numbers: 2 and 9.
[2847133] Failed to scrape lineup: https://www.transfermarkt.co.uk/partick-thistle-fc-_rangers-fc/index/spielbericht/2847133

Keepers & outfield error for **UD Las Palmas** in UD Las Palmas vs CD Leganés: Numbers: 3 and 8.
[2341084] Failed to build match row: Espanol vs Real Betis Balompié S.A.D.
[2346096] Could not find attributes for ali turan (Konyaspor, 2013)
[2899601] Failed to build match row: UD Las Palmas vs CD Leganés
[2346096] Failed to build match row: Galatasaray Spor Kulübü vs Konyaspor
[2700369] Could not find attributes for iliya milanov (Beroe Stara Zagora, 2016)
[2372934] Could not find attributes for michael bolochoweckyj (East Stirlingshire FC, 2013)
[3286267] Could not find attributes for aimar moratalla (UE Llagostera, 2019)
[2700369] Failed to build match row: Beroe Stara Zagora vs FK Radnik Bijeljina
[3286267] Failed to build match row: UE Llagostera vs Haro Deportivo
[2372934] Failed to build match row: East Stirlingshire FC vs Raith Rovers FC

Keepers & outfield error for **Unione Sportiva Lecce** in Unione Sportiva Lecce vs Juventus Football Club: Numbers: 0 and 11.
[2636493] Could not find attributes for dmitriy nepogodov (Vorskla Poltava, 2015)

Keepers & outfield error for **Genoa Cricket and Football Club** in Genoa Cricket and Football Club vs UC Sampdoria: Numbers: 3 and 8.
[3229252] Failed to build match row: Unione Sportiva Lecce vs Juventus Football Club

Keepers & outfield error for **Vitória Sport Clube** in Vitória Sport Clube vs FC Paços de Ferreira: Numbers: 0 and 11.
[3081154] Failed to build match row: Genoa Cricket and Football Club vs UC Sampdoria
[2705347] Failed to scrape lineup: https://www.transfermarkt.co.uk/kv-mechelen_club-brugge-kv/index/spielbericht/2705347
[2636493] Failed to build match row: Vorskla Poltava vs FC Shakhtar Donetsk
[2726660] Failed to scrape lineup: https://www.transfermarkt.co.uk/delfino-pescara-1936_acf-fiorentina/index/spielbericht/2726660
[2681481] Could not find attributes for arnaud djoum (Heart of Midlothian Football Club, 2015)
[3076828] Could not find attributes for vladimir stojkovic (Fudbalski Klub Partizan Beograd, 2018)
[3211436] Failed to build match row: Vitória Sport Clube vs FC Paços de Ferreira
[2681481] Failed to build match row: Aberdeen Football Club vs Heart of Midlothian Football Club
[3076828] Failed to build match row: Fudbalski Klub Partizan Beograd vs FK Trakai
[2469514] Could not find attributes for iago santos (Académica Coimbra, 2014)
[2598835] Could not find attributes for oleksandr shovkovskyi (Futbolniy Klub Dynamo Kyiv, 2015)
[2469514] Failed to build match row: Académica Coimbra vs Sporting Clube de Braga
[2598835] Failed to build match row: Futbolniy Klub Dynamo Kyiv vs Goverla Uzhgorod (- 2016)
[2720897] Could not find attributes for ponck (GD Chaves, 2016)
[2720897] Failed to build match row: GD Chaves vs Sporting Clube de Portugal
[2517617] Failed to scrape lineup: https://www.transfermarkt.co.uk/spielbericht/index/spielbericht/2517617
[2882489] Failed to scrape lineup: https://www.transfermarkt.co.uk/spielbericht/index/spielbericht/2882489
[3205089] Could not find attributes for billy bernard (CS Fola Esch, 2019)
[3205089] Failed to build match row: CS Fola Esch vs Chikhura Sachkhere
[2372935] Failed to scrape lineup: https://www.transfermarkt.co.uk/spielbericht/index/spielbericht/2372935
[2889053] Failed to build match row: Druzhba Maikop vs Chernomorets Novorossijsk

Keepers & outfield error for **AC Ajaccio** in Lille Olympique Sporting Club vs AC Ajaccio: Numbers: 2 and 9.
[2487345] Failed to scrape lineup: https://www.transfermarkt.co.uk/fc-ufa_spartak-moscow/index/spielbericht/2487345
[2330908] Failed to build match row: Lille Olympique Sporting Club vs AC Ajaccio

Keepers & outfield error for **Cheltenham Town** in Accrington Stanley vs Cheltenham Town: Numbers: 2 and 9.
[2482146] Could not find attributes for rod fanni (Olympique de Marseille, 2014)
[3126570] Failed to build match row: Accrington Stanley vs Cheltenham Town
[2482146] Failed to build match row: Thonon Évian Grand Genève FC vs Olympique de Marseille

Keepers & outfield error for **Futebol Clube do Porto** in Futebol Clube do Porto vs Galatasaray Spor Kulübü: Numbers: 2 and 9.
[3076829] Failed to scrape lineup: https://www.transfermarkt.co.uk/spielbericht/index/spielbericht/3076829
[3097986] Failed to build match row: Futebol Clube do Porto vs Galatasaray Spor Kulübü

Keepers & outfield error for **Vitória Sport Clube** in Vitória Sport Clube vs Sporting Clube de Braga: Numbers: 0 and 11.
[2882490] Failed to scrape lineup: https://www.transfermarkt.co.uk/spielbericht/index/spielbericht/2882490
[2609371] Failed to build match row: Vitória Sport Clube vs Sporting Clube de Braga

Keepers & outfield error for **Brighton and Hove Albion Football Club** in Brighton and Hove Albion Football Club vs Association Football Club Bournemouth: Numbers: 2 and 9.
[3050513] Failed to build match row: Brighton and Hove Albion Football Club vs Association Football Club Bournemouth
[2487346] Failed to scrape lineup: https://www.transfermarkt.co.uk/zenit-st-petersburg_amkar-perm/index/spielbericht/2487346
[2341086] Failed to scrape lineup: https://www.transfermarkt.co.uk/real-betis-balompie_granada-cf/index/spielbericht/2341086
[2765903] Could not find attributes for mihai pintilii (SC Fotbal Club FCSB SA, 2016)
Not enough players found for lineup: 0, 0.
[2581717] Failed to scrape lineup: https://www.transfermarkt.co.uk/borussia-monchengladbach_fc-ingolstadt-04/index/spielbericht/2581717
[2700370] Could not find attributes for enea kolici (FK Kukësi, 2016)
[2517618] Failed to scrape lineup: https://www.transfermarkt.co.uk/spielbericht/index/spielbericht/2517618
[2765903] Failed to build match row: SC Fotbal Club FCSB SA vs Ankaraspor
[2700370] Failed to build match row: FK Kukësi vs Rudar Pljevlja
Not enough players found for lineup: 0, 11.
[2598836] Failed to scrape lineup: https://www.transfermarkt.co.uk/karpaty-lviv_volyn-lutsk/index/spielbericht/2598836
[2609372] Failed to scrape lineup: https://www.transfermarkt.co.uk/academica-coimbra_cs-maritimo/index/spielbericht/2609372
[3097987] Could not find attributes for lasse schone (AFC Ajax Amsterdam, 2018)
[3394664] Failed to scrape lineup: https://www.transfermarkt.co.uk/stade-reims_nimes-olympique/index/spielbericht/3394664
[3097987] Failed to build match row: FC Bayern München vs AFC Ajax Amsterdam
[2681483] Could not find attributes for conrad balatoni (Kilmarnock Football Club, 2015)
[2681483] Failed to build match row: Kilmarnock Football Club vs Dundee United Football Club
[2726662] Failed to scrape lineup: https://www.transfermarkt.co.uk/udinese-calcio_inter-milan/index/spielbericht/2726662
[3076830] Could not find attributes for predrag rajkovic (Maccabi Tel Aviv, 2018)
[3081156] Failed to scrape lineup: https://www.transfermarkt.co.uk/juventus-fc_spal/index/spielbericht/3081156
[3076830] Failed to build match row: Maccabi Tel Aviv vs Fudbalski Klub Radnički Niš
[2487347] Failed to scrape lineup: https://www.transfermarkt.co.uk/rubin-kazan_cska-moscow/index/spielbericht/2487347
[2341087] Failed to scrape lineup: https://www.transfermarkt.co.uk/celta-de-vigo_villarreal-cf/index/spielbericht/2341087
[2907484] Could not find attributes for modibo diakite (SSC Bari, 2017)
[2907484] Failed to build match row: Unione Sportiva Sassuolo Calcio vs SSC Bari

Keepers & outfield error for **Charlton Athletic** in Charlton Athletic vs Doncaster Rovers: Numbers: 2 and 9.
[3126571] Failed to build match row: Charlton Athletic vs Doncaster Rovers
[2735589] Could not find attributes for yannis salibur (EA Guingamp, 2016)
[3211437] Failed to scrape lineup: https://www.transfermarkt.co.uk/portimonense-sc_sc-braga/index/spielbericht/3211437
[2735589] Failed to build match row: EA Guingamp vs AS Nancy-Lorraine
[2517619] Failed to scrape lineup: https://www.transfermarkt.co.uk/spielbericht/index/spielbericht/2517619
[2700371] Failed to scrape lineup: https://www.transfermarkt.co.uk/spielbericht/index/spielbericht/2700371
[2598837] Could not find attributes for yuriy pankiv (PFK Stal Kamyanske (-2018), 2015)
[2598837] Failed to build match row: PFK Stal Kamyanske (-2018) vs Metalurg Zaporizhya (-2016)
[2321270] Could not find attributes for alexander madlung (Eintracht Frankfurt Fußball AG, 2013)
[2321270] Failed to build match row: Hamburger Sport Verein vs Eintracht Frankfurt Fußball AG
[2726663] Failed to scrape lineup: https://www.transfermarkt.co.uk/ss-lazio_atalanta-bc/index/spielbericht/2726663
[2568467] Could not find attributes for vitaliy denisov (Футбольный клуб "Локомотив" Москва, 2014)
[2568467] Failed to build match row: Футбольный клуб "Локомотив" Москва vs Kuban Krasnodar (-2018)

Keepers & outfield error for **Associazione Calcio Fiorentina** in Associazione Calcio Fiorentina vs Società Sportiva Lazio S.p.A.: Numbers: 0 and 11.
[2359460] Failed to build match row: Associazione Calcio Fiorentina vs Società Sportiva Lazio S.p.A.
[2907485] Failed to scrape lineup: https://www.transfermarkt.co.uk/spielbericht/index/spielbericht/2907485
[2341088] Failed to scrape lineup: https://www.transfermarkt.co.uk/ca-osasuna_elche-cf/index/spielbericht/2341088
[3097988] Could not find attributes for dmytro chygrynskyi (Athlitiki Enosi Konstantinoupoleos, 2018)
[3097988] Failed to build match row: Athlitiki Enosi Konstantinoupoleos vs Sport Lisboa e Benfica
[2346097] Could not find attributes for vanja ivesa (Elazigspor, 2013)
[2346097] Failed to build match row: Elazigspor vs Kayseri Erciyesspor

Keepers & outfield error for **Boavista FC** in CF Os Belenenses vs Boavista FC: Numbers: 2 and 9.
[2469515] Failed to build match row: CF Os Belenenses vs Boavista FC
[2726664] Failed to scrape lineup: https://www.transfermarkt.co.uk/fc-crotone_bologna-fc-1909/index/spielbericht/2726664
[3126572] Could not find attributes for warren harris (Slough Town, 2018)
[3126572] Failed to build match row: Slough Town vs Gillingham FC
[2618731] Failed to scrape lineup: https://www.transfermarkt.co.uk/spielbericht/index/spielbericht/2618731
[2942711] Failed to scrape lineup: https://www.transfermarkt.co.uk/ea-guingamp_dijon-fco/index/spielbericht/2942711

Keepers & outfield error for **Olympique Gymnaste Club Nice Côte d'Azur** in Olympique Gymnaste Club Nice Côte d'Azur vs Amiens SC: Numbers: 2 and 9.
[2598838] Could not find attributes for artur rudko (Goverla Uzhgorod (- 2016), 2015)
[2372936] Could not find attributes for jamie barclay (Clyde FC, 2013)
[3195021] Failed to build match row: Olympique Gymnaste Club Nice Côte d'Azur vs Amiens SC
[2598838] Failed to build match row: Goverla Uzhgorod (- 2016) vs Karpaty Lviv (-2021)
[2372936] Failed to build match row: Clyde FC vs Brora Rangers FC
[2681484] Could not find attributes for james penrice (Partick Thistle FC, 2015)
[2681484] Failed to build match row: Partick Thistle FC vs Hamilton Academical FC
[2346098] Could not find attributes for yalcin ayhan (Kasımpaşa A.Ş., 2013)
[2498465] Could not find attributes for stipe pletikosa (FK Rostov, 2014)

Keepers & outfield error for **Rio Ave Futebol Clube** in Rio Ave Futebol Clube vs Futebol Clube do Porto: Numbers: 2 and 9.
[3211438] Failed to build match row: Rio Ave Futebol Clube vs Futebol Clube do Porto
[2346098] Failed to build match row: Kasımpaşa A.Ş. vs Gaziantepspor (- 2020)
[2498465] Failed to build match row: FK Rostov vs AO FK Zenit Sankt-Peterburg
[2609374] Failed to scrape lineup: https://www.transfermarkt.co.uk/sc-braga_fc-arouca/index/spielbericht/2609374

Keepers & outfield error for **SPAL** in SPAL vs Società Sportiva Calcio Napoli: Numbers: 0 and 11.
[3229254] Failed to build match row: SPAL vs Società Sportiva Calcio Napoli
[3127377] Could not find attributes for nikolaos papadopoulos (A.G.S Asteras Tripolis, 2018)
[3050516] Failed to scrape lineup: https://www.transfermarkt.co.uk/fulham-fc_everton-fc/index/spielbericht/3050516
[3127377] Failed to build match row: A.G.S Asteras Tripolis vs PAS Giannina

Keepers & outfield error for **UD Almería** in UD Almería vs Sevilla Fútbol Club S.A.D.: Numbers: 0 and 11.
[2341089] Failed to build match row: UD Almería vs Sevilla Fútbol Club S.A.D.
[3195022] Failed to scrape lineup: https://www.transfermarkt.co.uk/olympique-marseille_stade-reims/index/spielbericht/3195022
[2618732] Failed to scrape lineup: https://www.transfermarkt.co.uk/spielbericht/index/spielbericht/2618732

Keepers & outfield error for **Sport Lisboa e Benfica** in Sport Lisboa e Benfica vs Rio Ave Futebol Clube: Numbers: 2 and 9.
[2469516] Failed to build match row: Sport Lisboa e Benfica vs Rio Ave Futebol Clube

Keepers & outfield error for **Chievo Verona** in Football Club Internazionale Milano S.p.A. vs Chievo Verona: Numbers: 2 and 9.
[2372937] Failed to scrape lineup: https://www.transfermarkt.co.uk/spielbericht/index/spielbericht/2372937
[2726665] Failed to build match row: Football Club Internazionale Milano S.p.A. vs Chievo Verona
[2765904] Could not find attributes for andris vanins (FC Zürich, 2016)

Keepers & outfield error for **Verona Hellas Football Club** in Chievo Verona vs Verona Hellas Football Club: Numbers: 2 and 9.
[2907486] Failed to build match row: Chievo Verona vs Verona Hellas Football Club
[2765904] Failed to build match row: FC Zürich vs Villarreal Club de Fútbol S.A.D.
[2889054] Could not find attributes for dmitriy tsitsilin (Chayka Peschanokopskoye, 2017)
[2889054] Failed to build match row: Chayka Peschanokopskoye vs Afips Afipskiy (-2018)
[2459694] Could not find attributes for jesse van bezooijen (Nooit Opgeven Altijd Doorzetten Aangenaam Door Vermaak En Nuttig Door Ontspanning Combinatie Breda, 2014)
[3211445] Failed to scrape lineup: https://www.transfermarkt.co.uk/gil-vicente-fc_portimonense-sc/index/spielbericht/3211445
[2459694] Failed to build match row: Go Ahead Eagles vs Nooit Opgeven Altijd Doorzetten Aangenaam Door Vermaak En Nuttig Door Ontspanning Combinatie Breda
[3018934] Failed to scrape lineup: https://www.transfermarkt.co.uk/spielbericht/index/spielbericht/3018934

Keepers & outfield error for **Mönchengladbach** in Borussia Dortmund vs Mönchengladbach: Numbers: 2 and 9.
[2321271] Failed to build match row: Borussia Dortmund vs Mönchengladbach
[3252236] Could not find attributes for laco takacs (SK Slavia Praha, a.s., 2019)
[3195023] Failed to scrape lineup: https://www.transfermarkt.co.uk/paris-saint-germain_nimes-olympique/index/spielbericht/3195023
[2618733] Failed to scrape lineup: https://www.transfermarkt.co.uk/spielbericht/index/spielbericht/2618733
[3252236] Failed to build match row: Borussia Dortmund vs SK Slavia Praha, a.s.
[2598839] Could not find attributes for maksim startsev (Metalurg Zaporizhya (-2016), 2015)
[2598839] Failed to build match row: Metalurg Zaporizhya (-2016) vs Olimpik Donetsk
Not enough players found for lineup: 0, 0.
[2517620] Failed to scrape lineup: https://www.transfermarkt.co.uk/spielbericht/index/spielbericht/2517620
[2726666] Failed to scrape lineup: https://www.transfermarkt.co.uk/uc-sampdoria_fc-empoli/index/spielbericht/2726666

Keepers & outfield error for **Aberdeen Football Club** in Aberdeen Football Club vs Ross County FC: Numbers: 0 and 11.
[2681485] Failed to build match row: Aberdeen Football Club vs Ross County FC
[2609375] Could not find attributes for kuca (CF Os Belenenses, 2015)
[2609375] Failed to build match row: Futebol Clube do Porto vs CF Os Belenenses
[2890514] Failed to scrape lineup: https://www.transfermarkt.co.uk/as-monaco_fc-toulouse/index/spielbericht/2890514
[2568468] Failed to scrape lineup: https://www.transfermarkt.co.uk/cska-moscow_rubin-kazan/index/spielbericht/2568468
[3127378] Could not find attributes for dmytro chygrynskyi (Athlitiki Enosi Konstantinoupoleos, 2018)
[3252237] Failed to scrape lineup: https://www.transfermarkt.co.uk/spielbericht/index/spielbericht/3252237
[3127378] Failed to build match row: Athlitiki Enosi Konstantinoupoleos vs PAS Lamia 1964
[3081159] Failed to scrape lineup: https://www.transfermarkt.co.uk/parma-calcio-1913_us-sassuolo/index/spielbericht/3081159

Keepers & outfield error for **Vitória Setúbal FC** in FC Paços de Ferreira vs Vitória Setúbal FC: Numbers: 3 and 8.
[2581719] Could not find attributes for yanni regasel (Hertha BSC, 2015)
[2720899] Failed to scrape lineup: https://www.transfermarkt.co.uk/cs-maritimo_fc-pacos-de-ferreira/index/spielbericht/2720899
[2469517] Failed to build match row: FC Paços de Ferreira vs Vitória Setúbal FC
[3063738] Failed to scrape lineup: https://www.transfermarkt.co.uk/randers-fc_fc-copenhagen/index/spielbericht/3063738
[2598840] Failed to scrape lineup: https://www.transfermarkt.co.uk/dnipro-dnipropetrovsk-2020-_fc-oleksandriya/index/spielbericht/2598840
[2581719] Failed to build match row: Hannover 96 vs Hertha BSC
[2681486] Failed to scrape lineup: https://www.transfermarkt.co.uk/celtic-fc_motherwell-fc/index/spielbericht/2681486

Keepers & outfield error for **Rio Ave Futebol Clube** in FC Paços de Ferreira vs Rio Ave Futebol Clube: Numbers: 2 and 9.
[3211446] Failed to build match row: FC Paços de Ferreira vs Rio Ave Futebol Clube
[2700372] Could not find attributes for mario kirev (Slavia Sofia, 2016)
[2700372] Failed to build match row: Slavia Sofia vs Zagłębie Lubin Spółka Akcyjna
[2609376] Failed to scrape lineup: https://www.transfermarkt.co.uk/cf-uniao-madeira-2021-_sl-benfica/index/spielbericht/2609376
[3076831] Could not find attributes for justinas janusevskij (FK Trakai, 2018)

Keepers & outfield error for **Association Football Club Bournemouth** in Association Football Club Bournemouth vs Brighton and Hove Albion Football Club: Numbers: 2 and 9.
[3076831] Failed to build match row: FK Trakai vs Fudbalski Klub Partizan Beograd
[2872155] Failed to build match row: Association Football Club Bournemouth vs Brighton and Hove Albion Football Club
[2890515] Failed to scrape lineup: https://www.transfermarkt.co.uk/paris-saint-germain_amiens-sc/index/spielbericht/2890515
[2459696] Failed to scrape lineup: https://www.transfermarkt.co.uk/feyenoord-rotterdam_fc-dordrecht/index/spielbericht/2459696
[3127379] Failed to scrape lineup: https://www.transfermarkt.co.uk/ao-xanthi_olympiacos-piraeus/index/spielbericht/3127379
[3097991] Failed to scrape lineup: https://www.transfermarkt.co.uk/spielbericht/index/spielbericht/3097991
[2735591] Failed to scrape lineup: https://www.transfermarkt.co.uk/as-nancy-lorraine_stade-rennais-fc/index/spielbericht/2735591
[2321273] Failed to scrape lineup: https://www.transfermarkt.co.uk/sv-werder-bremen_vfb-stuttgart/index/spielbericht/2321273
Not enough players found for lineup: 0, 0.
[2378598] Could not find attributes for bilal basacikoglu (Sportclub Heerenveen, 2013)
[2378598] Failed to build match row: Alkmaar Zaanstreek vs Sportclub Heerenveen
[2517621] Failed to scrape lineup: https://www.transfermarkt.co.uk/spielbericht/index/spielbericht/2517621

Keepers & outfield error for **Cagliari Calcio** in Cagliari Calcio vs Genoa Cricket and Football Club: Numbers: 0 and 11.
[2487350] Could not find attributes for vitaliy denisov (Футбольный клуб "Локомотив" Москва, 2014)
[2726667] Failed to build match row: Cagliari Calcio vs Genoa Cricket and Football Club
[2487350] Failed to build match row: Kuban Krasnodar (-2018) vs Футбольный клуб "Локомотив" Москва
[2847137] Could not find attributes for tom hateley (Dundee Football Club, 2016)
[2847137] Failed to build match row: Dundee Football Club vs Ross County FC
[3252238] Could not find attributes for chiquinho (Sport Lisboa e Benfica, 2019)
[3252238] Failed to build match row: Sport Lisboa e Benfica vs AO FK Zenit Sankt-Peterburg
[2569123] Could not find attributes for vitaliy denisov (Футбольный клуб "Локомотив" Москва, 2014)
[2569123] Failed to build match row: Футбольный клуб "Локомотив" Москва vs Kuban Krasnodar (-2018)

Keepers & outfield error for **Sporting Clube de Braga** in Sporting Clube de Braga vs Clube Desportivo Santa Clara: Numbers: 0 and 11.
[3211447] Failed to build match row: Sporting Clube de Braga vs Clube Desportivo Santa Clara
[3063747] Failed to scrape lineup: https://www.transfermarkt.co.uk/aalborg-bk_sonderjyske/index/spielbericht/3063747
[3081160] Could not find attributes for valon behrami (Udinese Calcio, 2018)
[3081160] Failed to build match row: Udinese Calcio vs Associazione Sportiva Roma

Keepers & outfield error for **FC Shakhtar Donetsk** in FC Shakhtar Donetsk vs Chornomorets Odesa: Numbers: 2 and 9.
[2598841] Failed to build match row: FC Shakhtar Donetsk vs Chornomorets Odesa
[3286268] Failed to scrape lineup: https://www.transfermarkt.co.uk/spielbericht/index/spielbericht/3286268
[2618734] Could not find attributes for pal andre helland (Rosenborg Ballklub, 2015)
[2618734] Failed to build match row: AS Saint-Étienne vs Rosenborg Ballklub
[3018935] Failed to scrape lineup: https://www.transfermarkt.co.uk/spielbericht/index/spielbericht/3018935

Keepers & outfield error for **Moreirense Futebol Clube** in Futebol Clube do Porto vs Moreirense Futebol Clube: Numbers: 2 and 9.
[2720900] Failed to build match row: Futebol Clube do Porto vs Moreirense Futebol Clube
[2487351] Could not find attributes for stipe pletikosa (FK Rostov, 2014)
[2487351] Failed to build match row: FK Rostov vs Mordovia Saransk (-2020)
[2581721] Failed to scrape lineup: https://www.transfermarkt.co.uk/1-fsv-mainz-05_vfl-wolfsburg/index/spielbericht/2581721
[2569175] Failed to scrape lineup: https://www.transfermarkt.co.uk/spielbericht/index/spielbericht/2569175
[2498467] Failed to scrape lineup: https://www.transfermarkt.co.uk/spartak-moscow_terek-grozny/index/spielbericht/2498467
[3286269] Failed to scrape lineup: https://www.transfermarkt.co.uk/spielbericht/index/spielbericht/3286269
[2478425] Could not find attributes for admir teli (Qarabağ FK, 2014)
[3063748] Failed to scrape lineup: https://www.transfermarkt.co.uk/aarhus-gf_fc-midtjylland/index/spielbericht/3063748
[2598842] Failed to scrape lineup: https://www.transfermarkt.co.uk/volyn-lutsk_zorya-lugansk/index/spielbericht/2598842
[3211448] Failed to scrape lineup: https://www.transfermarkt.co.uk/fc-porto_fc-famalicao/index/spielbericht/3211448
[2478425] Failed to build match row: Qarabağ FK vs Fußballclub Red Bull Salzburg
[2346099] Could not find attributes for sezgin coskun (Eskisehirspor, 2013)
[2346099] Failed to build match row: Eskisehirspor vs Akhisarspor
[2681487] Could not find attributes for arnaud djoum (Heart of Midlothian Football Club, 2015)
[2378599] Could not find attributes for iliass bel hassani (Heracles Almelo, 2013)
[2378599] Failed to build match row: Heracles Almelo vs Feyenoord Rotterdam
[2681487] Failed to build match row: Heart of Midlothian Football Club vs St. Johnstone FC

Keepers & outfield error for **Vitória Sport Clube** in Vitória Sport Clube vs Sporting Clube de Portugal: Numbers: 2 and 9.
[2469518] Failed to build match row: Vitória Sport Clube vs Sporting Clube de Portugal

Keepers & outfield error for **Olympique Lyonnais** in Olympique Lyonnais vs RasenBallsport Leipzig: Numbers: 2 and 9.
[3252239] Failed to build match row: Olympique Lyonnais vs RasenBallsport Leipzig
[3205090] Failed to scrape lineup: https://www.transfermarkt.co.uk/spielbericht/index/spielbericht/3205090
[3219345] Failed to scrape lineup: https://www.transfermarkt.co.uk/burnley-fc_crystal-palace/index/spielbericht/3219345
[2720901] Failed to scrape lineup: https://www.transfermarkt.co.uk/vitoria-setubal-fc_cd-nacional/index/spielbericht/2720901
[2581722] Failed to scrape lineup: https://www.transfermarkt.co.uk/sv-darmstadt-98_hamburger-sv/index/spielbericht/2581722
[2576512] Failed to scrape lineup: https://www.transfermarkt.co.uk/spielbericht/index/spielbericht/2576512

Keepers & outfield error for **Sporting Clube de Portugal** in Sporting Clube de Portugal vs Футбольный клуб "Локомотив" Москва: Numbers: 0 and 11.
[2618735] Failed to build match row: Sporting Clube de Portugal vs Футбольный клуб "Локомотив" Москва
[2636494] Could not find attributes for sergiy basov (FC Oleksandriya, 2015)
[2636494] Failed to build match row: FC Oleksandriya vs Futbolniy Klub Dynamo Kyiv

Keepers & outfield error for **Association sportive de Monaco Football Club** in Stade Reims vs Association sportive de Monaco Football Club: Numbers: 2 and 9.
[2847138] Could not find attributes for elliott frear (Motherwell Football Club, 2016)
[3394667] Could not find attributes for trevoh chalobah (Football Club Lorient-Bretagne Sud, 2020)
[2330913] Failed to build match row: Stade Reims vs Association sportive de Monaco Football Club
[3394667] Failed to build match row: Lille Olympique Sporting Club vs Football Club Lorient-Bretagne Sud
[3195254] Failed to scrape lineup: https://www.transfermarkt.co.uk/fc-metz_as-monaco/index/spielbericht/3195254
[3063749] Failed to scrape lineup: https://www.transfermarkt.co.uk/brondby-if_randers-fc/index/spielbericht/3063749
[2478426] Failed to scrape lineup: https://www.transfermarkt.co.uk/spielbericht/index/spielbericht/2478426
[2598843] Failed to scrape lineup: https://www.transfermarkt.co.uk/vorskla-poltava_dynamo-kyiv/index/spielbericht/2598843

Keepers & outfield error for **EA Guingamp** in Football Club de Metz vs EA Guingamp: Numbers: 2 and 9.
[2890517] Failed to build match row: Football Club de Metz vs EA Guingamp
[2882491] Failed to scrape lineup: https://www.transfermarkt.co.uk/spielbericht/index/spielbericht/2882491
[2726669] Failed to scrape lineup: https://www.transfermarkt.co.uk/torino-fc_ac-milan/index/spielbericht/2726669
[3205091] Failed to scrape lineup: https://www.transfermarkt.co.uk/spielbericht/index/spielbericht/3205091
[2482156] Failed to scrape lineup: https://www.transfermarkt.co.uk/rc-lens_as-saint-etienne/index/spielbericht/2482156
[3211449] Could not find attributes for show (B SAD, 2019)
[3211449] Failed to build match row: B SAD vs Desportivo Aves (- 2020)
[2636495] Failed to scrape lineup: https://www.transfermarkt.co.uk/spielbericht/index/spielbericht/2636495
[2335058] Failed to scrape lineup: https://www.transfermarkt.co.uk/partick-thistle-fc-_ross-county-fc/index/spielbericht/2335058
[2907487] Could not find attributes for salvatore burrai (Pordenone Calcio, 2017)
[2478427] Failed to scrape lineup: https://www.transfermarkt.co.uk/spielbericht/index/spielbericht/2478427
[2907487] Failed to build match row: Cagliari Calcio vs Pordenone Calcio
[2705348] Could not find attributes for anice badri (Royal Excel Mouscron (-2022), 2016)
[2705348] Failed to build match row: Royal Excel Mouscron (-2022) vs Royal Sporting Club Anderlecht

Keepers & outfield error for **Moreirense Futebol Clube** in CS Marítimo vs Moreirense Futebol Clube: Numbers: 3 and 8.
[2469519] Failed to build match row: CS Marítimo vs Moreirense Futebol Clube
[2890518] Failed to scrape lineup: https://www.transfermarkt.co.uk/montpellier-hsc_sm-caen/index/spielbericht/2890518
[2882492] Failed to scrape lineup: https://www.transfermarkt.co.uk/spielbericht/index/spielbericht/2882492

Keepers & outfield error for **Grupo Desportivo Estoril Praia** in CD Feirense vs Grupo Desportivo Estoril Praia: Numbers: 0 and 11.
[2720902] Failed to build match row: CD Feirense vs Grupo Desportivo Estoril Praia
[3252241] Failed to scrape lineup: https://www.transfermarkt.co.uk/spielbericht/index/spielbericht/3252241
[2681587] Could not find attributes for marcus rashford (Manchester United Football Club, 2015)
[2681587] Failed to build match row: Everton Football Club vs Manchester United Football Club
[2478428] Failed to scrape lineup: https://www.transfermarkt.co.uk/spielbericht/index/spielbericht/2478428
[2335059] Failed to scrape lineup: https://www.transfermarkt.co.uk/partick-thistle-fc-_kilmarnock-fc/index/spielbericht/2335059
[2700373] Could not find attributes for joan salomo (UE Santa Coloma, 2016)
[2636496] Could not find attributes for yuriy pankiv (PFK Stal Kamyanske (-2018), 2015)
[2890519] Failed to scrape lineup: https://www.transfermarkt.co.uk/as-saint-etienne_ogc-nice/index/spielbericht/2890519
[2700373] Failed to build match row: UE Santa Coloma vs NK Lokomotiva Zagreb
[3127380] Could not find attributes for georgios strezos (Omilos Filathlon Irakliou FC, 2018)
[2636496] Failed to build match row: PFK Stal Kamyanske (-2018) vs Dnipro Dnipropetrovsk (-2020)
[3127380] Failed to build match row: Omilos Filathlon Irakliou FC vs Panathinaikos Athlitikos Omilos
Not enough players found for lineup: 11, 0.
[2765906] Failed to scrape lineup: https://www.transfermarkt.co.uk/spielbericht/index/spielbericht/2765906
[3229257] Could not find attributes for ragnar klavan (Cagliari Calcio, 2019)
[3229257] Failed to build match row: Cagliari Calcio vs Bologna Football Club 1909
[2517622] Failed to scrape lineup: https://www.transfermarkt.co.uk/spielbericht/index/spielbericht/2517622
[2589114] Could not find attributes for christian kum (Football Club Utrecht, 2015)
[2589114] Failed to build match row: Football Club Utrecht vs Feyenoord Rotterdam

Keepers & outfield error for **Vitória Setúbal FC** in Vitória Setúbal FC vs Grupo Desportivo Estoril Praia: Numbers: 0 and 11.
[2609378] Failed to build match row: Vitória Setúbal FC vs Grupo Desportivo Estoril Praia
[3286270] Could not find attributes for inaki perujo (Peña Sport FC, 2019)
[3286270] Failed to build match row: Peña Sport FC vs CF Fuenlabrada
[2459697] Could not find attributes for luigi bruins (Excelsior Rotterdam, 2014)
[2618736] Could not find attributes for orges shehi (KF Skënderbeu, 2015)
[3219347] Could not find attributes for robert snodgrass (West Ham United Football Club, 2019)
[2459697] Failed to build match row: Willem II Tilburg vs Excelsior Rotterdam
[2618736] Failed to build match row: KF Skënderbeu vs Beşiktaş Jimnastik Kulübü
[3219347] Failed to build match row: Chelsea Football Club vs West Ham United Football Club

Keepers & outfield error for **Clube Desportivo de Tondela** in Clube Desportivo de Tondela vs Sport Lisboa e Benfica: Numbers: 0 and 11.
[3211450] Failed to build match row: Clube Desportivo de Tondela vs Sport Lisboa e Benfica
[2720903] Could not find attributes for jorginho (Futebol Clube de Arouca, 2016)
[2720903] Failed to build match row: Futebol Clube de Arouca vs Boavista FC
[2882493] Could not find attributes for andrey ryzhikov (Sokol Saratov, 2017)
[2882493] Failed to build match row: Sokol Saratov vs Zenit Penza

Keepers & outfield error for **RasenBallsport Leipzig** in RasenBallsport Leipzig vs Olympique de Marseille: Numbers: 0 and 11.
[3018979] Failed to build match row: RasenBallsport Leipzig vs Olympique de Marseille
[2498468] Could not find attributes for vitaliy denisov (Футбольный клуб "Локомотив" Москва, 2014)
[2498468] Failed to build match row: PFK CSKA Moskva vs Футбольный клуб "Локомотив" Москва
[2576657] Could not find attributes for timo backer (TuS Erndtebrück, 2015)
[3394669] Could not find attributes for yuto nagatomo (Olympique de Marseille, 2020)
[2576657] Failed to build match row: TuS Erndtebrück vs SV Darmstadt 98
[3394669] Failed to build match row: Olympique de Marseille vs Olympique Gymnaste Club Nice Côte d'Azur
[2335060] Could not find attributes for marian kello (Saint Mirren Football Club, 2013)
[2335060] Failed to build match row: Saint Mirren Football Club vs Partick Thistle FC
[2469520] Could not find attributes for jander (Gil Vicente Futebol Clube, 2014)
[2598844] Could not find attributes for sergiy pogorilyi (Metalist Kharkiv (- 2016), 2015)
[2469520] Failed to build match row: Gil Vicente Futebol Clube vs Futebol Clube de Arouca
[2598844] Failed to build match row: Metalist Kharkiv (- 2016) vs PFK Stal Kamyanske (-2018)
[2890520] Could not find attributes for ludovic baal (Rennes, 2017)
[2890520] Failed to build match row: ESTAC Troyes vs Rennes
[2321276] Could not find attributes for ondrej petrak (1.FC Nuremberg, 2013)
[2321276] Failed to build match row: Hamburger Sport Verein vs 1.FC Nuremberg
[3195255] Failed to scrape lineup: https://www.transfermarkt.co.uk/fc-toulouse_dijon-fco/index/spielbericht/3195255
[3127381] Could not find attributes for balazs megyeri (APS Atromitos Athinon, 2018)
[3127381] Failed to build match row: APS Atromitos Athinon vs Aris Thessalonikis

Keepers & outfield error for **Genoa Cricket and Football Club** in Juventus Football Club vs Genoa Cricket and Football Club: Numbers: 0 and 11.
[3229258] Failed to build match row: Juventus Football Club vs Genoa Cricket and Football Club
[2518105] Could not find attributes for jazz richards (Swansea City, 2014)

Keepers & outfield error for **FC Shakhtar Donetsk** in FC Shakhtar Donetsk vs Vorskla Poltava: Numbers: 2 and 9.
[2636497] Failed to build match row: FC Shakhtar Donetsk vs Vorskla Poltava

Keepers & outfield error for **Alaves** in Alaves vs Real Madrid Club de Fútbol: Numbers: 2 and 9.
[2518105] Failed to build match row: Tranmere Rovers vs Swansea City
[2899604] Failed to build match row: Alaves vs Real Madrid Club de Fútbol
[2589115] Could not find attributes for ron vlaar (Alkmaar Zaanstreek, 2015)
[2589115] Failed to build match row: AFC Ajax Amsterdam vs Alkmaar Zaanstreek

Keepers & outfield error for **Paris Saint-Germain Football Club** in AS Saint-Étienne vs Paris Saint-Germain Football Club: Numbers: 2 and 9.
[3076832] Could not find attributes for nemanja calasan (Fudbalski Klub Spartak Ždrepčeva krv, 2018)
[2330915] Failed to build match row: AS Saint-Étienne vs Paris Saint-Germain Football Club
[3076832] Failed to build match row: AC Sparta Praha, a. s. vs Fudbalski Klub Spartak Ždrepčeva krv
[3050517] Failed to scrape lineup: https://www.transfermarkt.co.uk/leicester-city_newcastle-united/index/spielbericht/3050517
[2907488] Failed to scrape lineup: https://www.transfermarkt.co.uk/spielbericht/index/spielbericht/2907488
[2335061] Could not find attributes for duncan watmore (Hibernian Football Club, 2013)
[2335061] Failed to build match row: Partick Thistle FC vs Hibernian Football Club

Keepers & outfield error for **Celta** in Celta vs Granada CF: Numbers: 2 and 9.
[2341090] Failed to build match row: Celta vs Granada CF

Keepers & outfield error for **FC Penafiel** in FC Penafiel vs Grupo Desportivo Estoril Praia: Numbers: 3 and 8.
[2469521] Failed to build match row: FC Penafiel vs Grupo Desportivo Estoril Praia
[2346100] Could not find attributes for erdinc yavuz (Konyaspor, 2013)
[2700374] Could not find attributes for aleksandar panovski (Sileks Kratovo, 2016)
[2700374] Failed to build match row: FC Vaduz vs Sileks Kratovo
[2346100] Failed to build match row: Konyaspor vs Antalyaspor
[2720904] Could not find attributes for fabio sturgeon (CF Os Belenenses, 2016)
[2359465] Could not find attributes for keita balde (Società Sportiva Lazio S.p.A., 2013)

Keepers & outfield error for **Valencia Club de Fútbol S. A. D.** in Manchester United Football Club vs Valencia Club de Fútbol S. A. D.: Numbers: 0 and 11.
[2720904] Failed to build match row: CF Os Belenenses vs Vitória Setúbal FC
[3097994] Failed to build match row: Manchester United Football Club vs Valencia Club de Fútbol S. A. D.
[2359465] Failed to build match row: Società Sportiva Lazio S.p.A. vs Atalanta Bergamasca Calcio S.p.a.
[2636498] Failed to scrape lineup: https://www.transfermarkt.co.uk/spielbericht/index/spielbericht/2636498
[2735594] Could not find attributes for younes belhanda (Olympique Gymnaste Club Nice Côte d'Azur, 2016)
[2765907] Could not find attributes for jakub brabec (Koninklijke Racing Club Genk, 2016)
[2765907] Failed to build match row: Koninklijke Racing Club Genk vs Sportklub Rapid
[2735594] Failed to build match row: Lille Olympique Sporting Club vs Olympique Gymnaste Club Nice Côte d'Azur
[2478429] Could not find attributes for steeve elana (Lille Olympique Sporting Club, 2014)
[2726671] Could not find attributes for albano bizzarri (Delfino Pescara 1936, 2016)
[2726671] Failed to build match row: Società Sportiva Calcio Napoli vs Delfino Pescara 1936
[2478429] Failed to build match row: Grasshopper Club Zürich vs Lille Olympique Sporting Club
[3081165] Could not find attributes for darijo srna (Cagliari Calcio, 2018)
[3219349] Failed to scrape lineup: https://www.transfermarkt.co.uk/sheffield-united_manchester-united/index/spielbericht/3219349
[3081165] Failed to build match row: Frosinone Calcio vs Cagliari Calcio
[2705352] Failed to scrape lineup: https://www.transfermarkt.co.uk/kvc-westerlo_standard-liege/index/spielbericht/2705352
[2682241] Failed to scrape lineup: https://www.transfermarkt.co.uk/spielbericht/index/spielbericht/2682241
[2847140] Failed to scrape lineup: https://www.transfermarkt.co.uk/st-johnstone-fc_partick-thistle-fc/index/spielbericht/2847140
[3018981] Could not find attributes for fabio coentrao (Sporting Clube de Portugal, 2017)
[3195257] Failed to scrape lineup: https://www.transfermarkt.co.uk/as-saint-etienne_stade-brestois-29/index/spielbericht/3195257
[3018981] Failed to build match row: Club Atlético de Madrid S.A.D. vs Sporting Clube de Portugal
[2488202] Could not find attributes for zizo (Lierse SK (- 2018), 2014)

Keepers & outfield error for **Olympique Lyonnais** in Angers Sporting Club de l'Ouest vs Olympique Lyonnais: Numbers: 2 and 9.
[2576658] Could not find attributes for raphael koczor (FC Carl Zeiss Jena, 2015)
[3394670] Failed to build match row: Angers Sporting Club de l'Ouest vs Olympique Lyonnais
[2488202] Failed to build match row: Lierse SK (- 2018) vs Royal Charleroi Sporting Club
[2576658] Failed to build match row: FC Carl Zeiss Jena vs Hamburger Sport Verein
[2482159] Failed to scrape lineup: https://www.transfermarkt.co.uk/olympique-marseille_stade-rennais-fc/index/spielbericht/2482159

Keepers & outfield error for **Elche Club de Fútbol S.A.D.** in Elche Club de Fútbol S.A.D. vs Real Valladolid CF: Numbers: 0 and 11.
[2341091] Failed to build match row: Elche Club de Fútbol S.A.D. vs Real Valladolid CF
[2636499] Could not find attributes for vyacheslav checher (FC Zorya Lugansk, 2015)
[2636499] Failed to build match row: FC Zorya Lugansk vs Volyn Lutsk
[2765908] Failed to scrape lineup: https://www.transfermarkt.co.uk/spielbericht/index/spielbericht/2765908
[2726672] Failed to scrape lineup: https://www.transfermarkt.co.uk/udinese-calcio_as-roma/index/spielbericht/2726672
[3229260] Failed to scrape lineup: https://www.transfermarkt.co.uk/ac-milan_spal/index/spielbericht/3229260
[3076833] Could not find attributes for mladen zivkovic (Fudbalski Klub Radnički Niš, 2018)
[3076833] Failed to build match row: Fudbalski Klub Radnički Niš vs Maccabi Tel Aviv
[3018982] Failed to scrape lineup: https://www.transfermarkt.co.uk/spielbericht/index/spielbericht/3018982
[2705353] Failed to scrape lineup: https://www.transfermarkt.co.uk/krc-genk_kv-oostende-2024-/index/spielbericht/2705353
[3081166] Failed to scrape lineup: https://www.transfermarkt.co.uk/ac-milan_parma-calcio-1913/index/spielbericht/3081166
[2847141] Failed to scrape lineup: https://www.transfermarkt.co.uk/dundee-fc_inverness-caledonian-thistle-fc/index/spielbericht/2847141

Keepers & outfield error for **Clube Desportivo Nacional** in Futebol Clube do Porto vs Clube Desportivo Nacional: Numbers: 0 and 11.
[3205092] Could not find attributes for martin jedlicka (DAC Dunajska Streda, 2019)
[2321278] Could not find attributes for alexander madlung (Eintracht Frankfurt Fußball AG, 2013)
[2469522] Failed to build match row: Futebol Clube do Porto vs Clube Desportivo Nacional
[2321278] Failed to build match row: Eintracht Frankfurt Fußball AG vs Sport-Club Freiburg
[3205092] Failed to build match row: DAC Dunajska Streda vs Klub Sportowy Cracovia Spółka Akcyjna

Keepers & outfield error for **Football Club de Metz** in Football Club de Nantes vs Football Club de Metz: Numbers: 0 and 11.
[3394671] Failed to build match row: Football Club de Nantes vs Football Club de Metz
[3097995] Could not find attributes for thibault vlietinck (Club Brugge Koninklijke Voetbalvereniging, 2018)
[3097995] Failed to build match row: Club Brugge Koninklijke Voetbalvereniging vs Association sportive de Monaco Football Club
[2482160] Failed to scrape lineup: https://www.transfermarkt.co.uk/fc-metz_sc-bastia/index/spielbericht/2482160
[2341092] Failed to scrape lineup: https://www.transfermarkt.co.uk/ud-almeria_levante-ud/index/spielbericht/2341092
t/2890522
[2581726] Failed to scrape lineup: https://www.transfermarkt.co.uk/hamburger-sv_borussia-dortmund/index/spielbericht/2581726
[3063751] Could not find attributes for louka prip (AC Horsens, 2018)
[3063751] Failed to build match row: AC Horsens vs Odense Boldklub
[2636500] Could not find attributes for danylo kucher (Dnipro Dnipropetrovsk (-2020), 2015)
[2636500] Failed to build match row: Dnipro Dnipropetrovsk (-2020) vs PFK Stal Kamyanske (-2018)
[2498469] Could not find attributes for branko jovicic (Amkar Perm, 2014)
[2589117] Could not find attributes for wout brama (Prins Hendrik Ende Desespereert Nimmer Combinatie Zwolle, 2015)
[2498469] Failed to build match row: Amkar Perm vs FK Krasnodar

Keepers & outfield error for **Manchester United Football Club** in Manchester United Football Club vs Feyenoord Rotterdam: Numbers: 0 and 11.
[2765909] Failed to build match row: Manchester United Football Club vs Feyenoord Rotterdam
 vs De Graafschap Doetinchem
[2735595] Could not find attributes for jeremie aliadiere (Football Club Lorient-Bretagne Sud, 2016)
[2735595] Failed to build match row: Olympique Lyonnais vs Football Club Lorient-Bretagne Sud
[2346101] Could not find attributes for gokhan degirmenci (Kayserispor Kulübü, 2013)
[2346101] Failed to build match row: Kayserispor Kulübü vs Beşiktaş Jimnastik Kulübü

Keepers & outfield error for **Cagliari Calcio** in Associazione Sportiva Roma vs Cagliari Calcio: Numbers: 0 and 11.
[2700375] Could not find attributes for kostadin zahov (Shkendija Tetovo, 2016)
[2726673] Failed to build match row: Associazione Sportiva Roma vs Cagliari Calcio
[2700375] Failed to build match row: Shkendija Tetovo vs Klub Sportowy Cracovia Spółka Akcyjna

Keepers & outfield error for **Associazione Calcio Fiorentina** in Juventus Football Club vs Associazione Calcio Fiorentina: Numbers: 0 and 11.
[2359467] Failed to build match row: Juventus Football Club vs Associazione Calcio Fiorentina
[2847142] Could not find attributes for elliott frear (Motherwell Football Club, 2016)
[2705354] Could not find attributes for danijel milicevic (Koninklijke Atletiek Associatie Gent, 2016)
[2847142] Failed to build match row: Motherwell Football Club vs Kilmarnock Football Club
[2705354] Failed to build match row: KV Kortrijk vs Koninklijke Atletiek Associatie Gent
[2469523] Could not find attributes for pintassilgo (Futebol Clube de Arouca, 2014)
[2469523] Failed to build match row: Futebol Clube de Arouca vs Vitória Sport Clube

Keepers & outfield error for **RasenBallsport Leipzig** in Olympique de Marseille vs RasenBallsport Leipzig: Numbers: 0 and 11.
[2576660] Could not find attributes for markus brzenska (FC Viktoria Köln, 2015)
[2872163] Could not find attributes for tom cleverley (Watford FC, 2017)
[2581727] Could not find attributes for daniel schwaab (Verein für Bewegungsspiele Stuttgart 1893, 2015)
[3018983] Failed to build match row: Olympique de Marseille vs RasenBallsport Leipzig

Keepers & outfield error for **Vitória Sport Clube** in Sporting Clube de Portugal vs Vitória Sport Clube: Numbers: 0 and 11.
[2872163] Failed to build match row: Watford FC vs Manchester City Football Club
[2581727] Failed to build match row: Verein für Bewegungsspiele Stuttgart 1893 vs Fußball-Club Augsburg 1907
[2576660] Failed to build match row: FC Viktoria Köln vs 1. Fußballclub Union Berlin
[2765910] Could not find attributes for brown ideye (Olympiakos Syndesmos Filathlon Peiraios, 2016)
[3211452] Failed to build match row: Sporting Clube de Portugal vs Vitória Sport Clube
[2765910] Failed to build match row: Olympiakos Syndesmos Filathlon Peiraios vs Berner Sport Club Young Boys

Keepers & outfield error for **Sporting Clube de Braga** in Sporting Clube de Braga vs Vitória Sport Clube: Numbers: 2 and 9.
[2720906] Failed to build match row: Sporting Clube de Braga vs Vitória Sport Clube
[2899607] Failed to scrape lineup: https://www.transfermarkt.co.uk/malaga-cf_athletic-bilbao/index/spielbericht/2899607
[2589118] Could not find attributes for ron vlaar (Alkmaar Zaanstreek, 2015)
[2589118] Failed to build match row: Alkmaar Zaanstreek vs Excelsior Rotterdam
[2335063] Could not find attributes for vangelis ikonomou (Ross County FC, 2013)
[2335063] Failed to build match row: Ross County FC vs Partick Thistle FC
[2346102] Could not find attributes for boy waterman (Kardemir Karabükspor, 2013)
[2346102] Failed to build match row: Kardemir Karabükspor vs Çaykur Rizespor Kulübü
[3076834] Could not find attributes for gentian selmani (KF Laçi, 2018)
[3076834] Failed to build match row: Molde Fotballklubb vs KF Laçi
[2636558] Could not find attributes for anders qvist (FC Roskilde, 2015)
[2636558] Failed to build match row: FC Roskilde vs Aalborg BK
[2378600] Could not find attributes for patrick zonneveld (VV IJsselmeervogels, 2013)
[2378600] Failed to build match row: VV IJsselmeervogels vs AFC Ajax Amsterdam
[3229261] Failed to scrape lineup: https://www.transfermarkt.co.uk/ssc-napoli_atalanta-bc/index/spielbericht/3229261
[3081167] Failed to scrape lineup: https://www.transfermarkt.co.uk/as-roma_inter-milan/index/spielbericht/3081167
[3219351] Failed to scrape lineup: https://www.transfermarkt.co.uk/brighton-amp-hove-albion_leicester-city/index/spielbericht/3219351

Keepers & outfield error for **Sport Lisboa e Benfica** in Sport Lisboa e Benfica vs Vitória Setúbal FC: Numbers: 2 and 9.
[2498710] Failed to build match row: Sport Lisboa e Benfica vs Vitória Setúbal FC
[3050519] Failed to scrape lineup: https://www.transfermarkt.co.uk/manchester-united_west-ham-united/index/spielbericht/3050519
[2478430] Could not find attributes for imoh ezekiel (Royal Standard Club de Liège, 2014)
[2478430] Failed to build match row: Royal Standard Club de Liège vs Panathinaikos Athlitikos Omilos
[2720907] Could not find attributes for ponck (GD Chaves, 2016)
[2720907] Failed to build match row: GD Chaves vs Clube Desportivo Nacional

Keepers & outfield error for **Chievo Verona** in Chievo Verona vs Associazione Calcio Fiorentina: Numbers: 2 and 9.
[2726675] Failed to build match row: Chievo Verona vs Associazione Calcio Fiorentina

Keepers & outfield error for **RFK Akhmat Grozny** in RFK Akhmat Grozny vs Kuban Krasnodar (-2018): Numbers: 2 and 9.
[2599214] Failed to build match row: RFK Akhmat Grozny vs Kuban Krasnodar (-2018)
[3076835] Could not find attributes for gentian selmani (KF Laçi, 2018)
[3076835] Failed to build match row: KF Laçi vs Molde Fotballklubb
[3063752] Failed to scrape lineup: https://www.transfermarkt.co.uk/fc-copenhagen_vendsyssel-ff/index/spielbericht/3063752
[3394672] Failed to scrape lineup: https://www.transfermarkt.co.uk/dijon-fco_rc-lens/index/spielbericht/3394672
[2891419] Could not find attributes for mladen bozovic (Athlitiki Enosi Larisas, 2017)
[2891419] Failed to build match row: Olympiakos Syndesmos Filathlon Peiraios vs Athlitiki Enosi Larisas
[2735597] Could not find attributes for oussama haddadi (Dijon FCO, 2016)
[2636559] Could not find attributes for kees luijckx (Sønderjyske Fodbold, 2015)
[2346103] Could not find attributes for ramazan kose (Gençlerbirliği Spor Kulübü, 2013)
[2882494] Could not find attributes for ruslan navletov (Mordovia Saransk (-2020), 2017)

Keepers & outfield error for **Boavista FC** in Boavista FC vs FC Penafiel: Numbers: 2 and 9.
[2735597] Failed to build match row: Dijon FCO vs SC Bastia
[2346103] Failed to build match row: Gençlerbirliği Spor Kulübü vs Trabzonspor Kulübü
[2636559] Failed to build match row: Sønderjyske Fodbold vs Aarhus Gymnastik Forening
[2882494] Failed to build match row: Mordovia Saransk (-2020) vs Syzran-2003
[2469524] Failed to build match row: Boavista FC vs FC Penafiel
[2700376] Could not find attributes for damjan siskovski (Rabotnicki Skopje, 2016)
[2700376] Failed to build match row: Rabotnicki Skopje vs Buducnost Podgorica

Keepers & outfield error for **Wolverhampton Wanderers Football Club** in Wolverhampton Wanderers Football Club vs Aston Villa Football Club: Numbers: 0 and 11.
[3219352] Failed to build match row: Wolverhampton Wanderers Football Club vs Aston Villa Football Club

Keepers & outfield error for **Association sportive de Monaco Football Club** in Royal Sporting Club Anderlecht vs Association sportive de Monaco Football Club: Numbers: 2 and 9.
[2618739] Failed to build match row: Royal Sporting Club Anderlecht vs Association sportive de Monaco Football Club

Keepers & outfield error for **Olympique Gymnaste Club Nice Côte d'Azur** in Nîmes Olympique vs Olympique Gymnaste Club Nice Côte d'Azur: Numbers: 2 and 9.
[3050520] Could not find attributes for danny ings (Southampton FC, 2018)

Keepers & outfield error for **Sporting Clube de Braga** in Sporting Clube de Braga vs Futebol Clube de Arouca: Numbers: 2 and 9.
[3195258] Failed to build match row: Nîmes Olympique vs Olympique Gymnaste Club Nice Côte d'Azur
[3205093] Could not find attributes for zoran akovic (FK Zeta Golubovac, 2019)
[3050520] Failed to build match row: Southampton FC vs Wolverhampton Wanderers Football Club
[2498711] Failed to build match row: Sporting Clube de Braga vs Futebol Clube de Arouca
[3205093] Failed to build match row: FK Zeta Golubovac vs Videoton FC
[2359468] Could not find attributes for tiberio guarente (Chievo Verona, 2013)
[2359468] Failed to build match row: Chievo Verona vs Genoa Cricket and Football Club

Keepers & outfield error for **Royal Sporting Club Anderlecht** in Royal Sporting Club Anderlecht vs SK Beveren: Numbers: 0 and 11.
[2488205] Failed to build match row: Royal Sporting Club Anderlecht vs SK Beveren
[2720908] Failed to scrape lineup: https://www.transfermarkt.co.uk/fc-pacos-de-ferreira_moreirense-fc/index/spielbericht/2720908

Keepers & outfield error for **Royal Excel Mouscron (-2022)** in Royal Excel Mouscron (-2022) vs Royal Charleroi Sporting Club: Numbers: 0 and 11.

Keepers & outfield error for **Real Madrid Club de Fútbol** in Villarreal Club de Fútbol S.A.D. vs Real Madrid Club de Fútbol: Numbers: 2 and 9.
[2341094] Failed to build match row: Villarreal Club de Fútbol S.A.D. vs Real Madrid Club de Fútbol
[2705356] Failed to build match row: Royal Excel Mouscron (-2022) vs Royal Charleroi Sporting Club
[3018984] Could not find attributes for kristijan bistrovic (PFK CSKA Moskva, 2017)
[3252245] Failed to scrape lineup: https://www.transfermarkt.co.uk/spielbericht/index/spielbericht/3252245
[3018984] Failed to build match row: PFK CSKA Moskva vs Arsenal Football Club
Not enough players found for lineup: 0, 11.
[2911665] Could not find attributes for ernesto machuca (CF Talavera de la Reina, 2017)
[2700377] Failed to scrape lineup: https://www.transfermarkt.co.uk/spielbericht/index/spielbericht/2700377
[3211453] Could not find attributes for carlinhos (Vitória Setúbal FC, 2019)
[2911665] Failed to build match row: CF Talavera de la Reina vs CD Toledo
[2346104] Could not find attributes for korcan celikay (Sivasspor, 2013)
[3211453] Failed to build match row: Vitória Setúbal FC vs CS Marítimo
[2346104] Failed to build match row: Sivasspor vs Bursaspor

Keepers & outfield error for **Deportivo de La Coruña** in SD Eibar vs Deportivo de La Coruña: Numbers: 2 and 9.
[3063753] Could not find attributes for branko ilic (Vejle Boldklub, 2018)
[2899608] Failed to build match row: SD Eibar vs Deportivo de La Coruña
[2891420] Could not find attributes for theodoros tripotseris (APO Levadiakos Football Club, 2017)
[3063753] Failed to build match row: Vejle Boldklub vs Fodbold Club Nordsjælland
[2618740] Could not find attributes for ibrahim sehic (Qarabağ FK, 2015)
[2891420] Failed to build match row: APO Levadiakos Football Club vs Panthessalonikios Athlitikos Omilos Konstantinoupoliton
[2618740] Failed to build match row: Tottenham Hotspur Football Club vs Qarabağ FK
[2478431] Could not find attributes for vitinha (Ludogorets Razgrad, 2014)
[3195259] Failed to scrape lineup: https://www.transfermarkt.co.uk/fc-nantes_olympique-marseille/index/spielbericht/3195259
[3229262] Could not find attributes for eddie salcedo (Verona Hellas Football Club, 2019)
[3050521] Could not find attributes for moussa sissoko (Tottenham Hotspur Football Club, 2018)
[2847143] Could not find attributes for reghan tumilty (Ross County FC, 2016)
[2478431] Failed to build match row: Ludogorets Razgrad vs Fudbalski Klub Partizan Beograd
[3229262] Failed to build match row: Parma Calcio 1913 vs Verona Hellas Football Club
[3050521] Failed to build match row: Tottenham Hotspur Football Club vs Huddersfield Town
[2847143] Failed to build match row: Ross County FC vs Hamilton Academical FC

Keepers & outfield error for **Mönchengladbach** in Mönchengladbach vs Hertha BSC: Numbers: 2 and 9.
[2321281] Failed to build match row: Mönchengladbach vs Hertha BSC

Keepers & outfield error for **Clube Desportivo Nacional** in Clube Desportivo Nacional vs Grupo Desportivo Estoril Praia: Numbers: 0 and 11.
[2498712] Failed to build match row: Clube Desportivo Nacional vs Grupo Desportivo Estoril Praia
[3076836] Could not find attributes for dziugas bartkus (FK Zalgiris Vilnius, 2018)
[3076836] Failed to build match row: FK Zalgiris Vilnius vs FC Vaduz

Keepers & outfield error for **Sporting Clube de Portugal** in Sporting Clube de Portugal vs Vitória Sport Clube: Numbers: 0 and 11.
[2609379] Failed to build match row: Sporting Clube de Portugal vs Vitória Sport Clube

Keepers & outfield error for **Sporting Clube de Portugal** in Sporting Clube de Portugal vs Club Atlético de Madrid S.A.D.: Numbers: 0 and 11.
[3018985] Failed to build match row: Sporting Clube de Portugal vs Club Atlético de Madrid S.A.D.

Keepers & outfield error for **Clube Desportivo Santa Clara** in Clube Desportivo Santa Clara vs Vitória Setúbal FC: Numbers: 2 and 9.
[3219354] Could not find attributes for patrick van aanholt (Crystal Palace Football Club, 2019)
[3211454] Failed to build match row: Clube Desportivo Santa Clara vs Vitória Setúbal FC
[3219354] Failed to build match row: Crystal Palace Football Club vs Liverpool Football Club
[2942719] Could not find attributes for jerome roussillon (Montpellier HSC, 2017)
[2942719] Failed to build match row: Angers Sporting Club de l'Ouest vs Montpellier HSC

Keepers & outfield error for **Málaga CF** in Málaga CF vs CD Leganés: Numbers: 0 and 11.
[2581730] Could not find attributes for yanni regasel (Hertha BSC, 2015)
[2899609] Failed to build match row: Málaga CF vs CD Leganés
[2581730] Failed to build match row: Hertha BSC vs Turn- und Sportgemeinschaft 1899 Hoffenheim Fußball-Spielbetriebs

Keepers & outfield error for **Verona Hellas Football Club** in Parma Calcio 1913 vs Verona Hellas Football Club: Numbers: 0 and 11.
[3286271] Could not find attributes for jaouad erraji (Pontevedra CF, 2019)
[2359469] Failed to build match row: Parma Calcio 1913 vs Verona Hellas Football Club
[3286271] Failed to build match row: Pontevedra CF vs UD Ibiza
[3394673] Could not find attributes for vito mannone (Association sportive de Monaco Football Club, 2020)
[3394673] Failed to build match row: Association sportive de Monaco Football Club vs Paris Saint-Germain Football Club
[2341095] Could not find attributes for stefan mitrovic (Real Valladolid CF, 2013)
[2576661] Could not find attributes for moritz marheineke (VfB Lübeck, 2015)
[2478432] Could not find attributes for jasmin handanovic (NK Maribor, 2014)
[2478432] Failed to build match row: NK Maribor vs Maccabi Tel Aviv
[2576661] Failed to build match row: VfB Lübeck vs SC Paderborn 07
[2341095] Failed to build match row: Real Valladolid CF vs Levante Unión Deportiva S.A.D.
[3127382] Could not find attributes for pontus wernbloom (Panthessalonikios Athlitikos Omilos Konstantinoupoliton, 2018)
[3127382] Failed to build match row: Panthessalonikios Athlitikos Omilos Konstantinoupoliton vs Athlitiki Enosi Larisas
[2618741] Failed to scrape lineup: https://www.transfermarkt.co.uk/spielbericht/index/spielbericht/2618741
[2882495] Could not find attributes for valeriy ionin (KamAZ Naberezhnye Chelny, 2017)
[2765913] Could not find attributes for ibrahim sehic (Qarabağ FK, 2016)
[2346105] Could not find attributes for egemen korkmaz (Fenerbahçe Spor Kulübü, 2013)
[2636560] Could not find attributes for aboubakar keita (Football Club København, 2015)
[2882495] Failed to build match row: KamAZ Naberezhnye Chelny vs Neftekhimik Nizhnekamsk
[2765913] Failed to build match row: Qarabağ FK vs Associazione Calcio Fiorentina
[2346105] Failed to build match row: Fenerbahçe Spor Kulübü vs Galatasaray Spor Kulübü
[2636560] Failed to build match row: Football Club København vs Randers Fodbold Club

Keepers & outfield error for **UC Sampdoria** in UC Sampdoria vs US Livorno 1915: Numbers: 0 and 11.
[2891421] Could not find attributes for zivko zivkovic (AO Xanthi, 2017)
[3050522] Could not find attributes for etienne capoue (Watford FC, 2018)
[2359470] Failed to build match row: UC Sampdoria vs US Livorno 1915
[2891421] Failed to build match row: AO Xanthi vs PAS Lamia 1964
[3229263] Could not find attributes for albin ekdal (UC Sampdoria, 2019)
[3050522] Failed to build match row: Watford FC vs Arsenal Football Club
[3229263] Failed to build match row: UC Sampdoria vs Unione Sportiva Lecce
[2700378] Could not find attributes for samir merzic (FK Sloboda Tuzla, 2016)
[2459702] Could not find attributes for christian kum (Football Club Utrecht, 2014)
[2720909] Failed to scrape lineup: https://www.transfermarkt.co.uk/cs-maritimo_sporting-cp/index/spielbericht/2720909
[2700378] Failed to build match row: FK Sloboda Tuzla vs Beitar Jerusalem
[2459702] Failed to build match row: Football Club Utrecht vs SC Cambuur Leeuwarden
[2599217] Could not find attributes for aritm (FK Krasnodar, 2015)
[2599217] Failed to build match row: FK Krasnodar vs FK Spartak Moskva

Keepers & outfield error for **Real Betis Balompié S.A.D.** in Real Betis Balompié S.A.D. vs Getafe Club de Fútbol S. A. D. Team Dubai: Numbers: 2 and 9.
[3076837] Could not find attributes for andreas hirzel (FC Vaduz, 2018)
[2341096] Failed to build match row: Real Betis Balompié S.A.D. vs Getafe Club de Fútbol S. A. D. Team Dubai
[3076837] Failed to build match row: FC Vaduz vs FK Zalgiris Vilnius

Keepers & outfield error for **Associazione Calcio Milan** in Associazione Calcio Milan vs Società Sportiva Calcio Napoli: Numbers: 2 and 9.
[2726678] Failed to build match row: Associazione Calcio Milan vs Società Sportiva Calcio Napoli
[2899610] Failed to scrape lineup: https://www.transfermarkt.co.uk/atletico-de-madrid_sevilla-fc/index/spielbericht/2899610
[2609380] Failed to scrape lineup: https://www.transfermarkt.co.uk/cd-tondela_moreirense-fc/index/spielbericht/2609380
[3205094] Could not find attributes for anatol chirinciuc (FC Milsami Orhei, 2019)
[3205094] Failed to build match row: SC Fotbal Club FCSB SA vs FC Milsami Orhei
[3219356] Could not find attributes for federico fernandez (Newcastle United Football Club, 2019)
[3219356] Failed to build match row: Aston Villa Football Club vs Newcastle United Football Club

Keepers & outfield error for **FC Penafiel** in Vitória Sport Clube vs FC Penafiel: Numbers: 3 and 8.
[3394674] Could not find attributes for jimmy cabot (Angers Sporting Club de l'Ouest, 2020)
[3394674] Failed to build match row: Racing Club de Lens vs Angers Sporting Club de l'Ouest
[2488220] Failed to build match row: Vitória Sport Clube vs FC Penafiel

Keepers & outfield error for **Association Football Club Bournemouth** in Everton Football Club vs Association Football Club Bournemouth: Numbers: 2 and 9.
[2765914] Could not find attributes for ondrej karafiat (FC Slovan Liberec, 2016)
[2872168] Failed to build match row: Everton Football Club vs Association Football Club Bournemouth
[2765914] Failed to build match row: Panthessalonikios Athlitikos Omilos Konstantinoupoliton vs FC Slovan Liberec
[2735600] Could not find attributes for lukas pokorny (Montpellier HSC, 2016)
[2735600] Failed to build match row: SM Caen vs Montpellier HSC
[3127383] Could not find attributes for dimitrios kyriakidis (Panetolikos Agrinio, 2018)
[3127383] Failed to build match row: Panetolikos Agrinio vs Apollon Smyrnis

Keepers & outfield error for **FC Girondins Bordeaux** in FC Girondins Bordeaux vs Montpellier HSC: Numbers: 2 and 9.
[2498713] Failed to scrape lineup: https://www.transfermarkt.co.uk/gil-vicente-fc_fc-pacos-de-ferreira/index/spielbericht/2498713
[3195261] Failed to build match row: FC Girondins Bordeaux vs Montpellier HSC
[2581738] Could not find attributes for yanni regasel (Hertha BSC, 2015)
[2581738] Failed to build match row: FC Bayern München vs Hertha BSC

Keepers & outfield error for **FC Dordrecht** in FC Dordrecht vs Willem II Tilburg: Numbers: 2 and 9.
[2459703] Failed to build match row: FC Dordrecht vs Willem II Tilburg

Keepers & outfield error for **Royal Standard Club de Liège** in Royal Standard Club de Liège vs St Truiden: Numbers: 2 and 9.
[2705359] Failed to build match row: Royal Standard Club de Liège vs St Truiden
[2589119] Could not find attributes for hedwiges maduro (Football Club Groningen, 2015)

Keepers & outfield error for **Società Sportiva Lazio S.p.A.** in Fußballclub Red Bull Salzburg vs Società Sportiva Lazio S.p.A.: Numbers: 2 and 9.
[3018986] Failed to build match row: Fußballclub Red Bull Salzburg vs Società Sportiva Lazio S.p.A.

Keepers & outfield error for **Футбольный клуб "Локомотив" Москва** in Anzhi Makhachkala ( -2022) vs Футбольный клуб "Локомотив" Москва: Numbers: 0 and 11.
[2589119] Failed to build match row: Football Club Groningen vs Eindhovense Voetbalvereniging Philips Sport Vereniging
[2599218] Failed to build match row: Anzhi Makhachkala ( -2022) vs Футбольный клуб "Локомотив" Москва
[2346106] Failed to build match row: Çaykur Rizespor Kulübü vs Kayserispor Kulübü

Keepers & outfield error for **Futebol Clube de Arouca** in Futebol Clube de Arouca vs Clube Desportivo de Tondela: Numbers: 2 and 9.
[2882496] Could not find attributes for maksim pavlov (Volga Uljanovsk, 2017)
o de Tondela
[2882496] Failed to build match row: Volga Uljanovsk vs Anzhi-Yunior Zelenodolsk ( - 2018)

Keepers & outfield error for **Gil Vicente Futebol Clube** in Futebol Clube de Famalicão vs Gil Vicente Futebol Clube: Numbers: 0 and 11.
[3211455] Failed to build match row: Futebol Clube de Famalicão vs Gil Vicente Futebol Clube
[2735601] Could not find attributes for lukas pokorny (Montpellier HSC, 2016)
[3195262] Failed to scrape lineup: https://www.transfermarkt.co.uk/stade-reims_rc-strasbourg-alsace/index/spielbericht/3195262

Keepers & outfield error for **Football Club de Metz** in Football Club de Metz vs Stade brestois 29: Numbers: 0 and 11.
[2735601] Failed to build match row: Montpellier HSC vs Football Club Lorient-Bretagne Sud

Keepers & outfield error for **Association sportive de Monaco Football Club** in Association sportive de Monaco Football Club vs EA Guingamp: Numbers: 2 and 9.
[3394675] Failed to build match row: Football Club de Metz vs Stade brestois 29
[2482161] Failed to build match row: Association sportive de Monaco Football Club vs EA Guingamp
[3127384] Could not find attributes for matic kotnik (Panionios Athens, 2018)
[3286272] Could not find attributes for yaser hamed (Club Portugalete, 2019)

Keepers & outfield error for **Espanol** in Espanol vs Elche Club de Fútbol S.A.D.: Numbers: 2 and 9.
[3127384] Failed to build match row: Panionios Athens vs APO Levadiakos Football Club
[2720911] Could not find attributes for jota (Clube Desportivo Nacional, 2016)
[2341097] Failed to build match row: Espanol vs Elche Club de Fútbol S.A.D.
[3286272] Failed to build match row: Club Portugalete vs Extremadura UD
[2911666] Could not find attributes for francis delgado (CF Rayo Majadahonda, 2017)
[3081169] Failed to scrape lineup: https://www.transfermarkt.co.uk/us-sassuolo_udinese-calcio/index/spielbericht/3081169
[2720911] Failed to build match row: Clube Desportivo Nacional vs Futebol Clube de Arouca
[2911666] Failed to build match row: CF Rayo Majadahonda vs AD Unión Adarve
[3098000] Could not find attributes for srdjan babic (Fudbalski klub Crvena zvezda Beograd, 2018)
[3098000] Failed to build match row: Liverpool Football Club vs Fudbalski klub Crvena zvezda Beograd
[3076854] Could not find attributes for steve sultana (Balzan FC, 2018)
[3076854] Failed to build match row: Balzan FC vs Slovan Bratislava

Keepers & outfield error for **Deportivo de La Coruña** in Deportivo de La Coruña vs Getafe Club de Fútbol S. A. D. Team Dubai: Numbers: 2 and 9.
[2899611] Failed to build match row: Deportivo de La Coruña vs Getafe Club de Fútbol S. A. D. Team Dubai
[2705360] Failed to scrape lineup: https://www.transfermarkt.co.uk/ksc-lokeren-2020-_kvc-westerlo/index/spielbericht/2705360
[2700379] Could not find attributes for djordje djuric (Fudbalski klub Čukarički Beograd, 2016)
[2700379] Failed to build match row: Fudbalski klub Čukarički Beograd vs Ordabasy Shymkent

Keepers & outfield error for **CF Os Belenenses** in CF Os Belenenses vs Clube Desportivo Nacional: Numbers: 2 and 9.
[2488221] Failed to build match row: CF Os Belenenses vs Clube Desportivo Nacional
[3063755] Could not find attributes for zeca (Football Club København, 2018)
[3063755] Failed to build match row: Football Club København vs Vejle Boldklub
[2576663] Could not find attributes for walter adam (Bahlinger SC, 2015)
Not enough players found for lineup: 0, 11.
[2576663] Failed to build match row: Bahlinger SC vs SV Sandhausen
[2378603] Failed to scrape lineup: https://www.transfermarkt.co.uk/spielbericht/index/spielbericht/2378603
[2581739] Could not find attributes for daniel schwaab (Verein für Bewegungsspiele Stuttgart 1893, 2015)
[2581739] Failed to build match row: Borussia Dortmund vs Verein für Bewegungsspiele Stuttgart 1893

Keepers & outfield error for **Vitória Sport Clube** in Futebol Clube do Porto vs Vitória Sport Clube: Numbers: 2 and 9.
[2498714] Failed to build match row: Futebol Clube do Porto vs Vitória Sport Clube
[2735602] Could not find attributes for younes belhanda (Olympique Gymnaste Club Nice Côte d'Azur, 2016)
[2735602] Failed to build match row: Olympique Gymnaste Club Nice Côte d'Azur vs AS Nancy-Lorraine
[3394676] Could not find attributes for trevoh chalobah (Football Club Lorient-Bretagne Sud, 2020)
[3394676] Failed to build match row: Football Club Lorient-Bretagne Sud vs Montpellier HSC
[3211456] Failed to scrape lineup: https://www.transfermarkt.co.uk/fc-pacos-de-ferreira_sporting-cp/index/spielbericht/3211456
[2482162] Failed to scrape lineup: https://www.transfermarkt.co.uk/fc-nantes_ogc-nice/index/spielbericht/2482162
[2882497] Failed to scrape lineup: https://www.transfermarkt.co.uk/spielbericht/index/spielbericht/2882497

Keepers & outfield error for **Boavista FC** in Boavista FC vs CF Os Belenenses: Numbers: 0 and 11.

Keepers & outfield error for **SPAL** in SPAL vs FC Empoli: Numbers: 2 and 9.
[3127385] Could not find attributes for neofytos michail (PAS Giannina, 2018)
[2720912] Failed to build match row: Boavista FC vs CF Os Belenenses
[3081170] Failed to build match row: SPAL vs FC Empoli
[3127385] Failed to build match row: PAS Giannina vs Panionios Athens
[3076855] Could not find attributes for michal sulla (Slovan Bratislava, 2018)
[3076855] Failed to build match row: Slovan Bratislava vs Balzan FC
[2891422] Could not find attributes for christos karypidis (AO Platanias, 2017)
[2891422] Failed to build match row: AO Platanias vs Panathinaikos Athlitikos Omilos
[2378604] Could not find attributes for lars hutten (Excelsior Rotterdam, 2013)
[2378604] Failed to build match row: Excelsior Rotterdam vs Prins Hendrik Ende Desespereert Nimmer Combinatie Zwolle
[3286273] Failed to scrape lineup: https://www.transfermarkt.co.uk/spielbericht/index/spielbericht/3286273
[2899612] Failed to scrape lineup: https://www.transfermarkt.co.uk/cd-leganes_atletico-de-madrid/index/spielbericht/2899612
[2911667] Failed to scrape lineup: https://www.transfermarkt.co.uk/spielbericht/index/spielbericht/2911667
[2341098] Could not find attributes for riki (Granada CF, 2013)
[3211457] Failed to scrape lineup: https://www.transfermarkt.co.uk/desportivo-aves-2020-_cd-tondela/index/spielbericht/3211457

Keepers & outfield error for **Futebol Clube do Porto** in Футбольный клуб "Локомотив" Москва vs Futebol Clube do Porto: Numbers: 2 and 9.
[2341098] Failed to build match row: Granada CF vs Espanol
[3098001] Failed to build match row: Футбольный клуб "Локомотив" Москва vs Futebol Clube do Porto
[2482163] Failed to scrape lineup: https://www.transfermarkt.co.uk/paris-saint-germain_olympique-lyon/index/spielbericht/2482163
[2636561] Could not find attributes for andreas albech (Skive IK, 2015)
[2636561] Failed to build match row: Skive IK vs Brøndby Idrætsforening
[2459705] Could not find attributes for jesse van bezooijen (Nooit Opgeven Altijd Doorzetten Aangenaam Door Vermaak En Nuttig Door Ontspanning Combinatie Breda, 2014)
[2459705] Failed to build match row: Nooit Opgeven Altijd Doorzetten Aangenaam Door Vermaak En Nuttig Door Ontspanning Combinatie Breda vs Football Club Utrecht
[2683464] Could not find attributes for giorgi loria (PFK Krylya Sovetov Samara, 2015)

Keepers & outfield error for **Vitória Setúbal FC** in Vitória Setúbal FC vs Sport Lisboa e Benfica: Numbers: 0 and 11.
[2683464] Failed to build match row: PFK Krylya Sovetov Samara vs Ural Yekaterinburg
[2720913] Failed to build match row: Vitória Setúbal FC vs Sport Lisboa e Benfica
[2618742] Could not find attributes for dorin goian (A.G.S Asteras Tripolis, 2015)

Keepers & outfield error for **Sporting Clube de Braga** in Sporting Clube de Braga vs Gil Vicente Futebol Clube: Numbers: 2 and 9.
[2618742] Failed to build match row: A.G.S Asteras Tripolis vs AC Sparta Praha, a. s.
[3127386] Could not find attributes for julian cuesta (Aris Thessalonikis, 2018)
[2469525] Failed to build match row: Sporting Clube de Braga vs Gil Vicente Futebol Clube
[3127386] Failed to build match row: Aris Thessalonikis vs Panetolikos Agrinio
[2478434] Could not find attributes for josip simunic (GNK Dinamo Zagreb, 2014)
[3252414] Could not find attributes for abbas huseynov (Qarabağ FK, 2019)
[3252414] Failed to build match row: Qarabağ FK vs Sevilla Fútbol Club S.A.D.
[3063757] Could not find attributes for michael tornes (Vendsyssel FF, 2018)
[2478434] Failed to build match row: Aalborg BK vs GNK Dinamo Zagreb
[2589120] Could not find attributes for christian kum (Football Club Utrecht, 2015)
[3063757] Failed to build match row: Vendsyssel FF vs Aarhus Gymnastik Forening
[2589120] Failed to build match row: Sportclub Heerenveen vs Football Club Utrecht
[2765915] Could not find attributes for alban meha (Konyaspor, 2016)

Keepers & outfield error for **FC Penafiel** in FC Penafiel vs CS Marítimo: Numbers: 2 and 9.
[2765915] Failed to build match row: Konyaspor vs Koninklijke Atletiek Associatie Gent
[3076856] Could not find attributes for bojan pavlovic (FK Sarajevo, 2018)
[2498715] Failed to build match row: FC Penafiel vs CS Marítimo
[2346107] Could not find attributes for hakan arikan (Antalyaspor, 2013)
[3076856] Failed to build match row: Atalanta Bergamasca Calcio S.p.a. vs FK Sarajevo

Keepers & outfield error for **Club Atlético Osasuna** in Getafe Club de Fútbol S. A. D. Team Dubai vs Club Atlético Osasuna: Numbers: 0 and 11.
[2346107] Failed to build match row: Antalyaspor vs Fenerbahçe Spor Kulübü
[2599219] Could not find attributes for aleksandr belenov (Kuban Krasnodar (-2018), 2015)
[2636704] Could not find attributes for david hubert (Royal Excel Mouscron (-2022), 2015)
[2609382] Could not find attributes for kuca (CF Os Belenenses, 2015)
[2599219] Failed to build match row: Kuban Krasnodar (-2018) vs FK Ufa
[2609382] Failed to build match row: CF Os Belenenses vs CF União Madeira (-2021)
[2341099] Failed to build match row: Getafe Club de Fútbol S. A. D. Team Dubai vs Club Atlético Osasuna
[2636704] Failed to build match row: Royal Excel Mouscron (-2022) vs Sportvereniging Zulte Waregem
[2726679] Could not find attributes for filippo melegoni (Atalanta Bergamasca Calcio S.p.a., 2016)
[2726679] Failed to build match row: Atalanta Bergamasca Calcio S.p.a. vs UC Sampdoria
[3211458] Could not find attributes for chiquinho (Sport Lisboa e Benfica, 2019)
[3219357] Could not find attributes for danny ings (Southampton FC, 2019)
[3211458] Failed to build match row: Sport Lisboa e Benfica vs Portimonense SC
[2882498] Could not find attributes for arsen siukaev (Biolog-Novokubansk Progress, 2017)
[2882498] Failed to build match row: Biolog-Novokubansk Progress vs Druzhba Maikop
[3219357] Failed to build match row: Arsenal Football Club vs Southampton FC

Keepers & outfield error for **Grupo Desportivo Estoril Praia** in Grupo Desportivo Estoril Praia vs Futebol Clube do Porto: Numbers: 3 and 8.
[2618743] Could not find attributes for zivko zivkovic (Fudbalski Klub Partizan Beograd, 2015)
[2469526] Failed to build match row: Grupo Desportivo Estoril Praia vs Futebol Clube do Porto
[2618743] Failed to build match row: Fudbalski Klub Partizan Beograd vs Alkmaar Zaanstreek
[2891423] Could not find attributes for georgios athanasiadis (A.G.S Asteras Tripolis, 2017)
[2891423] Failed to build match row: A.G.S Asteras Tripolis vs PAS Giannina
[2378605] Failed to scrape lineup: https://www.transfermarkt.co.uk/spielbericht/index/spielbericht/2378605

Keepers & outfield error for **KV Oostende** in KV Oostende vs Oud-Heverlee Leuven: Numbers: 2 and 9.
[2636705] Failed to build match row: KV Oostende vs Oud-Heverlee Leuven
[2576664] Could not find attributes for davide grassi (VfL Osnabrück, 2015)
[2576664] Failed to build match row: VfL Osnabrück vs RasenBallsport Leipzig
[2488250] Could not find attributes for eoghan oconnell (The Celtic Football Club, 2014)
[2488250] Failed to build match row: Inverness Caledonian Thistle FC vs The Celtic Football Club
[3098003] Could not find attributes for lasse schone (AFC Ajax Amsterdam, 2018)

Keepers & outfield error for **Sport Lisboa e Benfica** in Sport Lisboa e Benfica vs Sporting Clube de Portugal: Numbers: 0 and 11.
[3098003] Failed to build match row: AFC Ajax Amsterdam vs Sport Lisboa e Benfica
[2609383] Failed to build match row: Sport Lisboa e Benfica vs Sporting Clube de Portugal
[2911668] Failed to build match row: Gimnástica Segoviana CF vs Pontevedra CF
[3076857] Could not find attributes for bojan pavlovic (FK Sarajevo, 2018)
[3076857] Failed to build match row: FK Sarajevo vs Atalanta Bergamasca Calcio S.p.a.
[3081171] Failed to scrape lineup: https://www.transfermarkt.co.uk/torino-fc_genoa-cfc/index/spielbericht/3081171
[2705362] Failed to scrape lineup: https://www.transfermarkt.co.uk/kaa-gent_krc-genk/index/spielbericht/2705362

Keepers & outfield error for **Lille Olympique Sporting Club** in AS Saint-Étienne vs Lille Olympique Sporting Club: Numbers: 2 and 9.
[3394679] Failed to build match row: AS Saint-Étienne vs Lille Olympique Sporting Club

Keepers & outfield error for **Wolverhampton Wanderers Football Club** in Association Football Club Bournemouth vs Wolverhampton Wanderers Football Club: Numbers: 0 and 11.
[3219358] Failed to build match row: Association Football Club Bournemouth vs Wolverhampton Wanderers Football Club

Keepers & outfield error for **Odense Boldklub** in Odense Boldklub vs Brøndby Idrætsforening: Numbers: 2 and 9.

Keepers & outfield error for **Rio Ave Futebol Clube** in Rio Ave Futebol Clube vs Moreirense Futebol Clube: Numbers: 0 and 11.
[3286274] Failed to scrape lineup: https://www.transfermarkt.co.uk/spielbericht/index/spielbericht/3286274
[3063758] Failed to build match row: Odense Boldklub vs Brøndby Idrætsforening
[2498716] Failed to build match row: Rio Ave Futebol Clube vs Moreirense Futebol Clube
[2346108] Could not find attributes for zydrunas karcemarskas (Gaziantepspor (- 2020), 2013)
[2346108] Failed to build match row: Gaziantepspor (- 2020) vs Elazigspor
[2518319] Could not find attributes for kheireddine arroussi (ES Sétif, 2014)
[2469527] Could not find attributes for iago santos (Académica Coimbra, 2014)
[2518319] Failed to build match row: ES Sétif vs Western Sydney Wanderers
[2469527] Failed to build match row: Rio Ave Futebol Clube vs Académica Coimbra
[2726680] Could not find attributes for albano bizzarri (Delfino Pescara 1936, 2016)
[2700380] Could not find attributes for matus hruska (Spartak Myjava, 2016)
[2726680] Failed to build match row: Delfino Pescara 1936 vs Unione Sportiva Sassuolo Calcio
[2700380] Failed to build match row: FC Admira Wacker Mödling vs Spartak Myjava
[2899613] Failed to scrape lineup: https://www.transfermarkt.co.uk/athletic-bilbao_sevilla-fc/index/spielbericht/2899613
[2683466] Could not find attributes for mijo caktas (FC Rubin Kazan, 2015)
[2882500] Could not find attributes for denis bantyukov (FK Belogorsk, 2017)
[2683466] Failed to build match row: FC Rubin Kazan vs RFK Akhmat Grozny
[2882500] Failed to build match row: FK Belogorsk vs Smena Komsomolsk-na-Amure
[3127387] Could not find attributes for nikolaos papadopoulos (A.G.S Asteras Tripolis, 2018)
[3127387] Failed to build match row: A.G.S Asteras Tripolis vs Omilos Filathlon Irakliou FC
[2911669] Could not find attributes for fermin sobron (UD Logroñés, 2017)
[2911669] Failed to build match row: UD Logroñés vs Real Avilés CF
[3205095] Could not find attributes for darko puskaric (Fudbalski klub Čukarički Beograd, 2019)
[3205095] Failed to build match row: Fudbalski klub Čukarički Beograd vs FC Urartu Yerevan
[2872173] Could not find attributes for etienne capoue (Watford FC, 2017)

Keepers & outfield error for **AO FK Zenit Sankt-Peterburg** in AO FK Zenit Sankt-Peterburg vs RFK Akhmat Grozny: Numbers: 2 and 9.
[2872173] Failed to build match row: Swansea City vs Watford FC
[2599221] Failed to build match row: AO FK Zenit Sankt-Peterburg vs RFK Akhmat Grozny
[3252415] Failed to scrape lineup: https://www.transfermarkt.co.uk/spielbericht/index/spielbericht/3252415

Keepers & outfield error for **Sporting Clube de Braga** in Rio Ave Futebol Clube vs Sporting Clube de Braga: Numbers: 3 and 8.
[3050525] Failed to scrape lineup: https://www.transfermarkt.co.uk/cardiff-city_liverpool-fc/index/spielbericht/3050525
[2720914] Failed to build match row: Rio Ave Futebol Clube vs Sporting Clube de Braga
[2765916] Failed to scrape lineup: https://www.transfermarkt.co.uk/spielbericht/index/spielbericht/2765916
[3081172] Could not find attributes for darijo srna (Cagliari Calcio, 2018)

Keepers & outfield error for **Olympique Lyonnais** in Olympique Lyonnais vs Stade Reims: Numbers: 2 and 9.
[3394680] Failed to build match row: Olympique Lyonnais vs Stade Reims
[2518373] Failed to build match row: Scunthorpe United vs Chesterfield FC
[3081172] Failed to build match row: Cagliari Calcio vs Associazione Sportiva Roma
[2618745] Could not find attributes for pal andre helland (Rosenborg Ballklub, 2015)
[2618745] Failed to build match row: Rosenborg Ballklub vs Dnipro Dnipropetrovsk (-2020)
[2498717] Could not find attributes for iago santos (Académica Coimbra, 2014)
[2498717] Failed to build match row: Académica Coimbra vs Boavista FC

Keepers & outfield error for **Paris Saint-Germain Football Club** in SM Caen vs Paris Saint-Germain Football Club: Numbers: 2 and 9.
[2482166] Failed to build match row: SM Caen vs Paris Saint-Germain Football Club
[2589123] Could not find attributes for georgiy zhukov (Roda JC Kerkrade, 2015)
[2589123] Failed to build match row: Roda JC Kerkrade vs Vitesse Arnhem
[2576665] Failed to scrape lineup: https://www.transfermarkt.co.uk/spielbericht/index/spielbericht/2576665
[3023530] Failed to scrape lineup: https://www.transfermarkt.co.uk/ska-khabarovsk_amkar-perm/index/spielbericht/3023530
[2341100] Failed to scrape lineup: https://www.transfermarkt.co.uk/levante-ud_real-sociedad/index/spielbericht/2341100
[3127388] Could not find attributes for giannis kontoes (Apollon Smyrnis, 2018)
[3211459] Failed to scrape lineup: https://www.transfermarkt.co.uk/boavista-fc_sc-braga/index/spielbericht/3211459
[3127388] Failed to build match row: Apollon Smyrnis vs AO Xanthi

Keepers & outfield error for **Vitória Setúbal FC** in Moreirense Futebol Clube vs Vitória Setúbal FC: Numbers: 0 and 11.
[2700381] Failed to scrape lineup: https://www.transfermarkt.co.uk/spielbericht/index/spielbericht/2700381
[2609385] Failed to build match row: Moreirense Futebol Clube vs Vitória Setúbal FC
[3098004] Failed to scrape lineup: https://www.transfermarkt.co.uk/spielbericht/index/spielbericht/3098004
[2942724] Failed to scrape lineup: https://www.transfermarkt.co.uk/montpellier-hsc_fc-metz/index/spielbericht/2942724
[2891424] Failed to scrape lineup: https://www.transfermarkt.co.uk/aok-kerkyra_panionios-athens/index/spielbericht/2891424
[3219359] Could not find attributes for danny ings (Southampton FC, 2019)
[3219359] Failed to build match row: Southampton FC vs Everton Football Club
[2359474] Could not find attributes for marko vesovic (Torino Calcio, 2013)

Keepers & outfield error for **Getafe Club de Fútbol S. A. D. Team Dubai** in Getafe Club de Fútbol S. A. D. Team Dubai vs Real Madrid Club de Fútbol: Numbers: 0 and 11.
[2359474] Failed to build match row: Football Club Internazionale Milano S.p.A. vs Torino Calcio
[2899614] Failed to build match row: Getafe Club de Fútbol S. A. D. Team Dubai vs Real Madrid Club de Fútbol
[2726682] Could not find attributes for massimo maccarone (FC Empoli, 2016)
[2726682] Failed to build match row: FC Empoli vs Udinese Calcio

Keepers & outfield error for **Moreirense Futebol Clube** in Moreirense Futebol Clube vs CF Os Belenenses: Numbers: 3 and 8.
[2636708] Could not find attributes for tomislav kis (KV Kortrijk, 2015)
[2469528] Failed to build match row: Moreirense Futebol Clube vs CF Os Belenenses
[2636708] Failed to build match row: KV Kortrijk vs Yellow-Red Koninklijke Voetbalclub Mechelen

Keepers & outfield error for **Club de Fútbol Cruz Azul S.A. de C.V.** in Club de Fútbol Cruz Azul S.A. de C.V. vs Auckland City FC: Numbers: 0 and 11.

Keepers & outfield error for **UD Almería** in Club Atlético de Madrid S.A.D. vs UD Almería: Numbers: 0 and 11.
[2478435] Failed to scrape lineup: https://www.transfermarkt.co.uk/spielbericht/index/spielbericht/2478435
[2341101] Failed to build match row: Club Atlético de Madrid S.A.D. vs UD Almería
nd City FC
[2346109] Failed to scrape lineup: https://www.transfermarkt.co.uk/bursaspor_kasimpasa/index/spielbericht/2346109
[3286275] Could not find attributes for joritz landeta (Sestao River, 2019)
[3286275] Failed to build match row: Sestao River vs CD Lugo

Keepers & outfield error for **CF Os Belenenses** in CF Os Belenenses vs Sporting Clube de Portugal: Numbers: 3 and 8.
[2459709] Could not find attributes for gino coutinho (Excelsior Rotterdam, 2014)
[3229265] Could not find attributes for mato jajalo (Udinese Calcio, 2019)
[2911670] Failed to scrape lineup: https://www.transfermarkt.co.uk/spielbericht/index/spielbericht/2911670
[2498718] Failed to build match row: CF Os Belenenses vs Sporting Clube de Portugal
[3205096] Failed to scrape lineup: https://www.transfermarkt.co.uk/spielbericht/index/spielbericht/3205096
[3229265] Failed to build match row: Udinese Calcio vs Associazione Sportiva Roma
[2459709] Failed to build match row: Excelsior Rotterdam vs Prins Hendrik Ende Desespereert Nimmer Combinatie Zwolle
[3394681] Could not find attributes for vito mannone (Association sportive de Monaco Football Club, 2020)
[2765917] Could not find attributes for badou ndiaye (Ankaraspor, 2016)
[2700382] Could not find attributes for miljan jablan (FK Suduva Marijampole, 2016)
[3394681] Failed to build match row: Association sportive de Monaco Football Club vs Nîmes Olympique
[2700382] Failed to build match row: FK Suduva Marijampole vs Fodbold Club Midtjylland
[2765917] Failed to build match row: Ankaraspor vs FC Zürich
[3219360] Could not find attributes for federico fernandez (Newcastle United Football Club, 2019)
[3219360] Failed to build match row: Newcastle United Football Club vs Association Football Club Bournemouth
[2891425] Could not find attributes for aristotelis karasalidis (APS Atromitos Athinon, 2017)
[3023531] Could not find attributes for igor konovalov (FC Rubin Kazan, 2017)
[3023531] Failed to build match row: FC Rubin Kazan vs RFK Akhmat Grozny
[2891425] Failed to build match row: APS Atromitos Athinon vs Apollon Smyrnis

Keepers & outfield error for **Футбольный клуб "Локомотив" Москва** in Футбольный клуб "Локомотив" Москва vs FK Dinamo Moskva: Numbers: 0 and 11.
[2599223] Failed to build match row: Футбольный клуб "Локомотив" Москва vs FK Dinamo Moskva
[2589125] Could not find attributes for georgiy zhukov (Roda JC Kerkrade, 2015)

Keepers & outfield error for **Everton Football Club** in Everton Football Club vs Manchester United Football Club: Numbers: 2 and 9.
[2589125] Failed to build match row: De Graafschap Doetinchem vs Roda JC Kerkrade
[3050527] Failed to build match row: Everton Football Club vs Manchester United Football Club
[2720915] Could not find attributes for heliardo (Clube Desportivo de Tondela, 2016)

Keepers & outfield error for **Clube Desportivo Nacional** in Clube Desportivo Nacional vs Sport Lisboa e Benfica: Numbers: 0 and 11.
[2720915] Failed to build match row: Clube Desportivo de Tondela vs GD Chaves
[2469529] Failed to build match row: Clube Desportivo Nacional vs Sport Lisboa e Benfica
[3127389] Could not find attributes for ogmundur kristinsson (Athlitiki Enosi Larisas, 2018)
[2359475] Could not find attributes for jonatan cristaldo (Bologna Football Club 1909, 2013)
[3127389] Failed to build match row: Athlitiki Enosi Larisas vs Athlitiki Enosi Konstantinoupoleos
[2359475] Failed to build match row: US Livorno 1915 vs Bologna Football Club 1909

Keepers & outfield error for **Rayo Vallecano de Madrid S. A. D.** in Málaga CF vs Rayo Vallecano de Madrid S. A. D.: Numbers: 0 and 11.
[2341102] Failed to build match row: Málaga CF vs Rayo Vallecano de Madrid S. A. D.

Keepers & outfield error for **Anzhi Makhachkala ( -2022)** in PFK Krylya Sovetov Samara vs Anzhi Makhachkala ( -2022): Numbers: 2 and 9.

Keepers & outfield error for **Association Football Club Bournemouth** in Association Football Club Bournemouth vs Leicester City: Numbers: 2 and 9.

Keepers & outfield error for **Футбольный клуб "Локомотив" Москва** in Amkar Perm vs Футбольный клуб "Локомотив" Москва: Numbers: 0 and 11.
[2872175] Failed to build match row: Association Football Club Bournemouth vs Leicester City
[2335071] Failed to build match row: PFK Krylya Sovetov Samara vs Anzhi Makhachkala ( -2022)
[2683467] Failed to build match row: Amkar Perm vs Футбольный клуб "Локомотив" Москва
[2847148] Could not find attributes for shea gordon (Motherwell Football Club, 2016)

Keepers & outfield error for **Olympique de Marseille** in Olympique Lyonnais vs Olympique de Marseille: Numbers: 2 and 9.
[2459710] Failed to scrape lineup: https://www.transfermarkt.co.uk/twente-enschede-fc_fc-groningen/index/spielbericht/2459710

Keepers & outfield error for **Vitória Sport Clube** in Vitória Sport Clube vs Académica Coimbra: Numbers: 0 and 11.
[2847148] Failed to build match row: Inverness Caledonian Thistle FC vs Motherwell Football Club
[2609386] Failed to build match row: Vitória Sport Clube vs Académica Coimbra
[2942726] Failed to build match row: Olympique Lyonnais vs Olympique de Marseille
[3195501] Could not find attributes for zeca (Football Club København, 2019)
[2346110] Could not find attributes for bojan jorgacevic (Kayseri Erciyesspor, 2013)
[3195501] Failed to build match row: Odense Boldklub vs Football Club København

Keepers & outfield error for **Paris Saint-Germain Football Club** in Stade Reims vs Paris Saint-Germain Football Club: Numbers: 2 and 9.
[2346110] Failed to build match row: Kayseri Erciyesspor vs Gençlerbirliği Spor Kulübü
[2618747] Could not find attributes for maicon bolt (Футбольный клуб "Локомотив" Москва, 2015)
[2478436] Could not find attributes for andrei muresan (FC Sheriff Tiraspol, 2014)
[3023532] Could not find attributes for yuriy zhirkov (AO FK Zenit Sankt-Peterburg, 2017)
[2330928] Failed to build match row: Stade Reims vs Paris Saint-Germain Football Club
[2618747] Failed to build match row: Футбольный клуб "Локомотив" Москва vs KF Skënderbeu
[2478436] Failed to build match row: FC Sheriff Tiraspol vs Slovan Bratislava

Keepers & outfield error for **Genoa Cricket and Football Club** in Genoa Cricket and Football Club vs SPAL: Numbers: 3 and 8.
[3023532] Failed to build match row: AO FK Zenit Sankt-Peterburg vs FK Krasnodar
[2882501] Could not find attributes for aleksey sirotin (Khimik-Arsenal Novomoskovsk, 2017)
[3081174] Failed to build match row: Genoa Cricket and Football Club vs SPAL
[3050528] Could not find attributes for etienne capoue (Watford FC, 2018)
[2882501] Failed to build match row: Khimik-Arsenal Novomoskovsk vs FC Kaluga

Keepers & outfield error for **Cagliari Calcio** in Cagliari Calcio vs Bologna Football Club 1909: Numbers: 0 and 11.
[2726684] Failed to build match row: Cagliari Calcio vs Bologna Football Club 1909
[3050528] Failed to build match row: Huddersfield Town vs Watford FC
[2700383] Could not find attributes for matvei igonen (FCI Tallinn, 2016)
[2335072] Failed to scrape lineup: https://www.transfermarkt.co.uk/dinamo-moscow_spartak-moscow/index/spielbericht/2335072
[2700383] Failed to build match row: FCI Tallinn vs Heart of Midlothian Football Club
[3229266] Could not find attributes for ragnar klavan (Cagliari Calcio, 2019)
[3229266] Failed to build match row: Atalanta Bergamasca Calcio S.p.a. vs Cagliari Calcio
[3252417] Could not find attributes for zeca (Football Club København, 2019)
[3252417] Failed to build match row: Football Club København vs FC Lugano
[2459711] Failed to scrape lineup: https://www.transfermarkt.co.uk/psv-eindhoven_feyenoord-rotterdam/index/spielbericht/2459711
[3127390] Could not find attributes for balazs megyeri (APS Atromitos Athinon, 2018)
[3127390] Failed to build match row: Panathinaikos Athlitikos Omilos vs APS Atromitos Athinon

Keepers & outfield error for **FC Energie Cottbus** in FC Energie Cottbus vs 1. Fußball- und Sportverein Mainz 05: Numbers: 0 and 11.
[3063767] Could not find attributes for youssef toutouh (Aarhus Gymnastik Forening, 2018)
[2576666] Failed to build match row: FC Energie Cottbus vs 1. Fußball- und Sportverein Mainz 05
[3063767] Failed to build match row: Aarhus Gymnastik Forening vs Odense Boldklub
[2599225] Failed to scrape lineup: https://www.transfermarkt.co.uk/fc-rostov_fc-krasnodar/index/spielbericht/2599225
[2378738] Could not find attributes for gary oconnor (Berwick Rangers FC, 2013)
[2378738] Failed to build match row: Berwick Rangers FC vs Culter FC
[3211461] Failed to scrape lineup: https://www.transfermarkt.co.uk/vitoria-guimaraes-sc_b-sad/index/spielbericht/3211461
[2726685] Failed to scrape lineup: https://www.transfermarkt.co.uk/ss-lazio_chievo-verona/index/spielbericht/2726685
[2705364] Could not find attributes for danijel milicevic (Koninklijke Atletiek Associatie Gent, 2016)
[2683468] Could not find attributes for joaozinho (FK Krasnodar, 2015)
[2321285] Could not find attributes for ondrej petrak (1.FC Nuremberg, 2013)
[2705364] Failed to build match row: Royal Charleroi Sporting Club vs Koninklijke Atletiek Associatie Gent
[2683468] Failed to build match row: FK Krasnodar vs FK Ufa
[2321285] Failed to build match row: 1.FC Nuremberg vs Eintracht Frankfurt Fußball AG
[3023533] Could not find attributes for aleksandr belenov (FK Ufa, 2017)
[3023533] Failed to build match row: Arsenal Tula vs FK Ufa
[2765918] Could not find attributes for alexandru bourceanu (SC Fotbal Club FCSB SA, 2016)
[2765918] Failed to build match row: Villarreal Club de Fútbol S.A.D. vs SC Fotbal Club FCSB SA

Keepers & outfield error for **Clube Desportivo Nacional** in Clube Desportivo Nacional vs Boavista FC: Numbers: 0 and 11.
[2609387] Failed to build match row: Clube Desportivo Nacional vs Boavista FC
[2847149] Could not find attributes for blair malcolm (Ross County FC, 2016)
[2847149] Failed to build match row: Kilmarnock Football Club vs Ross County FC
[2482169] Failed to scrape lineup: https://www.transfermarkt.co.uk/olympique-lyon_fc-lorient/index/spielbericht/2482169
[2700384] Could not find attributes for john danby (Connah's Quay Nomads, 2016)
)
[2618748] Could not find attributes for kuca (CF Os Belenenses, 2015)
[2700384] Failed to build match row: Stabæk Fotball vs Connah's Quay Nomads
[2346111] Failed to build match row: Trabzonspor Kulübü vs Eskisehirspor
[3219362] Could not find attributes for danny ings (Southampton FC, 2019)
o Fiorentina

Keepers & outfield error for **Aarhus Gymnastik Forening** in Hobro IK vs Aarhus Gymnastik Forening: Numbers: 0 and 11.
[2518523] Could not find attributes for marcos angeleri (Málaga CF, 2014)
[3219362] Failed to build match row: Manchester City Football Club vs Southampton FC
[2518523] Failed to build match row: Málaga CF vs Levante Unión Deportiva S.A.D.
[3195503] Failed to build match row: Hobro IK vs Aarhus Gymnastik Forening
[2891426] Could not find attributes for dimitrios chantakias (Panetolikos Agrinio, 2017)
[2891426] Failed to build match row: Athlitiki Enosi Konstantinoupoleos vs Panetolikos Agrinio
[2882502] Could not find attributes for ruslan dudkin (Energomash Belgorod (-2018), 2017)
[2498719] Could not find attributes for kleber (Grupo Desportivo Estoril Praia, 2014)
[2498719] Failed to build match row: Grupo Desportivo Estoril Praia vs Académica Coimbra
[2589126] Failed to scrape lineup: https://www.transfermarkt.co.uk/twente-enschede-fc_pec-zwolle/index/spielbericht/2589126
[3127391] Could not find attributes for bibars natcho (Olympiakos Syndesmos Filathlon Peiraios, 2018)
[2735606] Could not find attributes for firmin mubele (Rennes, 2016)
[2882502] Failed to build match row: Energomash Belgorod (-2018) vs Metallurg Lipetsk
[2735606] Failed to build match row: Rennes vs Lille Olympique Sporting Club
[3127391] Failed to build match row: Olympiakos Syndesmos Filathlon Peiraios vs PAS Lamia 1964
[2609388] Could not find attributes for ricardo ferreira (Sporting Clube de Braga, 2015)
[2609388] Failed to build match row: Futebol Clube do Porto vs Sporting Clube de Braga

Keepers & outfield error for **EA Guingamp** in SM Caen vs EA Guingamp: Numbers: 2 and 9.
[2942728] Failed to build match row: SM Caen vs EA Guingamp
[2469531] Failed to scrape lineup: https://www.transfermarkt.co.uk/vitoria-setubal-fc_cs-maritimo/index/spielbericht/2469531
[3252418] Could not find attributes for matvey safonov (FK Krasnodar, 2019)
[2700385] Failed to scrape lineup: https://www.transfermarkt.co.uk/spielbericht/index/spielbericht/2700385
[3252418] Failed to build match row: FC Basel 1893 AG vs FK Krasnodar
[2488256] Failed to scrape lineup: https://www.transfermarkt.co.uk/aberdeen-fc_celtic-fc/index/spielbericht/2488256

Keepers & outfield error for **Football Club de Metz** in Football Club de Metz vs Olympique Lyonnais: Numbers: 0 and 11.

Keepers & outfield error for **Association sportive de Monaco Football Club** in Montpellier HSC vs Association sportive de Monaco Football Club: Numbers: 2 and 9.
[3394684] Failed to build match row: Football Club de Metz vs Olympique Lyonnais
[2482170] Failed to build match row: Montpellier HSC vs Association sportive de Monaco Football Club

Keepers & outfield error for **Rio Ave Futebol Clube** in Rio Ave Futebol Clube vs Moreirense Futebol Clube: Numbers: 2 and 9.
[3211462] Failed to build match row: Rio Ave Futebol Clube vs Moreirense Futebol Clube
[2891427] Failed to scrape lineup: https://www.transfermarkt.co.uk/ao-xanthi_olympiacos-piraeus/index/spielbericht/2891427

Keepers & outfield error for **Associazione Calcio Fiorentina** in Associazione Calcio Fiorentina vs Chievo Verona: Numbers: 0 and 11.
[2359477] Failed to build match row: Associazione Calcio Fiorentina vs Chievo Verona
[2378739] Could not find attributes for martin mcniff (Annan Athletic FC, 2013)
[2378739] Failed to build match row: Annan Athletic FC vs Stenhousemuir FC

Keepers & outfield error for **Grupo Desportivo Estoril Praia** in Grupo Desportivo Estoril Praia vs Futebol Clube do Porto: Numbers: 0 and 11.
[2720918] Failed to build match row: Grupo Desportivo Estoril Praia vs Futebol Clube do Porto
[2911671] Could not find attributes for aimar sagastibeltza (Real Unión Club, 2017)
[2911671] Failed to build match row: CD Calahorra vs Real Unión Club
[3081176] Could not find attributes for albin ekdal (UC Sampdoria, 2018)
[3081176] Failed to build match row: Società Sportiva Lazio S.p.A. vs UC Sampdoria
[3050530] Could not find attributes for danny ings (Southampton FC, 2018)
[3050530] Failed to build match row: Newcastle United Football Club vs Southampton FC
[3023535] Failed to scrape lineup: https://www.transfermarkt.co.uk/lokomotiv-moscow_fc-rostov/index/spielbericht/3023535
[3229269] Failed to scrape lineup: https://www.transfermarkt.co.uk/genoa-cfc_udinese-calcio/index/spielbericht/3229269
[2891428] Failed to scrape lineup: https://www.transfermarkt.co.uk/aek-athens_ae-larisa/index/spielbericht/2891428
[2459713] Could not find attributes for gino coutinho (Excelsior Rotterdam, 2014)
[2330931] Failed to scrape lineup: https://www.transfermarkt.co.uk/paris-saint-germain_olympique-lyon/index/spielbericht/2330931
[2346112] Could not find attributes for oguz daglaroglu (Akhisarspor, 2013)
[2459713] Failed to build match row: Excelsior Rotterdam vs Feyenoord Rotterdam
[2346112] Failed to build match row: Akhisarspor vs Kardemir Karabükspor
[3023536] Failed to scrape lineup: https://www.transfermarkt.co.uk/anzhi-makhachkala-2022-_spartak-moscow/index/spielbericht/3023536
[2599283] Could not find attributes for giovanni zandrini (L'Aquila 1927, 2015)
[2589127] Could not find attributes for ron vlaar (Alkmaar Zaanstreek, 2015)
[2599283] Failed to build match row: L'Aquila 1927 vs Atletico Arezzo
[2589127] Failed to build match row: Willem II Tilburg vs Alkmaar Zaanstreek
[2872178] Could not find attributes for nikola vlasic (Everton Football Club, 2017)
[2872178] Failed to build match row: Everton Football Club vs Burnley Football Club
mo: Numbers: 0 and 11.
[2720919] Failed to build match row: Vitória Sport Clube vs CS Marítimo
[3219364] Failed to scrape lineup: https://www.transfermarkt.co.uk/liverpool-fc_manchester-city/index/spielbericht/3219364
[3127392] Could not find attributes for athanasios panteliadis (APO Levadiakos Football Club, 2018)
[3127392] Failed to build match row: APO Levadiakos Football Club vs Panthessalonikios Athlitikos Omilos Konstantinoupoliton
[2341105] Could not find attributes for riki (Granada CF, 2013)
[2341105] Failed to build match row: Granada CF vs Villarreal Club de Fútbol S.A.D.
[2576667] Could not find attributes for hendrik starostzik (Stuttgarter Kickers, 2015)
[2576667] Failed to build match row: Stuttgarter Kickers vs Verein für Leibesübungen Wolfsburg
[2482172] Failed to scrape lineup: https://www.transfermarkt.co.uk/stade-reims_olympique-marseille/index/spielbericht/2482172
[2330932] Failed to scrape lineup: https://www.transfermarkt.co.uk/stade-rennais-fc_fc-girondins-bordeaux/index/spielbericht/2330932
[2335075] Failed to scrape lineup: https://www.transfermarkt.co.uk/terek-grozny_rubin-kazan/index/spielbericht/2335075
[2346113] Could not find attributes for ersan gulum (Beşiktaş Jimnastik Kulübü, 2013)
[2346113] Failed to build match row: Beşiktaş Jimnastik Kulübü vs Konyaspor
[3081177] Could not find attributes for ola aina (Torino Calcio, 2018)
[3081177] Failed to build match row: Associazione Calcio Milan vs Torino Calcio
[2720920] Could not find attributes for ponck (GD Chaves, 2016)
[2720920] Failed to build match row: GD Chaves vs Boavista FC
[2700386] Could not find attributes for mark stafford (Linfield FC, 2016)
[2700386] Failed to build match row: Cork City FC vs Linfield FC
[2478437] Could not find attributes for sergey chernik (BATE Borisov, 2014)
[2478437] Failed to build match row: BATE Borisov vs Debreceni VSC

Keepers & outfield error for **Gil Vicente Futebol Clube** in Gil Vicente Futebol Clube vs CS Marítimo: Numbers: 0 and 11.
[3211463] Failed to build match row: Gil Vicente Futebol Clube vs CS Marítimo
[2335076] Failed to scrape lineup: https://www.transfermarkt.co.uk/lokomotiv-moscow_cska-moscow/index/spielbericht/2335076
[2469532] Could not find attributes for iago santos (Académica Coimbra, 2014)
[2346114] Failed to scrape lineup: https://www.transfermarkt.co.uk/galatasaray_sivasspor/index/spielbericht/2346114
[2469532] Failed to build match row: Académica Coimbra vs Sport Lisboa e Benfica

Keepers & outfield error for **Celta** in Celta vs Club Atlético de Madrid S.A.D.: Numbers: 2 and 9.
[2341106] Failed to build match row: Celta vs Club Atlético de Madrid S.A.D.
[2847151] Could not find attributes for niall keown (Partick Thistle FC, 2016)
[2847151] Failed to build match row: Partick Thistle FC vs Aberdeen Football Club
[2636709] Could not find attributes for reginal goreux (Royal Standard Club de Liège, 2015)
[2636709] Failed to build match row: Royal Standard Club de Liège vs Royal Sporting Club Anderlecht
[2700387] Failed to scrape lineup: https://www.transfermarkt.co.uk/spielbericht/index/spielbericht/2700387
[2469533] Failed to scrape lineup: https://www.transfermarkt.co.uk/gil-vicente-fc_cd-nacional/index/spielbericht/2469533
[3098008] Could not find attributes for mario fernandes (PFK CSKA Moskva, 2018)
[3098008] Failed to build match row: Associazione Sportiva Roma vs PFK CSKA Moskva
[2346115] Could not find attributes for erdinc yavuz (Konyaspor, 2013)
[3211464] Could not find attributes for chiquinho (Sport Lisboa e Benfica, 2019)
[3211464] Failed to build match row: Sport Lisboa e Benfica vs Rio Ave Futebol Clube
[2346115] Failed to build match row: Konyaspor vs Çaykur Rizespor Kulübü
[2341107] Could not find attributes for stefan mitrovic (Real Valladolid CF, 2013)
[2341107] Failed to build match row: Real Valladolid CF vs Futbol Club Barcelona
[3219366] Failed to scrape lineup: https://www.transfermarkt.co.uk/manchester-united_brighton-amp-hove-albion/index/spielbericht/3219366
[2469534] Failed to scrape lineup: https://www.transfermarkt.co.uk/vitoria-guimaraes-sc_moreirense-fc/index/spielbericht/2469534
[3205098] Failed to scrape lineup: https://www.transfermarkt.co.uk/spielbericht/index/spielbericht/3205098
[2459714] Could not find attributes for damiano schet (SC Cambuur Leeuwarden, 2014)

Keepers & outfield error for **Espanol** in Valencia Club de Fútbol S. A. D. vs Espanol: Numbers: 2 and 9.
[2459714] Failed to build match row: SC Cambuur Leeuwarden vs Nooit Opgeven Altijd Doorzetten Aangenaam Door Vermaak En Nuttig Door Ontspanning Combinatie Breda
[2518526] Failed to build match row: Valencia Club de Fútbol S. A. D. vs Espanol
[2330934] Failed to scrape lineup: https://www.transfermarkt.co.uk/sc-bastia_fc-lorient/index/spielbericht/2330934
[3076868] Could not find attributes for marko pridigar (NK Rudar Velenje, 2018)
[3076868] Failed to build match row: NK Rudar Velenje vs SC Fotbal Club FCSB SA
[2482174] Failed to scrape lineup: https://www.transfermarkt.co.uk/as-saint-etienne_fc-girondins-bordeaux/index/spielbericht/2482174
[3127437] Failed to build match row: Annan Athletic FC vs Montrose FC
[2576668] Could not find attributes for sebastian clausen (HSV Barmbek-Uhlenhorst, 2015)
[2576668] Failed to build match row: HSV Barmbek-Uhlenhorst vs Sport-Club Freiburg
[2589129] Could not find attributes for henrico drost (Excelsior Rotterdam, 2015)
[2599284] Could not find attributes for enrico alfonso (AS Cittadella, 2015)
[2589129] Failed to build match row: Excelsior Rotterdam vs Football Club Groningen
[2599284] Failed to build match row: AS Cittadella vs Potenza Calcio

Keepers & outfield error for **Valencia Club de Fútbol S. A. D.** in Berner Sport Club Young Boys vs Valencia Club de Fútbol S. A. D.: Numbers: 0 and 11.
[3098009] Failed to build match row: Berner Sport Club Young Boys vs Valencia Club de Fútbol S. A. D.
[2346116] Failed to scrape lineup: https://www.transfermarkt.co.uk/kasimpasa_galatasaray/index/spielbericht/2346116
[2847152] Could not find attributes for myles beerman (Rangers Football Club, 2016)
[2720921] Could not find attributes for sinan bolat (Futebol Clube de Arouca, 2016)
[2321286] Failed to scrape lineup: https://www.transfermarkt.co.uk/sc-freiburg_sv-werder-bremen/index/spielbericht/2321286
[2735609] Failed to scrape lineup: https://www.transfermarkt.co.uk/ea-guingamp_fc-toulouse/index/spielbericht/2735609
[2720921] Failed to build match row: Futebol Clube de Arouca vs Vitória Setúbal FC
[2847152] Failed to build match row: St. Johnstone FC vs Rangers Football Club
[2636711] Failed to scrape lineup: https://www.transfermarkt.co.uk/kaa-gent_r-charleroi-sc/index/spielbericht/2636711

Keepers & outfield error for **Futebol Clube de Famalicão** in Sporting Clube de Braga vs Futebol Clube de Famalicão: Numbers: 2 and 9.
[3211465] Failed to build match row: Sporting Clube de Braga vs Futebol Clube de Famalicão
[3205099] Failed to scrape lineup: https://www.transfermarkt.co.uk/spielbericht/index/spielbericht/3205099

Keepers & outfield error for **Futebol Clube do Porto** in Futebol Clube do Porto vs Rio Ave Futebol Clube: Numbers: 0 and 11.
[2469535] Failed to build match row: Futebol Clube do Porto vs Rio Ave Futebol Clube
[2518527] Failed to scrape lineup: https://www.transfermarkt.co.uk/spielbericht/index/spielbericht/2518527
[2488259] Failed to scrape lineup: https://www.transfermarkt.co.uk/kilmarnock-fc_ross-county-fc/index/spielbericht/2488259
[3195508] Could not find attributes for peter schadler (FSV Salmrohr, 2019)
[3195508] Failed to build match row: FSV Salmrohr vs Holstein Kiel
[2581755] Failed to scrape lineup: https://www.transfermarkt.co.uk/vfl-wolfsburg_borussia-dortmund/index/spielbericht/2581755
[2482175] Failed to scrape lineup: https://www.transfermarkt.co.uk/fc-girondins-bordeaux_stade-rennais-fc/index/spielbericht/2482175
[3076869] Failed to scrape lineup: https://www.transfermarkt.co.uk/spielbericht/index/spielbericht/3076869
[2330935] Failed to scrape lineup: https://www.transfermarkt.co.uk/fc-girondins-bordeaux_montpellier-hsc/index/spielbericht/2330935
[2378740] Could not find attributes for martin mcgoldrick (Auchinleck Talbot FC, 2013)
[2576669] Failed to scrape lineup: https://www.transfermarkt.co.uk/spielbericht/index/spielbericht/2576669
[2378740] Failed to build match row: Auchinleck Talbot FC vs Stranraer FC
[2599285] Failed to scrape lineup: https://www.transfermarkt.co.uk/spielbericht/index/spielbericht/2599285
[2589130] Could not find attributes for christian kum (Football Club Utrecht, 2015)
[2589130] Failed to build match row: Football Club Utrecht vs ADO Den Haag
[3211466] Failed to scrape lineup: https://www.transfermarkt.co.uk/b-sad_fc-pacos-de-ferreira/index/spielbericht/3211466

Keepers & outfield error for **Royal Standard Club de Liège** in Sportvereniging Zulte Waregem vs Royal Standard Club de Liège: Numbers: 2 and 9.

Keepers & outfield error for **Sporting Clube de Portugal** in Eindhovense Voetbalvereniging Philips Sport Vereniging vs Sporting Clube de Portugal: Numbers: 2 and 9.
[2911672] Could not find attributes for endika galarza (Peña Sport FC, 2017)
[2882503] Could not find attributes for aleksandr radionov (Chertanovo Moscow, 2017)
[2705368] Failed to build match row: Sportvereniging Zulte Waregem vs Royal Standard Club de Liège
[2911672] Failed to build match row: Peña Sport FC vs CD Mirandés
[3252420] Failed to build match row: Eindhovense Voetbalvereniging Philips Sport Vereniging vs Sporting Clube de Portugal
[2882503] Failed to build match row: Chertanovo Moscow vs Strogino Moscow
[2341108] Could not find attributes for joseba zaldua (Real Sociedad de Fútbol S.A.D., 2013)
[2341108] Failed to build match row: Real Sociedad de Fútbol S.A.D. vs Futbol Club Barcelona
[2576670] Failed to scrape lineup: https://www.transfermarkt.co.uk/spielbericht/index/spielbericht/2576670
[3050531] Failed to scrape lineup: https://www.transfermarkt.co.uk/west-ham-united_leicester-city/index/spielbericht/3050531
[3127438] Could not find attributes for greg fleming (Peterhead FC, 2018)
[3127438] Failed to build match row: Peterhead FC vs Greenock Morton FC
[2765920] Could not find attributes for rafael forster (FC Zorya Lugansk, 2016)
[2765920] Failed to build match row: FC Zorya Lugansk vs Manchester United Football Club
[2700388] Could not find attributes for marius adamonis (FK Atlantas Klaipeda (-2020), 2016)
[2700388] Failed to build match row: HJK Helsinki vs FK Atlantas Klaipeda (-2020)
[2911673] Failed to scrape lineup: https://www.transfermarkt.co.uk/spielbericht/index/spielbericht/2911673
[2346117] Could not find attributes for korcan celikay (Sivasspor, 2013)
[2346117] Failed to build match row: Sivasspor vs Antalyaspor
Not enough players found for lineup: 0, 0.
[2379310] Failed to scrape lineup: https://www.transfermarkt.co.uk/spielbericht/index/spielbericht/2379310
[3394688] Could not find attributes for trevoh chalobah (Football Club Lorient-Bretagne Sud, 2020)
[3394688] Failed to build match row: Angers Sporting Club de l'Ouest vs Football Club Lorient-Bretagne Sud
[2899618] Failed to scrape lineup: https://www.transfermarkt.co.uk/villarreal-cf_sd-eibar/index/spielbericht/2899618
[2599286] Could not find attributes for paolo branduani (SPAL, 2015)
[2599286] Failed to build match row: SPAL vs Rende Calcio 1968
[3050532] Could not find attributes for glenn murray (Brighton and Hove Albion Football Club, 2018)
[3050532] Failed to build match row: Wolverhampton Wanderers Football Club vs Brighton and Hove Albion Football Club
[3195513] Could not find attributes for florian sowade (Germania Halberstadt, 2019)
[3195513] Failed to build match row: Germania Halberstadt vs 1. Fußballclub Union Berlin
[3219367] Could not find attributes for robert snodgrass (West Ham United Football Club, 2019)
[3219367] Failed to build match row: West Ham United Football Club vs Newcastle United Football Club
[2765921] Could not find attributes for abzal beysebekov (FC Astana, 2016)
[2765921] Failed to build match row: Berner Sport Club Young Boys vs FC Astana
[2346118] Could not find attributes for gokhan degirmenci (Kayserispor Kulübü, 2013)
[3027728] Could not find attributes for igor konovalov (FC Rubin Kazan, 2017)
[2478438] Could not find attributes for giedrius arlauskis (SC Fotbal Club FCSB SA, 2014)
[2346118] Failed to build match row: Kayserispor Kulübü vs Akhisarspor
[2478438] Failed to build match row: SC Fotbal Club FCSB SA vs FK Aktobe
[3027728] Failed to build match row: Amkar Perm vs FC Rubin Kazan
[2609389] Failed to scrape lineup: https://www.transfermarkt.co.uk/cs-maritimo_fc-pacos-de-ferreira/index/spielbericht/2609389
[2899619] Failed to scrape lineup: https://www.transfermarkt.co.uk/levante-ud_deportivo-alaves/index/spielbericht/2899619
[2589132] Could not find attributes for kosuke ota (Vitesse Arnhem, 2015)
[2589132] Failed to build match row: Vitesse Arnhem vs Feyenoord Rotterdam

Keepers & outfield error for **Rayo Vallecano de Madrid S. A. D.** in Rayo Vallecano de Madrid S. A. D. vs Sevilla Fútbol Club S.A.D.: Numbers: 0 and 11.
[2341109] Failed to build match row: Rayo Vallecano de Madrid S. A. D. vs Sevilla Fútbol Club S.A.D.
Not enough players found for lineup: 0, 0.
[2379311] Failed to scrape lineup: https://www.transfermarkt.co.uk/spielbericht/index/spielbericht/2379311
[3050533] Could not find attributes for glenn murray (Brighton and Hove Albion Football Club, 2018)
[3050533] Failed to build match row: Brighton and Hove Albion Football Club vs Newcastle United Football Club
[2765922] Could not find attributes for boy waterman (APOEL Nicosia, 2016)
[2765922] Failed to build match row: APOEL Nicosia vs Olympiakos Syndesmos Filathlon Peiraios

Keepers & outfield error for **The Celtic Football Club** in The Celtic Football Club vs Fenerbahçe Spor Kulübü: Numbers: 2 and 9.
[2618749] Failed to build match row: The Celtic Football Club vs Fenerbahçe Spor Kulübü
[2581757] Could not find attributes for daniel schwaab (Verein für Bewegungsspiele Stuttgart 1893, 2015)
[2581757] Failed to build match row: Verein für Bewegungsspiele Stuttgart 1893 vs Sportverein Werder Bremen von 1899
[2911674] Could not find attributes for aly coulibaly (CF Badalona, 2017)
[3127439] Could not find attributes for graeme smith (Stenhousemuir FC, 2018)
[2911674] Failed to build match row: CF Badalona vs Elche Club de Fútbol S.A.D.
[3127439] Failed to build match row: Aberdeen Football Club vs Stenhousemuir FC

Keepers & outfield error for **CF Os Belenenses** in CF Os Belenenses vs Clube Desportivo de Tondela: Numbers: 0 and 11.
[2720922] Failed to build match row: CF Os Belenenses vs Clube Desportivo de Tondela
[2576672] Could not find attributes for robin heller (Rot-Weiss Essen, 2015)

Keepers & outfield error for **UD Las Palmas** in Futbol Club Barcelona vs UD Las Palmas: Numbers: 3 and 8.

Keepers & outfield error for **FC Shakhtar Donetsk** in FC Shakhtar Donetsk vs Dnipro Dnipropetrovsk (-2020): Numbers: 2 and 9.
[3219368] Could not find attributes for robert snodgrass (West Ham United Football Club, 2019)
[2576672] Failed to build match row: Rot-Weiss Essen vs Fortuna Düsseldorf
[2683469] Could not find attributes for aaron olanare (PFK CSKA Moskva, 2015)
[2518528] Could not find attributes for riki (Granada CF, 2014)
[3219368] Failed to build match row: Burnley Football Club vs West Ham United Football Club
[2899620] Failed to build match row: Futbol Club Barcelona vs UD Las Palmas
[2683469] Failed to build match row: PFK CSKA Moskva vs FK Dinamo Moskva
[2847576] Failed to build match row: FC Shakhtar Donetsk vs Dnipro Dnipropetrovsk (-2020)
[2518528] Failed to build match row: Granada CF vs Sevilla Fútbol Club S.A.D.

Keepers & outfield error for **Verona Hellas Football Club** in Verona Hellas Football Club vs Football Club Internazionale Milano S.p.A.: Numbers: 0 and 11.
[2359478] Failed to build match row: Verona Hellas Football Club vs Football Club Internazionale Milano S.p.A.
[3076870] Could not find attributes for ernestas setkus (Hapoel Haifa, 2018)
[3076870] Failed to build match row: Hapoel Haifa vs FH Hafnarfjördur
[2891429] Could not find attributes for georgios athanasiadis (A.G.S Asteras Tripolis, 2017)

Keepers & outfield error for **Royal Excel Mouscron (-2022)** in KV Oostende vs Royal Excel Mouscron (-2022): Numbers: 0 and 11.
Not enough players found for lineup: 0, 0.
[2891429] Failed to build match row: A.G.S Asteras Tripolis vs PAS Lamia 1964
[2379312] Failed to scrape lineup: https://www.transfermarkt.co.uk/spielbericht/index/spielbericht/2379312
[2700389] Could not find attributes for dave roberts (Llandudno FC, 2016)

Keepers & outfield error for **Levante Unión Deportiva S.A.D.** in Levante Unión Deportiva S.A.D. vs Club Atlético Osasuna: Numbers: 2 and 9.
[2700389] Failed to build match row: Llandudno FC vs Idrottsföreningen Kamraterna Göteborg
[2341110] Failed to build match row: Levante Unión Deportiva S.A.D. vs Club Atlético Osasuna
[2911675] Could not find attributes for kingsley fobi (SD Formentera, 2017)
[2911675] Failed to build match row: SD Formentera vs SD Tarazona
[2872182] Could not find attributes for saido berahino (Stoke City, 2017)
[3229270] Could not find attributes for eddie salcedo (Verona Hellas Football Club, 2019)
[2872182] Failed to build match row: Stoke City vs Southampton FC
[3229270] Failed to build match row: Verona Hellas Football Club vs Brescia Calcio
[2518529] Could not find attributes for sergi roberto (Futbol Club Barcelona, 2014)
[2518529] Failed to build match row: Futbol Club Barcelona vs Elche Club de Fútbol S.A.D.
[2346119] Could not find attributes for mustafa yumlu (Trabzonspor Kulübü, 2013)
[2346119] Failed to build match row: Trabzonspor Kulübü vs Kayseri Erciyesspor
[3027729] Could not find attributes for dmitriy tarasov (Футбольный клуб "Локомотив" Москва, 2017)
[3027729] Failed to build match row: FK Dinamo Moskva vs Футбольный клуб "Локомотив" Москва
[3205100] Could not find attributes for haraldur bjornsson (Stjarnan Gardabaer, 2019)
[3205100] Failed to build match row: Stjarnan Gardabaer vs FCI Levadia
[3286276] Could not find attributes for arvin appiah (UD Almería, 2019)
[3286276] Failed to build match row: UD Tamaraceite vs UD Almería
[2847865] Could not find attributes for georgiy shchennikov (PFK CSKA Moskva, 2016)
Not enough players found for lineup: 0, 0.
[2518530] Failed to scrape lineup: https://www.transfermarkt.co.uk/spielbericht/index/spielbericht/2518530
[3127440] Could not find attributes for neil mcpherson (Auchinleck Talbot FC, 2018)
[2847865] Failed to build match row: FK Ufa vs PFK CSKA Moskva
[3127440] Failed to build match row: Auchinleck Talbot FC vs Ayr United FC
[2379313] Failed to scrape lineup: https://www.transfermarkt.co.uk/spielbericht/index/spielbericht/2379313

Keepers & outfield error for **CF Os Belenenses** in CS Marítimo vs CF Os Belenenses: Numbers: 4 and 7.
[2478439] Could not find attributes for rashad sadyqov (Qarabağ FK, 2014)
9)
[2872183] Could not find attributes for etienne capoue (Watford FC, 2017)
[2498720] Failed to build match row: CS Marítimo vs CF Os Belenenses
[3211468] Failed to build match row: Vitória Setúbal FC vs Boavista FC
[2872183] Failed to build match row: West Bromwich Albion vs Watford FC
[2359479] Could not find attributes for giovanni marchese (Genoa Cricket and Football Club, 2013)
[2478439] Failed to build match row: Fußballclub Red Bull Salzburg vs Qarabağ FK
[2359479] Failed to build match row: Genoa Cricket and Football Club vs Juventus Football Club

Keepers & outfield error for **UD Las Palmas** in UD Las Palmas vs Celta: Numbers: 2 and 9.

Keepers & outfield error for **AO FK Zenit Sankt-Peterburg** in FK Rostov vs AO FK Zenit Sankt-Peterburg: Numbers: 2 and 9.
[2899621] Failed to build match row: UD Las Palmas vs Celta
[3219369] Could not find attributes for patrick van aanholt (Crystal Palace Football Club, 2019)
[3219369] Failed to build match row: Chelsea Football Club vs Crystal Palace Football Club
[2683470] Failed to build match row: FK Rostov vs AO FK Zenit Sankt-Peterburg

Keepers & outfield error for **Everton Football Club** in Crystal Palace Football Club vs Everton Football Club: Numbers: 2 and 9.
[3050535] Failed to build match row: Crystal Palace Football Club vs Everton Football Club
[2720923] Could not find attributes for jota (Clube Desportivo Nacional, 2016)
[2720923] Failed to build match row: Sport Lisboa e Benfica vs Clube Desportivo Nacional
[2346120] Could not find attributes for ramazan kose (Gençlerbirliği Spor Kulübü, 2013)
[2341111] Could not find attributes for joseba zaldua (Real Sociedad de Fútbol S.A.D., 2013)
[2346120] Failed to build match row: Gençlerbirliği Spor Kulübü vs Gaziantepspor (- 2020)
[2341111] Failed to build match row: Sevilla Fútbol Club S.A.D. vs Real Sociedad de Fútbol S.A.D.
[2459718] Could not find attributes for christian kum (Football Club Utrecht, 2014)
[2459718] Failed to build match row: Football Club Utrecht vs Heracles Almelo
[2735611] Could not find attributes for issiar dia (AS Nancy-Lorraine, 2016)
[2735611] Failed to build match row: AS Nancy-Lorraine vs Olympique de Marseille
[3195519] Could not find attributes for niclas heimann (SV Rödinghausen, 2019)
[3195519] Failed to build match row: SV Rödinghausen vs SC Paderborn 07
[2330936] Failed to scrape lineup: https://www.transfermarkt.co.uk/ac-ajaccio_olympique-marseille/index/spielbericht/2330936
[2599287] Could not find attributes for nicolo gigli (Unione Sportiva Lecce, 2015)
[2599287] Failed to build match row: Unione Sportiva Lecce vs US Catanzaro
[3063771] Could not find attributes for zeca (Football Club København, 2018)

Keepers & outfield error for **Portimonense SC** in Portimonense SC vs Clube Desportivo Santa Clara: Numbers: 0 and 11.
[2683471] Could not find attributes for aleksandr belenov (Kuban Krasnodar (-2018), 2015)
[3063771] Failed to build match row: Fodbold Club Nordsjælland vs Football Club København
[3211469] Failed to build match row: Portimonense SC vs Clube Desportivo Santa Clara
[2683471] Failed to build match row: Anzhi Makhachkala ( -2022) vs Kuban Krasnodar (-2018)
[3027730] Could not find attributes for yuriy zhirkov (AO FK Zenit Sankt-Peterburg, 2017)

Keepers & outfield error for **Associazione Calcio Milan** in Udinese Calcio vs Associazione Calcio Milan: Numbers: 2 and 9.

Keepers & outfield error for **Vitória Sport Clube** in FC Paços de Ferreira vs Vitória Sport Clube: Numbers: 0 and 11.
[2726689] Failed to build match row: Udinese Calcio vs Associazione Calcio Milan
[2609392] Failed to build match row: FC Paços de Ferreira vs Vitória Sport Clube
[2765923] Failed to scrape lineup: https://www.transfermarkt.co.uk/spielbericht/index/spielbericht/2765923

Keepers & outfield error for **Parma Calcio 1913** in Parma Calcio 1913 vs Chievo Verona: Numbers: 2 and 9.
[3081179] Failed to build match row: Parma Calcio 1913 vs Chievo Verona

Keepers & outfield error for **Levante Unión Deportiva S.A.D.** in Levante Unión Deportiva S.A.D. vs Málaga CF: Numbers: 0 and 11.
[2636714] Could not find attributes for oleksandr volovyk (Oud-Heverlee Leuven, 2015)
[2581760] Could not find attributes for yanni regasel (Hertha BSC, 2015)
[2518531] Failed to build match row: Levante Unión Deportiva S.A.D. vs Málaga CF
[2636714] Failed to build match row: Oud-Heverlee Leuven vs Koninklijke Racing Club Genk
[2581760] Failed to build match row: Hertha BSC vs Bayer 04 Leverkusen Fußball

Keepers & outfield error for **Alaves** in Alaves vs Real Sociedad de Fútbol S.A.D.: Numbers: 2 and 9.
[2899622] Failed to build match row: Alaves vs Real Sociedad de Fútbol S.A.D.
[2359480] Could not find attributes for keita balde (Società Sportiva Lazio S.p.A., 2013)
[2359480] Failed to build match row: Cagliari Calcio vs Società Sportiva Lazio S.p.A.
[3127441] Could not find attributes for sean crighton (Airdrieonians FC, 2018)
[2346121] Could not find attributes for zulkuf ozer (Elazigspor, 2013)
[2346121] Failed to build match row: Elazigspor vs Bursaspor
[3127441] Failed to build match row: The Celtic Football Club vs Airdrieonians FC
[3205101] Could not find attributes for gunnleifur vignir gunnleifsson (Breidablik Kópavogur, 2019)
[2847866] Could not find attributes for gregor balazic (Ural Yekaterinburg, 2016)

Keepers & outfield error for **Sporting Clube de Braga** in Sporting Clube de Braga vs Grupo Desportivo Estoril Praia: Numbers: 3 and 8.
[2847866] Failed to build match row: AO FK Zenit Sankt-Peterburg vs Ural Yekaterinburg
[2720924] Failed to build match row: Sporting Clube de Braga vs Grupo Desportivo Estoril Praia
[2478440] Could not find attributes for danielzinho (AEL Limassol, 2014)
[2478440] Failed to build match row: AO FK Zenit Sankt-Peterburg vs AEL Limassol
[2683472] Could not find attributes for fatos beqiraj (FK Dinamo Moskva, 2015)
[2683472] Failed to build match row: FK Dinamo Moskva vs Amkar Perm
[2735612] Could not find attributes for firmin mubele (Rennes, 2016)
[2735612] Failed to build match row: AS Saint-Étienne vs Rennes
[2576673] Could not find attributes for dominik brunnhubner (Würzburger Kickers, 2015)
[2576673] Failed to build match row: Würzburger Kickers vs Sportverein Werder Bremen von 1899

Keepers & outfield error for **Unione Sportiva Lecce** in Unione Sportiva Lecce vs Unione Sportiva Sassuolo Calcio: Numbers: 0 and 11.

Keepers & outfield error for **Vitória Setúbal FC** in Vitória Setúbal FC vs Futebol Clube de Arouca: Numbers: 0 and 11.
[3229271] Failed to build match row: Unione Sportiva Lecce vs Unione Sportiva Sassuolo Calcio

Keepers & outfield error for **Vitória Sport Clube** in Moreirense Futebol Clube vs Vitória Sport Clube: Numbers: 0 and 11.
[2609393] Failed to build match row: Vitória Setúbal FC vs Futebol Clube de Arouca
[2872185] Could not find attributes for nikola vlasic (Everton Football Club, 2017)
[3211470] Failed to build match row: Moreirense Futebol Clube vs Vitória Sport Clube
[2872185] Failed to build match row: Brighton and Hove Albion Football Club vs Everton Football Club
[2700390] Could not find attributes for marc oberweis (Jeunesse Esch, 2016)
[2700390] Failed to build match row: Jeunesse Esch vs St. Patrick's Athletic
[2488264] Could not find attributes for jack baird (Saint Mirren Football Club, 2014)
[2488264] Failed to build match row: Hamilton Academical FC vs Saint Mirren Football Club
[3076871] Failed to scrape lineup: https://www.transfermarkt.co.uk/spielbericht/index/spielbericht/3076871

Keepers & outfield error for **Wolverhampton Wanderers Football Club** in Arsenal Football Club vs Wolverhampton Wanderers Football Club: Numbers: 0 and 11.
[2346122] Could not find attributes for egemen korkmaz (Fenerbahçe Spor Kulübü, 2013)
[3219371] Failed to build match row: Arsenal Football Club vs Wolverhampton Wanderers Football Club
[2346122] Failed to build match row: Fenerbahçe Spor Kulübü vs Beşiktaş Jimnastik Kulübü

Keepers & outfield error for **Ural Yekaterinburg** in Ural Yekaterinburg vs PFK CSKA Moskva: Numbers: 2 and 9.
[2469536] Could not find attributes for pintassilgo (Futebol Clube de Arouca, 2014)

Keepers & outfield error for **Società Sportiva Calcio Napoli** in Torino Calcio vs Società Sportiva Calcio Napoli: Numbers: 2 and 9.
[2599288] Could not find attributes for riccardo piscitelli (Benevento Calcio, 2015)
[2469536] Failed to build match row: CF Os Belenenses vs Futebol Clube de Arouca
[2683473] Failed to build match row: Ural Yekaterinburg vs PFK CSKA Moskva
[3195521] Could not find attributes for florian urbainski (SV Atlas Delmenhorst, 2019)
[2359481] Failed to build match row: Torino Calcio vs Società Sportiva Calcio Napoli
[2478441] Could not find attributes for pierre neurath bengtsson (Football Club København, 2014)
[2599288] Failed to build match row: Benevento Calcio vs AC Tuttocuoio
[3195521] Failed to build match row: SV Atlas Delmenhorst vs Sportverein Werder Bremen von 1899
[2478441] Failed to build match row: Football Club København vs Dnipro Dnipropetrovsk (-2020)
[2379314] Could not find attributes for anastasios papazoglou (Olympiakos Syndesmos Filathlon Peiraios, 2013)

Keepers & outfield error for **Club Atlético Osasuna** in Club Atlético Osasuna vs Málaga CF: Numbers: 0 and 11.
ugal: Numbers: 0 and 11.
[2379314] Failed to build match row: Olympiakos Syndesmos Filathlon Peiraios vs AS Fokikos Amfissas
[2341112] Failed to build match row: Club Atlético Osasuna vs Málaga CF
[3211471] Failed to build match row: Clube Desportivo de Tondela vs Sporting Clube de Portugal
[2726691] Could not find attributes for albano bizzarri (Delfino Pescara 1936, 2016)
[2609394] Could not find attributes for ricardo ferreira (Sporting Clube de Braga, 2015)
[2609394] Failed to build match row: Sporting Clube de Braga vs CF Os Belenenses
[2726691] Failed to build match row: Football Club Internazionale Milano S.p.A. vs Delfino Pescara 1936
[2618753] Could not find attributes for andrey sinitsyn (FK Krasnodar, 2015)
[2576674] Could not find attributes for adam susac (FC Erzgebirge Aue, 2015)
[2618753] Failed to build match row: FK Krasnodar vs FK Qabala
[2576674] Failed to build match row: FC Erzgebirge Aue vs SpVgg Greuther Fürth
[2942734] Could not find attributes for jerome roussillon (Montpellier HSC, 2017)
[2942734] Failed to build match row: FC Girondins Bordeaux vs Montpellier HSC

Keepers & outfield error for **Málaga CF** in Sevilla Fútbol Club S.A.D. vs Málaga CF: Numbers: 0 and 11.
[2899624] Failed to build match row: Sevilla Fútbol Club S.A.D. vs Málaga CF
[3205102] Could not find attributes for aram hayrapetyan (FC Urartu Yerevan, 2019)
[3205102] Failed to build match row: FC Urartu Yerevan vs Fudbalski klub Čukarički Beograd
[2346123] Could not find attributes for jerry akaminko (Eskisehirspor, 2013)
[2346123] Failed to build match row: Eskisehirspor vs Kardemir Karabükspor
[3063772] Could not find attributes for kjartan finnbogason (Vejle Boldklub, 2018)

Keepers & outfield error for **Association sportive de Monaco Football Club** in Association sportive de Monaco Football Club vs Olympique Gymnaste Club Nice Côte d'Azur: Numbers: 2 and 9.
[3063772] Failed to build match row: Vejle Boldklub vs Vendsyssel FF
[2482181] Failed to build match row: Association sportive de Monaco Football Club vs Olympique Gymnaste Club Nice Côte d'Azur
[3076880] Could not find attributes for mikel gonzalez (AEK Larnaca, 2018)
[3076880] Failed to build match row: Dundalk FC vs AEK Larnaca
[2891430] Could not find attributes for moise adilehou (APO Levadiakos Football Club, 2017)
[3127442] Could not find attributes for jamie pyper (Cowdenbeath FC, 2018)
[3127442] Failed to build match row: Cowdenbeath FC vs Rangers Football Club
[2891430] Failed to build match row: APO Levadiakos Football Club vs AO Platanias

Keepers & outfield error for **Moreirense Futebol Clube** in Moreirense Futebol Clube vs Sport Lisboa e Benfica: Numbers: 3 and 8.

Keepers & outfield error for **AO FK Zenit Sankt-Peterburg** in AO FK Zenit Sankt-Peterburg vs Kuban Krasnodar (-2018): Numbers: 2 and 9.

Keepers & outfield error for **CS Marítimo** in CS Marítimo vs Boavista FC: Numbers: 0 and 11.
[2469537] Failed to build match row: CS Marítimo vs Boavista FC
[2683474] Failed to build match row: AO FK Zenit Sankt-Peterburg vs Kuban Krasnodar (-2018)
[2498721] Failed to build match row: Moreirense Futebol Clube vs Sport Lisboa e Benfica
Not enough players found for lineup: 0, 0.

Keepers & outfield error for **AO FK Zenit Sankt-Peterburg** in Alkmaar Zaanstreek vs AO FK Zenit Sankt-Peterburg: Numbers: 2 and 9.
[2379315] Failed to scrape lineup: https://www.transfermarkt.co.uk/spielbericht/index/spielbericht/2379315
[2765925] Failed to build match row: Alkmaar Zaanstreek vs AO FK Zenit Sankt-Peterburg
[2707833] Could not find attributes for brian graham (Ross County FC, 2016)

Keepers & outfield error for **Clube Desportivo Santa Clara** in Clube Desportivo Santa Clara vs Sport Lisboa e Benfica: Numbers: 2 and 9.
[2599289] Could not find attributes for guillaume gigliotti (Foggia Calcio, 2015)
[3211472] Failed to build match row: Clube Desportivo Santa Clara vs Sport Lisboa e Benfica
[2707833] Failed to build match row: Ross County FC vs Dundee Football Club
[2599289] Failed to build match row: Foggia Calcio vs AS Lucchese Libertas
[2636717] Could not find attributes for reginal goreux (Royal Standard Club de Liège, 2015)
[2847868] Could not find attributes for maicon bolt (Футбольный клуб "Локомотив" Москва, 2016)
[2847868] Failed to build match row: Футбольный клуб "Локомотив" Москва vs Amkar Perm
[2636717] Failed to build match row: Royal Standard Club de Liège vs KV Kortrijk
[3098015] Could not find attributes for vujadin savic (Fudbalski klub Crvena zvezda Beograd, 2018)
[2911676] Could not find attributes for bernabe ballester (Olímpic Xàtiva, 2017)
[2911676] Failed to build match row: Olímpic Xàtiva vs UE Olot
[3098015] Failed to build match row: Fudbalski klub Crvena zvezda Beograd vs Liverpool Football Club

Keepers & outfield error for **Aberdeen Football Club** in Partick Thistle FC vs Aberdeen Football Club: Numbers: 0 and 11.
[2478442] Could not find attributes for marios antoniadis (APOEL Nicosia, 2014)

Keepers & outfield error for **Elche Club de Fútbol S.A.D.** in Elche Club de Fútbol S.A.D. vs Celta: Numbers: 0 and 11.
[2488266] Failed to build match row: Partick Thistle FC vs Aberdeen Football Club
[2478442] Failed to build match row: APOEL Nicosia vs HJK Helsinki
[2341113] Failed to build match row: Elche Club de Fútbol S.A.D. vs Celta
[2618754] Could not find attributes for miguel vitor (Panthessalonikios Athlitikos Omilos Konstantinoupoliton, 2015)
[3027733] Could not find attributes for aleksandr belenov (FK Ufa, 2017)
[2576675] Could not find attributes for bernhard hendl (BFC Dynamo, 2015)
[3027733] Failed to build match row: FK Ufa vs PFK CSKA Moskva
[2618754] Failed to build match row: Panthessalonikios Athlitikos Omilos Konstantinoupoliton vs Borussia Dortmund
[2576675] Failed to build match row: BFC Dynamo vs FSV Frankfurt
[2346124] Could not find attributes for boy waterman (Kardemir Karabükspor, 2013)
[2346124] Failed to build match row: Kardemir Karabükspor vs Kayserispor Kulübü
[2882504] Could not find attributes for renat sokolov (Veles Moscow, 2017)
[2882504] Failed to build match row: Veles Moscow vs Torpedo Moscow
[3050540] Could not find attributes for danny ings (Southampton FC, 2018)
[3050540] Failed to build match row: Southampton FC vs Association Football Club Bournemouth
[3127443] Could not find attributes for martin woods (Dundee Football Club, 2018)
[3127443] Failed to build match row: Dundee Football Club vs Queen of the South FC

Keepers & outfield error for **Cagliari Calcio** in Atalanta Bergamasca Calcio S.p.a. vs Cagliari Calcio: Numbers: 0 and 11.

Keepers & outfield error for **Watford FC** in Watford FC vs Association Football Club Bournemouth: Numbers: 2 and 9.
[2726693] Failed to build match row: Atalanta Bergamasca Calcio S.p.a. vs Cagliari Calcio

Keepers & outfield error for **Lille Olympique Sporting Club** in Lille Olympique Sporting Club vs Association sportive de Monaco Football Club: Numbers: 2 and 9.
[3219373] Failed to build match row: Watford FC vs Association Football Club Bournemouth
[2335081] Could not find attributes for joaozinho (FK Krasnodar, 2013)
[3394690] Failed to build match row: Lille Olympique Sporting Club vs Association sportive de Monaco Football Club

Keepers & outfield error for **Vitória Sport Clube** in Royal Standard Club de Liège vs Vitória Sport Clube: Numbers: 0 and 11.
[3252425] Failed to build match row: Royal Standard Club de Liège vs Vitória Sport Clube
[2335081] Failed to build match row: FK Krasnodar vs Amkar Perm
[2700391] Could not find attributes for andrew doyle (Glenavon FC, 2016)
[2700391] Failed to build match row: Glenavon FC vs KR Reykjavík
[2735615] Could not find attributes for yannis salibur (EA Guingamp, 2016)
[2589134] Could not find attributes for christian kum (Football Club Utrecht, 2015)
[2735615] Failed to build match row: Lille Olympique Sporting Club vs EA Guingamp
)
[3076881] Could not find attributes for mikel gonzalez (AEK Larnaca, 2018)
[2765926] Could not find attributes for predrag rajkovic (Maccabi Tel Aviv, 2016)
[2765926] Failed to build match row: Maccabi Tel Aviv vs Dundalk FC
[2609395] Failed to build match row: Clube Desportivo de Tondela vs Sport Lisboa e Benfica

Keepers & outfield error for **FC Penafiel** in FC Penafiel vs Sporting Clube de Braga: Numbers: 2 and 9.

Keepers & outfield error for **Футбольный клуб "Локомотив" Москва** in Футбольный клуб "Локомотив" Москва vs FK Spartak Moskva: Numbers: 0 and 11.
[2589134] Failed to build match row: Football Club Utrecht vs Excelsior Rotterdam
[3076881] Failed to build match row: AEK Larnaca vs Dundalk FC
[2469538] Failed to build match row: FC Penafiel vs Sporting Clube de Braga
[2683475] Failed to build match row: Футбольный клуб "Локомотив" Москва vs FK Spartak Moskva

Keepers & outfield error for **Royal Excel Mouscron (-2022)** in Royal Excel Mouscron (-2022) vs Royal Charleroi Sporting Club: Numbers: 0 and 11.
[2636718] Failed to build match row: Royal Excel Mouscron (-2022) vs Royal Charleroi Sporting Club
[2720927] Could not find attributes for zainadine (CS Marítimo, 2016)
[2720927] Failed to build match row: CS Marítimo vs Moreirense Futebol Clube
[2379316] Could not find attributes for danijel pranjic (Panathinaikos Athlitikos Omilos, 2013)

Keepers & outfield error for **Futebol Clube de Famalicão** in Futebol Clube de Famalicão vs Moreirense Futebol Clube: Numbers: 2 and 9.
[2847869] Could not find attributes for guram tetrashvili (Anzhi Makhachkala ( -2022), 2016)

Keepers & outfield error for **FC Cartagena** in FC Cartagena vs UCAM Murcia CF: Numbers: 0 and 11.
[3211473] Failed to build match row: Futebol Clube de Famalicão vs Moreirense Futebol Clube
[2379316] Failed to build match row: Panathinaikos Athlitikos Omilos vs GS Ergotelis
[2847869] Failed to build match row: RFK Akhmat Grozny vs Anzhi Makhachkala ( -2022)
[3081180] Could not find attributes for dusan vlahovic (Associazione Calcio Fiorentina, 2018)
[2599290] Could not find attributes for davide facchin (FC Pavia 1911, 2015)

Keepers & outfield error for **SPAL** in SPAL vs UC Sampdoria: Numbers: 0 and 11.
[3081180] Failed to build match row: Unione Sportiva Sassuolo Calcio vs Associazione Calcio Fiorentina
[2599290] Failed to build match row: FC Pavia 1911 vs US Poggibonsi
[3229274] Failed to build match row: SPAL vs UC Sampdoria

Keepers & outfield error for **Real Betis Balompié S.A.D.** in Real Betis Balompié S.A.D. vs Valencia Club de Fútbol S. A. D.: Numbers: 0 and 11.
[2899626] Failed to build match row: Real Betis Balompié S.A.D. vs Valencia Club de Fútbol S. A. D.
[2618755] Could not find attributes for filip novak (Fodbold Club Midtjylland, 2015)
[2618755] Failed to build match row: Club Brugge Koninklijke Voetbalvereniging vs Fodbold Club Midtjylland

Keepers & outfield error for **West Ham United Football Club** in Tottenham Hotspur Football Club vs West Ham United Football Club: Numbers: 2 and 9.
[3050541] Failed to build match row: Tottenham Hotspur Football Club vs West Ham United Football Club
[2765927] Could not find attributes for matus kozacik (FC Viktoria Plzeň, a.s., 2016)
[2765927] Failed to build match row: FC Viktoria Plzeň, a.s. vs Fußballklub Austria Wien
[3127444] Could not find attributes for callumn morrison (Heart of Midlothian Football Club, 2018)
[3127444] Failed to build match row: Heart of Midlothian Football Club vs Livingston Football Club
[3219374] Could not find attributes for robert snodgrass (West Ham United Football Club, 2019)
[3219374] Failed to build match row: West Ham United Football Club vs Sheffield United
[2576676] Could not find attributes for deniz siga (FSV Salmrohr, 2015)
[2576676] Failed to build match row: FSV Salmrohr vs VfL Bochum

Keepers & outfield error for **Sporting Clube de Portugal** in Sporting Clube de Portugal vs Grupo Desportivo Estoril Praia: Numbers: 0 and 11.
[2609396] Failed to build match row: Sporting Clube de Portugal vs Grupo Desportivo Estoril Praia
[2469539] Could not find attributes for kleber (Grupo Desportivo Estoril Praia, 2014)
[2469539] Failed to build match row: FC Paços de Ferreira vs Grupo Desportivo Estoril Praia
[2683476] Could not find attributes for giorgiy shelia (FK Ufa, 2015)
[2683476] Failed to build match row: FK Ufa vs FC Rubin Kazan

Keepers & outfield error for **Olympique Lyonnais** in Olympique Lyonnais vs Association sportive de Monaco Football Club: Numbers: 2 and 9.
[2735616] Failed to build match row: Olympique Lyonnais vs Association sportive de Monaco Football Club
[2346125] Could not find attributes for evren ozyigit (Akhisarspor, 2013)
[2346125] Failed to build match row: Akhisarspor vs Konyaspor
[2847870] Could not find attributes for aleksandr melikhov (Tom Tomsk, 2016)
[2847870] Failed to build match row: Tom Tomsk vs FC Orenburg
[2700392] Could not find attributes for juuso hamalainen (Rovaniemen Palloseura, 2016)
[2700392] Failed to build match row: Rovaniemen Palloseura vs Shamrock Rovers
[3205103] Could not find attributes for sasa ivanovic (OFK Titograd, 2019)
[3027734] Could not find attributes for dmitriy skopintsev (FK Rostov, 2017)
[2636824] Failed to scrape lineup: https://www.transfermarkt.co.uk/spielbericht/index/spielbericht/2636824
[3205103] Failed to build match row: OFK Titograd vs CSKA-Sofia
[3027734] Failed to build match row: FK Rostov vs SKA Khabarovsk
[2576677] Failed to scrape lineup: https://www.transfermarkt.co.uk/spielbericht/index/spielbericht/2576677
[2459723] Could not find attributes for gino coutinho (Excelsior Rotterdam, 2014)
[2459723] Failed to build match row: ADO Den Haag vs Excelsior Rotterdam
[2321295] Could not find attributes for alexander madlung (Eintracht Frankfurt Fußball AG, 2013)
[2321295] Failed to build match row: Eintracht Frankfurt Fußball AG vs Mönchengladbach
[2335082] Could not find attributes for aleksey ionov (Anzhi Makhachkala ( -2022), 2013)
[2335082] Failed to build match row: Anzhi Makhachkala ( -2022) vs FK Rostov
[2346126] Failed to scrape lineup: https://www.transfermarkt.co.uk/gaziantepspor_trabzonspor/index/spielbericht/2346126

Keepers & outfield error for **Società Sportiva Calcio Napoli** in Legia Warszawa Spółka Akcyjna vs Società Sportiva Calcio Napoli: Numbers: 0 and 11.
[2618756] Failed to build match row: Legia Warszawa Spółka Akcyjna vs Società Sportiva Calcio Napoli

Keepers & outfield error for **Espanol** in Espanol vs Valencia Club de Fútbol S. A. D.: Numbers: 2 and 9.
[2518534] Failed to build match row: Espanol vs Valencia Club de Fútbol S. A. D.
[2341114] Could not find attributes for stefan mitrovic (Real Valladolid CF, 2013)
[2341114] Failed to build match row: Málaga CF vs Real Valladolid CF
[2882505] Could not find attributes for azamat shogenov (Spartak Kostroma, 2017)
[2882505] Failed to build match row: Spartak Kostroma vs Tekstilshchik Ivanovo
[3076882] Failed to scrape lineup: https://www.transfermarkt.co.uk/spielbericht/index/spielbericht/3076882
[2346127] Failed to scrape lineup: https://www.transfermarkt.co.uk/bursaspor_genclerbirligi-ankara/index/spielbericht/2346127
[2488525] Failed to scrape lineup: https://www.transfermarkt.co.uk/spielbericht/index/spielbericht/2488525
[3211474] Failed to scrape lineup: https://www.transfermarkt.co.uk/fc-pacos-de-ferreira_cd-tondela/index/spielbericht/3211474
[3195529] Could not find attributes for oscar wendt (Mönchengladbach, 2019)

Keepers & outfield error for **Gil Vicente Futebol Clube** in Sporting Clube de Portugal vs Gil Vicente Futebol Clube: Numbers: 4 and 7.
[3195529] Failed to build match row: SV Sandhausen vs Mönchengladbach
[2498722] Failed to build match row: Sporting Clube de Portugal vs Gil Vicente Futebol Clube
[2720929] Could not find attributes for sinan bolat (Futebol Clube de Arouca, 2016)
[2720929] Failed to build match row: Sport Lisboa e Benfica vs Futebol Clube de Arouca
[2765928] Failed to scrape lineup: https://www.transfermarkt.co.uk/spielbericht/index/spielbericht/2765928
[2847871] Could not find attributes for georgiy zotov (PFK Krylya Sovetov Samara, 2016)

Keepers & outfield error for **Vitória Setúbal FC** in Sporting Clube de Portugal vs Vitória Setúbal FC: Numbers: 3 and 8.
[2847871] Failed to build match row: PFK Krylya Sovetov Samara vs FC Rubin Kazan
[2469540] Failed to build match row: Sporting Clube de Portugal vs Vitória Setúbal FC
[3076883] Failed to scrape lineup: https://www.transfermarkt.co.uk/spielbericht/index/spielbericht/3076883

Keepers & outfield error for **Futebol Clube do Porto** in Futebol Clube do Porto vs Футбольный клуб "Локомотив" Москва: Numbers: 2 and 9.
[3394693] Failed to scrape lineup: https://www.transfermarkt.co.uk/nimes-olympique_olympique-marseille/index/spielbericht/3394693
[3098018] Failed to build match row: Futebol Clube do Porto vs Футбольный клуб "Локомотив" Москва
[3219376] Could not find attributes for patrick van aanholt (Crystal Palace Football Club, 2019)
[3219376] Failed to build match row: Crystal Palace Football Club vs Leicester City
[3205104] Could not find attributes for stas pokatilov (Kairat Almaty, 2019)
[2735617] Could not find attributes for lukas pokorny (Montpellier HSC, 2016)
[3205104] Failed to build match row: Kairat Almaty vs NK Siroki Brijeg
[2735617] Failed to build match row: Paris Saint-Germain Football Club vs Montpellier HSC
[2488526] Failed to scrape lineup: https://www.transfermarkt.co.uk/spielbericht/index/spielbericht/2488526
[2891431] Could not find attributes for giannis kontoes (Apollon Smyrnis, 2017)
[2891431] Failed to build match row: Apollon Smyrnis vs Panthessalonikios Athlitikos Omilos Konstantinoupoliton
[2589137] Could not find attributes for wout brama (Prins Hendrik Ende Desespereert Nimmer Combinatie Zwolle, 2015)
[2683478] Could not find attributes for zaurbek pliev (RFK Akhmat Grozny, 2015)
natie Zwolle vs Willem II Tilburg
[2683478] Failed to build match row: RFK Akhmat Grozny vs PFK Krylya Sovetov Samara
[2618757] Could not find attributes for aleksandr gutor (Dinamo Minsk, 2015)
[2618757] Failed to build match row: Dinamo Minsk vs Sportklub Rapid
[2321297] Failed to scrape lineup: https://www.transfermarkt.co.uk/hamburger-sv_sc-freiburg/index/spielbericht/2321297
[2576678] Failed to scrape lineup: https://www.transfermarkt.co.uk/spielbericht/index/spielbericht/2576678

Keepers & outfield error for **Rayo Vallecano de Madrid S. A. D.** in Rayo Vallecano de Madrid S. A. D. vs Valencia Club de Fútbol S. A. D.: Numbers: 0 and 11.

Keepers & outfield error for **Vitória Setúbal FC** in Vitória Setúbal FC vs FC Penafiel: Numbers: 2 and 9.
[2341115] Failed to build match row: Rayo Vallecano de Madrid S. A. D. vs Valencia Club de Fútbol S. A. D.
[2498723] Failed to build match row: Vitória Setúbal FC vs FC Penafiel
Not enough players found for lineup: 0, 0.
[2379318] Failed to scrape lineup: https://www.transfermarkt.co.uk/spielbericht/index/spielbericht/2379318
[2700393] Could not find attributes for ingvar thor kale (Valur Reykjavík, 2016)
[2700393] Failed to build match row: Brøndby Idrætsforening vs Valur Reykjavík
[3098019] Could not find attributes for dmytro chygrynskyi (Athlitiki Enosi Konstantinoupoleos, 2018)
[3098019] Failed to build match row: FC Bayern München vs Athlitiki Enosi Konstantinoupoleos
[3229277] Could not find attributes for ragnar klavan (Cagliari Calcio, 2019)
[3229277] Failed to build match row: Cagliari Calcio vs Associazione Calcio Fiorentina
[2469541] Could not find attributes for iago santos (Académica Coimbra, 2014)
[2469541] Failed to build match row: Académica Coimbra vs Futebol Clube do Porto
[2726697] Failed to scrape lineup: https://www.transfermarkt.co.uk/delfino-pescara-1936_ss-lazio/index/spielbericht/2726697
[2581766] Failed to scrape lineup: https://www.transfermarkt.co.uk/fc-augsburg_fc-schalke-04/index/spielbericht/2581766
[2482186] Failed to scrape lineup: https://www.transfermarkt.co.uk/sm-caen_olympique-marseille/index/spielbericht/2482186
[2488527] Could not find attributes for alexander schwolow (Arminia Bielefeld, 2014)
[2720930] Could not find attributes for jota (Clube Desportivo Nacional, 2016)
[2488527] Failed to build match row: Arminia Bielefeld vs Hertha BSC
[2720930] Failed to build match row: Clube Desportivo Nacional vs CF Os Belenenses
[3050542] Could not find attributes for etienne capoue (Watford FC, 2018)
[3050542] Failed to build match row: Watford FC vs Wolverhampton Wanderers Football Club
[2735618] Could not find attributes for oussama haddadi (Dijon FCO, 2016)
[3076892] Could not find attributes for vytautas cerniauskas (CSKA-Sofia, 2018)
[2735618] Failed to build match row: Dijon FCO vs Angers Sporting Club de l'Ouest
[3076892] Failed to build match row: CSKA-Sofia vs FC Admira Wacker Mödling
[2882506] Could not find attributes for nikolay pankratov (Dinamo Kostroma (-2022), 2017)
[2882506] Failed to build match row: Dinamo Kostroma (-2022) vs Torpedo Vladimir
[3394694] Could not find attributes for kiki kouyate (Football Club de Metz, 2020)
[2599291] Could not find attributes for alessandro bacci (Pisa Sporting Club, 2015)
[2599291] Failed to build match row: Pisa Sporting Club vs USD Sestri Levante 1919

Keepers & outfield error for **Clube Desportivo Nacional** in Rio Ave Futebol Clube vs Clube Desportivo Nacional: Numbers: 0 and 11.
[2618758] Could not find attributes for matus kozacik (FC Viktoria Plzeň, a.s., 2015)
[3394694] Failed to build match row: Racing Club de Strasbourg Alsace vs Football Club de Metz
[2609397] Failed to build match row: Rio Ave Futebol Clube vs Clube Desportivo Nacional

Keepers & outfield error for **Espanol** in Espanol vs Valencia Club de Fútbol S. A. D.: Numbers: 2 and 9.
[2618758] Failed to build match row: Villarreal Club de Fútbol S.A.D. vs FC Viktoria Plzeň, a.s.
Not enough players found for lineup: 0, 0.
[2636825] Could not find attributes for adam susac (FC Erzgebirge Aue, 2015)
[3098020] Could not find attributes for lasse schone (AFC Ajax Amsterdam, 2018)
[2341116] Failed to build match row: Espanol vs Valencia Club de Fútbol S. A. D.
[2459724] Could not find attributes for karim el ahmadi (Feyenoord Rotterdam, 2014)
[2379319] Failed to scrape lineup: https://www.transfermarkt.co.uk/spielbericht/index/spielbericht/2379319
[3098020] Failed to build match row: Sport Lisboa e Benfica vs AFC Ajax Amsterdam
[2636825] Failed to build match row: FC Erzgebirge Aue vs 1. Fußballclub Heidenheim 1846
[2891432] Failed to scrape lineup: https://www.transfermarkt.co.uk/aok-kerkyra_panathinaikos-fc/index/spielbericht/2891432
[2459724] Failed to build match row: Feyenoord Rotterdam vs Alkmaar Zaanstreek
[2589138] Failed to scrape lineup: https://www.transfermarkt.co.uk/sc-cambuur-leeuwarden_roda-jc-kerkrade/index/spielbericht/2589138
[2469542] Could not find attributes for pintassilgo (Futebol Clube de Arouca, 2014)

Keepers & outfield error for **Aarhus Gymnastik Forening** in Aalborg BK vs Aarhus Gymnastik Forening: Numbers: 0 and 11.
[2346128] Could not find attributes for bojan jorgacevic (Kayseri Erciyesspor, 2013)
[2469542] Failed to build match row: Futebol Clube de Arouca vs FC Penafiel
[2335085] Failed to scrape lineup: https://www.transfermarkt.co.uk/lokomotiv-moscow_fk-krasnodar/index/spielbericht/2335085
[3063774] Failed to build match row: Aalborg BK vs Aarhus Gymnastik Forening
[2346128] Failed to build match row: Kayseri Erciyesspor vs Eskisehirspor
[2847872] Could not find attributes for vladimir gabulov (Arsenal Tula, 2016)
[2847872] Failed to build match row: FK Krasnodar vs Arsenal Tula
[3127445] Could not find attributes for sean mackie (Hibernian Football Club, 2018)
[3127445] Failed to build match row: Hibernian Football Club vs Elgin City FC
[2882507] Could not find attributes for aleksey kuznetsov (Dinamo Bryansk, 2017)
[2882507] Failed to build match row: Dinamo Bryansk vs Dnepr Smolensk
[3286277] Could not find attributes for dani santigosa (SD Tarazona, 2019)
[3286277] Failed to build match row: SD Tarazona vs Rayo Vallecano de Madrid S. A. D.
[2735619] Could not find attributes for younes belhanda (Olympique Gymnaste Club Nice Côte d'Azur, 2016)
[2735619] Failed to build match row: Toulouse Football Club vs Olympique Gymnaste Club Nice Côte d'Azur

Keepers & outfield error for **Vitória Setúbal FC** in Vitória Setúbal FC vs GD Chaves: Numbers: 0 and 11.
[2720931] Failed to build match row: Vitória Setúbal FC vs GD Chaves
[2488528] Could not find attributes for daniel endres (Kickers Offenbach, 2014)
[2488528] Failed to build match row: Kickers Offenbach vs Karlsruher SC
[3394695] Failed to scrape lineup: https://www.transfermarkt.co.uk/as-saint-etienne_angers-sco/index/spielbericht/3394695
[3076893] Could not find attributes for vytautas cerniauskas (CSKA-Sofia, 2018)
[3076893] Failed to build match row: FC Admira Wacker Mödling vs CSKA-Sofia
[2498724] Could not find attributes for pintassilgo (Futebol Clube de Arouca, 2014)
[2498724] Failed to build match row: Futebol Clube de Arouca vs Rio Ave Futebol Clube
[3252428] Could not find attributes for lasha dvali (Ferencvárosi TC, 2019)
[3252428] Failed to build match row: Espanol vs Ferencvárosi TC
[2683480] Could not find attributes for giorgi loria (PFK Krylya Sovetov Samara, 2015)

Keepers & outfield error for **UC Sampdoria** in Atalanta Bergamasca Calcio S.p.a. vs UC Sampdoria: Numbers: 0 and 11.
[2359483] Failed to build match row: Atalanta Bergamasca Calcio S.p.a. vs UC Sampdoria
[2683480] Failed to build match row: PFK Krylya Sovetov Samara vs FK Ufa
[2576679] Could not find attributes for jamil dem (Chemnitzer FC, 2015)
[2346129] Could not find attributes for serkan kirintili (Çaykur Rizespor Kulübü, 2013)
[2576679] Failed to build match row: Chemnitzer FC vs Borussia Dortmund
[2346129] Failed to build match row: Çaykur Rizespor Kulübü vs Fenerbahçe Spor Kulübü
Not enough players found for lineup: 0, 0.
[2379320] Failed to scrape lineup: https://www.transfermarkt.co.uk/spielbericht/index/spielbericht/2379320

Keepers & outfield error for **Boavista FC** in Boavista FC vs Sporting Clube de Portugal: Numbers: 3 and 8.
[2847873] Could not find attributes for gregor balazic (Ural Yekaterinburg, 2016)

Keepers & outfield error for **Associazione Calcio Milan** in Associazione Calcio Milan vs UC Sampdoria: Numbers: 2 and 9.
[3063775] Could not find attributes for michael tornes (Vendsyssel FF, 2018)
[2469543] Failed to build match row: Boavista FC vs Sporting Clube de Portugal

Keepers & outfield error for **Portimonense SC** in CS Marítimo vs Portimonense SC: Numbers: 0 and 11.
[2726699] Failed to build match row: Associazione Calcio Milan vs UC Sampdoria
[3063775] Failed to build match row: Vendsyssel FF vs Fodbold Club Nordsjælland
[3211476] Failed to build match row: CS Marítimo vs Portimonense SC
[2847873] Failed to build match row: FK Spartak Moskva vs Ural Yekaterinburg
[2459725] Could not find attributes for damiano schet (SC Cambuur Leeuwarden, 2014)
[2589139] Could not find attributes for ron vlaar (Alkmaar Zaanstreek, 2015)
[2459725] Failed to build match row: Go Ahead Eagles vs SC Cambuur Leeuwarden
[2589139] Failed to build match row: Football Club Twente vs Alkmaar Zaanstreek

Keepers & outfield error for **Rayo Vallecano de Madrid S. A. D.** in Futbol Club Barcelona vs Rayo Vallecano de Madrid S. A. D.: Numbers: 0 and 11.
[2478444] Could not find attributes for danijel pranjic (Panathinaikos Athlitikos Omilos, 2014)
[2707838] Could not find attributes for calvin miller (The Celtic Football Club, 2016)
lub de Liège
[2341117] Failed to build match row: Futbol Club Barcelona vs Rayo Vallecano de Madrid S. A. D.

Keepers & outfield error for **Valencia Club de Fútbol S. A. D.** in Valencia Club de Fútbol S. A. D. vs Athletic Club Bilbao: Numbers: 0 and 11.
[2707838] Failed to build match row: The Celtic Football Club vs Partick Thistle FC
[3195531] Failed to scrape lineup: https://www.transfermarkt.co.uk/spielbericht/index/spielbericht/3195531
[2899627] Failed to build match row: Valencia Club de Fútbol S. A. D. vs Athletic Club Bilbao
[2618759] Could not find attributes for lukas pokorny (FC Slovan Liberec, 2015)
[2765930] Could not find attributes for simone caputo (Unione Sportiva Sassuolo Calcio, 2016)
[2618759] Failed to build match row: Olympique de Marseille vs FC Slovan Liberec
[2700394] Failed to scrape lineup: https://www.transfermarkt.co.uk/spielbericht/index/spielbericht/2700394
[2765930] Failed to build match row: Unione Sportiva Sassuolo Calcio vs Koninklijke Racing Club Genk
[3394696] Could not find attributes for trevoh chalobah (Football Club Lorient-Bretagne Sud, 2020)
[2488529] Could not find attributes for benjamin kirsten (SG Dynamo Dresden, 2014)
[3394696] Failed to build match row: Football Club Lorient-Bretagne Sud vs Nîmes Olympique
[2488529] Failed to build match row: SG Dynamo Dresden vs VfL Bochum
[3286278] Could not find attributes for unai etxeberria (Tolosa CF, 2019)
[3286278] Failed to build match row: Tolosa CF vs Real Valladolid CF

Keepers & outfield error for **Futebol Clube do Porto** in Boavista FC vs Futebol Clube do Porto: Numbers: 2 and 9.
[2498725] Failed to build match row: Boavista FC vs Futebol Clube do Porto
[2891433] Failed to scrape lineup: https://www.transfermarkt.co.uk/atromitos-athens_pas-giannina/index/spielbericht/2891433
[3127446] Failed to scrape lineup: https://www.transfermarkt.co.uk/spielbericht/index/spielbericht/3127446
[3229278] Could not find attributes for eddie salcedo (Verona Hellas Football Club, 2019)
[3229278] Failed to build match row: Football Club Internazionale Milano S.p.A. vs Verona Hellas Football Club

Keepers & outfield error for **Sporting Clube de Braga** in Sporting Clube de Braga vs Vitória Sport Clube: Numbers: 2 and 9.
[2469544] Failed to build match row: Sporting Clube de Braga vs Vitória Sport Clube
[2599292] Could not find attributes for nicola ravaglia (Unione Sportiva Cremonese S.p.A., 2015)
[2847874] Could not find attributes for catalin carp (FK Ufa, 2016)
[2599292] Failed to build match row: Brescia Calcio vs Unione Sportiva Cremonese S.p.A.
[2847874] Failed to build match row: FK Rostov vs FK Ufa
[2882508] Could not find attributes for ilya gnezdilov (FC Kolomna, 2017)
[2735621] Could not find attributes for lukas pokorny (Montpellier HSC, 2016)
[2882508] Failed to build match row: FC Kolomna vs Leon Saturn Ramenskoe
[2735621] Failed to build match row: Montpellier HSC vs Lille Olympique Sporting Club
[2609399] Failed to scrape lineup: https://www.transfermarkt.co.uk/fc-arouca_sporting-cp/index/spielbericht/2609399
[2379321] Could not find attributes for petros konteon (Iraklis Thessaloniki, 2013)
[2379321] Failed to build match row: Iraklis Thessaloniki vs AO Xanthi

Keepers & outfield error for **Olympique Lyonnais** in Olympique Lyonnais vs Turn- und Sportgemeinschaft 1899 Hoffenheim Fußball-Spielbetriebs: Numbers: 2 and 9.
[2765931] Failed to scrape lineup: https://www.transfermarkt.co.uk/spielbericht/index/spielbericht/2765931
[3098022] Failed to build match row: Olympique Lyonnais vs Turn- und Sportgemeinschaft 1899 Hoffenheim Fußball-Spielbetriebs
[2459726] Could not find attributes for christian kum (Football Club Utrecht, 2014)
[2459726] Failed to build match row: AFC Ajax Amsterdam vs Football Club Utrecht
[3219379] Could not find attributes for danny ings (Southampton FC, 2019)
[3219379] Failed to build match row: Southampton FC vs Leicester City
[2346130] Could not find attributes for necip uysal (Beşiktaş Jimnastik Kulübü, 2013)
[2346130] Failed to build match row: Beşiktaş Jimnastik Kulübü vs Sivasspor
[3211477] Failed to scrape lineup: https://www.transfermarkt.co.uk/rio-ave-fc_vitoria-setubal-fc/index/spielbericht/3211477
[3076902] Could not find attributes for crespo kamara (BK Häcken, 2018)
[3076902] Failed to build match row: RasenBallsport Leipzig vs BK Häcken
[2478445] Could not find attributes for josip simunic (GNK Dinamo Zagreb, 2014)
[2478445] Failed to build match row: GNK Dinamo Zagreb vs Aalborg BK

Keepers & outfield error for **Antequera CF** in Antequera CF vs Arcos CF: Numbers: 0 and 11.
[2911679] Failed to build match row: Antequera CF vs Arcos CF
[2488530] Could not find attributes for michael ratajczak (MSV Duisburg, 2014)
[2488530] Failed to build match row: MSV Duisburg vs 1. Fußball-Club Köln
[2636827] Could not find attributes for slobodan rajkovic (SV Darmstadt 98, 2015)
[2469545] Could not find attributes for kleber (Grupo Desportivo Estoril Praia, 2014)
[2636827] Failed to build match row: FC Bayern München vs SV Darmstadt 98
[2469545] Failed to build match row: Grupo Desportivo Estoril Praia vs Vitória Setúbal FC
[2576680] Could not find attributes for jonas hummels (SpVgg Unterhaching, 2015)
[2735622] Failed to scrape lineup: https://www.transfermarkt.co.uk/ogc-nice_paris-saint-germain/index/spielbericht/2735622
[2576680] Failed to build match row: SpVgg Unterhaching vs FC Ingolstadt 04

Keepers & outfield error for **Mönchengladbach** in Mönchengladbach vs Hamburger Sport Verein: Numbers: 2 and 9.
[2589140] Failed to scrape lineup: https://www.transfermarkt.co.uk/fc-groningen_vitesse-arnhem/index/spielbericht/2589140
[2609400] Failed to scrape lineup: https://www.transfermarkt.co.uk/cf-os-belenenses_cd-tondela/index/spielbericht/2609400

Keepers & outfield error for **Odense Boldklub** in Odense Boldklub vs Randers Fodbold Club: Numbers: 2 and 9.
[2321300] Failed to build match row: Mönchengladbach vs Hamburger Sport Verein
[2379322] Failed to scrape lineup: https://www.transfermarkt.co.uk/spielbericht/index/spielbericht/2379322
[3063777] Failed to build match row: Odense Boldklub vs Randers Fodbold Club
[3252429] Could not find attributes for dragos grigore (Ludogorets Razgrad, 2019)
[3252429] Failed to build match row: Ludogorets Razgrad vs PFK CSKA Moskva
[2720932] Could not find attributes for heliardo (Clube Desportivo de Tondela, 2016)
[2720932] Failed to build match row: Clube Desportivo de Tondela vs CD Feirense
[3098023] Could not find attributes for mario fernandes (PFK CSKA Moskva, 2018)
[3098023] Failed to build match row: PFK CSKA Moskva vs Associazione Sportiva Roma

Keepers & outfield error for **Real Betis Balompié S.A.D.** in Real Betis Balompié S.A.D. vs Athletic Club Bilbao: Numbers: 2 and 9.
[2341118] Failed to build match row: Real Betis Balompié S.A.D. vs Athletic Club Bilbao
[3195532] Could not find attributes for ricco cymer (Alemannia Aachen, 2019)
[3195532] Failed to build match row: Alemannia Aachen vs Bayer 04 Leverkusen Fußball

Keepers & outfield error for **Sporting Clube de Braga** in Sporting Clube de Braga vs Clube Desportivo Nacional: Numbers: 2 and 9.
[2498726] Failed to build match row: Sporting Clube de Braga vs Clube Desportivo Nacional
[2765932] Could not find attributes for zeca (Panathinaikos Athlitikos Omilos, 2016)
milan/index/spielbericht/3081183

Keepers & outfield error for **CF Os Belenenses** in Sport Lisboa e Benfica vs CF Os Belenenses: Numbers: 2 and 9.
[2335088] Could not find attributes for joaozinho (FK Krasnodar, 2013)
[2335088] Failed to build match row: FK Krasnodar vs FK Dinamo Moskva
[2765932] Failed to build match row: Panathinaikos Athlitikos Omilos vs Celta
[2469546] Failed to build match row: Sport Lisboa e Benfica vs CF Os Belenenses
[2518536] Could not find attributes for riki (Granada CF, 2014)
[2518536] Failed to build match row: Sevilla Fútbol Club S.A.D. vs Granada CF
[3219380] Could not find attributes for federico fernandez (Newcastle United Football Club, 2019)

Keepers & outfield error for **Gil Vicente Futebol Clube** in Desportivo Aves (- 2020) vs Gil Vicente Futebol Clube: Numbers: 0 and 11.
[3219380] Failed to build match row: Newcastle United Football Club vs Wolverhampton Wanderers Football Club
[3211478] Failed to build match row: Desportivo Aves (- 2020) vs Gil Vicente Futebol Clube
[3127447] Could not find attributes for keith watson (Ross County FC, 2018)
[3127447] Failed to build match row: Motherwell Football Club vs Ross County FC
[2636828] Could not find attributes for sertan yigenoglu (TSV 1860 Munich, 2015)
[2636828] Failed to build match row: TSV 1860 Munich vs VfL Bochum
[2700395] Could not find attributes for artjom dmitrijev (Kalju FC, 2016)
[2700395] Failed to build match row: Kalju FC vs FK Trakai

Keepers & outfield error for **Sporting Clube de Braga** in Sporting Clube de Braga vs Football Club Groningen: Numbers: 0 and 11.

Keepers & outfield error for **CF Villanovense** in CF Lorca Deportiva vs CF Villanovense: Numbers: 2 and 9.
[2618760] Failed to build match row: Sporting Clube de Braga vs Football Club Groningen
[2911680] Failed to build match row: CF Lorca Deportiva vs CF Villanovense
[2488531] Could not find attributes for lukas billick (Würzburger Kickers, 2014)
[2488531] Failed to build match row: Würzburger Kickers vs Eintracht Braunschweig
[2765933] Could not find attributes for benjamin stambouli (FC Schalke 04, 2016)
[2765933] Failed to build match row: Fußballclub Red Bull Salzburg vs FC Schalke 04
[3205105] Could not find attributes for marko jovanovski (Makedonija Gjorce Petrov, 2019)
[3205105] Failed to build match row: Makedonija Gjorce Petrov vs Alashkert Yerevan FC
[2882509] Could not find attributes for kirill volkov (FK Dolgoprudnyi, 2017)
[2847875] Failed to scrape lineup: https://www.transfermarkt.co.uk/fc-orenburg_zenit-st-petersburg/index/spielbericht/2847875
[2882509] Failed to build match row: FK Dolgoprudnyi vs Ararat Moskow (-2020)
[3286279] Could not find attributes for pablo fid (UD Logroñés, 2019)
 Clube de Portugal vs B SAD: Numbers: 2 and 9.
[3211479] Failed to build match row: Sporting Clube de Portugal vs B SAD
[3286279] Failed to build match row: UD Logroñés vs Marino Luanco
[2720933] Could not find attributes for lionn (Rio Ave Futebol Clube, 2016)
[2720933] Failed to build match row: Rio Ave Futebol Clube vs CS Marítimo
[2735623] Could not find attributes for firmin mubele (Rennes, 2016)
[2735623] Failed to build match row: SC Bastia vs Rennes
Not enough players found for lineup: 0, 11.
[2379323] Failed to scrape lineup: https://www.transfermarkt.co.uk/spielbericht/index/spielbericht/2379323
[3063778] Could not find attributes for branko ilic (Vejle Boldklub, 2018)
[3063778] Failed to build match row: Esbjerg fB vs Vejle Boldklub
[2581768] Failed to scrape lineup: https://www.transfermarkt.co.uk/tsg-1899-hoffenheim_hannover-96/index/spielbericht/2581768
[2683481] Failed to scrape lineup: https://www.transfermarkt.co.uk/fc-rostov_lokomotiv-moskau/index/spielbericht/2683481
[3394698] Could not find attributes for yuto nagatomo (Olympique de Marseille, 2020)
[3394698] Failed to build match row: Olympique de Marseille vs Association sportive de Monaco Football Club
[2478446] Could not find attributes for eitan tibi (Maccabi Tel Aviv, 2014)
[2478446] Failed to build match row: Maccabi Tel Aviv vs NK Maribor
[2346131] Failed to scrape lineup: https://www.transfermarkt.co.uk/antalyaspor_kasimpasa/index/spielbericht/2346131
[2482189] Failed to scrape lineup: https://www.transfermarkt.co.uk/olympique-lyon_losc-lille/index/spielbericht/2482189
[3050551] Could not find attributes for glenn murray (Brighton and Hove Albion Football Club, 2018)
Braga: Numbers: 0 and 11.
[2735624] Could not find attributes for oussama haddadi (Dijon FCO, 2016)
[3211480] Failed to build match row: Vitória Sport Clube vs Sporting Clube de Braga
[2379324] Could not find attributes for konstantinos peristeridis (AO Platanias, 2013)
[2735624] Failed to build match row: Dijon FCO vs FC Girondins Bordeaux
d Hove Albion Football Club
[2891434] Could not find attributes for lefteris astras (Panionios Athens, 2017)
[2891434] Failed to build match row: Panionios Athens vs Panetolikos Agrinio
[2379324] Failed to build match row: AO Platanias vs Apollon Smyrnis
[3063779] Could not find attributes for louka prip (AC Horsens, 2018)
[3063779] Failed to build match row: AC Horsens vs Brøndby Idrætsforening
[3127448] Could not find attributes for sean mcginty (Partick Thistle FC, 2018)
[3127448] Failed to build match row: Partick Thistle FC vs Stranraer FC
[2609401] Failed to scrape lineup: https://www.transfermarkt.co.uk/sl-benfica_boavista-fc/index/spielbericht/2609401

Keepers & outfield error for **Boavista FC** in Boavista FC vs Sporting Clube de Braga: Numbers: 0 and 11.
[2720934] Failed to build match row: Boavista FC vs Sporting Clube de Braga
[2882510] Failed to scrape lineup: https://www.transfermarkt.co.uk/spielbericht/index/spielbericht/2882510
[2518537] Could not find attributes for sergi roberto (Futbol Club Barcelona, 2014)
[2359487] Failed to scrape lineup: https://www.transfermarkt.co.uk/ssc-napoli_acf-fiorentina/index/spielbericht/2359487
[3252430] Failed to scrape lineup: https://www.transfermarkt.co.uk/spielbericht/index/spielbericht/3252430
[3286280] Failed to scrape lineup: https://www.transfermarkt.co.uk/spielbericht/index/spielbericht/3286280
[3098024] Failed to scrape lineup: https://www.transfermarkt.co.uk/spielbericht/index/spielbericht/3098024
[2518537] Failed to build match row: Elche Club de Fútbol S.A.D. vs Futbol Club Barcelona
[2589141] Failed to scrape lineup: https://www.transfermarkt.co.uk/ado-den-haag_nec-nijmegen/index/spielbericht/2589141
[2346132] Failed to scrape lineup: https://www.transfermarkt.co.uk/galatasaray_elazigspor/index/spielbericht/2346132
[2581769] Failed to scrape lineup: https://www.transfermarkt.co.uk/1-fsv-mainz-05_vfb-stuttgart/index/spielbericht/2581769
[3394699] Failed to scrape lineup: https://www.transfermarkt.co.uk/paris-saint-germain_olympique-lyon/index/spielbericht/3394699

Keepers & outfield error for **Sporting Clube de Portugal** in Beşiktaş Jimnastik Kulübü vs Sporting Clube de Portugal: Numbers: 0 and 11.
[2618761] Failed to build match row: Beşiktaş Jimnastik Kulübü vs Sporting Clube de Portugal
[2599293] Could not find attributes for nicola ciotola (Casertana FC, 2015)
[2599293] Failed to build match row: Casertana FC vs Calcio Lecco 1912

Keepers & outfield error for **Unione Sportiva Lecce** in Società Sportiva Lazio S.p.A. vs Unione Sportiva Lecce: Numbers: 0 and 11.
[3229280] Failed to build match row: Società Sportiva Lazio S.p.A. vs Unione Sportiva Lecce
[2341119] Failed to scrape lineup: https://www.transfermarkt.co.uk/fc-barcelona_ud-almeria/index/spielbericht/2341119
[3076903] Could not find attributes for crespo kamara (BK Häcken, 2018)
[3076903] Failed to build match row: BK Häcken vs RasenBallsport Leipzig
[2469547] Failed to scrape lineup: https://www.transfermarkt.co.uk/moreirense-fc_fc-pacos-de-ferreira/index/spielbericht/2469547

Keepers & outfield error for **Clube Desportivo Santa Clara** in Clube Desportivo Santa Clara vs Boavista FC: Numbers: 2 and 9.
[3211481] Failed to build match row: Clube Desportivo Santa Clara vs Boavista FC
[2891435] Could not find attributes for christos karypidis (AO Platanias, 2017)
[2891435] Failed to build match row: AO Platanias vs AOK Kerkyra
[2911681] Failed to scrape lineup: https://www.transfermarkt.co.uk/spielbericht/index/spielbericht/2911681
[2847877] Could not find attributes for vladimir gabulov (Arsenal Tula, 2016)
[2847877] Failed to build match row: Arsenal Tula vs PFK Krylya Sovetov Samara
[2765934] Failed to scrape lineup: https://www.transfermarkt.co.uk/spielbericht/index/spielbericht/2765934
[2726703] Failed to scrape lineup: https://www.transfermarkt.co.uk/us-palermo_atalanta-bc/index/spielbericht/2726703
[2335091] Could not find attributes for maicon bolt (Футбольный клуб "Локомотив" Москва, 2013)

Keepers & outfield error for **Rio Ave Futebol Clube** in Rio Ave Futebol Clube vs Gil Vicente Futebol Clube: Numbers: 0 and 11.
[2335091] Failed to build match row: RFK Akhmat Grozny vs Футбольный клуб "Локомотив" Москва
[3063780] Could not find attributes for zeca (Football Club København, 2018)

Keepers & outfield error for **Grupo Desportivo Estoril Praia** in Grupo Desportivo Estoril Praia vs FC Paços de Ferreira: Numbers: 0 and 11.
[2891436] Could not find attributes for theodoros tripotseris (APO Levadiakos Football Club, 2017)
[2469548] Failed to build match row: Rio Ave Futebol Clube vs Gil Vicente Futebol Clube
[3063780] Failed to build match row: Football Club København vs Hobro IK
[2720935] Failed to build match row: Grupo Desportivo Estoril Praia vs FC Paços de Ferreira
[2891436] Failed to build match row: APO Levadiakos Football Club vs AO Xanthi
[2478448] Could not find attributes for vojislav stankovic (Fudbalski Klub Partizan Beograd, 2014)
[2478448] Failed to build match row: Fudbalski Klub Partizan Beograd vs Ludogorets Razgrad
[2581770] Could not find attributes for yanni regasel (Hertha BSC, 2015)
[2581770] Failed to build match row: SV Darmstadt 98 vs Hertha BSC
[3076904] Could not find attributes for haraldur bjornsson (Stjarnan Gardabaer, 2018)
[3076904] Failed to build match row: Stjarnan Gardabaer vs Football Club København
[2683482] Failed to scrape lineup: https://www.transfermarkt.co.uk/cska-moscow_terek-grozny/index/spielbericht/2683482

Keepers & outfield error for **Valencia Club de Fútbol S. A. D.** in Valencia Club de Fútbol S. A. D. vs Berner Sport Club Young Boys: Numbers: 0 and 11.
[3098025] Failed to build match row: Valencia Club de Fútbol S. A. D. vs Berner Sport Club Young Boys
[2576681] Could not find attributes for morten jensen (SV 07 Elversberg, 2015)
[2576681] Failed to build match row: SV 07 Elversberg vs Fußball-Club Augsburg 1907
[2459729] Failed to scrape lineup: https://www.transfermarkt.co.uk/willem-ii-tilburg_pec-zwolle/index/spielbericht/2459729
[2707842] Failed to scrape lineup: https://www.transfermarkt.co.uk/aberdeen-fc_partick-thistle-fc/index/spielbericht/2707842
[2882511] Could not find attributes for khazbulat khamkhoev (Angusht Nazran, 2017)
[2882511] Failed to build match row: Angusht Nazran vs Legion-Dinamo Makhachkala
[3205106] Could not find attributes for isli hidi (KF Teuta, 2019)
[3205106] Failed to build match row: KF Teuta vs JFK Ventspils

Keepers & outfield error for **Paris Saint-Germain Football Club** in Paris Saint-Germain Football Club vs Association sportive de Monaco Football Club: Numbers: 2 and 9.
[2482191] Failed to build match row: Paris Saint-Germain Football Club vs Association sportive de Monaco Football Club
[2335092] Could not find attributes for aleksey ionov (Anzhi Makhachkala ( -2022), 2013)
[2335092] Failed to build match row: AO FK Zenit Sankt-Peterburg vs Anzhi Makhachkala ( -2022)
[2872193] Failed to scrape lineup: https://www.transfermarkt.co.uk/tottenham-hotspur_afc-bournemouth/index/spielbericht/2872193
[2636831] Could not find attributes for daniel schwaab (Verein für Bewegungsspiele Stuttgart 1893, 2015)
[2636831] Failed to build match row: Verein für Bewegungsspiele Stuttgart 1893 vs Eintracht Braunschweig
[3065863] Could not find attributes for kristian joensen (KÍ Klaksvík, 2018)
[3127449] Failed to scrape lineup: https://www.transfermarkt.co.uk/spielbericht/index/spielbericht/3127449
[2911682] Could not find attributes for Eneko Satrústegui (Club Lleida Esportiu, 2017)
[2700396] Could not find attributes for kaspars ikstens (FK Jelgava, 2016)
[3065863] Failed to build match row: KÍ Klaksvík vs FK Zalgiris Vilnius
[2911682] Failed to build match row: Club Lleida Esportiu vs UD Melilla
[2700396] Failed to build match row: FK Jelgava vs Breidablik Kópavogur
[2498727] Could not find attributes for otavio (Vitória Sport Clube, 2014)
[2498727] Failed to build match row: FC Paços de Ferreira vs Vitória Sport Clube
[2847878] Could not find attributes for mario fernandes (PFK CSKA Moskva, 2016)
[2847878] Failed to build match row: PFK CSKA Moskva vs Футбольный клуб "Локомотив" Москва
[2346133] Failed to scrape lineup: https://www.transfermarkt.co.uk/konyaspor_kardemir-karabukspor/index/spielbericht/2346133
[2518593] Failed to scrape lineup: https://www.transfermarkt.co.uk/apo-levadiakos_pas-giannina/index/spielbericht/2518593
[2359488] Failed to scrape lineup: https://www.transfermarkt.co.uk/parma-fc_genoa-cfc/index/spielbericht/2359488
[3229281] Failed to scrape lineup: https://www.transfermarkt.co.uk/ssc-napoli_genoa-cfc/index/spielbericht/3229281
[2321303] Failed to scrape lineup: https://www.transfermarkt.co.uk/hannover-96_sv-werder-bremen/index/spielbericht/2321303
[3252431] Failed to scrape lineup: https://www.transfermarkt.co.uk/spielbericht/index/spielbericht/3252431
[2599294] Failed to scrape lineup: https://www.transfermarkt.co.uk/spielbericht/index/spielbericht/2599294
[2330948] Failed to scrape lineup: https://www.transfermarkt.co.uk/fc-girondins-bordeaux_valenciennes-fc/index/spielbericht/2330948
[2589142] Failed to scrape lineup: https://www.transfermarkt.co.uk/psv-eindhoven_ajax-amsterdam/index/spielbericht/2589142
[3050552] Failed to scrape lineup: https://www.transfermarkt.co.uk/afc-bournemouth_tottenham-hotspur/index/spielbericht/3050552
[2637669] Could not find attributes for sean crighton (Airdrieonians FC, 2015)
[2637669] Failed to build match row: Airdrieonians FC vs Brechin City FC
[2488533] Failed to scrape lineup: https://www.transfermarkt.co.uk/spielbericht/index/spielbericht/2488533
[3195533] Could not find attributes for christian gruhne (TuS Dassendorf, 2019)
[3211482] Failed to scrape lineup: https://www.transfermarkt.co.uk/gil-vicente-fc_sporting-cp/index/spielbericht/3211482
[3195533] Failed to build match row: TuS Dassendorf vs SG Dynamo Dresden
[3081185] Failed to scrape lineup: https://www.transfermarkt.co.uk/acf-fiorentina_fc-empoli/index/spielbericht/3081185
[2618762] Failed to scrape lineup: https://www.transfermarkt.co.uk/spielbericht/index/spielbericht/2618762
[2379325] Could not find attributes for Apostolos Siaravas (Anagennisi Karditsa, 2013)
[2379325] Failed to build match row: Panthessalonikios Athlitikos Omilos Konstantinoupoliton vs Anagennisi Karditsa
[2321304] Could not find attributes for alexander madlung (Eintracht Frankfurt Fußball AG, 2013)
[2321304] Failed to build match row: Verein für Leibesübungen Wolfsburg vs Eintracht Frankfurt Fußball AG
[2726704] Failed to scrape lineup: https://www.transfermarkt.co.uk/uc-sampdoria_bologna-fc-1909/index/spielbericht/2726704
[2589143] Could not find attributes for christian kum (Football Club Utrecht, 2015)
[2589143] Failed to build match row: Heracles Almelo vs Football Club Utrecht
[2872194] Could not find attributes for tom cleverley (Watford FC, 2017)
[2872194] Failed to build match row: Watford FC vs Arsenal Football Club
[2765935] Could not find attributes for costa nhamoinesu (AC Sparta Praha, a. s., 2016)
[2765935] Failed to build match row: Football Club Internazionale Milano S.p.A. vs AC Sparta Praha, a. s.
[3211483] Could not find attributes for chiquinho (Sport Lisboa e Benfica, 2019)
[3211483] Failed to build match row: Sport Lisboa e Benfica vs CS Marítimo
[2891437] Could not find attributes for enea mihaj (Panetolikos Agrinio, 2017)
[2891437] Failed to build match row: Panthessalonikios Athlitikos Omilos Konstantinoupoliton vs Panetolikos Agrinio
[2581777] Failed to scrape lineup: https://www.transfermarkt.co.uk/fc-schalke-04_tsg-1899-hoffenheim/index/spielbericht/2581777
[3076905] Failed to scrape lineup: https://www.transfermarkt.co.uk/spielbericht/index/spielbericht/3076905
[2683483] Failed to scrape lineup: https://www.transfermarkt.co.uk/anzhi-makhachkala-2022-_zenit-st-petersburg/index/spielbericht/2683483
[3027739] Failed to scrape lineup: https://www.transfermarkt.co.uk/fc-tosno-2018-_amkar-perm/index/spielbericht/3027739
[3229283] Could not find attributes for albin ekdal (UC Sampdoria, 2019)
[3229283] Failed to build match row: UC Sampdoria vs Atalanta Bergamasca Calcio S.p.a.
[3098026] Failed to scrape lineup: https://www.transfermarkt.co.uk/spielbericht/index/spielbericht/3098026
[2899628] Failed to scrape lineup: https://www.transfermarkt.co.uk/rcd-espanyol-barcelona_levante-ud/index/spielbericht/2899628
[2576682] Failed to scrape lineup: https://www.transfermarkt.co.uk/spielbericht/index/spielbericht/2576682
[2765936] Could not find attributes for dudu goresh (Hapoel Beer Sheva, 2016)
[2765936] Failed to build match row: Southampton FC vs Hapoel Beer Sheva
[2872195] Could not find attributes for tom cleverley (Watford FC, 2017)

Keepers & outfield error for **Verona Hellas Football Club** in UC Sampdoria vs Verona Hellas Football Club: Numbers: 0 and 11.
[2872195] Failed to build match row: Chelsea Football Club vs Watford FC
[2359489] Failed to build match row: UC Sampdoria vs Verona Hellas Football Club
[2707843] Failed to scrape lineup: https://www.transfermarkt.co.uk/dundee-fc_hamilton-academical-fc/index/spielbericht/2707843
[2482192] Failed to scrape lineup: https://www.transfermarkt.co.uk/stade-reims_fc-girondins-bordeaux/index/spielbericht/2482192
[2847880] Could not find attributes for guram tetrashvili (Anzhi Makhachkala ( -2022), 2016)
[2847880] Failed to build match row: Anzhi Makhachkala ( -2022) vs Tom Tomsk
[2891438] Could not find attributes for athanasios panteliadis (PAS Lamia 1964, 2017)
[2891438] Failed to build match row: PAS Lamia 1964 vs Athlitiki Enosi Konstantinoupoleos
[2335093] Failed to scrape lineup: https://www.transfermarkt.co.uk/cska-moscow_kuban-krasnodar-2018-/index/spielbericht/2335093
[2720937] Failed to scrape lineup: https://www.transfermarkt.co.uk/moreirense-fc_sporting-cp/index/spielbericht/2720937
[3027740] Could not find attributes for kristijan bistrovic (PFK CSKA Moskva, 2017)
[3027740] Failed to build match row: PFK CSKA Moskva vs FK Krasnodar
[2683484] Could not find attributes for aleksandr belenov (Kuban Krasnodar (-2018), 2015)
[2683484] Failed to build match row: Kuban Krasnodar (-2018) vs Mordovia Saransk (-2020)
[2478449] Could not find attributes for oleksandr dyachenko (FK Obolon Kyiv, 2014)
[2478449] Failed to build match row: FK Obolon Kyiv vs Girnyk Kryvyi Rig
[2700397] Failed to scrape lineup: https://www.transfermarkt.co.uk/spielbericht/index/spielbericht/2700397
[3065864] Failed to scrape lineup: https://www.transfermarkt.co.uk/spielbericht/index/spielbericht/3065864
[2911683] Failed to scrape lineup: https://www.transfermarkt.co.uk/spielbericht/index/spielbericht/2911683
[2498827] Failed to scrape lineup: https://www.transfermarkt.co.uk/spielbericht/index/spielbericht/2498827
[3127451] Could not find attributes for vaclav hladky (Saint Mirren Football Club, 2018)
Not enough players found for lineup: 0, 0.
[3127451] Failed to build match row: Saint Mirren Football Club vs Alloa Athletic FC
[2618763] Failed to scrape lineup: https://www.transfermarkt.co.uk/spielbericht/index/spielbericht/2618763
[3286282] Could not find attributes for matej simic (Club Lleida Esportiu, 2019)
[3286282] Failed to build match row: Club Lleida Esportiu vs Espanol
[3195534] Could not find attributes for andrea hoxha (FC 08 Villingen, 2019)
[3195534] Failed to build match row: FC 08 Villingen vs Fortuna Düsseldorf
[2942742] Failed to scrape lineup: https://www.transfermarkt.co.uk/estac-troyes_fc-girondins-bordeaux/index/spielbericht/2942742
[2891439] Could not find attributes for anthony mounier (Panathinaikos Athlitikos Omilos, 2017)
[2891439] Failed to build match row: Panathinaikos Athlitikos Omilos vs Apollon Smyrnis
[2346134] Failed to scrape lineup: https://www.transfermarkt.co.uk/genclerbirligi-ankara_galatasaray/index/spielbericht/2346134
[3205107] Could not find attributes for arttu hoskonen (FC Inter Turku, 2019)
[3205107] Failed to build match row: FC Inter Turku vs Brøndby Idrætsforening
[2518594] Failed to scrape lineup: https://www.transfermarkt.co.uk/gs-ergotelis_ofi-crete-fc/index/spielbericht/2518594
[3076930] Could not find attributes for aleksandr belenov (FK Ufa, 2018)
[3076930] Failed to build match row: FK Ufa vs NK Domzale
[3050553] Failed to scrape lineup: https://www.transfermarkt.co.uk/cardiff-city_crystal-palace/index/spielbericht/3050553
[2637670] Failed to scrape lineup: https://www.transfermarkt.co.uk/spielbericht/index/spielbericht/2637670
[2599295] Failed to scrape lineup: https://www.transfermarkt.co.uk/spielbericht/index/spielbericht/2599295
[3252432] Failed to scrape lineup: https://www.transfermarkt.co.uk/spielbericht/index/spielbericht/3252432
[2330949] Failed to scrape lineup: https://www.transfermarkt.co.uk/fc-nantes_fc-toulouse/index/spielbericht/2330949
[2469567] Could not find attributes for taulant kuqi (Flamurtari FC, 2014)
[2469567] Failed to build match row: Flamurtari FC vs Fotbal Club Petrolul Ploiești
[2766085] Could not find attributes for ruslan abazov (FC Tosno (-2018), 2016)
[2766085] Failed to build match row: FC Tosno (-2018) vs FK Dinamo Moskva
[3081187] Could not find attributes for valon behrami (Udinese Calcio, 2018)
[3081187] Failed to build match row: Football Club Internazionale Milano S.p.A. vs Udinese Calcio
[2735625] Failed to scrape lineup: https://www.transfermarkt.co.uk/angers-sco_olympique-lyon/index/spielbericht/2735625

Keepers & outfield error for **Málaga CF** in Málaga CF vs Celta: Numbers: 0 and 11.
[2899629] Failed to build match row: Málaga CF vs Celta
[2346135] Could not find attributes for korcan celikay (Sivasspor, 2013)
[2346135] Failed to build match row: Sivasspor vs Çaykur Rizespor Kulübü
[2847881] Could not find attributes for aritm (Футбольный клуб "Локомотив" Москва, 2016)
[2847881] Failed to build match row: Футбольный клуб "Локомотив" Москва vs FC Rubin Kazan
[2379326] Failed to scrape lineup: https://www.transfermarkt.co.uk/spielbericht/index/spielbericht/2379326
[3076931] Could not find attributes for dejan milic (NK Domzale, 2018)
[3076931] Failed to build match row: NK Domzale vs FK Ufa
[2321305] Failed to scrape lineup: https://www.transfermarkt.co.uk/sc-freiburg_1-fc-nuremberg/index/spielbericht/2321305
[2589144] Failed to scrape lineup: https://www.transfermarkt.co.uk/de-graafschap-doetinchem_sc-cambuur-leeuwarden/index/spielbericht/2589144
[2726705] Failed to scrape lineup: https://www.transfermarkt.co.uk/us-sassuolo_chievo-verona/index/spielbericht/2726705
[3286583] Could not find attributes for ben mcnamara (Maldon & Tiptree FC, 2019)
[3286583] Failed to build match row: Maldon & Tiptree FC vs Newport County

Keepers & outfield error for **Association sportive de Monaco Football Club** in Association sportive de Monaco Football Club vs Tottenham Hotspur Football Club: Numbers: 2 and 9.
[2618764] Failed to build match row: Association sportive de Monaco Football Club vs Tottenham Hotspur Football Club

Keepers & outfield error for **Málaga CF** in Futbol Club Barcelona vs Málaga CF: Numbers: 0 and 11.
[2341121] Failed to scrape lineup: https://www.transfermarkt.co.uk/malaga-cf_real-sociedad/index/spielbericht/2341121
[2459730] Failed to scrape lineup: https://www.transfermarkt.co.uk/sc-heerenveen_ado-den-haag/index/spielbericht/2459730
[2899630] Failed to build match row: Futbol Club Barcelona vs Málaga CF

Keepers & outfield error for **Catania FC** in Catania FC vs Juventus Football Club: Numbers: 2 and 9.
[2359490] Failed to build match row: Catania FC vs Juventus Football Club
[2581778] Failed to scrape lineup: https://www.transfermarkt.co.uk/borussia-monchengladbach_sv-darmstadt-98/index/spielbericht/2581778
[3394704] Failed to scrape lineup: https://www.transfermarkt.co.uk/nimes-olympique_ogc-nice/index/spielbericht/3394704
[2498828] Could not find attributes for paris adot (CD Izarra, 2014)
[3098027] Failed to scrape lineup: https://www.transfermarkt.co.uk/spielbericht/index/spielbericht/3098027
[2498828] Failed to build match row: CD Izarra vs UD Somozas
[2683486] Could not find attributes for mikhail merkulov (Ural Yekaterinburg, 2015)
[2683486] Failed to build match row: Amkar Perm vs Ural Yekaterinburg
[2482193] Failed to scrape lineup: https://www.transfermarkt.co.uk/stade-rennais-fc_rc-lens/index/spielbericht/2482193
[3076932] Could not find attributes for dmitriy nepogodov (Tobol Kostanay, 2018)
[3211485] Failed to scrape lineup: https://www.transfermarkt.co.uk/portimonense-sc_fc-famalicao/index/spielbericht/3211485
[3076932] Failed to build match row: Tobol Kostanay vs FC Pyunik Yerevan

Keepers & outfield error for **Getafe Club de Fútbol S. A. D. Team Dubai** in Levante Unión Deportiva S.A.D. vs Getafe Club de Fútbol S. A. D. Team Dubai: Numbers: 0 and 11.
[3065865] Could not find attributes for peter chrappan (CS Fola Esch, 2018)
[3229284] Could not find attributes for georgios kyriakopoulos (Unione Sportiva Sassuolo Calcio, 2019)
[2899631] Failed to build match row: Levante Unión Deportiva S.A.D. vs Getafe Club de Fútbol S. A. D. Team Dubai
[3229284] Failed to build match row: Unione Sportiva Sassuolo Calcio vs Bologna Football Club 1909
[2335094] Failed to scrape lineup: https://www.transfermarkt.co.uk/dinamo-moscow_fk-rostov/index/spielbericht/2335094
[3219381] Failed to scrape lineup: https://www.transfermarkt.co.uk/burnley-fc_chelsea-fc/index/spielbericht/3219381
[3065865] Failed to build match row: CS Fola Esch vs FC Prishtina
[2618765] Could not find attributes for david bicik (AC Sparta Praha, a. s., 2015)
[2720938] Failed to scrape lineup: https://www.transfermarkt.co.uk/gd-chaves_fc-arouca/index/spielbericht/2720938
[2618765] Failed to build match row: AC Sparta Praha, a. s. vs APOEL Nicosia
[3195535] Could not find attributes for pascal bielert (KSV Baunatal, 2019)
[3195535] Failed to build match row: KSV Baunatal vs VfL Bochum
[2478450] Failed to scrape lineup: https://www.transfermarkt.co.uk/spielbericht/index/spielbericht/2478450
[2700398] Failed to scrape lineup: https://www.transfermarkt.co.uk/spielbericht/index/spielbericht/2700398
[3127555] Failed to scrape lineup: https://www.transfermarkt.co.uk/spielbericht/index/spielbericht/3127555

Keepers & outfield error for **Club Atlético Osasuna** in Club Atlético Osasuna vs Albacete Balompié: Numbers: 0 and 11.
[2911684] Failed to build match row: Club Atlético Osasuna vs Albacete Balompié
[2726706] Failed to scrape lineup: https://www.transfermarkt.co.uk/inter-milan_fc-empoli/index/spielbericht/2726706
[2469866] Failed to scrape lineup: https://www.transfermarkt.co.uk/standard-liege_r-charleroi-sc/index/spielbericht/2469866

Keepers & outfield error for **Everton Football Club** in Everton Football Club vs Burnley Football Club: Numbers: 2 and 9.
[3050555] Failed to build match row: Everton Football Club vs Burnley Football Club
[2891440] Failed to scrape lineup: https://www.transfermarkt.co.uk/pas-giannina_panionios-athens/index/spielbericht/2891440
[3229285] Could not find attributes for mato jajalo (Udinese Calcio, 2019)
[3229285] Failed to build match row: Udinese Calcio vs SPAL
[2576684] Could not find attributes for henrik giese (KSV Hessen Kassel, 2015)
[2576684] Failed to build match row: KSV Hessen Kassel vs Hannover 96
[3065866] Could not find attributes for visar bekaj (FC Prishtina, 2018)
[3065866] Failed to build match row: FC Prishtina vs CS Fola Esch
[2618766] Could not find attributes for konstantinos theodoropoulos (A.G.S Asteras Tripolis, 2015)
[2618766] Failed to build match row: FC Schalke 04 vs A.G.S Asteras Tripolis
[2637671] Failed to scrape lineup: https://www.transfermarkt.co.uk/spielbericht/index/spielbericht/2637671
[2599297] Failed to scrape lineup: https://www.transfermarkt.co.uk/spielbericht/index/spielbericht/2599297
[2330950] Failed to scrape lineup: https://www.transfermarkt.co.uk/ogc-nice_fc-sochaux-montbeliard/index/spielbericht/2330950
[3252433] Failed to scrape lineup: https://www.transfermarkt.co.uk/spielbericht/index/spielbericht/3252433
[2478451] Failed to scrape lineup: https://www.transfermarkt.co.uk/spielbericht/index/spielbericht/2478451
188
bers: 0 and 11.
[2683487] Failed to scrape lineup: https://www.transfermarkt.co.uk/spartak-moscow_dinamo-moscow/index/spielbericht/2683487
[3286584] Failed to scrape lineup: https://www.transfermarkt.co.uk/spielbericht/index/spielbericht/3286584
[2609402] Failed to build match row: Vitória Sport Clube vs Clube Desportivo Nacional
[2379327] Failed to scrape lineup: https://www.transfermarkt.co.uk/spielbericht/index/spielbericht/2379327

Keepers & outfield error for **FC Paços de Ferreira** in Futebol Clube do Porto vs FC Paços de Ferreira: Numbers: 3 and 8.
[3211486] Failed to build match row: Futebol Clube do Porto vs FC Paços de Ferreira
[2359492] Could not find attributes for keita balde (Società Sportiva Lazio S.p.A., 2013)
[2359492] Failed to build match row: Società Sportiva Lazio S.p.A. vs Associazione Calcio Milan
[3050556] Failed to scrape lineup: https://www.transfermarkt.co.uk/huddersfield-town_manchester-united/index/spielbericht/3050556
[2942744] Failed to scrape lineup: https://www.transfermarkt.co.uk/montpellier-hsc_as-monaco/index/spielbericht/2942744
[3076933] Could not find attributes for andrija dragojevic (FC Pyunik Yerevan, 2018)
[3076933] Failed to build match row: FC Pyunik Yerevan vs Tobol Kostanay
[2346136] Failed to scrape lineup: https://www.transfermarkt.co.uk/kayserispor_eskisehirspor/index/spielbericht/2346136

Keepers & outfield error for **Rayo Vallecano de Madrid S. A. D.** in Rayo Vallecano de Madrid S. A. D. vs CD Tenerife: Numbers: 2 and 9.
[2911686] Failed to build match row: Rayo Vallecano de Madrid S. A. D. vs CD Tenerife
[2891441] Could not find attributes for georgios athanasiadis (A.G.S Asteras Tripolis, 2017)
[2335095] Could not find attributes for maicon bolt (Футбольный клуб "Локомотив" Москва, 2013)
[2891441] Failed to build match row: Olympiakos Syndesmos Filathlon Peiraios vs A.G.S Asteras Tripolis

Keepers & outfield error for **Alaves** in Real Betis Balompié S.A.D. vs Alaves: Numbers: 2 and 9.
[2335095] Failed to build match row: AO FK Zenit Sankt-Peterburg vs Футбольный клуб "Локомотив" Москва
[2899632] Failed to build match row: Real Betis Balompié S.A.D. vs Alaves
[2618767] Could not find attributes for zivko zivkovic (Fudbalski Klub Partizan Beograd, 2015)
[2618767] Failed to build match row: Fußball-Club Augsburg 1907 vs Fudbalski Klub Partizan Beograd
[2766086] Could not find attributes for mikhail oparin (Enisey Krasnoyarsk, 2016)
[2766086] Failed to build match row: Enisey Krasnoyarsk vs Sibir Novosibirsk (- 2019)
[2683488] Could not find attributes for giorgiy shelia (FK Ufa, 2015)
[2683488] Failed to build match row: FK Ufa vs PFK CSKA Moskva
[2707846] Failed to scrape lineup: https://www.transfermarkt.co.uk/ross-county-fc_kilmarnock-fc/index/spielbericht/2707846
[3128659] Could not find attributes for sean dillon (Montrose FC, 2018)
[3128659] Failed to build match row: Montrose FC vs Dundee United Football Club
[2576685] Failed to scrape lineup: https://www.transfermarkt.co.uk/spielbericht/index/spielbericht/2576685
[2459731] Failed to scrape lineup: https://www.transfermarkt.co.uk/sc-cambuur-leeuwarden_pec-zwolle/index/spielbericht/2459731
[3229286] Failed to scrape lineup: https://www.transfermarkt.co.uk/atalanta-bc_juventus-fc/index/spielbericht/3229286
[2518595] Could not find attributes for xavi ginard (Veria NPS, 2014)
[2518595] Failed to build match row: Veria NPS vs APS Atromitos Athinon
[2346137] Could not find attributes for mustafa yumlu (Trabzonspor Kulübü, 2013)
[2581779] Failed to scrape lineup: https://www.transfermarkt.co.uk/hamburger-sv_fc-augsburg/index/spielbericht/2581779
[2346137] Failed to build match row: Trabzonspor Kulübü vs Bursaspor
[3394705] Failed to scrape lineup: https://www.transfermarkt.co.uk/stade-reims_fc-nantes/index/spielbericht/3394705
[3076942] Could not find attributes for bence batik (Budapest Honvéd FC, 2018)
[3076942] Failed to build match row: Budapest Honvéd FC vs FC Progrès Niederkorn
[2847882] Could not find attributes for aleksandr lomakin (Ural Yekaterinburg, 2016)
[2847882] Failed to build match row: RFK Akhmat Grozny vs Ural Yekaterinburg
[2872196] Could not find attributes for nikola vlasic (Everton Football Club, 2017)
[2872196] Failed to build match row: Everton Football Club vs Arsenal Football Club

Keepers & outfield error for **Sporting Clube de Braga** in Sporting Clube de Braga vs Sport Lisboa e Benfica: Numbers: 3 and 8.
[2720939] Failed to build match row: Sporting Clube de Braga vs Sport Lisboa e Benfica
[3065867] Could not find attributes for mladen zivkovic (Fudbalski Klub Radnički Niš, 2018)
[3065867] Failed to build match row: Fudbalski Klub Radnički Niš vs Gzira United FC
Not enough players found for lineup: 0, 0.
[2379328] Failed to scrape lineup: https://www.transfermarkt.co.uk/spielbericht/index/spielbericht/2379328
[3219382] Failed to scrape lineup: https://www.transfermarkt.co.uk/manchester-city_aston-villa/index/spielbericht/3219382
[2478452] Could not find attributes for vitaliy myrnyi (Cherkaskyi Dnipro, 2014)
[2321307] Failed to scrape lineup: https://www.transfermarkt.co.uk/borussia-dortmund_vfl-wolfsburg/index/spielbericht/2321307
[2469867] Failed to scrape lineup: https://www.transfermarkt.co.uk/kvrs-waasland-sk-beveren_club-brugge-kv/index/spielbericht/2469867

Keepers & outfield error for **Sporting Gijón** in CF Reus Deportiu vs Sporting Gijón: Numbers: 0 and 11.
[2911687] Failed to build match row: CF Reus Deportiu vs Sporting Gijón

Keepers & outfield error for **Wolverhampton Wanderers Football Club** in Wolverhampton Wanderers Football Club vs Sporting Clube de Braga: Numbers: 0 and 11.
[3252434] Failed to build match row: Wolverhampton Wanderers Football Club vs Sporting Clube de Braga
[2847883] Could not find attributes for catalin carp (FK Ufa, 2016)
[2847883] Failed to build match row: FK Ufa vs Arsenal Tula
[2488535] Could not find attributes for christian schulz (Hannover 96, 2014)
[3098030] Could not find attributes for moussa sissoko (Tottenham Hotspur Football Club, 2018)
[2488535] Failed to build match row: VfR Aalen vs Hannover 96
[3098030] Failed to build match row: Tottenham Hotspur Football Club vs Football Club Internazionale Milano S.p.A.
Not enough players found for lineup: 11, 0.
[2379329] Failed to scrape lineup: https://www.transfermarkt.co.uk/spielbericht/index/spielbericht/2379329
[2637672] Failed to scrape lineup: https://www.transfermarkt.co.uk/spielbericht/index/spielbericht/2637672
[3050557] Failed to scrape lineup: https://www.transfermarkt.co.uk/manchester-city_leicester-city/index/spielbericht/3050557
[3286585] Failed to scrape lineup: https://www.transfermarkt.co.uk/spielbericht/index/spielbericht/3286585
[3081189] Failed to scrape lineup: https://www.transfermarkt.co.uk/uc-sampdoria_parma-calcio-1913/index/spielbericht/3081189
[2942745] Failed to scrape lineup: https://www.transfermarkt.co.uk/ogc-nice_amiens-sc/index/spielbericht/2942745
[3252435] Could not find attributes for dominik greif (Slovan Bratislava, 2019)
[3252435] Failed to build match row: Slovan Bratislava vs Beşiktaş Jimnastik Kulübü
[2335096] Failed to scrape lineup: https://www.transfermarkt.co.uk/ural-yekaterinburg_rubin-kazan/index/spielbericht/2335096
[2882512] Failed to scrape lineup: https://www.transfermarkt.co.uk/spielbericht/index/spielbericht/2882512
[2618768] Failed to scrape lineup: https://www.transfermarkt.co.uk/spielbericht/index/spielbericht/2618768
[2891442] Failed to scrape lineup: https://www.transfermarkt.co.uk/ae-larisa_atromitos-athens/index/spielbericht/2891442
[2498829] Could not find attributes for francis ferron (CD Alcoyano, 2014)
[2498829] Failed to build match row: CD Alcoyano vs Gimnàstic de Tarragona
[2735628] Failed to scrape lineup: https://www.transfermarkt.co.uk/sm-caen_olympique-marseille/index/spielbericht/2735628
[2581780] Failed to scrape lineup: https://www.transfermarkt.co.uk/vfb-stuttgart_vfl-wolfsburg/index/spielbericht/2581780
[3065868] Could not find attributes for anthony curmi (Gzira United FC, 2018)
[2683489] Failed to scrape lineup: https://www.transfermarkt.co.uk/rubin-kazan_anzhi-makhachkala-2022-/index/spielbericht/2683489
[2847884] Could not find attributes for mario fernandes (PFK CSKA Moskva, 2016)
[3065868] Failed to build match row: Gzira United FC vs Fudbalski Klub Radnički Niš
[2847884] Failed to build match row: PFK CSKA Moskva vs FK Spartak Moskva
[3229287] Failed to scrape lineup: https://www.transfermarkt.co.uk/bologna-fc-1909_parma-calcio-1913/index/spielbericht/3229287
[2766087] Could not find attributes for aleksandr dovbnya (SKA Khabarovsk, 2016)
[2766087] Failed to build match row: FC Rubin Kazan vs SKA Khabarovsk

Keepers & outfield error for **SPAL** in SPAL vs Chievo Verona: Numbers: 2 and 9.
[2469869] Could not find attributes for zizo (Lierse SK (- 2018), 2014)
[3081190] Failed to build match row: SPAL vs Chievo Verona

Keepers & outfield error for **Boavista FC** in CD Feirense vs Boavista FC: Numbers: 0 and 11.
[2478453] Could not find attributes for mykyta tkachov (Krystal Kherson, 2014)
[2346138] Could not find attributes for zulkuf ozer (Elazigspor, 2013)
[2720940] Failed to build match row: CD Feirense vs Boavista FC
[2469869] Failed to build match row: Lierse SK (- 2018) vs KV Oostende
[2478453] Failed to build match row: Krystal Kherson vs PFK Stal Kamyanske (-2018)
[3205108] Could not find attributes for kalle katz (Rovaniemen Palloseura, 2019)
[2346138] Failed to build match row: Elazigspor vs Antalyaspor
[3205108] Failed to build match row: Rovaniemen Palloseura vs Aberdeen Football Club

Keepers & outfield error for **Watford FC** in Tottenham Hotspur Football Club vs Watford FC: Numbers: 2 and 9.
[2518597] Could not find attributes for stathis tavlaridis (Panathinaikos Athlitikos Omilos, 2014)

Keepers & outfield error for **Cagliari Calcio** in Cagliari Calcio vs Juventus Football Club: Numbers: 0 and 11.

Keepers & outfield error for **Clube Desportivo de Tondela** in Clube Desportivo de Tondela vs B SAD: Numbers: 0 and 11.
[3219383] Failed to build match row: Tottenham Hotspur Football Club vs Watford FC
[2518597] Failed to build match row: Panathinaikos Athlitikos Omilos vs Panetolikos Agrinio
[2726708] Failed to build match row: Cagliari Calcio vs Juventus Football Club
[3211488] Failed to build match row: Clube Desportivo de Tondela vs B SAD
[2618769] Could not find attributes for dmytro bezotosnyi (FK Qabala, 2015)
[2618769] Failed to build match row: FK Qabala vs Borussia Dortmund
[2882513] Could not find attributes for yevgen khacheridi (Futbolniy Klub Dynamo Kyiv, 2017)
[2882513] Failed to build match row: FC Shakhtar Donetsk vs Futbolniy Klub Dynamo Kyiv
[3128660] Could not find attributes for ross dunlop (East Fife FC, 2018)
[3128660] Failed to build match row: East Fife FC vs Greenock Morton FC
[2589146] Failed to scrape lineup: https://www.transfermarkt.co.uk/feyenoord-rotterdam_excelsior-rotterdam/index/spielbericht/2589146
[2735629] Could not find attributes for yannis salibur (EA Guingamp, 2016)
[2735629] Failed to build match row: EA Guingamp vs AS Saint-Étienne

Keepers & outfield error for **Getafe Club de Fútbol S. A. D. Team Dubai** in Getafe Club de Fútbol S. A. D. Team Dubai vs Real Sociedad de Fútbol S.A.D.: Numbers: 0 and 11.
[2899634] Failed to build match row: Getafe Club de Fútbol S. A. D. Team Dubai vs Real Sociedad de Fútbol S.A.D.
[2599298] Could not find attributes for nicola bizzotto (Bassano Virtus 55 ST, 2015)
[2599298] Failed to build match row: Bassano Virtus 55 ST vs US Città di Pontedera

Keepers & outfield error for **Paris Saint-Germain Football Club** in Racing Club de Lens vs Paris Saint-Germain Football Club: Numbers: 2 and 9.
[2482196] Failed to build match row: Racing Club de Lens vs Paris Saint-Germain Football Club

Keepers & outfield error for **Paris Saint-Germain Football Club** in Paris Saint-Germain Football Club vs FC Sochaux-Montbéliard: Numbers: 2 and 9.
[2330953] Failed to build match row: Paris Saint-Germain Football Club vs FC Sochaux-Montbéliard
[2683490] Could not find attributes for giorgi loria (PFK Krylya Sovetov Samara, 2015)

Keepers & outfield error for **Gimnàstic de Tarragona** in Gimnàstic de Tarragona vs CD Lugo: Numbers: 0 and 11.
[2683490] Failed to build match row: FK Krasnodar vs PFK Krylya Sovetov Samara
[2911688] Failed to build match row: Gimnàstic de Tarragona vs CD Lugo
[2359495] Could not find attributes for tiberio guarente (Chievo Verona, 2013)
[2359495] Failed to build match row: Chievo Verona vs Bologna Football Club 1909
[3098032] Could not find attributes for srdjan babic (Fudbalski klub Crvena zvezda Beograd, 2018)
[3065869] Could not find attributes for jesus coca (UE Engordany, 2018)
[3098032] Failed to build match row: Società Sportiva Calcio Napoli vs Fudbalski klub Crvena zvezda Beograd
[2478454] Could not find attributes for andriy oliynyk (Kremin Kremenchuk, 2014)
[3065869] Failed to build match row: UE Engordany vs Kairat Almaty
[2478454] Failed to build match row: Kremin Kremenchuk vs Girnyk-Sport Gorishni Plavni
[2518598] Could not find attributes for nikolaos papadopoulos (Panionios Athens, 2014)
[2518598] Failed to build match row: Panionios Athens vs AOK Kerkyra
[2335098] Could not find attributes for joaozinho (FK Krasnodar, 2013)
[2335098] Failed to build match row: FK Krasnodar vs Volga Nizhniy Novgorod (- 2016)
[2710304] Could not find attributes for henry bonello (Valletta FC, 2016)
[2710304] Failed to build match row: Valletta FC vs Fudbalski klub Crvena zvezda Beograd
[2379330] Failed to scrape lineup: https://www.transfermarkt.co.uk/spielbericht/index/spielbericht/2379330
[3211489] Could not find attributes for carlinhos (Vitória Setúbal FC, 2019)
[3211489] Failed to build match row: Vitória Setúbal FC vs Vitória Sport Clube

Keepers & outfield error for **EA Guingamp** in Racing Club de Strasbourg Alsace vs EA Guingamp: Numbers: 2 and 9.
[2735630] Could not find attributes for issiar dia (AS Nancy-Lorraine, 2016)
[2942747] Failed to build match row: Racing Club de Strasbourg Alsace vs EA Guingamp
[2735630] Failed to build match row: Football Club de Metz vs AS Nancy-Lorraine

Keepers & outfield error for **Associazione Calcio Milan** in Società Sportiva Lazio S.p.A. vs Associazione Calcio Milan: Numbers: 2 and 9.
[2882866] Could not find attributes for yevgen past (Zirka Kropyvnytskyi, 2017)
[2726709] Failed to build match row: Società Sportiva Lazio S.p.A. vs Associazione Calcio Milan

Keepers & outfield error for **Deportivo de La Coruña** in Deportivo de La Coruña vs Girona Fútbol Club S. A. D.: Numbers: 2 and 9.
[2618770] Could not find attributes for miguel vitor (Panthessalonikios Athlitikos Omilos Konstantinoupoliton, 2015)
[2882866] Failed to build match row: Zirka Kropyvnytskyi vs Olimpik Donetsk
[2899635] Failed to build match row: Deportivo de La Coruña vs Girona Fútbol Club S. A. D.
[3130832] Could not find attributes for dimitrios kyriakidis (Panetolikos Agrinio, 2018)
[2618770] Failed to build match row: Panthessalonikios Athlitikos Omilos Konstantinoupoliton vs FK Krasnodar
[2321309] Failed to scrape lineup: https://www.transfermarkt.co.uk/sv-werder-bremen_fc-schalke-04/index/spielbericht/2321309
[3130832] Failed to build match row: Panetolikos Agrinio vs Panathinaikos Athlitikos Omilos
[2498830] Could not find attributes for chevi (Real Avilés CF, 2014)
[2498830] Failed to build match row: Real Avilés CF vs Barakaldo CF
[2576687] Could not find attributes for maciej kwiatkowski (Bremer SV, 2015)
[2576687] Failed to build match row: Bremer SV vs Eintracht Frankfurt Fußball AG
[3252436] Failed to scrape lineup: https://www.transfermarkt.co.uk/spielbericht/index/spielbericht/3252436
[3027741] Failed to scrape lineup: https://www.transfermarkt.co.uk/lokomotiv-moscow_fc-ufa/index/spielbericht/3027741

Keepers & outfield error for **Lorca FC** in Lorca FC vs Córdoba CF: Numbers: 2 and 9.
[2581782] Could not find attributes for ju ho park (Borussia Dortmund, 2015)
[2911689] Failed to build match row: Lorca FC vs Córdoba CF
[2581782] Failed to build match row: 1. Fußball-Club Köln vs Borussia Dortmund
[2359496] Could not find attributes for agim ibraimi (Cagliari Calcio, 2013)
[2359496] Failed to build match row: Cagliari Calcio vs Verona Hellas Football Club
[2710305] Could not find attributes for damir kahriman (Fudbalski klub Crvena zvezda Beograd, 2016)
[2710305] Failed to build match row: Fudbalski klub Crvena zvezda Beograd vs Valletta FC
[2847885] Failed to scrape lineup: https://www.transfermarkt.co.uk/fc-rostov_amkar-perm/index/spielbericht/2847885
[2872198] Failed to scrape lineup: https://www.transfermarkt.co.uk/manchester-city_burnley-fc/index/spielbericht/2872198
[2379331] Could not find attributes for grigoris papazacharias (Apollon Smyrnis, 2013)
[2379331] Failed to build match row: Apollon Smyrnis vs AO Platanias
[3076943] Could not find attributes for sebastien flauss (FC Progrès Niederkorn, 2018)
[3076943] Failed to build match row: FC Progrès Niederkorn vs Budapest Honvéd FC
[3130833] Could not find attributes for georgios strezos (Omilos Filathlon Irakliou FC, 2018)
[2498831] Could not find attributes for tekio (UCAM Murcia CF, 2014)
[2498831] Failed to build match row: UCAM Murcia CF vs CD Eldense
[3130833] Failed to build match row: Omilos Filathlon Irakliou FC vs APS Atromitos Athinon
ao: Numbers: 2 and 9.
[2899636] Failed to build match row: CD Leganés vs Athletic Club Bilbao
[2700399] Could not find attributes for jason mooney (Cliftonville FC, 2016)
[3286586] Could not find attributes for rob tolfrey (Kingstonian FC, 2019)
[2341125] Failed to scrape lineup: https://www.transfermarkt.co.uk/real-madrid_elche-cf/index/spielbericht/2341125
[2469870] Failed to scrape lineup: https://www.transfermarkt.co.uk/kvc-westerlo_ksc-lokeren-2020-/index/spielbericht/2469870
[2700399] Failed to build match row: Cliftonville FC vs FC Differdange 03
ce_akhisar-belediyespor/index/spielbericht/2346140
[2720941] Failed to scrape lineup: https://www.transfermarkt.co.uk/moreirense-fc_estoril-praia/index/spielbericht/2720941
[3286586] Failed to build match row: Kingstonian FC vs AFC Fylde
[3205109] Failed to scrape lineup: https://www.transfermarkt.co.uk/spielbericht/index/spielbericht/3205109
[3394707] Failed to scrape lineup: https://www.transfermarkt.co.uk/fc-girondins-bordeaux_as-saint-etienne/index/spielbericht/3394707
[2683491] Could not find attributes for rifat zhemaletdinov (Футбольный клуб "Локомотив" Москва, 2015)
[2683491] Failed to build match row: Футбольный клуб "Локомотив" Москва vs Kuban Krasnodar (-2018)
[3252437] Could not find attributes for vladimir stojkovic (Fudbalski Klub Partizan Beograd, 2019)
[3252437] Failed to build match row: Fudbalski Klub Partizan Beograd vs Alkmaar Zaanstreek
[3229288] Could not find attributes for salvatore bocchetti (Verona Hellas Football Club, 2019)
[3229288] Failed to build match row: Verona Hellas Football Club vs Associazione Calcio Fiorentina
[2609405] Failed to scrape lineup: https://www.transfermarkt.co.uk/estoril-praia_academica-coimbra/index/spielbericht/2609405
[2518599] Could not find attributes for kevin olimpa (AO Platanias, 2014)
[2518599] Failed to build match row: AO Platanias vs Panthrakikos Komotini
[2735631] Could not find attributes for amine bassi (AS Nancy-Lorraine, 2016)
[2735631] Failed to build match row: AS Nancy-Lorraine vs Association sportive de Monaco Football Club
[2726710] Could not find attributes for sasa lukic (Torino Calcio, 2016)
[2847886] Could not find attributes for aleksandr melikhov (Tom Tomsk, 2016)
[2726710] Failed to build match row: Torino Calcio vs Delfino Pescara 1936
[2330954] Failed to scrape lineup: https://www.transfermarkt.co.uk/fc-toulouse_montpellier-hsc/index/spielbericht/2330954
[2847886] Failed to build match row: Tom Tomsk vs AO FK Zenit Sankt-Peterburg

Keepers & outfield error for **Futebol Clube de Famalicão** in Futebol Clube de Famalicão vs Clube Desportivo de Tondela: Numbers: 2 and 9.
[3211490] Failed to build match row: Futebol Clube de Famalicão vs Clube Desportivo de Tondela
[2359497] Could not find attributes for giovanni marchese (Genoa Cricket and Football Club, 2013)
[2711321] Could not find attributes for phil baker (The New Saints, 2016)
[3076944] Could not find attributes for mile skoric (NK Osijek s.d.d., 2018)
[2359497] Failed to build match row: Genoa Cricket and Football Club vs Società Sportiva Lazio S.p.A.
[2711321] Failed to build match row: The New Saints vs APOEL Nicosia
[3130834] Could not find attributes for matic kotnik (Panionios Athens, 2018)
[2589149] Could not find attributes for georgiy zhukov (Roda JC Kerkrade, 2015)
[2720942] Could not find attributes for lionn (Rio Ave Futebol Clube, 2016)
[3219385] Failed to scrape lineup: https://www.transfermarkt.co.uk/arsenal-fc_crystal-palace/index/spielbericht/3219385
[3076944] Failed to build match row: NK Osijek s.d.d. vs Rangers Football Club
[2720942] Failed to build match row: Sporting Clube de Portugal vs Rio Ave Futebol Clube
[3065870] Failed to scrape lineup: https://www.transfermarkt.co.uk/spielbericht/index/spielbericht/3065870
[3130834] Failed to build match row: Panionios Athens vs A.G.S Asteras Tripolis
[2589149] Failed to build match row: Roda JC Kerkrade vs Sportclub Heerenveen
[2478479] Failed to scrape lineup: https://www.transfermarkt.co.uk/aston-villa_newcastle-united/index/spielbericht/2478479
[2346141] Could not find attributes for zydrunas karcemarskas (Gaziantepspor (- 2020), 2013)
[2346141] Failed to build match row: Gaziantepspor (- 2020) vs Kayseri Erciyesspor
[2576688] Failed to scrape lineup: https://www.transfermarkt.co.uk/spielbericht/index/spielbericht/2576688
[2488539] Could not find attributes for andrey startsev (Fußball-Club St. Pauli von 1910, 2014)
[2488539] Failed to build match row: Fußball-Club St. Pauli von 1910 vs Borussia Dortmund

Keepers & outfield error for **Club Atlético Osasuna** in Club Atlético Osasuna vs Club Atlético de Madrid S.A.D.: Numbers: 0 and 11.
[2637673] Could not find attributes for darren barr (Dumbarton FC, 2015)
[2891443] Could not find attributes for zivko zivkovic (AO Xanthi, 2017)
[2341126] Failed to build match row: Club Atlético Osasuna vs Club Atlético de Madrid S.A.D.
[2891443] Failed to build match row: AO Xanthi vs A.G.S Asteras Tripolis
[2637673] Failed to build match row: Dumbarton FC vs Alloa Athletic FC
[3081191] Failed to scrape lineup: https://www.transfermarkt.co.uk/torino-fc_juventus-fc/index/spielbericht/3081191

Keepers & outfield error for **Mönchengladbach** in 1.FC Nuremberg vs Mönchengladbach: Numbers: 2 and 9.
[2321310] Failed to build match row: 1.FC Nuremberg vs Mönchengladbach
[2330955] Failed to scrape lineup: https://www.transfermarkt.co.uk/olympique-lyon_fc-toulouse/index/spielbericht/2330955

Keepers & outfield error for **Unione Sportiva Lecce** in Unione Sportiva Lecce vs Cagliari Calcio: Numbers: 0 and 11.
[2700400] Could not find attributes for kristian kojola (IFK Mariehamn, 2016)
ra (-2021) vs Sporting Clube de Braga: Numbers: 2 and 9.
[3229289] Failed to build match row: Unione Sportiva Lecce vs Cagliari Calcio
[2609406] Failed to build match row: CF União Madeira (-2021) vs Sporting Clube de Braga
[2700400] Failed to build match row: IFK Mariehamn vs Odds BK

Keepers & outfield error for **Sevilla Fútbol Club S.A.D.** in Sevilla Fútbol Club S.A.D. vs APOEL Nicosia: Numbers: 2 and 9.
[3252438] Failed to build match row: Sevilla Fútbol Club S.A.D. vs APOEL Nicosia
[3205110] Could not find attributes for kaspars ikstens (FC RFS, 2019)
[3076945] Failed to scrape lineup: https://www.transfermarkt.co.uk/spielbericht/index/spielbericht/3076945
[2735632] Could not find attributes for habib maiga (AS Saint-Étienne, 2016)
[2735632] Failed to build match row: AS Saint-Étienne vs FC Girondins Bordeaux
[2379332] Could not find attributes for mattia lanzano (AS Fokikos Amfissas, 2013)
[2379332] Failed to build match row: AS Fokikos Amfissas vs Olympiakos Syndesmos Filathlon Peiraios

Keepers & outfield error for **UD Almería** in UD Almería vs Málaga CF: Numbers: 0 and 11.
[2341127] Failed to build match row: UD Almería vs Málaga CF

Keepers & outfield error for **FC Paços de Ferreira** in FC Paços de Ferreira vs Vitória Setúbal FC: Numbers: 3 and 8.
[3211491] Failed to build match row: FC Paços de Ferreira vs Vitória Setúbal FC

Keepers & outfield error for **Celta** in Celta vs Club Atlético de Madrid S.A.D.: Numbers: 0 and 11.
[2899638] Failed to build match row: Celta vs Club Atlético de Madrid S.A.D.
[2459734] Failed to scrape lineup: https://www.transfermarkt.co.uk/az-alkmaar_fc-utrecht/index/spielbericht/2459734

Keepers & outfield error for **Panthessalonikios Athlitikos Omilos Konstantinoupoliton** in Panthessalonikios Athlitikos Omilos Konstantinoupoliton vs Olympiakos Syndesmos Filathlon Peiraios: Numbers: 2 and 9.
[2518600] Failed to build match row: Panthessalonikios Athlitikos Omilos Konstantinoupoliton vs Olympiakos Syndesmos Filathlon Peiraios
[2683492] Could not find attributes for dmitriy bogaev (AO FK Zenit Sankt-Peterburg, 2015)
[2469871] Could not find attributes for jeroen simaeys (Koninklijke Racing Club Genk, 2014)
[2683492] Failed to build match row: Mordovia Saransk (-2020) vs AO FK Zenit Sankt-Peterburg
[2469871] Failed to build match row: Yellow-Red Koninklijke Voetbalclub Mechelen vs Koninklijke Racing Club Genk
[2589150] Could not find attributes for hedwiges maduro (Football Club Groningen, 2015)
[2498832] Could not find attributes for josu hernaez (CD Mirandés, 2014)
[2589150] Failed to build match row: ADO Den Haag vs Football Club Groningen
[2498832] Failed to build match row: CD Mirandés vs Racing Ferrol
[2911691] Could not find attributes for yaw yeboah (Real Oviedo S.A.D., 2017)
[2478480] Could not find attributes for kasper schmeichel (Leicester City, 2014)
[2911691] Failed to build match row: Real Oviedo S.A.D. vs CD Numancia
[2478480] Failed to build match row: Chelsea Football Club vs Leicester City

Keepers & outfield error for **West Ham United Football Club** in West Ham United Football Club vs Southampton FC: Numbers: 2 and 9.
[2882867] Could not find attributes for oleksandr bandura (NK Veres Rivne, 2017)
[2882867] Failed to build match row: NK Veres Rivne vs FC Oleksandriya
[3050559] Failed to build match row: West Ham United Football Club vs Southampton FC

Keepers & outfield error for **Associazione Calcio Fiorentina** in Associazione Calcio Fiorentina vs Associazione Calcio Milan: Numbers: 0 and 11.
[3211493] Could not find attributes for show (B SAD, 2019)

Keepers & outfield error for **Espanol** in Getafe Club de Fútbol S. A. D. Team Dubai vs Espanol: Numbers: 2 and 9.
[2359499] Failed to build match row: Associazione Calcio Fiorentina vs Associazione Calcio Milan
[3211493] Failed to build match row: B SAD vs Futebol Clube do Porto
[2341128] Failed to build match row: Getafe Club de Fútbol S. A. D. Team Dubai vs Espanol
[2599299] Could not find attributes for ivan lanni (Ascoli Calcio, 2015)
[2346142] Could not find attributes for emrah tuncel (Akhisarspor, 2013)
[3195536] Could not find attributes for marcel hoppe (FC Energie Cottbus, 2019)
[2599299] Failed to build match row: Ascoli Calcio vs Cosenza Calcio
[2346142] Failed to build match row: Akhisarspor vs Sivasspor

Keepers & outfield error for **Deportivo de La Coruña** in UD Las Palmas vs Deportivo de La Coruña: Numbers: 2 and 9.
[3195536] Failed to build match row: FC Energie Cottbus vs FC Bayern München
[2847887] Could not find attributes for georgiy zotov (PFK Krylya Sovetov Samara, 2016)
[2899639] Failed to build match row: UD Las Palmas vs Deportivo de La Coruña
[2847887] Failed to build match row: PFK Krylya Sovetov Samara vs FC Orenburg
[2518601] Could not find attributes for anestis anastasiadis (AEL Kalloni, 2014)
[2518601] Failed to build match row: AEL Kalloni vs AO Xanthi
[2321311] Could not find attributes for ylli sallahi (FC Bayern München, 2013)
[2321311] Failed to build match row: Fußball-Club Augsburg 1907 vs FC Bayern München
[2942748] Failed to scrape lineup: https://www.transfermarkt.co.uk/sm-caen_losc-lille/index/spielbericht/2942748
[2711322] Failed to scrape lineup: https://www.transfermarkt.co.uk/spielbericht/index/spielbericht/2711322
[3286588] Could not find attributes for tom hannigan (Altrincham FC, 2019)
[3286588] Failed to build match row: Portsmouth FC vs Altrincham FC
[2589151] Could not find attributes for wout brama (Prins Hendrik Ende Desespereert Nimmer Combinatie Zwolle, 2015)
[2589151] Failed to build match row: AFC Ajax Amsterdam vs Prins Hendrik Ende Desespereert Nimmer Combinatie Zwolle
[2346143] Failed to scrape lineup: https://www.transfermarkt.co.uk/antalyaspor_genclerbirligi-ankara/index/spielbericht/2346143

Keepers & outfield error for **Cagliari Calcio** in UC Sampdoria vs Cagliari Calcio: Numbers: 0 and 11.
[2726713] Failed to build match row: UC Sampdoria vs Cagliari Calcio
Not enough players found for lineup: 0, 11.
[2379333] Failed to scrape lineup: https://www.transfermarkt.co.uk/spielbericht/index/spielbericht/2379333
[3252439] Could not find attributes for jonathan joubert (F91 Dudelange, 2019)
[3252439] Failed to build match row: F91 Dudelange vs Qarabağ FK
[3027743] Could not find attributes for kwadwo poku (Anzhi Makhachkala ( -2022), 2017)
[3027743] Failed to build match row: Arsenal Tula vs Anzhi Makhachkala ( -2022)
[3130835] Could not find attributes for dmytro chygrynskyi (Athlitiki Enosi Konstantinoupoleos, 2018)

Keepers & outfield error for **Catania FC** in Catania FC vs Società Sportiva Calcio Napoli: Numbers: 2 and 9.
[3130835] Failed to build match row: Athlitiki Enosi Konstantinoupoleos vs APO Levadiakos Football Club
[2359500] Failed to build match row: Catania FC vs Società Sportiva Calcio Napoli
[2346144] Could not find attributes for jerry akaminko (Eskisehirspor, 2013)
[2346144] Failed to build match row: Eskisehirspor vs Gaziantepspor (- 2020)
[2847888] Could not find attributes for guram tetrashvili (Anzhi Makhachkala ( -2022), 2016)
[2847888] Failed to build match row: FK Krasnodar vs Anzhi Makhachkala ( -2022)
[3229292] Could not find attributes for albin ekdal (UC Sampdoria, 2019)
[2589152] Could not find attributes for wout brama (Prins Hendrik Ende Desespereert Nimmer Combinatie Zwolle, 2015)

Keepers & outfield error for **Vitória Sport Clube** in Vitória Sport Clube vs Portimonense SC: Numbers: 0 and 11.
[2589152] Failed to build match row: Prins Hendrik Ende Desespereert Nimmer Combinatie Zwolle vs Roda JC Kerkrade
[3211494] Failed to build match row: Vitória Sport Clube vs Portimonense SC
[3229292] Failed to build match row: UC Sampdoria vs Udinese Calcio
[3065871] Could not find attributes for roi hentze (B36 Tórshavn, 2018)
[3076954] Could not find attributes for roi hentze (B36 Tórshavn, 2018)
[3065871] Failed to build match row: B36 Tórshavn vs OFK Titograd
[2518603] Could not find attributes for markos vellidis (PAS Giannina, 2014)
[3076954] Failed to build match row: B36 Tórshavn vs Beşiktaş Jimnastik Kulübü

Keepers & outfield error for **Association Football Club Bournemouth** in Stoke City vs Association Football Club Bournemouth: Numbers: 2 and 9.

Keepers & outfield error for **CF Os Belenenses** in CF Os Belenenses vs Vitória Sport Clube: Numbers: 0 and 11.
[2518603] Failed to build match row: PAS Giannina vs Panionios Athens
[2872201] Failed to build match row: Stoke City vs Association Football Club Bournemouth
[2720943] Failed to build match row: CF Os Belenenses vs Vitória Sport Clube
[2766091] Could not find attributes for maicon bolt (Футбольный клуб "Локомотив" Москва, 2016)
[3252440] Could not find attributes for zeca (Football Club København, 2019)
[2711323] Could not find attributes for anthony scribe (Dinamo Tbilisi, 2016)
[3252440] Failed to build match row: Malmö Fotbollförening vs Football Club København
[3081193] Could not find attributes for albin ekdal (UC Sampdoria, 2018)
[2766091] Failed to build match row: PFK Krylya Sovetov Samara vs Футбольный клуб "Локомотив" Москва
[2711323] Failed to build match row: Dinamo Tbilisi vs Alashkert Yerevan FC
[3081193] Failed to build match row: FC Empoli vs UC Sampdoria
[2321312] Could not find attributes for julian brandt (Bayer 04 Leverkusen Fußball, 2013)
[2321312] Failed to build match row: Hamburger Sport Verein vs Bayer 04 Leverkusen Fußball
[3050561] Could not find attributes for glenn murray (Brighton and Hove Albion Football Club, 2018)

Keepers & outfield error for **Futebol Clube do Porto** in Futebol Clube do Porto vs FC Schalke 04: Numbers: 2 and 9.
[3050561] Failed to build match row: Brighton and Hove Albion Football Club vs Manchester City Football Club
[3098033] Failed to build match row: Futebol Clube do Porto vs FC Schalke 04
[3130836] Could not find attributes for nikolaos melissas (PAS Lamia 1964, 2018)
[2882868] Could not find attributes for vasyl pryima (FC Zorya Lugansk, 2017)
[2882868] Failed to build match row: FC Zorya Lugansk vs FK Mariupol
[3130836] Failed to build match row: PAS Lamia 1964 vs Apollon Smyrnis

Keepers & outfield error for **Rio Ave Futebol Clube** in Rio Ave Futebol Clube vs Gil Vicente Futebol Clube: Numbers: 2 and 9.
[3211495] Failed to build match row: Rio Ave Futebol Clube vs Gil Vicente Futebol Clube
[2735635] Could not find attributes for rod fanni (Olympique de Marseille, 2016)
[2735635] Failed to build match row: Olympique de Marseille vs Olympique Gymnaste Club Nice Côte d'Azur
[2469931] Could not find attributes for doka madureira (İstanbul Başakşehir Futbol Kulübü, 2014)
[2469931] Failed to build match row: İstanbul Başakşehir Futbol Kulübü vs Kasımpaşa A.Ş.
[2346145] Could not find attributes for serdar aziz (Bursaspor, 2013)
[2847889] Could not find attributes for georgiy shchennikov (PFK CSKA Moskva, 2016)
[2346145] Failed to build match row: Bursaspor vs Kayseri Erciyesspor
[2847889] Failed to build match row: Amkar Perm vs PFK CSKA Moskva
[2637674] Could not find attributes for stewart black (Elgin City FC, 2015)
[2637674] Failed to build match row: Elgin City FC vs Raith Rovers FC

Keepers & outfield error for **Vitória Setúbal FC** in FC Paços de Ferreira vs Vitória Setúbal FC: Numbers: 0 and 11.
[2720944] Failed to build match row: FC Paços de Ferreira vs Vitória Setúbal FC
[2609409] Could not find attributes for cafu phete (Vitória Sport Clube, 2015)
[2609409] Failed to build match row: Boavista FC vs Vitória Sport Clube

Keepers & outfield error for **Club Atlético Osasuna** in Athletic Club Bilbao vs Club Atlético Osasuna: Numbers: 0 and 11.
[2341130] Failed to build match row: Athletic Club Bilbao vs Club Atlético Osasuna
[3394712] Could not find attributes for kiki kouyate (Football Club de Metz, 2020)
[3394712] Failed to build match row: Montpellier HSC vs Football Club de Metz

Keepers & outfield error for **Chelsea Football Club** in Chelsea Football Club vs Swansea City: Numbers: 2 and 9.
[2577858] Failed to build match row: Chelsea Football Club vs Swansea City
[2618771] Could not find attributes for dawid pietrzkiewicz (FK Qabala, 2015)
[2618771] Failed to build match row: Borussia Dortmund vs FK Qabala
[2346146] Could not find attributes for gokhan degirmenci (Kayserispor Kulübü, 2013)
[2346146] Failed to build match row: Kayserispor Kulübü vs Konyaspor
[2711324] Could not find attributes for gevorg kasparov (Alashkert Yerevan FC, 2016)
[2711324] Failed to build match row: Alashkert Yerevan FC vs Dinamo Tbilisi

Keepers & outfield error for **FC Lusitanos** in FC Lusitanos vs NK Domzale: Numbers: 2 and 9.
[2700401] Failed to build match row: FC Lusitanos vs NK Domzale
[2766092] Could not find attributes for aritm (FK Krasnodar, 2016)
[2766092] Failed to build match row: FK Krasnodar vs FC Orenburg
[2459736] Could not find attributes for karim el ahmadi (Feyenoord Rotterdam, 2014)

Keepers & outfield error for **Genoa Cricket and Football Club** in Genoa Cricket and Football Club vs Atalanta Bergamasca Calcio S.p.a.: Numbers: 3 and 8.
[2459736] Failed to build match row: Nooit Opgeven Altijd Doorzetten Aangenaam Door Vermaak En Nuttig Door Ontspanning Combinatie Breda vs Feyenoord Rotterdam

Keepers & outfield error for **Associazione Calcio Milan** in Associazione Calcio Milan vs Associazione Calcio Fiorentina: Numbers: 2 and 9.
[3081194] Failed to build match row: Genoa Cricket and Football Club vs Atalanta Bergamasca Calcio S.p.a.
[2726715] Failed to build match row: Associazione Calcio Milan vs Associazione Calcio Fiorentina
[3211496] Could not find attributes for chiquinho (Sport Lisboa e Benfica, 2019)
[3076955] Could not find attributes for caner erkin (Beşiktaş Jimnastik Kulübü, 2018)
[3211496] Failed to build match row: Boavista FC vs Sport Lisboa e Benfica
[3076955] Failed to build match row: Beşiktaş Jimnastik Kulübü vs B36 Tórshavn

Keepers & outfield error for **Oxford United** in Walsall FC vs Oxford United: Numbers: 2 and 9.

Keepers & outfield error for **Association sportive de Monaco Football Club** in Association sportive de Monaco Football Club vs Thonon Évian Grand Genève FC: Numbers: 2 and 9.
[2482201] Failed to build match row: Association sportive de Monaco Football Club vs Thonon Évian Grand Genève FC
[3027745] Could not find attributes for kristijan bistrovic (PFK CSKA Moskva, 2017)
[3286590] Failed to build match row: Walsall FC vs Oxford United

Keepers & outfield error for **Club Atlético Osasuna** in Club Atlético Osasuna vs Rayo Vallecano de Madrid S. A. D.: Numbers: 0 and 11.
[3027745] Failed to build match row: AO FK Zenit Sankt-Peterburg vs PFK CSKA Moskva
[2847890] Could not find attributes for vladimir gabulov (Arsenal Tula, 2016)
[3394713] Could not find attributes for vito mannone (Association sportive de Monaco Football Club, 2020)

Keepers & outfield error for **Vitória Setúbal FC** in Vitória Setúbal FC vs CF União Madeira (-2021): Numbers: 0 and 11.

Keepers & outfield error for **Association Football Club Bournemouth** in Crystal Palace Football Club vs Association Football Club Bournemouth: Numbers: 0 and 11.
[2711325] Could not find attributes for boy waterman (APOEL Nicosia, 2016)
[3394713] Failed to build match row: Association sportive de Monaco Football Club vs Racing Club de Lens
[2618772] Could not find attributes for joaozinho (FK Krasnodar, 2015)
[2341131] Failed to build match row: Club Atlético Osasuna vs Rayo Vallecano de Madrid S. A. D.
[2609410] Failed to build match row: Vitória Setúbal FC vs CF União Madeira (-2021)
[2618772] Failed to build match row: FK Krasnodar vs Panthessalonikios Athlitikos Omilos Konstantinoupoliton
[2847890] Failed to build match row: Arsenal Tula vs FK Rostov
[3050563] Failed to build match row: Crystal Palace Football Club vs Association Football Club Bournemouth
[2711325] Failed to build match row: APOEL Nicosia vs The New Saints

Keepers & outfield error for **SPAL** in SPAL vs Genoa Cricket and Football Club: Numbers: 0 and 11.
[2346147] Could not find attributes for boy waterman (Kardemir Karabükspor, 2013)

Keepers & outfield error for **AD Alcorcón** in AD Alcorcón vs Cultural Leonesa: Numbers: 0 and 11.
[3065872] Could not find attributes for branko ojdanic (OFK Titograd, 2018)
[2346147] Failed to build match row: Kardemir Karabükspor vs Fenerbahçe Spor Kulübü
[3229294] Failed to build match row: SPAL vs Genoa Cricket and Football Club
[2911692] Failed to build match row: AD Alcorcón vs Cultural Leonesa
[3065872] Failed to build match row: OFK Titograd vs B36 Tórshavn
[2518604] Could not find attributes for charalampos damianakis (Omilos Filathlon Irakliou FC, 2014)
[2518604] Failed to build match row: Omilos Filathlon Irakliou FC vs Panathinaikos Athlitikos Omilos
[2700402] Could not find attributes for nemanja miletic (Fudbalski Klub Vojvodina, 2016)
[3252442] Could not find attributes for matvey safonov (FK Krasnodar, 2019)
[2700402] Failed to build match row: Fudbalski Klub Vojvodina vs FK Bokelj
[3252442] Failed to build match row: FK Krasnodar vs Getafe Club de Fútbol S. A. D. Team Dubai
[2379335] Could not find attributes for marian zdravkovic (AO Chania, 2013)
[2726716] Could not find attributes for albano bizzarri (Delfino Pescara 1936, 2016)
[2379335] Failed to build match row: AO Chania vs A.G.S Asteras Tripolis
[2726716] Failed to build match row: Delfino Pescara 1936 vs Genoa Cricket and Football Club
[2720946] Could not find attributes for heliardo (Clube Desportivo de Tondela, 2016)
[2720946] Failed to build match row: Futebol Clube do Porto vs Clube Desportivo de Tondela
[2459737] Could not find attributes for gino coutinho (Excelsior Rotterdam, 2014)
[2459737] Failed to build match row: Excelsior Rotterdam vs AFC Ajax Amsterdam
[2735636] Could not find attributes for jeremy morel (Olympique Lyonnais, 2016)
[2735636] Failed to build match row: Olympique Lyonnais vs Football Club de Nantes
[3394714] Could not find attributes for kiki kouyate (Football Club de Metz, 2020)
[3394714] Failed to build match row: Football Club de Metz vs Racing Club de Lens
[3205111] Could not find attributes for maksim plotnikov (Dinamo Minsk, 2019)
[3205111] Failed to build match row: Dinamo Minsk vs FK Liepaja
[2589155] Could not find attributes for kosuke ota (Vitesse Arnhem, 2015)
[2589155] Failed to build match row: Vitesse Arnhem vs ADO Den Haag
[2321314] Could not find attributes for alexander madlung (Eintracht Frankfurt Fußball AG, 2013)
[2321314] Failed to build match row: Eintracht Frankfurt Fußball AG vs 1. Fußball- und Sportverein Mainz 05
[2711326] Could not find attributes for yeray patino (Lincoln Red Imps FC, 2016)
[2711326] Failed to build match row: The Celtic Football Club vs Lincoln Red Imps FC
[3286591] Could not find attributes for maksymilian stryjek (Eastleigh FC, 2019)
[3286591] Failed to build match row: Eastleigh FC vs Crewe Alexandra

Keepers & outfield error for **Vitória Setúbal FC** in Vitória Setúbal FC vs Sporting Clube de Braga: Numbers: 0 and 11.
[2720947] Failed to build match row: Vitória Setúbal FC vs Sporting Clube de Braga

Keepers & outfield error for **Wolverhampton Wanderers Football Club** in Wolverhampton Wanderers Football Club vs Southampton FC: Numbers: 0 and 11.
[3219388] Failed to build match row: Wolverhampton Wanderers Football Club vs Southampton FC

Keepers & outfield error for **Sporting Clube de Portugal** in Sporting Clube de Portugal vs CF Os Belenenses: Numbers: 0 and 11.
[2609411] Failed to build match row: Sporting Clube de Portugal vs CF Os Belenenses
[2683493] Could not find attributes for mikhail merkulov (Ural Yekaterinburg, 2015)
[3027746] Could not find attributes for dmitriy skopintsev (FK Rostov, 2017)
[2683493] Failed to build match row: Ural Yekaterinburg vs FK Spartak Moskva
[3027746] Failed to build match row: FK Rostov vs FC Tosno (-2018)

Keepers & outfield error for **CS Marítimo** in CS Marítimo vs Clube Desportivo Santa Clara: Numbers: 2 and 9.
[2599300] Could not find attributes for stefano scardala (AS Viterbese Castrense, 2015)
[3211497] Failed to build match row: CS Marítimo vs Clube Desportivo Santa Clara
[2599300] Failed to build match row: AS Viterbese Castrense vs US Ancona
[2346148] Could not find attributes for serkan kirintili (Çaykur Rizespor Kulübü, 2013)
[2346148] Failed to build match row: Çaykur Rizespor Kulübü vs Kasımpaşa A.Ş.
[2766636] Failed to scrape lineup: https://www.transfermarkt.co.uk/spielbericht/index/spielbericht/2766636
[2618773] Could not find attributes for aritm (FK Krasnodar, 2015)
[2618773] Failed to build match row: FK Krasnodar vs Borussia Dortmund
[3065873] Could not find attributes for marko pridigar (NK Rudar Velenje, 2018)
[3065873] Failed to build match row: NK Rudar Velenje vs Tre Fiori FC
[3195539] Could not find attributes for hannes frerichs (FC Oberneuland, 2019)
[3195539] Failed to build match row: FC Oberneuland vs SV Darmstadt 98
[3098035] Could not find attributes for rafa silva (Sport Lisboa e Benfica, 2018)
[3098035] Failed to build match row: FC Bayern München vs Sport Lisboa e Benfica
[2911693] Could not find attributes for liangming lin (UD Almería, 2017)
[2911693] Failed to build match row: Cádiz CF vs UD Almería
[2469932] Failed to scrape lineup: https://www.transfermarkt.co.uk/kayseri-erciyesspor_trabzonspor/index/spielbericht/2469932
[2346149] Failed to build match row: Beşiktaş Jimnastik Kulübü vs Elazigspor
[2891444] Could not find attributes for nikolaos giannakopoulos (AOK Kerkyra, 2017)
[2891444] Failed to build match row: AOK Kerkyra vs APO Levadiakos Football Club

Keepers & outfield error for **Trapani Calcio** in Trapani Calcio vs Calcio Como: Numbers: 0 and 11.
[2599301] Failed to build match row: Trapani Calcio vs Calcio Como
[2498833] Could not find attributes for razvan ochirosii (CD Guijuelo, 2014)
[2335104] Could not find attributes for joaozinho (FK Krasnodar, 2013)
[2498833] Failed to build match row: CD Guijuelo vs CE L'Hospitalet
ov Samara
[3027747] Could not find attributes for igor konovalov (FC Rubin Kazan, 2017)
[3027747] Failed to build match row: FK Dinamo Moskva vs FC Rubin Kazan

Keepers & outfield error for **Association Football Club Bournemouth** in Association Football Club Bournemouth vs Chelsea Football Club: Numbers: 2 and 9.
[2726717] Failed to scrape lineup: https://www.transfermarkt.co.uk/bologna-fc-1909_inter-milan/index/spielbericht/2726717

Keepers & outfield error for **Real Betis Balompié S.A.D.** in Real Betis Balompié S.A.D. vs Celta: Numbers: 2 and 9.
[2872205] Failed to build match row: Association Football Club Bournemouth vs Chelsea Football Club
[2882869] Could not find attributes for dmytro bezruk (Chornomorets Odesa, 2017)
[2882869] Failed to build match row: Chornomorets Odesa vs PFK Stal Kamyanske (-2018)
[2341133] Failed to build match row: Real Betis Balompié S.A.D. vs Celta
[3130837] Could not find attributes for yassine meriah (Olympiakos Syndesmos Filathlon Peiraios, 2018)
[3130837] Failed to build match row: Olympiakos Syndesmos Filathlon Peiraios vs Athlitiki Enosi Larisas

Keepers & outfield error for **Sporting Clube de Portugal** in Sporting Clube de Portugal vs Moreirense Futebol Clube: Numbers: 2 and 9.
[3211498] Failed to build match row: Sporting Clube de Portugal vs Moreirense Futebol Clube
[2683494] Could not find attributes for zaurbek pliev (RFK Akhmat Grozny, 2015)
[2683494] Failed to build match row: RFK Akhmat Grozny vs Amkar Perm
[2379336] Could not find attributes for konstantinos barbas (Veria NPS, 2013)
[2379336] Failed to build match row: Veria NPS vs Iraklis Psachnon
[2847891] Could not find attributes for anton miterev (Tom Tomsk, 2016)
[3252443] Could not find attributes for daniel sturridge (Trabzonspor Kulübü, 2019)
[2700403] Could not find attributes for anatoliy ayvazov (FC Shirak Gyumri, 2016)
[3098036] Could not find attributes for dmytro chygrynskyi (Athlitiki Enosi Konstantinoupoleos, 2018)
[2459738] Could not find attributes for orlando engelaar (Football Club Twente, 2014)
[2847891] Failed to build match row: FK Spartak Moskva vs Tom Tomsk
 1893 AG
[2700403] Failed to build match row: FC Shirak Gyumri vs FC Dila Gori
[3098036] Failed to build match row: Athlitiki Enosi Konstantinoupoleos vs AFC Ajax Amsterdam
[2459738] Failed to build match row: Football Club Twente vs Willem II Tilburg
[2609412] Could not find attributes for ricardo ferreira (Sporting Clube de Braga, 2015)
[2609412] Failed to build match row: Sporting Clube de Braga vs Sport Lisboa e Benfica
[2589157] Could not find attributes for ron vlaar (Alkmaar Zaanstreek, 2015)
[2518605] Failed to scrape lineup: https://www.transfermarkt.co.uk/olympiacos-piraeus_gs-ergotelis/index/spielbericht/2518605
[3394716] Could not find attributes for vito mannone (Association sportive de Monaco Football Club, 2020)

Keepers & outfield error for **Hull City** in Hull City vs Stoke City: Numbers: 0 and 11.
[2589157] Failed to build match row: Sportclub Heerenveen vs Alkmaar Zaanstreek
[2478485] Failed to build match row: Hull City vs Stoke City
[3394716] Failed to build match row: Dijon FCO vs Association sportive de Monaco Football Club
[2766649] Could not find attributes for zarko grbovic (CD Toledo, 2016)
[2735639] Could not find attributes for firmin mubele (Rennes, 2016)
[2735639] Failed to build match row: Rennes vs Montpellier HSC
[2766649] Failed to build match row: CD Toledo vs Caudal Deportivo
[2911703] Could not find attributes for soren pedersen (Jammerbugt FC, 2017)
[2911703] Failed to build match row: Jammerbugt FC vs Vejle Boldklub

Keepers & outfield error for **Watford FC** in Watford FC vs Sheffield United: Numbers: 2 and 9.
[3219390] Failed to build match row: Watford FC vs Sheffield United
[2346150] Could not find attributes for mustafa yumlu (Trabzonspor Kulübü, 2013)
[2346150] Failed to build match row: Galatasaray Spor Kulübü vs Trabzonspor Kulübü
[2726718] Could not find attributes for massimo maccarone (FC Empoli, 2016)
[3229297] Could not find attributes for ragnar klavan (Cagliari Calcio, 2019)
[3229297] Failed to build match row: Cagliari Calcio vs UC Sampdoria
[2726718] Failed to build match row: FC Empoli vs Società Sportiva Lazio S.p.A.
[3205112] Could not find attributes for giannis kargas (Levski Sofia, 2019)
[3205112] Failed to build match row: Levski Sofia vs MFK Ruzomberok
[3130838] Could not find attributes for zivko zivkovic (AO Xanthi, 2018)
[3130838] Failed to build match row: AO Xanthi vs Aris Thessalonikis
[3286592] Could not find attributes for calum macdonald (Blackpool FC, 2019)
[3286592] Failed to build match row: Blackpool FC vs Maidstone United
[2882870] Could not find attributes for maksym koval (Futbolniy Klub Dynamo Kyiv, 2017)
[2882870] Failed to build match row: FC Shakhtar Donetsk vs Futbolniy Klub Dynamo Kyiv

Keepers & outfield error for **Clube Desportivo Santa Clara** in Clube Desportivo Santa Clara vs Sporting Clube de Portugal: Numbers: 0 and 11.
[3211499] Failed to build match row: Clube Desportivo Santa Clara vs Sporting Clube de Portugal
[2720950] Could not find attributes for heliardo (Clube Desportivo de Tondela, 2016)

Keepers & outfield error for **Celta** in Málaga CF vs Celta: Numbers: 2 and 9.
[2720950] Failed to build match row: Clube Desportivo de Tondela vs CS Marítimo
[3076956] Could not find attributes for patrik macej (DAC Dunajska Streda, 2018)
[2341134] Failed to build match row: Málaga CF vs Celta
[2683495] Could not find attributes for fatos beqiraj (FK Dinamo Moskva, 2015)
[2518606] Could not find attributes for fotis koutzavasilis (AOK Kerkyra, 2014)
[3076956] Failed to build match row: DAC Dunajska Streda vs Dinamo Minsk
[2518606] Failed to build match row: AOK Kerkyra vs AEL Kalloni
[2891445] Could not find attributes for spyros risvanis (APS Atromitos Athinon, 2017)
Not enough players found for lineup: 0, 0.
[2683495] Failed to build match row: FK Dinamo Moskva vs FK Rostov
[2891445] Failed to build match row: APS Atromitos Athinon vs PAS Lamia 1964

Keepers & outfield error for **Sporting Clube de Portugal** in Sporting Clube de Portugal vs Linzer Athletik-Sport-Klub: Numbers: 2 and 9.
[2847892] Could not find attributes for blagoy georgiev (FC Orenburg, 2016)
[2359505] Failed to scrape lineup: https://www.transfermarkt.co.uk/bologna-fc-1909_atalanta-bc/index/spielbericht/2359505
[3219391] Could not find attributes for patrick van aanholt (Crystal Palace Football Club, 2019)
[2726719] Failed to scrape lineup: https://www.transfermarkt.co.uk/chievo-verona_ssc-napoli/index/spielbericht/2726719
[2379337] Failed to scrape lineup: https://www.transfermarkt.co.uk/spielbericht/index/spielbericht/2379337
[3219391] Failed to build match row: Crystal Palace Football Club vs Manchester City Football Club
[2847892] Failed to build match row: FC Orenburg vs FK Krasnodar
[3252444] Failed to build match row: Sporting Clube de Portugal vs Linzer Athletik-Sport-Klub
[2735640] Could not find attributes for yannis salibur (EA Guingamp, 2016)
[2589158] Could not find attributes for christian kum (Football Club Utrecht, 2015)
[2735640] Failed to build match row: EA Guingamp vs Dijon FCO
[2589158] Failed to build match row: Football Club Utrecht vs Nijmegen Eendracht Combinatie

Keepers & outfield error for **Olympique Lyonnais** in Olympique Lyonnais vs Manchester City Football Club: Numbers: 2 and 9.
[3098037] Failed to build match row: Olympique Lyonnais vs Manchester City Football Club
[2346151] Could not find attributes for erdinc yavuz (Konyaspor, 2013)
[2346151] Failed to build match row: Konyaspor vs Eskisehirspor
Not enough players found for lineup: 0, 11.
[2911704] Failed to scrape lineup: https://www.transfermarkt.co.uk/spielbericht/index/spielbericht/2911704
[3065874] Could not find attributes for giorgio pizzolato (Tre Fiori FC, 2018)
[3065874] Failed to build match row: Tre Fiori FC vs NK Rudar Velenje
[3027749] Failed to scrape lineup: https://www.transfermarkt.co.uk/fc-krasnodar_lokomotiv-moscow/index/spielbericht/3027749
[2711409] Could not find attributes for dumitru celeadnic (Dacia Chisinau, 2016)
[3130839] Could not find attributes for markos vellidis (PAS Giannina, 2018)
[2711409] Failed to build match row: Dacia Chisinau vs Kapaz PFK
[3130839] Failed to build match row: Panthessalonikios Athlitikos Omilos Konstantinoupoliton vs PAS Giannina
[2609413] Could not find attributes for matheuzinho (Grupo Desportivo Estoril Praia, 2015)
[2609413] Failed to build match row: FC Paços de Ferreira vs Grupo Desportivo Estoril Praia
[2726720] Failed to scrape lineup: https://www.transfermarkt.co.uk/juventus-fc_us-palermo/index/spielbericht/2726720
[3081199] Failed to scrape lineup: https://www.transfermarkt.co.uk/parma-calcio-1913_bologna-fc-1909/index/spielbericht/3081199
[2618774] Could not find attributes for dimitar berbatov (Panthessalonikios Athlitikos Omilos Konstantinoupoliton, 2015)
[3219392] Failed to scrape lineup: https://www.transfermarkt.co.uk/leicester-city_burnley-fc/index/spielbericht/3219392
[2599302] Could not find attributes for alessandro iacobucci (Virtus Entella, 2015)
[2720951] Could not find attributes for sinan bolat (Futebol Clube de Arouca, 2016)
[2599302] Failed to build match row: Cagliari Calcio vs Virtus Entella
[2882871] Could not find attributes for roman mysak (Karpaty Lviv (-2021), 2017)
[2720951] Failed to build match row: Futebol Clube de Arouca vs CF Os Belenenses
[2872207] Failed to scrape lineup: https://www.transfermarkt.co.uk/brighton-amp-hove-albion_southampton-fc/index/spielbericht/2872207
[2618774] Failed to build match row: Panthessalonikios Athlitikos Omilos Konstantinoupoliton vs FK Qabala
[3252445] Failed to scrape lineup: https://www.transfermarkt.co.uk/spielbericht/index/spielbericht/3252445
Clube: Numbers: 0 and 11.
[2882871] Failed to build match row: Karpaty Lviv (-2021) vs Vorskla Poltava
[2359506] Could not find attributes for agim ibraimi (Cagliari Calcio, 2013)
[3211500] Failed to build match row: Gil Vicente Futebol Clube vs Vitória Sport Clube
[2700404] Could not find attributes for serghei pascenco (Zaria Balti, 2016)
[2700404] Failed to build match row: Zaria Balti vs Videoton FC
[2359506] Failed to build match row: Torino Calcio vs Cagliari Calcio
[3065875] Failed to scrape lineup: https://www.transfermarkt.co.uk/spielbericht/index/spielbericht/3065875
[3076957] Could not find attributes for andrey gorbunov (Dinamo Minsk, 2018)
[3027750] Failed to scrape lineup: https://www.transfermarkt.co.uk/fc-ufa_ska-khabarovsk/index/spielbericht/3027750
[2589159] Failed to scrape lineup: https://www.transfermarkt.co.uk/fc-groningen_de-graafschap-doetinchem/index/spielbericht/2589159
[2498834] Could not find attributes for pedro baquero (UE Lleida (- 2011), 2014)
[2482203] Could not find attributes for david ngog (Stade Reims, 2014)
[3076957] Failed to build match row: Dinamo Minsk vs DAC Dunajska Streda
[2637675] Could not find attributes for alex tokarczyk (Falkirk Football & Athletic Club, 2015)
[2498834] Failed to build match row: UE Lleida (- 2011) vs CD Guadalajara
[2482203] Failed to build match row: Football Club de Nantes vs Stade Reims
[2379339] Could not find attributes for dimitrios kyriakidis (AO Xanthi, 2013)
[2637675] Failed to build match row: Falkirk Football & Athletic Club vs Fraserburgh FC
[3098038] Failed to scrape lineup: https://www.transfermarkt.co.uk/spielbericht/index/spielbericht/3098038
[2379339] Failed to build match row: AO Xanthi vs Iraklis Thessaloniki
[2459740] Could not find attributes for aleksandar bjelica (Prins Hendrik Ende Desespereert Nimmer Combinatie Zwolle, 2014)
[2459740] Failed to build match row: Prins Hendrik Ende Desespereert Nimmer Combinatie Zwolle vs Nooit Opgeven Altijd Doorzetten Aangenaam Door Vermaak En Nuttig Door Ontspanning Combinatie Breda
[2847893] Could not find attributes for catalin carp (FK Ufa, 2016)
[2847893] Failed to build match row: FC Rubin Kazan vs FK Ufa
[2618775] Failed to scrape lineup: https://www.transfermarkt.co.uk/spielbericht/index/spielbericht/2618775
[3131100] Failed to scrape lineup: https://www.transfermarkt.co.uk/psv-eindhoven_az-alkmaar/index/spielbericht/3131100
[2882872] Could not find attributes for bogdan shust (Vorskla Poltava, 2017)
[2882872] Failed to build match row: Vorskla Poltava vs Zirka Kropyvnytskyi
[2335107] Could not find attributes for maicon bolt (Футбольный клуб "Локомотив" Москва, 2013)
[2346152] Could not find attributes for vanja ivesa (Elazigspor, 2013)
[2335107] Failed to build match row: Футбольный клуб "Локомотив" Москва vs Kuban Krasnodar (-2018)
[2346152] Failed to build match row: Elazigspor vs Çaykur Rizespor Kulübü
[2683496] Could not find attributes for mijo caktas (FC Rubin Kazan, 2015)
[2683496] Failed to build match row: PFK Krylya Sovetov Samara vs FC Rubin Kazan
[3028885] Could not find attributes for dmitriy yashin (Shinnik Yaroslavl, 2017)
[3028885] Failed to build match row: Shinnik Yaroslavl vs Avangard Kursk
[2478488] Failed to scrape lineup: https://www.transfermarkt.co.uk/manchester-city_liverpool-fc/index/spielbericht/2478488
[2498835] Failed to scrape lineup: https://www.transfermarkt.co.uk/spielbericht/index/spielbericht/2498835
[2637676] Failed to scrape lineup: https://www.transfermarkt.co.uk/spielbericht/index/spielbericht/2637676
[2482204] Failed to scrape lineup: https://www.transfermarkt.co.uk/ogc-nice_sc-bastia/index/spielbericht/2482204
[3098039] Failed to scrape lineup: https://www.transfermarkt.co.uk/spielbericht/index/spielbericht/3098039
[2766650] Could not find attributes for checa (Hércules CF, 2016)
[2766650] Failed to build match row: Hércules CF vs UE Cornellà
[3131897] Failed to scrape lineup: https://www.transfermarkt.co.uk/spielbericht/index/spielbericht/3131897
[2911708] Could not find attributes for niclas henriksen (B1913 Odense, 2017)
[2911708] Failed to build match row: B1913 Odense vs Hvidovre IF
[2379340] Failed to scrape lineup: https://www.transfermarkt.co.uk/spielbericht/index/spielbericht/2379340

Keepers & outfield error for **Manchester United Football Club** in Manchester United Football Club vs Tottenham Hotspur Football Club: Numbers: 0 and 11.
[3076958] Could not find attributes for maksims uvarenko (JFK Ventspils, 2018)
[2577860] Failed to build match row: Manchester United Football Club vs Tottenham Hotspur Football Club
[3076958] Failed to build match row: JFK Ventspils vs FC Girondins Bordeaux
[3394719] Could not find attributes for trevoh chalobah (Football Club Lorient-Bretagne Sud, 2020)
[2518607] Could not find attributes for michalis sifakis (APO Levadiakos Football Club, 2014)
[3394719] Failed to build match row: Football Club Lorient-Bretagne Sud vs Rennes
-Peterburg vs RFK Akhmat Grozny: Numbers: 2 and 9.
[2518607] Failed to build match row: APO Levadiakos Football Club vs Veria NPS
rozny
[3081200] Could not find attributes for ola aina (Torino Calcio, 2018)
[3081200] Failed to build match row: Unione Sportiva Sassuolo Calcio vs Torino Calcio
[2498836] Failed to scrape lineup: https://www.transfermarkt.co.uk/spielbericht/index/spielbericht/2498836
[2637677] Failed to scrape lineup: https://www.transfermarkt.co.uk/spielbericht/index/spielbericht/2637677
[2482205] Failed to scrape lineup: https://www.transfermarkt.co.uk/sc-bastia_as-monaco/index/spielbericht/2482205
[2469934] Could not find attributes for michal kadlec (Fenerbahçe Spor Kulübü, 2014)
em_twente-enschede-fc/index/spielbericht/2589161
[2379341] Failed to scrape lineup: https://www.transfermarkt.co.uk/spielbericht/index/spielbericht/2379341
[2469934] Failed to build match row: Fenerbahçe Spor Kulübü vs Kardemir Karabükspor

Keepers & outfield error for **Clube Desportivo de Tondela** in Futebol Clube do Porto vs Clube Desportivo de Tondela: Numbers: 0 and 11.
[3211501] Failed to build match row: Futebol Clube do Porto vs Clube Desportivo de Tondela
[2882873] Could not find attributes for yevgen khacheridi (Futbolniy Klub Dynamo Kyiv, 2017)
[2882873] Failed to build match row: Futbolniy Klub Dynamo Kyiv vs Karpaty Lviv (-2021)
[2609415] Failed to scrape lineup: https://www.transfermarkt.co.uk/rio-ave-fc_moreirense-fc/index/spielbericht/2609415
[3394720] Failed to scrape lineup: https://www.transfermarkt.co.uk/fc-nantes_angers-sco/index/spielbericht/3394720
[2720952] Could not find attributes for pedro tiba (GD Chaves, 2016)
[2720952] Failed to build match row: Sport Lisboa e Benfica vs GD Chaves

Keepers & outfield error for **Catania FC** in Udinese Calcio vs Catania FC: Numbers: 2 and 9.
[2359507] Failed to build match row: Udinese Calcio vs Catania FC
[2518608] Could not find attributes for manolis stefanakos (Panetolikos Agrinio, 2014)
[2518608] Failed to build match row: Panetolikos Agrinio vs A.G.S Asteras Tripolis
[2726721] Failed to scrape lineup: https://www.transfermarkt.co.uk/udinese-calcio_us-sassuolo/index/spielbericht/2726721
[2498837] Failed to scrape lineup: https://www.transfermarkt.co.uk/spielbericht/index/spielbericht/2498837
[2379561] Failed to scrape lineup: https://www.transfermarkt.co.uk/spielbericht/index/spielbericht/2379561
[2469935] Failed to scrape lineup: https://www.transfermarkt.co.uk/balikesirspor_akhisar-belediyespor/index/spielbericht/2469935
[2847895] Could not find attributes for gregor balazic (Ural Yekaterinburg, 2016)
[2942754] Failed to scrape lineup: https://www.transfermarkt.co.uk/fc-girondins-bordeaux_sm-caen/index/spielbericht/2942754
[2847895] Failed to build match row: Ural Yekaterinburg vs PFK Krylya Sovetov Samara
[3081201] Could not find attributes for valon behrami (Udinese Calcio, 2018)
[3050568] Could not find attributes for danny ings (Southampton FC, 2018)
[2882874] Failed to scrape lineup: https://www.transfermarkt.co.uk/pfk-stal-kamyanske-2018-_shakhtar-donetsk/index/spielbericht/2882874
[3050568] Failed to build match row: Southampton FC vs Huddersfield Town
[3081201] Failed to build match row: Udinese Calcio vs Frosinone Calcio

Keepers & outfield error for **Club Atlético Osasuna** in Sevilla Fútbol Club S.A.D. vs Club Atlético Osasuna: Numbers: 0 and 11.
[2589162] Could not find attributes for kosuke ota (Vitesse Arnhem, 2015)
[2321317] Could not find attributes for alexander madlung (Eintracht Frankfurt Fußball AG, 2013)
[2589162] Failed to build match row: Vitesse Arnhem vs Heracles Almelo
[2609416] Failed to scrape lineup: https://www.transfermarkt.co.uk/cd-tondela_fc-porto/index/spielbericht/2609416
[2341136] Failed to build match row: Sevilla Fútbol Club S.A.D. vs Club Atlético Osasuna

Keepers & outfield error for **Portimonense SC** in Portimonense SC vs Rio Ave Futebol Clube: Numbers: 0 and 11.
[2321317] Failed to build match row: FC Schalke 04 vs Eintracht Frankfurt Fußball AG
x_olympique-marseille/index/spielbericht/2735642
[3211502] Failed to build match row: Portimonense SC vs Rio Ave Futebol Clube

Keepers & outfield error for **Verona Hellas Football Club** in Atalanta Bergamasca Calcio S.p.a. vs Verona Hellas Football Club: Numbers: 0 and 11.
[2478588] Failed to build match row: Atalanta Bergamasca Calcio S.p.a. vs Verona Hellas Football Club
[2618776] Could not find attributes for ju ho park (Borussia Dortmund, 2015)
[2891446] Could not find attributes for nikolaos giannakopoulos (AOK Kerkyra, 2017)
[2891446] Failed to build match row: AOK Kerkyra vs AO Xanthi
essalonikios Athlitikos Omilos Konstantinoupoliton
[3219394] Could not find attributes for patrick van aanholt (Crystal Palace Football Club, 2019)
[2518609] Could not find attributes for andrey gorbunov (APS Atromitos Athinon, 2014)
[3219394] Failed to build match row: West Ham United Football Club vs Crystal Palace Football Club
[2518609] Failed to build match row: APS Atromitos Athinon vs Panthessalonikios Athlitikos Omilos Konstantinoupoliton
[2726722] Failed to scrape lineup: https://www.transfermarkt.co.uk/as-roma_torino-fc/index/spielbericht/2726722
[2577862] Failed to scrape lineup: https://www.transfermarkt.co.uk/arsenal-fc_west-ham-united/index/spielbericht/2577862
[2379562] Failed to scrape lineup: https://www.transfermarkt.co.uk/spielbericht/index/spielbericht/2379562

Keepers & outfield error for **Boavista FC** in Boavista FC vs Futebol Clube do Porto: Numbers: 0 and 11.
[3252447] Failed to scrape lineup: https://www.transfermarkt.co.uk/spielbericht/index/spielbericht/3252447
[2469936] Failed to scrape lineup: https://www.transfermarkt.co.uk/eskisehirspor_konyaspor/index/spielbericht/2469936
[2720953] Failed to build match row: Boavista FC vs Futebol Clube do Porto
[3131899] Could not find attributes for donervon daniels (Blackpool FC, 2018)
[3076959] Could not find attributes for maksims uvarenko (JFK Ventspils, 2018)
[3131899] Failed to build match row: Blackpool FC vs Solihull Moors
[3076959] Failed to build match row: FC Girondins Bordeaux vs JFK Ventspils
[2766651] Could not find attributes for jorge palatsi (Cultural Leonesa, 2016)

Keepers & outfield error for **Olympique de Marseille** in Olympique de Marseille vs Racing Club de Strasbourg Alsace: Numbers: 2 and 9.
[2766651] Failed to build match row: Cultural Leonesa vs Albacete Balompié
[3050569] Failed to scrape lineup: https://www.transfermarkt.co.uk/tottenham-hotspur_everton-fc/index/spielbericht/3050569
[2942755] Failed to build match row: Olympique de Marseille vs Racing Club de Strasbourg Alsace
[2847896] Could not find attributes for guram tetrashvili (Anzhi Makhachkala ( -2022), 2016)
[2847896] Failed to build match row: Anzhi Makhachkala ( -2022) vs Футбольный клуб "Локомотив" Москва
[2882875] Could not find attributes for rustam khudzhamov (FK Mariupol, 2017)
[2882875] Failed to build match row: FK Mariupol vs Chornomorets Odesa
[2683498] Failed to scrape lineup: https://www.transfermarkt.co.uk/zenit-st-petersburg_lokomotiv-moskau/index/spielbericht/2683498
[2872209] Failed to scrape lineup: https://www.transfermarkt.co.uk/crystal-palace_west-ham-united/index/spielbericht/2872209
[2321318] Failed to scrape lineup: https://www.transfermarkt.co.uk/borussia-monchengladbach_vfb-stuttgart/index/spielbericht/2321318
[2478589] Failed to scrape lineup: https://www.transfermarkt.co.uk/ac-cesena_parma-fc/index/spielbericht/2478589
[2700405] Could not find attributes for bozidar radosevic (Debreceni VSC, 2016)
[2700405] Failed to build match row: Debreceni VSC vs La Fiorita 1967
[3098042] Failed to scrape lineup: https://www.transfermarkt.co.uk/spielbericht/index/spielbericht/3098042
[2735643] Failed to scrape lineup: https://www.transfermarkt.co.uk/montpellier-hsc_olympique-lyon/index/spielbericht/2735643
[2581787] Could not find attributes for ju ho park (Borussia Dortmund, 2015)
[2581787] Failed to build match row: Mönchengladbach vs Borussia Dortmund
[2346153] Could not find attributes for egemen korkmaz (Fenerbahçe Spor Kulübü, 2013)
[3211503] Could not find attributes for chiquinho (Sport Lisboa e Benfica, 2019)
[2346153] Failed to build match row: Fenerbahçe Spor Kulübü vs Kayserispor Kulübü
[3211503] Failed to build match row: Sport Lisboa e Benfica vs Futebol Clube de Famalicão
[2637678] Could not find attributes for kieran adams (Inverurie Loco Works FC, 2015)
[2637678] Failed to build match row: Inverurie Loco Works FC vs Annan Athletic FC
[2891447] Failed to scrape lineup: https://www.transfermarkt.co.uk/panionios-athens_ae-larisa/index/spielbericht/2891447
[2589163] Could not find attributes for hedwiges maduro (Football Club Groningen, 2015)
[2589163] Failed to build match row: Feyenoord Rotterdam vs Football Club Groningen
[2577863] Failed to scrape lineup: https://www.transfermarkt.co.uk/norwich-city_crystal-palace/index/spielbericht/2577863
[3205113] Failed to scrape lineup: https://www.transfermarkt.co.uk/spielbericht/index/spielbericht/3205113
[3394722] Could not find attributes for yuto nagatomo (Olympique de Marseille, 2020)
[2482208] Failed to scrape lineup: https://www.transfermarkt.co.uk/ea-guingamp_ogc-nice/index/spielbericht/2482208
[3394722] Failed to build match row: Olympique de Marseille vs Stade Reims
[2882876] Failed to scrape lineup: https://www.transfermarkt.co.uk/fc-oleksandriya_zorya-lugansk/index/spielbericht/2882876
[3252448] Failed to scrape lineup: https://www.transfermarkt.co.uk/spielbericht/index/spielbericht/3252448
[2683499] Failed to scrape lineup: https://www.transfermarkt.co.uk/amkar-perm_fc-ufa/index/spielbericht/2683499
[2498838] Could not find attributes for inigo romera (UE Cornellà, 2014)
018)
[2600582] Could not find attributes for shkelzen gashi (FC Basel 1893 AG, 2015)
[2498838] Failed to build match row: UE Cornellà vs Zamora CF
[2379563] Could not find attributes for neil parry (Albion Rovers FC, 2013)
[2600582] Failed to build match row: KKS Lech Poznań Spółka Akcyjna vs FC Basel 1893 AG
[3065876] Failed to build match row: Irtysh Pavlodar vs FK Trakai
[2711419] Could not find attributes for ridwaru adeyemo (FK Spartaks Jurmala, 2016)
[2379563] Failed to build match row: Albion Rovers FC vs Motherwell Football Club
[3050570] Could not find attributes for etienne capoue (Watford FC, 2018)
[2711419] Failed to build match row: FK Spartaks Jurmala vs Dinamo Minsk
[3050570] Failed to build match row: Watford FC vs West Ham United Football Club
[2469937] Could not find attributes for yekta kurtulus (Galatasaray Spor Kulübü, 2014)
[2911709] Could not find attributes for rune corfitzen (Dalum IF, 2017)
[2469937] Failed to build match row: Bursaspor vs Galatasaray Spor Kulübü
[2911709] Failed to build match row: Dalum IF vs Odense Boldklub

Keepers & outfield error for **UD Almería** in Real Sociedad de Fútbol S.A.D. vs UD Almería: Numbers: 0 and 11.
[2735644] Could not find attributes for younes belhanda (Olympique Gymnaste Club Nice Côte d'Azur, 2016)
[2341137] Failed to build match row: Real Sociedad de Fútbol S.A.D. vs UD Almería

Keepers & outfield error for **FC Paços de Ferreira** in Sporting Clube de Braga vs FC Paços de Ferreira: Numbers: 3 and 8.
[2735644] Failed to build match row: Olympique Gymnaste Club Nice Côte d'Azur vs Angers Sporting Club de l'Ouest
[3211504] Failed to build match row: Sporting Clube de Braga vs FC Paços de Ferreira
[2346154] Could not find attributes for bojan jorgacevic (Kayseri Erciyesspor, 2013)
[3195542] Could not find attributes for christopher schorch (1.FC Saarbrücken, 2019)
[2346154] Failed to build match row: Kayseri Erciyesspor vs Galatasaray Spor Kulübü
[3195542] Failed to build match row: 1.FC Saarbrücken vs SSV Jahn Regensburg
[2359509] Failed to scrape lineup: https://www.transfermarkt.co.uk/uc-sampdoria_acf-fiorentina/index/spielbericht/2359509
[2335108] Could not find attributes for martin jiranek (Tom Tomsk, 2013)
[2335108] Failed to build match row: Tom Tomsk vs Anzhi Makhachkala ( -2022)

Keepers & outfield error for **Unione Sportiva Lecce** in Associazione Calcio Fiorentina vs Unione Sportiva Lecce: Numbers: 0 and 11.

Keepers & outfield error for **Grupo Desportivo Estoril Praia** in Grupo Desportivo Estoril Praia vs Sporting Clube de Portugal: Numbers: 0 and 11.
[2720954] Failed to build match row: Grupo Desportivo Estoril Praia vs Sporting Clube de Portugal
[3229298] Failed to build match row: Associazione Calcio Fiorentina vs Unione Sportiva Lecce

Keepers & outfield error for **Vitória Sport Clube** in Vitória Sport Clube vs Eintracht Frankfurt Fußball AG: Numbers: 0 and 11.

Keepers & outfield error for **The Celtic Football Club** in Molde Fotballklubb vs The Celtic Football Club: Numbers: 2 and 9.
[2882877] Could not find attributes for artem kychak (Olimpik Donetsk, 2017)
[2618777] Failed to build match row: Molde Fotballklubb vs The Celtic Football Club
[3252449] Failed to build match row: Vitória Sport Clube vs Eintracht Frankfurt Fußball AG
[2683500] Could not find attributes for aleksandr belenov (Kuban Krasnodar (-2018), 2015)
[2882877] Failed to build match row: Olimpik Donetsk vs NK Veres Rivne
[2847897] Could not find attributes for georgiy shchennikov (PFK CSKA Moskva, 2016)
Not enough players found for lineup: 0, 11.
[2847897] Failed to build match row: PFK CSKA Moskva vs Arsenal Tula
[2683500] Failed to build match row: Kuban Krasnodar (-2018) vs FK Dinamo Moskva
[2489322] Could not find attributes for davide lanzafame (AC Perugia Calcio, 2014)
[2609418] Could not find attributes for kuca (CF Os Belenenses, 2015)
[2911710] Failed to scrape lineup: https://www.transfermarkt.co.uk/spielbericht/index/spielbericht/2911710
[2489322] Failed to build match row: Verona Hellas Football Club vs AC Perugia Calcio
[2609418] Failed to build match row: CF Os Belenenses vs Vitória Setúbal FC
[2891448] Could not find attributes for enea mihaj (Panetolikos Agrinio, 2017)
[2891448] Failed to build match row: Panetolikos Agrinio vs Panathinaikos Athlitikos Omilos
[3205114] Could not find attributes for elvin yunuszada (FK Sabail, 2019)
[3205114] Failed to build match row: U Craiova 1948 Club Sportiv SA vs FK Sabail

Keepers & outfield error for **Olympique Lyonnais** in Olympique Gymnaste Club Nice Côte d'Azur vs Olympique Lyonnais: Numbers: 2 and 9.
Not enough players found for lineup: 11, 0.
[3394723] Failed to build match row: Olympique Gymnaste Club Nice Côte d'Azur vs Olympique Lyonnais
[3066420] Failed to scrape lineup: https://www.transfermarkt.co.uk/spielbericht/index/spielbericht/3066420
[3076976] Could not find attributes for vedran kjosevski (FK Zeljeznicar Sarajevo, 2018)
[2700406] Failed to scrape lineup: https://www.transfermarkt.co.uk/spielbericht/index/spielbericht/2700406
[2589164] Failed to scrape lineup: https://www.transfermarkt.co.uk/az-alkmaar_pec-zwolle/index/spielbericht/2589164
[3076976] Failed to build match row: FK Zeljeznicar Sarajevo vs Apollon Limassol
[2577864] Could not find attributes for erik pieters (Stoke City, 2015)
[2577864] Failed to build match row: Stoke City vs Liverpool Football Club

Keepers & outfield error for **Genoa Cricket and Football Club** in Genoa Cricket and Football Club vs Torino Calcio: Numbers: 0 and 11.
[2882878] Could not find attributes for yevgen past (Zirka Kropyvnytskyi, 2017)
[2637679] Could not find attributes for graeme smith (Peterhead FC, 2015)
[3229299] Failed to build match row: Genoa Cricket and Football Club vs Torino Calcio
[2637679] Failed to build match row: Peterhead FC vs Livingston Football Club
[2882878] Failed to build match row: Zirka Kropyvnytskyi vs NK Veres Rivne
[2726724] Failed to scrape lineup: https://www.transfermarkt.co.uk/genoa-cfc_bologna-fc-1909/index/spielbericht/2726724
Not enough players found for lineup: 0, 0.
[3066424] Failed to scrape lineup: https://www.transfermarkt.co.uk/spielbericht/index/spielbericht/3066424
[2872211] Failed to scrape lineup: https://www.transfermarkt.co.uk/liverpool-fc_huddersfield-town/index/spielbericht/2872211
[2330965] Failed to scrape lineup: https://www.transfermarkt.co.uk/fc-evian-thonon-gaillard_stade-reims/index/spielbericht/2330965
[3081203] Failed to scrape lineup: https://www.transfermarkt.co.uk/bologna-fc-1909_ss-lazio/index/spielbericht/3081203
[2600604] Failed to scrape lineup: https://www.transfermarkt.co.uk/stade-rennais-fc_olympique-marseille/index/spielbericht/2600604
[3030567] Could not find attributes for erik nissen (Fodbold Club Fredericia, 2017)
[3030567] Failed to build match row: Fodbold Club Fredericia vs Silkeborg Idrætsforening
[3098043] Could not find attributes for cyril ngonge (Club Brugge Koninklijke Voetbalvereniging, 2018)
[3195543] Could not find attributes for dimitri fiks (SV Drochtersen/Assel, 2019)
[2720955] Could not find attributes for bakary bouba sare (Moreirense Futebol Clube, 2016)
tico de Madrid S.A.D.
[3229300] Could not find attributes for salvatore bocchetti (Verona Hellas Football Club, 2019)
[3195543] Failed to build match row: SV Drochtersen/Assel vs FC Schalke 04
[2720955] Failed to build match row: Vitória Sport Clube vs Moreirense Futebol Clube
[3229300] Failed to build match row: Verona Hellas Football Club vs Associazione Sportiva Roma
[2577865] Could not find attributes for jose cholevas (Watford FC, 2015)
[2577865] Failed to build match row: Everton Football Club vs Watford FC

Keepers & outfield error for **Cagliari Calcio** in FC Crotone vs Cagliari Calcio: Numbers: 0 and 11.
[2726725] Failed to build match row: FC Crotone vs Cagliari Calcio

Keepers & outfield error for **Futebol Clube do Porto** in Feyenoord Rotterdam vs Futebol Clube do Porto: Numbers: 2 and 9.
[3252451] Failed to build match row: Feyenoord Rotterdam vs Futebol Clube do Porto
[2359510] Failed to scrape lineup: https://www.transfermarkt.co.uk/hellas-verona_genoa-cfc/index/spielbericht/2359510
[2609419] Could not find attributes for matheuzinho (Grupo Desportivo Estoril Praia, 2015)
[2609419] Failed to build match row: Grupo Desportivo Estoril Praia vs Clube Desportivo Nacional
[2346155] Failed to scrape lineup: https://www.transfermarkt.co.uk/trabzonspor_antalyaspor/index/spielbericht/2346155

Keepers & outfield error for **Alaves** in Alaves vs Valencia Club de Fútbol S. A. D.: Numbers: 2 and 9.
[2899643] Failed to build match row: Alaves vs Valencia Club de Fútbol S. A. D.
[2581789] Could not find attributes for szabolcs huszti (Eintracht Frankfurt Fußball AG, 2015)
[2581789] Failed to build match row: Eintracht Frankfurt Fußball AG vs Verein für Leibesübungen Wolfsburg
[2882879] Could not find attributes for vasyl pryima (FC Zorya Lugansk, 2017)
[2882879] Failed to build match row: FC Zorya Lugansk vs Olimpik Donetsk
[3211505] Failed to scrape lineup: https://www.transfermarkt.co.uk/vitoria-setubal-fc_desportivo-aves-2020-/index/spielbericht/3211505
[2482210] Failed to scrape lineup: https://www.transfermarkt.co.uk/paris-saint-germain_fc-girondins-bordeaux/index/spielbericht/2482210
[2891449] Failed to scrape lineup: https://www.transfermarkt.co.uk/apollon-smyrnis_ao-platanias/index/spielbericht/2891449
[3219396] Failed to scrape lineup: https://www.transfermarkt.co.uk/chelsea-fc_newcastle-united/index/spielbericht/3219396

Keepers & outfield error for **SPAL** in Football Club Internazionale Milano S.p.A. vs SPAL: Numbers: 0 and 11.
[3229301] Failed to build match row: Football Club Internazionale Milano S.p.A. vs SPAL
[3081204] Could not find attributes for darijo srna (Cagliari Calcio, 2018)
[3081204] Failed to build match row: Cagliari Calcio vs Genoa Cricket and Football Club
[3205115] Could not find attributes for joel mall (Apollon Limassol, 2019)
[3205115] Failed to build match row: Apollon Limassol vs FK Kauno Zalgiris

Keepers & outfield error for **Juventus Football Club** in Juventus Football Club vs FC Empoli: Numbers: 0 and 11.
[2726726] Failed to build match row: Juventus Football Club vs FC Empoli
[3286594] Failed to scrape lineup: https://www.transfermarkt.co.uk/spielbericht/index/spielbericht/3286594
[3066425] Failed to scrape lineup: https://www.transfermarkt.co.uk/spielbericht/index/spielbericht/3066425
[3076977] Failed to scrape lineup: https://www.transfermarkt.co.uk/spielbericht/index/spielbericht/3076977
[2489337] Failed to scrape lineup: https://www.transfermarkt.co.uk/mordovia-saransk-2020-_torpedo-moskau/index/spielbericht/2489337
[2882880] Could not find attributes for dmytro bezruk (Chornomorets Odesa, 2017)
[2346156] Could not find attributes for ramazan kose (Gençlerbirliği Spor Kulübü, 2013)
[3195544] Failed to scrape lineup: https://www.transfermarkt.co.uk/spielbericht/index/spielbericht/3195544

Keepers & outfield error for **Vitória Sport Clube** in Vitória Sport Clube vs Rio Ave Futebol Clube: Numbers: 0 and 11.
[2882880] Failed to build match row: Chornomorets Odesa vs FC Oleksandriya
[2346156] Failed to build match row: Gençlerbirliği Spor Kulübü vs Beşiktaş Jimnastik Kulübü
[2609420] Failed to build match row: Vitória Sport Clube vs Rio Ave Futebol Clube
[2581790] Failed to scrape lineup: https://www.transfermarkt.co.uk/1-fc-koln_vfb-stuttgart/index/spielbericht/2581790
[2872213] Could not find attributes for etienne capoue (Watford FC, 2017)
[2872213] Failed to build match row: Watford FC vs Stoke City
[2683502] Could not find attributes for gheorghe grozav (RFK Akhmat Grozny, 2015)
[2500261] Failed to scrape lineup: https://www.transfermarkt.co.uk/zenit-st-petersburg_spartak-moscow/index/spielbericht/2500261
[2847898] Could not find attributes for gregor balazic (Ural Yekaterinburg, 2016)
[2321319] Could not find attributes for julian brandt (Bayer 04 Leverkusen Fußball, 2013)
[2379565] Failed to scrape lineup: https://www.transfermarkt.co.uk/spielbericht/index/spielbericht/2379565
[2482211] Could not find attributes for david ngog (Stade Reims, 2014)
[3211506] Could not find attributes for show (B SAD, 2019)
[2618778] Failed to scrape lineup: https://www.transfermarkt.co.uk/spielbericht/index/spielbericht/2618778
[2847898] Failed to build match row: Ural Yekaterinburg vs FK Krasnodar
[2321319] Failed to build match row: Bayer 04 Leverkusen Fußball vs Hertha BSC
[2683502] Failed to build match row: FK Spartak Moskva vs RFK Akhmat Grozny
[3211506] Failed to build match row: Moreirense Futebol Clube vs B SAD
[2942758] Failed to scrape lineup: https://www.transfermarkt.co.uk/amiens-sc_montpellier-hsc/index/spielbericht/2942758
[2482211] Failed to build match row: Stade Reims vs Montpellier HSC

Keepers & outfield error for **Espanol** in Espanol vs Villarreal Club de Fútbol S.A.D.: Numbers: 2 and 9.
[2341142] Failed to build match row: Espanol vs Villarreal Club de Fútbol S.A.D.

Keepers & outfield error for **Olympique Lyonnais** in Olympique Lyonnais vs Football Club de Nantes: Numbers: 2 and 9.
[3394725] Failed to build match row: Olympique Lyonnais vs Football Club de Nantes
[2711453] Could not find attributes for simone montanari (SS Folgore/Falciano, 2016)
[2711453] Failed to build match row: SS Folgore/Falciano vs AEK Larnaca
[2335110] Could not find attributes for sergei pareiko (Volga Nizhniy Novgorod (- 2016), 2013)
[2335110] Failed to build match row: Volga Nizhniy Novgorod (- 2016) vs Anzhi Makhachkala ( -2022)
[3098044] Could not find attributes for giulian biancone (Association sportive de Monaco Football Club, 2018)
[2766652] Could not find attributes for leonel bontempo (Racing Santander, 2016)

Keepers & outfield error for **Parma Calcio 1913** in Associazione Calcio Fiorentina vs Parma Calcio 1913: Numbers: 2 and 9.
[2589165] Could not find attributes for georgiy zhukov (Roda JC Kerkrade, 2015)
Not enough players found for lineup: 0, 0.
[2766652] Failed to build match row: Racing Santander vs SD Amorebieta
[3066426] Failed to scrape lineup: https://www.transfermarkt.co.uk/spielbericht/index/spielbericht/3066426
[3098044] Failed to build match row: Association sportive de Monaco Football Club vs Borussia Dortmund
[3081205] Failed to build match row: Associazione Calcio Fiorentina vs Parma Calcio 1913
[2589165] Failed to build match row: Roda JC Kerkrade vs Eindhovense Voetbalvereniging Philips Sport Vereniging
[2459744] Could not find attributes for robert braber (Willem II Tilburg, 2014)
[2882881] Could not find attributes for rustam khudzhamov (FK Mariupol, 2017)
[2459744] Failed to build match row: Willem II Tilburg vs Go Ahead Eagles
[2911711] Could not find attributes for nicolai christensen (VSK Aarhus, 2017)
[2735645] Could not find attributes for jeremie aliadiere (Football Club Lorient-Bretagne Sud, 2016)
[2735645] Failed to build match row: SC Bastia vs Football Club Lorient-Bretagne Sud
[2882881] Failed to build match row: FC Shakhtar Donetsk vs FK Mariupol
[2911711] Failed to build match row: VSK Aarhus vs Aarhus Gymnastik Forening

Keepers & outfield error for **Sporting Clube de Braga** in Sporting Clube de Braga vs Futebol Clube de Arouca: Numbers: 3 and 8.
[2581791] Could not find attributes for slobodan rajkovic (SV Darmstadt 98, 2015)
[2720956] Failed to build match row: Sporting Clube de Braga vs Futebol Clube de Arouca
[2581791] Failed to build match row: Hannover 96 vs SV Darmstadt 98
[2379566] Could not find attributes for ewan moyes (Brechin City FC, 2013)
[2379566] Failed to build match row: Brechin City FC vs Forfar Athletic FC
[2637680] Could not find attributes for scott gibson (Queen's Park FC, 2015)
[2637680] Failed to build match row: Queen's Park FC vs Forfar Athletic FC
[3229302] Could not find attributes for stefano turati (Unione Sportiva Sassuolo Calcio, 2019)
[3229302] Failed to build match row: Juventus Football Club vs Unione Sportiva Sassuolo Calcio

Keepers & outfield error for **Rayo Vallecano de Madrid S. A. D.** in Rayo Vallecano de Madrid S. A. D. vs Real Sociedad de Fútbol S.A.D.: Numbers: 0 and 11.
[2341143] Failed to build match row: Rayo Vallecano de Madrid S. A. D. vs Real Sociedad de Fútbol S.A.D.
[2891450] Could not find attributes for georgios athanasiadis (A.G.S Asteras Tripolis, 2017)
[2891450] Failed to build match row: A.G.S Asteras Tripolis vs Athlitiki Enosi Konstantinoupoleos
Not enough players found for lineup: 11, 0.
Not enough players found for lineup: 11, 0.
[2600606] Could not find attributes for casimir ninga (Montpellier HSC, 2015)
[2711504] Failed to scrape lineup: https://www.transfermarkt.co.uk/spielbericht/index/spielbericht/2711504
[3205116] Failed to scrape lineup: https://www.transfermarkt.co.uk/spielbericht/index/spielbericht/3205116
[3066430] Failed to scrape lineup: https://www.transfermarkt.co.uk/spielbericht/index/spielbericht/3066430
[2726728] Could not find attributes for albano bizzarri (Delfino Pescara 1936, 2016)
[2600606] Failed to build match row: Montpellier HSC vs GFC Ajaccio
[2700407] Could not find attributes for jemal gogiashvili (FC Samtredia, 2016)
[3286595] Failed to scrape lineup: https://www.transfermarkt.co.uk/spielbericht/index/spielbericht/3286595
[2726728] Failed to build match row: Chievo Verona vs Delfino Pescara 1936
[2459745] Could not find attributes for christian kum (Football Club Utrecht, 2014)
[2735646] Could not find attributes for oussama haddadi (Dijon FCO, 2016)
[2489339] Failed to scrape lineup: https://www.transfermarkt.co.uk/arsenal-tula_kuban-krasnodar-2018-/index/spielbericht/2489339
[3076978] Failed to scrape lineup: https://www.transfermarkt.co.uk/spielbericht/index/spielbericht/3076978
[2459745] Failed to build match row: Football Club Utrecht vs Sportclub Heerenveen
[3081206] Failed to scrape lineup: https://www.transfermarkt.co.uk/frosinone-calcio_ac-milan/index/spielbericht/3081206
[2700407] Failed to build match row: FC Samtredia vs FK Qabala
[3252453] Failed to scrape lineup: https://www.transfermarkt.co.uk/spielbericht/index/spielbericht/3252453
[2735646] Failed to build match row: Dijon FCO vs AS Nancy-Lorraine
[2882882] Could not find attributes for roman pidkivka (Karpaty Lviv (-2021), 2017)
[2882882] Failed to build match row: Karpaty Lviv (-2021) vs PFK Stal Kamyanske (-2018)
[2911712] Could not find attributes for erik nissen (Kolding IF, 2017)
[2911712] Failed to build match row: Kolding IF vs Hobro IK
[2346157] Failed to scrape lineup: https://www.transfermarkt.co.uk/kasimpasa_akhisar-belediyespor/index/spielbericht/2346157
[2500263] Could not find attributes for vitaliy denisov (Футбольный клуб "Локомотив" Москва, 2014)
[2500263] Failed to build match row: Футбольный клуб "Локомотив" Москва vs Amkar Perm
[2609421] Failed to scrape lineup: https://www.transfermarkt.co.uk/cs-maritimo_sporting-cp/index/spielbericht/2609421
[2330966] Failed to scrape lineup: https://www.transfermarkt.co.uk/losc-lille_olympique-marseille/index/spielbericht/2330966
[2518610] Could not find attributes for dimitrios kyriakidis (AO Xanthi, 2014)
[2518610] Failed to build match row: AO Xanthi vs AO Platanias
[2683503] Could not find attributes for joaozinho (FK Krasnodar, 2015)
[2683503] Failed to build match row: PFK CSKA Moskva vs FK Krasnodar
[3219399] Could not find attributes for danny ings (Southampton FC, 2019)
[3219399] Failed to build match row: Southampton FC vs Chelsea Football Club
Not enough players found for lineup: 0, 0.
[3066431] Failed to scrape lineup: https://www.transfermarkt.co.uk/spielbericht/index/spielbericht/3066431
[2346158] Could not find attributes for korcan celikay (Sivasspor, 2013)
[2489340] Could not find attributes for stipe pletikosa (FK Rostov, 2014)
[2346158] Failed to build match row: Sivasspor vs Kardemir Karabükspor
[2489340] Failed to build match row: PFK CSKA Moskva vs FK Rostov
spielbericht/index/spielbericht/2767506
[3394728] Could not find attributes for karim aribi (Nîmes Olympique, 2020)
[3394728] Failed to build match row: Nîmes Olympique vs Dijon FCO
[2379567] Could not find attributes for daryll meggatt (Alloa Athletic FC, 2013)
[3131959] Could not find attributes for brad mckay (Inverness Caledonian Thistle FC, 2018)
[2469940] Could not find attributes for mustafa akbas (Trabzonspor Kulübü, 2014)
[2379567] Failed to build match row: Alloa Athletic FC vs Stirling Albion FC
[3131959] Failed to build match row: Inverness Caledonian Thistle FC vs East Kilbride FC
[2469940] Failed to build match row: Trabzonspor Kulübü vs Fenerbahçe Spor Kulübü

Keepers & outfield error for **Manchester United Football Club** in Aston Villa Football Club vs Manchester United Football Club: Numbers: 0 and 11.
[2518612] Could not find attributes for bojan saranov (GS Ergotelis, 2014)
[2720958] Could not find attributes for bakary bouba sare (Moreirense Futebol Clube, 2016)
[2720958] Failed to build match row: Moreirense Futebol Clube vs Boavista FC
[2518612] Failed to build match row: GS Ergotelis vs APS Atromitos Athinon
[2577885] Failed to build match row: Aston Villa Football Club vs Manchester United Football Club
[2700408] Could not find attributes for athanasios panteliadis (Omonia Nicosia, 2016)
[2700408] Failed to build match row: Omonia Nicosia vs FC Urartu Yerevan

Keepers & outfield error for **Valencia Club de Fútbol S. A. D.** in Valencia Club de Fútbol S. A. D. vs Sevilla Fútbol Club S.A.D.: Numbers: 0 and 11.
[2899646] Failed to build match row: Valencia Club de Fútbol S. A. D. vs Sevilla Fútbol Club S.A.D.
[2847899] Could not find attributes for aleksey gasilin (Amkar Perm, 2016)
[2847899] Failed to build match row: Amkar Perm vs FK Spartak Moskva
[3195546] Could not find attributes for yannick langesberg (SC Verl, 2019)
[3195546] Failed to build match row: SC Verl vs Fußball-Club Augsburg 1907
[3394729] Could not find attributes for vito mannone (Association sportive de Monaco Football Club, 2020)
[3394729] Failed to build match row: Association sportive de Monaco Football Club vs AS Saint-Étienne
[2359515] Could not find attributes for jonatan cristaldo (Bologna Football Club 1909, 2013)
[2359515] Failed to build match row: Football Club Internazionale Milano S.p.A. vs Bologna Football Club 1909
[2346159] Could not find attributes for zydrunas karcemarskas (Gaziantepspor (- 2020), 2013)
[2346159] Failed to build match row: Gaziantepspor (- 2020) vs Bursaspor
[3286596] Could not find attributes for fraser kerr (Hartlepool United, 2019)
[3286596] Failed to build match row: Exeter City vs Hartlepool United
[2478591] Could not find attributes for mauricio pinilla (Genoa Cricket and Football Club, 2014)
[2518613] Could not find attributes for xavi ginard (Veria NPS, 2014)
[3132929] Could not find attributes for mads zederkof (Kolding IF, 2018)
[2478591] Failed to build match row: Genoa Cricket and Football Club vs Società Sportiva Calcio Napoli
elbericht/2321321
[2711505] Failed to scrape lineup: https://www.transfermarkt.co.uk/spielbericht/index/spielbericht/2711505
[3132929] Failed to build match row: Kolding IF vs Fodbold Club Midtjylland
[2518613] Failed to build match row: Veria NPS vs Panthessalonikios Athlitikos Omilos Konstantinoupoliton
[3205117] Could not find attributes for martin berkovec (FK Zalgiris Vilnius, 2019)
[3252454] Could not find attributes for timothee kolodziejczak (AS Saint-Étienne, 2019)
[3205117] Failed to build match row: FK Zalgiris Vilnius vs Budapest Honvéd FC
[3252454] Failed to build match row: AS Saint-Étienne vs Verein für Leibesübungen Wolfsburg
[2911713] Could not find attributes for lasse andersen (Kjellerup IF, 2017)
[2911713] Failed to build match row: Kjellerup IF vs Silkeborg Idrætsforening
[2872216] Could not find attributes for beni baningime (Everton Football Club, 2017)
[2872216] Failed to build match row: Everton Football Club vs Watford FC
[2600607] Failed to scrape lineup: https://www.transfermarkt.co.uk/losc-lille_as-saint-etienne/index/spielbericht/2600607
[2726729] Failed to scrape lineup: https://www.transfermarkt.co.uk/inter-milan_as-roma/index/spielbericht/2726729
[3081209] Could not find attributes for albin ekdal (UC Sampdoria, 2018)
[3081209] Failed to build match row: UC Sampdoria vs Chievo Verona
[2500264] Could not find attributes for joaozinho (FK Krasnodar, 2014)
[2500264] Failed to build match row: FK Krasnodar vs Arsenal Tula
[2637681] Could not find attributes for stuart malcolm (Stenhousemuir FC, 2015)
[2637681] Failed to build match row: Stenhousemuir FC vs East Kilbride FC
[2618779] Failed to scrape lineup: https://www.transfermarkt.co.uk/spielbericht/index/spielbericht/2618779

Keepers & outfield error for **AD Alcorcón** in AD Alcorcón vs Espanol: Numbers: 2 and 9.
[2767507] Failed to build match row: AD Alcorcón vs Espanol
[2335112] Could not find attributes for aleksandr pavlenko (PFK Krylya Sovetov Samara, 2013)
[2335112] Failed to build match row: PFK Krylya Sovetov Samara vs Ural Yekaterinburg
[2700409] Could not find attributes for dino hamzic (Chikhura Sachkhere, 2016)
[2700409] Failed to build match row: Chikhura Sachkhere vs FC Zimbru Chisinau
[3132930] Could not find attributes for nikolaj stottrup hansen (Naestved Boldklub, 2018)
[3132930] Failed to build match row: Naestved Boldklub vs Aalborg BK
[2330968] Failed to scrape lineup: https://www.transfermarkt.co.uk/stade-rennais-fc_as-saint-etienne/index/spielbericht/2330968
[2720960] Could not find attributes for zizo (Clube Desportivo Nacional, 2016)
[2720960] Failed to build match row: Futebol Clube do Porto vs Clube Desportivo Nacional
[2711506] Could not find attributes for bojan saranov (Fudbalski Klub Partizan Beograd, 2016)
[2711506] Failed to build match row: Fudbalski Klub Partizan Beograd vs Zagłębie Lubin Spółka Akcyjna
[2518614] Could not find attributes for athanasios panteliadis (A.G.S Asteras Tripolis, 2014)
[2518614] Failed to build match row: A.G.S Asteras Tripolis vs Omilos Filathlon Irakliou FC
[2469941] Failed to scrape lineup: https://www.transfermarkt.co.uk/genclerbirligi-ankara_bursaspor/index/spielbericht/2469941
[2683505] Failed to scrape lineup: https://www.transfermarkt.co.uk/rubin-kazan_cska-moscow/index/spielbericht/2683505
[2577886] Failed to scrape lineup: https://www.transfermarkt.co.uk/liverpool-fc_afc-bournemouth/index/spielbericht/2577886
[2891452] Could not find attributes for themistoklis tzimopoulos (PAS Giannina, 2017)
[2891452] Failed to build match row: Panthessalonikios Athlitikos Omilos Konstantinoupoliton vs PAS Giannina
[3211508] Could not find attributes for evgeniy postnikov (FC Astana, 2019)
[2899647] Failed to scrape lineup: https://www.transfermarkt.co.uk/atletico-de-madrid_villarreal-cf/index/spielbericht/2899647
[3211508] Failed to build match row: FC Astana vs Fotbal Club CFR 1907 Cluj SA
[3195547] Failed to scrape lineup: https://www.transfermarkt.co.uk/spielbericht/index/spielbericht/3195547
[2911714] Could not find attributes for sune nissen (Varde IF, 2017)
[3132931] Could not find attributes for mikkel wohlgemuth (Vendsyssel FF, 2018)
[2911714] Failed to build match row: Varde IF vs AC Horsens
[3132931] Failed to build match row: Vendsyssel FF vs Brøndby Idrætsforening
[2518615] Could not find attributes for anestis anastasiadis (AEL Kalloni, 2014)
[2518615] Failed to build match row: AEL Kalloni vs PAS Giannina
[3394730] Failed to scrape lineup: https://www.transfermarkt.co.uk/paris-saint-germain_rc-strasbourg-alsace/index/spielbericht/3394730
[2459746] Could not find attributes for karim el ahmadi (Feyenoord Rotterdam, 2014)
[2459746] Failed to build match row: Feyenoord Rotterdam vs Football Club Twente
[2346163] Failed to scrape lineup: https://www.transfermarkt.co.uk/fenerbahce_konyaspor/index/spielbericht/2346163
[3052114] Failed to scrape lineup: https://www.transfermarkt.co.uk/vitesse-arnhem_fc-groningen/index/spielbericht/3052114
[3219401] Failed to scrape lineup: https://www.transfermarkt.co.uk/manchester-city_wolverhampton-wanderers/index/spielbericht/3219401
[3069360] Could not find attributes for mostapha el kabir (MKE Ankaragücü, 2018)
[3069360] Failed to build match row: MKE Ankaragücü vs Galatasaray Spor Kulübü
[3286597] Failed to scrape lineup: https://www.transfermarkt.co.uk/spielbericht/index/spielbericht/3286597
[2469942] Could not find attributes for yekta kurtulus (Galatasaray Spor Kulübü, 2014)
[2321322] Failed to scrape lineup: https://www.transfermarkt.co.uk/tsg-1899-hoffenheim_fc-augsburg/index/spielbericht/2321322
[2469942] Failed to build match row: Galatasaray Spor Kulübü vs Eskisehirspor
[2478592] Failed to scrape lineup: https://www.transfermarkt.co.uk/ac-milan_ss-lazio/index/spielbericht/2478592
[2711507] Could not find attributes for nemanja miletic (Fudbalski Klub Vojvodina, 2016)
[2711507] Failed to build match row: Fudbalski Klub Vojvodina vs Connah's Quay Nomads
[2735648] Failed to scrape lineup: https://www.transfermarkt.co.uk/fc-nantes_ea-guingamp/index/spielbericht/2735648

Keepers & outfield error for **Athletic Club Bilbao** in Celta vs Athletic Club Bilbao: Numbers: 2 and 9.
[3081210] Failed to scrape lineup: https://www.transfermarkt.co.uk/spal_udinese-calcio/index/spielbericht/3081210
[2899648] Failed to build match row: Celta vs Athletic Club Bilbao
[2726730] Failed to scrape lineup: https://www.transfermarkt.co.uk/us-palermo_uc-sampdoria/index/spielbericht/2726730
[2482215] Failed to scrape lineup: https://www.transfermarkt.co.uk/fc-girondins-bordeaux_fc-toulouse/index/spielbericht/2482215
[2489342] Failed to scrape lineup: https://www.transfermarkt.co.uk/lokomotiv-moskau_zenit-st-petersburg/index/spielbericht/2489342
[2379569] Could not find attributes for declan gallagher (Dundee Football Club, 2013)
[2637682] Failed to scrape lineup: https://www.transfermarkt.co.uk/spielbericht/index/spielbericht/2637682
[2500265] Failed to scrape lineup: https://www.transfermarkt.co.uk/terek-grozny_fc-rostov/index/spielbericht/2500265
[2379569] Failed to build match row: Dundee Football Club vs Raith Rovers FC
[2618780] Failed to scrape lineup: https://www.transfermarkt.co.uk/spielbericht/index/spielbericht/2618780
[2335114] Could not find attributes for sergei pareiko (Volga Nizhniy Novgorod (- 2016), 2013)
[3030594] Failed to scrape lineup: https://www.transfermarkt.co.uk/spielbericht/index/spielbericht/3030594
[2518616] Could not find attributes for nikolaos papadopoulos (Panionios Athens, 2014)
[2767508] Failed to scrape lineup: https://www.transfermarkt.co.uk/spielbericht/index/spielbericht/2767508
[2335114] Failed to build match row: Volga Nizhniy Novgorod (- 2016) vs FK Spartak Moskva
[2518616] Failed to build match row: Panionios Athens vs APO Levadiakos Football Club

Keepers & outfield error for **Odense Boldklub** in Odense Boldklub vs Esbjerg fB: Numbers: 2 and 9.
[2459747] Could not find attributes for luigi bruins (Excelsior Rotterdam, 2014)
[2346164] Could not find attributes for baris basdas (Kasımpaşa A.Ş., 2013)
[2459747] Failed to build match row: Heracles Almelo vs Excelsior Rotterdam
[3132932] Failed to build match row: Odense Boldklub vs Esbjerg fB
[2346164] Failed to build match row: Kasımpaşa A.Ş. vs Kardemir Karabükspor
[2891453] Could not find attributes for theodoros tripotseris (APO Levadiakos Football Club, 2017)

Keepers & outfield error for **Celta** in Celta vs Levante Unión Deportiva S.A.D.: Numbers: 2 and 9.
[2891453] Failed to build match row: APO Levadiakos Football Club vs Apollon Smyrnis
[2341144] Failed to build match row: Celta vs Levante Unión Deportiva S.A.D.
[3252455] Could not find attributes for yuriy pankiv (FC Oleksandriya, 2019)
[2700410] Failed to scrape lineup: https://www.transfermarkt.co.uk/spielbericht/index/spielbericht/2700410
[3252455] Failed to build match row: FC Oleksandriya vs Koninklijke Atletiek Associatie Gent
[2600609] Could not find attributes for paul baysse (Olympique Gymnaste Club Nice Côte d'Azur, 2015)
[2600609] Failed to build match row: Football Club Lorient-Bretagne Sud vs Olympique Gymnaste Club Nice Côte d'Azur
[2581794] Failed to scrape lineup: https://www.transfermarkt.co.uk/fc-ingolstadt-04_1-fsv-mainz-05/index/spielbericht/2581794

Keepers & outfield error for **Palermo FC** in Palermo FC vs UC Sampdoria: Numbers: 0 and 11.
[2478593] Failed to build match row: Palermo FC vs UC Sampdoria
[3081211] Could not find attributes for ola aina (Torino Calcio, 2018)
[3211509] Could not find attributes for teitur gestsson (HB Tórshavn, 2019)
[3081211] Failed to build match row: Torino Calcio vs FC Empoli
[3211509] Failed to build match row: HJK Helsinki vs HB Tórshavn
[2726731] Could not find attributes for sasa lukic (Torino Calcio, 2016)
[3195548] Could not find attributes for felix junghan (VfB Eichstätt, 2019)
[2942763] Could not find attributes for jerome roussillon (Montpellier HSC, 2017)
[3195548] Failed to build match row: VfB Eichstätt vs Hertha BSC
[2577887] Failed to scrape lineup: https://www.transfermarkt.co.uk/manchester-city_chelsea-fc/index/spielbericht/2577887
[2726731] Failed to build match row: Associazione Calcio Fiorentina vs Torino Calcio
[2942763] Failed to build match row: Montpellier HSC vs Toulouse Football Club

Keepers & outfield error for **Athletic Club Bilbao** in Athletic Club Bilbao vs Futbol Club Barcelona: Numbers: 2 and 9.
[2459748] Could not find attributes for orlando engelaar (Football Club Twente, 2014)
[2683506] Could not find attributes for david dzakhov (Amkar Perm, 2015)
[2899649] Failed to build match row: Athletic Club Bilbao vs Futbol Club Barcelona
[2379570] Could not find attributes for sanel jahic (St. Johnstone FC, 2013)
[2346165] Could not find attributes for vanja ivesa (Elazigspor, 2013)
[2683506] Failed to build match row: FK Krasnodar vs Amkar Perm
[2459748] Failed to build match row: Football Club Twente vs Heracles Almelo
[3132933] Could not find attributes for ola aina (Torino Calcio, 2018)
[2346165] Failed to build match row: Elazigspor vs Akhisarspor
[3132933] Failed to build match row: Torino Calcio vs Associazione Calcio Fiorentina
[2379570] Failed to build match row: St. Johnstone FC vs Livingston Football Club
[3252456] Could not find attributes for ponck (İstanbul Başakşehir Futbol Kulübü, 2019)
[3252456] Failed to build match row: İstanbul Başakşehir Futbol Kulübü vs Mönchengladbach
[2518617] Could not find attributes for kevin olimpa (AO Platanias, 2014)
[2518617] Failed to build match row: AO Platanias vs AOK Kerkyra

Keepers & outfield error for **Fenerbahçe Spor Kulübü** in Molde Fotballklubb vs Fenerbahçe Spor Kulübü: Numbers: 0 and 11.
[2618781] Failed to build match row: Molde Fotballklubb vs Fenerbahçe Spor Kulübü

Keepers & outfield error for **Associazione Calcio Fiorentina** in Associazione Sportiva Roma vs Associazione Calcio Fiorentina: Numbers: 0 and 11.
[2478594] Failed to build match row: Associazione Sportiva Roma vs Associazione Calcio Fiorentina
[2700411] Could not find attributes for grega sorcan (ND Gorica, 2016)
[2700411] Failed to build match row: ND Gorica vs Maccabi Tel Aviv
[3394731] Failed to scrape lineup: https://www.transfermarkt.co.uk/stade-rennais-fc_fc-metz/index/spielbericht/3394731
[2847900] Could not find attributes for georgiy zotov (PFK Krylya Sovetov Samara, 2016)
[3219402] Failed to scrape lineup: https://www.transfermarkt.co.uk/brighton-amp-hove-albion_tottenham-hotspur/index/spielbericht/3219402
[2847900] Failed to build match row: PFK Krylya Sovetov Samara vs AO FK Zenit Sankt-Peterburg
[2359516] Could not find attributes for tiberio guarente (Chievo Verona, 2013)
[2359516] Failed to build match row: Chievo Verona vs Verona Hellas Football Club
[3069361] Failed to scrape lineup: https://www.transfermarkt.co.uk/basaksehir-fk_trabzonspor/index/spielbericht/3069361
[2720961] Failed to scrape lineup: https://www.transfermarkt.co.uk/cf-os-belenenses_gd-chaves/index/spielbericht/2720961
[3286598] Failed to scrape lineup: https://www.transfermarkt.co.uk/spielbericht/index/spielbericht/3286598
[3229305] Failed to scrape lineup: https://www.transfermarkt.co.uk/parma-calcio-1913_ac-milan/index/spielbericht/3229305
[2911715] Failed to scrape lineup: https://www.transfermarkt.co.uk/spielbericht/index/spielbericht/2911715

Keepers & outfield error for **Società Sportiva Lazio S.p.A.** in Società Sportiva Lazio S.p.A. vs Udinese Calcio: Numbers: 2 and 9.
[2321323] Failed to scrape lineup: https://www.transfermarkt.co.uk/sc-freiburg_eintracht-braunschweig/index/spielbericht/2321323
[2726732] Failed to build match row: Società Sportiva Lazio S.p.A. vs Udinese Calcio
[2882883] Could not find attributes for bogdan shust (Vorskla Poltava, 2017)
[2882883] Failed to build match row: Vorskla Poltava vs Futbolniy Klub Dynamo Kyiv
[3098045] Failed to scrape lineup: https://www.transfermarkt.co.uk/spielbericht/index/spielbericht/3098045
[2735649] Failed to scrape lineup: https://www.transfermarkt.co.uk/sm-caen_stade-rennais-fc/index/spielbericht/2735649
[2346166] Could not find attributes for korcan celikay (Sivasspor, 2013)
[2346166] Failed to build match row: Sivasspor vs Kayserispor Kulübü

Keepers & outfield error for **Sport Lisboa e Benfica** in Sport Lisboa e Benfica vs Académica Coimbra: Numbers: 0 and 11.
[2891454] Could not find attributes for dimitrios nikolaou (Olympiakos Syndesmos Filathlon Peiraios, 2017)
[2335116] Could not find attributes for martin jiranek (Tom Tomsk, 2013)
[2518618] Could not find attributes for stathis tavlaridis (Panathinaikos Athlitikos Omilos, 2014)
[2891454] Failed to build match row: Olympiakos Syndesmos Filathlon Peiraios vs APS Atromitos Athinon
[2767509] Failed to scrape lineup: https://www.transfermarkt.co.uk/spielbericht/index/spielbericht/2767509
[2489343] Failed to scrape lineup: https://www.transfermarkt.co.uk/fc-krasnodar_dinamo-moscow/index/spielbericht/2489343
[2609422] Failed to build match row: Sport Lisboa e Benfica vs Académica Coimbra

Keepers & outfield error for **Wolverhampton Wanderers Football Club** in Wolverhampton Wanderers Football Club vs Watford FC: Numbers: 0 and 11.
[2589169] Could not find attributes for stanley elbers (Excelsior Rotterdam, 2015)
[2335116] Failed to build match row: FC Rubin Kazan vs Tom Tomsk

Keepers & outfield error for **Vitesse Arnhem** in Vitesse Arnhem vs F.C.V. Farul Constanța SA: Numbers: 0 and 11.
[2518618] Failed to build match row: Panathinaikos Athlitikos Omilos vs Olympiakos Syndesmos Filathlon Peiraios
[2589169] Failed to build match row: Excelsior Rotterdam vs Sportclub Heerenveen
[2618782] Could not find attributes for jozo simunovic (The Celtic Football Club, 2015)
[3219403] Failed to build match row: Wolverhampton Wanderers Football Club vs Watford FC
[3205118] Failed to build match row: Neftchi Baku vs CSF Speranta Nisporeni (- 2021)
[3076979] Failed to build match row: Vitesse Arnhem vs F.C.V. Farul Constanța SA
[2618782] Failed to build match row: The Celtic Football Club vs AFC Ajax Amsterdam
[3394732] Could not find attributes for yuto nagatomo (Olympique de Marseille, 2020)
[3394732] Failed to build match row: Angers Sporting Club de l'Ouest vs Olympique de Marseille
[2700412] Could not find attributes for vladimir plotnikov (Kairat Almaty, 2016)
[2700412] Failed to build match row: Kairat Almaty vs KF Teuta
[2577888] Could not find attributes for jonathan howson (Norwich City, 2015)
[3031047] Could not find attributes for dmitriy kabutov (SKA Khabarovsk, 2017)
[2577888] Failed to build match row: Sunderland Association Football Club vs Norwich City
[3031047] Failed to build match row: SKA Khabarovsk vs FK Krasnodar

Keepers & outfield error for **Rayo Vallecano de Madrid S. A. D.** in Rayo Vallecano de Madrid S. A. D. vs Real Valladolid CF: Numbers: 0 and 11.
[2341145] Failed to build match row: Rayo Vallecano de Madrid S. A. D. vs Real Valladolid CF
Not enough players found for lineup: 0, 0.
[2637683] Could not find attributes for scott rumsby (Stranraer FC, 2015)
[2883223] Failed to scrape lineup: https://www.transfermarkt.co.uk/spielbericht/index/spielbericht/2883223
[2637683] Failed to build match row: Stranraer FC vs Buckie Thistle FC
[2683507] Could not find attributes for giorgiy shelia (FK Ufa, 2015)
[2683507] Failed to build match row: FK Ufa vs FK Spartak Moskva
[3195549] Could not find attributes for florian esdorf (FSV Wacker Nordhausen, 2019)
[3195549] Failed to build match row: FSV Wacker Nordhausen vs FC Erzgebirge Aue
[2891455] Could not find attributes for spyros risvanis (APS Atromitos Athinon, 2017)
[2847901] Could not find attributes for dmitriy loskov (Футбольный клуб "Локомотив" Москва, 2016)
[2891455] Failed to build match row: APS Atromitos Athinon vs A.G.S Asteras Tripolis
[2847901] Failed to build match row: Футбольный клуб "Локомотив" Москва vs FC Orenburg

Keepers & outfield error for **Wolverhampton Wanderers Football Club** in Beşiktaş Jimnastik Kulübü vs Wolverhampton Wanderers Football Club: Numbers: 0 and 11.
[3252458] Failed to build match row: Beşiktaş Jimnastik Kulübü vs Wolverhampton Wanderers Football Club
[2589170] Could not find attributes for hedwiges maduro (Football Club Groningen, 2015)
[2335117] Could not find attributes for joaozinho (FK Krasnodar, 2013)
[2589170] Failed to build match row: Football Club Groningen vs Roda JC Kerkrade
[3219404] Could not find attributes for danny ings (Southampton FC, 2019)
[3219404] Failed to build match row: Tottenham Hotspur Football Club vs Southampton FC
[3286599] Could not find attributes for paul rooney (Dover Athletic, 2019)
[3286599] Failed to build match row: Peterborough United vs Dover Athletic
[2711508] Could not find attributes for roland szolnoki (Videoton FC, 2016)
[2711508] Failed to build match row: Videoton FC vs Fudbalski klub Čukarički Beograd
[2321325] Could not find attributes for milos jojic (Borussia Dortmund, 2013)
[2321325] Failed to build match row: Borussia Dortmund vs 1. Fußball- und Sportverein Mainz 05
[3132934] Could not find attributes for mattia destro (Bologna Football Club 1909, 2018)
[3132934] Failed to build match row: Bologna Football Club 1909 vs Juventus Football Club
[2883604] Could not find attributes for ponck (Desportivo Aves (- 2020), 2017)
[2883604] Failed to build match row: Desportivo Aves (- 2020) vs Sporting Clube de Portugal
[2482219] Could not find attributes for rod fanni (Olympique de Marseille, 2014)
[2482219] Failed to build match row: Olympique de Marseille vs Racing Club de Lens
[2942765] Failed to scrape lineup: https://www.transfermarkt.co.uk/olympique-lyon_paris-saint-germain/index/spielbericht/2942765
[2891456] Could not find attributes for themistoklis tzimopoulos (PAS Giannina, 2017)
[2720962] Failed to scrape lineup: https://www.transfermarkt.co.uk/estoril-praia_rio-ave-fc/index/spielbericht/2720962
[2359517] Failed to scrape lineup: https://www.transfermarkt.co.uk/juventus-fc_as-livorno/index/spielbericht/2359517
[2891456] Failed to build match row: Panathinaikos Athlitikos Omilos vs PAS Giannina
[3229306] Failed to scrape lineup: https://www.transfermarkt.co.uk/atalanta-bc_hellas-verona/index/spielbericht/3229306
[2911717] Failed to scrape lineup: https://www.transfermarkt.co.uk/spielbericht/index/spielbericht/2911717
[2726733] Failed to scrape lineup: https://www.transfermarkt.co.uk/ac-milan_chievo-verona/index/spielbericht/2726733
[3081213] Failed to scrape lineup: https://www.transfermarkt.co.uk/fc-empoli_inter-milan/index/spielbericht/3081213

Keepers & outfield error for **Çaykur Rizespor Kulübü** in Çaykur Rizespor Kulübü vs Kasımpaşa A.Ş.: Numbers: 0 and 11.
[2700414] Could not find attributes for mladen lucic (FK Radnik Bijeljina, 2016)
[3069362] Failed to build match row: Çaykur Rizespor Kulübü vs Kasımpaşa A.Ş.
[2700414] Failed to build match row: FK Radnik Bijeljina vs Beroe Stara Zagora
[2600610] Could not find attributes for johan martial (ESTAC Troyes, 2015)
[2600610] Failed to build match row: ESTAC Troyes vs Toulouse Football Club
[2589171] Could not find attributes for kosuke ota (Vitesse Arnhem, 2015)
[2589171] Failed to build match row: Eindhovense Voetbalvereniging Philips Sport Vereniging vs Vitesse Arnhem
[2899651] Failed to scrape lineup: https://www.transfermarkt.co.uk/real-sociedad_sd-eibar/index/spielbericht/2899651
[2359518] Could not find attributes for giovanni marchese (Genoa Cricket and Football Club, 2013)
[2359518] Failed to build match row: Genoa Cricket and Football Club vs Associazione Calcio Milan
[2379572] Could not find attributes for kevin kyle (Ayr United FC, 2013)
[2379572] Failed to build match row: Ayr United FC vs Dunfermline Athletic FC
[2720963] Could not find attributes for heliardo (Clube Desportivo de Tondela, 2016)
[2720963] Failed to build match row: FC Paços de Ferreira vs Clube Desportivo de Tondela
[2767510] Failed to scrape lineup: https://www.transfermarkt.co.uk/spielbericht/index/spielbericht/2767510
[2609423] Failed to scrape lineup: https://www.transfermarkt.co.uk/moreirense-fc_sc-braga/index/spielbericht/2609423
[2618783] Failed to scrape lineup: https://www.transfermarkt.co.uk/spielbericht/index/spielbericht/2618783
[2518619] Failed to scrape lineup: https://www.transfermarkt.co.uk/panthrakikos-komotini_panetolikos-gfs/index/spielbericht/2518619
[2581809] Failed to scrape lineup: https://www.transfermarkt.co.uk/bayer-04-leverkusen_hannover-96/index/spielbericht/2581809
[3394733] Failed to scrape lineup: https://www.transfermarkt.co.uk/montpellier-hsc_losc-lille/index/spielbericht/3394733
[3076980] Failed to scrape lineup: https://www.transfermarkt.co.uk/spielbericht/index/spielbericht/3076980
[2469944] Failed to scrape lineup: https://www.transfermarkt.co.uk/gaziantepspor_kayseri-erciyesspor/index/spielbericht/2469944

Keepers & outfield error for **Genoa Cricket and Football Club** in Genoa Cricket and Football Club vs Associazione Calcio Fiorentina: Numbers: 2 and 9.
[2478596] Failed to scrape lineup: https://www.transfermarkt.co.uk/torino-fc_inter-milan/index/spielbericht/2478596

Keepers & outfield error for **Paris Saint-Germain Football Club** in Rennes vs Paris Saint-Germain Football Club: Numbers: 2 and 9.
[3081214] Failed to build match row: Genoa Cricket and Football Club vs Associazione Calcio Fiorentina
[2330973] Failed to build match row: Rennes vs Paris Saint-Germain Football Club

Keepers & outfield error for **Association sportive de Monaco Football Club** in Association sportive de Monaco Football Club vs Stade Reims: Numbers: 2 and 9.
[2482221] Failed to build match row: Association sportive de Monaco Football Club vs Stade Reims
[3031048] Failed to scrape lineup: https://www.transfermarkt.co.uk/fc-tosno-2018-_dinamo-moscow/index/spielbericht/3031048
[2637684] Failed to scrape lineup: https://www.transfermarkt.co.uk/spielbericht/index/spielbericht/2637684
 to scrape lineup: https://www.transfermarkt.co.uk/vvv-venlo_ajax-amsterdam/index/spielbericht/3052118
[2346167] Failed to build match row: Gençlerbirliği Spor Kulübü vs Çaykur Rizespor Kulübü
[2577889] Failed to scrape lineup: https://www.transfermarkt.co.uk/crystal-palace_arsenal-fc/index/spielbericht/2577889
[2683508] Failed to scrape lineup: https://www.transfermarkt.co.uk/terek-grozny_fc-rostov/index/spielbericht/2683508
[2872222] Failed to scrape lineup: https://www.transfermarkt.co.uk/swansea-city_brighton-amp-hove-albion/index/spielbericht/2872222
[2847902] Failed to scrape lineup: https://www.transfermarkt.co.uk/tom-tomsk_terek-grozny/index/spielbericht/2847902
[2489355] Could not find attributes for dele adeleye (Omilos Filathlon Irakliou FC, 2014)
[2489355] Failed to build match row: Omilos Filathlon Irakliou FC vs Panetolikos Agrinio

Keepers & outfield error for **Vitória Setúbal FC** in CS Marítimo vs Vitória Setúbal FC: Numbers: 0 and 11.
[2720964] Failed to build match row: CS Marítimo vs Vitória Setúbal FC
[2335118] Failed to scrape lineup: https://www.transfermarkt.co.uk/amkar-perm_fk-rostov/index/spielbericht/2335118
[3219405] Failed to scrape lineup: https://www.transfermarkt.co.uk/liverpool-fc_leicester-city/index/spielbericht/3219405
[2321328] Could not find attributes for julian brandt (Bayer 04 Leverkusen Fußball, 2013)
[2321328] Failed to build match row: 1.FC Nuremberg vs Bayer 04 Leverkusen Fußball
[2711509] Failed to scrape lineup: https://www.transfermarkt.co.uk/spielbericht/index/spielbericht/2711509
[2726735] Could not find attributes for massimo maccarone (FC Empoli, 2016)
[2726735] Failed to build match row: FC Empoli vs Genoa Cricket and Football Club
[3081215] Could not find attributes for albin ekdal (UC Sampdoria, 2018)
[3081215] Failed to build match row: Juventus Football Club vs UC Sampdoria
[2883605] Failed to scrape lineup: https://www.transfermarkt.co.uk/sl-benfica_sc-braga/index/spielbericht/2883605
[3132935] Failed to scrape lineup: https://www.transfermarkt.co.uk/spielbericht/index/spielbericht/3132935
[2379573] Could not find attributes for scott taggart (Greenock Morton FC, 2013)
[2379573] Failed to build match row: Inverness Caledonian Thistle FC vs Greenock Morton FC
[2346168] Could not find attributes for aykut demir (Trabzonspor Kulübü, 2013)
[2346168] Failed to build match row: Trabzonspor Kulübü vs Beşiktaş Jimnastik Kulübü
[2942766] Failed to scrape lineup: https://www.transfermarkt.co.uk/rc-strasbourg-alsace_dijon-fco/index/spielbericht/2942766
[2891457] Failed to scrape lineup: https://www.transfermarkt.co.uk/ao-xanthi_aek-athens/index/spielbericht/2891457
[3229307] Failed to scrape lineup: https://www.transfermarkt.co.uk/bologna-fc-1909_ac-milan/index/spielbericht/3229307
[2735651] Could not find attributes for mickael nade (AS Saint-Étienne, 2016)
[2735651] Failed to build match row: AS Nancy-Lorraine vs AS Saint-Étienne

Keepers & outfield error for **Ural Yekaterinburg** in Ural Yekaterinburg vs Kuban Krasnodar (-2018): Numbers: 2 and 9.
[2683509] Failed to build match row: Ural Yekaterinburg vs Kuban Krasnodar (-2018)
[3195551] Failed to scrape lineup: https://www.transfermarkt.co.uk/spielbericht/index/spielbericht/3195551
[2911718] Failed to scrape lineup: https://www.transfermarkt.co.uk/spielbericht/index/spielbericht/2911718
[2341146] Failed to scrape lineup: https://www.transfermarkt.co.uk/athletic-bilbao_elche-cf/index/spielbericht/2341146
[2700415] Failed to scrape lineup: https://www.transfermarkt.co.uk/spielbericht/index/spielbericht/2700415
[2489356] Could not find attributes for ernestas setkus (AOK Kerkyra, 2014)
[2489356] Failed to build match row: AOK Kerkyra vs Panthrakikos Komotini
[3286600] Could not find attributes for luke matheson (Rochdale AFC, 2019)
[3286600] Failed to build match row: Rochdale AFC vs Boston United

Keepers & outfield error for **Mönchengladbach** in Sport-Club Freiburg vs Mönchengladbach: Numbers: 2 and 9.
72
[2899652] Failed to scrape lineup: https://www.transfermarkt.co.uk/deportivo-de-la-coruna_atletico-de-madrid/index/spielbericht/2899652
[3132936] Could not find attributes for darijo srna (Cagliari Calcio, 2018)
[2321329] Failed to build match row: Sport-Club Freiburg vs Mönchengladbach
[3132936] Failed to build match row: Cagliari Calcio vs Atalanta Bergamasca Calcio S.p.a.

Keepers & outfield error for **Cagliari Calcio** in Cagliari Calcio vs Football Club Internazionale Milano S.p.A.: Numbers: 0 and 11.
[2726736] Failed to build match row: Cagliari Calcio vs Football Club Internazionale Milano S.p.A.
[2891458] Could not find attributes for athanasios panteliadis (PAS Lamia 1964, 2017)
[2891458] Failed to build match row: PAS Lamia 1964 vs Panionios Athens
Not enough players found for lineup: 0, 11.
[2911722] Failed to scrape lineup: https://www.transfermarkt.co.uk/spielbericht/index/spielbericht/2911722

Keepers & outfield error for **Olympiakos Syndesmos Filathlon Peiraios** in Olympiakos Syndesmos Filathlon Peiraios vs Niki Volou: Numbers: 0 and 11.
[2489357] Failed to build match row: Olympiakos Syndesmos Filathlon Peiraios vs Niki Volou
[2346169] Could not find attributes for Bojan Jorgacevic (Kayseri Erciyesspor, 2013)
[2346169] Failed to build match row: Kayseri Erciyesspor vs Antalyaspor
ericht/index/spielbericht/2767511
[2500389] Failed to scrape lineup: https://www.transfermarkt.co.uk/spielbericht/index/spielbericht/2500389
[2711510] Could not find attributes for vladimir bushma (Shakhter Soligorsk, 2016)
[2711510] Failed to build match row: Shakhter Soligorsk vs NK Domzale
[2589173] Could not find attributes for christian kum (Football Club Utrecht, 2015)
[2589173] Failed to build match row: Football Club Utrecht vs De Graafschap Doetinchem
[2581810] Failed to scrape lineup: https://www.transfermarkt.co.uk/vfl-wolfsburg_1-fc-koln/index/spielbericht/2581810
[3394734] Failed to scrape lineup: https://www.transfermarkt.co.uk/as-saint-etienne_paris-saint-germain/index/spielbericht/3394734
[2469945] Failed to scrape lineup: https://www.transfermarkt.co.uk/kardemir-karabukspor_basaksehir-fk/index/spielbericht/2469945
[3076981] Failed to scrape lineup: https://www.transfermarkt.co.uk/spielbericht/index/spielbericht/3076981
[2482222] Failed to scrape lineup: https://www.transfermarkt.co.uk/montpellier-hsc_fc-evian-thonon-gaillard/index/spielbericht/2482222
[2518620] Failed to scrape lineup: https://www.transfermarkt.co.uk/apo-levadiakos_ael-kalloni/index/spielbericht/2518620
[2478597] Failed to scrape lineup: https://www.transfermarkt.co.uk/udinese-calcio_fc-empoli/index/spielbericht/2478597
[3031049] Failed to scrape lineup: https://www.transfermarkt.co.uk/lokomotiv-moscow_zenit-st-petersburg/index/spielbericht/3031049
[2638711] Failed to scrape lineup: https://www.transfermarkt.co.uk/spielbericht/index/spielbericht/2638711
[3052119] Failed to scrape lineup: https://www.transfermarkt.co.uk/fortuna-sittard_psv-eindhoven/index/spielbericht/3052119
[3195552] Could not find attributes for christian ortag (SSV Ulm 1846, 2019)
[3195552] Failed to build match row: SSV Ulm 1846 vs 1. Fußballclub Heidenheim 1846
[2577890] Failed to scrape lineup: https://www.transfermarkt.co.uk/tottenham-hotspur_stoke-city/index/spielbericht/2577890
[2600611] Could not find attributes for antoine devaux (Stade Reims, 2015)
[2600611] Failed to build match row: EA Guingamp vs Stade Reims
[2847903] Failed to scrape lineup: https://www.transfermarkt.co.uk/fc-ufa_anzhi-makhachkala-2022-/index/spielbericht/2847903
[2359520] Failed to scrape lineup: https://www.transfermarkt.co.uk/cagliari-calcio_as-roma/index/spielbericht/2359520
65
[2589174] Could not find attributes for ouasim bouy (Prins Hendrik Ende Desespereert Nimmer Combinatie Zwolle, 2015)

Keepers & outfield error for **Lille Olympique Sporting Club** in Lille Olympique Sporting Club vs Angers Sporting Club de l'Ouest: Numbers: 2 and 9.
[2489358] Could not find attributes for georgios kantimiris (Veria NPS, 2014)

Keepers & outfield error for **West Ham United Football Club** in Association Football Club Bournemouth vs West Ham United Football Club: Numbers: 2 and 9.
[2609425] Failed to scrape lineup: https://www.transfermarkt.co.uk/cf-uniao-madeira-2021-_cd-tondela/index/spielbericht/2609425
[2589174] Failed to build match row: Prins Hendrik Ende Desespereert Nimmer Combinatie Zwolle vs Nijmegen Eendracht Combinatie
[3394735] Failed to build match row: Lille Olympique Sporting Club vs Angers Sporting Club de l'Ouest
[2489358] Failed to build match row: Veria NPS vs AO Xanthi
b Bournemouth vs West Ham United Football Club
[2500390] Could not find attributes for inigo romera (UE Cornellà, 2014)
[2500390] Failed to build match row: UE Cornellà vs SD Leioa
[2459749] Could not find attributes for sinan bytyqi (SC Cambuur Leeuwarden, 2014)
[2459749] Failed to build match row: SC Cambuur Leeuwarden vs Eindhovense Voetbalvereniging Philips Sport Vereniging
[2335120] Could not find attributes for artem radkov (RFK Akhmat Grozny, 2013)
[2335120] Failed to build match row: Kuban Krasnodar (-2018) vs RFK Akhmat Grozny
[2581811] Could not find attributes for daniel schwaab (Verein für Bewegungsspiele Stuttgart 1893, 2015)
[2581811] Failed to build match row: Verein für Bewegungsspiele Stuttgart 1893 vs Hamburger Sport Verein
[2711511] Could not find attributes for iliya milanov (Beroe Stara Zagora, 2016)
[2711511] Failed to build match row: Beroe Stara Zagora vs HJK Helsinki
[2379773] Failed to scrape lineup: https://www.transfermarkt.co.uk/spielbericht/index/spielbericht/2379773
[2872224] Failed to scrape lineup: https://www.transfermarkt.co.uk/west-ham-united_liverpool-fc/index/spielbericht/2872224
[2942767] Failed to scrape lineup: https://www.transfermarkt.co.uk/amiens-sc_ea-guingamp/index/spielbericht/2942767
[2891459] Could not find attributes for enea mihaj (Panetolikos Agrinio, 2017)
[2891459] Failed to build match row: Panetolikos Agrinio vs APO Levadiakos Football Club
[3132937] Could not find attributes for michele pellizzer (Virtus Entella, 2018)
[3132937] Failed to build match row: Associazione Sportiva Roma vs Virtus Entella
[2518621] Could not find attributes for charalampos damianakis (Omilos Filathlon Irakliou FC, 2014)
[2518621] Failed to build match row: Omilos Filathlon Irakliou FC vs Panthrakikos Komotini
[2683510] Failed to scrape lineup: https://www.transfermarkt.co.uk/dinamo-moscow_zenit-st-petersburg/index/spielbericht/2683510
[3031050] Could not find attributes for dmitriy skopintsev (FK Rostov, 2017)
[3031050] Failed to build match row: FK Spartak Moskva vs FK Rostov
[2735652] Failed to scrape lineup: https://www.transfermarkt.co.uk/fc-lorient_fc-girondins-bordeaux/index/spielbericht/2735652
[2341147] Failed to scrape lineup: https://www.transfermarkt.co.uk/granada-cf_atletico-de-madrid/index/spielbericht/2341147
[2469946] Could not find attributes for tita (Mersin Talimyurdu SK, 2014)
[2469946] Failed to build match row: Kasımpaşa A.Ş. vs Mersin Talimyurdu SK
[3211510] Could not find attributes for pavel londak (Kalju FC, 2019)
[2609426] Could not find attributes for kuca (CF Os Belenenses, 2015)
[3211510] Failed to build match row: Kalju FC vs Shkendija Tetovo
[2609426] Failed to build match row: Académica Coimbra vs CF Os Belenenses
[2720966] Could not find attributes for ponck (GD Chaves, 2016)
[2720966] Failed to build match row: GD Chaves vs Sporting Clube de Braga
[2359521] Could not find attributes for keita balde (Società Sportiva Lazio S.p.A., 2013)
[2359521] Failed to build match row: Società Sportiva Lazio S.p.A. vs UC Sampdoria
[2589175] Could not find attributes for stanley elbers (Excelsior Rotterdam, 2015)
[2589175] Failed to build match row: Football Club Twente vs Excelsior Rotterdam
[3286601] Failed to scrape lineup: https://www.transfermarkt.co.uk/spielbericht/index/spielbericht/3286601
[2899653] Failed to scrape lineup: https://www.transfermarkt.co.uk/malaga-cf_deportivo-de-la-coruna/index/spielbericht/2899653
[2459750] Could not find attributes for gino coutinho (Excelsior Rotterdam, 2014)
[3229309] Failed to scrape lineup: https://www.transfermarkt.co.uk/ss-lazio_juventus-fc/index/spielbericht/3229309
[2459750] Failed to build match row: FC Dordrecht vs Excelsior Rotterdam
[2942768] Failed to scrape lineup: https://www.transfermarkt.co.uk/sm-caen_olympique-marseille/index/spielbericht/2942768
[2683511] Could not find attributes for rifat zhemaletdinov (Футбольный клуб "Локомотив" Москва, 2015)
[2735653] Failed to scrape lineup: https://www.transfermarkt.co.uk/losc-lille_fc-nantes/index/spielbericht/2735653
[2683511] Failed to build match row: Футбольный клуб "Локомотив" Москва vs Mordovia Saransk (-2020)
[2581812] Could not find attributes for szabolcs huszti (Eintracht Frankfurt Fußball AG, 2015)
[2581812] Failed to build match row: Fußball-Club Augsburg 1907 vs Eintracht Frankfurt Fußball AG
[2500391] Could not find attributes for manu palancar (Real Balompédica Linense, 2014)
[2335121] Could not find attributes for jeremy bokila (RFK Akhmat Grozny, 2013)
[3394736] Could not find attributes for vito mannone (Association sportive de Monaco Football Club, 2020)
[2500391] Failed to build match row: Real Balompédica Linense vs Cádiz CF
[3394736] Failed to build match row: Football Club Lorient-Bretagne Sud vs Association sportive de Monaco Football Club
[2335121] Failed to build match row: RFK Akhmat Grozny vs FK Krasnodar

Keepers & outfield error for **Rio Ave Futebol Clube** in Rio Ave Futebol Clube vs CF Os Belenenses: Numbers: 4 and 7.
[2883607] Failed to build match row: Rio Ave Futebol Clube vs CF Os Belenenses
[2346170] Could not find attributes for zydrunas karcemarskas (Gaziantepspor (- 2020), 2013)
[2346170] Failed to build match row: Gaziantepspor (- 2020) vs Galatasaray Spor Kulübü
[3205119] Could not find attributes for renato gojkovic (HSK Zrinjski Mostar, 2019)
[3205119] Failed to build match row: HSK Zrinjski Mostar vs AP Brera
[2459751] Could not find attributes for aleksandar bjelica (Prins Hendrik Ende Desespereert Nimmer Combinatie Zwolle, 2014)
[2459751] Failed to build match row: Prins Hendrik Ende Desespereert Nimmer Combinatie Zwolle vs Alkmaar Zaanstreek
[2577891] Failed to scrape lineup: https://www.transfermarkt.co.uk/west-ham-united_leicester-city/index/spielbericht/2577891
[2638712] Failed to scrape lineup: https://www.transfermarkt.co.uk/spielbericht/index/spielbericht/2638712

Keepers & outfield error for **Unione Sportiva Lecce** in Unione Sportiva Lecce vs Genoa Cricket and Football Club: Numbers: 0 and 11.
[2720967] Could not find attributes for carlinhos (Grupo Desportivo Estoril Praia, 2016)
[3229310] Failed to build match row: Unione Sportiva Lecce vs Genoa Cricket and Football Club
[2720967] Failed to build match row: Vitória Sport Clube vs Grupo Desportivo Estoril Praia
[2330975] Failed to scrape lineup: https://www.transfermarkt.co.uk/sc-bastia_montpellier-hsc/index/spielbericht/2330975

Keepers & outfield error for **Celta** in Celta vs Futbol Club Barcelona: Numbers: 2 and 9.
[2341148] Failed to build match row: Celta vs Futbol Club Barcelona
[2600612] Failed to scrape lineup: https://www.transfermarkt.co.uk/as-monaco_sm-caen/index/spielbericht/2600612
[2767512] Could not find attributes for agus ojeda (SD Formentera, 2016)
[2767512] Failed to build match row: SD Formentera vs Sevilla Fútbol Club S.A.D.
[2942769] Could not find attributes for ludovic baal (Rennes, 2017)
[2942769] Failed to build match row: Rennes vs Angers Sporting Club de l'Ouest
[2618784] Failed to scrape lineup: https://www.transfermarkt.co.uk/spielbericht/index/spielbericht/2618784
[3219409] Failed to scrape lineup: https://www.transfermarkt.co.uk/crystal-palace_norwich-city/index/spielbericht/3219409

Keepers & outfield error for **Catania FC** in Catania FC vs Torino Calcio: Numbers: 2 and 9.
[2359523] Failed to build match row: Catania FC vs Torino Calcio
[2911723] Could not find attributes for kasper vilfort (Brönshöj Boldklub, 2017)
[3052121] Could not find attributes for maarten paes (Football Club Utrecht, 2018)
[2911723] Failed to build match row: Brönshöj Boldklub vs Naestved Boldklub
[3286602] Could not find attributes for alex gudger (Solihull Moors, 2019)
[2469947] Could not find attributes for didier zokora (Akhisarspor, 2014)
[2726740] Failed to scrape lineup: https://www.transfermarkt.co.uk/torino-fc_us-palermo/index/spielbericht/2726740
[2489359] Failed to scrape lineup: https://www.transfermarkt.co.uk/pas-giannina_asteras-tripolis/index/spielbericht/2489359
[2500392] Failed to scrape lineup: https://www.transfermarkt.co.uk/spielbericht/index/spielbericht/2500392
[2335122] Failed to scrape lineup: https://www.transfermarkt.co.uk/krylya-sovetov-samara_zenit-st-petersburg/index/spielbericht/2335122
[3052121] Failed to build match row: Football Club Utrecht vs Prins Hendrik Ende Desespereert Nimmer Combinatie Zwolle
[2469947] Failed to build match row: Akhisarspor vs Sivasspor
[3286602] Failed to build match row: Solihull Moors vs Rotherham United
[2638713] Failed to scrape lineup: https://www.transfermarkt.co.uk/spielbericht/index/spielbericht/2638713
[3031052] Failed to scrape lineup: https://www.transfermarkt.co.uk/cska-moscow_arsenal-tula/index/spielbericht/3031052
[3098047] Could not find attributes for dusan jovancic (Fudbalski klub Crvena zvezda Beograd, 2018)
[3098047] Failed to build match row: Fudbalski klub Crvena zvezda Beograd vs Paris Saint-Germain Football Club
[3132938] Could not find attributes for elia benedettini (Novara Calcio 1908, 2018)
[2720968] Failed to scrape lineup: https://www.transfermarkt.co.uk/vitoria-setubal-fc_cd-feirense/index/spielbericht/2720968
[3132938] Failed to build match row: Società Sportiva Lazio S.p.A. vs Novara Calcio 1908
[2735654] Could not find attributes for rod fanni (Olympique de Marseille, 2016)
[2735654] Failed to build match row: Olympique de Marseille vs SC Bastia

Keepers & outfield error for **Paris Saint-Germain Football Club** in Angers Sporting Club de l'Ouest vs Paris Saint-Germain Football Club: Numbers: 2 and 9.
[2618785] Failed to scrape lineup: https://www.transfermarkt.co.uk/spielbericht/index/spielbericht/2618785
[2609427] Failed to scrape lineup: https://www.transfermarkt.co.uk/boavista-fc_estoril-praia/index/spielbericht/2609427
[2600613] Failed to build match row: Angers Sporting Club de l'Ouest vs Paris Saint-Germain Football Club
[2847905] Could not find attributes for nikita gvineyskiy (Tom Tomsk, 2016)
[2346171] Could not find attributes for serdar aziz (Bursaspor, 2013)
mara
[2346171] Failed to build match row: Bursaspor vs Eskisehirspor
[2518622] Failed to scrape lineup: https://www.transfermarkt.co.uk/paok-thessaloniki_gs-ergotelis/index/spielbericht/2518622
[2891460] Failed to scrape lineup: https://www.transfermarkt.co.uk/ae-larisa_paok-thessaloniki/index/spielbericht/2891460
[3081217] Failed to scrape lineup: https://www.transfermarkt.co.uk/ac-milan_spal/index/spielbericht/3081217
[3076982] Could not find attributes for mijusko bojovic (Újpest FC, 2018)
[3076982] Failed to build match row: Sevilla Fútbol Club S.A.D. vs Újpest FC
[3229311] Could not find attributes for albin ekdal (UC Sampdoria, 2019)
[3229311] Failed to build match row: UC Sampdoria vs Parma Calcio 1913
[3219410] Failed to scrape lineup: https://www.transfermarkt.co.uk/manchester-city_watford-fc/index/spielbericht/3219410
[3205120] Could not find attributes for anatol chirinciuc (FC Milsami Orhei, 2019)
[3205120] Failed to build match row: FC Milsami Orhei vs SC Fotbal Club FCSB SA
[3199379] Failed to scrape lineup: https://www.transfermarkt.co.uk/dijon-fco_fc-girondins-bordeaux/index/spielbericht/3199379
[3394738] Could not find attributes for yuto nagatomo (Olympique de Marseille, 2020)
[3211511] Failed to scrape lineup: https://www.transfermarkt.co.uk/spielbericht/index/spielbericht/3211511
[3394738] Failed to build match row: Olympique de Marseille vs Montpellier HSC
[2726741] Could not find attributes for albano bizzarri (Delfino Pescara 1936, 2016)
[2726741] Failed to build match row: UC Sampdoria vs Delfino Pescara 1936
Not enough players found for lineup: 0, 0.
[2720969] Failed to scrape lineup: https://www.transfermarkt.co.uk/cd-nacional_fc-pacos-de-ferreira/index/spielbericht/2720969
[3132939] Failed to scrape lineup: https://www.transfermarkt.co.uk/spielbericht/index/spielbericht/3132939

Keepers & outfield error for **AO FK Zenit Sankt-Peterburg** in Amkar Perm vs AO FK Zenit Sankt-Peterburg: Numbers: 2 and 9.
[2683512] Failed to build match row: Amkar Perm vs AO FK Zenit Sankt-Peterburg
[2518623] Could not find attributes for dimitrios kyriakidis (AO Xanthi, 2014)
[2518623] Failed to build match row: AO Xanthi vs Panetolikos Agrinio
[2711512] Could not find attributes for juuso hamalainen (Rovaniemen Palloseura, 2016)
[2711512] Failed to build match row: Rovaniemen Palloseura vs NK Lokomotiva Zagreb
[2847906] Failed to scrape lineup: https://www.transfermarkt.co.uk/fc-orenburg_fc-ufa/index/spielbericht/2847906
[3394739] Failed to scrape lineup: https://www.transfermarkt.co.uk/stade-brestois-29_ogc-nice/index/spielbericht/3394739
[3205121] Failed to scrape lineup: https://www.transfermarkt.co.uk/spielbericht/index/spielbericht/3205121
[2589178] Failed to scrape lineup: https://www.transfermarkt.co.uk/heracles-almelo_feyenoord-rotterdam/index/spielbericht/2589178
[3252459] Failed to scrape lineup: https://www.transfermarkt.co.uk/spielbericht/index/spielbericht/3252459
[3229312] Failed to scrape lineup: https://www.transfermarkt.co.uk/us-sassuolo_cagliari-calcio/index/spielbericht/3229312
[2720970] Failed to scrape lineup: https://www.transfermarkt.co.uk/rio-ave-fc_moreirense-fc/index/spielbericht/2720970
[2321331] Failed to scrape lineup: https://www.transfermarkt.co.uk/hamburger-sv_vfl-wolfsburg/index/spielbericht/2321331
[2726742] Failed to scrape lineup: https://www.transfermarkt.co.uk/fc-crotone_us-sassuolo/index/spielbericht/2726742
[2700416] Failed to scrape lineup: https://www.transfermarkt.co.uk/spielbericht/index/spielbericht/2700416
[3031053] Could not find attributes for igor konovalov (FC Rubin Kazan, 2017)
[2489360] Could not find attributes for luigi cennamo (APS Atromitos Athinon, 2014)
[2489360] Failed to build match row: APS Atromitos Athinon vs AO Platanias
[2346172] Could not find attributes for zurab khizanishvili (Kayserispor Kulübü, 2013)
[2346172] Failed to build match row: Kayserispor Kulübü vs Kasımpaşa A.Ş.
[3081219] Failed to scrape lineup: https://www.transfermarkt.co.uk/parma-calcio-1913_as-roma/index/spielbericht/3081219

Keepers & outfield error for **Vitória Sport Clube** in Vitória Sport Clube vs GD Chaves: Numbers: 0 and 11.
[2883609] Failed to build match row: Vitória Sport Clube vs GD Chaves
[2735655] Could not find attributes for jeremy morel (Olympique Lyonnais, 2016)
[2735655] Failed to build match row: Olympique Lyonnais vs Olympique Gymnaste Club Nice Côte d'Azur
[2321332] Failed to scrape lineup: https://www.transfermarkt.co.uk/eintracht-braunschweig_bayern-munich/index/spielbericht/2321332
[2891461] Could not find attributes for vasilios pliatsikas (AO Platanias, 2017)
[2489361] Failed to scrape lineup: https://www.transfermarkt.co.uk/paok-thessaloniki_ael-kalloni/index/spielbericht/2489361
[3132940] Failed to build match row: UC Sampdoria vs Associazione Calcio Milan
[2891461] Failed to build match row: AO Platanias vs Panetolikos Agrinio
[2911724] Failed to scrape lineup: https://www.transfermarkt.co.uk/spielbericht/index/spielbericht/2911724

Keepers & outfield error for **Oxford United** in Oxford United vs Braintree Town: Numbers: 0 and 11.
[2638715] Failed to build match row: Oxford United vs Braintree Town
[2683513] Could not find attributes for aaron olanare (PFK CSKA Moskva, 2015)
[2683513] Failed to build match row: PFK CSKA Moskva vs FK Krasnodar
[2700417] Could not find attributes for mario kirev (Slavia Sofia, 2016)
[2589179] Could not find attributes for hedwiges maduro (Football Club Groningen, 2015)
[2600614] Could not find attributes for alban lafont (Toulouse Football Club, 2015)
[2700417] Failed to build match row: Zagłębie Lubin Spółka Akcyjna vs Slavia Sofia
[2600614] Failed to build match row: Toulouse Football Club vs Football Club Lorient-Bretagne Sud
[2589179] Failed to build match row: Sportclub Heerenveen vs Football Club Groningen
[2847907] Could not find attributes for gregor balazic (Ural Yekaterinburg, 2016)

Keepers & outfield error for **Futebol Clube do Porto** in Futebol Clube do Porto vs Grupo Desportivo Estoril Praia: Numbers: 2 and 9.
[2847907] Failed to build match row: Ural Yekaterinburg vs Футбольный клуб "Локомотив" Москва
[2883610] Failed to build match row: Futebol Clube do Porto vs Grupo Desportivo Estoril Praia
[3076983] Could not find attributes for mijusko bojovic (Újpest FC, 2018)
[3288019] Could not find attributes for colin williamson (Brora Rangers FC, 2019)
[3076983] Failed to build match row: Újpest FC vs Sevilla Fútbol Club S.A.D.
[2469949] Could not find attributes for tita (Mersin Talimyurdu SK, 2014)
[3288019] Failed to build match row: Brora Rangers FC vs Greenock Morton FC
[2735656] Failed to scrape lineup: https://www.transfermarkt.co.uk/paris-saint-germain_sm-caen/index/spielbericht/2735656
[2469949] Failed to build match row: Mersin Talimyurdu SK vs Çaykur Rizespor Kulübü
[2518625] Could not find attributes for nikolaos papadopoulos (Panionios Athens, 2014)
[2518625] Failed to build match row: Panionios Athens vs Veria NPS
[3133269] Failed to scrape lineup: https://www.transfermarkt.co.uk/spielbericht/index/spielbericht/3133269
[2891462] Failed to scrape lineup: https://www.transfermarkt.co.uk/apollon-smyrnis_aok-kerkyra/index/spielbericht/2891462
[2767513] Failed to scrape lineup: https://www.transfermarkt.co.uk/spielbericht/index/spielbericht/2767513
[2577894] Failed to scrape lineup: https://www.transfermarkt.co.uk/west-bromwich-albion_chelsea-fc/index/spielbericht/2577894

Keepers & outfield error for **SPAL** in SPAL vs Brescia Calcio: Numbers: 0 and 11.
[3229313] Failed to build match row: SPAL vs Brescia Calcio
[2720971] Could not find attributes for heliardo (Clube Desportivo de Tondela, 2016)
[2335132] Could not find attributes for martin jiranek (Tom Tomsk, 2013)
[2720971] Failed to build match row: Clube Desportivo de Tondela vs Sporting Clube de Portugal
[2335132] Failed to build match row: Tom Tomsk vs Volga Nizhniy Novgorod (- 2016)
[2459753] Could not find attributes for karim el ahmadi (Feyenoord Rotterdam, 2014)
[2459753] Failed to build match row: AFC Ajax Amsterdam vs Feyenoord Rotterdam

Keepers & outfield error for **Associazione Calcio Fiorentina** in Associazione Calcio Fiorentina vs Genoa Cricket and Football Club: Numbers: 0 and 11.
[2478600] Failed to build match row: Associazione Calcio Fiorentina vs Genoa Cricket and Football Club
[2500393] Could not find attributes for diegui (Real Oviedo S.A.D., 2014)
[2500393] Failed to build match row: Real Oviedo S.A.D. vs UCAM Murcia CF
[2581815] Could not find attributes for slobodan rajkovic (SV Darmstadt 98, 2015)
[2581815] Failed to build match row: SV Darmstadt 98 vs FC Schalke 04
[3219413] Could not find attributes for patrick van aanholt (Crystal Palace Football Club, 2019)
[3219413] Failed to build match row: Crystal Palace Football Club vs Wolverhampton Wanderers Football Club
[2600615] Could not find attributes for antoine devaux (Stade Reims, 2015)
[2600615] Failed to build match row: Stade Reims vs ESTAC Troyes
[2700418] Failed to scrape lineup: https://www.transfermarkt.co.uk/spielbericht/index/spielbericht/2700418
[2518626] Could not find attributes for markos vellidis (PAS Giannina, 2014)
[2518626] Failed to build match row: PAS Giannina vs AO Platanias
[2735657] Could not find attributes for oussama haddadi (Dijon FCO, 2016)
[2589180] Could not find attributes for ron vlaar (Alkmaar Zaanstreek, 2015)
[2589180] Failed to build match row: Alkmaar Zaanstreek vs De Graafschap Doetinchem
[2735657] Failed to build match row: Toulouse Football Club vs Dijon FCO

Keepers & outfield error for **Futebol Clube do Porto** in Galatasaray Spor Kulübü vs Futebol Clube do Porto: Numbers: 2 and 9.
[3098050] Failed to build match row: Galatasaray Spor Kulübü vs Futebol Clube do Porto
[3076984] Could not find attributes for georgios athanasiadis (A.G.S Asteras Tripolis, 2018)
[3076984] Failed to build match row: Hibernian Football Club vs A.G.S Asteras Tripolis

Keepers & outfield error for **Olympique Gymnaste Club Nice Côte d'Azur** in Olympique Gymnaste Club Nice Côte d'Azur vs Olympique de Marseille: Numbers: 2 and 9.

Keepers & outfield error for **Olympique Lyonnais** in Olympique Lyonnais vs Racing Club de Lens: Numbers: 2 and 9.
[3199382] Failed to build match row: Olympique Gymnaste Club Nice Côte d'Azur vs Olympique de Marseille
[3133947] Could not find attributes for sergey ryzhikov (PFK Krylya Sovetov Samara, 2018)
[3394741] Failed to build match row: Olympique Lyonnais vs Racing Club de Lens
[3133947] Failed to build match row: Футбольный клуб "Локомотив" Москва vs PFK Krylya Sovetov Samara

Keepers & outfield error for **UD Almería** in Valencia Club de Fútbol S. A. D. vs UD Almería: Numbers: 0 and 11.
[2341150] Failed to build match row: Valencia Club de Fútbol S. A. D. vs UD Almería
[3211513] Could not find attributes for tom schnell (F91 Dudelange, 2019)
[3211513] Failed to build match row: F91 Dudelange vs Valletta FC
[2720972] Could not find attributes for tomane (Futebol Clube de Arouca, 2016)
[2720972] Failed to build match row: Futebol Clube de Arouca vs Futebol Clube do Porto
[2911726] Could not find attributes for frederik ibsen (Vendsyssel FF, 2017)
[2911726] Failed to build match row: Vendsyssel FF vs Brabrand IF
Not enough players found for lineup: 0, 0.
[3288391] Failed to scrape lineup: https://www.transfermarkt.co.uk/spielbericht/index/spielbericht/3288391
[2518627] Could not find attributes for andrey gorbunov (APS Atromitos Athinon, 2014)
[3205122] Could not find attributes for berkay sulungoz (FC Vaduz, 2019)

Keepers & outfield error for **Vitória Sport Clube** in Vitória Sport Clube vs CS Marítimo: Numbers: 0 and 11.
[2518627] Failed to build match row: APS Atromitos Athinon vs Panathinaikos Athlitikos Omilos
[3031054] Could not find attributes for aleksandr prudnikov (Anzhi Makhachkala ( -2022), 2017)
[3205122] Failed to build match row: FC Vaduz vs Breidablik Kópavogur
[2609429] Failed to build match row: Vitória Sport Clube vs CS Marítimo
[3031054] Failed to build match row: Anzhi Makhachkala ( -2022) vs RFK Akhmat Grozny
[2489362] Could not find attributes for kyriakos stratilatis (APO Levadiakos Football Club, 2014)
[2489362] Failed to build match row: APO Levadiakos Football Club vs Panathinaikos Athlitikos Omilos
[2684702] Could not find attributes for aaron olanare (PFK CSKA Moskva, 2015)
[2684702] Failed to build match row: PFK CSKA Moskva vs AO FK Zenit Sankt-Peterburg

Keepers & outfield error for **Verona Hellas Football Club** in Verona Hellas Football Club vs Palermo FC: Numbers: 0 and 11.

Keepers & outfield error for **UD Las Palmas** in Real Madrid Club de Fútbol vs UD Las Palmas: Numbers: 2 and 9.
[3199383] Could not find attributes for timothee kolodziejczak (AS Saint-Étienne, 2019)
[2478601] Failed to build match row: Verona Hellas Football Club vs Palermo FC
[2899655] Failed to build match row: Real Madrid Club de Fútbol vs UD Las Palmas
[2335133] Could not find attributes for joaozinho (FK Krasnodar, 2013)
[3199383] Failed to build match row: Lille Olympique Sporting Club vs AS Saint-Étienne
[2847909] Could not find attributes for georgiy shchennikov (PFK CSKA Moskva, 2016)
[3081221] Failed to scrape lineup: https://www.transfermarkt.co.uk/udinese-calcio_cagliari-calcio/index/spielbericht/3081221

Keepers & outfield error for **Vitesse Arnhem** in Sportclub Heerenveen vs Vitesse Arnhem: Numbers: 0 and 11.

Keepers & outfield error for **Elche Club de Fútbol S.A.D.** in Real Betis Balompié S.A.D. vs Elche Club de Fútbol S.A.D.: Numbers: 0 and 11.
[2335133] Failed to build match row: FK Krasnodar vs FC Rubin Kazan
[2847909] Failed to build match row: FC Rubin Kazan vs PFK CSKA Moskva
[3052124] Failed to build match row: Sportclub Heerenveen vs Vitesse Arnhem
[2767514] Could not find attributes for kike royo (CD Guijuelo, 2016)
[2638716] Could not find attributes for greg leigh (Bradford City, 2015)
[3076985] Could not find attributes for georgios athanasiadis (A.G.S Asteras Tripolis, 2018)
[2341151] Failed to build match row: Real Betis Balompié S.A.D. vs Elche Club de Fútbol S.A.D.
[2767514] Failed to build match row: CD Guijuelo vs Club Atlético de Madrid S.A.D.
[2638716] Failed to build match row: Bradford City vs Aldershot Town
[3076985] Failed to build match row: A.G.S Asteras Tripolis vs Hibernian Football Club
[2321333] Could not find attributes for alexander madlung (Eintracht Frankfurt Fußball AG, 2013)
[2735658] Could not find attributes for lukas pokorny (Montpellier HSC, 2016)
[3394742] Could not find attributes for kiki kouyate (Football Club de Metz, 2020)
[3098051] Could not find attributes for rafa silva (Sport Lisboa e Benfica, 2018)
[2321333] Failed to build match row: Eintracht Frankfurt Fußball AG vs Hannover 96
[3394742] Failed to build match row: Football Club de Metz vs FC Girondins Bordeaux
[3133948] Could not find attributes for mikhail levashov (Arsenal Tula, 2018)
[2735658] Failed to build match row: Angers Sporting Club de l'Ouest vs Montpellier HSC
[3098051] Failed to build match row: Sport Lisboa e Benfica vs Athlitiki Enosi Konstantinoupoleos
[3133948] Failed to build match row: Arsenal Tula vs PFK CSKA Moskva
[3211514] Could not find attributes for algis jankauskas (FK Suduva Marijampole, 2019)
[3211514] Failed to build match row: FK Suduva Marijampole vs Fudbalski klub Crvena zvezda Beograd
[3205123] Could not find attributes for ernestas setkus (Hapoel Beer Sheva, 2019)
[3252460] Could not find attributes for luka simunovic (FC Astana, 2019)
[3205123] Failed to build match row: Hapoel Beer Sheva vs KF Laçi
[3252460] Failed to build match row: FC Astana vs Fudbalski Klub Partizan Beograd
[3219414] Failed to scrape lineup: https://www.transfermarkt.co.uk/tottenham-hotspur_crystal-palace/index/spielbericht/3219414
[2478602] Could not find attributes for dodo (Football Club Internazionale Milano S.p.A., 2014)

Keepers & outfield error for **Olympiakos Syndesmos Filathlon Peiraios** in Olympiakos Syndesmos Filathlon Peiraios vs A.G.S Asteras Tripolis: Numbers: 0 and 11.
[2500394] Could not find attributes for francesco scardina (SD Huesca, 2014)
[2478602] Failed to build match row: Football Club Internazionale Milano S.p.A. vs Unione Sportiva Sassuolo Calcio
[2500394] Failed to build match row: SD Huesca vs Barakaldo CF
[2518628] Failed to build match row: Olympiakos Syndesmos Filathlon Peiraios vs A.G.S Asteras Tripolis
[2735659] Could not find attributes for firmin mubele (Rennes, 2016)
[2735659] Failed to build match row: Rennes vs Association sportive de Monaco Football Club
[2911727] Could not find attributes for soren reese (Viborg Fodsports Forening, 2017)
[2911727] Failed to build match row: Viborg Fodsports Forening vs Aalborg BK

Keepers & outfield error for **Association sportive de Monaco Football Club** in SC Bastia vs Association sportive de Monaco Football Club: Numbers: 2 and 9.
[2600617] Failed to build match row: SC Bastia vs Association sportive de Monaco Football Club

Keepers & outfield error for **Cagliari Calcio** in Associazione Calcio Fiorentina vs Cagliari Calcio: Numbers: 0 and 11.
[2700419] Could not find attributes for aleksandar panovski (Sileks Kratovo, 2016)
[2726745] Failed to build match row: Associazione Calcio Fiorentina vs Cagliari Calcio
[2700419] Failed to build match row: Sileks Kratovo vs FC Vaduz
[2335136] Could not find attributes for aleksandr pavlenko (PFK Krylya Sovetov Samara, 2013)
[2335136] Failed to build match row: PFK Krylya Sovetov Samara vs Футбольный клуб "Локомотив" Москва
[2872225] Failed to scrape lineup: https://www.transfermarkt.co.uk/afc-bournemouth_huddersfield-town/index/spielbericht/2872225
[2518629] Failed to scrape lineup: https://www.transfermarkt.co.uk/pae-veria_gs-ergotelis/index/spielbericht/2518629
[2720973] Failed to scrape lineup: https://www.transfermarkt.co.uk/boavista-fc_cs-maritimo/index/spielbericht/2720973
[2469950] Could not find attributes for eray birnican (Gaziantepspor (- 2020), 2014)
[3211515] Could not find attributes for alban hoxha (FK Partizani, 2019)
[2469950] Failed to build match row: Fenerbahçe Spor Kulübü vs Gaziantepspor (- 2020)
[3211515] Failed to build match row: FK Partizani vs Qarabağ FK

Keepers & outfield error for **Paris Saint-Germain Football Club** in Paris Saint-Germain Football Club vs Olympique de Marseille: Numbers: 2 and 9.
[3133949] Could not find attributes for yaroslav godzyur (Ural Yekaterinburg, 2018)
[2482230] Failed to build match row: Paris Saint-Germain Football Club vs Olympique de Marseille
[3133949] Failed to build match row: Ural Yekaterinburg vs AO FK Zenit Sankt-Peterburg

Keepers & outfield error for **Unione Sportiva Lecce** in Brescia Calcio vs Unione Sportiva Lecce: Numbers: 0 and 11.
[2346173] Could not find attributes for saso fornezzi (Antalyaspor, 2013)
[3229317] Failed to build match row: Brescia Calcio vs Unione Sportiva Lecce
[2346173] Failed to build match row: Antalyaspor vs Gaziantepspor (- 2020)

Keepers & outfield error for **Málaga CF** in Villarreal Club de Fútbol S.A.D. vs Málaga CF: Numbers: 0 and 11.
[2899657] Failed to build match row: Villarreal Club de Fútbol S.A.D. vs Málaga CF
[3031056] Could not find attributes for kwadwo poku (Anzhi Makhachkala ( -2022), 2017)
[3031056] Failed to build match row: PFK CSKA Moskva vs Anzhi Makhachkala ( -2022)
Not enough players found for lineup: 0, 0.
[3288392] Failed to scrape lineup: https://www.transfermarkt.co.uk/spielbericht/index/spielbericht/3288392
[2720974] Could not find attributes for zainadine (CS Marítimo, 2016)
[2618787] Failed to scrape lineup: https://www.transfermarkt.co.uk/spielbericht/index/spielbericht/2618787
[2720974] Failed to build match row: CS Marítimo vs Futebol Clube de Arouca
[2489363] Failed to scrape lineup: https://www.transfermarkt.co.uk/panionios-athens_gs-ergotelis/index/spielbericht/2489363
[2735660] Could not find attributes for yannis salibur (EA Guingamp, 2016)
[2684828] Failed to scrape lineup: https://www.transfermarkt.co.uk/partick-thistle-fc-_dundee-fc/index/spielbericht/2684828
[2735660] Failed to build match row: EA Guingamp vs Football Club de Metz

Keepers & outfield error for **Paris Saint-Germain Football Club** in Paris Saint-Germain Football Club vs Lille Olympique Sporting Club: Numbers: 2 and 9.
[2330977] Failed to build match row: Paris Saint-Germain Football Club vs Lille Olympique Sporting Club
Not enough players found for lineup: 0, 0.
[2913824] Failed to scrape lineup: https://www.transfermarkt.co.uk/spielbericht/index/spielbericht/2913824
[3076986] Could not find attributes for dino hamzic (Chikhura Sachkhere, 2018)
[3076986] Failed to build match row: Chikhura Sachkhere vs NK Maribor
[3081222] Failed to scrape lineup: https://www.transfermarkt.co.uk/frosinone-calcio_atalanta-bc/index/spielbericht/3081222
[2847910] Failed to scrape lineup: https://www.transfermarkt.co.uk/anzhi-makhachkala-2022-_fc-rostov/index/spielbericht/2847910
[2341152] Failed to scrape lineup: https://www.transfermarkt.co.uk/rcd-espanyol-barcelona_atletico-de-madrid/index/spielbericht/2341152

Keepers & outfield error for **Wolverhampton Wanderers Football Club** in Wolverhampton Wanderers Football Club vs Chelsea Football Club: Numbers: 0 and 11.
[3219416] Failed to build match row: Wolverhampton Wanderers Football Club vs Chelsea Football Club

Keepers & outfield error for **Futebol Clube de Arouca** in Rio Ave Futebol Clube vs Futebol Clube de Arouca: Numbers: 2 and 9.
[2726747] Could not find attributes for massimo maccarone (FC Empoli, 2016)
[2609431] Failed to build match row: Rio Ave Futebol Clube vs Futebol Clube de Arouca
[2726747] Failed to build match row: Chievo Verona vs FC Empoli
[3031057] Could not find attributes for dmitriy tarasov (Футбольный клуб "Локомотив" Москва, 2017)
[3031057] Failed to build match row: Arsenal Tula vs Футбольный клуб "Локомотив" Москва
[2359524] Failed to scrape lineup: https://www.transfermarkt.co.uk/acf-fiorentina_udinese-calcio/index/spielbericht/2359524
[2600619] Could not find attributes for casimir ninga (Montpellier HSC, 2015)
[2600619] Failed to build match row: Olympique de Marseille vs Montpellier HSC
[2469951] Could not find attributes for yekta kurtulus (Galatasaray Spor Kulübü, 2014)
[2469951] Failed to build match row: Balikesirspor vs Galatasaray Spor Kulübü
[3229318] Could not find attributes for ragnar klavan (Cagliari Calcio, 2019)
[3229318] Failed to build match row: Cagliari Calcio vs Società Sportiva Lazio S.p.A.

Keepers & outfield error for **Getafe Club de Fútbol S. A. D. Team Dubai** in Getafe Club de Fútbol S. A. D. Team Dubai vs Alaves: Numbers: 0 and 11.
[2899658] Failed to build match row: Getafe Club de Fútbol S. A. D. Team Dubai vs Alaves
[2379775] Could not find attributes for callum reynolds (Boreham Wood FC, 2013)
[2379775] Failed to build match row: Boreham Wood FC vs Carlisle United
[3133950] Could not find attributes for nikolay rasskazov (FK Spartak Moskva, 2018)
[3133950] Failed to build match row: FK Spartak Moskva vs FK Krasnodar

Keepers & outfield error for **Sevilla Fútbol Club S.A.D.** in Sevilla Fútbol Club S.A.D. vs F91 Dudelange: Numbers: 2 and 9.
[2321334] Failed to scrape lineup: https://www.transfermarkt.co.uk/bayern-munich_sv-werder-bremen/index/spielbericht/2321334
[3252462] Failed to build match row: Sevilla Fútbol Club S.A.D. vs F91 Dudelange
[3069364] Could not find attributes for caner erkin (Beşiktaş Jimnastik Kulübü, 2018)
[3069364] Failed to build match row: Beşiktaş Jimnastik Kulübü vs Akhisarspor
Not enough players found for lineup: 0, 0.
[3288393] Failed to scrape lineup: https://www.transfermarkt.co.uk/spielbericht/index/spielbericht/3288393

Keepers & outfield error for **AO FK Zenit Sankt-Peterburg** in AO FK Zenit Sankt-Peterburg vs FK Krasnodar: Numbers: 2 and 9.
[3031058] Could not find attributes for yuriy zhirkov (AO FK Zenit Sankt-Peterburg, 2017)
[2700420] Failed to scrape lineup: https://www.transfermarkt.co.uk/spielbericht/index/spielbericht/2700420
[2638717] Could not find attributes for kieron forbes (Maidenhead United, 2015)
[2847911] Failed to build match row: AO FK Zenit Sankt-Peterburg vs FK Krasnodar
[3031058] Failed to build match row: AO FK Zenit Sankt-Peterburg vs SKA Khabarovsk
[2638717] Failed to build match row: Maidenhead United vs Port Vale FC

Keepers & outfield error for **SPAL** in SPAL vs Bologna Football Club 1909: Numbers: 2 and 9.
[3081223] Failed to build match row: SPAL vs Bologna Football Club 1909
[2335137] Failed to scrape lineup: https://www.transfermarkt.co.uk/anzhi-makhachkala-2022-_amkar-perm/index/spielbericht/2335137
[2684829] Could not find attributes for miles addison (Kilmarnock Football Club, 2015)
[2684829] Failed to build match row: Inverness Caledonian Thistle FC vs Kilmarnock Football Club
[2518630] Failed to scrape lineup: https://www.transfermarkt.co.uk/ael-kalloni_panionios-athens/index/spielbericht/2518630
[3252463] Could not find attributes for rashad sadyqov (Qarabağ FK, 2019)
[3252463] Failed to build match row: Qarabağ FK vs APOEL Nicosia
[2914118] Could not find attributes for Martijn van Roeden (VV Buitenpost, 2017)
[3076987] Failed to build match row: NK Maribor vs Chikhura Sachkhere
[2914118] Failed to build match row: VV Buitenpost vs SC Genemuiden

Keepers & outfield error for **Associazione Calcio Milan** in Juventus Football Club vs Associazione Calcio Milan: Numbers: 2 and 9.
[2726748] Failed to build match row: Juventus Football Club vs Associazione Calcio Milan
[3211516] Failed to scrape lineup: https://www.transfermarkt.co.uk/spielbericht/index/spielbericht/3211516
Not enough players found for lineup: 0, 0.
[2600620] Could not find attributes for paul baysse (Olympique Gymnaste Club Nice Côte d'Azur, 2015)
[2600620] Failed to build match row: Olympique Gymnaste Club Nice Côte d'Azur vs Paris Saint-Germain Football Club
[2735686] Could not find attributes for david hovorka (FC Slovan Liberec, 2016)
ndex/spielbericht/3288418
[2735686] Failed to build match row: FC Slovan Liberec vs FC Admira Wacker Mödling

Keepers & outfield error for **Club Atlético Osasuna** in Club Atlético Osasuna vs Futbol Club Barcelona: Numbers: 0 and 11.
[2341154] Failed to build match row: Club Atlético Osasuna vs Futbol Club Barcelona

Keepers & outfield error for **The Celtic Football Club** in The Celtic Football Club vs Ross County FC: Numbers: 2 and 9.

Keepers & outfield error for **Mönchengladbach** in FC Schalke 04 vs Mönchengladbach: Numbers: 2 and 9.
[2330978] Failed to scrape lineup: https://www.transfermarkt.co.uk/fc-girondins-bordeaux_fc-toulouse/index/spielbericht/2330978
[2711513] Failed to scrape lineup: https://www.transfermarkt.co.uk/spielbericht/index/spielbericht/2711513
[2684830] Failed to build match row: The Celtic Football Club vs Ross County FC

Keepers & outfield error for **Alaves** in Alaves vs Espanol: Numbers: 2 and 9.
[2321335] Failed to build match row: FC Schalke 04 vs Mönchengladbach
[2899659] Failed to build match row: Alaves vs Espanol
[3031059] Could not find attributes for igor konovalov (FC Rubin Kazan, 2017)
[3031059] Failed to build match row: FK Krasnodar vs FC Rubin Kazan
Not enough players found for lineup: 0, 0.
[2914120] Failed to scrape lineup: https://www.transfermarkt.co.uk/spielbericht/index/spielbericht/2914120
[3076988] Could not find attributes for peter chrappan (CS Fola Esch, 2018)
[3076988] Failed to build match row: Koninklijke Racing Club Genk vs CS Fola Esch
[2609432] Failed to scrape lineup: https://www.transfermarkt.co.uk/vitoria-setubal-fc_sl-benfica/index/spielbericht/2609432
[2847912] Could not find attributes for vladimir gabulov (Arsenal Tula, 2016)
[2847912] Failed to build match row: Arsenal Tula vs Amkar Perm
[3133951] Could not find attributes for valeriy kichin (Enisey Krasnoyarsk, 2018)
[3133951] Failed to build match row: Enisey Krasnoyarsk vs FK Rostov

Keepers & outfield error for **Association sportive de Monaco Football Club** in AS Saint-Étienne vs Association sportive de Monaco Football Club: Numbers: 2 and 9.
[2482233] Failed to build match row: AS Saint-Étienne vs Association sportive de Monaco Football Club
[2359525] Failed to scrape lineup: https://www.transfermarkt.co.uk/as-roma_atalanta-bc/index/spielbericht/2359525

Keepers & outfield error for **FC Paços de Ferreira** in CS Marítimo vs FC Paços de Ferreira: Numbers: 2 and 9.
[2883611] Failed to build match row: CS Marítimo vs FC Paços de Ferreira
[2518631] Could not find attributes for athanasios panteliadis (A.G.S Asteras Tripolis, 2014)
[2700421] Could not find attributes for milos dragojevic (Buducnost Podgorica, 2016)
[2700421] Failed to build match row: Buducnost Podgorica vs Rabotnicki Skopje
[2891463] Could not find attributes for matic kotnik (Panionios Athens, 2017)
[2891463] Failed to build match row: Panionios Athens vs Olympiakos Syndesmos Filathlon Peiraios
[2767515] Could not find attributes for juanma espinosa (Hércules CF, 2016)
[2767515] Failed to build match row: Hércules CF vs Futbol Club Barcelona
[2469952] Could not find attributes for doka madureira (İstanbul Başakşehir Futbol Kulübü, 2014)
[2469952] Failed to build match row: İstanbul Başakşehir Futbol Kulübü vs Trabzonspor Kulübü
Not enough players found for lineup: 11, 0.
[2914121] Failed to scrape lineup: https://www.transfermarkt.co.uk/spielbericht/index/spielbericht/2914121
[2459754] Could not find attributes for guyon fernandez (Nooit Opgeven Altijd Doorzetten Aangenaam Door Vermaak En Nuttig Door Ontspanning Combinatie Breda, 2014)
[2459754] Failed to build match row: Nooit Opgeven Altijd Doorzetten Aangenaam Door Vermaak En Nuttig Door Ontspanning Combinatie Breda vs Willem II Tilburg

Keepers & outfield error for **UD Las Palmas** in UD Las Palmas vs CD Numancia: Numbers: 2 and 9.
[2500396] Failed to build match row: UD Las Palmas vs CD Numancia
[2684831] Could not find attributes for eiji kawashima (Dundee United Football Club, 2015)
[2684831] Failed to build match row: Dundee United Football Club vs Hamilton Academical FC
[2489364] Could not find attributes for sofyane cherfa (Panthrakikos Komotini, 2014)
spielbericht/3098054
[3031060] Could not find attributes for aleksandr belenov (FK Ufa, 2017)
rentina_inter-milan/index/spielbericht/3229319
[3031060] Failed to build match row: FK Ufa vs FC Tosno (-2018)
[2359526] Could not find attributes for agim ibraimi (Cagliari Calcio, 2013)
[2489364] Failed to build match row: Panthrakikos Komotini vs PAS Giannina
[2359526] Failed to build match row: Unione Sportiva Sassuolo Calcio vs Cagliari Calcio
[2720976] Failed to scrape lineup: https://www.transfermarkt.co.uk/estoril-praia_boavista-fc/index/spielbericht/2720976
[2321336] Could not find attributes for julian brandt (Bayer 04 Leverkusen Fußball, 2013)
[2321336] Failed to build match row: Bayer 04 Leverkusen Fußball vs Borussia Dortmund
[2478606] Could not find attributes for ignazio abate (Associazione Calcio Milan, 2014)
[2478606] Failed to build match row: Parma Calcio 1913 vs Associazione Calcio Milan
[2379776] Could not find attributes for howard hall (St Albans City, 2013)
[3205124] Failed to scrape lineup: https://www.transfermarkt.co.uk/spielbericht/index/spielbericht/3205124
[2379776] Failed to build match row: St Albans City vs Mansfield Town
[2459755] Could not find attributes for christian kum (Football Club Utrecht, 2014)
[2459755] Failed to build match row: Football Club Groningen vs Football Club Utrecht
[3133952] Could not find attributes for egor baburin (FC Rubin Kazan, 2018)
[3133952] Failed to build match row: FC Rubin Kazan vs RFK Akhmat Grozny
[2518632] Could not find attributes for georgios athanasiadis (Panthrakikos Komotini, 2014)
[2518632] Failed to build match row: Panthrakikos Komotini vs Olympiakos Syndesmos Filathlon Peiraios
[2942771] Failed to scrape lineup: https://www.transfermarkt.co.uk/dijon-fco_stade-rennais-fc/index/spielbericht/2942771
[3252464] Failed to scrape lineup: https://www.transfermarkt.co.uk/spielbericht/index/spielbericht/3252464
[2872229] Failed to scrape lineup: https://www.transfermarkt.co.uk/crystal-palace_everton-fc/index/spielbericht/2872229
[3069366] Could not find attributes for ondrej celustka (Antalyaspor, 2018)
[3069366] Failed to build match row: Kayserispor Kulübü vs Antalyaspor

Keepers & outfield error for **Genoa Cricket and Football Club** in Genoa Cricket and Football Club vs UC Sampdoria: Numbers: 0 and 11.
[3229320] Failed to build match row: Genoa Cricket and Football Club vs UC Sampdoria
[2847913] Could not find attributes for vladimir gabulov (Arsenal Tula, 2016)
[2639088] Failed to scrape lineup: https://www.transfermarkt.co.uk/spielbericht/index/spielbericht/2639088
[2847913] Failed to build match row: Arsenal Tula vs FK Spartak Moskva
[3211517] Could not find attributes for zvonimir mikulic (FC Sheriff Tiraspol, 2019)
[3211517] Failed to build match row: FC Sheriff Tiraspol vs Iberia 1999 Tbilisi
[2335138] Could not find attributes for felicio brown (PFK Krylya Sovetov Samara, 2013)
[2469953] Could not find attributes for didier zokora (Akhisarspor, 2014)
[2335138] Failed to build match row: FK Dinamo Moskva vs PFK Krylya Sovetov Samara
Not enough players found for lineup: 0, 11.
[2914124] Failed to scrape lineup: https://www.transfermarkt.co.uk/spielbericht/index/spielbericht/2914124
[2589184] Could not find attributes for henrico drost (Excelsior Rotterdam, 2015)
[2478607] Could not find attributes for cesare bovo (Torino Calcio, 2014)
[3076989] Could not find attributes for emanuel cabral (CS Fola Esch, 2018)
[2478607] Failed to build match row: UC Sampdoria vs Torino Calcio
[2589184] Failed to build match row: Excelsior Rotterdam vs Prins Hendrik Ende Desespereert Nimmer Combinatie Zwolle
[3133953] Could not find attributes for aleksandr belenov (FK Ufa, 2018)
[2518634] Could not find attributes for charalampos damianakis (Omilos Filathlon Irakliou FC, 2014)
[2489365] Could not find attributes for anestis anastasiadis (AEL Kalloni, 2014)
[3076989] Failed to build match row: CS Fola Esch vs Koninklijke Racing Club Genk
[3133953] Failed to build match row: FK Ufa vs FK Dinamo Moskva
[2518634] Failed to build match row: Omilos Filathlon Irakliou FC vs AO Xanthi

Keepers & outfield error for **Catania FC** in Associazione Calcio Milan vs Catania FC: Numbers: 2 and 9.
[2489365] Failed to build match row: AEL Kalloni vs GS Ergotelis
[2735687] Could not find attributes for pietro perina (Cosenza Calcio, 2016)
[2359527] Failed to build match row: Associazione Calcio Milan vs Catania FC
[2735687] Failed to build match row: SSC Bari vs Cosenza Calcio
[2700422] Could not find attributes for justin haber (Hibernians FC, 2016)
[2700422] Failed to build match row: Hibernians FC vs Spartak Trnava

Keepers & outfield error for **Valencia Club de Fútbol S. A. D.** in Valencia Club de Fútbol S. A. D. vs Futbol Club Barcelona: Numbers: 0 and 11.
[2899661] Failed to build match row: Valencia Club de Fútbol S. A. D. vs Futbol Club Barcelona
[2891464] Could not find attributes for apostolos skondras (PAS Giannina, 2017)
[2600621] Could not find attributes for paul andre guerin (GFC Ajaccio, 2015)
[2581824] Could not find attributes for laszlo kleinheisler (Sportverein Werder Bremen von 1899, 2015)
[3098055] Could not find attributes for mario fernandes (PFK CSKA Moskva, 2018)
[2600621] Failed to build match row: GFC Ajaccio vs Football Club de Nantes
[3098055] Failed to build match row: Real Madrid Club de Fútbol vs PFK CSKA Moskva
[2581824] Failed to build match row: Mönchengladbach vs Sportverein Werder Bremen von 1899
[2891464] Failed to build match row: PAS Giannina vs AO Platanias
[2711515] Could not find attributes for miroslav kopric (Birkirkara FC, 2016)
[2847914] Could not find attributes for ilzat akhmetov (FC Rubin Kazan, 2016)
[2711515] Failed to build match row: Birkirkara FC vs Heart of Midlothian Football Club
[2847914] Failed to build match row: Amkar Perm vs FC Rubin Kazan
[2335139] Could not find attributes for maicon bolt (Футбольный клуб "Локомотив" Москва, 2013)
[2335139] Failed to build match row: Футбольный клуб "Локомотив" Москва vs Tom Tomsk
[3211518] Could not find attributes for lasha dvali (Ferencvárosi TC, 2019)
[3211518] Failed to build match row: Ferencvárosi TC vs Ludogorets Razgrad
[2720977] Could not find attributes for edson farias (CD Feirense, 2016)
[2720977] Failed to build match row: CD Feirense vs GD Chaves
Not enough players found for lineup: 0, 0.
[2914125] Failed to scrape lineup: https://www.transfermarkt.co.uk/spielbericht/index/spielbericht/2914125
[2577896] Failed to scrape lineup: https://www.transfermarkt.co.uk/everton-fc_manchester-city/index/spielbericht/2577896
[2618789] Failed to scrape lineup: https://www.transfermarkt.co.uk/spielbericht/index/spielbericht/2618789
[2500397] Failed to scrape lineup: https://www.transfermarkt.co.uk/spielbericht/index/spielbericht/2500397
[2726751] Could not find attributes for sasa lukic (Torino Calcio, 2016)
[3031061] Could not find attributes for dmitriy skopintsev (FK Rostov, 2017)
[2726751] Failed to build match row: Società Sportiva Lazio S.p.A. vs Torino Calcio
[3031061] Failed to build match row: FK Rostov vs Ural Yekaterinburg
[3205125] Could not find attributes for marko jovicic (Hibernians FC, 2019)
[3205125] Failed to build match row: Hibernians FC vs Shakhter Soligorsk
[3069367] Could not find attributes for aytac kara (Bursaspor, 2018)
[2891465] Could not find attributes for theodoros tripotseris (APO Levadiakos Football Club, 2017)
[3069367] Failed to build match row: Fenerbahçe Spor Kulübü vs Bursaspor
[2891465] Failed to build match row: APO Levadiakos Football Club vs PAS Giannina
[2685107] Could not find attributes for marcus rashford (Manchester United Football Club, 2015)
[2685107] Failed to build match row: Crystal Palace Football Club vs Manchester United Football Club
[2459758] Could not find attributes for robert braber (Willem II Tilburg, 2014)
[2459758] Failed to build match row: Eindhovense Voetbalvereniging Philips Sport Vereniging vs Willem II Tilburg
[2589185] Could not find attributes for dennis van der heijden (ADO Den Haag, 2015)
[2589185] Failed to build match row: Heracles Almelo vs ADO Den Haag

Keepers & outfield error for **Boavista FC** in Boavista FC vs Rio Ave Futebol Clube: Numbers: 0 and 11.
[2883614] Failed to build match row: Boavista FC vs Rio Ave Futebol Clube
[3252465] Failed to scrape lineup: https://www.transfermarkt.co.uk/spielbericht/index/spielbericht/3252465
[2700423] Could not find attributes for boris kleyman (Beitar Jerusalem, 2016)
[2700423] Failed to build match row: Beitar Jerusalem vs FK Sloboda Tuzla
[2346174] Could not find attributes for ersan gulum (Beşiktaş Jimnastik Kulübü, 2013)
[2346174] Failed to build match row: Beşiktaş Jimnastik Kulübü vs Kayseri Erciyesspor
[2735688] Could not find attributes for nicolo manfredini (Modena FC, 2016)
[2735688] Failed to build match row: Spezia Calcio vs Modena FC
[3031062] Failed to scrape lineup: https://www.transfermarkt.co.uk/amkar-perm_akhmat-grozny/index/spielbericht/3031062
Not enough players found for lineup: 0, 0.
[2711516] Failed to scrape lineup: https://www.transfermarkt.co.uk/spielbericht/index/spielbericht/2711516
[2577897] Could not find attributes for jonathan howson (Norwich City, 2015)
[2577897] Failed to build match row: Norwich City vs Stoke City
[3076990] Could not find attributes for josip posavec (HNK Hajduk Split, 2018)
[3076990] Failed to build match row: HNK Hajduk Split vs Slavia Sofia

Keepers & outfield error for **Clube Desportivo de Tondela** in Clube Desportivo de Tondela vs Sporting Clube de Braga: Numbers: 0 and 11.
[2609433] Failed to build match row: Clube Desportivo de Tondela vs Sporting Clube de Braga
[2847915] Could not find attributes for Georgiy Shchennikov (PFK CSKA Moskva, 2016)
[2847915] Failed to build match row: PFK CSKA Moskva vs Anzhi Makhachkala ( -2022)
[2891466] Could not find attributes for giannis kontoes (Apollon Smyrnis, 2017)
[2891466] Failed to build match row: Apollon Smyrnis vs AO Xanthi
[3205126] Could not find attributes for roland juhasz (Videoton FC, 2019)
[3205126] Failed to build match row: Videoton FC vs FK Zeta Golubovac
[2589186] Could not find attributes for kosuke ota (Vitesse Arnhem, 2015)
[2589186] Failed to build match row: Vitesse Arnhem vs Football Club Utrecht
[2581825] Could not find attributes for filip mladenovic (1. Fußball-Club Köln, 2015)
[2600622] Could not find attributes for ludovic blas (EA Guingamp, 2015)
[2581825] Failed to build match row: Hamburger Sport Verein vs 1. Fußball-Club Köln
[2600622] Failed to build match row: FC Girondins Bordeaux vs EA Guingamp
[2478608] Failed to scrape lineup: https://www.transfermarkt.co.uk/atalanta-bc_acf-fiorentina/index/spielbericht/2478608

Keepers & outfield error for **Verona Hellas Football Club** in Verona Hellas Football Club vs Associazione Calcio Fiorentina: Numbers: 0 and 11.
[2359529] Failed to build match row: Verona Hellas Football Club vs Associazione Calcio Fiorentina
[3133954] Failed to scrape lineup: https://www.transfermarkt.co.uk/fk-orenburg_anzhi-makhachkala-2022-/index/spielbericht/3133954
[2379777] Could not find attributes for scott mcmanus (FC Halifax Town, 2013)
[2379777] Failed to build match row: Milton Keynes Dons vs FC Halifax Town
[3229323] Could not find attributes for georgios kyriakopoulos (Unione Sportiva Sassuolo Calcio, 2019)
[2720978] Could not find attributes for dejan mezga (Clube Desportivo Nacional, 2016)
[3229323] Failed to build match row: Associazione Calcio Milan vs Unione Sportiva Sassuolo Calcio
[2720978] Failed to build match row: Sporting Clube de Portugal vs Clube Desportivo Nacional
[2321339] Could not find attributes for alexander madlung (Eintracht Frankfurt Fußball AG, 2013)
[2321339] Failed to build match row: Turn- und Sportgemeinschaft 1899 Hoffenheim Fußball-Spielbetriebs vs Eintracht Frankfurt Fußball AG
[2767517] Failed to scrape lineup: https://www.transfermarkt.co.uk/spielbericht/index/spielbericht/2767517
[3098056] Failed to scrape lineup: https://www.transfermarkt.co.uk/spielbericht/index/spielbericht/3098056
Not enough players found for lineup: 0, 0.
[3288432] Failed to scrape lineup: https://www.transfermarkt.co.uk/spielbericht/index/spielbericht/3288432

Keepers & outfield error for **Göztepe Sportif Yatırımlar A.Ş.** in Göztepe Sportif Yatırımlar A.Ş. vs Yeni Malatyaspor: Numbers: 0 and 11.

Keepers & outfield error for **Sporting Clube de Portugal** in Sporting Clube de Portugal vs Moreirense Futebol Clube: Numbers: 0 and 11.
[3069368] Failed to build match row: Göztepe Sportif Yatırımlar A.Ş. vs Yeni Malatyaspor
[2609434] Failed to build match row: Sporting Clube de Portugal vs Moreirense Futebol Clube
[2847916] Could not find attributes for stanislav dragun (FC Orenburg, 2016)
[2847916] Failed to build match row: FC Orenburg vs FK Rostov
[2459760] Could not find attributes for gino coutinho (Excelsior Rotterdam, 2014)
[2459760] Failed to build match row: Excelsior Rotterdam vs Nooit Opgeven Altijd Doorzetten Aangenaam Door Vermaak En Nuttig Door Ontspanning Combinatie Breda
[2335141] Could not find attributes for sergei pareiko (Volga Nizhniy Novgorod (- 2016), 2013)
[2335141] Failed to build match row: Volga Nizhniy Novgorod (- 2016) vs Kuban Krasnodar (-2018)
[2735689] Failed to scrape lineup: https://www.transfermarkt.co.uk/spielbericht/index/spielbericht/2735689
[2872232] Failed to scrape lineup: https://www.transfermarkt.co.uk/manchester-united_newcastle-united/index/spielbericht/2872232
[2478609] Failed to scrape lineup: https://www.transfermarkt.co.uk/ac-cesena_fc-empoli/index/spielbericht/2478609
[2577898] Failed to scrape lineup: https://www.transfermarkt.co.uk/west-ham-united_afc-bournemouth/index/spielbericht/2577898
[3052138] Could not find attributes for sepp van den berg (Prins Hendrik Ende Desespereert Nimmer Combinatie Zwolle, 2018)
[3288433] Failed to scrape lineup: https://www.transfermarkt.co.uk/spielbericht/index/spielbericht/3288433
[2469955] Failed to scrape lineup: https://www.transfermarkt.co.uk/bursaspor_besiktas-jk/index/spielbericht/2469955
[3052138] Failed to build match row: Prins Hendrik Ende Desespereert Nimmer Combinatie Zwolle vs Eindhovense Voetbalvereniging Philips Sport Vereniging
[2700424] Could not find attributes for sergey boychenko (Ordabasy Shymkent, 2016)
[2581826] Could not find attributes for yanni regasel (Eintracht Frankfurt Fußball AG, 2015)
[2891467] Could not find attributes for nikolaos giannakopoulos (AOK Kerkyra, 2017)
[2489366] Could not find attributes for georgios kousas (Panetolikos Agrinio, 2014)
[2700424] Failed to build match row: Ordabasy Shymkent vs Fudbalski klub Čukarički Beograd
[2581826] Failed to build match row: Eintracht Frankfurt Fußball AG vs Verein für Bewegungsspiele Stuttgart 1893
[2489366] Failed to build match row: Panetolikos Agrinio vs Olympiakos Syndesmos Filathlon Peiraios
[2359530] Could not find attributes for marko vesovic (Torino Calcio, 2013)
[2518635] Could not find attributes for stelios malezas (Panetolikos Agrinio, 2014)
[2359530] Failed to build match row: Torino Calcio vs Genoa Cricket and Football Club
[2500398] Could not find attributes for Dani Ceballos (Real Betis Balompié S.A.D., 2014)
[2500398] Failed to build match row: Real Betis Balompié S.A.D. vs CD Lugo
[2482239] Could not find attributes for rod fanni (Olympique de Marseille, 2014)
[2482239] Failed to build match row: Olympique de Marseille vs FC Girondins Bordeaux
[2914239] Could not find attributes for matthias strohmaier (1.FC Schweinfurt 05, 2017)
[2914239] Failed to build match row: 1.FC Schweinfurt 05 vs Eintracht Frankfurt Fußball AG
[2321340] Could not find attributes for ondrej petrak (1.FC Nuremberg, 2013)
[2321340] Failed to build match row: 1. Fußball- und Sportverein Mainz 05 vs 1.FC Nuremberg
[2711517] Could not find attributes for boris kleyman (Beitar Jerusalem, 2016)
[2711517] Failed to build match row: Beitar Jerusalem vs Omonia Nicosia
[2459761] Could not find attributes for sinan bytyqi (SC Cambuur Leeuwarden, 2014)
[2459761] Failed to build match row: Football Club Twente vs SC Cambuur Leeuwarden
[2726752] Failed to scrape lineup: https://www.transfermarkt.co.uk/delfino-pescara-1936_udinese-calcio/index/spielbericht/2726752
[2872233] Could not find attributes for tom cleverley (Watford FC, 2017)
[2872233] Failed to build match row: Watford FC vs West Ham United Football Club
[2891468] Could not find attributes for spyros risvanis (APS Atromitos Athinon, 2017)
[3081225] Could not find attributes for darijo srna (Cagliari Calcio, 2018)
[3081225] Failed to build match row: Cagliari Calcio vs FC Empoli
[2891468] Failed to build match row: Athlitiki Enosi Konstantinoupoleos vs APS Atromitos Athinon
[3205127] Could not find attributes for hans jorgensen (B36 Tórshavn, 2019)
[3205127] Failed to build match row: B36 Tórshavn vs Crusaders FC
[3288434] Could not find attributes for denis trunkin (Pskov-747 (-2020), 2013)
[3288434] Failed to build match row: Pskov-747 (-2020) vs FC Tosno (-2018)

Keepers & outfield error for **CS Marítimo** in Futebol Clube de Arouca vs CS Marítimo: Numbers: 0 and 11.
[2609435] Failed to build match row: Futebol Clube de Arouca vs CS Marítimo
[2700425] Could not find attributes for matus hruska (Spartak Myjava, 2016)
[3199389] Failed to scrape lineup: https://www.transfermarkt.co.uk/stade-reims_losc-lille/index/spielbericht/3199389
[2700425] Failed to build match row: Spartak Myjava vs FC Admira Wacker Mödling
[2335142] Could not find attributes for maicon bolt (Футбольный клуб "Локомотив" Москва, 2013)

Keepers & outfield error for **Panthessalonikios Athlitikos Omilos Konstantinoupoliton** in Panthessalonikios Athlitikos Omilos Konstantinoupoliton vs Panionios Athens: Numbers: 2 and 9.
[2847917] Could not find attributes for gregor balazic (Ural Yekaterinburg, 2016)

Keepers & outfield error for **Lille Olympique Sporting Club** in Nîmes Olympique vs Lille Olympique Sporting Club: Numbers: 2 and 9.
[3031974] Failed to build match row: Panthessalonikios Athlitikos Omilos Konstantinoupoliton vs Panionios Athens
[2335142] Failed to build match row: Ural Yekaterinburg vs Футбольный клуб "Локомотив" Москва
[3394745] Failed to build match row: Nîmes Olympique vs Lille Olympique Sporting Club
[2688644] Could not find attributes for mauricio antonio (CS Marítimo, 2015)
[2688644] Failed to build match row: CS Marítimo vs Sport Lisboa e Benfica
[2346175] Could not find attributes for serkan kirintili (Çaykur Rizespor Kulübü, 2013)
[2346175] Failed to build match row: Çaykur Rizespor Kulübü vs Trabzonspor Kulübü
[3205128] Failed to scrape lineup: https://www.transfermarkt.co.uk/spielbericht/index/spielbericht/3205128
[2891469] Failed to scrape lineup: https://www.transfermarkt.co.uk/olympiacos-piraeus_paok-thessaloniki/index/spielbericht/2891469
[2500399] Could not find attributes for ruper (CD Mirandés, 2014)
[2500399] Failed to build match row: CD Mirandés vs Alaves
[2489367] Could not find attributes for dimitrios kyriakidis (AO Xanthi, 2014)
ted Football Club vs Norwich City: Numbers: 2 and 9.
[2489367] Failed to build match row: AO Xanthi vs AOK Kerkyra
[3219420] Failed to build match row: West Ham United Football Club vs Norwich City
[3211519] Could not find attributes for dominik greif (Slovan Bratislava, 2019)
[3211519] Failed to build match row: Slovan Bratislava vs FK Sutjeska Niksic

Keepers & outfield error for **Bologna Football Club 1909** in Bologna Football Club 1909 vs Chievo Verona: Numbers: 0 and 11.

Keepers & outfield error for **Paris Saint-Germain Football Club** in Football Club de Metz vs Paris Saint-Germain Football Club: Numbers: 2 and 9.
[2459762] Could not find attributes for karim el ahmadi (Feyenoord Rotterdam, 2014)
[2482240] Failed to build match row: Football Club de Metz vs Paris Saint-Germain Football Club
[2459762] Failed to build match row: Feyenoord Rotterdam vs ADO Den Haag

Keepers & outfield error for **Sporting Clube de Braga** in Sporting Clube de Braga vs Portimonense SC: Numbers: 3 and 8.
[3394746] Could not find attributes for kiki kouyate (Football Club de Metz, 2020)
[2726753] Failed to build match row: Bologna Football Club 1909 vs Chievo Verona
[2883615] Failed to build match row: Sporting Clube de Braga vs Portimonense SC
[3394746] Failed to build match row: Football Club de Metz vs Olympique Gymnaste Club Nice Côte d'Azur
Not enough players found for lineup: 0, 0.

Keepers & outfield error for **Olympiakos Syndesmos Filathlon Peiraios** in Olympiakos Syndesmos Filathlon Peiraios vs Athlitiki Enosi Konstantinoupoleos: Numbers: 0 and 11.
[2689316] Failed to build match row: Olympiakos Syndesmos Filathlon Peiraios vs Athlitiki Enosi Konstantinoupoleos
[3288435] Failed to scrape lineup: https://www.transfermarkt.co.uk/spielbericht/index/spielbericht/3288435
[2942777] Could not find attributes for kouadio yves dabila (Lille Olympique Sporting Club, 2017)
[2942777] Failed to build match row: Lille Olympique Sporting Club vs Racing Club de Strasbourg Alsace

Keepers & outfield error for **Watford FC** in Newcastle United Football Club vs Watford FC: Numbers: 2 and 9.
[3219421] Failed to build match row: Newcastle United Football Club vs Watford FC
[2609436] Could not find attributes for kuca (CF Os Belenenses, 2015)
[2589187] Could not find attributes for marcos gullon (Roda JC Kerkrade, 2015)
[2609436] Failed to build match row: CF Os Belenenses vs Boavista FC
[2589187] Failed to build match row: Nijmegen Eendracht Combinatie vs Roda JC Kerkrade

Keepers & outfield error for **Manchester United Football Club** in Valencia Club de Fútbol S. A. D. vs Manchester United Football Club: Numbers: 0 and 11.
[3098058] Failed to build match row: Valencia Club de Fútbol S. A. D. vs Manchester United Football Club
[2600624] Could not find attributes for kamil grosicki (Rennes, 2015)
[2600624] Failed to build match row: Rennes vs SM Caen
[2581827] Could not find attributes for hotaru yamaguchi (Hannover 96, 2015)
[2581827] Failed to build match row: Hannover 96 vs 1. Fußball- und Sportverein Mainz 05
[3076991] Could not find attributes for antonis stergiakis (Slavia Sofia, 2018)
[3076991] Failed to build match row: Slavia Sofia vs HNK Hajduk Split
[2346176] Could not find attributes for boy waterman (Kardemir Karabükspor, 2013)
[2346176] Failed to build match row: Kardemir Karabükspor vs Elazigspor
[3134822] Could not find attributes for moez ben cherifia (Esperance Tunis, 2018)
[3134822] Failed to build match row: Esperance Tunis vs Al-Ain FC
[2891470] Could not find attributes for athanasios panteliadis (PAS Lamia 1964, 2017)
[2891470] Failed to build match row: Panthessalonikios Athlitikos Omilos Konstantinoupoliton vs PAS Lamia 1964
[2711518] Could not find attributes for tadas simaitis (Kapaz PFK, 2016)
[2700426] Could not find attributes for lajos hegedus (MTK Budapest, 2016)
[2711518] Failed to build match row: FC Admira Wacker Mödling vs Kapaz PFK
[2700426] Failed to build match row: MTK Budapest vs FK Aktobe

Keepers & outfield error for **Grupo Desportivo Estoril Praia** in Grupo Desportivo Estoril Praia vs Vitória Sport Clube: Numbers: 0 and 11.
[2883616] Failed to build match row: Grupo Desportivo Estoril Praia vs Vitória Sport Clube
[2735690] Could not find attributes for philippe koch (Novara Calcio 1908, 2016)
[2735690] Failed to build match row: Novara Calcio 1908 vs SS Juve Stabia
[2478612] Could not find attributes for ignazio abate (Associazione Calcio Milan, 2014)

Keepers & outfield error for **Futebol Clube do Porto** in Futebol Clube do Porto vs GD Chaves: Numbers: 2 and 9.
[2618792] Could not find attributes for brad smith (Liverpool Football Club, 2015)
[2478612] Failed to build match row: Associazione Calcio Milan vs Juventus Football Club
[3069372] Failed to build match row: Futebol Clube do Porto vs GD Chaves
[2618792] Failed to build match row: FC Sion vs Liverpool Football Club
Not enough players found for lineup: 0, 0.
[2914240] Could not find attributes for bashkim ajdini (VfL Osnabrück, 2017)
[3288446] Failed to scrape lineup: https://www.transfermarkt.co.uk/spielbericht/index/spielbericht/3288446
[2914240] Failed to build match row: VfL Osnabrück vs 1.FC Nuremberg
[2518636] Could not find attributes for stathis tavlaridis (Panathinaikos Athlitikos Omilos, 2014)
[2518636] Failed to build match row: Panathinaikos Athlitikos Omilos vs Panthessalonikios Athlitikos Omilos Konstantinoupoliton
[2459763] Could not find attributes for christian kum (Football Club Utrecht, 2014)
[2459763] Failed to build match row: Football Club Utrecht vs Prins Hendrik Ende Desespereert Nimmer Combinatie Zwolle
[2589189] Could not find attributes for christian kum (Football Club Utrecht, 2015)
[2589189] Failed to build match row: Football Club Utrecht vs Alkmaar Zaanstreek

Keepers & outfield error for **CF Os Belenenses** in CF Os Belenenses vs Sporting Clube de Braga: Numbers: 0 and 11.
[2720979] Failed to build match row: CF Os Belenenses vs Sporting Clube de Braga

Keepers & outfield error for **UC Sampdoria** in UC Sampdoria vs Football Club Internazionale Milano S.p.A.: Numbers: 0 and 11.
[2359531] Failed to build match row: UC Sampdoria vs Football Club Internazionale Milano S.p.A.
[2500747] Could not find attributes for marinus snoek (SV Urk, 2014)

Keepers & outfield error for **SPAL** in Associazione Sportiva Roma vs SPAL: Numbers: 0 and 11.
[3098548] Could not find attributes for maksym guridov (Nyva Vinnytsya, 2018)
[3205129] Could not find attributes for matko obradovic (NS Mura, 2019)
[3077000] Could not find attributes for andrey klimovich (Shakhter Soligorsk, 2018)
[2500747] Failed to build match row: SV Urk vs AFC Ajax Amsterdam

Keepers & outfield error for **FC Paços de Ferreira** in FC Paços de Ferreira vs Desportivo Aves (- 2020): Numbers: 2 and 9.
[3098548] Failed to build match row: Nyva Vinnytsya vs Girnyk Kryvyi Rig
[3229325] Failed to build match row: Associazione Sportiva Roma vs SPAL
[3205129] Failed to build match row: NS Mura vs Maccabi Haifa
[2891471] Could not find attributes for georgios athanasiadis (A.G.S Asteras Tripolis, 2017)
[3077000] Failed to build match row: Shakhter Soligorsk vs KKS Lech Poznań Spółka Akcyjna
[2883617] Failed to build match row: FC Paços de Ferreira vs Desportivo Aves (- 2020)
[2891471] Failed to build match row: A.G.S Asteras Tripolis vs Panionios Athens
[3081227] Failed to scrape lineup: https://www.transfermarkt.co.uk/genoa-cfc_ac-milan/index/spielbericht/3081227
[2711519] Could not find attributes for maksims uvarenko (JFK Ventspils, 2016)
[2711519] Failed to build match row: Aberdeen Football Club vs JFK Ventspils
[2700490] Could not find attributes for tadas simaitis (Kapaz PFK, 2016)

Keepers & outfield error for **Palermo FC** in Palermo FC vs Football Club Internazionale Milano S.p.A.: Numbers: 0 and 11.
[2321341] Could not find attributes for mattia maggio (Hamburger Sport Verein, 2013)
[2478613] Failed to build match row: Palermo FC vs Football Club Internazionale Milano S.p.A.
[2700490] Failed to build match row: Kapaz PFK vs Dacia Chisinau
[2321341] Failed to build match row: Fußball-Club Augsburg 1907 vs Hamburger Sport Verein

Keepers & outfield error for **CS Marítimo** in CS Marítimo vs Clube Desportivo Santa Clara: Numbers: 2 and 9.
[2330983] Failed to scrape lineup: https://www.transfermarkt.co.uk/olympique-lyon_fc-sochaux-montbeliard/index/spielbericht/2330983
[3069373] Failed to build match row: CS Marítimo vs Clube Desportivo Santa Clara
[2518637] Could not find attributes for kevin olimpa (AO Platanias, 2014)
[2518637] Failed to build match row: AO Platanias vs APO Levadiakos Football Club
[2482241] Failed to scrape lineup: https://www.transfermarkt.co.uk/as-monaco_sm-caen/index/spielbericht/2482241
[2609437] Failed to scrape lineup: https://www.transfermarkt.co.uk/sl-benfica_rio-ave-fc/index/spielbericht/2609437
[2639089] Failed to scrape lineup: https://www.transfermarkt.co.uk/spielbericht/index/spielbericht/2639089
[2335144] Failed to scrape lineup: https://www.transfermarkt.co.uk/tom-tomsk_zenit-st-petersburg/index/spielbericht/2335144
[2899666] Failed to scrape lineup: https://www.transfermarkt.co.uk/ud-las-palmas_levante-ud/index/spielbericht/2899666
[2600625] Failed to scrape lineup: https://www.transfermarkt.co.uk/stade-reims_ogc-nice/index/spielbericht/2600625
[2581828] Failed to scrape lineup: https://www.transfermarkt.co.uk/hertha-bsc_borussia-dortmund/index/spielbericht/2581828
[2883618] Could not find attributes for jorginho (GD Chaves, 2017)
[2883618] Failed to build match row: GD Chaves vs Sport Lisboa e Benfica
[3081228] Could not find attributes for valon behrami (Udinese Calcio, 2018)
Not enough players found for lineup: 11, 12.
[2767519] Failed to scrape lineup: https://www.transfermarkt.co.uk/spielbericht/index/spielbericht/2767519
[3081228] Failed to build match row: Udinese Calcio vs Parma Calcio 1913
[2346177] Failed to scrape lineup: https://www.transfermarkt.co.uk/konyaspor_sivasspor/index/spielbericht/2346177
[3077001] Could not find attributes for pedro tiba (KKS Lech Poznań Spółka Akcyjna, 2018)
[3077001] Failed to build match row: KKS Lech Poznań Spółka Akcyjna vs Shakhter Soligorsk
[2735691] Could not find attributes for fabrizio alastra (SS Matera Calcio, 2016)
ex/spielbericht/3135203
[3219423] Failed to scrape lineup: https://www.transfermarkt.co.uk/chelsea-fc_sheffield-united/index/spielbericht/3219423
[2735691] Failed to build match row: US Latina Calcio vs SS Matera Calcio
[3098549] Could not find attributes for roman gerych (FK Kalush, 2018)
[3098549] Failed to build match row: FK Kalush vs TOV FK Metalist 1925 Kharkiv
[3211520] Could not find attributes for roberts ozols (Riga FC, 2019)
[2489368] Could not find attributes for alexander tambakis (Niki Volou, 2014)
[3211520] Failed to build match row: Dundalk FC vs Riga FC
[2489368] Failed to build match row: Niki Volou vs APS Atromitos Athinon
[3288447] Could not find attributes for anton smyslov (FC Tosno (-2018), 2013)
[3288447] Failed to build match row: FC Tosno (-2018) vs FС Vologda (-2014)
[3394747] Failed to scrape lineup: https://www.transfermarkt.co.uk/paris-saint-germain_stade-brestois-29/index/spielbericht/3394747
[3034018] Could not find attributes for aleksey skvortsov (FC Tosno (-2018), 2017)
[3199392] Failed to scrape lineup: https://www.transfermarkt.co.uk/olympique-lyon_fc-girondins-bordeaux/index/spielbericht/3199392
[2720981] Could not find attributes for heliardo (Clube Desportivo de Tondela, 2016)
[3034018] Failed to build match row: FC Tosno (-2018) vs Avangard Kursk
[2720981] Failed to build match row: Moreirense Futebol Clube vs Clube Desportivo de Tondela
[2618793] Failed to scrape lineup: https://www.transfermarkt.co.uk/spielbericht/index/spielbericht/2618793
[2914241] Failed to scrape lineup: https://www.transfermarkt.co.uk/spielbericht/index/spielbericht/2914241
[3081229] Could not find attributes for albin ekdal (UC Sampdoria, 2018)
[3081229] Failed to build match row: Associazione Calcio Fiorentina vs UC Sampdoria
[2346178] Could not find attributes for jerry akaminko (Eskisehirspor, 2013)
[2346178] Failed to build match row: Eskisehirspor vs Fenerbahçe Spor Kulübü
[3219424] Could not find attributes for patrick van aanholt (Crystal Palace Football Club, 2019)
[3219424] Failed to build match row: Crystal Palace Football Club vs Aston Villa Football Club
[2942779] Failed to scrape lineup: https://www.transfermarkt.co.uk/angers-sco_amiens-sc/index/spielbericht/2942779

Keepers & outfield error for **Valencia Club de Fútbol S. A. D.** in Valencia Club de Fútbol S. A. D. vs CD Leganés: Numbers: 0 and 11.
[2489369] Could not find attributes for athanasios panteliadis (A.G.S Asteras Tripolis, 2014)
[2899667] Failed to build match row: Valencia Club de Fútbol S. A. D. vs CD Leganés
[2489369] Failed to build match row: A.G.S Asteras Tripolis vs APO Levadiakos Football Club

Keepers & outfield error for **Paris Saint-Germain Football Club** in Paris Saint-Germain Football Club vs Olympique Lyonnais: Numbers: 2 and 9.
[2600626] Failed to build match row: Paris Saint-Germain Football Club vs Olympique Lyonnais

Keepers & outfield error for **Olympique Lyonnais** in Rennes vs Olympique Lyonnais: Numbers: 2 and 9.
[3394748] Failed to build match row: Rennes vs Olympique Lyonnais
Not enough players found for lineup: 0, 0.
[3288448] Failed to scrape lineup: https://www.transfermarkt.co.uk/spielbericht/index/spielbericht/3288448
Not enough players found for lineup: 0, 0.
[3098550] Failed to scrape lineup: https://www.transfermarkt.co.uk/spielbericht/index/spielbericht/3098550
[2346179] Could not find attributes for emrah tuncel (Akhisarspor, 2013)
[2346179] Failed to build match row: Akhisarspor vs Gençlerbirliği Spor Kulübü

Keepers & outfield error for **Vitória Setúbal FC** in Futebol Clube do Porto vs Vitória Setúbal FC: Numbers: 0 and 11.
[2720982] Failed to build match row: Futebol Clube do Porto vs Vitória Setúbal FC
[2500748] Failed to scrape lineup: https://www.transfermarkt.co.uk/spielbericht/index/spielbericht/2500748
[3205130] Failed to scrape lineup: https://www.transfermarkt.co.uk/spielbericht/index/spielbericht/3205130
[3229326] Failed to scrape lineup: https://www.transfermarkt.co.uk/atalanta-bc_ac-milan/index/spielbericht/3229326
[2891472] Failed to scrape lineup: https://www.transfermarkt.co.uk/panathinaikos-fc_ae-larisa/index/spielbericht/2891472
[3394749] Could not find attributes for trevoh chalobah (Football Club Lorient-Bretagne Sud, 2020)
[3394749] Failed to build match row: FC Girondins Bordeaux vs Football Club Lorient-Bretagne Sud

Keepers & outfield error for **Futebol Clube do Porto** in Clube Desportivo de Tondela vs Futebol Clube do Porto: Numbers: 2 and 9.
[2883620] Failed to build match row: Clube Desportivo de Tondela vs Futebol Clube do Porto
[2711520] Failed to scrape lineup: https://www.transfermarkt.co.uk/spielbericht/index/spielbericht/2711520
[2330984] Failed to scrape lineup: https://www.transfermarkt.co.uk/ac-ajaccio_paris-saint-germain/index/spielbericht/2330984
[3069374] Failed to scrape lineup: https://www.transfermarkt.co.uk/sl-benfica_vitoria-guimaraes-sc/index/spielbericht/3069374
[2478614] Failed to scrape lineup: https://www.transfermarkt.co.uk/as-roma_cagliari-calcio/index/spielbericht/2478614
[2321342] Failed to scrape lineup: https://www.transfermarkt.co.uk/hertha-bsc_eintracht-braunschweig/index/spielbericht/2321342
[3219425] Could not find attributes for marc albrighton (Leicester City, 2019)
[3219425] Failed to build match row: Leicester City vs Association Football Club Bournemouth
[2767520] Could not find attributes for adrian jimenez (CD Toledo, 2016)
[2767520] Failed to build match row: CD Toledo vs Villarreal Club de Fútbol S.A.D.

Keepers & outfield error for **Valencia Club de Fútbol S. A. D.** in Espanol vs Valencia Club de Fútbol S. A. D.: Numbers: 0 and 11.
[2899668] Failed to build match row: Espanol vs Valencia Club de Fútbol S. A. D.
[2518638] Failed to scrape lineup: https://www.transfermarkt.co.uk/aok-kerkyra_ofi-crete-fc/index/spielbericht/2518638
[2346180] Could not find attributes for serdar aziz (Bursaspor, 2013)
[2346180] Failed to build match row: Galatasaray Spor Kulübü vs Bursaspor
[2720983] Could not find attributes for heliardo (Clube Desportivo de Tondela, 2016)
[2720983] Failed to build match row: Clube Desportivo de Tondela vs Grupo Desportivo Estoril Praia
[2482242] Failed to scrape lineup: https://www.transfermarkt.co.uk/montpellier-hsc_fc-toulouse/index/spielbericht/2482242
[2891473] Could not find attributes for athanasios panteliadis (PAS Lamia 1964, 2017)
[2891473] Failed to build match row: PAS Lamia 1964 vs AO Platanias
[2726755] Failed to scrape lineup: https://www.transfermarkt.co.uk/ac-milan_genoa-cfc/index/spielbericht/2726755
[2639579] Failed to scrape lineup: https://www.transfermarkt.co.uk/spielbericht/index/spielbericht/2639579
[2341155] Could not find attributes for miguel angel corona (UD Almería, 2013)
[2341155] Failed to build match row: UD Almería vs Rayo Vallecano de Madrid S. A. D.
[2581829] Failed to scrape lineup: https://www.transfermarkt.co.uk/tsg-1899-hoffenheim_sv-darmstadt-98/index/spielbericht/2581829

Keepers & outfield error for **Sporting Clube de Portugal** in Sporting Clube de Portugal vs Vitória Setúbal FC: Numbers: 0 and 11.
[2883621] Failed to build match row: Sporting Clube de Portugal vs Vitória Setúbal FC

Keepers & outfield error for **Watford FC** in Watford FC vs West Ham United Football Club: Numbers: 2 and 9.
[2711521] Could not find attributes for jason mooney (Cliftonville FC, 2016)
[2711521] Failed to build match row: Cliftonville FC vs AEK Larnaca
[3219426] Failed to build match row: Watford FC vs West Ham United Football Club
[2321343] Could not find attributes for milos jojic (Borussia Dortmund, 2013)
[3081231] Could not find attributes for ola aina (Torino Calcio, 2018)
[2321343] Failed to build match row: Borussia Dortmund vs Turn- und Sportgemeinschaft 1899 Hoffenheim Fußball-Spielbetriebs
[3081231] Failed to build match row: Associazione Sportiva Roma vs Torino Calcio
[3052142] Failed to scrape lineup: https://www.transfermarkt.co.uk/az-alkmaar_vitesse-arnhem/index/spielbericht/3052142
[2518639] Could not find attributes for andrey gorbunov (APS Atromitos Athinon, 2014)
[2518639] Failed to build match row: APS Atromitos Athinon vs Panthrakikos Komotini
[2700627] Failed to scrape lineup: https://www.transfermarkt.co.uk/ado-den-haag_go-ahead-eagles/index/spielbericht/2700627
[2735692] Failed to scrape lineup: https://www.transfermarkt.co.uk/spielbericht/index/spielbericht/2735692
[2847918] Could not find attributes for maicon bolt (Футбольный клуб "Локомотив" Москва, 2016)
[2609439] Failed to scrape lineup: https://www.transfermarkt.co.uk/estoril-praia_vitoria-guimaraes-sc/index/spielbericht/2609439
[2847918] Failed to build match row: Футбольный клуб "Локомотив" Москва vs AO FK Zenit Sankt-Peterburg
[2459766] Failed to scrape lineup: https://www.transfermarkt.co.uk/go-ahead-eagles_excelsior-rotterdam/index/spielbericht/2459766

Keepers & outfield error for **Levante Unión Deportiva S.A.D.** in Levante Unión Deportiva S.A.D. vs Espanol: Numbers: 2 and 9.
[2341156] Failed to build match row: Levante Unión Deportiva S.A.D. vs Espanol
[2359534] Failed to scrape lineup: https://www.transfermarkt.co.uk/bologna-fc-1909_parma-fc/index/spielbericht/2359534
[2618794] Failed to scrape lineup: https://www.transfermarkt.co.uk/spielbericht/index/spielbericht/2618794
[2577899] Failed to scrape lineup: https://www.transfermarkt.co.uk/manchester-united_newcastle-united/index/spielbericht/2577899
[2942780] Failed to scrape lineup: https://www.transfermarkt.co.uk/as-monaco_olympique-lyon/index/spielbericht/2942780

Keepers & outfield error for **Genoa Cricket and Football Club** in Football Club Internazionale Milano S.p.A. vs Genoa Cricket and Football Club: Numbers: 0 and 11.
[3081232] Could not find attributes for darijo srna (Cagliari Calcio, 2018)
[3229328] Failed to build match row: Football Club Internazionale Milano S.p.A. vs Genoa Cricket and Football Club
[2518640] Could not find attributes for bojan saranov (GS Ergotelis, 2014)
[3034153] Failed to scrape lineup: https://www.transfermarkt.co.uk/spielbericht/index/spielbericht/3034153
[2489370] Failed to scrape lineup: https://www.transfermarkt.co.uk/ao-platanias_paok-thessaloniki/index/spielbericht/2489370
[3081232] Failed to build match row: Unione Sportiva Sassuolo Calcio vs Cagliari Calcio
c-ajaccio/index/spielbericht/2600627
[2518640] Failed to build match row: GS Ergotelis vs Panathinaikos Athlitikos Omilos
[2690027] Failed to scrape lineup: https://www.transfermarkt.co.uk/spielbericht/index/spielbericht/2690027
[3288449] Failed to scrape lineup: https://www.transfermarkt.co.uk/spielbericht/index/spielbericht/3288449
[2872239] Failed to scrape lineup: https://www.transfermarkt.co.uk/manchester-united_brighton-amp-hove-albion/index/spielbericht/2872239
[3135800] Failed to scrape lineup: https://www.transfermarkt.co.uk/spielbericht/index/spielbericht/3135800
[3098551] Failed to scrape lineup: https://www.transfermarkt.co.uk/spielbericht/index/spielbericht/3098551
[2847919] Could not find attributes for aleksandr melikhov (Tom Tomsk, 2016)
[3077230] Failed to scrape lineup: https://www.transfermarkt.co.uk/ajax-amsterdam_willem-ii-tilburg/index/spielbericht/3077230
[2459767] Could not find attributes for guyon fernandez (Nooit Opgeven Altijd Doorzetten Aangenaam Door Vermaak En Nuttig Door Ontspanning Combinatie Breda, 2014)
[2847919] Failed to build match row: Tom Tomsk vs FK Krasnodar
[2459767] Failed to build match row: Nooit Opgeven Altijd Doorzetten Aangenaam Door Vermaak En Nuttig Door Ontspanning Combinatie Breda vs Eindhovense Voetbalvereniging Philips Sport Vereniging
[2500749] Failed to scrape lineup: https://www.transfermarkt.co.uk/spielbericht/index/spielbericht/2500749
[3252467] Could not find attributes for matvey safonov (FK Krasnodar, 2019)
[3205131] Failed to scrape lineup: https://www.transfermarkt.co.uk/spielbericht/index/spielbericht/3205131
[3252467] Failed to build match row: Trabzonspor Kulübü vs FK Krasnodar
[2359535] Could not find attributes for Jonatan Cristaldo (Bologna Football Club 1909, 2013)

Keepers & outfield error for **Celta** in UCAM Murcia CF vs Celta: Numbers: 0 and 11.
[2767521] Failed to build match row: UCAM Murcia CF vs Celta
[2359535] Failed to build match row: Juventus Football Club vs Bologna Football Club 1909
[2726756] Failed to scrape lineup: https://www.transfermarkt.co.uk/torino-fc_inter-milan/index/spielbericht/2726756

Keepers & outfield error for **Getafe Club de Fútbol S. A. D. Team Dubai** in Espanol vs Getafe Club de Fútbol S. A. D. Team Dubai: Numbers: 0 and 11.
[2891474] Failed to scrape lineup: https://www.transfermarkt.co.uk/ao-platanias_ae-larisa/index/spielbericht/2891474
[2600628] Could not find attributes for casimir ninga (Montpellier HSC, 2015)
[2600628] Failed to build match row: Montpellier HSC vs EA Guingamp
[3211521] Could not find attributes for gareth deane (Linfield FC, 2019)
[2899669] Failed to build match row: Espanol vs Getafe Club de Fútbol S. A. D. Team Dubai
[2478615] Failed to scrape lineup: https://www.transfermarkt.co.uk/us-sassuolo_uc-sampdoria/index/spielbericht/2478615
[3211521] Failed to build match row: Linfield FC vs Rosenborg Ballklub
[2872240] Could not find attributes for tom cleverley (Watford FC, 2017)
Not enough players found for lineup: 0, 0.
[3219427] Failed to scrape lineup: https://www.transfermarkt.co.uk/sheffield-united_leicester-city/index/spielbericht/3219427
[2872240] Failed to build match row: Newcastle United Football Club vs Watford FC
[3052143] Failed to scrape lineup: https://www.transfermarkt.co.uk/fc-emmen_de-graafschap-doetinchem/index/spielbericht/3052143
[2321344] Failed to scrape lineup: https://www.transfermarkt.co.uk/borussia-monchengladbach_1-fsv-mainz-05/index/spielbericht/2321344
[3098552] Failed to scrape lineup: https://www.transfermarkt.co.uk/spielbericht/index/spielbericht/3098552
[2711522] Failed to scrape lineup: https://www.transfermarkt.co.uk/spielbericht/index/spielbericht/2711522
[2489371] Could not find attributes for danijel pranjic (Panathinaikos Athlitikos Omilos, 2014)
[3394751] Failed to scrape lineup: https://www.transfermarkt.co.uk/rc-lens_rc-strasbourg-alsace/index/spielbericht/3394751
[2489371] Failed to build match row: Panathinaikos Athlitikos Omilos vs Panionios Athens
[3069375] Could not find attributes for miguel cardoso (Clube Desportivo de Tondela, 2018)
[3069375] Failed to build match row: Clube Desportivo de Tondela vs B SAD
[2341157] Failed to scrape lineup: https://www.transfermarkt.co.uk/real-betis-balompie_levante-ud/index/spielbericht/2341157
[2618795] Could not find attributes for filip kljajic (Fudbalski Klub Partizan Beograd, 2015)
[2618795] Failed to build match row: Alkmaar Zaanstreek vs Fudbalski Klub Partizan Beograd
[3034154] Could not find attributes for mykola matvienko (FC Shakhtar Donetsk, 2017)
[3034154] Failed to build match row: FC Shakhtar Donetsk vs FK Mariupol
[2609440] Failed to scrape lineup: https://www.transfermarkt.co.uk/moreirense-fc_cd-nacional/index/spielbericht/2609440
[2639581] Could not find attributes for bogdan karyukin (Dinamo Barnaul, 2015)
[2639581] Failed to build match row: Dinamo Barnaul vs FC Novokuznetsk

Keepers & outfield error for **CD Leganés** in Celta vs CD Leganés: Numbers: 0 and 11.
[2899670] Failed to build match row: Celta vs CD Leganés
[2891475] Could not find attributes for athanasios panteliadis (PAS Lamia 1964, 2017)

Keepers & outfield error for **Unione Sportiva Lecce** in Unione Sportiva Lecce vs Bologna Football Club 1909: Numbers: 0 and 11.
[2891475] Failed to build match row: PAS Lamia 1964 vs Panathinaikos Athlitikos Omilos
[3229330] Failed to build match row: Unione Sportiva Lecce vs Bologna Football Club 1909
[2482244] Failed to scrape lineup: https://www.transfermarkt.co.uk/ogc-nice_stade-reims/index/spielbericht/2482244
[2379779] Could not find attributes for duane courtney (Tamworth FC, 2013)
[2379779] Failed to build match row: Tamworth FC vs Cheltenham Town
[3199395] Could not find attributes for adil aouchiche (Paris Saint-Germain Football Club, 2019)
[3052144] Could not find attributes for ben rienstra (Sportclub Heerenveen, 2018)
[3394752] Could not find attributes for jimmy cabot (Angers Sporting Club de l'Ouest, 2020)
[3199395] Failed to build match row: Football Club de Metz vs Paris Saint-Germain Football Club
[3052144] Failed to build match row: VVV-Venlo vs Sportclub Heerenveen
[3394752] Failed to build match row: Association sportive de Monaco Football Club vs Angers Sporting Club de l'Ouest
[3098553] Could not find attributes for vitaliy onopko (Myr Gornostaivka, 2018)
[3205132] Could not find attributes for dmitriy gushchenko (FC Vitebsk, 2019)
[2489372] Could not find attributes for dele adeleye (Omilos Filathlon Irakliou FC, 2014)
[2478616] Could not find attributes for cesare bovo (Torino Calcio, 2014)
[3098553] Failed to build match row: Myr Gornostaivka vs Ingulets Petrove
[2489372] Failed to build match row: Omilos Filathlon Irakliou FC vs Veria NPS
[3205132] Failed to build match row: FC Vitebsk vs Kuopion Palloseura
[2478616] Failed to build match row: Torino Calcio vs Verona Hellas Football Club
[2692765] Failed to scrape lineup: https://www.transfermarkt.co.uk/spielbericht/index/spielbericht/2692765
[2346181] Could not find attributes for alex telles (Galatasaray Spor Kulübü, 2013)
�tbol S.A.D. vs Sevilla Fútbol Club S.A.D.: Numbers: 0 and 11.
[2346181] Failed to build match row: Galatasaray Spor Kulübü vs Eskisehirspor
[2589191] Could not find attributes for wout brama (Prins Hendrik Ende Desespereert Nimmer Combinatie Zwolle, 2015)
[2899671] Failed to build match row: Villarreal Club de Fútbol S.A.D. vs Sevilla Fútbol Club S.A.D.
[2589191] Failed to build match row: Prins Hendrik Ende Desespereert Nimmer Combinatie Zwolle vs Eindhovense Voetbalvereniging Philips Sport Vereniging
[2639582] Could not find attributes for nikita medvedev (Zenit Izhevsk, 2015)
[2518641] Failed to scrape lineup: https://www.transfermarkt.co.uk/olympiacos-piraeus_skoda-xanthi/index/spielbericht/2518641
[3135801] Failed to scrape lineup: https://www.transfermarkt.co.uk/spielbericht/index/spielbericht/3135801
[2639582] Failed to build match row: Zenit Izhevsk vs Neftekhimik Nizhnekamsk
[3081233] Failed to scrape lineup: https://www.transfermarkt.co.uk/chievo-verona_acf-fiorentina/index/spielbericht/3081233
[2335149] Failed to scrape lineup: https://www.transfermarkt.co.uk/zenit-st-petersburg_spartak-moscow/index/spielbericht/2335149
[2581830] Failed to scrape lineup: https://www.transfermarkt.co.uk/fc-ingolstadt-04_fc-augsburg/index/spielbericht/2581830
[2459768] Failed to scrape lineup: https://www.transfermarkt.co.uk/sc-heerenveen_feyenoord-rotterdam/index/spielbericht/2459768
[2735695] Could not find attributes for nicola ravaglia (Unione Sportiva Cremonese S.p.A., 2016)
[2735695] Failed to build match row: AS Cittadella vs Unione Sportiva Cremonese S.p.A.
[2359536] Failed to scrape lineup: https://www.transfermarkt.co.uk/genoa-cfc_cagliari-calcio/index/spielbericht/2359536

Keepers & outfield error for **Vitesse Arnhem** in Eindhovense Voetbalvereniging Philips Sport Vereniging vs Vitesse Arnhem: Numbers: 0 and 11.
[3077232] Failed to build match row: Eindhovense Voetbalvereniging Philips Sport Vereniging vs Vitesse Arnhem
Not enough players found for lineup: 0, 11.
[3394753] Could not find attributes for yuto nagatomo (Olympique de Marseille, 2020)
[2600630] Could not find attributes for alban lafont (Toulouse Football Club, 2015)
[3098555] Failed to scrape lineup: https://www.transfermarkt.co.uk/spielbericht/index/spielbericht/3098555
[2767522] Failed to scrape lineup: https://www.transfermarkt.co.uk/spielbericht/index/spielbericht/2767522
[2693536] Could not find attributes for rob kiernan (Rangers Football Club, 2015)
[2600630] Failed to build match row: Football Club de Nantes vs Toulouse Football Club
[2693536] Failed to build match row: Rangers Football Club vs Hibernian Football Club

Keepers & outfield error for **Cagliari Calcio** in Cagliari Calcio vs Società Sportiva Lazio S.p.A.: Numbers: 0 and 11.
[2346182] Could not find attributes for vanja ivesa (Elazigspor, 2013)
[2346182] Failed to build match row: Elazigspor vs Kayserispor Kulübü
[2469957] Could not find attributes for kaan kanak (Eskisehirspor, 2014)
[2726758] Failed to build match row: Cagliari Calcio vs Società Sportiva Lazio S.p.A.

Keepers & outfield error for **Association Football Club Bournemouth** in Swansea City vs Association Football Club Bournemouth: Numbers: 2 and 9.
[2469957] Failed to build match row: Eskisehirspor vs Gençlerbirliği Spor Kulübü
[2872242] Failed to build match row: Swansea City vs Association Football Club Bournemouth

Keepers & outfield error for **Clube Desportivo de Tondela** in Clube Desportivo de Tondela vs Vitória Setúbal FC: Numbers: 0 and 11.
[2609442] Failed to build match row: Clube Desportivo de Tondela vs Vitória Setúbal FC

Keepers & outfield error for **Málaga CF** in Real Madrid Club de Fútbol vs Málaga CF: Numbers: 0 and 11.
[3205133] Could not find attributes for grega sorcan (NK Domzale, 2019)
[2899672] Failed to build match row: Real Madrid Club de Fútbol vs Málaga CF
[2518643] Could not find attributes for nikolaos papadopoulos (Panionios Athens, 2014)
[3205133] Failed to build match row: NK Domzale vs Balzan FC
[2518643] Failed to build match row: Panionios Athens vs AO Platanias
[3288462] Could not find attributes for xabi irureta (UD San Sebastián de los Reyes, 2019)
[3288462] Failed to build match row: UD San Sebastián de los Reyes vs Córdoba CF

Keepers & outfield error for **Verona Hellas Football Club** in Atalanta Bergamasca Calcio S.p.a. vs Verona Hellas Football Club: Numbers: 0 and 11.
[2359537] Failed to build match row: Atalanta Bergamasca Calcio S.p.a. vs Verona Hellas Football Club
[3069376] Failed to scrape lineup: https://www.transfermarkt.co.uk/portimonense-sc_boavista-fc/index/spielbericht/3069376
[2711523] Failed to scrape lineup: https://www.transfermarkt.co.uk/spielbericht/index/spielbericht/2711523
[3034155] Failed to scrape lineup: https://www.transfermarkt.co.uk/spielbericht/index/spielbericht/3034155
[2346183] Could not find attributes for gokhan degirmenci (Kayseri Erciyesspor, 2013)
[2341158] Failed to scrape lineup: https://www.transfermarkt.co.uk/real-valladolid-cf_real-sociedad/index/spielbericht/2341158

Keepers & outfield error for **Wolverhampton Wanderers Football Club** in Wolverhampton Wanderers Football Club vs Burnley Football Club: Numbers: 0 and 11.
[2883631] Could not find attributes for leandrinho (Sivasspor, 2017)
[2346183] Failed to build match row: Kayseri Erciyesspor vs Çaykur Rizespor Kulübü
[3219428] Failed to build match row: Wolverhampton Wanderers Football Club vs Burnley Football Club
[2883631] Failed to build match row: Akhisarspor vs Sivasspor
[3098556] Could not find attributes for dmytro bezruk (Chornomorets Odesa, 2018)
[2891477] Could not find attributes for georgios athanasiadis (A.G.S Asteras Tripolis, 2017)
[3077233] Could not find attributes for ben rienstra (Sportclub Heerenveen, 2018)
[3098556] Failed to build match row: Chornomorets Odesa vs FC Oleksandriya
[2618798] Could not find attributes for zivko zivkovic (Fudbalski Klub Partizan Beograd, 2015)
[3077233] Failed to build match row: Sportclub Heerenveen vs FC Emmen
[2891477] Failed to build match row: Panthessalonikios Athlitikos Omilos Konstantinoupoliton vs A.G.S Asteras Tripolis
[2942783] Failed to scrape lineup: https://www.transfermarkt.co.uk/ogc-nice_fc-toulouse/index/spielbericht/2942783
[2618798] Failed to build match row: Fudbalski Klub Partizan Beograd vs Athletic Club Bilbao
[2589193] Could not find attributes for georgiy zhukov (Roda JC Kerkrade, 2015)
[2639583] Could not find attributes for dmitriy gavrikov (Khimik Dzerzhinsk, 2015)

Keepers & outfield error for **Sporting Clube de Portugal** in CF União Madeira (-2021) vs Sporting Clube de Portugal: Numbers: 0 and 11.
[2589193] Failed to build match row: Roda JC Kerkrade vs Willem II Tilburg
[2639583] Failed to build match row: Khimik Dzerzhinsk vs Shakhter Peshelan
[2609443] Failed to build match row: CF União Madeira (-2021) vs Sporting Clube de Portugal
[3229331] Failed to scrape lineup: https://www.transfermarkt.co.uk/parma-calcio-1913_brescia-calcio/index/spielbericht/3229331

Keepers & outfield error for **Alaves** in Alaves vs SD Eibar: Numbers: 2 and 9.
[2500750] Failed to scrape lineup: https://www.transfermarkt.co.uk/spielbericht/index/spielbericht/2500750
[2696808] Could not find attributes for oleksandr shovkovskyi (Futbolniy Klub Dynamo Kyiv, 2016)
[2899673] Failed to build match row: Alaves vs SD Eibar
[2696808] Failed to build match row: FC Shakhtar Donetsk vs Futbolniy Klub Dynamo Kyiv
[2849021] Could not find attributes for oleksiy shevchenko (FC Zorya Lugansk, 2016)
[2849021] Failed to build match row: FC Zorya Lugansk vs FC Oleksandriya
[2720984] Failed to build match row: Clube Desportivo Nacional vs Vitória Sport Clube

Keepers & outfield error for **Genoa Cricket and Football Club** in FC Empoli vs Genoa Cricket and Football Club: Numbers: 3 and 8.
[2518644] Could not find attributes for markos vellidis (PAS Giannina, 2014)
[3081235] Failed to build match row: FC Empoli vs Genoa Cricket and Football Club
[2518644] Failed to build match row: PAS Giannina vs Panetolikos Agrinio
[3211522] Failed to scrape lineup: https://www.transfermarkt.co.uk/spielbericht/index/spielbericht/3211522
[2489857] Failed to scrape lineup: https://www.transfermarkt.co.uk/spielbericht/index/spielbericht/2489857

Keepers & outfield error for **Sporting Clube de Braga** in Sporting Clube de Braga vs Clube Desportivo Nacional: Numbers: 0 and 11.
[2459769] Failed to scrape lineup: https://www.transfermarkt.co.uk/ado-den-haag_twente-enschede-fc/index/spielbericht/2459769
[3069377] Failed to build match row: Sporting Clube de Braga vs Clube Desportivo Nacional

Keepers & outfield error for **Lille Olympique Sporting Club** in Lille Olympique Sporting Club vs Stade Reims: Numbers: 2 and 9.
[2700631] Failed to scrape lineup: https://www.transfermarkt.co.uk/fc-groningen_feyenoord-rotterdam/index/spielbericht/2700631
[3394754] Failed to build match row: Lille Olympique Sporting Club vs Stade Reims
[2478619] Could not find attributes for ignazio abate (Associazione Calcio Milan, 2014)
Not enough players found for lineup: 0, 11.
[3199397] Could not find attributes for stephy mavididi (Dijon FCO, 2019)
[2482247] Could not find attributes for thibault giresse (EA Guingamp, 2014)
[2500751] Failed to scrape lineup: https://www.transfermarkt.co.uk/spielbericht/index/spielbericht/2500751
[2478619] Failed to build match row: FC Empoli vs Associazione Calcio Milan
[3081236] Could not find attributes for ola aina (Torino Calcio, 2018)

Keepers & outfield error for **FC Schalke 04** in Sport-Club Freiburg vs FC Schalke 04: Numbers: 2 and 9.
[3135802] Could not find attributes for lasse schone (AFC Ajax Amsterdam, 2018)
[2346184] Could not find attributes for yalcin ayhan (Kasımpaşa A.Ş., 2013)
[3199397] Failed to build match row: Dijon FCO vs Nîmes Olympique
[2482247] Failed to build match row: Thonon Évian Grand Genève FC vs EA Guingamp
[3135802] Failed to build match row: AFC Ajax Amsterdam vs Real Madrid Club de Fútbol
[3081236] Failed to build match row: Torino Calcio vs Football Club Internazionale Milano S.p.A.
[2321348] Failed to build match row: Sport-Club Freiburg vs FC Schalke 04
[2891478] Could not find attributes for matic kotnik (Panionios Athens, 2017)
[2346184] Failed to build match row: Kasımpaşa A.Ş. vs Konyaspor

Keepers & outfield error for **Olympique de Marseille** in Olympique de Marseille vs Football Club de Metz: Numbers: 2 and 9.

Keepers & outfield error for **Sport Lisboa e Benfica** in Sport Lisboa e Benfica vs Sporting Clube de Braga: Numbers: 0 and 11.
[2942784] Failed to build match row: Olympique de Marseille vs Football Club de Metz
[3288463] Failed to build match row: CF Rayo Majadahonda vs Racing Ferrol
[2600631] Could not find attributes for mouhamadou dabo (ESTAC Troyes, 2015)
[2891478] Failed to build match row: Panionios Athens vs Athlitiki Enosi Konstantinoupoleos
[2589194] Could not find attributes for hedwiges maduro (Football Club Groningen, 2015)
[2697210] Failed to build match row: Sport Lisboa e Benfica vs Sporting Clube de Braga

Keepers & outfield error for **Athletic Club Bilbao** in Athletic Club Bilbao vs Villarreal Club de Fútbol S.A.D.: Numbers: 2 and 9.
[2600631] Failed to build match row: ESTAC Troyes vs SC Bastia
Heracles Almelo
[2849022] Could not find attributes for dmytro bezruk (Chornomorets Odesa, 2016)
[2899674] Failed to build match row: Athletic Club Bilbao vs Villarreal Club de Fútbol S.A.D.
[2849022] Failed to build match row: Chornomorets Odesa vs FC Shakhtar Donetsk
[3205134] Could not find attributes for dobrivoj rusov (Spartak Trnava, 2019)
[3205134] Failed to build match row: Spartak Trnava vs FK Radnik Bijeljina

Keepers & outfield error for **Panthessalonikios Athlitikos Omilos Konstantinoupoliton** in Panthessalonikios Athlitikos Omilos Konstantinoupoliton vs A.G.S Asteras Tripolis: Numbers: 2 and 9.
[2518645] Failed to build match row: Panthessalonikios Athlitikos Omilos Konstantinoupoliton vs A.G.S Asteras Tripolis
[2720985] Could not find attributes for bakary bouba sare (Moreirense Futebol Clube, 2016)
[3052148] Could not find attributes for sepp van den berg (Prins Hendrik Ende Desespereert Nimmer Combinatie Zwolle, 2018)
[2720985] Failed to build match row: Vitória Setúbal FC vs Moreirense Futebol Clube
[3052148] Failed to build match row: Football Club Groningen vs Prins Hendrik Ende Desespereert Nimmer Combinatie Zwolle

Keepers & outfield error for **Vitória Setúbal FC** in Vitória Setúbal FC vs Desportivo Aves (- 2020): Numbers: 2 and 9.
[2577901] Failed to scrape lineup: https://www.transfermarkt.co.uk/watford-fc_southampton-fc/index/spielbericht/2577901
[3069378] Failed to build match row: Vitória Setúbal FC vs Desportivo Aves (- 2020)
[2726761] Could not find attributes for albano bizzarri (Delfino Pescara 1936, 2016)
[2726761] Failed to build match row: Atalanta Bergamasca Calcio S.p.a. vs Delfino Pescara 1936
[2711524] Could not find attributes for stefan logi magnusson (KR Reykjavík, 2016)
[2711524] Failed to build match row: KR Reykjavík vs Grasshopper Club Zürich
[2849023] Could not find attributes for zauri makharadze (Olimpik Donetsk, 2016)
[2849023] Failed to build match row: Olimpik Donetsk vs Futbolniy Klub Dynamo Kyiv
[3069379] Failed to scrape lineup: https://www.transfermarkt.co.uk/cd-feirense_rio-ave-fc/index/spielbericht/3069379
[3077235] Could not find attributes for ouasim bouy (Prins Hendrik Ende Desespereert Nimmer Combinatie Zwolle, 2018)
[2469958] Failed to scrape lineup: https://www.transfermarkt.co.uk/konyaspor_kayseri-erciyesspor/index/spielbericht/2469958
[2459770] Could not find attributes for wout brama (Prins Hendrik Ende Desespereert Nimmer Combinatie Zwolle, 2014)
[3077235] Failed to build match row: Fortuna Sittardia Combinatie vs Prins Hendrik Ende Desespereert Nimmer Combinatie Zwolle
[2359539] Could not find attributes for leandro rinaudo (US Livorno 1915, 2013)
[3219429] Could not find attributes for danny ings (Southampton FC, 2019)
[2459770] Failed to build match row: Prins Hendrik Ende Desespereert Nimmer Combinatie Zwolle vs FC Dordrecht

Keepers & outfield error for **Elche Club de Fútbol S.A.D.** in Elche Club de Fútbol S.A.D. vs Granada CF: Numbers: 0 and 11.

Keepers & outfield error for **Associazione Calcio Fiorentina** in Associazione Calcio Fiorentina vs Unione Sportiva Sassuolo Calcio: Numbers: 0 and 11.
[3219429] Failed to build match row: Brighton and Hove Albion Football Club vs Southampton FC
[2359539] Failed to build match row: Associazione Calcio Milan vs US Livorno 1915
[2942785] Could not find attributes for kouadio yves dabila (Lille Olympique Sporting Club, 2017)
[2379780] Could not find attributes for sam hatton (Grimsby Town, 2013)
[2720986] Could not find attributes for sinan bolat (Futebol Clube de Arouca, 2016)
[2341160] Failed to build match row: Elche Club de Fútbol S.A.D. vs Granada CF
[2767523] Could not find attributes for julen castaneda (Racing Santander, 2016)
[2379780] Failed to build match row: Grimsby Town vs Scunthorpe United
[2478620] Failed to build match row: Associazione Calcio Fiorentina vs Unione Sportiva Sassuolo Calcio
[2720986] Failed to build match row: Futebol Clube de Arouca vs Sporting Clube de Portugal
[2767523] Failed to build match row: Athletic Club Bilbao vs Racing Santander
[3098636] Could not find attributes for jakob jensen (B1908 Amager, 2018)
[2942785] Failed to build match row: Lille Olympique Sporting Club vs Paris Saint-Germain Football Club

Keepers & outfield error for **Vitória Sport Clube** in Arsenal Football Club vs Vitória Sport Clube: Numbers: 0 and 11.
[3229333] Could not find attributes for georgios kyriakopoulos (Unione Sportiva Sassuolo Calcio, 2019)
[2346185] Could not find attributes for ahmet calik (Gençlerbirliği Spor Kulübü, 2013)
[2914244] Could not find attributes for tony jantschke (Mönchengladbach, 2017)
[3098636] Failed to build match row: B1908 Amager vs Avarta
[3252472] Failed to build match row: Arsenal Football Club vs Vitória Sport Clube
[2346185] Failed to build match row: Gençlerbirliği Spor Kulübü vs Kardemir Karabükspor
[2914244] Failed to build match row: Fortuna Düsseldorf vs Mönchengladbach
[3229333] Failed to build match row: Unione Sportiva Sassuolo Calcio vs Società Sportiva Calcio Napoli
[3211523] Could not find attributes for dmitriy abakumov (FC Ararat-Armenia, 2019)
[2849024] Could not find attributes for vitaliy nedilko (Volyn Lutsk, 2016)
[3211523] Failed to build match row: FC Ararat-Armenia vs Allmänna Idrottsklubben
[2849024] Failed to build match row: Volyn Lutsk vs PFK Stal Kamyanske (-2018)
[2639584] Could not find attributes for aleksey fedorov (Lada Togliatti, 2015)
[2639584] Failed to build match row: Lada Togliatti vs Nosta Novotroitsk

Keepers & outfield error for **Società Sportiva Calcio Napoli** in Udinese Calcio vs Società Sportiva Calcio Napoli: Numbers: 2 and 9.
[2899675] Failed to scrape lineup: https://www.transfermarkt.co.uk/real-betis-balompie_girona-fc/index/spielbericht/2899675
[3069380] Could not find attributes for chiquinho (Moreirense Futebol Clube, 2018)

Keepers & outfield error for **CF Os Belenenses** in CF Os Belenenses vs CD Feirense: Numbers: 0 and 11.
[3069380] Failed to build match row: Moreirense Futebol Clube vs Sporting Clube de Portugal
[2720987] Failed to build match row: CF Os Belenenses vs CD Feirense
[2469959] Could not find attributes for eray birnican (Gaziantepspor (- 2020), 2014)

Keepers & outfield error for **Real Betis Balompié S.A.D.** in Club Atlético de Madrid S.A.D. vs Real Betis Balompié S.A.D.: Numbers: 2 and 9.
[2469959] Failed to build match row: Gaziantepspor (- 2020) vs İstanbul Başakşehir Futbol Kulübü
[2341161] Failed to build match row: Club Atlético de Madrid S.A.D. vs Real Betis Balompié S.A.D.
[2518646] Could not find attributes for michalis kripintiris (AEL Kalloni, 2014)
[2518646] Failed to build match row: AEL Kalloni vs Veria NPS
[2618800] Failed to scrape lineup: https://www.transfermarkt.co.uk/spielbericht/index/spielbericht/2618800

Keepers & outfield error for **Olympique de Marseille** in Olympique de Marseille vs Club Atlético de Madrid S.A.D.: Numbers: 2 and 9.
[2489858] Could not find attributes for yegor popovych (PFK Stal Kamyanske (-2018), 2014)
[3038918] Failed to build match row: Olympique de Marseille vs Club Atlético de Madrid S.A.D.
[2489858] Failed to build match row: PFK Stal Kamyanske (-2018) vs Chornomorets Odesa
[2711525] Could not find attributes for enea kolici (FK Kukësi, 2016)
[2482249] Could not find attributes for rod fanni (Olympique de Marseille, 2014)
[2711525] Failed to build match row: Fußballklub Austria Wien vs FK Kukësi

Keepers & outfield error for **Associazione Calcio Milan** in Associazione Calcio Milan vs Società Sportiva Calcio Napoli: Numbers: 2 and 9.
[2482249] Failed to build match row: Olympique de Marseille vs Football Club de Nantes
[2346186] Could not find attributes for aykut demir (Trabzonspor Kulübü, 2013)
[2459771] Could not find attributes for sinan bytyqi (SC Cambuur Leeuwarden, 2014)
[2346186] Failed to build match row: Trabzonspor Kulübü vs Akhisarspor
[3081238] Failed to build match row: Associazione Calcio Milan vs Società Sportiva Calcio Napoli
[2459771] Failed to build match row: SC Cambuur Leeuwarden vs Vitesse Arnhem
[3394757] Could not find attributes for trevoh chalobah (Football Club Lorient-Bretagne Sud, 2020)

Keepers & outfield error for **Vitesse Arnhem** in Vitesse Arnhem vs AFC Ajax Amsterdam: Numbers: 0 and 11.
[3394757] Failed to build match row: Football Club Lorient-Bretagne Sud vs Dijon FCO
[3052150] Failed to build match row: Vitesse Arnhem vs AFC Ajax Amsterdam
[2735696] Could not find attributes for diamante crispino (Calcio Como, 2016)
[2735696] Failed to build match row: Frosinone Calcio vs Calcio Como

Keepers & outfield error for **SPAL** in Torino Calcio vs SPAL: Numbers: 0 and 11.
[3211524] Could not find attributes for kostadin zahov (Shkendija Tetovo, 2019)
[2581846] Could not find attributes for daniel schwaab (Verein für Bewegungsspiele Stuttgart 1893, 2015)
[3229334] Failed to build match row: Torino Calcio vs SPAL
[3211524] Failed to build match row: Shkendija Tetovo vs Kalju FC
[2581846] Failed to build match row: Verein für Bewegungsspiele Stuttgart 1893 vs Hertha BSC

Keepers & outfield error for **Associazione Calcio Fiorentina** in Associazione Calcio Fiorentina vs Associazione Sportiva Roma: Numbers: 0 and 11.
[2359541] Failed to build match row: Associazione Calcio Fiorentina vs Associazione Sportiva Roma
Club: Numbers: 0 and 11.

Keepers & outfield error for **Genoa Cricket and Football Club** in Genoa Cricket and Football Club vs Atalanta Bergamasca Calcio S.p.a.: Numbers: 0 and 11.
[2726763] Failed to build match row: Genoa Cricket and Football Club vs Atalanta Bergamasca Calcio S.p.a.
[3219431] Failed to build match row: Southampton FC vs Liverpool Football Club

Keepers & outfield error for **Clube Desportivo Santa Clara** in Clube Desportivo Santa Clara vs Sporting Clube de Braga: Numbers: 0 and 11.
[3069381] Failed to build match row: Clube Desportivo Santa Clara vs Sporting Clube de Braga
[2618801] Could not find attributes for david bicik (AC Sparta Praha, a. s., 2015)
[2618801] Failed to build match row: FC Schalke 04 vs AC Sparta Praha, a. s.
[2478622] Could not find attributes for dodo (Football Club Internazionale Milano S.p.A., 2014)

Keepers & outfield error for **UD Las Palmas** in Real Sociedad de Fútbol S.A.D. vs UD Las Palmas: Numbers: 3 and 8.
[2478622] Failed to build match row: Football Club Internazionale Milano S.p.A. vs Atalanta Bergamasca Calcio S.p.a.
[2899676] Failed to build match row: Real Sociedad de Fútbol S.A.D. vs UD Las Palmas
[2577940] Could not find attributes for jose cholevas (Watford FC, 2015)
[2577940] Failed to build match row: Manchester City Football Club vs Watford FC
[2711526] Could not find attributes for bozidar radosevic (Debreceni VSC, 2016)
[2711526] Failed to build match row: Debreceni VSC vs Torpedo-BelAZ Zhodino
[2459772] Could not find attributes for robert braber (Willem II Tilburg, 2014)
[2459772] Failed to build match row: Willem II Tilburg vs Football Club Utrecht
[2489859] Could not find attributes for maksym kuchynskyi (FK Poltava (-2018), 2014)
[2489859] Failed to build match row: FK Poltava (-2018) vs FC Shakhtar Donetsk
[3252474] Failed to scrape lineup: https://www.transfermarkt.co.uk/spielbericht/index/spielbericht/3252474
[3098642] Could not find attributes for kaare pedersen (IF Lyseng, 2018)
[2720988] Failed to scrape lineup: https://www.transfermarkt.co.uk/sl-benfica_fc-porto/index/spielbericht/2720988

Keepers & outfield error for **Athletic Club Bilbao** in Deportivo de La Coruña vs Athletic Club Bilbao: Numbers: 2 and 9.
[2618802] Could not find attributes for boy waterman (APOEL Nicosia, 2015)
[3098642] Failed to build match row: IF Lyseng vs Hobro IK
[2899677] Failed to build match row: Deportivo de La Coruña vs Athletic Club Bilbao
[2618802] Failed to build match row: APOEL Nicosia vs A.G.S Asteras Tripolis

Keepers & outfield error for **CS Marítimo** in Rio Ave Futebol Clube vs CS Marítimo: Numbers: 2 and 9.
[2482251] Could not find attributes for david ngog (Stade Reims, 2014)
Not enough players found for lineup: 0, 11.
[2577941] Could not find attributes for erik pieters (Stoke City, 2015)
[2482251] Failed to build match row: Stade Reims vs SC Bastia
S Marítimo
[3288464] Could not find attributes for dani perez (Marbella FC, 2019)
[2711527] Failed to scrape lineup: https://www.transfermarkt.co.uk/spielbericht/index/spielbericht/2711527
[2577941] Failed to build match row: Stoke City vs West Bromwich Albion
[3288464] Failed to build match row: Marbella FC vs CD Guijuelo

Keepers & outfield error for **SPAL** in Parma Calcio 1913 vs SPAL: Numbers: 2 and 9.
[2639585] Failed to scrape lineup: https://www.transfermarkt.co.uk/spielbericht/index/spielbericht/2639585
[3077236] Could not find attributes for axel borgmann (VVV-Venlo, 2018)
[3081240] Failed to build match row: Parma Calcio 1913 vs SPAL
[3077236] Failed to build match row: Feyenoord Rotterdam vs VVV-Venlo

Keepers & outfield error for **Futebol Clube do Porto** in Futebol Clube do Porto vs Desportivo Aves (- 2020): Numbers: 2 and 9.
[3052465] Failed to build match row: Futebol Clube do Porto vs Desportivo Aves (- 2020)
[3219432] Could not find attributes for patrick van aanholt (Crystal Palace Football Club, 2019)
[3219432] Failed to build match row: Manchester United Football Club vs Crystal Palace Football Club
[2600634] Failed to scrape lineup: https://www.transfermarkt.co.uk/as-saint-etienne_angers-sco/index/spielbericht/2600634
[3229335] Could not find attributes for ragnar klavan (Cagliari Calcio, 2019)
[3229335] Failed to build match row: Udinese Calcio vs Cagliari Calcio

Keepers & outfield error for **Lyngby Boldklub** in Football Club København vs Lyngby Boldklub: Numbers: 2 and 9.
[2697488] Failed to build match row: Football Club København vs Lyngby Boldklub
[2489860] Could not find attributes for maksym koval (Goverla Uzhgorod (- 2016), 2014)

Keepers & outfield error for **Cagliari Calcio** in Palermo FC vs Cagliari Calcio: Numbers: 0 and 11.
[3040205] Could not find attributes for magnus mattsson (Silkeborg Idrætsforening, 2017)
[2489860] Failed to build match row: Goverla Uzhgorod (- 2016) vs Metalist Kharkiv (- 2016)
[3040205] Failed to build match row: Brøndby Idrætsforening vs Silkeborg Idrætsforening
[2726765] Failed to build match row: Palermo FC vs Cagliari Calcio
[2335152] Could not find attributes for joaozinho (FK Krasnodar, 2013)

Keepers & outfield error for **Deportivo de La Coruña** in Deportivo de La Coruña vs CD Leganés: Numbers: 2 and 9.
[2899678] Failed to build match row: Deportivo de La Coruña vs CD Leganés
[2335152] Failed to build match row: Ural Yekaterinburg vs FK Krasnodar
[2618803] Could not find attributes for david bicik (AC Sparta Praha, a. s., 2015)
[2469960] Could not find attributes for engin bekdemir (Çaykur Rizespor Kulübü, 2014)
[2618803] Failed to build match row: AC Sparta Praha, a. s. vs FC Schalke 04
[2469960] Failed to build match row: Çaykur Rizespor Kulübü vs Bursaspor
[2735697] Could not find attributes for pepin machin (Trapani Calcio, 2016)
[2735697] Failed to build match row: Trapani Calcio vs 1913 Seregno Calcio
[2639586] Could not find attributes for vladimir mukhin (Dinamo Bryansk, 2015)
[2639586] Failed to build match row: Dinamo Bryansk vs Metallurg Lipetsk
[2359542] Failed to scrape lineup: https://www.transfermarkt.co.uk/calcio-catania_uc-sampdoria/index/spielbericht/2359542
[2872248] Failed to scrape lineup: https://www.transfermarkt.co.uk/leicester-city_tottenham-hotspur/index/spielbericht/2872248
[3252476] Could not find attributes for vadim karpov (PFK CSKA Moskva, 2019)
[3252476] Failed to build match row: PFK CSKA Moskva vs Ferencvárosi TC
[3052466] Could not find attributes for zvonimir mikulic (FC Sheriff Tiraspol, 2018)
[3052466] Failed to build match row: FC Sheriff Tiraspol vs Torpedo Kutaisi

Keepers & outfield error for **Boavista FC** in Boavista FC vs Rio Ave Futebol Clube: Numbers: 0 and 11.
[2720989] Failed to build match row: Boavista FC vs Rio Ave Futebol Clube
[3069383] Could not find attributes for jota (Clube Desportivo Nacional, 2018)

Keepers & outfield error for **Espanol** in Espanol vs Málaga CF: Numbers: 2 and 9.
[3069383] Failed to build match row: Clube Desportivo Nacional vs Moreirense Futebol Clube
[2379781] Could not find attributes for greg taylor (Cambridge United, 2013)
[2341164] Failed to build match row: Espanol vs Málaga CF
[2379781] Failed to build match row: Bury FC vs Cambridge United
[3081241] Could not find attributes for albin ekdal (UC Sampdoria, 2018)
[3081241] Failed to build match row: UC Sampdoria vs Udinese Calcio

Keepers & outfield error for **Association sportive de Monaco Football Club** in Rennes vs Association sportive de Monaco Football Club: Numbers: 2 and 9.
[2891479] Could not find attributes for zivko zivkovic (AO Xanthi, 2017)
[2482252] Failed to build match row: Rennes vs Association sportive de Monaco Football Club
[2891479] Failed to build match row: AO Xanthi vs APS Atromitos Athinon

Keepers & outfield error for **UD Las Palmas** in UD Las Palmas vs Real Betis Balompié S.A.D.: Numbers: 2 and 9.
[2899679] Failed to build match row: UD Las Palmas vs Real Betis Balompié S.A.D.
[2618804] Could not find attributes for athanasios panteliadis (A.G.S Asteras Tripolis, 2015)
[3135803] Could not find attributes for moussa sissoko (Tottenham Hotspur Football Club, 2018)
[3077237] Could not find attributes for ouasim bouy (Prins Hendrik Ende Desespereert Nimmer Combinatie Zwolle, 2018)
Not enough players found for lineup: 11, 0.
[3135803] Failed to build match row: Tottenham Hotspur Football Club vs Borussia Dortmund
[3199402] Failed to scrape lineup: https://www.transfermarkt.co.uk/as-saint-etienne_fc-toulouse/index/spielbericht/3199402
[2618804] Failed to build match row: A.G.S Asteras Tripolis vs APOEL Nicosia
[3077237] Failed to build match row: Prins Hendrik Ende Desespereert Nimmer Combinatie Zwolle vs Willem II Tilburg
[2500752] Failed to scrape lineup: https://www.transfermarkt.co.uk/spielbericht/index/spielbericht/2500752
[3040255] Could not find attributes for mario fernandes (PFK CSKA Moskva, 2018)
[2459773] Could not find attributes for brahim darri (Heracles Almelo, 2014)
[2849025] Could not find attributes for bogdan shust (Vorskla Poltava, 2016)
[3040255] Failed to build match row: Футбольный клуб "Локомотив" Москва vs PFK CSKA Moskva
[2459773] Failed to build match row: Heracles Almelo vs Football Club Groningen
[2849025] Failed to build match row: Vorskla Poltava vs Zirka Kropyvnytskyi
[2489861] Could not find attributes for vitaliy nedilko (Volyn Lutsk, 2014)
[2489861] Failed to build match row: Volyn Lutsk vs Dnipro Dnipropetrovsk (-2020)

Keepers & outfield error for **Sporting Clube de Braga** in Sporting Clube de Braga vs CS Marítimo: Numbers: 2 and 9.
[2639587] Could not find attributes for innokentiy kolesov (SKVO Rostov-na-Donu, 2015)
[2639587] Failed to build match row: SKVO Rostov-na-Donu vs Afips Afipskiy (-2018)
[3052467] Could not find attributes for blaine hudson (The New Saints, 2018)
[2720990] Failed to build match row: Sporting Clube de Braga vs CS Marítimo
[2589196] Could not find attributes for kosuke ota (Vitesse Arnhem, 2015)
[3052467] Failed to build match row: The New Saints vs Shkendija Tetovo

Keepers & outfield error for **CD Guijuelo** in Club Atlético de Madrid S.A.D. vs CD Guijuelo: Numbers: 0 and 11.
[2589196] Failed to build match row: Football Club Twente vs Vitesse Arnhem
[2767524] Failed to build match row: Club Atlético de Madrid S.A.D. vs CD Guijuelo
[3098643] Could not find attributes for mads bertelsen (Tarup-Paarup IF, 2018)
[2700632] Could not find attributes for markus henriksen (Alkmaar Zaanstreek, 2016)
[3098643] Failed to build match row: Tarup-Paarup IF vs Thisted FC
[2700632] Failed to build match row: Alkmaar Zaanstreek vs Sportclub Heerenveen
[2518648] Could not find attributes for georgios kousas (Panetolikos Agrinio, 2014)
[2518648] Failed to build match row: Panetolikos Agrinio vs APO Levadiakos Football Club

Keepers & outfield error for **Vitória Setúbal FC** in Sporting Clube de Portugal vs Vitória Setúbal FC: Numbers: 2 and 9.
[3069384] Failed to build match row: Sporting Clube de Portugal vs Vitória Setúbal FC
Not enough players found for lineup: 0, 11.
[2500753] Failed to scrape lineup: https://www.transfermarkt.co.uk/spielbericht/index/spielbericht/2500753
[2618805] Could not find attributes for boy waterman (APOEL Nicosia, 2015)
[2618805] Failed to build match row: FC Schalke 04 vs APOEL Nicosia
[2335154] Could not find attributes for aleksey ionov (Anzhi Makhachkala ( -2022), 2013)
[2335154] Failed to build match row: Anzhi Makhachkala ( -2022) vs FK Krasnodar
[2711528] Could not find attributes for denis sme (NK Maribor, 2016)
[2711528] Failed to build match row: NK Maribor vs Levski Sofia
[3252477] Could not find attributes for cosmin moti (Ludogorets Razgrad, 2019)
[2639588] Could not find attributes for dmitriy romanenko (Volga Tver, 2015)
[3252477] Failed to build match row: Ludogorets Razgrad vs Espanol
[2639588] Failed to build match row: Volga Tver vs Pskov-747 (-2020)

Keepers & outfield error for **UD Almería** in UD Almería vs Futbol Club Barcelona: Numbers: 0 and 11.
[2341166] Failed to build match row: UD Almería vs Futbol Club Barcelona
[2581849] Could not find attributes for filip mladenovic (1. Fußball-Club Köln, 2015)
[2581849] Failed to build match row: 1. Fußball-Club Köln vs Eintracht Frankfurt Fußball AG
[2849026] Could not find attributes for andriy lunin (Dnipro Dnipropetrovsk (-2020), 2016)
[2849026] Failed to build match row: Dnipro Dnipropetrovsk (-2020) vs Karpaty Lviv (-2021)
[2518649] Could not find attributes for georgios athanasiadis (Panthrakikos Komotini, 2014)
[2600636] Could not find attributes for mouhamadou dabo (ESTAC Troyes, 2015)
Not enough players found for lineup: 0, 0.
[2518649] Failed to build match row: Panthrakikos Komotini vs Panthessalonikios Athlitikos Omilos Konstantinoupoliton
[2600636] Failed to build match row: ESTAC Troyes vs Association sportive de Monaco Football Club
[2942789] Could not find attributes for ludovic baal (Rennes, 2017)
[3069385] Failed to scrape lineup: https://www.transfermarkt.co.uk/vitoria-guimaraes-sc_cd-feirense/index/spielbericht/3069385
[2891480] Could not find attributes for konstantinos mavropanos (PAS Giannina, 2017)
[2478624] Failed to scrape lineup: https://www.transfermarkt.co.uk/ss-lazio_udinese-calcio/index/spielbericht/2478624

Keepers & outfield error for **Clube Desportivo de Tondela** in Rio Ave Futebol Clube vs Clube Desportivo de Tondela: Numbers: 0 and 11.
[2469962] Could not find attributes for didier zokora (Akhisarspor, 2014)
[2942789] Failed to build match row: Rennes vs EA Guingamp
[2891480] Failed to build match row: PAS Giannina vs AOK Kerkyra
[3199403] Failed to scrape lineup: https://www.transfermarkt.co.uk/losc-lille_angers-sco/index/spielbericht/3199403
[2618806] Could not find attributes for david bicik (AC Sparta Praha, a. s., 2015)
[2469962] Failed to build match row: Akhisarspor vs Fenerbahçe Spor Kulübü
[3052468] Could not find attributes for boy waterman (APOEL Nicosia, 2018)
[2609446] Failed to build match row: Rio Ave Futebol Clube vs Clube Desportivo de Tondela
�мотив" Москва, 2013)
[3077238] Failed to scrape lineup: https://www.transfermarkt.co.uk/fc-emmen_nac-breda/index/spielbericht/3077238
[2489862] Could not find attributes for vladyslav levanidov (FC Oleksandriya, 2014)
[3052468] Failed to build match row: APOEL Nicosia vs FK Suduva Marijampole
[2618806] Failed to build match row: AC Sparta Praha, a. s. vs A.G.S Asteras Tripolis
[2589246] Failed to scrape lineup: https://www.transfermarkt.co.uk/basaksehir-fk_antalyaspor/index/spielbericht/2589246
[2500754] Could not find attributes for marko meerits (FC Emmen, 2014)
[2335155] Failed to build match row: Футбольный клуб "Локомотив" Москва vs FK Rostov
[2489862] Failed to build match row: FC Oleksandriya vs FC Zorya Lugansk
[3288465] Could not find attributes for alvaro perez (SD Amorebieta, 2019)
[3219433] Could not find attributes for robert snodgrass (West Ham United Football Club, 2019)
[3288465] Failed to build match row: SD Amorebieta vs CD Badajoz
[3219433] Failed to build match row: Brighton and Hove Albion Football Club vs West Ham United Football Club
[2500754] Failed to build match row: Heracles Almelo vs FC Emmen
[2359544] Could not find attributes for keita balde (Società Sportiva Lazio S.p.A., 2013)
[2639589] Could not find attributes for aleksandr afanasjev (Dinamo Stavropol, 2015)
[2359544] Failed to build match row: Società Sportiva Lazio S.p.A. vs Torino Calcio
[2639589] Failed to build match row: Dinamo Stavropol vs Spartak Nalchik

Keepers & outfield error for **FC Shakhtar Donetsk** in FC Shakhtar Donetsk vs Olimpik Donetsk: Numbers: 2 and 9.
[2518650] Could not find attributes for dimitrios kyriakidis (AO Xanthi, 2014)
[2849034] Failed to build match row: FC Shakhtar Donetsk vs Olimpik Donetsk
[2518650] Failed to build match row: AO Xanthi vs APS Atromitos Athinon
[2735698] Could not find attributes for enrico guarna (Foggia Calcio, 2016)
[2942790] Failed to scrape lineup: https://www.transfermarkt.co.uk/as-saint-etienne_olympique-marseille/index/spielbericht/2942790
[2767525] Could not find attributes for omer atzili (Granada CF, 2016)
[3211525] Could not find attributes for omar migineishvili (Iberia 1999 Tbilisi, 2019)
[3211525] Failed to build match row: Iberia 1999 Tbilisi vs FC Sheriff Tiraspol
[2735698] Failed to build match row: Verona Hellas Football Club vs Foggia Calcio
[2767525] Failed to build match row: Club Atlético Osasuna vs Granada CF
[2872249] Failed to scrape lineup: https://www.transfermarkt.co.uk/watford-fc_manchester-united/index/spielbericht/2872249
[2379782] Could not find attributes for tom mcgowan (Corby Town, 2013)

Keepers & outfield error for **Futebol Clube do Porto** in B SAD vs Futebol Clube do Porto: Numbers: 2 and 9.
[2379782] Failed to build match row: Corby Town vs Dover Athletic
[3069386] Failed to build match row: B SAD vs Futebol Clube do Porto
[2618807] Could not find attributes for boy waterman (APOEL Nicosia, 2015)
[2618807] Failed to build match row: APOEL Nicosia vs AC Sparta Praha, a. s.
[2346187] Could not find attributes for serdar aziz (Bursaspor, 2013)
[3229339] Could not find attributes for georgios kyriakopoulos (Unione Sportiva Sassuolo Calcio, 2019)
[3229339] Failed to build match row: Genoa Cricket and Football Club vs Unione Sportiva Sassuolo Calcio
[2346187] Failed to build match row: Bursaspor vs Antalyaspor
[3205135] Could not find attributes for lewis brass (Connah's Quay Nomads, 2019)
[2321351] Could not find attributes for julian brandt (Bayer 04 Leverkusen Fußball, 2013)
[2711529] Could not find attributes for branko grahovac (ACSM Politehnica Iasi, 2016)
[3205135] Failed to build match row: Kilmarnock Football Club vs Connah's Quay Nomads
[2321351] Failed to build match row: Eintracht Frankfurt Fußball AG vs Bayer 04 Leverkusen Fußball
[2711529] Failed to build match row: ACSM Politehnica Iasi vs HNK Hajduk Split
[3199404] Could not find attributes for jimmy briand (FC Girondins Bordeaux, 2019)
[2577943] Could not find attributes for jonathan howson (Norwich City, 2015)

[3199404] Failed to build match row: FC Girondins Bordeaux vs Football Club de Metz
[2489863] Could not find attributes for oleksandr churilov (FK Mariupol, 2014)

Keepers & outfield error for **Palermo FC** in Società Sportiva Calcio Napoli vs Palermo FC: Numbers: 0 and 11.
[2482256] Could not find attributes for thibault giresse (EA Guingamp, 2014)
[2581850] Failed to build match row: 1. Fußball- und Sportverein Mainz 05 vs FC Schalke 04
[2577943] Failed to build match row: Southampton FC vs Norwich City
[2489863] Failed to build match row: FK Mariupol vs Vorskla Poltava
[2482256] Failed to build match row: EA Guingamp vs SM Caen
[2478625] Failed to build match row: Società Sportiva Calcio Napoli vs Palermo FC

Keepers & outfield error for **FC Dordrecht** in FC Dordrecht vs ADO Den Haag: Numbers: 2 and 9.

Keepers & outfield error for **Gaziantepspor (- 2020)** in Gaziantepspor (- 2020) vs Kasımpaşa A.Ş.: Numbers: 2 and 9.
[2459775] Failed to build match row: FC Dordrecht vs ADO Den Haag
[2589247] Failed to build match row: Gaziantepspor (- 2020) vs Kasımpaşa A.Ş.

Keepers & outfield error for **Verona Hellas Football Club** in Verona Hellas Football Club vs Catania FC: Numbers: 0 and 11.
[2359545] Failed to build match row: Verona Hellas Football Club vs Catania FC
[2891481] Could not find attributes for mladen bozovic (Athlitiki Enosi Larisas, 2017)
[2891481] Failed to build match row: Athlitiki Enosi Larisas vs APO Levadiakos Football Club
[3205136] Failed to scrape lineup: https://www.transfermarkt.co.uk/spielbericht/index/spielbericht/3205136
[3229340] Failed to scrape lineup: https://www.transfermarkt.co.uk/juventus-fc_cagliari-calcio/index/spielbericht/3229340
[3252479] Could not find attributes for timothee kolodziejczak (AS Saint-Étienne, 2019)
[3252479] Failed to build match row: AS Saint-Étienne vs FC Oleksandriya
[2883637] Failed to scrape lineup: https://www.transfermarkt.co.uk/trabzonspor_konyaspor/index/spielbericht/2883637
[2711530] Failed to scrape lineup: https://www.transfermarkt.co.uk/spielbericht/index/spielbericht/2711530
[3052469] Could not find attributes for badavi huseynov (Qarabağ FK, 2018)
[3052469] Failed to build match row: Qarabağ FK vs NK Olimpija Ljubljana
[2577944] Failed to scrape lineup: https://www.transfermarkt.co.uk/swansea-city_manchester-united/index/spielbericht/2577944
[2720991] Could not find attributes for joao patrao (GD Chaves, 2016)
te-enschede-fc_excelsior-rotterdam/index/spielbericht/2459776
[2489864] Could not find attributes for roman mysak (Karpaty Lviv (-2021), 2014)
[2720991] Failed to build match row: GD Chaves vs FC Paços de Ferreira
[2489864] Failed to build match row: Karpaty Lviv (-2021) vs Futbolniy Klub Dynamo Kyiv
[2341168] Failed to scrape lineup: https://www.transfermarkt.co.uk/elche-cf_rcd-espanyol-barcelona/index/spielbericht/2341168

Keepers & outfield error for **Olympique Lyonnais** in Amiens SC vs Olympique Lyonnais: Numbers: 2 and 9.
[3199405] Failed to build match row: Amiens SC vs Olympique Lyonnais

Keepers & outfield error for **Celta** in Celta vs UCAM Murcia CF: Numbers: 0 and 11.
[2767526] Failed to build match row: Celta vs UCAM Murcia CF
[3211526] Could not find attributes for teitur gestsson (HB Tórshavn, 2019)
[3211526] Failed to build match row: HB Tórshavn vs HJK Helsinki
[2359546] Could not find attributes for tiberio guarente (Chievo Verona, 2013)
[2891482] Could not find attributes for enea mihaj (Panetolikos Agrinio, 2017)
[2359546] Failed to build match row: UC Sampdoria vs Chievo Verona
[2891482] Failed to build match row: Panetolikos Agrinio vs Apollon Smyrnis
[2639590] Failed to scrape lineup: https://www.transfermarkt.co.uk/spielbericht/index/spielbericht/2639590

Keepers & outfield error for **Göztepe Sportif Yatırımlar A.Ş.** in Göztepe Sportif Yatırımlar A.Ş. vs Fenerbahçe Spor Kulübü: Numbers: 0 and 11.
[2330999] Failed to scrape lineup: https://www.transfermarkt.co.uk/fc-sochaux-montbeliard_fc-nantes/index/spielbericht/2330999
[2883638] Failed to build match row: Göztepe Sportif Yatırımlar A.Ş. vs Fenerbahçe Spor Kulübü
[2726770] Could not find attributes for sulley muntari (Delfino Pescara 1936, 2016)
[3069387] Failed to scrape lineup: https://www.transfermarkt.co.uk/desportivo-aves-2020-_cd-tondela/index/spielbericht/3069387
[2849035] Failed to scrape lineup: https://www.transfermarkt.co.uk/fc-oleksandriya_chornomorets-odesa/index/spielbericht/2849035
[2872250] Failed to scrape lineup: https://www.transfermarkt.co.uk/west-bromwich-albion_newcastle-united/index/spielbericht/2872250

Keepers & outfield error for **EA Guingamp** in EA Guingamp vs SM Caen: Numbers: 2 and 9.
[2577945] Could not find attributes for erik pieters (Stoke City, 2015)
[2609447] Could not find attributes for edgar abreu (Clube Desportivo Nacional, 2015)
[2609447] Failed to build match row: Clube Desportivo Nacional vs Futebol Clube de Arouca
[2581851] Could not find attributes for slobodan rajkovic (SV Darmstadt 98, 2015)
[2942792] Failed to build match row: EA Guingamp vs SM Caen
[2618808] Could not find attributes for athanasios panteliadis (A.G.S Asteras Tripolis, 2015)
[2726770] Failed to build match row: Delfino Pescara 1936 vs Associazione Calcio Milan
[2581851] Failed to build match row: SV Darmstadt 98 vs Bayer 04 Leverkusen Fußball
[2618808] Failed to build match row: A.G.S Asteras Tripolis vs FC Schalke 04

Keepers & outfield error for **Olympique Lyonnais** in Olympique Lyonnais vs Football Club de Metz: Numbers: 2 and 9.
[3098644] Could not find attributes for alex hersboll (Kjellerup IF, 2018)
[2577945] Failed to build match row: Arsenal Football Club vs Stoke City
[2720992] Could not find attributes for sinan bolat (Futebol Clube de Arouca, 2016)
[3394760] Failed to build match row: Olympique Lyonnais vs Football Club de Metz
[3098644] Failed to build match row: Kjellerup IF vs Middelfart Boldklub
[2490085] Could not find attributes for artem putivtsev (Metalurg Donetsk (- 2015), 2014)
[2720992] Failed to build match row: FC Paços de Ferreira vs Futebol Clube de Arouca
[2490085] Failed to build match row: Metalurg Donetsk (- 2015) vs FK Mariupol

Keepers & outfield error for **Paris Saint-Germain Football Club** in Lille Olympique Sporting Club vs Paris Saint-Germain Football Club: Numbers: 2 and 9.

Keepers & outfield error for **Paris Saint-Germain Football Club** in Paris Saint-Germain Football Club vs Racing Club de Strasbourg Alsace: Numbers: 2 and 9.
[2459777] Could not find attributes for wout brama (Prins Hendrik Ende Desespereert Nimmer Combinatie Zwolle, 2014)
[3199406] Failed to build match row: Paris Saint-Germain Football Club vs Racing Club de Strasbourg Alsace
[2482257] Failed to build match row: Lille Olympique Sporting Club vs Paris Saint-Germain Football Club
[2459777] Failed to build match row: Sportclub Heerenveen vs Prins Hendrik Ende Desespereert Nimmer Combinatie Zwolle
[3211527] Could not find attributes for joseph zerafa (Valletta FC, 2019)
[3211527] Failed to build match row: Valletta FC vs F91 Dudelange
[2346188] Could not find attributes for nihat sahin (Sivasspor, 2013)
[2346188] Failed to build match row: Sivasspor vs Fenerbahçe Spor Kulübü

Keepers & outfield error for **Málaga CF** in Málaga CF vs Levante Unión Deportiva S.A.D.: Numbers: 0 and 11.
[3052470] Failed to scrape lineup: https://www.transfermarkt.co.uk/spielbericht/index/spielbericht/3052470
[2735699] Could not find attributes for lys gomis (Unione Sportiva Lecce, 2016)
[3288466] Could not find attributes for ayoze placeres (Unionistas CF, 2019)
[2899683] Failed to build match row: Málaga CF vs Levante Unión Deportiva S.A.D.
[2735699] Failed to build match row: Ascoli Calcio vs Unione Sportiva Lecce
[3288466] Failed to build match row: Unionistas CF vs CD Atlético Baleares
[2711531] Could not find attributes for veaceslav zagaevschi (FC Zimbru Chisinau, 2016)
[2490086] Could not find attributes for denys boyko (Dnipro Dnipropetrovsk (-2020), 2014)
[3069388] Could not find attributes for avto (GD Chaves, 2018)
[2883639] Could not find attributes for ponck (Desportivo Aves (- 2020), 2017)
[2609448] Could not find attributes for kuca (CF Os Belenenses, 2015)
[3069388] Failed to build match row: GD Chaves vs Portimonense SC
[2711531] Failed to build match row: FC Zimbru Chisinau vs Ankaraspor
[2883639] Failed to build match row: Desportivo Aves (- 2020) vs Sporting Clube de Braga
[2490086] Failed to build match row: Dnipro Dnipropetrovsk (-2020) vs Olimpik Donetsk
[2609448] Failed to build match row: FC Paços de Ferreira vs CF Os Belenenses
[2469964] Could not find attributes for tita (Mersin Talimyurdu SK, 2014)

Keepers & outfield error for **Associazione Calcio Fiorentina** in Bologna Football Club 1909 vs Associazione Calcio Fiorentina: Numbers: 0 and 11.
[3229341] Could not find attributes for giulio donati (Unione Sportiva Lecce, 2019)
[2469964] Failed to build match row: Kardemir Karabükspor vs Mersin Talimyurdu SK
[2359547] Failed to build match row: Bologna Football Club 1909 vs Associazione Calcio Fiorentina
[3229341] Failed to build match row: Unione Sportiva Lecce vs Udinese Calcio
[3252481] Could not find attributes for ponck (İstanbul Başakşehir Futbol Kulübü, 2019)
[3394761] Could not find attributes for saidou sow (AS Saint-Étienne, 2020)
[3394761] Failed to build match row: Racing Club de Strasbourg Alsace vs AS Saint-Étienne
[3252481] Failed to build match row: İstanbul Başakşehir Futbol Kulübü vs RZ Pellets Wolfsberger Athletiksport Club
[2640491] Could not find attributes for oribe peralta (Club de Futbol América S. A. de C. V., 2015)
[3081245] Could not find attributes for valon behrami (Udinese Calcio, 2018)
[2640491] Failed to build match row: Club de Futbol América S. A. de C. V. vs Guangzhou Evergrande
[3081245] Failed to build match row: Udinese Calcio vs Associazione Calcio Fiorentina
[2500755] Could not find attributes for benjamin van leer (Roda JC Kerkrade, 2014)
[2500755] Failed to build match row: Roda JC Kerkrade vs Sparta Rotterdam
[2700637] Failed to scrape lineup: https://www.transfermarkt.co.uk/ajax-amsterdam_roda-jc-kerkrade/index/spielbericht/2700637
[3052471] Could not find attributes for elias fagra (Víkingur Gøta, 2018)
[3052471] Failed to build match row: HJK Helsinki vs Víkingur Gøta

Keepers & outfield error for **Vitesse Arnhem** in Vitesse Arnhem vs Football Club Utrecht: Numbers: 0 and 11.
[3077240] Failed to build match row: Vitesse Arnhem vs Football Club Utrecht
[2577946] Failed to scrape lineup: https://www.transfermarkt.co.uk/newcastle-united_arsenal-fc/index/spielbericht/2577946
[2581852] Failed to scrape lineup: https://www.transfermarkt.co.uk/bayern-munich_sv-darmstadt-98/index/spielbericht/2581852
[2618809] Failed to scrape lineup: https://www.transfermarkt.co.uk/spielbericht/index/spielbericht/2618809

Keepers & outfield error for **Göztepe Sportif Yatırımlar A.Ş.** in Göztepe Sportif Yatırımlar A.Ş. vs Antalyaspor: Numbers: 0 and 11.
[3199407] Failed to scrape lineup: https://www.transfermarkt.co.uk/stade-reims_as-monaco/index/spielbericht/3199407
[3221067] Failed to build match row: Göztepe Sportif Yatırımlar A.Ş. vs Antalyaspor
[2379783] Could not find attributes for macauley bonne (Colchester United, 2013)
[2600640] Could not find attributes for paul baysse (Olympique Gymnaste Club Nice Côte d'Azur, 2015)

Keepers & outfield error for **FC Paços de Ferreira** in CD Feirense vs FC Paços de Ferreira: Numbers: 2 and 9.
[2600640] Failed to build match row: Olympique Gymnaste Club Nice Côte d'Azur vs Montpellier HSC
[2379783] Failed to build match row: Colchester United vs Sheffield United
[2942794] Could not find attributes for kouadio yves dabila (Lille Olympique Sporting Club, 2017)

Keepers & outfield error for **Vitória Sport Clube** in Vitória Sport Clube vs Sport Lisboa e Benfica: Numbers: 0 and 11.
[2482258] Failed to scrape lineup: https://www.transfermarkt.co.uk/fc-lorient_olympique-marseille/index/spielbericht/2482258
[2883640] Failed to build match row: CD Feirense vs FC Paços de Ferreira
[2735700] Could not find attributes for gianmarco vannucchi (US Alessandria Calcio 1912, 2016)
[2609449] Failed to build match row: Vitória Sport Clube vs Sport Lisboa e Benfica
[2942794] Failed to build match row: Football Club de Nantes vs Lille Olympique Sporting Club
[2346189] Failed to scrape lineup: https://www.transfermarkt.co.uk/gaziantepspor_besiktas-jk/index/spielbericht/2346189
[2735700] Failed to build match row: AC Perugia Calcio vs US Alessandria Calcio 1912

Keepers & outfield error for **Sport Lisboa e Benfica** in Boavista FC vs Sport Lisboa e Benfica: Numbers: 2 and 9.
[2459778] Could not find attributes for hakim borahsasar (Nooit Opgeven Altijd Doorzetten Aangenaam Door Vermaak En Nuttig Door Ontspanning Combinatie Breda, 2014)
[2490087] Could not find attributes for oleksandr rybka (Futbolniy Klub Dynamo Kyiv, 2014)

Keepers & outfield error for **FC Dordrecht** in Vitesse Arnhem vs FC Dordrecht: Numbers: 2 and 9.
[3207276] Could not find attributes for marko knezevic (Fudbalski Klub Radnički Niš, 2019)
[3069389] Failed to build match row: Boavista FC vs Sport Lisboa e Benfica
[2490087] Failed to build match row: Futbolniy Klub Dynamo Kyiv vs Volyn Lutsk
[2500757] Failed to build match row: Vitesse Arnhem vs FC Dordrecht
[2459778] Failed to build match row: Nooit Opgeven Altijd Doorzetten Aangenaam Door Vermaak En Nuttig Door Ontspanning Combinatie Breda vs Vitesse Arnhem
[3207276] Failed to build match row: Fudbalski Klub Radnički Niš vs FC Flora Tallinn
[2478628] Failed to scrape lineup: https://www.transfermarkt.co.uk/atalanta-bc_juventus-fc/index/spielbericht/2478628
[2872252] Failed to scrape lineup: https://www.transfermarkt.co.uk/everton-fc_west-ham-united/index/spielbericht/2872252
[3288467] Failed to scrape lineup: https://www.transfermarkt.co.uk/spielbericht/index/spielbericht/3288467
[2359548] Could not find attributes for giovanni marchese (Genoa Cricket and Football Club, 2013)
[2359548] Failed to build match row: Atalanta Bergamasca Calcio S.p.a. vs Genoa Cricket and Football Club

Keepers & outfield error for **Espanol** in Espanol vs AD Alcorcón: Numbers: 0 and 11.
[2767529] Failed to build match row: Espanol vs AD Alcorcón
[2600641] Could not find attributes for antoine devaux (Stade Reims, 2015)
[3098648] Failed to scrape lineup: https://www.transfermarkt.co.uk/spielbericht/index/spielbericht/3098648
[2600641] Failed to build match row: SC Bastia vs Stade Reims
[3135809] Could not find attributes for moussa sissoko (Tottenham Hotspur Football Club, 2018)

Keepers & outfield error for **Vitória Sport Clube** in Vitória Sport Clube vs Sporting Clube de Portugal: Numbers: 0 and 11.
[2697502] Failed to scrape lineup: https://www.transfermarkt.co.uk/lyngby-bk_odense-boldklub/index/spielbericht/2697502
[3052472] Failed to scrape lineup: https://www.transfermarkt.co.uk/spielbericht/index/spielbericht/3052472
[3135809] Failed to build match row: Borussia Dortmund vs Tottenham Hotspur Football Club
[2883641] Failed to build match row: Vitória Sport Clube vs Sporting Clube de Portugal
[2609450] Could not find attributes for ricardo ferreira (Sporting Clube de Braga, 2015)
[2609450] Failed to build match row: Vitória Setúbal FC vs Sporting Clube de Braga

Keepers & outfield error for **Club Atlético Osasuna** in Club Atlético de Madrid S.A.D. vs Club Atlético Osasuna: Numbers: 0 and 11.
[2341171] Failed to build match row: Club Atlético de Madrid S.A.D. vs Club Atlético Osasuna
Not enough players found for lineup: 11, 0.
[3077242] Could not find attributes for ben rienstra (Sportclub Heerenveen, 2018)
[2500758] Failed to scrape lineup: https://www.transfermarkt.co.uk/spielbericht/index/spielbericht/2500758
[3077242] Failed to build match row: Football Club Groningen vs Sportclub Heerenveen
[2899685] Failed to scrape lineup: https://www.transfermarkt.co.uk/girona-fc_deportivo-alaves/index/spielbericht/2899685

Keepers & outfield error for **CF Os Belenenses** in Futebol Clube do Porto vs CF Os Belenenses: Numbers: 0 and 11.
[2720993] Failed to build match row: Futebol Clube do Porto vs CF Os Belenenses
Not enough players found for lineup: 11, 0.
[2767530] Failed to scrape lineup: https://www.transfermarkt.co.uk/spielbericht/index/spielbericht/2767530

Keepers & outfield error for **Futebol Clube do Porto** in Futebol Clube do Porto vs Vitória Sport Clube: Numbers: 2 and 9.
[3069390] Failed to build match row: Futebol Clube do Porto vs Vitória Sport Clube
[3229342] Could not find attributes for manolo gabbiadini (UC Sampdoria, 2019)
[3229342] Failed to build match row: Associazione Calcio Milan vs UC Sampdoria
[2849036] Could not find attributes for maksym koval (Futbolniy Klub Dynamo Kyiv, 2016)
[2849036] Failed to build match row: Futbolniy Klub Dynamo Kyiv vs FC Zorya Lugansk
[2640737] Could not find attributes for aleksandr belenov (Kuban Krasnodar (-2018), 2015)
[2640737] Failed to build match row: FK Ufa vs Kuban Krasnodar (-2018)
[3221068] Failed to scrape lineup: https://www.transfermarkt.co.uk/kasimpasa_trabzonspor/index/spielbericht/3221068
[2726772] Failed to scrape lineup: https://www.transfermarkt.co.uk/torino-fc_udinese-calcio/index/spielbericht/2726772
[2581853] Failed to scrape lineup: https://www.transfermarkt.co.uk/fc-schalke-04_vfb-stuttgart/index/spielbericht/2581853
[2500759] Failed to scrape lineup: https://www.transfermarkt.co.uk/spielbericht/index/spielbericht/2500759

Keepers & outfield error for **Real Madrid Club de Fútbol** in Celta vs Real Madrid Club de Fútbol: Numbers: 2 and 9.
[3208619] Failed to build match row: Celta vs Real Madrid Club de Fútbol
[2711532] Failed to scrape lineup: https://www.transfermarkt.co.uk/spielbericht/index/spielbericht/2711532
[2459779] Could not find attributes for timo letschert (Football Club Utrecht, 2014)
[2459779] Failed to build match row: Eindhovense Voetbalvereniging Philips Sport Vereniging vs Football Club Utrecht
[2346190] Could not find attributes for boy waterman (Kardemir Karabükspor, 2013)
[2346190] Failed to build match row: Kardemir Karabükspor vs Trabzonspor Kulübü
[2478629] Could not find attributes for ignazio abate (Associazione Calcio Milan, 2014)

Keepers & outfield error for **Celta** in Celta vs Elche Club de Fútbol S.A.D.: Numbers: 2 and 9.
[2478629] Failed to build match row: Cesena FC vs Associazione Calcio Milan
[3211528] Failed to scrape lineup: https://www.transfermarkt.co.uk/spielbericht/index/spielbericht/3211528
[2341172] Failed to build match row: Celta vs Elche Club de Fútbol S.A.D.

Keepers & outfield error for **Sport Lisboa e Benfica** in Sport Lisboa e Benfica vs CF Os Belenenses: Numbers: 0 and 11.
[3077243] Could not find attributes for lasse schone (AFC Ajax Amsterdam, 2018)
[2883642] Failed to build match row: Sport Lisboa e Benfica vs CF Os Belenenses
[3077243] Failed to build match row: Excelsior Rotterdam vs AFC Ajax Amsterdam
[2767531] Could not find attributes for juanpi (Málaga CF, 2016)
[2767531] Failed to build match row: Málaga CF vs Córdoba CF
[2720994] Could not find attributes for bakary bouba sare (Moreirense Futebol Clube, 2016)
[2720994] Failed to build match row: Moreirense Futebol Clube vs Sport Lisboa e Benfica
[2849037] Could not find attributes for yuriy pankiv (PFK Stal Kamyanske (-2018), 2016)
[2849037] Failed to build match row: PFK Stal Kamyanske (-2018) vs Dnipro Dnipropetrovsk (-2020)
[2640738] Could not find attributes for giorgi loria (PFK Krylya Sovetov Samara, 2015)
[2640738] Failed to build match row: PFK Krylya Sovetov Samara vs Amkar Perm
[2589252] Could not find attributes for badou ndiaye (Ankaraspor, 2015)
[2589252] Failed to build match row: Ankaraspor vs Kayserispor Kulübü
[2469965] Could not find attributes for irfan can kahveci (Gençlerbirliği Spor Kulübü, 2014)
[2914253] Failed to scrape lineup: https://www.transfermarkt.co.uk/spielbericht/index/spielbericht/2914253
[2469965] Failed to build match row: Gençlerbirliği Spor Kulübü vs Balikesirspor
[2872253] Failed to scrape lineup: https://www.transfermarkt.co.uk/manchester-city_southampton-fc/index/spielbericht/2872253
[3252483] Failed to scrape lineup: https://www.transfermarkt.co.uk/spielbericht/index/spielbericht/3252483

Keepers & outfield error for **Olympique Lyonnais** in Olympique Lyonnais vs Paris Saint-Germain Football Club: Numbers: 2 and 9.
[3199409] Failed to build match row: Olympique Lyonnais vs Paris Saint-Germain Football Club
[3211529] Could not find attributes for srdjan babic (Fudbalski klub Crvena zvezda Beograd, 2019)

Keepers & outfield error for **Sporting Clube de Portugal** in Sporting Clube de Portugal vs Futebol Clube do Porto: Numbers: 0 and 11.
[2609452] Failed to build match row: Sporting Clube de Portugal vs Futebol Clube do Porto
jampole
[2346191] Could not find attributes for elvis kokalovic (Konyaspor, 2013)

Keepers & outfield error for **Futebol Clube do Porto** in Futebol Clube do Porto vs Associazione Sportiva Roma: Numbers: 2 and 9.
[2346191] Failed to build match row: Konyaspor vs Elazigspor
[3135811] Failed to build match row: Futebol Clube do Porto vs Associazione Sportiva Roma
[3098649] Failed to scrape lineup: https://www.transfermarkt.co.uk/spielbericht/index/spielbericht/3098649
[3394764] Could not find attributes for kiki kouyate (Football Club de Metz, 2020)
[3394764] Failed to build match row: Football Club de Metz vs Football Club de Nantes
[2735701] Could not find attributes for filippo gattari (SS Maceratese, 2016)
[2735701] Failed to build match row: AC Carpi vs SS Maceratese
[2849038] Could not find attributes for yevgen borovyk (Karpaty Lviv (-2021), 2016)
[2849038] Failed to build match row: Karpaty Lviv (-2021) vs Vorskla Poltava
[2379784] Could not find attributes for lewis sirrell (Gateshead FC, 2013)
[2589253] Could not find attributes for sabri sarioglu (Galatasaray Spor Kulübü, 2015)
[2379784] Failed to build match row: Oxford United vs Gateshead FC
[2589253] Failed to build match row: Sivasspor vs Galatasaray Spor Kulübü
[2914254] Failed to scrape lineup: https://www.transfermarkt.co.uk/spielbericht/index/spielbericht/2914254
[3077244] Could not find attributes for adam maher (Alkmaar Zaanstreek, 2018)
[2331004] Failed to scrape lineup: https://www.transfermarkt.co.uk/montpellier-hsc_ogc-nice/index/spielbericht/2331004
[2459780] Could not find attributes for karim el ahmadi (Feyenoord Rotterdam, 2014)

Keepers & outfield error for **Associazione Calcio Milan** in Associazione Sportiva Roma vs Associazione Calcio Milan: Numbers: 2 and 9.
[3077244] Failed to build match row: ADO Den Haag vs Alkmaar Zaanstreek
[2942795] Could not find attributes for lassana diarra (Paris Saint-Germain Football Club, 2017)
[2459780] Failed to build match row: Feyenoord Rotterdam vs SC Cambuur Leeuwarden
[3081247] Failed to build match row: Associazione Sportiva Roma vs Associazione Calcio Milan
[2942795] Failed to build match row: Toulouse Football Club vs Paris Saint-Germain Football Club
[2899686] Failed to scrape lineup: https://www.transfermarkt.co.uk/real-betis-balompie_atletico-de-madrid/index/spielbericht/2899686
[2577948] Failed to scrape lineup: https://www.transfermarkt.co.uk/chelsea-fc_crystal-palace/index/spielbericht/2577948
[2469966] Could not find attributes for kaan kanak (Eskisehirspor, 2014)
[2469966] Failed to build match row: Beşiktaş Jimnastik Kulübü vs Eskisehirspor
[3069391] Failed to scrape lineup: https://www.transfermarkt.co.uk/vitoria-setubal-fc_cd-nacional/index/spielbericht/3069391

Keepers & outfield error for **Real Club Deportivo Mallorca S.A.D.** in Real Club Deportivo Mallorca S.A.D. vs SD Eibar: Numbers: 2 and 9.
[3208620] Failed to build match row: Real Club Deportivo Mallorca S.A.D. vs SD Eibar

Keepers & outfield error for **CS Marítimo** in CS Marítimo vs Boavista FC: Numbers: 0 and 11.

Keepers & outfield error for **Club Atlético Osasuna** in Club Atlético Osasuna vs Levante Unión Deportiva S.A.D.: Numbers: 0 and 11.
[2883643] Failed to build match row: CS Marítimo vs Boavista FC
[3252484] Could not find attributes for vladimir stojkovic (Fudbalski Klub Partizan Beograd, 2019)
[2341173] Failed to build match row: Club Atlético Osasuna vs Levante Unión Deportiva S.A.D.
[3252484] Failed to build match row: Fudbalski Klub Partizan Beograd vs Manchester United Football Club
[2346192] Could not find attributes for hakan arikan (Antalyaspor, 2013)
[3211530] Could not find attributes for roberts ozols (Riga FC, 2019)
Not enough players found for lineup: 0, 11.
[2726773] Failed to scrape lineup: https://www.transfermarkt.co.uk/juventus-fc_chievo-verona/index/spielbericht/2726773

Keepers & outfield error for **Paris Saint-Germain Football Club** in SM Caen vs Paris Saint-Germain Football Club: Numbers: 2 and 9.
[2346192] Failed to build match row: Antalyaspor vs Galatasaray Spor Kulübü
[2589806] Failed to scrape lineup: https://www.transfermarkt.co.uk/spielbericht/index/spielbericht/2589806
[2490088] Failed to scrape lineup: https://www.transfermarkt.co.uk/karpaty-lviv_metalist-kharkiv/index/spielbericht/2490088
[3211530] Failed to build match row: Riga FC vs Dundalk FC
[2600642] Failed to build match row: SM Caen vs Paris Saint-Germain Football Club
[2500760] Could not find attributes for jeffrey vlug (Fortuna Sittardia Combinatie, 2014)
[2500760] Failed to build match row: Fortuna Sittardia Combinatie vs Nooit Opgeven Altijd Doorzetten Aangenaam Door Vermaak En Nuttig Door Ontspanning Combinatie Breda
[2581855] Could not find attributes for filip mladenovic (1. Fußball-Club Köln, 2015)
Not enough players found for lineup: 11, 0.
[2581855] Failed to build match row: Mönchengladbach vs 1. Fußball-Club Köln
[2915251] Failed to scrape lineup: https://www.transfermarkt.co.uk/spielbericht/index/spielbericht/2915251
[3199410] Could not find attributes for jimmy briand (FC Girondins Bordeaux, 2019)
[3052474] Failed to scrape lineup: https://www.transfermarkt.co.uk/spielbericht/index/spielbericht/3052474

Keepers & outfield error for **RFK Akhmat Grozny** in RFK Akhmat Grozny vs AO FK Zenit Sankt-Peterburg: Numbers: 2 and 9.
[3199410] Failed to build match row: FC Girondins Bordeaux vs Stade brestois 29
[2640739] Failed to build match row: RFK Akhmat Grozny vs AO FK Zenit Sankt-Peterburg
[2697503] Failed to scrape lineup: https://www.transfermarkt.co.uk/silkeborg-if_brondby-if/index/spielbericht/2697503
[2346193] Could not find attributes for oguz daglaroglu (Akhisarspor, 2013)
[2767532] Failed to scrape lineup: https://www.transfermarkt.co.uk/spielbericht/index/spielbericht/2767532
[2346193] Failed to build match row: Akhisarspor vs Kayseri Erciyesspor
[3135812] Could not find attributes for lasse schone (AFC Ajax Amsterdam, 2018)
[3135812] Failed to build match row: Real Madrid Club de Fútbol vs AFC Ajax Amsterdam
[2335160] Could not find attributes for joaozinho (FK Krasnodar, 2013)
[2335160] Failed to build match row: FK Krasnodar vs Tom Tomsk
[2600643] Could not find attributes for alban lafont (Toulouse Football Club, 2015)

Keepers & outfield error for **Levante Unión Deportiva S.A.D.** in Levante Unión Deportiva S.A.D. vs Real Madrid Club de Fútbol: Numbers: 2 and 9.
[2600643] Failed to build match row: Toulouse Football Club vs Lille Olympique Sporting Club
[2341174] Failed to build match row: Levante Unión Deportiva S.A.D. vs Real Madrid Club de Fútbol
[3252485] Could not find attributes for luka simunovic (FC Astana, 2019)

Keepers & outfield error for **Sport Lisboa e Benfica** in Sport Lisboa e Benfica vs PFK CSKA Moskva: Numbers: 0 and 11.
[3052475] Could not find attributes for joseph zerafa (Valletta FC, 2018)
[2883644] Failed to build match row: Vitória Setúbal FC vs GD Chaves
[3252485] Failed to build match row: Alkmaar Zaanstreek vs FC Astana
A Moskva
[3052475] Failed to build match row: Valletta FC vs FK Kukësi
[3077246] Could not find attributes for sepp van den berg (Prins Hendrik Ende Desespereert Nimmer Combinatie Zwolle, 2018)
[3077246] Failed to build match row: Prins Hendrik Ende Desespereert Nimmer Combinatie Zwolle vs ADO Den Haag
[2379786] Failed to scrape lineup: https://www.transfermarkt.co.uk/spielbericht/index/spielbericht/2379786
[2581856] Could not find attributes for yanni regasel (Eintracht Frankfurt Fußball AG, 2015)
[2581856] Failed to build match row: Eintracht Frankfurt Fußball AG vs Hamburger Sport Verein
[2735703] Failed to scrape lineup: https://www.transfermarkt.co.uk/spielbericht/index/spielbericht/2735703
[2346194] Failed to scrape lineup: https://www.transfermarkt.co.uk/kayserispor_genclerbirligi-ankara/index/spielbericht/2346194
[2899687] Failed to scrape lineup: https://www.transfermarkt.co.uk/athletic-bilbao_real-madrid/index/spielbericht/2899687

Keepers & outfield error for **Association Football Club Bournemouth** in Association Football Club Bournemouth vs Southampton FC: Numbers: 2 and 9.
[2359550] Failed to scrape lineup: https://www.transfermarkt.co.uk/as-livorno_ss-lazio/index/spielbericht/2359550
[2872255] Failed to build match row: Association Football Club Bournemouth vs Southampton FC
[3098650] Could not find attributes for viktor anker (FC Helsingör, 2018)
[2720995] Failed to scrape lineup: https://www.transfermarkt.co.uk/sporting-cp_boavista-fc/index/spielbericht/2720995
[3098650] Failed to build match row: FC Helsingör vs Naestved Boldklub
[3211531] Failed to scrape lineup: https://www.transfermarkt.co.uk/spielbericht/index/spielbericht/3211531
[2459781] Failed to scrape lineup: https://www.transfermarkt.co.uk/willem-ii-tilburg_heracles-almelo/index/spielbericht/2459781

Keepers & outfield error for **Portimonense SC** in Portimonense SC vs Clube Desportivo Santa Clara: Numbers: 0 and 11.
[3069392] Failed to build match row: Portimonense SC vs Clube Desportivo Santa Clara
[3394765] Could not find attributes for baptiste gabard (AS Saint-Étienne, 2020)
[3394765] Failed to build match row: AS Saint-Étienne vs Olympique Lyonnais
[2609454] Failed to scrape lineup: https://www.transfermarkt.co.uk/cf-os-belenenses_cd-nacional/index/spielbericht/2609454
[2469967] Failed to scrape lineup: https://www.transfermarkt.co.uk/basaksehir-fk_akhisar-belediyespor/index/spielbericht/2469967
[2577949] Failed to scrape lineup: https://www.transfermarkt.co.uk/tottenham-hotspur_everton-fc/index/spielbericht/2577949
[3229345] Failed to scrape lineup: https://www.transfermarkt.co.uk/spal_hellas-verona/index/spielbericht/3229345
[3221069] Could not find attributes for flavio ramos (Gençlerbirliği Spor Kulübü, 2019)
[2331006] Failed to scrape lineup: https://www.transfermarkt.co.uk/ea-guingamp_paris-saint-germain/index/spielbericht/2331006
[3221069] Failed to build match row: Gençlerbirliği Spor Kulübü vs Çaykur Rizespor Kulübü
[2490089] Could not find attributes for yevgen borovyk (Metalurg Zaporizhya (-2016), 2014)
[2490089] Failed to build match row: Metalurg Zaporizhya (-2016) vs Vorskla Poltava

Keepers & outfield error for **Udinese Calcio** in Udinese Calcio vs Genoa Cricket and Football Club: Numbers: 2 and 9.
[2726775] Failed to build match row: Udinese Calcio vs Genoa Cricket and Football Club

Keepers & outfield error for **CD Leganés** in Valencia Club de Fútbol S. A. D. vs CD Leganés: Numbers: 3 and 8.
[2942796] Failed to scrape lineup: https://www.transfermarkt.co.uk/fc-girondins-bordeaux_amiens-sc/index/spielbericht/2942796
[2767533] Failed to build match row: Valencia Club de Fútbol S. A. D. vs CD Leganés
[2478631] Failed to scrape lineup: https://www.transfermarkt.co.uk/genoa-cfc_uc-sampdoria/index/spielbericht/2478631
[2711533] Could not find attributes for ohad levita (Maccabi Haifa, 2016)
[2589807] Failed to scrape lineup: https://www.transfermarkt.co.uk/spielbericht/index/spielbericht/2589807
[2711533] Failed to build match row: Maccabi Haifa vs Kalju FC
[3052476] Could not find attributes for giannis anestis (Hapoel Beer Sheva, 2018)
[3052476] Failed to build match row: Hapoel Beer Sheva vs FC Flora Tallinn
[2335161] Could not find attributes for joaozinho (FK Krasnodar, 2013)
[2490090] Could not find attributes for mykyta shevchenko (FC Zorya Lugansk, 2014)
[2335161] Failed to build match row: PFK CSKA Moskva vs FK Krasnodar
[3229346] Could not find attributes for ragnar klavan (Cagliari Calcio, 2019)
[2490090] Failed to build match row: FC Shakhtar Donetsk vs FC Zorya Lugansk

Keepers & outfield error for **Chelsea Football Club** in Everton Football Club vs Chelsea Football Club: Numbers: 2 and 9.
[2469968] Could not find attributes for mustafa akbas (Trabzonspor Kulübü, 2014)
[3077247] Could not find attributes for ben rienstra (Sportclub Heerenveen, 2018)
[3077247] Failed to build match row: Eindhovense Voetbalvereniging Philips Sport Vereniging vs Sportclub Heerenveen
[3229346] Failed to build match row: Cagliari Calcio vs Associazione Calcio Milan
[2469968] Failed to build match row: Kardemir Karabükspor vs Trabzonspor Kulübü
[2577950] Failed to build match row: Everton Football Club vs Chelsea Football Club
[2518651] Could not find attributes for athanasios panteliadis (A.G.S Asteras Tripolis, 2014)
[2700643] Could not find attributes for markus henriksen (Alkmaar Zaanstreek, 2016)
[2518651] Failed to build match row: A.G.S Asteras Tripolis vs GS Ergotelis
[2700643] Failed to build match row: Eindhovense Voetbalvereniging Philips Sport Vereniging vs Alkmaar Zaanstreek
[3252487] Could not find attributes for zeca (Football Club København, 2019)
orting Clube de Braga: Numbers: 2 and 9.
[2720996] Failed to build match row: CD Feirense vs Sporting Clube de Braga

Keepers & outfield error for **Getafe Club de Fútbol S. A. D. Team Dubai** in Getafe Club de Fútbol S. A. D. Team Dubai vs SD Eibar: Numbers: 0 and 11.
[3081249] Could not find attributes for albin ekdal (UC Sampdoria, 2018)
[2899688] Failed to build match row: Getafe Club de Fútbol S. A. D. Team Dubai vs SD Eibar
[2697504] Failed to scrape lineup: https://www.transfermarkt.co.uk/fc-nordsjaelland_fc-midtjylland/index/spielbericht/2697504
[2618810] Could not find attributes for filip novak (Fodbold Club Midtjylland, 2015)
[2618810] Failed to build match row: Fodbold Club Midtjylland vs Società Sportiva Calcio Napoli
[2601708] Failed to build match row: FC Oleksandriya vs Volyn Lutsk

Keepers & outfield error for **Clube Desportivo de Tondela** in Clube Desportivo de Tondela vs Rio Ave Futebol Clube: Numbers: 0 and 11.
[3394766] Could not find attributes for mouhamadou drammeh (Stade Reims, 2020)
[3069393] Failed to build match row: Clube Desportivo de Tondela vs Rio Ave Futebol Clube
[3394766] Failed to build match row: Stade Reims vs Stade brestois 29
[2849039] Could not find attributes for roman lyopka (Zirka Kropyvnytskyi, 2016)
[2849039] Failed to build match row: Zirka Kropyvnytskyi vs Volyn Lutsk
[3098651] Could not find attributes for victor michaelsen (Boldklubben af 1893, 2018)
[3098651] Failed to build match row: Boldklubben af 1893 vs HB Köge
[2490091] Could not find attributes for maksym koval (Goverla Uzhgorod (- 2016), 2014)
[2478632] Could not find attributes for dodo (Football Club Internazionale Milano S.p.A., 2014)
[2490091] Failed to build match row: Goverla Uzhgorod (- 2016) vs Chornomorets Odesa
[2478632] Failed to build match row: Football Club Internazionale Milano S.p.A. vs Cagliari Calcio
[2321354] Could not find attributes for julian brandt (Bayer 04 Leverkusen Fußball, 2013)
[2720997] Could not find attributes for zainadine (CS Marítimo, 2016)
[2321354] Failed to build match row: Bayer 04 Leverkusen Fußball vs Sportverein Werder Bremen von 1899
[2720997] Failed to build match row: CS Marítimo vs GD Chaves
[2335162] Could not find attributes for aleksandr pavlenko (PFK Krylya Sovetov Samara, 2013)
[2346195] Could not find attributes for mehmet topal (Fenerbahçe Spor Kulübü, 2013)
[2346195] Failed to build match row: Fenerbahçe Spor Kulübü vs Kasımpaşa A.Ş.
[2335162] Failed to build match row: PFK Krylya Sovetov Samara vs Volga Nizhniy Novgorod (- 2016)

Keepers & outfield error for **Levante Unión Deportiva S.A.D.** in Levante Unión Deportiva S.A.D. vs Athletic Club Bilbao: Numbers: 3 and 8.
[2899689] Failed to build match row: Levante Unión Deportiva S.A.D. vs Athletic Club Bilbao
[2891484] Could not find attributes for theodoros tripotseris (APO Levadiakos Football Club, 2017)
[2891484] Failed to build match row: APO Levadiakos Football Club vs PAS Lamia 1964

Keepers & outfield error for **Genoa Cricket and Football Club** in Genoa Cricket and Football Club vs Unione Sportiva Sassuolo Calcio: Numbers: 2 and 9.
[3081250] Failed to build match row: Genoa Cricket and Football Club vs Unione Sportiva Sassuolo Calcio
[2518652] Failed to scrape lineup: https://www.transfermarkt.co.uk/olympiacos-piraeus_aok-kerkyra/index/spielbericht/2518652

Keepers & outfield error for **SPAL** in Associazione Calcio Fiorentina vs SPAL: Numbers: 0 and 11.

Keepers & outfield error for **Società Sportiva Lazio S.p.A.** in Società Sportiva Lazio S.p.A. vs Società Sportiva Calcio Napoli: Numbers: 2 and 9.
[3229347] Failed to build match row: Associazione Calcio Fiorentina vs SPAL
[2726777] Failed to build match row: Società Sportiva Lazio S.p.A. vs Società Sportiva Calcio Napoli
[3052477] Could not find attributes for vujadin savic (Fudbalski klub Crvena zvezda Beograd, 2018)
[3052477] Failed to build match row: Fudbalski klub Crvena zvezda Beograd vs FK Spartaks Jurmala

Keepers & outfield error for **Gaziantepspor (- 2020)** in Kasımpaşa A.Ş. vs Gaziantepspor (- 2020): Numbers: 2 and 9.
[3047436] Could not find attributes for julio tavares (Dijon FCO, 2018)
[3047436] Failed to build match row: Montpellier HSC vs Dijon FCO
[2469969] Failed to build match row: Kasımpaşa A.Ş. vs Gaziantepspor (- 2020)
[2601709] Could not find attributes for roman mysak (Karpaty Lviv (-2021), 2015)
[3208623] Failed to scrape lineup: https://www.transfermarkt.co.uk/deportivo-alaves_levante-ud/index/spielbericht/3208623

Keepers & outfield error for **UD Almería** in Sevilla Fútbol Club S.A.D. vs UD Almería: Numbers: 0 and 11.
[2601709] Failed to build match row: Karpaty Lviv (-2021) vs Vorskla Poltava

Keepers & outfield error for **Palermo FC** in Palermo FC vs Società Sportiva Lazio S.p.A.: Numbers: 0 and 11.
[2640741] Failed to scrape lineup: https://www.transfermarkt.co.uk/rubin-kazan_spartak-moscow/index/spielbericht/2640741
[2341176] Failed to build match row: Sevilla Fútbol Club S.A.D. vs UD Almería
[2478633] Failed to build match row: Palermo FC vs Società Sportiva Lazio S.p.A.
[2883645] Failed to scrape lineup: https://www.transfermarkt.co.uk/cd-tondela_estoril-praia/index/spielbericht/2883645

Keepers & outfield error for **Sporting Clube de Braga** in Sporting Clube de Braga vs Desportivo Aves (- 2020): Numbers: 0 and 11.
[2891485] Could not find attributes for matic kotnik (Panionios Athens, 2017)
[2891485] Failed to build match row: Panionios Athens vs Panthessalonikios Athlitikos Omilos Konstantinoupoliton
[3069394] Failed to build match row: Sporting Clube de Braga vs Desportivo Aves (- 2020)

Keepers & outfield error for **Association sportive de Monaco Football Club** in Association sportive de Monaco Football Club vs Racing Club de Lens: Numbers: 2 and 9.
Not enough players found for lineup: 0, 0.
[2482261] Failed to build match row: Association sportive de Monaco Football Club vs Racing Club de Lens
[2490841] Failed to scrape lineup: https://www.transfermarkt.co.uk/spielbericht/index/spielbericht/2490841
[2720998] Could not find attributes for carlinhos (Grupo Desportivo Estoril Praia, 2016)
[2720998] Failed to build match row: Grupo Desportivo Estoril Praia vs Clube Desportivo Nacional
[2735704] Could not find attributes for matteo tomei (Pordenone Calcio, 2016)
[2735704] Failed to build match row: Ternana Calcio vs Pordenone Calcio
[3135835] Could not find attributes for jean david beauguel (FC Viktoria Plzeň, a.s., 2018)
[3135835] Failed to build match row: FC Viktoria Plzeň, a.s. vs GNK Dinamo Zagreb
[2518653] Could not find attributes for kevin olimpa (AO Platanias, 2014)
[2518653] Failed to build match row: AO Platanias vs AEL Kalloni
[2711534] Could not find attributes for sergey lepmets (FCI Levadia, 2016)
[2711534] Failed to build match row: FCI Levadia vs SK Slavia Praha, a.s.
[2469970] Could not find attributes for tita (Mersin Talimyurdu SK, 2014)
[2469970] Failed to build match row: Mersin Talimyurdu SK vs Bursaspor
[3052478] Could not find attributes for ognjen cancarevic (Alashkert Yerevan FC, 2018)
[2589809] Failed to scrape lineup: https://www.transfermarkt.co.uk/spielbericht/index/spielbericht/2589809
[3052478] Failed to build match row: The Celtic Football Club vs Alashkert Yerevan FC

Keepers & outfield error for **Olympiakos Syndesmos Filathlon Peiraios** in Olympiakos Syndesmos Filathlon Peiraios vs Club Atlético de Madrid S.A.D.: Numbers: 0 and 11.
[2640742] Could not find attributes for aritm (FK Krasnodar, 2015)
[2490842] Failed to build match row: Olympiakos Syndesmos Filathlon Peiraios vs Club Atlético de Madrid S.A.D.
[2849342] Failed to scrape lineup: https://www.transfermarkt.co.uk/spielbericht/index/spielbericht/2849342
[2640742] Failed to build match row: FK Krasnodar vs FK Rostov
[2917361] Could not find attributes for jakub rzezniczak (Qarabağ FK, 2017)
[3098652] Failed to scrape lineup: https://www.transfermarkt.co.uk/spielbericht/index/spielbericht/3098652
[2917361] Failed to build match row: Chelsea Football Club vs Qarabağ FK
[2321355] Failed to scrape lineup: https://www.transfermarkt.co.uk/hannover-96_sc-freiburg/index/spielbericht/2321355
[2899690] Failed to scrape lineup: https://www.transfermarkt.co.uk/deportivo-alaves_ud-las-palmas/index/spielbericht/2899690

Keepers & outfield error for **Futebol Clube do Porto** in Futebol Clube do Porto vs Moreirense Futebol Clube: Numbers: 2 and 9.
[2883646] Failed to build match row: Futebol Clube do Porto vs Moreirense Futebol Clube
[2346196] Failed to scrape lineup: https://www.transfermarkt.co.uk/eskisehirspor_sivasspor/index/spielbericht/2346196
[3077248] Could not find attributes for jethro mashart (Nooit Opgeven Altijd Doorzetten Aangenaam Door Vermaak En Nuttig Door Ontspanning Combinatie Breda, 2018)
[3199414] Could not find attributes for timothee kolodziejczak (AS Saint-Étienne, 2019)
[3077248] Failed to build match row: Nooit Opgeven Altijd Doorzetten Aangenaam Door Vermaak En Nuttig Door Ontspanning Combinatie Breda vs AFC Ajax Amsterdam
[3199414] Failed to build match row: Angers Sporting Club de l'Ouest vs AS Saint-Étienne
[2335164] Could not find attributes for aleksandr pavlenko (PFK Krylya Sovetov Samara, 2013)
[2335164] Failed to build match row: FK Rostov vs PFK Krylya Sovetov Samara
[3081251] Failed to scrape lineup: https://www.transfermarkt.co.uk/spal_torino-fc/index/spielbericht/3081251
[2577952] Failed to scrape lineup: https://www.transfermarkt.co.uk/crystal-palace_manchester-city/index/spielbericht/2577952
[2589810] Could not find attributes for gretar sigfinnur sigurdarson (KR Reykjavík, 2015)
[2589810] Failed to build match row: KR Reykjavík vs Rosenborg Ballklub
[2697506] Failed to scrape lineup: https://www.transfermarkt.co.uk/aarhus-gf_viborg-ff/index/spielbericht/2697506
[3229348] Failed to scrape lineup: https://www.transfermarkt.co.uk/hellas-verona_genoa-cfc/index/spielbericht/3229348
[2359553] Failed to scrape lineup: https://www.transfermarkt.co.uk/cagliari-calcio_parma-fc/index/spielbericht/2359553
[3211532] Could not find attributes for rahil mammadov (Qarabağ FK, 2019)
[3211532] Failed to build match row: Qarabağ FK vs FK Partizani
[2726778] Failed to scrape lineup: https://www.transfermarkt.co.uk/ac-milan_us-palermo/index/spielbericht/2726778
[2942799] Failed to scrape lineup: https://www.transfermarkt.co.uk/angers-sco_as-monaco/index/spielbericht/2942799

Keepers & outfield error for **Футбольный клуб "Локомотив" Москва** in FK Dinamo Moskva vs Футбольный клуб "Локомотив" Москва: Numbers: 0 and 11.
[2640743] Failed to build match row: FK Dinamo Moskva vs Футбольный клуб "Локомотив" Москва
[2618812] Failed to scrape lineup: https://www.transfermarkt.co.uk/spielbericht/index/spielbericht/2618812
[2601710] Failed to scrape lineup: https://www.transfermarkt.co.uk/zorya-lugansk_goverla-uzhgorod-2016-/index/spielbericht/2601710
[3394768] Failed to scrape lineup: https://www.transfermarkt.co.uk/paris-saint-germain_montpellier-hsc/index/spielbericht/3394768
[2589811] Could not find attributes for jan mucha (Slovan Bratislava, 2015)
[2589811] Failed to build match row: Slovan Bratislava vs University College Dublin
[3135836] Failed to scrape lineup: https://www.transfermarkt.co.uk/spielbericht/index/spielbericht/3135836
[2335165] Could not find attributes for maicon bolt (Футбольный клуб "Локомотив" Москва, 2013)
[2335165] Failed to build match row: Футбольный клуб "Локомотив" Москва vs Amkar Perm
[2720999] Failed to scrape lineup: https://www.transfermarkt.co.uk/vitoria-guimaraes-sc_cd-tondela/index/spielbericht/2720999
[2735705] Failed to scrape lineup: https://www.transfermarkt.co.uk/spielbericht/index/spielbericht/2735705
[3069395] Failed to scrape lineup: https://www.transfermarkt.co.uk/cs-maritimo_gd-chaves/index/spielbericht/3069395
[2891486] Failed to scrape lineup: https://www.transfermarkt.co.uk/panathinaikos-fc_aek-athens/index/spielbericht/2891486

Keepers & outfield error for **Real Betis Balompié S.A.D.** in Real Betis Balompié S.A.D. vs Real Valladolid CF: Numbers: 3 and 8.
[3208625] Failed to build match row: Real Betis Balompié S.A.D. vs Real Valladolid CF

Keepers & outfield error for **Mönchengladbach** in Verein für Leibesübungen Wolfsburg vs Mönchengladbach: Numbers: 2 and 9.
[2346197] Could not find attributes for serkan kirintili (Çaykur Rizespor Kulübü, 2013)

Keepers & outfield error for **Associazione Calcio Milan** in Associazione Calcio Milan vs Cagliari Calcio: Numbers: 2 and 9.
[2321356] Failed to build match row: Verein für Leibesübungen Wolfsburg vs Mönchengladbach
[2346197] Failed to build match row: Çaykur Rizespor Kulübü vs Gaziantepspor (- 2020)
[3081252] Failed to build match row: Associazione Calcio Milan vs Cagliari Calcio
[3288468] Could not find attributes for abdoulaye fall (UE Cornellà, 2019)
[3288468] Failed to build match row: UE Cornellà vs Orihuela CF
[2518654] Failed to scrape lineup: https://www.transfermarkt.co.uk/pae-veria_panathinaikos-fc/index/spielbericht/2518654
[2331008] Failed to scrape lineup: https://www.transfermarkt.co.uk/fc-evian-thonon-gaillard_ac-ajaccio/index/spielbericht/2331008
[2335166] Could not find attributes for artem radkov (RFK Akhmat Grozny, 2013)
[2335166] Failed to build match row: RFK Akhmat Grozny vs Ural Yekaterinburg
[2711535] Failed to scrape lineup: https://www.transfermarkt.co.uk/spielbericht/index/spielbericht/2711535
047438
[3252490] Failed to scrape lineup: https://www.transfermarkt.co.uk/spielbericht/index/spielbericht/3252490
[2469971] Failed to scrape lineup: https://www.transfermarkt.co.uk/fenerbahce_konyaspor/index/spielbericht/2469971
[2459785] Failed to scrape lineup: https://www.transfermarkt.co.uk/heracles-almelo_feyenoord-rotterdam/index/spielbericht/2459785
[2589812] Could not find attributes for henok goitom (Allmänna Idrottsklubben, 2015)
[3199416] Could not find attributes for stephy mavididi (Dijon FCO, 2019)
[2341178] Failed to scrape lineup: https://www.transfermarkt.co.uk/rayo-vallecano_fc-barcelona/index/spielbericht/2341178
[2589812] Failed to build match row: Allmänna Idrottsklubben vs FC Shirak Gyumri
[3199416] Failed to build match row: Olympique Gymnaste Club Nice Côte d'Azur vs Dijon FCO
[3052479] Failed to scrape lineup: https://www.transfermarkt.co.uk/spielbericht/index/spielbericht/3052479
[2490843] Failed to scrape lineup: https://www.transfermarkt.co.uk/spielbericht/index/spielbericht/2490843
[3069396] Could not find attributes for chiquinho (Moreirense Futebol Clube, 2018)
[3069396] Failed to build match row: Moreirense Futebol Clube vs B SAD
[2872258] Failed to scrape lineup: https://www.transfermarkt.co.uk/chelsea-fc_newcastle-united/index/spielbericht/2872258
[2700646] Failed to scrape lineup: https://www.transfermarkt.co.uk/ajax-amsterdam_willem-ii-tilburg/index/spielbericht/2700646
[2482263] Failed to scrape lineup: https://www.transfermarkt.co.uk/fc-nantes_fc-toulouse/index/spielbericht/2482263
[2346198] Could not find attributes for ersan gulum (Beşiktaş Jimnastik Kulübü, 2013)
[2346198] Failed to build match row: Beşiktaş Jimnastik Kulübü vs Bursaspor
[3135837] Could not find attributes for srdjan grahovac (Sportklub Rapid, 2018)
[3135837] Failed to build match row: Sportklub Rapid vs Football Club Internazionale Milano S.p.A.
[2335167] Could not find attributes for sergei pareiko (Volga Nizhniy Novgorod (- 2016), 2013)
[2335167] Failed to build match row: Volga Nizhniy Novgorod (- 2016) vs FC Rubin Kazan
[2899691] Failed to scrape lineup: https://www.transfermarkt.co.uk/rcd-espanyol-barcelona_girona-fc/index/spielbericht/2899691
[2883647] Failed to scrape lineup: https://www.transfermarkt.co.uk/rio-ave-fc_portimonense-sc/index/spielbericht/2883647
[2917362] Failed to scrape lineup: https://www.transfermarkt.co.uk/spielbericht/index/spielbericht/2917362
[2577953] Failed to scrape lineup: https://www.transfermarkt.co.uk/watford-fc_swansea-city/index/spielbericht/2577953
[2518657] Could not find attributes for kevin olimpa (AO Platanias, 2014)
[2518657] Failed to build match row: AO Platanias vs Veria NPS
[3211533] Failed to scrape lineup: https://www.transfermarkt.co.uk/spielbericht/index/spielbericht/3211533

Keepers & outfield error for **Villarreal Club de Fútbol S.A.D.** in Villarreal Club de Fútbol S.A.D. vs CD Toledo: Numbers: 2 and 9.
[2767534] Failed to build match row: Villarreal Club de Fútbol S.A.D. vs CD Toledo
[2500761] Could not find attributes for danny wintjens (VVV-Venlo, 2014)
[2500761] Failed to build match row: VVV-Venlo vs MVV Maastricht
[2478636] Failed to scrape lineup: https://www.transfermarkt.co.uk/torino-fc_acf-fiorentina/index/spielbericht/2478636
[2618813] Failed to scrape lineup: https://www.transfermarkt.co.uk/spielbericht/index/spielbericht/2618813
[3069397] Could not find attributes for rafa silva (Sport Lisboa e Benfica, 2018)
[3069397] Failed to build match row: Sport Lisboa e Benfica vs Sporting Clube de Portugal
[2359555] Failed to scrape lineup: https://www.transfermarkt.co.uk/juventus-fc_atalanta-bc/index/spielbericht/2359555
[3229350] Failed to scrape lineup: https://www.transfermarkt.co.uk/ss-lazio_ssc-napoli/index/spielbericht/3229350

Keepers & outfield error for **Sporting Clube de Portugal** in Rosenborg Ballklub vs Sporting Clube de Portugal: Numbers: 2 and 9.
[2601711] Failed to scrape lineup: https://www.transfermarkt.co.uk/chornomorets-odesa_metalurg-zaporizhya-2016-/index/spielbericht/2601711
[3252491] Failed to build match row: Rosenborg Ballklub vs Sporting Clube de Portugal
[3052480] Could not find attributes for vladan giljen (FK Sutjeska Niksic, 2018)
[3052480] Failed to build match row: FK Sutjeska Niksic vs FC Astana
[2721000] Failed to scrape lineup: https://www.transfermarkt.co.uk/rio-ave-fc_vitoria-setubal-fc/index/spielbericht/2721000
[2735706] Failed to scrape lineup: https://www.transfermarkt.co.uk/spielbericht/index/spielbericht/2735706
[2891487] Failed to scrape lineup: https://www.transfermarkt.co.uk/ae-larisa_apollon-smyrnis/index/spielbericht/2891487

Keepers & outfield error for **Espanol** in Villarreal Club de Fútbol S.A.D. vs Espanol: Numbers: 3 and 8.
[2341180] Failed to build match row: Villarreal Club de Fútbol S.A.D. vs Espanol
[2697508] Failed to scrape lineup: https://www.transfermarkt.co.uk/fc-copenhagen_fc-nordsjaelland/index/spielbericht/2697508
[2518658] Could not find attributes for stathis tavlaridis (Panathinaikos Athlitikos Omilos, 2014)
[2518658] Failed to build match row: Panathinaikos Athlitikos Omilos vs A.G.S Asteras Tripolis
[3077250] Failed to scrape lineup: https://www.transfermarkt.co.uk/fc-emmen_excelsior-rotterdam/index/spielbericht/3077250

Keepers & outfield error for **Real Valladolid CF** in Real Sociedad de Fútbol S.A.D. vs Real Valladolid CF: Numbers: 2 and 9.
[2640745] Failed to scrape lineup: https://www.transfermarkt.co.uk/mordovia-saransk-2020-_terek-grozny/index/spielbericht/2640745
[2321357] Failed to scrape lineup: https://www.transfermarkt.co.uk/tsg-1899-hoffenheim_eintracht-braunschweig/index/spielbericht/2321357
[2942801] Failed to scrape lineup: https://www.transfermarkt.co.uk/estac-troyes_fc-metz/index/spielbericht/2942801
[3288469] Failed to scrape lineup: https://www.transfermarkt.co.uk/spielbericht/index/spielbericht/3288469
[2767535] Failed to build match row: Real Sociedad de Fútbol S.A.D. vs Real Valladolid CF
[2331009] Failed to scrape lineup: https://www.transfermarkt.co.uk/fc-lorient_as-monaco/index/spielbericht/2331009
[2601712] Could not find attributes for zauri makharadze (Olimpik Donetsk, 2015)
[3069398] Could not find attributes for fabio sturgeon (CD Feirense, 2018)
[3069398] Failed to build match row: CD Feirense vs Boavista FC
[2601712] Failed to build match row: Olimpik Donetsk vs Metalist Kharkiv (- 2016)
[3229351] Could not find attributes for giulio donati (Unione Sportiva Lecce, 2019)
[3229351] Failed to build match row: Parma Calcio 1913 vs Unione Sportiva Lecce
[2891488] Could not find attributes for georgios athanasiadis (A.G.S Asteras Tripolis, 2017)
[2891488] Failed to build match row: A.G.S Asteras Tripolis vs Panathinaikos Athlitikos Omilos
[2721001] Could not find attributes for zizo (Clube Desportivo Nacional, 2016)
[2721001] Failed to build match row: Clube Desportivo Nacional vs Moreirense Futebol Clube
[3221070] Failed to scrape lineup: https://www.transfermarkt.co.uk/konyaspor_mke-ankaragucu/index/spielbericht/3221070
[2490844] Failed to scrape lineup: https://www.transfermarkt.co.uk/spielbericht/index/spielbericht/2490844

Keepers & outfield error for **Lyngby Boldklub** in Sønderjyske Fodbold vs Lyngby Boldklub: Numbers: 2 and 9.
[2697509] Failed to build match row: Sønderjyske Fodbold vs Lyngby Boldklub
[2518659] Could not find attributes for nikolaos papadopoulos (Panionios Athens, 2014)
[2518659] Failed to build match row: Panionios Athens vs Panetolikos Agrinio
[2335169] Could not find attributes for martin jiranek (Tom Tomsk, 2013)
[2335169] Failed to build match row: Tom Tomsk vs RFK Akhmat Grozny
[2609455] Failed to scrape lineup: https://www.transfermarkt.co.uk/sl-benfica_cs-maritimo/index/spielbericht/2609455
[2459786] Failed to scrape lineup: https://www.transfermarkt.co.uk/excelsior-rotterdam_fc-groningen/index/spielbericht/2459786

Keepers & outfield error for **Clube Desportivo Santa Clara** in Clube Desportivo Santa Clara vs Boavista FC: Numbers: 0 and 11.
[3052481] Could not find attributes for roin kvaskhvadze (Torpedo Kutaisi, 2018)
[3069399] Failed to build match row: Clube Desportivo Santa Clara vs Boavista FC
[3052481] Failed to build match row: Torpedo Kutaisi vs FC Sheriff Tiraspol
[3208627] Failed to scrape lineup: https://www.transfermarkt.co.uk/athletic-bilbao_fc-barcelona/index/spielbericht/3208627
[2346199] Failed to scrape lineup: https://www.transfermarkt.co.uk/genclerbirligi-ankara_konyaspor/index/spielbericht/2346199
[2589813] Failed to scrape lineup: https://www.transfermarkt.co.uk/spielbericht/index/spielbericht/2589813
[2872259] Failed to scrape lineup: https://www.transfermarkt.co.uk/everton-fc_huddersfield-town/index/spielbericht/2872259
[2899692] Failed to scrape lineup: https://www.transfermarkt.co.uk/real-sociedad_malaga-cf/index/spielbericht/2899692
[2700647] Failed to scrape lineup: https://www.transfermarkt.co.uk/pec-zwolle_psv-eindhoven/index/spielbericht/2700647
[2883657] Failed to scrape lineup: https://www.transfermarkt.co.uk/cf-os-belenenses_vitoria-setubal-fc/index/spielbericht/2883657
[2917363] Failed to scrape lineup: https://www.transfermarkt.co.uk/spielbericht/index/spielbericht/2917363
[2577954] Failed to scrape lineup: https://www.transfermarkt.co.uk/west-ham-united_newcastle-united/index/spielbericht/2577954
[2849358] Failed to scrape lineup: https://www.transfermarkt.co.uk/spielbericht/index/spielbericht/2849358
ielbericht/3199418
[2601713] Could not find attributes for oleksandr shovkovskyi (Futbolniy Klub Dynamo Kyiv, 2015)
/2500762
[3047440] Failed to scrape lineup: https://www.transfermarkt.co.uk/as-saint-etienne_ea-guingamp/index/spielbericht/3047440
[2601713] Failed to build match row: Futbolniy Klub Dynamo Kyiv vs FC Shakhtar Donetsk
[2459787] Could not find attributes for robert braber (Willem II Tilburg, 2014)
[3069400] Could not find attributes for filipe brigues (GD Chaves, 2018)
[2459787] Failed to build match row: Vitesse Arnhem vs Willem II Tilburg
[3069400] Failed to build match row: GD Chaves vs Sporting Clube de Braga
[3229353] Could not find attributes for manolo gabbiadini (UC Sampdoria, 2019)
[3229353] Failed to build match row: UC Sampdoria vs Brescia Calcio

Keepers & outfield error for **Real Madrid Club de Fútbol** in Real Madrid Club de Fútbol vs FC Basel 1893 AG: Numbers: 2 and 9.
[2490845] Failed to build match row: Real Madrid Club de Fútbol vs FC Basel 1893 AG
[3098654] Failed to scrape lineup: https://www.transfermarkt.co.uk/spielbericht/index/spielbericht/3098654
[2518660] Could not find attributes for zacharias kavousakis (GS Ergotelis, 2014)
[2518660] Failed to build match row: GS Ergotelis vs Panthrakikos Komotini
[2379788] Failed to scrape lineup: https://www.transfermarkt.co.uk/spielbericht/index/spielbericht/2379788
[2711536] Could not find attributes for nana boateng (Strømsgodset IF, 2016)
[2711536] Failed to build match row: Sønderjyske Fodbold vs Strømsgodset IF
[2609456] Could not find attributes for filip krovinovic (Rio Ave Futebol Clube, 2015)
[2618814] Failed to scrape lineup: https://www.transfermarkt.co.uk/spielbericht/index/spielbericht/2618814
[2609456] Failed to build match row: Futebol Clube do Porto vs Rio Ave Futebol Clube
[2359556] Failed to scrape lineup: https://www.transfermarkt.co.uk/genoa-cfc_bologna-fc-1909/index/spielbericht/2359556
[3135838] Could not find attributes for petr sevcik (SK Slavia Praha, a.s., 2018)
[3135838] Failed to build match row: SK Slavia Praha, a.s. vs Koninklijke Racing Club Genk
[2469973] Failed to scrape lineup: https://www.transfermarkt.co.uk/sivasspor_genclerbirligi-ankara/index/spielbericht/2469973

Keepers & outfield error for **Sporting Clube de Portugal** in Olympiakos Syndesmos Filathlon Peiraios vs Sporting Clube de Portugal: Numbers: 0 and 11.
[2917364] Failed to build match row: Olympiakos Syndesmos Filathlon Peiraios vs Sporting Clube de Portugal
[2581859] Failed to scrape lineup: https://www.transfermarkt.co.uk/tsg-1899-hoffenheim_1-fsv-mainz-05/index/spielbericht/2581859
[2341181] Failed to scrape lineup: https://www.transfermarkt.co.uk/valencia-cf_sevilla-fc/index/spielbericht/2341181

Keepers & outfield error for **Association sportive de Monaco Football Club** in Association sportive de Monaco Football Club vs Bayer 04 Leverkusen Fußball: Numbers: 2 and 9.
[2490846] Failed to build match row: Association sportive de Monaco Football Club vs Bayer 04 Leverkusen Fußball
[3069401] Could not find attributes for fabio sturgeon (CD Feirense, 2018)
[3069401] Failed to build match row: Sporting Clube de Portugal vs CD Feirense
[2767536] Failed to scrape lineup: https://www.transfermarkt.co.uk/spielbericht/index/spielbericht/2767536
[2640746] Failed to scrape lineup: https://www.transfermarkt.co.uk/zenit-st-petersburg_fc-ufa/index/spielbericht/2640746
[3288594] Failed to scrape lineup: https://www.transfermarkt.co.uk/spielbericht/index/spielbericht/3288594
[3081254] Could not find attributes for junior tavares (UC Sampdoria, 2018)
[3135839] Could not find attributes for stanislav kritsyuk (FK Krasnodar, 2018)
[3081254] Failed to build match row: UC Sampdoria vs Frosinone Calcio
[3135839] Failed to build match row: FK Krasnodar vs Bayer 04 Leverkusen Fußball
[2359557] Could not find attributes for agim ibraimi (Cagliari Calcio, 2013)
[2359557] Failed to build match row: Società Sportiva Calcio Napoli vs Cagliari Calcio
[2740112] Could not find attributes for jose luis palomino (Ludogorets Razgrad, 2016)
[2740112] Failed to build match row: Ludogorets Razgrad vs FC Viktoria Plzeň, a.s.
[3252493] Failed to scrape lineup: https://www.transfermarkt.co.uk/spielbericht/index/spielbericht/3252493
[2601714] Could not find attributes for oleksandr bandura (PFK Stal Kamyanske (-2018), 2015)
[2469974] Could not find attributes for jose sosa (Beşiktaş Jimnastik Kulübü, 2014)
[2891489] Failed to scrape lineup: https://www.transfermarkt.co.uk/pas-giannina_ao-xanthi/index/spielbericht/2891489
[2601714] Failed to build match row: PFK Stal Kamyanske (-2018) vs Dnipro Dnipropetrovsk (-2020)
[2469974] Failed to build match row: Balikesirspor vs Beşiktaş Jimnastik Kulübü
[2721002] Failed to scrape lineup: https://www.transfermarkt.co.uk/cd-tondela_rio-ave-fc/index/spielbericht/2721002

Keepers & outfield error for **Gaziantep Futbol Kulübü A.Ş.** in Fenerbahçe Spor Kulübü vs Gaziantep Futbol Kulübü A.Ş.: Numbers: 2 and 9.

Keepers & outfield error for **Celta** in Celta vs Manchester United Football Club: Numbers: 0 and 11.
[2849359] Failed to build match row: Celta vs Manchester United Football Club
[3221072] Failed to build match row: Fenerbahçe Spor Kulübü vs Gaziantep Futbol Kulübü A.Ş.

Keepers & outfield error for **Sporting Clube de Portugal** in Vitória Setúbal FC vs Sporting Clube de Portugal: Numbers: 0 and 11.
[2482267] Failed to scrape lineup: https://www.transfermarkt.co.uk/fc-evian-thonon-gaillard_olympique-lyon/index/spielbericht/2482267
[2609457] Failed to build match row: Vitória Setúbal FC vs Sporting Clube de Portugal
[2321359] Failed to scrape lineup: https://www.transfermarkt.co.uk/fc-augsburg_eintracht-frankfurt/index/spielbericht/2321359

Keepers & outfield error for **Sport Lisboa e Benfica** in Sport Lisboa e Benfica vs AO FK Zenit Sankt-Peterburg: Numbers: 2 and 9.
[3052483] Failed to scrape lineup: https://www.transfermarkt.co.uk/spielbericht/index/spielbericht/3052483
[3208628] Failed to scrape lineup: https://www.transfermarkt.co.uk/villarreal-cf_granada-cf/index/spielbericht/3208628

Keepers & outfield error for **Paris Saint-Germain Football Club** in Paris Saint-Germain Football Club vs Stade Reims: Numbers: 2 and 9.
[2490847] Failed to build match row: Sport Lisboa e Benfica vs AO FK Zenit Sankt-Peterburg
[3199420] Failed to build match row: Paris Saint-Germain Football Club vs Stade Reims

Keepers & outfield error for **Futebol Clube do Porto** in Futebol Clube do Porto vs Moreirense Futebol Clube: Numbers: 2 and 9.
[3069402] Failed to build match row: Futebol Clube do Porto vs Moreirense Futebol Clube
[2359558] Could not find attributes for keita balde (Società Sportiva Lazio S.p.A., 2013)
[2359558] Failed to build match row: Società Sportiva Lazio S.p.A. vs Verona Hellas Football Club
[2640747] Could not find attributes for giorgi loria (PFK Krylya Sovetov Samara, 2015)
[2640747] Failed to build match row: FK Spartak Moskva vs PFK Krylya Sovetov Samara
[2740113] Could not find attributes for dudu goresh (Hapoel Beer Sheva, 2016)
[2740113] Failed to build match row: The Celtic Football Club vs Hapoel Beer Sheva
[2883658] Failed to scrape lineup: https://www.transfermarkt.co.uk/sc-braga_fc-porto/index/spielbericht/2883658
[2899693] Failed to scrape lineup: https://www.transfermarkt.co.uk/real-madrid_sevilla-fc/index/spielbericht/2899693
[2601715] Could not find attributes for stanislav bogush (Vorskla Poltava, 2015)
[2601715] Failed to build match row: Vorskla Poltava vs FC Zorya Lugansk
[2942803] Failed to scrape lineup: https://www.transfermarkt.co.uk/ogc-nice_fc-nantes/index/spielbericht/2942803
[2849360] Could not find attributes for jeremy morel (Olympique Lyonnais, 2016)
[2849360] Failed to build match row: Olympique Lyonnais vs AFC Ajax Amsterdam
[3081255] Could not find attributes for mattia destro (Bologna Football Club 1909, 2018)
[3081255] Failed to build match row: Bologna Football Club 1909 vs Genoa Cricket and Football Club
[2518662] Could not find attributes for dimitrios papadopoulos (Panthessalonikios Athlitikos Omilos Konstantinoupoliton, 2014)
[2518662] Failed to build match row: Panthessalonikios Athlitikos Omilos Konstantinoupoliton vs AO Xanthi
[2321360] Could not find attributes for milos jojic (Borussia Dortmund, 2013)
[2321360] Failed to build match row: Hertha BSC vs Borussia Dortmund
[2469975] Could not find attributes for kaan kanak (Eskisehirspor, 2014)
[2469975] Failed to build match row: Eskisehirspor vs Çaykur Rizespor Kulübü
[2335171] Failed to scrape lineup: https://www.transfermarkt.co.uk/amkar-perm_dinamo-moscow/index/spielbericht/2335171
[2331011] Failed to scrape lineup: https://www.transfermarkt.co.uk/ac-ajaccio_fc-sochaux-montbeliard/index/spielbericht/2331011
2
[2459788] Failed to scrape lineup: https://www.transfermarkt.co.uk/ado-den-haag_nac-breda/index/spielbericht/2459788
[3229354] Failed to scrape lineup: https://www.transfermarkt.co.uk/torino-fc_bologna-fc-1909/index/spielbericht/3229354

Keepers & outfield error for **Portimonense SC** in Rio Ave Futebol Clube vs Portimonense SC: Numbers: 0 and 11.
[3069403] Failed to build match row: Rio Ave Futebol Clube vs Portimonense SC
[2883659] Could not find attributes for jorginho (GD Chaves, 2017)
[2883659] Failed to build match row: GD Chaves vs CD Feirense
[2721003] Could not find attributes for sinan bolat (Futebol Clube de Arouca, 2016)
[2721003] Failed to build match row: Futebol Clube de Arouca vs CD Feirense
[2589814] Could not find attributes for denes dibusz (Ferencvárosi TC, 2015)
[2740114] Could not find attributes for boy waterman (APOEL Nicosia, 2016)
[2589814] Failed to build match row: Ferencvárosi TC vs FK Zeljeznicar Sarajevo
[2740114] Failed to build match row: Football Club København vs APOEL Nicosia
[2872261] Failed to scrape lineup: https://www.transfermarkt.co.uk/manchester-city_west-ham-united/index/spielbericht/2872261
[3098656] Failed to scrape lineup: https://www.transfermarkt.co.uk/spielbericht/index/spielbericht/3098656
elbericht/2700649

Keepers & outfield error for **Olympique de Marseille** in Olympique de Marseille vs FC Girondins Bordeaux: Numbers: 2 and 9.
[2577956] Failed to scrape lineup: https://www.transfermarkt.co.uk/norwich-city_afc-bournemouth/index/spielbericht/2577956
[2618815] Failed to scrape lineup: https://www.transfermarkt.co.uk/spielbericht/index/spielbericht/2618815
[2942804] Failed to build match row: Olympique de Marseille vs FC Girondins Bordeaux
[3288595] Could not find attributes for derek gaston (Arbroath FC, 2019)
[3288595] Failed to build match row: Arbroath FC vs Falkirk Football & Athletic Club
[3135840] Could not find attributes for levan kharabadze (FC Zürich, 2018)
[3135840] Failed to build match row: FC Zürich vs Società Sportiva Calcio Napoli
[2917365] Failed to scrape lineup: https://www.transfermarkt.co.uk/spielbericht/index/spielbericht/2917365

Keepers & outfield error for **Villarreal Club de Fútbol S.A.D.** in CD Leganés vs Villarreal Club de Fútbol S.A.D.: Numbers: 2 and 9.
[2899694] Failed to build match row: CD Leganés vs Villarreal Club de Fútbol S.A.D.
[2601716] Could not find attributes for artur rudko (Goverla Uzhgorod (- 2016), 2015)
[2601716] Failed to build match row: Goverla Uzhgorod (- 2016) vs FC Oleksandriya

Keepers & outfield error for **Espanol** in Espanol vs Getafe Club de Fútbol S. A. D. Team Dubai: Numbers: 2 and 9.
[2341183] Failed to build match row: Espanol vs Getafe Club de Fútbol S. A. D. Team Dubai

Keepers & outfield error for **Manchester United Football Club** in Manchester United Football Club vs Celta: Numbers: 0 and 11.
[2849361] Failed to build match row: Manchester United Football Club vs Celta
[3047442] Failed to scrape lineup: https://www.transfermarkt.co.uk/sm-caen_ogc-nice/index/spielbericht/3047442

Keepers & outfield error for **Barnet FC** in Preston North End vs Barnet FC: Numbers: 2 and 9.
[2379789] Failed to build match row: Preston North End vs Barnet FC
[2518663] Could not find attributes for markos vellidis (PAS Giannina, 2014)
[2518663] Failed to build match row: PAS Giannina vs Olympiakos Syndesmos Filathlon Peiraios
[2767537] Failed to scrape lineup: https://www.transfermarkt.co.uk/spielbericht/index/spielbericht/2767537
[2346200] Failed to scrape lineup: https://www.transfermarkt.co.uk/kasimpasa_sivasspor/index/spielbericht/2346200
[2891490] Failed to scrape lineup: https://www.transfermarkt.co.uk/olympiacos-piraeus_apo-levadiakos/index/spielbericht/2891490

Keepers & outfield error for **Paris Saint-Germain Football Club** in Paris Saint-Germain Football Club vs FC Girondins Bordeaux: Numbers: 2 and 9.
[2711537] Could not find attributes for jiri pavlenka (SK Slavia Praha, a.s., 2016)
[2331012] Failed to build match row: Paris Saint-Germain Football Club vs FC Girondins Bordeaux
[2711537] Failed to build match row: SK Slavia Praha, a.s. vs FCI Levadia
[3069404] Could not find attributes for jota (Clube Desportivo Nacional, 2018)
[3069404] Failed to build match row: Clube Desportivo Nacional vs Sport Lisboa e Benfica

Keepers & outfield error for **FC Shakhtar Donetsk** in FC Shakhtar Donetsk vs Karpaty Lviv (-2021): Numbers: 2 and 9.

Keepers & outfield error for **CF Os Belenenses** in CF Os Belenenses vs Grupo Desportivo Estoril Praia: Numbers: 0 and 11.
[2601717] Failed to build match row: FC Shakhtar Donetsk vs Karpaty Lviv (-2021)
[2721004] Failed to build match row: CF Os Belenenses vs Grupo Desportivo Estoril Praia
[2700650] Could not find attributes for markus henriksen (Alkmaar Zaanstreek, 2016)
[2500954] Could not find attributes for david ngog (Stade Reims, 2014)
[2500954] Failed to build match row: Stade Reims vs Toulouse Football Club
[2700650] Failed to build match row: Football Club Utrecht vs Alkmaar Zaanstreek

Keepers & outfield error for **FC Paços de Ferreira** in FC Paços de Ferreira vs Vitória Sport Clube: Numbers: 3 and 8.

Keepers & outfield error for **Vitória Sport Clube** in Vitória Sport Clube vs Arsenal Football Club: Numbers: 0 and 11.
[2883660] Failed to build match row: FC Paços de Ferreira vs Vitória Sport Clube
[3252496] Failed to build match row: Vitória Sport Clube vs Arsenal Football Club
[3047443] Could not find attributes for julio tavares (Dijon FCO, 2018)
[3199421] Failed to scrape lineup: https://www.transfermarkt.co.uk/as-saint-etienne_fc-metz/index/spielbericht/3199421
[2490848] Failed to scrape lineup: https://www.transfermarkt.co.uk/spielbericht/index/spielbericht/2490848
[3052484] Failed to scrape lineup: https://www.transfermarkt.co.uk/spielbericht/index/spielbericht/3052484
[3047443] Failed to build match row: Dijon FCO vs Football Club de Nantes

Keepers & outfield error for **Chelsea Football Club** in Arsenal Football Club vs Chelsea Football Club: Numbers: 2 and 9.
[2849627] Failed to build match row: Arsenal Football Club vs Chelsea Football Club
[3077251] Failed to scrape lineup: https://www.transfermarkt.co.uk/fc-utrecht_de-graafschap-doetinchem/index/spielbericht/3077251

Keepers & outfield error for **Sevilla Fútbol Club S.A.D.** in Liverpool Football Club vs Sevilla Fútbol Club S.A.D.: Numbers: 0 and 11.
[2917366] Failed to build match row: Liverpool Football Club vs Sevilla Fútbol Club S.A.D.
[2726779] Could not find attributes for mamadou coulibaly (Delfino Pescara 1936, 2016)
[2726779] Failed to build match row: FC Empoli vs Delfino Pescara 1936
[2640748] Failed to scrape lineup: https://www.transfermarkt.co.uk/lokomotiv-moskau_ural-yekaterinburg/index/spielbericht/2640748
[2891491] Could not find attributes for athanasios panteliadis (PAS Lamia 1964, 2017)
[2891491] Failed to build match row: PAS Lamia 1964 vs AOK Kerkyra
[2346201] Could not find attributes for vanja ivesa (Elazigspor, 2013)
[2346201] Failed to build match row: Elazigspor vs Fenerbahçe Spor Kulübü
[3221073] Failed to scrape lineup: https://www.transfermarkt.co.uk/yeni-malatyaspor_basaksehir-fk/index/spielbericht/3221073
[2482269] Failed to scrape lineup: https://www.transfermarkt.co.uk/olympique-marseille_fc-metz/index/spielbericht/2482269
[2469977] Could not find attributes for mustafa akbas (Trabzonspor Kulübü, 2014)
[2518664] Could not find attributes for andrey gorbunov (APS Atromitos Athinon, 2014)
[3211534] Could not find attributes for cosmin moti (Ludogorets Razgrad, 2019)
[2518664] Failed to build match row: APS Atromitos Athinon vs AOK Kerkyra
[3211534] Failed to build match row: Ludogorets Razgrad vs Ferencvárosi TC
[2469977] Failed to build match row: Trabzonspor Kulübü vs Mersin Talimyurdu SK
[2883661] Failed to scrape lineup: https://www.transfermarkt.co.uk/moreirense-fc_cd-tondela/index/spielbericht/2883661
[2850642] Failed to scrape lineup: https://www.transfermarkt.co.uk/spielbericht/index/spielbericht/2850642
[2640749] Failed to scrape lineup: https://www.transfermarkt.co.uk/kuban-krasnodar-2018-_fc-krasnodar/index/spielbericht/2640749
va Calcio Napoli: Numbers: 0 and 11.
[3052485] Could not find attributes for jonathan joubert (F91 Dudelange, 2018)
[3229355] Failed to scrape lineup: https://www.transfermarkt.co.uk/udinese-calcio_us-sassuolo/index/spielbericht/3229355
[2321957] Could not find attributes for didier kadio (FC Shirak Gyumri, 2013)
[2618816] Failed to build match row: Club Brugge Koninklijke Voetbalvereniging vs Società Sportiva Calcio Napoli
[3052485] Failed to build match row: F91 Dudelange vs Videoton FC
[2321957] Failed to build match row: FC Shirak Gyumri vs SP Tre Penne
[2942805] Failed to scrape lineup: https://www.transfermarkt.co.uk/losc-lille_olympique-lyon/index/spielbericht/2942805
[2891492] Could not find attributes for nikolaos giannakopoulos (AOK Kerkyra, 2017)
[2891492] Failed to build match row: AOK Kerkyra vs Athlitiki Enosi Larisas
[2459790] Could not find attributes for christian kum (Football Club Utrecht, 2014)
[2459790] Failed to build match row: Football Club Utrecht vs FC Dordrecht
[2346202] Could not find attributes for saso fornezzi (Antalyaspor, 2013)
[2346202] Failed to build match row: Antalyaspor vs Eskisehirspor
[2609459] Could not find attributes for emmanuel hackman (Boavista FC, 2015)
[2609459] Failed to build match row: CF União Madeira (-2021) vs Boavista FC
[2872263] Could not find attributes for tom cleverley (Watford FC, 2017)
[2872263] Failed to build match row: Watford FC vs Tottenham Hotspur Football Club
[2469978] Failed to scrape lineup: https://www.transfermarkt.co.uk/besiktas-jk_sivasspor/index/spielbericht/2469978
[3221074] Failed to scrape lineup: https://www.transfermarkt.co.uk/denizlispor_galatasaray/index/spielbericht/3221074
[2851105] Could not find attributes for giannis anestis (Athlitiki Enosi Konstantinoupoleos, 2016)
[2851105] Failed to build match row: Panthessalonikios Athlitikos Omilos Konstantinoupoliton vs Athlitiki Enosi Konstantinoupoleos
[2721005] Could not find attributes for zainadine (CS Marítimo, 2016)
[2721005] Failed to build match row: Sport Lisboa e Benfica vs CS Marítimo
[2883662] Failed to scrape lineup: https://www.transfermarkt.co.uk/boavista-fc_desportivo-aves-2020-/index/spielbericht/2883662
[2726781] Failed to scrape lineup: https://www.transfermarkt.co.uk/atalanta-bc_us-sassuolo/index/spielbericht/2726781
[2346203] Could not find attributes for aykut demir (Trabzonspor Kulübü, 2013)
[3229356] Could not find attributes for ragnar klavan (Cagliari Calcio, 2019)
[3229356] Failed to build match row: Brescia Calcio vs Cagliari Calcio
[2346203] Failed to build match row: Trabzonspor Kulübü vs Kayserispor Kulübü
[2459791] Could not find attributes for wout brama (Prins Hendrik Ende Desespereert Nimmer Combinatie Zwolle, 2014)
[2891493] Failed to scrape lineup: https://www.transfermarkt.co.uk/ao-platanias_asteras-tripolis/index/spielbericht/2891493
[2589815] Could not find attributes for andrei cordos (Asociația Fotbal Club Botoșani, 2015)
[2459791] Failed to build match row: Prins Hendrik Ende Desespereert Nimmer Combinatie Zwolle vs Go Ahead Eagles
[2942806] Could not find attributes for lassana diarra (Paris Saint-Germain Football Club, 2017)
[2589815] Failed to build match row: Legia Warszawa Spółka Akcyjna vs Asociația Fotbal Club Botoșani
[2942806] Failed to build match row: Paris Saint-Germain Football Club vs Racing Club de Strasbourg Alsace

Keepers & outfield error for **Clube Desportivo de Tondela** in Clube Desportivo de Tondela vs FC Paços de Ferreira: Numbers: 0 and 11.
[3052486] Could not find attributes for elias fagra (Víkingur Gøta, 2018)
[2609460] Failed to build match row: Clube Desportivo de Tondela vs FC Paços de Ferreira
[3047444] Could not find attributes for pedro rebocho (EA Guingamp, 2018)
[2640750] Failed to scrape lineup: https://www.transfermarkt.co.uk/fc-rostov_rubin-kazan/index/spielbericht/2640750
[2469979] Failed to scrape lineup: https://www.transfermarkt.co.uk/galatasaray_fenerbahce/index/spielbericht/2469979
[3047444] Failed to build match row: EA Guingamp vs Paris Saint-Germain Football Club
[3052486] Failed to build match row: Víkingur Gøta vs HJK Helsinki

Keepers & outfield error for **Palermo FC** in FC Empoli vs Palermo FC: Numbers: 0 and 11.
[2478638] Failed to build match row: FC Empoli vs Palermo FC
[2851372] Failed to scrape lineup: https://www.transfermarkt.co.uk/spielbericht/index/spielbericht/2851372
[2335174] Could not find attributes for joaozinho (FK Krasnodar, 2013)
[2618817] Could not find attributes for aleksandr gutor (Dinamo Minsk, 2015)
[2335174] Failed to build match row: FK Krasnodar vs RFK Akhmat Grozny
[2618817] Failed to build match row: Villarreal Club de Fútbol S.A.D. vs Dinamo Minsk

Keepers & outfield error for **Deportivo de La Coruña** in Sevilla Fútbol Club S.A.D. vs Deportivo de La Coruña: Numbers: 2 and 9.
[2500979] Failed to scrape lineup: https://www.transfermarkt.co.uk/amkar-perm_dinamo-moscow/index/spielbericht/2500979
[2767564] Could not find attributes for martijn de zwart (Quick Boys, 2016)
[2899696] Failed to build match row: Sevilla Fútbol Club S.A.D. vs Deportivo de La Coruña
[2767564] Failed to build match row: Quick Boys vs VV IJsselmeervogels
[3394772] Failed to scrape lineup: https://www.transfermarkt.co.uk/stade-rennais-fc_losc-lille/index/spielbericht/3394772

Keepers & outfield error for **Catania FC** in Catania FC vs Associazione Sportiva Roma: Numbers: 2 and 9.
[2359561] Failed to build match row: Catania FC vs Associazione Sportiva Roma
[2700652] Failed to scrape lineup: https://www.transfermarkt.co.uk/heracles-almelo_feyenoord-rotterdam/index/spielbericht/2700652
[3288596] Failed to scrape lineup: https://www.transfermarkt.co.uk/spielbericht/index/spielbericht/3288596

Keepers & outfield error for **Club Atlético Osasuna** in Málaga CF vs Club Atlético Osasuna: Numbers: 0 and 11.
[2341186] Failed to build match row: Málaga CF vs Club Atlético Osasuna
[2518666] Could not find attributes for dimitrios kyriakidis (AO Xanthi, 2014)
[2518666] Failed to build match row: AO Xanthi vs GS Ergotelis

Keepers & outfield error for **Rio Ave Futebol Clube** in Rio Ave Futebol Clube vs Sport Lisboa e Benfica: Numbers: 3 and 8.

Keepers & outfield error for **Vitória Sport Clube** in Moreirense Futebol Clube vs Vitória Sport Clube: Numbers: 0 and 11.
[2581870] Failed to scrape lineup: https://www.transfermarkt.co.uk/vfb-stuttgart_hannover-96/index/spielbericht/2581870
[2767565] Failed to scrape lineup: https://www.transfermarkt.co.uk/spielbericht/index/spielbericht/2767565
[2609461] Failed to build match row: Moreirense Futebol Clube vs Vitória Sport Clube
[2883663] Failed to build match row: Rio Ave Futebol Clube vs Sport Lisboa e Benfica

Keepers & outfield error for **Vitesse Arnhem** in Willem II Tilburg vs Vitesse Arnhem: Numbers: 0 and 11.
[3077253] Failed to build match row: Willem II Tilburg vs Vitesse Arnhem
[2872265] Could not find attributes for tom cleverley (Watford FC, 2017)
[2872265] Failed to build match row: Burnley Football Club vs Watford FC
[2346204] Could not find attributes for gokhan degirmenci (Kayseri Erciyesspor, 2013)

Keepers & outfield error for **Associazione Calcio Fiorentina** in Associazione Calcio Fiorentina vs Football Club Internazionale Milano S.p.A.: Numbers: 0 and 11.
[2346204] Failed to build match row: Kayseri Erciyesspor vs Kardemir Karabükspor
[2478639] Failed to build match row: Associazione Calcio Fiorentina vs Football Club Internazionale Milano S.p.A.
[2851373] Could not find attributes for gregor sikosek (Brøndby Idrætsforening, 2016)
[2891494] Could not find attributes for konstantinos mavropanos (PAS Giannina, 2017)
[2851373] Failed to build match row: Fodbold Club Midtjylland vs Brøndby Idrætsforening
[2891494] Failed to build match row: PAS Giannina vs Panetolikos Agrinio

Keepers & outfield error for **Chelsea Football Club** in Chelsea Football Club vs Arsenal Football Club: Numbers: 2 and 9.
[3069406] Could not find attributes for ponck (Desportivo Aves (- 2020), 2018)
[3069406] Failed to build match row: Desportivo Aves (- 2020) vs CS Marítimo
[2577960] Failed to build match row: Chelsea Football Club vs Arsenal Football Club
[3052487] Could not find attributes for rafael forster (Ludogorets Razgrad, 2018)
[3098657] Could not find attributes for jonathan aronso (Hellerup IK, 2018)
[3052487] Failed to build match row: Ludogorets Razgrad vs Crusaders FC
[3098657] Failed to build match row: Hellerup IK vs Nyköbing FC
[3288597] Could not find attributes for ewan moyes (Bonnyrigg Rose FC, 2019)
[3199423] Could not find attributes for julio tavares (Dijon FCO, 2019)
[3199423] Failed to build match row: Dijon FCO vs Olympique de Marseille
[2589816] Could not find attributes for srdjan zakula (Fudbalski Klub Vojvodina, 2015)
[2482271] Could not find attributes for david ngog (Stade Reims, 2014)
[2469980] Could not find attributes for marcio mossoro (İstanbul Başakşehir Futbol Kulübü, 2014)
[3288597] Failed to build match row: Bonnyrigg Rose FC vs Clyde FC
[2589816] Failed to build match row: Fudbalski Klub Vojvodina vs FK Spartaks Jurmala
[2618818] Could not find attributes for matus kozacik (FC Viktoria Plzeň, a.s., 2015)
[2482271] Failed to build match row: Stade Reims vs EA Guingamp

Keepers & outfield error for **Cagliari Calcio** in Cagliari Calcio vs Torino Calcio: Numbers: 0 and 11.
[2726782] Failed to build match row: Cagliari Calcio vs Torino Calcio
[2618818] Failed to build match row: Sportklub Rapid vs FC Viktoria Plzeň, a.s.
[2518667] Could not find attributes for fotis koutzavasilis (AOK Kerkyra, 2014)
[2518667] Failed to build match row: AOK Kerkyra vs Panthessalonikios Athlitikos Omilos Konstantinoupoliton
[3211535] Could not find attributes for anton chichkan (BATE Borisov, 2019)
[3211535] Failed to build match row: Gliwicki Klub Sportowy Piast Spółka Akcyjna vs BATE Borisov

Keepers & outfield error for **Clube Desportivo de Tondela** in Académica Coimbra vs Clube Desportivo de Tondela: Numbers: 0 and 11.
[2609462] Failed to build match row: Académica Coimbra vs Clube Desportivo de Tondela
[3077254] Could not find attributes for axel borgmann (VVV-Venlo, 2018)
[3077254] Failed to build match row: VVV-Venlo vs Alkmaar Zaanstreek

Keepers & outfield error for **Valencia Club de Fútbol S. A. D.** in The Celtic Football Club vs Valencia Club de Fútbol S. A. D.: Numbers: 0 and 11.
[3135843] Failed to build match row: The Celtic Football Club vs Valencia Club de Fútbol S. A. D.
[2500981] Could not find attributes for joaozinho (FK Krasnodar, 2014)
[2500981] Failed to build match row: FK Krasnodar vs AO FK Zenit Sankt-Peterburg
[2490850] Failed to scrape lineup: https://www.transfermarkt.co.uk/spielbericht/index/spielbericht/2490850
[2883664] Could not find attributes for fabio coentrao (Sporting Clube de Portugal, 2017)
[2883664] Failed to build match row: Sporting Clube de Portugal vs Grupo Desportivo Estoril Praia

Keepers & outfield error for **Lyngby Boldklub** in Silkeborg Idrætsforening vs Lyngby Boldklub: Numbers: 2 and 9.
[2697515] Failed to build match row: Silkeborg Idrætsforening vs Lyngby Boldklub
[2917369] Failed to scrape lineup: https://www.transfermarkt.co.uk/spielbericht/index/spielbericht/2917369
[2379790] Could not find attributes for matt johnson (Bishop's Stortford FC, 2013)
[2379790] Failed to build match row: Bishop's Stortford FC vs Northampton Town

Keepers & outfield error for **Verona Hellas Football Club** in Verona Hellas Football Club vs Cagliari Calcio: Numbers: 0 and 11.
[2478640] Failed to build match row: Verona Hellas Football Club vs Cagliari Calcio
[2640896] Could not find attributes for reginal goreux (Royal Standard Club de Liège, 2015)
[2640896] Failed to build match row: Sportvereniging Zulte Waregem vs Royal Standard Club de Liège
[2469981] Could not find attributes for didier zokora (Akhisarspor, 2014)
[2469981] Failed to build match row: Akhisarspor vs Kasımpaşa A.Ş.
Not enough players found for lineup: 0, 0.
[2767567] Failed to scrape lineup: https://www.transfermarkt.co.uk/spielbericht/index/spielbericht/2767567
[2335175] Failed to scrape lineup: https://www.transfermarkt.co.uk/lokomotiv-moscow_dinamo-moscow/index/spielbericht/2335175
[3221085] Could not find attributes for fabricio baiano (Gençlerbirliği Spor Kulübü, 2019)
[3221085] Failed to build match row: Gaziantep Futbol Kulübü A.Ş. vs Gençlerbirliği Spor Kulübü
[2581872] Could not find attributes for sambou yatabare (Sportverein Werder Bremen von 1899, 2015)
[2581872] Failed to build match row: Sportverein Werder Bremen von 1899 vs SV Darmstadt 98
[2518668] Could not find attributes for georgios athanasiadis (Panthrakikos Komotini, 2014)
[2518668] Failed to build match row: Panthrakikos Komotini vs Panathinaikos Athlitikos Omilos
[2321958] Could not find attributes for luanda (FC Lusitanos, 2013)
[2321958] Failed to build match row: FC Lusitanos vs EB/Streymur

Keepers & outfield error for **Vitória Sport Clube** in Vitória Sport Clube vs Clube Desportivo de Tondela: Numbers: 0 and 11.
[3252499] Failed to scrape lineup: https://www.transfermarkt.co.uk/spielbericht/index/spielbericht/3252499
[3069407] Failed to build match row: Vitória Sport Clube vs Clube Desportivo de Tondela
[2891495] Could not find attributes for spyros risvanis (APS Atromitos Athinon, 2017)
[2891495] Failed to build match row: APS Atromitos Athinon vs Panathinaikos Athlitikos Omilos

Keepers & outfield error for **Real Betis Balompié S.A.D.** in Rennes vs Real Betis Balompié S.A.D.: Numbers: 3 and 8.
[2346205] Failed to scrape lineup: https://www.transfermarkt.co.uk/gaziantepspor_akhisar-belediyespor/index/spielbericht/2346205
[2469982] Could not find attributes for kaan kanak (Eskisehirspor, 2014)
[3211536] Failed to scrape lineup: https://www.transfermarkt.co.uk/spielbericht/index/spielbericht/3211536
[3288598] Failed to scrape lineup: https://www.transfermarkt.co.uk/spielbericht/index/spielbericht/3288598
[3135844] Failed to build match row: Rennes vs Real Betis Balompié S.A.D.
[2721008] Could not find attributes for ponck (GD Chaves, 2016)
[2469982] Failed to build match row: Bursaspor vs Eskisehirspor
[2500982] Could not find attributes for vitaliy denisov (Футбольный клуб "Локомотив" Москва, 2014)
[2721008] Failed to build match row: GD Chaves vs Vitória Sport Clube
[2500982] Failed to build match row: Футбольный клуб "Локомотив" Москва vs RFK Akhmat Grozny

Keepers & outfield error for **Elche Club de Fútbol S.A.D.** in Elche Club de Fútbol S.A.D. vs Real Madrid Club de Fútbol: Numbers: 0 and 11.
[2490852] Failed to scrape lineup: https://www.transfermarkt.co.uk/spielbericht/index/spielbericht/2490852
[2341189] Failed to build match row: Elche Club de Fútbol S.A.D. vs Real Madrid Club de Fútbol
[2321959] Failed to scrape lineup: https://www.transfermarkt.co.uk/spielbericht/index/spielbericht/2321959
[2609463] Could not find attributes for emmanuel hackman (Boavista FC, 2015)
[2609463] Failed to build match row: Boavista FC vs Futebol Clube do Porto
[2640897] Could not find attributes for igor de camargo (Koninklijke Racing Club Genk, 2015)
[2335176] Could not find attributes for martin jiranek (Tom Tomsk, 2013)
[2640897] Failed to build match row: Koninklijke Racing Club Genk vs Koninklijke Atletiek Associatie Gent
Not enough players found for lineup: 0, 0.
[2335176] Failed to build match row: Tom Tomsk vs FC Rubin Kazan
[2767568] Failed to scrape lineup: https://www.transfermarkt.co.uk/spielbericht/index/spielbericht/2767568
[2618819] Could not find attributes for sergey ignatovich (Dinamo Minsk, 2015)
[2618819] Failed to build match row: Dinamo Minsk vs Villarreal Club de Fútbol S.A.D.

Keepers & outfield error for **Konyaspor** in Galatasaray Spor Kulübü vs Konyaspor: Numbers: 0 and 11.
[3052489] Could not find attributes for anton ari einarsson (Valur Reykjavík, 2018)
[3221086] Failed to build match row: Galatasaray Spor Kulübü vs Konyaspor
[3052489] Failed to build match row: Valur Reykjavík vs Rosenborg Ballklub
[3199425] Failed to scrape lineup: https://www.transfermarkt.co.uk/losc-lille_rc-strasbourg-alsace/index/spielbericht/3199425
[2518669] Failed to scrape lineup: https://www.transfermarkt.co.uk/atromitos-athens_pas-giannina/index/spielbericht/2518669
[2581873] Could not find attributes for szabolcs huszti (Eintracht Frankfurt Fußball AG, 2015)
[2581873] Failed to build match row: Eintracht Frankfurt Fußball AG vs FC Schalke 04

Keepers & outfield error for **Vitória Setúbal FC** in Vitória Setúbal FC vs Sporting Clube de Portugal: Numbers: 0 and 11.
[2721009] Failed to build match row: Vitória Setúbal FC vs Sporting Clube de Portugal

Keepers & outfield error for **Vitesse Arnhem** in Vitesse Arnhem vs FC Emmen: Numbers: 0 and 11.
[3077256] Failed to build match row: Vitesse Arnhem vs FC Emmen
[2346206] Could not find attributes for ibrahim ozturk (Bursaspor, 2013)
[2346206] Failed to build match row: Bursaspor vs Çaykur Rizespor Kulübü
[2589817] Could not find attributes for borislav topic (Kalju FC, 2015)
[2589817] Failed to build match row: FC Vaduz vs Kalju FC
[3208632] Could not find attributes for nemanja radoja (Levante Unión Deportiva S.A.D., 2019)
[3208632] Failed to build match row: Levante Unión Deportiva S.A.D. vs Getafe Club de Fútbol S. A. D. Team Dubai
[3135845] Could not find attributes for yassine meriah (Olympiakos Syndesmos Filathlon Peiraios, 2018)
[3135845] Failed to build match row: Olympiakos Syndesmos Filathlon Peiraios vs Futbolniy Klub Dynamo Kyiv
Not enough players found for lineup: 0, 0.
[2767569] Failed to scrape lineup: https://www.transfermarkt.co.uk/spielbericht/index/spielbericht/2767569
[2891496] Could not find attributes for zivko zivkovic (AO Xanthi, 2017)
[2891496] Failed to build match row: AO Xanthi vs Panionios Athens
[2577963] Could not find attributes for jonathan howson (Norwich City, 2015)
[2577963] Failed to build match row: Liverpool Football Club vs Norwich City
[3098658] Could not find attributes for lucas lund (Viborg Fodsports Forening, 2018)
[2740116] Could not find attributes for filip benkovic (GNK Dinamo Zagreb, 2016)

Keepers & outfield error for **Rayo Vallecano de Madrid S. A. D.** in Sevilla Fútbol Club S.A.D. vs Rayo Vallecano de Madrid S. A. D.: Numbers: 0 and 11.
[2459793] Could not find attributes for demy de zeeuw (Nooit Opgeven Altijd Doorzetten Aangenaam Door Vermaak En Nuttig Door Ontspanning Combinatie Breda, 2014)
[3229359] Could not find attributes for giulio donati (Unione Sportiva Lecce, 2019)
[2740116] Failed to build match row: GNK Dinamo Zagreb vs Fußballclub Red Bull Salzburg
[2341190] Failed to build match row: Sevilla Fútbol Club S.A.D. vs Rayo Vallecano de Madrid S. A. D.
[2459793] Failed to build match row: Nooit Opgeven Altijd Doorzetten Aangenaam Door Vermaak En Nuttig Door Ontspanning Combinatie Breda vs SC Cambuur Leeuwarden

Keepers & outfield error for **Paris Saint-Germain Football Club** in AFC Ajax Amsterdam vs Paris Saint-Germain Football Club: Numbers: 2 and 9.
[3229359] Failed to build match row: Unione Sportiva Lecce vs Football Club Internazionale Milano S.p.A.
[3052490] Could not find attributes for stivi frasheri (FK Kukësi, 2018)
[3098658] Failed to build match row: Viborg Fodsports Forening vs Fodbold Club Fredericia
[2490853] Failed to build match row: AFC Ajax Amsterdam vs Paris Saint-Germain Football Club
[3052490] Failed to build match row: FK Kukësi vs Valletta FC

Keepers & outfield error for **Olympiakos Syndesmos Filathlon Peiraios** in Olympiakos Syndesmos Filathlon Peiraios vs APO Levadiakos Football Club: Numbers: 0 and 11.
[3252500] Could not find attributes for eldar civic (Ferencvárosi TC, 2019)
[2581874] Could not find attributes for filip mladenovic (1. Fußball-Club Köln, 2015)
[2518672] Failed to build match row: Olympiakos Syndesmos Filathlon Peiraios vs APO Levadiakos Football Club

Keepers & outfield error for **Manchester United Football Club** in AFC Ajax Amsterdam vs Manchester United Football Club: Numbers: 0 and 11.
[2601718] Could not find attributes for tymofiy sheremeta (Metalurg Zaporizhya (-2016), 2015)
[2581874] Failed to build match row: 1. Fußball-Club Köln vs Hertha BSC
[3252500] Failed to build match row: Ferencvárosi TC vs PFK CSKA Moskva
[2854014] Failed to build match row: AFC Ajax Amsterdam vs Manchester United Football Club
[2601718] Failed to build match row: Metalurg Zaporizhya (-2016) vs Futbolniy Klub Dynamo Kyiv

Keepers & outfield error for **Catania FC** in Bologna Football Club 1909 vs Catania FC: Numbers: 2 and 9.
[2359565] Failed to build match row: Bologna Football Club 1909 vs Catania FC
[2711538] Could not find attributes for john danby (Connah's Quay Nomads, 2016)

Keepers & outfield error for **CS Marítimo** in CS Marítimo vs Moreirense Futebol Clube: Numbers: 0 and 11.
[2609465] Failed to build match row: CS Marítimo vs Moreirense Futebol Clube
[2711538] Failed to build match row: Connah's Quay Nomads vs Fudbalski Klub Vojvodina
[2321960] Could not find attributes for gideon baah (FC Honka, 2013)
[2721010] Could not find attributes for lionn (Rio Ave Futebol Clube, 2016)
[3211537] Could not find attributes for kenan piric (NK Maribor, 2019)
[2321960] Failed to build match row: KKS Lech Poznań Spółka Akcyjna vs FC Honka
[2721010] Failed to build match row: Rio Ave Futebol Clube vs Futebol Clube de Arouca
[3211537] Failed to build match row: NK Maribor vs Valur Reykjavík
[2618820] Could not find attributes for matus kozacik (FC Viktoria Plzeň, a.s., 2015)
[3199426] Could not find attributes for jimmy briand (FC Girondins Bordeaux, 2019)
[2618820] Failed to build match row: FC Viktoria Plzeň, a.s. vs Sportklub Rapid
[3199426] Failed to build match row: Amiens SC vs FC Girondins Bordeaux
[2883665] Failed to scrape lineup: https://www.transfermarkt.co.uk/portimonense-sc_cs-maritimo/index/spielbericht/2883665

Keepers & outfield error for **Cagliari Calcio** in Cagliari Calcio vs Chievo Verona: Numbers: 0 and 11.

Keepers & outfield error for **FK Spartak Moskva** in Ural Yekaterinburg vs FK Spartak Moskva: Numbers: 2 and 9.
[3098659] Failed to scrape lineup: https://www.transfermarkt.co.uk/spielbericht/index/spielbericht/3098659
[2500983] Failed to build match row: Ural Yekaterinburg vs FK Spartak Moskva
[2726785] Failed to build match row: Cagliari Calcio vs Chievo Verona
[2346207] Could not find attributes for veysel sari (Galatasaray Spor Kulübü, 2013)
[2346207] Failed to build match row: Galatasaray Spor Kulübü vs Beşiktaş Jimnastik Kulübü
[2601719] Could not find attributes for rustam khudzhamov (Metalist Kharkiv (- 2016), 2015)
[2601719] Failed to build match row: Metalist Kharkiv (- 2016) vs Chornomorets Odesa
Not enough players found for lineup: 0, 0.
[2721011] Could not find attributes for zainadine (CS Marítimo, 2016)
[2767570] Failed to scrape lineup: https://www.transfermarkt.co.uk/spielbericht/index/spielbericht/2767570
[3081261] Could not find attributes for ola aina (Torino Calcio, 2018)
[2721011] Failed to build match row: CS Marítimo vs CF Os Belenenses
[3077257] Could not find attributes for adam maher (Alkmaar Zaanstreek, 2018)
[2942810] Could not find attributes for yoel armougom (SM Caen, 2017)
[3077257] Failed to build match row: Alkmaar Zaanstreek vs Willem II Tilburg
[2379791] Could not find attributes for frankie artus (Hereford United (- 2014), 2013)
[2942810] Failed to build match row: Dijon FCO vs SM Caen
[2379791] Failed to build match row: Burton Albion vs Hereford United (- 2014)

Keepers & outfield error for **Alaves** in Alaves vs Futbol Club Barcelona: Numbers: 0 and 11.
[3208633] Failed to build match row: Alaves vs Futbol Club Barcelona

Keepers & outfield error for **Sivasspor** in Sivasspor vs Yeni Malatyaspor: Numbers: 2 and 9.

Keepers & outfield error for **Clube Desportivo Santa Clara** in Clube Desportivo Santa Clara vs Rio Ave Futebol Clube: Numbers: 0 and 11.
[2883666] Failed to build match row: Sivasspor vs Yeni Malatyaspor
[3069409] Failed to build match row: Clube Desportivo Santa Clara vs Rio Ave Futebol Clube
[2618821] Could not find attributes for aleksandr gutor (Dinamo Minsk, 2015)
[2518673] Could not find attributes for georgios kantimiris (Veria NPS, 2014)
[2618821] Failed to build match row: Dinamo Minsk vs FC Viktoria Plzeň, a.s.
[2518673] Failed to build match row: Veria NPS vs A.G.S Asteras Tripolis
[2321961] Could not find attributes for geza turi (Víkingur Gøta, 2013)
[2854400] Could not find attributes for maksym koval (Futbolniy Klub Dynamo Kyiv, 2016)
[2321961] Failed to build match row: Víkingur Gøta vs FC Inter Turku
[2854400] Failed to build match row: FC Shakhtar Donetsk vs Futbolniy Klub Dynamo Kyiv
[3052491] Could not find attributes for mait toom (FC Flora Tallinn, 2018)
[3052491] Failed to build match row: FC Flora Tallinn vs Hapoel Beer Sheva

Keepers & outfield error for **Rayo Vallecano de Madrid S. A. D.** in Valencia Club de Fútbol S. A. D. vs Rayo Vallecano de Madrid S. A. D.: Numbers: 0 and 11.
[2341191] Failed to build match row: Valencia Club de Fútbol S. A. D. vs Rayo Vallecano de Madrid S. A. D.
[2917370] Failed to scrape lineup: https://www.transfermarkt.co.uk/spielbericht/index/spielbericht/2917370
[2700656] Failed to scrape lineup: https://www.transfermarkt.co.uk/feyenoord-rotterdam_excelsior-rotterdam/index/spielbericht/2700656
[3211538] Could not find attributes for vladan giljen (FK Sutjeska Niksic, 2019)
[3211538] Failed to build match row: FK Sutjeska Niksic vs Slovan Bratislava
[2589818] Could not find attributes for artiom gaiduchevici (Dacia Chisinau, 2015)
[2589818] Failed to build match row: Dacia Chisinau vs MSK Zilina
[3199428] Could not find attributes for jimmy briand (FC Girondins Bordeaux, 2019)
[2601720] Could not find attributes for denys boyko (Dnipro Dnipropetrovsk (-2020), 2015)
[3199428] Failed to build match row: FC Girondins Bordeaux vs Paris Saint-Germain Football Club
[2500984] Could not find attributes for stipe pletikosa (FK Rostov, 2014)
[2601720] Failed to build match row: Dnipro Dnipropetrovsk (-2020) vs Volyn Lutsk

Keepers & outfield error for **EA Guingamp** in EA Guingamp vs Football Club de Metz: Numbers: 2 and 9.
[3077258] Could not find attributes for sepp van den berg (Prins Hendrik Ende Desespereert Nimmer Combinatie Zwolle, 2018)
[2942811] Failed to build match row: EA Guingamp vs Football Club de Metz
[2500984] Failed to build match row: Arsenal Tula vs FK Rostov
[3077258] Failed to build match row: De Graafschap Doetinchem vs Prins Hendrik Ende Desespereert Nimmer Combinatie Zwolle
[3288599] Could not find attributes for ian harkes (Dundee United Football Club, 2019)
[3288599] Failed to build match row: Dundee United Football Club vs Hibernian Football Club
[2577964] Could not find attributes for marc wilson (Stoke City, 2015)
[2577964] Failed to build match row: Stoke City vs Leicester City
[2711539] Could not find attributes for ivan filipovic (NK Lokomotiva Zagreb, 2016)
[2740117] Could not find attributes for vlad achim (SC Fotbal Club FCSB SA, 2016)
[2640900] Failed to scrape lineup: https://www.transfermarkt.co.uk/sint-truidense-vv_mouscron-peruwelz/index/spielbericht/2640900
[2711539] Failed to build match row: NK Lokomotiva Zagreb vs Rovaniemen Palloseura
[2740117] Failed to build match row: SC Fotbal Club FCSB SA vs Manchester City Football Club
[2346208] Could not find attributes for mahmut bezgin (Sivasspor, 2013)
[3052492] Could not find attributes for jevgenijs nerugals (FK Spartaks Jurmala, 2018)
[2346208] Failed to build match row: Sivasspor vs Elazigspor
[3052492] Failed to build match row: FK Spartaks Jurmala vs Fudbalski klub Crvena zvezda Beograd
[2359567] Could not find attributes for leandro rinaudo (US Livorno 1915, 2013)
[3098660] Could not find attributes for natanael (Ludogorets Razgrad, 2018)
Not enough players found for lineup: 0, 0.
[2490855] Could not find attributes for jasmin handanovic (NK Maribor, 2014)
[2359567] Failed to build match row: US Livorno 1915 vs Associazione Calcio Fiorentina
[2767573] Failed to scrape lineup: https://www.transfermarkt.co.uk/spielbericht/index/spielbericht/2767573

Keepers & outfield error for **Vitória Sport Clube** in Vitória Sport Clube vs Futebol Clube de Arouca: Numbers: 0 and 11.
[3098660] Failed to build match row: Ludogorets Razgrad vs Bayer 04 Leverkusen Fußball

Keepers & outfield error for **Vitória Sport Clube** in Portimonense SC vs Vitória Sport Clube: Numbers: 0 and 11.
[2490855] Failed to build match row: NK Maribor vs Sporting Clube de Portugal
[2609467] Failed to build match row: Vitória Sport Clube vs Futebol Clube de Arouca
[3069410] Failed to build match row: Portimonense SC vs Vitória Sport Clube
[2581889] Failed to build match row: FC Schalke 04 vs Hamburger Sport Verein
[2335179] Could not find attributes for felicio brown (PFK Krylya Sovetov Samara, 2013)
[2321962] Could not find attributes for armantas vitkauskas (FK Zalgiris Vilnius, 2013)
[2459794] Could not find attributes for wilson eduardo (ADO Den Haag, 2014)

Keepers & outfield error for **Alaves** in Club Atlético de Madrid S.A.D. vs Alaves: Numbers: 2 and 9.
[2335179] Failed to build match row: PFK Krylya Sovetov Samara vs FK Krasnodar
[2321962] Failed to build match row: FK Zalgiris Vilnius vs St. Patrick's Athletic
[2854401] Could not find attributes for zauri makharadze (Olimpik Donetsk, 2016)
[2459794] Failed to build match row: ADO Den Haag vs Prins Hendrik Ende Desespereert Nimmer Combinatie Zwolle
[2899700] Failed to build match row: Club Atlético de Madrid S.A.D. vs Alaves
[2854401] Failed to build match row: Olimpik Donetsk vs FC Oleksandriya

Keepers & outfield error for **Boavista FC** in Vitória Sport Clube vs Boavista FC: Numbers: 0 and 11.
[2721013] Failed to build match row: Vitória Sport Clube vs Boavista FC
[2711540] Could not find attributes for konstantinos panagi (Omonia Nicosia, 2016)
[2891497] Could not find attributes for dimitrios chantakias (Panetolikos Agrinio, 2017)
[2711540] Failed to build match row: Omonia Nicosia vs Beitar Jerusalem
[2891497] Failed to build match row: Panetolikos Agrinio vs Athlitiki Enosi Larisas
[2601721] Could not find attributes for yuriy pankiv (PFK Stal Kamyanske (-2018), 2015)
[2346209] Could not find attributes for jerry akaminko (Eskisehirspor, 2013)
[2601721] Failed to build match row: PFK Stal Kamyanske (-2018) vs Olimpik Donetsk
[2917371] Could not find attributes for boy waterman (APOEL Nicosia, 2017)
[2917371] Failed to build match row: Real Madrid Club de Fútbol vs APOEL Nicosia
[2346209] Failed to build match row: Eskisehirspor vs Kasımpaşa A.Ş.
[2518675] Could not find attributes for panagiotis tsintotas (APO Levadiakos Football Club, 2014)

Keepers & outfield error for **Associazione Sportiva Roma** in Futebol Clube do Porto vs Associazione Sportiva Roma: Numbers: 0 and 11.
Not enough players found for lineup: 0, 0.
[2740118] Failed to build match row: Futebol Clube do Porto vs Associazione Sportiva Roma
[2518675] Failed to build match row: APO Levadiakos Football Club vs APS Atromitos Athinon
[2589819] Could not find attributes for konstantinos panagi (Omonia Nicosia, 2015)
[2767577] Failed to scrape lineup: https://www.transfermarkt.co.uk/spielbericht/index/spielbericht/2767577
[2589819] Failed to build match row: Jagiellonia-Bialystok Sportowa Spólka Akcyjna vs Omonia Nicosia
[3052493] Could not find attributes for ognjen cancarevic (Alashkert Yerevan FC, 2018)
[3052493] Failed to build match row: Alashkert Yerevan FC vs The Celtic Football Club
[2490856] Could not find attributes for sergey chernik (BATE Borisov, 2014)
[2490856] Failed to build match row: Futebol Clube do Porto vs BATE Borisov
[2609468] Could not find attributes for kuca (CF Os Belenenses, 2015)
[3252502] Could not find attributes for yuriy pankiv (FC Oleksandriya, 2019)
[3077259] Failed to scrape lineup: https://www.transfermarkt.co.uk/sc-heerenveen_fortuna-sittard/index/spielbericht/3077259
[2726788] Could not find attributes for mamadou coulibaly (Delfino Pescara 1936, 2016)
[2609468] Failed to build match row: Grupo Desportivo Estoril Praia vs CF Os Belenenses

Keepers & outfield error for **Clube Desportivo de Tondela** in Clube Desportivo de Tondela vs Moreirense Futebol Clube: Numbers: 0 and 11.
[3069411] Failed to build match row: Clube Desportivo de Tondela vs Moreirense Futebol Clube
[2726788] Failed to build match row: Delfino Pescara 1936 vs Juventus Football Club
[3288600] Could not find attributes for matt mcginley (East Kilbride FC, 2019)
[3211539] Could not find attributes for besim serbecic (FK Sarajevo, 2019)
[3252502] Failed to build match row: FC Oleksandriya vs AS Saint-Étienne
[2854402] Could not find attributes for dmytro bezruk (Chornomorets Odesa, 2016)
[3288600] Failed to build match row: East Kilbride FC vs BSC Glasgow
[3211539] Failed to build match row: The Celtic Football Club vs FK Sarajevo

Keepers & outfield error for **Getafe Club de Fútbol S. A. D. Team Dubai** in Girona Fútbol Club S. A. D. vs Getafe Club de Fútbol S. A. D. Team Dubai: Numbers: 0 and 11.
[2335180] Could not find attributes for sergei pareiko (Volga Nizhniy Novgorod (- 2016), 2013)
[2854402] Failed to build match row: Chornomorets Odesa vs FC Zorya Lugansk
[2335180] Failed to build match row: FK Spartak Moskva vs Volga Nizhniy Novgorod (- 2016)
[2899701] Failed to build match row: Girona Fútbol Club S. A. D. vs Getafe Club de Fútbol S. A. D. Team Dubai
[2346210] Could not find attributes for emrah tuncel (Akhisarspor, 2013)
[2346210] Failed to build match row: Akhisarspor vs Bursaspor
[2469983] Could not find attributes for engin bekdemir (Çaykur Rizespor Kulübü, 2014)
[2589820] Could not find attributes for kaspars ikstens (FK Jelgava, 2015)
[2469983] Failed to build match row: Çaykur Rizespor Kulübü vs Balikesirspor
[2711541] Could not find attributes for alberto merino (Europa FC, 2016)
[2589820] Failed to build match row: FK Jelgava vs Rabotnicki Skopje
[3135847] Could not find attributes for elmir nabiullin (AO FK Zenit Sankt-Peterburg, 2018)
[2711541] Failed to build match row: Europa FC vs Allmänna Idrottsklubben

Keepers & outfield error for **Sporting Clube de Braga** in FC Paços de Ferreira vs Sporting Clube de Braga: Numbers: 0 and 11.
Not enough players found for lineup: 0, 0.
[2917372] Could not find attributes for andriy yarmolenko (Borussia Dortmund, 2017)
[2721014] Failed to build match row: FC Paços de Ferreira vs Sporting Clube de Braga

Keepers & outfield error for **SPAL** in SPAL vs Associazione Calcio Fiorentina: Numbers: 2 and 9.
[2917372] Failed to build match row: Tottenham Hotspur Football Club vs Borussia Dortmund
[2767578] Failed to scrape lineup: https://www.transfermarkt.co.uk/spielbericht/index/spielbericht/2767578
[3135847] Failed to build match row: Fenerbahçe Spor Kulübü vs AO FK Zenit Sankt-Peterburg
[3081264] Failed to build match row: SPAL vs Associazione Calcio Fiorentina
[3052494] Could not find attributes for boris godal (Spartak Trnava, 2018)
[2891498] Could not find attributes for enea mihaj (Panetolikos Agrinio, 2017)
[2891498] Failed to build match row: Panetolikos Agrinio vs AO Xanthi
[3052494] Failed to build match row: Spartak Trnava vs HSK Zrinjski Mostar
[2331016] Failed to scrape lineup: https://www.transfermarkt.co.uk/sc-bastia_fc-girondins-bordeaux/index/spielbericht/2331016
[3047448] Failed to scrape lineup: https://www.transfermarkt.co.uk/stade-rennais-fc_angers-sco/index/spielbericht/3047448
[3208635] Could not find attributes for roberto soldado (Granada CF, 2019)
[3208635] Failed to build match row: Granada CF vs Athletic Club Bilbao

Keepers & outfield error for **Athletic Club Bilbao** in Athletic Club Bilbao vs FC Shakhtar Donetsk: Numbers: 2 and 9.
[2490857] Failed to build match row: Athletic Club Bilbao vs FC Shakhtar Donetsk
[2478643] Could not find attributes for ignazio abate (Associazione Calcio Milan, 2014)
[2359568] Failed to scrape lineup: https://www.transfermarkt.co.uk/us-sassuolo_genoa-cfc/index/spielbericht/2359568
[2478643] Failed to build match row: Associazione Calcio Milan vs Chievo Verona
[3221089] Could not find attributes for arda turan (İstanbul Başakşehir Futbol Kulübü, 2019)
[2518676] Could not find attributes for zeca (Panathinaikos Athlitikos Omilos, 2014)
[3221089] Failed to build match row: İstanbul Başakşehir Futbol Kulübü vs Fenerbahçe Spor Kulübü
[2518676] Failed to build match row: Panathinaikos Athlitikos Omilos vs AO Xanthi
[2854403] Could not find attributes for yevgen past (Zirka Kropyvnytskyi, 2016)
[2581890] Failed to scrape lineup: https://www.transfermarkt.co.uk/bayer-04-leverkusen_sv-werder-bremen/index/spielbericht/2581890
[2854403] Failed to build match row: Zirka Kropyvnytskyi vs PFK Stal Kamyanske (-2018)
[2618823] Failed to scrape lineup: https://www.transfermarkt.co.uk/spielbericht/index/spielbericht/2618823

Keepers & outfield error for **Association sportive de Monaco Football Club** in Toulouse Football Club vs Association sportive de Monaco Football Club: Numbers: 2 and 9.
[2482274] Failed to build match row: Toulouse Football Club vs Association sportive de Monaco Football Club

Keepers & outfield error for **Football Club de Metz** in Stade brestois 29 vs Football Club de Metz: Numbers: 0 and 11.

Keepers & outfield error for **Clube Desportivo Nacional** in Clube Desportivo Nacional vs Sport Lisboa e Benfica: Numbers: 0 and 11.
[3288601] Could not find attributes for conrad balatoni (Edinburgh City FC, 2019)
[2609469] Failed to build match row: Clube Desportivo Nacional vs Sport Lisboa e Benfica

Keepers & outfield error for **Futebol Clube do Porto** in Vitória Setúbal FC vs Futebol Clube do Porto: Numbers: 2 and 9.

Keepers & outfield error for **Lyngby Boldklub** in Lyngby Boldklub vs Aarhus Gymnastik Forening: Numbers: 2 and 9.
[3288601] Failed to build match row: Hamilton Academical FC vs Edinburgh City FC
[2697522] Failed to build match row: Lyngby Boldklub vs Aarhus Gymnastik Forening
[3394775] Failed to build match row: Stade brestois 29 vs Football Club de Metz

Keepers & outfield error for **Futebol Clube de Famalicão** in Futebol Clube de Famalicão vs Vitória Setúbal FC: Numbers: 2 and 9.
[3069412] Failed to build match row: Vitória Setúbal FC vs Futebol Clube do Porto
[3211576] Failed to build match row: Futebol Clube de Famalicão vs Vitória Setúbal FC
[3252503] Could not find attributes for oscar wendt (Mönchengladbach, 2019)
[3098662] Could not find attributes for djordje denic (Rosenborg Ballklub, 2018)

Keepers & outfield error for **Sevilla Fútbol Club S.A.D.** in Sevilla Fútbol Club S.A.D. vs NK Maribor: Numbers: 0 and 11.

Keepers & outfield error for **West Ham United Football Club** in West Ham United Football Club vs Chelsea Football Club: Numbers: 0 and 11.
[3252503] Failed to build match row: Mönchengladbach vs Associazione Sportiva Roma
[2917373] Failed to build match row: Sevilla Fútbol Club S.A.D. vs NK Maribor
[3098662] Failed to build match row: The Celtic Football Club vs Rosenborg Ballklub
[2346211] Could not find attributes for zurab khizanishvili (Kayserispor Kulübü, 2013)
[2872274] Failed to build match row: West Ham United Football Club vs Chelsea Football Club
[2640902] Could not find attributes for oleksandr volovyk (Oud-Heverlee Leuven, 2015)

Keepers & outfield error for **Athletic Club Bilbao** in Athletic Club Bilbao vs Real Sociedad de Fútbol S.A.D.: Numbers: 2 and 9.
[2640902] Failed to build match row: Royal Sporting Club Anderlecht vs Oud-Heverlee Leuven
[2379793] Could not find attributes for ryan austin (Brackley Town, 2013)
[2346211] Failed to build match row: Kayserispor Kulübü vs Kayseri Erciyesspor
[2899702] Failed to build match row: Athletic Club Bilbao vs Real Sociedad de Fútbol S.A.D.
[2379793] Failed to build match row: Gillingham FC vs Brackley Town
[3135848] Could not find attributes for radosav petrovic (Sporting Clube de Portugal, 2018)

Keepers & outfield error for **Panthessalonikios Athlitikos Omilos Konstantinoupoliton** in Panthessalonikios Athlitikos Omilos Konstantinoupoliton vs PAS Giannina: Numbers: 2 and 9.
[3135848] Failed to build match row: Sporting Clube de Portugal vs Villarreal Club de Fútbol S.A.D.
[2891499] Could not find attributes for aristotelis karasalidis (APS Atromitos Athinon, 2017)
[3229362] Could not find attributes for manolo gabbiadini (UC Sampdoria, 2019)
[2518677] Failed to build match row: Panthessalonikios Athlitikos Omilos Konstantinoupoliton vs PAS Giannina
[3052495] Could not find attributes for evgeniy postnikov (FC Astana, 2018)
[2891499] Failed to build match row: Panthessalonikios Athlitikos Omilos Konstantinoupoliton vs APS Atromitos Athinon
[3052495] Failed to build match row: FC Astana vs FK Sutjeska Niksic
Not enough players found for lineup: 0, 0.
� Sportiva Lazio S.p.A. vs UC Sampdoria
[2602064] Could not find attributes for daniel bozinovski (Rabotnicki Skopje, 2015)

Keepers & outfield error for **Moreirense Futebol Clube** in Moreirense Futebol Clube vs Clube Desportivo Nacional: Numbers: 3 and 8.
[2602064] Failed to build match row: Rabotnicki Skopje vs Trabzonspor Kulübü
[2767579] Failed to scrape lineup: https://www.transfermarkt.co.uk/spielbericht/index/spielbericht/2767579
[2500985] Failed to scrape lineup: https://www.transfermarkt.co.uk/fc-ufa_torpedo-moskau/index/spielbericht/2500985
[2459797] Could not find attributes for brahim darri (Heracles Almelo, 2014)
[2490868] Failed to build match row: Moreirense Futebol Clube vs Clube Desportivo Nacional
[2721015] Could not find attributes for bakary bouba sare (Moreirense Futebol Clube, 2016)
[2459797] Failed to build match row: Heracles Almelo vs Football Club Utrecht
[2721015] Failed to build match row: Moreirense Futebol Clube vs GD Chaves
[2581891] Could not find attributes for daniel schwaab (Verein für Bewegungsspiele Stuttgart 1893, 2015)
[2581891] Failed to build match row: Mönchengladbach vs Verein für Bewegungsspiele Stuttgart 1893

Keepers & outfield error for **Villarreal Club de Fútbol S.A.D.** in Villarreal Club de Fútbol S.A.D. vs Association sportive de Monaco Football Club: Numbers: 2 and 9.

Keepers & outfield error for **FC Paços de Ferreira** in FC Paços de Ferreira vs Moreirense Futebol Clube: Numbers: 4 and 7.
[2740121] Failed to build match row: Villarreal Club de Fútbol S.A.D. vs Association sportive de Monaco Football Club
[3288602] Could not find attributes for lewis moore (Heart of Midlothian Football Club, 2019)
[3211577] Failed to build match row: FC Paços de Ferreira vs Moreirense Futebol Clube
[3288602] Failed to build match row: Heart of Midlothian Football Club vs Airdrieonians FC
[2469984] Could not find attributes for berat tosun (Gençlerbirliği Spor Kulübü, 2014)
[2469984] Failed to build match row: Gençlerbirliği Spor Kulübü vs Kayseri Erciyesspor

Keepers & outfield error for **KV Oostende** in Koninklijke Voetbal Club Westerlo vs KV Oostende: Numbers: 2 and 9.
[2589821] Failed to scrape lineup: https://www.transfermarkt.co.uk/spielbericht/index/spielbericht/2589821
[2640903] Failed to build match row: Koninklijke Voetbal Club Westerlo vs KV Oostende
[2942814] Failed to scrape lineup: https://www.transfermarkt.co.uk/fc-girondins-bordeaux_ogc-nice/index/spielbericht/2942814
[3077262] Could not find attributes for axel borgmann (VVV-Venlo, 2018)
[2321963] Could not find attributes for james coates (Airbus UK Broughton, 2013)
[3135849] Could not find attributes for denis shcherbitskiy (BATE Borisov, 2018)

Keepers & outfield error for **UD Almería** in Málaga CF vs UD Almería: Numbers: 0 and 11.
[2321963] Failed to build match row: Airbus UK Broughton vs JFK Ventspils
[2341195] Failed to build match row: Málaga CF vs UD Almería
[3252504] Could not find attributes for ponck (İstanbul Başakşehir Futbol Kulübü, 2019)
[3077262] Failed to build match row: Heracles Almelo vs VVV-Venlo
[2482276] Could not find attributes for thibault giresse (EA Guingamp, 2014)
[3135849] Failed to build match row: BATE Borisov vs Arsenal Football Club
[3252504] Failed to build match row: RZ Pellets Wolfsberger Athletiksport Club vs İstanbul Başakşehir Futbol Kulübü
[2482276] Failed to build match row: EA Guingamp vs Paris Saint-Germain Football Club
[2721016] Could not find attributes for edson farias (CD Feirense, 2016)
[2721016] Failed to build match row: Futebol Clube do Porto vs CD Feirense
[2602065] Could not find attributes for daniel bozinovski (Rabotnicki Skopje, 2015)

Keepers & outfield error for **Genoa Cricket and Football Club** in Genoa Cricket and Football Club vs Società Sportiva Lazio S.p.A.: Numbers: 2 and 9.
[2602065] Failed to build match row: Trabzonspor Kulübü vs Rabotnicki Skopje
[2854404] Could not find attributes for andriy marchuk (Volyn Lutsk, 2016)
[3081266] Failed to build match row: Genoa Cricket and Football Club vs Società Sportiva Lazio S.p.A.
Not enough players found for lineup: 0, 0.
[2854404] Failed to build match row: Volyn Lutsk vs Karpaty Lviv (-2021)
[2740217] Could not find attributes for abzal beysebekov (FC Astana, 2016)
[2767581] Failed to scrape lineup: https://www.transfermarkt.co.uk/spielbericht/index/spielbericht/2767581

Keepers & outfield error for **SPAL** in Atalanta Bergamasca Calcio S.p.a. vs SPAL: Numbers: 0 and 11.

Keepers & outfield error for **Göztepe Sportif Yatırımlar A.Ş.** in Beşiktaş Jimnastik Kulübü vs Göztepe Sportif Yatırımlar A.Ş.: Numbers: 0 and 11.
[2711543] Could not find attributes for alexandros paschalakis (PAS Giannina, 2016)
[2891500] Could not find attributes for spyros risvanis (APS Atromitos Athinon, 2017)
[2740217] Failed to build match row: FC Astana vs BATE Borisov
[3221091] Failed to build match row: Beşiktaş Jimnastik Kulübü vs Göztepe Sportif Yatırımlar A.Ş.
[2711543] Failed to build match row: Odds BK vs PAS Giannina
[3229363] Failed to build match row: Atalanta Bergamasca Calcio S.p.a. vs SPAL
[2891500] Failed to build match row: APS Atromitos Athinon vs Panionios Athens
[2469985] Could not find attributes for marcio mossoro (İstanbul Başakşehir Futbol Kulübü, 2014)
[2469985] Failed to build match row: İstanbul Başakşehir Futbol Kulübü vs Galatasaray Spor Kulübü
Not enough players found for lineup: 0, 11.

Keepers & outfield error for **Sporting Clube de Portugal** in Sporting Clube de Portugal vs Sporting Clube de Braga: Numbers: 0 and 11.
[2501139] Failed to scrape lineup: https://www.transfermarkt.co.uk/spielbericht/index/spielbericht/2501139
[2609470] Failed to build match row: Sporting Clube de Portugal vs Sporting Clube de Braga
[3098664] Could not find attributes for zeca (Football Club København, 2018)

Keepers & outfield error for **UD Las Palmas** in UD Las Palmas vs Espanol: Numbers: 2 and 9.
[2872276] Could not find attributes for tom cleverley (Watford FC, 2017)
[3098664] Failed to build match row: Football Club København vs AO FK Zenit Sankt-Peterburg
[2899704] Failed to build match row: UD Las Palmas vs Espanol
[2459798] Could not find attributes for wiljan pluim (Willem II Tilburg, 2014)
[3208637] Could not find attributes for diego costa (Club Atlético de Madrid S.A.D., 2019)
[2872276] Failed to build match row: Crystal Palace Football Club vs Watford FC
[3208637] Failed to build match row: Club Atlético de Madrid S.A.D. vs Real Sociedad de Fútbol S.A.D.

Keepers & outfield error for **Levante Unión Deportiva S.A.D.** in Club Atlético de Madrid S.A.D. vs Levante Unión Deportiva S.A.D.: Numbers: 2 and 9.
[2459798] Failed to build match row: Willem II Tilburg vs AFC Ajax Amsterdam

Keepers & outfield error for **Sporting Clube de Braga** in Sporting Clube de Braga vs Sporting Clube de Portugal: Numbers: 0 and 11.
[3077263] Could not find attributes for jethro mashart (Nooit Opgeven Altijd Doorzetten Aangenaam Door Vermaak En Nuttig Door Ontspanning Combinatie Breda, 2018)
[2341196] Failed to build match row: Club Atlético de Madrid S.A.D. vs Levante Unión Deportiva S.A.D.
[3077263] Failed to build match row: Football Club Groningen vs Nooit Opgeven Altijd Doorzetten Aangenaam Door Vermaak En Nuttig Door Ontspanning Combinatie Breda
[3069414] Failed to build match row: Sporting Clube de Braga vs Sporting Clube de Portugal
[2581892] Failed to build match row: Hannover 96 vs Verein für Leibesübungen Wolfsburg
[3288603] Could not find attributes for jan koprivec (Kilmarnock Football Club, 2019)
[3211578] Failed to scrape lineup: https://www.transfermarkt.co.uk/desportivo-aves-2020-_cd-santa-clara/index/spielbericht/3211578
[3288603] Failed to build match row: Kilmarnock Football Club vs Queen's Park FC

Keepers & outfield error for **Sporting Clube de Braga** in Sporting Clube de Braga vs Beşiktaş Jimnastik Kulübü: Numbers: 0 and 11.
[3252505] Failed to build match row: Sporting Clube de Braga vs Beşiktaş Jimnastik Kulübü
[2711544] Could not find attributes for sergey ignatovich (Dinamo Minsk, 2016)
[2711544] Failed to build match row: St. Patrick's Athletic vs Dinamo Minsk

Keepers & outfield error for **Yeni Malatyaspor** in Trabzonspor Kulübü vs Yeni Malatyaspor: Numbers: 2 and 9.
[3221092] Failed to build match row: Trabzonspor Kulübü vs Yeni Malatyaspor
[2721017] Could not find attributes for zizo (Clube Desportivo Nacional, 2016)
[2721017] Failed to build match row: Clube Desportivo de Tondela vs Clube Desportivo Nacional
[3229364] Could not find attributes for georgios kyriakopoulos (Unione Sportiva Sassuolo Calcio, 2019)
[2740218] Could not find attributes for badou ndiaye (Ankaraspor, 2016)
[3229364] Failed to build match row: Unione Sportiva Sassuolo Calcio vs Torino Calcio
[2740218] Failed to build match row: Fodbold Club Midtjylland vs Ankaraspor
[2854405] Could not find attributes for bogdan shust (Vorskla Poltava, 2016)
[2854405] Failed to build match row: Vorskla Poltava vs Dnipro Dnipropetrovsk (-2020)
[3052504] Could not find attributes for lasse schone (AFC Ajax Amsterdam, 2018)
[3052504] Failed to build match row: AFC Ajax Amsterdam vs Sportklub Puntigamer Sturm Graz
[2577970] Could not find attributes for erik pieters (Stoke City, 2015)
[2577970] Failed to build match row: Stoke City vs Association Football Club Bournemouth
[2942816] Could not find attributes for kouadio yves dabila (Lille Olympique Sporting Club, 2017)
[2942816] Failed to build match row: Lille Olympique Sporting Club vs Angers Sporting Club de l'Ouest

Keepers & outfield error for **Sport Lisboa e Benfica** in Sport Lisboa e Benfica vs Desportivo Aves (- 2020): Numbers: 2 and 9.
[3069415] Failed to build match row: Sport Lisboa e Benfica vs Desportivo Aves (- 2020)

Keepers & outfield error for **Bologna Football Club 1909** in Atalanta Bergamasca Calcio S.p.a. vs Bologna Football Club 1909: Numbers: 0 and 11.
[2726793] Failed to build match row: Atalanta Bergamasca Calcio S.p.a. vs Bologna Football Club 1909
[2618824] Could not find attributes for lukas hejda (FC Viktoria Plzeň, a.s., 2015)
[2618824] Failed to build match row: FC Viktoria Plzeň, a.s. vs Villarreal Club de Fútbol S.A.D.
[2379794] Could not find attributes for brian dutton (Salisbury City (- 2014), 2013)
[2518678] Could not find attributes for khalifa sankare (A.G.S Asteras Tripolis, 2014)
[2379794] Failed to build match row: Salisbury City (- 2014) vs Dartford FC
[2609556] Could not find attributes for nemanja maksimovic (FC Astana, 2015)
[2518678] Failed to build match row: A.G.S Asteras Tripolis vs Panthrakikos Komotini
[2490870] Could not find attributes for marek cech (Boavista FC, 2014)
[2609556] Failed to build match row: FC Astana vs APOEL Nicosia
[3098665] Could not find attributes for boris godal (Spartak Trnava, 2018)
[2490870] Failed to build match row: Boavista FC vs Sporting Clube de Braga

Keepers & outfield error for **Málaga CF** in Málaga CF vs Real Betis Balompié S.A.D.: Numbers: 0 and 11.
[3098665] Failed to build match row: Spartak Trnava vs Royal Sporting Club Anderlecht

Keepers & outfield error for **Wolverhampton Wanderers Football Club** in Wolverhampton Wanderers Football Club vs Slovan Bratislava: Numbers: 0 and 11.
[2899705] Failed to build match row: Málaga CF vs Real Betis Balompié S.A.D.

Keepers & outfield error for **Elche Club de Fútbol S.A.D.** in Levante Unión Deportiva S.A.D. vs Elche Club de Fútbol S.A.D.: Numbers: 0 and 11.
[2589822] Could not find attributes for robert orn oskarsson (FH Hafnarfjördur, 2015)
[3252506] Failed to build match row: Wolverhampton Wanderers Football Club vs Slovan Bratislava
[3077264] Could not find attributes for adam maher (Alkmaar Zaanstreek, 2018)
[2589822] Failed to build match row: FH Hafnarfjördur vs FK Inter Baku
[2341197] Failed to build match row: Levante Unión Deportiva S.A.D. vs Elche Club de Fútbol S.A.D.
[3077264] Failed to build match row: Fortuna Sittardia Combinatie vs Alkmaar Zaanstreek
[3135850] Failed to scrape lineup: https://www.transfermarkt.co.uk/spielbericht/index/spielbericht/3135850
[2581893] Could not find attributes for szabolcs huszti (Eintracht Frankfurt Fußball AG, 2015)
[2581893] Failed to build match row: Hertha BSC vs Eintracht Frankfurt Fußball AG
[3211579] Could not find attributes for show (B SAD, 2019)
[2321964] Failed to scrape lineup: https://www.transfermarkt.co.uk/spielbericht/index/spielbericht/2321964
[2697524] Failed to scrape lineup: https://www.transfermarkt.co.uk/fc-copenhagen_fc-midtjylland/index/spielbericht/2697524
[3211579] Failed to build match row: B SAD vs Sporting Clube de Braga
[2359570] Failed to scrape lineup: https://www.transfermarkt.co.uk/fc-internazionale_ss-lazio/index/spielbericht/2359570

Keepers & outfield error for **Cagliari Calcio** in Udinese Calcio vs Cagliari Calcio: Numbers: 0 and 11.
[2726794] Failed to build match row: Udinese Calcio vs Cagliari Calcio
[2854406] Could not find attributes for dmytro bezruk (Chornomorets Odesa, 2016)
[2854406] Failed to build match row: Chornomorets Odesa vs Futbolniy Klub Dynamo Kyiv
[2767582] Failed to scrape lineup: https://www.transfermarkt.co.uk/spielbericht/index/spielbericht/2767582
[3199432] Failed to scrape lineup: https://www.transfermarkt.co.uk/olympique-lyon_fc-nantes/index/spielbericht/3199432
[3081267] Failed to scrape lineup: https://www.transfermarkt.co.uk/atalanta-bc_ac-milan/index/spielbericht/3081267
[2602066] Failed to scrape lineup: https://www.transfermarkt.co.uk/spielbericht/index/spielbericht/2602066
[2891501] Failed to scrape lineup: https://www.transfermarkt.co.uk/olympiacos-piraeus_ao-platanias/index/spielbericht/2891501
[2883671] Failed to scrape lineup: https://www.transfermarkt.co.uk/osmanlispor-fk_galatasaray/index/spielbericht/2883671
[2469986] Failed to scrape lineup: https://www.transfermarkt.co.uk/sivasspor_caykur-rizespor/index/spielbericht/2469986

Keepers & outfield error for **GD Chaves** in Boavista FC vs GD Chaves: Numbers: 0 and 11.
[3069416] Failed to build match row: Boavista FC vs GD Chaves

Keepers & outfield error for **Association Football Club Bournemouth** in Manchester United Football Club vs Association Football Club Bournemouth: Numbers: 2 and 9.
[2872278] Failed to build match row: Manchester United Football Club vs Association Football Club Bournemouth
[3288604] Could not find attributes for regan hendry (Raith Rovers FC, 2019)
[3288604] Failed to build match row: Livingston Football Club vs Raith Rovers FC
[2618949] Could not find attributes for ricardo ferreira (Sporting Clube de Braga, 2015)
[2618949] Failed to build match row: Sporting Clube de Braga vs Olympique de Marseille
[2346212] Could not find attributes for ergun teber (Konyaspor, 2013)
[2346212] Failed to build match row: Konyaspor vs Trabzonspor Kulübü
[2501141] Failed to scrape lineup: https://www.transfermarkt.co.uk/spielbericht/index/spielbericht/2501141
[2700662] Failed to scrape lineup: https://www.transfermarkt.co.uk/az-alkmaar_willem-ii-tilburg/index/spielbericht/2700662

Keepers & outfield error for **Club Atlético Osasuna** in Club Atlético Osasuna vs Real Madrid Club de Fútbol: Numbers: 0 and 11.
[2341198] Failed to build match row: Club Atlético Osasuna vs Real Madrid Club de Fútbol
[2478647] Failed to scrape lineup: https://www.transfermarkt.co.uk/udinese-calcio_ac-cesena/index/spielbericht/2478647
[2640905] Failed to scrape lineup: https://www.transfermarkt.co.uk/kv-oostende-2024-_sint-truidense-vv/index/spielbericht/2640905
[2482278] Failed to scrape lineup: https://www.transfermarkt.co.uk/fc-lorient_fc-metz/index/spielbericht/2482278
[3208638] Failed to scrape lineup: https://www.transfermarkt.co.uk/real-valladolid-cf_real-betis-balompie/index/spielbericht/3208638

Keepers & outfield error for **Sevilla Fútbol Club S.A.D.** in Sevilla Fútbol Club S.A.D. vs Levante Unión Deportiva S.A.D.: Numbers: 0 and 11.
[2899706] Failed to build match row: Sevilla Fútbol Club S.A.D. vs Levante Unión Deportiva S.A.D.

Keepers & outfield error for **Manchester United Football Club** in Manchester United Football Club vs Fudbalski Klub Partizan Beograd: Numbers: 0 and 11.
[3069417] Could not find attributes for fabio sturgeon (CD Feirense, 2018)
[3252507] Failed to build match row: Manchester United Football Club vs Fudbalski Klub Partizan Beograd
[3077265] Could not find attributes for ben rienstra (Sportclub Heerenveen, 2018)
[3069417] Failed to build match row: CD Feirense vs Clube Desportivo Nacional
[2711545] Failed to scrape lineup: https://www.transfermarkt.co.uk/spielbericht/index/spielbericht/2711545

Keepers & outfield error for **Paris Saint-Germain Football Club** in Paris Saint-Germain Football Club vs Football Club de Nantes: Numbers: 2 and 9.
[3077265] Failed to build match row: Willem II Tilburg vs Sportclub Heerenveen
[2331019] Failed to build match row: Paris Saint-Germain Football Club vs Football Club de Nantes
[2346213] Could not find attributes for egemen korkmaz (Fenerbahçe Spor Kulübü, 2013)
Not enough players found for lineup: 11, 0.
[2346213] Failed to build match row: Fenerbahçe Spor Kulübü vs Gençlerbirliği Spor Kulübü
[2767583] Failed to scrape lineup: https://www.transfermarkt.co.uk/spielbericht/index/spielbericht/2767583
[3047450] Could not find attributes for jean clair todibo (Toulouse Football Club, 2018)
[3047450] Failed to build match row: Toulouse Football Club vs FC Girondins Bordeaux
[2721018] Failed to scrape lineup: https://www.transfermarkt.co.uk/estoril-praia_vitoria-setubal-fc/index/spielbericht/2721018
[2490871] Could not find attributes for iago santos (Académica Coimbra, 2014)
[2490871] Failed to build match row: Sporting Clube de Portugal vs Académica Coimbra
[2321965] Could not find attributes for gretar sigfinnur sigurdarson (KR Reykjavík, 2013)
[2577971] Failed to scrape lineup: https://www.transfermarkt.co.uk/leicester-city_arsenal-fc/index/spielbericht/2577971
[2321965] Failed to build match row: KR Reykjavík vs Glentoran FC
[2589823] Could not find attributes for justin haber (Birkirkara FC, 2015)
[2589823] Failed to build match row: West Ham United Football Club vs Birkirkara FC
[2618950] Could not find attributes for lukas pokorny (FC Slovan Liberec, 2015)
[2618950] Failed to build match row: FC Slovan Liberec vs Football Club Groningen

Keepers & outfield error for **Kayserispor Kulübü** in Kayserispor Kulübü vs Göztepe Sportif Yatırımlar A.Ş.: Numbers: 2 and 9.
[2883672] Failed to build match row: Kayserispor Kulübü vs Göztepe Sportif Yatırımlar A.Ş.
[2740219] Could not find attributes for danijel zagorac (NK Lokomotiva Zagreb, 2016)
[3081269] Could not find attributes for albin ekdal (UC Sampdoria, 2018)
[2740219] Failed to build match row: NK Lokomotiva Zagreb vs Koninklijke Racing Club Genk
[2942817] Could not find attributes for lassana diarra (Paris Saint-Germain Football Club, 2017)
[2891502] Could not find attributes for michalis kyrgias (Apollon Smyrnis, 2017)
[3081269] Failed to build match row: Football Club Internazionale Milano S.p.A. vs UC Sampdoria
[2335183] Failed to scrape lineup: https://www.transfermarkt.co.uk/fk-rostov_rubin-kazan/index/spielbericht/2335183
[2942817] Failed to build match row: Paris Saint-Germain Football Club vs Olympique de Marseille
[3098666] Could not find attributes for alper potuk (Fenerbahçe Spor Kulübü, 2018)
[2891502] Failed to build match row: Apollon Smyrnis vs PAS Giannina
[3098666] Failed to build match row: GNK Dinamo Zagreb vs Fenerbahçe Spor Kulübü
[2379795] Failed to scrape lineup: https://www.transfermarkt.co.uk/spielbericht/index/spielbericht/2379795

Keepers & outfield error for **Deportivo de La Coruña** in Futbol Club Barcelona vs Deportivo de La Coruña: Numbers: 2 and 9.
[3252508] Could not find attributes for evgeniy postnikov (FC Astana, 2019)
[3069427] Could not find attributes for fabio coentrao (Rio Ave Futebol Clube, 2018)
[2899707] Failed to build match row: Futbol Club Barcelona vs Deportivo de La Coruña

Keepers & outfield error for **Göztepe Sportif Yatırımlar A.Ş.** in Göztepe Sportif Yatırımlar A.Ş. vs Denizlispor: Numbers: 0 and 11.
[3252508] Failed to build match row: FC Astana vs Alkmaar Zaanstreek
[3069427] Failed to build match row: Rio Ave Futebol Clube vs Boavista FC
[2711546] Could not find attributes for miroslav kopric (Birkirkara FC, 2016)
[2609557] Failed to scrape lineup: https://www.transfermarkt.co.uk/spielbericht/index/spielbericht/2609557
[3221094] Failed to build match row: Göztepe Sportif Yatırımlar A.Ş. vs Denizlispor
[2711546] Failed to build match row: Heart of Midlothian Football Club vs Birkirkara FC

Keepers & outfield error for **Grupo Desportivo Estoril Praia** in Grupo Desportivo Estoril Praia vs Futebol Clube de Arouca: Numbers: 3 and 8.
[2490872] Failed to build match row: Grupo Desportivo Estoril Praia vs Futebol Clube de Arouca
[2518680] Could not find attributes for kevin olimpa (AO Platanias, 2014)
[2518680] Failed to build match row: AO Platanias vs Panetolikos Agrinio
[2469988] Could not find attributes for michal kadlec (Fenerbahçe Spor Kulübü, 2014)
[2469988] Failed to build match row: Fenerbahçe Spor Kulübü vs Gençlerbirliği Spor Kulübü
[2602067] Failed to scrape lineup: https://www.transfermarkt.co.uk/spielbericht/index/spielbericht/2602067
[3211580] Failed to scrape lineup: https://www.transfermarkt.co.uk/boavista-fc_portimonense-sc/index/spielbericht/3211580
[3135861] Failed to scrape lineup: https://www.transfermarkt.co.uk/spielbericht/index/spielbericht/3135861
[3077266] Could not find attributes for mounir el hamdaoui (Excelsior Rotterdam, 2018)
[3052506] Failed to scrape lineup: https://www.transfermarkt.co.uk/spielbericht/index/spielbericht/3052506
[3077266] Failed to build match row: Eindhovense Voetbalvereniging Philips Sport Vereniging vs Excelsior Rotterdam
[3394781] Could not find attributes for saidou sow (AS Saint-Étienne, 2020)
[2335184] Could not find attributes for maicon bolt (Футбольный клуб "Локомотив" Москва, 2013)
[3394781] Failed to build match row: Olympique Gymnaste Club Nice Côte d'Azur vs AS Saint-Étienne
[3288605] Failed to scrape lineup: https://www.transfermarkt.co.uk/spielbericht/index/spielbericht/3288605
[2335184] Failed to build match row: FK Spartak Moskva vs Футбольный клуб "Локомотив" Москва
[2459799] Could not find attributes for desevio payne (Football Club Groningen, 2014)
[2459799] Failed to build match row: Sportclub Heerenveen vs Football Club Groningen
[2346214] Could not find attributes for ersan gulum (Beşiktaş Jimnastik Kulübü, 2013)
[2346214] Failed to build match row: Beşiktaş Jimnastik Kulübü vs Antalyaspor
[2740220] Could not find attributes for anthony scribe (Dinamo Tbilisi, 2016)
[2740220] Failed to build match row: Dinamo Tbilisi vs Panthessalonikios Athlitikos Omilos Konstantinoupoliton

Keepers & outfield error for **The Celtic Football Club** in The Celtic Football Club vs Malmö Fotbollförening: Numbers: 2 and 9.
[2609558] Failed to build match row: The Celtic Football Club vs Malmö Fotbollförening
[3221095] Could not find attributes for flavio ramos (Gençlerbirliği Spor Kulübü, 2019)
[3221095] Failed to build match row: Gençlerbirliği Spor Kulübü vs İstanbul Başakşehir Futbol Kulübü
[2891503] Could not find attributes for giannis kontoes (Apollon Smyrnis, 2017)
[2891503] Failed to build match row: Apollon Smyrnis vs PAS Lamia 1964
[3199435] Could not find attributes for timothee kolodziejczak (AS Saint-Étienne, 2019)
[3199435] Failed to build match row: Nîmes Olympique vs AS Saint-Étienne
[2341199] Failed to scrape lineup: https://www.transfermarkt.co.uk/villarreal-cf_sevilla-fc/index/spielbericht/2341199

Keepers & outfield error for **Malmö Fotbollförening** in Fußballclub Red Bull Salzburg vs Malmö Fotbollförening: Numbers: 0 and 11.
[2602148] Failed to build match row: Fußballclub Red Bull Salzburg vs Malmö Fotbollförening

Keepers & outfield error for **Sevilla Fútbol Club S.A.D.** in Sevilla Fútbol Club S.A.D. vs Qarabağ FK: Numbers: 2 and 9.

Keepers & outfield error for **Association sportive de Monaco Football Club** in Association sportive de Monaco Football Club vs Olympique de Marseille: Numbers: 2 and 9.
[2518681] Could not find attributes for nikolaos papadopoulos (Panionios Athens, 2014)
[2482280] Failed to build match row: Association sportive de Monaco Football Club vs Olympique de Marseille
[3252509] Failed to build match row: Sevilla Fútbol Club S.A.D. vs Qarabağ FK
[3069428] Could not find attributes for jota (Clube Desportivo Nacional, 2018)
[2518681] Failed to build match row: Panionios Athens vs Olympiakos Syndesmos Filathlon Peiraios
[3069428] Failed to build match row: Clube Desportivo Nacional vs Clube Desportivo Santa Clara
[2331020] Could not find attributes for dany maury (Toulouse Football Club, 2013)
[2331020] Failed to build match row: Toulouse Football Club vs SC Bastia
[2768397] Failed to scrape lineup: https://www.transfermarkt.co.uk/spielbericht/index/spielbericht/2768397
[2854407] Could not find attributes for oleg chuvaev (FC Zorya Lugansk, 2016)
[2609559] Could not find attributes for juan pablo colinas (Maccabi Tel Aviv, 2015)
[2640906] Failed to scrape lineup: https://www.transfermarkt.co.uk/oud-heverlee-leuven_kvc-westerlo/index/spielbericht/2640906
[2854407] Failed to build match row: FC Zorya Lugansk vs Olimpik Donetsk
[2609559] Failed to build match row: FC Basel 1893 AG vs Maccabi Tel Aviv

Keepers & outfield error for **Clube Desportivo de Tondela** in Clube Desportivo de Tondela vs Gil Vicente Futebol Clube: Numbers: 0 and 11.
[3211581] Failed to build match row: Clube Desportivo de Tondela vs Gil Vicente Futebol Clube

Keepers & outfield error for **Società Sportiva Calcio Napoli** in UC Sampdoria vs Società Sportiva Calcio Napoli: Numbers: 2 and 9.
[2359572] Failed to build match row: UC Sampdoria vs Società Sportiva Calcio Napoli
[2501143] Could not find attributes for frederik due (HB Köge, 2014)
[2501143] Failed to build match row: HB Köge vs Akademisk Boldklub

Keepers & outfield error for **Vitória Setúbal FC** in Vitória Setúbal FC vs Vitória Sport Clube: Numbers: 0 and 11.
[2721019] Failed to build match row: Vitória Setúbal FC vs Vitória Sport Clube
[3081271] Could not find attributes for ola aina (Torino Calcio, 2018)
[3394782] Could not find attributes for yuto nagatomo (Olympique de Marseille, 2020)
[3081271] Failed to build match row: Società Sportiva Calcio Napoli vs Torino Calcio
[3394782] Failed to build match row: Olympique de Marseille vs Rennes
[2321966] Failed to scrape lineup: https://www.transfermarkt.co.uk/spielbericht/index/spielbericht/2321966
[2589824] Failed to scrape lineup: https://www.transfermarkt.co.uk/spielbericht/index/spielbericht/2589824
[2883674] Could not find attributes for volkan demirel (Fenerbahçe Spor Kulübü, 2017)
[2883674] Failed to build match row: Fenerbahçe Spor Kulübü vs Trabzonspor Kulübü

Keepers & outfield error for **Moreirense Futebol Clube** in Moreirense Futebol Clube vs CD Feirense: Numbers: 0 and 11.
[3069429] Failed to build match row: Moreirense Futebol Clube vs CD Feirense
[2697525] Failed to scrape lineup: https://www.transfermarkt.co.uk/odense-boldklub_fc-nordsjaelland/index/spielbericht/2697525
[3199436] Could not find attributes for stephy mavididi (Dijon FCO, 2019)

Keepers & outfield error for **Sport Lisboa e Benfica** in FC Paços de Ferreira vs Sport Lisboa e Benfica: Numbers: 2 and 9.
[2891504] Could not find attributes for theodoros tripotseris (APO Levadiakos Football Club, 2017)
[2518682] Could not find attributes for bojan saranov (GS Ergotelis, 2014)
[3199436] Failed to build match row: Stade Reims vs Dijon FCO
[2490873] Failed to build match row: FC Paços de Ferreira vs Sport Lisboa e Benfica
[2891504] Failed to build match row: APO Levadiakos Football Club vs Athlitiki Enosi Konstantinoupoleos
[2518682] Failed to build match row: GS Ergotelis vs AOK Kerkyra

Keepers & outfield error for **West Ham United Football Club** in West Ham United Football Club vs Arsenal Football Club: Numbers: 0 and 11.

Keepers & outfield error for **Levante Unión Deportiva S.A.D.** in Valencia Club de Fútbol S. A. D. vs Levante Unión Deportiva S.A.D.: Numbers: 2 and 9.
[2872280] Failed to build match row: West Ham United Football Club vs Arsenal Football Club
[2341200] Failed to build match row: Valencia Club de Fútbol S. A. D. vs Levante Unión Deportiva S.A.D.
[2640907] Could not find attributes for david hubert (Royal Excel Mouscron (-2022), 2015)
[2640907] Failed to build match row: Royal Excel Mouscron (-2022) vs Yellow-Red Koninklijke Voetbalclub Mechelen
[2609560] Could not find attributes for sergey chernik (BATE Borisov, 2015)
[2609560] Failed to build match row: BATE Borisov vs Fudbalski Klub Partizan Beograd

Keepers & outfield error for **Vitória Sport Clube** in Vitória Sport Clube vs Sport Lisboa e Benfica: Numbers: 0 and 11.
[3211582] Failed to build match row: Vitória Sport Clube vs Sport Lisboa e Benfica
[2478649] Failed to scrape lineup: https://www.transfermarkt.co.uk/cagliari-calcio_uc-sampdoria/index/spielbericht/2478649
[2335185] Could not find attributes for felicio brown (PFK Krylya Sovetov Samara, 2013)
[2335185] Failed to build match row: Ural Yekaterinburg vs PFK Krylya Sovetov Samara
[3208640] Failed to scrape lineup: https://www.transfermarkt.co.uk/fc-barcelona_real-betis-balompie/index/spielbericht/3208640
[2726796] Failed to scrape lineup: https://www.transfermarkt.co.uk/ac-milan_fc-empoli/index/spielbericht/2726796
[2899708] Failed to scrape lineup: https://www.transfermarkt.co.uk/deportivo-alaves_malaga-cf/index/spielbericht/2899708

Keepers & outfield error for **Malmö Fotbollförening** in Malmö Fotbollförening vs Fußballclub Red Bull Salzburg: Numbers: 0 and 11.
[2602149] Failed to build match row: Malmö Fotbollförening vs Fußballclub Red Bull Salzburg
Not enough players found for lineup: 0, 11.
[2740221] Failed to scrape lineup: https://www.transfermarkt.co.uk/spielbericht/index/spielbericht/2740221

Keepers & outfield error for **SPAL** in SPAL vs Bologna Football Club 1909: Numbers: 0 and 11.
[3229367] Failed to build match row: SPAL vs Bologna Football Club 1909
[2711547] Failed to scrape lineup: https://www.transfermarkt.co.uk/spielbericht/index/spielbericht/2711547
[2581895] Failed to scrape lineup: https://www.transfermarkt.co.uk/fc-ingolstadt-04_1-fc-koln/index/spielbericht/2581895
[2379796] Could not find attributes for kyle merson (Staines Town FC, 2013)
[2379796] Failed to build match row: Brentford Football Club vs Staines Town FC
[3252510] Could not find attributes for jonathan joubert (F91 Dudelange, 2019)
[3252510] Failed to build match row: F91 Dudelange vs APOEL Nicosia
[3047453] Could not find attributes for pedro rebocho (EA Guingamp, 2018)
[3047453] Failed to build match row: Lille Olympique Sporting Club vs EA Guingamp
[3069430] Could not find attributes for radosav petrovic (Sporting Clube de Portugal, 2018)
[3069430] Failed to build match row: Sporting Clube de Portugal vs CS Marítimo
[2854408] Could not find attributes for vladyslav levanidov (FC Oleksandriya, 2016)
[2854408] Failed to build match row: FC Oleksandriya vs FC Shakhtar Donetsk
[3077267] Could not find attributes for sepp van den berg (Prins Hendrik Ende Desespereert Nimmer Combinatie Zwolle, 2018)
[3077267] Failed to build match row: Prins Hendrik Ende Desespereert Nimmer Combinatie Zwolle vs AFC Ajax Amsterdam
[3135863] Could not find attributes for srdjan grahovac (Sportklub Rapid, 2018)
[3135863] Failed to build match row: Football Club Internazionale Milano S.p.A. vs Sportklub Rapid
[2469989] Failed to scrape lineup: https://www.transfermarkt.co.uk/kayseri-erciyesspor_besiktas-jk/index/spielbericht/2469989
[2700664] Could not find attributes for taiwo awoniyi (Nijmegen Eendracht Combinatie, 2016)
[2700664] Failed to build match row: Nijmegen Eendracht Combinatie vs Eindhovense Voetbalvereniging Philips Sport Vereniging
[2518683] Could not find attributes for dimitrios kyriakidis (AO Xanthi, 2014)
[2518683] Failed to build match row: AO Xanthi vs A.G.S Asteras Tripolis
017)
[2883675] Failed to build match row: Desportivo Aves (- 2020) vs CF Os Belenenses

Keepers & outfield error for **Rio Ave Futebol Clube** in Rio Ave Futebol Clube vs CS Marítimo: Numbers: 2 and 9.
[3211583] Failed to build match row: Rio Ave Futebol Clube vs CS Marítimo
[2346215] Failed to scrape lineup: https://www.transfermarkt.co.uk/caykur-rizespor_galatasaray/index/spielbericht/2346215

Keepers & outfield error for **Juventus Football Club** in Juventus Football Club vs Genoa Cricket and Football Club: Numbers: 0 and 11.
[2459800] Failed to scrape lineup: https://www.transfermarkt.co.uk/twente-enschede-fc_vitesse-arnhem/index/spielbericht/2459800
[2726797] Failed to build match row: Juventus Football Club vs Genoa Cricket and Football Club
[2335186] Could not find attributes for sergei pareiko (Volga Nizhniy Novgorod (- 2016), 2013)
[2335186] Failed to build match row: Anzhi Makhachkala ( -2022) vs Volga Nizhniy Novgorod (- 2016)
[3229368] Could not find attributes for ragnar klavan (Cagliari Calcio, 2019)
[3229368] Failed to build match row: Football Club Internazionale Milano S.p.A. vs Cagliari Calcio
[2581896] Could not find attributes for slobodan rajkovic (SV Darmstadt 98, 2015)
[2581896] Failed to build match row: SV Darmstadt 98 vs Borussia Dortmund
[3098667] Could not find attributes for nemanja gudelj (Sporting Clube de Portugal, 2018)
[3221096] Failed to scrape lineup: https://www.transfermarkt.co.uk/kasimpasa_mke-ankaragucu/index/spielbericht/3221096

Keepers & outfield error for **Vitória Sport Clube** in Vitória Sport Clube vs Gil Vicente Futebol Clube: Numbers: 2 and 9.
[3098667] Failed to build match row: Sporting Clube de Portugal vs Qarabağ FK
[2891505] Could not find attributes for athanasios panteliadis (PAS Lamia 1964, 2017)
[2490874] Failed to build match row: Vitória Sport Clube vs Gil Vicente Futebol Clube
[2891505] Failed to build match row: PAS Lamia 1964 vs Panetolikos Agrinio

Keepers & outfield error for **Olympique Lyonnais** in Olympique Lyonnais vs Racing Club de Strasbourg Alsace: Numbers: 2 and 9.
[2589825] Could not find attributes for nemanja stevanovic (Fudbalski klub Čukarički Beograd, 2015)
[3047454] Failed to build match row: Olympique Lyonnais vs Racing Club de Strasbourg Alsace
[3052570] Could not find attributes for enric pi (UE Sant Julia, 2018)
[2589825] Failed to build match row: Fudbalski klub Čukarički Beograd vs FK Qabala
[3052570] Failed to build match row: UE Sant Julia vs Gzira United FC
[2854409] Could not find attributes for oleksandr bandura (PFK Stal Kamyanske (-2018), 2016)
[2854409] Failed to build match row: PFK Stal Kamyanske (-2018) vs Vorskla Poltava
[3135864] Could not find attributes for alex kral (SK Slavia Praha, a.s., 2018)
[3135864] Failed to build match row: Koninklijke Racing Club Genk vs SK Slavia Praha, a.s.
[2602552] Could not find attributes for miguel vitor (Panthessalonikios Athlitikos Omilos Konstantinoupoliton, 2015)
[2602552] Failed to build match row: Panthessalonikios Athlitikos Omilos Konstantinoupoliton vs Spartak Trnava
[2346216] Could not find attributes for boy waterman (Kardemir Karabükspor, 2013)
[2346216] Failed to build match row: Kardemir Karabükspor vs Gaziantepspor (- 2020)
[2711548] Could not find attributes for enea kolici (FK Kukësi, 2016)
[2711548] Failed to build match row: FK Kukësi vs Fußballklub Austria Wien

Keepers & outfield error for **Clube Desportivo de Tondela** in CD Feirense vs Clube Desportivo de Tondela: Numbers: 0 and 11.
[2768398] Failed to build match row: CD Feirense vs Clube Desportivo de Tondela
[2501144] Could not find attributes for kasper povlsen (Aarhus Gymnastik Forening, 2014)
[2501144] Failed to build match row: Aarhus Gymnastik Forening vs Sønderjyske Fodbold
[2359573] Failed to scrape lineup: https://www.transfermarkt.co.uk/torino-fc_parma-fc/index/spielbericht/2359573
[2721020] Could not find attributes for sinan bolat (Futebol Clube de Arouca, 2016)
[2721020] Failed to build match row: Futebol Clube de Arouca vs Moreirense Futebol Clube
[2518684] Could not find attributes for ernestas setkus (AOK Kerkyra, 2014)
[2518684] Failed to build match row: AOK Kerkyra vs Panathinaikos Athlitikos Omilos
[3081272] Failed to scrape lineup: https://www.transfermarkt.co.uk/torino-fc_atalanta-bc/index/spielbericht/3081272

Keepers & outfield error for **GD Chaves** in GD Chaves vs Sport Lisboa e Benfica: Numbers: 0 and 11.
[3069431] Failed to build match row: GD Chaves vs Sport Lisboa e Benfica
[3199438] Could not find attributes for stephy mavididi (Dijon FCO, 2019)
[3199438] Failed to build match row: Dijon FCO vs Racing Club de Strasbourg Alsace

Keepers & outfield error for **Sport Lisboa e Benfica** in Sport Lisboa e Benfica vs Portimonense SC: Numbers: 0 and 11.
[2883676] Failed to build match row: Sport Lisboa e Benfica vs Portimonense SC
[2321967] Could not find attributes for andrian negai (FC Milsami Orhei, 2013)
[2321967] Failed to build match row: FC Milsami Orhei vs F91 Dudelange
[2740222] Could not find attributes for kristi vangjeli (Astra Giurgiu (- 2024), 2016)
[2740222] Failed to build match row: Astra Giurgiu (- 2024) vs West Ham United Football Club
[2854410] Could not find attributes for andriy lunin (Dnipro Dnipropetrovsk (-2020), 2016)
[2854410] Failed to build match row: Dnipro Dnipropetrovsk (-2020) vs Volyn Lutsk
[2331022] Failed to scrape lineup: https://www.transfermarkt.co.uk/as-saint-etienne_losc-lille/index/spielbericht/2331022
[2640908] Failed to scrape lineup: https://www.transfermarkt.co.uk/kvrs-waasland-sk-beveren_standard-liege/index/spielbericht/2640908
[2589826] Could not find attributes for ugur demirok (Trabzonspor Kulübü, 2015)
[2589826] Failed to build match row: Trabzonspor Kulübü vs FC Differdange 03
[2609561] Failed to scrape lineup: https://www.transfermarkt.co.uk/spielbericht/index/spielbericht/2609561
[2478650] Failed to scrape lineup: https://www.transfermarkt.co.uk/acf-fiorentina_ss-lazio/index/spielbericht/2478650

Keepers & outfield error for **Verona Hellas Football Club** in Verona Hellas Football Club vs Udinese Calcio: Numbers: 0 and 11.
[2359574] Failed to build match row: Verona Hellas Football Club vs Udinese Calcio
[2469991] Could not find attributes for didier zokora (Akhisarspor, 2014)
[2469991] Failed to build match row: Kardemir Karabükspor vs Akhisarspor
[3098668] Could not find attributes for bogdan shust (Vorskla Poltava, 2018)
[3288606] Could not find attributes for nathan patterson (Rangers Football Club, 2019)
[2379797] Failed to scrape lineup: https://www.transfermarkt.co.uk/spielbericht/index/spielbericht/2379797
[3098668] Failed to build match row: Arsenal Football Club vs Vorskla Poltava

Keepers & outfield error for **Vitória Setúbal FC** in Vitória Setúbal FC vs Rio Ave Futebol Clube: Numbers: 2 and 9.
[3135865] Could not find attributes for matvey safonov (FK Krasnodar, 2018)
[3288606] Failed to build match row: Rangers Football Club vs Stranraer FC
[3135865] Failed to build match row: Bayer 04 Leverkusen Fußball vs FK Krasnodar
[2490875] Failed to build match row: Vitória Setúbal FC vs Rio Ave Futebol Clube
[2346217] Could not find attributes for gokhan degirmenci (Kayseri Erciyesspor, 2013)

Keepers & outfield error for **Alaves** in Athletic Club Bilbao vs Alaves: Numbers: 2 and 9.
[3211770] Could not find attributes for oleksandr tkachenko (Vorskla Poltava, 2019)
[2942822] Could not find attributes for lassana diarra (Paris Saint-Germain Football Club, 2017)
[2899710] Failed to build match row: Athletic Club Bilbao vs Alaves

Keepers & outfield error for **RasenBallsport Leipzig** in Beşiktaş Jimnastik Kulübü vs RasenBallsport Leipzig: Numbers: 0 and 11.
[2346217] Failed to build match row: Kayseri Erciyesspor vs Konyaspor
[3211770] Failed to build match row: Vorskla Poltava vs FC Zorya Lugansk
[2518685] Could not find attributes for andrey gorbunov (APS Atromitos Athinon, 2014)
[2459801] Failed to scrape lineup: https://www.transfermarkt.co.uk/feyenoord-rotterdam_excelsior-rotterdam/index/spielbericht/2459801
[2917377] Failed to build match row: Beşiktaş Jimnastik Kulübü vs RasenBallsport Leipzig
[3081273] Could not find attributes for albin ekdal (UC Sampdoria, 2018)
[2942822] Failed to build match row: ESTAC Troyes vs Paris Saint-Germain Football Club
[2518685] Failed to build match row: APS Atromitos Athinon vs Panionios Athens
rto vs Clube Desportivo de Tondela: Numbers: 2 and 9.
[2602553] Could not find attributes for andrey gorbunov (APS Atromitos Athinon, 2015)
[3069432] Failed to build match row: Futebol Clube do Porto vs Clube Desportivo de Tondela
[3081273] Failed to build match row: UC Sampdoria vs Cagliari Calcio
[2768399] Could not find attributes for sinan bolat (Clube Desportivo Nacional, 2016)
[2602553] Failed to build match row: Allmänna Idrottsklubben vs APS Atromitos Athinon
[2854411] Could not find attributes for roman pidkivka (Karpaty Lviv (-2021), 2016)
[2768399] Failed to build match row: FC Paços de Ferreira vs Clube Desportivo Nacional
[2854411] Failed to build match row: Karpaty Lviv (-2021) vs Zirka Kropyvnytskyi
[2891506] Could not find attributes for clevid dikamona (AO Platanias, 2017)
[2335188] Could not find attributes for maicon bolt (Футбольный клуб "Локомотив" Москва, 2013)
[2891506] Failed to build match row: Athlitiki Enosi Konstantinoupoleos vs AO Platanias
[2335188] Failed to build match row: Kuban Krasnodar (-2018) vs Футбольный клуб "Локомотив" Москва
[2740223] Could not find attributes for zeca (Panathinaikos Athlitikos Omilos, 2016)
[2740223] Failed to build match row: Panathinaikos Athlitikos Omilos vs Brøndby Idrætsforening

Keepers & outfield error for **Manchester United Football Club** in Manchester United Football Club vs Club Brugge Koninklijke Voetbalvereniging: Numbers: 0 and 11.
[2609562] Failed to build match row: Manchester United Football Club vs Club Brugge Koninklijke Voetbalvereniging

Keepers & outfield error for **CF Os Belenenses** in CF Os Belenenses vs FC Penafiel: Numbers: 2 and 9.
[2490876] Failed to build match row: CF Os Belenenses vs FC Penafiel
[3208643] Could not find attributes for roberto soldado (Granada CF, 2019)
[3208643] Failed to build match row: Granada CF vs Sevilla Fútbol Club S.A.D.
[3081274] Failed to scrape lineup: https://www.transfermarkt.co.uk/ac-milan_fc-empoli/index/spielbericht/3081274
[2518686] Failed to scrape lineup: https://www.transfermarkt.co.uk/pae-veria_panthrakikos-komotini/index/spielbericht/2518686
[3052571] Could not find attributes for ibrahim ayew (Europa FC, 2018)
[3052571] Failed to build match row: Europa FC vs FC Prishtina
[2321968] Could not find attributes for andreja efremov (Metalurg Skopje, 2013)
[3252512] Could not find attributes for zeca (Football Club København, 2019)
[2321968] Failed to build match row: Metalurg Skopje vs Qarabağ FK
[3211771] Could not find attributes for yevgen past (Desna Chernigiv, 2019)
[3211771] Failed to build match row: Desna Chernigiv vs PFK Lviv
[3252512] Failed to build match row: FC Lugano vs Football Club København
[2856405] Failed to scrape lineup: https://www.transfermarkt.co.uk/spielbericht/index/spielbericht/2856405
n/index/spielbericht/2872284
[2335189] Failed to scrape lineup: https://www.transfermarkt.co.uk/zenit-st-petersburg_amkar-perm/index/spielbericht/2335189
[3047457] Failed to scrape lineup: https://www.transfermarkt.co.uk/fc-nantes_sm-caen/index/spielbericht/3047457
[2891507] Failed to scrape lineup: https://www.transfermarkt.co.uk/aok-kerkyra_olympiacos-piraeus/index/spielbericht/2891507
[2577979] Failed to scrape lineup: https://www.transfermarkt.co.uk/norwich-city_leicester-city/index/spielbericht/2577979
[2490877] Failed to scrape lineup: https://www.transfermarkt.co.uk/academica-coimbra_cs-maritimo/index/spielbericht/2490877
[2341204] Failed to scrape lineup: https://www.transfermarkt.co.uk/granada-cf_sevilla-fc/index/spielbericht/2341204

Keepers & outfield error for **Yeni Malatyaspor** in Yeni Malatyaspor vs Alanyaspor: Numbers: 2 and 9.
[3221099] Failed to build match row: Yeni Malatyaspor vs Alanyaspor
[3135867] Failed to scrape lineup: https://www.transfermarkt.co.uk/spielbericht/index/spielbericht/3135867
[2469993] Failed to scrape lineup: https://www.transfermarkt.co.uk/mersin-idmanyurdu_eskisehirspor/index/spielbericht/2469993
[2379798] Could not find attributes for tim haddock (Shortwood United, 2013)
[2379798] Failed to build match row: Shortwood United vs Port Vale FC
[2899712] Failed to scrape lineup: https://www.transfermarkt.co.uk/valencia-cf_villarreal-cf/index/spielbericht/2899712
[3052572] Failed to scrape lineup: https://www.transfermarkt.co.uk/spielbericht/index/spielbericht/3052572
[3211772] Could not find attributes for andriy klishchuk (SC Dnipro-1, 2019)
[2478652] Failed to scrape lineup: https://www.transfermarkt.co.uk/hellas-verona_ac-milan/index/spielbericht/2478652
[3211772] Failed to build match row: SC Dnipro-1 vs Olimpik Donetsk
[3047458] Failed to scrape lineup: https://www.transfermarkt.co.uk/ogc-nice_dijon-fco/index/spielbericht/3047458
[2459803] Failed to scrape lineup: https://www.transfermarkt.co.uk/vitesse-arnhem_pec-zwolle/index/spielbericht/2459803
[3394785] Failed to scrape lineup: https://www.transfermarkt.co.uk/paris-saint-germain_nimes-olympique/index/spielbericht/3394785
[2341205] Failed to scrape lineup: https://www.transfermarkt.co.uk/elche-cf_malaga-cf/index/spielbericht/2341205
[2700668] Failed to scrape lineup: https://www.transfermarkt.co.uk/fc-groningen_sparta-rotterdam/index/spielbericht/2700668
[2891508] Failed to scrape lineup: https://www.transfermarkt.co.uk/panathinaikos-fc_panionios-athens/index/spielbericht/2891508
[3221100] Failed to scrape lineup: https://www.transfermarkt.co.uk/konyaspor_antalyaspor/index/spielbericht/3221100
[3135868] Failed to scrape lineup: https://www.transfermarkt.co.uk/spielbericht/index/spielbericht/3135868
[3208645] Failed to scrape lineup: https://www.transfermarkt.co.uk/levante-ud_villarreal-cf/index/spielbericht/3208645
[3252513] Could not find attributes for stanislav kritsyuk (FK Krasnodar, 2019)
[3252513] Failed to build match row: FK Krasnodar vs FC Basel 1893 AG

Keepers & outfield error for **Vitesse Arnhem** in Nooit Opgeven Altijd Doorzetten Aangenaam Door Vermaak En Nuttig Door Ontspanning Combinatie Breda vs Vitesse Arnhem: Numbers: 0 and 11.
[3077272] Failed to build match row: Nooit Opgeven Altijd Doorzetten Aangenaam Door Vermaak En Nuttig Door Ontspanning Combinatie Breda vs Vitesse Arnhem
[2899713] Failed to scrape lineup: https://www.transfermarkt.co.uk/malaga-cf_rcd-espanyol-barcelona/index/spielbericht/2899713

Keepers & outfield error for **Lyngby Boldklub** in AC Horsens vs Lyngby Boldklub: Numbers: 2 and 9.
[3288607] Could not find attributes for callum booth (St. Johnstone FC, 2019)
[2697536] Failed to build match row: AC Horsens vs Lyngby Boldklub
[3288607] Failed to build match row: St. Johnstone FC vs Greenock Morton FC
[3052573] Could not find attributes for jesus coca (UE Engordany, 2018)
[3052573] Failed to build match row: UE Engordany vs SS Folgore/Falciano

Keepers & outfield error for **Sporting Clube de Portugal** in CD Feirense vs Sporting Clube de Portugal: Numbers: 0 and 11.
[2883678] Failed to build match row: CD Feirense vs Sporting Clube de Portugal
[2478653] Failed to scrape lineup: https://www.transfermarkt.co.uk/inter-milan_ssc-napoli/index/spielbericht/2478653
[3211773] Failed to scrape lineup: https://www.transfermarkt.co.uk/kolos-kovalivka_fk-mariupol/index/spielbericht/3211773
[3047459] Failed to scrape lineup: https://www.transfermarkt.co.uk/paris-saint-germain_angers-sco/index/spielbericht/3047459
[2700669] Failed to scrape lineup: https://www.transfermarkt.co.uk/go-ahead-eagles_roda-jc-kerkrade/index/spielbericht/2700669
[2341206] Failed to scrape lineup: https://www.transfermarkt.co.uk/real-betis-balompie_ud-almeria/index/spielbericht/2341206
[2891509] Failed to scrape lineup: https://www.transfermarkt.co.uk/asteras-tripolis_apo-levadiakos/index/spielbericht/2891509
[3221101] Failed to scrape lineup: https://www.transfermarkt.co.uk/besiktas-jk_caykur-rizespor/index/spielbericht/3221101
[2321969] Could not find attributes for aleksandar sofranac (OFK Titograd, 2013)
[2321969] Failed to build match row: OFK Titograd vs Videoton FC

Keepers & outfield error for **Catania FC** in Catania FC vs Atalanta Bergamasca Calcio S.p.a.: Numbers: 2 and 9.
[2335191] Failed to scrape lineup: https://www.transfermarkt.co.uk/rubin-kazan_fk-krasnodar/index/spielbericht/2335191
[2359575] Failed to build match row: Catania FC vs Atalanta Bergamasca Calcio S.p.a.
[2768400] Could not find attributes for Tiago Ronaldo (FC Vizela, 2016)

Keepers & outfield error for **Valencia Club de Fútbol S. A. D.** in Valencia Club de Fútbol S. A. D. vs The Celtic Football Club: Numbers: 0 and 11.
[2768400] Failed to build match row: FC Vizela vs Gil Vicente Futebol Clube
[3135869] Failed to build match row: Valencia Club de Fútbol S. A. D. vs The Celtic Football Club

Keepers & outfield error for **Sporting Clube de Braga** in B SAD vs Sporting Clube de Braga: Numbers: 0 and 11.
[3069433] Failed to build match row: B SAD vs Sporting Clube de Braga

Keepers & outfield error for **Real Club Deportivo Mallorca S.A.D.** in Real Club Deportivo Mallorca S.A.D. vs Real Sociedad de Fútbol S.A.D.: Numbers: 2 and 9.
[3208646] Failed to build match row: Real Club Deportivo Mallorca S.A.D. vs Real Sociedad de Fútbol S.A.D.
[3098669] Could not find attributes for joe frising (F91 Dudelange, 2018)
[3098669] Failed to build match row: F91 Dudelange vs Associazione Calcio Milan
[2589827] Could not find attributes for esteban sachetti (Apollon Limassol, 2015)
[2589827] Failed to build match row: Apollon Limassol vs FK Trakai
[2331024] Could not find attributes for stoppila sunzu (FC Sochaux-Montbéliard, 2013)
[2331024] Failed to build match row: FC Sochaux-Montbéliard vs Montpellier HSC
[2697537] Failed to scrape lineup: https://www.transfermarkt.co.uk/fc-copenhagen_aalborg-bk/index/spielbericht/2697537
[2700670] Failed to scrape lineup: https://www.transfermarkt.co.uk/pec-zwolle_fc-utrecht/index/spielbericht/2700670
[3394787] Failed to scrape lineup: https://www.transfermarkt.co.uk/fc-metz_montpellier-hsc/index/spielbericht/3394787
[2721022] Could not find attributes for carlinhos (Grupo Desportivo Estoril Praia, 2016)
[2721022] Failed to build match row: Sport Lisboa e Benfica vs Grupo Desportivo Estoril Praia
[2482284] Could not find attributes for david ngog (Stade Reims, 2014)
[2482284] Failed to build match row: Stade Reims vs Thonon Évian Grand Genève FC
[2518688] Could not find attributes for anastasios avlonitis (Olympiakos Syndesmos Filathlon Peiraios, 2014)
[2518688] Failed to build match row: Olympiakos Syndesmos Filathlon Peiraios vs AEL Kalloni
[2341207] Failed to scrape lineup: https://www.transfermarkt.co.uk/levante-ud_real-valladolid-cf/index/spielbericht/2341207
[2321970] Failed to scrape lineup: https://www.transfermarkt.co.uk/spielbericht/index/spielbericht/2321970
/2883679
[3069434] Could not find attributes for ponck (Desportivo Aves (- 2020), 2018)
[2862155] Failed to scrape lineup: https://www.transfermarkt.co.uk/spielbericht/index/spielbericht/2862155
[2346218] Could not find attributes for alex telles (Galatasaray Spor Kulübü, 2013)
[3069434] Failed to build match row: Desportivo Aves (- 2020) vs Portimonense SC
[2346218] Failed to build match row: Galatasaray Spor Kulübü vs Akhisarspor
[2581906] Could not find attributes for daniel schwaab (Verein für Bewegungsspiele Stuttgart 1893, 2015)
[2581906] Failed to build match row: Verein für Bewegungsspiele Stuttgart 1893 vs Turn- und Sportgemeinschaft 1899 Hoffenheim Fußball-Spielbetriebs
[3252514] Could not find attributes for serkan asan (Trabzonspor Kulübü, 2019)
[3252514] Failed to build match row: Trabzonspor Kulübü vs Getafe Club de Fútbol S. A. D. Team Dubai
[2640910] Could not find attributes for igor de camargo (Koninklijke Racing Club Genk, 2015)
[2640910] Failed to build match row: Koninklijke Racing Club Genk vs Royal Sporting Club Anderlecht
[3394788] Failed to scrape lineup: https://www.transfermarkt.co.uk/stade-reims_angers-sco/index/spielbericht/3394788
[3221102] Could not find attributes for emmanuel adebayor (Kayserispor Kulübü, 2019)
[3221102] Failed to build match row: Kayserispor Kulübü vs Galatasaray Spor Kulübü
[2518689] Failed to scrape lineup: https://www.transfermarkt.co.uk/paok-thessaloniki_apo-levadiakos/index/spielbericht/2518689
[3135870] Failed to scrape lineup: https://www.transfermarkt.co.uk/spielbericht/index/spielbericht/3135870
[3208647] Failed to scrape lineup: https://www.transfermarkt.co.uk/ca-osasuna_sd-eibar/index/spielbericht/3208647
[3098670] Failed to scrape lineup: https://www.transfermarkt.co.uk/spielbericht/index/spielbericht/3098670

Keepers & outfield error for **Futebol Clube de Arouca** in Futebol Clube de Arouca vs CD Cova Piedade: Numbers: 0 and 11.
[2768401] Failed to build match row: Futebol Clube de Arouca vs CD Cova Piedade
[2711550] Failed to scrape lineup: https://www.transfermarkt.co.uk/spielbericht/index/spielbericht/2711550
[2321971] Failed to scrape lineup: https://www.transfermarkt.co.uk/spielbericht/index/spielbericht/2321971
[2346219] Failed to scrape lineup: https://www.transfermarkt.co.uk/elazigspor_kasimpasa/index/spielbericht/2346219
[3052574] Could not find attributes for nathan peate (Cefn Druids, 2018)

Keepers & outfield error for **Genoa Cricket and Football Club** in Chievo Verona vs Genoa Cricket and Football Club: Numbers: 2 and 9.
[2697539] Failed to scrape lineup: https://www.transfermarkt.co.uk/aarhus-gf_brondby-if/index/spielbericht/2697539
[2883680] Failed to scrape lineup: https://www.transfermarkt.co.uk/vitoria-guimaraes-sc_boavista-fc/index/spielbericht/2883680
[2863335] Failed to scrape lineup: https://www.transfermarkt.co.uk/spielbericht/index/spielbericht/2863335
[3052574] Failed to build match row: Cefn Druids vs FK Trakai
[3081275] Failed to build match row: Chievo Verona vs Genoa Cricket and Football Club
[3252515] Failed to scrape lineup: https://www.transfermarkt.co.uk/spielbericht/index/spielbericht/3252515
bers: 0 and 11.
[3069435] Failed to build match row: Vitória Sport Clube vs Vitória Setúbal FC
[2518691] Failed to scrape lineup: https://www.transfermarkt.co.uk/pas-giannina_gs-ergotelis/index/spielbericht/2518691
[2726800] Could not find attributes for simone lo faso (Palermo FC, 2016)
[2726800] Failed to build match row: Società Sportiva Lazio S.p.A. vs Palermo FC
[3394789] Could not find attributes for trevoh chalobah (Football Club Lorient-Bretagne Sud, 2020)
[2482286] Failed to scrape lineup: https://www.transfermarkt.co.uk/sm-caen_sc-bastia/index/spielbericht/2482286
[3394789] Failed to build match row: Rennes vs Football Club Lorient-Bretagne Sud

Keepers & outfield error for **CF Os Belenenses** in Clube Desportivo Nacional vs CF Os Belenenses: Numbers: 2 and 9.
[2490878] Failed to build match row: Clube Desportivo Nacional vs CF Os Belenenses
[3135871] Failed to scrape lineup: https://www.transfermarkt.co.uk/spielbericht/index/spielbericht/3135871
[3077274] Failed to scrape lineup: https://www.transfermarkt.co.uk/pec-zwolle_nac-breda/index/spielbericht/3077274

Keepers & outfield error for **Real Madrid Club de Fútbol** in Real Madrid Club de Fútbol vs Real Valladolid CF: Numbers: 2 and 9.
[3208648] Failed to build match row: Real Madrid Club de Fútbol vs Real Valladolid CF
[3221723] Could not find attributes for milos dragojevic (Buducnost Podgorica, 2019)
lmas/index/spielbericht/2899714
[3221723] Failed to build match row: Buducnost Podgorica vs JK Trans Narva
[3098671] Could not find attributes for daniele bonera (Villarreal Club de Fútbol S.A.D., 2018)
[3098671] Failed to build match row: Villarreal Club de Fútbol S.A.D. vs Rangers Football Club
[3052575] Failed to scrape lineup: https://www.transfermarkt.co.uk/spielbericht/index/spielbericht/3052575
[2697540] Failed to scrape lineup: https://www.transfermarkt.co.uk/fc-midtjylland_sonderjyske/index/spielbericht/2697540
[2864709] Failed to scrape lineup: https://www.transfermarkt.co.uk/spielbericht/index/spielbericht/2864709
[2346220] Could not find attributes for zydrunas karcemarskas (Gaziantepspor (- 2020), 2013)
[2346220] Failed to build match row: Gaziantepspor (- 2020) vs Kayserispor Kulübü
[2883681] Failed to scrape lineup: https://www.transfermarkt.co.uk/vitoria-setubal-fc_sc-braga/index/spielbericht/2883681
[3081276] Failed to scrape lineup: https://www.transfermarkt.co.uk/acf-fiorentina_inter-milan/index/spielbericht/3081276
[2726801] Failed to scrape lineup: https://www.transfermarkt.co.uk/delfino-pescara-1936_as-roma/index/spielbericht/2726801
[2490879] Failed to scrape lineup: https://www.transfermarkt.co.uk/rio-ave-fc_estoril-praia/index/spielbericht/2490879
[3135872] Failed to scrape lineup: https://www.transfermarkt.co.uk/spielbericht/index/spielbericht/3135872

Keepers & outfield error for **Clube Desportivo Santa Clara** in Clube Desportivo Santa Clara vs GD Chaves: Numbers: 0 and 11.
[3069437] Failed to build match row: Clube Desportivo Santa Clara vs GD Chaves
[2640912] Could not find attributes for igor de camargo (Koninklijke Racing Club Genk, 2015)
[2640912] Failed to build match row: Koninklijke Voetbal Club Westerlo vs Koninklijke Racing Club Genk
[2459805] Failed to scrape lineup: https://www.transfermarkt.co.uk/twente-enschede-fc_nac-breda/index/spielbericht/2459805
[3077275] Failed to scrape lineup: https://www.transfermarkt.co.uk/az-alkmaar_excelsior-rotterdam/index/spielbericht/3077275

Keepers & outfield error for **Olympique Lyonnais** in Dijon FCO vs Olympique Lyonnais: Numbers: 2 and 9.
[3394790] Failed to build match row: Dijon FCO vs Olympique Lyonnais
[2618952] Could not find attributes for denys boyko (Dnipro Dnipropetrovsk (-2020), 2015)
[2618952] Failed to build match row: Dnipro Dnipropetrovsk (-2020) vs AS Saint-Étienne

Keepers & outfield error for **Moreirense Futebol Clube** in Moreirense Futebol Clube vs Grupo Desportivo Estoril Praia: Numbers: 0 and 11.
[2768402] Failed to build match row: Moreirense Futebol Clube vs Grupo Desportivo Estoril Praia

Keepers & outfield error for **Palermo FC** in Palermo FC vs Cesena FC: Numbers: 0 and 11.
[2478654] Failed to build match row: Palermo FC vs Cesena FC
[2899715] Failed to scrape lineup: https://www.transfermarkt.co.uk/real-sociedad_sevilla-fc/index/spielbericht/2899715
[2891510] Could not find attributes for spyros risvanis (APS Atromitos Athinon, 2017)
[2891510] Failed to build match row: APS Atromitos Athinon vs APO Levadiakos Football Club
[3047460] Could not find attributes for jean clair todibo (Toulouse Football Club, 2018)
[3098672] Failed to scrape lineup: https://www.transfermarkt.co.uk/spielbericht/index/spielbericht/3098672
[3047460] Failed to build match row: Toulouse Football Club vs Nîmes Olympique
Not enough players found for lineup: 11, 0.
[2740224] Could not find attributes for kostadin zahov (Shkendija Tetovo, 2016)
[2740224] Failed to build match row: Koninklijke Atletiek Associatie Gent vs Shkendija Tetovo
[3052576] Failed to scrape lineup: https://www.transfermarkt.co.uk/spielbericht/index/spielbericht/3052576
[2490880] Failed to scrape lineup: https://www.transfermarkt.co.uk/fc-porto_fc-pacos-de-ferreira/index/spielbericht/2490880
[2726802] Failed to scrape lineup: https://www.transfermarkt.co.uk/chievo-verona_torino-fc/index/spielbericht/2726802
[3135873] Failed to scrape lineup: https://www.transfermarkt.co.uk/spielbericht/index/spielbericht/3135873
[3252517] Failed to scrape lineup: https://www.transfermarkt.co.uk/spielbericht/index/spielbericht/3252517
[3069438] Failed to scrape lineup: https://www.transfermarkt.co.uk/cs-maritimo_vitoria-guimaraes-sc/index/spielbericht/3069438
[2640913] Failed to scrape lineup: https://www.transfermarkt.co.uk/r-charleroi-sc_oud-heverlee-leuven/index/spielbericht/2640913
[2697541] Failed to scrape lineup: https://www.transfermarkt.co.uk/esbjerg-fb_odense-boldklub/index/spielbericht/2697541
[3394791] Failed to scrape lineup: https://www.transfermarkt.co.uk/rc-strasbourg-alsace_stade-brestois-29/index/spielbericht/3394791
[2459806] Failed to scrape lineup: https://www.transfermarkt.co.uk/sc-cambuur-leeuwarden_heracles-almelo/index/spielbericht/2459806
[2618953] Failed to scrape lineup: https://www.transfermarkt.co.uk/spielbericht/index/spielbericht/2618953
[3077276] Failed to scrape lineup: https://www.transfermarkt.co.uk/heracles-almelo_psv-eindhoven/index/spielbericht/3077276

Keepers & outfield error for **Sporting Clube de Portugal** in Sporting Clube de Portugal vs PFK CSKA Moskva: Numbers: 0 and 11.
[2609563] Failed to build match row: Sporting Clube de Portugal vs PFK CSKA Moskva

Keepers & outfield error for **Futebol Clube do Porto** in Association sportive de Monaco Football Club vs Futebol Clube do Porto: Numbers: 2 and 9.
[2768403] Failed to scrape lineup: https://www.transfermarkt.co.uk/spielbericht/index/spielbericht/2768403
[2917378] Failed to build match row: Association sportive de Monaco Football Club vs Futebol Clube do Porto
[2740225] Failed to scrape lineup: https://www.transfermarkt.co.uk/spielbericht/index/spielbericht/2740225
[2891511] Failed to scrape lineup: https://www.transfermarkt.co.uk/asteras-tripolis_aok-kerkyra/index/spielbericht/2891511

Keepers & outfield error for **Boavista FC** in Boavista FC vs Clube Desportivo de Tondela: Numbers: 0 and 11.
[3052577] Failed to scrape lineup: https://www.transfermarkt.co.uk/spielbericht/index/spielbericht/3052577
[2721023] Failed to build match row: Boavista FC vs Clube Desportivo de Tondela
[2581908] Could not find attributes for hotaru yamaguchi (Hannover 96, 2015)

Keepers & outfield error for **Futebol Clube do Porto** in Futebol Clube do Porto vs GD Chaves: Numbers: 2 and 9.
[2490881] Failed to scrape lineup: https://www.transfermarkt.co.uk/fc-penafiel_vitoria-guimaraes-sc/index/spielbericht/2490881
[2883682] Failed to build match row: Futebol Clube do Porto vs GD Chaves
 Hannover 96
[3069439] Failed to scrape lineup: https://www.transfermarkt.co.uk/vitoria-setubal-fc_moreirense-fc/index/spielbericht/3069439
[3135874] Failed to scrape lineup: https://www.transfermarkt.co.uk/spielbericht/index/spielbericht/3135874
[3288608] Could not find attributes for connor kelly (Broxburn Athletic FC, 2019)
[3288608] Failed to build match row: Saint Mirren Football Club vs Broxburn Athletic FC

Keepers & outfield error for **Chievo Verona** in Genoa Cricket and Football Club vs Chievo Verona: Numbers: 2 and 9.
[2726803] Failed to build match row: Genoa Cricket and Football Club vs Chievo Verona
[2321972] Could not find attributes for bledjan rizvani (KF Teuta, 2013)
[2346221] Could not find attributes for harun tekin (Bursaspor, 2013)
[2321972] Failed to build match row: KF Teuta vs Dacia Chisinau
[2697542] Failed to scrape lineup: https://www.transfermarkt.co.uk/randers-fc_silkeborg-if/index/spielbericht/2697542
[2346221] Failed to build match row: Bursaspor vs Kardemir Karabükspor
[2501145] Could not find attributes for kim drejs (BK Fremad Amager, 2014)
[2501145] Failed to build match row: BK Fremad Amager vs Brøndby Idrætsforening
[3394792] Failed to scrape lineup: https://www.transfermarkt.co.uk/fc-girondins-bordeaux_losc-lille/index/spielbericht/3394792
[2740226] Failed to scrape lineup: https://www.transfermarkt.co.uk/spielbericht/index/spielbericht/2740226
[2711551] Could not find attributes for djordje djuric (Fudbalski klub Čukarički Beograd, 2016)
[2711551] Failed to build match row: Fudbalski klub Čukarički Beograd vs Videoton FC
[2864711] Failed to scrape lineup: https://www.transfermarkt.co.uk/spielbericht/index/spielbericht/2864711
[2459807] Failed to scrape lineup: https://www.transfermarkt.co.uk/excelsior-rotterdam_sc-heerenveen/index/spielbericht/2459807
[2917379] Failed to scrape lineup: https://www.transfermarkt.co.uk/spielbericht/index/spielbericht/2917379
[2891512] Failed to scrape lineup: https://www.transfermarkt.co.uk/ae-larisa_ao-xanthi/index/spielbericht/2891512
277
[2331026] Failed to scrape lineup: https://www.transfermarkt.co.uk/stade-reims_olympique-lyon/index/spielbericht/2331026
[3069440] Failed to scrape lineup: https://www.transfermarkt.co.uk/cd-tondela_cd-nacional/index/spielbericht/3069440
Not enough players found for lineup: 0, 0.
[2768404] Failed to scrape lineup: https://www.transfermarkt.co.uk/spielbericht/index/spielbericht/2768404

Keepers & outfield error for **FC Shakhtar Donetsk** in Sportklub Rapid vs FC Shakhtar Donetsk: Numbers: 2 and 9.
[2609564] Failed to build match row: Sportklub Rapid vs FC Shakhtar Donetsk

Keepers & outfield error for **Real Madrid Club de Fútbol** in Valencia Club de Fútbol S. A. D. vs Real Madrid Club de Fútbol: Numbers: 2 and 9.
[2341211] Failed to build match row: Valencia Club de Fútbol S. A. D. vs Real Madrid Club de Fútbol
[3047462] Failed to scrape lineup: https://www.transfermarkt.co.uk/dijon-fco_sm-caen/index/spielbericht/3047462
[2478656] Failed to scrape lineup: https://www.transfermarkt.co.uk/us-sassuolo_juventus-fc/index/spielbericht/2478656
[2602554] Failed to scrape lineup: https://www.transfermarkt.co.uk/spielbericht/index/spielbericht/2602554
[2321973] Failed to scrape lineup: https://www.transfermarkt.co.uk/spielbericht/index/spielbericht/2321973
4793

Keepers & outfield error for **Sporting Clube de Braga** in Sporting Clube de Braga vs Sporting Clube de Portugal: Numbers: 2 and 9.
[2501147] Failed to scrape lineup: https://www.transfermarkt.co.uk/spielbericht/index/spielbericht/2501147
[2721024] Failed to build match row: Sporting Clube de Braga vs Sporting Clube de Portugal

Keepers & outfield error for **Parma Calcio 1913** in Parma Calcio 1913 vs Società Sportiva Calcio Napoli: Numbers: 2 and 9.
[2518692] Could not find attributes for branimir aleksic (AEL Kalloni, 2014)
[3081278] Failed to build match row: Parma Calcio 1913 vs Società Sportiva Calcio Napoli
[2518692] Failed to build match row: AEL Kalloni vs APS Atromitos Athinon
[2740227] Failed to scrape lineup: https://www.transfermarkt.co.uk/spielbericht/index/spielbericht/2740227
[3229370] Failed to scrape lineup: https://www.transfermarkt.co.uk/ssc-napoli_juventus-fc/index/spielbericht/3229370
[2711552] Failed to scrape lineup: https://www.transfermarkt.co.uk/spielbericht/index/spielbericht/2711552
[2700672] Could not find attributes for bersant celina (Football Club Twente, 2016)
[2700672] Failed to build match row: Football Club Twente vs ADO Den Haag
[2581909] Could not find attributes for yanni regasel (Eintracht Frankfurt Fußball AG, 2015)
[2581909] Failed to build match row: Eintracht Frankfurt Fußball AG vs FC Ingolstadt 04
[2864712] Failed to scrape lineup: https://www.transfermarkt.co.uk/spielbericht/index/spielbericht/2864712
[2589828] Could not find attributes for boris kleyman (Beitar Jerusalem, 2015)
[2589828] Failed to build match row: Royal Charleroi Sporting Club vs Beitar Jerusalem
[3077278] Could not find attributes for ben rienstra (Sportclub Heerenveen, 2018)
[3077278] Failed to build match row: Sportclub Heerenveen vs Football Club Utrecht
[2768405] Failed to scrape lineup: https://www.transfermarkt.co.uk/spielbericht/index/spielbericht/2768405
[2459808] Could not find attributes for christian kum (Football Club Utrecht, 2014)
[2459808] Failed to build match row: Football Club Utrecht vs Feyenoord Rotterdam
[2602555] Failed to scrape lineup: https://www.transfermarkt.co.uk/spielbericht/index/spielbericht/2602555
[3135875] Could not find attributes for denis shcherbitskiy (BATE Borisov, 2018)
[3135875] Failed to build match row: Arsenal Football Club vs BATE Borisov
[2341212] Failed to scrape lineup: https://www.transfermarkt.co.uk/real-betis-balompie_rayo-vallecano/index/spielbericht/2341212
[3047463] Failed to scrape lineup: https://www.transfermarkt.co.uk/ea-guingamp_fc-toulouse/index/spielbericht/3047463
Not enough players found for lineup: 0, 0.
[3288627] Failed to scrape lineup: https://www.transfermarkt.co.uk/spielbericht/index/spielbericht/3288627
[3394794] Failed to scrape lineup: https://www.transfermarkt.co.uk/as-saint-etienne_fc-metz/index/spielbericht/3394794
[2891513] Could not find attributes for enea mihaj (Panetolikos Agrinio, 2017)
[2501151] Failed to scrape lineup: https://www.transfermarkt.co.uk/spielbericht/index/spielbericht/2501151
[2891513] Failed to build match row: Panetolikos Agrinio vs Olympiakos Syndesmos Filathlon Peiraios
[2359576] Could not find attributes for keita balde (Società Sportiva Lazio S.p.A., 2013)
[2359576] Failed to build match row: Società Sportiva Lazio S.p.A. vs Bologna Football Club 1909
[2942824] Could not find attributes for jerome roussillon (Montpellier HSC, 2017)
[2942824] Failed to build match row: Montpellier HSC vs Olympique Lyonnais
[2581910] Failed to scrape lineup: https://www.transfermarkt.co.uk/1-fc-koln_fc-schalke-04/index/spielbericht/2581910
[2711553] Failed to scrape lineup: https://www.transfermarkt.co.uk/spielbericht/index/spielbericht/2711553
[2379799] Failed to scrape lineup: https://www.transfermarkt.co.uk/spielbericht/index/spielbericht/2379799
[2577980] Could not find attributes for erik pieters (Stoke City, 2015)
[2577980] Failed to build match row: Aston Villa Football Club vs Stoke City
[2917380] Could not find attributes for boy waterman (APOEL Nicosia, 2017)
[2917380] Failed to build match row: APOEL Nicosia vs Tottenham Hotspur Football Club
[3069441] Could not find attributes for fabio sturgeon (CD Feirense, 2018)
[3069441] Failed to build match row: CD Feirense vs B SAD
[2589829] Failed to scrape lineup: https://www.transfermarkt.co.uk/spielbericht/index/spielbericht/2589829
[2341213] Failed to scrape lineup: https://www.transfermarkt.co.uk/rcd-espanyol-barcelona_real-sociedad/index/spielbericht/2341213
[2602556] Failed to scrape lineup: https://www.transfermarkt.co.uk/spielbericht/index/spielbericht/2602556
[3047464] Failed to scrape lineup: https://www.transfermarkt.co.uk/olympique-lyon_ogc-nice/index/spielbericht/3047464
[2459809] Could not find attributes for desevio payne (Football Club Groningen, 2014)
[3208650] Could not find attributes for diego costa (Club Atlético de Madrid S.A.D., 2019)
[3208650] Failed to build match row: Club Atlético de Madrid S.A.D. vs SD Eibar
[2518693] Could not find attributes for athanasios panteliadis (A.G.S Asteras Tripolis, 2014)
[2609660] Failed to scrape lineup: https://www.transfermarkt.co.uk/angers-sco_sm-caen/index/spielbericht/2609660
[2518693] Failed to build match row: A.G.S Asteras Tripolis vs AOK Kerkyra
[2891514] Failed to scrape lineup: https://www.transfermarkt.co.uk/paok-thessaloniki_panathinaikos-fc/index/spielbericht/2891514
[2501152] Failed to scrape lineup: https://www.transfermarkt.co.uk/spielbericht/index/spielbericht/2501152
[3081280] Failed to scrape lineup: https://www.transfermarkt.co.uk/us-sassuolo_spal/index/spielbericht/3081280

Keepers & outfield error for **FC Paços de Ferreira** in Clube Desportivo de Tondela vs FC Paços de Ferreira: Numbers: 2 and 9.
[2883683] Failed to build match row: Clube Desportivo de Tondela vs FC Paços de Ferreira
[2346222] Could not find attributes for saso fornezzi (Antalyaspor, 2013)
[3229372] Failed to scrape lineup: https://www.transfermarkt.co.uk/hellas-verona_us-lecce/index/spielbericht/3229372
[2346222] Failed to build match row: Antalyaspor vs Çaykur Rizespor Kulübü
[2581911] Could not find attributes for slobodan rajkovic (SV Darmstadt 98, 2015)
Not enough players found for lineup: 0, 0.
[2917381] Failed to scrape lineup: https://www.transfermarkt.co.uk/spielbericht/index/spielbericht/2917381
[2490882] Could not find attributes for pintassilgo (Futebol Clube de Arouca, 2014)
[2581911] Failed to build match row: 1. Fußball- und Sportverein Mainz 05 vs SV Darmstadt 98
[3288673] Failed to scrape lineup: https://www.transfermarkt.co.uk/spielbericht/index/spielbericht/3288673
[2490882] Failed to build match row: Futebol Clube de Arouca vs Sporting Clube de Portugal
[2478657] Could not find attributes for cesare bovo (Torino Calcio, 2014)
[2478657] Failed to build match row: Torino Calcio vs Udinese Calcio
[2640916] Could not find attributes for tomislav kis (KV Kortrijk, 2015)
[2640916] Failed to build match row: KV Kortrijk vs Royal Excel Mouscron (-2022)

Keepers & outfield error for **Association Football Club Bournemouth** in Association Football Club Bournemouth vs Liverpool Football Club: Numbers: 2 and 9.
[3077279] Could not find attributes for lasse schone (AFC Ajax Amsterdam, 2018)
[3098674] Could not find attributes for silvio proto (Società Sportiva Lazio S.p.A., 2018)
[2872285] Failed to build match row: Association Football Club Bournemouth vs Liverpool Football Club
[3077279] Failed to build match row: AFC Ajax Amsterdam vs De Graafschap Doetinchem
[3098674] Failed to build match row: Società Sportiva Lazio S.p.A. vs Apollon Limassol
[2602557] Failed to scrape lineup: https://www.transfermarkt.co.uk/spielbericht/index/spielbericht/2602557
[2589830] Failed to scrape lineup: https://www.transfermarkt.co.uk/spielbericht/index/spielbericht/2589830

Keepers & outfield error for **Boavista FC** in Boavista FC vs Desportivo Aves (- 2020): Numbers: 0 and 11.
[3069442] Failed to build match row: Boavista FC vs Desportivo Aves (- 2020)
[2469994] Could not find attributes for michal kadlec (Fenerbahçe Spor Kulübü, 2014)
[2469994] Failed to build match row: Beşiktaş Jimnastik Kulübü vs Fenerbahçe Spor Kulübü
[2721025] Could not find attributes for ponck (GD Chaves, 2016)
[2721025] Failed to build match row: GD Chaves vs Futebol Clube do Porto

Keepers & outfield error for **Futebol Clube de Arouca** in Futebol Clube de Arouca vs Olympiakos Syndesmos Filathlon Peiraios: Numbers: 2 and 9.
[2740228] Failed to build match row: Futebol Clube de Arouca vs Olympiakos Syndesmos Filathlon Peiraios
[2518694] Failed to scrape lineup: https://www.transfermarkt.co.uk/gs-ergotelis_apo-levadiakos/index/spielbericht/2518694

Keepers & outfield error for **Lyngby Boldklub** in Lyngby Boldklub vs Fodbold Club Nordsjælland: Numbers: 2 and 9.
[3208651] Failed to scrape lineup: https://www.transfermarkt.co.uk/real-betis-balompie_cd-leganes/index/spielbericht/3208651
[2697543] Failed to build match row: Lyngby Boldklub vs Fodbold Club Nordsjælland
[3081281] Failed to scrape lineup: https://www.transfermarkt.co.uk/ss-lazio_udinese-calcio/index/spielbericht/3081281

Keepers & outfield error for **Association sportive de Monaco Football Club** in Association sportive de Monaco Football Club vs GFC Ajaccio: Numbers: 2 and 9.
[2609661] Failed to build match row: Association sportive de Monaco Football Club vs GFC Ajaccio

Keepers & outfield error for **Sporting Clube de Portugal** in Sporting Clube de Portugal vs KF Skënderbeu: Numbers: 0 and 11.
[2618954] Failed to build match row: Sporting Clube de Portugal vs KF Skënderbeu
[2346223] Failed to scrape lineup: https://www.transfermarkt.co.uk/genclerbirligi-ankara_sivasspor/index/spielbericht/2346223
[3229373] Failed to scrape lineup: https://www.transfermarkt.co.uk/brescia-calcio_ac-milan/index/spielbericht/3229373
[3289599] Failed to scrape lineup: https://www.transfermarkt.co.uk/spielbericht/index/spielbericht/3289599
[2501153] Could not find attributes for kristian joensen (Lyngby Boldklub, 2014)
[2335192] Failed to scrape lineup: https://www.transfermarkt.co.uk/volga-nizhniy-novgorod-2016-_cska-moscow/index/spielbericht/2335192
[2891515] Could not find attributes for mladen bozovic (Athlitiki Enosi Larisas, 2017)
[3394796] Could not find attributes for yuto nagatomo (Olympique de Marseille, 2020)
[3077280] Failed to scrape lineup: https://www.transfermarkt.co.uk/fc-groningen_fc-emmen/index/spielbericht/3077280
[2891515] Failed to build match row: Athlitiki Enosi Larisas vs PAS Giannina
[2501153] Failed to build match row: Lyngby Boldklub vs Randers Fodbold Club

Keepers & outfield error for **Moreirense Futebol Clube** in Sporting Clube de Braga vs Moreirense Futebol Clube: Numbers: 3 and 8.
[2490884] Failed to build match row: Sporting Clube de Braga vs Moreirense Futebol Clube
l Club
[2602660] Could not find attributes for andriy pylyavskyi (FC Zorya Lugansk, 2015)
[2602660] Failed to build match row: FC Zorya Lugansk vs FC Shakhtar Donetsk
t/index/spielbericht/2589831
[2740229] Failed to scrape lineup: https://www.transfermarkt.co.uk/spielbericht/index/spielbericht/2740229
[2872286] Failed to scrape lineup: https://www.transfermarkt.co.uk/arsenal-fc_newcastle-united/index/spielbericht/2872286
5
[2711554] Could not find attributes for dmytro bezotosnyi (FK Qabala, 2016)
[2711554] Failed to build match row: FK Qabala vs MTK Budapest
[3208652] Failed to scrape lineup: https://www.transfermarkt.co.uk/rcd-espanyol-barcelona_granada-cf/index/spielbericht/3208652

Keepers & outfield error for **Società Sportiva Calcio Napoli** in Società Sportiva Calcio Napoli vs Verona Hellas Football Club: Numbers: 0 and 11.
[2359578] Failed to build match row: Società Sportiva Calcio Napoli vs Verona Hellas Football Club
[3047466] Failed to scrape lineup: https://www.transfermarkt.co.uk/nimes-olympique_paris-saint-germain/index/spielbericht/3047466
[3229374] Failed to scrape lineup: https://www.transfermarkt.co.uk/uc-sampdoria_us-sassuolo/index/spielbericht/3229374
[2346224] Could not find attributes for mustafa akbas (Trabzonspor Kulübü, 2013)
[2346224] Failed to build match row: Trabzonspor Kulübü vs Fenerbahçe Spor Kulübü
[2581918] Could not find attributes for sambou yatabare (Sportverein Werder Bremen von 1899, 2015)
[2581918] Failed to build match row: FC Bayern München vs Sportverein Werder Bremen von 1899
[2490885] Failed to scrape lineup: https://www.transfermarkt.co.uk/gil-vicente-fc_vitoria-setubal-fc/index/spielbericht/2490885
[2501154] Failed to scrape lineup: https://www.transfermarkt.co.uk/spielbericht/index/spielbericht/2501154
[2721026] Could not find attributes for edson farias (CD Feirense, 2016)
[2711555] Failed to scrape lineup: https://www.transfermarkt.co.uk/spielbericht/index/spielbericht/2711555
[2872287] Failed to scrape lineup: https://www.transfermarkt.co.uk/brighton-amp-hove-albion_burnley-fc/index/spielbericht/2872287
[2335193] Failed to scrape lineup: https://www.transfermarkt.co.uk/kuban-krasnodar-2018-_volga-nizhniy-novgorod-2016-/index/spielbericht/2335193
[3394797] Failed to scrape lineup: https://www.transfermarkt.co.uk/olympique-lyon_rc-strasbourg-alsace/index/spielbericht/3394797
[2721026] Failed to build match row: CD Feirense vs CS Marítimo
[3208653] Failed to scrape lineup: https://www.transfermarkt.co.uk/getafe-cf_deportivo-alaves/index/spielbericht/3208653
[2697545] Failed to scrape lineup: https://www.transfermarkt.co.uk/odense-boldklub_ac-horsens/index/spielbericht/2697545
[2469996] Could not find attributes for engin bekdemir (Çaykur Rizespor Kulübü, 2014)
[2478658] Could not find attributes for dodo (Football Club Internazionale Milano S.p.A., 2014)
[2891516] Could not find attributes for zivko zivkovic (AO Xanthi, 2017)
[2469996] Failed to build match row: Çaykur Rizespor Kulübü vs Kayseri Erciyesspor
[2478658] Failed to build match row: Cesena FC vs Football Club Internazionale Milano S.p.A.
[2891516] Failed to build match row: AO Xanthi vs Panthessalonikios Athlitikos Omilos Konstantinoupoliton
[2482289] Could not find attributes for rod fanni (Olympique de Marseille, 2014)
[2482289] Failed to build match row: Olympique de Marseille vs Lille Olympique Sporting Club
[2346225] Could not find attributes for ersan gulum (Beşiktaş Jimnastik Kulübü, 2013)
[2346225] Failed to build match row: Beşiktaş Jimnastik Kulübü vs Eskisehirspor
[2490886] Failed to scrape lineup: https://www.transfermarkt.co.uk/fc-arouca_cd-nacional/index/spielbericht/2490886
[2872288] Failed to scrape lineup: https://www.transfermarkt.co.uk/chelsea-fc_southampton-fc/index/spielbericht/2872288
[3394798] Failed to scrape lineup: https://www.transfermarkt.co.uk/montpellier-hsc_dijon-fco/index/spielbericht/3394798
[2917383] Failed to scrape lineup: https://www.transfermarkt.co.uk/spielbericht/index/spielbericht/2917383
[2518696] Could not find attributes for danijel pranjic (Panathinaikos Athlitikos Omilos, 2014)
[2697546] Failed to scrape lineup: https://www.transfermarkt.co.uk/aalborg-bk_aarhus-gf/index/spielbericht/2697546
[2609663] Failed to scrape lineup: https://www.transfermarkt.co.uk/losc-lille_ogc-nice/index/spielbericht/2609663
[2518696] Failed to build match row: Panathinaikos Athlitikos Omilos vs PAS Giannina
[2602661] Could not find attributes for bogdan shust (Volyn Lutsk, 2015)
[2602661] Failed to build match row: Volyn Lutsk vs Goverla Uzhgorod (- 2016)
[2942826] Failed to scrape lineup: https://www.transfermarkt.co.uk/olympique-marseille_fc-nantes/index/spielbericht/2942826
[2589832] Could not find attributes for ivan mena (Skonto Riga, 2015)
[2899718] Failed to scrape lineup: https://www.transfermarkt.co.uk/sd-eibar_girona-fc/index/spielbericht/2899718
[2589832] Failed to build match row: Skonto Riga vs Debreceni VSC
[3077283] Failed to scrape lineup: https://www.transfermarkt.co.uk/vvv-venlo_pec-zwolle/index/spielbericht/3077283
[2459811] Could not find attributes for orlando engelaar (Football Club Twente, 2014)

Keepers & outfield error for **Levante Unión Deportiva S.A.D.** in Levante Unión Deportiva S.A.D. vs Real Valladolid CF: Numbers: 0 and 11.
[3208654] Failed to build match row: Levante Unión Deportiva S.A.D. vs Real Valladolid CF

Keepers & outfield error for **Sport Lisboa e Benfica** in Sport Lisboa e Benfica vs Galatasaray Spor Kulübü: Numbers: 2 and 9.
[2459811] Failed to build match row: Willem II Tilburg vs Football Club Twente
[2917384] Failed to scrape lineup: https://www.transfermarkt.co.uk/spielbericht/index/spielbericht/2917384
[3211774] Could not find attributes for yuriy pankiv (FC Oleksandriya, 2019)
[3135876] Failed to build match row: Sport Lisboa e Benfica vs Galatasaray Spor Kulübü
[3211774] Failed to build match row: FC Oleksandriya vs FC Shakhtar Donetsk
[2697547] Failed to scrape lineup: https://www.transfermarkt.co.uk/brondby-if_fc-copenhagen/index/spielbericht/2697547

Keepers & outfield error for **Vitória Sport Clube** in Vitória Sport Clube vs Royal Standard Club de Liège: Numbers: 0 and 11.
[3252520] Failed to build match row: Vitória Sport Clube vs Royal Standard Club de Liège
Not enough players found for lineup: 0, 11.
[2609664] Failed to scrape lineup: https://www.transfermarkt.co.uk/montpellier-hsc_fc-girondins-bordeaux/index/spielbericht/2609664
[2335194] Could not find attributes for artem radkov (RFK Akhmat Grozny, 2013)
[2335194] Failed to build match row: RFK Akhmat Grozny vs PFK Krylya Sovetov Samara
[2501170] Failed to scrape lineup: https://www.transfermarkt.co.uk/spielbericht/index/spielbericht/2501170
[2740231] Could not find attributes for vladimir kovacevic (Fudbalski Klub Vojvodina, 2016)
[2740231] Failed to build match row: Fudbalski Klub Vojvodina vs Alkmaar Zaanstreek
[2602662] Failed to scrape lineup: https://www.transfermarkt.co.uk/fc-oleksandriya_vorskla-poltava/index/spielbericht/2602662
[3394799] Could not find attributes for jimmy cabot (Angers Sporting Club de l'Ouest, 2020)

Keepers & outfield error for **Association sportive de Monaco Football Club** in Football Club de Metz vs Association sportive de Monaco Football Club: Numbers: 2 and 9.
[2478659] Could not find attributes for mauricio pinilla (Genoa Cricket and Football Club, 2014)
[3394799] Failed to build match row: Olympique Gymnaste Club Nice Côte d'Azur vs Angers Sporting Club de l'Ouest
[2482290] Failed to build match row: Football Club de Metz vs Association sportive de Monaco Football Club
[2469997] Could not find attributes for yekta kurtulus (Galatasaray Spor Kulübü, 2014)
[2478659] Failed to build match row: Chievo Verona vs Genoa Cricket and Football Club

Keepers & outfield error for **UD Almería** in UD Almería vs Espanol: Numbers: 0 and 11.
[2469997] Failed to build match row: Galatasaray Spor Kulübü vs Kasımpaşa A.Ş.
[2341215] Failed to build match row: UD Almería vs Espanol
[2700674] Could not find attributes for shay facey (Sportclub Heerenveen, 2016)
[2700674] Failed to build match row: Roda JC Kerkrade vs Sportclub Heerenveen
[2768406] Could not find attributes for Hugo Marques (SC Covilhã, 2016)
[2768406] Failed to build match row: FC Penafiel vs SC Covilhã
[3077284] Failed to scrape lineup: https://www.transfermarkt.co.uk/fortuna-sittard_fc-groningen/index/spielbericht/3077284
[2589833] Failed to scrape lineup: https://www.transfermarkt.co.uk/spielbericht/index/spielbericht/2589833

Keepers & outfield error for **Olympiakos Syndesmos Filathlon Peiraios** in Olympiakos Syndesmos Filathlon Peiraios vs Apollon Smyrnis: Numbers: 2 and 9.
[2891517] Failed to build match row: Olympiakos Syndesmos Filathlon Peiraios vs Apollon Smyrnis
[3289601] Failed to scrape lineup: https://www.transfermarkt.co.uk/spielbericht/index/spielbericht/3289601
[2864713] Could not find attributes for lasse schluter (FC Energie Cottbus, 2017)
[2864713] Failed to build match row: FC Energie Cottbus vs Verein für Bewegungsspiele Stuttgart 1893
[2501171] Failed to scrape lineup: https://www.transfermarkt.co.uk/spielbericht/index/spielbericht/2501171
[2609665] Failed to scrape lineup: https://www.transfermarkt.co.uk/olympique-marseille_ea-guingamp/index/spielbericht/2609665
[3081282] Failed to scrape lineup: https://www.transfermarkt.co.uk/udinese-calcio_bologna-fc-1909/index/spielbericht/3081282
[2618955] Failed to scrape lineup: https://www.transfermarkt.co.uk/spielbericht/index/spielbericht/2618955
[2602663] Failed to scrape lineup: https://www.transfermarkt.co.uk/olimpik-donetsk_dnipro-dnipropetrovsk-2020-/index/spielbericht/2602663
[2518697] Could not find attributes for georgios kousas (Panetolikos Agrinio, 2014)
[2518697] Failed to build match row: Panetolikos Agrinio vs Veria NPS
[3394800] Failed to scrape lineup: https://www.transfermarkt.co.uk/fc-lorient_stade-reims/index/spielbericht/3394800
[2482291] Failed to scrape lineup: https://www.transfermarkt.co.uk/paris-saint-germain_montpellier-hsc/index/spielbericht/2482291
[2711556] Could not find attributes for artjom dmitrijev (Kalju FC, 2016)
[2478660] Failed to scrape lineup: https://www.transfermarkt.co.uk/fc-empoli_cagliari-calcio/index/spielbericht/2478660
[2711556] Failed to build match row: Kalju FC vs Maccabi Haifa

Keepers & outfield error for **Elche Club de Fútbol S.A.D.** in Futbol Club Barcelona vs Elche Club de Fútbol S.A.D.: Numbers: 0 and 11.
[2341216] Failed to build match row: Futbol Club Barcelona vs Elche Club de Fútbol S.A.D.
[3077285] Could not find attributes for ben rienstra (Sportclub Heerenveen, 2018)
[3077285] Failed to build match row: Nooit Opgeven Altijd Doorzetten Aangenaam Door Vermaak En Nuttig Door Ontspanning Combinatie Breda vs Sportclub Heerenveen
[2891518] Failed to scrape lineup: https://www.transfermarkt.co.uk/panionios-athens_ao-platanias/index/spielbericht/2891518
[2346234] Could not find attributes for sereno (Kayserispor Kulübü, 2013)
[2346234] Failed to build match row: Kayserispor Kulübü vs Bursaspor
[2864714] Failed to scrape lineup: https://www.transfermarkt.co.uk/spielbericht/index/spielbericht/2864714

Keepers & outfield error for **Sporting Clube de Braga** in Sporting Clube de Braga vs Rio Ave Futebol Clube: Numbers: 0 and 11.
[3069443] Failed to build match row: Sporting Clube de Braga vs Rio Ave Futebol Clube

Keepers & outfield error for **Vitória Setúbal FC** in Vitória Setúbal FC vs Académica Coimbra: Numbers: 2 and 9.
[2490887] Failed to build match row: Vitória Setúbal FC vs Académica Coimbra
[3211775] Could not find attributes for roman pidkivka (Karpaty Lviv (-2021), 2019)
[3211775] Failed to build match row: Karpaty Lviv (-2021) vs Futbolniy Klub Dynamo Kyiv

Keepers & outfield error for **Club Atlético River Plate** in Club Atlético River Plate vs Al-Ain FC: Numbers: 2 and 9.
[3136248] Failed to build match row: Club Atlético River Plate vs Al-Ain FC
[3222658] Could not find attributes for omar migineishvili (Iberia 1999 Tbilisi, 2019)
[3222658] Failed to build match row: Iberia 1999 Tbilisi vs GNK Dinamo Zagreb
[3252522] Failed to scrape lineup: https://www.transfermarkt.co.uk/spielbericht/index/spielbericht/3252522
[2700675] Could not find attributes for jordy croux (Willem II Tilburg, 2016)
[2341217] Could not find attributes for joseba zaldua (Real Sociedad de Fútbol S.A.D., 2013)
[2700675] Failed to build match row: Willem II Tilburg vs Excelsior Rotterdam
[2341217] Failed to build match row: Real Sociedad de Fútbol S.A.D. vs Celta
[2581921] Failed to scrape lineup: https://www.transfermarkt.co.uk/borussia-monchengladbach_eintracht-frankfurt/index/spielbericht/2581921
[2482292] Could not find attributes for david ngog (Stade Reims, 2014)
[2891519] Failed to scrape lineup: https://www.transfermarkt.co.uk/pas-giannina_pas-lamia-1964/index/spielbericht/2891519
[2482292] Failed to build match row: Rennes vs Stade Reims
[3052578] Could not find attributes for evgeniy osipov (FK Trakai, 2018)
Not enough players found for lineup: 0, 0.
[2609666] Could not find attributes for mouhamadou dabo (ESTAC Troyes, 2015)
[3052578] Failed to build match row: FK Trakai vs Cefn Druids
[2501173] Failed to scrape lineup: https://www.transfermarkt.co.uk/spielbericht/index/spielbericht/2501173
[2609666] Failed to build match row: Olympique Lyonnais vs ESTAC Troyes
[2346235] Failed to build match row: Sivasspor vs Trabzonspor Kulübü

Keepers & outfield error for **Clube Desportivo Santa Clara** in Clube Desportivo Santa Clara vs Rio Ave Futebol Clube: Numbers: 0 and 11.
[3211776] Failed to build match row: Clube Desportivo Santa Clara vs Rio Ave Futebol Clube
[2721027] Could not find attributes for lionn (Rio Ave Futebol Clube, 2016)
[2740232] Could not find attributes for jiri pavlenka (SK Slavia Praha, a.s., 2016)

Keepers & outfield error for **Palermo FC** in Juventus Football Club vs Palermo FC: Numbers: 0 and 11.
[2721027] Failed to build match row: Clube Desportivo Nacional vs Rio Ave Futebol Clube
[2478661] Failed to build match row: Juventus Football Club vs Palermo FC
g Club Anderlecht

Keepers & outfield error for **Genoa Cricket and Football Club** in Torino Calcio vs Genoa Cricket and Football Club: Numbers: 0 and 11.
[3289602] Failed to build match row: Torino Calcio vs Genoa Cricket and Football Club
[3136249] Failed to scrape lineup: https://www.transfermarkt.co.uk/spielbericht/index/spielbericht/3136249
[3222659] Failed to scrape lineup: https://www.transfermarkt.co.uk/spielbericht/index/spielbericht/3222659
[2379801] Could not find attributes for jak mccourt (Torquay United, 2013)
[2379801] Failed to build match row: Torquay United vs Rochdale AFC
[2768407] Could not find attributes for Tafsir Chérif (Rio Ave Futebol Clube, 2016)
[2768407] Failed to build match row: Rio Ave Futebol Clube vs GD Chaves

Keepers & outfield error for **EA Guingamp** in Angers Sporting Club de l'Ouest vs EA Guingamp: Numbers: 2 and 9.
[2469998] Could not find attributes for didier zokora (Akhisarspor, 2014)
[2469998] Failed to build match row: Akhisarspor vs Trabzonspor Kulübü
[2942828] Failed to build match row: Angers Sporting Club de l'Ouest vs EA Guingamp
[2518698] Could not find attributes for georgios athanasiadis (Panthrakikos Komotini, 2014)
[2518698] Failed to build match row: Panthrakikos Komotini vs AO Xanthi
[2331032] Failed to scrape lineup: https://www.transfermarkt.co.uk/fc-nantes_olympique-lyon/index/spielbericht/2331032
[2602664] Could not find attributes for oleksandr shovkovskyi (Futbolniy Klub Dynamo Kyiv, 2015)
[2602664] Failed to build match row: Futbolniy Klub Dynamo Kyiv vs Metalist Kharkiv (- 2016)

Keepers & outfield error for **Vitória Sport Clube** in Vitória Sport Clube vs CF Os Belenenses: Numbers: 3 and 8.
[2490888] Failed to build match row: Vitória Sport Clube vs CF Os Belenenses
[2864715] Could not find attributes for matthias strohmaier (1.FC Schweinfurt 05, 2017)
[2864715] Failed to build match row: 1.FC Schweinfurt 05 vs SV Sandhausen
[2917386] Could not find attributes for rashad sadyqov (Qarabağ FK, 2017)
[3289603] Failed to scrape lineup: https://www.transfermarkt.co.uk/spielbericht/index/spielbericht/3289603
[2482293] Failed to scrape lineup: https://www.transfermarkt.co.uk/as-saint-etienne_fc-evian-thonon-gaillard/index/spielbericht/2482293
[2917386] Failed to build match row: Qarabağ FK vs Associazione Sportiva Roma
[3252523] Could not find attributes for vadim karpov (PFK CSKA Moskva, 2019)
[3252523] Failed to build match row: PFK CSKA Moskva vs Ludogorets Razgrad

Keepers & outfield error for **Cagliari Calcio** in Cagliari Calcio vs Delfino Pescara 1936: Numbers: 0 and 11.
[3208657] Failed to scrape lineup: https://www.transfermarkt.co.uk/valencia-cf_rcd-mallorca/index/spielbericht/3208657
[2721028] Failed to scrape lineup: https://www.transfermarkt.co.uk/vitoria-guimaraes-sc_fc-arouca/index/spielbericht/2721028
[3211777] Failed to scrape lineup: https://www.transfermarkt.co.uk/gil-vicente-fc_b-sad/index/spielbericht/3211777
[2726809] Failed to build match row: Cagliari Calcio vs Delfino Pescara 1936

Keepers & outfield error for **Sport Lisboa e Benfica** in Sport Lisboa e Benfica vs Futebol Clube do Porto: Numbers: 2 and 9.
[2700676] Failed to scrape lineup: https://www.transfermarkt.co.uk/sparta-rotterdam_nec-nijmegen/index/spielbericht/2700676
[3069444] Failed to build match row: Sport Lisboa e Benfica vs Futebol Clube do Porto
[2577983] Could not find attributes for christian fuchs (Leicester City, 2015)
[2577983] Failed to build match row: Southampton FC vs Leicester City
[2459813] Could not find attributes for brahim darri (Heracles Almelo, 2014)
[2469999] Failed to scrape lineup: https://www.transfermarkt.co.uk/gaziantepspor_mersin-idmanyurdu/index/spielbericht/2469999
[2602665] Failed to scrape lineup: https://www.transfermarkt.co.uk/karpaty-lviv_metalurg-zaporizhya-2016-/index/spielbericht/2602665
[2589835] Could not find attributes for vladimir bushma (Shakhter Soligorsk, 2015)
[2459813] Failed to build match row: Heracles Almelo vs Vitesse Arnhem
[2589835] Failed to build match row: Shakhter Soligorsk vs RZ Pellets Wolfsberger Athletiksport Club
[2618957] Could not find attributes for ibrahim sehic (Qarabağ FK, 2015)
[2618957] Failed to build match row: Association sportive de Monaco Football Club vs Qarabağ FK
[2518699] Could not find attributes for nikolaos papadopoulos (Panionios Athens, 2014)
[2518699] Failed to build match row: Panionios Athens vs Panthessalonikios Athlitikos Omilos Konstantinoupoliton
Not enough players found for lineup: 0, 0.
[2501174] Failed to scrape lineup: https://www.transfermarkt.co.uk/spielbericht/index/spielbericht/2501174
[2335196] Could not find attributes for felicio brown (PFK Krylya Sovetov Samara, 2013)
[2335196] Failed to build match row: PFK Krylya Sovetov Samara vs FK Dinamo Moskva

Keepers & outfield error for **Lyngby Boldklub** in Randers Fodbold Club vs Lyngby Boldklub: Numbers: 2 and 9.
[2697550] Failed to build match row: Randers Fodbold Club vs Lyngby Boldklub
[2740233] Could not find attributes for fernandao (Fenerbahçe Spor Kulübü, 2016)
[2740233] Failed to build match row: Fenerbahçe Spor Kulübü vs Grasshopper Club Zürich

Keepers & outfield error for **Paris Saint-Germain Football Club** in Paris Saint-Germain Football Club vs SC Bastia: Numbers: 2 and 9.
[2346236] Could not find attributes for boy waterman (Kardemir Karabükspor, 2013)
[2891520] Could not find attributes for nikolaos giannakopoulos (AOK Kerkyra, 2017)
[2609667] Failed to build match row: Paris Saint-Germain Football Club vs SC Bastia

Keepers & outfield error for **Sport Lisboa e Benfica** in Sporting Clube de Portugal vs Sport Lisboa e Benfica: Numbers: 2 and 9.
[2346236] Failed to build match row: Kardemir Karabükspor vs Galatasaray Spor Kulübü
[2864716] Could not find attributes for ricco cymer (1.FC Saarbrücken, 2017)
[2891520] Failed to build match row: Athlitiki Enosi Konstantinoupoleos vs AOK Kerkyra
[2490889] Failed to build match row: Sporting Clube de Portugal vs Sport Lisboa e Benfica
[2864716] Failed to build match row: 1.FC Saarbrücken vs 1. Fußballclub Union Berlin

Keepers & outfield error for **Levante Unión Deportiva S.A.D.** in Futbol Club Barcelona vs Levante Unión Deportiva S.A.D.: Numbers: 2 and 9.
[2899719] Failed to build match row: Futbol Club Barcelona vs Levante Unión Deportiva S.A.D.

Keepers & outfield error for **Portimonense SC** in Portimonense SC vs Sporting Clube de Portugal: Numbers: 2 and 9.
[3069445] Failed to build match row: Portimonense SC vs Sporting Clube de Portugal
[2769068] Could not find attributes for stuart malcolm (Forfar Athletic FC, 2016)
[2769068] Failed to build match row: Forfar Athletic FC vs Edinburgh City FC
[2482294] Could not find attributes for thibault giresse (EA Guingamp, 2014)
[2482294] Failed to build match row: Toulouse Football Club vs EA Guingamp
[2581923] Could not find attributes for younes belhanda (FC Schalke 04, 2015)
[2581923] Failed to build match row: Hertha BSC vs FC Schalke 04
[3222660] Could not find attributes for keston davies (The New Saints, 2019)

Keepers & outfield error for **Club Atlético Osasuna** in Club Atlético Osasuna vs UD Almería: Numbers: 0 and 11.
[3222660] Failed to build match row: The New Saints vs Football Club København
[2341219] Failed to build match row: Club Atlético Osasuna vs UD Almería
[2470000] Could not find attributes for kaan kanak (Eskisehirspor, 2014)
[2470000] Failed to build match row: Eskisehirspor vs Balikesirspor

Keepers & outfield error for **Sporting Clube de Braga** in Sporting Clube de Braga vs Clube Desportivo de Tondela: Numbers: 0 and 11.
[3052580] Could not find attributes for visar bekaj (FC Prishtina, 2018)
ortivo de Tondela
[2602666] Could not find attributes for dmytro bezruk (Chornomorets Odesa, 2015)
[2602666] Failed to build match row: Chornomorets Odesa vs PFK Stal Kamyanske (-2018)
[2917387] Could not find attributes for fabio coentrao (Sporting Clube de Portugal, 2017)
[2917387] Failed to build match row: Sporting Clube de Portugal vs Futbol Club Barcelona
[3289604] Could not find attributes for mato jajalo (Udinese Calcio, 2019)
[3289604] Failed to build match row: Juventus Football Club vs Udinese Calcio
[2341220] Failed to scrape lineup: https://www.transfermarkt.co.uk/celta-de-vigo_ud-almeria/index/spielbericht/2341220
[2478662] Failed to scrape lineup: https://www.transfermarkt.co.uk/ss-lazio_torino-fc/index/spielbericht/2478662
[2740234] Could not find attributes for joaozinho (FK Krasnodar, 2016)
[2740234] Failed to build match row: FK Krasnodar vs FK Partizani
[2609668] Could not find attributes for antoine devaux (Stade Reims, 2015)
[2518700] Could not find attributes for kevin olimpa (AO Platanias, 2014)
[2518700] Failed to build match row: AO Platanias vs Olympiakos Syndesmos Filathlon Peiraios
[2609668] Failed to build match row: Stade Reims vs Toulouse Football Club

Keepers & outfield error for **Grupo Desportivo Estoril Praia** in Grupo Desportivo Estoril Praia vs Sporting Clube de Braga: Numbers: 3 and 8.
[2490890] Failed to build match row: Grupo Desportivo Estoril Praia vs Sporting Clube de Braga
[2891521] Could not find attributes for clevid dikamona (AO Platanias, 2017)
[2891521] Failed to build match row: AO Platanias vs APS Atromitos Athinon
[3098675] Could not find attributes for caner erkin (Beşiktaş Jimnastik Kulübü, 2018)
[3098675] Failed to build match row: Beşiktaş Jimnastik Kulübü vs Sarpsborg 08 Fotballforening
[2942831] Failed to scrape lineup: https://www.transfermarkt.co.uk/ea-guingamp_ogc-nice/index/spielbericht/2942831
[3047469] Could not find attributes for yannis salibur (AS Saint-Étienne, 2018)
[3047469] Failed to build match row: AS Saint-Étienne vs Amiens SC

Keepers & outfield error for **Real Betis Balompié S.A.D.** in Real Betis Balompié S.A.D. vs Athletic Club Bilbao: Numbers: 0 and 11.
[2899720] Failed to build match row: Real Betis Balompié S.A.D. vs Athletic Club Bilbao

Keepers & outfield error for **West Ham United Football Club** in Stoke City vs West Ham United Football Club: Numbers: 0 and 11.
[2872292] Failed to build match row: Stoke City vs West Ham United Football Club
[2359580] Could not find attributes for leandro rinaudo (US Livorno 1915, 2013)
[2359580] Failed to build match row: Parma Calcio 1913 vs US Livorno 1915
[2640917] Could not find attributes for sambou yatabare (Royal Standard Club de Liège, 2015)
[2640917] Failed to build match row: Royal Standard Club de Liège vs Club Brugge Koninklijke Voetbalvereniging
[2917388] Could not find attributes for dimitrios nikolaou (Olympiakos Syndesmos Filathlon Peiraios, 2017)
[2501175] Could not find attributes for dimitrios toskas (Iraklis Thessaloniki, 2014)
[2917388] Failed to build match row: Juventus Football Club vs Olympiakos Syndesmos Filathlon Peiraios
[2501175] Failed to build match row: Iraklis Thessaloniki vs PAS Lamia 1964
[2459814] Failed to scrape lineup: https://www.transfermarkt.co.uk/ado-den-haag_sc-heerenveen/index/spielbericht/2459814
[3199443] Could not find attributes for jimmy briand (FC Girondins Bordeaux, 2019)

Keepers & outfield error for **Club Atlético Osasuna** in Valencia Club de Fútbol S. A. D. vs Club Atlético Osasuna: Numbers: 0 and 11.
[3199443] Failed to build match row: Toulouse Football Club vs FC Girondins Bordeaux
[2711557] Could not find attributes for bojan saranov (Fudbalski Klub Partizan Beograd, 2016)
[2700679] Failed to scrape lineup: https://www.transfermarkt.co.uk/heracles-almelo_ajax-amsterdam/index/spielbericht/2700679
[2341221] Failed to build match row: Valencia Club de Fútbol S. A. D. vs Club Atlético Osasuna
[2335198] Could not find attributes for andrey pridyuk (Amkar Perm, 2013)
[2711557] Failed to build match row: Zagłębie Lubin Spółka Akcyjna vs Fudbalski Klub Partizan Beograd
[2335198] Failed to build match row: Amkar Perm vs Kuban Krasnodar (-2018)
[3069455] Could not find attributes for fabio coentrao (Rio Ave Futebol Clube, 2018)
[3069455] Failed to build match row: Rio Ave Futebol Clube vs GD Chaves
[3136364] Could not find attributes for sulayman marreh (KAS Eupen, 2018)
[3136364] Failed to build match row: Cercle Brugge Koninklijke Sportvereniging vs KAS Eupen

Keepers & outfield error for **Gil Vicente Futebol Clube** in CS Marítimo vs Gil Vicente Futebol Clube: Numbers: 5 and 6.
[2490891] Failed to build match row: CS Marítimo vs Gil Vicente Futebol Clube
[2459815] Could not find attributes for wout brama (Prins Hendrik Ende Desespereert Nimmer Combinatie Zwolle, 2014)
[2640918] Could not find attributes for meme tchite (St Truiden, 2015)
[2459815] Failed to build match row: Prins Hendrik Ende Desespereert Nimmer Combinatie Zwolle vs SC Cambuur Leeuwarden
[2640918] Failed to build match row: St Truiden vs Koninklijke Atletiek Associatie Gent
[2478663] Could not find attributes for ignazio abate (Associazione Calcio Milan, 2014)
[2478663] Failed to build match row: Associazione Calcio Milan vs Associazione Calcio Fiorentina
[2379802] Could not find attributes for nick hamann (Braintree Town, 2013)
[2379802] Failed to build match row: Braintree Town vs Newport County
[2700680] Failed to scrape lineup: https://www.transfermarkt.co.uk/ado-den-haag_sc-heerenveen/index/spielbericht/2700680
[2740235] Could not find attributes for emre belozoglu (İstanbul Başakşehir Futbol Kulübü, 2016)
[2740235] Failed to build match row: İstanbul Başakşehir Futbol Kulübü vs FC Shakhtar Donetsk
[2470002] Could not find attributes for marcio mossoro (İstanbul Başakşehir Futbol Kulübü, 2014)
[2872293] Could not find attributes for etienne capoue (Watford FC, 2017)
[2769069] Could not find attributes for jamie barclay (East Stirlingshire FC, 2016)
[2872293] Failed to build match row: Watford FC vs Huddersfield Town
[2470002] Failed to build match row: Gençlerbirliği Spor Kulübü vs İstanbul Başakşehir Futbol Kulübü
[2769069] Failed to build match row: East Stirlingshire FC vs Annan Athletic FC
[2618959] Could not find attributes for ricardo ferreira (Sporting Clube de Braga, 2015)
[2618959] Failed to build match row: Olympique de Marseille vs Sporting Clube de Braga
[2581925] Could not find attributes for daniel schwaab (Verein für Bewegungsspiele Stuttgart 1893, 2015)
[2711558] Could not find attributes for iliya milanov (Beroe Stara Zagora, 2016)
[2711558] Failed to build match row: HJK Helsinki vs Beroe Stara Zagora
[2581925] Failed to build match row: FC Ingolstadt 04 vs Verein für Bewegungsspiele Stuttgart 1893

Keepers & outfield error for **Futebol Clube do Porto** in Futebol Clube do Porto vs CD Feirense: Numbers: 2 and 9.
Not enough players found for lineup: 0, 0.
[3069456] Failed to build match row: Futebol Clube do Porto vs CD Feirense
[2501176] Failed to scrape lineup: https://www.transfermarkt.co.uk/spielbericht/index/spielbericht/2501176
[3252524] Could not find attributes for abraham frimpong (Ferencvárosi TC, 2019)
[2917390] Failed to scrape lineup: https://www.transfermarkt.co.uk/spielbericht/index/spielbericht/2917390
[3252524] Failed to build match row: Ferencvárosi TC vs Espanol
[2602667] Could not find attributes for vyacheslav checher (FC Zorya Lugansk, 2015)
[2602667] Failed to build match row: FC Zorya Lugansk vs Metalurg Zaporizhya (-2016)
[2321974] Could not find attributes for glenn zammit (Sliema Wanderers, 2013)
[2321974] Failed to build match row: Sliema Wanderers vs Xäzär Länkäran
[2524024] Could not find attributes for wout brama (Prins Hendrik Ende Desespereert Nimmer Combinatie Zwolle, 2014)
[2524024] Failed to build match row: SC Cambuur Leeuwarden vs Prins Hendrik Ende Desespereert Nimmer Combinatie Zwolle
[2331034] Could not find attributes for kamil grosicki (Rennes, 2013)
[2864717] Could not find attributes for florian eggert (Germania Halberstadt, 2017)
[2864717] Failed to build match row: Germania Halberstadt vs Sport-Club Freiburg
[2331034] Failed to build match row: AC Ajaccio vs Rennes
[2379803] Failed to scrape lineup: https://www.transfermarkt.co.uk/spielbericht/index/spielbericht/2379803
[3289606] Could not find attributes for georgi tunjov (SPAL, 2019)
[3289606] Failed to build match row: Associazione Calcio Milan vs SPAL
[3211780] Could not find attributes for carlinhos (Vitória Setúbal FC, 2019)
[3211780] Failed to build match row: Vitória Setúbal FC vs Sporting Clube de Portugal
[2501177] Failed to scrape lineup: https://www.transfermarkt.co.uk/spielbericht/index/spielbericht/2501177
[3252525] Failed to scrape lineup: https://www.transfermarkt.co.uk/spielbericht/index/spielbericht/3252525

Keepers & outfield error for **Rio Ave Futebol Clube** in Boavista FC vs Rio Ave Futebol Clube: Numbers: 0 and 11.
[2490892] Failed to build match row: Boavista FC vs Rio Ave Futebol Clube

Keepers & outfield error for **Verona Hellas Football Club** in Società Sportiva Calcio Napoli vs Verona Hellas Football Club: Numbers: 0 and 11.
[2478664] Failed to build match row: Società Sportiva Calcio Napoli vs Verona Hellas Football Club
[2740236] Could not find attributes for damir kahriman (Fudbalski klub Crvena zvezda Beograd, 2016)
[2740236] Failed to build match row: Unione Sportiva Sassuolo Calcio vs Fudbalski klub Crvena zvezda Beograd
[2700681] Could not find attributes for samuel armenteros (Heracles Almelo, 2016)
[2769072] Could not find attributes for stuart knight (Forres Mechanics FC, 2016)
[2700681] Failed to build match row: Football Club Groningen vs Heracles Almelo
[2769072] Failed to build match row: Forres Mechanics FC vs Cumbernauld Colts FC
[2618960] Could not find attributes for hedwiges maduro (Football Club Groningen, 2015)

Keepers & outfield error for **Genoa Cricket and Football Club** in Genoa Cricket and Football Club vs Frosinone Calcio: Numbers: 2 and 9.
[2618960] Failed to build match row: Football Club Groningen vs FC Slovan Liberec
[3081285] Failed to build match row: Genoa Cricket and Football Club vs Frosinone Calcio
[2721030] Could not find attributes for lionn (Rio Ave Futebol Clube, 2016)
[2711559] Could not find attributes for kaspars ikstens (FK Jelgava, 2016)
[2721030] Failed to build match row: Rio Ave Futebol Clube vs Sport Lisboa e Benfica
[2711559] Failed to build match row: FK Jelgava vs Slovan Bratislava

Keepers & outfield error for **KV Oostende** in Royal Sporting Club Anderlecht vs KV Oostende: Numbers: 2 and 9.
[2640919] Failed to build match row: Royal Sporting Club Anderlecht vs KV Oostende
[2883685] Failed to scrape lineup: https://www.transfermarkt.co.uk/yeni-malatyaspor_antalyaspor/index/spielbericht/2883685
[3199444] Failed to scrape lineup: https://www.transfermarkt.co.uk/stade-brestois-29_fc-metz/index/spielbericht/3199444
[2359581] Could not find attributes for giovanni marchese (Genoa Cricket and Football Club, 2013)
[2359581] Failed to build match row: Genoa Cricket and Football Club vs Associazione Sportiva Roma
[3136365] Could not find attributes for mbaye leye (Royal Excel Mouscron (-2022), 2018)
[3136365] Failed to build match row: Royal Antwerp Football Club vs Royal Excel Mouscron (-2022)
[3290295] Could not find attributes for nikolaos korovesis (Omilos Filathlon Irakliou FC, 2019)
[3290295] Failed to build match row: Omilos Filathlon Irakliou FC vs Aris Thessalonikis
[2740237] Could not find attributes for predrag rajkovic (Maccabi Tel Aviv, 2016)
[2740237] Failed to build match row: Maccabi Tel Aviv vs HNK Hajduk Split
[3252526] Failed to scrape lineup: https://www.transfermarkt.co.uk/spielbericht/index/spielbericht/3252526
[2524026] Failed to scrape lineup: https://www.transfermarkt.co.uk/spielbericht/index/spielbericht/2524026
[2711560] Failed to scrape lineup: https://www.transfermarkt.co.uk/spielbericht/index/spielbericht/2711560
[2721031] Could not find attributes for bakary bouba sare (Moreirense Futebol Clube, 2016)
[2721031] Failed to build match row: Moreirense Futebol Clube vs Sporting Clube de Braga
[2335199] Could not find attributes for artem radkov (RFK Akhmat Grozny, 2013)
[2335199] Failed to build match row: PFK CSKA Moskva vs RFK Akhmat Grozny
[2379804] Could not find attributes for nat brown (Lincoln City, 2013)
[2379804] Failed to build match row: Lincoln City vs Plymouth Argyle

Keepers & outfield error for **FC Penafiel** in FC Paços de Ferreira vs FC Penafiel: Numbers: 2 and 9.
[2490893] Failed to build match row: FC Paços de Ferreira vs FC Penafiel
[3199445] Could not find attributes for timothee kolodziejczak (AS Saint-Étienne, 2019)
[3199445] Failed to build match row: AS Saint-Étienne vs Olympique Lyonnais
[3229381] Failed to scrape lineup: https://www.transfermarkt.co.uk/uc-sampdoria_ssc-napoli/index/spielbericht/3229381
[3069457] Could not find attributes for chiquinho (Moreirense Futebol Clube, 2018)
[3069457] Failed to build match row: Moreirense Futebol Clube vs CS Marítimo
[2640920] Could not find attributes for danijel milicevic (Koninklijke Atletiek Associatie Gent, 2015)
[2640920] Failed to build match row: Koninklijke Atletiek Associatie Gent vs KV Kortrijk
[2470004] Failed to scrape lineup: https://www.transfermarkt.co.uk/gaziantepspor_akhisar-belediyespor/index/spielbericht/2470004
[2459817] Failed to scrape lineup: https://www.transfermarkt.co.uk/feyenoord-rotterdam_nac-breda/index/spielbericht/2459817
[3136366] Failed to scrape lineup: https://www.transfermarkt.co.uk/kv-kortrijk_sv-zulte-waregem/index/spielbericht/3136366
[2891522] Could not find attributes for zivko zivkovic (AO Xanthi, 2017)
[2891522] Failed to build match row: AO Xanthi vs Panathinaikos Athlitikos Omilos
[2602668] Failed to scrape lineup: https://www.transfermarkt.co.uk/fc-oleksandriya_shakhtar-donetsk/index/spielbericht/2602668
[2590403] Could not find attributes for ryan donk (Kasımpaşa A.Ş., 2015)
[2321975] Failed to scrape lineup: https://www.transfermarkt.co.uk/spielbericht/index/spielbericht/2321975
[2590403] Failed to build match row: Kasımpaşa A.Ş. vs İstanbul Başakşehir Futbol Kulübü
[3252527] Failed to scrape lineup: https://www.transfermarkt.co.uk/spielbericht/index/spielbericht/3252527
[2883687] Could not find attributes for leandrinho (Sivasspor, 2017)
[2883687] Failed to build match row: Galatasaray Spor Kulübü vs Sivasspor
[3211781] Could not find attributes for ivo pinto (Futebol Clube de Famalicão, 2019)
[3211781] Failed to build match row: Boavista FC vs Futebol Clube de Famalicão
[3229382] Could not find attributes for ragnar klavan (Cagliari Calcio, 2019)
[3229382] Failed to build match row: Cagliari Calcio vs Parma Calcio 1913
[2470005] Failed to scrape lineup: https://www.transfermarkt.co.uk/kasimpasa_genclerbirligi-ankara/index/spielbericht/2470005
[2331036] Failed to scrape lineup: https://www.transfermarkt.co.uk/fc-toulouse_as-saint-etienne/index/spielbericht/2331036
Not enough players found for lineup: 0, 0.
[2721032] Failed to scrape lineup: https://www.transfermarkt.co.uk/estoril-praia_gd-chaves/index/spielbericht/2721032
[3222661] Failed to scrape lineup: https://www.transfermarkt.co.uk/spielbericht/index/spielbericht/3222661
[2726811] Failed to scrape lineup: https://www.transfermarkt.co.uk/fc-empoli_us-sassuolo/index/spielbericht/2726811
[3208658] Could not find attributes for moi gomez (Villarreal Club de Fútbol S.A.D., 2019)
[3208658] Failed to build match row: Villarreal Club de Fútbol S.A.D. vs Real Madrid Club de Fútbol
[2501178] Failed to scrape lineup: https://www.transfermarkt.co.uk/spielbericht/index/spielbericht/2501178
[2602669] Could not find attributes for bogdan shust (Volyn Lutsk, 2015)
[2602669] Failed to build match row: Volyn Lutsk vs Vorskla Poltava
[2609672] Could not find attributes for mouhamadou dabo (ESTAC Troyes, 2015)
[2609672] Failed to build match row: ESTAC Troyes vs Rennes
[3252528] Could not find attributes for oscar wendt (Mönchengladbach, 2019)
[3252528] Failed to build match row: RZ Pellets Wolfsberger Athletiksport Club vs Mönchengladbach
[3229383] Could not find attributes for georgios kyriakopoulos (Unione Sportiva Sassuolo Calcio, 2019)
[3229383] Failed to build match row: Unione Sportiva Sassuolo Calcio vs Associazione Sportiva Roma
[2917393] Could not find attributes for rashad sadyqov (Qarabağ FK, 2017)
[2917393] Failed to build match row: Qarabağ FK vs Club Atlético de Madrid S.A.D.
[2711561] Could not find attributes for valeriy fomichev (Torpedo-BelAZ Zhodino, 2016)
[2711561] Failed to build match row: Torpedo-BelAZ Zhodino vs Debreceni VSC

Keepers & outfield error for **Clube Desportivo de Tondela** in Clube Desportivo de Tondela vs Vitória Setúbal FC: Numbers: 0 and 11.
[3069458] Failed to build match row: Clube Desportivo de Tondela vs Vitória Setúbal FC

Keepers & outfield error for **Sevilla Fútbol Club S.A.D.** in Sevilla Fútbol Club S.A.D. vs Real Betis Balompié S.A.D.: Numbers: 0 and 11.
[2899721] Failed to build match row: Sevilla Fútbol Club S.A.D. vs Real Betis Balompié S.A.D.
[2459818] Could not find attributes for luigi bruins (Excelsior Rotterdam, 2014)
[2459818] Failed to build match row: AFC Ajax Amsterdam vs Excelsior Rotterdam
[2618961] Failed to scrape lineup: https://www.transfermarkt.co.uk/spielbericht/index/spielbericht/2618961
[2321976] Could not find attributes for jonathan pearson (Hibernians FC, 2013)
[2321976] Failed to build match row: Hibernians FC vs Fudbalski Klub Vojvodina
[2891523] Could not find attributes for giannis kontoes (Apollon Smyrnis, 2017)
[2891523] Failed to build match row: Apollon Smyrnis vs A.G.S Asteras Tripolis
[3077287] Could not find attributes for nick venema (Football Club Utrecht, 2018)
[3077287] Failed to build match row: Football Club Utrecht vs AFC Ajax Amsterdam

Keepers & outfield error for **UC Sampdoria** in UC Sampdoria vs Associazione Sportiva Roma: Numbers: 0 and 11.
[2478666] Failed to build match row: UC Sampdoria vs Associazione Sportiva Roma

Keepers & outfield error for **Portimonense SC** in Portimonense SC vs FC Paços de Ferreira: Numbers: 0 and 11.
[3211782] Failed to build match row: Portimonense SC vs FC Paços de Ferreira

Keepers & outfield error for **Vitória Sport Clube** in Vitória Sport Clube vs Sporting Clube de Braga: Numbers: 0 and 11.
[3069459] Failed to build match row: Vitória Sport Clube vs Sporting Clube de Braga
[2524277] Failed to scrape lineup: https://www.transfermarkt.co.uk/spielbericht/index/spielbericht/2524277
[2770143] Could not find attributes for douglas santos (Hamburger Sport Verein, 2016)
[2770143] Failed to build match row: Hamburger Sport Verein vs 1. Fußball-Club Köln
[2872296] Could not find attributes for tom cleverley (Watford FC, 2017)
[2872296] Failed to build match row: Brighton and Hove Albion Football Club vs Watford FC

Keepers & outfield error for **Association sportive de Monaco Football Club** in Association sportive de Monaco Football Club vs Paris Saint-Germain Football Club: Numbers: 2 and 9.
[2331037] Failed to build match row: Association sportive de Monaco Football Club vs Paris Saint-Germain Football Club
[2346237] Could not find attributes for mehmet topal (Fenerbahçe Spor Kulübü, 2013)
[2346237] Failed to build match row: Fenerbahçe Spor Kulübü vs Kayseri Erciyesspor
[2470006] Failed to scrape lineup: https://www.transfermarkt.co.uk/basaksehir-fk_besiktas-jk/index/spielbericht/2470006
[2335200] Failed to scrape lineup: https://www.transfermarkt.co.uk/tom-tomsk_lokomotiv-moscow/index/spielbericht/2335200
[2379805] Failed to scrape lineup: https://www.transfermarkt.co.uk/spielbericht/index/spielbericht/2379805
[3199446] Failed to scrape lineup: https://www.transfermarkt.co.uk/fc-nantes_ogc-nice/index/spielbericht/3199446
[3098678] Could not find attributes for adrien regattin (Akhisarspor, 2018)
[3098678] Failed to build match row: Akhisarspor vs FK Krasnodar
[2711562] Could not find attributes for badou ndiaye (Ankaraspor, 2016)
[2711562] Failed to build match row: Ankaraspor vs FC Zimbru Chisinau
[2770144] Could not find attributes for benedikt fernandez (Sportfreunde Lotte, 2016)
[2770144] Failed to build match row: Sportfreunde Lotte vs TSV 1860 Munich

Keepers & outfield error for **Association sportive de Monaco Football Club** in Association sportive de Monaco Football Club vs FC Girondins Bordeaux: Numbers: 2 and 9.
[2482295] Failed to build match row: Association sportive de Monaco Football Club vs FC Girondins Bordeaux
[2346238] Could not find attributes for yalcin ayhan (Kasımpaşa A.Ş., 2013)

Keepers & outfield error for **Vitesse Arnhem** in De Graafschap Doetinchem vs Vitesse Arnhem: Numbers: 0 and 11.
[2346238] Failed to build match row: Kasımpaşa A.Ş. vs Gençlerbirliği Spor Kulübü
[2640922] Could not find attributes for oleksandr volovyk (Oud-Heverlee Leuven, 2015)
[2640922] Failed to build match row: Oud-Heverlee Leuven vs Yellow-Red Koninklijke Voetbalclub Mechelen
[2335201] Could not find attributes for mario fernandes (PFK CSKA Moskva, 2013)
[2335201] Failed to build match row: PFK CSKA Moskva vs FK Spartak Moskva
[2891524] Could not find attributes for giannis kontoes (Apollon Smyrnis, 2017)
[2891524] Failed to build match row: Athlitiki Enosi Konstantinoupoleos vs Apollon Smyrnis
[2700683] Failed to scrape lineup: https://www.transfermarkt.co.uk/az-alkmaar_go-ahead-eagles/index/spielbericht/2700683
[2883688] Failed to scrape lineup: https://www.transfermarkt.co.uk/akhisarspor_kasimpasa/index/spielbericht/2883688
[2618962] Could not find attributes for denys boyko (Dnipro Dnipropetrovsk (-2020), 2015)
[2618962] Failed to build match row: AS Saint-Étienne vs Dnipro Dnipropetrovsk (-2020)
[3211783] Could not find attributes for chiquinho (Sport Lisboa e Benfica, 2019)
[3211783] Failed to build match row: Sport Lisboa e Benfica vs Desportivo Aves (- 2020)
[3069460] Could not find attributes for nemanja gudelj (Sporting Clube de Portugal, 2018)
[3069460] Failed to build match row: Sporting Clube de Portugal vs Boavista FC
[2740238] Could not find attributes for peter klescik (AS Trencin, 2016)

Keepers & outfield error for **Fußball-Club Augsburg 1907** in 1.FC Magdeburg vs Fußball-Club Augsburg 1907: Numbers: 2 and 9.
[2740238] Failed to build match row: AS Trencin vs Sportklub Rapid
[2864719] Failed to build match row: 1.FC Magdeburg vs Fußball-Club Augsburg 1907
[2726812] Failed to scrape lineup: https://www.transfermarkt.co.uk/bologna-fc-1909_udinese-calcio/index/spielbericht/2726812
[2501180] Failed to scrape lineup: https://www.transfermarkt.co.uk/spielbericht/index/spielbericht/2501180
[2490894] Failed to build match row: Moreirense Futebol Clube vs Futebol Clube do Porto
[2770145] Could not find attributes for benjamin stambouli (FC Schalke 04, 2016)
[3252529] Failed to scrape lineup: https://www.transfermarkt.co.uk/spielbericht/index/spielbericht/3252529
[2602670] Failed to scrape lineup: https://www.transfermarkt.co.uk/karpaty-lviv_metalist-kharkiv/index/spielbericht/2602670
[3098679] Could not find attributes for vlastimil hruby (FK Jablonec a.s., 2018)
[2770145] Failed to build match row: SV Sandhausen vs FC Schalke 04
[3098679] Failed to build match row: Rennes vs FK Jablonec a.s.
[3208660] Could not find attributes for ansu fati (Futbol Club Barcelona, 2019)
[3081286] Could not find attributes for darijo srna (Cagliari Calcio, 2018)
[3208660] Failed to build match row: Futbol Club Barcelona vs Valencia Club de Fútbol S. A. D.
[3081286] Failed to build match row: Cagliari Calcio vs Football Club Internazionale Milano S.p.A.
[2899722] Failed to scrape lineup: https://www.transfermarkt.co.uk/deportivo-de-la-coruna_celta-de-vigo/index/spielbericht/2899722
[2459819] Failed to scrape lineup: https://www.transfermarkt.co.uk/fc-utrecht_az-alkmaar/index/spielbericht/2459819

Keepers & outfield error for **SPAL** in Società Sportiva Lazio S.p.A. vs SPAL: Numbers: 0 and 11.
[3229384] Failed to build match row: Società Sportiva Lazio S.p.A. vs SPAL
[2590405] Failed to scrape lineup: https://www.transfermarkt.co.uk/eskisehirspor_sivasspor/index/spielbericht/2590405
[2470007] Could not find attributes for michal kadlec (Fenerbahçe Spor Kulübü, 2014)
[2470007] Failed to build match row: Fenerbahçe Spor Kulübü vs Çaykur Rizespor Kulübü
[2891525] Could not find attributes for dimitrios stamou (AO Platanias, 2017)

Keepers & outfield error for **Lille Olympique Sporting Club** in Lille Olympique Sporting Club vs Stade brestois 29: Numbers: 2 and 9.
[2891525] Failed to build match row: AO Platanias vs Panthessalonikios Athlitikos Omilos Konstantinoupoliton
[3394805] Failed to build match row: Lille Olympique Sporting Club vs Stade brestois 29
[2491049] Could not find attributes for oleksandr goryainov (Metalist Kharkiv (- 2016), 2014)
[2491049] Failed to build match row: Metalist Kharkiv (- 2016) vs Trabzonspor Kulübü
[2577985] Failed to scrape lineup: https://www.transfermarkt.co.uk/watford-fc_crystal-palace/index/spielbericht/2577985

Keepers & outfield error for **Real Betis Balompié S.A.D.** in Real Betis Balompié S.A.D. vs Getafe Club de Fútbol S. A. D. Team Dubai: Numbers: 2 and 9.
[3208661] Failed to build match row: Real Betis Balompié S.A.D. vs Getafe Club de Fútbol S. A. D. Team Dubai
[2618963] Could not find attributes for maicon bolt (Футбольный клуб "Локомотив" Москва, 2015)
[2618963] Failed to build match row: Beşiktaş Jimnastik Kulübü vs Футбольный клуб "Локомотив" Москва
[2331038] Failed to scrape lineup: https://www.transfermarkt.co.uk/losc-lille_fc-sochaux-montbeliard/index/spielbericht/2331038
[2917395] Could not find attributes for fabio coentrao (Sporting Clube de Portugal, 2017)
[2917395] Failed to build match row: Juventus Football Club vs Sporting Clube de Portugal
[2581926] Could not find attributes for slobodan rajkovic (SV Darmstadt 98, 2015)
[2581926] Failed to build match row: SV Darmstadt 98 vs Fußball-Club Augsburg 1907
[2379806] Could not find attributes for michael lennon (Hednesford Town, 2013)
[2379806] Failed to build match row: Hednesford Town vs Crawley Town
[3136369] Failed to scrape lineup: https://www.transfermarkt.co.uk/ksc-lokeren-2020-_club-brugge-kv/index/spielbericht/3136369
[2891526] Could not find attributes for fotis koutzavasilis (AOK Kerkyra, 2017)
[2891526] Failed to build match row: AOK Kerkyra vs APS Atromitos Athinon

Keepers & outfield error for **Rayo Vallecano de Madrid S. A. D.** in Athletic Club Bilbao vs Rayo Vallecano de Madrid S. A. D.: Numbers: 0 and 11.
[2341223] Failed to build match row: Athletic Club Bilbao vs Rayo Vallecano de Madrid S. A. D.
[2482297] Could not find attributes for thibault giresse (EA Guingamp, 2014)
[2482297] Failed to build match row: EA Guingamp vs Racing Club de Lens
[2360124] Failed to build match row: Portimonense SC vs SC Beira-Mar
Not enough players found for lineup: 0, 0.
[2501181] Failed to scrape lineup: https://www.transfermarkt.co.uk/spielbericht/index/spielbericht/2501181
[2618964] Could not find attributes for orges shehi (KF Skënderbeu, 2015)
[2618964] Failed to build match row: KF Skënderbeu vs Sporting Clube de Portugal
[2346239] Failed to scrape lineup: https://www.transfermarkt.co.uk/eskisehirspor_elazigspor/index/spielbericht/2346239
[2640923] Failed to scrape lineup: https://www.transfermarkt.co.uk/mouscron-peruwelz_kvrs-waasland-sk-beveren/index/spielbericht/2640923
[3052581] Could not find attributes for anthony miley (Bala Town, 2018)
[3052581] Failed to build match row: Bala Town vs Tre Fiori FC
[2524713] Failed to scrape lineup: https://www.transfermarkt.co.uk/spielbericht/index/spielbericht/2524713
[2711563] Could not find attributes for adam jakubech (Spartak Trnava, 2016)
[2711563] Failed to build match row: Spartak Trnava vs FC Shirak Gyumri
[2602671] Could not find attributes for denys boyko (Dnipro Dnipropetrovsk (-2020), 2015)
[2602671] Failed to build match row: Dnipro Dnipropetrovsk (-2020) vs Goverla Uzhgorod (- 2016)
[3098680] Could not find attributes for evgeniy postnikov (FC Astana, 2018)
[3098680] Failed to build match row: Futbolniy Klub Dynamo Kyiv vs FC Astana
[2335202] Failed to scrape lineup: https://www.transfermarkt.co.uk/fk-rostov_spartak-moscow/index/spielbericht/2335202
[2942833] Failed to scrape lineup: https://www.transfermarkt.co.uk/fc-toulouse_olympique-marseille/index/spielbericht/2942833
[2883689] Failed to scrape lineup: https://www.transfermarkt.co.uk/besiktas-jk_bursaspor/index/spielbericht/2883689

Keepers & outfield error for **Cagliari Calcio** in Società Sportiva Calcio Napoli vs Cagliari Calcio: Numbers: 0 and 11.
[2726815] Failed to build match row: Società Sportiva Calcio Napoli vs Cagliari Calcio
[3211784] Failed to scrape lineup: https://www.transfermarkt.co.uk/cs-maritimo_vitoria-guimaraes-sc/index/spielbericht/3211784
[3208662] Could not find attributes for roberto soldado (Granada CF, 2019)
[3208662] Failed to build match row: Celta vs Granada CF
[2740475] Failed to scrape lineup: https://www.transfermarkt.co.uk/spielbericht/index/spielbericht/2740475
[2697554] Could not find attributes for karlo bartolec (Fodbold Club Nordsjælland, 2016)
[2697554] Failed to build match row: Aarhus Gymnastik Forening vs Fodbold Club Nordsjælland
[2360125] Failed to scrape lineup: https://www.transfermarkt.co.uk/spielbericht/index/spielbericht/2360125
[3052582] Could not find attributes for kristian joensen (KÍ Klaksvík, 2018)
[3052582] Failed to build match row: KÍ Klaksvík vs Birkirkara FC
[3252530] Failed to scrape lineup: https://www.transfermarkt.co.uk/spielbericht/index/spielbericht/3252530
[2602672] Could not find attributes for yevgen borovyk (Chornomorets Odesa, 2015)
[2602672] Failed to build match row: Chornomorets Odesa vs Olimpik Donetsk
[2770146] Failed to scrape lineup: https://www.transfermarkt.co.uk/spielbericht/index/spielbericht/2770146
[3081287] Failed to scrape lineup: https://www.transfermarkt.co.uk/ssc-napoli_juventus-fc/index/spielbericht/3081287
[3199448] Failed to scrape lineup: https://www.transfermarkt.co.uk/angers-sco_stade-brestois-29/index/spielbericht/3199448
[2700685] Failed to scrape lineup: https://www.transfermarkt.co.uk/nec-nijmegen_willem-ii-tilburg/index/spielbericht/2700685
[2891527] Could not find attributes for athanasios panteliadis (PAS Lamia 1964, 2017)
[2891527] Failed to build match row: PAS Lamia 1964 vs Athlitiki Enosi Larisas
[2618965] Could not find attributes for kuca (CF Os Belenenses, 2015)
[2618965] Failed to build match row: CF Os Belenenses vs FC Basel 1893 AG
[2590406] Failed to scrape lineup: https://www.transfermarkt.co.uk/bursaspor_gaziantepspor/index/spielbericht/2590406
[2609674] Failed to scrape lineup: https://www.transfermarkt.co.uk/fc-lorient_as-monaco/index/spielbericht/2609674
[3252531] Could not find attributes for evgeniy postnikov (FC Astana, 2019)
[3252531] Failed to build match row: FC Astana vs Manchester United Football Club
[3098681] Could not find attributes for pontus wernbloom (Panthessalonikios Athlitikos Omilos Konstantinoupoliton, 2018)
[3098681] Failed to build match row: Panthessalonikios Athlitikos Omilos Konstantinoupoliton vs Chelsea Football Club
[3394806] Failed to scrape lineup: https://www.transfermarkt.co.uk/paris-saint-germain_ogc-nice/index/spielbericht/3394806
[2321978] Could not find attributes for walid bousenine (UE Santa Coloma, 2013)
[2883690] Could not find attributes for volkan demirel (Fenerbahçe Spor Kulübü, 2017)
[3136370] Failed to scrape lineup: https://www.transfermarkt.co.uk/rsc-anderlecht_kvrs-waasland-sk-beveren/index/spielbericht/3136370
[2711564] Failed to scrape lineup: https://www.transfermarkt.co.uk/spielbericht/index/spielbericht/2711564
[2321978] Failed to build match row: UE Santa Coloma vs HSK Zrinjski Mostar
[2883690] Failed to build match row: Gençlerbirliği Spor Kulübü vs Fenerbahçe Spor Kulübü

Keepers & outfield error for **Parma Calcio 1913** in FC Empoli vs Parma Calcio 1913: Numbers: 2 and 9.

Keepers & outfield error for **Valencia Club de Fútbol S. A. D.** in Valencia Club de Fútbol S. A. D. vs Girona Fútbol Club S. A. D.: Numbers: 0 and 11.
[3081288] Failed to build match row: FC Empoli vs Parma Calcio 1913
[2899723] Failed to build match row: Valencia Club de Fútbol S. A. D. vs Girona Fútbol Club S. A. D.
[2581934] Could not find attributes for slobodan rajkovic (SV Darmstadt 98, 2015)
[2581934] Failed to build match row: Verein für Leibesübungen Wolfsburg vs SV Darmstadt 98
[3069461] Failed to scrape lineup: https://www.transfermarkt.co.uk/b-sad_sl-benfica/index/spielbericht/3069461
[3211785] Could not find attributes for ivo pinto (Futebol Clube de Famalicão, 2019)
[3211785] Failed to build match row: Futebol Clube de Famalicão vs CS Marítimo
[2864721] Failed to scrape lineup: https://www.transfermarkt.co.uk/spielbericht/index/spielbericht/2864721
lbericht/2331039
[2491050] Failed to scrape lineup: https://www.transfermarkt.co.uk/spielbericht/index/spielbericht/2491050
[2917396] Failed to scrape lineup: https://www.transfermarkt.co.uk/spielbericht/index/spielbericht/2917396
[2482299] Could not find attributes for rod fanni (Olympique de Marseille, 2014)
[2482299] Failed to build match row: Montpellier HSC vs Olympique de Marseille
yiv, 2015)
[2470009] Could not find attributes for mustafa akbas (Trabzonspor Kulübü, 2014)
[2602673] Failed to build match row: Futbolniy Klub Dynamo Kyiv vs PFK Stal Kamyanske (-2018)
[2470009] Failed to build match row: Trabzonspor Kulübü vs Konyaspor

Keepers & outfield error for **Olympique Lyonnais** in Olympique Lyonnais vs Montpellier HSC: Numbers: 2 and 9.
[3394807] Failed to build match row: Olympique Lyonnais vs Montpellier HSC

Keepers & outfield error for **Kayserispor Kulübü** in Kayserispor Kulübü vs Ankaraspor: Numbers: 2 and 9.
[2883691] Failed to build match row: Kayserispor Kulübü vs Ankaraspor
[2341224] Failed to scrape lineup: https://www.transfermarkt.co.uk/getafe-cf_elche-cf/index/spielbericht/2341224
[3229385] Failed to scrape lineup: https://www.transfermarkt.co.uk/us-lecce_torino-fc/index/spielbericht/3229385
[2459821] Failed to scrape lineup: https://www.transfermarkt.co.uk/psv-eindhoven_fc-groningen/index/spielbericht/2459821
[3077321] Failed to scrape lineup: https://www.transfermarkt.co.uk/spielbericht/index/spielbericht/3077321
[2891528] Could not find attributes for makis giannikoglou (PAS Giannina, 2017)
[2891528] Failed to build match row: Olympiakos Syndesmos Filathlon Peiraios vs PAS Giannina
[2346240] Failed to scrape lineup: https://www.transfermarkt.co.uk/caykur-rizespor_besiktas-jk/index/spielbericht/2346240
[2379807] Could not find attributes for nathan bennett (Stourbridge FC, 2013)
[2379807] Failed to build match row: Stourbridge FC vs Biggleswade Town
[3052583] Could not find attributes for filippo giannelli (SS Folgore/Falciano, 2018)
[3069462] Could not find attributes for issam el adoua (Desportivo Aves (- 2020), 2018)
[3098682] Could not find attributes for roland juhasz (Videoton FC, 2018)
[3081289] Failed to scrape lineup: https://www.transfermarkt.co.uk/ss-lazio_as-roma/index/spielbericht/3081289
[3098682] Failed to build match row: Videoton FC vs BATE Borisov
[2590407] Could not find attributes for sabri sarioglu (Galatasaray Spor Kulübü, 2015)
[3052583] Failed to build match row: SS Folgore/Falciano vs UE Engordany
[2590407] Failed to build match row: Galatasaray Spor Kulübü vs Ankaraspor
[3069462] Failed to build match row: Desportivo Aves (- 2020) vs Clube Desportivo Santa Clara

Keepers & outfield error for **Clube Desportivo Santa Clara** in Clube Desportivo Santa Clara vs Clube Desportivo de Tondela: Numbers: 0 and 11.
[2524714] Failed to build match row: Clube Desportivo Santa Clara vs Clube Desportivo de Tondela
[2360126] Failed to scrape lineup: https://www.transfermarkt.co.uk/spielbericht/index/spielbericht/2360126
[3290296] Could not find attributes for konstantinos theodoropoulos (PAS Lamia 1964, 2019)
[3290296] Failed to build match row: Panathinaikos Athlitikos Omilos vs PAS Lamia 1964
[2609676] Could not find attributes for paul baysse (Olympique Gymnaste Club Nice Côte d'Azur, 2015)
[2711565] Could not find attributes for ross laidlaw (Hibernian Football Club, 2016)

Keepers & outfield error for **Sevilla Fútbol Club S.A.D.** in FK Spartak Moskva vs Sevilla Fútbol Club S.A.D.: Numbers: 0 and 11.
[2891529] Failed to scrape lineup: https://www.transfermarkt.co.uk/asteras-tripolis_panetolikos-gfs/index/spielbericht/2891529
[2609676] Failed to build match row: Olympique Gymnaste Club Nice Côte d'Azur vs Angers Sporting Club de l'Ouest
[2917397] Failed to build match row: FK Spartak Moskva vs Sevilla Fútbol Club S.A.D.

Keepers & outfield error for **Association Football Club Bournemouth** in Manchester City Football Club vs Association Football Club Bournemouth: Numbers: 2 and 9.
[2478669] Could not find attributes for ignazio abate (Associazione Calcio Milan, 2014)
[2711565] Failed to build match row: Brøndby Idrætsforening vs Hibernian Football Club
[2872299] Failed to build match row: Manchester City Football Club vs Association Football Club Bournemouth
[3222662] Could not find attributes for anton chichkan (BATE Borisov, 2019)
[2478669] Failed to build match row: Cagliari Calcio vs Associazione Calcio Milan
[3222662] Failed to build match row: BATE Borisov vs Rosenborg Ballklub
[2577988] Could not find attributes for jonathan howson (Norwich City, 2015)
[2577988] Failed to build match row: West Ham United Football Club vs Norwich City
[2700686] Could not find attributes for bersant celina (Football Club Twente, 2016)
[2491051] Could not find attributes for boubacar copa (KSC Lokeren (- 2020), 2014)
[2700686] Failed to build match row: Football Club Twente vs Vitesse Arnhem
[2491051] Failed to build match row: Trabzonspor Kulübü vs KSC Lokeren (- 2020)
[3098683] Failed to scrape lineup: https://www.transfermarkt.co.uk/spielbericht/index/spielbericht/3098683
[3081290] Failed to scrape lineup: https://www.transfermarkt.co.uk/spal_uc-sampdoria/index/spielbericht/3081290
[2581936] Failed to scrape lineup: https://www.transfermarkt.co.uk/vfb-stuttgart_bayer-04-leverkusen/index/spielbericht/2581936

Keepers & outfield error for **Desportivo Aves (- 2020)** in Desportivo Aves (- 2020) vs Portimonense SC: Numbers: 2 and 9.
[3290297] Failed to scrape lineup: https://www.transfermarkt.co.uk/ao-xanthi_aek-athens/index/spielbericht/3290297
[2883693] Failed to scrape lineup: https://www.transfermarkt.co.uk/cf-os-belenenses_estoril-praia/index/spielbericht/2883693
[3211786] Failed to build match row: Desportivo Aves (- 2020) vs Portimonense SC
[2770148] Could not find attributes for patrick sontheimer (SpVgg Greuther Fürth, 2016)
Not enough players found for lineup: 0, 0.
[2770148] Failed to build match row: SpVgg Greuther Fürth vs Mönchengladbach
[2891530] Failed to scrape lineup: https://www.transfermarkt.co.uk/apo-levadiakos_panionios-athens/index/spielbericht/2891530
[2501182] Failed to scrape lineup: https://www.transfermarkt.co.uk/spielbericht/index/spielbericht/2501182
[3252532] Could not find attributes for vladimir stojkovic (Fudbalski Klub Partizan Beograd, 2019)
[3252532] Failed to build match row: Alkmaar Zaanstreek vs Fudbalski Klub Partizan Beograd
[2331041] Failed to scrape lineup: https://www.transfermarkt.co.uk/fc-lorient_stade-reims/index/spielbericht/2331041
[3222663] Failed to scrape lineup: https://www.transfermarkt.co.uk/spielbericht/index/spielbericht/3222663
[2872300] Failed to scrape lineup: https://www.transfermarkt.co.uk/southampton-fc_huddersfield-town/index/spielbericht/2872300
[3098684] Failed to scrape lineup: https://www.transfermarkt.co.uk/spielbericht/index/spielbericht/3098684
[3052835] Could not find attributes for andreas hirzel (FC Vaduz, 2018)
[2609677] Could not find attributes for casimir ninga (Montpellier HSC, 2015)
[3052835] Failed to build match row: FC Vaduz vs Levski Sofia
[2335204] Could not find attributes for joaozinho (FK Krasnodar, 2013)
[2609677] Failed to build match row: SC Bastia vs Montpellier HSC
[2335204] Failed to build match row: FK Krasnodar vs Kuban Krasnodar (-2018)

Keepers & outfield error for **FC Paços de Ferreira** in FC Paços de Ferreira vs CD Feirense: Numbers: 0 and 11.
[2721033] Failed to build match row: FC Paços de Ferreira vs CD Feirense
[2883694] Failed to scrape lineup: https://www.transfermarkt.co.uk/sc-braga_vitoria-guimaraes-sc/index/spielbericht/2883694
[3290298] Failed to scrape lineup: https://www.transfermarkt.co.uk/ae-larisa_atromitos-athens/index/spielbericht/3290298
[2770149] Failed to scrape lineup: https://www.transfermarkt.co.uk/spielbericht/index/spielbericht/2770149
[2491052] Could not find attributes for boubacar copa (KSC Lokeren (- 2020), 2014)
[2491052] Failed to build match row: KSC Lokeren (- 2020) vs Trabzonspor Kulübü

Keepers & outfield error for **Espanol** in Espanol vs Real Valladolid CF: Numbers: 2 and 9.
[2341226] Failed to build match row: Espanol vs Real Valladolid CF

Keepers & outfield error for **Associazione Calcio Milan** in Associazione Calcio Milan vs Unione Sportiva Sassuolo Calcio: Numbers: 2 and 9.
[3081291] Failed to build match row: Associazione Calcio Milan vs Unione Sportiva Sassuolo Calcio

Keepers & outfield error for **Olympique Gymnaste Club Nice Côte d'Azur** in Olympique Gymnaste Club Nice Côte d'Azur vs Paris Saint-Germain Football Club: Numbers: 2 and 9.
[3199451] Failed to build match row: Olympique Gymnaste Club Nice Côte d'Azur vs Paris Saint-Germain Football Club
[2942836] Failed to scrape lineup: https://www.transfermarkt.co.uk/losc-lille_montpellier-hsc/index/spielbericht/2942836

Keepers & outfield error for **KV Oostende** in KV Oostende vs Royal Standard Club de Liège: Numbers: 2 and 9.
[2470011] Could not find attributes for tita (Mersin Talimyurdu SK, 2014)
[2640926] Failed to build match row: KV Oostende vs Royal Standard Club de Liège
[2470011] Failed to build match row: Mersin Talimyurdu SK vs Balikesirspor
[3077322] Could not find attributes for dmytro kozachenko (LNZ Cherkasy, 2018)
index/spielbericht/3252533
[3077322] Failed to build match row: LNZ Cherkasy vs Girnyk Kryvyi Rig
[2321979] Failed to build match row: NK Domzale vs Astra Giurgiu (- 2024)
[3098685] Failed to scrape lineup: https://www.transfermarkt.co.uk/spielbericht/index/spielbericht/3098685
Not enough players found for lineup: 0, 0.
[2524715] Failed to scrape lineup: https://www.transfermarkt.co.uk/spielbericht/index/spielbericht/2524715
[2700688] Failed to scrape lineup: https://www.transfermarkt.co.uk/feyenoord-rotterdam_roda-jc-kerkrade/index/spielbericht/2700688
[2478671] Failed to scrape lineup: https://www.transfermarkt.co.uk/genoa-cfc_juventus-fc/index/spielbericht/2478671
[3394809] Could not find attributes for kiki kouyate (Football Club de Metz, 2020)
[3394809] Failed to build match row: Football Club de Metz vs Racing Club de Strasbourg Alsace
[2770615] Could not find attributes for valeriy yurchuk (Naftovyk-Ukrnafta Okhtyrka, 2016)
[2770615] Failed to build match row: Naftovyk-Ukrnafta Okhtyrka vs Futbolniy Klub Dynamo Kyiv
[2491053] Could not find attributes for oleksandr goryainov (Metalist Kharkiv (- 2016), 2014)
[2491053] Failed to build match row: Trabzonspor Kulübü vs Metalist Kharkiv (- 2016)
[2711567] Failed to scrape lineup: https://www.transfermarkt.co.uk/spielbericht/index/spielbericht/2711567
[2700689] Failed to scrape lineup: https://www.transfermarkt.co.uk/pec-zwolle_ado-den-haag/index/spielbericht/2700689

Keepers & outfield error for **Portimonense SC** in Clube Desportivo Nacional vs Portimonense SC: Numbers: 2 and 9.
[3069463] Failed to build match row: Clube Desportivo Nacional vs Portimonense SC

Keepers & outfield error for **Getafe Club de Fútbol S. A. D. Team Dubai** in Club Atlético de Madrid S.A.D. vs Getafe Club de Fútbol S. A. D. Team Dubai: Numbers: 0 and 11.
[2899724] Failed to build match row: Club Atlético de Madrid S.A.D. vs Getafe Club de Fútbol S. A. D. Team Dubai
[2883695] Could not find attributes for nikola maras (GD Chaves, 2017)
[2883695] Failed to build match row: GD Chaves vs Moreirense Futebol Clube
[3211787] Could not find attributes for carlinhos (Vitória Setúbal FC, 2019)
[3211787] Failed to build match row: B SAD vs Vitória Setúbal FC
[2590408] Could not find attributes for badou ndiaye (Ankaraspor, 2015)
[2590408] Failed to build match row: Sivasspor vs Ankaraspor
[2891531] Could not find attributes for theofanis tzandaris (Panathinaikos Athlitikos Omilos, 2017)
[2891531] Failed to build match row: Panathinaikos Athlitikos Omilos vs AO Platanias
[2602697] Could not find attributes for sergiy borzenko (Olimpik Donetsk, 2015)
[3229388] Could not find attributes for ragnar klavan (Cagliari Calcio, 2019)
yiv

Keepers & outfield error for **Chievo Verona** in Chievo Verona vs Palermo FC: Numbers: 2 and 9.
[3229388] Failed to build match row: Genoa Cricket and Football Club vs Cagliari Calcio
[2726819] Failed to build match row: Chievo Verona vs Palermo FC
[3290299] Could not find attributes for stergios dimopoulos (Volou Neos Podosferikos Syllogos, 2019)
[3290299] Failed to build match row: Volou Neos Podosferikos Syllogos vs Panionios Athens

Keepers & outfield error for **Villarreal Club de Fútbol S.A.D.** in Association sportive de Monaco Football Club vs Villarreal Club de Fútbol S.A.D.: Numbers: 2 and 9.
[2321980] Could not find attributes for goran vuklis (Rudar Pljevlja, 2013)
[3208664] Failed to scrape lineup: https://www.transfermarkt.co.uk/cd-leganes_villarreal-cf/index/spielbericht/3208664
[2740479] Failed to build match row: Association sportive de Monaco Football Club vs Villarreal Club de Fútbol S.A.D.
[2321980] Failed to build match row: Rudar Pljevlja vs MIKA Ashtarak
[2379808] Could not find attributes for blaine hudson (Welling United, 2013)
[2379808] Failed to build match row: Welling United vs Luton Town

Keepers & outfield error for **Verona Hellas Football Club** in Verona Hellas Football Club vs Società Sportiva Lazio S.p.A.: Numbers: 0 and 11.
[2478672] Failed to build match row: Verona Hellas Football Club vs Società Sportiva Lazio S.p.A.
[2770617] Could not find attributes for roman chumak (MFK Mykolaiv, 2016)
[2770617] Failed to build match row: MFK Mykolaiv vs FK Mariupol
[2942837] Could not find attributes for lassana diarra (Paris Saint-Germain Football Club, 2017)
[2942837] Failed to build match row: Paris Saint-Germain Football Club vs Football Club de Metz
[2721034] Failed to scrape lineup: https://www.transfermarkt.co.uk/cd-tondela_vitoria-setubal-fc/index/spielbericht/2721034
[2482303] Could not find attributes for david ngog (Stade Reims, 2014)
[2482303] Failed to build match row: Stade Reims vs AS Saint-Étienne
[2891532] Could not find attributes for athanasios panteliadis (PAS Lamia 1964, 2017)
[2891532] Failed to build match row: PAS Lamia 1964 vs AO Xanthi
[2640927] Could not find attributes for meme tchite (St Truiden, 2015)
[2640927] Failed to build match row: Koninklijke Racing Club Genk vs St Truiden
[2331043] Failed to scrape lineup: https://www.transfermarkt.co.uk/paris-saint-germain_ogc-nice/index/spielbericht/2331043
[2581939] Failed to scrape lineup: https://www.transfermarkt.co.uk/eintracht-frankfurt_hannover-96/index/spielbericht/2581939
[3199452] Could not find attributes for jimmy briand (FC Girondins Bordeaux, 2019)
[3199452] Failed to build match row: FC Girondins Bordeaux vs AS Saint-Étienne
[3081292] Could not find attributes for albin ekdal (UC Sampdoria, 2018)
[3081292] Failed to build match row: UC Sampdoria vs Atalanta Bergamasca Calcio S.p.a.
[2459822] Could not find attributes for christian kum (Football Club Utrecht, 2014)
[2459822] Failed to build match row: SC Cambuur Leeuwarden vs Football Club Utrecht
[2770660] Failed to scrape lineup: https://www.transfermarkt.co.uk/spielbericht/index/spielbericht/2770660
[3290300] Failed to scrape lineup: https://www.transfermarkt.co.uk/asteras-tripolis_olympiacos-piraeus/index/spielbericht/3290300
[3394811] Failed to scrape lineup: https://www.transfermarkt.co.uk/fc-girondins-bordeaux_olympique-marseille/index/spielbericht/3394811

Keepers & outfield error for **Olympique Lyonnais** in SM Caen vs Olympique Lyonnais: Numbers: 2 and 9.
[3136373] Failed to scrape lineup: https://www.transfermarkt.co.uk/kvrs-waasland-sk-beveren_cercle-brugge/index/spielbericht/3136373
[3047473] Failed to build match row: SM Caen vs Olympique Lyonnais
[2321981] Failed to scrape lineup: https://www.transfermarkt.co.uk/spielbericht/index/spielbericht/2321981

Keepers & outfield error for **Clube Desportivo Santa Clara** in Clube Desportivo Santa Clara vs Sporting Clube de Portugal: Numbers: 0 and 11.
[3069464] Failed to build match row: Clube Desportivo Santa Clara vs Sporting Clube de Portugal
[2501183] Could not find attributes for manolis apostolidis (Athlitiki Enosi Larisas, 2014)
[3222664] Could not find attributes for jair amador (Maccabi Tel Aviv, 2019)
[3098686] Could not find attributes for vlastimil hruby (FK Jablonec a.s., 2018)
[2501183] Failed to build match row: Athlitiki Enosi Larisas vs Olympiakos Volou
[3222664] Failed to build match row: Fotbal Club CFR 1907 Cluj SA vs Maccabi Tel Aviv
[3098686] Failed to build match row: FK Jablonec a.s. vs Futbolniy Klub Dynamo Kyiv
[2721035] Failed to scrape lineup: https://www.transfermarkt.co.uk/boavista-fc_cd-nacional/index/spielbericht/2721035
[2492236] Could not find attributes for andrey kondratyuk (Sakhalin Yuzhno-Sakhalinsk, 2014)
[2492236] Failed to build match row: Sakhalin Yuzhno-Sakhalinsk vs Luch Vladivostok
[2478673] Could not find attributes for dodo (Football Club Internazionale Milano S.p.A., 2014)
[2478673] Failed to build match row: Football Club Internazionale Milano S.p.A. vs UC Sampdoria
[3199453] Failed to scrape lineup: https://www.transfermarkt.co.uk/nimes-olympique_amiens-sc/index/spielbericht/3199453
[2711568] Could not find attributes for stefan logi magnusson (KR Reykjavík, 2016)
[2341229] Failed to scrape lineup: https://www.transfermarkt.co.uk/real-sociedad_real-betis-balompie/index/spielbericht/2341229
[2711568] Failed to build match row: Grasshopper Club Zürich vs KR Reykjavík
[3081293] Failed to scrape lineup: https://www.transfermarkt.co.uk/bologna-fc-1909_cagliari-calcio/index/spielbericht/3081293
[3069465] Failed to scrape lineup: https://www.transfermarkt.co.uk/gd-chaves_desportivo-aves-2020-/index/spielbericht/3069465
[2883696] Failed to build match row: FC Paços de Ferreira vs Vitória Setúbal FC
[2770661] Failed to scrape lineup: https://www.transfermarkt.co.uk/spielbericht/index/spielbericht/2770661
[2641753] Could not find attributes for orges shehi (KF Skënderbeu, 2015)
[3136374] Failed to scrape lineup: https://www.transfermarkt.co.uk/kas-eupen_ksc-lokeren-2020-/index/spielbericht/3136374
[2590409] Could not find attributes for ryan donk (Kasımpaşa A.Ş., 2015)
[2641753] Failed to build match row: KF Skënderbeu vs Футбольный клуб "Локомотив" Москва
[2590409] Failed to build match row: Gençlerbirliği Spor Kulübü vs Kasımpaşa A.Ş.

Keepers & outfield error for **FC Paços de Ferreira** in FC Paços de Ferreira vs Gil Vicente Futebol Clube: Numbers: 4 and 7.
[3211788] Failed to build match row: FC Paços de Ferreira vs Gil Vicente Futebol Clube
[2459823] Could not find attributes for demy de zeeuw (Nooit Opgeven Altijd Doorzetten Aangenaam Door Vermaak En Nuttig Door Ontspanning Combinatie Breda, 2014)
[3052836] Could not find attributes for aymen belaid (Levski Sofia, 2018)
FK, 2019)

Keepers & outfield error for **Associazione Calcio Milan** in Associazione Calcio Milan vs Associazione Sportiva Roma: Numbers: 2 and 9.
[3052836] Failed to build match row: Levski Sofia vs FC Vaduz
[3252534] Failed to build match row: Qarabağ FK vs F91 Dudelange
[2459823] Failed to build match row: Nooit Opgeven Altijd Doorzetten Aangenaam Door Vermaak En Nuttig Door Ontspanning Combinatie Breda vs Go Ahead Eagles
[3222665] Failed to scrape lineup: https://www.transfermarkt.co.uk/spielbericht/index/spielbericht/3222665
[3098687] Failed to scrape lineup: https://www.transfermarkt.co.uk/spielbericht/index/spielbericht/3098687
[2478674] Failed to scrape lineup: https://www.transfermarkt.co.uk/us-palermo_chievo-verona/index/spielbericht/2478674
[2331045] Failed to scrape lineup: https://www.transfermarkt.co.uk/fc-girondins-bordeaux_ogc-nice/index/spielbericht/2331045
[3199454] Failed to scrape lineup: https://www.transfermarkt.co.uk/olympique-marseille_rc-strasbourg-alsace/index/spielbericht/3199454

Keepers & outfield error for **Levante Unión Deportiva S.A.D.** in Levante Unión Deportiva S.A.D. vs CD Leganés: Numbers: 2 and 9.
[2899725] Failed to build match row: Levante Unión Deportiva S.A.D. vs CD Leganés
[2711569] Failed to scrape lineup: https://www.transfermarkt.co.uk/spielbericht/index/spielbericht/2711569
[2341230] Failed to scrape lineup: https://www.transfermarkt.co.uk/celta-de-vigo_ca-osasuna/index/spielbericht/2341230
[3077329] Could not find attributes for Gennadiy Ganev (Ingulets Petrove, 2018)
[3077329] Failed to build match row: Ingulets Petrove vs FK Kolos Kovalivka
[2641936] Failed to scrape lineup: https://www.transfermarkt.co.uk/spielbericht/index/spielbericht/2641936
[3047474] Could not find attributes for julio tavares (Dijon FCO, 2018)
[3047474] Failed to build match row: Dijon FCO vs Angers Sporting Club de l'Ouest
[3229390] Failed to scrape lineup: https://www.transfermarkt.co.uk/parma-calcio-1913_ss-lazio/index/spielbericht/3229390
[2721036] Could not find attributes for zainadine (CS Marítimo, 2016)
[3290301] Could not find attributes for christopher knett (Panetolikos Agrinio, 2019)
[2872303] Failed to scrape lineup: https://www.transfermarkt.co.uk/west-ham-united_newcastle-united/index/spielbericht/2872303
[2721036] Failed to build match row: CS Marítimo vs Futebol Clube do Porto
[3290301] Failed to build match row: Panetolikos Agrinio vs Panthessalonikios Athlitikos Omilos Konstantinoupoliton
[2917398] Could not find attributes for jasmin handanovic (NK Maribor, 2017)
[2917398] Failed to build match row: NK Maribor vs Liverpool Football Club
[2524716] Could not find attributes for quinaz (Atlético CP, 2014)
[2524716] Failed to build match row: Atlético CP vs SC Beira-Mar
[3222666] Could not find attributes for srdjan babic (Fudbalski klub Crvena zvezda Beograd, 2019)
[3222666] Failed to build match row: Fudbalski klub Crvena zvezda Beograd vs HJK Helsinki
[2335205] Could not find attributes for oleksandr aliev (Anzhi Makhachkala ( -2022), 2013)
[2335205] Failed to build match row: Anzhi Makhachkala ( -2022) vs FC Rubin Kazan
[2712074] Failed to scrape lineup: https://www.transfermarkt.co.uk/spielbericht/index/spielbericht/2712074
[2341231] Failed to scrape lineup: https://www.transfermarkt.co.uk/rayo-vallecano_villarreal-cf/index/spielbericht/2341231
[3077330] Failed to scrape lineup: https://www.transfermarkt.co.uk/spielbericht/index/spielbericht/3077330
[2891533] Could not find attributes for mladen bozovic (Athlitiki Enosi Larisas, 2017)
[2891533] Failed to build match row: Athlitiki Enosi Larisas vs Olympiakos Syndesmos Filathlon Peiraios
[3069467] Failed to scrape lineup: https://www.transfermarkt.co.uk/rio-ave-fc_cd-nacional/index/spielbericht/3069467
[2470012] Could not find attributes for michal kadlec (Fenerbahçe Spor Kulübü, 2014)
[2470012] Failed to build match row: Bursaspor vs Fenerbahçe Spor Kulübü
[2577991] Failed to scrape lineup: https://www.transfermarkt.co.uk/chelsea-fc_aston-villa/index/spielbericht/2577991
[2641937] Failed to scrape lineup: https://www.transfermarkt.co.uk/spielbericht/index/spielbericht/2641937
[3047475] Failed to scrape lineup: https://www.transfermarkt.co.uk/olympique-marseille_ea-guingamp/index/spielbericht/3047475
[2770663] Could not find attributes for samuel armenteros (Heracles Almelo, 2016)
[2770663] Failed to build match row: Heracles Almelo vs Sparta Rotterdam
[3290534] Failed to scrape lineup: https://www.transfermarkt.co.uk/spielbericht/index/spielbericht/3290534
[2872304] Failed to scrape lineup: https://www.transfermarkt.co.uk/everton-fc_chelsea-fc/index/spielbericht/2872304
[3229391] Could not find attributes for giulio donati (Unione Sportiva Lecce, 2019)
[3229391] Failed to build match row: Società Sportiva Calcio Napoli vs Unione Sportiva Lecce
[2492237] Could not find attributes for anton begeza (Smena Komsomolsk-na-Amure, 2014)
[2524717] Failed to scrape lineup: https://www.transfermarkt.co.uk/spielbericht/index/spielbericht/2524717
[2478676] Failed to scrape lineup: https://www.transfermarkt.co.uk/us-sassuolo_fc-empoli/index/spielbericht/2478676

Keepers & outfield error for **Real Club Deportivo Mallorca S.A.D.** in Real Club Deportivo Mallorca S.A.D. vs Athletic Club Bilbao: Numbers: 2 and 9.
[2492237] Failed to build match row: Smena Komsomolsk-na-Amure vs SKA Khabarovsk
[2917399] Failed to scrape lineup: https://www.transfermarkt.co.uk/spielbericht/index/spielbericht/2917399
[3208665] Failed to build match row: Real Club Deportivo Mallorca S.A.D. vs Athletic Club Bilbao
[2891534] Failed to scrape lineup: https://www.transfermarkt.co.uk/aok-kerkyra_paok-thessaloniki/index/spielbericht/2891534
[2335206] Failed to scrape lineup: https://www.transfermarkt.co.uk/fk-krasnodar_ural-yekaterinburg/index/spielbericht/2335206
Not enough players found for lineup: 11, 0.
[3077331] Failed to scrape lineup: https://www.transfermarkt.co.uk/spielbericht/index/spielbericht/3077331
[3136375] Could not find attributes for ewoud pletinckx (Sportvereniging Zulte Waregem, 2018)
[3136375] Failed to build match row: Sportvereniging Zulte Waregem vs Royal Antwerp Football Club
[2470013] Could not find attributes for irfan can kahveci (Gençlerbirliği Spor Kulübü, 2014)
[3047476] Failed to scrape lineup: https://www.transfermarkt.co.uk/montpellier-hsc_rc-strasbourg-alsace/index/spielbericht/3047476
[2641938] Failed to scrape lineup: https://www.transfermarkt.co.uk/spielbericht/index/spielbericht/2641938
[2470013] Failed to build match row: Gençlerbirliği Spor Kulübü vs Kardemir Karabükspor
[2501186] Could not find attributes for srdjan blazic (PAS Lamia 1964, 2014)
[2577992] Failed to scrape lineup: https://www.transfermarkt.co.uk/crystal-palace_west-ham-united/index/spielbericht/2577992
[2501186] Failed to build match row: PAS Lamia 1964 vs Iraklis Thessaloniki
[2482304] Could not find attributes for alexis blin (Toulouse Football Club, 2014)
[2618967] Failed to scrape lineup: https://www.transfermarkt.co.uk/spielbericht/index/spielbericht/2618967
bericht/3394814
[2346241] Failed to scrape lineup: https://www.transfermarkt.co.uk/akhisar-belediyespor_antalyaspor/index/spielbericht/2346241
[2482304] Failed to build match row: Olympique Lyonnais vs Toulouse Football Club
[2459824] Could not find attributes for luigi bruins (Excelsior Rotterdam, 2014)
[2459824] Failed to build match row: Excelsior Rotterdam vs Willem II Tilburg
[3290535] Could not find attributes for maksymilian stryjek (Eastleigh FC, 2019)
[3290535] Failed to build match row: Crewe Alexandra vs Eastleigh FC

Keepers & outfield error for **Olympique Lyonnais** in Olympique Lyonnais vs Dijon FCO: Numbers: 2 and 9.
[2726821] Could not find attributes for filip djuricic (UC Sampdoria, 2016)
[3252536] Failed to scrape lineup: https://www.transfermarkt.co.uk/spielbericht/index/spielbericht/3252536
[3199455] Failed to build match row: Olympique Lyonnais vs Dijon FCO
[2726821] Failed to build match row: Società Sportiva Lazio S.p.A. vs UC Sampdoria
[2917400] Failed to scrape lineup: https://www.transfermarkt.co.uk/spielbericht/index/spielbericht/2917400

Keepers & outfield error for **CS Marítimo** in CS Marítimo vs Futebol Clube do Porto: Numbers: 2 and 9.
[3069468] Failed to build match row: CS Marítimo vs Futebol Clube do Porto

Keepers & outfield error for **Association Football Club Bournemouth** in Association Football Club Bournemouth vs West Ham United Football Club: Numbers: 2 and 9.
[2872305] Failed to build match row: Association Football Club Bournemouth vs West Ham United Football Club
[2712624] Could not find attributes for yevgen past (Zirka Kropyvnytskyi, 2016)

Keepers & outfield error for **Real Madrid Club de Fútbol** in Real Madrid Club de Fútbol vs Levante Unión Deportiva S.A.D.: Numbers: 2 and 9.
[2712624] Failed to build match row: FC Shakhtar Donetsk vs Zirka Kropyvnytskyi
[3208666] Failed to build match row: Real Madrid Club de Fútbol vs Levante Unión Deportiva S.A.D.
[2641939] Failed to scrape lineup: https://www.transfermarkt.co.uk/spielbericht/index/spielbericht/2641939
[2721037] Could not find attributes for aidi fulangxisi (Boavista FC, 2016)
[2942839] Failed to scrape lineup: https://www.transfermarkt.co.uk/stade-rennais-fc_as-saint-etienne/index/spielbericht/2942839
[2721037] Failed to build match row: Vitória Setúbal FC vs Boavista FC
[2577993] Failed to scrape lineup: https://www.transfermarkt.co.uk/tottenham-hotspur_liverpool-fc/index/spielbericht/2577993
[2459825] Failed to scrape lineup: https://www.transfermarkt.co.uk/twente-enschede-fc_pec-zwolle/index/spielbericht/2459825
[2331046] Could not find attributes for kamil grosicki (Rennes, 2013)
[2331046] Failed to build match row: Olympique de Marseille vs Rennes
[3394815] Failed to scrape lineup: https://www.transfermarkt.co.uk/as-saint-etienne_stade-reims/index/spielbericht/3394815
[2346242] Could not find attributes for ergun teber (Konyaspor, 2013)
[2482305] Could not find attributes for alexis blin (Toulouse Football Club, 2014)
[2482305] Failed to build match row: Toulouse Football Club vs SC Bastia
[2346242] Failed to build match row: Konyaspor vs Gaziantepspor (- 2020)
[3290536] Failed to scrape lineup: https://www.transfermarkt.co.uk/spielbericht/index/spielbericht/3290536

Keepers & outfield error for **Málaga CF** in Getafe Club de Fútbol S. A. D. Team Dubai vs Málaga CF: Numbers: 0 and 11.
[2899727] Failed to build match row: Getafe Club de Fútbol S. A. D. Team Dubai vs Málaga CF
[3211789] Could not find attributes for chiquinho (Sport Lisboa e Benfica, 2019)
[2726822] Failed to scrape lineup: https://www.transfermarkt.co.uk/juventus-fc_torino-fc/index/spielbericht/2726822
[3211789] Failed to build match row: Sporting Clube de Portugal vs Sport Lisboa e Benfica
Not enough players found for lineup: 0, 0.
[2501187] Failed to scrape lineup: https://www.transfermarkt.co.uk/spielbericht/index/spielbericht/2501187
[3069469] Failed to scrape lineup: https://www.transfermarkt.co.uk/boavista-fc_vitoria-guimaraes-sc/index/spielbericht/3069469
[2872306] Failed to scrape lineup: https://www.transfermarkt.co.uk/chelsea-fc_brighton-amp-hove-albion/index/spielbericht/2872306
Not enough players found for lineup: 0, 0.
[3077333] Failed to scrape lineup: https://www.transfermarkt.co.uk/spielbericht/index/spielbericht/3077333
[2335208] Failed to scrape lineup: https://www.transfermarkt.co.uk/zenit-st-petersburg_tom-tomsk/index/spielbericht/2335208
[2478678] Failed to scrape lineup: https://www.transfermarkt.co.uk/ac-cesena_hellas-verona/index/spielbericht/2478678
[2524718] Could not find attributes for pedro taborda (SC Covilhã, 2014)
[2524718] Failed to build match row: SC Covilhã vs FC Penafiel
[3252537] Failed to build match row: FC Basel 1893 AG vs Trabzonspor Kulübü
[3229393] Failed to scrape lineup: https://www.transfermarkt.co.uk/torino-fc_uc-sampdoria/index/spielbericht/3229393
[2883697] Could not find attributes for fabio coentrao (Sporting Clube de Portugal, 2017)

Keepers & outfield error for **Real Sociedad de Fútbol S.A.D.** in Real Sociedad de Fútbol S.A.D. vs Club Atlético de Madrid S.A.D.: Numbers: 2 and 9.
[2883697] Failed to build match row: Sporting Clube de Portugal vs Clube Desportivo de Tondela
[3208667] Failed to build match row: Real Sociedad de Fútbol S.A.D. vs Club Atlético de Madrid S.A.D.
[2459826] Failed to scrape lineup: https://www.transfermarkt.co.uk/sc-heerenveen_ajax-amsterdam/index/spielbericht/2459826
[2482306] Failed to scrape lineup: https://www.transfermarkt.co.uk/paris-saint-germain_fc-evian-thonon-gaillard/index/spielbericht/2482306
[3136377] Failed to scrape lineup: https://www.transfermarkt.co.uk/kaa-gent_rsc-anderlecht/index/spielbericht/3136377
[2721038] Could not find attributes for zainadine (CS Marítimo, 2016)
[3047478] Failed to scrape lineup: https://www.transfermarkt.co.uk/ogc-nice_stade-rennais-fc/index/spielbericht/3047478
[3394816] Failed to scrape lineup: https://www.transfermarkt.co.uk/nimes-olympique_fc-girondins-bordeaux/index/spielbericht/3394816
[2721038] Failed to build match row: CS Marítimo vs Grupo Desportivo Estoril Praia

Keepers & outfield error for **Beşiktaş Jimnastik Kulübü** in Association sportive de Monaco Football Club vs Beşiktaş Jimnastik Kulübü: Numbers: 2 and 9.
[2712625] Could not find attributes for yuriy pankiv (PFK Stal Kamyanske (-2018), 2016)
[2917401] Failed to build match row: Association sportive de Monaco Football Club vs Beşiktaş Jimnastik Kulübü
[2712625] Failed to build match row: PFK Stal Kamyanske (-2018) vs Karpaty Lviv (-2021)
[3069470] Failed to scrape lineup: https://www.transfermarkt.co.uk/cd-feirense_cd-tondela/index/spielbericht/3069470

Keepers & outfield error for **Deportivo de La Coruña** in Villarreal Club de Fútbol S.A.D. vs Deportivo de La Coruña: Numbers: 2 and 9.
[2872307] Failed to scrape lineup: https://www.transfermarkt.co.uk/crystal-palace_arsenal-fc/index/spielbericht/2872307
[2899728] Failed to build match row: Villarreal Club de Fútbol S.A.D. vs Deportivo de La Coruña

Keepers & outfield error for **Chievo Verona** in UC Sampdoria vs Chievo Verona: Numbers: 2 and 9.
[2726823] Failed to build match row: UC Sampdoria vs Chievo Verona
[3053049] Could not find attributes for luka bilobrk (NK Siroki Brijeg, 2018)
[2618969] Could not find attributes for ricardo ferreira (Sporting Clube de Braga, 2015)
[2501188] Could not find attributes for enea kolici (Olympiakos Volou, 2014)
[3053049] Failed to build match row: NK Siroki Brijeg vs NK Domzale
[2618969] Failed to build match row: Sporting Clube de Braga vs FC Slovan Liberec
[2590411] Could not find attributes for emre akbaba (Antalyaspor, 2015)
[2501188] Failed to build match row: Olympiakos Volou vs Athlitiki Enosi Larisas
[2590411] Failed to build match row: Fenerbahçe Spor Kulübü vs Antalyaspor

Keepers & outfield error for **Parma Calcio 1913** in Parma Calcio 1913 vs Genoa Cricket and Football Club: Numbers: 2 and 9.
[3081295] Failed to build match row: Parma Calcio 1913 vs Genoa Cricket and Football Club
[2470014] Could not find attributes for jose sosa (Beşiktaş Jimnastik Kulübü, 2014)
[2478679] Failed to scrape lineup: https://www.transfermarkt.co.uk/chievo-verona_us-sassuolo/index/spielbericht/2478679
[2470014] Failed to build match row: Beşiktaş Jimnastik Kulübü vs Kasımpaşa A.Ş.
[2891535] Could not find attributes for makis giannikoglou (PAS Giannina, 2017)
[2524719] Failed to scrape lineup: https://www.transfermarkt.co.uk/spielbericht/index/spielbericht/2524719
[2891535] Failed to build match row: PAS Giannina vs A.G.S Asteras Tripolis
Not enough players found for lineup: 11, 0.
[3252538] Could not find attributes for stanislav kritsyuk (FK Krasnodar, 2019)

Keepers & outfield error for **SPAL** in SPAL vs Unione Sportiva Sassuolo Calcio: Numbers: 0 and 11.
[3077334] Failed to scrape lineup: https://www.transfermarkt.co.uk/spielbericht/index/spielbericht/3077334
[3229394] Failed to build match row: SPAL vs Unione Sportiva Sassuolo Calcio
[3252538] Failed to build match row: Getafe Club de Fútbol S. A. D. Team Dubai vs FK Krasnodar
[2335209] Could not find attributes for mario fernandes (PFK CSKA Moskva, 2013)
[2721039] Failed to scrape lineup: https://www.transfermarkt.co.uk/fc-porto_fc-pacos-de-ferreira/index/spielbericht/2721039
[2335209] Failed to build match row: FK Dinamo Moskva vs PFK CSKA Moskva
[2883698] Could not find attributes for ponck (Desportivo Aves (- 2020), 2017)
[2883698] Failed to build match row: CS Marítimo vs Desportivo Aves (- 2020)
[2482307] Failed to scrape lineup: https://www.transfermarkt.co.uk/olympique-marseille_ea-guingamp/index/spielbericht/2482307
[2917402] Failed to scrape lineup: https://www.transfermarkt.co.uk/spielbericht/index/spielbericht/2917402
[2577995] Failed to scrape lineup: https://www.transfermarkt.co.uk/newcastle-united_norwich-city/index/spielbericht/2577995
[3069471] Failed to scrape lineup: https://www.transfermarkt.co.uk/sc-braga_vitoria-setubal-fc/index/spielbericht/3069471
[2459827] Failed to scrape lineup: https://www.transfermarkt.co.uk/ado-den-haag_heracles-almelo/index/spielbericht/2459827
[2942841] Failed to scrape lineup: https://www.transfermarkt.co.uk/as-saint-etienne_ea-guingamp/index/spielbericht/2942841
[2492238] Could not find attributes for maksim sutulin (Baikal Irkutsk, 2014)
[2492238] Failed to build match row: Baikal Irkutsk vs Enisey Krasnoyarsk
[2864723] Could not find attributes for egzon sula (Leher TS Bremerhaven, 2017)
[2864723] Failed to build match row: Leher TS Bremerhaven vs 1. Fußball-Club Köln
[2712626] Could not find attributes for oleksandr shovkovskyi (Futbolniy Klub Dynamo Kyiv, 2016)
[3098689] Could not find attributes for caner erkin (Beşiktaş Jimnastik Kulübü, 2018)
[2712626] Failed to build match row: Futbolniy Klub Dynamo Kyiv vs FC Oleksandriya
[3098689] Failed to build match row: Malmö Fotbollförening vs Beşiktaş Jimnastik Kulübü

Keepers & outfield error for **Alaves** in Alaves vs Sevilla Fútbol Club S.A.D.: Numbers: 2 and 9.
[2899729] Failed to build match row: Alaves vs Sevilla Fútbol Club S.A.D.
[2618970] Failed to scrape lineup: https://www.transfermarkt.co.uk/spielbericht/index/spielbericht/2618970

Keepers & outfield error for **Lyngby Boldklub** in Lyngby Boldklub vs Aalborg BK: Numbers: 2 and 9.
[2697558] Failed to build match row: Lyngby Boldklub vs Aalborg BK
[3290537] Could not find attributes for barry cotter (Ipswich Town, 2019)

Keepers & outfield error for **Rio Ave Futebol Clube** in Rio Ave Futebol Clube vs Boavista FC: Numbers: 2 and 9.
[3290537] Failed to build match row: Ipswich Town vs Coventry City
[3211790] Failed to build match row: Rio Ave Futebol Clube vs Boavista FC
[2478680] Failed to scrape lineup: https://www.transfermarkt.co.uk/fc-empoli_juventus-fc/index/spielbericht/2478680
[2609679] Failed to scrape lineup: https://www.transfermarkt.co.uk/fc-toulouse_paris-saint-germain/index/spielbericht/2609679
[2470015] Failed to scrape lineup: https://www.transfermarkt.co.uk/galatasaray_trabzonspor/index/spielbericht/2470015
[2501189] Failed to scrape lineup: https://www.transfermarkt.co.uk/spielbericht/index/spielbericht/2501189
[2721040] Failed to scrape lineup: https://www.transfermarkt.co.uk/fc-arouca_cd-tondela/index/spielbericht/2721040
[2335210] Could not find attributes for felicio brown (PFK Krylya Sovetov Samara, 2013)
[2335210] Failed to build match row: Футбольный клуб "Локомотив" Москва vs PFK Krylya Sovetov Samara
Not enough players found for lineup: 11, 0.
[2770665] Failed to scrape lineup: https://www.transfermarkt.co.uk/spielbericht/index/spielbericht/2770665
[2891536] Failed to scrape lineup: https://www.transfermarkt.co.uk/ao-xanthi_ao-platanias/index/spielbericht/2891536
[3081296] Failed to scrape lineup: https://www.transfermarkt.co.uk/acf-fiorentina_ss-lazio/index/spielbericht/3081296
[3229395] Failed to scrape lineup: https://www.transfermarkt.co.uk/brescia-calcio_udinese-calcio/index/spielbericht/3229395
[2482308] Failed to scrape lineup: https://www.transfermarkt.co.uk/fc-lorient_losc-lille/index/spielbericht/2482308
[3069472] Failed to scrape lineup: https://www.transfermarkt.co.uk/sl-benfica_moreirense-fc/index/spielbericht/3069472
[2883699] Failed to scrape lineup: https://www.transfermarkt.co.uk/boavista-fc_sl-benfica/index/spielbericht/2883699
[2346251] Could not find attributes for hakan arikan (Antalyaspor, 2013)
[2864724] Failed to scrape lineup: https://www.transfermarkt.co.uk/spielbericht/index/spielbericht/2864724
[2346251] Failed to build match row: Antalyaspor vs Kardemir Karabükspor
[2492239] Failed to scrape lineup: https://www.transfermarkt.co.uk/spielbericht/index/spielbericht/2492239
[3077335] Could not find attributes for mykyta kryukov (Krystal Kherson, 2018)
[3077335] Failed to build match row: Krystal Kherson vs Agrobiznes Volochysk
[2459828] Could not find attributes for karim el ahmadi (Feyenoord Rotterdam, 2014)
ce_ogc-nice/index/spielbericht/3199457
[2459828] Failed to build match row: FC Dordrecht vs Feyenoord Rotterdam
[2712627] Could not find attributes for bogdan shust (Vorskla Poltava, 2016)
[2618971] Could not find attributes for denys boyko (Dnipro Dnipropetrovsk (-2020), 2015)
[2712627] Failed to build match row: Vorskla Poltava vs Chornomorets Odesa
[2618971] Failed to build match row: Società Sportiva Lazio S.p.A. vs Dnipro Dnipropetrovsk (-2020)
[2501190] Failed to scrape lineup: https://www.transfermarkt.co.uk/spielbericht/index/spielbericht/2501190
[2331047] Could not find attributes for benoit tremoulinas (AS Saint-Étienne, 2013)
[2331047] Failed to build match row: AS Saint-Étienne vs FC Sochaux-Montbéliard
[2697559] Could not find attributes for karlo bartolec (Fodbold Club Nordsjælland, 2016)
[2697559] Failed to build match row: Fodbold Club Nordsjælland vs Sønderjyske Fodbold
[2891537] Failed to scrape lineup: https://www.transfermarkt.co.uk/olympiacos-piraeus_pas-lamia-1964/index/spielbericht/2891537
[3081297] Failed to scrape lineup: https://www.transfermarkt.co.uk/chievo-verona_ac-milan/index/spielbericht/3081297
[2740481] Could not find attributes for filip benkovic (GNK Dinamo Zagreb, 2016)
[2740481] Failed to build match row: Fußballclub Red Bull Salzburg vs GNK Dinamo Zagreb
[3229396] Failed to scrape lineup: https://www.transfermarkt.co.uk/juventus-fc_brescia-calcio/index/spielbericht/3229396
[2721041] Could not find attributes for bakary bouba sare (Moreirense Futebol Clube, 2016)

Keepers & outfield error for **Sporting Clube de Braga** in Futebol Clube do Porto vs Sporting Clube de Braga: Numbers: 0 and 11.
[2721041] Failed to build match row: CF Os Belenenses vs Moreirense Futebol Clube
[3211791] Failed to build match row: Futebol Clube do Porto vs Sporting Clube de Braga

Keepers & outfield error for **FC Shakhtar Donetsk** in FC Shakhtar Donetsk vs Volyn Lutsk: Numbers: 3 and 8.

Keepers & outfield error for **Elche Club de Fútbol S.A.D.** in Elche Club de Fútbol S.A.D. vs Valencia Club de Fútbol S. A. D.: Numbers: 0 and 11.
[2602698] Failed to build match row: FC Shakhtar Donetsk vs Volyn Lutsk
[3069482] Failed to scrape lineup: https://www.transfermarkt.co.uk/sporting-cp_gd-chaves/index/spielbericht/3069482
[2864725] Failed to scrape lineup: https://www.transfermarkt.co.uk/spielbericht/index/spielbericht/2864725
[2341233] Failed to build match row: Elche Club de Fútbol S.A.D. vs Valencia Club de Fútbol S. A. D.
[2581942] Could not find attributes for timothy chandler (Eintracht Frankfurt Fußball AG, 2015)
[2581942] Failed to build match row: FC Bayern München vs Eintracht Frankfurt Fußball AG

Keepers & outfield error for **Portimonense SC** in Portimonense SC vs CD Feirense: Numbers: 2 and 9.
[2883700] Failed to build match row: Portimonense SC vs CD Feirense
[2346252] Could not find attributes for ahmet calik (Gençlerbirliği Spor Kulübü, 2013)
[2346252] Failed to build match row: Gençlerbirliği Spor Kulübü vs Elazigspor
[3394817] Could not find attributes for elye wahi (Montpellier HSC, 2020)
[3394817] Failed to build match row: Montpellier HSC vs Rennes
[2641940] Could not find attributes for iain campbell (Forfar Athletic FC, 2015)
[2641940] Failed to build match row: Forfar Athletic FC vs Queen's Park FC
[3199458] Failed to scrape lineup: https://www.transfermarkt.co.uk/stade-rennais-fc_fc-toulouse/index/spielbericht/3199458
[3077336] Could not find attributes for bogdan kuksenko (SK Tavriya Simferopol ( - 2022), 2018)
[2459829] Failed to scrape lineup: https://www.transfermarkt.co.uk/fc-utrecht_nac-breda/index/spielbericht/2459829
[3077336] Failed to build match row: SK Tavriya Simferopol ( - 2022) vs Volyn Lutsk
[2712628] Failed to scrape lineup: https://www.transfermarkt.co.uk/dnipro-dnipropetrovsk-2020-_volyn-lutsk/index/spielbericht/2712628
[2872309] Failed to scrape lineup: https://www.transfermarkt.co.uk/liverpool-fc_swansea-city/index/spielbericht/2872309
[3081298] Failed to scrape lineup: https://www.transfermarkt.co.uk/us-sassuolo_ssc-napoli/index/spielbericht/3081298
[3047479] Could not find attributes for yannis salibur (AS Saint-Étienne, 2018)
[3047479] Failed to build match row: Paris Saint-Germain Football Club vs AS Saint-Étienne
Not enough players found for lineup: 0, 0.
[2501191] Failed to scrape lineup: https://www.transfermarkt.co.uk/spielbericht/index/spielbericht/2501191
[2740482] Failed to scrape lineup: https://www.transfermarkt.co.uk/spielbericht/index/spielbericht/2740482
[3053050] Could not find attributes for nemanja calasan (Fudbalski Klub Spartak Ždrepčeva krv, 2018)
/spielbericht/2721042
[3053050] Failed to build match row: Fudbalski Klub Spartak Ždrepčeva krv vs Coleraine FC
[2341234] Failed to scrape lineup: https://www.transfermarkt.co.uk/fc-barcelona_granada-cf/index/spielbericht/2341234
[2917403] Could not find attributes for boy waterman (APOEL Nicosia, 2017)
[3069483] Failed to scrape lineup: https://www.transfermarkt.co.uk/vitoria-guimaraes-sc_cd-santa-clara/index/spielbericht/3069483
[2917403] Failed to build match row: APOEL Nicosia vs Borussia Dortmund
[2864726] Failed to scrape lineup: https://www.transfermarkt.co.uk/spielbericht/index/spielbericht/2864726
[2581943] Failed to scrape lineup: https://www.transfermarkt.co.uk/borussia-dortmund_sv-werder-bremen/index/spielbericht/2581943
[2602699] Failed to scrape lineup: https://www.transfermarkt.co.uk/metalurg-zaporizhya-2016-_fc-oleksandriya/index/spielbericht/2602699
[2470017] Could not find attributes for didier zokora (Akhisarspor, 2014)
[3211792] Failed to scrape lineup: https://www.transfermarkt.co.uk/vitoria-guimaraes-sc_cd-santa-clara/index/spielbericht/3211792
[2470017] Failed to build match row: Akhisarspor vs Mersin Talimyurdu SK
[2478682] Could not find attributes for ignazio abate (Associazione Calcio Milan, 2014)
[2478682] Failed to build match row: Associazione Calcio Milan vs Palermo FC
[2641941] Failed to scrape lineup: https://www.transfermarkt.co.uk/spielbericht/index/spielbericht/2641941
[3394818] Failed to scrape lineup: https://www.transfermarkt.co.uk/rc-strasbourg-alsace_angers-sco/index/spielbericht/3394818

Keepers & outfield error for **Cagliari Calcio** in Cagliari Calcio vs FC Empoli: Numbers: 0 and 11.
[2726824] Failed to build match row: Cagliari Calcio vs FC Empoli
[2872310] Failed to scrape lineup: https://www.transfermarkt.co.uk/manchester-united_burnley-fc/index/spielbericht/2872310
[2712629] Could not find attributes for oleksiy shevchenko (FC Zorya Lugansk, 2016)
[2712629] Failed to build match row: FC Zorya Lugansk vs Olimpik Donetsk
[3047480] Failed to scrape lineup: https://www.transfermarkt.co.uk/fc-toulouse_as-monaco/index/spielbericht/3047480
[2335212] Could not find attributes for martin jiranek (Tom Tomsk, 2013)
[2335212] Failed to build match row: FK Dinamo Moskva vs Tom Tomsk
[3222667] Could not find attributes for pavel londak (Kalju FC, 2019)
[3222667] Failed to build match row: The Celtic Football Club vs Kalju FC
Not enough players found for lineup: 0, 0.
[2501192] Failed to scrape lineup: https://www.transfermarkt.co.uk/spielbericht/index/spielbericht/2501192
[2721043] Failed to scrape lineup: https://www.transfermarkt.co.uk/sc-braga_cd-nacional/index/spielbericht/2721043
[3394819] Failed to scrape lineup: https://www.transfermarkt.co.uk/ogc-nice_fc-metz/index/spielbericht/3394819

Keepers & outfield error for **Vitória Setúbal FC** in Vitória Setúbal FC vs CD Feirense: Numbers: 0 and 11.
[2726825] Failed to scrape lineup: https://www.transfermarkt.co.uk/us-palermo_genoa-cfc/index/spielbericht/2726825
[3069484] Failed to build match row: Vitória Setúbal FC vs CD Feirense
[2642401] Failed to scrape lineup: https://www.transfermarkt.co.uk/spielbericht/index/spielbericht/2642401
[3136378] Could not find attributes for frank boya (Royal Excel Mouscron (-2022), 2018)
[3136378] Failed to build match row: Royal Excel Mouscron (-2022) vs KV Oostende
[2602700] Could not find attributes for rustam khudzhamov (Metalist Kharkiv (- 2016), 2015)

Keepers & outfield error for **Clube Desportivo de Tondela** in Clube Desportivo de Tondela vs Moreirense Futebol Clube: Numbers: 0 and 11.
[2602700] Failed to build match row: Metalist Kharkiv (- 2016) vs FC Zorya Lugansk
[3211793] Failed to build match row: Clube Desportivo de Tondela vs Moreirense Futebol Clube
[2872311] Failed to scrape lineup: https://www.transfermarkt.co.uk/newcastle-united_manchester-city/index/spielbericht/2872311
[2459831] Failed to scrape lineup: https://www.transfermarkt.co.uk/willem-ii-tilburg_fc-dordrecht/index/spielbericht/2459831
[3199460] Could not find attributes for stephy mavididi (Dijon FCO, 2019)
[3077349] Could not find attributes for oleksandr matveyev (MFC Metalurg Zaporizhya, 2018)
[2891538] Could not find attributes for michalis kyrgias (Apollon Smyrnis, 2017)
[2618972] Could not find attributes for pal andre helland (Rosenborg Ballklub, 2015)
[3053051] Could not find attributes for aram hayrapetyan (FC Urartu Yerevan, 2018)
[3077349] Failed to build match row: MFC Metalurg Zaporizhya vs SC Dnipro-1
[3252539] Could not find attributes for edvard tagseth (Rosenborg Ballklub, 2019)
[2891538] Failed to build match row: Apollon Smyrnis vs Panionios Athens
[2618972] Failed to build match row: Rosenborg Ballklub vs AS Saint-Étienne
[3252539] Failed to build match row: Eindhovense Voetbalvereniging Philips Sport Vereniging vs Rosenborg Ballklub
[3199460] Failed to build match row: Stade brestois 29 vs Dijon FCO
[3053051] Failed to build match row: FC Urartu Yerevan vs FK Sarajevo
[3290538] Could not find attributes for pierce bird (Boston United, 2019)
[3290538] Failed to build match row: Boston United vs Rochdale AFC
[3047511] Could not find attributes for jean clair todibo (Toulouse Football Club, 2018)

Keepers & outfield error for **Association sportive de Monaco Football Club** in Association sportive de Monaco Football Club vs Toulouse Football Club: Numbers: 2 and 9.
[3047511] Failed to build match row: Angers Sporting Club de l'Ouest vs Toulouse Football Club
[2501193] Failed to scrape lineup: https://www.transfermarkt.co.uk/spielbericht/index/spielbericht/2501193
[2609680] Failed to build match row: Association sportive de Monaco Football Club vs Toulouse Football Club
[3069485] Failed to scrape lineup: https://www.transfermarkt.co.uk/cd-nacional_cs-maritimo/index/spielbericht/3069485
[3394820] Failed to scrape lineup: https://www.transfermarkt.co.uk/rc-lens_dijon-fco/index/spielbericht/3394820
[2726826] Failed to scrape lineup: https://www.transfermarkt.co.uk/as-roma_juventus-fc/index/spielbericht/2726826
[3229397] Could not find attributes for andrea bertolacci (UC Sampdoria, 2019)
[3229397] Failed to build match row: UC Sampdoria vs Associazione Calcio Fiorentina
Not enough players found for lineup: 0, 11.
[2642402] Failed to scrape lineup: https://www.transfermarkt.co.uk/spielbericht/index/spielbericht/2642402
[2470019] Failed to scrape lineup: https://www.transfermarkt.co.uk/eskisehirspor_kayseri-erciyesspor/index/spielbericht/2470019
[2577997] Failed to scrape lineup: https://www.transfermarkt.co.uk/west-bromwich-albion_sunderland-afc/index/spielbericht/2577997
[2602701] Failed to scrape lineup: https://www.transfermarkt.co.uk/chornomorets-odesa_dnipro-dnipropetrovsk-2020-/index/spielbericht/2602701
[2721044] Could not find attributes for ponck (GD Chaves, 2016)
[3211794] Failed to scrape lineup: https://www.transfermarkt.co.uk/fc-porto_gil-vicente-fc/index/spielbericht/3211794
[2864729] Failed to scrape lineup: https://www.transfermarkt.co.uk/spielbericht/index/spielbericht/2864729
[2478684] Could not find attributes for dodo (Football Club Internazionale Milano S.p.A., 2014)

Keepers & outfield error for **SPAL** in Football Club Internazionale Milano S.p.A. vs SPAL: Numbers: 2 and 9.
[2478684] Failed to build match row: Parma Calcio 1913 vs Football Club Internazionale Milano S.p.A.
[2721044] Failed to build match row: GD Chaves vs Rio Ave Futebol Clube
[3081299] Failed to build match row: Football Club Internazionale Milano S.p.A. vs SPAL
[2360127] Could not find attributes for ricardo janota (Académico Viseu FC, 2013)
[2360127] Failed to build match row: Académico Viseu FC vs Atlético CP

Keepers & outfield error for **Association sportive de Monaco Football Club** in Olympique Lyonnais vs Association sportive de Monaco Football Club: Numbers: 2 and 9.
[2331048] Failed to build match row: Olympique Lyonnais vs Association sportive de Monaco Football Club
[2697561] Failed to scrape lineup: https://www.transfermarkt.co.uk/esbjerg-fb_randers-fc/index/spielbericht/2697561
[2346253] Failed to scrape lineup: https://www.transfermarkt.co.uk/gaziantepspor_fenerbahce/index/spielbericht/2346253
[3222668] Could not find attributes for rahil mammadov (Qarabağ FK, 2019)
[3222668] Failed to build match row: Dundalk FC vs Qarabağ FK
[3077350] Failed to scrape lineup: https://www.transfermarkt.co.uk/spielbericht/index/spielbericht/3077350
[3199461] Failed to scrape lineup: https://www.transfermarkt.co.uk/olympique-lyon_fc-metz/index/spielbericht/3199461
[2609681] Failed to scrape lineup: https://www.transfermarkt.co.uk/ea-guingamp_sc-bastia/index/spielbericht/2609681
[2501194] Failed to scrape lineup: https://www.transfermarkt.co.uk/spielbericht/index/spielbericht/2501194
[2459832] Failed to scrape lineup: https://www.transfermarkt.co.uk/heracles-almelo_sc-heerenveen/index/spielbericht/2459832
[3252540] Failed to scrape lineup: https://www.transfermarkt.co.uk/spielbericht/index/spielbericht/3252540
[2470020] Failed to scrape lineup: https://www.transfermarkt.co.uk/caykur-rizespor_basaksehir-fk/index/spielbericht/2470020
[2379809] Could not find attributes for ritchie branagan (Macclesfield Town FC, 2013)
[2713041] Could not find attributes for denys shelikhov (Dnipro Dnipropetrovsk (-2020), 2016)
[2379809] Failed to build match row: Macclesfield Town FC vs Swindon Town
[2713041] Failed to build match row: Dnipro Dnipropetrovsk (-2020) vs PFK Stal Kamyanske (-2018)
[2478685] Failed to scrape lineup: https://www.transfermarkt.co.uk/uc-sampdoria_acf-fiorentina/index/spielbericht/2478685
[2321983] Could not find attributes for peter enckelman (IFK Mariehamn, 2013)
[2740483] Could not find attributes for dudu goresh (Hapoel Beer Sheva, 2016)
[3229398] Failed to scrape lineup: https://www.transfermarkt.co.uk/bologna-fc-1909_genoa-cfc/index/spielbericht/3229398
[2864730] Failed to scrape lineup: https://www.transfermarkt.co.uk/spielbericht/index/spielbericht/2864730
[3211795] Failed to scrape lineup: https://www.transfermarkt.co.uk/moreirense-fc_sc-braga/index/spielbericht/3211795
[2321983] Failed to build match row: IFK Mariehamn vs FK Inter Baku
[2335214] Could not find attributes for sergei pareiko (Volga Nizhniy Novgorod (- 2016), 2013)
[2740483] Failed to build match row: Hapoel Beer Sheva vs The Celtic Football Club
[2335214] Failed to build match row: Volga Nizhniy Novgorod (- 2016) vs PFK Krylya Sovetov Samara
[3047512] Could not find attributes for pedro rebocho (EA Guingamp, 2018)
[2618973] Could not find attributes for maicon bolt (Футбольный клуб "Локомотив" Москва, 2015)
[2618973] Failed to build match row: Футбольный клуб "Локомотив" Москва vs Sporting Clube de Portugal
[3047512] Failed to build match row: EA Guingamp vs FC Girondins Bordeaux

Keepers & outfield error for **Società Sportiva Lazio S.p.A.** in Associazione Calcio Fiorentina vs Società Sportiva Lazio S.p.A.: Numbers: 2 and 9.

Keepers & outfield error for **Futebol Clube do Porto** in Futebol Clube do Porto vs Sporting Clube de Braga: Numbers: 2 and 9.
[2726827] Failed to build match row: Associazione Calcio Fiorentina vs Società Sportiva Lazio S.p.A.
[3069486] Failed to build match row: Futebol Clube do Porto vs Sporting Clube de Braga
[2590412] Could not find attributes for doka madureira (İstanbul Başakşehir Futbol Kulübü, 2015)
[2590412] Failed to build match row: İstanbul Başakşehir Futbol Kulübü vs Bursaspor
[3222669] Failed to scrape lineup: https://www.transfermarkt.co.uk/spielbericht/index/spielbericht/3222669
[3199462] Failed to scrape lineup: https://www.transfermarkt.co.uk/paris-saint-germain_olympique-marseille/index/spielbericht/3199462
[2346254] Could not find attributes for harun tekin (Bursaspor, 2013)
[2346254] Failed to build match row: Bursaspor vs Konyaspor
[3290540] Could not find attributes for aristotelis karasalidis (AO Xanthi, 2019)
[3290540] Failed to build match row: AO Xanthi vs Panetolikos Agrinio
[3252541] Failed to scrape lineup: https://www.transfermarkt.co.uk/spielbericht/index/spielbericht/3252541
[2501195] Failed to scrape lineup: https://www.transfermarkt.co.uk/spielbericht/index/spielbericht/2501195
[3208669] Failed to scrape lineup: https://www.transfermarkt.co.uk/athletic-bilbao_deportivo-alaves/index/spielbericht/3208669

Keepers & outfield error for **Rio Ave Futebol Clube** in Rio Ave Futebol Clube vs Futebol Clube do Porto: Numbers: 2 and 9.
[2883701] Failed to build match row: Rio Ave Futebol Clube vs Futebol Clube do Porto
[2321984] Failed to scrape lineup: https://www.transfermarkt.co.uk/spielbericht/index/spielbericht/2321984
[3211796] Failed to scrape lineup: https://www.transfermarkt.co.uk/sporting-cp_cs-maritimo/index/spielbericht/3211796

Keepers & outfield error for **Club Atlético River Plate** in Kashima Antlers FC vs Club Atlético River Plate: Numbers: 2 and 9.
[2726828] Failed to scrape lineup: https://www.transfermarkt.co.uk/atalanta-bc_ac-milan/index/spielbericht/2726828
[3136570] Failed to build match row: Kashima Antlers FC vs Club Atlético River Plate
[2335215] Failed to scrape lineup: https://www.transfermarkt.co.uk/zenit-st-petersburg_ural-yekaterinburg/index/spielbericht/2335215
[3098691] Could not find attributes for richard soumah (Apollon Limassol, 2018)
[3047513] Failed to scrape lineup: https://www.transfermarkt.co.uk/losc-lille_fc-nantes/index/spielbericht/3047513
[3199463] Failed to scrape lineup: https://www.transfermarkt.co.uk/fc-nantes_as-monaco/index/spielbericht/3199463
[2341237] Failed to scrape lineup: https://www.transfermarkt.co.uk/villarreal-cf_malaga-cf/index/spielbericht/2341237
[2713042] Could not find attributes for yevgen past (Zirka Kropyvnytskyi, 2016)
[3098691] Failed to build match row: Apollon Limassol vs Olympique de Marseille
[2713042] Failed to build match row: Zirka Kropyvnytskyi vs FC Zorya Lugansk
[3053052] Could not find attributes for vuk radovic (Rudar Pljevlja, 2018)
[3053052] Failed to build match row: Rudar Pljevlja vs Fudbalski Klub Partizan Beograd

Keepers & outfield error for **Clube Desportivo de Tondela** in Clube Desportivo de Tondela vs Sport Lisboa e Benfica: Numbers: 0 and 11.
[2346255] Failed to scrape lineup: https://www.transfermarkt.co.uk/galatasaray_kayserispor/index/spielbericht/2346255
[3069487] Failed to build match row: Clube Desportivo de Tondela vs Sport Lisboa e Benfica
[2891539] Could not find attributes for yaya banana (Panionios Athens, 2017)

Keepers & outfield error for **Association sportive de Monaco Football Club** in Association sportive de Monaco Football Club vs Football Club de Nantes: Numbers: 3 and 8.
[2618974] Could not find attributes for orges shehi (KF Skënderbeu, 2015)
[2872313] Could not find attributes for tom cleverley (Watford FC, 2017)

Keepers & outfield error for **Gaziantepspor (- 2020)** in Gaziantepspor (- 2020) vs Beşiktaş Jimnastik Kulübü: Numbers: 2 and 9.
[2891539] Failed to build match row: Panionios Athens vs AOK Kerkyra
[2872313] Failed to build match row: Watford FC vs Leicester City
[2700692] Could not find attributes for taiwo awoniyi (Nijmegen Eendracht Combinatie, 2016)
[2618974] Failed to build match row: Beşiktaş Jimnastik Kulübü vs KF Skënderbeu
[3394821] Could not find attributes for trevoh chalobah (Football Club Lorient-Bretagne Sud, 2020)
[2482311] Failed to build match row: Association sportive de Monaco Football Club vs Football Club de Nantes
[2590413] Failed to build match row: Gaziantepspor (- 2020) vs Beşiktaş Jimnastik Kulübü
[2770666] Could not find attributes for jerge hoefdraad (SC Cambuur Leeuwarden, 2016)
[2700692] Failed to build match row: Roda JC Kerkrade vs Nijmegen Eendracht Combinatie
[3208670] Could not find attributes for diego costa (Club Atlético de Madrid S.A.D., 2019)
[3077351] Could not find attributes for mykola zinchenko (Viktoriya Sumy, 2018)
[2770666] Failed to build match row: SC Cambuur Leeuwarden vs AFC Ajax Amsterdam
[2740484] Could not find attributes for boy waterman (APOEL Nicosia, 2016)
[3394821] Failed to build match row: Football Club Lorient-Bretagne Sud vs Lille Olympique Sporting Club
[3208670] Failed to build match row: Club Atlético de Madrid S.A.D. vs Celta
[3290541] Could not find attributes for nikolaos korovesis (Omilos Filathlon Irakliou FC, 2019)
[2721045] Could not find attributes for edson farias (CD Feirense, 2016)
[2740484] Failed to build match row: APOEL Nicosia vs Football Club København
[3077351] Failed to build match row: Viktoriya Sumy vs Myr Gornostaivka

Keepers & outfield error for **Sport Lisboa e Benfica** in Manchester United Football Club vs Sport Lisboa e Benfica: Numbers: 2 and 9.
[3290541] Failed to build match row: Omilos Filathlon Irakliou FC vs Panathinaikos Athlitikos Omilos
[2721045] Failed to build match row: CD Feirense vs Sporting Clube de Portugal
[2917406] Failed to build match row: Manchester United Football Club vs Sport Lisboa e Benfica

Keepers & outfield error for **The Celtic Football Club** in Fotbal Club CFR 1907 Cluj SA vs The Celtic Football Club: Numbers: 2 and 9.
Not enough players found for lineup: 11, 0.
[3252542] Failed to build match row: Fotbal Club CFR 1907 Cluj SA vs The Celtic Football Club
[3222670] Failed to scrape lineup: https://www.transfermarkt.co.uk/spielbericht/index/spielbericht/3222670
[2602702] Could not find attributes for stanislav bogush (Vorskla Poltava, 2015)
[2602702] Failed to build match row: Vorskla Poltava vs Goverla Uzhgorod (- 2016)
[2713043] Could not find attributes for yevgen borovyk (Chornomorets Odesa, 2016)
[2713043] Failed to build match row: Chornomorets Odesa vs FC Shakhtar Donetsk
[2379858] Could not find attributes for jesper rask (Hobro IK, 2013)
[2891540] Could not find attributes for moise adilehou (APO Levadiakos Football Club, 2017)
[3394822] Could not find attributes for yuto nagatomo (Olympique de Marseille, 2020)
[2891540] Failed to build match row: Panthessalonikios Athlitikos Omilos Konstantinoupoliton vs APO Levadiakos Football Club
[2379858] Failed to build match row: Hobro IK vs Fodbold Club Nordsjælland
[3394822] Failed to build match row: Football Club de Nantes vs Olympique de Marseille
[2360128] Could not find attributes for banjai (UD Oliveirense, 2013)
[2360128] Failed to build match row: Moreirense Futebol Clube vs UD Oliveirense
[3222671] Failed to scrape lineup: https://www.transfermarkt.co.uk/spielbericht/index/spielbericht/3222671
[2942847] Failed to scrape lineup: https://www.transfermarkt.co.uk/olympique-marseille_olympique-lyon/index/spielbericht/2942847
[2470022] Could not find attributes for irfan can kahveci (Gençlerbirliği Spor Kulübü, 2014)

Keepers & outfield error for **Clube Desportivo de Tondela** in Clube Desportivo de Tondela vs Vitória Setúbal FC: Numbers: 0 and 11.
[2470022] Failed to build match row: Trabzonspor Kulübü vs Gençlerbirliği Spor Kulübü
[3211797] Failed to build match row: Clube Desportivo de Tondela vs Vitória Setúbal FC
[2577999] Could not find attributes for erik pieters (Stoke City, 2015)
[2577999] Failed to build match row: Stoke City vs Watford FC
[2721046] Could not find attributes for carlinhos (Grupo Desportivo Estoril Praia, 2016)
Not enough players found for lineup: 0, 0.
[2721046] Failed to build match row: Grupo Desportivo Estoril Praia vs Futebol Clube de Arouca
[2501196] Failed to scrape lineup: https://www.transfermarkt.co.uk/spielbericht/index/spielbericht/2501196

Keepers & outfield error for **Olympiakos Syndesmos Filathlon Peiraios** in Olympiakos Syndesmos Filathlon Peiraios vs Athlitiki Enosi Larisas: Numbers: 0 and 11.
[3290542] Failed to build match row: Olympiakos Syndesmos Filathlon Peiraios vs Athlitiki Enosi Larisas
[2713044] Could not find attributes for andriy novak (FC Oleksandriya, 2016)

Keepers & outfield error for **Levante Unión Deportiva S.A.D.** in Levante Unión Deportiva S.A.D. vs Granada CF: Numbers: 2 and 9.
[2864731] Could not find attributes for holger fuchs (FC Nöttingen, 2017)
[2864731] Failed to build match row: FC Nöttingen vs VfL Bochum
[2341238] Failed to build match row: Levante Unión Deportiva S.A.D. vs Granada CF
[2642404] Could not find attributes for leon ter wielen (Achilles '29, 2015)
[2642404] Failed to build match row: Achilles '29 vs Football Club Utrecht
[2335216] Could not find attributes for jeremy bokila (RFK Akhmat Grozny, 2013)
[2335216] Failed to build match row: RFK Akhmat Grozny vs FK Spartak Moskva
[2379859] Could not find attributes for lukas fernandes (Lyngby Boldklub, 2013)
[2379859] Failed to build match row: Lyngby Boldklub vs Football Club København
[2713045] Failed to scrape lineup: https://www.transfermarkt.co.uk/karpaty-lviv_dynamo-kyiv/index/spielbericht/2713045

Keepers & outfield error for **Boavista FC** in B SAD vs Boavista FC: Numbers: 0 and 11.
[2346256] Could not find attributes for ersan gulum (Beşiktaş Jimnastik Kulübü, 2013)
[3047516] Failed to scrape lineup: https://www.transfermarkt.co.uk/montpellier-hsc_ogc-nice/index/spielbericht/3047516
[3069488] Failed to build match row: B SAD vs Boavista FC
[2346256] Failed to build match row: Beşiktaş Jimnastik Kulübü vs Akhisarspor
[2590414] Could not find attributes for sabri sarioglu (Galatasaray Spor Kulübü, 2015)
[2590414] Failed to build match row: Konyaspor vs Galatasaray Spor Kulübü

Keepers & outfield error for **Celta** in Celta vs Rayo Vallecano de Madrid S. A. D.: Numbers: 2 and 9.
[2341239] Failed to build match row: Celta vs Rayo Vallecano de Madrid S. A. D.
[2492240] Could not find attributes for timur bagautdinov (Volga Uljanovsk, 2014)
[2478688] Could not find attributes for mauricio pinilla (Genoa Cricket and Football Club, 2014)
[2492240] Failed to build match row: Volga Uljanovsk vs Sokol Saratov
[2478688] Failed to build match row: Cagliari Calcio vs Genoa Cricket and Football Club

Keepers & outfield error for **Olympique Lyonnais** in Stade brestois 29 vs Olympique Lyonnais: Numbers: 2 and 9.
[3394823] Failed to build match row: Stade brestois 29 vs Olympique Lyonnais
Not enough players found for lineup: 0, 0.
[2501197] Failed to scrape lineup: https://www.transfermarkt.co.uk/spielbericht/index/spielbericht/2501197

Keepers & outfield error for **Vitória Sport Clube** in Eintracht Frankfurt Fußball AG vs Vitória Sport Clube: Numbers: 0 and 11.
[3252543] Failed to build match row: Eintracht Frankfurt Fußball AG vs Vitória Sport Clube
[2602703] Could not find attributes for yuriy pankiv (PFK Stal Kamyanske (-2018), 2015)
[2602703] Failed to build match row: PFK Stal Kamyanske (-2018) vs Karpaty Lviv (-2021)
[2335217] Could not find attributes for jeremy bokila (RFK Akhmat Grozny, 2013)
[2335217] Failed to build match row: RFK Akhmat Grozny vs AO FK Zenit Sankt-Peterburg
[2321985] Could not find attributes for chris davies (Prestatyn Town, 2013)
[2321985] Failed to build match row: Prestatyn Town vs Liepajas Metalurgs
[2331051] Could not find attributes for itay shechter (Football Club de Nantes, 2013)
[2331051] Failed to build match row: Lille Olympique Sporting Club vs Football Club de Nantes
[2459834] Could not find attributes for wilson eduardo (ADO Den Haag, 2014)
[2459834] Failed to build match row: AFC Ajax Amsterdam vs ADO Den Haag
[3229401] Could not find attributes for ragnar klavan (Cagliari Calcio, 2019)
[3229401] Failed to build match row: Cagliari Calcio vs Società Sportiva Calcio Napoli
[2891541] Could not find attributes for theofanis tzandaris (Panathinaikos Athlitikos Omilos, 2017)
[2891541] Failed to build match row: Panathinaikos Athlitikos Omilos vs AOK Kerkyra
[2492241] Failed to scrape lineup: https://www.transfermarkt.co.uk/spielbericht/index/spielbericht/2492241
82313
[2917409] Could not find attributes for jakub rzezniczak (Qarabağ FK, 2017)
[2917409] Failed to build match row: Club Atlético de Madrid S.A.D. vs Qarabağ FK
[3290543] Could not find attributes for dmytro chygrynskyi (Athlitiki Enosi Konstantinoupoleos, 2019)
[2713046] Could not find attributes for miha goropevsek (Volyn Lutsk, 2016)
[2501198] Failed to scrape lineup: https://www.transfermarkt.co.uk/spielbericht/index/spielbericht/2501198
[3290543] Failed to build match row: Athlitiki Enosi Konstantinoupoleos vs A.G.S Asteras Tripolis
[2713046] Failed to build match row: Volyn Lutsk vs Olimpik Donetsk
[3081302] Could not find attributes for ola aina (Torino Calcio, 2018)
[3081302] Failed to build match row: Torino Calcio vs Bologna Football Club 1909
[3211798] Could not find attributes for ivo pinto (Futebol Clube de Famalicão, 2019)
[2335218] Failed to scrape lineup: https://www.transfermarkt.co.uk/fk-krasnodar_cska-moscow/index/spielbericht/2335218

Keepers & outfield error for **Aberdeen Football Club** in Aberdeen Football Club vs Livingston Football Club: Numbers: 0 and 11.
[3211798] Failed to build match row: Futebol Clube de Famalicão vs Clube Desportivo Santa Clara
[3394824] Failed to build match row: Aberdeen Football Club vs Livingston Football Club
[3098692] Failed to scrape lineup: https://www.transfermarkt.co.uk/spielbericht/index/spielbericht/3098692
[3199466] Failed to scrape lineup: https://www.transfermarkt.co.uk/losc-lille_fc-girondins-bordeaux/index/spielbericht/3199466
[2642405] Could not find attributes for jurien gaari (Kozakken Boys, 2015)
[2642405] Failed to build match row: Kozakken Boys vs Alkmaar Zaanstreek
[2602704] Could not find attributes for roman mysak (Karpaty Lviv (-2021), 2015)

Keepers & outfield error for **Lyngby Boldklub** in Lyngby Boldklub vs Brøndby Idrætsforening: Numbers: 2 and 9.
[2697565] Failed to build match row: Lyngby Boldklub vs Brøndby Idrætsforening
[2602704] Failed to build match row: Karpaty Lviv (-2021) vs Olimpik Donetsk

Keepers & outfield error for **Cesena FC** in Chievo Verona vs Cesena FC: Numbers: 2 and 9.
[2321986] Could not find attributes for matic kotnik (NK Celje, 2013)

Keepers & outfield error for **Olympique de Marseille** in Dijon FCO vs Olympique de Marseille: Numbers: 2 and 9.
[2478689] Failed to build match row: Chievo Verona vs Cesena FC
[2942850] Failed to build match row: Dijon FCO vs Olympique de Marseille
[2524720] Could not find attributes for kheireddine zarabi (CF União Madeira (-2021), 2014)
[2321986] Failed to build match row: NK Celje vs Tromsø Idrettslag
[2524720] Failed to build match row: CF União Madeira (-2021) vs FC Paços de Ferreira
[2891542] Could not find attributes for giannis kontoes (Apollon Smyrnis, 2017)
[2360129] Could not find attributes for kuca (GD Chaves, 2013)
[2891542] Failed to build match row: Apollon Smyrnis vs APS Atromitos Athinon
[2360129] Failed to build match row: GD Chaves vs CD Feirense
[2721047] Could not find attributes for lionn (Rio Ave Futebol Clube, 2016)
[2721047] Failed to build match row: Rio Ave Futebol Clube vs CF Os Belenenses
[2581950] Could not find attributes for slobodan rajkovic (SV Darmstadt 98, 2015)
Not enough players found for lineup: 0, 0.
[2581950] Failed to build match row: SV Darmstadt 98 vs Verein für Bewegungsspiele Stuttgart 1893
Not enough players found for lineup: 0, 0.
[2501199] Failed to scrape lineup: https://www.transfermarkt.co.uk/spielbericht/index/spielbericht/2501199
[3222673] Could not find attributes for ivo pinto (GNK Dinamo Zagreb, 2019)
[3069489] Could not find attributes for ponck (Desportivo Aves (- 2020), 2018)
[3077352] Failed to scrape lineup: https://www.transfermarkt.co.uk/spielbericht/index/spielbericht/3077352
[3222673] Failed to build match row: GNK Dinamo Zagreb vs Iberia 1999 Tbilisi
[3069489] Failed to build match row: Desportivo Aves (- 2020) vs Rio Ave Futebol Clube
[3290544] Could not find attributes for balazs megyeri (APS Atromitos Athinon, 2019)
[3290544] Failed to build match row: APS Atromitos Athinon vs PAS Lamia 1964

Keepers & outfield error for **FC Paços de Ferreira** in FC Paços de Ferreira vs Sport Lisboa e Benfica: Numbers: 3 and 8.
[2864733] Failed to scrape lineup: https://www.transfermarkt.co.uk/spielbericht/index/spielbericht/2864733
[3211799] Failed to build match row: FC Paços de Ferreira vs Sport Lisboa e Benfica
[3199467] Could not find attributes for jimmy briand (FC Girondins Bordeaux, 2019)
[3199467] Failed to build match row: FC Girondins Bordeaux vs Football Club de Nantes
[3053053] Could not find attributes for dante leverock (JK Trans Narva, 2018)
[3053053] Failed to build match row: JK Trans Narva vs FK Zeljeznicar Sarajevo
[2883702] Failed to scrape lineup: https://www.transfermarkt.co.uk/desportivo-aves-2020-_rio-ave-fc/index/spielbericht/2883702
[2346257] Could not find attributes for mustafa akbas (Trabzonspor Kulübü, 2013)
[3136571] Could not find attributes for tsukasa shiotani (Al-Ain FC, 2018)
[2346257] Failed to build match row: Trabzonspor Kulübü vs Kasımpaşa A.Ş.
[3136571] Failed to build match row: Real Madrid Club de Fútbol vs Al-Ain FC
[2726829] Failed to scrape lineup: https://www.transfermarkt.co.uk/torino-fc_ssc-napoli/index/spielbericht/2726829
[2602705] Failed to scrape lineup: https://www.transfermarkt.co.uk/fc-oleksandriya_metalist-kharkiv/index/spielbericht/2602705
[2470024] Failed to build match row: İstanbul Başakşehir Futbol Kulübü vs Bursaspor
[2697566] Could not find attributes for karlo bartolec (Fodbold Club Nordsjælland, 2016)
[2697566] Failed to build match row: AC Horsens vs Fodbold Club Nordsjælland
[3047517] Could not find attributes for julio tavares (Dijon FCO, 2018)
[3047517] Failed to build match row: Stade Reims vs Dijon FCO
[2872315] Failed to scrape lineup: https://www.transfermarkt.co.uk/afc-bournemouth_everton-fc/index/spielbericht/2872315
[2360130] Failed to scrape lineup: https://www.transfermarkt.co.uk/spielbericht/index/spielbericht/2360130
[2581951] Failed to scrape lineup: https://www.transfermarkt.co.uk/fc-schalke-04_borussia-dortmund/index/spielbericht/2581951
[2492242] Could not find attributes for rudolf chesalov (Neftekhimik Nizhnekamsk, 2014)
[2492242] Failed to build match row: Neftekhimik Nizhnekamsk vs FC Orenburg
Not enough players found for lineup: 0, 0.
[2524721] Failed to scrape lineup: https://www.transfermarkt.co.uk/spielbericht/index/spielbericht/2524721

Keepers & outfield error for **Boavista FC** in Boavista FC vs Sport Lisboa e Benfica: Numbers: 0 and 11.
[2721048] Failed to build match row: Boavista FC vs Sport Lisboa e Benfica
[2713047] Could not find attributes for yuriy pankiv (PFK Stal Kamyanske (-2018), 2016)
[2713047] Failed to build match row: PFK Stal Kamyanske (-2018) vs Volyn Lutsk
[3098693] Could not find attributes for nikolay rasskazov (FK Spartak Moskva, 2018)
Not enough players found for lineup: 0, 11.
[2459835] Could not find attributes for karim el ahmadi (Feyenoord Rotterdam, 2014)
[3098693] Failed to build match row: FK Spartak Moskva vs Villarreal Club de Fútbol S.A.D.
[2501200] Failed to scrape lineup: https://www.transfermarkt.co.uk/spielbericht/index/spielbericht/2501200
[2459835] Failed to build match row: Feyenoord Rotterdam vs Eindhovense Voetbalvereniging Philips Sport Vereniging

Keepers & outfield error for **Real Betis Balompié S.A.D.** in Málaga CF vs Real Betis Balompié S.A.D.: Numbers: 2 and 9.
[2341242] Failed to build match row: Málaga CF vs Real Betis Balompié S.A.D.
[3069490] Could not find attributes for chiquinho (Moreirense Futebol Clube, 2018)
[2642406] Could not find attributes for nick van der ploeg (VV Capelle, 2015)
[3069490] Failed to build match row: Moreirense Futebol Clube vs Portimonense SC
[2642406] Failed to build match row: VV Capelle vs VVSB Noordwijkerhout
[3222674] Could not find attributes for joseph zerafa (Valletta FC, 2019)
[3222674] Failed to build match row: Valletta FC vs Ferencvárosi TC
[3053054] Could not find attributes for dejan milic (NK Domzale, 2018)
[3053054] Failed to build match row: NK Domzale vs NK Siroki Brijeg
[3229402] Could not find attributes for georgios kyriakopoulos (Unione Sportiva Sassuolo Calcio, 2019)
[3229402] Failed to build match row: Unione Sportiva Sassuolo Calcio vs Parma Calcio 1913
[2891543] Could not find attributes for athanasios panteliadis (PAS Lamia 1964, 2017)
[2891543] Failed to build match row: PAS Lamia 1964 vs A.G.S Asteras Tripolis
[3290545] Could not find attributes for georgios delizisis (Aris Thessalonikis, 2019)
[2524722] Could not find attributes for kodjo alphonse (Académico Viseu FC, 2014)
[3290545] Failed to build match row: Aris Thessalonikis vs Volou Neos Podosferikos Syllogos
[2524722] Failed to build match row: Académico Viseu FC vs CF Os Belenenses

Keepers & outfield error for **Paris Saint-Germain Football Club** in Paris Saint-Germain Football Club vs AS Saint-Étienne: Numbers: 2 and 9.
[2331053] Failed to build match row: Paris Saint-Germain Football Club vs AS Saint-Étienne

Keepers & outfield error for **EA Guingamp** in EA Guingamp vs FC Girondins Bordeaux: Numbers: 2 and 9.

Keepers & outfield error for **Deportivo de La Coruña** in Real Madrid Club de Fútbol vs Deportivo de La Coruña: Numbers: 2 and 9.
[2942851] Failed to build match row: EA Guingamp vs FC Girondins Bordeaux
[2899737] Failed to build match row: Real Madrid Club de Fútbol vs Deportivo de La Coruña
[2726830] Could not find attributes for mamadou coulibaly (Delfino Pescara 1936, 2016)
[2726830] Failed to build match row: Bologna Football Club 1909 vs Delfino Pescara 1936
[3077353] Could not find attributes for vladyslav andrusenko (FK Kalush, 2018)
[2872316] Could not find attributes for saido berahino (Stoke City, 2017)
[2872316] Failed to build match row: Chelsea Football Club vs Stoke City
[3077353] Failed to build match row: FK Kalush vs Avangard Kramatorsk
[2602706] Could not find attributes for artem kychak (Volyn Lutsk, 2015)
[2602706] Failed to build match row: Volyn Lutsk vs Metalurg Zaporizhya (-2016)
[2346258] Could not find attributes for gokhan degirmenci (Kayseri Erciyesspor, 2013)
[2492243] Could not find attributes for aleksandr nechaev (FK Sevastopol, 2014)
Not enough players found for lineup: 0, 0.
[2346258] Failed to build match row: Kayseri Erciyesspor vs Sivasspor
[2492243] Failed to build match row: FK Sevastopol vs Volgar Astrakhan

Keepers & outfield error for **Associazione Calcio Fiorentina** in Associazione Calcio Fiorentina vs Società Sportiva Calcio Napoli: Numbers: 0 and 11.

Keepers & outfield error for **Sporting Clube de Portugal** in Sporting Clube de Portugal vs Juventus Football Club: Numbers: 0 and 11.
[2883704] Failed to scrape lineup: https://www.transfermarkt.co.uk/vitoria-guimaraes-sc_cs-maritimo/index/spielbericht/2883704
[2891544] Could not find attributes for spyros risvanis (APS Atromitos Athinon, 2017)
[2478691] Failed to build match row: Associazione Calcio Fiorentina vs Società Sportiva Calcio Napoli
[2917411] Failed to build match row: Sporting Clube de Portugal vs Juventus Football Club
[2713048] Could not find attributes for oleksandr shovkovskyi (Futbolniy Klub Dynamo Kyiv, 2016)
[2891544] Failed to build match row: APS Atromitos Athinon vs Panetolikos Agrinio
[2470025] Could not find attributes for michal kadlec (Fenerbahçe Spor Kulübü, 2014)
[2713048] Failed to build match row: Futbolniy Klub Dynamo Kyiv vs Dnipro Dnipropetrovsk (-2020)
[2470025] Failed to build match row: Fenerbahçe Spor Kulübü vs Eskisehirspor

Keepers & outfield error for **Desportivo Aves (- 2020)** in Desportivo Aves (- 2020) vs Boavista FC: Numbers: 2 and 9.
[3211800] Failed to build match row: Desportivo Aves (- 2020) vs Boavista FC
[2864734] Could not find attributes for samuel aubele (TuS Erndtebrück, 2017)
[2721049] Could not find attributes for heliardo (Clube Desportivo de Tondela, 2016)

Keepers & outfield error for **Clube Desportivo Santa Clara** in Clube Desportivo Santa Clara vs B SAD: Numbers: 0 and 11.

Keepers & outfield error for **Tottenham Hotspur Football Club** in Tranmere Rovers vs Tottenham Hotspur Football Club: Numbers: 2 and 9.
[2864734] Failed to build match row: TuS Erndtebrück vs Eintracht Frankfurt Fußball AG
[3069491] Failed to build match row: Clube Desportivo Santa Clara vs B SAD
[2721049] Failed to build match row: Clube Desportivo de Tondela vs Sporting Clube de Braga
[3136596] Failed to build match row: Tranmere Rovers vs Tottenham Hotspur Football Club
Not enough players found for lineup: 0, 0.
[2459837] Could not find attributes for luigi bruins (Excelsior Rotterdam, 2014)
[2501201] Failed to scrape lineup: https://www.transfermarkt.co.uk/spielbericht/index/spielbericht/2501201
[2335219] Could not find attributes for jeremy bokila (RFK Akhmat Grozny, 2013)
[2321987] Could not find attributes for artyom khachaturov (FC Tiraspol, 2013)
[2459837] Failed to build match row: Prins Hendrik Ende Desespereert Nimmer Combinatie Zwolle vs Excelsior Rotterdam
[2335219] Failed to build match row: RFK Akhmat Grozny vs Tom Tomsk
[2321987] Failed to build match row: FC Tiraspol vs Skonto Riga
[3290546] Could not find attributes for jeremy malherbe (Panionios Athens, 2019)

Keepers & outfield error for **Real Betis Balompié S.A.D.** in Real Betis Balompié S.A.D. vs F91 Dudelange: Numbers: 2 and 9.
[3098695] Failed to build match row: Real Betis Balompié S.A.D. vs F91 Dudelange
[3290546] Failed to build match row: Panionios Athens vs Panthessalonikios Athlitikos Omilos Konstantinoupoliton
[3047519] Could not find attributes for yannis salibur (AS Saint-Étienne, 2018)
[3047519] Failed to build match row: AS Saint-Étienne vs SM Caen
[2891545] Could not find attributes for masoud shojaei (Athlitiki Enosi Konstantinoupoleos, 2017)
[2883705] Could not find attributes for zizo (Moreirense Futebol Clube, 2017)
[2891545] Failed to build match row: Athlitiki Enosi Konstantinoupoleos vs PAS Giannina
[2883705] Failed to build match row: Moreirense Futebol Clube vs Sporting Clube de Portugal
[2478692] Could not find attributes for dodo (Football Club Internazionale Milano S.p.A., 2014)

Keepers & outfield error for **Celta** in Sevilla Fútbol Club S.A.D. vs Celta: Numbers: 2 and 9.
[2478692] Failed to build match row: Football Club Internazionale Milano S.p.A. vs Verona Hellas Football Club
[2341243] Failed to build match row: Sevilla Fútbol Club S.A.D. vs Celta
[3077427] Could not find attributes for sergiy litovchenko (Chornomorets Odesa, 2018)

Keepers & outfield error for **Chelsea Football Club** in Chelsea Football Club vs Liverpool Football Club: Numbers: 2 and 9.
[3077427] Failed to build match row: Chornomorets Odesa vs Karpaty Lviv (-2021)
[2578003] Failed to build match row: Chelsea Football Club vs Liverpool Football Club
[3211801] Could not find attributes for show (B SAD, 2019)
[2602707] Could not find attributes for denys boyko (Dnipro Dnipropetrovsk (-2020), 2015)
[2581954] Could not find attributes for daniel schwaab (Verein für Bewegungsspiele Stuttgart 1893, 2015)
[3211801] Failed to build match row: B SAD vs Portimonense SC
[2602707] Failed to build match row: Dnipro Dnipropetrovsk (-2020) vs Vorskla Poltava
[2721050] Could not find attributes for ponck (GD Chaves, 2016)
[2581954] Failed to build match row: Verein für Bewegungsspiele Stuttgart 1893 vs FC Bayern München
[2721050] Failed to build match row: Sporting Clube de Portugal vs GD Chaves
[2492244] Could not find attributes for vitaliy astakhov (Syzran-2003, 2014)
[3252547] Could not find attributes for dragos grigore (Ludogorets Razgrad, 2019)
[3229404] Could not find attributes for giulio donati (Unione Sportiva Lecce, 2019)
[2492244] Failed to build match row: Syzran-2003 vs FC Tyumen
[2459838] Failed to scrape lineup: https://www.transfermarkt.co.uk/pec-zwolle_willem-ii-tilburg/index/spielbericht/2459838
[3252547] Failed to build match row: Ludogorets Razgrad vs Ferencvárosi TC
[3229404] Failed to build match row: Unione Sportiva Lecce vs SPAL
[2501202] Failed to scrape lineup: https://www.transfermarkt.co.uk/spielbericht/index/spielbericht/2501202
[2713049] Could not find attributes for dmitriy nepogodov (Vorskla Poltava, 2016)
[2713049] Failed to build match row: Vorskla Poltava vs Karpaty Lviv (-2021)
[3199470] Could not find attributes for timothee kolodziejczak (AS Saint-Étienne, 2019)
[3199470] Failed to build match row: AS Saint-Étienne vs Association sportive de Monaco Football Club

Keepers & outfield error for **Real Sociedad de Fútbol S.A.D.** in Espanol vs Real Sociedad de Fútbol S.A.D.: Numbers: 2 and 9.
[2590417] Could not find attributes for mathias janisch (FC Differdange 03, 2015)
[2590417] Failed to build match row: FC Differdange 03 vs Trabzonspor Kulübü
[3208671] Failed to build match row: Espanol vs Real Sociedad de Fútbol S.A.D.
[2891546] Could not find attributes for enea mihaj (Panetolikos Agrinio, 2017)

Keepers & outfield error for **Juventus Football Club** in Juventus Football Club vs Torino Calcio: Numbers: 0 and 11.
[2891546] Failed to build match row: Panetolikos Agrinio vs Athlitiki Enosi Konstantinoupoleos
[3053055] Could not find attributes for gareth mcconaghie (Coleraine FC, 2018)
[2642625] Failed to build match row: Juventus Football Club vs Torino Calcio
[3290547] Could not find attributes for nikolaos papadopoulos (A.G.S Asteras Tripolis, 2019)
[3053055] Failed to build match row: Coleraine FC vs Fudbalski Klub Spartak Ždrepčeva krv

Keepers & outfield error for **Olympiakos Syndesmos Filathlon Peiraios** in Olympiakos Syndesmos Filathlon Peiraios vs Futbol Club Barcelona: Numbers: 2 and 9.
[3290547] Failed to build match row: A.G.S Asteras Tripolis vs AO Xanthi
[2346259] Could not find attributes for serkan kirintili (Çaykur Rizespor Kulübü, 2013)
[2917412] Failed to build match row: Olympiakos Syndesmos Filathlon Peiraios vs Futbol Club Barcelona
[2346259] Failed to build match row: Çaykur Rizespor Kulübü vs Eskisehirspor
[2482317] Could not find attributes for david ngog (Stade Reims, 2014)
[2482317] Failed to build match row: Stade Reims vs Racing Club de Lens

Keepers & outfield error for **Vitória Sport Clube** in Vitória Sport Clube vs Rio Ave Futebol Clube: Numbers: 0 and 11.
[3211802] Failed to build match row: Vitória Sport Clube vs Rio Ave Futebol Clube

Keepers & outfield error for **Levante Unión Deportiva S.A.D.** in Athletic Club Bilbao vs Levante Unión Deportiva S.A.D.: Numbers: 2 and 9.
[2501203] Failed to scrape lineup: https://www.transfermarkt.co.uk/spielbericht/index/spielbericht/2501203
[2341244] Failed to build match row: Athletic Club Bilbao vs Levante Unión Deportiva S.A.D.
[2602708] Could not find attributes for artur rudko (Goverla Uzhgorod (- 2016), 2015)
[2602708] Failed to build match row: Goverla Uzhgorod (- 2016) vs FC Shakhtar Donetsk
[3222676] Could not find attributes for srdjan babic (Fudbalski klub Crvena zvezda Beograd, 2019)
[3222676] Failed to build match row: HJK Helsinki vs Fudbalski klub Crvena zvezda Beograd
[2335221] Could not find attributes for maicon bolt (Футбольный клуб "Локомотив" Москва, 2013)
[2713050] Could not find attributes for andriy novak (FC Oleksandriya, 2016)
[2713050] Failed to build match row: FC Shakhtar Donetsk vs FC Oleksandriya
[2335221] Failed to build match row: Футбольный клуб "Локомотив" Москва vs FC Rubin Kazan
[2360131] Could not find attributes for gualter bilro (SC Farense, 2013)
[2492245] Could not find attributes for nikolay tsygan (Sibir Novosibirsk (- 2019), 2014)
[2360131] Failed to build match row: SC Farense vs Clube Desportivo Santa Clara
[2321988] Could not find attributes for colin coates (Crusaders FC, 2013)
[2618976] Could not find attributes for kuca (CF Os Belenenses, 2015)
[2492245] Failed to build match row: Sibir Novosibirsk (- 2019) vs Tom Tomsk
[2618976] Failed to build match row: CF Os Belenenses vs KKS Lech Poznań Spółka Akcyjna
[2321988] Failed to build match row: Crusaders FC vs Rosenborg Ballklub
[3053056] Could not find attributes for bojan pavlovic (FK Sarajevo, 2018)
[3053056] Failed to build match row: FK Sarajevo vs FC Urartu Yerevan

Keepers & outfield error for **CS Marítimo** in CS Marítimo vs Vitória Setúbal FC: Numbers: 2 and 9.
[2346262] Could not find attributes for sereno (Kayserispor Kulübü, 2013)
[3069492] Failed to build match row: CS Marítimo vs Vitória Setúbal FC
[3394830] Failed to scrape lineup: https://www.transfermarkt.co.uk/as-monaco_stade-brestois-29/index/spielbericht/3394830

Keepers & outfield error for **Sevilla Fútbol Club S.A.D.** in Sevilla Fútbol Club S.A.D. vs FK Spartak Moskva: Numbers: 0 and 11.
[2346262] Failed to build match row: Kayserispor Kulübü vs Antalyaspor

Keepers & outfield error for **Rayo Vallecano de Madrid S. A. D.** in Rayo Vallecano de Madrid S. A. D. vs Espanol: Numbers: 0 and 11.
[3290548] Could not find attributes for konstantinos theodoropoulos (PAS Lamia 1964, 2019)
[2917413] Failed to build match row: Sevilla Fútbol Club S.A.D. vs FK Spartak Moskva
[2726833] Could not find attributes for massimo maccarone (FC Empoli, 2016)
[2578005] Could not find attributes for christian fuchs (Leicester City, 2015)
[2341245] Failed to build match row: Rayo Vallecano de Madrid S. A. D. vs Espanol
[2726833] Failed to build match row: FC Empoli vs Atalanta Bergamasca Calcio S.p.a.
 Feirense: Numbers: 0 and 11.
[3290548] Failed to build match row: PAS Lamia 1964 vs Athlitiki Enosi Konstantinoupoleos
[2578005] Failed to build match row: Leicester City vs Crystal Palace Football Club
[2721051] Failed to build match row: Vitória Sport Clube vs CD Feirense

Keepers & outfield error for **Associazione Calcio Milan** in Associazione Calcio Milan vs Football Club Internazionale Milano S.p.A.: Numbers: 2 and 9.
[3081306] Failed to build match row: Associazione Calcio Milan vs Football Club Internazionale Milano S.p.A.
[2459840] Could not find attributes for demy de zeeuw (Nooit Opgeven Altijd Doorzetten Aangenaam Door Vermaak En Nuttig Door Ontspanning Combinatie Breda, 2014)
[2459840] Failed to build match row: Sportclub Heerenveen vs Nooit Opgeven Altijd Doorzetten Aangenaam Door Vermaak En Nuttig Door Ontspanning Combinatie Breda
[2713051] Could not find attributes for oleksiy shevchenko (FC Zorya Lugansk, 2016)
[2713051] Failed to build match row: FC Zorya Lugansk vs Chornomorets Odesa
[2770667] Could not find attributes for calvin stengs (Alkmaar Zaanstreek, 2016)
[2770667] Failed to build match row: Alkmaar Zaanstreek vs ASWH Ambacht
[2899738] Failed to scrape lineup: https://www.transfermarkt.co.uk/real-betis-balompie_fc-barcelona/index/spielbericht/2899738
[2618977] Failed to scrape lineup: https://www.transfermarkt.co.uk/spielbericht/index/spielbericht/2618977
[2524723] Could not find attributes for dudu (CD Trofense, 2014)

Keepers & outfield error for **Real Club Deportivo Mallorca S.A.D.** in Getafe Club de Fútbol S. A. D. Team Dubai vs Real Club Deportivo Mallorca S.A.D.: Numbers: 2 and 9.
[3208672] Failed to build match row: Getafe Club de Fútbol S. A. D. Team Dubai vs Real Club Deportivo Mallorca S.A.D.
[2482318] Could not find attributes for thibault giresse (EA Guingamp, 2014)
[3077428] Could not find attributes for vyacheslav checher (FC Zorya Lugansk, 2018)
[2482318] Failed to build match row: EA Guingamp vs Football Club Lorient-Bretagne Sud
[3077428] Failed to build match row: FC Zorya Lugansk vs FC Oleksandriya
[3053057] Could not find attributes for nemanja miletic (Fudbalski Klub Partizan Beograd, 2018)
[2602709] Could not find attributes for oleksandr rybka (Futbolniy Klub Dynamo Kyiv, 2015)
[2581956] Failed to scrape lineup: https://www.transfermarkt.co.uk/eintracht-frankfurt_tsg-1899-hoffenheim/index/spielbericht/2581956
[2602709] Failed to build match row: Futbolniy Klub Dynamo Kyiv vs Chornomorets Odesa
[3098696] Could not find attributes for bibars natcho (Olympiakos Syndesmos Filathlon Peiraios, 2018)
[3053057] Failed to build match row: Fudbalski Klub Partizan Beograd vs Rudar Pljevlja
[3098696] Failed to build match row: Associazione Calcio Milan vs Olympiakos Syndesmos Filathlon Peiraios
[2331056] Could not find attributes for mickael leca (AC Ajaccio, 2013)
[2331056] Failed to build match row: Valenciennes FC vs AC Ajaccio
[2335222] Could not find attributes for yuriy nesterenko (FC Rubin Kazan, 2013)

Keepers & outfield error for **FC Girondins Bordeaux** in FC Girondins Bordeaux vs Football Club de Metz: Numbers: 2 and 9.
[2379860] Could not find attributes for lasse heinze (AC Horsens, 2013)

Keepers & outfield error for **FC Paços de Ferreira** in Clube Desportivo Santa Clara vs FC Paços de Ferreira: Numbers: 4 and 7.
[2891547] Failed to scrape lineup: https://www.transfermarkt.co.uk/asteras-tripolis_ae-larisa/index/spielbericht/2891547
[2917414] Could not find attributes for jasmin handanovic (NK Maribor, 2017)
[2335222] Failed to build match row: AO FK Zenit Sankt-Peterburg vs FC Rubin Kazan
[2379860] Failed to build match row: AC Horsens vs Vejle Boldklub
[3394831] Failed to build match row: FC Girondins Bordeaux vs Football Club de Metz

Keepers & outfield error for **Associazione Calcio Milan** in Associazione Calcio Milan vs Bologna Football Club 1909: Numbers: 2 and 9.
[3211811] Failed to build match row: Clube Desportivo Santa Clara vs FC Paços de Ferreira
[2864737] Could not find attributes for dennis klose (1.FC Rielasingen-Arlen, 2017)
[2917414] Failed to build match row: Liverpool Football Club vs NK Maribor
[2590526] Could not find attributes for miguel vitor (Panthessalonikios Athlitikos Omilos Konstantinoupoliton, 2015)
[2726834] Failed to build match row: Associazione Calcio Milan vs Bologna Football Club 1909
[2864737] Failed to build match row: 1.FC Rielasingen-Arlen vs Borussia Dortmund
[2590526] Failed to build match row: Panthessalonikios Athlitikos Omilos Konstantinoupoliton vs NK Lokomotiva Zagreb
[2942856] Failed to scrape lineup: https://www.transfermarkt.co.uk/paris-saint-germain_angers-sco/index/spielbericht/2942856

Keepers & outfield error for **Palermo FC** in Palermo FC vs Udinese Calcio: Numbers: 0 and 11.
[2360132] Could not find attributes for joao fernandes (GD Chaves, 2013)
[3222677] Could not find attributes for kenan piric (NK Maribor, 2019)
[2478694] Failed to build match row: Palermo FC vs Udinese Calcio
[2360132] Failed to build match row: GD Chaves vs SC Covilhã
[3222677] Failed to build match row: Allmänna Idrottsklubben vs NK Maribor
[3077429] Could not find attributes for yevgen past (Desna Chernigiv, 2018)
[3208673] Could not find attributes for roberto soldado (Granada CF, 2019)
[3208673] Failed to build match row: Granada CF vs Futbol Club Barcelona

Keepers & outfield error for **UD Almería** in UD Almería vs Real Madrid Club de Fútbol: Numbers: 0 and 11.

Keepers & outfield error for **Chelsea Football Club** in West Ham United Football Club vs Chelsea Football Club: Numbers: 2 and 9.
[2341246] Failed to build match row: UD Almería vs Real Madrid Club de Fútbol
[2578006] Failed to build match row: West Ham United Football Club vs Chelsea Football Club
[2321989] Could not find attributes for ian jeffs (ÍBV Vestmannaeyjar, 2013)
[2321989] Failed to build match row: ÍBV Vestmannaeyjar vs HB Tórshavn
[3290549] Could not find attributes for ogmundur kristinsson (Athlitiki Enosi Larisas, 2019)
[3290549] Failed to build match row: Athlitiki Enosi Larisas vs Panionios Athens
[2713052] Could not find attributes for zauri makharadze (Olimpik Donetsk, 2016)
[3098698] Could not find attributes for badavi huseynov (Qarabağ FK, 2018)
[3098698] Failed to build match row: Qarabağ FK vs Arsenal Football Club
[2713052] Failed to build match row: Olimpik Donetsk vs Zirka Kropyvnytskyi
[2346263] Could not find attributes for korcan celikay (Sivasspor, 2013)

Keepers & outfield error for **Genoa Cricket and Football Club** in Genoa Cricket and Football Club vs Juventus Football Club: Numbers: 2 and 9.
[3081307] Failed to build match row: Genoa Cricket and Football Club vs Juventus Football Club
[2346263] Failed to build match row: Sivasspor vs Gaziantepspor (- 2020)
[2581957] Failed to scrape lineup: https://www.transfermarkt.co.uk/1-fc-koln_bayer-04-leverkusen/index/spielbericht/2581957
Not enough players found for lineup: 0, 0.

Keepers & outfield error for **Portimonense SC** in Portimonense SC vs Clube Desportivo de Tondela: Numbers: 0 and 11.
[3053058] Failed to scrape lineup: https://www.transfermarkt.co.uk/spielbericht/index/spielbericht/3053058
[2917415] Failed to scrape lineup: https://www.transfermarkt.co.uk/spielbericht/index/spielbericht/2917415
[2501204] Failed to scrape lineup: https://www.transfermarkt.co.uk/spielbericht/index/spielbericht/2501204
[2726835] Failed to scrape lineup: https://www.transfermarkt.co.uk/us-sassuolo_cagliari-calcio/index/spielbericht/2726835
[2492246] Could not find attributes for sergey anisimov (FC Kolomna, 2014)
[3069493] Failed to build match row: Portimonense SC vs Clube Desportivo de Tondela
[2492246] Failed to build match row: FC Kolomna vs FC Tosno (-2018)

Keepers & outfield error for **Real Betis Balompié S.A.D.** in Real Betis Balompié S.A.D. vs CD Leganés: Numbers: 2 and 9.

Keepers & outfield error for **FC Dordrecht** in FC Dordrecht vs Heracles Almelo: Numbers: 2 and 9.
[2459841] Failed to build match row: FC Dordrecht vs Heracles Almelo

Keepers & outfield error for **Association sportive de Monaco Football Club** in Association sportive de Monaco Football Club vs Lille Olympique Sporting Club: Numbers: 2 and 9.
[2331057] Failed to build match row: Association sportive de Monaco Football Club vs Lille Olympique Sporting Club
[2578007] Failed to scrape lineup: https://www.transfermarkt.co.uk/swansea-city_stoke-city/index/spielbericht/2578007
[3199473] Could not find attributes for julio tavares (Dijon FCO, 2019)
[3222678] Failed to scrape lineup: https://www.transfermarkt.co.uk/spielbericht/index/spielbericht/3222678
[3290550] Failed to scrape lineup: https://www.transfermarkt.co.uk/panetolikos-gfs_ofi-crete-fc/index/spielbericht/3290550

Keepers & outfield error for **Rio Ave Futebol Clube** in Rio Ave Futebol Clube vs Futebol Clube de Famalicão: Numbers: 2 and 9.
[3199473] Failed to build match row: Dijon FCO vs Paris Saint-Germain Football Club

Keepers & outfield error for **West Ham United Football Club** in Tottenham Hotspur Football Club vs West Ham United Football Club: Numbers: 0 and 11.
[2602710] Could not find attributes for vyacheslav checher (FC Zorya Lugansk, 2015)
[2891548] Failed to build match row: AO Platanias vs APO Levadiakos Football Club
[2872322] Failed to build match row: Tottenham Hotspur Football Club vs West Ham United Football Club
[3211812] Failed to build match row: Rio Ave Futebol Clube vs Futebol Clube de Famalicão
[2726836] Failed to scrape lineup: https://www.transfermarkt.co.uk/juventus-fc_fc-crotone/index/spielbericht/2726836
[2602710] Failed to build match row: FC Zorya Lugansk vs PFK Stal Kamyanske (-2018)

Keepers & outfield error for **Levante Unión Deportiva S.A.D.** in Levante Unión Deportiva S.A.D. vs SD Eibar: Numbers: 0 and 11.
[2713213] Failed to scrape lineup: https://www.transfermarkt.co.uk/spielbericht/index/spielbericht/2713213
Not enough players found for lineup: 0, 0.
[3098699] Failed to scrape lineup: https://www.transfermarkt.co.uk/spielbericht/index/spielbericht/3098699
[3208674] Failed to build match row: Levante Unión Deportiva S.A.D. vs SD Eibar
[3081308] Failed to scrape lineup: https://www.transfermarkt.co.uk/ss-lazio_parma-calcio-1913/index/spielbericht/3081308
[2770708] Failed to scrape lineup: https://www.transfermarkt.co.uk/spielbericht/index/spielbericht/2770708
[3252548] Could not find attributes for ander iturraspe (Espanol, 2019)
[2470028] Could not find attributes for jose sosa (Beşiktaş Jimnastik Kulübü, 2014)
[2899740] Failed to scrape lineup: https://www.transfermarkt.co.uk/real-madrid_villarreal-cf/index/spielbericht/2899740
[2590590] Could not find attributes for doka madureira (İstanbul Başakşehir Futbol Kulübü, 2015)
[3252548] Failed to build match row: Espanol vs PFK CSKA Moskva
[2492247] Failed to scrape lineup: https://www.transfermarkt.co.uk/spielbericht/index/spielbericht/2492247
[2470028] Failed to build match row: Kardemir Karabükspor vs Beşiktaş Jimnastik Kulübü
[2590590] Failed to build match row: Beşiktaş Jimnastik Kulübü vs İstanbul Başakşehir Futbol Kulübü
[2744428] Could not find attributes for philippe koch (Novara Calcio 1908, 2016)
[2459842] Failed to scrape lineup: https://www.transfermarkt.co.uk/twente-enschede-fc_psv-eindhoven/index/spielbericht/2459842
[2744428] Failed to build match row: Novara Calcio 1908 vs US Latina Calcio

Keepers & outfield error for **FC Paços de Ferreira** in FC Paços de Ferreira vs CS Marítimo: Numbers: 0 and 11.
[2721052] Failed to build match row: FC Paços de Ferreira vs CS Marítimo
[3069494] Could not find attributes for fabio coentrao (Rio Ave Futebol Clube, 2018)
[2642691] Failed to scrape lineup: https://www.transfermarkt.co.uk/spielbericht/index/spielbericht/2642691
[3069494] Failed to build match row: Rio Ave Futebol Clube vs Sporting Clube de Portugal
[2618978] Could not find attributes for ibrahim sehic (Qarabağ FK, 2015)
[2618978] Failed to build match row: Qarabağ FK vs Tottenham Hotspur Football Club
[2360133] Could not find attributes for ubay luzardo (SC Farense, 2013)
[2346264] Could not find attributes for mehmet topal (Fenerbahçe Spor Kulübü, 2013)
[2360133] Failed to build match row: SC Farense vs Desportivo Aves (- 2020)
[2346264] Failed to build match row: Fenerbahçe Spor Kulübü vs Bursaspor
[3077430] Could not find attributes for sergiy sitalo (Arsenal Kyiv, 2018)
[3077430] Failed to build match row: Arsenal Kyiv vs FC Shakhtar Donetsk
[3290551] Failed to scrape lineup: https://www.transfermarkt.co.uk/volos-nps_olympiacos-piraeus/index/spielbericht/3290551
[2379861] Could not find attributes for johan bjordal (Aarhus Gymnastik Forening, 2013)
[2379861] Failed to build match row: Aarhus Gymnastik Forening vs Aalborg BK
[2872323] Failed to scrape lineup: https://www.transfermarkt.co.uk/watford-fc_swansea-city/index/spielbericht/2872323
[3222679] Could not find attributes for anton chichkan (BATE Borisov, 2019)
[3222679] Failed to build match row: Rosenborg Ballklub vs BATE Borisov
[2700693] Could not find attributes for sinan bytyqi (Go Ahead Eagles, 2016)
[2726837] Failed to scrape lineup: https://www.transfermarkt.co.uk/ssc-napoli_acf-fiorentina/index/spielbericht/2726837

Keepers & outfield error for **CS Marítimo** in CS Marítimo vs Desportivo Aves (- 2020): Numbers: 3 and 8.
[3211813] Failed to build match row: CS Marítimo vs Desportivo Aves (- 2020)
[2700693] Failed to build match row: Go Ahead Eagles vs Excelsior Rotterdam
[2602879] Failed to scrape lineup: https://www.transfermarkt.co.uk/spielbericht/index/spielbericht/2602879

Keepers & outfield error for **GD Chaves** in GD Chaves vs Vitória Sport Clube: Numbers: 0 and 11.
[2770728] Failed to scrape lineup: https://www.transfermarkt.co.uk/spielbericht/index/spielbericht/2770728
[3069495] Failed to build match row: GD Chaves vs Vitória Sport Clube
[3252549] Failed to scrape lineup: https://www.transfermarkt.co.uk/spielbericht/index/spielbericht/3252549
[2942858] Could not find attributes for jerome roussillon (Montpellier HSC, 2017)
[2618984] Failed to scrape lineup: https://www.transfermarkt.co.uk/spielbericht/index/spielbericht/2618984
[2942858] Failed to build match row: SM Caen vs Montpellier HSC
[2470029] Could not find attributes for engin bekdemir (Çaykur Rizespor Kulübü, 2014)
Not enough players found for lineup: 0, 0.

Keepers & outfield error for **Deportivo de La Coruña** in Deportivo de La Coruña vs Valencia Club de Fútbol S. A. D.: Numbers: 2 and 9.
[2360134] Failed to scrape lineup: https://www.transfermarkt.co.uk/spielbericht/index/spielbericht/2360134
[2578008] Could not find attributes for jonathan howson (Norwich City, 2015)
[2899741] Failed to build match row: Deportivo de La Coruña vs Valencia Club de Fútbol S. A. D.
Not enough players found for lineup: 0, 0.
[2578008] Failed to build match row: Norwich City vs West Bromwich Albion
[2590591] Could not find attributes for ryan donk (Kasımpaşa A.Ş., 2015)
[2501205] Failed to scrape lineup: https://www.transfermarkt.co.uk/spielbericht/index/spielbericht/2501205

Keepers & outfield error for **Torino Calcio** in Torino Calcio vs FC Pro Vercelli 1892: Numbers: 2 and 9.
[2697577] Could not find attributes for karlo bartolec (Fodbold Club Nordsjælland, 2016)
[2590591] Failed to build match row: Kasımpaşa A.Ş. vs Fenerbahçe Spor Kulübü
[2744429] Failed to build match row: Torino Calcio vs FC Pro Vercelli 1892
[2697577] Failed to build match row: Silkeborg Idrætsforening vs Fodbold Club Nordsjælland
[3222680] Could not find attributes for zeca (Football Club København, 2019)

Keepers & outfield error for **SPAL** in SPAL vs Juventus Football Club: Numbers: 0 and 11.
[3222680] Failed to build match row: Football Club København vs The New Saints
[2321990] Could not find attributes for eric hoffmann (Jeunesse Esch, 2013)
[3055065] Failed to scrape lineup: https://www.transfermarkt.co.uk/de-graafschap-doetinchem_vvv-venlo/index/spielbericht/3055065
[3229407] Failed to build match row: SPAL vs Juventus Football Club
[2482321] Could not find attributes for kevin koubemba (Lille Olympique Sporting Club, 2014)
[2335224] Could not find attributes for joaozinho (FK Krasnodar, 2013)
[2321990] Failed to build match row: Jeunesse Esch vs Turun Palloseura
[2524724] Could not find attributes for carraca (Clube Desportivo de Tondela, 2014)
[2482321] Failed to build match row: Lille Olympique Sporting Club vs Association sportive de Monaco Football Club
[2346265] Could not find attributes for yalcin ayhan (Kasımpaşa A.Ş., 2013)
[2335224] Failed to build match row: FK Dinamo Moskva vs FK Krasnodar
[2524724] Failed to build match row: Clube Desportivo de Tondela vs Futebol Clube de Arouca
[2642692] Could not find attributes for gianmarco vannucchi (US Alessandria Calcio 1912, 2015)
[2346265] Failed to build match row: Kasımpaşa A.Ş. vs Kayseri Erciyesspor
[2642692] Failed to build match row: Genoa Cricket and Football Club vs US Alessandria Calcio 1912
[2891549] Could not find attributes for giannis kontoes (Apollon Smyrnis, 2017)

Keepers & outfield error for **Futebol Clube do Porto** in Moreirense Futebol Clube vs Futebol Clube do Porto: Numbers: 0 and 11.

Keepers & outfield error for **Real Betis Balompié S.A.D.** in Club Atlético Osasuna vs Real Betis Balompié S.A.D.: Numbers: 2 and 9.
[2891549] Failed to build match row: Panthessalonikios Athlitikos Omilos Konstantinoupoliton vs Apollon Smyrnis
[3077431] Could not find attributes for Oleksandr Bandura (PFK Lviv, 2018)

Keepers & outfield error for **Beşiktaş Jimnastik Kulübü** in Beşiktaş Jimnastik Kulübü vs Association sportive de Monaco Football Club: Numbers: 2 and 9.
[2331058] Could not find attributes for itay shechter (Football Club de Nantes, 2013)
[2721053] Failed to build match row: Moreirense Futebol Clube vs Futebol Clube do Porto
[3208675] Failed to build match row: Club Atlético Osasuna vs Real Betis Balompié S.A.D.
[3077431] Failed to build match row: Futbolniy Klub Dynamo Kyiv vs PFK Lviv
[2864738] Could not find attributes for julian barkmann (SV Eichede, 2017)
[2331058] Failed to build match row: Football Club de Nantes vs Montpellier HSC
[2917417] Failed to build match row: Beşiktaş Jimnastik Kulübü vs Association sportive de Monaco Football Club
[2864738] Failed to build match row: SV Eichede vs 1.FC Kaiserslautern

Keepers & outfield error for **Sporting Clube de Braga** in Sporting Clube de Braga vs Moreirense Futebol Clube: Numbers: 0 and 11.
[3211814] Could not find attributes for rafa silva (Sport Lisboa e Benfica, 2019)
[2609683] Could not find attributes for fabien camus (ESTAC Troyes, 2015)
[3069496] Failed to build match row: Sporting Clube de Braga vs Moreirense Futebol Clube
[3211814] Failed to build match row: Sport Lisboa e Benfica vs B SAD
Not enough players found for lineup: 0, 0.

Keepers & outfield error for **Futebol Clube do Porto** in Futebol Clube do Porto vs Portimonense SC: Numbers: 2 and 9.
[2609683] Failed to build match row: Lille Olympique Sporting Club vs ESTAC Troyes
[2459843] Could not find attributes for timo letschert (Football Club Utrecht, 2014)
[2770732] Failed to scrape lineup: https://www.transfermarkt.co.uk/spielbericht/index/spielbericht/2770732
[2883706] Failed to build match row: Futebol Clube do Porto vs Portimonense SC
[2459843] Failed to build match row: Football Club Utrecht vs AFC Ajax Amsterdam
[2590592] Could not find attributes for badou ndiaye (Ankaraspor, 2015)
[3290552] Could not find attributes for georgios delizisis (Aris Thessalonikis, 2019)

Keepers & outfield error for **Athletic Club Bilbao** in Espanol vs Athletic Club Bilbao: Numbers: 2 and 9.
[2899742] Failed to build match row: Espanol vs Athletic Club Bilbao
[2590592] Failed to build match row: Ankaraspor vs Konyaspor
[3290552] Failed to build match row: Panathinaikos Athlitikos Omilos vs Aris Thessalonikis
[2492248] Could not find attributes for aleksandr romanov (Vityaz Podolsk, 2014)
[2492248] Failed to build match row: Vityaz Podolsk vs FK Baltika
[2713214] Could not find attributes for dmitriy romanenko (Leon Saturn Ramenskoe, 2016)
[2713214] Failed to build match row: Leon Saturn Ramenskoe vs Torpedo Moscow

Keepers & outfield error for **Vitória Sport Clube** in Sportclub Rheindorf Altach vs Vitória Sport Clube: Numbers: 0 and 11.
[2602880] Failed to build match row: Sportclub Rheindorf Altach vs Vitória Sport Clube
[2335225] Could not find attributes for elmir nabiullin (FC Rubin Kazan, 2013)
[2335225] Failed to build match row: FC Rubin Kazan vs FK Spartak Moskva
Not enough players found for lineup: 0, 0.
[2346266] Could not find attributes for vanja ivesa (Elazigspor, 2013)
[2501206] Failed to scrape lineup: https://www.transfermarkt.co.uk/spielbericht/index/spielbericht/2501206
[2346266] Failed to build match row: Elazigspor vs Trabzonspor Kulübü
[2642852] Could not find attributes for greg leigh (Bradford City, 2015)
[2642852] Failed to build match row: Bradford City vs Chesham United
[2942859] Could not find attributes for ludovic baal (Rennes, 2017)
[2942859] Failed to build match row: Rennes vs Association sportive de Monaco Football Club
[2891550] Could not find attributes for zivko zivkovic (AO Xanthi, 2017)
[2891550] Failed to build match row: Olympiakos Syndesmos Filathlon Peiraios vs AO Xanthi
[2744431] Could not find attributes for nicola ravaglia (Unione Sportiva Cremonese S.p.A., 2016)
[2744431] Failed to build match row: Atalanta Bergamasca Calcio S.p.a. vs Unione Sportiva Cremonese S.p.A.
[2609684] Could not find attributes for casimir ninga (Montpellier HSC, 2015)
[2609684] Failed to build match row: Montpellier HSC vs SM Caen
[3211815] Could not find attributes for carlinhos (Vitória Setúbal FC, 2019)
[3211815] Failed to build match row: Vitória Setúbal FC vs Futebol Clube do Porto

Keepers & outfield error for **Paris Saint-Germain Football Club** in SC Bastia vs Paris Saint-Germain Football Club: Numbers: 2 and 9.
[2331059] Failed to build match row: SC Bastia vs Paris Saint-Germain Football Club
[2864739] Could not find attributes for bernhard hendl (BFC Dynamo, 2017)
[3098701] Could not find attributes for zeca (Football Club København, 2018)
[3077432] Could not find attributes for bogdan shust (Vorskla Poltava, 2018)
[2864739] Failed to build match row: BFC Dynamo vs FC Schalke 04
[3077432] Failed to build match row: Vorskla Poltava vs Olimpik Donetsk
ub København
[2459844] Could not find attributes for karim el ahmadi (Feyenoord Rotterdam, 2014)
[2459844] Failed to build match row: Alkmaar Zaanstreek vs Feyenoord Rotterdam
[2492249] Could not find attributes for andrey ryzhikov (Tekstilshchik Ivanovo, 2014)
[2492249] Failed to build match row: Tekstilshchik Ivanovo vs Shinnik Yaroslavl
[2721054] Could not find attributes for dejan mezga (Clube Desportivo Nacional, 2016)
[2721054] Failed to build match row: Clube Desportivo Nacional vs Vitória Setúbal FC

Keepers & outfield error for **Paris Saint-Germain Football Club** in AS Saint-Étienne vs Paris Saint-Germain Football Club: Numbers: 2 and 9.
[2482323] Failed to build match row: AS Saint-Étienne vs Paris Saint-Germain Football Club
[3252550] Failed to scrape lineup: https://www.transfermarkt.co.uk/spielbericht/index/spielbericht/3252550
[3394835] Could not find attributes for trevoh chalobah (Football Club Lorient-Bretagne Sud, 2020)
Not enough players found for lineup: 0, 0.
Not enough players found for lineup: 0, 0.
[2501207] Failed to scrape lineup: https://www.transfermarkt.co.uk/spielbericht/index/spielbericht/2501207
[3394835] Failed to build match row: Football Club Lorient-Bretagne Sud vs AS Saint-Étienne
[2770734] Failed to scrape lineup: https://www.transfermarkt.co.uk/spielbericht/index/spielbericht/2770734
[2321991] Could not find attributes for Ashley Morris (Bala Town, 2013)
[3047524] Could not find attributes for julio tavares (Dijon FCO, 2018)
[2321991] Failed to build match row: Bala Town vs FCI Levadia
[3047524] Failed to build match row: Dijon FCO vs Olympique Lyonnais
[3081310] Could not find attributes for merih demiral (Unione Sportiva Sassuolo Calcio, 2018)
[3081310] Failed to build match row: Unione Sportiva Sassuolo Calcio vs UC Sampdoria

Keepers & outfield error for **RasenBallsport Leipzig** in Futebol Clube do Porto vs RasenBallsport Leipzig: Numbers: 0 and 11.
[2917418] Failed to build match row: Futebol Clube do Porto vs RasenBallsport Leipzig
[3290553] Failed to scrape lineup: https://www.transfermarkt.co.uk/paok-thessaloniki_atromitos-athens/index/spielbericht/3290553
[2744432] Could not find attributes for albano bizzarri (Delfino Pescara 1936, 2016)
[2744432] Failed to build match row: Delfino Pescara 1936 vs Frosinone Calcio
[2609685] Could not find attributes for paul baysse (Olympique Gymnaste Club Nice Côte d'Azur, 2015)
[2618985] Failed to scrape lineup: https://www.transfermarkt.co.uk/spielbericht/index/spielbericht/2618985
[2609685] Failed to build match row: Olympique Gymnaste Club Nice Côte d'Azur vs Football Club Lorient-Bretagne Sud
[2864797] Could not find attributes for robin heller (Rot-Weiss Essen, 2017)
[2864797] Failed to build match row: Rot-Weiss Essen vs Mönchengladbach
[2331060] Could not find attributes for stoppila sunzu (FC Sochaux-Montbéliard, 2013)
[3077433] Could not find attributes for oleksandr bandura (PFK Lviv, 2018)
[2891551] Could not find attributes for moise adilehou (APO Levadiakos Football Club, 2017)
[2331060] Failed to build match row: FC Sochaux-Montbéliard vs Football Club Lorient-Bretagne Sud
[3077433] Failed to build match row: PFK Lviv vs Vorskla Poltava
[2578009] Failed to scrape lineup: https://www.transfermarkt.co.uk/everton-fc_sunderland-afc/index/spielbericht/2578009
[2891551] Failed to build match row: APO Levadiakos Football Club vs Panathinaikos Athlitikos Omilos
[3098702] Could not find attributes for elmir nabiullin (AO FK Zenit Sankt-Peterburg, 2018)
[3098702] Failed to build match row: AO FK Zenit Sankt-Peterburg vs SK Slavia Praha, a.s.
[2581960] Failed to scrape lineup: https://www.transfermarkt.co.uk/bayern-munich_fc-schalke-04/index/spielbericht/2581960
[2697578] Failed to scrape lineup: https://www.transfermarkt.co.uk/viborg-ff_fc-copenhagen/index/spielbericht/2697578

Keepers & outfield error for **CD Feirense** in CD Feirense vs Moreirense Futebol Clube: Numbers: 0 and 11.
[2360135] Failed to build match row: CD Feirense vs Moreirense Futebol Clube
[3222708] Failed to scrape lineup: https://www.transfermarkt.co.uk/spielbericht/index/spielbericht/3222708
[2524728] Failed to scrape lineup: https://www.transfermarkt.co.uk/spielbericht/index/spielbericht/2524728
[2346267] Could not find attributes for servet cetin (Eskisehirspor, 2013)
[2482324] Could not find attributes for alexis blin (Toulouse Football Club, 2014)
[2346267] Failed to build match row: Eskisehirspor vs Gençlerbirliği Spor Kulübü
[2482324] Failed to build match row: Thonon Évian Grand Genève FC vs Toulouse Football Club

Keepers & outfield error for **Association Football Club Bournemouth** in Brighton and Hove Albion Football Club vs Association Football Club Bournemouth: Numbers: 2 and 9.
[2872326] Failed to build match row: Brighton and Hove Albion Football Club vs Association Football Club Bournemouth
[3069497] Failed to scrape lineup: https://www.transfermarkt.co.uk/sl-benfica_cd-feirense/index/spielbericht/3069497
[2459845] Could not find attributes for gino coutinho (Excelsior Rotterdam, 2014)

Keepers & outfield error for **Chievo Verona** in Chievo Verona vs Associazione Sportiva Roma: Numbers: 2 and 9.
[2380111] Could not find attributes for richard morris (Daventry Town, 2013)
[2459845] Failed to build match row: Excelsior Rotterdam vs ADO Den Haag
[2726840] Failed to build match row: Chievo Verona vs Associazione Sportiva Roma
[2380111] Failed to build match row: Chesterfield FC vs Daventry Town
[2744433] Could not find attributes for pepin machin (Trapani Calcio, 2016)
[2899743] Failed to scrape lineup: https://www.transfermarkt.co.uk/deportivo-de-la-coruna_levante-ud/index/spielbericht/2899743
[2891552] Could not find attributes for mladen bozovic (Athlitiki Enosi Larisas, 2017)
[2744433] Failed to build match row: Bologna Football Club 1909 vs Trapani Calcio
[2891552] Failed to build match row: Athlitiki Enosi Larisas vs Athlitiki Enosi Konstantinoupoleos
Not enough players found for lineup: 0, 0.
[2501208] Failed to scrape lineup: https://www.transfermarkt.co.uk/spielbericht/index/spielbericht/2501208
[3199476] Failed to scrape lineup: https://www.transfermarkt.co.uk/ogc-nice_stade-reims/index/spielbericht/3199476
[3098703] Could not find attributes for djordje denic (Rosenborg Ballklub, 2018)
[2335226] Could not find attributes for maksim grigorjev (Футбольный клуб "Локомотив" Москва, 2013)

Keepers & outfield error for **Moreirense Futebol Clube** in Moreirense Futebol Clube vs CD Trofense: Numbers: 4 and 7.
[3098703] Failed to build match row: Rosenborg Ballklub vs RasenBallsport Leipzig
[2470032] Failed to scrape lineup: https://www.transfermarkt.co.uk/genclerbirligi-ankara_gaziantepspor/index/spielbericht/2470032
[2335226] Failed to build match row: Футбольный клуб "Локомотив" Москва vs RFK Akhmat Grozny
[3208678] Could not find attributes for moi gomez (Villarreal Club de Fútbol S.A.D., 2019)
[2524729] Failed to build match row: Moreirense Futebol Clube vs CD Trofense
[3208678] Failed to build match row: Villarreal Club de Fútbol S.A.D. vs Real Valladolid CF

Keepers & outfield error for **Manchester United Football Club** in Manchester United Football Club vs Reading FC: Numbers: 0 and 11.
[3136599] Failed to build match row: Manchester United Football Club vs Reading FC
[2618986] Could not find attributes for denys boyko (Dnipro Dnipropetrovsk (-2020), 2015)
[2346268] Could not find attributes for oguz daglaroglu (Akhisarspor, 2013)
[2700695] Could not find attributes for derrick tshimanga (Willem II Tilburg, 2016)
[2700695] Failed to build match row: Willem II Tilburg vs Feyenoord Rotterdam
[2618986] Failed to build match row: Dnipro Dnipropetrovsk (-2020) vs Rosenborg Ballklub
[3211816] Failed to scrape lineup: https://www.transfermarkt.co.uk/gil-vicente-fc_moreirense-fc/index/spielbericht/3211816
[3229409] Failed to scrape lineup: https://www.transfermarkt.co.uk/as-roma_us-lecce/index/spielbericht/3229409

Keepers & outfield error for **Paris Saint-Germain Football Club** in Paris Saint-Germain Football Club vs Angers Sporting Club de l'Ouest: Numbers: 2 and 9.
[2609687] Failed to build match row: Paris Saint-Germain Football Club vs Angers Sporting Club de l'Ouest
[2713215] Could not find attributes for dmitri markov (Dinamo Kostroma (-2022), 2016)
[2891553] Could not find attributes for makis giannikoglou (PAS Giannina, 2017)
[2917419] Could not find attributes for georgios merkis (APOEL Nicosia, 2017)
[2713215] Failed to build match row: Dinamo Kostroma (-2022) vs Tekstilshchik Ivanovo
[2321992] Could not find attributes for maris eltermanis (FK Kruoja Pakruojis (-2015), 2013)
[2891553] Failed to build match row: PAS Giannina vs APS Atromitos Athinon

Keepers & outfield error for **Celta** in Valencia Club de Fútbol S. A. D. vs Celta: Numbers: 2 and 9.
[2917419] Failed to build match row: Borussia Dortmund vs APOEL Nicosia
[2883708] Failed to scrape lineup: https://www.transfermarkt.co.uk/vitoria-setubal-fc_boavista-fc/index/spielbericht/2883708
[2321992] Failed to build match row: FK Kruoja Pakruojis (-2015) vs Dinamo Minsk
Not enough players found for lineup: 0, 0.
[2581961] Could not find attributes for felix passlack (Borussia Dortmund, 2015)
[2501209] Failed to scrape lineup: https://www.transfermarkt.co.uk/spielbericht/index/spielbericht/2501209
[2341247] Failed to build match row: Valencia Club de Fútbol S. A. D. vs Celta
[2581961] Failed to build match row: Borussia Dortmund vs Hamburger Sport Verein
[3077434] Failed to scrape lineup: https://www.transfermarkt.co.uk/shakhtar-donetsk_dynamo-kyiv/index/spielbericht/3077434
[2335227] Could not find attributes for martin jiranek (Tom Tomsk, 2013)
[2872328] Could not find attributes for nikola vlasic (Everton Football Club, 2017)
[3252552] Could not find attributes for oscar wendt (Mönchengladbach, 2019)
[2335227] Failed to build match row: Tom Tomsk vs PFK Krylya Sovetov Samara
[2872328] Failed to build match row: Everton Football Club vs Manchester United Football Club
[3252552] Failed to build match row: Mönchengladbach vs İstanbul Başakşehir Futbol Kulübü

Keepers & outfield error for **Vitória Sport Clube** in Boavista FC vs Vitória Sport Clube: Numbers: 0 and 11.

Keepers & outfield error for **Udinese Calcio** in Udinese Calcio vs UC Sampdoria: Numbers: 2 and 9.
[3211817] Failed to build match row: Boavista FC vs Vitória Sport Clube
[2700696] Could not find attributes for samuel armenteros (Heracles Almelo, 2016)
[2331062] Could not find attributes for kamil grosicki (Rennes, 2013)
[2726841] Failed to build match row: Udinese Calcio vs UC Sampdoria
[2700696] Failed to build match row: Heracles Almelo vs Football Club Twente
[2331062] Failed to build match row: Valenciennes FC vs Rennes

Keepers & outfield error for **Vitória Sport Clube** in Vitória Sport Clube vs Sportclub Rheindorf Altach: Numbers: 0 and 11.
[2602883] Failed to build match row: Vitória Sport Clube vs Sportclub Rheindorf Altach
[2360136] Could not find attributes for ginho (CF União Madeira (-2021), 2013)
[2380310] Could not find attributes for cheng zeng (Guangzhou Evergrande, 2013)
[2642855] Could not find attributes for brad halliday (Accrington Stanley, 2015)
[2360136] Failed to build match row: CF União Madeira (-2021) vs Portimonense SC
[2642855] Failed to build match row: Portsmouth FC vs Accrington Stanley
[2380310] Failed to build match row: Guangzhou Evergrande vs Al Ahly FC

Keepers & outfield error for **CF Os Belenenses** in CF Os Belenenses vs Académico Viseu FC: Numbers: 2 and 9.
[2524730] Failed to build match row: CF Os Belenenses vs Académico Viseu FC
[2771346] Could not find attributes for ognjen vranjes (Tom Tomsk, 2016)
[2771346] Failed to build match row: Tom Tomsk vs FK Spartak Moskva
[2942860] Failed to scrape lineup: https://www.transfermarkt.co.uk/as-monaco_fc-nantes/index/spielbericht/2942860

Keepers & outfield error for **Athletic Club Bilbao** in Getafe Club de Fútbol S. A. D. Team Dubai vs Athletic Club Bilbao: Numbers: 2 and 9.
[2899745] Failed to build match row: Getafe Club de Fútbol S. A. D. Team Dubai vs Athletic Club Bilbao
[2891554] Could not find attributes for georgios athanasiadis (A.G.S Asteras Tripolis, 2017)
[2891554] Failed to build match row: A.G.S Asteras Tripolis vs AO Xanthi

Keepers & outfield error for **Parma Calcio 1913** in Parma Calcio 1913 vs Atalanta Bergamasca Calcio S.p.a.: Numbers: 2 and 9.
[3081312] Failed to build match row: Parma Calcio 1913 vs Atalanta Bergamasca Calcio S.p.a.
[3069498] Failed to scrape lineup: https://www.transfermarkt.co.uk/desportivo-aves-2020-_cd-nacional/index/spielbericht/3069498

Keepers & outfield error for **Sporting Clube de Braga** in Clube Desportivo de Tondela vs Sporting Clube de Braga: Numbers: 0 and 11.
[2883709] Failed to build match row: Clube Desportivo de Tondela vs Sporting Clube de Braga

Keepers & outfield error for **Rayo Vallecano de Madrid S. A. D.** in Rayo Vallecano de Madrid S. A. D. vs Real Madrid Club de Fútbol: Numbers: 0 and 11.
[2341248] Failed to build match row: Rayo Vallecano de Madrid S. A. D. vs Real Madrid Club de Fútbol
[2492250] Could not find attributes for nikita fursin (Fakel Voronezh, 2014)
[2335228] Could not find attributes for mario fernandes (PFK CSKA Moskva, 2013)

Keepers & outfield error for **Sporting Clube de Braga** in Sporting Clube de Braga vs Sporting Clube de Portugal: Numbers: 0 and 11.
[2492250] Failed to build match row: Fakel Voronezh vs Volga Nizhniy Novgorod (- 2016)
[2335228] Failed to build match row: PFK CSKA Moskva vs Ural Yekaterinburg
[3211818] Failed to build match row: Sporting Clube de Braga vs Sporting Clube de Portugal
[3098705] Could not find attributes for mikel gonzalez (AEK Larnaca, 2018)

Keepers & outfield error for **Lyngby Boldklub** in Lyngby Boldklub vs Fodbold Club Midtjylland: Numbers: 2 and 9.
[3098705] Failed to build match row: Bayer 04 Leverkusen Fußball vs AEK Larnaca
[2722424] Could not find attributes for jody lukoki (Ludogorets Razgrad, 2016)
[3077435] Failed to build match row: FK Mariupol vs Arsenal Kyiv
[2722424] Failed to build match row: Ludogorets Razgrad vs Fudbalski klub Crvena zvezda Beograd
Not enough players found for lineup: 0, 0.
[2697581] Failed to build match row: Lyngby Boldklub vs Fodbold Club Midtjylland
[2524731] Failed to scrape lineup: https://www.transfermarkt.co.uk/spielbericht/index/spielbericht/2524731
[2360137] Could not find attributes for ricardo janota (Académico Viseu FC, 2013)
[2360137] Failed to build match row: Académico Viseu FC vs Leixões SC
[2470033] Could not find attributes for jose sosa (Beşiktaş Jimnastik Kulübü, 2014)
[2470033] Failed to build match row: Beşiktaş Jimnastik Kulübü vs Trabzonspor Kulübü
[2713216] Could not find attributes for aleksey shikhov (FC Cherepovets, 2016)
[2713216] Failed to build match row: FC Cherepovets vs Volga Tver
[2942861] Could not find attributes for lassana diarra (Paris Saint-Germain Football Club, 2017)
[2942861] Failed to build match row: AS Saint-Étienne vs Paris Saint-Germain Football Club
[2459848] Could not find attributes for gino coutinho (Excelsior Rotterdam, 2014)
[2459848] Failed to build match row: Excelsior Rotterdam vs Vitesse Arnhem
[2891555] Could not find attributes for spyros risvanis (APS Atromitos Athinon, 2017)
[2891555] Failed to build match row: APS Atromitos Athinon vs Athlitiki Enosi Larisas
[3394839] Could not find attributes for yuto nagatomo (Olympique de Marseille, 2020)
[3394839] Failed to build match row: Olympique de Marseille vs Olympique Lyonnais
[2744435] Failed to scrape lineup: https://www.transfermarkt.co.uk/spielbericht/index/spielbericht/2744435
[2609688] Failed to scrape lineup: https://www.transfermarkt.co.uk/stade-reims_as-saint-etienne/index/spielbericht/2609688

Keepers & outfield error for **Chievo Verona** in Atalanta Bergamasca Calcio S.p.a. vs Chievo Verona: Numbers: 2 and 9.
[2726843] Failed to build match row: Atalanta Bergamasca Calcio S.p.a. vs Chievo Verona

Keepers & outfield error for **Grupo Desportivo Estoril Praia** in Grupo Desportivo Estoril Praia vs GD Chaves: Numbers: 0 and 11.
[2883710] Failed to build match row: Grupo Desportivo Estoril Praia vs GD Chaves
[3098706] Could not find attributes for natanael (Ludogorets Razgrad, 2018)
[2380400] Could not find attributes for pascal chimbonda (Carlisle United, 2013)
[3098706] Failed to build match row: FC Zürich vs Ludogorets Razgrad
[2380400] Failed to build match row: Carlisle United vs Boreham Wood FC
[3077436] Could not find attributes for yuriy pankiv (FC Oleksandriya, 2018)
[2722469] Could not find attributes for brown ideye (Olympiakos Syndesmos Filathlon Peiraios, 2016)
[3077436] Failed to build match row: FC Oleksandriya vs Desna Chernigiv
[2700698] Could not find attributes for derrick tshimanga (Willem II Tilburg, 2016)
[2722469] Failed to build match row: Olympiakos Syndesmos Filathlon Peiraios vs Hapoel Beer Sheva
[2700698] Failed to build match row: Sparta Rotterdam vs Willem II Tilburg
[2321993] Could not find attributes for daniele bucchi (La Fiorita 1967, 2013)
[2321993] Failed to build match row: La Fiorita 1967 vs Valletta FC
[2470034] Could not find attributes for umut bulut (Galatasaray Spor Kulübü, 2014)
[2470034] Failed to build match row: Galatasaray Spor Kulübü vs Akhisarspor
[2590596] Could not find attributes for djakaridja kone (Sivasspor, 2015)
[2872330] Could not find attributes for etienne capoue (Watford FC, 2017)
[2346269] Could not find attributes for boy waterman (Kardemir Karabükspor, 2013)
[2590596] Failed to build match row: Çaykur Rizespor Kulübü vs Sivasspor
[3252553] Failed to scrape lineup: https://www.transfermarkt.co.uk/spielbericht/index/spielbericht/3252553
[2478696] Failed to scrape lineup: https://www.transfermarkt.co.uk/uc-sampdoria_ac-milan/index/spielbericht/2478696
[2872330] Failed to build match row: Manchester City Football Club vs Watford FC
[2346269] Failed to build match row: Kardemir Karabükspor vs Beşiktaş Jimnastik Kulübü

Keepers & outfield error for **Athletic Club Bilbao** in Girona Fútbol Club S. A. D. vs Athletic Club Bilbao: Numbers: 3 and 8.
[3081313] Could not find attributes for cyril thereau (Cagliari Calcio, 2018)
[2899746] Failed to build match row: Girona Fútbol Club S. A. D. vs Athletic Club Bilbao
[3081313] Failed to build match row: Chievo Verona vs Cagliari Calcio
[2771348] Could not find attributes for timofey margasov (PFK Krylya Sovetov Samara, 2016)

Keepers & outfield error for **Portimonense SC** in Portimonense SC vs Clube Desportivo de Tondela: Numbers: 0 and 11.
[2771348] Failed to build match row: PFK Krylya Sovetov Samara vs Ural Yekaterinburg
[3211819] Failed to build match row: Portimonense SC vs Clube Desportivo de Tondela
[2482326] Could not find attributes for rod fanni (Olympique de Marseille, 2014)
[2360138] Could not find attributes for conrado (CD Trofense, 2013)
[2726844] Could not find attributes for massimo maccarone (FC Empoli, 2016)
[2482326] Failed to build match row: Olympique de Marseille vs Thonon Évian Grand Genève FC
[2726844] Failed to build match row: Palermo FC vs FC Empoli
[2360138] Failed to build match row: CD Trofense vs SC Beira-Mar
Not enough players found for lineup: 0, 0.
[2883711] Could not find attributes for Héldon (Vitória Sport Clube, 2017)
[2501211] Failed to scrape lineup: https://www.transfermarkt.co.uk/spielbericht/index/spielbericht/2501211
[2917421] Failed to scrape lineup: https://www.transfermarkt.co.uk/spielbericht/index/spielbericht/2917421
[2883711] Failed to build match row: CF Os Belenenses vs Vitória Sport Clube
[2713217] Could not find attributes for pavel gizgizov (FC Murom, 2016)
[3199479] Failed to scrape lineup: https://www.transfermarkt.co.uk/ogc-nice_fc-girondins-bordeaux/index/spielbericht/3199479
[2713217] Failed to build match row: FC Murom vs Znamya Truda Orekhovo-Zuevo
[2722470] Could not find attributes for kristi vangjeli (Astra Giurgiu (- 2024), 2016)
[2722470] Failed to build match row: Astra Giurgiu (- 2024) vs Football Club København
[2341249] Failed to scrape lineup: https://www.transfermarkt.co.uk/real-sociedad_ca-osasuna/index/spielbericht/2341249
[3069499] Failed to scrape lineup: https://www.transfermarkt.co.uk/boavista-fc_fc-porto/index/spielbericht/3069499
[2331064] Failed to scrape lineup: https://www.transfermarkt.co.uk/fc-lorient_as-saint-etienne/index/spielbericht/2331064
[2864877] Could not find attributes for jelle vossen (Club Brugge Koninklijke Voetbalvereniging, 2017)
[3222709] Could not find attributes for viktor dmitrenko (Tobol Kostanay, 2019)
[2864877] Failed to build match row: KSC Lokeren (- 2020) vs Club Brugge Koninklijke Voetbalvereniging
[3222709] Failed to build match row: Tobol Kostanay vs Jeunesse Esch
[2492251] Failed to scrape lineup: https://www.transfermarkt.co.uk/spielbericht/index/spielbericht/2492251
[3290641] Could not find attributes for boualem khoukhi (Al-Sadd SC, 2019)
[3290641] Failed to build match row: Al-Sadd SC vs Hienghene Sport
[3252554] Could not find attributes for dominik greif (Slovan Bratislava, 2019)
[2321994] Failed to scrape lineup: https://www.transfermarkt.co.uk/spielbericht/index/spielbericht/2321994
[3252554] Failed to build match row: Slovan Bratislava vs Sporting Clube de Braga
[3229413] Could not find attributes for andrea bertolacci (UC Sampdoria, 2019)

Keepers & outfield error for **EA Guingamp** in EA Guingamp vs ESTAC Troyes: Numbers: 2 and 9.
[3229413] Failed to build match row: Football Club Internazionale Milano S.p.A. vs UC Sampdoria
[2942862] Failed to build match row: EA Guingamp vs ESTAC Troyes
[2642856] Could not find attributes for stuart pierpoint (Stourbridge FC, 2015)
[2642856] Failed to build match row: Stourbridge FC vs Eastleigh FC
[2470035] Could not find attributes for tita (Mersin Talimyurdu SK, 2014)

Keepers & outfield error for **Association sportive de Monaco Football Club** in Angers Sporting Club de l'Ouest vs Association sportive de Monaco Football Club: Numbers: 2 and 9.
[2470035] Failed to build match row: Konyaspor vs Mersin Talimyurdu SK
[2346270] Could not find attributes for ali turan (Konyaspor, 2013)
[2609690] Failed to build match row: Angers Sporting Club de l'Ouest vs Association sportive de Monaco Football Club
[2346270] Failed to build match row: Konyaspor vs Galatasaray Spor Kulübü

Keepers & outfield error for **Sporting Clube de Braga** in Sporting Clube de Braga vs Gil Vicente Futebol Clube: Numbers: 0 and 11.
[2744437] Could not find attributes for massimo maccarone (FC Empoli, 2016)
[3211820] Failed to build match row: Sporting Clube de Braga vs Gil Vicente Futebol Clube
[2744437] Failed to build match row: FC Empoli vs LR Vicenza
[2335229] Could not find attributes for patrick twumasi (Amkar Perm, 2013)
[2335229] Failed to build match row: Amkar Perm vs Ural Yekaterinburg
[3055068] Could not find attributes for lasse schone (AFC Ajax Amsterdam, 2018)
[3055068] Failed to build match row: AFC Ajax Amsterdam vs Football Club Groningen
[2482327] Could not find attributes for thibault giresse (EA Guingamp, 2014)
[2380402] Could not find attributes for sam hatton (Grimsby Town, 2013)
[2482327] Failed to build match row: FC Girondins Bordeaux vs EA Guingamp
[2380402] Failed to build match row: Scunthorpe United vs Grimsby Town
[2700699] Could not find attributes for sinan bytyqi (Go Ahead Eagles, 2016)
[2771349] Could not find attributes for maicon bolt (Футбольный клуб "Локомотив" Москва, 2016)
[2771349] Failed to build match row: Футбольный клуб "Локомотив" Москва vs Anzhi Makhachkala ( -2022)
[2700699] Failed to build match row: Football Club Utrecht vs Go Ahead Eagles
[3199480] Could not find attributes for julio tavares (Dijon FCO, 2019)
[3199480] Failed to build match row: Association sportive de Monaco Football Club vs Dijon FCO
Not enough players found for lineup: 0, 0.

Keepers & outfield error for **Vitória Setúbal FC** in Vitória Setúbal FC vs Sport Lisboa e Benfica: Numbers: 2 and 9.
[3069500] Failed to build match row: Vitória Setúbal FC vs Sport Lisboa e Benfica
[2501212] Failed to scrape lineup: https://www.transfermarkt.co.uk/spielbericht/index/spielbericht/2501212
[3077437] Failed to scrape lineup: https://www.transfermarkt.co.uk/chornomorets-odessa_zorya-lugansk/index/spielbericht/3077437

Keepers & outfield error for **UD Almería** in UD Almería vs Real Valladolid CF: Numbers: 0 and 11.
[2590598] Could not find attributes for sabri sarioglu (Galatasaray Spor Kulübü, 2015)
[2341250] Failed to build match row: UD Almería vs Real Valladolid CF
[2590598] Failed to build match row: Galatasaray Spor Kulübü vs Mersin Talimyurdu SK

Keepers & outfield error for **Association sportive de Monaco Football Club** in Association sportive de Monaco Football Club vs FC Sochaux-Montbéliard: Numbers: 2 and 9.
[3222948] Could not find attributes for mattia migani (SP Tre Penne, 2019)
[2722471] Could not find attributes for dudu goresh (Hapoel Beer Sheva, 2016)
[2331065] Failed to build match row: Association sportive de Monaco Football Club vs FC Sochaux-Montbéliard
[2722471] Failed to build match row: Hapoel Beer Sheva vs Olympiakos Syndesmos Filathlon Peiraios
[3222948] Failed to build match row: SP Tre Penne vs FK Suduva Marijampole
[2459849] Could not find attributes for jeremiah st juste (Sportclub Heerenveen, 2014)
[3229414] Could not find attributes for georgios kyriakopoulos (Unione Sportiva Sassuolo Calcio, 2019)
[2459849] Failed to build match row: Sportclub Heerenveen vs Alkmaar Zaanstreek
[3229414] Failed to build match row: Atalanta Bergamasca Calcio S.p.a. vs Unione Sportiva Sassuolo Calcio

Keepers & outfield error for **Paris Saint-Germain Football Club** in AS Saint-Étienne vs Paris Saint-Germain Football Club: Numbers: 2 and 9.

Keepers & outfield error for **Northampton Town** in Northampton Town vs Northwich Victoria: Numbers: 0 and 11.
[3290642] Could not find attributes for moez ben cherifia (Esperance Tunis, 2019)
[3055069] Could not find attributes for ricardo van rhijn (Alkmaar Zaanstreek, 2018)
[2609691] Failed to build match row: AS Saint-Étienne vs Paris Saint-Germain Football Club
[3055069] Failed to build match row: Alkmaar Zaanstreek vs Feyenoord Rotterdam
[3290642] Failed to build match row: Al-Hilal Saudi Football Club vs Esperance Tunis
[2642857] Failed to build match row: Northampton Town vs Northwich Victoria
[2578014] Could not find attributes for jonathan howson (Norwich City, 2015)

Keepers & outfield error for **Manchester United Football Club** in Manchester United Football Club vs Alkmaar Zaanstreek: Numbers: 0 and 11.
[2524732] Could not find attributes for stephane dasse (CF União Madeira (-2021), 2014)
[2578014] Failed to build match row: Manchester City Football Club vs Norwich City
[2524732] Failed to build match row: FC Paços de Ferreira vs CF União Madeira (-2021)
[3252555] Failed to build match row: Manchester United Football Club vs Alkmaar Zaanstreek
[3098708] Could not find attributes for mikel gonzalez (AEK Larnaca, 2018)
[2713218] Could not find attributes for andrey konakov (Chertanovo Moscow, 2016)
[3098708] Failed to build match row: AEK Larnaca vs Ludogorets Razgrad
[2713218] Failed to build match row: Chertanovo Moscow vs FC Kolomna
[2346325] Could not find attributes for gokhan degirmenci (Kayseri Erciyesspor, 2013)
[2697583] Failed to scrape lineup: https://www.transfermarkt.co.uk/aalborg-bk_sonderjyske/index/spielbericht/2697583
[2700700] Could not find attributes for samuel armenteros (Heracles Almelo, 2016)
[2346325] Failed to build match row: Kayseri Erciyesspor vs Elazigspor
[2700700] Failed to build match row: Eindhovense Voetbalvereniging Philips Sport Vereniging vs Heracles Almelo

Keepers & outfield error for **Sporting Clube de Braga** in Sporting Clube de Braga vs Grupo Desportivo Estoril Praia: Numbers: 2 and 9.
[2883713] Failed to build match row: Sporting Clube de Braga vs Grupo Desportivo Estoril Praia
[2602933] Failed to scrape lineup: https://www.transfermarkt.co.uk/spielbericht/index/spielbericht/2602933
[3077438] Could not find attributes for kostyantyn makhnovskyi (Olimpik Donetsk, 2018)
[3077438] Failed to build match row: Olimpik Donetsk vs Karpaty Lviv (-2021)

Keepers & outfield error for **Cesena FC** in Cesena FC vs UC Sampdoria: Numbers: 2 and 9.
[2478699] Failed to build match row: Cesena FC vs UC Sampdoria
[3222949] Could not find attributes for roberts ozols (Riga FC, 2019)

Keepers & outfield error for **Sevilla Fútbol Club S.A.D.** in Espanol vs Sevilla Fútbol Club S.A.D.: Numbers: 0 and 11.
[3222949] Failed to build match row: Gliwicki Klub Sportowy Piast Spółka Akcyjna vs Riga FC
Not enough players found for lineup: 0, 0.
 vs Sevilla Fútbol Club S.A.D.
[2501213] Failed to scrape lineup: https://www.transfermarkt.co.uk/spielbericht/index/spielbericht/2501213

Keepers & outfield error for **Bologna Football Club 1909** in Bologna Football Club 1909 vs Udinese Calcio: Numbers: 0 and 11.
[2482328] Could not find attributes for kevin koubemba (Lille Olympique Sporting Club, 2014)
[3229415] Failed to build match row: Bologna Football Club 1909 vs Udinese Calcio
[3211821] Could not find attributes for chiquinho (Sport Lisboa e Benfica, 2019)
[2482328] Failed to build match row: Football Club de Nantes vs Lille Olympique Sporting Club
[3211821] Failed to build match row: Futebol Clube do Porto vs Sport Lisboa e Benfica
[2726846] Could not find attributes for orji okwonkwo (Bologna Football Club 1909, 2016)
[2321995] Could not find attributes for arsen beglaryan (Gandzasar Kapan, 2013)
[2726846] Failed to build match row: Bologna Football Club 1909 vs Juventus Football Club
[2321995] Failed to build match row: Gandzasar Kapan vs FK Aktobe
[3055070] Could not find attributes for ben rienstra (Sportclub Heerenveen, 2018)
[2578015] Could not find attributes for erik pieters (Stoke City, 2015)
[2524733] Could not find attributes for valdo alhinho (Clube Oriental Lissabon, 2014)
[3055070] Failed to build match row: Sportclub Heerenveen vs Heracles Almelo
[2380403] Could not find attributes for alastair worby (Brackley Town, 2013)
[3252556] Could not find attributes for vladimir stojkovic (Fudbalski Klub Partizan Beograd, 2019)
[2578015] Failed to build match row: Newcastle United Football Club vs Stoke City
[2380403] Failed to build match row: Brackley Town vs Gillingham FC
Not enough players found for lineup: 0, 11.
[2883714] Could not find attributes for nikola maras (GD Chaves, 2017)
[2771351] Could not find attributes for mikhail levashov (Arsenal Tula, 2016)
[2603923] Could not find attributes for oleksandr tkachenko (Vorskla Poltava, 2015)
[2713219] Failed to scrape lineup: https://www.transfermarkt.co.uk/spielbericht/index/spielbericht/2713219
[2524733] Failed to build match row: Boavista FC vs Clube Oriental Lissabon
[2883714] Failed to build match row: GD Chaves vs Clube Desportivo de Tondela

Keepers & outfield error for **Lyngby Boldklub** in Viborg Fodsports Forening vs Lyngby Boldklub: Numbers: 2 and 9.
[3252556] Failed to build match row: Fudbalski Klub Partizan Beograd vs FC Astana
[2603923] Failed to build match row: FC Shakhtar Donetsk vs Vorskla Poltava
[2771351] Failed to build match row: FK Rostov vs Arsenal Tula
[2697591] Failed to build match row: Viborg Fodsports Forening vs Lyngby Boldklub
[2722472] Could not find attributes for florin lovin (Astra Giurgiu (- 2024), 2016)
[2722472] Failed to build match row: Football Club København vs Astra Giurgiu (- 2024)

Keepers & outfield error for **Real Betis Balompié S.A.D.** in Real Betis Balompié S.A.D. vs Levante Unión Deportiva S.A.D.: Numbers: 2 and 9.
[3208680] Failed to build match row: Real Betis Balompié S.A.D. vs Levante Unión Deportiva S.A.D.
[2502472] Could not find attributes for thibault giresse (EA Guingamp, 2014)
[2581962] Could not find attributes for timothy chandler (Eintracht Frankfurt Fußball AG, 2015)
[2502472] Failed to build match row: Paris Saint-Germain Football Club vs EA Guingamp
[2581962] Failed to build match row: Bayer 04 Leverkusen Fußball vs Eintracht Frankfurt Fußball AG
[3394842] Could not find attributes for lars lokotsch (Livingston Football Club, 2020)
[3394842] Failed to build match row: Livingston Football Club vs Ross County FC

Keepers & outfield error for **Società Sportiva Lazio S.p.A.** in AS Saint-Étienne vs Società Sportiva Lazio S.p.A.: Numbers: 2 and 9.
[2618987] Failed to build match row: AS Saint-Étienne vs Società Sportiva Lazio S.p.A.
[2459850] Could not find attributes for divine naah (Nooit Opgeven Altijd Doorzetten Aangenaam Door Vermaak En Nuttig Door Ontspanning Combinatie Breda, 2014)
[2459850] Failed to build match row: Nooit Opgeven Altijd Doorzetten Aangenaam Door Vermaak En Nuttig Door Ontspanning Combinatie Breda vs FC Dordrecht
[3199481] Failed to scrape lineup: https://www.transfermarkt.co.uk/stade-rennais-fc_amiens-sc/index/spielbericht/3199481

Keepers & outfield error for **KAS Eupen** in KAS Eupen vs Sportvereniging Zulte Waregem: Numbers: 2 and 9.
[2864879] Failed to build match row: KAS Eupen vs Sportvereniging Zulte Waregem
n Association sportive de Monaco Football Club vs Olympique Lyonnais: Numbers: 2 and 9.
[2482329] Failed to build match row: Association sportive de Monaco Football Club vs Olympique Lyonnais
[3136602] Could not find attributes for wes hoolahan (West Bromwich Albion, 2018)
[3136602] Failed to build match row: West Bromwich Albion vs Wigan Athletic
[2744439] Could not find attributes for nicola bizzotto (Bassano Virtus 55 ST, 2016)
[2744439] Failed to build match row: UC Sampdoria vs Bassano Virtus 55 ST

Keepers & outfield error for **Clube Desportivo de Tondela** in Clube Desportivo de Tondela vs CS Marítimo: Numbers: 0 and 11.
[3211822] Failed to build match row: Clube Desportivo de Tondela vs CS Marítimo
[2346326] Failed to scrape lineup: https://www.transfermarkt.co.uk/gaziantepspor_kasimpasa/index/spielbericht/2346326

Keepers & outfield error for **Società Sportiva Lazio S.p.A.** in FC Crotone vs Società Sportiva Lazio S.p.A.: Numbers: 2 and 9.
[2360139] Could not find attributes for accioly (Clube Desportivo Santa Clara, 2013)
[3229416] Could not find attributes for giulio donati (Unione Sportiva Lecce, 2019)
[2726847] Failed to build match row: FC Crotone vs Società Sportiva Lazio S.p.A.
[2360139] Failed to build match row: Clube Desportivo Santa Clara vs Clube Desportivo de Tondela
[2609692] Failed to scrape lineup: https://www.transfermarkt.co.uk/estac-troyes_fc-nantes/index/spielbericht/2609692
[3229416] Failed to build match row: Unione Sportiva Lecce vs Atalanta Bergamasca Calcio S.p.a.
[2380404] Failed to build match row: Newport County vs Braintree Town
[2618988] Failed to scrape lineup: https://www.transfermarkt.co.uk/spielbericht/index/spielbericht/2618988
[2917424] Failed to scrape lineup: https://www.transfermarkt.co.uk/spielbericht/index/spielbericht/2917424

Keepers & outfield error for **Genoa Cricket and Football Club** in Udinese Calcio vs Genoa Cricket and Football Club: Numbers: 2 and 9.
[3136603] Failed to scrape lineup: https://www.transfermarkt.co.uk/spielbericht/index/spielbericht/3136603
[3081315] Failed to build match row: Udinese Calcio vs Genoa Cricket and Football Club
[2581963] Could not find attributes for daniel schwaab (Verein für Bewegungsspiele Stuttgart 1893, 2015)
[3222950] Could not find attributes for alban hoxha (FK Partizani, 2019)
[2335231] Could not find attributes for mario fernandes (PFK CSKA Moskva, 2013)
[2581963] Failed to build match row: Fußball-Club Augsburg 1907 vs Verein für Bewegungsspiele Stuttgart 1893
[2713221] Could not find attributes for oleg baklov (Syzran-2003, 2016)
[2335231] Failed to build match row: Kuban Krasnodar (-2018) vs PFK CSKA Moskva
[2771352] Could not find attributes for georgiy shchennikov (PFK CSKA Moskva, 2016)
[3222950] Failed to build match row: FK Partizani vs FC Sheriff Tiraspol
[2713221] Failed to build match row: Syzran-2003 vs Lada Togliatti
[2771352] Failed to build match row: PFK CSKA Moskva vs Amkar Perm

Keepers & outfield error for **FC Paços de Ferreira** in FC Paços de Ferreira vs Moreirense Futebol Clube: Numbers: 0 and 11.
[2883715] Failed to build match row: FC Paços de Ferreira vs Moreirense Futebol Clube
[2722514] Could not find attributes for damir kahriman (Fudbalski klub Crvena zvezda Beograd, 2016)
[2590601] Could not find attributes for ryan donk (Kasımpaşa A.Ş., 2015)
[2722514] Failed to build match row: Fudbalski klub Crvena zvezda Beograd vs Ludogorets Razgrad
[2603924] Could not find attributes for zauri makharadze (Olimpik Donetsk, 2015)
[2603924] Failed to build match row: Olimpik Donetsk vs FC Zorya Lugansk
[3211823] Failed to scrape lineup: https://www.transfermarkt.co.uk/sporting-cp_portimonense-sc/index/spielbericht/3211823

Keepers & outfield error for **West Ham United Football Club** in West Ham United Football Club vs West Bromwich Albion: Numbers: 0 and 11.
[2872334] Failed to build match row: West Ham United Football Club vs West Bromwich Albion
Not enough players found for lineup: 0, 0.
[2360140] Failed to scrape lineup: https://www.transfermarkt.co.uk/spielbericht/index/spielbericht/2360140
[3252557] Could not find attributes for vujadin savic (APOEL Nicosia, 2019)
[3252557] Failed to build match row: APOEL Nicosia vs Qarabağ FK

Keepers & outfield error for **FC Penafiel** in FC Penafiel vs SC Covilhã: Numbers: 2 and 9.
[2524734] Failed to build match row: FC Penafiel vs SC Covilhã

Keepers & outfield error for **CF Os Belenenses** in Associazione Calcio Fiorentina vs CF Os Belenenses: Numbers: 2 and 9.
[2942865] Could not find attributes for kouadio yves dabila (Lille Olympique Sporting Club, 2017)
[2618990] Failed to build match row: Associazione Calcio Fiorentina vs CF Os Belenenses
[2942865] Failed to build match row: FC Girondins Bordeaux vs Lille Olympique Sporting Club
[2891556] Could not find attributes for zivko zivkovic (AO Xanthi, 2017)
[2891556] Failed to build match row: AO Xanthi vs APO Levadiakos Football Club
[3222951] Could not find attributes for dmitriy guzj (FC Ararat-Armenia, 2019)
[2502703] Could not find attributes for craig buchanan (East Kilbride FC, 2014)
[2492349] Could not find attributes for georgios merkis (Apollon Limassol, 2014)
[3222951] Failed to build match row: FC Ararat-Armenia vs Lincoln Red Imps FC
[2346327] Could not find attributes for oguz daglaroglu (Akhisarspor, 2013)
[2502703] Failed to build match row: East Kilbride FC vs The Spartans FC
[2346327] Failed to build match row: Akhisarspor vs Eskisehirspor

Keepers & outfield error for **Vitória Sport Clube** in Futebol Clube de Famalicão vs Vitória Sport Clube: Numbers: 0 and 11.
[3098711] Could not find attributes for elmir nabiullin (AO FK Zenit Sankt-Peterburg, 2018)
[2492349] Failed to build match row: Apollon Limassol vs FC Zürich

Keepers & outfield error for **Association Football Club Bournemouth** in Association Football Club Bournemouth vs Arsenal Football Club: Numbers: 2 and 9.
[3098711] Failed to build match row: AO FK Zenit Sankt-Peterburg vs FC Girondins Bordeaux
[2872335] Failed to build match row: Association Football Club Bournemouth vs Arsenal Football Club
[3211824] Failed to build match row: Futebol Clube de Famalicão vs Vitória Sport Clube
[3291217] Could not find attributes for boualem khoukhi (Al-Sadd SC, 2019)
[3291217] Failed to build match row: Club de Fútbol Monterrey Rayados A.C. vs Al-Sadd SC
[2917425] Could not find attributes for jakub rzezniczak (Qarabağ FK, 2017)
[2713222] Could not find attributes for dmitri krasilnikov (Volga Uljanovsk, 2016)
[2459851] Could not find attributes for brahim darri (Heracles Almelo, 2014)
[2700702] Failed to scrape lineup: https://www.transfermarkt.co.uk/az-alkmaar_vitesse-arnhem/index/spielbericht/2700702
[2459851] Failed to build match row: Heracles Almelo vs AFC Ajax Amsterdam
[2917425] Failed to build match row: Qarabağ FK vs Chelsea Football Club
[2713222] Failed to build match row: Volga Uljanovsk vs Zenit Penza
[2581964] Could not find attributes for sambou yatabare (Sportverein Werder Bremen von 1899, 2015)
[2642860] Could not find attributes for james mckeown (Grimsby Town, 2015)
[2581964] Failed to build match row: Sportverein Werder Bremen von 1899 vs Verein für Leibesübungen Wolfsburg
[2642860] Failed to build match row: Grimsby Town vs Shrewsbury Town
[2590602] Could not find attributes for djakaridja kone (Sivasspor, 2015)
[3252558] Could not find attributes for jonathan joubert (F91 Dudelange, 2019)
[2590602] Failed to build match row: Sivasspor vs Konyaspor
[3252558] Failed to build match row: F91 Dudelange vs Sevilla Fútbol Club S.A.D.

Keepers & outfield error for **Olympiakos Syndesmos Filathlon Peiraios** in Olympiakos Syndesmos Filathlon Peiraios vs Athlitiki Enosi Konstantinoupoleos: Numbers: 2 and 9.
[2891557] Failed to build match row: Olympiakos Syndesmos Filathlon Peiraios vs Athlitiki Enosi Konstantinoupoleos

Keepers & outfield error for **Rio Ave Futebol Clube** in Rio Ave Futebol Clube vs Vitória Setúbal FC: Numbers: 3 and 8.
[2883716] Failed to build match row: Rio Ave Futebol Clube vs Vitória Setúbal FC

Keepers & outfield error for **Palermo FC** in Genoa Cricket and Football Club vs Palermo FC: Numbers: 0 and 11.
[2478700] Failed to build match row: Genoa Cricket and Football Club vs Palermo FC

Keepers & outfield error for **FC Paços de Ferreira** in FC Paços de Ferreira vs Boavista FC: Numbers: 3 and 8.
[3211825] Failed to build match row: FC Paços de Ferreira vs Boavista FC
[3077533] Could not find attributes for alessio milillo (AS Viterbese Castrense, 2018)
[3077533] Failed to build match row: AS Viterbese Castrense vs Rende Calcio 1968

Keepers & outfield error for **Aberdeen Football Club** in Hibernian Football Club vs Aberdeen Football Club: Numbers: 0 and 11.
[2603926] Failed to scrape lineup: https://www.transfermarkt.co.uk/dynamo-kyiv_dnipro-dnipropetrovsk-2020-/index/spielbericht/2603926
[3394845] Failed to build match row: Hibernian Football Club vs Aberdeen Football Club
[2335233] Could not find attributes for mario fernandes (PFK CSKA Moskva, 2013)
[2335233] Failed to build match row: PFK Krylya Sovetov Samara vs PFK CSKA Moskva
[2891558] Failed to scrape lineup: https://www.transfermarkt.co.uk/apollon-smyrnis_panathinaikos-fc/index/spielbericht/2891558

Keepers & outfield error for **SD Eibar** in SD Eibar vs Sevilla Fútbol Club S.A.D.: Numbers: 2 and 9.
[3081317] Failed to scrape lineup: https://www.transfermarkt.co.uk/uc-sampdoria_ac-milan/index/spielbericht/3081317
[3098712] Failed to scrape lineup: https://www.transfermarkt.co.uk/spielbericht/index/spielbericht/3098712
[3208682] Failed to build match row: SD Eibar vs Sevilla Fútbol Club S.A.D.
[2321996] Could not find attributes for vasilije jovovic (FK Celik Niksic, 2013)
[2321996] Failed to build match row: FK Celik Niksic vs Budapest Honvéd FC
[3211826] Failed to scrape lineup: https://www.transfermarkt.co.uk/desportivo-aves-2020-_rio-ave-fc/index/spielbericht/3211826
[2864881] Failed to scrape lineup: https://www.transfermarkt.co.uk/kv-mechelen_standard-liege/index/spielbericht/2864881
[3222952] Failed to scrape lineup: https://www.transfermarkt.co.uk/spielbericht/index/spielbericht/3222952
[3047528] Could not find attributes for pedro rebocho (EA Guingamp, 2018)

Keepers & outfield error for **Alaves** in Alaves vs Celta: Numbers: 2 and 9.
oninklijke Voetbalvereniging vs Royal Standard Club de Liège: Numbers: 2 and 9.
[3047528] Failed to build match row: Nîmes Olympique vs EA Guingamp
[2899751] Failed to build match row: Alaves vs Celta
[2715933] Failed to build match row: Club Brugge Koninklijke Voetbalvereniging vs Royal Standard Club de Liège
[2771353] Failed to scrape lineup: https://www.transfermarkt.co.uk/fc-krasnodar_fc-orenburg/index/spielbericht/2771353
[2459852] Could not find attributes for karim el ahmadi (Feyenoord Rotterdam, 2014)
[2459852] Failed to build match row: Willem II Tilburg vs Feyenoord Rotterdam
[2321997] Could not find attributes for omar migineishvili (Torpedo Kutaisi, 2013)
[2942867] Could not find attributes for jerome roussillon (Montpellier HSC, 2017)
[2321997] Failed to build match row: Torpedo Kutaisi vs MSK Zilina
[2942867] Failed to build match row: Olympique de Marseille vs Montpellier HSC
[2524735] Could not find attributes for igor stefanovic (GD Chaves, 2014)
[3229418] Failed to scrape lineup: https://www.transfermarkt.co.uk/us-sassuolo_brescia-calcio/index/spielbericht/3229418
[2524735] Failed to build match row: Rio Ave Futebol Clube vs GD Chaves
[2697593] Could not find attributes for karlo bartolec (Fodbold Club Nordsjælland, 2016)
[2380407] Failed to scrape lineup: https://www.transfermarkt.co.uk/spielbericht/index/spielbericht/2380407
[2603927] Could not find attributes for danylo kanevtsev (Metalist Kharkiv (- 2016), 2015)
[2697593] Failed to build match row: Fodbold Club Nordsjælland vs Esbjerg fB
[2603927] Failed to build match row: Metalist Kharkiv (- 2016) vs Volyn Lutsk
[2482332] Could not find attributes for david ngog (Stade Reims, 2014)
[2482332] Failed to build match row: Toulouse Football Club vs Stade Reims
[3211827] Could not find attributes for show (B SAD, 2019)
[3211827] Failed to build match row: B SAD vs Clube Desportivo Santa Clara
[2700703] Could not find attributes for bersant celina (Football Club Twente, 2016)
[2700703] Failed to build match row: Football Club Twente vs Prins Hendrik Ende Desespereert Nimmer Combinatie Zwolle
[2872337] Failed to scrape lineup: https://www.transfermarkt.co.uk/crystal-palace_burnley-fc/index/spielbericht/2872337
[2722612] Could not find attributes for frantisek rajtoral (Gaziantepspor (- 2020), 2016)
[2722612] Failed to build match row: Adanaspor vs Gaziantepspor (- 2020)
[2335234] Could not find attributes for maicon bolt (Футбольный клуб "Локомотив" Москва, 2013)
[2335234] Failed to build match row: Футбольный клуб "Локомотив" Москва vs Volga Nizhniy Novgorod (- 2016)
[2331070] Could not find attributes for theo pellenard (FC Girondins Bordeaux, 2013)
[2771354] Could not find attributes for mikhail levashov (Arsenal Tula, 2016)

Keepers & outfield error for **Verona Hellas Football Club** in Verona Hellas Football Club vs Associazione Calcio Fiorentina: Numbers: 0 and 11.
[2771354] Failed to build match row: Arsenal Tula vs PFK CSKA Moskva
[2331070] Failed to build match row: Stade Reims vs FC Girondins Bordeaux
[2478701] Failed to build match row: Verona Hellas Football Club vs Associazione Calcio Fiorentina
[2609694] Failed to scrape lineup: https://www.transfermarkt.co.uk/fc-lorient_stade-reims/index/spielbericht/2609694

Keepers & outfield error for **Aberdeen Football Club** in Aberdeen Football Club vs Kilmarnock Football Club: Numbers: 0 and 11.
[3394846] Failed to build match row: Aberdeen Football Club vs Kilmarnock Football Club
[2883717] Could not find attributes for uri rosell (Portimonense SC, 2017)
[2883717] Failed to build match row: Portimonense SC vs Desportivo Aves (- 2020)
[3291617] Could not find attributes for boualem khoukhi (Al-Sadd SC, 2019)
[3291617] Failed to build match row: Al-Sadd SC vs Esperance Tunis
[2891559] Could not find attributes for themistoklis tzimopoulos (PAS Giannina, 2017)
[2502704] Failed to scrape lineup: https://www.transfermarkt.co.uk/spielbericht/index/spielbericht/2502704
[2891559] Failed to build match row: PAS Giannina vs Panthessalonikios Athlitikos Omilos Konstantinoupoliton
[3252559] Could not find attributes for dimitri lavalee (Royal Standard Club de Liège, 2019)
[2716024] Could not find attributes for khazbulat khamkhoev (FK Sochi (bis 2017), 2016)
[3252559] Failed to build match row: Eintracht Frankfurt Fußball AG vs Royal Standard Club de Liège
[2716024] Failed to build match row: FK Sochi (bis 2017) vs Chayka Peschanokopskoye
[3069501] Could not find attributes for jota (Clube Desportivo Nacional, 2018)
[2331071] Could not find attributes for benoit tremoulinas (AS Saint-Étienne, 2013)
[3069501] Failed to build match row: Clube Desportivo Nacional vs Boavista FC
[2470037] Could not find attributes for marcio mossoro (İstanbul Başakşehir Futbol Kulübü, 2014)
 Club de Fútbol S. A. D. Team Dubai: Numbers: 0 and 11.
[2331071] Failed to build match row: AS Saint-Étienne vs Association sportive de Monaco Football Club
[2899752] Failed to build match row: Sevilla Fútbol Club S.A.D. vs Getafe Club de Fútbol S. A. D. Team Dubai
[2470037] Failed to build match row: Eskisehirspor vs İstanbul Başakşehir Futbol Kulübü
[2581967] Could not find attributes for filip mladenovic (1. Fußball-Club Köln, 2015)
[2581967] Failed to build match row: 1. Fußball- und Sportverein Mainz 05 vs 1. Fußball-Club Köln

Keepers & outfield error for **Sport Lisboa e Benfica** in Sport Lisboa e Benfica vs Clube Desportivo Nacional: Numbers: 2 and 9.
[2524738] Failed to build match row: Sport Lisboa e Benfica vs Clube Desportivo Nacional
[2482333] Failed to scrape lineup: https://www.transfermarkt.co.uk/paris-saint-germain_stade-rennais-fc/index/spielbericht/2482333
[2603928] Failed to scrape lineup: https://www.transfermarkt.co.uk/chornomorets-odesa_karpaty-lviv/index/spielbericht/2603928
[2578019] Failed to scrape lineup: https://www.transfermarkt.co.uk/sunderland-afc_newcastle-united/index/spielbericht/2578019
[3229419] Failed to scrape lineup: https://www.transfermarkt.co.uk/udinese-calcio_acf-fiorentina/index/spielbericht/3229419
38
[3081319] Failed to scrape lineup: https://www.transfermarkt.co.uk/bologna-fc-1909_us-sassuolo/index/spielbericht/3081319
[3047530] Failed to scrape lineup: https://www.transfermarkt.co.uk/fc-toulouse_as-saint-etienne/index/spielbericht/3047530
[3077534] Could not find attributes for andrea sala (SS Sambenedettese, 2018)
[3077534] Failed to build match row: SS Sambenedettese vs Sanremese Calcio
[2609695] Failed to scrape lineup: https://www.transfermarkt.co.uk/gfc-ajaccio_montpellier-hsc/index/spielbericht/2609695
[3222953] Could not find attributes for dominik greif (Slovan Bratislava, 2019)
[3098714] Failed to scrape lineup: https://www.transfermarkt.co.uk/spielbericht/index/spielbericht/3098714
[3222953] Failed to build match row: Slovan Bratislava vs KF Feronikeli Drenas
[2321998] Could not find attributes for stojan dimovski (FK Horizont Turnovo, 2013)
[2502712] Could not find attributes for ewan moyes (East Fife FC, 2014)
[2321998] Failed to build match row: FK Horizont Turnovo vs FK Suduva Marijampole
[2502712] Failed to build match row: East Fife FC vs Berwick Rangers FC
[2380408] Could not find attributes for nat brown (Lincoln City, 2013)
[3394847] Could not find attributes for lars lokotsch (Livingston Football Club, 2020)
[2380408] Failed to build match row: Plymouth Argyle vs Lincoln City
[3394847] Failed to build match row: Livingston Football Club vs Hamilton Academical FC
[3199486] Could not find attributes for timothee kolodziejczak (AS Saint-Étienne, 2019)

Keepers & outfield error for **Real Club Deportivo Mallorca S.A.D.** in Real Club Deportivo Mallorca S.A.D. vs Club Atlético de Madrid S.A.D.: Numbers: 2 and 9.
[2942868] Failed to scrape lineup: https://www.transfermarkt.co.uk/amiens-sc_sm-caen/index/spielbericht/2942868
[3199486] Failed to build match row: Football Club de Nantes vs AS Saint-Étienne
[3208684] Failed to build match row: Real Club Deportivo Mallorca S.A.D. vs Club Atlético de Madrid S.A.D.
[2891560] Could not find attributes for georgios athanasiadis (A.G.S Asteras Tripolis, 2017)
[2618992] Failed to scrape lineup: https://www.transfermarkt.co.uk/spielbericht/index/spielbericht/2618992
[2891560] Failed to build match row: A.G.S Asteras Tripolis vs Olympiakos Syndesmos Filathlon Peiraios
[2722613] Could not find attributes for amadaiya rennie (Antalyaspor, 2016)
[2722613] Failed to build match row: Antalyaspor vs Konyaspor

Keepers & outfield error for **Clube Desportivo de Tondela** in Clube Desportivo Santa Clara vs Clube Desportivo de Tondela: Numbers: 0 and 11.
[2578020] Failed to scrape lineup: https://www.transfermarkt.co.uk/watford-fc_west-ham-united/index/spielbericht/2578020
[3081320] Failed to scrape lineup: https://www.transfermarkt.co.uk/frosinone-calcio_spal/index/spielbericht/3081320
[3211829] Failed to build match row: Clube Desportivo Santa Clara vs Clube Desportivo de Tondela
[3291618] Could not find attributes for gabriel barbosa (Clube de Regatas do Flamengo, 2019)
[3291618] Failed to build match row: Clube de Regatas do Flamengo vs Al-Hilal Saudi Football Club
[2603929] Could not find attributes for yuriy pankiv (PFK Stal Kamyanske (-2018), 2015)
Not enough players found for lineup: 0, 0.
[2603929] Failed to build match row: PFK Stal Kamyanske (-2018) vs FC Oleksandriya
[2917428] Could not find attributes for fabio coentrao (Sporting Clube de Portugal, 2017)
[3252615] Failed to scrape lineup: https://www.transfermarkt.co.uk/spielbericht/index/spielbericht/3252615
[2917428] Failed to build match row: Sporting Clube de Portugal vs Olympiakos Syndesmos Filathlon Peiraios
[2321999] Failed to scrape lineup: https://www.transfermarkt.co.uk/spielbericht/index/spielbericht/2321999
[3208685] Failed to scrape lineup: https://www.transfermarkt.co.uk/real-madrid_ca-osasuna/index/spielbericht/3208685

Keepers & outfield error for **Clube Desportivo de Tondela** in Clube Desportivo de Tondela vs Sporting Clube de Braga: Numbers: 0 and 11.
[3069502] Failed to build match row: Clube Desportivo de Tondela vs Sporting Clube de Braga

Keepers & outfield error for **Sport Lisboa e Benfica** in CS Marítimo vs Sport Lisboa e Benfica: Numbers: 0 and 11.
[2381469] Could not find attributes for artem smirnov (FC Tosno (-2018), 2013)
[2883718] Failed to build match row: CS Marítimo vs Sport Lisboa e Benfica
[2381469] Failed to build match row: FK Spartak Moskva vs FC Tosno (-2018)

Keepers & outfield error for **Málaga CF** in SD Eibar vs Málaga CF: Numbers: 0 and 11.
[2899753] Failed to build match row: SD Eibar vs Málaga CF
[2470038] Could not find attributes for engin bekdemir (Çaykur Rizespor Kulübü, 2014)
[2716026] Could not find attributes for svyatoslav vostrikov (Delin Izhevsk, 2016)
[2478703] Could not find attributes for dodo (Football Club Internazionale Milano S.p.A., 2014)
[2478703] Failed to build match row: Associazione Calcio Milan vs Football Club Internazionale Milano S.p.A.
[2470038] Failed to build match row: Çaykur Rizespor Kulübü vs Kardemir Karabükspor
[2716026] Failed to build match row: Delin Izhevsk vs KamAZ Naberezhnye Chelny
[3047531] Could not find attributes for pedro rebocho (EA Guingamp, 2018)
[2891561] Could not find attributes for enea mihaj (Panetolikos Agrinio, 2017)
[3047531] Failed to build match row: Angers Sporting Club de l'Ouest vs EA Guingamp
[2891561] Failed to build match row: Panetolikos Agrinio vs Panionios Athens

Keepers & outfield error for **Moreirense Futebol Clube** in Moreirense Futebol Clube vs Futebol Clube de Arouca: Numbers: 2 and 9.
[2524739] Failed to build match row: Moreirense Futebol Clube vs Futebol Clube de Arouca
[3077535] Could not find attributes for antony iannarilli (Ternana Calcio, 2018)
[3077535] Failed to build match row: Ternana Calcio vs US Città di Pontedera
[3098715] Could not find attributes for jakub rzezniczak (Qarabağ FK, 2018)
[3098715] Failed to build match row: Qarabağ FK vs Vorskla Poltava
[2771357] Could not find attributes for blagoy georgiev (FC Orenburg, 2016)
[2771357] Failed to build match row: FC Orenburg vs Футбольный клуб "Локомотив" Москва
[2459855] Could not find attributes for timo letschert (Football Club Utrecht, 2014)
[2459855] Failed to build match row: ADO Den Haag vs Football Club Utrecht
[2381470] Could not find attributes for joaozinho (FK Krasnodar, 2013)

Keepers & outfield error for **UD Las Palmas** in UD Las Palmas vs Valencia Club de Fútbol S. A. D.: Numbers: 2 and 9.
[2335235] Could not find attributes for vladimir khozin (Ural Yekaterinburg, 2013)
[2899754] Failed to build match row: UD Las Palmas vs Valencia Club de Fútbol S. A. D.
[2381470] Failed to build match row: FK Krasnodar vs FC Ryazan
[2335235] Failed to build match row: FK Spartak Moskva vs Ural Yekaterinburg

Keepers & outfield error for **Rayo Vallecano de Madrid S. A. D.** in Rayo Vallecano de Madrid S. A. D. vs Getafe Club de Fútbol S. A. D. Team Dubai: Numbers: 0 and 11.
[3291619] Failed to scrape lineup: https://www.transfermarkt.co.uk/spielbericht/index/spielbericht/3291619
[3211830] Failed to scrape lineup: https://www.transfermarkt.co.uk/vitoria-setubal-fc_gil-vicente-fc/index/spielbericht/3211830
[3229421] Failed to scrape lineup: https://www.transfermarkt.co.uk/uc-sampdoria_hellas-verona/index/spielbericht/3229421
[2341253] Failed to build match row: Rayo Vallecano de Madrid S. A. D. vs Getafe Club de Fútbol S. A. D. Team Dubai
[3208686] Failed to scrape lineup: https://www.transfermarkt.co.uk/real-sociedad_deportivo-alaves/index/spielbericht/3208686
[2482335] Failed to scrape lineup: https://www.transfermarkt.co.uk/fc-evian-thonon-gaillard_fc-girondins-bordeaux/index/spielbericht/2482335
[2470039] Could not find attributes for marcio mossoro (İstanbul Başakşehir Futbol Kulübü, 2014)
[2603930] Could not find attributes for jan lastuvka (Dnipro Dnipropetrovsk (-2020), 2015)
[2470039] Failed to build match row: İstanbul Başakşehir Futbol Kulübü vs Balikesirspor
[3069503] Failed to scrape lineup: https://www.transfermarkt.co.uk/moreirense-fc_cd-santa-clara/index/spielbericht/3069503
[2331072] Could not find attributes for corentin tolisso (Olympique Lyonnais, 2013)
[2603930] Failed to build match row: Dnipro Dnipropetrovsk (-2020) vs FC Shakhtar Donetsk
[3098716] Failed to scrape lineup: https://www.transfermarkt.co.uk/spielbericht/index/spielbericht/3098716
[2331072] Failed to build match row: Olympique Lyonnais vs Montpellier HSC
[2478704] Failed to scrape lineup: https://www.transfermarkt.co.uk/ssc-napoli_cagliari-calcio/index/spielbericht/2478704
[2618993] Could not find attributes for ibrahim sehic (Qarabağ FK, 2015)

Keepers & outfield error for **Olympique de Marseille** in ESTAC Troyes vs Olympique de Marseille: Numbers: 2 and 9.
[2618993] Failed to build match row: Royal Sporting Club Anderlecht vs Qarabağ FK
[2942870] Failed to build match row: ESTAC Troyes vs Olympique de Marseille

Keepers & outfield error for **Sporting Clube de Portugal** in Sporting Clube de Portugal vs Futebol Clube do Porto: Numbers: 0 and 11.
[2883719] Failed to build match row: Sporting Clube de Portugal vs Futebol Clube do Porto
[2322000] Could not find attributes for giray kacar (Trabzonspor Kulübü, 2013)
[2322000] Failed to build match row: Derry City vs Trabzonspor Kulübü
[2716656] Could not find attributes for denys shelikhov (Dnipro Dnipropetrovsk (-2020), 2016)
[2360141] Could not find attributes for ivo nicolau (Portimonense SC, 2013)
Not enough players found for lineup: 0, 11.
[2459856] Could not find attributes for gino coutinho (Excelsior Rotterdam, 2014)
[2716656] Failed to build match row: Dnipro Dnipropetrovsk (-2020) vs Vorskla Poltava
[2360141] Failed to build match row: Portimonense SC vs CD Trofense
[2459856] Failed to build match row: SC Cambuur Leeuwarden vs Excelsior Rotterdam
[3252840] Failed to scrape lineup: https://www.transfermarkt.co.uk/spielbericht/index/spielbericht/3252840
[2917429] Could not find attributes for jasmin handanovic (NK Maribor, 2017)
[2917429] Failed to build match row: FK Spartak Moskva vs NK Maribor
[2381471] Could not find attributes for mario fernandes (PFK CSKA Moskva, 2013)
[2381471] Failed to build match row: PFK CSKA Moskva vs Sokol Saratov
[2341254] Could not find attributes for miguel angel corona (UD Almería, 2013)
[2341254] Failed to build match row: UD Almería vs Athletic Club Bilbao
[2619433] Could not find attributes for yevgen borovyk (Chornomorets Odesa, 2015)
[2619433] Failed to build match row: Chornomorets Odesa vs Vorskla Poltava

Keepers & outfield error for **Desportivo Aves (- 2020)** in Desportivo Aves (- 2020) vs Sport Lisboa e Benfica: Numbers: 0 and 11.
[2883720] Failed to build match row: Desportivo Aves (- 2020) vs Sport Lisboa e Benfica
[3055072] Could not find attributes for sepp van den berg (Prins Hendrik Ende Desespereert Nimmer Combinatie Zwolle, 2018)
[3055072] Failed to build match row: Prins Hendrik Ende Desespereert Nimmer Combinatie Zwolle vs Vitesse Arnhem

Keepers & outfield error for **Málaga CF** in Málaga CF vs Girona Fútbol Club S. A. D.: Numbers: 0 and 11.
[2899755] Failed to build match row: Málaga CF vs Girona Fútbol Club S. A. D.

Keepers & outfield error for **FC Santa Coloma** in FC Santa Coloma vs FC Astana: Numbers: 0 and 11.
[2335236] Could not find attributes for marko devic (FC Rubin Kazan, 2013)
[2335236] Failed to build match row: FC Rubin Kazan vs Kuban Krasnodar (-2018)
[2331073] Could not find attributes for stoppila sunzu (FC Sochaux-Montbéliard, 2013)

Keepers & outfield error for **Clube Desportivo Nacional** in Clube Desportivo Nacional vs Moreirense Futebol Clube: Numbers: 0 and 11.

Keepers & outfield error for **Sevilla Fútbol Club S.A.D.** in Sevilla Fútbol Club S.A.D. vs Liverpool Football Club: Numbers: 0 and 11.
[2331073] Failed to build match row: FC Sochaux-Montbéliard vs FC Girondins Bordeaux
[2524740] Failed to build match row: Clube Desportivo Nacional vs Moreirense Futebol Clube
[2917430] Failed to build match row: Sevilla Fútbol Club S.A.D. vs Liverpool Football Club
[3081323] Could not find attributes for merih demiral (Unione Sportiva Sassuolo Calcio, 2018)

Keepers & outfield error for **Olympique Gymnaste Club Nice Côte d'Azur** in Olympique Lyonnais vs Olympique Gymnaste Club Nice Côte d'Azur: Numbers: 2 and 9.
[3081323] Failed to build match row: Unione Sportiva Sassuolo Calcio vs Chievo Verona
[3199489] Failed to build match row: Olympique Lyonnais vs Olympique Gymnaste Club Nice Côte d'Azur
[2603931] Could not find attributes for oleksandr karavaev (FC Zorya Lugansk, 2015)
[2603931] Failed to build match row: FC Zorya Lugansk vs Chornomorets Odesa
[2381472] Could not find attributes for jeremy bokila (RFK Akhmat Grozny, 2013)
[2381472] Failed to build match row: RFK Akhmat Grozny vs Mordovia Saransk (-2020)
[2459857] Could not find attributes for wilson eduardo (ADO Den Haag, 2014)
[3069504] Could not find attributes for nemanja gudelj (Sporting Clube de Portugal, 2018)
[2459857] Failed to build match row: Alkmaar Zaanstreek vs ADO Den Haag
[3069504] Failed to build match row: Sporting Clube de Portugal vs Desportivo Aves (- 2020)
[2346328] Could not find attributes for saso fornezzi (Antalyaspor, 2013)
[2346328] Failed to build match row: Antalyaspor vs Konyaspor

Keepers & outfield error for **Real Sociedad de Fútbol S.A.D.** in Villarreal Club de Fútbol S.A.D. vs Real Sociedad de Fútbol S.A.D.: Numbers: 0 and 11.
[2899756] Failed to build match row: Villarreal Club de Fútbol S.A.D. vs Real Sociedad de Fútbol S.A.D.
[2609698] Failed to build match row: SM Caen vs Olympique Gymnaste Club Nice Côte d'Azur
[2335237] Could not find attributes for maicon bolt (Футбольный клуб "Локомотив" Москва, 2013)
[2335237] Failed to build match row: Футбольный клуб "Локомотив" Москва vs Anzhi Makhachkala ( -2022)
[2502713] Could not find attributes for darren dods (Forfar Athletic FC, 2014)
[2502713] Failed to build match row: Forfar Athletic FC vs Cowdenbeath FC

Keepers & outfield error for **Sport Lisboa e Benfica** in Sport Lisboa e Benfica vs Futebol Clube de Arouca: Numbers: 3 and 8.
[2524741] Failed to build match row: Sport Lisboa e Benfica vs Futebol Clube de Arouca

Keepers & outfield error for **CS Marítimo** in CS Marítimo vs FC Paços de Ferreira: Numbers: 2 and 9.
[3211831] Failed to build match row: CS Marítimo vs FC Paços de Ferreira

Keepers & outfield error for **Villarreal Club de Fútbol S.A.D.** in Villarreal Club de Fútbol S.A.D. vs Apollon Limassol: Numbers: 0 and 11.
[2492351] Failed to build match row: Villarreal Club de Fútbol S.A.D. vs Apollon Limassol
[2745559] Failed to scrape lineup: https://www.transfermarkt.co.uk/aok-kerkyra_atromitos-athens/index/spielbericht/2745559
[3222955] Could not find attributes for teitur gestsson (HB Tórshavn, 2019)
[3222955] Failed to build match row: HB Tórshavn vs Linfield FC

Keepers & outfield error for **Paris Saint-Germain Football Club** in Paris Saint-Germain Football Club vs Olympique de Marseille: Numbers: 2 and 9.
[2331074] Failed to build match row: Paris Saint-Germain Football Club vs Olympique de Marseille

Keepers & outfield error for **Club Atlético Osasuna** in Real Valladolid CF vs Club Atlético Osasuna: Numbers: 0 and 11.
[2341256] Failed to build match row: Real Valladolid CF vs Club Atlético Osasuna
[3252841] Failed to scrape lineup: https://www.transfermarkt.co.uk/spielbericht/index/spielbericht/3252841

Keepers & outfield error for **Granada CF** in Real Valladolid CF vs Granada CF: Numbers: 0 and 11.

Keepers & outfield error for **Yeovil Town** in Yeovil Town vs Stevenage FC: Numbers: 2 and 9.
[2716657] Failed to scrape lineup: https://www.transfermarkt.co.uk/pfk-stal-kamyanske-2018-_dynamo-kyiv/index/spielbericht/2716657
[2360142] Failed to scrape lineup: https://www.transfermarkt.co.uk/spielbericht/index/spielbericht/2360142
[3208688] Failed to build match row: Real Valladolid CF vs Granada CF
[2642861] Failed to build match row: Yeovil Town vs Stevenage FC
[3394851] Could not find attributes for zdenek zlamal (Saint Mirren Football Club, 2020)
[2603933] Could not find attributes for sergiy basov (FC Oleksandriya, 2015)
[2581972] Could not find attributes for sambou yatabare (Sportverein Werder Bremen von 1899, 2015)
[2603933] Failed to build match row: FC Oleksandriya vs Olimpik Donetsk
[2581972] Failed to build match row: Hamburger Sport Verein vs Sportverein Werder Bremen von 1899
[3394851] Failed to build match row: Saint Mirren Football Club vs Hibernian Football Club

Keepers & outfield error for **UD Las Palmas** in Club Atlético de Madrid S.A.D. vs UD Las Palmas: Numbers: 2 and 9.
[2899757] Failed to build match row: Club Atlético de Madrid S.A.D. vs UD Las Palmas
[3229423] Could not find attributes for ragnar klavan (Cagliari Calcio, 2019)
[2459858] Could not find attributes for jeremiah st juste (Sportclub Heerenveen, 2014)
[3229423] Failed to build match row: Cagliari Calcio vs Associazione Sportiva Roma
[2459858] Failed to build match row: Eindhovense Voetbalvereniging Philips Sport Vereniging vs Sportclub Heerenveen

Keepers & outfield error for **FC Girondins Bordeaux** in FC Girondins Bordeaux vs Association sportive de Monaco Football Club: Numbers: 2 and 9.
[3199491] Failed to build match row: FC Girondins Bordeaux vs Association sportive de Monaco Football Club
[2726848] Could not find attributes for luca crosta (Cagliari Calcio, 2016)
[2726848] Failed to build match row: Cagliari Calcio vs Associazione Calcio Milan
[2502714] Could not find attributes for andrew stobie (Edinburgh City FC, 2014)
[3098718] Could not find attributes for landry bonnefoi (F91 Dudelange, 2018)
[2502714] Failed to build match row: Edinburgh City FC vs Brora Rangers FC

Keepers & outfield error for **Villarreal Club de Fútbol S.A.D.** in Villarreal Club de Fútbol S.A.D. vs FC Zürich: Numbers: 0 and 11.
[3098718] Failed to build match row: F91 Dudelange vs Olympiakos Syndesmos Filathlon Peiraios
[2492352] Failed to build match row: Villarreal Club de Fútbol S.A.D. vs FC Zürich

Keepers & outfield error for **Rio Ave Futebol Clube** in CD Feirense vs Rio Ave Futebol Clube: Numbers: 3 and 8.
[2883721] Failed to build match row: CD Feirense vs Rio Ave Futebol Clube
[2335238] Could not find attributes for martin jiranek (Tom Tomsk, 2013)
[2335238] Failed to build match row: Tom Tomsk vs Amkar Perm
Not enough players found for lineup: 0, 11.
[2746846] Failed to scrape lineup: https://www.transfermarkt.co.uk/spielbericht/index/spielbericht/2746846
[2891562] Failed to scrape lineup: https://www.transfermarkt.co.uk/ae-larisa_panionios-athens/index/spielbericht/2891562

Keepers & outfield error for **Real Club Deportivo Mallorca S.A.D.** in Alaves vs Real Club Deportivo Mallorca S.A.D.: Numbers: 2 and 9.
[3208692] Failed to build match row: Alaves vs Real Club Deportivo Mallorca S.A.D.

Keepers & outfield error for **Aberdeen Football Club** in Aberdeen Football Club vs Motherwell Football Club: Numbers: 0 and 11.
[3394852] Failed to build match row: Aberdeen Football Club vs Motherwell Football Club

Keepers & outfield error for **Futebol Clube do Porto** in Futebol Clube do Porto vs Portimonense SC: Numbers: 2 and 9.
[3069505] Failed to build match row: Futebol Clube do Porto vs Portimonense SC
[2716658] Could not find attributes for yevgen borovyk (Chornomorets Odesa, 2016)
[3047533] Could not find attributes for nemanja radonjic (Olympique de Marseille, 2018)
[2716658] Failed to build match row: Chornomorets Odesa vs Olimpik Donetsk
[3047533] Failed to build match row: Lille Olympique Sporting Club vs Olympique de Marseille
[3077536] Could not find attributes for dragan lovric (Catania FC, 2018)
[3077536] Failed to build match row: Catania FC vs Calcio Como
[2590607] Could not find attributes for servet cetin (Mersin Talimyurdu SK, 2015)
[2590607] Failed to build match row: Mersin Talimyurdu SK vs Ankaraspor
[2478706] Failed to scrape lineup: https://www.transfermarkt.co.uk/torino-fc_us-sassuolo/index/spielbericht/2478706
[2609699] Could not find attributes for alban lafont (Toulouse Football Club, 2015)
[2609699] Failed to build match row: Toulouse Football Club vs EA Guingamp
[2771360] Could not find attributes for joaozinho (FK Krasnodar, 2016)

Keepers & outfield error for **SPAL** in Parma Calcio 1913 vs SPAL: Numbers: 0 and 11.
[3229424] Failed to build match row: Parma Calcio 1913 vs SPAL
[2771360] Failed to build match row: FK Krasnodar vs Ural Yekaterinburg

Keepers & outfield error for **Genoa Cricket and Football Club** in Genoa Cricket and Football Club vs Football Club Internazionale Milano S.p.A.: Numbers: 2 and 9.
[3081325] Failed to build match row: Genoa Cricket and Football Club vs Football Club Internazionale Milano S.p.A.
[2883722] Failed to scrape lineup: https://www.transfermarkt.co.uk/vitoria-guimaraes-sc_portimonense-sc/index/spielbericht/2883722
[2482337] Could not find attributes for kevin koubemba (Lille Olympique Sporting Club, 2014)
[2482337] Failed to build match row: Montpellier HSC vs Lille Olympique Sporting Club

Keepers & outfield error for **Celta** in Celta vs Real Madrid Club de Fútbol: Numbers: 2 and 9.
[2341257] Failed to build match row: Celta vs Real Madrid Club de Fútbol
[2603934] Could not find attributes for roman mysak (Karpaty Lviv (-2021), 2015)
[2603934] Failed to build match row: Karpaty Lviv (-2021) vs Futbolniy Klub Dynamo Kyiv

Keepers & outfield error for **CS Marítimo** in CD Feirense vs CS Marítimo: Numbers: 2 and 9.
[3069506] Failed to build match row: CD Feirense vs CS Marítimo
[3222956] Could not find attributes for bekim rexhepi (Shkendija Tetovo, 2019)
[3222956] Failed to build match row: Shkendija Tetovo vs F91 Dudelange
[2716659] Could not find attributes for andriy novak (FC Oleksandriya, 2016)
[2716659] Failed to build match row: FC Oleksandriya vs FC Zorya Lugansk

Keepers & outfield error for **Association sportive de Monaco Football Club** in Association sportive de Monaco Football Club vs SC Bastia: Numbers: 2 and 9.
[2609700] Failed to build match row: Association sportive de Monaco Football Club vs SC Bastia

Keepers & outfield error for **Rochdale AFC** in Rochdale AFC vs Bury FC: Numbers: 0 and 11.
[2322011] Failed to scrape lineup: https://www.transfermarkt.co.uk/spielbericht/index/spielbericht/2322011
[2642862] Failed to build match row: Rochdale AFC vs Bury FC

Keepers & outfield error for **FC Dordrecht** in Vitesse Arnhem vs FC Dordrecht: Numbers: 2 and 9.

Keepers & outfield error for **Clube Desportivo de Tondela** in Clube Desportivo de Tondela vs CF Os Belenenses: Numbers: 0 and 11.
[2459859] Failed to build match row: Vitesse Arnhem vs FC Dordrecht

Keepers & outfield error for **Moreirense Futebol Clube** in Moreirense Futebol Clube vs Sport Lisboa e Benfica: Numbers: 2 and 9.
[2771361] Could not find attributes for evgeniy chernov (AO FK Zenit Sankt-Peterburg, 2016)
[2883723] Failed to build match row: Clube Desportivo de Tondela vs CF Os Belenenses
[2492353] Could not find attributes for angelis angeli (Apollon Limassol, 2014)
[2524742] Failed to build match row: Moreirense Futebol Clube vs Sport Lisboa e Benfica
[2492353] Failed to build match row: Mönchengladbach vs Apollon Limassol
[2771361] Failed to build match row: AO FK Zenit Sankt-Peterburg vs PFK Krylya Sovetov Samara
[2581973] Could not find attributes for daniel schwaab (Verein für Bewegungsspiele Stuttgart 1893, 2015)
[2381475] Could not find attributes for leonid musin (FC Tyumen, 2013)
[2581973] Failed to build match row: Verein für Bewegungsspiele Stuttgart 1893 vs Borussia Dortmund
[3211832] Could not find attributes for show (B SAD, 2019)
[2726849] Failed to scrape lineup: https://www.transfermarkt.co.uk/uc-sampdoria_ssc-napoli/index/spielbericht/2726849
[2381475] Failed to build match row: Tom Tomsk vs FC Tyumen
[3081326] Could not find attributes for darijo srna (Cagliari Calcio, 2018)
[3211832] Failed to build match row: Boavista FC vs B SAD
[3081326] Failed to build match row: Cagliari Calcio vs Juventus Football Club
[2942874] Could not find attributes for kouadio yves dabila (Lille Olympique Sporting Club, 2017)
[2942874] Failed to build match row: Lille Olympique Sporting Club vs EA Guingamp
[3055422] Could not find attributes for filip djukic (Hvidovre IF, 2018)
[3055422] Failed to build match row: Hvidovre IF vs BK Fremad Amager
[2590608] Could not find attributes for ryan donk (Kasımpaşa A.Ş., 2015)
[2590608] Failed to build match row: Kasımpaşa A.Ş. vs Çaykur Rizespor Kulübü
[3208694] Could not find attributes for diego costa (Club Atlético de Madrid S.A.D., 2019)
[3208694] Failed to build match row: Club Atlético de Madrid S.A.D. vs Real Madrid Club de Fútbol

Keepers & outfield error for **RasenBallsport Leipzig** in Association sportive de Monaco Football Club vs RasenBallsport Leipzig: Numbers: 0 and 11.
[2917433] Failed to build match row: Association sportive de Monaco Football Club vs RasenBallsport Leipzig
[2470043] Could not find attributes for umut bulut (Galatasaray Spor Kulübü, 2014)
[3098719] Could not find attributes for nikolay rasskazov (FK Spartak Moskva, 2018)
[2470043] Failed to build match row: Konyaspor vs Galatasaray Spor Kulübü
[3069507] Could not find attributes for avto (GD Chaves, 2018)
[3252842] Failed to scrape lineup: https://www.transfermarkt.co.uk/spielbericht/index/spielbericht/3252842
[3069507] Failed to build match row: B SAD vs GD Chaves
[3098719] Failed to build match row: Rangers Football Club vs FK Spartak Moskva
[2346329] Could not find attributes for ismail koybasi (Beşiktaş Jimnastik Kulübü, 2013)
[2346329] Failed to build match row: Beşiktaş Jimnastik Kulübü vs Kayserispor Kulübü
[3077537] Could not find attributes for nicholas allievi (SS Juve Stabia, 2018)
[3077537] Failed to build match row: SS Juve Stabia vs US Pistoiese 1921
[3136605] Failed to scrape lineup: https://www.transfermarkt.co.uk/spielbericht/index/spielbericht/3136605
[2899758] Failed to scrape lineup: https://www.transfermarkt.co.uk/valencia-cf_real-madrid/index/spielbericht/2899758

Keepers & outfield error for **Villarreal Club de Fútbol S.A.D.** in FC Zürich vs Villarreal Club de Fútbol S.A.D.: Numbers: 0 and 11.
[2492354] Failed to build match row: FC Zürich vs Villarreal Club de Fútbol S.A.D.
[2746849] Could not find attributes for kasper baden (Odense KS, 2016)
[2746849] Failed to build match row: Odense KS vs Viborg Fodsports Forening
[2581974] Could not find attributes for yanni regasel (Eintracht Frankfurt Fußball AG, 2015)
[2609701] Could not find attributes for thibault giresse (EA Guingamp, 2015)
[2609701] Failed to build match row: EA Guingamp vs ESTAC Troyes
[2581974] Failed to build match row: Eintracht Frankfurt Fußball AG vs 1. Fußball- und Sportverein Mainz 05
[2341259] Could not find attributes for stefan mitrovic (Real Valladolid CF, 2013)
[2341259] Failed to build match row: Real Valladolid CF vs Granada CF
[2590609] Could not find attributes for djakaridja kone (Sivasspor, 2015)
[2697598] Failed to scrape lineup: https://www.transfermarkt.co.uk/randers-fc_odense-boldklub/index/spielbericht/2697598
[2502715] Failed to scrape lineup: https://www.transfermarkt.co.uk/spielbericht/index/spielbericht/2502715
[2722614] Could not find attributes for loret sadiku (Kasımpaşa A.Ş., 2016)
[2578022] Failed to scrape lineup: https://www.transfermarkt.co.uk/leicester-city_watford-fc/index/spielbericht/2578022
[2590609] Failed to build match row: Antalyaspor vs Sivasspor
[2722614] Failed to build match row: İstanbul Başakşehir Futbol Kulübü vs Kasımpaşa A.Ş.
[2619434] Could not find attributes for yevgen past (Zirka Kropyvnytskyi, 2015)
[3199493] Could not find attributes for timothee kolodziejczak (AS Saint-Étienne, 2019)
[2619434] Failed to build match row: Zirka Kropyvnytskyi vs FC Oleksandriya
[2716660] Could not find attributes for roman pidkivka (Karpaty Lviv (-2021), 2016)
[3199493] Failed to build match row: AS Saint-Étienne vs Montpellier HSC
[2381476] Could not find attributes for aleksandr dovbnya (Luch Vladivostok, 2013)
[2891563] Failed to scrape lineup: https://www.transfermarkt.co.uk/ao-platanias_apollon-smyrnis/index/spielbericht/2891563
[2716660] Failed to build match row: Karpaty Lviv (-2021) vs FC Shakhtar Donetsk
[2381476] Failed to build match row: Luch Vladivostok vs SKA Khabarovsk
[2482339] Could not find attributes for rod fanni (Olympique de Marseille, 2014)
[3394854] Could not find attributes for zdenek zlamal (Saint Mirren Football Club, 2020)
[2482339] Failed to build match row: Rennes vs Olympique de Marseille
[3394854] Failed to build match row: Dundee United Football Club vs Saint Mirren Football Club
[2872343] Could not find attributes for tom cleverley (Watford FC, 2017)
[2872343] Failed to build match row: Watford FC vs Southampton FC
[2322012] Could not find attributes for armantas vitkauskas (FK Zalgiris Vilnius, 2013)
[2322012] Failed to build match row: St. Patrick's Athletic vs FK Zalgiris Vilnius
[3222957] Could not find attributes for semir kerla (FK Suduva Marijampole, 2019)

Keepers & outfield error for **SD Eibar** in SD Eibar vs Celta: Numbers: 2 and 9.
[3222957] Failed to build match row: FK Suduva Marijampole vs SP Tre Penne
[2346330] Could not find attributes for serkan kirintili (Çaykur Rizespor Kulübü, 2013)
[3208695] Failed to build match row: SD Eibar vs Celta
[2346330] Failed to build match row: Çaykur Rizespor Kulübü vs Kardemir Karabükspor

Keepers & outfield error for **Villarreal Club de Fútbol S.A.D.** in Villarreal Club de Fútbol S.A.D. vs Sportklub Rapid: Numbers: 0 and 11.
[2492355] Could not find attributes for angelis angeli (Apollon Limassol, 2014)
[3098720] Failed to build match row: Villarreal Club de Fútbol S.A.D. vs Sportklub Rapid
[3055423] Could not find attributes for malte sjorslev (Holbaek B&I, 2018)
[2492355] Failed to build match row: Apollon Limassol vs Mönchengladbach

Keepers & outfield error for **Beşiktaş Jimnastik Kulübü** in Beşiktaş Jimnastik Kulübü vs Futebol Clube do Porto: Numbers: 2 and 9.
[3055423] Failed to build match row: Holbaek B&I vs Hellerup IK
[3229426] Could not find attributes for andrea papetti (Brescia Calcio, 2019)
[2917434] Failed to build match row: Beşiktaş Jimnastik Kulübü vs Futebol Clube do Porto

Keepers & outfield error for **Sevilla Fútbol Club S.A.D.** in SD Eibar vs Sevilla Fútbol Club S.A.D.: Numbers: 0 and 11.
[2899759] Failed to build match row: SD Eibar vs Sevilla Fútbol Club S.A.D.
[2459861] Could not find attributes for karim el ahmadi (Feyenoord Rotterdam, 2014)
[3229426] Failed to build match row: Associazione Calcio Fiorentina vs Brescia Calcio
[2459861] Failed to build match row: Feyenoord Rotterdam vs Go Ahead Eagles

Keepers & outfield error for **Futebol Clube de Arouca** in Futebol Clube de Arouca vs Clube Desportivo Nacional: Numbers: 2 and 9.

Keepers & outfield error for **Vitória Sport Clube** in Vitória Sport Clube vs Rio Ave Futebol Clube: Numbers: 0 and 11.
[2524743] Failed to build match row: Futebol Clube de Arouca vs Clube Desportivo Nacional
[2697599] Could not find attributes for karlo bartolec (Fodbold Club Nordsjælland, 2016)
Not enough players found for lineup: 11, 0.
[3069508] Failed to build match row: Vitória Sport Clube vs Rio Ave Futebol Clube
[2581975] Could not find attributes for filip mladenovic (1. Fußball-Club Köln, 2015)
[2771363] Could not find attributes for mikhail levashov (Arsenal Tula, 2016)
Not enough players found for lineup: 0, 11.
[2697599] Failed to build match row: Fodbold Club Nordsjælland vs Brøndby Idrætsforening
[3252843] Failed to scrape lineup: https://www.transfermarkt.co.uk/spielbericht/index/spielbericht/3252843
[2771363] Failed to build match row: Amkar Perm vs Arsenal Tula
[2603935] Could not find attributes for dmytro babenko (Goverla Uzhgorod (- 2016), 2015)
[2360143] Could not find attributes for boubacar fofana (Clube Desportivo de Tondela, 2013)

Keepers & outfield error for **Club Atlético Osasuna** in Club Atlético Osasuna vs Real Betis Balompié S.A.D.: Numbers: 0 and 11.
[2581975] Failed to build match row: 1. Fußball-Club Köln vs SV Darmstadt 98
[2335240] Could not find attributes for joaozinho (FK Krasnodar, 2013)
[2716661] Could not find attributes for miha goropevsek (Volyn Lutsk, 2016)
[2360143] Failed to build match row: Clube Desportivo de Tondela vs SC Farense
[2619435] Failed to scrape lineup: https://www.transfermarkt.co.uk/spielbericht/index/spielbericht/2619435
[2341260] Failed to build match row: Club Atlético Osasuna vs Real Betis Balompié S.A.D.
[2335240] Failed to build match row: AO FK Zenit Sankt-Peterburg vs FK Krasnodar
Not enough players found for lineup: 0, 11.
[2716661] Failed to build match row: Volyn Lutsk vs Zirka Kropyvnytskyi
[2603935] Failed to build match row: Goverla Uzhgorod (- 2016) vs Metalist Kharkiv (- 2016)
[2746850] Failed to scrape lineup: https://www.transfermarkt.co.uk/spielbericht/index/spielbericht/2746850
[3211834] Could not find attributes for ivo pinto (Futebol Clube de Famalicão, 2019)
[2642863] Could not find attributes for michael mcentegart (Welling United, 2015)
[3211834] Failed to build match row: Futebol Clube de Famalicão vs Desportivo Aves (- 2020)
[2642863] Failed to build match row: Welling United vs Carlisle United
[2470044] Could not find attributes for irfan can kahveci (Gençlerbirliği Spor Kulübü, 2014)
[2470044] Failed to build match row: Akhisarspor vs Gençlerbirliği Spor Kulübü
[2346331] Could not find attributes for mustafa akbas (Trabzonspor Kulübü, 2013)
[2346331] Failed to build match row: Trabzonspor Kulübü vs Gençlerbirliği Spor Kulübü
[3222958] Could not find attributes for roberts ozols (Riga FC, 2019)
[3222958] Failed to build match row: Riga FC vs Gliwicki Klub Sportowy Piast Spółka Akcyjna
[2700708] Could not find attributes for rochdi achenteh (Go Ahead Eagles, 2016)
[2700708] Failed to build match row: Go Ahead Eagles vs Football Club Twente
[2322013] Could not find attributes for maksims uvarenko (JFK Ventspils, 2013)
[2322013] Failed to build match row: JFK Ventspils vs Airbus UK Broughton

Keepers & outfield error for **Futebol Clube do Porto** in Clube Desportivo Santa Clara vs Futebol Clube do Porto: Numbers: 2 and 9.
[3069510] Failed to build match row: Clube Desportivo Santa Clara vs Futebol Clube do Porto
[2771364] Could not find attributes for georgiy shchennikov (PFK CSKA Moskva, 2016)
[2771364] Failed to build match row: PFK CSKA Moskva vs FC Rubin Kazan
Not enough players found for lineup: 0, 0.
[2360144] Failed to scrape lineup: https://www.transfermarkt.co.uk/spielbericht/index/spielbericht/2360144
[2346332] Could not find attributes for serdar aziz (Bursaspor, 2013)
[2346332] Failed to build match row: Bursaspor vs Sivasspor

Keepers & outfield error for **Associazione Calcio Fiorentina** in Cagliari Calcio vs Associazione Calcio Fiorentina: Numbers: 0 and 11.
[2478708] Failed to build match row: Cagliari Calcio vs Associazione Calcio Fiorentina
[2459862] Could not find attributes for brahim darri (Heracles Almelo, 2014)
[2459862] Failed to build match row: Heracles Almelo vs Prins Hendrik Ende Desespereert Nimmer Combinatie Zwolle
[2502716] Could not find attributes for paul cameron (Hurlford United FC, 2014)
[2502716] Failed to build match row: Hurlford United FC vs Stirling Albion FC
[3229427] Could not find attributes for ragnar klavan (Cagliari Calcio, 2019)
[3229427] Failed to build match row: SPAL vs Cagliari Calcio

Keepers & outfield error for **Elche Club de Fútbol S.A.D.** in Elche Club de Fútbol S.A.D. vs Club Atlético de Madrid S.A.D.: Numbers: 0 and 11.
[2341261] Failed to build match row: Elche Club de Fútbol S.A.D. vs Club Atlético de Madrid S.A.D.
[3098721] Could not find attributes for georgios vasiliou (Apollon Limassol, 2018)
[3098721] Failed to build match row: Eintracht Frankfurt Fußball AG vs Apollon Limassol
[3222959] Could not find attributes for zvonimir mikulic (FC Sheriff Tiraspol, 2019)
[3222959] Failed to build match row: FC Sheriff Tiraspol vs FK Partizani
Not enough players found for lineup: 0, 0.
[2360145] Failed to scrape lineup: https://www.transfermarkt.co.uk/spielbericht/index/spielbericht/2360145
[2603936] Could not find attributes for bogdan shust (Volyn Lutsk, 2015)
[2603936] Failed to build match row: Volyn Lutsk vs PFK Stal Kamyanske (-2018)
[3211835] Could not find attributes for rafa silva (Sport Lisboa e Benfica, 2019)
[3211835] Failed to build match row: Sport Lisboa e Benfica vs Sporting Clube de Braga
[2524744] Could not find attributes for kleber (Grupo Desportivo Estoril Praia, 2014)
[2524744] Failed to build match row: Grupo Desportivo Estoril Praia vs CS Marítimo
[2459863] Failed to scrape lineup: https://www.transfermarkt.co.uk/ajax-amsterdam_nac-breda/index/spielbericht/2459863
[3252844] Could not find attributes for wessel sprangers (VV Dongen, 2019)

Keepers & outfield error for **Portimonense SC** in Portimonense SC vs Vitória Setúbal FC: Numbers: 0 and 11.
[3069511] Failed to build match row: Portimonense SC vs Vitória Setúbal FC
[3252844] Failed to build match row: VV Dongen vs Excelsior '31 Rijssen
[2726851] Failed to scrape lineup: https://www.transfermarkt.co.uk/torino-fc_us-sassuolo/index/spielbericht/2726851
[2322014] Could not find attributes for evgeniy ponyatovskiy (JK Trans Narva, 2013)
[2322014] Failed to build match row: Gefle IF vs JK Trans Narva
[2492356] Failed to scrape lineup: https://www.transfermarkt.co.uk/spielbericht/index/spielbericht/2492356
[2346333] Could not find attributes for alex telles (Galatasaray Spor Kulübü, 2013)
[2346333] Failed to build match row: Galatasaray Spor Kulübü vs Fenerbahçe Spor Kulübü

Keepers & outfield error for **Cesena FC** in Cesena FC vs Genoa Cricket and Football Club: Numbers: 2 and 9.
[2478709] Failed to build match row: Cesena FC vs Genoa Cricket and Football Club

Keepers & outfield error for **Real Betis Balompié S.A.D.** in Real Betis Balompié S.A.D. vs Villarreal Club de Fútbol S.A.D.: Numbers: 0 and 11.
[2899761] Failed to build match row: Real Betis Balompié S.A.D. vs Villarreal Club de Fútbol S.A.D.
[3199496] Could not find attributes for julio tavares (Dijon FCO, 2019)
[3199496] Failed to build match row: Dijon FCO vs Rennes
[2470045] Failed to scrape lineup: https://www.transfermarkt.co.uk/gaziantepspor_besiktas-jk/index/spielbericht/2470045
[3136607] Failed to scrape lineup: https://www.transfermarkt.co.uk/spielbericht/index/spielbericht/3136607
[2700709] Failed to scrape lineup: https://www.transfermarkt.co.uk/psv-eindhoven_sparta-rotterdam/index/spielbericht/2700709
[3081330] Failed to scrape lineup: https://www.transfermarkt.co.uk/torino-fc_uc-sampdoria/index/spielbericht/3081330
[3047538] Could not find attributes for jean clair todibo (Toulouse Football Club, 2018)
[3047538] Failed to build match row: Rennes vs Toulouse Football Club
[2609704] Could not find attributes for antoine rabillard (Olympique de Marseille, 2015)
[2609704] Failed to build match row: Montpellier HSC vs Olympique de Marseille
[3291930] Failed to scrape lineup: https://www.transfermarkt.co.uk/spielbericht/index/spielbericht/3291930
[3229428] Failed to scrape lineup: https://www.transfermarkt.co.uk/bologna-fc-1909_juventus-fc/index/spielbericht/3229428
[2341262] Failed to scrape lineup: https://www.transfermarkt.co.uk/real-valladolid-cf_ud-almeria/index/spielbericht/2341262

Keepers & outfield error for **Moreirense Futebol Clube** in Moreirense Futebol Clube vs GD Chaves: Numbers: 2 and 9.
[2360146] Failed to build match row: Moreirense Futebol Clube vs GD Chaves
[2891564] Could not find attributes for moise adilehou (APO Levadiakos Football Club, 2017)
[2891564] Failed to build match row: APO Levadiakos Football Club vs AOK Kerkyra
[2381794] Could not find attributes for marian kello (Saint Mirren Football Club, 2013)
[2492357] Failed to build match row: FC Zürich vs Apollon Limassol
[2381794] Failed to build match row: Saint Mirren Football Club vs Ross County FC
[2872346] Failed to scrape lineup: https://www.transfermarkt.co.uk/brighton-amp-hove-albion_chelsea-fc/index/spielbericht/2872346

Keepers & outfield error for **Olympique Lyonnais** in Racing Club de Strasbourg Alsace vs Olympique Lyonnais: Numbers: 2 and 9.
[3199497] Failed to build match row: Racing Club de Strasbourg Alsace vs Olympique Lyonnais
[2722615] Could not find attributes for jan durica (Trabzonspor Kulübü, 2016)
[2722615] Failed to build match row: Trabzonspor Kulübü vs Ankaraspor

Keepers & outfield error for **Udinese Calcio** in Football Club Internazionale Milano S.p.A. vs Udinese Calcio: Numbers: 2 and 9.
[2726852] Failed to build match row: Football Club Internazionale Milano S.p.A. vs Udinese Calcio
[3047539] Could not find attributes for yannis salibur (AS Saint-Étienne, 2018)
[3047539] Failed to build match row: AS Saint-Étienne vs Association sportive de Monaco Football Club

Keepers & outfield error for **Chelsea Football Club** in Chelsea Football Club vs Norwich City: Numbers: 2 and 9.
[2578025] Failed to build match row: Chelsea Football Club vs Norwich City
[2609705] Could not find attributes for paul baysse (Olympique Gymnaste Club Nice Côte d'Azur, 2015)
[2609705] Failed to build match row: Olympique Gymnaste Club Nice Côte d'Azur vs Toulouse Football Club
[2381894] Could not find attributes for greg taylor (Cambridge United, 2013)
[2381894] Failed to build match row: Cambridge United vs Bury FC
[2322015] Failed to scrape lineup: https://www.transfermarkt.co.uk/spielbericht/index/spielbericht/2322015
[3394856] Failed to scrape lineup: https://www.transfermarkt.co.uk/kilmarnock-fc_hamilton-academical-fc/index/spielbericht/3394856
[2341263] Failed to scrape lineup: https://www.transfermarkt.co.uk/real-betis-balompie_real-valladolid-cf/index/spielbericht/2341263
[2891565] Could not find attributes for nikolaos giannakopoulos (AOK Kerkyra, 2017)
[2891565] Failed to build match row: AOK Kerkyra vs AO Platanias
[2603972] Could not find attributes for nicandro breeveld (SC Fotbal Club FCSB SA, 2015)
[2872347] Failed to scrape lineup: https://www.transfermarkt.co.uk/burnley-fc_manchester-united/index/spielbericht/2872347
[2603972] Failed to build match row: SC Fotbal Club FCSB SA vs Fudbalski Klub Partizan Beograd
[2728486] Failed to scrape lineup: https://www.transfermarkt.co.uk/celtic-fc_rangers-fc/index/spielbericht/2728486
[3252845] Could not find attributes for paul eppink (VVOG Harderwijk, 2019)
[2459864] Could not find attributes for timo letschert (Football Club Utrecht, 2014)
[3252845] Failed to build match row: VVOG Harderwijk vs Ajax Amateurs
[2459864] Failed to build match row: Football Club Utrecht vs Football Club Twente
[2578026] Failed to scrape lineup: https://www.transfermarkt.co.uk/crystal-palace_sunderland-afc/index/spielbericht/2578026
[2470047] Could not find attributes for tita (Mersin Talimyurdu SK, 2014)
[2470047] Failed to build match row: Mersin Talimyurdu SK vs Kayseri Erciyesspor
[2341264] Failed to scrape lineup: https://www.transfermarkt.co.uk/malaga-cf_levante-ud/index/spielbericht/2341264
[3077538] Could not find attributes for matteo campani (Pisa Sporting Club, 2018)
[3077538] Failed to build match row: Pisa Sporting Club vs US Triestina

Keepers & outfield error for **Deportivo de La Coruña** in Real Sociedad de Fútbol S.A.D. vs Deportivo de La Coruña: Numbers: 2 and 9.

Keepers & outfield error for **Associazione Calcio Milan** in Associazione Calcio Milan vs Udinese Calcio: Numbers: 2 and 9.
[2899762] Failed to build match row: Real Sociedad de Fútbol S.A.D. vs Deportivo de La Coruña
[2346334] Could not find attributes for sereno (Kayserispor Kulübü, 2013)
[3081331] Failed to build match row: Associazione Calcio Milan vs Udinese Calcio
[2346334] Failed to build match row: Kayserispor Kulübü vs Çaykur Rizespor Kulübü
Not enough players found for lineup: 0, 0.
[2492358] Could not find attributes for isli hidi (Apollon Limassol, 2014)
[2360147] Failed to scrape lineup: https://www.transfermarkt.co.uk/spielbericht/index/spielbericht/2360147
[2492358] Failed to build match row: Apollon Limassol vs Villarreal Club de Fútbol S.A.D.
[2891566] Could not find attributes for masoud shojaei (Athlitiki Enosi Konstantinoupoleos, 2017)
[2891566] Failed to build match row: Athlitiki Enosi Konstantinoupoleos vs PAS Lamia 1964
[2482341] Could not find attributes for thibault giresse (EA Guingamp, 2014)
[2482341] Failed to build match row: EA Guingamp vs Association sportive de Monaco Football Club
[3199498] Could not find attributes for nathanael mbuku (Stade Reims, 2019)
[3199498] Failed to build match row: Stade Reims vs FC Girondins Bordeaux

Keepers & outfield error for **Athletic Club Bilbao** in Athletic Club Bilbao vs SD Eibar: Numbers: 2 and 9.
[2899763] Failed to build match row: Athletic Club Bilbao vs SD Eibar
[3222960] Could not find attributes for federico cataruozzolo (Lincoln Red Imps FC, 2019)
[3222960] Failed to build match row: Lincoln Red Imps FC vs FC Ararat-Armenia
[2478711] Failed to scrape lineup: https://www.transfermarkt.co.uk/fc-empoli_atalanta-bc/index/spielbericht/2478711
[2609707] Failed to scrape lineup: https://www.transfermarkt.co.uk/paris-saint-germain_fc-lorient/index/spielbericht/2609707
[2502717] Could not find attributes for martyn campbell (Ayr United FC, 2014)
[2502717] Failed to build match row: Ayr United FC vs Alloa Athletic FC

Keepers & outfield error for **Unione Sportiva Lecce** in Unione Sportiva Lecce vs Associazione Calcio Milan: Numbers: 0 and 11.
[3229430] Failed to build match row: Unione Sportiva Lecce vs Associazione Calcio Milan
[2700711] Could not find attributes for derrick tshimanga (Willem II Tilburg, 2016)
[2700711] Failed to build match row: Willem II Tilburg vs Football Club Utrecht
[2883725] Could not find attributes for zizo (Moreirense Futebol Clube, 2017)
[2883725] Failed to build match row: Moreirense Futebol Clube vs Sporting Clube de Braga
[2322016] Could not find attributes for pavel pergl (FC Vaduz, 2013)
[2322016] Failed to build match row: FC Vaduz vs Chikhura Sachkhere
[2609708] Could not find attributes for antoine devaux (Stade Reims, 2015)
[2609708] Failed to build match row: Stade Reims vs Angers Sporting Club de l'Ouest
[2492359] Could not find attributes for roel brouwers (Mönchengladbach, 2014)
[2722616] Could not find attributes for kenneth omeruo (Alanyaspor, 2016)
[3222961] Could not find attributes for georgi terziev (Ludogorets Razgrad, 2019)
[2492359] Failed to build match row: Mönchengladbach vs FC Zürich
[2722616] Failed to build match row: Gençlerbirliği Spor Kulübü vs Alanyaspor
[2864891] Could not find attributes for jelle vossen (Club Brugge Koninklijke Voetbalvereniging, 2017)
[3222961] Failed to build match row: Ludogorets Razgrad vs Valur Reykjavík
[2864891] Failed to build match row: Club Brugge Koninklijke Voetbalvereniging vs KAS Eupen

Keepers & outfield error for **Espanol** in Real Madrid Club de Fútbol vs Espanol: Numbers: 2 and 9.
[2341265] Failed to build match row: Real Madrid Club de Fútbol vs Espanol

Keepers & outfield error for **Olympique Lyonnais** in Olympique Lyonnais vs Juventus Football Club: Numbers: 2 and 9.
[3291932] Failed to build match row: Olympique Lyonnais vs Juventus Football Club
[2917435] Failed to scrape lineup: https://www.transfermarkt.co.uk/spielbericht/index/spielbericht/2917435
[2382229] Failed to scrape lineup: https://www.transfermarkt.co.uk/spielbericht/index/spielbericht/2382229
[2459866] Could not find attributes for jeremiah st juste (Sportclub Heerenveen, 2014)
[2459866] Failed to build match row: Sportclub Heerenveen vs Willem II Tilburg
[3077539] Could not find attributes for marco pissardo (SS Monopoli 1966, 2018)
[3077539] Failed to build match row: SS Monopoli 1966 vs Piacenza Calcio 1919
[3136609] Could not find attributes for fikayo tomori (Derby County, 2018)
[3136609] Failed to build match row: Derby County vs Southampton FC
[2872348] Failed to scrape lineup: https://www.transfermarkt.co.uk/everton-fc_west-bromwich-albion/index/spielbericht/2872348
[2603973] Failed to scrape lineup: https://www.transfermarkt.co.uk/spielbericht/index/spielbericht/2603973
[2492360] Could not find attributes for denys boyko (Dnipro Dnipropetrovsk (-2020), 2014)
[2492360] Failed to build match row: Dnipro Dnipropetrovsk (-2020) vs Football Club Internazionale Milano S.p.A.
[2864892] Could not find attributes for jelle vossen (Club Brugge Koninklijke Voetbalvereniging, 2017)
[2864892] Failed to build match row: Sportvereniging Zulte Waregem vs Club Brugge Koninklijke Voetbalvereniging
[2470049] Could not find attributes for fatih ciplak (Sivasspor, 2014)
[2470049] Failed to build match row: Sivasspor vs İstanbul Başakşehir Futbol Kulübü
[3069512] Could not find attributes for fabio coentrao (Rio Ave Futebol Clube, 2018)
[2502718] Could not find attributes for graeme smith (Peterhead FC, 2014)
[3069512] Failed to build match row: Rio Ave Futebol Clube vs B SAD
[2502718] Failed to build match row: Peterhead FC vs Stranraer FC
[3047540] Failed to scrape lineup: https://www.transfermarkt.co.uk/rc-strasbourg-alsace_dijon-fco/index/spielbericht/3047540
[3098724] Could not find attributes for caner erkin (Beşiktaş Jimnastik Kulübü, 2018)
[3098724] Failed to build match row: Beşiktaş Jimnastik Kulübü vs Koninklijke Racing Club Genk

Keepers & outfield error for **Getafe Club de Fútbol S. A. D. Team Dubai** in Getafe Club de Fútbol S. A. D. Team Dubai vs CD Leganés: Numbers: 0 and 11.
[2899764] Failed to build match row: Getafe Club de Fútbol S. A. D. Team Dubai vs CD Leganés
[2917436] Could not find attributes for andriy yarmolenko (Borussia Dortmund, 2017)
[2917436] Failed to build match row: Borussia Dortmund vs Tottenham Hotspur Football Club
[2459867] Could not find attributes for divine naah (Nooit Opgeven Altijd Doorzetten Aangenaam Door Vermaak En Nuttig Door Ontspanning Combinatie Breda, 2014)
[2459867] Failed to build match row: Nooit Opgeven Altijd Doorzetten Aangenaam Door Vermaak En Nuttig Door Ontspanning Combinatie Breda vs Heracles Almelo
[2346335] Could not find attributes for selcuk sahin (Fenerbahçe Spor Kulübü, 2013)
[2346335] Failed to build match row: Fenerbahçe Spor Kulübü vs Antalyaspor

Keepers & outfield error for **Paris Saint-Germain Football Club** in Olympique Lyonnais vs Paris Saint-Germain Football Club: Numbers: 2 and 9.
[2482343] Failed to build match row: Olympique Lyonnais vs Paris Saint-Germain Football Club

Keepers & outfield error for **Everton Football Club** in Everton Football Club vs Lincoln City: Numbers: 2 and 9.
[3136610] Failed to build match row: Everton Football Club vs Lincoln City
[2478712] Failed to scrape lineup: https://www.transfermarkt.co.uk/juventus-fc_torino-fc/index/spielbericht/2478712
[2722617] Could not find attributes for davide petrucci (Çaykur Rizespor Kulübü, 2016)
[2722617] Failed to build match row: Çaykur Rizespor Kulübü vs Akhisarspor
[2346336] Could not find attributes for vanja ivesa (Elazigspor, 2013)
[2346336] Failed to build match row: Elazigspor vs Gaziantepspor (- 2020)
[2883726] Failed to scrape lineup: https://www.transfermarkt.co.uk/sporting-cp_gd-chaves/index/spielbericht/2883726
[2603974] Could not find attributes for albano bizzarri (Chievo Verona, 2015)
[2603974] Failed to build match row: FC Empoli vs Chievo Verona

Keepers & outfield error for **Espanol** in Espanol vs Sevilla Fútbol Club S.A.D.: Numbers: 2 and 9.
[2341266] Failed to build match row: Espanol vs Sevilla Fútbol Club S.A.D.
[2502719] Could not find attributes for jamie ewings (Dumbarton FC, 2014)
[2502719] Failed to build match row: Dumbarton FC vs Rangers Football Club
[2716674] Could not find attributes for oleksandr shovkovskyi (Futbolniy Klub Dynamo Kyiv, 2016)
[2716674] Failed to build match row: Futbolniy Klub Dynamo Kyiv vs Volyn Lutsk
[2470050] Could not find attributes for irfan can kahveci (Gençlerbirliği Spor Kulübü, 2014)
[2470050] Failed to build match row: Gençlerbirliği Spor Kulübü vs Konyaspor
[3098725] Could not find attributes for andrey sinitsyn (FK Krasnodar, 2018)
[3098725] Failed to build match row: Royal Standard Club de Liège vs FK Krasnodar
[2942877] Could not find attributes for timo stavitski (SM Caen, 2017)
[2942877] Failed to build match row: SM Caen vs Toulouse Football Club
[2322017] Failed to scrape lineup: https://www.transfermarkt.co.uk/spielbericht/index/spielbericht/2322017
[2459868] Could not find attributes for timo letschert (Football Club Utrecht, 2014)
[2459868] Failed to build match row: Go Ahead Eagles vs Football Club Utrecht
[3222962] Failed to scrape lineup: https://www.transfermarkt.co.uk/spielbericht/index/spielbericht/3222962
[2360148] Could not find attributes for nene (SC Covilhã, 2013)
[2360148] Failed to build match row: SC Covilhã vs Moreirense Futebol Clube

Keepers & outfield error for **FC Paços de Ferreira** in Futebol Clube do Porto vs FC Paços de Ferreira: Numbers: 2 and 9.
[2883727] Failed to build match row: Futebol Clube do Porto vs FC Paços de Ferreira
[3077540] Could not find attributes for giovanni foresta (Carrarese Calcio 1908, 2018)

Keepers & outfield error for **KAS Eupen** in KAS Eupen vs KV Kortrijk: Numbers: 2 and 9.
[2864894] Failed to build match row: KAS Eupen vs KV Kortrijk
[2502720] Could not find attributes for scott gibson (Queen's Park FC, 2014)
[3252846] Failed to scrape lineup: https://www.transfermarkt.co.uk/spielbericht/index/spielbericht/3252846
[2619436] Could not find attributes for gennadiy ganev (Girnyk Kryvyi Rig, 2015)
[2502720] Failed to build match row: Queen's Park FC vs Albion Rovers FC
[3077540] Failed to build match row: Carrarese Calcio 1908 vs Imolese Calcio 1919
[2619436] Failed to build match row: Girnyk Kryvyi Rig vs PFK Stal Kamyanske (-2018)
[3394860] Failed to scrape lineup: https://www.transfermarkt.co.uk/fc-girondins-bordeaux_paris-saint-germain/index/spielbericht/3394860
[3229432] Failed to scrape lineup: https://www.transfermarkt.co.uk/genoa-cfc_parma-calcio-1913/index/spielbericht/3229432
[2891567] Could not find attributes for matic kotnik (Panionios Athens, 2017)
[2891567] Failed to build match row: Panionios Athens vs PAS Giannina
[2771365] Could not find attributes for maicon bolt (Футбольный клуб "Локомотив" Москва, 2016)
[2771365] Failed to build match row: Футбольный клуб "Локомотив" Москва vs Ural Yekaterinburg
[3208698] Could not find attributes for roberto soldado (Granada CF, 2019)
[3208698] Failed to build match row: Granada CF vs CD Leganés

Keepers & outfield error for **Rayo Vallecano de Madrid S. A. D.** in Rayo Vallecano de Madrid S. A. D. vs Celta: Numbers: 0 and 11.
[2341267] Failed to build match row: Rayo Vallecano de Madrid S. A. D. vs Celta
[3069513] Failed to scrape lineup: https://www.transfermarkt.co.uk/cs-maritimo_sl-benfica/index/spielbericht/3069513
[2590612] Failed to scrape lineup: https://www.transfermarkt.co.uk/besiktas-jk_fenerbahce/index/spielbericht/2590612
[3211836] Failed to scrape lineup: https://www.transfermarkt.co.uk/vitoria-guimaraes-sc_fc-porto/index/spielbericht/3211836
[3222963] Could not find attributes for evgeniy postnikov (FC Astana, 2019)
[3222963] Failed to build match row: FC Astana vs FC Santa Coloma
[2524745] Could not find attributes for pedro taborda (SC Covilhã, 2014)
[2524745] Failed to build match row: SC Covilhã vs Gil Vicente Futebol Clube
[2470051] Could not find attributes for jose sosa (Beşiktaş Jimnastik Kulübü, 2014)
[2470051] Failed to build match row: Beşiktaş Jimnastik Kulübü vs Akhisarspor
[2335241] Failed to scrape lineup: https://www.transfermarkt.co.uk/ural-yekaterinburg_anzhi-makhachkala-2022-/index/spielbericht/2335241
[2642864] Could not find attributes for jean yves mvoto (Leyton Orient, 2015)
[2459869] Could not find attributes for gino coutinho (Excelsior Rotterdam, 2014)
[3098726] Could not find attributes for adrien regattin (Akhisarspor, 2018)
[2716675] Could not find attributes for Dmitriy Nepogodov (Vorskla Poltava, 2016)
[3055428] Could not find attributes for jeppe arnesen (Nyköbing FC, 2018)
[2459869] Failed to build match row: Excelsior Rotterdam vs Eindhovense Voetbalvereniging Philips Sport Vereniging
[3098726] Failed to build match row: Sevilla Fútbol Club S.A.D. vs Akhisarspor
)
[3055428] Failed to build match row: Nyköbing FC vs Lyngby Boldklub
[2642864] Failed to build match row: Leyton Orient vs Scunthorpe United
[2891568] Could not find attributes for enea mihaj (Panetolikos Agrinio, 2017)
[3136611] Could not find attributes for ross wallace (Fleetwood Town, 2018)
[2891568] Failed to build match row: Panathinaikos Athlitikos Omilos vs Panetolikos Agrinio

Keepers & outfield error for **CS Marítimo** in Vitória Setúbal FC vs CS Marítimo: Numbers: 0 and 11.
[3136611] Failed to build match row: Fleetwood Town vs AFC Wimbledon

Keepers & outfield error for **Paris Saint-Germain Football Club** in Paris Saint-Germain Football Club vs SM Caen: Numbers: 2 and 9.
[2746851] Could not find attributes for mikkel birlo (Haarby/Flemlöse, 2016)
[2502721] Could not find attributes for derek gaston (Greenock Morton FC, 2014)
[2883728] Failed to build match row: Vitória Setúbal FC vs CS Marítimo
[2482346] Failed to build match row: Paris Saint-Germain Football Club vs SM Caen
[2502721] Failed to build match row: Greenock Morton FC vs Airdrieonians FC
[2746851] Failed to build match row: Haarby/Flemlöse vs Esbjerg fB
[3081334] Failed to scrape lineup: https://www.transfermarkt.co.uk/udinese-calcio_fc-empoli/index/spielbericht/3081334
[3394861] Could not find attributes for elye wahi (Montpellier HSC, 2020)
[3394861] Failed to build match row: Montpellier HSC vs Football Club Lorient-Bretagne Sud
[3229433] Could not find attributes for albin ekdal (UC Sampdoria, 2019)
[3229433] Failed to build match row: Associazione Sportiva Roma vs UC Sampdoria
[3208699] Could not find attributes for nemanja radoja (Levante Unión Deportiva S.A.D., 2019)
[3208699] Failed to build match row: Levante Unión Deportiva S.A.D. vs Club Atlético Osasuna

Keepers & outfield error for **Real Betis Balompié S.A.D.** in Real Betis Balompié S.A.D. vs Real Madrid Club de Fútbol: Numbers: 0 and 11.
[2899768] Failed to build match row: Real Betis Balompié S.A.D. vs Real Madrid Club de Fútbol
[2864895] Could not find attributes for ari freyr skulason (KSC Lokeren (- 2020), 2017)
[2864895] Failed to build match row: KSC Lokeren (- 2020) vs Royal Excel Mouscron (-2022)

Keepers & outfield error for **Rio Ave Futebol Clube** in Rio Ave Futebol Clube vs Sporting Clube de Portugal: Numbers: 2 and 9.
[3211837] Failed to build match row: Rio Ave Futebol Clube vs Sporting Clube de Portugal
[2335242] Could not find attributes for maicon bolt (Футбольный клуб "Локомотив" Москва, 2013)
[2335242] Failed to build match row: Футбольный клуб "Локомотив" Москва vs Ural Yekaterinburg

Keepers & outfield error for **Rayo Vallecano de Madrid S. A. D.** in Rayo Vallecano de Madrid S. A. D. vs Granada CF: Numbers: 0 and 11.
[2341268] Failed to build match row: Rayo Vallecano de Madrid S. A. D. vs Granada CF
[2716676] Could not find attributes for denys shelikhov (Dnipro Dnipropetrovsk (-2020), 2016)
[2716676] Failed to build match row: FC Shakhtar Donetsk vs Dnipro Dnipropetrovsk (-2020)
[2346337] Could not find attributes for elyasa sume (Kasımpaşa A.Ş., 2013)
[2346337] Failed to build match row: Kasımpaşa A.Ş. vs Bursaspor
[2619437] Could not find attributes for artur denchuk (Gelios Kharkiv, 2015)
[2524746] Could not find attributes for pedro taborda (SC Covilhã, 2014)
[2619437] Failed to build match row: Gelios Kharkiv vs FC Zorya Lugansk
[2590614] Could not find attributes for serkan kirintili (Konyaspor, 2015)
[2883729] Could not find attributes for ponck (Desportivo Aves (- 2020), 2017)

[2883729] Failed to build match row: Desportivo Aves (- 2020) vs Vitória Sport Clube
[2524746] Failed to build match row: CS Marítimo vs SC Covilhã
[3077541] Failed to build match row: Trapani Calcio vs ACD Campodarsego
[2590614] Failed to build match row: Konyaspor vs Mersin Talimyurdu SK
[2609711] Failed to scrape lineup: https://www.transfermarkt.co.uk/as-monaco_ogc-nice/index/spielbericht/2609711
[2891569] Could not find attributes for giannis kontoes (Apollon Smyrnis, 2017)
[2322018] Could not find attributes for miro varvodic (Qarabağ FK, 2013)
[2322018] Failed to build match row: Qarabağ FK vs Metalurg Skopje

Keepers & outfield error for **Sevilla Fútbol Club S.A.D.** in Sevilla Fútbol Club S.A.D. vs Girona Fútbol Club S. A. D.: Numbers: 0 and 11.
[2891569] Failed to build match row: Apollon Smyrnis vs APO Levadiakos Football Club
[2899769] Failed to build match row: Sevilla Fútbol Club S.A.D. vs Girona Fútbol Club S. A. D.
[2335243] Could not find attributes for joaozinho (FK Krasnodar, 2013)
[2478714] Failed to scrape lineup: https://www.transfermarkt.co.uk/us-palermo_parma-fc/index/spielbericht/2478714
Not enough players found for lineup: 0, 11.

Keepers & outfield error for **Lyngby Boldklub** in Esbjerg fB vs Lyngby Boldklub: Numbers: 2 and 9.
[3069514] Could not find attributes for nemanja gudelj (Sporting Clube de Portugal, 2018)
[2697603] Failed to build match row: Esbjerg fB vs Lyngby Boldklub

Keepers & outfield error for **FC Paços de Ferreira** in FC Paços de Ferreira vs Futebol Clube de Famalicão: Numbers: 4 and 7.
[2335243] Failed to build match row: Kuban Krasnodar (-2018) vs FK Krasnodar
[2470052] Could not find attributes for umut bulut (Galatasaray Spor Kulübü, 2014)
[3069514] Failed to build match row: Sporting Clube de Portugal vs Clube Desportivo Nacional
[2722618] Could not find attributes for tomas sivok (Bursaspor, 2016)
[3055430] Failed to scrape lineup: https://www.transfermarkt.co.uk/spielbericht/index/spielbericht/3055430
[2470052] Failed to build match row: Galatasaray Spor Kulübü vs Mersin Talimyurdu SK
[3211838] Failed to build match row: FC Paços de Ferreira vs Futebol Clube de Famalicão
[2722618] Failed to build match row: Fenerbahçe Spor Kulübü vs Bursaspor
[2492361] Could not find attributes for rashad sadyqov (Qarabağ FK, 2014)
[2492361] Failed to build match row: Qarabağ FK vs AS Saint-Étienne
[2346338] Could not find attributes for ahmet calik (Gençlerbirliği Spor Kulübü, 2013)
[2716677] Could not find attributes for oleksiy shevchenko (FC Zorya Lugansk, 2016)
[2346338] Failed to build match row: Gençlerbirliği Spor Kulübü vs Kayseri Erciyesspor
[2716677] Failed to build match row: FC Zorya Lugansk vs Karpaty Lviv (-2021)
[2700715] Could not find attributes for samuel armenteros (Heracles Almelo, 2016)
[2502722] Could not find attributes for iain chisholm (Annan Athletic FC, 2014)
[2700715] Failed to build match row: Sportclub Heerenveen vs Heracles Almelo
[3098727] Could not find attributes for vlastimil hruby (FK Jablonec a.s., 2018)
[2502722] Failed to build match row: Annan Athletic FC vs Livingston Football Club
[3098727] Failed to build match row: FK Jablonec a.s. vs FC Astana
[2746852] Could not find attributes for pavol bajza (Vejle Boldklub, 2016)
[2619438] Could not find attributes for sergiy borzenko (Olimpik Donetsk, 2015)
[2619438] Failed to build match row: Olimpik Donetsk vs Dnipro Dnipropetrovsk (-2020)
[2746852] Failed to build match row: Vejle Boldklub vs Odense Boldklub
[2524747] Could not find attributes for kleber (Grupo Desportivo Estoril Praia, 2014)
[2524747] Failed to build match row: Grupo Desportivo Estoril Praia vs Gil Vicente Futebol Clube
[3222964] Could not find attributes for jimmy callacher (Linfield FC, 2019)
[3222964] Failed to build match row: Linfield FC vs HB Tórshavn

Keepers & outfield error for **Genoa Cricket and Football Club** in Società Sportiva Calcio Napoli vs Genoa Cricket and Football Club: Numbers: 2 and 9.
[3081336] Failed to build match row: Società Sportiva Calcio Napoli vs Genoa Cricket and Football Club
[2883730] Could not find attributes for bilel aouacheria (Moreirense Futebol Clube, 2017)
[2883730] Failed to build match row: CF Os Belenenses vs Moreirense Futebol Clube
[2590615] Could not find attributes for ugur demirok (Ankaraspor, 2015)
[2590615] Failed to build match row: Ankaraspor vs Trabzonspor Kulübü
[2346339] Could not find attributes for servet cetin (Eskisehirspor, 2013)
[2346339] Failed to build match row: Eskisehirspor vs Trabzonspor Kulübü
[3222965] Failed to scrape lineup: https://www.transfermarkt.co.uk/spielbericht/index/spielbericht/3222965
[3047544] Failed to scrape lineup: https://www.transfermarkt.co.uk/ea-guingamp_montpellier-hsc/index/spielbericht/3047544
[2891570] Failed to scrape lineup: https://www.transfermarkt.co.uk/panetolikos-gfs_paok-thessaloniki/index/spielbericht/2891570
[2482348] Could not find attributes for ferjani sassi (Football Club de Metz, 2014)
[2716678] Failed to scrape lineup: https://www.transfermarkt.co.uk/olimpik-donetsk_fc-oleksandriya/index/spielbericht/2716678
[2459871] Failed to scrape lineup: https://www.transfermarkt.co.uk/pec-zwolle_ajax-amsterdam/index/spielbericht/2459871
[2482348] Failed to build match row: Football Club de Metz vs EA Guingamp
[2360149] Could not find attributes for paulinho (UD Oliveirense, 2013)
[2864898] Failed to scrape lineup: https://www.transfermarkt.co.uk/r-charleroi-sc_rsc-anderlecht/index/spielbericht/2864898
[2341269] Failed to scrape lineup: https://www.transfermarkt.co.uk/real-valladolid-cf_celta-de-vigo/index/spielbericht/2341269
[2360149] Failed to build match row: UD Oliveirense vs CD Feirense
[2581981] Could not find attributes for filip mladenovic (1. Fußball-Club Köln, 2015)
[2581981] Failed to build match row: Fußball-Club Augsburg 1907 vs 1. Fußball-Club Köln
[2700716] Could not find attributes for bersant celina (Football Club Twente, 2016)
[2642866] Failed to scrape lineup: https://www.transfermarkt.co.uk/spielbericht/index/spielbericht/2642866
[2700716] Failed to build match row: Football Club Twente vs Roda JC Kerkrade
[3252847] Could not find attributes for patrick ter mate (VV Duno Doorwerth, 2019)
[3252847] Failed to build match row: VV Duno Doorwerth vs HV & CV Quick
[3077542] Failed to scrape lineup: https://www.transfermarkt.co.uk/spielbericht/index/spielbericht/3077542
[2942881] Failed to scrape lineup: https://www.transfermarkt.co.uk/dijon-fco_olympique-lyon/index/spielbericht/2942881

Keepers & outfield error for **GD Chaves** in GD Chaves vs Moreirense Futebol Clube: Numbers: 0 and 11.
[3229435] Failed to scrape lineup: https://www.transfermarkt.co.uk/torino-fc_udinese-calcio/index/spielbericht/3229435
[3069515] Failed to build match row: GD Chaves vs Moreirense Futebol Clube
[2492362] Could not find attributes for denys boyko (Dnipro Dnipropetrovsk (-2020), 2014)
[2335244] Could not find attributes for marko devic (FC Rubin Kazan, 2013)
[2492362] Failed to build match row: AS Saint-Étienne vs Dnipro Dnipropetrovsk (-2020)
[2917442] Could not find attributes for elvin yunuszada (Qarabağ FK, 2017)
[2335244] Failed to build match row: FC Rubin Kazan vs FK Rostov
[3199502] Could not find attributes for timothee kolodziejczak (AS Saint-Étienne, 2019)
[2917442] Failed to build match row: Associazione Sportiva Roma vs Qarabağ FK

Keepers & outfield error for **CS Marítimo** in Gil Vicente Futebol Clube vs CS Marítimo: Numbers: 0 and 11.
[3199502] Failed to build match row: Rennes vs AS Saint-Étienne
[3208701] Failed to scrape lineup: https://www.transfermarkt.co.uk/villarreal-cf_real-betis-balompie/index/spielbericht/3208701
[2478715] Could not find attributes for dodo (Football Club Internazionale Milano S.p.A., 2014)
[2524749] Failed to build match row: Gil Vicente Futebol Clube vs CS Marítimo
[2322019] Could not find attributes for adrian szekeres (Videoton FC, 2013)
[2478715] Failed to build match row: Associazione Sportiva Roma vs Football Club Internazionale Milano S.p.A.
[2322019] Failed to build match row: Videoton FC vs OFK Titograd

Keepers & outfield error for **Sport Lisboa e Benfica** in Sport Lisboa e Benfica vs CD Feirense: Numbers: 2 and 9.
[2883731] Failed to build match row: Sport Lisboa e Benfica vs CD Feirense

Keepers & outfield error for **Liverpool Football Club** in Liverpool Football Club vs Club Atlético de Madrid S.A.D.: Numbers: 0 and 11.
[3291938] Failed to build match row: Liverpool Football Club vs Club Atlético de Madrid S.A.D.
[3047545] Failed to scrape lineup: https://www.transfermarkt.co.uk/losc-lille_as-saint-etienne/index/spielbericht/3047545
[2609712] Could not find attributes for malcom (FC Girondins Bordeaux, 2015)
[2609712] Failed to build match row: FC Girondins Bordeaux vs AS Saint-Étienne
[2578029] Failed to scrape lineup: https://www.transfermarkt.co.uk/southampton-fc_stoke-city/index/spielbericht/2578029
[2700717] Failed to scrape lineup: https://www.transfermarkt.co.uk/willem-ii-tilburg_fc-groningen/index/spielbericht/2700717
[2728490] Failed to scrape lineup: https://www.transfermarkt.co.uk/celtic-fc_aberdeen-fc/index/spielbericht/2728490
[3222966] Could not find attributes for valentins ralkevics (FK Liepaja, 2019)

Keepers & outfield error for **West Ham United Football Club** in West Ham United Football Club vs Association Football Club Bournemouth: Numbers: 0 and 11.
[2872354] Failed to build match row: West Ham United Football Club vs Association Football Club Bournemouth
[3222966] Failed to build match row: IFK Norrköping vs FK Liepaja

Keepers & outfield error for **Boavista FC** in Boavista FC vs Clube Desportivo de Tondela: Numbers: 0 and 11.
[3211839] Could not find attributes for andraz sporar (Sporting Clube de Portugal, 2019)
[3069516] Failed to build match row: Boavista FC vs Clube Desportivo de Tondela
[3211839] Failed to build match row: Sporting Clube de Portugal vs Boavista FC
[2716679] Could not find attributes for yevgen past (Zirka Kropyvnytskyi, 2016)
[2716679] Failed to build match row: Zirka Kropyvnytskyi vs Chornomorets Odesa
[2322020] Could not find attributes for argent halilaj (FK Kukësi, 2013)
[2322020] Failed to build match row: FK Kukësi vs FC Flora Tallinn
[2609713] Could not find attributes for casimir ninga (Montpellier HSC, 2015)
[2609713] Failed to build match row: Football Club Lorient-Bretagne Sud vs Montpellier HSC

Keepers & outfield error for **Boavista FC** in Boavista FC vs Futebol Clube do Porto: Numbers: 0 and 11.
[2883732] Failed to build match row: Boavista FC vs Futebol Clube do Porto
[2492363] Could not find attributes for admir teli (Qarabağ FK, 2014)
[2492363] Failed to build match row: Football Club Internazionale Milano S.p.A. vs Qarabağ FK
[2700718] Could not find attributes for samuel armenteros (Heracles Almelo, 2016)
[2700718] Failed to build match row: Heracles Almelo vs Sparta Rotterdam

Keepers & outfield error for **Sporting Clube de Portugal** in Futbol Club Barcelona vs Sporting Clube de Portugal: Numbers: 0 and 11.
[2335245] Could not find attributes for oleksandr aliev (Anzhi Makhachkala ( -2022), 2013)
[2917443] Failed to build match row: Futbol Club Barcelona vs Sporting Clube de Portugal

Keepers & outfield error for **Association sportive de Monaco Football Club** in Association sportive de Monaco Football Club vs Montpellier HSC: Numbers: 2 and 9.
[2335245] Failed to build match row: Anzhi Makhachkala ( -2022) vs FK Dinamo Moskva
[2482350] Failed to build match row: Association sportive de Monaco Football Club vs Montpellier HSC

Keepers & outfield error for **Boavista FC** in Boavista FC vs CF Os Belenenses: Numbers: 3 and 8.
[2524750] Failed to build match row: Boavista FC vs CF Os Belenenses
[3136614] Could not find attributes for donervon daniels (Blackpool FC, 2018)

Keepers & outfield error for **Espanol** in Sevilla Fútbol Club S.A.D. vs Espanol: Numbers: 2 and 9.
[3136614] Failed to build match row: Blackpool FC vs Arsenal Football Club
[2341271] Failed to build match row: Sevilla Fútbol Club S.A.D. vs Espanol
[2346340] Could not find attributes for boy waterman (Kardemir Karabükspor, 2013)
[2891571] Could not find attributes for athanasios panteliadis (PAS Lamia 1964, 2017)

Keepers & outfield error for **UC Sampdoria** in UC Sampdoria vs Società Sportiva Calcio Napoli: Numbers: 0 and 11.
[2346340] Failed to build match row: Kardemir Karabükspor vs Akhisarspor
[2891571] Failed to build match row: PAS Lamia 1964 vs APS Atromitos Athinon
[2478716] Failed to build match row: UC Sampdoria vs Società Sportiva Calcio Napoli
[2459872] Could not find attributes for joris mathijsen (Feyenoord Rotterdam, 2014)
[2459872] Failed to build match row: Football Club Groningen vs Feyenoord Rotterdam
[3252848] Could not find attributes for josimar lima (ASWH Ambacht, 2019)
[3252848] Failed to build match row: ASWH Ambacht vs SV TEC Tiel
[3069517] Could not find attributes for ponck (Desportivo Aves (- 2020), 2018)

Keepers & outfield error for **Real Betis Balompié S.A.D.** in Real Betis Balompié S.A.D. vs SD Eibar: Numbers: 2 and 9.
[3069517] Failed to build match row: Desportivo Aves (- 2020) vs Vitória Sport Clube
[3208704] Failed to build match row: Real Betis Balompié S.A.D. vs SD Eibar
[2716680] Could not find attributes for denys shelikhov (Dnipro Dnipropetrovsk (-2020), 2016)
[2716680] Failed to build match row: Dnipro Dnipropetrovsk (-2020) vs FC Zorya Lugansk
[2771369] Could not find attributes for joaozinho (FK Krasnodar, 2016)
[2771369] Failed to build match row: FK Krasnodar vs AO FK Zenit Sankt-Peterburg
[2619439] Could not find attributes for sergiy chernobay (FK Ternopil, 2015)
[2619439] Failed to build match row: FK Ternopil vs FC Shakhtar Donetsk
[2609714] Could not find attributes for thibault giresse (EA Guingamp, 2015)
[2609714] Failed to build match row: GFC Ajaccio vs EA Guingamp
[2722620] Could not find attributes for alban meha (Konyaspor, 2016)
[3077543] Could not find attributes for giorgio altare (Feralpisalò, 2018)
[2722620] Failed to build match row: Konyaspor vs Gençlerbirliği Spor Kulübü
[3077543] Failed to build match row: Feralpisalò vs Virtus Francavilla Calcio

Keepers & outfield error for **Sporting Clube de Braga** in Sporting Clube de Braga vs GD Chaves: Numbers: 2 and 9.

Keepers & outfield error for **CD Feirense** in CD Feirense vs SC Covilhã: Numbers: 0 and 11.
[2581982] Failed to scrape lineup: https://www.transfermarkt.co.uk/sv-werder-bremen_vfb-stuttgart/index/spielbericht/2581982
[2360150] Failed to build match row: CD Feirense vs SC Covilhã
[2883733] Failed to build match row: Sporting Clube de Braga vs GD Chaves
[3222967] Could not find attributes for ernestas setkus (Hapoel Beer Sheva, 2019)
[3222967] Failed to build match row: Hapoel Beer Sheva vs Kairat Almaty
[2492364] Could not find attributes for dodo (Football Club Internazionale Milano S.p.A., 2014)
[2492364] Failed to build match row: Football Club Internazionale Milano S.p.A. vs AS Saint-Étienne

Keepers & outfield error for **Olympique Lyonnais** in Juventus Football Club vs Olympique Lyonnais: Numbers: 2 and 9.
[3291940] Failed to build match row: Juventus Football Club vs Olympique Lyonnais

Keepers & outfield error for **Verona Hellas Football Club** in Verona Hellas Football Club vs Associazione Sportiva Roma: Numbers: 0 and 11.
[2917444] Could not find attributes for dimitrios nikolaou (Olympiakos Syndesmos Filathlon Peiraios, 2017)
[2917444] Failed to build match row: Olympiakos Syndesmos Filathlon Peiraios vs Juventus Football Club
[2603977] Failed to build match row: Verona Hellas Football Club vs Associazione Sportiva Roma
[3098729] Could not find attributes for denis shcherbitskiy (BATE Borisov, 2018)
Not enough players found for lineup: 0, 0.
[3098729] Failed to build match row: Chelsea Football Club vs BATE Borisov
[3081339] Could not find attributes for merih demiral (Unione Sportiva Sassuolo Calcio, 2018)
[2746853] Failed to scrape lineup: https://www.transfermarkt.co.uk/spielbericht/index/spielbericht/2746853
[3081339] Failed to build match row: Società Sportiva Lazio S.p.A. vs Unione Sportiva Sassuolo Calcio
[2891572] Could not find attributes for masoud shojaei (Athlitiki Enosi Konstantinoupoleos, 2017)
[2891572] Failed to build match row: Athlitiki Enosi Konstantinoupoleos vs A.G.S Asteras Tripolis

Keepers & outfield error for **Espanol** in Espanol vs Club Atlético Osasuna: Numbers: 2 and 9.

Keepers & outfield error for **Sporting Clube de Braga** in Sporting Clube de Braga vs CD Feirense: Numbers: 0 and 11.

Keepers & outfield error for **Clube Desportivo de Tondela** in Clube Desportivo de Tondela vs Rio Ave Futebol Clube: Numbers: 0 and 11.

Keepers & outfield error for **Verona Hellas Football Club** in Unione Sportiva Sassuolo Calcio vs Verona Hellas Football Club: Numbers: 0 and 11.
[3069518] Failed to build match row: Sporting Clube de Braga vs CD Feirense
[2341272] Failed to build match row: Espanol vs Club Atlético Osasuna
[3211841] Failed to build match row: Clube Desportivo de Tondela vs Rio Ave Futebol Clube
[2478717] Failed to build match row: Unione Sportiva Sassuolo Calcio vs Verona Hellas Football Club
Not enough players found for lineup: 11, 0.
[2942883] Failed to scrape lineup: https://www.transfermarkt.co.uk/fc-metz_sm-caen/index/spielbericht/2942883
[3252849] Failed to scrape lineup: https://www.transfermarkt.co.uk/spielbericht/index/spielbericht/3252849
[2382235] Could not find attributes for chupe (Club Lleida Esportiu, 2013)
[3199505] Could not find attributes for stephy mavididi (Dijon FCO, 2019)
[2382235] Failed to build match row: Club Lleida Esportiu vs Real Betis Balompié S.A.D.
[3199505] Failed to build match row: Lille Olympique Sporting Club vs Dijon FCO
[2716681] Could not find attributes for yuriy pankiv (PFK Stal Kamyanske (-2018), 2016)
[2716681] Failed to build match row: PFK Stal Kamyanske (-2018) vs FC Shakhtar Donetsk
[2459874] Could not find attributes for timo letschert (Football Club Utrecht, 2014)
[2771370] Could not find attributes for papa gueye (FK Rostov, 2016)
[2459874] Failed to build match row: Football Club Utrecht vs Excelsior Rotterdam
[2492365] Could not find attributes for denys boyko (Dnipro Dnipropetrovsk (-2020), 2014)
[2492365] Failed to build match row: Dnipro Dnipropetrovsk (-2020) vs Qarabağ FK
[2502723] Could not find attributes for richard barnard (East Stirlingshire FC, 2014)
[2502723] Failed to build match row: East Stirlingshire FC vs Dunfermline Athletic FC
[2722621] Failed to build match row: Alanyaspor vs Trabzonspor Kulübü
[2728491] Failed to scrape lineup: https://www.transfermarkt.co.uk/inverness-caledonian-thistle-fc_st-johnstone-fc/index/spielbericht/2728491
[3047547] Failed to scrape lineup: https://www.transfermarkt.co.uk/as-monaco_stade-rennais-fc/index/spielbericht/3047547

Keepers & outfield error for **SPAL** in Cagliari Calcio vs SPAL: Numbers: 2 and 9.
[3081340] Failed to build match row: Cagliari Calcio vs SPAL
[3208706] Could not find attributes for nemanja radoja (Levante Unión Deportiva S.A.D., 2019)
[3208706] Failed to build match row: CD Leganés vs Levante Unión Deportiva S.A.D.
Not enough players found for lineup: 0, 11.
[2746854] Failed to scrape lineup: https://www.transfermarkt.co.uk/spielbericht/index/spielbericht/2746854
[3069519] Could not find attributes for chiquinho (Moreirense Futebol Clube, 2018)
[3069519] Failed to build match row: Moreirense Futebol Clube vs Boavista FC

Keepers & outfield error for **Gil Vicente Futebol Clube** in Gil Vicente Futebol Clube vs Sport Lisboa e Benfica: Numbers: 0 and 11.
[3211842] Failed to build match row: Gil Vicente Futebol Clube vs Sport Lisboa e Benfica
[2697608] Could not find attributes for kim ojo (Lyngby Boldklub, 2016)
[2917445] Could not find attributes for jasmin handanovic (NK Maribor, 2017)
[2917445] Failed to build match row: NK Maribor vs Sevilla Fútbol Club S.A.D.
[2470055] Failed to scrape lineup: https://www.transfermarkt.co.uk/bursaspor_trabzonspor/index/spielbericht/2470055
[2697608] Failed to build match row: Lyngby Boldklub vs Sønderjyske Fodbold
[2578031] Failed to scrape lineup: https://www.transfermarkt.co.uk/leicester-city_manchester-united/index/spielbericht/2578031
[2322021] Could not find attributes for gor manukyan (FC Pyunik Yerevan, 2013)
[3394866] Failed to scrape lineup: https://www.transfermarkt.co.uk/losc-lille_olympique-marseille/index/spielbericht/3394866

Keepers & outfield error for **Villarreal Club de Fútbol S.A.D.** in Real Sociedad de Fútbol S.A.D. vs Villarreal Club de Fútbol S.A.D.: Numbers: 0 and 11.
[2322021] Failed to build match row: FC Pyunik Yerevan vs Teteks Tetovo

Keepers & outfield error for **Olympique Gymnaste Club Nice Côte d'Azur** in Olympique Gymnaste Club Nice Côte d'Azur vs Angers Sporting Club de l'Ouest: Numbers: 2 and 9.
[2341273] Failed to build match row: Real Sociedad de Fútbol S.A.D. vs Villarreal Club de Fútbol S.A.D.
[2891573] Could not find attributes for zivko zivkovic (AO Xanthi, 2017)
[3199506] Failed to build match row: Olympique Gymnaste Club Nice Côte d'Azur vs Angers Sporting Club de l'Ouest
Not enough players found for lineup: 0, 0.
[3229436] Could not find attributes for mato jajalo (Udinese Calcio, 2019)
[2891573] Failed to build match row: AO Xanthi vs AOK Kerkyra
[2382236] Failed to scrape lineup: https://www.transfermarkt.co.uk/spielbericht/index/spielbericht/2382236
[3229436] Failed to build match row: Udinese Calcio vs Atalanta Bergamasca Calcio S.p.a.
[2346341] Failed to scrape lineup: https://www.transfermarkt.co.uk/konyaspor_besiktas-jk/index/spielbericht/2346341
[2331083] Failed to scrape lineup: https://www.transfermarkt.co.uk/olympique-lyon_ac-ajaccio/index/spielbericht/2331083
[2619440] Could not find attributes for nazariy fedorivskyi (FK Obolon Kyiv, 2015)
[2619440] Failed to build match row: FK Obolon Kyiv vs Futbolniy Klub Dynamo Kyiv

Keepers & outfield error for **Parma Calcio 1913** in Parma Calcio 1913 vs Torino Calcio: Numbers: 2 and 9.
[2459875] Could not find attributes for karim el ahmadi (Feyenoord Rotterdam, 2014)
[2459875] Failed to build match row: Feyenoord Rotterdam vs Vitesse Arnhem
[3081341] Failed to build match row: Parma Calcio 1913 vs Torino Calcio
[2722622] Could not find attributes for frantisek rajtoral (Gaziantepspor (- 2020), 2016)
[3069520] Could not find attributes for jota (Clube Desportivo Nacional, 2018)
[2771371] Could not find attributes for mikhail levashov (Arsenal Tula, 2016)
[2722622] Failed to build match row: Gaziantepspor (- 2020) vs İstanbul Başakşehir Futbol Kulübü
[3069520] Failed to build match row: Clube Desportivo Nacional vs GD Chaves
[2771371] Failed to build match row: FC Rubin Kazan vs Arsenal Tula
[2609715] Failed to scrape lineup: https://www.transfermarkt.co.uk/losc-lille_stade-rennais-fc/index/spielbericht/2609715
[3222968] Failed to scrape lineup: https://www.transfermarkt.co.uk/spielbericht/index/spielbericht/3222968
[2899770] Could not find attributes for imanol agirretxe (Real Sociedad de Fútbol S.A.D., 2017)
[2883734] Failed to scrape lineup: https://www.transfermarkt.co.uk/cs-maritimo_cd-tondela/index/spielbericht/2883734
[2360151] Failed to scrape lineup: https://www.transfermarkt.co.uk/spielbericht/index/spielbericht/2360151
[2899770] Failed to build match row: Real Sociedad de Fútbol S.A.D. vs Levante Unión Deportiva S.A.D.
[3291941] Failed to scrape lineup: https://www.transfermarkt.co.uk/spielbericht/index/spielbericht/3291941
ributes for linus buchler (Lüneburger SK Hansa, 2017)
[2891574] Could not find attributes for nikolaos giannakopoulos (AOK Kerkyra, 2017)
[2864901] Failed to build match row: Lüneburger SK Hansa vs 1. Fußball- und Sportverein Mainz 05
[2891574] Failed to build match row: AOK Kerkyra vs Apollon Smyrnis
[2322022] Failed to build match row: Dacia Chisinau vs KF Teuta
[3047549] Failed to scrape lineup: https://www.transfermarkt.co.uk/paris-saint-germain_olympique-lyon/index/spielbericht/3047549
[2502724] Failed to scrape lineup: https://www.transfermarkt.co.uk/spielbericht/index/spielbericht/2502724
[2524752] Failed to scrape lineup: https://www.transfermarkt.co.uk/spielbericht/index/spielbericht/2524752
spielbericht/2331084
[3394867] Could not find attributes for kiki kouyate (Football Club de Metz, 2020)
[2722623] Could not find attributes for davide petrucci (Çaykur Rizespor Kulübü, 2016)
[3394867] Failed to build match row: Football Club de Metz vs Angers Sporting Club de l'Ouest
[2771372] Could not find attributes for georgiy shchennikov (PFK CSKA Moskva, 2016)
[3098730] Failed to scrape lineup: https://www.transfermarkt.co.uk/spielbericht/index/spielbericht/3098730
[2771372] Failed to build match row: PFK CSKA Moskva vs FC Orenburg

Keepers & outfield error for **Paris Saint-Germain Football Club** in Olympique de Marseille vs Paris Saint-Germain Football Club: Numbers: 2 and 9.
[2609716] Failed to build match row: Olympique de Marseille vs Paris Saint-Germain Football Club
[2482352] Failed to scrape lineup: https://www.transfermarkt.co.uk/olympique-marseille_stade-reims/index/spielbericht/2482352
[3136615] Could not find attributes for jay dasilva (Bristol City, 2018)
[3136615] Failed to build match row: Bristol City vs Huddersfield Town
[2590618] Failed to scrape lineup: https://www.transfermarkt.co.uk/gaziantepspor_osmanlispor-fk/index/spielbericht/2590618
[2872357] Failed to scrape lineup: https://www.transfermarkt.co.uk/west-ham-united_crystal-palace/index/spielbericht/2872357
[2459876] Could not find attributes for divine naah (Nooit Opgeven Altijd Doorzetten Aangenaam Door Vermaak En Nuttig Door Ontspanning Combinatie Breda, 2014)
[2459876] Failed to build match row: Alkmaar Zaanstreek vs Nooit Opgeven Altijd Doorzetten Aangenaam Door Vermaak En Nuttig Door Ontspanning Combinatie Breda
[2335248] Could not find attributes for jeremy bokila (RFK Akhmat Grozny, 2013)
[2335248] Failed to build match row: RFK Akhmat Grozny vs FK Rostov
[2700720] Could not find attributes for hicham faik (Excelsior Rotterdam, 2016)
[3252850] Failed to scrape lineup: https://www.transfermarkt.co.uk/spielbericht/index/spielbericht/3252850
[2716682] Failed to scrape lineup: https://www.transfermarkt.co.uk/dynamo-kyiv_vorskla-poltava/index/spielbericht/2716682
[2700720] Failed to build match row: AFC Ajax Amsterdam vs Excelsior Rotterdam
[3077544] Could not find attributes for michele nardi (Siena FC, 2018)
[2883735] Could not find attributes for uri rosell (Portimonense SC, 2017)
[3077544] Failed to build match row: Siena FC vs Sicula Leonzio
Not enough players found for lineup: 0, 0.
[2883735] Failed to build match row: Portimonense SC vs Vitória Setúbal FC
[2382237] Failed to scrape lineup: https://www.transfermarkt.co.uk/spielbericht/index/spielbericht/2382237
[2470057] Could not find attributes for doka madureira (İstanbul Başakşehir Futbol Kulübü, 2014)
[2470057] Failed to build match row: İstanbul Başakşehir Futbol Kulübü vs Kayseri Erciyesspor
[2728492] Failed to scrape lineup: https://www.transfermarkt.co.uk/partick-thistle-fc-_heart-of-midlothian-fc/index/spielbericht/2728492
[2492366] Failed to scrape lineup: https://www.transfermarkt.co.uk/spielbericht/index/spielbericht/2492366
[3047550] Could not find attributes for jean clair todibo (Toulouse Football Club, 2018)
[3047550] Failed to build match row: Toulouse Football Club vs Olympique Gymnaste Club Nice Côte d'Azur

Keepers & outfield error for **CF Os Belenenses** in CF Os Belenenses vs Vitória Setúbal FC: Numbers: 3 and 8.
[2891575] Could not find attributes for enea mihaj (Panetolikos Agrinio, 2017)
[2891575] Failed to build match row: Panetolikos Agrinio vs AO Platanias

Keepers & outfield error for **FC Girondins Bordeaux** in FC Girondins Bordeaux vs Nîmes Olympique: Numbers: 2 and 9.
[3199509] Failed to build match row: FC Girondins Bordeaux vs Nîmes Olympique
[2722624] Could not find attributes for badou ndiaye (Ankaraspor, 2016)
[2722624] Failed to build match row: Ankaraspor vs Adanaspor
[2482353] Failed to scrape lineup: https://www.transfermarkt.co.uk/fc-toulouse_stade-rennais-fc/index/spielbericht/2482353
[2581986] Could not find attributes for slobodan rajkovic (SV Darmstadt 98, 2015)
[2581986] Failed to build match row: SV Darmstadt 98 vs Eintracht Frankfurt Fußball AG

Keepers & outfield error for **Vitória Setúbal FC** in Vitória Setúbal FC vs Clube Desportivo Santa Clara: Numbers: 2 and 9.
[3069521] Failed to build match row: Vitória Setúbal FC vs Clube Desportivo Santa Clara
[3222969] Could not find attributes for haraldur bjornsson (Stjarnan Gardabaer, 2019)
[3222969] Failed to build match row: Espanol vs Stjarnan Gardabaer
[2502834] Could not find attributes for stuart mckenzie (Montrose FC, 2014)
[2502834] Failed to build match row: Montrose FC vs Arbroath FC
[3055431] Could not find attributes for sebastian sorensen (Slagelse B&I, 2018)
[3055431] Failed to build match row: Slagelse B&I vs FC Helsingör
[2697609] Failed to scrape lineup: https://www.transfermarkt.co.uk/ac-horsens_randers-fc/index/spielbericht/2697609
[2603981] Could not find attributes for giovanni marchese (Genoa Cricket and Football Club, 2015)
[2603981] Failed to build match row: Palermo FC vs Genoa Cricket and Football Club
[2609717] Could not find attributes for johan martial (ESTAC Troyes, 2015)
[2609717] Failed to build match row: SC Bastia vs ESTAC Troyes

Keepers & outfield error for **Rio Ave Futebol Clube** in Rio Ave Futebol Clube vs Sporting Clube de Portugal: Numbers: 4 and 7.
[2470058] Could not find attributes for didier zokora (Akhisarspor, 2014)
[2883736] Failed to build match row: Rio Ave Futebol Clube vs Sporting Clube de Portugal
[2470058] Failed to build match row: Akhisarspor vs Çaykur Rizespor Kulübü
[2492367] Could not find attributes for rashad sadyqov (Qarabağ FK, 2014)
[2492367] Failed to build match row: Qarabağ FK vs Dnipro Dnipropetrovsk (-2020)
[3047551] Could not find attributes for pedro rebocho (EA Guingamp, 2018)
[2771374] Could not find attributes for maicon bolt (Футбольный клуб "Локомотив" Москва, 2016)
[2771374] Failed to build match row: Tom Tomsk vs Футбольный клуб "Локомотив" Москва
[3047551] Failed to build match row: SM Caen vs EA Guingamp
[2335249] Could not find attributes for martin jiranek (Tom Tomsk, 2013)
[2335249] Failed to build match row: Tom Tomsk vs FK Dinamo Moskva

Keepers & outfield error for **Clube Desportivo de Tondela** in Clube Desportivo de Tondela vs CS Marítimo: Numbers: 0 and 11.
[2590619] Could not find attributes for ryan donk (Kasımpaşa A.Ş., 2015)
[3069522] Failed to build match row: Clube Desportivo de Tondela vs CS Marítimo
[2590619] Failed to build match row: Antalyaspor vs Kasımpaşa A.Ş.
[3222970] Could not find attributes for martin jedlicka (DAC Dunajska Streda, 2019)
[3222970] Failed to build match row: DAC Dunajska Streda vs APS Atromitos Athinon
[2716683] Could not find attributes for andriy novak (FC Oleksandriya, 2016)
[2716683] Failed to build match row: FC Oleksandriya vs Zirka Kropyvnytskyi
[2578033] Failed to scrape lineup: https://www.transfermarkt.co.uk/manchester-united_west-bromwich-albion/index/spielbericht/2578033
Not enough players found for lineup: 0, 11.
[3055432] Failed to scrape lineup: https://www.transfermarkt.co.uk/spielbericht/index/spielbericht/3055432

Keepers & outfield error for **Wolverhampton Wanderers Football Club** in Wolverhampton Wanderers Football Club vs Espanol: Numbers: 0 and 11.
[2700721] Could not find attributes for rochdi achenteh (Go Ahead Eagles, 2016)
[3291983] Failed to build match row: Wolverhampton Wanderers Football Club vs Espanol
[2700721] Failed to build match row: Prins Hendrik Ende Desespereert Nimmer Combinatie Zwolle vs Go Ahead Eagles
[2942886] Failed to scrape lineup: https://www.transfermarkt.co.uk/fc-girondins-bordeaux_paris-saint-germain/index/spielbericht/2942886
[2899771] Failed to scrape lineup: https://www.transfermarkt.co.uk/levante-ud_real-betis-balompie/index/spielbericht/2899771
[2891576] Could not find attributes for matic kotnik (Panionios Athens, 2017)
[2864902] Failed to scrape lineup: https://www.transfermarkt.co.uk/spielbericht/index/spielbericht/2864902
[2891576] Failed to build match row: Panionios Athens vs PAS Lamia 1964
[2335250] Could not find attributes for sergei pareiko (Volga Nizhniy Novgorod (- 2016), 2013)
[2335250] Failed to build match row: Volga Nizhniy Novgorod (- 2016) vs FK Krasnodar
[2322023] Failed to scrape lineup: https://www.transfermarkt.co.uk/spielbericht/index/spielbericht/2322023
[2642869] Failed to scrape lineup: https://www.transfermarkt.co.uk/spielbericht/index/spielbericht/2642869
[3098731] Failed to scrape lineup: https://www.transfermarkt.co.uk/spielbericht/index/spielbericht/3098731
[2620156] Could not find attributes for jeppe hojbjerg (Fodbold Club Fredericia, 2015)
[2620156] Failed to build match row: Fodbold Club Fredericia vs Odense Boldklub
[2346342] Failed to scrape lineup: https://www.transfermarkt.co.uk/sivasspor_galatasaray/index/spielbericht/2346342
[3136616] Failed to scrape lineup: https://www.transfermarkt.co.uk/spielbericht/index/spielbericht/3136616
[3291984] Could not find attributes for andraz sporar (Sporting Clube de Portugal, 2019)
[3291984] Failed to build match row: Sporting Clube de Portugal vs İstanbul Başakşehir Futbol Kulübü
[2609718] Could not find attributes for saidi ntibazonkiza (SM Caen, 2015)
[2609718] Failed to build match row: SM Caen vs Stade Reims
[2728494] Could not find attributes for tom hateley (Dundee Football Club, 2016)
[2728494] Failed to build match row: Dundee Football Club vs Kilmarnock Football Club

Keepers & outfield error for **Sevilla Fútbol Club S.A.D.** in UD Las Palmas vs Sevilla Fútbol Club S.A.D.: Numbers: 0 and 11.
[2899772] Failed to build match row: UD Las Palmas vs Sevilla Fútbol Club S.A.D.
[3252851] Failed to scrape lineup: https://www.transfermarkt.co.uk/spielbericht/index/spielbericht/3252851
[3077545] Failed to scrape lineup: https://www.transfermarkt.co.uk/spielbericht/index/spielbericht/3077545
[2524754] Failed to scrape lineup: https://www.transfermarkt.co.uk/spielbericht/index/spielbericht/2524754
[2609719] Could not find attributes for alban lafont (Toulouse Football Club, 2015)
[2609719] Failed to build match row: Toulouse Football Club vs Football Club de Nantes
[2722626] Could not find attributes for tomas sivok (Bursaspor, 2016)
[2722626] Failed to build match row: Bursaspor vs Kayserispor Kulübü
[2872359] Failed to scrape lineup: https://www.transfermarkt.co.uk/everton-fc_leicester-city/index/spielbericht/2872359
[2864907] Could not find attributes for yassin ayoub (Football Club Utrecht, 2017)
[2864907] Failed to build match row: ADO Den Haag vs Football Club Utrecht
[3098732] Could not find attributes for roland juhasz (Videoton FC, 2018)
[3098732] Failed to build match row: Videoton FC vs Panthessalonikios Athlitikos Omilos Konstantinoupoliton
[2603982] Failed to scrape lineup: https://www.transfermarkt.co.uk/uc-sampdoria_carpi-fc-1909/index/spielbericht/2603982
[2716684] Could not find attributes for roman pidkivka (Karpaty Lviv (-2021), 2016)
[2716684] Failed to build match row: Karpaty Lviv (-2021) vs Olimpik Donetsk
[2346343] Could not find attributes for serkan kirintili (Çaykur Rizespor Kulübü, 2013)
[2346343] Failed to build match row: Çaykur Rizespor Kulübü vs Konyaspor
[2883737] Failed to scrape lineup: https://www.transfermarkt.co.uk/fc-pacos-de-ferreira_estoril-praia/index/spielbericht/2883737
Not enough players found for lineup: 11, 0.
[3252852] Failed to scrape lineup: https://www.transfermarkt.co.uk/spielbericht/index/spielbericht/3252852

Keepers & outfield error for **Vitória Setúbal FC** in Vitória Setúbal FC vs Vitória Sport Clube: Numbers: 2 and 9.
[2360291] Could not find attributes for gianmarco giuliacci (AS Gubbio 1910, 2013)
[2524755] Failed to build match row: Vitória Setúbal FC vs Vitória Sport Clube
[2360291] Failed to build match row: SS Juve Stabia vs AS Gubbio 1910
[2341274] Failed to scrape lineup: https://www.transfermarkt.co.uk/fc-barcelona_villarreal-cf/index/spielbericht/2341274
[2746855] Failed to scrape lineup: https://www.transfermarkt.co.uk/spielbericht/index/spielbericht/2746855
[2482355] Failed to scrape lineup: https://www.transfermarkt.co.uk/stade-rennais-fc_fc-girondins-bordeaux/index/spielbericht/2482355
[3069523] Failed to scrape lineup: https://www.transfermarkt.co.uk/b-sad_desportivo-aves-2020-/index/spielbericht/3069523
[2590620] Failed to scrape lineup: https://www.transfermarkt.co.uk/genclerbirligi-ankara_kayserispor/index/spielbericht/2590620
[2771376] Could not find attributes for tornike okriashvili (FK Krasnodar, 2016)
[2771376] Failed to build match row: RFK Akhmat Grozny vs FK Krasnodar

Keepers & outfield error for **Getafe Club de Fútbol S. A. D. Team Dubai** in Getafe Club de Fútbol S. A. D. Team Dubai vs Celta: Numbers: 0 and 11.
[2899774] Failed to build match row: Getafe Club de Fútbol S. A. D. Team Dubai vs Celta
[2578034] Failed to scrape lineup: https://www.transfermarkt.co.uk/norwich-city_swansea-city/index/spielbericht/2578034
[3055433] Failed to scrape lineup: https://www.transfermarkt.co.uk/spielbericht/index/spielbericht/3055433
[2470060] Failed to scrape lineup: https://www.transfermarkt.co.uk/fenerbahce_mersin-idmanyurdu/index/spielbericht/2470060
[3199511] Failed to scrape lineup: https://www.transfermarkt.co.uk/dijon-fco_montpellier-hsc/index/spielbericht/3199511
[2891577] Could not find attributes for theodoros berios (PAS Giannina, 2017)
[2891577] Failed to build match row: PAS Giannina vs APO Levadiakos Football Club
[2942887] Failed to scrape lineup: https://www.transfermarkt.co.uk/ogc-nice_montpellier-hsc/index/spielbericht/2942887
[3081344] Failed to scrape lineup: https://www.transfermarkt.co.uk/atalanta-bc_fc-empoli/index/spielbericht/3081344
[2335251] Failed to scrape lineup: https://www.transfermarkt.co.uk/zenit-st-petersburg_dinamo-moscow/index/spielbericht/2335251
[2697611] Failed to scrape lineup: https://www.transfermarkt.co.uk/aalborg-bk_fc-nordsjaelland/index/spielbericht/2697611
[2771377] Failed to scrape lineup: https://www.transfermarkt.co.uk/anzhi-makhachkala-2022-_amkar-perm/index/spielbericht/2771377
[2899775] Failed to scrape lineup: https://www.transfermarkt.co.uk/villarreal-cf_deportivo-alaves/index/spielbericht/2899775
[2322024] Failed to scrape lineup: https://www.transfermarkt.co.uk/spielbericht/index/spielbericht/2322024
[3069524] Failed to scrape lineup: https://www.transfermarkt.co.uk/fc-porto_rio-ave-fc/index/spielbericht/3069524
[2603983] Failed to scrape lineup: https://www.transfermarkt.co.uk/us-sassuolo_ssc-napoli/index/spielbericht/2603983
[2581990] Failed to scrape lineup: https://www.transfermarkt.co.uk/vfb-stuttgart_1-fsv-mainz-05/index/spielbericht/2581990
[2728497] Failed to scrape lineup: https://www.transfermarkt.co.uk/heart-of-midlothian-fc_hamilton-academical-fc/index/spielbericht/2728497
[3077546] Could not find attributes for luca liverani (AC Monza, 2018)
[2346344] Failed to scrape lineup: https://www.transfermarkt.co.uk/galatasaray_kasimpasa/index/spielbericht/2346344
[3077546] Failed to build match row: AC Monza vs SS Matelica Calcio
[2578035] Failed to scrape lineup: https://www.transfermarkt.co.uk/newcastle-united_leicester-city/index/spielbericht/2578035
[2470061] Could not find attributes for jose sosa (Beşiktaş Jimnastik Kulübü, 2014)
[2470061] Failed to build match row: Konyaspor vs Beşiktaş Jimnastik Kulübü
[2360887] Failed to scrape lineup: https://www.transfermarkt.co.uk/spielbericht/index/spielbericht/2360887
[2524756] Could not find attributes for wallyson (Sporting Clube de Portugal, 2014)
[2524756] Failed to build match row: Sporting Clube de Portugal vs Vitória Setúbal FC
[2872361] Failed to scrape lineup: https://www.transfermarkt.co.uk/newcastle-united_burnley-fc/index/spielbericht/2872361
[2746856] Could not find attributes for mads greve (Vendsyssel FF, 2016)
[2746856] Failed to build match row: Vendsyssel FF vs Hobro IK
[3229437] Failed to scrape lineup: https://www.transfermarkt.co.uk/uc-sampdoria_bologna-fc-1909/index/spielbericht/3229437
[2331088] Failed to scrape lineup: https://www.transfermarkt.co.uk/ea-guingamp_ogc-nice/index/spielbericht/2331088
[3222972] Failed to scrape lineup: https://www.transfermarkt.co.uk/spielbericht/index/spielbericht/3222972
[2620157] Failed to scrape lineup: https://www.transfermarkt.co.uk/spielbericht/index/spielbericht/2620157
[2700723] Failed to scrape lineup: https://www.transfermarkt.co.uk/fc-utrecht_nec-nijmegen/index/spielbericht/2700723
[3136617] Failed to scrape lineup: https://www.transfermarkt.co.uk/spielbericht/index/spielbericht/3136617
[2503715] Failed to scrape lineup: https://www.transfermarkt.co.uk/r-charleroi-sc_kv-kortrijk/index/spielbericht/2503715
[3081345] Could not find attributes for albin ekdal (UC Sampdoria, 2018)
[3081345] Failed to build match row: UC Sampdoria vs Genoa Cricket and Football Club
[2482357] Could not find attributes for kevin koubemba (Lille Olympique Sporting Club, 2014)
[2482357] Failed to build match row: SC Bastia vs Lille Olympique Sporting Club
[2716685] Could not find attributes for artem shabanov (Volyn Lutsk, 2016)
[2716685] Failed to build match row: Volyn Lutsk vs Chornomorets Odesa
[2771378] Could not find attributes for georgiy shchennikov (PFK CSKA Moskva, 2016)
[2771378] Failed to build match row: PFK CSKA Moskva vs Ural Yekaterinburg
[3069525] Could not find attributes for fabio sturgeon (CD Feirense, 2018)
[3069525] Failed to build match row: CD Feirense vs Portimonense SC
[2642870] Failed to scrape lineup: https://www.transfermarkt.co.uk/spielbericht/index/spielbericht/2642870
[2891578] Failed to scrape lineup: https://www.transfermarkt.co.uk/aek-athens_ao-xanthi/index/spielbericht/2891578
[2722627] Could not find attributes for ermin zec (Kardemir Karabükspor, 2016)
[2722627] Failed to build match row: Kardemir Karabükspor vs Antalyaspor
[3208707] Failed to scrape lineup: https://www.transfermarkt.co.uk/rcd-mallorca_rcd-espanyol-barcelona/index/spielbericht/3208707
[3211843] Failed to scrape lineup: https://www.transfermarkt.co.uk/desportivo-aves-2020-_vitoria-guimaraes-sc/index/spielbericht/3211843
[2883738] Failed to scrape lineup: https://www.transfermarkt.co.uk/gd-chaves_fc-pacos-de-ferreira/index/spielbericht/2883738
[2322025] Could not find attributes for vyacheslav kotlyar (Irtysh Pavlodar, 2013)
[2360888] Could not find attributes for aleksandr mokin (Shakhter Karaganda, 2013)
[2322025] Failed to build match row: Irtysh Pavlodar vs Levski Sofia
[2360888] Failed to build match row: Shakhter Karaganda vs The Celtic Football Club
[3047554] Could not find attributes for jean clair todibo (Toulouse Football Club, 2018)
[3047554] Failed to build match row: Football Club de Nantes vs Toulouse Football Club
[2864908] Failed to scrape lineup: https://www.transfermarkt.co.uk/vvv-venlo_sparta-rotterdam/index/spielbericht/2864908
[3252853] Could not find attributes for ron scheffer (ODIN '59 Heemskerk, 2019)
[3252853] Failed to build match row: ODIN '59 Heemskerk vs BVV Barendrecht

Keepers & outfield error for **Olympique Lyonnais** in Olympique Lyonnais vs Lille Olympique Sporting Club: Numbers: 3 and 8.
[3199513] Failed to build match row: Olympique Lyonnais vs Lille Olympique Sporting Club
[3055437] Could not find attributes for tobias brogaard (Skovshoved IF, 2018)
[3055437] Failed to build match row: Skovshoved IF vs BK Frem

Keepers & outfield error for **AFC Ajax Amsterdam** in Getafe Club de Fútbol S. A. D. Team Dubai vs AFC Ajax Amsterdam: Numbers: 0 and 11.
[3291985] Failed to build match row: Getafe Club de Fútbol S. A. D. Team Dubai vs AFC Ajax Amsterdam
[3098733] Failed to scrape lineup: https://www.transfermarkt.co.uk/spielbericht/index/spielbericht/3098733
[2581991] Could not find attributes for yanni regasel (Eintracht Frankfurt Fußball AG, 2015)
[2581991] Failed to build match row: Eintracht Frankfurt Fußball AG vs Borussia Dortmund
[2716694] Could not find attributes for issiar dia (AS Nancy-Lorraine, 2016)
[2620160] Could not find attributes for anders qvist (FC Roskilde, 2015)

Keepers & outfield error for **Sport Lisboa e Benfica** in Sport Lisboa e Benfica vs Sporting Clube de Braga: Numbers: 2 and 9.
[2341276] Could not find attributes for riki (Granada CF, 2013)
[2716694] Failed to build match row: AS Nancy-Lorraine vs SC Bastia
[2620160] Failed to build match row: FC Roskilde vs Hobro IK
[3069526] Failed to build match row: Sport Lisboa e Benfica vs Sporting Clube de Braga
[2341276] Failed to build match row: Granada CF vs UD Almería

Keepers & outfield error for **FC Sochaux-Montbéliard** in Valenciennes FC vs FC Sochaux-Montbéliard: Numbers: 0 and 11.
[2331089] Failed to build match row: Valenciennes FC vs FC Sochaux-Montbéliard
[2578036] Could not find attributes for erik pieters (Stoke City, 2015)
[3077547] Could not find attributes for filippo lorenzini (Casertana FC, 2018)
[2578036] Failed to build match row: Stoke City vs Chelsea Football Club

Keepers & outfield error for **Associazione Calcio Fiorentina** in Associazione Calcio Fiorentina vs Juventus Football Club: Numbers: 0 and 11.
[3211844] Could not find attributes for show (B SAD, 2019)
[2609720] Could not find attributes for ronael pierre gabriel (AS Saint-Étienne, 2015)
[2478720] Failed to build match row: Associazione Calcio Fiorentina vs Juventus Football Club
[3211844] Failed to build match row: B SAD vs CS Marítimo
[2609720] Failed to build match row: AS Saint-Étienne vs Association sportive de Monaco Football Club
[3077547] Failed to build match row: Casertana FC vs AZ Picerno
[2524757] Could not find attributes for Gouveia (Boavista FC, 2014)
[2524757] Failed to build match row: Boavista FC vs Vitória Sport Clube
[2891579] Could not find attributes for aristotelis karasalidis (APS Atromitos Athinon, 2017)
[2891579] Failed to build match row: APS Atromitos Athinon vs Olympiakos Syndesmos Filathlon Peiraios
[2346345] Could not find attributes for saso fornezzi (Antalyaspor, 2013)
[2346345] Failed to build match row: Antalyaspor vs Sivasspor

Keepers & outfield error for **Vitória Sport Clube** in Vitória Sport Clube vs Sporting Clube de Portugal: Numbers: 0 and 11.
[3069527] Failed to build match row: Vitória Sport Clube vs Sporting Clube de Portugal
[2746857] Could not find attributes for kristoffer sorensen (Varde IF, 2016)
[2746857] Failed to build match row: Varde IF vs Jammerbugt FC
[2470063] Could not find attributes for mustafa akbas (Trabzonspor Kulübü, 2014)
[2470063] Failed to build match row: Trabzonspor Kulübü vs Eskisehirspor
[2899776] Failed to scrape lineup: https://www.transfermarkt.co.uk/ud-las-palmas_malaga-cf/index/spielbericht/2899776
[3222973] Could not find attributes for otso virtanen (Kuopion Palloseura, 2019)
[2590622] Could not find attributes for serkan kirintili (Konyaspor, 2015)
[3222973] Failed to build match row: Legia Warszawa Spółka Akcyjna vs Kuopion Palloseura
[2771380] Could not find attributes for maicon bolt (Футбольный клуб "Локомотив" Москва, 2016)
[2590622] Failed to build match row: Trabzonspor Kulübü vs Konyaspor
[2872363] Could not find attributes for etienne capoue (Watford FC, 2017)
[2603985] Failed to scrape lineup: https://www.transfermarkt.co.uk/bologna-fc-1909_us-sassuolo/index/spielbericht/2603985

Keepers & outfield error for **Grupo Desportivo Estoril Praia** in Grupo Desportivo Estoril Praia vs Rio Ave Futebol Clube: Numbers: 0 and 11.
[2771380] Failed to build match row: Футбольный клуб "Локомотив" Москва vs RFK Akhmat Grozny
[2642871] Could not find attributes for daniel hylton (Oxford United, 2015)
[2872363] Failed to build match row: Stoke City vs Watford FC
[3136618] Failed to scrape lineup: https://www.transfermarkt.co.uk/spielbericht/index/spielbericht/3136618
[2459877] Could not find attributes for wiljan pluim (Willem II Tilburg, 2014)
[2642871] Failed to build match row: Oxford United vs Forest Green Rovers
[2883739] Failed to build match row: Grupo Desportivo Estoril Praia vs Rio Ave Futebol Clube
[2459877] Failed to build match row: Willem II Tilburg vs ADO Den Haag
[2482359] Could not find attributes for rod fanni (Olympique de Marseille, 2014)
[2503717] Could not find attributes for boban bajkovic (Lierse SK (- 2018), 2014)
[2700724] Failed to scrape lineup: https://www.transfermarkt.co.uk/ado-den-haag_az-alkmaar/index/spielbericht/2700724
[2722629] Could not find attributes for badou ndiaye (Ankaraspor, 2016)
[2482359] Failed to build match row: AS Saint-Étienne vs Olympique de Marseille
[2917447] Failed to scrape lineup: https://www.transfermarkt.co.uk/spielbericht/index/spielbericht/2917447
[2503717] Failed to build match row: Lierse SK (- 2018) vs Sportvereniging Zulte Waregem
[2722629] Failed to build match row: İstanbul Başakşehir Futbol Kulübü vs Ankaraspor
[2335254] Could not find attributes for vladimir khozin (Ural Yekaterinburg, 2013)
[2335254] Failed to build match row: Ural Yekaterinburg vs RFK Akhmat Grozny
[2322026] Could not find attributes for marko kordic (Fudbalski Klub Vojvodina, 2013)
[2322026] Failed to build match row: Fudbalski Klub Vojvodina vs Hibernians FC
[3077548] Could not find attributes for tommaso cucchietti (US Alessandria Calcio 1912, 2018)
[3077548] Failed to build match row: US Alessandria Calcio 1912 vs AS Giana Erminio
[3208709] Could not find attributes for roberto soldado (Granada CF, 2019)
[3208709] Failed to build match row: Real Madrid Club de Fútbol vs Granada CF
[3055462] Could not find attributes for adam pedersen (Odense KS, 2018)
[3055462] Failed to build match row: Odense KS vs Boldklubben Marienlyst
[3252854] Could not find attributes for mike van vliet (VV Noordwijk, 2019)
[3252854] Failed to build match row: VV Noordwijk vs Rijnsburgse Boys

Keepers & outfield error for **CF Os Belenenses** in Vitória Sport Clube vs CF Os Belenenses: Numbers: 3 and 8.
[2524758] Failed to build match row: Vitória Sport Clube vs CF Os Belenenses
[2609721] Could not find attributes for thibault giresse (EA Guingamp, 2015)
[2609721] Failed to build match row: EA Guingamp vs FC Girondins Bordeaux
[2346346] Could not find attributes for oguz daglaroglu (Akhisarspor, 2013)
[2346346] Failed to build match row: Akhisarspor vs Kayserispor Kulübü
[2620161] Could not find attributes for anders randrup (FC Vestsjaelland, 2015)
[2620161] Failed to build match row: FC Vestsjaelland vs Football Club København
[2459878] Could not find attributes for jeremiah st juste (Sportclub Heerenveen, 2014)

Keepers & outfield error for **Espanol** in Málaga CF vs Espanol: Numbers: 2 and 9.
[2341278] Failed to build match row: Málaga CF vs Espanol
[2459878] Failed to build match row: Go Ahead Eagles vs Sportclub Heerenveen
[3229439] Could not find attributes for andrea papetti (Brescia Calcio, 2019)
Not enough players found for lineup: 0, 11.
[3229439] Failed to build match row: Brescia Calcio vs Genoa Cricket and Football Club
[3291987] Could not find attributes for zeca (Football Club København, 2019)
[2746858] Failed to scrape lineup: https://www.transfermarkt.co.uk/spielbericht/index/spielbericht/2746858
[3291987] Failed to build match row: Football Club København vs The Celtic Football Club
[2335255] Could not find attributes for oleksandr aliev (Anzhi Makhachkala ( -2022), 2013)

Keepers & outfield error for **Clube Desportivo Santa Clara** in Clube Desportivo Santa Clara vs Clube Desportivo de Tondela: Numbers: 2 and 9.
[2335255] Failed to build match row: Anzhi Makhachkala ( -2022) vs PFK CSKA Moskva
[3069528] Failed to build match row: Clube Desportivo Santa Clara vs Clube Desportivo de Tondela
[2609722] Could not find attributes for johan martial (ESTAC Troyes, 2015)

Keepers & outfield error for **Liverpool Football Club** in Wolverhampton Wanderers Football Club vs Liverpool Football Club: Numbers: 2 and 9.
[2360889] Could not find attributes for florin gardos (SC Fotbal Club FCSB SA, 2013)
[2492368] Could not find attributes for Dodô (Football Club Internazionale Milano S.p.A., 2014)
[3136619] Failed to build match row: Wolverhampton Wanderers Football Club vs Liverpool Football Club
[2609722] Failed to build match row: GFC Ajaccio vs ESTAC Troyes
[2360889] Failed to build match row: SC Fotbal Club FCSB SA vs Legia Warszawa Spółka Akcyjna
[2492368] Failed to build match row: Football Club Internazionale Milano S.p.A. vs Dnipro Dnipropetrovsk (-2020)
[3081347] Could not find attributes for grigoris kastanos (Juventus Football Club, 2018)
[2716695] Could not find attributes for yannis salibur (EA Guingamp, 2016)
[2722630] Could not find attributes for tomas sivok (Bursaspor, 2016)

Keepers & outfield error for **Sporting Clube de Braga** in Sporting Clube de Braga vs Vitória Setúbal FC: Numbers: 0 and 11.
[2716695] Failed to build match row: Football Club Lorient-Bretagne Sud vs EA Guingamp
[3081347] Failed to build match row: SPAL vs Juventus Football Club

Keepers & outfield error for **Real Sociedad de Fútbol S.A.D.** in Real Sociedad de Fútbol S.A.D. vs Getafe Club de Fútbol S. A. D. Team Dubai: Numbers: 2 and 9.
[2722630] Failed to build match row: Bursaspor vs Kasımpaşa A.Ş.
[3211845] Failed to build match row: Sporting Clube de Braga vs Vitória Setúbal FC
[2771381] Could not find attributes for joaozinho (FK Krasnodar, 2016)
[2771381] Failed to build match row: FK Krasnodar vs PFK Krylya Sovetov Samara
[3208710] Failed to build match row: Real Sociedad de Fútbol S.A.D. vs Getafe Club de Fútbol S. A. D. Team Dubai
[2346347] Could not find attributes for gokhan degirmenci (Kayseri Erciyesspor, 2013)
[2603987] Failed to build match row: Chievo Verona vs Società Sportiva Lazio S.p.A.
[2346347] Failed to build match row: Kayseri Erciyesspor vs Trabzonspor Kulübü
[2482360] Could not find attributes for ferjani sassi (Football Club de Metz, 2014)
[2341279] Could not find attributes for miguel angel corona (UD Almería, 2013)
[2482360] Failed to build match row: Stade Reims vs Football Club de Metz
[2341279] Failed to build match row: UD Almería vs Valencia Club de Fútbol S. A. D.
[2470065] Could not find attributes for irfan can kahveci (Gençlerbirliği Spor Kulübü, 2014)
[2470065] Failed to build match row: Gençlerbirliği Spor Kulübü vs Galatasaray Spor Kulübü
[3229440] Could not find attributes for georgios kyriakopoulos (Unione Sportiva Sassuolo Calcio, 2019)

Keepers & outfield error for **Aberdeen Football Club** in Ross County FC vs Aberdeen Football Club: Numbers: 0 and 11.
[3229440] Failed to build match row: Unione Sportiva Sassuolo Calcio vs Verona Hellas Football Club
[3394872] Failed to build match row: Ross County FC vs Aberdeen Football Club
[2322028] Could not find attributes for ratko dujkovic (HSK Zrinjski Mostar, 2013)
[3252855] Could not find attributes for lennart quaden (RKSV Groene Ster, 2019)
[2322028] Failed to build match row: HSK Zrinjski Mostar vs UE Santa Coloma
[3252855] Failed to build match row: RKSV Groene Ster vs VV Kloetinge
[3077549] Could not find attributes for francesco agnello (UC AlbinoLeffe, 2018)
[3077549] Failed to build match row: UC AlbinoLeffe vs Pordenone Calcio
[2346348] Could not find attributes for zydrunas karcemarskas (Gaziantepspor (- 2020), 2013)
[2346348] Failed to build match row: Gaziantepspor (- 2020) vs Gençlerbirliği Spor Kulübü

Keepers & outfield error for **Verona Hellas Football Club** in Genoa Cricket and Football Club vs Verona Hellas Football Club: Numbers: 0 and 11.
[2603988] Failed to build match row: Genoa Cricket and Football Club vs Verona Hellas Football Club
[2503718] Failed to scrape lineup: https://www.transfermarkt.co.uk/kvrs-waasland-sk-beveren_cercle-brugge/index/spielbericht/2503718
Not enough players found for lineup: 0, 11.

Keepers & outfield error for **Association sportive de Monaco Football Club** in Olympique Gymnaste Club Nice Côte d'Azur vs Association sportive de Monaco Football Club: Numbers: 2 and 9.
[2482361] Failed to build match row: Olympique Gymnaste Club Nice Côte d'Azur vs Association sportive de Monaco Football Club
[2746860] Failed to scrape lineup: https://www.transfermarkt.co.uk/spielbericht/index/spielbericht/2746860
[2883741] Could not find attributes for zizo (Moreirense Futebol Clube, 2017)
[2883741] Failed to build match row: Moreirense Futebol Clube vs Portimonense SC
[2722631] Could not find attributes for frantisek rajtoral (Gaziantepspor (- 2020), 2016)
[2722631] Failed to build match row: Fenerbahçe Spor Kulübü vs Gaziantepspor (- 2020)
lub vs UC Sampdoria: Numbers: 0 and 11.
[2478722] Failed to build match row: Verona Hellas Football Club vs UC Sampdoria
[2864911] Failed to scrape lineup: https://www.transfermarkt.co.uk/vitesse-arnhem_nac-breda/index/spielbericht/2864911
[2382238] Could not find attributes for javi soria (Racing Santander, 2013)
[2382238] Failed to build match row: Racing Santander vs Sevilla Fútbol Club S.A.D.
[2322029] Could not find attributes for andrei muresan (Astra Giurgiu (- 2024), 2013)
[2322029] Failed to build match row: Astra Giurgiu (- 2024) vs NK Domzale
[3199516] Failed to scrape lineup: https://www.transfermarkt.co.uk/fc-toulouse_as-monaco/index/spielbericht/3199516
[3055463] Could not find attributes for honore kalala (Vejgaard B, 2018)
[3055463] Failed to build match row: Vejgaard B vs Aarhus Fremad
[2470066] Could not find attributes for fatih ciplak (Sivasspor, 2014)
[2470066] Failed to build match row: Sivasspor vs Kardemir Karabükspor
[3098734] Could not find attributes for gerzino nyamsi (Rennes, 2018)
[3098734] Failed to build match row: Futbolniy Klub Dynamo Kyiv vs Rennes
[2360890] Could not find attributes for alexandre barthe (Ludogorets Razgrad, 2013)
[2360890] Failed to build match row: Ludogorets Razgrad vs FC Basel 1893 AG
[2609724] Could not find attributes for alban lafont (Toulouse Football Club, 2015)
[2609724] Failed to build match row: Montpellier HSC vs Toulouse Football Club
[3077550] Could not find attributes for nicola bizzotto (LR Vicenza, 2018)
[2620164] Failed to scrape lineup: https://www.transfermarkt.co.uk/spielbericht/index/spielbericht/2620164
[3077550] Failed to build match row: LR Vicenza vs ASD Chieri Calcio
[2478723] Could not find attributes for dodo (Football Club Internazionale Milano S.p.A., 2014)
[2891580] Could not find attributes for themistoklis tzimopoulos (PAS Giannina, 2017)
[2771383] Could not find attributes for aleksandr sobolev (Tom Tomsk, 2016)
[2891580] Failed to build match row: PAS Giannina vs Panathinaikos Athlitikos Omilos
[2478723] Failed to build match row: Football Club Internazionale Milano S.p.A. vs Udinese Calcio
[2771383] Failed to build match row: FK Ufa vs Tom Tomsk
[2482362] Could not find attributes for thibault giresse (EA Guingamp, 2014)
[2883742] Could not find attributes for ponck (Desportivo Aves (- 2020), 2017)
[2722632] Could not find attributes for davide petrucci (Çaykur Rizespor Kulübü, 2016)
[2482362] Failed to build match row: EA Guingamp vs Montpellier HSC
[2883742] Failed to build match row: Vitória Setúbal FC vs Desportivo Aves (- 2020)
[2722632] Failed to build match row: Kayserispor Kulübü vs Çaykur Rizespor Kulübü
[2459880] Could not find attributes for brahim darri (Heracles Almelo, 2014)
[2459880] Failed to build match row: Eindhovense Voetbalvereniging Philips Sport Vereniging vs Heracles Almelo
[3069529] Failed to scrape lineup: https://www.transfermarkt.co.uk/sporting-cp_b-sad/index/spielbericht/3069529
[2716697] Could not find attributes for stephane sessegnon (Montpellier HSC, 2016)
[2716697] Failed to build match row: Montpellier HSC vs Dijon FCO
[3229442] Could not find attributes for giulio donati (Unione Sportiva Lecce, 2019)
[3229442] Failed to build match row: Juventus Football Club vs Unione Sportiva Lecce
[2578039] Could not find attributes for jonathan howson (Norwich City, 2015)
[2578039] Failed to build match row: Norwich City vs Arsenal Football Club
[2609725] Could not find attributes for paul baysse (Olympique Gymnaste Club Nice Côte d'Azur, 2015)
[3208712] Could not find attributes for diego costa (Club Atlético de Madrid S.A.D., 2019)
[2609725] Failed to build match row: Olympique Gymnaste Club Nice Côte d'Azur vs Olympique de Marseille
[3098735] Could not find attributes for matvey safonov (FK Krasnodar, 2018)
[3208712] Failed to build match row: Real Valladolid CF vs Club Atlético de Madrid S.A.D.

Keepers & outfield error for **Aberdeen Football Club** in Aberdeen Football Club vs Saint Mirren Football Club: Numbers: 0 and 11.
[3098735] Failed to build match row: FK Krasnodar vs Royal Standard Club de Liège
[3222974] Could not find attributes for tomislav barbaric (HSK Zrinjski Mostar, 2019)
[3394874] Failed to build match row: Aberdeen Football Club vs Saint Mirren Football Club
[3222974] Failed to build match row: Football Club Utrecht vs HSK Zrinjski Mostar
[3291988] Could not find attributes for georgios merkis (APOEL Nicosia, 2019)
[3081350] Could not find attributes for merih demiral (Unione Sportiva Sassuolo Calcio, 2018)
[3291988] Failed to build match row: APOEL Nicosia vs FC Basel 1893 AG
[3081350] Failed to build match row: Unione Sportiva Sassuolo Calcio vs Parma Calcio 1913

Keepers & outfield error for **Portimonense SC** in Portimonense SC vs Sport Lisboa e Benfica: Numbers: 0 and 11.

Keepers & outfield error for **RasenBallsport Leipzig** in RasenBallsport Leipzig vs Beşiktaş Jimnastik Kulübü: Numbers: 0 and 11.
[2728500] Failed to scrape lineup: https://www.transfermarkt.co.uk/partick-thistle-fc-_st-johnstone-fc/index/spielbericht/2728500
[2700726] Failed to scrape lineup: https://www.transfermarkt.co.uk/ado-den-haag_willem-ii-tilburg/index/spielbericht/2700726
[2917449] Failed to build match row: RasenBallsport Leipzig vs Beşiktaş Jimnastik Kulübü
[3069530] Failed to build match row: Portimonense SC vs Sport Lisboa e Benfica
 2017)
[2891581] Failed to build match row: Panthessalonikios Athlitikos Omilos Konstantinoupoliton vs Athlitiki Enosi Larisas
[2697617] Could not find attributes for kim ojo (Lyngby Boldklub, 2016)

Keepers & outfield error for **Getafe Club de Fútbol S. A. D. Team Dubai** in Futbol Club Barcelona vs Getafe Club de Fútbol S. A. D. Team Dubai: Numbers: 0 and 11.

Keepers & outfield error for **Royal Sporting Club Anderlecht** in Royal Sporting Club Anderlecht vs Koninklijke Racing Club Genk: Numbers: 0 and 11.
[2697617] Failed to build match row: Lyngby Boldklub vs Randers Fodbold Club
[2503720] Failed to build match row: Royal Sporting Club Anderlecht vs Koninklijke Racing Club Genk
[2899779] Failed to build match row: Futbol Club Barcelona vs Getafe Club de Fútbol S. A. D. Team Dubai

Keepers & outfield error for **Gil Vicente Futebol Clube** in Boavista FC vs Gil Vicente Futebol Clube: Numbers: 0 and 11.
[3211848] Failed to build match row: Boavista FC vs Gil Vicente Futebol Clube
[2470067] Could not find attributes for emre tasdemir (Bursaspor, 2014)
[2470067] Failed to build match row: Bursaspor vs Akhisarspor
[2346349] Failed to scrape lineup: https://www.transfermarkt.co.uk/bursaspor_elazigspor/index/spielbericht/2346349
[2609726] Could not find attributes for saidi ntibazonkiza (SM Caen, 2015)
[2771385] Could not find attributes for mikhail levashov (Arsenal Tula, 2016)
[2609726] Failed to build match row: Olympique Lyonnais vs SM Caen
[2335256] Could not find attributes for aleksey nikitin (Amkar Perm, 2013)
[2771385] Failed to build match row: Arsenal Tula vs Anzhi Makhachkala ( -2022)
[2335256] Failed to build match row: FK Rostov vs Amkar Perm

Keepers & outfield error for **Olympique Lyonnais** in Nîmes Olympique vs Olympique Lyonnais: Numbers: 2 and 9.
[3199518] Failed to build match row: Nîmes Olympique vs Olympique Lyonnais
[2322030] Could not find attributes for armen khachatryan (MIKA Ashtarak, 2013)
[2722633] Could not find attributes for kenneth omeruo (Alanyaspor, 2016)
[2322030] Failed to build match row: MIKA Ashtarak vs Rudar Pljevlja
[2722633] Failed to build match row: Adanaspor vs Alanyaspor
[2864912] Failed to scrape lineup: https://www.transfermarkt.co.uk/pec-zwolle_roda-jc-kerkrade/index/spielbericht/2864912
[2872366] Failed to scrape lineup: https://www.transfermarkt.co.uk/arsenal-fc_everton-fc/index/spielbericht/2872366
[2746863] Could not find attributes for kasper antonsen (Fredensborg BI, 2016)
[2746863] Failed to build match row: Fredensborg BI vs FC Helsingör
[3069531] Could not find attributes for jota (Clube Desportivo Nacional, 2018)
[3069531] Failed to build match row: Clube Desportivo Nacional vs Vitória Sport Clube
[2883744] Could not find attributes for heldon (Vitória Sport Clube, 2017)
[2883744] Failed to build match row: Vitória Sport Clube vs Sport Lisboa e Benfica
[2697618] Failed to scrape lineup: https://www.transfermarkt.co.uk/aarhus-gf_esbjerg-fb/index/spielbericht/2697618
[2700727] Could not find attributes for bersant celina (Football Club Twente, 2016)
[2700727] Failed to build match row: Eindhovense Voetbalvereniging Philips Sport Vereniging vs Football Club Twente
[2503721] Could not find attributes for boubacar copa (KSC Lokeren (- 2020), 2014)
[2503721] Failed to build match row: KSC Lokeren (- 2020) vs KV Oostende
[3055468] Could not find attributes for jacob mikkelsen (Dalum IF, 2018)
[3055468] Failed to build match row: Dalum IF vs Odder IGF
[2470068] Could not find attributes for tita (Mersin Talimyurdu SK, 2014)
[2728501] Could not find attributes for tom hateley (Dundee Football Club, 2016)
[2470068] Failed to build match row: Mersin Talimyurdu SK vs Gençlerbirliği Spor Kulübü
[2728501] Failed to build match row: Dundee Football Club vs Aberdeen Football Club
[2346350] Could not find attributes for atiba hutchinson (Beşiktaş Jimnastik Kulübü, 2013)
[2346350] Failed to build match row: Beşiktaş Jimnastik Kulübü vs Fenerbahçe Spor Kulübü
Not enough players found for lineup: 0, 11.
[2891582] Could not find attributes for moise adilehou (APO Levadiakos Football Club, 2017)
[2382241] Failed to scrape lineup: https://www.transfermarkt.co.uk/spielbericht/index/spielbericht/2382241
[2891582] Failed to build match row: APO Levadiakos Football Club vs Panetolikos Agrinio

Keepers & outfield error for **West Ham United Football Club** in Brighton and Hove Albion Football Club vs West Ham United Football Club: Numbers: 0 and 11.
[2872367] Failed to build match row: Brighton and Hove Albion Football Club vs West Ham United Football Club
[2620165] Failed to scrape lineup: https://www.transfermarkt.co.uk/spielbericht/index/spielbericht/2620165
[3252856] Could not find attributes for jamil kools (Achilles Veen, 2019)
[3252856] Failed to build match row: Achilles Veen vs HHC Hardenberg
[2722634] Could not find attributes for jan durica (Trabzonspor Kulübü, 2016)
[2722634] Failed to build match row: Trabzonspor Kulübü vs Konyaspor
[2322031] Could not find attributes for Gunnleifur Vignir Gunnleifsson (Breidablik Kópavogur, 2013)
[2322031] Failed to build match row: Breidablik Kópavogur vs FC Santa Coloma
[2335257] Could not find attributes for martin jiranek (Tom Tomsk, 2013)
[2335257] Failed to build match row: Volga Nizhniy Novgorod (- 2016) vs Tom Tomsk
[2581993] Could not find attributes for fynn arkenberg (Hannover 96, 2015)

Keepers & outfield error for **Elche Club de Fútbol S.A.D.** in Sevilla Fútbol Club S.A.D. vs Elche Club de Fútbol S.A.D.: Numbers: 0 and 11.
[2581993] Failed to build match row: Hannover 96 vs Turn- und Sportgemeinschaft 1899 Hoffenheim Fußball-Spielbetriebs
[2341283] Failed to build match row: Sevilla Fútbol Club S.A.D. vs Elche Club de Fútbol S.A.D.
[2331091] Failed to scrape lineup: https://www.transfermarkt.co.uk/fc-lorient_fc-toulouse/index/spielbericht/2331091
[3136622] Failed to scrape lineup: https://www.transfermarkt.co.uk/spielbericht/index/spielbericht/3136622
[3069532] Could not find attributes for fabio coentrao (Rio Ave Futebol Clube, 2018)
[3069532] Failed to build match row: Rio Ave Futebol Clube vs Moreirense Futebol Clube
[2609728] Could not find attributes for antoine devaux (Stade Reims, 2015)
[2609728] Failed to build match row: Stade Reims vs SC Bastia
[3222975] Could not find attributes for armen manucharyan (FC Pyunik Yerevan, 2019)
[3222975] Failed to build match row: FC Pyunik Yerevan vs FK Jablonec a.s.
[2891583] Could not find attributes for georgios athanasiadis (A.G.S Asteras Tripolis, 2017)
[2891583] Failed to build match row: A.G.S Asteras Tripolis vs APS Atromitos Athinon
[2716699] Could not find attributes for rod fanni (Olympique de Marseille, 2016)
[2716699] Failed to build match row: Olympique de Marseille vs Association sportive de Monaco Football Club
[3077599] Could not find attributes for raffaele alcibiade (FC Pro Vercelli 1892, 2018)
[3208715] Could not find attributes for diego costa (Club Atlético de Madrid S.A.D., 2019)
[2470069] Could not find attributes for jose sosa (Beşiktaş Jimnastik Kulübü, 2014)
[2360891] Could not find attributes for matus kozacik (FC Viktoria Plzeň, a.s., 2013)
[3208715] Failed to build match row: Club Atlético de Madrid S.A.D. vs Valencia Club de Fútbol S. A. D.
[3077599] Failed to build match row: Brescia Calcio vs FC Pro Vercelli 1892
[2360891] Failed to build match row: FC Viktoria Plzeň, a.s. vs NK Maribor
[2470069] Failed to build match row: Beşiktaş Jimnastik Kulübü vs Galatasaray Spor Kulübü
[2746867] Could not find attributes for mads ibenfeldt (Nyköbing FC, 2016)
[2746867] Failed to build match row: Nyköbing FC vs Naestved Boldklub

Keepers & outfield error for **Royal Sporting Club Anderlecht** in Yellow-Red Koninklijke Voetbalclub Mechelen vs Royal Sporting Club Anderlecht: Numbers: 0 and 11.
[2899780] Failed to scrape lineup: https://www.transfermarkt.co.uk/cd-leganes_ud-las-palmas/index/spielbericht/2899780
[3047556] Could not find attributes for nemanja radonjic (Olympique de Marseille, 2018)
[2503722] Failed to build match row: Yellow-Red Koninklijke Voetbalclub Mechelen vs Royal Sporting Club Anderlecht
[3047556] Failed to build match row: Olympique Gymnaste Club Nice Côte d'Azur vs Olympique de Marseille

Keepers & outfield error for **Espanol** in Futbol Club Barcelona vs Espanol: Numbers: 2 and 9.
[2771901] Could not find attributes for rohan ferguson (Airdrieonians FC, 2016)
[2771901] Failed to build match row: Airdrieonians FC vs Livingston Football Club
[2341284] Failed to build match row: Futbol Club Barcelona vs Espanol
[3211849] Failed to scrape lineup: https://www.transfermarkt.co.uk/desportivo-aves-2020-_fc-pacos-de-ferreira/index/spielbericht/3211849
[3069533] Could not find attributes for fabio sturgeon (CD Feirense, 2018)
[3199519] Failed to scrape lineup: https://www.transfermarkt.co.uk/ogc-nice_fc-metz/index/spielbericht/3199519
[3069533] Failed to build match row: GD Chaves vs CD Feirense
[2331092] Could not find attributes for theo pellenard (FC Girondins Bordeaux, 2013)
[2331092] Failed to build match row: FC Girondins Bordeaux vs Thonon Évian Grand Genève FC
[3098738] Could not find attributes for caner erkin (Beşiktaş Jimnastik Kulübü, 2018)
[3098738] Failed to build match row: Koninklijke Racing Club Genk vs Beşiktaş Jimnastik Kulübü
[3252857] Could not find attributes for ardi luijendijk (FC 's-Gravenzande, 2019)

Keepers & outfield error for **SD Eibar** in SD Eibar vs Futbol Club Barcelona: Numbers: 3 and 8.
[3208716] Failed to build match row: SD Eibar vs Futbol Club Barcelona
[3252857] Failed to build match row: FC 's-Gravenzande vs VV SteDoCo
[2883745] Failed to scrape lineup: https://www.transfermarkt.co.uk/cd-tondela_boavista-fc/index/spielbericht/2883745

Keepers & outfield error for **Boavista FC** in Vitória Setúbal FC vs Boavista FC: Numbers: 2 and 9.
[2700728] Failed to scrape lineup: https://www.transfermarkt.co.uk/nec-nijmegen_fc-groningen/index/spielbericht/2700728
[2524759] Failed to build match row: Vitória Setúbal FC vs Boavista FC
[2722635] Could not find attributes for abdul rahman khalili (Gençlerbirliği Spor Kulübü, 2016)
[2891584] Could not find attributes for dimitrios nikolaou (Olympiakos Syndesmos Filathlon Peiraios, 2017)
[3055471] Could not find attributes for anders vestergaard larsen (Ringköbing IF, 2018)
[2942891] Failed to scrape lineup: https://www.transfermarkt.co.uk/estac-troyes_sm-caen/index/spielbericht/2942891
[2335259] Could not find attributes for mario fernandes (PFK CSKA Moskva, 2013)
[3077600] Could not find attributes for elia benedettini (Novara Calcio 1908, 2018)
[2891584] Failed to build match row: Olympiakos Syndesmos Filathlon Peiraios vs Panionios Athens
[2335259] Failed to build match row: PFK CSKA Moskva vs Volga Nizhniy Novgorod (- 2016)
[2722635] Failed to build match row: Gençlerbirliği Spor Kulübü vs Kardemir Karabükspor
[3077600] Failed to build match row: AC Perugia Calcio vs Novara Calcio 1908
[3055471] Failed to build match row: Ringköbing IF vs Skive IK
[2346351] Could not find attributes for boy waterman (Kardemir Karabükspor, 2013)

Keepers & outfield error for **Chievo Verona** in Società Sportiva Lazio S.p.A. vs Chievo Verona: Numbers: 0 and 11.

Keepers & outfield error for **Lyngby Boldklub** in Odense Boldklub vs Lyngby Boldklub: Numbers: 2 and 9.
[2346351] Failed to build match row: Kardemir Karabükspor vs Eskisehirspor
Not enough players found for lineup: 0, 11.
[3081353] Failed to build match row: Società Sportiva Lazio S.p.A. vs Chievo Verona
[2590623] Failed to scrape lineup: https://www.transfermarkt.co.uk/caykur-rizespor_bursaspor/index/spielbericht/2590623

Keepers & outfield error for **Rayo Vallecano de Madrid S. A. D.** in Rayo Vallecano de Madrid S. A. D. vs Club Atlético Osasuna: Numbers: 0 and 11.
[2746869] Failed to scrape lineup: https://www.transfermarkt.co.uk/spielbericht/index/spielbericht/2746869

Keepers & outfield error for **Valencia Club de Fútbol S. A. D.** in Valencia Club de Fútbol S. A. D. vs Real Sociedad de Fútbol S.A.D.: Numbers: 0 and 11.
[2697620] Failed to build match row: Odense Boldklub vs Lyngby Boldklub
[2341285] Failed to build match row: Rayo Vallecano de Madrid S. A. D. vs Club Atlético Osasuna
[2899781] Failed to build match row: Valencia Club de Fútbol S. A. D. vs Real Sociedad de Fútbol S.A.D.
[2322032] Failed to scrape lineup: https://www.transfermarkt.co.uk/spielbericht/index/spielbericht/2322032
[3208717] Could not find attributes for moi gomez (Villarreal Club de Fútbol S.A.D., 2019)
[2470070] Could not find attributes for marcio mossoro (İstanbul Başakşehir Futbol Kulübü, 2014)

Keepers & outfield error for **Manchester United Football Club** in Club Brugge Koninklijke Voetbalvereniging vs Manchester United Football Club: Numbers: 0 and 11.
[3222977] Could not find attributes for roland juhasz (Videoton FC, 2019)
[2470070] Failed to build match row: Fenerbahçe Spor Kulübü vs İstanbul Başakşehir Futbol Kulübü
[3208717] Failed to build match row: Espanol vs Villarreal Club de Fútbol S.A.D.
[2917452] Could not find attributes for praxitelis vouros (APOEL Nicosia, 2017)
[3222977] Failed to build match row: Videoton FC vs FC Vaduz
[3291992] Failed to build match row: Club Brugge Koninklijke Voetbalvereniging vs Manchester United Football Club
[2917452] Failed to build match row: Tottenham Hotspur Football Club vs APOEL Nicosia

Keepers & outfield error for **B SAD** in Rio Ave Futebol Clube vs B SAD: Numbers: 0 and 11.
[3211850] Failed to build match row: Rio Ave Futebol Clube vs B SAD
[2331093] Could not find attributes for benoit tremoulinas (AS Saint-Étienne, 2013)
[2492369] Could not find attributes for rashad sadyqov (Qarabağ FK, 2014)
[2331093] Failed to build match row: AS Saint-Étienne vs Olympique de Marseille
[2492369] Failed to build match row: AS Saint-Étienne vs Qarabağ FK
[2716701] Could not find attributes for mehdi tahrat (Angers Sporting Club de l'Ouest, 2016)
[2716701] Failed to build match row: Angers Sporting Club de l'Ouest vs FC Girondins Bordeaux
[2346352] Could not find attributes for sereno (Kayserispor Kulübü, 2013)
[2346352] Failed to build match row: Kayserispor Kulübü vs Kardemir Karabükspor
[2891585] Could not find attributes for mladen bozovic (Athlitiki Enosi Larisas, 2017)

Keepers & outfield error for **Celta** in Celta vs Athletic Club Bilbao: Numbers: 2 and 9.
[2891585] Failed to build match row: Athlitiki Enosi Larisas vs AO Platanias
[2382243] Failed to build match row: Celta vs Athletic Club Bilbao

Keepers & outfield error for **FC Paços de Ferreira** in FC Paços de Ferreira vs AO FK Zenit Sankt-Peterburg: Numbers: 2 and 9.
[3229445] Could not find attributes for andrea carboni (Cagliari Calcio, 2019)
[2360894] Failed to build match row: FC Paços de Ferreira vs AO FK Zenit Sankt-Peterburg
[3229445] Failed to build match row: Cagliari Calcio vs Torino Calcio
Not enough players found for lineup: 0, 11.
[3055472] Failed to scrape lineup: https://www.transfermarkt.co.uk/spielbericht/index/spielbericht/3055472

Keepers & outfield error for **Futebol Clube do Porto** in Rio Ave Futebol Clube vs Futebol Clube do Porto: Numbers: 3 and 8.
[2335260] Could not find attributes for jeremy bokila (RFK Akhmat Grozny, 2013)

Keepers & outfield error for **Sporting Clube de Portugal** in Sporting Clube de Portugal vs Sporting Clube de Braga: Numbers: 0 and 11.
[3069535] Could not find attributes for ponck (Desportivo Aves (- 2020), 2018)
[2335260] Failed to build match row: PFK Krylya Sovetov Samara vs RFK Akhmat Grozny
[2524760] Failed to build match row: Rio Ave Futebol Clube vs Futebol Clube do Porto
[2883746] Failed to build match row: Sporting Clube de Portugal vs Sporting Clube de Braga
[3069535] Failed to build match row: Desportivo Aves (- 2020) vs Futebol Clube do Porto
[3098739] Could not find attributes for anastasios kissas (Apollon Limassol, 2018)
[2478727] Failed to scrape lineup: https://www.transfermarkt.co.uk/torino-fc_us-palermo/index/spielbericht/2478727
[2864915] Failed to scrape lineup: https://www.transfermarkt.co.uk/fc-groningen_sc-heerenveen/index/spielbericht/2864915

Keepers & outfield error for **Desportivo Aves (- 2020)** in Desportivo Aves (- 2020) vs Clube Desportivo Santa Clara: Numbers: 2 and 9.
[3098739] Failed to build match row: Apollon Limassol vs Eintracht Frankfurt Fußball AG
[3077603] Failed to build match row: Desportivo Aves (- 2020) vs Clube Desportivo Santa Clara
Not enough players found for lineup: 0, 0.
[2746871] Failed to scrape lineup: https://www.transfermarkt.co.uk/spielbericht/index/spielbericht/2746871

Keepers & outfield error for **CS Marítimo** in CS Marítimo vs Sporting Clube de Braga: Numbers: 3 and 8.
[3211851] Failed to build match row: CS Marítimo vs Sporting Clube de Braga
[2322033] Could not find attributes for giorgi lomaia (FK Inter Baku, 2013)
[2322033] Failed to build match row: FK Inter Baku vs IFK Mariehamn
[3394877] Could not find attributes for devante cole (Motherwell Football Club, 2020)
[2590625] Could not find attributes for djakaridja kone (Sivasspor, 2015)
[3394877] Failed to build match row: Kilmarnock Football Club vs Motherwell Football Club
[2492370] Could not find attributes for rashad sadyqov (Qarabağ FK, 2014)
[2590625] Failed to build match row: Sivasspor vs Mersin Talimyurdu SK
[2492370] Failed to build match row: Qarabağ FK vs Football Club Internazionale Milano S.p.A.

Keepers & outfield error for **Club Atlético Osasuna** in Club Atlético Osasuna vs Real Sociedad de Fútbol S.A.D.: Numbers: 0 and 11.
[2341287] Failed to build match row: Club Atlético Osasuna vs Real Sociedad de Fútbol S.A.D.
[2503725] Could not find attributes for boban bajkovic (Lierse SK (- 2018), 2014)
[2503725] Failed to build match row: Cercle Brugge Koninklijke Sportvereniging vs Lierse SK (- 2018)
[3291993] Could not find attributes for dragos grigore (Ludogorets Razgrad, 2019)
[3291993] Failed to build match row: Ludogorets Razgrad vs Football Club Internazionale Milano S.p.A.
[2346353] Could not find attributes for elvis kokalovic (Konyaspor, 2013)
[2346353] Failed to build match row: Konyaspor vs Akhisarspor

Keepers & outfield error for **Cesena FC** in Cesena FC vs Associazione Calcio Fiorentina: Numbers: 2 and 9.
[2478728] Failed to build match row: Cesena FC vs Associazione Calcio Fiorentina
[2335261] Could not find attributes for maicon bolt (Футбольный клуб "Локомотив" Москва, 2013)
[2459881] Could not find attributes for wout brama (Prins Hendrik Ende Desespereert Nimmer Combinatie Zwolle, 2014)
skva
[2459881] Failed to build match row: Football Club Groningen vs Prins Hendrik Ende Desespereert Nimmer Combinatie Zwolle
[2771902] Could not find attributes for scott mercer (East Fife FC, 2016)
[2771902] Failed to build match row: East Fife FC vs Edinburgh City FC
[3252858] Could not find attributes for sefa kurt (Excelsior Maassluis, 2019)

Keepers & outfield error for **Sporting Clube de Braga** in Sporting Clube de Braga vs CS Marítimo: Numbers: 0 and 11.
[3252858] Failed to build match row: Excelsior Maassluis vs Sportclub Heerenveen
[3069536] Failed to build match row: Sporting Clube de Braga vs CS Marítimo
[2918773] Could not find attributes for hamdi harbaoui (Royal Sporting Club Anderlecht, 2017)
[2918773] Failed to build match row: KV Kortrijk vs Royal Sporting Club Anderlecht
[2382244] Could not find attributes for kike alcazar (Olímpic Xàtiva, 2013)
[2382244] Failed to build match row: Olímpic Xàtiva vs Real Madrid Club de Fútbol
[2700729] Failed to scrape lineup: https://www.transfermarkt.co.uk/pec-zwolle_roda-jc-kerkrade/index/spielbericht/2700729
[2747352] Could not find attributes for ouasim bouy (Palermo FC, 2016)
[2747352] Failed to build match row: Palermo FC vs Spezia Calcio
[3211852] Could not find attributes for andraz sporar (Sporting Clube de Portugal, 2019)
[3211852] Failed to build match row: Futebol Clube de Famalicão vs Sporting Clube de Portugal

Keepers & outfield error for **Association sportive de Monaco Football Club** in SC Bastia vs Association sportive de Monaco Football Club: Numbers: 2 and 9.
[2331095] Failed to build match row: SC Bastia vs Association sportive de Monaco Football Club
[2643249] Failed to scrape lineup: https://www.transfermarkt.co.uk/spielbericht/index/spielbericht/2643249
[3047559] Could not find attributes for yannis salibur (AS Saint-Étienne, 2018)
[3047559] Failed to build match row: AS Saint-Étienne vs Rennes
[2728505] Could not find attributes for tom hateley (Dundee Football Club, 2016)
[2728505] Failed to build match row: Inverness Caledonian Thistle FC vs Dundee Football Club

Keepers & outfield error for **Levante Unión Deportiva S.A.D.** in Levante Unión Deportiva S.A.D. vs Athletic Club Bilbao: Numbers: 2 and 9.
[2341288] Failed to build match row: Levante Unión Deportiva S.A.D. vs Athletic Club Bilbao
[2478729] Failed to scrape lineup: https://www.transfermarkt.co.uk/chievo-verona_inter-milan/index/spielbericht/2478729
[2470071] Failed to scrape lineup: https://www.transfermarkt.co.uk/kayseri-erciyesspor_kasimpasa/index/spielbericht/2470071
[2578044] Failed to scrape lineup: https://www.transfermarkt.co.uk/tottenham-hotspur_chelsea-fc/index/spielbericht/2578044

Keepers & outfield error for **Alaves** in Real Madrid Club de Fútbol vs Alaves: Numbers: 2 and 9.
[2899783] Failed to build match row: Real Madrid Club de Fútbol vs Alaves
Not enough players found for lineup: 0, 11.
[3055475] Failed to scrape lineup: https://www.transfermarkt.co.uk/spielbericht/index/spielbericht/3055475
[2883747] Could not find attributes for ponck (Desportivo Aves (- 2020), 2017)
[2883747] Failed to build match row: Desportivo Aves (- 2020) vs Futebol Clube do Porto
[2700730] Failed to scrape lineup: https://www.transfermarkt.co.uk/fc-utrecht_excelsior-rotterdam/index/spielbericht/2700730
[2382245] Failed to scrape lineup: https://www.transfermarkt.co.uk/spielbericht/index/spielbericht/2382245
[3211853] Failed to scrape lineup: https://www.transfermarkt.co.uk/sl-benfica_moreirense-fc/index/spielbericht/3211853
[3252859] Failed to scrape lineup: https://www.transfermarkt.co.uk/spielbericht/index/spielbericht/3252859

Keepers & outfield error for **Vitória Setúbal FC** in Vitória Setúbal FC vs GD Chaves: Numbers: 2 and 9.
[3069537] Failed to build match row: Vitória Setúbal FC vs GD Chaves
[3229446] Could not find attributes for andrea papetti (Brescia Calcio, 2019)
[3229446] Failed to build match row: Football Club Internazionale Milano S.p.A. vs Brescia Calcio
[2716703] Could not find attributes for jeremy morel (Olympique Lyonnais, 2016)
[2716703] Failed to build match row: SM Caen vs Olympique Lyonnais
[3077604] Failed to scrape lineup: https://www.transfermarkt.co.uk/spielbericht/index/spielbericht/3077604
[3136624] Could not find attributes for aapo halme (Leeds United Association Football Club, 2018)
[3208719] Failed to scrape lineup: https://www.transfermarkt.co.uk/granada-cf_ca-osasuna/index/spielbericht/3208719
[3136624] Failed to build match row: Queens Park Rangers vs Leeds United Association Football Club
[2331096] Could not find attributes for kamil grosicki (Rennes, 2013)
[2470072] Could not find attributes for mustafa akbas (Trabzonspor Kulübü, 2014)
[2331096] Failed to build match row: Rennes vs Montpellier HSC
[2470072] Failed to build match row: Balikesirspor vs Trabzonspor Kulübü
[2478730] Could not find attributes for cesare bovo (Torino Calcio, 2014)
[2478730] Failed to build match row: FC Empoli vs Torino Calcio
[3291995] Could not find attributes for chiquinho (Sport Lisboa e Benfica, 2019)
[3291995] Failed to build match row: FC Shakhtar Donetsk vs Sport Lisboa e Benfica
[2722638] Could not find attributes for alban meha (Konyaspor, 2016)
[2722638] Failed to build match row: Konyaspor vs Adanaspor
[2918774] Could not find attributes for jakov filipovic (KSC Lokeren (- 2020), 2017)
[2918774] Failed to build match row: KSC Lokeren (- 2020) vs Royal Antwerp Football Club
[3222978] Could not find attributes for anar nazirov (FK Qabala, 2019)
[3222978] Failed to build match row: FK Qabala vs Dinamo Tbilisi
[2524761] Could not find attributes for frederic mendy (CF União Madeira (-2021), 2014)
[2524761] Failed to build match row: CF União Madeira (-2021) vs Sporting Clube de Braga
[2771903] Could not find attributes for ross stewart (Albion Rovers FC, 2016)
[2771903] Failed to build match row: Albion Rovers FC vs Queen of the South FC

Keepers & outfield error for **Deportivo de La Coruña** in Deportivo de La Coruña vs Espanol: Numbers: 2 and 9.
[2899784] Failed to build match row: Deportivo de La Coruña vs Espanol
[2492371] Could not find attributes for denys boyko (Dnipro Dnipropetrovsk (-2020), 2014)
[2492371] Failed to build match row: Dnipro Dnipropetrovsk (-2020) vs AS Saint-Étienne
[2644554] Could not find attributes for jean yves mvoto (Leyton Orient, 2015)
[2644554] Failed to build match row: Scunthorpe United vs Leyton Orient
Not enough players found for lineup: 0, 0.
[2382246] Failed to scrape lineup: https://www.transfermarkt.co.uk/spielbericht/index/spielbericht/2382246
[3098741] Could not find attributes for nikolay rasskazov (FK Spartak Moskva, 2018)
[3098741] Failed to build match row: FK Spartak Moskva vs Rangers Football Club

Keepers & outfield error for **CD Feirense** in CD Feirense vs Clube Desportivo Santa Clara: Numbers: 3 and 8.
[3069538] Failed to build match row: CD Feirense vs Clube Desportivo Santa Clara
[2459882] Could not find attributes for sai van wermeskerken (FC Dordrecht, 2014)
[3229447] Could not find attributes for andrea carboni (Cagliari Calcio, 2019)
[2459882] Failed to build match row: Football Club Twente vs FC Dordrecht
[2346354] Could not find attributes for caner osmanpasa (Trabzonspor Kulübü, 2013)
[2470073] Could not find attributes for kaan kanak (Eskisehirspor, 2014)
[3229447] Failed to build match row: Bologna Football Club 1909 vs Cagliari Calcio
[2346354] Failed to build match row: Trabzonspor Kulübü vs Gaziantepspor (- 2020)
[2470073] Failed to build match row: Eskisehirspor vs Gaziantepspor (- 2020)

Keepers & outfield error for **Real Club Deportivo Mallorca S.A.D.** in Real Club Deportivo Mallorca S.A.D. vs Real Madrid Club de Fútbol: Numbers: 2 and 9.
[3208720] Failed to build match row: Real Club Deportivo Mallorca S.A.D. vs Real Madrid Club de Fútbol
[2891586] Could not find attributes for ehsan hajsafi (Olympiakos Syndesmos Filathlon Peiraios, 2017)
[2891586] Failed to build match row: Olympiakos Syndesmos Filathlon Peiraios vs Panathinaikos Athlitikos Omilos
[2872373] Could not find attributes for etienne capoue (Watford FC, 2017)
[2872373] Failed to build match row: Watford FC vs Chelsea Football Club

Keepers & outfield error for **Athletic Club Bilbao** in Club Atlético de Madrid S.A.D. vs Athletic Club Bilbao: Numbers: 2 and 9.
[2899785] Failed to build match row: Club Atlético de Madrid S.A.D. vs Athletic Club Bilbao
[2591990] Could not find attributes for lovre kalinic (HNK Hajduk Split, 2015)
[2591990] Failed to build match row: HNK Hajduk Split vs FC Koper

Keepers & outfield error for **Olympique Lyonnais** in Angers Sporting Club de l'Ouest vs Olympique Lyonnais: Numbers: 2 and 9.
[3047562] Failed to build match row: Angers Sporting Club de l'Ouest vs Olympique Lyonnais
[2482366] Could not find attributes for rod fanni (Olympique de Marseille, 2014)
[2482366] Failed to build match row: Olympique de Marseille vs SM Caen
[3055478] Could not find attributes for casper vous (B1913 Odense, 2018)
[3055478] Failed to build match row: B1913 Odense vs Kolding IF
Not enough players found for lineup: 0, 11.
[2620166] Failed to scrape lineup: https://www.transfermarkt.co.uk/spielbericht/index/spielbericht/2620166
[2578046] Could not find attributes for erik pieters (Stoke City, 2015)
[2578046] Failed to build match row: Sunderland Association Football Club vs Stoke City

Keepers & outfield error for **UC Sampdoria** in Juventus Football Club vs UC Sampdoria: Numbers: 0 and 11.
[2478732] Failed to build match row: Juventus Football Club vs UC Sampdoria
Not enough players found for lineup: 0, 0.
[2382247] Failed to scrape lineup: https://www.transfermarkt.co.uk/spielbericht/index/spielbericht/2382247

Keepers & outfield error for **Futebol Clube do Porto** in Futebol Clube do Porto vs CF União Madeira (-2021): Numbers: 2 and 9.
[2524762] Failed to build match row: Futebol Clube do Porto vs CF União Madeira (-2021)
[3069539] Could not find attributes for jota (Clube Desportivo Nacional, 2018)
 2014)
[2459883] Failed to build match row: Sportclub Heerenveen vs Football Club Twente
[3069539] Failed to build match row: Futebol Clube do Porto vs Clube Desportivo Nacional
[3098742] Could not find attributes for daniele bonera (Villarreal Club de Fútbol S.A.D., 2018)
[2482367] Could not find attributes for ferjani sassi (Football Club de Metz, 2014)
[2942895] Failed to scrape lineup: https://www.transfermarkt.co.uk/losc-lille_fc-metz/index/spielbericht/2942895
[2482367] Failed to build match row: Football Club de Metz vs Thonon Évian Grand Genève FC
[3098742] Failed to build match row: Sportklub Rapid vs Villarreal Club de Fútbol S.A.D.
[2891587] Could not find attributes for matic kotnik (Panionios Athens, 2017)
[2891587] Failed to build match row: Panionios Athens vs A.G.S Asteras Tripolis
[2603996] Failed to scrape lineup: https://www.transfermarkt.co.uk/frosinone-calcio_as-roma/index/spielbericht/2603996
[2360896] Failed to scrape lineup: https://www.transfermarkt.co.uk/spielbericht/index/spielbericht/2360896
[2722639] Could not find attributes for frantisek rajtoral (Gaziantepspor (- 2020), 2016)
[2341290] Failed to scrape lineup: https://www.transfermarkt.co.uk/ca-osasuna_sevilla-fc/index/spielbericht/2341290
[2722639] Failed to build match row: Gaziantepspor (- 2020) vs Bursaspor
Not enough players found for lineup: 0, 11.
[3055479] Failed to scrape lineup: https://www.transfermarkt.co.uk/spielbericht/index/spielbericht/3055479
[3081355] Could not find attributes for darijo srna (Cagliari Calcio, 2018)
[3081355] Failed to build match row: Cagliari Calcio vs Frosinone Calcio
[3136625] Could not find attributes for medy elito (Barnet FC, 2018)
[3136625] Failed to build match row: Sheffield United vs Barnet FC
[2918775] Failed to scrape lineup: https://www.transfermarkt.co.uk/r-charleroi-sc_kvrs-waasland-sk-beveren/index/spielbericht/2918775
[2470075] Could not find attributes for marcio mossoro (İstanbul Başakşehir Futbol Kulübü, 2014)
[2470075] Failed to build match row: İstanbul Başakşehir Futbol Kulübü vs Mersin Talimyurdu SK

Keepers & outfield error for **Sporting Clube de Braga** in Rangers Football Club vs Sporting Clube de Braga: Numbers: 0 and 11.
[2697625] Failed to scrape lineup: https://www.transfermarkt.co.uk/aarhus-gf_silkeborg-if/index/spielbericht/2697625
[3291998] Failed to build match row: Rangers Football Club vs Sporting Clube de Braga
[2747353] Failed to scrape lineup: https://www.transfermarkt.co.uk/spielbericht/index/spielbericht/2747353
[2716704] Could not find attributes for hamidou keyta (AS Saint-Étienne, 2016)
[2492372] Failed to scrape lineup: https://www.transfermarkt.co.uk/spielbericht/index/spielbericht/2492372
[2716704] Failed to build match row: AS Saint-Étienne vs Angers Sporting Club de l'Ouest
[2700732] Failed to scrape lineup: https://www.transfermarkt.co.uk/vitesse-arnhem_heracles-almelo/index/spielbericht/2700732
[3222979] Could not find attributes for nuri fatih aydin (Yeni Malatyaspor, 2019)
[2482368] Could not find attributes for thibault giresse (EA Guingamp, 2014)
[3222979] Failed to build match row: Yeni Malatyaspor vs NK Olimpija Ljubljana

Keepers & outfield error for **Real Betis Balompié S.A.D.** in Real Betis Balompié S.A.D. vs Associazione Calcio Milan: Numbers: 2 and 9.
[2482368] Failed to build match row: Football Club de Nantes vs EA Guingamp
[2581996] Could not find attributes for fynn arkenberg (Hannover 96, 2015)
[2891588] Could not find attributes for athanasios panteliadis (PAS Lamia 1964, 2017)
[2331098] Failed to scrape lineup: https://www.transfermarkt.co.uk/losc-lille_olympique-lyon/index/spielbericht/2331098
[2581996] Failed to build match row: FC Bayern München vs Hannover 96
[3098743] Failed to build match row: Real Betis Balompié S.A.D. vs Associazione Calcio Milan
[2591991] Could not find attributes for boris kleyman (Beitar Jerusalem, 2015)
[2891588] Failed to build match row: PAS Lamia 1964 vs Panthessalonikios Athlitikos Omilos Konstantinoupoliton
[2591991] Failed to build match row: Beitar Jerusalem vs Royal Charleroi Sporting Club
[3136626] Could not find attributes for jack cook (Woking FC, 2018)
[3136626] Failed to build match row: Woking FC vs Watford FC
[3208721] Failed to scrape lineup: https://www.transfermarkt.co.uk/real-sociedad_real-betis-balompie/index/spielbericht/3208721
[2459884] Could not find attributes for wiljan pluim (Willem II Tilburg, 2014)
[2459884] Failed to build match row: SC Cambuur Leeuwarden vs Willem II Tilburg
[2883748] Could not find attributes for nikola maras (GD Chaves, 2017)
[2883748] Failed to build match row: CF Os Belenenses vs GD Chaves

Keepers & outfield error for **Vitória Sport Clube** in Vitória Sport Clube vs Clube Desportivo de Tondela: Numbers: 0 and 11.
[3211854] Failed to build match row: Vitória Sport Clube vs Clube Desportivo de Tondela
[2747354] Could not find attributes for sasa lukic (Torino Calcio, 2016)
[2747354] Failed to build match row: Torino Calcio vs Pisa Sporting Club
[2581997] Could not find attributes for filip mladenovic (1. Fußball-Club Köln, 2015)
[2581997] Failed to build match row: Borussia Dortmund vs 1. Fußball-Club Köln
[2492373] Could not find attributes for pierre neurath bengtsson (Football Club København, 2014)
[2492373] Failed to build match row: Football Club København vs HJK Helsinki
[2341291] Could not find attributes for miguel angel corona (UD Almería, 2013)
[2341291] Failed to build match row: UD Almería vs Real Sociedad de Fútbol S.A.D.
[2335264] Could not find attributes for elmir nabiullin (FC Rubin Kazan, 2013)
[2335264] Failed to build match row: FC Rubin Kazan vs Volga Nizhniy Novgorod (- 2016)
[2470076] Could not find attributes for andrija vukovic (Balikesirspor, 2014)
[2470076] Failed to build match row: Gaziantepspor (- 2020) vs Balikesirspor
[2644556] Could not find attributes for andy dawson (Salford City, 2015)
[2644556] Failed to build match row: Hartlepool United vs Salford City

Keepers & outfield error for **Verona Hellas Football Club** in Verona Hellas Football Club vs Torino Calcio: Numbers: 0 and 11.
[2603997] Failed to build match row: Verona Hellas Football Club vs Torino Calcio
[2346355] Could not find attributes for dusko tosic (Gençlerbirliği Spor Kulübü, 2013)
[2482369] Could not find attributes for kevin koubemba (Lille Olympique Sporting Club, 2014)
[2620167] Could not find attributes for casper hojer (Lyngby Boldklub, 2015)
[3208722] Could not find attributes for nemanja radoja (Levante Unión Deportiva S.A.D., 2019)

Keepers & outfield error for **Association sportive de Monaco Football Club** in Association sportive de Monaco Football Club vs Stade Reims: Numbers: 2 and 9.
[3208722] Failed to build match row: Sevilla Fútbol Club S.A.D. vs Levante Unión Deportiva S.A.D.
[2482369] Failed to build match row: Lille Olympique Sporting Club vs Olympique Lyonnais
[2331099] Failed to build match row: Association sportive de Monaco Football Club vs Stade Reims
[2620167] Failed to build match row: Lyngby Boldklub vs Esbjerg fB

Keepers & outfield error for **Wolverhampton Wanderers Football Club** in Espanol vs Wolverhampton Wanderers Football Club: Numbers: 0 and 11.
[3291999] Failed to build match row: Espanol vs Wolverhampton Wanderers Football Club

Keepers & outfield error for **FC Dordrecht** in FC Dordrecht vs AFC Ajax Amsterdam: Numbers: 2 and 9.
Not enough players found for lineup: 0, 0.
[3069540] Could not find attributes for nemanja gudelj (Sporting Clube de Portugal, 2018)
[3211855] Could not find attributes for carlinhos (Vitória Setúbal FC, 2019)
[2382248] Failed to scrape lineup: https://www.transfermarkt.co.uk/spielbericht/index/spielbericht/2382248
[3069540] Failed to build match row: Clube Desportivo de Tondela vs Sporting Clube de Portugal

Keepers & outfield error for **Lyngby Boldklub** in Lyngby Boldklub vs AC Horsens: Numbers: 2 and 9.
[2459885] Failed to build match row: FC Dordrecht vs AFC Ajax Amsterdam
[3098744] Could not find attributes for bibars natcho (Olympiakos Syndesmos Filathlon Peiraios, 2018)
[2700733] Could not find attributes for rochdi achenteh (Go Ahead Eagles, 2016)
[3211855] Failed to build match row: Portimonense SC vs Vitória Setúbal FC
[2697627] Failed to build match row: Lyngby Boldklub vs AC Horsens
[2771904] Could not find attributes for stephen grindlay (Beith Juniors FC, 2016)
[3055482] Could not find attributes for mathias rask thomsen (VSK Aarhus, 2018)
[2891589] Could not find attributes for dimitrios sotiriou (APO Levadiakos Football Club, 2017)
[3055482] Failed to build match row: VSK Aarhus vs Jammerbugt FC
[3098744] Failed to build match row: Olympiakos Syndesmos Filathlon Peiraios vs F91 Dudelange
[2771904] Failed to build match row: Beith Juniors FC vs Greenock Morton FC
[2700733] Failed to build match row: Go Ahead Eagles vs Feyenoord Rotterdam
[2503727] Could not find attributes for jeremy labor (Sportvereniging Zulte Waregem, 2014)
[2891589] Failed to build match row: APO Levadiakos Football Club vs Athlitiki Enosi Larisas
[2503727] Failed to build match row: Royal Standard Club de Liège vs Sportvereniging Zulte Waregem

Keepers & outfield error for **FC Girondins Bordeaux** in Olympique de Marseille vs FC Girondins Bordeaux: Numbers: 2 and 9.
[3222980] Could not find attributes for matvei igonen (FC Flora Tallinn, 2019)
[3199525] Failed to build match row: Olympique de Marseille vs FC Girondins Bordeaux
[3222980] Failed to build match row: FC Flora Tallinn vs Eintracht Frankfurt Fußball AG
[2492374] Could not find attributes for pierre neurath bengtsson (Football Club København, 2014)
[2492374] Failed to build match row: Torino Calcio vs Football Club København
[2322034] Could not find attributes for matthew clarke (Linfield FC, 2013)
[2322034] Failed to build match row: Linfield FC vs ÍF Fuglafjördur
[2524764] Failed to scrape lineup: https://www.transfermarkt.co.uk/spielbericht/index/spielbericht/2524764
[2716705] Failed to scrape lineup: https://www.transfermarkt.co.uk/fc-girondins-bordeaux_fc-toulouse/index/spielbericht/2716705
Not enough players found for lineup: 0, 11.
[2620168] Failed to scrape lineup: https://www.transfermarkt.co.uk/spielbericht/index/spielbericht/2620168
[2335265] Could not find attributes for elmir nabiullin (FC Rubin Kazan, 2013)
[2335265] Failed to build match row: FK Dinamo Moskva vs FC Rubin Kazan
[3077605] Failed to scrape lineup: https://www.transfermarkt.co.uk/spielbericht/index/spielbericht/3077605
[3292000] Could not find attributes for andraz sporar (Sporting Clube de Portugal, 2019)
[3292000] Failed to build match row: İstanbul Başakşehir Futbol Kulübü vs Sporting Clube de Portugal
[2771905] Could not find attributes for kerr young (Bonnyrigg Rose FC, 2016)
[2771905] Failed to build match row: Bonnyrigg Rose FC vs Dumbarton FC
[2918778] Could not find attributes for mike vanhamel (KV Oostende, 2017)
[3081357] Failed to scrape lineup: https://www.transfermarkt.co.uk/inter-milan_as-roma/index/spielbericht/3081357
[2918778] Failed to build match row: KV Oostende vs Koninklijke Atletiek Associatie Gent
[2942897] Failed to scrape lineup: https://www.transfermarkt.co.uk/rc-strasbourg-alsace_ogc-nice/index/spielbericht/2942897
[2478734] Failed to scrape lineup: https://www.transfermarkt.co.uk/ac-milan_ssc-napoli/index/spielbericht/2478734
[3136627] Could not find attributes for vashon neufville (Newport County, 2018)
[3136627] Failed to build match row: Newport County vs Leicester City
[3222981] Could not find attributes for grega sorcan (NK Domzale, 2019)
[3098745] Could not find attributes for bogdan shust (Vorskla Poltava, 2018)
[2459886] Could not find attributes for demy de zeeuw (Nooit Opgeven Altijd Doorzetten Aangenaam Door Vermaak En Nuttig Door Ontspanning Combinatie Breda, 2014)
[3098745] Failed to build match row: Vorskla Poltava vs Qarabağ FK
[3222981] Failed to build match row: NK Domzale vs Malmö Fotbollförening
[2492375] Could not find attributes for toni doblas (HJK Helsinki, 2014)
[2459886] Failed to build match row: Nooit Opgeven Altijd Doorzetten Aangenaam Door Vermaak En Nuttig Door Ontspanning Combinatie Breda vs Football Club Groningen
[2883749] Failed to scrape lineup: https://www.transfermarkt.co.uk/sl-benfica_vitoria-setubal-fc/index/spielbericht/2883749
[2891590] Could not find attributes for mladen bozovic (Athlitiki Enosi Larisas, 2017)
[2492375] Failed to build match row: HJK Helsinki vs Club Brugge Koninklijke Voetbalvereniging
[2891590] Failed to build match row: Athlitiki Enosi Larisas vs Panathinaikos Athlitikos Omilos
[3055631] Could not find attributes for sergiy pogorilyi (FC Samtredia, 2018)
[3055631] Failed to build match row: FC Samtredia vs Tobol Kostanay
[2747355] Failed to scrape lineup: https://www.transfermarkt.co.uk/spielbericht/index/spielbericht/2747355
[2591992] Could not find attributes for donatas segzda (FK Trakai, 2015)
[2591992] Failed to build match row: FK Trakai vs Apollon Limassol

Keepers & outfield error for **Elche Club de Fútbol S.A.D.** in Villarreal Club de Fútbol S.A.D. vs Elche Club de Fútbol S.A.D.: Numbers: 0 and 11.
[2341293] Failed to build match row: Villarreal Club de Fútbol S.A.D. vs Elche Club de Fútbol S.A.D.
[2722641] Failed to scrape lineup: https://www.transfermarkt.co.uk/akhisar-belediyespor_genclerbirligi-ankara/index/spielbericht/2722641
[2470078] Could not find attributes for umut bulut (Galatasaray Spor Kulübü, 2014)
[2524765] Could not find attributes for iago santos (Académica Coimbra, 2014)
or Kulübü

Keepers & outfield error for **KAS Eupen** in KAS Eupen vs Royal Standard Club de Liège: Numbers: 2 and 9.
[2899788] Failed to scrape lineup: https://www.transfermarkt.co.uk/deportivo-alaves_deportivo-de-la-coruna/index/spielbericht/2899788
[2524765] Failed to build match row: Académica Coimbra vs Rio Ave Futebol Clube
[3081358] Could not find attributes for albin ekdal (UC Sampdoria, 2018)
[2918779] Failed to build match row: KAS Eupen vs Royal Standard Club de Liège

Keepers & outfield error for **Palermo FC** in Palermo FC vs Unione Sportiva Sassuolo Calcio: Numbers: 0 and 11.
[2360897] Could not find attributes for grzegorz sandomierski (GNK Dinamo Zagreb, 2013)
[2872376] Failed to scrape lineup: https://www.transfermarkt.co.uk/everton-fc_crystal-palace/index/spielbericht/2872376
[2644557] Failed to scrape lineup: https://www.transfermarkt.co.uk/spielbericht/index/spielbericht/2644557
[3081358] Failed to build match row: Bologna Football Club 1909 vs UC Sampdoria
[2360897] Failed to build match row: Fußballklub Austria Wien vs GNK Dinamo Zagreb
[2478735] Failed to build match row: Palermo FC vs Unione Sportiva Sassuolo Calcio
[2891591] Could not find attributes for aristotelis karasalidis (APS Atromitos Athinon, 2017)
[2891591] Failed to build match row: APS Atromitos Athinon vs AO Xanthi
[2346356] Failed to scrape lineup: https://www.transfermarkt.co.uk/eskisehirspor_kayseri-erciyesspor/index/spielbericht/2346356
[3252860] Could not find attributes for fabian sporkslede (RKC Waalwijk, 2019)
[3252860] Failed to build match row: Heracles Almelo vs RKC Waalwijk
[2322035] Could not find attributes for raivo varazinskis (Liepajas Metalurgs, 2013)
[2322035] Failed to build match row: Liepajas Metalurgs vs Prestatyn Town
[2482370] Failed to scrape lineup: https://www.transfermarkt.co.uk/montpellier-hsc_ogc-nice/index/spielbericht/2482370
[2883750] Could not find attributes for zizo (Moreirense Futebol Clube, 2017)
[2883750] Failed to build match row: Boavista FC vs Moreirense Futebol Clube
[3098746] Could not find attributes for nemanja gudelj (Sporting Clube de Portugal, 2018)
[3098746] Failed to build match row: Arsenal Football Club vs Sporting Clube de Portugal
[2591993] Could not find attributes for dmytro bezotosnyi (FK Qabala, 2015)
[2591993] Failed to build match row: FK Qabala vs Fudbalski klub Čukarički Beograd
[3055632] Could not find attributes for dmitriy nepogodov (Tobol Kostanay, 2018)
[3055632] Failed to build match row: Tobol Kostanay vs FC Samtredia
[2700734] Failed to scrape lineup: https://www.transfermarkt.co.uk/sc-heerenveen_vitesse-arnhem/index/spielbericht/2700734
[2581999] Failed to scrape lineup: https://www.transfermarkt.co.uk/vfl-wolfsburg_vfb-stuttgart/index/spielbericht/2581999

Keepers & outfield error for **Futebol Clube do Porto** in Futebol Clube do Porto vs Académica Coimbra: Numbers: 2 and 9.
[3047564] Failed to scrape lineup: https://www.transfermarkt.co.uk/ea-guingamp_rc-strasbourg-alsace/index/spielbericht/3047564
[2524766] Failed to build match row: Futebol Clube do Porto vs Académica Coimbra
[3081359] Could not find attributes for merih demiral (Unione Sportiva Sassuolo Calcio, 2018)
[3081359] Failed to build match row: Udinese Calcio vs Unione Sportiva Sassuolo Calcio
[2470079] Could not find attributes for emre tasdemir (Bursaspor, 2014)
[2470079] Failed to build match row: Konyaspor vs Bursaspor
[2891592] Could not find attributes for filip kljajic (AO Platanias, 2017)
[2891592] Failed to build match row: AO Platanias vs PAS Giannina
[3212115] Could not find attributes for sergio padt (Football Club Groningen, 2019)
[3212115] Failed to build match row: FC Emmen vs Football Club Groningen
[3394881] Failed to scrape lineup: https://www.transfermarkt.co.uk/dundee-united-fc_aberdeen-fc/index/spielbericht/3394881
[2346357] Could not find attributes for mehmet topal (Fenerbahçe Spor Kulübü, 2013)
[2346357] Failed to build match row: Fenerbahçe Spor Kulübü vs Çaykur Rizespor Kulübü
[3208724] Failed to scrape lineup: https://www.transfermarkt.co.uk/fc-barcelona_real-madrid/index/spielbericht/3208724
[2645263] Could not find attributes for rohan ferguson (Airdrieonians FC, 2015)
[2864958] Could not find attributes for yassin ayoub (Football Club Utrecht, 2017)
[2603999] Failed to scrape lineup: https://www.transfermarkt.co.uk/juventus-fc_chievo-verona/index/spielbericht/2603999
[3252861] Could not find attributes for stef brummel (VV IJsselmeervogels, 2019)
[2864958] Failed to build match row: Football Club Utrecht vs Willem II Tilburg
[2645263] Failed to build match row: Airdrieonians FC vs Dundee United Football Club
[3252861] Failed to build match row: VV IJsselmeervogels vs FC Den Bosch
[2335266] Failed to scrape lineup: https://www.transfermarkt.co.uk/fk-krasnodar_spartak-moscow/index/spielbericht/2335266
[2620439] Failed to scrape lineup: https://www.transfermarkt.co.uk/cska-moscow_zenit-st-petersburg/index/spielbericht/2620439
[2700735] Failed to build match row: Heracles Almelo vs Go Ahead Eagles
[2591994] Could not find attributes for matej mitrovic (Hrvatski Nogometni Klub Rijeka, 2015)
[2591994] Failed to build match row: Aberdeen Football Club vs Hrvatski Nogometni Klub Rijeka
[2578052] Could not find attributes for jonathan howson (Norwich City, 2015)
[2578052] Failed to build match row: Watford FC vs Norwich City
[2771906] Failed to scrape lineup: https://www.transfermarkt.co.uk/spielbericht/index/spielbericht/2771906
[2883752] Could not find attributes for fabio coentrao (Sporting Clube de Portugal, 2017)
[2883752] Failed to build match row: FC Paços de Ferreira vs Sporting Clube de Portugal
[2382249] Failed to scrape lineup: https://www.transfermarkt.co.uk/spielbericht/index/spielbericht/2382249
[2942898] Failed to scrape lineup: https://www.transfermarkt.co.uk/angers-sco_olympique-marseille/index/spielbericht/2942898
[2492376] Failed to scrape lineup: https://www.transfermarkt.co.uk/spielbericht/index/spielbericht/2492376
[2459887] Failed to scrape lineup: https://www.transfermarkt.co.uk/pec-zwolle_feyenoord-rotterdam/index/spielbericht/2459887
[3222982] Failed to scrape lineup: https://www.transfermarkt.co.uk/spielbericht/index/spielbericht/3222982
[3199527] Failed to scrape lineup: https://www.transfermarkt.co.uk/losc-lille_stade-brestois-29/index/spielbericht/3199527

Keepers & outfield error for **CF União Madeira (-2021)** in CF União Madeira (-2021) vs Rio Ave Futebol Clube: Numbers: 2 and 9.
[2891593] Could not find attributes for arghus (Panetolikos Agrinio, 2017)
[2524767] Failed to build match row: CF União Madeira (-2021) vs Rio Ave Futebol Clube
[2891593] Failed to build match row: Panetolikos Agrinio vs AOK Kerkyra
[2346358] Could not find attributes for korcan celikay (Sivasspor, 2013)
[2331100] Failed to scrape lineup: https://www.transfermarkt.co.uk/sc-bastia_as-saint-etienne/index/spielbericht/2331100
[2346358] Failed to build match row: Sivasspor vs Beşiktaş Jimnastik Kulübü

Keepers & outfield error for **Levante Unión Deportiva S.A.D.** in Levante Unión Deportiva S.A.D. vs Getafe Club de Fútbol S. A. D. Team Dubai: Numbers: 2 and 9.
[2341296] Failed to build match row: Levante Unión Deportiva S.A.D. vs Getafe Club de Fútbol S. A. D. Team Dubai
[2620440] Could not find attributes for aleksandr belenov (Kuban Krasnodar (-2018), 2015)
[2697630] Failed to scrape lineup: https://www.transfermarkt.co.uk/fc-nordsjaelland_aarhus-gf/index/spielbericht/2697630
[2747356] Failed to scrape lineup: https://www.transfermarkt.co.uk/spielbericht/index/spielbericht/2747356

Keepers & outfield error for **Genoa Cricket and Football Club** in Genoa Cricket and Football Club vs Torino Calcio: Numbers: 3 and 8.
[2620440] Failed to build match row: Amkar Perm vs Kuban Krasnodar (-2018)
[3081361] Failed to build match row: Genoa Cricket and Football Club vs Torino Calcio
[2722642] Failed to scrape lineup: https://www.transfermarkt.co.uk/alanyaspor_basaksehir-fk/index/spielbericht/2722642
[3077606] Could not find attributes for barnes osei (FC Paços de Ferreira, 2018)
[3077606] Failed to build match row: FC Paços de Ferreira vs Académico Viseu FC

Keepers & outfield error for **Real Sociedad de Fútbol S.A.D.** in Celta vs Real Sociedad de Fútbol S.A.D.: Numbers: 2 and 9.
[2771907] Could not find attributes for ross salmon (Buckie Thistle FC, 2016)

Keepers & outfield error for **Futebol Clube do Porto** in Futebol Clube do Porto vs Bayer 04 Leverkusen Fußball: Numbers: 2 and 9.
[3208725] Failed to build match row: Celta vs Real Sociedad de Fútbol S.A.D.
[2771907] Failed to build match row: Buckie Thistle FC vs Dunfermline Athletic FC
[3292002] Failed to build match row: Futebol Clube do Porto vs Bayer 04 Leverkusen Fußball
[2591995] Could not find attributes for justin haber (Birkirkara FC, 2015)
[2591995] Failed to build match row: Birkirkara FC vs West Ham United Football Club
[2919778] Failed to scrape lineup: https://www.transfermarkt.co.uk/spielbericht/index/spielbericht/2919778
pielbericht/2872377
[2883753] Could not find attributes for uri rosell (Portimonense SC, 2017)
, 2016)
019)
[3252862] Failed to build match row: Koninklijke HFC Haarlem vs Sportclub Telstar
[2700736] Failed to build match row: Willem II Tilburg vs Eindhovense Voetbalvereniging Philips Sport Vereniging
[2883753] Failed to build match row: Portimonense SC vs Clube Desportivo de Tondela
[2482371] Failed to scrape lineup: https://www.transfermarkt.co.uk/as-monaco_paris-saint-germain/index/spielbericht/2482371
[2322036] Failed to scrape lineup: https://www.transfermarkt.co.uk/spielbericht/index/spielbericht/2322036
[3229453] Failed to scrape lineup: https://www.transfermarkt.co.uk/us-lecce_uc-sampdoria/index/spielbericht/3229453
[3137423] Failed to scrape lineup: https://www.transfermarkt.co.uk/spielbericht/index/spielbericht/3137423
[3222983] Could not find attributes for dino hamzic (Chikhura Sachkhere, 2019)
[3098747] Failed to scrape lineup: https://www.transfermarkt.co.uk/spielbericht/index/spielbericht/3098747
[3222983] Failed to build match row: Chikhura Sachkhere vs Aberdeen Football Club
[2492377] Could not find attributes for toni doblas (HJK Helsinki, 2014)
[2335267] Could not find attributes for bruno teles (PFK Krylya Sovetov Samara, 2013)
[2470080] Could not find attributes for sertan vardar (Akhisarspor, 2014)
[2335267] Failed to build match row: PFK Krylya Sovetov Samara vs FC Rubin Kazan
[2346359] Could not find attributes for elyasa sume (Kasımpaşa A.Ş., 2013)
[3055692] Failed to scrape lineup: https://www.transfermarkt.co.uk/spielbericht/index/spielbericht/3055692
[2728511] Could not find attributes for ryan nektarios edwards (Partick Thistle FC, 2016)
[2470080] Failed to build match row: Akhisarspor vs Eskisehirspor
[2609731] Failed to scrape lineup: https://www.transfermarkt.co.uk/as-monaco_estac-troyes/index/spielbericht/2609731

Keepers & outfield error for **Palermo FC** in Atalanta Bergamasca Calcio S.p.a. vs Palermo FC: Numbers: 0 and 11.
[2582000] Failed to scrape lineup: https://www.transfermarkt.co.uk/fc-augsburg_hamburger-sv/index/spielbericht/2582000
[2346359] Failed to build match row: Kasımpaşa A.Ş. vs Antalyaspor

Keepers & outfield error for **FC Girondins Bordeaux** in FC Girondins Bordeaux vs Olympique Lyonnais: Numbers: 2 and 9.
[2331101] Failed to build match row: FC Girondins Bordeaux vs Olympique Lyonnais
[2728511] Failed to build match row: Partick Thistle FC vs Motherwell Football Club
[3047565] Failed to scrape lineup: https://www.transfermarkt.co.uk/losc-lille_sm-caen/index/spielbericht/3047565
[2478738] Failed to build match row: Atalanta Bergamasca Calcio S.p.a. vs Palermo FC
[2716706] Failed to scrape lineup: https://www.transfermarkt.co.uk/olympique-lyon_olympique-marseille/index/spielbericht/2716706
[2722643] Could not find attributes for badou ndiaye (Ankaraspor, 2016)
[2722643] Failed to build match row: Ankaraspor vs Fenerbahçe Spor Kulübü
[2891594] Could not find attributes for zivko zivkovic (AO Xanthi, 2017)
 Door Vermaak En Nuttig Door Ontspanning Combinatie Breda** in Nooit Opgeven Altijd Doorzetten Aangenaam Door Vermaak En Nuttig Door Ontspanning Combinatie Breda vs Eindhovense Voetbalvereniging Philips Sport Vereniging: Numbers: 2 and 9.
[2864960] Failed to build match row: Nooit Opgeven Altijd Doorzetten Aangenaam Door Vermaak En Nuttig Door Ontspanning Combinatie Breda vs Eindhovense Voetbalvereniging Philips Sport Vereniging
[2891594] Failed to build match row: AO Xanthi vs Apollon Smyrnis

Keepers & outfield error for **Sporting Clube de Braga** in Rio Ave Futebol Clube vs Sporting Clube de Braga: Numbers: 0 and 11.
[2524768] Failed to build match row: Rio Ave Futebol Clube vs Sporting Clube de Braga

Keepers & outfield error for **Футбольный клуб "Локомотив" Москва** in FC Rubin Kazan vs Футбольный клуб "Локомотив" Москва: Numbers: 0 and 11.
[2620441] Failed to build match row: FC Rubin Kazan vs Футбольный клуб "Локомотив" Москва
[2360898] Could not find attributes for tero mantyla (Ludogorets Razgrad, 2013)
[2645264] Failed to scrape lineup: https://www.transfermarkt.co.uk/spielbericht/index/spielbericht/2645264
[2360898] Failed to build match row: FC Basel 1893 AG vs Ludogorets Razgrad
[3292003] Could not find attributes for zeca (Football Club København, 2019)
[3137424] Could not find attributes for adam maher (Alkmaar Zaanstreek, 2018)
[2578053] Failed to scrape lineup: https://www.transfermarkt.co.uk/chelsea-fc_afc-bournemouth/index/spielbericht/2578053
[3137424] Failed to build match row: Alkmaar Zaanstreek vs Vitesse Arnhem
[3292003] Failed to build match row: The Celtic Football Club vs Football Club København
[2482372] Could not find attributes for david ngog (Stade Reims, 2014)
[2482372] Failed to build match row: FC Girondins Bordeaux vs Stade Reims
[2700737] Could not find attributes for ferdi kadioglu (Nijmegen Eendracht Combinatie, 2016)
[2322037] Could not find attributes for paulius grybauskas (Skonto Riga, 2013)
[2591996] Could not find attributes for salahat agayev (FK Inter Baku, 2015)
[2700737] Failed to build match row: AFC Ajax Amsterdam vs Nijmegen Eendracht Combinatie
[2591996] Failed to build match row: FK Inter Baku vs FH Hafnarfjördur
[2322037] Failed to build match row: Skonto Riga vs FC Tiraspol
[2346360] Could not find attributes for vanja ivesa (Elazigspor, 2013)
[2346360] Failed to build match row: Elazigspor vs Galatasaray Spor Kulübü
[2722644] Could not find attributes for davide petrucci (Çaykur Rizespor Kulübü, 2016)
[2722644] Failed to build match row: Çaykur Rizespor Kulübü vs Beşiktaş Jimnastik Kulübü
[2492378] Could not find attributes for pierre neurath bengtsson (Football Club København, 2014)
[2492378] Failed to build match row: Football Club København vs Club Brugge Koninklijke Voetbalvereniging
[2771908] Could not find attributes for john gibson (Clyde FC, 2016)
[2771908] Failed to build match row: Clyde FC vs Arbroath FC
Not enough players found for lineup: 0, 11.
santos (Académica Coimbra, 2014)
[2524769] Failed to build match row: Académica Coimbra vs CF União Madeira (-2021)
[2360899] Failed to scrape lineup: https://www.transfermarkt.co.uk/spielbericht/index/spielbericht/2360899
[3252863] Could not find attributes for nicholas skverer (HSV Hoek, 2019)
[3252863] Failed to build match row: HSV Hoek vs Prins Hendrik Ende Desespereert Nimmer Combinatie Zwolle

Keepers & outfield error for **Nooit Opgeven Altijd Doorzetten Aangenaam Door Vermaak En Nuttig Door Ontspanning Combinatie Breda** in Nooit Opgeven Altijd Doorzetten Aangenaam Door Vermaak En Nuttig Door Ontspanning Combinatie Breda vs Sparta Rotterdam: Numbers: 2 and 9.
[2864991] Failed to build match row: Nooit Opgeven Altijd Doorzetten Aangenaam Door Vermaak En Nuttig Door Ontspanning Combinatie Breda vs Sparta Rotterdam

Keepers & outfield error for **Saint Mirren Football Club** in Saint Mirren Football Club vs Motherwell Football Club: Numbers: 2 and 9.

Keepers & outfield error for **Trabzonspor Kulübü** in Trabzonspor Kulübü vs Sivasspor: Numbers: 0 and 11.
[2470081] Failed to build match row: Trabzonspor Kulübü vs Sivasspor
[2728512] Could not find attributes for ryan nektarios edwards (Partick Thistle FC, 2016)
[3394885] Failed to build match row: Saint Mirren Football Club vs Motherwell Football Club
[2582001] Could not find attributes for yanni regasel (Eintracht Frankfurt Fußball AG, 2015)
[2341297] Failed to scrape lineup: https://www.transfermarkt.co.uk/real-sociedad_valencia-cf/index/spielbericht/2341297
[2728512] Failed to build match row: Kilmarnock Football Club vs Partick Thistle FC
[2582001] Failed to build match row: Sportverein Werder Bremen von 1899 vs Eintracht Frankfurt Fußball AG
[3069541] Failed to scrape lineup: https://www.transfermarkt.co.uk/sc-braga_boavista-fc/index/spielbericht/3069541
[3077607] Failed to scrape lineup: https://www.transfermarkt.co.uk/spielbericht/index/spielbericht/3077607
[2883754] Could not find attributes for charalampos kyriakou (Grupo Desportivo Estoril Praia, 2017)
[2883754] Failed to build match row: CS Marítimo vs Grupo Desportivo Estoril Praia
[2578054] Could not find attributes for christian fuchs (Leicester City, 2015)
[2578054] Failed to build match row: Swansea City vs Leicester City
[2492379] Could not find attributes for toni doblas (HJK Helsinki, 2014)
[2492379] Failed to build match row: HJK Helsinki vs Torino Calcio
[2382251] Failed to scrape lineup: https://www.transfermarkt.co.uk/spielbericht/index/spielbericht/2382251
[3137425] Could not find attributes for joel drommel (Football Club Twente, 2018)
[3137425] Failed to build match row: Football Club Twente vs Willem II Tilburg
[2360900] Could not find attributes for aleksandr mokin (Shakhter Karaganda, 2013)
[2360900] Failed to build match row: The Celtic Football Club vs Shakhter Karaganda
[2346361] Could not find attributes for boy waterman (Kardemir Karabükspor, 2013)
[2346361] Failed to build match row: Kardemir Karabükspor vs Konyaspor
[3222984] Failed to scrape lineup: https://www.transfermarkt.co.uk/spielbericht/index/spielbericht/3222984
[3098748] Failed to scrape lineup: https://www.transfermarkt.co.uk/spielbericht/index/spielbericht/3098748
[2503728] Could not find attributes for boubacar copa (KSC Lokeren (- 2020), 2014)
[2503728] Failed to build match row: KSC Lokeren (- 2020) vs Club Brugge Koninklijke Voetbalvereniging
[3069542] Could not find attributes for chiquinho (Moreirense Futebol Clube, 2018)
[3069542] Failed to build match row: Moreirense Futebol Clube vs Desportivo Aves (- 2020)
[2620443] Could not find attributes for andrey sinitsyn (FK Krasnodar, 2015)
[2582002] Could not find attributes for younes belhanda (FC Schalke 04, 2015)
[2620443] Failed to build match row: FK Krasnodar vs FK Dinamo Moskva
[2582002] Failed to build match row: Turn- und Sportgemeinschaft 1899 Hoffenheim Fußball-Spielbetriebs vs FC Schalke 04

Keepers & outfield error for **Vitória Sport Clube** in Vitória Sport Clube vs Clube Desportivo de Tondela: Numbers: 0 and 11.
[3077608] Failed to build match row: Vitória Sport Clube vs Clube Desportivo de Tondela
[2899792] Could not find attributes for maxime lestienne (Málaga CF, 2017)
[2899792] Failed to build match row: Málaga CF vs Valencia Club de Fútbol S. A. D.
[3055693] Could not find attributes for dino skvorc (Budapest Honvéd FC, 2018)
[3055693] Failed to build match row: Budapest Honvéd FC vs Rabotnicki Skopje
[2322038] Could not find attributes for aidan watson (Crusaders FC, 2013)
[2322038] Failed to build match row: Rosenborg Ballklub vs Crusaders FC
[2722646] Could not find attributes for jan durica (Trabzonspor Kulübü, 2016)
[2722646] Failed to build match row: Kardemir Karabükspor vs Trabzonspor Kulübü
[2716707] Failed to scrape lineup: https://www.transfermarkt.co.uk/sc-bastia_ogc-nice/index/spielbericht/2716707
[2335268] Failed to scrape lineup: https://www.transfermarkt.co.uk/amkar-perm_lokomotiv-moscow/index/spielbericht/2335268
[2891595] Failed to scrape lineup: https://www.transfermarkt.co.uk/atromitos-athens_aek-athens/index/spielbericht/2891595
[2609732] Failed to scrape lineup: https://www.transfermarkt.co.uk/fc-girondins-bordeaux_ogc-nice/index/spielbericht/2609732
[2346362] Could not find attributes for veysel sari (Galatasaray Spor Kulübü, 2013)

Keepers & outfield error for **Rio Ave Futebol Clube** in Rio Ave Futebol Clube vs Vitória Sport Clube: Numbers: 3 and 8.
[2346362] Failed to build match row: Galatasaray Spor Kulübü vs Gençlerbirliği Spor Kulübü
[2883755] Failed to build match row: Rio Ave Futebol Clube vs Vitória Sport Clube

Keepers & outfield error for **Paris Saint-Germain Football Club** in Toulouse Football Club vs Paris Saint-Germain Football Club: Numbers: 2 and 9.
[2331103] Failed to build match row: Toulouse Football Club vs Paris Saint-Germain Football Club

Keepers & outfield error for **Strømsgodset IF** in Strømsgodset IF vs FK Mladá Boleslav, a.s.: Numbers: 2 and 9.
[2492380] Could not find attributes for toni doblas (HJK Helsinki, 2014)
[2747358] Failed to scrape lineup: https://www.transfermarkt.co.uk/spielbericht/index/spielbericht/2747358
[2591997] Failed to build match row: Strømsgodset IF vs FK Mladá Boleslav, a.s.
[2645265] Failed to scrape lineup: https://www.transfermarkt.co.uk/spielbericht/index/spielbericht/2645265
[2492380] Failed to build match row: HJK Helsinki vs Football Club København
[3081363] Failed to scrape lineup: https://www.transfermarkt.co.uk/bologna-fc-1909_fc-empoli/index/spielbericht/3081363
[2459889] Failed to scrape lineup: https://www.transfermarkt.co.uk/heracles-almelo_go-ahead-eagles/index/spielbericht/2459889
[2919779] Could not find attributes for stanislav dostal (FC Trinity Zlin, 2017)
[3098749] Could not find attributes for zeca (Football Club København, 2018)
[2482373] Failed to scrape lineup: https://www.transfermarkt.co.uk/rc-lens_stade-rennais-fc/index/spielbericht/2482373
[2700738] Failed to scrape lineup: https://www.transfermarkt.co.uk/excelsior-rotterdam_sparta-rotterdam/index/spielbericht/2700738
[2919779] Failed to build match row: FC Trinity Zlin vs FC Sheriff Tiraspol
[2728513] Could not find attributes for philippe senderos (Rangers Football Club, 2016)
[3098749] Failed to build match row: SK Slavia Praha, a.s. vs Football Club København
[2360901] Could not find attributes for florin gardos (SC Fotbal Club FCSB SA, 2013)
[3252864] Could not find attributes for timo plattel (Almere City FC, 2019)
[3222985] Could not find attributes for milos dragojevic (Buducnost Podgorica, 2019)
[2728513] Failed to build match row: Rangers Football Club vs Partick Thistle FC
[2360901] Failed to build match row: Legia Warszawa Spółka Akcyjna vs SC Fotbal Club FCSB SA
[3222985] Failed to build match row: Buducnost Podgorica vs FC Zorya Lugansk
[3252864] Failed to build match row: Almere City FC vs Go Ahead Eagles
[3229455] Failed to scrape lineup: https://www.transfermarkt.co.uk/as-roma_udinese-calcio/index/spielbericht/3229455
[2478740] Failed to scrape lineup: https://www.transfermarkt.co.uk/acf-fiorentina_fc-empoli/index/spielbericht/2478740
[3055704] Could not find attributes for andrew doyle (Glenavon FC, 2018)
[3077867] Could not find attributes for azamat shogenov (Chernomorets Novorossijsk, 2018)
[3047567] Failed to scrape lineup: https://www.transfermarkt.co.uk/as-monaco_dijon-fco/index/spielbericht/3047567
[3077867] Failed to build match row: Chernomorets Novorossijsk vs Kuban Holding Pavlovskaya
[3055704] Failed to build match row: Glenavon FC vs Molde Fotballklubb

Keepers & outfield error for **RFK Akhmat Grozny** in Anzhi Makhachkala ( -2022) vs RFK Akhmat Grozny: Numbers: 2 and 9.
[2322039] Could not find attributes for teitur gestsson (HB Tórshavn, 2013)

Keepers & outfield error for **Sport Lisboa e Benfica** in Sport Lisboa e Benfica vs Rio Ave Futebol Clube: Numbers: 2 and 9.
[2899793] Could not find attributes for brown ideye (Málaga CF, 2017)
[2620444] Failed to build match row: Anzhi Makhachkala ( -2022) vs RFK Akhmat Grozny
[2899793] Failed to build match row: Málaga CF vs Club Atlético de Madrid S.A.D.
[2322039] Failed to build match row: HB Tórshavn vs ÍBV Vestmannaeyjar
[3069543] Failed to build match row: Sport Lisboa e Benfica vs Rio Ave Futebol Clube
[2346363] Could not find attributes for serkan kirintili (Çaykur Rizespor Kulübü, 2013)
[2346363] Failed to build match row: Çaykur Rizespor Kulübü vs Sivasspor
[2891596] Could not find attributes for michalis kyrgias (Apollon Smyrnis, 2017)
[2891596] Failed to build match row: Apollon Smyrnis vs Panetolikos Agrinio
[2335269] Could not find attributes for felicio brown (PFK Krylya Sovetov Samara, 2013)
[2335269] Failed to build match row: PFK Krylya Sovetov Samara vs FK Rostov
[2331104] Could not find attributes for kamil grosicki (Rennes, 2013)
[2331104] Failed to build match row: Football Club de Nantes vs Rennes
[2771909] Failed to scrape lineup: https://www.transfermarkt.co.uk/spielbericht/index/spielbericht/2771909
[2578055] Failed to scrape lineup: https://www.transfermarkt.co.uk/liverpool-fc_swansea-city/index/spielbericht/2578055

Keepers & outfield error for **SPAL** in SPAL vs Genoa Cricket and Football Club: Numbers: 2 and 9.
[3081364] Failed to build match row: SPAL vs Genoa Cricket and Football Club
[2492381] Could not find attributes for cesare bovo (Torino Calcio, 2014)
[2864993] Could not find attributes for nasser el khayati (ADO Den Haag, 2017)
[2609733] Could not find attributes for thibault giresse (EA Guingamp, 2015)

Keepers & outfield error for **Granada CF** in Granada CF vs Real Betis Balompié S.A.D.: Numbers: 0 and 11.
[2864993] Failed to build match row: ADO Den Haag vs Sportclub Heerenveen
[2492381] Failed to build match row: Torino Calcio vs Club Brugge Koninklijke Voetbalvereniging
[3208726] Failed to build match row: Granada CF vs Real Betis Balompié S.A.D.
[2382252] Failed to scrape lineup: https://www.transfermarkt.co.uk/spielbericht/index/spielbericht/2382252
[2609733] Failed to build match row: Football Club Lorient-Bretagne Sud vs EA Guingamp
[3098750] Could not find attributes for elmir nabiullin (AO FK Zenit Sankt-Peterburg, 2018)
[3098750] Failed to build match row: FC Girondins Bordeaux vs AO FK Zenit Sankt-Peterburg

Keepers & outfield error for **Vitória Sport Clube** in B SAD vs Vitória Sport Clube: Numbers: 0 and 11.
[3069544] Failed to build match row: B SAD vs Vitória Sport Clube
[3077868] Could not find attributes for david gigolaev (Druzhba Maikop, 2018)
[3077868] Failed to build match row: Druzhba Maikop vs Biolog-Novokubansk Progress

Keepers & outfield error for **CD Leganés** in Girona Fútbol Club S. A. D. vs CD Leganés: Numbers: 0 and 11.
[2899794] Failed to build match row: Girona Fútbol Club S. A. D. vs CD Leganés
[2697634] Could not find attributes for kim ojo (Lyngby Boldklub, 2016)
[2697634] Failed to build match row: Lyngby Boldklub vs Football Club København
[3222986] Could not find attributes for vytautas cerniauskas (CSKA-Sofia, 2019)
[3222986] Failed to build match row: CSKA-Sofia vs NK Osijek s.d.d.
[2470082] Could not find attributes for furkan ozcal (Kardemir Karabükspor, 2014)
[3292004] Failed to scrape lineup: https://www.transfermarkt.co.uk/spielbericht/index/spielbericht/3292004
[2470082] Failed to build match row: Kardemir Karabükspor vs Kayseri Erciyesspor
[2503729] Failed to scrape lineup: https://www.transfermarkt.co.uk/krc-genk_kvc-westerlo/index/spielbericht/2503729
[3199530] Failed to scrape lineup: https://www.transfermarkt.co.uk/olympique-lyon_stade-rennais-fc/index/spielbericht/3199530
[2341299] Failed to scrape lineup: https://www.transfermarkt.co.uk/celta-de-vigo_malaga-cf/index/spielbericht/2341299
[2582003] Failed to scrape lineup: https://www.transfermarkt.co.uk/1-fsv-mainz-05_hertha-bsc/index/spielbericht/2582003
[2891597] Could not find attributes for theofanis tzandaris (Panathinaikos Athlitikos Omilos, 2017)
[2891597] Failed to build match row: Panathinaikos Athlitikos Omilos vs PAS Lamia 1964

Keepers & outfield error for **Real Club Deportivo Mallorca S.A.D.** in CD Leganés vs Real Club Deportivo Mallorca S.A.D.: Numbers: 2 and 9.
[3208727] Failed to build match row: CD Leganés vs Real Club Deportivo Mallorca S.A.D.
[2700740] Could not find attributes for bersant celina (Football Club Twente, 2016)
[2883757] Could not find attributes for charalampos kyriakou (Grupo Desportivo Estoril Praia, 2017)
[2700740] Failed to build match row: Football Club Twente vs Football Club Utrecht
[2883757] Failed to build match row: Grupo Desportivo Estoril Praia vs Portimonense SC
[2346364] Could not find attributes for kayacan erdogan (Eskisehirspor, 2013)
[2346364] Failed to build match row: Eskisehirspor vs Kayserispor Kulübü
[2492382] Could not find attributes for cesare bovo (Torino Calcio, 2014)
[2716708] Failed to scrape lineup: https://www.transfermarkt.co.uk/dijon-fco_losc-lille/index/spielbericht/2716708
[3222987] Could not find attributes for oleksandr nad (Debreceni VSC, 2019)
[3394887] Could not find attributes for trevoh chalobah (Football Club Lorient-Bretagne Sud, 2020)
[2492382] Failed to build match row: Football Club København vs Torino Calcio
[3222987] Failed to build match row: Torino Calcio vs Debreceni VSC
[3394887] Failed to build match row: Football Club Lorient-Bretagne Sud vs Olympique Gymnaste Club Nice Côte d'Azur
[2478742] Could not find attributes for dodo (Football Club Internazionale Milano S.p.A., 2014)
[2478742] Failed to build match row: Football Club Internazionale Milano S.p.A. vs Società Sportiva Lazio S.p.A.
[2591998] Failed to scrape lineup: https://www.transfermarkt.co.uk/spielbericht/index/spielbericht/2591998
[3098751] Could not find attributes for djordje denic (Rosenborg Ballklub, 2018)
[2645266] Failed to scrape lineup: https://www.transfermarkt.co.uk/spielbericht/index/spielbericht/2645266
[3098751] Failed to build match row: Rosenborg Ballklub vs Fußballclub Red Bull Salzburg

Keepers & outfield error for **Sevilla Fútbol Club S.A.D.** in Sevilla Fútbol Club S.A.D. vs Club Atlético de Madrid S.A.D.: Numbers: 0 and 11.
[2899795] Failed to build match row: Sevilla Fútbol Club S.A.D. vs Club Atlético de Madrid S.A.D.

Keepers & outfield error for **Elche Club de Fútbol S.A.D.** in Elche Club de Fútbol S.A.D. vs Villarreal Club de Fútbol S.A.D.: Numbers: 0 and 11.
[2382253] Failed to build match row: Elche Club de Fútbol S.A.D. vs Villarreal Club de Fútbol S.A.D.

Keepers & outfield error for **Elche Club de Fútbol S.A.D.** in Elche Club de Fútbol S.A.D. vs Athletic Club Bilbao: Numbers: 0 and 11.
[2341300] Failed to build match row: Elche Club de Fútbol S.A.D. vs Athletic Club Bilbao
[3212127] Could not find attributes for vasiliy lukichev (FC Kolomna, 2019)
[2322040] Could not find attributes for jukka lehtovaara (Turun Palloseura, 2013)
[3212127] Failed to build match row: FC Kolomna vs Leon Saturn Ramenskoe
[2459890] Failed to scrape lineup: https://www.transfermarkt.co.uk/vitesse-arnhem_fc-utrecht/index/spielbericht/2459890
[2322040] Failed to build match row: Turun Palloseura vs Jeunesse Esch
[3208728] Could not find attributes for nemanja radoja (Levante Unión Deportiva S.A.D., 2019)
[3208728] Failed to build match row: Levante Unión Deportiva S.A.D. vs Espanol
[2470083] Could not find attributes for berat tosun (Gençlerbirliği Spor Kulübü, 2014)
[2872382] Failed to scrape lineup: https://www.transfermarkt.co.uk/swansea-city_burnley-fc/index/spielbericht/2872382
[2470083] Failed to build match row: Gençlerbirliği Spor Kulübü vs Beşiktaş Jimnastik Kulübü
[2747453] Could not find attributes for filip djuricic (UC Sampdoria, 2016)
[2747453] Failed to build match row: UC Sampdoria vs Cagliari Calcio
[3055705] Could not find attributes for james taylor (Glenavon FC, 2018)
[3055705] Failed to build match row: Molde Fotballklubb vs Glenavon FC
[2919780] Failed to scrape lineup: https://www.transfermarkt.co.uk/spielbericht/index/spielbericht/2919780
[2335270] Could not find attributes for roman emeljanov (FK Rostov, 2013)
[2335270] Failed to build match row: FK Rostov vs FK Dinamo Moskva
[2346365] Could not find attributes for harun tekin (Bursaspor, 2013)
[2942900] Failed to scrape lineup: https://www.transfermarkt.co.uk/as-saint-etienne_fc-girondins-bordeaux/index/spielbericht/2942900
[2346365] Failed to build match row: Bursaspor vs Trabzonspor Kulübü
[2360902] Failed to scrape lineup: https://www.transfermarkt.co.uk/spielbericht/index/spielbericht/2360902
[3081366] Could not find attributes for albin ekdal (UC Sampdoria, 2018)
[3081366] Failed to build match row: UC Sampdoria vs Società Sportiva Lazio S.p.A.
[3252865] Failed to scrape lineup: https://www.transfermarkt.co.uk/spielbericht/index/spielbericht/3252865
[2891598] Could not find attributes for georgios athanasiadis (A.G.S Asteras Tripolis, 2017)
[2891598] Failed to build match row: A.G.S Asteras Tripolis vs Panthessalonikios Athlitikos Omilos Konstantinoupoliton

Keepers & outfield error for **Paris Saint-Germain Football Club** in Paris Saint-Germain Football Club vs Racing Club de Lens: Numbers: 2 and 9.
[2482376] Failed to build match row: Paris Saint-Germain Football Club vs Racing Club de Lens

Keepers & outfield error for **FC Girondins Bordeaux** in FC Girondins Bordeaux vs Racing Club de Strasbourg Alsace: Numbers: 2 and 9.
[3199532] Failed to build match row: FC Girondins Bordeaux vs Racing Club de Strasbourg Alsace
[2883758] Could not find attributes for ponck (Desportivo Aves (- 2020), 2017)
[2883758] Failed to build match row: CD Feirense vs Desportivo Aves (- 2020)
[2620445] Failed to scrape lineup: https://www.transfermarkt.co.uk/fc-ufa_ural-yekaterinburg/index/spielbericht/2620445
[2899796] Could not find attributes for maxime lestienne (Málaga CF, 2017)
[2899796] Failed to build match row: Athletic Club Bilbao vs Málaga CF
[2609734] Could not find attributes for morgan amalfitano (Lille Olympique Sporting Club, 2015)

Keepers & outfield error for **Club Atlético Osasuna** in Club Atlético Osasuna vs Valencia Club de Fútbol S. A. D.: Numbers: 2 and 9.
[2609734] Failed to build match row: Lille Olympique Sporting Club vs Olympique Lyonnais
[3208729] Failed to build match row: Club Atlético Osasuna vs Valencia Club de Fútbol S. A. D.
[2728516] Could not find attributes for ryan nektarios edwards (Partick Thistle FC, 2016)
[2341301] Could not find attributes for joseba zaldua (Real Sociedad de Fútbol S.A.D., 2013)
[2728516] Failed to build match row: Partick Thistle FC vs Hamilton Academical FC
[2341301] Failed to build match row: Real Sociedad de Fútbol S.A.D. vs Real Valladolid CF
[3222988] Could not find attributes for kristian joensen (KÍ Klaksvík, 2019)
[3222988] Failed to build match row: FC Luzern vs KÍ Klaksvík
[2346366] Could not find attributes for saso fornezzi (Antalyaspor, 2013)
[2492383] Could not find attributes for toni doblas (HJK Helsinki, 2014)
[2591999] Could not find attributes for konstantinos panagi (Omonia Nicosia, 2015)
[2722647] Failed to scrape lineup: https://www.transfermarkt.co.uk/basaksehir-fk_konyaspor/index/spielbericht/2722647

Keepers & outfield error for **Málaga CF** in Club Atlético Osasuna vs Málaga CF: Numbers: 0 and 11.
[2470084] Could not find attributes for marcio mossoro (İstanbul Başakşehir Futbol Kulübü, 2014)
[2470084] Failed to build match row: Kasımpaşa A.Ş. vs İstanbul Başakşehir Futbol Kulübü
[2346366] Failed to build match row: Antalyaspor vs Elazigspor
[2382254] Failed to build match row: Club Atlético Osasuna vs Málaga CF
[2591999] Failed to build match row: Omonia Nicosia vs Jagiellonia-Bialystok Sportowa Spólka Akcyjna
[2492383] Failed to build match row: Club Brugge Koninklijke Voetbalvereniging vs HJK Helsinki
[2331106] Could not find attributes for itay shechter (Football Club de Nantes, 2013)
[3077869] Could not find attributes for eduard baychora (Mashuk-KMV Pyatigorsk, 2018)
[3229456] Failed to scrape lineup: https://www.transfermarkt.co.uk/cagliari-calcio_atalanta-bc/index/spielbericht/3229456
[2771910] Could not find attributes for calum dingwall (Formartine United FC, 2016)
[2503745] Could not find attributes for boban bajkovic (Lierse SK (- 2018), 2014)
[3077869] Failed to build match row: Mashuk-KMV Pyatigorsk vs Dinamo Stavropol
deaux
[2482377] Could not find attributes for thibault giresse (EA Guingamp, 2014)
[2771910] Failed to build match row: Formartine United FC vs Annan Athletic FC
[2482377] Failed to build match row: EA Guingamp vs Lille Olympique Sporting Club
[2503745] Failed to build match row: Lierse SK (- 2018) vs Yellow-Red Koninklijke Voetbalclub Mechelen
[2891599] Could not find attributes for matic kotnik (Panionios Athens, 2017)
[2883759] Could not find attributes for fabio coentrao (Sporting Clube de Portugal, 2017)

Keepers & outfield error for **Athletic Club Bilbao** in Athletic Club Bilbao vs Valencia Club de Fútbol S. A. D.: Numbers: 2 and 9.
[2891599] Failed to build match row: Athlitiki Enosi Konstantinoupoleos vs Panionios Athens
[2899797] Failed to build match row: Athletic Club Bilbao vs Valencia Club de Fútbol S. A. D.
[2883759] Failed to build match row: Sporting Clube de Portugal vs CF Os Belenenses
[3081367] Failed to scrape lineup: https://www.transfermarkt.co.uk/torino-fc_ac-milan/index/spielbericht/3081367
[2750712] Failed to scrape lineup: https://www.transfermarkt.co.uk/spielbericht/index/spielbericht/2750712
[3055706] Failed to scrape lineup: https://www.transfermarkt.co.uk/spielbericht/index/spielbericht/3055706
[2524878] Could not find attributes for darren ambrose (Ipswich Town, 2014)
[2524878] Failed to build match row: Ipswich Town vs Southampton FC
[2335271] Could not find attributes for georgiy gabulov (FK Rostov, 2013)
[2335271] Failed to build match row: FK Rostov vs Футбольный клуб "Локомотив" Москва
[2346367] Failed to scrape lineup: https://www.transfermarkt.co.uk/besiktas-jk_kasimpasa/index/spielbericht/2346367
[2582004] Could not find attributes for lukasz zaluska (SV Darmstadt 98, 2015)
[2582004] Failed to build match row: SV Darmstadt 98 vs Mönchengladbach
[2722648] Could not find attributes for abdul rahman khalili (Gençlerbirliği Spor Kulübü, 2016)
[2722648] Failed to build match row: Gençlerbirliği Spor Kulübü vs Galatasaray Spor Kulübü

Keepers & outfield error for **Rayo Vallecano de Madrid S. A. D.** in Real Madrid Club de Fútbol vs Rayo Vallecano de Madrid S. A. D.: Numbers: 0 and 11.
[2341302] Failed to build match row: Real Madrid Club de Fútbol vs Rayo Vallecano de Madrid S. A. D.
[2503746] Could not find attributes for aleksandar cavric (Koninklijke Racing Club Genk, 2014)
[2503746] Failed to build match row: SK Beveren vs Koninklijke Racing Club Genk
[2620447] Failed to scrape lineup: https://www.transfermarkt.co.uk/fc-rostov_anzhi-makhachkala-2022-/index/spielbericht/2620447
[2331107] Failed to scrape lineup: https://www.transfermarkt.co.uk/fc-sochaux-montbeliard_olympique-marseille/index/spielbericht/2331107
[2609736] Failed to scrape lineup: https://www.transfermarkt.co.uk/paris-saint-germain_stade-reims/index/spielbericht/2609736
[3139963] Could not find attributes for olivier deschacht (KSC Lokeren (- 2020), 2018)
[3139963] Failed to build match row: KSC Lokeren (- 2020) vs Sportvereniging Zulte Waregem
[3222989] Could not find attributes for sebastien flauss (FC Progrès Niederkorn, 2019)
[3222989] Failed to build match row: Rangers Football Club vs FC Progrès Niederkorn
[2891601] Could not find attributes for filip kljajic (AO Platanias, 2017)
[2771911] Could not find attributes for stuart knight (Forres Mechanics FC, 2016)
[2771911] Failed to build match row: Forres Mechanics FC vs Stenhousemuir FC

Keepers & outfield error for **Sport Lisboa e Benfica** in Futebol Clube do Porto vs Sport Lisboa e Benfica: Numbers: 0 and 11.
[2919781] Could not find attributes for muhamed besic (Everton Football Club, 2017)
[2883760] Failed to build match row: Futebol Clube do Porto vs Sport Lisboa e Benfica
[2919781] Failed to build match row: Atalanta Bergamasca Calcio S.p.a. vs Everton Football Club
[2700743] Could not find attributes for rochdi achenteh (Go Ahead Eagles, 2016)
[2700743] Failed to build match row: Go Ahead Eagles vs Willem II Tilburg
[3055707] Failed to scrape lineup: https://www.transfermarkt.co.uk/spielbericht/index/spielbericht/3055707
cht/2942903
[3098754] Failed to scrape lineup: https://www.transfermarkt.co.uk/spielbericht/index/spielbericht/3098754
[2524879] Failed to scrape lineup: https://www.transfermarkt.co.uk/spielbericht/index/spielbericht/2524879
[3394890] Could not find attributes for yuto nagatomo (Olympique de Marseille, 2020)
[3394890] Failed to build match row: Olympique de Marseille vs Stade brestois 29
[3208731] Could not find attributes for moi gomez (Villarreal Club de Fútbol S.A.D., 2019)
[2346368] Failed to scrape lineup: https://www.transfermarkt.co.uk/akhisar-belediyespor_fenerbahce/index/spielbericht/2346368
[2604007] Could not find attributes for albano bizzarri (Chievo Verona, 2015)
[3208731] Failed to build match row: Villarreal Club de Fútbol S.A.D. vs Alaves
[2604007] Failed to build match row: Chievo Verona vs Football Club Internazionale Milano S.p.A.

Keepers & outfield error for **Valencia Club de Fútbol S. A. D.** in Valencia Club de Fútbol S. A. D. vs Real Betis Balompié S.A.D.: Numbers: 0 and 11.
[2899798] Failed to build match row: Valencia Club de Fútbol S. A. D. vs Real Betis Balompié S.A.D.
[2592000] Could not find attributes for milos volesak (MSK Zilina, 2015)
[2592000] Failed to build match row: MSK Zilina vs Dacia Chisinau
[2609737] Failed to scrape lineup: https://www.transfermarkt.co.uk/sc-bastia_fc-nantes/index/spielbericht/2609737
[2335272] Could not find attributes for martin jiranek (Tom Tomsk, 2013)
[2335272] Failed to build match row: Tom Tomsk vs FK Krasnodar

Keepers & outfield error for **UC Sampdoria** in UC Sampdoria vs Udinese Calcio: Numbers: 0 and 11.

Keepers & outfield error for **RFK Akhmat Grozny** in RFK Akhmat Grozny vs FK Ufa: Numbers: 2 and 9.
[2478745] Failed to build match row: UC Sampdoria vs Udinese Calcio
[2620448] Failed to build match row: RFK Akhmat Grozny vs FK Ufa
[3055708] Failed to scrape lineup: https://www.transfermarkt.co.uk/spielbericht/index/spielbericht/3055708

Keepers & outfield error for **Koninklijke Racing Club Genk** in Koninklijke Racing Club Genk vs Royal Excel Mouscron (-2022): Numbers: 2 and 9.
[2942904] Failed to scrape lineup: https://www.transfermarkt.co.uk/fc-toulouse_losc-lille/index/spielbericht/2942904
[2883761] Failed to scrape lineup: https://www.transfermarkt.co.uk/gd-chaves_boavista-fc/index/spielbericht/2883761
[3139964] Failed to build match row: Koninklijke Racing Club Genk vs Royal Excel Mouscron (-2022)
[2341303] Could not find attributes for riki (Granada CF, 2013)
[2341303] Failed to build match row: Málaga CF vs Granada CF
[2891602] Failed to scrape lineup: https://www.transfermarkt.co.uk/aok-kerkyra_pas-giannina/index/spielbericht/2891602
[2582797] Could not find attributes for aritm (FK Krasnodar, 2015)
[2700744] Could not find attributes for hicham faik (Excelsior Rotterdam, 2016)
[2582797] Failed to build match row: Amkar Perm vs FK Krasnodar
[2700744] Failed to build match row: Vitesse Arnhem vs Excelsior Rotterdam
[2750714] Could not find attributes for roman gurin (Myr Gornostaivka, 2016)
[2771912] Could not find attributes for graeme smith (Peterhead FC, 2016)
[2750714] Failed to build match row: Myr Gornostaivka vs NK Veres Rivne
[3078302] Could not find attributes for evgeniy malofeev (Luki-Energia Velikie Luki, 2018)
[2771912] Failed to build match row: Peterhead FC vs Alloa Athletic FC
[3078302] Failed to build match row: Luki-Energia Velikie Luki vs Pskov-747 (-2020)

Keepers & outfield error for **Olympique Lyonnais** in Stade Reims vs Olympique Lyonnais: Numbers: 2 and 9.
[2360906] Could not find attributes for egemen korkmaz (Fenerbahçe Spor Kulübü, 2013)
[2360906] Failed to build match row: Arsenal Football Club vs Fenerbahçe Spor Kulübü
[3394891] Failed to build match row: Stade Reims vs Olympique Lyonnais

Keepers & outfield error for **SD Eibar** in Real Valladolid CF vs SD Eibar: Numbers: 2 and 9.
[2609738] Could not find attributes for saidi ntibazonkiza (SM Caen, 2015)
[3208732] Failed to build match row: Real Valladolid CF vs SD Eibar
[2335273] Could not find attributes for mario fernandes (PFK CSKA Moskva, 2013)
[2609738] Failed to build match row: SM Caen vs Rennes
[2335273] Failed to build match row: PFK CSKA Moskva vs Tom Tomsk
[3222990] Could not find attributes for kostyantyn makhnovskyi (JFK Ventspils, 2019)
[3222990] Failed to build match row: JFK Ventspils vs Gzira United FC
Not enough players found for lineup: 11, 0.
[2503747] Failed to scrape lineup: https://www.transfermarkt.co.uk/r-charleroi-sc_kv-oostende-2024-/index/spielbericht/2503747
[2620449] Could not find attributes for aleksandr belenov (Kuban Krasnodar (-2018), 2015)
[2620449] Failed to build match row: Kuban Krasnodar (-2018) vs FK Spartak Moskva

Keepers & outfield error for **Trabzonspor Kulübü** in Trabzonspor Kulübü vs Kayseri Erciyesspor: Numbers: 0 and 11.
[2470085] Failed to build match row: Trabzonspor Kulübü vs Kayseri Erciyesspor

Keepers & outfield error for **Vitória Setúbal FC** in Vitória Setúbal FC vs Vitória Sport Clube: Numbers: 2 and 9.
[2883762] Failed to build match row: Vitória Setúbal FC vs Vitória Sport Clube
[3081369] Failed to scrape lineup: https://www.transfermarkt.co.uk/chievo-verona_parma-calcio-1913/index/spielbericht/3081369
[2942905] Failed to scrape lineup: https://www.transfermarkt.co.uk/olympique-lyon_estac-troyes/index/spielbericht/2942905
[2716712] Could not find attributes for yannis salibur (EA Guingamp, 2016)
[2716712] Failed to build match row: EA Guingamp vs Rennes
[2582798] Failed to scrape lineup: https://www.transfermarkt.co.uk/anzhi-makhachkala-2022-_krylya-sovetov-samara/index/spielbericht/2582798
[2697640] Failed to scrape lineup: https://www.transfermarkt.co.uk/silkeborg-if_fc-midtjylland/index/spielbericht/2697640
[2722649] Could not find attributes for frantisek rajtoral (Gaziantepspor (- 2020), 2016)
[2722649] Failed to build match row: Kasımpaşa A.Ş. vs Gaziantepspor (- 2020)
[3098755] Could not find attributes for fabio dixon (FC Zürich, 2018)
[3098755] Failed to build match row: FC Zürich vs AEK Larnaca
[3078592] Failed to scrape lineup: https://www.transfermarkt.co.uk/spielbericht/index/spielbericht/3078592
[2891603] Could not find attributes for dimitrios chantakias (Panetolikos Agrinio, 2017)
[2604009] Failed to scrape lineup: https://www.transfermarkt.co.uk/ac-milan_us-palermo/index/spielbericht/2604009

Keepers & outfield error for **Sport Lisboa e Benfica** in Clube Desportivo Santa Clara vs Sport Lisboa e Benfica: Numbers: 2 and 9.
[2891603] Failed to build match row: Panetolikos Agrinio vs PAS Giannina
[3069546] Failed to build match row: Clube Desportivo Santa Clara vs Sport Lisboa e Benfica
Not enough players found for lineup: 0, 0.
[3394892] Failed to scrape lineup: https://www.transfermarkt.co.uk/stade-rennais-fc_rc-strasbourg-alsace/index/spielbericht/3394892
[2482378] Could not find attributes for didier ndong (Football Club Lorient-Bretagne Sud, 2014)
[2750715] Failed to scrape lineup: https://www.transfermarkt.co.uk/spielbericht/index/spielbericht/2750715
[2460298] Could not find attributes for kasper schmeichel (Leicester City, 2014)
[2592001] Could not find attributes for alo barengrub (Kalju FC, 2015)
[2771913] Could not find attributes for scott gibson (Queen's Park FC, 2016)
[2460298] Failed to build match row: Leicester City vs Everton Football Club

Keepers & outfield error for **Cesena FC** in Unione Sportiva Sassuolo Calcio vs Cesena FC: Numbers: 2 and 9.
[2771913] Failed to build match row: Queen's Park FC vs Montrose FC
[2919782] Could not find attributes for andrej prskalo (Hrvatski Nogometni Klub Rijeka, 2017)
[2335274] Could not find attributes for mario fernandes (PFK CSKA Moskva, 2013)
[2478746] Failed to build match row: Unione Sportiva Sassuolo Calcio vs Cesena FC
[2919782] Failed to build match row: Hrvatski Nogometni Klub Rijeka vs Athlitiki Enosi Konstantinoupoleos
[3208742] Could not find attributes for diego costa (Club Atlético de Madrid S.A.D., 2019)
[2335274] Failed to build match row: PFK CSKA Moskva vs AO FK Zenit Sankt-Peterburg

Keepers & outfield error for **Manchester United Football Club** in Manchester United Football Club vs Club Brugge Koninklijke Voetbalvereniging: Numbers: 0 and 11.
[3208742] Failed to build match row: Alaves vs Club Atlético de Madrid S.A.D.
[3292008] Failed to build match row: Manchester United Football Club vs Club Brugge Koninklijke Voetbalvereniging
[2864999] Could not find attributes for yassin ayoub (Football Club Utrecht, 2017)
[2883763] Could not find attributes for zizo (Moreirense Futebol Clube, 2017)
[2864999] Failed to build match row: Football Club Groningen vs Football Club Utrecht
[2883763] Failed to build match row: Moreirense Futebol Clube vs CS Marítimo
[2503748] Could not find attributes for jeremy labor (Sportvereniging Zulte Waregem, 2014)
[2503748] Failed to build match row: Sportvereniging Zulte Waregem vs Cercle Brugge Koninklijke Sportvereniging
[3139965] Failed to scrape lineup: https://www.transfermarkt.co.uk/kv-oostende_club-brugge-kv/index/spielbericht/3139965
[2346369] Could not find attributes for gokhan degirmenci (Kayseri Erciyesspor, 2013)
[3081370] Could not find attributes for merih demiral (Unione Sportiva Sassuolo Calcio, 2018)
[2346369] Failed to build match row: Kayseri Erciyesspor vs Gaziantepspor (- 2020)
[3081370] Failed to build match row: Associazione Calcio Fiorentina vs Unione Sportiva Sassuolo Calcio
[2492384] Could not find attributes for lazar cirkovic (Fudbalski Klub Partizan Beograd, 2014)
[3222991] Could not find attributes for guy haimov (Maccabi Haifa, 2019)
[2492384] Failed to build match row: Fudbalski Klub Partizan Beograd vs Tottenham Hotspur Football Club
[2609739] Could not find attributes for alban lafont (Toulouse Football Club, 2015)
[3222991] Failed to build match row: Racing Club de Strasbourg Alsace vs Maccabi Haifa
[2609739] Failed to build match row: Toulouse Football Club vs GFC Ajaccio
[2891604] Could not find attributes for theofanis tzandaris (Panathinaikos Athlitikos Omilos, 2017)
[3199536] Could not find attributes for julio tavares (Dijon FCO, 2019)
[2891604] Failed to build match row: Athlitiki Enosi Konstantinoupoleos vs Panathinaikos Athlitikos Omilos
[3199536] Failed to build match row: Amiens SC vs Dijon FCO
[3098756] Could not find attributes for rafael forster (Ludogorets Razgrad, 2018)

Keepers & outfield error for **West Ham United Football Club** in West Ham United Football Club vs Watford FC: Numbers: 0 and 11.
[3069547] Could not find attributes for jota (Clube Desportivo Nacional, 2018)
Razgrad
[2872384] Failed to build match row: West Ham United Football Club vs Watford FC
[3069547] Failed to build match row: Clube Desportivo Nacional vs B SAD
[2482379] Failed to scrape lineup: https://www.transfermarkt.co.uk/fc-toulouse_olympique-marseille/index/spielbericht/2482379
[3394893] Could not find attributes for saidou sow (AS Saint-Étienne, 2020)
[3078609] Failed to scrape lineup: https://www.transfermarkt.co.uk/spielbericht/index/spielbericht/3078609
[3394893] Failed to build match row: Angers Sporting Club de l'Ouest vs AS Saint-Étienne
[2620451] Failed to scrape lineup: https://www.transfermarkt.co.uk/zenit-st-petersburg_amkar-perm/index/spielbericht/2620451
[2335275] Could not find attributes for mario fernandes (PFK CSKA Moskva, 2013)
[2716713] Could not find attributes for stephane sessegnon (Montpellier HSC, 2016)
[2335275] Failed to build match row: PFK CSKA Moskva vs FC Rubin Kazan
[2716713] Failed to build match row: Football Club de Metz vs Montpellier HSC
[2750716] Could not find attributes for yevgen galchuk (FK Mariupol, 2016)
[2750716] Failed to build match row: FK Mariupol vs FK Ternopil
[3292009] Could not find attributes for dragos grigore (Ludogorets Razgrad, 2019)
[3292009] Failed to build match row: Football Club Internazionale Milano S.p.A. vs Ludogorets Razgrad
[2919783] Could not find attributes for florian klein (Fußballklub Austria Wien, 2017)
[2470087] Could not find attributes for furkan ozcal (Kardemir Karabükspor, 2014)
[2728522] Could not find attributes for tom hateley (Dundee Football Club, 2016)
[2919783] Failed to build match row: Fußballklub Austria Wien vs Associazione Calcio Milan
[2883764] Failed to scrape lineup: https://www.transfermarkt.co.uk/cd-tondela_rio-ave-fc/index/spielbericht/2883764
[2470087] Failed to build match row: Kardemir Karabükspor vs Fenerbahçe Spor Kulübü
[2582800] Failed to scrape lineup: https://www.transfermarkt.co.uk/kuban-krasnodar-2018-_ural-yekaterinburg/index/spielbericht/2582800
[3222992] Failed to scrape lineup: https://www.transfermarkt.co.uk/spielbericht/index/spielbericht/3222992
[2728522] Failed to build match row: Heart of Midlothian Football Club vs Dundee Football Club
[2722650] Could not find attributes for ermin zec (Kardemir Karabükspor, 2016)
[3229458] Failed to scrape lineup: https://www.transfermarkt.co.uk/parma-calcio-1913_acf-fiorentina/index/spielbericht/3229458
[2382256] Could not find attributes for jesus tamayo (AD Alcorcón, 2013)
[2872385] Failed to scrape lineup: https://www.transfermarkt.co.uk/afc-bournemouth_newcastle-united/index/spielbericht/2872385
[2722650] Failed to build match row: Adanaspor vs Kardemir Karabükspor
[2382256] Failed to build match row: Granada CF vs AD Alcorcón
[2346370] Could not find attributes for nihat sahin (Sivasspor, 2013)
[2942906] Failed to scrape lineup: https://www.transfermarkt.co.uk/olympique-marseille_ogc-nice/index/spielbericht/2942906
[2700747] Failed to scrape lineup: https://www.transfermarkt.co.uk/nec-nijmegen_twente-enschede-fc/index/spielbericht/2700747
[2346370] Failed to build match row: Sivasspor vs Akhisarspor
[2609740] Could not find attributes for saidi ntibazonkiza (SM Caen, 2015)
[2609740] Failed to build match row: AS Saint-Étienne vs SM Caen

Keepers & outfield error for **Portimonense SC** in Portimonense SC vs Sporting Clube de Braga: Numbers: 0 and 11.
[3069548] Failed to build match row: Portimonense SC vs Sporting Clube de Braga

Keepers & outfield error for **Olympique Gymnaste Club Nice Côte d'Azur** in Stade brestois 29 vs Olympique Gymnaste Club Nice Côte d'Azur: Numbers: 2 and 9.
[2492385] Could not find attributes for athanasios panteliadis (A.G.S Asteras Tripolis, 2014)
[3199537] Failed to build match row: Stade brestois 29 vs Olympique Gymnaste Club Nice Côte d'Azur
[2492385] Failed to build match row: Beşiktaş Jimnastik Kulübü vs A.G.S Asteras Tripolis
[3055709] Could not find attributes for valentin cojocaru (F.C.V. Farul Constanța SA, 2018)

Keepers & outfield error for **Футбольный клуб "Локомотив" Москва** in Футбольный клуб "Локомотив" Москва vs PFK Krylya Sovetov Samara: Numbers: 0 and 11.
[3055709] Failed to build match row: F.C.V. Farul Constanța SA vs Racing FC Union Luxembourg
[2620452] Failed to build match row: Футбольный клуб "Локомотив" Москва vs PFK Krylya Sovetov Samara
[2891605] Failed to build match row: Apollon Smyrnis vs Athlitiki Enosi Larisas
Not enough players found for lineup: 0, 0.
[2750717] Failed to scrape lineup: https://www.transfermarkt.co.uk/spielbericht/index/spielbericht/2750717

Keepers & outfield error for **FC Girondins Bordeaux** in Dijon FCO vs FC Girondins Bordeaux: Numbers: 2 and 9.
[3394894] Failed to build match row: Dijon FCO vs FC Girondins Bordeaux
[2883765] Could not find attributes for ponck (Desportivo Aves (- 2020), 2017)
[2919784] Could not find attributes for cosmin moti (Ludogorets Razgrad, 2017)
[2470088] Could not find attributes for didier zokora (Akhisarspor, 2014)
[2919784] Failed to build match row: İstanbul Başakşehir Futbol Kulübü vs Ludogorets Razgrad
[2883765] Failed to build match row: Desportivo Aves (- 2020) vs Clube Desportivo de Tondela
[2865019] Could not find attributes for etien velikonja (Willem II Tilburg, 2017)
[2470088] Failed to build match row: Akhisarspor vs Balikesirspor
[2865019] Failed to build match row: Willem II Tilburg vs ADO Den Haag
[3229459] Could not find attributes for mato jajalo (Udinese Calcio, 2019)
[3229459] Failed to build match row: Udinese Calcio vs Genoa Cricket and Football Club
[3208744] Could not find attributes for ansu fati (Futbol Club Barcelona, 2019)
[2771914] Could not find attributes for jason naismith (Saint Mirren Football Club, 2016)
[2478748] Failed to scrape lineup: https://www.transfermarkt.co.uk/ac-cesena_ssc-napoli/index/spielbericht/2478748
[3208744] Failed to build match row: Futbol Club Barcelona vs Real Valladolid CF
[2771914] Failed to build match row: Saint Mirren Football Club vs The Spartans FC
[2722651] Could not find attributes for jan durica (Trabzonspor Kulübü, 2016)

Keepers & outfield error for **Real Betis Balompié S.A.D.** in Real Betis Balompié S.A.D. vs Real Sociedad de Fútbol S.A.D.: Numbers: 2 and 9.
[2722651] Failed to build match row: Trabzonspor Kulübü vs Akhisarspor
[2592002] Could not find attributes for pavels davidovs (FK Spartaks Jurmala, 2015)
[2482380] Could not find attributes for ferjani sassi (Football Club de Metz, 2014)
[2899801] Failed to build match row: Real Betis Balompié S.A.D. vs Real Sociedad de Fútbol S.A.D.
[2592002] Failed to build match row: FK Spartaks Jurmala vs Fudbalski Klub Vojvodina
[2482380] Failed to build match row: Rennes vs Football Club de Metz
[2891606] Could not find attributes for aristotelis karasalidis (APS Atromitos Athinon, 2017)
[2891606] Failed to build match row: APS Atromitos Athinon vs Panthessalonikios Athlitikos Omilos Konstantinoupoliton
[3078611] Failed to build match row: Fenerbahçe Spor Kulübü vs Sport Lisboa e Benfica
[3047570] Could not find attributes for jean clair todibo (Toulouse Football Club, 2018)
[2492386] Could not find attributes for jose sosa (Beşiktaş Jimnastik Kulübü, 2014)
[2609741] Could not find attributes for ludovic blas (EA Guingamp, 2015)
[3047570] Failed to build match row: Toulouse Football Club vs Montpellier HSC
[3139966] Could not find attributes for yari verschaeren (Royal Sporting Club Anderlecht, 2018)
[2492386] Failed to build match row: Tottenham Hotspur Football Club vs Beşiktaş Jimnastik Kulübü
[2609741] Failed to build match row: EA Guingamp vs Angers Sporting Club de l'Ouest
[3139966] Failed to build match row: Royal Sporting Club Anderlecht vs KAS Eupen
[2728523] Failed to scrape lineup: https://www.transfermarkt.co.uk/inverness-caledonian-thistle-fc_rangers-fc/index/spielbericht/2728523
[3212128] Failed to scrape lineup: https://www.transfermarkt.co.uk/spielbericht/index/spielbericht/3212128
[3055710] Could not find attributes for andrey gorbunov (Dinamo Minsk, 2018)

Keepers & outfield error for **Sporting Clube de Braga** in Turn- und Sportgemeinschaft 1899 Hoffenheim Fußball-Spielbetriebs vs Sporting Clube de Braga: Numbers: 0 and 11.
[3055710] Failed to build match row: Derry City vs Dinamo Minsk
[3069549] Could not find attributes for fabio coentrao (Rio Ave Futebol Clube, 2018)
[2919785] Failed to build match row: Turn- und Sportgemeinschaft 1899 Hoffenheim Fußball-Spielbetriebs vs Sporting Clube de Braga
[3069549] Failed to build match row: Rio Ave Futebol Clube vs Vitória Setúbal FC
[2524881] Could not find attributes for dominic iorfa (Wolverhampton Wanderers Football Club, 2014)
[2524881] Failed to build match row: Wolverhampton Wanderers Football Club vs Fulham Football Club
[2722652] Could not find attributes for davide petrucci (Çaykur Rizespor Kulübü, 2016)
[2582801] Could not find attributes for maksim grigorjev (Футбольный клуб "Локомотив" Москва, 2015)
[2722652] Failed to build match row: Antalyaspor vs Çaykur Rizespor Kulübü
[2582801] Failed to build match row: Mordovia Saransk (-2020) vs Футбольный клуб "Локомотив" Москва
[2322041] Could not find attributes for artjom artjunin (FCI Levadia, 2013)
[2322041] Failed to build match row: FCI Levadia vs Bala Town

Keepers & outfield error for **Association sportive de Monaco Football Club** in Thonon Évian Grand Genève FC vs Association sportive de Monaco Football Club: Numbers: 2 and 9.
[2482381] Failed to build match row: Thonon Évian Grand Genève FC vs Association sportive de Monaco Football Club
[2592003] Could not find attributes for andrei cordos (Asociația Fotbal Club Botoșani, 2015)
[2592003] Failed to build match row: Asociația Fotbal Club Botoșani vs Legia Warszawa Spółka Akcyjna
[2382257] Failed to scrape lineup: https://www.transfermarkt.co.uk/spielbericht/index/spielbericht/2382257
[2503751] Failed to scrape lineup: https://www.transfermarkt.co.uk/rsc-anderlecht_standard-liege/index/spielbericht/2503751
[3208745] Failed to scrape lineup: https://www.transfermarkt.co.uk/real-betis-balompie_celta-de-vigo/index/spielbericht/3208745
[3222993] Could not find attributes for joel mall (Apollon Limassol, 2019)
[3222993] Failed to build match row: Shamrock Rovers vs Apollon Limassol
[2470089] Could not find attributes for kaan kanak (Eskisehirspor, 2014)
[3252866] Could not find attributes for crysencio summerville (ADO Den Haag, 2019)
[2470089] Failed to build match row: Konyaspor vs Eskisehirspor
[3098759] Failed to scrape lineup: https://www.transfermarkt.co.uk/spielbericht/index/spielbericht/3098759
[2891607] Could not find attributes for georgios athanasiadis (A.G.S Asteras Tripolis, 2017)
[3252866] Failed to build match row: Fortuna Sittardia Combinatie vs ADO Den Haag
[2609742] Could not find attributes for mouhamadou dabo (ESTAC Troyes, 2015)
[3199539] Failed to scrape lineup: https://www.transfermarkt.co.uk/dijon-fco_fc-metz/index/spielbericht/3199539
[2609742] Failed to build match row: ESTAC Troyes vs Football Club Lorient-Bretagne Sud
[2360915] Could not find attributes for vit benes (FK Jablonec a.s., 2013)
[2891607] Failed to build match row: A.G.S Asteras Tripolis vs AO Platanias
[2335276] Could not find attributes for aleksey kurzenev (Amkar Perm, 2013)
[2360915] Failed to build match row: FK Jablonec a.s. vs Real Betis Balompié S.A.D.
[2942908] Failed to scrape lineup: https://www.transfermarkt.co.uk/sm-caen_as-monaco/index/spielbericht/2942908
[2700749] Failed to scrape lineup: https://www.transfermarkt.co.uk/az-alkmaar_heracles-almelo/index/spielbericht/2700749
[2335276] Failed to build match row: Amkar Perm vs PFK CSKA Moskva
[2717375] Could not find attributes for yannis salibur (EA Guingamp, 2016)
[2717375] Failed to build match row: Olympique Gymnaste Club Nice Côte d'Azur vs EA Guingamp
[2492387] Could not find attributes for athanasios panteliadis (A.G.S Asteras Tripolis, 2014)

Keepers & outfield error for **Alaves** in Alaves vs Real Betis Balompié S.A.D.: Numbers: 2 and 9.
[2899802] Failed to build match row: Alaves vs Real Betis Balompié S.A.D.
[2492387] Failed to build match row: A.G.S Asteras Tripolis vs Fudbalski Klub Partizan Beograd

Keepers & outfield error for **Associazione Calcio Milan** in Associazione Calcio Milan vs Bologna Football Club 1909: Numbers: 2 and 9.
[3081373] Failed to build match row: Associazione Calcio Milan vs Bologna Football Club 1909
[3394895] Failed to scrape lineup: https://www.transfermarkt.co.uk/rc-lens_fc-metz/index/spielbericht/3394895
[3069550] Could not find attributes for nemanja gudelj (Sporting Clube de Portugal, 2018)
[3069550] Failed to build match row: Sporting Clube de Portugal vs Futebol Clube do Porto
[2919786] Could not find attributes for vladimir stojkovic (Fudbalski Klub Partizan Beograd, 2017)
[2919786] Failed to build match row: Berner Sport Club Young Boys vs Fudbalski Klub Partizan Beograd
[2524882] Could not find attributes for alex davey (Scunthorpe United, 2014)
[2524882] Failed to build match row: Chesterfield FC vs Scunthorpe United
[2771915] Could not find attributes for ross mcmillan (Stirling Albion FC, 2016)
[3229460] Could not find attributes for andrea papetti (Brescia Calcio, 2019)
[2771915] Failed to build match row: Stirling Albion FC vs Wick Academy FC
[3229460] Failed to build match row: Brescia Calcio vs Verona Hellas Football Club
[2722653] Could not find attributes for tomas sivok (Bursaspor, 2016)
[2722653] Failed to build match row: Bursaspor vs Ankaraspor
[3055711] Could not find attributes for sergey ignatovich (Dinamo Minsk, 2018)
[2470090] Could not find attributes for umut bulut (Galatasaray Spor Kulübü, 2014)
[3055711] Failed to build match row: Dinamo Minsk vs Derry City
[2470090] Failed to build match row: Galatasaray Spor Kulübü vs Bursaspor
[2592004] Could not find attributes for marijan antolovic (FK Zeljeznicar Sarajevo, 2015)
[2322042] Could not find attributes for aleksandr gutor (Dinamo Minsk, 2013)

Keepers & outfield error for **Sport Lisboa e Benfica** in Sport Lisboa e Benfica vs Grupo Desportivo Estoril Praia: Numbers: 0 and 11.
[2322042] Failed to build match row: Dinamo Minsk vs FK Kruoja Pakruojis (-2015)
[2592004] Failed to build match row: FK Zeljeznicar Sarajevo vs Ferencvárosi TC
[2883767] Failed to build match row: Sport Lisboa e Benfica vs Grupo Desportivo Estoril Praia
[3292010] Could not find attributes for sekou koita (Fußballclub Red Bull Salzburg, 2019)
[3292010] Failed to build match row: Fußballclub Red Bull Salzburg vs Eintracht Frankfurt Fußball AG
[3139971] Could not find attributes for frank boya (Royal Excel Mouscron (-2022), 2018)

Keepers & outfield error for **UD Las Palmas** in UD Las Palmas vs Futbol Club Barcelona: Numbers: 2 and 9.
[3139971] Failed to build match row: Royal Excel Mouscron (-2022) vs Royal Charleroi Sporting Club

Keepers & outfield error for **Aberdeen Football Club** in Aberdeen Football Club vs The Celtic Football Club: Numbers: 0 and 11.
[2750718] Could not find attributes for pylyp popov (Zhemchuzhyna Odesa, 2016)
[2899803] Failed to build match row: UD Las Palmas vs Futbol Club Barcelona
[2382258] Failed to scrape lineup: https://www.transfermarkt.co.uk/spielbericht/index/spielbericht/2382258
[3394896] Failed to build match row: Aberdeen Football Club vs The Celtic Football Club
[2750718] Failed to build match row: Zhemchuzhyna Odesa vs Karpaty Lviv (-2021)
[2360916] Failed to scrape lineup: https://www.transfermarkt.co.uk/spielbericht/index/spielbericht/2360916
[2492388] Could not find attributes for lazar cirkovic (Fudbalski Klub Partizan Beograd, 2014)
[2492388] Failed to build match row: Fudbalski Klub Partizan Beograd vs Beşiktaş Jimnastik Kulübü
[3212129] Could not find attributes for artem sysoev (Kvant Obninsk, 2019)
[3212129] Failed to build match row: Kvant Obninsk vs FK Dolgoprudnyi
[2503752] Could not find attributes for boubacar copa (KSC Lokeren (- 2020), 2014)
[3047572] Could not find attributes for julio tavares (Dijon FCO, 2018)
[3199540] Could not find attributes for jimmy briand (FC Girondins Bordeaux, 2019)
[3047572] Failed to build match row: Dijon FCO vs Nîmes Olympique
[2503752] Failed to build match row: Royal Excel Mouscron (-2022) vs KSC Lokeren (- 2020)
[3199540] Failed to build match row: Rennes vs FC Girondins Bordeaux

Keepers & outfield error for **Vitória Sport Clube** in Vitória Sport Clube vs Moreirense Futebol Clube: Numbers: 0 and 11.
[2717376] Could not find attributes for rod fanni (Olympique de Marseille, 2016)
[3069551] Failed to build match row: Vitória Sport Clube vs Moreirense Futebol Clube
[3229461] Could not find attributes for georgios kyriakopoulos (Unione Sportiva Sassuolo Calcio, 2019)
[2891608] Could not find attributes for moise adilehou (APO Levadiakos Football Club, 2017)
[2717376] Failed to build match row: Olympique de Marseille vs Montpellier HSC
[3229461] Failed to build match row: Unione Sportiva Sassuolo Calcio vs Unione Sportiva Lecce
[2891608] Failed to build match row: APO Levadiakos Football Club vs Olympiakos Syndesmos Filathlon Peiraios
[2470091] Could not find attributes for berat tosun (Gençlerbirliği Spor Kulübü, 2014)
[2470091] Failed to build match row: Gençlerbirliği Spor Kulübü vs Çaykur Rizespor Kulübü
[3222995] Could not find attributes for ognjen cancarevic (Alashkert Yerevan FC, 2019)

Keepers & outfield error for **Футбольный клуб "Локомотив" Москва** in PFK CSKA Moskva vs Футбольный клуб "Локомотив" Москва: Numbers: 0 and 11.
[2620455] Failed to build match row: PFK CSKA Moskva vs Футбольный клуб "Локомотив" Москва
[2322043] Could not find attributes for dyson falzon (Valletta FC, 2013)
[2919787] Could not find attributes for maksym koval (Futbolniy Klub Dynamo Kyiv, 2017)
[3222995] Failed to build match row: Alashkert Yerevan FC vs SC Fotbal Club FCSB SA
[2322043] Failed to build match row: Valletta FC vs La Fiorita 1967
[2722654] Could not find attributes for kenneth omeruo (Alanyaspor, 2016)
[2919787] Failed to build match row: Futbolniy Klub Dynamo Kyiv vs KF Skënderbeu
[2722654] Failed to build match row: Fenerbahçe Spor Kulübü vs Alanyaspor
[2645267] Could not find attributes for faissal el bakhtaoui (Dunfermline Athletic FC, 2015)
[2645267] Failed to build match row: Dunfermline Athletic FC vs Ross County FC
[2609743] Could not find attributes for kylian mbappe (Association sportive de Monaco Football Club, 2015)
[2609743] Failed to build match row: Football Club de Nantes vs Association sportive de Monaco Football Club
[3208747] Could not find attributes for ismail koybasi (Granada CF, 2019)
[3208747] Failed to build match row: Getafe Club de Fútbol S. A. D. Team Dubai vs Granada CF
[2503753] Could not find attributes for aleksandar cavric (Koninklijke Racing Club Genk, 2014)
[2503753] Failed to build match row: Koninklijke Racing Club Genk vs Lierse SK (- 2018)
[3252867] Could not find attributes for nordin bakker (Football Club Volendam, 2019)

Keepers & outfield error for **Espanol** in Espanol vs Rayo Vallecano de Madrid S. A. D.: Numbers: 2 and 9.

Keepers & outfield error for **Boavista FC** in Boavista FC vs Sporting Clube de Portugal: Numbers: 0 and 11.
[2604015] Could not find attributes for albano bizzarri (Chievo Verona, 2015)
[3252867] Failed to build match row: Sparta Rotterdam vs Football Club Volendam

Keepers & outfield error for **RFK Akhmat Grozny** in FK Rostov vs RFK Akhmat Grozny: Numbers: 2 and 9.
[2883768] Failed to build match row: Boavista FC vs Sporting Clube de Portugal
[2341304] Failed to build match row: Espanol vs Rayo Vallecano de Madrid S. A. D.

Keepers & outfield error for **AC Ajaccio** in SC Bastia vs AC Ajaccio: Numbers: 2 and 9.
[2582803] Failed to build match row: FK Rostov vs RFK Akhmat Grozny
[2604015] Failed to build match row: Chievo Verona vs Torino Calcio

Keepers & outfield error for **Olympique Lyonnais** in Olympique Lyonnais vs FC Girondins Bordeaux: Numbers: 2 and 9.
[2331113] Failed to build match row: SC Bastia vs AC Ajaccio
[2482383] Could not find attributes for david ngog (Stade Reims, 2014)
[2482383] Failed to build match row: Stade Reims vs Football Club de Nantes

Keepers & outfield error for **Sevilla Fútbol Club S.A.D.** in Sevilla Fútbol Club S.A.D. vs Athletic Club Bilbao: Numbers: 0 and 11.
[3292011] Could not find attributes for chiquinho (Sport Lisboa e Benfica, 2019)
[3047573] Failed to build match row: Olympique Lyonnais vs FC Girondins Bordeaux
[3292011] Failed to build match row: Sport Lisboa e Benfica vs FC Shakhtar Donetsk
[2899804] Failed to build match row: Sevilla Fútbol Club S.A.D. vs Athletic Club Bilbao
[2492389] Could not find attributes for athanasios panteliadis (A.G.S Asteras Tripolis, 2014)
Not enough players found for lineup: 0, 11.
[2750719] Failed to scrape lineup: https://www.transfermarkt.co.uk/spielbericht/index/spielbericht/2750719
[2492389] Failed to build match row: Tottenham Hotspur Football Club vs A.G.S Asteras Tripolis
[2722655] Could not find attributes for andreas beck (Beşiktaş Jimnastik Kulübü, 2016)
[2722655] Failed to build match row: Kayserispor Kulübü vs Beşiktaş Jimnastik Kulübü
[2919788] Could not find attributes for premysl kovar (SK Slavia Praha, a.s., 2017)
[2470092] Could not find attributes for jose sosa (Beşiktaş Jimnastik Kulübü, 2014)
[2592005] Could not find attributes for gevorg kasparov (Alashkert Yerevan FC, 2015)
[2322044] Could not find attributes for julien weber (FC Differdange 03, 2013)
[2919788] Failed to build match row: SK Slavia Praha, a.s. vs Maccabi Tel Aviv
[2470092] Failed to build match row: Beşiktaş Jimnastik Kulübü vs Mersin Talimyurdu SK
[2592005] Failed to build match row: Alashkert Yerevan FC vs Kairat Almaty
[2322044] Failed to build match row: FC Differdange 03 vs KF Laçi
[2335277] Could not find attributes for jeremy bokila (RFK Akhmat Grozny, 2013)
[3394898] Could not find attributes for devante cole (Motherwell Football Club, 2020)
[2717377] Could not find attributes for jeremy morel (Olympique Lyonnais, 2016)
[2335277] Failed to build match row: Anzhi Makhachkala ( -2022) vs RFK Akhmat Grozny
[2717377] Failed to build match row: Olympique Lyonnais vs Lille Olympique Sporting Club
[3394898] Failed to build match row: Motherwell Football Club vs Ross County FC
[2578065] Could not find attributes for christian fuchs (Leicester City, 2015)
[2578065] Failed to build match row: Leicester City vs Chelsea Football Club
[2382259] Could not find attributes for pau bosch (Club Lleida Esportiu, 2013)
[2891609] Could not find attributes for zivko zivkovic (AO Xanthi, 2017)
[2382259] Failed to build match row: Real Betis Balompié S.A.D. vs Club Lleida Esportiu
[2891609] Failed to build match row: AO Xanthi vs PAS Giannina
[3139973] Could not find attributes for olivier deschacht (KSC Lokeren (- 2020), 2018)
[3139973] Failed to build match row: KV Kortrijk vs KSC Lokeren (- 2020)

Keepers & outfield error for **Olympique de Marseille** in EA Guingamp vs Olympique de Marseille: Numbers: 2 and 9.
[2942911] Failed to build match row: EA Guingamp vs Olympique de Marseille
[3098761] Could not find attributes for matej oravec (Spartak Trnava, 2018)
[3098761] Failed to build match row: Royal Sporting Club Anderlecht vs Spartak Trnava

Keepers & outfield error for **Real Club Deportivo Mallorca S.A.D.** in Real Club Deportivo Mallorca S.A.D. vs Club Atlético Osasuna: Numbers: 2 and 9.
[3208748] Failed to build match row: Real Club Deportivo Mallorca S.A.D. vs Club Atlético Osasuna
[3081376] Could not find attributes for merih demiral (Unione Sportiva Sassuolo Calcio, 2018)
[3081376] Failed to build match row: Unione Sportiva Sassuolo Calcio vs Frosinone Calcio

Keepers & outfield error for **Sporting Clube de Braga** in Sporting Clube de Braga vs Académica Coimbra: Numbers: 2 and 9.
[2460302] Could not find attributes for alejandro faurlin (Queens Park Rangers, 2014)

Keepers & outfield error for **AO FK Zenit Sankt-Peterburg** in AO FK Zenit Sankt-Peterburg vs FK Dinamo Moskva: Numbers: 2 and 9.
[2460302] Failed to build match row: Queens Park Rangers vs Hull City
[2526193] Failed to build match row: Sporting Clube de Braga vs Académica Coimbra
[2582804] Failed to build match row: AO FK Zenit Sankt-Peterburg vs FK Dinamo Moskva
[3078837] Could not find attributes for oleksandr svatok (FC Zorya Lugansk, 2018)
[3078837] Failed to build match row: FC Zorya Lugansk vs Sporting Clube de Braga
[2360917] Could not find attributes for stathis aloneftis (APOEL Nicosia, 2013)
[2360917] Failed to build match row: Sportvereniging Zulte Waregem vs APOEL Nicosia
[2771916] Could not find attributes for ryan thomson (Stranraer FC, 2016)
[2771916] Failed to build match row: Stranraer FC vs East Kilbride FC
[2382260] Could not find attributes for miguel angel corona (UD Almería, 2013)
[2382260] Failed to build match row: UD Almería vs UD Las Palmas
[2335278] Could not find attributes for elmir nabiullin (FC Rubin Kazan, 2013)
[2335278] Failed to build match row: FC Rubin Kazan vs Ural Yekaterinburg
[2865024] Could not find attributes for yassin ayoub (Football Club Utrecht, 2017)
[2865024] Failed to build match row: Football Club Utrecht vs Roda JC Kerkrade
Not enough players found for lineup: 0, 11.
[3212130] Could not find attributes for roman kalyuzhnyi (Olimp Khimki (-2020), 2019)
[3212130] Failed to build match row: Olimp Khimki (-2020) vs Ararat Moskow (-2020)
[2750720] Failed to scrape lineup: https://www.transfermarkt.co.uk/spielbericht/index/spielbericht/2750720
[3222996] Could not find attributes for martin lukov (Lokomotiv Plovdiv, 2019)
[3222996] Failed to build match row: Lokomotiv Plovdiv vs Spartak Trnava
[3069553] Could not find attributes for ponck (Desportivo Aves (- 2020), 2018)
[3069553] Failed to build match row: Desportivo Aves (- 2020) vs CD Feirense

Keepers & outfield error for **Real Madrid Club de Fútbol** in Real Madrid Club de Fútbol vs CD Leganés: Numbers: 2 and 9.

Keepers & outfield error for **Elche Club de Fútbol S.A.D.** in Elche Club de Fútbol S.A.D. vs Villarreal Club de Fútbol S.A.D.: Numbers: 0 and 11.
[2609745] Could not find attributes for casimir ninga (Montpellier HSC, 2015)
[3208749] Failed to build match row: Real Madrid Club de Fútbol vs CD Leganés
[2341305] Failed to build match row: Elche Club de Fútbol S.A.D. vs Villarreal Club de Fútbol S.A.D.
[2700752] Could not find attributes for samuel armenteros (Heracles Almelo, 2016)
[3139974] Could not find attributes for ewoud pletinckx (Sportvereniging Zulte Waregem, 2018)
[2609745] Failed to build match row: Montpellier HSC vs Lille Olympique Sporting Club
[3139974] Failed to build match row: Sportvereniging Zulte Waregem vs Cercle Brugge Koninklijke Sportvereniging

Keepers & outfield error for **Shamrock Rovers** in Shamrock Rovers vs Allmänna Idrottsklubben: Numbers: 0 and 11.
[3055712] Failed to build match row: Shamrock Rovers vs Allmänna Idrottsklubben
[2526194] Could not find attributes for marek cech (Boavista FC, 2014)
[2322045] Could not find attributes for andrey sidelnikov (FK Aktobe, 2013)
[2526194] Failed to build match row: Boavista FC vs CF Os Belenenses

Keepers & outfield error for **Trabzonspor Kulübü** in Fenerbahçe Spor Kulübü vs Trabzonspor Kulübü: Numbers: 0 and 11.
[2322045] Failed to build match row: FK Aktobe vs Gandzasar Kapan
[2470093] Failed to build match row: Fenerbahçe Spor Kulübü vs Trabzonspor Kulübü
[2728527] Could not find attributes for lennard sowah (Hamilton Academical FC, 2016)
[2728527] Failed to build match row: Hamilton Academical FC vs Dundee Football Club

Keepers & outfield error for **AO FK Zenit Sankt-Peterburg** in FK Spartak Moskva vs AO FK Zenit Sankt-Peterburg: Numbers: 2 and 9.
[2620457] Failed to build match row: FK Spartak Moskva vs AO FK Zenit Sankt-Peterburg
[2492390] Could not find attributes for athanasios panteliadis (A.G.S Asteras Tripolis, 2014)
[2492390] Failed to build match row: A.G.S Asteras Tripolis vs Tottenham Hotspur Football Club
[2609746] Failed to scrape lineup: https://www.transfermarkt.co.uk/ogc-nice_sc-bastia/index/spielbericht/2609746
[2335279] Could not find attributes for joaozinho (FK Krasnodar, 2013)
[2335279] Failed to build match row: FK Krasnodar vs Anzhi Makhachkala ( -2022)
[2750721] Could not find attributes for miha goropevsek (Volyn Lutsk, 2016)
[3252868] Could not find attributes for alessandro damen (Excelsior Rotterdam, 2019)
[2750721] Failed to build match row: Volyn Lutsk vs Olimpik Donetsk
[3394899] Could not find attributes for jay emmanuel thomas (Livingston Football Club, 2020)
[2899806] Could not find attributes for brown ideye (Málaga CF, 2017)

Keepers & outfield error for **Association sportive de Monaco Football Club** in Association sportive de Monaco Football Club vs SC Bastia: Numbers: 2 and 9.

Keepers & outfield error for **Verona Hellas Football Club** in Football Club Internazionale Milano S.p.A. vs Verona Hellas Football Club: Numbers: 0 and 11.
[2899806] Failed to build match row: Málaga CF vs Sevilla Fútbol Club S.A.D.
[2919789] Could not find attributes for abzal beysebekov (FC Astana, 2017)
[3252868] Failed to build match row: Excelsior Rotterdam vs Nijmegen Eendracht Combinatie
[3394899] Failed to build match row: Rangers Football Club vs Livingston Football Club

Keepers & outfield error for **Olympique Lyonnais** in Stade Reims vs Olympique Lyonnais: Numbers: 2 and 9.
[2604017] Failed to build match row: Football Club Internazionale Milano S.p.A. vs Verona Hellas Football Club
[2919789] Failed to build match row: Villarreal Club de Fútbol S.A.D. vs FC Astana
[3199543] Failed to build match row: Stade Reims vs Olympique Lyonnais

Keepers & outfield error for **Espanol** in Espanol vs Levante Unión Deportiva S.A.D.: Numbers: 2 and 9.

Keepers & outfield error for **Wolverhampton Wanderers Football Club** in Wolverhampton Wanderers Football Club vs Crusaders FC: Numbers: 0 and 11.
[2341306] Failed to build match row: Espanol vs Levante Unión Deportiva S.A.D.
[3208750] Could not find attributes for nemanja radoja (Levante Unión Deportiva S.A.D., 2019)
[3222997] Failed to build match row: Wolverhampton Wanderers Football Club vs Crusaders FC
[3208750] Failed to build match row: Real Sociedad de Fútbol S.A.D. vs Levante Unión Deportiva S.A.D.

Keepers & outfield error for **Clube Desportivo de Tondela** in GD Chaves vs Clube Desportivo de Tondela: Numbers: 0 and 11.
[3069554] Failed to build match row: GD Chaves vs Clube Desportivo de Tondela
[2883770] Could not find attributes for uri rosell (Portimonense SC, 2017)
[2883770] Failed to build match row: Portimonense SC vs GD Chaves
[2331115] Could not find attributes for stoppila sunzu (FC Sochaux-Montbéliard, 2013)
[2331115] Failed to build match row: FC Sochaux-Montbéliard vs Toulouse Football Club
[2346371] Could not find attributes for ferhat kaplan (Gençlerbirliği Spor Kulübü, 2013)
[2346371] Failed to build match row: Gençlerbirliği Spor Kulübü vs Antalyaspor

Keepers & outfield error for **Sporting Clube de Braga** in Sporting Clube de Braga vs FC Zorya Lugansk: Numbers: 0 and 11.
[3078838] Failed to build match row: Sporting Clube de Braga vs FC Zorya Lugansk
[2322046] Could not find attributes for szabolcs kemenes (Budapest Honvéd FC, 2013)
[2322046] Failed to build match row: Budapest Honvéd FC vs FK Celik Niksic
[3229464] Could not find attributes for albin ekdal (UC Sampdoria, 2019)
[3229464] Failed to build match row: UC Sampdoria vs SPAL

Keepers & outfield error for **Paris Saint-Germain Football Club** in Olympique Lyonnais vs Paris Saint-Germain Football Club: Numbers: 2 and 9.
[2609747] Failed to build match row: Olympique Lyonnais vs Paris Saint-Germain Football Club
[3212131] Could not find attributes for dmitriy chvanov (Khimik-August Vurnary (-2024), 2019)

Keepers & outfield error for **Shamrock Rovers** in Allmänna Idrottsklubben vs Shamrock Rovers: Numbers: 0 and 11.
[3212131] Failed to build match row: Khimik-August Vurnary (-2024) vs Lada Dimitrovgrad
[3055713] Failed to build match row: Allmänna Idrottsklubben vs Shamrock Rovers
[2335280] Could not find attributes for aleksey nikitin (Amkar Perm, 2013)
[2492391] Could not find attributes for lazar cirkovic (Fudbalski Klub Partizan Beograd, 2014)
[2335280] Failed to build match row: FK Spartak Moskva vs Amkar Perm
[2492391] Failed to build match row: Beşiktaş Jimnastik Kulübü vs Fudbalski Klub Partizan Beograd
[2865026] Failed to scrape lineup: https://www.transfermarkt.co.uk/az-alkmaar_nac-breda/index/spielbericht/2865026

Keepers & outfield error for **Juventus Football Club** in Juventus Football Club vs Frosinone Calcio: Numbers: 0 and 11.
[2604018] Failed to build match row: Juventus Football Club vs Frosinone Calcio
[2592006] Could not find attributes for vsevolod ermakov (FC Shirak Gyumri, 2015)
[3098763] Could not find attributes for jakub rzezniczak (Qarabağ FK, 2018)
[2592006] Failed to build match row: FC Shirak Gyumri vs Allmänna Idrottsklubben
[3098763] Failed to build match row: Qarabağ FK vs Sporting Clube de Portugal
[2751940] Could not find attributes for igor semrinec (AS Trencin, 2016)
[2751940] Failed to build match row: Sportklub Rapid vs AS Trencin

Keepers & outfield error for **Rayo Vallecano de Madrid S. A. D.** in Rayo Vallecano de Madrid S. A. D. vs UD Almería: Numbers: 0 and 11.
[2883771] Could not find attributes for heldon (Vitória Sport Clube, 2017)

Keepers & outfield error for **Rio Ave Futebol Clube** in Rio Ave Futebol Clube vs Sport Lisboa e Benfica: Numbers: 0 and 11.
[2470094] Could not find attributes for emre tasdemir (Bursaspor, 2014)
[2722658] Could not find attributes for kenneth omeruo (Alanyaspor, 2016)
[2341307] Failed to build match row: Rayo Vallecano de Madrid S. A. D. vs UD Almería
[2470094] Failed to build match row: Bursaspor vs Gençlerbirliği Spor Kulübü
[2526195] Failed to build match row: Rio Ave Futebol Clube vs Sport Lisboa e Benfica
[2722658] Failed to build match row: Alanyaspor vs Bursaspor
[2883771] Failed to build match row: Vitória Sport Clube vs CD Feirense
[2583514] Could not find attributes for aaron agius (Balzan FC, 2015)
[2578066] Could not find attributes for erik pieters (Stoke City, 2015)
[2583514] Failed to build match row: Balzan FC vs FK Zeljeznicar Sarajevo
[2578066] Failed to build match row: West Ham United Football Club vs Stoke City
[2346372] Could not find attributes for zydrunas karcemarskas (Gaziantepspor (- 2020), 2013)

Keepers & outfield error for **FC Luzern** in Olympiakos Syndesmos Filathlon Peiraios vs FC Luzern: Numbers: 2 and 9.
[2346372] Failed to build match row: Gaziantepspor (- 2020) vs Eskisehirspor
[3078839] Failed to build match row: Olympiakos Syndesmos Filathlon Peiraios vs FC Luzern
[2360919] Could not find attributes for marko leskovic (Hrvatski Nogometni Klub Rijeka, 2013)
Not enough players found for lineup: 0, 0.
[3069555] Failed to scrape lineup: https://www.transfermarkt.co.uk/cd-santa-clara_cs-maritimo/index/spielbericht/3069555
[2360919] Failed to build match row: Hrvatski Nogometni Klub Rijeka vs Verein für Bewegungsspiele Stuttgart 1893

Keepers & outfield error for **Sporting Clube de Braga** in Sporting Clube de Braga vs Rangers Football Club: Numbers: 0 and 11.
[3292014] Failed to build match row: Sporting Clube de Braga vs Rangers Football Club
[2492392] Could not find attributes for athanasios panteliadis (A.G.S Asteras Tripolis, 2014)
[2492392] Failed to build match row: A.G.S Asteras Tripolis vs Beşiktaş Jimnastik Kulübü
[2335281] Could not find attributes for sergei pareiko (Volga Nizhniy Novgorod (- 2016), 2013)
[2335281] Failed to build match row: RFK Akhmat Grozny vs Volga Nizhniy Novgorod (- 2016)
[2700753] Could not find attributes for rochdi achenteh (Go Ahead Eagles, 2016)
[2700753] Failed to build match row: Go Ahead Eagles vs Sportclub Heerenveen
[2609748] Could not find attributes for antoine devaux (Stade Reims, 2015)
[2609748] Failed to build match row: Stade Reims vs FC Girondins Bordeaux

Keepers & outfield error for **Associazione Calcio Milan** in Associazione Calcio Milan vs Unione Sportiva Sassuolo Calcio: Numbers: 2 and 9.
[2478754] Failed to build match row: Associazione Calcio Milan vs Unione Sportiva Sassuolo Calcio

Keepers & outfield error for **Genoa Cricket and Football Club** in Genoa Cricket and Football Club vs Associazione Sportiva Roma: Numbers: 3 and 8.
[3081378] Failed to build match row: Genoa Cricket and Football Club vs Associazione Sportiva Roma
[2604019] Could not find attributes for giovanni marchese (Genoa Cricket and Football Club, 2015)
[2604019] Failed to build match row: Società Sportiva Lazio S.p.A. vs Genoa Cricket and Football Club
[3139977] Failed to scrape lineup: https://www.transfermarkt.co.uk/standard-liege_rsc-anderlecht/index/spielbericht/3139977
[3055714] Could not find attributes for steve sultana (Balzan FC, 2018)
[3055714] Failed to build match row: Balzan FC vs FK Inter Baku

Keepers & outfield error for **Olympique Gymnaste Club Nice Côte d'Azur** in Olympique Gymnaste Club Nice Côte d'Azur vs Toulouse Football Club: Numbers: 2 and 9.
[3199545] Failed to build match row: Olympique Gymnaste Club Nice Côte d'Azur vs Toulouse Football Club
[2578067] Could not find attributes for erik pieters (Stoke City, 2015)
[2470095] Could not find attributes for yekta kurtulus (Galatasaray Spor Kulübü, 2014)
[2578067] Failed to build match row: Stoke City vs Manchester City Football Club
[2470095] Failed to build match row: Eskisehirspor vs Galatasaray Spor Kulübü

Keepers & outfield error for **Rio Ave Futebol Clube** in Rio Ave Futebol Clube vs Moreirense Futebol Clube: Numbers: 4 and 7.
[2883772] Failed to build match row: Rio Ave Futebol Clube vs Moreirense Futebol Clube
[2645268] Could not find attributes for kris gebbie (East Kilbride FC, 2015)
[2728530] Could not find attributes for ryan dow (Ross County FC, 2016)
[2645268] Failed to build match row: East Kilbride FC vs Lothian Thistle Hutchison Vale FC
[2728530] Failed to build match row: Ross County FC vs The Celtic Football Club
[2478755] Failed to scrape lineup: https://www.transfermarkt.co.uk/us-palermo_cagliari-calcio/index/spielbericht/2478755
[2722659] Could not find attributes for jan durica (Trabzonspor Kulübü, 2016)
[2346373] Could not find attributes for gokhan degirmenci (Kayseri Erciyesspor, 2013)
[2722659] Failed to build match row: Galatasaray Spor Kulübü vs Trabzonspor Kulübü
[2346373] Failed to build match row: Kayseri Erciyesspor vs Bursaspor
[3098764] Could not find attributes for bogdan shust (Vorskla Poltava, 2018)
[3081379] Failed to scrape lineup: https://www.transfermarkt.co.uk/parma-calcio-1913_uc-sampdoria/index/spielbericht/3081379
[2609749] Failed to scrape lineup: https://www.transfermarkt.co.uk/fc-toulouse_stade-rennais-fc/index/spielbericht/2609749
[3139978] Failed to scrape lineup: https://www.transfermarkt.co.uk/sint-truidense-vv_kas-eupen/index/spielbericht/3139978
[3098764] Failed to build match row: Vorskla Poltava vs Arsenal Football Club

Keepers & outfield error for **Racing Santander** in Sevilla Fútbol Club S.A.D. vs Racing Santander: Numbers: 0 and 11.
[2382261] Failed to build match row: Sevilla Fútbol Club S.A.D. vs Racing Santander

Keepers & outfield error for **Vitória Setúbal FC** in Vitória Setúbal FC vs FC Paços de Ferreira: Numbers: 2 and 9.
[2526196] Failed to build match row: Vitória Setúbal FC vs FC Paços de Ferreira
[2341308] Could not find attributes for sammir (Getafe Club de Fútbol S. A. D. Team Dubai, 2013)
[2341308] Failed to build match row: Athletic Club Bilbao vs Getafe Club de Fútbol S. A. D. Team Dubai
[3229466] Could not find attributes for andrea papetti (Brescia Calcio, 2019)
[3229466] Failed to build match row: Torino Calcio vs Brescia Calcio
[2583515] Could not find attributes for sebastien flauss (FC Progrès Niederkorn, 2015)
[2583515] Failed to build match row: FC Progrès Niederkorn vs Shamrock Rovers
[3222998] Could not find attributes for lindsay rose (Aris Thessalonikis, 2019)
[3222998] Failed to build match row: Aris Thessalonikis vs AEL Limassol
[2470096] Could not find attributes for andrija vukovic (Balikesirspor, 2014)
[2470096] Failed to build match row: Balikesirspor vs Konyaspor
[2335282] Could not find attributes for Sergei Pareiko (Volga Nizhniy Novgorod (- 2016), 2013)
[2492393] Could not find attributes for lazar cirkovic (Fudbalski Klub Partizan Beograd, 2014)
[2335282] Failed to build match row: Volga Nizhniy Novgorod (- 2016) vs FK Rostov
[3212132] Could not find attributes for ruslan dorofeev (Lada Togliatti, 2019)
[2492393] Failed to build match row: Tottenham Hotspur Football Club vs Fudbalski Klub Partizan Beograd

Keepers & outfield error for **FC Luzern** in FC Luzern vs Olympiakos Syndesmos Filathlon Peiraios: Numbers: 2 and 9.
[3212132] Failed to build match row: Lada Togliatti vs Akron Togliatti
[2772587] Failed to scrape lineup: https://www.transfermarkt.co.uk/spielbericht/index/spielbericht/2772587
[3078840] Failed to build match row: FC Luzern vs Olympiakos Syndesmos Filathlon Peiraios
[2752307] Could not find attributes for ibrahim sehic (Qarabağ FK, 2016)
[2752307] Failed to build match row: Qarabağ FK vs Idrottsföreningen Kamraterna Göteborg
[3292264] Could not find attributes for apostolos diamantis (Volou Neos Podosferikos Syllogos, 2019)
[2700754] Could not find attributes for hicham faik (Excelsior Rotterdam, 2016)
[3292264] Failed to build match row: Volou Neos Podosferikos Syllogos vs APS Atromitos Athinon
[2322047] Could not find attributes for martin dubravka (MSK Zilina, 2013)
[2700754] Failed to build match row: Excelsior Rotterdam vs Alkmaar Zaanstreek
[2322047] Failed to build match row: MSK Zilina vs Torpedo Kutaisi
[2942915] Could not find attributes for kouadio yves dabila (Lille Olympique Sporting Club, 2017)
[2942915] Failed to build match row: Lille Olympique Sporting Club vs Dijon FCO
[2482387] Could not find attributes for alioun fall (Thonon Évian Grand Genève FC, 2014)
[3069557] Could not find attributes for lionn (GD Chaves, 2018)
[2482387] Failed to build match row: Football Club de Nantes vs Thonon Évian Grand Genève FC
[3069557] Failed to build match row: GD Chaves vs Futebol Clube do Porto
[2341309] Could not find attributes for sammir (Getafe Club de Fútbol S. A. D. Team Dubai, 2013)
[2341309] Failed to build match row: Getafe Club de Fútbol S. A. D. Team Dubai vs Villarreal Club de Fútbol S.A.D.

Keepers & outfield error for **Futebol Clube do Porto** in Vitória Setúbal FC vs Futebol Clube do Porto: Numbers: 0 and 11.
[2883773] Failed to build match row: Vitória Setúbal FC vs Futebol Clube do Porto
[3055715] Could not find attributes for kamran agayev (FK Inter Baku, 2018)
[3055715] Failed to build match row: FK Inter Baku vs Balzan FC
[2722660] Could not find attributes for badou ndiaye (Ankaraspor, 2016)
[2722660] Failed to build match row: Ankaraspor vs Kasımpaşa A.Ş.
[2578068] Could not find attributes for christian fuchs (Leicester City, 2015)
[2578068] Failed to build match row: Everton Football Club vs Leicester City

Keepers & outfield error for **Granada CF** in Granada CF vs Real Sociedad de Fútbol S.A.D.: Numbers: 0 and 11.
[2470097] Could not find attributes for ognjen vranjes (Gaziantepspor (- 2020), 2014)
[3208754] Failed to build match row: Granada CF vs Real Sociedad de Fútbol S.A.D.
[2470097] Failed to build match row: Kayseri Erciyesspor vs Gaziantepspor (- 2020)
[2492394] Could not find attributes for jose sosa (Beşiktaş Jimnastik Kulübü, 2014)
[3078849] Could not find attributes for stephen payne (Varzim SC, 2018)
[2492394] Failed to build match row: Beşiktaş Jimnastik Kulübü vs Tottenham Hotspur Football Club
[3078849] Failed to build match row: Varzim SC vs Moreirense Futebol Clube
[3229467] Could not find attributes for ragnar klavan (Cagliari Calcio, 2019)
[3229467] Failed to build match row: Associazione Calcio Fiorentina vs Cagliari Calcio
[2609750] Could not find attributes for ronael pierre gabriel (AS Saint-Étienne, 2015)
[2609750] Failed to build match row: Angers Sporting Club de l'Ouest vs AS Saint-Étienne
[2482388] Could not find attributes for thibault giresse (EA Guingamp, 2014)
[2482388] Failed to build match row: Olympique Gymnaste Club Nice Côte d'Azur vs EA Guingamp
[2592007] Could not find attributes for niall corbet (University College Dublin, 2015)
[2592007] Failed to build match row: University College Dublin vs Slovan Bratislava
[2645269] Could not find attributes for darren jamieson (Livingston Football Club, 2015)
[2645269] Failed to build match row: Livingston Football Club vs Greenock Morton FC
[2872388] Failed to scrape lineup: https://www.transfermarkt.co.uk/burnley-fc_southampton-fc/index/spielbericht/2872388
[3252869] Could not find attributes for colin rosler (Nooit Opgeven Altijd Doorzetten Aangenaam Door Vermaak En Nuttig Door Ontspanning Combinatie Breda, 2019)
[3098765] Could not find attributes for landry bonnefoi (F91 Dudelange, 2018)
[3252869] Failed to build match row: Nooit Opgeven Altijd Doorzetten Aangenaam Door Vermaak En Nuttig Door Ontspanning Combinatie Breda vs FC Emmen
[3098765] Failed to build match row: Associazione Calcio Milan vs F91 Dudelange
[3208755] Failed to scrape lineup: https://www.transfermarkt.co.uk/cd-leganes_sd-eibar/index/spielbericht/3208755
[2697652] Failed to scrape lineup: https://www.transfermarkt.co.uk/ac-horsens_viborg-ff/index/spielbericht/2697652
[2470098] Could not find attributes for marcio mossoro (İstanbul Başakşehir Futbol Kulübü, 2014)
[2470098] Failed to build match row: İstanbul Başakşehir Futbol Kulübü vs Kardemir Karabükspor
[3292265] Could not find attributes for makis giannikoglou (PAS Giannina, 2019)
[3292265] Failed to build match row: PAS Giannina vs Panathinaikos Athlitikos Omilos
[2717380] Could not find attributes for hamidou keyta (AS Saint-Étienne, 2016)
[2717380] Failed to build match row: Toulouse Football Club vs AS Saint-Étienne
[2482389] Failed to scrape lineup: https://www.transfermarkt.co.uk/olympique-marseille_olympique-lyon/index/spielbericht/2482389
[2865030] Could not find attributes for ashton gotz (Roda JC Kerkrade, 2017)
[2865030] Failed to build match row: Roda JC Kerkrade vs Willem II Tilburg
[2360920] Could not find attributes for nukri revishvili (FC Dila Gori, 2013)
[2360920] Failed to build match row: Sportklub Rapid vs FC Dila Gori

Keepers & outfield error for **Real Madrid Club de Fútbol** in Real Madrid Club de Fútbol vs Olímpic Xàtiva: Numbers: 2 and 9.
[2382262] Failed to build match row: Real Madrid Club de Fútbol vs Olímpic Xàtiva
[2772588] Could not find attributes for joe widdowson (Dagenham & Redbridge FC, 2016)
[2772588] Failed to build match row: Dagenham & Redbridge FC vs FC Halifax Town

Keepers & outfield error for **Celta** in Celta vs Sevilla Fútbol Club S.A.D.: Numbers: 2 and 9.
[2341310] Failed to build match row: Celta vs Sevilla Fútbol Club S.A.D.
[2891610] Could not find attributes for matic kotnik (Panionios Athens, 2017)
[2891610] Failed to build match row: Panthessalonikios Athlitikos Omilos Konstantinoupoliton vs Panionios Athens
[2492395] Could not find attributes for vojislav stankovic (Fudbalski Klub Partizan Beograd, 2014)
[2492395] Failed to build match row: Fudbalski Klub Partizan Beograd vs A.G.S Asteras Tripolis
[2645270] Could not find attributes for stuart mckenzie (Cove Rangers FC, 2015)
[2645270] Failed to build match row: Motherwell Football Club vs Cove Rangers FC
[2592008] Could not find attributes for pal andre helland (Rosenborg Ballklub, 2015)
[2592008] Failed to build match row: Rosenborg Ballklub vs KR Reykjavík
[2942916] Could not find attributes for lassana diarra (Paris Saint-Germain Football Club, 2017)
[2942916] Failed to build match row: Paris Saint-Germain Football Club vs Rennes
[3208756] Could not find attributes for nemanja radoja (Levante Unión Deportiva S.A.D., 2019)
[3208756] Failed to build match row: Levante Unión Deportiva S.A.D. vs Futbol Club Barcelona
[3222999] Could not find attributes for halim meddour (Jeunesse Esch, 2019)
[3222999] Failed to build match row: Jeunesse Esch vs Vitória Sport Clube
[2883774] Could not find attributes for nikola maras (GD Chaves, 2017)
[2883774] Failed to build match row: GD Chaves vs Rio Ave Futebol Clube
[3081380] Could not find attributes for sergej grubac (Chievo Verona, 2018)
[3081380] Failed to build match row: Chievo Verona vs SPAL

Keepers & outfield error for **CS Marítimo** in CS Marítimo vs CD Mafra: Numbers: 2 and 9.
[3078850] Failed to build match row: CS Marítimo vs CD Mafra
[3069559] Could not find attributes for ponck (Desportivo Aves (- 2020), 2018)
[3069559] Failed to build match row: Desportivo Aves (- 2020) vs Vitória Setúbal FC

Keepers & outfield error for **Nooit Opgeven Altijd Doorzetten Aangenaam Door Vermaak En Nuttig Door Ontspanning Combinatie Breda** in Nooit Opgeven Altijd Doorzetten Aangenaam Door Vermaak En Nuttig Door Ontspanning Combinatie Breda vs Football Club Groningen: Numbers: 2 and 9.
[2865031] Failed to build match row: Nooit Opgeven Altijd Doorzetten Aangenaam Door Vermaak En Nuttig Door Ontspanning Combinatie Breda vs Football Club Groningen
[2752308] Could not find attributes for david hovorka (FC Slovan Liberec, 2016)
[2752308] Failed to build match row: FC Slovan Liberec vs AEK Larnaca
[2583516] Could not find attributes for saladin mustafi (Renova Dzepciste, 2015)
[2583516] Failed to build match row: Renova Dzepciste vs Dacia Chisinau
[3055721] Could not find attributes for rimvydas sadauskas (FC Stumbras Kaunas (- 2019), 2018)
[3055721] Failed to build match row: FC Stumbras Kaunas (- 2019) vs Apollon Limassol
[2382263] Could not find attributes for tomeu nadal (Gimnàstic de Tarragona, 2013)
[2382263] Failed to build match row: Valencia Club de Fútbol S. A. D. vs Gimnàstic de Tarragona

Keepers & outfield error for **Chelsea Football Club** in Chelsea Football Club vs Sunderland Association Football Club: Numbers: 2 and 9.
[2578070] Failed to build match row: Chelsea Football Club vs Sunderland Association Football Club
[2865032] Failed to scrape lineup: https://www.transfermarkt.co.uk/pec-zwolle_heracles-almelo/index/spielbericht/2865032
[2722661] Could not find attributes for nabil ghilas (Gaziantepspor (- 2020), 2016)
[2722661] Failed to build match row: Gaziantepspor (- 2020) vs Kayserispor Kulübü
[2335284] Could not find attributes for sergei pareiko (Volga Nizhniy Novgorod (- 2016), 2013)
[2335284] Failed to build match row: AO FK Zenit Sankt-Peterburg vs Volga Nizhniy Novgorod (- 2016)
[2717381] Could not find attributes for mehdi tahrat (Angers Sporting Club de l'Ouest, 2016)
[2717381] Failed to build match row: Angers Sporting Club de l'Ouest vs Football Club de Metz
[2322048] Could not find attributes for pavels davidovs (FK Suduva Marijampole, 2013)
[2322048] Failed to build match row: FK Suduva Marijampole vs FK Horizont Turnovo

Keepers & outfield error for **Elche Club de Fútbol S.A.D.** in Elche Club de Fútbol S.A.D. vs Getafe Club de Fútbol S. A. D. Team Dubai: Numbers: 0 and 11.
[2341311] Failed to build match row: Elche Club de Fútbol S.A.D. vs Getafe Club de Fútbol S. A. D. Team Dubai
[2645271] Could not find attributes for kyle benedictus (Raith Rovers FC, 2015)
[2645271] Failed to build match row: Raith Rovers FC vs Hibernian Football Club
[3212133] Could not find attributes for alil magomedov (Legion-Dinamo Makhachkala, 2019)
[3212133] Failed to build match row: Legion-Dinamo Makhachkala vs Dinamo Makhachkala
[2883776] Could not find attributes for charalampos kyriakou (Grupo Desportivo Estoril Praia, 2017)
[2883776] Failed to build match row: Grupo Desportivo Estoril Praia vs Desportivo Aves (- 2020)

Keepers & outfield error for **Vitória Sport Clube** in Vitória Sport Clube vs Sport Lisboa e Benfica: Numbers: 0 and 11.
[3069560] Failed to build match row: Vitória Sport Clube vs Sport Lisboa e Benfica
[3139980] Failed to scrape lineup: https://www.transfermarkt.co.uk/r-charleroi-sc_kv-oostende/index/spielbericht/3139980
Not enough players found for lineup: 0, 0.
[3292266] Could not find attributes for nikolaos papadopoulos (A.G.S Asteras Tripolis, 2019)
[2460497] Failed to scrape lineup: https://www.transfermarkt.co.uk/spielbericht/index/spielbericht/2460497
[3292266] Failed to build match row: A.G.S Asteras Tripolis vs Athlitiki Enosi Konstantinoupoleos
[3252960] Could not find attributes for lee herbert (Buckie Thistle FC, 2019)
[2609752] Could not find attributes for morgan amalfitano (Lille Olympique Sporting Club, 2015)
[3252960] Failed to build match row: Buckie Thistle FC vs Civil Service Strollers FC

Keepers & outfield error for **Associazione Calcio Fiorentina** in Grasshopper Club Zürich vs Associazione Calcio Fiorentina: Numbers: 0 and 11.
[2609752] Failed to build match row: Lille Olympique Sporting Club vs Stade Reims
[2722662] Failed to scrape lineup: https://www.transfermarkt.co.uk/besiktas-jk_antalyaspor/index/spielbericht/2722662
[3223000] Could not find attributes for rubi levkovic (Budapest Honvéd FC, 2019)
[3081382] Failed to build match row: Football Club Internazionale Milano S.p.A. vs Chievo Verona
[2360921] Failed to build match row: Grasshopper Club Zürich vs Associazione Calcio Fiorentina
[3047577] Could not find attributes for rafael leao (Lille Olympique Sporting Club, 2018)
[3223000] Failed to build match row: Budapest Honvéd FC vs U Craiova 1948 Club Sportiv SA
[3047577] Failed to build match row: Paris Saint-Germain Football Club vs Lille Olympique Sporting Club
[2492397] Failed to scrape lineup: https://www.transfermarkt.co.uk/spielbericht/index/spielbericht/2492397
[2482391] Could not find attributes for david ngog (Stade Reims, 2014)
[2482391] Failed to build match row: Montpellier HSC vs Stade Reims
[3229470] Could not find attributes for giulio donati (Unione Sportiva Lecce, 2019)
[2341312] Could not find attributes for stefan mitrovic (Real Valladolid CF, 2013)
[2341312] Failed to build match row: Real Valladolid CF vs Rayo Vallecano de Madrid S. A. D.
[3229470] Failed to build match row: Unione Sportiva Lecce vs Società Sportiva Lazio S.p.A.
[3055722] Could not find attributes for georgios vasiliou (Apollon Limassol, 2018)
[3055722] Failed to build match row: Apollon Limassol vs FC Stumbras Kaunas (- 2019)
[2335285] Could not find attributes for felicio brown (PFK Krylya Sovetov Samara, 2013)
[2335285] Failed to build match row: Kuban Krasnodar (-2018) vs PFK Krylya Sovetov Samara
[3212134] Could not find attributes for eduard baychora (Inter Cherkessk (-2021), 2019)
[3212134] Failed to build match row: Inter Cherkessk (-2021) vs Dinamo Stavropol
[3139981] Could not find attributes for sulayman marreh (KAS Eupen, 2018)
[3139981] Failed to build match row: KAS Eupen vs KV Kortrijk
[2645272] Could not find attributes for conrad balatoni (Kilmarnock Football Club, 2015)
[2470100] Could not find attributes for sertan vardar (Akhisarspor, 2014)
[2645272] Failed to build match row: St. Johnstone FC vs Kilmarnock Football Club

Keepers & outfield error for **West Ham United Football Club** in Liverpool Football Club vs West Ham United Football Club: Numbers: 0 and 11.
[2470100] Failed to build match row: Sivasspor vs Akhisarspor
[2872391] Failed to build match row: Liverpool Football Club vs West Ham United Football Club

Keepers & outfield error for **Associazione Calcio Fiorentina** in Associazione Calcio Fiorentina vs Palermo FC: Numbers: 2 and 9.
[2891611] Could not find attributes for nikolaos giannakopoulos (AOK Kerkyra, 2017)
[3292267] Could not find attributes for manolis stefanakos (PS Kalamata, 2019)
[2478760] Failed to build match row: Associazione Calcio Fiorentina vs Palermo FC
[2891611] Failed to build match row: AOK Kerkyra vs PAS Lamia 1964
[3292267] Failed to build match row: PS Kalamata vs Olympiakos Syndesmos Filathlon Peiraios
[3078851] Could not find attributes for vanja markovic (SC Farense, 2018)
[2772589] Could not find attributes for phil wilson (Merstham FC, 2016)
[3078851] Failed to build match row: SC Farense vs Grupo Desportivo Estoril Praia
[2583517] Could not find attributes for renat abdulin (Ordabasy Shymkent, 2015)
[3081383] Could not find attributes for albin ekdal (UC Sampdoria, 2018)
[2772589] Failed to build match row: Merstham FC vs Oxford United
[2583517] Failed to build match row: Ordabasy Shymkent vs Beitar Jerusalem
[3081383] Failed to build match row: UC Sampdoria vs FC Empoli
[3069561] Could not find attributes for fabio coentrao (Rio Ave Futebol Clube, 2018)
[2722663] Could not find attributes for davide petrucci (Çaykur Rizespor Kulübü, 2016)
[3069561] Failed to build match row: Rio Ave Futebol Clube vs CD Feirense
[2722663] Failed to build match row: Çaykur Rizespor Kulübü vs Gençlerbirliği Spor Kulübü
[2609753] Could not find attributes for mouhamadou dabo (ESTAC Troyes, 2015)
[3223001] Could not find attributes for andrey klimovich (Shakhter Soligorsk, 2019)
[2503757] Could not find attributes for boubacar copa (KSC Lokeren (- 2020), 2014)
[2752310] Could not find attributes for zeca (Panathinaikos Athlitikos Omilos, 2016)
[2503757] Failed to build match row: KSC Lokeren (- 2020) vs Royal Charleroi Sporting Club
[3223001] Failed to build match row: Shakhter Soligorsk vs Esbjerg fB
[2609753] Failed to build match row: Olympique Gymnaste Club Nice Côte d'Azur vs ESTAC Troyes
[2752310] Failed to build match row: Brøndby Idrætsforening vs Panathinaikos Athlitikos Omilos
[2578072] Could not find attributes for erik pieters (Stoke City, 2015)
[2578072] Failed to build match row: Stoke City vs Crystal Palace Football Club

Keepers & outfield error for **UD Las Palmas** in Celta vs UD Las Palmas: Numbers: 3 and 8.
[2335286] Could not find attributes for martin jiranek (Tom Tomsk, 2013)
[2899809] Failed to build match row: Celta vs UD Las Palmas
Moskva
[2341313] Could not find attributes for riki (Granada CF, 2013)
[2341313] Failed to build match row: Granada CF vs Levante Unión Deportiva S.A.D.
[2360922] Could not find attributes for miro varvodic (Qarabağ FK, 2013)
[2360922] Failed to build match row: Qarabağ FK vs Eintracht Frankfurt Fußball AG

Keepers & outfield error for **Villarreal Club de Fútbol S.A.D.** in Rangers Football Club vs Villarreal Club de Fútbol S.A.D.: Numbers: 0 and 11.
[3098767] Failed to build match row: Rangers Football Club vs Villarreal Club de Fútbol S.A.D.
[2492398] Could not find attributes for syam ben youssef (Astra Giurgiu (- 2024), 2014)
[2470101] Could not find attributes for jose sosa (Beşiktaş Jimnastik Kulübü, 2014)
[2492398] Failed to build match row: Astra Giurgiu (- 2024) vs Fußballclub Red Bull Salzburg
[2470101] Failed to build match row: Çaykur Rizespor Kulübü vs Beşiktaş Jimnastik Kulübü

Keepers & outfield error for **Genoa Cricket and Football Club** in Atalanta Bergamasca Calcio S.p.a. vs Genoa Cricket and Football Club: Numbers: 3 and 8.
[3081384] Failed to build match row: Atalanta Bergamasca Calcio S.p.a. vs Genoa Cricket and Football Club
[3292268] Could not find attributes for nikolaos korovesis (Omilos Filathlon Irakliou FC, 2019)
[3292268] Failed to build match row: Omilos Filathlon Irakliou FC vs Panthessalonikios Athlitikos Omilos Konstantinoupoliton
[2722664] Could not find attributes for ermin zec (Kardemir Karabükspor, 2016)
[2722664] Failed to build match row: Kardemir Karabükspor vs İstanbul Başakşehir Futbol Kulübü
[2919791] Could not find attributes for filip gacevski (Vardar Skopje, 2017)
[2919791] Failed to build match row: Vardar Skopje vs AO FK Zenit Sankt-Peterburg
[2460498] Could not find attributes for georgi georgiev (FC Tiraspol, 2014)
[2460498] Failed to build match row: FC Tiraspol vs FK Inter Baku

Keepers & outfield error for **Alaves** in Alaves vs Levante Unión Deportiva S.A.D.: Numbers: 2 and 9.
[2865034] Could not find attributes for nasser el khayati (ADO Den Haag, 2017)
[2899810] Failed to build match row: Alaves vs Levante Unión Deportiva S.A.D.
[2865034] Failed to build match row: ADO Den Haag vs AFC Ajax Amsterdam

Keepers & outfield error for **Sport Lisboa e Benfica** in Clube Desportivo de Tondela vs Sport Lisboa e Benfica: Numbers: 0 and 11.
[2883778] Failed to build match row: Clube Desportivo de Tondela vs Sport Lisboa e Benfica
[2891612] Could not find attributes for mladen bozovic (Athlitiki Enosi Larisas, 2017)
[2891612] Failed to build match row: Athlitiki Enosi Larisas vs Panetolikos Agrinio
[2942920] Could not find attributes for kouadio yves dabila (Lille Olympique Sporting Club, 2017)
[2942920] Failed to build match row: AS Saint-Étienne vs Lille Olympique Sporting Club
[3069562] Could not find attributes for jota (Clube Desportivo Nacional, 2018)
[3069562] Failed to build match row: Clube Desportivo Nacional vs Sporting Clube de Braga
[2772590] Could not find attributes for brett trowbridge (Taunton Town, 2016)
[2772590] Failed to build match row: Taunton Town vs Barrow AFC
[2360923] Could not find attributes for ersan gulum (Beşiktaş Jimnastik Kulübü, 2013)
[2360923] Failed to build match row: Tromsø Idrettslag vs Beşiktaş Jimnastik Kulübü

Keepers & outfield error for **Futbol Club Barcelona** in Sevilla Fútbol Club S.A.D. vs Futbol Club Barcelona: Numbers: 2 and 9.
[2717500] Failed to build match row: Sevilla Fútbol Club S.A.D. vs Futbol Club Barcelona
[2752311] Could not find attributes for alban hoxha (FK Partizani, 2016)
[2482393] Could not find attributes for ferjani sassi (Football Club de Metz, 2014)
[2752311] Failed to build match row: FK Partizani vs FK Krasnodar
[2609754] Could not find attributes for alban lafont (Toulouse Football Club, 2015)
[2482393] Failed to build match row: Football Club de Metz vs AS Saint-Étienne

Keepers & outfield error for **Società Sportiva Lazio S.p.A.** in Vitesse Arnhem vs Società Sportiva Lazio S.p.A.: Numbers: 2 and 9.
[2609754] Failed to build match row: Olympique de Marseille vs Toulouse Football Club
[2919792] Failed to build match row: Vitesse Arnhem vs Società Sportiva Lazio S.p.A.
[2460499] Could not find attributes for ruitm (Hibernians FC, 2014)
[2460499] Failed to build match row: Hibernians FC vs Spartak Trnava
[3223002] Could not find attributes for lewis brass (Connah's Quay Nomads, 2019)
[2872393] Could not find attributes for etienne capoue (Watford FC, 2017)
[3394902] Could not find attributes for yuto nagatomo (Olympique de Marseille, 2020)
[3223002] Failed to build match row: Connah's Quay Nomads vs Fudbalski Klub Partizan Beograd
[2872393] Failed to build match row: Watford FC vs Everton Football Club
[3394902] Failed to build match row: Olympique Gymnaste Club Nice Côte d'Azur vs Olympique de Marseille
[2891613] Could not find attributes for theofanis tzandaris (Panathinaikos Athlitikos Omilos, 2017)
[2346374] Could not find attributes for erdinc yavuz (Konyaspor, 2013)
[2865035] Could not find attributes for yassin ayoub (Football Club Utrecht, 2017)
[2891613] Failed to build match row: Panathinaikos Athlitikos Omilos vs APS Atromitos Athinon
[2346374] Failed to build match row: Konyaspor vs Kayserispor Kulübü
[2645273] Could not find attributes for jack baird (Saint Mirren Football Club, 2015)
[2865035] Failed to build match row: Football Club Twente vs Football Club Utrecht
[2645273] Failed to build match row: Saint Mirren Football Club vs Partick Thistle FC
[3212135] Could not find attributes for fedor dyachenko (Kuban Holding Pavlovskaya, 2019)
[3292269] Could not find attributes for michalis zaropoulos (AO Trikala, 2019)
[3292269] Failed to build match row: AO Trikala vs PAS Lamia 1964
[3212135] Failed to build match row: Kuban Holding Pavlovskaya vs SKVO Rostov-na-Donu
[2335287] Could not find attributes for vladimir khozin (Ural Yekaterinburg, 2013)
[2341315] Could not find attributes for riki (Granada CF, 2013)

Keepers & outfield error for **Boavista FC** in FC Paços de Ferreira vs Boavista FC: Numbers: 0 and 11.
[2335287] Failed to build match row: Ural Yekaterinburg vs Kuban Krasnodar (-2018)
[2883779] Failed to build match row: FC Paços de Ferreira vs Boavista FC
[2728531] Could not find attributes for tom hateley (Dundee Football Club, 2016)
[2341315] Failed to build match row: Club Atlético de Madrid S.A.D. vs Granada CF
[3229473] Could not find attributes for albin ekdal (UC Sampdoria, 2019)
[2728531] Failed to build match row: St. Johnstone FC vs Dundee Football Club
[3229473] Failed to build match row: Atalanta Bergamasca Calcio S.p.a. vs UC Sampdoria
[3047580] Could not find attributes for jean clair todibo (Toulouse Football Club, 2018)
[2492399] Could not find attributes for josip simunic (GNK Dinamo Zagreb, 2014)
[3047580] Failed to build match row: Racing Club de Strasbourg Alsace vs Toulouse Football Club
[2492399] Failed to build match row: The Celtic Football Club vs GNK Dinamo Zagreb
[2470103] Could not find attributes for ognjen vranjes (Gaziantepspor (- 2020), 2014)
[2722665] Could not find attributes for jan durica (Trabzonspor Kulübü, 2016)
[3069563] Could not find attributes for nemanja gudelj (Sporting Clube de Portugal, 2018)
[2722665] Failed to build match row: Trabzonspor Kulübü vs Çaykur Rizespor Kulübü
[3081386] Could not find attributes for silvio proto (Società Sportiva Lazio S.p.A., 2018)
[3069563] Failed to build match row: Sporting Clube de Portugal vs Moreirense Futebol Clube
[3081386] Failed to build match row: Cagliari Calcio vs Società Sportiva Lazio S.p.A.
[3252961] Could not find attributes for dominic slattery (Caledonian Braves FC, 2019)
[3252961] Failed to build match row: Caledonian Braves FC vs Rothes FC
[2578075] Could not find attributes for vito mannone (Sunderland Association Football Club, 2015)
[2578075] Failed to build match row: Manchester City Football Club vs Sunderland Association Football Club
[3098768] Could not find attributes for sofiane hanni (FK Spartak Moskva, 2018)
[3098768] Failed to build match row: FK Spartak Moskva vs Sportklub Rapid
[3139983] Could not find attributes for olivier deschacht (KSC Lokeren (- 2020), 2018)
[3139983] Failed to build match row: KSC Lokeren (- 2020) vs Royal Antwerp Football Club
[3223003] Could not find attributes for valentins ralkevics (FK Liepaja, 2019)
[3223003] Failed to build match row: FK Liepaja vs IFK Norrköping
[2620459] Could not find attributes for andrey sinitsyn (FK Krasnodar, 2015)
[2620459] Failed to build match row: FK Krasnodar vs RFK Akhmat Grozny
[3394903] Could not find attributes for kiki kouyate (Football Club de Metz, 2020)
[3394903] Failed to build match row: Football Club de Metz vs Rennes
[2360924] Could not find attributes for aykut demir (Trabzonspor Kulübü, 2013)
[2360924] Failed to build match row: Trabzonspor Kulübü vs FK Kukësi
[2891614] Could not find attributes for matic kotnik (Panionios Athens, 2017)
[2609755] Could not find attributes for thibault giresse (EA Guingamp, 2015)
[2891614] Failed to build match row: Panionios Athens vs APS Atromitos Athinon
[2609755] Failed to build match row: Olympique Lyonnais vs EA Guingamp
[2503758] Could not find attributes for davy roef (Royal Sporting Club Anderlecht, 2014)
[2503758] Failed to build match row: KV Kortrijk vs Royal Sporting Club Anderlecht
[2883780] Could not find attributes for bilel aouacheria (Moreirense Futebol Clube, 2017)
[2883780] Failed to build match row: Moreirense Futebol Clube vs Vitória Sport Clube

Keepers & outfield error for **Celta** in Celta vs Real Sociedad de Fútbol S.A.D.: Numbers: 2 and 9.
[2341316] Failed to build match row: Celta vs Real Sociedad de Fútbol S.A.D.
[2722666] Could not find attributes for frantisek rajtoral (Gaziantepspor (- 2020), 2016)
[2722666] Failed to build match row: Gaziantepspor (- 2020) vs Ankaraspor
[2752312] Could not find attributes for artem soroko (BATE Borisov, 2016)
[2752312] Failed to build match row: BATE Borisov vs FC Astana
[3098769] Could not find attributes for nemanja radonjic (Olympique de Marseille, 2018)
[2323069] Could not find attributes for danjal davidsen (EB/Streymur, 2013)
[3098769] Failed to build match row: Eintracht Frankfurt Fußball AG vs Olympique de Marseille
[2323069] Failed to build match row: EB/Streymur vs FC Lusitanos

Keepers & outfield error for **Rio Ave Futebol Clube** in CS Marítimo vs Rio Ave Futebol Clube: Numbers: 2 and 9.
[3069564] Failed to build match row: CS Marítimo vs Rio Ave Futebol Clube
[3223004] Could not find attributes for stas pokatilov (Kairat Almaty, 2019)
[3223004] Failed to build match row: Kairat Almaty vs Hapoel Beer Sheva
[2891615] Could not find attributes for themistoklis tzimopoulos (PAS Giannina, 2017)
[2583518] Could not find attributes for vsevolod ermakov (FC Shirak Gyumri, 2015)
[2891615] Failed to build match row: PAS Giannina vs Apollon Smyrnis
[2583518] Failed to build match row: FC Shirak Gyumri vs HSK Zrinjski Mostar
[2865037] Could not find attributes for etien velikonja (Willem II Tilburg, 2017)
[2331119] Could not find attributes for benoit tremoulinas (AS Saint-Étienne, 2013)
[2899812] Could not find attributes for maksym koval (Deportivo de La Coruña, 2017)
[2331119] Failed to build match row: AS Saint-Étienne vs Rennes
[2865037] Failed to build match row: Willem II Tilburg vs Sportclub Heerenveen
Not enough players found for lineup: 11, 0.
[2899812] Failed to build match row: Deportivo de La Coruña vs SD Eibar
[3252966] Failed to scrape lineup: https://www.transfermarkt.co.uk/spielbericht/index/spielbericht/3252966
[2482396] Could not find attributes for thibault giresse (EA Guingamp, 2014)
[2482396] Failed to build match row: SC Bastia vs EA Guingamp
[2470104] Could not find attributes for tomislav glumac (Balikesirspor, 2014)
[2335289] Could not find attributes for vladimir khozin (Ural Yekaterinburg, 2013)
[2470104] Failed to build match row: Galatasaray Spor Kulübü vs Balikesirspor
[2335289] Failed to build match row: Ural Yekaterinburg vs Tom Tomsk

Keepers & outfield error for **Moreirense Futebol Clube** in Moreirense Futebol Clube vs CS Marítimo: Numbers: 2 and 9.
[2526198] Failed to build match row: Moreirense Futebol Clube vs CS Marítimo
[2604027] Could not find attributes for giovanni marchese (Genoa Cricket and Football Club, 2015)
[2604027] Failed to build match row: Genoa Cricket and Football Club vs Associazione Calcio Milan
[3292270] Could not find attributes for aristotelis karasalidis (AO Xanthi, 2019)
[3292270] Failed to build match row: AO Xanthi vs Aris Thessalonikis
[3069565] Could not find attributes for chiquinho (Moreirense Futebol Clube, 2018)
[3069565] Failed to build match row: Moreirense Futebol Clube vs Clube Desportivo Nacional
Not enough players found for lineup: 0, 0.
[2382266] Failed to scrape lineup: https://www.transfermarkt.co.uk/spielbericht/index/spielbericht/2382266

Keepers & outfield error for **Futebol Clube do Porto** in Futebol Clube do Porto vs CS Marítimo: Numbers: 0 and 11.
[2360925] Could not find attributes for artem timofeev (FK Spartak Moskva, 2013)
[2883781] Failed to build match row: Futebol Clube do Porto vs CS Marítimo
[2360925] Failed to build match row: FC St. Gallen 1879 vs FK Spartak Moskva
[3212136] Could not find attributes for dmitriy zaytsev (Kuban Krasnodar, 2019)
[3212136] Failed to build match row: Kuban Krasnodar vs Druzhba Maikop
[2728532] Failed to scrape lineup: https://www.transfermarkt.co.uk/dundee-fc_partick-thistle-fc/index/spielbericht/2728532
[2492400] Failed to scrape lineup: https://www.transfermarkt.co.uk/spielbericht/index/spielbericht/2492400
[2620461] Failed to scrape lineup: https://www.transfermarkt.co.uk/amkar-perm_mordovia-saransk-2020-/index/spielbericht/2620461
[2609756] Failed to build match row: Paris Saint-Germain Football Club vs Montpellier HSC
[2460500] Could not find attributes for manuel estepa munoz (UE Sant Julia, 2014)
[2460500] Failed to build match row: UE Sant Julia vs Fudbalski klub Čukarički Beograd
[3223005] Could not find attributes for salahat agayev (Neftchi Baku, 2019)
[3223005] Failed to build match row: Neftchi Baku vs Arsenal Tula

Keepers & outfield error for **Trabzonspor Kulübü** in Trabzonspor Kulübü vs İstanbul Başakşehir Futbol Kulübü: Numbers: 0 and 11.
[2470105] Failed to build match row: Trabzonspor Kulübü vs İstanbul Başakşehir Futbol Kulübü

Keepers & outfield error for **Futebol Clube de Arouca** in Futebol Clube de Arouca vs Gil Vicente Futebol Clube: Numbers: 3 and 8.
[2526199] Failed to build match row: Futebol Clube de Arouca vs Gil Vicente Futebol Clube
[2752313] Could not find attributes for badou ndiaye (Ankaraspor, 2016)
[2752313] Failed to build match row: Ankaraspor vs Fodbold Club Midtjylland
[3199550] Could not find attributes for jimmy briand (FC Girondins Bordeaux, 2019)
[3199550] Failed to build match row: FC Girondins Bordeaux vs Olympique Lyonnais
[2323070] Could not find attributes for matteo valli (SP Tre Penne, 2013)
[3292271] Could not find attributes for christopher knett (Panetolikos Agrinio, 2019)
[2323070] Failed to build match row: SP Tre Penne vs FC Shirak Gyumri
[3292271] Failed to build match row: Panetolikos Agrinio vs Panionios Athens
[3055723] Could not find attributes for john disney (Connah's Quay Nomads, 2018)
[3069566] Could not find attributes for radosav petrovic (Sporting Clube de Portugal, 2018)
[3055723] Failed to build match row: Connah's Quay Nomads vs Shakhter Soligorsk
[3069566] Failed to build match row: Vitória Setúbal FC vs Sporting Clube de Portugal
[2718471] Could not find attributes for david bicik (AC Sparta Praha, a. s., 2016)
[2578077] Could not find attributes for christian fuchs (Leicester City, 2015)
[2700757] Failed to scrape lineup: https://www.transfermarkt.co.uk/ado-den-haag_fc-utrecht/index/spielbericht/2700757
[2718471] Failed to build match row: AC Sparta Praha, a. s. vs SC Fotbal Club FCSB SA
[2883782] Could not find attributes for fabio coentrao (Sporting Clube de Portugal, 2017)
[2578077] Failed to build match row: Liverpool Football Club vs Leicester City
[3098770] Could not find attributes for dylan ouedraogo (Apollon Limassol, 2018)
[2883782] Failed to build match row: Sporting Clube de Portugal vs Portimonense SC
[3098770] Failed to build match row: Apollon Limassol vs Società Sportiva Lazio S.p.A.
[3394905] Could not find attributes for trevoh chalobah (Football Club Lorient-Bretagne Sud, 2020)
[3394905] Failed to build match row: Football Club de Nantes vs Football Club Lorient-Bretagne Sud

Keepers & outfield error for **Verona Hellas Football Club** in Verona Hellas Football Club vs Società Sportiva Lazio S.p.A.: Numbers: 0 and 11.
[2360926] Could not find attributes for vladimir bushma (FK Minsk, 2013)
[2604028] Failed to build match row: Verona Hellas Football Club vs Società Sportiva Lazio S.p.A.
[2360926] Failed to build match row: FK Minsk vs Royal Standard Club de Liège
[3139985] Could not find attributes for yari verschaeren (Royal Sporting Club Anderlecht, 2018)
[2728533] Could not find attributes for ryan nektarios edwards (Partick Thistle FC, 2016)
[2331121] Failed to scrape lineup: https://www.transfermarkt.co.uk/montpellier-hsc_olympique-marseille/index/spielbericht/2331121

Keepers & outfield error for **Nooit Opgeven Altijd Doorzetten Aangenaam Door Vermaak En Nuttig Door Ontspanning Combinatie Breda** in Feyenoord Rotterdam vs Nooit Opgeven Altijd Doorzetten Aangenaam Door Vermaak En Nuttig Door Ontspanning Combinatie Breda: Numbers: 2 and 9.
[2865039] Failed to build match row: Feyenoord Rotterdam vs Nooit Opgeven Altijd Doorzetten Aangenaam Door Vermaak En Nuttig Door Ontspanning Combinatie Breda
[2728533] Failed to build match row: Partick Thistle FC vs Ross County FC
[3139985] Failed to build match row: Royal Sporting Club Anderlecht vs Sportvereniging Zulte Waregem
[2492401] Could not find attributes for syam ben youssef (Astra Giurgiu (- 2024), 2014)
[2492401] Failed to build match row: The Celtic Football Club vs Astra Giurgiu (- 2024)
[2872396] Failed to scrape lineup: https://www.transfermarkt.co.uk/burnley-fc_everton-fc/index/spielbericht/2872396
[3208760] Could not find attributes for moi gomez (Villarreal Club de Fútbol S.A.D., 2019)
[2503761] Failed to scrape lineup: https://www.transfermarkt.co.uk/cercle-brugge-_kv-kortrijk/index/spielbericht/2503761
[3208760] Failed to build match row: Villarreal Club de Fútbol S.A.D. vs Athletic Club Bilbao
[3047583] Could not find attributes for pedro rebocho (EA Guingamp, 2018)
[3047583] Failed to build match row: EA Guingamp vs Olympique Lyonnais
[2592010] Could not find attributes for blagoy makendzhiev (Beroe Stara Zagora, 2015)
[2592010] Failed to build match row: Brøndby Idrætsforening vs Beroe Stara Zagora
[2341317] Failed to scrape lineup: https://www.transfermarkt.co.uk/elche-cf_real-betis-balompie/index/spielbericht/2341317
[3292272] Could not find attributes for nikolaos korovesis (Omilos Filathlon Irakliou FC, 2019)
[3292272] Failed to build match row: Omilos Filathlon Irakliou FC vs Volou Neos Podosferikos Syllogos
[2335291] Could not find attributes for joaozinho (FK Krasnodar, 2013)

Keepers & outfield error for **Lyngby Boldklub** in Lyngby Boldklub vs Silkeborg Idrætsforening: Numbers: 2 and 9.
[2323254] Could not find attributes for sasa stamenkovic (Neftchi Baku, 2013)
[2335291] Failed to build match row: FK Krasnodar vs Футбольный клуб "Локомотив" Москва
Not enough players found for lineup: 0, 0.
Boldklub vs Silkeborg Idrætsforening
[2323254] Failed to build match row: Neftchi Baku vs KF Skënderbeu
[2460501] Failed to scrape lineup: https://www.transfermarkt.co.uk/spielbericht/index/spielbericht/2460501
[3223006] Could not find attributes for haraldur bjornsson (Stjarnan Gardabaer, 2019)
[2752314] Could not find attributes for danijel zagorac (NK Lokomotiva Zagreb, 2016)
[3223006] Failed to build match row: Stjarnan Gardabaer vs Espanol
[2752314] Failed to build match row: Koninklijke Racing Club Genk vs NK Lokomotiva Zagreb
[2470106] Could not find attributes for zulkuf ozer (Kayseri Erciyesspor, 2014)
[2470106] Failed to build match row: Akhisarspor vs Kayseri Erciyesspor

Keepers & outfield error for **Celta** in Celta vs Málaga CF: Numbers: 0 and 11.
[2899813] Failed to build match row: Celta vs Málaga CF
[2919795] Failed to scrape lineup: https://www.transfermarkt.co.uk/spielbericht/index/spielbericht/2919795
[3055724] Could not find attributes for andrey klimovich (Shakhter Soligorsk, 2018)
[2583519] Could not find attributes for aivaras bagocius (FK Kruoja Pakruojis (-2015), 2015)
[3055724] Failed to build match row: Shakhter Soligorsk vs Connah's Quay Nomads
[2583519] Failed to build match row: FK Kruoja Pakruojis (-2015) vs Jagiellonia-Bialystok Sportowa Spólka Akcyjna

Keepers & outfield error for **Desportivo Aves (- 2020)** in Desportivo Aves (- 2020) vs Moreirense Futebol Clube: Numbers: 0 and 11.
[2883792] Failed to build match row: Desportivo Aves (- 2020) vs Moreirense Futebol Clube

Keepers & outfield error for **Paris Saint-Germain Football Club** in Paris Saint-Germain Football Club vs Football Club Lorient-Bretagne Sud: Numbers: 2 and 9.
[2482398] Failed to build match row: Paris Saint-Germain Football Club vs Football Club Lorient-Bretagne Sud
[2865040] Could not find attributes for nasser el khayati (ADO Den Haag, 2017)
[2865040] Failed to build match row: ADO Den Haag vs Sparta Rotterdam
[2503762] Could not find attributes for aleksandar cavric (Koninklijke Racing Club Genk, 2014)
[2503762] Failed to build match row: Sportvereniging Zulte Waregem vs Koninklijke Racing Club Genk
[2772591] Could not find attributes for callum howe (Southport FC, 2016)
[2772591] Failed to build match row: Southport FC vs Fleetwood Town
[2492402] Could not find attributes for jozo simunovic (GNK Dinamo Zagreb, 2014)
[2335292] Could not find attributes for felicio brown (PFK Krylya Sovetov Samara, 2013)
[2335292] Failed to build match row: PFK Krylya Sovetov Samara vs Amkar Perm
l Salzburg
[3292273] Could not find attributes for georgios delizisis (Aris Thessalonikis, 2019)
[3292273] Failed to build match row: Aris Thessalonikis vs Panthessalonikios Athlitikos Omilos Konstantinoupoliton
[2360927] Failed to scrape lineup: https://www.transfermarkt.co.uk/spielbericht/index/spielbericht/2360927
[2891616] Failed to scrape lineup: https://www.transfermarkt.co.uk/panionios-athens_ao-xanthi/index/spielbericht/2891616
[3139986] Could not find attributes for frank boya (Royal Excel Mouscron (-2022), 2018)
[3139986] Failed to build match row: Koninklijke Atletiek Associatie Gent vs Royal Excel Mouscron (-2022)
[2752315] Could not find attributes for anthony scribe (Dinamo Tbilisi, 2016)
[2752315] Failed to build match row: Panthessalonikios Athlitikos Omilos Konstantinoupoliton vs Dinamo Tbilisi
[2645274] Could not find attributes for ross smith (Stirling Albion FC, 2015)
[2645274] Failed to build match row: Stirling Albion FC vs Inverness Caledonian Thistle FC

Keepers & outfield error for **Olympique Gymnaste Club Nice Côte d'Azur** in Angers Sporting Club de l'Ouest vs Olympique Gymnaste Club Nice Côte d'Azur: Numbers: 2 and 9.

Keepers & outfield error for **Grupo Desportivo Estoril Praia** in Grupo Desportivo Estoril Praia vs FC Penafiel: Numbers: 3 and 8.
[3394907] Could not find attributes for saidou sow (AS Saint-Étienne, 2020)
[2620462] Could not find attributes for aleksandr belenov (Kuban Krasnodar (-2018), 2015)
[3055730] Could not find attributes for alban hoxha (FK Partizani, 2018)
[3199551] Failed to build match row: Angers Sporting Club de l'Ouest vs Olympique Gymnaste Club Nice Côte d'Azur
[3394907] Failed to build match row: AS Saint-Étienne vs Association sportive de Monaco Football Club
[3055730] Failed to build match row: FK Partizani vs NK Maribor
[2620462] Failed to build match row: FK Rostov vs Kuban Krasnodar (-2018)
[2526200] Failed to build match row: Grupo Desportivo Estoril Praia vs FC Penafiel

Keepers & outfield error for **EA Guingamp** in Toulouse Football Club vs EA Guingamp: Numbers: 2 and 9.
[2942925] Failed to build match row: Toulouse Football Club vs EA Guingamp
[2460502] Could not find attributes for stojan dimovski (FK Horizont Turnovo, 2014)
[2460502] Failed to build match row: FK Horizont Turnovo vs Chikhura Sachkhere
[2583520] Could not find attributes for gevorg kasparov (Alashkert Yerevan FC, 2015)
[2583520] Failed to build match row: Alashkert Yerevan FC vs St. Johnstone FC
[2865041] Could not find attributes for yassin ayoub (Football Club Utrecht, 2017)
[2865041] Failed to build match row: Football Club Utrecht vs Eindhovense Voetbalvereniging Philips Sport Vereniging

Keepers & outfield error for **Association Football Club Bournemouth** in Leicester City vs Association Football Club Bournemouth: Numbers: 2 and 9.
[2872398] Failed to build match row: Leicester City vs Association Football Club Bournemouth
Not enough players found for lineup: 0, 0.
[2503763] Failed to scrape lineup: https://www.transfermarkt.co.uk/rsc-anderlecht_ksc-lokeren-2020-/index/spielbericht/2503763
[2722668] Could not find attributes for emre belozoglu (İstanbul Başakşehir Futbol Kulübü, 2016)
[2722668] Failed to build match row: İstanbul Başakşehir Futbol Kulübü vs Akhisarspor
[3081389] Could not find attributes for mattia destro (Bologna Football Club 1909, 2018)
[2883793] Could not find attributes for fabio coentrao (Sporting Clube de Portugal, 2017)
[3081389] Failed to build match row: Bologna Football Club 1909 vs Parma Calcio 1913
[2728535] Could not find attributes for lennard sowah (Hamilton Academical FC, 2016)
[3069567] Could not find attributes for fabio sturgeon (CD Feirense, 2018)
[2883793] Failed to build match row: Sport Lisboa e Benfica vs Sporting Clube de Portugal
[2728535] Failed to build match row: Hamilton Academical FC vs Aberdeen Football Club
[3069567] Failed to build match row: CD Feirense vs Vitória Sport Clube
[2360928] Could not find attributes for alo barengrub (Kalju FC, 2013)
[2360928] Failed to build match row: Kalju FC vs Dnipro Dnipropetrovsk (-2020)
[3212599] Could not find attributes for show (B SAD, 2019)
Atromitos Athinon, 2019)
[3223007] Failed to build match row: APS Atromitos Athinon vs DAC Dunajska Streda
[3212599] Failed to build match row: B SAD vs Futebol Clube de Famalicão
[3047585] Could not find attributes for julio tavares (Dijon FCO, 2018)
[3252967] Could not find attributes for kieran simpson (Fraserburgh FC, 2019)
[3047585] Failed to build match row: Olympique de Marseille vs Dijon FCO
[3252967] Failed to build match row: Fraserburgh FC vs Bonnyrigg Rose FC

Keepers & outfield error for **Vitória Sport Clube** in Vitória Sport Clube vs Fußballclub Red Bull Salzburg: Numbers: 0 and 11.
[2323255] Could not find attributes for lukasz szukala (SC Fotbal Club FCSB SA, 2013)
[2919796] Failed to build match row: Vitória Sport Clube vs Fußballclub Red Bull Salzburg
[2323255] Failed to build match row: SC Fotbal Club FCSB SA vs Vardar Skopje
[2752316] Could not find attributes for markus henriksen (Alkmaar Zaanstreek, 2016)
[2752316] Failed to build match row: Alkmaar Zaanstreek vs Fudbalski Klub Vojvodina

Keepers & outfield error for **Chelsea Football Club** in Chelsea Football Club vs Watford FC: Numbers: 2 and 9.
[2578080] Failed to build match row: Chelsea Football Club vs Watford FC
[2891617] Could not find attributes for nikolaos papadopoulos (PAS Lamia 1964, 2017)
[2891617] Failed to build match row: PAS Lamia 1964 vs APO Levadiakos Football Club
[2620463] Could not find attributes for anestis anastasiadis (AEL Kalloni, 2015)
[2620463] Failed to build match row: AEL Kalloni vs A.G.S Asteras Tripolis
[2865042] Could not find attributes for ashton gotz (Roda JC Kerkrade, 2017)
[2865042] Failed to build match row: Heracles Almelo vs Roda JC Kerkrade
[2697661] Could not find attributes for karlo bartolec (Fodbold Club Nordsjælland, 2016)
[2697661] Failed to build match row: Fodbold Club Nordsjælland vs Lyngby Boldklub
[2492403] Could not find attributes for syam ben youssef (Astra Giurgiu (- 2024), 2014)
[2360929] Could not find attributes for vojislav stankovic (Fudbalski Klub Partizan Beograd, 2013)
[2492403] Failed to build match row: Astra Giurgiu (- 2024) vs The Celtic Football Club
[2360929] Failed to build match row: Fudbalski Klub Partizan Beograd vs FC Thun
[3292274] Could not find attributes for balazs megyeri (APS Atromitos Athinon, 2019)
[3292274] Failed to build match row: APS Atromitos Athinon vs A.G.S Asteras Tripolis
[3081390] Could not find attributes for merih demiral (Unione Sportiva Sassuolo Calcio, 2018)
[3081390] Failed to build match row: Torino Calcio vs Unione Sportiva Sassuolo Calcio
[2718474] Could not find attributes for fernandao (Fenerbahçe Spor Kulübü, 2016)
[2718474] Failed to build match row: Fenerbahçe Spor Kulübü vs Association sportive de Monaco Football Club
[2470108] Could not find attributes for jose sosa (Beşiktaş Jimnastik Kulübü, 2014)
[3212600] Could not find attributes for andraz sporar (Sporting Clube de Portugal, 2019)
[2470108] Failed to build match row: Beşiktaş Jimnastik Kulübü vs Bursaspor
[3212600] Failed to build match row: Sporting Clube de Portugal vs Desportivo Aves (- 2020)
[2772592] Could not find attributes for danny lewis (Solihull Moors, 2016)
[2772592] Failed to build match row: Yeovil Town vs Solihull Moors
[2700759] Failed to scrape lineup: https://www.transfermarkt.co.uk/willem-ii-tilburg_twente-enschede-fc/index/spielbericht/2700759
[3208763] Could not find attributes for nemanja radoja (Levante Unión Deportiva S.A.D., 2019)
[3208763] Failed to build match row: Athletic Club Bilbao vs Levante Unión Deportiva S.A.D.
[2645275] Could not find attributes for arnaud djoum (Heart of Midlothian Football Club, 2015)

Keepers & outfield error for **Clube Desportivo Nacional** in Clube Desportivo Nacional vs Futebol Clube do Porto: Numbers: 2 and 9.
[2645275] Failed to build match row: Heart of Midlothian Football Club vs Aberdeen Football Club
[2891618] Could not find attributes for zivko zivkovic (AO Xanthi, 2017)
[2526201] Failed to build match row: Clube Desportivo Nacional vs Futebol Clube do Porto
[3252969] Could not find attributes for greg mitchell (Inverurie Loco Works FC, 2019)
[2891618] Failed to build match row: AO Xanthi vs Panetolikos Agrinio
[3252969] Failed to build match row: Inverurie Loco Works FC vs Wick Academy FC
[2335293] Failed to scrape lineup: https://www.transfermarkt.co.uk/fk-rostov_anzhi-makhachkala-2022-/index/spielbericht/2335293
[2323256] Could not find attributes for matus kozacik (FC Viktoria Plzeň, a.s., 2013)
[2323256] Failed to build match row: FC Viktoria Plzeň, a.s. vs FK Zeljeznicar Sarajevo
[3139990] Failed to scrape lineup: https://www.transfermarkt.co.uk/standard-liege_ksc-lokeren-2020-/index/spielbericht/3139990
[2728536] Could not find attributes for ryan dow (Ross County FC, 2016)
[2470109] Could not find attributes for lasha dvali (Kasımpaşa A.Ş., 2014)
[2899815] Failed to scrape lineup: https://www.transfermarkt.co.uk/real-madrid_girona-fc/index/spielbericht/2899815
[2728536] Failed to build match row: Ross County FC vs Rangers Football Club
[2470109] Failed to build match row: Kardemir Karabükspor vs Kasımpaşa A.Ş.
[2592011] Could not find attributes for mileta radulovic (OFK Titograd, 2015)
[2592011] Failed to build match row: OFK Titograd vs FK Kukësi
[3098771] Could not find attributes for caner erkin (Beşiktaş Jimnastik Kulübü, 2018)
[3098771] Failed to build match row: Sarpsborg 08 Fotballforening vs Beşiktaş Jimnastik Kulübü
[2620464] Could not find attributes for georgios kantimiris (Veria NPS, 2015)
[2620464] Failed to build match row: Veria NPS vs Panthessalonikios Athlitikos Omilos Konstantinoupoliton
[3229479] Could not find attributes for ragnar klavan (Cagliari Calcio, 2019)
[3229479] Failed to build match row: Cagliari Calcio vs Unione Sportiva Lecce
[2460503] Could not find attributes for arsen beglaryan (FC Shirak Gyumri, 2014)
[2460503] Failed to build match row: FC Shirak Gyumri vs Shakhter Karaganda

Keepers & outfield error for **Futebol Clube de Arouca** in Futebol Clube de Arouca vs GD Chaves: Numbers: 2 and 9.
[3078852] Failed to build match row: Futebol Clube de Arouca vs GD Chaves
[3069568] Failed to scrape lineup: https://www.transfermarkt.co.uk/sc-braga_cd-santa-clara/index/spielbericht/3069568
[2503764] Failed to scrape lineup: https://www.transfermarkt.co.uk/standard-liege_kv-mechelen/index/spielbericht/2503764
[2883794] Failed to scrape lineup: https://www.transfermarkt.co.uk/boavista-fc_sc-braga/index/spielbericht/2883794
[2482399] Could not find attributes for rod fanni (Olympique de Marseille, 2014)
[2482399] Failed to build match row: Racing Club de Lens vs Olympique de Marseille
[3292275] Could not find attributes for Anel Sabanadzovic (Athlitiki Enosi Konstantinoupoleos, 2019)
[3292275] Failed to build match row: Athlitiki Enosi Konstantinoupoleos vs Panetolikos Agrinio
[3055731] Could not find attributes for jasmin handanovic (NK Maribor, 2018)
[3055731] Failed to build match row: NK Maribor vs FK Partizani
[2346375] Could not find attributes for mehmet topal (Fenerbahçe Spor Kulübü, 2013)
[2346375] Failed to build match row: Fenerbahçe Spor Kulübü vs Kardemir Karabükspor
[2583521] Could not find attributes for miroslav vujadinovic (KF Laçi, 2015)
[3139991] Could not find attributes for imoh ezekiel (KV Kortrijk, 2018)
[2583521] Failed to build match row: KF Laçi vs FK Inter Baku
[3139991] Failed to build match row: KV Kortrijk vs Royal Charleroi Sporting Club

Keepers & outfield error for **Elche Club de Fútbol S.A.D.** in Valencia Club de Fútbol S. A. D. vs Elche Club de Fútbol S.A.D.: Numbers: 0 and 11.
[3223009] Could not find attributes for deyan ivanov (Levski Sofia, 2019)
[3394909] Failed to scrape lineup: https://www.transfermarkt.co.uk/rc-strasbourg-alsace_rc-lens/index/spielbericht/3394909
[3223009] Failed to build match row: Levski Sofia vs AEK Larnaca
[2341318] Failed to build match row: Valencia Club de Fútbol S. A. D. vs Elche Club de Fútbol S.A.D.
[2752499] Could not find attributes for takayuki seto (Astra Giurgiu (- 2024), 2016)
[2752499] Failed to build match row: West Ham United Football Club vs Astra Giurgiu (- 2024)
[3212601] Could not find attributes for carlinhos (Vitória Setúbal FC, 2019)
[3212601] Failed to build match row: Vitória Setúbal FC vs Sport Lisboa e Benfica
[2919797] Failed to scrape lineup: https://www.transfermarkt.co.uk/spielbericht/index/spielbericht/2919797
[2335294] Could not find attributes for aleksey nikitin (Amkar Perm, 2013)
[2335294] Failed to build match row: Amkar Perm vs FK Krasnodar

Keepers & outfield error for **Deportivo de La Coruña** in Club Atlético de Madrid S.A.D. vs Deportivo de La Coruña: Numbers: 2 and 9.
[2899816] Failed to build match row: Club Atlético de Madrid S.A.D. vs Deportivo de La Coruña
[2697663] Could not find attributes for gregor sikosek (Brøndby Idrætsforening, 2016)
[2697663] Failed to build match row: Football Club København vs Brøndby Idrætsforening
[2772593] Could not find attributes for mark ross (Stockport County, 2016)
[2772593] Failed to build match row: Stockport County vs Woking FC
[3292276] Could not find attributes for aristotelis karasalidis (AO Xanthi, 2019)
[3292276] Failed to build match row: AO Xanthi vs Athlitiki Enosi Larisas
[2718493] Failed to scrape lineup: https://www.transfermarkt.co.uk/spielbericht/index/spielbericht/2718493
[3252970] Could not find attributes for greg simpson (Keith FC, 2019)
[2722670] Failed to scrape lineup: https://www.transfermarkt.co.uk/genclerbirligi-ankara_besiktas-jk/index/spielbericht/2722670
[3252970] Failed to build match row: Keith FC vs University of Stirling FC
[2645276] Could not find attributes for lee wallace (Rangers Football Club, 2015)
[2645276] Failed to build match row: Rangers Football Club vs Cowdenbeath FC
[2346376] Could not find attributes for yalcin ayhan (Kasımpaşa A.Ş., 2013)
[2346376] Failed to build match row: Kasımpaşa A.Ş. vs Çaykur Rizespor Kulübü
[2492405] Could not find attributes for syam ben youssef (Astra Giurgiu (- 2024), 2014)
[2492405] Failed to build match row: Astra Giurgiu (- 2024) vs GNK Dinamo Zagreb
[3069569] Could not find attributes for ponck (Desportivo Aves (- 2020), 2018)
[3069569] Failed to build match row: Clube Desportivo de Tondela vs Desportivo Aves (- 2020)
[3139992] Could not find attributes for sulayman marreh (KAS Eupen, 2018)
[3139992] Failed to build match row: KV Oostende vs KAS Eupen
[2942928] Could not find attributes for lassana diarra (Paris Saint-Germain Football Club, 2017)
[2942928] Failed to build match row: SM Caen vs Paris Saint-Germain Football Club
Not enough players found for lineup: 0, 0.
[2503765] Failed to scrape lineup: https://www.transfermarkt.co.uk/kvrs-waasland-sk-beveren_kv-oostende-2024-/index/spielbericht/2503765
[2382294] Could not find attributes for joeano (Rio Ave Futebol Clube, 2013)
maraes-sc_fc-arouca/index/spielbericht/2526202
[2883796] Failed to scrape lineup: https://www.transfermarkt.co.uk/vitoria-guimaraes-sc_cd-tondela/index/spielbericht/2883796
[2470110] Could not find attributes for guy michel landel (Gençlerbirliği Spor Kulübü, 2014)
[3208764] Failed to scrape lineup: https://www.transfermarkt.co.uk/atletico-de-madrid_rcd-espanyol-barcelona/index/spielbericht/3208764
[2382294] Failed to build match row: Rio Ave Futebol Clube vs FC Paços de Ferreira
[2470110] Failed to build match row: Gençlerbirliği Spor Kulübü vs Eskisehirspor

Keepers & outfield error for **Olympiakos Syndesmos Filathlon Peiraios** in Olympiakos Syndesmos Filathlon Peiraios vs AO Platanias: Numbers: 0 and 11.
[3078853] Could not find attributes for fabio sturgeon (CD Feirense, 2018)
[3078853] Failed to build match row: CD Feirense vs Leixões SC
[2620465] Failed to build match row: Olympiakos Syndesmos Filathlon Peiraios vs AO Platanias
[2460504] Could not find attributes for kamran agayev (FK Qabala, 2014)
[2482400] Could not find attributes for ferjani sassi (Football Club de Metz, 2014)
[2482400] Failed to build match row: SM Caen vs Football Club de Metz
[2460504] Failed to build match row: FK Qabala vs NK Siroki Brijeg
[2891620] Could not find attributes for mladen bozovic (Athlitiki Enosi Larisas, 2017)
[2891620] Failed to build match row: Athlitiki Enosi Larisas vs AOK Kerkyra
[2645277] Could not find attributes for scott rumsby (Stranraer FC, 2015)
[2645277] Failed to build match row: Stranraer FC vs The Celtic Football Club
[2700762] Could not find attributes for ferdi kadioglu (Nijmegen Eendracht Combinatie, 2016)

Keepers & outfield error for **West Ham United Football Club** in Swansea City vs West Ham United Football Club: Numbers: 0 and 11.
[2700762] Failed to build match row: Nijmegen Eendracht Combinatie vs ADO Den Haag

Keepers & outfield error for **Clube Desportivo de Tondela** in Clube Desportivo de Tondela vs Boavista FC: Numbers: 0 and 11.
[2872402] Failed to build match row: Swansea City vs West Ham United Football Club
[2752500] Could not find attributes for martin berkovec (SK Slavia Praha, a.s., 2016)
)
[3212602] Failed to build match row: Clube Desportivo de Tondela vs Boavista FC
[2752500] Failed to build match row: Royal Sporting Club Anderlecht vs SK Slavia Praha, a.s.
[2360931] Failed to build match row: APS Atromitos Athinon vs Alkmaar Zaanstreek
[3139993] Could not find attributes for ewoud pletinckx (Sportvereniging Zulte Waregem, 2018)
[2335296] Could not find attributes for oleksandr aliev (Anzhi Makhachkala ( -2022), 2013)
[3199555] Could not find attributes for stephy mavididi (Dijon FCO, 2019)
[3139993] Failed to build match row: Sportvereniging Zulte Waregem vs St Truiden
[3229481] Could not find attributes for andrea papetti (Brescia Calcio, 2019)
[2335296] Failed to build match row: Anzhi Makhachkala ( -2022) vs PFK Krylya Sovetov Samara
[3223010] Could not find attributes for otso virtanen (Kuopion Palloseura, 2019)
[3199555] Failed to build match row: Dijon FCO vs Lille Olympique Sporting Club
[3229481] Failed to build match row: Brescia Calcio vs Associazione Sportiva Roma
[3223010] Failed to build match row: Kuopion Palloseura vs Legia Warszawa Spółka Akcyjna
[2728537] Failed to scrape lineup: https://www.transfermarkt.co.uk/st-johnstone-fc_partick-thistle-fc/index/spielbericht/2728537
[2919798] Could not find attributes for matthias lehmann (1. Fußball-Club Köln, 2017)
[2919798] Failed to build match row: Arsenal Football Club vs 1. Fußball-Club Köln

Keepers & outfield error for **Associazione Calcio Fiorentina** in Chievo Verona vs Associazione Calcio Fiorentina: Numbers: 2 and 9.
[2478769] Failed to build match row: Chievo Verona vs Associazione Calcio Fiorentina
[2583522] Could not find attributes for dmitri stajila (FK Kukësi, 2015)
[2583522] Failed to build match row: FK Kukësi vs Torpedo-BelAZ Zhodino
[2718494] Could not find attributes for mihai pintilii (SC Fotbal Club FCSB SA, 2016)
[2718494] Failed to build match row: SC Fotbal Club FCSB SA vs AC Sparta Praha, a. s.

Keepers & outfield error for **Chelsea Football Club** in Chelsea Football Club vs West Bromwich Albion: Numbers: 2 and 9.
[2578084] Failed to build match row: Chelsea Football Club vs West Bromwich Albion
Not enough players found for lineup: 0, 0.
[2609759] Could not find attributes for kamil grosicki (Rennes, 2015)
[2503766] Failed to scrape lineup: https://www.transfermarkt.co.uk/lierse-sk-2018-_kaa-gent/index/spielbericht/2503766
[2609759] Failed to build match row: Rennes vs Football Club de Nantes
Not enough players found for lineup: 0, 0.
[3081393] Could not find attributes for mattia destro (Bologna Football Club 1909, 2018)
[2341320] Could not find attributes for stefan mitrovic (Real Valladolid CF, 2013)
[2341320] Failed to build match row: Sevilla Fútbol Club S.A.D. vs Real Valladolid CF
[2382295] Failed to scrape lineup: https://www.transfermarkt.co.uk/spielbericht/index/spielbericht/2382295
[3081393] Failed to build match row: Società Sportiva Lazio S.p.A. vs Bologna Football Club 1909
[2470239] Could not find attributes for zulkuf ozer (Kayseri Erciyesspor, 2014)
[2470239] Failed to build match row: Kayseri Erciyesspor vs Konyaspor
[2752501] Could not find attributes for kostadin zahov (Shkendija Tetovo, 2016)
[2752501] Failed to build match row: Shkendija Tetovo vs Koninklijke Atletiek Associatie Gent
[3069570] Could not find attributes for lionn (GD Chaves, 2018)
[3069570] Failed to build match row: Portimonense SC vs GD Chaves

Keepers & outfield error for **Málaga CF** in Málaga CF vs Futbol Club Barcelona: Numbers: 0 and 11.

Keepers & outfield error for **FC Penafiel** in FC Penafiel vs Boavista FC: Numbers: 2 and 9.
[2899818] Failed to build match row: Málaga CF vs Futbol Club Barcelona
[2526203] Failed to build match row: FC Penafiel vs Boavista FC
[3223011] Could not find attributes for slobodan jakovljevic (HSK Zrinjski Mostar, 2019)
[3223011] Failed to build match row: HSK Zrinjski Mostar vs Football Club Utrecht
[2346377] Could not find attributes for vanja ivesa (Elazigspor, 2013)
[2346377] Failed to build match row: Elazigspor vs Beşiktaş Jimnastik Kulübü

Keepers & outfield error for **Sporting Clube de Portugal** in Sporting Clube de Portugal vs Futebol Clube do Porto: Numbers: 2 and 9.
[2382296] Failed to build match row: Sporting Clube de Portugal vs Futebol Clube do Porto
[2700763] Could not find attributes for rochdi achenteh (Go Ahead Eagles, 2016)
[2700763] Failed to build match row: Eindhovense Voetbalvereniging Philips S
Keepers & outfield error for **Real Madrid Club de Fútbol** in Real Sociedad de Fútbol S.A.D. vs Real Madrid Club de Fútbol: Numbers: 2 and 9.
[2883797] Failed to build match row: Portimonense SC vs CF Os Belenenses
[2341321] Failed to build match row: Real Sociedad de Fútbol S.A.D. vs Real Madrid Club de Fútbol

Keepers & outfield error for **Olympique Lyonnais** in Olympique Lyonnais vs Paris Saint-Germain Football Club: Numbers: 2 and 9.
[3394911] Failed to build match row: Olympique Lyonnais vs Paris Saint-Germain Football Club
[2335297] Could not find attributes for marko devic (FC Rubin Kazan, 2013)
[2335297] Failed to build match row: FC Rubin Kazan vs RFK Akhmat Grozny
[3208765] Could not find attributes for ansu fati (Futbol Club Barcelona, 2019)
[3208765] Failed to build match row: Futbol Club Barcelona vs Celta
[2583523] Could not find attributes for dino hamzic (OFK Olimpik Novi Grad - Sarajevo, 2015)
[2583523] Failed to build match row: OFK Olimpik Novi Grad - Sarajevo vs Spartak Trnava
[2470240] Could not find attributes for doka madureira (İstanbul Başakşehir Futbol Kulübü, 2014)
[2470240] Failed to build match row: İstanbul Başakşehir Futbol Kulübü vs Gaziantepspor (- 2020)
[2578085] Could not find attributes for vito mannone (Sunderland Association Football Club, 2015)
[2578085] Failed to build match row: Swansea City vs Sunderland Association Football Club
[3292277] Could not find attributes for jeremy malherbe (Panionios Athens, 2019)
[2323257] Could not find attributes for miral samardzic (FC Sheriff Tiraspol, 2013)
[2323257] Failed to build match row: FC Sheriff Tiraspol vs FK Sutjeska Niksic
[2919799] Could not find attributes for vujadin savic (Fudbalski klub Crvena zvezda Beograd, 2017)
[2919799] Failed to build match row: Fudbalski klub Crvena zvezda Beograd vs BATE Borisov
[2620466] Could not find attributes for aristidis soiledis (Athlitiki Enosi Konstantinoupoleos, 2015)
[2620466] Failed to build match row: Athlitiki Enosi Konstantinoupoleos vs PAS Giannina
[2346378] Could not find attributes for aykut demir (Trabzonspor Kulübü, 2013)
[2346378] Failed to build match row: Trabzonspor Kulübü vs Galatasaray Spor Kulübü
[2722671] Could not find attributes for samuel eduok (Kasımpaşa A.Ş., 2016)
[2722671] Failed to build match row: Kasımpaşa A.Ş. vs Alanyaspor
[2752502] Could not find attributes for lovre kalinic (HNK Hajduk Split, 2016)
Not enough players found for lineup: 0, 0.
[2752502] Failed to build match row: HNK Hajduk Split vs Maccabi Tel Aviv
[2503768] Failed to scrape lineup: https://www.transfermarkt.co.uk/kvc-westerlo_mouscron-peruwelz/index/spielbericht/2503768
[2645377] Could not find attributes for joel kimwaki (TP Mazembe, 2015)
[2645377] Failed to build match row: TP Mazembe vs Sanfrecce Hiroshima
[2609760] Could not find attributes for aly ndom (Stade Reims, 2015)
[2609760] Failed to build match row: Association sportive de Monaco Football Club vs Stade Reims

Keepers & outfield error for **Nooit Opgeven Altijd Doorzetten Aangenaam Door Vermaak En Nuttig Door Ontspanning Combinatie Breda** in Nooit Opgeven Altijd Doorzetten Aangenaam Door Vermaak En Nuttig Door Ontspanning Combinatie Breda vs ADO Den Haag: Numbers: 2 and 9.
[2865059] Failed to build match row: Nooit Opgeven Altijd Doorzetten Aangenaam Door Vermaak En Nuttig Door Ontspanning Combinatie Breda vs ADO Den Haag
[2331123] Could not find attributes for itay shechter (Football Club de Nantes, 2013)
[2331123] Failed to build match row: Valenciennes FC vs Football Club de Nantes
Not enough players found for lineup: 0, 11.
[3212603] Failed to scrape lineup: https://www.transfermarkt.co.uk/moreirense-fc_cs-maritimo/index/spielbericht/3212603
[3223012] Failed to scrape lineup: https://www.transfermarkt.co.uk/spielbericht/index/spielbericht/3223012
[2592012] Could not find attributes for vladimir bushma (Shakhter Soligorsk, 2015)
[2592012] Failed to build match row: RZ Pellets Wolfsberger Athletiksport Club vs Shakhter Soligorsk
[2883798] Could not find attributes for nikola maras (GD Chaves, 2017)
[2883798] Failed to build match row: CS Marítimo vs GD Chaves
Not enough players found for lineup: 0, 0.
[2382297] Failed to scrape lineup: https://www.transfermarkt.co.uk/spielbericht/index/spielbericht/2382297
[2323258] Could not find attributes for justin haber (Birkirkara FC, 2013)
[3229482] Failed to scrape lineup: https://www.transfermarkt.co.uk/udinese-calcio_uc-sampdoria/index/spielbericht/3229482
[2323258] Failed to build match row: Birkirkara FC vs NK Maribor

Keepers & outfield error for **Olympiakos Syndesmos Filathlon Peiraios** in Olympiakos Syndesmos Filathlon Peiraios vs Panathinaikos Athlitikos Omilos: Numbers: 0 and 11.
[3292278] Failed to build match row: Olympiakos Syndesmos Filathlon Peiraios vs Panathinaikos Athlitikos Omilos
[2718495] Failed to scrape lineup: https://www.transfermarkt.co.uk/spielbericht/index/spielbericht/2718495
[3199557] Could not find attributes for yohan cabaye (AS Saint-Étienne, 2019)
[3199557] Failed to build match row: AS Saint-Étienne vs Football Club de Nantes
[3139996] Could not find attributes for yari verschaeren (Royal Sporting Club Anderlecht, 2018)
[3139996] Failed to build match row: Royal Antwerp Football Club vs Royal Sporting Club Anderlecht
[3394912] Could not find attributes for eliot matazo (Association sportive de Monaco Football Club, 2020)
[3394912] Failed to build match row: Association sportive de Monaco Football Club vs Football Club de Metz
[3055732] Could not find attributes for vladimir livsit (Zaria Balti, 2018)
[3055732] Failed to build match row: Klub Sportowy Górnik Zabrze Sportowa Spółka Akcyjna vs Zaria Balti
[2752503] Could not find attributes for damir kahriman (Fudbalski klub Crvena zvezda Beograd, 2016)
[2752503] Failed to build match row: Fudbalski klub Crvena zvezda Beograd vs Unione Sportiva Sassuolo Calcio
[2346379] Could not find attributes for sezgin coskun (Eskisehirspor, 2013)
[2360932] Failed to scrape lineup: https://www.transfermarkt.co.uk/spielbericht/index/spielbericht/2360932
[2346379] Failed to build match row: Eskisehirspor vs Konyaspor
[3047590] Failed to scrape lineup: https://www.transfermarkt.co.uk/fc-toulouse_amiens-sc/index/spielbericht/3047590
[3081394] Failed to scrape lineup: https://www.transfermarkt.co.uk/genoa-cfc_cagliari-calcio/index/spielbericht/3081394
[2722672] Could not find attributes for yonathan del valle (Bursaspor, 2016)
[2722672] Failed to build match row: Bursaspor vs Konyaspor
[2872403] Failed to scrape lineup: https://www.transfermarkt.co.uk/tottenham-hotspur_huddersfield-town/index/spielbericht/2872403

Keepers & outfield error for **Association sportive de Monaco Football Club** in Association sportive de Monaco Football Club vs Olympique Gymnaste Club Nice Côte d'Azur: Numbers: 2 and 9.
[3069571] Failed to scrape lineup: https://www.transfermarkt.co.uk/fc-porto_b-sad/index/spielbericht/3069571
[2331124] Failed to build match row: Association sportive de Monaco Football Club vs Olympique Gymnaste Club Nice Côte d'Azur
[2883799] Failed to scrape lineup: https://www.transfermarkt.co.uk/vitoria-setubal-fc_estoril-praia/index/spielbericht/2883799
[2700765] Could not find attributes for derrick tshimanga (Willem II Tilburg, 2016)
[2700765] Failed to build match row: Prins Hendrik Ende Desespereert Nimmer Combinatie Zwolle vs Willem II Tilburg
[2323259] Failed to scrape lineup: https://www.transfermarkt.co.uk/spielbericht/index/spielbericht/2323259
[3079230] Could not find attributes for bogdan karyukin (Dinamo Barnaul, 2018)
[3199558] Failed to scrape lineup: https://www.transfermarkt.co.uk/stade-brestois-29_amiens-sc/index/spielbericht/3199558
[2335298] Failed to scrape lineup: https://www.transfermarkt.co.uk/cska-moscow_lokomotiv-moscow/index/spielbericht/2335298
[3079230] Failed to build match row: Dinamo Barnaul vs Irtysh Omsk
[3252972] Could not find attributes for james kendall (Nairn County FC, 2019)
nión Deportiva S.A.D. vs UD Las Palmas: Numbers: 2 and 9.
[2526204] Failed to scrape lineup: https://www.transfermarkt.co.uk/gil-vicente-fc_sc-braga/index/spielbericht/2526204
[2899820] Failed to build match row: Levante Unión Deportiva S.A.D. vs UD Las Palmas
[3252972] Failed to build match row: Nairn County FC vs Clachnacuddin FC

Keepers & outfield error for **Sporting Clube de Braga** in Grupo Desportivo Estoril Praia vs Sporting Clube de Braga: Numbers: 0 and 11.
[2382298] Failed to build match row: Grupo Desportivo Estoril Praia vs Sporting Clube de Braga
[3292279] Could not find attributes for athanasios garavelis (Volou Neos Podosferikos Syllogos, 2019)
[3292279] Failed to build match row: Volou Neos Podosferikos Syllogos vs AO Xanthi
[2919800] Failed to scrape lineup: https://www.transfermarkt.co.uk/spielbericht/index/spielbericht/2919800
[2620467] Failed to scrape lineup: https://www.transfermarkt.co.uk/atromitos-athens_skoda-xanthi/index/spielbericht/2620467
[2645522] Failed to build match row: Aberdeen Football Club vs Heart of Midlothian Football Club
[2460505] Could not find attributes for ivan rados (Diósgyőri VTK, 2014)
[2460505] Failed to build match row: Diósgyőri VTK vs Birkirkara FC
[2482401] Failed to scrape lineup: https://www.transfermarkt.co.uk/stade-reims_as-monaco/index/spielbericht/2482401
[2752506] Could not find attributes for costa nhamoinesu (AC Sparta Praha, a. s., 2016)
[2752506] Failed to build match row: AC Sparta Praha, a. s. vs Sønderjyske Fodbold
[3229483] Could not find attributes for georgios kyriakopoulos (Unione Sportiva Sassuolo Calcio, 2019)
[3229483] Failed to build match row: Società Sportiva Lazio S.p.A. vs Unione Sportiva Sassuolo Calcio
[3199559] Failed to scrape lineup: https://www.transfermarkt.co.uk/as-monaco_rc-strasbourg-alsace/index/spielbericht/3199559
[2609761] Could not find attributes for thibault giresse (EA Guingamp, 2015)
[2609761] Failed to build match row: EA Guingamp vs AS Saint-Étienne
[2865061] Could not find attributes for kelechi nwakali (VVV-Venlo, 2017)
[2865061] Failed to build match row: Excelsior Rotterdam vs VVV-Venlo
[3055733] Could not find attributes for vladimir livsit (Zaria Balti, 2018)
[3055733] Failed to build match row: Zaria Balti vs Klub Sportowy Górnik Zabrze Sportowa Spółka Akcyjna

Keepers & outfield error for **Association sportive de Monaco Football Club** in Association sportive de Monaco Football Club vs Football Club de Nantes: Numbers: 2 and 9.
[2331125] Failed to build match row: Association sportive de Monaco Football Club vs Football Club de Nantes
[2883800] Failed to scrape lineup: https://www.transfermarkt.co.uk/rio-ave-fc_fc-pacos-de-ferreira/index/spielbericht/2883800

Keepers & outfield error for **Real Betis Balompié S.A.D.** in Real Betis Balompié S.A.D. vs Espanol: Numbers: 2 and 9.
[2899821] Failed to build match row: Real Betis Balompié S.A.D. vs Espanol
[2492406] Could not find attributes for jeremy taravel (GNK Dinamo Zagreb, 2014)
[2492406] Failed to build match row: GNK Dinamo Zagreb vs The Celtic Football Club
[2645523] Could not find attributes for conrad balatoni (Kilmarnock Football Club, 2015)
[3229484] Failed to scrape lineup: https://www.transfermarkt.co.uk/genoa-cfc_spal/index/spielbericht/3229484
[2645523] Failed to build match row: Inverness Caledonian Thistle FC vs Kilmarnock Football Club
[2346380] Could not find attributes for serkan kirintili (Çaykur Rizespor Kulübü, 2013)
[2728541] Could not find attributes for tom hateley (Dundee Football Club, 2016)
[2346380] Failed to build match row: Çaykur Rizespor Kulübü vs Elazigspor
[3252973] Failed to scrape lineup: https://www.transfermarkt.co.uk/spielbericht/index/spielbericht/3252973
[2728541] Failed to build match row: Dundee Football Club vs Motherwell Football Club
[2460506] Failed to scrape lineup: https://www.transfermarkt.co.uk/spielbericht/index/spielbericht/2460506
[2360933] Could not find attributes for premysl kovar (FC Slovan Liberec, 2013)
[2360933] Failed to build match row: Udinese Calcio vs FC Slovan Liberec
[2335299] Could not find attributes for martin jiranek (Tom Tomsk, 2013)
[2335299] Failed to build match row: Tom Tomsk vs FK Rostov
[3223014] Could not find attributes for berkay sulungoz (FC Vaduz, 2019)
[3223014] Failed to build match row: FC Vaduz vs Videoton FC
[2482402] Failed to scrape lineup: https://www.transfermarkt.co.uk/fc-evian-thonon-gaillard_montpellier-hsc/index/spielbericht/2482402

Keepers & outfield error for **Club Atlético Osasuna** in Club Atlético Osasuna vs Real Valladolid CF: Numbers: 0 and 11.
[2341323] Failed to build match row: Club Atlético Osasuna vs Real Valladolid CF
[2470243] Failed to scrape lineup: https://www.transfermarkt.co.uk/fenerbahce_akhisar-belediyespor/index/spielbericht/2470243
[2752507] Could not find attributes for denis sme (NK Maribor, 2016)
[2752507] Failed to build match row: NK Maribor vs FK Qabala
[3079231] Could not find attributes for daniil gavilovskiy (FK Chita (-2022), 2018)
[3079231] Failed to build match row: FK Chita (-2022) vs FC Irkutsk

Keepers & outfield error for **CF Os Belenenses** in CF Os Belenenses vs Boavista FC: Numbers: 0 and 11.
[2883801] Failed to build match row: CF Os Belenenses vs Boavista FC
[2718497] Could not find attributes for fernandao (Fenerbahçe Spor Kulübü, 2016)
[2718497] Failed to build match row: Association sportive de Monaco Football Club vs Fenerbahçe Spor Kulübü
[3292280] Could not find attributes for ogmundur kristinsson (Athlitiki Enosi Larisas, 2019)
[3292280] Failed to build match row: Athlitiki Enosi Larisas vs Aris Thessalonikis
[2346381] Could not find attributes for ertugrul taskiran (Kayserispor Kulübü, 2013)
[2346381] Failed to build match row: Kayserispor Kulübü vs Fenerbahçe Spor Kulübü
[3069572] Could not find attributes for rafa silva (Sport Lisboa e Benfica, 2018)
[3069572] Failed to build match row: Sport Lisboa e Benfica vs Boavista FC
[3223015] Failed to scrape lineup: https://www.transfermarkt.co.uk/spielbericht/index/spielbericht/3223015
[2460507] Failed to scrape lineup: https://www.transfermarkt.co.uk/spielbericht/index/spielbericht/2460507
[2919801] Could not find attributes for guy haimov (Hapoel Beer Sheva, 2017)
[2919801] Failed to build match row: Hapoel Beer Sheva vs FC Lugano
[3394913] Could not find attributes for trevoh chalobah (Football Club Lorient-Bretagne Sud, 2020)
[3394913] Failed to build match row: Football Club Lorient-Bretagne Sud vs Stade brestois 29
[3199561] Could not find attributes for stephy mavididi (Dijon FCO, 2019)
[3199561] Failed to build match row: Montpellier HSC vs Dijon FCO
[2609762] Could not find attributes for mouhamadou dabo (ESTAC Troyes, 2015)
[2609762] Failed to build match row: ESTAC Troyes vs Paris Saint-Germain Football Club
[3139997] Failed to scrape lineup: https://www.transfermarkt.co.uk/royal-excel-mouscron-2022-_cercle-brugge/index/spielbericht/3139997
[2470244] Could not find attributes for lasha dvali (Kasımpaşa A.Ş., 2014)
[2470244] Failed to build match row: Kasımpaşa A.Ş. vs Trabzonspor Kulübü
[2697669] Could not find attributes for karlo bartolec (Fodbold Club Nordsjælland, 2016)

Keepers & outfield error for **Grupo Desportivo Estoril Praia** in Futebol Clube do Porto vs Grupo Desportivo Estoril Praia: Numbers: 3 and 8.
[2697669] Failed to build match row: Fodbold Club Nordsjælland vs Football Club København
[2526205] Failed to build match row: Futebol Clube do Porto vs Grupo Desportivo Estoril Praia

Keepers & outfield error for **Sporting Clube de Braga** in Sporting Clube de Braga vs Rio Ave Futebol Clube: Numbers: 2 and 9.
[2883802] Failed to build match row: Sporting Clube de Braga vs Rio Ave Futebol Clube
[2331126] Could not find attributes for corentin tolisso (Olympique Lyonnais, 2013)
[2331126] Failed to build match row: Toulouse Football Club vs Olympique Lyonnais
[2872404] Could not find attributes for etienne capoue (Watford FC, 2017)
[2872404] Failed to build match row: Watford FC vs West Bromwich Albion

Keepers & outfield error for **Verona Hellas Football Club** in Juventus Football Club vs Verona Hellas Football Club: Numbers: 0 and 11.
[2478772] Failed to build match row: Juventus Football Club vs Verona Hellas Football Club
[2645524] Failed to build match row: Dundee United Football Club vs Partick Thistle FC
[3098774] Could not find attributes for matvey safonov (FK Krasnodar, 2018)
[3098774] Failed to build match row: FK Krasnodar vs Akhisarspor
[2899823] Failed to scrape lineup: https://www.transfermarkt.co.uk/atletico-de-madrid_celta-de-vigo/index/spielbericht/2899823
[2609763] Failed to scrape lineup: https://www.transfermarkt.co.uk/fc-lorient_olympique-marseille/index/spielbericht/2609763
[2382299] Failed to scrape lineup: https://www.transfermarkt.co.uk/spielbericht/index/spielbericht/2382299
[3047593] Could not find attributes for julio tavares (Dijon FCO, 2018)
[3047593] Failed to build match row: Dijon FCO vs FC Girondins Bordeaux
[2470245] Failed to scrape lineup: https://www.transfermarkt.co.uk/mersin-idmanyurdu_kardemir-karabukspor/index/spielbericht/2470245
[3140007] Failed to scrape lineup: https://www.transfermarkt.co.uk/kaa-gent_standard-liege/index/spielbericht/3140007
[3292281] Could not find attributes for christopher knett (Panetolikos Agrinio, 2019)
[2503787] Could not find attributes for boban bajkovic (Lierse SK (- 2018), 2014)
[3292281] Failed to build match row: Panetolikos Agrinio vs APS Atromitos Athinon
[2503787] Failed to build match row: KV Kortrijk vs Lierse SK (- 2018)
[2360934] Could not find attributes for giorgi loria (Dinamo Tbilisi, 2013)
[2360934] Failed to build match row: Dinamo Tbilisi vs Tottenham Hotspur Football Club
[2620468] Could not find attributes for manolis stefanakos (Panetolikos Agrinio, 2015)
[2620468] Failed to build match row: Panetolikos Agrinio vs Panthrakikos Komotini
[2919802] Could not find attributes for abzal beysebekov (FC Astana, 2017)
[2919802] Failed to build match row: FC Astana vs SK Slavia Praha, a.s.
[2346382] Could not find attributes for gokhan degirmenci (Kayseri Erciyesspor, 2013)
[2346382] Failed to build match row: Galatasaray Spor Kulübü vs Kayseri Erciyesspor
[2883803] Could not find attributes for charalampos kyriakou (Grupo Desportivo Estoril Praia, 2017)
[2883803] Failed to build match row: Grupo Desportivo Estoril Praia vs CD Feirense
[2323261] Could not find attributes for ville wallen (HJK Helsinki, 2013)
[2722674] Could not find attributes for samuel eduok (Kasımpaşa A.Ş., 2016)
[2323261] Failed to build match row: HJK Helsinki vs Kalju FC
[2722674] Failed to build match row: Konyaspor vs Kasımpaşa A.Ş.
[2478773] Failed to scrape lineup: https://www.transfermarkt.co.uk/ss-lazio_ssc-napoli/index/spielbericht/2478773

Keepers & outfield error for **Association Football Club Bournemouth** in Association Football Club Bournemouth vs Tottenham Hotspur Football Club: Numbers: 2 and 9.
[2872405] Failed to build match row: Association Football Club Bournemouth vs Tottenham Hotspur Football Club
[2718678] Could not find attributes for giannis anestis (Athlitiki Enosi Konstantinoupoleos, 2016)
[2583524] Could not find attributes for sebastian varela (UE Sant Julia, 2015)
[2583524] Failed to build match row: UE Sant Julia vs Randers Fodbold Club
[2718678] Failed to build match row: AS Saint-Étienne vs Athlitiki Enosi Konstantinoupoleos
[3055734] Could not find attributes for mika hilander (Ilves Tampere, 2018)
[3055734] Failed to build match row: Ilves Tampere vs Slavia Sofia
[2752512] Could not find attributes for brown ideye (Olympiakos Syndesmos Filathlon Peiraios, 2016)
[2752512] Failed to build match row: Olympiakos Syndesmos Filathlon Peiraios vs Futebol Clube de Arouca

Keepers & outfield error for **Clube Desportivo Santa Clara** in Clube Desportivo Santa Clara vs Portimonense SC: Numbers: 0 and 11.
[3069573] Failed to build match row: Clube Desportivo Santa Clara vs Portimonense SC
[3223017] Could not find attributes for matvei igonen (FC Flora Tallinn, 2019)
[3223017] Failed to build match row: Eintracht Frankfurt Fußball AG vs FC Flora Tallinn
[2492407] Could not find attributes for duje caleta car (Fußballclub Red Bull Salzburg, 2014)
[2492407] Failed to build match row: Fußballclub Red Bull Salzburg vs Astra Giurgiu (- 2024)
[2341325] Could not find attributes for riki (Granada CF, 2013)
[2341325] Failed to build match row: Getafe Club de Fútbol S. A. D. Team Dubai vs Granada CF

Keepers & outfield error for **Olympique Lyonnais** in Olympique Lyonnais vs AS Saint-Étienne: Numbers: 2 and 9.
[3047594] Failed to build match row: Olympique Lyonnais vs AS Saint-Étienne
[2470246] Could not find attributes for berkan emir (Balikesirspor, 2014)
[2470246] Failed to build match row: Balikesirspor vs Gençlerbirliği Spor Kulübü
[3292282] Could not find attributes for nikolaos papadopoulos (A.G.S Asteras Tripolis, 2019)
[2949830] Failed to scrape lineup: https://www.transfermarkt.co.uk/spielbericht/index/spielbericht/2949830
[2335301] Could not find attributes for sergei pareiko (Volga Nizhniy Novgorod (- 2016), 2013)
[3292282] Failed to build match row: A.G.S Asteras Tripolis vs Omilos Filathlon Irakliou FC
[2335301] Failed to build match row: Volga Nizhniy Novgorod (- 2016) vs Ural Yekaterinburg

Keepers & outfield error for **Lyngby Boldklub** in Lyngby Boldklub vs Esbjerg fB: Numbers: 2 and 9.
[2592015] Could not find attributes for istvan verpecz (Debreceni VSC, 2015)
[2697670] Failed to build match row: Lyngby Boldklub vs Esbjerg fB
[2592015] Failed to build match row: Debreceni VSC vs Skonto Riga
[2620469] Failed to scrape lineup: https://www.transfermarkt.co.uk/panionios-athens_panathinaikos-fc/index/spielbericht/2620469
[2460508] Could not find attributes for friday godswill (UE Santa Coloma, 2014)
[2460508] Failed to build match row: UE Santa Coloma vs Metalurg Skopje
[2891621] Could not find attributes for theofanis tzandaris (Panathinaikos Athlitikos Omilos, 2017)
[2891621] Failed to build match row: Panathinaikos Athlitikos Omilos vs A.G.S Asteras Tripolis
[2872406] Could not find attributes for etienne capoue (Watford FC, 2017)
[2872406] Failed to build match row: Arsenal Football Club vs Watford FC
[3252974] Could not find attributes for michael maccallum (Strathspey Thistle FC, 2019)
[3252974] Failed to build match row: Strathspey Thistle FC vs Lossiemouth FC
[2722675] Could not find attributes for davide petrucci (Çaykur Rizespor Kulübü, 2016)
[2722675] Failed to build match row: Çaykur Rizespor Kulübü vs Adanaspor
[2752899] Could not find attributes for kirill volkov (FK Dolgoprudnyi, 2016)
[2583525] Could not find attributes for kaspars ikstens (FK Jelgava, 2015)

Keepers & outfield error for **Sport Lisboa e Benfica** in Clube Desportivo Nacional vs Sport Lisboa e Benfica: Numbers: 2 and 9.
[2583525] Failed to build match row: FK Jelgava vs Litex Lovech
[2752899] Failed to build match row: FK Dolgoprudnyi vs FC Tosno (-2018)

Keepers & outfield error for **Vitória Sport Clube** in Vitória Sport Clube vs Futebol Clube do Porto: Numbers: 0 and 11.
[2382300] Failed to build match row: Clube Desportivo Nacional vs Sport Lisboa e Benfica

Keepers & outfield error for **Grupo Desportivo Estoril Praia** in Eindhovense Voetbalvereniging Philips Sport Vereniging vs Grupo Desportivo Estoril Praia: Numbers: 2 and 9.
[3069574] Failed to build match row: Vitória Sport Clube vs Futebol Clube do Porto
[3079232] Could not find attributes for nikita kiselev (FK Blagoveshchensk, 2018)
[2470247] Could not find attributes for kaan kanak (Eskisehirspor, 2014)
[2492408] Failed to build match row: Eindhovense Voetbalvereniging Philips Sport Vereniging vs Grupo Desportivo Estoril Praia
[3079232] Failed to build match row: FK Blagoveshchensk vs Sakhalin Yuzhno-Sakhalinsk
[3199563] Could not find attributes for jimmy briand (FC Girondins Bordeaux, 2019)
[3223018] Could not find attributes for grega sorcan (NK Domzale, 2019)
[3140008] Could not find attributes for sulayman marreh (KAS Eupen, 2018)
[2470247] Failed to build match row: Eskisehirspor vs Beşiktaş Jimnastik Kulübü
[3223018] Failed to build match row: Malmö Fotbollförening vs NK Domzale
[3199563] Failed to build match row: Football Club de Nantes vs FC Girondins Bordeaux
[3140008] Failed to build match row: KAS Eupen vs Sportvereniging Zulte Waregem
[3098775] Could not find attributes for vlastimil hruby (FK Jablonec a.s., 2018)
[3098775] Failed to build match row: FK Jablonec a.s. vs Rennes
[3292283] Could not find attributes for konstantinos theodoropoulos (PAS Lamia 1964, 2019)
[3292283] Failed to build match row: PAS Lamia 1964 vs Olympiakos Syndesmos Filathlon Peiraios

Keepers & outfield error for **Rio Ave Futebol Clube** in Académica Coimbra vs Rio Ave Futebol Clube: Numbers: 0 and 11.
[2526206] Failed to build match row: Académica Coimbra vs Rio Ave Futebol Clube
[2360935] Could not find attributes for andrey sidelnikov (FK Aktobe, 2013)

Keepers & outfield error for **Real Madrid Club de Fútbol** in Real Madrid Club de Fútbol vs UD Almería: Numbers: 2 and 9.
[2722676] Could not find attributes for yonathan del valle (Bursaspor, 2016)
[2722676] Failed to build match row: Kardemir Karabükspor vs Bursaspor
[3055735] Could not find attributes for antonis stergiakis (Slavia Sofia, 2018)
[2360935] Failed to build match row: FK Aktobe vs Futbolniy Klub Dynamo Kyiv
[2460509] Could not find attributes for dmitriy khomich (Kairat Almaty, 2014)
[2341326] Failed to build match row: Real Madrid Club de Fútbol vs UD Almería
[3055735] Failed to build match row: Slavia Sofia vs Ilves Tampere
[2460509] Failed to build match row: Kairat Almaty vs FK Kukësi
[2718680] Could not find attributes for emre belozoglu (İstanbul Başakşehir Futbol Kulübü, 2016)
[2718680] Failed to build match row: İstanbul Başakşehir Futbol Kulübü vs Hrvatski Nogometni Klub Rijeka
[2697671] Could not find attributes for gregor sikosek (Brøndby Idrætsforening, 2016)
[2478774] Could not find attributes for ignazio abate (Associazione Calcio Milan, 2014)

Keepers & outfield error for **SD Eibar** in SD Eibar vs CD Leganés: Numbers: 2 and 9.
[2697671] Failed to build match row: Sønderjyske Fodbold vs Brøndby Idrætsforening
[3079382] Failed to build match row: SD Eibar vs CD Leganés
[2478774] Failed to build match row: Associazione Calcio Milan vs Atalanta Bergamasca Calcio S.p.a.

Keepers & outfield error for **Olympique Gymnaste Club Nice Côte d'Azur** in Olympique Gymnaste Club Nice Côte d'Azur vs Rennes: Numbers: 2 and 9.
[3098776] Could not find attributes for evgeniy postnikov (FC Astana, 2018)
[3199564] Failed to build match row: Olympique Gymnaste Club Nice Côte d'Azur vs Rennes
[3098776] Failed to build match row: FC Astana vs Futbolniy Klub Dynamo Kyiv
[2578086] Could not find attributes for erik pieters (Stoke City, 2015)
[2578086] Failed to build match row: Stoke City vs Manchester United Football Club
[2891622] Could not find attributes for filip kljajic (AO Platanias, 2017)
[2891622] Failed to build match row: AO Platanias vs Olympiakos Syndesmos Filathlon Peiraios
[2883804] Could not find attributes for uri rosell (Portimonense SC, 2017)
[3081396] Failed to scrape lineup: https://www.transfermarkt.co.uk/ac-milan_frosinone-calcio/index/spielbericht/3081396
[2883804] Failed to build match row: FC Paços de Ferreira vs Portimonense SC
[2604032] Could not find attributes for albano bizzarri (Chievo Verona, 2015)
[2346383] Could not find attributes for ozan ozenc (Antalyaspor, 2013)
[2604032] Failed to build match row: Unione Sportiva Sassuolo Calcio vs Chievo Verona
[2728544] Could not find attributes for thorsten stuckmann (Partick Thistle FC, 2016)
[2583526] Could not find attributes for ivan mena (Skonto Riga, 2015)
[2346383] Failed to build match row: Antalyaspor vs Trabzonspor Kulübü
[2728544] Failed to build match row: Motherwell Football Club vs Partick Thistle FC
[2583526] Failed to build match row: Skonto Riga vs St. Patrick's Athletic

Keepers & outfield error for **Olympique Lyonnais** in Racing Club de Lens vs Olympique Lyonnais: Numbers: 2 and 9.
[2919804] Could not find attributes for filip gacevski (Vardar Skopje, 2017)
[3292284] Could not find attributes for dmytro chygrynskyi (Athlitiki Enosi Konstantinoupoleos, 2019)
[3394915] Failed to build match row: Racing Club de Lens vs Olympique Lyonnais
[3292284] Failed to build match row: Panthessalonikios Athlitikos Omilos Konstantinoupoliton vs Athlitiki Enosi Konstantinoupoleos
[2919804] Failed to build match row: Rosenborg Ballklub vs Vardar Skopje
[3223019] Could not find attributes for darko puskaric (Fudbalski klub Čukarički Beograd, 2019)
[2620470] Could not find attributes for sebastian bartolini (Iraklis Thessaloniki, 2015)
[3223019] Failed to build match row: Fudbalski klub Čukarički Beograd vs Molde Fotballklubb
[2620470] Failed to build match row: Iraklis Thessaloniki vs APO Levadiakos Football Club
[2335629] Failed to scrape lineup: https://www.transfermarkt.co.uk/fk-sevastopol-2014-_chornomorets-odessa/index/spielbericht/2335629
[2482405] Failed to scrape lineup: https://www.transfermarkt.co.uk/montpellier-hsc_sc-bastia/index/spielbericht/2482405
[2492409] Could not find attributes for danijel pranjic (Panathinaikos Athlitikos Omilos, 2014)

Keepers & outfield error for **UD Las Palmas** in UD Las Palmas vs Villarreal Club de Fútbol S.A.D.: Numbers: 2 and 9.
[2718681] Could not find attributes for gege (Futebol Clube de Arouca, 2016)
[2492409] Failed to build match row: Panathinaikos Athlitikos Omilos vs FK Dinamo Moskva
[2718681] Failed to build match row: Heracles Almelo vs Futebol Clube de Arouca
[3055736] Could not find attributes for dumitru celeadnic (FC Petrocub Hincesti, 2018)
[2360936] Could not find attributes for matej delac (Fudbalski Klub Vojvodina, 2013)

Keepers & outfield error for **Palermo FC** in Palermo FC vs Associazione Sportiva Roma: Numbers: 0 and 11.
[2360936] Failed to build match row: Fudbalski Klub Vojvodina vs FC Sheriff Tiraspol
[2899825] Failed to build match row: UD Las Palmas vs Villarreal Club de Fútbol S.A.D.
[3055736] Failed to build match row: FC Petrocub Hincesti vs NK Osijek s.d.d.
[2478775] Failed to build match row: Palermo FC vs Associazione Sportiva Roma
[3098777] Could not find attributes for pontus wernbloom (Panthessalonikios Athlitikos Omilos Konstantinoupoliton, 2018)
[3098777] Failed to build match row: Chelsea Football Club vs Panthessalonikios Athlitikos Omilos Konstantinoupoliton
[2891623] Could not find attributes for giannis kontoes (Apollon Smyrnis, 2017)
[2891623] Failed to build match row: Apollon Smyrnis vs Olympiakos Syndesmos Filathlon Peiraios
[2772594] Could not find attributes for danny harris (Dartford FC, 2016)
[2772594] Failed to build match row: Dartford FC vs Sutton United
[2865065] Could not find attributes for yassin ayoub (Football Club Utrecht, 2017)
[2865065] Failed to build match row: Vitesse Arnhem vs Football Club Utrecht

Keepers & outfield error for **Trabzonspor Kulübü** in Trabzonspor Kulübü vs Kardemir Karabükspor: Numbers: 0 and 11.
[2470249] Failed to build match row: Trabzonspor Kulübü vs Kardemir Karabükspor
[2883805] Could not find attributes for nikola maras (GD Chaves, 2017)
[2883805] Failed to build match row: GD Chaves vs Desportivo Aves (- 2020)
[2382301] Failed to scrape lineup: https://www.transfermarkt.co.uk/spielbericht/index/spielbericht/2382301
[2752900] Could not find attributes for andrey romanov (Tekstilshchik Ivanovo, 2016)
[2752900] Failed to build match row: Tekstilshchik Ivanovo vs FC Khimki (-2025)

Keepers & outfield error for **Rio Ave Futebol Clube** in Rio Ave Futebol Clube vs Clube Desportivo de Tondela: Numbers: 2 and 9.
[3140009] Failed to scrape lineup: https://www.transfermarkt.co.uk/cercle-brugge-_kv-oostende/index/spielbericht/3140009
[3069576] Failed to build match row: Rio Ave Futebol Clube vs Clube Desportivo de Tondela
[2346384] Could not find attributes for atiba hutchinson (Beşiktaş Jimnastik Kulübü, 2013)
[2346384] Failed to build match row: Beşiktaş Jimnastik Kulübü vs Gençlerbirliği Spor Kulübü

Keepers & outfield error for **Royal Sporting Club Anderlecht** in Koninklijke Atletiek Associatie Gent vs Royal Sporting Club Anderlecht: Numbers: 0 and 11.
[2503789] Failed to build match row: Koninklijke Atletiek Associatie Gent vs Royal Sporting Club Anderlecht
[2609766] Could not find attributes for paul baysse (Olympique Gymnaste Club Nice Côte d'Azur, 2015)
[2609766] Failed to build match row: Montpellier HSC vs Olympique Gymnaste Club Nice Côte d'Azur
[2526207] Failed to scrape lineup: https://www.transfermarkt.co.uk/cf-os-belenenses_moreirense-fc/index/spielbericht/2526207
[3047596] Failed to scrape lineup: https://www.transfermarkt.co.uk/fc-nantes_angers-sco/index/spielbericht/3047596
[3292285] Could not find attributes for bart schenkeveld (Panathinaikos Athlitikos Omilos, 2019)
[2891624] Could not find attributes for fotis koutzavasilis (AOK Kerkyra, 2017)
[2891624] Failed to build match row: AOK Kerkyra vs Athlitiki Enosi Konstantinoupoleos
[2341327] Failed to scrape lineup: https://www.transfermarkt.co.uk/malaga-cf_real-madrid/index/spielbericht/2341327

Keepers & outfield error for **Gil Vicente Futebol Clube** in Gil Vicente Futebol Clube vs Clube Desportivo Santa Clara: Numbers: 0 and 11.
[3292285] Failed to build match row: Panathinaikos Athlitikos Omilos vs Panionios Athens
[3079384] Could not find attributes for sanjin prcic (Levante Unión Deportiva S.A.D., 2018)
[3079384] Failed to build match row: Levante Unión Deportiva S.A.D. vs Sevilla Fútbol Club S.A.D.
[3212604] Failed to build match row: Gil Vicente Futebol Clube vs Clube Desportivo Santa Clara

Keepers & outfield error for **Athletic Club Bilbao** in Futbol Club Barcelona vs Athletic Club Bilbao: Numbers: 2 and 9.
[2722677] Could not find attributes for abdoul wahid sissoko (Akhisarspor, 2016)
[2899826] Failed to build match row: Futbol Club Barcelona vs Athletic Club Bilbao
[3229486] Could not find attributes for bosko sutalo (Atalanta Bergamasca Calcio S.p.a., 2019)
[2722677] Failed to build match row: Akhisarspor vs Fenerbahçe Spor Kulübü
[2331129] Failed to scrape lineup: https://www.transfermarkt.co.uk/fc-evian-thonon-gaillard_sc-bastia/index/spielbericht/2331129
[3229486] Failed to build match row: Atalanta Bergamasca Calcio S.p.a. vs Brescia Calcio
[2346385] Could not find attributes for evren ozyigit (Akhisarspor, 2013)
[3098778] Could not find attributes for denis shcherbitskiy (BATE Borisov, 2018)
[2346385] Failed to build match row: Akhisarspor vs Kasımpaşa A.Ş.
[2609767] Could not find attributes for morgan amalfitano (Lille Olympique Sporting Club, 2015)
[3098778] Failed to build match row: BATE Borisov vs Videoton FC
[2609767] Failed to build match row: SC Bastia vs Lille Olympique Sporting Club
[2335630] Could not find attributes for dmytro babenko (Goverla Uzhgorod (- 2016), 2013)
[2335630] Failed to build match row: FC Shakhtar Donetsk vs Goverla Uzhgorod (- 2016)
[2728546] Could not find attributes for tom hateley (Dundee Football Club, 2016)

Keepers & outfield error for **Olympique Lyonnais** in Olympique Lyonnais vs Toulouse Football Club: Numbers: 3 and 8.
[3199565] Failed to build match row: Olympique Lyonnais vs Toulouse Football Club
[2728546] Failed to build match row: Rangers Football Club vs Dundee Football Club

Keepers & outfield error for **Sport Lisboa e Benfica** in Sport Lisboa e Benfica vs Clube Desportivo Nacional: Numbers: 2 and 9.
[2526208] Failed to build match row: Sport Lisboa e Benfica vs Clube Desportivo Nacional
[2360937] Could not find attributes for sebastian achim (Fotbal Club Petrolul Ploiești, 2013)
[2360937] Failed to build match row: Swansea City vs Fotbal Club Petrolul Ploiești
[2341328] Could not find attributes for riki (Granada CF, 2013)
[2341328] Failed to build match row: Granada CF vs Elche Club de Fútbol S.A.D.
[2645527] Could not find attributes for jozo simunovic (The Celtic Football Club, 2015)
[2645527] Failed to build match row: St. Johnstone FC vs The Celtic Football Club

Keepers & outfield error for **Panthessalonikios Athlitikos Omilos Konstantinoupoliton** in Panthessalonikios Athlitikos Omilos Konstantinoupoliton vs AO Xanthi: Numbers: 2 and 9.
[2891625] Failed to build match row: Panthessalonikios Athlitikos Omilos Konstantinoupoliton vs AO Xanthi
[3292286] Could not find attributes for matic kotnik (Panionios Athens, 2019)
[3292286] Failed to build match row: Panionios Athens vs Omilos Filathlon Irakliou FC

Keepers & outfield error for **Getafe Club de Fútbol S. A. D. Team Dubai** in Real Sociedad de Fútbol S.A.D. vs Getafe Club de Fútbol S. A. D. Team Dubai: Numbers: 0 and 11.
[2899827] Failed to build match row: Real Sociedad de Fútbol S.A.D. vs Getafe Club de Fútbol S. A. D. Team Dubai

Keepers & outfield error for **Villarreal Club de Fútbol S.A.D.** in Villarreal Club de Fútbol S.A.D. vs FK Spartak Moskva: Numbers: 0 and 11.
[3098779] Failed to build match row: Villarreal Club de Fútbol S.A.D. vs FK Spartak Moskva
[2335631] Could not find attributes for oleksandr shovkovskyi (Futbolniy Klub Dynamo Kyiv, 2013)
[2335631] Failed to build match row: Futbolniy Klub Dynamo Kyiv vs Volyn Lutsk
[2865067] Could not find attributes for ashton gotz (Roda JC Kerkrade, 2017)
[2865067] Failed to build match row: Roda JC Kerkrade vs Nooit Opgeven Altijd Doorzetten Aangenaam Door Vermaak En Nuttig Door Ontspanning Combinatie Breda
[3223020] Could not find attributes for dino hamzic (Chikhura Sachkhere, 2019)
[2346386] Could not find attributes for boy waterman (Kardemir Karabükspor, 2013)
[2346386] Failed to build match row: Kardemir Karabükspor vs Sivasspor
[3223020] Failed to build match row: Aberdeen Football Club vs Chikhura Sachkhere
[3055737] Failed to scrape lineup: https://www.transfermarkt.co.uk/spielbericht/index/spielbericht/3055737
[3208768] Failed to scrape lineup: https://www.transfermarkt.co.uk/getafe-cf_ca-osasuna/index/spielbericht/3208768
[2470250] Failed to scrape lineup: https://www.transfermarkt.co.uk/gaziantepspor_kasimpasa/index/spielbericht/2470250
[2360938] Could not find attributes for armantas vitkauskas (FK Zalgiris Vilnius, 2013)
[2460510] Could not find attributes for manuel muccini (SS Folgore/Falciano, 2014)
[2718682] Failed to scrape lineup: https://www.transfermarkt.co.uk/spielbericht/index/spielbericht/2718682
[2360938] Failed to build match row: Fußballclub Red Bull Salzburg vs FK Zalgiris Vilnius
[2478776] Failed to scrape lineup: https://www.transfermarkt.co.uk/parma-fc_uc-sampdoria/index/spielbericht/2478776
[2460510] Failed to build match row: SS Folgore/Falciano vs Buducnost Podgorica

Keepers & outfield error for **FC Paços de Ferreira** in FC Paços de Ferreira vs Sporting Clube de Portugal: Numbers: 2 and 9.
[2609768] Could not find attributes for kamil grosicki (Rennes, 2015)
[2752901] Failed to scrape lineup: https://www.transfermarkt.co.uk/spielbericht/index/spielbericht/2752901
[2609768] Failed to build match row: Rennes vs Olympique Lyonnais
[2526209] Failed to build match row: FC Paços de Ferreira vs Sporting Clube de Portugal
[3292287] Could not find attributes for christopher knett (Panetolikos Agrinio, 2019)
[3292287] Failed to build match row: Panetolikos Agrinio vs PAS Lamia 1964
[2382302] Failed to scrape lineup: https://www.transfermarkt.co.uk/spielbericht/index/spielbericht/2382302
[2883806] Failed to scrape lineup: https://www.transfermarkt.co.uk/moreirense-fc_sl-benfica/index/spielbericht/2883806

Keepers & outfield error for **Sevilla Fútbol Club S.A.D.** in Sevilla Fútbol Club S.A.D. vs Valencia Club de Fútbol S. A. D.: Numbers: 0 and 11.
[2899828] Failed to build match row: Sevilla Fútbol Club S.A.D. vs Valencia Club de Fútbol S. A. D.
[3140010] Failed to scrape lineup: https://www.transfermarkt.co.uk/kvrs-waasland-sk-beveren_kv-kortrijk/index/spielbericht/3140010
[2503790] Failed to scrape lineup: https://www.transfermarkt.co.uk/club-brugge-kv_kvc-westerlo/index/spielbericht/2503790
[2482407] Failed to scrape lineup: https://www.transfermarkt.co.uk/ogc-nice_fc-evian-thonon-gaillard/index/spielbericht/2482407
[2700767] Failed to scrape lineup: https://www.transfermarkt.co.uk/az-alkmaar_feyenoord-rotterdam/index/spielbericht/2700767
[2578087] Could not find attributes for vadis odjidja ofoe (Norwich City, 2015)
[2578087] Failed to build match row: Tottenham Hotspur Football Club vs Norwich City
[2583527] Could not find attributes for pyry karkkainen (FC Lahti, 2015)
[2583527] Failed to build match row: FC Lahti vs Idrottsföreningen Elfsborg
[2604034] Failed to scrape lineup: https://www.transfermarkt.co.uk/carpi-fc-1909_torino-fc/index/spielbericht/2604034

Keepers & outfield error for **Espanol** in Espanol vs Futbol Club Barcelona: Numbers: 2 and 9.
[2341330] Failed to build match row: Espanol vs Futbol Club Barcelona
[3199567] Could not find attributes for yohan cabaye (AS Saint-Étienne, 2019)
[2919806] Failed to scrape lineup: https://www.transfermarkt.co.uk/spielbericht/index/spielbericht/2919806
[3199567] Failed to build match row: AS Saint-Étienne vs Nîmes Olympique
[3208769] Could not find attributes for moi gomez (Villarreal Club de Fútbol S.A.D., 2019)
[3394917] Failed to scrape lineup: https://www.transfermarkt.co.uk/paris-saint-germain_losc-lille/index/spielbericht/3394917
[3208769] Failed to build match row: Real Club Deportivo Mallorca S.A.D. vs Villarreal Club de Fútbol S.A.D.
[2697674] Failed to scrape lineup: https://www.transfermarkt.co.uk/aalborg-bk_silkeborg-if/index/spielbericht/2697674
[3047598] Could not find attributes for kalidou sidibe (Toulouse Football Club, 2018)
[2609769] Could not find attributes for alban lafont (Toulouse Football Club, 2015)
[3047598] Failed to build match row: Paris Saint-Germain Football Club vs Toulouse Football Club
[2492411] Failed to scrape lineup: https://www.transfermarkt.co.uk/spielbericht/index/spielbericht/2492411
[2609769] Failed to build match row: Toulouse Football Club vs FC Girondins Bordeaux
[2360939] Could not find attributes for dmytro bezotosnyi (Chornomorets Odesa, 2013)
[2360939] Failed to build match row: Chornomorets Odesa vs KF Skënderbeu
[3079386] Failed to scrape lineup: https://www.transfermarkt.co.uk/real-betis-balompie_athletic-bilbao/index/spielbericht/3079386
[3140011] Could not find attributes for frank boya (Royal Excel Mouscron (-2022), 2018)
[3140011] Failed to build match row: Royal Excel Mouscron (-2022) vs KSC Lokeren (- 2020)

Keepers & outfield error for **Athletic Club Bilbao** in Athletic Club Bilbao vs CD Leganés: Numbers: 2 and 9.
[2899829] Failed to build match row: Athletic Club Bilbao vs CD Leganés
[2718683] Could not find attributes for giannis anestis (Athlitiki Enosi Konstantinoupoleos, 2016)
[2718683] Failed to build match row: Athlitiki Enosi Konstantinoupoleos vs AS Saint-Étienne
[2621113] Could not find attributes for Paco Borrego (Mérida AD, 2015)
[2722678] Failed to scrape lineup: https://www.transfermarkt.co.uk/alanyaspor_gaziantepspor/index/spielbericht/2722678
[2772595] Could not find attributes for kingsley james (Macclesfield Town FC, 2016)
[2331130] Failed to scrape lineup: https://www.transfermarkt.co.uk/fc-nantes_ea-guingamp/index/spielbericht/2331130
[2621113] Failed to build match row: Mérida AD vs Peña Sport FC
[2772595] Failed to build match row: Walsall FC vs Macclesfield Town FC
[3229487] Failed to scrape lineup: https://www.transfermarkt.co.uk/uc-sampdoria_cagliari-calcio/index/spielbericht/3229487
[3069578] Failed to scrape lineup: https://www.transfermarkt.co.uk/sporting-cp_sl-benfica/index/spielbericht/3069578
[2949833] Could not find attributes for blair adams (Hartlepool United, 2017)
[2949833] Failed to build match row: Morecambe FC vs Hartlepool United
[2382303] Could not find attributes for stanislav kritsyuk (Rio Ave Futebol Clube, 2013)
[2382303] Failed to build match row: Rio Ave Futebol Clube vs Vitória Setúbal FC

Keepers & outfield error for **Futebol Clube do Porto** in Futebol Clube do Porto vs Vitória Sport Clube: Numbers: 0 and 11.
[2883807] Failed to build match row: Futebol Clube do Porto vs Vitória Sport Clube
[3292288] Could not find attributes for aristotelis karasalidis (AO Xanthi, 2019)
[2645528] Failed to scrape lineup: https://www.transfermarkt.co.uk/celtic-fc_motherwell-fc/index/spielbericht/2645528
[2592016] Could not find attributes for matty owen (Newtown AFC, 2015)
[3292288] Failed to build match row: AO Xanthi vs Panathinaikos Athlitikos Omilos
[2592016] Failed to build match row: Newtown AFC vs Football Club København
[2891626] Failed to scrape lineup: https://www.transfermarkt.co.uk/ao-platanias_aek-athens/index/spielbericht/2891626
[2700768] Could not find attributes for samuel armenteros (Heracles Almelo, 2016)
[2700768] Failed to build match row: Football Club Utrecht vs Heracles Almelo
[2460511] Could not find attributes for danijel zagorac (RNK Split, 2014)
[2604035] Could not find attributes for albano bizzarri (Chievo Verona, 2015)
[2460511] Failed to build match row: RNK Split vs MIKA Ashtarak
[2604035] Failed to build match row: Chievo Verona vs Verona Hellas Football Club
[3212605] Failed to scrape lineup: https://www.transfermarkt.co.uk/fc-pacos-de-ferreira_vitoria-guimaraes-sc/index/spielbericht/3212605

Keepers & outfield error for **Real Sociedad de Fútbol S.A.D.** in Real Sociedad de Fútbol S.A.D. vs CD Leganés: Numbers: 2 and 9.
[3208770] Failed to build match row: Real Sociedad de Fútbol S.A.D. vs CD Leganés
[2331131] Could not find attributes for kamil grosicki (Rennes, 2013)
 2016)
[3098780] Failed to scrape lineup: https://www.transfermarkt.co.uk/spielbericht/index/spielbericht/3098780
[3140012] Could not find attributes for yari verschaeren (Royal Sporting Club Anderlecht, 2018)
[2752902] Failed to build match row: FC Kaluga vs PFK Tambov (-2021)
[2331131] Failed to build match row: Rennes vs Association sportive de Monaco Football Club
[3140012] Failed to build match row: Royal Sporting Club Anderlecht vs Club Brugge Koninklijke Voetbalvereniging
[2470252] Could not find attributes for michal kadlec (Fenerbahçe Spor Kulübü, 2014)
[3047599] Could not find attributes for pedro rebocho (EA Guingamp, 2018)
[2470252] Failed to build match row: Konyaspor vs Fenerbahçe Spor Kulübü
[2722679] Could not find attributes for badou ndiaye (Ankaraspor, 2016)
[2722679] Failed to build match row: Ankaraspor vs Kayserispor Kulübü
[3047599] Failed to build match row: Stade Reims vs EA Guingamp
[2323262] Could not find attributes for tadas kauneckas (FK Ekranas Panevezys (- 2014), 2013)
[2323262] Failed to build match row: FK Ekranas Panevezys (- 2014) vs FH Hafnarfjördur

Keepers & outfield error for **Port Vale FC** in Port Vale FC vs Stevenage FC: Numbers: 2 and 9.
elbericht/2346387
[2772596] Failed to build match row: Port Vale FC vs Stevenage FC
[3252975] Could not find attributes for fraser hobday (Turriff United FC, 2019)
[2583528] Could not find attributes for mindaugas malinauskas (FK Atlantas Klaipeda (-2020), 2015)
[3292289] Could not find attributes for ogmundur kristinsson (Athlitiki Enosi Larisas, 2019)
[3252975] Failed to build match row: Turriff United FC vs Formartine United FC
[3055738] Could not find attributes for suat zendeli (FC Shkupi, 2018)
[2578089] Could not find attributes for joe ledley (Crystal Palace Football Club, 2015)
[3292289] Failed to build match row: Athlitiki Enosi Konstantinoupoleos vs Athlitiki Enosi Larisas
[2360941] Could not find attributes for razvan stanca (Pandurii Targu Jiu (- 2022), 2013)
[2583528] Failed to build match row: FK Atlantas Klaipeda (-2020) vs Beroe Stara Zagora
[3055738] Failed to build match row: Rangers Football Club vs FC Shkupi
[2360941] Failed to build match row: Pandurii Targu Jiu (- 2022) vs Sporting Clube de Braga
[2891627] Could not find attributes for athanasios panteliadis (PAS Lamia 1964, 2017)
[2492412] Could not find attributes for danijel pranjic (Panathinaikos Athlitikos Omilos, 2014)
[2891627] Failed to build match row: PAS Lamia 1964 vs PAS Giannina
[2578089] Failed to build match row: Aston Villa Football Club vs Crystal Palace Football Club
[3229488] Could not find attributes for giulio donati (Unione Sportiva Lecce, 2019)
[2872412] Failed to scrape lineup: https://www.transfermarkt.co.uk/stoke-city_manchester-city/index/spielbericht/2872412
[2492412] Failed to build match row: Eindhovense Voetbalvereniging Philips Sport Vereniging vs Panathinaikos Athlitikos Omilos
[3223022] Could not find attributes for yevgen cheberko (FC Zorya Lugansk, 2019)
[3229488] Failed to build match row: Unione Sportiva Lecce vs Associazione Calcio Fiorentina
[3223022] Failed to build match row: FC Zorya Lugansk vs Buducnost Podgorica

Keepers & outfield error for **UD Las Palmas** in UD Las Palmas vs Real Madrid Club de Fútbol: Numbers: 2 and 9.

Keepers & outfield error for **Valencia Club de Fútbol S. A. D.** in Villarreal Club de Fútbol S.A.D. vs Valencia Club de Fútbol S. A. D.: Numbers: 0 and 11.
[2592017] Could not find attributes for reece glendinning (Linfield FC, 2015)
[2728548] Failed to scrape lineup: https://www.transfermarkt.co.uk/dundee-fc_inverness-caledonian-thistle-fc/index/spielbericht/2728548

Keepers & outfield error for **Vitória Setúbal FC** in CS Marítimo vs Vitória Setúbal FC: Numbers: 2 and 9.
[2899830] Failed to build match row: UD Las Palmas vs Real Madrid Club de Fútbol
[2592017] Failed to build match row: Linfield FC vs Spartak Trnava
[3079389] Failed to build match row: Villarreal Club de Fútbol S.A.D. vs Valencia Club de Fútbol S. A. D.

Keepers & outfield error for **Sporting Clube de Braga** in Sporting Clube de Braga vs Portimonense SC: Numbers: 0 and 11.
[2526210] Failed to build match row: CS Marítimo vs Vitória Setúbal FC

Keepers & outfield error for **Futebol Clube do Porto** in Futebol Clube do Porto vs FC Penafiel: Numbers: 0 and 11.
[3212606] Failed to build match row: Sporting Clube de Braga vs Portimonense SC
[2382304] Failed to build match row: Futebol Clube do Porto vs FC Penafiel
[3140013] Failed to scrape lineup: https://www.transfermarkt.co.uk/krc-genk_royal-antwerp-fc/index/spielbericht/3140013
[2722680] Failed to scrape lineup: https://www.transfermarkt.co.uk/antalyaspor_genclerbirligi-ankara/index/spielbericht/2722680
[2697676] Failed to scrape lineup: https://www.transfermarkt.co.uk/fc-midtjylland_lyngby-bk/index/spielbericht/2697676
[2883808] Could not find attributes for fabio coentrao (Sporting Clube de Portugal, 2017)
[2335632] Could not find attributes for libor hrdlicka (Metalurg Zaporizhya (-2016), 2013)
[2883808] Failed to build match row: Sporting Clube de Portugal vs CS Marítimo
[2335632] Failed to build match row: Metalurg Zaporizhya (-2016) vs FK Mariupol
[2621114] Could not find attributes for ione puga (CD Mensajero, 2015)
[2865069] Failed to scrape lineup: https://www.transfermarkt.co.uk/feyenoord-rotterdam_pec-zwolle/index/spielbericht/2865069
[2621114] Failed to build match row: CD Mensajero vs CF Rayo Majadahonda
[3208771] Failed to build match row: Valencia Club de Fútbol S. A. D. vs Granada CF
[2341331] Could not find attributes for miguel angel corona (UD Almería, 2013)
[2341331] Failed to build match row: UD Almería vs Club Atlético Osasuna
[3069579] Could not find attributes for chiquinho (Moreirense Futebol Clube, 2018)
[2323263] Could not find attributes for phil baker (The New Saints, 2013)
[2919808] Could not find attributes for oleksandr svatok (FC Zorya Lugansk, 2017)

Keepers & outfield error for **Olympique Gymnaste Club Nice Côte d'Azur** in Olympique Gymnaste Club Nice Côte d'Azur vs Olympique Lyonnais: Numbers: 2 and 9.
[3069579] Failed to build match row: B SAD vs Moreirense Futebol Clube
[3199569] Failed to build match row: Olympique Gymnaste Club Nice Côte d'Azur vs Olympique Lyonnais
[2323263] Failed to build match row: The New Saints vs Legia Warszawa Spółka Akcyjna
[3292290] Could not find attributes for balazs megyeri (APS Atromitos Athinon, 2019)
[2919808] Failed to build match row: Athletic Club Bilbao vs FC Zorya Lugansk
[3292290] Failed to build match row: APS Atromitos Athinon vs Volou Neos Podosferikos Syllogos
[3252976] Could not find attributes for michael mckinven (Linlithgow Rose FC, 2019)
[2583529] Could not find attributes for mait toom (FC Flora Tallinn, 2015)
[2583529] Failed to build match row: FC Flora Tallinn vs Rabotnicki Skopje
[3252976] Failed to build match row: Linlithgow Rose FC vs Huntly FC

Keepers & outfield error for **Northampton Town** in Northampton Town vs Harrow Borough FC: Numbers: 0 and 11.
[2752903] Could not find attributes for stefan sicaci (Torpedo Moscow, 2016)
[2772597] Failed to build match row: Northampton Town vs Harrow Borough FC
[2752903] Failed to build match row: Torpedo Moscow vs Mordovia Saransk (-2020)

Keepers & outfield error for **Sport Lisboa e Benfica** in Sport Lisboa e Benfica vs Académica Coimbra: Numbers: 2 and 9.
[2526211] Failed to build match row: Sport Lisboa e Benfica vs Académica Coimbra
[2460512] Could not find attributes for radoslav terziev (Botev Plovdiv, 2014)
[2460512] Failed to build match row: Botev Plovdiv vs AC Libertas
[2593954] Could not find attributes for sabri sarioglu (Galatasaray Spor Kulübü, 2015)
[3098781] Could not find attributes for dylan ouedraogo (Apollon Limassol, 2018)
[2382305] Failed to scrape lineup: https://www.transfermarkt.co.uk/spielbericht/index/spielbericht/2382305
[2593954] Failed to build match row: Galatasaray Spor Kulübü vs Gençlerbirliği Spor Kulübü
[2492413] Could not find attributes for kleber (Grupo Desportivo Estoril Praia, 2014)
[3098781] Failed to build match row: Olympique de Marseille vs Apollon Limassol
[2492413] Failed to build match row: Grupo Desportivo Estoril Praia vs FK Dinamo Moskva
[2470253] Could not find attributes for umut bulut (Galatasaray Spor Kulübü, 2014)

Keepers & outfield error for **Levante Unión Deportiva S.A.D.** in Girona Fútbol Club S. A. D. vs Levante Unión Deportiva S.A.D.: Numbers: 2 and 9.
[2899831] Failed to build match row: Girona Fútbol Club S. A. D. vs Levante Unión Deportiva S.A.D.
[2865070] Could not find attributes for yassin ayoub (Football Club Utrecht, 2017)
[2865070] Failed to build match row: Football Club Utrecht vs Sportclub Heerenveen
[2335633] Could not find attributes for denys boyko (Dnipro Dnipropetrovsk (-2020), 2013)
[3069580] Could not find attributes for ponck (Desportivo Aves (- 2020), 2018)
[3069580] Failed to build match row: Desportivo Aves (- 2020) vs Sporting Clube de Braga
[2335633] Failed to build match row: Dnipro Dnipropetrovsk (-2020) vs Arsenal Kyiv
[2578091] Could not find attributes for joe ledley (Crystal Palace Football Club, 2015)
[2578091] Failed to build match row: Association Football Club Bournemouth vs Crystal Palace Football Club

Keepers & outfield error for **Real Betis Balompié S.A.D.** in Real Betis Balompié S.A.D. vs Valencia Club de Fútbol S. A. D.: Numbers: 2 and 9.

Keepers & outfield error for **Granada CF** in Granada CF vs Futbol Club Barcelona: Numbers: 2 and 9.
[2360943] Failed to scrape lineup: https://www.transfermarkt.co.uk/spielbericht/index/spielbericht/2360943
[3208772] Failed to build match row: Real Betis Balompié S.A.D. vs Valencia Club de Fútbol S. A. D.
[2341332] Failed to build match row: Granada CF vs Futbol Club Barcelona

Keepers & outfield error for **FC Girondins Bordeaux** in FC Girondins Bordeaux vs Rennes: Numbers: 2 and 9.
[2331133] Failed to build match row: FC Girondins Bordeaux vs Rennes
[3098782] Could not find attributes for silvio proto (Società Sportiva Lazio S.p.A., 2018)
[3098782] Failed to build match row: Società Sportiva Lazio S.p.A. vs Eintracht Frankfurt Fußball AG
[2470254] Could not find attributes for guy michel landel (Gençlerbirliği Spor Kulübü, 2014)
[2470254] Failed to build match row: Gençlerbirliği Spor Kulübü vs Sivasspor
[3199570] Could not find attributes for stephy mavididi (Dijon FCO, 2019)
[3199570] Failed to build match row: Dijon FCO vs Stade brestois 29
[3055739] Could not find attributes for suat zendeli (FC Shkupi, 2018)
[3055739] Failed to build match row: FC Shkupi vs Rangers Football Club
[3292291] Could not find attributes for nikolaos papadopoulos (A.G.S Asteras Tripolis, 2019)
[3292291] Failed to build match row: Panthessalonikios Athlitikos Omilos Konstantinoupoliton vs A.G.S Asteras Tripolis
[2346404] Failed to scrape lineup: https://www.transfermarkt.co.uk/fc-barcelona_levante-ud/index/spielbericht/2346404
[2718685] Could not find attributes for andrej prskalo (Hrvatski Nogometni Klub Rijeka, 2016)
[2718685] Failed to build match row: Hrvatski Nogometni Klub Rijeka vs İstanbul Başakşehir Futbol Kulübü
[2593956] Could not find attributes for badou ndiaye (Ankaraspor, 2015)
[2593956] Failed to build match row: Ankaraspor vs İstanbul Başakşehir Futbol Kulübü
[2891628] Failed to scrape lineup: https://www.transfermarkt.co.uk/olympiacos-piraeus_aok-kerkyra/index/spielbericht/2891628
[2504263] Could not find attributes for artem baranovskyi (Metalurg Donetsk (- 2015), 2014)
[2504263] Failed to build match row: Metalurg Donetsk (- 2015) vs FC Shakhtar Donetsk

Keepers & outfield error for **SD Eibar** in SD Eibar vs Alaves: Numbers: 2 and 9.
[3208773] Failed to build match row: SD Eibar vs Alaves
[2700769] Failed to scrape lineup: https://www.transfermarkt.co.uk/twente-enschede-fc_ajax-amsterdam/index/spielbericht/2700769
[2697677] Could not find attributes for elfar freyr helgason (AC Horsens, 2016)
[2697677] Failed to build match row: Football Club København vs AC Horsens
Not enough players found for lineup: 0, 0.
[2872413] Failed to scrape lineup: https://www.transfermarkt.co.uk/west-bromwich-albion_leicester-city/index/spielbericht/2872413
[3253197] Failed to scrape lineup: https://www.transfermarkt.co.uk/spielbericht/index/spielbericht/3253197
[2919809] Could not find attributes for patrick friday eze (Konyaspor, 2017)
[2919809] Failed to build match row: Konyaspor vs Vitória Sport Clube
[3140014] Failed to scrape lineup: https://www.transfermarkt.co.uk/sint-truidense-vv_r-charleroi-sc/index/spielbericht/3140014
[2645530] Failed to scrape lineup: https://www.transfermarkt.co.uk/inverness-caledonian-thistle-fc_dundee-united-fc/index/spielbericht/2645530
[2728549] Failed to scrape lineup: https://www.transfermarkt.co.uk/kilmarnock-fc_celtic-fc/index/spielbericht/2728549
[2482409] Failed to scrape lineup: https://www.transfermarkt.co.uk/ea-guingamp_olympique-lyon/index/spielbericht/2482409
[2718686] Could not find attributes for gege (Futebol Clube de Arouca, 2016)
[2718686] Failed to build match row: Futebol Clube de Arouca vs Heracles Almelo

Keepers & outfield error for **Akhisarspor** in Akhisarspor vs Eskisehirspor: Numbers: 2 and 9.
[2593957] Failed to build match row: Akhisarspor vs Eskisehirspor
[2583530] Could not find attributes for henri sillanpaa (Vaasan Palloseura, 2015)
[2583530] Failed to build match row: Vaasan Palloseura vs Allmänna Idrottsklubben
[2949835] Failed to scrape lineup: https://www.transfermarkt.co.uk/spielbericht/index/spielbericht/2949835
[2621115] Failed to scrape lineup: https://www.transfermarkt.co.uk/spielbericht/index/spielbericht/2621115
[2331134] Could not find attributes for corentin tolisso (Olympique Lyonnais, 2013)
[2331134] Failed to build match row: Olympique Lyonnais vs AS Saint-Étienne
[2460513] Could not find attributes for milos radunovic (FK Lovcen Cetinje, 2014)
[2460513] Failed to build match row: FK Lovcen Cetinje vs FK Zeljeznicar Sarajevo
[3055740] Could not find attributes for vytautas cerniauskas (CSKA-Sofia, 2018)
[3055740] Failed to build match row: CSKA-Sofia vs Riga FC
[2772598] Failed to scrape lineup: https://www.transfermarkt.co.uk/spielbericht/index/spielbericht/2772598
[3223024] Could not find attributes for oleksandr nad (Debreceni VSC, 2019)
[2526212] Failed to scrape lineup: https://www.transfermarkt.co.uk/cd-nacional_gil-vicente-fc/index/spielbericht/2526212
[3223024] Failed to build match row: Debreceni VSC vs Torino Calcio
[2504264] Could not find attributes for stanislav bogush (Vorskla Poltava, 2014)
[2504264] Failed to build match row: Vorskla Poltava vs FK Mariupol
[2899832] Failed to scrape lineup: https://www.transfermarkt.co.uk/sd-eibar_real-madrid/index/spielbericht/2899832
[2492414] Failed to scrape lineup: https://www.transfermarkt.co.uk/spielbericht/index/spielbericht/2492414
[2700770] Could not find attributes for derrick tshimanga (Willem II Tilburg, 2016)
[2700770] Failed to build match row: Willem II Tilburg vs Sportclub Heerenveen
[2949836] Could not find attributes for jamie butler (Sutton United, 2017)
[2382306] Could not find attributes for nikola vukcevic (Sporting Clube de Braga, 2013)
[2949836] Failed to build match row: Cambridge United vs Sutton United
[2382306] Failed to build match row: Sporting Clube de Braga vs SC Beira-Mar
[2335634] Failed to scrape lineup: https://www.transfermarkt.co.uk/sk-tavriya-simferopol-2022-_zorya-lugansk/index/spielbericht/2335634
[3055741] Could not find attributes for roberts ozols (Riga FC, 2018)
[3055741] Failed to build match row: Riga FC vs CSKA-Sofia
[2478780] Failed to scrape lineup: https://www.transfermarkt.co.uk/juventus-fc_chievo-verona/index/spielbericht/2478780
[3212608] Failed to scrape lineup: https://www.transfermarkt.co.uk/cd-santa-clara_sc-braga/index/spielbericht/3212608
[3140015] Could not find attributes for frank boya (Royal Excel Mouscron (-2022), 2018)
[3140015] Failed to build match row: Royal Standard Club de Liège vs Royal Excel Mouscron (-2022)
[3223025] Could not find attributes for kristian joensen (KÍ Klaksvík, 2019)
[3223025] Failed to build match row: KÍ Klaksvík vs FC Luzern

Keepers & outfield error for **Ross County FC** in St. Johnstone FC vs Ross County FC: Numbers: 2 and 9.
[2728550] Failed to build match row: St. Johnstone FC vs Ross County FC
[2752904] Could not find attributes for roman khalanchuk (Chernomorets Novorossijsk, 2016)
[2752904] Failed to build match row: Chernomorets Novorossijsk vs Fakel Voronezh
[2919811] Could not find attributes for vitaliy gayduchik (BATE Borisov, 2017)
[3079392] Failed to scrape lineup: https://www.transfermarkt.co.uk/atletico-de-madrid_sd-huesca/index/spielbericht/3079392
[2919811] Failed to build match row: BATE Borisov vs Arsenal Football Club
[2504265] Could not find attributes for Maksim Startsev (Metalurg Zaporizhya (-2016), 2014)
[2504265] Failed to build match row: Metalurg Zaporizhya (-2016) vs Chornomorets Odesa
[2470255] Failed to scrape lineup: https://www.transfermarkt.co.uk/besiktas-jk_balikesirspor/index/spielbericht/2470255

Keepers & outfield error for **Valencia Club de Fútbol S. A. D.** in CD Leganés vs Valencia Club de Fútbol S. A. D.: Numbers: 2 and 9.
[2899833] Failed to build match row: CD Leganés vs Valencia Club de Fútbol S. A. D.
[2492415] Could not find attributes for danijel pranjic (Panathinaikos Athlitikos Omilos, 2014)
[2492415] Failed to build match row: Panathinaikos Athlitikos Omilos vs Eindhovense Voetbalvereniging Philips Sport Vereniging
[2865072] Failed to scrape lineup: https://www.transfermarkt.co.uk/willem-ii-tilburg_twente-enschede-fc/index/spielbericht/2865072
[2645531] Could not find attributes for conrad balatoni (Kilmarnock Football Club, 2015)
[2645531] Failed to build match row: Kilmarnock Football Club vs Aberdeen Football Club
Not enough players found for lineup: 0, 0.
[2382307] Failed to scrape lineup: https://www.transfermarkt.co.uk/spielbericht/index/spielbericht/2382307

Keepers & outfield error for **Sporting Clube de Braga** in Sporting Clube de Braga vs GD Chaves: Numbers: 0 and 11.
[3069582] Failed to build match row: Sporting Clube de Braga vs GD Chaves

Keepers & outfield error for **Società Sportiva Calcio Napoli** in Società Sportiva Calcio Napoli vs Genoa Cricket and Football Club: Numbers: 2 and 9.
[2478781] Failed to build match row: Società Sportiva Calcio Napoli vs Genoa Cricket and Football Club
[2482410] Could not find attributes for rod fanni (Olympique de Marseille, 2014)
[2482410] Failed to build match row: Olympique de Marseille vs Paris Saint-Germain Football Club
[2718687] Could not find attributes for alexandru buzbuchi (F.C.V. Farul Constanța SA, 2016)
[2891629] Failed to scrape lineup: https://www.transfermarkt.co.uk/pas-lamia-1964_apollon-smyrnis/index/spielbericht/2891629
[3208774] Failed to scrape lineup: https://www.transfermarkt.co.uk/rcd-espanyol-barcelona_getafe-cf/index/spielbericht/3208774
[2718687] Failed to build match row: F.C.V. Farul Constanța SA vs Koninklijke Atletiek Associatie Gent
[2883852] Could not find attributes for jires kembo ekoko (Bursaspor, 2017)
[2883852] Failed to build match row: Bursaspor vs Akhisarspor
[2752905] Could not find attributes for andrey ryzhikov (Energomash Belgorod (-2018), 2016)
[2752905] Failed to build match row: Energomash Belgorod (-2018) vs Kuban Krasnodar (-2018)
[2323264] Could not find attributes for jaimie mcgovern (Cliftonville FC, 2013)
[2323264] Failed to build match row: The Celtic Football Club vs Cliftonville FC
[2697678] Failed to scrape lineup: https://www.transfermarkt.co.uk/odense-boldklub_aalborg-bk/index/spielbericht/2697678
[2360958] Failed to scrape lineup: https://www.transfermarkt.co.uk/spielbericht/index/spielbericht/2360958
[2872414] Failed to scrape lineup: https://www.transfermarkt.co.uk/west-ham-united_burnley-fc/index/spielbericht/2872414
[3253198] Failed to scrape lineup: https://www.transfermarkt.co.uk/spielbericht/index/spielbericht/3253198
[3199573] Could not find attributes for nathanael mbuku (Stade Reims, 2019)
[2346406] Failed to scrape lineup: https://www.transfermarkt.co.uk/real-madrid_real-betis-balompie/index/spielbericht/2346406
[3199573] Failed to build match row: Angers Sporting Club de l'Ouest vs Stade Reims
[3098784] Failed to scrape lineup: https://www.transfermarkt.co.uk/spielbericht/index/spielbericht/3098784
[2478782] Could not find attributes for ignazio abate (Associazione Calcio Milan, 2014)
[2478782] Failed to build match row: Società Sportiva Lazio S.p.A. vs Associazione Calcio Milan
[2722682] Failed to scrape lineup: https://www.transfermarkt.co.uk/galatasaray_basaksehir-fk/index/spielbericht/2722682
[2604039] Failed to scrape lineup: https://www.transfermarkt.co.uk/ss-lazio_frosinone-calcio/index/spielbericht/2604039
[2341334] Failed to scrape lineup: https://www.transfermarkt.co.uk/villarreal-cf_atletico-de-madrid/index/spielbericht/2341334
[2583531] Failed to scrape lineup: https://www.transfermarkt.co.uk/spielbericht/index/spielbericht/2583531
[3223026] Could not find attributes for Sebastien Flauss (FC Progrès Niederkorn, 2019)
[3223026] Failed to build match row: FC Progrès Niederkorn vs Rangers Football Club
[2470257] Could not find attributes for furkan ozcal (Kardemir Karabükspor, 2014)
[2752906] Could not find attributes for andrey mishkevich (Biolog-Novokubansk Progress, 2016)
[2470257] Failed to build match row: Kardemir Karabükspor vs Gaziantepspor (- 2020)
[2752906] Failed to build match row: Biolog-Novokubansk Progress vs Spartak Nalchik
[2460514] Could not find attributes for muhamed useini (Shkendija Tetovo, 2014)
[2504266] Could not find attributes for roman mysak (Karpaty Lviv (-2021), 2014)
[2460514] Failed to build match row: Shkendija Tetovo vs FC Zimbru Chisinau
[2504266] Failed to build match row: Karpaty Lviv (-2021) vs FC Zorya Lugansk

Keepers & outfield error for **Association Football Club Bournemouth** in Association Football Club Bournemouth vs West Bromwich Albion: Numbers: 2 and 9.
[2872415] Failed to build match row: Association Football Club Bournemouth vs West Bromwich Albion
[2578093] Failed to scrape lineup: https://www.transfermarkt.co.uk/afc-bournemouth_west-ham-united/index/spielbericht/2578093

Keepers & outfield error for **CD Leganés** in CD Leganés vs Futbol Club Barcelona: Numbers: 0 and 11.
[2526213] Failed to scrape lineup: https://www.transfermarkt.co.uk/moreirense-fc_vitoria-guimaraes-sc/index/spielbericht/2526213
[3079393] Failed to build match row: CD Leganés vs Futbol Club Barcelona

Keepers & outfield error for **Sport Lisboa e Benfica** in Sport Lisboa e Benfica vs Leixões SC: Numbers: 2 and 9.
[2593959] Could not find attributes for ryan donk (Kasımpaşa A.Ş., 2015)
[2382308] Failed to build match row: Sport Lisboa e Benfica vs Leixões SC
[2593959] Failed to build match row: Kasımpaşa A.Ş. vs Sivasspor
[2360959] Could not find attributes for vit benes (FK Jablonec a.s., 2013)
[2722683] Could not find attributes for frantisek rajtoral (Gaziantepspor (- 2020), 2016)
[2772599] Could not find attributes for matt reeve (FC Westfields, 2016)
[3292293] Could not find attributes for ogmundur kristinsson (Athlitiki Enosi Larisas, 2019)
[2772599] Failed to build match row: FC Westfields vs Curzon Ashton
[2722683] Failed to build match row: Gaziantepspor (- 2020) vs Konyaspor
[3292293] Failed to build match row: Athlitiki Enosi Larisas vs Panetolikos Agrinio

Keepers & outfield error for **Royal Charleroi Sporting Club** in Royal Charleroi Sporting Club vs Koninklijke Racing Club Genk: Numbers: 2 and 9.
[2360959] Failed to build match row: Real Betis Balompié S.A.D. vs FK Jablonec a.s.
[2583532] Failed to scrape lineup: https://www.transfermarkt.co.uk/spielbericht/index/spielbericht/2583532
[3140016] Failed to build match row: Royal Charleroi Sporting Club vs Koninklijke Racing Club Genk
[2919812] Could not find attributes for matthias lehmann (1. Fußball-Club Köln, 2017)
[2891630] Could not find attributes for arghus (Panetolikos Agrinio, 2017)
b Crvena zvezda Beograd
[2865073] Could not find attributes for jens janse (VVV-Venlo, 2017)
[2504267] Failed to scrape lineup: https://www.transfermarkt.co.uk/metalist-kharkiv_olimpik-donetsk/index/sp[3223027] Failed to scrape lineup: https://www.transfermarkt.co.uk/spielbericht/index/spielbericht/3223027
[2865073] Failed to build match row: VVV-Venlo vs Eindhovense Voetbalvereniging Philips Sport Vereniging
[2891630] Failed to build match row: Panetolikos Agrinio vs PAS Lamia 1964
Not enough players found for lineup: 0, 0.
[3253199] Failed to scrape lineup: https://www.transfermarkt.co.uk/spielbericht/index/spielbericht/3253199
[2752907] Could not find attributes for abdurazak gadzhikadiev (Legion-Dinamo Makhachkala, 2016)
[2752907] Failed to build match row: Legion-Dinamo Makhachkala vs Volgar Astrakhan
[2949837] Failed to scrape lineup: https://www.transfermarkt.co.uk/spielbericht/index/spielbericht/2949837
[2335635] Failed to scrape lineup: https://www.transfermarkt.co.uk/metalist-kharkiv-2016-_metalurg-donetsk-2015-/index/spielbericht/2335635

Keepers & outfield error for **Palermo FC** in UC Sampdoria vs Palermo FC: Numbers: 0 and 11.
[2478783] Failed to build match row: UC Sampdoria vs Palermo FC
[2323265] Could not find attributes for oliver zelenika (GNK Dinamo Zagreb, 2013)
[2323265] Failed to build match row: GNK Dinamo Zagreb vs CS Fola Esch
[3098785] Could not find attributes for stanislav kritsyuk (FK Krasnodar, 2018)
[3047602] Failed to scrape lineup: https://www.transfermarkt.co.uk/fc-girondins-bordeaux_paris-saint-germain/index/spielbericht/3047602
[3098785] Failed to build match row: Sevilla Fútbol Club S.A.D. vs FK Krasnodar
[3055742] Could not find attributes for vladan adzic (Buducnost Podgorica, 2018)
[3055742] Failed to build match row: Buducnost Podgorica vs AS Trencin
[2504268] Could not find attributes for denys boyko (Dnipro Dnipropetrovsk (-2020), 2014)
[2645533] Could not find attributes for arnaud djoum (Heart of Midlothian Football Club, 2015)
[2645533] Failed to build match row: St. Johnstone FC vs Heart of Midlothian Football Club
[2504268] Failed to build match row: Dnipro Dnipropetrovsk (-2020) vs Futbolniy Klub Dynamo Kyiv
[2609772] Failed to scrape lineup: https://www.transfermarkt.co.uk/fc-girondins-bordeaux_sc-bastia/index/spielbericht/2609772
Not enough players found for lineup: 0, 0.
[2382309] Failed to scrape lineup: https://www.transfermarkt.co.uk/spielbericht/index/spielbericht/2382309
[2697680] Could not find attributes for gregor sikosek (Brøndby Idrætsforening, 2016)
[2697680] Failed to build match row: Brøndby Idrætsforening vs Fodbold Club Nordsjælland
[3140017] Could not find attributes for imoh ezekiel (KV Kortrijk, 2018)
[2722684] Failed to scrape lineup: https://www.transfermarkt.co.uk/kasimpasa_kardemir-karabukspor/index/spielbericht/2722684
[3140017] Failed to build match row: KV Kortrijk vs Cercle Brugge Koninklijke Sportvereniging
Not enough players found for lineup: 0, 0.
[2460516] Failed to scrape lineup: https://www.transfermarkt.co.uk/spielbericht/index/spielbericht/2460516

Keepers & outfield error for **Rio Ave Futebol Clube** in Rio Ave Futebol Clube vs Futebol Clube do Porto: Numbers: 0 and 11.
[2526214] Failed to build match row: Rio Ave Futebol Clube vs Futebol Clube do Porto
[2335636] Could not find attributes for roman pidkivka (Karpaty Lviv (-2021), 2013)
[3055743] Failed to scrape lineup: https://www.transfermarkt.co.uk/spielbericht/index/spielbericht/3055743
[2335636] Failed to build match row: Karpaty Lviv (-2021) vs Vorskla Poltava
[2752908] Could not find attributes for sergey glazkov (FK Chelyabinsk, 2016)
[2752908] Failed to build match row: FK Chelyabinsk vs Neftekhimik Nizhnekamsk
[2578095] Could not find attributes for christian fuchs (Leicester City, 2015)
[2700774] Could not find attributes for samuel armenteros (Heracles Almelo, 2016)
[2700774] Failed to build match row: Heracles Almelo vs Prins Hendrik Ende Desespereert Nimmer Combinatie Zwolle
[2578095] Failed to build match row: Aston Villa Football Club vs Leicester City

Keepers & outfield error for **Alaves** in Club Atlético de Madrid S.A.D. vs Alaves: Numbers: 2 and 9.
[2341336] Could not find attributes for stefan mitrovic (Real Valladolid CF, 2013)
[2341336] Failed to build match row: Real Valladolid CF vs Real Madrid Club de Fútbol
[2718709] Failed to build match row: Club Atlético de Madrid S.A.D. vs Alaves
[3212609] Could not find attributes for ruben ribeiro (Gil Vicente Futebol Clube, 2019)
[3212609] Failed to build match row: Portimonense SC vs Gil Vicente Futebol Clube
[3229492] Failed to scrape lineup: https://www.transfermarkt.co.uk/us-sassuolo_juventus-fc/index/spielbericht/3229492
[2645534] Failed to scrape lineup: https://www.transfermarkt.co.uk/aberdeen-fc_inverness-caledonian-thistle-fc/index/spielbericht/2645534
[3292294] Could not find attributes for athanasios garavelis (Volou Neos Podosferikos Syllogos, 2019)
[3292294] Failed to build match row: Volou Neos Podosferikos Syllogos vs Athlitiki Enosi Konstantinoupoleos
[3081398] Could not find attributes for merih demiral (Unione Sportiva Sassuolo Calcio, 2018)
[2865075] Could not find attributes for nasser el khayati (ADO Den Haag, 2017)
[3081398] Failed to build match row: Unione Sportiva Sassuolo Calcio vs Associazione Sportiva Roma
[2865075] Failed to build match row: ADO Den Haag vs Excelsior Rotterdam
[2899835] Failed to scrape lineup: https://www.transfermarkt.co.uk/sd-eibar_real-sociedad/index/spielbericht/2899835
[2919813] Could not find attributes for fabio daprela (FC Lugano, 2017)
[2919813] Failed to build match row: FC Lugano vs SC Fotbal Club FCSB SA
[3098786] Failed to scrape lineup: https://www.transfermarkt.co.uk/spielbericht/index/spielbericht/3098786
[3069583] Failed to scrape lineup: https://www.transfermarkt.co.uk/cd-feirense_sporting-cp/index/spielbericht/3069583
[2526215] Failed to scrape lineup: https://www.transfermarkt.co.uk/fc-arouca_cf-os-belenenses/index/spielbericht/2526215
[3047603] Could not find attributes for pedro rebocho (EA Guingamp, 2018)
[3047603] Failed to build match row: EA Guingamp vs Olympique Gymnaste Club Nice Côte d'Azur
[2335637] Could not find attributes for mykola ishchenko (FK Mariupol, 2013)
[2578096] Could not find attributes for jonathan howson (Norwich City, 2015)
[3223028] Could not find attributes for guy haimov (Maccabi Haifa, 2019)
[2335637] Failed to build match row: FK Mariupol vs Dnipro Dnipropetrovsk (-2020)
[3223028] Failed to build match row: Maccabi Haifa vs Racing Club de Strasbourg Alsace
[2578096] Failed to build match row: Association Football Club Bournemouth vs Norwich City
Not enough players found for lineup: 0, 0.
[2382310] Failed to scrape lineup: https://www.transfermarkt.co.uk/spielbericht/index/spielbericht/2382310

Keepers & outfield error for **Rio Ave Futebol Clube** in Rio Ave Futebol Clube vs FC Paços de Ferreira: Numbers: 2 and 9.
[3212610] Failed to build match row: Rio Ave Futebol Clube vs FC Paços de Ferreira
[2341337] Failed to scrape lineup: https://www.transfermarkt.co.uk/villarreal-cf_levante-ud/index/spielbericht/2341337
[3229493] Failed to scrape lineup: https://www.transfermarkt.co.uk/udinese-calcio_ss-lazio/index/spielbericht/3229493
[2346409] Failed to scrape lineup: https://www.transfermarkt.co.uk/real-valladolid-cf_athletic-bilbao/index/spielbericht/2346409
[2645535] Failed to scrape lineup: https://www.transfermarkt.co.uk/dundee-united-fc_motherwell-fc/index/spielbericht/2645535

Keepers & outfield error for **Deportivo de La Coruña** in Deportivo de La Coruña vs UD Las Palmas: Numbers: 2 and 9.
[2360960] Failed to scrape lineup: https://www.transfermarkt.co.uk/spielbericht/index/spielbericht/2360960

Keepers & outfield error for **Beşiktaş Jimnastik Kulübü** in Kardemir Karabükspor vs Beşiktaş Jimnastik Kulübü: Numbers: 0 and 11.
[2899836] Failed to build match row: Deportivo de La Coruña vs UD Las Palmas
[2883855] Failed to build match row: Kardemir Karabükspor vs Beşiktaş Jimnastik Kulübü
[2583533] Could not find attributes for mikheil alavidze (Dinamo Batumi, 2015)
[3199576] Could not find attributes for jimmy briand (FC Girondins Bordeaux, 2019)
[2504269] Could not find attributes for maksym koval (Goverla Uzhgorod (- 2016), 2014)
[2504269] Failed to build match row: Goverla Uzhgorod (- 2016) vs Volyn Lutsk

Keepers & outfield error for **SD Eibar** in Espanol vs SD Eibar: Numbers: 3 and 8.
[2583533] Failed to build match row: Dinamo Batumi vs Omonia Nicosia
[3199576] Failed to build match row: FC Girondins Bordeaux vs Olympique de Marseille
[3079396] Failed to build match row: Espanol vs SD Eibar
[2482412] Failed to scrape lineup: https://www.transfermarkt.co.uk/fc-lorient_stade-rennais-fc/index/spielbericht/2482412
[2722685] Could not find attributes for abdul rahman khalili (Gençlerbirliği Spor Kulübü, 2016)
[2722685] Failed to build match row: Kayserispor Kulübü vs Gençlerbirliği Spor Kulübü

Keepers & outfield error for **Chievo Verona** in Chievo Verona vs UC Sampdoria: Numbers: 0 and 11.
[3081399] Failed to build match row: Chievo Verona vs UC Sampdoria
[2891631] Failed to scrape lineup: https://www.transfermarkt.co.uk/atromitos-athens_ao-platanias/index/spielbericht/2891631

Keepers & outfield error for **Nooit Opgeven Altijd Doorzetten Aangenaam Door Vermaak En Nuttig Door Ontspanning Combinatie Breda** in Nooit Opgeven Altijd Doorzetten Aangenaam Door Vermaak En Nuttig Door Ontspanning Combinatie Breda vs Prins Hendrik Ende Desespereert Nimmer Combinatie Zwolle: Numbers: 2 and 9.
[2865077] Failed to build match row: Nooit Opgeven Altijd Doorzetten Aangenaam Door Vermaak En Nuttig Door Ontspanning Combinatie Breda vs Prins Hendrik Ende Desespereert Nimmer Combinatie Zwolle
[3253200] Failed to scrape lineup: https://www.transfermarkt.co.uk/spielbericht/index/spielbericht/3253200
[2478784] Failed to scrape lineup: https://www.transfermarkt.co.uk/acf-fiorentina_as-roma/index/spielbericht/2478784
[2752909] Could not find attributes for konstantin baranov (Volga Uljanovsk, 2016)
[2752909] Failed to build match row: Volga Uljanovsk vs Sokol Saratov
[2700775] Could not find attributes for hicham faik (Excelsior Rotterdam, 2016)
[2700775] Failed to build match row: Excelsior Rotterdam vs Nijmegen Eendracht Combinatie

Keepers & outfield error for **Boavista FC** in Boavista FC vs CS Marítimo: Numbers: 2 and 9.
[2526216] Failed to build match row: Boavista FC vs CS Marítimo
[2323266] Failed to scrape lineup: https://www.transfermarkt.co.uk/spielbericht/index/spielbericht/2323266

Keepers & outfield error for **Club Atlético Osasuna** in Club Atlético Osasuna vs Granada CF: Numbers: 0 and 11.
[2346410] Failed to build match row: Club Atlético Osasuna vs Granada CF
[2883856] Failed to scrape lineup: https://www.transfermarkt.co.uk/kasimpasa_yeni-malatyaspor/index/spielbericht/2883856
[3069584] Could not find attributes for chiquinho (Moreirense Futebol Clube, 2018)
[3069584] Failed to build match row: Moreirense Futebol Clube vs Futebol Clube do Porto
[2593960] Could not find attributes for servet cetin (Mersin Talimyurdu SK, 2015)
[3394920] Could not find attributes for etienne green (AS Saint-Étienne, 2020)
[2593960] Failed to build match row: Mersin Talimyurdu SK vs Trabzonspor Kulübü
[3394920] Failed to build match row: Nîmes Olympique vs AS Saint-Étienne
[2335638] Could not find attributes for maksym koval (Futbolniy Klub Dynamo Kyiv, 2013)
[2335638] Failed to build match row: Futbolniy Klub Dynamo Kyiv vs FK Sevastopol (- 2014)
[3292295] Could not find attributes for nikolaos korovesis (Omilos Filathlon Irakliou FC, 2019)
[3292295] Failed to build match row: Omilos Filathlon Irakliou FC vs Olympiakos Syndesmos Filathlon Peiraios
[2609773] Failed to scrape lineup: https://www.transfermarkt.co.uk/losc-lille_fc-toulouse/index/spielbericht/2609773
[2718711] Failed to scrape lineup: https://www.transfermarkt.co.uk/fc-barcelona_real-betis-balompie/index/spielbericht/2718711
[2504270] Failed to scrape lineup: https://www.transfermarkt.co.uk/goverla-uzhgorod-2016-_metalurg-donetsk-2015-/index/spielbericht/2504270
[2891632] Could not find attributes for matic kotnik (Panionios Athens, 2017)
[2891632] Failed to build match row: Panionios Athens vs Panathinaikos Athlitikos Omilos
[2919814] Could not find attributes for ales hruska (FC Viktoria Plzeň, a.s., 2017)
[2460517] Could not find attributes for mehdi martin (FC Differdange 03, 2014)
[2919814] Failed to build match row: FC Viktoria Plzeň, a.s. vs Hapoel Beer Sheva
[2460517] Failed to build match row: FC Differdange 03 vs FK Atlantas Klaipeda (-2020)
Not enough players found for lineup: 0, 0.
[3253201] Failed to scrape lineup: https://www.transfermarkt.co.uk/spielbericht/index/spielbericht/3253201

Keepers & outfield error for **Celta** in Celta vs Real Valladolid CF: Numbers: 2 and 9.
[2341338] Failed to build match row: Celta vs Real Valladolid CF
[2323267] Could not find attributes for andrey gorbunov (BATE Borisov, 2013)
[2323267] Failed to build match row: BATE Borisov vs Shakhter Karaganda
[3140019] Could not find attributes for thibault vlietinck (Club Brugge Koninklijke Voetbalvereniging, 2018)
[3140019] Failed to build match row: Club Brugge Koninklijke Voetbalvereniging vs St Truiden

Keepers & outfield error for **Alaves** in Alaves vs Getafe Club de Fútbol S. A. D. Team Dubai: Numbers: 2 and 9.
[2899837] Failed to build match row: Alaves vs Getafe Club de Fútbol S. A. D. Team Dubai
[3212611] Could not find attributes for ivo pinto (Futebol Clube de Famalicão, 2019)
[3212611] Failed to build match row: Futebol Clube de Famalicão vs Futebol Clube do Porto
[2578098] Could not find attributes for jose cholevas (Watford FC, 2015)
[3199577] Failed to scrape lineup: https://www.transfermarkt.co.uk/fc-metz_as-saint-etienne/index/spielbericht/3199577
[2578098] Failed to build match row: Southampton FC vs Watford FC
[2470258] Could not find attributes for tita (Mersin Talimyurdu SK, 2014)
[2470258] Failed to build match row: Mersin Talimyurdu SK vs Trabzonspor Kulübü
[3292296] Could not find attributes for bart schenkeveld (Panathinaikos Athlitikos Omilos, 2019)
[3069585] Failed to scrape lineup: https://www.transfermarkt.co.uk/boavista-fc_cd-santa-clara/index/spielbericht/3069585
[3292296] Failed to build match row: Panathinaikos Athlitikos Omilos vs APS Atromitos Athinon

Keepers & outfield error for **Real Valladolid CF** in Real Valladolid CF vs Levante Unión Deportiva S.A.D.: Numbers: 2 and 9.
[2331135] Failed to scrape lineup: https://www.transfermarkt.co.uk/valenciennes-fc_olympique-lyon/index/spielbericht/2331135

Keepers & outfield error for **Association sportive de Monaco Football Club** in Association sportive de Monaco Football Club vs AS Saint-Étienne: Numbers: 2 and 9.
[3079397] Failed to build match row: Real Valladolid CF vs Levante Unión Deportiva S.A.D.
[2482413] Failed to build match row: Association sportive de Monaco Football Club vs AS Saint-Étienne
[2865079] Failed to scrape lineup: https://www.transfermarkt.co.uk/vvv-venlo_ado-den-haag/index/spielbericht/2865079
[3253202] Failed to scrape lineup: https://www.transfermarkt.co.uk/spielbericht/index/spielbericht/3253202
[2335639] Could not find attributes for oleksandr churilov (Goverla Uzhgorod (- 2016), 2013)
[2492417] Could not find attributes for kleber (Grupo Desportivo Estoril Praia, 2014)
[2492417] Failed to build match row: Grupo Desportivo Estoril Praia vs Eindhovense Voetbalvereniging Philips Sport Vereniging
[2335639] Failed to build match row: Goverla Uzhgorod (- 2016) vs Futbolniy Klub Dynamo Kyiv
[2583534] Could not find attributes for stas pokatilov (FK Aktobe, 2015)
[2583534] Failed to build match row: FK Aktobe vs Kalju FC
[2645536] Could not find attributes for conrad balatoni (Kilmarnock Football Club, 2015)
[2645536] Failed to build match row: Hamilton Academical FC vs Kilmarnock Football Club
[2700776] Could not find attributes for bersant celina (Football Club Twente, 2016)
[2700776] Failed to build match row: Football Club Twente vs Alkmaar Zaanstreek
Not enough players found for lineup: 0, 0.
[2891633] Failed to scrape lineup: https://www.transfermarkt.co.uk/aok-kerkyra_asteras-tripolis/index/spielbericht/2891633
[2697682] Failed to scrape lineup: https://www.transfermarkt.co.uk/fc-copenhagen_esbjerg-fb/index/spielbericht/2697682
[3098787] Failed to scrape lineup: https://www.transfermarkt.co.uk/spielbericht/index/spielbericht/3098787
[2593961] Could not find attributes for serkan kirintili (Konyaspor, 2015)
[2593961] Failed to build match row: Konyaspor vs Gaziantepspor (- 2020)
[2470259] Could not find attributes for jose sosa (Beşiktaş Jimnastik Kulübü, 2014)
[2470259] Failed to build match row: Sivasspor vs Beşiktaş Jimnastik Kulübü
[2382311] Failed to scrape lineup: https://www.transfermarkt.co.uk/spielbericht/index/spielbericht/2382311
[3223029] Failed to scrape lineup: https://www.transfermarkt.co.uk/spielbericht/index/spielbericht/3223029
[2331136] Could not find attributes for benoit tremoulinas (AS Saint-Étienne, 2013)
[2331136] Failed to build match row: AS Saint-Étienne vs Olympique Gymnaste Club Nice Côte d'Azur
[3208775] Failed to scrape lineup: https://www.transfermarkt.co.uk/granada-cf_atletico-de-madrid/index/spielbericht/3208775
[2323268] Failed to scrape lineup: https://www.transfermarkt.co.uk/spielbericht/index/spielbericht/2323268

Keepers & outfield error for **Desportivo Aves (- 2020)** in Desportivo Aves (- 2020) vs B SAD: Numbers: 0 and 11.
[2346411] Failed to scrape lineup: https://www.transfermarkt.co.uk/celta-de-vigo_rcd-espanyol-barcelona/index/spielbericht/2346411
[2609774] Could not find attributes for paul baysse (Olympique Gymnaste Club Nice Côte d'Azur, 2015)
[3212612] Failed to build match row: Desportivo Aves (- 2020) vs B SAD
[2722686] Failed to scrape lineup: https://www.transfermarkt.co.uk/basaksehir-fk_caykur-rizespor/index/spielbericht/2722686
[3140020] Failed to scrape lineup: https://www.transfermarkt.co.uk/sv-zulte-waregem_kaa-gent/index/spielbericht/3140020
[2482414] Failed to scrape lineup: https://www.transfermarkt.co.uk/fc-metz_fc-toulouse/index/spielbericht/2482414
[2360961] Failed to scrape lineup: https://www.transfermarkt.co.uk/spielbericht/index/spielbericht/2360961

Keepers & outfield error for **Rayo Vallecano de Madrid S. A. D.** in Rayo Vallecano de Madrid S. A. D. vs Athletic Club Bilbao: Numbers: 0 and 11.
[2609774] Failed to build match row: Olympique Gymnaste Club Nice Côte d'Azur vs GFC Ajaccio
[2341339] Failed to build match row: Rayo Vallecano de Madrid S. A. D. vs Athletic Club Bilbao
[3081401] Could not find attributes for ola aina (Torino Calcio, 2018)
[3081401] Failed to build match row: FC Empoli vs Torino Calcio
[2335640] Could not find attributes for yevgen borovyk (Arsenal Kyiv, 2013)
[2504271] Could not find attributes for mykyta shevchenko (FC Zorya Lugansk, 2014)

Keepers & outfield error for **Deportivo de La Coruña** in Deportivo de La Coruña vs SD Eibar: Numbers: 2 and 9.
[2504271] Failed to build match row: FC Zorya Lugansk vs Metalurg Zaporizhya (-2016)
[3292297] Could not find attributes for nikolaos papadopoulos (A.G.S Asteras Tripolis, 2019)
[2919815] Could not find attributes for zvonimir mikulic (FC Sheriff Tiraspol, 2017)
[2718712] Failed to build match row: Deportivo de La Coruña vs SD Eibar
[3292297] Failed to build match row: A.G.S Asteras Tripolis vs Panionios Athens
[2919815] Failed to build match row: FC Sheriff Tiraspol vs Football Club København

Keepers & outfield error for **Grupo Desportivo Estoril Praia** in Panathinaikos Athlitikos Omilos vs Grupo Desportivo Estoril Praia: Numbers: 2 and 9.
[2492418] Failed to build match row: Panathinaikos Athlitikos Omilos vs Grupo Desportivo Estoril Praia

Keepers & outfield error for **Sporting Clube de Braga** in Sporting Clube de Braga vs FC Penafiel: Numbers: 2 and 9.
[2526217] Failed to build match row: Sporting Clube de Braga vs FC Penafiel
[2470260] Could not find attributes for umut bulut (Galatasaray Spor Kulübü, 2014)
[2470260] Failed to build match row: Fenerbahçe Spor Kulübü vs Galatasaray Spor Kulübü
[2883857] Failed to scrape lineup: https://www.transfermarkt.co.uk/sivasspor_kayserispor/index/spielbericht/2883857
[3253203] Failed to scrape lineup: https://www.transfermarkt.co.uk/spielbericht/index/spielbericht/3253203
[3055744] Could not find attributes for miha blazic (Ferencvárosi TC, 2018)
[2772601] Could not find attributes for frank nouble (Gillingham FC, 2016)
[3055744] Failed to build match row: Ferencvárosi TC vs Maccabi Tel Aviv
[2331137] Failed to scrape lineup: https://www.transfermarkt.co.uk/paris-saint-germain_stade-reims/index/spielbericht/2331137
[2772601] Failed to build match row: Gillingham FC vs Brackley Town
[3229496] Could not find attributes for eddie salcedo (Verona Hellas Football Club, 2019)
[3229496] Failed to build match row: Verona Hellas Football Club vs Atalanta Bergamasca Calcio S.p.a.
[2460518] Could not find attributes for janne henriksson (Vaasan Palloseura, 2014)
[2865080] Could not find attributes for ashton gotz (Roda JC Kerkrade, 2017)
[2700777] Could not find attributes for rochdi achenteh (Go Ahead Eagles, 2016)
[2865080] Failed to build match row: Football Club Twente vs Roda JC Kerkrade
[2460518] Failed to build match row: Vaasan Palloseura vs Idrottsföreningen  Brommapojkarna
[2700777] Failed to build match row: Football Club Groningen vs Go Ahead Eagles
[2578099] Could not find attributes for erik pieters (Stoke City, 2015)
[2323269] Could not find attributes for orges shehi (KF Skënderbeu, 2013)
[2578099] Failed to build match row: Stoke City vs Norwich City
[2323269] Failed to build match row: KF Skënderbeu vs Neftchi Baku
[3223030] Could not find attributes for joel mall (Apollon Limassol, 2019)
[3223030] Failed to build match row: Apollon Limassol vs Shamrock Rovers

Keepers & outfield error for **Futebol Clube do Porto** in Futebol Clube do Porto vs CS Marítimo: Numbers: 0 and 11.
[2382312] Failed to build match row: Futebol Clube do Porto vs CS Marítimo
[2504272] Could not find attributes for yevgen past (Chornomorets Odesa, 2014)
[2504272] Failed to build match row: Chornomorets Odesa vs Vorskla Poltava

Keepers & outfield error for **FC Girondins Bordeaux** in FC Girondins Bordeaux vs Racing Club de Strasbourg Alsace: Numbers: 2 and 9.
[3394921] Failed to build match row: FC Girondins Bordeaux vs Racing Club de Strasbourg Alsace
[2609775] Failed to scrape lineup: https://www.transfermarkt.co.uk/olympique-marseille_stade-rennais-fc/index/spielbericht/2609775
[3098788] Could not find attributes for vlastimil hruby (FK Jablonec a.s., 2018)
[3140021] Failed to scrape lineup: https://www.transfermarkt.co.uk/ksc-lokeren-2020-_rsc-anderlecht/index/spielbericht/3140021
[3098788] Failed to build match row: Futbolniy Klub Dynamo Kyiv vs FK Jablonec a.s.
[2891634] Could not find attributes for dimitrios sotiriou (APO Levadiakos Football Club, 2017)
[2891634] Failed to build match row: APO Levadiakos Football Club vs APS Atromitos Athinon
[3212613] Could not find attributes for rafa silva (Sport Lisboa e Benfica, 2019)
[3212613] Failed to build match row: Sport Lisboa e Benfica vs Clube Desportivo de Tondela

Keepers & outfield error for **UD Almería** in UD Almería vs Villarreal Club de Fútbol S.A.D.: Numbers: 0 and 11.
[2346412] Failed to build match row: UD Almería vs Villarreal Club de Fútbol S.A.D.
[2722687] Could not find attributes for andreas beck (Beşiktaş Jimnastik Kulübü, 2016)
[2722687] Failed to build match row: Adanaspor vs Beşiktaş Jimnastik Kulübü
[2331138] Could not find attributes for stoppila sunzu (FC Sochaux-Montbéliard, 2013)
[2331138] Failed to build match row: SC Bastia vs FC Sochaux-Montbéliard
[3055745] Could not find attributes for predrag rajkovic (Maccabi Tel Aviv, 2018)
[3055745] Failed to build match row: Maccabi Tel Aviv vs Ferencvárosi TC
[3223031] Failed to scrape lineup: https://www.transfermarkt.co.uk/spielbericht/index/spielbericht/3223031
[2772602] Failed to scrape lineup: https://www.transfermarkt.co.uk/spielbericht/index/spielbericht/2772602
[2323270] Failed to scrape lineup: https://www.transfermarkt.co.uk/spielbericht/index/spielbericht/2323270
Not enough players found for lineup: 0, 0.
[3253204] Failed to scrape lineup: https://www.transfermarkt.co.uk/spielbericht/index/spielbericht/3253204

Keepers & outfield error for **Chievo Verona** in Frosinone Calcio vs Chievo Verona: Numbers: 0 and 11.
[3081402] Failed to build match row: Frosinone Calcio vs Chievo Verona
[2504273] Could not find attributes for vitaliy nedilko (Volyn Lutsk, 2014)
[2504273] Failed to build match row: Volyn Lutsk vs Olimpik Donetsk
[2470262] Could not find attributes for lasha dvali (Kasımpaşa A.Ş., 2014)
[2470262] Failed to build match row: Kasımpaşa A.Ş. vs Akhisarspor
[2752910] Could not find attributes for bogdan karyukin (Dinamo Barnaul, 2016)
[3098789] Could not find attributes for denis shcherbitskiy (BATE Borisov, 2018)
[3292298] Could not find attributes for konstantinos theodoropoulos (PAS Lamia 1964, 2019)
[3098789] Failed to build match row: Panthessalonikios Athlitikos Omilos Konstantinoupoliton vs BATE Borisov
[2752910] Failed to build match row: Dinamo Barnaul vs Enisey Krasnoyarsk
[3292298] Failed to build match row: PAS Lamia 1964 vs Panthessalonikios Athlitikos Omilos Konstantinoupoliton
Not enough players found for lineup: 0, 0.
[2872418] Could not find attributes for konstantinos mavropanos (Arsenal Football Club, 2017)
Not enough players found for lineup: 0, 0.
[2728553] Failed to scrape lineup: https://www.transfermarkt.co.uk/celtic-fc_st-johnstone-fc/index/spielbericht/2728553
[2593962] Could not find attributes for ogulcan caglayan (Kayserispor Kulübü, 2015)
[3199583] Could not find attributes for yohan cabaye (AS Saint-Étienne, 2019)
[2382313] Failed to scrape lineup: https://www.transfermarkt.co.uk/spielbericht/index/spielbericht/2382313
[2346491] Failed to scrape lineup: https://www.transfermarkt.co.uk/spielbericht/index/spielbericht/2346491
[3199583] Failed to build match row: AS Saint-Étienne vs Olympique de Marseille
[2872418] Failed to build match row: Leicester City vs Arsenal Football Club
[2331139] Could not find attributes for mickael leca (AC Ajaccio, 2013)
[2492419] Failed to scrape lineup: https://www.transfermarkt.co.uk/spielbericht/index/spielbericht/2492419
[2460519] Could not find attributes for tordur thomsen (B36 Tórshavn, 2014)
[2593962] Failed to build match row: Kayserispor Kulübü vs Fenerbahçe Spor Kulübü
[2700779] Could not find attributes for rochdi achenteh (Go Ahead Eagles, 2016)
[2331139] Failed to build match row: AC Ajaccio vs Stade Reims
[2482416] Could not find attributes for thibault giresse (EA Guingamp, 2014)
[2460519] Failed to build match row: B36 Tórshavn vs Linfield FC
[2919816] Failed to scrape lineup: https://www.transfermarkt.co.uk/spielbericht/index/spielbericht/2919816
[2700779] Failed to build match row: Go Ahead Eagles vs Alkmaar Zaanstreek
[2482416] Failed to build match row: Rennes vs EA Guingamp
[2323271] Failed to scrape lineup: https://www.transfermarkt.co.uk/spielbericht/index/spielbericht/2323271
[3208777] Could not find attributes for nemanja radoja (Levante Unión Deportiva S.A.D., 2019)
[3208777] Failed to build match row: Levante Unión Deportiva S.A.D. vs Real Club Deportivo Mallorca S.A.D.
[3212614] Failed to scrape lineup: https://www.transfermarkt.co.uk/boavista-fc_moreirense-fc/index/spielbericht/3212614
[2504274] Failed to scrape lineup: https://www.transfermarkt.co.uk/shakhtar-donetsk_dnipro-dnipropetrovsk-2020-/index/spielbericht/2504274
[2578101] Failed to scrape lineup: https://www.transfermarkt.co.uk/newcastle-united_west-ham-united/index/spielbericht/2578101
[2891635] Could not find attributes for moise adilehou (APO Levadiakos Football Club, 2017)
[2891635] Failed to build match row: Athlitiki Enosi Konstantinoupoleos vs APO Levadiakos Football Club
[3394923] Could not find attributes for etienne green (AS Saint-Étienne, 2020)
[3394923] Failed to build match row: AS Saint-Étienne vs FC Girondins Bordeaux
Not enough players found for lineup: 0, 0.
[3253205] Failed to scrape lineup: https://www.transfermarkt.co.uk/spielbericht/index/spielbericht/3253205

Keepers & outfield error for **CD Ebro** in CD Ebro vs Real Unión Club: Numbers: 0 and 11.
[2621116] Failed to build match row: CD Ebro vs Real Unión Club
[3069587] Could not find attributes for rafa silva (Sport Lisboa e Benfica, 2018)
[3069587] Failed to build match row: Sport Lisboa e Benfica vs Clube Desportivo Nacional
[3292299] Failed to scrape lineup: https://www.transfermarkt.co.uk/aris-thessaloniki_ao-xanthi/index/spielbericht/3292299
[2583535] Could not find attributes for aqil mammadov (Neftchi Baku, 2015)

Keepers & outfield error for **Espanol** in Sevilla Fútbol Club S.A.D. vs Espanol: Numbers: 0 and 11.
[2865082] Failed to scrape lineup: https://www.transfermarkt.co.uk/feyenoord-rotterdam_ajax-amsterdam/index/spielbericht/2865082
[2949838] Failed to scrape lineup: https://www.transfermarkt.co.uk/spielbericht/index/spielbericht/2949838
[2583535] Failed to build match row: Neftchi Baku vs OFK Titograd

Keepers & outfield error for **Eskisehirspor** in Eskisehirspor vs Bursaspor: Numbers: 0 and 11.
[2718715] Failed to build match row: Sevilla Fútbol Club S.A.D. vs Espanol
[2470263] Failed to build match row: Eskisehirspor vs Bursaspor

Keepers & outfield error for **Real Betis Balompié S.A.D.** in Real Betis Balompié S.A.D. vs CD Leganés: Numbers: 3 and 8.
[2722688] Could not find attributes for jan durica (Trabzonspor Kulübü, 2016)
[3079400] Failed to build match row: Real Betis Balompié S.A.D. vs CD Leganés
[2722688] Failed to build match row: Trabzonspor Kulübü vs Antalyaspor
[3098790] Failed to scrape lineup: https://www.transfermarkt.co.uk/spielbericht/index/spielbericht/3098790
[2728554] Failed to scrape lineup: https://www.transfermarkt.co.uk/partick-thistle-fc-_aberdeen-fc/index/spielbericht/2728554
[2752911] Failed to scrape lineup: https://www.transfermarkt.co.uk/spielbericht/index/spielbericht/2752911

Keepers & outfield error for **Associazione Calcio Fiorentina** in Associazione Calcio Fiorentina vs EA Guingamp: Numbers: 2 and 9.
[2360963] Could not find attributes for marko leskovic (Hrvatski Nogometni Klub Rijeka, 2013)
[2347112] Could not find attributes for jevgenijs nerugals (Daugava Daugavpils, 2013)
[2492420] Failed to build match row: Associazione Calcio Fiorentina vs EA Guingamp
[3047610] Could not find attributes for kalidou sidibe (Toulouse Football Club, 2018)
[2347112] Failed to build match row: Idrottsföreningen Elfsborg vs Daugava Daugavpils
[2360963] Failed to build match row: Verein für Bewegungsspiele Stuttgart 1893 vs Hrvatski Nogometni Klub Rijeka

Keepers & outfield error for **FC Girondins Bordeaux** in AC Ajaccio vs FC Girondins Bordeaux: Numbers: 2 and 9.
[2331140] Failed to build match row: AC Ajaccio vs FC Girondins Bordeaux
[3047610] Failed to build match row: Toulouse Football Club vs Dijon FCO

Keepers & outfield error for **UD Las Palmas** in UD Las Palmas vs Real Sociedad de Fútbol S.A.D.: Numbers: 2 and 9.
[2899841] Failed to build match row: UD Las Palmas vs Real Sociedad de Fútbol S.A.D.
[2697686] Could not find attributes for karlo bartolec (Fodbold Club Nordsjælland, 2016)
[3223032] Could not find attributes for ognjen cancarevic (Alashkert Yerevan FC, 2019)
[2697686] Failed to build match row: Fodbold Club Nordsjælland vs Silkeborg Idrætsforening
[3223032] Failed to build match row: SC Fotbal Club FCSB SA vs Alashkert Yerevan FC
[2504275] Could not find attributes for oleksandr churilov (FK Mariupol, 2014)
[2883858] Could not find attributes for anil karaer (Ankaraspor, 2017)
[2504275] Failed to build match row: FK Mariupol vs Metalist Kharkiv (- 2016)
[3055746] Could not find attributes for radu mitu (FC Milsami Orhei, 2018)
[2883858] Failed to build match row: Ankaraspor vs Göztepe Sportif Yatırımlar A.Ş.
[2891636] Could not find attributes for georgios athanasiadis (A.G.S Asteras Tripolis, 2017)
[3055746] Failed to build match row: FC Milsami Orhei vs Slovan Bratislava
[2891636] Failed to build match row: A.G.S Asteras Tripolis vs Apollon Smyrnis

Keepers & outfield error for **Club Atlético Osasuna** in Futbol Club Barcelona vs Club Atlético Osasuna: Numbers: 0 and 11.
[2341342] Failed to build match row: Futbol Club Barcelona vs Club Atlético Osasuna
[2718716] Could not find attributes for juanpi (Málaga CF, 2016)
[2718716] Failed to build match row: Málaga CF vs Club Atlético Osasuna

Keepers & outfield error for **Paris Saint-Germain Football Club** in Paris Saint-Germain Football Club vs Association sportive de Monaco Football Club: Numbers: 2 and 9.
[2609777] Failed to build match row: Paris Saint-Germain Football Club vs Association sportive de Monaco Football Club
[2752912] Could not find attributes for artem moskvin (Sakhalin Yuzhno-Sakhalinsk, 2016)
[2752912] Failed to build match row: Sakhalin Yuzhno-Sakhalinsk vs SKA Khabarovsk
[2728555] Could not find attributes for ryan dow (Ross County FC, 2016)
[2382314] Could not find attributes for nikola vukcevic (Sporting Clube de Braga, 2013)
[2728555] Failed to build match row: Motherwell Football Club vs Ross County FC
[2382314] Failed to build match row: Sporting Clube de Braga vs CF Os Belenenses

Keepers & outfield error for **Vitória Sport Clube** in Vitória Sport Clube vs Sporting Clube de Portugal: Numbers: 0 and 11.
[3212615] Failed to build match row: Vitória Sport Clube vs Sporting Clube de Portugal
[3098791] Could not find attributes for guillem truyols (AEK Larnaca, 2018)
[2621122] Could not find attributes for kike royo (CD Guijuelo, 2015)
[2323272] Failed to scrape lineup: https://www.transfermarkt.co.uk/spielbericht/index/spielbericht/2323272
[3098791] Failed to build match row: AEK Larnaca vs Bayer 04 Leverkusen Fußball
[2621122] Failed to build match row: CD Guijuelo vs Pontevedra CF

Keepers & outfield error for **KAS Eupen** in Royal Antwerp Football Club vs KAS Eupen: Numbers: 2 and 9.
[2919817] Could not find attributes for georgios vasiliou (Apollon Limassol, 2017)
[3140022] Failed to build match row: Royal Antwerp Football Club vs KAS Eupen

Keepers & outfield error for **Genoa Cricket and Football Club** in Associazione Calcio Fiorentina vs Genoa Cricket and Football Club: Numbers: 3 and 8.
[3081404] Failed to build match row: Associazione Calcio Fiorentina vs Genoa Cricket and Football Club
[2919817] Failed to build match row: Everton Football Club vs Apollon Limassol
[3292971] Could not find attributes for yuriy pankiv (FC Oleksandriya, 2019)
[3292971] Failed to build match row: Futbolniy Klub Dynamo Kyiv vs FC Oleksandriya
[2360964] Could not find attributes for nukri revishvili (FC Dila Gori, 2013)
[2360964] Failed to build match row: FC Dila Gori vs Sportklub Rapid

Keepers & outfield error for **CS Marítimo** in CS Marítimo vs Desportivo Aves (- 2020): Numbers: 0 and 11.
[3069589] Failed to build match row: CS Marítimo vs Desportivo Aves (- 2020)
[2722689] Could not find attributes for badou ndiaye (Ankaraspor, 2016)

Keepers & outfield error for **Olympique Gymnaste Club Nice Côte d'Azur** in Stade Reims vs Olympique Gymnaste Club Nice Côte d'Azur: Numbers: 2 and 9.
[2492421] Could not find attributes for theofanis tzandaris (Panthessalonikios Athlitikos Omilos Konstantinoupoliton, 2014)
[3199584] Failed to build match row: Stade Reims vs Olympique Gymnaste Club Nice Côte d'Azur
[2722689] Failed to build match row: Ankaraspor vs Alanyaspor
[2492421] Failed to build match row: Panthessalonikios Athlitikos Omilos Konstantinoupoliton vs Dinamo Minsk
Not enough players found for lineup: 0, 0.
[2382315] Failed to scrape lineup: https://www.transfermarkt.co.uk/spielbericht/index/spielbericht/2382315
[2331141] Could not find attributes for corentin tolisso (Olympique Lyonnais, 2013)
[2331141] Failed to build match row: Olympique Lyonnais vs Paris Saint-Germain Football Club
[2752913] Could not find attributes for david ikanovich (FK Chita (-2022), 2016)
[2752913] Failed to build match row: FK Chita (-2022) vs Luch Vladivostok
[2872419] Failed to scrape lineup: https://www.transfermarkt.co.uk/liverpool-fc_watford-fc/index/spielbericht/2872419
[2772604] Could not find attributes for anthony acheampong (Maidstone United, 2016)
[2772604] Failed to build match row: Maidstone United vs Rochdale AFC
[2578102] Could not find attributes for christian fuchs (Leicester City, 2015)
[2578102] Failed to build match row: Tottenham Hotspur Football Club vs Leicester City
[3140023] Could not find attributes for yari verschaeren (Royal Sporting Club Anderlecht, 2018)
[3140023] Failed to build match row: Royal Sporting Club Anderlecht vs KV Kortrijk

Keepers & outfield error for **Real Sociedad de Fútbol S.A.D.** in Real Madrid Club de Fútbol vs Real Sociedad de Fútbol S.A.D.: Numbers: 2 and 9.
[3208779] Failed to build match row: Real Madrid Club de Fútbol vs Real Sociedad de Fútbol S.A.D.
[3047612] Could not find attributes for yannis salibur (AS Saint-Étienne, 2018)
[2504276] Could not find attributes for oleksandr rybka (Futbolniy Klub Dynamo Kyiv, 2014)
[3047612] Failed to build match row: FC Girondins Bordeaux vs AS Saint-Étienne
[2504276] Failed to build match row: Futbolniy Klub Dynamo Kyiv vs Karpaty Lviv (-2021)
[2891637] Could not find attributes for themistoklis tzimopoulos (PAS Giannina, 2017)
[2891637] Failed to build match row: PAS Giannina vs Athlitiki Enosi Larisas

Keepers & outfield error for **Elche Club de Fútbol S.A.D.** in Club Atlético de Madrid S.A.D. vs Elche Club de Fútbol S.A.D.: Numbers: 0 and 11.

Keepers & outfield error for **Olympique Lyonnais** in Olympique Lyonnais vs Angers Sporting Club de l'Ouest: Numbers: 2 and 9.
[2341343] Failed to build match row: Club Atlético de Madrid S.A.D. vs Elche Club de Fútbol S.A.D.
[3394925] Failed to build match row: Olympique Lyonnais vs Angers Sporting Club de l'Ouest
[3199585] Could not find attributes for stephy mavididi (Dijon FCO, 2019)
[3055747] Could not find attributes for michal sulla (Slovan Bratislava, 2018)
[2492422] Could not find attributes for sergey ignatovich (Dinamo Minsk, 2014)
[3199585] Failed to build match row: Nîmes Olympique vs Dijon FCO
[3055747] Failed to build match row: Slovan Bratislava vs FC Milsami Orhei
[2492422] Failed to build match row: Dinamo Minsk vs Associazione Calcio Fiorentina
[2949839] Failed to scrape lineup: https://www.transfermarkt.co.uk/spielbericht/index/spielbericht/2949839
[2728556] Could not find attributes for lennard sowah (Hamilton Academical FC, 2016)
[2728556] Failed to build match row: Hamilton Academical FC vs Partick Thistle FC
[2470264] Failed to scrape lineup: https://www.transfermarkt.co.uk/balikesirspor_caykur-rizespor/index/spielbericht/2470264
[2865083] Failed to scrape lineup: https://www.transfermarkt.co.uk/az-alkmaar_fc-utrecht/index/spielbericht/2865083

Keepers & outfield error for **Manchester City Football Club** in Manchester City Football Club vs Brighton and Hove Albion Football Club: Numbers: 0 and 11.
[2872420] Failed to build match row: Manchester City Football Club vs Brighton and Hove Albion Football Club
[2583536] Failed to scrape lineup: https://www.transfermarkt.co.uk/spielbericht/index/spielbericht/2583536
[2578103] Could not find attributes for erik pieters (Stoke City, 2015)
[2578103] Failed to build match row: Stoke City vs Arsenal Football Club
[3292972] Could not find attributes for yaroslav vazhynskyi (Alyans Lypova Dolyna, 2019)
[3292972] Failed to build match row: Alyans Lypova Dolyna vs FK Mariupol
[3212616] Could not find attributes for carlinhos (Vitória Setúbal FC, 2019)
[3212616] Failed to build match row: CS Marítimo vs Vitória Setúbal FC
[3229499] Failed to scrape lineup: https://www.transfermarkt.co.uk/juventus-fc_ss-lazio/index/spielbericht/3229499

Keepers & outfield error for **SD Eibar** in SD Eibar vs Sevilla Fútbol Club S.A.D.: Numbers: 2 and 9.
[2722690] Could not find attributes for tomas sivok (Bursaspor, 2016)
[2722690] Failed to build match row: Bursaspor vs Akhisarspor
[3079402] Failed to build match row: SD Eibar vs Sevilla Fútbol Club S.A.D.
[2347113] Could not find attributes for aleksandrs vlasovs (Daugava Daugavpils, 2013)
[2347113] Failed to build match row: Daugava Daugavpils vs Idrottsföreningen Elfsborg
[2504277] Could not find attributes for stanislav bogush (Vorskla Poltava, 2014)
[2504277] Failed to build match row: Vorskla Poltava vs FC Zorya Lugansk
[2478791] Could not find attributes for mato jajalo (Palermo FC, 2014)
[2478791] Failed to build match row: Palermo FC vs Verona Hellas Football Club

Keepers & outfield error for **Celta** in Celta vs CD Leganés: Numbers: 0 and 11.
[2718717] Failed to build match row: Celta vs CD Leganés
[2752914] Could not find attributes for vladimir ponomarev (FK Baltika, 2016)
[2752914] Failed to build match row: FK Baltika vs FK Dinamo Moskva
[2891638] Could not find attributes for moise adilehou (APO Levadiakos Football Club, 2017)
[2891638] Failed to build match row: APO Levadiakos Football Club vs A.G.S Asteras Tripolis

Keepers & outfield error for **Associazione Calcio Fiorentina** in Associazione Calcio Fiorentina vs Grasshopper Club Zürich: Numbers: 0 and 11.
[2360965] Failed to build match row: Associazione Calcio Fiorentina vs Grasshopper Club Zürich
[2460520] Could not find attributes for halldor arnarsson (Fram Reykjavík, 2014)
[2460520] Failed to build match row: Fram Reykjavík vs Kalju FC

Keepers & outfield error for **Valencia Club de Fútbol S. A. D.** in Real Sociedad de Fútbol S.A.D. vs Valencia Club de Fútbol S. A. D.: Numbers: 0 and 11.
[2604047] Failed to scrape lineup: https://www.transfermarkt.co.uk/genoa-cfc_chievo-verona/index/spielbericht/2604047
[2621125] Failed to scrape lineup: https://www.transfermarkt.co.uk/spielbericht/index/spielbericht/2621125
[3079403] Failed to build match row: Real Sociedad de Fútbol S.A.D. vs Valencia Club de Fútbol S. A. D.
[3098792] Failed to scrape lineup: https://www.transfermarkt.co.uk/spielbericht/index/spielbericht/3098792
[2883860] Could not find attributes for volkan demirel (Fenerbahçe Spor Kulübü, 2017)
[2883860] Failed to build match row: Fenerbahçe Spor Kulübü vs İstanbul Başakşehir Futbol Kulübü
[2700781] Failed to scrape lineup: https://www.transfermarkt.co.uk/heracles-almelo_fc-groningen/index/spielbericht/2700781
[3069590] Failed to scrape lineup: https://www.transfermarkt.co.uk/cd-tondela_vitoria-guimaraes-sc/index/spielbericht/3069590
[2382316] Failed to scrape lineup: https://www.transfermarkt.co.uk/spielbericht/index/spielbericht/2382316
[2482418] Could not find attributes for didier ndong (Football Club Lorient-Bretagne Sud, 2014)
[2482418] Failed to build match row: Racing Club de Lens vs Football Club Lorient-Bretagne Sud
[2492423] Could not find attributes for theofanis tzandaris (Panthessalonikios Athlitikos Omilos Konstantinoupoliton, 2014)
[2891639] Could not find attributes for zivko zivkovic (AO Xanthi, 2017)
[2492423] Failed to build match row: EA Guingamp vs Panthessalonikios Athlitikos Omilos Konstantinoupoliton

Keepers & outfield error for **Lyngby Boldklub** in Lyngby Boldklub vs Viborg Fodsports Forening: Numbers: 2 and 9.
[2891639] Failed to build match row: AO Xanthi vs Athlitiki Enosi Larisas

Keepers & outfield error for **Vitória Setúbal FC** in Vitória Setúbal FC vs Sporting Clube de Portugal: Numbers: 2 and 9.
[2697687] Failed to build match row: Lyngby Boldklub vs Viborg Fodsports Forening
[2526219] Failed to build match row: Vitória Setúbal FC vs Sporting Clube de Portugal
[3081406] Failed to scrape lineup: https://www.transfermarkt.co.uk/torino-fc_ss-lazio/index/spielbericht/3081406
[2919819] Failed to scrape lineup: https://www.transfermarkt.co.uk/spielbericht/index/spielbericht/2919819
[2700782] Could not find attributes for hicham faik (Excelsior Rotterdam, 2016)
[2348103] Could not find attributes for joseph yobo (Fenerbahçe Spor Kulübü, 2013)
[2700782] Failed to build match row: Eindhovense Voetbalvereniging Philips Sport Vereniging vs Excelsior Rotterdam
[2348103] Failed to build match row: Fenerbahçe Spor Kulübü vs Fußballclub Red Bull Salzburg
[3229500] Could not find attributes for giulio donati (Unione Sportiva Lecce, 2019)
[3229500] Failed to build match row: Genoa Cricket and Football Club vs Unione Sportiva Lecce
[2360966] Could not find attributes for miro varvodic (Qarabağ FK, 2013)
[2360966] Failed to build match row: Eintracht Frankfurt Fußball AG vs Qarabağ FK
[2504278] Could not find attributes for artem putivtsev (Metalurg Donetsk (- 2015), 2014)
[2504278] Failed to build match row: Metalurg Donetsk (- 2015) vs Volyn Lutsk
[3292973] Could not find attributes for roman nykytyuk (FC Minaj, 2019)
[3292973] Failed to build match row: FC Minaj vs Ingulets Petrove
[2331143] Could not find attributes for issa baradji (AC Ajaccio, 2013)
[2645537] Could not find attributes for aidan nesbitt (Partick Thistle FC, 2015)
[2331143] Failed to build match row: Olympique de Marseille vs AC Ajaccio
[2645537] Failed to build match row: Partick Thistle FC vs St. Johnstone FC
[2609779] Failed to scrape lineup: https://www.transfermarkt.co.uk/stade-reims_ea-guingamp/index/spielbericht/2609779
[2341344] Failed to scrape lineup: https://www.transfermarkt.co.uk/real-sociedad_rcd-espanyol-barcelona/index/spielbericht/2341344
[3199586] Failed to scrape lineup: https://www.transfermarkt.co.uk/montpellier-hsc_fc-metz/index/spielbericht/3199586
[2728557] Failed to scrape lineup: https://www.transfermarkt.co.uk/aberdeen-fc_st-johnstone-fc/index/spielbericht/2728557
[2382317] Could not find attributes for materazzi (Leixões SC, 2013)
[2382317] Failed to build match row: Leixões SC vs Clube Desportivo Nacional
[3055748] Could not find attributes for tordur thomsen (NSÍ Runavík, 2018)
[3055748] Failed to build match row: Hibernian Football Club vs NSÍ Runavík
[2583537] Failed to scrape lineup: https://www.transfermarkt.co.uk/spielbericht/index/spielbericht/2583537
[2335641] Could not find attributes for libor hrdlicka (Metalurg Zaporizhya (-2016), 2013)

Keepers & outfield error for **Verona Hellas Football Club** in Verona Hellas Football Club vs Udinese Calcio: Numbers: 0 and 11.
[2335641] Failed to build match row: Metalurg Zaporizhya (-2016) vs Volyn Lutsk
[2604048] Failed to build match row: Verona Hellas Football Club vs Udinese Calcio
[2865087] Could not find attributes for ashton gotz (Roda JC Kerkrade, 2017)
[2865087] Failed to build match row: Roda JC Kerkrade vs Feyenoord Rotterdam
[3212617] Failed to scrape lineup: https://www.transfermarkt.co.uk/gil-vicente-fc_fc-famalicao/index/spielbericht/3212617
[2526220] Could not find attributes for iago santos (Académica Coimbra, 2014)
[2526220] Failed to build match row: Futebol Clube do Porto vs Académica Coimbra
[2722692] Could not find attributes for adrien regattin (Ankaraspor, 2016)
[2478792] Failed to scrape lineup: https://www.transfermarkt.co.uk/us-sassuolo_inter-milan/index/spielbericht/2478792
[2722692] Failed to build match row: Konyaspor vs Ankaraspor
[3047614] Failed to scrape lineup: https://www.transfermarkt.co.uk/dijon-fco_ea-guingamp/index/spielbericht/3047614
[2891640] Could not find attributes for lefteris choutesiotis (Olympiakos Syndesmos Filathlon Peiraios, 2017)
[2891640] Failed to build match row: Olympiakos Syndesmos Filathlon Peiraios vs Panetolikos Agrinio
[2382785] Could not find attributes for jamie barclay (Clyde FC, 2013)
[2382785] Failed to build match row: Clyde FC vs Stranraer FC
[2470265] Could not find attributes for pape diakhate (Kayseri Erciyesspor, 2014)
[2470265] Failed to build match row: Kayseri Erciyesspor vs Gençlerbirliği Spor Kulübü
[2772606] Could not find attributes for james russell (St Albans City, 2016)
[2772606] Failed to build match row: St Albans City vs Carlisle United
[2504279] Could not find attributes for denys boyko (Dnipro Dnipropetrovsk (-2020), 2014)
[3140024] Could not find attributes for sander coopman (KV Oostende, 2018)
[2504279] Failed to build match row: Dnipro Dnipropetrovsk (-2020) vs Goverla Uzhgorod (- 2016)
[3140024] Failed to build match row: Koninklijke Atletiek Associatie Gent vs KV Oostende
[2360967] Could not find attributes for ersan gulum (Beşiktaş Jimnastik Kulübü, 2013)
[2360967] Failed to build match row: Beşiktaş Jimnastik Kulübü vs Tromsø Idrettslag

Keepers & outfield error for **UD Almería** in UD Almería vs Celta: Numbers: 0 and 11.
[3229501] Could not find attributes for albin ekdal (UC Sampdoria, 2019)
[2341345] Failed to build match row: UD Almería vs Celta
[3229501] Failed to build match row: Parma Calcio 1913 vs UC Sampdoria
[2492424] Could not find attributes for theofanis tzandaris (Panthessalonikios Athlitikos Omilos Konstantinoupoliton, 2014)
[2492424] Failed to build match row: Panthessalonikios Athlitikos Omilos Konstantinoupoliton vs Associazione Calcio Fiorentina
[3055749] Could not find attributes for tordur thomsen (NSÍ Runavík, 2018)
[3055749] Failed to build match row: NSÍ Runavík vs Hibernian Football Club
[2348105] Could not find attributes for joseph yobo (Fenerbahçe Spor Kulübü, 2013)
[2348105] Failed to build match row: Fußballclub Red Bull Salzburg vs Fenerbahçe Spor Kulübü

Keepers & outfield error for **Real Madrid Club de Fútbol** in Alaves vs Real Madrid Club de Fútbol: Numbers: 2 and 9.
[3208782] Failed to build match row: Alaves vs Real Madrid Club de Fútbol
[2335642] Could not find attributes for igor lytovka (FK Sevastopol (- 2014), 2013)
[2335642] Failed to build match row: FK Sevastopol (- 2014) vs FC Shakhtar Donetsk
[2621126] Could not find attributes for fernando martinez (Real Murcia CF, 2015)
[2470266] Failed to scrape lineup: https://www.transfermarkt.co.uk/galatasaray_basaksehir-fk/index/spielbericht/2470266
[2621126] Failed to build match row: Real Murcia CF vs Cádiz CF
[2382786] Could not find attributes for dean hoskins (Berwick Rangers FC, 2013)
[2382786] Failed to build match row: Berwick Rangers FC vs Dumbarton FC
[2919820] Could not find attributes for florian klein (Fußballklub Austria Wien, 2017)
[2919820] Failed to build match row: Athlitiki Enosi Konstantinoupoleos vs Fußballklub Austria Wien
[2504280] Could not find attributes for roman mysak (Karpaty Lviv (-2021), 2014)
[2504280] Failed to build match row: Karpaty Lviv (-2021) vs FC Shakhtar Donetsk
[3069591] Failed to scrape lineup: https://www.transfermarkt.co.uk/vitoria-guimaraes-sc_portimonense-sc/index/spielbericht/3069591
[3254691] Could not find attributes for yaroslav rakitskyi (AO FK Zenit Sankt-Peterburg, 2019)
[3254691] Failed to build match row: AO FK Zenit Sankt-Peterburg vs Arsenal Tula
[2593963] Could not find attributes for serkan kirintili (Konyaspor, 2015)
[2593963] Failed to build match row: İstanbul Başakşehir Futbol Kulübü vs Konyaspor
[3223033] Failed to scrape lineup: https://www.transfermarkt.co.uk/spielbericht/index/spielbericht/3223033
[2583538] Failed to build match row: Strømsgodset IF vs FK Partizani
[3292974] Could not find attributes for yevgen past (Desna Chernigiv, 2019)
[3292974] Failed to build match row: Desna Chernigiv vs Vorskla Poltava
[2482419] Failed to scrape lineup: https://www.transfermarkt.co.uk/fc-girondins-bordeaux_olympique-marseille/index/spielbericht/2482419
[2460521] Could not find attributes for maksims danilovs (FK Jelgava, 2014)
[2460521] Failed to build match row: Rosenborg Ballklub vs FK Jelgava
Not enough players found for lineup: 0, 0.
[2335643] Failed to scrape lineup: https://www.transfermarkt.co.uk/metalurg-donetsk-2015-_karpaty-lviv-2021-/index/spielbericht/2335643
[2865088] Could not find attributes for mohammed el hankouri (Willem II Tilburg, 2017)
[2865088] Failed to build match row: Willem II Tilburg vs AFC Ajax Amsterdam
[2891641] Could not find attributes for theofanis tzandaris (Panathinaikos Athlitikos Omilos, 2017)
[2891641] Failed to build match row: Panathinaikos Athlitikos Omilos vs Panthessalonikios Athlitikos Omilos Konstantinoupoliton
[2492425] Could not find attributes for sergey ignatovich (Dinamo Minsk, 2014)
[2492425] Failed to build match row: Dinamo Minsk vs EA Guingamp

Keepers & outfield error for **Getafe Club de Fútbol S. A. D. Team Dubai** in Getafe Club de Fútbol S. A. D. Team Dubai vs Sevilla Fútbol Club S.A.D.: Numbers: 0 and 11.
[2341346] Failed to build match row: Getafe Club de Fútbol S. A. D. Team Dubai vs Sevilla Fútbol Club S.A.D.
[2504281] Could not find attributes for maksim startsev (Metalurg Zaporizhya (-2016), 2014)
[2382787] Could not find attributes for Ross Smith (Stenhousemuir FC, 2013)
[2504281] Failed to build match row: Metalurg Zaporizhya (-2016) vs Futbolniy Klub Dynamo Kyiv
[2382787] Failed to build match row: Stenhousemuir FC vs Fraserburgh FC
[3069592] Could not find attributes for chiquinho (Moreirense Futebol Clube, 2018)
[3069592] Failed to build match row: Moreirense Futebol Clube vs Clube Desportivo de Tondela
[3055750] Could not find attributes for gevorg kasparov (Gandzasar Kapan, 2018)
[3055750] Failed to build match row: KKS Lech Poznań Spółka Akcyjna vs Gandzasar Kapan
[2700786] Could not find attributes for bersant celina (Football Club Twente, 2016)
[2700786] Failed to build match row: Vitesse Arnhem vs Football Club Twente
[2883862] Could not find attributes for anil karaer (Ankaraspor, 2017)
[2883862] Failed to build match row: Ankaraspor vs Sivasspor
[2335644] Could not find attributes for dmytro bezotosnyi (Chornomorets Odesa, 2013)
[2335644] Failed to build match row: Chornomorets Odesa vs Vorskla Poltava
[3079405] Could not find attributes for sanjin prcic (Levante Unión Deportiva S.A.D., 2018)
[3079405] Failed to build match row: Levante Unión Deportiva S.A.D. vs Alaves
[2899843] Failed to scrape lineup: https://www.transfermarkt.co.uk/rcd-espanyol-barcelona_sd-eibar/index/spielbericht/2899843

Keepers & outfield error for **Associazione Calcio Fiorentina** in Associazione Calcio Fiorentina vs Panthessalonikios Athlitikos Omilos Konstantinoupoliton: Numbers: 2 and 9.
[2492426] Failed to build match row: Associazione Calcio Fiorentina vs Panthessalonikios Athlitikos Omilos Konstantinoupoliton

Keepers & outfield error for **Futebol Clube do Porto** in Futebol Clube do Porto vs Vitória Setúbal FC: Numbers: 2 and 9.
[3069593] Failed to build match row: Futebol Clube do Porto vs Vitória Setúbal FC
[2697691] Could not find attributes for karlo bartolec (Fodbold Club Nordsjælland, 2016)

Keepers & outfield error for **West Ham United Football Club** in West Ham United Football Club vs Manchester United Football Club: Numbers: 0 and 11.
[2872424] Failed to build match row: West Ham United Football Club vs Manchester United Football Club
[2722693] Failed to scrape lineup: https://www.transfermarkt.co.uk/antalyaspor_adanaspor/index/spielbericht/2722693
[2697691] Failed to build match row: Fodbold Club Midtjylland vs Fodbold Club Nordsjælland

Keepers & outfield error for **Paris Saint-Germain Football Club** in Paris Saint-Germain Football Club vs Football Club de Metz: Numbers: 0 and 11.
[3212618] Failed to scrape lineup: https://www.transfermarkt.co.uk/sporting-cp_fc-pacos-de-ferreira/index/spielbericht/3212618
[3208783] Could not find attributes for roberto soldado (Granada CF, 2019)
[2482420] Failed to build match row: Paris Saint-Germain Football Club vs Football Club de Metz
[3208783] Failed to build match row: Athletic Club Bilbao vs Granada CF

Keepers & outfield error for **Club Atlético Osasuna** in Club Atlético Osasuna vs Valencia Club de Fútbol S. A. D.: Numbers: 0 and 11.
[2341347] Failed to build match row: Club Atlético Osasuna vs Valencia Club de Fútbol S. A. D.
[2335645] Could not find attributes for dmytro bezotosnyi (Chornomorets Odesa, 2013)
[2700787] Could not find attributes for derrick tshimanga (Willem II Tilburg, 2016)
[2335645] Failed to build match row: FC Shakhtar Donetsk vs Chornomorets Odesa
[2700787] Failed to build match row: Willem II Tilburg vs Nijmegen Eendracht Combinatie
[2604050] Failed to scrape lineup: https://www.transfermarkt.co.uk/ssc-napoli_acf-fiorentina/index/spielbericht/2604050
[3229502] Failed to scrape lineup: https://www.transfermarkt.co.uk/cagliari-calcio_us-sassuolo/index/spielbericht/3229502
[2348142] Failed to scrape lineup: https://www.transfermarkt.co.uk/spielbericht/index/spielbericht/2348142
[2504282] Could not find attributes for sergiy pogorilyi (Metalist Kharkiv (- 2016), 2014)
[2526221] Could not find attributes for ezequiel calvente (FC Penafiel, 2014)
[2504282] Failed to build match row: Metalist Kharkiv (- 2016) vs Chornomorets Odesa
[2526221] Failed to build match row: FC Penafiel vs Futebol Clube de Arouca
[3199587] Could not find attributes for yann gboho (Rennes, 2019)
[2919821] Failed to scrape lineup: https://www.transfermarkt.co.uk/spielbericht/index/spielbericht/2919821
[3199587] Failed to build match row: Lille Olympique Sporting Club vs Rennes
[2470268] Could not find attributes for ognjen vranjes (Gaziantepspor (- 2020), 2014)
[2470268] Failed to build match row: Gaziantepspor (- 2020) vs Trabzonspor Kulübü
[3098795] Could not find attributes for zeca (Football Club København, 2018)
[3098795] Failed to build match row: Football Club København vs FC Girondins Bordeaux

Keepers & outfield error for **Società Sportiva Calcio Napoli** in Chievo Verona vs Società Sportiva Calcio Napoli: Numbers: 2 and 9.
[2478795] Failed to build match row: Chievo Verona vs Società Sportiva Calcio Napoli

Keepers & outfield error for **B SAD** in B SAD vs CS Marítimo: Numbers: 2 and 9.
[3069594] Failed to build match row: B SAD vs CS Marítimo
[2331145] Could not find attributes for albert rafetraniaina (Olympique Gymnaste Club Nice Côte d'Azur, 2013)
[2331145] Failed to build match row: Thonon Évian Grand Genève FC vs Olympique Gymnaste Club Nice Côte d'Azur
[3254692] Could not find attributes for andre schurrle (FK Spartak Moskva, 2019)
[3254692] Failed to build match row: FK Spartak Moskva vs Ural Yekaterinburg
[2492427] Could not find attributes for aleksandr gutor (Dinamo Minsk, 2014)
[2492427] Failed to build match row: EA Guingamp vs Dinamo Minsk
[2583539] Failed to scrape lineup: https://www.transfermarkt.co.uk/spielbericht/index/spielbericht/2583539
[2728559] Failed to build match row: Partick Thistle FC vs Rangers Football Club

Keepers & outfield error for **Getafe Club de Fútbol S. A. D. Team Dubai** in Getafe Club de Fútbol S. A. D. Team Dubai vs Málaga CF: Numbers: 0 and 11.
[2341348] Failed to build match row: Getafe Club de Fútbol S. A. D. Team Dubai vs Málaga CF
[2891642] Could not find attributes for dimitrios kasotakis (AO Platanias, 2017)
[2722694] Could not find attributes for davide petrucci (Çaykur Rizespor Kulübü, 2016)
[2722694] Failed to build match row: Çaykur Rizespor Kulübü vs Fenerbahçe Spor Kulübü
[2891642] Failed to build match row: AO Platanias vs Panionios Athens
[3055751] Could not find attributes for grigor meliksetyan (Gandzasar Kapan, 2018)
[3223034] Could not find attributes for sean ward (Crusaders FC, 2019)
[3055751] Failed to build match row: Gandzasar Kapan vs KKS Lech Poznań Spółka Akcyjna
[3223034] Failed to build match row: Crusaders FC vs Wolverhampton Wanderers Football Club
[2323273] Could not find attributes for aleksander rajcevic (NK Maribor, 2013)
[2323273] Failed to build match row: NK Maribor vs Birkirkara FC

Keepers & outfield error for **Clube Desportivo de Tondela** in Clube Desportivo de Tondela vs Desportivo Aves (- 2020): Numbers: 0 and 11.
[3212619] Failed to build match row: Clube Desportivo de Tondela vs Desportivo Aves (- 2020)
[2700788] Could not find attributes for bersant celina (Football Club Twente, 2016)
[2700788] Failed to build match row: Football Club Twente vs Heracles Almelo
[2593965] Could not find attributes for berkan emir (Kayserispor Kulübü, 2015)
[3293376] Could not find attributes for gabriel barbosa (Clube de Regatas do Flamengo, 2019)
[2593965] Failed to build match row: Eskisehirspor vs Kayserispor Kulübü
[3293376] Failed to build match row: Liverpool Football Club vs Clube de Regatas do Flamengo
[3229503] Could not find attributes for andrea papetti (Brescia Calcio, 2019)
[3229503] Failed to build match row: Brescia Calcio vs SPAL
[2504283] Could not find attributes for zauri makharadze (Olimpik Donetsk, 2014)
[2504283] Failed to build match row: Olimpik Donetsk vs FK Mariupol
[2697692] Could not find attributes for elfar freyr helgason (AC Horsens, 2016)
[2865089] Could not find attributes for erik falkenburg (ADO Den Haag, 2017)
[2697692] Failed to build match row: Esbjerg fB vs AC Horsens
[2865089] Failed to build match row: Prins Hendrik Ende Desespereert Nimmer Combinatie Zwolle vs ADO Den Haag
[3394926] Could not find attributes for trevoh chalobah (Football Club Lorient-Bretagne Sud, 2020)
[3394926] Failed to build match row: Racing Club de Lens vs Football Club Lorient-Bretagne Sud
[2772607] Could not find attributes for joe devera (Boreham Wood FC, 2016)
[2772607] Failed to build match row: Boreham Wood FC vs Notts County
[3229504] Failed to scrape lineup: https://www.transfermarkt.co.uk/acf-fiorentina_torino-fc/index/spielbericht/3229504
[2526222] Could not find attributes for marek cech (Boavista FC, 2014)
[2526222] Failed to build match row: Sporting Clube de Portugal vs Boavista FC
 and 9.
[2460522] Could not find attributes for stuart jones (Aberystwyth Town, 2014)
[2341349] Failed to build match row: Espanol vs UD Almería
[2460522] Failed to build match row: Derry City vs Aberystwyth Town

Keepers & outfield error for **Sporting Clube de Braga** in Sporting Clube de Braga vs İstanbul Başakşehir Futbol Kulübü: Numbers: 0 and 11.
[2609781] Could not find attributes for thibault giresse (EA Guingamp, 2015)

Keepers & outfield error for **Paris Saint-Germain Football Club** in Lille Olympique Sporting Club vs Paris Saint-Germain Football Club: Numbers: 2 and 9.
[3294609] Could not find attributes for david goldar (Gimnàstic de Tarragona, 2019)
[2609781] Failed to build match row: EA Guingamp vs Montpellier HSC
[2919822] Failed to build match row: Sporting Clube de Braga vs İstanbul Başakşehir Futbol Kulübü
[2331146] Failed to build match row: Lille Olympique Sporting Club vs Paris Saint-Germain Football Club
[3294609] Failed to build match row: Gimnàstic de Tarragona vs Real Zaragoza
[2470269] Could not find attributes for guy michel landel (Gençlerbirliği Spor Kulübü, 2014)
[2360968] Could not find attributes for argent halilaj (FK Kukësi, 2013)
[3212620] Could not find attributes for rafa silva (Sport Lisboa e Benfica, 2019)
[2470269] Failed to build match row: Gençlerbirliği Spor Kulübü vs Fenerbahçe Spor Kulübü
[2360968] Failed to build match row: FK Kukësi vs Trabzonspor Kulübü
[3212620] Failed to build match row: Portimonense SC vs Sport Lisboa e Benfica
[3098796] Could not find attributes for mikhail kerzhakov (AO FK Zenit Sankt-Peterburg, 2018)
[3098796] Failed to build match row: SK Slavia Praha, a.s. vs AO FK Zenit Sankt-Peterburg

Keepers & outfield error for **Sevilla Fútbol Club S.A.D.** in Sevilla Fútbol Club S.A.D. vs Futbol Club Barcelona: Numbers: 0 and 11.
[2899845] Failed to build match row: Sevilla Fútbol Club S.A.D. vs Futbol Club Barcelona
[2949841] Could not find attributes for james oates (Hereford FC, 2017)
[2949841] Failed to build match row: Hereford FC vs AFC Telford United
[2335646] Could not find attributes for damir kahriman (SK Tavriya Simferopol ( - 2022), 2013)
[2335646] Failed to build match row: SK Tavriya Simferopol ( - 2022) vs Goverla Uzhgorod (- 2016)
Not enough players found for lineup: 0, 0.
[2504945] Failed to scrape lineup: https://www.transfermarkt.co.uk/spielbericht/index/spielbericht/2504945
[2383728] Could not find attributes for callum morris (Dunfermline Athletic FC, 2013)
[2621129] Could not find attributes for mohamed mahanan (UD Melilla, 2015)
[3081408] Failed to scrape lineup: https://www.transfermarkt.co.uk/bologna-fc-1909_ssc-napoli/index/spielbericht/3081408
[2526223] Failed to scrape lineup: https://www.transfermarkt.co.uk/vitoria-guimaraes-sc_sc-braga/index/spielbericht/2526223
[2621129] Failed to build match row: UD Melilla vs Algeciras CF
[3069595] Could not find attributes for ponck (Desportivo Aves (- 2020), 2018)
[2383728] Failed to build match row: Dunfermline Athletic FC vs Ayr United FC
[2722695] Could not find attributes for frantisek rajtoral (Gaziantepspor (- 2020), 2016)
[3069595] Failed to build match row: Desportivo Aves (- 2020) vs Sport Lisboa e Benfica
[2722695] Failed to build match row: Kardemir Karabükspor vs Gaziantepspor (- 2020)
[2891643] Could not find attributes for matic kotnik (Panionios Athens, 2017)
[2593966] Could not find attributes for sabri sarioglu (Galatasaray Spor Kulübü, 2015)
[3140025] Could not find attributes for omri ben harush (KSC Lokeren (- 2020), 2018)
[2891643] Failed to build match row: Panionios Athens vs APO Levadiakos Football Club
[2593966] Failed to build match row: Fenerbahçe Spor Kulübü vs Galatasaray Spor Kulübü
[3140025] Failed to build match row: Koninklijke Racing Club Genk vs KSC Lokeren (- 2020)
[3055752] Could not find attributes for dino hamzic (Chikhura Sachkhere, 2018)
[3055752] Failed to build match row: Chikhura Sachkhere vs Beitar Jerusalem

Keepers & outfield error for **Celta** in Real Madrid Club de Fútbol vs Celta: Numbers: 0 and 11.
[2718718] Failed to build match row: Real Madrid Club de Fútbol vs Celta
[2470270] Could not find attributes for pape diakhate (Kayseri Erciyesspor, 2014)
[2470270] Failed to build match row: Beşiktaş Jimnastik Kulübü vs Kayseri Erciyesspor
[2872426] Failed to scrape lineup: https://www.transfermarkt.co.uk/brighton-amp-hove-albion_leicester-city/index/spielbericht/2872426
[3079408] Failed to scrape lineup: https://www.transfermarkt.co.uk/sd-huesca_girona-fc/index/spielbericht/3079408
[3294610] Failed to scrape lineup: https://www.transfermarkt.co.uk/spielbericht/index/spielbericht/3294610
[2323276] Could not find attributes for alo barengrub (Kalju FC, 2013)
[2323276] Failed to build match row: Kalju FC vs HJK Helsinki
[2697693] Could not find attributes for gregor sikosek (Brøndby Idrætsforening, 2016)
[2697693] Failed to build match row: Brøndby Idrætsforening vs Lyngby Boldklub
[2341350] Could not find attributes for miguel angel corona (UD Almería, 2013)
[2341350] Failed to build match row: UD Almería vs Real Betis Balompié S.A.D.
[3098797] Could not find attributes for matej oravec (Spartak Trnava, 2018)
[3098797] Failed to build match row: Spartak Trnava vs Fenerbahçe Spor Kulübü
[2335647] Could not find attributes for vitaliy nedilko (Volyn Lutsk, 2013)
[2335647] Failed to build match row: Volyn Lutsk vs SK Tavriya Simferopol ( - 2022)
[3081409] Failed to scrape lineup: https://www.transfermarkt.co.uk/as-roma_parma-calcio-1913/index/spielbericht/3081409
[2621130] Failed to scrape lineup: https://www.transfermarkt.co.uk/spielbericht/index/spielbericht/2621130
[3069596] Failed to scrape lineup: https://www.transfermarkt.co.uk/gd-chaves_boavista-fc/index/spielbericht/3069596
[3140026] Could not find attributes for frank boya (Royal Excel Mouscron (-2022), 2018)
[3140026] Failed to build match row: Royal Excel Mouscron (-2022) vs St Truiden
[2335648] Failed to scrape lineup: https://www.transfermarkt.co.uk/zorya-lugansk_metalurg-zaporizhya-2016-/index/spielbericht/2335648

Keepers & outfield error for **Chelsea Football Club** in Chelsea Football Club vs Everton Football Club: Numbers: 2 and 9.
[2578106] Failed to build match row: Chelsea Football Club vs Everton Football Club
[3394929] Failed to scrape lineup: https://www.transfermarkt.co.uk/montpellier-hsc_olympique-marseille/index/spielbericht/3394929
[2331147] Could not find attributes for kamil grosicki (Rennes, 2013)
[2331147] Failed to build match row: Rennes vs FC Sochaux-Montbéliard
[3212622] Could not find attributes for carlinhos (Vitória Setúbal FC, 2019)
[3212622] Failed to build match row: Vitória Setúbal FC vs Clube Desportivo Santa Clara
[2383729] Could not find attributes for marian kello (Saint Mirren Football Club, 2013)
[2323277] Could not find attributes for robert orn oskarsson (FH Hafnarfjördur, 2013)
[2891644] Could not find attributes for theofanis tzandaris (Panathinaikos Athlitikos Omilos, 2017)
[2383729] Failed to build match row: Saint Mirren Football Club vs Queen of the South FC
[2891644] Failed to build match row: Panathinaikos Athlitikos Omilos vs AO Xanthi
[2323277] Failed to build match row: FH Hafnarfjördur vs FK Ekranas Panevezys (- 2014)
[2470271] Could not find attributes for andrija vukovic (Balikesirspor, 2014)
[3223035] Could not find attributes for boris godal (AEL Limassol, 2019)

Keepers & outfield error for **Club Atlético Osasuna** in Espanol vs Club Atlético Osasuna: Numbers: 0 and 11.
[2470271] Failed to build match row: Bursaspor vs Balikesirspor
[3223035] Failed to build match row: AEL Limassol vs Aris Thessalonikis
[2621142] Could not find attributes for ione puga (CD Mensajero, 2015)
[3208786] Failed to build match row: Espanol vs Club Atlético Osasuna
[2722696] Could not find attributes for abdoul wahid sissoko (Akhisarspor, 2016)
[2621142] Failed to build match row: CD Mensajero vs Cádiz CF
[2722696] Failed to build match row: Akhisarspor vs Kasımpaşa A.Ş.
[2753234] Could not find attributes for boris kleyman (Beitar Jerusalem, 2016)
[2753234] Failed to build match row: AS Saint-Étienne vs Beitar Jerusalem
[2360970] Could not find attributes for vladimir bushma (FK Minsk, 2013)
[2360970] Failed to build match row: Royal Standard Club de Liège vs FK Minsk
[3140027] Could not find attributes for sulayman marreh (KAS Eupen, 2018)
[3140027] Failed to build match row: KAS Eupen vs Club Brugge Koninklijke Voetbalvereniging

Keepers & outfield error for **Göztepe Sportif Yatırımlar A.Ş.** in Göztepe Sportif Yatırımlar A.Ş. vs Gençlerbirliği Spor Kulübü: Numbers: 0 and 11.
[2883864] Failed to build match row: Göztepe Sportif Yatırımlar A.Ş. vs Gençlerbirliği Spor Kulübü

Keepers & outfield error for **Club Atlético Osasuna** in Club Atlético Osasuna vs Celta: Numbers: 0 and 11.
[2341351] Failed to build match row: Club Atlético Osasuna vs Celta
[3223036] Failed to scrape lineup: https://www.transfermarkt.co.uk/spielbericht/index/spielbericht/3223036

Keepers & outfield error for **Clube Desportivo Santa Clara** in Rio Ave Futebol Clube vs Clube Desportivo Santa Clara: Numbers: 0 and 11.
[3069597] Failed to build match row: Rio Ave Futebol Clube vs Clube Desportivo Santa Clara
[2578107] Could not find attributes for christian fuchs (Leicester City, 2015)
[2578107] Failed to build match row: Leicester City vs Stoke City
[2621143] Failed to scrape lineup: https://www.transfermarkt.co.uk/spielbericht/index/spielbericht/2621143
[3140028] Failed to scrape lineup: https://www.transfermarkt.co.uk/cercle-brugge-_standard-liege/index/spielbericht/3140028
[3254693] Could not find attributes for soslan dzhanaev (FK Sochi, 2019)
[2772609] Could not find attributes for jake goodman (Braintree Town, 2016)
[3254693] Failed to build match row: FK Sochi vs Футбольный клуб "Локомотив" Москва
[2772609] Failed to build match row: Braintree Town vs Eastbourne Borough
[2492429] Failed to scrape lineup: https://www.transfermarkt.co.uk/spielbericht/index/spielbericht/2492429
[2470272] Failed to build match row: Akhisarspor vs Kardemir Karabükspor

Keepers & outfield error for **Panthessalonikios Athlitikos Omilos Konstantinoupoliton** in Panthessalonikios Athlitikos Omilos Konstantinoupoliton vs AO Platanias: Numbers: 2 and 9.
[2865091] Failed to scrape lineup: https://www.transfermarkt.co.uk/fc-utrecht_nac-breda/index/spielbericht/2865091
[2872429] Failed to scrape lineup: https://www.transfermarkt.co.uk/everton-fc_manchester-city/index/spielbericht/2872429
[3081410] Could not find attributes for merih demiral (Unione Sportiva Sassuolo Calcio, 2018)
[3081410] Failed to build match row: Atalanta Bergamasca Calcio S.p.a. vs Unione Sportiva Sassuolo Calcio
[2383730] Failed to build match row: Forfar Athletic FC vs Brechin City FC

Keepers & outfield error for **Espanol** in Espanol vs Málaga CF: Numbers: 0 and 11.
[2718720] Failed to build match row: Espanol vs Málaga CF
[3098799] Could not find attributes for radosav petrovic (Sporting Clube de Portugal, 2018)
[3098799] Failed to build match row: Sporting Clube de Portugal vs Vorskla Poltava
[2593967] Could not find attributes for artur moraes (Ankaraspor, 2015)
[2593967] Failed to build match row: Gençlerbirliği Spor Kulübü vs Ankaraspor
[2753235] Could not find attributes for emre belozoglu (İstanbul Başakşehir Futbol Kulübü, 2016)
[2753235] Failed to build match row: FC Shakhtar Donetsk vs İstanbul Başakşehir Futbol Kulübü
[3047619] Could not find attributes for bafode diakite (Toulouse Football Club, 2018)
[3047619] Failed to build match row: Stade Reims vs Toulouse Football Club

Keepers & outfield error for **Levante Unión Deportiva S.A.D.** in Levante Unión Deportiva S.A.D. vs Celta: Numbers: 2 and 9.
[2341352] Failed to build match row: Levante Unión Deportiva S.A.D. vs Celta
[3208787] Could not find attributes for nemanja radoja (Levante Unión Deportiva S.A.D., 2019)
[3208787] Failed to build match row: Getafe Club de Fútbol S. A. D. Team Dubai vs Levante Unión Deportiva S.A.D.
[2470273] Failed to scrape lineup: https://www.transfermarkt.co.uk/konyaspor_kasimpasa/index/spielbericht/2470273
[2323278] Could not find attributes for phil baker (The New Saints, 2013)
[2323278] Failed to build match row: Legia Warszawa Spółka Akcyjna vs The New Saints
[2349810] Could not find attributes for cristian villagra (Metalist Kharkiv (- 2016), 2013)
[2349810] Failed to build match row: Panthessalonikios Athlitikos Omilos Konstantinoupoliton vs Metalist Kharkiv (- 2016)
[2722697] Could not find attributes for kenneth omeruo (Alanyaspor, 2016)
[2722697] Failed to build match row: Alanyaspor vs Kayserispor Kulübü
[3394930] Failed to scrape lineup: https://www.transfermarkt.co.uk/ogc-nice_stade-reims/index/spielbericht/3394930
[3229507] Could not find attributes for giulio donati (Unione Sportiva Lecce, 2019)
[2460523] Could not find attributes for edijs joksts (FK Daugava Riga, 2014)
[2478796] Failed to scrape lineup: https://www.transfermarkt.co.uk/ac-milan_parma-fc/index/spielbericht/2478796
[2460523] Failed to build match row: Aberdeen Football Club vs FK Daugava Riga
[3229507] Failed to build match row: Unione Sportiva Lecce vs Brescia Calcio
[3081411] Could not find attributes for darijo srna (Cagliari Calcio, 2018)
[2492430] Could not find attributes for theofanis tzandaris (Panthessalonikios Athlitikos Omilos Konstantinoupoliton, 2014)
[3223037] Could not find attributes for rubi levkovic (Budapest Honvéd FC, 2019)
[2492430] Failed to build match row: Panthessalonikios Athlitikos Omilos Konstantinoupoliton vs EA Guingamp
[3223037] Failed to build match row: U Craiova 1948 Club Sportiv SA vs Budapest Honvéd FC

Keepers & outfield error for **Bologna Football Club 1909** in AC Carpi vs Bologna Football Club 1909: Numbers: 0 and 11.
[3081411] Failed to build match row: Cagliari Calcio vs Udinese Calcio
[2604054] Failed to build match row: AC Carpi vs Bologna Football Club 1909
[2891646] Could not find attributes for konstantinos theodoropoulos (Athlitiki Enosi Larisas, 2017)
[3055753] Could not find attributes for itamar nitzan (Beitar Jerusalem, 2018)
[3069598] Could not find attributes for nemanja gudelj (Sporting Clube de Portugal, 2018)
[3055753] Failed to build match row: Beitar Jerusalem vs Chikhura Sachkhere
[2891646] Failed to build match row: Athlitiki Enosi Larisas vs PAS Lamia 1964
[2728562] Failed to scrape lineup: https://www.transfermarkt.co.uk/ross-county-fc_hamilton-academical-fc/index/spielbericht/2728562
[3069598] Failed to build match row: Sporting Clube de Portugal vs Sporting Clube de Braga

Keepers & outfield error for **Granada CF** in Sevilla Fútbol Club S.A.D. vs Granada CF: Numbers: 2 and 9.
[2331150] Could not find attributes for corentin tolisso (Olympique Lyonnais, 2013)
[2341353] Failed to build match row: Sevilla Fútbol Club S.A.D. vs Granada CF
[2754177] Could not find attributes for jose luis palomino (Ludogorets Razgrad, 2016)
[2331150] Failed to build match row: Olympique de Marseille vs Olympique Lyonnais
[2754177] Failed to build match row: FC Basel 1893 AG vs Ludogorets Razgrad
[3254694] Could not find attributes for andrey klimovich (FC Orenburg, 2019)

Keepers & outfield error for **Real Club Deportivo Mallorca S.A.D.** in Real Club Deportivo Mallorca S.A.D. vs Real Betis Balompié S.A.D.: Numbers: 2 and 9.
[3254694] Failed to build match row: FC Orenburg vs FC Rubin Kazan
[3208788] Failed to build match row: Real Club Deportivo Mallorca S.A.D. vs Real Betis Balompié S.A.D.
[2323279] Could not find attributes for jaimie mcgovern (Cliftonville FC, 2013)
[2323279] Failed to build match row: Cliftonville FC vs The Celtic Football Club
[2722698] Could not find attributes for abdul rahman khalili (Gençlerbirliği Spor Kulübü, 2016)
[2722698] Failed to build match row: Gençlerbirliği Spor Kulübü vs Trabzonspor Kulübü
[3140029] Failed to scrape lineup: https://www.transfermarkt.co.uk/royal-antwerp-fc_r-charleroi-sc/index/spielbericht/3140029
[2865092] Failed to scrape lineup: https://www.transfermarkt.co.uk/sparta-rotterdam_fc-groningen/index/spielbericht/2865092
[3079412] Failed to scrape lineup: https://www.transfermarkt.co.uk/atletico-de-madrid_real-betis-balompie/index/spielbericht/3079412
[2492431] Could not find attributes for aleksandr gutor (Dinamo Minsk, 2014)
[2492431] Failed to build match row: Associazione Calcio Fiorentina vs Dinamo Minsk
[3047620] Could not find attributes for youssouf fofana (Racing Club de Strasbourg Alsace, 2018)
[3047620] Failed to build match row: Racing Club de Strasbourg Alsace vs Paris Saint-Germain Football Club
[3098800] Failed to scrape lineup: https://www.transfermarkt.co.uk/spielbericht/index/spielbericht/3098800
[2728563] Could not find attributes for tom hateley (Dundee Football Club, 2016)
[2728563] Failed to build match row: Dundee Football Club vs Ross County FC
[2478797] Could not find attributes for cesare bovo (Torino Calcio, 2014)
[2478797] Failed to build match row: Torino Calcio vs UC Sampdoria
[2883865] Failed to scrape lineup: https://www.transfermarkt.co.uk/yeni-malatyaspor_bursaspor/index/spielbericht/2883865
[2323280] Could not find attributes for julien klein (CS Fola Esch, 2013)
[2383731] Could not find attributes for frank mckeown (Stranraer FC, 2013)
[2323280] Failed to build match row: CS Fola Esch vs GNK Dinamo Zagreb
[2383731] Failed to build match row: Stranraer FC vs Clyde FC
[2593968] Failed to scrape lineup: https://www.transfermarkt.co.uk/gaziantepspor_mersin-idmanyurdu/index/spielbericht/2593968
[2919823] Could not find attributes for cosmin moti (Ludogorets Razgrad, 2017)
[2919823] Failed to build match row: Ludogorets Razgrad vs Turn- und Sportgemeinschaft 1899 Hoffenheim Fußball-Spielbetriebs
[2470274] Failed to scrape lineup: https://www.transfermarkt.co.uk/eskisehirspor_mersin-idmanyurdu/index/spielbericht/2470274
[2891647] Could not find attributes for giannis kontoes (Apollon Smyrnis, 2017)
[2891647] Failed to build match row: Apollon Smyrnis vs Athlitiki Enosi Konstantinoupoleos

Keepers & outfield error for **Olympique Lyonnais** in Olympique Lyonnais vs Amiens SC: Numbers: 2 and 9.
[3394931] Could not find attributes for kiki kouyate (Football Club de Metz, 2020)
[3394931] Failed to build match row: Football Club de Metz vs Lille Olympique Sporting Club
[3199589] Failed to build match row: Olympique Lyonnais vs Amiens SC
[3254695] Could not find attributes for giorgiy shelia (PFK Tambov (-2021), 2019)
[2722699] Could not find attributes for andreas beck (Beşiktaş Jimnastik Kulübü, 2016)
[3254695] Failed to build match row: PFK Tambov (-2021) vs PFK CSKA Moskva
[2722699] Failed to build match row: Beşiktaş Jimnastik Kulübü vs İstanbul Başakşehir Futbol Kulübü
[2349811] Failed to scrape lineup: https://www.transfermarkt.co.uk/spielbericht/index/spielbericht/2349811
[3229508] Could not find attributes for ragnar klavan (Cagliari Calcio, 2019)
[3229508] Failed to build match row: Società Sportiva Lazio S.p.A. vs Cagliari Calcio
[2578110] Could not find attributes for jonathan howson (Norwich City, 2015)
[2578110] Failed to build match row: Norwich City vs Liverpool Football Club
[2360971] Could not find attributes for hans peter berger (FC Pasching, 2013)
[2360971] Failed to build match row: FC Pasching vs Grupo Desportivo Estoril Praia
[2323281] Could not find attributes for eitan tibi (Maccabi Tel Aviv, 2013)
[2460524] Could not find attributes for siim saesk (FC Santos Tartu, 2014)
[2323281] Failed to build match row: Maccabi Tel Aviv vs ETO FC
[2460524] Failed to build match row: FC Santos Tartu vs Tromsø Idrettslag
[2919824] Could not find attributes for orges shehi (KF Skënderbeu, 2017)
[3140030] Could not find attributes for ewoud pletinckx (Sportvereniging Zulte Waregem, 2018)
[2919824] Failed to build match row: KF Skënderbeu vs Berner Sport Club Young Boys
[3140030] Failed to build match row: SK Beveren vs Sportvereniging Zulte Waregem

Keepers & outfield error for **Associazione Calcio Fiorentina** in Associazione Calcio Fiorentina vs Atalanta Bergamasca Calcio S.p.a.: Numbers: 2 and 9.
[2478798] Failed to build match row: Associazione Calcio Fiorentina vs Atalanta Bergamasca Calcio S.p.a.
[2718722] Failed to scrape lineup: https://www.transfermarkt.co.uk/ud-las-palmas_granada-cf/index/spielbericht/2718722
[2891648] Could not find attributes for themistoklis tzimopoulos (PAS Giannina, 2017)
[2891648] Failed to build match row: PAS Giannina vs Olympiakos Syndesmos Filathlon Peiraios
[2583540] Could not find attributes for giorgio mariotti (AC Juvenes-Dogana, 2015)
[2583540] Failed to build match row: Brøndby Idrætsforening vs AC Juvenes-Dogana
[2470275] Could not find attributes for jose sosa (Beşiktaş Jimnastik Kulübü, 2014)
[2470275] Failed to build match row: Fenerbahçe Spor Kulübü vs Beşiktaş Jimnastik Kulübü
[3254696] Could not find attributes for matvey safonov (FK Krasnodar, 2019)
[3254696] Failed to build match row: FK Krasnodar vs PFK Krylya Sovetov Samara
[2697987] Failed to scrape lineup: https://www.transfermarkt.co.uk/afc-bournemouth_manchester-united/index/spielbericht/2697987
[2604055] Failed to scrape lineup: https://www.transfermarkt.co.uk/chievo-verona_ssc-napoli/index/spielbericht/2604055
[3223038] Failed to scrape lineup: https://www.transfermarkt.co.uk/spielbericht/index/spielbericht/3223038
[3055754] Could not find attributes for halldor pall geirsson (ÍBV Vestmannaeyjar, 2018)
[3055754] Failed to build match row: ÍBV Vestmannaeyjar vs Sarpsborg 08 Fotballforening
[3199590] Could not find attributes for jimmy briand (FC Girondins Bordeaux, 2019)
[3098801] Could not find attributes for landry bonnefoi (F91 Dudelange, 2018)
[3199590] Failed to build match row: Stade brestois 29 vs FC Girondins Bordeaux
[3098801] Failed to build match row: F91 Dudelange vs Real Betis Balompié S.A.D.
[2754178] Failed to scrape lineup: https://www.transfermarkt.co.uk/spielbericht/index/spielbericht/2754178
/3208789
[2722700] Could not find attributes for tomas sivok (Bursaspor, 2016)
anda, 2013)
[3082143] Failed to scrape lineup: https://www.transfermarkt.co.uk/zorya-lugansk_karpaty-lviv-2021-/index/spielbericht/3082143
[2323282] Failed to build match row: Shakhter Karaganda vs BATE Borisov
[2722700] Failed to build match row: Galatasaray Spor Kulübü vs Bursaspor

Keepers & outfield error for **Vitória Setúbal FC** in Vitória Setúbal FC vs Grupo Desportivo Estoril Praia: Numbers: 2 and 9.
[2526224] Failed to build match row: Vitória Setúbal FC vs Grupo Desportivo Estoril Praia
[2700789] Failed to scrape lineup: https://www.transfermarkt.co.uk/az-alkmaar_sparta-rotterdam/index/spielbericht/2700789
[2872433] Could not find attributes for etienne capoue (Watford FC, 2017)
[2872433] Failed to build match row: Watford FC vs Association Football Club Bournemouth
[2609782] Could not find attributes for fabien camus (ESTAC Troyes, 2015)
[2609782] Failed to build match row: ESTAC Troyes vs Angers Sporting Club de l'Ouest
[2949842] Could not find attributes for jonny maxted (Guiseley AFC, 2017)
[2949842] Failed to build match row: Guiseley AFC vs Accrington Stanley
[3140031] Could not find attributes for thibault vlietinck (Club Brugge Koninklijke Voetbalvereniging, 2018)
[3140031] Failed to build match row: Club Brugge Koninklijke Voetbalvereniging vs Royal Excel Mouscron (-2022)

Keepers & outfield error for **Beşiktaş Jimnastik Kulübü** in Beşiktaş Jimnastik Kulübü vs Konyaspor: Numbers: 2 and 9.
[2883867] Failed to build match row: Beşiktaş Jimnastik Kulübü vs Konyaspor
[3079413] Failed to scrape lineup: https://www.transfermarkt.co.uk/rcd-espanyol-barcelona_villarreal-cf/index/spielbericht/3079413

Keepers & outfield error for **Chelsea Football Club** in Arsenal Football Club vs Chelsea Football Club: Numbers: 2 and 9.
[2578111] Failed to build match row: Arsenal Football Club vs Chelsea Football Club
[2492432] Failed to scrape lineup: https://www.transfermarkt.co.uk/spielbericht/index/spielbericht/2492432
[2331152] Could not find attributes for benoit tremoulinas (AS Saint-Étienne, 2013)
[2331152] Failed to build match row: AS Saint-Étienne vs Montpellier HSC
[3047652] Could not find attributes for pedro rebocho (EA Guingamp, 2018)
[3047652] Failed to build match row: EA Guingamp vs Amiens SC
[2919825] Could not find attributes for vladimir stojkovic (Fudbalski Klub Partizan Beograd, 2017)
[2919825] Failed to build match row: Fudbalski Klub Partizan Beograd vs Futbolniy Klub Dynamo Kyiv
[2460525] Could not find attributes for colin coates (Crusaders FC, 2014)
[2604056] Could not find attributes for giovanni marchese (Genoa Cricket and Football Club, 2015)
[2460525] Failed to build match row: Crusaders FC vs FK Ekranas Panevezys (- 2014)
[2604056] Failed to build match row: FC Empoli vs Genoa Cricket and Football Club
[2360972] Could not find attributes for denys boyko (Dnipro Dnipropetrovsk (-2020), 2013)
[2360972] Failed to build match row: Dnipro Dnipropetrovsk (-2020) vs Kalju FC
[2883868] Failed to scrape lineup: https://www.transfermarkt.co.uk/alanyaspor_fenerbahce/index/spielbericht/2883868
[2772610] Could not find attributes for delroy gordon (Stamford AFC, 2016)
[2772610] Failed to build match row: Hartlepool United vs Stamford AFC
[3223039] Could not find attributes for vladimir stojkovic (Fudbalski Klub Partizan Beograd, 2019)
[3223039] Failed to build match row: Fudbalski Klub Partizan Beograd vs Connah's Quay Nomads
[3047653] Could not find attributes for rafael leao (Lille Olympique Sporting Club, 2018)
[3047653] Failed to build match row: Lille Olympique Sporting Club vs Stade Reims
[3394933] Could not find attributes for kiki kouyate (Football Club de Metz, 2020)
[3394933] Failed to build match row: Stade Reims vs Football Club de Metz

Keepers & outfield error for **CF Os Belenenses** in CF Os Belenenses vs Sport Lisboa e Benfica: Numbers: 2 and 9.
[2526225] Failed to build match row: CF Os Belenenses vs Sport Lisboa e Benfica
[3229510] Could not find attributes for albin ekdal (UC Sampdoria, 2019)
[3229510] Failed to build match row: UC Sampdoria vs Genoa Cricket and Football Club
[3082144] Could not find attributes for yevgen past (Desna Chernigiv, 2018)
[3082144] Failed to build match row: Desna Chernigiv vs Chornomorets Odesa
[3055755] Could not find attributes for halldor pall geirsson (ÍBV Vestmannaeyjar, 2018)
[3055755] Failed to build match row: Sarpsborg 08 Fotballforening vs ÍBV Vestmannaeyjar

Keepers & outfield error for **Blackburn Rovers** in Blackburn Rovers vs Barnet FC: Numbers: 2 and 9.
[2754179] Could not find attributes for andreas beck (Beşiktaş Jimnastik Kulübü, 2016)
[2949843] Failed to build match row: Blackburn Rovers vs Barnet FC
[2899846] Could not find attributes for mathieu flamini (Getafe Club de Fútbol S. A. D. Team Dubai, 2017)
[2754179] Failed to build match row: Sport Lisboa e Benfica vs Beşiktaş Jimnastik Kulübü
[2899846] Failed to build match row: Getafe Club de Fútbol S. A. D. Team Dubai vs Espanol
[2492433] Could not find attributes for miral samardzic (Hrvatski Nogometni Klub Rijeka, 2014)
[2335649] Could not find attributes for denys boyko (Dnipro Dnipropetrovsk (-2020), 2013)
[2492433] Failed to build match row: Royal Standard Club de Liège vs Hrvatski Nogometni Klub Rijeka
[2335649] Failed to build match row: Dnipro Dnipropetrovsk (-2020) vs FC Zorya Lugansk
[2331153] Could not find attributes for benoit tremoulinas (AS Saint-Étienne, 2013)
[2331153] Failed to build match row: Thonon Évian Grand Genève FC vs AS Saint-Étienne

Keepers & outfield error for **Akhisarspor** in Çaykur Rizespor Kulübü vs Akhisarspor: Numbers: 2 and 9.
Numbers: 0 and 11.
[2593970] Failed to build match row: Çaykur Rizespor Kulübü vs Akhisarspor
[2505038] Failed to build match row: Aberdeen Football Club vs Hamilton Academical FC

Keepers & outfield error for **Levante Unión Deportiva S.A.D.** in Levante Unión Deportiva S.A.D. vs Valencia Club de Fútbol S. A. D.: Numbers: 2 and 9.
[2360973] Could not find attributes for vojislav stankovic (Fudbalski Klub Partizan Beograd, 2013)
A. D.
[2360973] Failed to build match row: FC Thun vs Fudbalski Klub Partizan Beograd

Keepers & outfield error for **Futebol Clube do Porto** in Futebol Clube do Porto vs CS Marítimo: Numbers: 2 and 9.
[3212623] Failed to build match row: Futebol Clube do Porto vs CS Marítimo
[3294611] Failed to scrape lineup: https://www.transfermarkt.co.uk/spielbericht/index/spielbericht/3294611
[2583541] Failed to scrape lineup: https://www.transfermarkt.co.uk/spielbericht/index/spielbericht/2583541
[3079414] Could not find attributes for sanjin prcic (Levante Unión Deportiva S.A.D., 2018)
[3079414] Failed to build match row: Getafe Club de Fútbol S. A. D. Team Dubai vs Levante Unión Deportiva S.A.D.
[2645539] Could not find attributes for arnaud djoum (Heart of Midlothian Football Club, 2015)
[2645539] Failed to build match row: Heart of Midlothian Football Club vs The Celtic Football Club
[2722702] Could not find attributes for loret sadiku (Kasımpaşa A.Ş., 2016)
[2722702] Failed to build match row: Kasımpaşa A.Ş. vs Galatasaray Spor Kulübü
[2697988] Failed to scrape lineup: https://www.transfermarkt.co.uk/burnley-fc_swansea-city/index/spielbericht/2697988
[2899847] Could not find attributes for mathieu flamini (Getafe Club de Fútbol S. A. D. Team Dubai, 2017)
[2899847] Failed to build match row: Getafe Club de Fútbol S. A. D. Team Dubai vs Real Betis Balompié S.A.D.
[2754180] Could not find attributes for oleksandr shovkovskyi (Futbolniy Klub Dynamo Kyiv, 2016)
[2754180] Failed to build match row: Futbolniy Klub Dynamo Kyiv vs Società Sportiva Calcio Napoli
[3099213] Could not find attributes for olivier deschacht (KSC Lokeren (- 2020), 2018)
[3099213] Failed to build match row: Club Brugge Koninklijke Voetbalvereniging vs KSC Lokeren (- 2020)
[3199591] Failed to scrape lineup: https://www.transfermarkt.co.uk/stade-rennais-fc_stade-brestois-29/index/spielbericht/3199591

Keepers & outfield error for **FC Paços de Ferreira** in FC Paços de Ferreira vs Moreirense Futebol Clube: Numbers: 2 and 9.
[2526226] Failed to build match row: FC Paços de Ferreira vs Moreirense Futebol Clube
[2331154] Could not find attributes for mickael leca (AC Ajaccio, 2013)
[2331154] Failed to build match row: Football Club Lorient-Bretagne Sud vs AC Ajaccio
[3208790] Failed to scrape lineup: https://www.transfermarkt.co.uk/sevilla-fc_cd-leganes/index/spielbericht/3208790
[2323283] Failed to scrape lineup: https://www.transfermarkt.co.uk/spielbericht/index/spielbericht/2323283
[2349812] Could not find attributes for lisandro lopez (Olympique Lyonnais, 2013)
[2349812] Failed to build match row: Olympique Lyonnais vs Grasshopper Club Zürich
[2609784] Could not find attributes for morgan amalfitano (Lille Olympique Sporting Club, 2015)
[2865095] Failed to scrape lineup: https://www.transfermarkt.co.uk/az-alkmaar_willem-ii-tilburg/index/spielbericht/2865095
[2609784] Failed to build match row: Football Club de Nantes vs Lille Olympique Sporting Club
[2470277] Failed to scrape lineup: https://www.transfermarkt.co.uk/kayseri-erciyesspor_caykur-rizespor/index/spielbericht/2470277
[2919834] Failed to scrape lineup: https://www.transfermarkt.co.uk/spielbericht/index/spielbericht/2919834
[3254697] Could not find attributes for roman neustadter (FK Dinamo Moskva, 2019)
[3254697] Failed to build match row: FK Dinamo Moskva vs FK Ufa
[3394934] Could not find attributes for etienne green (AS Saint-Étienne, 2020)
[3394934] Failed to build match row: Paris Saint-Germain Football Club vs AS Saint-Étienne
[2383732] Could not find attributes for daniele frabotta (Frosinone Calcio, 2013)
[2383732] Failed to build match row: US Avellino 1912 vs Frosinone Calcio
[2604057] Failed to scrape lineup: https://www.transfermarkt.co.uk/acf-fiorentina_as-roma/index/spielbericht/2604057
[2360975] Could not find attributes for luigi cennamo (APS Atromitos Athinon, 2013)
[2360975] Failed to build match row: Alkmaar Zaanstreek vs APS Atromitos Athinon
[2335650] Could not find attributes for dmitriy nepogodov (Vorskla Poltava, 2013)
[2335650] Failed to build match row: Vorskla Poltava vs Metalurg Donetsk (- 2015)
[3212624] Could not find attributes for show (B SAD, 2019)
[2526227] Could not find attributes for avto (Gil Vicente Futebol Clube, 2014)
[3212624] Failed to build match row: B SAD vs Vitória Sport Clube
[2526227] Failed to build match row: Gil Vicente Futebol Clube vs Rio Ave Futebol Clube

Keepers & outfield error for **Chelsea Football Club** in Chelsea Football Club vs West Ham United Football Club: Numbers: 2 and 9.
[2872434] Failed to scrape lineup: https://www.transfermarkt.co.uk/west-bromwich-albion_burnley-fc/index/spielbericht/2872434
[2697989] Failed to build match row: Chelsea Football Club vs West Ham United Football Club
[3254698] Could not find attributes for egor baburin (FK Rostov, 2019)
[3254698] Failed to build match row: FK Rostov vs RFK Akhmat Grozny
[3140033] Failed to scrape lineup: https://www.transfermarkt.co.uk/kv-kortrijk_royal-antwerp-fc/index/spielbericht/3140033
[2919835] Could not find attributes for filip gacevski (Vardar Skopje, 2017)
[2919835] Failed to build match row: Vardar Skopje vs Real Sociedad de Fútbol S.A.D.
[3229511] Failed to scrape lineup: https://www.transfermarkt.co.uk/torino-fc_hellas-verona/index/spielbericht/3229511
[2578114] Could not find attributes for joe ledley (Crystal Palace Football Club, 2015)
[2578114] Failed to build match row: Crystal Palace Football Club vs Tottenham Hotspur Football Club
[2865096] Could not find attributes for ashton gotz (Roda JC Kerkrade, 2017)
[2865096] Failed to build match row: Excelsior Rotterdam vs Roda JC Kerkrade
[2949844] Failed to scrape lineup: https://www.transfermarkt.co.uk/spielbericht/index/spielbericht/2949844
[2492434] Failed to scrape lineup: https://www.transfermarkt.co.uk/spielbericht/index/spielbericht/2492434
[2772612] Could not find attributes for haris vuckic (Bradford City, 2016)
[2772612] Failed to build match row: Bradford City vs Accrington Stanley
[2323474] Could not find attributes for nenad eric (FC Astana, 2013)
[2323474] Failed to build match row: FC Astana vs Botev Plovdiv
[2341357] Failed to scrape lineup: https://www.transfermarkt.co.uk/atletico-de-madrid_rcd-espanyol-barcelona/index/spielbericht/2341357
[2349814] Failed to scrape lineup: https://www.transfermarkt.co.uk/spielbericht/index/spielbericht/2349814
[2383733] Failed to scrape lineup: https://www.transfermarkt.co.uk/spielbericht/index/spielbericht/2383733
[2583542] Failed to scrape lineup: https://www.transfermarkt.co.uk/spielbericht/index/spielbericht/2583542
[3079415] Failed to scrape lineup: https://www.transfermarkt.co.uk/cd-leganes_rayo-vallecano/index/spielbericht/3079415
[2645540] Failed to scrape lineup: https://www.transfermarkt.co.uk/ross-county-fc_kilmarnock-fc/index/spielbericht/2645540
[2754181] Failed to scrape lineup: https://www.transfermarkt.co.uk/spielbericht/index/spielbericht/2754181
[2722703] Failed to scrape lineup: https://www.transfermarkt.co.uk/bursaspor_caykur-rizespor/index/spielbericht/2722703
[3199592] Failed to scrape lineup: https://www.transfermarkt.co.uk/paris-saint-germain_olympique-lyon/index/spielbericht/3199592
[2335651] Could not find attributes for oleksandr goryainov (Metalist Kharkiv (- 2016), 2013)
[2335651] Failed to build match row: Metalist Kharkiv (- 2016) vs FK Mariupol
[3047655] Failed to scrape lineup: https://www.transfermarkt.co.uk/nimes-olympique_fc-nantes/index/spielbericht/3047655
[3140034] Could not find attributes for sander coopman (KV Oostende, 2018)
[3140034] Failed to build match row: KV Oostende vs Royal Sporting Club Anderlecht
[2331156] Could not find attributes for stoppila sunzu (FC Sochaux-Montbéliard, 2013)
[2331156] Failed to build match row: FC Sochaux-Montbéliard vs Olympique Gymnaste Club Nice Côte d'Azur
[3208791] Failed to scrape lineup: https://www.transfermarkt.co.uk/valencia-cf_villarreal-cf/index/spielbericht/3208791

Keepers & outfield error for **Paris Saint-Germain Football Club** in Paris Saint-Germain Football Club vs Olympique Gymnaste Club Nice Côte d'Azur: Numbers: 2 and 9.
[2609786] Failed to build match row: Paris Saint-Germain Football Club vs Olympique Gymnaste Club Nice Côte d'Azur
[2470278] Failed to scrape lineup: https://www.transfermarkt.co.uk/kasimpasa_galatasaray/index/spielbericht/2470278
[3082145] Could not find attributes for sergiy sitalo (Arsenal Kyiv, 2018)
[3082145] Failed to build match row: Arsenal Kyiv vs FC Oleksandriya
[3055756] Could not find attributes for arsen beglaryan (FK Liepaja, 2018)
[3055756] Failed to build match row: FK Liepaja vs BK Häcken
[3394935] Could not find attributes for mohamed ali cho (Angers Sporting Club de l'Ouest, 2020)
[3394935] Failed to build match row: Angers Sporting Club de l'Ouest vs Rennes
[2899848] Failed to scrape lineup: https://www.transfermarkt.co.uk/real-betis-balompie_ud-las-palmas/index/spielbericht/2899848
[2700791] Could not find attributes for derrick tshimanga (Willem II Tilburg, 2016)
[2700791] Failed to build match row: Feyenoord Rotterdam vs Willem II Tilburg
[2492435] Could not find attributes for karim el ahmadi (Feyenoord Rotterdam, 2014)
[2492435] Failed to build match row: Feyenoord Rotterdam vs Royal Standard Club de Liège
[2583543] Could not find attributes for andrei cordos (Asociația Fotbal Club Botoșani, 2015)
[2583543] Failed to build match row: Asociația Fotbal Club Botoșani vs FC Tskhinvali
[2718723] Failed to scrape lineup: https://www.transfermarkt.co.uk/sd-eibar_valencia-cf/index/spielbericht/2718723
[2505040] Failed to scrape lineup: https://www.transfermarkt.co.uk/motherwell-fc_celtic-fc/index/spielbericht/2505040
[2891649] Failed to scrape lineup: https://www.transfermarkt.co.uk/atromitos-athens_aok-kerkyra/index/spielbericht/2891649
[2604058] Failed to scrape lineup: https://www.transfermarkt.co.uk/juventus-fc_atalanta-bc/index/spielbericht/2604058

Keepers & outfield error for **Real Club Deportivo Mallorca S.A.D.** in Futbol Club Barcelona vs Real Club Deportivo Mallorca S.A.D.: Numbers: 2 and 9.
[3208792] Failed to build match row: Futbol Club Barcelona vs Real Club Deportivo Mallorca S.A.D.
[2772613] Could not find attributes for frazer richardson (Doncaster Rovers, 2016)
[2772613] Failed to build match row: Oldham Athletic vs Doncaster Rovers

Keepers & outfield error for **Rio Ave Futebol Clube** in Moreirense Futebol Clube vs Rio Ave Futebol Clube: Numbers: 2 and 9.
[3212625] Failed to build match row: Moreirense Futebol Clube vs Rio Ave Futebol Clube
[2697990] Failed to scrape lineup: https://www.transfermarkt.co.uk/crystal-palace_west-bromwich-albion/index/spielbericht/2697990
[2360976] Failed to scrape lineup: https://www.transfermarkt.co.uk/spielbericht/index/spielbericht/2360976
[3069599] Could not find attributes for sardor rashidov (Clube Desportivo Nacional, 2018)
[3294612] Could not find attributes for rafa parejo (CD Ebro, 2019)
[3069599] Failed to build match row: Clube Desportivo Nacional vs CD Feirense
[3294612] Failed to build match row: CD Ebro vs SD Ponferradina

Keepers & outfield error for **Clube Desportivo Nacional** in CS Marítimo vs Clube Desportivo Nacional: Numbers: 2 and 9.
[2865097] Failed to scrape lineup: https://www.transfermarkt.co.uk/heracles-almelo_fc-groningen/index/spielbericht/2865097
[3140035] Could not find attributes for ewoud pletinckx (Sportvereniging Zulte Waregem, 2018)
[2722704] Could not find attributes for abdul rahman khalili (Gençlerbirliği Spor Kulübü, 2016)
[3254885] Could not find attributes for francesco pambianchi (Virtus Francavilla Calcio, 2019)
[2526228] Failed to build match row: CS Marítimo vs Clube Desportivo Nacional

Keepers & outfield error for **Deportivo de La Coruña** in Real Betis Balompié S.A.D. vs Deportivo de La Coruña: Numbers: 2 and 9.
[2722704] Failed to build match row: Adanaspor vs Gençlerbirliği Spor Kulübü
[3140035] Failed to build match row: Sportvereniging Zulte Waregem vs Koninklijke Racing Club Genk
[2718724] Failed to build match row: Real Betis Balompié S.A.D. vs Deportivo de La Coruña
[3254885] Failed to build match row: Virtus Francavilla Calcio vs Novara Calcio 1908

Keepers & outfield error for **Real Betis Balompié S.A.D.** in Real Betis Balompié S.A.D. vs Athletic Club Bilbao: Numbers: 2 and 9.
[3208793] Failed to build match row: Real Betis Balompié S.A.D. vs Athletic Club Bilbao

Keepers & outfield error for **Paris Saint-Germain Football Club** in Paris Saint-Germain Football Club vs Rennes: Numbers: 2 and 9.
[2331157] Failed to build match row: Paris Saint-Germain Football Club vs Rennes
[2891650] Could not find attributes for arghus (Panetolikos Agrinio, 2017)
[2891650] Failed to build match row: Panetolikos Agrinio vs A.G.S Asteras Tripolis
[3229513] Could not find attributes for giacomo raspadori (Unione Sportiva Sassuolo Calcio, 2019)
[3229513] Failed to build match row: Unione Sportiva Sassuolo Calcio vs Associazione Calcio Milan
[2460526] Could not find attributes for ingvar jonsson (Stjarnan Gardabaer, 2014)
[2460526] Failed to build match row: Stjarnan Gardabaer vs Bangor City
[2583544] Could not find attributes for marius rapalis (FK Trakai, 2015)
[2583544] Failed to build match row: FK Trakai vs HB Tórshavn
[2349816] Could not find attributes for lisandro lopez (Olympique Lyonnais, 2013)
[2349816] Failed to build match row: Grasshopper Club Zürich vs Olympique Lyonnais
[2645542] Could not find attributes for ryan nektarios edwards (Partick Thistle FC, 2015)
[2645542] Failed to build match row: Aberdeen Football Club vs Partick Thistle FC
[2323475] Failed to scrape lineup: https://www.transfermarkt.co.uk/spielbericht/index/spielbericht/2323475
[3199593] Could not find attributes for yvann macon (AS Saint-Étienne, 2019)

Keepers & outfield error for **Alaves** in SD Eibar vs Alaves: Numbers: 2 and 9.
[2899850] Failed to build match row: SD Eibar vs Alaves
[3099216] Could not find attributes for morteza pouraliganji (KAS Eupen, 2018)
[3099216] Failed to build match row: SK Beveren vs KAS Eupen
[2341358] Failed to scrape lineup: https://www.transfermarkt.co.uk/real-valladolid-cf_valencia-cf/index/spielbericht/2341358
[3079416] Failed to scrape lineup: https://www.transfermarkt.co.uk/valencia-cf_fc-barcelona/index/spielbericht/3079416
[2722705] Could not find attributes for kenneth omeruo (Alanyaspor, 2016)
[2722705] Failed to build match row: Alanyaspor vs Konyaspor
[2578117] Could not find attributes for joe ledley (Crystal Palace Football Club, 2015)
[2578117] Failed to build match row: Manchester City Football Club vs Crystal Palace Football Club
[3055757] Could not find attributes for alexander angelin (BK Häcken, 2018)
[3055757] Failed to build match row: BK Häcken vs FK Liepaja
[2865098] Could not find attributes for kelechi nwakali (VVV-Venlo, 2017)
[2360977] Could not find attributes for premysl kovar (FC Slovan Liberec, 2013)
[2865098] Failed to build match row: VVV-Venlo vs Nooit Opgeven Altijd Doorzetten Aangenaam Door Vermaak En Nuttig Door Ontspanning Combinatie Breda
[2360977] Failed to build match row: FC Slovan Liberec vs Udinese Calcio
[2335652] Could not find attributes for roman pidkivka (Karpaty Lviv (-2021), 2013)
[2335652] Failed to build match row: Karpaty Lviv (-2021) vs Arsenal Kyiv
[2478800] Could not find attributes for mcdonald mariga (Parma Calcio 1913, 2014)
[2478800] Failed to build match row: Parma Calcio 1913 vs Chievo Verona
[3199594] Could not find attributes for stephy mavididi (Dijon FCO, 2019)
[3199594] Failed to build match row: Dijon FCO vs Football Club de Nantes
[2891651] Could not find attributes for jamie brandon (Heart of Midlothian Football Club, 2017)
[2891651] Failed to build match row: The Celtic Football Club vs Heart of Midlothian Football Club
[2700792] Could not find attributes for julian calor (Vitesse Arnhem, 2016)

Keepers & outfield error for **Boavista FC** in Boavista FC vs Rio Ave Futebol Clube: Numbers: 2 and 9.
[2700792] Failed to build match row: Football Club Groningen vs Vitesse Arnhem
[3069601] Failed to build match row: Boavista FC vs Rio Ave Futebol Clube

Keepers & outfield error for **SD Eibar** in SD Eibar vs Getafe Club de Fútbol S. A. D. Team Dubai: Numbers: 2 and 9.
[3208794] Failed to build match row: SD Eibar vs Getafe Club de Fútbol S. A. D. Team Dubai

Keepers & outfield error for **Trabzonspor Kulübü** in Trabzonspor Kulübü vs Akhisarspor: Numbers: 0 and 11.

Keepers & outfield error for **Futbol Club Barcelona** in Athletic Club Bilbao vs Futbol Club Barcelona: Numbers: 2 and 9.
[3082146] Could not find attributes for yevgen galchuk (FK Mariupol, 2018)
[2470279] Failed to build match row: Trabzonspor Kulübü vs Akhisarspor
[2949845] Could not find attributes for zaki oualah (Leatherhead FC, 2017)
[3082146] Failed to build match row: Futbolniy Klub Dynamo Kyiv vs FK Mariupol
na
[2949845] Failed to build match row: Leatherhead FC vs Billericay Town
[2478801] Failed to scrape lineup: https://www.transfermarkt.co.uk/ss-lazio_genoa-cfc/index/spielbericht/2478801
[2335653] Could not find attributes for libor hrdlicka (Metalurg Zaporizhya (-2016), 2013)
[2335653] Failed to build match row: Metalurg Zaporizhya (-2016) vs FK Sevastopol (- 2014)
[2728565] Failed to scrape lineup: https://www.transfermarkt.co.uk/kilmarnock-fc_dundee-fc/index/spielbericht/2728565
[2865099] Could not find attributes for erik falkenburg (ADO Den Haag, 2017)
[2865099] Failed to build match row: ADO Den Haag vs Feyenoord Rotterdam
[2621147] Could not find attributes for zazu (Arandina CF, 2015)
[2621147] Failed to build match row: Arandina CF vs CF Reus Deportiu
[2492437] Could not find attributes for matej mitrovic (Hrvatski Nogometni Klub Rijeka, 2014)
[2492437] Failed to build match row: Hrvatski Nogometni Klub Rijeka vs Feyenoord Rotterdam
[2470280] Failed to scrape lineup: https://www.transfermarkt.co.uk/mersin-idmanyurdu_gaziantepspor/index/spielbericht/2470280
[2700793] Failed to scrape lineup: https://www.transfermarkt.co.uk/fc-utrecht_ajax-amsterdam/index/spielbericht/2700793
[2331159] Failed to scrape lineup: https://www.transfermarkt.co.uk/fc-girondins-bordeaux_olympique-marseille/index/spielbericht/2331159
[3082147] Failed to scrape lineup: https://www.transfermarkt.co.uk/vorskla-poltava_shakhtar-donetsk/index/spielbericht/3082147

Keepers & outfield error for **Alaves** in Alaves vs Sporting Gijón: Numbers: 2 and 9.
[2772614] Could not find attributes for reda johnson (Eastleigh FC, 2016)
[2718726] Failed to build match row: Alaves vs Sporting Gijón
[2772614] Failed to build match row: Eastleigh FC vs Swindon Town
[3208795] Failed to scrape lineup: https://www.transfermarkt.co.uk/granada-cf_deportivo-alaves/index/spielbericht/3208795
[3069602] Could not find attributes for flavio ramos (CD Feirense, 2018)
[3069602] Failed to build match row: CD Feirense vs Moreirense Futebol Clube
[2722706] Could not find attributes for badou ndiaye (Ankaraspor, 2016)

Keepers & outfield error for **Rayo Vallecano de Madrid S. A. D.** in Rayo Vallecano de Madrid S. A. D. vs Real Betis Balompié S.A.D.: Numbers: 0 and 11.
[2722706] Failed to build match row: Ankaraspor vs Kardemir Karabükspor
[2341359] Failed to build match row: Rayo Vallecano de Madrid S. A. D. vs Real Betis Balompié S.A.D.
[2593971] Could not find attributes for djakaridja kone (Sivasspor, 2015)
[2335654] Could not find attributes for maksym koval (Futbolniy Klub Dynamo Kyiv, 2013)
[2593971] Failed to build match row: Sivasspor vs Trabzonspor Kulübü
[2335654] Failed to build match row: Futbolniy Klub Dynamo Kyiv vs Chornomorets Odesa
[2609788] Could not find attributes for kamil grosicki (Rennes, 2015)
[2609788] Failed to build match row: Rennes vs Stade Reims
[2492438] Failed to scrape lineup: https://www.transfermarkt.co.uk/spielbericht/index/spielbericht/2492438
[2383735] Failed to scrape lineup: https://www.transfermarkt.co.uk/spielbericht/index/spielbericht/2383735
[2700794] Could not find attributes for hicham faik (Excelsior Rotterdam, 2016)
[2700794] Failed to build match row: Excelsior Rotterdam vs Go Ahead Eagles
[2331160] Could not find attributes for itay shechter (Football Club de Nantes, 2013)
[2883870] Could not find attributes for anil karaer (Ankaraspor, 2017)
-Étienne
2013)
[2891823] Could not find attributes for ludovic baal (Rennes, 2017)
[2754183] Failed to scrape lineup: https://www.transfermarkt.co.uk/spielbericht/index/spielbericht/2754183
[3055758] Failed to scrape lineup: https://www.transfermarkt.co.uk/spielbericht/index/spielbericht/3055758
[3212626] Could not find attributes for fali cande (Portimonense SC, 2019)
[2323729] Failed to build match row: Anzhi Makhachkala ( -2022) vs Футбольный клуб "Локомотив" Москва
[3212626] Failed to build match row: Clube Desportivo Santa Clara vs Portimonense SC
[2883870] Failed to build match row: Antalyaspor vs Ankaraspor
[2891823] Failed to build match row: Rennes vs Olympique Lyonnais
[3099218] Could not find attributes for frank boya (Royal Excel Mouscron (-2022), 2018)

Keepers & outfield error for **Real Valladolid CF** in Real Valladolid CF vs SD Huesca: Numbers: 2 and 9.
[3082148] Failed to scrape lineup: https://www.transfermarkt.co.uk/pfc-lviv_olimpik-donetsk/index/spielbericht/3082148
[3099218] Failed to build match row: Royal Excel Mouscron (-2022) vs KV Kortrijk
[3079419] Failed to build match row: Real Valladolid CF vs SD Huesca
[2865100] Could not find attributes for yassin ayoub (Football Club Utrecht, 2017)
[2593972] Failed to scrape lineup: https://www.transfermarkt.co.uk/konyaspor_genclerbirligi-ankara/index/spielbericht/2593972
[2865100] Failed to build match row: AFC Ajax Amsterdam vs Football Club Utrecht
[2335655] Failed to scrape lineup: https://www.transfermarkt.co.uk/goverla-uzhgorod-2016-_metalurg-zaporizhya-2016-/index/spielbericht/2335655
[2872437] Failed to scrape lineup: https://www.transfermarkt.co.uk/brighton-amp-hove-albion_huddersfield-town/index/spielbericht/2872437
[2609789] Failed to scrape lineup: https://www.transfermarkt.co.uk/fc-toulouse_sm-caen/index/spielbericht/2609789

Keepers & outfield error for **Associazione Calcio Milan** in Juventus Football Club vs Associazione Calcio Milan: Numbers: 2 and 9.
[2478802] Failed to build match row: Juventus Football Club vs Associazione Calcio Milan
[3069603] Could not find attributes for rafa silva (Sport Lisboa e Benfica, 2018)
[3069603] Failed to build match row: Sport Lisboa e Benfica vs GD Chaves
[2700795] Failed to scrape lineup: https://www.transfermarkt.co.uk/nec-nijmegen_roda-jc-kerkrade/index/spielbericht/2700795
[3223042] Could not find attributes for farouk miya (Konyaspor, 2019)
[2949846] Could not find attributes for dean wells (Boreham Wood FC, 2017)
[3223042] Failed to build match row: Denizlispor vs Konyaspor
[2949846] Failed to build match row: Boreham Wood FC vs Blackpool FC

Keepers & outfield error for **CD Leganés** in CD Leganés vs Club Atlético de Madrid S.A.D.: Numbers: 2 and 9.
[2718727] Failed to build match row: CD Leganés vs Club Atlético de Madrid S.A.D.
[2360978] Could not find attributes for giorgi loria (Dinamo Tbilisi, 2013)
[2331161] Failed to scrape lineup: https://www.transfermarkt.co.uk/stade-reims_fc-evian-thonon-gaillard/index/spielbericht/2331161
[2360978] Failed to build match row: Tottenham Hotspur Football Club vs Dinamo Tbilisi
[3208797] Could not find attributes for nemanja radoja (Levante Unión Deportiva S.A.D., 2019)
[3208797] Failed to build match row: Levante Unión Deportiva S.A.D. vs Valencia Club de Fútbol S. A. D.
[2492439] Could not find attributes for karim el ahmadi (Feyenoord Rotterdam, 2014)
[2492439] Failed to build match row: Feyenoord Rotterdam vs Hrvatski Nogometni Klub Rijeka
[2700796] Failed to scrape lineup: https://www.transfermarkt.co.uk/psv-eindhoven_sc-heerenveen/index/spielbericht/2700796
[3047660] Could not find attributes for kalidou sidibe (Toulouse Football Club, 2018)
[3047660] Failed to build match row: Toulouse Football Club vs Olympique Lyonnais

Keepers & outfield error for **Rio Ave Futebol Clube** in Rio Ave Futebol Clube vs Sport Lisboa e Benfica: Numbers: 2 and 9.
[3212627] Failed to build match row: Rio Ave Futebol Clube vs Sport Lisboa e Benfica

Keepers & outfield error for **Olympique de Marseille** in Football Club de Nantes vs Olympique de Marseille: Numbers: 2 and 9.
[2891824] Failed to build match row: Football Club de Nantes vs Olympique de Marseille
[2470281] Failed to scrape lineup: https://www.transfermarkt.co.uk/balikesirspor_eskisehirspor/index/spielbericht/2470281
[3082149] Could not find attributes for oleksandr bandura (PFK Lviv, 2018)
[3082149] Failed to build match row: FC Shakhtar Donetsk vs PFK Lviv
[3055759] Could not find attributes for sergey lepmets (FCI Levadia, 2018)
[3055759] Failed to build match row: Dundalk FC vs FCI Levadia
[2697992] Failed to scrape lineup: https://www.transfermarkt.co.uk/hull-city_leicester-city/index/spielbericht/2697992
[3199597] Failed to scrape lineup: https://www.transfermarkt.co.uk/ogc-nice_nimes-olympique/index/spielbericht/3199597
[2331162] Failed to scrape lineup: https://www.transfermarkt.co.uk/as-monaco_ea-guingamp/index/spielbericht/2331162
[2604060] Failed to scrape lineup: https://www.transfermarkt.co.uk/ac-milan_us-sassuolo/index/spielbericht/2604060
[2478803] Could not find attributes for mato jajalo (Palermo FC, 2014)
[2383736] Failed to scrape lineup: https://www.transfermarkt.co.uk/spielbericht/index/spielbericht/2383736
[2865101] Could not find attributes for terell ondaan (Prins Hendrik Ende Desespereert Nimmer Combinatie Zwolle, 2017)
[2482427] Could not find attributes for thibault giresse (EA Guingamp, 2014)
[2360979] Could not find attributes for maksym koval (Futbolniy Klub Dynamo Kyiv, 2013)
[2482427] Failed to build match row: EA Guingamp vs Thonon Évian Grand Genève FC
[2478803] Failed to build match row: Football Club Internazionale Milano S.p.A. vs Palermo FC
[2335656] Could not find attributes for damir kahriman (SK Tavriya Simferopol ( - 2022), 2013)
[2865101] Failed to build match row: Vitesse Arnhem vs Prins Hendrik Ende Desespereert Nimmer Combinatie Zwolle
[2360979] Failed to build match row: Futbolniy Klub Dynamo Kyiv vs FK Aktobe
[2335656] Failed to build match row: SK Tavriya Simferopol ( - 2022) vs FC Shakhtar Donetsk
[2492440] Could not find attributes for karim el ahmadi (Feyenoord Rotterdam, 2014)
[2593973] Could not find attributes for berkan emir (Kayserispor Kulübü, 2015)
[2492440] Failed to build match row: Feyenoord Rotterdam vs Sevilla Fútbol Club S.A.D.
[2593973] Failed to build match row: Kayserispor Kulübü vs Çaykur Rizespor Kulübü

Keepers & outfield error for **Olympique Lyonnais** in Football Club de Nantes vs Olympique Lyonnais: Numbers: 2 and 9.
[2323731] Could not find attributes for joaozinho (FK Krasnodar, 2013)
[2323731] Failed to build match row: FK Krasnodar vs AO FK Zenit Sankt-Peterburg

[3212628] Could not find attributes for rodrigao (Gil Vicente Futebol Clube, 2019)
[3212628] Failed to build match row: CS Marítimo vs Gil Vicente Futebol Clube
[2883871] Could not find attributes for sergiy rybalka (Sivasspor, 2017)
[2883871] Failed to build match row: Sivasspor vs Göztepe Sportif Yatırımlar A.Ş.
[2621148] Could not find attributes for david serrano (Girona Fútbol Club S. A. D., 2015)
[2621148] Failed to build match row: Gimnàstic de Tarragona vs Girona Fútbol Club S. A. D.
[3082150] Failed to scrape lineup: https://www.transfermarkt.co.uk/fk-mariupol_vorskla-poltava/index/spielbericht/3082150
[3294613] Could not find attributes for julio iricibar (UCAM Murcia CF, 2019)
[2383886] Failed to scrape lineup: https://www.transfermarkt.co.uk/spielbericht/index/spielbericht/2383886
[3294613] Failed to build match row: UCAM Murcia CF vs CD Mirandés
[3099220] Failed to scrape lineup: https://www.transfermarkt.co.uk/kaa-gent_sint-truidense-vv/index/spielbericht/3099220
[2700797] Could not find attributes for derrick tshimanga (Willem II Tilburg, 2016)
[2700797] Failed to build match row: Willem II Tilburg vs Sparta Rotterdam
[2478804] Failed to scrape lineup: https://www.transfermarkt.co.uk/cagliari-calcio_as-roma/index/spielbericht/2478804

Keepers & outfield error for **Real Betis Balompié S.A.D.** in Real Betis Balompié S.A.D. vs Real Valladolid CF: Numbers: 2 and 9.
[3079422] Failed to build match row: Real Betis Balompié S.A.D. vs Real Valladolid CF
Not enough players found for lineup: 0, 0.
[2492441] Failed to scrape lineup: https://www.transfermarkt.co.uk/spielbericht/index/spielbericht/2492441
[2341361] Failed to scrape lineup: https://www.transfermarkt.co.uk/granada-cf_rayo-vallecano/index/spielbericht/2341361
[2722707] Could not find attributes for bruno mota (Gaziantepspor (- 2020), 2016)
[2722707] Failed to build match row: Gaziantepspor (- 2020) vs Akhisarspor
[2949847] Failed to scrape lineup: https://www.transfermarkt.co.uk/spielbericht/index/spielbericht/2949847
[2578119] Could not find attributes for vito mannone (Sunderland Association Football Club, 2015)
[2578119] Failed to build match row: Sunderland Association Football Club vs Manchester City Football Club
[3208798] Failed to scrape lineup: https://www.transfermarkt.co.uk/ca-osasuna_sevilla-fc/index/spielbericht/3208798
[3394941] Could not find attributes for trevoh chalobah (Football Club Lorient-Bretagne Sud, 2020)
[3394941] Failed to build match row: Olympique de Marseille vs Football Club Lorient-Bretagne Sud
[2482428] Could not find attributes for ferjani sassi (Football Club de Metz, 2014)
[2482428] Failed to build match row: Football Club de Metz vs Racing Club de Lens
[3212629] Could not find attributes for ivo pinto (Futebol Clube de Famalicão, 2019)
[3212629] Failed to build match row: Futebol Clube de Famalicão vs Sporting Clube de Braga
[3140036] Could not find attributes for olivier deschacht (KSC Lokeren (- 2020), 2018)
[2350363] Failed to scrape lineup: https://www.transfermarkt.co.uk/west-bromwich-albion_southampton-fc/index/spielbericht/2350363
[3140036] Failed to build match row: KSC Lokeren (- 2020) vs Cercle Brugge Koninklijke Sportvereniging
[2728568] Could not find attributes for ryan nektarios edwards (Partick Thistle FC, 2016)
[2728568] Failed to build match row: Heart of Midlothian Football Club vs Partick Thistle FC
[3055760] Could not find attributes for evgeniy kobozev (FC Pyunik Yerevan, 2018)
[3055760] Failed to build match row: FC Pyunik Yerevan vs Vardar Skopje
[3082151] Could not find attributes for yuriy pankiv (FC Oleksandriya, 2018)
[3082151] Failed to build match row: FC Oleksandriya vs Futbolniy Klub Dynamo Kyiv
[3223043] Could not find attributes for afriyie acquah (Yeni Malatyaspor, 2019)
[3223043] Failed to build match row: MKE Ankaragücü vs Yeni Malatyaspor
[2593974] Could not find attributes for sabri sarioglu (Galatasaray Spor Kulübü, 2015)
[2593974] Failed to build match row: Galatasaray Spor Kulübü vs Eskisehirspor
[3199599] Could not find attributes for jimmy briand (FC Girondins Bordeaux, 2019)
[3199599] Failed to build match row: Football Club de Metz vs FC Girondins Bordeaux
[2700798] Could not find attributes for rochdi achenteh (Go Ahead Eagles, 2016)
[2700798] Failed to build match row: Go Ahead Eagles vs Football Club Utrecht
[2470282] Failed to scrape lineup: https://www.transfermarkt.co.uk/sivasspor_bursaspor/index/spielbericht/2470282

Keepers & outfield error for **Real Betis Balompié S.A.D.** in Real Betis Balompié S.A.D. vs Real Sociedad de Fútbol S.A.D.: Numbers: 2 and 9.
[2341362] Failed to build match row: Real Betis Balompié S.A.D. vs Real Sociedad de Fútbol S.A.D.
[2360980] Could not find attributes for vjekoslav tomic (FC Sheriff Tiraspol, 2013)
[2360980] Failed to build match row: FC Sheriff Tiraspol vs Fudbalski Klub Vojvodina
[2331164] Failed to scrape lineup: https://www.transfermarkt.co.uk/stade-rennais-fc_fc-lorient/index/spielbericht/2331164

Keepers & outfield error for **Fenerbahçe Spor Kulübü** in Fenerbahçe Spor Kulübü vs Beşiktaş Jimnastik Kulübü: Numbers: 0 and 11.
[3069604] Could not find attributes for rene santos (CS Marítimo, 2018)
[2883872] Failed to build match row: Fenerbahçe Spor Kulübü vs Beşiktaş Jimnastik Kulübü
[3069604] Failed to build match row: CS Marítimo vs Sporting Clube de Portugal

Keepers & outfield error for **Verona Hellas Football Club** in UC Sampdoria vs Verona Hellas Football Club: Numbers: 0 and 11.
[2865124] Could not find attributes for jens janse (VVV-Venlo, 2017)
[2604062] Failed to build match row: UC Sampdoria vs Verona Hellas Football Club
[2865124] Failed to build match row: Feyenoord Rotterdam vs VVV-Venlo
Not enough players found for lineup: 11, 0.
[3082152] Failed to scrape lineup: https://www.transfermarkt.co.uk/chornomorets-odessa_arsenal-kyiv/index/spielbericht/3082152

Keepers & outfield error for **Alaves** in UD Las Palmas vs Alaves: Numbers: 2 and 9.
[2899851] Failed to build match row: UD Las Palmas vs Alaves
[2335657] Failed to scrape lineup: https://www.transfermarkt.co.uk/metalist-kharkiv-2016-_volyn-lutsk/index/spielbericht/2335657
[2482429] Could not find attributes for rod fanni (Olympique de Marseille, 2014)
[2482429] Failed to build match row: Football Club de Nantes vs Olympique de Marseille

Keepers & outfield error for **Málaga CF** in Málaga CF vs Villarreal Club de Fútbol S.A.D.: Numbers: 0 and 11.
[2718730] Failed to build match row: Málaga CF vs Villarreal Club de Fútbol S.A.D.
[3394942] Could not find attributes for trevoh chalobah (Football Club Lorient-Bretagne Sud, 2020)
[3047690] Failed to scrape lineup: https://www.transfermarkt.co.uk/sm-caen_fc-toulouse/index/spielbericht/3047690
[3394942] Failed to build match row: Football Club Lorient-Bretagne Sud vs FC Girondins Bordeaux

Keepers & outfield error for **FC Paços de Ferreira** in FC Paços de Ferreira vs B SAD: Numbers: 3 and 8.
[3212630] Failed to build match row: FC Paços de Ferreira vs B SAD
[2621149] Failed to scrape lineup: https://www.transfermarkt.co.uk/spielbericht/index/spielbericht/2621149

Keepers & outfield error for **Sporting Clube de Braga** in Sporting Clube de Braga vs CF Os Belenenses: Numbers: 2 and 9.
[2526229] Failed to build match row: Sporting Clube de Braga vs CF Os Belenenses

Keepers & outfield error for **Royal Charleroi Sporting Club** in Royal Charleroi Sporting Club vs KAS Eupen: Numbers: 2 and 9.
[3140037] Failed to build match row: Royal Charleroi Sporting Club vs KAS Eupen
[2609792] Could not find attributes for thibault giresse (EA Guingamp, 2015)
[2609792] Failed to build match row: EA Guingamp vs Paris Saint-Germain Football Club
[2460527] Could not find attributes for adrien portier (Jeunesse Esch, 2014)
[2460527] Failed to build match row: Jeunesse Esch vs Dundalk FC
[2470283] Could not find attributes for marcio mossoro (İstanbul Başakşehir Futbol Kulübü, 2014)
[2470283] Failed to build match row: İstanbul Başakşehir Futbol Kulübü vs Gençlerbirliği Spor Kulübü
[2383888] Failed to scrape lineup: https://www.transfermarkt.co.uk/spielbericht/index/spielbericht/2383888

Keepers & outfield error for **The Celtic Football Club** in Dundee Football Club vs The Celtic Football Club: Numbers: 2 and 9.
[3079423] Failed to scrape lineup: https://www.transfermarkt.co.uk/celta-de-vigo_deportivo-alaves/index/spielbericht/3079423
[2645543] Failed to build match row: Dundee Football Club vs The Celtic Football Club

Keepers & outfield error for **Real Madrid Club de Fútbol** in Real Madrid Club de Fútbol vs Club Atlético Osasuna: Numbers: 2 and 9.
[2341363] Failed to build match row: Real Madrid Club de Fútbol vs Club Atlético Osasuna
[2492442] Failed to scrape lineup: https://www.transfermarkt.co.uk/spielbericht/index/spielbericht/2492442

Keepers & outfield error for **UD Las Palmas** in Sevilla Fútbol Club S.A.D. vs UD Las Palmas: Numbers: 2 and 9.
[2718731] Failed to build match row: Sevilla Fútbol Club S.A.D. vs UD Las Palmas
[3294614] Could not find attributes for adalberto carrasquilla (FC Cartagena, 2019)
[2697994] Failed to scrape lineup: https://www.transfermarkt.co.uk/middlesbrough-fc_stoke-city/index/spielbericht/2697994
0
[3082153] Could not find attributes for oleg boroday (Karpaty Lviv (-2021), 2018)

Keepers & outfield error for **Futebol Clube do Porto** in Clube Desportivo de Tondela vs Futebol Clube do Porto: Numbers: 2 and 9.
[3294614] Failed to build match row: FC Cartagena vs Girona Fútbol Club S. A. D.
[3082153] Failed to build match row: Karpaty Lviv (-2021) vs Desna Chernigiv
[3069605] Failed to build match row: Clube Desportivo de Tondela vs Futebol Clube do Porto
[2949848] Could not find attributes for freddie grant (Oxford City, 2017)
[2949848] Failed to build match row: Colchester United vs Oxford City
[2335658] Could not find attributes for dmytro bezotosnyi (Chornomorets Odesa, 2013)
[2478806] Could not find attributes for cesare bovo (Torino Calcio, 2014)
[2335658] Failed to build match row: Chornomorets Odesa vs Metalurg Donetsk (- 2015)
[2478806] Failed to build match row: Verona Hellas Football Club vs Torino Calcio
[3223044] Failed to scrape lineup: https://www.transfermarkt.co.uk/trabzonspor_genclerbirligi-ankara/index/spielbericht/3223044
[2872440] Failed to scrape lineup: https://www.transfermarkt.co.uk/leicester-city_newcastle-united/index/spielbericht/2872440
[2772617] Could not find attributes for kaby (Crawley Town, 2016)
[2700799] Could not find attributes for samuel armenteros (Heracles Almelo, 2016)
[2772617] Failed to build match row: Crawley Town vs Bristol Rovers
[3047691] Could not find attributes for julio tavares (Dijon FCO, 2018)
[2700799] Failed to build match row: Heracles Almelo vs Eindhovense Voetbalvereniging Philips Sport Vereniging
[2593975] Failed to scrape lineup: https://www.transfermarkt.co.uk/akhisar-belediyespor_antalyaspor/index/spielbericht/2593975
[3047691] Failed to build match row: Dijon FCO vs Paris Saint-Germain Football Club

Keepers & outfield error for **Kayserispor Kulübü** in Kayserispor Kulübü vs Trabzonspor Kulübü: Numbers: 2 and 9.
[2645544] Could not find attributes for guy demel (Dundee United Football Club, 2015)
[2919837] Failed to scrape lineup: https://www.transfermarkt.co.uk/spielbericht/index/spielbericht/2919837
[2645544] Failed to build match row: Heart of Midlothian Football Club vs Dundee United Football Club
[2754186] Failed to scrape lineup: https://www.transfermarkt.co.uk/spielbericht/index/spielbericht/2754186
[2722709] Failed to build match row: Kayserispor Kulübü vs Trabzonspor Kulübü
[3199600] Failed to scrape lineup: https://www.transfermarkt.co.uk/rc-strasbourg-alsace_stade-reims/index/spielbericht/3199600

Keepers & outfield error for **Levante Unión Deportiva S.A.D.** in Levante Unión Deportiva S.A.D. vs Club Atlético de Madrid S.A.D.: Numbers: 2 and 9.
[2341364] Failed to build match row: Levante Unión Deportiva S.A.D. vs Club Atlético de Madrid S.A.D.
[2470284] Could not find attributes for emre tasdemir (Bursaspor, 2014)
[2470284] Failed to build match row: Bursaspor vs Kayseri Erciyesspor
[3229518] Could not find attributes for nicolo rovella (Genoa Cricket and Football Club, 2019)
[3140998] Failed to scrape lineup: https://www.transfermarkt.co.uk/spielbericht/index/spielbericht/3140998
[3082154] Failed to scrape lineup: https://www.transfermarkt.co.uk/olimpik-donetsk_zorya-lugansk/index/spielbericht/3082154
[2609793] Could not find attributes for morgan amalfitano (Lille Olympique Sporting Club, 2015)
[3229518] Failed to build match row: Genoa Cricket and Football Club vs Football Club Internazionale Milano S.p.A.
[2360981] Could not find attributes for mircea bornescu (Fotbal Club Petrolul Ploiești, 2013)

Keepers & outfield error for **Desportivo Aves (- 2020)** in Desportivo Aves (- 2020) vs Futebol Clube do Porto: Numbers: 0 and 11.
[2609793] Failed to build match row: Lille Olympique Sporting Club vs Association sportive de Monaco Football Club
[2360981] Failed to build match row: Fotbal Club Petrolul Ploiești vs Swansea City
[3212631] Failed to build match row: Desportivo Aves (- 2020) vs Futebol Clube do Porto
[2883874] Could not find attributes for jires kembo ekoko (Bursaspor, 2017)

Keepers & outfield error for **Rio Ave Futebol Clube** in Rio Ave Futebol Clube vs Vitória Sport Clube: Numbers: 0 and 11.
[2883874] Failed to build match row: Bursaspor vs Galatasaray Spor Kulübü
[2526230] Failed to build match row: Rio Ave Futebol Clube vs Vitória Sport Clube
[3208800] Failed to scrape lineup: https://www.transfermarkt.co.uk/villarreal-cf_atletico-de-madrid/index/spielbericht/3208800
[2865125] Failed to scrape lineup: https://www.transfermarkt.co.uk/nac-breda_ajax-amsterdam/index/spielbericht/2865125
[2621151] Failed to scrape lineup: https://www.transfermarkt.co.uk/spielbericht/index/spielbericht/2621151
[3394943] Could not find attributes for etienne green (AS Saint-Étienne, 2020)
[3394943] Failed to build match row: AS Saint-Étienne vs Stade brestois 29
[2899852] Could not find attributes for mathieu flamini (Getafe Club de Fútbol S. A. D. Team Dubai, 2017)
[2899852] Failed to build match row: Valencia Club de Fútbol S. A. D. vs Getafe Club de Fútbol S. A. D. Team Dubai
[2919838] Failed to scrape lineup: https://www.transfermarkt.co.uk/spielbericht/index/spielbericht/2919838
[2593976] Could not find attributes for ryan donk (Kasımpaşa A.Ş., 2015)
[2593976] Failed to build match row: Beşiktaş Jimnastik Kulübü vs Kasımpaşa A.Ş.
[2718732] Could not find attributes for andreas pereira (Granada CF, 2016)
[2341365] Failed to scrape lineup: https://www.transfermarkt.co.uk/elche-cf_fc-barcelona/index/spielbericht/2341365
[3047692] Could not find attributes for pedro rebocho (EA Guingamp, 2018)
[2470285] Failed to scrape lineup: https://www.transfermarkt.co.uk/akhisar-belediyespor_gaziantepspor/index/spielbericht/2470285
[2718732] Failed to build match row: Granada CF vs SD Eibar
[3047692] Failed to build match row: EA Guingamp vs Rennes
[2460528] Could not find attributes for kassim doumbia (FH Hafnarfjördur, 2014)
[2460528] Failed to build match row: FH Hafnarfjördur vs Glenavon FC

Keepers & outfield error for **Sporting Clube de Braga** in Sporting Clube de Braga vs B SAD: Numbers: 0 and 11.
[3069606] Failed to build match row: Sporting Clube de Braga vs B SAD
[2604063] Could not find attributes for nicolas castillo (Frosinone Calcio, 2015)
[2604063] Failed to build match row: Udinese Calcio vs Frosinone Calcio
[2492443] Could not find attributes for matej mitrovic (Hrvatski Nogometni Klub Rijeka, 2014)
[2492443] Failed to build match row: Sevilla Fútbol Club S.A.D. vs Hrvatski Nogometni Klub Rijeka
[3083052] Could not find attributes for anton shunin (FK Dinamo Moskva, 2018)
[3083052] Failed to build match row: FK Dinamo Moskva vs FC Rubin Kazan
[3099223] Could not find attributes for morteza pouraliganji (KAS Eupen, 2018)
[3099223] Failed to build match row: KAS Eupen vs KV Oostende
[2383889] Failed to scrape lineup: https://www.transfermarkt.co.uk/spielbericht/index/spielbericht/2383889
[2865126] Failed to scrape lineup: https://www.transfermarkt.co.uk/willem-ii-tilburg_sparta-rotterdam/index/spielbericht/2865126
[2609794] Could not find attributes for casimir ninga (Montpellier HSC, 2015)
[2609794] Failed to build match row: Montpellier HSC vs Olympique Lyonnais
[2697995] Could not find attributes for jose cholevas (Watford FC, 2016)
[2697995] Failed to build match row: Southampton FC vs Watford FC
[3083053] Could not find attributes for elmir nabiullin (AO FK Zenit Sankt-Peterburg, 2018)
[3083053] Failed to build match row: AO FK Zenit Sankt-Peterburg vs Arsenal Tula
[3140999] Could not find attributes for nemanja gudelj (Sporting Clube de Portugal, 2018)
[3140999] Failed to build match row: Sporting Clube de Braga vs Sporting Clube de Portugal
[2505043] Could not find attributes for jack baird (Saint Mirren Football Club, 2014)
[2505043] Failed to build match row: Saint Mirren Football Club vs St. Johnstone FC
[2482431] Could not find attributes for david ngog (Stade Reims, 2014)
[2482431] Failed to build match row: SC Bastia vs Stade Reims
[2526231] Could not find attributes for ezequiel calvente (FC Penafiel, 2014)
[2526231] Failed to build match row: Clube Desportivo Nacional vs FC Penafiel
[2335659] Could not find attributes for denys boyko (Dnipro Dnipropetrovsk (-2020), 2013)
[2700800] Could not find attributes for hicham faik (Excelsior Rotterdam, 2016)
[2335659] Failed to build match row: Dnipro Dnipropetrovsk (-2020) vs Goverla Uzhgorod (- 2016)
[2700800] Failed to build match row: Roda JC Kerkrade vs Excelsior Rotterdam
[2645546] Could not find attributes for eiji kawashima (Dundee United Football Club, 2015)
[2360982] Could not find attributes for robert orn oskarsson (FH Hafnarfjördur, 2013)
[2645546] Failed to build match row: Dundee Football Club vs Dundee United Football Club
[2360982] Failed to build match row: Koninklijke Racing Club Genk vs FH Hafnarfjördur

Keepers & outfield error for **Real Sociedad de Fútbol S.A.D.** in Real Valladolid CF vs Real Sociedad de Fútbol S.A.D.: Numbers: 2 and 9.
[2722711] Could not find attributes for jan durica (Trabzonspor Kulübü, 2016)
[2722711] Failed to build match row: Trabzonspor Kulübü vs Adanaspor
[3208801] Failed to build match row: Real Valladolid CF vs Real Sociedad de Fútbol S.A.D.
[2893175] Could not find attributes for jan lastuvka (SK Slavia Praha, a.s., 2017)
[2893175] Failed to build match row: SK Slavia Praha, a.s. vs BATE Borisov
terinburg_cska-moscow/index/spielbericht/2323735
[2718733] Could not find attributes for darko brasanac (Real Betis Balompié S.A.D., 2016)
[2865127] Could not find attributes for nasser el khayati (ADO Den Haag, 2017)
[2718733] Failed to build match row: Valencia Club de Fútbol S. A. D. vs Real Betis Balompié S.A.D.
[2865127] Failed to build match row: ADO Den Haag vs Heracles Almelo
[2772618] Could not find attributes for dan harding (Whitehawk FC, 2016)
[3079424] Failed to scrape lineup: https://www.transfermarkt.co.uk/sd-eibar_athletic-bilbao/index/spielbericht/3079424
[2772618] Failed to build match row: Whitehawk FC vs Stourbridge FC
[3255915] Could not find attributes for luis ribeiro (FC Penafiel, 2019)
[3255915] Failed to build match row: FC Penafiel vs FC Paços de Ferreira
[3099224] Could not find attributes for olivier deschacht (KSC Lokeren (- 2020), 2018)
[3099224] Failed to build match row: KSC Lokeren (- 2020) vs Royal Excel Mouscron (-2022)
[3069607] Could not find attributes for ponck (Desportivo Aves (- 2020), 2018)
[3069607] Failed to build match row: Portimonense SC vs Desportivo Aves (- 2020)
[2478807] Failed to scrape lineup: https://www.transfermarkt.co.uk/ssc-napoli_udinese-calcio/index/spielbericht/2478807

Keepers & outfield error for **Celta** in Celta vs Sevilla Fútbol Club S.A.D.: Numbers: 0 and 11.
[2899854] Failed to build match row: Celta vs Sevilla Fútbol Club S.A.D.
[2460529] Could not find attributes for mihhail starodubtsev (JK Sillamäe Kalev, 2014)
[2460529] Failed to build match row: JK Sillamäe Kalev vs FC Honka

Keepers & outfield error for **Elche Club de Fútbol S.A.D.** in Málaga CF vs Elche Club de Fútbol S.A.D.: Numbers: 0 and 11.
[2341366] Failed to build match row: Málaga CF vs Elche Club de Fútbol S.A.D.
[2331167] Failed to scrape lineup: https://www.transfermarkt.co.uk/olympique-lyon_sc-bastia/index/spielbericht/2331167
[2335660] Could not find attributes for roman pidkivka (Karpaty Lviv (-2021), 2013)
[2335660] Failed to build match row: Karpaty Lviv (-2021) vs FC Zorya Lugansk
[3223046] Could not find attributes for aminu umar (Çaykur Rizespor Kulübü, 2019)
[3223046] Failed to build match row: Çaykur Rizespor Kulübü vs Göztepe Sportif Yatırımlar A.Ş.
[2360983] Could not find attributes for armantas vitkauskas (FK Zalgiris Vilnius, 2013)
[2360983] Failed to build match row: FK Zalgiris Vilnius vs Fußballclub Red Bull Salzburg
[3055761] Could not find attributes for filip gacevski (Vardar Skopje, 2018)
[3055761] Failed to build match row: Vardar Skopje vs FC Pyunik Yerevan
[2578123] Could not find attributes for christian fuchs (Leicester City, 2015)
[2578123] Failed to build match row: Leicester City vs Liverpool Football Club
[3212632] Failed to scrape lineup: https://www.transfermarkt.co.uk/boavista-fc_vitoria-setubal-fc/index/spielbericht/3212632
[3199605] Could not find attributes for jimmy briand (FC Girondins Bordeaux, 2019)
[3199605] Failed to build match row: FC Girondins Bordeaux vs Dijon FCO
[3229519] Failed to scrape lineup: https://www.transfermarkt.co.uk/hellas-verona_ss-lazio/index/spielbericht/3229519
[2872443] Could not find attributes for etienne capoue (Watford FC, 2017)
[2872443] Failed to build match row: Watford FC vs Burnley Football Club
[2949849] Could not find attributes for martyn woolford (Grimsby Town, 2017)
[2949849] Failed to build match row: Plymouth Argyle vs Grimsby Town
[3394945] Failed to scrape lineup: https://www.transfermarkt.co.uk/olympique-lyon_losc-lille/index/spielbericht/3394945
[3223047] Failed to scrape lineup: https://www.transfermarkt.co.uk/galatasaray_kasimpasa/index/spielbericht/3223047
[2609795] Could not find attributes for paul baysse (Olympique Gymnaste Club Nice Côte d'Azur, 2015)
[2609795] Failed to build match row: Olympique Gymnaste Club Nice Côte d'Azur vs Rennes

Keepers & outfield error for **Aberdeen Football Club** in Dundee United Football Club vs Aberdeen Football Club: Numbers: 0 and 11.
[2505044] Failed to build match row: Dundee United Football Club vs Aberdeen Football Club
[2645547] Could not find attributes for jozo simunovic (The Celtic Football Club, 2015)
[2593977] Failed to scrape lineup: https://www.transfermarkt.co.uk/bursaspor_sivasspor/index/spielbericht/2593977
[2645547] Failed to build match row: The Celtic Football Club vs Partick Thistle FC
[2728573] Could not find attributes for tom hateley (Dundee Football Club, 2016)
[2919839] Failed to scrape lineup: https://www.transfermarkt.co.uk/spielbericht/index/spielbericht/2919839
[2728573] Failed to build match row: The Celtic Football Club vs Dundee Football Club
[2583545] Could not find attributes for hrvoje plazanic (Europa FC, 2015)
[2754188] Failed to scrape lineup: https://www.transfermarkt.co.uk/spielbericht/index/spielbericht/2754188
[2583545] Failed to build match row: Europa FC vs Slovan Bratislava
[2360984] Failed to scrape lineup: https://www.transfermarkt.co.uk/spielbericht/index/spielbericht/2360984

Keepers & outfield error for **Bologna Football Club 1909** in Bologna Football Club 1909 vs Football Club Internazionale Milano S.p.A.: Numbers: 0 and 11.
[2718735] Failed to scrape lineup: https://www.transfermarkt.co.uk/fc-barcelona_deportivo-alaves/index/spielbericht/2718735
[3141054] Could not find attributes for ouasim bouy (Prins Hendrik Ende Desespereert Nimmer Combinatie Zwolle, 2018)
[2604065] Failed to build match row: Bologna Football Club 1909 vs Football Club Internazionale Milano S.p.A.
[3141054] Failed to build match row: Prins Hendrik Ende Desespereert Nimmer Combinatie Zwolle vs Feyenoord Rotterdam
[2526232] Could not find attributes for avto (Gil Vicente Futebol Clube, 2014)
[2526232] Failed to build match row: Académica Coimbra vs Gil Vicente Futebol Clube
[3294616] Could not find attributes for aritz huete (Sestao River, 2019)
[2470286] Could not find attributes for guy michel landel (Gençlerbirliği Spor Kulübü, 2014)
[3294616] Failed to build match row: Sestao River vs Athletic Club Bilbao
[3199606] Could not find attributes for timothee kolodziejczak (AS Saint-Étienne, 2019)
[2323736] Could not find attributes for aleksey ionov (Anzhi Makhachkala ( -2022), 2013)
[2470286] Failed to build match row: Gençlerbirliği Spor Kulübü vs Kasımpaşa A.Ş.
[2323736] Failed to build match row: FK Dinamo Moskva vs Anzhi Makhachkala ( -2022)
[3199606] Failed to build match row: Stade brestois 29 vs AS Saint-Étienne
[3229520] Could not find attributes for giulio donati (Unione Sportiva Lecce, 2019)

Keepers & outfield error for **Valencia Club de Fútbol S. A. D.** in Valencia Club de Fútbol S. A. D. vs Espanol: Numbers: 0 and 11.
[3229520] Failed to build match row: Bologna Football Club 1909 vs Unione Sportiva Lecce
[2899855] Failed to build match row: Valencia Club de Fútbol S. A. D. vs Espanol
[2772619] Could not find attributes for ched evans (Chesterfield FC, 2016)
[2697997] Failed to scrape lineup: https://www.transfermarkt.co.uk/burnley-fc_liverpool-fc/index/spielbericht/2697997
[2478808] Could not find attributes for cesare bovo (Torino Calcio, 2014)
[2949850] Failed to scrape lineup: https://www.transfermarkt.co.uk/spielbericht/index/spielbericht/2949850
[2772619] Failed to build match row: Colchester United vs Chesterfield FC
[2478808] Failed to build match row: Torino Calcio vs Cagliari Calcio
[2505045] Failed to scrape lineup: https://www.transfermarkt.co.uk/hamilton-academical-fc_dundee-fc/index/spielbericht/2505045
[3394946] Failed to scrape lineup: https://www.transfermarkt.co.uk/stade-rennais-fc_dijon-fco/index/spielbericht/3394946
[3223048] Could not find attributes for emmanuel adebayor (Kayserispor Kulübü, 2019)

Keepers & outfield error for **SD Eibar** in Athletic Club Bilbao vs SD Eibar: Numbers: 2 and 9.
[3223048] Failed to build match row: Antalyaspor vs Kayserispor Kulübü
[3208803] Failed to build match row: Athletic Club Bilbao vs SD Eibar
[2341367] Could not find attributes for riki (Granada CF, 2013)
[2700802] Failed to scrape lineup: https://www.transfermarkt.co.uk/sc-heerenveen_fc-groningen/index/spielbericht/2700802
[2335661] Could not find attributes for vitaliy postranskyi (FC Zorya Lugansk, 2013)
[2593978] Failed to scrape lineup: https://www.transfermarkt.co.uk/trabzonspor_gaziantepspor/index/spielbericht/2593978
[2919840] Failed to scrape lineup: https://www.transfermarkt.co.uk/spielbericht/index/spielbericht/2919840
[2360986] Failed to scrape lineup: https://www.transfermarkt.co.uk/spielbericht/index/spielbericht/2360986
[2722712] Could not find attributes for abdul rahman khalili (Gençlerbirliği Spor Kulübü, 2016)
[2645548] Failed to scrape lineup: https://www.transfermarkt.co.uk/inverness-caledonian-thistle-fc_ross-county-fc/index/spielbericht/2645548
[2728574] Failed to scrape lineup: https://www.transfermarkt.co.uk/inverness-caledonian-thistle-fc_hamilton-academical-fc/index/spielbericht/2728574
[2341367] Failed to build match row: Real Sociedad de Fútbol S.A.D. vs Granada CF
[2722712] Failed to build match row: Gençlerbirliği Spor Kulübü vs İstanbul Başakşehir Futbol Kulübü
[3083055] Failed to scrape lineup: https://www.transfermarkt.co.uk/krylya-sovetov-samara_fk-orenburg/index/spielbericht/3083055
[2331169] Failed to scrape lineup: https://www.transfermarkt.co.uk/montpellier-hsc_sc-bastia/index/spielbericht/2331169
[2335661] Failed to build match row: FC Zorya Lugansk vs Metalist Kharkiv (- 2016)
[3069608] Could not find attributes for kgaogelo sekgota (Vitória Setúbal FC, 2018)
[2604066] Failed to scrape lineup: https://www.transfermarkt.co.uk/frosinone-calcio_carpi-fc-1909/index/spielbericht/2604066
[3294617] Failed to scrape lineup: https://www.transfermarkt.co.uk/spielbericht/index/spielbericht/3294617
[3069608] Failed to build match row: Vitória Setúbal FC vs Vitória Sport Clube
[2492445] Could not find attributes for aritm (FK Krasnodar, 2014)
[2492445] Failed to build match row: Lille Olympique Sporting Club vs FK Krasnodar
[2384187] Could not find attributes for greg taylor (Cambridge United, 2013)

Keepers & outfield error for **CD Leganés** in Sporting Gijón vs CD Leganés: Numbers: 2 and 9.
[2718736] Failed to build match row: Sporting Gijón vs CD Leganés
[2384187] Failed to build match row: Cambridge United vs Sheffield United

Keepers & outfield error for **Futebol Clube de Arouca** in Futebol Clube de Arouca vs FC Paços de Ferreira: Numbers: 3 and 8.
[2526233] Failed to build match row: Futebol Clube de Arouca vs FC Paços de Ferreira
[2583546] Could not find attributes for james coates (Airbus UK Broughton, 2015)
[2470287] Could not find attributes for jose sosa (Beşiktaş Jimnastik Kulübü, 2014)
[2583546] Failed to build match row: Airbus UK Broughton vs NK Lokomotiva Zagreb
[2470287] Failed to build match row: Beşiktaş Jimnastik Kulübü vs İstanbul Başakşehir Futbol Kulübü
[2893176] Could not find attributes for jurica buljat (BATE Borisov, 2017)
[2893176] Failed to build match row: BATE Borisov vs SK Slavia Praha, a.s.
[2578125] Failed to scrape lineup: https://www.transfermarkt.co.uk/everton-fc_newcastle-united/index/spielbericht/2578125
3737
[3212633] Failed to build match row: Vitória Sport Clube vs Moreirense Futebol Clube
[3141055] Could not find attributes for ricardo van rhijn (Alkmaar Zaanstreek, 2018)
[3141055] Failed to build match row: Alkmaar Zaanstreek vs Football Club Utrecht
[2697998] Failed to scrape lineup: https://www.transfermarkt.co.uk/manchester-united_southampton-fc/index/spielbericht/2697998
[2609797] Failed to scrape lineup: https://www.transfermarkt.co.uk/sm-caen_fc-lorient/index/spielbericht/2609797
[3223049] Failed to scrape lineup: https://www.transfermarkt.co.uk/sivasspor_trabzonspor/index/spielbericht/3223049
[2949851] Failed to scrape lineup: https://www.transfermarkt.co.uk/spielbericht/index/spielbericht/2949851
[2772620] Could not find attributes for sean raggett (Lincoln City, 2016)
[2772620] Failed to build match row: Lincoln City vs Altrincham FC

Keepers & outfield error for **Club Atlético Osasuna** in Club Atlético de Madrid S.A.D. vs Club Atlético Osasuna: Numbers: 2 and 9.
[3208804] Failed to build match row: Club Atlético de Madrid S.A.D. vs Club Atlético Osasuna
[3099226] Could not find attributes for thibault vlietinck (Club Brugge Koninklijke Voetbalvereniging, 2018)
[3099226] Failed to build match row: Koninklijke Atletiek Associatie Gent vs Club Brugge Koninklijke Voetbalvereniging
[2865129] Could not find attributes for yassin ayoub (Football Club Utrecht, 2017)
[2865129] Failed to build match row: Football Club Utrecht vs Excelsior Rotterdam

Keepers & outfield error for **CS Marítimo** in Sporting Clube de Braga vs CS Marítimo: Numbers: 0 and 11.
[3255916] Failed to build match row: Sporting Clube de Braga vs CS Marítimo
[2478809] Failed to scrape lineup: https://www.transfermarkt.co.uk/ac-milan_fc-empoli/index/spielbericht/2478809
[2526234] Failed to scrape lineup: https://www.transfermarkt.co.uk/sl-benfica_fc-porto/index/spielbericht/2526234

Keepers & outfield error for **Real Betis Balompié S.A.D.** in Girona Fútbol Club S. A. D. vs Real Betis Balompié S.A.D.: Numbers: 2 and 9.
[2899856] Failed to build match row: Girona Fútbol Club S. A. D. vs Real Betis Balompié S.A.D.
[2492446] Failed to scrape lineup: https://www.transfermarkt.co.uk/spielbericht/index/spielbericht/2492446
[3069609] Failed to scrape lineup: https://www.transfermarkt.co.uk/gd-chaves_cd-santa-clara/index/spielbericht/3069609
[2335662] Failed to scrape lineup: https://www.transfermarkt.co.uk/fk-sevastopol-2014-_sk-tavriya-simferopol-2022-/index/spielbericht/2335662
[2754190] Failed to scrape lineup: https://www.transfermarkt.co.uk/spielbericht/index/spielbericht/2754190
richt/2700803
[3394947] Could not find attributes for kiki kouyate (Football Club de Metz, 2020)
[3394947] Failed to build match row: Football Club de Metz vs Paris Saint-Germain Football Club
[2645549] Could not find attributes for conrad balatoni (Kilmarnock Football Club, 2015)
[2645549] Failed to build match row: Kilmarnock Football Club vs Heart of Midlothian Football Club
[2609798] Could not find attributes for antoine devaux (Stade Reims, 2015)
[2609798] Failed to build match row: Stade Reims vs Football Club de Nantes

Keepers & outfield error for **Real Club Deportivo Mallorca S.A.D.** in Celta vs Real Club Deportivo Mallorca S.A.D.: Numbers: 2 and 9.
[3208805] Failed to build match row: Celta vs Real Club Deportivo Mallorca S.A.D.
[2593979] Could not find attributes for servet cetin (Mersin Talimyurdu SK, 2015)
[2593979] Failed to build match row: Mersin Talimyurdu SK vs İstanbul Başakşehir Futbol Kulübü
[2919841] Could not find attributes for heldon (Vitória Sport Clube, 2017)
[2919841] Failed to build match row: Olympique de Marseille vs Vitória Sport Clube

Keepers & outfield error for **Deportivo de La Coruña** in Deportivo de La Coruña vs Sevilla Fútbol Club S.A.D.: Numbers: 2 and 9.
[2899857] Failed to build match row: Deportivo de La Coruña vs Sevilla Fútbol Club S.A.D.
[2470288] Failed to scrape lineup: https://www.transfermarkt.co.uk/caykur-rizespor_fenerbahce/index/spielbericht/2470288
[2893177] Failed to scrape lineup: https://www.transfermarkt.co.uk/spielbericht/index/spielbericht/2893177
[3199608] Failed to scrape lineup: https://www.transfermarkt.co.uk/fc-toulouse_ogc-nice/index/spielbericht/3199608
[3212634] Failed to build match row: Sporting Clube de Portugal vs Clube Desportivo de Tondela
[2526235] Failed to scrape lineup: https://www.transfermarkt.co.uk/boavista-fc_vitoria-setubal-fc/index/spielbericht/2526235
[2478810] Failed to scrape lineup: https://www.transfermarkt.co.uk/us-sassuolo_acf-fiorentina/index/spielbericht/2478810
[3069610] Failed to scrape lineup: https://www.transfermarkt.co.uk/vitoria-guimaraes-sc_cs-maritimo/index/spielbericht/3069610
[2754191] Failed to scrape lineup: https://www.transfermarkt.co.uk/spielbericht/index/spielbericht/2754191
[3394948] Failed to scrape lineup: https://www.transfermarkt.co.uk/stade-reims_olympique-marseille/index/spielbericht/3394948
[3083056] Could not find attributes for mario fernandes (PFK CSKA Moskva, 2018)
[3083056] Failed to build match row: PFK CSKA Moskva vs FK Rostov
[2578126] Could not find attributes for erik pieters (Stoke City, 2015)
[2578126] Failed to build match row: Manchester United Football Club vs Stoke City
[2361067] Could not find attributes for patrick kirsch (Preußen Münster, 2013)
[2335663] Could not find attributes for maksym koval (Futbolniy Klub Dynamo Kyiv, 2013)
[2361067] Failed to build match row: Preußen Münster vs Fußball-Club Augsburg 1907
[3223050] Could not find attributes for aminu umar (Çaykur Rizespor Kulübü, 2019)
[2335663] Failed to build match row: FC Shakhtar Donetsk vs Futbolniy Klub Dynamo Kyiv
[3223050] Failed to build match row: Çaykur Rizespor Kulübü vs Gaziantep Futbol Kulübü A.Ş.

Keepers & outfield error for **Vitesse Arnhem** in Vitesse Arnhem vs Excelsior Rotterdam: Numbers: 0 and 11.
[3141056] Failed to build match row: Vitesse Arnhem vs Excelsior Rotterdam
[2919842] Could not find attributes for patrick friday eze (Konyaspor, 2017)
[2384188] Failed to scrape lineup: https://www.transfermarkt.co.uk/spielbericht/index/spielbericht/2384188
[2593980] Failed to scrape lineup: https://www.transfermarkt.co.uk/osmanlispor-fk_fenerbahce/index/spielbericht/2593980
[2865131] Could not find attributes for ashton gotz (Roda JC Kerkrade, 2017)
[2865131] Failed to build match row: Roda JC Kerkrade vs Alkmaar Zaanstreek
[2470289] Could not find attributes for kaan kanak (Eskisehirspor, 2014)
[2470289] Failed to build match row: Eskisehirspor vs Sivasspor

Keepers & outfield error for **UE Llagostera** in UE Llagostera vs Albacete Balompié: Numbers: 2 and 9.
[2893178] Failed to scrape lineup: https://www.transfermarkt.co.uk/spielbericht/index/spielbericht/2893178
[2621153] Failed to build match row: UE Llagostera vs Albacete Balompié
[2722713] Could not find attributes for ermin zec (Kardemir Karabükspor, 2016)
[2722713] Failed to build match row: Kardemir Karabükspor vs Alanyaspor

Keepers & outfield error for **Olympique Lyonnais** in Olympique Lyonnais vs Racing Club de Strasbourg Alsace: Numbers: 3 and 8.
[3199609] Failed to build match row: Olympique Lyonnais vs Racing Club de Strasbourg Alsace

Keepers & outfield error for **Elche Club de Fútbol S.A.D.** in Elche Club de Fútbol S.A.D. vs Levante Unión Deportiva S.A.D.: Numbers: 0 and 11.
[2341369] Failed to build match row: Elche Club de Fútbol S.A.D. vs Levante Unión Deportiva S.A.D.

Keepers & outfield error for **Celta** in Celta vs Club Atlético de Madrid S.A.D.: Numbers: 0 and 11.
[2718737] Failed to build match row: Celta vs Club Atlético de Madrid S.A.D.

Keepers & outfield error for **Real Betis Balompié S.A.D.** in Espanol vs Real Betis Balompié S.A.D.: Numbers: 2 and 9.
[3208806] Failed to build match row: Espanol vs Real Betis Balompié S.A.D.
[2754222] Could not find attributes for georgiy shchennikov (PFK CSKA Moskva, 2016)
[2754222] Failed to build match row: Bayer 04 Leverkusen Fußball vs PFK CSKA Moskva
[2700804] Could not find attributes for bersant celina (Football Club Twente, 2016)
[2361068] Could not find attributes for michael hohnstedt (VfL Osnabrück, 2013)
[2700804] Failed to build match row: Prins Hendrik Ende Desespereert Nimmer Combinatie Zwolle vs Football Club Twente
[3223051] Could not find attributes for atiba hutchinson (Beşiktaş Jimnastik Kulübü, 2019)
[2361068] Failed to build match row: VfL Osnabrück vs 1. Fußballclub Union Berlin
[3223051] Failed to build match row: Beşiktaş Jimnastik Kulübü vs İstanbul Başakşehir Futbol Kulübü
[3141057] Could not find attributes for ouasim bouy (Prins Hendrik Ende Desespereert Nimmer Combinatie Zwolle, 2018)
[2470290] Could not find attributes for mustafa akbas (Trabzonspor Kulübü, 2014)
[2470290] Failed to build match row: Konyaspor vs Trabzonspor Kulübü
[3141057] Failed to build match row: Heracles Almelo vs Prins Hendrik Ende Desespereert Nimmer Combinatie Zwolle
[2341370] Could not find attributes for sammir (Getafe Club de Fútbol S. A. D. Team Dubai, 2013)
[2341370] Failed to build match row: Futbol Club Barcelona vs Getafe Club de Fútbol S. A. D. Team Dubai
[2722714] Could not find attributes for abdoul wahid sissoko (Akhisarspor, 2016)
[2872447] Could not find attributes for etienne capoue (Watford FC, 2017)
[2583547] Could not find attributes for geza turi (Víkingur Gøta, 2015)
[2722714] Failed to build match row: Akhisarspor vs Ankaraspor
[2872447] Failed to build match row: Huddersfield Town vs Watford FC
[2583547] Failed to build match row: Víkingur Gøta vs Rosenborg Ballklub
[2578127] Could not find attributes for jonathan howson (Norwich City, 2015)
[2578127] Failed to build match row: Aston Villa Football Club vs Norwich City
[3255917] Could not find attributes for igor araujo (SC Covilhã, 2019)
[3255917] Failed to build match row: SC Covilhã vs Vitória Setúbal FC

Keepers & outfield error for **Grupo Desportivo Estoril Praia** in Grupo Desportivo Estoril Praia vs CS Marítimo: Numbers: 4 and 7.
[2526236] Failed to build match row: Grupo Desportivo Estoril Praia vs CS Marítimo
[2593991] Could not find attributes for ryan donk (Kasımpaşa A.Ş., 2015)
[2593991] Failed to build match row: Kasımpaşa A.Ş. vs Akhisarspor
[3212635] Could not find attributes for ivo pinto (Futebol Clube de Famalicão, 2019)
[3212635] Failed to build match row: Moreirense Futebol Clube vs Futebol Clube de Famalicão
[2700805] Could not find attributes for ferdi kadioglu (Nijmegen Eendracht Combinatie, 2016)
[2700805] Failed to build match row: Feyenoord Rotterdam vs Nijmegen Eendracht Combinatie
[2470291] Could not find attributes for umut bulut (Galatasaray Spor Kulübü, 2014)
[2470291] Failed to build match row: Galatasaray Spor Kulübü vs Kardemir Karabükspor
[3069611] Could not find attributes for chiquinho (Moreirense Futebol Clube, 2018)
[3069611] Failed to build match row: Moreirense Futebol Clube vs Vitória Setúbal FC
[3047694] Failed to scrape lineup: https://www.transfermarkt.co.uk/olympique-marseille_fc-girondins-bordeaux/index/spielbericht/3047694
[2331172] Could not find attributes for stoppila sunzu (FC Sochaux-Montbéliard, 2013)
[2331172] Failed to build match row: Stade Reims vs FC Sochaux-Montbéliard
[2698001] Could not find attributes for jordi amat (Swansea City, 2016)
[2698001] Failed to build match row: Swansea City vs Hull City
[2492448] Could not find attributes for aritm (FK Krasnodar, 2014)
[2492448] Failed to build match row: FK Krasnodar vs Verein für Leibesübungen Wolfsburg
[2949852] Could not find attributes for jordan shipley (Coventry City, 2017)
[2949852] Failed to build match row: Coventry City vs Maidenhead United
[3394949] Failed to scrape lineup: https://www.transfermarkt.co.uk/angers-sco_as-monaco/index/spielbericht/3394949
[2470292] Could not find attributes for berkan emir (Balikesirspor, 2014)
ets-mariupol_karpaty-lviv-2021-/index/spielbericht/2335664
[2470292] Failed to build match row: Balikesirspor vs Mersin Talimyurdu SK
[2604068] Could not find attributes for gianluigi donnarumma (Associazione Calcio Milan, 2015)
[2604068] Failed to build match row: Associazione Calcio Milan vs Chievo Verona
[2341371] Could not find attributes for stefan mitrovic (Real Valladolid CF, 2013)
[2341371] Failed to build match row: Real Valladolid CF vs Espanol
[2609801] Could not find attributes for fabien camus (ESTAC Troyes, 2015)
[2609801] Failed to build match row: ESTAC Troyes vs Stade Reims

Keepers & outfield error for **Association sportive de Monaco Football Club** in Association sportive de Monaco Football Club vs Rennes: Numbers: 2 and 9.
[2482432] Failed to build match row: Association sportive de Monaco Football Club vs Rennes
[2919843] Failed to scrape lineup: https://www.transfermarkt.co.uk/spielbericht/index/spielbericht/2919843
[2865134] Failed to scrape lineup: https://www.transfermarkt.co.uk/az-alkmaar_twente-enschede-fc/index/spielbericht/2865134
[2323738] Could not find attributes for joaozinho (FK Krasnodar, 2013)
[2323738] Failed to build match row: FK Rostov vs FK Krasnodar
[2621154] Failed to scrape lineup: https://www.transfermarkt.co.uk/spielbericht/index/spielbericht/2621154
[2700806] Could not find attributes for guyon fernandez (ADO Den Haag, 2016)
[2893179] Failed to scrape lineup: https://www.transfermarkt.co.uk/spielbericht/index/spielbericht/2893179
[2700806] Failed to build match row: ADO Den Haag vs Vitesse Arnhem

Keepers & outfield error for **B SAD** in B SAD vs CD Feirense: Numbers: 2 and 9.
[3069612] Failed to build match row: B SAD vs CD Feirense
[2384189] Could not find attributes for angus macdonald (Salisbury City (- 2014), 2013)
[2384189] Failed to build match row: Port Vale FC vs Salisbury City (- 2014)
[3083057] Failed to scrape lineup: https://www.transfermarkt.co.uk/akhmat-grozny_enisey-krasnoyarsk/index/spielbericht/3083057
[2899858] Failed to scrape lineup: https://www.transfermarkt.co.uk/atletico-de-madrid_real-betis-balompie/index/spielbericht/2899858
[3099228] Failed to scrape lineup: https://www.transfermarkt.co.uk/cercle-brugge-_krc-genk/index/spielbericht/3099228
[2335665] Could not find attributes for vitaliy nedilko (Volyn Lutsk, 2013)
[2335665] Failed to build match row: Volyn Lutsk vs Dnipro Dnipropetrovsk (-2020)
[3294618] Could not find attributes for tanis marcellan (Real Murcia CF, 2019)
[3294618] Failed to build match row: Real Murcia CF vs CD Leganés
[2718738] Failed to scrape lineup: https://www.transfermarkt.co.uk/ca-osasuna_celta-de-vigo/index/spielbericht/2718738
[2645551] Failed to scrape lineup: https://www.transfermarkt.co.uk/st-johnstone-fc_aberdeen-fc/index/spielbericht/2645551
[2754283] Failed to scrape lineup: https://www.transfermarkt.co.uk/spielbericht/index/spielbericht/2754283

Keepers & outfield error for **Villarreal Club de Fútbol S.A.D.** in Villarreal Club de Fútbol S.A.D. vs Rayo Vallecano de Madrid S. A. D.: Numbers: 0 and 11.
[2341372] Failed to build match row: Villarreal Club de Fútbol S.A.D. vs Rayo Vallecano de Madrid S. A. D.
[2578128] Could not find attributes for vito mannone (Sunderland Association Football Club, 2015)
[2578128] Failed to build match row: Sunderland Association Football Club vs Association Football Club Bournemouth
[3047696] Could not find attributes for yannis salibur (AS Saint-Étienne, 2018)
[3047696] Failed to build match row: Olympique Gymnaste Club Nice Côte d'Azur vs AS Saint-Étienne

Keepers & outfield error for **Association sportive de Monaco Football Club** in AC Ajaccio vs Association sportive de Monaco Football Club: Numbers: 2 and 9.
[2331173] Failed to build match row: AC Ajaccio vs Association sportive de Monaco Football Club
[2361069] Failed to scrape lineup: https://www.transfermarkt.co.uk/spielbericht/index/spielbericht/2361069
[2698003] Could not find attributes for jose cholevas (Watford FC, 2016)
[2698003] Failed to build match row: Watford FC vs Chelsea Football Club
[2919844] Could not find attributes for vitaliy gayduchik (BATE Borisov, 2017)
[3229524] Failed to scrape lineup: https://www.transfermarkt.co.uk/spal_torino-fc/index/spielbericht/3229524
[2919844] Failed to build match row: BATE Borisov vs 1. Fußball-Club Köln
[2593992] Could not find attributes for berkan emir (Kayserispor Kulübü, 2015)
[2593992] Failed to build match row: Antalyaspor vs Kayserispor Kulübü
[3069613] Could not find attributes for sardor rashidov (Clube Desportivo Nacional, 2018)
[3069613] Failed to build match row: Clube Desportivo Nacional vs Clube Desportivo de Tondela
[3223052] Failed to scrape lineup: https://www.transfermarkt.co.uk/goztepe_konyaspor/index/spielbericht/3223052
[2772621] Could not find attributes for reuben reid (Exeter City, 2016)
[2772621] Failed to build match row: Exeter City vs Luton Town
[2583548] Could not find attributes for xandro schenk (Go Ahead Eagles, 2015)
[2583548] Failed to build match row: Go Ahead Eagles vs Ferencvárosi TC
[2460530] Failed to scrape lineup: https://www.transfermarkt.co.uk/spielbericht/index/spielbericht/2460530
[2722716] Failed to scrape lineup: https://www.transfermarkt.co.uk/besiktas-jk_bursaspor/index/spielbericht/2722716
[2350371] Could not find attributes for modibo maiga (West Ham United Football Club, 2013)
[2350371] Failed to build match row: Newcastle United Football Club vs West Ham United Football Club

Keepers & outfield error for **CD Leganés** in CD Leganés vs Celta: Numbers: 0 and 11.
[2899859] Failed to build match row: CD Leganés vs Celta
[2754284] Could not find attributes for oleksiy shevchenko (FC Zorya Lugansk, 2016)
ournemouth/index/spielbericht/2872448
[2754284] Failed to build match row: FC Zorya Lugansk vs Fenerbahçe Spor Kulübü
[2526237] Failed to scrape lineup: https://www.transfermarkt.co.uk/moreirense-fc_sporting-cp/index/spielbericht/2526237
[3255918] Failed to scrape lineup: https://www.transfermarkt.co.uk/spielbericht/index/spielbericht/3255918
[3047697] Could not find attributes for rafael leao (Lille Olympique Sporting Club, 2018)
[3047697] Failed to build match row: Nîmes Olympique vs Lille Olympique Sporting Club
[2492451] Could not find attributes for aritm (FK Krasnodar, 2014)
[2492451] Failed to build match row: Verein für Leibesübungen Wolfsburg vs FK Krasnodar
[2593993] Could not find attributes for djakaridja kone (Sivasspor, 2015)
[2593993] Failed to build match row: Sivasspor vs Gaziantepspor (- 2020)
[3229525] Could not find attributes for ragnar klavan (Cagliari Calcio, 2019)
[3229525] Failed to build match row: Cagliari Calcio vs Udinese Calcio
[3055762] Could not find attributes for maksims uvarenko (JFK Ventspils, 2018)
[3055762] Failed to build match row: JFK Ventspils vs FC Luftëtari (- 2020)
[3212636] Failed to scrape lineup: https://www.transfermarkt.co.uk/cd-tondela_fc-pacos-de-ferreira/index/spielbericht/3212636
[2505050] Failed to scrape lineup: https://www.transfermarkt.co.uk/aberdeen-fc_kilmarnock-fc/index/spielbericht/2505050
[3069614] Could not find attributes for ponck (Desportivo Aves (- 2020), 2018)
[3069614] Failed to build match row: Desportivo Aves (- 2020) vs Boavista FC
[3208808] Failed to scrape lineup: https://www.transfermarkt.co.uk/granada-cf_levante-ud/index/spielbericht/3208808
[3079428] Could not find attributes for seydou doumbia (Girona Fútbol Club S. A. D., 2018)
[3079428] Failed to build match row: Real Sociedad de Fútbol S.A.D. vs Girona Fútbol Club S. A. D.

Keepers & outfield error for **UD Las Palmas** in Espanol vs UD Las Palmas: Numbers: 2 and 9.
[2899860] Failed to build match row: Espanol vs UD Las Palmas
[2578129] Could not find attributes for erik pieters (Stoke City, 2015)
[2722717] Could not find attributes for davide petrucci (Çaykur Rizespor Kulübü, 2016)

Keepers & outfield error for **Alaves** in CD Numancia vs Alaves: Numbers: 3 and 8.
[2578129] Failed to build match row: Stoke City vs Everton Football Club

Keepers & outfield error for **Football Club de Metz** in Dijon FCO vs Football Club de Metz: Numbers: 0 and 11.
[2722717] Failed to build match row: Çaykur Rizespor Kulübü vs Kasımpaşa A.Ş.
[2621155] Failed to build match row: CD Numancia vs Alaves
[3141060] Failed to scrape lineup: https://www.transfermarkt.co.uk/fc-emmen_psv-eindhoven/index/spielbericht/3141060
[3394960] Failed to build match row: Dijon FCO vs Football Club de Metz
[2754285] Could not find attributes for brown ideye (Olympiakos Syndesmos Filathlon Peiraios, 2016)
[2728578] Failed to scrape lineup: https://www.transfermarkt.co.uk/kilmarnock-fc_st-johnstone-fc/index/spielbericht/2728578
[2754285] Failed to build match row: Berner Sport Club Young Boys vs Olympiakos Syndesmos Filathlon Peiraios
[2470293] Could not find attributes for emre tasdemir (Bursaspor, 2014)
[2470293] Failed to build match row: Fenerbahçe Spor Kulübü vs Bursaspor
[2609802] Failed to scrape lineup: https://www.transfermarkt.co.uk/fc-girondins-bordeaux_angers-sco/index/spielbericht/2609802
[2865135] Failed to scrape lineup: https://www.transfermarkt.co.uk/vvv-venlo_willem-ii-tilburg/index/spielbericht/2865135
[2323739] Failed to scrape lineup: https://www.transfermarkt.co.uk/rubin-kazan_zenit-st-petersburg/index/spielbericht/2323739
[2482433] Failed to scrape lineup: https://www.transfermarkt.co.uk/olympique-lyon_as-saint-etienne/index/spielbericht/2482433
[2700807] Failed to scrape lineup: https://www.transfermarkt.co.uk/nec-nijmegen_go-ahead-eagles/index/spielbericht/2700807

Keepers & outfield error for **Futebol Clube do Porto** in Futebol Clube do Porto vs Boavista FC: Numbers: 2 and 9.
[3212637] Failed to build match row: Futebol Clube do Porto vs Boavista FC
[3229526] Could not find attributes for bosko sutalo (Atalanta Bergamasca Calcio S.p.a., 2019)
[3229526] Failed to build match row: Parma Calcio 1913 vs Atalanta Bergamasca Calcio S.p.a.
[3083058] Failed to scrape lineup: https://www.transfermarkt.co.uk/ural-yekaterinburg_fk-krasnodar/index/spielbericht/3083058
9
[3199612] Failed to scrape lineup: https://www.transfermarkt.co.uk/nimes-olympique_angers-sco/index/spielbericht/3199612
[2335666] Failed to scrape lineup: https://www.transfermarkt.co.uk/metalist-kharkiv-2016-_fk-sevastopol-2014-/index/spielbericht/2335666
[2645552] Failed to scrape lineup: https://www.transfermarkt.co.uk/dundee-united-fc_celtic-fc/index/spielbericht/2645552
[2919845] Could not find attributes for dudu goresh (Hapoel Beer Sheva, 2017)
[2919845] Failed to build match row: Hapoel Beer Sheva vs SC Fotbal Club FCSB SA
[3223053] Could not find attributes for ertac ozbir (Gençlerbirliği Spor Kulübü, 2019)
[3223053] Failed to build match row: Gençlerbirliği Spor Kulübü vs Alanyaspor
[3099229] Could not find attributes for morteza pouraliganji (KAS Eupen, 2018)
[3099229] Failed to build match row: KV Kortrijk vs KAS Eupen
[2342283] Failed to scrape lineup: https://www.transfermarkt.co.uk/psv-eindhoven_go-ahead-eagles/index/spielbericht/2342283
[2361070] Failed to scrape lineup: https://www.transfermarkt.co.uk/spielbericht/index/spielbericht/2361070

Keepers & outfield error for **Chelsea Football Club** in Chelsea Football Club vs Manchester United Football Club: Numbers: 2 and 9.
[2754286] Could not find attributes for boy waterman (APOEL Nicosia, 2016)
[2331174] Failed to scrape lineup: https://www.transfermarkt.co.uk/fc-sochaux-montbeliard_paris-saint-germain/index/spielbericht/2331174
[2578130] Failed to build match row: Chelsea Football Club vs Manchester United Football Club
[2698004] Failed to scrape lineup: https://www.transfermarkt.co.uk/west-bromwich-albion_everton-fc/index/spielbericht/2698004
[2754286] Failed to build match row: APOEL Nicosia vs FC Astana
[2609803] Could not find attributes for alban lafont (Toulouse Football Club, 2015)
[3394961] Could not find attributes for trevoh chalobah (Football Club Lorient-Bretagne Sud, 2020)
[3394961] Failed to build match row: Football Club Lorient-Bretagne Sud vs Angers Sporting Club de l'Ouest
[2609803] Failed to build match row: Football Club Lorient-Bretagne Sud vs Toulouse Football Club
[3255919] Failed to scrape lineup: https://www.transfermarkt.co.uk/spielbericht/index/spielbericht/3255919
[2384190] Failed to scrape lineup: https://www.transfermarkt.co.uk/spielbericht/index/spielbericht/2384190
[2583549] Failed to scrape lineup: https://www.transfermarkt.co.uk/spielbericht/index/spielbericht/2583549
[2949853] Could not find attributes for jake cottrell (Chorley FC, 2017)
[2526238] Failed to scrape lineup: https://www.transfermarkt.co.uk/fc-penafiel_academica-coimbra/index/spielbericht/2526238
[2949853] Failed to build match row: Chorley FC vs Fleetwood Town
[3083059] Failed to scrape lineup: https://www.transfermarkt.co.uk/fk-ufa_anzhi-makhachkala-2022-/index/spielbericht/3083059
[2492452] Failed to scrape lineup: https://www.transfermarkt.co.uk/spielbericht/index/spielbericht/2492452
[2593994] Failed to scrape lineup: https://www.transfermarkt.co.uk/fenerbahce_konyaspor/index/spielbericht/2593994
[3212638] Could not find attributes for fali cande (Portimonense SC, 2019)
[3212638] Failed to build match row: Portimonense SC vs CS Marítimo
[3199613] Failed to scrape lineup: https://www.transfermarkt.co.uk/stade-reims_stade-rennais-fc/index/spielbericht/3199613

[2470294] Could not find attributes for furkan ozcal (Kardemir Karabükspor, 2014)
[2470294] Failed to build match row: Kardemir Karabükspor vs Gençlerbirliği Spor Kulübü
[2728579] Failed to scrape lineup: https://www.transfermarkt.co.uk/dundee-fc_heart-of-midlothian-fc/index/spielbericht/2728579
[2482434] Could not find attributes for didier ndong (Football Club Lorient-Bretagne Sud, 2014)
[2482434] Failed to build match row: Football Club Lorient-Bretagne Sud vs Toulouse Football Club
[3294619] Failed to build match row: UM Escobedo vs Sevilla Fútbol Club S.A.D.
[2645553] Could not find attributes for arnaud djoum (Heart of Midlothian Football Club, 2015)

Keepers & outfield error for **Nooit Opgeven Altijd Doorzetten Aangenaam Door Vermaak En Nuttig Door Ontspanning Combinatie Breda** in Heracles Almelo vs Nooit Opgeven Altijd Doorzetten Aangenaam Door Vermaak En Nuttig Door Ontspanning Combinatie Breda: Numbers: 2 and 9.
[2865136] Failed to build match row: Heracles Almelo vs Nooit Opgeven Altijd Doorzetten Aangenaam Door Vermaak En Nuttig Door Ontspanning Combinatie Breda
[2645553] Failed to build match row: Heart of Midlothian Football Club vs Motherwell Football Club
[2460531] Failed to scrape lineup: https://www.transfermarkt.co.uk/spielbericht/index/spielbericht/2460531
[2893182] Failed to scrape lineup: https://www.transfermarkt.co.uk/spielbericht/index/spielbericht/2893182
[2919846] Could not find attributes for fabio daprela (FC Lugano, 2017)
[2919846] Failed to build match row: FC Lugano vs FC Viktoria Plzeň, a.s.
[3055763] Could not find attributes for shkelzen ruci (FC Luftëtari (- 2020), 2018)
[3099230] Failed to scrape lineup: https://www.transfermarkt.co.uk/krc-genk_sv-zulte-waregem/index/spielbericht/3099230
[3223054] Failed to scrape lineup: https://www.transfermarkt.co.uk/fenerbahce_mke-ankaragucu/index/spielbericht/3223054
[3055763] Failed to build match row: FC Luftëtari (- 2020) vs JFK Ventspils
[2331175] Could not find attributes for mickael leca (AC Ajaccio, 2013)
[3229527] Failed to scrape lineup: https://www.transfermarkt.co.uk/acf-fiorentina_bologna-fc-1909/index/spielbericht/3229527
[2331175] Failed to build match row: AS Saint-Étienne vs AC Ajaccio
[3069615] Could not find attributes for fabio coentrao (Rio Ave Futebol Clube, 2018)
[3141061] Could not find attributes for azor matusiwa (De Graafschap Doetinchem, 2018)
[2335667] Could not find attributes for yevgen borovyk (Arsenal Kyiv, 2013)
[3069615] Failed to build match row: Rio Ave Futebol Clube vs Sporting Clube de Braga
inatie
[2335667] Failed to build match row: Arsenal Kyiv vs Vorskla Poltava

Keepers & outfield error for **Futebol Clube de Arouca** in CS Marítimo vs Futebol Clube de Arouca: Numbers: 3 and 8.
[2609804] Could not find attributes for casimir ninga (Montpellier HSC, 2015)
[2604069] Failed to scrape lineup: https://www.transfermarkt.co.uk/ssc-napoli_us-palermo/index/spielbericht/2604069
[3208809] Failed to scrape lineup: https://www.transfermarkt.co.uk/real-sociedad_fc-barcelona/index/spielbericht/3208809
[2478812] Could not find attributes for andrea masiello (Atalanta Bergamasca Calcio S.p.a., 2014)
[2526239] Failed to build match row: CS Marítimo vs Futebol Clube de Arouca
[3079429] Failed to scrape lineup: https://www.transfermarkt.co.uk/valencia-cf_cd-leganes/index/spielbericht/3079429
[2609804] Failed to build match row: Football Club de Nantes vs Montpellier HSC
[2578131] Could not find attributes for jose cholevas (Watford FC, 2015)
[3394962] Could not find attributes for elye wahi (Montpellier HSC, 2020)
[2478812] Failed to build match row: Atalanta Bergamasca Calcio S.p.a. vs Football Club Internazionale Milano S.p.A.
[3083968] Could not find attributes for yevgen past (Desna Chernigiv, 2018)
[2578131] Failed to build match row: Watford FC vs Chelsea Football Club
[3394962] Failed to build match row: Montpellier HSC vs AS Saint-Étienne
[3083968] Failed to build match row: Desna Chernigiv vs FC Zorya Lugansk
[2722718] Could not find attributes for bruno mota (Gaziantepspor (- 2020), 2016)
[2722718] Failed to build match row: Galatasaray Spor Kulübü vs Gaziantepspor (- 2020)

Keepers & outfield error for **Sporting Clube de Portugal** in Sporting Clube de Portugal vs Rio Ave Futebol Clube: Numbers: 2 and 9.
[3255920] Failed to build match row: Sporting Clube de Portugal vs Rio Ave Futebol Clube
[2645554] Could not find attributes for Conrad Balatoni (Kilmarnock Football Club, 2015)
[2583550] Could not find attributes for matic kotnik (NK Celje, 2015)

Keepers & outfield error for **Olympique Lyonnais** in Football Club de Metz vs Olympique Lyonnais: Numbers: 2 and 9.
[2893183] Could not find attributes for guy haimov (Hapoel Beer Sheva, 2017)
[2645554] Failed to build match row: Kilmarnock Football Club vs Inverness Caledonian Thistle FC
[3199619] Failed to build match row: Football Club de Metz vs Olympique Lyonnais
[2361071] Could not find attributes for marcel holscher (SC Wiedenbrück, 2013)

Keepers & outfield error for **UD Las Palmas** in UD Las Palmas vs Málaga CF: Numbers: 2 and 9.
[2893183] Failed to build match row: Hapoel Beer Sheva vs Ludogorets Razgrad
[3055764] Could not find attributes for damjan siskovski (FC Lahti, 2018)
[2361071] Failed to build match row: SC Wiedenbrück vs SV Sandhausen
[3055764] Failed to build match row: FC Lahti vs FH Hafnarfjördur
[2718741] Failed to build match row: UD Las Palmas vs Málaga CF
[2470295] Could not find attributes for jose sosa (Beşiktaş Jimnastik Kulübü, 2014)
[2470295] Failed to build match row: Kasımpaşa A.Ş. vs Beşiktaş Jimnastik Kulübü
[2593995] Could not find attributes for servet cetin (Mersin Talimyurdu SK, 2015)
[2593995] Failed to build match row: Gençlerbirliği Spor Kulübü vs Mersin Talimyurdu SK
[2335668] Could not find attributes for libor hrdlicka (Metalurg Zaporizhya (-2016), 2013)
[2335668] Failed to build match row: FC Shakhtar Donetsk vs Metalurg Zaporizhya (-2016)
[3223055] Failed to build match row: Yeni Malatyaspor vs Galatasaray Spor Kulübü

Keepers & outfield error for **Futebol Clube do Porto** in Futebol Clube do Porto vs Sport Lisboa e Benfica: Numbers: 2 and 9.
[3069616] Failed to build match row: Futebol Clube do Porto vs Sport Lisboa e Benfica
[2526240] Could not find attributes for avto (Gil Vicente Futebol Clube, 2014)
[2526240] Failed to build match row: Gil Vicente Futebol Clube vs Sport Lisboa e Benfica
[3229528] Could not find attributes for andrea papetti (Brescia Calcio, 2019)
[3208810] Could not find attributes for moi gomez (Villarreal Club de Fútbol S.A.D., 2019)
[3229528] Failed to build match row: Società Sportiva Lazio S.p.A. vs Brescia Calcio
[3208810] Failed to build match row: Sevilla Fútbol Club S.A.D. vs Villarreal Club de Fútbol S.A.D.
[2700809] Could not find attributes for derrick tshimanga (Willem II Tilburg, 2016)
[3212639] Could not find attributes for carlinhos (Vitória Setúbal FC, 2019)
[2700809] Failed to build match row: Willem II Tilburg vs Heracles Almelo
[3212639] Failed to build match row: Vitória Setúbal FC vs Rio Ave Futebol Clube
[2384191] Could not find attributes for sean raggett (Dover Athletic, 2013)

Keepers & outfield error for **Chelsea Football Club** in Chelsea Football Club vs Burnley Football Club: Numbers: 2 and 9.
[2384191] Failed to build match row: Milton Keynes Dons vs Dover Athletic
[2621206] Could not find attributes for adria granell (Huracán Valencia CF, 2015)
[2698006] Failed to build match row: Chelsea Football Club vs Burnley Football Club
[2621206] Failed to build match row: Huracán Valencia CF vs UD Socuéllamos
[2949854] Could not find attributes for queensy menig (Oldham Athletic, 2017)

Keepers & outfield error for **Olympique Lyonnais** in Association sportive de Monaco Football Club vs Olympique Lyonnais: Numbers: 2 and 9.
[2949854] Failed to build match row: Carlisle United vs Oldham Athletic
[2899864] Could not find attributes for maxime lestienne (Málaga CF, 2017)
[3394963] Failed to build match row: Association sportive de Monaco Football Club vs Olympique Lyonnais
[2899864] Failed to build match row: Málaga CF vs Alaves
[2722719] Could not find attributes for emre belozoglu (İstanbul Başakşehir Futbol Kulübü, 2016)
[2722719] Failed to build match row: İstanbul Başakşehir Futbol Kulübü vs Trabzonspor Kulübü
[2754288] Could not find attributes for dmytro bezotosnyi (FK Qabala, 2016)
[2754288] Failed to build match row: Royal Sporting Club Anderlecht vs FK Qabala
[2331176] Could not find attributes for younes kaabouni (FC Girondins Bordeaux, 2013)
[2718742] Could not find attributes for florian lejeune (SD Eibar, 2016)
[2505055] Could not find attributes for stevie mallan (Saint Mirren Football Club, 2014)
[2331176] Failed to build match row: Association sportive de Monaco Football Club vs FC Girondins Bordeaux
[2593996] Could not find attributes for doka madureira (İstanbul Başakşehir Futbol Kulübü, 2015)
[2718742] Failed to build match row: SD Eibar vs Sevilla Fútbol Club S.A.D.
[2593996] Failed to build match row: İstanbul Başakşehir Futbol Kulübü vs Trabzonspor Kulübü
[2505055] Failed to build match row: Saint Mirren Football Club vs Motherwell Football Club
[3055765] Could not find attributes for gunnar nielsen (FH Hafnarfjördur, 2018)
[2470296] Could not find attributes for mustafa akbas (Trabzonspor Kulübü, 2014)
[2893184] Could not find attributes for cosmin moti (Ludogorets Razgrad, 2017)
[3055765] Failed to build match row: FH Hafnarfjördur vs FC Lahti
[2470296] Failed to build match row: Trabzonspor Kulübü vs Galatasaray Spor Kulübü
[2893184] Failed to build match row: Ludogorets Razgrad vs Hapoel Beer Sheva
[2342285] Failed to scrape lineup: https://www.transfermarkt.co.uk/roda-jc-kerkrade_vitesse-arnhem/index/spielbericht/2342285

Keepers & outfield error for **Beşiktaş Jimnastik Kulübü** in Beşiktaş Jimnastik Kulübü vs Trabzonspor Kulübü: Numbers: 0 and 11.
[2883880] Failed to build match row: Beşiktaş Jimnastik Kulübü vs Trabzonspor Kulübü
[3047700] Failed to scrape lineup: https://www.transfermarkt.co.uk/angers-sco_olympique-marseille/index/spielbericht/3047700
[3212640] Could not find attributes for rodrigao (Gil Vicente Futebol Clube, 2019)
[2722720] Could not find attributes for badou ndiaye (Ankaraspor, 2016)
[3212640] Failed to build match row: Gil Vicente Futebol Clube vs Desportivo Aves (- 2020)
[2722720] Failed to build match row: Ankaraspor vs Galatasaray Spor Kulübü
[2609806] Could not find attributes for paul baysse (Olympique Gymnaste Club Nice Côte d'Azur, 2015)
[2384192] Could not find attributes for pascal chimbonda (Carlisle United, 2013)
[2700810] Could not find attributes for hicham faik (Excelsior Rotterdam, 2016)
[2609806] Failed to build match row: Olympique Lyonnais vs Olympique Gymnaste Club Nice Côte d'Azur
[2384192] Failed to build match row: Carlisle United vs Brentford Football Club

Keepers & outfield error for **Paris Saint-Germain Football Club** in Paris Saint-Germain Football Club vs Lille Olympique Sporting Club: Numbers: 2 and 9.
[2700810] Failed to build match row: Football Club Groningen vs Excelsior Rotterdam
[2482437] Failed to build match row: Paris Saint-Germain Football Club vs Lille Olympique Sporting Club
[2460532] Could not find attributes for julien klein (CS Fola Esch, 2014)
[2460532] Failed to build match row: Idrottsföreningen Kamraterna Göteborg vs CS Fola Esch
[2492455] Could not find attributes for joaozinho (FK Krasnodar, 2014)
[2492455] Failed to build match row: Everton Football Club vs FK Krasnodar
[2718743] Could not find attributes for darko brasanac (Real Betis Balompié S.A.D., 2016)
[2865139] Could not find attributes for ashton gotz (Roda JC Kerkrade, 2017)
[2865139] Failed to build match row: AFC Ajax Amsterdam vs Roda JC Kerkrade

Keepers & outfield error for **Olympique Gymnaste Club Nice Côte d'Azur** in Olympique Gymnaste Club Nice Côte d'Azur vs Stade brestois 29: Numbers: 2 and 9.
[2718743] Failed to build match row: Real Betis Balompié S.A.D. vs Granada CF
[2335669] Failed to scrape lineup: https://www.transfermarkt.co.uk/sk-tavriya-simferopol-2022-_chornomorets-odessa/index/spielbericht/2335669
[3199621] Failed to build match row: Olympique Gymnaste Club Nice Côte d'Azur vs Stade brestois 29
[3069617] Failed to scrape lineup: https://www.transfermarkt.co.uk/sporting-cp_portimonense-sc/index/spielbericht/3069617
[2578133] Failed to scrape lineup: https://www.transfermarkt.co.uk/tottenham-hotspur_watford-fc/index/spielbericht/2578133
[2526241] Failed to scrape lineup: https://www.transfermarkt.co.uk/fc-pacos-de-ferreira_sc-braga/index/spielbericht/2526241
[3223057] Could not find attributes for emmanuel adebayor (Kayserispor Kulübü, 2019)
[3223057] Failed to build match row: Kayserispor Kulübü vs Denizlispor
[2478814] Failed to scrape lineup: https://www.transfermarkt.co.uk/udinese-calcio_ss-lazio/index/spielbericht/2478814
[2883881] Could not find attributes for sergiy rybalka (Sivasspor, 2017)
[3229530] Could not find attributes for ragnar klavan (Cagliari Calcio, 2019)
[2883881] Failed to build match row: Sivasspor vs Antalyaspor
[3229530] Failed to build match row: Cagliari Calcio vs Juventus Football Club
[3055766] Could not find attributes for dmytro bezotosnyi (FK Qabala, 2018)
[3055766] Failed to build match row: FK Qabala vs FC Progrès Niederkorn
[2722721] Could not find attributes for yonathan del valle (Bursaspor, 2016)
[2722721] Failed to build match row: Bursaspor vs Antalyaspor
[2728583] Could not find attributes for ryan dow (Ross County FC, 2016)
[2728583] Failed to build match row: Ross County FC vs Partick Thistle FC
[3212641] Could not find attributes for show (B SAD, 2019)
[3212641] Failed to build match row: B SAD vs Sporting Clube de Portugal
[2609807] Could not find attributes for saidi ntibazonkiza (SM Caen, 2015)
[2609807] Failed to build match row: Paris Saint-Germain Football Club vs SM Caen
[2482438] Could not find attributes for didier ndong (Football Club Lorient-Bretagne Sud, 2014)
[2482438] Failed to build match row: Olympique de Marseille vs Football Club Lorient-Bretagne Sud
[3208811] Failed to scrape lineup: https://www.transfermarkt.co.uk/valencia-cf_real-madrid/index/spielbericht/3208811
[2899865] Failed to scrape lineup: https://www.transfermarkt.co.uk/girona-fc_sd-eibar/index/spielbericht/2899865
[2505056] Could not find attributes for terry dunfield (Ross County FC, 2014)
[2505056] Failed to build match row: The Celtic Football Club vs Ross County FC
[2772624] Could not find attributes for bruce wilson (Chesham United, 2016)
[2772624] Failed to build match row: Peterborough United vs Chesham United
[2323743] Failed to scrape lineup: https://www.transfermarkt.co.uk/volga-nizhniy-novgorod-2016-_lokomotiv-moscow/index/spielbericht/2323743
[2331177] Failed to scrape lineup: https://www.transfermarkt.co.uk/fc-toulouse_valenciennes-fc/index/spielbericht/2331177
Not enough players found for lineup: 11, 0.
[2492456] Failed to scrape lineup: https://www.transfermarkt.co.uk/spielbericht/index/spielbericht/2492456
[2754290] Could not find attributes for predrag rajkovic (Maccabi Tel Aviv, 2016)
[2754290] Failed to build match row: Maccabi Tel Aviv vs AO FK Zenit Sankt-Peterburg

Keepers & outfield error for **Clube Desportivo Santa Clara** in Clube Desportivo Santa Clara vs Desportivo Aves (- 2020): Numbers: 0 and 11.

Keepers & outfield error for **Grupo Desportivo Estoril Praia** in Vitória Sport Clube vs Grupo Desportivo Estoril Praia: Numbers: 3 and 8.
[2526242] Failed to build match row: Vitória Sport Clube vs Grupo Desportivo Estoril Praia
[3069618] Failed to build match row: Clube Desportivo Santa Clara vs Desportivo Aves (- 2020)
[2335670] Could not find attributes for libor hrdlicka (Metalurg Zaporizhya (-2016), 2013)

Keepers & outfield error for **Palermo FC** in Palermo FC vs Società Sportiva Calcio Napoli: Numbers: 0 and 11.
[2893185] Could not find attributes for dragos nedelcu (F.C.V. Farul Constanța SA, 2017)
[2335670] Failed to build match row: Metalurg Zaporizhya (-2016) vs Futbolniy Klub Dynamo Kyiv
[2893185] Failed to build match row: F.C.V. Farul Constanța SA vs APOEL Nicosia
[3079432] Failed to scrape lineup: https://www.transfermarkt.co.uk/deportivo-alaves_villarreal-cf/index/spielbericht/3079432
[2478815] Failed to build match row: Palermo FC vs Società Sportiva Calcio Napoli
[2470297] Failed to scrape lineup: https://www.transfermarkt.co.uk/gaziantepspor_konyaspor/index/spielbericht/2470297
[3047702] Could not find attributes for rafael leao (Lille Olympique Sporting Club, 2018)
[3229531] Could not find attributes for giulio donati (Unione Sportiva Lecce, 2019)
[3047702] Failed to build match row: Lille Olympique Sporting Club vs Toulouse Football Club
[3141062] Could not find attributes for mounir el hamdaoui (Excelsior Rotterdam, 2018)
[3229531] Failed to build match row: Udinese Calcio vs Unione Sportiva Lecce
[2578134] Could not find attributes for vito mannone (Sunderland Association Football Club, 2015)
[3141062] Failed to build match row: Excelsior Rotterdam vs De Graafschap Doetinchem
[2578134] Failed to build match row: Liverpool Football Club vs Sunderland Association Football Club
[2883882] Could not find attributes for patrick friday eze (Konyaspor, 2017)
[2883882] Failed to build match row: Yeni Malatyaspor vs Konyaspor
[2645557] Could not find attributes for alex schalk (Ross County FC, 2015)
[2645557] Failed to build match row: Ross County FC vs Aberdeen Football Club
[3212642] Could not find attributes for rafa silva (Sport Lisboa e Benfica, 2019)
[3212642] Failed to build match row: Sport Lisboa e Benfica vs Clube Desportivo Santa Clara
[3294620] Could not find attributes for chechu (CP Cacereño, 2019)
[2505057] Could not find attributes for stevie mallan (Saint Mirren Football Club, 2014)
[2492457] Could not find attributes for boubacar copa (KSC Lokeren (- 2020), 2014)
[3294620] Failed to build match row: CP Cacereño vs SD Eibar
[2698008] Could not find attributes for peter crouch (Stoke City, 2016)
[2698008] Failed to build match row: Everton Football Club vs Stoke City
[2505057] Failed to build match row: Dundee Football Club vs Saint Mirren Football Club
[2492457] Failed to build match row: KSC Lokeren (- 2020) vs Metalist Kharkiv (- 2016)
[3394965] Could not find attributes for yuto nagatomo (Olympique de Marseille, 2020)
[3083969] Could not find attributes for sergiy sitalo (Arsenal Kyiv, 2018)
[3083969] Failed to build match row: Arsenal Kyiv vs Karpaty Lviv (-2021)
[2593998] Could not find attributes for sabri sarioglu (Galatasaray Spor Kulübü, 2015)
[3394965] Failed to build match row: Olympique de Marseille vs Racing Club de Strasbourg Alsace
[2593998] Failed to build match row: Çaykur Rizespor Kulübü vs Galatasaray Spor Kulübü
[3055767] Could not find attributes for sebastien flauss (FC Progrès Niederkorn, 2018)
[3055767] Failed to build match row: FC Progrès Niederkorn vs FK Qabala
[2331178] Could not find attributes for stoppila sunzu (FC Sochaux-Montbéliard, 2013)
[2323748] Could not find attributes for dmytro bezotosnyi (Chornomorets Odesa, 2013)
[2331178] Failed to build match row: FC Sochaux-Montbéliard vs Thonon Évian Grand Genève FC
[2323748] Failed to build match row: Chornomorets Odesa vs FC Shakhtar Donetsk
[3223058] Could not find attributes for marko scepovic (Çaykur Rizespor Kulübü, 2019)
[3223058] Failed to build match row: İstanbul Başakşehir Futbol Kulübü vs Çaykur Rizespor Kulübü
[3199623] Could not find attributes for stephy mavididi (Dijon FCO, 2019)
[2335671] Could not find attributes for oleksandr nad (Goverla Uzhgorod (- 2016), 2013)

Keepers & outfield error for **Chelsea Football Club** in Chelsea Football Club vs Newcastle United Football Club: Numbers: 2 and 9.
[3199623] Failed to build match row: Dijon FCO vs Association sportive de Monaco Football Club
[2335671] Failed to build match row: Goverla Uzhgorod (- 2016) vs Metalist Kharkiv (- 2016)

Keepers & outfield error for **UC Sampdoria** in UC Sampdoria vs Associazione Calcio Milan: Numbers: 2 and 9.
[2578135] Failed to build match row: Chelsea Football Club vs Newcastle United Football Club
[2700812] Could not find attributes for oussama assaidi (Football Club Twente, 2016)
[3069619] Could not find attributes for lionn (GD Chaves, 2018)
[3069619] Failed to build match row: GD Chaves vs Rio Ave Futebol Clube
[3229532] Failed to build match row: UC Sampdoria vs Associazione Calcio Milan
[2700812] Failed to build match row: Football Club Twente vs Feyenoord Rotterdam
[2919847] Could not find attributes for petr jiracek (FC Trinity Zlin, 2017)
[3255921] Failed to scrape lineup: https://www.transfermarkt.co.uk/spielbericht/index/spielbericht/3255921
[2919847] Failed to build match row: FC Trinity Zlin vs Football Club København
[2893186] Could not find attributes for boy waterman (APOEL Nicosia, 2017)
[2893186] Failed to build match row: APOEL Nicosia vs F.C.V. Farul Constanța SA
[2583551] Failed to scrape lineup: https://www.transfermarkt.co.uk/spielbericht/index/spielbericht/2583551
[2754291] Could not find attributes for ales mateju (FC Viktoria Plzeň, a.s., 2016)
[2754291] Failed to build match row: FC Viktoria Plzeň, a.s. vs Associazione Sportiva Roma
[3047703] Could not find attributes for giulian biancone (Association sportive de Monaco Football Club, 2018)
[3047703] Failed to build match row: Association sportive de Monaco Football Club vs EA Guingamp
[2609809] Could not find attributes for kamil grosicki (Rennes, 2015)
[2609809] Failed to build match row: Rennes vs EA Guingamp
[2593999] Could not find attributes for artur moraes (Ankaraspor, 2015)

Keepers & outfield error for **Cheltenham Town** in Cheltenham Town vs Maidstone United: Numbers: 0 and 11.
[2772625] Could not find attributes for ashley carter (Kidderminster Harriers, 2016)
[2460533] Could not find attributes for tonny mawejje (FK Haugesund, 2014)

Keepers & outfield error for **Vitória Setúbal FC** in Vitória Setúbal FC vs Futebol Clube do Porto: Numbers: 2 and 9.
[2593999] Failed to build match row: Eskisehirspor vs Ankaraspor
[2526244] Failed to build match row: Vitória Setúbal FC vs Futebol Clube do Porto
[2460533] Failed to build match row: FK Haugesund vs Airbus UK Broughton
[2949857] Failed to build match row: Cheltenham Town vs Maidstone United
[2772625] Failed to build match row: Blackpool FC vs Kidderminster Harriers
[3212644] Could not find attributes for andraz sporar (Sporting Clube de Portugal, 2019)

Keepers & outfield error for **Alaves** in Alaves vs Deportivo de La Coruña: Numbers: 2 and 9.
[2478816] Could not find attributes for mcdonald mariga (Parma Calcio 1913, 2014)
[3294621] Could not find attributes for yaser hamed (Club Portugalete, 2019)
[3294621] Failed to build match row: Club Portugalete vs Real Betis Balompié S.A.D.
[2478816] Failed to build match row: Associazione Sportiva Roma vs Parma Calcio 1913
[3212644] Failed to build match row: Sporting Clube de Portugal vs Gil Vicente Futebol Clube
[3055768] Could not find attributes for otso virtanen (Kuopion Palloseura, 2018)
[3199624] Could not find attributes for timothee kolodziejczak (AS Saint-Étienne, 2019)
[2718745] Failed to build match row: Alaves vs Deportivo de La Coruña
[3055768] Failed to build match row: Kuopion Palloseura vs Football Club København
[3199624] Failed to build match row: AS Saint-Étienne vs Stade Reims
[2583552] Failed to scrape lineup: https://www.transfermarkt.co.uk/spielbericht/index/spielbericht/2583552

Keepers & outfield error for **Deportivo de La Coruña** in Deportivo de La Coruña vs Futbol Club Barcelona: Numbers: 2 and 9.
[2492458] Could not find attributes for oleksandr goryainov (Metalist Kharkiv (- 2016), 2014)
[2899867] Failed to build match row: Deportivo de La Coruña vs Futbol Club Barcelona
[2492458] Failed to build match row: Metalist Kharkiv (- 2016) vs Legia Warszawa Spółka Akcyjna
[2865141] Could not find attributes for nick proschwitz (Sparta Rotterdam, 2017)

Keepers & outfield error for **Aberdeen Football Club** in Inverness Caledonian Thistle FC vs Aberdeen Football Club: Numbers: 0 and 11.
[2893187] Could not find attributes for josip elez (Hrvatski Nogometni Klub Rijeka, 2017)
[2865141] Failed to build match row: Sparta Rotterdam vs Football Club Utrecht
[2621208] Could not find attributes for fermin sobron (UD Logroñés, 2015)
[2505058] Failed to build match row: Inverness Caledonian Thistle FC vs Aberdeen Football Club
[2700813] Could not find attributes for ouasim bouy (Prins Hendrik Ende Desespereert Nimmer Combinatie Zwolle, 2016)
[2893187] Failed to build match row: Fußballclub Red Bull Salzburg vs Hrvatski Nogometni Klub Rijeka

Keepers & outfield error for **Fenerbahçe Spor Kulübü** in Akhisarspor vs Fenerbahçe Spor Kulübü: Numbers: 0 and 11.
[2621208] Failed to build match row: UD Logroñés vs Linares Deportivo
[2700813] Failed to build match row: Sparta Rotterdam vs Prins Hendrik Ende Desespereert Nimmer Combinatie Zwolle
[2883883] Failed to build match row: Akhisarspor vs Fenerbahçe Spor Kulübü
[2482440] Could not find attributes for ferjani sassi (Football Club de Metz, 2014)
[2482440] Failed to build match row: FC Girondins Bordeaux vs Football Club de Metz
[2594000] Failed to scrape lineup: https://www.transfermarkt.co.uk/trabzonspor_genclerbirligi-ankara/index/spielbericht/2594000
[3099231] Could not find attributes for frank boya (Royal Excel Mouscron (-2022), 2018)
[3099231] Failed to build match row: Royal Excel Mouscron (-2022) vs SK Beveren

Keepers & outfield error for **Real Betis Balompié S.A.D.** in Real Betis Balompié S.A.D. vs Club Atlético de Madrid S.A.D.: Numbers: 2 and 9.
[3208813] Failed to build match row: Real Betis Balompié S.A.D. vs Club Atlético de Madrid S.A.D.

Keepers & outfield error for **CF Os Belenenses** in CF Os Belenenses vs Rio Ave Futebol Clube: Numbers: 4 and 7.
[2335672] Could not find attributes for yevgen past (Chornomorets Odesa, 2013)
[2526245] Failed to build match row: CF Os Belenenses vs Rio Ave Futebol Clube
[2335672] Failed to build match row: Chornomorets Odesa vs Arsenal Kyiv
[3069621] Failed to scrape lineup: https://www.transfermarkt.co.uk/cs-maritimo_moreirense-fc/index/spielbericht/3069621
[2919848] Could not find attributes for jander (Apollon Limassol, 2017)
[2919848] Failed to build match row: Atalanta Bergamasca Calcio S.p.a. vs Apollon Limassol
[2754292] Could not find attributes for florin lovin (Astra Giurgiu (- 2024), 2016)
[2754292] Failed to build match row: Astra Giurgiu (- 2024) vs Fußballklub Austria Wien
[2350381] Could not find attributes for modibo maiga (West Ham United Football Club, 2013)
[2350381] Failed to build match row: West Ham United Football Club vs Stoke City
[2621210] Could not find attributes for juanfran (CF Villanovense, 2015)
[2621210] Failed to build match row: CF Villanovense vs Peña Sport FC
[2609811] Could not find attributes for ludovic blas (EA Guingamp, 2015)
[2609811] Failed to build match row: EA Guingamp vs SM Caen

Keepers & outfield error for **Association sportive de Monaco Football Club** in Racing Club de Lens vs Association sportive de Monaco Football Club: Numbers: 2 and 9.
[2482441] Failed to build match row: Racing Club de Lens vs Association sportive de Monaco Football Club
[2594001] Could not find attributes for serkan kirintili (Konyaspor, 2015)
[2594001] Failed to build match row: Konyaspor vs Eskisehirspor
[3199625] Failed to scrape lineup: https://www.transfermarkt.co.uk/olympique-marseille_fc-nantes/index/spielbericht/3199625
[3099232] Could not find attributes for olivier deschacht (KSC Lokeren (- 2020), 2018)

Keepers & outfield error for **Boavista FC** in Boavista FC vs Moreirense Futebol Clube: Numbers: 3 and 8.
[3099232] Failed to build match row: Royal Charleroi Sporting Club vs KSC Lokeren (- 2020)
[3055769] Could not find attributes for zeca (Football Club København, 2018)
[2526246] Failed to build match row: Boavista FC vs Moreirense Futebol Clube
[3055769] Failed to build match row: Football Club København vs Kuopion Palloseura
[3047704] Failed to scrape lineup: https://www.transfermarkt.co.uk/montpellier-hsc_olympique-lyon/index/spielbericht/3047704
[2872457] Failed to scrape lineup: https://www.transfermarkt.co.uk/brighton-amp-hove-albion_tottenham-hotspur/index/spielbericht/2872457
[2335673] Failed to scrape lineup: https://www.transfermarkt.co.uk/karpaty-lviv-2021-_goverla-uzhgorod-2016-/index/spielbericht/2335673
[2492459] Could not find attributes for vladimir disljenkovic (Metalist Kharkiv (- 2016), 2014)
[2492459] Failed to build match row: Legia Warszawa Spółka Akcyjna vs Metalist Kharkiv (- 2016)
[2865142] Failed to scrape lineup: https://www.transfermarkt.co.uk/vitesse-arnhem_ado-den-haag/index/spielbericht/2865142
[2478818] Failed to scrape lineup: https://www.transfermarkt.co.uk/juventus-fc_atalanta-bc/index/spielbericht/2478818
[3069622] Failed to scrape lineup: https://www.transfermarkt.co.uk/vitoria-setubal-fc_cd-tondela/index/spielbericht/3069622
[3255923] Failed to scrape lineup: https://www.transfermarkt.co.uk/spielbericht/index/spielbericht/3255923
[2604073] Failed to scrape lineup: https://www.transfermarkt.co.uk/torino-fc_genoa-cfc/index/spielbericht/2604073
[2919849] Could not find attributes for nikola vlasic (Everton Football Club, 2017)
[3212645] Could not find attributes for chiquinho (Sport Lisboa e Benfica, 2019)
[3223059] Failed to scrape lineup: https://www.transfermarkt.co.uk/gaziantep-fk_goztepe/index/spielbericht/3223059
[2919849] Failed to build match row: Everton Football Club vs Olympique Lyonnais
[3212645] Failed to build match row: CS Marítimo vs Sport Lisboa e Benfica
[2698010] Could not find attributes for jordi amat (Swansea City, 2016)
[2609812] Could not find attributes for christopher nkunku (Paris Saint-Germain Football Club, 2015)
[2609812] Failed to build match row: FC Girondins Bordeaux vs Paris Saint-Germain Football Club
[2893188] Could not find attributes for josip elez (Hrvatski Nogometni Klub Rijeka, 2017)
[2893188] Failed to build match row: Hrvatski Nogometni Klub Rijeka vs Fußballclub Red Bull Salzburg

Keepers & outfield error for **Paris Saint-Germain Football Club** in Paris Saint-Germain Football Club vs Montpellier HSC: Numbers: 2 and 9.
[2331181] Failed to build match row: Paris Saint-Germain Football Club vs Montpellier HSC
[2335674] Could not find attributes for dmitriy nepogodov (Vorskla Poltava, 2013)
[3055770] Could not find attributes for salahat agayev (Neftchi Baku, 2018)
[2335674] Failed to build match row: Vorskla Poltava vs Volyn Lutsk

Keepers & outfield error for **FC Girondins Bordeaux** in Paris Saint-Germain Football Club vs FC Girondins Bordeaux: Numbers: 2 and 9.

Keepers & outfield error for **FC Girondins Bordeaux** in FC Girondins Bordeaux vs Rennes: Numbers: 2 and 9.
[3394969] Failed to build match row: FC Girondins Bordeaux vs Rennes

Keepers & outfield error for **SD Eibar** in SD Eibar vs Granada CF: Numbers: 2 and 9.
[3199626] Failed to build match row: Paris Saint-Germain Football Club vs FC Girondins Bordeaux
[3208814] Failed to build match row: SD Eibar vs Granada CF
[3255924] Could not find attributes for luis ribeiro (FC Penafiel, 2019)

Keepers & outfield error for **Rio Ave Futebol Clube** in Rio Ave Futebol Clube vs Sporting Clube de Braga: Numbers: 2 and 9.
[3255924] Failed to build match row: FC Penafiel vs Sporting Clube de Braga
[3212646] Failed to build match row: Rio Ave Futebol Clube vs Sporting Clube de Braga

Keepers & outfield error for **Rio Ave Futebol Clube** in Rio Ave Futebol Clube vs FC Paços de Ferreira: Numbers: 0 and 11.
[2526247] Failed to build match row: Rio Ave Futebol Clube vs FC Paços de Ferreira
[3079433] Failed to scrape lineup: https://www.transfermarkt.co.uk/athletic-bilbao_valencia-cf/index/spielbericht/3079433
[2866134] Failed to scrape lineup: https://www.transfermarkt.co.uk/spielbericht/index/spielbericht/2866134
[2326518] Could not find attributes for sergey naumenko (UkrAgroKom Golovkivka, 2013)
[2326518] Failed to build match row: UkrAgroKom Golovkivka vs Naftovyk-Ukrnafta Okhtyrka
[3223060] Could not find attributes for afriyie acquah (Yeni Malatyaspor, 2019)
[3223060] Failed to build match row: Antalyaspor vs Yeni Malatyaspor
[3047706] Failed to scrape lineup: https://www.transfermarkt.co.uk/stade-reims_sm-caen/index/spielbericht/3047706
[2893205] Failed to build match row: Qarabağ FK vs FC Sheriff Tiraspol

Keepers & outfield error for **Sporting Clube de Braga** in Sporting Clube de Braga vs Vitória Sport Clube: Numbers: 0 and 11.
[2331182] Failed to scrape lineup: https://www.transfermarkt.co.uk/sc-bastia_fc-nantes/index/spielbericht/2331182
[3069623] Failed to build match row: Sporting Clube de Braga vs Vitória Sport Clube
[3083970] Failed to build match row: Futbolniy Klub Dynamo Kyiv vs Chornomorets Odesa
[2492460] Could not find attributes for boubacar copa (KSC Lokeren (- 2020), 2014)
[2492460] Failed to build match row: KSC Lokeren (- 2020) vs Legia Warszawa Spółka Akcyjna
[2919850] Could not find attributes for florian klein (Fußballklub Austria Wien, 2017)
[2919850] Failed to build match row: Fußballklub Austria Wien vs Hrvatski Nogometni Klub Rijeka
[2700815] Could not find attributes for ouasim bouy (Prins Hendrik Ende Desespereert Nimmer Combinatie Zwolle, 2016)
[3212647] Could not find attributes for ivo pinto (Futebol Clube de Famalicão, 2019)
[3212647] Failed to build match row: Futebol Clube de Famalicão vs Portimonense SC
[2700815] Failed to build match row: Prins Hendrik Ende Desespereert Nimmer Combinatie Zwolle vs Nijmegen Eendracht Combinatie
[2335675] Could not find attributes for dmitriy nepogodov (Vorskla Poltava, 2013)
[2335675] Failed to build match row: Vorskla Poltava vs FK Mariupol

Keepers & outfield error for **Verona Hellas Football Club** in AC Carpi vs Verona Hellas Football Club: Numbers: 0 and 11.
[2604075] Failed to build match row: AC Carpi vs Verona Hellas Football Club
[2718746] Could not find attributes for mamadou kone (CD Leganés, 2016)
[2718746] Failed to build match row: CD Leganés vs Futbol Club Barcelona
[2460534] Could not find attributes for ville iiskola (Myllykosken Pallo -47, 2014)
[2460534] Failed to build match row: Myllykosken Pallo -47 vs ÍF Fuglafjördur
[3255925] Could not find attributes for Carlinhos (Vitória Setúbal FC, 2019)
[3255925] Failed to build match row: Vitória Setúbal FC vs Vitória Sport Clube

Keepers & outfield error for **Futebol Clube do Porto** in Futebol Clube do Porto vs Gil Vicente Futebol Clube: Numbers: 2 and 9.
[2526248] Failed to build match row: Futebol Clube do Porto vs Gil Vicente Futebol Clube

Keepers & outfield error for **FC Girondins Bordeaux** in Football Club de Nantes vs FC Girondins Bordeaux: Numbers: 2 and 9.
[2777378] Could not find attributes for david lynch (FC Halifax Town, 2016)
[3208816] Could not find attributes for nemanja radoja (Levante Unión Deportiva S.A.D., 2019)
[2777378] Failed to build match row: FC Halifax Town vs Dagenham & Redbridge FC
[3394975] Failed to build match row: Football Club de Nantes vs FC Girondins Bordeaux
[3208816] Failed to build match row: Levante Unión Deportiva S.A.D. vs Celta
[2866135] Could not find attributes for steven saunders (The New Saints, 2017)
[2866135] Failed to build match row: The New Saints vs Europa FC
[3229534] Could not find attributes for samir ujkani (Torino Calcio, 2019)
[2505060] Failed to scrape lineup: https://www.transfermarkt.co.uk/motherwell-fc_partick-thistle-fc/index/spielbericht/2505060
[3229534] Failed to build match row: Torino Calcio vs Associazione Sportiva Roma
[3083971] Could not find attributes for bogdan shust (Vorskla Poltava, 2018)
[2609814] Could not find attributes for morgan amalfitano (Lille Olympique Sporting Club, 2015)
[2893206] Could not find attributes for zvonimir mikulic (FC Sheriff Tiraspol, 2017)
[3083971] Failed to build match row: Vorskla Poltava vs FC Oleksandriya
[3294622] Could not find attributes for chakir (AD Ceuta FC, 2019)
[2893206] Failed to build match row: FC Sheriff Tiraspol vs Qarabağ FK
[2609814] Failed to build match row: Lille Olympique Sporting Club vs Angers Sporting Club de l'Ouest
[3055771] Could not find attributes for mijusko bojovic (Újpest FC, 2018)
[3294622] Failed to build match row: AD Ceuta FC vs Real Sociedad de Fútbol S.A.D.
[3055771] Failed to build match row: Újpest FC vs Neftchi Baku
[2492461] Could not find attributes for oleksandr goryainov (Metalist Kharkiv (- 2016), 2014)
[3141066] Could not find attributes for lasse schone (AFC Ajax Amsterdam, 2018)
[2492461] Failed to build match row: Metalist Kharkiv (- 2016) vs KSC Lokeren (- 2020)
[3141066] Failed to build match row: AFC Ajax Amsterdam vs Sportclub Heerenveen
[2335676] Could not find attributes for denys boyko (Dnipro Dnipropetrovsk (-2020), 2013)
[2335676] Failed to build match row: Dnipro Dnipropetrovsk (-2020) vs FC Shakhtar Donetsk
[2899868] Failed to scrape lineup: https://www.transfermarkt.co.uk/sd-eibar_getafe-cf/index/spielbericht/2899868
[2350711] Failed to scrape lineup: https://www.transfermarkt.co.uk/spielbericht/index/spielbericht/2350711
[2583553] Failed to scrape lineup: https://www.transfermarkt.co.uk/spielbericht/index/spielbericht/2583553
[2872459] Failed to scrape lineup: https://www.transfermarkt.co.uk/everton-fc_newcastle-united/index/spielbericht/2872459
[2361078] Failed to scrape lineup: https://www.transfermarkt.co.uk/spielbericht/index/spielbericht/2361078
[2460535] Failed to scrape lineup: https://www.transfermarkt.co.uk/spielbericht/index/spielbericht/2460535
[2754295] Could not find attributes for ishak belfodil (Royal Standard Club de Liège, 2016)
[2754295] Failed to build match row: Royal Standard Club de Liège vs Celta
[3047708] Could not find attributes for julio tavares (Dijon FCO, 2018)
[3047708] Failed to build match row: AS Saint-Étienne vs Dijon FCO

Keepers & outfield error for **Motherwell Football Club** in The Celtic Football Club vs Motherwell Football Club: Numbers: 2 and 9.
[2728589] Failed to build match row: The Celtic Football Club vs Motherwell Football Club
[2621372] Could not find attributes for richie wilkes (Lothian Thistle Hutchison Vale FC, 2015)
[2621372] Failed to build match row: Lothian Thistle Hutchison Vale FC vs Kelty Hearts FC
[2866136] Could not find attributes for mark stafford (Linfield FC, 2017)
[2866136] Failed to build match row: Linfield FC vs La Fiorita 1967

Keepers & outfield error for **Real Club Deportivo Mallorca S.A.D.** in Real Club Deportivo Mallorca S.A.D. vs Sevilla Fútbol Club S.A.D.: Numbers: 2 and 9.
[2949858] Could not find attributes for inih effiong (Woking FC, 2017)
[3208817] Failed to build match row: Real Club Deportivo Mallorca S.A.D. vs Sevilla Fútbol Club S.A.D.
[2326519] Could not find attributes for artem beloshapka (PFK Sumy (-2019), 2013)
[2949858] Failed to build match row: Woking FC vs Bury FC
[2326519] Failed to build match row: PFK Sumy (-2019) vs Bukovyna Chernivtsi
[3083972] Could not find attributes for bogdan sarnavskyi (PFK Lviv, 2018)
[3083972] Failed to build match row: PFK Lviv vs FK Mariupol
[2893207] Could not find attributes for filip kljajic (Fudbalski Klub Partizan Beograd, 2017)
[2893207] Failed to build match row: Fudbalski Klub Partizan Beograd vs Olympiakos Syndesmos Filathlon Peiraios
[2350712] Could not find attributes for giorgi loria (Dinamo Tbilisi, 2013)
[2350712] Failed to build match row: Dinamo Tbilisi vs SC Fotbal Club FCSB SA
[2754296] Could not find attributes for zeca (Panathinaikos Athlitikos Omilos, 2016)
[2754296] Failed to build match row: Panathinaikos Athlitikos Omilos vs AFC Ajax Amsterdam
[2331183] Failed to scrape lineup: https://www.transfermarkt.co.uk/stade-reims_stade-rennais-fc/index/spielbericht/2331183

Keepers & outfield error for **Rio Ave Futebol Clube** in Rio Ave Futebol Clube vs Futbolniy Klub Dynamo Kyiv: Numbers: 0 and 11.
[2492462] Failed to build match row: Rio Ave Futebol Clube vs Futbolniy Klub Dynamo Kyiv
[3069624] Failed to scrape lineup: https://www.transfermarkt.co.uk/boavista-fc_sporting-cp/index/spielbericht/3069624
[2609815] Could not find attributes for casimir ninga (Montpellier HSC, 2015)
[3212648] Failed to scrape lineup: https://www.transfermarkt.co.uk/fc-pacos-de-ferreira_fc-porto/index/spielbericht/3212648
[2609815] Failed to build match row: Montpellier HSC vs ESTAC Troyes
[2700816] Failed to scrape lineup: https://www.transfermarkt.co.uk/heracles-almelo_roda-jc-kerkrade/index/spielbericht/2700816
[2594002] Failed to scrape lineup: https://www.transfermarkt.co.uk/kayserispor_kasimpasa/index/spielbericht/2594002

Keepers & outfield error for **Crewe Alexandra** in Crewe Alexandra vs Rotherham United: Numbers: 2 and 9.
[2949859] Failed to build match row: Crewe Alexandra vs Rotherham United
[3229535] Could not find attributes for georgi tunjov (SPAL, 2019)
[3229535] Failed to build match row: Verona Hellas Football Club vs SPAL
[2919852] Could not find attributes for jan lastuvka (SK Slavia Praha, a.s., 2017)
[2919852] Failed to build match row: Villarreal Club de Fútbol S.A.D. vs SK Slavia Praha, a.s.

Keepers & outfield error for **CF Os Belenenses** in Académica Coimbra vs CF Os Belenenses: Numbers: 4 and 7.
[2526250] Failed to build match row: Académica Coimbra vs CF Os Belenenses
[3223061] Could not find attributes for hasan kaya (MKE Ankaragücü, 2019)
[3223061] Failed to build match row: MKE Ankaragücü vs Gençlerbirliği Spor Kulübü

Keepers & outfield error for **Motherwell Football Club** in Aberdeen Football Club vs Motherwell Football Club: Numbers: 2 and 9.
[2728590] Failed to build match row: Aberdeen Football Club vs Motherwell Football Club
[3294623] Could not find attributes for valentin prieto (Zamora CF, 2019)
[2470299] Could not find attributes for tomislav glumac (Balikesirspor, 2014)

Keepers & outfield error for **Aberdeen Football Club** in Aberdeen Football Club vs St. Johnstone FC: Numbers: 0 and 11.

Keepers & outfield error for **Real Sociedad de Fútbol S.A.D.** in Club Atlético Osasuna vs Real Sociedad de Fútbol S.A.D.: Numbers: 2 and 9.
[2470299] Failed to build match row: Sivasspor vs Balikesirspor
[2326520] Could not find attributes for yevgen shyryaev (Zirka Kropyvnytskyi, 2013)
[3294623] Failed to build match row: Zamora CF vs Real Club Deportivo Mallorca S.A.D.
[2505062] Failed to build match row: Aberdeen Football Club vs St. Johnstone FC
[2698013] Failed to scrape lineup: https://www.transfermarkt.co.uk/tottenham-hotsp[3208818] Failed to build match row: Club Atlético Osasuna vs Real Sociedad de Fútbol S.A.D.
[2326520] Failed to build match row: Zirka Kropyvnytskyi vs Stal Alchevsk (-2014)
[2623406] Failed to build match row: Chertanovo Moscow vs FC Kaluga
[2883886] Failed to scrape lineup: https://www.transfermarkt.co.uk/kayserispor_bursaspor/index/spielbericht/2883886
[2578140] Failed to scrape lineup: https://www.transfermarkt.co.uk/sunderland-afc_manchester-united/index/spielbericht/2578140
[2645721] Could not find attributes for shuai li (Guangzhou Evergrande, 2015)
[2645721] Failed to build match row: Futbol Club Barcelona vs Guangzhou Evergrande
[3099233] Failed to scrape lineup: https://www.transfermarkt.co.uk/club-brugge-kv_cercle-brugge/index/spielbericht/3099233
[3229536] Could not find attributes for ragnar klavan (Cagliari Calcio, 2019)

Keepers & outfield error for **Olympique Lyonnais** in Olympique Lyonnais vs Football Club Lorient-Bretagne Sud: Numbers: 2 and 9.
[2893208] Could not find attributes for filip kljajic (Fudbalski Klub Partizan Beograd, 2017)
[2604076] Could not find attributes for albano bizzarri (Chievo Verona, 2015)
[3055772] Failed to scrape lineup: https://www.transfermarkt.co.uk/spielbericht/index/spielbericht/3055772
[3394977] Failed to build match row: Olympique Lyonnais vs Football Club Lorient-Bretagne Sud
[3141067] Failed to scrape lineup: https://www.transfermarkt.co.uk/feyenoord-rotterdam_ajax-amsterdam/index/spielbericht/3141067
[2893208] Failed to build match row: Olympiakos Syndesmos Filathlon Peiraios vs Fudbalski Klub Partizan Beograd
[2604076] Failed to build match row: Chievo Verona vs UC Sampdoria
[2866137] Could not find attributes for atli gregersen (Víkingur Gøta, 2017)
[2866137] Failed to build match row: Víkingur Gøta vs KF Trepca 89
[2335677] Failed to scrape lineup: https://www.transfermarkt.co.uk/metalurg-donetsk-2015-_arsenal-kyiv/index/spielbericht/2335677
[2492463] Could not find attributes for giedrius arlauskis (SC Fotbal Club FCSB SA, 2014)
[2492463] Failed to build match row: SC Fotbal Club FCSB SA vs Aalborg BK
[2722723] Could not find attributes for lamine gassama (Alanyaspor, 2016)
[2722723] Failed to build match row: Alanyaspor vs Akhisarspor
[2899869] Failed to scrape lineup: https://www.transfermarkt.co.uk/fc-barcelona_real-madrid/index/spielbericht/2899869
[2698014] Could not find attributes for jose cholevas (Watford FC, 2016)
[2698014] Failed to build match row: Watford FC vs Arsenal Football Club
[2460536] Failed to scrape lineup: https://www.transfermarkt.co.uk/spielbericht/index/spielbericht/2460536
[3047709] Failed to scrape lineup: https://www.transfermarkt.co.uk/rc-strasbourg-alsace_ogc-nice/index/spielbericht/3047709
[3083973] Failed to scrape lineup: https://www.transfermarkt.co.uk/shakhtar-donetsk_olimpik-donetsk/index/spielbericht/3083973
[2583554] Could not find attributes for gian marco pazzini (La Fiorita 1967, 2015)
[2583554] Failed to build match row: La Fiorita 1967 vs FC Vaduz
[2578141] Could not find attributes for christian fuchs (Leicester City, 2015)

Keepers & outfield error for **Futebol Clube de Arouca** in Futebol Clube de Arouca vs Boavista FC: Numbers: 2 and 9.
[2578141] Failed to build match row: Manchester City Football Club vs Leicester City
[2526251] Failed to build match row: Futebol Clube de Arouca vs Boavista FC
[3069625] Could not find attributes for rafa silva (Sport Lisboa e Benfica, 2018)
[3069625] Failed to build match row: Sport Lisboa e Benfica vs B SAD
[2866138] Could not find attributes for ruitm (Hibernians FC, 2017)
[2470300] Could not find attributes for pape diakhate (Kayseri Erciyesspor, 2014)

Keepers & outfield error for **Akhisarspor** in Akhisarspor vs Bursaspor: Numbers: 2 and 9.
[2866138] Failed to build match row: Hibernians FC vs FCI Tallinn
[2335678] Could not find attributes for oleksandr shovkovskyi (Futbolniy Klub Dynamo Kyiv, 2013)
[2594004] Failed to build match row: Akhisarspor vs Bursaspor
[2470300] Failed to build match row: Kayseri Erciyesspor vs Eskisehirspor
[2335678] Failed to build match row: Futbolniy Klub Dynamo Kyiv vs SK Tavriya Simferopol ( - 2022)
[3055773] Could not find attributes for gentian selmani (KF Laçi, 2018)
[3055773] Failed to build match row: KF Laçi vs Anorthosis Famagusta
[2728591] Could not find attributes for ryan nektarios edwards (Partick Thistle FC, 2016)
[3208820] Could not find attributes for moi gomez (Villarreal Club de Fútbol S.A.D., 2019)
[2728591] Failed to build match row: Partick Thistle FC vs Kilmarnock Football Club
[3208820] Failed to build match row: Villarreal Club de Fútbol S.A.D. vs Getafe Club de Fútbol S. A. D. Team Dubai
Not enough players found for lineup: 0, 0.
[2460537] Failed to scrape lineup: https://www.transfermarkt.co.uk/spielbericht/index/spielbericht/2460537

Keepers & outfield error for **Football Club de Metz** in Football Club de Metz vs Nîmes Olympique: Numbers: 0 and 11.
[3394978] Failed to build match row: Football Club de Metz vs Nîmes Olympique
[3083974] Could not find attributes for rustam khudzhamov (FK Mariupol, 2018)
[2361080] Could not find attributes for danilo soares (FC Ingolstadt 04, 2013)
[3083974] Failed to build match row: FK Mariupol vs FC Shakhtar Donetsk
[2361080] Failed to build match row: FSV Frankfurt vs FC Ingolstadt 04
[2698015] Could not find attributes for gareth mcauley (West Bromwich Albion, 2016)
[2492464] Could not find attributes for oleksandr rybka (Futbolniy Klub Dynamo Kyiv, 2014)
[2698015] Failed to build match row: West Bromwich Albion vs Middlesbrough FC
[2492464] Failed to build match row: Futbolniy Klub Dynamo Kyiv vs SC Fotbal Club FCSB SA
[3212649] Failed to scrape lineup: https://www.transfermarkt.co.uk/desportivo-aves-2020-_moreirense-fc/index/spielbericht/3212649
[2609816] Failed to scrape lineup: https://www.transfermarkt.co.uk/ogc-nice_stade-reims/index/spielbericht/2609816
[2919853] Failed to scrape lineup: https://www.transfermarkt.co.uk/spielbericht/index/spielbericht/2919853

Keepers & outfield error for **Göztepe Sportif Yatırımlar A.Ş.** in Göztepe Sportif Yatırımlar A.Ş. vs İstanbul Başakşehir Futbol Kulübü: Numbers: 0 and 11.
[2883887] Failed to build match row: Göztepe Sportif Yatırımlar A.Ş. vs İstanbul Başakşehir Futbol Kulübü
[2623407] Could not find attributes for evgeniy malov (MITOS Novocherkassk (-2016), 2015)
[2623407] Failed to build match row: MITOS Novocherkassk (-2016) vs SKVO Rostov-na-Donu
[3294624] Could not find attributes for eros delgado (UD Tamaraceite, 2019)
[3255926] Could not find attributes for jaime simoes (SC Covilhã, 2019)
[3294624] Failed to build match row: UD Tamaraceite vs Granada CF
[3255926] Failed to build match row: SC Covilhã vs Sport Lisboa e Benfica
[2872463] Could not find attributes for etienne capoue (Watford FC, 2017)
[2342294] Failed to scrape lineup: https://www.transfermarkt.co.uk/ado-den-haag_roda-jc-kerkrade/index/spielbericht/2342294
[2872463] Failed to build match row: Watford FC vs Crystal Palace Football Club

Keepers & outfield error for **Sport Lisboa e Benfica** in Sport Lisboa e Benfica vs FC Penafiel: Numbers: 2 and 9.
[2526252] Failed to build match row: Sport Lisboa e Benfica vs FC Penafiel
[3212650] Could not find attributes for show (B SAD, 2019)
[3212650] Failed to build match row: B SAD vs Clube Desportivo de Tondela
[2326521] Could not find attributes for sergiy rusan (Arsenal-Kyivshchyna Bila Tserkva, 2013)
[2326521] Failed to build match row: Arsenal-Kyivshchyna Bila Tserkva vs FK Ternopil
[2470301] Could not find attributes for marcio mossoro (İstanbul Başakşehir Futbol Kulübü, 2014)
[2335679] Could not find attributes for vitaliy nedilko (Volyn Lutsk, 2013)
[2470301] Failed to build match row: İstanbul Başakşehir Futbol Kulübü vs Çaykur Rizespor Kulübü
[2335679] Failed to build match row: Volyn Lutsk vs Karpaty Lviv (-2021)
[2949860] Could not find attributes for myles judd (Leyton Orient, 2017)
[2949860] Failed to build match row: Gillingham FC vs Leyton Orient

Keepers & outfield error for **Fenerbahçe Spor Kulübü** in Fenerbahçe Spor Kulübü vs Yeni Malatyaspor: Numbers: 0 and 11.
[2883888] Failed to build match row: Fenerbahçe Spor Kulübü vs Yeni Malatyaspor
[2505063] Could not find attributes for arvid rinast (Dundee Football Club, 2014)
[2505063] Failed to build match row: Dundee United Football Club vs Dundee Football Club
[2478822] Could not find attributes for duje cop (Cagliari Calcio, 2014)
[2478822] Failed to build match row: Cagliari Calcio vs Football Club Internazionale Milano S.p.A.
[2645732] Failed to scrape lineup: https://www.transfermarkt.co.uk/spielbericht/index/spielbericht/2645732
[2350714] Failed to scrape lineup: https://www.transfermarkt.co.uk/spielbericht/index/spielbericht/2350714
[3223063] Could not find attributes for atiba hutchinson (Beşiktaş Jimnastik Kulübü, 2019)
[3229537] Failed to scrape lineup: https://www.transfermarkt.co.uk/spal_acf-fiorentina/index/spielbericht/3229537
[3223063] Failed to build match row: Trabzonspor Kulübü vs Beşiktaş Jimnastik Kulübü
[2604077] Failed to scrape lineup: https://www.transfermarkt.co.uk/acf-fiorentina_frosinone-calcio/index/spielbericht/2604077
[2331185] Failed to scrape lineup: https://www.transfermarkt.co.uk/montpellier-hsc_paris-saint-germain/index/spielbericht/2331185
[2893209] Failed to scrape lineup: https://www.transfermarkt.co.uk/spielbericht/index/spielbericht/2893209
[3141068] Failed to scrape lineup: https://www.transfermarkt.co.uk/willem-ii-tilburg_fc-groningen/index/spielbericht/3141068
[2384193] Could not find attributes for connor jennings (Macclesfield Town FC, 2013)
[2335680] Failed to scrape lineup: https://www.transfermarkt.co.uk/shakhtar-donetsk_vorskla-poltava/index/spielbericht/2335680
[2384193] Failed to build match row: Macclesfield Town FC vs Brackley Town
[2623408] Could not find attributes for khazbulat khamkhoev (Angusht Nazran, 2015)
[2623408] Failed to build match row: Angusht Nazran vs Mashuk-KMV Pyatigorsk
[2899870] Failed to scrape lineup: https://www.transfermarkt.co.uk/celta-de-vigo_valencia-cf/index/spielbericht/2899870
[2470302] Could not find attributes for umut bulut (Galatasaray Spor Kulübü, 2014)
[2470302] Failed to build match row: Galatasaray Spor Kulübü vs Gaziantepspor (- 2020)
[2722724] Failed to scrape lineup: https://www.transfermarkt.co.uk/gaziantepspor_caykur-rizespor/index/spielbericht/2722724
[2578144] Could not find attributes for christian fuchs (Leicester City, 2015)
[2578144] Failed to build match row: Arsenal Football Club vs Leicester City
[2883889] Could not find attributes for jires kembo ekoko (Bursaspor, 2017)
[2883889] Failed to build match row: Bursaspor vs Ankaraspor
[2492466] Could not find attributes for oleksandr rybka (Futbolniy Klub Dynamo Kyiv, 2014)
[2492466] Failed to build match row: Aalborg BK vs Futbolniy Klub Dynamo Kyiv

Keepers & outfield error for **UD Las Palmas** in Real Sociedad de Fútbol S.A.D. vs UD Las Palmas: Numbers: 2 and 9.
[2718750] Failed to build match row: Real Sociedad de Fútbol S.A.D. vs UD Las Palmas
[2594005] Failed to scrape lineup: https://www.transfermarkt.co.uk/besiktas-jk_sivasspor/index/spielbericht/2594005
[3083975] Failed to scrape lineup: https://www.transfermarkt.co.uk/fk-oleksandriya_pfc-lviv/index/spielbericht/3083975
[2583555] Failed to scrape lineup: https://www.transfermarkt.co.uk/spielbericht/index/spielbericht/2583555
[3055774] Failed to scrape lineup: https://www.transfermarkt.co.uk/spielbericht/index/spielbericht/3055774

Keepers & outfield error for **Real Valladolid CF** in Real Valladolid CF vs Espanol: Numbers: 2 and 9.
[2866140] Failed to scrape lineup: https://www.transfermarkt.co.uk/spielbericht/index/spielbericht/2866140
[3069626] Failed to scrape lineup: https://www.transfermarkt.co.uk/portimonense-sc_cd-nacional/index/spielbericht/3069626

Keepers & outfield error for **Celta** in Celta vs Futbol Club Barcelona: Numbers: 0 and 11.
[3079438] Failed to build match row: Real Valladolid CF vs Espanol
[2645733] Could not find attributes for oribe peralta (Club de Futbol América S. A. de C. V., 2015)
[2645733] Failed to build match row: Club de Futbol América S. A. de C. V. vs TP Mazembe
[2899871] Failed to build match row: Celta vs Futbol Club Barcelona
[3047711] Failed to scrape lineup: https://www.transfermarkt.co.uk/amiens-sc_paris-saint-germain/index/spielbericht/3047711
[3294625] Could not find attributes for dani perez (Marbella FC, 2019)
[2350715] Could not find attributes for aleksandr mokin (Shakhter Karaganda, 2013)
[2460538] Failed to scrape lineup: https://www.transfermarkt.co.uk/spielbericht/index/spielbericht/2460538

Keepers & outfield error for **Sporting Clube de Braga** in Sporting Clube de Braga vs CS Marítimo: Numbers: 2 and 9.

Keepers & outfield error for **Rio Ave Futebol Clube** in Portimonense SC vs Rio Ave Futebol Clube: Numbers: 2 and 9.
[2350715] Failed to build match row: Shakhter Karaganda vs KF Skënderbeu
[2722725] Could not find attributes for loret sadiku (Kasımpaşa A.Ş., 2016)
[2526253] Failed to build match row: Sporting Clube de Braga vs CS Marítimo
[3294625] Failed to build match row: Marbella FC vs Real Valladolid CF
[3255927] Failed to build match row: Portimonense SC vs Rio Ave Futebol Clube
[2722725] Failed to build match row: Kasımpaşa A.Ş. vs Beşiktaş Jimnastik Kulübü

Keepers & outfield error for **Olympique Lyonnais** in Olympique Lyonnais vs AS Saint-Étienne: Numbers: 2 and 9.
[3141069] Could not find attributes for lasse schone (AFC Ajax Amsterdam, 2018)
[2470303] Could not find attributes for guy michel landel (Gençlerbirliği Spor Kulübü, 2014)
[2478823] Could not find attributes for mato jajalo (Palermo FC, 2014)
[3199629] Failed to build match row: Olympique Lyonnais vs AS Saint-Étienne
[2470303] Failed to build match row: Gençlerbirliği Spor Kulübü vs Trabzonspor Kulübü

Keepers & outfield error for **Real Betis Balompié S.A.D.** in Alaves vs Real Betis Balompié S.A.D.: Numbers: 2 and 9.
[2478823] Failed to build match row: Società Sportiva Lazio S.p.A. vs Palermo FC
[3141069] Failed to build match row: AFC Ajax Amsterdam vs VVV-Venlo
[3208822] Failed to build match row: Alaves vs Real Betis Balompié S.A.D.
[2335681] Could not find attributes for libor hrdlicka (Metalurg Zaporizhya (-2016), 2013)
[2342296] Could not find attributes for christian kum (Sportclub Heerenveen, 2013)
[2342296] Failed to build match row: Sportclub Heerenveen vs Heracles Almelo
[2893210] Could not find attributes for gunnar nielsen (FH Hafnarfjördur, 2017)
[2919854] Could not find attributes for cosmin moti (Ludogorets Razgrad, 2017)
[2335681] Failed to build match row: Metalurg Zaporizhya (-2016) vs Dnipro Dnipropetrovsk (-2020)
[2492467] Could not find attributes for giedrius arlauskis (SC Fotbal Club FCSB SA, 2014)
[2919854] Failed to build match row: Sporting Clube de Braga vs Ludogorets Razgrad
[2718751] Could not find attributes for juanpi (Málaga CF, 2016)
[2492467] Failed to build match row: SC Fotbal Club FCSB SA vs Rio Ave Futebol Clube
[2893210] Failed to build match row: FH Hafnarfjördur vs NK Maribor
[2718751] Failed to build match row: Málaga CF vs SD Eibar
[2728595] Failed to scrape lineup: https://www.transfermarkt.co.uk/aberdeen-fc_hamilton-academical-fc/index/spielbericht/2728595
[2609818] Could not find attributes for kamil grosicki (Rennes, 2015)
[2384195] Failed to scrape lineup: https://www.transfermarkt.co.uk/spielbericht/index/spielbericht/2384195
[2594006] Could not find attributes for doka madureira (İstanbul Başakşehir Futbol Kulübü, 2015)
[2609818] Failed to build match row: Rennes vs Association sportive de Monaco Football Club
[2594006] Failed to build match row: Gaziantepspor (- 2020) vs İstanbul Başakşehir Futbol Kulübü
[3394980] Could not find attributes for etienne green (AS Saint-Étienne, 2020)
[2583556] Could not find attributes for justin haber (Birkirkara FC, 2015)
[3394980] Failed to build match row: AS Saint-Étienne vs Olympique de Marseille
[2583556] Failed to build match row: Birkirkara FC vs FC Ulisses Yerevan
[2645806] Could not find attributes for danijel milicevic (Koninklijke Atletiek Associatie Gent, 2015)
[3069630] Could not find attributes for jota (Clube Desportivo Nacional, 2018)
[2645806] Failed to build match row: Koninklijke Atletiek Associatie Gent vs Verein für Leibesübungen Wolfsburg
[3069630] Failed to build match row: Clube Desportivo Nacional vs Rio Ave Futebol Clube
[3047712] Could not find attributes for rafael leao (Lille Olympique Sporting Club, 2018)
[3047712] Failed to build match row: SM Caen vs Lille Olympique Sporting Club
[3294626] Could not find attributes for xabi irureta (UD San Sebastián de los Reyes, 2019)
[2505065] Could not find attributes for callum booth (Partick Thistle FC, 2014)
[3294626] Failed to build match row: UD San Sebastián de los Reyes vs Espanol
[2700817] Could not find attributes for dan crowley (Go Ahead Eagles, 2016)
[2505065] Failed to build match row: Partick Thistle FC vs The Celtic Football Club
[3055775] Could not find attributes for garry breen (Cliftonville FC, 2018)
[2722726] Could not find attributes for abdul rahman khalili (Gençlerbirliği Spor Kulübü, 2016)
[2700817] Failed to build match row: Go Ahead Eagles vs ADO Den Haag
[2722726] Failed to build match row: Fenerbahçe Spor Kulübü vs Gençlerbirliği Spor Kulübü
[2899872] Could not find attributes for mathieu flamini (Getafe Club de Fútbol S. A. D. Team Dubai, 2017)
[3055775] Failed to build match row: Fodbold Club Nordsjælland vs Cliftonville FC
[3083976] Could not find attributes for sergiy litovchenko (Chornomorets Odesa, 2018)
[2899872] Failed to build match row: Getafe Club de Fútbol S. A. D. Team Dubai vs Girona Fútbol Club S. A. D.
[3083976] Failed to build match row: Chornomorets Odesa vs Vorskla Poltava
[2482444] Could not find attributes for olivier boscagli (Olympique Gymnaste Club Nice Côte d'Azur, 2014)
[2361136] Could not find attributes for daniele frabotta (Frosinone Calcio, 2013)
[2335682] Could not find attributes for oleksandr nad (Goverla Uzhgorod (- 2016), 2013)
[2482444] Failed to build match row: Rennes vs Olympique Gymnaste Club Nice Côte d'Azur
[2361136] Failed to build match row: Cagliari Calcio vs Frosinone Calcio
[2335682] Failed to build match row: Goverla Uzhgorod (- 2016) vs Arsenal Kyiv
[2492468] Could not find attributes for giedrius arlauskis (SC Fotbal Club FCSB SA, 2014)
[2492468] Failed to build match row: Rio Ave Futebol Clube vs SC Fotbal Club FCSB SA
[3223064] Could not find attributes for levan shengelia (Konyaspor, 2019)
[2718752] Could not find attributes for darko brasanac (Real Betis Balompié S.A.D., 2016)
[2326522] Could not find attributes for vyacheslav gadi (Kremin Kremenchuk, 2013)
[2594007] Could not find attributes for servet cetin (Mersin Talimyurdu SK, 2015)
[2718752] Failed to build match row: Sevilla Fútbol Club S.A.D. vs Real Betis Balompié S.A.D.
[2326522] Failed to build match row: Kremin Kremenchuk vs Nyva Ternopil
[2594007] Failed to build match row: Mersin Talimyurdu SK vs Fenerbahçe Spor Kulübü
[2919855] Could not find attributes for maksym koval (Futbolniy Klub Dynamo Kyiv, 2017)
[2919855] Failed to build match row: Futbolniy Klub Dynamo Kyiv vs Berner Sport Club Young Boys
[3069632] Could not find attributes for Flávio Ramos (CD Feirense, 2018)
[3079439] Failed to scrape lineup: https://www.transfermarkt.co.uk/sevilla-fc_sd-huesca/index/spielbericht/3079439
[3069632] Failed to build match row: Clube Desportivo de Tondela vs CD Feirense
[2623409] Could not find attributes for arsen kaitov (Spartak Vladikavkaz (-2020), 2015)
[2623409] Failed to build match row: Spartak Vladikavkaz (-2020) vs Dinamo Stavropol

Keepers & outfield error for **Vitória Sport Clube** in Vitória Sport Clube vs Vitória Setúbal FC: Numbers: 0 and 11.
[2505066] Could not find attributes for terry dunfield (Ross County FC, 2014)
[3212652] Failed to build match row: Vitória Sport Clube vs Vitória Setúbal FC
[2505066] Failed to build match row: Ross County FC vs Inverness Caledonian Thistle FC
[2609819] Could not find attributes for alban lafont (Toulouse Football Club, 2015)
[2609819] Failed to build match row: Toulouse Football Club vs Olympique Lyonnais
[3255928] Could not find attributes for romario balde (Gil Vicente Futebol Clube, 2019)
[2866141] Could not find attributes for steven saunders (The New Saints, 2017)
[3255928] Failed to build match row: Gil Vicente Futebol Clube vs Sporting Clube de Portugal
[2866141] Failed to build match row: Europa FC vs The New Saints
[2777379] Could not find attributes for shaun beeley (Barrow AFC, 2016)
[2777379] Failed to build match row: Barrow AFC vs Taunton Town
[3083977] Could not find attributes for maksym kuchynskyi (Karpaty Lviv (-2021), 2018)
[3083977] Failed to build match row: Karpaty Lviv (-2021) vs Futbolniy Klub Dynamo Kyiv
[2492469] Could not find attributes for oleksandr shovkovskyi (Futbolniy Klub Dynamo Kyiv, 2014)
[2460539] Failed to scrape lineup: https://www.transfermarkt.co.uk/spielbericht/index/spielbericht/2460539
[2350716] Failed to scrape lineup: https://www.transfermarkt.co.uk/spielbericht/index/spielbericht/2350716
[2492469] Failed to build match row: Futbolniy Klub Dynamo Kyiv vs Aalborg BK
[3055776] Could not find attributes for patrik macej (DAC Dunajska Streda, 2018)
[2919856] Could not find attributes for orges shehi (KF Skënderbeu, 2017)
[2526254] Failed to scrape lineup: https://www.transfermarkt.co.uk/estoril-praia_sporting-cp/index/spielbericht/2526254
[2919856] Failed to build match row: KF Skënderbeu vs Fudbalski Klub Partizan Beograd
[3055776] Failed to build match row: DAC Dunajska Streda vs Dinamo Tbilisi
[3099238] Could not find attributes for sulayman marreh (KAS Eupen, 2018)
[3099238] Failed to build match row: KAS Eupen vs Royal Antwerp Football Club
[2722727] Could not find attributes for ermin zec (Kardemir Karabükspor, 2016)
[2722727] Failed to build match row: Kardemir Karabükspor vs Konyaspor
[2718753] Could not find attributes for andreas pereira (Granada CF, 2016)
[2718753] Failed to build match row: Granada CF vs Athletic Club Bilbao
[2505067] Could not find attributes for stevie mallan (Saint Mirren Football Club, 2014)
[2505067] Failed to build match row: Saint Mirren Football Club vs Kilmarnock Football Club

Keepers & outfield error for **CD Leganés** in Levante Unión Deportiva S.A.D. vs CD Leganés: Numbers: 0 and 11.
[3079440] Failed to build match row: Levante Unión Deportiva S.A.D. vs CD Leganés
[2949861] Could not find attributes for harry coates (Hyde United, 2017)
[2949861] Failed to build match row: Hyde United vs Milton Keynes Dons
[2331956] Could not find attributes for modibo maiga (West Ham United Football Club, 2013)
[2883891] Failed to scrape lineup: https://www.transfermarkt.co.uk/kardemir-karabukspor_kayserispor/index/spielbericht/2883891
[2331956] Failed to build match row: West Ham United Football Club vs Cardiff City
[2470304] Failed to scrape lineup: https://www.transfermarkt.co.uk/sivasspor_mersin-idmanyurdu/index/spielbericht/2470304
[2478824] Failed to scrape lineup: https://www.transfermarkt.co.uk/hellas-verona_as-roma/index/spielbericht/2478824
[2700819] Could not find attributes for derrick tshimanga (Willem II Tilburg, 2016)
[2700819] Failed to build match row: Vitesse Arnhem vs Willem II Tilburg
[3047713] Could not find attributes for julio tavares (Dijon FCO, 2018)
[3047713] Failed to build match row: Dijon FCO vs Montpellier HSC

Keepers & outfield error for **Paris Saint-Germain Football Club** in Paris Saint-Germain Football Club vs Chelsea Football Club: Numbers: 2 and 9.
[2645808] Failed to build match row: Paris Saint-Germain Football Club vs Chelsea Football Club
[2604081] Could not find attributes for gianluigi donnarumma (Associazione Calcio Milan, 2015)
[2604081] Failed to build match row: Società Sportiva Lazio S.p.A. vs Associazione Calcio Milan
[2583557] Failed to scrape lineup: https://www.transfermarkt.co.uk/spielbericht/index/spielbericht/2583557
[2728596] Failed to scrape lineup: https://www.transfermarkt.co.uk/dundee-fc_st-johnstone-fc/index/spielbericht/2728596
[2754297] Failed to scrape lineup: https://www.transfermarkt.co.uk/spielbericht/index/spielbericht/2754297
[2326523] Could not find attributes for anatoliy burlin (PFK Stal Kamyanske (-2018), 2013)
[2872467] Could not find attributes for nikola vlasic (Everton Football Club, 2017)
[2777380] Could not find attributes for callum howe (Southport FC, 2016)
[2872467] Failed to build match row: Huddersfield Town vs Everton Football Club
[2326523] Failed to build match row: PFK Stal Kamyanske (-2018) vs Gelios Kharkiv
[2722728] Could not find attributes for abdul rahman khalili (Gençlerbirliği Spor Kulübü, 2016)
[2777380] Failed to build match row: Fleetwood Town vs Southport FC
[2722728] Failed to build match row: Gençlerbirliği Spor Kulübü vs Bursaspor
[2492470] Could not find attributes for giedrius arlauskis (SC Fotbal Club FCSB SA, 2014)
[3099239] Could not find attributes for olivier deschacht (KSC Lokeren (- 2020), 2018)
[2623410] Could not find attributes for stanislav melanchenko (Druzhba Maikop, 2015)
[3099239] Failed to build match row: KSC Lokeren (- 2020) vs KV Kortrijk
[2492470] Failed to build match row: Aalborg BK vs SC Fotbal Club FCSB SA
[2623410] Failed to build match row: Druzhba Maikop vs Biolog-Novokubansk Progress
[2505068] Could not find attributes for terry dunfield (Ross County FC, 2014)
[2335683] Could not find attributes for igor lytovka (FK Sevastopol (- 2014), 2013)
[2505068] Failed to build match row: Dundee Football Club vs Ross County FC
[2919857] Could not find attributes for zeca (Football Club København, 2017)
[2335683] Failed to build match row: FK Sevastopol (- 2014) vs Dnipro Dnipropetrovsk (-2020)
[2883892] Could not find attributes for sergiy rybalka (Sivasspor, 2017)
[2919857] Failed to build match row: Football Club København vs FC Trinity Zlin
[2893360] Could not find attributes for arthur rezende (AEL Limassol, 2017)
[2893360] Failed to build match row: AEL Limassol vs FC Progrès Niederkorn
[2883892] Failed to build match row: Kasımpaşa A.Ş. vs Sivasspor
[2700820] Could not find attributes for hicham faik (Excelsior Rotterdam, 2016)

Keepers & outfield error for **Manchester City Football Club** in Cardiff City vs Manchester City Football Club: Numbers: 2 and 9.
[2331957] Failed to build match row: Cardiff City vs Manchester City Football Club
[3047714] Could not find attributes for pedro rebocho (EA Guingamp, 2018)
[2700820] Failed to build match row: Excelsior Rotterdam vs Football Club Twente

Keepers & outfield error for **Moreirense Futebol Clube** in Moreirense Futebol Clube vs Vitória Setúbal FC: Numbers: 3 and 8.
[3047714] Failed to build match row: EA Guingamp vs AS Saint-Étienne
[2526255] Failed to build match row: Moreirense Futebol Clube vs Vitória Setúbal FC
[3394983] Could not find attributes for eliot matazo (Association sportive de Monaco Football Club, 2020)
[3394983] Failed to build match row: Stade Reims vs Association sportive de Monaco Football Club
[2470305] Could not find attributes for marcio mossoro (İstanbul Başakşehir Futbol Kulübü, 2014)
[2470305] Failed to build match row: Bursaspor vs İstanbul Başakşehir Futbol Kulübü
[3199631] Failed to scrape lineup: https://www.transfermarkt.co.uk/stade-brestois-29_angers-sco/index/spielbericht/3199631
[2594008] Failed to scrape lineup: https://www.transfermarkt.co.uk/osmanlispor-fk_caykur-rizespor/index/spielbericht/2594008
[2578147] Failed to scrape lineup: https://www.transfermarkt.co.uk/manchester-city_tottenham-hotspur/index/spielbericht/2578147
[3223065] Failed to scrape lineup: https://www.transfermarkt.co.uk/denizlispor_kasimpasa/index/spielbericht/3223065
[2899873] Failed to scrape lineup: https://www.transfermarkt.co.uk/sevilla-fc_real-madrid/index/spielbericht/2899873
[2482445] Failed to scrape lineup: https://www.transfermarkt.co.uk/fc-lorient_fc-girondins-bordeaux/index/spielbericht/2482445
[2698088] Failed to scrape lineup: https://www.transfermarkt.co.uk/west-ham-united_watford-fc/index/spielbericht/2698088
[2866142] Could not find attributes for marco brighi (La Fiorita 1967, 2017)
[2866142] Failed to build match row: La Fiorita 1967 vs Linfield FC
[3069634] Failed to scrape lineup: https://www.transfermarkt.co.uk/moreirense-fc_sl-benfica/index/spielbericht/3069634
[3099240] Could not find attributes for frank boya (Royal Excel Mouscron (-2022), 2018)
[3099240] Failed to build match row: St Truiden vs Royal Excel Mouscron (-2022)
[2609820] Failed to scrape lineup: https://www.transfermarkt.co.uk/angers-sco_olympique-marseille/index/spielbericht/2609820
[2623411] Could not find attributes for aleksandr romanov (Solyaris Moskau (-2017), 2015)
[2623411] Failed to build match row: Solyaris Moskau (-2017) vs Torpedo Vladimir
[2335684] Failed to scrape lineup: https://www.transfermarkt.co.uk/illichivets-mariupol_metalurg-donetsk-2015-/index/spielbericht/2335684
[2505069] Could not find attributes for stevie mallan (Saint Mirren Football Club, 2014)
[2505069] Failed to build match row: Inverness Caledonian Thistle FC vs Saint Mirren Football Club
[3294627] Failed to scrape lineup: https://www.transfermarkt.co.uk/spielbericht/index/spielbericht/3294627
[2919858] Could not find attributes for dmitriy tarasov (Футбольный клуб "Локомотив" Москва, 2017)
[2919858] Failed to build match row: Футбольный клуб "Локомотив" Москва vs FC Sheriff Tiraspol
[3255929] Could not find attributes for ricardo moura (GD Chaves, 2019)
[3255929] Failed to build match row: GD Chaves vs Clube Desportivo Santa Clara
[3083978] Failed to scrape lineup: https://www.transfermarkt.co.uk/zorya-lugansk_arsenal-kyiv/index/spielbericht/3083978

Keepers & outfield error for **Vitesse Arnhem** in Fortuna Sittardia Combinatie vs Vitesse Arnhem: Numbers: 0 and 11.
[2470306] Could not find attributes for kaan kanak (Eskisehirspor, 2014)

Keepers & outfield error for **Chelsea Football Club** in Southampton FC vs Chelsea Football Club: Numbers: 2 and 9.
[2460540] Failed to scrape lineup: https://www.transfermarkt.co.uk/spielbericht/index/spielbericht/2460540
[2470306] Failed to build match row: Eskisehirspor vs Fenerbahçe Spor Kulübü
[3141072] Failed to build match row: Fortuna Sittardia Combinatie vs Vitesse Arnhem
[2578148] Failed to build match row: Southampton FC vs Chelsea Football Club
[3055777] Could not find attributes for demetre buliskeria (Dinamo Tbilisi, 2018)
[3055777] Failed to build match row: Dinamo Tbilisi vs DAC Dunajska Streda
[2350717] Failed to scrape lineup: https://www.transfermarkt.co.uk/spielbericht/index/spielbericht/2350717
[2718754] Failed to scrape lineup: https://www.transfermarkt.co.uk/valencia-cf_deportivo-alaves/index/spielbericht/2718754
[2478827] Failed to scrape lineup: https://www.transfermarkt.co.uk/parma-fc_udinese-calcio/index/spielbericht/2478827
[2872469] Could not find attributes for konstantinos mavropanos (Arsenal Football Club, 2017)
[2872469] Failed to build match row: Manchester United Football Club vs Arsenal Football Club
[3099241] Could not find attributes for sander coopman (KV Oostende, 2018)
[3099241] Failed to build match row: SK Beveren vs KV Oostende
[2326524] Could not find attributes for mykyta solovyov (Energiya Nova Kakhovka, 2013)
[2326524] Failed to build match row: Energiya Nova Kakhovka vs Desna Chernigiv

Keepers & outfield error for **FC Girondins Bordeaux** in FC Girondins Bordeaux vs Olympique Gymnaste Club Nice Côte d'Azur: Numbers: 2 and 9.
[2583558] Could not find attributes for conor dillon (Glenavon FC, 2015)
[2335685] Could not find attributes for krsevan santini (FC Zorya Lugansk, 2013)
[3199632] Failed to build match row: FC Girondins Bordeaux vs Olympique Gymnaste Club Nice Côte d'Azur

Keepers & outfield error for **Deportivo de La Coruña** in CD Leganés vs Deportivo de La Coruña: Numbers: 2 and 9.
[2583558] Failed to build match row: Glenavon FC vs Shakhter Soligorsk
[2335685] Failed to build match row: FC Zorya Lugansk vs Vorskla Poltava
[2899874] Failed to build match row: CD Leganés vs Deportivo de La Coruña

Keepers & outfield error for **Motherwell Football Club** in Motherwell Football Club vs Aberdeen Football Club: Numbers: 2 and 9.
[3083979] Could not find attributes for kostyantyn makhnovskyi (Olimpik Donetsk, 2018)

Keepers & outfield error for **Clube Desportivo de Tondela** in Clube Desportivo de Tondela vs Futebol Clube de Famalicão: Numbers: 0 and 11.
[2645809] Failed to scrape lineup: https://www.transfermarkt.co.uk/spielbericht/index/spielbericht/2645809
[2754298] Could not find attributes for pedro tiba (Sporting Clube de Braga, 2016)
[3212654] Failed to build match row: Clube Desportivo de Tondela vs Futebol Clube de Famalicão
[2505070] Failed to build match row: Motherwell Football Club vs Aberdeen Football Club
[2754298] Failed to build match row: Sporting Clube de Braga vs Koninklijke Atletiek Associatie Gent
[3394984] Could not find attributes for etienne green (AS Saint-Étienne, 2020)
[3083979] Failed to build match row: Olimpik Donetsk vs Desna Chernigiv
[3394984] Failed to build match row: Lille Olympique Sporting Club vs AS Saint-Étienne
[2460541] Could not find attributes for aleksandr mokin (Shakhter Karaganda, 2014)
[2460541] Failed to build match row: Shakhter Karaganda vs FC Shirak Gyumri
[2919859] Could not find attributes for georgios vasiliou (Apollon Limassol, 2017)
[2609822] Could not find attributes for alban lafont (Toulouse Football Club, 2015)
[2919859] Failed to build match row: Apollon Limassol vs Atalanta Bergamasca Calcio S.p.a.
[2609822] Failed to build match row: AS Saint-Étienne vs Toulouse Football Club
[2470307] Could not find attributes for tomislav glumac (Balikesirspor, 2014)
[2777381] Failed to scrape lineup: https://www.transfermarkt.co.uk/spielbericht/index/spielbericht/2777381
[2470307] Failed to build match row: Balikesirspor vs Kayseri Erciyesspor
izespor_osmanlispor-fk/index/spielbericht/2722729
[2594010] Could not find attributes for ugur demirok (Ankaraspor, 2015)
[2492471] Failed to scrape lineup: https://www.transfermarkt.co.uk/spielbericht/index/spielbericht/2492471
[2594010] Failed to build match row: Antalyaspor vs Ankaraspor
[2326525] Could not find attributes for dmytro kozachenko (MFK Mykolaiv, 2013)
[2326525] Failed to build match row: MFK Mykolaiv vs Tytan Armyansk (- 2014)
[3055804] Could not find attributes for kostadin zahov (Shkendija Tetovo, 2018)
[3055804] Failed to build match row: Shkendija Tetovo vs The New Saints
[2866143] Could not find attributes for enes manxholli (KF Trepca 89, 2017)
[2866143] Failed to build match row: KF Trepca 89 vs Víkingur Gøta
[2578149] Could not find attributes for jonathan howson (Norwich City, 2015)
[2578149] Failed to build match row: Norwich City vs West Ham United Football Club
[2604082] Could not find attributes for marko livaja (FC Empoli, 2015)
[2526256] Failed to scrape lineup: https://www.transfermarkt.co.uk/fc-pacos-de-ferreira_academica-coimbra/index/spielbericht/2526256
[2604082] Failed to build match row: Palermo FC vs FC Empoli
[3208823] Failed to scrape lineup: https://www.transfermarkt.co.uk/atletico-de-madrid_levante-ud/index/spielbericht/3208823
[2623412] Failed to scrape lineup: https://www.transfermarkt.co.uk/spielbericht/index/spielbericht/2623412
[2754299] Could not find attributes for joaozinho (FK Krasnodar, 2016)
[2754299] Failed to build match row: Fußballclub Red Bull Salzburg vs FK Krasnodar
[3141073] Could not find attributes for marios vrousai (Willem II Tilburg, 2018)
[3141073] Failed to build match row: Football Club Utrecht vs Willem II Tilburg
[2609823] Could not find attributes for fabien camus (ESTAC Troyes, 2015)
[2609823] Failed to build match row: ESTAC Troyes vs FC Girondins Bordeaux
[2594011] Could not find attributes for serkan kirintili (Konyaspor, 2015)
[2594011] Failed to build match row: Çaykur Rizespor Kulübü vs Konyaspor
[2777382] Could not find attributes for mitch walker (Dover Athletic, 2016)
[2777382] Failed to build match row: Dover Athletic vs Cambridge United
[3199633] Could not find attributes for stephy mavididi (Dijon FCO, 2019)
[3199633] Failed to build match row: Paris Saint-Germain Football Club vs Dijon FCO
[3223067] Could not find attributes for hasan kaya (MKE Ankaragücü, 2019)
[3223067] Failed to build match row: Sivasspor vs MKE Ankaragücü
[2361141] Could not find attributes for luca nizzetto (Trapani Calcio, 2013)
[2361141] Failed to build match row: Trapani Calcio vs Calcio Padova
[3294628] Could not find attributes for brian pallares (Orihuela CF, 2019)
[3294628] Failed to build match row: Orihuela CF vs Villarreal Club de Fútbol S.A.D.
[2728598] Failed to scrape lineup: https://www.transfermarkt.co.uk/heart-of-midlothian-fc_ross-county-fc/index/spielbericht/2728598
[3212655] Failed to scrape lineup: https://www.transfermarkt.co.uk/vitoria-setubal-fc_fc-pacos-de-ferreira/index/spielbericht/3212655
[2478828] Failed to scrape lineup: https://www.transfermarkt.co.uk/us-palermo_fc-empoli/index/spielbericht/2478828
[2872470] Failed to scrape lineup: https://www.transfermarkt.co.uk/newcastle-united_west-bromwich-albion/index/spielbericht/2872470
[3069635] Could not find attributes for malick evouna (Clube Desportivo Santa Clara, 2018)
rotterdam/index/spielbericht/2342301
[2384197] Could not find attributes for kristoffer peterson (Tranmere Rovers, 2013)
eganes/index/spielbericht/2899875
[3069635] Failed to build match row: Sporting Clube de Portugal vs Clube Desportivo Santa Clara
[2384197] Failed to build match row: Peterborough United vs Tranmere Rovers
[2335686] Could not find attributes for rustam khudzhamov (FK Mariupol, 2013)
[2526257] Failed to scrape lineup: https://www.transfermarkt.co.uk/vitoria-setubal-fc_fc-arouca/index/spielbericht/2526257
[2335686] Failed to build match row: FK Mariupol vs FC Zorya Lugansk
[3079441] Failed to scrape lineup: https://www.transfermarkt.co.uk/real-betis-balompie_celta-de-vigo/index/spielbericht/3079441
[2949862] Failed to scrape lineup: https://www.transfermarkt.co.uk/spielbericht/index/spielbericht/2949862
[3255930] Could not find attributes for ousmane sountoura (Casa Pia Atlético Clube, 2019)
[2754300] Could not find attributes for benjamin stambouli (FC Schalke 04, 2016)
[3255930] Failed to build match row: Casa Pia Atlético Clube vs Futebol Clube do Porto
[2754300] Failed to build match row: Olympique Gymnaste Club Nice Côte d'Azur vs FC Schalke 04
[2722730] Could not find attributes for ermin zec (Kardemir Karabükspor, 2016)
[2722730] Failed to build match row: Kayserispor Kulübü vs Kardemir Karabükspor
[2893362] Failed to scrape lineup: https://www.transfermarkt.co.uk/spielbericht/index/spielbericht/2893362
[2609824] Could not find attributes for morgan amalfitano (Lille Olympique Sporting Club, 2015)
[2609824] Failed to build match row: Football Club Lorient-Bretagne Sud vs Lille Olympique Sporting Club
[3141074] Could not find attributes for azor matusiwa (De Graafschap Doetinchem, 2018)
[2470309] Could not find attributes for jose sosa (Beşiktaş Jimnastik Kulübü, 2014)
[3141074] Failed to build match row: De Graafschap Doetinchem vs Nooit Opgeven Altijd Doorzetten Aangenaam Door Vermaak En Nuttig Door Ontspanning Combinatie Breda
[2470309] Failed to build match row: Beşiktaş Jimnastik Kulübü vs Kardemir Karabükspor
[2331959] Failed to scrape lineup: https://www.transfermarkt.co.uk/everton-fc_southampton-fc/index/spielbericht/2331959
[2350718] Could not find attributes for lukasz szukala (SC Fotbal Club FCSB SA, 2013)
[2350718] Failed to build match row: SC Fotbal Club FCSB SA vs Dinamo Tbilisi
[2578151] Could not find attributes for erik pieters (Stoke City, 2015)
[2578151] Failed to build match row: Stoke City vs Aston Villa Football Club
[2460542] Failed to scrape lineup: https://www.transfermarkt.co.uk/spielbericht/index/spielbericht/2460542
[2700824] Could not find attributes for dan crowley (Go Ahead Eagles, 2016)
[2700824] Failed to build match row: Roda JC Kerkrade vs Go Ahead Eagles
[2482447] Failed to scrape lineup: https://www.transfermarkt.co.uk/olympique-lyon_fc-evian-thonon-gaillard/index/spielbericht/2482447
[2526258] Could not find attributes for otavio (Vitória Sport Clube, 2014)
[2698091] Could not find attributes for gareth mcauley (West Bromwich Albion, 2016)

Keepers & outfield error for **Sporting Clube de Braga** in Sporting Clube de Braga vs Desportivo Aves (- 2020): Numbers: 0 and 11.
[2526258] Failed to build match row: Vitória Sport Clube vs Sport Lisboa e Benfica
[3212656] Failed to build match row: Sporting Clube de Braga vs Desportivo Aves (- 2020)
[2698091] Failed to build match row: Association Football Club Bournemouth vs West Bromwich Albion
[2722731] Could not find attributes for abdoul wahid sissoko (Akhisarspor, 2016)
[2722731] Failed to build match row: Akhisarspor vs Konyaspor
[2583559] Failed to scrape lineup: https://www.transfermarkt.co.uk/spielbericht/index/spielbericht/2583559
[3223068] Could not find attributes for afriyie acquah (Yeni Malatyaspor, 2019)
[3223068] Failed to build match row: Yeni Malatyaspor vs Denizlispor
[2470310] Could not find attributes for engin bekdemir (Çaykur Rizespor Kulübü, 2014)
[2470310] Failed to build match row: Çaykur Rizespor Kulübü vs Kasımpaşa A.Ş.

Keepers & outfield error for **Fußballklub Austria Wien** in Fußballklub Austria Wien vs AEL Limassol: Numbers: 2 and 9.
[3141076] Could not find attributes for adam maher (Alkmaar Zaanstreek, 2018)
[2893395] Failed to build match row: Fußballklub Austria Wien vs AEL Limassol
[3141076] Failed to build match row: Alkmaar Zaanstreek vs FC Emmen
[2350719] Could not find attributes for vjekoslav tomic (FC Sheriff Tiraspol, 2013)
[2350719] Failed to build match row: FC Sheriff Tiraspol vs GNK Dinamo Zagreb
[2335687] Could not find attributes for artem kychak (Volyn Lutsk, 2013)
[2335687] Failed to build match row: Volyn Lutsk vs FK Mariupol
[2492472] Failed to scrape lineup: https://www.transfermarkt.co.uk/spielbericht/index/spielbericht/2492472
[2883893] Failed to scrape lineup: https://www.transfermarkt.co.uk/antalyaspor_goztepe/index/spielbericht/2883893

Keepers & outfield error for **Real Valladolid CF** in Real Madrid Club de Fútbol vs Real Valladolid CF: Numbers: 2 and 9.
[3079442] Failed to build match row: Real Madrid Club de Fútbol vs Real Valladolid CF
[2623413] Could not find attributes for andrey fedorov (Karelia Petrozavodsk, 2015)
[2623413] Failed to build match row: Karelia Petrozavodsk vs Dinamo St. Petersburg (-2018)
[3294629] Could not find attributes for fermin sobron (Haro Deportivo, 2019)
[3294629] Failed to build match row: Haro Deportivo vs Club Atlético Osasuna
[2919860] Could not find attributes for beni baningime (Everton Football Club, 2017)

Keepers & outfield error for **Clube Desportivo de Tondela** in Clube Desportivo de Tondela vs Boavista FC: Numbers: 0 and 11.
[2919860] Failed to build match row: Olympique Lyonnais vs Everton Football Club
[3069669] Failed to build match row: Clube Desportivo de Tondela vs Boavista FC

Keepers & outfield error for **Akhisarspor** in Beşiktaş Jimnastik Kulübü vs Akhisarspor: Numbers: 2 and 9.
[2594013] Failed to build match row: Beşiktaş Jimnastik Kulübü vs Akhisarspor
[2722732] Could not find attributes for emre belozoglu (İstanbul Başakşehir Futbol Kulübü, 2016)
[2722732] Failed to build match row: Adanaspor vs İstanbul Başakşehir Futbol Kulübü
[2470311] Could not find attributes for tomislav glumac (Balikesirspor, 2014)
[2470311] Failed to build match row: Fenerbahçe Spor Kulübü vs Balikesirspor
[3141077] Could not find attributes for ouasim bouy (Prins Hendrik Ende Desespereert Nimmer Combinatie Zwolle, 2018)
[3141077] Failed to build match row: Prins Hendrik Ende Desespereert Nimmer Combinatie Zwolle vs Football Club Utrecht
[2866144] Could not find attributes for matvei igonen (FCI Tallinn, 2017)
[2866144] Failed to build match row: FCI Tallinn vs Hibernians FC
[2700825] Could not find attributes for bersant celina (Football Club Twente, 2016)
[2700825] Failed to build match row: Football Club Twente vs Sportclub Heerenveen
[2326526] Could not find attributes for igor gryshyn (PFK Shakhtar Sverdlovsk, 2013)
[2326526] Failed to build match row: PFK Shakhtar Sverdlovsk vs Krystal Kherson
[2335688] Could not find attributes for yevgen borovyk (Arsenal Kyiv, 2013)
[2335688] Failed to build match row: Arsenal Kyiv vs FK Sevastopol (- 2014)
[2384198] Could not find attributes for danny seaborne (Coventry City, 2013)
[2384198] Failed to build match row: Hartlepool United vs Coventry City
[3208827] Could not find attributes for roberto soldado (Granada CF, 2019)
[3208827] Failed to build match row: Granada CF vs Real Club Deportivo Mallorca S.A.D.
[2645812] Failed to scrape lineup: https://www.transfermarkt.co.uk/spielbericht/index/spielbericht/2645812
[3255931] Failed to scrape lineup: https://www.transfermarkt.co.uk/spielbericht/index/spielbericht/3255931
[2777383] Failed to scrape lineup: https://www.transfermarkt.co.uk/spielbericht/index/spielbericht/2777383
[3229541] Failed to scrape lineup: https://www.transfermarkt.co.uk/us-lecce_parma-calcio-1913/index/spielbericht/3229541
[3394986] Could not find attributes for jacques siwe (Dijon FCO, 2020)
[2583560] Failed to scrape lineup: https://www.transfermarkt.co.uk/spielbericht/index/spielbericht/2583560
[2492473] Failed to scrape lineup: https://www.transfermarkt.co.uk/spielbericht/index/spielbericht/2492473
[2949863] Could not find attributes for charlie bannister (Solihull Moors, 2017)
[2482448] Could not find attributes for taylor moore (Racing Club de Lens, 2014)
[3394986] Failed to build match row: Dijon FCO vs Football Club de Nantes
[2949863] Failed to build match row: Solihull Moors vs Wycombe Wanderers

Keepers & outfield error for **CD Leganés** in Deportivo de La Coruña vs CD Leganés: Numbers: 3 and 8.

Keepers & outfield error for **Celta** in Villarreal Club de Fútbol S.A.D. vs Celta: Numbers: 0 and 11.
[2482448] Failed to build match row: Lille Olympique Sporting Club vs Racing Club de Lens
[2718755] Failed to build match row: Deportivo de La Coruña vs CD Leganés
[2899878] Failed to build match row: Villarreal Club de Fútbol S.A.D. vs Celta
[3055948] Could not find attributes for lolo soler (Lincoln Red Imps FC, 2018)
[3294630] Failed to scrape lineup: https://www.transfermarkt.co.uk/spielbericht/index/spielbericht/3294630
[2609825] Failed to scrape lineup: https://www.transfermarkt.co.uk/fc-nantes_ogc-nice/index/spielbericht/2609825
[2604086] Failed to scrape lineup: https://www.transfermarkt.co.uk/hellas-verona_bologna-fc-1909/index/spielbericht/2604086
[2919861] Failed to scrape lineup: https://www.transfermarkt.co.uk/spielbericht/index/spielbericht/2919861
[3055948] Failed to build match row: Lincoln Red Imps FC vs FC Drita

Keepers & outfield error for **Sporting Clube de Braga** in Sporting Clube de Portugal vs Sporting Clube de Braga: Numbers: 2 and 9.
[2526259] Failed to build match row: Sporting Clube de Portugal vs Sporting Clube de Braga
[2361143] Failed to scrape lineup: https://www.transfermarkt.co.uk/spielbericht/index/spielbericht/2361143
[2460543] Failed to scrape lineup: https://www.transfermarkt.co.uk/spielbericht/index/spielbericht/2460543
[2335689] Failed to scrape lineup: https://www.transfermarkt.co.uk/fk-sevastopol-2014-_metalurg-donetsk-2015-/index/spielbericht/2335689
[2872473] Could not find attributes for etienne capoue (Watford FC, 2017)
[2872473] Failed to build match row: Tottenham Hotspur Football Club vs Watford FC
[2645813] Failed to scrape lineup: https://www.transfermarkt.co.uk/spielbericht/index/spielbericht/2645813
[3084015] Could not find attributes for daniele buzzegoli (Ascoli Calcio, 2018)
[3084015] Failed to build match row: Ascoli Calcio vs AS Viterbese Castrense
[2866145] Could not find attributes for boy waterman (APOEL Nicosia, 2017)
[2866145] Failed to build match row: APOEL Nicosia vs F91 Dudelange
[3223070] Could not find attributes for ertac ozbir (Gençlerbirliği Spor Kulübü, 2019)
[3223070] Failed to build match row: Gençlerbirliği Spor Kulübü vs Galatasaray Spor Kulübü
[3069716] Could not find attributes for jose sosa (Trabzonspor Kulübü, 2018)
[3069716] Failed to build match row: Trabzonspor Kulübü vs Sivasspor

Keepers & outfield error for **Real Sociedad de Fútbol S.A.D.** in Real Sociedad de Fútbol S.A.D. vs Villarreal Club de Fútbol S.A.D.: Numbers: 2 and 9.
[3099246] Could not find attributes for mbaye leye (Royal Excel Mouscron (-2022), 2018)
[3208828] Failed to build match row: Real Sociedad de Fútbol S.A.D. vs Villarreal Club de Fútbol S.A.D.
[2623414] Could not find attributes for vitaliy chilyushkin (Znamya Truda Orekhovo-Zuevo, 2015)
[3099246] Failed to build match row: Royal Excel Mouscron (-2022) vs Royal Standard Club de Liège
[2623414] Failed to build match row: Znamya Truda Orekhovo-Zuevo vs FK Dolgoprudnyi
[2728600] Could not find attributes for niall keown (Partick Thistle FC, 2016)
[2728600] Failed to build match row: Partick Thistle FC vs Inverness Caledonian Thistle FC
[3212658] Could not find attributes for fali cande (Portimonense SC, 2019)

Keepers & outfield error for **SD Eibar** in SD Eibar vs Alaves: Numbers: 2 and 9.
[3212658] Failed to build match row: Portimonense SC vs Vitória Sport Clube

Keepers & outfield error for **FC Paços de Ferreira** in FC Paços de Ferreira vs Sporting Clube de Braga: Numbers: 3 and 8.
[3079444] Failed to build match row: SD Eibar vs Alaves
[3255932] Failed to build match row: FC Paços de Ferreira vs Sporting Clube de Braga

Keepers & outfield error for **UD Las Palmas** in UD Las Palmas vs Getafe Club de Fútbol S. A. D. Team Dubai: Numbers: 2 and 9.
[2722733] Could not find attributes for jan durica (Trabzonspor Kulübü, 2016)
[2722733] Failed to build match row: Trabzonspor Kulübü vs Fenerbahçe Spor Kulübü
[2700826] Failed to build match row: Willem II Tilburg vs Alkmaar Zaanstreek
[2899879] Failed to build match row: UD Las Palmas vs Getafe Club de Fútbol S. A. D. Team Dubai
[2482449] Could not find attributes for ferjani sassi (Football Club de Metz, 2014)
[2604087] Could not find attributes for gianluigi donnarumma (Associazione Calcio Milan, 2015)
[2482449] Failed to build match row: Football Club de Metz vs Olympique de Marseille
[2604087] Failed to build match row: Associazione Calcio Milan vs Atalanta Bergamasca Calcio S.p.a.

Keepers & outfield error for **Moreirense Futebol Clube** in Moreirense Futebol Clube vs Grupo Desportivo Estoril Praia: Numbers: 2 and 9.
[2754301] Could not find attributes for Ibrahim Sehic (Qarabağ FK, 2016)
[2526260] Failed to build match row: Moreirense Futebol Clube vs Grupo Desportivo Estoril Praia
[2754301] Failed to build match row: Qarabağ FK vs FC Slovan Liberec
[2505075] Could not find attributes for kostadin gadzhalov (Dundee Football Club, 2014)

Keepers & outfield error for **Futbol Club Barcelona** in Futbol Club Barcelona vs Club Atlético de Madrid S.A.D.: Numbers: 2 and 9.
[2492480] Could not find attributes for david bicik (AC Sparta Praha, a. s., 2014)
[2718756] Failed to build match row: Futbol Club Barcelona vs Club Atlético de Madrid S.A.D.
[2492480] Failed to build match row: Società Sportiva Calcio Napoli vs AC Sparta Praha, a. s.
[2893396] Could not find attributes for arthur rezende (AEL Limassol, 2017)
[2505075] Failed to build match row: Dundee Football Club vs Motherwell Football Club
[2893396] Failed to build match row: AEL Limassol vs Fußballklub Austria Wien
[2583561] Could not find attributes for niall corbet (University College Dublin, 2015)
[2583561] Failed to build match row: University College Dublin vs F91 Dudelange

Keepers & outfield error for **Beşiktaş Jimnastik Kulübü** in Gençlerbirliği Spor Kulübü vs Beşiktaş Jimnastik Kulübü: Numbers: 0 and 11.
[2883895] Failed to build match row: Gençlerbirliği Spor Kulübü vs Beşiktaş Jimnastik Kulübü
[2594014] Could not find attributes for ogulcan caglayan (Kayserispor Kulübü, 2015)
[2645814] Could not find attributes for danijel milicevic (Koninklijke Atletiek Associatie Gent, 2015)
[2594014] Failed to build match row: Bursaspor vs Kayserispor Kulübü

Keepers & outfield error for **West Ham United Football Club** in West Ham United Football Club vs Manchester City Football Club: Numbers: 0 and 11.
[2335690] Could not find attributes for maksym koval (Futbolniy Klub Dynamo Kyiv, 2013)
[3069717] Could not find attributes for aytac kara (Bursaspor, 2018)
[2645814] Failed to build match row: Verein für Leibesübungen Wolfsburg vs Koninklijke Atletiek Associatie Gent
[2335690] Failed to build match row: Futbolniy Klub Dynamo Kyiv vs Dnipro Dnipropetrovsk (-2020)
[2866146] Could not find attributes for armantas vitkauskas (FK Zalgiris Vilnius, 2017)
[2872474] Failed to build match row: West Ham United Football Club vs Manchester City Football Club
[3069717] Failed to build match row: Bursaspor vs Kayserispor Kulübü
[2866146] Failed to build match row: FK Zalgiris Vilnius vs Ludogorets Razgrad
[3084016] Could not find attributes for andrea sala (SS Sambenedettese, 2018)
[3084016] Failed to build match row: Spezia Calcio vs SS Sambenedettese
[2384199] Could not find attributes for chey dunkley (Kidderminster Harriers, 2013)
[2578152] Could not find attributes for erik pieters (Stoke City, 2015)
unty
[2350721] Could not find attributes for matus kozacik (FC Viktoria Plzeň, a.s., 2013)
[2350721] Failed to build match row: FC Viktoria Plzeň, a.s. vs Kalju FC
[2578152] Failed to build match row: Association Football Club Bournemouth vs Stoke City
[2722734] Could not find attributes for loret sadiku (Kasımpaşa A.Ş., 2016)
[2722734] Failed to build match row: Antalyaspor vs Kasımpaşa A.Ş.

Keepers & outfield error for **Vitória Sport Clube** in Vitória Sport Clube vs SC Covilhã: Numbers: 0 and 11.
[3229542] Could not find attributes for gianluca frabotta (Juventus Football Club, 2019)
[3255933] Failed to build match row: Vitória Sport Clube vs SC Covilhã

Keepers & outfield error for **FC Penafiel** in FC Penafiel vs Gil Vicente Futebol Clube: Numbers: 3 and 8.
[3229542] Failed to build match row: Juventus Football Club vs Associazione Sportiva Roma
[2526261] Failed to build match row: FC Penafiel vs Gil Vicente Futebol Clube
[2492481] Could not find attributes for dusan pernis (Slovan Bratislava, 2014)

Keepers & outfield error for **Celta** in Celta vs Sporting Gijón: Numbers: 0 and 11.
[2492481] Failed to build match row: Berner Sport Club Young Boys vs Slovan Bratislava
[2718757] Failed to build match row: Celta vs Sporting Gijón
[2698092] Could not find attributes for jordi amat (Swansea City, 2016)
[3223071] Failed to scrape lineup: https://www.transfermarkt.co.uk/fenerbahce_antalyaspor/index/spielbericht/3223071

Keepers & outfield error for **Angers Sporting Club de l'Ouest** in Nîmes Olympique vs Angers Sporting Club de l'Ouest: Numbers: 2 and 9.
[2698092] Failed to build match row: Swansea City vs Chelsea Football Club
[2883896] Could not find attributes for patrick friday eze (Konyaspor, 2017)
[2883896] Failed to build match row: Konyaspor vs Galatasaray Spor Kulübü
[3047719] Failed to build match row: Nîmes Olympique vs Angers Sporting Club de l'Ouest
[2594015] Could not find attributes for ryan donk (Kasımpaşa A.Ş., 2015)
[2594015] Failed to build match row: Kasımpaşa A.Ş. vs Galatasaray Spor Kulübü
[3069718] Could not find attributes for ondrej celustka (Antalyaspor, 2018)

Keepers & outfield error for **CD Leganés** in CD Leganés vs Club Atlético de Madrid S.A.D.: Numbers: 0 and 11.
[3069718] Failed to build match row: Antalyaspor vs Konyaspor

Keepers & outfield error for **SD Eibar** in Valencia Club de Fútbol S. A. D. vs SD Eibar: Numbers: 3 and 8.
[3079446] Failed to build match row: CD Leganés vs Club Atlético de Madrid S.A.D.
[3208830] Failed to build match row: Valencia Club de Fútbol S. A. D. vs SD Eibar
[3199635] Could not find attributes for el bilal toure (Stade Reims, 2019)
[3199635] Failed to build match row: Association sportive de Monaco Football Club vs Stade Reims
[2623415] Could not find attributes for maksim igoshin (Zenit Penza, 2015)
[3084017] Could not find attributes for antony iannarilli (Ternana Calcio, 2018)
[3084017] Failed to build match row: AC Carpi vs Ternana Calcio
2021)
[3212659] Could not find attributes for rodrigao (Gil Vicente Futebol Clube, 2019)
[2728602] Could not find attributes for tom hateley (Dundee Football Club, 2016)
[3212659] Failed to build match row: Gil Vicente Futebol Clube vs Rio Ave Futebol Clube
[2728602] Failed to build match row: Aberdeen Football Club vs Dundee Football Club
[2350722] Failed to build match row: Kalju FC vs FC Viktoria Plzeň, a.s.
[2722735] Could not find attributes for frantisek rajtoral (Gaziantepspor (- 2020), 2016)

Keepers & outfield error for **Associazione Calcio Milan** in Chievo Verona vs Associazione Calcio Milan: Numbers: 2 and 9.
[3141080] Could not find attributes for mounir el hamdaoui (Excelsior Rotterdam, 2018)
[2478833] Failed to build match row: Chievo Verona vs Associazione Calcio Milan
[2722735] Failed to build match row: Beşiktaş Jimnastik Kulübü vs Gaziantepspor (- 2020)
[3141080] Failed to build match row: Excelsior Rotterdam vs Feyenoord Rotterdam
[2899880] Failed to scrape lineup: https://www.transfermarkt.co.uk/villarreal-cf_valencia-cf/index/spielbericht/2899880
[3255934] Could not find attributes for carlinhos (Vitória Setúbal FC, 2019)
[3255934] Failed to build match row: Vitória Setúbal FC vs Sport Lisboa e Benfica
[2604089] Could not find attributes for albano bizzarri (Chievo Verona, 2015)
[2604089] Failed to build match row: Palermo FC vs Chievo Verona
[2609827] Failed to scrape lineup: https://www.transfermarkt.co.uk/paris-saint-germain_stade-rennais-fc/index/spielbericht/2609827
[2326527] Could not find attributes for andriy kopko (Real Farma Ovidiopol, 2013)

Keepers & outfield error for **CF Os Belenenses** in CF Os Belenenses vs Futebol Clube do Porto: Numbers: 4 and 7.
[2326527] Failed to build match row: Real Farma Ovidiopol vs Cherkaskyi Dnipro
[2526262] Failed to build match row: CF Os Belenenses vs Futebol Clube do Porto
[2754303] Could not find attributes for costa nhamoinesu (AC Sparta Praha, a. s., 2016)
[2754303] Failed to build match row: Southampton FC vs AC Sparta Praha, a. s.
[2919864] Could not find attributes for igor plastun (Ludogorets Razgrad, 2017)
[2919864] Failed to build match row: Ludogorets Razgrad vs Sporting Clube de Braga
[3229543] Could not find attributes for andrea bertolacci (UC Sampdoria, 2019)
[3229543] Failed to build match row: Brescia Calcio vs UC Sampdoria
[2335691] Could not find attributes for vitaliy reva (Arsenal Kyiv, 2013)
[2335691] Failed to build match row: Arsenal Kyiv vs Volyn Lutsk
[2583562] Failed to scrape lineup: https://www.transfermarkt.co.uk/spielbericht/index/spielbericht/2583562

Keepers & outfield error for **Celta** in Espanol vs Celta: Numbers: 0 and 11.
[2718758] Failed to build match row: Espanol vs Celta

Keepers & outfield error for **UC Sampdoria** in UC Sampdoria vs Benevento Calcio: Numbers: 0 and 11.
[2361146] Failed to build match row: UC Sampdoria vs Benevento Calcio
[2492482] Could not find attributes for dusan pernis (Slovan Bratislava, 2014)
[2470313] Failed to scrape lineup: https://www.transfermarkt.co.uk/gaziantepspor_genclerbirligi-ankara/index/spielbericht/2470313
[2594016] Could not find attributes for servet cetin (Mersin Talimyurdu SK, 2015)
[2492482] Failed to build match row: Slovan Bratislava vs Società Sportiva Calcio Napoli
[2594016] Failed to build match row: Eskisehirspor vs Mersin Talimyurdu SK
[2866147] Failed to scrape lineup: https://www.transfermarkt.co.uk/spielbericht/index/spielbericht/2866147
[2872476] Could not find attributes for konstantinos mavropanos (Arsenal Football Club, 2017)
[3223072] Could not find attributes for farouk miya (Konyaspor, 2019)
[2872476] Failed to build match row: Arsenal Football Club vs Burnley Football Club
[3223072] Failed to build match row: Kasımpaşa A.Ş. vs Konyaspor
[2478834] Could not find attributes for cesare bovo (Torino Calcio, 2014)
[2478834] Failed to build match row: Torino Calcio vs Società Sportiva Calcio Napoli

Keepers & outfield error for **Celta** in Celta vs Deportivo de La Coruña: Numbers: 0 and 11.
[2899881] Failed to build match row: Celta vs Deportivo de La Coruña
[2623416] Could not find attributes for andrey romanov (Tekstilshchik Ivanovo, 2015)
[2623416] Failed to build match row: Tekstilshchik Ivanovo vs Volga Tver

Keepers & outfield error for **Rio Ave Futebol Clube** in Rio Ave Futebol Clube vs Gil Vicente Futebol Clube: Numbers: 2 and 9.
[3255935] Failed to build match row: Rio Ave Futebol Clube vs Gil Vicente Futebol Clube
[2777384] Could not find attributes for gareth dean (Brackley Town, 2016)
[2777384] Failed to build match row: Brackley Town vs Gillingham FC
[2350723] Could not find attributes for robert orn oskarsson (FH Hafnarfjördur, 2013)
[2350723] Failed to build match row: Fußballklub Austria Wien vs FH Hafnarfjördur
[2722736] Could not find attributes for lamine gassama (Alanyaspor, 2016)
[2722736] Failed to build match row: Galatasaray Spor Kulübü vs Alanyaspor
[3058408] Could not find attributes for oscar wendt (Mönchengladbach, 2018)
[3058408] Failed to build match row: Mönchengladbach vs Bayer 04 Leverkusen Fußball

Keepers & outfield error for **Boavista FC** in Boavista FC vs Clube Desportivo Nacional: Numbers: 2 and 9.
[3394989] Failed to scrape lineup: https://www.transfermarkt.co.uk/as-monaco_stade-rennais-fc/index/spielbericht/3394989
[2460544] Could not find attributes for jamie robba (Europa FC, 2014)
[3294631] Could not find attributes for miguel gandara (Barakaldo CF, 2019)
[2526263] Failed to build match row: Boavista FC vs Clube Desportivo Nacional
[2754304] Could not find attributes for badou ndiaye (Ankaraspor, 2016)
[2460544] Failed to build match row: Europa FC vs FC Vaduz
[3294631] Failed to build match row: Barakaldo CF vs Rayo Vallecano de Madrid S. A. D.
[2754304] Failed to build match row: Ankaraspor vs SC Fotbal Club FCSB SA
Not enough players found for lineup: 0, 11.
[2335692] Failed to scrape lineup: https://www.transfermarkt.co.uk/sk-tavriya-simferopol-2022-_metalist-kharkiv-2016-/index/spielbericht/2335692
[3229544] Could not find attributes for musa juwara (Bologna Football Club 1909, 2019)
[3229544] Failed to build match row: Bologna Football Club 1909 vs Torino Calcio
[2583563] Could not find attributes for marko jovanovski (Shkendija Tetovo, 2015)
[2583563] Failed to build match row: Shkendija Tetovo vs Aberdeen Football Club
[2482451] Failed to scrape lineup: https://www.transfermarkt.co.uk/ea-guingamp_stade-reims/index/spielbericht/2482451
[2594017] Could not find attributes for doka madureira (İstanbul Başakşehir Futbol Kulübü, 2015)
[2492483] Could not find attributes for david bicik (AC Sparta Praha, a. s., 2014)
[2492483] Failed to build match row: AC Sparta Praha, a. s. vs Berner Sport Club Young Boys
[2594017] Failed to build match row: Sivasspor vs İstanbul Başakşehir Futbol Kulübü
[2470314] Could not find attributes for mustafa akbas (Trabzonspor Kulübü, 2014)
[2470314] Failed to build match row: Trabzonspor Kulübü vs Beşiktaş Jimnastik Kulübü
[3069720] Could not find attributes for trezeguet (Kasımpaşa A.Ş., 2018)
[2478835] Could not find attributes for andi lila (Parma Calcio 1913, 2014)
[3047720] Failed to scrape lineup: https://www.transfermarkt.co.uk/fc-toulouse_rc-strasbourg-alsace/index/spielbericht/3047720
[2478835] Failed to build match row: Genoa Cricket and Football Club vs Parma Calcio 1913
[3069720] Failed to build match row: Kasımpaşa A.Ş. vs İstanbul Başakşehir Futbol Kulübü
[2350724] Could not find attributes for robert orn oskarsson (FH Hafnarfjördur, 2013)
[2350724] Failed to build match row: FH Hafnarfjördur vs Fußballklub Austria Wien
[2335693] Could not find attributes for denys boyko (Dnipro Dnipropetrovsk (-2020), 2013)
[2335693] Failed to build match row: Dnipro Dnipropetrovsk (-2020) vs Chornomorets Odesa
[2609829] Could not find attributes for aly ndom (Stade Reims, 2015)
[2609829] Failed to build match row: Stade Reims vs Montpellier HSC
[3255936] Failed to scrape lineup: https://www.transfermarkt.co.uk/spielbericht/index/spielbericht/3255936
[3212660] Failed to scrape lineup: https://www.transfermarkt.co.uk/sl-benfica_boavista-fc/index/spielbericht/3212660
[3141082] Could not find attributes for adam maher (Alkmaar Zaanstreek, 2018)
[3141082] Failed to build match row: Alkmaar Zaanstreek vs Eindhovense Voetbalvereniging Philips Sport Vereniging
[2604091] Failed to scrape lineup: https://www.transfermarkt.co.uk/uc-sampdoria_acf-fiorentina/index/spielbericht/2604091
[2728603] Failed to scrape lineup: https://www.transfermarkt.co.uk/celtic-fc_heart-of-midlothian-fc/index/spielbericht/2728603
[3099248] Could not find attributes for olivier deschacht (KSC Lokeren (- 2020), 2018)
[3099248] Failed to build match row: Royal Antwerp Football Club vs KSC Lokeren (- 2020)

Keepers & outfield error for **Rio Ave Futebol Clube** in CS Marítimo vs Rio Ave Futebol Clube: Numbers: 0 and 11.
[2526264] Failed to build match row: CS Marítimo vs Rio Ave Futebol Clube
[3047721] Failed to scrape lineup: https://www.transfermarkt.co.uk/angers-sco_fc-nantes/index/spielbericht/3047721
[2872478] Failed to scrape lineup: https://www.transfermarkt.co.uk/chelsea-fc_liverpool-fc/index/spielbericht/2872478
[2384200] Could not find attributes for blaine hudson (Welling United, 2013)
[2384200] Failed to build match row: Plymouth Argyle vs Welling United
[2351238] Failed to scrape lineup: https://www.transfermarkt.co.uk/spielbericht/index/spielbericht/2351238
[2623417] Could not find attributes for viktor suloev (Avangard Kursk, 2015)
[2505078] Failed to scrape lineup: https://www.transfermarkt.co.uk/ross-county-fc_partick-thistle-fc/index/spielbericht/2505078
[2866148] Could not find attributes for filip kljajic (Fudbalski Klub Partizan Beograd, 2017)
[2623417] Failed to build match row: Avangard Kursk vs FC Orel
[2866148] Failed to build match row: Fudbalski Klub Partizan Beograd vs Buducnost Podgorica

Keepers & outfield error for **Valencia Club de Fútbol S. A. D.** in Valencia Club de Fútbol S. A. D. vs Girona Fútbol Club S. A. D.: Numbers: 0 and 11.
[3079449] Failed to build match row: Valencia Club de Fútbol S. A. D. vs Girona Fútbol Club S. A. D.
[2949865] Could not find attributes for ed palmer (Truro City FC, 2017)
[2883898] Failed to scrape lineup: https://www.transfermarkt.co.uk/antalyaspor_kasimpasa/index/spielbericht/2883898
[2949865] Failed to build match row: Charlton Athletic vs Truro City FC

Keepers & outfield error for **UD Las Palmas** in UD Las Palmas vs Real Madrid Club de Fútbol: Numbers: 2 and 9.
[2718760] Failed to build match row: UD Las Palmas vs Real Madrid Club de Fútbol
[2492484] Could not find attributes for guillaume hoarau (Berner Sport Club Young Boys, 2014)
[2492484] Failed to build match row: Berner Sport Club Young Boys vs Società Sportiva Calcio Napoli
[3208833] Could not find attributes for ansu fati (Futbol Club Barcelona, 2019)
[3208833] Failed to build match row: Futbol Club Barcelona vs Granada CF
[2331968] Failed to scrape lineup: https://www.transfermarkt.co.uk/chelsea-fc_liverpool-fc/index/spielbericht/2331968
[3255937] Failed to scrape lineup: https://www.transfermarkt.co.uk/spielbericht/index/spielbericht/3255937
[2698096] Failed to scrape lineup: https://www.transfermarkt.co.uk/hull-city_arsenal-fc/index/spielbericht/2698096
[2594018] Could not find attributes for doka madureira (İstanbul Başakşehir Futbol Kulübü, 2015)
[2594018] Failed to build match row: İstanbul Başakşehir Futbol Kulübü vs Gençlerbirliği Spor Kulübü
[2526265] Failed to scrape lineup: https://www.transfermarkt.co.uk/gil-vicente-fc_cf-os-belenenses/index/spielbericht/2526265
[2722738] Could not find attributes for emre belozoglu (İstanbul Başakşehir Futbol Kulübü, 2016)
[2722738] Failed to build match row: İstanbul Başakşehir Futbol Kulübü vs Kayserispor Kulübü
[2609830] Could not find attributes for malcom (FC Girondins Bordeaux, 2015)
[3212661] Failed to scrape lineup: https://www.transfermarkt.co.uk/moreirense-fc_sporting-cp/index/spielbericht/3212661
[2609830] Failed to build match row: FC Girondins Bordeaux vs Football Club Lorient-Bretagne Sud
[2919865] Could not find attributes for georgiy bushchan (Futbolniy Klub Dynamo Kyiv, 2017)
[2919865] Failed to build match row: Berner Sport Club Young Boys vs Futbolniy Klub Dynamo Kyiv
[2470315] Could not find attributes for didier zokora (Akhisarspor, 2014)
[2470315] Failed to build match row: Akhisarspor vs Galatasaray Spor Kulübü
[2326528] Could not find attributes for maksym melnyk (Dynamo Khmelnytskyi (-2013), 2013)
[2326528] Failed to build match row: Dynamo Khmelnytskyi (-2013) vs Avangard Kramatorsk
[3099249] Could not find attributes for sulayman marreh (KAS Eupen, 2018)
[3099249] Failed to build match row: Koninklijke Racing Club Genk vs KAS Eupen
[3069721] Could not find attributes for mostapha el kabir (MKE Ankaragücü, 2018)
[3069721] Failed to build match row: Alanyaspor vs MKE Ankaragücü
[3294632] Could not find attributes for virgil theresin (Cultural Leonesa, 2019)
[3294632] Failed to build match row: Cultural Leonesa vs SD Huesca

Keepers & outfield error for **Chelsea Football Club** in Chelsea Football Club vs Liverpool Football Club: Numbers: 2 and 9.
[2698097] Failed to build match row: Chelsea Football Club vs Liverpool Football Club
[2505079] Could not find attributes for stevie mallan (Saint Mirren Football Club, 2014)
[2505079] Failed to build match row: Saint Mirren Football Club vs Aberdeen Football Club
[2460545] Could not find attributes for ilko pirgov (Litex Lovech, 2014)
[2460545] Failed to build match row: Litex Lovech vs FC Veris Chisinau
[2718761] Could not find attributes for florian lejeune (SD Eibar, 2016)
[2718761] Failed to build match row: SD Eibar vs Real Sociedad de Fútbol S.A.D.
[2722739] Could not find attributes for nabil ghilas (Gaziantepspor (- 2020), 2016)
[2722739] Failed to build match row: Gaziantepspor (- 2020) vs Antalyaspor
[3199637] Could not find attributes for thibaut vargas (Montpellier HSC, 2019)
[3199637] Failed to build match row: Montpellier HSC vs Racing Club de Strasbourg Alsace
[2623418] Could not find attributes for vladimir mukhin (Dinamo Bryansk, 2015)
[2623418] Failed to build match row: Dinamo Bryansk vs Dnepr Smolensk

Keepers & outfield error for **Gaziantepspor (- 2020)** in Gaziantepspor (- 2020) vs Fenerbahçe Spor Kulübü: Numbers: 2 and 9.
[2594019] Failed to build match row: Gaziantepspor (- 2020) vs Fenerbahçe Spor Kulübü

Keepers & outfield error for **Vitória Sport Clube** in Vitória Sport Clube vs Gil Vicente Futebol Clube: Numbers: 0 and 11.
[3223074] Could not find attributes for atiba hutchinson (Beşiktaş Jimnastik Kulübü, 2019)
[3212662] Failed to build match row: Vitória Sport Clube vs Gil Vicente Futebol Clube
[3223074] Failed to build match row: Beşiktaş Jimnastik Kulübü vs Alanyaspor
[2728605] Could not find attributes for anastasios avlonitis (Heart of Midlothian Football Club, 2016)
[2728605] Failed to build match row: Heart of Midlothian Football Club vs Hamilton Academical FC
[2777385] Could not find attributes for fabian spiess (Alfreton Town, 2016)
[2777385] Failed to build match row: Newport County vs Alfreton Town

Keepers & outfield error for **Real Betis Balompié S.A.D.** in Real Betis Balompié S.A.D. vs Real Sociedad de Fútbol S.A.D.: Numbers: 2 and 9.
[3208834] Failed to build match row: Real Betis Balompié S.A.D. vs Real Sociedad de Fútbol S.A.D.
[2526266] Could not find attributes for kleber (Grupo Desportivo Estoril Praia, 2014)
[2526266] Failed to build match row: Grupo Desportivo Estoril Praia vs Boavista FC
[2700828] Could not find attributes for ouasim bouy (Prins Hendrik Ende Desespereert Nimmer Combinatie Zwolle, 2016)
[2700828] Failed to build match row: Football Club Utrecht vs Prins Hendrik Ende Desespereert Nimmer Combinatie Zwolle
[2578154] Could not find attributes for christian fuchs (Leicester City, 2015)
[2578154] Failed to build match row: Leicester City vs Norwich City
[2872479] Failed to scrape lineup: https://www.transfermarkt.co.uk/everton-fc_southampton-fc/index/spielbericht/2872479
[3047722] Failed to scrape lineup: https://www.transfermarkt.co.uk/fc-girondins-bordeaux_dijon-fco/index/spielbericht/3047722
[2478837] Could not find attributes for gaby mudingayi (Cesena FC, 2014)
[2478837] Failed to build match row: Cesena FC vs Udinese Calcio
[2351287] Could not find attributes for carlo crialese (ASG Nocerina, 2013)
[2351287] Failed to build match row: ASG Nocerina vs Pordenone Calcio
[2894061] Failed to scrape lineup: https://www.transfermarkt.co.uk/spielbericht/index/spielbericht/2894061
[3079451] Failed to scrape lineup: https://www.transfermarkt.co.uk/deportivo-alaves_sd-huesca/index/spielbericht/3079451
[3229799] Could not find attributes for matvey safonov (FK Krasnodar, 2019)

Keepers & outfield error for **Fenerbahçe Spor Kulübü** in Galatasaray Spor Kulübü vs Fenerbahçe Spor Kulübü: Numbers: 0 and 11.
[2883900] Failed to build match row: Galatasaray Spor Kulübü vs Fenerbahçe Spor Kulübü
[2919866] Could not find attributes for vladimir stojkovic (Fudbalski Klub Partizan Beograd, 2017)
[2919866] Failed to build match row: Fudbalski Klub Partizan Beograd vs KF Skënderbeu

Keepers & outfield error for **SD Eibar** in SD Eibar vs Club Atlético de Madrid S.A.D.: Numbers: 3 and 8.
[3208835] Failed to build match row: SD Eibar vs Club Atlético de Madrid S.A.D.
[3212663] Could not find attributes for andraz sporar (Sporting Clube de Portugal, 2019)
[3212663] Failed to build match row: Sporting Clube de Portugal vs Clube Desportivo Santa Clara
[2899882] Failed to scrape lineup: https://www.transfermarkt.co.uk/atletico-de-madrid_rcd-espanyol-barcelona/index/spielbericht/2899882
[2361149] Could not find attributes for filippo perucchini (Unione Sportiva Lecce, 2013)
[2361149] Failed to build match row: Parma Calcio 1913 vs Unione Sportiva Lecce

Keepers & outfield error for **Chelsea Football Club** in Chelsea Football Club vs Paris Saint-Germain Football Club: Numbers: 2 and 9.
[2645816] Failed to build match row: Chelsea Football Club vs Paris Saint-Germain Football Club
[2866149] Failed to scrape lineup: https://www.transfermarkt.co.uk/spielbericht/index/spielbericht/2866149
[2335694] Could not find attributes for pavlo ksyonz (Metalist Kharkiv (- 2016), 2013)
[2335694] Failed to build match row: Metalist Kharkiv (- 2016) vs Metalurg Zaporizhya (-2016)
[2949866] Failed to scrape lineup: https://www.transfermarkt.co.uk/spielbericht/index/spielbericht/2949866
[2777386] Could not find attributes for anthony acheampong (Maidstone United, 2016)
[2583564] Could not find attributes for thomas nielsen (Víkingur Reykjavík, 2015)
[2777386] Failed to build match row: Rochdale AFC vs Maidstone United
[2583564] Failed to build match row: Víkingur Reykjavík vs FC Koper
[2342308] Failed to scrape lineup: https://www.transfermarkt.co.uk/twente-enschede-fc_fc-utrecht/index/spielbericht/2342308
Not enough players found for lineup: 0, 0.
[2460546] Failed to scrape lineup: https://www.transfermarkt.co.uk/spielbericht/index/spielbericht/2460546
[2919867] Could not find attributes for jan lastuvka (SK Slavia Praha, a.s., 2017)
[3223076] Could not find attributes for ertac ozbir (Gençlerbirliği Spor Kulübü, 2019)
[2919867] Failed to build match row: SK Slavia Praha, a.s. vs Villarreal Club de Fútbol S.A.D.
[2894062] Could not find attributes for mile skoric (NK Osijek s.d.d., 2017)
[2894062] Failed to build match row: NK Osijek s.d.d. vs Eindhovense Voetbalvereniging Philips Sport Vereniging
[2326529] Failed to scrape lineup: https://www.transfermarkt.co.uk/spielbericht/index/spielbericht/2326529
[3255938] Failed to scrape lineup: https://www.transfermarkt.co.uk/spielbericht/index/spielbericht/3255938
[2609831] Failed to scrape lineup: https://www.transfermarkt.co.uk/fc-nantes_sm-caen/index/spielbericht/2609831
[3229801] Could not find attributes for matvey safonov (FK Krasnodar, 2019)
[3229801] Failed to build match row: Futebol Clube do Porto vs FK Krasnodar
[2470317] Could not find attributes for zulkuf ozer (Kayseri Erciyesspor, 2014)
[2470317] Failed to build match row: Kayseri Erciyesspor vs Sivasspor
[2335695] Could not find attributes for vasyl pryima (Metalurg Donetsk (- 2015), 2013)
[2478838] Could not find attributes for mcdonald mariga (Parma Calcio 1913, 2014)
[2335695] Failed to build match row: Metalurg Donetsk (- 2015) vs FC Shakhtar Donetsk
[2478838] Failed to build match row: Parma Calcio 1913 vs Atalanta Bergamasca Calcio S.p.a.

Keepers & outfield error for **Real Betis Balompié S.A.D.** in Futbol Club Barcelona vs Real Betis Balompié S.A.D.: Numbers: 2 and 9.
[3079452] Failed to build match row: Futbol Club Barcelona vs Real Betis Balompié S.A.D.

Keepers & outfield error for **Clube Desportivo Nacional** in Clube Desportivo Nacional vs FC Paços de Ferreira: Numbers: 2 and 9.
[2526267] Failed to build match row: Clube Desportivo Nacional vs FC Paços de Ferreira
[2505080] Failed to scrape lineup: https://www.transfermarkt.co.uk/aberdeen-fc_dundee-fc/index/spielbericht/2505080
[2623419] Could not find attributes for aleksandr novitskiy (Zvezda St. Petersburg, 2015)
[2623419] Failed to build match row: Zvezda St. Petersburg vs Pskov-747 (-2020)
[2722740] Failed to scrape lineup: https://www.transfermarkt.co.uk/fenerbahce_adanaspor/index/spielbericht/2722740

Keepers & outfield error for **Clube Desportivo de Tondela** in Clube Desportivo de Tondela vs Futebol Clube do Porto: Numbers: 0 and 11.
[2718762] Failed to scrape lineup: https://www.transfermarkt.co.uk/real-betis-balompie_malaga-cf/index/spielbericht/2718762
[3212664] Failed to build match row: Clube Desportivo de Tondela vs Futebol Clube do Porto

Keepers & outfield error for **West Ham United Football Club** in Leicester City vs West Ham United Football Club: Numbers: 0 and 11.
[2872480] Failed to build match row: Leicester City vs West Ham United Football Club
[2482453] Failed to scrape lineup: https://www.transfermarkt.co.uk/sc-bastia_as-saint-etienne/index/spielbericht/2482453
[2384201] Could not find attributes for andy coughlin (Wrexham AFC, 2013)
[2728606] Failed to scrape lineup: https://www.transfermarkt.co.uk/kilmarnock-fc_ross-county-fc/index/spielbericht/2728606
[2384201] Failed to build match row: Wrexham AFC vs Oxford United
[2492485] Could not find attributes for dusan pernis (Slovan Bratislava, 2014)
[2492485] Failed to build match row: Slovan Bratislava vs AC Sparta Praha, a. s.
[2460547] Could not find attributes for argent halilaj (FK Kukësi, 2014)
[2894063] Could not find attributes for ignas plukas (FK Trakai, 2017)
[2460547] Failed to build match row: FK Kukësi vs Kairat Almaty
[3294633] Could not find attributes for inigo zubiri (Unionistas CF, 2019)
[2894063] Failed to build match row: FK Trakai vs Shkendija Tetovo
[3294633] Failed to build match row: Unionistas CF vs Deportivo de La Coruña
[3199639] Failed to scrape lineup: https://www.transfermarkt.co.uk/ogc-nice_as-monaco/index/spielbericht/3199639
[2583565] Could not find attributes for sebastien flauss (FC Progrès Niederkorn, 2015)
[3141083] Could not find attributes for azor matusiwa (De Graafschap Doetinchem, 2018)
[3141083] Failed to build match row: Vitesse Arnhem vs De Graafschap Doetinchem
[2583565] Failed to build match row: Shamrock Rovers vs FC Progrès Niederkorn
[2700829] Failed to scrape lineup: https://www.transfermarkt.co.uk/heracles-almelo_excelsior-rotterdam/index/spielbericht/2700829
[2335696] Could not find attributes for dmytro bezotosnyi (Chornomorets Odesa, 2013)

Keepers & outfield error for **Rio Ave Futebol Clube** in Rio Ave Futebol Clube vs Portimonense SC: Numbers: 2 and 9.
[2335696] Failed to build match row: Chornomorets Odesa vs FC Zorya Lugansk

Keepers & outfield error for **Futebol Clube do Porto** in Futebol Clube do Porto vs FC Penafiel: Numbers: 2 and 9.
Not enough players found for lineup: 0, 0.
[2609832] Could not find attributes for christopher nkunku (Paris Saint-Germain Football Club, 2015)
[2526268] Failed to build match row: Futebol Clube do Porto vs FC Penafiel
[3212665] Failed to build match row: Rio Ave Futebol Clube vs Portimonense SC
[2609832] Failed to build match row: GFC Ajaccio vs Paris Saint-Germain Football Club
[3256256] Failed to scrape lineup: https://www.transfermarkt.co.uk/spielbericht/index/spielbericht/3256256
[2722741] Could not find attributes for kenneth omeruo (Alanyaspor, 2016)
[2722741] Failed to build match row: Alanyaspor vs Çaykur Rizespor Kulübü
[2594021] Could not find attributes for sabri sarioglu (Galatasaray Spor Kulübü, 2015)
[2594021] Failed to build match row: Galatasaray Spor Kulübü vs Bursaspor
[2919868] Could not find attributes for predrag rajkovic (Maccabi Tel Aviv, 2017)
[2919868] Failed to build match row: Maccabi Tel Aviv vs FC Astana
[3047724] Could not find attributes for rafael leao (Lille Olympique Sporting Club, 2018)
[3047724] Failed to build match row: Lille Olympique Sporting Club vs Amiens SC
[2470318] Could not find attributes for marcio mossoro (İstanbul Başakşehir Futbol Kulübü, 2014)
[2470318] Failed to build match row: İstanbul Başakşehir Futbol Kulübü vs Eskisehirspor
[3058409] Failed to scrape lineup: https://www.transfermarkt.co.uk/hertha-bsc_1-fc-nuremberg/index/spielbericht/3058409
[2754305] Failed to scrape lineup: https://www.transfermarkt.co.uk/spielbericht/index/spielbericht/2754305
[3394990] Failed to scrape lineup: https://www.transfermarkt.co.uk/montpellier-hsc_stade-brestois-29/index/spielbericht/3394990

Keepers & outfield error for **Fleetwood Town** in Fleetwood Town vs Burton Albion: Numbers: 0 and 11.
[2384202] Failed to build match row: Fleetwood Town vs Burton Albion
[2899883] Failed to scrape lineup: https://www.transfermarkt.co.uk/getafe-cf_deportivo-de-la-coruna/index/spielbericht/2899883
[2604094] Failed to scrape lineup: https://www.transfermarkt.co.uk/atalanta-bc_torino-fc/index/spielbericht/2604094
[2645817] Failed to scrape lineup: https://www.transfermarkt.co.uk/spielbericht/index/spielbericht/2645817
[2351288] Could not find attributes for giovanni volturo (Paganese Calcio 1926, 2013)
[3223077] Could not find attributes for yan sasse (Çaykur Rizespor Kulübü, 2019)
[2351288] Failed to build match row: Paganese Calcio 1926 vs Aurora Pro Patria
[3223077] Failed to build match row: Alanyaspor vs Çaykur Rizespor Kulübü
[2335697] Could not find attributes for yevgen borovyk (Arsenal Kyiv, 2013)
[3212666] Could not find attributes for chiquinho (Sport Lisboa e Benfica, 2019)
[2335697] Failed to build match row: Arsenal Kyiv vs FK Mariupol
[2526269] Failed to scrape lineup: https://www.transfermarkt.co.uk/academica-coimbra_vitoria-guimaraes-sc/index/spielbericht/2526269
[3212666] Failed to build match row: Futebol Clube de Famalicão vs Sport Lisboa e Benfica
[2492486] Could not find attributes for guillaume hoarau (Berner Sport Club Young Boys, 2014)
[2492486] Failed to build match row: Società Sportiva Calcio Napoli vs Berner Sport Club Young Boys
[3099251] Failed to scrape lineup: https://www.transfermarkt.co.uk/kv-oostende_kaa-gent/index/spielbericht/3099251
[3208837] Failed to scrape lineup: https://www.transfermarkt.co.uk/levante-ud_deportivo-alaves/index/spielbericht/3208837
[2578156] Failed to scrape lineup: https://www.transfermarkt.co.uk/afc-bournemouth_southampton-fc/index/spielbericht/2578156
[3394991] Could not find attributes for trevoh chalobah (Football Club Lorient-Bretagne Sud, 2020)
[3394991] Failed to build match row: Football Club Lorient-Bretagne Sud vs Football Club de Metz
[2754306] Could not find attributes for andris vanins (FC Zürich, 2016)
[2754306] Failed to build match row: Villarreal Club de Fútbol S.A.D. vs FC Zürich

Keepers & outfield error for **Akhisarspor** in Akhisarspor vs Sivasspor: Numbers: 2 and 9.
[2594022] Failed to build match row: Akhisarspor vs Sivasspor

Keepers & outfield error for **Athletic Club Bilbao** in Real Madrid Club de Fútbol vs Athletic Club Bilbao: Numbers: 2 and 9.
[2919869] Could not find attributes for filip gacevski (Vardar Skopje, 2017)
[2899884] Failed to build match row: Real Madrid Club de Fútbol vs Athletic Club Bilbao
[2919869] Failed to build match row: Real Sociedad de Fútbol S.A.D. vs Vardar Skopje
[3199641] Could not find attributes for stephy mavididi (Dijon FCO, 2019)
[3199641] Failed to build match row: Dijon FCO vs Toulouse Football Club
[3141084] Could not find attributes for vangelis pavlidis (Willem II Tilburg, 2018)
[2335698] Could not find attributes for oleg chuvaev (FK Sevastopol (- 2014), 2013)
[3141084] Failed to build match row: Willem II Tilburg vs FC Emmen
[2335698] Failed to build match row: FK Sevastopol (- 2014) vs Karpaty Lviv (-2021)
[2505081] Failed to scrape lineup: https://www.transfermarkt.co.uk/dundee-united-fc_inverness-caledonian-thistle-fc/index/spielbericht/2505081
[2478839] Failed to scrape lineup: https://www.transfermarkt.co.uk/uc-sampdoria_cagliari-calcio/index/spielbericht/2478839
[3230388] Failed to scrape lineup: https://www.transfermarkt.co.uk/spielbericht/index/spielbericht/3230388
[3084018] Failed to scrape lineup: https://www.transfermarkt.co.uk/spielbericht/index/spielbericht/3084018
[2623420] Failed to build match row: Dinamo Kostroma (-2022) vs Spartak Kostroma
[2470319] Could not find attributes for furkan ozcal (Kardemir Karabükspor, 2014)
[3079453] Failed to scrape lineup: https://www.transfermarkt.co.uk/celta-de-vigo_real-madrid/index/spielbericht/3079453
[2470319] Failed to build match row: Kardemir Karabükspor vs Çaykur Rizespor Kulübü
[2872483] Could not find attributes for etienne capoue (Watford FC, 2017)
[2872483] Failed to build match row: Watford FC vs Newcastle United Football Club
[2384203] Could not find attributes for sam hatton (Grimsby Town, 2013)
[2384203] Failed to build match row: Grimsby Town vs Northampton Town
[2609833] Could not find attributes for morgan amalfitano (Lille Olympique Sporting Club, 2015)
[2777388] Could not find attributes for joe devera (Boreham Wood FC, 2016)
_fc-toulouse/index/spielbericht/2482454
[2361151] Failed to scrape lineup: https://www.transfermarkt.co.uk/spielbericht/index/spielbericht/2361151
[2777388] Failed to build match row: Notts County vs Boreham Wood FC
[2609833] Failed to build match row: Lille Olympique Sporting Club vs EA Guingamp
[2583566] Could not find attributes for giorgi nadiradze (FC Tskhinvali, 2015)
[2883902] Failed to scrape lineup: https://www.transfermarkt.co.uk/besiktas-jk_basaksehir-fk/index/spielbericht/2883902
[2583566] Failed to build match row: FC Tskhinvali vs Asociația Fotbal Club Botoșani

Keepers & outfield error for **FC Paços de Ferreira** in FC Paços de Ferreira vs Sporting Clube de Braga: Numbers: 5 and 6.
[3212667] Failed to build match row: FC Paços de Ferreira vs Sporting Clube de Braga
[2460548] Failed to scrape lineup: https://www.transfermarkt.co.uk/spielbericht/index/spielbericht/2460548
[2894064] Failed to scrape lineup: https://www.transfermarkt.co.uk/spielbericht/index/spielbericht/2894064
[2492487] Could not find attributes for david bicik (AC Sparta Praha, a. s., 2014)
[2492487] Failed to build match row: AC Sparta Praha, a. s. vs Slovan Bratislava
[2866151] Could not find attributes for ales mandous (MSK Zilina, 2017)

Keepers & outfield error for **Olympique Lyonnais** in Nîmes Olympique vs Olympique Lyonnais: Numbers: 2 and 9.
[2866151] Failed to build match row: MSK Zilina vs Football Club København

Keepers & outfield error for **Real Club Deportivo Mallorca S.A.D.** in Real Club Deportivo Mallorca S.A.D. vs Valencia Club de Fútbol S. A. D.: Numbers: 2 and 9.
[3394992] Failed to build match row: Nîmes Olympique vs Olympique Lyonnais
[2335699] Could not find attributes for maksym koval (Futbolniy Klub Dynamo Kyiv, 2013)
[2351289] Could not find attributes for ferdinando vitofrancesco (AC Perugia Calcio, 2013)
[3069723] Failed to scrape lineup: https://www.transfermarkt.co.uk/akhisarspor_caykur-rizespor/index/spielbericht/3069723
[2335699] Failed to build match row: Futbolniy Klub Dynamo Kyiv vs Karpaty Lviv (-2021)
 de Fútbol S. A. D.
[2351289] Failed to build match row: AC Perugia Calcio vs Savona FBC
[2331973] Failed to scrape lineup: https://www.transfermarkt.co.uk/tottenham-hotspur_chelsea-fc/index/spielbericht/2331973

Keepers & outfield error for **Valencia Club de Fútbol S. A. D.** in Getafe Club de Fútbol S. A. D. Team Dubai vs Valencia Club de Fútbol S. A. D.: Numbers: 0 and 11.
[2526270] Could not find attributes for enca fati (Moreirense Futebol Clube, 2014)
[3079454] Failed to build match row: Getafe Club de Fútbol S. A. D. Team Dubai vs Valencia Club de Fútbol S. A. D.
[2526270] Failed to build match row: Futebol Clube de Arouca vs Moreirense Futebol Clube

Keepers & outfield error for **Olympique Lyonnais** in Lille Olympique Sporting Club vs Olympique Lyonnais: Numbers: 2 and 9.
[2777389] Could not find attributes for reda johnson (Eastleigh FC, 2016)
[3199642] Failed to build match row: Lille Olympique Sporting Club vs Olympique Lyonnais
[2777389] Failed to build match row: Swindon Town vs Eastleigh FC
[2604096] Could not find attributes for albano bizzarri (Chievo Verona, 2015)
[2604096] Failed to build match row: AC Carpi vs Chievo Verona
[2623421] Could not find attributes for vasiliy lukichev (Strogino Moscow, 2015)
[2623421] Failed to build match row: Strogino Moscow vs FK Domodedovo (-2017)
[2728608] Could not find attributes for niall keown (Partick Thistle FC, 2016)
[2866152] Could not find attributes for guy haimov (Hapoel Beer Sheva, 2017)
[3099254] Could not find attributes for frank boya (Royal Excel Mouscron (-2022), 2018)
[2728608] Failed to build match row: Inverness Caledonian Thistle FC vs Partick Thistle FC
[2578157] Failed to scrape lineup: https://www.transfermarkt.co.uk/leicester-city_west-bromwich-albion/index/spielbericht/2578157
[3084019] Could not find attributes for nicholas allievi (SS Juve Stabia, 2018)
[2866152] Failed to build match row: Hapoel Beer Sheva vs Budapest Honvéd FC
[3084019] Failed to build match row: Verona Hellas Football Club vs SS Juve Stabia
[3099254] Failed to build match row: Sportvereniging Zulte Waregem vs Royal Excel Mouscron (-2022)

Keepers & outfield error for **Sport Lisboa e Benfica** in AO FK Zenit Sankt-Peterburg vs Sport Lisboa e Benfica: Numbers: 0 and 11.

Keepers & outfield error for **Manchester United Football Club** in Manchester United Football Club vs FC Zorya Lugansk: Numbers: 0 and 11.
[2460549] Could not find attributes for gevorg kasparov (MIKA Ashtarak, 2014)
[2698101] Could not find attributes for jordi amat (Swansea City, 2016)
[2645820] Failed to build match row: AO FK Zenit Sankt-Peterburg vs Sport Lisboa e Benfica
[2754308] Failed to build match row: Manchester United Football Club vs FC Zorya Lugansk
[2460549] Failed to build match row: MIKA Ashtarak vs RNK Split
[2594023] Failed to scrape lineup: https://www.transfermarkt.co.uk/trabzonspor_eskisehirspor/index/spielbericht/2594023
[2698101] Failed to build match row: Southampton FC vs Swansea City
[2583567] Could not find attributes for slobodan simovic (Slovan Bratislava, 2015)
[2583567] Failed to build match row: Slovan Bratislava vs Europa FC

Keepers & outfield error for **Yeclano Deportivo** in Yeclano Deportivo vs Elche Club de Fútbol S.A.D.: Numbers: 3 and 8.
[3294634] Failed to build match row: Yeclano Deportivo vs Elche Club de Fútbol S.A.D.
[2351290] Could not find attributes for michael girasole (UC AlbinoLeffe, 2013)
[2351290] Failed to build match row: UC AlbinoLeffe vs Turris Calcio
[2470320] Could not find attributes for andrija vukovic (Balikesirspor, 2014)
[2470320] Failed to build match row: Balikesirspor vs İstanbul Başakşehir Futbol Kulübü
[2604097] Could not find attributes for marko livaja (FC Empoli, 2015)
[2604097] Failed to build match row: Associazione Calcio Fiorentina vs FC Empoli
[3141086] Could not find attributes for mounir el hamdaoui (Excelsior Rotterdam, 2018)
[3141086] Failed to build match row: Heracles Almelo vs Excelsior Rotterdam

Keepers & outfield error for **CD Leganés** in Girona Fútbol Club S. A. D. vs CD Leganés: Numbers: 0 and 11.
[3079455] Failed to build match row: Girona Fútbol Club S. A. D. vs CD Leganés
[2335700] Could not find attributes for dmitriy nepogodov (Vorskla Poltava, 2013)
[2335700] Failed to build match row: Vorskla Poltava vs Futbolniy Klub Dynamo Kyiv
[2872484] Failed to scrape lineup: https://www.transfermarkt.co.uk/west-bromwich-albion_tottenham-hotspur/index/spielbericht/2872484
[2700831] Failed to scrape lineup: https://www.transfermarkt.co.uk/sparta-rotterdam_fc-groningen/index/spielbericht/2700831
[2609834] Failed to scrape lineup: https://www.transfermarkt.co.uk/montpellier-hsc_stade-rennais-fc/index/spielbericht/2609834
[2482455] Failed to scrape lineup: https://www.transfermarkt.co.uk/stade-rennais-fc_sc-bastia/index/spielbericht/2482455
[2505082] Failed to scrape lineup: https://www.transfermarkt.co.uk/hamilton-academical-fc_celtic-fc/index/spielbericht/2505082

Keepers & outfield error for **Verona Hellas Football Club** in Palermo FC vs Verona Hellas Football Club: Numbers: 0 and 11.
[2361408] Failed to build match row: Palermo FC vs Verona Hellas Football Club
[3223079] Failed to scrape lineup: https://www.transfermarkt.co.uk/mke-ankaragucu_besiktas-jk/index/spielbericht/3223079
[2883903] Failed to scrape lineup: https://www.transfermarkt.co.uk/sivasspor_bursaspor/index/spielbericht/2883903
[2326530] Failed to scrape lineup: https://www.transfermarkt.co.uk/spielbericht/index/spielbericht/2326530
[2899886] Failed to scrape lineup: https://www.transfermarkt.co.uk/real-betis-balompie_malaga-cf/index/spielbericht/2899886
[2919871] Failed to scrape lineup: https://www.transfermarkt.co.uk/spielbericht/index/spielbericht/2919871
[2594024] Could not find attributes for servet cetin (Mersin Talimyurdu SK, 2015)
[2594024] Failed to build match row: Mersin Talimyurdu SK vs Çaykur Rizespor Kulübü
[2609835] Could not find attributes for paul baysse (Olympique Gymnaste Club Nice Côte d'Azur, 2015)
[2609835] Failed to build match row: Olympique Gymnaste Club Nice Côte d'Azur vs AS Saint-Étienne
[3069724] Failed to scrape lineup: https://www.transfermarkt.co.uk/yeni-malatyaspor_fenerbahce/index/spielbericht/3069724
[3084020] Could not find attributes for matteo campani (Pisa Sporting Club, 2018)
[3084020] Failed to build match row: Unione Sportiva Cremonese S.p.A. vs Pisa Sporting Club
[3223080] Could not find attributes for daniel sturridge (Trabzonspor Kulübü, 2019)
[2728610] Could not find attributes for tom hateley (Dundee Football Club, 2016)
[3223080] Failed to build match row: Trabzonspor Kulübü vs Gaziantep Futbol Kulübü A.Ş.
[2728610] Failed to build match row: Dundee Football Club vs Kilmarnock Football Club

Keepers & outfield error for **Paris Saint-Germain Football Club** in Paris Saint-Germain Football Club vs EA Guingamp: Numbers: 2 and 9.
[2482456] Failed to build match row: Paris Saint-Germain Football Club vs EA Guingamp
[2351292] Could not find attributes for alessandro bassoli (FC Südtirol, 2013)
[2351292] Failed to build match row: FC Südtirol vs SS Matera Calcio

Keepers & outfield error for **Malmö Fotbollförening** in Malmö Fotbollförening vs Vardar Skopje: Numbers: 0 and 11.
[2866153] Failed to build match row: Malmö Fotbollförening vs Vardar Skopje
[2342312] Failed to scrape lineup: https://www.transfermarkt.co.uk/sc-heerenveen_sc-cambuur-leeuwarden/index/spielbericht/2342312
[2594025] Could not find attributes for serkan kirintili (Konyaspor, 2015)
[2594025] Failed to build match row: Konyaspor vs Antalyaspor
[3212668] Could not find attributes for marius mouandilmadji (Desportivo Aves (- 2020), 2019)
[3212668] Failed to build match row: Desportivo Aves (- 2020) vs Vitória Setúbal FC
[2623422] Failed to scrape lineup: https://www.transfermarkt.co.uk/spielbericht/index/spielbericht/2623422
[2526271] Failed to scrape lineup: https://www.transfermarkt.co.uk/sl-benfica_cs-maritimo/index/spielbericht/2526271
[3141087] Could not find attributes for ben rienstra (Sportclub Heerenveen, 2018)
[3141087] Failed to build match row: Sportclub Heerenveen vs Nooit Opgeven Altijd Doorzetten Aangenaam Door Vermaak En Nuttig Door Ontspanning Combinatie Breda
[3199643] Failed to scrape lineup: https://www.transfermarkt.co.uk/as-saint-etienne_fc-girondins-bordeaux/index/spielbericht/3199643
[3084021] Could not find attributes for marco pissardo (SS Monopoli 1966, 2018)
[3084021] Failed to build match row: AS Cittadella vs SS Monopoli 1966
[2492488] Could not find attributes for marek stech (AC Sparta Praha, a. s., 2014)
[2492488] Failed to build match row: AC Sparta Praha, a. s. vs Società Sportiva Calcio Napoli

Keepers & outfield error for **Göztepe Sportif Yatırımlar A.Ş.** in Göztepe Sportif Yatırımlar A.Ş. vs Fenerbahçe Spor Kulübü: Numbers: 0 and 11.
[3069725] Failed to build match row: Göztepe Sportif Yatırımlar A.Ş. vs Fenerbahçe Spor Kulübü

Keepers & outfield error for **Göztepe Sportif Yatırımlar A.Ş.** in İstanbul Başakşehir Futbol Kulübü vs Göztepe Sportif Yatırımlar A.Ş.: Numbers: 0 and 11.
[3223081] Failed to build match row: İstanbul Başakşehir Futbol Kulübü vs Göztepe Sportif Yatırımlar A.Ş.
[3208840] Failed to scrape lineup: https://www.transfermarkt.co.uk/real-madrid_sevilla-fc/index/spielbericht/3208840
[3232126] Failed to scrape lineup: https://www.transfermarkt.co.uk/spielbericht/index/spielbericht/3232126
[2384205] Failed to scrape lineup: https://www.transfermarkt.co.uk/spielbericht/index/spielbericht/2384205
[2578158] Failed to scrape lineup: https://www.transfermarkt.co.uk/watford-fc_afc-bournemouth/index/spielbericht/2578158
[2594026] Could not find attributes for ugur demirok (Ankaraspor, 2015)
[2594026] Failed to build match row: Ankaraspor vs Kasımpaşa A.Ş.
[2609836] Could not find attributes for antoine devaux (Stade Reims, 2015)
[2609836] Failed to build match row: Olympique de Marseille vs Stade Reims
[3296150] Failed to scrape lineup: https://www.transfermarkt.co.uk/spielbericht/index/spielbericht/3296150
[2754309] Failed to scrape lineup: https://www.transfermarkt.co.uk/spielbericht/index/spielbericht/2754309
[2583568] Failed to scrape lineup: https://www.transfermarkt.co.uk/spielbericht/index/spielbericht/2583568
[2460550] Failed to scrape lineup: https://www.transfermarkt.co.uk/spielbericht/index/spielbericht/2460550
[2645821] Failed to scrape lineup: https://www.transfermarkt.co.uk/spielbericht/index/spielbericht/2645821
[2623423] Could not find attributes for mikhail alfimov (Lokomotiv Liski, 2015)
[2623423] Failed to build match row: Lokomotiv Liski vs Energomash Belgorod (-2018)
[2478841] Failed to scrape lineup: https://www.transfermarkt.co.uk/fc-empoli_genoa-cfc/index/spielbericht/2478841
[3099256] Could not find attributes for olivier deschacht (KSC Lokeren (- 2020), 2018)
[2470321] Failed to scrape lineup: https://www.transfermarkt.co.uk/caykur-rizespor_trabzonspor/index/spielbericht/2470321
[3099256] Failed to build match row: KSC Lokeren (- 2020) vs KV Oostende
[2351293] Could not find attributes for antony iannarilli (US Salernitana 1919, 2013)
[2351293] Failed to build match row: US Salernitana 1919 vs Città di Teramo 1913
[2728611] Could not find attributes for anastasios avlonitis (Heart of Midlothian Football Club, 2016)
[2728611] Failed to build match row: Heart of Midlothian Football Club vs Inverness Caledonian Thistle FC

Keepers & outfield error for **Società Sportiva Lazio S.p.A.** in Società Sportiva Lazio S.p.A. vs Olympique Gymnaste Club Nice Côte d'Azur: Numbers: 2 and 9.
[2919872] Failed to build match row: Società Sportiva Lazio S.p.A. vs Olympique Gymnaste Club Nice Côte d'Azur
[2777390] Could not find attributes for gael bigirimana (Coventry City, 2016)
[2777390] Failed to build match row: Coventry City vs Morecambe FC
[2492489] Could not find attributes for dusan pernis (Slovan Bratislava, 2014)
[2492489] Failed to build match row: Slovan Bratislava vs Berner Sport Club Young Boys
[2384206] Could not find attributes for nathan bennett (Stourbridge FC, 2013)
[2335701] Failed to scrape lineup: https://www.transfermarkt.co.uk/metalist-kharkiv-2016-_dynamo-kyiv/index/spielbericht/2335701
[3079456] Failed to scrape lineup: https://www.transfermarkt.co.uk/levante-ud_real-sociedad/index/spielbericht/3079456
[2384206] Failed to build match row: Stevenage FC vs Stourbridge FC

Keepers & outfield error for **Sporting Clube de Braga** in Sporting Clube de Braga vs Vitória Setúbal FC: Numbers: 2 and 9.
[2526272] Failed to build match row: Sporting Clube de Braga vs Vitória Setúbal FC
[2949867] Could not find attributes for neill byrne (Gateshead FC, 2017)
[2949867] Failed to build match row: Gateshead FC vs Chelmsford City
[2361409] Failed to scrape lineup: https://www.transfermarkt.co.uk/spielbericht/index/spielbericht/2361409
[2700832] Failed to scrape lineup: https://www.transfermarkt.co.uk/ado-den-haag_feyenoord-rotterdam/index/spielbericht/2700832
[3212669] Could not find attributes for show (B SAD, 2019)
[3212669] Failed to build match row: B SAD vs Moreirense Futebol Clube
[3069726] Could not find attributes for david braz (Sivasspor, 2018)
[3069726] Failed to build match row: Sivasspor vs Kasımpaşa A.Ş.
[3058413] Failed to scrape lineup: https://www.transfermarkt.co.uk/vfl-wolfsburg_fc-schalke-04/index/spielbericht/3058413
[2326894] Failed to scrape lineup: https://www.transfermarkt.co.uk/spielbericht/index/spielbericht/2326894
[2899887] Failed to scrape lineup: https://www.transfermarkt.co.uk/rcd-espanyol-barcelona_deportivo-alaves/index/spielbericht/2899887
[2578159] Could not find attributes for joe ledley (Crystal Palace Football Club, 2015)

Keepers & outfield error for **Göztepe Sportif Yatırımlar A.Ş.** in Göztepe Sportif Yatırımlar A.Ş. vs Alanyaspor: Numbers: 0 and 11.
[2578159] Failed to build match row: West Bromwich Albion vs Crystal Palace Football Club
[2722742] Could not find attributes for adrien regattin (Ankaraspor, 2016)
Alanyaspor
[2722742] Failed to build match row: Ankaraspor vs Beşiktaş Jimnastik Kulübü
[2604099] Failed to scrape lineup: https://www.transfermarkt.co.uk/hellas-verona_ssc-napoli/index/spielbericht/2604099
[2866154] Could not find attributes for kenan piric (HSK Zrinjski Mostar, 2017)
[3232127] Could not find attributes for lasha dvali (Ferencvárosi TC, 2019)
[3232127] Failed to build match row: Ferencvárosi TC vs GNK Dinamo Zagreb
[2718764] Could not find attributes for andreas pereira (Granada CF, 2016)
[3212670] Failed to scrape lineup: https://www.transfermarkt.co.uk/boavista-fc_cs-maritimo/index/spielbericht/3212670
[2718764] Failed to build match row: Alaves vs Granada CF
[2777391] Could not find attributes for kaby (Crawley Town, 2016)
Not enough players found for lineup: 0, 0.
[2460551] Could not find attributes for marijan antolovic (FK Zeljeznicar Sarajevo, 2014)
[2482458] Could not find attributes for ferjani sassi (Football Club de Metz, 2014)
[3256257] Failed to scrape lineup: https://www.transfermarkt.co.uk/spielbericht/index/spielbericht/3256257
[2919873] Could not find attributes for oleksandr svatok (FC Zorya Lugansk, 2017)
[2777391] Failed to build match row: Bristol Rovers vs Crawley Town
[2919873] Failed to build match row: Hertha BSC vs FC Zorya Lugansk
[2460551] Failed to build match row: FK Zeljeznicar Sarajevo vs FK Lovcen Cetinje
[2482458] Failed to build match row: Football Club de Metz vs Football Club Lorient-Bretagne Sud
[2894065] Could not find attributes for renat yanbaev (FK Krasnodar, 2017)
[2894065] Failed to build match row: FK Krasnodar vs Lyngby Boldklub

Keepers & outfield error for **Rio Ave Futebol Clube** in Rio Ave Futebol Clube vs Sporting Clube de Portugal: Numbers: 0 and 11.
[2526273] Failed to build match row: Rio Ave Futebol Clube vs Sporting Clube de Portugal
[3084022] Could not find attributes for alessio tissone (Imolese Calcio 1919, 2018)
[3084022] Failed to build match row: Benevento Calcio vs Imolese Calcio 1919
[3141088] Could not find attributes for sepp van den berg (Prins Hendrik Ende Desespereert Nimmer Combinatie Zwolle, 2018)
[2722743] Could not find attributes for loret sadiku (Kasımpaşa A.Ş., 2016)
[3141088] Failed to build match row: Prins Hendrik Ende Desespereert Nimmer Combinatie Zwolle vs VVV-Venlo
[2754310] Could not find attributes for brown ideye (Olympiakos Syndesmos Filathlon Peiraios, 2016)
[2754310] Failed to build match row: Olympiakos Syndesmos Filathlon Peiraios vs APOEL Nicosia
[3296152] Failed to scrape lineup: https://www.transfermarkt.co.uk/spielbericht/index/spielbericht/3296152
[3099258] Failed to scrape lineup: https://www.transfermarkt.co.uk/standard-liege_krc-genk/index/spielbericht/3099258
[2594027] Could not find attributes for doka madureira (İstanbul Başakşehir Futbol Kulübü, 2015)
[2384211] Failed to scrape lineup: https://www.transfermarkt.co.uk/spielbericht/index/spielbericht/2384211
[3047725] Could not find attributes for youssouf fofana (Racing Club de Strasbourg Alsace, 2018)
[2718765] Failed to scrape lineup: https://www.transfermarkt.co.uk/cd-leganes_valencia-cf/index/spielbericht/2718765
[2326895] Could not find attributes for theo timmermans (Football Club Volendam, 2013)
[2594027] Failed to build match row: Fenerbahçe Spor Kulübü vs İstanbul Başakşehir Futbol Kulübü
[2326895] Failed to build match row: AFC Ajax Amsterdam vs Football Club Volendam
[3047725] Failed to build match row: Association sportive de Monaco Football Club vs Racing Club de Strasbourg Alsace
[2505083] Could not find attributes for conor grant (Motherwell Football Club, 2014)
[2505083] Failed to build match row: Motherwell Football Club vs Kilmarnock Football Club

Keepers & outfield error for **Olympique Lyonnais** in Olympique Lyonnais vs Olympique Gymnaste Club Nice Côte d'Azur: Numbers: 2 and 9.
[3394994] Failed to build match row: Olympique Lyonnais vs Olympique Gymnaste Club Nice Côte d'Azur
[2335702] Could not find attributes for cristian villagra (Metalist Kharkiv (- 2016), 2013)
[2335702] Failed to build match row: FC Shakhtar Donetsk vs Metalist Kharkiv (- 2016)
[3079457] Failed to scrape lineup: https://www.transfermarkt.co.uk/rayo-vallecano_villarreal-cf/index/spielbericht/3079457
[2949869] Failed to scrape lineup: https://www.transfermarkt.co.uk/spielbericht/index/spielbericht/2949869
[2527269] Could not find attributes for sullay kaikai (Cambridge United, 2014)
[2527269] Failed to build match row: Cambridge United vs Manchester United Football Club
[3069727] Could not find attributes for caner erkin (Beşiktaş Jimnastik Kulübü, 2018)
[3069727] Failed to build match row: Beşiktaş Jimnastik Kulübü vs Antalyaspor

Keepers & outfield error for **Athletic Club Bilbao** in Athletic Club Bilbao vs Östersunds FK: Numbers: 2 and 9.
[2919874] Failed to build match row: Athletic Club Bilbao vs Östersunds FK
[2623424] Could not find attributes for vyacheslav isupov (Vityaz Podolsk, 2015)
Not enough players found for lineup: 0, 11.
[2623424] Failed to build match row: Vityaz Podolsk vs Torpedo Moscow
[2604100] Could not find attributes for nicolas castillo (Frosinone Calcio, 2015)
[2460552] Failed to scrape lineup: https://www.transfermarkt.co.uk/spielbericht/index/spielbericht/2460552
[2604100] Failed to build match row: Football Club Internazionale Milano S.p.A. vs Frosinone Calcio
[2578160] Could not find attributes for jonathan howson (Norwich City, 2015)

Keepers & outfield error for **Clube Desportivo Santa Clara** in Clube Desportivo Santa Clara vs Desportivo Aves (- 2020): Numbers: 2 and 9.

Keepers & outfield error for **FC Schalke 04** in Panthessalonikios Athlitikos Omilos Konstantinoupoliton vs FC Schalke 04: Numbers: 2 and 9.
[3212671] Failed to build match row: Clube Desportivo Santa Clara vs Desportivo Aves (- 2020)
[2363718] Failed to build match row: Panthessalonikios Athlitikos Omilos Konstantinoupoliton vs FC Schalke 04
[2492490] Could not find attributes for guillaume hoarau (Berner Sport Club Young Boys, 2014)
[2492490] Failed to build match row: Berner Sport Club Young Boys vs AC Sparta Praha, a. s.
[2777392] Could not find attributes for matt gould (Stourbridge FC, 2016)
[2470322] Could not find attributes for emre tasdemir (Bursaspor, 2014)
[2342314] Could not find attributes for roland alberg (ADO Den Haag, 2013)
[2777392] Failed to build match row: Stourbridge FC vs Whitehawk FC
[2342314] Failed to build match row: ADO Den Haag vs Sportclub Heerenveen
[2470322] Failed to build match row: Bursaspor vs Kardemir Karabükspor
[2722744] Could not find attributes for tomas sivok (Bursaspor, 2016)
[2384212] Could not find attributes for duncan watmore (Hibernian Football Club, 2013)
[3047726] Could not find attributes for bafode diakite (Toulouse Football Club, 2018)
[2722744] Failed to build match row: Bursaspor vs Trabzonspor Kulübü
[3047726] Failed to build match row: Nîmes Olympique vs Toulouse Football Club
[2384212] Failed to build match row: Hibernian Football Club vs Raith Rovers FC
[3208842] Could not find attributes for moi gomez (Villarreal Club de Fútbol S.A.D., 2019)
[3223083] Could not find attributes for farouk miya (Konyaspor, 2019)
[3208842] Failed to build match row: Alaves vs Villarreal Club de Fútbol S.A.D.
[3223083] Failed to build match row: Konyaspor vs Yeni Malatyaspor

Keepers & outfield error for **Società Sportiva Calcio Napoli** in Società Sportiva Calcio Napoli vs Football Club Internazionale Milano S.p.A.: Numbers: 2 and 9.
[2478843] Failed to build match row: Società Sportiva Calcio Napoli vs Football Club Internazionale Milano S.p.A.
[2326896] Could not find attributes for Tim Hofstede (FC Den Bosch, 2013)
[2326896] Failed to build match row: Football Club Utrecht vs FC Den Bosch
[2335703] Could not find attributes for vitaliy nedilko (Volyn Lutsk, 2013)
[2883907] Could not find attributes for patrick friday eze (Konyaspor, 2017)
[2335703] Failed to build match row: Volyn Lutsk vs Metalurg Donetsk (- 2015)
[2883907] Failed to build match row: Konyaspor vs Ankaraspor

Keepers & outfield error for **Association sportive de Monaco Football Club** in Olympique de Marseille vs Association sportive de Monaco Football Club: Numbers: 2 and 9.
[2482460] Failed to build match row: Olympique de Marseille vs Association sportive de Monaco Football Club
[2604101] Could not find attributes for gianluigi donnarumma (Associazione Calcio Milan, 2015)
[2604101] Failed to build match row: Juventus Football Club vs Associazione Calcio Milan

Keepers & outfield error for **AFC Ajax Amsterdam** in AFC Ajax Amsterdam vs SV Spakenburg: Numbers: 0 and 11.
[3296153] Failed to build match row: AFC Ajax Amsterdam vs SV Spakenburg
[2470323] Could not find attributes for fatih ciplak (Sivasspor, 2014)
[2351294] Could not find attributes for maurizio pugliesi (Pisa Sporting Club, 2013)
[2470323] Failed to build match row: Sivasspor vs Fenerbahçe Spor Kulübü
[3208843] Failed to scrape lineup: https://www.transfermarkt.co.uk/atletico-de-madrid_cd-leganes/index/spielbericht/3208843
[2351294] Failed to build match row: Pisa Sporting Club vs Termoli Calcio 1920
[2594028] Could not find attributes for ugur demirok (Ankaraspor, 2015)
[2624305] Could not find attributes for zauri makharadze (Olimpik Donetsk, 2015)
[2646002] Could not find attributes for matej jelic (Sportklub Rapid, 2015)
[2492491] Could not find attributes for dusan pernis (Slovan Bratislava, 2014)
[2594028] Failed to build match row: Bursaspor vs Ankaraspor
[2624305] Failed to build match row: Olimpik Donetsk vs Volyn Lutsk
[2492491] Failed to build match row: Società Sportiva Calcio Napoli vs Slovan Bratislava
[2646002] Failed to build match row: Valencia Club de Fútbol S. A. D. vs Sportklub Rapid
[2505084] Could not find attributes for stevie mallan (Saint Mirren Football Club, 2014)
[2505084] Failed to build match row: Ross County FC vs Saint Mirren Football Club
[3047727] Could not find attributes for pedro rebocho (EA Guingamp, 2018)
[3069728] Could not find attributes for mostapha el kabir (MKE Ankaragücü, 2018)
[3256258] Failed to scrape lineup: https://www.transfermarkt.co.uk/spielbericht/index/spielbericht/3256258
[3069728] Failed to build match row: MKE Ankaragücü vs Trabzonspor Kulübü
[3047727] Failed to build match row: Paris Saint-Germain Football Club vs EA Guingamp

Keepers & outfield error for **Fenerbahçe Spor Kulübü** in Fenerbahçe Spor Kulübü vs Kayserispor Kulübü: Numbers: 0 and 11.
[3212672] Could not find attributes for carlinhos (Vitória Setúbal FC, 2019)
[2883908] Failed to build match row: Fenerbahçe Spor Kulübü vs Kayserispor Kulübü
[3212672] Failed to build match row: Vitória Setúbal FC vs Futebol Clube de Famalicão
[2899889] Failed to scrape lineup: https://www.transfermarkt.co.uk/rcd-espanyol-barcelona_real-sociedad/index/spielbericht/2899889
[3296154] Could not find attributes for joey veerman (Sportclub Heerenveen, 2019)
[2698103] Failed to scrape lineup: https://www.transfermarkt.co.uk/west-bromwich-albion_west-ham-united/index/spielbericht/2698103
[2700833] Could not find attributes for donny gorter (ADO Den Haag, 2016)
[2722745] Could not find attributes for ermin zec (Kardemir Karabükspor, 2016)
[3296154] Failed to build match row: Sportclub Heerenveen vs Willem II Tilburg
[2700833] Failed to build match row: ADO Den Haag vs Football Club Twente
[2722745] Failed to build match row: Kardemir Karabükspor vs Akhisarspor
[2578161] Could not find attributes for vito mannone (Sunderland Association Football Club, 2015)
[2478844] Could not find attributes for gaby mudingayi (Cesena FC, 2014)
[2478844] Failed to build match row: Cesena FC vs Palermo FC
[2578161] Failed to build match row: West Ham United Football Club vs Sunderland Association Football Club
[3141089] Failed to scrape lineup: https://www.transfermarkt.co.uk/fc-groningen_fortuna-sittard/index/spielbericht/3141089
[2894067] Could not find attributes for volkan demirel (Fenerbahçe Spor Kulübü, 2017)
[2894067] Failed to build match row: Sportklub Puntigamer Sturm Graz vs Fenerbahçe Spor Kulübü
[2754311] Failed to scrape lineup: https://www.transfermarkt.co.uk/spielbericht/index/spielbericht/2754311
[2583569] Could not find attributes for frazer wright (St. Johnstone FC, 2015)
[2583569] Failed to build match row: St. Johnstone FC vs Alashkert Yerevan FC
[2624306] Could not find attributes for oleksandr shovkovskyi (Futbolniy Klub Dynamo Kyiv, 2015)
[2624306] Failed to build match row: Futbolniy Klub Dynamo Kyiv vs FC Zorya Lugansk
[2718766] Failed to scrape lineup: https://www.transfermarkt.co.uk/atletico-de-madrid_deportivo-de-la-coruna/index/spielbericht/2718766
[2728613] Failed to scrape lineup: https://www.transfermarkt.co.uk/hamilton-academical-fc_inverness-caledonian-thistle-fc/index/spielbericht/2728613
[3099259] Failed to scrape lineup: https://www.transfermarkt.co.uk/kas-eupen_rsc-anderlecht/index/spielbericht/3099259
[2950336] Failed to scrape lineup: https://www.transfermarkt.co.uk/spielbericht/index/spielbericht/2950336
[3079458] Failed to scrape lineup: https://www.transfermarkt.co.uk/atletico-de-madrid_athletic-bilbao/index/spielbericht/3079458
[2365986] Could not find attributes for Malick Mbaye (Chievo Verona, 2013)
[3058425] Could not find attributes for steven zuber (Turn- und Sportgemeinschaft 1899 Hoffenheim Fußball-Spielbetriebs, 2018)
[2365986] Failed to build match row: Chievo Verona vs Reggina Calcio
[3058425] Failed to build match row: Turn- und Sportgemeinschaft 1899 Hoffenheim Fußball-Spielbetriebs vs Sport-Club Freiburg
[2384213] Could not find attributes for daryll meggatt (Alloa Athletic FC, 2013)
[2384213] Failed to build match row: Alloa Athletic FC vs Dumbarton FC

Keepers & outfield error for **Athletic Club Bilbao** in Athletic Club Bilbao vs Levante Unión Deportiva S.A.D.: Numbers: 2 and 9.
[2883909] Could not find attributes for sergiy rybalka (Sivasspor, 2017)
[2899890] Failed to build match row: Athletic Club Bilbao vs Levante Unión Deportiva S.A.D.
[2883909] Failed to build match row: Kardemir Karabükspor vs Sivasspor
[2460553] Failed to scrape lineup: https://www.transfermarkt.co.uk/spielbericht/index/spielbericht/2460553
[2919875] Failed to scrape lineup: https://www.transfermarkt.co.uk/spielbericht/index/spielbericht/2919875

Keepers & outfield error for **FC Paços de Ferreira** in Moreirense Futebol Clube vs FC Paços de Ferreira: Numbers: 4 and 7.
[3212673] Failed to build match row: Moreirense Futebol Clube vs FC Paços de Ferreira
[3199647] Could not find attributes for thibaut vargas (Montpellier HSC, 2019)
[3199647] Failed to build match row: Rennes vs Montpellier HSC

Keepers & outfield error for **SD Eibar** in Celta vs SD Eibar: Numbers: 3 and 8.
[3208844] Failed to build match row: Celta vs SD Eibar
[2624307] Could not find attributes for danylo kanevtsev (Metalist Kharkiv (- 2016), 2015)
[2624307] Failed to build match row: Metalist Kharkiv (- 2016) vs Vorskla Poltava

Keepers & outfield error for **Real Valladolid CF** in Real Valladolid CF vs SD Eibar: Numbers: 2 and 9.
[3079459] Failed to build match row: Real Valladolid CF vs SD Eibar
[3232129] Failed to scrape lineup: https://www.transfermarkt.co.uk/spielbericht/index/spielbericht/3232129
ht/2609839
[2950337] Failed to scrape lineup: https://www.transfermarkt.co.uk/spielbericht/index/spielbericht/2950337
[2866156] Could not find attributes for andreas vaikla (IFK Mariehamn, 2017)
[2866156] Failed to build match row: IFK Mariehamn vs Legia Warszawa Spółka Akcyjna
Not enough players found for lineup: 0, 0.
[3256259] Failed to scrape lineup: https://www.transfermarkt.co.uk/spielbericht/index/spielbericht/3256259
[2335704] Failed to scrape lineup: https://www.transfermarkt.co.uk/zorya-lugansk_arsenal-kyiv/index/spielbericht/2335704
[3084024] Could not find attributes for nicolo casale (FC Südtirol, 2018)
[2722746] Failed to scrape lineup: https://www.transfermarkt.co.uk/konyaspor_caykur-rizespor/index/spielbericht/2722746
[2527270] Failed to scrape lineup: https://www.transfermarkt.co.uk/spielbericht/index/spielbericht/2527270
[2777940] Failed to scrape lineup: https://www.transfermarkt.co.uk/spielbericht/index/spielbericht/2777940
[3084024] Failed to build match row: Venezia FC vs FC Südtirol
[2478845] Failed to scrape lineup: https://www.transfermarkt.co.uk/chievo-verona_as-roma/index/spielbericht/2478845
[3141090] Failed to scrape lineup: https://www.transfermarkt.co.uk/fc-utrecht_psv-eindhoven/index/spielbericht/3141090
62
[3296155] Could not find attributes for george cox (Fortuna Sittardia Combinatie, 2019)
[3296155] Failed to build match row: Fortuna Sittardia Combinatie vs Feyenoord Rotterdam
[2700835] Failed to scrape lineup: https://www.transfermarkt.co.uk/az-alkmaar_pec-zwolle/index/spielbericht/2700835
[2365987] Failed to scrape lineup: https://www.transfermarkt.co.uk/spielbericht/index/spielbericht/2365987
[2482461] Failed to scrape lineup: https://www.transfermarkt.co.uk/rc-lens_montpellier-hsc/index/spielbericht/2482461
[2342316] Failed to scrape lineup: https://www.transfermarkt.co.uk/feyenoord-rotterdam_ado-den-haag/index/spielbericht/2342316
[2594029] Failed to scrape lineup: https://www.transfermarkt.co.uk/caykur-rizespor_trabzonspor/index/spielbericht/2594029
[2604102] Failed to scrape lineup: https://www.transfermarkt.co.uk/ss-lazio_us-palermo/index/spielbericht/2604102
[2351295] Could not find attributes for alessio zummo (Benevento Calcio, 2013)
[2351295] Failed to build match row: Benevento Calcio vs US Città di Pontedera
[2384214] Could not find attributes for neil parry (Albion Rovers FC, 2013)
[2919876] Could not find attributes for malick evouna (Konyaspor, 2017)
[2384214] Failed to build match row: Albion Rovers FC vs Stenhousemuir FC
[2919876] Failed to build match row: Fußballclub Red Bull Salzburg vs Konyaspor
[2460554] Could not find attributes for dmitriy shomko (FC Astana, 2014)
[2460554] Failed to build match row: FC Astana vs FC Pyunik Yerevan
[2698104] Could not find attributes for jose cholevas (Watford FC, 2016)
[2698104] Failed to build match row: Watford FC vs Manchester United Football Club
[2883910] Could not find attributes for jires kembo ekoko (Bursaspor, 2017)
[2883910] Failed to build match row: Bursaspor vs Antalyaspor
[2609840] Could not find attributes for alban lafont (Toulouse Football Club, 2015)
[2609840] Failed to build match row: Angers Sporting Club de l'Ouest vs Toulouse Football Club
[2950338] Could not find attributes for roland baas (Heracles Almelo, 2017)
[2950338] Failed to build match row: Feyenoord Rotterdam vs Heracles Almelo
[3199648] Could not find attributes for el bilal toure (Stade Reims, 2019)
[3199648] Failed to build match row: Stade Reims vs Stade brestois 29

Keepers & outfield error for **Futbol Club Barcelona** in Sporting Gijón vs Futbol Club Barcelona: Numbers: 2 and 9.
[2718767] Failed to build match row: Sporting Gijón vs Futbol Club Barcelona
[2335705] Could not find attributes for oleksandr ilyushchenkov (Karpaty Lviv (-2021), 2013)
[2335705] Failed to build match row: Karpaty Lviv (-2021) vs SK Tavriya Simferopol ( - 2022)
[2866168] Could not find attributes for predrag rajkovic (Maccabi Tel Aviv, 2017)
[2866168] Failed to build match row: Maccabi Tel Aviv vs KF Tirana
[2646005] Failed to scrape lineup: https://www.transfermarkt.co.uk/spielbericht/index/spielbericht/2646005
[2624308] Could not find attributes for yevgen borovyk (Chornomorets Odesa, 2015)
[2505085] Failed to scrape lineup: https://www.transfermarkt.co.uk/st-johnstone-fc_partick-thistle-fc/index/spielbericht/2505085
[2583570] Failed to scrape lineup: https://www.transfermarkt.co.uk/spielbericht/index/spielbericht/2583570
[2624308] Failed to build match row: Chornomorets Odesa vs FC Oleksandriya
[3099261] Failed to scrape lineup: https://www.transfermarkt.co.uk/club-brugge-kv_kv-oostende/index/spielbericht/3099261
[3223085] Failed to scrape lineup: https://www.transfermarkt.co.uk/fenerbahce_konyaspor/index/spielbericht/3223085
[2365988] Failed to scrape lineup: https://www.transfermarkt.co.uk/spielbericht/index/spielbericht/2365988
[2594030] Could not find attributes for djakaridja kone (Sivasspor, 2015)
[3141091] Failed to scrape lineup: https://www.transfermarkt.co.uk/ado-den-haag_pec-zwolle/index/spielbericht/3141091
[2594030] Failed to build match row: Gençlerbirliği Spor Kulübü vs Sivasspor
[2754313] Failed to scrape lineup: https://www.transfermarkt.co.uk/spielbericht/index/spielbericht/2754313
[2899892] Failed to scrape lineup: https://www.transfermarkt.co.uk/getafe-cf_levante-ud/index/spielbericht/2899892
[2326897] Could not find attributes for warner hahn (FC Dordrecht, 2013)
[2326897] Failed to build match row: Feyenoord Rotterdam vs FC Dordrecht
[3084025] Could not find attributes for giorgio altare (Feralpisalò, 2018)
[3084025] Failed to build match row: Unione Sportiva Lecce vs Feralpisalò

Keepers & outfield error for **Real Betis Balompié S.A.D.** in Getafe Club de Fútbol S. A. D. Team Dubai vs Real Betis Balompié S.A.D.: Numbers: 2 and 9.
[3208846] Failed to build match row: Getafe Club de Fútbol S. A. D. Team Dubai vs Real Betis Balompié S.A.D.
[2894068] Could not find attributes for volkan demirel (Fenerbahçe Spor Kulübü, 2017)
[3232131] Could not find attributes for ponck (İstanbul Başakşehir Futbol Kulübü, 2019)
[2894068] Failed to build match row: Fenerbahçe Spor Kulübü vs Sportklub Puntigamer Sturm Graz
[3232131] Failed to build match row: Olympiakos Syndesmos Filathlon Peiraios vs İstanbul Başakşehir Futbol Kulübü

Keepers & outfield error for **Odense Boldklub** in Odense Boldklub vs Sønderjyske Fodbold: Numbers: 3 and 8.
[2492573] Failed to build match row: Odense Boldklub vs Sønderjyske Fodbold
[2609841] Could not find attributes for casimir ninga (Montpellier HSC, 2015)
[2609841] Failed to build match row: Association sportive de Monaco Football Club vs Montpellier HSC
[3296156] Could not find attributes for ronald koeman jr  (TOP Oss, 2019)
[2728615] Failed to scrape lineup: https://www.transfermarkt.co.uk/partick-thistle-fc-_hamilton-academical-fc/index/spielbericht/2728615
[3296156] Failed to build match row: TOP Oss vs Alkmaar Zaanstreek

Keepers & outfield error for **Olympiakos Syndesmos Filathlon Peiraios** in Royal Sporting Club Anderlecht vs Olympiakos Syndesmos Filathlon Peiraios: Numbers: 0 and 11.
[2646006] Failed to build match row: Royal Sporting Club Anderlecht vs Olympiakos Syndesmos Filathlon Peiraios
[3069730] Failed to scrape lineup: https://www.transfermarkt.co.uk/caykur-rizespor_buyuksehir-belediye-erzurumspor/index/spielbericht/3069730

Keepers & outfield error for **Sporting Clube de Braga** in Sporting Clube de Braga vs B SAD: Numbers: 0 and 11.
[3212674] Failed to build match row: Sporting Clube de Braga vs B SAD
[2722747] Could not find attributes for fernandao (Fenerbahçe Spor Kulübü, 2016)

Keepers & outfield error for **Göztepe Sportif Yatırımlar A.Ş.** in Kasımpaşa A.Ş. vs Göztepe Sportif Yatırımlar A.Ş.: Numbers: 0 and 11.
[2722747] Failed to build match row: Fenerbahçe Spor Kulübü vs İstanbul Başakşehir Futbol Kulübü
[2883911] Failed to build match row: Kasımpaşa A.Ş. vs Göztepe Sportif Yatırımlar A.Ş.

Keepers & outfield error for **Aberdeen Football Club** in Aberdeen Football Club vs Ross County FC: Numbers: 0 and 11.
[2505086] Failed to build match row: Aberdeen Football Club vs Ross County FC
[3084026] Could not find attributes for michele pellizzer (Virtus Entella, 2018)
[2866170] Could not find attributes for anatoliy ayvazov (FC Shirak Gyumri, 2017)
[3084026] Failed to build match row: Virtus Entella vs Siena FC

Keepers & outfield error for **Arsenal Football Club** in Arsenal Football Club vs Fudbalski klub Crvena zvezda Beograd: Numbers: 0 and 11.
[2866170] Failed to build match row: FC Shirak Gyumri vs ND Gorica
[2919877] Failed to build match row: Arsenal Football Club vs Fudbalski klub Crvena zvezda Beograd
[3099262] Could not find attributes for frank boya (Royal Excel Mouscron (-2022), 2018)
[3099262] Failed to build match row: Royal Excel Mouscron (-2022) vs Koninklijke Atletiek Associatie Gent

Keepers & outfield error for **Levante Unión Deportiva S.A.D.** in Club Atlético Osasuna vs Levante Unión Deportiva S.A.D.: Numbers: 0 and 11.
[3208847] Failed to build match row: Club Atlético Osasuna vs Levante Unión Deportiva S.A.D.
[2604104] Could not find attributes for albano bizzarri (Chievo Verona, 2015)
[2604104] Failed to build match row: Chievo Verona vs Udinese Calcio
Not enough players found for lineup: 0, 0.
[3232143] Failed to scrape lineup: https://www.transfermarkt.co.uk/spielbericht/index/spielbericht/3232143
[3256260] Failed to scrape lineup: https://www.transfermarkt.co.uk/spielbericht/index/spielbericht/3256260
[2899893] Could not find attributes for brown ideye (Málaga CF, 2017)
[2899893] Failed to build match row: Málaga CF vs Real Madrid Club de Fútbol
[2578163] Failed to scrape lineup: https://www.transfermarkt.co.uk/sunderland-afc_crystal-palace/index/spielbericht/2578163
[2872491] Failed to scrape lineup: https://www.transfermarkt.co.uk/southampton-fc_manchester-city/index/spielbericht/2872491
[2470326] Failed to scrape lineup: https://www.transfermarkt.co.uk/besiktas-jk_gaziantepspor/index/spielbericht/2470326
[2460555] Failed to scrape lineup: https://www.transfermarkt.co.uk/spielbericht/index/spielbericht/2460555
[2777941] Could not find attributes for felipe villagran (Varzim SC, 2016)
[2777941] Failed to build match row: Varzim SC vs Vitória Setúbal FC
[2609842] Could not find attributes for morgan amalfitano (Lille Olympique Sporting Club, 2015)
[2609842] Failed to build match row: AS Saint-Étienne vs Lille Olympique Sporting Club
[2583571] Could not find attributes for dmytro bezotosnyi (FK Qabala, 2015)
[2583571] Failed to build match row: FK Qabala vs Dinamo Tbilisi
[3141092] Could not find attributes for andrej lukic (FC Emmen, 2018)
[3141092] Failed to build match row: FC Emmen vs ADO Den Haag
[2722748] Could not find attributes for loret sadiku (Kasımpaşa A.Ş., 2016)
[2722748] Failed to build match row: Kasımpaşa A.Ş. vs Trabzonspor Kulübü
[2646007] Could not find attributes for filip novak (Fodbold Club Midtjylland, 2015)
[2646007] Failed to build match row: Fodbold Club Midtjylland vs Manchester United Football Club
[2478846] Could not find attributes for marco storari (Juventus Football Club, 2014)
[2478846] Failed to build match row: Juventus Football Club vs Unione Sportiva Sassuolo Calcio

Keepers & outfield error for **UD Las Palmas** in Club Atlético Osasuna vs UD Las Palmas: Numbers: 2 and 9.
[2718769] Failed to build match row: Club Atlético Osasuna vs UD Las Palmas

Keepers & outfield error for **Real Sociedad de Fútbol S.A.D.** in Real Sociedad de Fútbol S.A.D. vs Real Club Deportivo Mallorca S.A.D.: Numbers: 2 and 9.
[3208848] Failed to build match row: Real Sociedad de Fútbol S.A.D. vs Real Club Deportivo Mallorca S.A.D.
[2335706] Could not find attributes for georgi kopaliani (Arsenal Kyiv, 2013)
[2335706] Failed to build match row: FC Shakhtar Donetsk vs Arsenal Kyiv
[3394995] Failed to scrape lineup: https://www.transfermarkt.co.uk/stade-brestois-29_paris-saint-germain/index/spielbericht/3394995
[2505087] Could not find attributes for stephen pearson (Motherwell Football Club, 2014)
[2777942] Could not find attributes for jorginho (Futebol Clube de Arouca, 2016)
[2470327] Could not find attributes for kaan kanak (Eskisehirspor, 2014)
[2326898] Could not find attributes for cor varkevisser (Sportclub Telstar, 2013)
eşiktaş Jimnastik Kulübü: Numbers: 2 and 9.
[2583572] Could not find attributes for artiom gaiduchevici (Dacia Chisinau, 2015)
[2777942] Failed to build match row: Vitória Setúbal FC vs Futebol Clube de Arouca
[2326898] Failed to build match row: Eindhovense Voetbalvereniging Philips Sport Vereniging vs Sportclub Telstar
[2583572] Failed to build match row: Dacia Chisinau vs Renova Dzepciste
[2883912] Failed to build match row: Alanyaspor vs Beşiktaş Jimnastik Kulübü
[2505087] Failed to build match row: The Celtic Football Club vs Motherwell Football Club
[2470327] Failed to build match row: Eskisehirspor vs Kasımpaşa A.Ş.
[2624309] Failed to scrape lineup: https://www.transfermarkt.co.uk/karpaty-lviv_dnipro-dnipropetrovsk-2020-/index/spielbericht/2624309
[2578164] Could not find attributes for marcus rashford (Manchester United Football Club, 2015)
[2482463] Failed to scrape lineup: https://www.transfermarkt.co.uk/as-saint-etienne_ogc-nice/index/spielbericht/2482463
[2578164] Failed to build match row: Manchester United Football Club vs Arsenal Football Club
[2919878] Could not find attributes for matthias lehmann (1. Fußball-Club Köln, 2017)
[2919878] Failed to build match row: 1. Fußball-Club Köln vs BATE Borisov
Not enough players found for lineup: 0, 0.
[2609843] Could not find attributes for ludovic blas (EA Guingamp, 2015)
[3256261] Failed to scrape lineup: https://www.transfermarkt.co.uk/spielbericht/index/spielbericht/3256261
[2609843] Failed to build match row: EA Guingamp vs Olympique Gymnaste Club Nice Côte d'Azur
[3141093] Could not find attributes for adam maher (Alkmaar Zaanstreek, 2018)
[3141093] Failed to build match row: Nooit Opgeven Altijd Doorzetten Aangenaam Door Vermaak En Nuttig Door Ontspanning Combinatie Breda vs Alkmaar Zaanstreek
[3047732] Could not find attributes for julio tavares (Dijon FCO, 2018)
[3047732] Failed to build match row: Dijon FCO vs Association sportive de Monaco Football Club
[2718770] Could not find attributes for florian lejeune (SD Eibar, 2016)
[2718770] Failed to build match row: Real Madrid Club de Fútbol vs SD Eibar
[2594031] Failed to scrape lineup: https://www.transfermarkt.co.uk/besiktas-jk_galatasaray/index/spielbericht/2594031
[2351296] Could not find attributes for filippo giorgi (Unione Sportiva Cremonese S.p.A., 2013)
[2351296] Failed to build match row: Unione Sportiva Cremonese S.p.A. vs FC Esperia Viareggio
[2460556] Could not find attributes for mantas galdikas (FK Atlantas Klaipeda (-2020), 2014)
[2460556] Failed to build match row: FK Atlantas Klaipeda (-2020) vs FC Differdange 03
[2365998] Could not find attributes for giuseppe vitale (Trapani Calcio, 2013)
[2365998] Failed to build match row: Football Club Internazionale Milano S.p.A. vs Trapani Calcio
[2754314] Could not find attributes for predrag rajkovic (Maccabi Tel Aviv, 2016)
[2754314] Failed to build match row: Dundalk FC vs Maccabi Tel Aviv
[2728616] Failed to scrape lineup: https://www.transfermarkt.co.uk/inverness-caledonian-thistle-fc_rangers-fc/index/spielbericht/2728616
[2342318] Failed to scrape lineup: https://www.transfermarkt.co.uk/psv-eindhoven_rkc-waalwijk/index/spielbericht/2342318
[2492574] Failed to scrape lineup: https://www.transfermarkt.co.uk/fc-copenhagen_brondby-if/index/spielbericht/2492574
[2527272] Could not find attributes for sylvan ebanks blake (Preston North End, 2014)
[3069731] Failed to scrape lineup: https://www.transfermarkt.co.uk/kayserispor_yeni-malatyaspor/index/spielbericht/3069731
[2604105] Could not find attributes for marko livaja (FC Empoli, 2015)
[2604105] Failed to build match row: FC Empoli vs Società Sportiva Lazio S.p.A.
[3232144] Could not find attributes for yannick zeeman (VV DOVO Veenendaal, 2019)
[3232144] Failed to build match row: VV DOVO Veenendaal vs OFC Oostzaan
[2482464] Could not find attributes for alioun fall (Thonon Évian Grand Genève FC, 2014)
[2482464] Failed to build match row: Thonon Évian Grand Genève FC vs Stade Reims
[3212675] Failed to scrape lineup: https://www.transfermarkt.co.uk/portimonense-sc_boavista-fc/index/spielbericht/3212675
[2384434] Failed to scrape lineup: https://www.transfermarkt.co.uk/spielbericht/index/spielbericht/2384434
[2470328] Could not find attributes for zulkuf ozer (Kayseri Erciyesspor, 2014)
[2470328] Failed to build match row: Kayseri Erciyesspor vs Mersin Talimyurdu SK
[2777943] Could not find attributes for paulo vitor (Varzim SC, 2016)
[2777943] Failed to build match row: Sporting Clube de Portugal vs Varzim SC
[3047733] Could not find attributes for pedro rebocho (EA Guingamp, 2018)
[3047733] Failed to build match row: EA Guingamp vs Stade Reims
[2866171] Failed to scrape lineup: https://www.transfermarkt.co.uk/spielbericht/index/spielbericht/2866171
[2899894] Failed to scrape lineup: https://www.transfermarkt.co.uk/deportivo-de-la-coruna_malaga-cf/index/spielbericht/2899894
[3223086] Failed to scrape lineup: https://www.transfermarkt.co.uk/basaksehir-fk_trabzonspor/index/spielbericht/3223086
[2460557] Could not find attributes for janne henriksson (Vaasan Palloseura, 2014)
[2460557] Failed to build match row: Idrottsföreningen  Brommapojkarna vs Vaasan Palloseura

Keepers & outfield error for **Vitesse Arnhem** in Football Club Groningen vs Vitesse Arnhem: Numbers: 0 and 11.
[3141094] Failed to build match row: Football Club Groningen vs Vitesse Arnhem

Keepers & outfield error for **Verona Hellas Football Club** in Frosinone Calcio vs Verona Hellas Football Club: Numbers: 0 and 11.
[2604106] Failed to build match row: Frosinone Calcio vs Verona Hellas Football Club
[2646009] Could not find attributes for david bicik (AC Sparta Praha, a. s., 2015)
[2646009] Failed to build match row: AC Sparta Praha, a. s. vs FK Krasnodar

Keepers & outfield error for **Motherwell Football Club** in Motherwell Football Club vs Dundee Football Club: Numbers: 2 and 9.
[2728618] Failed to build match row: Motherwell Football Club vs Dundee Football Club
[2722749] Failed to scrape lineup: https://www.transfermarkt.co.uk/gaziantepspor_genclerbirligi-ankara/index/spielbericht/2722749
Not enough players found for lineup: 0, 0.
[3394996] Could not find attributes for trevoh chalobah (Football Club Lorient-Bretagne Sud, 2020)
[3394996] Failed to build match row: Racing Club de Strasbourg Alsace vs Football Club Lorient-Bretagne Sud
[3256262] Failed to scrape lineup: https://www.transfermarkt.co.uk/spielbericht/index/spielbericht/3256262
[2919879] Could not find attributes for ionut larie (SC Fotbal Club FCSB SA, 2017)
[2919879] Failed to build match row: SC Fotbal Club FCSB SA vs Hapoel Beer Sheva
[2478847] Failed to scrape lineup: https://www.transfermarkt.co.uk/udinese-calcio_torino-fc/index/spielbericht/2478847
[3084027] Could not find attributes for alberto carminati (AC Rezzato, 2018)
[3084027] Failed to build match row: US Salernitana 1919 vs AC Rezzato
[3099265] Could not find attributes for sulayman marreh (KAS Eupen, 2018)
[3099265] Failed to build match row: KAS Eupen vs Cercle Brugge Koninklijke Sportvereniging
naam Door Vermaak En Nuttig Door Ontspanning Combinatie Breda, 2019)
[3296157] Failed to build match row: Nooit Opgeven Altijd Doorzetten Aangenaam Door Vermaak En Nuttig Door Ontspanning Combinatie Breda vs Eindhovense Voetbalvereniging Philips Sport Vereniging
[3208849] Failed to scrape lineup: https://www.transfermarkt.co.uk/sevilla-fc_granada-cf/index/spielbericht/3208849
[3079463] Failed to scrape lineup: https://www.transfermarkt.co.uk/sd-eibar_real-madrid/index/spielbericht/3079463
Not enough players found for lineup: 0, 0.
[2777944] Failed to scrape lineup: https://www.transfermarkt.co.uk/spielbericht/index/spielbericht/2777944
[2335707] Failed to scrape lineup: https://www.transfermarkt.co.uk/metalurg-donetsk-2015-_zorya-lugansk/index/spielbericht/2335707
[2698107] Failed to scrape lineup: https://www.transfermarkt.co.uk/stoke-city_west-bromwich-albion/index/spielbericht/2698107
[2326899] Could not find attributes for jordy van de kracht (De Graafschap Doetinchem, 2013)
[2326899] Failed to build match row: De Graafschap Doetinchem vs Excelsior Rotterdam
[3047734] Could not find attributes for nemanja radonjic (Olympique de Marseille, 2018)
[3047734] Failed to build match row: Olympique de Marseille vs Lille Olympique Sporting Club
[2728619] Could not find attributes for ryan nektarios edwards (Partick Thistle FC, 2016)
[2728619] Failed to build match row: Partick Thistle FC vs Dundee Football Club
[2351297] Could not find attributes for matteo ciofani (Frosinone Calcio, 2013)
[2351297] Failed to build match row: Frosinone Calcio vs L'Aquila 1927
[2883913] Failed to scrape lineup: https://www.transfermarkt.co.uk/basaksehir-fk_akhisarspor/index/spielbericht/2883913
[3223087] Could not find attributes for atiba hutchinson (Beşiktaş Jimnastik Kulübü, 2019)
[2646010] Could not find attributes for sabri sarioglu (Galatasaray Spor Kulübü, 2015)
[2624310] Failed to scrape lineup: https://www.transfermarkt.co.uk/stal-dniprodzerzhynsk_goverla-uzhgorod-2016-/index/spielbericht/2624310
[2646010] Failed to build match row: Galatasaray Spor Kulübü vs Società Sportiva Lazio S.p.A.
[3223087] Failed to build match row: Beşiktaş Jimnastik Kulübü vs Galatasaray Spor Kulübü
[2365999] Failed to scrape lineup: https://www.transfermarkt.co.uk/spielbericht/index/spielbericht/2365999
ielbericht/2609844

Keepers & outfield error for **Sporting Clube de Braga** in Sporting Clube de Braga vs Sporting Clube de Portugal: Numbers: 0 and 11.
[2718771] Failed to scrape lineup: https://www.transfermarkt.co.uk/real-sociedad_real-betis-balompie/index/spielbericht/2718771
[2594032] Failed to scrape lineup: https://www.transfermarkt.co.uk/kasimpasa_konyaspor/index/spielbericht/2594032
[3296895] Failed to build match row: Sporting Clube de Braga vs Sporting Clube de Portugal
Not enough players found for lineup: 0, 0.
[3232145] Failed to scrape lineup: https://www.transfermarkt.co.uk/spielbericht/index/spielbericht/3232145
[3201245] Failed to scrape lineup: https://www.transfermarkt.co.uk/ross-county-fc_hamilton-academical-fc/index/spielbericht/3201245

Keepers & outfield error for **Calcio Padova** in Calcio Padova vs AC Monza: Numbers: 0 and 11.
[3084028] Failed to build match row: Calcio Padova vs AC Monza

Keepers & outfield error for **Football Club de Metz** in Football Club de Metz vs Olympique de Marseille: Numbers: 0 and 11.
[3212676] Could not find attributes for ruben ribeiro (Gil Vicente Futebol Clube, 2019)
[3394997] Failed to build match row: Football Club de Metz vs Olympique de Marseille
[3212676] Failed to build match row: Gil Vicente Futebol Clube vs Clube Desportivo de Tondela
[2919880] Could not find attributes for ales hruska (FC Viktoria Plzeň, a.s., 2017)
[2919880] Failed to build match row: FC Viktoria Plzeň, a.s. vs FC Lugano
[2470330] Could not find attributes for marcio mossoro (İstanbul Başakşehir Futbol Kulübü, 2014)
[2470330] Failed to build match row: İstanbul Başakşehir Futbol Kulübü vs Sivasspor

Keepers & outfield error for **Vitória Setúbal FC** in Vitória Setúbal FC vs Sporting Clube de Portugal: Numbers: 0 and 11.
[2777945] Failed to build match row: Vitória Setúbal FC vs Sporting Clube de Portugal
Not enough players found for lineup: 0, 0.
[2335708] Could not find attributes for oleksandr nad (Goverla Uzhgorod (- 2016), 2013)

Keepers & outfield error for **Chelsea Football Club** in Arsenal Football Club vs Chelsea Football Club: Numbers: 2 and 9.
[2335708] Failed to build match row: Goverla Uzhgorod (- 2016) vs Vorskla Poltava
[2698108] Failed to build match row: Arsenal Football Club vs Chelsea Football Club
[2478848] Could not find attributes for dodo (Football Club Internazionale Milano S.p.A., 2014)
[3256263] Failed to scrape lineup: https://www.transfermarkt.co.uk/spielbericht/index/spielbericht/3256263
[2478848] Failed to build match row: Football Club Internazionale Milano S.p.A. vs Cesena FC

Keepers & outfield error for **Athletic Club Bilbao** in Athletic Club Bilbao vs Real Betis Balompié S.A.D.: Numbers: 2 and 9.
[3069733] Could not find attributes for aytac kara (Bursaspor, 2018)
[2899896] Failed to build match row: Athletic Club Bilbao vs Real Betis Balompié S.A.D.
[3069733] Failed to build match row: Konyaspor vs Bursaspor

Keepers & outfield error for **Vitória Sport Clube** in Vitória Sport Clube vs Futebol Clube do Porto: Numbers: 0 and 11.
[3296896] Failed to build match row: Vitória Sport Clube vs Futebol Clube do Porto
[3208850] Could not find attributes for ansu fati (Futbol Club Barcelona, 2019)
[3208850] Failed to build match row: Valencia Club de Fútbol S. A. D. vs Futbol Club Barcelona
[2950339] Could not find attributes for terell ondaan (Prins Hendrik Ende Desespereert Nimmer Combinatie Zwolle, 2017)
[2950339] Failed to build match row: Prins Hendrik Ende Desespereert Nimmer Combinatie Zwolle vs Nijmegen Eendracht Combinatie
[2718772] Could not find attributes for juanpi (Málaga CF, 2016)
[2718772] Failed to build match row: Málaga CF vs Athletic Club Bilbao
[2754315] Could not find attributes for matus kozacik (FC Viktoria Plzeň, a.s., 2016)
[2594033] Could not find attributes for emre akbaba (Antalyaspor, 2015)
[2594033] Failed to build match row: Antalyaspor vs Mersin Talimyurdu SK
ria Plzeň, a.s.
[2326900] Could not find attributes for richard arends (TOP Oss, 2013)
[2894092] Could not find attributes for dmytro bezotosnyi (FK Qabala, 2017)
[3212677] Could not find attributes for chiquinho (Sport Lisboa e Benfica, 2019)
[2578168] Could not find attributes for vito mannone (Sunderland Association Football Club, 2015)
[2894092] Failed to build match row: FK Qabala vs Panathinaikos Athlitikos Omilos
[2326900] Failed to build match row: TOP Oss vs VVV-Venlo
[2578168] Failed to build match row: Southampton FC vs Sunderland Association Football Club
[3212677] Failed to build match row: Sport Lisboa e Benfica vs Vitória Sport Clube
[2583573] Could not find attributes for boris godal (Spartak Trnava, 2015)
[2335709] Could not find attributes for denys boyko (Dnipro Dnipropetrovsk (-2020), 2013)
[3141095] Failed to scrape lineup: https://www.transfermarkt.co.uk/heracles-almelo_ajax-amsterdam/index/spielbericht/3141095
[2335709] Failed to build match row: Dnipro Dnipropetrovsk (-2020) vs SK Tavriya Simferopol ( - 2022)
[2583573] Failed to build match row: Spartak Trnava vs OFK Olimpik Novi Grad - Sarajevo
[3232147] Could not find attributes for ron scheffer (ODIN '59 Heemskerk, 2019)
[3099267] Could not find attributes for olivier deschacht (KSC Lokeren (- 2020), 2018)
Not enough players found for lineup: 0, 0.
[3099267] Failed to build match row: Royal Sporting Club Anderlecht vs KSC Lokeren (- 2020)
[3232147] Failed to build match row: ODIN '59 Heemskerk vs VV Gemert
[2722751] Could not find attributes for adrien regattin (Ankaraspor, 2016)
[2722751] Failed to build match row: Ankaraspor vs Antalyaspor
[2384487] Failed to scrape lineup: https://www.transfermarkt.co.uk/spielbericht/index/spielbericht/2384487
[2492577] Failed to scrape lineup: https://www.transfermarkt.co.uk/aalborg-bk_randers-fc/index/spielbericht/2492577
[3208851] Failed to scrape lineup: https://www.transfermarkt.co.uk/real-valladolid-cf_real-madrid/index/spielbericht/3208851
[2366375] Could not find attributes for georgios merkis (Apollon Limassol, 2013)
[2919881] Could not find attributes for abzal beysebekov (FC Astana, 2017)
[3079465] Could not find attributes for sanjin prcic (Levante Unión Deportiva S.A.D., 2018)
[2366375] Failed to build match row: Apollon Limassol vs Olympique Gymnaste Club Nice Côte d'Azur
[3079465] Failed to build match row: SD Huesca vs Levante Unión Deportiva S.A.D.
[2646011] Could not find attributes for geoffrey mujangi bia (FC Sion, 2015)
[2919881] Failed to build match row: FC Astana vs Villarreal Club de Fútbol S.A.D.
[2646011] Failed to build match row: FC Sion vs Sporting Clube de Braga
[3223088] Failed to scrape lineup: https://www.transfermarkt.co.uk/sivasspor_antalyaspor/index/spielbericht/3223088
[2624311] Failed to scrape lineup: https://www.transfermarkt.co.uk/shakhtar-donetsk_metalist-kharkiv/index/spielbericht/2624311
[3298462] Could not find attributes for andrey klimovich (FC Orenburg, 2019)

Keepers & outfield error for **Athletic Club Bilbao** in Athletic Club Bilbao vs Celta: Numbers: 2 and 9.
[3256264] Failed to scrape lineup: https://www.transfermarkt.co.uk/spielbericht/index/spielbericht/3256264
[2331981] Could not find attributes for modibo maiga (West Ham United Football Club, 2013)
[2342319] Failed to scrape lineup: https://www.transfermarkt.co.uk/sc-heerenveen_fc-groningen/index/spielbericht/2342319
[2460558] Could not find attributes for stephen lowry (Linfield FC, 2014)
[2899897] Failed to build match row: Athletic Club Bilbao vs Celta
[2950340] Could not find attributes for etienne vaessen (RKC Waalwijk, 2017)
[2331981] Failed to build match row: West Ham United Football Club vs Everton Football Club
[3298462] Failed to build match row: FC Orenburg vs Arsenal Tula
[2470332] Failed to scrape lineup: https://www.transfermarkt.co.uk/akhisar-belediyespor_besiktas-jk/index/spielbericht/2470332
[2728620] Could not find attributes for niall keown (Partick Thistle FC, 2016)
[2460558] Failed to build match row: Linfield FC vs B36 Tórshavn
[2728620] Failed to build match row: Partick Thistle FC vs Heart of Midlothian Football Club
[2950340] Failed to build match row: Willem II Tilburg vs RKC Waalwijk
[2351298] Could not find attributes for mattia bani (FC Pro Vercelli 1892, 2013)
[2604108] Failed to scrape lineup: https://www.transfermarkt.co.uk/ac-milan_uc-sampdoria/index/spielbericht/2604108
[2527275] Failed to scrape lineup: https://www.transfermarkt.co.uk/spielbericht/index/spielbericht/2527275
[2351298] Failed to build match row: FC Pro Vercelli 1892 vs AC Monza
[2866172] Could not find attributes for lukas skovajsa (AS Trencin, 2017)

Keepers & outfield error for **Futebol Clube do Porto** in Futebol Clube do Porto vs CF Os Belenenses: Numbers: 0 and 11.
[2866172] Failed to build match row: AS Trencin vs Torpedo Kutaisi
[2482467] Could not find attributes for taylor moore (Racing Club de Lens, 2014)
[2777946] Failed to build match row: Futebol Clube do Porto vs CF Os Belenenses
[2482467] Failed to build match row: Olympique Gymnaste Club Nice Côte d'Azur vs Racing Club de Lens
[2872492] Could not find attributes for lasse sorensen (Stoke City, 2017)
[2872492] Failed to build match row: Swansea City vs Stoke City
Not enough players found for lineup: 0, 11.
[2894093] Could not find attributes for jakub divis (FK Mladá Boleslav, a.s., 2017)
[2326901] Failed to scrape lineup: https://www.transfermarkt.co.uk/spielbericht/index/spielbericht/2326901
[3141096] Could not find attributes for mounir el hamdaoui (Excelsior Rotterdam, 2018)
[2894093] Failed to build match row: FK Mladá Boleslav, a.s. vs KF Skënderbeu
[2700836] Could not find attributes for hicham faik (Excelsior Rotterdam, 2016)
[3141096] Failed to build match row: Fortuna Sittardia Combinatie vs Excelsior Rotterdam
[2700836] Failed to build match row: Excelsior Rotterdam vs Willem II Tilburg
[2722752] Could not find attributes for wilde donald guerrier (Alanyaspor, 2016)
[2722752] Failed to build match row: Alanyaspor vs Beşiktaş Jimnastik Kulübü
[2492578] Could not find attributes for pierre neurath bengtsson (Football Club København, 2014)
Not enough players found for lineup: 11, 0.
[2492578] Failed to build match row: Sønderjyske Fodbold vs Football Club København
[2384489] Failed to scrape lineup: https://www.transfermarkt.co.uk/spielbericht/index/spielbericht/2384489

Keepers & outfield error for **Gaziantepspor (- 2020)** in Eskisehirspor vs Gaziantepspor (- 2020): Numbers: 2 and 9.
[2594034] Failed to build match row: Eskisehirspor vs Gaziantepspor (- 2020)

Keepers & outfield error for **Ross County FC** in Heart of Midlothian Football Club vs Ross County FC: Numbers: 2 and 9.
Not enough players found for lineup: 0, 0.
[3201248] Failed to build match row: Heart of Midlothian Football Club vs Ross County FC
[3223089] Could not find attributes for ertac ozbir (Gençlerbirliği Spor Kulübü, 2019)
[3223089] Failed to build match row: Gençlerbirliği Spor Kulübü vs Denizlispor
[2624312] Could not find attributes for dmytro babenko (Goverla Uzhgorod (- 2016), 2015)

Keepers & outfield error for **Associazione Sportiva Roma** in Associazione Sportiva Roma vs Astra Giurgiu (- 2024): Numbers: 0 and 11.
[2950341] Failed to scrape lineup: https://www.transfermarkt.co.uk/spielbericht/index/spielbericht/2950341
[3394998] Failed to scrape lineup: https://www.transfermarkt.co.uk/stade-rennais-fc_nimes-olympique/index/spielbericht/3394998
[3209343] Failed to scrape lineup: https://www.transfermarkt.co.uk/aek-athens_ao-xanthi/index/spielbericht/3209343
[2624312] Failed to build match row: Goverla Uzhgorod (- 2016) vs Olimpik Donetsk
[2335711] Could not find attributes for dmytro bezotosnyi (Chornomorets Odesa, 2013)
[2754316] Failed to build match row: Associazione Sportiva Roma vs Astra Giurgiu (- 2024)
[2335711] Failed to build match row: Chornomorets Odesa vs FK Mariupol
[3232148] Failed to scrape lineup: https://www.transfermarkt.co.uk/spielbericht/index/spielbericht/3232148
[2505091] Could not find attributes for stevie mallan (Saint Mirren Football Club, 2014)
[2646012] Could not find attributes for younes belhanda (FC Schalke 04, 2015)
[3298463] Could not find attributes for ivan ordets (FK Dinamo Moskva, 2019)
[2505091] Failed to build match row: Saint Mirren Football Club vs Dundee United Football Club
[2646012] Failed to build match row: FC Shakhtar Donetsk vs FC Schalke 04
[3298463] Failed to build match row: FK Dinamo Moskva vs PFK Tambov (-2021)
Not enough players found for lineup: 0, 0.

Keepers & outfield error for **Real Valladolid CF** in Sevilla Fútbol Club S.A.D. vs Real Valladolid CF: Numbers: 2 and 9.
[2883916] Could not find attributes for sergiy rybalka (Sivasspor, 2017)
[3079466] Failed to build match row: Sevilla Fútbol Club S.A.D. vs Real Valladolid CF
[3084029] Could not find attributes for matteo di gennaro (US Livorno 1915, 2018)
[3256265] Failed to scrape lineup: https://www.transfermarkt.co.uk/spielbericht/index/spielbericht/3256265

Keepers & outfield error for **Paris Saint-Germain Football Club** in Paris Saint-Germain Football Club vs Football Club de Nantes: Numbers: 2 and 9.
[2883916] Failed to build match row: Sivasspor vs Konyaspor
[3084029] Failed to build match row: US Livorno 1915 vs Casertana FC
[2609846] Failed to build match row: Paris Saint-Germain Football Club vs Football Club de Nantes
[2366385] Could not find attributes for ovidiu dananae (Apollon Limassol, 2013)
[2482468] Could not find attributes for didier ndong (Football Club Lorient-Bretagne Sud, 2014)
[2366385] Failed to build match row: Olympique Gymnaste Club Nice Côte d'Azur vs Apollon Limassol
[3058430] Could not find attributes for ja cheol koo (Fußball-Club Augsburg 1907, 2018)
agne Sud
[3058430] Failed to build match row: Fußball-Club Augsburg 1907 vs Mönchengladbach
[2351300] Could not find attributes for filippo perucchini (Unione Sportiva Lecce, 2013)
[2578169] Could not find attributes for reece oxford (West Ham United Football Club, 2015)
[3141097] Could not find attributes for ben rienstra (Sportclub Heerenveen, 2018)
[2351300] Failed to build match row: Unione Sportiva Lecce vs ASD Santhià Calcio
[2578169] Failed to build match row: Everton Football Club vs West Ham United Football Club
[3069735] Could not find attributes for trezeguet (Kasımpaşa A.Ş., 2018)
[3099269] Failed to build match row: KV Oostende vs Royal Charleroi Sporting Club
[3141097] Failed to build match row: Sportclub Heerenveen vs Prins Hendrik Ende Desespereert Nimmer Combinatie Zwolle
[3069735] Failed to build match row: Kasımpaşa A.Ş. vs MKE Ankaragücü
[2866173] Could not find attributes for vladimir plotnikov (Kairat Almaty, 2017)
[3212679] Could not find attributes for andraz sporar (Sporting Clube de Portugal, 2019)

Keepers & outfield error for **Levante Unión Deportiva S.A.D.** in Levante Unión Deportiva S.A.D. vs Espanol: Numbers: 2 and 9.
[2866173] Failed to build match row: Kairat Almaty vs FK Atlantas Klaipeda (-2020)
[3212679] Failed to build match row: Futebol Clube do Porto vs Sporting Clube de Portugal
[2899898] Failed to build match row: Levante Unión Deportiva S.A.D. vs Espanol
[3223090] Could not find attributes for afriyie acquah (Yeni Malatyaspor, 2019)
[3223090] Failed to build match row: Yeni Malatyaspor vs Kayserispor Kulübü
[2698110] Failed to scrape lineup: https://www.transfermarkt.co.uk/manchester-united_leicester-city/index/spielbericht/2698110
[2919883] Could not find attributes for yuriy zhirkov (AO FK Zenit Sankt-Peterburg, 2017)
[2919883] Failed to build match row: AO FK Zenit Sankt-Peterburg vs Vardar Skopje
[2894094] Failed to scrape lineup: https://www.transfermarkt.co.uk/spielbericht/index/spielbericht/2894094

Keepers & outfield error for **West Ham United Football Club** in West Ham United Football Club vs Everton Football Club: Numbers: 0 and 11.
[2872494] Failed to build match row: West Ham United Football Club vs Everton Football Club
[2505092] Could not find attributes for stephen pearson (Motherwell Football Club, 2014)
[2505092] Failed to build match row: Dundee United Football Club vs Motherwell Football Club
[2609847] Could not find attributes for malcom (FC Girondins Bordeaux, 2015)
[3298464] Could not find attributes for soslan dzhanaev (FK Sochi, 2019)

Keepers & outfield error for **Palermo FC** in Palermo FC vs Juventus Football Club: Numbers: 0 and 11.
[2609847] Failed to build match row: SM Caen vs FC Girondins Bordeaux
[2624314] Could not find attributes for sergiy basov (FC Oleksandriya, 2015)
[2478851] Failed to build match row: Palermo FC vs Juventus Football Club
[2624314] Failed to build match row: FC Oleksandriya vs Futbolniy Klub Dynamo Kyiv
[3298464] Failed to build match row: FK Sochi vs Ural Yekaterinburg
[3209344] Could not find attributes for fabian ehmann (Aris Thessalonikis, 2019)
Not enough players found for lineup: 0, 0.
[3209344] Failed to build match row: Aris Thessalonikis vs Omilos Filathlon Irakliou FC
[2384490] Failed to scrape lineup: https://www.transfermarkt.co.uk/spielbericht/index/spielbericht/2384490
[3141098] Could not find attributes for marios vrousai (Willem II Tilburg, 2018)
[2326904] Could not find attributes for iliass bel hassani (Heracles Almelo, 2013)

Keepers & outfield error for **Göztepe Sportif Yatırımlar A.Ş.** in Göztepe Sportif Yatırımlar A.Ş. vs Beşiktaş Jimnastik Kulübü: Numbers: 0 and 11.

Keepers & outfield error for **Akhisarspor** in Kayserispor Kulübü vs Akhisarspor: Numbers: 2 and 9.
[2594035] Failed to build match row: Kayserispor Kulübü vs Akhisarspor
[3141098] Failed to build match row: VVV-Venlo vs Willem II Tilburg
[2326904] Failed to build match row: RKC Waalwijk vs Heracles Almelo
[2883917] Failed to build match row: Göztepe Sportif Yatırımlar A.Ş. vs Beşiktaş Jimnastik Kulübü
[2482469] Could not find attributes for rod fanni (Olympique de Marseille, 2014)

Keepers & outfield error for **Sevilla Fútbol Club S.A.D.** in CD Leganés vs Sevilla Fútbol Club S.A.D.: Numbers: 0 and 11.
[2482469] Failed to build match row: Lille Olympique Sporting Club vs Olympique de Marseille
[2578170] Could not find attributes for erik pieters (Stoke City, 2015)
[2470334] Could not find attributes for andrija vukovic (Balikesirspor, 2014)
[2700837] Could not find attributes for ognjen gnjatic (Roda JC Kerkrade, 2016)
[2899899] Failed to build match row: CD Leganés vs Sevilla Fútbol Club S.A.D.
[2351301] Could not find attributes for matteo pisseri (AS Gubbio 1910, 2013)
[2578170] Failed to build match row: Stoke City vs Newcastle United Football Club

Keepers & outfield error for **Gaziantep Futbol Kulübü A.Ş.** in Gaziantep Futbol Kulübü A.Ş. vs Alanyaspor: Numbers: 2 and 9.
[2470334] Failed to build match row: Kasımpaşa A.Ş. vs Balikesirspor
[3223091] Failed to build match row: Gaziantep Futbol Kulübü A.Ş. vs Alanyaspor
[2700837] Failed to build match row: Sportclub Heerenveen vs Roda JC Kerkrade
[2722753] Could not find attributes for yevgen seleznyov (Kardemir Karabükspor, 2016)
[2351301] Failed to build match row: AS Gubbio 1910 vs AC Savoia 1908

Keepers & outfield error for **Alaves** in CD Leganés vs Alaves: Numbers: 2 and 9.
[2722753] Failed to build match row: Kardemir Karabükspor vs Galatasaray Spor Kulübü
[3079467] Failed to build match row: CD Leganés vs Alaves
[2335712] Could not find attributes for oleksandr ilyushchenkov (Karpaty Lviv (-2021), 2013)
[2583574] Could not find attributes for ashley morris (Bala Town, 2015)

Keepers & outfield error for **Società Sportiva Lazio S.p.A.** in Società Sportiva Lazio S.p.A. vs Vitesse Arnhem: Numbers: 2 and 9.
[2335712] Failed to build match row: Karpaty Lviv (-2021) vs FC Shakhtar Donetsk
[2583574] Failed to build match row: Bala Town vs FC Differdange 03
[2919884] Failed to build match row: Società Sportiva Lazio S.p.A. vs Vitesse Arnhem
[3212680] Could not find attributes for show (B SAD, 2019)
[2894095] Could not find attributes for julien klein (CS Fola Esch, 2017)
[3212680] Failed to build match row: B SAD vs Gil Vicente Futebol Clube
[2718774] Could not find attributes for andreas pereira (Granada CF, 2016)
[2894095] Failed to build match row: Östersunds FK vs CS Fola Esch
[2460559] Could not find attributes for mikk reintam (Kalju FC, 2014)
Not enough players found for lineup: 0, 11.
[2718774] Failed to build match row: Granada CF vs CD Leganés
[2460559] Failed to build match row: Kalju FC vs Fram Reykjavík
[2624315] Could not find attributes for bogdan shust (Volyn Lutsk, 2015)
[2384491] Failed to scrape lineup: https://www.transfermarkt.co.uk/spielbericht/index/spielbericht/2384491
[2624315] Failed to build match row: Volyn Lutsk vs Chornomorets Odesa
[2728623] Could not find attributes for ryan dow (Ross County FC, 2016)

Keepers & outfield error for **Moreirense Futebol Clube** in Moreirense Futebol Clube vs CF Os Belenenses: Numbers: 0 and 11.
[2728623] Failed to build match row: Ross County FC vs Inverness Caledonian Thistle FC
[2777948] Failed to build match row: Moreirense Futebol Clube vs CF Os Belenenses
[2527277] Could not find attributes for eidur gudjohnsen (Bolton Wanderers, 2014)
[2527277] Failed to build match row: Liverpool Football Club vs Bolton Wanderers
Not enough players found for lineup: 0, 0.
[3232149] Failed to scrape lineup: https://www.transfermarkt.co.uk/spielbericht/index/spielbericht/3232149
[2478852] Could not find attributes for cesare bovo (Torino Calcio, 2014)
[2478852] Failed to build match row: Torino Calcio vs Società Sportiva Lazio S.p.A.

Keepers & outfield error for **Athletic Club Bilbao** in Real Sociedad de Fútbol S.A.D. vs Athletic Club Bilbao: Numbers: 2 and 9.
[2899900] Failed to build match row: Real Sociedad de Fútbol S.A.D. vs Athletic Club Bilbao
[2578171] Could not find attributes for erik pieters (Stoke City, 2015)
[2578171] Failed to build match row: Chelsea Football Club vs Stoke City
[3084030] Could not find attributes for roberto taliento (AS Giana Erminio, 2018)
[3084030] Failed to build match row: FC Crotone vs AS Giana Erminio
[3395000] Failed to scrape lineup: https://www.transfermarkt.co.uk/angers-sco_losc-lille/index/spielbericht/3395000
[2335713] Failed to build match row: Vorskla Poltava vs Metalurg Zaporizhya (-2016)
[2866174] Could not find attributes for zaza tchelidze (Chikhura Sachkhere, 2017)
[2866174] Failed to build match row: Chikhura Sachkhere vs Sportclub Rheindorf Altach
[3141099] Could not find attributes for azor matusiwa (De Graafschap Doetinchem, 2018)
[3141099] Failed to build match row: Feyenoord Rotterdam vs De Graafschap Doetinchem
[2609848] Could not find attributes for antoine devaux (Stade Reims, 2015)
[2609848] Failed to build match row: Stade Reims vs Olympique Lyonnais

Keepers & outfield error for **Motherwell Football Club** in Kilmarnock Football Club vs Motherwell Football Club: Numbers: 2 and 9.
[2728624] Failed to build match row: Kilmarnock Football Club vs Motherwell Football Club
[2470335] Could not find attributes for furkan ozcal (Kardemir Karabükspor, 2014)
[2470335] Failed to build match row: Kardemir Karabükspor vs Eskisehirspor
[2754318] Could not find attributes for jakub brabec (Koninklijke Racing Club Genk, 2016)
[2754318] Failed to build match row: Koninklijke Racing Club Genk vs Unione Sportiva Sassuolo Calcio
[2894096] Could not find attributes for julien klein (CS Fola Esch, 2017)
[2722754] Could not find attributes for abdoul wahid sissoko (Akhisarspor, 2016)
[2894096] Failed to build match row: CS Fola Esch vs Östersunds FK
[2722754] Failed to build match row: Akhisarspor vs Kayserispor Kulübü
[2873129] Could not find attributes for aleksandr stavpets (Ural Yekaterinburg, 2017)
[2873129] Failed to build match row: Ural Yekaterinburg vs FK Rostov
[3099271] Could not find attributes for frank boya (Royal Excel Mouscron (-2022), 2018)
Not enough players found for lineup: 0, 0.
[3099271] Failed to build match row: Cercle Brugge Koninklijke Sportvereniging vs Royal Excel Mouscron (-2022)

Keepers & outfield error for **Real Betis Balompié S.A.D.** in Villarreal Club de Fútbol S.A.D. vs Real Betis Balompié S.A.D.: Numbers: 2 and 9.
[2384492] Failed to scrape lineup: https://www.transfermarkt.co.uk/spielbericht/index/spielbericht/2384492
[3079468] Failed to build match row: Villarreal Club de Fútbol S.A.D. vs Real Betis Balompié S.A.D.
[3223092] Could not find attributes for hasan kaya (MKE Ankaragücü, 2019)
[2700838] Could not find attributes for dan crowley (Go Ahead Eagles, 2016)
[2478853] Could not find attributes for ignazio abate (Associazione Calcio Milan, 2014)
[2478853] Failed to build match row: Associazione Calcio Fiorentina vs Associazione Calcio Milan
[3223092] Failed to build match row: Çaykur Rizespor Kulübü vs MKE Ankaragücü
[2700838] Failed to build match row: Go Ahead Eagles vs Vitesse Arnhem

Keepers & outfield error for **Futebol Clube do Porto** in Futebol Clube do Porto vs CD Feirense: Numbers: 0 and 11.
[2777949] Failed to build match row: Futebol Clube do Porto vs CD Feirense
[2950343] Could not find attributes for ruben valk (VVSB Noordwijkerhout, 2017)
[3209345] Could not find attributes for balazs megyeri (APS Atromitos Athinon, 2019)
[3395001] Could not find attributes for etienne green (AS Saint-Étienne, 2020)
[2899901] Could not find attributes for maxime lestienne (Málaga CF, 2017)
[2950343] Failed to build match row: VVSB Noordwijkerhout vs Roda JC Kerkrade
[2899901] Failed to build match row: Málaga CF vs Real Sociedad de Fútbol S.A.D.
[2335714] Could not find attributes for damir kahriman (SK Tavriya Simferopol ( - 2022), 2013)

Keepers & outfield error for **Odense Boldklub** in Fodbold Club Nordsjælland vs Odense Boldklub: Numbers: 3 and 8.
[3395001] Failed to build match row: AS Saint-Étienne vs Dijon FCO
[2326907] Could not find attributes for jeffrey vlug (Fortuna Sittardia Combinatie, 2013)
[3209345] Failed to build match row: APS Atromitos Athinon vs Athlitiki Enosi Larisas
[2335714] Failed to build match row: SK Tavriya Simferopol ( - 2022) vs Metalurg Zaporizhya (-2016)
[2326907] Failed to build match row: Prins Hendrik Ende Desespereert Nimmer Combinatie Zwolle vs Fortuna Sittardia Combinatie
[2492582] Failed to build match row: Fodbold Club Nordsjælland vs Odense Boldklub
[2351302] Could not find attributes for oualid el hasni (LR Vicenza, 2013)
Not enough players found for lineup: 0, 11.
[2609849] Could not find attributes for kamil grosicki (Rennes, 2015)
[2594037] Could not find attributes for serkan kirintili (Konyaspor, 2015)
[2351302] Failed to build match row: LR Vicenza vs Feralpisalò
[2594037] Failed to build match row: Konyaspor vs Bursaspor
[2366495] Failed to scrape lineup: https://www.transfermarkt.co.uk/spielbericht/index/spielbericht/2366495

Keepers & outfield error for **Sporting Clube de Portugal** in Sporting Clube de Portugal vs Bayer 04 Leverkusen Fußball: Numbers: 0 and 11.
[2609849] Failed to build match row: Rennes vs SC Bastia
[2646015] Failed to build match row: Sporting Clube de Portugal vs Bayer 04 Leverkusen Fußball
[2866175] Could not find attributes for jovan krneta (Zira FC, 2017)
[2728625] Could not find attributes for tom hateley (Dundee Football Club, 2016)
[2866175] Failed to build match row: Zira FC vs FC Differdange 03
[2578172] Could not find attributes for jose cholevas (Watford FC, 2015)

Keepers & outfield error for **Rangers Football Club** in Rangers Football Club vs Hibernian Football Club: Numbers: 2 and 9.
[2578172] Failed to build match row: Watford FC vs Leicester City
[3256797] Could not find attributes for aleksandr belenov (FK Ufa, 2019)
[3201250] Failed to build match row: Rangers Football Club vs Hibernian Football Club
[2728625] Failed to build match row: Inverness Caledonian Thistle FC vs Dundee Football Club

Keepers & outfield error for **Trabzonspor Kulübü** in Trabzonspor Kulübü vs Bursaspor: Numbers: 0 and 11.
[2722755] Could not find attributes for loret sadiku (Kasımpaşa A.Ş., 2016)
[3256797] Failed to build match row: FK Ufa vs FK Spartak Moskva
[2470336] Failed to build match row: Trabzonspor Kulübü vs Bursaspor
[3298465] Could not find attributes for stanislav magkeev (Футбольный клуб "Локомотив" Москва, 2019)
[2722755] Failed to build match row: Adanaspor vs Kasımpaşa A.Ş.

Keepers & outfield error for **Rosenborg Ballklub** in Rosenborg Ballklub vs Víkingur Gøta: Numbers: 2 and 9.
[3298465] Failed to build match row: Футбольный клуб "Локомотив" Москва vs RFK Akhmat Grozny
[3047739] Could not find attributes for youssouf fofana (Racing Club de Strasbourg Alsace, 2018)
[2583575] Failed to build match row: Rosenborg Ballklub vs Víkingur Gøta
[2624316] Could not find attributes for mykyta kamenyuka (FC Zorya Lugansk, 2015)
[3047739] Failed to build match row: Racing Club de Strasbourg Alsace vs FC Girondins Bordeaux
[2624316] Failed to build match row: FC Zorya Lugansk vs Karpaty Lviv (-2021)
Not enough players found for lineup: 0, 0.
[2894097] Could not find attributes for emilijus zubas (Bnei Yehuda Tel Aviv, 2017)

Keepers & outfield error for **Aston Villa Football Club** in Aston Villa Football Club vs Association Football Club Bournemouth: Numbers: 0 and 11.
[2326908] Failed to scrape lineup: https://www.transfermarkt.co.uk/spielbericht/index/spielbericht/2326908
[2894097] Failed to build match row: Bnei Yehuda Tel Aviv vs AO FK Zenit Sankt-Peterburg
[2527279] Failed to build match row: Aston Villa Football Club vs Association Football Club Bournemouth
[3232153] Could not find attributes for ruben valk (VVSB Noordwijkerhout, 2019)

Keepers & outfield error for **Göztepe Sportif Yatırımlar A.Ş.** in Göztepe Sportif Yatırımlar A.Ş. vs Kasımpaşa A.Ş.: Numbers: 0 and 11.
[3223093] Failed to build match row: Göztepe Sportif Yatırımlar A.Ş. vs Kasımpaşa A.Ş.
[3232153] Failed to build match row: VVSB Noordwijkerhout vs Harkemase Boys

Keepers & outfield error for **Valencia Club de Fútbol S. A. D.** in Valencia Club de Fútbol S. A. D. vs Alaves: Numbers: 0 and 11.
[2899902] Failed to build match row: Valencia Club de Fútbol S. A. D. vs Alaves
[2594038] Could not find attributes for djakaridja kone (Sivasspor, 2015)
[2594038] Failed to build match row: Sivasspor vs Kayserispor Kulübü
[3084031] Could not find attributes for mirko stefani (Pordenone Calcio, 2018)
[3084031] Failed to build match row: Delfino Pescara 1936 vs Pordenone Calcio
[2866176] Could not find attributes for dimitar pirgov (Levski Sofia, 2017)
[2493134] Could not find attributes for ivan rados (Diósgyőri VTK, 2014)
[2866176] Failed to build match row: Levski Sofia vs FK Sutjeska Niksic
[2493134] Failed to build match row: FK Krasnodar vs Diósgyőri VTK
[2777950] Could not find attributes for fabio sturgeon (CF Os Belenenses, 2016)
[3209346] Could not find attributes for nikolaos papadopoulos (A.G.S Asteras Tripolis, 2019)
[2873130] Could not find attributes for mladen kascelan (FC Tosno (-2018), 2017)
[2777950] Failed to build match row: CF Os Belenenses vs CD Feirense
[3209346] Failed to build match row: Olympiakos Syndesmos Filathlon Peiraios vs A.G.S Asteras Tripolis
[2873130] Failed to build match row: FC Tosno (-2018) vs FK Ufa

Keepers & outfield error for **Clube Desportivo de Tondela** in Clube Desportivo de Tondela vs Sporting Clube de Braga: Numbers: 0 and 11.
[3212681] Failed to build match row: Clube Desportivo de Tondela vs Sporting Clube de Braga
[2335715] Could not find attributes for sergiy litovchenko (Volyn Lutsk, 2013)
[2335715] Failed to build match row: Volyn Lutsk vs Goverla Uzhgorod (- 2016)
[2722756] Could not find attributes for davide petrucci (Çaykur Rizespor Kulübü, 2016)
[2578173] Could not find attributes for joe ledley (Crystal Palace Football Club, 2015)

Keepers & outfield error for **Valencia Club de Fútbol S. A. D.** in Valencia Club de Fútbol S. A. D. vs Rayo Vallecano de Madrid S. A. D.: Numbers: 0 and 11.
[2578173] Failed to build match row: Crystal Palace Football Club vs Liverpool Football Club
[2722756] Failed to build match row: Çaykur Rizespor Kulübü vs Kardemir Karabükspor
[3079470] Failed to build match row: Valencia Club de Fútbol S. A. D. vs Rayo Vallecano de Madrid S. A. D.
[2331983] Failed to scrape lineup: https://www.transfermarkt.co.uk/everton-fc_newcastle-united/index/spielbericht/2331983
[3298466] Could not find attributes for yuriy dyupin (FC Rubin Kazan, 2019)

Keepers & outfield error for **Aberdeen Football Club** in St. Johnstone FC vs Aberdeen Football Club: Numbers: 0 and 11.
[2505096] Failed to build match row: St. Johnstone FC vs Aberdeen Football Club
[3141101] Could not find attributes for mounir el hamdaoui (Excelsior Rotterdam, 2018)
[3141101] Failed to build match row: Football Club Utrecht vs Excelsior Rotterdam
[2919887] Could not find attributes for oleksandr svatok (FC Zorya Lugansk, 2017)
[2919887] Failed to build match row: Östersunds FK vs FC Zorya Lugansk
Not enough players found for lineup: 0, 0.

Keepers & outfield error for **Akhisarspor** in Galatasaray Spor Kulübü vs Akhisarspor: Numbers: 2 and 9.
[2326909] Failed to scrape lineup: https://www.transfermarkt.co.uk/spielbericht/index/spielbericht/2326909
[2698114] Could not find attributes for jordi amat (Swansea City, 2016)
[2594039] Failed to build match row: Galatasaray Spor Kulübü vs Akhisarspor

Keepers & outfield error for **Levante Unión Deportiva S.A.D.** in Levante Unión Deportiva S.A.D. vs Málaga CF: Numbers: 2 and 9.
[2698114] Failed to build match row: Swansea City vs Manchester City Football Club
[2894098] Could not find attributes for yuriy zhirkov (AO FK Zenit Sankt-Peterburg, 2017)
[2899903] Failed to build match row: Levante Unión Deportiva S.A.D. vs Málaga CF
[2366500] Could not find attributes for lasse koch (IF Skjold Birkeröd, 2013)
[2366500] Failed to build match row: IF Skjold Birkeröd vs Boldklubben Marienlyst
Aviv
[2624317] Could not find attributes for dmitriy nepogodov (Vorskla Poltava, 2015)
[2624317] Failed to build match row: Vorskla Poltava vs PFK Stal Kamyanske (-2018)
[2384493] Could not find attributes for petros karanastasis (Tyrnavos 2005, 2013)
[3209347] Could not find attributes for christopher knett (Panetolikos Agrinio, 2019)
[2611183] Could not find attributes for roman chumak (MFK Mykolaiv, 2015)
[2384493] Failed to build match row: Tyrnavos 2005 vs Iraklis Thessaloniki
[2728627] Could not find attributes for niall keown (Partick Thistle FC, 2016)
[2611183] Failed to build match row: MFK Mykolaiv vs Metalist Kharkiv (- 2016)
[2482470] Failed to scrape lineup: https://www.transfermarkt.co.uk/as-monaco_fc-metz/index/spielbericht/2482470
[3209347] Failed to build match row: Panthessalonikios Athlitikos Omilos Konstantinoupoliton vs Panetolikos Agrinio
[3256798] Could not find attributes for evgeniy gorodov (RFK Akhmat Grozny, 2019)
[2728627] Failed to build match row: Dundee Football Club vs Partick Thistle FC
[3084032] Could not find attributes for nicola bizzotto (LR Vicenza, 2018)
[3256798] Failed to build match row: RFK Akhmat Grozny vs PFK Krylya Sovetov Samara
[3084032] Failed to build match row: Palermo FC vs LR Vicenza
[3069737] Failed to scrape lineup: https://www.transfermarkt.co.uk/antalyaspor_caykur-rizespor/index/spielbericht/3069737
[2335716] Could not find attributes for oleksandr shovkovskyi (Futbolniy Klub Dynamo Kyiv, 2013)

Keepers & outfield error for **Celta** in Celta vs Futbol Club Barcelona: Numbers: 0 and 11.
[2335716] Failed to build match row: Futbolniy Klub Dynamo Kyiv vs FK Mariupol
[2718777] Failed to build match row: Celta vs Futbol Club Barcelona

Keepers & outfield error for **Futebol Clube do Porto** in Moreirense Futebol Clube vs Futebol Clube do Porto: Numbers: 0 and 11.
[3141102] Could not find attributes for azor matusiwa (De Graafschap Doetinchem, 2018)
[2351303] Could not find attributes for davide mandelli (AC Lumezzane, 2013)
[3223094] Could not find attributes for farouk miya (Konyaspor, 2019)
[2777951] Failed to build match row: Moreirense Futebol Clube vs Futebol Clube do Porto
[3141102] Failed to build match row: De Graafschap Doetinchem vs Football Club Utrecht
[2505097] Could not find attributes for stevie mallan (Saint Mirren Football Club, 2014)
[3223094] Failed to build match row: Konyaspor vs Gençlerbirliği Spor Kulübü
[2351303] Failed to build match row: AC Lumezzane vs US Massese 1919
[2331984] Could not find attributes for modibo maiga (West Ham United Football Club, 2013)
[3298467] Could not find attributes for matvey safonov (FK Krasnodar, 2019)
[2331984] Failed to build match row: Hull City vs West Ham United Football Club
[2754319] Could not find attributes for ishak belfodil (Royal Standard Club de Liège, 2016)
[2505097] Failed to build match row: Saint Mirren Football Club vs Dundee Football Club
[2470337] Could not find attributes for eray birnican (Gaziantepspor (- 2020), 2014)

Keepers & outfield error for **Alaves** in Alaves vs Sevilla Fútbol Club S.A.D.: Numbers: 2 and 9.
[3047741] Could not find attributes for julio tavares (Dijon FCO, 2018)
[3079471] Failed to build match row: Alaves vs Sevilla Fútbol Club S.A.D.
[3298467] Failed to build match row: FK Spartak Moskva vs FK Krasnodar
[2754319] Failed to build match row: AFC Ajax Amsterdam vs Royal Standard Club de Liège
[2470337] Failed to build match row: Gaziantepspor (- 2020) vs Çaykur Rizespor Kulübü
[3047741] Failed to build match row: Angers Sporting Club de l'Ouest vs Dijon FCO
[2698115] Could not find attributes for jose cholevas (Watford FC, 2016)
[2698115] Failed to build match row: Burnley Football Club vs Watford FC
[2583576] Could not find attributes for andras gango (NSÍ Runavík, 2015)
[2583576] Failed to build match row: NSÍ Runavík vs Linfield FC
[2957387] Could not find attributes for andriy yarmolenko (Borussia Dortmund, 2017)
[2919888] Could not find attributes for fabio sturgeon (Vitória Sport Clube, 2017)
[2611184] Could not find attributes for vitaliy myrnyi (Cherkaskyi Dnipro, 2015)
[2957387] Failed to build match row: FC Bayern München vs Borussia Dortmund
[2478855] Could not find attributes for andi lila (Parma Calcio 1913, 2014)
[2611184] Failed to build match row: Cherkaskyi Dnipro vs PFK Stal Kamyanske (-2018)
[2919888] Failed to build match row: Fußballclub Red Bull Salzburg vs Vitória Sport Clube
[2478855] Failed to build match row: Unione Sportiva Sassuolo Calcio vs Parma Calcio 1913
[2728628] Could not find attributes for lennard sowah (Hamilton Academical FC, 2016)
[2728628] Failed to build match row: Hamilton Academical FC vs Motherwell Football Club
Not enough players found for lineup: 0, 0.
[2326910] Failed to scrape lineup: https://www.transfermarkt.co.uk/spielbericht/index/spielbericht/2326910
[3209348] Could not find attributes for matic kotnik (Panionios Athens, 2019)
[2894100] Could not find attributes for roland juhasz (Videoton FC, 2017)
[3069738] Could not find attributes for adrien regattin (Akhisarspor, 2018)
[3209348] Failed to build match row: Panionios Athens vs Volou Neos Podosferikos Syllogos
[2493702] Could not find attributes for anton begeza (Smena Komsomolsk-na-Amure, 2014)
[2894100] Failed to build match row: FC Girondins Bordeaux vs Videoton FC
[3232154] Could not find attributes for jeffrey verkerk (FC Rijnvogels, 2019)
[3069738] Failed to build match row: Akhisarspor vs Sivasspor
Not enough players found for lineup: 0, 11.
[2493702] Failed to build match row: Smena Komsomolsk-na-Amure vs FK Spartak Moskva
[2366502] Failed to scrape lineup: https://www.transfermarkt.co.uk/spielbericht/index/spielbericht/2366502
[3232154] Failed to build match row: FC Rijnvogels vs SV Oss '20
Not enough players found for lineup: 0, 0.
[3099275] Could not find attributes for olivier deschacht (KSC Lokeren (- 2020), 2018)

Keepers & outfield error for **Paris Saint-Germain Football Club** in Montpellier HSC vs Paris Saint-Germain Football Club: Numbers: 2 and 9.
[3099275] Failed to build match row: KSC Lokeren (- 2020) vs KAS Eupen
[3256799] Could not find attributes for yaroslav rakitskyi (AO FK Zenit Sankt-Peterburg, 2019)
[2482471] Failed to build match row: Montpellier HSC vs Paris Saint-Germain Football Club
[2384494] Failed to scrape lineup: https://www.transfermarkt.co.uk/spielbericht/index/spielbericht/2384494
[3256799] Failed to build match row: AO FK Zenit Sankt-Peterburg vs FC Rubin Kazan

Keepers & outfield error for **Rio Ave Futebol Clube** in Rio Ave Futebol Clube vs Clube Desportivo Santa Clara: Numbers: 2 and 9.
[3047742] Could not find attributes for pedro rebocho (EA Guingamp, 2018)
[3212682] Failed to build match row: Rio Ave Futebol Clube vs Clube Desportivo Santa Clara
[3047742] Failed to build match row: FC Girondins Bordeaux vs EA Guingamp
[2335717] Could not find attributes for rustam khudzhamov (FK Mariupol, 2013)
[3298468] Could not find attributes for yaroslav rakitskyi (AO FK Zenit Sankt-Peterburg, 2019)
[3223095] Could not find attributes for aminu umar (Çaykur Rizespor Kulübü, 2019)
[3298468] Failed to build match row: AO FK Zenit Sankt-Peterburg vs FK Ufa
[2335717] Failed to build match row: FK Mariupol vs FC Shakhtar Donetsk
[3223095] Failed to build match row: Galatasaray Spor Kulübü vs Çaykur Rizespor Kulübü
[2470338] Could not find attributes for zulkuf ozer (Kayseri Erciyesspor, 2014)
[2470338] Failed to build match row: Kayseri Erciyesspor vs İstanbul Başakşehir Futbol Kulübü
[2883921] Could not find attributes for jires kembo ekoko (Bursaspor, 2017)
[2351304] Could not find attributes for ivan lanni (US Grosseto FC, 2013)
[2883921] Failed to build match row: Kasımpaşa A.Ş. vs Bursaspor
[2351304] Failed to build match row: US Grosseto FC vs Venezia FC
[2646018] Could not find attributes for maximilian wober (Sportklub Rapid, 2015)

Keepers & outfield error for **Celta** in Celta vs Panathinaikos Athlitikos Omilos: Numbers: 0 and 11.
[2646018] Failed to build match row: Sportklub Rapid vs Valencia Club de Fútbol S. A. D.
[2754320] Failed to build match row: Celta vs Panathinaikos Athlitikos Omilos
[2578175] Could not find attributes for marcus rashford (Manchester United Football Club, 2015)
[2578175] Failed to build match row: West Bromwich Albion vs Manchester United Football Club
[3395236] Could not find attributes for diego costa (Club Atlético de Madrid S.A.D., 2019)
[3395236] Failed to build match row: RasenBallsport Leipzig vs Club Atlético de Madrid S.A.D.
[2722757] Could not find attributes for ryan babel (Beşiktaş Jimnastik Kulübü, 2016)
[2866177] Could not find attributes for ilce petrovski (Pelister Bitola, 2017)

Keepers & outfield error for **Aberdeen Football Club** in Aberdeen Football Club vs Dundee United Football Club: Numbers: 0 and 11.
[2722757] Failed to build match row: Beşiktaş Jimnastik Kulübü vs Konyaspor
[2866177] Failed to build match row: KKS Lech Poznań Spółka Akcyjna vs Pelister Bitola
[2505098] Failed to build match row: Aberdeen Football Club vs Dundee United Football Club
[2594041] Could not find attributes for doka madureira (İstanbul Başakşehir Futbol Kulübü, 2015)
[2919889] Could not find attributes for malick evouna (Konyaspor, 2017)

Keepers & outfield error for **Levante Unión Deportiva S.A.D.** in Club Atlético de Madrid S.A.D. vs Levante Unión Deportiva S.A.D.: Numbers: 2 and 9.
[2919889] Failed to build match row: Konyaspor vs Olympique de Marseille
[2594041] Failed to build match row: İstanbul Başakşehir Futbol Kulübü vs Eskisehirspor
[2899904] Failed to build match row: Club Atlético de Madrid S.A.D. vs Levante Unión Deportiva S.A.D.
Not enough players found for lineup: 0, 0.
[2326911] Failed to scrape lineup: https://www.transfermarkt.co.uk/spielbericht/index/spielbericht/2326911
[2700840] Could not find attributes for ferdi kadioglu (Nijmegen Eendracht Combinatie, 2016)
[2493703] Could not find attributes for mladen bozovic (Khimik Dzerzhinsk, 2014)
[2493703] Failed to build match row: Khimik Dzerzhinsk vs PFK CSKA Moskva
[2700840] Failed to build match row: Nijmegen Eendracht Combinatie vs Sparta Rotterdam
Not enough players found for lineup: 11, 0.
Not enough players found for lineup: 0, 11.
[3232156] Failed to scrape lineup: https://www.transfermarkt.co.uk/spielbericht/index/spielbericht/3232156
[3058436] Could not find attributes for oscar wendt (Mönchengladbach, 2018)
[2366503] Failed to scrape lineup: https://www.transfermarkt.co.uk/spielbericht/index/spielbericht/2366503
[3058436] Failed to build match row: Mönchengladbach vs FC Schalke 04
[2698117] Could not find attributes for jordi amat (Swansea City, 2016)
[3298469] Could not find attributes for sergey pesjakov (FK Rostov, 2019)
[2698117] Failed to build match row: Swansea City vs Liverpool Football Club
[3298469] Failed to build match row: FK Rostov vs PFK CSKA Moskva
[3069739] Could not find attributes for jose sosa (Trabzonspor Kulübü, 2018)
[3069739] Failed to build match row: Trabzonspor Kulübü vs Galatasaray Spor Kulübü
[2611185] Could not find attributes for sergiy sitalo (Desna Chernigiv, 2015)

Keepers & outfield error for **Celta** in Villarreal Club de Fútbol S.A.D. vs Celta: Numbers: 0 and 11.
[2611185] Failed to build match row: Desna Chernigiv vs Vorskla Poltava
[2957389] Could not find attributes for nils petersen (Sport-Club Freiburg, 2017)
[3223096] Could not find attributes for atiba hutchinson (Beşiktaş Jimnastik Kulübü, 2019)
[2718778] Failed to build match row: Villarreal Club de Fútbol S.A.D. vs Celta
[2957389] Failed to build match row: Sportverein Werder Bremen von 1899 vs Sport-Club Freiburg
Not enough players found for lineup: 0, 0.
[3223096] Failed to build match row: Antalyaspor vs Beşiktaş Jimnastik Kulübü
[2894101] Could not find attributes for roland juhasz (Videoton FC, 2017)
[2384495] Failed to scrape lineup: https://www.transfermarkt.co.uk/spielbericht/index/spielbericht/2384495
[2894101] Failed to build match row: Videoton FC vs FC Girondins Bordeaux
[3209349] Could not find attributes for markos vellidis (PAS Lamia 1964, 2019)
[2578176] Could not find attributes for marcus rashford (Manchester United Football Club, 2015)
[3209349] Failed to build match row: PAS Lamia 1964 vs Panathinaikos Athlitikos Omilos
[2578176] Failed to build match row: Manchester United Football Club vs Crystal Palace Football Club
[2722758] Could not find attributes for kenneth omeruo (Alanyaspor, 2016)
[2722758] Failed to build match row: Antalyaspor vs Alanyaspor
[2470339] Could not find attributes for sertan vardar (Akhisarspor, 2014)
[2470339] Failed to build match row: Çaykur Rizespor Kulübü vs Akhisarspor
[2335718] Could not find attributes for krsevan santini (FC Zorya Lugansk, 2013)
[2335718] Failed to build match row: FC Zorya Lugansk vs FK Sevastopol (- 2014)
Not enough players found for lineup: 0, 0.
[2482472] Could not find attributes for david ngog (Stade Reims, 2014)
[2527958] Could not find attributes for marcos angeleri (Málaga CF, 2014)
[2326912] Failed to scrape lineup: https://www.transfermarkt.co.uk/spielbericht/index/spielbericht/2326912
[2482472] Failed to build match row: Stade Reims vs Rennes
[2527958] Failed to build match row: Málaga CF vs Athletic Club Bilbao
[2866178] Could not find attributes for boris kleyman (Beitar Jerusalem, 2017)
[2866178] Failed to build match row: Beitar Jerusalem vs Vasas FC
[2351323] Could not find attributes for aleksandr sulima (Dinamo Minsk, 2013)
[2351323] Failed to build match row: Dinamo Minsk vs Trabzonspor Kulübü
Not enough players found for lineup: 0, 0.
[3232158] Failed to scrape lineup: https://www.transfermarkt.co.uk/spielbericht/index/spielbericht/3232158

Keepers & outfield error for **Real Betis Balompié S.A.D.** in Real Betis Balompié S.A.D. vs Real Sociedad de Fútbol S.A.D.: Numbers: 2 and 9.
[2583577] Could not find attributes for blagoy makendzhiev (Beroe Stara Zagora, 2015)
Not enough players found for lineup: 0, 11.
[3069740] Could not find attributes for merih demiral (Alanyaspor, 2018)
[2583577] Failed to build match row: Beroe Stara Zagora vs FK Atlantas Klaipeda (-2020)
[2883922] Could not find attributes for volkan demirel (Fenerbahçe Spor Kulübü, 2017)
lbericht/2366506
[3069740] Failed to build match row: Alanyaspor vs Göztepe Sportif Yatırımlar A.Ş.
[2883922] Failed to build match row: Ankaraspor vs Fenerbahçe Spor Kulübü
[3079473] Failed to build match row: Real Betis Balompié S.A.D. vs Real Sociedad de Fútbol S.A.D.
[2478857] Could not find attributes for andrea masiello (Atalanta Bergamasca Calcio S.p.a., 2014)
[3298470] Could not find attributes for evgeniy gorodov (RFK Akhmat Grozny, 2019)
[2478857] Failed to build match row: Atalanta Bergamasca Calcio S.p.a. vs Udinese Calcio
[3298470] Failed to build match row: RFK Akhmat Grozny vs FK Dinamo Moskva
[2493704] Could not find attributes for mikhail kerzhakov (Anzhi Makhachkala ( -2022), 2014)
[2493704] Failed to build match row: Anzhi Makhachkala ( -2022) vs AO FK Zenit Sankt-Peterburg

Keepers & outfield error for **UD Las Palmas** in UD Las Palmas vs Espanol: Numbers: 2 and 9.
[2754321] Could not find attributes for danijel milicevic (Koninklijke Atletiek Associatie Gent, 2016)
[3201253] Could not find attributes for vakoun bayo (The Celtic Football Club, 2019)
[2718779] Failed to build match row: UD Las Palmas vs Espanol
[2722759] Could not find attributes for jan durica (Trabzonspor Kulübü, 2016)
[2754321] Failed to build match row: Koninklijke Atletiek Associatie Gent vs Konyaspor
[3201253] Failed to build match row: The Celtic Football Club vs Heart of Midlothian Football Club
[2722759] Failed to build match row: Trabzonspor Kulübü vs Gaziantepspor (- 2020)
Not enough players found for lineup: 0, 11.
[2611186] Failed to scrape lineup: https://www.transfermarkt.co.uk/spielbericht/index/spielbericht/2611186
[2700841] Could not find attributes for samuel armenteros (Heracles Almelo, 2016)
[2700841] Failed to build match row: AFC Ajax Amsterdam vs Heracles Almelo
[2470340] Could not find attributes for andrija vukovic (Balikesirspor, 2014)
[3256800] Could not find attributes for giorgiy shelia (PFK Tambov (-2021), 2019)
[2470340] Failed to build match row: Balikesirspor vs Kardemir Karabükspor
[3256800] Failed to build match row: PFK Tambov (-2021) vs FK Rostov
[3100098] Could not find attributes for artur nigmatullin (Arsenal Tula, 2018)
[3100098] Failed to build match row: Arsenal Tula vs PFK Krylya Sovetov Samara
[3084060] Could not find attributes for yelco alfaya (Club Rápido de Bouzas, 2018)
Not enough players found for lineup: 0, 0.
[3084060] Failed to build match row: Club Rápido de Bouzas vs Unionistas CF
[2326913] Failed to scrape lineup: https://www.transfermarkt.co.uk/spielbericht/index/spielbericht/2326913

Keepers & outfield error for **Gaziantep Futbol Kulübü A.Ş.** in MKE Ankaragücü vs Gaziantep Futbol Kulübü A.Ş.: Numbers: 2 and 9.
[2728631] Could not find attributes for niall keown (Partick Thistle FC, 2016)
[2728631] Failed to build match row: Kilmarnock Football Club vs Partick Thistle FC
[3223097] Failed to build match row: MKE Ankaragücü vs Gaziantep Futbol Kulübü A.Ş.
[3047743] Could not find attributes for evens joseph (SM Caen, 2018)
[2866179] Could not find attributes for julien klein (CS Fola Esch, 2017)
[3047743] Failed to build match row: SM Caen vs Football Club de Nantes
[2866179] Failed to build match row: CS Fola Esch vs FC Milsami Orhei
[3141104] Could not find attributes for ben rienstra (Sportclub Heerenveen, 2018)
[2594043] Could not find attributes for servet cetin (Mersin Talimyurdu SK, 2015)
[3141104] Failed to build match row: Sportclub Heerenveen vs Eindhovense Voetbalvereniging Philips Sport Vereniging
[2594043] Failed to build match row: Mersin Talimyurdu SK vs Kasımpaşa A.Ş.
Not enough players found for lineup: 0, 0.
[3209350] Could not find attributes for ogmundur kristinsson (Athlitiki Enosi Larisas, 2019)
[2384496] Failed to scrape lineup: https://www.transfermarkt.co.uk/spielbericht/index/spielbericht/2384496
[3209350] Failed to build match row: Athlitiki Enosi Larisas vs Olympiakos Syndesmos Filathlon Peiraios
[2335719] Could not find attributes for dmytro bezotosnyi (Chornomorets Odesa, 2013)
[2335719] Failed to build match row: Chornomorets Odesa vs Goverla Uzhgorod (- 2016)
[2894102] Could not find attributes for plamen iliev (Astra Giurgiu (- 2024), 2017)
[2894102] Failed to build match row: Astra Giurgiu (- 2024) vs FC Oleksandriya
[3232159] Failed to scrape lineup: https://www.transfermarkt.co.uk/spielbericht/index/spielbericht/3232159
[2460560] Could not find attributes for dmitrijs medeckis (FK Jelgava, 2014)
[3069741] Could not find attributes for iasmin latovlevici (Bursaspor, 2018)
[2698119] Could not find attributes for gareth mcauley (West Bromwich Albion, 2016)
[2460560] Failed to build match row: FK Jelgava vs Rosenborg Ballklub
[3069741] Failed to build match row: Bursaspor vs Beşiktaş Jimnastik Kulübü
[2698119] Failed to build match row: Sunderland Association Football Club vs West Bromwich Albion
[2505100] Could not find attributes for kostadin gadzhalov (Dundee Football Club, 2014)
[2351324] Could not find attributes for vladimir bushma (FK Minsk, 2013)
[2505100] Failed to build match row: Dundee Football Club vs Hamilton Academical FC
[2919891] Could not find attributes for jurica buljat (BATE Borisov, 2017)
[2351324] Failed to build match row: FK Minsk vs St. Johnstone FC
[2919891] Failed to build match row: BATE Borisov vs Fudbalski klub Crvena zvezda Beograd
[2493705] Could not find attributes for nikolay tsygan (Sibir Novosibirsk (- 2019), 2014)
[2493705] Failed to build match row: Sibir Novosibirsk (- 2019) vs Футбольный клуб "Локомотив" Москва
[2777953] Could not find attributes for igor rodrigues (SC Covilhã, 2016)
[2777953] Failed to build match row: SC Covilhã vs CS Marítimo
[2718780] Could not find attributes for florian lejeune (SD Eibar, 2016)
[2718780] Failed to build match row: SD Eibar vs Club Atlético Osasuna
[3256801] Could not find attributes for andrey klimovich (FC Orenburg, 2019)
[3100099] Could not find attributes for yaroslav godzyur (Ural Yekaterinburg, 2018)
[3100099] Failed to build match row: Ural Yekaterinburg vs FK Rostov
[3256801] Failed to build match row: FC Orenburg vs Футбольный клуб "Локомотив" Москва
Not enough players found for lineup: 0, 11.
[2366507] Failed to scrape lineup: https://www.transfermarkt.co.uk/spielbericht/index/spielbericht/2366507
[3047744] Could not find attributes for rafael leao (Lille Olympique Sporting Club, 2018)
[3047744] Failed to build match row: Lille Olympique Sporting Club vs Olympique Gymnaste Club Nice Côte d'Azur
Not enough players found for lineup: 0, 0.
[2384497] Failed to scrape lineup: https://www.transfermarkt.co.uk/spielbericht/index/spielbericht/2384497
[2583578] Could not find attributes for matija vujovic (FK Sutjeska Niksic, 2015)
[2583578] Failed to build match row: FK Sutjeska Niksic vs Debreceni VSC
[3298471] Could not find attributes for andrey klimovich (FC Orenburg, 2019)
[3298471] Failed to build match row: FC Orenburg vs FK Spartak Moskva
[3058439] Could not find attributes for ja cheol koo (Fußball-Club Augsburg 1907, 2018)
[2722760] Could not find attributes for emre belozoglu (İstanbul Başakşehir Futbol Kulübü, 2016)
[3058439] Failed to build match row: 1. Fußball- und Sportverein Mainz 05 vs Fußball-Club Augsburg 1907
[2722760] Failed to build match row: İstanbul Başakşehir Futbol Kulübü vs Bursaspor

Keepers & outfield error for **Футбольный клуб "Локомотив" Москва** in Футбольный клуб "Локомотив" Москва vs Fenerbahçe Spor Kulübü: Numbers: 0 and 11.
[2728632] Could not find attributes for anastasios avlonitis (Heart of Midlothian Football Club, 2016)
[2646021] Failed to build match row: Футбольный клуб "Локомотив" Москва vs Fenerbahçe Spor Kulübü
[2728632] Failed to build match row: Motherwell Football Club vs Heart of Midlothian Football Club
[2894103] Could not find attributes for yuriy pankiv (FC Oleksandriya, 2017)
[2894103] Failed to build match row: FC Oleksandriya vs Astra Giurgiu (- 2024)
[3209351] Could not find attributes for nikolaos papadopoulos (A.G.S Asteras Tripolis, 2019)
[2919892] Could not find attributes for ales hruska (FC Viktoria Plzeň, a.s., 2017)
[2482474] Could not find attributes for thibault giresse (EA Guingamp, 2014)
[3209351] Failed to build match row: A.G.S Asteras Tripolis vs Athlitiki Enosi Konstantinoupoleos

Keepers & outfield error for **Espanol** in Espanol vs Sevilla Fútbol Club S.A.D.: Numbers: 2 and 9.
[2919892] Failed to build match row: FC Viktoria Plzeň, a.s. vs SC Fotbal Club FCSB SA
[2482474] Failed to build match row: EA Guingamp vs Toulouse Football Club
[2594044] Could not find attributes for ugur demirok (Ankaraspor, 2015)
[2527959] Failed to build match row: Espanol vs Sevilla Fútbol Club S.A.D.
[3100100] Could not find attributes for chico flores (FC Rubin Kazan, 2018)
[2594044] Failed to build match row: Ankaraspor vs Beşiktaş Jimnastik Kulübü
[3100100] Failed to build match row: FC Rubin Kazan vs Enisey Krasnoyarsk
[2470342] Could not find attributes for jose sosa (Beşiktaş Jimnastik Kulübü, 2014)
[2470342] Failed to build match row: Beşiktaş Jimnastik Kulübü vs Konyaspor
[2873135] Could not find attributes for aritm (Футбольный клуб "Локомотив" Москва, 2017)
[2335720] Could not find attributes for libor hrdlicka (Metalurg Zaporizhya (-2016), 2013)
[3256802] Could not find attributes for roman evgenjev (FK Dinamo Moskva, 2019)
[2873135] Failed to build match row: Футбольный клуб "Локомотив" Москва vs Arsenal Tula
[2335720] Failed to build match row: Metalurg Zaporizhya (-2016) vs Chornomorets Odesa
[3256802] Failed to build match row: FK Dinamo Moskva vs FK Sochi
[2866180] Could not find attributes for bogdan planic (Fudbalski Klub Vojvodina, 2017)
[2866180] Failed to build match row: Fudbalski Klub Vojvodina vs MFK Ruzomberok

Keepers & outfield error for **Yeni Malatyaspor** in Yeni Malatyaspor vs Konyaspor: Numbers: 2 and 9.
[3069742] Failed to build match row: Yeni Malatyaspor vs Konyaspor
[3298472] Could not find attributes for yaroslav rakitskyi (AO FK Zenit Sankt-Peterburg, 2019)
[2351325] Could not find attributes for vladimir bushma (FK Minsk, 2013)
[2957392] Could not find attributes for matthias lehmann (1. Fußball-Club Köln, 2017)
[3298472] Failed to build match row: AO FK Zenit Sankt-Peterburg vs Ural Yekaterinburg

Keepers & outfield error for **Valencia Club de Fútbol S. A. D.** in Real Madrid Club de Fútbol vs Valencia Club de Fútbol S. A. D.: Numbers: 0 and 11.
[2351325] Failed to build match row: St. Johnstone FC vs FK Minsk
[2957392] Failed to build match row: FC Schalke 04 vs 1. Fußball-Club Köln

Keepers & outfield error for **Athletic Club Bilbao** in Villarreal Club de Fútbol S.A.D. vs Athletic Club Bilbao: Numbers: 2 and 9.
[3079475] Failed to build match row: Real Madrid Club de Fútbol vs Valencia Club de Fútbol S. A. D.
[2899906] Failed to build match row: Villarreal Club de Fútbol S.A.D. vs Athletic Club Bilbao
[2700842] Could not find attributes for hicham faik (Excelsior Rotterdam, 2016)
[2718781] Could not find attributes for darko brasanac (Real Betis Balompié S.A.D., 2016)
[2718781] Failed to build match row: Real Betis Balompié S.A.D. vs Real Madrid Club de Fútbol
[2700842] Failed to build match row: Alkmaar Zaanstreek vs Excelsior Rotterdam
Not enough players found for lineup: 0, 11.

Keepers & outfield error for **Göztepe Sportif Yatırımlar A.Ş.** in Trabzonspor Kulübü vs Göztepe Sportif Yatırımlar A.Ş.: Numbers: 0 and 11.
[2384498] Failed to scrape lineup: https://www.transfermarkt.co.uk/spielbericht/index/spielbericht/2384498
[2611187] Could not find attributes for yaroslav shvets (Myr Gornostaivka, 2015)
[3223099] Failed to build match row: Trabzonspor Kulübü vs Göztepe Sportif Yatırımlar A.Ş.
[2611187] Failed to build match row: Myr Gornostaivka vs Chornomorets Odesa

Keepers & outfield error for **Olympiakos Syndesmos Filathlon Peiraios** in Olympiakos Syndesmos Filathlon Peiraios vs Royal Sporting Club Anderlecht: Numbers: 0 and 11.
[3141106] Could not find attributes for mounir el hamdaoui (Excelsior Rotterdam, 2018)
[2470343] Could not find attributes for emre tasdemir (Bursaspor, 2014)
[2604115] Failed to scrape lineup: https://www.transfermarkt.co.uk/bologna-fc-1909_ssc-napoli/index/spielbericht/2604115
[2646022] Failed to build match row: Olympiakos Syndesmos Filathlon Peiraios vs Royal Sporting Club Anderlecht
[3141106] Failed to build match row: Excelsior Rotterdam vs FC Emmen
[2470343] Failed to build match row: Bursaspor vs Gaziantepspor (- 2020)
[3212684] Could not find attributes for carlinhos (Vitória Setúbal FC, 2019)
[3209352] Could not find attributes for athanasios garavelis (Volou Neos Podosferikos Syllogos, 2019)
[3212684] Failed to build match row: Sporting Clube de Portugal vs Vitória Setúbal FC

Keepers & outfield error for **Association sportive de Monaco Football Club** in Association sportive de Monaco Football Club vs Toulouse Football Club: Numbers: 2 and 9.
[3209352] Failed to build match row: Volou Neos Podosferikos Syllogos vs Aris Thessalonikis
[2919893] Could not find attributes for dudu goresh (Hapoel Beer Sheva, 2017)
[3047746] Failed to build match row: Association sportive de Monaco Football Club vs Toulouse Football Club
[2919893] Failed to build match row: FC Lugano vs Hapoel Beer Sheva
[3084061] Could not find attributes for orlando concepcion (CD Mensajero, 2018)

Keepers & outfield error for **Motherwell Football Club** in Motherwell Football Club vs St. Johnstone FC: Numbers: 2 and 9.
[2335721] Could not find attributes for dmitriy nepogodov (Vorskla Poltava, 2013)
[3084061] Failed to build match row: CD Mensajero vs SD Compostela
[2583579] Could not find attributes for boris kleyman (Beitar Jerusalem, 2015)
[2505102] Failed to build match row: Motherwell Football Club vs St. Johnstone FC
[3256803] Could not find attributes for mikhail levashov (Arsenal Tula, 2019)
[2335721] Failed to build match row: Vorskla Poltava vs FK Sevastopol (- 2014)
[2777955] Could not find attributes for pedro tiba (Sporting Clube de Braga, 2016)
[2583579] Failed to build match row: Beitar Jerusalem vs Ordabasy Shymkent
[2777955] Failed to build match row: Sporting Clube de Braga vs SC Covilhã
[2460561] Could not find attributes for phil draper (Aberystwyth Town, 2014)
[3256803] Failed to build match row: Arsenal Tula vs Ural Yekaterinburg
[2482475] Could not find attributes for rod fanni (Olympique de Marseille, 2014)
[2478859] Could not find attributes for ignazio abate (Associazione Calcio Milan, 2014)
[2460561] Failed to build match row: Aberystwyth Town vs Derry City
[3069743] Could not find attributes for mostapha el kabir (MKE Ankaragücü, 2018)
[2478859] Failed to build match row: Associazione Calcio Milan vs Cagliari Calcio
[2482475] Failed to build match row: Olympique de Marseille vs SC Bastia
[2493706] Could not find attributes for aleksandr malyshev (Shinnik Yaroslavl, 2014)
[3069743] Failed to build match row: MKE Ankaragücü vs Akhisarspor
[2493706] Failed to build match row: Shinnik Yaroslavl vs FK Dinamo Moskva
[2351326] Could not find attributes for giray kacar (Trabzonspor Kulübü, 2013)
[3100101] Could not find attributes for aleksandr belenov (FK Ufa, 2018)
[2594045] Failed to build match row: Fenerbahçe Spor Kulübü vs Sivasspor
[2754324] Could not find attributes for joaozinho (FK Krasnodar, 2016)
[3100101] Failed to build match row: FK Ufa vs PFK CSKA Moskva

Keepers & outfield error for **Málaga CF** in Málaga CF vs Villarreal Club de Fútbol S.A.D.: Numbers: 0 and 11.
[2351326] Failed to build match row: Trabzonspor Kulübü vs Dinamo Minsk
[3232167] Could not find attributes for jaap esser (VV Kloetinge, 2019)
[2754324] Failed to build match row: FK Krasnodar vs Olympique Gymnaste Club Nice Côte d'Azur
[2899907] Failed to build match row: Málaga CF vs Villarreal Club de Fútbol S.A.D.
[2366508] Could not find attributes for mikkel knudstrup (Hvidovre IF, 2013)
[3232167] Failed to build match row: VV Kloetinge vs FC Lienden
[2366508] Failed to build match row: Hvidovre IF vs Brøndby Idrætsforening
[2866182] Could not find attributes for luka bilobrk (NK Siroki Brijeg, 2017)
[2722761] Could not find attributes for erkan kas (Kayserispor Kulübü, 2016)
[2866182] Failed to build match row: NK Siroki Brijeg vs Ordabasy Shymkent
[2722761] Failed to build match row: Kayserispor Kulübü vs Fenerbahçe Spor Kulübü
[2604116] Could not find attributes for gianluigi donnarumma (Associazione Calcio Milan, 2015)
[2604116] Failed to build match row: AC Carpi vs Associazione Calcio Milan
[3298473] Could not find attributes for mikhail levashov (Arsenal Tula, 2019)
[3298473] Failed to build match row: Arsenal Tula vs FC Rubin Kazan
[2646023] Could not find attributes for marcus rashford (Manchester United Football Club, 2015)
[2646023] Failed to build match row: Manchester United Football Club vs Fodbold Club Midtjylland
Not enough players found for lineup: 11, 0.
[2384499] Failed to scrape lineup: https://www.transfermarkt.co.uk/spielbericht/index/spielbericht/2384499
[3223100] Could not find attributes for afriyie acquah (Yeni Malatyaspor, 2019)
[3223100] Failed to build match row: Kasımpaşa A.Ş. vs Yeni Malatyaspor
[3212685] Could not find attributes for ivo pinto (Futebol Clube de Famalicão, 2019)
[3212685] Failed to build match row: Futebol Clube de Famalicão vs Boavista FC
[2470344] Could not find attributes for kaan kanak (Eskisehirspor, 2014)
[2527973] Could not find attributes for marcos angeleri (Málaga CF, 2014)
[2527973] Failed to build match row: Athletic Club Bilbao vs Málaga CF
[2470344] Failed to build match row: Eskisehirspor vs Trabzonspor Kulübü
Not enough players found for lineup: 0, 0.
[2578180] Could not find attributes for erik pieters (Stoke City, 2015)
[2624574] Failed to scrape lineup: https://www.transfermarkt.co.uk/spielbericht/index/spielbericht/2624574
[2578180] Failed to build match row: Stoke City vs Southampton FC
[2335722] Could not find attributes for yuriy pankiv (Metalurg Donetsk (- 2015), 2013)
[2335722] Failed to build match row: Metalurg Donetsk (- 2015) vs Goverla Uzhgorod (- 2016)
[2505103] Could not find attributes for callum booth (Partick Thistle FC, 2014)
[2505103] Failed to build match row: Partick Thistle FC vs Saint Mirren Football Club
[3058441] Could not find attributes for havard nordtveit (Turn- und Sportgemeinschaft 1899 Hoffenheim Fußball-Spielbetriebs, 2018)
[3058441] Failed to build match row: Fortuna Düsseldorf vs Turn- und Sportgemeinschaft 1899 Hoffenheim Fußball-Spielbetriebs
[2700843] Could not find attributes for bersant celina (Football Club Twente, 2016)
[2700843] Failed to build match row: Football Club Twente vs Willem II Tilburg
[3209353] Could not find attributes for matic kotnik (Panionios Athens, 2019)
[2583580] Could not find attributes for charalampos kyriakou (Apollon Limassol, 2015)
[3209353] Failed to build match row: Panthessalonikios Athlitikos Omilos Konstantinoupoliton vs Panionios Athens
[2919894] Could not find attributes for zeca (Football Club København, 2017)
[2919894] Failed to build match row: Футбольный клуб "Локомотив" Москва vs Football Club København
[2583580] Failed to build match row: Apollon Limassol vs FC Saxan Ceadir-Lunga
[2594046] Could not find attributes for adem buyuk (Kasımpaşa A.Ş., 2015)

Keepers & outfield error for **Vitesse Arnhem** in Vitesse Arnhem vs Willem II Tilburg: Numbers: 0 and 11.
[2594046] Failed to build match row: Kasımpaşa A.Ş. vs Trabzonspor Kulübü
[3141107] Failed to build match row: Vitesse Arnhem vs Willem II Tilburg

Keepers & outfield error for **Alaves** in Alaves vs Athletic Club Bilbao: Numbers: 2 and 9.
[3256804] Could not find attributes for vadim karpov (PFK CSKA Moskva, 2019)
[2899908] Failed to build match row: Alaves vs Athletic Club Bilbao
[2611188] Could not find attributes for sergiy chernobay (FK Ternopil, 2015)
[3256804] Failed to build match row: PFK CSKA Moskva vs FK Krasnodar
[2611188] Failed to build match row: FK Ternopil vs Metalurg Zaporizhya (-2016)
 Football Club: Numbers: 2 and 9.
[3223101] Could not find attributes for emmanuel adebayor (Kayserispor Kulübü, 2019)
[2482476] Could not find attributes for alioun fall (Thonon Évian Grand Genève FC, 2014)
[3201257] Failed to build match row: Ross County FC vs Livingston Football Club
[2698123] Could not find attributes for jose cholevas (Watford FC, 2016)
[3069744] Could not find attributes for merih demiral (Alanyaspor, 2018)
[3298474] Could not find attributes for soslan dzhanaev (FK Sochi, 2019)
[3223101] Failed to build match row: Kayserispor Kulübü vs Fenerbahçe Spor Kulübü

Keepers & outfield error for **Aberdeen Football Club** in Hamilton Academical FC vs Aberdeen Football Club: Numbers: 0 and 11.
[2482476] Failed to build match row: SM Caen vs Thonon Évian Grand Genève FC
[2698123] Failed to build match row: Watford FC vs Association Football Club Bournemouth
Not enough players found for lineup: 0, 11.
[2351339] Could not find attributes for alexandre barthe (Ludogorets Razgrad, 2013)
[3298474] Failed to build match row: FK Sochi vs FK Krasnodar
[3395460] Failed to build match row: Hamilton Academical FC vs Aberdeen Football Club
Not enough players found for lineup: 0, 0.
Not enough players found for lineup: 0, 0.
[3069744] Failed to build match row: Alanyaspor vs Trabzonspor Kulübü
[2366509] Failed to scrape lineup: https://www.transfermarkt.co.uk/spielbericht/index/spielbericht/2366509

Keepers & outfield error for **Stade Reims** in Stade Reims vs Olympique de Marseille: Numbers: 2 and 9.
[2384500] Failed to scrape lineup: https://www.transfermarkt.co.uk/spielbericht/index/spielbericht/2384500
[2754325] Could not find attributes for ibrahim sehic (Qarabağ FK, 2016)
[2351339] Failed to build match row: Ludogorets Razgrad vs Fudbalski Klub Partizan Beograd
[2728635] Could not find attributes for anastasios avlonitis (Heart of Midlothian Football Club, 2016)
[3047748] Failed to build match row: Stade Reims vs Olympique de Marseille
[2624575] Failed to scrape lineup: https://www.transfermarkt.co.uk/spielbericht/index/spielbericht/2624575
[2866183] Could not find attributes for steve borg (Valletta FC, 2017)
[2894104] Could not find attributes for dominik livakovic (GNK Dinamo Zagreb, 2017)
[2883925] Could not find attributes for jailton paraiba (Gençlerbirliği Spor Kulübü, 2017)
[2754325] Failed to build match row: Associazione Calcio Fiorentina vs Qarabağ FK
[2866183] Failed to build match row: Valletta FC vs SS Folgore/Falciano
[2505104] Could not find attributes for kostadin gadzhalov (Dundee Football Club, 2014)
[2728635] Failed to build match row: Heart of Midlothian Football Club vs The Celtic Football Club
[2883925] Failed to build match row: Gençlerbirliği Spor Kulübü vs Kayserispor Kulübü
[2894104] Failed to build match row: GNK Dinamo Zagreb vs Odds BK
[2505104] Failed to build match row: Dundee Football Club vs Partick Thistle FC
[3100102] Could not find attributes for nikolay rasskazov (FK Spartak Moskva, 2018)
[3100102] Failed to build match row: FK Spartak Moskva vs RFK Akhmat Grozny
[2335723] Could not find attributes for igor lytovka (FK Sevastopol (- 2014), 2013)

Keepers & outfield error for **FC Paços de Ferreira** in FC Paços de Ferreira vs Portimonense SC: Numbers: 2 and 9.

Keepers & outfield error for **Espanol** in Sevilla Fútbol Club S.A.D. vs Espanol: Numbers: 2 and 9.
[2470345] Could not find attributes for fatih ciplak (Sivasspor, 2014)
[2335723] Failed to build match row: FK Sevastopol (- 2014) vs FK Mariupol
[2527974] Failed to build match row: Sevilla Fútbol Club S.A.D. vs Espanol
[2470345] Failed to build match row: Sivasspor vs Kasımpaşa A.Ş.
[3212686] Failed to build match row: FC Paços de Ferreira vs Portimonense SC
[2700844] Could not find attributes for ognjen gnjatic (Roda JC Kerkrade, 2016)
[2700844] Failed to build match row: Eindhovense Voetbalvereniging Philips Sport Vereniging vs Roda JC Kerkrade

Keepers & outfield error for **Alaves** in Alaves vs Málaga CF: Numbers: 2 and 9.
[2722762] Could not find attributes for luccas claro (Gençlerbirliği Spor Kulübü, 2016)
[2718783] Failed to build match row: Alaves vs Málaga CF
[2722762] Failed to build match row: Gençlerbirliği Spor Kulübü vs Ankaraspor
[3141108] Could not find attributes for lasse schone (AFC Ajax Amsterdam, 2018)
[3141108] Failed to build match row: AFC Ajax Amsterdam vs Nooit Opgeven Altijd Doorzetten Aangenaam Door Vermaak En Nuttig Door Ontspanning Combinatie Breda
Not enough players found for lineup: 0, 0.
[2326914] Failed to scrape lineup: https://www.transfermarkt.co.uk/spielbericht/index/spielbericht/2326914

Keepers & outfield error for **SD Eibar** in Rayo Vallecano de Madrid S. A. D. vs SD Eibar: Numbers: 2 and 9.
[3079478] Failed to build match row: Rayo Vallecano de Madrid S. A. D. vs SD Eibar
[2493707] Could not find attributes for aleksandr sautin (Fakel Voronezh, 2014)
[2493707] Failed to build match row: Fakel Voronezh vs Torpedo Moscow
[2604118] Could not find attributes for albano bizzarri (Chievo Verona, 2015)
[2604118] Failed to build match row: Frosinone Calcio vs Chievo Verona

Keepers & outfield error for **Rangers Football Club** in Saint Mirren Football Club vs Rangers Football Club: Numbers: 2 and 9.
[3201258] Failed to build match row: Saint Mirren Football Club vs Rangers Football Club
[2919895] Could not find attributes for zvonimir mikulic (FC Sheriff Tiraspol, 2017)
[3298475] Could not find attributes for aleksandr belenov (FK Ufa, 2019)
[2460562] Could not find attributes for janis krumins (FK Daugava Riga, 2014)
[2611189] Failed to scrape lineup: https://www.transfermarkt.co.uk/spielbericht/index/spielbericht/2611189
[3256805] Could not find attributes for sergey ryzhikov (PFK Krylya Sovetov Samara, 2019)
[3298475] Failed to build match row: PFK CSKA Moskva vs FK Ufa
[2460562] Failed to build match row: FK Daugava Riga vs Aberdeen Football Club
[2919895] Failed to build match row: FC Sheriff Tiraspol vs FC Trinity Zlin
[3256805] Failed to build match row: PFK Krylya Sovetov Samara vs PFK Tambov (-2021)
[3069745] Could not find attributes for trezeguet (Kasımpaşa A.Ş., 2018)
[3058443] Could not find attributes for steven zuber (Turn- und Sportgemeinschaft 1899 Hoffenheim Fußball-Spielbetriebs, 2018)
[2583581] Could not find attributes for vladimir plotnikov (Kairat Almaty, 2015)
[3069745] Failed to build match row: Galatasaray Spor Kulübü vs Kasımpaşa A.Ş.
[3058443] Failed to build match row: Turn- und Sportgemeinschaft 1899 Hoffenheim Fußball-Spielbetriebs vs Borussia Dortmund
[2583581] Failed to build match row: Kairat Almaty vs Fudbalski klub Crvena zvezda Beograd

Keepers & outfield error for **Rio Ave Futebol Clube** in Rio Ave Futebol Clube vs SC Covilhã: Numbers: 0 and 11.
[3084062] Could not find attributes for fran morante (Internacional de Madrid (-2023), 2018)
[2482477] Could not find attributes for thibault giresse (EA Guingamp, 2014)
[3084062] Failed to build match row: Internacional de Madrid (-2023) vs CF Fuenlabrada
[2482477] Failed to build match row: AS Saint-Étienne vs EA Guingamp
[2777957] Failed to build match row: Rio Ave Futebol Clube vs SC Covilhã
Not enough players found for lineup: 0, 0.
[2624576] Failed to scrape lineup: https://www.transfermarkt.co.uk/spielbericht/index/spielbericht/2624576
[3232168] Could not find attributes for martijn van kessel (Blauw Geel '38 / Jumbo, 2019)
[3232168] Failed to build match row: Blauw Geel '38 / Jumbo vs VV Sliedrecht

Keepers & outfield error for **Aberdeen Football Club** in Hamilton Academical FC vs Aberdeen Football Club: Numbers: 0 and 11.
[2505105] Failed to build match row: Hamilton Academical FC vs Aberdeen Football Club
Not enough players found for lineup: 0, 0.
[2326915] Failed to scrape lineup: https://www.transfermarkt.co.uk/spielbericht/index/spielbericht/2326915
[2958539] Could not find attributes for zouheir laaroubi (Wydad Casablanca, 2017)

Keepers & outfield error for **Celta** in Real Madrid Club de Fútbol vs Celta: Numbers: 0 and 11.
[2958539] Failed to build match row: Promotora del Club Pachuca S. A. de C. V. vs Wydad Casablanca
[2899910] Failed to build match row: Real Madrid Club de Fútbol vs Celta
[2351340] Could not find attributes for nektarios alexandrou (APOEL Nicosia, 2013)
[2754326] Could not find attributes for david hovorka (FC Slovan Liberec, 2016)
[2351340] Failed to build match row: APOEL Nicosia vs NK Maribor
[2754326] Failed to build match row: FC Slovan Liberec vs Panthessalonikios Athlitikos Omilos Konstantinoupoliton
[2873138] Could not find attributes for dmitriy tarasov (Футбольный клуб "Локомотив" Москва, 2017)
[2873138] Failed to build match row: PFK CSKA Moskva vs Футбольный клуб "Локомотив" Москва
[2478860] Could not find attributes for molla wague (Udinese Calcio, 2014)
[2722763] Could not find attributes for abdoul wahid sissoko (Akhisarspor, 2016)
[2722763] Failed to build match row: Galatasaray Spor Kulübü vs Akhisarspor
[2470346] Could not find attributes for umut bulut (Galatasaray Spor Kulübü, 2014)
[2478860] Failed to build match row: Udinese Calcio vs Associazione Calcio Fiorentina
[2470346] Failed to build match row: Galatasaray Spor Kulübü vs Gençlerbirliği Spor Kulübü
[3141109] Could not find attributes for adam maher (Alkmaar Zaanstreek, 2018)
[3209354] Could not find attributes for anestis nastos (Omilos Filathlon Irakliou FC, 2019)
[2894105] Could not find attributes for dominik livakovic (GNK Dinamo Zagreb, 2017)
[2646025] Could not find attributes for sabri sarioglu (Galatasaray Spor Kulübü, 2015)
[2894105] Failed to build match row: Odds BK vs GNK Dinamo Zagreb
o
[2700845] Could not find attributes for dan crowley (Go Ahead Eagles, 2016)
[3209354] Failed to build match row: Panathinaikos Athlitikos Omilos vs Omilos Filathlon Irakliou FC
[2646025] Failed to build match row: Società Sportiva Lazio S.p.A. vs Galatasaray Spor Kulübü
[2594047] Could not find attributes for dorukhan tokoz (Eskisehirspor, 2015)
[2700845] Failed to build match row: Sportclub Heerenveen vs Go Ahead Eagles
[2335724] Could not find attributes for oleksandr nad (Goverla Uzhgorod (- 2016), 2013)
[3100103] Could not find attributes for evgeniy frolov (FC Orenburg, 2018)
[2594047] Failed to build match row: Eskisehirspor vs Gençlerbirliği Spor Kulübü
[2335724] Failed to build match row: Goverla Uzhgorod (- 2016) vs FC Zorya Lugansk
[3100103] Failed to build match row: FC Orenburg vs AO FK Zenit Sankt-Peterburg
[2728636] Could not find attributes for elliott frear (Motherwell Football Club, 2016)
[2728636] Failed to build match row: Motherwell Football Club vs Inverness Caledonian Thistle FC
[3256806] Could not find attributes for egor baburin (FK Rostov, 2019)
[3256806] Failed to build match row: FK Rostov vs FK Dinamo Moskva

Keepers & outfield error for **FC Paços de Ferreira** in Sport Lisboa e Benfica vs FC Paços de Ferreira: Numbers: 0 and 11.
[2777962] Failed to build match row: Sport Lisboa e Benfica vs FC Paços de Ferreira
Not enough players found for lineup: 0, 11.
[3232169] Failed to scrape lineup: https://www.transfermarkt.co.uk/spielbericht/index/spielbericht/3232169

Keepers & outfield error for **Ross County FC** in Aberdeen Football Club vs Ross County FC: Numbers: 2 and 9.
[3201259] Failed to build match row: Aberdeen Football Club vs Ross County FC
[3298476] Could not find attributes for sergey pesjakov (FK Rostov, 2019)
[3298476] Failed to build match row: FK Rostov vs Футбольный клуб "Локомотив" Москва
[2470347] Could not find attributes for fatih ciplak (Sivasspor, 2014)
[2470347] Failed to build match row: Kardemir Karabükspor vs Sivasspor
Not enough players found for lineup: 0, 0.
[2326917] Failed to scrape lineup: https://www.transfermarkt.co.uk/spielbericht/index/spielbericht/2326917
[2698125] Could not find attributes for markus henriksen (Hull City, 2016)
[2698125] Failed to build match row: Hull City vs Chelsea Football Club
[2335725] Could not find attributes for krsevan santini (FC Zorya Lugansk, 2013)
[2335725] Failed to build match row: FC Shakhtar Donetsk vs FC Zorya Lugansk
[2505107] Could not find attributes for raffaele de vita (Ross County FC, 2014)
[2505107] Failed to build match row: Ross County FC vs Motherwell Football Club

Keepers & outfield error for **CD Leganés** in CD Leganés vs Sevilla Fútbol Club S.A.D.: Numbers: 3 and 8.
[2718784] Failed to build match row: CD Leganés vs Sevilla Fútbol Club S.A.D.
[3256807] Could not find attributes for yaroslav rakitskyi (AO FK Zenit Sankt-Peterburg, 2019)
[3256807] Failed to build match row: Футбольный клуб "Локомотив" Москва vs AO FK Zenit Sankt-Peterburg
[3212687] Could not find attributes for dimitar sheytanov (Desportivo Aves (- 2020), 2019)
[3209355] Could not find attributes for christopher knett (Panetolikos Agrinio, 2019)
[3212687] Failed to build match row: Desportivo Aves (- 2020) vs Sport Lisboa e Benfica
[3209355] Failed to build match row: Panetolikos Agrinio vs AO Xanthi
[2646026] Could not find attributes for ricardo ferreira (Sporting Clube de Braga, 2015)
[2646026] Failed to build match row: Sporting Clube de Braga vs FC Sion
[2754327] Could not find attributes for ondrej mazuch (AC Sparta Praha, a. s., 2016)
[2894106] Could not find attributes for predrag rajkovic (Maccabi Tel Aviv, 2017)
[2342334] Failed to scrape lineup: https://www.transfermarkt.co.uk/fc-utrecht_roda-jc-kerkrade/index/spielbericht/2342334
[2894106] Failed to build match row: Maccabi Tel Aviv vs Panionios Athens
b Internazionale Milano S.p.A.
[2700846] Could not find attributes for ouasim bouy (Prins Hendrik Ende Desespereert Nimmer Combinatie Zwolle, 2016)
[2700846] Failed to build match row: Prins Hendrik Ende Desespereert Nimmer Combinatie Zwolle vs Vitesse Arnhem
[2384501] Could not find attributes for iosif daskalakis (Omilos Filathlon Irakliou FC, 2013)
[2384501] Failed to build match row: Omilos Filathlon Irakliou FC vs AEL Kalloni
[3223103] Could not find attributes for ponck (İstanbul Başakşehir Futbol Kulübü, 2019)
[3223103] Failed to build match row: İstanbul Başakşehir Futbol Kulübü vs MKE Ankaragücü
Not enough players found for lineup: 0, 0.
[2624577] Failed to scrape lineup: https://www.transfermarkt.co.uk/spielbericht/index/spielbericht/2624577

Keepers & outfield error for **Göztepe Sportif Yatırımlar A.Ş.** in Göztepe Sportif Yatırımlar A.Ş. vs Kayserispor Kulübü: Numbers: 0 and 11.

Keepers & outfield error for **Heart of Midlothian Football Club** in Heart of Midlothian Football Club vs Hamilton Academical FC: Numbers: 2 and 9.
[3069746] Failed to build match row: Göztepe Sportif Yatırımlar A.Ş. vs Kayserispor Kulübü
[3201260] Failed to build match row: Heart of Midlothian Football Club vs Hamilton Academical FC
[2919896] Could not find attributes for jander (Apollon Limassol, 2017)
[2866184] Could not find attributes for andrejs pavlovs (JFK Ventspils, 2017)
[2698126] Could not find attributes for gareth mcauley (West Bromwich Albion, 2016)
[2919896] Failed to build match row: Olympique Lyonnais vs Apollon Limassol
[2460563] Could not find attributes for lars herlofsen (Tromsø Idrettslag, 2014)
[2698126] Failed to build match row: West Bromwich Albion vs Tottenham Hotspur Football Club
[2866184] Failed to build match row: JFK Ventspils vs Valur Reykjavík
[2460563] Failed to build match row: Tromsø Idrettslag vs FC Santos Tartu
[3047750] Could not find attributes for youssouf fofana (Racing Club de Strasbourg Alsace, 2018)

Keepers & outfield error for **Real Valladolid CF** in Real Valladolid CF vs CD Leganés: Numbers: 2 and 9.
[3047750] Failed to build match row: AS Saint-Étienne vs Racing Club de Strasbourg Alsace
[3079480] Failed to build match row: Real Valladolid CF vs CD Leganés
[3141110] Could not find attributes for ben rienstra (Sportclub Heerenveen, 2018)
Not enough players found for lineup: 0, 0.
[2527979] Failed to scrape lineup: https://www.transfermarkt.co.uk/spielbericht/index/spielbericht/2527979
[3141110] Failed to build match row: Sportclub Heerenveen vs Willem II Tilburg
[2583582] Could not find attributes for ratko dujkovic (HSK Zrinjski Mostar, 2015)
[2583582] Failed to build match row: HSK Zrinjski Mostar vs FC Shirak Gyumri
[2728637] Could not find attributes for niall keown (Partick Thistle FC, 2016)
[2728637] Failed to build match row: Partick Thistle FC vs St. Johnstone FC
Not enough players found for lineup: 0, 0.
[2326918] Failed to scrape lineup: https://www.transfermarkt.co.uk/spielbericht/index/spielbericht/2326918
[2482478] Could not find attributes for janis ikaunieks (Football Club de Metz, 2014)
[2718785] Could not find attributes for andreas pereira (Granada CF, 2016)
[2482478] Failed to build match row: Football Club de Metz vs Lille Olympique Sporting Club
[2718785] Failed to build match row: Club Atlético de Madrid S.A.D. vs Granada CF
[3395461] Could not find attributes for guy melamed (St. Johnstone FC, 2020)
[2873140] Could not find attributes for mladen kascelan (FC Tosno (-2018), 2017)
[3395461] Failed to build match row: Hibernian Football Club vs St. Johnstone FC
[2873140] Failed to build match row: FK Krasnodar vs FC Tosno (-2018)
[2611190] Could not find attributes for oleksandr lytvynenko (PFK Sumy (-2019), 2015)
[3209356] Could not find attributes for markos vellidis (PAS Lamia 1964, 2019)
[3256808] Could not find attributes for oleg baklov (Ural Yekaterinburg, 2019)
[2611190] Failed to build match row: PFK Sumy (-2019) vs FK Obolon Kyiv
[3209356] Failed to build match row: PAS Lamia 1964 vs APS Atromitos Athinon
[3256808] Failed to build match row: Ural Yekaterinburg vs PFK CSKA Moskva
[3069747] Could not find attributes for david braz (Sivasspor, 2018)
[3069747] Failed to build match row: Sivasspor vs Erzurumspor FK
[2624871] Could not find attributes for david hubert (Royal Excel Mouscron (-2022), 2015)
[2624871] Failed to build match row: Royal Excel Mouscron (-2022) vs Club Brugge Koninklijke Voetbalvereniging
[2919897] Could not find attributes for beni baningime (Everton Football Club, 2017)
[3100104] Could not find attributes for yuriy dyupin (Anzhi Makhachkala ( -2022), 2018)
[3232170] Could not find attributes for wouter lankheet (HSC '21 Haaksbergen, 2019)
[3100104] Failed to build match row: Anzhi Makhachkala ( -2022) vs FK Krasnodar
[2919897] Failed to build match row: Everton Football Club vs Atalanta Bergamasca Calcio S.p.a.
[2894107] Could not find attributes for matic kotnik (Panionios Athens, 2017)
[2493708] Could not find attributes for artem shtanko (Luch Vladivostok, 2014)
[3232170] Failed to build match row: HSC '21 Haaksbergen vs VV SteDoCo
[2493708] Failed to build match row: Luch Vladivostok vs FC Rubin Kazan
[2894107] Failed to build match row: Panionios Athens vs Maccabi Tel Aviv
Not enough players found for lineup: 0, 0.
[2646027] Could not find attributes for younes belhanda (FC Schalke 04, 2015)
[2698127] Could not find attributes for jose cholevas (Watford FC, 2016)
[2527980] Failed to scrape lineup: https://www.transfermarkt.co.uk/spielbericht/index/spielbericht/2527980
[2646027] Failed to build match row: FC Schalke 04 vs FC Shakhtar Donetsk
[2698127] Failed to build match row: Middlesbrough FC vs Watford FC

Keepers & outfield error for **Girona Fútbol Club S. A. D.** in Athletic Club Bilbao vs Girona Fútbol Club S. A. D.: Numbers: 0 and 11.

Keepers & outfield error for **Akhisarspor** in Akhisarspor vs Ankaraspor: Numbers: 2 and 9.
[2754328] Could not find attributes for dudu goresh (Hapoel Beer Sheva, 2016)
[2754328] Failed to build match row: Hapoel Beer Sheva vs Southampton FC
[2594048] Failed to build match row: Akhisarspor vs Ankaraspor
[3079485] Failed to build match row: Athletic Club Bilbao vs Girona Fútbol Club S. A. D.
[2866185] Could not find attributes for ignas plukas (FK Trakai, 2017)
[2866185] Failed to build match row: St. Johnstone FC vs FK Trakai
[2384502] Could not find attributes for manolis stefanakos (Panetolikos Agrinio, 2013)
[2384502] Failed to build match row: Panetolikos Agrinio vs APS Atromitos Athinon

Keepers & outfield error for **Vitória Sport Clube** in Vitória Sport Clube vs CS Marítimo: Numbers: 0 and 11.
[3212688] Failed to build match row: Vitória Sport Clube vs CS Marítimo
[2728638] Could not find attributes for ryan nektarios edwards (Partick Thistle FC, 2016)
[2873141] Could not find attributes for aleksandr belenov (FK Ufa, 2017)
[3209357] Could not find attributes for markos vellidis (PAS Lamia 1964, 2019)
[2728638] Failed to build match row: Aberdeen Football Club vs Partick Thistle FC
[3209357] Failed to build match row: Athlitiki Enosi Konstantinoupoleos vs PAS Lamia 1964
[2873141] Failed to build match row: FK Ufa vs FK Spartak Moskva
[2505109] Could not find attributes for stevie mallan (Saint Mirren Football Club, 2014)
[2505109] Failed to build match row: Saint Mirren Football Club vs Inverness Caledonian Thistle FC
[2470349] Could not find attributes for guy michel landel (Gençlerbirliği Spor Kulübü, 2014)
[2470349] Failed to build match row: Gençlerbirliği Spor Kulübü vs Mersin Talimyurdu SK
index/spielbericht/3069748
[3256809] Could not find attributes for yuriy dyupin (FC Rubin Kazan, 2019)
[3256809] Failed to build match row: FC Rubin Kazan vs FK Ufa
[3100105] Could not find attributes for anton shunin (FK Dinamo Moskva, 2018)
[2894108] Could not find attributes for matus macik (MFK Ruzomberok, 2017)

Keepers & outfield error for **Chelsea Football Club** in Chelsea Football Club vs Leicester City: Numbers: 2 and 9.
[2894108] Failed to build match row: Everton Football Club vs MFK Ruzomberok
отив" Москва vs FK Dinamo Moskva
[2698128] Failed to build match row: Chelsea Football Club vs Leicester City
[3201262] Failed to scrape lineup: https://www.transfermarkt.co.uk/motherwell-fc_hibernian-fc/index/spielbericht/3201262
[2331996] Could not find attributes for modibo maiga (West Ham United Football Club, 2013)
[2331996] Failed to build match row: Manchester United Football Club vs West Ham United Football Club
[3058447] Could not find attributes for oscar wendt (Mönchengladbach, 2018)
[3079486] Failed to scrape lineup: https://www.transfermarkt.co.uk/real-betis-balompie_rayo-vallecano/index/spielbericht/3079486
[3058447] Failed to build match row: Hertha BSC vs Mönchengladbach
[2866186] Failed to scrape lineup: https://www.transfermarkt.co.uk/spielbericht/index/spielbericht/2866186
[3141111] Could not find attributes for michiel kramer (Football Club Utrecht, 2018)
[3141111] Failed to build match row: Heracles Almelo vs Football Club Utrecht
[2728639] Failed to scrape lineup: https://www.transfermarkt.co.uk/rangers-fc_ross-county-fc/index/spielbericht/2728639
[2700849] Failed to scrape lineup: https://www.transfermarkt.co.uk/fc-utrecht_ado-den-haag/index/spielbericht/2700849
[2611191] Could not find attributes for andriy yakovets (Avangard Kramatorsk, 2015)
[2611191] Failed to build match row: Avangard Kramatorsk vs FC Oleksandriya
[3069749] Failed to scrape lineup: https://www.transfermarkt.co.uk/caykur-rizespor_bursaspor/index/spielbericht/3069749
[2754329] Could not find attributes for andris vanins (FC Zürich, 2016)
[2754329] Failed to build match row: FC Zürich vs Ankaraspor
[2384503] Could not find attributes for athanasios panteliadis (Apollon Smyrnis, 2013)
[2384503] Failed to build match row: Apollon Smyrnis vs Niki Volou

Keepers & outfield error for **Royal Antwerp Football Club** in Royal Antwerp Football Club vs Yellow-Red Koninklijke Voetbalclub Mechelen: Numbers: 2 and 9.
[2958569] Failed to build match row: Royal Antwerp Football Club vs Yellow-Red Koninklijke Voetbalclub Mechelen
[3298477] Failed to scrape lineup: https://www.transfermarkt.co.uk/fk-tambov_krylya-sovetov-samara/index/spielbericht/3298477

Keepers & outfield error for **Aberdeen Football Club** in Aberdeen Football Club vs Saint Mirren Football Club: Numbers: 0 and 11.
[2505110] Failed to build match row: Aberdeen Football Club vs Saint Mirren Football Club
[2470350] Could not find attributes for jose sosa (Beşiktaş Jimnastik Kulübü, 2014)
[2470350] Failed to build match row: Galatasaray Spor Kulübü vs Beşiktaş Jimnastik Kulübü

Keepers & outfield error for **Deportivo de La Coruña** in Futbol Club Barcelona vs Deportivo de La Coruña: Numbers: 2 and 9.
[2718787] Failed to build match row: Futbol Club Barcelona vs Deportivo de La Coruña
[2894109] Could not find attributes for matus macik (MFK Ruzomberok, 2017)
[2894109] Failed to build match row: MFK Ruzomberok vs Everton Football Club
[3047752] Could not find attributes for julio tavares (Dijon FCO, 2018)
[3047752] Failed to build match row: Dijon FCO vs Olympique de Marseille
[3141112] Could not find attributes for adam maher (Alkmaar Zaanstreek, 2018)
[3141112] Failed to build match row: Alkmaar Zaanstreek vs Fortuna Sittardia Combinatie
[2722765] Could not find attributes for erkan kas (Kayserispor Kulübü, 2016)
[2722765] Failed to build match row: Galatasaray Spor Kulübü vs Kayserispor Kulübü
Not enough players found for lineup: 0, 0.
[3209358] Could not find attributes for christos lisgaras (AO Xanthi, 2019)
[3209358] Failed to build match row: AO Xanthi vs A.G.S Asteras Tripolis

Keepers & outfield error for **Göztepe Sportif Yatırımlar A.Ş.** in Göztepe Sportif Yatırımlar A.Ş. vs Yeni Malatyaspor: Numbers: 0 and 11.
[2326919] Failed to scrape lineup: https://www.transfermarkt.co.uk/spielbericht/index/spielbericht/2326919
[3223105] Failed to build match row: Göztepe Sportif Yatırımlar A.Ş. vs Yeni Malatyaspor
Not enough players found for lineup: 0, 0.
[2527981] Failed to scrape lineup: https://www.transfermarkt.co.uk/spielbericht/index/spielbericht/2527981
[2754330] Could not find attributes for alexandru bourceanu (SC Fotbal Club FCSB SA, 2016)
[2482480] Could not find attributes for didier ndong (Football Club Lorient-Bretagne Sud, 2014)
[2754330] Failed to build match row: SC Fotbal Club FCSB SA vs Villarreal Club de Fútbol S.A.D.
[2624873] Could not find attributes for oleksandr volovyk (Oud-Heverlee Leuven, 2015)
[2482480] Failed to build match row: Football Club Lorient-Bretagne Sud vs Association sportive de Monaco Football Club
[2624873] Failed to build match row: KV Kortrijk vs Oud-Heverlee Leuven

Keepers & outfield error for **Clube Desportivo Santa Clara** in Clube Desportivo Santa Clara vs Vitória Sport Clube: Numbers: 2 and 9.

Keepers & outfield error for **SD Eibar** in SD Eibar vs Levante Unión Deportiva S.A.D.: Numbers: 2 and 9.
[3212689] Failed to build match row: Clube Desportivo Santa Clara vs Vitória Sport Clube
[3256810] Could not find attributes for andrey klimovich (FC Orenburg, 2019)
[3079487] Failed to build match row: SD Eibar vs Levante Unión Deportiva S.A.D.
[3256810] Failed to build match row: FK Spartak Moskva vs FC Orenburg

Keepers & outfield error for **Rangers Football Club** in Rangers Football Club vs The Celtic Football Club: Numbers: 2 and 9.
[3201263] Failed to build match row: Rangers Football Club vs The Celtic Football Club
[2351343] Could not find attributes for milos ostojic (Fudbalski Klub Partizan Beograd, 2013)
[2351343] Failed to build match row: Fudbalski Klub Partizan Beograd vs Ludogorets Razgrad
[2919898] Could not find attributes for andrej prskalo (Hrvatski Nogometni Klub Rijeka, 2017)
[2919898] Failed to build match row: Athlitiki Enosi Konstantinoupoleos vs Hrvatski Nogometni Klub Rijeka
[3069750] Could not find attributes for caner erkin (Beşiktaş Jimnastik Kulübü, 2018)
[3069750] Failed to build match row: Beşiktaş Jimnastik Kulübü vs Yeni Malatyaspor
[3232460] Could not find attributes for dmitriy guzj (FC Ararat-Armenia, 2019)
[3232460] Failed to build match row: FC Ararat-Armenia vs Iberia 1999 Tbilisi

Keepers & outfield error for **Palermo FC** in Chievo Verona vs Palermo FC: Numbers: 0 and 11.
[2478864] Failed to build match row: Chievo Verona vs Palermo FC
[2594049] Could not find attributes for serkan kirintili (Konyaspor, 2015)
[2594049] Failed to build match row: Beşiktaş Jimnastik Kulübü vs Konyaspor
[3058448] Could not find attributes for ja cheol koo (Fußball-Club Augsburg 1907, 2018)
[3058448] Failed to build match row: Fußball-Club Augsburg 1907 vs Sportverein Werder Bremen von 1899
[3223106] Could not find attributes for farouk miya (Konyaspor, 2019)
[3223106] Failed to build match row: Sivasspor vs Konyaspor
[3047753] Could not find attributes for pedro rebocho (EA Guingamp, 2018)
[2866187] Could not find attributes for vladimir bushma (Shakhter Soligorsk, 2017)
[3047753] Failed to build match row: EA Guingamp vs Lille Olympique Sporting Club
[2866187] Failed to build match row: Shakhter Soligorsk vs FK Suduva Marijampole
[3298478] Could not find attributes for soslan dzhanaev (FK Sochi, 2019)
[3298478] Failed to build match row: FK Sochi vs FK Rostov
[3212690] Could not find attributes for ivo pinto (Futebol Clube de Famalicão, 2019)
[3141113] Could not find attributes for marios vrousai (Willem II Tilburg, 2018)
[3212690] Failed to build match row: CS Marítimo vs Futebol Clube de Famalicão
[3141113] Failed to build match row: Willem II Tilburg vs Alkmaar Zaanstreek
[3256811] Could not find attributes for matvey safonov (FK Krasnodar, 2019)
[3256811] Failed to build match row: FK Krasnodar vs Arsenal Tula

Keepers & outfield error for **UD Las Palmas** in Villarreal Club de Fútbol S.A.D. vs UD Las Palmas: Numbers: 2 and 9.
Not enough players found for lineup: 0, 0.
[2718788] Failed to build match row: Villarreal Club de Fútbol S.A.D. vs UD Las Palmas
[2527982] Failed to scrape lineup: https://www.transfermarkt.co.uk/spielbericht/index/spielbericht/2527982
[2505111] Could not find attributes for nigel hasselbaink (Hamilton Academical FC, 2014)
[2505111] Failed to build match row: The Celtic Football Club vs Hamilton Academical FC
[2460564] Could not find attributes for lukas zukauskas (FK Ekranas Panevezys (- 2014), 2014)
[2460564] Failed to build match row: FK Ekranas Panevezys (- 2014) vs Crusaders FC

Keepers & outfield error for **KAS Eupen** in KV Oostende vs KAS Eupen: Numbers: 2 and 9.
[2958570] Failed to build match row: KV Oostende vs KAS Eupen
[3232461] Could not find attributes for dominik greif (Slovan Bratislava, 2019)
[3232461] Failed to build match row: Slovan Bratislava vs Dundalk FC

Keepers & outfield error for **Manchester City Football Club** in Manchester City Football Club vs Crystal Palace Football Club: Numbers: 2 and 9.
[2331998] Failed to build match row: Manchester City Football Club vs Crystal Palace Football Club
[3209359] Could not find attributes for lindsay rose (Aris Thessalonikis, 2019)
[3209359] Failed to build match row: Aris Thessalonikis vs Panathinaikos Athlitikos Omilos
[2594050] Could not find attributes for servet cetin (Mersin Talimyurdu SK, 2015)
[2594050] Failed to build match row: Bursaspor vs Mersin Talimyurdu SK

Keepers & outfield error for **Sporting Clube de Portugal** in Bayer 04 Leverkusen Fußball vs Sporting Clube de Portugal: Numbers: 0 and 11.
[2646030] Failed to build match row: Bayer 04 Leverkusen Fußball vs Sporting Clube de Portugal
[2754873] Could not find attributes for jurgen rennar (FC-Astoria Walldorf, 2016)
[2754873] Failed to build match row: FC-Astoria Walldorf vs SV Darmstadt 98
[3395463] Could not find attributes for jay emmanuel thomas (Livingston Football Club, 2020)
[2700850] Could not find attributes for samuel armenteros (Heracles Almelo, 2016)
[2883927] Failed to scrape lineup: https://www.transfermarkt.co.uk/fenerbahce_sivasspor/index/spielbericht/2883927
[3395463] Failed to build match row: Livingston Football Club vs Motherwell Football Club
[2351344] Could not find attributes for aleksander rajcevic (NK Maribor, 2013)
Not enough players found for lineup: 0, 0.
[2700850] Failed to build match row: Nijmegen Eendracht Combinatie vs Heracles Almelo
[2351344] Failed to build match row: NK Maribor vs APOEL Nicosia
[2478865] Could not find attributes for gaby mudingayi (Cesena FC, 2014)
[2326921] Failed to scrape lineup: https://www.transfermarkt.co.uk/spielbericht/index/spielbericht/2326921
[2478865] Failed to build match row: Cesena FC vs Associazione Sportiva Roma
[3100168] Could not find attributes for yuriy nesterenko (Enisey Krasnoyarsk, 2018)
[2698131] Could not find attributes for jordi amat (Swansea City, 2016)
[3298479] Could not find attributes for yaroslav godzyur (Ural Yekaterinburg, 2019)
[3100168] Failed to build match row: Enisey Krasnoyarsk vs Ural Yekaterinburg
[3298479] Failed to build match row: Ural Yekaterinburg vs FC Rubin Kazan
[2698131] Failed to build match row: Arsenal Football Club vs Swansea City
[2384504] Could not find attributes for christos donis (Panathinaikos Athlitikos Omilos, 2013)
[3212691] Could not find attributes for fali cande (Portimonense SC, 2019)
[2384504] Failed to build match row: Panathinaikos Athlitikos Omilos vs Iraklis Psachnon
[2722766] Could not find attributes for marquinhos pedroso (Gaziantepspor (- 2020), 2016)
[3212691] Failed to build match row: Portimonense SC vs Desportivo Aves (- 2020)
[2722766] Failed to build match row: Gaziantepspor (- 2020) vs Adanaspor
Not enough players found for lineup: 0, 11.
[2866188] Could not find attributes for vujadin savic (Fudbalski klub Crvena zvezda Beograd, 2017)
[2527983] Failed to scrape lineup: https://www.transfermarkt.co.uk/spielbericht/index/spielbericht/2527983
[2866188] Failed to build match row: Fudbalski klub Crvena zvezda Beograd vs Floriana FC

Keepers & outfield error for **Fußballklub Austria Wien** in Associazione Calcio Milan vs Fußballklub Austria Wien: Numbers: 2 and 9.
[2919899] Failed to build match row: Associazione Calcio Milan vs Fußballklub Austria Wien
[2624874] Could not find attributes for valtteri moren (SK Beveren, 2015)
[2624874] Failed to build match row: SK Beveren vs KV Oostende
[3069752] Could not find attributes for trezeguet (Kasımpaşa A.Ş., 2018)
[3069752] Failed to build match row: Kasımpaşa A.Ş. vs Alanyaspor
[3256812] Could not find attributes for soslan dzhanaev (FK Sochi, 2019)
[3256812] Failed to build match row: FK Sochi vs RFK Akhmat Grozny
[2482482] Could not find attributes for taylor moore (Racing Club de Lens, 2014)
[2482482] Failed to build match row: Racing Club de Lens vs Football Club de Nantes

Keepers & outfield error for **Association sportive de Monaco Football Club** in Montpellier HSC vs Association sportive de Monaco Football Club: Numbers: 2 and 9.
[3047754] Failed to build match row: Montpellier HSC vs Association sportive de Monaco Football Club
[3084066] Could not find attributes for inigo zubiri (UP Langreo, 2018)
[2342339] Failed to scrape lineup: https://www.transfermarkt.co.uk/ado-den-haag_nec-nijmegen/index/spielbericht/2342339
[3084066] Failed to build match row: UP Langreo vs UD Logroñés
[2493709] Could not find attributes for stefan sicaci (Volgar Astrakhan, 2014)
[2894110] Could not find attributes for nils petersen (Sport-Club Freiburg, 2017)
[2493709] Failed to build match row: Volgar Astrakhan vs Arsenal Tula
[2894110] Failed to build match row: Sport-Club Freiburg vs NK Domzale
[2728642] Could not find attributes for niall keown (Partick Thistle FC, 2016)

Keepers & outfield error for **Aberdeen Football Club** in Aberdeen Football Club vs Hibernian Football Club: Numbers: 0 and 11.
[2728642] Failed to build match row: The Celtic Football Club vs Partick Thistle FC
[2366510] Could not find attributes for mathias cordua (FC Roskilde, 2013)
[3395464] Failed to build match row: Aberdeen Football Club vs Hibernian Football Club
[2366510] Failed to build match row: FC Roskilde vs FC Helsingör
[2578183] Could not find attributes for joe ledley (Crystal Palace Football Club, 2015)
Not enough players found for lineup: 0, 0.
[2470351] Could not find attributes for marcio mossoro (İstanbul Başakşehir Futbol Kulübü, 2014)
[2578183] Failed to build match row: Crystal Palace Football Club vs Leicester City
[2919900] Could not find attributes for predrag rajkovic (Maccabi Tel Aviv, 2017)
[2958571] Could not find attributes for jakov filipovic (KSC Lokeren (- 2020), 2017)
[2326922] Failed to scrape lineup: https://www.transfermarkt.co.uk/spielbericht/index/spielbericht/2326922
[2958571] Failed to build match row: St Truiden vs KSC Lokeren (- 2020)
[2351345] Could not find attributes for matej delac (Fudbalski Klub Vojvodina, 2013)
[2470351] Failed to build match row: İstanbul Başakşehir Futbol Kulübü vs Fenerbahçe Spor Kulübü
[2919900] Failed to build match row: Maccabi Tel Aviv vs SK Slavia Praha, a.s.

Keepers & outfield error for **Deportivo de La Coruña** in Deportivo de La Coruña vs Villarreal Club de Fútbol S.A.D.: Numbers: 2 and 9.
[2351345] Failed to build match row: Fudbalski Klub Vojvodina vs Bursaspor
[2899911] Failed to build match row: Deportivo de La Coruña vs Villarreal Club de Fútbol S.A.D.
[2527984] Could not find attributes for dimitrios stamou (Iraklis Thessaloniki, 2014)
[3212692] Could not find attributes for carlinhos (Vitória Setúbal FC, 2019)
[2722767] Could not find attributes for loret sadiku (Kasımpaşa A.Ş., 2016)
[3141114] Could not find attributes for ben rienstra (Sportclub Heerenveen, 2018)
[3212692] Failed to build match row: Vitória Setúbal FC vs B SAD
[2527984] Failed to build match row: Iraklis Thessaloniki vs A.G.S Asteras Tripolis
[3141114] Failed to build match row: Fortuna Sittardia Combinatie vs Sportclub Heerenveen
[2718789] Could not find attributes for florian lejeune (SD Eibar, 2016)
[2482483] Could not find attributes for olivier boscagli (Olympique Gymnaste Club Nice Côte d'Azur, 2014)
[2722767] Failed to build match row: Kasımpaşa A.Ş. vs İstanbul Başakşehir Futbol Kulübü
[2482483] Failed to build match row: Toulouse Football Club vs Olympique Gymnaste Club Nice Côte d'Azur
[2718789] Failed to build match row: Espanol vs SD Eibar
[3100169] Could not find attributes for anton shunin (FK Dinamo Moskva, 2018)
inon, 2019)
[2894111] Could not find attributes for dejan milic (NK Domzale, 2017)
[3100169] Failed to build match row: FK Dinamo Moskva vs Anzhi Makhachkala ( -2022)
[3209360] Failed to build match row: APS Atromitos Athinon vs Panthessalonikios Athlitikos Omilos Konstantinoupoliton
[2611192] Could not find attributes for gennadiy ganev (Girnyk Kryvyi Rig, 2015)
[2894111] Failed to build match row: NK Domzale vs Sport-Club Freiburg
[2611192] Failed to build match row: Girnyk Kryvyi Rig vs FK Mariupol
[2873146] Could not find attributes for aleksandr belenov (FK Ufa, 2017)
[2873146] Failed to build match row: Ural Yekaterinburg vs FK Ufa
[2335726] Could not find attributes for oleksandr shovkovskyi (Futbolniy Klub Dynamo Kyiv, 2013)
[2335726] Failed to build match row: Futbolniy Klub Dynamo Kyiv vs Metalurg Donetsk (- 2015)
[2384505] Could not find attributes for athanasios tolios (Eginiakos, 2013)
[2384505] Failed to build match row: Eginiakos vs Panionios Athens

Keepers & outfield error for **Real Valladolid CF** in Real Sociedad de Fútbol S.A.D. vs Real Valladolid CF: Numbers: 2 and 9.
[3079489] Failed to build match row: Real Sociedad de Fútbol S.A.D. vs Real Valladolid CF
[3298480] Could not find attributes for egor shamov (Arsenal Tula, 2019)
[3298480] Failed to build match row: Arsenal Tula vs FK Spartak Moskva
[2604124] Could not find attributes for albano bizzarri (Chievo Verona, 2015)
[2604124] Failed to build match row: Chievo Verona vs Atalanta Bergamasca Calcio S.p.a.
[2883929] Could not find attributes for jires kembo ekoko (Bursaspor, 2017)
[2883929] Failed to build match row: Bursaspor vs Göztepe Sportif Yatırımlar A.Ş.
[2919901] Failed to scrape lineup: https://www.transfermarkt.co.uk/spielbericht/index/spielbericht/2919901
[2873147] Failed to scrape lineup: https://www.transfermarkt.co.uk/rubin-kazan_arsenal-tula/index/spielbericht/2873147
[3209361] Failed to scrape lineup: https://www.transfermarkt.co.uk/ofi-crete-fc_panetolikos-gfs/index/spielbericht/3209361
[2718790] Failed to scrape lineup: https://www.transfermarkt.co.uk/ca-osasuna_real-betis-balompie/index/spielbericht/2718790

Keepers & outfield error for **KSC Lokeren (- 2020)** in Royal Standard Club de Liège vs KSC Lokeren (- 2020): Numbers: 0 and 11.
[2624876] Failed to build match row: Royal Standard Club de Liège vs KSC Lokeren (- 2020)
Not enough players found for lineup: 0, 0.

Keepers & outfield error for **Paris Saint-Germain Football Club** in Paris Saint-Germain Football Club vs Stade Reims: Numbers: 0 and 11.
[2527985] Failed to scrape lineup: https://www.transfermarkt.co.uk/spielbericht/index/spielbericht/2527985
[2482484] Failed to build match row: Paris Saint-Germain Football Club vs Stade Reims
Not enough players found for lineup: 0, 0.
[2478867] Could not find attributes for andi lila (Parma Calcio 1913, 2014)
[2326923] Failed to scrape lineup: https://www.transfermarkt.co.uk/spielbericht/index/spielbericht/2326923
[2460565] Could not find attributes for anthony miley (Bangor City, 2014)
[2460565] Failed to build match row: Bangor City vs Stjarnan Gardabaer
[2470352] Could not find attributes for lasha dvali (Kasımpaşa A.Ş., 2014)
[2470352] Failed to build match row: Kasımpaşa A.Ş. vs Kayseri Erciyesspor
[2335727] Could not find attributes for oleksandr ilyushchenkov (Karpaty Lviv (-2021), 2013)
[2335727] Failed to build match row: Karpaty Lviv (-2021) vs Dnipro Dnipropetrovsk (-2020)
[2384506] Could not find attributes for anastasios papazoglou (Olympiakos Syndesmos Filathlon Peiraios, 2013)
[3100170] Could not find attributes for artur nigmatullin (Arsenal Tula, 2018)
A.G.S Asteras Tripolis
[3298481] Could not find attributes for andrey klimovich (FC Orenburg, 2019)
[3298481] Failed to build match row: Футбольный клуб "Локомотив" Москва vs FC Orenburg
[3100170] Failed to build match row: Arsenal Tula vs FC Rubin Kazan
[2722768] Could not find attributes for badou ndiaye (Ankaraspor, 2016)
[2728643] Could not find attributes for elliott frear (Motherwell Football Club, 2016)
[2722768] Failed to build match row: Ankaraspor vs Trabzonspor Kulübü
[2728643] Failed to build match row: Motherwell Football Club vs St. Johnstone FC
[2899912] Could not find attributes for mathieu flamini (Getafe Club de Fútbol S. A. D. Team Dubai, 2017)
[2899912] Failed to build match row: Getafe Club de Fútbol S. A. D. Team Dubai vs Club Atlético de Madrid S.A.D.
[2754874] Could not find attributes for fabian bredlow (Hallescher FC, 2016)
[2754874] Failed to build match row: Hallescher FC vs Hamburger Sport Verein
[3258402] Could not find attributes for andriy mishchenko (SKA Khabarovsk, 2019)
[3141115] Could not find attributes for andrej lukic (FC Emmen, 2018)
[3258402] Failed to build match row: SKA Khabarovsk vs RFK Akhmat Grozny
[3141115] Failed to build match row: FC Emmen vs Vitesse Arnhem
[2958573] Could not find attributes for carlinhos (Royal Standard Club de Liège, 2017)
[2958573] Failed to build match row: Koninklijke Racing Club Genk vs Royal Standard Club de Liège
[2493710] Could not find attributes for aleksandr fomin (FC Ryazan, 2014)
[2493710] Failed to build match row: FC Ryazan vs Mordovia Saransk (-2020)
[2624877] Could not find attributes for igor de camargo (Koninklijke Racing Club Genk, 2015)
[2624877] Failed to build match row: Royal Sporting Club Anderlecht vs Koninklijke Racing Club Genk

Keepers & outfield error for **FC Vizela** in FC Vizela vs Vitória Sport Clube: Numbers: 2 and 9.
[2777963] Failed to build match row: FC Vizela vs Vitória Sport Clube

Keepers & outfield error for **Alaves** in Club Atlético de Madrid S.A.D. vs Alaves: Numbers: 2 and 9.
ielbericht/2335728
[3232463] Could not find attributes for jair amador (Maccabi Tel Aviv, 2019)
[3079490] Failed to build match row: Club Atlético de Madrid S.A.D. vs Alaves
[3232463] Failed to build match row: Maccabi Tel Aviv vs FK Suduva Marijampole
[2646032] Could not find attributes for aritm (FK Krasnodar, 2015)
[2646032] Failed to build match row: FK Krasnodar vs AC Sparta Praha, a. s.
[3100171] Failed to scrape lineup: https://www.transfermarkt.co.uk/fk-rostov_fk-ufa/index/spielbericht/3100171
[2351346] Could not find attributes for ibrahim ozturk (Bursaspor, 2013)
[2351346] Failed to build match row: Bursaspor vs Fudbalski Klub Vojvodina
[3395465] Could not find attributes for devante cole (Motherwell Football Club, 2020)
[3395465] Failed to build match row: Motherwell Football Club vs The Celtic Football Club

Keepers & outfield error for **Beşiktaş Jimnastik Kulübü** in Beşiktaş Jimnastik Kulübü vs Akhisarspor: Numbers: 2 and 9.
[2883930] Failed to build match row: Beşiktaş Jimnastik Kulübü vs Akhisarspor
[3209362] Could not find attributes for athanasios garavelis (Volou Neos Podosferikos Syllogos, 2019)
[3209362] Failed to build match row: Olympiakos Syndesmos Filathlon Peiraios vs Volou Neos Podosferikos Syllogos
[2611193] Could not find attributes for ruslan zarubin (Gelios Kharkiv, 2015)
[2611193] Failed to build match row: Gelios Kharkiv vs Goverla Uzhgorod (- 2016)
[2327568] Failed to scrape lineup: https://www.transfermarkt.co.uk/spielbericht/index/spielbericht/2327568
[3212693] Could not find attributes for rodrigao (Gil Vicente Futebol Clube, 2019)
[3212693] Failed to build match row: Gil Vicente Futebol Clube vs FC Paços de Ferreira
[2728644] Could not find attributes for Myles Beerman (Rangers Football Club, 2016)
[2728644] Failed to build match row: Kilmarnock Football Club vs Rangers Football Club
[2342341] Could not find attributes for christian kum (Sportclub Heerenveen, 2013)
[2342341] Failed to build match row: Roda JC Kerkrade vs Sportclub Heerenveen
[2470353] Could not find attributes for mustafa akbas (Trabzonspor Kulübü, 2014)
[2470353] Failed to build match row: Trabzonspor Kulübü vs Balikesirspor
[3084067] Could not find attributes for aimar sagastibeltza (Gernika Club, 2018)
[3084067] Failed to build match row: Gernika Club vs Cultural Durango
[2527986] Could not find attributes for fotis koutzavasilis (AOK Kerkyra, 2014)
[2527986] Failed to build match row: AOK Kerkyra vs Athlitiki Enosi Konstantinoupoleos
[3298482] Could not find attributes for evgeniy frolov (PFK Krylya Sovetov Samara, 2019)
[3298482] Failed to build match row: PFK Krylya Sovetov Samara vs RFK Akhmat Grozny
[2958574] Could not find attributes for hamdi harbaoui (Royal Sporting Club Anderlecht, 2017)
[2958574] Failed to build match row: Royal Sporting Club Anderlecht vs KV Kortrijk
[2722769] Could not find attributes for kenneth omeruo (Alanyaspor, 2016)
[2722769] Failed to build match row: Alanyaspor vs Gençlerbirliği Spor Kulübü
[2873149] Failed to scrape lineup: https://www.transfermarkt.co.uk/amkar-perm_fc-rostov/index/spielbericht/2873149
[2366511] Could not find attributes for jae min kim (BK Frem, 2013)
[2366511] Failed to build match row: BK Frem vs Naestved Boldklub
[2754875] Could not find attributes for benedikt fernandez (Sportfreunde Lotte, 2016)
[2754875] Failed to build match row: Sportfreunde Lotte vs Bayer 04 Leverkusen Fußball
[2505113] Could not find attributes for nathan eccleston (Kilmarnock Football Club, 2014)
[2342342] Failed to scrape lineup: https://www.transfermarkt.co.uk/ado-den-haag_twente-enschede-fc/index/spielbericht/2342342
[2505113] Failed to build match row: Inverness Caledonian Thistle FC vs Kilmarnock Football Club
[2700852] Could not find attributes for donny gorter (ADO Den Haag, 2016)
[2700852] Failed to build match row: ADO Den Haag vs Nijmegen Eendracht Combinatie
Not enough players found for lineup: 0, 0.
[2327569] Failed to scrape lineup: https://www.transfermarkt.co.uk/spielbericht/index/spielbericht/2327569
[2626445] Failed to scrape lineup: https://www.transfermarkt.co.uk/panetolikos-gfs_pae-veria/index/spielbericht/2626445
[2351348] Could not find attributes for boban grncarov (Botev Plovdiv, 2013)
[2351348] Failed to build match row: Botev Plovdiv vs Verein für Bewegungsspiele Stuttgart 1893
[2460566] Could not find attributes for adrien portier (Jeunesse Esch, 2014)
[2460566] Failed to build match row: Dundalk FC vs Jeunesse Esch
[3212694] Could not find attributes for chiquinho (Sport Lisboa e Benfica, 2019)
[3212694] Failed to build match row: Sport Lisboa e Benfica vs Sporting Clube de Portugal
[3100172] Could not find attributes for evgeniy gorodov (RFK Akhmat Grozny, 2018)
[3100172] Failed to build match row: RFK Akhmat Grozny vs FC Orenburg

Keepers & outfield error for **Valencia Club de Fútbol S. A. D.** in Girona Fútbol Club S. A. D. vs Valencia Club de Fútbol S. A. D.: Numbers: 2 and 9.
[2899913] Failed to build match row: Girona Fútbol Club S. A. D. vs Valencia Club de Fútbol S. A. D.
[2873150] Could not find attributes for dmitriy tarasov (Футбольный клуб "Локомотив" Москва, 2017)
[2873150] Failed to build match row: Футбольный клуб "Локомотив" Москва vs Anzhi Makhachkala ( -2022)
[2335729] Could not find attributes for sergiy pshenychnykh (Metalist Kharkiv (- 2016), 2013)
[2335729] Failed to build match row: Metalist Kharkiv (- 2016) vs Karpaty Lviv (-2021)
[2958575] Could not find attributes for jelle vossen (Club Brugge Koninklijke Voetbalvereniging, 2017)
[2958575] Failed to build match row: Club Brugge Koninklijke Voetbalvereniging vs Sportvereniging Zulte Waregem
Not enough players found for lineup: 0, 0.
[2527987] Failed to scrape lineup: https://www.transfermarkt.co.uk/spielbericht/index/spielbericht/2527987
[2728645] Could not find attributes for tom hateley (Dundee Football Club, 2016)
[2728645] Failed to build match row: Dundee Football Club vs The Celtic Football Club
[2493711] Could not find attributes for giorgiy shelia (FK Baltika, 2014)
[2493711] Failed to build match row: FK Baltika vs Kuban Krasnodar (-2018)
[2626446] Could not find attributes for yevgen selin (AO Platanias, 2015)
[2626446] Failed to build match row: AO Platanias vs Iraklis Thessaloniki
[3209363] Could not find attributes for matic kotnik (Panionios Athens, 2019)
[2700853] Could not find attributes for dan crowley (Go Ahead Eagles, 2016)
[2700853] Failed to build match row: Go Ahead Eagles vs Eindhovense Voetbalvereniging Philips Sport Vereniging
[3209363] Failed to build match row: Panionios Athens vs Athlitiki Enosi Larisas
[2777964] Could not find attributes for joseph amoah (Vitória Sport Clube, 2016)
[2777964] Failed to build match row: Vitória Sport Clube vs FC Paços de Ferreira
[2384507] Could not find attributes for athanasios georgiou (Olympiakos Volou, 2013)

Keepers & outfield error for **Aberdeen Football Club** in The Celtic Football Club vs Aberdeen Football Club: Numbers: 0 and 11.
[2505114] Failed to build match row: The Celtic Football Club vs Aberdeen Football Club
underland-afc/index/spielbericht/2332003
[2384507] Failed to build match row: Olympiakos Volou vs Asteras Magoulas
[2470354] Could not find attributes for luis leal (Gaziantepspor (- 2020), 2014)
[2754876] Could not find attributes for benjamin stambouli (FC Schalke 04, 2016)
[2722770] Could not find attributes for abdoul wahid sissoko (Akhisarspor, 2016)
[2754876] Failed to build match row: 1.FC Nuremberg vs FC Schalke 04
[2722770] Failed to build match row: Akhisarspor vs Çaykur Rizespor Kulübü
[2470354] Failed to build match row: Gaziantepspor (- 2020) vs Eskisehirspor
[3395467] Could not find attributes for jay emmanuel thomas (Livingston Football Club, 2020)
[3395467] Failed to build match row: Ross County FC vs Livingston Football Club
[3100173] Could not find attributes for elmir nabiullin (AO FK Zenit Sankt-Peterburg, 2018)
[3100173] Failed to build match row: AO FK Zenit Sankt-Peterburg vs Футбольный клуб "Локомотив" Москва
[3298483] Could not find attributes for aleksandr belenov (FK Ufa, 2019)
[3298483] Failed to build match row: FK Ufa vs PFK Tambov (-2021)
[2700854] Could not find attributes for samuel armenteros (Heracles Almelo, 2016)
[2700854] Failed to build match row: Heracles Almelo vs Football Club Utrecht
[2777965] Could not find attributes for tiago ronaldo (FC Vizela, 2016)
[2777965] Failed to build match row: Sport Lisboa e Benfica vs FC Vizela
[2894114] Could not find attributes for jander (Apollon Limassol, 2017)
[2894114] Failed to build match row: Aberdeen Football Club vs Apollon Limassol
Not enough players found for lineup: 0, 0.
[2327570] Failed to scrape lineup: https://www.transfermarkt.co.uk/spielbericht/index/spielbericht/2327570
Not enough players found for lineup: 0, 0.
[2527988] Failed to scrape lineup: https://www.transfermarkt.co.uk/spielbericht/index/spielbericht/2527988
[2646146] Could not find attributes for anthony gerrard (Shrewsbury Town, 2015)
[2646146] Failed to build match row: Shrewsbury Town vs Grimsby Town
[2351349] Could not find attributes for boban grncarov (Botev Plovdiv, 2013)
[2351349] Failed to build match row: Verein für Bewegungsspiele Stuttgart 1893 vs Botev Plovdiv
[2698136] Could not find attributes for markus henriksen (Hull City, 2016)
[2698136] Failed to build match row: Middlesbrough FC vs Hull City

Keepers & outfield error for **AO FK Zenit Sankt-Peterburg** in FC Tosno (-2018) vs AO FK Zenit Sankt-Peterburg: Numbers: 2 and 9.
[2873151] Failed to build match row: FC Tosno (-2018) vs AO FK Zenit Sankt-Peterburg
[3084068] Could not find attributes for odei onaindia (CD Mirandés, 2018)
[3084068] Failed to build match row: CD Mirandés vs Racing Santander
[2611194] Could not find attributes for anatoliy tymofeev (Naftovyk-Ukrnafta Okhtyrka, 2015)
[2611194] Failed to build match row: Naftovyk-Ukrnafta Okhtyrka vs Olimpik Donetsk
[2493712] Could not find attributes for nukri revishvili (FC Tosno (-2018), 2014)
[2493712] Failed to build match row: FC Tosno (-2018) vs Amkar Perm
[2342344] Could not find attributes for roland alberg (ADO Den Haag, 2013)
[2342344] Failed to build match row: Prins Hendrik Ende Desespereert Nimmer Combinatie Zwolle vs ADO Den Haag
[3258403] Could not find attributes for dmitriy rebrov (Luch Vladivostok, 2019)
[3258403] Failed to build match row: Luch Vladivostok vs FK Dinamo Moskva

Keepers & outfield error for **Málaga CF** in Málaga CF vs CD Leganés: Numbers: 0 and 11.
[2718793] Failed to build match row: Málaga CF vs CD Leganés
[2583583] Could not find attributes for teitur gestsson (HB Tórshavn, 2015)
[2919903] Could not find attributes for vladimir stojkovic (Fudbalski Klub Partizan Beograd, 2017)
[2583583] Failed to build match row: HB Tórshavn vs FK Trakai
Not enough players found for lineup: 0, 11.
[2919903] Failed to build match row: Fudbalski Klub Partizan Beograd vs Berner Sport Club Young Boys
[2366512] Failed to scrape lineup: https://www.transfermarkt.co.uk/spielbericht/index/spielbericht/2366512
[2478870] Failed to scrape lineup: https://www.transfermarkt.co.uk/juventus-fc_fc-empoli/index/spielbericht/2478870

Keepers & outfield error for **Manchester City Football Club** in Stoke City vs Manchester City Football Club: Numbers: 2 and 9.
[2332005] Failed to build match row: Stoke City vs Manchester City Football Club
[2722771] Could not find attributes for tomas sivok (Bursaspor, 2016)
[2722771] Failed to build match row: Bursaspor vs Fenerbahçe Spor Kulübü
[3223107] Could not find attributes for ertac ozbir (Gençlerbirliği Spor Kulübü, 2019)
[2894115] Could not find attributes for jander (Apollon Limassol, 2017)
[3223107] Failed to build match row: Gençlerbirliği Spor Kulübü vs Kayserispor Kulübü
[2894115] Failed to build match row: Apollon Limassol vs Aberdeen Football Club
[2958577] Could not find attributes for jakov filipovic (KSC Lokeren (- 2020), 2017)
[2958577] Failed to build match row: KSC Lokeren (- 2020) vs Royal Sporting Club Anderlecht
[2351350] Failed to scrape lineup: https://www.transfermarkt.co.uk/spielbericht/index/spielbericht/2351350
[3209364] Could not find attributes for ogmundur kristinsson (Athlitiki Enosi Larisas, 2019)
[3209364] Failed to build match row: Athlitiki Enosi Larisas vs AO Xanthi
Not enough players found for lineup: 0, 0.
[2460567] Failed to scrape lineup: https://www.transfermarkt.co.uk/spielbericht/index/spielbericht/2460567
[2646147] Could not find attributes for jose cholevas (Watford FC, 2015)
[2342345] Failed to scrape lineup: https://www.transfermarkt.co.uk/ajax-amsterdam_rkc-waalwijk/index/spielbericht/2342345
[2646147] Failed to build match row: Watford FC vs Newcastle United Football Club
[2919904] Could not find attributes for orges shehi (KF Skënderbeu, 2017)
[2919904] Failed to build match row: KF Skënderbeu vs Futbolniy Klub Dynamo Kyiv
[2335730] Could not find attributes for vitaliy postranskyi (FC Zorya Lugansk, 2013)
[3069753] Failed to scrape lineup: https://www.transfermarkt.co.uk/trabzonspor_goztepe/index/spielbericht/3069753
[2335730] Failed to build match row: FC Zorya Lugansk vs Volyn Lutsk
[2700855] Could not find attributes for hicham faik (Excelsior Rotterdam, 2016)

Keepers & outfield error for **Vitória Sport Clube** in Vitória Sport Clube vs Sport Lisboa e Benfica: Numbers: 0 and 11.
[3100174] Could not find attributes for mario fernandes (PFK CSKA Moskva, 2018)
[2700855] Failed to build match row: Excelsior Rotterdam vs Sportclub Heerenveen
[2777966] Failed to build match row: Vitória Sport Clube vs Sport Lisboa e Benfica
[3100174] Failed to build match row: PFK CSKA Moskva vs FK Spartak Moskva
[3298484] Could not find attributes for vadim karpov (PFK CSKA Moskva, 2019)
[3209365] Could not find attributes for nikolaos papadopoulos (A.G.S Asteras Tripolis, 2019)
[3298484] Failed to build match row: PFK CSKA Moskva vs AO FK Zenit Sankt-Peterburg
[2470356] Could not find attributes for marcio mossoro (İstanbul Başakşehir Futbol Kulübü, 2014)
[3209365] Failed to build match row: A.G.S Asteras Tripolis vs APS Atromitos Athinon
[2470356] Failed to build match row: Mersin Talimyurdu SK vs İstanbul Başakşehir Futbol Kulübü
[2626447] Failed to scrape lineup: https://www.transfermarkt.co.uk/skoda-xanthi_olympiacos-piraeus/index/spielbericht/2626447
[2493713] Could not find attributes for aleksey skornyakov (Sokol Saratov, 2014)
[2493713] Failed to build match row: Sokol Saratov vs FK Krasnodar
[2578186] Could not find attributes for jonathan howson (Norwich City, 2015)

Keepers & outfield error for **Rio Ave Futebol Clube** in Boavista FC vs Rio Ave Futebol Clube: Numbers: 2 and 9.
[2883934] Could not find attributes for sergiy rybalka (Sivasspor, 2017)
[2594052] Could not find attributes for doka madureira (İstanbul Başakşehir Futbol Kulübü, 2015)
[3212695] Failed to build match row: Boavista FC vs Rio Ave Futebol Clube
[2578186] Failed to build match row: Swansea City vs Norwich City
[2883934] Failed to build match row: Sivasspor vs Trabzonspor Kulübü
[2594052] Failed to build match row: Çaykur Rizespor Kulübü vs İstanbul Başakşehir Futbol Kulübü
[2919906] Could not find attributes for zeca (Football Club København, 2017)
[2583584] Could not find attributes for henok goitom (Allmänna Idrottsklubben, 2015)
[2384508] Could not find attributes for fotis kipouros (Iraklis Thessaloniki, 2013)
[2919906] Failed to build match row: Football Club København vs FC Sheriff Tiraspol
[2384508] Failed to build match row: Iraklis Thessaloniki vs Panthessalonikios Athlitikos Omilos Konstantinoupoliton
[2583584] Failed to build match row: Allmänna Idrottsklubben vs Vaasan Palloseura

Keepers & outfield error for **Saint Mirren Football Club** in Saint Mirren Football Club vs Dundee United Football Club: Numbers: 2 and 9.

Keepers & outfield error for **CD Leganés** in CD Leganés vs Getafe Club de Fútbol S. A. D. Team Dubai: Numbers: 0 and 11.
[3395469] Failed to build match row: Saint Mirren Football Club vs Dundee United Football Club
[2722772] Could not find attributes for yevgen seleznyov (Kardemir Karabükspor, 2016)
[3079493] Failed to build match row: CD Leganés vs Getafe Club de Fútbol S. A. D. Team Dubai
[2722772] Failed to build match row: Kardemir Karabükspor vs Beşiktaş Jimnastik Kulübü
[2728647] Could not find attributes for elliott frear (Motherwell Football Club, 2016)

Keepers & outfield error for **Chelsea Football Club** in Arsenal Football Club vs Chelsea Football Club: Numbers: 2 and 9.
[2611195] Could not find attributes for andriy klishchuk (Girnyk-Sport Gorishni Plavni, 2015)
[2611195] Failed to build match row: Girnyk-Sport Gorishni Plavni vs Futbolniy Klub Dynamo Kyiv
[2332007] Failed to build match row: Arsenal Football Club vs Chelsea Football Club
[2728647] Failed to build match row: Rangers Football Club vs Motherwell Football Club
Not enough players found for lineup: 0, 11.
[3100175] Could not find attributes for sergey ryzhikov (PFK Krylya Sovetov Samara, 2018)

Keepers & outfield error for **FC Paços de Ferreira** in FC Paços de Ferreira vs FC Vizela: Numbers: 0 and 11.
[2335731] Failed to scrape lineup: https://www.transfermarkt.co.uk/sk-tavriya-simferopol-2022-_vorskla-poltava/index/spielbericht/2335731
[3100175] Failed to build match row: PFK Krylya Sovetov Samara vs FK Krasnodar
[3141119] Could not find attributes for ouasim bouy (Prins Hendrik Ende Desespereert Nimmer Combinatie Zwolle, 2018)
[2777967] Failed to build match row: FC Paços de Ferreira vs FC Vizela
[2505116] Could not find attributes for conor grant (Motherwell Football Club, 2014)
[2366513] Could not find attributes for mojo (Thisted FC, 2013)
[3141119] Failed to build match row: Prins Hendrik Ende Desespereert Nimmer Combinatie Zwolle vs De Graafschap Doetinchem
[2366513] Failed to build match row: Thisted FC vs AC Horsens
[2505116] Failed to build match row: Motherwell Football Club vs Inverness Caledonian Thistle FC
[2894116] Could not find attributes for guillem truyols (AEK Larnaca, 2017)
[2894116] Failed to build match row: AEK Larnaca vs Dinamo Minsk
[2460568] Could not find attributes for conor dillon (Glenavon FC, 2014)
[2460568] Failed to build match row: Glenavon FC vs FH Hafnarfjördur
[3209366] Could not find attributes for athanasios garavelis (Volou Neos Podosferikos Syllogos, 2019)
[3209366] Failed to build match row: Volou Neos Podosferikos Syllogos vs Omilos Filathlon Irakliou FC

Keepers & outfield error for **Chelsea Football Club** in Manchester City Football Club vs Chelsea Football Club: Numbers: 2 and 9.
[2698138] Failed to build match row: Manchester City Football Club vs Chelsea Football Club
[2478872] Could not find attributes for mato jajalo (Palermo FC, 2014)
[2478872] Failed to build match row: Palermo FC vs Associazione Calcio Milan
[2866189] Could not find attributes for nemanja krznaric (Fudbalski Klub Mladost Lučani, 2017)
[2866189] Failed to build match row: Fudbalski Klub Mladost Lučani vs FK Inter Baku
[2327958] Could not find attributes for andjelko djuricic (FK Jagodina, 2013)
[2327958] Failed to build match row: FK Jagodina vs FC Rubin Kazan
[2700856] Could not find attributes for derrick tshimanga (Willem II Tilburg, 2016)
[2700856] Failed to build match row: Willem II Tilburg vs Prins Hendrik Ende Desespereert Nimmer Combinatie Zwolle
[3069754] Failed to build match row: Yeni Malatyaspor vs Çaykur Rizespor Kulübü
[2626448] Could not find attributes for stathis tavlaridis (Panathinaikos Athlitikos Omilos, 2015)
[3298485] Could not find attributes for matvey safonov (FK Krasnodar, 2019)
[2626448] Failed to build match row: Panathinaikos Athlitikos Omilos vs APO Levadiakos Football Club
[3084069] Could not find attributes for jose picon (Barakaldo CF, 2018)
[3298485] Failed to build match row: FK Krasnodar vs FK Dinamo Moskva
[3084069] Failed to build match row: Barakaldo CF vs UD Mutilvera
[3258404] Could not find attributes for arsen siukaev (Tom Tomsk, 2019)
[3258404] Failed to build match row: Tom Tomsk vs PFK Tambov (-2021)
[2483323] Could not find attributes for jasmin handanovic (NK Maribor, 2014)
[2718795] Could not find attributes for andreas pereira (Granada CF, 2016)
[3141120] Could not find attributes for ben rienstra (Sportclub Heerenveen, 2018)
[2483323] Failed to build match row: NK Maribor vs The Celtic Football Club
[3069755] Could not find attributes for ondrej celustka (Antalyaspor, 2018)
[2718795] Failed to build match row: Granada CF vs Sporting Gijón
[3141120] Failed to build match row: ADO Den Haag vs Sportclub Heerenveen
[2894117] Could not find attributes for sergey ignatovich (Dinamo Minsk, 2017)
[3069755] Failed to build match row: Antalyaspor vs Sivasspor
[2894117] Failed to build match row: Dinamo Minsk vs AEK Larnaca
[2578188] Could not find attributes for jonathan howson (Norwich City, 2015)
[3209367] Could not find attributes for lindsay rose (Aris Thessalonikis, 2019)
[3209367] Failed to build match row: Panthessalonikios Athlitikos Omilos Konstantinoupoliton vs Aris Thessalonikis
[2578188] Failed to build match row: West Bromwich Albion vs Norwich City
[2604129] Could not find attributes for gianluigi donnarumma (Associazione Calcio Milan, 2015)
[2883935] Could not find attributes for anil karaer (Ankaraspor, 2017)

Keepers & outfield error for **Valencia Club de Fútbol S. A. D.** in Valencia Club de Fútbol S. A. D. vs Sevilla Fútbol Club S.A.D.: Numbers: 0 and 11.
[2604129] Failed to build match row: Associazione Calcio Milan vs Verona Hellas Football Club
[2505117] Could not find attributes for raffaele de vita (Ross County FC, 2014)
[2883935] Failed to build match row: Ankaraspor vs Gençlerbirliği Spor Kulübü
[3079494] Failed to build match row: Valencia Club de Fútbol S. A. D. vs Sevilla Fútbol Club S.A.D.
[2505117] Failed to build match row: Ross County FC vs Dundee Football Club
[2728648] Could not find attributes for anastasios avlonitis (Heart of Midlothian Football Club, 2016)
Not enough players found for lineup: 0, 11.
[2722773] Could not find attributes for jan durica (Trabzonspor Kulübü, 2016)
[2611196] Failed to scrape lineup: https://www.transfermarkt.co.uk/spielbericht/index/spielbericht/2611196
[2728648] Failed to build match row: St. Johnstone FC vs Heart of Midlothian Football Club
[2722773] Failed to build match row: Trabzonspor Kulübü vs Alanyaspor

Keepers & outfield error for **Sporting Clube de Braga** in Sporting Clube de Braga vs Futebol Clube do Porto: Numbers: 0 and 11.
[2626449] Could not find attributes for dorin goian (A.G.S Asteras Tripolis, 2015)
[3212696] Failed to build match row: Sporting Clube de Braga vs Futebol Clube do Porto
[2626449] Failed to build match row: A.G.S Asteras Tripolis vs Panionios Athens
[2335732] Could not find attributes for pavlo ksyonz (Metalist Kharkiv (- 2016), 2013)
[2327959] Could not find attributes for andjelko djuricic (FK Jagodina, 2013)
[2335732] Failed to build match row: Metalist Kharkiv (- 2016) vs Chornomorets Odesa
[2384509] Could not find attributes for giannis siderakis (AEL Kalloni, 2013)
[2327959] Failed to build match row: FC Rubin Kazan vs FK Jagodina
[2754879] Could not find attributes for matthias lehmann (1. Fußball-Club Köln, 2016)
[2384509] Failed to build match row: AEL Kalloni vs Omilos Filathlon Irakliou FC
[2583585] Could not find attributes for milos volesak (MSK Zilina, 2015)
[2754879] Failed to build match row: 1. Fußball-Club Köln vs Turn- und Sportgemeinschaft 1899 Hoffenheim Fußball-Spielbetriebs
[2646149] Could not find attributes for brad smith (Liverpool Football Club, 2015)
[2866191] Could not find attributes for alban hoxha (FK Partizani, 2017)
[2583585] Failed to build match row: MSK Zilina vs Glentoran FC
[2646149] Failed to build match row: Exeter City vs Liverpool Football Club
[2866191] Failed to build match row: FK Partizani vs Botev Plovdiv
[2493714] Could not find attributes for aleksey kontsedalov (PFK Krylya Sovetov Samara, 2014)
[2894118] Could not find attributes for vujadin savic (Fudbalski klub Crvena zvezda Beograd, 2017)
[2493714] Failed to build match row: PFK Krylya Sovetov Samara vs Ural Yekaterinburg
[2894118] Failed to build match row: Fudbalski klub Crvena zvezda Beograd vs AC Sparta Praha, a. s.
[2527989] Could not find attributes for athanasios panteliadis (A.G.S Asteras Tripolis, 2014)

Keepers & outfield error for **Real Betis Balompié S.A.D.** in Real Betis Balompié S.A.D. vs Sevilla Fútbol Club S.A.D.: Numbers: 2 and 9.
[2873154] Could not find attributes for aleksandr belenov (FK Ufa, 2017)
[2527989] Failed to build match row: A.G.S Asteras Tripolis vs Iraklis Thessaloniki
[2899918] Failed to build match row: Real Betis Balompié S.A.D. vs Sevilla Fútbol Club S.A.D.
[2873154] Failed to build match row: FK Ufa vs RFK Akhmat Grozny
[2578189] Could not find attributes for jonathan howson (Norwich City, 2015)
[2594053] Could not find attributes for yakubu (Kayserispor Kulübü, 2015)
[3069756] Could not find attributes for mostapha el kabir (MKE Ankaragücü, 2018)

Keepers & outfield error for **Futbol Club Barcelona** in Valencia Club de Fútbol S. A. D. vs Futbol Club Barcelona: Numbers: 2 and 9.
[3069756] Failed to build match row: Erzurumspor FK vs MKE Ankaragücü
[2578189] Failed to build match row: Norwich City vs Manchester City Football Club
[2594053] Failed to build match row: Kayserispor Kulübü vs Galatasaray Spor Kulübü
[2919907] Could not find attributes for robert matejov (FC Trinity Zlin, 2017)
[2718796] Failed to build match row: Valencia Club de Fútbol S. A. D. vs Futbol Club Barcelona
[2919907] Failed to build match row: FC Trinity Zlin vs Футбольный клуб "Локомотив" Москва
[2700858] Could not find attributes for ognjen gnjatic (Roda JC Kerkrade, 2016)
[2958580] Could not find attributes for laurens paulussen (Yellow-Red Koninklijke Voetbalclub Mechelen, 2017)
[2700858] Failed to build match row: Roda JC Kerkrade vs Football Club Groningen
[2958580] Failed to build match row: Yellow-Red Koninklijke Voetbalclub Mechelen vs Koninklijke Racing Club Genk
[3209368] Could not find attributes for bart schenkeveld (Panathinaikos Athlitikos Omilos, 2019)
[3209368] Failed to build match row: Panathinaikos Athlitikos Omilos vs Olympiakos Syndesmos Filathlon Peiraios
[2335733] Could not find attributes for artem baranovskyi (Metalurg Donetsk (- 2015), 2013)

Keepers & outfield error for **Beşiktaş Jimnastik Kulübü** in Yeni Malatyaspor vs Beşiktaş Jimnastik Kulübü: Numbers: 2 and 9.
[2335733] Failed to build match row: Metalurg Donetsk (- 2015) vs SK Tavriya Simferopol ( - 2022)
[2883936] Failed to build match row: Yeni Malatyaspor vs Beşiktaş Jimnastik Kulübü
[2351351] Could not find attributes for liron diamant (Hapoel Ramat Gan, 2013)
[2351351] Failed to build match row: Hapoel Ramat Gan vs Grupo Desportivo Estoril Praia
[2478874] Could not find attributes for andi lila (Parma Calcio 1913, 2014)
[2478874] Failed to build match row: Football Club Internazionale Milano S.p.A. vs Parma Calcio 1913
[2384510] Could not find attributes for sokratis fytanidis (APS Atromitos Athinon, 2013)
[2778097] Could not find attributes for salvatore dalterio (Casertana FC, 2016)
[3258405] Could not find attributes for mikhail filippov (Enisey Krasnoyarsk, 2019)
[2778097] Failed to build match row: Casertana FC vs AC Tuttocuoio
[3258405] Failed to build match row: Enisey Krasnoyarsk vs AO FK Zenit Sankt-Peterburg

Keepers & outfield error for **Alaves** in Alaves vs Athletic Club Bilbao: Numbers: 2 and 9.
[2384510] Failed to build match row: APS Atromitos Athinon vs Panetolikos Agrinio
[3079495] Failed to build match row: Alaves vs Athletic Club Bilbao
[2366514] Could not find attributes for Karim Zaza (Vendsyssel FF, 2013)
[2366514] Failed to build match row: Vendsyssel FF vs Fodbold Club Midtjylland
[3084070] Could not find attributes for xabi auzmendi (CD Calahorra, 2018)
[3084070] Failed to build match row: CD Calahorra vs Gimnástica de Torrelavega
[2460569] Could not find attributes for ilari aijala (FC Honka, 2014)
[2460569] Failed to build match row: FC Honka vs JK Sillamäe Kalev
[2700859] Could not find attributes for bersant celina (Football Club Twente, 2016)
[2700859] Failed to build match row: AFC Ajax Amsterdam vs Football Club Twente
Not enough players found for lineup: 0, 0.
[2527990] Failed to scrape lineup: https://www.transfermarkt.co.uk/spielbericht/index/spielbericht/2527990
[2470357] Could not find attributes for ertugrul furkan (Balikesirspor, 2014)
[2470357] Failed to build match row: Balikesirspor vs Gaziantepspor (- 2020)

Keepers & outfield error for **Celta** in Celta vs Deportivo de La Coruña: Numbers: 0 and 11.
[2718797] Failed to build match row: Celta vs Deportivo de La Coruña
[2583586] Could not find attributes for mileta radulovic (OFK Titograd, 2015)
[2894119] Could not find attributes for vujadin savic (Fudbalski klub Crvena zvezda Beograd, 2017)
[2583586] Failed to build match row: OFK Titograd vs Neftchi Baku
[2894119] Failed to build match row: AC Sparta Praha, a. s. vs Fudbalski klub Crvena zvezda Beograd
[2754880] Could not find attributes for gojko kacar (Fußball-Club Augsburg 1907, 2016)
[2754880] Failed to build match row: FC Bayern München vs Fußball-Club Augsburg 1907
[2505118] Could not find attributes for nathan eccleston (Kilmarnock Football Club, 2014)
[3100201] Could not find attributes for georgios strezos (Omilos Filathlon Irakliou FC, 2018)
[2505118] Failed to build match row: St. Johnstone FC vs Kilmarnock Football Club
Not enough players found for lineup: 0, 11.
[3100201] Failed to build match row: Omilos Filathlon Irakliou FC vs Panthessalonikios Athlitikos Omilos Konstantinoupoliton
[2611197] Failed to scrape lineup: https://www.transfermarkt.co.uk/spielbericht/index/spielbericht/2611197

Keepers & outfield error for **Associazione Calcio Fiorentina** in Associazione Calcio Fiorentina vs UC Sampdoria: Numbers: 0 and 11.
[2478875] Failed to build match row: Associazione Calcio Fiorentina vs UC Sampdoria
[3232465] Could not find attributes for besim serbecic (FK Sarajevo, 2019)
[2883937] Could not find attributes for jires kembo ekoko (Bursaspor, 2017)
[3232465] Failed to build match row: FK Sarajevo vs BATE Borisov
[2883937] Failed to build match row: Bursaspor vs Kardemir Karabükspor
[2722774] Could not find attributes for emre belozoglu (İstanbul Başakşehir Futbol Kulübü, 2016)
[2722774] Failed to build match row: İstanbul Başakşehir Futbol Kulübü vs Gaziantepspor (- 2020)
[2899919] Could not find attributes for maxime lestienne (Málaga CF, 2017)
[2342348] Could not find attributes for leroy labylle (Prins Hendrik Ende Desespereert Nimmer Combinatie Zwolle, 2013)
[2899919] Failed to build match row: Espanol vs Málaga CF
[3209369] Could not find attributes for christopher knett (Panetolikos Agrinio, 2019)
[2698141] Could not find attributes for jose cholevas (Watford FC, 2016)
[2342348] Failed to build match row: Prins Hendrik Ende Desespereert Nimmer Combinatie Zwolle vs Alkmaar Zaanstreek
[3209369] Failed to build match row: Panetolikos Agrinio vs Athlitiki Enosi Konstantinoupoleos
[2958581] Could not find attributes for carlinhos (Royal Standard Club de Liège, 2017)
[2700860] Could not find attributes for ognjen gnjatic (Roda JC Kerkrade, 2016)
[2493715] Could not find attributes for vitaliy astakhov (Syzran-2003, 2014)
[2728650] Could not find attributes for elliott frear (Motherwell Football Club, 2016)
[2958581] Failed to build match row: Royal Standard Club de Liège vs Royal Antwerp Football Club
[2493715] Failed to build match row: Syzran-2003 vs FK Rostov
[2919908] Could not find attributes for anastasios kissas (Apollon Limassol, 2017)
[2698141] Failed to build match row: Watford FC vs Hull City
[2700860] Failed to build match row: Roda JC Kerkrade vs Football Club Twente
[2919908] Failed to build match row: Apollon Limassol vs Everton Football Club
[3258406] Could not find attributes for rostislav soldatenko (Alania Vladikavkaz, 2019)
[2728650] Failed to build match row: Motherwell Football Club vs Hamilton Academical FC
[3258406] Failed to build match row: Alania Vladikavkaz vs PFK CSKA Moskva
[2332010] Could not find attributes for modibo maiga (West Ham United Football Club, 2013)

Keepers & outfield error for **Clube Desportivo de Tondela** in Moreirense Futebol Clube vs Clube Desportivo de Tondela: Numbers: 0 and 11.
[2335734] Could not find attributes for maksim startsev (Metalurg Zaporizhya (-2016), 2013)
[2332010] Failed to build match row: Southampton FC vs West Ham United Football Club
[3212697] Failed to build match row: Moreirense Futebol Clube vs Clube Desportivo de Tondela
[2335734] Failed to build match row: Metalurg Zaporizhya (-2016) vs Metalurg Donetsk (- 2015)
[3141122] Could not find attributes for michiel kramer (Football Club Utrecht, 2018)
[2470358] Could not find attributes for michal kadlec (Fenerbahçe Spor Kulübü, 2014)
[3141122] Failed to build match row: Football Club Utrecht vs Football Club Groningen
[2483325] Could not find attributes for marios antoniadis (APOEL Nicosia, 2014)
[2866192] Could not find attributes for joan salomo (UE Santa Coloma, 2017)
[3223110] Could not find attributes for aminu umar (Çaykur Rizespor Kulübü, 2019)
[2483325] Failed to build match row: Aalborg BK vs APOEL Nicosia
[2866192] Failed to build match row: UE Santa Coloma vs NK Osijek s.d.d.
[2626450] Could not find attributes for georgios athanasiadis (Panthrakikos Komotini, 2015)
[3223110] Failed to build match row: Çaykur Rizespor Kulübü vs Antalyaspor
[2626450] Failed to build match row: Panthrakikos Komotini vs AEL Kalloni

Keepers & outfield error for **Sporting Clube de Braga** in Allmänna Idrottsklubben vs Sporting Clube de Braga: Numbers: 2 and 9.
[2384511] Could not find attributes for Manolis Apostolidis (Niki Volou, 2013)
[3299453] Could not find attributes for faiz selemani (KV Kortrijk, 2019)
lube de Braga
[2384511] Failed to build match row: Niki Volou vs Apollon Smyrnis
[3299453] Failed to build match row: KV Kortrijk vs Cercle Brugge Koninklijke Sportvereniging
Not enough players found for lineup: 0, 0.

Keepers & outfield error for **CD Leganés** in Celta vs CD Leganés: Numbers: 0 and 11.
[2527991] Failed to scrape lineup: https://www.transfermarkt.co.uk/spielbericht/index/spielbericht/2527991
[2594055] Could not find attributes for doka madureira (İstanbul Başakşehir Futbol Kulübü, 2015)
[3079496] Failed to build match row: Celta vs CD Leganés
[2594055] Failed to build match row: Antalyaspor vs İstanbul Başakşehir Futbol Kulübü
[2722775] Could not find attributes for davide petrucci (Çaykur Rizespor Kulübü, 2016)

Keepers & outfield error for **Chelsea Football Club** in Chelsea Football Club vs Manchester United Football Club: Numbers: 2 and 9.
[3209370] Could not find attributes for markos vellidis (PAS Lamia 1964, 2019)
[2722775] Failed to build match row: Çaykur Rizespor Kulübü vs Galatasaray Spor Kulübü
[2698142] Failed to build match row: Chelsea Football Club vs Manchester United Football Club
[3100202] Could not find attributes for michalis kyrgias (Apollon Smyrnis, 2018)
[3209370] Failed to build match row: PAS Lamia 1964 vs Panionios Athens
[3100202] Failed to build match row: Apollon Smyrnis vs PAS Giannina
[2366518] Could not find attributes for kasper jensen (Silkeborg Idrætsforening, 2013)
[2366518] Failed to build match row: Silkeborg Idrætsforening vs Aalborg BK
[2578192] Could not find attributes for christian fuchs (Leicester City, 2015)
[2578192] Failed to build match row: Leicester City vs Newcastle United Football Club
[2873156] Could not find attributes for dmitriy tarasov (Футбольный клуб "Локомотив" Москва, 2017)
[2873156] Failed to build match row: Футбольный клуб "Локомотив" Москва vs SKA Khabarovsk
Not enough players found for lineup: 11, 0.
[2460570] Failed to scrape lineup: https://www.transfermarkt.co.uk/spielbericht/index/spielbericht/2460570
[2483326] Could not find attributes for giedrius arlauskis (SC Fotbal Club FCSB SA, 2014)
[2883939] Failed to scrape lineup: https://www.transfermarkt.co.uk/antalyaspor_fenerbahce/index/spielbericht/2883939
[2483326] Failed to build match row: SC Fotbal Club FCSB SA vs Ludogorets Razgrad
[2611207] Could not find attributes for enrico alfonso (AS Cittadella, 2015)
[2611207] Failed to build match row: Atalanta Bergamasca Calcio S.p.a. vs AS Cittadella

Keepers & outfield error for **Sporting Clube de Braga** in Sporting Clube de Braga vs Allmänna Idrottsklubben: Numbers: 2 and 9.
[2527992] Failed to scrape lineup: https://www.transfermarkt.co.uk/spielbericht/index/spielbericht/2527992
[2894121] Failed to build match row: Sporting Clube de Braga vs Allmänna Idrottsklubben
[2899921] Failed to scrape lineup: https://www.transfermarkt.co.uk/atletico-de-madrid_sd-eibar/index/spielbericht/2899921
[3058454] Could not find attributes for oscar wendt (Mönchengladbach, 2018)
[2866196] Could not find attributes for serghei pascenco (Zaria Balti, 2017)
[3058454] Failed to build match row: Mönchengladbach vs Eintracht Frankfurt Fußball AG
[2866196] Failed to build match row: Zaria Balti vs FK Sarajevo

Keepers & outfield error for **UD Las Palmas** in UD Las Palmas vs Celta: Numbers: 2 and 9.
[2583587] Could not find attributes for matic kotnik (NK Celje, 2015)
[3232466] Could not find attributes for tom schnell (F91 Dudelange, 2019)
[2718798] Failed to build match row: UD Las Palmas vs Celta
[2583587] Failed to build match row: Slask Wroclaw vs NK Celje
[3232466] Failed to build match row: F91 Dudelange vs Kalju FC
[2700861] Could not find attributes for derrick tshimanga (Willem II Tilburg, 2016)
[2722776] Could not find attributes for luccas claro (Gençlerbirliği Spor Kulübü, 2016)
[2700861] Failed to build match row: Football Club Groningen vs Willem II Tilburg
[2722776] Failed to build match row: Gençlerbirliği Spor Kulübü vs Konyaspor

Keepers & outfield error for **KAS Eupen** in KAS Eupen vs Club Brugge Koninklijke Voetbalvereniging: Numbers: 2 and 9.
[2958582] Failed to build match row: KAS Eupen vs Club Brugge Koninklijke Voetbalvereniging
[3212813] Could not find attributes for ibragim sayfullakh gaziev (Vaynakh Shali, 2019)
[3212813] Failed to build match row: Vaynakh Shali vs Alania Vladikavkaz
[2483327] Could not find attributes for dusan pernis (Slovan Bratislava, 2014)
[2483327] Failed to build match row: Slovan Bratislava vs BATE Borisov
[2478877] Could not find attributes for molla wague (Udinese Calcio, 2014)
[2478877] Failed to build match row: Genoa Cricket and Football Club vs Udinese Calcio
[3395473] Could not find attributes for jay emmanuel thomas (Livingston Football Club, 2020)
[3395473] Failed to build match row: Livingston Football Club vs Saint Mirren Football Club
[2493716] Could not find attributes for adessoye oyewole (FC Orenburg, 2014)
[2493716] Failed to build match row: FC Orenburg vs RFK Akhmat Grozny
[2335735] Could not find attributes for denys boyko (Dnipro Dnipropetrovsk (-2020), 2013)
[2335735] Failed to build match row: Dnipro Dnipropetrovsk (-2020) vs Metalist Kharkiv (- 2016)
[3100203] Could not find attributes for dmytro chygrynskyi (Athlitiki Enosi Konstantinoupoleos, 2018)
[3100203] Failed to build match row: Athlitiki Enosi Konstantinoupoleos vs Panionios Athens
[2779485] Could not find attributes for tobias salquist (Silkeborg Idrætsforening, 2016)
[2779485] Failed to build match row: Aalborg BK vs Silkeborg Idrætsforening
[3047759] Failed to scrape lineup: https://www.transfermarkt.co.uk/rc-strasbourg-alsace_angers-sco/index/spielbericht/3047759
[2866197] Failed to scrape lineup: https://www.transfermarkt.co.uk/spielbericht/index/spielbericht/2866197
[2384512] Could not find attributes for christos athanasopoulos (Iraklis Psachnon, 2013)
[2384512] Failed to build match row: Iraklis Psachnon vs Panathinaikos Athlitikos Omilos
[3201270] Failed to scrape lineup: https://www.transfermarkt.co.uk/ross-county-fc_st-mirren-fc/index/spielbericht/3201270
[2470360] Failed to scrape lineup: https://www.transfermarkt.co.uk/bursaspor_konyaspor/index/spielbericht/2470360
[3258407] Could not find attributes for maksim kiselev (Chayka Peschanokopskoye, 2019)
[3258407] Failed to build match row: Chayka Peschanokopskoye vs FK Ufa

Keepers & outfield error for **Aberdeen Football Club** in Rangers Football Club vs Aberdeen Football Club: Numbers: 0 and 11.
[3232467] Could not find attributes for pavel londak (Kalju FC, 2019)
[3395474] Failed to build match row: Rangers Football Club vs Aberdeen Football Club
[3232467] Failed to build match row: Kalju FC vs F91 Dudelange
[2594056] Could not find attributes for adem buyuk (Kasımpaşa A.Ş., 2015)
[2594056] Failed to build match row: Kasımpaşa A.Ş. vs Gaziantepspor (- 2020)
[2919910] Could not find attributes for josip elez (Hrvatski Nogometni Klub Rijeka, 2017)
[2919910] Failed to build match row: Hrvatski Nogometni Klub Rijeka vs Associazione Calcio Milan
[2505119] Could not find attributes for viktor genev (Saint Mirren Football Club, 2014)
[2505119] Failed to build match row: Saint Mirren Football Club vs Hamilton Academical FC

Keepers & outfield error for **St Truiden** in SK Beveren vs St Truiden: Numbers: 2 and 9.
[3299455] Failed to build match row: SK Beveren vs St Truiden
[2728652] Could not find attributes for niall keown (Partick Thistle FC, 2016)
[2728652] Failed to build match row: Partick Thistle FC vs Ross County FC
[2754882] Could not find attributes for jacob bruun larsen (Borussia Dortmund, 2016)
[2754882] Failed to build match row: Borussia Dortmund vs 1. Fußballclub Union Berlin
[2335736] Could not find attributes for stanislav bogush (Arsenal Kyiv, 2013)
[2335736] Failed to build match row: Arsenal Kyiv vs Futbolniy Klub Dynamo Kyiv
[2578193] Could not find attributes for jose cholevas (Watford FC, 2015)
[3084071] Could not find attributes for ricard pujol (UE Cornellà, 2018)
[2578193] Failed to build match row: West Ham United Football Club vs Watford FC
[2460571] Could not find attributes for aleksandrs vlasovs (Daugava Daugavpils, 2014)
[3084071] Failed to build match row: UE Cornellà vs UE Sant Andreu
[2460571] Failed to build match row: Daugava Daugavpils vs Víkingur Gøta
[3395475] Could not find attributes for devante cole (Motherwell Football Club, 2020)
Not enough players found for lineup: 11, 0.
[3395475] Failed to build match row: St. Johnstone FC vs Motherwell Football Club
[2594057] Could not find attributes for aleksandr hleb (Gençlerbirliği Spor Kulübü, 2015)
[3258408] Could not find attributes for stanislav antipin (Shinnik Yaroslavl, 2019)
[2384513] Failed to scrape lineup: https://www.transfermarkt.co.uk/spielbericht/index/spielbericht/2384513
[3223111] Could not find attributes for atiba hutchinson (Beşiktaş Jimnastik Kulübü, 2019)
[3047760] Could not find attributes for bafode diakite (Toulouse Football Club, 2018)
[2594057] Failed to build match row: Çaykur Rizespor Kulübü vs Gençlerbirliği Spor Kulübü
[3258408] Failed to build match row: Shinnik Yaroslavl vs FK Sochi
[3223111] Failed to build match row: Beşiktaş Jimnastik Kulübü vs Denizlispor
[3047760] Failed to build match row: Toulouse Football Club vs Stade Reims
[2718799] Could not find attributes for florian lejeune (SD Eibar, 2016)
[2583588] Could not find attributes for andrea righi (La Fiorita 1967, 2015)
[2718799] Failed to build match row: SD Eibar vs Villarreal Club de Fútbol S.A.D.
[2583588] Failed to build match row: FC Vaduz vs La Fiorita 1967
[2604133] Failed to scrape lineup: https://www.transfermarkt.co.uk/udinese-calcio_inter-milan/index/spielbericht/2604133
[2899923] Failed to scrape lineup: https://www.transfermarkt.co.uk/celta-de-vigo_levante-ud/index/spielbericht/2899923
[2335737] Could not find attributes for denys boyko (Dnipro Dnipropetrovsk (-2020), 2013)
[2335737] Failed to build match row: Dnipro Dnipropetrovsk (-2020) vs Vorskla Poltava
[3209378] Could not find attributes for dani guererro (St Joseph's FC, 2019)
[3209378] Failed to build match row: St Joseph's FC vs Rangers Football Club
[3084072] Could not find attributes for eneko satrustegui (CD Castellón, 2018)
[3084072] Failed to build match row: CD Castellón vs UB Conquense
[2958584] Could not find attributes for carlinhos (Royal Standard Club de Liège, 2017)
[2958584] Failed to build match row: SK Beveren vs Royal Standard Club de Liège

Keepers & outfield error for **Heart of Midlothian Football Club** in Hibernian Football Club vs Heart of Midlothian Football Club: Numbers: 0 and 11.
[3201272] Failed to build match row: Hibernian Football Club vs Heart of Midlothian Football Club
[3232468] Could not find attributes for dominik greif (Slovan Bratislava, 2019)
[3232468] Failed to build match row: Dundalk FC vs Slovan Bratislava
[2866198] Could not find attributes for timi lahti (Vaasan Palloseura, 2017)
[2866198] Failed to build match row: Vaasan Palloseura vs NK Olimpija Ljubljana
[2728653] Could not find attributes for anastasios avlonitis (Heart of Midlothian Football Club, 2016)
[2728653] Failed to build match row: Aberdeen Football Club vs Heart of Midlothian Football Club
[2700864] Could not find attributes for donny gorter (ADO Den Haag, 2016)
[2700864] Failed to build match row: Alkmaar Zaanstreek vs ADO Den Haag
[2342349] Could not find attributes for prince gouano (RKC Waalwijk, 2013)
[2505176] Could not find attributes for aythami alvarez (SD Huesca, 2014)
[2483330] Could not find attributes for pierre neurath bengtsson (Football Club København, 2014)
[2578194] Could not find attributes for vito mannone (Sunderland Association Football Club, 2015)
[2470361] Could not find attributes for semih guler (Eskisehirspor, 2014)
[2505176] Failed to build match row: SD Huesca vs Futbol Club Barcelona
[2754883] Could not find attributes for nils petersen (Sport-Club Freiburg, 2016)
[2342349] Failed to build match row: RKC Waalwijk vs Nooit Opgeven Altijd Doorzetten Aangenaam Door Vermaak En Nuttig Door Ontspanning Combinatie Breda

Keepers & outfield error for **Académico Viseu FC** in FC Penafiel vs Académico Viseu FC: Numbers: 2 and 9.

Keepers & outfield error for **Fußballklub Austria Wien** in Fußballklub Austria Wien vs Athlitiki Enosi Konstantinoupoleos: Numbers: 2 and 9.
[3213704] Failed to build match row: FC Penafiel vs Académico Viseu FC
[2483330] Failed to build match row: Football Club København vs Bayer 04 Leverkusen Fußball
[2578194] Failed to build match row: Newcastle United Football Club vs Sunderland Association Football Club
[2470361] Failed to build match row: Eskisehirspor vs Akhisarspor
[2754883] Failed to build match row: Sport-Club Freiburg vs SV Sandhausen
Not enough players found for lineup: 0, 11.
[2493717] Could not find attributes for aleksandr plotnikov (Enisey Krasnoyarsk, 2014)
[2919911] Failed to build match row: Fußballklub Austria Wien vs Athlitiki Enosi Konstantinoupoleos
[2366888] Failed to scrape lineup: https://www.transfermarkt.co.uk/spielbericht/index/spielbericht/2366888
[2493717] Failed to build match row: Enisey Krasnoyarsk vs FK Ufa
[2722777] Could not find attributes for reynaldo (Adanaspor, 2016)
[2722777] Failed to build match row: Adanaspor vs Ankaraspor
Not enough players found for lineup: 0, 11.
[3069757] Could not find attributes for adrien regattin (Akhisarspor, 2018)
[3069757] Failed to build match row: Akhisarspor vs Galatasaray Spor Kulübü
[2460572] Failed to scrape lineup: https://www.transfermarkt.co.uk/spielbericht/index/spielbericht/2460572
[2728654] Failed to scrape lineup: https://www.transfermarkt.co.uk/dundee-fc_aberdeen-fc/index/spielbericht/2728654
[2779486] Could not find attributes for patryk pietras (Kjellerup IF, 2016)
[2779486] Failed to build match row: Kjellerup IF vs Fodbold Club Midtjylland
[3258409] Could not find attributes for aleksandr kobzev (KamAZ Naberezhnye Chelny, 2019)
[3258409] Failed to build match row: KamAZ Naberezhnye Chelny vs FK Spartak Moskva
[3232469] Could not find attributes for omar migineishvili (Iberia 1999 Tbilisi, 2019)
[2899924] Could not find attributes for maxime lestienne (Málaga CF, 2017)
[3232469] Failed to build match row: Iberia 1999 Tbilisi vs FC Ararat-Armenia
[2899924] Failed to build match row: Málaga CF vs Getafe Club de Fútbol S. A. D. Team Dubai
[2527993] Could not find attributes for giannis anestis (Athlitiki Enosi Konstantinoupoleos, 2014)
[2527993] Failed to build match row: Athlitiki Enosi Konstantinoupoleos vs AOK Kerkyra
[2335738] Could not find attributes for rustam khudzhamov (FK Mariupol, 2013)
[2335738] Failed to build match row: FK Mariupol vs Goverla Uzhgorod (- 2016)
[3213705] Could not find attributes for jaime simoes (SC Covilhã, 2019)
[3213705] Failed to build match row: SC Covilhã vs Varzim SC
[2470362] Could not find attributes for fatih ciplak (Sivasspor, 2014)
[2698145] Could not find attributes for gareth mcauley (West Bromwich Albion, 2016)
[2470362] Failed to build match row: Sivasspor vs Trabzonspor Kulübü
[2698145] Failed to build match row: Liverpool Football Club vs West Bromwich Albion
[2384514] Could not find attributes for georgios georgakopoulos (A.G.S Asteras Tripolis, 2013)

Keepers & outfield error for **Göztepe Sportif Yatırımlar A.Ş.** in Göztepe Sportif Yatırımlar A.Ş. vs Akhisarspor: Numbers: 0 and 11.
[2384514] Failed to build match row: A.G.S Asteras Tripolis vs Olympiakos Syndesmos Filathlon Peiraios
[2883941] Failed to build match row: Göztepe Sportif Yatırımlar A.Ş. vs Akhisarspor
Not enough players found for lineup: 0, 11.
[2728655] Could not find attributes for reghan tumilty (Ross County FC, 2016)
[2728655] Failed to build match row: Ross County FC vs The Celtic Football Club
[2366889] Failed to scrape lineup: https://www.transfermarkt.co.uk/spielbericht/index/spielbericht/2366889
[2873162] Failed to scrape lineup: https://www.transfermarkt.co.uk/amkar-perm_fc-ufa/index/spielbericht/2873162
[2722778] Could not find attributes for loret sadiku (Kasımpaşa A.Ş., 2016)
[2722778] Failed to build match row: Fenerbahçe Spor Kulübü vs Kasımpaşa A.Ş.
[2460573] Could not find attributes for james coates (Airbus UK Broughton, 2014)
[2460573] Failed to build match row: Airbus UK Broughton vs FK Haugesund
[3258410] Could not find attributes for oleg smirnov (Mordovia Saransk (-2020), 2019)
[3258410] Failed to build match row: Mordovia Saransk (-2020) vs FK Rostov
[2958585] Could not find attributes for laurens paulussen (Yellow-Red Koninklijke Voetbalclub Mechelen, 2017)
[2958585] Failed to build match row: KV Oostende vs Yellow-Red Koninklijke Voetbalclub Mechelen
[2527994] Could not find attributes for stathis tavlaridis (Panathinaikos Athlitikos Omilos, 2014)
[2527994] Failed to build match row: Panathinaikos Athlitikos Omilos vs AO Xanthi
[2583589] Could not find attributes for arsen beglaryan (FC Ulisses Yerevan, 2015)
[2583589] Failed to build match row: FC Ulisses Yerevan vs Birkirkara FC
[2594060] Could not find attributes for petar grbic (Akhisarspor, 2015)
[2594060] Failed to build match row: Akhisarspor vs Konyaspor
[2328064] Could not find attributes for lukas pauschek (AC Sparta Praha, a. s., 2013)
[2328064] Failed to build match row: AC Sparta Praha, a. s. vs BK Häcken
[2611209] Could not find attributes for tino parisi (Catania FC, 2015)
[3069759] Could not find attributes for caner erkin (Beşiktaş Jimnastik Kulübü, 2018)
[2611209] Failed to build match row: Catania FC vs Cesena FC

Keepers & outfield error for **Ross County FC** in Motherwell Football Club vs Ross County FC: Numbers: 3 and 8.
[3069759] Failed to build match row: Fenerbahçe Spor Kulübü vs Beşiktaş Jimnastik Kulübü
[3201274] Failed to build match row: Motherwell Football Club vs Ross County FC
[2351352] Could not find attributes for dimitrios kyriakidis (AO Xanthi, 2013)
[2351352] Failed to build match row: AO Xanthi vs Royal Standard Club de Liège
[3141123] Could not find attributes for mounir el hamdaoui (Excelsior Rotterdam, 2018)
Not enough players found for lineup: 0, 11.

Keepers & outfield error for **Futebol Clube do Porto** in Lille Olympique Sporting Club vs Futebol Clube do Porto: Numbers: 0 and 11.
[2700866] Could not find attributes for dan crowley (Go Ahead Eagles, 2016)
[2483331] Failed to build match row: Lille Olympique Sporting Club vs Futebol Clube do Porto
[3141123] Failed to build match row: VVV-Venlo vs Excelsior Rotterdam
[2384515] Failed to scrape lineup: https://www.transfermarkt.co.uk/spielbericht/index/spielbericht/2384515
[2700866] Failed to build match row: Go Ahead Eagles vs Prins Hendrik Ende Desespereert Nimmer Combinatie Zwolle

Keepers & outfield error for **KAS Eupen** in Koninklijke Racing Club Genk vs KAS Eupen: Numbers: 2 and 9.

Keepers & outfield error for **Athletic Club Bilbao** in Athletic Club Bilbao vs Espanol: Numbers: 2 and 9.
[3232470] Could not find attributes for andre schurrle (FK Spartak Moskva, 2019)
[2958586] Failed to build match row: Koninklijke Racing Club Genk vs KAS Eupen
[2899925] Failed to build match row: Athletic Club Bilbao vs Espanol
[3232470] Failed to build match row: FK Spartak Moskva vs FC Thun
[2722779] Could not find attributes for tomas sivok (Bursaspor, 2016)
[2722779] Failed to build match row: Kayserispor Kulübü vs Bursaspor
[3047762] Could not find attributes for bafode diakite (Toulouse Football Club, 2018)

Keepers & outfield error for **Northampton Town** in Northampton Town vs Milton Keynes Dons: Numbers: 0 and 11.
[3047762] Failed to build match row: FC Girondins Bordeaux vs Toulouse Football Club

Keepers & outfield error for **Chelsea Football Club** in Southampton FC vs Chelsea Football Club: Numbers: 2 and 9.
[2646153] Failed to build match row: Northampton Town vs Milton Keynes Dons
[2698146] Failed to build match row: Southampton FC vs Chelsea Football Club
[2335739] Could not find attributes for maksim startsev (Metalurg Zaporizhya (-2016), 2013)
[2626451] Could not find attributes for theodoros berios (PAS Giannina, 2015)
[2335739] Failed to build match row: Metalurg Zaporizhya (-2016) vs Karpaty Lviv (-2021)
[2626451] Failed to build match row: PAS Giannina vs APS Atromitos Athinon
[2583590] Could not find attributes for jonathan joubert (F91 Dudelange, 2015)
[2583590] Failed to build match row: F91 Dudelange vs University College Dublin
[2594061] Could not find attributes for ugur demirok (Ankaraspor, 2015)
[2594061] Failed to build match row: Kayserispor Kulübü vs Ankaraspor

Keepers & outfield error for **SD Eibar** in SD Eibar vs Valencia Club de Fútbol S. A. D.: Numbers: 2 and 9.
[3084073] Could not find attributes for macia bennasar (UD Poblense, 2018)
[3079497] Failed to build match row: SD Eibar vs Valencia Club de Fútbol S. A. D.
[3084073] Failed to build match row: UD Poblense vs Ontinyent CF
[2470363] Could not find attributes for bertul kocabas (Kardemir Karabükspor, 2014)
[2470363] Failed to build match row: Kayseri Erciyesspor vs Kardemir Karabükspor
[3141124] Could not find attributes for mo dauda (Vitesse Arnhem, 2018)
[3141124] Failed to build match row: Vitesse Arnhem vs Nooit Opgeven Altijd Doorzetten Aangenaam Door Vermaak En Nuttig Door Ontspanning Combinatie Breda

Keepers & outfield error for **Società Sportiva Calcio Napoli** in Società Sportiva Calcio Napoli vs Associazione Calcio Fiorentina: Numbers: 2 and 9.
[2478881] Failed to build match row: Società Sportiva Calcio Napoli vs Associazione Calcio Fiorentina
[3223112] Could not find attributes for ertac ozbir (Gençlerbirliği Spor Kulübü, 2019)

Keepers & outfield error for **Strømsgodset IF** in Strømsgodset IF vs Debreceni VSC: Numbers: 0 and 11.
[3223112] Failed to build match row: Kasımpaşa A.Ş. vs Gençlerbirliği Spor Kulübü
[2328065] Failed to build match row: Strømsgodset IF vs Debreceni VSC
[2384516] Could not find attributes for fotis kipouros (Iraklis Thessaloniki, 2013)
[2384516] Failed to build match row: Panthessalonikios Athlitikos Omilos Konstantinoupoliton vs Iraklis Thessaloniki
[2883942] Could not find attributes for marvin emnes (Akhisarspor, 2017)

Keepers & outfield error for **Athletic Club Bilbao** in Società Sportiva Calcio Napoli vs Athletic Club Bilbao: Numbers: 2 and 9.
[2883942] Failed to build match row: Akhisarspor vs Yeni Malatyaspor
[2919913] Could not find attributes for eugen polanski (Turn- und Sportgemeinschaft 1899 Hoffenheim Fußball-Spielbetriebs, 2017)
[2483332] Failed to build match row: Società Sportiva Calcio Napoli vs Athletic Club Bilbao
[3232471] Could not find attributes for anton chichkan (BATE Borisov, 2019)
[2351353] Could not find attributes for dimitrios kyriakidis (AO Xanthi, 2013)
[2700867] Could not find attributes for hicham faik (Excelsior Rotterdam, 2016)
[2919913] Failed to build match row: Turn- und Sportgemeinschaft 1899 Hoffenheim Fußball-Spielbetriebs vs Ludogorets Razgrad
[2700867] Failed to build match row: Excelsior Rotterdam vs AFC Ajax Amsterdam
[2351353] Failed to build match row: Royal Standard Club de Liège vs AO Xanthi

Keepers & outfield error for **Alaves** in Alaves vs Real Madrid Club de Fútbol: Numbers: 2 and 9.
[3232471] Failed to build match row: BATE Borisov vs FK Sarajevo
[2722780] Could not find attributes for yevgen seleznyov (Kardemir Karabükspor, 2016)
[2718802] Failed to build match row: Alaves vs Real Madrid Club de Fútbol
[3100204] Could not find attributes for zivko zivkovic (AO Xanthi, 2018)
[2722780] Failed to build match row: Antalyaspor vs Kardemir Karabükspor
[3100204] Failed to build match row: AO Xanthi vs Panetolikos Agrinio
[2594062] Could not find attributes for sabri sarioglu (Galatasaray Spor Kulübü, 2015)
[2894124] Could not find attributes for borja lopez (HNK Hajduk Split, 2017)
[2493781] Could not find attributes for zizo (Lierse SK (- 2018), 2014)

Keepers & outfield error for **Royal Antwerp Football Club** in Royal Antwerp Football Club vs Royal Excel Mouscron (-2022): Numbers: 2 and 9.
[2899926] Could not find attributes for maksym koval (Deportivo de La Coruña, 2017)
[2894124] Failed to build match row: Brøndby Idrætsforening vs HNK Hajduk Split
[3258411] Could not find attributes for ilya abaev (Chertanovo Moscow, 2019)
[2958587] Failed to build match row: Royal Antwerp Football Club vs Royal Excel Mouscron (-2022)
[2899926] Failed to build match row: Valencia Club de Fútbol S. A. D. vs Deportivo de La Coruña
[2594062] Failed to build match row: Galatasaray Spor Kulübü vs Sivasspor
[2493781] Failed to build match row: SK Beveren vs Lierse SK (- 2018)
[3047763] Could not find attributes for sanjin prcic (Racing Club de Strasbourg Alsace, 2018)
[3258411] Failed to build match row: Chertanovo Moscow vs FC Orenburg
[3047763] Failed to build match row: SM Caen vs Racing Club de Strasbourg Alsace
[2626452] Could not find attributes for miguel vitor (Panthessalonikios Athlitikos Omilos Konstantinoupoliton, 2015)
[2335740] Could not find attributes for dmytro bezotosnyi (Chornomorets Odesa, 2013)
[2626452] Failed to build match row: Panthessalonikios Athlitikos Omilos Konstantinoupoliton vs Athlitiki Enosi Konstantinoupoleos
[3069760] Could not find attributes for umut meras (Bursaspor, 2018)
[2335740] Failed to build match row: Chornomorets Odesa vs Volyn Lutsk
[3069760] Failed to build match row: Bursaspor vs İstanbul Başakşehir Futbol Kulübü
[2505177] Could not find attributes for xavi pelegri (UE Cornellà, 2014)
[2470364] Could not find attributes for guy michel landel (Gençlerbirliği Spor Kulübü, 2014)
[3223113] Could not find attributes for farouk miya (Konyaspor, 2019)
[2505177] Failed to build match row: UE Cornellà vs Real Madrid Club de Fútbol
[3141125] Could not find attributes for azor matusiwa (De Graafschap Doetinchem, 2018)
[3223113] Failed to build match row: Konyaspor vs Beşiktaş Jimnastik Kulübü
[2866199] Could not find attributes for kai edwards (Connah's Quay Nomads, 2017)
[2470364] Failed to build match row: Beşiktaş Jimnastik Kulübü vs Gençlerbirliği Spor Kulübü
[2866199] Failed to build match row: Connah's Quay Nomads vs HJK Helsinki
[3141125] Failed to build match row: De Graafschap Doetinchem vs ADO Den Haag
[2604137] Could not find attributes for albano bizzarri (Chievo Verona, 2015)
[2604137] Failed to build match row: Associazione Calcio Fiorentina vs Chievo Verona
[2779488] Could not find attributes for hasan kurucay (Naestved Boldklub, 2016)
[2754885] Could not find attributes for brian koglin (Fußball-Club St. Pauli von 1910, 2016)
[2779488] Failed to build match row: Naestved Boldklub vs FC Roskilde
[2754885] Failed to build match row: Fußball-Club St. Pauli von 1910 vs Hertha BSC
[2483333] Could not find attributes for jasmin handanovic (NK Maribor, 2014)
[2483333] Failed to build match row: The Celtic Football Club vs NK Maribor

Keepers & outfield error for **Verona Hellas Football Club** in Verona Hellas Football Club vs Football Club Internazionale Milano S.p.A.: Numbers: 0 and 11.
[2478882] Failed to build match row: Verona Hellas Football Club vs Football Club Internazionale Milano S.p.A.

Keepers & outfield error for **CD Leganés** in CD Leganés vs Real Sociedad de Fútbol S.A.D.: Numbers: 2 and 9.
[2460574] Could not find attributes for marko potezica (Sliema Wanderers, 2014)
[2718803] Failed to build match row: CD Leganés vs Real Sociedad de Fútbol S.A.D.
[2460574] Failed to build match row: Sliema Wanderers vs Ferencvárosi TC
[2728659] Could not find attributes for niall keown (Partick Thistle FC, 2016)
[2583591] Could not find attributes for salahat agayev (FK Inter Baku, 2015)
[2700868] Could not find attributes for samuel armenteros (Heracles Almelo, 2016)
[3209379] Could not find attributes for davit kobouri (Dinamo Tbilisi, 2019)
[2894125] Could not find attributes for borja lopez (HNK Hajduk Split, 2017)
[2728659] Failed to build match row: Partick Thistle FC vs Motherwell Football Club
[2342353] Could not find attributes for gyliano van velzen (Football Club Utrecht, 2013)
[2722781] Could not find attributes for ryan babel (Beşiktaş Jimnastik Kulübü, 2016)
[2700868] Failed to build match row: Sparta Rotterdam vs Heracles Almelo
[2583591] Failed to build match row: FK Inter Baku vs KF Laçi

Keepers & outfield error for **Royal Sporting Club Anderlecht** in Club Brugge Koninklijke Voetbalvereniging vs Royal Sporting Club Anderlecht: Numbers: 0 and 11.
[2722781] Failed to build match row: Beşiktaş Jimnastik Kulübü vs Akhisarspor
[2626453] Could not find attributes for anestis anastasiadis (AEL Kalloni, 2015)
[3209379] Failed to build match row: Dinamo Tbilisi vs UE Engordany
[2493782] Failed to build match row: Club Brugge Koninklijke Voetbalvereniging vs Royal Sporting Club Anderlecht
[2894125] Failed to build match row: HNK Hajduk Split vs Brøndby Idrætsforening
[2626453] Failed to build match row: AEL Kalloni vs Panetolikos Agrinio

Keepers & outfield error for **Beşiktaş Jimnastik Kulübü** in Beşiktaş Jimnastik Kulübü vs Galatasaray Spor Kulübü: Numbers: 2 and 9.
[3258412] Could not find attributes for dmitriy khomich (FC Khimki (-2025), 2019)
[3100205] Could not find attributes for ogmundur kristinsson (Athlitiki Enosi Larisas, 2018)

Keepers & outfield error for **Real Betis Balompié S.A.D.** in CD Leganés vs Real Betis Balompié S.A.D.: Numbers: 2 and 9.
[2883943] Failed to build match row: Beşiktaş Jimnastik Kulübü vs Galatasaray Spor Kulübü
[2698148] Could not find attributes for gareth mcauley (West Bromwich Albion, 2016)
[3100205] Failed to build match row: Athlitiki Enosi Larisas vs Panathinaikos Athlitikos Omilos
[3258412] Failed to build match row: FC Khimki (-2025) vs FC Rubin Kazan
[3232472] Could not find attributes for algis jankauskas (FK Suduva Marijampole, 2019)
[3047764] Could not find attributes for rafael leao (Lille Olympique Sporting Club, 2018)
[2698148] Failed to build match row: West Bromwich Albion vs Burnley Football Club
[2899927] Failed to build match row: CD Leganés vs Real Betis Balompié S.A.D.
[2919914] Could not find attributes for orges shehi (KF Skënderbeu, 2017)
[3047764] Failed to build match row: Lille Olympique Sporting Club vs Montpellier HSC
[3232472] Failed to build match row: FK Suduva Marijampole vs Maccabi Tel Aviv
[2919914] Failed to build match row: Berner Sport Club Young Boys vs KF Skënderbeu
[2335741] Could not find attributes for oleksandr nad (Goverla Uzhgorod (- 2016), 2013)
[2328066] Could not find attributes for ivan karadzhov (Beroe Stara Zagora, 2013)
[2866200] Could not find attributes for beitir olafsson (KR Reykjavík, 2017)
[3299457] Could not find attributes for dimitri lavalee (Royal Standard Club de Liège, 2019)
[2866200] Failed to build match row: KR Reykjavík vs SJK Seinäjoki
[2328066] Failed to build match row: Beroe Stara Zagora vs Hapoel Tel Aviv
[3069761] Could not find attributes for mostapha el kabir (MKE Ankaragücü, 2018)
[2335741] Failed to build match row: Goverla Uzhgorod (- 2016) vs FK Sevastopol (- 2014)

Keepers & outfield error for **Saint Mirren Football Club** in Saint Mirren Football Club vs Aberdeen Football Club: Numbers: 2 and 9.
[3069761] Failed to build match row: MKE Ankaragücü vs Antalyaspor
[3299457] Failed to build match row: Royal Standard Club de Liège vs Koninklijke Atletiek Associatie Gent
[2578198] Could not find attributes for christian fuchs (Leicester City, 2015)
[3395481] Failed to build match row: Saint Mirren Football Club vs Aberdeen Football Club

Keepers & outfield error for **Trapani Calcio** in Trapani Calcio vs Cagliari Calcio: Numbers: 0 and 11.
[2578198] Failed to build match row: Leicester City vs Southampton FC
[2611211] Failed to build match row: Trapani Calcio vs Cagliari Calcio
[2351354] Could not find attributes for lukas schenkel (FC Thun, 2013)
[2470374] Could not find attributes for maksime kvilitaia (Chikhura Sachkhere, 2014)
[2604138] Could not find attributes for gianluigi donnarumma (Associazione Calcio Milan, 2015)
[2470374] Failed to build match row: Chikhura Sachkhere vs Bursaspor
[2351354] Failed to build match row: BK Häcken vs FC Thun
[2478883] Could not find attributes for marco storari (Juventus Football Club, 2014)
[3223114] Could not find attributes for ponck (İstanbul Başakşehir Futbol Kulübü, 2019)
[2604138] Failed to build match row: Frosinone Calcio vs Associazione Calcio Milan
[2478883] Failed to build match row: Parma Calcio 1913 vs Juventus Football Club
[3223114] Failed to build match row: Galatasaray Spor Kulübü vs İstanbul Başakşehir Futbol Kulübü
[3141126] Could not find attributes for andrej lukic (FC Emmen, 2018)
[2493783] Could not find attributes for boubacar copa (KSC Lokeren (- 2020), 2014)
[3141126] Failed to build match row: Feyenoord Rotterdam vs FC Emmen
[2493783] Failed to build match row: KSC Lokeren (- 2020) vs Royal Standard Club de Liège

Keepers & outfield error for **Málaga CF** in Club Atlético de Madrid S.A.D. vs Málaga CF: Numbers: 0 and 11.
[2718804] Failed to build match row: Club Atlético de Madrid S.A.D. vs Málaga CF
[3084074] Could not find attributes for alpha bakayoko (Club Lleida Esportiu, 2018)
[3084074] Failed to build match row: Club Lleida Esportiu vs CD Teruel

Keepers & outfield error for **Real Valladolid CF** in Real Valladolid CF vs Club Atlético de Madrid S.A.D.: Numbers: 2 and 9.
[3079500] Failed to build match row: Real Valladolid CF vs Club Atlético de Madrid S.A.D.
[3258413] Could not find attributes for artur anisimov (FK Nizhny Novgorod, 2019)
[3258413] Failed to build match row: FK Nizhny Novgorod vs FK Krasnodar
[2505178] Could not find attributes for oliver sanchez (CE L'Hospitalet, 2014)
[2505178] Failed to build match row: CE L'Hospitalet vs Club Atlético de Madrid S.A.D.

Keepers & outfield error for **Levante Unión Deportiva S.A.D.** in Levante Unión Deportiva S.A.D. vs Club Atlético de Madrid S.A.D.: Numbers: 2 and 9.
[2698149] Could not find attributes for jordi amat (Swansea City, 2016)
[2384531] Could not find attributes for marian kello (Saint Mirren Football Club, 2013)
[2698149] Failed to build match row: Everton Football Club vs Swansea City
[2899928] Failed to build match row: Levante Unión Deportiva S.A.D. vs Club Atlético de Madrid S.A.D.
[2626454] Could not find attributes for dusan pernis (Iraklis Thessaloniki, 2015)
[2384531] Failed to build match row: Dundee United Football Club vs Saint Mirren Football Club
[3100206] Could not find attributes for balazs megyeri (APS Atromitos Athinon, 2018)
[2626454] Failed to build match row: Iraklis Thessaloniki vs AO Xanthi
[3100206] Failed to build match row: APS Atromitos Athinon vs PAS Lamia 1964
[2754886] Could not find attributes for takuma asano (Verein für Bewegungsspiele Stuttgart 1893, 2016)
[2367030] Could not find attributes for johan sellberg wiland (Football Club København, 2013)
[2754886] Failed to build match row: Mönchengladbach vs Verein für Bewegungsspiele Stuttgart 1893
[2367030] Failed to build match row: Football Club København vs Juventus Football Club
[2958589] Could not find attributes for jakov filipovic (KSC Lokeren (- 2020), 2017)
[2958589] Failed to build match row: Club Brugge Koninklijke Voetbalvereniging vs KSC Lokeren (- 2020)
[3047765] Could not find attributes for pedro rebocho (EA Guingamp, 2018)
[3209380] Could not find attributes for scot whiteside (Ballymena United FC, 2019)
[3047765] Failed to build match row: Olympique Lyonnais vs EA Guingamp
[3209380] Failed to build match row: Malmö Fotbollförening vs Ballymena United FC
[2779490] Could not find attributes for mads greve (Vendsyssel FF, 2016)
[2646156] Could not find attributes for tommy oar (Ipswich Town, 2015)
[2483335] Could not find attributes for marios antoniadis (APOEL Nicosia, 2014)
[2779490] Failed to build match row: Vendsyssel FF vs HB Köge
[2335742] Could not find attributes for oleksandr ilyushchenkov (Karpaty Lviv (-2021), 2013)
[2883944] Could not find attributes for patrick friday eze (Konyaspor, 2017)
[2646156] Failed to build match row: Ipswich Town vs Portsmouth FC
[2483335] Failed to build match row: APOEL Nicosia vs Aalborg BK
[2919915] Could not find attributes for georgiy bushchan (Futbolniy Klub Dynamo Kyiv, 2017)
[2335742] Failed to build match row: Karpaty Lviv (-2021) vs Chornomorets Odesa
[2919915] Failed to build match row: Futbolniy Klub Dynamo Kyiv vs Fudbalski Klub Partizan Beograd
[2883944] Failed to build match row: Konyaspor vs Bursaspor
[2873167] Could not find attributes for dmitriy tarasov (Футбольный клуб "Локомотив" Москва, 2017)

Keepers & outfield error for **Verona Hellas Football Club** in Verona Hellas Football Club vs Foggia Calcio: Numbers: 0 and 11.
[2873167] Failed to build match row: FC Rubin Kazan vs Футбольный клуб "Локомотив" Москва

Keepers & outfield error for **Çaykur Rizespor Kulübü** in Çaykur Rizespor Kulübü vs Fenerbahçe Spor Kulübü: Numbers: 0 and 11.
[2611212] Failed to build match row: Verona Hellas Football Club vs Foggia Calcio
[2722782] Could not find attributes for olcay sahan (Trabzonspor Kulübü, 2016)
[2722782] Failed to build match row: Konyaspor vs Trabzonspor Kulübü
[2583592] Could not find attributes for borislav topic (Kalju FC, 2015)
[3069762] Failed to build match row: Çaykur Rizespor Kulübü vs Fenerbahçe Spor Kulübü
[2478884] Could not find attributes for molla wague (Udinese Calcio, 2014)
[2478884] Failed to build match row: Udinese Calcio vs Palermo FC
[2583592] Failed to build match row: Kalju FC vs FK Aktobe
[2328067] Could not find attributes for nukri revishvili (FC Dila Gori, 2013)
[3258414] Could not find attributes for stanislav buchnev (Fakel Voronezh, 2019)
[2470375] Could not find attributes for joris mathijsen (Feyenoord Rotterdam, 2014)

Keepers & outfield error for **Olympiakos Syndesmos Filathlon Peiraios** in Olympiakos Syndesmos Filathlon Peiraios vs PAS Giannina: Numbers: 0 and 11.
[3100207] Could not find attributes for nikolaos papadopoulos (A.G.S Asteras Tripolis, 2018)
[2470375] Failed to build match row: Feyenoord Rotterdam vs Beşiktaş Jimnastik Kulübü
[2626455] Failed to build match row: Olympiakos Syndesmos Filathlon Peiraios vs PAS Giannina
[2328067] Failed to build match row: FC Dila Gori vs Aalborg BK
[3258414] Failed to build match row: Fakel Voronezh vs Arsenal Tula
[3141127] Could not find attributes for mounir el hamdaoui (Excelsior Rotterdam, 2018)
[2384532] Could not find attributes for darren dods (Forfar Athletic FC, 2013)
[3100207] Failed to build match row: Olympiakos Syndesmos Filathlon Peiraios vs A.G.S Asteras Tripolis
[2460575] Could not find attributes for vasja simcic (ND Gorica, 2014)
[2700870] Could not find attributes for ouasim bouy (Prins Hendrik Ende Desespereert Nimmer Combinatie Zwolle, 2016)
[3141127] Failed to build match row: Excelsior Rotterdam vs Eindhovense Voetbalvereniging Philips Sport Vereniging

Keepers & outfield error for **Aberdeen Football Club** in Aberdeen Football Club vs Ross County FC: Numbers: 0 and 11.
[2528146] Could not find attributes for andrej kramaric (Leicester City, 2014)
[2384532] Failed to build match row: Forfar Athletic FC vs St. Johnstone FC
[2894126] Could not find attributes for plamen dimov (Botev Plovdiv, 2017)

Keepers & outfield error for **Sport Lisboa e Benfica** in Sport Lisboa e Benfica vs Royal Sporting Club Anderlecht: Numbers: 2 and 9.
[2700870] Failed to build match row: Prins Hendrik Ende Desespereert Nimmer Combinatie Zwolle vs Excelsior Rotterdam
[2779491] Could not find attributes for ronny raun (Boldklubben af 1893, 2016)
[2894126] Failed to build match row: Botev Plovdiv vs CS Marítimo
[2460575] Failed to build match row: Molde Fotballklubb vs ND Gorica
[3395482] Failed to build match row: Aberdeen Football Club vs Ross County FC
[2528146] Failed to build match row: Tottenham Hotspur Football Club vs Leicester City
[2367031] Failed to build match row: Sport Lisboa e Benfica vs Royal Sporting Club Anderlecht
[2779491] Failed to build match row: Boldklubben af 1893 vs Football Club København
[2493785] Could not find attributes for stipe pletikosa (FK Rostov, 2014)
[2493785] Failed to build match row: FK Rostov vs FC Rubin Kazan
[3209381] Could not find attributes for dayle coleing (Europa FC, 2019)
[3209381] Failed to build match row: Europa FC vs Legia Warszawa Spółka Akcyjna
[2335743] Could not find attributes for vitaliy nedilko (Volyn Lutsk, 2013)
[2483336] Could not find attributes for georgi terziev (Ludogorets Razgrad, 2014)
[2335743] Failed to build match row: Volyn Lutsk vs FC Shakhtar Donetsk
[2483336] Failed to build match row: Ludogorets Razgrad vs SC Fotbal Club FCSB SA
[2722783] Could not find attributes for badou ndiaye (Ankaraspor, 2016)
[2866201] Could not find attributes for artur kartashyan (FC Pyunik Yerevan, 2017)
[3223115] Could not find attributes for furkan soyalp (Gaziantep Futbol Kulübü A.Ş., 2019)
[3223115] Failed to build match row: Antalyaspor vs Gaziantep Futbol Kulübü A.Ş.
[2866201] Failed to build match row: FC Pyunik Yerevan vs Slovan Bratislava
[2611213] Could not find attributes for davide facchin (FC Pavia 1911, 2015)
[2722783] Failed to build match row: Ankaraspor vs İstanbul Başakşehir Futbol Kulübü
[2919916] Could not find attributes for jan lastuvka (SK Slavia Praha, a.s., 2017)
[2611213] Failed to build match row: Bologna Football Club 1909 vs FC Pavia 1911
[2919916] Failed to build match row: SK Slavia Praha, a.s. vs FC Astana
[3232913] Could not find attributes for berkay sulungoz (FC Vaduz, 2019)
[2698150] Could not find attributes for diafra sakho (West Ham United Football Club, 2016)
[3069763] Could not find attributes for jose sosa (Trabzonspor Kulübü, 2018)
[2698150] Failed to build match row: Manchester United Football Club vs West Ham United Football Club
[2883945] Could not find attributes for volkan demirel (Fenerbahçe Spor Kulübü, 2017)

Keepers & outfield error for **Futbol Club Barcelona** in Futbol Club Barcelona vs Granada CF: Numbers: 2 and 9.
[3069763] Failed to build match row: Trabzonspor Kulübü vs Kasımpaşa A.Ş.

Keepers & outfield error for **Ross County FC** in Kilmarnock Football Club vs Ross County FC: Numbers: 3 and 8.
[2883945] Failed to build match row: Fenerbahçe Spor Kulübü vs Kasımpaşa A.Ş.
[3201279] Failed to build match row: Kilmarnock Football Club vs Ross County FC
[2718806] Failed to build match row: Futbol Club Barcelona vs Granada CF
[3232913] Failed to build match row: FC Vaduz vs Eintracht Frankfurt Fußball AG
[2583593] Could not find attributes for konstantinos panagi (Omonia Nicosia, 2015)
[2583593] Failed to build match row: Omonia Nicosia vs Dinamo Batumi
[2626456] Could not find attributes for stathis tavlaridis (Panathinaikos Athlitikos Omilos, 2015)
[2626456] Failed to build match row: Panathinaikos Athlitikos Omilos vs AO Platanias
[2578200] Could not find attributes for vito mannone (Sunderland Association Football Club, 2015)
[2578200] Failed to build match row: Sunderland Association Football Club vs Everton Football Club
[3084075] Could not find attributes for ismael heredia (CD Don Benito, 2018)

Keepers & outfield error for **Real Betis Balompié S.A.D.** in Espanol vs Real Betis Balompié S.A.D.: Numbers: 2 and 9.
[3100208] Could not find attributes for julian cuesta (Aris Thessalonikis, 2018)
[3084075] Failed to build match row: CD Don Benito vs FC Cartagena
[2470376] Could not find attributes for joris mathijsen (Feyenoord Rotterdam, 2014)
[3258415] Could not find attributes for azamat shogenov (Chernomorets Novorossijsk, 2019)
[3258415] Failed to build match row: Chernomorets Novorossijsk vs Ural Yekaterinburg
[2470376] Failed to build match row: Beşiktaş Jimnastik Kulübü vs Feyenoord Rotterdam
[3100208] Failed to build match row: Aris Thessalonikis vs APO Levadiakos Football Club
[3079502] Failed to build match row: Espanol vs Real Betis Balompié S.A.D.

Keepers & outfield error for **Alaves** in Alaves vs Futbol Club Barcelona: Numbers: 2 and 9.
Not enough players found for lineup: 0, 11.
[2351356] Could not find attributes for luka bilobrk (NK Siroki Brijeg, 2013)
[2899930] Failed to build match row: Alaves vs Futbol Club Barcelona
[2384533] Could not find attributes for frank mckeown (Stranraer FC, 2013)
[2328068] Could not find attributes for milos volesak (AS Trencin, 2013)
[2351356] Failed to build match row: NK Siroki Brijeg vs Udinese Calcio
[2779492] Failed to scrape lineup: https://www.transfermarkt.co.uk/spielbericht/index/spielbericht/2779492
[2873169] Could not find attributes for aleksandr belenov (FK Ufa, 2017)
[2384533] Failed to build match row: Stranraer FC vs Inverness Caledonian Thistle FC

Keepers & outfield error for **Association sportive de Monaco Football Club** in Association sportive de Monaco Football Club vs Football Club de Nantes: Numbers: 2 and 9.

Keepers & outfield error for **AO FK Zenit Sankt-Peterburg** in AO FK Zenit Sankt-Peterburg vs FK Dinamo Moskva: Numbers: 2 and 9.
[2873169] Failed to build match row: FK Ufa vs FK Rostov
[2328068] Failed to build match row: Idrottsföreningen Kamraterna Göteborg vs AS Trencin
[2493786] Failed to build match row: AO FK Zenit Sankt-Peterburg vs FK Dinamo Moskva
[3047767] Failed to build match row: Association sportive de Monaco Football Club vs Football Club de Nantes

Keepers & outfield error for **CD Mafra** in UD Oliveirense vs CD Mafra: Numbers: 3 and 8.

Keepers & outfield error for **Olympiakos Syndesmos Filathlon Peiraios** in Olympiakos Syndesmos Filathlon Peiraios vs Paris Saint-Germain Football Club: Numbers: 0 and 11.
[2483337] Could not find attributes for sergey chernik (BATE Borisov, 2014)
[3213706] Failed to build match row: UD Oliveirense vs CD Mafra
[2367032] Failed to build match row: Olympiakos Syndesmos Filathlon Peiraios vs Paris Saint-Germain Football Club
[2478886] Could not find attributes for ignazio abate (Associazione Calcio Milan, 2014)
[2335744] Could not find attributes for dmitriy nepogodov (Vorskla Poltava, 2013)
[2483337] Failed to build match row: BATE Borisov vs Slovan Bratislava
 2016)

Keepers & outfield error for **Burnley Football Club** in Stoke City vs Burnley Football Club: Numbers: 0 and 11.
[2335744] Failed to build match row: Vorskla Poltava vs Metalist Kharkiv (- 2016)
[2722784] Failed to build match row: Kasımpaşa A.Ş. vs Bursaspor
[2894127] Could not find attributes for plamen dimov (Botev Plovdiv, 2017)
[2478886] Failed to build match row: Associazione Calcio Milan vs UC Sampdoria
[2698151] Failed to build match row: Stoke City vs Burnley Football Club
[2894127] Failed to build match row: CS Marítimo vs Botev Plovdiv
[2460576] Could not find attributes for lukas hrosso (FC Slovan Liberec, 2014)
[2505179] Could not find attributes for francis ferron (CD Alcoyano, 2014)
[3209382] Could not find attributes for garry breen (Cliftonville FC, 2019)
[2611214] Could not find attributes for albano bizzarri (Chievo Verona, 2015)
[3069764] Could not find attributes for david braz (Sivasspor, 2018)
[3209382] Failed to build match row: Cliftonville FC vs FK Haugesund
[2460576] Failed to build match row: FC Slovan Liberec vs MFK Kosice
919
[3069764] Failed to build match row: Sivasspor vs Bursaspor
[2700872] Could not find attributes for samuel armenteros (Heracles Almelo, 2016)
[3232914] Could not find attributes for berkay sulungoz (FC Vaduz, 2019)
[2700872] Failed to build match row: Heracles Almelo vs Sportclub Heerenveen
[3232914] Failed to build match row: Eintracht Frankfurt Fußball AG vs FC Vaduz

Keepers & outfield error for **Göztepe Sportif Yatırımlar A.Ş.** in Kardemir Karabükspor vs Göztepe Sportif Yatırımlar A.Ş.: Numbers: 0 and 11.
[2728662] Could not find attributes for tom hateley (Dundee Football Club, 2016)
[2883946] Failed to build match row: Kardemir Karabükspor vs Göztepe Sportif Yatırımlar A.Ş.
[2626457] Could not find attributes for panagiotis tsintotas (APO Levadiakos Football Club, 2015)
[2583594] Could not find attributes for pyry karkkainen (FC Lahti, 2015)
[2728662] Failed to build match row: Dundee Football Club vs Hamilton Academical FC
[2626457] Failed to build match row: APO Levadiakos Football Club vs A.G.S Asteras Tripolis
[2583594] Failed to build match row: Idrottsföreningen Elfsborg vs FC Lahti
[2384538] Could not find attributes for khalid askri (Raja Club Athletic, 2013)
[3300405] Could not find attributes for christos mandas (APS Atromitos Athinon, 2019)
[2384538] Failed to build match row: Raja Club Athletic vs Club de Fútbol Monterrey Rayados A.C.
[3300405] Failed to build match row: APS Atromitos Athinon vs Volou Neos Podosferikos Syllogos
[2470812] Could not find attributes for stipe pletikosa (FK Rostov, 2014)
[3104584] Could not find attributes for nikolaos papadopoulos (A.G.S Asteras Tripolis, 2018)
[3141129] Could not find attributes for lasse schone (AFC Ajax Amsterdam, 2018)
[2470812] Failed to build match row: PFK CSKA Moskva vs FK Rostov
[3141129] Failed to build match row: AFC Ajax Amsterdam vs Prins Hendrik Ende Desespereert Nimmer Combinatie Zwolle
[3104584] Failed to build match row: A.G.S Asteras Tripolis vs Apollon Smyrnis

Keepers & outfield error for **Villarreal Club de Fútbol S.A.D.** in Villarreal Club de Fútbol S.A.D. vs Maccabi Tel Aviv: Numbers: 2 and 9.
[2919917] Failed to build match row: Villarreal Club de Fútbol S.A.D. vs Maccabi Tel Aviv
[2866202] Could not find attributes for riccardo santini (SP Tre Penne, 2017)
[2528845] Could not find attributes for sergiy pogorilyi (Metalist Kharkiv (- 2016), 2014)
[3047768] Could not find attributes for julio tavares (Dijon FCO, 2018)
[2528845] Failed to build match row: Metalist Kharkiv (- 2016) vs Volyn Lutsk
[2866202] Failed to build match row: SP Tre Penne vs Rabotnicki Skopje
[3047768] Failed to build match row: Nîmes Olympique vs Dijon FCO
[2722785] Could not find attributes for marquinhos pedroso (Gaziantepspor (- 2020), 2016)
[2351357] Could not find attributes for luka bilobrk (NK Siroki Brijeg, 2013)
[2351357] Failed to build match row: Udinese Calcio vs NK Siroki Brijeg

Keepers & outfield error for **Göztepe Sportif Yatırımlar A.Ş.** in Alanyaspor vs Göztepe Sportif Yatırımlar A.Ş.: Numbers: 0 and 11.
[2722785] Failed to build match row: Gaziantepspor (- 2020) vs Fenerbahçe Spor Kulübü
[2754888] Could not find attributes for florian neuhaus (TSV 1860 Munich, 2016)
[2335745] Could not find attributes for vasyl pryima (Metalurg Donetsk (- 2015), 2013)
[2754888] Failed to build match row: Würzburger Kickers vs TSV 1860 Munich
[3223117] Failed to build match row: Alanyaspor vs Göztepe Sportif Yatırımlar A.Ş.
[2335745] Failed to build match row: Metalurg Donetsk (- 2015) vs Dnipro Dnipropetrovsk (-2020)
[2626458] Could not find attributes for nikolaos papadopoulos (Panionios Athens, 2015)
[3058467] Could not find attributes for oscar wendt (Mönchengladbach, 2018)

Keepers & outfield error for **UD Las Palmas** in UD Las Palmas vs SD Eibar: Numbers: 2 and 9.
[2728663] Could not find attributes for myles beerman (Rangers Football Club, 2016)
[2894128] Could not find attributes for radanfah abu bakr (FK Suduva Marijampole, 2017)
[2626458] Failed to build match row: Panionios Athens vs Panthrakikos Komotini
[3069765] Could not find attributes for erkan kas (Yeni Malatyaspor, 2018)
[3058467] Failed to build match row: Verein für Leibesübungen Wolfsburg vs Mönchengladbach
[2700873] Could not find attributes for derrick tshimanga (Willem II Tilburg, 2016)
[2894128] Failed to build match row: FK Suduva Marijampole vs FC Sion
[2700873] Failed to build match row: Football Club Utrecht vs Willem II Tilburg
[3069765] Failed to build match row: İstanbul Başakşehir Futbol Kulübü vs Yeni Malatyaspor
[3258416] Could not find attributes for aleksey kenyaykin (Torpedo Moscow, 2019)
[2718808] Failed to build match row: UD Las Palmas vs SD Eibar
[2728663] Failed to build match row: Rangers Football Club vs Partick Thistle FC
[2473447] Could not find attributes for nicholas allievi (UC AlbinoLeffe, 2014)
[3258416] Failed to build match row: Torpedo Moscow vs PFK Krylya Sovetov Samara
[2473447] Failed to build match row: UC AlbinoLeffe vs AC Renate
[2460577] Could not find attributes for ionut larie (Fotbal Club CFR 1907 Cluj SA, 2014)
[3209383] Could not find attributes for sebastien flauss (FC Progrès Niederkorn, 2019)
[3300406] Could not find attributes for georgios delizisis (Aris Thessalonikis, 2019)
[2578202] Could not find attributes for marcus rashford (Manchester United Football Club, 2015)
[3232963] Could not find attributes for roberts ozols (Riga FC, 2019)
[2460577] Failed to build match row: Fotbal Club CFR 1907 Cluj SA vs FK Jagodina
[2328069] Could not find attributes for ondrej svejdik (AC Sparta Praha, a. s., 2013)
[3300406] Failed to build match row: Aris Thessalonikis vs AO Xanthi
[3232963] Failed to build match row: Riga FC vs HJK Helsinki
[3104585] Could not find attributes for balazs megyeri (APS Atromitos Athinon, 2018)
[3209383] Failed to build match row: Cork City FC vs FC Progrès Niederkorn
[2578202] Failed to build match row: Manchester City Football Club vs Manchester United Football Club
[2328069] Failed to build match row: BK Häcken vs AC Sparta Praha, a. s.
[3104585] Failed to build match row: APS Atromitos Athinon vs Athlitiki Enosi Larisas

Keepers & outfield error for **Yeclano Deportivo** in Yeclano Deportivo vs UD Melilla: Numbers: 0 and 11.

Keepers & outfield error for **Casa Pia Atlético Clube** in Casa Pia Atlético Clube vs UD Vilafranquense: Numbers: 2 and 9.
[2493788] Could not find attributes for joaozinho (FK Krasnodar, 2014)
[3084076] Failed to build match row: Yeclano Deportivo vs UD Melilla
[3213707] Failed to build match row: Casa Pia Atlético Clube vs UD Vilafranquense
[2493788] Failed to build match row: FK Krasnodar vs FK Ufa

Keepers & outfield error for **Málaga CF** in Girona Fútbol Club S. A. D. vs Málaga CF: Numbers: 0 and 11.
[2528846] Could not find attributes for maksim startsev (Metalurg Zaporizhya (-2016), 2014)
[2528846] Failed to build match row: Metalurg Zaporizhya (-2016) vs FK Mariupol
[2899932] Failed to build match row: Girona Fútbol Club S. A. D. vs Málaga CF
[2505180] Could not find attributes for aitor arregi (Cádiz CF, 2014)
[2505180] Failed to build match row: Cádiz CF vs Villarreal Club de Fútbol S.A.D.

Keepers & outfield error for **Chelsea Football Club** in Chelsea Football Club vs Everton Football Club: Numbers: 2 and 9.
[2698153] Failed to build match row: Chelsea Football Club vs Everton Football Club

Keepers & outfield error for **Heart of Midlothian Football Club** in Saint Mirren Football Club vs Heart of Midlothian Football Club: Numbers: 0 and 11.
[3201282] Failed to build match row: Saint Mirren Football Club vs Heart of Midlothian Football Club
[3223118] Could not find attributes for afriyie acquah (Yeni Malatyaspor, 2019)
[3223118] Failed to build match row: Yeni Malatyaspor vs Fenerbahçe Spor Kulübü
[2367034] Could not find attributes for matus kozacik (FC Viktoria Plzeň, a.s., 2013)
[2367034] Failed to build match row: FC Viktoria Plzeň, a.s. vs Manchester City Football Club
[2583595] Could not find attributes for nauris bulvitis (FK Spartaks Jurmala, 2015)
[2583595] Failed to build match row: FK Spartaks Jurmala vs Buducnost Podgorica
[2342359] Could not find attributes for gyliano van velzen (Football Club Utrecht, 2013)
[2342359] Failed to build match row: SC Cambuur Leeuwarden vs Football Club Utrecht
[2478888] Could not find attributes for andrea masiello (Atalanta Bergamasca Calcio S.p.a., 2014)
[2335746] Could not find attributes for krsevan santini (FC Zorya Lugansk, 2013)
[2478888] Failed to build match row: Associazione Sportiva Roma vs Atalanta Bergamasca Calcio S.p.a.
[2335746] Failed to build match row: FC Zorya Lugansk vs Futbolniy Klub Dynamo Kyiv

Keepers & outfield error for **Stade Reims** in Stade Reims vs Rennes: Numbers: 2 and 9.
[2794237] Could not find attributes for chris holroyd (Macclesfield Town FC, 2016)
[3047769] Failed to build match row: Stade Reims vs Rennes
[2794237] Failed to build match row: Macclesfield Town FC vs Oxford United
[2883948] Could not find attributes for anil karaer (Ankaraspor, 2017)
[2883948] Failed to build match row: İstanbul Başakşehir Futbol Kulübü vs Ankaraspor
[2866203] Could not find attributes for sebastien flauss (FC Progrès Niederkorn, 2017)
[2866203] Failed to build match row: Rangers Football Club vs FC Progrès Niederkorn
[2626459] Could not find attributes for andrey gorbunov (APS Atromitos Athinon, 2015)
[2626459] Failed to build match row: APS Atromitos Athinon vs Panthessalonikios Athlitikos Omilos Konstantinoupoliton
[3213708] Could not find attributes for derick poloni (Leixões SC, 2019)
[3213708] Failed to build match row: Leixões SC vs CD Cova Piedade

Keepers & outfield error for **Saint Mirren Football Club** in Motherwell Football Club vs Saint Mirren Football Club: Numbers: 2 and 9.
[3395486] Failed to build match row: Motherwell Football Club vs Saint Mirren Football Club
[2698154] Could not find attributes for jose cholevas (Watford FC, 2016)
[2493789] Could not find attributes for vitaliy denisov (Футбольный клуб "Локомотив" Москва, 2014)
[2493789] Failed to build match row: Футбольный клуб "Локомотив" Москва vs Mordovia Saransk (-2020)
[2698154] Failed to build match row: Liverpool Football Club vs Watford FC
[3300407] Could not find attributes for damir kahriman (PAS Lamia 1964, 2019)
[3300407] Failed to build match row: PAS Lamia 1964 vs AO Trikala
[2894129] Could not find attributes for radanfah abu bakr (FK Suduva Marijampole, 2017)
[3141131] Could not find attributes for mo dauda (Vitesse Arnhem, 2018)
[2646159] Could not find attributes for ross mccormack (Fulham Football Club, 2015)
[3223119] Could not find attributes for emmanuel adebayor (Kayserispor Kulübü, 2019)
[3223119] Failed to build match row: Kayserispor Kulübü vs Sivasspor
[3141131] Failed to build match row: Heracles Almelo vs Vitesse Arnhem
[2646159] Failed to build match row: Sheffield Wednesday vs Fulham Football Club

Keepers & outfield error for **Aberdeen Football Club** in Aberdeen Football Club vs Hibernian Football Club: Numbers: 2 and 9.
[3201283] Failed to build match row: Aberdeen Football Club vs Hibernian Football Club
[2328070] Could not find attributes for nukri revishvili (FC Dila Gori, 2013)
[3104586] Could not find attributes for markos vellidis (PAS Giannina, 2018)
[2604144] Could not find attributes for albano bizzarri (Chievo Verona, 2015)
[2328070] Failed to build match row: Aalborg BK vs FC Dila Gori
[2728664] Could not find attributes for ryan dow (Ross County FC, 2016)
[2604144] Failed to build match row: Chievo Verona vs Associazione Sportiva Roma
[2528847] Could not find attributes for maksym koval (Goverla Uzhgorod (- 2016), 2014)
[3232964] Could not find attributes for roberts ozols (Riga FC, 2019)
[2728664] Failed to build match row: Hamilton Academical FC vs Ross County FC

Keepers & outfield error for **Athletic Club Bilbao** in SD Eibar vs Athletic Club Bilbao: Numbers: 2 and 9.
[3232964] Failed to build match row: HJK Helsinki vs Riga FC
[2722786] Could not find attributes for nosa igiebor (Çaykur Rizespor Kulübü, 2016)
[2483340] Could not find attributes for pierre neurath bengtsson (Football Club København, 2014)
[2578203] Could not find attributes for joe ledley (Crystal Palace Football Club, 2015)
[2528847] Failed to build match row: Goverla Uzhgorod (- 2016) vs FC Shakhtar Donetsk
[2483340] Failed to build match row: Bayer 04 Leverkusen Fußball vs Football Club København
[2899933] Failed to build match row: SD Eibar vs Athletic Club Bilbao
[3104586] Failed to build match row: PAS Giannina vs Aris Thessalonikis
[2754899] Could not find attributes for georgiy shchennikov (PFK CSKA Moskva, 2016)
[2722786] Failed to build match row: Çaykur Rizespor Kulübü vs Kayserispor Kulübü
[2578203] Failed to build match row: West Ham United Football Club vs Crystal Palace Football Club
[2919919] Could not find attributes for filip gacevski (Vardar Skopje, 2017)
Not enough players found for lineup: 11, 0.
[2754899] Failed to build match row: PFK CSKA Moskva vs Tottenham Hotspur Football Club
[3069767] Could not find attributes for merih demiral (Alanyaspor, 2018)
[2700874] Could not find attributes for frank sturing (Nijmegen Eendracht Combinatie, 2016)
[2919919] Failed to build match row: Vardar Skopje vs Rosenborg Ballklub
[2866204] Could not find attributes for dejan milic (NK Domzale, 2017)

Keepers & outfield error for **Oldham Athletic** in Mansfield Town vs Oldham Athletic: Numbers: 2 and 9.
[3069767] Failed to build match row: Alanyaspor vs Akhisarspor
[3058469] Could not find attributes for oscar wendt (Mönchengladbach, 2018)
[2335748] Failed to scrape lineup: https://www.transfermarkt.co.uk/illichivets-mariupol_sk-tavriya-simferopol-2022-/index/spielbericht/2335748
[2478889] Could not find attributes for gaby mudingayi (Cesena FC, 2014)
[2700874] Failed to build match row: Vitesse Arnhem vs Nijmegen Eendracht Combinatie
[2866204] Failed to build match row: NK Domzale vs FC Flora Tallinn

Keepers & outfield error for **Real Valladolid CF** in Athletic Club Bilbao vs Real Valladolid CF: Numbers: 2 and 9.
[3058469] Failed to build match row: FC Bayern München vs Mönchengladbach
[2505181] Could not find attributes for diegui (Real Oviedo S.A.D., 2014)
[2351358] Could not find attributes for jean sony alcenat (Fotbal Club Petrolul Ploiești, 2013)
[2478889] Failed to build match row: UC Sampdoria vs Cesena FC
[2384553] Failed to build match row: Mansfield Town vs Oldham Athletic
[2611217] Could not find attributes for emanuele nordi (US Alessandria Calcio 1912, 2015)
[2351358] Failed to build match row: Fotbal Club Petrolul Ploiești vs Vitesse Arnhem
[2626460] Could not find attributes for georgios kantimiris (Veria NPS, 2015)
[2473448] Could not find attributes for saverio madrigali (US Città di Pontedera, 2014)
[2883949] Could not find attributes for sergiy rybalka (Sivasspor, 2017)
[2611217] Failed to build match row: US Alessandria Calcio 1912 vs SS Juve Stabia
[3079505] Failed to build match row: Athletic Club Bilbao vs Real Valladolid CF
[2873173] Could not find attributes for dmitriy tarasov (Футбольный клуб "Локомотив" Москва, 2017)
[2505181] Failed to build match row: Real Oviedo S.A.D. vs Real Sociedad de Fútbol S.A.D.
[2473448] Failed to build match row: US Città di Pontedera vs ACR Messina
[2626460] Failed to build match row: Veria NPS vs Athlitiki Enosi Konstantinoupoleos
[2873173] Failed to build match row: Футбольный клуб "Локомотив" Москва vs FC Tosno (-2018)
[2883949] Failed to build match row: Gençlerbirliği Spor Kulübü vs Sivasspor
[3300408] Could not find attributes for miroslav stoch (Panthessalonikios Athlitikos Omilos Konstantinoupoliton, 2019)
[3300408] Failed to build match row: Panthessalonikios Athlitikos Omilos Konstantinoupoliton vs Omilos Filathlon Irakliou FC

Keepers & outfield error for **Heart of Midlothian Football Club** in Heart of Midlothian Football Club vs Kilmarnock Football Club: Numbers: 0 and 11.
[3201284] Failed to build match row: Heart of Midlothian Football Club vs Kilmarnock Football Club
[3232965] Could not find attributes for vladan giljen (FK Sutjeska Niksic, 2019)
[3232965] Failed to build match row: FK Sutjeska Niksic vs Linfield FC

Keepers & outfield error for **Getafe Club de Fútbol S. A. D. Team Dubai** in Getafe Club de Fútbol S. A. D. Team Dubai vs Sevilla Fútbol Club S.A.D.: Numbers: 0 and 11.
[2899934] Failed to build match row: Getafe Club de Fútbol S. A. D. Team Dubai vs Sevilla Fútbol Club S.A.D.
[2578204] Could not find attributes for marcus rashford (Manchester United Football Club, 2015)
[2578204] Failed to build match row: Manchester United Football Club vs Everton Football Club
[2528848] Could not find attributes for stanislav bogush (Vorskla Poltava, 2014)
[2528848] Failed to build match row: Vorskla Poltava vs Olimpik Donetsk
[2728665] Could not find attributes for tom hateley (Dundee Football Club, 2016)
[2728665] Failed to build match row: Heart of Midlothian Football Club vs Dundee Football Club
[2583596] Could not find attributes for vladimir bushma (Shakhter Soligorsk, 2015)
[3141132] Could not find attributes for marios vrousai (Willem II Tilburg, 2018)
[2794239] Could not find attributes for gareth dean (Brackley Town, 2016)
[3141132] Failed to build match row: Feyenoord Rotterdam vs Willem II Tilburg
[2794239] Failed to build match row: Blackpool FC vs Brackley Town
[2328071] Could not find attributes for istvan verpecz (Debreceni VSC, 2013)
[2335749] Could not find attributes for krsevan santini (FC Zorya Lugansk, 2013)
[2594477] Could not find attributes for jean sylvain babin (Granada CF, 2015)
[2335749] Failed to build match row: FC Zorya Lugansk vs Dnipro Dnipropetrovsk (-2020)
[2328071] Failed to build match row: Debreceni VSC vs Strømsgodset IF
[2594477] Failed to build match row: Granada CF vs SD Eibar
[2722787] Could not find attributes for kenneth omeruo (Alanyaspor, 2016)

Keepers & outfield error for **Futebol Clube do Porto** in Futebol Clube do Porto vs Lille Olympique Sporting Club: Numbers: 0 and 11.
[2384554] Could not find attributes for danny seaborne (Coventry City, 2013)
[2722787] Failed to build match row: Alanyaspor vs Adanaspor
[2483341] Failed to build match row: Futebol Clube do Porto vs Lille Olympique Sporting Club
[2384554] Failed to build match row: Coventry City vs Hartlepool United
[2700875] Could not find attributes for ognjen gnjatic (Roda JC Kerkrade, 2016)
[2873174] Could not find attributes for renat yanbaev (FK Krasnodar, 2017)
[2873174] Failed to build match row: FK Krasnodar vs Amkar Perm
[2700875] Failed to build match row: ADO Den Haag vs Roda JC Kerkrade
[2894166] Could not find attributes for anton fedotov (Viktor Ponedelnik Football Akademia, 2017)
[2894166] Failed to build match row: Viktor Ponedelnik Football Akademia vs Chayka Peschanokopskoye
[3141133] Failed to scrape lineup: https://www.transfermarkt.co.uk/pec-zwolle_az-alkmaar/index/spielbericht/3141133
[2578205] Could not find attributes for jonathan howson (Norwich City, 2015)
[2578205] Failed to build match row: Crystal Palace Football Club vs Norwich City
[3084077] Could not find attributes for adan gurdiel (UCAM Murcia CF, 2018)
[3084077] Failed to build match row: UCAM Murcia CF vs AD Ceuta FC
[3223120] Could not find attributes for zafer gorgen (Çaykur Rizespor Kulübü, 2019)
[3223120] Failed to build match row: Denizlispor vs Çaykur Rizespor Kulübü

Keepers & outfield error for **Göztepe Sportif Yatırımlar A.Ş.** in Göztepe Sportif Yatırımlar A.Ş. vs Konyaspor: Numbers: 0 and 11.
[2583597] Could not find attributes for lovre kalinic (HNK Hajduk Split, 2015)
[2335750] Failed to scrape lineup: https://www.transfermarkt.co.uk/dnipro-dnipropetrovsk-2020-_illichivets-mariupol/index/spielbericht/2335750
[2583597] Failed to build match row: HNK Hajduk Split vs JK Sillamäe Kalev
onyaspor
[2958593] Could not find attributes for ritchie sutton (Tranmere Rovers, 2017)
[2722788] Failed to scrape lineup: https://www.transfermarkt.co.uk/kardemir-karabukspor_genclerbirligi-ankara/index/spielbericht/2722788
[2958593] Failed to build match row: Tranmere Rovers vs Peterborough United
[2718811] Failed to scrape lineup: https://www.transfermarkt.co.uk/ca-osasuna_deportivo-alaves/index/spielbericht/2718811
[3201286] Failed to scrape lineup: https://www.transfermarkt.co.uk/motherwell-fc_st-mirren-fc/index/spielbericht/3201286
[2332025] Failed to scrape lineup: https://www.transfermarkt.co.uk/stoke-city_chelsea-fc/index/spielbericht/2332025
[2328072] Failed to scrape lineup: https://www.transfermarkt.co.uk/spielbericht/index/spielbericht/2328072
[2493792] Could not find attributes for branko jovicic (Amkar Perm, 2014)

Keepers & outfield error for **Athletic Club Bilbao** in Athletic Club Bilbao vs Società Sportiva Calcio Napoli: Numbers: 2 and 9.
[2493792] Failed to build match row: Amkar Perm vs Ural Yekaterinburg
[2483342] Failed to build match row: Athletic Club Bilbao vs Società Sportiva Calcio Napoli

Keepers & outfield error for **Swansea City** in Swansea City vs Watford FC: Numbers: 2 and 9.
[2698156] Failed to build match row: Swansea City vs Watford FC
[3232966] Could not find attributes for ryan mcgivern (Linfield FC, 2019)
[3232966] Failed to build match row: Linfield FC vs FK Sutjeska Niksic
[2335751] Failed to scrape lineup: https://www.transfermarkt.co.uk/metalurg-zaporizhya-2016-_zorya-lugansk/index/spielbericht/2335751
[2583598] Failed to scrape lineup: https://www.transfermarkt.co.uk/spielbericht/index/spielbericht/2583598
[2731775] Could not find attributes for yevgen past (Zirka Kropyvnytskyi, 2016)
[2731775] Failed to build match row: Zirka Kropyvnytskyi vs FC Shakhtar Donetsk
[2794240] Could not find attributes for danny lewis (Solihull Moors, 2016)
[2794240] Failed to build match row: Luton Town vs Solihull Moors
[2493888] Failed to scrape lineup: https://www.transfermarkt.co.uk/kv-oostende-2024-_krc-genk/index/spielbericht/2493888

Keepers & outfield error for **Sporting Gijón** in Sporting Gijón vs Real Madrid Club de Fútbol: Numbers: 2 and 9.
[2594479] Failed to build match row: Sporting Gijón vs Real Madrid Club de Fútbol
[2958594] Could not find attributes for jonny maxted (Guiseley AFC, 2017)
[3069770] Could not find attributes for mitchell donald (Yeni Malatyaspor, 2018)
[2384555] Could not find attributes for emmanuel dieseruvwe (Fleetwood Town, 2013)
[2958594] Failed to build match row: Accrington Stanley vs Guiseley AFC
[2384555] Failed to build match row: Burton Albion vs Fleetwood Town
[3209384] Could not find attributes for ricardas sveikauskas (FK Trakai, 2019)
[3069770] Failed to build match row: Yeni Malatyaspor vs Sivasspor
[3209384] Failed to build match row: FK Trakai vs KÍ Klaksvík
[2626461] Could not find attributes for georgios athanasiadis (Panthrakikos Komotini, 2015)
[2626461] Failed to build match row: Panthrakikos Komotini vs APO Levadiakos Football Club

Keepers & outfield error for **Rangers Football Club** in Rangers Football Club vs Hamilton Academical FC: Numbers: 2 and 9.
[3104587] Could not find attributes for zivko zivkovic (AO Xanthi, 2018)
[3201287] Failed to build match row: Rangers Football Club vs Hamilton Academical FC
[3104587] Failed to build match row: AO Xanthi vs Omilos Filathlon Irakliou FC
[3047771] Could not find attributes for maxime pelican (Olympique Gymnaste Club Nice Côte d'Azur, 2018)
[2460580] Could not find attributes for milos volesak (AS Trencin, 2014)
[3047771] Failed to build match row: Amiens SC vs Olympique Gymnaste Club Nice Côte d'Azur
[2328073] Could not find attributes for milos volesak (AS Trencin, 2013)
[2460580] Failed to build match row: AS Trencin vs Fudbalski Klub Vojvodina
[2328073] Failed to build match row: AS Trencin vs Idrottsföreningen Kamraterna Göteborg

Keepers & outfield error for **CD Leganés** in Real Madrid Club de Fútbol vs CD Leganés: Numbers: 2 and 9.
[3300409] Could not find attributes for matic kotnik (Panionios Athens, 2019)
[2718812] Failed to build match row: Real Madrid Club de Fútbol vs CD Leganés
[2528849] Could not find attributes for yuriy pankiv (Metalurg Donetsk (- 2015), 2014)
[3300409] Failed to build match row: Panionios Athens vs Panetolikos Agrinio
[2528849] Failed to build match row: Metalurg Donetsk (- 2015) vs Futbolniy Klub Dynamo Kyiv
[2866205] Could not find attributes for rodney brown (Crusaders FC, 2017)
[2866205] Failed to build match row: Crusaders FC vs FK Liepaja
[3141134] Could not find attributes for ben rienstra (Sportclub Heerenveen, 2018)
[3141134] Failed to build match row: Sportclub Heerenveen vs De Graafschap Doetinchem

Keepers & outfield error for **Bury FC** in Bury FC vs Bradford City: Numbers: 0 and 11.
[2646161] Failed to build match row: Bury FC vs Bradford City
[3223122] Could not find attributes for furkan soyalp (Gaziantep Futbol Kulübü A.Ş., 2019)

Keepers & outfield error for **Villarreal Club de Fútbol S.A.D.** in Real Sociedad de Fútbol S.A.D. vs Villarreal Club de Fútbol S.A.D.: Numbers: 0 and 11.
[3223122] Failed to build match row: Gaziantep Futbol Kulübü A.Ş. vs Denizlispor
[2899935] Failed to build match row: Real Sociedad de Fútbol S.A.D. vs Villarreal Club de Fútbol S.A.D.
[2351359] Could not find attributes for manasse enza yamissi (Fotbal Club Petrolul Ploiești, 2013)

Keepers & outfield error for **AFC Ajax Amsterdam** in AFC Ajax Amsterdam vs Feyenoord Rotterdam: Numbers: 2 and 9.
[2351359] Failed to build match row: Vitesse Arnhem vs Fotbal Club Petrolul Ploiești
[2700876] Failed to build match row: AFC Ajax Amsterdam vs Feyenoord Rotterdam
[2894167] Could not find attributes for dainis frolov (Rotor 2 Volgograd ( -2022), 2017)
[2894167] Failed to build match row: Rotor 2 Volgograd ( -2022) vs Dinamo Stavropol
[2578206] Could not find attributes for vito mannone (Sunderland Association Football Club, 2015)
[2578206] Failed to build match row: Sunderland Association Football Club vs West Bromwich Albion
[3047772] Could not find attributes for julio tavares (Dijon FCO, 2018)
[3047772] Failed to build match row: Dijon FCO vs AS Saint-Étienne
[2328490] Could not find attributes for didier kadio (FC Shirak Gyumri, 2013)

Keepers & outfield error for **Ross County FC** in Ross County FC vs St. Johnstone FC: Numbers: 2 and 9.
[2328490] Failed to build match row: FC Shirak Gyumri vs Fudbalski Klub Partizan Beograd
[3201288] Failed to build match row: Ross County FC vs St. Johnstone FC
[3395488] Failed to scrape lineup: https://www.transfermarkt.co.uk/hibernian-fc_dundee-united-fc/index/spielbericht/3395488
[3300410] Could not find attributes for dimitrios kasotakis (PS Kalamata, 2019)
[3300410] Failed to build match row: Olympiakos Syndesmos Filathlon Peiraios vs PS Kalamata
[2483416] Could not find attributes for dejan bandovic (FK Sarajevo, 2014)
[3223123] Could not find attributes for zafer gorgen (Çaykur Rizespor Kulübü, 2019)
[2483416] Failed to build match row: FK Sarajevo vs Mönchengladbach
[2722789] Could not find attributes for abdoul wahid sissoko (Akhisarspor, 2016)
[3223123] Failed to build match row: Çaykur Rizespor Kulübü vs Konyaspor
[3141135] Could not find attributes for andrej lukic (FC Emmen, 2018)
[2460581] Could not find attributes for athanasios panteliadis (A.G.S Asteras Tripolis, 2014)
[2722789] Failed to build match row: Akhisarspor vs Antalyaspor
[2473449] Could not find attributes for matteo gentili (LR Vicenza, 2014)

Keepers & outfield error for **Levante Unión Deportiva S.A.D.** in Levante Unión Deportiva S.A.D. vs Deportivo de La Coruña: Numbers: 0 and 11.
[2899936] Failed to build match row: Levante Unión Deportiva S.A.D. vs Deportivo de La Coruña
[2460581] Failed to build match row: A.G.S Asteras Tripolis vs Rovaniemen Palloseura
[2473449] Failed to build match row: LR Vicenza vs Bassano Virtus 55 ST
[3141135] Failed to build match row: Fortuna Sittardia Combinatie vs FC Emmen
[2351360] Could not find attributes for lovre kalinic (HNK Hajduk Split, 2013)
[2351360] Failed to build match row: HNK Hajduk Split vs FC Dila Gori
[3069771] Could not find attributes for merih demiral (Alanyaspor, 2018)
[3069771] Failed to build match row: Erzurumspor FK vs Alanyaspor
[2494252] Could not find attributes for tiago ferreira (Sportvereniging Zulte Waregem, 2014)
[2494252] Failed to build match row: Koninklijke Voetbal Club Westerlo vs Sportvereniging Zulte Waregem
[2342361] Could not find attributes for prince gouano (RKC Waalwijk, 2013)
[3047773] Could not find attributes for pedro rebocho (EA Guingamp, 2018)
[2342361] Failed to build match row: RKC Waalwijk vs Feyenoord Rotterdam
[3232967] Could not find attributes for evgeniy postnikov (FC Astana, 2019)
[3047773] Failed to build match row: EA Guingamp vs Angers Sporting Club de l'Ouest
[3232967] Failed to build match row: FC Astana vs Valletta FC
[2578207] Could not find attributes for jonathan howson (Norwich City, 2015)
[2578207] Failed to build match row: Norwich City vs Newcastle United Football Club
[2335752] Could not find attributes for yevgen galchuk (FK Mariupol, 2013)
[2335752] Failed to build match row: FK Mariupol vs Metalist Kharkiv (- 2016)

Keepers & outfield error for **Espanol** in Alaves vs Espanol: Numbers: 2 and 9.
[2583599] Could not find attributes for sebastian varela (UE Sant Julia, 2015)
[2505184] Failed to build match row: Alaves vs Espanol
[3104588] Could not find attributes for argyris kampetsis (Panathinaikos Athlitikos Omilos, 2018)
[2583599] Failed to build match row: Randers Fodbold Club vs UE Sant Julia
[3104588] Failed to build match row: Panathinaikos Athlitikos Omilos vs APO Levadiakos Football Club

Keepers & outfield error for **Aberdeen Football Club** in Kilmarnock Football Club vs Aberdeen Football Club: Numbers: 0 and 11.
[3209385] Could not find attributes for dayle coleing (Europa FC, 2019)
[3395489] Failed to build match row: Kilmarnock Football Club vs Aberdeen Football Club
[3209385] Failed to build match row: Legia Warszawa Spółka Akcyjna vs Europa FC
[2700877] Could not find attributes for bersant celina (Football Club Twente, 2016)
[2473450] Could not find attributes for matteo pisseri (SS Juve Stabia, 2014)
[2700877] Failed to build match row: Football Club Twente vs Go Ahead Eagles
[2473450] Failed to build match row: SS Juve Stabia vs AC Prato
[3223124] Could not find attributes for ertac ozbir (Gençlerbirliği Spor Kulübü, 2019)
[3223124] Failed to build match row: Gençlerbirliği Spor Kulübü vs Yeni Malatyaspor
[2460582] Could not find attributes for vasja simcic (ND Gorica, 2014)
[2528850] Could not find attributes for denys boyko (Dnipro Dnipropetrovsk (-2020), 2014)
[2460582] Failed to build match row: ND Gorica vs Molde Fotballklubb
[2528850] Failed to build match row: Dnipro Dnipropetrovsk (-2020) vs FC Zorya Lugansk

Keepers & outfield error for **UD Las Palmas** in UD Las Palmas vs Club Atlético de Madrid S.A.D.: Numbers: 2 and 9.
[2899937] Failed to build match row: UD Las Palmas vs Club Atlético de Madrid S.A.D.
[2722790] Could not find attributes for ryan babel (Beşiktaş Jimnastik Kulübü, 2016)
[2722790] Failed to build match row: Galatasaray Spor Kulübü vs Beşiktaş Jimnastik Kulübü
[2483417] Could not find attributes for dmitriy shomko (FC Astana, 2014)
[2483417] Failed to build match row: FC Astana vs Villarreal Club de Fútbol S.A.D.
[2718814] Could not find attributes for juanpi (Málaga CF, 2016)
[2718814] Failed to build match row: Málaga CF vs Sporting Gijón
[2626462] Could not find attributes for dimitrios kyriakidis (Panetolikos Agrinio, 2015)
[2626462] Failed to build match row: Panetolikos Agrinio vs Panionios Athens

Keepers & outfield error for **FC Crotone** in FC Crotone vs Ternana Calcio: Numbers: 2 and 9.
[2611219] Failed to build match row: FC Crotone vs Ternana Calcio
[2351361] Could not find attributes for nukri revishvili (FC Dila Gori, 2013)
[2351361] Failed to build match row: FC Dila Gori vs HNK Hajduk Split

Keepers & outfield error for **Real Betis Balompié S.A.D.** in Real Betis Balompié S.A.D. vs SD Eibar: Numbers: 2 and 9.
[2494322] Could not find attributes for georgios kantimiris (Veria NPS, 2014)
[3079508] Failed to build match row: Real Betis Balompié S.A.D. vs SD Eibar
[2494322] Failed to build match row: Veria NPS vs AOK Kerkyra
[3141136] Could not find attributes for mo dauda (Vitesse Arnhem, 2018)
[3141136] Failed to build match row: Vitesse Arnhem vs Feyenoord Rotterdam
[2866206] Could not find attributes for andrei sidorenkov (Kalju FC, 2017)
[2866206] Failed to build match row: Kalju FC vs B36 Tórshavn
[2328491] Could not find attributes for milos ostojic (Fudbalski Klub Partizan Beograd, 2013)

Keepers & outfield error for **Association sportive de Monaco Football Club** in Association sportive de Monaco Football Club vs Olympique Lyonnais: Numbers: 2 and 9.
[2328491] Failed to build match row: Fudbalski Klub Partizan Beograd vs FC Shirak Gyumri
[3047774] Failed to build match row: Association sportive de Monaco Football Club vs Olympique Lyonnais
[2335753] Could not find attributes for oleksandr nad (Goverla Uzhgorod (- 2016), 2013)
[2335753] Failed to build match row: Goverla Uzhgorod (- 2016) vs SK Tavriya Simferopol ( - 2022)
[2473451] Could not find attributes for riccardo piscitelli (Benevento Calcio, 2014)
[2958595] Could not find attributes for rob swaine (Billericay Town, 2017)
[2473451] Failed to build match row: Benevento Calcio vs Correggese Calcio 1948
[2958595] Failed to build match row: Billericay Town vs Leatherhead FC
[3300411] Could not find attributes for damian szymanski (Athlitiki Enosi Konstantinoupoleos, 2019)
[3300411] Failed to build match row: Athlitiki Enosi Konstantinoupoleos vs A.G.S Asteras Tripolis
[3395490] Could not find attributes for jay emmanuel thomas (Livingston Football Club, 2020)
[3395490] Failed to build match row: Livingston Football Club vs The Celtic Football Club
[3223125] Could not find attributes for hasan kaya (MKE Ankaragücü, 2019)
[3223125] Failed to build match row: Alanyaspor vs MKE Ankaragücü
[2731776] Could not find attributes for zauri makharadze (Olimpik Donetsk, 2016)
[2731776] Failed to build match row: Olimpik Donetsk vs FC Shakhtar Donetsk
[2894296] Could not find attributes for filippo perucchini (Unione Sportiva Lecce, 2017)
[2894296] Failed to build match row: Unione Sportiva Lecce vs Ciliverghe Calcio
[2528851] Could not find attributes for roman mysak (Karpaty Lviv (-2021), 2014)
[2583600] Could not find attributes for luanda (FC Lusitanos, 2015)
[2528851] Failed to build match row: Karpaty Lviv (-2021) vs Chornomorets Odesa
[2794241] Could not find attributes for simon downer (Sutton United, 2016)
[2583600] Failed to build match row: FC Lusitanos vs West Ham United Football Club
[2794241] Failed to build match row: Sutton United vs Cheltenham Town
[2722791] Could not find attributes for tomas sivok (Bursaspor, 2016)
[2722791] Failed to build match row: Bursaspor vs Gaziantepspor (- 2020)
[2494323] Could not find attributes for alexander tambakis (Niki Volou, 2014)
[3069773] Failed to build match row: Antalyaspor vs Galatasaray Spor Kulübü
[2494323] Failed to build match row: Panthessalonikios Athlitikos Omilos Konstantinoupoliton vs Niki Volou
[3201289] Could not find attributes for jeremie frimpong (The Celtic Football Club, 2019)
[3201289] Failed to build match row: The Celtic Football Club vs Ross County FC
[2351362] Could not find attributes for vit benes (FK Jablonec a.s., 2013)
[2351362] Failed to build match row: FK Jablonec a.s. vs Strømsgodset IF
[2335754] Could not find attributes for dmytro bezotosnyi (Chornomorets Odesa, 2013)
[2335754] Failed to build match row: Chornomorets Odesa vs FC Shakhtar Donetsk
[2328595] Could not find attributes for giorgi loria (Dinamo Tbilisi, 2013)
[2328595] Failed to build match row: Dinamo Tbilisi vs EB/Streymur
[2700878] Could not find attributes for hicham faik (Excelsior Rotterdam, 2016)
[2700878] Failed to build match row: Excelsior Rotterdam vs Football Club Utrecht

Keepers & outfield error for **Göztepe Sportif Yatırımlar A.Ş.** in Yeni Malatyaspor vs Göztepe Sportif Yatırımlar A.Ş.: Numbers: 0 and 11.
[2883954] Failed to build match row: Yeni Malatyaspor vs Göztepe Sportif Yatırımlar A.Ş.
[3141137] Could not find attributes for andrej lukic (FC Emmen, 2018)
[3141137] Failed to build match row: FC Emmen vs Heracles Almelo
[3232968] Could not find attributes for yenz cini (Valletta FC, 2019)
[3232968] Failed to build match row: Valletta FC vs FC Astana
anthi, 2015)

Keepers & outfield error for **Futbol Club Barcelona** in Sevilla Fútbol Club S.A.D. vs Futbol Club Barcelona: Numbers: 2 and 9.
[2718815] Failed to build match row: Sevilla Fútbol Club S.A.D. vs Futbol Club Barcelona
[2626463] Failed to build match row: AO Xanthi vs Panathinaikos Athlitikos Omilos

Keepers & outfield error for **Bury FC** in Bury FC vs Woking FC: Numbers: 0 and 11.
[2866207] Could not find attributes for sergey lepmets (FCI Levadia, 2017)
[2958596] Failed to build match row: Bury FC vs Woking FC
[2866207] Failed to build match row: FCI Levadia vs Cork City FC
[2754901] Could not find attributes for miroslav radovic (Legia Warszawa Spółka Akcyjna, 2016)
[2754901] Failed to build match row: Sporting Clube de Portugal vs Legia Warszawa Spółka Akcyjna

Keepers & outfield error for **Stade Reims** in Montpellier HSC vs Stade Reims: Numbers: 2 and 9.
[2483418] Could not find attributes for david bicik (AC Sparta Praha, a. s., 2014)
[3047775] Failed to build match row: Montpellier HSC vs Stade Reims
[2483418] Failed to build match row: Prins Hendrik Ende Desespereert Nimmer Combinatie Zwolle vs AC Sparta Praha, a. s.

Keepers & outfield error for **CD Leganés** in CD Leganés vs Sevilla Fútbol Club S.A.D.: Numbers: 0 and 11.
[3079509] Failed to build match row: CD Leganés vs Sevilla Fútbol Club S.A.D.
[2473452] Could not find attributes for diamante crispino (Calcio Como, 2014)
[2473452] Failed to build match row: Calcio Como vs SS Matelica Calcio
[2384653] Could not find attributes for cheng zeng (Guangzhou Evergrande, 2013)
[2384653] Failed to build match row: Guangzhou Evergrande vs FC Bayern München
[2722792] Could not find attributes for erkan kas (Kayserispor Kulübü, 2016)
[2335755] Could not find attributes for artem kychak (Volyn Lutsk, 2013)
[2528852] Could not find attributes for yevgen past (Chornomorets Odesa, 2014)
[2731777] Could not find attributes for yevgen past (Zirka Kropyvnytskyi, 2016)
[2722792] Failed to build match row: Kayserispor Kulübü vs Kasımpaşa A.Ş.
[2494324] Could not find attributes for anastasios avlonitis (Olympiakos Syndesmos Filathlon Peiraios, 2014)
[2528852] Failed to build match row: Chornomorets Odesa vs Metalurg Zaporizhya (-2016)
[2335755] Failed to build match row: Volyn Lutsk vs Metalurg Zaporizhya (-2016)
[2494324] Failed to build match row: Olympiakos Syndesmos Filathlon Peiraios vs Omilos Filathlon Irakliou FC
[2731777] Failed to build match row: Zirka Kropyvnytskyi vs Vorskla Poltava
[3069774] Could not find attributes for jose sosa (Trabzonspor Kulübü, 2018)
[3069774] Failed to build match row: Akhisarspor vs Trabzonspor Kulübü
[2604149] Could not find attributes for gianluigi donnarumma (Associazione Calcio Milan, 2015)
[2583601] Failed to build match row: NK Lokomotiva Zagreb vs Airbus UK Broughton
 Club 1909
[3104590] Could not find attributes for dimitrios kyriakidis (Panetolikos Agrinio, 2018)
[2351363] Could not find attributes for vit benes (FK Jablonec a.s., 2013)
[3104590] Failed to build match row: Panetolikos Agrinio vs PAS Lamia 1964
[2351363] Failed to build match row: Strømsgodset IF vs FK Jablonec a.s.
[2578209] Could not find attributes for erik pieters (Stoke City, 2015)
[2646163] Could not find attributes for joe ledley (Crystal Palace Football Club, 2015)
[2873179] Could not find attributes for dmitriy tarasov (Футбольный клуб "Локомотив" Москва, 2017)
[2578209] Failed to build match row: Stoke City vs Swansea City
[2646163] Failed to build match row: Southampton FC vs Crystal Palace Football Club
[2873179] Failed to build match row: FK Spartak Moskva vs Футбольный клуб "Локомотив" Москва
[3141138] Could not find attributes for marios vrousai (Willem II Tilburg, 2018)
[3141138] Failed to build match row: Willem II Tilburg vs De Graafschap Doetinchem
[2894297] Could not find attributes for armin bacinovic (SS Sambenedettese, 2017)
[3258417] Could not find attributes for maksim borisko (FK Baltika, 2019)

Keepers & outfield error for **Granada CF** in Granada CF vs Córdoba CF: Numbers: 2 and 9.
[2894297] Failed to build match row: SS Sambenedettese vs AS Lucchese Libertas
[3258417] Failed to build match row: FK Baltika vs Футбольный клуб "Локомотив" Москва
[2505187] Failed to build match row: Granada CF vs Córdoba CF
[2626464] Could not find attributes for vasilios lampropoulos (Athlitiki Enosi Konstantinoupoleos, 2015)
[2626464] Failed to build match row: Athlitiki Enosi Konstantinoupoleos vs APS Atromitos Athinon

Keepers & outfield error for **Levante Unión Deportiva S.A.D.** in UD Las Palmas vs Levante Unión Deportiva S.A.D.: Numbers: 0 and 11.
[2594482] Failed to build match row: UD Las Palmas vs Levante Unión Deportiva S.A.D.
[2883955] Could not find attributes for jires kembo ekoko (Bursaspor, 2017)
[2883955] Failed to build match row: Bursaspor vs Fenerbahçe Spor Kulübü
19)
[3213709] Failed to build match row: Académica Coimbra vs SC Farense
[3069775] Could not find attributes for trezeguet (Kasımpaşa A.Ş., 2018)
[3069775] Failed to build match row: Kasımpaşa A.Ş. vs Göztepe Sportif Yatırımlar A.Ş.
[2335756] Could not find attributes for oleksandr shovkovskyi (Futbolniy Klub Dynamo Kyiv, 2013)
[2528853] Could not find attributes for igor lytovka (Olimpik Donetsk, 2014)
[2335756] Failed to build match row: Futbolniy Klub Dynamo Kyiv vs Goverla Uzhgorod (- 2016)
[2328596] Could not find attributes for danjal davidsen (EB/Streymur, 2013)
[2528853] Failed to build match row: Olimpik Donetsk vs Metalist Kharkiv (- 2016)
[2478890] Could not find attributes for mato jajalo (Palermo FC, 2014)
[2328596] Failed to build match row: EB/Streymur vs Dinamo Tbilisi
[2478890] Failed to build match row: Palermo FC vs Genoa Cricket and Football Club
[2384817] Could not find attributes for khalid askri (Raja Club Athletic, 2013)
[3232969] Could not find attributes for guillem truyols (AEK Larnaca, 2019)
[2384817] Failed to build match row: Raja Club Athletic vs Clube Atlético Mineiro
[3232969] Failed to build match row: AEK Larnaca vs Koninklijke Atletiek Associatie Gent
[3104591] Could not find attributes for filip manojlovic (Panionios Athens, 2018)
[3104591] Failed to build match row: Panionios Athens vs Olympiakos Syndesmos Filathlon Peiraios

Keepers & outfield error for **CF Talavera de la Reina** in CF Talavera de la Reina vs Real Jaén CF: Numbers: 0 and 11.
[3084078] Failed to build match row: CF Talavera de la Reina vs Real Jaén CF
[3223127] Could not find attributes for ponck (İstanbul Başakşehir Futbol Kulübü, 2019)
[3300412] Could not find attributes for bart schenkeveld (Panathinaikos Athlitikos Omilos, 2019)
[3223127] Failed to build match row: İstanbul Başakşehir Futbol Kulübü vs Antalyaspor
[3300412] Failed to build match row: Panathinaikos Athlitikos Omilos vs PAS Giannina
[2351364] Could not find attributes for dmytro bezotosnyi (Chornomorets Odesa, 2013)
[2351364] Failed to build match row: Chornomorets Odesa vs Fudbalski klub Crvena zvezda Beograd
[2866208] Could not find attributes for jadranko bogicevic (FK Zeljeznicar Sarajevo, 2017)
[2866208] Failed to build match row: FK Zeljeznicar Sarajevo vs FK Zeta Golubovac
[2722793] Could not find attributes for luccas claro (Gençlerbirliği Spor Kulübü, 2016)
[2722793] Failed to build match row: Gençlerbirliği Spor Kulübü vs Akhisarspor
[2483419] Could not find attributes for athanasios panteliadis (A.G.S Asteras Tripolis, 2014)
[2483419] Failed to build match row: A.G.S Asteras Tripolis vs Maccabi Tel Aviv
[2460583] Could not find attributes for lubomir korijkov (MFK Kosice, 2014)
[3209386] Could not find attributes for kofi balmer (Ballymena United FC, 2019)
[3209386] Failed to build match row: Ballymena United FC vs Malmö Fotbollförening
[2460583] Failed to build match row: MFK Kosice vs FC Slovan Liberec
[2626465] Could not find attributes for anestis anastasiadis (AEL Kalloni, 2015)
[2626465] Failed to build match row: AEL Kalloni vs Veria NPS
[2700879] Could not find attributes for janne saksela (Sparta Rotterdam, 2016)
[2731778] Could not find attributes for vladyslav levanidov (FC Oleksandriya, 2016)
[2700879] Failed to build match row: Sportclub Heerenveen vs Sparta Rotterdam
[2731778] Failed to build match row: FC Oleksandriya vs Futbolniy Klub Dynamo Kyiv

Keepers & outfield error for **Verona Hellas Football Club** in Associazione Calcio Fiorentina vs Verona Hellas Football Club: Numbers: 0 and 11.
[2335757] Could not find attributes for igor lytovka (FK Sevastopol (- 2014), 2013)
[2478891] Failed to build match row: Associazione Calcio Fiorentina vs Verona Hellas Football Club
[2335757] Failed to build match row: FC Shakhtar Donetsk vs FK Sevastopol (- 2014)

Keepers & outfield error for **Deportivo de La Coruña** in Deportivo de La Coruña vs Málaga CF: Numbers: 0 and 11.
[2894298] Could not find attributes for aleksandr gutor (Chornomorets Odesa, 2017)
[2894298] Failed to build match row: Chornomorets Odesa vs FC Shakhtar Donetsk
[2494325] Could not find attributes for nikolaos giannakopoulos (Panionios Athens, 2014)
[2494325] Failed to build match row: Panionios Athens vs A.G.S Asteras Tripolis
[3104592] Could not find attributes for ogmundur kristinsson (Athlitiki Enosi Larisas, 2018)
[2718816] Could not find attributes for andreas pereira (Granada CF, 2016)
[2718816] Failed to build match row: Granada CF vs Deportivo de La Coruña
[3104592] Failed to build match row: Athlitiki Enosi Larisas vs Panetolikos Agrinio

Keepers & outfield error for **Real Betis Balompié S.A.D.** in Real Betis Balompié S.A.D. vs Celta: Numbers: 2 and 9.
[2958601] Could not find attributes for lomalisa mutambala (Royal Excel Mouscron (-2022), 2017)
[2899938] Failed to build match row: Real Betis Balompié S.A.D. vs Celta
[2958601] Failed to build match row: Royal Excel Mouscron (-2022) vs KV Oostende
[2528854] Could not find attributes for bogdan shust (Volyn Lutsk, 2014)
[2528854] Failed to build match row: Volyn Lutsk vs Goverla Uzhgorod (- 2016)
[3069776] Could not find attributes for caner erkin (Beşiktaş Jimnastik Kulübü, 2018)
[3069776] Failed to build match row: Konyaspor vs Beşiktaş Jimnastik Kulübü

Keepers & outfield error for **Heart of Midlothian Football Club** in Heart of Midlothian Football Club vs Rangers Football Club: Numbers: 0 and 11.

Keepers & outfield error for **Saint Mirren Football Club** in Saint Mirren Football Club vs St. Johnstone FC: Numbers: 2 and 9.
[2583602] Could not find attributes for daniel bozinovski (Rabotnicki Skopje, 2015)
[3223128] Could not find attributes for atiba hutchinson (Beşiktaş Jimnastik Kulübü, 2019)
[3201291] Failed to build match row: Heart of Midlothian Football Club vs Rangers Football Club
[3395493] Failed to build match row: Saint Mirren Football Club vs St. Johnstone FC
[2883956] Could not find attributes for jailton paraiba (Gençlerbirliği Spor Kulübü, 2017)
[3223128] Failed to build match row: Beşiktaş Jimnastik Kulübü vs Kayserispor Kulübü
Not enough players found for lineup: 0, 11.
[2698160] Could not find attributes for markus henriksen (Hull City, 2016)
[2583602] Failed to build match row: Rabotnicki Skopje vs FC Flora Tallinn
[2351365] Failed to scrape lineup: https://www.transfermarkt.co.uk/spielbericht/index/spielbericht/2351365
[2883956] Failed to build match row: Antalyaspor vs Gençlerbirliği Spor Kulübü
[2329279] Could not find attributes for johan sellberg wiland (Football Club København, 2013)
[2731779] Could not find attributes for yevgen borovyk (Chornomorets Odesa, 2016)
[2698160] Failed to build match row: Hull City vs Southampton FC
[3232970] Could not find attributes for guillem truyols (AEK Larnaca, 2019)
[2626466] Could not find attributes for theodoros berios (PAS Giannina, 2015)
[3232970] Failed to build match row: Koninklijke Atletiek Associatie Gent vs AEK Larnaca
[2329279] Failed to build match row: Aalborg BK vs Football Club København
[2460584] Could not find attributes for andjelko djuricic (FK Jagodina, 2014)
[2626466] Failed to build match row: PAS Giannina vs Iraklis Thessaloniki
Not enough players found for lineup: 0, 0.
[2731779] Failed to build match row: Chornomorets Odesa vs Futbolniy Klub Dynamo Kyiv
[2384818] Could not find attributes for ramy rabia (Al Ahly FC, 2013)
[2460584] Failed to build match row: FK Jagodina vs Fotbal Club CFR 1907 Cluj SA
[3259677] Failed to scrape lineup: https://www.transfermarkt.co.uk/spielbericht/index/spielbericht/3259677
[2384818] Failed to build match row: Al Ahly FC vs Club de Fútbol Monterrey Rayados A.C.
[2483420] Could not find attributes for denys boyko (Dnipro Dnipropetrovsk (-2020), 2014)
[3209387] Could not find attributes for miguel ruiz (UE Engordany, 2019)
[2866209] Could not find attributes for anatoliy tymofeev (Dinamo Batumi, 2017)
[2483420] Failed to build match row: Dnipro Dnipropetrovsk (-2020) vs HNK Hajduk Split
[3209387] Failed to build match row: UE Engordany vs Dinamo Tbilisi
[2866209] Failed to build match row: Dinamo Batumi vs Jagiellonia-Bialystok Sportowa Spólka Akcyjna
[3058473] Could not find attributes for sebastian langkamp (Sportverein Werder Bremen von 1899, 2018)
[2473453] Could not find attributes for tommaso scuffia (US Catanzaro, 2014)
[2611230] Could not find attributes for pavlo poshtarenko (Zirka Kropyvnytskyi, 2015)
[2919921] Failed to build match row: Sportvereniging Zulte Waregem vs Società Sportiva Lazio S.p.A.
[3058473] Failed to build match row: Sportverein Werder Bremen von 1899 vs Verein für Leibesübungen Wolfsburg
[2611230] Failed to build match row: Zirka Kropyvnytskyi vs Karpaty Lviv (-2021)

Keepers & outfield error for **Göztepe Sportif Yatırımlar A.Ş.** in Göztepe Sportif Yatırımlar A.Ş. vs Fenerbahçe Spor Kulübü: Numbers: 0 and 11.
[2722795] Could not find attributes for emre belozoglu (İstanbul Başakşehir Futbol Kulübü, 2016)
[3223129] Failed to build match row: Göztepe Sportif Yatırımlar A.Ş. vs Fenerbahçe Spor Kulübü
[2722795] Failed to build match row: İstanbul Başakşehir Futbol Kulübü vs Alanyaspor
[3104593] Could not find attributes for markos vellidis (PAS Giannina, 2018)
[2894299] Could not find attributes for oleksandr svatok (FC Zorya Lugansk, 2017)
[3104593] Failed to build match row: Panathinaikos Athlitikos Omilos vs PAS Giannina
[2894299] Failed to build match row: FC Zorya Lugansk vs Karpaty Lviv (-2021)
[3216039] Could not find attributes for sergio padt (Football Club Groningen, 2019)
[3216039] Failed to build match row: Football Club Groningen vs Football Club Twente

Keepers & outfield error for **Marbella FC** in Marbella FC vs CD Ebro: Numbers: 2 and 9.
[3084079] Failed to build match row: Marbella FC vs CD Ebro
[2335758] Could not find attributes for oleg chuvaev (FK Sevastopol (- 2014), 2013)
[3141140] Could not find attributes for adam maher (Alkmaar Zaanstreek, 2018)
[2335758] Failed to build match row: FK Sevastopol (- 2014) vs Futbolniy Klub Dynamo Kyiv
[2754904] Could not find attributes for jeremy morel (Olympique Lyonnais, 2016)
[3141140] Failed to build match row: Alkmaar Zaanstreek vs Football Club Groningen
is
[2494326] Could not find attributes for luigi cennamo (APS Atromitos Athinon, 2014)
[2494326] Failed to build match row: APS Atromitos Athinon vs Panetolikos Agrinio
[2528855] Could not find attributes for mykyta shevchenko (FC Zorya Lugansk, 2014)
[2528855] Failed to build match row: FC Zorya Lugansk vs Karpaty Lviv (-2021)
[2698161] Could not find attributes for markus henriksen (Hull City, 2016)
[2698161] Failed to build match row: Hull City vs West Bromwich Albion
[2578211] Could not find attributes for vito mannone (Sunderland Association Football Club, 2015)
[2578211] Failed to build match row: Sunderland Association Football Club vs Leicester City
[2626467] Could not find attributes for miguel vitor (Panthessalonikios Athlitikos Omilos Konstantinoupoliton, 2015)
[2731780] Could not find attributes for yuriy pankiv (PFK Stal Kamyanske (-2018), 2016)
[2626467] Failed to build match row: Panthessalonikios Athlitikos Omilos Konstantinoupoliton vs Olympiakos Syndesmos Filathlon Peiraios
[2731780] Failed to build match row: PFK Stal Kamyanske (-2018) vs Dnipro Dnipropetrovsk (-2020)

Keepers & outfield error for **Çaykur Rizespor Kulübü** in Kayserispor Kulübü vs Çaykur Rizespor Kulübü: Numbers: 0 and 11.
[3069777] Failed to build match row: Kayserispor Kulübü vs Çaykur Rizespor Kulübü

Keepers & outfield error for **Valencia Club de Fútbol S. A. D.** in Valencia Club de Fútbol S. A. D. vs SD Huesca: Numbers: 0 and 11.
[2646164] Could not find attributes for jai reason (Eastleigh FC, 2015)

Keepers & outfield error for **Sivasspor** in Sivasspor vs İstanbul Başakşehir Futbol Kulübü: Numbers: 2 and 9.
[2611231] Could not find attributes for aleksandr gutor (Dinamo Minsk, 2015)
[3079512] Failed to build match row: Valencia Club de Fútbol S. A. D. vs SD Huesca
[2883957] Failed to build match row: Sivasspor vs İstanbul Başakşehir Futbol Kulübü
[2646164] Failed to build match row: Eastleigh FC vs Bolton Wanderers
[2611231] Failed to build match row: Dinamo Minsk vs Fußballclub Red Bull Salzburg
[2894300] Could not find attributes for oleksandr bandura (NK Veres Rivne, 2017)
[3223130] Could not find attributes for ertac ozbir (Gençlerbirliği Spor Kulübü, 2019)
[2367093] Could not find attributes for florin gardos (SC Fotbal Club FCSB SA, 2013)
[2894300] Failed to build match row: NK Veres Rivne vs Vorskla Poltava
[2700881] Could not find attributes for samuel armenteros (Heracles Almelo, 2016)

Keepers & outfield error for **CE Sabadell FC** in CE Sabadell FC vs Sevilla Fútbol Club S.A.D.: Numbers: 2 and 9.
[2367093] Failed to build match row: FC Schalke 04 vs SC Fotbal Club FCSB SA
[3223130] Failed to build match row: Fenerbahçe Spor Kulübü vs Gençlerbirliği Spor Kulübü
[2700881] Failed to build match row: Heracles Almelo vs Vitesse Arnhem
[2505189] Failed to build match row: CE Sabadell FC vs Sevilla Fútbol Club S.A.D.
[2494327] Could not find attributes for kyriakos stratilatis (APO Levadiakos Football Club, 2014)
[2583603] Could not find attributes for alban hoxha (FK Partizani, 2015)
[2494327] Failed to build match row: APO Levadiakos Football Club vs Panthrakikos Komotini
[3047779] Could not find attributes for youssouf fofana (Racing Club de Strasbourg Alsace, 2018)
[3047779] Failed to build match row: Racing Club de Strasbourg Alsace vs Lille Olympique Sporting Club
[3209388] Could not find attributes for sebastien flauss (FC Progrès Niederkorn, 2019)
[2731781] Could not find attributes for zauri makharadze (Olimpik Donetsk, 2016)
[3209388] Failed to build match row: FC Progrès Niederkorn vs Cork City FC
[2731781] Failed to build match row: Olimpik Donetsk vs Volyn Lutsk
[2698162] Could not find attributes for diafra sakho (West Ham United Football Club, 2016)
[2698162] Failed to build match row: Tottenham Hotspur Football Club vs West Ham United Football Club
[2718818] Could not find attributes for florian lejeune (SD Eibar, 2016)
[2718818] Failed to build match row: SD Eibar vs Celta
[2626468] Could not find attributes for konstantinos theodoropoulos (A.G.S Asteras Tripolis, 2015)
[2626468] Failed to build match row: A.G.S Asteras Tripolis vs AO Platanias
[3260168] Could not find attributes for kim larsen (Otterup B&IK, 2019)
Klub Dynamo Kyiv, 2014)
[2528856] Failed to build match row: Futbolniy Klub Dynamo Kyiv vs Dnipro Dnipropetrovsk (-2020)
[3260168] Failed to build match row: Otterup B&IK vs Odense Boldklub
[3232973] Could not find attributes for armen manucharyan (FC Pyunik Yerevan, 2019)
[3232973] Failed to build match row: FC Pyunik Yerevan vs Wolverhampton Wanderers Football Club
[2335759] Could not find attributes for krsevan santini (FC Zorya Lugansk, 2013)
[2335759] Failed to build match row: FC Zorya Lugansk vs SK Tavriya Simferopol ( - 2022)
[2611232] Could not find attributes for aleksandr gutor (Dinamo Minsk, 2015)
[2611232] Failed to build match row: Fußballclub Red Bull Salzburg vs Dinamo Minsk
[3069778] Could not find attributes for iasmin latovlevici (Bursaspor, 2018)
[3069778] Failed to build match row: Bursaspor vs MKE Ankaragücü
[2329280] Could not find attributes for patrick banggaard (Fodbold Club Midtjylland, 2013)
[2483421] Could not find attributes for rashad sadyqov (Qarabağ FK, 2014)
[2329280] Failed to build match row: Aarhus Gymnastik Forening vs Fodbold Club Midtjylland
[2483421] Failed to build match row: Qarabağ FK vs Football Club Twente
[3104594] Could not find attributes for nikolaos korovesis (Omilos Filathlon Irakliou FC, 2018)
[3104594] Failed to build match row: Omilos Filathlon Irakliou FC vs Athlitiki Enosi Konstantinoupoleos
[3300765] Could not find attributes for billy mitchell (Millwall FC, 2019)
[2478893] Could not find attributes for assane demoya gnoukouri (Football Club Internazionale Milano S.p.A., 2014)

Keepers & outfield error for **Chelsea Football Club** in Chelsea Football Club vs FC Basel 1893 AG: Numbers: 2 and 9.
[2460585] Could not find attributes for xavier hochstrasser (FC Luzern, 2014)
[2460585] Failed to build match row: St. Johnstone FC vs FC Luzern
[2367094] Failed to build match row: Chelsea Football Club vs FC Basel 1893 AG
[3300765] Failed to build match row: Millwall FC vs Newport County
[2478893] Failed to build match row: Football Club Internazionale Milano S.p.A. vs Associazione Calcio Milan

Keepers & outfield error for **UD Las Palmas** in UD Las Palmas vs CF Rayo Majadahonda: Numbers: 2 and 9.
[2873182] Could not find attributes for aleksandr belenov (FK Ufa, 2017)
[3084080] Failed to build match row: UD Las Palmas vs CF Rayo Majadahonda

Keepers & outfield error for **Beşiktaş Jimnastik Kulübü** in Kayserispor Kulübü vs Beşiktaş Jimnastik Kulübü: Numbers: 2 and 9.
[2873182] Failed to build match row: FK Dinamo Moskva vs FK Ufa
[3223131] Could not find attributes for afriyie acquah (Yeni Malatyaspor, 2019)
[2883958] Failed to build match row: Kayserispor Kulübü vs Beşiktaş Jimnastik Kulübü
[2731782] Could not find attributes for yevgen khacheridi (Futbolniy Klub Dynamo Kyiv, 2016)
[3223131] Failed to build match row: Yeni Malatyaspor vs Sivasspor
[2731782] Failed to build match row: Futbolniy Klub Dynamo Kyiv vs Karpaty Lviv (-2021)

Keepers & outfield error for **KAS Eupen** in KAS Eupen vs St Truiden: Numbers: 2 and 9.
[3260169] Could not find attributes for morten bank (Avarta, 2019)
[2594486] Could not find attributes for jean sylvain babin (Granada CF, 2015)
[2700882] Could not find attributes for frank sturing (Nijmegen Eendracht Combinatie, 2016)
[2958603] Failed to build match row: KAS Eupen vs St Truiden

Keepers & outfield error for **UD Las Palmas** in Real Betis Balompié S.A.D. vs UD Las Palmas: Numbers: 2 and 9.
[2700882] Failed to build match row: Football Club Groningen vs Nijmegen Eendracht Combinatie
[3260169] Failed to build match row: Avarta vs Fodbold Club Fredericia
[2594486] Failed to build match row: Getafe Club de Fútbol S. A. D. Team Dubai vs Granada CF
[2718819] Failed to build match row: Real Betis Balompié S.A.D. vs UD Las Palmas
[2626579] Could not find attributes for igor de camargo (Koninklijke Racing Club Genk, 2015)
[2626579] Failed to build match row: Koninklijke Racing Club Genk vs Yellow-Red Koninklijke Voetbalclub Mechelen
[2722796] Could not find attributes for fernandao (Fenerbahçe Spor Kulübü, 2016)
[2919923] Could not find attributes for oleksandr svatok (FC Zorya Lugansk, 2017)
[2722796] Failed to build match row: Fenerbahçe Spor Kulübü vs Ankaraspor
[2611239] Could not find attributes for aleksandr hleb (Gençlerbirliği Spor Kulübü, 2015)
[2335760] Could not find attributes for vitaliy nedilko (Volyn Lutsk, 2013)
[2611239] Failed to build match row: Gençlerbirliği Spor Kulübü vs Konyaspor
[2919923] Failed to build match row: FC Zorya Lugansk vs Athletic Club Bilbao
[2335760] Failed to build match row: Volyn Lutsk vs Futbolniy Klub Dynamo Kyiv
[2494328] Could not find attributes for markos vellidis (PAS Giannina, 2014)
[2494328] Failed to build match row: PAS Giannina vs AO Xanthi

Keepers & outfield error for **Olympiakos Syndesmos Filathlon Peiraios** in Olympiakos Syndesmos Filathlon Peiraios vs Manchester United Football Club: Numbers: 0 and 11.
[2385038] Failed to build match row: Olympiakos Syndesmos Filathlon Peiraios vs Manchester United Football Club
[3209389] Could not find attributes for dani guererro (St Joseph's FC, 2019)
[3209389] Failed to build match row: Rangers Football Club vs St Joseph's FC
[2528857] Could not find attributes for artem baranovskyi (Metalurg Donetsk (- 2015), 2014)
[2528857] Failed to build match row: FC Shakhtar Donetsk vs Metalurg Donetsk (- 2015)
[2583604] Could not find attributes for nemanja stevanovic (Fudbalski klub Čukarički Beograd, 2015)
[2583604] Failed to build match row: Fudbalski klub Čukarički Beograd vs NK Domzale
[2900827] Could not find attributes for jerome roussillon (Montpellier HSC, 2017)
[2900827] Failed to build match row: Toulouse Football Club vs Montpellier HSC
[3141142] Could not find attributes for azor matusiwa (De Graafschap Doetinchem, 2018)
[2866210] Could not find attributes for vincent laban (AEK Larnaca, 2017)
[3141142] Failed to build match row: De Graafschap Doetinchem vs Heracles Almelo
[2866210] Failed to build match row: AEK Larnaca vs Lincoln Red Imps FC

Keepers & outfield error for **Association sportive de Monaco Football Club** in Angers Sporting Club de l'Ouest vs Association sportive de Monaco Football Club: Numbers: 2 and 9.
[3047781] Failed to build match row: Angers Sporting Club de l'Ouest vs Association sportive de Monaco Football Club

Keepers & outfield error for **KV Oostende** in KV Oostende vs KV Kortrijk: Numbers: 2 and 9.
[2626580] Failed to build match row: KV Oostende vs KV Kortrijk
[2894301] Could not find attributes for zauri makharadze (Olimpik Donetsk, 2017)
[2894301] Failed to build match row: Olimpik Donetsk vs Futbolniy Klub Dynamo Kyiv
[2483422] Could not find attributes for toni doblas (HJK Helsinki, 2014)
[2731783] Could not find attributes for oleksiy shevchenko (FC Zorya Lugansk, 2016)
[2483422] Failed to build match row: HJK Helsinki vs Sportklub Rapid

Keepers & outfield error for **Queens Park Rangers** in Nottingham Forest Football Club vs Queens Park Rangers: Numbers: 0 and 11.
[2958604] Could not find attributes for laurens paulussen (Yellow-Red Koninklijke Voetbalclub Mechelen, 2017)
[2611240] Could not find attributes for berkan emir (Kayserispor Kulübü, 2015)

Keepers & outfield error for **Levante Unión Deportiva S.A.D.** in Albacete Balompié vs Levante Unión Deportiva S.A.D.: Numbers: 0 and 11.
[2646165] Failed to build match row: Nottingham Forest Football Club vs Queens Park Rangers
[2958604] Failed to build match row: KV Kortrijk vs Yellow-Red Koninklijke Voetbalclub Mechelen
[2731783] Failed to build match row: FC Zorya Lugansk vs Volyn Lutsk
[2335761] Could not find attributes for georgiy zotov (Metalurg Donetsk (- 2015), 2013)
[3069780] Could not find attributes for trezeguet (Kasımpaşa A.Ş., 2018)
[2505191] Failed to build match row: Albacete Balompié vs Levante Unión Deportiva S.A.D.
[2335761] Failed to build match row: Metalurg Donetsk (- 2015) vs Vorskla Poltava
[2611240] Failed to build match row: Çaykur Rizespor Kulübü vs Kayserispor Kulübü
[3069780] Failed to build match row: Kasımpaşa A.Ş. vs Akhisarspor

Keepers & outfield error for **Alaves** in Alaves vs Valencia Club de Fútbol S. A. D.: Numbers: 2 and 9.

Keepers & outfield error for **Società Sportiva Calcio Napoli** in Cagliari Calcio vs Società Sportiva Calcio Napoli: Numbers: 2 and 9.
[2700883] Could not find attributes for dan crowley (Go Ahead Eagles, 2016)
[3079515] Failed to build match row: Alaves vs Valencia Club de Fútbol S. A. D.
[2919924] Could not find attributes for heldon (Vitória Sport Clube, 2017)
[2919924] Failed to build match row: Vitória Sport Clube vs Konyaspor
[2478894] Failed to build match row: Cagliari Calcio vs Società Sportiva Calcio Napoli
[2700883] Failed to build match row: Feyenoord Rotterdam vs Go Ahead Eagles
[2722797] Could not find attributes for ryan babel (Beşiktaş Jimnastik Kulübü, 2016)
[3232974] Could not find attributes for armen manucharyan (FC Pyunik Yerevan, 2019)
[3232974] Failed to build match row: Wolverhampton Wanderers Football Club vs FC Pyunik Yerevan
[2722797] Failed to build match row: Beşiktaş Jimnastik Kulübü vs Çaykur Rizespor Kulübü
[2794246] Could not find attributes for hakan duyan (Curzon Ashton, 2016)
[2794246] Failed to build match row: Curzon Ashton vs AFC Wimbledon
[2494329] Could not find attributes for stratos valios (AEL Kalloni, 2014)
[2494329] Failed to build match row: AEL Kalloni vs Panathinaikos Athlitikos Omilos
[3201295] Could not find attributes for jeremie frimpong (The Celtic Football Club, 2019)
[3201295] Failed to build match row: Aberdeen Football Club vs The Celtic Football Club
[2626581] Could not find attributes for oleksandr volovyk (Oud-Heverlee Leuven, 2015)
[2626581] Failed to build match row: Oud-Heverlee Leuven vs Sportvereniging Zulte Waregem
[2528858] Could not find attributes for yevgen galchuk (FK Mariupol, 2014)
[2528858] Failed to build match row: FK Mariupol vs Vorskla Poltava
[3209390] Could not find attributes for garry breen (Cliftonville FC, 2019)
[3209390] Failed to build match row: FK Haugesund vs Cliftonville FC
[2604152] Could not find attributes for arlind ajeti (Frosinone Calcio, 2015)

Keepers & outfield error for **Aberdeen Football Club** in Motherwell Football Club vs Aberdeen Football Club: Numbers: 0 and 11.
[2604152] Failed to build match row: Unione Sportiva Sassuolo Calcio vs Frosinone Calcio
[3395498] Failed to build match row: Motherwell Football Club vs Aberdeen Football Club

Keepers & outfield error for **Carlisle United** in Carlisle United vs Yeovil Town: Numbers: 2 and 9.
[3300766] Could not find attributes for federico fernandez (Newcastle United Football Club, 2019)
[2578215] Could not find attributes for jose cholevas (Watford FC, 2015)
[2646166] Failed to build match row: Carlisle United vs Yeovil Town
[3300766] Failed to build match row: Rochdale AFC vs Newcastle United Football Club
[2578215] Failed to build match row: Watford FC vs Everton Football Club
[3260170] Could not find attributes for nikolaj kristensen (Hilleröd Fodbold, 2019)
[2894302] Could not find attributes for yuriy pankiv (FC Oleksandriya, 2017)
[3141143] Could not find attributes for ben rienstra (Sportclub Heerenveen, 2018)
[3260170] Failed to build match row: Hilleröd Fodbold vs Football Club København
[2894302] Failed to build match row: FC Oleksandriya vs PFK Stal Kamyanske (-2018)
[2583605] Could not find attributes for denes dibusz (Ferencvárosi TC, 2015)
[3141143] Failed to build match row: Sportclub Heerenveen vs Excelsior Rotterdam
[2583605] Failed to build match row: Ferencvárosi TC vs Go Ahead Eagles
[3223133] Could not find attributes for serkan asan (Trabzonspor Kulübü, 2019)
[3223133] Failed to build match row: Antalyaspor vs Trabzonspor Kulübü
[2958605] Could not find attributes for jakov filipovic (KSC Lokeren (- 2020), 2017)
[2958605] Failed to build match row: KSC Lokeren (- 2020) vs SK Beveren
[2731784] Could not find attributes for dmitriy nepogodov (Vorskla Poltava, 2016)
[2731784] Failed to build match row: Vorskla Poltava vs FC Oleksandriya
[2335762] Could not find attributes for vasyl pryima (Metalurg Donetsk (- 2015), 2013)
[2335762] Failed to build match row: Metalurg Donetsk (- 2015) vs Metalist Kharkiv (- 2016)
[2700884] Could not find attributes for jordy croux (Willem II Tilburg, 2016)
[2700884] Failed to build match row: Willem II Tilburg vs ADO Den Haag

Keepers & outfield error for **Elche Club de Fútbol S.A.D.** in Elche Club de Fútbol S.A.D. vs Granada CF: Numbers: 2 and 9.
[3084081] Failed to build match row: Elche Club de Fútbol S.A.D. vs Granada CF
[3069781] Could not find attributes for umut meras (Bursaspor, 2018)
[3069781] Failed to build match row: Galatasaray Spor Kulübü vs Bursaspor
[2478895] Could not find attributes for andi lila (Parma Calcio 1913, 2014)
[2478895] Failed to build match row: FC Empoli vs Parma Calcio 1913
[2754905] Could not find attributes for adrian semper (GNK Dinamo Zagreb, 2016)
[2873185] Could not find attributes for aleksandr belenov (FK Ufa, 2017)
[2754905] Failed to build match row: GNK Dinamo Zagreb vs Juventus Football Club

Keepers & outfield error for **Ross County FC** in Hibernian Football Club vs Ross County FC: Numbers: 2 and 9.
[2873185] Failed to build match row: Anzhi Makhachkala ( -2022) vs FK Ufa
[3201296] Failed to build match row: Hibernian Football Club vs Ross County FC

Keepers & outfield error for **Olympique de Marseille** in Olympique de Marseille vs Fußballclub Red Bull Salzburg: Numbers: 2 and 9.

Keepers & outfield error for **Beşiktaş Jimnastik Kulübü** in Beşiktaş Jimnastik Kulübü vs Ankaraspor: Numbers: 2 and 9.
[2883960] Failed to build match row: Beşiktaş Jimnastik Kulübü vs Ankaraspor
[2919925] Failed to build match row: Olympique de Marseille vs Fußballclub Red Bull Salzburg
[2611241] Could not find attributes for jeremy bokila (Eskisehirspor, 2015)

Keepers & outfield error for **Paris Saint-Germain Football Club** in Bayer 04 Leverkusen Fußball vs Paris Saint-Germain Football Club: Numbers: 2 and 9.

Keepers & outfield error for **CD Leganés** in CD Leganés vs Club Atlético Osasuna: Numbers: 3 and 8.
[2611241] Failed to build match row: Eskisehirspor vs Galatasaray Spor Kulübü
[2718822] Failed to build match row: CD Leganés vs Club Atlético Osasuna
[2460587] Could not find attributes for milan jovanic (Fudbalski Klub Vojvodina, 2014)
[2385040] Failed to build match row: Bayer 04 Leverkusen Fußball vs Paris Saint-Germain Football Club
[3260171] Could not find attributes for peter nielsen (Vejgaard B, 2019)
[2460587] Failed to build match row: Fudbalski Klub Vojvodina vs AS Trencin
[3260171] Failed to build match row: Vejgaard B vs Aalborg BK
[3141144] Could not find attributes for adam maher (Alkmaar Zaanstreek, 2018)
[3047783] Could not find attributes for younn zahary (SM Caen, 2018)
[3141144] Failed to build match row: Alkmaar Zaanstreek vs AFC Ajax Amsterdam
[3047783] Failed to build match row: SM Caen vs Paris Saint-Germain Football Club

Keepers & outfield error for **Göztepe Sportif Yatırımlar A.Ş.** in MKE Ankaragücü vs Göztepe Sportif Yatırımlar A.Ş.: Numbers: 0 and 11.
[3223134] Failed to build match row: MKE Ankaragücü vs Göztepe Sportif Yatırımlar A.Ş.
[2483423] Could not find attributes for stefan burghiu (FC Zimbru Chisinau, 2014)
[2731785] Could not find attributes for yevgen borovyk (Chornomorets Odesa, 2016)
[2646167] Could not find attributes for marc wilson (Stoke City, 2015)
[2335764] Could not find attributes for oleksandr ilyushchenkov (Karpaty Lviv (-2021), 2013)
[2483423] Failed to build match row: FC Zimbru Chisinau vs Panthessalonikios Athlitikos Omilos Konstantinoupoliton
[2646167] Failed to build match row: Doncaster Rovers vs Stoke City
[2731785] Failed to build match row: Chornomorets Odesa vs Vorskla Poltava
[2494330] Could not find attributes for tomas cerny (GS Ergotelis, 2014)
[2335764] Failed to build match row: Karpaty Lviv (-2021) vs Metalurg Donetsk (- 2015)
[2494330] Failed to build match row: GS Ergotelis vs AO Platanias
[3209391] Could not find attributes for kristian joensen (KÍ Klaksvík, 2019)

Keepers & outfield error for **KSC Lokeren (- 2020)** in KSC Lokeren (- 2020) vs Royal Excel Mouscron (-2022): Numbers: 0 and 11.
[2478896] Could not find attributes for cesare bovo (Torino Calcio, 2014)

Keepers & outfield error for **CD Leganés** in Espanol vs CD Leganés: Numbers: 0 and 11.
[3209391] Failed to build match row: KÍ Klaksvík vs FK Trakai
[3079517] Failed to build match row: Espanol vs CD Leganés
[2626583] Failed to build match row: KSC Lokeren (- 2020) vs Royal Excel Mouscron (-2022)
[2583606] Could not find attributes for vasja simcic (FC Koper, 2015)
[2478896] Failed to build match row: Unione Sportiva Sassuolo Calcio vs Torino Calcio
[2583606] Failed to build match row: FC Koper vs Víkingur Reykjavík
[3104595] Could not find attributes for bojan saranov (PAS Lamia 1964, 2018)

Keepers & outfield error for **Olympique de Marseille** in Olympique de Marseille vs Angers Sporting Club de l'Ouest: Numbers: 2 and 9.
[2901017] Failed to build match row: Olympique de Marseille vs Angers Sporting Club de l'Ouest
[3104595] Failed to build match row: PAS Lamia 1964 vs AO Xanthi
[2754906] Could not find attributes for jose luis palomino (Ludogorets Razgrad, 2016)
[2754906] Failed to build match row: Ludogorets Razgrad vs Paris Saint-Germain Football Club
[2611242] Could not find attributes for ricardo vaz te (Akhisarspor, 2015)
[2611242] Failed to build match row: Antalyaspor vs Akhisarspor
[2351367] Could not find attributes for erdal rakip (Malmö Fotbollförening, 2013)
[2351367] Failed to build match row: Malmö Fotbollförening vs Swansea City

Keepers & outfield error for **Aberdeen Football Club** in Aberdeen Football Club vs St. Johnstone FC: Numbers: 0 and 11.
[3395500] Failed to build match row: Aberdeen Football Club vs St. Johnstone FC

Keepers & outfield error for **Sporting Gijón** in Real Sociedad de Fútbol S.A.D. vs Sporting Gijón: Numbers: 2 and 9.
[2505193] Could not find attributes for marcos angeleri (Málaga CF, 2014)
[2594489] Failed to build match row: Real Sociedad de Fútbol S.A.D. vs Sporting Gijón
[2505193] Failed to build match row: Málaga CF vs Deportivo de La Coruña
[2883961] Could not find attributes for jailton paraiba (Gençlerbirliği Spor Kulübü, 2017)
[2883961] Failed to build match row: Gençlerbirliği Spor Kulübü vs Kasımpaşa A.Ş.
[2722799] Could not find attributes for olcay sahan (Trabzonspor Kulübü, 2016)
[2722799] Failed to build match row: Trabzonspor Kulübü vs Kardemir Karabükspor
[2460589] Could not find attributes for juvenal edjogo (FC Santa Coloma, 2014)
[2460589] Failed to build match row: FC Santa Coloma vs FC Urartu Yerevan
[2385041] Could not find attributes for alex telles (Galatasaray Spor Kulübü, 2013)
[2385041] Failed to build match row: Galatasaray Spor Kulübü vs Chelsea Football Club
[3084083] Could not find attributes for markel etxeberria (CD Numancia, 2018)
[3141145] Could not find attributes for marios vrousai (Willem II Tilburg, 2018)
[3084083] Failed to build match row: CD Numancia vs Sporting Gijón
[3223135] Could not find attributes for atiba hutchinson (Beşiktaş Jimnastik Kulübü, 2019)
[3069782] Could not find attributes for alessio cerci (MKE Ankaragücü, 2018)
[3141145] Failed to build match row: Willem II Tilburg vs Fortuna Sittardia Combinatie
[3069782] Failed to build match row: MKE Ankaragücü vs Yeni Malatyaspor
[3223135] Failed to build match row: Kasımpaşa A.Ş. vs Beşiktaş Jimnastik Kulübü
[3047784] Could not find attributes for pedro rebocho (EA Guingamp, 2018)
[3047784] Failed to build match row: EA Guingamp vs Football Club de Nantes
[2646168] Could not find attributes for aymen belaid (Rotherham United, 2015)
[2731786] Could not find attributes for zauri makharadze (Olimpik Donetsk, 2016)
[2646168] Failed to build match row: Leeds United Association Football Club vs Rotherham United
[2700885] Could not find attributes for simeon raykov (Roda JC Kerkrade, 2016)
[2578217] Could not find attributes for erik pieters (Stoke City, 2015)
[2731786] Failed to build match row: Olimpik Donetsk vs FC Zorya Lugansk

Keepers & outfield error for **Heart of Midlothian Football Club** in Livingston Football Club vs Heart of Midlothian Football Club: Numbers: 0 and 11.
[3201298] Failed to build match row: Livingston Football Club vs Heart of Midlothian Football Club
[2700885] Failed to build match row: Roda JC Kerkrade vs Prins Hendrik Ende Desespereert Nimmer Combinatie Zwolle
[2578217] Failed to build match row: Liverpool Football Club vs Stoke City

Keepers & outfield error for **FC Schalke 04** in FC Schalke 04 vs Real Madrid Club de Fútbol: Numbers: 2 and 9.
[2335765] Could not find attributes for dmytro bezotosnyi (Chornomorets Odesa, 2013)
[2494331] Could not find attributes for ernestas setkus (AOK Kerkyra, 2014)
[2722800] Could not find attributes for alban meha (Konyaspor, 2016)
[2351368] Could not find attributes for filip mitrovic (OFK Titograd, 2013)
[2611243] Could not find attributes for adem buyuk (Kasımpaşa A.Ş., 2015)
[2722800] Failed to build match row: Konyaspor vs İstanbul Başakşehir Futbol Kulübü
[2494331] Failed to build match row: AOK Kerkyra vs PAS Giannina
[2385042] Failed to build match row: FC Schalke 04 vs Real Madrid Club de Fútbol
[2335765] Failed to build match row: Chornomorets Odesa vs FK Sevastopol (- 2014)
[2611243] Failed to build match row: Kasımpaşa A.Ş. vs Beşiktaş Jimnastik Kulübü
[2351368] Failed to build match row: Sevilla Fútbol Club S.A.D. vs OFK Titograd
[3104596] Could not find attributes for athanasios panteliadis (APO Levadiakos Football Club, 2018)
[2866212] Could not find attributes for andrey klimovich (Dinamo Minsk, 2017)
[3104596] Failed to build match row: APO Levadiakos Football Club vs APS Atromitos Athinon
[2866212] Failed to build match row: Dinamo Minsk vs NSÍ Runavík
[2626584] Could not find attributes for danijel milicevic (Koninklijke Atletiek Associatie Gent, 2015)
[2626584] Failed to build match row: Koninklijke Atletiek Associatie Gent vs Royal Standard Club de Liège

Keepers & outfield error for **Swansea City** in Stoke City vs Swansea City: Numbers: 2 and 9.
[2698167] Failed to build match row: Stoke City vs Swansea City

Keepers & outfield error for **Granada CF** in Córdoba CF vs Granada CF: Numbers: 2 and 9.
[2505194] Failed to build match row: Córdoba CF vs Granada CF
[2583607] Could not find attributes for aivaras bagocius (FK Kruoja Pakruojis (-2015), 2015)
[2583607] Failed to build match row: Jagiellonia-Bialystok Sportowa Spólka Akcyjna vs FK Kruoja Pakruojis (-2015)
[2528963] Could not find attributes for ignazio abate (Associazione Calcio Milan, 2014)
[3069783] Could not find attributes for david braz (Sivasspor, 2018)
[3223136] Could not find attributes for aminu umar (Çaykur Rizespor Kulübü, 2019)

Keepers & outfield error for **Göztepe Sportif Yatırımlar A.Ş.** in Göztepe Sportif Yatırımlar A.Ş. vs Konyaspor: Numbers: 0 and 11.
[2528963] Failed to build match row: Associazione Calcio Milan vs Società Sportiva Lazio S.p.A.
[3069783] Failed to build match row: Sivasspor vs Fenerbahçe Spor Kulübü
[3223136] Failed to build match row: Kayserispor Kulübü vs Çaykur Rizespor Kulübü
[2883962] Failed to build match row: Göztepe Sportif Yatırımlar A.Ş. vs Konyaspor
[3141146] Could not find attributes for mo dauda (Vitesse Arnhem, 2018)
[3141146] Failed to build match row: ADO Den Haag vs Vitesse Arnhem
[2483424] Could not find attributes for jonas acquistapace (Omonia Nicosia, 2014)

Keepers & outfield error for **Royal Antwerp Football Club** in Sportvereniging Zulte Waregem vs Royal Antwerp Football Club: Numbers: 2 and 9.
[2483424] Failed to build match row: Omonia Nicosia vs FK Dinamo Moskva
[2958608] Failed to build match row: Sportvereniging Zulte Waregem vs Royal Antwerp Football Club
[2794247] Could not find attributes for jerome okimo (Braintree Town, 2016)
[2794247] Failed to build match row: Millwall FC vs Braintree Town
[3209793] Could not find attributes for ansu fati (Futbol Club Barcelona, 2019)
[3047785] Could not find attributes for rafael leao (Lille Olympique Sporting Club, 2018)
[3047785] Failed to build match row: Lille Olympique Sporting Club vs Dijon FCO
[3209793] Failed to build match row: Futbol Club Barcelona vs Levante Unión Deportiva S.A.D.
[2604155] Could not find attributes for albano bizzarri (Chievo Verona, 2015)
[2700886] Could not find attributes for bersant celina (Football Club Twente, 2016)
[2604155] Failed to build match row: Bologna Football Club 1909 vs Chievo Verona
[2578218] Could not find attributes for marcus rashford (Manchester United Football Club, 2015)
[2700886] Failed to build match row: Football Club Twente vs Eindhovense Voetbalvereniging Philips Sport Vereniging
[2578218] Failed to build match row: Tottenham Hotspur Football Club vs Manchester United Football Club
[2894303] Could not find attributes for rustam khudzhamov (FK Mariupol, 2017)
[2478898] Could not find attributes for duje cop (Cagliari Calcio, 2014)
[2894303] Failed to build match row: FK Mariupol vs Zirka Kropyvnytskyi
[2460590] Could not find attributes for liam clarke (Lincoln Red Imps FC, 2014)
[2478898] Failed to build match row: Associazione Calcio Fiorentina vs Cagliari Calcio
[2460590] Failed to build match row: Lincoln Red Imps FC vs HB Tórshavn
[2351369] Could not find attributes for filip mitrovic (OFK Titograd, 2013)
[2351369] Failed to build match row: OFK Titograd vs Sevilla Fútbol Club S.A.D.
[3104597] Could not find attributes for julian cuesta (Aris Thessalonikis, 2018)
[3104597] Failed to build match row: Aris Thessalonikis vs A.G.S Asteras Tripolis
[2731787] Could not find attributes for oleksiy shevchenko (FC Zorya Lugansk, 2016)
[2731787] Failed to build match row: FC Zorya Lugansk vs Zirka Kropyvnytskyi
[2754908] Could not find attributes for andreas beck (Beşiktaş Jimnastik Kulübü, 2016)

Keepers & outfield error for **Rangers Football Club** in Rangers Football Club vs Motherwell Football Club: Numbers: 2 and 9.
[2754908] Failed to build match row: Beşiktaş Jimnastik Kulübü vs Futbolniy Klub Dynamo Kyiv
[3201299] Failed to build match row: Rangers Football Club vs Motherwell Football Club
[3084084] Could not find attributes for paulo vitor (Albacete Balompié, 2018)
[3084084] Failed to build match row: Albacete Balompié vs CD Lugo
[2528964] Could not find attributes for mcdonald mariga (Parma Calcio 1913, 2014)
[2528964] Failed to build match row: Parma Calcio 1913 vs Juventus Football Club
[3260172] Could not find attributes for morten munk (Boldklubben Marienlyst, 2019)
[3395503] Could not find attributes for youssouf mulumbu (Kilmarnock Football Club, 2020)
[3260172] Failed to build match row: Boldklubben Marienlyst vs Esbjerg fB
[3395503] Failed to build match row: Kilmarnock Football Club vs Livingston Football Club
[2335766] Could not find attributes for rustam khudzhamov (FK Mariupol, 2013)
[2335766] Failed to build match row: FK Mariupol vs Metalurg Zaporizhya (-2016)
[2722801] Could not find attributes for luccas claro (Gençlerbirliği Spor Kulübü, 2016)
[2722801] Failed to build match row: Galatasaray Spor Kulübü vs Gençlerbirliği Spor Kulübü
[3223137] Could not find attributes for farouk miya (Konyaspor, 2019)
[3058482] Could not find attributes for oscar wendt (Mönchengladbach, 2018)
[3223137] Failed to build match row: Konyaspor vs Gaziantep Futbol Kulübü A.Ş.
[2494332] Could not find attributes for dimitrios kyriakidis (AO Xanthi, 2014)

Keepers & outfield error for **Levante Unión Deportiva S.A.D.** in Levante Unión Deportiva S.A.D. vs Sevilla Fútbol Club S.A.D.: Numbers: 0 and 11.
[3058482] Failed to build match row: Mönchengladbach vs 1. Fußball- und Sportverein Mainz 05
[2594492] Failed to build match row: Levante Unión Deportiva S.A.D. vs Sevilla Fútbol Club S.A.D.
[2494332] Failed to build match row: AO Xanthi vs APO Levadiakos Football Club

Keepers & outfield error for **Futbol Club Barcelona** in Futbol Club Barcelona vs Málaga CF: Numbers: 2 and 9.

Keepers & outfield error for **Çaykur Rizespor Kulübü** in Çaykur Rizespor Kulübü vs Konyaspor: Numbers: 0 and 11.
[3141147] Could not find attributes for lasse schone (AFC Ajax Amsterdam, 2018)

Keepers & outfield error for **SD Eibar** in SD Eibar vs Real Betis Balompié S.A.D.: Numbers: 2 and 9.
[2460591] Could not find attributes for simone montanari (La Fiorita 1967, 2014)
[2583608] Could not find attributes for riccardo santini (AC Juvenes-Dogana, 2015)
[3209794] Failed to build match row: SD Eibar vs Real Betis Balompié S.A.D.
[3069784] Failed to build match row: Çaykur Rizespor Kulübü vs Konyaspor
[2718825] Failed to build match row: Futbol Club Barcelona vs Málaga CF

Keepers & outfield error for **EA Guingamp** in Olympique Gymnaste Club Nice Côte d'Azur vs EA Guingamp: Numbers: 2 and 9.
[2460591] Failed to build match row: La Fiorita 1967 vs FCI Levadia
[3141147] Failed to build match row: FC Emmen vs AFC Ajax Amsterdam
[2894304] Could not find attributes for rustam khudzhamov (FK Mariupol, 2017)
[2894304] Failed to build match row: FK Mariupol vs FC Oleksandriya
[2583608] Failed to build match row: AC Juvenes-Dogana vs Brøndby Idrætsforening
[2901020] Failed to build match row: Olympique Gymnaste Club Nice Côte d'Azur vs EA Guingamp
[3104598] Could not find attributes for yassine meriah (Olympiakos Syndesmos Filathlon Peiraios, 2018)
[2883963] Could not find attributes for volkan demirel (Fenerbahçe Spor Kulübü, 2017)
[2483425] Could not find attributes for syam ben youssef (Astra Giurgiu (- 2024), 2014)
[3104598] Failed to build match row: Olympiakos Syndesmos Filathlon Peiraios vs Panthessalonikios Athlitikos Omilos Konstantinoupoliton
[2883963] Failed to build match row: Fenerbahçe Spor Kulübü vs Kardemir Karabükspor
[2578219] Could not find attributes for jonathan howson (Norwich City, 2015)
[2529125] Could not find attributes for benjamin van leer (Roda JC Kerkrade, 2014)
[2483425] Failed to build match row: Olympique Lyonnais vs Astra Giurgiu (- 2024)
[2578219] Failed to build match row: Norwich City vs Aston Villa Football Club
[2529125] Failed to build match row: Roda JC Kerkrade vs Excelsior Rotterdam
[2611246] Could not find attributes for alexandru epureanu (İstanbul Başakşehir Futbol Kulübü, 2015)
[2611246] Failed to build match row: İstanbul Başakşehir Futbol Kulübü vs Mersin Talimyurdu SK
[2335767] Could not find attributes for dmitriy nepogodov (Vorskla Poltava, 2013)
[2335767] Failed to build match row: Vorskla Poltava vs Karpaty Lviv (-2021)
[3223138] Could not find attributes for ponck (İstanbul Başakşehir Futbol Kulübü, 2019)
[2731788] Could not find attributes for danylo kanevtsev (Chornomorets Odesa, 2016)
[3223138] Failed to build match row: Denizlispor vs İstanbul Başakşehir Futbol Kulübü
[2731788] Failed to build match row: FC Shakhtar Donetsk vs Chornomorets Odesa
[2494333] Could not find attributes for athanasios panteliadis (A.G.S Asteras Tripolis, 2014)
[2494333] Failed to build match row: A.G.S Asteras Tripolis vs AEL Kalloni

Keepers & outfield error for **Swansea City** in Swansea City vs Manchester United Football Club: Numbers: 2 and 9.
[2698169] Failed to build match row: Swansea City vs Manchester United Football Club
[2473454] Could not find attributes for adam kovacsik (Reggina Calcio, 2014)
[2473454] Failed to build match row: Reggina Calcio vs Casertana FC
[3069785] Could not find attributes for jose sosa (Trabzonspor Kulübü, 2018)
[3069785] Failed to build match row: Trabzonspor Kulübü vs Erzurumspor FK
[2351370] Could not find attributes for gheorghe bantis (FC Milsami Orhei, 2013)
[2351370] Failed to build match row: AS Saint-Étienne vs FC Milsami Orhei
[2611247] Could not find attributes for ugur demirok (Ankaraspor, 2015)
[2611247] Failed to build match row: Fenerbahçe Spor Kulübü vs Ankaraspor
[3104599] Could not find attributes for giannis kontoes (Apollon Smyrnis, 2018)
[3104599] Failed to build match row: Apollon Smyrnis vs Panionios Athens
[2894305] Could not find attributes for german penkov (PFK Stal Kamyanske (-2018), 2017)
[2894305] Failed to build match row: PFK Stal Kamyanske (-2018) vs Olimpik Donetsk
[2866213] Could not find attributes for endre botka (Ferencvárosi TC, 2017)
[2866213] Failed to build match row: Ferencvárosi TC vs FK Jelgava
[2529632] Could not find attributes for conor grant (Motherwell Football Club, 2014)
[2529632] Failed to build match row: Aberdeen Football Club vs Motherwell Football Club

Keepers & outfield error for **Espanol** in Espanol vs Alaves: Numbers: 2 and 9.
[2505197] Failed to build match row: Espanol vs Alaves
[2626787] Could not find attributes for oleksandr shovkovskyi (Futbolniy Klub Dynamo Kyiv, 2015)
[2626787] Failed to build match row: Futbolniy Klub Dynamo Kyiv vs Volyn Lutsk
[2873191] Failed to scrape lineup: https://www.transfermarkt.co.uk/zenit-st-petersburg_fc-rostov/index/spielbericht/2873191
[3069786] Could not find attributes for merih demiral (Alanyaspor, 2018)
[3069786] Failed to build match row: Alanyaspor vs Antalyaspor
[2342373] Could not find attributes for bilal basacikoglu (Sportclub Heerenveen, 2013)
[2342373] Failed to build match row: Eindhovense Voetbalvereniging Philips Sport Vereniging vs Sportclub Heerenveen

Keepers & outfield error for **Sport Lisboa e Benfica** in Società Sportiva Calcio Napoli vs Sport Lisboa e Benfica: Numbers: 0 and 11.
[2754909] Failed to build match row: Società Sportiva Calcio Napoli vs Sport Lisboa e Benfica
[3104600] Failed to scrape lineup: https://www.transfermarkt.co.uk/panionios-athens_aris-thessaloniki/index/spielbericht/3104600
[2611248] Could not find attributes for ricardo vaz te (Akhisarspor, 2015)
[2611248] Failed to build match row: Akhisarspor vs Kasımpaşa A.Ş.

Keepers & outfield error for **Deportivo de La Coruña** in Deportivo de La Coruña vs Sevilla Fútbol Club S.A.D.: Numbers: 2 and 9.
[2718826] Failed to build match row: Deportivo de La Coruña vs Sevilla Fútbol Club S.A.D.
[3047786] Could not find attributes for kalidou sidibe (Toulouse Football Club, 2018)
[3223140] Could not find attributes for daniel sturridge (Trabzonspor Kulübü, 2019)
[3047786] Failed to build match row: Olympique Lyonnais vs Toulouse Football Club
[3223140] Failed to build match row: Trabzonspor Kulübü vs Denizlispor
[2329288] Could not find attributes for patrick banggaard (Fodbold Club Midtjylland, 2013)
[2329288] Failed to build match row: Fodbold Club Midtjylland vs Football Club København
[3232979] Could not find attributes for vjaceslavs kudrjavcevs (JFK Ventspils, 2019)
[2494334] Could not find attributes for alexander tambakis (Niki Volou, 2014)
[2794249] Could not find attributes for matt gould (Stourbridge FC, 2016)
[2351371] Could not find attributes for andrian negai (FC Milsami Orhei, 2013)

Keepers & outfield error for **Saint Mirren Football Club** in Ross County FC vs Saint Mirren Football Club: Numbers: 2 and 9.
[3395505] Failed to build match row: Ross County FC vs Saint Mirren Football Club
[2794249] Failed to build match row: Stourbridge FC vs Northampton Town
[2494334] Failed to build match row: Niki Volou vs GS Ergotelis
[3232979] Failed to build match row: JFK Ventspils vs Vitória Sport Clube
[2335768] Could not find attributes for oleksandr nad (Goverla Uzhgorod (- 2016), 2013)
[2351371] Failed to build match row: FC Milsami Orhei vs AS Saint-Étienne
[2583609] Could not find attributes for srdjan zakula (Fudbalski Klub Vojvodina, 2015)
[2335768] Failed to build match row: Goverla Uzhgorod (- 2016) vs FC Shakhtar Donetsk
[2583609] Failed to build match row: Fudbalski Klub Vojvodina vs MTK Budapest
[3209795] Could not find attributes for roberto soldado (Granada CF, 2019)
[2731789] Could not find attributes for roman mysak (Karpaty Lviv (-2021), 2016)

Keepers & outfield error for **Real Betis Balompié S.A.D.** in SD Huesca vs Real Betis Balompié S.A.D.: Numbers: 2 and 9.
[3260173] Could not find attributes for jonathan fischer (Akademisk Boldklub, 2019)
[3079522] Failed to build match row: SD Huesca vs Real Betis Balompié S.A.D.
[2731789] Failed to build match row: Karpaty Lviv (-2021) vs PFK Stal Kamyanske (-2018)
[3209795] Failed to build match row: Granada CF vs Espanol
[2722802] Could not find attributes for nabil ghilas (Gaziantepspor (- 2020), 2016)
[3260173] Failed to build match row: Akademisk Boldklub vs Viborg Fodsports Forening
[2722802] Failed to build match row: Gaziantepspor (- 2020) vs Kasımpaşa A.Ş.
[2646171] Could not find attributes for vadis odjidja ofoe (Norwich City, 2015)
[2529634] Could not find attributes for raffaele de vita (Ross County FC, 2014)
[2646171] Failed to build match row: Norwich City vs Manchester City Football Club
[2529634] Failed to build match row: Hamilton Academical FC vs Ross County FC
[2626788] Could not find attributes for roman mysak (Karpaty Lviv (-2021), 2015)
[2894306] Could not find attributes for maksym koval (Futbolniy Klub Dynamo Kyiv, 2017)

Keepers & outfield error for **Royal Antwerp Football Club** in Royal Antwerp Football Club vs KSC Lokeren (- 2020): Numbers: 2 and 9.
[2626788] Failed to build match row: Karpaty Lviv (-2021) vs FC Oleksandriya
[2894306] Failed to build match row: Futbolniy Klub Dynamo Kyiv vs NK Veres Rivne
[2958614] Failed to build match row: Royal Antwerp Football Club vs KSC Lokeren (- 2020)
[2342374] Could not find attributes for roland alberg (ADO Den Haag, 2013)
[2342374] Failed to build match row: ADO Den Haag vs SC Cambuur Leeuwarden
[2473455] Could not find attributes for emanuele nordi (US Alessandria Calcio 1912, 2014)
[2473455] Failed to build match row: US Alessandria Calcio 1912 vs US Salernitana 1919
[2483426] Could not find attributes for sasa stamenkovic (Neftchi Baku, 2014)
[2483426] Failed to build match row: Neftchi Baku vs Fudbalski Klub Partizan Beograd

Keepers & outfield error for **Futbol Club Barcelona** in Mönchengladbach vs Futbol Club Barcelona: Numbers: 2 and 9.
[2754910] Failed to build match row: Mönchengladbach vs Futbol Club Barcelona
[2335770] Could not find attributes for damir kahriman (SK Tavriya Simferopol ( - 2022), 2013)
[2335770] Failed to build match row: SK Tavriya Simferopol ( - 2022) vs Volyn Lutsk
[3300770] Could not find attributes for osaze urhoghide (Sheffield Wednesday, 2019)
[3300770] Failed to build match row: Brighton and Hove Albion Football Club vs Sheffield Wednesday
[2460592] Could not find attributes for artashes arakelyan (FC Urartu Yerevan, 2014)
[2460592] Failed to build match row: FC Urartu Yerevan vs FC Santa Coloma
[2494335] Could not find attributes for dele adeleye (Omilos Filathlon Irakliou FC, 2014)
[2494335] Failed to build match row: Omilos Filathlon Irakliou FC vs APS Atromitos Athinon
[2505198] Could not find attributes for dani ceballos (Real Betis Balompié S.A.D., 2014)
[2505198] Failed to build match row: UD Almería vs Real Betis Balompié S.A.D.

Keepers & outfield error for **Göztepe Sportif Yatırımlar A.Ş.** in Göztepe Sportif Yatırımlar A.Ş. vs Beşiktaş Jimnastik Kulübü: Numbers: 0 and 11.
[3069787] Failed to build match row: Göztepe Sportif Yatırımlar A.Ş. vs Beşiktaş Jimnastik Kulübü
[2919926] Could not find attributes for nemanja milunovic (BATE Borisov, 2017)
[2919926] Failed to build match row: Arsenal Football Club vs BATE Borisov
[2478901] Could not find attributes for andrea masiello (Atalanta Bergamasca Calcio S.p.a., 2014)
[2478901] Failed to build match row: Atalanta Bergamasca Calcio S.p.a. vs FC Empoli

Keepers & outfield error for **Rio Ave Futebol Clube** in Idrottsföreningen Elfsborg vs Rio Ave Futebol Clube: Numbers: 0 and 11.
[2483427] Failed to build match row: Idrottsföreningen Elfsborg vs Rio Ave Futebol Clube
[2731790] Could not find attributes for andriy marchuk (Volyn Lutsk, 2016)
[2731790] Failed to build match row: Volyn Lutsk vs Dnipro Dnipropetrovsk (-2020)
[2578220] Could not find attributes for jonathan howson (Norwich City, 2015)
[2578220] Failed to build match row: Norwich City vs Southampton FC
[2529636] Could not find attributes for nathan eccleston (Kilmarnock Football Club, 2014)
[2529636] Failed to build match row: Kilmarnock Football Club vs Saint Mirren Football Club

Keepers & outfield error for **Sivasspor** in Alanyaspor vs Sivasspor: Numbers: 2 and 9.
[2883966] Failed to build match row: Alanyaspor vs Sivasspor
[3223141] Could not find attributes for aminu umar (Çaykur Rizespor Kulübü, 2019)
[3223141] Failed to build match row: Çaykur Rizespor Kulübü vs Kasımpaşa A.Ş.

Keepers & outfield error for **Cardiff City** in Cardiff City vs Carlisle United: Numbers: 2 and 9.
[2626789] Could not find attributes for mykyta kamenyuka (FC Zorya Lugansk, 2015)
[3300771] Failed to build match row: Cardiff City vs Carlisle United

Keepers & outfield error for **Vitória Sport Clube** in Vitória Sport Clube vs JFK Ventspils: Numbers: 0 and 11.
[2626789] Failed to build match row: FC Zorya Lugansk vs Dnipro Dnipropetrovsk (-2020)
[3232980] Failed to build match row: Vitória Sport Clube vs JFK Ventspils
[3069788] Could not find attributes for david braz (Sivasspor, 2018)
[3058487] Could not find attributes for steven zuber (Turn- und Sportgemeinschaft 1899 Hoffenheim Fußball-Spielbetriebs, 2018)
[3058487] Failed to build match row: Turn- und Sportgemeinschaft 1899 Hoffenheim Fußball-Spielbetriebs vs Verein für Bewegungsspiele Stuttgart 1893
[2494336] Could not find attributes for georgios kousas (Panetolikos Agrinio, 2014)
[2583611] Could not find attributes for ivan mena (Skonto Riga, 2015)
[2494336] Failed to build match row: Panetolikos Agrinio vs Panthessalonikios Athlitikos Omilos Konstantinoupoliton
[2583611] Failed to build match row: St. Patrick's Athletic vs Skonto Riga
[2483428] Could not find attributes for danijel pranjic (Panathinaikos Athlitikos Omilos, 2014)
[2460593] Could not find attributes for teitur gestsson (HB Tórshavn, 2014)
[2335772] Could not find attributes for dmitriy nepogodov (Vorskla Poltava, 2013)

Keepers & outfield error for **Royal Sporting Club Anderlecht** in Royal Sporting Club Anderlecht vs KAS Eupen: Numbers: 2 and 9.

Keepers & outfield error for **UD Las Palmas** in Celta vs UD Las Palmas: Numbers: 2 and 9.
[2335772] Failed to build match row: Vorskla Poltava vs Chornomorets Odesa
[2483428] Failed to build match row: Panathinaikos Athlitikos Omilos vs Fodbold Club Midtjylland
[2958615] Failed to build match row: Royal Sporting Club Anderlecht vs KAS Eupen
[2460593] Failed to build match row: HB Tórshavn vs Lincoln Red Imps FC
[2505199] Failed to build match row: Celta vs UD Las Palmas
[2351372] Could not find attributes for gunnleifur vignir gunnleifsson (Breidablik Kópavogur, 2013)
[2351372] Failed to build match row: Breidablik Kópavogur vs FK Aktobe
[2919927] Could not find attributes for vujadin savic (Fudbalski klub Crvena zvezda Beograd, 2017)
[2919927] Failed to build match row: Fudbalski klub Crvena zvezda Beograd vs 1. Fußball-Club Köln
[2731791] Could not find attributes for roman mysak (Karpaty Lviv (-2021), 2016)
[2731791] Failed to build match row: Karpaty Lviv (-2021) vs Dnipro Dnipropetrovsk (-2020)

Keepers & outfield error for **Olympiakos Syndesmos Filathlon Peiraios** in Manchester United Football Club vs Olympiakos Syndesmos Filathlon Peiraios: Numbers: 0 and 11.
[2385046] Failed to build match row: Manchester United Football Club vs Olympiakos Syndesmos Filathlon Peiraios
[2329289] Could not find attributes for rolf toft (Aalborg BK, 2013)
[2329289] Failed to build match row: Esbjerg fB vs Aalborg BK
[2529637] Could not find attributes for callum booth (Partick Thistle FC, 2014)
[2529637] Failed to build match row: Partick Thistle FC vs St. Johnstone FC
[3047788] Could not find attributes for sanjin prcic (Racing Club de Strasbourg Alsace, 2018)
[3047788] Failed to build match row: Olympique Gymnaste Club Nice Côte d'Azur vs Racing Club de Strasbourg Alsace
[3069789] Could not find attributes for iasmin latovlevici (Bursaspor, 2018)
[3069789] Failed to build match row: Bursaspor vs Alanyaspor

Keepers & outfield error for **FC Schalke 04** in FC Basel 1893 AG vs FC Schalke 04: Numbers: 2 and 9.
[2367103] Failed to build match row: FC Basel 1893 AG vs FC Schalke 04

Keepers & outfield error for **Real Sociedad de Fútbol S.A.D.** in CD Leganés vs Real Sociedad de Fútbol S.A.D.: Numbers: 2 and 9.
[3209796] Failed to build match row: CD Leganés vs Real Sociedad de Fútbol S.A.D.
[2494337] Could not find attributes for kevin olimpa (AO Platanias, 2014)
[2494337] Failed to build match row: AO Platanias vs Panathinaikos Athlitikos Omilos
[3232981] Could not find attributes for zvonimir mikulic (FC Sheriff Tiraspol, 2019)
[3232981] Failed to build match row: FC Sheriff Tiraspol vs Allmänna Idrottsklubben

Keepers & outfield error for **KAS Eupen** in Sportvereniging Zulte Waregem vs KAS Eupen: Numbers: 2 and 9.
[3084089] Failed to build match row: Sportvereniging Zulte Waregem vs KAS Eupen
[2473456] Could not find attributes for giovanni zandrini (L'Aquila 1927, 2014)
[2722803] Could not find attributes for paul papp (Kardemir Karabükspor, 2016)
[2722803] Failed to build match row: Kardemir Karabükspor vs Adanaspor
[2473456] Failed to build match row: L'Aquila 1927 vs AltoVicentino
[2731792] Could not find attributes for vladyslav levanidov (FC Oleksandriya, 2016)
[2731792] Failed to build match row: FC Oleksandriya vs PFK Stal Kamyanske (-2018)
[2794251] Could not find attributes for brad halliday (Cambridge United, 2016)
[2794251] Failed to build match row: Cambridge United vs Coventry City
[2626790] Could not find attributes for zauri makharadze (Olimpik Donetsk, 2015)
[3047789] Could not find attributes for gerzino nyamsi (Rennes, 2018)
 Midtjylland, 2013)
[2626790] Failed to build match row: Olimpik Donetsk vs Vorskla Poltava
[2329290] Failed to build match row: Fodbold Club Midtjylland vs Sønderjyske Fodbold
[3047789] Failed to build match row: Nîmes Olympique vs Rennes
[2505200] Could not find attributes for ion ansotegi (Real Sociedad de Fútbol S.A.D., 2014)
[2505200] Failed to build match row: Real Sociedad de Fútbol S.A.D. vs Real Oviedo S.A.D.
[2866214] Could not find attributes for paul connolly (Bangor City, 2017)
[2335773] Could not find attributes for maksim startsev (Metalurg Zaporizhya (-2016), 2013)
[2583612] Could not find attributes for dyson falzon (Valletta FC, 2015)
5)
[2866214] Failed to build match row: Lyngby Boldklub vs Bangor City
[2335773] Failed to build match row: Metalurg Zaporizhya (-2016) vs Vorskla Poltava
[2604159] Failed to build match row: Verona Hellas Football Club vs Palermo FC
[2583612] Failed to build match row: Valletta FC vs Newtown AFC
[2873209] Could not find attributes for dmitriy tarasov (Футбольный клуб "Локомотив" Москва, 2017)
[2873209] Failed to build match row: FK Spartak Moskva vs Футбольный клуб "Локомотив" Москва

Keepers & outfield error for **Real Club Deportivo Mallorca S.A.D.** in Real Club Deportivo Mallorca S.A.D. vs Real Valladolid CF: Numbers: 2 and 9.
[3209797] Failed to build match row: Real Club Deportivo Mallorca S.A.D. vs Real Valladolid CF
[2367104] Could not find attributes for florin gardos (SC Fotbal Club FCSB SA, 2013)
[2367104] Failed to build match row: SC Fotbal Club FCSB SA vs Chelsea Football Club
[3069790] Could not find attributes for erkan kas (Yeni Malatyaspor, 2018)
[3069790] Failed to build match row: Yeni Malatyaspor vs Galatasaray Spor Kulübü
[2351373] Could not find attributes for andrey sidelnikov (FK Aktobe, 2013)
[2351373] Failed to build match row: FK Aktobe vs Breidablik Kópavogur
[2646174] Could not find attributes for jozo simunovic (The Celtic Football Club, 2015)
[2646174] Failed to build match row: The Celtic Football Club vs St. Johnstone FC
[3400379] Could not find attributes for ilya lantratov (FC Khimki (-2025), 2019)
[3400379] Failed to build match row: FC Khimki (-2025) vs AO FK Zenit Sankt-Peterburg

Keepers & outfield error for **Ross County FC** in Ross County FC vs Rangers Football Club: Numbers: 2 and 9.
[3201305] Failed to build match row: Ross County FC vs Rangers Football Club
[2731793] Could not find attributes for vitaliy nedilko (Volyn Lutsk, 2016)
[2731793] Failed to build match row: Volyn Lutsk vs PFK Stal Kamyanske (-2018)
[2494338] Could not find attributes for anastasios avlonitis (Olympiakos Syndesmos Filathlon Peiraios, 2014)
[3232982] Could not find attributes for zvonimir mikulic (FC Sheriff Tiraspol, 2019)
[2494338] Failed to build match row: Olympiakos Syndesmos Filathlon Peiraios vs Veria NPS
[3232982] Failed to build match row: Allmänna Idrottsklubben vs FC Sheriff Tiraspol
[2329291] Could not find attributes for johan sellberg wiland (Football Club København, 2013)
[2329291] Failed to build match row: Football Club København vs Randers Fodbold Club
[3223142] Could not find attributes for mattias bjarsmyr (Gençlerbirliği Spor Kulübü, 2019)
[3223142] Failed to build match row: Gençlerbirliği Spor Kulübü vs Göztepe Sportif Yatırımlar A.Ş.
[3084090] Could not find attributes for omri ben harush (KSC Lokeren (- 2020), 2018)
[3084090] Failed to build match row: St Truiden vs KSC Lokeren (- 2020)
[3104601] Could not find attributes for dimitrios kyriakidis (Panetolikos Agrinio, 2018)
[3104601] Failed to build match row: Panetolikos Agrinio vs APO Levadiakos Football Club
[2335774] Could not find attributes for dmytro bezotosnyi (Chornomorets Odesa, 2013)
[2335774] Failed to build match row: Chornomorets Odesa vs Metalist Kharkiv (- 2016)

Keepers & outfield error for **Göztepe Sportif Yatırımlar A.Ş.** in Galatasaray Spor Kulübü vs Göztepe Sportif Yatırımlar A.Ş.: Numbers: 0 and 11.
[2883969] Failed to build match row: Galatasaray Spor Kulübü vs Göztepe Sportif Yatırımlar A.Ş.
[2594496] Could not find attributes for jean sylvain babin (Granada CF, 2015)

Keepers & outfield error for **Villarreal Club de Fútbol S.A.D.** in Villarreal Club de Fútbol S.A.D. vs Cádiz CF: Numbers: 0 and 11.
[2505201] Failed to build match row: Villarreal Club de Fútbol S.A.D. vs Cádiz CF
[2594496] Failed to build match row: Granada CF vs Villarreal Club de Fútbol S.A.D.
[2583613] Could not find attributes for marko jovanovski (Shkendija Tetovo, 2015)
[2583613] Failed to build match row: Aberdeen Football Club vs Shkendija Tetovo
[2754914] Could not find attributes for jose luis palomino (Ludogorets Razgrad, 2016)
[2611249] Failed to build match row: Kayserispor Kulübü vs Antalyaspor
[2754914] Failed to build match row: Arsenal Football Club vs Ludogorets Razgrad
[3069791] Could not find attributes for maicon bolt (Antalyaspor, 2018)
[2351374] Could not find attributes for razvan stanca (Pandurii Targu Jiu (- 2022), 2013)
[3069791] Failed to build match row: Antalyaspor vs Trabzonspor Kulübü
[2351374] Failed to build match row: Pandurii Targu Jiu (- 2022) vs Hapoel Tel Aviv
[2718827] Could not find attributes for andreas pereira (Granada CF, 2016)
[2483430] Could not find attributes for miral samardzic (Hrvatski Nogometni Klub Rijeka, 2014)
[2494339] Could not find attributes for alexandros paschalakis (Panthrakikos Komotini, 2014)
[2483430] Failed to build match row: Hrvatski Nogometni Klub Rijeka vs FC Sheriff Tiraspol
[2494339] Failed to build match row: Panthrakikos Komotini vs Panionios Athens
[2718827] Failed to build match row: Valencia Club de Fútbol S. A. D. vs Granada CF
[2731794] Could not find attributes for andriy lunin (Dnipro Dnipropetrovsk (-2020), 2016)
[2731794] Failed to build match row: Dnipro Dnipropetrovsk (-2020) vs Futbolniy Klub Dynamo Kyiv

Keepers & outfield error for **Heart of Midlothian Football Club** in St. Johnstone FC vs Heart of Midlothian Football Club: Numbers: 0 and 11.
[3201306] Failed to build match row: St. Johnstone FC vs Heart of Midlothian Football Club
[2646175] Could not find attributes for arnaud djoum (Heart of Midlothian Football Club, 2015)
[2919928] Could not find attributes for ionut larie (SC Fotbal Club FCSB SA, 2017)
[2919928] Failed to build match row: SC Fotbal Club FCSB SA vs FC Lugano
[2646175] Failed to build match row: Hamilton Academical FC vs Heart of Midlothian Football Club
[2460594] Could not find attributes for roman smishko (FCI Levadia, 2014)
[2460594] Failed to build match row: FCI Levadia vs La Fiorita 1967
[3232983] Could not find attributes for salahat agayev (Neftchi Baku, 2019)
[3232983] Failed to build match row: Neftchi Baku vs Bnei Yehuda Tel Aviv
[2873422] Could not find attributes for nazar kazmiruk (Chayka Petropavlivska Borshchagivka, 2017)
[2873422] Failed to build match row: Chayka Petropavlivska Borshchagivka vs FC Rukh Lviv
[3058490] Could not find attributes for sebastian langkamp (Sportverein Werder Bremen von 1899, 2018)
[3058490] Failed to build match row: Sportverein Werder Bremen von 1899 vs Bayer 04 Leverkusen Fußball
[2473457] Could not find attributes for massimo paci (Pisa Sporting Club, 2014)
[2473457] Failed to build match row: Pisa Sporting Club vs GSD RapalloBogliasco
[3300773] Could not find attributes for fraser kerr (Hartlepool United, 2019)
[3300773] Failed to build match row: Oxford United vs Hartlepool United
[2494340] Could not find attributes for stratos valios (AEL Kalloni, 2014)
[2494340] Failed to build match row: AEL Kalloni vs Panthrakikos Komotini
[2529640] Could not find attributes for stephen pearson (Motherwell Football Club, 2014)
[2529640] Failed to build match row: Motherwell Football Club vs Hamilton Academical FC
[3069792] Could not find attributes for trezeguet (Kasımpaşa A.Ş., 2018)
[3069792] Failed to build match row: Erzurumspor FK vs Kasımpaşa A.Ş.
[2626792] Could not find attributes for yevgen borovyk (Chornomorets Odesa, 2015)
[2626792] Failed to build match row: Chornomorets Odesa vs Goverla Uzhgorod (- 2016)
[2718828] Could not find attributes for florian lejeune (SD Eibar, 2016)
[2718828] Failed to build match row: SD Eibar vs Real Betis Balompié S.A.D.
[2646176] Could not find attributes for eiji kawashima (Dundee United Football Club, 2015)
[3104602] Could not find attributes for georgios athanasiadis (A.G.S Asteras Tripolis, 2018)
[3104602] Failed to build match row: A.G.S Asteras Tripolis vs Panathinaikos Athlitikos Omilos
[2329293] Could not find attributes for rolf toft (Aalborg BK, 2013)
[2329293] Failed to build match row: FC Vestsjaelland vs Aalborg BK
[3141153] Could not find attributes for mounir el hamdaoui (Excelsior Rotterdam, 2018)
[3141153] Failed to build match row: Excelsior Rotterdam vs Nooit Opgeven Altijd Doorzetten Aangenaam Door Vermaak En Nuttig Door Ontspanning Combinatie Breda
[2494341] Could not find attributes for luigi cennamo (APS Atromitos Athinon, 2014)
[2494341] Failed to build match row: APS Atromitos Athinon vs Olympiakos Syndesmos Filathlon Peiraios
[2483431] Could not find attributes for georgios merkis (Apollon Limassol, 2014)
[2483431] Failed to build match row: Apollon Limassol vs Футбольный клуб "Локомотив" Москва
[2460598] Could not find attributes for sergey chernik (BATE Borisov, 2014)
[2335775] Could not find attributes for yevgen galchuk (FK Mariupol, 2013)
[2460598] Failed to build match row: BATE Borisov vs KF Skënderbeu
[2335775] Failed to build match row: FK Mariupol vs FK Sevastopol (- 2014)
[2626793] Could not find attributes for yuriy pankiv (PFK Stal Kamyanske (-2018), 2015)
[2604161] Could not find attributes for umar sadiq (Associazione Sportiva Roma, 2015)
[2626793] Failed to build match row: PFK Stal Kamyanske (-2018) vs FC Shakhtar Donetsk
[2604161] Failed to build match row: Associazione Sportiva Roma vs Associazione Calcio Milan

Keepers & outfield error for **Stade Reims** in Dijon FCO vs Stade Reims: Numbers: 2 and 9.
[3047792] Failed to build match row: Dijon FCO vs Stade Reims
[3232984] Could not find attributes for emilijus zubas (Bnei Yehuda Tel Aviv, 2019)
[3232984] Failed to build match row: Bnei Yehuda Tel Aviv vs Neftchi Baku
[3104603] Could not find attributes for bojan saranov (PAS Lamia 1964, 2018)
[3104603] Failed to build match row: PAS Lamia 1964 vs Omilos Filathlon Irakliou FC
[2919929] Could not find attributes for guy haimov (Hapoel Beer Sheva, 2017)
[2919929] Failed to build match row: Hapoel Beer Sheva vs FC Viktoria Plzeň, a.s.
[3300774] Could not find attributes for danny simpson (Huddersfield Town, 2019)
[3300774] Failed to build match row: Southampton FC vs Huddersfield Town
[2367107] Could not find attributes for matus kozacik (FC Viktoria Plzeň, a.s., 2013)
[2367107] Failed to build match row: PFK CSKA Moskva vs FC Viktoria Plzeň, a.s.
[2505203] Could not find attributes for carlos craviotto (CE L'Hospitalet, 2014)
[2505203] Failed to build match row: Club Atlético de Madrid S.A.D. vs CE L'Hospitalet
[2529641] Could not find attributes for callum booth (Partick Thistle FC, 2014)
[2529641] Failed to build match row: Partick Thistle FC vs Inverness Caledonian Thistle FC
[2866215] Could not find attributes for aleksandr kislitsyn (Irtysh Pavlodar, 2017)
[2754916] Could not find attributes for andreas beck (Beşiktaş Jimnastik Kulübü, 2016)
[2866215] Failed to build match row: Irtysh Pavlodar vs Dunav Ruse
[2754916] Failed to build match row: Società Sportiva Calcio Napoli vs Beşiktaş Jimnastik Kulübü
[2583614] Could not find attributes for robert orn oskarsson (FH Hafnarfjördur, 2015)
[2583614] Failed to build match row: FH Hafnarfjördur vs SJK Seinäjoki

Keepers & outfield error for **UD Las Palmas** in UD Las Palmas vs Athletic Club Bilbao: Numbers: 2 and 9.
[2718829] Failed to build match row: UD Las Palmas vs Athletic Club Bilbao
[2894307] Could not find attributes for oleksandr tkachenko (Vorskla Poltava, 2017)
[2894307] Failed to build match row: Vorskla Poltava vs FC Zorya Lugansk
[3209801] Could not find attributes for moi gomez (Villarreal Club de Fútbol S.A.D., 2019)
[3209801] Failed to build match row: Villarreal Club de Fútbol S.A.D. vs Club Atlético Osasuna
[2958617] Could not find attributes for lomalisa mutambala (Royal Excel Mouscron (-2022), 2017)
[2494342] Could not find attributes for georgios kantimiris (Veria NPS, 2014)
[2958617] Failed to build match row: Royal Excel Mouscron (-2022) vs Sportvereniging Zulte Waregem
[2494342] Failed to build match row: Veria NPS vs PAS Giannina

Keepers & outfield error for **Real Valladolid CF** in Real Valladolid CF vs Rayo Vallecano de Madrid S. A. D.: Numbers: 2 and 9.
[3079524] Failed to build match row: Real Valladolid CF vs Rayo Vallecano de Madrid S. A. D.
[3104604] Could not find attributes for giannis kontoes (Apollon Smyrnis, 2018)
[3104604] Failed to build match row: Panthessalonikios Athlitikos Omilos Konstantinoupoliton vs Apollon Smyrnis
[2698174] Could not find attributes for markus henriksen (Hull City, 2016)
[2698174] Failed to build match row: Sunderland Association Football Club vs Hull City
[2473458] Could not find attributes for mirko pennesi (Savona FBC, 2014)
[2473458] Failed to build match row: Savona FBC vs Terracina Calcio
[2351375] Could not find attributes for dani amos (Hapoel Tel Aviv, 2013)
[2351375] Failed to build match row: Hapoel Tel Aviv vs Pandurii Targu Jiu (- 2022)
[2919931] Could not find attributes for zvonimir mikulic (FC Sheriff Tiraspol, 2017)
[2919931] Failed to build match row: FC Sheriff Tiraspol vs Футбольный клуб "Локомотив" Москва

Keepers & outfield error for **Göztepe Sportif Yatırımlar A.Ş.** in Akhisarspor vs Göztepe Sportif Yatırımlar A.Ş.: Numbers: 0 and 11.
[3069793] Failed to build match row: Akhisarspor vs Göztepe Sportif Yatırımlar A.Ş.
[2611250] Could not find attributes for ilhan parlak (Gaziantepspor (- 2020), 2015)
[2611250] Failed to build match row: Gaziantepspor (- 2020) vs Sivasspor
[2335776] Could not find attributes for denys boyko (Dnipro Dnipropetrovsk (-2020), 2013)
[2335776] Failed to build match row: Dnipro Dnipropetrovsk (-2020) vs Karpaty Lviv (-2021)
[3141154] Could not find attributes for sepp van den berg (Prins Hendrik Ende Desespereert Nimmer Combinatie Zwolle, 2018)
[3141154] Failed to build match row: Prins Hendrik Ende Desespereert Nimmer Combinatie Zwolle vs FC Emmen

Keepers & outfield error for **Real Madrid Club de Fútbol** in Real Madrid Club de Fútbol vs UE Cornellà: Numbers: 2 and 9.
[2505204] Failed to build match row: Real Madrid Club de Fútbol vs UE Cornellà
[2754917] Could not find attributes for yevgen khacheridi (Futbolniy Klub Dynamo Kyiv, 2016)
[2754917] Failed to build match row: Futbolniy Klub Dynamo Kyiv vs Sport Lisboa e Benfica

Keepers & outfield error for **Sporting Gijón** in Sporting Gijón vs Valencia Club de Fútbol S. A. D.: Numbers: 2 and 9.
[2594499] Failed to build match row: Sporting Gijón vs Valencia Club de Fútbol S. A. D.
[2460599] Could not find attributes for dusan pernis (Slovan Bratislava, 2014)
[2460599] Failed to build match row: Slovan Bratislava vs The New Saints
[2866216] Could not find attributes for damir ljuljanovic (OFK Titograd, 2017)
[2866216] Failed to build match row: OFK Titograd vs Gandzasar Kapan
[2626794] Could not find attributes for dmytro babenko (Goverla Uzhgorod (- 2016), 2015)
[2626794] Failed to build match row: Goverla Uzhgorod (- 2016) vs Futbolniy Klub Dynamo Kyiv
[2578222] Could not find attributes for christian fuchs (Leicester City, 2015)
[2578222] Failed to build match row: Leicester City vs Association Football Club Bournemouth
[3232985] Could not find attributes for tomislav barbaric (HSK Zrinjski Mostar, 2019)
[3232985] Failed to build match row: Malmö Fotbollförening vs HSK Zrinjski Mostar
[2646178] Could not find attributes for alex schalk (Ross County FC, 2015)
[2646178] Failed to build match row: Motherwell Football Club vs Ross County FC
[3260174] Could not find attributes for mikkel nohr (Hvidovre IF, 2019)
[3260174] Failed to build match row: Hvidovre IF vs Sønderjyske Fodbold
[2894308] Could not find attributes for roman mysak (Karpaty Lviv (-2021), 2017)
[2894308] Failed to build match row: Karpaty Lviv (-2021) vs Chornomorets Odesa
[2873423] Could not find attributes for yevgeniy gagulin (Sudnobudivnyk Mykolaiv, 2017)
[2873423] Failed to build match row: Sudnobudivnyk Mykolaiv vs Balkany Zorya
[3223144] Could not find attributes for ponck (İstanbul Başakşehir Futbol Kulübü, 2019)
[3223144] Failed to build match row: İstanbul Başakşehir Futbol Kulübü vs Konyaspor

Keepers & outfield error for **Association sportive de Monaco Football Club** in Association sportive de Monaco Football Club vs FC Girondins Bordeaux: Numbers: 2 and 9.
[3047794] Failed to build match row: Association sportive de Monaco Football Club vs FC Girondins Bordeaux
[2700890] Could not find attributes for frank sturing (Nijmegen Eendracht Combinatie, 2016)
[2494343] Could not find attributes for tomas cerny (GS Ergotelis, 2014)
[2700890] Failed to build match row: Nijmegen Eendracht Combinatie vs AFC Ajax Amsterdam
[2494343] Failed to build match row: GS Ergotelis vs Panetolikos Agrinio
[3058491] Could not find attributes for ja cheol koo (Fußball-Club Augsburg 1907, 2018)
[2731795] Could not find attributes for rafael forster (FC Zorya Lugansk, 2016)
[2722804] Could not find attributes for olcay sahan (Trabzonspor Kulübü, 2016)
[2722804] Failed to build match row: Akhisarspor vs Trabzonspor Kulübü
[2731795] Failed to build match row: FC Zorya Lugansk vs FC Oleksandriya
[2335778] Could not find attributes for damir kahriman (SK Tavriya Simferopol ( - 2022), 2013)
[2335778] Failed to build match row: SK Tavriya Simferopol ( - 2022) vs Metalurg Donetsk (- 2015)
[2529642] Could not find attributes for raffaele de vita (Ross County FC, 2014)
[2529642] Failed to build match row: Ross County FC vs Kilmarnock Football Club
[2460600] Could not find attributes for giorgi loria (Dinamo Tbilisi, 2014)
[2460600] Failed to build match row: Dinamo Tbilisi vs FK Aktobe
[2698175] Could not find attributes for gareth mcauley (West Bromwich Albion, 2016)
[2698175] Failed to build match row: Leicester City vs West Bromwich Albion

Keepers & outfield error for **SD Eibar** in Alaves vs SD Eibar: Numbers: 2 and 9.
[3209802] Failed to build match row: Alaves vs SD Eibar
[2483432] Could not find attributes for vukasin poleksic (Debreceni VSC, 2014)
[2483432] Failed to build match row: Berner Sport Club Young Boys vs Debreceni VSC
[2583615] Could not find attributes for marijan antolovic (FK Zeljeznicar Sarajevo, 2015)
[2611251] Could not find attributes for serkan kirintili (Konyaspor, 2015)
[2611251] Failed to build match row: Konyaspor vs Fenerbahçe Spor Kulübü
[2583615] Failed to build match row: FK Zeljeznicar Sarajevo vs Balzan FC
[2505205] Could not find attributes for sergi roberto (Futbol Club Barcelona, 2014)
[2505205] Failed to build match row: Futbol Club Barcelona vs SD Huesca
Not enough players found for lineup: 0, 0.
[2626795] Failed to scrape lineup: https://www.transfermarkt.co.uk/fc-oleksandriya_zorya-lugansk/index/spielbericht/2626795
[2604163] Could not find attributes for marko livaja (FC Empoli, 2015)
[2604163] Failed to build match row: Torino Calcio vs FC Empoli
[3104605] Could not find attributes for balazs megyeri (APS Atromitos Athinon, 2018)
[3104605] Failed to build match row: APS Atromitos Athinon vs PAS Giannina

Keepers & outfield error for **Rayo Vallecano de Madrid S. A. D.** in Rayo Vallecano de Madrid S. A. D. vs Deportivo de La Coruña: Numbers: 0 and 11.
[2594500] Failed to build match row: Rayo Vallecano de Madrid S. A. D. vs Deportivo de La Coruña

Keepers & outfield error for **Chelsea Football Club** in Crystal Palace Football Club vs Chelsea Football Club: Numbers: 2 and 9.
[2578223] Failed to build match row: Crystal Palace Football Club vs Chelsea Football Club
[2351376] Could not find attributes for dario knezevic (Hrvatski Nogometni Klub Rijeka, 2013)
[2351376] Failed to build match row: Hrvatski Nogometni Klub Rijeka vs MSK Zilina
[3069794] Could not find attributes for gokhan tore (Beşiktaş Jimnastik Kulübü, 2018)
[3069794] Failed to build match row: Beşiktaş Jimnastik Kulübü vs Çaykur Rizespor Kulübü
[2700891] Could not find attributes for dan crowley (Go Ahead Eagles, 2016)
[2700891] Failed to build match row: Go Ahead Eagles vs Heracles Almelo
[2958619] Could not find attributes for carlinhos (Royal Standard Club de Liège, 2017)
[2958619] Failed to build match row: Royal Standard Club de Liège vs St Truiden

Keepers & outfield error for **CD Leganés** in Espanol vs CD Leganés: Numbers: 3 and 8.
[2718831] Failed to build match row: Espanol vs CD Leganés

Keepers & outfield error for **Aberdeen Football Club** in Livingston Football Club vs Aberdeen Football Club: Numbers: 0 and 11.
[3400448] Failed to build match row: Livingston Football Club vs Aberdeen Football Club
[2473459] Could not find attributes for lukas zima (Venezia FC, 2014)
[2473459] Failed to build match row: Venezia FC vs Taranto FC 1927
[2646179] Could not find attributes for arnaud djoum (Heart of Midlothian Football Club, 2015)
[2646179] Failed to build match row: Inverness Caledonian Thistle FC vs Heart of Midlothian Football Club

Keepers & outfield error for **Feyenoord Rotterdam** in Feyenoord Rotterdam vs Football Club Utrecht: Numbers: 2 and 9.
[3216053] Failed to build match row: Feyenoord Rotterdam vs Football Club Utrecht
Not enough players found for lineup: 0, 0.
[3232986] Failed to scrape lineup: https://www.transfermarkt.co.uk/spielbericht/index/spielbericht/3232986
[2866217] Could not find attributes for roland juhasz (Videoton FC, 2017)
[2866217] Failed to build match row: Videoton FC vs Balzan FC
[3141156] Could not find attributes for lasse schone (AFC Ajax Amsterdam, 2018)
[3141156] Failed to build match row: AFC Ajax Amsterdam vs Eindhovense Voetbalvereniging Philips Sport Vereniging
[2626796] Could not find attributes for jan lastuvka (Dnipro Dnipropetrovsk (-2020), 2015)
[2626796] Failed to build match row: Dnipro Dnipropetrovsk (-2020) vs Metalist Kharkiv (- 2016)
[2722805] Could not find attributes for davide petrucci (Çaykur Rizespor Kulübü, 2016)
[2722805] Failed to build match row: Çaykur Rizespor Kulübü vs Antalyaspor
[2478903] Could not find attributes for ignazio abate (Associazione Calcio Milan, 2014)
[2478903] Failed to build match row: Udinese Calcio vs Associazione Calcio Milan
[2731796] Could not find attributes for vladyslav levanidov (FC Oleksandriya, 2016)
[2731796] Failed to build match row: FC Oleksandriya vs FC Shakhtar Donetsk
[2920474] Could not find attributes for marvin van tienen (VV Zwaluwen Vlaardingen, 2017)
[2920474] Failed to build match row: VV Zwaluwen Vlaardingen vs FC Den Bosch
[3104606] Could not find attributes for dmytro chygrynskyi (Athlitiki Enosi Konstantinoupoleos, 2018)
[3104606] Failed to build match row: Athlitiki Enosi Konstantinoupoleos vs Olympiakos Syndesmos Filathlon Peiraios
[2351377] Could not find attributes for martin dubravka (MSK Zilina, 2013)
[2351377] Failed to build match row: MSK Zilina vs Hrvatski Nogometni Klub Rijeka
[2494344] Could not find attributes for ilias kotsios (APO Levadiakos Football Club, 2014)
[2494344] Failed to build match row: APO Levadiakos Football Club vs AOK Kerkyra
[2529643] Could not find attributes for viktor genev (Saint Mirren Football Club, 2014)
[2529643] Failed to build match row: St. Johnstone FC vs Saint Mirren Football Club
[3223145] Could not find attributes for emre demir (Kayserispor Kulübü, 2019)
[3223145] Failed to build match row: Gaziantep Futbol Kulübü A.Ş. vs Kayserispor Kulübü
[3058492] Could not find attributes for oscar wendt (Mönchengladbach, 2018)
[3058492] Failed to build match row: Sport-Club Freiburg vs Mönchengladbach
[2483433] Could not find attributes for dobrivoj rusov (Spartak Trnava, 2014)

Keepers & outfield error for **Chelsea Football Club** in Chelsea Football Club vs Galatasaray Spor Kulübü: Numbers: 2 and 9.
[2483433] Failed to build match row: Spartak Trnava vs FC Zürich
[2385049] Failed to build match row: Chelsea Football Club vs Galatasaray Spor Kulübü
[2351378] Failed to scrape lineup: https://www.transfermarkt.co.uk/spielbericht/index/spielbericht/2351378
[2460601] Could not find attributes for ratko dujkovic (HSK Zrinjski Mostar, 2014)
[2460601] Failed to build match row: HSK Zrinjski Mostar vs NK Maribor
[2578224] Could not find attributes for vito mannone (Sunderland Association Football Club, 2015)

Keepers & outfield error for **Ross County FC** in Hamilton Academical FC vs Ross County FC: Numbers: 2 and 9.
[3201308] Failed to build match row: Hamilton Academical FC vs Ross County FC
[2578224] Failed to build match row: Sunderland Association Football Club vs Liverpool Football Club
[2583616] Could not find attributes for stefan logi magnusson (KR Reykjavík, 2015)
[2583616] Failed to build match row: KR Reykjavík vs Cork City FC
[2529644] Failed to scrape lineup: https://www.transfermarkt.co.uk/aberdeen-fc_partick-thistle-fc/index/spielbericht/2529644
[2920475] Could not find attributes for etienne vaessen (RKC Waalwijk, 2017)
[2920475] Failed to build match row: RKC Waalwijk vs Sparta Rotterdam
[3209803] Could not find attributes for ismail koybasi (Granada CF, 2019)
[3209803] Failed to build match row: Club Atlético de Madrid S.A.D. vs Granada CF
[2626797] Could not find attributes for dmitriy nepogodov (Vorskla Poltava, 2015)
[2626797] Failed to build match row: Vorskla Poltava vs Chornomorets Odesa
[3141157] Could not find attributes for azor matusiwa (De Graafschap Doetinchem, 2018)
[3141157] Failed to build match row: Football Club Groningen vs De Graafschap Doetinchem
[3400449] Could not find attributes for devante cole (Motherwell Football Club, 2020)
[3400449] Failed to build match row: Motherwell Football Club vs Kilmarnock Football Club
[2473460] Could not find attributes for alessandro bassoli (Unione Sportiva Cremonese S.p.A., 2014)
[2335779] Could not find attributes for oleksandr nad (Goverla Uzhgorod (- 2016), 2013)
[2473460] Failed to build match row: Unione Sportiva Cremonese S.p.A. vs Cosenza Calcio
[2335779] Failed to build match row: Goverla Uzhgorod (- 2016) vs Volyn Lutsk
[2894309] Could not find attributes for yevgen past (Zirka Kropyvnytskyi, 2017)
[2901095] Could not find attributes for jerome roussillon (Montpellier HSC, 2017)
[2894309] Failed to build match row: Zirka Kropyvnytskyi vs FC Shakhtar Donetsk
[2901095] Failed to build match row: Dijon FCO vs Montpellier HSC
[2332037] Could not find attributes for modibo maiga (West Ham United Football Club, 2013)
[2332037] Failed to build match row: West Ham United Football Club vs Sunderland Association Football Club
[3300775] Could not find attributes for dominic thompson (Brentford Football Club, 2019)
[3300775] Failed to build match row: Brentford Football Club vs Stoke City
[2494345] Could not find attributes for theofanis tzandaris (Panthessalonikios Athlitikos Omilos Konstantinoupoliton, 2014)
[2494345] Failed to build match row: Panthessalonikios Athlitikos Omilos Konstantinoupoliton vs Omilos Filathlon Irakliou FC
[3209804] Failed to scrape lineup: https://www.transfermarkt.co.uk/real-betis-balompie_fc-barcelona/index/spielbericht/3209804
[3223146] Could not find attributes for atiba hutchinson (Beşiktaş Jimnastik Kulübü, 2019)
[3223146] Failed to build match row: Beşiktaş Jimnastik Kulübü vs Yeni Malatyaspor
[2883971] Failed to scrape lineup: https://www.transfermarkt.co.uk/kayserispor_yeni-malatyaspor/index/spielbericht/2883971
[3047797] Could not find attributes for younn zahary (SM Caen, 2018)
[3047797] Failed to build match row: Rennes vs SM Caen
[3069796] Could not find attributes for mostapha el kabir (MKE Ankaragücü, 2018)
[3069796] Failed to build match row: Fenerbahçe Spor Kulübü vs MKE Ankaragücü
[2873424] Could not find attributes for sergiy dvornyk (Podillya Khmelnytskyi, 2017)
[2873424] Failed to build match row: Podillya Khmelnytskyi vs Nyva Vinnytsya
[2505206] Failed to scrape lineup: https://www.transfermarkt.co.uk/spielbericht/index/spielbericht/2505206
[3084097] Could not find attributes for omri ben harush (KSC Lokeren (- 2020), 2018)
[3084097] Failed to build match row: KSC Lokeren (- 2020) vs Royal Standard Club de Liège

Keepers & outfield error for **KAS Eupen** in KAS Eupen vs SK Beveren: Numbers: 2 and 9.
[2958621] Failed to build match row: KAS Eupen vs SK Beveren

Keepers & outfield error for **Heart of Midlothian Football Club** in Heart of Midlothian Football Club vs The Celtic Football Club: Numbers: 0 and 11.
[3201309] Failed to build match row: Heart of Midlothian Football Club vs The Celtic Football Club
[2646181] Could not find attributes for conrad balatoni (Kilmarnock Football Club, 2015)
[2529645] Could not find attributes for raffaele de vita (Ross County FC, 2014)
[2646181] Failed to build match row: Kilmarnock Football Club vs Hamilton Academical FC
[2529645] Failed to build match row: Dundee United Football Club vs Ross County FC
[2611253] Could not find attributes for serge akakpo (Trabzonspor Kulübü, 2015)
[2611253] Failed to build match row: Trabzonspor Kulübü vs İstanbul Başakşehir Futbol Kulübü
[3058494] Failed to scrape lineup: https://www.transfermarkt.co.uk/fortuna-dusseldorf_vfl-wolfsburg/index/spielbericht/3058494
[2583617] Could not find attributes for dudu goresh (Hapoel Beer Sheva, 2015)
[2583617] Failed to build match row: Hapoel Beer Sheva vs FC Thun
[3260175] Could not find attributes for kevin ray mendoza (HB Köge, 2019)
[3260175] Failed to build match row: HB Köge vs Nyköbing FC
[3069797] Failed to scrape lineup: https://www.transfermarkt.co.uk/kasimpasa_antalyaspor/index/spielbericht/3069797
[3232989] Could not find attributes for rustam khudzhamov (FK Mariupol, 2019)
[3400451] Failed to scrape lineup: https://www.transfermarkt.co.uk/st-mirren-fc_rangers-fc/index/spielbericht/3400451
[3232989] Failed to build match row: FK Mariupol vs Alkmaar Zaanstreek
[3084098] Failed to scrape lineup: https://www.transfermarkt.co.uk/cercle-brugge-_sv-zulte-waregem/index/spielbericht/3084098
[2478905] Failed to scrape lineup: https://www.transfermarkt.co.uk/inter-milan_as-roma/index/spielbericht/2478905

Keepers & outfield error for **Real Madrid Club de Fútbol** in Real Madrid Club de Fútbol vs FC Schalke 04: Numbers: 2 and 9.
[2385050] Failed to build match row: Real Madrid Club de Fútbol vs FC Schalke 04
[2794252] Could not find attributes for moussa diarra (Barrow AFC, 2016)
[2794252] Failed to build match row: Bristol Rovers vs Barrow AFC
[2626798] Could not find attributes for bogdan shust (Volyn Lutsk, 2015)
[2626798] Failed to build match row: Volyn Lutsk vs Karpaty Lviv (-2021)
[2611254] Failed to scrape lineup: https://www.transfermarkt.co.uk/besiktas-jk_bursaspor/index/spielbericht/2611254
[2367112] Could not find attributes for johan sellberg wiland (Football Club København, 2013)
[2367112] Failed to build match row: Real Madrid Club de Fútbol vs Football Club København
[2920476] Could not find attributes for jacco riemens (SC Genemuiden, 2017)
[2920476] Failed to build match row: SC Genemuiden vs De Treffers
[2460602] Could not find attributes for ligger (FC Sheriff Tiraspol, 2014)
[2478906] Failed to scrape lineup: https://www.transfermarkt.co.uk/ssc-napoli_uc-sampdoria/index/spielbericht/2478906
[2460602] Failed to build match row: FC Sheriff Tiraspol vs FK Sutjeska Niksic
[3216055] Could not find attributes for sergio padt (Football Club Groningen, 2019)

Keepers & outfield error for **Aberdeen Football Club** in Aberdeen Football Club vs Dundee United Football Club: Numbers: 0 and 11.
[2473461] Could not find attributes for paolo branduani (Feralpisalò, 2014)
[3216055] Failed to build match row: Alkmaar Zaanstreek vs Football Club Groningen
[2473461] Failed to build match row: Feralpisalò vs Santarcangelo Calcio
[3400460] Failed to build match row: Aberdeen Football Club vs Dundee United Football Club
[2894310] Could not find attributes for roman mysak (Karpaty Lviv (-2021), 2017)
[2894310] Failed to build match row: FC Shakhtar Donetsk vs Karpaty Lviv (-2021)
[3232990] Could not find attributes for rustam khudzhamov (FK Mariupol, 2019)
[3232990] Failed to build match row: Alkmaar Zaanstreek vs FK Mariupol
[3104607] Could not find attributes for zivko zivkovic (AO Xanthi, 2018)
[3104607] Failed to build match row: AO Xanthi vs Athlitiki Enosi Larisas

Keepers & outfield error for **Viborg Fodsports Forening** in Viborg Fodsports Forening vs FC Vestsjaelland: Numbers: 2 and 9.
[2329297] Failed to build match row: Viborg Fodsports Forening vs FC Vestsjaelland

Keepers & outfield error for **Levante Unión Deportiva S.A.D.** in Futbol Club Barcelona vs Levante Unión Deportiva S.A.D.: Numbers: 0 and 11.
[2594503] Failed to build match row: Futbol Club Barcelona vs Levante Unión Deportiva S.A.D.
[2920477] Failed to scrape lineup: https://www.transfermarkt.co.uk/spielbericht/index/spielbericht/2920477

Keepers & outfield error for **St Joseph's FC** in St Joseph's FC vs AEL Limassol: Numbers: 0 and 11.
[2866218] Failed to build match row: St Joseph's FC vs AEL Limassol
[2478907] Failed to scrape lineup: https://www.transfermarkt.co.uk/hellas-verona_us-sassuolo/index/spielbericht/2478907
[3069798] Could not find attributes for jose sosa (Trabzonspor Kulübü, 2018)
[3069798] Failed to build match row: Trabzonspor Kulübü vs Bursaspor
[2483434] Could not find attributes for karim fegrouch (AEL Limassol, 2014)
[2483434] Failed to build match row: AEL Limassol vs Tottenham Hotspur Football Club
[2342378] Could not find attributes for prince gouano (RKC Waalwijk, 2013)
[3300777] Could not find attributes for calum macdonald (Blackpool FC, 2019)
[2342378] Failed to build match row: Sportclub Heerenveen vs RKC Waalwijk
[3300777] Failed to build match row: Reading FC vs Blackpool FC

Keepers & outfield error for **Real Club Deportivo Mallorca S.A.D.** in Espanol vs Real Club Deportivo Mallorca S.A.D.: Numbers: 2 and 9.
[2731797] Could not find attributes for andriy lunin (Dnipro Dnipropetrovsk (-2020), 2016)
[3209806] Failed to build match row: Espanol vs Real Club Deportivo Mallorca S.A.D.
[2731797] Failed to build match row: Dnipro Dnipropetrovsk (-2020) vs FC Shakhtar Donetsk
[2873428] Could not find attributes for sergiy kravchenko (Real Farma Ovidiopol, 2017)
[2873428] Failed to build match row: Real Farma Ovidiopol vs Energiya Nova Kakhovka
[2646182] Could not find attributes for eiji kawashima (Dundee United Football Club, 2015)
[2646182] Failed to build match row: Partick Thistle FC vs Dundee United Football Club
Not enough players found for lineup: 0, 0.
[3105223] Failed to scrape lineup: https://www.transfermarkt.co.uk/spielbericht/index/spielbericht/3105223
[2611256] Could not find attributes for ugur demirok (Ankaraspor, 2015)
[2611256] Failed to build match row: Ankaraspor vs Eskisehirspor
[3141159] Could not find attributes for marios vrousai (Willem II Tilburg, 2018)
[3141159] Failed to build match row: Heracles Almelo vs Willem II Tilburg

Keepers & outfield error for **Paris Saint-Germain Football Club** in Paris Saint-Germain Football Club vs Sport Lisboa e Benfica: Numbers: 2 and 9.
[2367113] Failed to build match row: Paris Saint-Germain Football Club vs Sport Lisboa e Benfica
[2958622] Could not find attributes for jakov filipovic (KSC Lokeren (- 2020), 2017)
[2958622] Failed to build match row: KSC Lokeren (- 2020) vs Yellow-Red Koninklijke Voetbalclub Mechelen
[2578227] Could not find attributes for erik pieters (Stoke City, 2015)
[2578227] Failed to build match row: Everton Football Club vs Stoke City

Keepers & outfield error for **Yeni Malatyaspor** in Yeni Malatyaspor vs Çaykur Rizespor Kulübü: Numbers: 2 and 9.
[3223148] Failed to build match row: Yeni Malatyaspor vs Çaykur Rizespor Kulübü
[2731798] Could not find attributes for roman pidkivka (Karpaty Lviv (-2021), 2016)
[2731798] Failed to build match row: Karpaty Lviv (-2021) vs Vorskla Poltava
[2646183] Could not find attributes for arnaud djoum (Heart of Midlothian Football Club, 2015)
[2646183] Failed to build match row: Ross County FC vs Heart of Midlothian Football Club
[3141160] Failed to scrape lineup: https://www.transfermarkt.co.uk/vvv-venlo_feyenoord-rotterdam/index/spielbericht/3141160
[2367114] Could not find attributes for youri tielemans (Royal Sporting Club Anderlecht, 2013)
[2367114] Failed to build match row: Royal Sporting Club Anderlecht vs Olympiakos Syndesmos Filathlon Peiraios
[2478908] Could not find attributes for gaby mudingayi (Cesena FC, 2014)
[2478908] Failed to build match row: Cesena FC vs Atalanta Bergamasca Calcio S.p.a.
[2460603] Could not find attributes for vitalijs barinovs (JFK Ventspils, 2014)
[2460603] Failed to build match row: Malmö Fotbollförening vs JFK Ventspils
[2505207] Could not find attributes for brian olivan (Real Valladolid CF, 2014)
[2505207] Failed to build match row: Elche Club de Fútbol S.A.D. vs Real Valladolid CF

Keepers & outfield error for **Futbol Club Barcelona** in Real Sociedad de Fútbol S.A.D. vs Futbol Club Barcelona: Numbers: 2 and 9.
[2718834] Failed to build match row: Real Sociedad de Fútbol S.A.D. vs Futbol Club Barcelona
[3047798] Could not find attributes for rafael leao (Lille Olympique Sporting Club, 2018)
[3047798] Failed to build match row: AS Saint-Étienne vs Lille Olympique Sporting Club

Keepers & outfield error for **Konyaspor** in Konyaspor vs Trabzonspor Kulübü: Numbers: 0 and 11.
[3223149] Failed to build match row: Konyaspor vs Trabzonspor Kulübü
[2583618] Could not find attributes for mamoutou coulibaly (Cherno More Varna, 2015)
[2583618] Failed to build match row: Cherno More Varna vs Dinamo Minsk
[3400461] Could not find attributes for devante cole (Motherwell Football Club, 2020)
[3400461] Failed to build match row: Hamilton Academical FC vs Motherwell Football Club
[2901098] Failed to scrape lineup: https://www.transfermarkt.co.uk/paris-saint-germain_as-saint-etienne/index/spielbericht/2901098
[3141161] Failed to scrape lineup: https://www.transfermarkt.co.uk/ado-den-haag_fc-utrecht/index/spielbericht/3141161
[2473462] Could not find attributes for marco bleve (Unione Sportiva Lecce, 2014)
[2473462] Failed to build match row: Unione Sportiva Lecce vs Foligno Calcio
[2478909] Failed to scrape lineup: https://www.transfermarkt.co.uk/chievo-verona_cagliari-calcio/index/spielbericht/2478909

Keepers & outfield error for **FC Shakhtar Donetsk** in FC Shakhtar Donetsk vs Olimpik Donetsk: Numbers: 2 and 9.
[2626799] Failed to build match row: FC Shakhtar Donetsk vs Olimpik Donetsk
[2367195] Could not find attributes for christos karypidis (Apollon Limassol, 2013)
[2367195] Failed to build match row: Apollon Limassol vs Trabzonspor Kulübü
[2483435] Could not find attributes for aleksandr gutor (Dinamo Minsk, 2014)
[2794253] Could not find attributes for frazer shaw (Woking FC, 2016)
[3232991] Could not find attributes for lindsay rose (Aris Thessalonikis, 2019)
[2483435] Failed to build match row: Dinamo Minsk vs Clube Desportivo Nacional
[2794253] Failed to build match row: Woking FC vs Accrington Stanley
[3232991] Failed to build match row: Molde Fotballklubb vs Aris Thessalonikis
[2578228] Could not find attributes for erik pieters (Stoke City, 2015)
[2578228] Failed to build match row: West Bromwich Albion vs Stoke City
[3058497] Could not find attributes for philipp tschauner (Hannover 96, 2018)
[3058497] Failed to build match row: FC Schalke 04 vs Hannover 96
[3400462] Failed to scrape lineup: https://www.transfermarkt.co.uk/hibernian-fc_livingston-fc/index/spielbericht/3400462
[2866219] Could not find attributes for orges shehi (KF Skënderbeu, 2017)
[2866219] Failed to build match row: KF Skënderbeu vs UE Sant Julia
[3047799] Could not find attributes for youssouf fofana (Racing Club de Strasbourg Alsace, 2018)
[2335781] Could not find attributes for oleg chuvaev (FK Sevastopol (- 2014), 2013)
[3047799] Failed to build match row: Racing Club de Strasbourg Alsace vs Olympique Lyonnais
[2335781] Failed to build match row: FK Sevastopol (- 2014) vs FC Zorya Lugansk
[2460604] Could not find attributes for gretar sigfinnur sigurdarson (KR Reykjavík, 2014)
[2460604] Failed to build match row: The Celtic Football Club vs KR Reykjavík
[2731799] Could not find attributes for yevgen borovyk (Chornomorets Odesa, 2016)
[2731799] Failed to build match row: Chornomorets Odesa vs Zirka Kropyvnytskyi
[2718835] Could not find attributes for juanpi (Málaga CF, 2016)
[2718835] Failed to build match row: Málaga CF vs Deportivo de La Coruña
[2873429] Could not find attributes for andriy zhuk (PFK Lviv, 2017)
[2873429] Failed to build match row: PFK Lviv vs Kremin Kremenchuk

Keepers & outfield error for **Levante Unión Deportiva S.A.D.** in Levante Unión Deportiva S.A.D. vs CD Leganés: Numbers: 0 and 11.
[3209808] Failed to build match row: Levante Unión Deportiva S.A.D. vs CD Leganés
[3201313] Could not find attributes for jeremie frimpong (The Celtic Football Club, 2019)
[3201313] Failed to build match row: The Celtic Football Club vs Motherwell Football Club
[2367196] Could not find attributes for keita balde (Società Sportiva Lazio S.p.A., 2013)

Keepers & outfield error for **The Celtic Football Club** in The Celtic Football Club vs Ross County FC: Numbers: 2 and 9.
[2367196] Failed to build match row: Società Sportiva Lazio S.p.A. vs Legia Warszawa Spółka Akcyjna
[2646277] Failed to build match row: The Celtic Football Club vs Ross County FC
[2611257] Could not find attributes for sergey politevich (Gençlerbirliği Spor Kulübü, 2015)
[3400463] Failed to scrape lineup: https://www.transfermarkt.co.uk/kilmarnock-fc_st-mirren-fc/index/spielbericht/3400463
[2611257] Failed to build match row: Gençlerbirliği Spor Kulübü vs Trabzonspor Kulübü
[2626904] Could not find attributes for mikhail borodjko (Baikal Irkutsk, 2015)
[2626904] Failed to build match row: Baikal Irkutsk vs PFK CSKA Moskva

Keepers & outfield error for **Real Betis Balompié S.A.D.** in Real Betis Balompié S.A.D. vs Real Madrid Club de Fútbol: Numbers: 2 and 9.
[3079528] Failed to build match row: Real Betis Balompié S.A.D. vs Real Madrid Club de Fútbol
[2722806] Failed to scrape lineup: https://www.transfermarkt.co.uk/osmanlispor-fk_bursaspor/index/spielbericht/2722806
[2529646] Could not find attributes for nigel hasselbaink (Hamilton Academical FC, 2014)
[2529646] Failed to build match row: Hamilton Academical FC vs St. Johnstone FC

Keepers & outfield error for **Göztepe Sportif Yatırımlar A.Ş.** in Göztepe Sportif Yatırımlar A.Ş. vs Galatasaray Spor Kulübü: Numbers: 0 and 11.
[3223150] Failed to build match row: Göztepe Sportif Yatırımlar A.Ş. vs Galatasaray Spor Kulübü

Keepers & outfield error for **Associazione Calcio Fiorentina** in Juventus Football Club vs Associazione Calcio Fiorentina: Numbers: 0 and 11.
[2478910] Failed to build match row: Juventus Football Club vs Associazione Calcio Fiorentina
[2731800] Could not find attributes for yevgen past (Zirka Kropyvnytskyi, 2016)
[2731800] Failed to build match row: Zirka Kropyvnytskyi vs Olimpik Donetsk
[3141163] Could not find attributes for ben rienstra (Sportclub Heerenveen, 2018)
[3141163] Failed to build match row: FC Emmen vs Sportclub Heerenveen
[3058498] Could not find attributes for havard nordtveit (Turn- und Sportgemeinschaft 1899 Hoffenheim Fußball-Spielbetriebs, 2018)
[3216058] Could not find attributes for sergio padt (Football Club Groningen, 2019)
[3058498] Failed to build match row: Bayer 04 Leverkusen Fußball vs Turn- und Sportgemeinschaft 1899 Hoffenheim Fußball-Spielbetriebs
[3216058] Failed to build match row: Eindhovense Voetbalvereniging Philips Sport Vereniging vs Football Club Groningen
[2483436] Could not find attributes for jean sony alcenat (Fotbal Club Petrolul Ploiești, 2014)
[2483436] Failed to build match row: Fotbal Club Petrolul Ploiești vs GNK Dinamo Zagreb

Keepers & outfield error for **Chelsea Football Club** in Middlesbrough FC vs Chelsea Football Club: Numbers: 2 and 9.
[2698179] Failed to build match row: Middlesbrough FC vs Chelsea Football Club
[2794254] Could not find attributes for reda johnson (Eastleigh FC, 2016)
[2794254] Failed to build match row: Eastleigh FC vs FC Halifax Town
[3105224] Could not find attributes for vasilios voutsinas (Ethnikos Piraeus, 2018)
[3105224] Failed to build match row: Ethnikos Piraeus vs Iraklis Thessaloniki
[2506730] Could not find attributes for branko jovicic (Amkar Perm, 2014)
[2506730] Failed to build match row: Amkar Perm vs FK Rostov
[3047800] Could not find attributes for kalidou sidibe (Toulouse Football Club, 2018)
[3047800] Failed to build match row: Toulouse Football Club vs EA Guingamp
[2866220] Could not find attributes for gareth mcconaghie (Coleraine FC, 2017)
[2866220] Failed to build match row: FK Haugesund vs Coleraine FC
Not enough players found for lineup: 0, 0.
[2335782] Could not find attributes for yevgen borovyk (Metalurg Zaporizhya (-2016), 2013)
[2335782] Failed to build match row: Metalurg Zaporizhya (-2016) vs Metalist Kharkiv (- 2016)
cht/2873430
[2604164] Could not find attributes for albano bizzarri (Chievo Verona, 2015)
[2604164] Failed to build match row: Chievo Verona vs FC Empoli
[2385052] Failed to scrape lineup: https://www.transfermarkt.co.uk/spielbericht/index/spielbericht/2385052
[2367197] Could not find attributes for isli hidi (Apollon Limassol, 2013)
[2367197] Failed to build match row: Legia Warszawa Spółka Akcyjna vs Apollon Limassol
[2920478] Could not find attributes for Janic Makizodila (Sparta Nijkerk, 2017)
[2920478] Failed to build match row: Sparta Nijkerk vs FC Eindhoven
[2794255] Failed to scrape lineup: https://www.transfermarkt.co.uk/spielbericht/index/spielbericht/2794255
[2460605] Could not find attributes for conor devlin (Cliftonville FC, 2014)
[2460605] Failed to build match row: Cliftonville FC vs Debreceni VSC

Keepers & outfield error for **Heart of Midlothian Football Club** in Heart of Midlothian Football Club vs Saint Mirren Football Club: Numbers: 0 and 11.
[3201314] Failed to build match row: Heart of Midlothian Football Club vs Saint Mirren Football Club
[2894311] Could not find attributes for aleksandr gutor (Chornomorets Odesa, 2017)
[2894311] Failed to build match row: Chornomorets Odesa vs Vorskla Poltava
[2731801] Could not find attributes for zauri makharadze (Olimpik Donetsk, 2016)
[2731801] Failed to build match row: Olimpik Donetsk vs Chornomorets Odesa
[2578230] Could not find attributes for christian fuchs (Leicester City, 2015)
[2578230] Failed to build match row: Leicester City vs Manchester City Football Club
[2873434] Could not find attributes for valeriy yurchuk (SC Dnipro-1, 2017)
[2873434] Failed to build match row: SC Dnipro-1 vs Bukovyna Chernivtsi

Keepers & outfield error for **Valencia Club de Fútbol S. A. D.** in Valencia Club de Fútbol S. A. D. vs Real Valladolid CF: Numbers: 0 and 11.
[3079529] Failed to build match row: Valencia Club de Fútbol S. A. D. vs Real Valladolid CF
[2611258] Could not find attributes for jeremy bokila (Eskisehirspor, 2015)
[2611258] Failed to build match row: Eskisehirspor vs Konyaspor

Keepers & outfield error for **Real Sociedad de Fútbol S.A.D.** in Real Sociedad de Fútbol S.A.D. vs Athletic Club Bilbao: Numbers: 2 and 9.
[3209810] Failed to build match row: Real Sociedad de Fútbol S.A.D. vs Athletic Club Bilbao
[3232992] Could not find attributes for georgios delizisis (Aris Thessalonikis, 2019)
[3232992] Failed to build match row: Aris Thessalonikis vs Molde Fotballklubb
[2866221] Could not find attributes for haraldur bjornsson (Stjarnan Gardabaer, 2017)
[2604165] Could not find attributes for gianluigi donnarumma (Associazione Calcio Milan, 2015)
[2866221] Failed to build match row: Stjarnan Gardabaer vs Shamrock Rovers
[3141164] Could not find attributes for mounir el hamdaoui (Excelsior Rotterdam, 2018)
[2604165] Failed to build match row: Associazione Calcio Milan vs Associazione Calcio Fiorentina
[2506731] Could not find attributes for anton putilo (Torpedo Moscow, 2014)
[3141164] Failed to build match row: Football Club Groningen vs Excelsior Rotterdam
[2506731] Failed to build match row: Torpedo Moscow vs Kuban Krasnodar (-2018)
[2646278] Could not find attributes for eiji kawashima (Dundee United Football Club, 2015)
[2646278] Failed to build match row: Hamilton Academical FC vs Dundee United Football Club
[2478911] Could not find attributes for ignazio abate (Associazione Calcio Milan, 2014)
[2478911] Failed to build match row: Associazione Calcio Milan vs Genoa Cricket and Football Club
[3300779] Could not find attributes for donervon daniels (Luton Town, 2019)
[3300779] Failed to build match row: Association Football Club Bournemouth vs Luton Town
[2894312] Could not find attributes for oleksandr svatok (FC Zorya Lugansk, 2017)
[2894312] Failed to build match row: FC Zorya Lugansk vs Futbolniy Klub Dynamo Kyiv
[2385082] Could not find attributes for oleksandr aliev (Anzhi Makhachkala ( -2022), 2013)
[2731802] Could not find attributes for yuriy pankiv (PFK Stal Kamyanske (-2018), 2016)
[2718837] Could not find attributes for andreas pereira (Granada CF, 2016)
[2385082] Failed to build match row: Anzhi Makhachkala ( -2022) vs Koninklijke Racing Club Genk
[2718837] Failed to build match row: Celta vs Granada CF
[2731802] Failed to build match row: PFK Stal Kamyanske (-2018) vs Vorskla Poltava
[3223152] Could not find attributes for ertac ozbir (Gençlerbirliği Spor Kulübü, 2019)
[3223152] Failed to build match row: Gençlerbirliği Spor Kulübü vs Sivasspor
[2483437] Could not find attributes for stipe pletikosa (FK Rostov, 2014)
[2483437] Failed to build match row: Trabzonspor Kulübü vs FK Rostov
[3232993] Could not find attributes for cosmin moti (Ludogorets Razgrad, 2019)
[3232993] Failed to build match row: Ludogorets Razgrad vs The New Saints
[2920479] Could not find attributes for marc van splunter (BVV Barendrecht, 2017)
[2920479] Failed to build match row: BVV Barendrecht vs Go Ahead Eagles

Keepers & outfield error for **EA Guingamp** in Olympique Lyonnais vs EA Guingamp: Numbers: 2 and 9.
[2901110] Failed to build match row: Olympique Lyonnais vs EA Guingamp
[2335783] Could not find attributes for maksym koval (Futbolniy Klub Dynamo Kyiv, 2013)
[2335783] Failed to build match row: Futbolniy Klub Dynamo Kyiv vs Vorskla Poltava

Keepers & outfield error for **Alaves** in Girona Fútbol Club S. A. D. vs Alaves: Numbers: 2 and 9.
[3079530] Failed to build match row: Girona Fútbol Club S. A. D. vs Alaves
[2367198] Could not find attributes for aykut demir (Trabzonspor Kulübü, 2013)
[2494346] Could not find attributes for danijel pranjic (Panathinaikos Athlitikos Omilos, 2014)
[2367198] Failed to build match row: Trabzonspor Kulübü vs Società Sportiva Lazio S.p.A.
[2494346] Failed to build match row: Panathinaikos Athlitikos Omilos vs Niki Volou

Keepers & outfield error for **Burnley Football Club** in Burnley Football Club vs Manchester City Football Club: Numbers: 0 and 11.
[2698181] Failed to build match row: Burnley Football Club vs Manchester City Football Club
[2335785] Failed to scrape lineup: https://www.transfermarkt.co.uk/shakhtar-donetsk_metalurg-donetsk-2015-/index/spielbericht/2335785
[2920480] Could not find attributes for roy rondeltap (VV Noordwijk, 2017)
[2920480] Failed to build match row: VV Noordwijk vs Fortuna Sittardia Combinatie
[3058500] Could not find attributes for oscar wendt (Mönchengladbach, 2018)
[2646279] Could not find attributes for arnaud djoum (Heart of Midlothian Football Club, 2015)
[2646279] Failed to build match row: Heart of Midlothian Football Club vs Partick Thistle FC
[3105225] Could not find attributes for konstantinos andriolas (Thyella Kamariou, 2018)
[3209811] Could not find attributes for moi gomez (Villarreal Club de Fútbol S.A.D., 2019)
[3105225] Failed to build match row: Thyella Kamariou vs AE Sparti
[3209811] Failed to build match row: Real Valladolid CF vs Villarreal Club de Fútbol S.A.D.
[3141165] Could not find attributes for azor matusiwa (De Graafschap Doetinchem, 2018)
[2731803] Could not find attributes for andriy novak (FC Oleksandriya, 2016)
[2731803] Failed to build match row: FC Oleksandriya vs Olimpik Donetsk
[3141165] Failed to build match row: De Graafschap Doetinchem vs Alkmaar Zaanstreek
[2611259] Could not find attributes for adem buyuk (Kasımpaşa A.Ş., 2015)
[2894313] Could not find attributes for oleksandr bandura (NK Veres Rivne, 2017)
[2611259] Failed to build match row: Kasımpaşa A.Ş. vs Kayserispor Kulübü
[2894313] Failed to build match row: NK Veres Rivne vs PFK Stal Kamyanske (-2018)
[2578232] Could not find attributes for marcus rashford (Manchester United Football Club, 2015)
[2578232] Failed to build match row: Manchester United Football Club vs Aston Villa Football Club
[2506732] Could not find attributes for vitaliy denisov (Футбольный клуб "Локомотив" Москва, 2014)
[2506732] Failed to build match row: FK Spartak Moskva vs Футбольный клуб "Локомотив" Москва
[2385083] Could not find attributes for oleksandr shovkovskyi (Futbolniy Klub Dynamo Kyiv, 2013)
[2385083] Failed to build match row: Futbolniy Klub Dynamo Kyiv vs Valencia Club de Fútbol S. A. D.
[3300780] Could not find attributes for marc albrighton (Leicester City, 2019)
[3300780] Failed to build match row: Leicester City vs Wigan Athletic
[2700893] Could not find attributes for ouasim bouy (Prins Hendrik Ende Desespereert Nimmer Combinatie Zwolle, 2016)
[2700893] Failed to build match row: Prins Hendrik Ende Desespereert Nimmer Combinatie Zwolle vs Feyenoord Rotterdam
[3223153] Could not find attributes for atiba hutchinson (Beşiktaş Jimnastik Kulübü, 2019)
[3223153] Failed to build match row: Fenerbahçe Spor Kulübü vs Beşiktaş Jimnastik Kulübü
[2494347] Could not find attributes for nikolaos giannakopoulos (Panionios Athens, 2014)

Keepers & outfield error for **Aberdeen Football Club** in Aberdeen Football Club vs Rangers Football Club: Numbers: 0 and 11.
[2583619] Could not find attributes for valerica gaman (Astra Giurgiu (- 2024), 2015)
[2901111] Could not find attributes for ludovic baal (Rennes, 2017)
[2494347] Failed to build match row: Panionios Athens vs AO Xanthi
[3400474] Failed to build match row: Aberdeen Football Club vs Rangers Football Club
[2583619] Failed to build match row: Inverness Caledonian Thistle FC vs Astra Giurgiu (- 2024)
[2883975] Could not find attributes for sergiy rybalka (Sivasspor, 2017)
[2883975] Failed to build match row: Sivasspor vs Beşiktaş Jimnastik Kulübü
[2718839] Could not find attributes for florian lejeune (SD Eibar, 2016)
[2718839] Failed to build match row: Athletic Club Bilbao vs SD Eibar
[2335786] Could not find attributes for damir kahriman (SK Tavriya Simferopol ( - 2022), 2013)
[2335786] Failed to build match row: SK Tavriya Simferopol ( - 2022) vs Karpaty Lviv (-2021)
[3141166] Could not find attributes for ben rienstra (Sportclub Heerenveen, 2018)
[3141166] Failed to build match row: Feyenoord Rotterdam vs Sportclub Heerenveen
[3209812] Could not find attributes for dmytro chygrynskyi (Athlitiki Enosi Konstantinoupoleos, 2019)
[3209812] Failed to build match row: Athlitiki Enosi Konstantinoupoleos vs Panthessalonikios Athlitikos Omilos Konstantinoupoliton
[2604166] Could not find attributes for arlind ajeti (Frosinone Calcio, 2015)
[2604166] Failed to build match row: Torino Calcio vs Frosinone Calcio
Not enough players found for lineup: 0, 0.
[3105226] Failed to scrape lineup: https://www.transfermarkt.co.uk/spielbericht/index/spielbericht/3105226
[2367199] Could not find attributes for aykut demir (Trabzonspor Kulübü, 2013)
[2367199] Failed to build match row: Trabzonspor Kulübü vs Legia Warszawa Spółka Akcyjna

Keepers & outfield error for **KAS Eupen** in KAS Eupen vs Koninklijke Atletiek Associatie Gent: Numbers: 2 and 9.
[2473463] Could not find attributes for riccardo melgrati (FC Südtirol, 2014)
[2646280] Could not find attributes for conrad balatoni (Kilmarnock Football Club, 2015)
[2473463] Failed to build match row: FC Südtirol vs Città di Teramo 1913
[2646280] Failed to build match row: Motherwell Football Club vs Kilmarnock Football Club
[2731804] Could not find attributes for andriy marchuk (Volyn Lutsk, 2016)
[2731804] Failed to build match row: Volyn Lutsk vs Futbolniy Klub Dynamo Kyiv

Keepers & outfield error for **Ross County FC** in Ross County FC vs Aberdeen Football Club: Numbers: 2 and 9.
[3201317] Failed to build match row: Ross County FC vs Aberdeen Football Club
[2335787] Could not find attributes for yevgen galchuk (FK Mariupol, 2013)
[2335787] Failed to build match row: FC Shakhtar Donetsk vs FK Mariupol
[2494348] Could not find attributes for kevin olimpa (AO Platanias, 2014)
[2494348] Failed to build match row: AO Platanias vs A.G.S Asteras Tripolis
[2883976] Could not find attributes for anil karaer (Ankaraspor, 2017)
[2883976] Failed to build match row: Ankaraspor vs Akhisarspor

Keepers & outfield error for **Göztepe Sportif Yatırımlar A.Ş.** in Göztepe Sportif Yatırımlar A.Ş. vs Çaykur Rizespor Kulübü: Numbers: 0 and 11.
[3069799] Failed to build match row: Göztepe Sportif Yatırımlar A.Ş. vs Çaykur Rizespor Kulübü
[2583620] Could not find attributes for dudu goresh (Hapoel Beer Sheva, 2015)
[2583620] Failed to build match row: FC Thun vs Hapoel Beer Sheva
[2698183] Could not find attributes for jose cholevas (Watford FC, 2016)
[2698183] Failed to build match row: Watford FC vs Stoke City
[2700894] Could not find attributes for bersant celina (Football Club Twente, 2016)
[2700894] Failed to build match row: Football Club Utrecht vs Football Club Twente
[2920481] Could not find attributes for ronald koeman jr  (TOP Oss, 2017)
[2920481] Failed to build match row: TOP Oss vs Almere City FC
[2731805] Could not find attributes for yevgen past (Zirka Kropyvnytskyi, 2016)
[2731805] Failed to build match row: Zirka Kropyvnytskyi vs Volyn Lutsk

Keepers & outfield error for **Gaziantep Futbol Kulübü A.Ş.** in Kasımpaşa A.Ş. vs Gaziantep Futbol Kulübü A.Ş.: Numbers: 2 and 9.
[3223154] Failed to build match row: Kasımpaşa A.Ş. vs Gaziantep Futbol Kulübü A.Ş.
[2754922] Could not find attributes for georgiy shchennikov (PFK CSKA Moskva, 2016)
[3058502] Could not find attributes for ja cheol koo (Fußball-Club Augsburg 1907, 2018)
[2754922] Failed to build match row: PFK CSKA Moskva vs Association sportive de Monaco Football Club
[3058502] Failed to build match row: Fußball-Club Augsburg 1907 vs 1.FC Nuremberg
[2894314] Could not find attributes for zauri makharadze (Olimpik Donetsk, 2017)

Keepers & outfield error for **UD Las Palmas** in Alaves vs UD Las Palmas: Numbers: 2 and 9.
[2894314] Failed to build match row: Olimpik Donetsk vs FK Mariupol
[3400476] Could not find attributes for guy melamed (St. Johnstone FC, 2020)
[2718840] Failed to build match row: Alaves vs UD Las Palmas
[3400476] Failed to build match row: Dundee United Football Club vs St. Johnstone FC
Not enough players found for lineup: 0, 0.
[3105227] Failed to scrape lineup: https://www.transfermarkt.co.uk/spielbericht/index/spielbericht/3105227
[3047803] Could not find attributes for evens joseph (SM Caen, 2018)
[3047803] Failed to build match row: SM Caen vs AS Saint-Étienne

Keepers & outfield error for **AO FK Zenit Sankt-Peterburg** in AO FK Zenit Sankt-Peterburg vs Mordovia Saransk (-2020): Numbers: 2 and 9.
[2506734] Failed to build match row: AO FK Zenit Sankt-Peterburg vs Mordovia Saransk (-2020)
[2385085] Could not find attributes for premysl kovar (FC Slovan Liberec, 2013)
[2494349] Could not find attributes for dimitrios kyriakidis (AO Xanthi, 2014)
[2385085] Failed to build match row: FC Slovan Liberec vs Alkmaar Zaanstreek
[2494349] Failed to build match row: AO Xanthi vs AEL Kalloni
[3209813] Could not find attributes for aristotelis karasalidis (AO Xanthi, 2019)
[3209813] Failed to build match row: AO Xanthi vs Volou Neos Podosferikos Syllogos
[3141167] Could not find attributes for marios vrousai (Willem II Tilburg, 2018)
[3141167] Failed to build match row: Willem II Tilburg vs AFC Ajax Amsterdam
[2958626] Could not find attributes for carlinhos (Royal Standard Club de Liège, 2017)
[2958626] Failed to build match row: KV Kortrijk vs Royal Standard Club de Liège

Keepers & outfield error for **Manchester United Football Club** in Wolverhampton Wanderers Football Club vs Manchester United Football Club: Numbers: 0 and 11.
[3300781] Failed to build match row: Wolverhampton Wanderers Football Club vs Manchester United Football Club
[2611260] Could not find attributes for lionel enguene (Antalyaspor, 2015)
[2611260] Failed to build match row: Antalyaspor vs Galatasaray Spor Kulübü
[2367200] Could not find attributes for christos karypidis (Apollon Limassol, 2013)
[2367200] Failed to build match row: Apollon Limassol vs Società Sportiva Lazio S.p.A.
Not enough players found for lineup: 11, 0.
[2873872] Failed to scrape lineup: https://www.transfermarkt.co.uk/spielbericht/index/spielbericht/2873872
[3069800] Could not find attributes for mostapha el kabir (MKE Ankaragücü, 2018)
[3069800] Failed to build match row: MKE Ankaragücü vs Kayserispor Kulübü
[2731806] Could not find attributes for yuriy pankiv (PFK Stal Kamyanske (-2018), 2016)
[2731806] Failed to build match row: FC Shakhtar Donetsk vs PFK Stal Kamyanske (-2018)

Keepers & outfield error for **CD Leganés** in CD Leganés vs Villarreal Club de Fútbol S.A.D.: Numbers: 3 and 8.
[2718841] Failed to build match row: CD Leganés vs Villarreal Club de Fútbol S.A.D.
[2883977] Could not find attributes for volkan demirel (Fenerbahçe Spor Kulübü, 2017)
[2883977] Failed to build match row: Konyaspor vs Fenerbahçe Spor Kulübü

Keepers & outfield error for **Chelsea Football Club** in Association Football Club Bournemouth vs Chelsea Football Club: Numbers: 2 and 9.
[2578234] Failed to build match row: Association Football Club Bournemouth vs Chelsea Football Club
[2901113] Could not find attributes for jerome roussillon (Montpellier HSC, 2017)
[2901113] Failed to build match row: Montpellier HSC vs Football Club de Nantes
[2335788] Could not find attributes for artem kychak (Volyn Lutsk, 2013)
[2335788] Failed to build match row: Volyn Lutsk vs FC Zorya Lugansk
[3201319] Could not find attributes for jeremie frimpong (The Celtic Football Club, 2019)
[3201319] Failed to build match row: The Celtic Football Club vs Livingston Football Club
[2529648] Could not find attributes for conor grant (Motherwell Football Club, 2014)
[2529648] Failed to build match row: Kilmarnock Football Club vs Motherwell Football Club
[3400477] Could not find attributes for youssouf mulumbu (Kilmarnock Football Club, 2020)
[2920482] Could not find attributes for anthony bentem (Quick Boys, 2017)
[2920482] Failed to build match row: Quick Boys vs Football Club Volendam
[3400477] Failed to build match row: Kilmarnock Football Club vs Hamilton Academical FC
[2473464] Could not find attributes for andrea beduschi (AC Monza, 2014)
[2473464] Failed to build match row: AC Monza vs USD Olginatese
[2483438] Could not find attributes for andrija vukovic (RNK Split, 2014)
[2483438] Failed to build match row: RNK Split vs Torino Calcio
[3047804] Could not find attributes for pedro rebocho (EA Guingamp, 2018)
[3047804] Failed to build match row: EA Guingamp vs Dijon FCO
[2506735] Could not find attributes for joaozinho (FK Krasnodar, 2014)
[2506735] Failed to build match row: FK Krasnodar vs RFK Akhmat Grozny
[2731807] Could not find attributes for bogdan shust (Vorskla Poltava, 2016)
[2731807] Failed to build match row: Vorskla Poltava vs Dnipro Dnipropetrovsk (-2020)
[3209814] Could not find attributes for fabian ehmann (Aris Thessalonikis, 2019)
[3209814] Failed to build match row: Aris Thessalonikis vs Athlitiki Enosi Larisas
Not enough players found for lineup: 0, 0.
[2873874] Failed to scrape lineup: https://www.transfermarkt.co.uk/spielbericht/index/spielbericht/2873874
[2583621] Could not find attributes for aleksandr gutor (Dinamo Minsk, 2015)
[2583621] Failed to build match row: Dinamo Minsk vs Cherno More Varna
[2329298] Could not find attributes for daniel jensen (Sønderjyske Fodbold, 2013)
[2329298] Failed to build match row: Esbjerg fB vs Sønderjyske Fodbold
[2385086] Could not find attributes for yevgen past (Chornomorets Odesa, 2013)
[2385086] Failed to build match row: Chornomorets Odesa vs Olympique Lyonnais
[3216064] Could not find attributes for george cox (Fortuna Sittardia Combinatie, 2019)
[3216064] Failed to build match row: AFC Ajax Amsterdam vs Fortuna Sittardia Combinatie
[2367201] Could not find attributes for aykut demir (Trabzonspor Kulübü, 2013)
[2367201] Failed to build match row: Legia Warszawa Spółka Akcyjna vs Trabzonspor Kulübü
[2578235] Could not find attributes for christian fuchs (Leicester City, 2015)
[2578235] Failed to build match row: Leicester City vs West Ham United Football Club

Keepers & outfield error for **CD Leganés** in CD Leganés vs SD Huesca: Numbers: 0 and 11.
[3079534] Failed to build match row: CD Leganés vs SD Huesca
[2494350] Could not find attributes for anastasios avlonitis (Olympiakos Syndesmos Filathlon Peiraios, 2014)
[2494350] Failed to build match row: Olympiakos Syndesmos Filathlon Peiraios vs Panthessalonikios Athlitikos Omilos Konstantinoupoliton
Not enough players found for lineup: 0, 0.
[2335789] Could not find attributes for oleksandr nad (Goverla Uzhgorod (- 2016), 2013)
[3105228] Failed to scrape lineup: https://www.transfermarkt.co.uk/spielbericht/index/spielbericht/3105228
[2335789] Failed to build match row: Goverla Uzhgorod (- 2016) vs FK Mariupol
[2478915] Could not find attributes for andi lila (Parma Calcio 1913, 2014)
[2478915] Failed to build match row: Società Sportiva Lazio S.p.A. vs Parma Calcio 1913
[3232994] Could not find attributes for keston davies (The New Saints, 2019)
[3232994] Failed to build match row: The New Saints vs Ludogorets Razgrad
[3069801] Could not find attributes for david braz (Sivasspor, 2018)
[3069801] Failed to build match row: Sivasspor vs Konyaspor
[2473637] Could not find attributes for marijan antolovic (FK Zeljeznicar Sarajevo, 2014)
[2473637] Failed to build match row: FK Zeljeznicar Sarajevo vs Metalurg Skopje
[2731808] Could not find attributes for yevgen borovyk (Chornomorets Odesa, 2016)
[2731808] Failed to build match row: Chornomorets Odesa vs FC Zorya Lugansk
[2385087] Could not find attributes for denys boyko (Dnipro Dnipropetrovsk (-2020), 2013)
[3080205] Could not find attributes for jake mulraney (Heart of Midlothian Football Club, 2018)
[2385087] Failed to build match row: Dnipro Dnipropetrovsk (-2020) vs Tottenham Hotspur Football Club
[3080205] Failed to build match row: Heart of Midlothian Football Club vs The Celtic Football Club
[2351382] Could not find attributes for julien weber (FC Differdange 03, 2013)

Keepers & outfield error for **Rangers Football Club** in Hamilton Academical FC vs Rangers Football Club: Numbers: 2 and 9.
[2351382] Failed to build match row: Tromsø Idrettslag vs FC Differdange 03

Keepers & outfield error for **Royal Antwerp Football Club** in St Truiden vs Royal Antwerp Football Club: Numbers: 2 and 9.
[2958627] Failed to build match row: St Truiden vs Royal Antwerp Football Club
[2700895] Could not find attributes for elmo lieftink (Willem II Tilburg, 2016)
[3201320] Failed to build match row: Hamilton Academical FC vs Rangers Football Club
[2722807] Could not find attributes for kenneth omeruo (Alanyaspor, 2016)
[2483439] Could not find attributes for andrey sidelnikov (FK Aktobe, 2014)

Keepers & outfield error for **Viborg Fodsports Forening** in Aalborg BK vs Viborg Fodsports Forening: Numbers: 2 and 9.
[3209815] Could not find attributes for christos mandas (APS Atromitos Athinon, 2019)
[3223155] Could not find attributes for emre demir (Kayserispor Kulübü, 2019)
[2329299] Failed to build match row: Aalborg BK vs Viborg Fodsports Forening
[2483439] Failed to build match row: FK Aktobe vs Legia Warszawa Spółka Akcyjna
[2700895] Failed to build match row: Eindhovense Voetbalvereniging Philips Sport Vereniging vs Willem II Tilburg
[3209815] Failed to build match row: APS Atromitos Athinon vs Panetolikos Agrinio
[3223155] Failed to build match row: Kayserispor Kulübü vs İstanbul Başakşehir Futbol Kulübü
Not enough players found for lineup: 0, 0.
[2604167] Could not find attributes for urby emanuelson (Verona Hellas Football Club, 2015)
Not enough players found for lineup: 0, 0.
[3105229] Failed to scrape lineup: https://www.transfermarkt.co.uk/spielbericht/index/spielbericht/3105229
[2604167] Failed to build match row: Associazione Sportiva Roma vs Verona Hellas Football Club
[2873876] Failed to scrape lineup: https://www.transfermarkt.co.uk/spielbericht/index/spielbericht/2873876
[2626905] Could not find attributes for andrey kondratyuk (Sakhalin Yuzhno-Sakhalinsk, 2015)
[2626905] Failed to build match row: Sakhalin Yuzhno-Sakhalinsk vs FK Ufa
[2894315] Could not find attributes for yuriy pankiv (FC Oleksandriya, 2017)
[2894315] Failed to build match row: FC Oleksandriya vs Zirka Kropyvnytskyi
[2367202] Could not find attributes for keita balde (Società Sportiva Lazio S.p.A., 2013)
[2367202] Failed to build match row: Società Sportiva Lazio S.p.A. vs Apollon Limassol

Keepers & outfield error for **The Celtic Football Club** in The Celtic Football Club vs Inverness Caledonian Thistle FC: Numbers: 2 and 9.
[2646283] Failed to build match row: The Celtic Football Club vs Inverness Caledonian Thistle FC
[2583622] Could not find attributes for valerica gaman (Astra Giurgiu (- 2024), 2015)
[2920483] Could not find attributes for stijn van gassel (Helmond Sport, 2017)
KAS Eupen: Numbers: 2 and 9.
[2583622] Failed to build match row: Astra Giurgiu (- 2024) vs Inverness Caledonian Thistle FC
[3084106] Failed to build match row: Royal Excel Mouscron (-2022) vs KAS Eupen
[2920483] Failed to build match row: Helmond Sport vs SC Cambuur Leeuwarden
[2611262] Could not find attributes for djakaridja kone (Sivasspor, 2015)
[2611262] Failed to build match row: Sivasspor vs Beşiktaş Jimnastik Kulübü
[2883979] Could not find attributes for sergiy rybalka (Sivasspor, 2017)
[2883979] Failed to build match row: Sivasspor vs Akhisarspor
[2698186] Could not find attributes for gareth mcauley (West Bromwich Albion, 2016)
[2698186] Failed to build match row: West Bromwich Albion vs Manchester City Football Club
[3232995] Could not find attributes for vytautas cerniauskas (CSKA-Sofia, 2019)
[2494351] Could not find attributes for georgios kousas (Panetolikos Agrinio, 2014)
[3232995] Failed to build match row: CSKA-Sofia vs FC Zorya Lugansk
[2494351] Failed to build match row: Panetolikos Agrinio vs Panathinaikos Athlitikos Omilos

Keepers & outfield error for **Saint Mirren Football Club** in Saint Mirren Football Club vs Motherwell Football Club: Numbers: 2 and 9.
[3400479] Failed to build match row: Saint Mirren Football Club vs Motherwell Football Club
[2731809] Could not find attributes for dmitriy nepogodov (Vorskla Poltava, 2016)
[2351383] Could not find attributes for julien weber (FC Differdange 03, 2013)
[2731809] Failed to build match row: Vorskla Poltava vs Futbolniy Klub Dynamo Kyiv
[3047805] Failed to build match row: Lille Olympique Sporting Club vs Association sportive de Monaco Football Club
[2351383] Failed to build match row: FC Differdange 03 vs Tromsø Idrettslag

Keepers & outfield error for **Futbol Club Barcelona** in Futbol Club Barcelona vs Real Madrid Club de Fútbol: Numbers: 2 and 9.
[2718844] Failed to build match row: Futbol Club Barcelona vs Real Madrid Club de Fútbol
[2473638] Could not find attributes for aleksandr mokin (Shakhter Karaganda, 2014)
[2473638] Failed to build match row: Shakhter Karaganda vs FK Atlantas Klaipeda (-2020)

Keepers & outfield error for **Hull City** in KSC Lokeren (- 2020) vs Hull City: Numbers: 0 and 11.
[2700896] Could not find attributes for samuel armenteros (Heracles Almelo, 2016)
[2483440] Failed to build match row: KSC Lokeren (- 2020) vs Hull City
[2700896] Failed to build match row: Heracles Almelo vs Alkmaar Zaanstreek
[3209816] Could not find attributes for anestis nastos (Omilos Filathlon Irakliou FC, 2019)
[3209816] Failed to build match row: Omilos Filathlon Irakliou FC vs A.G.S Asteras Tripolis

Keepers & outfield error for **Chelsea Football Club** in Chelsea Football Club vs Crystal Palace Football Club: Numbers: 2 and 9.
[2332047] Failed to build match row: Chelsea Football Club vs Crystal Palace Football Club
[2385088] Could not find attributes for aykut demir (Trabzonspor Kulübü, 2013)
Not enough players found for lineup: 0, 0.
[2385088] Failed to build match row: Juventus Football Club vs Trabzonspor Kulübü
[2873882] Failed to scrape lineup: https://www.transfermarkt.co.uk/spielbericht/index/spielbericht/2873882
[2494352] Could not find attributes for georgios athanasiadis (Panthrakikos Komotini, 2014)
[2494352] Failed to build match row: Panthrakikos Komotini vs AO Platanias
[3232996] Could not find attributes for vitaliy vernydub (FC Zorya Lugansk, 2019)
[2342381] Could not find attributes for stipe perica (Nooit Opgeven Altijd Doorzetten Aangenaam Door Vermaak En Nuttig Door Ontspanning Combinatie Breda, 2013)
[2342381] Failed to build match row: Nooit Opgeven Altijd Doorzetten Aangenaam Door Vermaak En Nuttig Door Ontspanning Combinatie Breda vs Eindhovense Voetbalvereniging Philips Sport Vereniging
[3232996] Failed to build match row: FC Zorya Lugansk vs CSKA-Sofia
[2894316] Could not find attributes for zauri makharadze (Olimpik Donetsk, 2017)
[2894316] Failed to build match row: Olimpik Donetsk vs FC Oleksandriya
[2866222] Could not find attributes for alban muqiqi (FC Prishtina, 2017)
[2866222] Failed to build match row: IFK Norrköping vs FC Prishtina
[3058505] Could not find attributes for havard nordtveit (Turn- und Sportgemeinschaft 1899 Hoffenheim Fußball-Spielbetriebs, 2018)
[3058505] Failed to build match row: Turn- und Sportgemeinschaft 1899 Hoffenheim Fußball-Spielbetriebs vs Fußball-Club Augsburg 1907
[2507112] Could not find attributes for ricky little (Arbroath FC, 2014)
[2507112] Failed to build match row: Arbroath FC vs Nairn County FC
[2731810] Could not find attributes for yevgen borovyk (Chornomorets Odesa, 2016)

Keepers & outfield error for **Deportivo de La Coruña** in Deportivo de La Coruña vs Real Sociedad de Fútbol S.A.D.: Numbers: 2 and 9.
[2731810] Failed to build match row: Chornomorets Odesa vs Volyn Lutsk
[2718845] Failed to build match row: Deportivo de La Coruña vs Real Sociedad de Fútbol S.A.D.
[2529649] Could not find attributes for viktor genev (Saint Mirren Football Club, 2014)

Keepers & outfield error for **Port Vale FC** in Manchester City Football Club vs Port Vale FC: Numbers: 0 and 11.
Not enough players found for lineup: 0, 0.
[3300783] Failed to build match row: Manchester City Football Club vs Port Vale FC
[2529649] Failed to build match row: Saint Mirren Football Club vs The Celtic Football Club

Keepers & outfield error for **Heart of Midlothian Football Club** in Kilmarnock Football Club vs Heart of Midlothian Football Club: Numbers: 0 and 11.
[2367203] Could not find attributes for mustafa yumlu (Trabzonspor Kulübü, 2013)
[2754925] Could not find attributes for miroslav radovic (Legia Warszawa Spółka Akcyjna, 2016)
[3105230] Failed to scrape lineup: https://www.transfermarkt.co.uk/spielbericht/index/spielbericht/3105230
[2626906] Could not find attributes for dmitriy romanenko (Volga Tver, 2015)
[3201322] Failed to build match row: Kilmarnock Football Club vs Heart of Midlothian Football Club
[2722808] Could not find attributes for andreas beck (Beşiktaş Jimnastik Kulübü, 2016)
[2367203] Failed to build match row: Trabzonspor Kulübü vs Apollon Limassol
[2754925] Failed to build match row: Real Madrid Club de Fútbol vs Legia Warszawa Spółka Akcyjna
[2626906] Failed to build match row: Volga Tver vs AO FK Zenit Sankt-Peterburg
[2722808] Failed to build match row: Beşiktaş Jimnastik Kulübü vs Kayserispor Kulübü
[2646284] Could not find attributes for eiji kawashima (Dundee United Football Club, 2015)
[2646284] Failed to build match row: Dundee United Football Club vs Heart of Midlothian Football Club

Keepers & outfield error for **Olympique Lyonnais** in Olympique Lyonnais vs Montpellier HSC: Numbers: 2 and 9.
[3047806] Failed to build match row: Olympique Lyonnais vs Montpellier HSC
[2335790] Could not find attributes for mykyta shevchenko (FC Zorya Lugansk, 2013)
[2335790] Failed to build match row: FC Zorya Lugansk vs Goverla Uzhgorod (- 2016)
[2460607] Could not find attributes for damjan siskovski (Rabotnicki Skopje, 2014)
[2460607] Failed to build match row: Rabotnicki Skopje vs HJK Helsinki

Keepers & outfield error for **Chelsea Football Club** in Chelsea Football Club vs Tottenham Hotspur Football Club: Numbers: 2 and 9.
[3209817] Could not find attributes for markos vellidis (PAS Lamia 1964, 2019)

Keepers & outfield error for **Granada CF** in Real Madrid Club de Fútbol vs Granada CF: Numbers: 0 and 11.
[3141171] Could not find attributes for mounir el hamdaoui (Excelsior Rotterdam, 2018)
[2698188] Failed to build match row: Chelsea Football Club vs Tottenham Hotspur Football Club
[3141171] Failed to build match row: AFC Ajax Amsterdam vs Excelsior Rotterdam
[2478917] Could not find attributes for mato jajalo (Palermo FC, 2014)
[2594507] Failed to build match row: Real Madrid Club de Fútbol vs Granada CF
[3209817] Failed to build match row: Olympiakos Syndesmos Filathlon Peiraios vs PAS Lamia 1964

Keepers & outfield error for **Göztepe Sportif Yatırımlar A.Ş.** in Sivasspor vs Göztepe Sportif Yatırımlar A.Ş.: Numbers: 0 and 11.
[2478917] Failed to build match row: Palermo FC vs Torino Calcio
Not enough players found for lineup: 0, 0.
[3223157] Failed to build match row: Sivasspor vs Göztepe Sportif Yatırımlar A.Ş.
[2873883] Failed to scrape lineup: https://www.transfermarkt.co.uk/spielbericht/index/spielbericht/2873883
[2731811] Could not find attributes for yevgen past (Zirka Kropyvnytskyi, 2016)
[2883980] Could not find attributes for domagoj vida (Beşiktaş Jimnastik Kulübü, 2017)
[2731811] Failed to build match row: Zirka Kropyvnytskyi vs FC Oleksandriya
[2883980] Failed to build match row: Antalyaspor vs Beşiktaş Jimnastik Kulübü
[2385089] Could not find attributes for martin dubravka (Esbjerg fB, 2013)
[2351384] Could not find attributes for georgios bantis (A.G.S Asteras Tripolis, 2013)
[2385089] Failed to build match row: Esbjerg fB vs Associazione Calcio Fiorentina
[2351384] Failed to build match row: A.G.S Asteras Tripolis vs Sportklub Rapid
[2507113] Could not find attributes for shane sutherland (Elgin City FC, 2014)
[2507113] Failed to build match row: Elgin City FC vs Bo'ness United FC
[2578237] Could not find attributes for marcus rashford (Manchester United Football Club, 2015)
[2329301] Could not find attributes for patrick banggaard (Fodbold Club Midtjylland, 2013)

Keepers & outfield error for **Aberdeen Football Club** in Aberdeen Football Club vs Inverness Caledonian Thistle FC: Numbers: 0 and 11.
[2529650] Failed to build match row: Aberdeen Football Club vs Inverness Caledonian Thistle FC
[2329301] Failed to build match row: Randers Fodbold Club vs Fodbold Club Midtjylland
[2578237] Failed to build match row: West Ham United Football Club vs Manchester United Football Club
[2494353] Could not find attributes for dimitrios tairis (Niki Volou, 2014)
17)
[2894317] Failed to build match row: NK Veres Rivne vs FK Mariupol
[2494353] Failed to build match row: Niki Volou vs A.G.S Asteras Tripolis
[2367204] Could not find attributes for keita balde (Società Sportiva Lazio S.p.A., 2013)
[2335791] Could not find attributes for yuriy pankiv (Metalurg Donetsk (- 2015), 2013)
[2367204] Failed to build match row: Legia Warszawa Spółka Akcyjna vs Società Sportiva Lazio S.p.A.
[2335791] Failed to build match row: Metalurg Donetsk (- 2015) vs Futbolniy Klub Dynamo Kyiv
[3232997] Could not find attributes for martin lukov (Lokomotiv Plovdiv, 2019)
[3232997] Failed to build match row: Lokomotiv Plovdiv vs Racing Club de Strasbourg Alsace
[2646285] Could not find attributes for conrad balatoni (Kilmarnock Football Club, 2015)
[2646285] Failed to build match row: Kilmarnock Football Club vs Dundee Football Club
[2483441] Could not find attributes for bogdan shust (Metalist Kharkiv (- 2016), 2014)
[2483441] Failed to build match row: Ruch Chorzow vs Metalist Kharkiv (- 2016)
[2473639] Could not find attributes for austin ejide (Hapoel Beer Sheva, 2014)
[2473639] Failed to build match row: Hapoel Beer Sheva vs RNK Split
[2626907] Could not find attributes for daniil gavilovskiy (PFK Tambov (-2021), 2015)
[2626907] Failed to build match row: PFK Tambov (-2021) vs PFK Krylya Sovetov Samara

Keepers & outfield error for **KAS Eupen** in Royal Standard Club de Liège vs KAS Eupen: Numbers: 2 and 9.
[2958629] Failed to build match row: Royal Standard Club de Liège vs KAS Eupen
[3069804] Could not find attributes for merih demiral (Alanyaspor, 2018)
[3069804] Failed to build match row: Alanyaspor vs Yeni Malatyaspor
Not enough players found for lineup: 0, 0.
[3105231] Failed to scrape lineup: https://www.transfermarkt.co.uk/spielbericht/index/spielbericht/3105231
[2794256] Could not find attributes for bradley wood (Lincoln City, 2016)
[2794256] Failed to build match row: Lincoln City vs Oldham Athletic
[2611263] Could not find attributes for alexandru epureanu (İstanbul Başakşehir Futbol Kulübü, 2015)
[2611263] Failed to build match row: İstanbul Başakşehir Futbol Kulübü vs Gaziantepspor (- 2020)
[3047807] Could not find attributes for kalidou sidibe (Toulouse Football Club, 2018)
[3047807] Failed to build match row: Olympique Gymnaste Club Nice Côte d'Azur vs Toulouse Football Club
[3300784] Could not find attributes for robbie gotts (Leeds United Association Football Club, 2019)
[3300784] Failed to build match row: Arsenal Football Club vs Leeds United Association Football Club
[3209818] Could not find attributes for matic kotnik (Panionios Athens, 2019)
[3209818] Failed to build match row: Panionios Athens vs Panathinaikos Athlitikos Omilos
[2718846] Could not find attributes for juanpi (Málaga CF, 2016)
[2718846] Failed to build match row: Valencia Club de Fútbol S. A. D. vs Málaga CF
[2731812] Could not find attributes for andriy lunin (Dnipro Dnipropetrovsk (-2020), 2016)
[2731812] Failed to build match row: Dnipro Dnipropetrovsk (-2020) vs Olimpik Donetsk
[2351385] Could not find attributes for georgios bantis (A.G.S Asteras Tripolis, 2013)
[2351385] Failed to build match row: Sportklub Rapid vs A.G.S Asteras Tripolis
[2646286] Could not find attributes for alex schalk (Ross County FC, 2015)
[2483442] Could not find attributes for artur kotenko (Shakhter Soligorsk, 2014)
[2646286] Failed to build match row: Ross County FC vs Hamilton Academical FC
[2483442] Failed to build match row: Eindhovense Voetbalvereniging Philips Sport Vereniging vs Shakhter Soligorsk
[2894318] Could not find attributes for german penkov (PFK Stal Kamyanske (-2018), 2017)
[2460608] Could not find attributes for josip simunic (GNK Dinamo Zagreb, 2014)
[2529651] Could not find attributes for callum booth (Partick Thistle FC, 2014)
[2460608] Failed to build match row: GNK Dinamo Zagreb vs FK Zalgiris Vilnius
[2894318] Failed to build match row: PFK Stal Kamyanske (-2018) vs FC Zorya Lugansk
[2529651] Failed to build match row: The Celtic Football Club vs Partick Thistle FC
[2494354] Could not find attributes for markos vellidis (PAS Giannina, 2014)
[2494354] Failed to build match row: PAS Giannina vs APO Levadiakos Football Club
[2722809] Could not find attributes for abdoul wahid sissoko (Akhisarspor, 2016)
[2722809] Failed to build match row: Adanaspor vs Akhisarspor
[2700898] Could not find attributes for donny gorter (ADO Den Haag, 2016)
[2700898] Failed to build match row: ADO Den Haag vs Eindhovense Voetbalvereniging Philips Sport Vereniging
[2329302] Could not find attributes for patrick banggaard (Fodbold Club Midtjylland, 2013)
[2329302] Failed to build match row: Fodbold Club Midtjylland vs Brøndby Idrætsforening
[3223158] Could not find attributes for ponck (İstanbul Başakşehir Futbol Kulübü, 2019)
[3223158] Failed to build match row: İstanbul Başakşehir Futbol Kulübü vs Kasımpaşa A.Ş.

Keepers & outfield error for **Associazione Calcio Fiorentina** in Associazione Calcio Fiorentina vs Cesena FC: Numbers: 0 and 11.
[2478918] Failed to build match row: Associazione Calcio Fiorentina vs Cesena FC

Keepers & outfield error for **Olympique de Marseille** in Amiens SC vs Olympique de Marseille: Numbers: 2 and 9.
[2901118] Failed to build match row: Amiens SC vs Olympique de Marseille

Keepers & outfield error for **Ross County FC** in Saint Mirren Football Club vs Ross County FC: Numbers: 3 and 8.
[3201324] Failed to build match row: Saint Mirren Football Club vs Ross County FC
[2798023] Could not find attributes for darren barr (Dumbarton FC, 2016)
[2798023] Failed to build match row: Dumbarton FC vs Bonnyrigg Rose FC
[3080207] Could not find attributes for steven lawless (Livingston Football Club, 2018)
[3080207] Failed to build match row: Livingston Football Club vs Kilmarnock Football Club
[3141173] Could not find attributes for ben rienstra (Sportclub Heerenveen, 2018)
[3232998] Could not find attributes for martin lukov (Lokomotiv Plovdiv, 2019)
[3232998] Failed to build match row: Racing Club de Strasbourg Alsace vs Lokomotiv Plovdiv
[3141173] Failed to build match row: Sportclub Heerenveen vs Football Club Groningen
Not enough players found for lineup: 11, 0.
[2874407] Failed to scrape lineup: https://www.transfermarkt.co.uk/spielbericht/index/spielbericht/2874407
[2731813] Could not find attributes for zauri makharadze (Olimpik Donetsk, 2016)
[2731813] Failed to build match row: Olimpik Donetsk vs Karpaty Lviv (-2021)
[3209819] Could not find attributes for ogmundur kristinsson (Athlitiki Enosi Larisas, 2019)
[3209819] Failed to build match row: Athlitiki Enosi Larisas vs Athlitiki Enosi Konstantinoupoleos
[3400482] Could not find attributes for youssouf mulumbu (Kilmarnock Football Club, 2020)
[3400482] Failed to build match row: Hibernian Football Club vs Kilmarnock Football Club
[2367205] Could not find attributes for ovidiu dananae (Apollon Limassol, 2013)
[2367205] Failed to build match row: Apollon Limassol vs Legia Warszawa Spółka Akcyjna

Keepers & outfield error for **Mersin Talimyurdu SK** in Fenerbahçe Spor Kulübü vs Mersin Talimyurdu SK: Numbers: 2 and 9.
[2611264] Failed to build match row: Fenerbahçe Spor Kulübü vs Mersin Talimyurdu SK
[2335792] Could not find attributes for rustam khudzhamov (FK Mariupol, 2013)
[2335792] Failed to build match row: FK Mariupol vs Chornomorets Odesa

Keepers & outfield error for **Chelsea Football Club** in Sunderland Association Football Club vs Chelsea Football Club: Numbers: 2 and 9.
[2332050] Failed to build match row: Sunderland Association Football Club vs Chelsea Football Club
[3223159] Could not find attributes for atiba hutchinson (Beşiktaş Jimnastik Kulübü, 2019)
[3223159] Failed to build match row: Beşiktaş Jimnastik Kulübü vs Gençlerbirliği Spor Kulübü
[3216068] Could not find attributes for sergio padt (Football Club Groningen, 2019)
[3216068] Failed to build match row: Football Club Groningen vs Heracles Almelo
Not enough players found for lineup: 11, 0.
[2342385] Failed to scrape lineup: https://www.transfermarkt.co.uk/heracles-almelo_fc-utrecht/index/spielbericht/2342385
[2507114] Could not find attributes for kevin swain (The Spartans FC, 2014)
[2507114] Failed to build match row: The Spartans FC vs Clyde FC
[2626908] Could not find attributes for sergey revyakin (Torpedo Armavir, 2015)
[2626908] Failed to build match row: Torpedo Armavir vs Футбольный клуб "Локомотив" Москва
[2460609] Could not find attributes for marcelinho (Ludogorets Razgrad, 2014)
[2460609] Failed to build match row: Ludogorets Razgrad vs F91 Dudelange
[2866223] Could not find attributes for jonas flindt rasmussen (KÍ Klaksvík, 2017)
[2866223] Failed to build match row: KÍ Klaksvík vs Allmänna Idrottsklubben
[3400483] Could not find attributes for devante cole (Motherwell Football Club, 2020)
[3400483] Failed to build match row: Motherwell Football Club vs Rangers Football Club
[2718847] Could not find attributes for andreas pereira (Granada CF, 2016)
[2718847] Failed to build match row: Granada CF vs Sevilla Fútbol Club S.A.D.
[2367206] Could not find attributes for keita balde (Società Sportiva Lazio S.p.A., 2013)
[2367206] Failed to build match row: Società Sportiva Lazio S.p.A. vs Trabzonspor Kulübü
[2722810] Could not find attributes for tomas sivok (Bursaspor, 2016)
[2722810] Failed to build match row: Bursaspor vs Alanyaspor
[2604171] Could not find attributes for michel morganella (Palermo FC, 2015)
[2604171] Failed to build match row: Genoa Cricket and Football Club vs Palermo FC
[2473640] Could not find attributes for ville iiskola (Myllykosken Pallo -47, 2014)
[2483443] Could not find attributes for ingvar jonsson (Stjarnan Gardabaer, 2014)
[2473640] Failed to build match row: Myllykosken Pallo -47 vs Dinamo Minsk
[2483443] Failed to build match row: Stjarnan Gardabaer vs Football Club Internazionale Milano S.p.A.
[2494355] Could not find attributes for theodoros tripotseris (Omilos Filathlon Irakliou FC, 2014)
[2494355] Failed to build match row: Omilos Filathlon Irakliou FC vs GS Ergotelis
[2335793] Could not find attributes for sergiy pshenychnykh (Metalist Kharkiv (- 2016), 2013)
[2335793] Failed to build match row: Metalist Kharkiv (- 2016) vs Dnipro Dnipropetrovsk (-2020)
[3084110] Could not find attributes for omri ben harush (KSC Lokeren (- 2020), 2018)
[3084110] Failed to build match row: Koninklijke Atletiek Associatie Gent vs KSC Lokeren (- 2020)
[3209820] Could not find attributes for fabian ehmann (Aris Thessalonikis, 2019)
Not enough players found for lineup: 0, 11.
[3209820] Failed to build match row: Aris Thessalonikis vs Olympiakos Syndesmos Filathlon Peiraios
[3105232] Failed to scrape lineup: https://www.transfermarkt.co.uk/spielbericht/index/spielbericht/3105232
[3047808] Could not find attributes for youssouf fofana (Racing Club de Strasbourg Alsace, 2018)
[3047808] Failed to build match row: Nîmes Olympique vs Racing Club de Strasbourg Alsace
[2754928] Could not find attributes for dominik livakovic (GNK Dinamo Zagreb, 2016)
[2754928] Failed to build match row: GNK Dinamo Zagreb vs Sevilla Fútbol Club S.A.D.
[2798024] Could not find attributes for ciaran summers (Stenhousemuir FC, 2016)
[2798024] Failed to build match row: Stenhousemuir FC vs Forres Mechanics FC
[2351386] Could not find attributes for milos volesak (AS Trencin, 2013)
[2351386] Failed to build match row: AS Trencin vs Astra Giurgiu (- 2024)
[2578239] Could not find attributes for jose cholevas (Watford FC, 2015)
[2578239] Failed to build match row: Watford FC vs Manchester City Football Club
[2507139] Could not find attributes for rakish bingham (Mansfield Town, 2014)
[2507139] Failed to build match row: Mansfield Town vs Concord Rangers

Keepers & outfield error for **Aberdeen Football Club** in Ross County FC vs Aberdeen Football Club: Numbers: 0 and 11.
[3400484] Failed to build match row: Ross County FC vs Aberdeen Football Club
[2883983] Could not find attributes for jires kembo ekoko (Bursaspor, 2017)
[3232999] Could not find attributes for davit kobouri (Dinamo Tbilisi, 2019)
[2883983] Failed to build match row: Bursaspor vs İstanbul Başakşehir Futbol Kulübü
[2700900] Could not find attributes for bersant celina (Football Club Twente, 2016)
[3232999] Failed to build match row: Feyenoord Rotterdam vs Dinamo Tbilisi
[2700900] Failed to build match row: Football Club Twente vs Nijmegen Eendracht Combinatie
[2611265] Could not find attributes for badou ndiaye (Ankaraspor, 2015)
[2611265] Failed to build match row: Çaykur Rizespor Kulübü vs Ankaraspor
[2722811] Could not find attributes for olcay sahan (Trabzonspor Kulübü, 2016)
[2698191] Could not find attributes for jordi amat (Swansea City, 2016)
[2894319] Could not find attributes for aleksandr gutor (Chornomorets Odesa, 2017)
[2483444] Could not find attributes for joris mathijsen (Feyenoord Rotterdam, 2014)
[2722811] Failed to build match row: Trabzonspor Kulübü vs Galatasaray Spor Kulübü
[2894319] Failed to build match row: Chornomorets Odesa vs Futbolniy Klub Dynamo Kyiv
[2698191] Failed to build match row: Middlesbrough FC vs Swansea City
[2483444] Failed to build match row: Feyenoord Rotterdam vs FC Zorya Lugansk
[2583662] Could not find attributes for paul harrison (The New Saints, 2015)
[2626909] Could not find attributes for artem gordeev (Nosta Novotroitsk, 2015)
[2626909] Failed to build match row: Nosta Novotroitsk vs RFK Akhmat Grozny
[2583662] Failed to build match row: The New Saints vs B36 Tórshavn
[2731814] Could not find attributes for mykyta burda (Futbolniy Klub Dynamo Kyiv, 2016)
[2731814] Failed to build match row: Futbolniy Klub Dynamo Kyiv vs FC Shakhtar Donetsk
[2367208] Failed to scrape lineup: https://www.transfermarkt.co.uk/spielbericht/index/spielbericht/2367208
[2385092] Could not find attributes for alexander madlung (Eintracht Frankfurt Fußball AG, 2013)
[2385092] Failed to build match row: Futebol Clube do Porto vs Eintracht Frankfurt Fußball AG
[2494356] Could not find attributes for ernestas setkus (AOK Kerkyra, 2014)
[2494356] Failed to build match row: AOK Kerkyra vs Panionios Athens
[2866234] Could not find attributes for plamen dimov (Botev Plovdiv, 2017)
[2866234] Failed to build match row: Botev Plovdiv vs FK Partizani
[3400485] Could not find attributes for guy melamed (St. Johnstone FC, 2020)
[3400485] Failed to build match row: St. Johnstone FC vs Saint Mirren Football Club
[3141174] Failed to scrape lineup: https://www.transfermarkt.co.uk/nac-breda_fc-emmen/index/spielbericht/3141174
[2722812] Could not find attributes for fernandao (Fenerbahçe Spor Kulübü, 2016)
[2722812] Failed to build match row: Fenerbahçe Spor Kulübü vs Konyaspor
[2920484] Could not find attributes for gersom klok (FC Emmen, 2017)
[2920484] Failed to build match row: FC Emmen vs Nijmegen Eendracht Combinatie
[2894320] Could not find attributes for oleksandr tkachenko (Vorskla Poltava, 2017)
[2894320] Failed to build match row: FC Shakhtar Donetsk vs Vorskla Poltava
[2332053] Could not find attributes for modibo maiga (West Ham United Football Club, 2013)
[2332053] Failed to build match row: West Ham United Football Club vs Fulham Football Club
[3084112] Failed to scrape lineup: https://www.transfermarkt.co.uk/sv-zulte-waregem_club-brugge-kv/index/spielbericht/3084112
[2367209] Failed to scrape lineup: https://www.transfermarkt.co.uk/spielbericht/index/spielbericht/2367209
[2385093] Failed to scrape lineup: https://www.transfermarkt.co.uk/spielbericht/index/spielbericht/2385093
[2646288] Failed to scrape lineup: https://www.transfermarkt.co.uk/hamilton-academical-fc_celtic-fc/index/spielbericht/2646288
Not enough players found for lineup: 0, 11.
[2874409] Failed to scrape lineup: https://www.transfermarkt.co.uk/spielbericht/index/spielbericht/2874409
[3233000] Could not find attributes for abdeldjalil medioub (Dinamo Tbilisi, 2019)
[3233000] Failed to build match row: Dinamo Tbilisi vs Feyenoord Rotterdam
[2494357] Failed to scrape lineup: https://www.transfermarkt.co.uk/atromitos-athens_pae-veria/index/spielbericht/2494357
[2866235] Failed to scrape lineup: https://www.transfermarkt.co.uk/spielbericht/index/spielbericht/2866235
[2798405] Could not find attributes for frank mckeown (Alloa Athletic FC, 2016)

Keepers & outfield error for **Sporting Gijón** in Deportivo de La Coruña vs Sporting Gijón: Numbers: 2 and 9.
[2798405] Failed to build match row: Alloa Athletic FC vs Dunfermline Athletic FC
[2594510] Failed to build match row: Deportivo de La Coruña vs Sporting Gijón
[2585993] Could not find attributes for maksim startsev (Metalurg Zaporizhya (-2016), 2015)
[2585993] Failed to build match row: Metalurg Zaporizhya (-2016) vs FC Zorya Lugansk
[2883984] Could not find attributes for leandrinho (Kardemir Karabükspor, 2017)
[2883984] Failed to build match row: Kardemir Karabükspor vs Gençlerbirliği Spor Kulübü
[3209821] Could not find attributes for nikolaos papadopoulos (A.G.S Asteras Tripolis, 2019)
[3141175] Failed to scrape lineup: https://www.transfermarkt.co.uk/willem-ii-tilburg_pec-zwolle/index/spielbericht/3141175
[3209821] Failed to build match row: A.G.S Asteras Tripolis vs Panthessalonikios Athlitikos Omilos Konstantinoupoliton
[3260176] Could not find attributes for mathias bonde (Skive IK, 2019)
[3260176] Failed to build match row: Skive IK vs Brøndby Idrætsforening
[2473641] Could not find attributes for jonas acquistapace (Omonia Nicosia, 2014)
[2700901] Could not find attributes for elmo lieftink (Willem II Tilburg, 2016)
[2473641] Failed to build match row: Omonia Nicosia vs Buducnost Podgorica
[2700901] Failed to build match row: Willem II Tilburg vs Go Ahead Eagles

Keepers & outfield error for **Rangers Football Club** in Rangers Football Club vs Saint Mirren Football Club: Numbers: 2 and 9.
[3080209] Failed to build match row: Rangers Football Club vs Saint Mirren Football Club
[2731815] Could not find attributes for yevgen khacheridi (Futbolniy Klub Dynamo Kyiv, 2016)
[2731815] Failed to build match row: Futbolniy Klub Dynamo Kyiv vs PFK Stal Kamyanske (-2018)
[2754929] Could not find attributes for jeremy morel (Olympique Lyonnais, 2016)
[2754929] Failed to build match row: Olympique Lyonnais vs Juventus Football Club
[2874414] Failed to scrape lineup: https://www.transfermarkt.co.uk/spielbericht/index/spielbericht/2874414
[3141176] Failed to scrape lineup: https://www.transfermarkt.co.uk/az-alkmaar_ado-den-haag/index/spielbericht/3141176
[2958632] Could not find attributes for laurens paulussen (Yellow-Red Koninklijke Voetbalclub Mechelen, 2017)
[2958632] Failed to build match row: Yellow-Red Koninklijke Voetbalclub Mechelen vs Sportvereniging Zulte Waregem
Not enough players found for lineup: 0, 11.
[3105233] Failed to scrape lineup: https://www.transfermarkt.co.uk/spielbericht/index/spielbericht/3105233

Keepers & outfield error for **EA Guingamp** in EA Guingamp vs Lille Olympique Sporting Club: Numbers: 2 and 9.
[2901121] Failed to build match row: EA Guingamp vs Lille Olympique Sporting Club
[2585994] Could not find attributes for zauri makharadze (Olimpik Donetsk, 2015)
[2585994] Failed to build match row: Olimpik Donetsk vs Chornomorets Odesa

Keepers & outfield error for **Aberdeen Football Club** in Aberdeen Football Club vs Motherwell Football Club: Numbers: 0 and 11.
[3400486] Failed to build match row: Aberdeen Football Club vs Motherwell Football Club
[2342389] Could not find attributes for prince gouano (RKC Waalwijk, 2013)
[2342389] Failed to build match row: RKC Waalwijk vs Football Club Twente
[2866236] Could not find attributes for mait toom (FC Flora Tallinn, 2017)
[2866236] Failed to build match row: FC Flora Tallinn vs NK Domzale

Keepers & outfield error for **St. Johnstone FC** in Aberdeen Football Club vs St. Johnstone FC: Numbers: 2 and 9.
[2646289] Failed to build match row: Aberdeen Football Club vs St. Johnstone FC
[2367210] Could not find attributes for alexandre barthe (Ludogorets Razgrad, 2013)
[2367210] Failed to build match row: Eindhovense Voetbalvereniging Philips Sport Vereniging vs Ludogorets Razgrad
[2722813] Could not find attributes for loret sadiku (Kasımpaşa A.Ş., 2016)
[2722813] Failed to build match row: Kasımpaşa A.Ş. vs Ankaraspor
[2494358] Could not find attributes for dimitrios tairis (Niki Volou, 2014)
[2494358] Failed to build match row: Niki Volou vs Panthrakikos Komotini

Keepers & outfield error for **Royal Antwerp Football Club** in Royal Antwerp Football Club vs Club Brugge Koninklijke Voetbalvereniging: Numbers: 2 and 9.
[2958633] Failed to build match row: Royal Antwerp Football Club vs Club Brugge Koninklijke Voetbalvereniging
[2385094] Could not find attributes for matus kozacik (FC Viktoria Plzeň, a.s., 2013)
[2385094] Failed to build match row: FC Viktoria Plzeň, a.s. vs FC Shakhtar Donetsk
[2604174] Could not find attributes for arlind ajeti (Frosinone Calcio, 2015)
[2585995] Could not find attributes for Sergiy Pogorilyi (Metalist Kharkiv (- 2016), 2015)
[2604174] Failed to build match row: Frosinone Calcio vs Atalanta Bergamasca Calcio S.p.a.
[2718849] Could not find attributes for florian lejeune (SD Eibar, 2016)
Lviv (-2021)
[2342390] Could not find attributes for christian kum (Sportclub Heerenveen, 2013)
[2718849] Failed to build match row: SD Eibar vs Alaves
s Sportclub Heerenveen
Not enough players found for lineup: 0, 11.
[3105234] Failed to scrape lineup: https://www.transfermarkt.co.uk/spielbericht/index/spielbericht/3105234
[2507140] Could not find attributes for danny smith (Gosport Borough, 2014)
[2507140] Failed to build match row: Gosport Borough vs Colchester United
[2611267] Could not find attributes for ugur demirok (Ankaraspor, 2015)
[2611267] Failed to build match row: Ankaraspor vs Antalyaspor
[2494359] Failed to scrape lineup: https://www.transfermarkt.co.uk/asteras-tripolis_panetolikos-gfs/index/spielbericht/2494359
[3141178] Failed to scrape lineup: https://www.transfermarkt.co.uk/fortuna-sittard_vvv-venlo/index/spielbericht/3141178
[2483445] Could not find attributes for joaozinho (FK Krasnodar, 2014)
[2483445] Failed to build match row: Real Sociedad de Fútbol S.A.D. vs FK Krasnodar
[2351387] Could not find attributes for takayuki seto (Astra Giurgiu (- 2024), 2013)
[2351387] Failed to build match row: Astra Giurgiu (- 2024) vs AS Trencin

Keepers & outfield error for **KAS Eupen** in KAS Eupen vs Royal Standard Club de Liège: Numbers: 2 and 9.
[3084113] Failed to build match row: KAS Eupen vs Royal Standard Club de Liège
[2894321] Could not find attributes for yevgen past (Zirka Kropyvnytskyi, 2017)
[2731816] Could not find attributes for roman pidkivka (Karpaty Lviv (-2021), 2016)
[2894321] Failed to build match row: Zirka Kropyvnytskyi vs Karpaty Lviv (-2021)
[3233009] Could not find attributes for andrej prskalo (Hrvatski Nogometni Klub Rijeka, 2019)
[3233009] Failed to build match row: Hrvatski Nogometni Klub Rijeka vs Aberdeen Football Club
[2335794] Failed to scrape lineup: https://www.transfermarkt.co.uk/metalurg-zaporizhya-2016-_shakhtar-donetsk/index/spielbericht/2335794
[2332056] Could not find attributes for modibo maiga (West Ham United Football Club, 2013)
[2332056] Failed to build match row: Liverpool Football Club vs West Ham United Football Club
[2894359] Could not find attributes for oleksandr tkachenko (Vorskla Poltava, 2017)
[2894359] Failed to build match row: Vorskla Poltava vs Karpaty Lviv (-2021)
[2698194] Could not find attributes for jose cholevas (Watford FC, 2016)
[2698194] Failed to build match row: Watford FC vs Everton Football Club
[2626910] Could not find attributes for andrey buyvolov (Volga Nizhniy Novgorod (- 2016), 2015)
[2626910] Failed to build match row: Volga Nizhniy Novgorod (- 2016) vs FK Spartak Moskva

Keepers & outfield error for **UD Las Palmas** in UD Las Palmas vs CD Leganés: Numbers: 2 and 9.
[2718850] Failed to build match row: UD Las Palmas vs CD Leganés
[3069806] Failed to scrape lineup: https://www.transfermarkt.co.uk/besiktas-jk_sivasspor/index/spielbericht/3069806
[3201325] Failed to scrape lineup: https://www.transfermarkt.co.uk/aberdeen-fc_st-mirren-fc/index/spielbericht/3201325
[2329306] Could not find attributes for mostm (Odense Boldklub, 2013)
[2611268] Could not find attributes for serkan kirintili (Konyaspor, 2015)
[2329306] Failed to build match row: Odense Boldklub vs Fodbold Club Midtjylland
[2473642] Could not find attributes for dejan bandovic (FK Sarajevo, 2014)
[2585996] Could not find attributes for stanislav bogush (Vorskla Poltava, 2015)
[2335796] Could not find attributes for mykyta shevchenko (FC Zorya Lugansk, 2013)
[2473642] Failed to build match row: FK Haugesund vs FK Sarajevo
[2585996] Failed to build match row: Vorskla Poltava vs Volyn Lutsk
[2335796] Failed to build match row: FC Zorya Lugansk vs Chornomorets Odesa
[2958635] Could not find attributes for jakov filipovic (KSC Lokeren (- 2020), 2017)
[2958635] Failed to build match row: Koninklijke Atletiek Associatie Gent vs KSC Lokeren (- 2020)
[2920485] Could not find attributes for steven pereira (MVV Maastricht, 2017)
[2920485] Failed to build match row: MVV Maastricht vs Alkmaar Zaanstreek
[2883986] Could not find attributes for volkan demirel (Fenerbahçe Spor Kulübü, 2017)
[2883986] Failed to build match row: Fenerbahçe Spor Kulübü vs Göztepe Sportif Yatırımlar A.Ş.
[2874417] Could not find attributes for jacques bang sorensen (Hvidovre IF, 2017)
[2874417] Failed to build match row: Hvidovre IF vs BK Frem
[2700903] Could not find attributes for ouasim bouy (Prins Hendrik Ende Desespereert Nimmer Combinatie Zwolle, 2016)
[2700903] Failed to build match row: Football Club Groningen vs Prins Hendrik Ende Desespereert Nimmer Combinatie Zwolle
[2755693] Could not find attributes for yevgen khacheridi (Futbolniy Klub Dynamo Kyiv, 2016)
[2755693] Failed to build match row: Sport Lisboa e Benfica vs Futbolniy Klub Dynamo Kyiv
[3105235] Could not find attributes for manolis apostolidis (Niki Volou, 2018)
[2901124] Could not find attributes for ludovic baal (Rennes, 2017)
[2483446] Could not find attributes for dejan bandovic (FK Sarajevo, 2014)
[3260177] Could not find attributes for jacob green pedersen (VSK Aarhus, 2019)
[2483446] Failed to build match row: Mönchengladbach vs FK Sarajevo
[2722814] Could not find attributes for erkan kas (Kayserispor Kulübü, 2016)
[3260177] Failed to build match row: VSK Aarhus vs Aarhus Gymnastik Forening
[3105235] Failed to build match row: Niki Volou vs Doxa Dramas
[3233010] Could not find attributes for andrej prskalo (Hrvatski Nogometni Klub Rijeka, 2019)
[2901124] Failed to build match row: Rennes vs Olympique Gymnaste Club Nice Côte d'Azur
[2722814] Failed to build match row: Kayserispor Kulübü vs Gaziantepspor (- 2020)
[3233010] Failed to build match row: Aberdeen Football Club vs Hrvatski Nogometni Klub Rijeka
[2342392] Could not find attributes for stipe perica (Nooit Opgeven Altijd Doorzetten Aangenaam Door Vermaak En Nuttig Door Ontspanning Combinatie Breda, 2013)
[2342392] Failed to build match row: AFC Ajax Amsterdam vs Nooit Opgeven Altijd Doorzetten Aangenaam Door Vermaak En Nuttig Door Ontspanning Combinatie Breda
[2611269] Could not find attributes for hurriyet gucer (Gaziantepspor (- 2020), 2015)
[2611269] Failed to build match row: Gaziantepspor (- 2020) vs Gençlerbirliği Spor Kulübü
[2894360] Could not find attributes for maksym koval (Futbolniy Klub Dynamo Kyiv, 2017)
[2894360] Failed to build match row: Futbolniy Klub Dynamo Kyiv vs FC Shakhtar Donetsk
[2626911] Could not find attributes for aleksandr malyshev (Shinnik Yaroslavl, 2015)
[2626911] Failed to build match row: Shinnik Yaroslavl vs Kuban Krasnodar (-2018)

Keepers & outfield error for **Real Betis Balompié S.A.D.** in Real Betis Balompié S.A.D. vs FC Rubin Kazan: Numbers: 2 and 9.
[2385095] Failed to build match row: Real Betis Balompié S.A.D. vs FC Rubin Kazan
[3400488] Could not find attributes for george oakley (Kilmarnock Football Club, 2020)
[3400488] Failed to build match row: Kilmarnock Football Club vs St. Johnstone FC
[2529652] Could not find attributes for paul heffernan (Dundee Football Club, 2014)
[2529652] Failed to build match row: Dundee Football Club vs Dundee United Football Club
[2351388] Could not find attributes for armantas vitkauskas (FK Zalgiris Vilnius, 2013)
[2351388] Failed to build match row: FK Zalgiris Vilnius vs KKS Lech Poznań Spółka Akcyjna
[2731817] Could not find attributes for yuriy pankiv (PFK Stal Kamyanske (-2018), 2016)

Keepers & outfield error for **Sivasspor** in Yeni Malatyaspor vs Sivasspor: Numbers: 2 and 9.
[2883987] Failed to build match row: Yeni Malatyaspor vs Sivasspor
C Zorya Lugansk

Keepers & outfield error for **AFC Ajax Amsterdam** in AFC Ajax Amsterdam vs Sportclub Heerenveen: Numbers: 2 and 9.
[2700904] Failed to build match row: AFC Ajax Amsterdam vs Sportclub Heerenveen
[3084114] Could not find attributes for olivier deschacht (KSC Lokeren (- 2020), 2018)
[3084114] Failed to build match row: KSC Lokeren (- 2020) vs SK Beveren
[2646291] Could not find attributes for arnaud djoum (Heart of Midlothian Football Club, 2015)

Keepers & outfield error for **Levante Unión Deportiva S.A.D.** in Levante Unión Deportiva S.A.D. vs SD Eibar: Numbers: 0 and 11.
[2646291] Failed to build match row: Heart of Midlothian Football Club vs Kilmarnock Football Club
[2594513] Failed to build match row: Levante Unión Deportiva S.A.D. vs SD Eibar
[2335797] Could not find attributes for denys boyko (Dnipro Dnipropetrovsk (-2020), 2013)
[2894361] Could not find attributes for german penkov (PFK Stal Kamyanske (-2018), 2017)
[2335797] Failed to build match row: Dnipro Dnipropetrovsk (-2020) vs Metalurg Zaporizhya (-2016)
[2894361] Failed to build match row: PFK Stal Kamyanske (-2018) vs Chornomorets Odesa
[3400489] Could not find attributes for jay emmanuel thomas (Livingston Football Club, 2020)
[3400489] Failed to build match row: Livingston Football Club vs Hamilton Academical FC

Keepers & outfield error for **FC Shakhtar Donetsk** in FC Shakhtar Donetsk vs FC Oleksandriya: Numbers: 2 and 9.
[2585997] Failed to build match row: FC Shakhtar Donetsk vs FC Oleksandriya

[3058509] Failed to build match row: Sportverein Werder Bremen von 1899 vs Mönchengladbach
[2883988] Could not find attributes for jailton paraiba (Gençlerbirliği Spor Kulübü, 2017)
[2883988] Failed to build match row: Gençlerbirliği Spor Kulübü vs Konyaspor
Not enough players found for lineup: 0, 0.
[2611270] Could not find attributes for petar grbic (Akhisarspor, 2015)
[3105236] Failed to scrape lineup: https://www.transfermarkt.co.uk/spielbericht/index/spielbericht/3105236
[2611270] Failed to build match row: Akhisarspor vs Beşiktaş Jimnastik Kulübü
[2473643] Could not find attributes for giorgi lomaia (FK Inter Baku, 2014)
[2473643] Failed to build match row: FK Inter Baku vs Idrottsföreningen Elfsborg
[3080213] Could not find attributes for jake mulraney (Heart of Midlothian Football Club, 2018)
[3080213] Failed to build match row: Kilmarnock Football Club vs Heart of Midlothian Football Club
[2722815] Could not find attributes for ryan babel (Beşiktaş Jimnastik Kulübü, 2016)
[2920486] Could not find attributes for bogdan constantin (AVV Swift, 2017)
[2722815] Failed to build match row: Antalyaspor vs Beşiktaş Jimnastik Kulübü
[2920486] Failed to build match row: AVV Swift vs Vitesse Arnhem
Not enough players found for lineup: 0, 11.
[2874418] Failed to scrape lineup: https://www.transfermarkt.co.uk/spielbericht/index/spielbericht/2874418
[2342394] Could not find attributes for iliass bel hassani (Heracles Almelo, 2013)
[2342394] Failed to build match row: Heracles Almelo vs Alkmaar Zaanstreek
[2958637] Could not find attributes for laurens paulussen (Yellow-Red Koninklijke Voetbalclub Mechelen, 2017)
ona: Numbers: 2 and 9.
[2494360] Could not find attributes for tomas cerny (GS Ergotelis, 2014)
[2958637] Failed to build match row: St Truiden vs Yellow-Red Koninklijke Voetbalclub Mechelen

Keepers & outfield error for **Società Sportiva Calcio Napoli** in Swansea City vs Società Sportiva Calcio Napoli: Numbers: 2 and 9.
[2494360] Failed to build match row: GS Ergotelis vs Olympiakos Syndesmos Filathlon Peiraios
[2755694] Failed to build match row: Manchester City Football Club vs Futbol Club Barcelona
[2385096] Failed to build match row: Swansea City vs Società Sportiva Calcio Napoli
[2351389] Could not find attributes for armantas vitkauskas (FK Zalgiris Vilnius, 2013)
[2351389] Failed to build match row: KKS Lech Poznań Spółka Akcyjna vs FK Zalgiris Vilnius
[2646292] Could not find attributes for aidan nesbitt (Partick Thistle FC, 2015)

Keepers & outfield error for **Villarreal Club de Fútbol S.A.D.** in Villarreal Club de Fútbol S.A.D. vs FC Astana: Numbers: 0 and 11.
[2731818] Could not find attributes for roman pidkivka (Karpaty Lviv (-2021), 2016)
[2646292] Failed to build match row: Motherwell Football Club vs Partick Thistle FC
[2335798] Failed to build match row: Metalist Kharkiv (- 2016) vs SK Tavriya Simferopol ( - 2022)
[2529653] Could not find attributes for stephen pearson (Motherwell Football Club, 2014)
[2894362] Could not find attributes for rustam khudzhamov (FK Mariupol, 2017)
[2483447] Failed to build match row: Villarreal Club de Fútbol S.A.D. vs FC Astana
[2529653] Failed to build match row: Motherwell Football Club vs Saint Mirren Football Club
[2731818] Failed to build match row: FC Shakhtar Donetsk vs Karpaty Lviv (-2021)
[2894362] Failed to build match row: FK Mariupol vs FC Zorya Lugansk
[3209822] Could not find attributes for athanasios garavelis (Volou Neos Podosferikos Syllogos, 2019)
[3201327] Could not find attributes for aaron taylor sinclair (Livingston Football Club, 2019)
[3069808] Could not find attributes for iasmin latovlevici (Bursaspor, 2018)
[2611271] Could not find attributes for berkan emir (Kayserispor Kulübü, 2015)
[3201327] Failed to build match row: Livingston Football Club vs Hamilton Academical FC
hinon
[2611271] Failed to build match row: Kayserispor Kulübü vs Bursaspor
[3069808] Failed to build match row: Bursaspor vs Kasımpaşa A.Ş.
Not enough players found for lineup: 0, 0.
[2342395] Could not find attributes for iliass bel hassani (Heracles Almelo, 2013)
[2604177] Could not find attributes for albano bizzarri (Chievo Verona, 2015)
[3105237] Failed to scrape lineup: https://www.transfermarkt.co.uk/spielbericht/index/spielbericht/3105237
[2604177] Failed to build match row: Società Sportiva Lazio S.p.A. vs Chievo Verona
[2883989] Could not find attributes for leandrinho (Kardemir Karabükspor, 2017)
[2342395] Failed to build match row: Heracles Almelo vs Vitesse Arnhem
[2883989] Failed to build match row: İstanbul Başakşehir Futbol Kulübü vs Kardemir Karabükspor
[2460610] Could not find attributes for nicholas vella (Valletta FC, 2014)
[2483448] Failed to scrape lineup: https://www.transfermarkt.co.uk/spielbericht/index/spielbericht/2483448
[3084116] Could not find attributes for mbaye leye (Royal Excel Mouscron (-2022), 2018)
[2460610] Failed to build match row: Valletta FC vs Qarabağ FK
[3084116] Failed to build match row: Royal Charleroi Sporting Club vs Royal Excel Mouscron (-2022)
[2722816] Could not find attributes for luccas claro (Gençlerbirliği Spor Kulübü, 2016)
[2722816] Failed to build match row: Gençlerbirliği Spor Kulübü vs Çaykur Rizespor Kulübü
[2473644] Could not find attributes for stefan burghiu (FC Zimbru Chisinau, 2014)
[2473644] Failed to build match row: FC Zimbru Chisinau vs CSKA-Sofia
[3260178] Could not find attributes for souheib dhaflaoui (FC Roskilde, 2019)
[2335799] Could not find attributes for dmytro bezotosnyi (Chornomorets Odesa, 2013)
[2335799] Failed to build match row: Chornomorets Odesa vs Dnipro Dnipropetrovsk (-2020)
[3260178] Failed to build match row: FC Roskilde vs Randers Fodbold Club
[2646293] Could not find attributes for alex schalk (Ross County FC, 2015)
[2646293] Failed to build match row: Ross County FC vs Dundee United Football Club

Keepers & outfield error for **Stade Reims** in Stade Reims vs Football Club de Nantes: Numbers: 2 and 9.
[3047810] Failed to build match row: Stade Reims vs Football Club de Nantes
[2367214] Could not find attributes for aleksander rajcevic (NK Maribor, 2013)
[2367214] Failed to build match row: NK Maribor vs FC Rubin Kazan
[2494361] Could not find attributes for danijel pranjic (Panathinaikos Athlitikos Omilos, 2014)
[2611272] Could not find attributes for sabri sarioglu (Galatasaray Spor Kulübü, 2015)
[2494361] Failed to build match row: Panathinaikos Athlitikos Omilos vs Omilos Filathlon Irakliou FC
[2611272] Failed to build match row: Galatasaray Spor Kulübü vs Kasımpaşa A.Ş.
[3223161] Could not find attributes for farouk miya (Konyaspor, 2019)
[2866237] Could not find attributes for ilion lika (KF Tirana, 2017)
[2866237] Failed to build match row: KF Tirana vs Maccabi Tel Aviv
[3223161] Failed to build match row: Alanyaspor vs Konyaspor
[2920487] Could not find attributes for bradly van der meer (VV Capelle, 2017)
[2920487] Failed to build match row: VV Capelle vs Roda JC Kerkrade
[2731819] Could not find attributes for oleksiy shevchenko (FC Zorya Lugansk, 2016)
[2731819] Failed to build match row: FC Zorya Lugansk vs Dnipro Dnipropetrovsk (-2020)
[2901126] Could not find attributes for jerome roussillon (Montpellier HSC, 2017)
[2901126] Failed to build match row: ESTAC Troyes vs Montpellier HSC
[3069809] Could not find attributes for erkan kas (Yeni Malatyaspor, 2018)
[3069809] Failed to build match row: Yeni Malatyaspor vs Trabzonspor Kulübü
[2585998] Could not find attributes for artur rudko (Goverla Uzhgorod (- 2016), 2015)
[2585998] Failed to build match row: Goverla Uzhgorod (- 2016) vs Dnipro Dnipropetrovsk (-2020)
[2529654] Could not find attributes for raffaele de vita (Ross County FC, 2014)
[2529654] Failed to build match row: Ross County FC vs St. Johnstone FC
[2626912] Could not find attributes for renat sabitov (Sokol Saratov, 2015)
Not enough players found for lineup: 0, 0.
[2626912] Failed to build match row: Sokol Saratov vs Anzhi Makhachkala ( -2022)
[3105238] Failed to scrape lineup: https://www.transfermarkt.co.uk/spielbericht/index/spielbericht/3105238
[2385097] Could not find attributes for keita balde (Società Sportiva Lazio S.p.A., 2013)
[2798408] Could not find attributes for ryan dow (Ross County FC, 2016)
[2385097] Failed to build match row: Società Sportiva Lazio S.p.A. vs Ludogorets Razgrad
[2798408] Failed to build match row: Ross County FC vs Dundee United Football Club

Keepers & outfield error for **The Celtic Football Club** in The Celtic Football Club vs Dundee Football Club: Numbers: 2 and 9.
[2958638] Could not find attributes for carlinhos (Royal Standard Club de Liège, 2017)
[2367215] Failed to scrape lineup: https://www.transfermarkt.co.uk/spielbericht/index/spielbericht/2367215
[3141181] Could not find attributes for azor matusiwa (De Graafschap Doetinchem, 2018)
[2335800] Could not find attributes for dmitriy nepogodov (Vorskla Poltava, 2013)
[2646294] Failed to build match row: The Celtic Football Club vs Dundee Football Club
[2958638] Failed to build match row: Sportvereniging Zulte Waregem vs Royal Standard Club de Liège
[3141181] Failed to build match row: De Graafschap Doetinchem vs FC Emmen
[2335800] Failed to build match row: Vorskla Poltava vs SK Tavriya Simferopol ( - 2022)
[2586000] Failed to scrape lineup: https://www.transfermarkt.co.uk/spielbericht/index/spielbericht/2586000
[2473645] Could not find attributes for Artur Kotenko (Shakhter Soligorsk, 2014)
[2473645] Failed to build match row: Shakhter Soligorsk vs Derry City
[2894363] Could not find attributes for yuriy pankiv (FC Oleksandriya, 2017)
[2894363] Failed to build match row: FC Oleksandriya vs NK Veres Rivne
[2529655] Failed to scrape lineup: https://www.transfermarkt.co.uk/kilmarnock-fc_aberdeen-fc/index/spielbericht/2529655
[2611273] Could not find attributes for nihat sahin (Mersin Talimyurdu SK, 2015)
[2611273] Failed to build match row: Mersin Talimyurdu SK vs Eskisehirspor
[3069810] Could not find attributes for ondrej celustka (Antalyaspor, 2018)
[3069810] Failed to build match row: Antalyaspor vs Akhisarspor
Not enough players found for lineup: 0, 11.

Keepers & outfield error for **Jagiellonia-Bialystok Sportowa Spólka Akcyjna** in Jagiellonia-Bialystok Sportowa Spólka Akcyjna vs Dinamo Batumi: Numbers: 2 and 9.
[2866238] Failed to build match row: Jagiellonia-Bialystok Sportowa Spólka Akcyjna vs Dinamo Batumi
[2874420] Failed to scrape lineup: https://www.transfermarkt.co.uk/spielbericht/index/spielbericht/2874420
[2722817] Could not find attributes for emre belozoglu (İstanbul Başakşehir Futbol Kulübü, 2016)
[2722817] Failed to build match row: İstanbul Başakşehir Futbol Kulübü vs Kardemir Karabükspor
[3209823] Could not find attributes for anestis nastos (Omilos Filathlon Irakliou FC, 2019)
[3209823] Failed to build match row: Omilos Filathlon Irakliou FC vs Panionios Athens
[2494362] Could not find attributes for nikolaos papadopoulos (Panionios Athens, 2014)
[2494362] Failed to build match row: Panionios Athens vs PAS Giannina
[3216076] Could not find attributes for lee cattermole (VVV-Venlo, 2019)
[3216076] Failed to build match row: VVV-Venlo vs Football Club Groningen
[2731820] Could not find attributes for sergiy loginov (Volyn Lutsk, 2016)
[2731820] Failed to build match row: Volyn Lutsk vs Vorskla Poltava

Keepers & outfield error for **KAS Eupen** in KAS Eupen vs Royal Charleroi Sporting Club: Numbers: 2 and 9.
[2958639] Failed to build match row: KAS Eupen vs Royal Charleroi Sporting Club
Not enough players found for lineup: 0, 0.
[2586001] Failed to scrape lineup: https://www.transfermarkt.co.uk/spielbericht/index/spielbericht/2586001
[2578241] Could not find attributes for jonathan howson (Norwich City, 2015)
[2578241] Failed to build match row: Norwich City vs Sunderland Association Football Club
[3080215] Could not find attributes for steve lawson (Livingston Football Club, 2018)
[3080215] Failed to build match row: Saint Mirren Football Club vs Livingston Football Club
[2529656] Could not find attributes for nigel hasselbaink (Hamilton Academical FC, 2014)
[2529656] Failed to build match row: Dundee United Football Club vs Hamilton Academical FC
[2894364] Could not find attributes for zauri makharadze (Olimpik Donetsk, 2017)
[2894364] Failed to build match row: Olimpik Donetsk vs Zirka Kropyvnytskyi
Not enough players found for lineup: 0, 11.
[2473646] Failed to scrape lineup: https://www.transfermarkt.co.uk/spielbericht/index/spielbericht/2473646

Keepers & outfield error for **Futbol Club Barcelona** in Club Atlético Osasuna vs Futbol Club Barcelona: Numbers: 2 and 9.
[2718853] Failed to build match row: Club Atlético Osasuna vs Futbol Club Barcelona
[2755697] Could not find attributes for jose luis palomino (Ludogorets Razgrad, 2016)
[2604179] Could not find attributes for gianluigi donnarumma (Associazione Calcio Milan, 2015)
[2755697] Failed to build match row: Ludogorets Razgrad vs Arsenal Football Club

Keepers & outfield error for **Heart of Midlothian Football Club** in Rangers Football Club vs Heart of Midlothian Football Club: Numbers: 0 and 11.
[3201329] Failed to build match row: Rangers Football Club vs Heart of Midlothian Football Club
[2626913] Could not find attributes for yuriy dyupin (SKA Khabarovsk, 2015)
[2626913] Failed to build match row: SKA Khabarovsk vs FC Rubin Kazan
[3223162] Could not find attributes for daniel sturridge (Trabzonspor Kulübü, 2019)
[2920488] Could not find attributes for mitchel de vlugt (SVV Scheveningen, 2017)
[3223162] Failed to build match row: Trabzonspor Kulübü vs Kayserispor Kulübü
[2920488] Failed to build match row: SVV Scheveningen vs AFC Ajax Amsterdam
[2507145] Could not find attributes for lewis field (Warrington Town, 2014)
[2507145] Failed to build match row: Warrington Town vs Exeter City
[3260179] Could not find attributes for nemanja cavnic (BK Fremad Amager, 2019)
[3141182] Could not find attributes for lasse schone (AFC Ajax Amsterdam, 2018)
[3260179] Failed to build match row: BK Fremad Amager vs Fodbold Club Midtjylland
[2483449] Could not find attributes for eitan tibi (Maccabi Tel Aviv, 2014)
[2335801] Could not find attributes for artem kychak (Volyn Lutsk, 2013)
[3141182] Failed to build match row: Football Club Groningen vs AFC Ajax Amsterdam
[2483449] Failed to build match row: Maccabi Tel Aviv vs A.G.S Asteras Tripolis
[2335801] Failed to build match row: Volyn Lutsk vs Chornomorets Odesa
Not enough players found for lineup: 0, 11.
[2586002] Failed to scrape lineup: https://www.transfermarkt.co.uk/spielbericht/index/spielbericht/2586002
[2646295] Could not find attributes for eiji kawashima (Dundee United Football Club, 2015)
[2646295] Failed to build match row: Dundee United Football Club vs Aberdeen Football Club
[2874421] Failed to scrape lineup: https://www.transfermarkt.co.uk/spielbericht/index/spielbericht/2874421
[2578242] Could not find attributes for vito mannone (Sunderland Association Football Club, 2015)
[2578242] Failed to build match row: Sunderland Association Football Club vs Arsenal Football Club
[3209824] Could not find attributes for bart schenkeveld (Panathinaikos Athlitikos Omilos, 2019)
[3209824] Failed to build match row: Panathinaikos Athlitikos Omilos vs AO Xanthi
[2894365] Could not find attributes for oleksandr bandura (NK Veres Rivne, 2017)
[2894365] Failed to build match row: NK Veres Rivne vs Olimpik Donetsk
[3300785] Could not find attributes for gareth barry (West Bromwich Albion, 2019)
[3300785] Failed to build match row: Charlton Athletic vs West Bromwich Albion
[2611274] Could not find attributes for alexandru epureanu (İstanbul Başakşehir Futbol Kulübü, 2015)
[2611274] Failed to build match row: İstanbul Başakşehir Futbol Kulübü vs Sivasspor
[2700907] Could not find attributes for ouasim bouy (Prins Hendrik Ende Desespereert Nimmer Combinatie Zwolle, 2016)
[2351392] Could not find attributes for maksims uvarenko (JFK Ventspils, 2013)
[2700907] Failed to build match row: Prins Hendrik Ende Desespereert Nimmer Combinatie Zwolle vs Heracles Almelo
[2351392] Failed to build match row: JFK Ventspils vs Maccabi Haifa
[2367216] Could not find attributes for razvan stanca (Pandurii Targu Jiu (- 2022), 2013)

Keepers & outfield error for **Royal Antwerp Football Club** in Royal Antwerp Football Club vs Koninklijke Atletiek Associatie Gent: Numbers: 2 and 9.
[2367216] Failed to build match row: Pandurii Targu Jiu (- 2022) vs Dnipro Dnipropetrovsk (-2020)

Keepers & outfield error for **Ross County FC** in Ross County FC vs The Celtic Football Club: Numbers: 2 and 9.
[2958640] Failed to build match row: Royal Antwerp Football Club vs Koninklijke Atletiek Associatie Gent

Keepers & outfield error for **Real Betis Balompié S.A.D.** in FC Rubin Kazan vs Real Betis Balompié S.A.D.: Numbers: 2 and 9.
[3201330] Failed to build match row: Ross County FC vs The Celtic Football Club

Keepers & outfield error for **Gaziantep Futbol Kulübü A.Ş.** in Gaziantep Futbol Kulübü A.Ş. vs Yeni Malatyaspor: Numbers: 2 and 9.
[2385098] Failed to build match row: FC Rubin Kazan vs Real Betis Balompié S.A.D.
[2731821] Could not find attributes for roman pidkivka (Karpaty Lviv (-2021), 2016)
[3223163] Failed to build match row: Gaziantep Futbol Kulübü A.Ş. vs Yeni Malatyaspor
[2731821] Failed to build match row: Karpaty Lviv (-2021) vs Zirka Kropyvnytskyi
[2866239] Could not find attributes for deividas mikelionis (FK Atlantas Klaipeda (-2020), 2017)
[2798418] Could not find attributes for kevin cuthbert (Raith Rovers FC, 2016)
[2866239] Failed to build match row: FK Atlantas Klaipeda (-2020) vs Kairat Almaty
 Club
[3216078] Could not find attributes for joey veerman (Sportclub Heerenveen, 2019)
[2594517] Could not find attributes for jean sylvain babin (Granada CF, 2015)
[3216078] Failed to build match row: AFC Ajax Amsterdam vs Sportclub Heerenveen
[2594517] Failed to build match row: Granada CF vs Real Sociedad de Fútbol S.A.D.
[3069811] Could not find attributes for kadu (Göztepe Sportif Yatırımlar A.Ş., 2018)
[3069811] Failed to build match row: Erzurumspor FK vs Göztepe Sportif Yatırımlar A.Ş.
[2507146] Could not find attributes for luke purnell (Weston-super-Mare AFC, 2014)
[2507146] Failed to build match row: Weston-super-Mare AFC vs Doncaster Rovers
[2335802] Could not find attributes for sergiy pogorilyi (SK Tavriya Simferopol ( - 2022), 2013)
[2335802] Failed to build match row: SK Tavriya Simferopol ( - 2022) vs Dnipro Dnipropetrovsk (-2020)

Keepers & outfield error for **Rangers Football Club** in Motherwell Football Club vs Rangers Football Club: Numbers: 2 and 9.
[3080216] Failed to build match row: Motherwell Football Club vs Rangers Football Club
[2626914] Could not find attributes for nikita medvedev (Zenit Izhevsk, 2015)
[2626914] Failed to build match row: Zenit Izhevsk vs FK Krasnodar
[3233012] Failed to scrape lineup: https://www.transfermarkt.co.uk/spielbericht/index/spielbericht/3233012
[2483450] Could not find attributes for lovre kalinic (HNK Hajduk Split, 2014)
[2611275] Could not find attributes for sergey politevich (Gençlerbirliği Spor Kulübü, 2015)
[2611275] Failed to build match row: Gençlerbirliği Spor Kulübü vs İstanbul Başakşehir Futbol Kulübü
[2894366] Could not find attributes for oleksandr svatok (FC Zorya Lugansk, 2017)
[2483450] Failed to build match row: HNK Hajduk Split vs Dnipro Dnipropetrovsk (-2020)
[2920489] Could not find attributes for tom arissen (ONS Sneek, 2017)
a
[2920489] Failed to build match row: ONS Sneek vs Football Club Twente
[2700908] Could not find attributes for bersant celina (Football Club Twente, 2016)
[3209825] Could not find attributes for markos vellidis (PAS Lamia 1964, 2019)
[2578243] Could not find attributes for brad smith (Liverpool Football Club, 2015)
[3209825] Failed to build match row: PAS Lamia 1964 vs Panetolikos Agrinio
[2700908] Failed to build match row: Alkmaar Zaanstreek vs Football Club Twente
[2578243] Failed to build match row: Swansea City vs Liverpool Football Club
[2731822] Could not find attributes for oleksiy shevchenko (FC Zorya Lugansk, 2016)
[2731822] Failed to build match row: FC Zorya Lugansk vs Futbolniy Klub Dynamo Kyiv
[2529658] Could not find attributes for callum booth (Partick Thistle FC, 2014)
[2529658] Failed to build match row: Partick Thistle FC vs Motherwell Football Club
[2755699] Could not find attributes for andreas beck (Beşiktaş Jimnastik Kulübü, 2016)
Not enough players found for lineup: 0, 0.
[2755699] Failed to build match row: Beşiktaş Jimnastik Kulübü vs Società Sportiva Calcio Napoli
[2586003] Failed to scrape lineup: https://www.transfermarkt.co.uk/spielbericht/index/spielbericht/2586003
[2351393] Could not find attributes for bojan saranov (Maccabi Haifa, 2013)
[2351393] Failed to build match row: Maccabi Haifa vs JFK Ventspils
[2494363] Could not find attributes for stratos valios (AEL Kalloni, 2014)
[2494363] Failed to build match row: AEL Kalloni vs AOK Kerkyra
ity FC, 2016)
[2798510] Failed to build match row: Elgin City FC vs Inverness Caledonian Thistle FC
[2698199] Could not find attributes for dieumerci mbokani (Hull City, 2016)
[2698199] Failed to build match row: West Ham United Football Club vs Hull City
[3223164] Could not find attributes for aminu umar (Çaykur Rizespor Kulübü, 2019)
[3223164] Failed to build match row: Çaykur Rizespor Kulübü vs Fenerbahçe Spor Kulübü
[2626915] Could not find attributes for giorgiy shelia (Enisey Krasnoyarsk, 2015)
[2626915] Failed to build match row: Enisey Krasnoyarsk vs Ural Yekaterinburg
[3233013] Could not find attributes for ernestas setkus (Hapoel Beer Sheva, 2019)
[3233013] Failed to build match row: IFK Norrköping vs Hapoel Beer Sheva
[2646297] Could not find attributes for conrad balatoni (Kilmarnock Football Club, 2015)
[2646297] Failed to build match row: Kilmarnock Football Club vs Ross County FC
[2866240] Could not find attributes for anthony miley (Bangor City, 2017)
[2866240] Failed to build match row: Bangor City vs Lyngby Boldklub
[2874423] Could not find attributes for henrik volquardsen (Rishöj Boldklub, 2017)
[2335804] Could not find attributes for oleg chuvaev (FK Sevastopol (- 2014), 2013)
[2335804] Failed to build match row: FK Sevastopol (- 2014) vs Vorskla Poltava
[2874423] Failed to build match row: Rishöj Boldklub vs Greve Fodbold
9)
[3260181] Failed to build match row: Hellerup IK vs Silkeborg Idrætsforening

Keepers & outfield error for **Chelsea Football Club** in Chelsea Football Club vs West Bromwich Albion: Numbers: 2 and 9.
[2698200] Failed to build match row: Chelsea Football Club vs West Bromwich Albion

Keepers & outfield error for **Association sportive de Monaco Football Club** in Association sportive de Monaco Football Club vs SM Caen: Numbers: 2 and 9.
[2894367] Could not find attributes for aleksandr gutor (Chornomorets Odesa, 2017)
[3047814] Failed to build match row: Association sportive de Monaco Football Club vs SM Caen
[2894367] Failed to build match row: Chornomorets Odesa vs FK Mariupol
[2731823] Could not find attributes for yevgen past (Zirka Kropyvnytskyi, 2016)
[2329311] Could not find attributes for johan sellberg wiland (Football Club København, 2013)
[2731823] Failed to build match row: Zirka Kropyvnytskyi vs Dnipro Dnipropetrovsk (-2020)
[2329311] Failed to build match row: Football Club København vs FC Vestsjaelland
[3209826] Could not find attributes for dmytro chygrynskyi (Athlitiki Enosi Konstantinoupoleos, 2019)
[3209826] Failed to build match row: Athlitiki Enosi Konstantinoupoleos vs Volou Neos Podosferikos Syllogos
Not enough players found for lineup: 0, 11.
[2494364] Could not find attributes for georgios kantimiris (Veria NPS, 2014)
[2586004] Failed to scrape lineup: https://www.transfermarkt.co.uk/spielbericht/index/spielbericht/2586004
[2494364] Failed to build match row: Veria NPS vs APO Levadiakos Football Club
[2483451] Could not find attributes for rashad sadyqov (Qarabağ FK, 2014)
[2483451] Failed to build match row: Football Club Twente vs Qarabağ FK
[2611276] Could not find attributes for hurriyet gucer (Gaziantepspor (- 2020), 2015)
[2611276] Failed to build match row: Fenerbahçe Spor Kulübü vs Gaziantepspor (- 2020)
[2385100] Could not find attributes for aleksander rajcevic (NK Maribor, 2013)
[2385100] Failed to build match row: Sevilla Fútbol Club S.A.D. vs NK Maribor
[2798755] Could not find attributes for ross stewart (Albion Rovers FC, 2016)
[2798755] Failed to build match row: Albion Rovers FC vs The Celtic Football Club
[2507147] Could not find attributes for derek asamoah (Carlisle United, 2014)
[2460611] Could not find attributes for giedrius arlauskis (SC Fotbal Club FCSB SA, 2014)
[2507147] Failed to build match row: Peterborough United vs Carlisle United
[2460611] Failed to build match row: Strømsgodset IF vs SC Fotbal Club FCSB SA

Keepers & outfield error for **Çaykur Rizespor Kulübü** in Çaykur Rizespor Kulübü vs İstanbul Başakşehir Futbol Kulübü: Numbers: 0 and 11.
[2351394] Could not find attributes for premysl kovar (FC Slovan Liberec, 2013)
[2755700] Could not find attributes for jeremy morel (Olympique Lyonnais, 2016)
[2351394] Failed to build match row: FC Slovan Liberec vs FC Zürich
[3069812] Failed to build match row: Çaykur Rizespor Kulübü vs İstanbul Başakşehir Futbol Kulübü
[2755700] Failed to build match row: Juventus Football Club vs Olympique Lyonnais
[2342399] Could not find attributes for cedric badjeck (Football Club Utrecht, 2013)
[2342399] Failed to build match row: Go Ahead Eagles vs Football Club Utrecht
[2529660] Could not find attributes for viktor genev (Saint Mirren Football Club, 2014)
[2529660] Failed to build match row: Saint Mirren Football Club vs Ross County FC
[2700909] Could not find attributes for rochdi achenteh (Go Ahead Eagles, 2016)
[2700909] Failed to build match row: Go Ahead Eagles vs Football Club Groningen
[3085531] Could not find attributes for kostadin zahov (Shkendija Tetovo, 2018)

Keepers & outfield error for **Göztepe Sportif Yatırımlar A.Ş.** in Göztepe Sportif Yatırımlar A.Ş. vs Kayserispor Kulübü: Numbers: 0 and 11.
[3085531] Failed to build match row: Fußballclub Red Bull Salzburg vs Shkendija Tetovo
[2883993] Failed to build match row: Göztepe Sportif Yatırımlar A.Ş. vs Kayserispor Kulübü
[2335805] Could not find attributes for oleksandr rybka (Futbolniy Klub Dynamo Kyiv, 2013)
[2335805] Failed to build match row: Futbolniy Klub Dynamo Kyiv vs Metalist Kharkiv (- 2016)
[2367218] Could not find attributes for eitan tibi (Maccabi Tel Aviv, 2013)
[2367218] Failed to build match row: Maccabi Tel Aviv vs APOEL Nicosia
[3209827] Could not find attributes for stelios malezas (AO Xanthi, 2019)
[3209827] Failed to build match row: AO Xanthi vs Aris Thessalonikis
[2698201] Could not find attributes for gareth mcauley (West Bromwich Albion, 2016)
[2698201] Failed to build match row: West Bromwich Albion vs Watford FC
[2494365] Could not find attributes for kevin olimpa (AO Platanias, 2014)
[2494365] Failed to build match row: AO Platanias vs AO Xanthi
[2507148] Could not find attributes for raffaele de vita (Cheltenham Town, 2014)
[2507148] Failed to build match row: Cheltenham Town vs Swindon Town
[2626916] Could not find attributes for artem struchkov (Lokomotiv Liski, 2015)
[2626916] Failed to build match row: Lokomotiv Liski vs FK Dinamo Moskva
[2894368] Could not find attributes for german penkov (PFK Stal Kamyanske (-2018), 2017)
[3233014] Could not find attributes for ernestas setkus (Hapoel Beer Sheva, 2019)
[2894368] Failed to build match row: FC Shakhtar Donetsk vs PFK Stal Kamyanske (-2018)
[3233014] Failed to build match row: Hapoel Beer Sheva vs IFK Norrköping

Keepers & outfield error for **Deportivo de La Coruña** in Real Madrid Club de Fútbol vs Deportivo de La Coruña: Numbers: 2 and 9.
[2958642] Could not find attributes for jakov filipovic (KSC Lokeren (- 2020), 2017)
[2483452] Could not find attributes for Toni Doblas (HJK Helsinki, 2014)

Keepers & outfield error for **Associazione Calcio Fiorentina** in Associazione Sportiva Roma vs Associazione Calcio Fiorentina: Numbers: 2 and 9.
[2718854] Failed to build match row: Real Madrid Club de Fútbol vs Deportivo de La Coruña
[2611277] Could not find attributes for berkan emir (Kayserispor Kulübü, 2015)
[2958642] Failed to build match row: KSC Lokeren (- 2020) vs Koninklijke Racing Club Genk
[2529661] Failed to build match row: Associazione Sportiva Roma vs Associazione Calcio Fiorentina
[2483452] Failed to build match row: Sportklub Rapid vs HJK Helsinki
[2611277] Failed to build match row: Beşiktaş Jimnastik Kulübü vs Kayserispor Kulübü
[3058517] Could not find attributes for oscar wendt (Mönchengladbach, 2018)
[3058517] Failed to build match row: Mönchengladbach vs Hannover 96
[3069813] Could not find attributes for mostapha el kabir (MKE Ankaragücü, 2018)

Keepers & outfield error for **The Celtic Football Club** in Aberdeen Football Club vs The Celtic Football Club: Numbers: 2 and 9.
[3141185] Could not find attributes for mounir el hamdaoui (Excelsior Rotterdam, 2018)
[3069813] Failed to build match row: Konyaspor vs MKE Ankaragücü
[2646299] Failed to build match row: Aberdeen Football Club vs The Celtic Football Club
[2460612] Could not find attributes for orges shehi (KF Skënderbeu, 2014)
[3141185] Failed to build match row: Excelsior Rotterdam vs Willem II Tilburg
[3106416] Could not find attributes for casper radza (Middelfart Boldklub, 2018)
[2731824] Could not find attributes for danylo kanevtsev (Chornomorets Odesa, 2016)
[3106416] Failed to build match row: Middelfart Boldklub vs AC Horsens
[3085532] Could not find attributes for kostadin zahov (Shkendija Tetovo, 2018)
[2460612] Failed to build match row: KF Skënderbeu vs BATE Borisov
[2731824] Failed to build match row: Chornomorets Odesa vs Karpaty Lviv (-2021)
[3085532] Failed to build match row: Shkendija Tetovo vs Fußballclub Red Bull Salzburg
[2578246] Could not find attributes for dieumerci mbokani (Norwich City, 2015)

Keepers & outfield error for **Saint Mirren Football Club** in Saint Mirren Football Club vs The Celtic Football Club: Numbers: 2 and 9.
[2578246] Failed to build match row: Norwich City vs Watford FC
[3400491] Failed to build match row: Saint Mirren Football Club vs The Celtic Football Club

Keepers & outfield error for **Beşiktaş Jimnastik Kulübü** in Beşiktaş Jimnastik Kulübü vs Kasımpaşa A.Ş.: Numbers: 2 and 9.
[3223165] Could not find attributes for taylan antalyali (Galatasaray Spor Kulübü, 2019)
[3223165] Failed to build match row: Galatasaray Spor Kulübü vs Antalyaspor
[2883994] Failed to build match row: Beşiktaş Jimnastik Kulübü vs Kasımpaşa A.Ş.
[2626917] Could not find attributes for aslan dashaev (Spartak Nalchik, 2015)
[3209828] Could not find attributes for christos mandas (APS Atromitos Athinon, 2019)
[3209828] Failed to build match row: APS Atromitos Athinon vs Panathinaikos Athlitikos Omilos
[2626917] Failed to build match row: Spartak Nalchik vs Amkar Perm
[2351395] Could not find attributes for premysl kovar (FC Slovan Liberec, 2013)
[2722818] Could not find attributes for tomas sivok (Bursaspor, 2016)
[2335806] Could not find attributes for mykyta shevchenko (FC Zorya Lugansk, 2013)
[2351395] Failed to build match row: FC Zürich vs FC Slovan Liberec
[2385101] Could not find attributes for marian cisovsky (FC Viktoria Plzeň, a.s., 2013)
[2722818] Failed to build match row: Konyaspor vs Bursaspor
[2335806] Failed to build match row: FC Zorya Lugansk vs FK Mariupol
[2385101] Failed to build match row: FC Shakhtar Donetsk vs FC Viktoria Plzeň, a.s.
[2367219] Could not find attributes for maksym koval (Futbolniy Klub Dynamo Kyiv, 2013)
Not enough players found for lineup: 0, 11.
[2367219] Failed to build match row: Futbolniy Klub Dynamo Kyiv vs Koninklijke Racing Club Genk
[2586005] Failed to scrape lineup: https://www.transfermarkt.co.uk/spielbericht/index/spielbericht/2586005
[2894369] Could not find attributes for roman pidkivka (Karpaty Lviv (-2021), 2017)
[2894369] Failed to build match row: Karpaty Lviv (-2021) vs Futbolniy Klub Dynamo Kyiv

Keepers & outfield error for **Società Sportiva Calcio Napoli** in Società Sportiva Calcio Napoli vs Football Club Internazionale Milano S.p.A.: Numbers: 2 and 9.
[2529662] Failed to build match row: Società Sportiva Calcio Napoli vs Football Club Internazionale Milano S.p.A.
[2646300] Could not find attributes for conrad balatoni (Kilmarnock Football Club, 2015)

Keepers & outfield error for **Olympique de Marseille** in Olympique de Marseille vs Toulouse Football Club: Numbers: 2 and 9.
[2646300] Failed to build match row: Aberdeen Football Club vs Kilmarnock Football Club
[3058518] Could not find attributes for havard nordtveit (Turn- und Sportgemeinschaft 1899 Hoffenheim Fußball-Spielbetriebs, 2018)
[2901144] Failed to build match row: Olympique de Marseille vs Toulouse Football Club
[3058518] Failed to build match row: Hertha BSC vs Turn- und Sportgemeinschaft 1899 Hoffenheim Fußball-Spielbetriebs

Keepers & outfield error for **Nottingham Forest Football Club** in Chelsea Football Club vs Nottingham Forest Football Club: Numbers: 0 and 11.
[2460613] Failed to build match row: FK Aktobe vs Dinamo Tbilisi
[3300786] Failed to build match row: Chelsea Football Club vs Nottingham Forest Football Club
[2483453] Could not find attributes for stefan burghiu (FC Zimbru Chisinau, 2014)
[2866241] Could not find attributes for gergely nagy (Vasas FC, 2017)
[2731825] Could not find attributes for zauri makharadze (Olimpik Donetsk, 2016)
[2483453] Failed to build match row: Panthessalonikios Athlitikos Omilos Konstantinoupoliton vs FC Zimbru Chisinau
[2731825] Failed to build match row: Olimpik Donetsk vs PFK Stal Kamyanske (-2018)
[2507149] Could not find attributes for callum mcnaughton (Bromley FC, 2014)
[2473647] Could not find attributes for tom almadon (Hapoel Tel Aviv, 2014)
[2507149] Failed to build match row: Bromley FC vs Dartford FC
[2473647] Failed to build match row: Hapoel Tel Aviv vs FC Astana
[3069814] Could not find attributes for merih demiral (Alanyaspor, 2018)
[2329313] Could not find attributes for johan sellberg wiland (Football Club København, 2013)
[2329313] Failed to build match row: Brøndby Idrætsforening vs Football Club København
[3069814] Failed to build match row: Fenerbahçe Spor Kulübü vs Alanyaspor
[2494366] Could not find attributes for theofanis tzandaris (Panthessalonikios Athlitikos Omilos Konstantinoupoliton, 2014)
[2494366] Failed to build match row: Panthessalonikios Athlitikos Omilos Konstantinoupoliton vs APS Atromitos Athinon
[3085706] Could not find attributes for evgeniy malofeev (Luki-Energia Velikie Luki, 2018)
[3085706] Failed to build match row: Luki-Energia Velikie Luki vs Zvezda St. Petersburg
[3141186] Could not find attributes for adam maher (Alkmaar Zaanstreek, 2018)
[3141186] Failed to build match row: Feyenoord Rotterdam vs Alkmaar Zaanstreek
[2798756] Could not find attributes for gary harkins (Ayr United FC, 2016)
[2798756] Failed to build match row: Ayr United FC vs Queen's Park FC
[3223166] Could not find attributes for atiba hutchinson (Beşiktaş Jimnastik Kulübü, 2019)
[3223166] Failed to build match row: Beşiktaş Jimnastik Kulübü vs Sivasspor
[2646301] Could not find attributes for arnaud djoum (Heart of Midlothian Football Club, 2015)
[2646301] Failed to build match row: Dundee Football Club vs Heart of Midlothian Football Club
[2578247] Could not find attributes for vito mannone (Sunderland Association Football Club, 2015)
[2578247] Failed to build match row: Sunderland Association Football Club vs Aston Villa Football Club
[2883995] Could not find attributes for volkan demirel (Fenerbahçe Spor Kulübü, 2017)
[2883995] Failed to build match row: Trabzonspor Kulübü vs Fenerbahçe Spor Kulübü
[2335807] Could not find attributes for oleksandr nad (Goverla Uzhgorod (- 2016), 2013)
[2335807] Failed to build match row: Goverla Uzhgorod (- 2016) vs Metalurg Donetsk (- 2015)
[2755703] Could not find attributes for georgiy shchennikov (PFK CSKA Moskva, 2016)
[2755703] Failed to build match row: Association sportive de Monaco Football Club vs PFK CSKA Moskva
[3141187] Failed to scrape lineup: https://www.transfermarkt.co.uk/vitesse-arnhem_pec-zwolle/index/spielbericht/3141187
[3400493] Failed to scrape lineup: https://www.transfermarkt.co.uk/dundee-united-fc_st-mirren-fc/index/spielbericht/3400493
[3223167] Failed to scrape lineup: https://www.transfermarkt.co.uk/gaziantep-fk_fenerbahce/index/spielbericht/3223167
[3233023] Could not find attributes for jan seda (FK Mladá Boleslav, a.s., 2019)
[3233023] Failed to build match row: SC Fotbal Club FCSB SA vs FK Mladá Boleslav, a.s.
[3209829] Could not find attributes for anestis nastos (Omilos Filathlon Irakliou FC, 2019)
[3209829] Failed to build match row: Olympiakos Syndesmos Filathlon Peiraios vs Omilos Filathlon Irakliou FC
[2894370] Could not find attributes for yevgen past (Zirka Kropyvnytskyi, 2017)
[2894370] Failed to build match row: Zirka Kropyvnytskyi vs Vorskla Poltava
[3047816] Could not find attributes for gerzino nyamsi (Rennes, 2018)

Keepers & outfield error for **Chelsea Football Club** in Chelsea Football Club vs West Bromwich Albion: Numbers: 2 and 9.
[2483454] Could not find attributes for jonas acquistapace (Omonia Nicosia, 2014)
[3047816] Failed to build match row: Rennes vs Olympique Lyonnais
[2332067] Failed to build match row: Chelsea Football Club vs West Bromwich Albion
[2342402] Could not find attributes for prince gouano (RKC Waalwijk, 2013)
[2483454] Failed to build match row: FK Dinamo Moskva vs Omonia Nicosia
[2342402] Failed to build match row: RKC Waalwijk vs SC Cambuur Leeuwarden
[3069815] Could not find attributes for mostapha el kabir (MKE Ankaragücü, 2018)
[2494368] Could not find attributes for michalis zaropoulos (AO Xanthi, 2014)
[3069815] Failed to build match row: MKE Ankaragücü vs Beşiktaş Jimnastik Kulübü
[2494368] Failed to build match row: AO Xanthi vs Niki Volou
[2731826] Could not find attributes for andriy lunin (Dnipro Dnipropetrovsk (-2020), 2016)
[2731826] Failed to build match row: Dnipro Dnipropetrovsk (-2020) vs Chornomorets Odesa
[3260182] Could not find attributes for mirsad suljic (Thisted FC, 2019)
[3260182] Failed to build match row: Thisted FC vs AC Horsens

Keepers & outfield error for **Göztepe Sportif Yatırımlar A.Ş.** in Trabzonspor Kulübü vs Göztepe Sportif Yatırımlar A.Ş.: Numbers: 0 and 11.
[2883996] Failed to build match row: Trabzonspor Kulübü vs Göztepe Sportif Yatırımlar A.Ş.
[2335808] Could not find attributes for roman pidkivka (Karpaty Lviv (-2021), 2013)
imes-olympique/index/spielbericht/3047817
[2332068] Failed to scrape lineup: https://www.transfermarkt.co.uk/crystal-palace_everton-fc/index/spielbericht/2332068
[2335808] Failed to build match row: Karpaty Lviv (-2021) vs Futbolniy Klub Dynamo Kyiv
[3223168] Could not find attributes for ponck (İstanbul Başakşehir Futbol Kulübü, 2019)
[3223168] Failed to build match row: İstanbul Başakşehir Futbol Kulübü vs Yeni Malatyaspor
[2866242] Could not find attributes for canario (UE Sant Julia, 2017)
[2866242] Failed to build match row: UE Sant Julia vs KF Skënderbeu
[3069816] Could not find attributes for jose sosa (Trabzonspor Kulübü, 2018)
[3069816] Failed to build match row: Trabzonspor Kulübü vs Fenerbahçe Spor Kulübü
[2755704] Could not find attributes for dominik livakovic (GNK Dinamo Zagreb, 2016)
[2755704] Failed to build match row: Sevilla Fútbol Club S.A.D. vs GNK Dinamo Zagreb
[2351396] Could not find attributes for argent halilaj (FK Kukësi, 2013)
[2351396] Failed to build match row: FK Kukësi vs Metalurg Donetsk (- 2015)
[2586006] Could not find attributes for volodymyr melnychenko (Bukovyna Chernivtsi, 2015)
[2586006] Failed to build match row: Bukovyna Chernivtsi vs MFK Mykolaiv
[3069817] Failed to scrape lineup: https://www.transfermarkt.co.uk/alanyaspor_kayserispor/index/spielbericht/3069817
[3209830] Could not find attributes for miroslav stoch (Panthessalonikios Athlitikos Omilos Konstantinoupoliton, 2019)
[3209830] Failed to build match row: Panthessalonikios Athlitikos Omilos Konstantinoupoliton vs PAS Lamia 1964
[3141188] Could not find attributes for josimar lima (VVV-Venlo, 2018)
[3141188] Failed to build match row: VVV-Venlo vs De Graafschap Doetinchem
[2494369] Could not find attributes for ernestas setkus (AOK Kerkyra, 2014)
[2798757] Could not find attributes for tom hateley (Dundee Football Club, 2016)

Keepers & outfield error for **FC Roskilde** in FC Roskilde vs Nyköbing FC: Numbers: 0 and 11.
[2483455] Could not find attributes for syam ben youssef (Astra Giurgiu (- 2024), 2014)
[2874424] Failed to build match row: FC Roskilde vs Nyköbing FC
[2798757] Failed to build match row: Dundee Football Club vs Saint Mirren Football Club
[2494369] Failed to build match row: AOK Kerkyra vs AO Platanias
[2483455] Failed to build match row: Astra Giurgiu (- 2024) vs Olympique Lyonnais
[2698204] Could not find attributes for gareth mcauley (West Bromwich Albion, 2016)
[2698204] Failed to build match row: Arsenal Football Club vs West Bromwich Albion
[2718856] Could not find attributes for juanpi (Málaga CF, 2016)
[2894712] Could not find attributes for ermanno fumagalli (Piacenza Calcio 1919, 2017)
[2894712] Failed to build match row: Piacenza Calcio 1919 vs US Massese 1919
[2460614] Could not find attributes for jasmin handanovic (NK Maribor, 2014)
[2718856] Failed to build match row: Málaga CF vs Granada CF
[2530282] Could not find attributes for conor grant (Motherwell Football Club, 2014)
[2530282] Failed to build match row: Motherwell Football Club vs Dundee Football Club
[2473648] Could not find attributes for stephen lowry (Linfield FC, 2014)
[2460614] Failed to build match row: NK Maribor vs HSK Zrinjski Mostar
[2731827] Could not find attributes for bogdan shust (Vorskla Poltava, 2016)
[2473648] Failed to build match row: Allmänna Idrottsklubben vs Linfield FC
[2578249] Could not find attributes for brad smith (Liverpool Football Club, 2015)
[2901146] Failed to scrape lineup: https://www.transfermarkt.co.uk/montpellier-hsc_paris-saint-germain/index/spielbericht/2901146
[2731827] Failed to build match row: Vorskla Poltava vs FC Zorya Lugansk
[3223169] Could not find attributes for mattias bjarsmyr (Gençlerbirliği Spor Kulübü, 2019)
[3085707] Could not find attributes for maksim staroverov (Dnepr Smolensk, 2018)
[3209831] Failed to scrape lineup: https://www.transfermarkt.co.uk/panetolikos-gfs_ae-larisa/index/spielbericht/3209831
[2578249] Failed to build match row: Association Football Club Bournemouth vs Liverpool Football Club
[3085707] Failed to build match row: Dnepr Smolensk vs FC Kaluga
[3223169] Failed to build match row: Çaykur Rizespor Kulübü vs Gençlerbirliği Spor Kulübü
[3080221] Could not find attributes for steven lawless (Livingston Football Club, 2018)
[3080221] Failed to build match row: Livingston Football Club vs Hibernian Football Club
[3047818] Could not find attributes for youssouf fofana (Racing Club de Strasbourg Alsace, 2018)
[3047818] Failed to build match row: Racing Club de Strasbourg Alsace vs Stade Reims
[2507151] Failed to scrape lineup: https://www.transfermarkt.co.uk/spielbericht/index/spielbericht/2507151
[3216081] Could not find attributes for miquel nelom (Willem II Tilburg, 2019)
[3216081] Failed to build match row: Heracles Almelo vs Willem II Tilburg
[2755705] Could not find attributes for miroslav radovic (Legia Warszawa Spółka Akcyjna, 2016)
[2755705] Failed to build match row: Legia Warszawa Spółka Akcyjna vs Real Madrid Club de Fútbol
[2700912] Could not find attributes for alexander buttner (Vitesse Arnhem, 2016)
[2700912] Failed to build match row: Vitesse Arnhem vs Feyenoord Rotterdam
Not enough players found for lineup: 0, 0.
[2874425] Failed to scrape lineup: https://www.transfermarkt.co.uk/spielbericht/index/spielbericht/2874425
[3069818] Could not find attributes for david braz (Sivasspor, 2018)
[3069818] Failed to build match row: Sivasspor vs Çaykur Rizespor Kulübü
[2385104] Failed to scrape lineup: https://www.transfermarkt.co.uk/spielbericht/index/spielbericht/2385104
[2866243] Could not find attributes for anton ari einarsson (Valur Reykjavík, 2017)
[2866243] Failed to build match row: Valur Reykjavík vs JFK Ventspils
[2586007] Could not find attributes for dmytro kozachenko (Energiya Nova Kakhovka, 2015)
[2586007] Failed to build match row: Energiya Nova Kakhovka vs Girnyk Kryvyi Rig
[2494370] Could not find attributes for luigi cennamo (APS Atromitos Athinon, 2014)
[2494370] Failed to build match row: APS Atromitos Athinon vs GS Ergotelis
[2731828] Could not find attributes for andriy novak (FC Oleksandriya, 2016)
[2731828] Failed to build match row: FC Oleksandriya vs Chornomorets Odesa
[3216082] Could not find attributes for george cox (Fortuna Sittardia Combinatie, 2019)
[3216082] Failed to build match row: Fortuna Sittardia Combinatie vs Football Club Twente

Keepers & outfield error for **Kardemir Karabükspor** in Kardemir Karabükspor vs Alanyaspor: Numbers: 2 and 9.
[2883998] Failed to build match row: Kardemir Karabükspor vs Alanyaspor
[2351397] Could not find attributes for yuriy pankiv (Metalurg Donetsk (- 2015), 2013)
[2351397] Failed to build match row: Metalurg Donetsk (- 2015) vs FK Kukësi
[2478923] Could not find attributes for andrea masiello (Atalanta Bergamasca Calcio S.p.a., 2014)
[2478923] Failed to build match row: Atalanta Bergamasca Calcio S.p.a. vs Società Sportiva Lazio S.p.A.
[2626918] Could not find attributes for eduard baychora (FC Tosno (-2018), 2015)
[2626918] Failed to build match row: FC Tosno (-2018) vs FK Rostov
[3047819] Could not find attributes for kalidou sidibe (Toulouse Football Club, 2018)
[3047819] Failed to build match row: Toulouse Football Club vs Paris Saint-Germain Football Club
[2367221] Could not find attributes for premysl kovar (FC Slovan Liberec, 2013)
[2367221] Failed to build match row: Sport-Club Freiburg vs FC Slovan Liberec
[2494371] Failed to scrape lineup: https://www.transfermarkt.co.uk/apo-levadiakos_panionios-athens/index/spielbericht/2494371
[2698205] Could not find attributes for gareth mcauley (West Bromwich Albion, 2016)
[2698205] Failed to build match row: West Bromwich Albion vs Swansea City
[2335809] Could not find attributes for yuriy pankiv (Metalurg Donetsk (- 2015), 2013)
[2335809] Failed to build match row: Metalurg Donetsk (- 2015) vs FK Sevastopol (- 2014)
[2530283] Could not find attributes for callum booth (Partick Thistle FC, 2014)
[2530283] Failed to build match row: Partick Thistle FC vs Ross County FC
[3209832] Could not find attributes for matic kotnik (Panionios Athens, 2019)
[3209832] Failed to build match row: Panionios Athens vs A.G.S Asteras Tripolis
Not enough players found for lineup: 0, 11.
[2874427] Could not find attributes for frans putros (Fodbold Club Fredericia, 2017)
[2586008] Failed to scrape lineup: https://www.transfermarkt.co.uk/spielbericht/index/spielbericht/2586008
[2874427] Failed to build match row: Fodbold Club Fredericia vs Esbjerg fB
[3069819] Could not find attributes for siphiwe tshabalala (Erzurumspor FK, 2018)
[3069819] Failed to build match row: Erzurumspor FK vs Antalyaspor
[2342405] Could not find attributes for stipe perica (Nooit Opgeven Altijd Doorzetten Aangenaam Door Vermaak En Nuttig Door Ontspanning Combinatie Breda, 2013)
[2342405] Failed to build match row: Vitesse Arnhem vs Nooit Opgeven Altijd Doorzetten Aangenaam Door Vermaak En Nuttig Door Ontspanning Combinatie Breda

Keepers & outfield error for **Rangers Football Club** in The Celtic Football Club vs Rangers Football Club: Numbers: 2 and 9.
[3080222] Failed to build match row: The Celtic Football Club vs Rangers Football Club
[2920490] Could not find attributes for ewald koster (VV Staphorst, 2017)
[2920490] Failed to build match row: VV Staphorst vs Koninklijke HFC Haarlem
[2731829] Could not find attributes for yevgen borovyk (Karpaty Lviv (-2021), 2016)
[3141189] Failed to scrape lineup: https://www.transfermarkt.co.uk/nac-breda_pec-zwolle/index/spielbericht/3141189
[2731829] Failed to build match row: Karpaty Lviv (-2021) vs FC Oleksandriya
[3106417] Could not find attributes for nicklas ullum (Aarhus Fremad, 2018)
[3106417] Failed to build match row: Aarhus Fremad vs Aarhus Gymnastik Forening
[3233024] Failed to scrape lineup: https://www.transfermarkt.co.uk/spielbericht/index/spielbericht/3233024
[3223170] Could not find attributes for dogucan haspolat (Kasımpaşa A.Ş., 2019)
[2798891] Failed to scrape lineup: https://www.transfermarkt.co.uk/spielbericht/index/spielbericht/2798891
[3223170] Failed to build match row: Trabzonspor Kulübü vs Kasımpaşa A.Ş.
[2626919] Could not find attributes for igor chernyshov (FC Khimki (-2025), 2015)
[2626919] Failed to build match row: FC Khimki (-2025) vs Mordovia Saransk (-2020)
[3260183] Could not find attributes for andreas kaltoft (Vendsyssel FF, 2019)
[2894713] Failed to scrape lineup: https://www.transfermarkt.co.uk/spielbericht/index/spielbericht/2894713
[3260183] Failed to build match row: Vendsyssel FF vs Fodbold Club Nordsjælland
[2883999] Could not find attributes for sergiy rybalka (Sivasspor, 2017)
[2883999] Failed to build match row: Sivasspor vs Galatasaray Spor Kulübü
[2604186] Could not find attributes for arlind ajeti (Frosinone Calcio, 2015)
[2483456] Failed to scrape lineup: https://www.transfermarkt.co.uk/spielbericht/index/spielbericht/2483456
[2604186] Failed to build match row: Associazione Sportiva Roma vs Frosinone Calcio
[2611278] Could not find attributes for kubilay kanatsizkus (Bursaspor, 2015)
[2611278] Failed to build match row: Bursaspor vs Galatasaray Spor Kulübü
[2530777] Could not find attributes for jack grimmer (Fulham Football Club, 2014)
[2530777] Failed to build match row: Fulham Football Club vs Sunderland Association Football Club
[2335810] Could not find attributes for roman pidkivka (Karpaty Lviv (-2021), 2013)
[2335810] Failed to build match row: Karpaty Lviv (-2021) vs Metalurg Zaporizhya (-2016)
[2473649] Failed to scrape lineup: https://www.transfermarkt.co.uk/spielbericht/index/spielbericht/2473649
richt/3400495
[3085708] Failed to scrape lineup: https://www.transfermarkt.co.uk/spielbericht/index/spielbericht/3085708
[2351398] Could not find attributes for miro varvodic (Qarabağ FK, 2013)
[2351398] Failed to build match row: Qarabağ FK vs Gefle IF

Keepers & outfield error for **Associazione Calcio Milan** in Società Sportiva Calcio Napoli vs Associazione Calcio Milan: Numbers: 2 and 9.
[2478924] Failed to build match row: Società Sportiva Calcio Napoli vs Associazione Calcio Milan
[2494372] Could not find attributes for dele adeleye (Omilos Filathlon Irakliou FC, 2014)
[2494372] Failed to build match row: Omilos Filathlon Irakliou FC vs A.G.S Asteras Tripolis
[2866244] Could not find attributes for salahat agayev (FK Inter Baku, 2017)
[2866244] Failed to build match row: FK Inter Baku vs Fudbalski Klub Mladost Lučani
[2385105] Failed to scrape lineup: https://www.transfermarkt.co.uk/spielbericht/index/spielbericht/2385105
[3069820] Could not find attributes for iasmin latovlevici (Bursaspor, 2018)
[2460615] Could not find attributes for igor cukovic (FK Sutjeska Niksic, 2014)
[3069820] Failed to build match row: Akhisarspor vs Bursaspor
[2460615] Failed to build match row: FK Sutjeska Niksic vs FC Sheriff Tiraspol
[3209835] Could not find attributes for zeca (Football Club København, 2019)
[3209835] Failed to build match row: Football Club København vs Aarhus Gymnastik Forening

Keepers & outfield error for **AFC Ajax Amsterdam** in AFC Ajax Amsterdam vs Go Ahead Eagles: Numbers: 2 and 9.
[2700914] Failed to build match row: AFC Ajax Amsterdam vs Go Ahead Eagles
[2586009] Could not find attributes for yaroslav shvets (Myr Gornostaivka, 2015)
[2586009] Failed to build match row: Myr Gornostaivka vs Barsa Sumy
[3201333] Could not find attributes for aaron taylor sinclair (Livingston Football Club, 2019)
[3201333] Failed to build match row: Heart of Midlothian Football Club vs Livingston Football Club

Keepers & outfield error for **FC Shakhtar Donetsk** in FC Shakhtar Donetsk vs Olimpik Donetsk: Numbers: 2 and 9.
[2627294] Could not find attributes for theodoros berios (PAS Giannina, 2015)
[2627294] Failed to build match row: PAS Giannina vs Iraklis Thessaloniki

[3058522] Failed to scrape lineup: https://www.transfermarkt.co.uk/vfl-wolfsburg_rb-leipzig/index/spielbericht/3058522
[2329317] Could not find attributes for patrick banggaard (Fodbold Club Midtjylland, 2013)
[2329317] Failed to build match row: Aalborg BK vs Fodbold Club Midtjylland
[2478925] Could not find attributes for mato jajalo (Palermo FC, 2014)
[2478925] Failed to build match row: Unione Sportiva Sassuolo Calcio vs Palermo FC
[3233025] Could not find attributes for joel mall (Apollon Limassol, 2019)

Keepers & outfield error for **Real Betis Balompié S.A.D.** in Real Betis Balompié S.A.D. vs Olympique Lyonnais: Numbers: 2 and 9.
[2611279] Could not find attributes for ricardo vaz te (Akhisarspor, 2015)
[2367223] Failed to build match row: Real Betis Balompié S.A.D. vs Olympique Lyonnais
[2611279] Failed to build match row: Sivasspor vs Akhisarspor
[3233025] Failed to build match row: Fußballklub Austria Wien vs Apollon Limassol
[2901148] Failed to scrape lineup: https://www.transfermarkt.com/spielbericht/index/spielbericht/2901148

Keepers & outfield error for **Alaves** in Alaves vs Real Betis Balompié S.A.D.: Numbers: 2 and 9.
[2894714] Could not find attributes for andrea gasbarro (US Livorno 1915, 2017)
[2718859] Failed to build match row: Alaves vs Real Betis Balompié S.A.D.
[2894714] Failed to build match row: US Livorno 1915 vs Feralpisalò
[2578251] Failed to scrape lineup: https://www.transfermarkt.co.uk/west-ham-united_swansea-city/index/spielbericht/2578251
[2722819] Could not find attributes for davide petrucci (Çaykur Rizespor Kulübü, 2016)
[2874429] Failed to scrape lineup: https://www.transfermarkt.co.uk/spielbericht/index/spielbericht/2874429
[2722819] Failed to build match row: Çaykur Rizespor Kulübü vs Trabzonspor Kulübü
[3216084] Failed to scrape lineup: https://www.transfermarkt.co.uk/sparta-rotterdam_rkc-waalwijk/index/spielbericht/3216084
[2335811] Could not find attributes for krsevan santini (FC Zorya Lugansk, 2013)
[2335811] Failed to build match row: FC Zorya Lugansk vs Metalurg Donetsk (- 2015)
[2342407] Could not find attributes for bilal basacikoglu (Sportclub Heerenveen, 2013)
[3141190] Failed to scrape lineup: https://www.transfermarkt.co.uk/fc-utrecht_sc-heerenveen/index/spielbericht/3141190
[2342407] Failed to build match row: Sportclub Heerenveen vs Feyenoord Rotterdam
[3047821] Could not find attributes for gerzino nyamsi (Rennes, 2018)
[2920491] Could not find attributes for robert verschraagen (ASV De Dijk, 2017)
[2755708] Could not find attributes for georgiy shchennikov (PFK CSKA Moskva, 2016)

Keepers & outfield error for **Olympiakos Syndesmos Filathlon Peiraios** in Olympiakos Syndesmos Filathlon Peiraios vs Panathinaikos Athlitikos Omilos: Numbers: 0 and 11.
[2755708] Failed to build match row: PFK CSKA Moskva vs Bayer 04 Leverkusen Fußball
[3085709] Could not find attributes for sergey pravkin (FC Ryazan, 2018)
[2920491] Failed to build match row: ASV De Dijk vs HHC Hardenberg
[2494373] Failed to build match row: Olympiakos Syndesmos Filathlon Peiraios vs Panathinaikos Athlitikos Omilos
Not enough players found for lineup: 11, 0.
[2460616] Could not find attributes for vitalijs barinovs (JFK Ventspils, 2014)
[3085709] Failed to build match row: FC Ryazan vs Torpedo Moscow
[2866245] Failed to scrape lineup: https://www.transfermarkt.co.uk/spielbericht/index/spielbericht/2866245
[2460616] Failed to build match row: JFK Ventspils vs Malmö Fotbollförening
[2351399] Could not find attributes for miro varvodic (Qarabağ FK, 2013)
[2731831] Could not find attributes for oleksiy shevchenko (FC Zorya Lugansk, 2016)
[2351399] Failed to build match row: Gefle IF vs Qarabağ FK
[2731831] Failed to build match row: FC Zorya Lugansk vs FC Shakhtar Donetsk
Not enough players found for lineup: 0, 0.
[2627295] Failed to scrape lineup: https://www.transfermarkt.co.uk/spielbericht/index/spielbericht/2627295
[2884000] Failed to scrape lineup: https://www.transfermarkt.co.uk/kasimpasa_akhisarspor/index/spielbericht/2884000
[2722820] Could not find attributes for adrien regattin (Ankaraspor, 2016)
[2722820] Failed to build match row: Ankaraspor vs Gaziantepspor (- 2020)
[3260672] Failed to scrape lineup: https://www.transfermarkt.co.uk/spielbericht/index/spielbericht/3260672
[2698207] Could not find attributes for mathieu flamini (Crystal Palace Football Club, 2016)
[2698207] Failed to build match row: Crystal Palace Football Club vs Manchester United Football Club
[3058523] Could not find attributes for steven zuber (Turn- und Sportgemeinschaft 1899 Hoffenheim Fußball-Spielbetriebs, 2018)
[3223171] Could not find attributes for zoran kvrzic (Kayserispor Kulübü, 2019)
[3058523] Failed to build match row: Turn- und Sportgemeinschaft 1899 Hoffenheim Fußball-Spielbetriebs vs FC Schalke 04
[3223171] Failed to build match row: Alanyaspor vs Kayserispor Kulübü
Not enough players found for lineup: 0, 11.
[2586010] Failed to scrape lineup: https://www.transfermarkt.co.uk/spielbericht/index/spielbericht/2586010
[2530780] Could not find attributes for eidur gudjohnsen (Bolton Wanderers, 2014)
[2755709] Failed to scrape lineup: https://www.transfermarkt.co.uk/spielbericht/index/spielbericht/2755709
[3047822] Failed to scrape lineup: https://www.transfermarkt.co.uk/fc-girondins-bordeaux_olympique-marseille/index/spielbericht/3047822
[2530780] Failed to build match row: Bolton Wanderers vs Liverpool Football Club
[3201334] Could not find attributes for callum booth (St. Johnstone FC, 2019)
[3201334] Failed to build match row: Kilmarnock Football Club vs St. Johnstone FC
[2507153] Failed to scrape lineup: https://www.transfermarkt.co.uk/spielbericht/index/spielbericht/2507153
[3400496] Failed to scrape lineup: https://www.transfermarkt.co.uk/ross-county-fc_motherwell-fc/index/spielbericht/3400496
[2578252] Could not find attributes for erik pieters (Stoke City, 2015)
[2578252] Failed to build match row: Stoke City vs West Ham United Football Club
[2473658] Could not find attributes for borivoje ristic (Fudbalski klub Čukarički Beograd, 2014)
[2473658] Failed to build match row: SV Grödig vs Fudbalski klub Čukarički Beograd
[3069821] Could not find attributes for trezeguet (Kasımpaşa A.Ş., 2018)
[2385106] Failed to scrape lineup: https://www.transfermarkt.co.uk/spielbericht/index/spielbericht/2385106
[3069821] Failed to build match row: Kasımpaşa A.Ş. vs Yeni Malatyaspor
[3080224] Could not find attributes for steven lawless (Livingston Football Club, 2018)
[3080224] Failed to build match row: Livingston Football Club vs Hamilton Academical FC
[2866246] Could not find attributes for damjan siskovski (Rabotnicki Skopje, 2017)
[2866246] Failed to build match row: Rabotnicki Skopje vs SP Tre Penne
Not enough players found for lineup: 0, 0.
[3261319] Failed to scrape lineup: https://www.transfermarkt.co.uk/spielbericht/index/spielbericht/3261319
[3141191] Could not find attributes for ben rienstra (Sportclub Heerenveen, 2018)
[3141191] Failed to build match row: Heracles Almelo vs Sportclub Heerenveen
[2731832] Could not find attributes for zauri makharadze (Olimpik Donetsk, 2016)
[2731832] Failed to build match row: Olimpik Donetsk vs Vorskla Poltava
[3047823] Could not find attributes for pedro rebocho (EA Guingamp, 2018)
[3047823] Failed to build match row: EA Guingamp vs Association sportive de Monaco Football Club
[3106418] Could not find attributes for andreas raahauge (Fodbold Club Fredericia, 2018)
[3106418] Failed to build match row: Fodbold Club Fredericia vs Sønderjyske Fodbold
[2494374] Could not find attributes for theofanis tzandaris (Panthessalonikios Athlitikos Omilos Konstantinoupoliton, 2014)
[2722821] Could not find attributes for paul papp (Kardemir Karabükspor, 2016)
[2494374] Failed to build match row: Panthessalonikios Athlitikos Omilos Konstantinoupoliton vs Veria NPS
[2722821] Failed to build match row: Kardemir Karabükspor vs Fenerbahçe Spor Kulübü
[3233026] Could not find attributes for joel mall (Apollon Limassol, 2019)
[3233026] Failed to build match row: Apollon Limassol vs Fußballklub Austria Wien
[3300790] Could not find attributes for neill byrne (AFC Fylde, 2019)
[3300790] Failed to build match row: Sheffield United vs AFC Fylde
[2530788] Failed to scrape lineup: https://www.transfermarkt.co.uk/spielbericht/index/spielbericht/2530788
[2385107] Failed to scrape lineup: https://www.transfermarkt.co.uk/spielbericht/index/spielbericht/2385107
[2586011] Could not find attributes for vitaliy onopko (Kremin Kremenchuk, 2015)
[2351400] Could not find attributes for dejan bandovic (FK Sarajevo, 2013)
[2351400] Failed to build match row: FK Sarajevo vs FK Kukësi
[2586011] Failed to build match row: Kremin Kremenchuk vs Cherkaskyi Dnipro
Not enough players found for lineup: 0, 0.
[2627296] Failed to scrape lineup: https://www.transfermarkt.co.uk/spielbericht/index/spielbericht/2627296
[2460617] Could not find attributes for phil baker (The New Saints, 2014)
[2460617] Failed to build match row: The New Saints vs Slovan Bratislava
[2894715] Could not find attributes for paride pinna (Cosenza Calcio, 2017)
[2894715] Failed to build match row: Cosenza Calcio vs US Alessandria Calcio 1912
Not enough players found for lineup: 0, 0.
[3261779] Failed to scrape lineup: https://www.transfermarkt.co.uk/spielbericht/index/spielbericht/3261779
[2611280] Failed to scrape lineup: https://www.transfermarkt.co.uk/eskisehirspor_trabzonspor/index/spielbericht/2611280
[2367224] Failed to scrape lineup: https://www.transfermarkt.co.uk/spielbericht/index/spielbericht/2367224
[2958644] Could not find attributes for olivier werner (Royal Excel Mouscron (-2022), 2017)
[2958644] Failed to build match row: Yellow-Red Koninklijke Voetbalclub Mechelen vs Royal Excel Mouscron (-2022)
[2332073] Failed to scrape lineup: https://www.transfermarkt.co.uk/manchester-city_swansea-city/index/spielbericht/2332073
[2874430] Failed to scrape lineup: https://www.transfermarkt.co.uk/spielbericht/index/spielbericht/2874430
[2884001] Could not find attributes for domagoj vida (Beşiktaş Jimnastik Kulübü, 2017)
[2884001] Failed to build match row: Bursaspor vs Beşiktaş Jimnastik Kulübü
[2335812] Failed to scrape lineup: https://www.transfermarkt.co.uk/goverla-uzhgorod-2016-_karpaty-lviv-2021-/index/spielbericht/2335812
[3085710] Could not find attributes for pavel sergeev (Dinamo Bryansk, 2018)
[3085710] Failed to build match row: Dinamo Bryansk vs Metallurg Lipetsk
[3058525] Could not find attributes for oscar wendt (Mönchengladbach, 2018)
[3058525] Failed to build match row: RasenBallsport Leipzig vs Mönchengladbach
[2866247] Could not find attributes for sergey lepmets (FCI Levadia, 2017)
[2722822] Could not find attributes for emmanuel adebayor (İstanbul Başakşehir Futbol Kulübü, 2016)
[2866247] Failed to build match row: Cork City FC vs FCI Levadia
[2722822] Failed to build match row: Akhisarspor vs İstanbul Başakşehir Futbol Kulübü
[2800302] Could not find attributes for giulio maggiore (Spezia Calcio, 2016)

Keepers & outfield error for **The Celtic Football Club** in Partick Thistle FC vs The Celtic Football Club: Numbers: 2 and 9.
[2507154] Could not find attributes for steve mildenhall (Bristol Rovers, 2014)
[2800302] Failed to build match row: Società Sportiva Calcio Napoli vs Spezia Calcio
[2646304] Failed to build match row: Partick Thistle FC vs The Celtic Football Club
[2507154] Failed to build match row: Tranmere Rovers vs Bristol Rovers
[2731833] Could not find attributes for yevgen past (Zirka Kropyvnytskyi, 2016)
[2731833] Failed to build match row: Zirka Kropyvnytskyi vs Futbolniy Klub Dynamo Kyiv
[2385108] Could not find attributes for oleksandr aliev (Anzhi Makhachkala ( -2022), 2013)
[2385108] Failed to build match row: Koninklijke Racing Club Genk vs Anzhi Makhachkala ( -2022)
[2367225] Could not find attributes for vjekoslav tomic (FC Sheriff Tiraspol, 2013)
[2329319] Failed to scrape lineup: https://www.transfermarkt.co.uk/odense-boldklub_aarhus-gf/index/spielbericht/2329319
[2367225] Failed to build match row: FC Sheriff Tiraspol vs Anzhi Makhachkala ( -2022)

Keepers & outfield error for **CD Leganés** in CD Leganés vs SD Eibar: Numbers: 2 and 9.
[2718860] Failed to build match row: CD Leganés vs SD Eibar

Keepers & outfield error for **Coventry City** in Bristol Rovers vs Coventry City: Numbers: 2 and 9.
[3300791] Failed to build match row: Bristol Rovers vs Coventry City

Keepers & outfield error for **Aston Villa Football Club** in Aston Villa Football Club vs Leicester City: Numbers: 0 and 11.
[2530789] Failed to build match row: Aston Villa Football Club vs Leicester City
[3201335] Failed to scrape lineup: https://www.transfermarkt.co.uk/ross-county-fc_hibernian-fc/index/spielbericht/3201335
[2755710] Failed to scrape lineup: https://www.transfermarkt.co.uk/spielbericht/index/spielbericht/2755710
[3400497] Failed to scrape lineup: https://www.transfermarkt.co.uk/st-johnstone-fc_aberdeen-fc/index/spielbericht/3400497
[2460618] Failed to scrape lineup: https://www.transfermarkt.co.uk/spielbericht/index/spielbericht/2460618
[2478926] Could not find attributes for duje cop (Cagliari Calcio, 2014)
[2478926] Failed to build match row: Cagliari Calcio vs Parma Calcio 1913
Not enough players found for lineup: 0, 0.
[3261781] Failed to scrape lineup: https://www.transfermarkt.co.uk/spielbericht/index/spielbericht/3261781

Keepers & outfield error for **Olympique Lyonnais** in Olympique Lyonnais vs Dijon FCO: Numbers: 2 and 9.
[3047824] Failed to build match row: Olympique Lyonnais vs Dijon FCO
Not enough players found for lineup: 0, 11.
[2874431] Failed to scrape lineup: https://www.transfermarkt.co.uk/spielbericht/index/spielbericht/2874431
[2884002] Could not find attributes for volkan demirel (Fenerbahçe Spor Kulübü, 2017)
[2884002] Failed to build match row: Fenerbahçe Spor Kulübü vs Gençlerbirliği Spor Kulübü
[2901256] Could not find attributes for georgiy bushchan (Futbolniy Klub Dynamo Kyiv, 2017)
[2901256] Failed to build match row: Futbolniy Klub Dynamo Kyiv vs Vorskla Poltava
Not enough players found for lineup: 0, 0.
[2627297] Failed to scrape lineup: https://www.transfermarkt.co.uk/spielbericht/index/spielbericht/2627297
[3069822] Failed to scrape lineup: https://www.transfermarkt.co.uk/galatasaray_konyaspor/index/spielbericht/3069822
[2604188] Could not find attributes for gianluigi donnarumma (Associazione Calcio Milan, 2015)
[2604188] Failed to build match row: Associazione Calcio Milan vs Football Club Internazionale Milano S.p.A.
[2335814] Could not find attributes for vitaliy nedilko (Volyn Lutsk, 2013)
[2335814] Failed to build match row: Volyn Lutsk vs Metalist Kharkiv (- 2016)
[3080225] Could not find attributes for callumn morrison (Heart of Midlothian Football Club, 2018)
[3080225] Failed to build match row: Motherwell Football Club vs Heart of Midlothian Football Club
[3106419] Could not find attributes for laurits bust (Thisted FC, 2018)
[3106419] Failed to build match row: Thisted FC vs Odense Boldklub
[3141192] Failed to scrape lineup: https://www.transfermarkt.co.uk/willem-ii-tilburg_psv-eindhoven/index/spielbericht/3141192
[2594525] Failed to scrape lineup: https://www.transfermarkt.co.uk/villarreal-cf_atletico-de-madrid/index/spielbericht/2594525
[3233028] Could not find attributes for ander iturraspe (Espanol, 2019)
[3233028] Failed to build match row: Espanol vs FC Luzern
[3216085] Could not find attributes for miquel nelom (Willem II Tilburg, 2019)
[2698210] Could not find attributes for jose cholevas (Watford FC, 2016)
[2507155] Could not find attributes for kingsley james (Chester FC, 2014)
[3216085] Failed to build match row: Willem II Tilburg vs VVV-Venlo
Not enough players found for lineup: 0, 11.
[2507155] Failed to build match row: Southend United vs Chester FC

Keepers & outfield error for **Aberdeen Football Club** in Aberdeen Football Club vs Livingston Football Club: Numbers: 0 and 11.
[2698210] Failed to build match row: Watford FC vs Tottenham Hotspur Football Club

Keepers & outfield error for **AO FK Zenit Sankt-Peterburg** in AO FK Zenit Sankt-Peterburg vs Футбольный клуб "Локомотив" Москва: Numbers: 2 and 9.
[3400498] Failed to build match row: Aberdeen Football Club vs Livingston Football Club
[3261782] Failed to scrape lineup: https://www.transfermarkt.co.uk/spielbericht/index/spielbericht/3261782
[2586012] Failed to build match row: AO FK Zenit Sankt-Peterburg vs Футбольный клуб "Локомотив" Москва
[2342408] Could not find attributes for christian kum (Sportclub Heerenveen, 2013)
[2342408] Failed to build match row: Prins Hendrik Ende Desespereert Nimmer Combinatie Zwolle vs Sportclub Heerenveen
[2920492] Could not find attributes for rik vermeulen (FC Lisse, 2017)
[2920492] Failed to build match row: FC Lisse vs HSV Hoek
[2351401] Failed to scrape lineup: https://www.transfermarkt.co.uk/club-brugge-kv_rsc-charleroi/index/spielbericht/2351401
[3106420] Failed to scrape lineup: https://www.transfermarkt.co.uk/spielbericht/index/spielbericht/3106420
[3080226] Failed to scrape lineup: https://www.transfermarkt.co.uk/rangers-fc_dundee-fc/index/spielbericht/3080226
[2894716] Could not find attributes for federico sottoriva (Trastevere Calcio, 2017)
[3223174] Failed to scrape lineup: https://www.transfermarkt.co.uk/antalyaspor_goztepe/index/spielbericht/3223174
[2894716] Failed to build match row: Trastevere Calcio vs AC Reggiana 1919
[2332076] Failed to scrape lineup: https://www.transfermarkt.co.uk/west-bromwich-albion_crystal-palace/index/spielbericht/2332076
[2460619] Failed to scrape lineup: https://www.transfermarkt.co.uk/spielbericht/index/spielbericht/2460619
[3141193] Failed to scrape lineup: https://www.transfermarkt.co.uk/ado-den-haag_excelsior-rotterdam/index/spielbericht/3141193
[3300792] Could not find attributes for paul anderson (Northampton Town, 2019)
[3300792] Failed to build match row: Burton Albion vs Northampton Town
[2478928] Failed to scrape lineup: https://www.transfermarkt.co.uk/us-palermo_atalanta-bc/index/spielbericht/2478928
[3085711] Failed to scrape lineup: https://www.transfermarkt.co.uk/spielbericht/index/spielbericht/3085711
[2604189] Could not find attributes for albano bizzarri (Chievo Verona, 2015)
[2604189] Failed to build match row: Chievo Verona vs Juventus Football Club
[2578254] Failed to scrape lineup: https://www.transfermarkt.co.uk/liverpool-fc_watford-fc/index/spielbericht/2578254
[3058526] Failed to scrape lineup: https://www.transfermarkt.co.uk/vfb-stuttgart_fc-augsburg/index/spielbericht/3058526
[3216086] Failed to scrape lineup: https://www.transfermarkt.co.uk/fc-groningen_pec-zwolle/index/spielbericht/3216086
[2698211] Failed to scrape lineup: https://www.transfermarkt.co.uk/crystal-palace_chelsea-fc/index/spielbericht/2698211
[2507156] Failed to scrape lineup: https://www.transfermarkt.co.uk/spielbericht/index/spielbericht/2507156
[2874434] Could not find attributes for mads brunholt (Tarup-Paarup IF, 2017)
[2874434] Failed to build match row: Tarup-Paarup IF vs Dalum IF
[3233029] Failed to scrape lineup: https://www.transfermarkt.co.uk/spielbericht/index/spielbericht/3233029
[3400499] Failed to scrape lineup: https://www.transfermarkt.co.uk/hamilton-academical-fc_ross-county-fc/index/spielbericht/3400499
[3047826] Failed to scrape lineup: https://www.transfermarkt.co.uk/nimes-olympique_sm-caen/index/spielbericht/3047826
[2342409] Failed to scrape lineup: https://www.transfermarkt.co.uk/go-ahead-eagles_pec-zwolle/index/spielbericht/2342409
[2866248] Could not find attributes for dorian railean (Dacia Chisinau, 2017)
[2866248] Failed to build match row: Dacia Chisinau vs Shkendija Tetovo
[2530791] Failed to scrape lineup: https://www.transfermarkt.co.uk/spielbericht/index/spielbericht/2530791
[2586457] Failed to scrape lineup: https://www.transfermarkt.co.uk/spielbericht/index/spielbericht/2586457
[2920493] Failed to scrape lineup: https://www.transfermarkt.co.uk/spielbericht/index/spielbericht/2920493
[2884004] Failed to scrape lineup: https://www.transfermarkt.co.uk/konyaspor_basaksehir-fk/index/spielbericht/2884004

Keepers & outfield error for **Göztepe Sportif Yatırımlar A.Ş.** in Göztepe Sportif Yatırımlar A.Ş. vs İstanbul Başakşehir Futbol Kulübü: Numbers: 0 and 11.
[3069823] Failed to build match row: Göztepe Sportif Yatırımlar A.Ş. vs İstanbul Başakşehir Futbol Kulübü
[2901257] Could not find attributes for german penkov (PFK Stal Kamyanske (-2018), 2017)
[2901257] Failed to build match row: PFK Stal Kamyanske (-2018) vs Karpaty Lviv (-2021)
[3223175] Failed to scrape lineup: https://www.transfermarkt.co.uk/genclerbirligi-ankara_gaziantep-fk/index/spielbericht/3223175
[2460620] Failed to scrape lineup: https://www.transfermarkt.co.uk/spielbericht/index/spielbericht/2460620
[3106421] Failed to scrape lineup: https://www.transfermarkt.co.uk/spielbericht/index/spielbericht/3106421
[2627298] Could not find attributes for miguel vitor (Panthessalonikios Athlitikos Omilos Konstantinoupoliton, 2015)
[2627298] Failed to build match row: Panthessalonikios Athlitikos Omilos Konstantinoupoliton vs Panthrakikos Komotini
[3085712] Failed to scrape lineup: https://www.transfermarkt.co.uk/spielbericht/index/spielbericht/3085712
[2722823] Failed to scrape lineup: https://www.transfermarkt.co.uk/galatasaray_adanaspor/index/spielbericht/2722823
[2800303] Failed to scrape lineup: https://www.transfermarkt.co.uk/spielbericht/index/spielbericht/2800303
lbericht/2646305
[2731834] Failed to scrape lineup: https://www.transfermarkt.co.uk/dynamo-kyiv_chornomorets-odesa/index/spielbericht/2731834
[2385109] Failed to scrape lineup: https://www.transfermarkt.co.uk/spielbericht/index/spielbericht/2385109
[2700917] Could not find attributes for jordy croux (Willem II Tilburg, 2016)
[2700917] Failed to build match row: Roda JC Kerkrade vs Willem II Tilburg
[2698212] Could not find attributes for jordi amat (Swansea City, 2016)
[2698212] Failed to build match row: Tottenham Hotspur Football Club vs Swansea City
[3141194] Could not find attributes for lasse schone (AFC Ajax Amsterdam, 2018)
[2901258] Could not find attributes for yevgen galchuk (FK Mariupol, 2017)
[2718861] Failed to scrape lineup: https://www.transfermarkt.co.uk/atletico-de-madrid_ud-las-palmas/index/spielbericht/2718861
[3141194] Failed to build match row: AFC Ajax Amsterdam vs Vitesse Arnhem
[2478929] Failed to build match row: Juventus Football Club vs Cagliari Calcio
[3400500] Could not find attributes for george oakley (Kilmarnock Football Club, 2020)
[2460621] Could not find attributes for valtteri moren (HJK Helsinki, 2014)
[2460621] Failed to build match row: HJK Helsinki vs Rabotnicki Skopje
[3400500] Failed to build match row: Kilmarnock Football Club vs The Celtic Football Club

Keepers & outfield error for **Yeni Malatyaspor** in Yeni Malatyaspor vs Fudbalski Klub Partizan Beograd: Numbers: 2 and 9.
[3233030] Failed to build match row: Yeni Malatyaspor vs Fudbalski Klub Partizan Beograd

Keepers & outfield error for **Manchester City Football Club** in Chelsea Football Club vs Manchester City Football Club: Numbers: 2 and 9.
[2332077] Failed to build match row: Chelsea Football Club vs Manchester City Football Club
Not enough players found for lineup: 0, 0.
[2627299] Failed to scrape lineup: https://www.transfermarkt.co.uk/spielbericht/index/spielbericht/2627299
[3216087] Could not find attributes for george cox (Fortuna Sittardia Combinatie, 2019)
[3216087] Failed to build match row: Vitesse Arnhem vs Fortuna Sittardia Combinatie
[2731835] Could not find attributes for andriy novak (FC Oleksandriya, 2016)
[2731835] Failed to build match row: FC Oleksandriya vs Volyn Lutsk
[3261783] Could not find attributes for michalis zaropoulos (AO Trikala, 2019)
[3261783] Failed to build match row: AO Trikala vs Doxa Dramas
[3201336] Could not find attributes for bevis mugabi (Motherwell Football Club, 2019)
[3201336] Failed to build match row: Saint Mirren Football Club vs Motherwell Football Club
[2627300] Could not find attributes for stathis tavlaridis (Panathinaikos Athlitikos Omilos, 2015)
[2627300] Failed to build match row: Panathinaikos Athlitikos Omilos vs APO Levadiakos Football Club
[2342410] Could not find attributes for iliass bel hassani (Heracles Almelo, 2013)
[2342410] Failed to build match row: Roda JC Kerkrade vs Heracles Almelo
[2460622] Could not find attributes for armantas vitkauskas (FK Zalgiris Vilnius, 2014)
[2460622] Failed to build match row: FK Zalgiris Vilnius vs GNK Dinamo Zagreb
[3141195] Could not find attributes for adam maher (Alkmaar Zaanstreek, 2018)
[3141195] Failed to build match row: Alkmaar Zaanstreek vs Heracles Almelo

Keepers & outfield error for **Manchester City Football Club** in Sunderland Association Football Club vs Manchester City Football Club: Numbers: 2 and 9.
[2332079] Failed to build match row: Sunderland Association Football Club vs Manchester City Football Club
Not enough players found for lineup: 0, 0.
[2627301] Failed to scrape lineup: https://www.transfermarkt.co.uk/spielbericht/index/spielbericht/2627301

Keepers & outfield error for **Futbol Club Barcelona** in Futbol Club Barcelona vs Espanol: Numbers: 2 and 9.
[2718863] Failed to build match row: Futbol Club Barcelona vs Espanol
[2755714] Could not find attributes for dominik livakovic (GNK Dinamo Zagreb, 2016)
[2755714] Failed to build match row: GNK Dinamo Zagreb vs Olympique Lyonnais
[2578255] Failed to scrape lineup: https://www.transfermarkt.co.uk/arsenal-fc_aston-villa/index/spielbericht/2578255
[3047827] Failed to scrape lineup: https://www.transfermarkt.co.uk/paris-saint-germain_rc-strasbourg-alsace/index/spielbericht/3047827
[2875085] Failed to scrape lineup: https://www.transfermarkt.co.uk/aarhus-gf_ac-horsens/index/spielbericht/2875085
[2586580] Failed to scrape lineup: https://www.transfermarkt.co.uk/sl-benfica_estoril-praia/index/spielbericht/2586580
[2866249] Failed to scrape lineup: https://www.transfermarkt.co.uk/spielbericht/index/spielbericht/2866249
[3058527] Failed to scrape lineup: https://www.transfermarkt.co.uk/eintracht-frankfurt_vfl-wolfsburg/index/spielbericht/3058527
[2483457] Failed to scrape lineup: https://www.transfermarkt.co.uk/spielbericht/index/spielbericht/2483457
[2920494] Failed to scrape lineup: https://www.transfermarkt.co.uk/spielbericht/index/spielbericht/2920494
[2884005] Failed to scrape lineup: https://www.transfermarkt.co.uk/akhisarspor_bursaspor/index/spielbericht/2884005
[3069824] Failed to scrape lineup: https://www.transfermarkt.co.uk/basaksehir-fk_sivasspor/index/spielbericht/3069824
[2367226] Failed to scrape lineup: https://www.transfermarkt.co.uk/spielbericht/index/spielbericht/2367226
[2329320] Failed to scrape lineup: https://www.transfermarkt.co.uk/brondby-if_odense-boldklub/index/spielbericht/2329320
[3223176] Failed to scrape lineup: https://www.transfermarkt.co.uk/konyaspor_galatasaray/index/spielbericht/3223176
[2958646] Failed to scrape lineup: https://www.transfermarkt.co.uk/kv-kortrijk_kas-eupen/index/spielbericht/2958646
[3106424] Failed to scrape lineup: https://www.transfermarkt.co.uk/spielbericht/index/spielbericht/3106424
[3086870] Failed to scrape lineup: https://www.transfermarkt.co.uk/spielbericht/index/spielbericht/3086870
[2494375] Could not find attributes for georgios kousas (Panetolikos Agrinio, 2014)
[2494375] Failed to build match row: Panetolikos Agrinio vs Panthrakikos Komotini

Keepers & outfield error for **Bologna Football Club 1909** in Football Club Internazionale Milano S.p.A. vs Bologna Football Club 1909: Numbers: 0 and 11.

Keepers & outfield error for **Deportivo de La Coruña** in Deportivo de La Coruña vs Club Atlético Osasuna: Numbers: 2 and 9.
[2800306] Failed to build match row: Football Club Internazionale Milano S.p.A. vs Bologna Football Club 1909
[2718864] Failed to build match row: Deportivo de La Coruña vs Club Atlético Osasuna
[2473659] Could not find attributes for mate patkai (ETO FC, 2014)
[2611281] Could not find attributes for nihat sahin (Mersin Talimyurdu SK, 2015)
[2473659] Failed to build match row: Idrottsföreningen Kamraterna Göteborg vs ETO FC
[2611281] Failed to build match row: Çaykur Rizespor Kulübü vs Mersin Talimyurdu SK
[2507157] Could not find attributes for sonny miles (Maidstone United, 2014)
[2507157] Failed to build match row: Stevenage FC vs Maidstone United

Keepers & outfield error for **Stade Reims** in Stade Reims vs Lille Olympique Sporting Club: Numbers: 2 and 9.
[3047828] Failed to build match row: Stade Reims vs Lille Olympique Sporting Club
[2755715] Could not find attributes for miroslav radovic (Legia Warszawa Spółka Akcyjna, 2016)
[2755715] Failed to build match row: Borussia Dortmund vs Legia Warszawa Spółka Akcyjna
[2594527] Failed to scrape lineup: https://www.transfermarkt.co.uk/real-sociedad_athletic-bilbao/index/spielbericht/2594527
[2483458] Could not find attributes for danijel pranjic (Panathinaikos Athlitikos Omilos, 2014)
[2483458] Failed to build match row: Fodbold Club Midtjylland vs Panathinaikos Athlitikos Omilos
[2646306] Failed to scrape lineup: https://www.transfermarkt.co.uk/dundee-united-fc_dundee-fc/index/spielbericht/2646306
[2700918] Failed to scrape lineup: https://www.transfermarkt.co.uk/fc-utrecht_vitesse-arnhem/index/spielbericht/2700918
[3216088] Failed to scrape lineup: https://www.transfermarkt.co.uk/ado-den-haag_az-alkmaar/index/spielbericht/3216088
ht/3201710
[2385111] Failed to scrape lineup: https://www.transfermarkt.co.uk/spielbericht/index/spielbericht/2385111
[3261784] Failed to scrape lineup: https://www.transfermarkt.co.uk/spielbericht/index/spielbericht/3261784
[3086871] Failed to scrape lineup: https://www.transfermarkt.co.uk/spielbericht/index/spielbericht/3086871
[3141197] Failed to scrape lineup: https://www.transfermarkt.co.uk/nac-breda_feyenoord-rotterdam/index/spielbericht/3141197
[2586581] Failed to scrape lineup: https://www.transfermarkt.co.uk/cf-os-belenenses_rio-ave-fc/index/spielbericht/2586581
[3069825] Failed to scrape lineup: https://www.transfermarkt.co.uk/caykur-rizespor_mke-ankaragucu/index/spielbericht/3069825
[3400501] Failed to scrape lineup: https://www.transfermarkt.co.uk/motherwell-fc_dundee-united-fc/index/spielbericht/3400501
[3080228] Failed to scrape lineup: https://www.transfermarkt.co.uk/st-mirren-fc_celtic-fc/index/spielbericht/3080228
[2478930] Failed to scrape lineup: https://www.transfermarkt.co.uk/fc-empoli_acf-fiorentina/index/spielbericht/2478930
[2901259] Failed to scrape lineup: https://www.transfermarkt.co.uk/fc-oleksandriya_chornomorets-odesa/index/spielbericht/2901259
[3300793] Could not find attributes for brandon pierrick (Crystal Palace Football Club, 2019)
[3300793] Failed to build match row: Crystal Palace Football Club vs Derby County
[3233031] Failed to scrape lineup: https://www.transfermarkt.co.uk/spielbericht/index/spielbericht/3233031
[2611282] Could not find attributes for serkan kirintili (Konyaspor, 2015)
[2611282] Failed to build match row: Antalyaspor vs Konyaspor
[2755716] Failed to scrape lineup: https://www.transfermarkt.co.uk/spielbericht/index/spielbericht/2755716
[2604191] Failed to scrape lineup: https://www.transfermarkt.co.uk/carpi-fc-1909_us-palermo/index/spielbericht/2604191
[2894717] Could not find attributes for lazar petkovic (Pisa Sporting Club, 2017)
[2894717] Failed to build match row: Pisa Sporting Club vs Varese 1910
[3047829] Could not find attributes for kalidou sidibe (Toulouse Football Club, 2018)
[3047829] Failed to build match row: Toulouse Football Club vs Football Club de Nantes
[2731836] Failed to scrape lineup: https://www.transfermarkt.co.uk/shakhtar-donetsk_vorskla-poltava/index/spielbericht/2731836
[2530794] Failed to scrape lineup: https://www.transfermarkt.co.uk/kv-kortrijk_r-charleroi-sc/index/spielbericht/2530794
[2698215] Failed to scrape lineup: https://www.transfermarkt.co.uk/liverpool-fc_stoke-city/index/spielbericht/2698215
[2646307] Could not find attributes for ryan nektarios edwards (Partick Thistle FC, 2015)
[2646307] Failed to build match row: Hamilton Academical FC vs Partick Thistle FC
[2722824] Could not find attributes for ryan babel (Beşiktaş Jimnastik Kulübü, 2016)
[2722824] Failed to build match row: Beşiktaş Jimnastik Kulübü vs Gençlerbirliği Spor Kulübü
[2578256] Could not find attributes for jonathan howson (Norwich City, 2015)
[2578256] Failed to build match row: Arsenal Football Club vs Norwich City
[2460623] Could not find attributes for oumar sylla (F91 Dudelange, 2014)
[2460623] Failed to build match row: F91 Dudelange vs Ludogorets Razgrad
[2367227] Could not find attributes for aleksandr mokin (Shakhter Karaganda, 2013)
[2367227] Failed to build match row: Panthessalonikios Athlitikos Omilos Konstantinoupoliton vs Shakhter Karaganda
[3209843] Failed to scrape lineup: https://www.transfermarkt.co.uk/ac-horsens_fc-copenhagen/index/spielbericht/3209843
[2342411] Failed to scrape lineup: https://www.transfermarkt.co.uk/nec-nijmegen_roda-jc-kerkrade/index/spielbericht/2342411
[2473660] Could not find attributes for dobrivoj rusov (Spartak Trnava, 2014)
[2473660] Failed to build match row: Spartak Trnava vs FC Zestafoni
[3223177] Could not find attributes for oguzhan capar (Kayserispor Kulübü, 2019)

Keepers & outfield error for **Verona Hellas Football Club** in Chievo Verona vs Verona Hellas Football Club: Numbers: 0 and 11.
[2478931] Failed to build match row: Chievo Verona vs Verona Hellas Football Club
[3223177] Failed to build match row: Kayserispor Kulübü vs MKE Ankaragücü
[2866250] Could not find attributes for vladan giljen (FK Sutjeska Niksic, 2017)
[2866250] Failed to build match row: FK Sutjeska Niksic vs Levski Sofia
[3069826] Could not find attributes for iasmin latovlevici (Bursaspor, 2018)
[3069826] Failed to build match row: Bursaspor vs Erzurumspor FK
[3233032] Could not find attributes for balazs megyeri (APS Atromitos Athinon, 2019)
[3233032] Failed to build match row: APS Atromitos Athinon vs Legia Warszawa Spółka Akcyjna
[2884006] Could not find attributes for cedric carrasso (Galatasaray Spor Kulübü, 2017)
[2884006] Failed to build match row: Galatasaray Spor Kulübü vs Antalyaspor
[2722825] Could not find attributes for kenneth omeruo (Alanyaspor, 2016)
[2722825] Failed to build match row: Alanyaspor vs Kasımpaşa A.Ş.
[2332080] Failed to scrape lineup: https://www.transfermarkt.co.uk/liverpool-fc_west-bromwich-albion/index/spielbericht/2332080
[2718866] Could not find attributes for andreas pereira (Granada CF, 2016)
[2611283] Could not find attributes for adem buyuk (Kasımpaşa A.Ş., 2015)
[2718866] Failed to build match row: Granada CF vs Real Sociedad de Fútbol S.A.D.
[2611283] Failed to build match row: Kasımpaşa A.Ş. vs Ankaraspor
tsk, 2017)
[2901260] Failed to build match row: Olimpik Donetsk vs FC Zorya Lugansk
[2460624] Could not find attributes for admir teli (Qarabağ FK, 2014)
[2460624] Failed to build match row: Qarabağ FK vs Valletta FC
[2646308] Could not find attributes for arnaud djoum (Heart of Midlothian Football Club, 2015)
[2646308] Failed to build match row: Heart of Midlothian Football Club vs St. Johnstone FC
[2700919] Could not find attributes for Samuel Armenteros (Heracles Almelo, 2016)
[3141198] Could not find attributes for nick venema (Football Club Utrecht, 2018)
[2700919] Failed to build match row: Heracles Almelo vs ADO Den Haag
[3141198] Failed to build match row: Football Club Utrecht vs Fortuna Sittardia Combinatie
[2473661] Could not find attributes for mykyta shevchenko (FC Zorya Lugansk, 2014)
[2473661] Failed to build match row: FC Zorya Lugansk vs KF Laçi
[2920495] Failed to scrape lineup: https://www.transfermarkt.co.uk/spielbericht/index/spielbericht/2920495
[3233033] Failed to build match row: Torino Calcio vs Shakhter Soligorsk
[2958647] Could not find attributes for hamdi harbaoui (Sportvereniging Zulte Waregem, 2017)
[2958647] Failed to build match row: SK Beveren vs Sportvereniging Zulte Waregem
[3069827] Could not find attributes for mitchell donald (Yeni Malatyaspor, 2018)
[3069827] Failed to build match row: Yeni Malatyaspor vs Akhisarspor
[2718867] Could not find attributes for juanpi (Málaga CF, 2016)
[2718867] Failed to build match row: Sevilla Fútbol Club S.A.D. vs Málaga CF
Not enough players found for lineup: 0, 0.
[3261785] Failed to scrape lineup: https://www.transfermarkt.co.uk/spielbericht/index/spielbericht/3261785
[2351405] Failed to scrape lineup: https://www.transfermarkt.co.uk/waasland-beveren_kaa-gent/index/spielbericht/2351405
[2594528] Failed to scrape lineup: https://www.transfermarkt.co.uk/valencia-cf_granada-cf/index/spielbericht/2594528
[2385112] Failed to scrape lineup: https://www.transfermarkt.co.uk/spielbericht/index/spielbericht/2385112
[3400502] Failed to scrape lineup: https://www.transfermarkt.co.uk/rangers-fc_st-johnstone-fc/index/spielbericht/3400502
[3069828] Could not find attributes for ondrej celustka (Antalyaspor, 2018)
[2646309] Could not find attributes for conrad balatoni (Kilmarnock Football Club, 2015)
[3069828] Failed to build match row: Antalyaspor vs Göztepe Sportif Yatırımlar A.Ş.
[2646309] Failed to build match row: Kilmarnock Football Club vs The Celtic Football Club
[2901261] Could not find attributes for oleksandr bandura (NK Veres Rivne, 2017)
[2901261] Failed to build match row: NK Veres Rivne vs Zirka Kropyvnytskyi
[2722826] Could not find attributes for erkan kas (Kayserispor Kulübü, 2016)
[2722826] Failed to build match row: Antalyaspor vs Kayserispor Kulübü

Keepers & outfield error for **Alaves** in Athletic Club Bilbao vs Alaves: Numbers: 2 and 9.
[2718868] Failed to build match row: Athletic Club Bilbao vs Alaves
[3233034] Could not find attributes for andrey klimovich (Shakhter Soligorsk, 2019)
[3233034] Failed to build match row: Shakhter Soligorsk vs Torino Calcio
[2329322] Could not find attributes for patrick banggaard (Fodbold Club Midtjylland, 2013)
[2329322] Failed to build match row: Fodbold Club Midtjylland vs FC Vestsjaelland
[2367228] Failed to scrape lineup: https://www.transfermarkt.co.uk/spielbericht/index/spielbericht/2367228

Keepers & outfield error for **Saint Mirren Football Club** in Saint Mirren Football Club vs Hibernian Football Club: Numbers: 2 and 9.
[3400503] Failed to build match row: Saint Mirren Football Club vs Hibernian Football Club
[3141199] Could not find attributes for ben rienstra (Sportclub Heerenveen, 2018)
[3141199] Failed to build match row: Sportclub Heerenveen vs VVV-Venlo
[3201712] Failed to scrape lineup: https://www.transfermarkt.co.uk/livingston-fc_kilmarnock-fc/index/spielbericht/3201712
Not enough players found for lineup: 0, 11.
[3261786] Failed to scrape lineup: https://www.transfermarkt.co.uk/spielbericht/index/spielbericht/3261786
[2698218] Could not find attributes for dieumerci mbokani (Hull City, 2016)
[2698218] Failed to build match row: Hull City vs Manchester City Football Club
[2586583] Failed to scrape lineup: https://www.transfermarkt.co.uk/fc-pacos-de-ferreira_academica-coimbra/index/spielbericht/2586583
[2611284] Could not find attributes for alexandru epureanu (İstanbul Başakşehir Futbol Kulübü, 2015)
[2611284] Failed to build match row: İstanbul Başakşehir Futbol Kulübü vs Fenerbahçe Spor Kulübü

Keepers & outfield error for **Futbol Club Barcelona** in The Celtic Football Club vs Futbol Club Barcelona: Numbers: 2 and 9.
[2755717] Failed to build match row: The Celtic Football Club vs Futbol Club Barcelona
[3080232] Could not find attributes for steven lawless (Livingston Football Club, 2018)
[2342412] Failed to scrape lineup: https://www.transfermarkt.co.uk/ado-den-haag_rkc-waalwijk/index/spielbericht/2342412
[3080232] Failed to build match row: Heart of Midlothian Football Club vs Livingston Football Club
[2478932] Failed to scrape lineup: https://www.transfermarkt.co.uk/ss-lazio_inter-milan/index/spielbericht/2478932
[2385113] Could not find attributes for aykut demir (Trabzonspor Kulübü, 2013)
[2385113] Failed to build match row: Trabzonspor Kulübü vs Juventus Football Club
[2800308] Failed to scrape lineup: https://www.transfermarkt.co.uk/spielbericht/index/spielbericht/2800308
[3400504] Could not find attributes for devante cole (Motherwell Football Club, 2020)
[3400504] Failed to build match row: The Celtic Football Club vs Motherwell Football Club
[3069829] Could not find attributes for caner erkin (Beşiktaş Jimnastik Kulübü, 2018)
[3069829] Failed to build match row: Beşiktaş Jimnastik Kulübü vs Galatasaray Spor Kulübü
[2731837] Failed to scrape lineup: https://www.transfermarkt.co.uk/dynamo-kyiv_olimpik-donetsk/index/spielbericht/2731837
[2875087] Failed to scrape lineup: https://www.transfermarkt.co.uk/sonderjyske_randers-fc/index/spielbericht/2875087
[3047830] Failed to scrape lineup: https://www.transfermarkt.co.uk/sm-caen_angers-sco/index/spielbericht/3047830
[2627302] Failed to scrape lineup: https://www.transfermarkt.co.uk/spielbericht/index/spielbericht/2627302
[2894718] Failed to scrape lineup: https://www.transfermarkt.co.uk/spielbericht/index/spielbericht/2894718
[2901262] Could not find attributes for oleksandr svatok (FC Zorya Lugansk, 2017)
[2483460] Failed to scrape lineup: https://www.transfermarkt.co.uk/spielbericht/index/spielbericht/2483460
[3106425] Failed to scrape lineup: https://www.transfermarkt.co.uk/spielbericht/index/spielbericht/3106425
[2901262] Failed to build match row: FC Zorya Lugansk vs NK Veres Rivne

Keepers & outfield error for **FC Emmen** in FC Emmen vs Football Club Groningen: Numbers: 2 and 9.
[3300794] Could not find attributes for nat phillips (Liverpool Football Club, 2019)
[2920496] Failed to scrape lineup: https://www.transfermarkt.co.uk/spielbericht/index/spielbericht/2920496
[3300794] Failed to build match row: Liverpool Football Club vs Everton Football Club
[3141200] Failed to build match row: FC Emmen vs Football Club Groningen
[2332083] Failed to scrape lineup: https://www.transfermarkt.co.uk/liverpool-fc_fulham-fc/index/spielbericht/2332083
[2755718] Failed to scrape lineup: https://www.transfermarkt.co.uk/spielbericht/index/spielbericht/2755718
bericht/2530795
[2460625] Failed to scrape lineup: https://www.transfermarkt.co.uk/spielbericht/index/spielbericht/2460625
[3209845] Failed to scrape lineup: https://www.transfermarkt.co.uk/fc-nordsjaelland_esbjerg-fb/index/spielbericht/3209845
[2800309] Failed to scrape lineup: https://www.transfermarkt.co.uk/spielbericht/index/spielbericht/2800309
[2646311] Failed to scrape lineup: https://www.transfermarkt.co.uk/ross-county-fc_inverness-caledonian-thistle-fc/index/spielbericht/2646311
[3400505] Failed to scrape lineup: https://www.transfermarkt.co.uk/hamilton-academical-fc_rangers-fc/index/spielbericht/3400505
[2722827] Could not find attributes for davide petrucci (Çaykur Rizespor Kulübü, 2016)
[2722827] Failed to build match row: Adanaspor vs Çaykur Rizespor Kulübü
[2700920] Failed to scrape lineup: https://www.transfermarkt.co.uk/nec-nijmegen_az-alkmaar/index/spielbericht/2700920
[2884008] Failed to scrape lineup: https://www.transfermarkt.co.uk/besiktas-jk_kardemir-karabukspor/index/spielbericht/2884008
[3216090] Failed to scrape lineup: https://www.transfermarkt.co.uk/sc-heerenveen_fc-utrecht/index/spielbericht/3216090
[2866251] Could not find attributes for steven bezzina (Balzan FC, 2017)
[2866251] Failed to build match row: Balzan FC vs Videoton FC
[3223178] Could not find attributes for mickael tirpan (Kasımpaşa A.Ş., 2019)
[3223178] Failed to build match row: Kasımpaşa A.Ş. vs Alanyaspor
[2335815] Failed to scrape lineup: https://www.transfermarkt.co.uk/sk-tavriya-simferopol-2022-_dynamo-kyiv/index/spielbericht/2335815
[3201713] Could not find attributes for bevis mugabi (Motherwell Football Club, 2019)
[3201713] Failed to build match row: Motherwell Football Club vs Heart of Midlothian Football Club
[2594529] Failed to scrape lineup: https://www.transfermarkt.co.uk/deportivo-de-la-coruna_rcd-espanyol-barcelona/index/spielbericht/2594529
[3069830] Failed to scrape lineup: https://www.transfermarkt.co.uk/konyaspor_alanyaspor/index/spielbericht/3069830
[2627303] Failed to scrape lineup: https://www.transfermarkt.co.uk/spielbericht/index/spielbericht/2627303
[2507160] Failed to scrape lineup: https://www.transfermarkt.co.uk/spielbericht/index/spielbericht/2507160
[2894719] Failed to scrape lineup: https://www.transfermarkt.co.uk/spielbericht/index/spielbericht/2894719
[2494376] Could not find attributes for markos vellidis (PAS Giannina, 2014)
[2494376] Failed to build match row: PAS Giannina vs AEL Kalloni
[2530797] Failed to scrape lineup: https://www.transfermarkt.co.uk/zulte-waregem_kvc-westerlo/index/spielbericht/2530797
[2755719] Failed to scrape lineup: https://www.transfermarkt.co.uk/spielbericht/index/spielbericht/2755719
[2604193] Failed to scrape lineup: https://www.transfermarkt.co.uk/atalanta-bc_us-sassuolo/index/spielbericht/2604193
[3141201] Failed to scrape lineup: https://www.transfermarkt.co.uk/fortuna-sittard_feyenoord-rotterdam/index/spielbericht/3141201
[2460626] Failed to scrape lineup: https://www.transfermarkt.co.uk/bayern-munich_vfl-wolfsburg/index/spielbericht/2460626
[2802945] Failed to scrape lineup: https://www.transfermarkt.co.uk/spielbericht/index/spielbericht/2802945
[3209846] Failed to scrape lineup: https://www.transfermarkt.co.uk/aarhus-gf_fc-midtjylland/index/spielbericht/3209846
[2646312] Failed to scrape lineup: https://www.transfermarkt.co.uk/aberdeen-fc_hamilton-academical-fc/index/spielbericht/2646312
[2901263] Could not find attributes for aleksandr gutor (Chornomorets Odesa, 2017)
[2901263] Failed to build match row: Chornomorets Odesa vs Olimpik Donetsk
[2700921] Failed to scrape lineup: https://www.transfermarkt.co.uk/sparta-rotterdam_twente-enschede-fc/index/spielbericht/2700921

Keepers & outfield error for **Moreirense Futebol Clube** in Moreirense Futebol Clube vs Futebol Clube de Arouca: Numbers: 0 and 11.
[2586584] Failed to build match row: Moreirense Futebol Clube vs Futebol Clube de Arouca
[3216091] Failed to scrape lineup: https://www.transfermarkt.co.uk/fc-emmen_feyenoord-rotterdam/index/spielbericht/3216091
[2473663] Could not find attributes for dante stipica (HNK Hajduk Split, 2014)
[3201714] Failed to scrape lineup: https://www.transfermarkt.co.uk/rangers-fc_ross-county-fc/index/spielbericht/3201714
[2594530] Failed to scrape lineup: https://www.transfermarkt.co.uk/sporting-gijon_real-betis-balompie/index/spielbericht/2594530
[2473663] Failed to build match row: HNK Hajduk Split vs Dundalk FC
[3069831] Failed to scrape lineup: https://www.transfermarkt.co.uk/kayserispor_trabzonspor/index/spielbericht/3069831
[2627304] Failed to scrape lineup: https://www.transfermarkt.co.uk/spielbericht/index/spielbericht/2627304
[2342413] Could not find attributes for roland alberg (ADO Den Haag, 2013)
[2342413] Failed to build match row: Nijmegen Eendracht Combinatie vs ADO Den Haag
Not enough players found for lineup: 0, 0.
[3261787] Failed to scrape lineup: https://www.transfermarkt.co.uk/spielbericht/index/spielbericht/3261787
[2755720] Failed to scrape lineup: https://www.transfermarkt.co.uk/spielbericht/index/spielbericht/2755720
[2385126] Could not find attributes for eitan tibi (Maccabi Tel Aviv, 2013)
[2385126] Failed to build match row: Maccabi Tel Aviv vs FC Basel 1893 AG
[3141202] Could not find attributes for azor matusiwa (De Graafschap Doetinchem, 2018)
[3141202] Failed to build match row: De Graafschap Doetinchem vs AFC Ajax Amsterdam
[3201715] Failed to scrape lineup: https://www.transfermarkt.co.uk/st-johnstone-fc_celtic-fc/index/spielbericht/3201715
[2627305] Failed to scrape lineup: https://www.transfermarkt.co.uk/spielbericht/index/spielbericht/2627305
[3216092] Could not find attributes for crysencio summerville (ADO Den Haag, 2019)
[3216092] Failed to build match row: FC Emmen vs ADO Den Haag
[3261788] Failed to scrape lineup: https://www.transfermarkt.co.uk/spielbericht/index/spielbericht/3261788
[3047831] Could not find attributes for julio tavares (Dijon FCO, 2018)
[2755721] Failed to scrape lineup: https://www.transfermarkt.co.uk/spielbericht/index/spielbericht/2755721
[3047831] Failed to build match row: Dijon FCO vs Amiens SC
[2731838] Could not find attributes for vitaliy nedilko (Volyn Lutsk, 2016)
[2731838] Failed to build match row: Volyn Lutsk vs FC Shakhtar Donetsk
[2351887] Could not find attributes for georgios georgakopoulos (A.G.S Asteras Tripolis, 2013)
[2351887] Failed to build match row: A.G.S Asteras Tripolis vs PAS Giannina
[2385127] Failed to scrape lineup: https://www.transfermarkt.co.uk/spielbericht/index/spielbericht/2385127
[2367231] Failed to build match row: Ludogorets Razgrad vs GNK Dinamo Zagreb
[2460628] Failed to scrape lineup: https://www.transfermarkt.co.uk/borussia-monchengladbach_vfb-stuttgart/index/spielbericht/2460628
[3209848] Failed to scrape lineup: https://www.transfermarkt.co.uk/aalborg-bk_silkeborg-if/index/spielbericht/3209848
[2627306] Failed to scrape lineup: https://www.transfermarkt.co.uk/spielbericht/index/spielbericht/2627306

Keepers & outfield error for **Aberdeen Football Club** in Hibernian Football Club vs Aberdeen Football Club: Numbers: 0 and 11.
[3400506] Failed to build match row: Hibernian Football Club vs Aberdeen Football Club
[2594532] Failed to scrape lineup: https://www.transfermarkt.co.uk/ud-las-palmas_sd-eibar/index/spielbericht/2594532
[2722828] Could not find attributes for paul papp (Kardemir Karabükspor, 2016)
[2722828] Failed to build match row: Bursaspor vs Kardemir Karabükspor
[2755722] Failed to scrape lineup: https://www.transfermarkt.co.uk/spielbericht/index/spielbericht/2755722
[2731839] Failed to scrape lineup: https://www.transfermarkt.co.uk/dnipro-dnipropetrovsk-2020-_karpaty-lviv/index/spielbericht/2731839
[2351888] Failed to scrape lineup: https://www.transfermarkt.co.uk/paok-thessaloniki_skoda-xanthi/index/spielbericht/2351888

Keepers & outfield error for **Royal Sporting Club Anderlecht** in Royal Standard Club de Liège vs Royal Sporting Club Anderlecht: Numbers: 0 and 11.
[2530798] Failed to build match row: Royal Standard Club de Liège vs Royal Sporting Club Anderlecht
[2483461] Could not find attributes for aleksandr seraskhov (Футбольный клуб "Локомотив" Москва, 2014)

Keepers & outfield error for **The Celtic Football Club** in The Celtic Football Club vs Heart of Midlothian Football Club: Numbers: 2 and 9.
[2483461] Failed to build match row: Футбольный клуб "Локомотив" Москва vs Apollon Limassol
[2367232] Failed to scrape lineup: https://www.transfermarkt.co.uk/spielbericht/index/spielbericht/2367232
[2646313] Failed to build match row: The Celtic Football Club vs Heart of Midlothian Football Club
[2578258] Failed to scrape lineup: https://www.transfermarkt.co.uk/stoke-city_tottenham-hotspur/index/spielbericht/2578258
[3069832] Could not find attributes for trezeguet (Kasımpaşa A.Ş., 2018)
[3069832] Failed to build match row: Fenerbahçe Spor Kulübü vs Kasımpaşa A.Ş.
[2700922] Could not find attributes for ouasim bouy (Prins Hendrik Ende Desespereert Nimmer Combinatie Zwolle, 2016)
[2700922] Failed to build match row: Prins Hendrik Ende Desespereert Nimmer Combinatie Zwolle vs Sportclub Heerenveen
[3141203] Could not find attributes for vangelis pavlidis (Willem II Tilburg, 2018)
[3141203] Failed to build match row: ADO Den Haag vs Willem II Tilburg
[3300795] Could not find attributes for robert snodgrass (West Ham United Football Club, 2019)
[3300795] Failed to build match row: Gillingham FC vs West Ham United Football Club
[2722829] Failed to scrape lineup: https://www.transfermarkt.co.uk/fenerbahce_akhisar-belediyespor/index/spielbericht/2722829
[3106426] Could not find attributes for mathias hogsholt (Kolding IF, 2018)
[3106426] Failed to build match row: Kolding IF vs Randers Fodbold Club
[2342414] Could not find attributes for iliass bel hassani (Heracles Almelo, 2013)
[2342414] Failed to build match row: Football Club Twente vs Heracles Almelo
Not enough players found for lineup: 0, 0.
[3261789] Failed to scrape lineup: https://www.transfermarkt.co.uk/spielbericht/index/spielbericht/3261789
[2755723] Could not find attributes for andreas beck (Beşiktaş Jimnastik Kulübü, 2016)
[2755723] Failed to build match row: Beşiktaş Jimnastik Kulübü vs Sport Lisboa e Benfica
[2385267] Could not find attributes for shuai li (Guangzhou Evergrande, 2013)
[2385267] Failed to build match row: Guangzhou Evergrande vs Clube Atlético Mineiro
[3069833] Could not find attributes for alessio cerci (MKE Ankaragücü, 2018)
[3069833] Failed to build match row: MKE Ankaragücü vs İstanbul Başakşehir Futbol Kulübü
[2718870] Could not find attributes for florian lejeune (SD Eibar, 2016)
[2718870] Failed to build match row: SD Eibar vs Club Atlético de Madrid S.A.D.
[2460629] Could not find attributes for ragnar klavan (Fußball-Club Augsburg 1907, 2014)
[2460629] Failed to build match row: Turn- und Sportgemeinschaft 1899 Hoffenheim Fußball-Spielbetriebs vs Fußball-Club Augsburg 1907
[2901264] Could not find attributes for yuriy pankiv (FC Oleksandriya, 2017)
[2901264] Failed to build match row: FC Shakhtar Donetsk vs FC Oleksandriya
[2884009] Could not find attributes for mbaye diagne (Kasımpaşa A.Ş., 2017)
[2884009] Failed to build match row: Yeni Malatyaspor vs Kasımpaşa A.Ş.
[3223179] Could not find attributes for ponck (İstanbul Başakşehir Futbol Kulübü, 2019)
[3223179] Failed to build match row: Fenerbahçe Spor Kulübü vs İstanbul Başakşehir Futbol Kulübü
[2958649] Could not find attributes for jelle vossen (Club Brugge Koninklijke Voetbalvereniging, 2017)
[2958649] Failed to build match row: Koninklijke Atletiek Associatie Gent vs Club Brugge Koninklijke Voetbalvereniging
[2755728] Could not find attributes for mykyta burda (Futbolniy Klub Dynamo Kyiv, 2016)
[2755728] Failed to build match row: Futbolniy Klub Dynamo Kyiv vs Beşiktaş Jimnastik Kulübü
[2385268] Could not find attributes for khalid askri (Raja Club Athletic, 2013)
[2385268] Failed to build match row: FC Bayern München vs Raja Club Athletic
[2731840] Could not find attributes for miha goropevsek (Volyn Lutsk, 2016)
[2731840] Failed to build match row: Volyn Lutsk vs FC Zorya Lugansk
[2351889] Could not find attributes for sebastian przyrowski (APO Levadiakos Football Club, 2013)
[2351889] Failed to build match row: APO Levadiakos Football Club vs Panthrakikos Komotini
[3106428] Could not find attributes for jeppe arnesen (Nyköbing FC, 2018)
[3106428] Failed to build match row: Nyköbing FC vs Vejle Boldklub
[2722830] Could not find attributes for loret sadiku (Kasımpaşa A.Ş., 2016)
[2722830] Failed to build match row: Kasımpaşa A.Ş. vs Konyaspor
[3086931] Could not find attributes for ivelin popov (FK Spartak Moskva, 2018)
[3086931] Failed to build match row: Panthessalonikios Athlitikos Omilos Konstantinoupoliton vs FK Spartak Moskva
[2884010] Could not find attributes for sergiy rybalka (Sivasspor, 2017)
[2884010] Failed to build match row: Kayserispor Kulübü vs Sivasspor
[2901265] Could not find attributes for roman pidkivka (Karpaty Lviv (-2021), 2017)
[2901265] Failed to build match row: Karpaty Lviv (-2021) vs FK Mariupol
[2507161] Could not find attributes for ben hinchliffe (AFC Fylde, 2014)
[2507161] Failed to build match row: Plymouth Argyle vs AFC Fylde

Keepers & outfield error for **Royal Sporting Club Anderlecht** in Royal Standard Club de Liège vs Royal Sporting Club Anderlecht: Numbers: 2 and 9.
[2958650] Failed to build match row: Royal Standard Club de Liège vs Royal Sporting Club Anderlecht
[2351890] Could not find attributes for iosif daskalakis (Omilos Filathlon Irakliou FC, 2013)
[2483463] Could not find attributes for dobrivoj rusov (Spartak Trnava, 2014)
[2351890] Failed to build match row: Omilos Filathlon Irakliou FC vs Panionios Athens
[2483463] Failed to build match row: FC Zürich vs Spartak Trnava
[2866252] Could not find attributes for almat bekbaev (Ordabasy Shymkent, 2017)
[2866252] Failed to build match row: Ordabasy Shymkent vs NK Siroki Brijeg
[2722831] Could not find attributes for marquinhos pedroso (Gaziantepspor (- 2020), 2016)
[2722831] Failed to build match row: Gaziantepspor (- 2020) vs Alanyaspor
[2530801] Could not find attributes for obbi oulare (Club Brugge Koninklijke Voetbalvereniging, 2014)
[2530801] Failed to build match row: Club Brugge Koninklijke Voetbalvereniging vs KV Oostende

Keepers & outfield error for **Futbol Club Barcelona** in Villarreal Club de Fútbol S.A.D. vs Futbol Club Barcelona: Numbers: 2 and 9.
[2718872] Failed to build match row: Villarreal Club de Fútbol S.A.D. vs Futbol Club Barcelona
[2958651] Could not find attributes for jakov filipovic (KSC Lokeren (- 2020), 2017)
[2958651] Failed to build match row: KV Oostende vs KSC Lokeren (- 2020)
[2335816] Could not find attributes for dmytro bezotosnyi (Chornomorets Odesa, 2013)
[2335816] Failed to build match row: Chornomorets Odesa vs SK Tavriya Simferopol ( - 2022)
[2646314] Failed to scrape lineup: https://www.transfermarkt.co.uk/dundee-fc_ross-county-fc/index/spielbericht/2646314
[2578259] Failed to scrape lineup: https://www.transfermarkt.co.uk/manchester-united_afc-bournemouth/index/spielbericht/2578259
[2802946] Could not find attributes for ricki lamie (Greenock Morton FC, 2016)
[2802946] Failed to build match row: Greenock Morton FC vs Falkirk Football & Athletic Club
[3302899] Failed to scrape lineup: https://www.transfermarkt.co.uk/kv-mechelen_standard-liege/index/spielbericht/3302899
[3223180] Could not find attributes for aminu umar (Çaykur Rizespor Kulübü, 2019)
adiakos/index/spielbericht/2494377
[3223180] Failed to build match row: Sivasspor vs Çaykur Rizespor Kulübü
[2866253] Could not find attributes for alban muqiqi (FC Prishtina, 2017)
[2866253] Failed to build match row: FC Prishtina vs IFK Norrköping
[3216094] Could not find attributes for reza ghoochannejhad (Prins Hendrik Ende Desespereert Nimmer Combinatie Zwolle, 2019)
[3216094] Failed to build match row: Prins Hendrik Ende Desespereert Nimmer Combinatie Zwolle vs Eindhovense Voetbalvereniging Philips Sport Vereniging
[2594534] Failed to scrape lineup: https://www.transfermarkt.co.uk/levante-ud_villarreal-cf/index/spielbericht/2594534
[3262445] Failed to scrape lineup: https://www.transfermarkt.co.uk/spielbericht/index/spielbericht/3262445
[2875089] Could not find attributes for pierre larsen (FC Helsingör, 2017)
[2875089] Failed to build match row: Hobro IK vs FC Helsingör
[2894720] Failed to build match row: SS Matera Calcio vs Casertana FC

Keepers & outfield error for **Espanol** in Espanol vs Deportivo de La Coruña: Numbers: 0 and 11.
[2718873] Failed to build match row: Espanol vs Deportivo de La Coruña
[2604195] Failed to scrape lineup: https://www.transfermarkt.co.uk/frosinone-calcio_bologna-fc-1909/index/spielbericht/2604195
[3400507] Could not find attributes for guy melamed (St. Johnstone FC, 2020)
[3400507] Failed to build match row: Livingston Football Club vs St. Johnstone FC
[2332086] Failed to scrape lineup: https://www.transfermarkt.co.uk/arsenal-fc_southampton-fc/index/spielbericht/2332086
Not enough players found for lineup: 11, 0.
[2385455] Failed to scrape lineup: https://www.transfermarkt.co.uk/spielbericht/index/spielbericht/2385455

Keepers & outfield error for **Göztepe Sportif Yatırımlar A.Ş.** in Göztepe Sportif Yatırımlar A.Ş. vs Beşiktaş Jimnastik Kulübü: Numbers: 0 and 11.
[3223181] Failed to build match row: Göztepe Sportif Yatırımlar A.Ş. vs Beşiktaş Jimnastik Kulübü
[2722833] Could not find attributes for luccas claro (Gençlerbirliği Spor Kulübü, 2016)
[2722833] Failed to build match row: Gençlerbirliği Spor Kulübü vs Antalyaspor
[2866254] Could not find attributes for radanfah abu bakr (FK Suduva Marijampole, 2017)
[2866254] Failed to build match row: FK Suduva Marijampole vs Shakhter Soligorsk
[3047833] Failed to scrape lineup: https://www.transfermarkt.co.uk/olympique-marseille_nimes-olympique/index/spielbericht/3047833
[2530802] Could not find attributes for wilfred ndidi (Koninklijke Racing Club Genk, 2014)
[2530802] Failed to build match row: Royal Charleroi Sporting Club vs Koninklijke Racing Club Genk
[2884011] Could not find attributes for demba ba (Göztepe Sportif Yatırımlar A.Ş., 2017)
[2698222] Failed to scrape lineup: https://www.transfermarkt.co.uk/hull-city_crystal-palace/index/spielbericht/2698222
[2884011] Failed to build match row: Göztepe Sportif Yatırımlar A.Ş. vs Ankaraspor
[3400508] Failed to build match row: Ross County FC vs Dundee United Football Club
[3209959] Failed to build match row: Futbol Club Barcelona vs Getafe Club de Fútbol S. A. D. Team Dubai
[2578260] Could not find attributes for christian fuchs (Leicester City, 2015)
[2578260] Failed to build match row: Leicester City vs Everton Football Club
[2460630] Could not find attributes for christian schulz (Hannover 96, 2014)
[2460630] Failed to build match row: Hannover 96 vs FC Schalke 04
[2920499] Could not find attributes for stephan veenboer (Ajax Amateurs, 2017)
[2920499] Failed to build match row: Ajax Amateurs vs Football Club Utrecht
[3106429] Failed to scrape lineup: https://www.transfermarkt.co.uk/spielbericht/index/spielbericht/3106429
[2342416] Failed to scrape lineup: https://www.transfermarkt.co.uk/rkc-waalwijk_fc-groningen/index/spielbericht/2342416
[2627307] Failed to scrape lineup: https://www.transfermarkt.co.uk/spielbericht/index/spielbericht/2627307
[2755731] Could not find attributes for cicinho (Ludogorets Razgrad, 2016)
[2755731] Failed to build match row: Paris Saint-Germain Football Club vs Ludogorets Razgrad
[3069835] Failed to scrape lineup: https://www.transfermarkt.co.uk/alanyaspor_besiktas-jk/index/spielbericht/3069835
[2901266] Failed to scrape lineup: https://www.transfermarkt.co.uk/vorskla-poltava_pfk-stal-kamyanske-2018-/index/spielbericht/2901266
[2646316] Could not find attributes for ryan nektarios edwards (Partick Thistle FC, 2015)
[2646316] Failed to build match row: Partick Thistle FC vs Kilmarnock Football Club
[2700925] Failed to scrape lineup: https://www.transfermarkt.co.uk/feyenoord-rotterdam_heracles-almelo/index/spielbericht/2700925
[2351891] Failed to scrape lineup: https://www.transfermarkt.co.uk/panathinaikos-athens_panetolikos-gfs/index/spielbericht/2351891
[2483464] Failed to scrape lineup: https://www.transfermarkt.co.uk/spielbericht/index/spielbericht/2483464
[3216095] Could not find attributes for sergio padt (Football Club Groningen, 2019)
[2494378] Could not find attributes for athanasios panteliadis (A.G.S Asteras Tripolis, 2014)
[2611285] Could not find attributes for ugur demirok (Ankaraspor, 2015)
[3216095] Failed to build match row: AFC Ajax Amsterdam vs Football Club Groningen
[2494378] Failed to build match row: A.G.S Asteras Tripolis vs Olympiakos Syndesmos Filathlon Peiraios
[2611285] Failed to build match row: Ankaraspor vs Bursaspor
[2478933] Could not find attributes for andi lila (Parma Calcio 1913, 2014)
[2478933] Failed to build match row: Parma Calcio 1913 vs Società Sportiva Calcio Napoli
[2731841] Could not find attributes for yuriy pankiv (PFK Stal Kamyanske (-2018), 2016)
[2731841] Failed to build match row: PFK Stal Kamyanske (-2018) vs FC Oleksandriya
[2507163] Could not find attributes for sidney schmeltz (Hartlepool United, 2014)
[2507163] Failed to build match row: Hartlepool United vs East Thurrock United
[3223182] Could not find attributes for afriyie acquah (Yeni Malatyaspor, 2019)
[3223182] Failed to build match row: Yeni Malatyaspor vs Trabzonspor Kulübü
[2646317] Could not find attributes for eiji kawashima (Dundee United Football Club, 2015)
[2973436] Failed to scrape lineup: https://www.transfermarkt.co.uk/spielbericht/index/spielbericht/2973436
[2646317] Failed to build match row: St. Johnstone FC vs Dundee United Football Club
[2335817] Failed to scrape lineup: https://www.transfermarkt.co.uk/fk-sevastopol-2014-_metalist-kharkiv-2016-/index/spielbericht/2335817

Keepers & outfield error for **Genoa Cricket and Football Club** in Juventus Football Club vs Genoa Cricket and Football Club: Numbers: 2 and 9.
[2604198] Failed to build match row: Juventus Football Club vs Genoa Cricket and Football Club
[2802947] Failed to scrape lineup: https://www.transfermarkt.co.uk/spielbericht/index/spielbericht/2802947
[2478934] Could not find attributes for ignazio abate (Associazione Calcio Milan, 2014)
[2478934] Failed to build match row: Associazione Calcio Milan vs Associazione Sportiva Roma

Keepers & outfield error for **Association sportive de Monaco Football Club** in Association sportive de Monaco Football Club vs Stade Reims: Numbers: 2 and 9.
[3047834] Failed to build match row: Association sportive de Monaco Football Club vs Stade Reims
[3302900] Failed to scrape lineup: https://www.transfermarkt.co.uk/kas-eupen_r-charleroi-sc/index/spielbericht/3302900
[2367236] Could not find attributes for aleksander rajcevic (NK Maribor, 2013)
[2367236] Failed to build match row: Wigan Athletic vs NK Maribor
[2920500] Could not find attributes for nasser el khayati (ADO Den Haag, 2017)
[2920500] Failed to build match row: Feyenoord Rotterdam vs ADO Den Haag
[3262446] Failed to scrape lineup: https://www.transfermarkt.co.uk/spielbericht/index/spielbericht/3262446
[2473664] Could not find attributes for botond antal (Diósgyőri VTK, 2014)
[2722834] Could not find attributes for jan durica (Trabzonspor Kulübü, 2016)
[2894725] Failed to scrape lineup: https://www.transfermarkt.co.uk/spielbericht/index/spielbericht/2894725
[3141206] Could not find attributes for mats knoester (Heracles Almelo, 2018)
[2473664] Failed to build match row: Diósgyőri VTK vs Litex Lovech
[2875090] Failed to scrape lineup: https://www.transfermarkt.co.uk/brondby-if_fc-midtjylland/index/spielbericht/2875090
[2718874] Failed to scrape lineup: https://www.transfermarkt.co.uk/ca-osasuna_valencia-cf/index/spielbericht/2718874
[2722834] Failed to build match row: Trabzonspor Kulübü vs Beşiktaş Jimnastik Kulübü
[3141206] Failed to build match row: Eindhovense Voetbalvereniging Philips Sport Vereniging vs Heracles Almelo
[2335818] Could not find attributes for denys boyko (Dnipro Dnipropetrovsk (-2020), 2013)
[2604199] Could not find attributes for gianluigi donnarumma (Associazione Calcio Milan, 2015)
[2335818] Failed to build match row: Dnipro Dnipropetrovsk (-2020) vs Futbolniy Klub Dynamo Kyiv
[2604199] Failed to build match row: Palermo FC vs Associazione Calcio Milan
[2385456] Failed to scrape lineup: https://www.transfermarkt.co.uk/spielbericht/index/spielbericht/2385456
[3216096] Could not find attributes for george cox (Fortuna Sittardia Combinatie, 2019)
[3216096] Failed to build match row: Fortuna Sittardia Combinatie vs Sparta Rotterdam
[2367237] Could not find attributes for denys boyko (Dnipro Dnipropetrovsk (-2020), 2013)
[2367237] Failed to build match row: Dnipro Dnipropetrovsk (-2020) vs Associazione Calcio Fiorentina

Keepers & outfield error for **Chelsea Football Club** in Chelsea Football Club vs Tottenham Hotspur Football Club: Numbers: 2 and 9.
[2578262] Failed to build match row: Chelsea Football Club vs Tottenham Hotspur Football Club
[2866255] Failed to scrape lineup: https://www.transfermarkt.co.uk/spielbericht/index/spielbericht/2866255
[3400509] Failed to scrape lineup: https://www.transfermarkt.co.uk/st-mirren-fc_kilmarnock-fc/index/spielbericht/3400509
[3209960] Failed to scrape lineup: https://www.transfermarkt.co.uk/sd-eibar_real-sociedad/index/spielbericht/3209960
[3086934] Failed to scrape lineup: https://www.transfermarkt.co.uk/spielbericht/index/spielbericht/3086934
[2507164] Could not find attributes for nathan vaughan (Worcester City, 2014)
[2507164] Failed to build match row: Coventry City vs Worcester City
[2335819] Could not find attributes for roman pidkivka (Karpaty Lviv (-2021), 2013)
[2335819] Failed to build match row: FC Shakhtar Donetsk vs Karpaty Lviv (-2021)
[2894726] Could not find attributes for giulio parodi (Pordenone Calcio, 2017)
Not enough players found for lineup: 0, 0.
[2718875] Could not find attributes for andreas pereira (Granada CF, 2016)
[2894726] Failed to build match row: Pordenone Calcio vs SS Matelica Calcio
[2473665] Failed to scrape lineup: https://www.transfermarkt.co.uk/spielbericht/index/spielbericht/2473665
[2718875] Failed to build match row: Real Madrid Club de Fútbol vs Granada CF
[3223183] Could not find attributes for bunyamin balci (Antalyaspor, 2019)
[2329324] Failed to scrape lineup: https://www.transfermarkt.co.uk/aarhus-gf_viborg-ff/index/spielbericht/2329324
[3223183] Failed to build match row: Denizlispor vs Antalyaspor
[2698225] Could not find attributes for mathieu flamini (Crystal Palace Football Club, 2016)
[2698225] Failed to build match row: Arsenal Football Club vs Crystal Palace Football Club
[3302901] Could not find attributes for joseph akpala (KV Oostende, 2019)
[3302901] Failed to build match row: KV Oostende vs SK Beveren
[2755732] Failed to scrape lineup: https://www.transfermarkt.co.uk/spielbericht/index/spielbericht/2755732

Keepers & outfield error for **FC Paços de Ferreira** in FC Paços de Ferreira vs Pandurii Targu Jiu (- 2022): Numbers: 2 and 9.
[3069836] Failed to scrape lineup: https://www.transfermarkt.co.uk/sivasspor_goztepe/index/spielbericht/3069836
[2367238] Failed to build match row: FC Paços de Ferreira vs Pandurii Targu Jiu (- 2022)
[2901267] Failed to scrape lineup: https://www.transfermarkt.co.uk/zirka-kropyvnytskyi_dynamo-kyiv/index/spielbericht/2901267
[2627308] Failed to scrape lineup: https://www.transfermarkt.co.uk/spielbericht/index/spielbericht/2627308
[2973437] Could not find attributes for magnus okuonghae (Maidstone United, 2017)
[2973437] Failed to build match row: Milton Keynes Dons vs Maidstone United
[3047835] Could not find attributes for kalidou sidibe (Toulouse Football Club, 2018)
[3047835] Failed to build match row: Montpellier HSC vs Toulouse Football Club
[2351892] Failed to scrape lineup: https://www.transfermarkt.co.uk/atromitos-athens_gs-ergotelis/index/spielbericht/2351892
[2335820] Could not find attributes for yevgen galchuk (FK Mariupol, 2013)
[2483465] Failed to scrape lineup: https://www.transfermarkt.co.uk/spielbericht/index/spielbericht/2483465
[2335820] Failed to build match row: FK Mariupol vs Volyn Lutsk
[2494379] Failed to scrape lineup: https://www.transfermarkt.co.uk/pae-veria_panionios-athens/index/spielbericht/2494379
[2611286] Failed to scrape lineup: https://www.transfermarkt.co.uk/trabzonspor_caykur-rizespor/index/spielbericht/2611286

Keepers & outfield error for **Granada CF** in Granada CF vs Deportivo de La Coruña: Numbers: 0 and 11.
[2698226] Could not find attributes for jordi amat (Swansea City, 2016)
a
[2698226] Failed to build match row: Swansea City vs Crystal Palace Football Club
[2646318] Failed to scrape lineup: https://www.transfermarkt.co.uk/dundee-united-fc_inverness-caledonian-thistle-fc/index/spielbericht/2646318
[2578264] Could not find attributes for christian fuchs (Leicester City, 2015)
[2578264] Failed to build match row: Chelsea Football Club vs Leicester City
[3302902] Failed to scrape lineup: https://www.transfermarkt.co.uk/sint-truidense-vv_kv-kortrijk/index/spielbericht/3302902
[3058533] Failed to scrape lineup: https://www.transfermarkt.co.uk/fc-schalke-04_borussia-dortmund/index/spielbericht/3058533
[2731842] Could not find attributes for yuriy pankiv (PFK Stal Kamyanske (-2018), 2016)
[3234713] Could not find attributes for aleksandr kobzev (KamAZ Naberezhnye Chelny, 2019)
[2731842] Failed to build match row: PFK Stal Kamyanske (-2018) vs Zirka Kropyvnytskyi
[3234713] Failed to build match row: KamAZ Naberezhnye Chelny vs Zvezda Perm
[2530803] Failed to scrape lineup: https://www.transfermarkt.co.uk/kvrs-waasland-sk-beveren_kv-mechelen/index/spielbericht/2530803
[2866256] Failed to build match row: SJK Seinäjoki vs KR Reykjavík

Keepers & outfield error for **Granada CF** in Granada CF vs Real Valladolid CF: Numbers: 0 and 11.
[3209961] Failed to build match row: Granada CF vs Real Valladolid CF
[2335821] Could not find attributes for oleksandr rybka (Futbolniy Klub Dynamo Kyiv, 2013)
[2335821] Failed to build match row: Futbolniy Klub Dynamo Kyiv vs Metalurg Zaporizhya (-2016)
[2802948] Failed to scrape lineup: https://www.transfermarkt.co.uk/spielbericht/index/spielbericht/2802948
[2920501] Failed to scrape lineup: https://www.transfermarkt.co.uk/spielbericht/index/spielbericht/2920501
[2351893] Could not find attributes for antonis georgallidis (AO Platanias, 2013)
[3069837] Could not find attributes for mitchell donald (Yeni Malatyaspor, 2018)
[2884013] Failed to scrape lineup: https://www.transfermarkt.co.uk/basaksehir-fk_fenerbahce/index/spielbericht/2884013
[2494380] Could not find attributes for tomas cerny (GS Ergotelis, 2014)
[3069837] Failed to build match row: Erzurumspor FK vs Yeni Malatyaspor
[2351893] Failed to build match row: AO Platanias vs Veria NPS
[3080237] Could not find attributes for callumn morrison (Heart of Midlothian Football Club, 2018)
[2494380] Failed to build match row: GS Ergotelis vs Panthessalonikios Athlitikos Omilos Konstantinoupoliton
[3201717] Could not find attributes for jeremie frimpong (The Celtic Football Club, 2019)

Keepers & outfield error for **Málaga CF** in Celta vs Málaga CF: Numbers: 0 and 11.
[3080237] Failed to build match row: Heart of Midlothian Football Club vs St. Johnstone FC
[3201717] Failed to build match row: The Celtic Football Club vs Hibernian Football Club
[2718877] Failed to build match row: Celta vs Málaga CF
[3263159] Could not find attributes for johan jansen (GVVV Veenendaal, 2019)

Keepers & outfield error for **Göztepe Sportif Yatırımlar A.Ş.** in Denizlispor vs Göztepe Sportif Yatırımlar A.Ş.: Numbers: 0 and 11.
[2483466] Could not find attributes for josip simunic (GNK Dinamo Zagreb, 2014)
[2387110] Could not find attributes for johan sellberg wiland (Football Club København, 2013)
[2367239] Could not find attributes for aritz borda (APOEL Nicosia, 2013)
[3263159] Failed to build match row: GVVV Veenendaal vs Helmond Sport
Not enough players found for lineup: 0, 0.
[2722835] Failed to scrape lineup: https://www.transfermarkt.co.uk/basaksehir-fk_galatasaray/index/spielbericht/2722835
[2367239] Failed to build match row: APOEL Nicosia vs Eintracht Frankfurt Fußball AG
[2483466] Failed to build match row: GNK Dinamo Zagreb vs Fotbal Club Petrolul Ploiești
[2627309] Failed to scrape lineup: https://www.transfermarkt.co.uk/spielbericht/index/spielbericht/2627309
[2342418] Failed to scrape lineup: https://www.transfermarkt.co.uk/fc-utrecht_feyenoord-rotterdam/index/spielbericht/2342418
[3142739] Failed to scrape lineup: https://www.transfermarkt.co.uk/ae-larisa_apollon-smyrnis/index/spielbericht/3142739
[3223184] Failed to build match row: Denizlispor vs Göztepe Sportif Yatırımlar A.Ş.
[2387110] Failed to build match row: Football Club København vs Fodbold Club Nordsjælland

Keepers & outfield error for **Chelsea Football Club** in Chelsea Football Club vs Stoke City: Numbers: 2 and 9.
[2698227] Failed to build match row: Chelsea Football Club vs Stoke City

Keepers & outfield error for **Sporting Gijón** in Espanol vs Sporting Gijón: Numbers: 2 and 9.
[2594539] Failed to build match row: Espanol vs Sporting Gijón
[2335822] Could not find attributes for dmitriy nepogodov (Vorskla Poltava, 2013)
[2335822] Failed to build match row: Vorskla Poltava vs FC Shakhtar Donetsk
[3106430] Could not find attributes for soren jensen (Naestved Boldklub, 2018)
[3106430] Failed to build match row: Naestved Boldklub vs Silkeborg Idrætsforening

Keepers & outfield error for **Manchester City Football Club** in Manchester City Football Club vs The Celtic Football Club: Numbers: 2 and 9.
[2755734] Failed to build match row: Manchester City Football Club vs The Celtic Football Club
[2731843] Could not find attributes for danylo kanevtsev (Chornomorets Odesa, 2016)
[3216099] Could not find attributes for miquel nelom (Willem II Tilburg, 2019)
2018)
[3216099] Failed to build match row: Football Club Utrecht vs Willem II Tilburg

Keepers & outfield error for **Real Betis Balompié S.A.D.** in CD Leganés vs Real Betis Balompié S.A.D.: Numbers: 2 and 9.
[3209962] Failed to build match row: CD Leganés vs Real Betis Balompié S.A.D.

Keepers & outfield error for **Boavista FC** in Vitória Setúbal FC vs Boavista FC: Numbers: 3 and 8.
[2611288] Could not find attributes for sabri sarioglu (Galatasaray Spor Kulübü, 2015)
[2611288] Failed to build match row: Galatasaray Spor Kulübü vs Beşiktaş Jimnastik Kulübü
[3069838] Could not find attributes for trezeguet (Kasımpaşa A.Ş., 2018)
[2586585] Failed to build match row: Vitória Setúbal FC vs Boavista FC
[3069838] Failed to build match row: Kasımpaşa A.Ş. vs Kayserispor Kulübü
[2351894] Could not find attributes for athanasios panteliadis (Apollon Smyrnis, 2013)
aint Mirren Football Club: Numbers: 0 and 11.
[2351894] Failed to build match row: Apollon Smyrnis vs Aris Thessalonikis
[3400510] Failed to build match row: Aberdeen Football Club vs Saint Mirren Football Club
[2901268] Failed to scrape lineup: https://www.transfermarkt.co.uk/pfk-stal-kamyanske-2018-_dynamo-kyiv/index/spielbericht/2901268
[2473666] Could not find attributes for denes dibusz (Ferencvárosi TC, 2014)
[2473666] Failed to build match row: Ferencvárosi TC vs Hrvatski Nogometni Klub Rijeka
[3086935] Could not find attributes for vujadin savic (Fudbalski klub Crvena zvezda Beograd, 2018)
[2646320] Could not find attributes for arnaud djoum (Heart of Midlothian Football Club, 2015)
[3086935] Failed to build match row: Fudbalski klub Crvena zvezda Beograd vs Spartak Trnava
[2646320] Failed to build match row: Heart of Midlothian Football Club vs Aberdeen Football Club
[2722836] Could not find attributes for marquinhos pedroso (Gaziantepspor (- 2020), 2016)
[2722836] Failed to build match row: Konyaspor vs Gaziantepspor (- 2020)
[3223185] Could not find attributes for mattias bjarsmyr (Gençlerbirliği Spor Kulübü, 2019)
[3142740] Could not find attributes for balazs megyeri (APS Atromitos Athinon, 2018)
[3142740] Failed to build match row: APS Atromitos Athinon vs Panetolikos Agrinio
[3223185] Failed to build match row: İstanbul Başakşehir Futbol Kulübü vs Gençlerbirliği Spor Kulübü
[2387111] Could not find attributes for johan sellberg wiland (Football Club København, 2013)
[2387111] Failed to build match row: Fodbold Club Nordsjælland vs Football Club København
[3263160] Could not find attributes for dmytro riznyk (Vorskla Poltava, 2019)
[3263160] Failed to build match row: Vorskla Poltava vs Desna Chernigiv
[2483467] Could not find attributes for stipe pletikosa (FK Rostov, 2014)
[2335824] Could not find attributes for denys boyko (Dnipro Dnipropetrovsk (-2020), 2013)
[2483467] Failed to build match row: FK Rostov vs Trabzonspor Kulübü
[2335824] Failed to build match row: FC Shakhtar Donetsk vs Dnipro Dnipropetrovsk (-2020)
[2731844] Could not find attributes for vladyslav levanidov (FC Oleksandriya, 2016)
[3216100] Could not find attributes for lee cattermole (VVV-Venlo, 2019)
[3216100] Failed to build match row: VVV-Venlo vs Sportclub Heerenveen
[3058535] Could not find attributes for oscar wendt (Mönchengladbach, 2018)
[2367240] Could not find attributes for eitan tibi (Maccabi Tel Aviv, 2013)
[2731844] Failed to build match row: FC Oleksandriya vs Dnipro Dnipropetrovsk (-2020)
[3058535] Failed to build match row: Mönchengladbach vs Verein für Bewegungsspiele Stuttgart 1893
[2367240] Failed to build match row: FC Girondins Bordeaux vs Maccabi Tel Aviv
[2803324] Could not find attributes for cliff moyo (FC Halifax Town, 2016)
[2803324] Failed to build match row: FC Halifax Town vs Eastleigh FC

Keepers & outfield error for **Vitória Sport Clube** in Futebol Clube do Porto vs Vitória Sport Clube: Numbers: 0 and 11.
[2586586] Failed to build match row: Futebol Clube do Porto vs Vitória Sport Clube
[3234714] Could not find attributes for ilya svinov (Nosta Novotroitsk, 2019)
[3234714] Failed to build match row: Nosta Novotroitsk vs FC Tyumen
[2920502] Could not find attributes for brahim zaari (Blauw Geel '38 / Jumbo, 2017)
[2920502] Failed to build match row: Blauw Geel '38 / Jumbo vs VVV-Venlo
[3069839] Could not find attributes for jose sosa (Trabzonspor Kulübü, 2018)
[3069839] Failed to build match row: Trabzonspor Kulübü vs Konyaspor
[2329326] Could not find attributes for johan sellberg wiland (Football Club København, 2013)
[2329326] Failed to build match row: Football Club København vs Sønderjyske Fodbold
[2627489] Could not find attributes for michael scholten (SVV Scheveningen, 2015)
[2627489] Failed to build match row: SVV Scheveningen vs Sportclub Telstar
[2700927] Could not find attributes for bersant celina (Football Club Twente, 2016)
[2700927] Failed to build match row: Football Club Twente vs Football Club Groningen
[2901269] Could not find attributes for rustam khudzhamov (FK Mariupol, 2017)
[2901269] Failed to build match row: FK Mariupol vs Vorskla Poltava
[2894727] Could not find attributes for alessandro malomo (LR Vicenza, 2017)
[2894727] Failed to build match row: LR Vicenza vs Pro Piacenza 1919
[2646321] Could not find attributes for miles addison (Kilmarnock Football Club, 2015)
[2646321] Failed to build match row: Kilmarnock Football Club vs St. Johnstone FC
[3086936] Could not find attributes for boris godal (Spartak Trnava, 2018)
[3086936] Failed to build match row: Spartak Trnava vs Fudbalski klub Crvena zvezda Beograd
[3201718] Could not find attributes for aidan keena (Heart of Midlothian Football Club, 2019)
[3201718] Failed to build match row: Heart of Midlothian Football Club vs St. Johnstone FC
[2351895] Could not find attributes for giannis siderakis (AEL Kalloni, 2013)
[2351895] Failed to build match row: AEL Kalloni vs Olympiakos Syndesmos Filathlon Peiraios
[2335825] Could not find attributes for yevgen borovyk (Metalurg Zaporizhya (-2016), 2013)
[2335825] Failed to build match row: Metalurg Zaporizhya (-2016) vs SK Tavriya Simferopol ( - 2022)
[2698229] Could not find attributes for jose cholevas (Watford FC, 2016)
[2698229] Failed to build match row: Manchester City Football Club vs Watford FC
[2866257] Could not find attributes for valentins ralkevics (FK Liepaja, 2017)
[3223186] Could not find attributes for mickael tirpan (Kasımpaşa A.Ş., 2019)
[2866257] Failed to build match row: FK Liepaja vs Crusaders FC
[3223186] Failed to build match row: MKE Ankaragücü vs Kasımpaşa A.Ş.
[2367241] Could not find attributes for maksym koval (Futbolniy Klub Dynamo Kyiv, 2013)
[2367241] Failed to build match row: Sportklub Rapid vs Futbolniy Klub Dynamo Kyiv
[3106431] Could not find attributes for mads dalby (B1908 Amager, 2018)
[3106431] Failed to build match row: B1908 Amager vs Boldklubben Marienlyst
[2329327] Could not find attributes for johan sellberg wiland (Football Club København, 2013)
[2329327] Failed to build match row: Viborg Fodsports Forening vs Football Club København
[2473667] Could not find attributes for bozidar radosevic (FC Koper, 2014)
[2473667] Failed to build match row: FC Koper vs Neftchi Baku
[3263161] Could not find attributes for valeriy yurchuk (SC Dnipro-1, 2019)
[2483468] Could not find attributes for andrija vukovic (RNK Split, 2014)
[3263161] Failed to build match row: SC Dnipro-1 vs FC Zorya Lugansk
[2483468] Failed to build match row: Torino Calcio vs RNK Split

Keepers & outfield error for **Wycombe Wanderers** in Wycombe Wanderers vs Leatherhead FC: Numbers: 0 and 11.
[2973439] Failed to build match row: Wycombe Wanderers vs Leatherhead FC

Keepers & outfield error for **The Celtic Football Club** in Motherwell Football Club vs The Celtic Football Club: Numbers: 2 and 9.
[2646322] Failed to build match row: Motherwell Football Club vs The Celtic Football Club
[3086937] Could not find attributes for badavi huseynov (Qarabağ FK, 2018)
[3086937] Failed to build match row: Qarabağ FK vs BATE Borisov
[3234715] Failed to build match row: Akron Togliatti vs Volga Uljanovsk
[3209963] Failed to scrape lineup: https://www.transfermarkt.co.uk/rcd-mallorca_deportivo-alaves/index/spielbericht/3209963
[3201719] Could not find attributes for bevis mugabi (Motherwell Football Club, 2019)
[3201719] Failed to build match row: Motherwell Football Club vs Rangers Football Club
[2901270] Could not find attributes for yuriy pankiv (FC Oleksandriya, 2017)
[3058537] Could not find attributes for sebastian langkamp (Sportverein Werder Bremen von 1899, 2018)
[2367242] Could not find attributes for lukas schenkel (FC Thun, 2013)
[3058537] Failed to build match row: Sportverein Werder Bremen von 1899 vs Fortuna Düsseldorf
[2367242] Failed to build match row: Koninklijke Racing Club Genk vs FC Thun
[2901270] Failed to build match row: FC Oleksandriya vs Karpaty Lviv (-2021)
[2627490] Could not find attributes for nick van der ploeg (VV Capelle, 2015)
[2335826] Could not find attributes for roman pidkivka (Karpaty Lviv (-2021), 2013)
[2335826] Failed to build match row: Karpaty Lviv (-2021) vs FK Sevastopol (- 2014)
[2627490] Failed to build match row: VV Capelle vs MVV Maastricht

Keepers & outfield error for **Sporting Clube de Portugal** in Clube Desportivo de Tondela vs Sporting Clube de Portugal: Numbers: 0 and 11.
[2586588] Failed to build match row: Clube Desportivo de Tondela vs Sporting Clube de Portugal
[3400512] Could not find attributes for devante cole (Motherwell Football Club, 2020)
[3400512] Failed to build match row: Motherwell Football Club vs Hamilton Academical FC
[2351896] Could not find attributes for markos vellidis (PAS Giannina, 2013)
[2351896] Failed to build match row: PAS Giannina vs Apollon Smyrnis
[2884014] Could not find attributes for mbaye diagne (Kasımpaşa A.Ş., 2017)
[2884014] Failed to build match row: Kasımpaşa A.Ş. vs Galatasaray Spor Kulübü
Not enough players found for lineup: 11, 0.
[2342421] Failed to scrape lineup: https://www.transfermarkt.co.uk/pec-zwolle_rkc-waalwijk/index/spielbericht/2342421
[3302904] Could not find attributes for mouez hassen (Cercle Brugge Koninklijke Sportvereniging, 2019)
[3302904] Failed to build match row: Cercle Brugge Koninklijke Sportvereniging vs Royal Antwerp Football Club
[2473668] Could not find attributes for colin coates (Crusaders FC, 2014)
[2473668] Failed to build match row: Crusaders FC vs Idrottsföreningen  Brommapojkarna
[3216101] Could not find attributes for sergio padt (Football Club Groningen, 2019)
[3216101] Failed to build match row: Football Club Groningen vs RKC Waalwijk
[2901271] Could not find attributes for zauri makharadze (Olimpik Donetsk, 2017)
[2387427] Failed to scrape lineup: https://www.transfermarkt.co.uk/spielbericht/index/spielbericht/2387427
[2901271] Failed to build match row: Olimpik Donetsk vs FC Shakhtar Donetsk
[2483469] Could not find attributes for andrey sidelnikov (FK Aktobe, 2014)
[3080239] Could not find attributes for steven lawless (Livingston Football Club, 2018)
[2483469] Failed to build match row: Legia Warszawa Spółka Akcyjna vs FK Aktobe
[3080239] Failed to build match row: Livingston Football Club vs Rangers Football Club

Keepers & outfield error for **Ross County FC** in Ross County FC vs Kilmarnock Football Club: Numbers: 2 and 9.
[2731845] Failed to scrape lineup: https://www.transfermarkt.co.uk/karpaty-lviv_volyn-lutsk/index/spielbericht/2731845
[3086938] Could not find attributes for denis shcherbitskiy (BATE Borisov, 2018)
[3201720] Failed to build match row: Ross County FC vs Kilmarnock Football Club
[3086938] Failed to build match row: BATE Borisov vs Qarabağ FK
[2894728] Could not find attributes for giacomo bindi (Calcio Padova, 2017)
[2894728] Failed to build match row: Calcio Padova vs Rende Calcio 1968
[3069840] Failed to scrape lineup: https://www.transfermarkt.co.uk/galatasaray_caykur-rizespor/index/spielbericht/3069840
[2351897] Could not find attributes for georgios kousas (Panetolikos Agrinio, 2013)
[2507166] Could not find attributes for peter jeffries (Blyth Spartans, 2014)
[2351897] Failed to build match row: Panetolikos Agrinio vs Panthessalonikios Athlitikos Omilos Konstantinoupoliton
[2507166] Failed to build match row: Blyth Spartans vs Altrincham FC
[2329329] Could not find attributes for daniel jensen (Sønderjyske Fodbold, 2013)
[2335827] Could not find attributes for dmitriy nepogodov (Vorskla Poltava, 2013)
[2460638] Could not find attributes for christian schulz (Hannover 96, 2014)
[2646323] Could not find attributes for alex schalk (Ross County FC, 2015)
[2329329] Failed to build match row: Sønderjyske Fodbold vs Fodbold Club Nordsjælland
[2335827] Failed to build match row: Vorskla Poltava vs Goverla Uzhgorod (- 2016)
[2460638] Failed to build match row: 1. Fußball- und Sportverein Mainz 05 vs Hannover 96
[2646323] Failed to build match row: Ross County FC vs Partick Thistle FC
[2700928] Failed to scrape lineup: https://www.transfermarkt.co.uk/sc-heerenveen_nec-nijmegen/index/spielbericht/2700928
[2866258] Could not find attributes for dieguito (Lincoln Red Imps FC, 2017)
[2866258] Failed to build match row: Lincoln Red Imps FC vs AEK Larnaca
[2884015] Could not find attributes for sergiy rybalka (Sivasspor, 2017)
[2884015] Failed to build match row: Sivasspor vs Ankaraspor

Keepers & outfield error for **Real Madrid Club de Fútbol** in Real Madrid Club de Fútbol vs Celta: Numbers: 2 and 9.
[3209964] Failed to build match row: Real Madrid Club de Fútbol vs Celta
[3080240] Failed to scrape lineup: https://www.transfermarkt.co.uk/st-mirren-fc_hibernian-fc/index/spielbericht/3080240
[2483470] Failed to scrape lineup: https://www.transfermarkt.co.uk/spielbericht/index/spielbericht/2483470
[2973441] Failed to scrape lineup: https://www.transfermarkt.co.uk/spielbericht/index/spielbericht/2973441
[3086949] Failed to scrape lineup: https://www.transfermarkt.co.uk/spielbericht/index/spielbericht/3086949
[2604204] Failed to scrape lineup: https://www.transfermarkt.co.uk/ssc-napoli_carpi-fc-1909/index/spielbericht/2604204
[3400513] Could not find attributes for youssouf mulumbu (Kilmarnock Football Club, 2020)
[3400513] Failed to build match row: Rangers Football Club vs Kilmarnock Football Club
[3069841] Failed to scrape lineup: https://www.transfermarkt.co.uk/bursaspor_antalyaspor/index/spielbericht/3069841
Not enough players found for lineup: 0, 11.
[2627491] Failed to scrape lineup: https://www.transfermarkt.co.uk/spielbericht/index/spielbericht/2627491
[2507167] Failed to scrape lineup: https://www.transfermarkt.co.uk/spielbericht/index/spielbericht/2507167
[2351898] Failed to scrape lineup: https://www.transfermarkt.co.uk/pae-veria_ofi-crete-fc/index/spielbericht/2351898
[3263162] Could not find attributes for Yevgen Volynets (FK Kolos Kovalivka, 2019)
[3263162] Failed to build match row: FK Kolos Kovalivka vs Olimpik Donetsk
[2731846] Could not find attributes for bogdan shust (Vorskla Poltava, 2016)
[2731846] Failed to build match row: Vorskla Poltava vs Zirka Kropyvnytskyi
[2460639] Could not find attributes for ragnar klavan (Fußball-Club Augsburg 1907, 2014)
[2460639] Failed to build match row: Fußball-Club Augsburg 1907 vs Borussia Dortmund
[2335828] Could not find attributes for vasyl pryima (Metalurg Donetsk (- 2015), 2013)
[2335828] Failed to build match row: Metalurg Donetsk (- 2015) vs Volyn Lutsk
[2329330] Could not find attributes for rolf toft (Aalborg BK, 2013)
[2329330] Failed to build match row: Aalborg BK vs Odense Boldklub
[3058539] Could not find attributes for hendrik weydandt (Hannover 96, 2018)
[3058539] Failed to build match row: 1. Fußball- und Sportverein Mainz 05 vs Hannover 96

Keepers & outfield error for **AFC Ajax Amsterdam** in Willem II Tilburg vs AFC Ajax Amsterdam: Numbers: 2 and 9.
[2700929] Failed to build match row: Willem II Tilburg vs AFC Ajax Amsterdam
[2473669] Could not find attributes for patrick kostner (SKN St. Pölten, 2014)
[2473669] Failed to build match row: SKN St. Pölten vs Botev Plovdiv
[3107617] Could not find attributes for evgeniy frolov (FC Orenburg, 2018)

[3107617] Failed to build match row: FC Orenburg vs PFK CSKA Moskva
[3263163] Failed to build match row: FC Oleksandriya vs FK Mariupol
[2483471] Could not find attributes for bogdan shust (Metalist Kharkiv (- 2016), 2014)
[2483471] Failed to build match row: Metalist Kharkiv (- 2016) vs Ruch Chorzow
[2973442] Failed to scrape lineup: https://www.transfermarkt.co.uk/spielbericht/index/spielbericht/2973442
[3086950] Failed to scrape lineup: https://www.transfermarkt.co.uk/spielbericht/index/spielbericht/3086950
[2342423] Failed to scrape lineup: https://www.transfermarkt.co.uk/sc-heerenveen_roda-jc-kerkrade/index/spielbericht/2342423
[3400514] Could not find attributes for leo hjelde (Ross County FC, 2020)
[3400514] Failed to build match row: Ross County FC vs Hibernian Football Club

Keepers & outfield error for **Çaykur Rizespor Kulübü** in Çaykur Rizespor Kulübü vs Alanyaspor: Numbers: 0 and 11.
[3069842] Failed to build match row: Çaykur Rizespor Kulübü vs Alanyaspor
[2875098] Failed to scrape lineup: https://www.transfermarkt.co.uk/fc-helsingor_odense-boldklub/index/spielbericht/2875098
[2894729] Could not find attributes for stefano ferrario (Atletico Arezzo, 2017)
[2894729] Failed to build match row: Atletico Arezzo vs US Triestina
[2351899] Could not find attributes for sokratis dioudis (Aris Thessalonikis, 2013)
[2351899] Failed to build match row: Aris Thessalonikis vs AEL Kalloni

Keepers & outfield error for **Saint Mirren Football Club** in Aberdeen Football Club vs Saint Mirren Football Club: Numbers: 2 and 9.

Keepers & outfield error for **Royal Sporting Club Anderlecht** in Royal Sporting Club Anderlecht vs Sportvereniging Zulte Waregem: Numbers: 0 and 11.
[3080241] Failed to build match row: Aberdeen Football Club vs Saint Mirren Football Club
[2530807] Failed to build match row: Royal Sporting Club Anderlecht vs Sportvereniging Zulte Waregem
[2604205] Failed to scrape lineup: https://www.transfermarkt.co.uk/torino-fc_chievo-verona/index/spielbericht/2604205
[3223187] Failed to scrape lineup: https://www.transfermarkt.co.uk/gaziantep-fk_sivasspor/index/spielbericht/3223187
Not enough players found for lineup: 0, 0.
[2367247] Failed to scrape lineup: https://www.transfermarkt.co.uk/spielbericht/index/spielbericht/2367247
[2973443] Could not find attributes for warren harris (Slough Town, 2017)
[2973443] Failed to build match row: Slough Town vs Rochdale AFC
[2866259] Could not find attributes for levan kakubava (Chikhura Sachkhere, 2017)
[2611289] Could not find attributes for serkan kirintili (Konyaspor, 2015)
Sachkhere
[2611289] Failed to build match row: Konyaspor vs Kasımpaşa A.Ş.
[3086951] Could not find attributes for roland juhasz (Videoton FC, 2018)
[2387428] Failed to scrape lineup: https://www.transfermarkt.co.uk/spielbericht/index/spielbericht/2387428
[3086951] Failed to build match row: Malmö Fotbollförening vs Videoton FC
[2627492] Could not find attributes for laszlo sandor (AFC Amsterdam, 2015)
[2627492] Failed to build match row: AFC Amsterdam vs FC Emmen
[2732072] Could not find attributes for danijel milicevic (Koninklijke Atletiek Associatie Gent, 2016)
[2335829] Could not find attributes for dmytro bezotosnyi (Chornomorets Odesa, 2013)
[2732072] Failed to build match row: Koninklijke Atletiek Associatie Gent vs Koninklijke Voetbal Club Westerlo
[2335829] Failed to build match row: Chornomorets Odesa vs Metalurg Zaporizhya (-2016)
[3263164] Could not find attributes for roman pidkivka (Karpaty Lviv (-2021), 2019)
[3216104] Could not find attributes for lee cattermole (VVV-Venlo, 2019)
onetsk
[2483472] Could not find attributes for artur kotenko (Shakhter Soligorsk, 2014)
[3216104] Failed to build match row: Eindhovense Voetbalvereniging Philips Sport Vereniging vs VVV-Venlo
[2483472] Failed to build match row: Shakhter Soligorsk vs Eindhovense Voetbalvereniging Philips Sport Vereniging
[3058540] Could not find attributes for steven zuber (Turn- und Sportgemeinschaft 1899 Hoffenheim Fußball-Spielbetriebs, 2018)
[3201721] Failed to scrape lineup: https://www.transfermarkt.co.uk/st-mirren-fc_livingston-fc/index/spielbericht/3201721
[3058540] Failed to build match row: Verein für Leibesübungen Wolfsburg vs Turn- und Sportgemeinschaft 1899 Hoffenheim Fußball-Spielbetriebs
[2530808] Could not find attributes for boban bajkovic (Lierse SK (- 2018), 2014)
[2530808] Failed to build match row: Lierse SK (- 2018) vs Royal Standard Club de Liège
[2611290] Could not find attributes for nihat sahin (Mersin Talimyurdu SK, 2015)
[2611290] Failed to build match row: Mersin Talimyurdu SK vs Antalyaspor
[2884016] Failed to scrape lineup: https://www.transfermarkt.co.uk/antalyaspor_kayserispor/index/spielbericht/2884016
[3209967] Could not find attributes for moi gomez (Villarreal Club de Fútbol S.A.D., 2019)
[3209967] Failed to build match row: Villarreal Club de Fútbol S.A.D. vs Levante Unión Deportiva S.A.D.
[2473670] Failed to scrape lineup: https://www.transfermarkt.co.uk/spielbericht/index/spielbericht/2473670
[2342424] Could not find attributes for joeri de kamps (Sportclub Heerenveen, 2013)
[3058541] Failed to scrape lineup: https://www.transfermarkt.co.uk/tsg-1899-hoffenheim_borussia-monchengladbach/index/spielbericht/3058541
[2530955] Could not find attributes for wout brama (Prins Hendrik Ende Desespereert Nimmer Combinatie Zwolle, 2014)
[2530955] Failed to build match row: Football Club Twente vs Prins Hendrik Ende Desespereert Nimmer Combinatie Zwolle
[2483473] Could not find attributes for ingvar jonsson (Stjarnan Gardabaer, 2014)
[2483473] Failed to build match row: Football Club Internazionale Milano S.p.A. vs Stjarnan Gardabaer
[2700930] Could not find attributes for sam lammers (Eindhovense Voetbalvereniging Philips Sport Vereniging, 2016)

Keepers & outfield error for **Royal Standard Club de Liège** in Royal Standard Club de Liège vs Royal Charleroi Sporting Club: Numbers: 2 and 9.
[3216105] Could not find attributes for joey veerman (Sportclub Heerenveen, 2019)
[2700930] Failed to build match row: Eindhovense Voetbalvereniging Philips Sport Vereniging vs Prins Hendrik Ende Desespereert Nimmer Combinatie Zwolle
[3216105] Failed to build match row: Sportclub Heerenveen vs Prins Hendrik Ende Desespereert Nimmer Combinatie Zwolle
[2732073] Failed to build match row: Royal Standard Club de Liège vs Royal Charleroi Sporting Club
[3263165] Could not find attributes for vladyslav pryimak (PFK Lviv, 2019)
[3263165] Failed to build match row: Futbolniy Klub Dynamo Kyiv vs PFK Lviv
[2460640] Failed to scrape lineup: https://www.transfermarkt.co.uk/sv-werder-bremen_tsg-1899-hoffenheim/index/spielbericht/2460640
[2494381] Could not find attributes for dimitrios tairis (Niki Volou, 2014)
[2494381] Failed to build match row: Niki Volou vs AOK Kerkyra
[2329331] Failed to scrape lineup: https://www.transfermarkt.co.uk/fc-nordsjaelland_fc-copenhagen/index/spielbericht/2329331
[2875100] Failed to scrape lineup: https://www.transfermarkt.co.uk/odense-boldklub_ac-horsens/index/spielbericht/2875100
[2646686] Could not find attributes for gianmarco vannucchi (US Alessandria Calcio 1912, 2015)
[2646686] Failed to build match row: Spezia Calcio vs US Alessandria Calcio 1912
[3086952] Could not find attributes for roland juhasz (Videoton FC, 2018)
[3086952] Failed to build match row: Videoton FC vs Malmö Fotbollförening
[2894730] Could not find attributes for matteo marotta (AS Giana Erminio, 2017)
[2894730] Failed to build match row: AS Giana Erminio vs UC AlbinoLeffe
[2884017] Could not find attributes for jailton paraiba (Gençlerbirliği Spor Kulübü, 2017)
[2884017] Failed to build match row: Gençlerbirliği Spor Kulübü vs Göztepe Sportif Yatırımlar A.Ş.

Keepers & outfield error for **Alaves** in Celta vs Alaves: Numbers: 2 and 9.
[2718878] Failed to build match row: Celta vs Alaves
[3047838] Could not find attributes for till cissokho (FC Girondins Bordeaux, 2018)
[3047838] Failed to build match row: AS Saint-Étienne vs FC Girondins Bordeaux
[3107618] Could not find attributes for yaroslav godzyur (Ural Yekaterinburg, 2018)
[3107618] Failed to build match row: Ural Yekaterinburg vs Arsenal Tula
[3058542] Could not find attributes for sebastian langkamp (Sportverein Werder Bremen von 1899, 2018)
[3058542] Failed to build match row: Borussia Dortmund vs Sportverein Werder Bremen von 1899
[2351900] Failed to scrape lineup: https://www.transfermarkt.co.uk/panionios-athens_panathinaikos-athens/index/spielbericht/2351900
[2473671] Could not find attributes for ingvar jonsson (Stjarnan Gardabaer, 2014)
[2473671] Failed to build match row: Stjarnan Gardabaer vs Motherwell Football Club
[2604206] Failed to scrape lineup: https://www.transfermarkt.co.uk/atalanta-bc_fc-empoli/index/spielbericht/2604206
[2530956] Failed to scrape lineup: https://www.transfermarkt.co.uk/spielbericht/index/spielbericht/2530956
[2507219] Could not find attributes for nikita chernov (PFK CSKA Moskva, 2014)
[2507219] Failed to build match row: PFK CSKA Moskva vs Torpedo Moscow
[3080244] Failed to scrape lineup: https://www.transfermarkt.co.uk/motherwell-fc_livingston-fc/index/spielbericht/3080244
[2494382] Could not find attributes for danijel pranjic (Panathinaikos Athlitikos Omilos, 2014)
[2494382] Failed to build match row: Panathinaikos Athlitikos Omilos vs APS Atromitos Athinon
[2483474] Could not find attributes for mykyta shevchenko (FC Zorya Lugansk, 2014)
[2483474] Failed to build match row: FC Zorya Lugansk vs Feyenoord Rotterdam
[3216106] Could not find attributes for crysencio summerville (ADO Den Haag, 2019)
[3216106] Failed to build match row: ADO Den Haag vs AFC Ajax Amsterdam
[2894731] Could not find attributes for matteo di gennaro (AC Renate, 2017)
[2894731] Failed to build match row: AC Renate vs Siracusa Calcio
[2755739] Failed to scrape lineup: https://www.transfermarkt.co.uk/spielbericht/index/spielbericht/2755739
[2329332] Could not find attributes for patrick banggaard (Fodbold Club Midtjylland, 2013)
[2329332] Failed to build match row: Esbjerg fB vs Fodbold Club Midtjylland
[3223189] Failed to scrape lineup: https://www.transfermarkt.co.uk/alanyaspor_yeni-malatyaspor/index/spielbericht/3223189
[2732075] Failed to scrape lineup: https://www.transfermarkt.co.uk/royal-excel-mouscron-2022-_sint-truidense-vv/index/spielbericht/2732075
[2460641] Failed to scrape lineup: https://www.transfermarkt.co.uk/sc-freiburg_borussia-monchengladbach/index/spielbericht/2460641
[2722837] Could not find attributes for paul papp (Kardemir Karabükspor, 2016)
[2722837] Failed to build match row: Kardemir Karabükspor vs Kasımpaşa A.Ş.
[3142741] Could not find attributes for georgios strezos (Omilos Filathlon Irakliou FC, 2018)
[3142741] Failed to build match row: Omilos Filathlon Irakliou FC vs Panionios Athens
[2627493] Failed to scrape lineup: https://www.transfermarkt.co.uk/spielbericht/index/spielbericht/2627493
Not enough players found for lineup: 0, 11.
[2920503] Failed to scrape lineup: https://www.transfermarkt.co.uk/spielbericht/index/spielbericht/2920503
[2335830] Failed to scrape lineup: https://www.transfermarkt.co.uk/sk-tavriya-simferopol-2022-_fk-sevastopol-2014-/index/spielbericht/2335830
[3234716] Failed to scrape lineup: https://www.transfermarkt.co.uk/spielbericht/index/spielbericht/3234716
[3201722] Failed to scrape lineup: https://www.transfermarkt.co.uk/celtic-fc_aberdeen-fc/index/spielbericht/3201722
[2494383] Could not find attributes for stelios malezas (Panetolikos Agrinio, 2014)
[2507220] Failed to scrape lineup: https://www.transfermarkt.co.uk/spielbericht/index/spielbericht/2507220
[2494383] Failed to build match row: Panetolikos Agrinio vs AO Xanthi

Keepers & outfield error for **CD Leganés** in CD Leganés vs Athletic Club Bilbao: Numbers: 2 and 9.
[2718879] Failed to build match row: CD Leganés vs Athletic Club Bilbao
[3087279] Could not find attributes for dmytro bashlay (Arsenal Kyiv, 2018)
[3087279] Failed to build match row: Arsenal Kyiv vs Desna Chernigiv
[2611291] Failed to scrape lineup: https://www.transfermarkt.co.uk/gaziantepspor_eskisehirspor/index/spielbericht/2611291

Keepers & outfield error for **Futebol Clube do Porto** in CS Marítimo vs Futebol Clube do Porto: Numbers: 3 and 8.
[2530957] Failed to build match row: CS Marítimo vs Futebol Clube do Porto
[3216107] Could not find attributes for george cox (Fortuna Sittardia Combinatie, 2019)
[3216107] Failed to build match row: Fortuna Sittardia Combinatie vs Feyenoord Rotterdam
[2367250] Could not find attributes for aleksandr mokin (Shakhter Karaganda, 2013)
[2367250] Failed to build match row: Shakhter Karaganda vs Maccabi Haifa
[3209968] Failed to scrape lineup: https://www.transfermarkt.co.uk/deportivo-alaves_athletic-bilbao/index/spielbericht/3209968
[3142742] Could not find attributes for athanasios panteliadis (APO Levadiakos Football Club, 2018)
[3142742] Failed to build match row: APO Levadiakos Football Club vs Olympiakos Syndesmos Filathlon Peiraios
[2578267] Failed to scrape lineup: https://www.transfermarkt.co.uk/everton-fc_norwich-city/index/spielbericht/2578267
[2894732] Could not find attributes for mladen bozovic (Athlitiki Enosi Larisas, 2017)
[2894732] Failed to build match row: Athlitiki Enosi Larisas vs A.G.S Asteras Tripolis
[2866260] Could not find attributes for stanislav antonov (Dunav Ruse, 2017)
[2698230] Could not find attributes for jose cholevas (Watford FC, 2016)
[2866260] Failed to build match row: Dunav Ruse vs Irtysh Pavlodar
[2646703] Could not find attributes for artem kravets (Verein für Bewegungsspiele Stuttgart 1893, 2015)
[2973445] Failed to scrape lineup: https://www.transfermarkt.co.uk/spielbericht/index/spielbericht/2973445
[2698230] Failed to build match row: Sunderland Association Football Club vs Watford FC

Keepers & outfield error for **Heart of Midlothian Football Club** in Hamilton Academical FC vs Heart of Midlothian Football Club: Numbers: 0 and 11.
[2646703] Failed to build match row: Verein für Bewegungsspiele Stuttgart 1893 vs Borussia Dortmund
[2335832] Could not find attributes for roman pidkivka (Karpaty Lviv (-2021), 2013)
[3201723] Failed to build match row: Hamilton Academical FC vs Heart of Midlothian Football Club
[2755740] Could not find attributes for miroslav radovic (Legia Warszawa Spółka Akcyjna, 2016)
[3263167] Could not find attributes for yevgen galchuk (FK Mariupol, 2019)
[2611292] Could not find attributes for berkan emir (Kayserispor Kulübü, 2015)
[2335832] Failed to build match row: Karpaty Lviv (-2021) vs FK Mariupol
[2755740] Failed to build match row: Legia Warszawa Spółka Akcyjna vs Sporting Clube de Portugal
[3263167] Failed to build match row: FK Mariupol vs Karpaty Lviv (-2021)
[2611292] Failed to build match row: Akhisarspor vs Kayserispor Kulübü
[2875101] Failed to scrape lineup: https://www.transfermarkt.co.uk/fc-copenhagen_hobro-ik/index/spielbericht/2875101
[2718880] Could not find attributes for darko brasanac (Real Betis Balompié S.A.D., 2016)
[2718880] Failed to build match row: Club Atlético de Madrid S.A.D. vs Real Betis Balompié S.A.D.
[2494384] Could not find attributes for georgios athanasiadis (Panthrakikos Komotini, 2014)
[2494384] Failed to build match row: Panthrakikos Komotini vs Omilos Filathlon Irakliou FC
[3209969] Could not find attributes for moi gomez (Villarreal Club de Fútbol S.A.D., 2019)
[3209969] Failed to build match row: Club Atlético de Madrid S.A.D. vs Villarreal Club de Fútbol S.A.D.
[3107619] Failed to scrape lineup: https://www.transfermarkt.co.uk/fk-ufa_enisey-krasnoyarsk/index/spielbericht/3107619
[2351901] Failed to scrape lineup: https://www.transfermarkt.co.uk/olympiacos-piraeus_atromitos-athens/index/spielbericht/2351901
[3047839] Could not find attributes for youssouf fofana (Racing Club de Strasbourg Alsace, 2018)
[2507222] Could not find attributes for vitaliy astakhov (Syzran-2003, 2014)
[3047839] Failed to build match row: Racing Club de Strasbourg Alsace vs EA Guingamp
[2507222] Failed to build match row: Syzran-2003 vs FC Orenburg

Keepers & outfield error for **Göztepe Sportif Yatırımlar A.Ş.** in Göztepe Sportif Yatırımlar A.Ş. vs Bursaspor: Numbers: 0 and 11.
[3069844] Failed to build match row: Göztepe Sportif Yatırımlar A.Ş. vs Bursaspor
[2920504] Could not find attributes for mark de vries (VV Katwijk, 2017)
[2483475] Failed to scrape lineup: https://www.transfermarkt.co.uk/spielbericht/index/spielbericht/2483475
[2920504] Failed to build match row: VV Katwijk vs VV Ter Leede
[2722838] Could not find attributes for luccas claro (Gençlerbirliği Spor Kulübü, 2016)
[2722838] Failed to build match row: Gençlerbirliği Spor Kulübü vs Kayserispor Kulübü
[2335833] Could not find attributes for oleksiy shevchenko (Goverla Uzhgorod (- 2016), 2013)
[2335833] Failed to build match row: Goverla Uzhgorod (- 2016) vs Dnipro Dnipropetrovsk (-2020)

Keepers & outfield error for **Oldham Athletic** in Liverpool Football Club vs Oldham Athletic: Numbers: 2 and 9.
[2387429] Failed to build match row: Liverpool Football Club vs Oldham Athletic
Not enough players found for lineup: 0, 11.
[3234717] Could not find attributes for andrey danilov (Zorkiy Krasnogorsk, 2019)
[2627494] Failed to scrape lineup: https://www.transfermarkt.co.uk/spielbericht/index/spielbericht/2627494
[3234717] Failed to build match row: Zorkiy Krasnogorsk vs FC Ryazan
[2884019] Could not find attributes for adam stahl (Kardemir Karabükspor, 2017)
[2884019] Failed to build match row: Kardemir Karabükspor vs Akhisarspor
[3107620] Could not find attributes for evgeniy gorodov (RFK Akhmat Grozny, 2018)
[3107620] Failed to build match row: Футбольный клуб "Локомотив" Москва vs RFK Akhmat Grozny
[2351902] Could not find attributes for grigoris athanasiou (GS Ergotelis, 2013)
[2351902] Failed to build match row: GS Ergotelis vs APO Levadiakos Football Club

Keepers & outfield error for **Royal Standard Club de Liège** in Club Brugge Koninklijke Voetbalvereniging vs Royal Standard Club de Liège: Numbers: 2 and 9.
[2732077] Failed to build match row: Club Brugge Koninklijke Voetbalvereniging vs Royal Standard Club de Liège
[3069845] Could not find attributes for erkan kas (Yeni Malatyaspor, 2018)
[3069845] Failed to build match row: Yeni Malatyaspor vs Antalyaspor
[2387430] Could not find attributes for modibo maiga (West Ham United Football Club, 2013)
[2335834] Could not find attributes for dmytro bezotosnyi (Chornomorets Odesa, 2013)
[2387430] Failed to build match row: Nottingham Forest Football Club vs West Ham United Football Club
[2335834] Failed to build match row: Chornomorets Odesa vs Futbolniy Klub Dynamo Kyiv

Keepers & outfield error for **Verona Hellas Football Club** in Verona Hellas Football Club vs FC Empoli: Numbers: 0 and 11.
[2507223] Could not find attributes for nukri revishvili (FC Tosno (-2018), 2014)
[2478940] Failed to build match row: Verona Hellas Football Club vs FC Empoli
[2507223] Failed to build match row: Kuban Krasnodar (-2018) vs FC Tosno (-2018)
[3142743] Failed to scrape lineup: https://www.transfermarkt.co.uk/panathinaikos-fc_ao-xanthi/index/spielbericht/3142743
Not enough players found for lineup: 0, 0.
[2586765] Failed to scrape lineup: https://www.transfermarkt.co.uk/losc-lille_paris-saint-germain/index/spielbericht/2586765

Keepers & outfield error for **Chelsea Football Club** in Sunderland Association Football Club vs Chelsea Football Club: Numbers: 2 and 9.
[2578268] Failed to scrape lineup: https://www.transfermarkt.co.uk/norwich-city_manchester-united/index/spielbericht/2578268
[2627496] Failed to scrape lineup: https://www.transfermarkt.co.uk/spielbericht/index/spielbericht/2627496
[2698233] Failed to build match row: Sunderland Association Football Club vs Chelsea Football Club
[3107621] Failed to build match row: Anzhi Makhachkala ( -2022) vs AO FK Zenit Sankt-Peterburg
[2894733] Failed to scrape lineup: https://www.transfermarkt.co.uk/pas-lamia-1964_olympiacos-piraeus/index/spielbericht/2894733

Keepers & outfield error for **Real Betis Balompié S.A.D.** in Real Betis Balompié S.A.D. vs Real Club Deportivo Mallorca S.A.D.: Numbers: 2 and 9.
[3209971] Failed to build match row: Real Betis Balompié S.A.D. vs Real Club Deportivo Mallorca S.A.D.
[3058546] Could not find attributes for ja cheol koo (Fußball-Club Augsburg 1907, 2018)
[3058546] Failed to build match row: Fußball-Club Augsburg 1907 vs FC Schalke 04
[3234718] Could not find attributes for boris shogenov (Spartak Nalchik, 2019)
[3234718] Failed to build match row: Spartak Nalchik vs Inter Cherkessk (-2021)

Keepers & outfield error for **Aberdeen Football Club** in The Celtic Football Club vs Aberdeen Football Club: Numbers: 0 and 11.
[3400516] Failed to build match row: The Celtic Football Club vs Aberdeen Football Club
[2342427] Failed to scrape lineup: https://www.transfermarkt.co.uk/ajax-amsterdam_go-ahead-eagles/index/spielbericht/2342427
[2611303] Failed to scrape lineup: https://www.transfermarkt.co.uk/caykur-rizespor_gaziantepspor/index/spielbericht/2611303
[2755741] Failed to scrape lineup: https://www.transfermarkt.co.uk/spielbericht/index/spielbericht/2755741
[3263168] Failed to scrape lineup: https://www.transfermarkt.co.uk/olimpik-donetsk_fc-oleksandriya/index/spielbericht/3263168
[3087280] Could not find attributes for fran sol (Futbolniy Klub Dynamo Kyiv, 2018)
[3087280] Failed to build match row: Futbolniy Klub Dynamo Kyiv vs FC Zorya Lugansk
[2460643] Failed to scrape lineup: https://www.transfermarkt.co.uk/hamburger-sv_sc-paderborn-07/index/spielbericht/2460643
[3069846] Could not find attributes for david braz (Sivasspor, 2018)
[3069846] Failed to build match row: Sivasspor vs MKE Ankaragücü
[3216108] Could not find attributes for eli dasa (Vitesse Arnhem, 2019)
[3216108] Failed to build match row: Vitesse Arnhem vs Football Club Utrecht
[2803326] Could not find attributes for adam chicksen (Charlton Athletic, 2016)
[2494385] Failed to scrape lineup: https://www.transfermarkt.co.uk/ao-platanias_pas-giannina/index/spielbericht/2494385
[2531137] Failed to scrape lineup: https://www.transfermarkt.co.uk/spielbericht/index/spielbericht/2531137
[2718881] Failed to scrape lineup: https://www.transfermarkt.co.uk/sporting-gijon_sd-eibar/index/spielbericht/2718881

Keepers & outfield error for **Beşiktaş Jimnastik Kulübü** in Konyaspor vs Beşiktaş Jimnastik Kulübü: Numbers: 0 and 11.
[2884020] Failed to build match row: Konyaspor vs Beşiktaş Jimnastik Kulübü
[2335835] Could not find attributes for bogdan shust (Metalist Kharkiv (- 2016), 2013)
[2335835] Failed to build match row: Metalist Kharkiv (- 2016) vs FC Shakhtar Donetsk
[3302910] Could not find attributes for omid ebrahimi (KAS Eupen, 2019)
[3302910] Failed to build match row: SK Beveren vs KAS Eupen
[3142744] Could not find attributes for nikolaos papadopoulos (A.G.S Asteras Tripolis, 2018)
[3142744] Failed to build match row: A.G.S Asteras Tripolis vs Panthessalonikios Athlitikos Omilos Konstantinoupoliton
[2351903] Could not find attributes for spyros vallas (AO Xanthi, 2013)
[2351903] Failed to build match row: AO Xanthi vs Panthrakikos Komotini
Not enough players found for lineup: 0, 0.
[2627497] Failed to scrape lineup: https://www.transfermarkt.co.uk/spielbericht/index/spielbericht/2627497
[3234719] Could not find attributes for rostislav soldatenko (Alania Vladikavkaz, 2019)
[3234719] Failed to build match row: Alania Vladikavkaz vs Volgar Astrakhan
[3058547] Could not find attributes for hendrik weydandt (Hannover 96, 2018)
[3058547] Failed to build match row: Hannover 96 vs FC Bayern München
[2701602] Failed to scrape lineup: https://www.transfermarkt.co.uk/losc-lille_dijon-fco/index/spielbericht/2701602
[2578269] Could not find attributes for erik pieters (Stoke City, 2015)
[2578269] Failed to build match row: Crystal Palace Football Club vs Stoke City
[3223190] Could not find attributes for bunyamin balci (Antalyaspor, 2019)
[2611304] Failed to build match row: Bursaspor vs Konyaspor
[3223190] Failed to build match row: Antalyaspor vs Konyaspor
[2901272] Could not find attributes for oleksandr bandura (NK Veres Rivne, 2017)
[2901272] Failed to build match row: NK Veres Rivne vs Chornomorets Odesa
[2875103] Failed to scrape lineup: https://www.transfermarkt.co.uk/fc-nordsjaelland_aalborg-bk/index/spielbericht/2875103
[3400517] Could not find attributes for guy melamed (St. Johnstone FC, 2020)
[3400517] Failed to build match row: Hamilton Academical FC vs St. Johnstone FC
[2367252] Failed to scrape lineup: https://www.transfermarkt.co.uk/spielbericht/index/spielbericht/2367252
[2594548] Failed to scrape lineup: https://www.transfermarkt.co.uk/deportivo-de-la-coruna_athletic-bilbao/index/spielbericht/2594548
[2722839] Failed to scrape lineup: https://www.transfermarkt.co.uk/caykur-rizespor_basaksehir-fk/index/spielbericht/2722839

Keepers & outfield error for **UD Las Palmas** in Futbol Club Barcelona vs UD Las Palmas: Numbers: 2 and 9.
[2718882] Failed to build match row: Futbol Club Barcelona vs UD Las Palmas

Keepers & outfield error for **Royal Sporting Club Anderlecht** in FK Dinamo Moskva vs Royal Sporting Club Anderlecht: Numbers: 0 and 11.
[2531138] Failed to build match row: FK Dinamo Moskva vs Royal Sporting Club Anderlecht
[2494386] Could not find attributes for michalis zaropoulos (AO Xanthi, 2014)
[2494386] Failed to build match row: AO Xanthi vs Omilos Filathlon Irakliou FC
[2507224] Could not find attributes for denis pchelintsev (Shinnik Yaroslavl, 2014)
[2755742] Could not find attributes for georgiy shchennikov (PFK CSKA Moskva, 2016)
[2507224] Failed to build match row: Mordovia Saransk (-2020) vs Shinnik Yaroslavl
[2755742] Failed to build match row: Tottenham Hotspur Football Club vs PFK CSKA Moskva
Not enough players found for lineup: 0, 11.

Keepers & outfield error for **Levante Unión Deportiva S.A.D.** in Levante Unión Deportiva S.A.D. vs Real Madrid Club de Fútbol: Numbers: 0 and 11.
[2627498] Failed to scrape lineup: https://www.transfermarkt.co.uk/spielbericht/index/spielbericht/2627498
[3209974] Failed to build match row: Levante Unión Deportiva S.A.D. vs Real Madrid Club de Fútbol
[2335836] Could not find attributes for oleksandr rybka (Futbolniy Klub Dynamo Kyiv, 2013)
[2604209] Failed to scrape lineup: https://www.transfermarkt.co.uk/genoa-cfc_ss-lazio/index/spielbericht/2604209
[2335836] Failed to build match row: Futbolniy Klub Dynamo Kyiv vs FC Shakhtar Donetsk
[2351904] Could not find attributes for antonis georgallidis (AO Platanias, 2013)
[2351904] Failed to build match row: AO Platanias vs A.G.S Asteras Tripolis
[2884021] Could not find attributes for aatif chahechouhe (Fenerbahçe Spor Kulübü, 2017)
[2884021] Failed to build match row: Fenerbahçe Spor Kulübü vs Alanyaspor
[3201724] Failed to scrape lineup: https://www.transfermarkt.co.uk/hibernian-fc_rangers-fc/index/spielbericht/3201724
[2646706] Failed to scrape lineup: https://www.transfermarkt.co.uk/spielbericht/index/spielbericht/2646706
[3107622] Failed to scrape lineup: https://www.transfermarkt.co.uk/fk-krasnodar_dinamo-moscow/index/spielbericht/3107622
[2367254] Could not find attributes for dmytro bezotosnyi (Chornomorets Odesa, 2013)
[2367254] Failed to build match row: Chornomorets Odesa vs Ludogorets Razgrad
[2894734] Failed to scrape lineup: https://www.transfermarkt.co.uk/paok-thessaloniki_aok-kerkyra/index/spielbericht/2894734
[3087281] Could not find attributes for bogdan shust (Vorskla Poltava, 2018)
[3087281] Failed to build match row: Vorskla Poltava vs Karpaty Lviv (-2021)
[3234722] Could not find attributes for sergey borodin (FC Murom, 2019)
[3234722] Failed to build match row: FC Murom vs Ararat Moskow (-2020)
[3400518] Could not find attributes for devante cole (Motherwell Football Club, 2020)
[3400518] Failed to build match row: Hibernian Football Club vs Motherwell Football Club
[3263169] Failed to scrape lineup: https://www.transfermarkt.co.uk/zorya-lugansk_kolos-kovalivka/index/spielbericht/3263169
[2507225] Could not find attributes for joaozinho (FK Krasnodar, 2014)
[2507225] Failed to build match row: FK Krasnodar vs PFK Krylya Sovetov Samara
[2604210] Could not find attributes for michel morganella (Palermo FC, 2015)
[2604210] Failed to build match row: Unione Sportiva Sassuolo Calcio vs Palermo FC
[3216109] Failed to scrape lineup: https://www.transfermarkt.co.uk/willem-ii-tilburg_az-alkmaar/index/spielbericht/3216109
[2973446] Could not find attributes for jonny maxted (Guiseley AFC, 2017)
[2473672] Failed to scrape lineup: https://www.transfermarkt.co.uk/spielbericht/index/spielbericht/2473672
[2973446] Failed to build match row: Mansfield Town vs Guiseley AFC
[3142745] Failed to scrape lineup: https://www.transfermarkt.co.uk/aris-thessaloniki_pas-lamia-1964/index/spielbericht/3142745
[3107623] Could not find attributes for nikolay rasskazov (FK Spartak Moskva, 2018)
[3107623] Failed to build match row: FK Spartak Moskva vs FK Rostov
[2755743] Could not find attributes for jeremy morel (Olympique Lyonnais, 2016)
[2755743] Failed to build match row: Olympique Lyonnais vs Sevilla Fútbol Club S.A.D.
[2894735] Could not find attributes for zeca (Panathinaikos Athlitikos Omilos, 2017)
[2894735] Failed to build match row: Panathinaikos Athlitikos Omilos vs APO Levadiakos Football Club
[2478942] Could not find attributes for marco storari (Juventus Football Club, 2014)
[2478942] Failed to build match row: Football Club Internazionale Milano S.p.A. vs Juventus Football Club
[2342429] Could not find attributes for Roland Alberg (ADO Den Haag, 2013)
[2342429] Failed to build match row: ADO Den Haag vs AFC Ajax Amsterdam
[2586767] Failed to scrape lineup: https://www.transfermarkt.co.uk/fc-toulouse_as-saint-etienne/index/spielbericht/2586767
[2578270] Failed to scrape lineup: https://www.transfermarkt.co.uk/watford-fc_sunderland-afc/index/spielbericht/2578270
[3223191] Failed to scrape lineup: https://www.transfermarkt.co.uk/caykur-rizespor_besiktas-jk/index/spielbericht/3223191
[2611305] Failed to scrape lineup: https://www.transfermarkt.co.uk/kayserispor_sivasspor/index/spielbericht/2611305
[2901273] Failed to scrape lineup: https://www.transfermarkt.co.uk/zorya-lugansk_zirka-kropyvnytskyi/index/spielbericht/2901273
[3302912] Failed to scrape lineup: https://www.transfermarkt.co.uk/cercle-brugge-_rsc-anderlecht/index/spielbericht/3302912
[2367255] Could not find attributes for oliver zelenika (GNK Dinamo Zagreb, 2013)
[2367255] Failed to build match row: GNK Dinamo Zagreb vs Eindhovense Voetbalvereniging Philips Sport Vereniging

Keepers & outfield error for **FK Spartak Moskva** in FC Rubin Kazan vs FK Spartak Moskva: Numbers: 2 and 9.
[2507226] Failed to build match row: FC Rubin Kazan vs FK Spartak Moskva
[3234723] Could not find attributes for azamat shogenov (Chernomorets Novorossijsk, 2019)
[3234723] Failed to build match row: Chernomorets Novorossijsk vs Biolog-Novokubansk Progress
[3263170] Could not find attributes for yevgen past (Desna Chernigiv, 2019)
[3263170] Failed to build match row: Desna Chernigiv vs SC Dnipro-1
[2722840] Failed to scrape lineup: https://www.transfermarkt.co.uk/besiktas-jk_adanaspor/index/spielbericht/2722840
[3107624] Could not find attributes for filip uremovic (FC Rubin Kazan, 2018)
[3107624] Failed to build match row: FC Rubin Kazan vs PFK Krylya Sovetov Samara
[2973447] Could not find attributes for neill byrne (Gateshead FC, 2017)
[2973447] Failed to build match row: Gateshead FC vs Luton Town
[2732079] Failed to scrape lineup: https://www.transfermarkt.co.uk/rsc-anderlecht_kaa-gent/index/spielbericht/2732079
[2884023] Could not find attributes for anil karaer (Ankaraspor, 2017)
[2884023] Failed to build match row: Ankaraspor vs Antalyaspor
[2494387] Failed to scrape lineup: https://www.transfermarkt.co.uk/aok-kerkyra_panetolikos-gfs/index/spielbericht/2494387
[2531139] Failed to scrape lineup: https://www.transfermarkt.co.uk/spielbericht/index/spielbericht/2531139
[2894736] Could not find attributes for dimitrios chantakias (Panetolikos Agrinio, 2017)
[2894736] Failed to build match row: Panetolikos Agrinio vs APS Atromitos Athinon

Keepers & outfield error for **Deportivo de La Coruña** in Deportivo de La Coruña vs Villarreal Club de Fútbol S.A.D.: Numbers: 2 and 9.
[2718883] Failed to build match row: Deportivo de La Coruña vs Villarreal Club de Fútbol S.A.D.
[2803327] Could not find attributes for finlay wood (Newport County, 2016)
[2803327] Failed to build match row: Newport County vs Plymouth Argyle
[3142746] Could not find attributes for markos vellidis (PAS Giannina, 2018)
[3142746] Failed to build match row: PAS Giannina vs Athlitiki Enosi Konstantinoupoleos
[2866261] Failed to scrape lineup: https://www.transfermarkt.co.uk/spielbericht/index/spielbericht/2866261
[2473673] Could not find attributes for dmitriy khomich (Kairat Almaty, 2014)
[2473673] Failed to build match row: Esbjerg fB vs Kairat Almaty
[2387433] Failed to scrape lineup: https://www.transfermarkt.co.uk/spielbericht/index/spielbericht/2387433
[2701603] Failed to scrape lineup: https://www.transfermarkt.co.uk/olympique-lyon_sm-caen/index/spielbericht/2701603

Keepers & outfield error for **Chelsea Football Club** in Chelsea Football Club vs Manchester City Football Club: Numbers: 2 and 9.
[2578271] Failed to build match row: Chelsea Football Club vs Manchester City Football Club
[2611306] Could not find attributes for sabri sarioglu (Galatasaray Spor Kulübü, 2015)
[2611306] Failed to build match row: Akhisarspor vs Galatasaray Spor Kulübü
[2875105] Failed to scrape lineup: https://www.transfermarkt.co.uk/silkeborg-if_aarhus-gf/index/spielbericht/2875105
[3058549] Failed to scrape lineup: https://www.transfermarkt.co.uk/1-fc-nuremberg_vfl-wolfsburg/index/spielbericht/3058549
[3209975] Failed to scrape lineup: https://www.transfermarkt.co.uk/ca-osasuna_granada-cf/index/spielbericht/3209975
[2335837] Failed to scrape lineup: https://www.transfermarkt.co.uk/shakhtar-donetsk_sk-tavriya-simferopol-2022-/index/spielbericht/2335837
Not enough players found for lineup: 0, 0.
[2507232] Failed to scrape lineup: https://www.transfermarkt.co.uk/spielbericht/index/spielbericht/2507232
[2351905] Failed to scrape lineup: https://www.transfermarkt.co.uk/panathinaikos-athens_ofi-crete-fc/index/spielbericht/2351905
[2894737] Could not find attributes for matic kotnik (Panionios Athens, 2017)
[2894737] Failed to build match row: Panionios Athens vs Apollon Smyrnis
[2920505] Failed to scrape lineup: https://www.transfermarkt.co.uk/spielbericht/index/spielbericht/2920505
[3263171] Could not find attributes for sergiy borzenko (PFK Lviv, 2019)
[3263171] Failed to build match row: PFK Lviv vs Vorskla Poltava
[2884024] Could not find attributes for demba ba (Göztepe Sportif Yatırımlar A.Ş., 2017)
[2884024] Failed to build match row: Göztepe Sportif Yatırımlar A.Ş. vs Sivasspor
[2646707] Failed to scrape lineup: https://www.transfermarkt.co.uk/spielbericht/index/spielbericht/2646707
[2494388] Could not find attributes for luigi cennamo (APS Atromitos Athinon, 2014)
[2494388] Failed to build match row: APS Atromitos Athinon vs A.G.S Asteras Tripolis
[2803328] Could not find attributes for kingsley james (Macclesfield Town FC, 2016)
[2329334] Could not find attributes for patrick banggaard (Fodbold Club Midtjylland, 2013)
[2329334] Failed to build match row: Fodbold Club Midtjylland vs Fodbold Club Nordsjælland
[2803328] Failed to build match row: Oxford United vs Macclesfield Town FC
[3143296] Could not find attributes for markos vellidis (PAS Giannina, 2018)
[3143296] Failed to build match row: PAS Giannina vs Panionios Athens
[3108457] Could not find attributes for christos theodorakis (APS Atromitos Athinon, 2018)
[3108457] Failed to build match row: APS Atromitos Athinon vs PAS Giannina
[3069848] Failed to scrape lineup: https://www.transfermarkt.co.uk/besiktas-jk_trabzonspor/index/spielbericht/3069848
282
[3223192] Could not find attributes for anthony uzodimma (Kayserispor Kulübü, 2019)
[3223192] Failed to build match row: Galatasaray Spor Kulübü vs Kayserispor Kulübü

Keepers & outfield error for **Fenerbahçe Spor Kulübü** in Fenerbahçe Spor Kulübü vs Gençlerbirliği Spor Kulübü: Numbers: 0 and 11.
[2611307] Failed to build match row: Fenerbahçe Spor Kulübü vs Gençlerbirliği Spor Kulübü
[2901274] Could not find attributes for aleksandr gutor (Chornomorets Odesa, 2017)
[2901274] Failed to build match row: Chornomorets Odesa vs FC Zorya Lugansk
[2335839] Could not find attributes for artem kychak (Volyn Lutsk, 2013)
[2335839] Failed to build match row: Volyn Lutsk vs Vorskla Poltava
[2507233] Could not find attributes for anastasios avlonitis (Olympiakos Syndesmos Filathlon Peiraios, 2014)
[2507233] Failed to build match row: Olympiakos Syndesmos Filathlon Peiraios vs Panionios Athens

Keepers & outfield error for **AO FK Zenit Sankt-Peterburg** in AO FK Zenit Sankt-Peterburg vs Eindhovense Voetbalvereniging Philips Sport Vereniging: Numbers: 2 and 9.
[2531140] Failed to build match row: AO FK Zenit Sankt-Peterburg vs Eindhovense Voetbalvereniging Philips Sport Vereniging
[3263172] Could not find attributes for valeriy yurchuk (SC Dnipro-1, 2019)
[3263172] Failed to build match row: SC Dnipro-1 vs Vorskla Poltava
[2894738] Could not find attributes for konstantinos mavropanos (PAS Giannina, 2017)
[2894738] Failed to build match row: PAS Giannina vs Athlitiki Enosi Konstantinoupoleos
[2884025] Could not find attributes for domagoj vida (Beşiktaş Jimnastik Kulübü, 2017)
[2586768] Could not find attributes for fabien camus (ESTAC Troyes, 2015)
[2884025] Failed to build match row: Beşiktaş Jimnastik Kulübü vs Fenerbahçe Spor Kulübü
[2586768] Failed to build match row: ESTAC Troyes vs GFC Ajaccio
[2722841] Could not find attributes for jan durica (Trabzonspor Kulübü, 2016)
[2722841] Failed to build match row: Antalyaspor vs Trabzonspor Kulübü
[2494389] Could not find attributes for tomas cerny (GS Ergotelis, 2014)
[2494389] Failed to build match row: GS Ergotelis vs Veria NPS
[3234724] Failed to scrape lineup: https://www.transfermarkt.co.uk/spielbericht/index/spielbericht/3234724
Not enough players found for lineup: 0, 11.
[3069849] Could not find attributes for trezeguet (Kasımpaşa A.Ş., 2018)
[3108458] Failed to scrape lineup: https://www.transfermarkt.co.uk/spielbericht/index/spielbericht/3108458
[3069849] Failed to build match row: Konyaspor vs Kasımpaşa A.Ş.
[2604212] Failed to scrape lineup: https://www.transfermarkt.co.uk/ac-milan_udinese-calcio/index/spielbericht/2604212
[2460649] Could not find attributes for christian schulz (Hannover 96, 2014)
[2460649] Failed to build match row: Hannover 96 vs Hamburger Sport Verein
[2351906] Could not find attributes for andre bikey (Panetolikos Agrinio, 2013)

Keepers & outfield error for **Sporting Gijón** in Sporting Gijón vs Granada CF: Numbers: 2 and 9.
[2351906] Failed to build match row: Panetolikos Agrinio vs Olympiakos Syndesmos Filathlon Peiraios
[2594549] Failed to build match row: Sporting Gijón vs Granada CF
[2478944] Failed to scrape lineup: https://www.transfermarkt.co.uk/us-sassuolo_ac-milan/index/spielbericht/2478944
[2901275] Could not find attributes for oleksandr bandura (NK Veres Rivne, 2017)
[2335840] Could not find attributes for oleg chuvaev (FK Sevastopol (- 2014), 2013)
[2335840] Failed to build match row: FK Sevastopol (- 2014) vs Metalurg Zaporizhya (-2016)
[2342431] Failed to scrape lineup: https://www.transfermarkt.co.uk/fc-utrecht_ado-den-haag/index/spielbericht/2342431
[3263173] Could not find attributes for yevgen volynets (FK Kolos Kovalivka, 2019)
[3263173] Failed to build match row: FK Kolos Kovalivka vs Desna Chernigiv
[2921333] Could not find attributes for aleksandr prudnikov (Anzhi Makhachkala ( -2022), 2017)
[2921333] Failed to build match row: FC Tosno (-2018) vs Anzhi Makhachkala ( -2022)
[2494390] Could not find attributes for michalis sifakis (APO Levadiakos Football Club, 2014)
[2494390] Failed to build match row: APO Levadiakos Football Club vs AO Platanias
[2722842] Could not find attributes for kenneth omeruo (Alanyaspor, 2016)
[2722842] Failed to build match row: Alanyaspor vs Ankaraspor
[2718885] Could not find attributes for andreas pereira (Granada CF, 2016)
[2718885] Failed to build match row: Granada CF vs Club Atlético Osasuna
[3234725] Could not find attributes for nikita kiselev (FK Blagoveshchensk, 2019)
[2732081] Failed to scrape lineup: https://www.transfermarkt.co.uk/zulte-waregem_kv-oostende-2024-/index/spielbericht/2732081
[3234725] Failed to build match row: FK Blagoveshchensk vs Sakhalin Yuzhno-Sakhalinsk
[2866262] Could not find attributes for ciaron harkin (Coleraine FC, 2017)
[2866262] Failed to build match row: Coleraine FC vs FK Haugesund
[2332094] Failed to scrape lineup: https://www.transfermarkt.co.uk/crystal-palace_arsenal-fc/index/spielbericht/2332094
[3087283] Could not find attributes for yuriy pankiv (FC Oleksandriya, 2018)
[3108459] Could not find attributes for dmytro chygrynskyi (Athlitiki Enosi Konstantinoupoleos, 2018)

Keepers & outfield error for **Levante Unión Deportiva S.A.D.** in Levante Unión Deportiva S.A.D. vs Villarreal Club de Fútbol S.A.D.: Numbers: 0 and 11.
[2475181] Failed to build match row: Levante Unión Deportiva S.A.D. vs Villarreal Club de Fútbol S.A.D.
[2478945] Could not find attributes for duje cop (Cagliari Calcio, 2014)
[2611308] Could not find attributes for axel meye (Eskisehirspor, 2015)
[2478945] Failed to build match row: Cagliari Calcio vs Palermo FC
[2611308] Failed to build match row: Eskisehirspor vs İstanbul Başakşehir Futbol Kulübü
[2646883] Could not find attributes for takuto hayashi (Sanfrecce Hiroshima, 2015)
[2646883] Failed to build match row: Sanfrecce Hiroshima vs Guangzhou Evergrande
[2351907] Could not find attributes for spyros risvanis (Panathinaikos Athlitikos Omilos, 2013)
[2483938] Could not find attributes for stipe pletikosa (FK Rostov, 2014)
[3058552] Could not find attributes for oscar wendt (Mönchengladbach, 2018)
[2351907] Failed to build match row: Panathinaikos Athlitikos Omilos vs A.G.S Asteras Tripolis
[2483938] Failed to build match row: Kuban Krasnodar (-2018) vs FK Rostov
[3058552] Failed to build match row: Mönchengladbach vs 1.FC Nuremberg
[2507234] Could not find attributes for maarten martens (Panthessalonikios Athlitikos Omilos Konstantinoupoliton, 2014)
[2507234] Failed to build match row: Panthessalonikios Athlitikos Omilos Konstantinoupoliton vs PAS Giannina
[2866263] Could not find attributes for ignas plukas (FK Trakai, 2017)
[2866263] Failed to build match row: FK Trakai vs St. Johnstone FC
[2901276] Could not find attributes for roman pidkivka (Karpaty Lviv (-2021), 2017)
[2901276] Failed to build match row: Karpaty Lviv (-2021) vs Olimpik Donetsk

Keepers & outfield error for **Associazione Calcio Fiorentina** in Associazione Calcio Fiorentina vs Tottenham Hotspur Football Club: Numbers: 0 and 11.
[2531141] Failed to build match row: Associazione Calcio Fiorentina vs Tottenham Hotspur Football Club
[2894739] Could not find attributes for pierrick cros (AO Platanias, 2017)
[2894739] Failed to build match row: AO Platanias vs AO Xanthi
[2494391] Could not find attributes for anastasios avlonitis (Olympiakos Syndesmos Filathlon Peiraios, 2014)
[2494391] Failed to build match row: Olympiakos Syndesmos Filathlon Peiraios vs Panthrakikos Komotini

Keepers & outfield error for **Bologna Football Club 1909** in Bologna Football Club 1909 vs Associazione Calcio Fiorentina: Numbers: 0 and 11.
[2604213] Failed to build match row: Bologna Football Club 1909 vs Associazione Calcio Fiorentina
[3047840] Could not find attributes for gerzino nyamsi (Rennes, 2018)
[3047840] Failed to build match row: Dijon FCO vs Rennes
[3234726] Could not find attributes for aleksandr rudenko (FC Orenburg, 2019)
[3234726] Failed to build match row: FC Orenburg vs PFK Tambov (-2021)
[3400521] Failed to scrape lineup: https://www.transfermarkt.co.uk/st-mirren-fc_ross-county-fc/index/spielbericht/3400521
[2460651] Could not find attributes for ragnar klavan (Fußball-Club Augsburg 1907, 2014)
[2460651] Failed to build match row: Eintracht Frankfurt Fußball AG vs Fußball-Club Augsburg 1907
[2387435] Could not find attributes for mickey demetriou (Kidderminster Harriers, 2013)
[2387435] Failed to build match row: Kidderminster Harriers vs Peterborough United
[2884026] Failed to scrape lineup: https://www.transfermarkt.co.uk/yeni-malatyaspor_kardemir-karabukspor/index/spielbericht/2884026
[2586769] Failed to scrape lineup: https://www.transfermarkt.co.uk/fc-nantes_ea-guingamp/index/spielbericht/2586769
[3143297] Could not find attributes for nikolaos loumpardeas (Panachaiki GE, 2018)
[2803563] Could not find attributes for enaut zubikarai (Auckland City FC, 2016)
[3143297] Failed to build match row: Panachaiki GE vs Panthessalonikios Athlitikos Omilos Konstantinoupoliton
[3209977] Failed to scrape lineup: https://www.transfermarkt.co.uk/real-valladolid-cf_rcd-espanyol-barcelona/index/spielbericht/3209977
[2803563] Failed to build match row: Kashima Antlers FC vs Auckland City FC
[2973449] Could not find attributes for sam stubbs (Crewe Alexandra, 2017)
[2973449] Failed to build match row: Blackburn Rovers vs Crewe Alexandra
[3087284] Could not find attributes for rustam khudzhamov (FK Mariupol, 2018)
[3087284] Failed to build match row: FK Mariupol vs Olimpik Donetsk
[2627499] Could not find attributes for Guillano Grot (FC Lienden, 2015)
[2901277] Could not find attributes for bogdan shust (Vorskla Poltava, 2017)
[2901277] Failed to build match row: Vorskla Poltava vs FC Oleksandriya
[2866264] Could not find attributes for nejc vidmar (NK Olimpija Ljubljana, 2017)
[2866264] Failed to build match row: NK Olimpija Ljubljana vs Vaasan Palloseura
Not enough players found for lineup: 0, 0.
[2507235] Failed to scrape lineup: https://www.transfermarkt.co.uk/spielbericht/index/spielbericht/2507235
[2698234] Failed to scrape lineup: https://www.transfermarkt.co.uk/watford-fc_crystal-palace/index/spielbericht/2698234
[2351908] Could not find attributes for iosif daskalakis (Omilos Filathlon Irakliou FC, 2013)
[2351908] Failed to build match row: Omilos Filathlon Irakliou FC vs Panthessalonikios Athlitikos Omilos Konstantinoupoliton
[2335841] Failed to scrape lineup: https://www.transfermarkt.co.uk/zorya-lugansk_karpaty-lviv-2021-/index/spielbericht/2335841
[2342432] Failed to scrape lineup: https://www.transfermarkt.co.uk/roda-jc-kerkrade_fc-utrecht/index/spielbericht/2342432
[2755776] Could not find attributes for papa gueye (FK Rostov, 2016)
[2755776] Failed to build match row: FK Rostov vs PFK Krylya Sovetov Samara
[2494392] Could not find attributes for theofanis tzandaris (Panthessalonikios Athlitikos Omilos Konstantinoupoliton, 2014)
[2494392] Failed to build match row: Panthessalonikios Athlitikos Omilos Konstantinoupoliton vs Panathinaikos Athlitikos Omilos

Keepers & outfield error for **Málaga CF** in Málaga CF vs Real Sociedad de Fútbol S.A.D.: Numbers: 0 and 11.
[2718887] Failed to build match row: Málaga CF vs Real Sociedad de Fútbol S.A.D.

Keepers & outfield error for **Celta** in Celta vs Getafe Club de Fútbol S. A. D. Team Dubai: Numbers: 0 and 11.
[2475183] Failed to build match row: Celta vs Getafe Club de Fútbol S. A. D. Team Dubai
[3108460] Could not find attributes for fotis karagiolidis (Volou Neos Podosferikos Syllogos, 2018)
[3108460] Failed to build match row: Volou Neos Podosferikos Syllogos vs Apollon Larisas

Keepers & outfield error for **Aberdeen Football Club** in Aberdeen Football Club vs Hamilton Academical FC: Numbers: 0 and 11.
[3400522] Failed to build match row: Aberdeen Football Club vs Hamilton Academical FC
[2755777] Could not find attributes for ognjen vranjes (Tom Tomsk, 2016)
[2755777] Failed to build match row: Amkar Perm vs Tom Tomsk
[2701607] Failed to scrape lineup: https://www.transfermarkt.co.uk/stade-rennais-fc_as-nancy-lorraine/index/spielbericht/2701607
[3143298] Could not find attributes for zivko zivkovic (AO Xanthi, 2018)
[3087285] Could not find attributes for yuriy pankiv (FC Oleksandriya, 2018)
[3143298] Failed to build match row: AO Xanthi vs Olympiakos Syndesmos Filathlon Peiraios
[2901278] Could not find attributes for georgiy bushchan (Futbolniy Klub Dynamo Kyiv, 2017)
[2586770] Could not find attributes for antoine devaux (Stade Reims, 2015)
Not enough players found for lineup: 0, 0.

Keepers & outfield error for **Juventus Football Club** in Società Sportiva Lazio S.p.A. vs Juventus Football Club: Numbers: 0 and 11.
[3087285] Failed to build match row: FC Oleksandriya vs FK Mariupol
[2901278] Failed to build match row: Futbolniy Klub Dynamo Kyiv vs FK Mariupol
[2586770] Failed to build match row: FC Girondins Bordeaux vs Stade Reims
[2507237] Failed to scrape lineup: https://www.transfermarkt.co.uk/spielbericht/index/spielbericht/2507237
[2647469] Failed to build match row: Società Sportiva Lazio S.p.A. vs Juventus Football Club
[2335842] Could not find attributes for vasyl pryima (Metalurg Donetsk (- 2015), 2013)
[3058553] Could not find attributes for peter pekarik (Hertha BSC, 2018)
[2973450] Could not find attributes for jay lynch (AFC Fylde, 2017)
[3058553] Failed to build match row: Hertha BSC vs Fußball-Club Augsburg 1907
[2335842] Failed to build match row: Metalurg Donetsk (- 2015) vs FK Mariupol
[2973450] Failed to build match row: AFC Fylde vs Wigan Athletic
Not enough players found for lineup: 11, 0.
[2627500] Failed to scrape lineup: https://www.transfermarkt.co.uk/spielbericht/index/spielbericht/2627500
[2494393] Could not find attributes for nikolaos papadopoulos (Panionios Athens, 2014)
[2494393] Failed to build match row: Panionios Athens vs AEL Kalloni
[2895675] Failed to scrape lineup: https://www.transfermarkt.co.uk/spielbericht/index/spielbericht/2895675
[2803564] Could not find attributes for hyung min shin (Jeonbuk Hyundai Motors, 2016)
[2803564] Failed to build match row: Jeonbuk Hyundai Motors vs Club de Futbol América S. A. de C. V.

Keepers & outfield error for **Alaves** in Alaves vs CD Leganés: Numbers: 2 and 9.
[2718888] Failed to build match row: Alaves vs CD Leganés
[3108461] Could not find attributes for nikolaos giannakopoulos (Panetolikos Agrinio, 2018)
[3108461] Failed to build match row: Panetolikos Agrinio vs Panathinaikos Athlitikos Omilos
[2866265] Could not find attributes for sebastien flauss (FC Progrès Niederkorn, 2017)
[2866265] Failed to build match row: FC Progrès Niederkorn vs Rangers Football Club
[2531143] Could not find attributes for guillaume hoarau (Berner Sport Club Young Boys, 2014)
[2732083] Failed to scrape lineup: https://www.transfermarkt.co.uk/ksc-lokeren-2020-_krc-genk/index/spielbericht/2732083
[2531143] Failed to build match row: Everton Football Club vs Berner Sport Club Young Boys
[2586771] Could not find attributes for paul baysse (Olympique Gymnaste Club Nice Côte d'Azur, 2015)
[2586771] Failed to build match row: Olympique Gymnaste Club Nice Côte d'Azur vs Association sportive de Monaco Football Club
[2611309] Could not find attributes for semih karadeniz (Trabzonspor Kulübü, 2015)
[2611309] Failed to build match row: Antalyaspor vs Trabzonspor Kulübü
[3302915] Could not find attributes for terem moffi (KV Kortrijk, 2019)

Keepers & outfield error for **Leicester City** in Stoke City vs Leicester City: Numbers: 0 and 11.
[3302915] Failed to build match row: KV Kortrijk vs Royal Standard Club de Liège
[2387437] Failed to build match row: Stoke City vs Leicester City
[2755779] Could not find attributes for georgiy shchennikov (PFK CSKA Moskva, 2016)
[2755779] Failed to build match row: PFK CSKA Moskva vs RFK Akhmat Grozny
[3223194] Could not find attributes for baris yardimci (Sivasspor, 2019)
[3223194] Failed to build match row: Sivasspor vs İstanbul Başakşehir Futbol Kulübü
[2342434] Could not find attributes for roland alberg (ADO Den Haag, 2013)
[2342434] Failed to build match row: ADO Den Haag vs Heracles Almelo
[3058554] Could not find attributes for sebastian langkamp (Sportverein Werder Bremen von 1899, 2018)
[3058554] Failed to build match row: Sportverein Werder Bremen von 1899 vs Turn- und Sportgemeinschaft 1899 Hoffenheim Fußball-Spielbetriebs

Keepers & outfield error for **Ross County FC** in Livingston Football Club vs Ross County FC: Numbers: 2 and 9.
[3201726] Failed to build match row: Livingston Football Club vs Ross County FC
[2594553] Could not find attributes for daniele bonera (Villarreal Club de Fútbol S.A.D., 2015)
[2594553] Failed to build match row: UD Las Palmas vs Villarreal Club de Fútbol S.A.D.

Keepers & outfield error for **SD Eibar** in SD Eibar vs Levante Unión Deportiva S.A.D.: Numbers: 2 and 9.
[3209979] Failed to build match row: SD Eibar vs Levante Unión Deportiva S.A.D.
[2483940] Failed to scrape lineup: https://www.transfermarkt.co.uk/zenit-st-petersburg_torpedo-moskau/index/spielbericht/2483940
[2335843] Could not find attributes for yevgen galchuk (FK Mariupol, 2013)
[2335843] Failed to build match row: FK Mariupol vs Vorskla Poltava
[2494394] Could not find attributes for markos vellidis (PAS Giannina, 2014)
[2494394] Failed to build match row: PAS Giannina vs Niki Volou

Keepers & outfield error for **Bologna Football Club 1909** in Udinese Calcio vs Bologna Football Club 1909: Numbers: 0 and 11.
[2604215] Failed to build match row: Udinese Calcio vs Bologna Football Club 1909
[2351909] Could not find attributes for nikolaos anastasopoulos (Veria NPS, 2013)
[3263174] Failed to scrape lineup: https://www.transfermarkt.co.uk/fc-oleksandriya_zorya-lugansk/index/spielbericht/3263174
[2351909] Failed to build match row: Veria NPS vs GS Ergotelis
[3087286] Could not find attributes for sergiy litovchenko (Chornomorets Odesa, 2018)
[3087286] Failed to build match row: Chornomorets Odesa vs FC Shakhtar Donetsk
[2478948] Could not find attributes for andrea masiello (Atalanta Bergamasca Calcio S.p.a., 2014)

Keepers & outfield error for **Athletic Club Bilbao** in Athletic Club Bilbao vs Torino Calcio: Numbers: 2 and 9.
[2531144] Failed to build match row: Athletic Club Bilbao vs Torino Calcio
[2478948] Failed to build match row: Chievo Verona vs Atalanta Bergamasca Calcio S.p.a.

Keepers & outfield error for **UD Almería** in UD Almería vs Espanol: Numbers: 0 and 11.
[2475185] Failed to build match row: UD Almería vs Espanol

Keepers & outfield error for **Royal Excel Mouscron (-2022)** in KSC Lokeren (- 2020) vs Royal Excel Mouscron (-2022): Numbers: 0 and 11.
[2732084] Failed to build match row: KSC Lokeren (- 2020) vs Royal Excel Mouscron (-2022)
[3143299] Could not find attributes for dimitrios katsimitros (GS Ergotelis, 2018)
[3143299] Failed to build match row: GS Ergotelis vs Omilos Filathlon Irakliou FC
Not enough players found for lineup: 0, 11.
[3108462] Failed to scrape lineup: https://www.transfermarkt.co.uk/spielbericht/index/spielbericht/3108462
[2335844] Could not find attributes for denys boyko (Dnipro Dnipropetrovsk (-2020), 2013)
[2335844] Failed to build match row: Dnipro Dnipropetrovsk (-2020) vs FK Sevastopol (- 2014)
[2342435] Could not find attributes for bertrand traore (Vitesse Arnhem, 2013)
[2342435] Failed to build match row: Vitesse Arnhem vs ADO Den Haag
[2367259] Could not find attributes for aleksander rajcevic (NK Maribor, 2013)
[2367259] Failed to build match row: Sportvereniging Zulte Waregem vs NK Maribor
[3047841] Failed to scrape lineup: https://www.transfermarkt.co.uk/ea-guingamp_olympique-marseille/index/spielbericht/3047841
[2611310] Could not find attributes for david pavelka (Kasımpaşa A.Ş., 2015)
[2611310] Failed to build match row: Kasımpaşa A.Ş. vs Mersin Talimyurdu SK
[2901279] Could not find attributes for yevgen past (Zirka Kropyvnytskyi, 2017)
[2901279] Failed to build match row: Zirka Kropyvnytskyi vs PFK Stal Kamyanske (-2018)
[2478949] Failed to scrape lineup: https://www.transfermarkt.co.uk/ac-cesena_cagliari-calcio/index/spielbericht/2478949
[2483942] Failed to scrape lineup: https://www.transfermarkt.co.uk/dinamo-moscow_spartak-moscow/index/spielbericht/2483942
[2627501] Could not find attributes for jacco riemens (SC Genemuiden, 2015)
[2627501] Failed to build match row: SC Genemuiden vs ADO Den Haag
[2586773] Failed to scrape lineup: https://www.transfermarkt.co.uk/olympique-marseille_sm-caen/index/spielbericht/2586773
[3263175] Failed to scrape lineup: https://www.transfermarkt.co.uk/karpaty-lviv_olimpik-donetsk/index/spielbericht/3263175
[2701608] Failed to scrape lineup: https://www.transfermarkt.co.uk/fc-nantes_as-monaco/index/spielbericht/2701608
[2647470] Failed to scrape lineup: https://www.transfermarkt.co.uk/spielbericht/index/spielbericht/2647470
[2755780] Could not find attributes for aritm (FK Krasnodar, 2016)
[2755780] Failed to build match row: FK Ufa vs FK Krasnodar
[3302917] Could not find attributes for omid ebrahimi (KAS Eupen, 2019)
[3302917] Failed to build match row: KAS Eupen vs Cercle Brugge Koninklijke Sportvereniging
[2718890] Could not find attributes for darko brasanac (Real Betis Balompié S.A.D., 2016)
[2718890] Failed to build match row: Real Betis Balompié S.A.D. vs Sporting Gijón
[3209980] Could not find attributes for ander iturraspe (Espanol, 2019)
[3209980] Failed to build match row: Espanol vs Club Atlético de Madrid S.A.D.
[2483943] Could not find attributes for joaozinho (FK Krasnodar, 2014)
[2483943] Failed to build match row: Ural Yekaterinburg vs FK Krasnodar
[2803957] Could not find attributes for frazer wright (Stirling Albion FC, 2016)
[2803957] Failed to build match row: Stirling Albion FC vs Clyde FC
[2722846] Could not find attributes for nosa igiebor (Çaykur Rizespor Kulübü, 2016)
[3087287] Could not find attributes for maksym kuchynskyi (Karpaty Lviv (-2021), 2018)
[2722846] Failed to build match row: Fenerbahçe Spor Kulübü vs Çaykur Rizespor Kulübü
[3087287] Failed to build match row: Karpaty Lviv (-2021) vs PFK Lviv
[3108463] Could not find attributes for pontus wernbloom (Panthessalonikios Athlitikos Omilos Konstantinoupoliton, 2018)
[3108463] Failed to build match row: Panthessalonikios Athlitikos Omilos Konstantinoupoliton vs Aris Thessalonikis
[2578273] Could not find attributes for Connor Randall (Liverpool Football Club, 2015)
[2578273] Failed to build match row: Liverpool Football Club vs Newcastle United Football Club
[2611311] Failed to scrape lineup: https://www.transfermarkt.co.uk/besiktas-jk_osmanlispor-fk/index/spielbericht/2611311
[2367260] Failed to scrape lineup: https://www.transfermarkt.co.uk/spielbericht/index/spielbericht/2367260
[2329341] Failed to scrape lineup: https://www.transfermarkt.co.uk/fc-copenhagen_esbjerg-fb/index/spielbericht/2329341
[2647587] Failed to scrape lineup: https://www.transfermarkt.co.uk/spielbericht/index/spielbericht/2647587
[2478950] Failed to scrape lineup: https://www.transfermarkt.co.uk/us-palermo_acf-fiorentina/index/spielbericht/2478950
[2387438] Failed to scrape lineup: https://www.transfermarkt.co.uk/spielbericht/index/spielbericht/2387438
[2335845] Could not find attributes for oleksandr goryainov (Metalist Kharkiv (- 2016), 2013)
[2335845] Failed to build match row: Metalist Kharkiv (- 2016) vs Goverla Uzhgorod (- 2016)
[2494395] Could not find attributes for dimitrios kyriakidis (AO Xanthi, 2014)
[2494395] Failed to build match row: AO Xanthi vs Olympiakos Syndesmos Filathlon Peiraios
[2921337] Failed to scrape lineup: https://www.transfermarkt.co.uk/fc-ufa_fc-krasnodar/index/spielbericht/2921337
[3263176] Could not find attributes for yevgen galchuk (FK Mariupol, 2019)
[3263176] Failed to build match row: Futbolniy Klub Dynamo Kyiv vs FK Mariupol
[2701609] Could not find attributes for yannis salibur (EA Guingamp, 2016)
[3201727] Failed to scrape lineup: https://www.transfermarkt.co.uk/st-johnstone-fc_st-mirren-fc/index/spielbericht/3201727
[2701609] Failed to build match row: EA Guingamp vs Olympique de Marseille
[3223195] Could not find attributes for levan shengelia (Konyaspor, 2019)
-vigo_real-madrid/index/spielbericht/2594554
[3223195] Failed to build match row: Konyaspor vs Denizlispor
[3080248] Failed to scrape lineup: https://www.transfermarkt.co.uk/hamilton-academical-fc_rangers-fc/index/spielbericht/3080248
[3069850] Failed to scrape lineup: https://www.transfermarkt.co.uk/fenerbahce_buyuksehir-belediye-erzurumspor/index/spielbericht/3069850
[2973452] Could not find attributes for freddie grant (Oxford City, 2017)
[2973452] Failed to build match row: Notts County vs Oxford City
[2698238] Could not find attributes for jordi amat (Swansea City, 2016)
[2698238] Failed to build match row: Swansea City vs Sunderland Association Football Club
[2460655] Failed to scrape lineup: https://www.transfermarkt.co.uk/1-fsv-mainz-05_borussia-dortmund/index/spielbericht/2460655
[3108464] Failed to scrape lineup: https://www.transfermarkt.co.uk/spielbericht/index/spielbericht/3108464
[2647588] Failed to scrape lineup: https://www.transfermarkt.co.uk/spielbericht/index/spielbericht/2647588
[2604217] Could not find attributes for gianluigi donnarumma (Associazione Calcio Milan, 2015)
[2604217] Failed to build match row: Associazione Calcio Milan vs Genoa Cricket and Football Club
[2483944] Could not find attributes for vitaliy denisov (Футбольный клуб "Локомотив" Москва, 2014)
[2483944] Failed to build match row: Arsenal Tula vs Футбольный клуб "Локомотив" Москва
[2722847] Could not find attributes for marquinhos pedroso (Gaziantepspor (- 2020), 2016)
[2722847] Failed to build match row: Gaziantepspor (- 2020) vs Kardemir Karabükspor
[3087288] Could not find attributes for dmytro lytvyn (FC Zorya Lugansk, 2018)
[3087288] Failed to build match row: FC Zorya Lugansk vs Vorskla Poltava
[2755781] Could not find attributes for maicon bolt (Футбольный клуб "Локомотив" Москва, 2016)
[2755781] Failed to build match row: FK Spartak Moskva vs Футбольный клуб "Локомотив" Москва
[3201728] Could not find attributes for aaron taylor sinclair (Livingston Football Club, 2019)
[3201728] Failed to build match row: Aberdeen Football Club vs Livingston Football Club
[3080249] Could not find attributes for clevid dikamona (Heart of Midlothian Football Club, 2018)
[3080249] Failed to build match row: Heart of Midlothian Football Club vs Aberdeen Football Club
[2732085] Failed to scrape lineup: https://www.transfermarkt.co.uk/r-charleroi-sc_kas-eupen/index/spielbericht/2732085
[2478951] Could not find attributes for andi lila (Parma Calcio 1913, 2014)
[2387439] Failed to scrape lineup: https://www.transfermarkt.co.uk/spielbericht/index/spielbericht/2387439
[2478951] Failed to build match row: Parma Calcio 1913 vs Verona Hellas Football Club
[2342436] Failed to scrape lineup: https://www.transfermarkt.co.uk/psv-eindhoven_twente-enschede-fc/index/spielbericht/2342436
[2647589] Failed to scrape lineup: https://www.transfermarkt.co.uk/spielbericht/index/spielbericht/2647589
[2701610] Could not find attributes for yannis salibur (EA Guingamp, 2016)
[2701610] Failed to build match row: AS Nancy-Lorraine vs EA Guingamp

Keepers & outfield error for **Associazione Calcio Fiorentina** in Associazione Calcio Fiorentina vs Pandurii Targu Jiu (- 2022): Numbers: 0 and 11.
[2367261] Failed to build match row: Associazione Calcio Fiorentina vs Pandurii Targu Jiu (- 2022)
[3263177] Could not find attributes for oleksandr bandura (PFK Lviv, 2019)
[3263177] Failed to build match row: FC Shakhtar Donetsk vs PFK Lviv
[3201729] Could not find attributes for callum booth (St. Johnstone FC, 2019)
[2335846] Could not find attributes for dmitriy nepogodov (Vorskla Poltava, 2013)
[2494396] Could not find attributes for dorin goian (A.G.S Asteras Tripolis, 2014)
[2335846] Failed to build match row: Vorskla Poltava vs FC Zorya Lugansk
[3201729] Failed to build match row: Hamilton Academical FC vs St. Johnstone FC
[2494396] Failed to build match row: A.G.S Asteras Tripolis vs Panthessalonikios Athlitikos Omilos Konstantinoupoliton
[3216111] Could not find attributes for joey veerman (Sportclub Heerenveen, 2019)
[2460656] Could not find attributes for ragnar klavan (Fußball-Club Augsburg 1907, 2014)
[2460656] Failed to build match row: Fußball-Club Augsburg 1907 vs Sportverein Werder Bremen von 1899
[3216111] Failed to build match row: Alkmaar Zaanstreek vs Sportclub Heerenveen

Keepers & outfield error for **AO FK Zenit Sankt-Peterburg** in Arsenal Tula vs AO FK Zenit Sankt-Peterburg: Numbers: 2 and 9.
[2627502] Failed to scrape lineup: https://www.transfermarkt.co.uk/spielbericht/index/spielbericht/2627502
[2755782] Failed to build match row: Arsenal Tula vs AO FK Zenit Sankt-Peterburg
[3069851] Could not find attributes for mostapha el kabir (MKE Ankaragücü, 2018)
[2586774] Failed to scrape lineup: https://www.transfermarkt.co.uk/olympique-lyon_fc-lorient/index/spielbericht/2586774
[3069851] Failed to build match row: MKE Ankaragücü vs Göztepe Sportif Yatırımlar A.Ş.

Keepers & outfield error for **EA Guingamp** in EA Guingamp vs Toulouse Football Club: Numbers: 2 and 9.
[2901317] Failed to build match row: EA Guingamp vs Toulouse Football Club
[3087289] Could not find attributes for Igor Lytovka (Desna Chernigiv, 2018)
[2803958] Failed to scrape lineup: https://www.transfermarkt.co.uk/spielbericht/index/spielbericht/2803958
[3400524] Failed to scrape lineup: https://www.transfermarkt.co.uk/motherwell-fc_livingston-fc/index/spielbericht/3400524
[3302918] Failed to scrape lineup: https://www.transfermarkt.co.uk/kv-oostende-2024-_sint-truidense-vv/index/spielbericht/3302918
[3087289] Failed to build match row: Desna Chernigiv vs Futbolniy Klub Dynamo Kyiv
[2718891] Failed to scrape lineup: https://www.transfermarkt.co.uk/sd-eibar_fc-barcelona/index/spielbericht/2718891
[3108465] Could not find attributes for athanasios panteliadis (APO Levadiakos Football Club, 2018)
[3143300] Could not find attributes for vaso vasic (Apollon Smyrnis, 2018)
[2351910] Could not find attributes for dani hernandez (A.G.S Asteras Tripolis, 2013)
[2866266] Could not find attributes for bozidar djukic (FK Zeta Golubovac, 2017)
[2475187] Failed to scrape lineup: https://www.transfermarkt.co.uk/malaga-cf_athletic-bilbao/index/spielbericht/2475187
[3143300] Failed to build match row: Apollon Smyrnis vs APS Atromitos Athinon
b, 2018)
[2351910] Failed to build match row: A.G.S Asteras Tripolis vs AEL Kalloni
[2866266] Failed to build match row: FK Zeta Golubovac vs FK Zeljeznicar Sarajevo

Keepers & outfield error for **Heart of Midlothian Football Club** in Heart of Midlothian Football Club vs Hibernian Football Club: Numbers: 0 and 11.
[3108465] Failed to build match row: Olympiakos Syndesmos Filathlon Peiraios vs APO Levadiakos Football Club
[2732086] Could not find attributes for danijel milicevic (Koninklijke Atletiek Associatie Gent, 2016)
[3201730] Failed to build match row: Heart of Midlothian Football Club vs Hibernian Football Club
[3080250] Failed to build match row: Livingston Football Club vs Dundee Football Club
[2494397] Could not find attributes for georgios kantimiris (Veria NPS, 2014)
[2732086] Failed to build match row: Koninklijke Atletiek Associatie Gent vs KSC Lokeren (- 2020)
[2494397] Failed to build match row: Veria NPS vs AEL Kalloni
[3047844] Could not find attributes for younn zahary (SM Caen, 2018)
[3047844] Failed to build match row: Olympique Gymnaste Club Nice Côte d'Azur vs SM Caen
[2722848] Could not find attributes for cristian guanca (Kasımpaşa A.Ş., 2016)
[2722848] Failed to build match row: Kasımpaşa A.Ş. vs Akhisarspor
[2647590] Could not find attributes for christian kum (Football Club Utrecht, 2015)
[2647590] Failed to build match row: Eindhovense Voetbalvereniging Philips Sport Vereniging vs Football Club Utrecht
[3263178] Could not find attributes for yevgen galchuk (FK Mariupol, 2019)
[2335847] Could not find attributes for oleksandr ilyushchenkov (Karpaty Lviv (-2021), 2013)
[3263178] Failed to build match row: FK Mariupol vs FC Shakhtar Donetsk
[2335847] Failed to build match row: Karpaty Lviv (-2021) vs Volyn Lutsk
[3069852] Could not find attributes for trezeguet (Kasımpaşa A.Ş., 2018)
[3069852] Failed to build match row: Kasımpaşa A.Ş. vs Beşiktaş Jimnastik Kulübü
[3216112] Could not find attributes for miquel nelom (Willem II Tilburg, 2019)
[3216112] Failed to build match row: Football Club Twente vs Willem II Tilburg
[3223196] Failed to scrape lineup: https://www.transfermarkt.co.uk/yeni-malatyaspor_mke-ankaragucu/index/spielbericht/3223196
[2586775] Could not find attributes for antoine devaux (Stade Reims, 2015)
[2367262] Could not find attributes for stathis aloneftis (APOEL Nicosia, 2013)
[2586775] Failed to build match row: Stade Reims vs Olympique de Marseille
[2367262] Failed to build match row: FC Girondins Bordeaux vs APOEL Nicosia
[2483945] Failed to scrape lineup: https://www.transfermarkt.co.uk/spielbericht/index/spielbericht/2483945
[2973454] Could not find attributes for james oates (Hereford FC, 2017)
[2973454] Failed to build match row: Fleetwood Town vs Hereford FC
[2351911] Could not find attributes for markos vellidis (PAS Giannina, 2013)
[2351911] Failed to build match row: PAS Giannina vs AO Xanthi
[2329343] Could not find attributes for patrick banggaard (Fodbold Club Midtjylland, 2013)
[2329343] Failed to build match row: Fodbold Club Midtjylland vs Viborg Fodsports Forening
[2901318] Could not find attributes for jerome roussillon (Montpellier HSC, 2017)
[3087290] Could not find attributes for betim halimi (Olimpik Donetsk, 2018)
[3087290] Failed to build match row: Olimpik Donetsk vs Arsenal Kyiv
[2901318] Failed to build match row: Association sportive de Monaco Football Club vs Montpellier HSC
[3216113] Failed to scrape lineup: https://www.transfermarkt.co.uk/rkc-waalwijk_ajax-amsterdam/index/spielbericht/3216113
[2756517] Failed to scrape lineup: https://www.transfermarkt.co.uk/spielbericht/index/spielbericht/2756517
[2866267] Failed to scrape lineup: https://www.transfermarkt.co.uk/spielbericht/index/spielbericht/2866267
[2804325] Could not find attributes for sean crighton (Livingston Football Club, 2016)
[2507238] Could not find attributes for petros kravaritis (PS Serres, 2014)
[2804325] Failed to build match row: Livingston Football Club vs East Fife FC
[2507238] Failed to build match row: PS Serres vs Iraklis Thessaloniki
Not enough players found for lineup: 0, 0.
[3143301] Could not find attributes for ogmundur kristinsson (Athlitiki Enosi Larisas, 2018)
[3108466] Failed to scrape lineup: https://www.transfermarkt.co.uk/spielbericht/index/spielbericht/3108466
[3143301] Failed to build match row: Athlitiki Enosi Larisas vs A.G.S Asteras Tripolis
[2698241] Could not find attributes for dieumerci mbokani (Hull City, 2016)
[2698241] Failed to build match row: Hull City vs Everton Football Club
[2478952] Failed to scrape lineup: https://www.transfermarkt.co.uk/genoa-cfc_inter-milan/index/spielbericht/2478952
[2884028] Could not find attributes for artem kravets (Kayserispor Kulübü, 2017)
[2884028] Failed to build match row: Kayserispor Kulübü vs Kasımpaşa A.Ş.
[3069853] Failed to scrape lineup: https://www.transfermarkt.co.uk/galatasaray_sivasspor/index/spielbericht/3069853
[2973455] Failed to scrape lineup: https://www.transfermarkt.co.uk/spielbericht/index/spielbericht/2973455
[2647652] Failed to scrape lineup: https://www.transfermarkt.co.uk/spielbericht/index/spielbericht/2647652
[2611312] Could not find attributes for ramazan civelek (Fenerbahçe Spor Kulübü, 2015)
[2611312] Failed to build match row: Sivasspor vs Fenerbahçe Spor Kulübü
[3234727] Failed to scrape lineup: https://www.transfermarkt.co.uk/fc-krasnodar_rubin-kazan/index/spielbericht/3234727
[2875115] Failed to scrape lineup: https://www.transfermarkt.co.uk/fc-copenhagen_ac-horsens/index/spielbericht/2875115
[2351912] Failed to scrape lineup: https://www.transfermarkt.co.uk/asteras-tripolis_apollon-smyrnis/index/spielbericht/2351912
[2342438] Failed to scrape lineup: https://www.transfermarkt.co.uk/fc-groningen_twente-enschede-fc/index/spielbericht/2342438
[2367263] Failed to scrape lineup: https://www.transfermarkt.co.uk/spielbericht/index/spielbericht/2367263

Keepers & outfield error for **Deportivo de La Coruña** in UD Las Palmas vs Deportivo de La Coruña: Numbers: 2 and 9.
[2722849] Could not find attributes for badou ndiaye (Ankaraspor, 2016)
[2718892] Failed to build match row: UD Las Palmas vs Deportivo de La Coruña
[2722849] Failed to build match row: Ankaraspor vs Konyaspor

Keepers & outfield error for **Deportivo de La Coruña** in Granada CF vs Deportivo de La Coruña: Numbers: 0 and 11.

Keepers & outfield error for **Rangers Football Club** in Rangers Football Club vs Kilmarnock Football Club: Numbers: 2 and 9.
[2335848] Could not find attributes for oleksandr goryainov (Metalist Kharkiv (- 2016), 2013)
[2475188] Failed to build match row: Granada CF vs Deportivo de La Coruña
[3201731] Failed to build match row: Rangers Football Club vs Kilmarnock Football Club
[2329344] Could not find attributes for johan sellberg wiland (Football Club København, 2013)
[2335848] Failed to build match row: Metalist Kharkiv (- 2016) vs FC Zorya Lugansk
[3223197] Could not find attributes for flavio ramos (Gençlerbirliği Spor Kulübü, 2019)
[2329344] Failed to build match row: Football Club København vs Odense Boldklub
[3087291] Could not find attributes for rafael forster (Ludogorets Razgrad, 2018)
[3223197] Failed to build match row: Gençlerbirliği Spor Kulübü vs Trabzonspor Kulübü
[3087291] Failed to build match row: Ludogorets Razgrad vs HSK Zrinjski Mostar
[2494399] Could not find attributes for theodoros tripotseris (Omilos Filathlon Irakliou FC, 2014)
[2494399] Failed to build match row: Omilos Filathlon Irakliou FC vs AOK Kerkyra
[3216114] Could not find attributes for lee cattermole (VVV-Venlo, 2019)
[3216114] Failed to build match row: VVV-Venlo vs Vitesse Arnhem
[3263179] Could not find attributes for german penkov (Olimpik Donetsk, 2019)
[3263179] Failed to build match row: Olimpik Donetsk vs Futbolniy Klub Dynamo Kyiv
[2804405] Could not find attributes for ricardo nascimento (Mamelodi Sundowns FC, 2016)
[2804405] Failed to build match row: Mamelodi Sundowns FC vs Kashima Antlers FC
[3400525] Could not find attributes for collin quaner (Saint Mirren Football Club, 2020)
[3400525] Failed to build match row: Rangers Football Club vs Saint Mirren Football Club

Keepers & outfield error for **Saint Mirren Football Club** in Saint Mirren Football Club vs Kilmarnock Football Club: Numbers: 2 and 9.
[3080252] Failed to build match row: Saint Mirren Football Club vs Kilmarnock Football Club
[2974450] Could not find attributes for darren brownlie (Queen of the South FC, 2017)
[2974450] Failed to build match row: Queen of the South FC vs Montrose FC
[2460658] Failed to scrape lineup: https://www.transfermarkt.co.uk/hamburger-sv_bayern-munich/index/spielbericht/2460658
[2627503] Could not find attributes for tom zoontjes (FC Lisse, 2015)
[2627503] Failed to build match row: FC Lisse vs HHC Hardenberg
[2611313] Could not find attributes for serge akakpo (Trabzonspor Kulübü, 2015)
[2611313] Failed to build match row: Trabzonspor Kulübü vs Kasımpaşa A.Ş.
[2647653] Could not find attributes for jean sylvain babin (Granada CF, 2015)
[2647653] Failed to build match row: Valencia Club de Fútbol S. A. D. vs Granada CF
[2329345] Could not find attributes for martin dubravka (Esbjerg fB, 2013)
[2329345] Failed to build match row: Esbjerg fB vs Randers Fodbold Club
[3108467] Could not find attributes for georgios athanasiadis (A.G.S Asteras Tripolis, 2018)
[3108467] Failed to build match row: A.G.S Asteras Tripolis vs Apollon Smyrnis
[2805576] Could not find attributes for oribe peralta (Club de Futbol América S. A. de C. V., 2016)
[2805576] Failed to build match row: Club de Futbol América S. A. de C. V. vs Real Madrid Club de Fútbol
Not enough players found for lineup: 0, 0.
[2507239] Failed to scrape lineup: https://www.transfermarkt.co.uk/spielbericht/index/spielbericht/2507239
[2351913] Could not find attributes for kyriakos stratilatis (APO Levadiakos Football Club, 2013)
[2335850] Could not find attributes for yuriy pankiv (Metalurg Donetsk (- 2015), 2013)
[2351913] Failed to build match row: APO Levadiakos Football Club vs PAS Giannina

Keepers & outfield error for **Association sportive de Monaco Football Club** in Paris Saint-Germain Football Club vs Association sportive de Monaco Football Club: Numbers: 2 and 9.
[2335850] Failed to build match row: Metalurg Donetsk (- 2015) vs Chornomorets Odesa
[3047846] Failed to build match row: Paris Saint-Germain Football Club vs Association sportive de Monaco Football Club

Keepers & outfield error for **Olympique de Marseille** in Olympique Gymnaste Club Nice Côte d'Azur vs Olympique de Marseille: Numbers: 2 and 9.
[2866268] Could not find attributes for kaspars ikstens (FK Jelgava, 2017)
[3263180] Could not find attributes for vitaliy vernydub (FC Zorya Lugansk, 2019)
[2901320] Failed to build match row: Olympique Gymnaste Club Nice Côte d'Azur vs Olympique de Marseille
[3234728] Could not find attributes for toni sunjic (FK Dinamo Moskva, 2019)
[2974451] Could not find attributes for bogdan shust (Vorskla Poltava, 2017)
[3263180] Failed to build match row: FC Zorya Lugansk vs Karpaty Lviv (-2021)
[2974451] Failed to build match row: Vorskla Poltava vs FK Mariupol
[3234728] Failed to build match row: FK Dinamo Moskva vs AO FK Zenit Sankt-Peterburg

Keepers & outfield error for **Desportivo Aves (- 2020)** in Moreirense Futebol Clube vs Desportivo Aves (- 2020): Numbers: 2 and 9.
[2895677] Failed to build match row: Moreirense Futebol Clube vs Desportivo Aves (- 2020)
[2484258] Could not find attributes for diamante crispino (Calcio Como, 2014)
[2484258] Failed to build match row: Frosinone Calcio vs Calcio Como
Not enough players found for lineup: 0, 0.
[3108468] Failed to scrape lineup: https://www.transfermarkt.co.uk/spielbericht/index/spielbericht/3108468
[2342440] Could not find attributes for iliass bel hassani (Heracles Almelo, 2013)
[2342440] Failed to build match row: Heracles Almelo vs SC Cambuur Leeuwarden
[3216115] Could not find attributes for reza ghoochannejhad (Prins Hendrik Ende Desespereert Nimmer Combinatie Zwolle, 2019)
[3216115] Failed to build match row: Prins Hendrik Ende Desespereert Nimmer Combinatie Zwolle vs ADO Den Haag

Keepers & outfield error for **CD Mirandés** in CD Mirandés vs Deportivo de La Coruña: Numbers: 0 and 11.
[2647654] Failed to build match row: CD Mirandés vs Deportivo de La Coruña
[2329346] Could not find attributes for martin dubravka (Esbjerg fB, 2013)
[2329346] Failed to build match row: Esbjerg fB vs Fodbold Club Midtjylland
[2351914] Could not find attributes for giannis siderakis (AEL Kalloni, 2013)
[2351914] Failed to build match row: AEL Kalloni vs APS Atromitos Athinon
[2875116] Failed to scrape lineup: https://www.transfermarkt.co.uk/fc-midtjylland_fc-nordsjaelland/index/spielbericht/2875116
[2367265] Could not find attributes for oleksandr shovkovskyi (Futbolniy Klub Dynamo Kyiv, 2013)
[2367265] Failed to build match row: Futbolniy Klub Dynamo Kyiv vs FC Thun
[3234729] Could not find attributes for mikhail levashov (Arsenal Tula, 2019)
[3234729] Failed to build match row: Arsenal Tula vs FK Ufa

Keepers & outfield error for **Ross County FC** in Ross County FC vs Motherwell Football Club: Numbers: 2 and 9.
[3201732] Failed to build match row: Ross County FC vs Motherwell Football Club
[2974452] Could not find attributes for kostyantyn makhnovskyi (Desna Chernigiv, 2017)
[2531146] Could not find attributes for obbi oulare (Club Brugge Koninklijke Voetbalvereniging, 2014)
[2974452] Failed to build match row: Desna Chernigiv vs Futbolniy Klub Dynamo Kyiv
[2531146] Failed to build match row: Club Brugge Koninklijke Voetbalvereniging vs Aalborg BK
[3223198] Failed to scrape lineup: https://www.transfermarkt.co.uk/besiktas-jk_gaziantep-fk/index/spielbericht/3223198
[2594558] Failed to scrape lineup: https://www.transfermarkt.co.uk/athletic-bilbao_sporting-gijon/index/spielbericht/2594558
[3216116] Failed to build match row: FC Emmen vs Fortuna Sittardia Combinatie
[2494400] Failed to scrape lineup: https://www.transfermarkt.co.uk/panathinaikos-fc_gs-ergotelis/index/spielbericht/2494400
[3209981] Could not find attributes for ismail koybasi (Granada CF, 2019)
[2627504] Could not find attributes for Bodhi Prinssen (VV DOVO Veenendaal, 2015)
[2627504] Failed to build match row: VV DOVO Veenendaal vs Willem II Tilburg
[3400526] Failed to scrape lineup: https://www.transfermarkt.co.uk/ross-county-fc_kilmarnock-fc/index/spielbericht/3400526
[2484259] Could not find attributes for riccardo piscitelli (Benevento Calcio, 2014)
[3143302] Could not find attributes for giannis papadopoulos (PAE Chania, 2018)
[3143302] Failed to build match row: PAE Chania vs Athlitiki Enosi Konstantinoupoleos
[2484259] Failed to build match row: Virtus Entella vs Benevento Calcio
[2921342] Could not find attributes for pedro rocha (FK Spartak Moskva, 2017)
[2335851] Could not find attributes for maksim startsev (Metalurg Zaporizhya (-2016), 2013)
[2921342] Failed to build match row: FC Tosno (-2018) vs FK Spartak Moskva
[2335851] Failed to build match row: Metalurg Zaporizhya (-2016) vs Goverla Uzhgorod (- 2016)
[2732088] Could not find attributes for andriy totovytskyi (KV Kortrijk, 2016)
[2732088] Failed to build match row: KV Kortrijk vs Koninklijke Voetbal Club Westerlo
[2611314] Failed to scrape lineup: https://www.transfermarkt.co.uk/genclerbirligi-ankara_eskisehirspor/index/spielbericht/2611314
[2586778] Failed to scrape lineup: https://www.transfermarkt.co.uk/paris-saint-germain_gfc-ajaccio/index/spielbericht/2586778
Not enough players found for lineup: 11, 0.
[2367266] Failed to scrape lineup: https://www.transfermarkt.co.uk/spielbericht/index/spielbericht/2367266
[2351915] Could not find attributes for georgios delizisis (Apollon Smyrnis, 2013)
[2351915] Failed to build match row: Apollon Smyrnis vs APO Levadiakos Football Club
[3087292] Could not find attributes for antonio soldo (HSK Zrinjski Mostar, 2018)
[3087292] Failed to build match row: HSK Zrinjski Mostar vs Ludogorets Razgrad
[2494401] Could not find attributes for georgios kousas (Panetolikos Agrinio, 2014)
[2494401] Failed to build match row: Panetolikos Agrinio vs PAS Giannina
[2901322] Could not find attributes for ludovic baal (Rennes, 2017)
[2901322] Failed to build match row: Rennes vs SM Caen
[3143303] Could not find attributes for georgios bantis (PAS Lamia 1964, 2018)
[3143303] Failed to build match row: PAS Lamia 1964 vs Panathinaikos Athlitikos Omilos
[2647655] Could not find attributes for Lolo Plá (Cádiz CF, 2015)
[2647655] Failed to build match row: Cádiz CF vs Celta
[2335852] Could not find attributes for denys boyko (Dnipro Dnipropetrovsk (-2020), 2013)
[2335852] Failed to build match row: Dnipro Dnipropetrovsk (-2020) vs Volyn Lutsk
[2351916] Could not find attributes for antonis georgallidis (AO Platanias, 2013)
[2351916] Failed to build match row: AO Platanias vs Panthrakikos Komotini

Keepers & outfield error for **Córdoba CF** in Real Madrid Club de Fútbol vs Córdoba CF: Numbers: 0 and 11.
[2475189] Failed to build match row: Real Madrid Club de Fútbol vs Córdoba CF
[2494402] Could not find attributes for georgios athanasiadis (Panthrakikos Komotini, 2014)
[2494402] Failed to build match row: Panthrakikos Komotini vs APS Atromitos Athinon
[2329347] Could not find attributes for pierre kanstrup (Sønderjyske Fodbold, 2013)
[2329347] Failed to build match row: Sønderjyske Fodbold vs Fodbold Club Nordsjælland
[2578279] Could not find attributes for joe ledley (Crystal Palace Football Club, 2015)
[2578279] Failed to build match row: Arsenal Football Club vs Crystal Palace Football Club
[2387443] Failed to scrape lineup: https://www.transfermarkt.co.uk/spielbericht/index/spielbericht/2387443
[2484260] Could not find attributes for andrea beduschi (AC Monza, 2014)
[2484260] Failed to build match row: Modena FC vs AC Monza
[3058555] Could not find attributes for hendrik weydandt (Hannover 96, 2018)
[3058555] Failed to build match row: Sport-Club Freiburg vs Hannover 96
[2884029] Failed to scrape lineup: https://www.transfermarkt.co.uk/basaksehir-fk_genclerbirligi-ankara/index/spielbericht/2884029
[2722850] Failed to scrape lineup: https://www.transfermarkt.co.uk/kayserispor_alanyaspor/index/spielbericht/2722850
[2604221] Failed to scrape lineup: https://www.transfermarkt.co.uk/carpi-fc-1909_as-roma/index/spielbericht/2604221
[2460659] Failed to scrape lineup: https://www.transfermarkt.co.uk/vfb-stuttgart_tsg-1899-hoffenheim/index/spielbericht/2460659
[2756518] Failed to scrape lineup: https://www.transfermarkt.co.uk/spielbericht/index/spielbericht/2756518
[2805636] Failed to scrape lineup: https://www.transfermarkt.co.uk/spielbericht/index/spielbericht/2805636
[2921344] Failed to scrape lineup: https://www.transfermarkt.co.uk/anzhi-makhachkala-2022-_fc-krasnodar/index/spielbericht/2921344
[2698244] Failed to scrape lineup: https://www.transfermarkt.co.uk/watford-fc_middlesbrough-fc/index/spielbericht/2698244
[2367267] Could not find attributes for nicolai lorenzoni (Sport-Club Freiburg, 2013)
[2367267] Failed to build match row: Sport-Club Freiburg vs Grupo Desportivo Estoril Praia
[3047847] Failed to scrape lineup: https://www.transfermarkt.co.uk/stade-reims_as-saint-etienne/index/spielbericht/3047847
Not enough players found for lineup: 11, 0.
[2507240] Failed to scrape lineup: https://www.transfermarkt.co.uk/spielbericht/index/spielbericht/2507240
[2351917] Could not find attributes for iosif daskalakis (Omilos Filathlon Irakliou FC, 2013)
[3263181] Could not find attributes for maksym imerekov (Desna Chernigiv, 2019)
[3263181] Failed to build match row: Desna Chernigiv vs FC Oleksandriya
[2351917] Failed to build match row: Omilos Filathlon Irakliou FC vs AO Platanias
[2531147] Could not find attributes for konrad laimer (Fußballclub Red Bull Salzburg, 2014)
[2531147] Failed to build match row: Fußballclub Red Bull Salzburg vs Villarreal Club de Fútbol S.A.D.
[3108469] Failed to scrape lineup: https://www.transfermarkt.co.uk/spielbericht/index/spielbericht/3108469
[2974453] Could not find attributes for bogdan kogut (NK Veres Rivne, 2017)
[2974453] Failed to build match row: FC Shakhtar Donetsk vs NK Veres Rivne
[2478955] Could not find attributes for luka djordjevic (UC Sampdoria, 2014)
[2478955] Failed to build match row: FC Empoli vs UC Sampdoria
[3234730] Failed to scrape lineup: https://www.transfermarkt.co.uk/lokomotiv-moscow_ural-yekaterinburg/index/spielbericht/3234730
[3201733] Failed to scrape lineup: https://www.transfermarkt.co.uk/st-mirren-fc_celtic-fc/index/spielbericht/3201733
[2332105] Failed to scrape lineup: https://www.transfermarkt.co.uk/swansea-city_west-ham-united/index/spielbericht/2332105
[2701615] Failed to scrape lineup: https://www.transfermarkt.co.uk/olympique-marseille_fc-lorient/index/spielbericht/2701615
[2594559] Failed to scrape lineup: https://www.transfermarkt.co.uk/granada-cf_real-betis-balompie/index/spielbericht/2594559
[2578280] Failed to scrape lineup: https://www.transfermarkt.co.uk/leicester-city_swansea-city/index/spielbericht/2578280
[2627505] Failed to scrape lineup: https://www.transfermarkt.co.uk/spielbericht/index/spielbericht/2627505
richt/3209982
[2342441] Could not find attributes for Athanasios Karagounis (Prins Hendrik Ende Desespereert Nimmer Combinatie Zwolle, 2013)
[2342441] Failed to build match row: Prins Hendrik Ende Desespereert Nimmer Combinatie Zwolle vs AFC Ajax Amsterdam
[3400527] Failed to scrape lineup: https://www.transfermarkt.co.uk/st-johnstone-fc_hibernian-fc/index/spielbericht/3400527
[2884030] Failed to scrape lineup: https://www.transfermarkt.co.uk/alanyaspor_trabzonspor/index/spielbericht/2884030
[2756519] Failed to scrape lineup: https://www.transfermarkt.co.uk/spielbericht/index/spielbericht/2756519

Keepers & outfield error for **FC Paços de Ferreira** in FC Paços de Ferreira vs Sporting Clube de Braga: Numbers: 2 and 9.
[3080255] Failed to scrape lineup: https://www.transfermarkt.co.uk/dundee-fc_heart-of-midlothian-fc/index/spielbericht/3080255
[2340204] Failed to build match row: FC Paços de Ferreira vs Sporting Clube de Braga
[3143615] Could not find attributes for kazenga lualua (Luton Town, 2018)
[3143615] Failed to build match row: Luton Town vs Sheffield Wednesday
[3047848] Failed to scrape lineup: https://www.transfermarkt.co.uk/rc-strasbourg-alsace_montpellier-hsc/index/spielbericht/3047848
[2722851] Could not find attributes for jan durica (Trabzonspor Kulübü, 2016)
[2895679] Failed to scrape lineup: https://www.transfermarkt.co.uk/spielbericht/index/spielbericht/2895679
[2722851] Failed to build match row: Trabzonspor Kulübü vs Gençlerbirliği Spor Kulübü
[2351918] Failed to scrape lineup: https://www.transfermarkt.co.uk/pae-veria_paok-thessaloniki/index/spielbericht/2351918
[3263182] Failed to scrape lineup: https://www.transfermarkt.co.uk/vorskla-poltava_kolos-kovalivka/index/spielbericht/3263182
Not enough players found for lineup: 0, 0.
[2507241] Failed to scrape lineup: https://www.transfermarkt.co.uk/spielbericht/index/spielbericht/2507241
[2732089] Failed to scrape lineup: https://www.transfermarkt.co.uk/kv-mechelen_sint-truidense-vv/index/spielbericht/2732089
[2611315] Failed to scrape lineup: https://www.transfermarkt.co.uk/osmanlispor-fk_akhisar-belediyespor/index/spielbericht/2611315
[2484261] Could not find attributes for riccardo melgrati (FC Südtirol, 2014)
[2484261] Failed to build match row: Catania FC vs FC Südtirol
[2494403] Could not find attributes for kevin olimpa (AO Platanias, 2014)
[2367268] Could not find attributes for dario knezevic (Hrvatski Nogometni Klub Rijeka, 2013)
[2494403] Failed to build match row: AO Platanias vs Panionios Athens
[2367268] Failed to build match row: Olympique Lyonnais vs Hrvatski Nogometni Klub Rijeka
[2531148] Could not find attributes for karim el ahmadi (Feyenoord Rotterdam, 2014)
[2531148] Failed to build match row: Feyenoord Rotterdam vs Associazione Sportiva Roma

Keepers & outfield error for **Göztepe Sportif Yatırımlar A.Ş.** in Göztepe Sportif Yatırımlar A.Ş. vs Çaykur Rizespor Kulübü: Numbers: 0 and 11.
[3223199] Failed to build match row: Göztepe Sportif Yatırımlar A.Ş. vs Çaykur Rizespor Kulübü
[3069857] Could not find attributes for anthony nwakaeme (Trabzonspor Kulübü, 2018)
[3069857] Failed to build match row: Trabzonspor Kulübü vs Çaykur Rizespor Kulübü
[2974454] Could not find attributes for roman gerych (PFK Lviv, 2017)
[2974454] Failed to build match row: PFK Lviv vs SC Dnipro-1

Keepers & outfield error for **Blackburn Rovers** in Blackburn Rovers vs Newcastle United Football Club: Numbers: 0 and 11.
[2627506] Could not find attributes for gerard van rossum (Koninklijke HFC Haarlem, 2015)
Not enough players found for lineup: 0, 11.
[3143616] Failed to build match row: Blackburn Rovers vs Newcastle United Football Club
[2627506] Failed to build match row: Koninklijke HFC Haarlem vs FC Eindhoven
[3047849] Could not find attributes for kalidou sidibe (Toulouse Football Club, 2018)
[3047849] Failed to build match row: Toulouse Football Club vs Lille Olympique Sporting Club
[2756520] Failed to scrape lineup: https://www.transfermarkt.co.uk/spielbericht/index/spielbericht/2756520
[2732090] Failed to scrape lineup: https://www.transfermarkt.co.uk/kas-eupen_kv-oostende-2024-/index/spielbericht/2732090
[3263183] Could not find attributes for sergiy borzenko (PFK Lviv, 2019)
[3263183] Failed to build match row: PFK Lviv vs SC Dnipro-1
[3201734] Could not find attributes for jeremie frimpong (The Celtic Football Club, 2019)
[3234731] Could not find attributes for soslan dzhanaev (FK Sochi, 2019)
[3201734] Failed to build match row: The Celtic Football Club vs Rangers Football Club
[3234731] Failed to build match row: PFK CSKA Moskva vs FK Sochi
[2475191] Failed to scrape lineup: https://www.transfermarkt.co.uk/rcd-espanyol-barcelona_sevilla-fc/index/spielbericht/2475191

Keepers & outfield error for **Rayo Vallecano de Madrid S. A. D.** in Rayo Vallecano de Madrid S. A. D. vs Espanol: Numbers: 0 and 11.
[3223200] Failed to scrape lineup: https://www.transfermarkt.co.uk/kasimpasa_galatasaray/index/spielbericht/3223200
[2329349] Failed to scrape lineup: https://www.transfermarkt.co.uk/fc-nordsjaelland_fc-copenhagen/index/spielbericht/2329349
[3069858] Failed to scrape lineup: https://www.transfermarkt.co.uk/alanyaspor_basaksehir-fk/index/spielbericht/3069858
[2594560] Failed to build match row: Rayo Vallecano de Madrid S. A. D. vs Espanol
[2332107] Failed to scrape lineup: https://www.transfermarkt.co.uk/norwich-city_chelsea-fc/index/spielbericht/2332107
[2866269] Could not find attributes for goce todorovski (Pelister Bitola, 2017)
[2866269] Failed to build match row: Pelister Bitola vs KKS Lech Poznań Spółka Akcyjna
[2460661] Could not find attributes for christian schulz (Hannover 96, 2014)
[2460661] Failed to build match row: SC Paderborn 07 vs Hannover 96
[3216117] Could not find attributes for sergio padt (Football Club Groningen, 2019)
[3216117] Failed to build match row: Football Club Groningen vs Sparta Rotterdam

Keepers & outfield error for **Gil Vicente Futebol Clube** in Gil Vicente Futebol Clube vs Académica Coimbra: Numbers: 3 and 8.
[2340205] Failed to build match row: Gil Vicente Futebol Clube vs Académica Coimbra
[2494404] Could not find attributes for ernestas setkus (AOK Kerkyra, 2014)
[2494404] Failed to build match row: AOK Kerkyra vs Olympiakos Syndesmos Filathlon Peiraios
Not enough players found for lineup: 0, 0.
[3143617] Could not find attributes for kayne ramsay (Southampton FC, 2018)
[3087293] Could not find attributes for jonathan joubert (F91 Dudelange, 2018)
[3143617] Failed to build match row: Southampton FC vs Derby County
[3087293] Failed to build match row: Legia Warszawa Spółka Akcyjna vs F91 Dudelange
[3108470] Failed to scrape lineup: https://www.transfermarkt.co.uk/spielbericht/index/spielbericht/3108470
[2578281] Could not find attributes for erik pieters (Stoke City, 2015)
[2578281] Failed to build match row: Stoke City vs Sunderland Association Football Club
[2895680] Could not find attributes for laercio (CF União Madeira (-2021), 2017)
[2895680] Failed to build match row: CF União Madeira (-2021) vs Gil Vicente Futebol Clube
[2921346] Could not find attributes for aleksandr belenov (FK Ufa, 2017)
[2921346] Failed to build match row: AO FK Zenit Sankt-Peterburg vs FK Ufa
[2484262] Could not find attributes for ermanno fumagalli (Casertana FC, 2014)
[3069859] Could not find attributes for iasmin latovlevici (Bursaspor, 2018)
[2484262] Failed to build match row: FC Crotone vs Casertana FC
[2698246] Could not find attributes for gareth mcauley (West Bromwich Albion, 2016)
[3069859] Failed to build match row: Bursaspor vs Yeni Malatyaspor
Not enough players found for lineup: 0, 0.

Keepers & outfield error for **Real Club Deportivo Mallorca S.A.D.** in Real Club Deportivo Mallorca S.A.D. vs Getafe Club de Fútbol S. A. D. Team Dubai: Numbers: 2 and 9.
[2698246] Failed to build match row: Middlesbrough FC vs West Bromwich Albion
[2329350] Could not find attributes for pierre kanstrup (Sønderjyske Fodbold, 2013)
[3209983] Failed to build match row: Real Club Deportivo Mallorca S.A.D. vs Getafe Club de Fútbol S. A. D. Team Dubai
[2507242] Failed to scrape lineup: https://www.transfermarkt.co.uk/spielbericht/index/spielbericht/2507242
[2329350] Failed to build match row: Brøndby Idrætsforening vs Sønderjyske Fodbold
Not enough players found for lineup: 0, 11.
[2627507] Failed to scrape lineup: https://www.transfermarkt.co.uk/spielbericht/index/spielbericht/2627507
[2342443] Could not find attributes for christian kum (Sportclub Heerenveen, 2013)
[2342443] Failed to build match row: Sportclub Heerenveen vs ADO Den Haag
[2732092] Could not find attributes for ishak belfodil (Royal Standard Club de Liège, 2016)
[2732092] Failed to build match row: Royal Standard Club de Liège vs Koninklijke Racing Club Genk

Keepers & outfield error for **Aberdeen Football Club** in Dundee United Football Club vs Aberdeen Football Club: Numbers: 0 and 11.
[3400529] Failed to build match row: Dundee United Football Club vs Aberdeen Football Club
[3234732] Could not find attributes for evgeniy gorodov (RFK Akhmat Grozny, 2019)
[3234732] Failed to build match row: RFK Akhmat Grozny vs FK Spartak Moskva
[3087294] Could not find attributes for jonathan joubert (F91 Dudelange, 2018)
[3087294] Failed to build match row: F91 Dudelange vs Legia Warszawa Spółka Akcyjna
[2532361] Could not find attributes for guillaume hubert (Royal Standard Club de Liège, 2014)
[2532361] Failed to build match row: Royal Standard Club de Liège vs Royal Excel Mouscron (-2022)
[2975493] Could not find attributes for harry cochrane (Heart of Midlothian Football Club, 2017)
[2975493] Failed to build match row: Heart of Midlothian Football Club vs Hibernian Football Club
[2342444] Failed to scrape lineup: https://www.transfermarkt.co.uk/nec-nijmegen_go-ahead-eagles/index/spielbericht/2342444

Keepers & outfield error for **Rio Ave Futebol Clube** in Rio Ave Futebol Clube vs CD Cova Piedade: Numbers: 3 and 8.
[2494405] Could not find attributes for anestis anastasiadis (AEL Kalloni, 2014)
[2895681] Failed to build match row: Rio Ave Futebol Clube vs CD Cova Piedade
[2494405] Failed to build match row: AEL Kalloni vs AO Platanias
[2611316] Failed to scrape lineup: https://www.transfermarkt.co.uk/konyaspor_besiktas-jk/index/spielbericht/2611316
[2367269] Failed to scrape lineup: https://www.transfermarkt.co.uk/spielbericht/index/spielbericht/2367269
[2698247] Could not find attributes for peter crouch (Stoke City, 2016)
[2698247] Failed to build match row: Stoke City vs Everton Football Club
[2718894] Could not find attributes for andreas pereira (Granada CF, 2016)
[2718894] Failed to build match row: Espanol vs Granada CF
[3080256] Could not find attributes for eros grezda (Rangers Football Club, 2018)
[3080256] Failed to build match row: Hibernian Football Club vs Rangers Football Club
[3087295] Could not find attributes for ognjen cancarevic (Alashkert Yerevan FC, 2018)
[3087295] Failed to build match row: Alashkert Yerevan FC vs Fotbal Club CFR 1907 Cluj SA
[2387446] Failed to scrape lineup: https://www.transfermarkt.co.uk/spielbericht/index/spielbericht/2387446
[2756521] Could not find attributes for teun guijt (FC Rijnvogels, 2016)
[2756521] Failed to build match row: FC Rijnvogels vs SC Cambuur Leeuwarden
[2475192] Failed to scrape lineup: https://www.transfermarkt.co.uk/getafe-cf_ud-almeria/index/spielbericht/2475192
[2866270] Could not find attributes for charalampos kyriakou (AEL Limassol, 2017)
[2866270] Failed to build match row: AEL Limassol vs St Joseph's FC
[2478957] Failed to scrape lineup: https://www.transfermarkt.co.uk/ac-milan_torino-fc/index/spielbericht/2478957
[2332108] Failed to scrape lineup: https://www.transfermarkt.co.uk/southampton-fc_swansea-city/index/spielbericht/2332108
[3216118] Failed to scrape lineup: https://www.transfermarkt.co.uk/feyenoord-rotterdam_heracles-almelo/index/spielbericht/3216118
[2340206] Failed to scrape lineup: https://www.transfermarkt.co.uk/vitoria-setubal-fc_fc-porto/index/spielbericht/2340206
[2975495] Could not find attributes for inih effiong (Ross County FC, 2017)
[2975495] Failed to build match row: Kilmarnock Football Club vs Ross County FC
[3087296] Could not find attributes for ognjen cancarevic (Alashkert Yerevan FC, 2018)
[3087296] Failed to build match row: Fotbal Club CFR 1907 Cluj SA vs Alashkert Yerevan FC
[3146232] Could not find attributes for markos vellidis (PAS Giannina, 2018)
[3146232] Failed to build match row: PAS Giannina vs Olympiakos Syndesmos Filathlon Peiraios
[3108471] Failed to scrape lineup: https://www.transfermarkt.co.uk/spielbericht/index/spielbericht/3108471

Keepers & outfield error for **SSC Bari** in SSC Bari vs Parma Calcio 1913: Numbers: 2 and 9.
[2921347] Failed to scrape lineup: https://www.transfermarkt.co.uk/lokomotiv-moscow_amkar-perm/index/spielbericht/2921347
[2578282] Failed to scrape lineup: https://www.transfermarkt.co.uk/swansea-city_manchester-city/index/spielbericht/2578282
[2901868] Failed to build match row: SSC Bari vs Parma Calcio 1913
[3069861] Could not find attributes for anthony nwakaeme (Trabzonspor Kulübü, 2018)
[3069861] Failed to build match row: Trabzonspor Kulübü vs İstanbul Başakşehir Futbol Kulübü
[2604222] Could not find attributes for albano bizzarri (Chievo Verona, 2015)
[2604222] Failed to build match row: Chievo Verona vs Unione Sportiva Sassuolo Calcio
[2611317] Could not find attributes for nihat sahin (Mersin Talimyurdu SK, 2015)
[2611317] Failed to build match row: Mersin Talimyurdu SK vs Bursaspor
[2484338] Failed to scrape lineup: https://www.transfermarkt.co.uk/spielbericht/index/spielbericht/2484338
[2329351] Failed to scrape lineup: https://www.transfermarkt.co.uk/odense-boldklub_fc-nordsjaelland/index/spielbericht/2329351
[3209984] Failed to scrape lineup: https://www.transfermarkt.co.uk/real-madrid_fc-barcelona/index/spielbericht/3209984

Keepers & outfield error for **Torino Calcio** in Torino Calcio vs Cesena FC: Numbers: 0 and 11.
[2478958] Failed to build match row: Torino Calcio vs Cesena FC
[3201737] Could not find attributes for bevis mugabi (Motherwell Football Club, 2019)
[3201737] Failed to build match row: Motherwell Football Club vs Hamilton Academical FC
[2367271] Could not find attributes for vjekoslav tomic (FC Sheriff Tiraspol, 2013)
[2367271] Failed to build match row: FC Sheriff Tiraspol vs Tottenham Hotspur Football Club
[2460663] Failed to scrape lineup: https://www.transfermarkt.co.uk/borussia-dortmund_vfb-stuttgart/index/spielbericht/2460663
[2627508] Failed to scrape lineup: https://www.transfermarkt.co.uk/spielbericht/index/spielbericht/2627508
[2594562] Failed to scrape lineup: https://www.transfermarkt.co.uk/sd-eibar_rayo-vallecano/index/spielbericht/2594562
[3234733] Failed to scrape lineup: https://www.transfermarkt.co.uk/fc-rostov_krylya-sovetov-samara/index/spielbericht/3234733
[3146233] Could not find attributes for vaso vasic (Apollon Smyrnis, 2018)
[3146233] Failed to build match row: Apollon Smyrnis vs APO Levadiakos Football Club
[2718896] Could not find attributes for juanpi (Málaga CF, 2016)
[2718896] Failed to build match row: Real Madrid Club de Fútbol vs Málaga CF
[2975496] Could not find attributes for coll donaldson (Inverness Caledonian Thistle FC, 2017)
[2975496] Failed to build match row: Dundee Football Club vs Inverness Caledonian Thistle FC
Not enough players found for lineup: 0, 11.
[2756522] Failed to scrape lineup: https://www.transfermarkt.co.uk/spielbericht/index/spielbericht/2756522
[2532362] Failed to scrape lineup: https://www.transfermarkt.co.uk/kv-mechelen_r-charleroi-sc/index/spielbericht/2532362
[2698249] Could not find attributes for peter crouch (Stoke City, 2016)
[2342446] Could not find attributes for christian kum (Sportclub Heerenveen, 2013)
[3223201] Could not find attributes for muris mesanovic (Kayserispor Kulübü, 2019)
[2342446] Failed to build match row: AFC Ajax Amsterdam vs Sportclub Heerenveen
[2698249] Failed to build match row: Sunderland Association Football Club vs Stoke City
[3223201] Failed to build match row: Kayserispor Kulübü vs Antalyaspor
[3263184] Could not find attributes for mark bruintjes (Harkemase Boys, 2019)
[3087297] Could not find attributes for aljaz ivacic (NK Olimpija Ljubljana, 2018)
[3263184] Failed to build match row: Harkemase Boys vs Football Club Groningen
[3087297] Failed to build match row: NK Olimpija Ljubljana vs HJK Helsinki
[2329352] Could not find attributes for johan sellberg wiland (Football Club København, 2013)
[2329352] Failed to build match row: Football Club København vs Esbjerg fB
[3201738] Could not find attributes for callum booth (St. Johnstone FC, 2019)
[3201738] Failed to build match row: St. Johnstone FC vs Ross County FC
[2460664] Could not find attributes for ragnar klavan (Fußball-Club Augsburg 1907, 2014)
[2460664] Failed to build match row: Bayer 04 Leverkusen Fußball vs Fußball-Club Augsburg 1907
[2895682] Failed to scrape lineup: https://www.transfermarkt.co.uk/spielbericht/index/spielbericht/2895682
[2494406] Could not find attributes for andrey gorbunov (APS Atromitos Athinon, 2014)
[2494406] Failed to build match row: APS Atromitos Athinon vs AO Xanthi

Keepers & outfield error for **Willem II Tilburg** in Willem II Tilburg vs RKC Waalwijk: Numbers: 2 and 9.

Keepers & outfield error for **Rayo Vallecano de Madrid S. A. D.** in Club Atlético de Madrid S.A.D. vs Rayo Vallecano de Madrid S. A. D.: Numbers: 0 and 11.
Not enough players found for lineup: 0, 0.
[3216120] Failed to build match row: Willem II Tilburg vs RKC Waalwijk
[2647660] Failed to build match row: Club Atlético de Madrid S.A.D. vs Rayo Vallecano de Madrid S. A. D.
[2367272] Could not find attributes for aleksandr mokin (Shakhter Karaganda, 2013)
[2507243] Failed to scrape lineup: https://www.transfermarkt.co.uk/spielbericht/index/spielbericht/2507243
[2367272] Failed to build match row: Shakhter Karaganda vs Alkmaar Zaanstreek
[2387447] Could not find attributes for joe connor (Macclesfield Town FC, 2013)
[2387447] Failed to build match row: Macclesfield Town FC vs Sheffield Wednesday
[2578283] Could not find attributes for marcus rashford (Manchester United Football Club, 2015)
[2627509] Could not find attributes for jeffrey vlug (Rijnsburgse Boys, 2015)
[2604223] Could not find attributes for michel morganella (Palermo FC, 2015)
[2578283] Failed to build match row: Manchester United Football Club vs Leicester City

Keepers & outfield error for **Trabzonspor Kulübü** in Trabzonspor Kulübü vs Sivasspor: Numbers: 3 and 8.
[2627509] Failed to build match row: Rijnsburgse Boys vs VVSB Noordwijkerhout
[2604223] Failed to build match row: Palermo FC vs Torino Calcio
[3223202] Failed to build match row: Trabzonspor Kulübü vs Sivasspor
[2921349] Could not find attributes for mikhail bakaev (Anzhi Makhachkala ( -2022), 2017)
[2805640] Failed to scrape lineup: https://www.transfermarkt.co.uk/spielbericht/index/spielbericht/2805640
[2921349] Failed to build match row: FK Spartak Moskva vs Anzhi Makhachkala ( -2022)
[2329353] Could not find attributes for johan bjordal (Aarhus Gymnastik Forening, 2013)
[3234734] Could not find attributes for aleksandr rudenko (FC Orenburg, 2019)
[2329353] Failed to build match row: Viborg Fodsports Forening vs Aarhus Gymnastik Forening
[3146234] Could not find attributes for matic kotnik (Panionios Athens, 2018)
[3234734] Failed to build match row: FC Orenburg vs FK Sochi
[3146234] Failed to build match row: Panthessalonikios Athlitikos Omilos Konstantinoupoliton vs Panionios Athens

Keepers & outfield error for **Celta** in Real Sociedad de Fútbol S.A.D. vs Celta: Numbers: 0 and 11.
[2718897] Failed to build match row: Real Sociedad de Fútbol S.A.D. vs Celta
[3069862] Could not find attributes for haris hajradinovic (Kasımpaşa A.Ş., 2018)
[3069862] Failed to build match row: Kasımpaşa A.Ş. vs Çaykur Rizespor Kulübü
[2975497] Could not find attributes for callum morris (Dunfermline Athletic FC, 2017)
[2475193] Failed to scrape lineup: https://www.transfermarkt.co.uk/cordoba-cf_celta-de-vigo/index/spielbericht/2475193
[2975497] Failed to build match row: Dunfermline Athletic FC vs Greenock Morton FC
[2875120] Failed to scrape lineup: https://www.transfermarkt.co.uk/ac-horsens_aalborg-bk/index/spielbericht/2875120

Keepers & outfield error for **Saint Mirren Football Club** in St. Johnstone FC vs Saint Mirren Football Club: Numbers: 2 and 9.
[2895683] Could not find attributes for andre santos (Futebol Clube de Arouca, 2017)
Not enough players found for lineup: 0, 0.
[3080258] Failed to build match row: St. Johnstone FC vs Saint Mirren Football Club
[2895683] Failed to build match row: Futebol Clube de Arouca vs FC Paços de Ferreira
[2611318] Could not find attributes for gokhan yilmaz (Antalyaspor, 2015)
[3400530] Failed to scrape lineup: https://www.transfermarkt.co.uk/hamilton-academical-fc_st-mirren-fc/index/spielbericht/3400530
[3108472] Failed to scrape lineup: https://www.transfermarkt.co.uk/spielbericht/index/spielbericht/3108472
[2611318] Failed to build match row: Gaziantepspor (- 2020) vs Antalyaspor
[2367273] Could not find attributes for bojan saranov (Maccabi Haifa, 2013)
[3216121] Could not find attributes for eli dasa (Vitesse Arnhem, 2019)
[2367273] Failed to build match row: Panthessalonikios Athlitikos Omilos Konstantinoupoliton vs Maccabi Haifa
[3216121] Failed to build match row: Vitesse Arnhem vs ADO Den Haag
Not enough players found for lineup: 0, 0.
[2507244] Failed to scrape lineup: https://www.transfermarkt.co.uk/spielbericht/index/spielbericht/2507244
[3047851] Could not find attributes for moreto cassama (Stade Reims, 2018)
[3047851] Failed to build match row: Angers Sporting Club de l'Ouest vs Stade Reims
[2578284] Could not find attributes for brad smith (Liverpool Football Club, 2015)
[2578284] Failed to build match row: West Bromwich Albion vs Liverpool Football Club
[3069863] Could not find attributes for merih demiral (Alanyaspor, 2018)
[3069863] Failed to build match row: Alanyaspor vs Sivasspor
[2647661] Could not find attributes for cristian marquez (Cádiz CF, 2015)
[3146235] Could not find attributes for georgios strezos (Omilos Filathlon Irakliou FC, 2018)
[2647661] Failed to build match row: Celta vs Cádiz CF
[3146235] Failed to build match row: Omilos Filathlon Irakliou FC vs Panetolikos Agrinio
[2921350] Could not find attributes for aleksandr belenov (FK Ufa, 2017)
[2611319] Could not find attributes for doka madureira (İstanbul Başakşehir Futbol Kulübü, 2015)
[2921350] Failed to build match row: FK Ufa vs Arsenal Tula
[2611319] Failed to build match row: İstanbul Başakşehir Futbol Kulübü vs Çaykur Rizespor Kulübü
[2722852] Could not find attributes for emre belozoglu (İstanbul Başakşehir Futbol Kulübü, 2016)
[2722852] Failed to build match row: İstanbul Başakşehir Futbol Kulübü vs Beşiktaş Jimnastik Kulübü
[3263185] Could not find attributes for jorn wagener (Achilles Veen, 2019)
[3263185] Failed to build match row: Achilles Veen vs Roda JC Kerkrade
[3216122] Could not find attributes for george cox (Fortuna Sittardia Combinatie, 2019)
[3216122] Failed to build match row: Fortuna Sittardia Combinatie vs VVV-Venlo
[2494407] Could not find attributes for tomas cerny (GS Ergotelis, 2014)
[2494407] Failed to build match row: GS Ergotelis vs A.G.S Asteras Tripolis
[3087298] Could not find attributes for jordan dominguez (HJK Helsinki, 2018)
[3087298] Failed to build match row: HJK Helsinki vs NK Olimpija Ljubljana
[2340207] Failed to scrape lineup: https://www.transfermarkt.co.uk/gd-estoril-praia_cd-nacional/index/spielbericht/2340207
[3209986] Failed to scrape lineup: https://www.transfermarkt.co.uk/sevilla-fc_ca-osasuna/index/spielbericht/3209986
[2351919] Could not find attributes for sokratis dioudis (Aris Thessalonikis, 2013)
[3400531] Could not find attributes for devante cole (Motherwell Football Club, 2020)
[3400531] Failed to build match row: Kilmarnock Football Club vs Motherwell Football Club
[2351919] Failed to build match row: Aris Thessalonikis vs APO Levadiakos Football Club
[2866271] Could not find attributes for francesco sartori (SS Folgore/Falciano, 2017)
[2342448] Could not find attributes for bartholomew ogbeche (SC Cambuur Leeuwarden, 2013)
[2627510] Could not find attributes for hedwiges maduro (Football Club Groningen, 2015)
[2627510] Failed to build match row: Football Club Groningen vs Football Club Twente
Not enough players found for lineup: 0, 0.
[2866271] Failed to build match row: SS Folgore/Falciano vs Valletta FC
[2342448] Failed to build match row: SC Cambuur Leeuwarden vs Sportclub Heerenveen
[2507245] Failed to scrape lineup: https://www.transfermarkt.co.uk/spielbericht/index/spielbericht/2507245
[3069864] Could not find attributes for adrien regattin (Akhisarspor, 2018)
[3069864] Failed to build match row: Akhisarspor vs Beşiktaş Jimnastik Kulübü
[2604225] Could not find attributes for albano bizzarri (Chievo Verona, 2015)
[2604225] Failed to build match row: Verona Hellas Football Club vs Chievo Verona
[2611320] Could not find attributes for sabri sarioglu (Galatasaray Spor Kulübü, 2015)
[2611320] Failed to build match row: Galatasaray Spor Kulübü vs Kayserispor Kulübü
[2895961] Could not find attributes for vladimir mukhin (Smena Komsomolsk-na-Amure, 2017)
[2895961] Failed to build match row: Smena Komsomolsk-na-Amure vs Sakhalin Yuzhno-Sakhalinsk
[2901870] Could not find attributes for fabio pegorin (SS Sambenedettese, 2017)
[2494408] Could not find attributes for michalis sifakis (APO Levadiakos Football Club, 2014)
[2901870] Failed to build match row: Cesena FC vs SS Sambenedettese
[2494408] Failed to build match row: APO Levadiakos Football Club vs Panetolikos Agrinio
[2698253] Failed to scrape lineup: https://www.transfermarkt.co.uk/sunderland-afc_tottenham-hotspur/index/spielbericht/2698253
[2367290] Failed to scrape lineup: https://www.transfermarkt.co.uk/spielbericht/index/spielbericht/2367290
[3302923] Failed to scrape lineup: https://www.transfermarkt.co.uk/kaa-gent_rsc-anderlecht/index/spielbericht/3302923

Keepers & outfield error for **Deportivo de La Coruña** in Deportivo de La Coruña vs CD Mirandés: Numbers: 0 and 11.
[2647662] Failed to build match row: Deportivo de La Coruña vs CD Mirandés
[2627512] Failed to scrape lineup: https://www.transfermarkt.co.uk/spielbericht/index/spielbericht/2627512
[3108477] Could not find attributes for georgios abaris (Iraklis Thessaloniki, 2018)
[3108477] Failed to build match row: Iraklis Thessaloniki vs APS Atromitos Athinon
[2532364] Failed to scrape lineup: https://www.transfermarkt.co.uk/kv-oostende-2024-_ksc-lokeren-2020-/index/spielbericht/2532364
[2884032] Could not find attributes for ozgur yilmaz (Kardemir Karabükspor, 2017)
[2884032] Failed to build match row: Kardemir Karabükspor vs Galatasaray Spor Kulübü
[3146236] Could not find attributes for ogmundur kristinsson (Athlitiki Enosi Larisas, 2018)
[3146236] Failed to build match row: Athlitiki Enosi Larisas vs Aris Thessalonikis
[3400532] Could not find attributes for jay emmanuel thomas (Livingston Football Club, 2020)
[3400532] Failed to build match row: Livingston Football Club vs Hibernian Football Club

Keepers & outfield error for **Verona Hellas Football Club** in Verona Hellas Football Club vs Juventus Football Club: Numbers: 0 and 11.
[2478962] Failed to build match row: Verona Hellas Football Club vs Juventus Football Club
[2921352] Could not find attributes for dmitriy tarasov (Футбольный клуб "Локомотив" Москва, 2017)
[2921352] Failed to build match row: FK Rostov vs Футбольный клуб "Локомотив" Москва
[3087299] Could not find attributes for jevgenijs nerugals (FK Spartaks Jurmala, 2018)
[3087299] Failed to build match row: FK Spartaks Jurmala vs FK Suduva Marijampole
Not enough players found for lineup: 0, 0.
[2507246] Failed to scrape lineup: https://www.transfermarkt.co.uk/spielbericht/index/spielbericht/2507246
[3263186] Could not find attributes for gino demon (Rijnsburgse Boys, 2019)
[3263186] Failed to build match row: Rijnsburgse Boys vs FC Eindhoven
[2329354] Could not find attributes for pierre kanstrup (Sønderjyske Fodbold, 2013)
[2329354] Failed to build match row: Randers Fodbold Club vs Sønderjyske Fodbold
[2494409] Could not find attributes for theofanis tzandaris (Panthessalonikios Athlitikos Omilos Konstantinoupoliton, 2014)
[2494409] Failed to build match row: Panthessalonikios Athlitikos Omilos Konstantinoupoliton vs Panthrakikos Komotini
[2895962] Could not find attributes for ilya kungurov (FC Irkutsk, 2017)
[2895962] Failed to build match row: FC Irkutsk vs FK Chita (-2022)
[3216123] Could not find attributes for destan bajselmani (Prins Hendrik Ende Desespereert Nimmer Combinatie Zwolle, 2019)
[3216123] Failed to build match row: Heracles Almelo vs Prins Hendrik Ende Desespereert Nimmer Combinatie Zwolle
[3146237] Could not find attributes for zivko zivkovic (AO Xanthi, 2018)
[3146237] Failed to build match row: AO Xanthi vs APS Atromitos Athinon
[2901871] Could not find attributes for ermanno fumagalli (Piacenza Calcio 1919, 2017)
[2901871] Failed to build match row: Novara Calcio 1908 vs Piacenza Calcio 1919
[2351920] Could not find attributes for luigi cennamo (APS Atromitos Athinon, 2013)

Keepers & outfield error for **Deportivo de La Coruña** in Deportivo de La Coruña vs Rayo Vallecano de Madrid S. A. D.: Numbers: 0 and 11.
[2351920] Failed to build match row: APS Atromitos Athinon vs Apollon Smyrnis
[2475196] Failed to build match row: Deportivo de La Coruña vs Rayo Vallecano de Madrid S. A. D.
[3234735] Could not find attributes for yaroslav godzyur (Ural Yekaterinburg, 2019)
[3087300] Could not find attributes for vitaliy gayduchik (FK Suduva Marijampole, 2018)
[3234735] Failed to build match row: Ural Yekaterinburg vs PFK Krylya Sovetov Samara
[3087300] Failed to build match row: FK Suduva Marijampole vs FK Spartaks Jurmala
[2367291] Could not find attributes for alexandre barthe (Ludogorets Razgrad, 2013)
[2367291] Failed to build match row: Ludogorets Razgrad vs Chornomorets Odesa
[2611495] Could not find attributes for anestis anastasiadis (AEL Kalloni, 2015)
[2611495] Failed to build match row: AEL Kalloni vs Iraklis Thessaloniki
[2507247] Failed to scrape lineup: https://www.transfermarkt.co.uk/spielbericht/index/spielbericht/2507247
[3302925] Failed to scrape lineup: https://www.transfermarkt.co.uk/cercle-brugge-_kv-mechelen/index/spielbericht/3302925
[3400533] Failed to build match row: St. Johnstone FC vs Ross County FC
[3069865] Could not find attributes for leonard zuta (Konyaspor, 2018)
[3069865] Failed to build match row: Erzurumspor FK vs Konyaspor

Keepers & outfield error for **Real Betis Balompié S.A.D.** in Valencia Club de Fútbol S. A. D. vs Real Betis Balompié S.A.D.: Numbers: 2 and 9.
[3209987] Failed to build match row: Valencia Club de Fútbol S. A. D. vs Real Betis Balompié S.A.D.
[2884034] Failed to scrape lineup: https://www.transfermarkt.co.uk/antalyaspor_sivasspor/index/spielbericht/2884034
[3400534] Failed to scrape lineup: https://www.transfermarkt.co.uk/aberdeen-fc_kilmarnock-fc/index/spielbericht/3400534
[2532365] Could not find attributes for sebastiaan brebels (Sportvereniging Zulte Waregem, 2014)
[2532365] Failed to build match row: Sportvereniging Zulte Waregem vs Lierse SK (- 2018)
[2627513] Could not find attributes for lars hutten (Fortuna Sittardia Combinatie, 2015)
[2627513] Failed to build match row: Fortuna Sittardia Combinatie vs Achilles '29
[2732095] Could not find attributes for andriy totovytskyi (KV Kortrijk, 2016)
[2732095] Failed to build match row: KV Kortrijk vs Koninklijke Racing Club Genk
[2329355] Could not find attributes for mostm (Odense Boldklub, 2013)
[2329355] Failed to build match row: Odense Boldklub vs Aalborg BK

Keepers & outfield error for **Futbol Club Barcelona** in Paris Saint-Germain Football Club vs Futbol Club Barcelona: Numbers: 2 and 9.
[2805643] Failed to build match row: Paris Saint-Germain Football Club vs Futbol Club Barcelona

Keepers & outfield error for **Granada CF** in Elche Club de Fútbol S.A.D. vs Granada CF: Numbers: 0 and 11.
[2475197] Failed to build match row: Elche Club de Fútbol S.A.D. vs Granada CF
[2895963] Could not find attributes for stanislav antipov (Irtysh Omsk, 2017)
[3087301] Could not find attributes for blaine hudson (The New Saints, 2018)
[2342451] Could not find attributes for athanasios karagounis (Prins Hendrik Ende Desespereert Nimmer Combinatie Zwolle, 2013)
[3087301] Failed to build match row: The New Saints vs Fodbold Club Midtjylland
[2895963] Failed to build match row: Irtysh Omsk vs Dinamo Barnaul
[2351921] Could not find attributes for antonis georgallidis (AO Platanias, 2013)
[2901872] Could not find attributes for tommaso silvestri (Trapani Calcio, 2017)
[2342451] Failed to build match row: Prins Hendrik Ende Desespereert Nimmer Combinatie Zwolle vs Roda JC Kerkrade
[3234736] Could not find attributes for giorgiy shelia (PFK Tambov (-2021), 2019)

Keepers & outfield error for **Alaves** in Alaves vs Club Atlético de Madrid S.A.D.: Numbers: 2 and 9.
[2351921] Failed to build match row: Panthessalonikios Athlitikos Omilos Konstantinoupoliton vs AO Platanias
[2718899] Failed to build match row: Alaves vs Club Atlético de Madrid S.A.D.
[3234736] Failed to build match row: PFK Tambov (-2021) vs FK Krasnodar
[2901872] Failed to build match row: Ternana Calcio vs Trapani Calcio
[3223203] Could not find attributes for aminu umar (Çaykur Rizespor Kulübü, 2019)
[3223203] Failed to build match row: Gaziantep Futbol Kulübü A.Ş. vs Çaykur Rizespor Kulübü
[2387449] Could not find attributes for andre moritz (Bolton Wanderers, 2013)
[2387449] Failed to build match row: Bolton Wanderers vs Blackpool FC
Not enough players found for lineup: 11, 0.
[2722853] Failed to scrape lineup: https://www.transfermarkt.co.uk/bursaspor_galatasaray/index/spielbericht/2722853
[2367292] Failed to scrape lineup: https://www.transfermarkt.co.uk/spielbericht/index/spielbericht/2367292
[2478964] Could not find attributes for andrea masiello (Atalanta Bergamasca Calcio S.p.a., 2014)
[3047853] Could not find attributes for younn zahary (SM Caen, 2018)
[3080261] Could not find attributes for clevid dikamona (Heart of Midlothian Football Club, 2018)
[3047853] Failed to build match row: SM Caen vs Dijon FCO
[2478964] Failed to build match row: Atalanta Bergamasca Calcio S.p.a. vs Associazione Calcio Milan
[2875124] Failed to scrape lineup: https://www.transfermarkt.co.uk/hobro-ik_lyngby-bk/index/spielbericht/2875124
[2494410] Could not find attributes for danijel pranjic (Panathinaikos Athlitikos Omilos, 2014)
[3080261] Failed to build match row: Heart of Midlothian Football Club vs Hibernian Football Club
[2494410] Failed to build match row: Panathinaikos Athlitikos Omilos vs Veria NPS
[2332113] Failed to build match row: Fulham Football Club vs West Ham United Football Club
[3302926] Could not find attributes for mory konate (St Truiden, 2019)
[3058559] Could not find attributes for steven zuber (Turn- und Sportgemeinschaft 1899 Hoffenheim Fußball-Spielbetriebs, 2018)
[3302926] Failed to build match row: St Truiden vs KAS Eupen
[3058559] Failed to build match row: Turn- und Sportgemeinschaft 1899 Hoffenheim Fußball-Spielbetriebs vs 1. Fußball- und Sportverein Mainz 05
[2611496] Could not find attributes for georgios athanasiadis (Panthrakikos Komotini, 2015)
[2611496] Failed to build match row: Panthrakikos Komotini vs A.G.S Asteras Tripolis
[2647663] Failed to scrape lineup: https://www.transfermarkt.co.uk/spielbericht/index/spielbericht/2647663
[3216124] Could not find attributes for joey veerman (Sportclub Heerenveen, 2019)
[3216124] Failed to build match row: Sportclub Heerenveen vs Football Club Groningen
[2586782] Could not find attributes for etienne didot (Toulouse Football Club, 2015)
[2586782] Failed to build match row: SM Caen vs Toulouse Football Club
[3400536] Failed to scrape lineup: https://www.transfermarkt.co.uk/motherwell-fc_st-johnstone-fc/index/spielbericht/3400536
[2875125] Failed to scrape lineup: https://www.transfermarkt.co.uk/aarhus-gf_brondby-if/index/spielbericht/2875125
[3069867] Could not find attributes for iasmin latovlevici (Bursaspor, 2018)
[3069867] Failed to build match row: Bursaspor vs Fenerbahçe Spor Kulübü
[2611497] Failed to scrape lineup: https://www.transfermarkt.co.uk/aek-athens_ao-platanias/index/spielbericht/2611497
[3216125] Failed to scrape lineup: https://www.transfermarkt.co.uk/sparta-rotterdam_fc-utrecht/index/spielbericht/3216125
[2701623] Could not find attributes for jeremy morel (Olympique Lyonnais, 2016)
[2701623] Failed to build match row: Olympique Lyonnais vs FC Girondins Bordeaux
[3209998] Failed to scrape lineup: https://www.transfermarkt.co.uk/atletico-de-madrid_sevilla-fc/index/spielbericht/3209998
[3223204] Failed to scrape lineup: https://www.transfermarkt.co.uk/basaksehir-fk_besiktas-jk/index/spielbericht/3223204
[3302927] Failed to scrape lineup: https://www.transfermarkt.co.uk/royal-excel-mouscron-2022-_kv-oostende-2024-/index/spielbericht/3302927
[2921356] Failed to scrape lineup: https://www.transfermarkt.co.uk/arsenal-tula_fc-krasnodar/index/spielbericht/2921356
[2975498] Could not find attributes for craig reid (Ayr United FC, 2017)
[2975498] Failed to build match row: Ayr United FC vs Arbroath FC
[3216126] Failed to scrape lineup: https://www.transfermarkt.co.uk/psv-eindhoven_az-alkmaar/index/spielbericht/3216126
[2329356] Could not find attributes for patrick banggaard (Fodbold Club Midtjylland, 2013)
[2329356] Failed to build match row: Fodbold Club Midtjylland vs Viborg Fodsports Forening
[3058560] Could not find attributes for oscar wendt (Mönchengladbach, 2018)
[2342453] Failed to scrape lineup: https://www.transfermarkt.co.uk/heracles-almelo_rkc-waalwijk/index/spielbericht/2342453
[3058560] Failed to build match row: Borussia Dortmund vs Mönchengladbach
[2578288] Could not find attributes for vito mannone (Sunderland Association Football Club, 2015)
[2578288] Failed to build match row: Sunderland Association Football Club vs Chelsea Football Club
[2586783] Could not find attributes for paul baysse (Olympique Gymnaste Club Nice Côte d'Azur, 2015)
[2586783] Failed to build match row: ESTAC Troyes vs Olympique Gymnaste Club Nice Côte d'Azur
[2866272] Could not find attributes for hordur askham (KÍ Klaksvík, 2017)
[2875126] Could not find attributes for mohammad adnan (FC Helsingör, 2017)
[3069868] Could not find attributes for erkan kas (Yeni Malatyaspor, 2018)
[2866272] Failed to build match row: Allmänna Idrottsklubben vs KÍ Klaksvík
[3069868] Failed to build match row: Yeni Malatyaspor vs Göztepe Sportif Yatırımlar A.Ş.
[2875126] Failed to build match row: Fodbold Club Nordsjælland vs FC Helsingör
Not enough players found for lineup: 0, 0.
[2975499] Failed to scrape lineup: https://www.transfermarkt.co.uk/spielbericht/index/spielbericht/2975499
[2627514] Failed to scrape lineup: https://www.transfermarkt.co.uk/spielbericht/index/spielbericht/2627514
[3209999] Failed to scrape lineup: https://www.transfermarkt.co.uk/fc-barcelona_real-sociedad/index/spielbericht/3209999
Not enough players found for lineup: 0, 11.
[2507248] Could not find attributes for jai reason (Eastleigh FC, 2014)
[2805645] Failed to scrape lineup: https://www.transfermarkt.co.uk/spielbericht/index/spielbericht/2805645
[2756523] Failed to scrape lineup: https://www.transfermarkt.co.uk/spielbericht/index/spielbericht/2756523
[2507248] Failed to build match row: Eastleigh FC vs Lincoln City
[3234737] Could not find attributes for yaroslav rakitskyi (AO FK Zenit Sankt-Peterburg, 2019)
[3234737] Failed to build match row: AO FK Zenit Sankt-Peterburg vs RFK Akhmat Grozny
[2329357] Failed to scrape lineup: https://www.transfermarkt.co.uk/esbjerg-fb_aarhus-gf/index/spielbericht/2329357

Keepers & outfield error for **Associazione Sportiva Roma** in Associazione Sportiva Roma vs Palermo FC: Numbers: 2 and 9.
[2478965] Failed to build match row: Associazione Sportiva Roma vs Palermo FC
[2579615] Could not find attributes for oleksandr shovkovskyi (Futbolniy Klub Dynamo Kyiv, 2015)
[2579615] Failed to build match row: Futbolniy Klub Dynamo Kyiv vs FC Shakhtar Donetsk
[2901873] Could not find attributes for edoardo blondett (US Livorno 1915, 2017)
[2901873] Failed to build match row: AC Carpi vs US Livorno 1915
[2532367] Could not find attributes for Faris Haroun (Cercle Brugge Koninklijke Sportvereniging, 2014)
[2532367] Failed to build match row: Cercle Brugge Koninklijke Sportvereniging vs Royal Sporting Club Anderlecht
[2367294] Failed to scrape lineup: https://www.transfermarkt.co.uk/spielbericht/index/spielbericht/2367294
[2647664] Could not find attributes for jean sylvain babin (Granada CF, 2015)
[2647664] Failed to build match row: Granada CF vs Valencia Club de Fútbol S. A. D.

Keepers & outfield error for **Fenerbahçe Spor Kulübü** in Fenerbahçe Spor Kulübü vs Akhisarspor: Numbers: 0 and 11.
[2884036] Failed to build match row: Fenerbahçe Spor Kulübü vs Akhisarspor
[3223205] Could not find attributes for levan shengelia (Konyaspor, 2019)
[3223205] Failed to build match row: Konyaspor vs Göztepe Sportif Yatırımlar A.Ş.
[2698254] Failed to scrape lineup: https://www.transfermarkt.co.uk/west-bromwich-albion_sunderland-afc/index/spielbericht/2698254
[2732097] Could not find attributes for ishak belfodil (Royal Standard Club de Liège, 2016)
[2732097] Failed to build match row: Royal Standard Club de Liège vs Royal Sporting Club Anderlecht
[2484401] Could not find attributes for Nicola Citro (Trapani Calcio, 2014)
[2484401] Failed to build match row: Trapani Calcio vs Unione Sportiva Cremonese S.p.A.
[3087302] Could not find attributes for blaine hudson (The New Saints, 2018)
[3087302] Failed to build match row: Fodbold Club Midtjylland vs The New Saints
[2611498] Could not find attributes for andrey gorbunov (APS Atromitos Athinon, 2015)
[2611498] Failed to build match row: APS Atromitos Athinon vs APO Levadiakos Football Club
[2532368] Failed to scrape lineup: https://www.transfermarkt.co.uk/krc-genk_kvrs-waasland-sk-beveren/index/spielbericht/2532368
[2884037] Failed to scrape lineup: https://www.transfermarkt.co.uk/genclerbirligi-ankara_alanyaspor/index/spielbericht/2884037

Keepers & outfield error for **Real Betis Balompié S.A.D.** in Real Betis Balompié S.A.D. vs Real Madrid Club de Fútbol: Numbers: 2 and 9.
[3210000] Failed to build match row: Real Betis Balompié S.A.D. vs Real Madrid Club de Fútbol
[2460667] Could not find attributes for christian schulz (Hannover 96, 2014)
[2460667] Failed to build match row: Hannover 96 vs 1. Fußball-Club Köln
[2698255] Failed to scrape lineup: https://www.transfermarkt.co.uk/afc-bournemouth_watford-fc/index/spielbericht/2698255
[3087303] Failed to scrape lineup: https://www.transfermarkt.co.uk/spielbericht/index/spielbericht/3087303
[2475199] Could not find attributes for loukas vyntra (Levante Unión Deportiva S.A.D., 2014)
[2475199] Failed to build match row: Athletic Club Bilbao vs Levante Unión Deportiva S.A.D.
[2884038] Failed to scrape lineup: https://www.transfermarkt.co.uk/kasimpasa_osmanlispor-fk/index/spielbericht/2884038
[2351922] Could not find attributes for dino seremet (Panthrakikos Komotini, 2013)
[2351922] Failed to build match row: Panthrakikos Komotini vs Veria NPS
[2895964] Could not find attributes for anton novikov (FC Kaluga, 2017)
[2895964] Failed to build match row: FC Kaluga vs Energomash Belgorod (-2018)
[3210001] Failed to scrape lineup: https://www.transfermarkt.co.uk/sd-eibar_rcd-mallorca/index/spielbericht/3210001
[2478966] Could not find attributes for andi lila (Parma Calcio 1913, 2014)
[2478966] Failed to build match row: UC Sampdoria vs Parma Calcio 1913
[3069869] Could not find attributes for david braz (Sivasspor, 2018)
[3069869] Failed to build match row: Sivasspor vs Trabzonspor Kulübü
[2975500] Could not find attributes for kieran wright (Albion Rovers FC, 2017)
[2975500] Failed to build match row: Albion Rovers FC vs St. Johnstone FC
[3201741] Failed to scrape lineup: https://www.transfermarkt.co.uk/hibernian-fc_hamilton-academical-fc/index/spielbericht/3201741

Keepers & outfield error for **Swansea City** in Liverpool Football Club vs Swansea City: Numbers: 2 and 9.
[2698256] Failed to build match row: Liverpool Football Club vs Swansea City
[2875128] Failed to scrape lineup: https://www.transfermarkt.co.uk/silkeborg-if_hobro-ik/index/spielbericht/2875128
[3087304] Failed to scrape lineup: https://www.transfermarkt.co.uk/spielbericht/index/spielbericht/3087304
[2884039] Failed to scrape lineup: https://www.transfermarkt.co.uk/bursaspor_kayserispor/index/spielbericht/2884039
[2611499] Could not find attributes for georgios kantimiris (Veria NPS, 2015)
[2611499] Failed to build match row: Veria NPS vs PAS Giannina
[2484402] Could not find attributes for lukas zima (Venezia FC, 2014)
[2484402] Failed to build match row: US Avellino 1912 vs Venezia FC

Keepers & outfield error for **Vitória Sport Clube** in Vitória Sport Clube vs SC Olhanense: Numbers: 0 and 11.
[2340208] Failed to build match row: Vitória Sport Clube vs SC Olhanense

Keepers & outfield error for **The Celtic Football Club** in The Celtic Football Club vs Ross County FC: Numbers: 2 and 9.
[2579876] Failed to build match row: The Celtic Football Club vs Ross County FC
[2866273] Could not find attributes for Maurizio Vella (Floriana FC, 2017)
[2866273] Failed to build match row: Floriana FC vs Fudbalski klub Crvena zvezda Beograd
[2342455] Failed to scrape lineup: https://www.transfermarkt.co.uk/ajax-amsterdam_fc-groningen/index/spielbericht/2342455
[2594568] Failed to scrape lineup: https://www.transfermarkt.co.uk/sporting-gijon_malaga-cf/index/spielbericht/2594568
[2698257] Failed to scrape lineup: https://www.transfermarkt.co.uk/crystal-palace_swansea-city/index/spielbericht/2698257
[2975501] Failed to scrape lineup: https://www.transfermarkt.co.uk/spielbericht/index/spielbericht/2975501
[3201742] Failed to scrape lineup: https://www.transfermarkt.co.uk/kilmarnock-fc_celtic-fc/index/spielbericht/3201742
[2701626] Failed to scrape lineup: https://www.transfermarkt.co.uk/angers-sco_dijon-fco/index/spielbericht/2701626
[3087305] Failed to scrape lineup: https://www.transfermarkt.co.uk/spielbericht/index/spielbericht/3087305
[2387450] Failed to scrape lineup: https://www.transfermarkt.co.uk/spielbericht/index/spielbericht/2387450
[2627515] Could not find attributes for marc van splunter (BVV Barendrecht, 2015)
[2627515] Failed to build match row: BVV Barendrecht vs Excelsior Rotterdam
[2351923] Could not find attributes for markos vellidis (PAS Giannina, 2013)
[2351923] Failed to build match row: PAS Giannina vs APS Atromitos Athinon

Keepers & outfield error for **Espanol** in Valencia Club de Fútbol S. A. D. vs Espanol: Numbers: 2 and 9.
[2475200] Failed to build match row: Valencia Club de Fútbol S. A. D. vs Espanol
[2332117] Failed to scrape lineup: https://www.transfermarkt.co.uk/manchester-united_southampton-fc/index/spielbericht/2332117
[2866274] Failed to scrape lineup: https://www.transfermarkt.co.uk/spielbericht/index/spielbericht/2866274
[3069870] Could not find attributes for umut meras (Bursaspor, 2018)
[3302931] Could not find attributes for omid ebrahimi (KAS Eupen, 2019)
[3069870] Failed to build match row: Kayserispor Kulübü vs Bursaspor
[3302931] Failed to build match row: KAS Eupen vs Koninklijke Atletiek Associatie Gent
[2975502] Could not find attributes for sean crighton (Brechin City FC, 2017)
[2975502] Failed to build match row: The Celtic Football Club vs Brechin City FC
[2387451] Failed to scrape lineup: https://www.transfermarkt.co.uk/spielbericht/index/spielbericht/2387451
[3058562] Failed to scrape lineup: https://www.transfermarkt.co.uk/rb-leipzig_sv-werder-bremen/index/spielbericht/3058562
[2484403] Could not find attributes for matteo cincilla (AC Renate, 2014)
[2484403] Failed to build match row: Delfino Pescara 1936 vs AC Renate
Not enough players found for lineup: 0, 0.
[3108478] Failed to scrape lineup: https://www.transfermarkt.co.uk/spielbericht/index/spielbericht/3108478
[3400538] Failed to scrape lineup: https://www.transfermarkt.co.uk/ross-county-fc_celtic-fc/index/spielbericht/3400538
[2884040] Could not find attributes for demba ba (Göztepe Sportif Yatırımlar A.Ş., 2017)
[2884040] Failed to build match row: İstanbul Başakşehir Futbol Kulübü vs Göztepe Sportif Yatırımlar A.Ş.
[3069871] Failed to scrape lineup: https://www.transfermarkt.co.uk/konyaspor_antalyaspor/index/spielbericht/3069871
[2895965] Could not find attributes for evgeniy puzin (Torpedo Moscow, 2017)
[2895965] Failed to build match row: Torpedo Moscow vs Chertanovo Moscow
[2332118] Failed to scrape lineup: https://www.transfermarkt.co.uk/manchester-city_everton-fc/index/spielbericht/2332118
[2478967] Could not find attributes for molla wague (Udinese Calcio, 2014)
[2478967] Failed to build match row: Cagliari Calcio vs Udinese Calcio
[2756525] Could not find attributes for raymon van emmerik (VV IJsselmeervogels, 2016)
[2756525] Failed to build match row: VV IJsselmeervogels vs Achilles '29
Not enough players found for lineup: 0, 0.
[2532370] Failed to scrape lineup: https://www.transfermarkt.co.uk/zulte-waregem_standard-liege/index/spielbericht/2532370
[2611500] Could not find attributes for miguel vitor (Panthessalonikios Athlitikos Omilos Konstantinoupoliton, 2015)
[2611500] Failed to build match row: Panthessalonikios Athlitikos Omilos Konstantinoupoliton vs AO Xanthi
[2718902] Could not find attributes for florian lejeune (SD Eibar, 2016)
[2718902] Failed to build match row: SD Eibar vs Deportivo de La Coruña
Not enough players found for lineup: 0, 11.
[2627516] Failed to scrape lineup: https://www.transfermarkt.co.uk/spielbericht/index/spielbericht/2627516

Keepers & outfield error for **CF Os Belenenses** in CF Os Belenenses vs Rio Ave Futebol Clube: Numbers: 0 and 11.
[2340209] Failed to build match row: CF Os Belenenses vs Rio Ave Futebol Clube
[3210003] Could not find attributes for nemanja radoja (Levante Unión Deportiva S.A.D., 2019)
[3210003] Failed to build match row: Levante Unión Deportiva S.A.D. vs Granada CF
[2901874] Could not find attributes for matteo fissore (US Alessandria Calcio 1912, 2017)
[2901874] Failed to build match row: US Salernitana 1919 vs US Alessandria Calcio 1912
[3234738] Could not find attributes for yuriy dyupin (FC Rubin Kazan, 2019)
[3234738] Failed to build match row: FC Rubin Kazan vs Arsenal Tula
[2367296] Could not find attributes for aleksander rajcevic (NK Maribor, 2013)
[2367296] Failed to build match row: NK Maribor vs Sportvereniging Zulte Waregem

Keepers & outfield error for **Aalborg BK** in Aalborg BK vs Aarhus Gymnastik Forening: Numbers: 2 and 9.
[2875130] Failed to build match row: Aalborg BK vs Aarhus Gymnastik Forening
[3210004] Failed to scrape lineup: https://www.transfermarkt.co.uk/ca-osasuna_rcd-espanyol-barcelona/index/spielbericht/3210004
[2648065] Failed to scrape lineup: https://www.transfermarkt.co.uk/spielbericht/index/spielbericht/2648065
[2342456] Could not find attributes for anco jansen (Roda JC Kerkrade, 2013)
[2342456] Failed to build match row: Roda JC Kerkrade vs Feyenoord Rotterdam
[2586786] Could not find attributes for etienne didot (Toulouse Football Club, 2015)
[2367297] Could not find attributes for denys boyko (Dnipro Dnipropetrovsk (-2020), 2013)
[2367297] Failed to build match row: Dnipro Dnipropetrovsk (-2020) vs FC Paços de Ferreira
[2586786] Failed to build match row: Toulouse Football Club vs Association sportive de Monaco Football Club
[2698258] Could not find attributes for gareth mcauley (West Bromwich Albion, 2016)
[3201743] Failed to scrape lineup: https://www.transfermarkt.co.uk/livingston-fc_st-johnstone-fc/index/spielbericht/3201743
[2340210] Could not find attributes for pintassilgo (Futebol Clube de Arouca, 2013)
[2698258] Failed to build match row: Tottenham Hotspur Football Club vs West Bromwich Albion
[2340210] Failed to build match row: Sporting Clube de Portugal vs Futebol Clube de Arouca
[2329358] Could not find attributes for johan sellberg wiland (Football Club København, 2013)
[2484404] Could not find attributes for paolo branduani (Feralpisalò, 2014)
[2329358] Failed to build match row: Randers Fodbold Club vs Football Club København
[2484404] Failed to build match row: AC Perugia Calcio vs Feralpisalò
[2884041] Could not find attributes for volkan demirel (Fenerbahçe Spor Kulübü, 2017)
[2604229] Could not find attributes for arlind ajeti (Frosinone Calcio, 2015)
[2884041] Failed to build match row: Yeni Malatyaspor vs Fenerbahçe Spor Kulübü
[2604229] Failed to build match row: Frosinone Calcio vs Società Sportiva Lazio S.p.A.
[2627517] Could not find attributes for niels kornelis (De Treffers, 2015)
[2627517] Failed to build match row: De Treffers vs Roda JC Kerkrade
[2342457] Failed to scrape lineup: https://www.transfermarkt.co.uk/nec-nijmegen_nac-breda/index/spielbericht/2342457
[2866275] Could not find attributes for dominik greif (Slovan Bratislava, 2017)
[2866275] Failed to build match row: Slovan Bratislava vs FC Pyunik Yerevan
[2507249] Could not find attributes for matty pearson (FC Halifax Town, 2014)
[2507249] Failed to build match row: FC Halifax Town vs Bradford City
[2479044] Could not find attributes for aleksandr mokin (Shakhter Karaganda, 2014)
[2479044] Failed to build match row: Shakhter Karaganda vs HNK Hajduk Split
[2722854] Could not find attributes for lamine gassama (Alanyaspor, 2016)
[2494411] Failed to scrape lineup: https://www.transfermarkt.co.uk/panionios-athens_niki-volou/index/spielbericht/2494411
[2722854] Failed to build match row: Konyaspor vs Alanyaspor
[3210005] Could not find attributes for moi gomez (Villarreal Club de Fútbol S.A.D., 2019)
[2342458] Failed to scrape lineup: https://www.transfermarkt.co.uk/sc-heerenveen_twente-enschede-fc/index/spielbericht/2342458
[3210005] Failed to build match row: Villarreal Club de Fútbol S.A.D. vs CD Leganés
[2756526] Could not find attributes for kees heemskerk (FC Den Bosch, 2016)
[3047857] Could not find attributes for pedro rebocho (EA Guingamp, 2018)
[2604230] Could not find attributes for gianluigi donnarumma (Associazione Calcio Milan, 2015)
[3047857] Failed to build match row: Olympique Gymnaste Club Nice Côte d'Azur vs EA Guingamp
[2756526] Failed to build match row: FC Den Bosch vs FC Eindhoven
[2604230] Failed to build match row: Società Sportiva Calcio Napoli vs Associazione Calcio Milan
[3234739] Could not find attributes for aleksandr belenov (FK Ufa, 2019)
[3234739] Failed to build match row: FK Ufa vs FK Rostov
[3069873] Could not find attributes for haris hajradinovic (Kasımpaşa A.Ş., 2018)
[3069873] Failed to build match row: İstanbul Başakşehir Futbol Kulübü vs Kasımpaşa A.Ş.
[2367298] Could not find attributes for razvan stanca (Pandurii Targu Jiu (- 2022), 2013)
[2701629] Could not find attributes for yannis salibur (EA Guingamp, 2016)
[2367298] Failed to build match row: Pandurii Targu Jiu (- 2022) vs Associazione Calcio Fiorentina
[2701629] Failed to build match row: EA Guingamp vs Montpellier HSC
[2507250] Failed to scrape lineup: https://www.transfermarkt.co.uk/spielbericht/index/spielbericht/2507250
[3302933] Could not find attributes for terem moffi (KV Kortrijk, 2019)
[3302933] Failed to build match row: KV Oostende vs KV Kortrijk
[2648066] Could not find attributes for georgios kantimiris (Veria NPS, 2015)
[3080262] Could not find attributes for steven lawless (Livingston Football Club, 2018)
[3080262] Failed to build match row: Livingston Football Club vs St. Johnstone FC
[2648066] Failed to build match row: Veria NPS vs Iraklis Thessaloniki
[2484405] Could not find attributes for giovanni zandrini (L'Aquila 1927, 2014)
[2484405] Failed to build match row: Bologna Football Club 1909 vs L'Aquila 1927
[3216130] Could not find attributes for george cox (Fortuna Sittardia Combinatie, 2019)
[3216130] Failed to build match row: Football Club Utrecht vs Fortuna Sittardia Combinatie
[2329359] Could not find attributes for daniel jensen (Sønderjyske Fodbold, 2013)
[2342459] Could not find attributes for hans hateboer (Football Club Groningen, 2013)
[3058565] Could not find attributes for ja cheol koo (Fußball-Club Augsburg 1907, 2018)
[2594570] Could not find attributes for jean sylvain babin (Granada CF, 2015)
[2329359] Failed to build match row: Aalborg BK vs Sønderjyske Fodbold
[3058565] Failed to build match row: Fußball-Club Augsburg 1907 vs Verein für Leibesübungen Wolfsburg
[2342459] Failed to build match row: Football Club Groningen vs Go Ahead Eagles
[2975503] Could not find attributes for scott linton (East Fife FC, 2017)
[2594570] Failed to build match row: Espanol vs Granada CF
[2975503] Failed to build match row: East Fife FC vs Brora Rangers FC
[2387453] Could not find attributes for nabil bentaleb (Tottenham Hotspur Football Club, 2013)
[2921360] Failed to build match row: FK Spartak Moskva vs Ural Yekaterinburg
[2627520] Could not find attributes for ouasim bouy (Prins Hendrik Ende Desespereert Nimmer Combinatie Zwolle, 2015)
[2884042] Could not find attributes for anil karaer (Ankaraspor, 2017)
[2387453] Failed to build match row: Arsenal Football Club vs Tottenham Hotspur Football Club
[2627520] Failed to build match row: Feyenoord Rotterdam vs Prins Hendrik Ende Desespereert Nimmer Combinatie Zwolle
[2884042] Failed to build match row: Ankaraspor vs Bursaspor
[3108479] Could not find attributes for apostolos koutoglidis (Apollon Larisas, 2018)
[3108479] Failed to build match row: Apollon Larisas vs Athlitiki Enosi Konstantinoupoleos
[2494412] Could not find attributes for markos vellidis (PAS Giannina, 2014)
[2494412] Failed to build match row: PAS Giannina vs Omilos Filathlon Irakliou FC
[2722855] Could not find attributes for emre belozoglu (İstanbul Başakşehir Futbol Kulübü, 2016)
[2722855] Failed to build match row: Antalyaspor vs İstanbul Başakşehir Futbol Kulübü
[2604231] Could not find attributes for michel morganella (Palermo FC, 2015)
[2901875] Could not find attributes for minel sabotic (AC Reggiana 1919, 2017)
[2604231] Failed to build match row: Associazione Sportiva Roma vs Palermo FC
[2901875] Failed to build match row: Spezia Calcio vs AC Reggiana 1919
[2532372] Could not find attributes for boban bajkovic (Lierse SK (- 2018), 2014)
[2532372] Failed to build match row: Lierse SK (- 2018) vs Cercle Brugge Koninklijke Sportvereniging
[2586787] Could not find attributes for thibault giresse (EA Guingamp, 2015)
[2586787] Failed to build match row: SC Bastia vs EA Guingamp

Keepers & outfield error for **UD Almería** in UD Almería vs Córdoba CF: Numbers: 0 and 11.
[2475202] Failed to build match row: UD Almería vs Córdoba CF

Keepers & outfield error for **CS Marítimo** in CS Marítimo vs Sport Lisboa e Benfica: Numbers: 0 and 11.
[2340211] Failed to build match row: CS Marítimo vs Sport Lisboa e Benfica
[2866276] Could not find attributes for tordur thomsen (B36 Tórshavn, 2017)
[2866276] Failed to build match row: B36 Tórshavn vs Kalju FC
[2975505] Failed to scrape lineup: https://www.transfermarkt.co.uk/spielbericht/index/spielbericht/2975505
[2387455] Failed to scrape lineup: https://www.transfermarkt.co.uk/spielbericht/index/spielbericht/2387455
[2367299] Could not find attributes for aritz borda (APOEL Nicosia, 2013)
[2367299] Failed to build match row: APOEL Nicosia vs FC Girondins Bordeaux
[2494413] Failed to scrape lineup: https://www.transfermarkt.co.uk/skoda-xanthi_paok-thessaloniki/index/spielbericht/2494413
[3069874] Could not find attributes for merih demiral (Alanyaspor, 2018)
[3069874] Failed to build match row: MKE Ankaragücü vs Alanyaspor

Keepers & outfield error for **Association sportive de Monaco Football Club** in Rennes vs Association sportive de Monaco Football Club: Numbers: 2 and 9.
[3047858] Failed to build match row: Rennes vs Association sportive de Monaco Football Club
Not enough players found for lineup: 0, 11.
[2756527] Failed to scrape lineup: https://www.transfermarkt.co.uk/spielbericht/index/spielbericht/2756527
[2475203] Failed to scrape lineup: https://www.transfermarkt.co.uk/celta-de-vigo_real-sociedad/index/spielbericht/2475203
[2648067] Could not find attributes for erind prifti (AO Chania, 2015)
[2648067] Failed to build match row: AO Chania vs Olympiakos Syndesmos Filathlon Peiraios
[2342460] Could not find attributes for roland alberg (ADO Den Haag, 2013)
[2627932] Could not find attributes for stanislav bogush (Vorskla Poltava, 2015)
[2342460] Failed to build match row: ADO Den Haag vs Feyenoord Rotterdam
[2627932] Failed to build match row: Vorskla Poltava vs Chornomorets Odesa
[2921361] Could not find attributes for aleksandr belenov (FK Ufa, 2017)
[2921361] Failed to build match row: PFK CSKA Moskva vs FK Ufa
[2507251] Could not find attributes for dom collins (Southport FC, 2014)
[2648068] Failed to scrape lineup: https://www.transfermarkt.co.uk/spielbericht/index/spielbericht/2648068
[2507251] Failed to build match row: Dagenham & Redbridge FC vs Southport FC
[2340212] Could not find attributes for pintassilgo (Futebol Clube de Arouca, 2013)
[3146238] Could not find attributes for dmytro chygrynskyi (Athlitiki Enosi Konstantinoupoleos, 2018)
[2340212] Failed to build match row: Futebol Clube de Arouca vs Grupo Desportivo Estoril Praia

Keepers & outfield error for **Göztepe Sportif Yatırımlar A.Ş.** in Göztepe Sportif Yatırımlar A.Ş. vs Galatasaray Spor Kulübü: Numbers: 0 and 11.
[3069875] Failed to build match row: Göztepe Sportif Yatırımlar A.Ş. vs Galatasaray Spor Kulübü
[2367300] Could not find attributes for eitan tibi (Maccabi Tel Aviv, 2013)
[3146238] Failed to build match row: Athlitiki Enosi Konstantinoupoleos vs A.G.S Asteras Tripolis
[2367300] Failed to build match row: Maccabi Tel Aviv vs Eintracht Frankfurt Fußball AG

Keepers & outfield error for **Saint Mirren Football Club** in Saint Mirren Football Club vs Motherwell Football Club: Numbers: 2 and 9.
[2594572] Failed to scrape lineup: https://www.transfermarkt.co.uk/fc-barcelona_villarreal-cf/index/spielbericht/2594572
[3080264] Failed to build match row: Saint Mirren Football Club vs Motherwell Football Club
[2351924] Could not find attributes for iosif daskalakis (Omilos Filathlon Irakliou FC, 2013)
[2351924] Failed to build match row: Omilos Filathlon Irakliou FC vs A.G.S Asteras Tripolis
[2866277] Could not find attributes for grega sorcan (ND Gorica, 2017)
[2866277] Failed to build match row: ND Gorica vs FC Shirak Gyumri
[3108480] Could not find attributes for nikolaos melissas (PAS Lamia 1964, 2018)
[3108480] Failed to build match row: PAS Lamia 1964 vs Volou Neos Podosferikos Syllogos
[3087306] Could not find attributes for faton maloku (FK Kukësi, 2018)
[3087306] Failed to build match row: FK Kukësi vs Torpedo Kutaisi
[2756528] Could not find attributes for shay facey (Sportclub Heerenveen, 2016)
[2756528] Failed to build match row: Sportclub Heerenveen vs De Graafschap Doetinchem
[2648069] Failed to scrape lineup: https://www.transfermarkt.co.uk/spielbericht/index/spielbericht/2648069
[2494414] Could not find attributes for ernestas setkus (AOK Kerkyra, 2014)
[2494414] Failed to build match row: AOK Kerkyra vs APS Atromitos Athinon
[2975506] Could not find attributes for gregor buchanan (Livingston Football Club, 2017)
[2975506] Failed to build match row: Livingston Football Club vs Falkirk Football & Athletic Club
[2586789] Failed to scrape lineup: https://www.transfermarkt.co.uk/fc-nantes_stade-reims/index/spielbericht/2586789
[3223206] Could not find attributes for flavio ramos (Gençlerbirliği Spor Kulübü, 2019)
[3223206] Failed to build match row: Alanyaspor vs Gençlerbirliği Spor Kulübü
[2351925] Failed to scrape lineup: https://www.transfermarkt.co.uk/apollon-smyrnis_ael-kalloni/index/spielbericht/2351925
[3080265] Could not find attributes for clevid dikamona (Heart of Midlothian Football Club, 2018)
[3080265] Failed to build match row: The Celtic Football Club vs Heart of Midlothian Football Club
[3087307] Failed to scrape lineup: https://www.transfermarkt.co.uk/spielbericht/index/spielbericht/3087307
[2627933] Could not find attributes for sergiy basov (FC Oleksandriya, 2015)
[2627933] Failed to build match row: FC Oleksandriya vs Zirka Kropyvnytskyi
[3234740] Could not find attributes for roman neustadter (FK Dinamo Moskva, 2019)
[3234740] Failed to build match row: FK Dinamo Moskva vs Футбольный клуб "Локомотив" Москва
[3058566] Could not find attributes for hendrik weydandt (Hannover 96, 2018)
[3058566] Failed to build match row: Hannover 96 vs Fortuna Düsseldorf
[3216132] Could not find attributes for reza ghoochannejhad (Prins Hendrik Ende Desespereert Nimmer Combinatie Zwolle, 2019)
[2921362] Could not find attributes for dmitriy tarasov (Футбольный клуб "Локомотив" Москва, 2017)
[3216132] Failed to build match row: Prins Hendrik Ende Desespereert Nimmer Combinatie Zwolle vs AFC Ajax Amsterdam
[2921362] Failed to build match row: Футбольный клуб "Локомотив" Москва vs FK Dinamo Moskva
[3402189] Failed to scrape lineup: https://www.transfermarkt.co.uk/fc-utrecht_az-alkmaar/index/spielbericht/3402189
[2901876] Failed to scrape lineup: https://www.transfermarkt.co.uk/spielbericht/index/spielbericht/2901876
[2329360] Could not find attributes for patrick banggaard (Fodbold Club Midtjylland, 2013)
[2329360] Failed to build match row: Fodbold Club Midtjylland vs Odense Boldklub

Keepers & outfield error for **Çaykur Rizespor Kulübü** in Çaykur Rizespor Kulübü vs Akhisarspor: Numbers: 0 and 11.
[3069876] Failed to build match row: Çaykur Rizespor Kulübü vs Akhisarspor
[2351926] Could not find attributes for antonis georgallidis (AO Platanias, 2013)
[2351926] Failed to build match row: AO Platanias vs Panathinaikos Athlitikos Omilos
[2387456] Could not find attributes for sylvan ebanks blake (Ipswich Town, 2013)
[2387456] Failed to build match row: Ipswich Town vs Preston North End
[3234741] Could not find attributes for andre schurrle (FK Spartak Moskva, 2019)
[3234741] Failed to build match row: FK Spartak Moskva vs PFK CSKA Moskva
[2701631] Failed to scrape lineup: https://www.transfermarkt.co.uk/as-saint-etienne_sc-bastia/index/spielbericht/2701631
[3263187] Could not find attributes for gevero markiet (AFC Amsterdam, 2019)
[3047859] Could not find attributes for kalidou sidibe (Toulouse Football Club, 2018)
[3263187] Failed to build match row: AFC Amsterdam vs ODIN '59 Heemskerk
[3047859] Failed to build match row: AS Saint-Étienne vs Toulouse Football Club
[2805649] Failed to scrape lineup: https://www.transfermarkt.co.uk/spielbericht/index/spielbericht/2805649
[2921363] Could not find attributes for mikhail bakaev (Anzhi Makhachkala ( -2022), 2017)
[2921363] Failed to build match row: Anzhi Makhachkala ( -2022) vs AO FK Zenit Sankt-Peterburg

Keepers & outfield error for **Chelsea Football Club** in Chelsea Football Club vs Cardiff City: Numbers: 2 and 9.
[2332122] Failed to build match row: Chelsea Football Club vs Cardiff City
[2351927] Could not find attributes for nikolaos giannakopoulos (Panionios Athens, 2013)
[2351927] Failed to build match row: Panionios Athens vs Panthrakikos Komotini
[2718904] Could not find attributes for aly malle (Granada CF, 2016)
[2718904] Failed to build match row: Villarreal Club de Fútbol S.A.D. vs Granada CF
[3234742] Could not find attributes for giorgiy shelia (PFK Tambov (-2021), 2019)
[3234742] Failed to build match row: PFK Tambov (-2021) vs FK Dinamo Moskva
[2884044] Could not find attributes for artem kravets (Kayserispor Kulübü, 2017)
[2884044] Failed to build match row: Kayserispor Kulübü vs Kardemir Karabükspor
[2507252] Could not find attributes for nick hamann (Braintree Town, 2014)
[2507252] Failed to build match row: Braintree Town vs Chesterfield FC
[2367302] Could not find attributes for lukas schenkel (FC Thun, 2013)
[2367302] Failed to build match row: FC Thun vs Futbolniy Klub Dynamo Kyiv
[3302934] Could not find attributes for mory konate (St Truiden, 2019)
[3302934] Failed to build match row: St Truiden vs Cercle Brugge Koninklijke Sportvereniging
[2921364] Could not find attributes for pedro rocha (FK Spartak Moskva, 2017)
[2921364] Failed to build match row: RFK Akhmat Grozny vs FK Spartak Moskva

Keepers & outfield error for **Académica Coimbra** in Académica Coimbra vs Sporting Clube de Portugal: Numbers: 2 and 9.
[2484406] Could not find attributes for marco moscati (US Livorno 1915, 2014)
_arsenal-fc/index/spielbericht/2698261
[2340213] Failed to build match row: Académica Coimbra vs Sporting Clube de Portugal
[2484406] Failed to build match row: US Livorno 1915 vs Bassano Virtus 55 ST
[2342461] Failed to scrape lineup: https://www.transfermarkt.co.uk/nac-breda_pec-zwolle/index/spielbericht/2342461
[3087308] Could not find attributes for predrag rajkovic (Maccabi Tel Aviv, 2018)
[3087308] Failed to build match row: Maccabi Tel Aviv vs FC Pyunik Yerevan
[3216133] Could not find attributes for eli dasa (Vitesse Arnhem, 2019)
[3216133] Failed to build match row: FC Emmen vs Vitesse Arnhem
[3146239] Failed to scrape lineup: https://www.transfermarkt.co.uk/pas-lamia-1964_panathinaikos-fc/index/spielbericht/3146239
[3069877] Could not find attributes for erkan kas (Yeni Malatyaspor, 2018)
[3069877] Failed to build match row: Fenerbahçe Spor Kulübü vs Yeni Malatyaspor

Keepers & outfield error for **Olympiakos Syndesmos Filathlon Peiraios** in Olympiakos Syndesmos Filathlon Peiraios vs Panionios Athens: Numbers: 0 and 11.
[2611501] Failed to build match row: Olympiakos Syndesmos Filathlon Peiraios vs Panionios Athens
[3108481] Could not find attributes for georgios lazaridis (PAE Chania, 2018)
[3108481] Failed to build match row: PAE Chania vs Panetolikos Agrinio
[2756529] Failed to scrape lineup: https://www.transfermarkt.co.uk/spielbericht/index/spielbericht/2756529
[2866278] Could not find attributes for scot whiteside (Derry City, 2017)
[2866278] Failed to build match row: Derry City vs Fodbold Club Midtjylland
Not enough players found for lineup: 11, 0.
[2367303] Failed to scrape lineup: https://www.transfermarkt.co.uk/spielbericht/index/spielbericht/2367303
Not enough players found for lineup: 0, 0.
[2532374] Failed to scrape lineup: https://www.transfermarkt.co.uk/rsc-anderlecht_kv-mechelen/index/spielbericht/2532374
[2975507] Failed to scrape lineup: https://www.transfermarkt.co.uk/spielbericht/index/spielbericht/2975507
[2586790] Failed to scrape lineup: https://www.transfermarkt.co.uk/ogc-nice_sm-caen/index/spielbericht/2586790
[3223207] Failed to scrape lineup: https://www.transfermarkt.co.uk/mke-ankaragucu_fenerbahce/index/spielbericht/3223207
[3216134] Could not find attributes for lee cattermole (VVV-Venlo, 2019)
[3216134] Failed to build match row: VVV-Venlo vs Feyenoord Rotterdam
[3080266] Failed to scrape lineup: https://www.transfermarkt.co.uk/hamilton-academical-fc_livingston-fc/index/spielbericht/3080266
[2594574] Failed to scrape lineup: https://www.transfermarkt.co.uk/ud-las-palmas_real-sociedad/index/spielbericht/2594574
[2627934] Failed to scrape lineup: https://www.transfermarkt.co.uk/spielbericht/index/spielbericht/2627934
[2732098] Failed to scrape lineup: https://www.transfermarkt.co.uk/rsc-anderlecht_kvc-westerlo/index/spielbericht/2732098
[2611502] Could not find attributes for manolis stefanakos (Panetolikos Agrinio, 2015)
[2611502] Failed to build match row: Panetolikos Agrinio vs Panathinaikos Athlitikos Omilos
[2342462] Could not find attributes for athanasios karagounis (Prins Hendrik Ende Desespereert Nimmer Combinatie Zwolle, 2013)
[2342462] Failed to build match row: Football Club Utrecht vs Prins Hendrik Ende Desespereert Nimmer Combinatie Zwolle
[3047861] Could not find attributes for pedro rebocho (EA Guingamp, 2018)
[3047861] Failed to build match row: EA Guingamp vs SM Caen
[3402190] Could not find attributes for couhaib driouech (Sportclub Heerenveen, 2020)
[3402190] Failed to build match row: Sportclub Heerenveen vs Willem II Tilburg
[2604235] Could not find attributes for josip posavec (Palermo FC, 2015)
[2604235] Failed to build match row: Palermo FC vs Bologna Football Club 1909
[2701632] Failed to scrape lineup: https://www.transfermarkt.co.uk/fc-lorient_losc-lille/index/spielbericht/2701632
[3146240] Failed to build match row: PAS Giannina vs Apollon Smyrnis
[2875134] Failed to scrape lineup: https://www.transfermarkt.co.uk/aalborg-bk_silkeborg-if/index/spielbericht/2875134
[3210016] Could not find attributes for diego costa (Club Atlético de Madrid S.A.D., 2019)
[3210016] Failed to build match row: Athletic Club Bilbao vs Club Atlético de Madrid S.A.D.

Keepers & outfield error for **Rangers Football Club** in Rangers Football Club vs Saint Mirren Football Club: Numbers: 2 and 9.
[3201744] Failed to build match row: Rangers Football Club vs Saint Mirren Football Club
[2367304] Could not find attributes for nicolai lorenzoni (Sport-Club Freiburg, 2013)
[2367304] Failed to build match row: Grupo Desportivo Estoril Praia vs Sport-Club Freiburg
[3263666] Could not find attributes for ralph vos (Blauw Geel '38 / Jumbo, 2019)
[3263666] Failed to build match row: Blauw Geel '38 / Jumbo vs De Treffers
[3216135] Could not find attributes for sergio padt (Football Club Groningen, 2019)
[3216135] Failed to build match row: Football Club Groningen vs Willem II Tilburg
[2351928] Failed to scrape lineup: https://www.transfermarkt.co.uk/olympiacos-piraeus_skoda-xanthi/index/spielbericht/2351928
[2718905] Failed to scrape lineup: https://www.transfermarkt.co.uk/rcd-espanyol-barcelona_sevilla-fc/index/spielbericht/2718905
[3223208] Could not find attributes for afriyie acquah (Yeni Malatyaspor, 2019)
[3223208] Failed to build match row: Galatasaray Spor Kulübü vs Yeni Malatyaspor

Keepers & outfield error for **Royal Excel Mouscron (-2022)** in Royal Excel Mouscron (-2022) vs Club Brugge Koninklijke Voetbalvereniging: Numbers: 0 and 11.
[2732099] Failed to build match row: Royal Excel Mouscron (-2022) vs Club Brugge Koninklijke Voetbalvereniging
[2884045] Failed to scrape lineup: https://www.transfermarkt.co.uk/sivasspor_kasimpasa/index/spielbericht/2884045
[2627935] Could not find attributes for yuriy pankiv (PFK Stal Kamyanske (-2018), 2015)
[2627935] Failed to build match row: PFK Stal Kamyanske (-2018) vs Girnyk Kryvyi Rig
[2975508] Could not find attributes for darren brownlie (Queen of the South FC, 2017)
[2975508] Failed to build match row: Queen of the South FC vs Partick Thistle FC
[2479045] Could not find attributes for eldos akhmetov (FC Astana, 2014)
[2479045] Failed to build match row: FC Astana vs Allmänna Idrottsklubben
[2805651] Failed to scrape lineup: https://www.transfermarkt.co.uk/spielbericht/index/spielbericht/2805651
[3302935] Failed to scrape lineup: https://www.transfermarkt.co.uk/kv-mechelen_rsc-anderlecht/index/spielbericht/3302935
[2698262] Failed to scrape lineup: https://www.transfermarkt.co.uk/sunderland-afc_liverpool-fc/index/spielbericht/2698262
[2340214] Failed to scrape lineup: https://www.transfermarkt.co.uk/sporting-cp_sl-benfica/index/spielbericht/2340214
[3146241] Could not find attributes for nikolaos giannakopoulos (Panetolikos Agrinio, 2018)
[3146241] Failed to build match row: Panetolikos Agrinio vs AO Xanthi
[2351929] Could not find attributes for dimitrios kyriakidis (AO Xanthi, 2013)
[2351929] Failed to build match row: AO Xanthi vs Aris Thessalonikis
[2921365] Failed to scrape lineup: https://www.transfermarkt.co.uk/dinamo-moscow_ska-khabarovsk/index/spielbericht/2921365
[2611503] Could not find attributes for panagiotis tsintotas (APO Levadiakos Football Club, 2015)
[2611503] Failed to build match row: APO Levadiakos Football Club vs Olympiakos Syndesmos Filathlon Peiraios
[2387457] Could not find attributes for simon dawkins (Derby County, 2013)
[2718906] Could not find attributes for juanpi (Málaga CF, 2016)
[2387457] Failed to build match row: Derby County vs Chelsea Football Club
[3210017] Could not find attributes for moi gomez (Villarreal Club de Fútbol S.A.D., 2019)
[3210017] Failed to build match row: Celta vs Villarreal Club de Fútbol S.A.D.

Keepers & outfield error for **Football Club Internazionale Milano S.p.A.** in Football Club Internazionale Milano S.p.A. vs Pordenone Calcio: Numbers: 2 and 9.
[2976451] Failed to build match row: Football Club Internazionale Milano S.p.A. vs Pordenone Calcio
[3069878] Failed to scrape lineup: https://www.transfermarkt.co.uk/fenerbahce_goztepe/index/spielbericht/3069878
Not enough players found for lineup: 0, 0.
[2532377] Failed to scrape lineup: https://www.transfermarkt.co.uk/standard-liege_kvrs-waasland-sk-beveren/index/spielbericht/2532377
[3108482] Failed to scrape lineup: https://www.transfermarkt.co.uk/spielbericht/index/spielbericht/3108482
[2866279] Failed to scrape lineup: https://www.transfermarkt.co.uk/spielbericht/index/spielbericht/2866279
[3087309] Could not find attributes for andrey gorbunov (Dinamo Minsk, 2018)
[3087309] Failed to build match row: Dinamo Minsk vs AO FK Zenit Sankt-Peterburg
[2507253] Could not find attributes for bondz ngala (Barnet FC, 2014)
[2507253] Failed to build match row: Barnet FC vs Wycombe Wanderers
[2895966] Could not find attributes for aleksey smirnov (Tekstilshchik Ivanovo, 2017)
[2586791] Failed to scrape lineup: https://www.transfermarkt.co.uk/montpellier-hsc_paris-saint-germain/index/spielbericht/2586791
[2884046] Could not find attributes for demba ba (Göztepe Sportif Yatırımlar A.Ş., 2017)
[2895966] Failed to build match row: Tekstilshchik Ivanovo vs Torpedo Vladimir
[2884046] Failed to build match row: Göztepe Sportif Yatırımlar A.Ş. vs Antalyaspor

Keepers & outfield error for **CD Leganés** in CD Leganés vs Celta: Numbers: 2 and 9.
[2718907] Failed to build match row: CD Leganés vs Celta

Keepers & outfield error for **Association sportive de Monaco Football Club** in Association sportive de Monaco Football Club vs AS Saint-Étienne: Numbers: 2 and 9.
[3047863] Failed to build match row: Association sportive de Monaco Football Club vs AS Saint-Étienne
[2342463] Failed to scrape lineup: https://www.transfermarkt.co.uk/fc-groningen_sc-heerenveen/index/spielbericht/2342463
[2479046] Could not find attributes for sasa stamenkovic (Neftchi Baku, 2014)
[2479046] Failed to build match row: Neftchi Baku vs Chikhura Sachkhere
[3108483] Could not find attributes for manolis kalogerakis (GS Ergotelis, 2018)
[3108483] Failed to build match row: GS Ergotelis vs Panthessalonikios Athlitikos Omilos Konstantinoupoliton
[2866280] Could not find attributes for grigor meliksetyan (Gandzasar Kapan, 2017)
[2866280] Failed to build match row: Gandzasar Kapan vs OFK Titograd
[2604236] Failed to scrape lineup: https://www.transfermarkt.co.uk/uc-sampdoria_frosinone-calcio/index/spielbericht/2604236
[3402191] Failed to scrape lineup: https://www.transfermarkt.co.uk/pec-zwolle_feyenoord-rotterdam/index/spielbericht/3402191
[2351930] Could not find attributes for grigoris athanasiou (GS Ergotelis, 2013)
[2351930] Failed to build match row: GS Ergotelis vs Panionios Athens
[2901877] Could not find attributes for giacomo volpe (AS Gubbio 1910, 2017)
[2901877] Failed to build match row: AC Perugia Calcio vs AS Gubbio 1910
[2475206] Failed to scrape lineup: https://www.transfermarkt.co.uk/rayo-vallecano_elche-cf/index/spielbericht/2475206
[2701633] Failed to scrape lineup: https://www.transfermarkt.co.uk/fc-girondins-bordeaux_angers-sco/index/spielbericht/2701633
[3234743] Failed to scrape lineup: https://www.transfermarkt.co.uk/fc-ufa_zenit-st-petersburg/index/spielbericht/3234743
[2875135] Failed to scrape lineup: https://www.transfermarkt.co.uk/aarhus-gf_randers-fc/index/spielbericht/2875135
[3201745] Failed to scrape lineup: https://www.transfermarkt.co.uk/ross-county-fc_heart-of-midlothian-fc/index/spielbericht/3201745
[2756531] Failed to scrape lineup: https://www.transfermarkt.co.uk/spielbericht/index/spielbericht/2756531
Not enough players found for lineup: 0, 0.
[3108484] Failed to scrape lineup: https://www.transfermarkt.co.uk/spielbericht/index/spielbericht/3108484
[2367305] Failed to scrape lineup: https://www.transfermarkt.co.uk/spielbericht/index/spielbericht/2367305
[2866281] Could not find attributes for matus macik (MFK Ruzomberok, 2017)
[2866281] Failed to build match row: MFK Ruzomberok vs Fudbalski Klub Vojvodina
[2698263] Could not find attributes for jordi amat (Swansea City, 2016)
[2698263] Failed to build match row: Swansea City vs Association Football Club Bournemouth
[3080268] Failed to scrape lineup: https://www.transfermarkt.co.uk/kilmarnock-fc_aberdeen-fc/index/spielbericht/3080268
[3263718] Failed to scrape lineup: https://www.transfermarkt.co.uk/spielbericht/index/spielbericht/3263718
[2604237] Could not find attributes for albano bizzarri (Chievo Verona, 2015)
[2604237] Failed to build match row: Chievo Verona vs Genoa Cricket and Football Club
[2351931] Could not find attributes for andre bikey (Panetolikos Agrinio, 2013)
[2351931] Failed to build match row: Panetolikos Agrinio vs PAS Giannina
[3223209] Failed to scrape lineup: https://www.transfermarkt.co.uk/antalyaspor_kasimpasa/index/spielbericht/3223209
[2732100] Failed to scrape lineup: https://www.transfermarkt.co.uk/krc-genk_kv-mechelen/index/spielbericht/2732100
[3216136] Failed to scrape lineup: https://www.transfermarkt.co.uk/ado-den-haag_sc-heerenveen/index/spielbericht/3216136
[2627936] Failed to scrape lineup: https://www.transfermarkt.co.uk/spielbericht/index/spielbericht/2627936
[2756532] Could not find attributes for Jean-Paul van Leeuwen (Excelsior Maassluis, 2016)
[2756532] Failed to build match row: Excelsior Maassluis vs Heracles Almelo
Not enough players found for lineup: 0, 0.
[2367306] Failed to scrape lineup: https://www.transfermarkt.co.uk/spielbericht/index/spielbericht/2367306
[2507254] Could not find attributes for courtney duffus (Bury FC, 2014)
[2507254] Failed to build match row: Bury FC vs Hemel Hempstead Town
[2351932] Could not find attributes for anastasios papazoglou (Olympiakos Syndesmos Filathlon Peiraios, 2013)
[2351932] Failed to build match row: Olympiakos Syndesmos Filathlon Peiraios vs Veria NPS
[2866282] Could not find attributes for haraldur bjornsson (Stjarnan Gardabaer, 2017)
[2866282] Failed to build match row: Shamrock Rovers vs Stjarnan Gardabaer
[2805652] Failed to scrape lineup: https://www.transfermarkt.co.uk/spielbericht/index/spielbericht/2805652
[2484408] Failed to scrape lineup: https://www.transfermarkt.co.uk/spielbericht/index/spielbericht/2484408
[2340215] Failed to scrape lineup: https://www.transfermarkt.co.uk/gd-estoril-praia_academica-coimbra/index/spielbericht/2340215
[3146242] Failed to scrape lineup: https://www.transfermarkt.co.uk/panionios-athens_aek-athens/index/spielbericht/3146242

Keepers & outfield error for **Royal Excel Mouscron (-2022)** in Royal Excel Mouscron (-2022) vs Sportvereniging Zulte Waregem: Numbers: 0 and 11.
[2732101] Failed to build match row: Royal Excel Mouscron (-2022) vs Sportvereniging Zulte Waregem
[2611504] Failed to scrape lineup: https://www.transfermarkt.co.uk/panthrakikos-komotini_pae-veria/index/spielbericht/2611504
[3210019] Could not find attributes for roberto soldado (Granada CF, 2019)
[3210019] Failed to build match row: Granada CF vs Getafe Club de Fútbol S. A. D. Team Dubai
[2494415] Could not find attributes for dorin goian (A.G.S Asteras Tripolis, 2014)
[2494415] Failed to build match row: A.G.S Asteras Tripolis vs Panathinaikos Athlitikos Omilos
[2722856] Failed to scrape lineup: https://www.transfermarkt.co.uk/galatasaray_kasimpasa/index/spielbericht/2722856
[2387458] Failed to scrape lineup: https://www.transfermarkt.co.uk/spielbericht/index/spielbericht/2387458
[2701634] Could not find attributes for younes belhanda (Olympique Gymnaste Club Nice Côte d'Azur, 2016)
2-/index/spielbericht/2921366
[2701634] Failed to build match row: Montpellier HSC vs Olympique Gymnaste Club Nice Côte d'Azur
[3069879] Failed to scrape lineup: https://www.transfermarkt.co.uk/kasimpasa_sivasspor/index/spielbericht/3069879
[3263719] Could not find attributes for andrey klimovich (FC Orenburg, 2019)
[3263719] Failed to build match row: FC Orenburg vs FC Khimki (-2025)
[3087310] Failed to scrape lineup: https://www.transfermarkt.co.uk/spielbericht/index/spielbericht/3087310
[2507255] Could not find attributes for richard orlu (Dover Athletic, 2014)
[2507255] Failed to build match row: Dover Athletic vs Morecambe FC
[2351933] Could not find attributes for georgios kousas (Panetolikos Agrinio, 2013)
[2351933] Failed to build match row: Panetolikos Agrinio vs GS Ergotelis

Keepers & outfield error for **Gil Vicente Futebol Clube** in Gil Vicente Futebol Clube vs Sporting Clube de Braga: Numbers: 3 and 8.
[2340216] Failed to build match row: Gil Vicente Futebol Clube vs Sporting Clube de Braga
[2805653] Could not find attributes for boy waterman (APOEL Nicosia, 2016)
[2805653] Failed to build match row: Athletic Club Bilbao vs APOEL Nicosia
[2460670] Failed to scrape lineup: https://www.transfermarkt.co.uk/eintracht-frankfurt_1-fsv-mainz-05/index/spielbericht/2460670
Not enough players found for lineup: 0, 0.
[2532380] Failed to scrape lineup: https://www.transfermarkt.co.uk/kv-kortrijk_kvc-westerlo/index/spielbericht/2532380
[2586792] Could not find attributes for fabien camus (ESTAC Troyes, 2015)
[2586792] Failed to build match row: Olympique de Marseille vs ESTAC Troyes
[2594577] Failed to scrape lineup: https://www.transfermarkt.co.uk/atletico-de-madrid_sporting-gijon/index/spielbericht/2594577
[2895967] Could not find attributes for aleksey kuznetsov (Dinamo Bryansk, 2017)
[2895967] Failed to build match row: Dinamo Bryansk vs Pskov-747 (-2020)
[2611505] Could not find attributes for christos karypidis (AO Xanthi, 2015)
[2611505] Failed to build match row: AO Xanthi vs Athlitiki Enosi Konstantinoupoleos
[2648070] Could not find attributes for alexios michail (PAS Giannina, 2015)
[2648070] Failed to build match row: PAS Giannina vs Panathinaikos Athlitikos Omilos
[2722857] Could not find attributes for davide petrucci (Çaykur Rizespor Kulübü, 2016)
c/index/spielbericht/3047864
[2701635] Could not find attributes for jeremy morel (Olympique Lyonnais, 2016)
[2701635] Failed to build match row: Olympique de Marseille vs Olympique Lyonnais
[2722857] Failed to build match row: Çaykur Rizespor Kulübü vs Bursaspor
[3069880] Could not find attributes for caner erkin (Beşiktaş Jimnastik Kulübü, 2018)
[3069880] Failed to build match row: Antalyaspor vs Beşiktaş Jimnastik Kulübü
[2756533] Could not find attributes for niv antman (FC Dordrecht, 2016)
[3058570] Could not find attributes for oscar wendt (Mönchengladbach, 2018)
[3058570] Failed to build match row: Bayer 04 Leverkusen Fußball vs Mönchengladbach
[2756533] Failed to build match row: Sparta Rotterdam vs FC Dordrecht
[3302938] Failed to scrape lineup: https://www.transfermarkt.co.uk/zulte-waregem_royal-excel-mouscron-2022-/index/spielbericht/3302938
[3146243] Could not find attributes for vladimir bajic (APO Levadiakos Football Club, 2018)
[3146243] Failed to build match row: APO Levadiakos Football Club vs Aris Thessalonikis
[2901878] Failed to scrape lineup: https://www.transfermarkt.co.uk/spielbericht/index/spielbericht/2901878
[2475207] Failed to scrape lineup: https://www.transfermarkt.co.uk/granada-cf_villarreal-cf/index/spielbericht/2475207
[2976947] Failed to scrape lineup: https://www.transfermarkt.co.uk/spielbericht/index/spielbericht/2976947
[3234744] Failed to scrape lineup: https://www.transfermarkt.co.uk/fc-krasnodar_lokomotiv-moscow/index/spielbericht/3234744

Keepers & outfield error for **SS Virtus Lanciano** in SS Virtus Lanciano vs US Alessandria Calcio 1912: Numbers: 0 and 11.
[2884048] Could not find attributes for jailton paraiba (Gençlerbirliği Spor Kulübü, 2017)
[2884048] Failed to build match row: Beşiktaş Jimnastik Kulübü vs Gençlerbirliği Spor Kulübü
[2494416] Could not find attributes for georgios kantimiris (Veria NPS, 2014)
[2494416] Failed to build match row: Veria NPS vs AO Platanias

Keepers & outfield error for **Chelsea Football Club** in Tottenham Hotspur Football Club vs Chelsea Football Club: Numbers: 2 and 9.
[2698265] Failed to build match row: Tottenham Hotspur Football Club vs Chelsea Football Club
[3201746] Failed to scrape lineup: https://www.transfermarkt.co.uk/celtic-fc_ross-county-fc/index/spielbericht/3201746
[2805654] Could not find attributes for miroslav radovic (Legia Warszawa Spółka Akcyjna, 2016)
[2805654] Failed to build match row: Legia Warszawa Spółka Akcyjna vs AFC Ajax Amsterdam
Not enough players found for lineup: 0, 0.
[2756534] Failed to scrape lineup: https://www.transfermarkt.co.uk/spielbericht/index/spielbericht/2756534
[2732102] Could not find attributes for nemanja miletic (Koninklijke Voetbal Club Westerlo, 2016)
[3108485] Failed to scrape lineup: https://www.transfermarkt.co.uk/spielbericht/index/spielbericht/3108485
[2732102] Failed to build match row: Koninklijke Voetbal Club Westerlo vs Royal Excel Mouscron (-2022)
[2611506] Could not find attributes for dorin goian (A.G.S Asteras Tripolis, 2015)
[2611506] Failed to build match row: A.G.S Asteras Tripolis vs Panetolikos Agrinio
[2332126] Failed to scrape lineup: https://www.transfermarkt.co.uk/newcastle-united_liverpool-fc/index/spielbericht/2332126
[2604238] Failed to scrape lineup: https://www.transfermarkt.co.uk/udinese-calcio_hellas-verona/index/spielbericht/2604238
[3146244] Could not find attributes for nikolaos melissas (PAS Lamia 1964, 2018)
[3146244] Failed to build match row: PAS Lamia 1964 vs APS Atromitos Athinon
[2507256] Could not find attributes for andy coughlin (Wrexham AFC, 2014)
[2507256] Failed to build match row: Wrexham AFC vs Woking FC
[2388685] Could not find attributes for mickey demetriou (Kidderminster Harriers, 2013)
[3223210] Failed to scrape lineup: https://www.transfermarkt.co.uk/denizlispor_kayserispor/index/spielbericht/3223210
[2388685] Failed to build match row: Peterborough United vs Kidderminster Harriers
[2351934] Could not find attributes for nikolaos giannakopoulos (Panionios Athens, 2013)
[2351934] Failed to build match row: Panionios Athens vs Olympiakos Syndesmos Filathlon Peiraios
[3216137] Failed to scrape lineup: https://www.transfermarkt.co.uk/vitesse-arnhem_fc-groningen/index/spielbericht/3216137
[3047865] Could not find attributes for julio tavares (Dijon FCO, 2018)
[3047865] Failed to build match row: Football Club de Nantes vs Dijon FCO
[3069881] Could not find attributes for anthony nwakaeme (Trabzonspor Kulübü, 2018)
[3069881] Failed to build match row: Trabzonspor Kulübü vs MKE Ankaragücü
[2494417] Could not find attributes for dimitrios tairis (Niki Volou, 2014)
[2627937] Failed to scrape lineup: https://www.transfermarkt.co.uk/spielbericht/index/spielbericht/2627937
[2494417] Failed to build match row: Niki Volou vs AEL Kalloni
[2866283] Could not find attributes for emmet friars (Ballymena United FC, 2017)
[2367307] Failed to scrape lineup: https://www.transfermarkt.co.uk/spielbericht/index/spielbericht/2367307
[2866283] Failed to build match row: Ballymena United FC vs Odds BK
Not enough players found for lineup: 0, 0.
[3108486] Failed to scrape lineup: https://www.transfermarkt.co.uk/spielbericht/index/spielbericht/3108486
 Zenit Sankt-Peterburg: Numbers: 0 and 11.
[2805655] Failed to build match row: Royal Sporting Club Anderlecht vs AO FK Zenit Sankt-Peterburg
Not enough players found for lineup: 11, 0.
[2756535] Failed to scrape lineup: https://www.transfermarkt.co.uk/spielbericht/index/spielbericht/2756535
[3080270] Could not find attributes for eros grezda (Rangers Football Club, 2018)
[3080270] Failed to build match row: Saint Mirren Football Club vs Rangers Football Club
[3210020] Failed to scrape lineup: https://www.transfermarkt.co.uk/cd-leganes_real-valladolid-cf/index/spielbericht/3210020
[3302939] Could not find attributes for terem moffi (KV Kortrijk, 2019)
[3302939] Failed to build match row: KV Kortrijk vs Koninklijke Racing Club Genk
[3058572] Could not find attributes for steven zuber (Verein für Bewegungsspiele Stuttgart 1893, 2018)
[3058572] Failed to build match row: Verein für Bewegungsspiele Stuttgart 1893 vs 1. Fußball- und Sportverein Mainz 05

Keepers & outfield error for **Athletic Club Bilbao** in Futbol Club Barcelona vs Athletic Club Bilbao: Numbers: 2 and 9.
[2698266] Could not find attributes for peter crouch (Stoke City, 2016)
[2475208] Failed to build match row: Futbol Club Barcelona vs Athletic Club Bilbao
[3234745] Could not find attributes for sergey ryzhikov (PFK Krylya Sovetov Samara, 2019)
[2698266] Failed to build match row: Tottenham Hotspur Football Club vs Stoke City
[3234745] Failed to build match row: PFK Krylya Sovetov Samara vs FK Spartak Moskva
[3223211] Could not find attributes for aminu umar (Çaykur Rizespor Kulübü, 2019)
[3223211] Failed to build match row: Çaykur Rizespor Kulübü vs İstanbul Başakşehir Futbol Kulübü
[2351935] Could not find attributes for sebastian przyrowski (APO Levadiakos Football Club, 2013)
[2351935] Failed to build match row: APO Levadiakos Football Club vs AEL Kalloni

Keepers & outfield error for **Celta** in Celta vs Real Madrid Club de Fútbol: Numbers: 0 and 11.
[2718908] Failed to build match row: Celta vs Real Madrid Club de Fútbol
[2484410] Could not find attributes for giacomo bindi (US Catanzaro, 2014)
[3402192] Could not find attributes for tyronne ebuehi (Football Club Twente, 2020)
[3263720] Failed to scrape lineup: https://www.transfermarkt.co.uk/spielbericht/index/spielbericht/3263720
[2484410] Failed to build match row: Ternana Calcio vs US Catanzaro
[3402192] Failed to build match row: Football Club Twente vs Fortuna Sittardia Combinatie
[2494418] Could not find attributes for theodoros tripotseris (Omilos Filathlon Irakliou FC, 2014)
[2494418] Failed to build match row: Omilos Filathlon Irakliou FC vs APO Levadiakos Football Club
[2611507] Could not find attributes for sebastian bartolini (Iraklis Thessaloniki, 2015)
[2611507] Failed to build match row: Iraklis Thessaloniki vs Panionios Athens
[2901879] Could not find attributes for stefano scognamillo (SS Matera Calcio, 2017)
[2901879] Failed to build match row: US Avellino 1912 vs SS Matera Calcio
[2340217] Failed to scrape lineup: https://www.transfermarkt.co.uk/vitoria-guimaraes-sc_vitoria-setubal-fc/index/spielbericht/2340217
[2532381] Failed to scrape lineup: https://www.transfermarkt.co.uk/cercle-brugge-_zulte-waregem/index/spielbericht/2532381
[2594578] Failed to scrape lineup: https://www.transfermarkt.co.uk/malaga-cf_real-betis-balompie/index/spielbericht/2594578
[2586793] Failed to scrape lineup: https://www.transfermarkt.co.uk/olympique-lyon_stade-rennais-fc/index/spielbericht/2586793
[2329361] Could not find attributes for khalid boulahrouz (Brøndby Idrætsforening, 2013)
[2329361] Failed to build match row: Aalborg BK vs Brøndby Idrætsforening
[2722858] Could not find attributes for luccas claro (Gençlerbirliği Spor Kulübü, 2016)
[2722858] Failed to build match row: Gençlerbirliği Spor Kulübü vs Adanaspor
[2648071] Failed to scrape lineup: https://www.transfermarkt.co.uk/spielbericht/index/spielbericht/2648071
[3201747] Could not find attributes for robby mccrorie (Livingston Football Club, 2019)
[3201747] Failed to build match row: Hamilton Academical FC vs Livingston Football Club
[2479047] Could not find attributes for kassim doumbia (FH Hafnarfjördur, 2014)
[2479047] Failed to build match row: Idrottsföreningen Elfsborg vs FH Hafnarfjördur
[2921368] Failed to scrape lineup: https://www.transfermarkt.co.uk/fc-ufa_lokomotiv-moscow/index/spielbericht/2921368
[2875138] Could not find attributes for zeca (Football Club København, 2017)
[2875138] Failed to build match row: Football Club København vs Fodbold Club Midtjylland
[2732104] Could not find attributes for ishak belfodil (Royal Standard Club de Liège, 2016)
[2732104] Failed to build match row: KSC Lokeren (- 2020) vs Royal Standard Club de Liège
[2698267] Could not find attributes for peter crouch (Stoke City, 2016)
[2698267] Failed to build match row: Stoke City vs Watford FC
Not enough players found for lineup: 0, 11.
[2756536] Failed to scrape lineup: https://www.transfermarkt.co.uk/spielbericht/index/spielbericht/2756536
[2475209] Could not find attributes for loukas vyntra (Levante Unión Deportiva S.A.D., 2014)
[2475209] Failed to build match row: Málaga CF vs Levante Unión Deportiva S.A.D.
[3146245] Could not find attributes for georgios strezos (Omilos Filathlon Irakliou FC, 2018)
[3146245] Failed to build match row: Panthessalonikios Athlitikos Omilos Konstantinoupoliton vs Omilos Filathlon Irakliou FC
[2627938] Could not find attributes for giorgi arabidze (FC Shakhtar Donetsk, 2015)
[2627938] Failed to build match row: FC Shakhtar Donetsk vs FK Ternopil
[3234746] Could not find attributes for vitaliy gudiev (RFK Akhmat Grozny, 2019)
[3234746] Failed to build match row: PFK CSKA Moskva vs RFK Akhmat Grozny
[2351936] Could not find attributes for michalis zaropoulos (AO Xanthi, 2013)
[2351936] Failed to build match row: AO Xanthi vs Apollon Smyrnis
[2648072] Could not find attributes for anestis anastasiadis (AEL Kalloni, 2015)
[2722859] Could not find attributes for paul papp (Kardemir Karabükspor, 2016)
Omilos Konstantinoupoliton
[2484411] Could not find attributes for marco bleve (Unione Sportiva Lecce, 2014)
[2484411] Failed to build match row: Spezia Calcio vs Unione Sportiva Lecce
[2722859] Failed to build match row: Kardemir Karabükspor vs Ankaraspor
[2718910] Could not find attributes for juanpi (Málaga CF, 2016)
[2718910] Failed to build match row: Málaga CF vs Espanol
[2884051] Could not find attributes for mbaye diagne (Kasımpaşa A.Ş., 2017)
[2884051] Failed to build match row: Kasımpaşa A.Ş. vs Antalyaspor
[2388686] Failed to scrape lineup: https://www.transfermarkt.co.uk/spielbericht/index/spielbericht/2388686
[3047866] Failed to scrape lineup: https://www.transfermarkt.co.uk/paris-saint-germain_ogc-nice/index/spielbericht/3047866
[3069882] Failed to scrape lineup: https://www.transfermarkt.co.uk/akhisarspor_basaksehir-fk/index/spielbericht/3069882
[3234747] Could not find attributes for egor baburin (FK Rostov, 2019)
[3234747] Failed to build match row: FK Rostov vs FC Rubin Kazan
[3402193] Could not find attributes for joshua john (VVV-Venlo, 2020)
[3402193] Failed to build match row: FC Emmen vs VVV-Venlo
[2367308] Failed to scrape lineup: https://www.transfermarkt.co.uk/spielbericht/index/spielbericht/2367308
[2701637] Failed to scrape lineup: https://www.transfermarkt.co.uk/fc-toulouse_ea-guingamp/index/spielbericht/2701637
[2342465] Could not find attributes for uros matic (Nooit Opgeven Altijd Doorzetten Aangenaam Door Vermaak En Nuttig Door Ontspanning Combinatie Breda, 2013)
[2342465] Failed to build match row: Nooit Opgeven Altijd Doorzetten Aangenaam Door Vermaak En Nuttig Door Ontspanning Combinatie Breda vs Feyenoord Rotterdam

Keepers & outfield error for **Verona Hellas Football Club** in Associazione Calcio Milan vs Verona Hellas Football Club: Numbers: 2 and 9.
[2351937] Could not find attributes for nikolaos giannakopoulos (Panionios Athens, 2013)
[2977053] Failed to build match row: Associazione Calcio Milan vs Verona Hellas Football Club
[2351937] Failed to build match row: Panionios Athens vs Aris Thessalonikis
[2895968] Failed to scrape lineup: https://www.transfermarkt.co.uk/spielbericht/index/spielbericht/2895968
[3080271] Failed to scrape lineup: https://www.transfermarkt.co.uk/aberdeen-fc_hibernian-fc/index/spielbericht/3080271
[2507257] Could not find attributes for ed harris (Havant & Waterlooville FC, 2014)
[2507257] Failed to build match row: Havant & Waterlooville FC vs Preston North End
[2722860] Could not find attributes for marquinhos pedroso (Gaziantepspor (- 2020), 2016)
[2722860] Failed to build match row: Akhisarspor vs Gaziantepspor (- 2020)
[3210021] Failed to scrape lineup: https://www.transfermarkt.co.uk/rcd-mallorca_fc-barcelona/index/spielbericht/3210021
[3223212] Failed to scrape lineup: https://www.transfermarkt.co.uk/goztepe_gaziantep-fk/index/spielbericht/3223212
Not enough players found for lineup: 0, 0.
 broekhof (FC Lienden, 2016)
[2756537] Failed to build match row: FC Lienden vs Alkmaar Zaanstreek
[2648073] Failed to scrape lineup: https://www.transfermarkt.co.uk/spielbericht/index/spielbericht/2648073
[2611508] Failed to scrape lineup: https://www.transfermarkt.co.uk/panathinaikos-fc_ael-kalloni/index/spielbericht/2611508
[2494419] Failed to scrape lineup: https://www.transfermarkt.co.uk/olympiacos-piraeus_pas-giannina/index/spielbericht/2494419
[2460674] Failed to scrape lineup: https://www.transfermarkt.co.uk/fc-augsburg_hertha-bsc/index/spielbericht/2460674
[2901880] Could not find attributes for giuseppe prestia (Virtus Francavilla Calcio, 2017)
[3216138] Could not find attributes for joey veerman (Sportclub Heerenveen, 2019)
[3216138] Failed to build match row: Sportclub Heerenveen vs Sparta Rotterdam
[2901880] Failed to build match row: Palermo FC vs Virtus Francavilla Calcio
[2594580] Could not find attributes for jean sylvain babin (Granada CF, 2015)
[2594580] Failed to build match row: Rayo Vallecano de Madrid S. A. D. vs Granada CF
[3069883] Could not find attributes for dario melnjak (Çaykur Rizespor Kulübü, 2018)
[3234748] Could not find attributes for mikhail levashov (Arsenal Tula, 2019)
[3069883] Failed to build match row: Erzurumspor FK vs Çaykur Rizespor Kulübü
[3234748] Failed to build match row: Arsenal Tula vs FC Orenburg
Not enough players found for lineup: 0, 0.
[3201748] Failed to scrape lineup: https://www.transfermarkt.co.uk/heart-of-midlothian-fc_rangers-fc/index/spielbericht/3201748
[3146246] Could not find attributes for epaminondas pantelakis (Panathinaikos Athlitikos Omilos, 2018)
[3108487] Failed to scrape lineup: https://www.transfermarkt.co.uk/spielbericht/index/spielbericht/3108487
[3146246] Failed to build match row: Panathinaikos Athlitikos Omilos vs Athlitiki Enosi Larisas
[2732105] Failed to scrape lineup: https://www.transfermarkt.co.uk/r-charleroi-sc_kv-mechelen/index/spielbericht/2732105
[2698268] Failed to scrape lineup: https://www.transfermarkt.co.uk/swansea-city_west-ham-united/index/spielbericht/2698268
[2805656] Could not find attributes for takayuki seto (Astra Giurgiu (- 2024), 2016)
5)
[2648074] Failed to build match row: Iraklis Thessaloniki vs Veria NPS
[2805656] Failed to build match row: Astra Giurgiu (- 2024) vs Koninklijke Racing Club Genk

Keepers & outfield error for **Espanol** in Espanol vs Málaga CF: Numbers: 2 and 9.
[2475210] Failed to build match row: Espanol vs Málaga CF
[3223213] Could not find attributes for afriyie acquah (Yeni Malatyaspor, 2019)
[3223213] Failed to build match row: Yeni Malatyaspor vs Antalyaspor
[2627939] Failed to scrape lineup: https://www.transfermarkt.co.uk/spielbericht/index/spielbericht/2627939
[2604240] Failed to scrape lineup: https://www.transfermarkt.co.uk/acf-fiorentina_ssc-napoli/index/spielbericht/2604240
[2611509] Could not find attributes for theodoros berios (PAS Giannina, 2015)
[2611509] Failed to build match row: PAS Giannina vs Panthessalonikios Athlitikos Omilos Konstantinoupoliton
[2484412] Could not find attributes for matteo pisseri (SS Juve Stabia, 2014)
[2484412] Failed to build match row: Varese 1910 vs SS Juve Stabia
[2722861] Could not find attributes for ryan babel (Beşiktaş Jimnastik Kulübü, 2016)
[2722861] Failed to build match row: Beşiktaş Jimnastik Kulübü vs Fenerbahçe Spor Kulübü
[2494420] Could not find attributes for stelios malezas (Panetolikos Agrinio, 2014)
[2494420] Failed to build match row: Panetolikos Agrinio vs Panionios Athens
[2732106] Could not find attributes for ishak belfodil (Royal Standard Club de Liège, 2016)
[2732106] Failed to build match row: Royal Standard Club de Liège vs KAS Eupen
[2756538] Could not find attributes for theo timmermans (SV Spakenburg, 2016)
[2756538] Failed to build match row: SV Spakenburg vs Fortuna Sittardia Combinatie
[2901881] Could not find attributes for filippo perucchini (Unione Sportiva Lecce, 2017)

Keepers & outfield error for **Real Madrid Club de Fútbol** in Real Madrid Club de Fútbol vs SD Eibar: Numbers: 2 and 9.
[3210022] Failed to build match row: Real Madrid Club de Fútbol vs SD Eibar
[2901881] Failed to build match row: FC Pro Vercelli 1892 vs Unione Sportiva Lecce
[3146247] Could not find attributes for nikolaos papadopoulos (A.G.S Asteras Tripolis, 2018)
[3146247] Failed to build match row: A.G.S Asteras Tripolis vs Olympiakos Syndesmos Filathlon Peiraios
[3263721] Failed to scrape lineup: https://www.transfermarkt.co.uk/spielbericht/index/spielbericht/3263721

Keepers & outfield error for **Getafe Club de Fútbol S. A. D. Team Dubai** in Getafe Club de Fútbol S. A. D. Team Dubai vs Rayo Vallecano de Madrid S. A. D.: Numbers: 2 and 9.
[3216139] Could not find attributes for miquel nelom (Willem II Tilburg, 2019)
[2594581] Failed to build match row: Getafe Club de Fútbol S. A. D. Team Dubai vs Rayo Vallecano de Madrid S. A. D.
[3216139] Failed to build match row: Willem II Tilburg vs Eindhovense Voetbalvereniging Philips Sport Vereniging
[2648075] Could not find attributes for anastasios avlonitis (Olympiakos Syndesmos Filathlon Peiraios, 2015)
[2648075] Failed to build match row: Olympiakos Syndesmos Filathlon Peiraios vs AO Chania
[3234749] Could not find attributes for yaroslav godzyur (Ural Yekaterinburg, 2019)
[2340219] Could not find attributes for pintassilgo (Futebol Clube de Arouca, 2013)
Not enough players found for lineup: 0, 0.

Keepers & outfield error for **Manchester United Football Club** in Manchester United Football Club vs AS Saint-Étienne: Numbers: 0 and 11.
[2579889] Could not find attributes for frazer wright (St. Johnstone FC, 2015)
[2479048] Failed to scrape lineup: https://www.transfermarkt.co.uk/spielbericht/index/spielbericht/2479048
[2340219] Failed to build match row: Futebol Clube de Arouca vs Rio Ave Futebol Clube
[3234749] Failed to build match row: Ural Yekaterinburg vs FK Sochi
[2805657] Failed to build match row: Manchester United Football Club vs AS Saint-Étienne
[2895969] Could not find attributes for ruslan startsev (Znamya Truda Orekhovo-Zuevo, 2017)
[3108488] Failed to scrape lineup: https://www.transfermarkt.co.uk/spielbericht/index/spielbericht/3108488
[2718912] Could not find attributes for andreas pereira (Granada CF, 2016)
[2895969] Failed to build match row: Znamya Truda Orekhovo-Zuevo vs Zorkiy Krasnogorsk
[2718912] Failed to build match row: Granada CF vs UD Las Palmas
[2627941] Could not find attributes for maksym imerekov (FC Oleksandriya, 2015)
[2627941] Failed to build match row: FC Oleksandriya vs Dnipro Dnipropetrovsk (-2020)
[3047868] Failed to scrape lineup: https://www.transfermarkt.co.uk/rc-strasbourg-alsace_olympique-marseille/index/spielbericht/3047868
[3080272] Failed to scrape lineup: https://www.transfermarkt.co.uk/dundee-fc_st-mirren-fc/index/spielbericht/3080272
[2722862] Could not find attributes for jan durica (Trabzonspor Kulübü, 2016)
[2722862] Failed to build match row: Trabzonspor Kulübü vs Kayserispor Kulübü
[3069884] Could not find attributes for bulent cevahir (Yeni Malatyaspor, 2018)
[3069884] Failed to build match row: Yeni Malatyaspor vs Kayserispor Kulübü
[2494421] Could not find attributes for georgios athanasiadis (Panthrakikos Komotini, 2014)

Keepers & outfield error for **Real Sociedad de Fútbol S.A.D.** in Real Sociedad de Fútbol S.A.D. vs Club Atlético Osasuna: Numbers: 2 and 9.
[3146483] Could not find attributes for filip manojlovic (Panionios Athens, 2018)
[2494421] Failed to build match row: Panthrakikos Komotini vs GS Ergotelis
[2611510] Could not find attributes for yevgen selin (AO Platanias, 2015)
[3146483] Failed to build match row: Panionios Athens vs PAS Giannina
[3210023] Failed to build match row: Real Sociedad de Fútbol S.A.D. vs Club Atlético Osasuna
[2611510] Failed to build match row: AO Platanias vs APS Atromitos Athinon
Not enough players found for lineup: 0, 0.
Not enough players found for lineup: 0, 11.
[2648076] Failed to scrape lineup: https://www.transfermarkt.co.uk/spielbericht/index/spielbericht/2648076
[2756539] Failed to scrape lineup: https://www.transfermarkt.co.uk/spielbericht/index/spielbericht/2756539
[2901882] Could not find attributes for giulio parodi (Pordenone Calcio, 2017)
[2901882] Failed to build match row: Venezia FC vs Pordenone Calcio
[3201749] Could not find attributes for ross maciver (Motherwell Football Club, 2019)
[3223214] Could not find attributes for flavio ramos (Gençlerbirliği Spor Kulübü, 2019)
[3263722] Could not find attributes for aleksandr belenov (FK Ufa, 2019)
[3223214] Failed to build match row: Gençlerbirliği Spor Kulübü vs MKE Ankaragücü
[3263722] Failed to build match row: PFK CSKA Moskva vs FK Ufa
[3216140] Could not find attributes for george cox (Fortuna Sittardia Combinatie, 2019)
[3216140] Failed to build match row: Fortuna Sittardia Combinatie vs ADO Den Haag
[2340220] Could not find attributes for kaytm (CF Os Belenenses, 2013)
[2340220] Failed to build match row: CF Os Belenenses vs Clube Desportivo Nacional
[3058575] Could not find attributes for hendrik weydandt (Hannover 96, 2018)
[3058575] Failed to build match row: Hannover 96 vs Sportverein Werder Bremen von 1899
[2895970] Could not find attributes for andrey ryzhikov (Sokol Saratov, 2017)
[2895970] Failed to build match row: Sokol Saratov vs Zenit Izhevsk
[3234750] Could not find attributes for sergey ryzhikov (PFK Krylya Sovetov Samara, 2019)
[3234750] Failed to build match row: PFK Krylya Sovetov Samara vs FK Dinamo Moskva

Keepers & outfield error for **Córdoba CF** in Córdoba CF vs Sevilla Fútbol Club S.A.D.: Numbers: 0 and 11.
[2475212] Failed to build match row: Córdoba CF vs Sevilla Fútbol Club S.A.D.
[2718913] Could not find attributes for florian lejeune (SD Eibar, 2016)
[2718913] Failed to build match row: Valencia Club de Fútbol S. A. D. vs SD Eibar
[2494422] Could not find attributes for anestis anastasiadis (AEL Kalloni, 2014)
[2494422] Failed to build match row: AEL Kalloni vs Panetolikos Agrinio
[2875140] Could not find attributes for mark leth pedersen (FC Helsingör, 2017)
[2875140] Failed to build match row: Lyngby Boldklub vs FC Helsingör
[3069885] Could not find attributes for ceyhun gulselam (Alanyaspor, 2018)
[3069885] Failed to build match row: Alanyaspor vs Galatasaray Spor Kulübü
[2978671] Could not find attributes for clevid dikamona (AO Platanias, 2017)
[2978671] Failed to build match row: AO Platanias vs Olympiakos Syndesmos Filathlon Peiraios
[2732108] Could not find attributes for andriy totovytskyi (KV Kortrijk, 2016)
[2732108] Failed to build match row: Sportvereniging Zulte Waregem vs KV Kortrijk
[2722863] Could not find attributes for jan durica (Trabzonspor Kulübü, 2016)
[2722863] Failed to build match row: Adanaspor vs Trabzonspor Kulübü
[2329362] Could not find attributes for azer busuladzic (Odense Boldklub, 2013)
[2329362] Failed to build match row: FC Vestsjaelland vs Odense Boldklub
[2388689] Could not find attributes for glenn loovens (Sheffield Wednesday, 2013)
[2388689] Failed to build match row: Sheffield Wednesday vs Macclesfield Town FC
[2756540] Could not find attributes for ferdi kadioglu (Nijmegen Eendracht Combinatie, 2016)
[2756540] Failed to build match row: Nijmegen Eendracht Combinatie vs ADO Den Haag
[3087311] Could not find attributes for simon sluga (Hrvatski Nogometni Klub Rijeka, 2018)
[3234751] Could not find attributes for aleksandr belenov (FK Ufa, 2019)
[2460676] Failed to scrape lineup: https://www.transfermarkt.co.uk/vfb-stuttgart_hannover-96/index/spielbericht/2460676
[3087311] Failed to build match row: Sarpsborg 08 Fotballforening vs Hrvatski Nogometni Klub Rijeka
[3201750] Could not find attributes for callum booth (St. Johnstone FC, 2019)
[3201750] Failed to build match row: St. Johnstone FC vs Kilmarnock Football Club

Keepers & outfield error for **Associazione Sportiva Roma** in Villarreal Club de Fútbol S.A.D. vs Associazione Sportiva Roma: Numbers: 0 and 11.
[2805658] Failed to build match row: Villarreal Club de Fútbol S.A.D. vs Associazione Sportiva Roma
[3069886] Could not find attributes for iasmin latovlevici (Bursaspor, 2018)
[3069886] Failed to build match row: Bursaspor vs Konyaspor
[2342469] Could not find attributes for iliass bel hassani (Heracles Almelo, 2013)
[2342469] Failed to build match row: Eindhovense Voetbalvereniging Philips Sport Vereniging vs Heracles Almelo
[2901883] Could not find attributes for alessandro malomo (LR Vicenza, 2017)
[2901883] Failed to build match row: LR Vicenza vs Foggia Calcio

Keepers & outfield error for **Sport Lisboa e Benfica** in Sport Lisboa e Benfica vs Gil Vicente Futebol Clube: Numbers: 2 and 9.
[2340221] Failed to build match row: Sport Lisboa e Benfica vs Gil Vicente Futebol Clube
[3146484] Could not find attributes for giannis sotirakos (Panachaiki GE, 2018)

Keepers & outfield error for **UD Almería** in Real Sociedad de Fútbol S.A.D. vs UD Almería: Numbers: 0 and 11.
[3146484] Failed to build match row: Panthessalonikios Athlitikos Omilos Konstantinoupoliton vs Panachaiki GE
[2475213] Failed to build match row: Real Sociedad de Fútbol S.A.D. vs UD Almería
[3402197] Could not find attributes for ahmed touba (RKC Waalwijk, 2020)
[3402197] Failed to build match row: RKC Waalwijk vs Vitesse Arnhem
[3080273] Could not find attributes for clevid dikamona (Heart of Midlothian Football Club, 2018)
[3080273] Failed to build match row: Heart of Midlothian Football Club vs Kilmarnock Football Club
[2479050] Could not find attributes for jonas acquistapace (Omonia Nicosia, 2014)
[2479050] Failed to build match row: Omonia Nicosia vs Metalurg Skopje
[2507894] Failed to scrape lineup: https://www.transfermarkt.co.uk/spielbericht/index/spielbericht/2507894
[2627942] Failed to scrape lineup: https://www.transfermarkt.co.uk/karpaty-lviv_goverla-uzhgorod-2016-/index/spielbericht/2627942
[2484413] Could not find attributes for andrea gasbarro (US Città di Pontedera, 2014)
[2579890] Failed to scrape lineup: https://www.transfermarkt.co.uk/aberdeen-fc_hamilton-academical-fc/index/spielbericht/2579890
[3108489] Failed to scrape lineup: https://www.transfermarkt.co.uk/spielbericht/index/spielbericht/3108489
[2484413] Failed to build match row: AS Cittadella vs US Città di Pontedera
[2494423] Could not find attributes for dorin goian (A.G.S Asteras Tripolis, 2014)
[2494423] Failed to build match row: A.G.S Asteras Tripolis vs Veria NPS
[2329363] Could not find attributes for johan bjordal (Aarhus Gymnastik Forening, 2013)
[2329363] Failed to build match row: Aarhus Gymnastik Forening vs Brøndby Idrætsforening
[2698269] Failed to scrape lineup: https://www.transfermarkt.co.uk/afc-bournemouth_manchester-city/index/spielbericht/2698269
[3263723] Failed to scrape lineup: https://www.transfermarkt.co.uk/spielbericht/index/spielbericht/3263723
[2722864] Could not find attributes for emre belozoglu (İstanbul Başakşehir Futbol Kulübü, 2016)
[2722864] Failed to build match row: İstanbul Başakşehir Futbol Kulübü vs Gençlerbirliği Spor Kulübü
[2648077] Failed to scrape lineup: https://www.transfermarkt.co.uk/spielbericht/index/spielbericht/2648077
[2867266] Could not find attributes for jonathan joubert (F91 Dudelange, 2017)
[2867266] Failed to build match row: F91 Dudelange vs APOEL Nicosia
[2342470] Could not find attributes for prince gouano (RKC Waalwijk, 2013)
[2342470] Failed to build match row: RKC Waalwijk vs Nijmegen Eendracht Combinatie
[3047869] Failed to scrape lineup: https://www.transfermarkt.co.uk/fc-toulouse_stade-rennais-fc/index/spielbericht/3047869
[2921369] Failed to scrape lineup: https://www.transfermarkt.co.uk/fc-rostov_rubin-kazan/index/spielbericht/2921369
[3087312] Could not find attributes for simon sluga (Hrvatski Nogometni Klub Rijeka, 2018)
[3087312] Failed to build match row: Hrvatski Nogometni Klub Rijeka vs Sarpsborg 08 Fotballforening

Keepers & outfield error for **Manchester City Football Club** in Manchester City Football Club vs Blackburn Rovers: Numbers: 2 and 9.
[2388690] Failed to build match row: Manchester City Football Club vs Blackburn Rovers
[2718914] Could not find attributes for darko brasanac (Real Betis Balompié S.A.D., 2016)
[2718914] Failed to build match row: Deportivo de La Coruña vs Real Betis Balompié S.A.D.
Not enough players found for lineup: 11, 0.
[2756541] Failed to scrape lineup: https://www.transfermarkt.co.uk/spielbericht/index/spielbericht/2756541
[2613502] Failed to scrape lineup: https://www.transfermarkt.co.uk/terek-grozny_dinamo-moscow/index/spielbericht/2613502

Keepers & outfield error for **Levante Unión Deportiva S.A.D.** in Valencia Club de Fútbol S. A. D. vs Levante Unión Deportiva S.A.D.: Numbers: 0 and 11.
[3210025] Failed to build match row: Valencia Club de Fútbol S. A. D. vs Levante Unión Deportiva S.A.D.
[3080274] Could not find attributes for steve lawson (Livingston Football Club, 2018)
[3080274] Failed to build match row: Livingston Football Club vs The Celtic Football Club
[2627943] Could not find attributes for mykyta kamenyuka (FC Zorya Lugansk, 2015)
[2627943] Failed to build match row: FC Zorya Lugansk vs Volyn Lutsk
[2805659] Could not find attributes for jose luis palomino (Ludogorets Razgrad, 2016)
[2805659] Failed to build match row: Ludogorets Razgrad vs Football Club København
[3146485] Could not find attributes for yassine meriah (Olympiakos Syndesmos Filathlon Peiraios, 2018)
[3146485] Failed to build match row: Olympiakos Syndesmos Filathlon Peiraios vs AO Xanthi

Keepers & outfield error for **CS Marítimo** in Futebol Clube do Porto vs CS Marítimo: Numbers: 0 and 11.
[2722865] Could not find attributes for kenneth omeruo (Alanyaspor, 2016)
[2340222] Failed to build match row: Futebol Clube do Porto vs CS Marítimo
[2722865] Failed to build match row: Alanyaspor vs Kardemir Karabükspor
[3216142] Could not find attributes for reza ghoochannejhad (Prins Hendrik Ende Desespereert Nimmer Combinatie Zwolle, 2019)
[2648078] Could not find attributes for stathis tavlaridis (Panathinaikos Athlitikos Omilos, 2015)
[3216142] Failed to build match row: Football Club Twente vs Prins Hendrik Ende Desespereert Nimmer Combinatie Zwolle
[2648078] Failed to build match row: Panathinaikos Athlitikos Omilos vs PAS Giannina
[3234752] Failed to scrape lineup: https://www.transfermarkt.co.uk/rubin-kazan_fc-sochi/index/spielbericht/3234752
[2875141] Failed to scrape lineup: https://www.transfermarkt.co.uk/fc-helsingor_fc-copenhagen/index/spielbericht/2875141
[2895971] Failed to scrape lineup: https://www.transfermarkt.co.uk/spielbericht/index/spielbericht/2895971
[3058576] Failed to scrape lineup: https://www.transfermarkt.co.uk/1-fc-nuremberg_hertha-bsc/index/spielbericht/3058576
[2901884] Could not find attributes for giacomo bindi (Calcio Padova, 2017)
[2901884] Failed to build match row: Brescia Calcio vs Calcio Padova
[2479051] Could not find attributes for guy haimov (Ironi Kiryat Shmona, 2014)
e Desespereert Nimmer Combinatie Zwolle, 2013)
[2479051] Failed to build match row: FK Dinamo Moskva vs Ironi Kiryat Shmona
de Desespereert Nimmer Combinatie Zwolle

Keepers & outfield error for **Celta** in Club Atlético de Madrid S.A.D. vs Celta: Numbers: 0 and 11.
[2475214] Failed to build match row: Club Atlético de Madrid S.A.D. vs Celta
[3108490] Could not find attributes for christos athanasopoulos (AOK Kerkyra, 2018)
[3108490] Failed to build match row: AOK Kerkyra vs AO Xanthi
[2756542] Could not find attributes for jordy croux (Willem II Tilburg, 2016)
[2756542] Failed to build match row: AFC Ajax Amsterdam vs Willem II Tilburg
[2604243] Could not find attributes for gianluigi donnarumma (Associazione Calcio Milan, 2015)
[2604243] Failed to build match row: Associazione Calcio Milan vs Torino Calcio

Keepers & outfield error for **Celta** in Celta vs FC Shakhtar Donetsk: Numbers: 0 and 11.
[2805660] Failed to build match row: Celta vs FC Shakhtar Donetsk
[2732110] Could not find attributes for jakub brabec (Koninklijke Racing Club Genk, 2016)
[2732110] Failed to build match row: Koninklijke Racing Club Genk vs Royal Sporting Club Anderlecht
[3069887] Could not find attributes for gabriel obertan (Erzurumspor FK, 2018)
[3069887] Failed to build match row: İstanbul Başakşehir Futbol Kulübü vs Erzurumspor FK

Keepers & outfield error for **Manchester City Football Club** in West Ham United Football Club vs Manchester City Football Club: Numbers: 2 and 9.
[2332128] Failed to build match row: West Ham United Football Club vs Manchester City Football Club
[3087313] Could not find attributes for ernestas setkus (Hapoel Haifa, 2018)
[3087313] Failed to build match row: Hapoel Haifa vs Atalanta Bergamasca Calcio S.p.a.
[3080275] Could not find attributes for eros grezda (Rangers Football Club, 2018)
[3080275] Failed to build match row: Rangers Football Club vs Motherwell Football Club
[3403116] Could not find attributes for davide simoncini (Tre Fiori FC, 2020)

Keepers & outfield error for **Alaves** in Alaves vs Real Sociedad de Fútbol S.A.D.: Numbers: 0 and 11.
[3403116] Failed to build match row: Tre Fiori FC vs Linfield FC
[3210035] Failed to build match row: Alaves vs Real Sociedad de Fútbol S.A.D.
[3263724] Could not find attributes for aleksandr vasyutin (AO FK Zenit Sankt-Peterburg, 2019)
[3263724] Failed to build match row: AO FK Zenit Sankt-Peterburg vs Tom Tomsk
[2895972] Could not find attributes for khazbulat khamkhoev (Angusht Nazran, 2017)
[2895972] Failed to build match row: Angusht Nazran vs Spartak Nalchik
[3201751] Failed to scrape lineup: https://www.transfermarkt.co.uk/st-mirren-fc_aberdeen-fc/index/spielbericht/3201751
[2329364] Could not find attributes for khalid boulahrouz (Brøndby Idrætsforening, 2013)
[2329364] Failed to build match row: Brøndby Idrætsforening vs FC Vestsjaelland

Keepers & outfield error for **Aalborg BK** in Brøndby Idrætsforening vs Aalborg BK: Numbers: 2 and 9.
[2875142] Failed to build match row: Brøndby Idrætsforening vs Aalborg BK
[2884052] Could not find attributes for artem kravets (Kayserispor Kulübü, 2017)
[2884052] Failed to build match row: Konyaspor vs Kayserispor Kulübü
[3302941] Could not find attributes for dimitar velkovski (Cercle Brugge Koninklijke Sportvereniging, 2019)
[3302941] Failed to build match row: Royal Excel Mouscron (-2022) vs Cercle Brugge Koninklijke Sportvereniging
[2507895] Failed to scrape lineup: https://www.transfermarkt.co.uk/spielbericht/index/spielbericht/2507895
[2586795] Could not find attributes for antoine devaux (Stade Reims, 2015)
[2586795] Failed to build match row: Stade Reims vs Football Club Lorient-Bretagne Sud
[3210036] Could not find attributes for ansu fati (Futbol Club Barcelona, 2019)
[3210036] Failed to build match row: Futbol Club Barcelona vs CD Leganés
[3146486] Could not find attributes for anestis nastos (Omilos Filathlon Irakliou FC, 2018)
[3146486] Failed to build match row: Omilos Filathlon Irakliou FC vs GS Ergotelis
Not enough players found for lineup: 0, 0.
[3108491] Failed to scrape lineup: https://www.transfermarkt.co.uk/spielbericht/index/spielbericht/3108491
[2351938] Could not find attributes for zeca (Panathinaikos Athlitikos Omilos, 2013)
[3223215] Failed to scrape lineup: https://www.transfermarkt.co.uk/sivasspor_alanyaspor/index/spielbericht/3223215
[2351938] Failed to build match row: Panathinaikos Athlitikos Omilos vs Veria NPS

Keepers & outfield error for **Royal Sporting Club Anderlecht** in Koninklijke Racing Club Genk vs Royal Sporting Club Anderlecht: Numbers: 0 and 11.
[2532383] Failed to build match row: Koninklijke Racing Club Genk vs Royal Sporting Club Anderlecht
[2805661] Could not find attributes for badou ndiaye (Ankaraspor, 2016)
[2805661] Failed to build match row: Olympiakos Syndesmos Filathlon Peiraios vs Ankaraspor
[2698271] Could not find attributes for gareth mcauley (West Bromwich Albion, 2016)
[2698271] Failed to build match row: Southampton FC vs West Bromwich Albion
[2921370] Failed to scrape lineup: https://www.transfermarkt.co.uk/zenit-st-petersburg_arsenal-tula/index/spielbericht/2921370
[2627944] Could not find attributes for yevgen borovyk (Chornomorets Odesa, 2015)
[2627944] Failed to build match row: Chornomorets Odesa vs FC Shakhtar Donetsk
[2722866] Could not find attributes for badou ndiaye (Ankaraspor, 2016)
[2722866] Failed to build match row: Ankaraspor vs Akhisarspor
[2367309] Could not find attributes for stas pokatilov (Shakhter Karaganda, 2013)
[2367309] Failed to build match row: Alkmaar Zaanstreek vs Shakhter Karaganda
[2388691] Could not find attributes for stephen hunt (Ipswich Town, 2013)
[2388691] Failed to build match row: Preston North End vs Ipswich Town
[2895973] Could not find attributes for maksim matyusha (Torpedo Armavir, 2017)
[2895973] Failed to build match row: Torpedo Armavir vs Dinamo Stavropol
Not enough players found for lineup: 0, 11.
[2756543] Failed to scrape lineup: https://www.transfermarkt.co.uk/spielbericht/index/spielbericht/2756543
[2340224] Could not find attributes for jota (Clube Desportivo Nacional, 2013)
[3069888] Could not find attributes for ante kulusic (MKE Ankaragücü, 2018)
[3069888] Failed to build match row: MKE Ankaragücü vs Kasımpaşa A.Ş.
[2340224] Failed to build match row: Clube Desportivo Nacional vs Vitória Sport Clube
[2884053] Could not find attributes for volkan demirel (Fenerbahçe Spor Kulübü, 2017)
[2884053] Failed to build match row: Fenerbahçe Spor Kulübü vs Galatasaray Spor Kulübü
[3087314] Could not find attributes for ernestas setkus (Hapoel Haifa, 2018)
[3087314] Failed to build match row: Atalanta Bergamasca Calcio S.p.a. vs Hapoel Haifa
[2648079] Could not find attributes for giannis anestis (Athlitiki Enosi Konstantinoupoleos, 2015)
[2648079] Failed to build match row: Athlitiki Enosi Konstantinoupoleos vs APO Levadiakos Football Club
[2805662] Failed to scrape lineup: https://www.transfermarkt.co.uk/spielbericht/index/spielbericht/2805662
[3058577] Could not find attributes for steven zuber (Verein für Bewegungsspiele Stuttgart 1893, 2018)
[3058577] Failed to build match row: FC Bayern München vs Verein für Bewegungsspiele Stuttgart 1893
[2895974] Failed to scrape lineup: https://www.transfermarkt.co.uk/spielbericht/index/spielbericht/2895974
[3263725] Could not find attributes for evgeniy gorodov (RFK Akhmat Grozny, 2019)
[3263725] Failed to build match row: RFK Akhmat Grozny vs Luch Vladivostok
[2532384] Could not find attributes for edin cocalic (Yellow-Red Koninklijke Voetbalclub Mechelen, 2014)
[2532384] Failed to build match row: Yellow-Red Koninklijke Voetbalclub Mechelen vs Lierse SK (- 2018)
[2627945] Could not find attributes for oleksandr shovkovskyi (Futbolniy Klub Dynamo Kyiv, 2015)
[2627945] Failed to build match row: Futbolniy Klub Dynamo Kyiv vs Vorskla Poltava
[2332130] Failed to scrape lineup: https://www.transfermarkt.co.uk/west-ham-united_hull-city/index/spielbericht/2332130
[3069889] Failed to scrape lineup: https://www.transfermarkt.co.uk/kayserispor_fenerbahce/index/spielbericht/3069889
[2604245] Failed to scrape lineup: https://www.transfermarkt.co.uk/ssc-napoli_chievo-verona/index/spielbericht/2604245
[2329365] Could not find attributes for johan sellberg wiland (Football Club København, 2013)
[2329365] Failed to build match row: Football Club København vs Aarhus Gymnastik Forening
[3047870] Could not find attributes for kalidou sidibe (Toulouse Football Club, 2018)
[3047870] Failed to build match row: Amiens SC vs Toulouse Football Club
[2367310] Could not find attributes for bojan saranov (Maccabi Haifa, 2013)
[2367310] Failed to build match row: Maccabi Haifa vs Panthessalonikios Athlitikos Omilos Konstantinoupoliton
[3264072] Failed to scrape lineup: https://www.transfermarkt.co.uk/spielbericht/index/spielbericht/3264072

Keepers & outfield error for **Sporting Clube de Braga** in Sporting Clube de Braga vs CF Os Belenenses: Numbers: 0 and 11.
[2340225] Failed to build match row: Sporting Clube de Braga vs CF Os Belenenses
[2627946] Failed to scrape lineup: https://www.transfermarkt.co.uk/stal-dniprodzerzhynsk_metalist-kharkiv/index/spielbericht/2627946
[2532385] Failed to scrape lineup: https://www.transfermarkt.co.uk/lierse-sk-2018-_kvrs-waasland-sk-beveren/index/spielbericht/2532385
[2332131] Failed to scrape lineup: https://www.transfermarkt.co.uk/hull-city_manchester-city/index/spielbericht/2332131
[2604246] Failed to scrape lineup: https://www.transfermarkt.co.uk/genoa-cfc_fc-empoli/index/spielbericht/2604246
[3403117] Could not find attributes for faton maloku (FC Drita, 2020)
[3403117] Failed to build match row: FC Drita vs Inter Club d'Escaldes
[2722867] Could not find attributes for erkan kas (Kayserispor Kulübü, 2016)
[2722867] Failed to build match row: Kayserispor Kulübü vs Konyaspor
kios Athlitikos Omilos Konstantinoupoliton, 2015)
[2648080] Failed to build match row: Panthessalonikios Athlitikos Omilos Konstantinoupoliton vs AEL Kalloni
[2756544] Could not find attributes for hobie verhulst (Football Club Volendam, 2016)
[2756544] Failed to build match row: Football Club Volendam vs MVV Maastricht
[2351939] Could not find attributes for luigi cennamo (APS Atromitos Athinon, 2013)
[2494424] Could not find attributes for zacharias kavousakis (GS Ergotelis, 2014)
[2701640] Could not find attributes for yves bissouma (Lille Olympique Sporting Club, 2016)
[2351939] Failed to build match row: APS Atromitos Athinon vs Aris Thessalonikis
[2867267] Could not find attributes for cosmin moti (Ludogorets Razgrad, 2017)
[2701640] Failed to build match row: Lille Olympique Sporting Club vs Toulouse Football Club
[2494424] Failed to build match row: GS Ergotelis vs AO Xanthi
[2867267] Failed to build match row: Ludogorets Razgrad vs FK Zalgiris Vilnius
[3087315] Could not find attributes for guillem truyols (AEK Larnaca, 2018)
[3087315] Failed to build match row: Sportklub Puntigamer Sturm Graz vs AEK Larnaca
[3058578] Could not find attributes for hendrik weydandt (Hannover 96, 2018)
Not enough players found for lineup: 0, 0.
[3058578] Failed to build match row: Borussia Dortmund vs Hannover 96
[3108492] Failed to scrape lineup: https://www.transfermarkt.co.uk/spielbericht/index/spielbericht/3108492
[3146487] Could not find attributes for christos theodorakis (APS Atromitos Athinon, 2018)
[3146487] Failed to build match row: APS Atromitos Athinon vs Apollon Smyrnis
[2978672] Could not find attributes for georgios athanasiadis (A.G.S Asteras Tripolis, 2017)
[2978672] Failed to build match row: A.G.S Asteras Tripolis vs APS Atromitos Athinon
[2604247] Failed to scrape lineup: https://www.transfermarkt.co.uk/as-roma_acf-fiorentina/index/spielbericht/2604247
[2722868] Failed to scrape lineup: https://www.transfermarkt.co.uk/fenerbahce_antalyaspor/index/spielbericht/2722868
[3223216] Could not find attributes for atiba hutchinson (Beşiktaş Jimnastik Kulübü, 2019)
[3223216] Failed to build match row: Beşiktaş Jimnastik Kulübü vs Trabzonspor Kulübü
[2479052] Could not find attributes for cesare bovo (Torino Calcio, 2014)
[2479052] Failed to build match row: Idrottsföreningen  Brommapojkarna vs Torino Calcio
[2329366] Could not find attributes for daniel jensen (Sønderjyske Fodbold, 2013)
[3234753] Could not find attributes for egor baburin (FK Rostov, 2019)
[2329366] Failed to build match row: Sønderjyske Fodbold vs FC Vestsjaelland
[2586796] Could not find attributes for paul baysse (Olympique Gymnaste Club Nice Côte d'Azur, 2015)
[3234753] Failed to build match row: Футбольный клуб "Локомотив" Москва vs FK Rostov
[2586796] Failed to build match row: Angers Sporting Club de l'Ouest vs Olympique Gymnaste Club Nice Côte d'Azur
[2351940] Failed to scrape lineup: https://www.transfermarkt.co.uk/paok-thessaloniki_panionios-athens/index/spielbericht/2351940
[2897159] Failed to scrape lineup: https://www.transfermarkt.co.uk/bologna-fc-1909_torino-fc/index/spielbericht/2897159
[3069890] Could not find attributes for dario melnjak (Çaykur Rizespor Kulübü, 2018)
[3069890] Failed to build match row: Çaykur Rizespor Kulübü vs Antalyaspor
[2627947] Could not find attributes for sergiy pogorilyi (Metalist Kharkiv (- 2016), 2015)
[2627947] Failed to build match row: Metalist Kharkiv (- 2016) vs Olimpik Donetsk

Keepers & outfield error for **CS Marítimo** in CS Marítimo vs SC Olhanense: Numbers: 0 and 11.
[2340226] Failed to build match row: CS Marítimo vs SC Olhanense
[3087316] Could not find attributes for guillem truyols (AEK Larnaca, 2018)
[3087316] Failed to build match row: AEK Larnaca vs Sportklub Puntigamer Sturm Graz
[3080278] Could not find attributes for martin woods (Dundee Football Club, 2018)
[3080278] Failed to build match row: Hibernian Football Club vs Dundee Football Club
[3223217] Could not find attributes for muris mesanovic (Kayserispor Kulübü, 2019)
[3223217] Failed to build match row: Kayserispor Kulübü vs Konyaspor

Keepers & outfield error for **Футбольный клуб "Локомотив" Москва** in FK Ufa vs Футбольный клуб "Локомотив" Москва: Numbers: 0 and 11.
[2613506] Failed to build match row: FK Ufa vs Футбольный клуб "Локомотив" Москва
[3069891] Could not find attributes for david braz (Sivasspor, 2018)
[2594585] Failed to scrape lineup: https://www.transfermarkt.co.uk/valencia-cf_ud-las-palmas/index/spielbericht/2594585
[3069891] Failed to build match row: Sivasspor vs Akhisarspor
[2722869] Could not find attributes for tomas sivok (Bursaspor, 2016)
[2722869] Failed to build match row: Bursaspor vs Beşiktaş Jimnastik Kulübü
[2627948] Could not find attributes for bogdan shust (Volyn Lutsk, 2015)
[2627948] Failed to build match row: Volyn Lutsk vs FC Oleksandriya
[3223218] Could not find attributes for mickael tirpan (Kasımpaşa A.Ş., 2019)
[3223218] Failed to build match row: Kasımpaşa A.Ş. vs Denizlispor
[2479053] Could not find attributes for patrick kostner (SKN St. Pölten, 2014)
[2479053] Failed to build match row: Eindhovense Voetbalvereniging Philips Sport Vereniging vs SKN St. Pölten
[2805663] Could not find attributes for ondrej mazuch (AC Sparta Praha, a. s., 2016)
[2805663] Failed to build match row: FK Rostov vs AC Sparta Praha, a. s.
[2921380] Could not find attributes for aleksandr belenov (FK Ufa, 2017)
[2921380] Failed to build match row: SKA Khabarovsk vs FK Ufa
[3302943] Failed to scrape lineup: https://www.transfermarkt.co.uk/kv-mechelen_kvrs-waasland-sk-beveren/index/spielbericht/3302943

Keepers & outfield error for **Real Betis Balompié S.A.D.** in Real Betis Balompié S.A.D. vs Granada CF: Numbers: 2 and 9.
[3108851] Could not find attributes for dimitrios grigoriadis (Iraklis Thessaloniki, 2018)
[3210037] Failed to build match row: Real Betis Balompié S.A.D. vs Granada CF
[3108851] Failed to build match row: Iraklis Thessaloniki vs PAS Giannina
[2722870] Could not find attributes for loret sadiku (Kasımpaşa A.Ş., 2016)
[2722870] Failed to build match row: Kasımpaşa A.Ş. vs Çaykur Rizespor Kulübü
[2329367] Failed to scrape lineup: https://www.transfermarkt.co.uk/odense-boldklub_brondby-if/index/spielbericht/2329367
[2701641] Failed to scrape lineup: https://www.transfermarkt.co.uk/ogc-nice_as-monaco/index/spielbericht/2701641
[2332133] Could not find attributes for nabil bentaleb (Tottenham Hotspur Football Club, 2013)
[2332133] Failed to build match row: Tottenham Hotspur Football Club vs Arsenal Football Club
[2532387] Failed to scrape lineup: https://www.transfermarkt.co.uk/spielbericht/index/spielbericht/2532387
[2367312] Failed to scrape lineup: https://www.transfermarkt.co.uk/spielbericht/index/spielbericht/2367312
[3146488] Failed to scrape lineup: https://www.transfermarkt.co.uk/spielbericht/index/spielbericht/3146488
[3223219] Failed to scrape lineup: https://www.transfermarkt.co.uk/fenerbahce_galatasaray/index/spielbericht/3223219
[2901885] Could not find attributes for marco carraro (Delfino Pescara 1936, 2017)
[2901885] Failed to build match row: Delfino Pescara 1936 vs US Triestina
[3216148] Failed to scrape lineup: https://www.transfermarkt.co.uk/pec-zwolle_fortuna-sittard/index/spielbericht/3216148
[2875145] Failed to scrape lineup: https://www.transfermarkt.co.uk/sonderjyske_ac-horsens/index/spielbericht/2875145

Keepers & outfield error for **SD Eibar** in SD Eibar vs Athletic Club Bilbao: Numbers: 2 and 9.
[3210038] Failed to build match row: SD Eibar vs Athletic Club Bilbao
[2586800] Failed to scrape lineup: https://www.transfermarkt.co.uk/as-monaco_paris-saint-germain/index/spielbericht/2586800
[2701642] Could not find attributes for jeremy morel (Olympique Lyonnais, 2016)
[2701642] Failed to build match row: Olympique Lyonnais vs Montpellier HSC
[3403408] Failed to scrape lineup: https://www.transfermarkt.co.uk/spielbericht/index/spielbericht/3403408
[2579892] Failed to scrape lineup: https://www.transfermarkt.co.uk/heart-of-midlothian-fc_motherwell-fc/index/spielbericht/2579892
[2351941] Failed to scrape lineup: https://www.transfermarkt.co.uk/skoda-xanthi_gs-ergotelis/index/spielbericht/2351941
[2867268] Could not find attributes for lasha kasradze (FC Samtredia, 2017)
[2867268] Failed to build match row: FC Samtredia vs Qarabağ FK

Keepers & outfield error for **CF Os Belenenses** in CF Os Belenenses vs SC Olhanense: Numbers: 0 and 11.
[2340228] Failed to build match row: CF Os Belenenses vs SC Olhanense
[3047871] Could not find attributes for loic mbe soh (Paris Saint-Germain Football Club, 2018)
[3047871] Failed to build match row: Angers Sporting Club de l'Ouest vs Paris Saint-Germain Football Club
[2978673] Could not find attributes for dimitrios sotiriou (APO Levadiakos Football Club, 2017)
[2978673] Failed to build match row: APO Levadiakos Football Club vs PAS Giannina

Keepers & outfield error for **Espanol** in AD Alcorcón vs Espanol: Numbers: 2 and 9.
[2388761] Failed to build match row: AD Alcorcón vs Espanol
[3146489] Could not find attributes for dmytro chygrynskyi (Athlitiki Enosi Konstantinoupoleos, 2018)
[3146489] Failed to build match row: Athlitiki Enosi Konstantinoupoleos vs PAE Chania
[2479054] Could not find attributes for ales hruska (FK Mladá Boleslav, a.s., 2014)
[2479054] Failed to build match row: FK Mladá Boleslav, a.s. vs Olympique Lyonnais
[2648378] Could not find attributes for valtteri moren (SK Beveren, 2015)
[2648378] Failed to build match row: SK Beveren vs KSC Lokeren (- 2020)
[2342474] Could not find attributes for hans hateboer (Football Club Groningen, 2013)
[2342474] Failed to build match row: Eindhovense Voetbalvereniging Philips Sport Vereniging vs Football Club Groningen
[2329368] Could not find attributes for wilton figueiredo (Viborg Fodsports Forening, 2013)
[2329368] Failed to build match row: Randers Fodbold Club vs Viborg Fodsports Forening
[2732113] Could not find attributes for danijel milicevic (Koninklijke Atletiek Associatie Gent, 2016)
[2732113] Failed to build match row: KV Oostende vs Koninklijke Atletiek Associatie Gent
[2978674] Could not find attributes for athanasios panteliadis (PAS Lamia 1964, 2017)
[2978674] Failed to build match row: PAS Lamia 1964 vs Panathinaikos Athlitikos Omilos
[2494425] Could not find attributes for michalis sifakis (APO Levadiakos Football Club, 2014)
[2494425] Failed to build match row: APO Levadiakos Football Club vs Olympiakos Syndesmos Filathlon Peiraios
[3069892] Could not find attributes for arda akbulut (Trabzonspor Kulübü, 2018)
[3069892] Failed to build match row: Galatasaray Spor Kulübü vs Trabzonspor Kulübü
[2479055] Could not find attributes for milos volesak (AS Trencin, 2014)
[2479055] Failed to build match row: AS Trencin vs Hull City
[2897161] Failed to scrape lineup: https://www.transfermarkt.co.uk/hellas-verona_ssc-napoli/index/spielbericht/2897161
[2978675] Could not find attributes for dimitrios chantakias (Panetolikos Agrinio, 2017)
[2351942] Could not find attributes for grigoris athanasiou (GS Ergotelis, 2013)
[2978675] Failed to build match row: Panetolikos Agrinio vs Athlitiki Enosi Konstantinoupoleos
[2351942] Failed to build match row: GS Ergotelis vs AO Platanias
[2722871] Failed to scrape lineup: https://www.transfermarkt.co.uk/gaziantepspor_galatasaray/index/spielbericht/2722871
[3058579] Could not find attributes for oscar wendt (Mönchengladbach, 2018)
[3058579] Failed to build match row: Mönchengladbach vs Fußball-Club Augsburg 1907
[3087320] Could not find attributes for pedro tiba (KKS Lech Poznań Spółka Akcyjna, 2018)
[3087320] Failed to build match row: KKS Lech Poznań Spółka Akcyjna vs Koninklijke Racing Club Genk
[2901886] Failed to scrape lineup: https://www.transfermarkt.co.uk/spielbericht/index/spielbericht/2901886
[2648379] Could not find attributes for danijel milicevic (Koninklijke Atletiek Associatie Gent, 2015)
[2648379] Failed to build match row: Yellow-Red Koninklijke Voetbalclub Mechelen vs Koninklijke Atletiek Associatie Gent
[2757288] Could not find attributes for angel moreno (Albacete Balompié, 2016)
[2757288] Failed to build match row: Albacete Balompié vs Arenas Club
[3080280] Failed to scrape lineup: https://www.transfermarkt.co.uk/rangers-fc_livingston-fc/index/spielbericht/3080280
[3223220] Failed to scrape lineup: https://www.transfermarkt.co.uk/mke-ankaragucu_sivasspor/index/spielbericht/3223220
[2875146] Failed to scrape lineup: https://www.transfermarkt.co.uk/randers-fc_lyngby-bk/index/spielbericht/2875146
[2718917] Failed to scrape lineup: https://www.transfermarkt.co.uk/atletico-de-madrid_cd-leganes/index/spielbericht/2718917
[2701643] Failed to scrape lineup: https://www.transfermarkt.co.uk/paris-saint-germain_dijon-fco/index/spielbericht/2701643
[2532389] Failed to scrape lineup: https://www.transfermarkt.co.uk/spielbericht/index/spielbericht/2532389
[2604250] Failed to scrape lineup: https://www.transfermarkt.co.uk/us-sassuolo_ac-milan/index/spielbericht/2604250
[2460680] Could not find attributes for christian schulz (Hannover 96, 2014)
[2460680] Failed to build match row: FC Bayern München vs Hannover 96

Keepers & outfield error for **Göztepe Sportif Yatırımlar A.Ş.** in Göztepe Sportif Yatırımlar A.Ş. vs Alanyaspor: Numbers: 0 and 11.
[3069893] Failed to build match row: Göztepe Sportif Yatırımlar A.Ş. vs Alanyaspor
[2805667] Could not find attributes for dudu goresh (Hapoel Beer Sheva, 2016)
[2805667] Failed to build match row: Hapoel Beer Sheva vs Beşiktaş Jimnastik Kulübü

Keepers & outfield error for **Rio Ave Futebol Clube** in Idrottsföreningen Kamraterna Göteborg vs Rio Ave Futebol Clube: Numbers: 0 and 11.
[2867269] Failed to scrape lineup: https://www.transfermarkt.co.uk/spielbericht/index/spielbericht/2867269
[2479056] Failed to build match row: Idrottsföreningen Kamraterna Göteborg vs Rio Ave Futebol Clube
[3047872] Failed to scrape lineup: https://www.transfermarkt.co.uk/sm-caen_stade-reims/index/spielbericht/3047872
[2351943] Failed to scrape lineup: https://www.transfermarkt.co.uk/aris-thessaloniki_panetolikos-gfs/index/spielbericht/2351943
[3264073] Could not find attributes for brian meulmeester (VV GOES, 2019)
[3264073] Failed to build match row: VV GOES vs SC Cambuur Leeuwarden
[3108853] Failed to scrape lineup: https://www.transfermarkt.co.uk/spielbericht/index/spielbericht/3108853
[2884054] Failed to scrape lineup: https://www.transfermarkt.co.uk/trabzonspor_yeni-malatyaspor/index/spielbericht/2884054
[2648380] Could not find attributes for meme tchite (St Truiden, 2015)
[2648380] Failed to build match row: St Truiden vs Oud-Heverlee Leuven
[3302945] Failed to scrape lineup: https://www.transfermarkt.co.uk/rsc-anderlecht_kas-eupen/index/spielbericht/3302945
[3087321] Failed to build match row: Vitesse Arnhem vs FC Basel 1893 AG
[3216150] Failed to scrape lineup: https://www.transfermarkt.co.uk/ado-den-haag_willem-ii-tilburg/index/spielbericht/3216150
[2867270] Could not find attributes for enea kolici (FK Kukësi, 2017)
[2579894] Failed to scrape lineup: https://www.transfermarkt.co.uk/kilmarnock-fc_celtic-fc/index/spielbericht/2579894
[2867270] Failed to build match row: FK Kukësi vs FC Sheriff Tiraspol
[2342475] Failed to scrape lineup: https://www.transfermarkt.co.uk/ajax-amsterdam_twente-enschede-fc/index/spielbericht/2342475
[2613508] Failed to scrape lineup: https://www.transfermarkt.co.uk/krylya-sovetov-samara_kuban-krasnodar-2018-/index/spielbericht/2613508
[2805668] Could not find attributes for benjamin stambouli (FC Schalke 04, 2016)
[2805668] Failed to build match row: Panthessalonikios Athlitikos Omilos Konstantinoupoliton vs FC Schalke 04
[2901887] Could not find attributes for matteo di gennaro (AC Renate, 2017)
[2901887] Failed to build match row: FC Empoli vs AC Renate
[2479057] Could not find attributes for aleksandr gutor (Dinamo Minsk, 2014)
[3047873] Could not find attributes for julio tavares (Dijon FCO, 2018)
[2479057] Failed to build match row: Dinamo Minsk vs Fotbal Club CFR 1907 Cluj SA
[3047873] Failed to build match row: Dijon FCO vs Racing Club de Strasbourg Alsace
[2532448] Could not find attributes for hans mulder (Fodbold Club Nordsjælland, 2014)
[2532448] Failed to build match row: Fodbold Club Nordsjælland vs Randers Fodbold Club

Keepers & outfield error for **Vitesse Arnhem** in FC Basel 1893 AG vs Vitesse Arnhem: Numbers: 0 and 11.
[3087322] Failed to build match row: FC Basel 1893 AG vs Vitesse Arnhem
[2648381] Could not find attributes for reginal goreux (Royal Standard Club de Liège, 2015)
[2648381] Failed to build match row: Royal Standard Club de Liège vs Royal Excel Mouscron (-2022)

Keepers & outfield error for **Saint Mirren Football Club** in Saint Mirren Football Club vs Heart of Midlothian Football Club: Numbers: 2 and 9.
[3080282] Failed to build match row: Saint Mirren Football Club vs Heart of Midlothian Football Club
[2732115] Could not find attributes for ibrahima diedhiou (KAS Eupen, 2016)
[2732115] Failed to build match row: KAS Eupen vs Royal Excel Mouscron (-2022)

Keepers & outfield error for **Chelsea Football Club** in Aston Villa Football Club vs Chelsea Football Club: Numbers: 2 and 9.
[2332137] Failed to build match row: Aston Villa Football Club vs Chelsea Football Club
[2329369] Failed to scrape lineup: https://www.transfermarkt.co.uk/viborg-ff_aalborg-bk/index/spielbericht/2329369
[3223221] Could not find attributes for afriyie acquah (Yeni Malatyaspor, 2019)
[3223221] Failed to build match row: Denizlispor vs Yeni Malatyaspor

Keepers & outfield error for **AO FK Zenit Sankt-Peterburg** in FC Rubin Kazan vs AO FK Zenit Sankt-Peterburg: Numbers: 2 and 9.
[2613509] Failed to build match row: FC Rubin Kazan vs AO FK Zenit Sankt-Peterburg
[3058581] Failed to scrape lineup: https://www.transfermarkt.co.uk/sv-werder-bremen_eintracht-frankfurt/index/spielbericht/3058581
[3210040] Failed to scrape lineup: https://www.transfermarkt.co.uk/levante-ud_sevilla-fc/index/spielbericht/3210040
[2460682] Failed to scrape lineup: https://www.transfermarkt.co.uk/bayer-04-leverkusen_sc-paderborn-07/index/spielbericht/2460682
[2579895] Failed to scrape lineup: https://www.transfermarkt.co.uk/st-johnstone-fc_ross-county-fc/index/spielbericht/2579895
[2586802] Failed to scrape lineup: https://www.transfermarkt.co.uk/estac-troyes_montpellier-hsc/index/spielbericht/2586802
[2867271] Could not find attributes for aleksandr mokin (FC Astana, 2017)
[2867271] Failed to build match row: FC Astana vs FK Spartaks Jurmala
[2978676] Failed to scrape lineup: https://www.transfermarkt.co.uk/spielbericht/index/spielbericht/2978676
[2342476] Could not find attributes for uros matic (Nooit Opgeven Altijd Doorzetten Aangenaam Door Vermaak En Nuttig Door Ontspanning Combinatie Breda, 2013)
[2342476] Failed to build match row: Go Ahead Eagles vs Nooit Opgeven Altijd Doorzetten Aangenaam Door Vermaak En Nuttig Door Ontspanning Combinatie Breda
[2329370] Could not find attributes for patrick banggaard (Fodbold Club Midtjylland, 2013)
[2329370] Failed to build match row: Fodbold Club Nordsjælland vs Fodbold Club Midtjylland
[2698275] Failed to scrape lineup: https://www.transfermarkt.co.uk/crystal-palace_sunderland-afc/index/spielbericht/2698275
[2757289] Failed to scrape lineup: https://www.transfermarkt.co.uk/spielbericht/index/spielbericht/2757289
[3087323] Could not find attributes for vladimir stojkovic (Fudbalski Klub Partizan Beograd, 2018)
[3087323] Failed to build match row: Fodbold Club Nordsjælland vs Fudbalski Klub Partizan Beograd
[2875147] Failed to scrape lineup: https://www.transfermarkt.co.uk/silkeborg-if_odense-boldklub/index/spielbericht/2875147
[2701644] Failed to scrape lineup: https://www.transfermarkt.co.uk/sc-bastia_as-nancy-lorraine/index/spielbericht/2701644
[3080283] Could not find attributes for martin woods (Dundee Football Club, 2018)
[3080283] Failed to build match row: Aberdeen Football Club vs Dundee Football Club

Keepers & outfield error for **Sport Lisboa e Benfica** in Sport Lisboa e Benfica vs CF Os Belenenses: Numbers: 2 and 9.
[2340229] Failed to build match row: Sport Lisboa e Benfica vs CF Os Belenenses
[2342477] Could not find attributes for iliass bel hassani (Heracles Almelo, 2013)
[2479058] Could not find attributes for krsevan santini (FC Zorya Lugansk, 2014)
[3069894] Failed to scrape lineup: https://www.transfermarkt.co.uk/besiktas-jk_bursaspor/index/spielbericht/3069894
[2479058] Failed to build match row: FC Zorya Lugansk vs Molde Fotballklubb
[2484586] Failed to scrape lineup: https://www.transfermarkt.co.uk/lokomotiv-moskau_fc-rostov/index/spielbericht/2484586
[3404448] Could not find attributes for dennis kempe (SV Wehen Wiesbaden, 2020)
[3404448] Failed to build match row: SV Wehen Wiesbaden vs 1. Fußballclub Heidenheim 1846
[3201754] Failed to scrape lineup: https://www.transfermarkt.co.uk/kilmarnock-fc_ross-county-fc/index/spielbericht/3201754
[2604253] Could not find attributes for arlind ajeti (Frosinone Calcio, 2015)
[2351944] Failed to scrape lineup: https://www.transfermarkt.co.uk/panthrakikos-komotini_ofi-crete-fc/index/spielbericht/2351944
[2604253] Failed to build match row: Frosinone Calcio vs Udinese Calcio
[2978677] Could not find attributes for yaya banana (Panionios Athens, 2017)
[2978677] Failed to build match row: Panionios Athens vs Omilos Filathlon Irakliou FC
[2884055] Failed to scrape lineup: https://www.transfermarkt.co.uk/basaksehir-fk_besiktas-jk/index/spielbericht/2884055
[2388763] Could not find attributes for andreu guerao (Racing Santander, 2013)
[2388763] Failed to build match row: Racing Santander vs UD Almería
[3216151] Failed to scrape lineup: https://www.transfermarkt.co.uk/fc-groningen_feyenoord-rotterdam/index/spielbericht/3216151

Keepers & outfield error for **Aalborg BK** in Aalborg BK vs Lyngby Boldklub: Numbers: 2 and 9.
[2875148] Failed to build match row: Aalborg BK vs Lyngby Boldklub
[2594589] Failed to scrape lineup: https://www.transfermarkt.co.uk/rcd-espanyol-barcelona_malaga-cf/index/spielbericht/2594589
[3223223] Could not find attributes for taylan antalyali (Galatasaray Spor Kulübü, 2019)
[3223223] Failed to build match row: Galatasaray Spor Kulübü vs Gençlerbirliği Spor Kulübü
[3069895] Could not find attributes for leonard zuta (Konyaspor, 2018)
[3069895] Failed to build match row: Konyaspor vs Yeni Malatyaspor
[2484587] Could not find attributes for joaozinho (FK Krasnodar, 2014)
[2484587] Failed to build match row: FK Krasnodar vs FK Spartak Moskva
[2805669] Failed to scrape lineup: https://www.transfermarkt.co.uk/spielbericht/index/spielbericht/2805669
[2903698] Failed to scrape lineup: https://www.transfermarkt.co.uk/dundee-fc_ross-county-fc/index/spielbericht/2903698
[2340230] Could not find attributes for jota (Clube Desportivo Nacional, 2013)
[2340230] Failed to build match row: Clube Desportivo Nacional vs Sporting Clube de Braga
[2475218] Failed to scrape lineup: https://www.transfermarkt.co.uk/athletic-bilbao_granada-cf/index/spielbericht/2475218
[2532449] Failed to scrape lineup: https://www.transfermarkt.co.uk/silkeborg-if_esbjerg-fb/index/spielbericht/2532449
[2732116] Failed to scrape lineup: https://www.transfermarkt.co.uk/kv-oostende-2024-_sint-truidense-vv/index/spielbericht/2732116
[2897165] Failed to scrape lineup: https://www.transfermarkt.co.uk/uc-sampdoria_benevento-calcio/index/spielbericht/2897165
[2332138] Failed to scrape lineup: https://www.transfermarkt.co.uk/fulham-fc_newcastle-united/index/spielbericht/2332138
[2351945] Could not find attributes for giannis siderakis (AEL Kalloni, 2013)
[2351945] Failed to build match row: AEL Kalloni vs PAS Giannina
[2978678] Could not find attributes for konstantinos theodoropoulos (Athlitiki Enosi Larisas, 2017)
[2613511] Failed to scrape lineup: https://www.transfermarkt.co.uk/ural-yekaterinburg_terek-grozny/index/spielbericht/2613511
[2978678] Failed to build match row: Athlitiki Enosi Larisas vs AO Xanthi
[3210041] Failed to scrape lineup: https://www.transfermarkt.co.uk/ca-osasuna_atletico-de-madrid/index/spielbericht/3210041
[2460683] Failed to scrape lineup: https://www.transfermarkt.co.uk/vfl-wolfsburg_fc-augsburg/index/spielbericht/2460683
[3058582] Failed to scrape lineup: https://www.transfermarkt.co.uk/sc-freiburg_tsg-1899-hoffenheim/index/spielbericht/3058582
[2579896] Failed to scrape lineup: https://www.transfermarkt.co.uk/celtic-fc_inverness-caledonian-thistle-fc/index/spielbericht/2579896
[3302947] Failed to scrape lineup: https://www.transfermarkt.co.uk/sint-truidense-vv_kv-mechelen/index/spielbericht/3302947
[2586803] Failed to scrape lineup: https://www.transfermarkt.co.uk/losc-lille_gfc-ajaccio/index/spielbericht/2586803
[3234754] Failed to scrape lineup: https://www.transfermarkt.co.uk/akhmat-grozny_fk-tambov/index/spielbericht/3234754
[2594590] Could not find attributes for jean sylvain babin (Granada CF, 2015)
[3108854] Failed to scrape lineup: https://www.transfermarkt.co.uk/spielbericht/index/spielbericht/3108854
[2594590] Failed to build match row: Granada CF vs Athletic Club Bilbao
[2867272] Failed to scrape lineup: https://www.transfermarkt.co.uk/spielbericht/index/spielbericht/2867272
[3069896] Could not find attributes for edin cocalic (Akhisarspor, 2018)
[3069896] Failed to build match row: Akhisarspor vs MKE Ankaragücü
[2367313] Could not find attributes for dmytro bezotosnyi (Chornomorets Odesa, 2013)
[2367313] Failed to build match row: Chornomorets Odesa vs GNK Dinamo Zagreb
[2329371] Failed to scrape lineup: https://www.transfermarkt.co.uk/aarhus-gf_viborg-ff/index/spielbericht/2329371
[2340231] Could not find attributes for avto (Gil Vicente Futebol Clube, 2013)
[2340231] Failed to build match row: Gil Vicente Futebol Clube vs FC Paços de Ferreira
[3223224] Could not find attributes for bunyamin balci (Antalyaspor, 2019)
[3223224] Failed to build match row: Antalyaspor vs Fenerbahçe Spor Kulübü
[2479059] Failed to scrape lineup: https://www.transfermarkt.co.uk/spielbericht/index/spielbericht/2479059
[2698276] Failed to scrape lineup: https://www.transfermarkt.co.uk/manchester-united_hull-city/index/spielbericht/2698276
[2342478] Failed to scrape lineup: https://www.transfermarkt.co.uk/vitesse-arnhem_sc-heerenveen/index/spielbericht/2342478
[2494426] Could not find attributes for theofanis tzandaris (Panthessalonikios Athlitikos Omilos Konstantinoupoliton, 2014)
[2722872] Could not find attributes for oleksandr rybka (Kardemir Karabükspor, 2016)
[3087324] Failed to scrape lineup: https://www.transfermarkt.co.uk/spielbericht/index/spielbericht/3087324
[2648382] Could not find attributes for dodi lukebakio (Royal Sporting Club Anderlecht, 2015)
[2722872] Failed to build match row: Konyaspor vs Kardemir Karabükspor
[2648382] Failed to build match row: Royal Sporting Club Anderlecht vs Koninklijke Voetbal Club Westerlo
[2494426] Failed to build match row: Panthessalonikios Athlitikos Omilos Konstantinoupoliton vs AOK Kerkyra
[3047875] Failed to scrape lineup: https://www.transfermarkt.co.uk/olympique-marseille_olympique-lyon/index/spielbericht/3047875
[2351946] Could not find attributes for sebastian przyrowski (APO Levadiakos Football Club, 2013)
[2351946] Failed to build match row: APO Levadiakos Football Club vs Olympiakos Syndesmos Filathlon Peiraios
[3080284] Failed to scrape lineup: https://www.transfermarkt.co.uk/celtic-fc_st-johnstone-fc/index/spielbericht/3080284
[3404450] Could not find attributes for wilson kamavuaka (MSV Duisburg, 2020)
[3404450] Failed to build match row: MSV Duisburg vs Borussia Dortmund
[3264074] Could not find attributes for thijs jansen (Sparta Nijkerk, 2019)
[3264074] Failed to build match row: Sparta Nijkerk vs Fortuna Wormerveer
[2475219] Could not find attributes for loukas vyntra (Levante Unión Deportiva S.A.D., 2014)
[2475219] Failed to build match row: Levante Unión Deportiva S.A.D. vs Futbol Club Barcelona
[3069897] Could not find attributes for arda akbulut (Trabzonspor Kulübü, 2018)
[3069897] Failed to build match row: Trabzonspor Kulübü vs Alanyaspor
[2627949] Could not find attributes for dmytro babenko (Goverla Uzhgorod (- 2016), 2015)
[3201755] Failed to scrape lineup: https://www.transfermarkt.co.uk/livingston-fc_motherwell-fc/index/spielbericht/3201755
[2627949] Failed to build match row: Goverla Uzhgorod (- 2016) vs FC Zorya Lugansk
[3234755] Could not find attributes for yaroslav godzyur (Ural Yekaterinburg, 2019)
[3234755] Failed to build match row: Ural Yekaterinburg vs FK Krasnodar

Keepers & outfield error for **Sporting Clube de Braga** in Sporting Clube de Braga vs Académica Coimbra: Numbers: 0 and 11.
[2340232] Failed to build match row: Sporting Clube de Braga vs Académica Coimbra

Keepers & outfield error for **Legia Warszawa Spółka Akcyjna** in AFC Ajax Amsterdam vs Legia Warszawa Spółka Akcyjna: Numbers: 2 and 9.
[2805670] Failed to build match row: AFC Ajax Amsterdam vs Legia Warszawa Spółka Akcyjna
[3146490] Could not find attributes for argyris kampetsis (Panathinaikos Athlitikos Omilos, 2018)
[3146490] Failed to build match row: Panathinaikos Athlitikos Omilos vs PAS Lamia 1964
[3080285] Could not find attributes for eros grezda (Rangers Football Club, 2018)
[3080285] Failed to build match row: Heart of Midlothian Football Club vs Rangers Football Club
[2627950] Could not find attributes for dmitriy nepogodov (Vorskla Poltava, 2015)
[2627950] Failed to build match row: Vorskla Poltava vs Karpaty Lviv (-2021)

Keepers & outfield error for **Espanol** in Espanol vs Getafe Club de Fútbol S. A. D. Team Dubai: Numbers: 2 and 9.
[2475220] Failed to build match row: Espanol vs Getafe Club de Fútbol S. A. D. Team Dubai
[2507898] Failed to scrape lineup: https://www.transfermarkt.co.uk/spielbericht/index/spielbericht/2507898
[2884056] Could not find attributes for jires kembo ekoko (Bursaspor, 2017)
[2884056] Failed to build match row: Bursaspor vs Sivasspor

Keepers & outfield error for **KV Oostende** in Sportvereniging Zulte Waregem vs KV Oostende: Numbers: 2 and 9.
[2648383] Failed to build match row: Sportvereniging Zulte Waregem vs KV Oostende
[2532450] Failed to scrape lineup: https://www.transfermarkt.co.uk/sonderjyske_hobro-ik/index/spielbericht/2532450
[2604255] Failed to scrape lineup: https://www.transfermarkt.co.uk/inter-milan_bologna-fc-1909/index/spielbericht/2604255

Keepers & outfield error for **Associazione Calcio Milan** in Associazione Calcio Milan vs Società Sportiva Calcio Napoli: Numbers: 2 and 9.
[3147776] Failed to build match row: Associazione Calcio Milan vs Società Sportiva Calcio Napoli
[2367314] Failed to scrape lineup: https://www.transfermarkt.co.uk/spielbericht/index/spielbericht/2367314
[2875150] Failed to scrape lineup: https://www.transfermarkt.co.uk/fc-copenhagen_silkeborg-if/index/spielbericht/2875150
[2388765] Failed to scrape lineup: https://www.transfermarkt.co.uk/spielbericht/index/spielbericht/2388765
[2586804] Failed to scrape lineup: https://www.transfermarkt.co.uk/stade-rennais-fc_fc-toulouse/index/spielbericht/2586804
[3058583] Failed to scrape lineup: https://www.transfermarkt.co.uk/1-fsv-mainz-05_1-fc-nuremberg/index/spielbericht/3058583
[3223225] Failed to scrape lineup: https://www.transfermarkt.co.uk/konyaspor_kasimpasa/index/spielbericht/3223225
[2732117] Failed to scrape lineup: https://www.transfermarkt.co.uk/kvc-westerlo_kvrs-waasland-sk-beveren/index/spielbericht/2732117
[2479060] Failed to scrape lineup: https://www.transfermarkt.co.uk/spielbericht/index/spielbericht/2479060
2897166
[3108855] Failed to scrape lineup: https://www.transfermarkt.co.uk/spielbericht/index/spielbericht/3108855
[2701647] Failed to scrape lineup: https://www.transfermarkt.co.uk/fc-nantes_as-saint-etienne/index/spielbericht/2701647

Keepers & outfield error for **Getafe Club de Fútbol S. A. D. Team Dubai** in Getafe Club de Fútbol S. A. D. Team Dubai vs Villarreal Club de Fútbol S.A.D.: Numbers: 2 and 9.
[2594591] Failed to build match row: Getafe Club de Fútbol S. A. D. Team Dubai vs Villarreal Club de Fútbol S.A.D.
[2342479] Failed to scrape lineup: https://www.transfermarkt.co.uk/twente-enschede-fc_ado-den-haag/index/spielbericht/2342479
[2532451] Failed to build match row: Football Club København vs FC Vestsjaelland
[2604256] Could not find attributes for arlind ajeti (Frosinone Calcio, 2015)
[2604256] Failed to build match row: AC Carpi vs Frosinone Calcio
[2494427] Failed to scrape lineup: https://www.transfermarkt.co.uk/panathinaikos-fc_panthrakikos-komotini/index/spielbericht/2494427
[3047876] Failed to scrape lineup: https://www.transfermarkt.co.uk/ogc-nice_fc-nantes/index/spielbericht/3047876
[3087325] Failed to scrape lineup: https://www.transfermarkt.co.uk/spielbericht/index/spielbericht/3087325
[2722873] Failed to scrape lineup: https://www.transfermarkt.co.uk/trabzonspor_basaksehir-fk/index/spielbericht/2722873
[3210043] Failed to scrape lineup: https://www.transfermarkt.co.uk/villarreal-cf_rcd-mallorca/index/spielbericht/3210043
[2351947] Failed to scrape lineup: https://www.transfermarkt.co.uk/asteras-tripolis_atromitos-athens/index/spielbericht/2351947
[2329372] Failed to scrape lineup: https://www.transfermarkt.co.uk/fc-vestsjaelland_brondby-if/index/spielbericht/2329372
[3404451] Failed to scrape lineup: https://www.transfermarkt.co.uk/spielbericht/index/spielbericht/3404451
[2613513] Failed to scrape lineup: https://www.transfermarkt.co.uk/dinamo-moscow_fc-ufa/index/spielbericht/2613513
[2460685] Failed to scrape lineup: https://www.transfermarkt.co.uk/tsg-1899-hoffenheim_fc-schalke-04/index/spielbericht/2460685
[2921382] Failed to scrape lineup: https://www.transfermarkt.co.uk/rubin-kazan_dinamo-moscow/index/spielbericht/2921382
[3302948] Failed to scrape lineup: https://www.transfermarkt.co.uk/kvrs-waasland-sk-beveren_rsc-anderlecht/index/spielbericht/3302948
[2718920] Failed to scrape lineup: https://www.transfermarkt.co.uk/villarreal-cf_malaga-cf/index/spielbericht/2718920
[2579898] Failed to scrape lineup: https://www.transfermarkt.co.uk/hamilton-academical-fc_dundee-united-fc/index/spielbericht/2579898
[3201756] Failed to scrape lineup: https://www.transfermarkt.co.uk/rangers-fc_aberdeen-fc/index/spielbericht/3201756
[3264075] Failed to scrape lineup: https://www.transfermarkt.co.uk/spielbericht/index/spielbericht/3264075
[3234756] Failed to scrape lineup: https://www.transfermarkt.co.uk/arsenal-tula_cska-moscow/index/spielbericht/3234756
[2805671] Failed to scrape lineup: https://www.transfermarkt.co.uk/spielbericht/index/spielbericht/2805671

Keepers & outfield error for **Trabzonspor Kulübü** in Trabzonspor Kulübü vs Çaykur Rizespor Kulübü: Numbers: 3 and 8.
[3223226] Failed to build match row: Trabzonspor Kulübü vs Çaykur Rizespor Kulübü
[2884057] Could not find attributes for tayyip talha sanuc (Kardemir Karabükspor, 2017)
[2884057] Failed to build match row: Kardemir Karabükspor vs Ankaraspor
[2494428] Could not find attributes for nikolaos papadopoulos (Panionios Athens, 2014)
[2494428] Failed to build match row: Panionios Athens vs Omilos Filathlon Irakliou FC
[2484588] Failed to scrape lineup: https://www.transfermarkt.co.uk/mordovia-saransk-2020-_kuban-krasnodar-2018-/index/spielbericht/2484588
[2342480] Could not find attributes for uros matic (Nooit Opgeven Altijd Doorzetten Aangenaam Door Vermaak En Nuttig Door Ontspanning Combinatie Breda, 2013)
[2342480] Failed to build match row: Nooit Opgeven Altijd Doorzetten Aangenaam Door Vermaak En Nuttig Door Ontspanning Combinatie Breda vs Football Club Utrecht
[2722874] Could not find attributes for badou ndiaye (Ankaraspor, 2016)
[2722874] Failed to build match row: Galatasaray Spor Kulübü vs Ankaraspor
[2627951] Failed to scrape lineup: https://www.transfermarkt.co.uk/shakhtar-donetsk_dynamo-kyiv/index/spielbericht/2627951
[3234757] Could not find attributes for andre schurrle (FK Spartak Moskva, 2019)
[3234757] Failed to build match row: FK Spartak Moskva vs AO FK Zenit Sankt-Peterburg
[3302949] Could not find attributes for omid ebrahimi (KAS Eupen, 2019)
[3302949] Failed to build match row: KAS Eupen vs Royal Excel Mouscron (-2022)

Keepers & outfield error for **AO FK Zenit Sankt-Peterburg** in AO FK Zenit Sankt-Peterburg vs PFK Krylya Sovetov Samara: Numbers: 2 and 9.
[2613514] Failed to build match row: AO FK Zenit Sankt-Peterburg vs PFK Krylya Sovetov Samara
[2805672] Could not find attributes for jakub brabec (Koninklijke Racing Club Genk, 2016)
[2805672] Failed to build match row: Koninklijke Racing Club Genk vs Astra Giurgiu (- 2024)
[2732119] Could not find attributes for ishak belfodil (Royal Standard Club de Liège, 2016)
[2732119] Failed to build match row: Royal Standard Club de Liège vs Sportvereniging Zulte Waregem
[2332139] Failed to scrape lineup: https://www.transfermarkt.co.uk/southampton-fc_norwich-city/index/spielbericht/2332139
[2884058] Could not find attributes for demba ba (Göztepe Sportif Yatırımlar A.Ş., 2017)
[3147777] Failed to scrape lineup: https://www.transfermarkt.co.uk/spielbericht/index/spielbericht/3147777
[3223227] Could not find attributes for atiba hutchinson (Beşiktaş Jimnastik Kulübü, 2019)
[2884058] Failed to build match row: Alanyaspor vs Göztepe Sportif Yatırımlar A.Ş.
[3223227] Failed to build match row: Alanyaspor vs Beşiktaş Jimnastik Kulübü
[2494429] Could not find attributes for markos vellidis (PAS Giannina, 2014)
[2494429] Failed to build match row: PAS Giannina vs APS Atromitos Athinon
[3087327] Could not find attributes for josip posavec (HNK Hajduk Split, 2018)
[3087327] Failed to build match row: HNK Hajduk Split vs SC Fotbal Club FCSB SA
[2627953] Could not find attributes for jan lastuvka (Dnipro Dnipropetrovsk (-2020), 2015)
[2627953] Failed to build match row: Dnipro Dnipropetrovsk (-2020) vs PFK Stal Kamyanske (-2018)
[2722875] Could not find attributes for tomas sivok (Bursaspor, 2016)
[2722875] Failed to build match row: Antalyaspor vs Bursaspor
[2718922] Could not find attributes for florian lejeune (SD Eibar, 2016)
[2718922] Failed to build match row: SD Eibar vs Granada CF
[3235662] Could not find attributes for marko gobeljic (Fudbalski klub Crvena zvezda Beograd, 2019)
[3235662] Failed to build match row: Fudbalski klub Crvena zvezda Beograd vs Football Club København
[2732120] Could not find attributes for aristote nkaka (Royal Excel Mouscron (-2022), 2016)
[3223228] Could not find attributes for zoran kvrzic (Kayserispor Kulübü, 2019)
[2732120] Failed to build match row: Royal Sporting Club Anderlecht vs Royal Excel Mouscron (-2022)
[3223228] Failed to build match row: Kayserispor Kulübü vs Göztepe Sportif Yatırımlar A.Ş.
[2897167] Failed to scrape lineup: https://www.transfermarkt.co.uk/udinese-calcio_chievo-verona/index/spielbericht/2897167
[2978680] Could not find attributes for aristotelis karasalidis (APS Atromitos Athinon, 2017)
[2978680] Failed to build match row: APS Atromitos Athinon vs A.G.S Asteras Tripolis
[2867273] Failed to scrape lineup: https://www.transfermarkt.co.uk/spielbericht/index/spielbericht/2867273
[2722876] Failed to build match row: Kayserispor Kulübü vs Adanaspor
[2586805] Failed to scrape lineup: https://www.transfermarkt.co.uk/gfc-ajaccio_as-monaco/index/spielbericht/2586805
[3108856] Failed to scrape lineup: https://www.transfermarkt.co.uk/spielbericht/index/spielbericht/3108856
[2698279] Failed to scrape lineup: https://www.transfermarkt.co.uk/watford-fc_burnley-fc/index/spielbericht/2698279
[2875151] Failed to scrape lineup: https://www.transfermarkt.co.uk/fc-nordsjaelland_sonderjyske/index/spielbericht/2875151
[3302950] Could not find attributes for terem moffi (KV Kortrijk, 2019)
[3047877] Failed to scrape lineup: https://www.transfermarkt.co.uk/nimes-olympique_as-monaco/index/spielbericht/3047877
[2532452] Failed to scrape lineup: https://www.transfermarkt.co.uk/aalborg-bk_brondby-if/index/spielbericht/2532452
[2604257] Failed to scrape lineup: https://www.transfermarkt.co.uk/acf-fiorentina_hellas-verona/index/spielbericht/2604257
[3302950] Failed to build match row: Sportvereniging Zulte Waregem vs KV Kortrijk
[2388766] Failed to scrape lineup: https://www.transfermarkt.co.uk/spielbericht/index/spielbericht/2388766
[3058584] Failed to scrape lineup: https://www.transfermarkt.co.uk/fortuna-dusseldorf_rb-leipzig/index/spielbericht/3058584
[2475221] Failed to scrape lineup: https://www.transfermarkt.co.uk/valencia-cf_cordoba-cf/index/spielbericht/2475221
[3080286] Failed to scrape lineup: https://www.transfermarkt.co.uk/kilmarnock-fc_hibernian-fc/index/spielbericht/3080286
[2507899] Could not find attributes for patrick wiegers (SG Dynamo Dresden, 2014)
[2507899] Failed to build match row: SG Dynamo Dresden vs Borussia Dortmund
[3210044] Failed to scrape lineup: https://www.transfermarkt.co.uk/real-valladolid-cf_celta-de-vigo/index/spielbericht/3210044
[2650068] Failed to scrape lineup: https://www.transfermarkt.co.uk/spielbericht/index/spielbericht/2650068
[2494430] Could not find attributes for kevin olimpa (AO Platanias, 2014)
[2494430] Failed to build match row: AO Platanias vs Niki Volou

Keepers & outfield error for **Manchester United Football Club** in AS Saint-Étienne vs Manchester United Football Club: Numbers: 0 and 11.
[2805673] Failed to build match row: AS Saint-Étienne vs Manchester United Football Club
[3404452] Failed to scrape lineup: https://www.transfermarkt.co.uk/spielbericht/index/spielbericht/3404452
[2757290] Could not find attributes for chus hevia (FC Cartagena, 2016)
[2757290] Failed to build match row: FC Cartagena vs Hércules CF
[3235663] Could not find attributes for zeca (Football Club København, 2019)
[3235663] Failed to build match row: Football Club København vs Fudbalski klub Crvena zvezda Beograd
[2351948] Failed to scrape lineup: https://www.transfermarkt.co.uk/panthrakikos-komotini_panetolikos-gfs/index/spielbericht/2351948
[3201757] Failed to scrape lineup: https://www.transfermarkt.co.uk/st-johnstone-fc_heart-of-midlothian-fc/index/spielbericht/3201757
[2329373] Failed to scrape lineup: https://www.transfermarkt.co.uk/odense-boldklub_fc-vestsjaelland/index/spielbericht/2329373
[2701648] Failed to scrape lineup: https://www.transfermarkt.co.uk/ea-guingamp_fc-lorient/index/spielbericht/2701648
[3087328] Could not find attributes for bogdan planic (SC Fotbal Club FCSB SA, 2018)
[3087328] Failed to build match row: SC Fotbal Club FCSB SA vs HNK Hajduk Split
[3223229] Could not find attributes for flavio ramos (Gençlerbirliği Spor Kulübü, 2019)
[3223229] Failed to build match row: Gençlerbirliği Spor Kulübü vs Antalyaspor
[2367315] Failed to scrape lineup: https://www.transfermarkt.co.uk/spielbericht/index/spielbericht/2367315
[2897168] Could not find attributes for mattia destro (Bologna Football Club 1909, 2017)

Keepers & outfield error for **Chelsea Football Club** in Chelsea Football Club vs Hull City: Numbers: 2 and 9.
[2897168] Failed to build match row: Benevento Calcio vs Bologna Football Club 1909
[2698280] Failed to build match row: Chelsea Football Club vs Hull City
[2722877] Could not find attributes for kenneth omeruo (Alanyaspor, 2016)
[2722877] Failed to build match row: Akhisarspor vs Alanyaspor
[3080287] Could not find attributes for steven lawless (Livingston Football Club, 2018)
[2604258] Could not find attributes for albano bizzarri (Chievo Verona, 2015)
[2586806] Could not find attributes for etienne didot (Toulouse Football Club, 2015)
[2604258] Failed to build match row: Chievo Verona vs Associazione Calcio Milan
[2586806] Failed to build match row: Toulouse Football Club vs Stade Reims
[3080287] Failed to build match row: Livingston Football Club vs Motherwell Football Club
[2867274] Could not find attributes for filip gacevski (Vardar Skopje, 2017)
[3058585] Could not find attributes for oscar wendt (Mönchengladbach, 2018)
[2650350] Could not find attributes for athanasios panteliadis (A.G.S Asteras Tripolis, 2015)
[2867274] Failed to build match row: Vardar Skopje vs Malmö Fotbollförening

Keepers & outfield error for **Associazione Sportiva Roma** in Associazione Sportiva Roma vs Villarreal Club de Fútbol S.A.D.: Numbers: 0 and 11.
Not enough players found for lineup: 0, 0.
[3058585] Failed to build match row: FC Schalke 04 vs Mönchengladbach
[2650350] Failed to build match row: A.G.S Asteras Tripolis vs Panthrakikos Komotini
[2805674] Failed to build match row: Associazione Sportiva Roma vs Villarreal Club de Fútbol S.A.D.
[2479061] Failed to scrape lineup: https://www.transfermarkt.co.uk/spielbericht/index/spielbericht/2479061
[2921386] Could not find attributes for mikhail bakaev (Anzhi Makhachkala ( -2022), 2017)
[3108857] Failed to scrape lineup: https://www.transfermarkt.co.uk/spielbericht/index/spielbericht/3108857
[2903703] Could not find attributes for jamie brandon (Heart of Midlothian Football Club, 2017)
[2757291] Could not find attributes for xabier etxebarria (Barakaldo CF, 2016)
[2757291] Failed to build match row: Barakaldo CF vs SD Amorebieta
[2921386] Failed to build match row: Anzhi Makhachkala ( -2022) vs Arsenal Tula
[2903703] Failed to build match row: Kilmarnock Football Club vs Heart of Midlothian Football Club
[2884060] Could not find attributes for anil karaer (Ankaraspor, 2017)
[2884060] Failed to build match row: Ankaraspor vs Konyaspor
[3047878] Could not find attributes for gerzino nyamsi (Rennes, 2018)
[3047878] Failed to build match row: Rennes vs EA Guingamp
[2351949] Could not find attributes for spyros risvanis (Panathinaikos Athlitikos Omilos, 2013)
[2351949] Failed to build match row: Panthessalonikios Athlitikos Omilos Konstantinoupoliton vs Panathinaikos Athlitikos Omilos
Not enough players found for lineup: 0, 0.
[2978681] Failed to scrape lineup: https://www.transfermarkt.co.uk/spielbericht/index/spielbericht/2978681

Keepers & outfield error for **Deportivo de La Coruña** in Athletic Club Bilbao vs Deportivo de La Coruña: Numbers: 2 and 9.
[2732122] Could not find attributes for danijel milicevic (Koninklijke Atletiek Associatie Gent, 2016)
[2718924] Failed to build match row: Athletic Club Bilbao vs Deportivo de La Coruña
[2732122] Failed to build match row: Koninklijke Atletiek Associatie Gent vs KV Kortrijk

Keepers & outfield error for **Футбольный клуб "Локомотив" Москва** in Футбольный клуб "Локомотив" Москва vs FK Krasnodar: Numbers: 0 and 11.
[2722878] Could not find attributes for davide petrucci (Çaykur Rizespor Kulübü, 2016)
[2613516] Failed to build match row: Футбольный клуб "Локомотив" Москва vs FK Krasnodar
[2722878] Failed to build match row: Çaykur Rizespor Kulübü vs Gaziantepspor (- 2020)
[2650351] Could not find attributes for alexios michail (PAS Giannina, 2015)
[2650351] Failed to build match row: PAS Giannina vs Veria NPS
[2479062] Could not find attributes for artur kotenko (Shakhter Soligorsk, 2014)
[2479062] Failed to build match row: Sportvereniging Zulte Waregem vs Shakhter Soligorsk

Keepers & outfield error for **Saint Mirren Football Club** in Saint Mirren Football Club vs Hamilton Academical FC: Numbers: 2 and 9.
[3080288] Failed to build match row: Saint Mirren Football Club vs Hamilton Academical FC

Keepers & outfield error for **Kayserispor Kulübü** in Kayserispor Kulübü vs Fenerbahçe Spor Kulübü: Numbers: 2 and 9.
[2884061] Failed to build match row: Kayserispor Kulübü vs Fenerbahçe Spor Kulübü
[2805675] Could not find attributes for jose luis palomino (Ludogorets Razgrad, 2016)
[2805675] Failed to build match row: Football Club København vs Ludogorets Razgrad
[3201758] Could not find attributes for callum booth (St. Johnstone FC, 2019)
[3201758] Failed to build match row: Aberdeen Football Club vs St. Johnstone FC

Keepers & outfield error for **UD Almería** in UD Almería vs Club Atlético de Madrid S.A.D.: Numbers: 0 and 11.
[2475223] Failed to build match row: UD Almería vs Club Atlético de Madrid S.A.D.
[2351950] Could not find attributes for grigoris athanasiou (GS Ergotelis, 2013)
[2921387] Could not find attributes for dmitriy tarasov (Футбольный клуб "Локомотив" Москва, 2017)
[2351950] Failed to build match row: GS Ergotelis vs Panathinaikos Athlitikos Omilos
[2921387] Failed to build match row: Футбольный клуб "Локомотив" Москва vs FK Krasnodar
[2532454] Could not find attributes for eggert gunnthor jonsson (FC Vestsjaelland, 2014)
[2532454] Failed to build match row: FC Vestsjaelland vs Sønderjyske Fodbold
[3087329] Could not find attributes for dziugas bartkus (FK Zalgiris Vilnius, 2018)
[3087329] Failed to build match row: Sevilla Fútbol Club S.A.D. vs FK Zalgiris Vilnius
[2732123] Could not find attributes for nemanja miletic (Koninklijke Voetbal Club Westerlo, 2016)
[2732123] Failed to build match row: KAS Eupen vs Koninklijke Voetbal Club Westerlo
[3069898] Could not find attributes for trezeguet (Kasımpaşa A.Ş., 2018)

Keepers & outfield error for **Birmingham City** in Birmingham City vs Bristol Rovers: Numbers: 2 and 9.
[3069898] Failed to build match row: Kasımpaşa A.Ş. vs Galatasaray Spor Kulübü
[3108858] Could not find attributes for antonis kokkalas (Aittitos Spaton, 2018)
[2389063] Failed to build match row: Birmingham City vs Bristol Rovers
[2875154] Could not find attributes for osama akharraz (FC Helsingör, 2017)
[3108858] Failed to build match row: Aittitos Spaton vs Panthessalonikios Athlitikos Omilos Konstantinoupoliton
[2479064] Could not find attributes for botond antal (Diósgyőri VTK, 2014)
[3236518] Could not find attributes for praxitelis vouros (APOEL Nicosia, 2019)
[2875154] Failed to build match row: AC Horsens vs FC Helsingör

Keepers & outfield error for **Vitória Sport Clube** in Futebol Clube do Porto vs Vitória Sport Clube: Numbers: 0 and 11.
[2485834] Could not find attributes for marcus rickert (BFC Viktoria 89 (- 2013), 2014)
[2479064] Failed to build match row: Diósgyőri VTK vs FK Krasnodar
[3236518] Failed to build match row: APOEL Nicosia vs Qarabağ FK

Keepers & outfield error for **Alaves** in Celta vs Alaves: Numbers: 0 and 11.
[3210056] Failed to build match row: Celta vs Alaves
[2340233] Failed to build match row: Futebol Clube do Porto vs Vitória Sport Clube
[2485834] Failed to build match row: BFC Viktoria 89 (- 2013) vs Eintracht Frankfurt Fußball AG
[2650352] Could not find attributes for sebastian bartolini (Iraklis Thessaloniki, 2015)
[3147856] Could not find attributes for jay dasilva (Bristol City, 2018)
[2650352] Failed to build match row: Iraklis Thessaloniki vs AEL Kalloni
[2722879] Could not find attributes for ryan babel (Beşiktaş Jimnastik Kulübü, 2016)
[3147856] Failed to build match row: Bristol City vs Bolton Wanderers
[2722879] Failed to build match row: Beşiktaş Jimnastik Kulübü vs Kasımpaşa A.Ş.
[3201759] Could not find attributes for lewis moore (Heart of Midlothian Football Club, 2019)
[3201759] Failed to build match row: Heart of Midlothian Football Club vs Kilmarnock Football Club

Keepers & outfield error for **CD Leganés** in CD Leganés vs Sporting Gijón: Numbers: 2 and 9.
[2718926] Failed to build match row: CD Leganés vs Sporting Gijón

Keepers & outfield error for **Celta** in Celta vs Deportivo de La Coruña: Numbers: 0 and 11.
[2475224] Failed to build match row: Celta vs Deportivo de La Coruña

Keepers & outfield error for **FC Shakhtar Donetsk** in FC Shakhtar Donetsk vs Celta: Numbers: 2 and 9.
[2805676] Failed to build match row: FC Shakhtar Donetsk vs Celta
[2532455] Could not find attributes for hans mulder (Fodbold Club Nordsjælland, 2014)
[2532455] Failed to build match row: Hobro IK vs Fodbold Club Nordsjælland
[3087330] Could not find attributes for dziugas bartkus (FK Zalgiris Vilnius, 2018)
[3087330] Failed to build match row: FK Zalgiris Vilnius vs Sevilla Fútbol Club S.A.D.
[2867275] Failed to scrape lineup: https://www.transfermarkt.co.uk/spielbericht/index/spielbericht/2867275
[3264076] Could not find attributes for melvin koetsier (Excelsior '31 Rijssen, 2019)
[3264076] Failed to build match row: Excelsior '31 Rijssen vs Football Club Utrecht
[2757292] Could not find attributes for mikel pagola (CD Tudelano, 2016)
[2757292] Failed to build match row: CD Tudelano vs Atlético Sanluqueño CF
[2732124] Could not find attributes for jakub brabec (Koninklijke Racing Club Genk, 2016)
[2732124] Failed to build match row: KV Oostende vs Koninklijke Racing Club Genk

Keepers & outfield error for **Göztepe Sportif Yatırımlar A.Ş.** in Kayserispor Kulübü vs Göztepe Sportif Yatırımlar A.Ş.: Numbers: 0 and 11.
[3069899] Failed to build match row: Kayserispor Kulübü vs Göztepe Sportif Yatırımlar A.Ş.
[2460691] Could not find attributes for ragnar klavan (Fußball-Club Augsburg 1907, 2014)
[2460691] Failed to build match row: 1. Fußball- und Sportverein Mainz 05 vs Fußball-Club Augsburg 1907
[2507915] Could not find attributes for lee cropper (Norton United, 2014)
[2507915] Failed to build match row: Norton United vs Gateshead FC
[2978682] Failed to scrape lineup: https://www.transfermarkt.co.uk/spielbericht/index/spielbericht/2978682
[2389624] Could not find attributes for yalcin ayhan (Kasımpaşa A.Ş., 2013)
[2389624] Failed to build match row: Kasımpaşa A.Ş. vs Beşiktaş Jimnastik Kulübü
[3302954] Could not find attributes for dimitar velkovski (Cercle Brugge Koninklijke Sportvereniging, 2019)
[3302954] Failed to build match row: Cercle Brugge Koninklijke Sportvereniging vs Koninklijke Atletiek Associatie Gent
[3223232] Could not find attributes for atiba hutchinson (Beşiktaş Jimnastik Kulübü, 2019)
[3223232] Failed to build match row: Beşiktaş Jimnastik Kulübü vs MKE Ankaragücü
[2479065] Could not find attributes for athanasios panteliadis (A.G.S Asteras Tripolis, 2014)
[2479065] Failed to build match row: 1. Fußball- und Sportverein Mainz 05 vs A.G.S Asteras Tripolis
[3236526] Could not find attributes for rahil mammadov (Qarabağ FK, 2019)
[2628042] Could not find attributes for jaime paredes (UD Logroñés, 2015)
[2628042] Failed to build match row: UD Logroñés vs UCAM Murcia CF
[3047881] Could not find attributes for pedro rebocho (EA Guingamp, 2018)
[3047881] Failed to build match row: EA Guingamp vs Nîmes Olympique
[2884062] Failed to scrape lineup: https://www.transfermarkt.co.uk/sivasspor_kardemir-karabukspor/index/spielbericht/2884062
[3080289] Failed to scrape lineup: https://www.transfermarkt.co.uk/dundee-fc_hamilton-academical-fc/index/spielbericht/3080289
[3216154] Could not find attributes for keisuke honda (Vitesse Arnhem, 2019)
[3216154] Failed to build match row: Sparta Rotterdam vs Vitesse Arnhem
[2460692] Could not find attributes for christian schulz (Hannover 96, 2014)
[2460692] Failed to build match row: Hannover 96 vs Mönchengladbach
[2805677] Could not find attributes for badou ndiaye (Ankaraspor, 2016)
[2805677] Failed to build match row: Ankaraspor vs Olympiakos Syndesmos Filathlon Peiraios
[2342482] Could not find attributes for bilal basacikoglu (Sportclub Heerenveen, 2013)
[2342482] Failed to build match row: Sportclub Heerenveen vs Nijmegen Eendracht Combinatie

Keepers & outfield error for **Paris Saint-Germain Football Club** in Paris Saint-Germain Football Club vs FC Girondins Bordeaux: Numbers: 2 and 9.
[2586809] Failed to build match row: Paris Saint-Germain Football Club vs FC Girondins Bordeaux

Keepers & outfield error for **Sport Lisboa e Benfica** in Sport Lisboa e Benfica vs Sporting Clube de Braga: Numbers: 2 and 9.
[2340234] Failed to build match row: Sport Lisboa e Benfica vs Sporting Clube de Braga

Keepers & outfield error for **Manchester United Football Club** in Arsenal Football Club vs Manchester United Football Club: Numbers: 0 and 11.
[2757294] Could not find attributes for kike royo (CD Guijuelo, 2016)
[2757294] Failed to build match row: CD Guijuelo vs Sestao River
[3147857] Failed to build match row: Arsenal Football Club vs Manchester United Football Club
[3069900] Could not find attributes for gabriel obertan (Erzurumspor FK, 2018)
[2732125] Failed to scrape lineup: https://www.transfermarkt.co.uk/ksc-lokeren-2020-_sint-truidense-vv/index/spielbericht/2732125
[3069900] Failed to build match row: Erzurumspor FK vs Sivasspor

Keepers & outfield error for **Trabzonspor Kulübü** in Gaziantep Futbol Kulübü A.Ş. vs Trabzonspor Kulübü: Numbers: 2 and 9.
[2978683] Could not find attributes for masoud shojaei (Athlitiki Enosi Konstantinoupoleos, 2017)
[3223233] Failed to build match row: Gaziantep Futbol Kulübü A.Ş. vs Trabzonspor Kulübü
[2978683] Failed to build match row: Athlitiki Enosi Konstantinoupoleos vs Panetolikos Agrinio
[2508349] Could not find attributes for yevgen past (Chornomorets Odesa, 2014)
[2508349] Failed to build match row: Chornomorets Odesa vs Dnipro Dnipropetrovsk (-2020)
[3302955] Could not find attributes for dimitar velkovski (Cercle Brugge Koninklijke Sportvereniging, 2019)
[3302955] Failed to build match row: Club Brugge Koninklijke Voetbalvereniging vs Cercle Brugge Koninklijke Sportvereniging
[2494431] Could not find attributes for dimitrios kyriakidis (AO Xanthi, 2014)
[2494431] Failed to build match row: AO Xanthi vs Panathinaikos Athlitikos Omilos

Keepers & outfield error for **Celta** in Club Atlético de Madrid S.A.D. vs Celta: Numbers: 0 and 11.
[2718927] Failed to build match row: Club Atlético de Madrid S.A.D. vs Celta
[3264077] Could not find attributes for jordy deckers (SV Spakenburg, 2019)
[3264077] Failed to build match row: SV Spakenburg vs ASWH Ambacht
[3237627] Could not find attributes for kenan piric (NK Maribor, 2019)
[3237627] Failed to build match row: NK Maribor vs Rosenborg Ballklub
[2884063] Could not find attributes for jires kembo ekoko (Bursaspor, 2017)
[2884063] Failed to build match row: Antalyaspor vs Bursaspor
[2342483] Could not find attributes for hans hateboer (Football Club Groningen, 2013)
[3216155] Could not find attributes for joey veerman (Sportclub Heerenveen, 2019)

Keepers & outfield error for **Saint Mirren Football Club** in Hibernian Football Club vs Saint Mirren Football Club: Numbers: 2 and 9.
[2342483] Failed to build match row: Football Club Groningen vs Vitesse Arnhem
[3216155] Failed to build match row: Sportclub Heerenveen vs Vitesse Arnhem
[3080290] Failed to build match row: Hibernian Football Club vs Saint Mirren Football Club
[2396424] Could not find attributes for miguel angel corona (UD Almería, 2013)

Keepers & outfield error for **FC Paços de Ferreira** in FC Paços de Ferreira vs Vitória Sport Clube: Numbers: 2 and 9.
[2340235] Failed to build match row: FC Paços de Ferreira vs Vitória Sport Clube
[3058588] Could not find attributes for steven zuber (Verein für Bewegungsspiele Stuttgart 1893, 2018)
[2396424] Failed to build match row: UD Almería vs Racing Santander
[3058588] Failed to build match row: Verein für Bewegungsspiele Stuttgart 1893 vs Sport-Club Freiburg
[2508350] Could not find attributes for sergiy pogorilyi (Metalist Kharkiv (- 2016), 2014)
[2508350] Failed to build match row: Metalist Kharkiv (- 2016) vs FC Shakhtar Donetsk

Keepers & outfield error for **Göztepe Sportif Yatırımlar A.Ş.** in Göztepe Sportif Yatırımlar A.Ş. vs İstanbul Başakşehir Futbol Kulübü: Numbers: 0 and 11.
[2628043] Could not find attributes for manu palancar (Real Balompédica Linense, 2015)
[2586810] Could not find attributes for paul baysse (Olympique Gymnaste Club Nice Côte d'Azur, 2015)
[3223234] Failed to build match row: Göztepe Sportif Yatırımlar A.Ş. vs İstanbul Başakşehir Futbol Kulübü
[2628043] Failed to build match row: Real Balompédica Linense vs CD Ebro
[2586810] Failed to build match row: Olympique Gymnaste Club Nice Côte d'Azur vs EA Guingamp
[3210057] Failed to scrape lineup: https://www.transfermarkt.co.uk/rcd-espanyol-barcelona_levante-ud/index/spielbericht/3210057
[2978684] Could not find attributes for manolis apostolidis (AO Trikala, 2017)
[2978684] Failed to build match row: Panthessalonikios Athlitikos Omilos Konstantinoupoliton vs AO Trikala
[2722880] Could not find attributes for luccas claro (Gençlerbirliği Spor Kulübü, 2016)
[2722880] Failed to build match row: Gençlerbirliği Spor Kulübü vs Fenerbahçe Spor Kulübü
[2494432] Could not find attributes for ernestas setkus (AOK Kerkyra, 2014)
[2494432] Failed to build match row: AOK Kerkyra vs GS Ergotelis
[2479067] Could not find attributes for dejan bandovic (FK Sarajevo, 2014)
[2479067] Failed to build match row: FK Sarajevo vs APS Atromitos Athinon

Keepers & outfield error for **Tottenham Hotspur Football Club** in Crystal Palace Football Club vs Tottenham Hotspur Football Club: Numbers: 2 and 9.
[3147858] Failed to build match row: Crystal Palace Football Club vs Tottenham Hotspur Football Club
[3201762] Could not find attributes for coll donaldson (Ross County FC, 2019)
[3201762] Failed to build match row: Ross County FC vs Livingston Football Club

Keepers & outfield error for **Antalyaspor** in Antalyaspor vs İstanbul Başakşehir Futbol Kulübü: Numbers: 2 and 9.
[3069901] Failed to build match row: Antalyaspor vs İstanbul Başakşehir Futbol Kulübü
[3080291] Could not find attributes for steve lawson (Livingston Football Club, 2018)
[3080291] Failed to build match row: Kilmarnock Football Club vs Livingston Football Club
[2884064] Could not find attributes for demba ba (Göztepe Sportif Yatırımlar A.Ş., 2017)
[3087332] Could not find attributes for milos buchta (SK Sigma Olomouc, a.s., 2018)
�a A.Ş.
[3087332] Failed to build match row: SK Sigma Olomouc, a.s. vs Kairat Almaty
[2613518] Could not find attributes for aleksandr belenov (Kuban Krasnodar (-2018), 2015)
[3237628] Could not find attributes for kenan piric (NK Maribor, 2019)
[2613518] Failed to build match row: Kuban Krasnodar (-2018) vs PFK CSKA Moskva
[3237628] Failed to build match row: Rosenborg Ballklub vs NK Maribor
[2342484] Could not find attributes for roland alberg (ADO Den Haag, 2013)
[2342484] Failed to build match row: ADO Den Haag vs Prins Hendrik Ende Desespereert Nimmer Combinatie Zwolle
[2340236] Could not find attributes for kaytm (CF Os Belenenses, 2013)
[2329375] Could not find attributes for martin dubravka (Esbjerg fB, 2013)
[2329375] Failed to build match row: Fodbold Club Nordsjælland vs Esbjerg fB
[2340236] Failed to build match row: Académica Coimbra vs CF Os Belenenses
[2757295] Could not find attributes for agus ojeda (SD Formentera, 2016)

Keepers & outfield error for **Willem II Tilburg** in Willem II Tilburg vs Sparta Rotterdam: Numbers: 2 and 9.
[3216156] Failed to build match row: Willem II Tilburg vs Sparta Rotterdam
[2757295] Failed to build match row: SD Formentera vs Lorca FC
[2978685] Could not find attributes for georgios strezos (Omilos Filathlon Irakliou FC, 2017)
[2978685] Failed to build match row: Omilos Filathlon Irakliou FC vs Panionios Athens
[3264078] Could not find attributes for stephan veenboer (Ajax Amateurs, 2019)
[3264078] Failed to build match row: Ajax Amateurs vs OFC Oostzaan
[3223235] Could not find attributes for mickael tirpan (Kasımpaşa A.Ş., 2019)
[2494433] Could not find attributes for andrey gorbunov (APS Atromitos Athinon, 2014)
[3223235] Failed to build match row: Kasımpaşa A.Ş. vs Kayserispor Kulübü
[2494433] Failed to build match row: APS Atromitos Athinon vs APO Levadiakos Football Club
[2732127] Could not find attributes for andriy totovytskyi (KV Kortrijk, 2016)
[2732127] Failed to build match row: KV Kortrijk vs Royal Sporting Club Anderlecht
[2628044] Could not find attributes for unai elgezabal (Barakaldo CF, 2015)
[2628044] Failed to build match row: Barakaldo CF vs Huracán Valencia CF

Keepers & outfield error for **Chelsea Football Club** in Liverpool Football Club vs Chelsea Football Club: Numbers: 2 and 9.
[2698286] Failed to build match row: Liverpool Football Club vs Chelsea Football Club
[3069902] Could not find attributes for umut meras (Bursaspor, 2018)
[3069902] Failed to build match row: Bursaspor vs Çaykur Rizespor Kulübü

Keepers & outfield error for **Sporting Clube de Braga** in Sporting Clube de Braga vs Sporting Clube de Portugal: Numbers: 0 and 11.
[2340237] Failed to build match row: Sporting Clube de Braga vs Sporting Clube de Portugal

Keepers & outfield error for **Beşiktaş Jimnastik Kulübü** in Beşiktaş Jimnastik Kulübü vs Alanyaspor: Numbers: 0 and 11.
[2884065] Failed to build match row: Beşiktaş Jimnastik Kulübü vs Alanyaspor
[2508351] Could not find attributes for andriy poltavtsev (FC Zorya Lugansk, 2014)
[2508351] Failed to build match row: FC Zorya Lugansk vs Futbolniy Klub Dynamo Kyiv
[2532460] Could not find attributes for hans mulder (Fodbold Club Nordsjælland, 2014)
[2532460] Failed to build match row: Fodbold Club Nordsjælland vs Sønderjyske Fodbold
[2594599] Could not find attributes for jean sylvain babin (Granada CF, 2015)
[2594599] Failed to build match row: Málaga CF vs Granada CF
[2329376] Could not find attributes for johan sellberg wiland (Football Club København, 2013)
[2329376] Failed to build match row: FC Vestsjaelland vs Football Club København
[3087333] Could not find attributes for stas pokatilov (Kairat Almaty, 2018)
[3087333] Failed to build match row: Kairat Almaty vs SK Sigma Olomouc, a.s.
[2757296] Could not find attributes for adrian jimenez (CD Toledo, 2016)
[2757296] Failed to build match row: CD Toledo vs CD Alcoyano
[3108859] Could not find attributes for nikolaos loumpardeas (Panachaiki GE, 2018)
[3108859] Failed to build match row: Panachaiki GE vs APO Levadiakos Football Club
[2494434] Could not find attributes for georgios kantimiris (Veria NPS, 2014)
[3210059] Could not find attributes for roberto soldado (Granada CF, 2019)
[2494434] Failed to build match row: Veria NPS vs Niki Volou
[3210059] Failed to build match row: Granada CF vs Villarreal Club de Fútbol S.A.D.
[3223236] Could not find attributes for afriyie acquah (Yeni Malatyaspor, 2019)
[2479069] Could not find attributes for dobrivoj rusov (Spartak Trnava, 2014)
[3223236] Failed to build match row: Yeni Malatyaspor vs Konyaspor
[2479069] Failed to build match row: St. Johnstone FC vs Spartak Trnava

Keepers & outfield error for **Aalborg BK** in Fodbold Club Midtjylland vs Aalborg BK: Numbers: 2 and 9.
[2875157] Failed to build match row: Fodbold Club Midtjylland vs Aalborg BK
[2722882] Could not find attributes for tomas sivok (Bursaspor, 2016)
[2722882] Failed to build match row: Bursaspor vs Gençlerbirliği Spor Kulübü
[2698287] Could not find attributes for gareth mcauley (West Bromwich Albion, 2016)
[2698287] Failed to build match row: West Ham United Football Club vs West Bromwich Albion
[3216157] Could not find attributes for george cox (Fortuna Sittardia Combinatie, 2019)
[3216157] Failed to build match row: Fortuna Sittardia Combinatie vs Football Club Groningen
[3069903] Could not find attributes for bulent cevahir (Yeni Malatyaspor, 2018)
[3069903] Failed to build match row: Yeni Malatyaspor vs Beşiktaş Jimnastik Kulübü
[2340238] Could not find attributes for avto (Gil Vicente Futebol Clube, 2013)
[2340238] Failed to build match row: Gil Vicente Futebol Clube vs Vitória Sport Clube
[2867277] Could not find attributes for rafal makowski (Legia Warszawa Spółka Akcyjna, 2017)
[2867277] Failed to build match row: Legia Warszawa Spółka Akcyjna vs IFK Mariehamn

Keepers & outfield error for **Espanol** in Espanol vs AD Alcorcón: Numbers: 3 and 8.
[2396426] Failed to build match row: Espanol vs AD Alcorcón
[3087334] Could not find attributes for dominik greif (Slovan Bratislava, 2018)
[3087334] Failed to build match row: Slovan Bratislava vs Sportklub Rapid
, 2013)
[2329377] Failed to build match row: Sønderjyske Fodbold vs Randers Fodbold Club
[3047883] Could not find attributes for younn zahary (SM Caen, 2018)
[3047883] Failed to build match row: Olympique Lyonnais vs SM Caen
[2494435] Could not find attributes for dele adeleye (Omilos Filathlon Irakliou FC, 2014)
[2494435] Failed to build match row: Omilos Filathlon Irakliou FC vs AEL Kalloni

Keepers & outfield error for **Heart of Midlothian Football Club** in The Celtic Football Club vs Heart of Midlothian Football Club: Numbers: 0 and 11.
[3201764] Failed to build match row: The Celtic Football Club vs Heart of Midlothian Football Club
[2722883] Could not find attributes for badou ndiaye (Ankaraspor, 2016)
Not enough players found for lineup: 0, 0.
[2722883] Failed to build match row: Ankaraspor vs Çaykur Rizespor Kulübü
[2508352] Failed to scrape lineup: https://www.transfermarkt.co.uk/spielbericht/index/spielbericht/2508352
[2732129] Could not find attributes for ishak belfodil (Royal Standard Club de Liège, 2016)
Not enough players found for lineup: 0, 0.
[2732129] Failed to build match row: Royal Charleroi Sporting Club vs Royal Standard Club de Liège
[2340239] Failed to scrape lineup: https://www.transfermarkt.co.uk/vitoria-setubal-fc_fc-arouca/index/spielbericht/2340239
[2875158] Could not find attributes for mohammad adnan (FC Helsingör, 2017)
[2875158] Failed to build match row: FC Helsingör vs Aarhus Gymnastik Forening
[3069905] Could not find attributes for ceyhun gulselam (Alanyaspor, 2018)
[3069905] Failed to build match row: Alanyaspor vs Kasımpaşa A.Ş.
[3302957] Could not find attributes for eden shamir (Royal Standard Club de Liège, 2019)
[3302957] Failed to build match row: Royal Standard Club de Liège vs St Truiden
[2701652] Could not find attributes for jeremy morel (Olympique Lyonnais, 2016)
[2701652] Failed to build match row: Football Club Lorient-Bretagne Sud vs Olympique Lyonnais

Keepers & outfield error for **Rayo Vallecano de Madrid S. A. D.** in Rayo Vallecano de Madrid S. A. D. vs Athletic Club Bilbao: Numbers: 0 and 11.
[2594600] Failed to build match row: Rayo Vallecano de Madrid S. A. D. vs Athletic Club Bilbao

Keepers & outfield error for **Swansea City** in Manchester City Football Club vs Swansea City: Numbers: 2 and 9.
[2698288] Failed to build match row: Manchester City Football Club vs Swansea City

Keepers & outfield error for **Real Club Deportivo Mallorca S.A.D.** in Real Club Deportivo Mallorca S.A.D. vs CD Leganés: Numbers: 2 and 9.

Keepers & outfield error for **Association sportive de Monaco Football Club** in Association sportive de Monaco Football Club vs Amiens SC: Numbers: 2 and 9.
[3210060] Failed to build match row: Real Club Deportivo Mallorca S.A.D. vs CD Leganés
[3047884] Failed to build match row: Association sportive de Monaco Football Club vs Amiens SC
[2867370] Could not find attributes for yassin ayoub (Football Club Utrecht, 2017)
[2867370] Failed to build match row: Prins Hendrik Ende Desespereert Nimmer Combinatie Zwolle vs Football Club Utrecht

Keepers & outfield error for **SK Beveren** in Cercle Brugge Koninklijke Sportvereniging vs SK Beveren: Numbers: 2 and 9.
[3264079] Could not find attributes for joep engelen (SV Oss '20, 2019)
[3237857] Failed to build match row: Cercle Brugge Koninklijke Sportvereniging vs SK Beveren

Keepers & outfield error for **Málaga CF** in Málaga CF vs UD Las Palmas: Numbers: 0 and 11.
[3264079] Failed to build match row: SV Oss '20 vs TOP Oss
[2718931] Failed to build match row: Málaga CF vs UD Las Palmas
[2329378] Could not find attributes for johan sellberg wiland (Football Club København, 2013)
[2329378] Failed to build match row: Football Club København vs Fodbold Club Nordsjælland
[2921394] Could not find attributes for aleksandr belenov (FK Ufa, 2017)

Keepers & outfield error for **Verona Hellas Football Club** in FC Crotone vs Verona Hellas Football Club: Numbers: 0 and 11.
[2921394] Failed to build match row: FK Ufa vs FC Rubin Kazan
[3223238] Could not find attributes for levan shengelia (Konyaspor, 2019)
[2903710] Could not find attributes for jamie brandon (Heart of Midlothian Football Club, 2017)
[2897170] Failed to build match row: FC Crotone vs Verona Hellas Football Club
[3223238] Failed to build match row: Konyaspor vs Fenerbahçe Spor Kulübü
[2903710] Failed to build match row: Rangers Football Club vs Heart of Midlothian Football Club
[3087335] Could not find attributes for Dominik Greif (Slovan Bratislava, 2018)
[3087335] Failed to build match row: Sportklub Rapid vs Slovan Bratislava
[2978686] Could not find attributes for zivko zivkovic (AO Xanthi, 2017)
[2978686] Failed to build match row: AO Xanthi vs Athlitiki Enosi Larisas
[3080294] Could not find attributes for clevid dikamona (Heart of Midlothian Football Club, 2018)
[3080294] Failed to build match row: St. Johnstone FC vs Heart of Midlothian Football Club

Keepers & outfield error for **Olympiakos Syndesmos Filathlon Peiraios** in Olympiakos Syndesmos Filathlon Peiraios vs Panionios Athens: Numbers: 0 and 11.
[2494436] Failed to build match row: Olympiakos Syndesmos Filathlon Peiraios vs Panionios Athens
[2340240] Could not find attributes for jota (Clube Desportivo Nacional, 2013)
[2340240] Failed to build match row: Rio Ave Futebol Clube vs Clube Desportivo Nacional
[2722884] Could not find attributes for oleksandr rybka (Kardemir Karabükspor, 2016)
[2722884] Failed to build match row: Kardemir Karabükspor vs Kayserispor Kulübü
[2508359] Could not find attributes for stipe pletikosa (FK Rostov, 2014)
[2508359] Failed to build match row: FK Rostov vs Ural Yekaterinburg
[2586814] Could not find attributes for fabien camus (ESTAC Troyes, 2015)
[2586814] Failed to build match row: ESTAC Troyes vs SM Caen
[3069906] Could not find attributes for kadu (Göztepe Sportif Yatırımlar A.Ş., 2018)
[3069906] Failed to build match row: Göztepe Sportif Yatırımlar A.Ş. vs Trabzonspor Kulübü
[2351951] Could not find attributes for anastasios papazoglou (Olympiakos Syndesmos Filathlon Peiraios, 2013)
[2351951] Failed to build match row: Olympiakos Syndesmos Filathlon Peiraios vs Omilos Filathlon Irakliou FC
[2757297] Could not find attributes for nono (UE Cornellà, 2016)
[2757297] Failed to build match row: UE Cornellà vs Extremadura UD

Keepers & outfield error for **Real Sociedad de Fútbol S.A.D.** in Real Sociedad de Fútbol S.A.D. vs Real Madrid Club de Fútbol: Numbers: 2 and 9.
[3210061] Failed to build match row: Real Sociedad de Fútbol S.A.D. vs Real Madrid Club de Fútbol
[2698289] Could not find attributes for peter crouch (Stoke City, 2016)
[3108860] Could not find attributes for georgios psemmatas (Aris Avatou, 2018)
[2698289] Failed to build match row: Stoke City vs Crystal Palace Football Club
[3108860] Failed to build match row: Aris Avatou vs Olympiakos Syndesmos Filathlon Peiraios
[2329379] Could not find attributes for patrick banggaard (Fodbold Club Midtjylland, 2013)
[2479070] Failed to scrape lineup: https://www.transfermarkt.co.uk/spielbericht/index/spielbericht/2479070
[2329379] Failed to build match row: Fodbold Club Midtjylland vs Esbjerg fB
[2718932] Could not find attributes for florian lejeune (SD Eibar, 2016)

Keepers & outfield error for **Levante Unión Deportiva S.A.D.** in Levante Unión Deportiva S.A.D. vs Rayo Vallecano de Madrid S. A. D.: Numbers: 0 and 11.
[2718932] Failed to build match row: Sevilla Fútbol Club S.A.D. vs SD Eibar
[2875160] Could not find attributes for zeca (Football Club København, 2017)
[2460698] Could not find attributes for christian schulz (Hannover 96, 2014)
[2875160] Failed to build match row: Lyngby Boldklub vs Football Club København
[2396428] Failed to build match row: Levante Unión Deportiva S.A.D. vs Rayo Vallecano de Madrid S. A. D.
[2460698] Failed to build match row: Borussia Dortmund vs Hannover 96

Keepers & outfield error for **Trabzonspor Kulübü** in Trabzonspor Kulübü vs İstanbul Başakşehir Futbol Kulübü: Numbers: 2 and 9.

Keepers & outfield error for **The Celtic Football Club** in The Celtic Football Club vs St. Johnstone FC: Numbers: 2 and 9.
[3223239] Failed to build match row: Trabzonspor Kulübü vs İstanbul Başakşehir Futbol Kulübü
[2579908] Failed to build match row: The Celtic Football Club vs St. Johnstone FC
[2351952] Could not find attributes for grigoris athanasiou (GS Ergotelis, 2013)
[3216159] Could not find attributes for crysencio summerville (ADO Den Haag, 2019)
[2494437] Could not find attributes for georgios kousas (Panetolikos Agrinio, 2014)
[2351952] Failed to build match row: Panthessalonikios Athlitikos Omilos Konstantinoupoliton vs GS Ergotelis
[3216159] Failed to build match row: Heracles Almelo vs ADO Den Haag
[2494437] Failed to build match row: Panetolikos Agrinio vs AO Platanias
[2722885] Could not find attributes for doka madureira (İstanbul Başakşehir Futbol Kulübü, 2016)

Keepers & outfield error for **Rio Ave Futebol Clube** in Rio Ave Futebol Clube vs CF Os Belenenses: Numbers: 0 and 11.
[2485968] Could not find attributes for vitaliy denisov (Футбольный клуб "Локомотив" Москва, 2014)
[2613530] Failed to build match row: Rio Ave Futebol Clube vs CF Os Belenenses

Keepers & outfield error for **AO FK Zenit Sankt-Peterburg** in PFK CSKA Moskva vs AO FK Zenit Sankt-Peterburg: Numbers: 2 and 9.
[2722885] Failed to build match row: İstanbul Başakşehir Futbol Kulübü vs Adanaspor
[2485968] Failed to build match row: FC Rubin Kazan vs Футбольный клуб "Локомотив" Москва
[2508360] Failed to build match row: PFK CSKA Moskva vs AO FK Zenit Sankt-Peterburg
[3069907] Could not find attributes for dario melnjak (Çaykur Rizespor Kulübü, 2018)
[3047886] Could not find attributes for loic mbe soh (Paris Saint-Germain Football Club, 2018)
[2921395] Could not find attributes for mikhail bakaev (Anzhi Makhachkala ( -2022), 2017)

Keepers & outfield error for **Sport Lisboa e Benfica** in Grupo Desportivo Estoril Praia vs Sport Lisboa e Benfica: Numbers: 2 and 9.
[3047886] Failed to build match row: Paris Saint-Germain Football Club vs Dijon FCO
[3069907] Failed to build match row: Çaykur Rizespor Kulübü vs Yeni Malatyaspor
[2340241] Failed to build match row: Grupo Desportivo Estoril Praia vs Sport Lisboa e Benfica
[2921395] Failed to build match row: RFK Akhmat Grozny vs Anzhi Makhachkala ( -2022)
[3264080] Could not find attributes for dani centen (De Treffers, 2019)
[2650353] Failed to build match row: AO Platanias vs Athlitiki Enosi Konstantinoupoleos
[3264080] Failed to build match row: De Treffers vs Football Club Twente
[2628045] Could not find attributes for ian mackay (Racing Ferrol, 2015)
[2628045] Failed to build match row: CF Villanovense vs Racing Ferrol
[2479071] Could not find attributes for maksym koval (Goverla Uzhgorod (- 2016), 2014)
[2757299] Could not find attributes for julen castaneda (Racing Santander, 2016)
[2757299] Failed to build match row: Racing Santander vs UE Llagostera
[2479071] Failed to build match row: Goverla Uzhgorod (- 2016) vs Vorskla Poltava
[3108861] Failed to scrape lineup: https://www.transfermarkt.co.uk/spielbericht/index/spielbericht/3108861
[2329380] Could not find attributes for mostm (Odense Boldklub, 2013)
[2329380] Failed to build match row: Aalborg BK vs Odense Boldklub
[2367318] Could not find attributes for aleksander rajcevic (NK Maribor, 2013)
[2367318] Failed to build match row: FC Rubin Kazan vs NK Maribor
[2875161] Could not find attributes for mate vatsadze (Silkeborg Idrætsforening, 2017)
[2875161] Failed to build match row: Silkeborg Idrætsforening vs Fodbold Club Nordsjælland

Keepers & outfield error for **Club Atlético Osasuna** in Club Atlético Osasuna vs Real Madrid Club de Fútbol: Numbers: 0 and 11.
[2396429] Failed to build match row: Club Atlético Osasuna vs Real Madrid Club de Fútbol
[3087336] Could not find attributes for rustam khudzhamov (FK Mariupol, 2018)
[3087336] Failed to build match row: FK Mariupol vs FC Girondins Bordeaux
[2718933] Could not find attributes for andreas pereira (Granada CF, 2016)
[2718933] Failed to build match row: Granada CF vs Real Betis Balompié S.A.D.
[2867371] Could not find attributes for nasser el khayati (ADO Den Haag, 2017)
[2867371] Failed to build match row: ADO Den Haag vs Football Club Groningen

Keepers & outfield error for **Getafe Club de Fútbol S. A. D. Team Dubai** in Real Madrid Club de Fútbol vs Getafe Club de Fútbol S. A. D. Team Dubai: Numbers: 2 and 9.
[2594602] Failed to build match row: Real Madrid Club de Fútbol vs Getafe Club de Fútbol S. A. D. Team Dubai
[2351953] Could not find attributes for dani hernandez (A.G.S Asteras Tripolis, 2013)
[2351953] Failed to build match row: A.G.S Asteras Tripolis vs APO Levadiakos Football Club

Keepers & outfield error for **Sport Lisboa e Benfica** in Grupo Desportivo Estoril Praia vs Sport Lisboa e Benfica: Numbers: 0 and 11.
[2732132] Could not find attributes for nemanja miletic (Koninklijke Voetbal Club Westerlo, 2016)
[2732132] Failed to build match row: Koninklijke Voetbal Club Westerlo vs Koninklijke Atletiek Associatie Gent
[2613531] Failed to build match row: Grupo Desportivo Estoril Praia vs Sport Lisboa e Benfica
[2494438] Could not find attributes for georgios athanasiadis (Panthrakikos Komotini, 2014)
[2494438] Failed to build match row: Panthrakikos Komotini vs A.G.S Asteras Tripolis
[2978831] Could not find attributes for eneko satrustegui (Club Lleida Esportiu, 2017)
[2978831] Failed to build match row: Club Lleida Esportiu vs Club Atlético de Madrid S.A.D.
[2332148] Could not find attributes for nabil bentaleb (Tottenham Hotspur Football Club, 2013)
[2332148] Failed to build match row: Tottenham Hotspur Football Club vs Southampton FC
[3223240] Could not find attributes for atiba hutchinson (Beşiktaş Jimnastik Kulübü, 2019)
[3223240] Failed to build match row: Galatasaray Spor Kulübü vs Beşiktaş Jimnastik Kulübü
[2722886] Could not find attributes for olcay sahan (Trabzonspor Kulübü, 2016)
[2722886] Failed to build match row: Fenerbahçe Spor Kulübü vs Trabzonspor Kulübü

Keepers & outfield error for **Aalborg BK** in Aalborg BK vs FC Helsingör: Numbers: 2 and 9.
[2805678] Could not find attributes for lovre kalinic (Koninklijke Atletiek Associatie Gent, 2016)
[2805678] Failed to build match row: Tottenham Hotspur Football Club vs Koninklijke Atletiek Associatie Gent
[2875162] Failed to build match row: Aalborg BK vs FC Helsingör
[2329381] Could not find attributes for pierre kanstrup (Sønderjyske Fodbold, 2013)
[2628046] Could not find attributes for fran carbia (CF Reus Deportiu, 2015)
[2508361] Could not find attributes for vitaliy denisov (Футбольный клуб "Локомотив" Москва, 2014)
[2329381] Failed to build match row: FC Vestsjaelland vs Sønderjyske Fodbold
[2628046] Failed to build match row: CF Reus Deportiu vs Club Lleida Esportiu
[2508361] Failed to build match row: Футбольный клуб "Локомотив" Москва vs FK Dinamo Moskva

Keepers & outfield error for **Vitória Sport Clube** in Vitória Sport Clube vs CS Marítimo: Numbers: 0 and 11.
[3047887] Could not find attributes for yannis salibur (AS Saint-Étienne, 2018)

Keepers & outfield error for **Club Atlético Osasuna** in Valencia Club de Fútbol S. A. D. vs Club Atlético Osasuna: Numbers: 2 and 9.
[2340242] Failed to build match row: Vitória Sport Clube vs CS Marítimo
[3047887] Failed to build match row: AS Saint-Étienne vs Olympique Gymnaste Club Nice Côte d'Azur
[3210063] Failed to build match row: Valencia Club de Fútbol S. A. D. vs Club Atlético Osasuna
[3201766] Could not find attributes for coll donaldson (Ross County FC, 2019)
Not enough players found for lineup: 0, 0.
[3080297] Could not find attributes for martin woods (Dundee Football Club, 2018)
[3201766] Failed to build match row: Hibernian Football Club vs Ross County FC
[3108862] Failed to scrape lineup: https://www.transfermarkt.co.uk/spielbericht/index/spielbericht/3108862
[3080297] Failed to build match row: Dundee Football Club vs Rangers Football Club
[2342488] Could not find attributes for hans hateboer (Football Club Groningen, 2013)
[2342488] Failed to build match row: Football Club Groningen vs SC Cambuur Leeuwarden
[2701655] Could not find attributes for rod fanni (Olympique de Marseille, 2016)
[2479072] Could not find attributes for vasyl pryima (Metalurg Donetsk (- 2015), 2014)
[3069908] Could not find attributes for david braz (Sivasspor, 2018)
[3069908] Failed to build match row: Sivasspor vs Antalyaspor
[3087337] Could not find attributes for yevgen galchuk (FK Mariupol, 2018)
[2701655] Failed to build match row: Olympique de Marseille vs Football Club de Nantes
[2479072] Failed to build match row: Metalurg Donetsk (- 2015) vs Metalurg Zaporizhya (-2016)
[2485969] Could not find attributes for stipe pletikosa (FK Rostov, 2014)
[3087337] Failed to build match row: FC Girondins Bordeaux vs FK Mariupol
[2485969] Failed to build match row: FK Rostov vs FK Krasnodar
[2351954] Could not find attributes for Sokratis Dioudis (Aris Thessalonikis, 2013)
[2532465] Could not find attributes for eggert gunnthor jonsson (FC Vestsjaelland, 2014)
[2532465] Failed to build match row: FC Vestsjaelland vs Odense Boldklub
[2351954] Failed to build match row: Aris Thessalonikis vs AO Platanias
[2494439] Could not find attributes for markos vellidis (PAS Giannina, 2014)

Keepers & outfield error for **Villarreal Club de Fútbol S.A.D.** in Villarreal Club de Fútbol S.A.D. vs Real Sociedad de Fútbol S.A.D.: Numbers: 0 and 11.

Keepers & outfield error for **Genoa Cricket and Football Club** in Genoa Cricket and Football Club vs Torino Calcio: Numbers: 2 and 9.

Keepers & outfield error for **Athletic Club Bilbao** in Rayo Vallecano de Madrid S. A. D. vs Athletic Club Bilbao: Numbers: 2 and 9.
[2494439] Failed to build match row: PAS Giannina vs Panthessalonikios Athlitikos Omilos Konstantinoupoliton
[2396430] Failed to build match row: Villarreal Club de Fútbol S.A.D. vs Real Sociedad de Fútbol S.A.D.
[2475227] Failed to build match row: Rayo Vallecano de Madrid S. A. D. vs Athletic Club Bilbao
[2604263] Failed to build match row: Genoa Cricket and Football Club vs Torino Calcio

Keepers & outfield error for **Swansea City** in Swansea City vs Southampton FC: Numbers: 2 and 9.
[2698290] Failed to build match row: Swansea City vs Southampton FC
[3147860] Could not find attributes for medy elito (Barnet FC, 2018)
[3147860] Failed to build match row: Barnet FC vs Brentford Football Club

Keepers & outfield error for **Sporting Clube de Portugal** in Sporting Clube de Portugal vs Vitória Setúbal FC: Numbers: 2 and 9.
[2722887] Could not find attributes for loret sadiku (Kasımpaşa A.Ş., 2016)
[2650354] Could not find attributes for dimitrios goutas (AO Xanthi, 2015)
[2340243] Failed to build match row: Sporting Clube de Portugal vs Vitória Setúbal FC
[2650354] Failed to build match row: AO Xanthi vs Panthessalonikios Athlitikos Omilos Konstantinoupoliton
[2722887] Failed to build match row: Kasımpaşa A.Ş. vs Antalyaspor
[2508362] Could not find attributes for joaozinho (FK Krasnodar, 2014)
[2508362] Failed to build match row: Mordovia Saransk (-2020) vs FK Krasnodar

Keepers & outfield error for **CD Lugo** in SD Ponferradina vs CD Lugo: Numbers: 0 and 11.
[3201767] Could not find attributes for jan koprivec (Kilmarnock Football Club, 2019)
[2628048] Failed to build match row: SD Ponferradina vs CD Lugo
[3201767] Failed to build match row: Kilmarnock Football Club vs Rangers Football Club
[2805679] Could not find attributes for ondrej mazuch (AC Sparta Praha, a. s., 2016)
[3047888] Could not find attributes for sanjin prcic (Racing Club de Strasbourg Alsace, 2018)
[2805679] Failed to build match row: AC Sparta Praha, a. s. vs FK Rostov
[3047888] Failed to build match row: Racing Club de Strasbourg Alsace vs Rennes
[3264081] Could not find attributes for ivar span (Flevo Boys Emmeloord, 2019)
[3264081] Failed to build match row: Flevo Boys Emmeloord vs VV Katwijk
[3080298] Could not find attributes for miquel nelom (Hibernian Football Club, 2018)
[3406879] Failed to build match row: FK Spartak Moskva vs FK Sochi
[3069909] Could not find attributes for ante kulusic (MKE Ankaragücü, 2018)
[3080298] Failed to build match row: Hamilton Academical FC vs Hibernian Football Club
[3069909] Failed to build match row: MKE Ankaragücü vs Erzurumspor FK
[2367320] Could not find attributes for denys boyko (Dnipro Dnipropetrovsk (-2020), 2013)
[2342489] Could not find attributes for christian kum (Sportclub Heerenveen, 2013)
[2367320] Failed to build match row: Dnipro Dnipropetrovsk (-2020) vs Pandurii Targu Jiu (- 2022)
[2342489] Failed to build match row: Sportclub Heerenveen vs Prins Hendrik Ende Desespereert Nimmer Combinatie Zwolle
[3108863] Could not find attributes for branislav nikic (AOK Kerkyra, 2018)
[3108863] Failed to build match row: AOK Kerkyra vs Omilos Filathlon Irakliou FC
[3087338] Could not find attributes for vytautas cerniauskas (CSKA-Sofia, 2018)
[2351955] Could not find attributes for dino seremet (Panthrakikos Komotini, 2013)
[2351955] Failed to build match row: Panthrakikos Komotini vs A.G.S Asteras Tripolis
[3087338] Failed to build match row: CSKA-Sofia vs Football Club København
[3223242] Could not find attributes for flavio ramos (Gençlerbirliği Spor Kulübü, 2019)
[3223242] Failed to build match row: Denizlispor vs Gençlerbirliği Spor Kulübü

Keepers & outfield error for **Sevilla Fútbol Club S.A.D.** in Cádiz CF vs Sevilla Fútbol Club S.A.D.: Numbers: 0 and 11.

Keepers & outfield error for **Association sportive de Monaco Football Club** in Association sportive de Monaco Football Club vs Football Club Lorient-Bretagne Sud: Numbers: 2 and 9.
[2978834] Failed to build match row: Cádiz CF vs Sevilla Fútbol Club S.A.D.
[2650355] Could not find attributes for sergey veremko (APO Levadiakos Football Club, 2015)

Keepers & outfield error for **Granada CF** in Granada CF vs Levante Unión Deportiva S.A.D.: Numbers: 0 and 11.
[2586842] Failed to build match row: Association sportive de Monaco Football Club vs Football Club Lorient-Bretagne Sud
[2475228] Failed to build match row: Granada CF vs Levante Unión Deportiva S.A.D.
[2494440] Could not find attributes for anestis anastasiadis (AEL Kalloni, 2014)
[2650355] Failed to build match row: APO Levadiakos Football Club vs APS Atromitos Athinon

Keepers & outfield error for **Deportivo de La Coruña** in Deportivo de La Coruña vs Alaves: Numbers: 2 and 9.
[2494440] Failed to build match row: AEL Kalloni vs Olympiakos Syndesmos Filathlon Peiraios

Keepers & outfield error for **Genoa Cricket and Football Club** in Società Sportiva Calcio Napoli vs Genoa Cricket and Football Club: Numbers: 2 and 9.
[2604264] Failed to build match row: Società Sportiva Calcio Napoli vs Genoa Cricket and Football Club
[2698291] Could not find attributes for gareth mcauley (West Bromwich Albion, 2016)
Not enough players found for lineup: 0, 0.
vo de La Coruña vs Alaves
[2340244] Failed to scrape lineup: https://www.transfermarkt.co.uk/sc-olhanense_fc-arouca/index/spielbericht/2340244
[2698291] Failed to build match row: West Bromwich Albion vs Manchester United Football Club
[2757300] Could not find attributes for daniel lasure (Real Zaragoza, 2016)
[2757300] Failed to build match row: Real Zaragoza vs Real Valladolid CF
[3147861] Could not find attributes for fikayo tomori (Derby County, 2018)
[3147861] Failed to build match row: Accrington Stanley vs Derby County
[2332150] Could not find attributes for nabil bentaleb (Tottenham Hotspur Football Club, 2013)
[3201768] Could not find attributes for robby mccrorie (Livingston Football Club, 2019)
[2332150] Failed to build match row: Liverpool Football Club vs Tottenham Hotspur Football Club
[3201768] Failed to build match row: Livingston Football Club vs Saint Mirren Football Club
[3406880] Could not find attributes for sergey ryzhikov (PFK Tambov (-2021), 2020)
[3406880] Failed to build match row: PFK Tambov (-2021) vs FK Rostov
[3080299] Could not find attributes for clevid dikamona (Heart of Midlothian Football Club, 2018)
[3080299] Failed to build match row: Heart of Midlothian Football Club vs Motherwell Football Club
[2460702] Could not find attributes for ragnar klavan (Fußball-Club Augsburg 1907, 2014)

Keepers & outfield error for **Viborg Fodsports Forening** in Viborg Fodsports Forening vs Randers Fodbold Club: Numbers: 2 and 9.
[2460702] Failed to build match row: Fußball-Club Augsburg 1907 vs Sport-Club Freiburg
[2329383] Failed to build match row: Viborg Fodsports Forening vs Randers Fodbold Club
[2342490] Could not find attributes for uros matic (Nooit Opgeven Altijd Doorzetten Aangenaam Door Vermaak En Nuttig Door Ontspanning Combinatie Breda, 2013)
Not enough players found for lineup: 0, 0.
[2342490] Failed to build match row: Nooit Opgeven Altijd Doorzetten Aangenaam Door Vermaak En Nuttig Door Ontspanning Combinatie Breda vs Vitesse Arnhem
[2722888] Could not find attributes for marquinhos pedroso (Gaziantepspor (- 2020), 2016)
[2884068] Could not find attributes for tayyip talha sanuc (Kardemir Karabükspor, 2017)
[3069910] Could not find attributes for edin cocalic (Akhisarspor, 2018)

Keepers & outfield error for **Futebol Clube de Arouca** in Futebol Clube de Arouca vs Moreirense Futebol Clube: Numbers: 2 and 9.
[2722888] Failed to build match row: Gaziantepspor (- 2020) vs Beşiktaş Jimnastik Kulübü
[3069910] Failed to build match row: Galatasaray Spor Kulübü vs Akhisarspor
[3264254] Failed to scrape lineup: https://www.transfermarkt.co.uk/spielbericht/index/spielbericht/3264254
[2613534] Failed to build match row: Futebol Clube de Arouca vs Moreirense Futebol Clube
[2884068] Failed to build match row: Kardemir Karabükspor vs Antalyaspor
Not enough players found for lineup: 0, 0.
[2351956] Could not find attributes for athanasios panteliadis (Apollon Smyrnis, 2013)
[2351956] Failed to build match row: Apollon Smyrnis vs Panetolikos Agrinio
[3108864] Failed to scrape lineup: https://www.transfermarkt.co.uk/spielbericht/index/spielbericht/3108864
[3087339] Could not find attributes for zeca (Football Club København, 2018)
[3087339] Failed to build match row: Football Club København vs CSKA-Sofia

Keepers & outfield error for **CD Leganés** in CD Leganés vs Villarreal Club de Fútbol S.A.D.: Numbers: 2 and 9.
[2978835] Failed to build match row: CD Leganés vs Villarreal Club de Fútbol S.A.D.
[3223243] Could not find attributes for zoran kvrzic (Kayserispor Kulübü, 2019)
[3223243] Failed to build match row: Kayserispor Kulübü vs Yeni Malatyaspor

Keepers & outfield error for **Futbol Club Barcelona** in Futbol Club Barcelona vs CD Leganés: Numbers: 2 and 9.
[2718936] Failed to build match row: Futbol Club Barcelona vs CD Leganés
[3201769] Could not find attributes for callum booth (St. Johnstone FC, 2019)
[2367322] Could not find attributes for aritz borda (APOEL Nicosia, 2013)
[3201769] Failed to build match row: St. Johnstone FC vs Motherwell Football Club
[2650356] Could not find attributes for sokratis dioudis (Panionios Athens, 2015)
[2650356] Failed to build match row: Panionios Athens vs Olympiakos Syndesmos Filathlon Peiraios
[2367322] Failed to build match row: APOEL Nicosia vs Maccabi Tel Aviv
[2494441] Could not find attributes for dorin goian (A.G.S Asteras Tripolis, 2014)
[2594606] Failed to scrape lineup: https://www.transfermarkt.co.uk/sporting-gijon_ud-las-palmas/index/spielbericht/2594606
[2508364] Could not find attributes for anton putilo (Torpedo Moscow, 2014)
[2340245] Could not find attributes for jota (Clube Desportivo Nacional, 2013)
[3080300] Could not find attributes for steven lawless (Livingston Football Club, 2018)
[2340245] Failed to build match row: Clube Desportivo Nacional vs SC Olhanense
[2494441] Failed to build match row: A.G.S Asteras Tripolis vs AO Xanthi
[2508364] Failed to build match row: Torpedo Moscow vs Arsenal Tula
[3080300] Failed to build match row: Livingston Football Club vs Saint Mirren Football Club
[3147862] Could not find attributes for wes hoolahan (West Bromwich Albion, 2018)
[2329384] Could not find attributes for martin dubravka (Esbjerg fB, 2013)
[3147862] Failed to build match row: Brighton and Hove Albion Football Club vs West Bromwich Albion
Not enough players found for lineup: 0, 0.
[2732136] Could not find attributes for gaetan hendrickx (Royal Charleroi Sporting Club, 2016)
[2329384] Failed to build match row: Esbjerg fB vs Fodbold Club Nordsjælland
[3406881] Could not find attributes for yuriy dyupin (FC Rubin Kazan, 2020)
[3264255] Failed to scrape lineup: https://www.transfermarkt.co.uk/spielbericht/index/spielbericht/3264255
[2732136] Failed to build match row: KAS Eupen vs Royal Charleroi Sporting Club
[2698292] Could not find attributes for gareth mcauley (West Bromwich Albion, 2016)
[3406881] Failed to build match row: FC Rubin Kazan vs Футбольный клуб "Локомотив" Москва
[2698292] Failed to build match row: West Bromwich Albion vs Stoke City
[3069911] Could not find attributes for leonard zuta (Konyaspor, 2018)
[3069911] Failed to build match row: Konyaspor vs Kayserispor Kulübü
[2722889] Could not find attributes for lamine gassama (Alanyaspor, 2016)
[2722889] Failed to build match row: Alanyaspor vs Galatasaray Spor Kulübü

Keepers & outfield error for **UD Las Palmas** in UD Las Palmas vs Valencia Club de Fútbol S. A. D.: Numbers: 3 and 8.
[2351957] Could not find attributes for antonis georgallidis (AO Platanias, 2013)
[2978836] Failed to build match row: UD Las Palmas vs Valencia Club de Fútbol S. A. D.
[2351957] Failed to build match row: AO Platanias vs Olympiakos Syndesmos Filathlon Peiraios
[3087340] Could not find attributes for jasmin handanovic (NK Maribor, 2018)
Not enough players found for lineup: 0, 0.
[2479073] Could not find attributes for oleksandr rybka (Futbolniy Klub Dynamo Kyiv, 2014)
[3087340] Failed to build match row: Rangers Football Club vs NK Maribor
[3108865] Failed to scrape lineup: https://www.transfermarkt.co.uk/spielbericht/index/spielbericht/3108865
[2613535] Could not find attributes for emmanuel hackman (Boavista FC, 2015)
[2479073] Failed to build match row: Futbolniy Klub Dynamo Kyiv vs Olimpik Donetsk
[2613535] Failed to build match row: Boavista FC vs Vitória Setúbal FC
[3047890] Could not find attributes for pedro rebocho (EA Guingamp, 2018)
[3047890] Failed to build match row: Amiens SC vs EA Guingamp

Keepers & outfield error for **Gaziantep Futbol Kulübü A.Ş.** in Alanyaspor vs Gaziantep Futbol Kulübü A.Ş.: Numbers: 2 and 9.
[2701658] Could not find attributes for clement michelin (Toulouse Football Club, 2016)
[3223244] Failed to build match row: Alanyaspor vs Gaziantep Futbol Kulübü A.Ş.
[2701658] Failed to build match row: Toulouse Football Club vs Paris Saint-Germain Football Club
[2367323] Could not find attributes for maksym koval (Futbolniy Klub Dynamo Kyiv, 2013)
[2367323] Failed to build match row: Koninklijke Racing Club Genk vs Futbolniy Klub Dynamo Kyiv
[2486002] Could not find attributes for kostyantyn odolskyi (Bukovyna Chernivtsi, 2014)
[2486002] Failed to build match row: Bukovyna Chernivtsi vs Chornomorets Odesa

Keepers & outfield error for **Vitória Sport Clube** in Rio Ave Futebol Clube vs Vitória Sport Clube: Numbers: 0 and 11.
[2340246] Failed to build match row: Rio Ave Futebol Clube vs Vitória Sport Clube
[3058597] Could not find attributes for oscar wendt (Mönchengladbach, 2018)
[3058597] Failed to build match row: Mönchengladbach vs Hertha BSC
[2508365] Could not find attributes for branko jovicic (Amkar Perm, 2014)
[2867376] Could not find attributes for nick proschwitz (Sparta Rotterdam, 2017)
[2508365] Failed to build match row: FC Rubin Kazan vs Amkar Perm
[2351958] Could not find attributes for nikolaos anastasopoulos (Veria NPS, 2013)
[2867376] Failed to build match row: Eindhovense Voetbalvereniging Philips Sport Vereniging vs Sparta Rotterdam
[2351958] Failed to build match row: Veria NPS vs Aris Thessalonikis

Keepers & outfield error for **Levante Unión Deportiva S.A.D.** in Espanol vs Levante Unión Deportiva S.A.D.: Numbers: 0 and 11.
[2494442] Could not find attributes for zacharias kavousakis (GS Ergotelis, 2014)
[2342491] Could not find attributes for berry powel (Roda JC Kerkrade, 2013)
[2494442] Failed to build match row: GS Ergotelis vs PAS Giannina
[2978837] Failed to build match row: Espanol vs Levante Unión Deportiva S.A.D.
[2875167] Could not find attributes for zeca (Football Club København, 2017)
[2342491] Failed to build match row: Roda JC Kerkrade vs Nijmegen Eendracht Combinatie
[2875167] Failed to build match row: Odense Boldklub vs Football Club København
[3406882] Could not find attributes for egor shamov (Arsenal Tula, 2020)
[3406882] Failed to build match row: Arsenal Tula vs RFK Akhmat Grozny

Keepers & outfield error for **Willem II Tilburg** in AFC Ajax Amsterdam vs Willem II Tilburg: Numbers: 2 and 9.
[3302962] Could not find attributes for knowledge musona (KAS Eupen, 2019)

Keepers & outfield error for **CD Leganés** in CD Leganés vs Alaves: Numbers: 2 and 9.
[2921400] Could not find attributes for mikhail bakaev (Anzhi Makhachkala ( -2022), 2017)
[3302962] Failed to build match row: Yellow-Red Koninklijke Voetbalclub Mechelen vs KAS Eupen
[3216165] Failed to build match row: AFC Ajax Amsterdam vs Willem II Tilburg
Not enough players found for lineup: 0, 0.
[2628050] Failed to build match row: CD Leganés vs Alaves
[2921400] Failed to build match row: Amkar Perm vs Anzhi Makhachkala ( -2022)

Keepers & outfield error for **Vitória Sport Clube** in Vitória Sport Clube vs Futebol Clube do Porto: Numbers: 0 and 11.
[2340247] Failed to scrape lineup: https://www.transfermarkt.co.uk/vitoria-setubal-fc_cf-os-belenenses/index/spielbericht/2340247
[2613536] Failed to build match row: Vitória Sport Clube vs Futebol Clube do Porto

Keepers & outfield error for **Córdoba CF** in Córdoba CF vs Espanol: Numbers: 0 and 11.
Not enough players found for lineup: 0, 0.
[2475231] Failed to build match row: Córdoba CF vs Espanol
[2884070] Could not find attributes for demba ba (Göztepe Sportif Yatırımlar A.Ş., 2017)
[3108866] Failed to scrape lineup: https://www.transfermarkt.co.uk/spielbericht/index/spielbericht/3108866
[2884070] Failed to build match row: Beşiktaş Jimnastik Kulübü vs Göztepe Sportif Yatırımlar A.Ş.

Keepers & outfield error for **The Celtic Football Club** in Aberdeen Football Club vs The Celtic Football Club: Numbers: 2 and 9.
[2579914] Failed to build match row: Aberdeen Football Club vs The Celtic Football Club
[3080302] Could not find attributes for martin woods (Dundee Football Club, 2018)
[3080302] Failed to build match row: Kilmarnock Football Club vs Dundee Football Club
[3147863] Could not find attributes for mohamad sylla (Oldham Athletic, 2018)
[3147863] Failed to build match row: Doncaster Rovers vs Oldham Athletic
[2594608] Failed to scrape lineup: https://www.transfermarkt.co.uk/rcd-espanyol-barcelona_levante-ud/index/spielbericht/2594608
[2722890] Could not find attributes for efe ozarslan (Kayserispor Kulübü, 2016)
[2722890] Failed to build match row: Kayserispor Kulübü vs İstanbul Başakşehir Futbol Kulübü
[2650357] Could not find attributes for stathis tavlaridis (Panathinaikos Athlitikos Omilos, 2015)
[2650357] Failed to build match row: Panathinaikos Athlitikos Omilos vs Panetolikos Agrinio
[3087341] Could not find attributes for jasmin handanovic (NK Maribor, 2018)
[3087341] Failed to build match row: NK Maribor vs Rangers Football Club
[2329386] Could not find attributes for khalid boulahrouz (Brøndby Idrætsforening, 2013)
[2329386] Failed to build match row: Brøndby Idrætsforening vs Aarhus Gymnastik Forening
[3069912] Could not find attributes for guven yalcin (Beşiktaş Jimnastik Kulübü, 2018)
[3069912] Failed to build match row: Beşiktaş Jimnastik Kulübü vs Fenerbahçe Spor Kulübü
[2508366] Could not find attributes for emmanuel frimpong (FK Ufa, 2014)
[2508366] Failed to build match row: RFK Akhmat Grozny vs FK Ufa
[3210075] Could not find attributes for ander iturraspe (Espanol, 2019)
[3210075] Failed to build match row: Real Betis Balompié S.A.D. vs Espanol
[2342493] Could not find attributes for iliass bel hassani (Heracles Almelo, 2013)
[2342493] Failed to build match row: Heracles Almelo vs Sportclub Heerenveen
[2329387] Failed to scrape lineup: https://www.transfermarkt.co.uk/sonderjyske_esbjerg-fb/index/spielbericht/2329387
[3058598] Could not find attributes for sebastian langkamp (Sportverein Werder Bremen von 1899, 2018)
[2367325] Failed to scrape lineup: https://www.transfermarkt.co.uk/spielbericht/index/spielbericht/2367325
[3058598] Failed to build match row: Sportverein Werder Bremen von 1899 vs Fußball-Club Augsburg 1907

Keepers & outfield error for **CD Numancia** in Gimnàstic de Tarragona vs CD Numancia: Numbers: 0 and 11.
[2757302] Failed to build match row: Gimnàstic de Tarragona vs CD Numancia
[2494443] Could not find attributes for michalis sifakis (APO Levadiakos Football Club, 2014)
[2494443] Failed to build match row: APO Levadiakos Football Club vs Panthessalonikios Athlitikos Omilos Konstantinoupoliton
[2718939] Failed to scrape lineup: https://www.transfermarkt.co.uk/villarreal-cf_real-madrid/index/spielbericht/2718939
[2351959] Could not find attributes for michalis zaropoulos (AO Xanthi, 2013)
[2351959] Failed to build match row: AO Xanthi vs APS Atromitos Athinon

Keepers & outfield error for **Antalyaspor** in Antalyaspor vs Gaziantepspor (- 2020): Numbers: 2 and 9.
[2722891] Failed to build match row: Antalyaspor vs Gaziantepspor (- 2020)
Not enough players found for lineup: 0, 0.
[2897178] Failed to scrape lineup: https://www.transfermarkt.co.uk/atalanta-bc_us-sassuolo/index/spielbericht/2897178
[2340248] Failed to scrape lineup: https://www.transfermarkt.co.uk/fc-arouca_fc-pacos-de-ferreira/index/spielbericht/2340248
[3047891] Could not find attributes for wesley fofana (AS Saint-Étienne, 2018)
[3047891] Failed to build match row: Angers Sporting Club de l'Ouest vs AS Saint-Étienne
[3210076] Failed to scrape lineup: https://www.transfermarkt.co.uk/sd-eibar_valencia-cf/index/spielbericht/3210076
[2732139] Failed to scrape lineup: https://www.transfermarkt.co.uk/ksc-lokeren-2020-_zulte-waregem/index/spielbericht/2732139
[2903719] Could not find attributes for ross callachan (Heart of Midlothian Football Club, 2017)
[2903719] Failed to build match row: Heart of Midlothian Football Club vs Aberdeen Football Club
[2594609] Could not find attributes for jean sylvain babin (Granada CF, 2015)
[2594609] Failed to build match row: Granada CF vs Club Atlético de Madrid S.A.D.

Keepers & outfield error for **CS Marítimo** in CS Marítimo vs CF União Madeira (-2021): Numbers: 0 and 11.
[2613537] Failed to build match row: CS Marítimo vs CF União Madeira (-2021)
[2628051] Could not find attributes for inaki olaortua (Real Zaragoza, 2015)
[2628051] Failed to build match row: Real Zaragoza vs UE Llagostera
[3216166] Could not find attributes for crysencio summerville (ADO Den Haag, 2019)
[3216166] Failed to build match row: ADO Den Haag vs Football Club Twente
[2884071] Could not find attributes for jailton paraiba (Gençlerbirliği Spor Kulübü, 2017)
[2884071] Failed to build match row: Gençlerbirliği Spor Kulübü vs Galatasaray Spor Kulübü
[2921402] Failed to scrape lineup: https://www.transfermarkt.co.uk/rubin-kazan_zenit-st-petersburg/index/spielbericht/2921402
[3058599] Failed to scrape lineup: https://www.transfermarkt.co.uk/hannover-96_1-fc-nuremberg/index/spielbericht/3058599
[2494445] Could not find attributes for danijel pranjic (Panathinaikos Athlitikos Omilos, 2014)
[2494445] Failed to build match row: Panathinaikos Athlitikos Omilos vs AOK Kerkyra
[2508368] Could not find attributes for jan lastuvka (Dnipro Dnipropetrovsk (-2020), 2014)
[2508368] Failed to build match row: Dnipro Dnipropetrovsk (-2020) vs Chornomorets Odesa
[3047892] Failed to scrape lineup: https://www.transfermarkt.co.uk/sm-caen_fc-girondins-bordeaux/index/spielbericht/3047892
[2340249] Failed to scrape lineup: https://www.transfermarkt.co.uk/fc-arouca_fc-porto/index/spielbericht/2340249
[2722892] Failed to scrape lineup: https://www.transfermarkt.co.uk/adanaspor_fenerbahce/index/spielbericht/2722892
[2732140] Failed to scrape lineup: https://www.transfermarkt.co.uk/standard-liege_kvc-westerlo/index/spielbericht/2732140
[2650358] Could not find attributes for giannis anestis (Athlitiki Enosi Konstantinoupoleos, 2015)
[2650358] Failed to build match row: Athlitiki Enosi Konstantinoupoleos vs AO Xanthi
[3210077] Could not find attributes for roberto soldado (Granada CF, 2019)
[3210077] Failed to build match row: CD Leganés vs Granada CF
[3080303] Could not find attributes for steven lawless (Livingston Football Club, 2018)
[3080303] Failed to build match row: Livingston Football Club vs Heart of Midlothian Football Club
[2805683] Could not find attributes for andreas beck (Beşiktaş Jimnastik Kulübü, 2016)
[2805683] Failed to build match row: Beşiktaş Jimnastik Kulübü vs Hapoel Beer Sheva
[2884072] Failed to scrape lineup: https://www.transfermarkt.co.uk/basaksehir-fk_yeni-malatyaspor/index/spielbericht/2884072
[3058600] Failed to scrape lineup: https://www.transfermarkt.co.uk/sc-freiburg_vfl-wolfsburg/index/spielbericht/3058600
[2921403] Failed to scrape lineup: https://www.transfermarkt.co.uk/spartak-moscow_fc-ufa/index/spielbericht/2921403
[2494446] Failed to scrape lineup: https://www.transfermarkt.co.uk/panthrakikos-komotini_pae-veria/index/spielbericht/2494446

Keepers & outfield error for **UD Las Palmas** in UD Las Palmas vs Real Sociedad de Fútbol S.A.D.: Numbers: 2 and 9.
[2718940] Failed to build match row: UD Las Palmas vs Real Sociedad de Fútbol S.A.D.
[2508369] Could not find attributes for denys sydorenko (Metalist Kharkiv (- 2016), 2014)
[3087343] Could not find attributes for james lawrence (AS Trencin, 2018)
[2532468] Could not find attributes for eggert gunnthor jonsson (FC Vestsjaelland, 2014)
[2532468] Failed to build match row: Fodbold Club Nordsjælland vs FC Vestsjaelland
[2508369] Failed to build match row: FC Shakhtar Donetsk vs Metalist Kharkiv (- 2016)
[3087343] Failed to build match row: Feyenoord Rotterdam vs AS Trencin
[3216167] Could not find attributes for george cox (Fortuna Sittardia Combinatie, 2019)
[3216167] Failed to build match row: Eindhovense Voetbalvereniging Philips Sport Vereniging vs Fortuna Sittardia Combinatie

Keepers & outfield error for **Sporting Clube de Portugal** in Sporting Clube de Portugal vs Clube Desportivo de Tondela: Numbers: 0 and 11.

Keepers & outfield error for **CD Mirandés** in Real Oviedo S.A.D. vs CD Mirandés: Numbers: 0 and 11.
[2613538] Failed to build match row: Sporting Clube de Portugal vs Clube Desportivo de Tondela
[2628052] Failed to build match row: Real Oviedo S.A.D. vs CD Mirandés
[2805684] Could not find attributes for achilleas poungouras (Panthessalonikios Athlitikos Omilos Konstantinoupoliton, 2016)
[2351960] Could not find attributes for nikolaos giannakopoulos (Panionios Athens, 2013)

Keepers & outfield error for **Viborg Fodsports Forening** in Aalborg BK vs Viborg Fodsports Forening: Numbers: 2 and 9.
[2805684] Failed to build match row: FC Schalke 04 vs Panthessalonikios Athlitikos Omilos Konstantinoupoliton

Keepers & outfield error for **Nooit Opgeven Altijd Doorzetten Aangenaam Door Vermaak En Nuttig Door Ontspanning Combinatie Breda** in Nooit Opgeven Altijd Doorzetten Aangenaam Door Vermaak En Nuttig Door Ontspanning Combinatie Breda vs Excelsior Rotterdam: Numbers: 2 and 9.
[2351960] Failed to build match row: Panionios Athens vs Apollon Smyrnis
[2329388] Failed to build match row: Aalborg BK vs Viborg Fodsports Forening
[2867378] Failed to build match row: Nooit Opgeven Altijd Doorzetten Aangenaam Door Vermaak En Nuttig Door Ontspanning Combinatie Breda vs Excelsior Rotterdam
[3069913] Failed to scrape lineup: https://www.transfermarkt.co.uk/basaksehir-fk_bursaspor/index/spielbericht/3069913
[2718941] Failed to scrape lineup: https://www.transfermarkt.co.uk/sd-eibar_malaga-cf/index/spielbericht/2718941

Keepers & outfield error for **CD Lugo** in CD Lugo vs CD Tenerife: Numbers: 0 and 11.
[3210078] Could not find attributes for nemanja radoja (Levante Unión Deportiva S.A.D., 2019)
[2757304] Failed to build match row: CD Lugo vs CD Tenerife
[3210078] Failed to build match row: Levante Unión Deportiva S.A.D. vs Club Atlético de Madrid S.A.D.
[2508370] Failed to scrape lineup: https://www.transfermarkt.co.uk/spielbericht/index/spielbericht/2508370
[2532469] Failed to scrape lineup: https://www.transfermarkt.co.uk/esbjerg-fb_fc-copenhagen/index/spielbericht/2532469
[3087344] Failed to scrape lineup: https://www.transfermarkt.co.uk/spielbericht/index/spielbericht/3087344
[2342495] Could not find attributes for iliass bel hassani (Heracles Almelo, 2013)
[2342495] Failed to build match row: Alkmaar Zaanstreek vs Heracles Almelo
[2650359] Could not find attributes for anestis anastasiadis (AEL Kalloni, 2015)
[2650359] Failed to build match row: AEL Kalloni vs Panathinaikos Athlitikos Omilos
[2475234] Failed to scrape lineup: https://www.transfermarkt.co.uk/deportivo-de-la-coruna_ud-almeria/index/spielbericht/2475234
[2613539] Failed to scrape lineup: https://www.transfermarkt.co.uk/vitoria-setubal-fc_academica-coimbra/index/spielbericht/2613539
[2367328] Failed to scrape lineup: https://www.transfermarkt.co.uk/spielbericht/index/spielbericht/2367328
[2718942] Failed to scrape lineup: https://www.transfermarkt.co.uk/real-betis-balompie_sevilla-fc/index/spielbericht/2718942
[2757305] Failed to scrape lineup: https://www.transfermarkt.co.uk/spielbericht/index/spielbericht/2757305
[2329389] Failed to scrape lineup: https://www.transfermarkt.co.uk/randers-fc_odense-boldklub/index/spielbericht/2329389
[2884074] Failed to scrape lineup: https://www.transfermarkt.co.uk/bursaspor_kasimpasa/index/spielbericht/2884074
[2586847] Failed to scrape lineup: https://www.transfermarkt.co.uk/sc-bastia_ogc-nice/index/spielbericht/2586847
[3109299] Could not find attributes for stuart duff (Inverurie Loco Works FC, 2018)
[3109299] Failed to build match row: Inverurie Loco Works FC vs Fraserburgh FC
[2508371] Failed to scrape lineup: https://www.transfermarkt.co.uk/spielbericht/index/spielbericht/2508371
[3303797] Could not find attributes for miguel nunez (UD Ibiza, 2019)
[3303797] Failed to build match row: UD Ibiza vs Albacete Balompié
[2342496] Could not find attributes for bertrand traore (Vitesse Arnhem, 2013)
ens_ao-platanias/index/spielbericht/2650360
[2342496] Failed to build match row: Vitesse Arnhem vs RKC Waalwijk
[2367329] Failed to scrape lineup: https://www.transfermarkt.co.uk/spielbericht/index/spielbericht/2367329

Keepers & outfield error for **Sport Lisboa e Benfica** in Sport Lisboa e Benfica vs Futebol Clube de Arouca: Numbers: 0 and 11.
[2613540] Failed to build match row: Sport Lisboa e Benfica vs Futebol Clube de Arouca
Not enough players found for lineup: 0, 11.
[2340250] Failed to scrape lineup: https://www.transfermarkt.co.uk/cf-os-belenenses_fc-porto/index/spielbericht/2340250
[2903721] Could not find attributes for lewis spence (Dundee Football Club, 2017)
[2903721] Failed to build match row: Rangers Football Club vs Dundee Football Club
[2329390] Failed to scrape lineup: https://www.transfermarkt.co.uk/odense-boldklub_aarhus-gf/index/spielbericht/2329390
[2884075] Failed to scrape lineup: https://www.transfermarkt.co.uk/fenerbahce_osmanlispor-fk/index/spielbericht/2884075
[2586848] Failed to scrape lineup: https://www.transfermarkt.co.uk/stade-reims_paris-saint-germain/index/spielbericht/2586848
[2718943] Could not find attributes for andreas pereira (Granada CF, 2016)
[2718943] Failed to build match row: Athletic Club Bilbao vs Granada CF
[2897180] Could not find attributes for mattia destro (Bologna Football Club 1909, 2017)
[2897180] Failed to build match row: Bologna Football Club 1909 vs Società Sportiva Calcio Napoli
[2494447] Could not find attributes for nikolaos papadopoulos (Panionios Athens, 2014)
[2494447] Failed to build match row: Panionios Athens vs APS Atromitos Athinon
[2722894] Could not find attributes for davide petrucci (Çaykur Rizespor Kulübü, 2016)
[2722894] Failed to build match row: Çaykur Rizespor Kulübü vs Alanyaspor
[2875171] Could not find attributes for mate vatsadze (Silkeborg Idrætsforening, 2017)
[2875171] Failed to build match row: Silkeborg Idrætsforening vs Sønderjyske Fodbold
[3147865] Could not find attributes for regan poole (Newport County, 2018)
[3147865] Failed to build match row: Middlesbrough FC vs Newport County

Keepers & outfield error for **Antalyaspor** in Antalyaspor vs MKE Ankaragücü: Numbers: 2 and 9.
[3069914] Failed to build match row: Antalyaspor vs MKE Ankaragücü
[2903722] Failed to scrape lineup: https://www.transfermarkt.co.uk/ross-county-fc_partick-thistle-fc/index/spielbericht/2903722
[2340251] Could not find attributes for gege (CS Marítimo, 2013)
[2340251] Failed to build match row: Sporting Clube de Portugal vs CS Marítimo

Keepers & outfield error for **Associazione Calcio Fiorentina** in Associazione Calcio Fiorentina vs Siena FC: Numbers: 0 and 11.
[2398371] Failed to build match row: Associazione Calcio Fiorentina vs Siena FC
[2978839] Failed to scrape lineup: https://www.transfermarkt.co.uk/spielbericht/index/spielbericht/2978839
[2329391] Failed to scrape lineup: https://www.transfermarkt.co.uk/fc-copenhagen_fc-vestsjaelland/index/spielbericht/2329391

Keepers & outfield error for **Alaves** in Alaves vs Valencia Club de Fútbol S. A. D.: Numbers: 2 and 9.
[2718944] Failed to build match row: Alaves vs Valencia Club de Fútbol S. A. D.
[2722895] Could not find attributes for matej mitrovic (Beşiktaş Jimnastik Kulübü, 2016)
[2722895] Failed to build match row: Beşiktaş Jimnastik Kulübü vs Ankaraspor
[2629033] Could not find attributes for cor varkevisser (Sportclub Telstar, 2015)
[2701659] Failed to scrape lineup: https://www.transfermarkt.co.uk/as-monaco_angers-sco/index/spielbericht/2701659
[2629033] Failed to build match row: Sportclub Telstar vs Alkmaar Zaanstreek
Not enough players found for lineup: 0, 11.
[3109304] Failed to scrape lineup: https://www.transfermarkt.co.uk/spielbericht/index/spielbericht/3109304
[2532470] Could not find attributes for holmbert aron fridjonsson (Brøndby Idrætsforening, 2014)
[2532470] Failed to build match row: Brøndby Idrætsforening vs Odense Boldklub
[2351961] Could not find attributes for nikolaos anastasopoulos (Veria NPS, 2013)
[2351961] Failed to build match row: Veria NPS vs PAS Giannina
[2650361] Could not find attributes for achilleas poungouras (Veria NPS, 2015)
[2650361] Failed to build match row: Veria NPS vs Panthrakikos Komotini
[3058602] Could not find attributes for steven zuber (Verein für Bewegungsspiele Stuttgart 1893, 2018)
[3058602] Failed to build match row: Fortuna Düsseldorf vs Verein für Bewegungsspiele Stuttgart 1893

Keepers & outfield error for **Getafe Club de Fútbol S. A. D. Team Dubai** in Getafe Club de Fútbol S. A. D. Team Dubai vs Real Sociedad de Fútbol S.A.D.: Numbers: 2 and 9.
[2594612] Failed to build match row: Getafe Club de Fútbol S. A. D. Team Dubai vs Real Sociedad de Fútbol S.A.D.
[2398372] Failed to scrape lineup: https://www.transfermarkt.co.uk/spielbericht/index/spielbericht/2398372
[2329392] Failed to scrape lineup: https://www.transfermarkt.co.uk/fc-midtjylland_aarhus-gf/index/spielbericht/2329392
[2722896] Failed to scrape lineup: https://www.transfermarkt.co.uk/genclerbirligi-ankara_kasimpasa/index/spielbericht/2722896
[2613541] Could not find attributes for enaut zubikarai (Clube Desportivo de Tondela, 2015)
[2613541] Failed to build match row: Clube Desportivo de Tondela vs Boavista FC

Keepers & outfield error for **Genoa Cricket and Football Club** in Genoa Cricket and Football Club vs Associazione Calcio Fiorentina: Numbers: 2 and 9.
[2806748] Failed to build match row: Genoa Cricket and Football Club vs Associazione Calcio Fiorentina
[2494448] Could not find attributes for kevin olimpa (AO Platanias, 2014)

Keepers & outfield error for **Sporting Clube de Braga** in Sporting Clube de Braga vs Rio Ave Futebol Clube: Numbers: 0 and 11.
[2494448] Failed to build match row: AO Platanias vs Omilos Filathlon Irakliou FC
[2351962] Could not find attributes for sebastian przyrowski (APO Levadiakos Football Club, 2013)
[2351962] Failed to build match row: APO Levadiakos Football Club vs AO Xanthi
[2340252] Failed to build match row: Sporting Clube de Braga vs Rio Ave Futebol Clube
[2650362] Failed to scrape lineup: https://www.transfermarkt.co.uk/olympiacos-piraeus_apo-levadiakos/index/spielbericht/2650362
[3069915] Could not find attributes for dario melnjak (Çaykur Rizespor Kulübü, 2018)
[3069915] Failed to build match row: Fenerbahçe Spor Kulübü vs Çaykur Rizespor Kulübü
Not enough players found for lineup: 0, 11.
[2508406] Failed to scrape lineup: https://www.transfermarkt.co.uk/spielbericht/index/spielbericht/2508406
[3087345] Could not find attributes for nemanja tekijaski (Fudbalski Klub Spartak Ždrepčeva krv, 2018)
[3087345] Failed to build match row: Brøndby Idrætsforening vs Fudbalski Klub Spartak Ždrepčeva krv
[3223246] Could not find attributes for mickael tirpan (Kasımpaşa A.Ş., 2019)
[3223246] Failed to build match row: Kasımpaşa A.Ş. vs Göztepe Sportif Yatırımlar A.Ş.
[2586873] Could not find attributes for etienne didot (Toulouse Football Club, 2015)
[2586873] Failed to build match row: Toulouse Football Club vs Olympique de Marseille

Keepers & outfield error for **CD Leganés** in CD Leganés vs Deportivo de La Coruña: Numbers: 2 and 9.
[2718945] Failed to build match row: CD Leganés vs Deportivo de La Coruña

Keepers & outfield error for **Aalborg BK** in Randers Fodbold Club vs Aalborg BK: Numbers: 2 and 9.
[2875172] Failed to build match row: Randers Fodbold Club vs Aalborg BK
[2351963] Failed to scrape lineup: https://www.transfermarkt.co.uk/pas-giannina_panionios-athens/index/spielbericht/2351963
[2650363] Failed to scrape lineup: https://www.transfermarkt.co.uk/paok-thessaloniki_pas-giannina/index/spielbericht/2650363
[2494449] Could not find attributes for dimitrios kyriakidis (AO Xanthi, 2014)
[2494449] Failed to build match row: AO Xanthi vs Panthrakikos Komotini
[2884076] Could not find attributes for artem kravets (Kayserispor Kulübü, 2017)
[2884076] Failed to build match row: Trabzonspor Kulübü vs Kayserispor Kulübü
[3264423] Could not find attributes for aleksandr belenov (FK Ufa, 2019)
[3264423] Failed to build match row: FK Ufa vs RFK Akhmat Grozny
[3058603] Could not find attributes for rabbi matondo (FC Schalke 04, 2018)
[3058603] Failed to build match row: FC Schalke 04 vs Sport-Club Freiburg

Keepers & outfield error for **Espanol** in Espanol vs Real Madrid Club de Fútbol: Numbers: 2 and 9.
[2421860] Failed to build match row: Espanol vs Real Madrid Club de Fútbol
[2722897] Could not find attributes for jan durica (Trabzonspor Kulübü, 2016)
[2722897] Failed to build match row: Trabzonspor Kulübü vs Bursaspor
[2367331] Could not find attributes for aleksandr mokin (Shakhter Karaganda, 2013)
[2367331] Failed to build match row: Shakhter Karaganda vs Panthessalonikios Athlitikos Omilos Konstantinoupoliton

Keepers & outfield error for **Verona Hellas Football Club** in Verona Hellas Football Club vs Associazione Calcio Fiorentina: Numbers: 0 and 11.
[2897182] Failed to build match row: Verona Hellas Football Club vs Associazione Calcio Fiorentina
[2479074] Could not find attributes for bogdan shust (Metalist Kharkiv (- 2016), 2014)
[2479074] Failed to build match row: FC Shakhtar Donetsk vs Metalist Kharkiv (- 2016)
[3223247] Could not find attributes for flavio ramos (Gençlerbirliği Spor Kulübü, 2019)
[3223247] Failed to build match row: Gençlerbirliği Spor Kulübü vs Konyaspor

Keepers & outfield error for **Nooit Opgeven Altijd Doorzetten Aangenaam Door Vermaak En Nuttig Door Ontspanning Combinatie Breda** in Willem II Tilburg vs Nooit Opgeven Altijd Doorzetten Aangenaam Door Vermaak En Nuttig Door Ontspanning Combinatie Breda: Numbers: 2 and 9.
[2867395] Failed to build match row: Willem II Tilburg vs Nooit Opgeven Altijd Doorzetten Aangenaam Door Vermaak En Nuttig Door Ontspanning Combinatie Breda
[2701661] Failed to scrape lineup: https://www.transfermarkt.co.uk/ogc-nice_fc-lorient/index/spielbericht/2701661

Keepers & outfield error for **Celta** in Futbol Club Barcelona vs Celta: Numbers: 0 and 11.
[2978841] Failed to build match row: Futbol Club Barcelona vs Celta
[2650364] Could not find attributes for dimitrios kyriakidis (Panetolikos Agrinio, 2015)
[2650364] Failed to build match row: Panetolikos Agrinio vs A.G.S Asteras Tripolis
[3264424] Could not find attributes for andrey klimovich (FC Orenburg, 2019)
[3264424] Failed to build match row: FC Orenburg vs FK Dinamo Moskva
[2604268] Failed to scrape lineup: https://www.transfermarkt.co.uk/atalanta-bc_bologna-fc-1909/index/spielbericht/2604268
[2486003] Could not find attributes for anatoliy tymofeev (Naftovyk-Ukrnafta Okhtyrka, 2014)
[3080304] Could not find attributes for eros grezda (Rangers Football Club, 2018)

Keepers & outfield error for **Futbol Club Barcelona** in Club Atlético de Madrid S.A.D. vs Futbol Club Barcelona: Numbers: 2 and 9.
[2486003] Failed to build match row: Naftovyk-Ukrnafta Okhtyrka vs Volyn Lutsk
[3080304] Failed to build match row: Rangers Football Club vs Hamilton Academical FC
[2718946] Failed to build match row: Club Atlético de Madrid S.A.D. vs Futbol Club Barcelona
[2722898] Failed to scrape lineup: https://www.transfermarkt.co.uk/akhisar-belediyespor_kardemir-karabukspor/index/spielbericht/2722898
[2367332] Failed to scrape lineup: https://www.transfermarkt.co.uk/spielbericht/index/spielbericht/2367332
[2613543] Failed to scrape lineup: https://www.transfermarkt.co.uk/fc-porto_cs-maritimo/index/spielbericht/2613543
[3069916] Could not find attributes for trezeguet (Kasımpaşa A.Ş., 2018)
[3069916] Failed to build match row: Kasımpaşa A.Ş. vs Trabzonspor Kulübü
[2650365] Failed to scrape lineup: https://www.transfermarkt.co.uk/panionios-athens_iraklis-thessaloniki/index/spielbericht/2650365
[2701662] Failed to scrape lineup: https://www.transfermarkt.co.uk/olympique-lyon_as-saint-etienne/index/spielbericht/2701662
[2332158] Failed to scrape lineup: https://www.transfermarkt.co.uk/swansea-city_norwich-city/index/spielbericht/2332158
[2884078] Failed to scrape lineup: https://www.transfermarkt.co.uk/kayserispor_genclerbirligi-ankara/index/spielbericht/2884078
[3264425] Failed to scrape lineup: https://www.transfermarkt.co.uk/rubin-kazan_fk-tambov/index/spielbericht/3264425
[2604269] Failed to scrape lineup: https://www.transfermarkt.co.uk/hellas-verona_carpi-fc-1909/index/spielbericht/2604269
[2460708] Failed to scrape lineup: https://www.transfermarkt.co.uk/fc-schalke-04_fc-augsburg/index/spielbericht/2460708
[3109309] Could not find attributes for robbie donaldson (Rothes FC, 2018)
[3109309] Failed to build match row: Rothes FC vs Clachnacuddin FC
[3201772] Failed to scrape lineup: https://www.transfermarkt.co.uk/kilmarnock-fc_hibernian-fc/index/spielbericht/3201772
[3080305] Failed to scrape lineup: https://www.transfermarkt.co.uk/st-johnstone-fc_motherwell-fc/index/spielbericht/3080305
[2903726] Failed to scrape lineup: https://www.transfermarkt.co.uk/celtic-fc_ross-county-fc/index/spielbericht/2903726
[2875174] Failed to scrape lineup: https://www.transfermarkt.co.uk/fc-helsingor_brondby-if/index/spielbericht/2875174
[2718947] Failed to scrape lineup: https://www.transfermarkt.co.uk/sporting-gijon_celta-de-vigo/index/spielbericht/2718947
[3210082] Failed to scrape lineup: https://www.transfermarkt.co.uk/real-valladolid-cf_getafe-cf/index/spielbericht/3210082
[2613544] Failed to scrape lineup: https://www.transfermarkt.co.uk/cf-uniao-madeira-2021-_cd-nacional/index/spielbericht/2613544

Keepers & outfield error for **Vitória Setúbal FC** in Grupo Desportivo Estoril Praia vs Vitória Setúbal FC: Numbers: 2 and 9.
[2340253] Failed to build match row: Grupo Desportivo Estoril Praia vs Vitória Setúbal FC
[3237906] Failed to scrape lineup: https://www.transfermarkt.co.uk/kv-kortrijk_kv-oostende-2024-/index/spielbericht/3237906
[3069917] Failed to scrape lineup: https://www.transfermarkt.co.uk/bursaspor_sivasspor/index/spielbericht/3069917
[2652085] Failed to scrape lineup: https://www.transfermarkt.co.uk/spielbericht/index/spielbericht/2652085
[2486004] Could not find attributes for oleksandr lytvynenko (PFK Sumy (-2019), 2014)
[2486004] Failed to build match row: PFK Sumy (-2019) vs Metalist Kharkiv (- 2016)
[2629035] Could not find attributes for jacco riemens (SC Genemuiden, 2015)
[2629035] Failed to build match row: Eindhovense Voetbalvereniging Philips Sport Vereniging vs SC Genemuiden
[2732142] Failed to scrape lineup: https://www.transfermarkt.co.uk/royal-excel-mouscron-2022-_kv-mechelen/index/spielbericht/2732142
[2903727] Failed to scrape lineup: https://www.transfermarkt.co.uk/dundee-fc_st-johnstone-fc/index/spielbericht/2903727
[3110064] Failed to scrape lineup: https://www.transfermarkt.co.uk/arsenal-tula_fk-ufa/index/spielbericht/3110064
[3087346] Could not find attributes for serghei pascenco (FC Sheriff Tiraspol, 2018)
[3087346] Failed to build match row: FC Sheriff Tiraspol vs Valur Reykjavík
[2494450] Could not find attributes for ernestas setkus (AOK Kerkyra, 2014)
[2494450] Failed to build match row: AOK Kerkyra vs A.G.S Asteras Tripolis
[2508407] Failed to scrape lineup: https://www.transfermarkt.co.uk/spielbericht/index/spielbericht/2508407

Keepers & outfield error for **Esbjerg fB** in Odense Boldklub vs Esbjerg fB: Numbers: 2 and 9.
[2340254] Failed to scrape lineup: https://www.transfermarkt.co.uk/academica-coimbra_fc-arouca/index/spielbericht/2340254
[2329395] Failed to scrape lineup: https://www.transfermarkt.co.uk/odense-boldklub_fc-midtjylland/index/spielbericht/2329395
[2532472] Failed to build match row: Odense Boldklub vs Esbjerg fB
[2652086] Failed to scrape lineup: https://www.transfermarkt.co.uk/spielbericht/index/spielbericht/2652086
[2486005] Failed to scrape lineup: https://www.transfermarkt.co.uk/spielbericht/index/spielbericht/2486005
[2629036] Failed to scrape lineup: https://www.transfermarkt.co.uk/spielbericht/index/spielbericht/2629036
[2701664] Failed to scrape lineup: https://www.transfermarkt.co.uk/dijon-fco_montpellier-hsc/index/spielbericht/2701664
[3069918] Could not find attributes for bulent cevahir (Yeni Malatyaspor, 2018)
[3069918] Failed to build match row: Yeni Malatyaspor vs İstanbul Başakşehir Futbol Kulübü
[3087347] Failed to scrape lineup: https://www.transfermarkt.co.uk/spielbericht/index/spielbericht/3087347
[2903728] Failed to scrape lineup: https://www.transfermarkt.co.uk/hamilton-academical-fc_heart-of-midlothian-fc/index/spielbericht/2903728
[3110065] Failed to scrape lineup: https://www.transfermarkt.co.uk/krylya-sovetov-samara_dinamo-moscow/index/spielbericht/3110065
[2494451] Failed to scrape lineup: https://www.transfermarkt.co.uk/atromitos-athens_ael-kalloni/index/spielbericht/2494451

Keepers & outfield error for **Newcastle United Football Club** in Newcastle United Football Club vs Watford FC: Numbers: 0 and 11.
[3147866] Failed to build match row: Newcastle United Football Club vs Watford FC
[2351964] Could not find attributes for andre bikey (Panetolikos Agrinio, 2013)
[2351964] Failed to build match row: Panetolikos Agrinio vs AEL Kalloni
[3069919] Failed to scrape lineup: https://www.transfermarkt.co.uk/kayserispor_besiktas-jk/index/spielbericht/3069919
[2486006] Failed to scrape lineup: https://www.transfermarkt.co.uk/spielbericht/index/spielbericht/2486006
[2629037] Failed to scrape lineup: https://www.transfermarkt.co.uk/spielbericht/index/spielbericht/2629037
[2421861] Could not find attributes for joseba zaldua (Real Sociedad de Fútbol S.A.D., 2013)
Not enough players found for lineup: 0, 0.
[2421861] Failed to build match row: Real Sociedad de Fútbol S.A.D. vs Racing Santander
[2723364] Failed to scrape lineup: https://www.transfermarkt.co.uk/spielbericht/index/spielbericht/2723364
[2479075] Could not find attributes for denys boyko (Dnipro Dnipropetrovsk (-2020), 2014)
[2479075] Failed to build match row: Dnipro Dnipropetrovsk (-2020) vs Karpaty Lviv (-2021)
[2903729] Failed to scrape lineup: https://www.transfermarkt.co.uk/hibernian-fc_motherwell-fc/index/spielbericht/2903729
[3303798] Could not find attributes for alex jimenez (Mérida AD, 2019)
[3303798] Failed to build match row: Mérida AD vs Celta
[3047893] Could not find attributes for julio tavares (Dijon FCO, 2018)
[3047893] Failed to build match row: Dijon FCO vs Toulouse Football Club
[2867396] Could not find attributes for kelechi nwakali (VVV-Venlo, 2017)
[2867396] Failed to build match row: Sportclub Heerenveen vs VVV-Venlo

Keepers & outfield error for **Jagiellonia-Bialystok Sportowa Spólka Akcyjna** in Jagiellonia-Bialystok Sportowa Spólka Akcyjna vs Koninklijke Atletiek Associatie Gent: Numbers: 2 and 9.
[3087348] Failed to build match row: Jagiellonia-Bialystok Sportowa Spólka Akcyjna vs Koninklijke Atletiek Associatie Gent
[3069920] Failed to scrape lineup: https://www.transfermarkt.co.uk/akhisarspor_alanyaspor/index/spielbericht/3069920
[2351965] Failed to scrape lineup: https://www.transfermarkt.co.uk/panthrakikos-komotini_olympiacos-piraeus/index/spielbericht/2351965
[2486007] Failed to scrape lineup: https://www.transfermarkt.co.uk/spielbericht/index/spielbericht/2486007
[2604270] Could not find attributes for albano bizzarri (Chievo Verona, 2015)
[2604270] Failed to build match row: UC Sampdoria vs Chievo Verona

Keepers & outfield error for **Celta** in Elche Club de Fútbol S.A.D. vs Celta: Numbers: 0 and 11.
[2475235] Failed to build match row: Elche Club de Fútbol S.A.D. vs Celta
[2723365] Failed to scrape lineup: https://www.transfermarkt.co.uk/spielbericht/index/spielbericht/2723365
[2421862] Failed to scrape lineup: https://www.transfermarkt.co.uk/spielbericht/index/spielbericht/2421862
[2332160] Failed to scrape lineup: https://www.transfermarkt.co.uk/cardiff-city_hull-city/index/spielbericht/2332160
[2479076] Failed to scrape lineup: https://www.transfermarkt.co.uk/chornomorets-odesa_volyn-lutsk/index/spielbericht/2479076
[2903730] Failed to scrape lineup: https://www.transfermarkt.co.uk/rangers-fc_celtic-fc/index/spielbericht/2903730
[2586877] Failed to scrape lineup: https://www.transfermarkt.co.uk/paris-saint-germain_ea-guingamp/index/spielbericht/2586877

Keepers & outfield error for **Football Club Internazionale Milano S.p.A.** in Football Club Internazionale Milano S.p.A. vs SPAL: Numbers: 2 and 9.
[2897183] Failed to build match row: Football Club Internazionale Milano S.p.A. vs SPAL
[2884080] Failed to scrape lineup: https://www.transfermarkt.co.uk/sivasspor_fenerbahce/index/spielbericht/2884080

Keepers & outfield error for **Alkmaar Zaanstreek** in Alkmaar Zaanstreek vs Heracles Almelo: Numbers: 2 and 9.
[2867397] Failed to build match row: Alkmaar Zaanstreek vs Heracles Almelo
[2475236] Failed to scrape lineup: https://www.transfermarkt.co.uk/villarreal-cf_real-madrid/index/spielbericht/2475236

Keepers & outfield error for **Jagiellonia-Bialystok Sportowa Spólka Akcyjna** in Koninklijke Atletiek Associatie Gent vs Jagiellonia-Bialystok Sportowa Spólka Akcyjna: Numbers: 2 and 9.
[3087349] Failed to build match row: Koninklijke Atletiek Associatie Gent vs Jagiellonia-Bialystok Sportowa Spólka Akcyjna

Keepers & outfield error for **Vitória Sport Clube** in CF Os Belenenses vs Vitória Sport Clube: Numbers: 0 and 11.
[2613545] Failed to build match row: CF Os Belenenses vs Vitória Sport Clube
[2604271] Could not find attributes for arlind ajeti (Frosinone Calcio, 2015)
[2723366] Failed to scrape lineup: https://www.transfermarkt.co.uk/spielbericht/index/spielbericht/2723366
[2604271] Failed to build match row: Frosinone Calcio vs Associazione Calcio Fiorentina
[3406883] Could not find attributes for aleksandr dovbnya (Rotor Volgograd, 2020)
[2698296] Could not find attributes for peter crouch (Stoke City, 2016)
[3406883] Failed to build match row: Rotor Volgograd vs AO FK Zenit Sankt-Peterburg
[2698296] Failed to build match row: Stoke City vs Manchester United Football Club
[2732143] Could not find attributes for andriy totovytskyi (KV Kortrijk, 2016)
[3216170] Could not find attributes for joey veerman (Sportclub Heerenveen, 2019)
[2732143] Failed to build match row: Club Brugge Koninklijke Voetbalvereniging vs KV Kortrijk
[3216170] Failed to build match row: RKC Waalwijk vs Sportclub Heerenveen
[2903731] Failed to scrape lineup: https://www.transfermarkt.co.uk/partick-thistle-fc-_heart-of-midlothian-fc/index/spielbericht/2903731
[3080306] Could not find attributes for dean lyness (Saint Mirren Football Club, 2018)
[3080306] Failed to build match row: Saint Mirren Football Club vs Aberdeen Football Club
[3264426] Could not find attributes for soslan dzhanaev (FK Sochi, 2019)
[3264426] Failed to build match row: FK Sochi vs PFK Krylya Sovetov Samara
[2884081] Failed to scrape lineup: https://www.transfermarkt.co.uk/kasimpasa_kardemir-karabukspor/index/spielbericht/2884081
[2701665] Could not find attributes for rod fanni (Olympique de Marseille, 2016)
[2701665] Failed to build match row: Angers Sporting Club de l'Ouest vs Olympique de Marseille

Keepers & outfield error for **Chelsea Football Club** in Chelsea Football Club vs Scunthorpe United: Numbers: 2 and 9.
[2652087] Failed to build match row: Chelsea Football Club vs Scunthorpe United
[3110066] Could not find attributes for ilya abaev (FK Rostov, 2018)
[3087350] Failed to scrape lineup: https://www.transfermarkt.co.uk/spielbericht/index/spielbericht/3087350
[2875176] Failed to scrape lineup: https://www.transfermarkt.co.uk/aalborg-bk_odense-boldklub/index/spielbericht/2875176
[3110066] Failed to build match row: FK Rostov vs FC Orenburg
[2613546] Failed to scrape lineup: https://www.transfermarkt.co.uk/sc-braga_rio-ave-fc/index/spielbericht/2613546
Not enough players found for lineup: 0, 0.
[2903732] Failed to scrape lineup: https://www.transfermarkt.co.uk/kilmarnock-fc_dundee-fc/index/spielbericht/2903732
[3406884] Failed to scrape lineup: https://www.transfermarkt.co.uk/fc-ufa_fc-krasnodar/index/spielbericht/3406884
[2698297] Failed to scrape lineup: https://www.transfermarkt.co.uk/manchester-united_watford-fc/index/spielbericht/2698297
[2732144] Failed to scrape lineup: https://www.transfermarkt.co.uk/krc-genk_standard-liege/index/spielbericht/2732144
[3216171] Failed to scrape lineup: https://www.transfermarkt.co.uk/fc-groningen_fc-utrecht/index/spielbericht/3216171
[2723367] Failed to scrape lineup: https://www.transfermarkt.co.uk/spielbericht/index/spielbericht/2723367

Keepers & outfield error for **Villarreal Club de Fútbol S.A.D.** in Club Atlético Osasuna vs Villarreal Club de Fútbol S.A.D.: Numbers: 0 and 11.
[2718949] Failed to build match row: Club Atlético Osasuna vs Villarreal Club de Fútbol S.A.D.

Keepers & outfield error for **Real Madrid Club de Fútbol** in Real Madrid Club de Fútbol vs Espanol: Numbers: 2 and 9.
[2421868] Failed to build match row: Real Madrid Club de Fútbol vs Espanol
[2629038] Could not find attributes for agil etemadi (Almere City FC, 2015)

Keepers & outfield error for **Real Club Deportivo Mallorca S.A.D.** in Athletic Club Bilbao vs Real Club Deportivo Mallorca S.A.D.: Numbers: 2 and 9.
[3210083] Failed to build match row: Athletic Club Bilbao vs Real Club Deportivo Mallorca S.A.D.
[3264427] Failed to scrape lineup: https://www.transfermarkt.co.uk/ural-yekaterinburg_zenit-st-petersburg/index/spielbericht/3264427
[2460710] Failed to scrape lineup: https://www.transfermarkt.co.uk/1-fsv-mainz-05_sv-werder-bremen/index/spielbericht/2460710
[2701666] Failed to scrape lineup: https://www.transfermarkt.co.uk/stade-rennais-fc_ea-guingamp/index/spielbericht/2701666
[3080307] Failed to scrape lineup: https://www.transfermarkt.co.uk/aberdeen-fc_heart-of-midlothian-fc/index/spielbericht/3080307
[2875177] Failed to scrape lineup: https://www.transfermarkt.co.uk/aarhus-gf_fc-nordsjaelland/index/spielbericht/2875177
[3110067] Failed to scrape lineup: https://www.transfermarkt.co.uk/rubin-kazan_ural-yekaterinburg/index/spielbericht/3110067
[3087351] Failed to scrape lineup: https://www.transfermarkt.co.uk/spielbericht/index/spielbericht/3087351
[3237908] Failed to scrape lineup: https://www.transfermarkt.co.uk/kaa-gent_cercle-brugge/index/spielbericht/3237908

Keepers & outfield error for **Sporting Clube de Portugal** in FC Paços de Ferreira vs Sporting Clube de Portugal: Numbers: 0 and 11.
[2613547] Failed to build match row: FC Paços de Ferreira vs Sporting Clube de Portugal
[2486008] Could not find attributes for andriy fedorenko (Desna Chernigiv, 2014)
[2486008] Failed to build match row: Desna Chernigiv vs Dnipro Dnipropetrovsk (-2020)
[2653519] Could not find attributes for christos karypidis (AO Xanthi, 2015)
[2653519] Failed to build match row: AO Xanthi vs APS Atromitos Athinon
[3147868] Failed to scrape lineup: https://www.transfermarkt.co.uk/spielbericht/index/spielbericht/3147868
[2479077] Could not find attributes for mykyta shevchenko (FC Zorya Lugansk, 2014)
[2479077] Failed to build match row: FC Zorya Lugansk vs FK Mariupol
[2698298] Failed to scrape lineup: https://www.transfermarkt.co.uk/hull-city_liverpool-fc/index/spielbericht/2698298
[3216172] Failed to scrape lineup: https://www.transfermarkt.co.uk/sparta-rotterdam_heracles-almelo/index/spielbericht/3216172
[2604273] Failed to scrape lineup: https://www.transfermarkt.co.uk/ac-milan_ss-lazio/index/spielbericht/2604273
[3406885] Failed to scrape lineup: https://www.transfermarkt.co.uk/ural-yekaterinburg_dynamo-moscow/index/spielbericht/3406885
[2718950] Failed to scrape lineup: https://www.transfermarkt.co.uk/real-madrid_ud-las-palmas/index/spielbericht/2718950
[2723369] Failed to scrape lineup: https://www.transfermarkt.co.uk/spielbericht/index/spielbericht/2723369
[2421869] Failed to scrape lineup: https://www.transfermarkt.co.uk/spielbericht/index/spielbericht/2421869
[2732145] Could not find attributes for danijel milicevic (Koninklijke Atletiek Associatie Gent, 2016)
[2732145] Failed to build match row: Koninklijke Atletiek Associatie Gent vs KV Oostende
[3069921] Could not find attributes for gabriel obertan (Erzurumspor FK, 2018)
[3069921] Failed to build match row: Erzurumspor FK vs Galatasaray Spor Kulübü

Keepers & outfield error for **Chelsea Football Club** in Chelsea Football Club vs Everton Football Club: Numbers: 2 and 9.
[2332161] Failed to build match row: Chelsea Football Club vs Everton Football Club
[3087352] Failed to scrape lineup: https://www.transfermarkt.co.uk/spielbericht/index/spielbericht/3087352
[3264428] Failed to scrape lineup: https://www.transfermarkt.co.uk/lokomotiv-moscow_arsenal-tula/index/spielbericht/3264428
[2508409] Could not find attributes for nicklas dannevang (Brönshöj Boldklub, 2014)
[2867398] Failed to build match row: Excelsior Rotterdam vs Prins Hendrik Ende Desespereert Nimmer Combinatie Zwolle
[2508409] Failed to build match row: Brönshöj Boldklub vs Skive IK
[3080308] Could not find attributes for martin woods (Dundee Football Club, 2018)
[3080308] Failed to build match row: The Celtic Football Club vs Dundee Football Club
[2629039] Could not find attributes for guillano grot (FC Lienden, 2015)
[2629039] Failed to build match row: FC Lienden vs Roda JC Kerkrade
[2921406] Failed to scrape lineup: https://www.transfermarkt.co.uk/fc-krasnodar_spartak-moscow/index/spielbericht/2921406
[2460711] Could not find attributes for christian schulz (Hannover 96, 2014)
[2653520] Failed to scrape lineup: https://www.transfermarkt.co.uk/asteras-tripolis_ael-kalloni/index/spielbericht/2653520
[3110068] Failed to build match row: Enisey Krasnoyarsk vs FK Spartak Moskva
[2460711] Failed to build match row: Hannover 96 vs Eintracht Frankfurt Fußball AG
[2351966] Could not find attributes for andre bikey (Panetolikos Agrinio, 2013)
[2351966] Failed to build match row: Panetolikos Agrinio vs APO Levadiakos Football Club
[3047895] Could not find attributes for eiji kawashima (Racing Club de Strasbourg Alsace, 2018)
[3047895] Failed to build match row: Football Club de Nantes vs Racing Club de Strasbourg Alsace
[2494452] Could not find attributes for georgios kantimiris (Veria NPS, 2014)
[3058606] Could not find attributes for steven zuber (Verein für Bewegungsspiele Stuttgart 1893, 2018)

Keepers & outfield error for **Sporting Clube de Portugal** in Sporting Clube de Portugal vs Académica Coimbra: Numbers: 0 and 11.
[2494452] Failed to build match row: Veria NPS vs Panetolikos Agrinio
[3058606] Failed to build match row: Verein für Bewegungsspiele Stuttgart 1893 vs RasenBallsport Leipzig
[2613548] Failed to build match row: Sporting Clube de Portugal vs Académica Coimbra

Keepers & outfield error for **Göztepe Sportif Yatırımlar A.Ş.** in Göztepe Sportif Yatırımlar A.Ş. vs Bursaspor: Numbers: 0 and 11.
[2884082] Failed to build match row: Göztepe Sportif Yatırımlar A.Ş. vs Bursaspor
[3406886] Could not find attributes for ilya lantratov (FC Khimki (-2025), 2020)
[2718951] Could not find attributes for florian lejeune (SD Eibar, 2016)
[3406886] Failed to build match row: FC Khimki (-2025) vs PFK CSKA Moskva
[2718951] Failed to build match row: Real Sociedad de Fútbol S.A.D. vs SD Eibar
[2732146] Failed to scrape lineup: https://www.transfermarkt.co.uk/kv-oostende-2024-_zulte-waregem/index/spielbericht/2732146

Keepers & outfield error for **Athletic Club Bilbao** in Athletic Club Bilbao vs SD Eibar: Numbers: 2 and 9.
[2475237] Failed to build match row: Athletic Club Bilbao vs SD Eibar
[3069922] Failed to scrape lineup: https://www.transfermarkt.co.uk/konyaspor_goztepe/index/spielbericht/3069922
[3201775] Could not find attributes for coll donaldson (Ross County FC, 2019)
[3201775] Failed to build match row: Ross County FC vs St. Johnstone FC
[2757307] Could not find attributes for isidoro (UD Almería, 2016)
[3216173] Could not find attributes for joey veerman (Sportclub Heerenveen, 2019)
[2757307] Failed to build match row: UD Almería vs Rayo Vallecano de Madrid S. A. D.
[3216173] Failed to build match row: Sportclub Heerenveen vs Willem II Tilburg
Not enough players found for lineup: 0, 11.
[2629040] Failed to scrape lineup: https://www.transfermarkt.co.uk/spielbericht/index/spielbericht/2629040
[3110069] Could not find attributes for evgeniy gorodov (RFK Akhmat Grozny, 2018)
[3110069] Failed to build match row: RFK Akhmat Grozny vs Anzhi Makhachkala ( -2022)
[2486009] Could not find attributes for mykola pletenytskyi (FK Ternopil, 2014)
[2486009] Failed to build match row: FK Ternopil vs FC Oleksandriya
[2329396] Could not find attributes for johan bjordal (Aarhus Gymnastik Forening, 2013)
[2329396] Failed to build match row: Aarhus Gymnastik Forening vs Football Club København

Keepers & outfield error for **Genoa Cricket and Football Club** in Genoa Cricket and Football Club vs Frosinone Calcio: Numbers: 2 and 9.
[2604275] Failed to build match row: Genoa Cricket and Football Club vs Frosinone Calcio

Keepers & outfield error for **Beşiktaş Jimnastik Kulübü** in Akhisarspor vs Beşiktaş Jimnastik Kulübü: Numbers: 2 and 9.
[2884083] Failed to build match row: Akhisarspor vs Beşiktaş Jimnastik Kulübü
[2732147] Could not find attributes for danijel milicevic (Koninklijke Atletiek Associatie Gent, 2016)
[2732147] Failed to build match row: Koninklijke Atletiek Associatie Gent vs Royal Sporting Club Anderlecht

Keepers & outfield error for **Association sportive de Monaco Football Club** in Montpellier HSC vs Association sportive de Monaco Football Club: Numbers: 2 and 9.
[2586879] Failed to build match row: Montpellier HSC vs Association sportive de Monaco Football Club
[2594618] Could not find attributes for jean sylvain babin (Granada CF, 2015)
[2594618] Failed to build match row: Levante Unión Deportiva S.A.D. vs Granada CF
[2653521] Could not find attributes for panagiotis tsintotas (APO Levadiakos Football Club, 2015)
[2653521] Failed to build match row: APO Levadiakos Football Club vs Iraklis Thessaloniki

Keepers & outfield error for **Association sportive de Monaco Football Club** in Olympique Gymnaste Club Nice Côte d'Azur vs Association sportive de Monaco Football Club: Numbers: 2 and 9.
[3047896] Failed to build match row: Olympique Gymnaste Club Nice Côte d'Azur vs Association sportive de Monaco Football Club
salonikios Athlitikos Omilos Konstantinoupoliton: Numbers: 0 and 11.
[2351967] Failed to build match row: Olympiakos Syndesmos Filathlon Peiraios vs Panthessalonikios Athlitikos Omilos Konstantinoupoliton

Keepers & outfield error for **Levante Unión Deportiva S.A.D.** in Levante Unión Deportiva S.A.D. vs Rayo Vallecano de Madrid S. A. D.: Numbers: 0 and 11.
[2475238] Failed to build match row: Levante Unión Deportiva S.A.D. vs Rayo Vallecano de Madrid S. A. D.
[2701668] Could not find attributes for clement michelin (Toulouse Football Club, 2016)
[2701668] Failed to build match row: SM Caen vs Toulouse Football Club
[2494453] Could not find attributes for michalis sifakis (APO Levadiakos Football Club, 2014)
[2494453] Failed to build match row: APO Levadiakos Football Club vs GS Ergotelis

Keepers & outfield error for **AD Alcorcón** in AD Alcorcón vs Getafe Club de Fútbol S. A. D. Team Dubai: Numbers: 2 and 9.
[3216174] Could not find attributes for sergio padt (Football Club Groningen, 2019)
[2757308] Failed to build match row: AD Alcorcón vs Getafe Club de Fútbol S. A. D. Team Dubai
[3216174] Failed to build match row: ADO Den Haag vs Football Club Groningen
[3406923] Could not find attributes for giorgiy shelia (RFK Akhmat Grozny, 2020)
[2329397] Could not find attributes for daniel jensen (Sønderjyske Fodbold, 2013)
[3406923] Failed to build match row: FK Spartak Moskva vs RFK Akhmat Grozny
[2329397] Failed to build match row: Fodbold Club Nordsjælland vs Sønderjyske Fodbold

Keepers & outfield error for **Millwall FC** in Millwall FC vs Everton Football Club: Numbers: 0 and 11.
[3147870] Failed to build match row: Millwall FC vs Everton Football Club
Not enough players found for lineup: 0, 0.
[2629041] Failed to scrape lineup: https://www.transfermarkt.co.uk/spielbericht/index/spielbericht/2629041
[3110070] Could not find attributes for evgeniy chernov (AO FK Zenit Sankt-Peterburg, 2018)
[3110070] Failed to build match row: AO FK Zenit Sankt-Peterburg vs FK Krasnodar
[3216175] Could not find attributes for george cox (Fortuna Sittardia Combinatie, 2019)
[3216175] Failed to build match row: Fortuna Sittardia Combinatie vs RKC Waalwijk
[3069923] Could not find attributes for david braz (Sivasspor, 2018)
[3069923] Failed to build match row: Sivasspor vs Yeni Malatyaspor
[2486010] Could not find attributes for vasyl shpuk (Nyva Ternopil, 2014)
[2486010] Failed to build match row: Nyva Ternopil vs Vorskla Poltava
[2494455] Could not find attributes for anastasios avlonitis (Olympiakos Syndesmos Filathlon Peiraios, 2014)
[2494455] Failed to build match row: Olympiakos Syndesmos Filathlon Peiraios vs AO Platanias

Keepers & outfield error for **West Ham United Football Club** in AFC Wimbledon vs West Ham United Football Club: Numbers: 2 and 9.
[2367334] Could not find attributes for daniele russo (FC St. Gallen 1879, 2013)
[3147871] Failed to build match row: AFC Wimbledon vs West Ham United Football Club
[2367334] Failed to build match row: FC St. Gallen 1879 vs Swansea City

Keepers & outfield error for **Sevilla Fútbol Club S.A.D.** in Sevilla Fútbol Club S.A.D. vs Cádiz CF: Numbers: 0 and 11.
[2978842] Failed to build match row: Sevilla Fútbol Club S.A.D. vs Cádiz CF
[2732149] Could not find attributes for danijel milicevic (Koninklijke Atletiek Associatie Gent, 2016)
[3406924] Could not find attributes for sergey pesjakov (FK Rostov, 2020)
[2732149] Failed to build match row: St Truiden vs Koninklijke Atletiek Associatie Gent
[3406924] Failed to build match row: FK Rostov vs AO FK Zenit Sankt-Peterburg
[2532476] Could not find attributes for eggert gunnthor jonsson (FC Vestsjaelland, 2014)
[2532476] Failed to build match row: FC Vestsjaelland vs Brøndby Idrætsforening
[2903735] Failed to scrape lineup: https://www.transfermarkt.co.uk/motherwell-fc_aberdeen-fc/index/spielbericht/2903735
[3080310] Failed to scrape lineup: https://www.transfermarkt.co.uk/hibernian-fc_livingston-fc/index/spielbericht/3080310
[3305361] Could not find attributes for miquel robuste (CF Badalona, 2019)
[3305361] Failed to build match row: CF Badalona vs Granada CF
[2332164] Could not find attributes for nabil bentaleb (Tottenham Hotspur Football Club, 2013)
[2332164] Failed to build match row: Norwich City vs Tottenham Hotspur Football Club
[2732150] Could not find attributes for ishak belfodil (Royal Standard Club de Liège, 2016)
[2732150] Failed to build match row: Royal Standard Club de Liège vs KSC Lokeren (- 2020)
[3237911] Failed to scrape lineup: https://www.transfermarkt.co.uk/zulte-waregem_royal-antwerp-fc/index/spielbericht/3237911
[2579919] Failed to scrape lineup: https://www.transfermarkt.co.uk/st-johnstone-fc_hamilton-academical-fc/index/spielbericht/2579919
[3201777] Could not find attributes for jeremie frimpong (The Celtic Football Club, 2019)
[3201777] Failed to build match row: The Celtic Football Club vs Kilmarnock Football Club

Keepers & outfield error for **Villarreal Club de Fútbol S.A.D.** in Villarreal Club de Fútbol S.A.D. vs CD Leganés: Numbers: 2 and 9.
[2978843] Failed to build match row: Villarreal Club de Fútbol S.A.D. vs CD Leganés
[2367335] Could not find attributes for grzegorz sandomierski (GNK Dinamo Zagreb, 2013)
[3058607] Could not find attributes for oscar wendt (Mönchengladbach, 2018)
[2586880] Failed to scrape lineup: https://www.transfermarkt.co.uk/olympique-lyon_sc-bastia/index/spielbericht/2586880
[3406925] Could not find attributes for mario fernandes (PFK CSKA Moskva, 2020)
[3058607] Failed to build match row: Eintracht Frankfurt Fußball AG vs Mönchengladbach
[2367335] Failed to build match row: GNK Dinamo Zagreb vs Ludogorets Razgrad
[3406925] Failed to build match row: PFK CSKA Moskva vs PFK Tambov (-2021)
[2508410] Could not find attributes for frederik due (HB Köge, 2014)
[2508410] Failed to build match row: HB Köge vs FC Vestsjaelland
[2867399] Could not find attributes for nasser el khayati (ADO Den Haag, 2017)
[2867399] Failed to build match row: Football Club Twente vs ADO Den Haag
[2653522] Failed to scrape lineup: https://www.transfermarkt.co.uk/paok-thessaloniki_pae-veria/index/spielbericht/2653522
[2594619] Failed to scrape lineup: https://www.transfermarkt.co.uk/atletico-de-madrid_athletic-bilbao/index/spielbericht/2594619
[2351968] Failed to scrape lineup: https://www.transfermarkt.co.uk/panionios-athens_atromitos-athens/index/spielbericht/2351968
[3087353] Could not find attributes for caner erkin (Beşiktaş Jimnastik Kulübü, 2018)
[3087353] Failed to build match row: Linzer Athletik-Sport-Klub vs Beşiktaş Jimnastik Kulübü
[2875179] Could not find attributes for mohammad adnan (FC Helsingör, 2017)
[2875179] Failed to build match row: FC Helsingör vs Silkeborg Idrætsforening
[2701669] Failed to scrape lineup: https://www.transfermarkt.co.uk/fc-metz_as-monaco/index/spielbericht/2701669
[3080311] Could not find attributes for dean lyness (Saint Mirren Football Club, 2018)
[3223249] Could not find attributes for atiba hutchinson (Beşiktaş Jimnastik Kulübü, 2019)
[3080311] Failed to build match row: Motherwell Football Club vs Saint Mirren Football Club
[3223249] Failed to build match row: Beşiktaş Jimnastik Kulübü vs Antalyaspor
[2758365] Could not find attributes for blagoy georgiev (FC Orenburg, 2016)
[2758365] Failed to build match row: FC Orenburg vs FK Spartak Moskva
[2732151] Could not find attributes for aristote nkaka (Royal Excel Mouscron (-2022), 2016)
[2732151] Failed to build match row: Royal Charleroi Sporting Club vs Royal Excel Mouscron (-2022)
[3210085] Failed to scrape lineup: https://www.transfermarkt.co.uk/celta-de-vigo_fc-barcelona/index/spielbericht/3210085
[2903737] Could not find attributes for ross mccrorie (Rangers Football Club, 2017)
[2903737] Failed to build match row: Hamilton Academical FC vs Rangers Football Club
[2329398] Failed to scrape lineup: https://www.transfermarkt.co.uk/randers-fc_aalborg-bk/index/spielbericht/2329398
[2342498] Could not find attributes for evander sno (RKC Waalwijk, 2013)
[2342498] Failed to build match row: Alkmaar Zaanstreek vs RKC Waalwijk

Keepers & outfield error for **SC Olhanense** in SC Olhanense vs Grupo Desportivo Estoril Praia: Numbers: 0 and 11.
[2340255] Failed to build match row: SC Olhanense vs Grupo Desportivo Estoril Praia
[2508411] Could not find attributes for kristoffer olsson (Fodbold Club Midtjylland, 2014)
[2884085] Failed to scrape lineup: https://www.transfermarkt.co.uk/osmanlispor-fk_trabzonspor/index/spielbericht/2884085
[3110071] Failed to scrape lineup: https://www.transfermarkt.co.uk/cska-moscow_lokomotiv-moscow/index/spielbericht/3110071
[2629042] Failed to scrape lineup: https://www.transfermarkt.co.uk/spielbericht/index/spielbericht/2629042
[2508411] Failed to build match row: Esbjerg fB vs Fodbold Club Midtjylland
[3264429] Could not find attributes for cedric gogoua (PFK CSKA Moskva, 2019)
[3264429] Failed to build match row: PFK CSKA Moskva vs FK Rostov
[3047898] Failed to scrape lineup: https://www.transfermarkt.co.uk/stade-reims_paris-saint-germain/index/spielbericht/3047898
[2475239] Failed to scrape lineup: https://www.transfermarkt.co.uk/fc-barcelona_granada-cf/index/spielbericht/2475239
Not enough players found for lineup: 0, 0.
[2340256] Failed to scrape lineup: https://www.transfermarkt.co.uk/rio-ave-fc_gil-vicente-fc/index/spielbericht/2340256
[2421871] Failed to scrape lineup: https://www.transfermarkt.co.uk/spielbericht/index/spielbericht/2421871
216176
[2486011] Failed to scrape lineup: https://www.transfermarkt.co.uk/spielbericht/index/spielbericht/2486011
[3069924] Failed to scrape lineup: https://www.transfermarkt.co.uk/alanyaspor_buyuksehir-belediye-erzurumspor/index/spielbericht/3069924
[2494456] Failed to scrape lineup: https://www.transfermarkt.co.uk/paok-thessaloniki_panionios-athens/index/spielbericht/2494456
[3080312] Could not find attributes for eros grezda (Rangers Football Club, 2018)
[3080312] Failed to build match row: St. Johnstone FC vs Rangers Football Club
[3201779] Could not find attributes for robby mccrorie (Livingston Football Club, 2019)
[3201779] Failed to build match row: Hibernian Football Club vs Livingston Football Club

Keepers & outfield error for **Real Madrid Club de Fútbol** in Espanol vs Real Madrid Club de Fútbol: Numbers: 2 and 9.
[3210086] Failed to build match row: Espanol vs Real Madrid Club de Fútbol
[3087354] Could not find attributes for georgios vasiliou (Apollon Limassol, 2018)
[3087354] Failed to build match row: Apollon Limassol vs Dynamo Brest

Keepers & outfield error for **FC Vestsjaelland** in FC Vestsjaelland vs Fodbold Club Midtjylland: Numbers: 2 and 9.
[2329399] Failed to build match row: FC Vestsjaelland vs Fodbold Club Midtjylland
[3148586] Failed to scrape lineup: https://www.transfermarkt.co.uk/spielbericht/index/spielbericht/3148586
[2723371] Could not find attributes for yuriy shevchuk (FC Rukh Lviv, 2016)
[2723371] Failed to build match row: FC Rukh Lviv vs Arsenal Kyiv

Keepers & outfield error for **Málaga CF** in Málaga CF vs Real Betis Balompié S.A.D.: Numbers: 0 and 11.
[2718952] Failed to build match row: Málaga CF vs Real Betis Balompié S.A.D.
[3216177] Could not find attributes for keisuke honda (Vitesse Arnhem, 2019)
[3216177] Failed to build match row: Football Club Twente vs Vitesse Arnhem
[2978844] Failed to scrape lineup: https://www.transfermarkt.co.uk/spielbericht/index/spielbericht/2978844
[3111517] Could not find attributes for yuriy dyupin (Anzhi Makhachkala ( -2022), 2018)
[3111517] Failed to build match row: Anzhi Makhachkala ( -2022) vs PFK CSKA Moskva
[2897189] Failed to scrape lineup: https://www.transfermarkt.co.uk/fc-crotone_inter-milan/index/spielbericht/2897189
[2367336] Failed to scrape lineup: https://www.transfermarkt.co.uk/spielbericht/index/spielbericht/2367336
[3406926] Failed to scrape lineup: https://www.transfermarkt.co.uk/dynamo-moscow_rotor-volgograd/index/spielbericht/3406926
[2701671] Failed to scrape lineup: https://www.transfermarkt.co.uk/as-saint-etienne_dijon-fco/index/spielbericht/2701671
[3201780] Could not find attributes for callum booth (St. Johnstone FC, 2019)
[3201780] Failed to build match row: St. Johnstone FC vs Rangers Football Club
[2342500] Failed to scrape lineup: https://www.transfermarkt.co.uk/feyenoord-rotterdam_sc-heerenveen/index/spielbericht/2342500
[2329400] Failed to scrape lineup: https://www.transfermarkt.co.uk/esbjerg-fb_aalborg-bk/index/spielbericht/2329400

Keepers & outfield error for **Sivasspor** in Trabzonspor Kulübü vs Sivasspor: Numbers: 2 and 9.
[2884087] Failed to build match row: Trabzonspor Kulübü vs Sivasspor
[2867402] Could not find attributes for yassin ayoub (Football Club Utrecht, 2017)
[2867402] Failed to build match row: Football Club Utrecht vs Feyenoord Rotterdam
[2508543] Could not find attributes for vladimir disljenkovic (Metalist Kharkiv (- 2016), 2014)
[2508543] Failed to build match row: Metalist Kharkiv (- 2016) vs FC Zorya Lugansk
[3264430] Could not find attributes for matvey safonov (FK Krasnodar, 2019)
[3264430] Failed to build match row: FK Krasnodar vs FK Spartak Moskva
[3058608] Could not find attributes for sebastian langkamp (Sportverein Werder Bremen von 1899, 2018)
[2653523] Could not find attributes for zeca (Panathinaikos Athlitikos Omilos, 2015)
[2351969] Could not find attributes for grigoris athanasiou (GS Ergotelis, 2013)
[3058608] Failed to build match row: Hertha BSC vs Sportverein Werder Bremen von 1899
[2351969] Failed to build match row: GS Ergotelis vs A.G.S Asteras Tripolis
moscow_fk-rostov/index/spielbericht/3111518
[3406927] Failed to scrape lineup: https://www.transfermarkt.co.uk/lokomotiv-moscow_fc-krasnodar/index/spielbericht/3406927
[2978845] Failed to scrape lineup: https://www.transfermarkt.co.uk/spielbericht/index/spielbericht/2978845
[2897190] Failed to scrape lineup: https://www.transfermarkt.co.uk/acf-fiorentina_bologna-fc-1909/index/spielbericht/2897190
[2613549] Could not find attributes for juanto ortuno (CF Os Belenenses, 2015)
[2613549] Failed to build match row: CS Marítimo vs CF Os Belenenses
[2367337] Failed to scrape lineup: https://www.transfermarkt.co.uk/spielbericht/index/spielbericht/2367337
[2508544] Failed to scrape lineup: https://www.transfermarkt.co.uk/olimpik-donetsk_chornomorets-odesa/index/spielbericht/2508544
[2421946] Could not find attributes for athanasios karagounis (Prins Hendrik Ende Desespereert Nimmer Combinatie Zwolle, 2013)
[2421946] Failed to build match row: Prins Hendrik Ende Desespereert Nimmer Combinatie Zwolle vs Nijmegen Eendracht Combinatie
[2494457] Could not find attributes for markos vellidis (PAS Giannina, 2014)
[2494457] Failed to build match row: PAS Giannina vs Panathinaikos Athlitikos Omilos
[2329401] Could not find attributes for daniel jensen (Sønderjyske Fodbold, 2013)
[2329401] Failed to build match row: Sønderjyske Fodbold vs Brøndby Idrætsforening
[2884088] Could not find attributes for jailton paraiba (Gençlerbirliği Spor Kulübü, 2017)
[2884088] Failed to build match row: Gençlerbirliği Spor Kulübü vs Ankaraspor
[3264439] Failed to scrape lineup: https://www.transfermarkt.co.uk/fc-oleksandriya_kolos-kovalivka/index/spielbericht/3264439
[2586899] Failed to scrape lineup: https://www.transfermarkt.co.uk/stade-rennais-fc_estac-troyes/index/spielbericht/2586899
[2808477] Failed to scrape lineup: https://www.transfermarkt.co.uk/spielbericht/index/spielbericht/2808477
[3406928] Failed to scrape lineup: https://www.transfermarkt.co.uk/fc-sochi_fc-khimki/index/spielbericht/3406928
[3305362] Could not find attributes for quique rivero (Recreativo Huelva, 2019)
[3305362] Failed to build match row: Recreativo Huelva vs Club Atlético Osasuna
[3111519] Could not find attributes for evgeniy frolov (FC Orenburg, 2018)
[3111519] Failed to build match row: FC Orenburg vs Enisey Krasnoyarsk
[2903740] Failed to scrape lineup: https://www.transfermarkt.co.uk/kilmarnock-fc_ross-county-fc/index/spielbericht/2903740
[2508546] Failed to scrape lineup: https://www.transfermarkt.co.uk/vorskla-poltava_dynamo-kyiv/index/spielbericht/2508546
[2421947] Failed to scrape lineup: https://www.transfermarkt.co.uk/spielbericht/index/spielbericht/2421947
[3223252] Failed to scrape lineup: https://www.transfermarkt.co.uk/goztepe_trabzonspor/index/spielbericht/3223252
[2329402] Failed to scrape lineup: https://www.transfermarkt.co.uk/randers-fc_brondby-if/index/spielbericht/2329402
Not enough players found for lineup: 0, 0.
[2723372] Failed to scrape lineup: https://www.transfermarkt.co.uk/spielbericht/index/spielbericht/2723372
[2586900] Failed to scrape lineup: https://www.transfermarkt.co.uk/sm-caen_gfc-ajaccio/index/spielbericht/2586900
[3264440] Failed to scrape lineup: https://www.transfermarkt.co.uk/karpaty-lviv_sc-dnipro-1/index/spielbericht/3264440
[2808478] Failed to scrape lineup: https://www.transfermarkt.co.uk/spielbericht/index/spielbericht/2808478
[3148587] Could not find attributes for jordan marshall (Queen of the South FC, 2018)
[3148587] Failed to build match row: Queen of the South FC vs Dundee Football Club
[2732154] Could not find attributes for jakub brabec (Koninklijke Racing Club Genk, 2016)
[2732154] Failed to build match row: Koninklijke Racing Club Genk vs Koninklijke Atletiek Associatie Gent
[2903741] Failed to scrape lineup: https://www.transfermarkt.co.uk/dundee-fc_heart-of-midlothian-fc/index/spielbericht/2903741
[2486012] Could not find attributes for andriy lenchinkov (Cherkaskyi Dnipro, 2014)
[2486012] Failed to build match row: Cherkaskyi Dnipro vs Goverla Uzhgorod (- 2016)
[2494458] Could not find attributes for dimitrios kyriakidis (AO Xanthi, 2014)
[2494458] Failed to build match row: AO Xanthi vs Veria NPS
[3080314] Could not find attributes for martin woods (Dundee Football Club, 2018)
[3080314] Failed to build match row: Dundee Football Club vs Livingston Football Club
[2884089] Could not find attributes for domagoj vida (Beşiktaş Jimnastik Kulübü, 2017)
[2884089] Failed to build match row: Beşiktaş Jimnastik Kulübü vs Yeni Malatyaspor
[3406929] Could not find attributes for yuriy dyupin (FC Rubin Kazan, 2020)
[3406929] Failed to build match row: FC Rubin Kazan vs Ural Yekaterinburg
[3087355] Could not find attributes for aleksandr gutor (Dynamo Brest, 2018)
[2508547] Could not find attributes for yevgen borovyk (Metalurg Zaporizhya (-2016), 2014)
[2508547] Failed to build match row: Metalurg Zaporizhya (-2016) vs FC Shakhtar Donetsk
[3080315] Could not find attributes for callumn morrison (Heart of Midlothian Football Club, 2018)
[3080315] Failed to build match row: Heart of Midlothian Football Club vs Hamilton Academical FC
[3201781] Could not find attributes for lewis moore (Heart of Midlothian Football Club, 2019)
[2604276] Could not find attributes for urby emanuelson (Verona Hellas Football Club, 2015)
[3201781] Failed to build match row: Saint Mirren Football Club vs Heart of Midlothian Football Club
[2604276] Failed to build match row: Bologna Football Club 1909 vs Verona Hellas Football Club
[2479506] Could not find attributes for carlitos (SC Farense, 2014)
[2479506] Failed to build match row: SC Farense vs GD Chaves
[2367339] Could not find attributes for idrissa sylla (Sportvereniging Zulte Waregem, 2013)
[2367339] Failed to build match row: Sportvereniging Zulte Waregem vs FC Rubin Kazan
[2486013] Could not find attributes for andriy oliynyk (Kremin Kremenchuk, 2014)
[2486013] Failed to build match row: Kremin Kremenchuk vs FC Zorya Lugansk

Keepers & outfield error for **Nooit Opgeven Altijd Doorzetten Aangenaam Door Vermaak En Nuttig Door Ontspanning Combinatie Breda** in Nooit Opgeven Altijd Doorzetten Aangenaam Door Vermaak En Nuttig Door Ontspanning Combinatie Breda vs Football Club Twente: Numbers: 2 and 9.
[2867585] Failed to build match row: Nooit Opgeven Altijd Doorzetten Aangenaam Door Vermaak En Nuttig Door Ontspanning Combinatie Breda vs Football Club Twente
[3111520] Could not find attributes for yaroslav godzyur (Ural Yekaterinburg, 2018)
[3111520] Failed to build match row: Ural Yekaterinburg vs PFK Krylya Sovetov Samara
[2494459] Could not find attributes for anestis anastasiadis (AEL Kalloni, 2014)
[2494459] Failed to build match row: AEL Kalloni vs Panthessalonikios Athlitikos Omilos Konstantinoupoliton
[3406930] Could not find attributes for egor shamov (Arsenal Tula, 2020)
[3406930] Failed to build match row: Arsenal Tula vs FK Ufa
[2718954] Could not find attributes for andreas pereira (Granada CF, 2016)
[2718954] Failed to build match row: Granada CF vs Alaves
[2758366] Could not find attributes for ognjen vranjes (Tom Tomsk, 2016)
[2758366] Failed to build match row: Tom Tomsk vs Arsenal Tula

Keepers & outfield error for **Córdoba CF** in Getafe Club de Fútbol S. A. D. Team Dubai vs Córdoba CF: Numbers: 0 and 11.
[2475240] Failed to build match row: Getafe Club de Fútbol S. A. D. Team Dubai vs Córdoba CF

Keepers & outfield error for **Sport Lisboa e Benfica** in Moreirense Futebol Clube vs Sport Lisboa e Benfica: Numbers: 0 and 11.
[2613550] Failed to build match row: Moreirense Futebol Clube vs Sport Lisboa e Benfica
[2979777] Could not find attributes for musallem fayez (Al-Jazira Club, 2017)
[2979777] Failed to build match row: Al-Jazira Club vs Urawa Red Diamonds
[3305365] Could not find attributes for luis perez (CD Tenerife, 2019)
[3305365] Failed to build match row: CD Tenerife vs Real Valladolid CF
[3069925] Could not find attributes for serdar tasci (İstanbul Başakşehir Futbol Kulübü, 2018)
[3069925] Failed to build match row: İstanbul Başakşehir Futbol Kulübü vs Fenerbahçe Spor Kulübü

Keepers & outfield error for **Futebol Clube de Arouca** in Futebol Clube de Arouca vs FC Paços de Ferreira: Numbers: 2 and 9.
[2613551] Failed to build match row: Futebol Clube de Arouca vs FC Paços de Ferreira
[2698301] Could not find attributes for gareth mcauley (West Bromwich Albion, 2016)
[2698301] Failed to build match row: West Bromwich Albion vs Hull City
[2653524] Could not find attributes for georgios athanasiadis (Panthrakikos Komotini, 2015)
[2653524] Failed to build match row: Panthrakikos Komotini vs Panetolikos Agrinio
[2329403] Failed to scrape lineup: https://www.transfermarkt.co.uk/viborg-ff_odense-boldklub/index/spielbericht/2329403
[2586901] Failed to scrape lineup: https://www.transfermarkt.co.uk/olympique-marseille_angers-sco/index/spielbericht/2586901
[2723373] Failed to scrape lineup: https://www.transfermarkt.co.uk/spielbericht/index/spielbericht/2723373
[2367340] Could not find attributes for aleksander rajcevic (NK Maribor, 2013)
[2367340] Failed to build match row: NK Maribor vs Wigan Athletic
[2808479] Failed to scrape lineup: https://www.transfermarkt.co.uk/spielbericht/index/spielbericht/2808479

Keepers & outfield error for **Espanol** in Espanol vs Real Sociedad de Fútbol S.A.D.: Numbers: 2 and 9.
[2475241] Failed to build match row: Espanol vs Real Sociedad de Fútbol S.A.D.
[3111521] Could not find attributes for aleksandr belenov (FK Ufa, 2018)
[3111521] Failed to build match row: FK Ufa vs FC Rubin Kazan
.uk/ksc-lokeren-2020-_kvrs-waasland-sk-beveren/index/spielbericht/2732155
[2494460] Could not find attributes for konstantinos theodoropoulos (A.G.S Asteras Tripolis, 2014)
[2494460] Failed to build match row: A.G.S Asteras Tripolis vs PAS Giannina
[3069926] Could not find attributes for ondrej celustka (Antalyaspor, 2018)
[3069926] Failed to build match row: Galatasaray Spor Kulübü vs Antalyaspor
[2351970] Could not find attributes for paito (AO Xanthi, 2013)
[2351970] Failed to build match row: AO Xanthi vs Panetolikos Agrinio
[2867586] Could not find attributes for terell ondaan (Prins Hendrik Ende Desespereert Nimmer Combinatie Zwolle, 2017)
[2867586] Failed to build match row: Prins Hendrik Ende Desespereert Nimmer Combinatie Zwolle vs Alkmaar Zaanstreek
[3264441] Could not find attributes for nazariy rusyn (Futbolniy Klub Dynamo Kyiv, 2019)
[3264441] Failed to build match row: Futbolniy Klub Dynamo Kyiv vs Vorskla Poltava
[2903742] Failed to scrape lineup: https://www.transfermarkt.co.uk/motherwell-fc_partick-thistle-fc/index/spielbericht/2903742
[2340257] Failed to scrape lineup: https://www.transfermarkt.co.uk/vitoria-guimaraes-sc_sporting-cp/index/spielbericht/2340257
[2613552] Could not find attributes for emmanuel hackman (Boavista FC, 2015)
[2486014] Could not find attributes for nazariy fedorivskyi (FK Obolon Kyiv, 2014)

Keepers & outfield error for **Girona Fútbol Club S. A. D.** in Girona Fútbol Club S. A. D. vs Villarreal Club de Fútbol S.A.D.: Numbers: 0 and 11.
[2613552] Failed to build match row: Boavista FC vs Sporting Clube de Braga
[2486014] Failed to build match row: FK Obolon Kyiv vs FC Shakhtar Donetsk
[3305366] Failed to build match row: Girona Fútbol Club S. A. D. vs Villarreal Club de Fútbol S.A.D.
[2884090] Failed to scrape lineup: https://www.transfermarkt.co.uk/kardemir-karabukspor_bursaspor/index/spielbericht/2884090
[3148599] Could not find attributes for nikolaos melissas (PAS Lamia 1964, 2018)
[3148599] Failed to build match row: PAS Lamia 1964 vs Panetolikos Agrinio
[2921408] Could not find attributes for aleksandr belenov (FK Ufa, 2017)
[2921408] Failed to build match row: FK Ufa vs Ural Yekaterinburg
[2723375] Could not find attributes for denys starchenko (Energiya Nova Kakhovka, 2016)
[2723375] Failed to build match row: Energiya Nova Kakhovka vs Zhemchuzhyna Odesa
[3069927] Could not find attributes for jose sosa (Trabzonspor Kulübü, 2018)
[3069927] Failed to build match row: Trabzonspor Kulübü vs Akhisarspor
[2329404] Failed to scrape lineup: https://www.transfermarkt.co.uk/viborg-ff_fc-midtjylland/index/spielbericht/2329404
[2421948] Failed to scrape lineup: https://www.transfermarkt.co.uk/spielbericht/index/spielbericht/2421948
[3223253] Failed to scrape lineup: https://www.transfermarkt.co.uk/yeni-malatyaspor_kasimpasa/index/spielbericht/3223253
[3080316] Failed to scrape lineup: https://www.transfermarkt.co.uk/motherwell-fc_kilmarnock-fc/index/spielbericht/3080316
[2586902] Failed to scrape lineup: https://www.transfermarkt.co.uk/montpellier-hsc_fc-lorient/index/spielbericht/2586902
[2701672] Failed to scrape lineup: https://www.transfermarkt.co.uk/fc-lorient_fc-nantes/index/spielbericht/2701672
[2604277] Failed to scrape lineup: https://www.transfermarkt.co.uk/atalanta-bc_ac-milan/index/spielbericht/2604277
[3201782] Could not find attributes for lewis moore (Heart of Midlothian Football Club, 2019)
[3201782] Failed to build match row: Hibernian Football Club vs Heart of Midlothian Football Club
[2494461] Could not find attributes for bojan saranov (GS Ergotelis, 2014)
[2342501] Could not find attributes for roland alberg (ADO Den Haag, 2013)
[2494461] Failed to build match row: GS Ergotelis vs Panionios Athens

Keepers & outfield error for **Associazione Calcio Fiorentina** in Associazione Calcio Fiorentina vs Dnipro Dnipropetrovsk (-2020): Numbers: 0 and 11.
[2342501] Failed to build match row: ADO Den Haag vs Football Club Groningen
[2367341] Failed to build match row: Associazione Calcio Fiorentina vs Dnipro Dnipropetrovsk (-2020)
[2921409] Could not find attributes for mikhail bakaev (Anzhi Makhachkala ( -2022), 2017)
[2921409] Failed to build match row: Anzhi Makhachkala ( -2022) vs Футбольный клуб "Локомотив" Москва
[2723376] Could not find attributes for boy waterman (APOEL Nicosia, 2016)
[2723376] Failed to build match row: Rosenborg Ballklub vs APOEL Nicosia
[3407692] Failed to scrape lineup: https://www.transfermarkt.co.uk/spielbericht/index/spielbericht/3407692
[2351971] Could not find attributes for sebastian przyrowski (APO Levadiakos Football Club, 2013)
[3111522] Could not find attributes for anton shunin (FK Dinamo Moskva, 2018)
[2351971] Failed to build match row: APO Levadiakos Football Club vs Panionios Athens
[3111522] Failed to build match row: FK Dinamo Moskva vs AO FK Zenit Sankt-Peterburg
[3223254] Could not find attributes for zoran kvrzic (Kayserispor Kulübü, 2019)
[3223254] Failed to build match row: Fenerbahçe Spor Kulübü vs Kayserispor Kulübü
[2421949] Could not find attributes for vitaliy myrnyi (Cherkaskyi Dnipro, 2013)
[2421949] Failed to build match row: Cherkaskyi Dnipro vs Nyva Ternopil
[3058613] Failed to scrape lineup: https://www.transfermarkt.co.uk/borussia-dortmund_bayer-04-leverkusen/index/spielbericht/3058613
[2897193] Failed to scrape lineup: https://www.transfermarkt.co.uk/ssc-napoli_benevento-calcio/index/spielbericht/2897193
[3264442] Could not find attributes for yevgen past (Desna Chernigiv, 2019)
[3264442] Failed to build match row: FC Shakhtar Donetsk vs Desna Chernigiv
[2808480] Could not find attributes for julian calor (Vitesse Arnhem, 2016)
[2808480] Failed to build match row: Vitesse Arnhem vs Feyenoord Rotterdam
[3237921] Failed to scrape lineup: https://www.transfermarkt.co.uk/kas-eupen_zulte-waregem/index/spielbericht/3237921
 S.A.D.: Numbers: 0 and 11.
[2981467] Failed to scrape lineup: https://www.transfermarkt.co.uk/spielbericht/index/spielbericht/2981467
[3305368] Failed to build match row: Real Zaragoza vs Real Club Deportivo Mallorca S.A.D.

Keepers & outfield error for **The Celtic Football Club** in The Celtic Football Club vs Dundee Football Club: Numbers: 2 and 9.
[3210089] Could not find attributes for nemanja radoja (Levante Unión Deportiva S.A.D., 2019)
[2579920] Failed to build match row: The Celtic Football Club vs Dundee Football Club
[3210089] Failed to build match row: Levante Unión Deportiva S.A.D. vs Real Betis Balompié S.A.D.
[2367342] Failed to scrape lineup: https://www.transfermarkt.co.uk/spielbericht/index/spielbericht/2367342
[2629044] Failed to scrape lineup: https://www.transfermarkt.co.uk/spielbericht/index/spielbericht/2629044
[2875180] Could not find attributes for zeca (Football Club København, 2017)
[2875180] Failed to build match row: AC Horsens vs Football Club København
[2732157] Could not find attributes for ishak belfodil (Royal Standard Club de Liège, 2016)
[2732157] Failed to build match row: St Truiden vs Royal Standard Club de Liège
[2351972] Could not find attributes for anestis anastasiadis (AEL Kalloni, 2013)
[2351972] Failed to build match row: AEL Kalloni vs AO Platanias

Keepers & outfield error for **Académica Coimbra** in Académica Coimbra vs Rio Ave Futebol Clube: Numbers: 2 and 9.
[2340258] Failed to build match row: Académica Coimbra vs Rio Ave Futebol Clube
[3148600] Could not find attributes for bibars natcho (Olympiakos Syndesmos Filathlon Peiraios, 2018)
[3148600] Failed to build match row: Olympiakos Syndesmos Filathlon Peiraios vs Panionios Athens
[2486015] Could not find attributes for dmytro kozachenko (Zirka Kropyvnytskyi, 2014)
[2486015] Failed to build match row: Zirka Kropyvnytskyi vs Futbolniy Klub Dynamo Kyiv
[2342502] Could not find attributes for evander sno (RKC Waalwijk, 2013)
[2342502] Failed to build match row: RKC Waalwijk vs ADO Den Haag
[2921410] Could not find attributes for felicio brown (Amkar Perm, 2017)

Keepers & outfield error for **Rayo Vallecano de Madrid S. A. D.** in Real Madrid Club de Fútbol vs Rayo Vallecano de Madrid S. A. D.: Numbers: 0 and 11.
[2921410] Failed to build match row: FK Rostov vs Amkar Perm
[2594621] Failed to build match row: Real Madrid Club de Fútbol vs Rayo Vallecano de Madrid S. A. D.
[2494463] Could not find attributes for stathis tavlaridis (Panathinaikos Athlitikos Omilos, 2014)
[2494463] Failed to build match row: Panathinaikos Athlitikos Omilos vs APO Levadiakos Football Club
[2723377] Could not find attributes for boy waterman (APOEL Nicosia, 2016)
[2723377] Failed to build match row: APOEL Nicosia vs Rosenborg Ballklub
[2903744] Could not find attributes for lewis spence (Dundee Football Club, 2017)
[2532477] Failed to scrape lineup: https://www.transfermarkt.co.uk/fc-copenhagen_randers-fc/index/spielbericht/2532477
[2903744] Failed to build match row: The Celtic Football Club vs Dundee Football Club
[3305369] Could not find attributes for nemanja radoja (Levante Unión Deportiva S.A.D., 2019)
[2479507] Could not find attributes for amar zildzovic (Clube Desportivo de Tondela, 2014)
[3223255] Could not find attributes for baris yardimci (Sivasspor, 2019)
[2479507] Failed to build match row: Clube Desportivo de Tondela vs Leixões SC
[3223255] Failed to build match row: Sivasspor vs Denizlispor
. vs Levante Unión Deportiva S.A.D.

Keepers & outfield error for **Verona Hellas Football Club** in Associazione Sportiva Roma vs Verona Hellas Football Club: Numbers: 0 and 11.
[2897194] Failed to build match row: Associazione Sportiva Roma vs Verona Hellas Football Club
[2758368] Failed to scrape lineup: https://www.transfermarkt.co.uk/terek-grozny_amkar-perm/index/spielbericht/2758368
Not enough players found for lineup: 11, 0.
[2629045] Failed to scrape lineup: https://www.transfermarkt.co.uk/spielbericht/index/spielbericht/2629045
[2613553] Failed to scrape lineup: https://www.transfermarkt.co.uk/estoril-praia_fc-porto/index/spielbericht/2613553
[2342503] Could not find attributes for hans hateboer (Football Club Groningen, 2013)
[2342503] Failed to build match row: Football Club Groningen vs Feyenoord Rotterdam
[3201783] Could not find attributes for nicke kabamba (Kilmarnock Football Club, 2019)
[3201783] Failed to build match row: Kilmarnock Football Club vs Aberdeen Football Club
[2884091] Failed to scrape lineup: https://www.transfermarkt.co.uk/konyaspor_kasimpasa/index/spielbericht/2884091
[3148601] Could not find attributes for georgios strezos (Omilos Filathlon Irakliou FC, 2018)
[3148601] Failed to build match row: Omilos Filathlon Irakliou FC vs AO Xanthi
[2698303] Failed to scrape lineup: https://www.transfermarkt.co.uk/leicester-city_sunderland-afc/index/spielbericht/2698303
[2367343] Could not find attributes for dionysis chiotis (APOEL Nicosia, 2013)
[2367343] Failed to build match row: Eintracht Frankfurt Fußball AG vs APOEL Nicosia
[3264443] Failed to scrape lineup: https://www.transfermarkt.co.uk/fk-mariupol_zorya-lugansk/index/spielbericht/3264443
[3210090] Failed to scrape lineup: https://www.transfermarkt.co.uk/ca-osasuna_cd-leganes/index/spielbericht/3210090
Not enough players found for lineup: 0, 0.
[2723378] Failed to scrape lineup: https://www.transfermarkt.co.uk/spielbericht/index/spielbericht/2723378
[2732158] Failed to scrape lineup: https://www.transfermarkt.co.uk/kv-mechelen_r-charleroi-sc/index/spielbericht/2732158

Keepers & outfield error for **Göztepe Sportif Yatırımlar A.Ş.** in Göztepe Sportif Yatırımlar A.Ş. vs Kasımpaşa A.Ş.: Numbers: 0 and 11.
[2340259] Failed to scrape lineup: https://www.transfermarkt.co.uk/sl-benfica_cd-nacional/index/spielbericht/2340259
[2486125] Failed to scrape lineup: https://www.transfermarkt.co.uk/spielbericht/index/spielbericht/2486125
[2494464] Could not find attributes for manolis stefanakos (Panetolikos Agrinio, 2014)
[3069928] Failed to build match row: Göztepe Sportif Yatırımlar A.Ş. vs Kasımpaşa A.Ş.
[2494464] Failed to build match row: Panetolikos Agrinio vs Omilos Filathlon Irakliou FC

Keepers & outfield error for **Hamilton Academical FC** in Hamilton Academical FC vs Motherwell Football Club: Numbers: 2 and 9.
[2508548] Could not find attributes for denys boyko (Dnipro Dnipropetrovsk (-2020), 2014)
[2701673] Failed to scrape lineup: https://www.transfermarkt.co.uk/montpellier-hsc_sm-caen/index/spielbericht/2701673
[2903745] Failed to build match row: Hamilton Academical FC vs Motherwell Football Club
[2586903] Failed to scrape lineup: https://www.transfermarkt.co.uk/ea-guingamp_as-monaco/index/spielbericht/2586903
[3088877] Could not find attributes for yaroslav godzyur (Ural Yekaterinburg, 2018)
[3088877] Failed to build match row: Ural Yekaterinburg vs FK Dinamo Moskva
[2351973] Could not find attributes for sokratis dioudis (Aris Thessalonikis, 2013)
[2351973] Failed to build match row: Panthessalonikios Athlitikos Omilos Konstantinoupoliton vs Aris Thessalonikis

Keepers & outfield error for **Vitória Sport Clube** in Vitória Sport Clube vs CF União Madeira (-2021): Numbers: 0 and 11.
[2613554] Failed to build match row: Vitória Sport Clube vs CF União Madeira (-2021)

Keepers & outfield error for **Getafe Club de Fútbol S. A. D. Team Dubai** in Valencia Club de Fútbol S. A. D. vs Getafe Club de Fútbol S. A. D. Team Dubai: Numbers: 2 and 9.
[3111523] Failed to scrape lineup: https://www.transfermarkt.co.uk/spartak-moscow_arsenal-tula/index/spielbericht/3111523
[2594623] Failed to build match row: Valencia Club de Fútbol S. A. D. vs Getafe Club de Fútbol S. A. D. Team Dubai
[2479508] Could not find attributes for pedro taborda (SC Covilhã, 2014)
[2479508] Failed to build match row: SC Covilhã vs SC Freamunde
[2732159] Failed to scrape lineup: https://www.transfermarkt.co.uk/kv-oostende-2024-_kas-eupen/index/spielbericht/2732159
[2329406] Could not find attributes for johan sellberg wiland (Football Club København, 2013)
[2329406] Failed to build match row: Brøndby Idrætsforening vs Football Club København
[3058614] Failed to scrape lineup: https://www.transfermarkt.co.uk/rb-leipzig_tsg-1899-hoffenheim/index/spielbericht/3058614
[3305373] Could not find attributes for pablo fid (UD Logroñés, 2019)
[3305373] Failed to build match row: UD Logroñés vs Valencia Club de Fútbol S. A. D.
[3201784] Could not find attributes for robby mccrorie (Livingston Football Club, 2019)
[3201784] Failed to build match row: Livingston Football Club vs The Celtic Football Club
[3080318] Failed to scrape lineup: https://www.transfermarkt.co.uk/st-mirren-fc_st-johnstone-fc/index/spielbericht/3080318
[2629046] Failed to scrape lineup: https://www.transfermarkt.co.uk/spielbericht/index/spielbericht/2629046

Keepers & outfield error for **Manchester City Football Club** in Manchester City Football Club vs Sunderland Association Football Club: Numbers: 2 and 9.
[2332168] Failed to build match row: Manchester City Football Club vs Sunderland Association Football Club
[2884092] Failed to scrape lineup: https://www.transfermarkt.co.uk/fenerbahce_antalyaspor/index/spielbericht/2884092
[3148602] Failed to scrape lineup: https://www.transfermarkt.co.uk/apollon-smyrnis_asteras-tripolis/index/spielbericht/3148602
[2351974] Failed to scrape lineup: https://www.transfermarkt.co.uk/paok-thessaloniki_asteras-tripolis/index/spielbericht/2351974
[2367344] Failed to scrape lineup: https://www.transfermarkt.co.uk/spielbericht/index/spielbericht/2367344
[2897196] Failed to scrape lineup: https://www.transfermarkt.co.uk/spal-2013_cagliari-calcio/index/spielbericht/2897196
[2613555] Failed to scrape lineup: https://www.transfermarkt.co.uk/cd-nacional_cd-tondela/index/spielbericht/2613555
[2508549] Could not find attributes for roman mysak (Karpaty Lviv (-2021), 2014)
[2508549] Failed to build match row: Karpaty Lviv (-2021) vs Goverla Uzhgorod (- 2016)
[2808906] Could not find attributes for jonny edwards (Accrington Stanley, 2016)
[2808906] Failed to build match row: Accrington Stanley vs Luton Town
[2494465] Could not find attributes for georgios athanasiadis (Panthrakikos Komotini, 2014)
[2494465] Failed to build match row: Panthrakikos Komotini vs AOK Kerkyra
[3048411] Could not find attributes for pierre venturini (SV Linx, 2018)
[3048411] Failed to build match row: SV Linx vs 1.FC Nuremberg
[2701674] Could not find attributes for younes belhanda (Olympique Gymnaste Club Nice Côte d'Azur, 2016)
[2701674] Failed to build match row: Olympique Gymnaste Club Nice Côte d'Azur vs Olympique Lyonnais
[2653525] Failed to scrape lineup: https://www.transfermarkt.co.uk/pas-giannina_aek-athens/index/spielbericht/2653525
[2579922] Could not find attributes for theo robinson (Motherwell Football Club, 2015)
[2579922] Failed to build match row: Hamilton Academical FC vs Motherwell Football Club
[3088878] Could not find attributes for rade dugalic (Enisey Krasnoyarsk, 2018)
[3088878] Failed to build match row: Enisey Krasnoyarsk vs PFK CSKA Moskva
[2332169] Failed to scrape lineup: https://www.transfermarkt.co.uk/newcastle-united_tottenham-hotspur/index/spielbericht/2332169
[2732160] Failed to scrape lineup: https://www.transfermarkt.co.uk/club-brugge-kv_royal-excel-mouscron-2022-/index/spielbericht/2732160
[3216180] Failed to scrape lineup: https://www.transfermarkt.co.uk/fc-emmen_sparta-rotterdam/index/spielbericht/3216180
[2329407] Failed to scrape lineup: https://www.transfermarkt.co.uk/fc-copenhagen_viborg-ff/index/spielbericht/2329407
[3305447] Failed to scrape lineup: https://www.transfermarkt.co.uk/spielbericht/index/spielbericht/3305447
[2594624] Failed to scrape lineup: https://www.transfermarkt.co.uk/deportivo-de-la-coruna_sd-eibar/index/spielbericht/2594624
[2808907] Failed to scrape lineup: https://www.transfermarkt.co.uk/spielbericht/index/spielbericht/2808907
[2884093] Failed to scrape lineup: https://www.transfermarkt.co.uk/basaksehir-fk_kayserispor/index/spielbericht/2884093
[2613556] Failed to scrape lineup: https://www.transfermarkt.co.uk/rio-ave-fc_vitoria-setubal-fc/index/spielbericht/2613556
[2629047] Failed to scrape lineup: https://www.transfermarkt.co.uk/spielbericht/index/spielbericht/2629047
[3058615] Could not find attributes for oscar wendt (Mönchengladbach, 2018)
[3058615] Failed to build match row: Mönchengladbach vs Verein für Leibesübungen Wolfsburg
[2701675] Failed to scrape lineup: https://www.transfermarkt.co.uk/olympique-marseille_fc-metz/index/spielbericht/2701675
[2758369] Failed to scrape lineup: https://www.transfermarkt.co.uk/lokomotiv-moskau_fc-ufa/index/spielbericht/2758369
[3088879] Failed to scrape lineup: https://www.transfermarkt.co.uk/spartak-moscow_anzhi-makhachkala-2022-/index/spielbericht/3088879
[3148603] Could not find attributes for ogmundur kristinsson (Athlitiki Enosi Larisas, 2018)
[3148603] Failed to build match row: Athlitiki Enosi Larisas vs APS Atromitos Athinon
[3305448] Failed to scrape lineup: https://www.transfermarkt.co.uk/spielbericht/index/spielbericht/3305448

Keepers & outfield error for **UD Almería** in UD Almería vs Elche Club de Fútbol S.A.D.: Numbers: 0 and 11.
[2475244] Failed to build match row: UD Almería vs Elche Club de Fútbol S.A.D.
[2629048] Failed to scrape lineup: https://www.transfermarkt.co.uk/spielbericht/index/spielbericht/2629048

Keepers & outfield error for **Sporting Clube de Portugal** in Futebol Clube do Porto vs Sporting Clube de Portugal: Numbers: 2 and 9.
[2340260] Failed to build match row: Futebol Clube do Porto vs Sporting Clube de Portugal
[2351975] Could not find attributes for danijel pranjic (Panathinaikos Athlitikos Omilos, 2013)
[2351975] Failed to build match row: Panathinaikos Athlitikos Omilos vs Panthrakikos Komotini
[3058616] Failed to scrape lineup: https://www.transfermarkt.co.uk/sv-werder-bremen_vfb-stuttgart/index/spielbericht/3058616
[2884094] Failed to scrape lineup: https://www.transfermarkt.co.uk/akhisarspor_goztepe/index/spielbericht/2884094
[2460719] Could not find attributes for ragnar klavan (Fußball-Club Augsburg 1907, 2014)
[2460719] Failed to build match row: Fußball-Club Augsburg 1907 vs SC Paderborn 07

Keepers & outfield error for **Società Sportiva Calcio Napoli** in Udinese Calcio vs Società Sportiva Calcio Napoli: Numbers: 0 and 11.
[2604278] Failed to build match row: Udinese Calcio vs Società Sportiva Calcio Napoli
[2421950] Could not find attributes for mykola pletenytskyi (FK Ternopil, 2013)
[2421950] Failed to build match row: FK Ternopil vs Chornomorets Odesa
[3111524] Could not find attributes for andrey sinitsyn (FK Krasnodar, 2018)
[3111524] Failed to build match row: FK Krasnodar vs RFK Akhmat Grozny
Not enough players found for lineup: 0, 0.

Keepers & outfield error for **Futebol Clube de Arouca** in Futebol Clube do Porto vs Futebol Clube de Arouca: Numbers: 3 and 8.
[2479509] Failed to scrape lineup: https://www.transfermarkt.co.uk/spielbericht/index/spielbericht/2479509
[2613557] Failed to build match row: Futebol Clube do Porto vs Futebol Clube de Arouca
[3088880] Could not find attributes for ilya abaev (FK Rostov, 2018)
[3088880] Failed to build match row: FK Rostov vs PFK Krylya Sovetov Samara
[2723379] Could not find attributes for denys zavgorodniy (Ingulets Petrove, 2016)
[2723379] Failed to build match row: Ingulets Petrove vs MFK Mykolaiv
[3216182] Could not find attributes for fabian sporkslede (RKC Waalwijk, 2019)
[3216182] Failed to build match row: RKC Waalwijk vs Football Club Twente
[3058617] Could not find attributes for hendrik weydandt (Hannover 96, 2018)
[3058617] Failed to build match row: Hannover 96 vs Eintracht Frankfurt Fußball AG

Keepers & outfield error for **Gaziantep Futbol Kulübü A.Ş.** in Galatasaray Spor Kulübü vs Gaziantep Futbol Kulübü A.Ş.: Numbers: 2 and 9.
[3223257] Failed to build match row: Galatasaray Spor Kulübü vs Gaziantep Futbol Kulübü A.Ş.
[3148604] Could not find attributes for vladimir bajic (APO Levadiakos Football Club, 2018)
[3148604] Failed to build match row: APO Levadiakos Football Club vs Panathinaikos Athlitikos Omilos
[3264444] Could not find attributes for volodymyr krynskyi (Olimpik Donetsk, 2019)
[3080319] Could not find attributes for martin woods (Dundee Football Club, 2018)
[3264444] Failed to build match row: Olimpik Donetsk vs PFK Lviv

Keepers & outfield error for **Beşiktaş Jimnastik Kulübü** in Galatasaray Spor Kulübü vs Beşiktaş Jimnastik Kulübü: Numbers: 2 and 9.
[2421951] Could not find attributes for andriy fedorenko (Desna Chernigiv, 2013)
[2884096] Failed to build match row: Galatasaray Spor Kulübü vs Beşiktaş Jimnastik Kulübü
[2421951] Failed to build match row: Desna Chernigiv vs FC Shakhtar Donetsk
[2897197] Failed to scrape lineup: https://www.transfermarkt.co.uk/torino-fc_uc-sampdoria/index/spielbericht/2897197
[2367345] Failed to scrape lineup: https://www.transfermarkt.co.uk/spielbericht/index/spielbericht/2367345
[3216183] Could not find attributes for joey veerman (Sportclub Heerenveen, 2019)
[3216183] Failed to build match row: Sportclub Heerenveen vs Heracles Almelo
[2479510] Could not find attributes for kodjo alphonse (Académico Viseu FC, 2014)
[2479510] Failed to build match row: Académico Viseu FC vs Portimonense SC
[2508629] Could not find attributes for ross campbell (Bo'ness United FC, 2014)
[2508629] Failed to build match row: Bo'ness United FC vs Elgin City FC
[2494466] Failed to scrape lineup: https://www.transfermarkt.co.uk/ao-platanias_atromitos-athens/index/spielbericht/2494466
[2875183] Failed to scrape lineup: https://www.transfermarkt.co.uk/odense-boldklub_sonderjyske/index/spielbericht/2875183
[2653526] Failed to scrape lineup: https://www.transfermarkt.co.uk/ao-platanias_olympiacos-piraeus/index/spielbericht/2653526
[3201787] Could not find attributes for callum booth (St. Johnstone FC, 2019)
[3201787] Failed to build match row: Saint Mirren Football Club vs St. Johnstone FC
[2921414] Failed to build match row: RFK Akhmat Grozny vs FK Ufa
[2329408] Failed to scrape lineup: https://www.transfermarkt.co.uk/fc-midtjylland_brondby-if/index/spielbericht/2329408
[2808908] Failed to scrape lineup: https://www.transfermarkt.co.uk/spielbericht/index/spielbericht/2808908
[3264445] Could not find attributes for yevgen cheberko (FC Zorya Lugansk, 2019)
[3264445] Failed to build match row: FC Zorya Lugansk vs Olimpik Donetsk
[2421952] Could not find attributes for danny seaborne (Coventry City, 2013)
[2421952] Failed to build match row: Arsenal Football Club vs Coventry City

Keepers & outfield error for **Villarreal Club de Fútbol S.A.D.** in Villarreal Club de Fútbol S.A.D. vs Espanol: Numbers: 0 and 11.
[2718958] Failed to build match row: Villarreal Club de Fútbol S.A.D. vs Espanol
[2342505] Failed to build match row: RKC Waalwijk vs AFC Ajax Amsterdam
[3148605] Could not find attributes for julian cuesta (Aris Thessalonikis, 2018)
[3148605] Failed to build match row: Aris Thessalonikis vs PAS Giannina
[3088881] Could not find attributes for evgeniy frolov (FC Orenburg, 2018)
[3088881] Failed to build match row: FC Orenburg vs Футбольный клуб "Локомотив" Москва
[2604279] Could not find attributes for albano bizzarri (Chievo Verona, 2015)
[2604279] Failed to build match row: Chievo Verona vs Palermo FC
[2758370] Failed to scrape lineup: https://www.transfermarkt.co.uk/krylya-sovetov-samara_cska-moscow/index/spielbericht/2758370
[2494474] Could not find attributes for ernestas setkus (AOK Kerkyra, 2014)
[2494474] Failed to build match row: AOK Kerkyra vs AO Xanthi
[2867589] Could not find attributes for yassin ayoub (Football Club Utrecht, 2017)
[2867589] Failed to build match row: VVV-Venlo vs Football Club Utrecht
[3305449] Failed to scrape lineup: https://www.transfermarkt.co.uk/spielbericht/index/spielbericht/3305449
[3069929] Could not find attributes for mucahit can akcay (Konyaspor, 2018)
[3069929] Failed to build match row: Beşiktaş Jimnastik Kulübü vs Konyaspor
[3048413] Could not find attributes for azur velagic (SV Rödinghausen, 2018)
[3112794] Could not find attributes for robin buwalda (Nijmegen Eendracht Combinatie, 2018)
[2653527] Could not find attributes for giannis anestis (Athlitiki Enosi Konstantinoupoleos, 2015)
[2367346] Could not find attributes for lukas schenkel (FC Thun, 2013)
[3048413] Failed to build match row: SV Rödinghausen vs SG Dynamo Dresden
[3112794] Failed to build match row: Nijmegen Eendracht Combinatie vs Fortuna Sittardia Combinatie
[2653527] Failed to build match row: Athlitiki Enosi Konstantinoupoleos vs Panthessalonikios Athlitikos Omilos Konstantinoupoliton
[2367346] Failed to build match row: FC Thun vs Koninklijke Racing Club Genk
[2351976] Failed to scrape lineup: https://www.transfermarkt.co.uk/ael-kalloni_skoda-xanthi/index/spielbericht/2351976
[2486234] Failed to scrape lineup: https://www.transfermarkt.co.uk/spielbericht/index/spielbericht/2486234
[3407693] Could not find attributes for anton antipov (Spartak Nalchik, 2020)
[3407693] Failed to build match row: Spartak Nalchik vs FK Essentuki (-2023)
[2340261] Failed to scrape lineup: https://www.transfermarkt.co.uk/sc-braga_gd-estoril-praia/index/spielbericht/2340261
[2532478] Could not find attributes for adam orn arnarson (Fodbold Club Nordsjælland, 2014)
[2532478] Failed to build match row: Sønderjyske Fodbold vs Fodbold Club Nordsjælland

Keepers & outfield error for **Aalborg BK** in Hobro IK vs Aalborg BK: Numbers: 2 and 9.
[2875184] Failed to build match row: Hobro IK vs Aalborg BK
Not enough players found for lineup: 0, 0.
[2479511] Failed to scrape lineup: https://www.transfermarkt.co.uk/spielbericht/index/spielbericht/2479511
[2494476] Could not find attributes for georgios kantimiris (Veria NPS, 2014)
[2494476] Failed to build match row: Veria NPS vs Omilos Filathlon Irakliou FC
[2332171] Failed to scrape lineup: https://www.transfermarkt.co.uk/liverpool-fc_swansea-city/index/spielbericht/2332171
[2329409] Could not find attributes for azer busuladzic (Odense Boldklub, 2013)
[2329409] Failed to build match row: Odense Boldklub vs Sønderjyske Fodbold
[2613558] Failed to scrape lineup: https://www.transfermarkt.co.uk/fc-pacos-de-ferreira_boavista-fc/index/spielbericht/2613558
[3148606] Could not find attributes for dmytro chygrynskyi (Athlitiki Enosi Konstantinoupoleos, 2018)
[3148606] Failed to build match row: Athlitiki Enosi Konstantinoupoleos vs Panthessalonikios Athlitikos Omilos Konstantinoupoliton
[3069930] Could not find attributes for dario melnjak (Çaykur Rizespor Kulübü, 2018)
[2724014] Failed to scrape lineup: https://www.transfermarkt.co.uk/spielbericht/index/spielbericht/2724014
[3069930] Failed to build match row: Çaykur Rizespor Kulübü vs Kayserispor Kulübü
[3088882] Could not find attributes for mikhail levashov (Arsenal Tula, 2018)
[3088882] Failed to build match row: Arsenal Tula vs RFK Akhmat Grozny

Keepers & outfield error for **SC Olhanense** in SC Olhanense vs Sporting Clube de Portugal: Numbers: 0 and 11.
[2340262] Failed to build match row: SC Olhanense vs Sporting Clube de Portugal
[3058618] Could not find attributes for chima okoroji (Sport-Club Freiburg, 2018)
[2508630] Could not find attributes for callum reidford (Stirling Albion FC, 2014)
[3058618] Failed to build match row: Sport-Club Freiburg vs Fußball-Club Augsburg 1907
[2508630] Failed to build match row: Stirling Albion FC vs Hurlford United FC

Keepers & outfield error for **UD Las Palmas** in UD Las Palmas vs Club Atlético Osasuna: Numbers: 2 and 9.
[2718959] Failed to build match row: UD Las Palmas vs Club Atlético Osasuna
[2460721] Failed to scrape lineup: https://www.transfermarkt.co.uk/hertha-bsc_hannover-96/index/spielbericht/2460721
[2653528] Could not find attributes for konstantinos dafkos (AEL Kalloni, 2015)

Keepers & outfield error for **The Celtic Football Club** in The Celtic Football Club vs Heart of Midlothian Football Club: Numbers: 2 and 9.
[3223258] Failed to scrape lineup: https://www.transfermarkt.co.uk/yeni-malatyaspor_goztepe/index/spielbericht/3223258
[2653528] Failed to build match row: AEL Kalloni vs Panthrakikos Komotini
[3201788] Could not find attributes for jamie gullan (Hibernian Football Club, 2019)
[2479512] Could not find attributes for accioly (Clube Desportivo Santa Clara, 2014)
[2579926] Failed to build match row: The Celtic Football Club vs Heart of Midlothian Football Club
[3201788] Failed to build match row: Aberdeen Football Club vs Hibernian Football Club
[2351977] Could not find attributes for dino seremet (Panthrakikos Komotini, 2013)
[2479512] Failed to build match row: Clube Desportivo Santa Clara vs SC Olhanense
[3305450] Could not find attributes for luke matheson (Rochdale AFC, 2019)
[2351977] Failed to build match row: Panthrakikos Komotini vs Panthessalonikios Athlitikos Omilos Konstantinoupoliton
[2367347] Could not find attributes for nicolai lorenzoni (Sport-Club Freiburg, 2013)
[3305450] Failed to build match row: Newcastle United Football Club vs Rochdale AFC
[2367347] Failed to build match row: Sport-Club Freiburg vs Sevilla Fútbol Club S.A.D.
[2494477] Could not find attributes for bojan saranov (GS Ergotelis, 2014)
[2494477] Failed to build match row: GS Ergotelis vs AEL Kalloni
[2629209] Failed to scrape lineup: https://www.transfermarkt.co.uk/kvrs-waasland-sk-beveren_kaa-gent/index/spielbericht/2629209
[2884097] Failed to scrape lineup: https://www.transfermarkt.co.uk/bursaspor_konyaspor/index/spielbericht/2884097
[3080320] Failed to scrape lineup: https://www.transfermarkt.co.uk/hamilton-academical-fc_motherwell-fc/index/spielbericht/3080320
[3150094] Could not find attributes for nemanja gudelj (Sporting Clube de Portugal, 2018)
[3150094] Failed to build match row: Futebol Clube do Porto vs Sporting Clube de Portugal
[2867591] Could not find attributes for nasser el khayati (ADO Den Haag, 2017)
[3069931] Could not find attributes for ante kulusic (MKE Ankaragücü, 2018)
[2867591] Failed to build match row: ADO Den Haag vs Roda JC Kerkrade
[2724015] Could not find attributes for abzal beysebekov (FC Astana, 2016)
[2613559] Could not find attributes for enaut zubikarai (Clube Desportivo de Tondela, 2015)
[2724015] Failed to build match row: FC Astana vs The Celtic Football Club
[2732163] Could not find attributes for jakub brabec (Koninklijke Racing Club Genk, 2016)
[2613559] Failed to build match row: Clube Desportivo de Tondela vs Vitória Sport Clube
[3069931] Failed to build match row: MKE Ankaragücü vs Bursaspor
[2732163] Failed to build match row: Royal Excel Mouscron (-2022) vs Koninklijke Racing Club Genk
[2329410] Could not find attributes for johan sellberg wiland (Football Club København, 2013)
[2921417] Could not find attributes for mikhail bakaev (Anzhi Makhachkala ( -2022), 2017)
[2329410] Failed to build match row: Esbjerg fB vs Football Club København
[2921417] Failed to build match row: FK Rostov vs Anzhi Makhachkala ( -2022)
[2903748] Could not find attributes for harry cochrane (Heart of Midlothian Football Club, 2017)
[2903748] Failed to build match row: Ross County FC vs Heart of Midlothian Football Club

Keepers & outfield error for **Association Football Club Bournemouth** in Association Football Club Bournemouth vs Liverpool Football Club: Numbers: 0 and 11.
[2421954] Failed to build match row: Association Football Club Bournemouth vs Liverpool Football Club

Keepers & outfield error for **Celta** in Celta vs Villarreal Club de Fútbol S.A.D.: Numbers: 0 and 11.
[2475245] Failed to build match row: Celta vs Villarreal Club de Fútbol S.A.D.
[3088883] Could not find attributes for aleksandr belenov (FK Ufa, 2018)
[3088883] Failed to build match row: FK Ufa vs FK Krasnodar
[3223259] Could not find attributes for levan shengelia (Konyaspor, 2019)
[3223259] Failed to build match row: Konyaspor vs Sivasspor
[2875186] Could not find attributes for zeca (Football Club København, 2017)
[2875186] Failed to build match row: Football Club København vs Brøndby Idrætsforening

Keepers & outfield error for **SD Eibar** in SD Eibar vs Real Madrid Club de Fútbol: Numbers: 2 and 9.
[2808909] Failed to scrape lineup: https://www.transfermarkt.co.uk/spielbericht/index/spielbericht/2808909
[2718960] Failed to build match row: SD Eibar vs Real Madrid Club de Fútbol
[2494478] Could not find attributes for michalis sifakis (APO Levadiakos Football Club, 2014)
[3407694] Could not find attributes for nikolay moskalenko (Forte Taganrog, 2020)
[2508631] Could not find attributes for jason marr (Alloa Athletic FC, 2014)
[2494478] Failed to build match row: APO Levadiakos Football Club vs A.G.S Asteras Tripolis
[3407694] Failed to build match row: Forte Taganrog vs Kuban Holding Pavlovskaya
[2508631] Failed to build match row: Alloa Athletic FC vs Ayr United FC
[2653529] Could not find attributes for andrey gorbunov (APS Atromitos Athinon, 2015)
[3264446] Could not find attributes for yevgen past (Desna Chernigiv, 2019)
[2653529] Failed to build match row: APS Atromitos Athinon vs PAS Giannina
[2479513] Could not find attributes for kheireddine zarabi (CF União Madeira (-2021), 2014)
[2701678] Failed to scrape lineup: https://www.transfermarkt.co.uk/stade-rennais-fc_fc-girondins-bordeaux/index/spielbericht/2701678
[3264446] Failed to build match row: Desna Chernigiv vs FK Mariupol
[2479513] Failed to build match row: CF União Madeira (-2021) vs UD Oliveirense
[2724016] Could not find attributes for peter klescik (AS Trencin, 2016)
[2532479] Could not find attributes for mads schafer bak (Hobro IK, 2014)
[2884098] Could not find attributes for mbaye diagne (Kasımpaşa A.Ş., 2017)
[2724016] Failed to build match row: Legia Warszawa Spółka Akcyjna vs AS Trencin
[2532479] Failed to build match row: Hobro IK vs Silkeborg Idrætsforening
[2884098] Failed to build match row: Kasımpaşa A.Ş. vs Fenerbahçe Spor Kulübü

Keepers & outfield error for **Willem II Tilburg** in Willem II Tilburg vs Fortuna Sittardia Combinatie: Numbers: 2 and 9.
[2351978] Could not find attributes for sokratis dioudis (Aris Thessalonikis, 2013)
[3216186] Failed to build match row: Willem II Tilburg vs Fortuna Sittardia Combinatie
[2351978] Failed to build match row: Aris Thessalonikis vs Panathinaikos Athlitikos Omilos

Keepers & outfield error for **Coventry City** in Coventry City vs Bristol Rovers: Numbers: 2 and 9.
[3305451] Failed to build match row: Coventry City vs Bristol Rovers
[2867592] Could not find attributes for roland baas (Heracles Almelo, 2017)
[2867592] Failed to build match row: Heracles Almelo vs Sparta Rotterdam
[3223260] Could not find attributes for zoran kvrzic (Kayserispor Kulübü, 2019)
[3223260] Failed to build match row: Kayserispor Kulübü vs Gençlerbirliği Spor Kulübü
[3112795] Could not find attributes for robbert schilder (SC Cambuur Leeuwarden, 2018)
[3112795] Failed to build match row: SC Cambuur Leeuwarden vs Koninklijke HFC Haarlem

Keepers & outfield error for **Athletic Club Bilbao** in Real Madrid Club de Fútbol vs Athletic Club Bilbao: Numbers: 2 and 9.
[2475246] Failed to build match row: Real Madrid Club de Fútbol vs Athletic Club Bilbao
[2718961] Could not find attributes for darko brasanac (Real Betis Balompié S.A.D., 2016)
[2718961] Failed to build match row: Real Betis Balompié S.A.D. vs Real Sociedad de Fútbol S.A.D.
[2732164] Could not find attributes for andriy totovytskyi (KV Kortrijk, 2016)
[2732164] Failed to build match row: KSC Lokeren (- 2020) vs KV Kortrijk
[2367348] Could not find attributes for lukas hrosso (FC Slovan Liberec, 2013)

Keepers & outfield error for **Vitória Setúbal FC** in Vitória Setúbal FC vs CS Marítimo: Numbers: 0 and 11.
[2367348] Failed to build match row: Grupo Desportivo Estoril Praia vs FC Slovan Liberec
[2613560] Failed to build match row: Vitória Setúbal FC vs CS Marítimo
[3088884] Could not find attributes for chico flores (FC Rubin Kazan, 2018)
 2018)
[2579927] Could not find attributes for riccardo calder (Dundee Football Club, 2015)
[3150465] Failed to build match row: Heart of Midlothian Football Club vs Auchinleck Talbot FC
[2579927] Failed to build match row: Dundee Football Club vs Ross County FC
[3088884] Failed to build match row: FC Rubin Kazan vs AO FK Zenit Sankt-Peterburg
[2421955] Could not find attributes for mickey demetriou (Kidderminster Harriers, 2013)
[2421955] Failed to build match row: Sunderland Association Football Club vs Kidderminster Harriers
[2867593] Could not find attributes for theo zwarthoed (Excelsior Rotterdam, 2017)
[2867593] Failed to build match row: AFC Ajax Amsterdam vs Excelsior Rotterdam
[2758371] Could not find attributes for joaozinho (FK Krasnodar, 2016)
[2758371] Failed to build match row: FK Krasnodar vs FK Rostov
[3080321] Could not find attributes for sean mackie (Hibernian Football Club, 2018)
[3080321] Failed to build match row: Hibernian Football Club vs Heart of Midlothian Football Club
[2875187] Could not find attributes for mohammad adnan (FC Helsingör, 2017)
[2875187] Failed to build match row: Fodbold Club Midtjylland vs FC Helsingör
[2494479] Could not find attributes for anastasios avlonitis (Olympiakos Syndesmos Filathlon Peiraios, 2014)
[2808910] Could not find attributes for markus henriksen (Hull City, 2016)
[2494479] Failed to build match row: Olympiakos Syndesmos Filathlon Peiraios vs Panetolikos Agrinio
[2808910] Failed to build match row: Hull City vs Swansea City
[2653530] Could not find attributes for georgios kantimiris (Veria NPS, 2015)
[2653530] Failed to build match row: Veria NPS vs Panetolikos Agrinio
[2921418] Could not find attributes for yuriy zhirkov (AO FK Zenit Sankt-Peterburg, 2017)
[2921418] Failed to build match row: FK Spartak Moskva vs AO FK Zenit Sankt-Peterburg

Keepers & outfield error for **Göztepe Sportif Yatırımlar A.Ş.** in Göztepe Sportif Yatırımlar A.Ş. vs Kardemir Karabükspor: Numbers: 0 and 11.
[2884099] Failed to build match row: Göztepe Sportif Yatırımlar A.Ş. vs Kardemir Karabükspor
[3264447] Could not find attributes for dmytro riznyk (Vorskla Poltava, 2019)
[3264447] Failed to build match row: Vorskla Poltava vs FC Shakhtar Donetsk
Not enough players found for lineup: 0, 0.
[2479514] Failed to scrape lineup: https://www.transfermarkt.co.uk/spielbericht/index/spielbericht/2479514
[3216187] Could not find attributes for crysencio summerville (ADO Den Haag, 2019)
[3216187] Failed to build match row: AFC Ajax Amsterdam vs ADO Den Haag
[2701679] Could not find attributes for yannis salibur (EA Guingamp, 2016)
[2701679] Failed to build match row: EA Guingamp vs Lille Olympique Sporting Club

Keepers & outfield error for **Futebol Clube do Porto** in Futebol Clube do Porto vs Liverpool Football Club: Numbers: 0 and 11.
[2981995] Failed to build match row: Futebol Clube do Porto vs Liverpool Football Club
[3223261] Could not find attributes for mickael tirpan (Kasımpaşa A.Ş., 2019)
[3223261] Failed to build match row: Kasımpaşa A.Ş. vs Fenerbahçe Spor Kulübü
[3210091] Could not find attributes for hatem ben arfa (Real Valladolid CF, 2019)
[3210091] Failed to build match row: Sevilla Fútbol Club S.A.D. vs Real Valladolid CF

Keepers & outfield error for **Nooit Opgeven Altijd Doorzetten Aangenaam Door Vermaak En Nuttig Door Ontspanning Combinatie Breda** in Sportclub Heerenveen vs Nooit Opgeven Altijd Doorzetten Aangenaam Door Vermaak En Nuttig Door Ontspanning Combinatie Breda: Numbers: 2 and 9.
[2867594] Failed to build match row: Sportclub Heerenveen vs Nooit Opgeven Altijd Doorzetten Aangenaam Door Vermaak En Nuttig Door Ontspanning Combinatie Breda

Keepers & outfield error for **Sporting Clube de Portugal** in Sporting Clube de Portugal vs Rio Ave Futebol Clube: Numbers: 2 and 9.
[2340263] Failed to build match row: Sporting Clube de Portugal vs Rio Ave Futebol Clube

Keepers & outfield error for **CF União Madeira (-2021)** in CF União Madeira (-2021) vs Moreirense Futebol Clube: Numbers: 2 and 9.
[2613561] Failed to build match row: CF União Madeira (-2021) vs Moreirense Futebol Clube
[2732165] Could not find attributes for ibrahima conte (KV Oostende, 2016)
[3407695] Could not find attributes for danil frolov (FC Tuapse ( -2022), 2020)
vs KV Oostende
[3407695] Failed to build match row: FC Tuapse ( -2022) vs Kuban Krasnodar
[3112796] Could not find attributes for nils den hartog (Kozakken Boys, 2018)
[3112796] Failed to build match row: Kozakken Boys vs Almere City FC
[3264448] Failed to scrape lineup: https://www.transfermarkt.co.uk/sc-dnipro-1_dynamo-kyiv/index/spielbericht/3264448
[3088885] Could not find attributes for yuriy dyupin (Anzhi Makhachkala ( -2022), 2018)
[3088885] Failed to build match row: Anzhi Makhachkala ( -2022) vs FC Orenburg
[3080322] Could not find attributes for dean lyness (Saint Mirren Football Club, 2018)
[2629210] Could not find attributes for Jean-François Gillet (Yellow-Red Koninklijke Voetbalclub Mechelen, 2015)
[2629210] Failed to build match row: Yellow-Red Koninklijke Voetbalclub Mechelen vs Royal Charleroi Sporting Club
[3080322] Failed to build match row: Kilmarnock Football Club vs Saint Mirren Football Club
[2351979] Could not find attributes for branko ostojic (Veria NPS, 2013)

Keepers & outfield error for **Málaga CF** in Athletic Club Bilbao vs Málaga CF: Numbers: 0 and 11.
[2351979] Failed to build match row: Veria NPS vs AEL Kalloni
[2718962] Failed to build match row: Athletic Club Bilbao vs Málaga CF

Keepers & outfield error for **FC Vestsjaelland** in Aarhus Gymnastik Forening vs FC Vestsjaelland: Numbers: 2 and 9.
[2329411] Failed to build match row: Aarhus Gymnastik Forening vs FC Vestsjaelland

Keepers & outfield error for **Sevilla Fútbol Club S.A.D.** in Sevilla Fútbol Club S.A.D. vs Manchester United Football Club: Numbers: 0 and 11.
[2981996] Failed to build match row: Sevilla Fútbol Club S.A.D. vs Manchester United Football Club
[3201790] Could not find attributes for stephen hendrie (Kilmarnock Football Club, 2019)
[3201790] Failed to build match row: Hamilton Academical FC vs Kilmarnock Football Club
[2479515] Could not find attributes for amar zildzovic (Clube Desportivo de Tondela, 2014)
[2479515] Failed to build match row: Clube Desportivo de Tondela vs Clube Oriental Lissabon
[3069933] Could not find attributes for zeki yavru (Akhisarspor, 2018)
[3069933] Failed to build match row: Akhisarspor vs Kasımpaşa A.Ş.
[2653531] Could not find attributes for sebastian bartolini (Iraklis Thessaloniki, 2015)
[2653531] Failed to build match row: Iraklis Thessaloniki vs AO Platanias
[2494480] Could not find attributes for theofanis tzandaris (Panthessalonikios Athlitikos Omilos Konstantinoupoliton, 2014)
[2494480] Failed to build match row: Panthessalonikios Athlitikos Omilos Konstantinoupoliton vs AO Platanias

Keepers & outfield error for **Académica Coimbra** in Académica Coimbra vs Sport Lisboa e Benfica: Numbers: 2 and 9.
[2340264] Failed to build match row: Académica Coimbra vs Sport Lisboa e Benfica
[2867595] Could not find attributes for terell ondaan (Prins Hendrik Ende Desespereert Nimmer Combinatie Zwolle, 2017)
[2867595] Failed to build match row: Willem II Tilburg vs Prins Hendrik Ende Desespereert Nimmer Combinatie Zwolle
[2486238] Could not find attributes for andrea lisuzzo (Pisa Sporting Club, 2014)
[2486238] Failed to build match row: Atalanta Bergamasca Calcio S.p.a. vs Pisa Sporting Club
[3264449] Could not find attributes for yevgen volynets (FK Kolos Kovalivka, 2019)
[3264449] Failed to build match row: FK Kolos Kovalivka vs Karpaty Lviv (-2021)
[3080323] Could not find attributes for steven lawless (Livingston Football Club, 2018)
[3080323] Failed to build match row: Livingston Football Club vs Aberdeen Football Club
[3150466] Could not find attributes for ross draper (Ross County FC, 2018)
[3150466] Failed to build match row: Ross County FC vs Inverness Caledonian Thistle FC
[2486239] Failed to scrape lineup: https://www.transfermarkt.co.uk/spielbericht/index/spielbericht/2486239
[2342510] Could not find attributes for evander sno (RKC Waalwijk, 2013)
[2342510] Failed to build match row: SC Cambuur Leeuwarden vs RKC Waalwijk
[2884101] Failed to scrape lineup: https://www.transfermarkt.co.uk/osmanlispor-fk_basaksehir-fk/index/spielbericht/2884101
[2586908] Could not find attributes for antoine devaux (Stade Reims, 2015)
[2586908] Failed to build match row: Stade Reims vs Lille Olympique Sporting Club
[3201791] Could not find attributes for lewis moore (Heart of Midlothian Football Club, 2019)
[3201791] Failed to build match row: Heart of Midlothian Football Club vs Motherwell Football Club
[2579929] Could not find attributes for conrad balatoni (Kilmarnock Football Club, 2015)
[3216189] Failed to scrape lineup: https://www.transfermarkt.co.uk/fc-groningen_fc-emmen/index/spielbericht/3216189
[2579929] Failed to build match row: Kilmarnock Football Club vs Hamilton Academical FC

Keepers & outfield error for **Sporting Clube de Portugal** in Sporting Clube de Portugal vs Rio Ave Futebol Clube: Numbers: 0 and 11.
[2613562] Failed to build match row: Sporting Clube de Portugal vs Rio Ave Futebol Clube
[3080324] Failed to scrape lineup: https://www.transfermarkt.co.uk/rangers-fc_celtic-fc/index/spielbericht/3080324
[3069934] Could not find attributes for umut meras (Bursaspor, 2018)
[3150467] Failed to scrape lineup: https://www.transfermarkt.co.uk/spielbericht/index/spielbericht/3150467
[3069934] Failed to build match row: Bursaspor vs Galatasaray Spor Kulübü
[2342511] Failed to scrape lineup: https://www.transfermarkt.co.uk/nec-nijmegen_fc-utrecht/index/spielbericht/2342511
[2532483] Could not find attributes for osama akharraz (FC Vestsjaelland, 2014)
[2532483] Failed to build match row: Odense Boldklub vs FC Vestsjaelland
[2884102] Failed to scrape lineup: https://www.transfermarkt.co.uk/sivasspor_genclerbirligi-ankara/index/spielbericht/2884102
[3264450] Could not find attributes for sergiy borzenko (PFK Lviv, 2019)

Keepers & outfield error for **Vitesse Arnhem** in Heracles Almelo vs Vitesse Arnhem: Numbers: 0 and 11.
[3112797] Failed to build match row: Heracles Almelo vs Vitesse Arnhem
[3264450] Failed to build match row: PFK Lviv vs FC Oleksandriya
[2653532] Could not find attributes for panagiotis tsintotas (APO Levadiakos Football Club, 2015)
[2351980] Could not find attributes for antonis georgallidis (AO Platanias, 2013)
Athlitikos Omilos

Keepers & outfield error for **SS Virtus Lanciano** in SS Virtus Lanciano vs Genoa Cricket and Football Club: Numbers: 0 and 11.
[2351980] Failed to build match row: AO Platanias vs Apollon Smyrnis
[2486240] Failed to build match row: SS Virtus Lanciano vs Genoa Cricket and Football Club
[2494481] Could not find attributes for nikolaos giannakopoulos (Panionios Athens, 2014)
[2494481] Failed to build match row: Panionios Athens vs Panathinaikos Athlitikos Omilos
[2629211] Could not find attributes for david hubert (Royal Excel Mouscron (-2022), 2015)
[2629211] Failed to build match row: Royal Excel Mouscron (-2022) vs KV Oostende
[2758373] Could not find attributes for georgiy shchennikov (PFK CSKA Moskva, 2016)
[2758373] Failed to build match row: PFK CSKA Moskva vs FK Krasnodar

Keepers & outfield error for **Alaves** in Alaves vs Granada CF: Numbers: 0 and 11.
[3210093] Failed to build match row: Alaves vs Granada CF
[2701982] Could not find attributes for niclas henriksen (B1913 Odense, 2016)
[2701982] Failed to build match row: B1913 Odense vs Kolding IF
[3112798] Failed to scrape lineup: https://www.transfermarkt.co.uk/spielbericht/index/spielbericht/3112798
[3264451] Failed to scrape lineup: https://www.transfermarkt.co.uk/olimpik-donetsk_fk-mariupol/index/spielbericht/3264451
[3305453] Failed to scrape lineup: https://www.transfermarkt.co.uk/spielbericht/index/spielbericht/3305453
[2475247] Could not find attributes for loukas vyntra (Levante Unión Deportiva S.A.D., 2014)
[2475247] Failed to build match row: SD Eibar vs Levante Unión Deportiva S.A.D.

Keepers & outfield error for **Ross County FC** in Ross County FC vs Rangers Football Club: Numbers: 2 and 9.
[3201792] Failed to build match row: Ross County FC vs Rangers Football Club
Not enough players found for lineup: 0, 0.
[2340265] Failed to scrape lineup: https://www.transfermarkt.co.uk/fc-pacos-de-ferreira_cf-os-belenenses/index/spielbericht/2340265
[2342512] Could not find attributes for athanasios karagounis (Prins Hendrik Ende Desespereert Nimmer Combinatie Zwolle, 2013)
[2342512] Failed to build match row: Alkmaar Zaanstreek vs Prins Hendrik Ende Desespereert Nimmer Combinatie Zwolle
[2532484] Could not find attributes for mads schafer bak (Hobro IK, 2014)
[2532484] Failed to build match row: Hobro IK vs Esbjerg fB
[3069935] Could not find attributes for bulent cevahir (Yeni Malatyaspor, 2018)
[2701987] Failed to scrape lineup: https://www.transfermarkt.co.uk/spielbericht/index/spielbericht/2701987
[3069935] Failed to build match row: Yeni Malatyaspor vs MKE Ankaragücü
[3080325] Could not find attributes for vaclav hladky (Saint Mirren Football Club, 2018)
[3080325] Failed to build match row: The Celtic Football Club vs Saint Mirren Football Club
[3264452] Failed to scrape lineup: https://www.transfermarkt.co.uk/zorya-lugansk_shakhtar-donetsk/index/spielbericht/3264452

Keepers & outfield error for **Verona Hellas Football Club** in Verona Hellas Football Club vs Unione Sportiva Cremonese S.p.A.: Numbers: 0 and 11.
[2486241] Failed to build match row: Verona Hellas Football Club vs Unione Sportiva Cremonese S.p.A.
[3210094] Could not find attributes for diego costa (Club Atlético de Madrid S.A.D., 2019)
[3210094] Failed to build match row: Futbol Club Barcelona vs Club Atlético de Madrid S.A.D.
[2494482] Could not find attributes for markos vellidis (PAS Giannina, 2014)
[2494482] Failed to build match row: PAS Giannina vs Panthrakikos Komotini
[2367349] Could not find attributes for niko datkovic (Hrvatski Nogometni Klub Rijeka, 2013)
[2367349] Failed to build match row: Real Betis Balompié S.A.D. vs Hrvatski Nogometni Klub Rijeka
[2351981] Could not find attributes for luigi cennamo (APS Atromitos Athinon, 2013)
[2351981] Failed to build match row: APS Atromitos Athinon vs Veria NPS
Not enough players found for lineup: 0, 0.
[2340266] Failed to scrape lineup: https://www.transfermarkt.co.uk/rio-ave-fc_cs-maritimo/index/spielbericht/2340266

Keepers & outfield error for **Olympiakos Syndesmos Filathlon Peiraios** in Olympiakos Syndesmos Filathlon Peiraios vs AO Xanthi: Numbers: 0 and 11.
[3150468] Could not find attributes for craig watson (East Fife FC, 2018)
[2653533] Failed to build match row: Olympiakos Syndesmos Filathlon Peiraios vs AO Xanthi
[2479516] Could not find attributes for igors labuts (Atlético CP, 2014)
[2479516] Failed to build match row: CD Feirense vs Atlético CP

Keepers & outfield error for **Carlisle United** in Carlisle United vs Cardiff City: Numbers: 2 and 9.
[3201793] Could not find attributes for robby mccrorie (Livingston Football Club, 2019)
[3305454] Failed to build match row: Carlisle United vs Cardiff City
[3201793] Failed to build match row: St. Johnstone FC vs Livingston Football Club
[2921421] Could not find attributes for pedro rocha (FK Spartak Moskva, 2017)
[2921421] Failed to build match row: Arsenal Tula vs FK Spartak Moskva
[3264453] Could not find attributes for yevgen past (Desna Chernigiv, 2019)
[3264453] Failed to build match row: Desna Chernigiv vs Futbolniy Klub Dynamo Kyiv
[2342513] Could not find attributes for roland alberg (ADO Den Haag, 2013)
[2342513] Failed to build match row: ADO Den Haag vs Vitesse Arnhem
[2340267] Failed to scrape lineup: https://www.transfermarkt.co.uk/cd-nacional_academica-coimbra/index/spielbericht/2340267
[2351982] Could not find attributes for georgios delizisis (Apollon Smyrnis, 2013)
[2351982] Failed to build match row: Apollon Smyrnis vs Omilos Filathlon Irakliou FC
[3088886] Could not find attributes for mario fernandes (PFK CSKA Moskva, 2018)
[3088886] Failed to build match row: PFK CSKA Moskva vs Arsenal Tula
[3069937] Could not find attributes for leonard zuta (Konyaspor, 2018)
[3069937] Failed to build match row: Konyaspor vs Çaykur Rizespor Kulübü
[2758375] Could not find attributes for blagoy georgiev (FC Orenburg, 2016)
[2758375] Failed to build match row: FC Orenburg vs Ural Yekaterinburg
[2629212] Could not find attributes for sambou yatabare (Royal Standard Club de Liège, 2015)
[2629212] Failed to build match row: Royal Standard Club de Liège vs Oud-Heverlee Leuven

Keepers & outfield error for **Rayo Vallecano de Madrid S. A. D.** in Rayo Vallecano de Madrid S. A. D. vs Futbol Club Barcelona: Numbers: 0 and 11.
[2475248] Failed to build match row: Rayo Vallecano de Madrid S. A. D. vs Futbol Club Barcelona
[3112799] Could not find attributes for Stef Doedée (ASWH Ambacht, 2018)
[3112799] Failed to build match row: Football Club Utrecht vs ASWH Ambacht
[3223262] Failed to scrape lineup: https://www.transfermarkt.co.uk/alanyaspor_trabzonspor/index/spielbericht/3223262
[2532485] Could not find attributes for eggert gunnthor jonsson (FC Vestsjaelland, 2014)
[2532485] Failed to build match row: Randers Fodbold Club vs FC Vestsjaelland

Keepers & outfield error for **Vitória Sport Clube** in Vitória Sport Clube vs Olympique Lyonnais: Numbers: 0 and 11.

Keepers & outfield error for **Huddersfield Town** in Huddersfield Town vs Charlton Athletic: Numbers: 2 and 9.
[2367350] Failed to build match row: Vitória Sport Clube vs Olympique Lyonnais
[2421958] Failed to build match row: Huddersfield Town vs Charlton Athletic
Not enough players found for lineup: 0, 0.
[3203424] Could not find attributes for vladimir darida (Hertha BSC, 2019)
[3203424] Failed to build match row: FC Bayern München vs Hertha BSC
[2479517] Failed to scrape lineup: https://www.transfermarkt.co.uk/spielbericht/index/spielbericht/2479517
[2494483] Could not find attributes for dimitrios kyriakidis (AO Xanthi, 2014)
[2494483] Failed to build match row: AO Xanthi vs PAS Giannina
[3210095] Could not find attributes for moi gomez (Villarreal Club de Fútbol S.A.D., 2019)
[2653534] Could not find attributes for sokratis dioudis (Panionios Athens, 2015)
[3210095] Failed to build match row: Real Betis Balompié S.A.D. vs Villarreal Club de Fútbol S.A.D.
[2653534] Failed to build match row: Panionios Athens vs A.G.S Asteras Tripolis
Not enough players found for lineup: 0, 11.
[2701990] Failed to scrape lineup: https://www.transfermarkt.co.uk/spielbericht/index/spielbericht/2701990
[2724017] Could not find attributes for abzal beysebekov (FC Astana, 2016)
[2724017] Failed to build match row: The Celtic Football Club vs FC Astana
[3407696] Could not find attributes for anton fedyushkin (FC Tver, 2020)
[3407696] Failed to build match row: FC Tver vs Zvezda St. Petersburg

Keepers & outfield error for **Vitória Setúbal FC** in Vitória Setúbal FC vs CS Marítimo: Numbers: 2 and 9.
[2340268] Failed to build match row: Vitória Setúbal FC vs CS Marítimo
[2594628] Could not find attributes for jean sylvain babin (Granada CF, 2015)
[2594628] Failed to build match row: Granada CF vs Celta
[2758376] Could not find attributes for mikhail levashov (Arsenal Tula, 2016)
[2475249] Failed to scrape lineup: https://www.transfermarkt.co.uk/malaga-cf_granada-cf/index/spielbericht/2475249
[2332179] Failed to scrape lineup: https://www.transfermarkt.co.uk/swansea-city_crystal-palace/index/spielbericht/2332179
[2758376] Failed to build match row: Arsenal Tula vs RFK Akhmat Grozny
[2808912] Failed to scrape lineup: https://www.transfermarkt.co.uk/spielbericht/index/spielbericht/2808912
[3048415] Could not find attributes for lukas kycek (1.FC Lok Stendal, 2018)
[3048415] Failed to build match row: 1.FC Lok Stendal vs Arminia Bielefeld
Not enough players found for lineup: 0, 0.
[2367351] Failed to scrape lineup: https://www.transfermarkt.co.uk/spielbericht/index/spielbericht/2367351
[2586909] Failed to scrape lineup: https://www.transfermarkt.co.uk/losc-lille_montpellier-hsc/index/spielbericht/2586909
[3223263] Could not find attributes for bunyamin balci (Antalyaspor, 2019)
[3223263] Failed to build match row: Antalyaspor vs Çaykur Rizespor Kulübü

Keepers & outfield error for **KSC Lokeren (- 2020)** in KSC Lokeren (- 2020) vs Club Brugge Koninklijke Voetbalvereniging: Numbers: 0 and 11.
[2629213] Failed to build match row: KSC Lokeren (- 2020) vs Club Brugge Koninklijke Voetbalvereniging
[3069938] Could not find attributes for gabriel obertan (Erzurumspor FK, 2018)
[3069938] Failed to build match row: Erzurumspor FK vs Trabzonspor Kulübü
[3080327] Could not find attributes for callumn morrison (Heart of Midlothian Football Club, 2018)
[3080327] Failed to build match row: Heart of Midlothian Football Club vs Dundee Football Club

Keepers & outfield error for **Verona Hellas Football Club** in Verona Hellas Football Club vs UC Sampdoria: Numbers: 0 and 11.
[2897203] Failed to build match row: Verona Hellas Football Club vs UC Sampdoria
[2884105] Could not find attributes for mbaye diagne (Kasımpaşa A.Ş., 2017)
[2884105] Failed to build match row: Trabzonspor Kulübü vs Kasımpaşa A.Ş.

Keepers & outfield error for **Levante Unión Deportiva S.A.D.** in Athletic Club Bilbao vs Levante Unión Deportiva S.A.D.: Numbers: 2 and 9.
[2594629] Failed to build match row: Athletic Club Bilbao vs Levante Unión Deportiva S.A.D.
[2903749] Could not find attributes for ross mccrorie (Rangers Football Club, 2017)
[2460729] Could not find attributes for christian schulz (Hannover 96, 2014)
[2903749] Failed to build match row: Rangers Football Club vs Aberdeen Football Club
[2460729] Failed to build match row: Hannover 96 vs Bayer 04 Leverkusen Fußball

Keepers & outfield error for **SD Eibar** in SD Eibar vs Club Atlético Osasuna: Numbers: 2 and 9.
[2351983] Could not find attributes for iosif daskalakis (Omilos Filathlon Irakliou FC, 2013)
[2579933] Could not find attributes for riccardo calder (Dundee Football Club, 2015)
[2351983] Failed to build match row: Omilos Filathlon Irakliou FC vs GS Ergotelis
[2579933] Failed to build match row: Dundee Football Club vs Motherwell Football Club
[3210096] Failed to build match row: SD Eibar vs Club Atlético Osasuna
[2724242] Could not find attributes for badou ndiaye (Ankaraspor, 2016)
[2724242] Failed to build match row: Ankaraspor vs Kalju FC
Not enough players found for lineup: 0, 0.
[2653861] Could not find attributes for ruslan malinovskyi (Koninklijke Racing Club Genk, 2015)
[2808913] Could not find attributes for simon downer (Sutton United, 2016)
[2653861] Failed to build match row: Koninklijke Racing Club Genk vs Sportvereniging Zulte Waregem
[2808913] Failed to build match row: Sutton United vs AFC Wimbledon
[2340269] Could not find attributes for pintassilgo (Futebol Clube de Arouca, 2013)
[2479518] Failed to scrape lineup: https://www.transfermarkt.co.uk/spielbericht/index/spielbericht/2479518

Keepers & outfield error for **Córdoba CF** in Córdoba CF vs Málaga CF: Numbers: 0 and 11.
[2340269] Failed to build match row: Clube Desportivo Nacional vs Futebol Clube de Arouca
[2475250] Failed to build match row: Córdoba CF vs Málaga CF
[3069939] Could not find attributes for ondrej celustka (Antalyaspor, 2018)
[3069939] Failed to build match row: Antalyaspor vs Alanyaspor
[2586910] Could not find attributes for fabien camus (ESTAC Troyes, 2015)
[2586910] Failed to build match row: ESTAC Troyes vs EA Guingamp
[3112800] Could not find attributes for lasse schone (AFC Ajax Amsterdam, 2018)
[3112800] Failed to build match row: AFC Ajax Amsterdam vs Go Ahead Eagles
[3150469] Could not find attributes for robbie thomson (Raith Rovers FC, 2018)
[3150469] Failed to build match row: Hibernian Football Club vs Raith Rovers FC
[2732166] Failed to scrape lineup: https://www.transfermarkt.co.uk/kv-kortrijk_standard-liege/index/spielbericht/2732166
[2701993] Could not find attributes for mustafa arslan (Ringköbing IF, 2016)
[2701993] Failed to build match row: Ringköbing IF vs Hobro IK
[2921424] Could not find attributes for yuriy zhirkov (AO FK Zenit Sankt-Peterburg, 2017)
[2921424] Failed to build match row: AO FK Zenit Sankt-Peterburg vs Ural Yekaterinburg
[3407698] Could not find attributes for nikita kataev (Rodina Moscow, 2020)
[3407698] Failed to build match row: Rodina Moscow vs Strogino Moscow
[2367353] Failed to scrape lineup: https://www.transfermarkt.co.uk/spielbericht/index/spielbericht/2367353
[2508632] Could not find attributes for chris oneil (Airdrieonians FC, 2014)
[2508632] Failed to build match row: Airdrieonians FC vs Greenock Morton FC
[2479519] Could not find attributes for pedro taborda (SC Covilhã, 2014)
[2479519] Failed to build match row: SC Covilhã vs Portimonense SC

Keepers & outfield error for **The Celtic Football Club** in Hamilton Academical FC vs The Celtic Football Club: Numbers: 2 and 9.
[2579934] Failed to build match row: Hamilton Academical FC vs The Celtic Football Club
[2629215] Could not find attributes for tomislav kis (KV Kortrijk, 2015)
[2629215] Failed to build match row: KV Kortrijk vs Koninklijke Racing Club Genk
[2475251] Could not find attributes for ion ansotegi (Real Sociedad de Fútbol S.A.D., 2014)
[2475251] Failed to build match row: Real Sociedad de Fútbol S.A.D. vs Getafe Club de Fútbol S. A. D. Team Dubai
[3048416] Could not find attributes for tatsuya yamazaki (TuS Erndtebrück, 2018)
[3048416] Failed to build match row: TuS Erndtebrück vs Hamburger Sport Verein
[2579935] Could not find attributes for conrad balatoni (Kilmarnock Football Club, 2015)
[2579935] Failed to build match row: Heart of Midlothian Football Club vs Kilmarnock Football Club
[2808914] Could not find attributes for matt gould (Stourbridge FC, 2016)
[2808914] Failed to build match row: Wycombe Wanderers vs Stourbridge FC
[3058631] Failed to scrape lineup: https://www.transfermarkt.co.uk/bayer-04-leverkusen_sc-freiburg/index/spielbericht/3058631
[2758378] Failed to scrape lineup: https://www.transfermarkt.co.uk/anzhi-makhachkala-2022-_zenit-st-petersburg/index/spielbericht/2758378

Keepers & outfield error for **Sport Lisboa e Benfica** in Sport Lisboa e Benfica vs FC Paços de Ferreira: Numbers: 2 and 9.
[2340270] Failed to build match row: Sport Lisboa e Benfica vs FC Paços de Ferreira
[3112801] Failed to build match row: Football Club Twente vs VV Noordwijk

Keepers & outfield error for **Viborg Fodsports Forening** in Viborg Fodsports Forening vs Sønderjyske Fodbold: Numbers: 2 and 9.

Keepers & outfield error for **Royal Excel Mouscron (-2022)** in Club Brugge Koninklijke Voetbalvereniging vs Royal Excel Mouscron (-2022): Numbers: 0 and 11.
[2329412] Failed to build match row: Viborg Fodsports Forening vs Sønderjyske Fodbold
[2653862] Failed to build match row: Club Brugge Koninklijke Voetbalvereniging vs Royal Excel Mouscron (-2022)
[2586912] Could not find attributes for antoine devaux (Stade Reims, 2015)
[2586912] Failed to build match row: Olympique Lyonnais vs Stade Reims
[3069940] Failed to scrape lineup: https://www.transfermarkt.co.uk/besiktas-jk_goztepe/index/spielbericht/3069940
[3080329] Failed to scrape lineup: https://www.transfermarkt.co.uk/motherwell-fc_hibernian-fc/index/spielbericht/3080329
[2921425] Failed to scrape lineup: https://www.transfermarkt.co.uk/fc-ufa_amkar-perm/index/spielbericht/2921425
[2867596] Failed to scrape lineup: https://www.transfermarkt.co.uk/psv-eindhoven_ado-den-haag/index/spielbericht/2867596
[2460730] Could not find attributes for ragnar klavan (Fußball-Club Augsburg 1907, 2014)
[2460730] Failed to build match row: Verein für Bewegungsspiele Stuttgart 1893 vs Fußball-Club Augsburg 1907
[2351984] Could not find attributes for markos vellidis (PAS Giannina, 2013)
[2351984] Failed to build match row: PAS Giannina vs AO Platanias
Not enough players found for lineup: 0, 11.
[2701995] Failed to scrape lineup: https://www.transfermarkt.co.uk/spielbericht/index/spielbericht/2701995
[2903750] Could not find attributes for jamie brandon (Heart of Midlothian Football Club, 2017)
[2903750] Failed to build match row: Heart of Midlothian Football Club vs St. Johnstone FC
[3203427] Could not find attributes for oscar wendt (Mönchengladbach, 2019)
[3203427] Failed to build match row: Mönchengladbach vs FC Schalke 04
[2421961] Could not find attributes for glenn loovens (Sheffield Wednesday, 2013)
[2421961] Failed to build match row: Rochdale AFC vs Sheffield Wednesday
[2724243] Could not find attributes for reginald mbu alidor (Kalju FC, 2016)
[2724243] Failed to build match row: Kalju FC vs Ankaraspor

Keepers & outfield error for **Espanol** in Club Atlético de Madrid S.A.D. vs Espanol: Numbers: 2 and 9.
[2475252] Failed to build match row: Club Atlético de Madrid S.A.D. vs Espanol
[2342514] Could not find attributes for christian kum (Sportclub Heerenveen, 2013)
[2342514] Failed to build match row: Sportclub Heerenveen vs Nooit Opgeven Altijd Doorzetten Aangenaam Door Vermaak En Nuttig Door Ontspanning Combinatie Breda
[3150470] Could not find attributes for vaclav hladky (Saint Mirren Football Club, 2018)
[3150470] Failed to build match row: Saint Mirren Football Club vs Dundee United Football Club
[2604286] Could not find attributes for albano bizzarri (Chievo Verona, 2015)
[3088887] Could not find attributes for stanislav kritsyuk (FK Krasnodar, 2018)
[2604286] Failed to build match row: Chievo Verona vs AC Carpi
[3088887] Failed to build match row: FK Krasnodar vs FK Spartak Moskva
[2367354] Could not find attributes for amir edri (Maccabi Haifa, 2013)
[2367354] Failed to build match row: Maccabi Haifa vs Shakhter Karaganda
[2732168] Failed to scrape lineup: https://www.transfermarkt.co.uk/rsc-anderlecht_ksc-lokeren-2020-/index/spielbericht/2732168
[3069941] Failed to scrape lineup: https://www.transfermarkt.co.uk/sivasspor_kayserispor/index/spielbericht/3069941
[2594631] Failed to scrape lineup: https://www.transfermarkt.co.uk/real-madrid_real-sociedad/index/spielbericht/2594631
[3112802] Could not find attributes for ron scheffer (ODIN '59 Heemskerk, 2018)
[2421962] Failed to scrape lineup: https://www.transfermarkt.co.uk/spielbericht/index/spielbericht/2421962

Keepers & outfield error for **Association sportive de Monaco Football Club** in Association sportive de Monaco Football Club vs Rennes: Numbers: 2 and 9.
[3112802] Failed to build match row: FC Emmen vs ODIN '59 Heemskerk
[2724811] Could not find attributes for alban hoxha (FK Partizani, 2016)
[2724811] Failed to build match row: FK Partizani vs Fußballclub Red Bull Salzburg
Rennes

Keepers & outfield error for **Real Club Deportivo Mallorca S.A.D.** in Real Club Deportivo Mallorca S.A.D. vs Celta: Numbers: 2 and 9.
[3210098] Failed to build match row: Real Club Deportivo Mallorca S.A.D. vs Celta
[2897206] Failed to scrape lineup: https://www.transfermarkt.co.uk/ac-milan_spal-2013/index/spielbericht/2897206
[2702006] Failed to scrape lineup: https://www.transfermarkt.co.uk/spielbericht/index/spielbericht/2702006
[3048417] Could not find attributes for frederic lohe (TSV Steinbach, 2018)
[3048417] Failed to build match row: TSV Steinbach vs Fußball-Club Augsburg 1907
[3088888] Failed to scrape lineup: https://www.transfermarkt.co.uk/akhmat-grozny_rubin-kazan/index/spielbericht/3088888
[2903752] Could not find attributes for deimantas petravicius (Motherwell Football Club, 2017)
[2903752] Failed to build match row: Motherwell Football Club vs The Celtic Football Club
[2532489] Failed to scrape lineup: https://www.transfermarkt.co.uk/silkeborg-if_fc-copenhagen/index/spielbericht/2532489
[3151140] Could not find attributes for matic kotnik (Panionios Athens, 2018)
[3151140] Failed to build match row: Panionios Athens vs Apollon Smyrnis
[3407699] Could not find attributes for arbi mezhiev (Leon Saturn Ramenskoe, 2020)
[3407699] Failed to build match row: Leon Saturn Ramenskoe vs FC Kolomna
[2342515] Could not find attributes for uros matic (Nooit Opgeven Altijd Doorzetten Aangenaam Door Vermaak En Nuttig Door Ontspanning Combinatie Breda, 2013)
[2342515] Failed to build match row: Nooit Opgeven Altijd Doorzetten Aangenaam Door Vermaak En Nuttig Door Ontspanning Combinatie Breda vs AFC Ajax Amsterdam
[2508688] Failed to scrape lineup: https://www.transfermarkt.co.uk/spielbericht/index/spielbericht/2508688
[3306685] Could not find attributes for scott taggart (Alloa Athletic FC, 2019)
[3306685] Failed to build match row: Alloa Athletic FC vs Inverness Caledonian Thistle FC
[3069942] Failed to scrape lineup: https://www.transfermarkt.co.uk/alanyaspor_bursaspor/index/spielbericht/3069942
[2724812] Failed to scrape lineup: https://www.transfermarkt.co.uk/spielbericht/index/spielbericht/2724812
[3058632] Failed to build match row: Verein für Bewegungsspiele Stuttgart 1893 vs Hannover 96
[2921427] Could not find attributes for mikhail bakaev (Anzhi Makhachkala ( -2022), 2017)
[2921427] Failed to build match row: Anzhi Makhachkala ( -2022) vs SKA Khabarovsk

Keepers & outfield error for **Alaves** in Alaves vs Sevilla Fútbol Club S.A.D.: Numbers: 2 and 9.
[2718963] Failed to build match row: Alaves vs Sevilla Fútbol Club S.A.D.
[2867598] Failed to scrape lineup: https://www.transfermarkt.co.uk/roda-jc-kerkrade_vvv-venlo/index/spielbericht/2867598
[2586914] Failed to scrape lineup: https://www.transfermarkt.co.uk/ogc-nice_fc-nantes/index/spielbericht/2586914
[2340272] Failed to scrape lineup: https://www.transfermarkt.co.uk/vitoria-guimaraes-sc_sl-benfica/index/spielbericht/2340272
[2897207] Failed to scrape lineup: https://www.transfermarkt.co.uk/udinese-calcio_torino-fc/index/spielbericht/2897207
[2981999] Failed to scrape lineup: https://www.transfermarkt.co.uk/spielbericht/index/spielbericht/2981999
[2653863] Could not find attributes for aleksandar bjelica (Yellow-Red Koninklijke Voetbalclub Mechelen, 2015)
[2479520] Could not find attributes for angelo meneses (UD Oliveirense, 2014)
[2460732] Failed to scrape lineup: https://www.transfermarkt.co.uk/1-fc-koln_hertha-bsc/index/spielbericht/2460732
[2702007] Failed to scrape lineup: https://www.transfermarkt.co.uk/spielbericht/index/spielbericht/2702007
[2653863] Failed to build match row: Koninklijke Voetbal Club Westerlo vs Yellow-Red Koninklijke Voetbalclub Mechelen
[2479520] Failed to build match row: UD Oliveirense vs SC Farense
[2903753] Failed to scrape lineup: https://www.transfermarkt.co.uk/partick-thistle-fc-_dundee-fc/index/spielbericht/2903753
[3080330] Could not find attributes for chris erskine (Livingston Football Club, 2018)
[2532490] Failed to scrape lineup: https://www.transfermarkt.co.uk/fc-vestsjaelland_aalborg-bk/index/spielbericht/2532490
[3080330] Failed to build match row: St. Johnstone FC vs Livingston Football Club
[3216191] Failed to scrape lineup: https://www.transfermarkt.co.uk/pec-zwolle_fc-utrecht/index/spielbericht/3216191
[2698306] Failed to scrape lineup: https://www.transfermarkt.co.uk/hull-city_west-ham-united/index/spielbericht/2698306
[3151141] Failed to scrape lineup: https://www.transfermarkt.co.uk/ao-xanthi_pas-lamia-1964/index/spielbericht/3151141

Keepers & outfield error for **Aalborg BK** in Aalborg BK vs Fodbold Club Midtjylland: Numbers: 2 and 9.
[2875190] Failed to build match row: Aalborg BK vs Fodbold Club Midtjylland
[3058633] Failed to scrape lineup: https://www.transfermarkt.co.uk/eintracht-frankfurt_tsg-1899-hoffenheim/index/spielbericht/3058633
[3069943] Failed to scrape lineup: https://www.transfermarkt.co.uk/galatasaray_yeni-malatyaspor/index/spielbericht/3069943
[2724813] Failed to scrape lineup: https://www.transfermarkt.co.uk/spielbericht/index/spielbericht/2724813
Not enough players found for lineup: 0, 11.
w.transfermarkt.co.uk/paris-saint-germain_olympique-marseille/index/spielbericht/2586915
[2367390] Failed to scrape lineup: https://www.transfermarkt.co.uk/spielbericht/index/spielbericht/2367390
[2479521] Failed to scrape lineup: https://www.transfermarkt.co.uk/spielbericht/index/spielbericht/2479521
[2702009] Failed to scrape lineup: https://www.transfermarkt.co.uk/spielbericht/index/spielbericht/2702009
[2653864] Failed to scrape lineup: https://www.transfermarkt.co.uk/oud-heverlee-leuven_kv-kortrijk/index/spielbericht/2653864
[3088889] Could not find attributes for evgeniy konyukhov (PFK Krylya Sovetov Samara, 2018)
[3088889] Failed to build match row: PFK Krylya Sovetov Samara vs Футбольный клуб "Локомотив" Москва
[2460733] Failed to scrape lineup: https://www.transfermarkt.co.uk/sc-paderborn-07_borussia-dortmund/index/spielbericht/2460733
[2613564] Could not find attributes for juanto ortuno (CF Os Belenenses, 2015)
[2613564] Failed to build match row: CF Os Belenenses vs Sport Lisboa e Benfica
[3080331] Failed to scrape lineup: https://www.transfermarkt.co.uk/aberdeen-fc_kilmarnock-fc/index/spielbericht/3080331
[2329413] Could not find attributes for mostm (Odense Boldklub, 2013)
[2329413] Failed to build match row: Odense Boldklub vs Viborg Fodsports Forening

Keepers & outfield error for **AO FK Zenit Sankt-Peterburg** in AO FK Zenit Sankt-Peterburg vs FK Rostov: Numbers: 2 and 9.
[2629965] Failed to build match row: AO FK Zenit Sankt-Peterburg vs FK Rostov
[2982000] Could not find attributes for domagoj vida (Beşiktaş Jimnastik Kulübü, 2017)
[2982000] Failed to build match row: FC Bayern München vs Beşiktaş Jimnastik Kulübü
[2340273] Could not find attributes for gege (CS Marítimo, 2013)
[2340273] Failed to build match row: CS Marítimo vs Grupo Desportivo Estoril Praia

Keepers & outfield error for **Manchester City Football Club** in Manchester City Football Club vs Aston Villa Football Club: Numbers: 2 and 9.
[2532491] Could not find attributes for adam orn arnarson (Fodbold Club Nordsjælland, 2014)
[2332183] Failed to build match row: Manchester City Football Club vs Aston Villa Football Club
[2532491] Failed to build match row: Football Club København vs Fodbold Club Nordsjælland
[2508689] Could not find attributes for brad mckay (Heart of Midlothian Football Club, 2014)
[2508689] Failed to build match row: Heart of Midlothian Football Club vs The Celtic Football Club
[2732169] Could not find attributes for aristote nkaka (Royal Excel Mouscron (-2022), 2016)
[2732169] Failed to build match row: Royal Excel Mouscron (-2022) vs Koninklijke Voetbal Club Westerlo
umbers: 2 and 9.
Not enough players found for lineup: 0, 0.
[2903754] Failed to build match row: Ross County FC vs Hamilton Academical FC
[2479522] Failed to scrape lineup: https://www.transfermarkt.co.uk/spielbericht/index/spielbericht/2479522
[3216192] Could not find attributes for george cox (Fortuna Sittardia Combinatie, 2019)
[3216192] Failed to build match row: Fortuna Sittardia Combinatie vs Vitesse Arnhem
[2867599] Could not find attributes for nick proschwitz (Sparta Rotterdam, 2017)
[2867599] Failed to build match row: Sparta Rotterdam vs Feyenoord Rotterdam
[3048418] Could not find attributes for tobias oost (TuS Rot-Weiß Koblenz, 2018)
[3048418] Failed to build match row: TuS Rot-Weiß Koblenz vs Fortuna Düsseldorf
[3069944] Could not find attributes for jose sosa (Trabzonspor Kulübü, 2018)
[3069944] Failed to build match row: Trabzonspor Kulübü vs Antalyaspor

Keepers & outfield error for **Getafe Club de Fútbol S. A. D. Team Dubai** in Getafe Club de Fútbol S. A. D. Team Dubai vs Deportivo de La Coruña: Numbers: 2 and 9.
[2594633] Failed to build match row: Getafe Club de Fútbol S. A. D. Team Dubai vs Deportivo de La Coruña
[3112804] Could not find attributes for ouasim bouy (Prins Hendrik Ende Desespereert Nimmer Combinatie Zwolle, 2018)
[2329414] Could not find attributes for johan bjordal (Aarhus Gymnastik Forening, 2013)
[3112804] Failed to build match row: De Graafschap Doetinchem vs Prins Hendrik Ende Desespereert Nimmer Combinatie Zwolle
[3088890] Could not find attributes for elmir nabiullin (AO FK Zenit Sankt-Peterburg, 2018)
[2329414] Failed to build match row: Aarhus Gymnastik Forening vs Esbjerg fB
[3088890] Failed to build match row: AO FK Zenit Sankt-Peterburg vs Ural Yekaterinburg
[3306729] Could not find attributes for robbie mutch (Falkirk Football & Athletic Club, 2019)
[3306729] Failed to build match row: Falkirk Football & Athletic Club vs Arbroath FC
[2421964] Could not find attributes for albert rusnak (Birmingham City, 2013)
[2421964] Failed to build match row: Birmingham City vs Swansea City
[3151142] Could not find attributes for markos vellidis (PAS Giannina, 2018)
[3151142] Failed to build match row: PAS Giannina vs Panathinaikos Athlitikos Omilos
[3069945] Could not find attributes for haris hajradinovic (Kasımpaşa A.Ş., 2018)
[3069945] Failed to build match row: Kasımpaşa A.Ş. vs Erzurumspor FK

Keepers & outfield error for **Manchester United Football Club** in Sunderland Association Football Club vs Manchester United Football Club: Numbers: 0 and 11.
[2698308] Failed to build match row: Sunderland Association Football Club vs Manchester United Football Club

Keepers & outfield error for **Gil Vicente Futebol Clube** in Futebol Clube do Porto vs Gil Vicente Futebol Clube: Numbers: 3 and 8.
[2629966] Could not find attributes for aleksandr belenov (Kuban Krasnodar (-2018), 2015)
[2629966] Failed to build match row: Kuban Krasnodar (-2018) vs Anzhi Makhachkala ( -2022)
Not enough players found for lineup: 0, 0.
[2479523] Failed to scrape lineup: https://www.transfermarkt.co.uk/spielbericht/index/spielbericht/2479523
[2329415] Could not find attributes for martin dubravka (Esbjerg fB, 2013)
[2329415] Failed to build match row: Esbjerg fB vs FC Vestsjaelland
[2579939] Could not find attributes for riccardo calder (Dundee Football Club, 2015)
[2579939] Failed to build match row: Hamilton Academical FC vs Dundee Football Club
[2508690] Could not find attributes for jim atkinson (Queen of the South FC, 2014)
[2508690] Failed to build match row: Queen of the South FC vs Brora Rangers FC
[2724814] Could not find attributes for filip benkovic (GNK Dinamo Zagreb, 2016)
[2724814] Failed to build match row: GNK Dinamo Zagreb vs Dinamo Tbilisi
Not enough players found for lineup: 0, 0.
[2479524] Failed to scrape lineup: https://www.transfermarkt.co.uk/spielbericht/index/spielbericht/2479524
[2367391] Failed to scrape lineup: https://www.transfermarkt.co.uk/spielbericht/index/spielbericht/2367391
[2808918] Could not find attributes for jazz richards (Cardiff City, 2016)
[2613565] Failed to scrape lineup: https://www.transfermarkt.co.uk/sc-braga_estoril-praia/index/spielbericht/2613565
[2702010] Failed to scrape lineup: https://www.transfermarkt.co.uk/spielbericht/index/spielbericht/2702010
[2653865] Failed to scrape lineup: https://www.transfermarkt.co.uk/r-charleroi-sc_sint-truidense-vv/index/spielbericht/2653865
[2808918] Failed to build match row: Cardiff City vs Fulham Football Club
[2460734] Failed to scrape lineup: https://www.transfermarkt.co.uk/fc-schalke-04_1-fsv-mainz-05/index/spielbericht/2460734
[2604288] Failed to scrape lineup: https://www.transfermarkt.co.uk/us-sassuolo_genoa-cfc/index/spielbericht/2604288
[3264454] Failed to scrape lineup: https://www.transfermarkt.co.uk/vorskla-poltava_karpaty-lviv/index/spielbericht/3264454
[3080332] Failed to scrape lineup: https://www.transfermarkt.co.uk/celtic-fc_hamilton-academical-fc/index/spielbericht/3080332
[3151143] Could not find attributes for georgios strezos (Omilos Filathlon Irakliou FC, 2018)
[3151143] Failed to build match row: Athlitiki Enosi Konstantinoupoleos vs Omilos Filathlon Irakliou FC
[3088891] Could not find attributes for ilya abaev (FK Rostov, 2018)
[3088891] Failed to build match row: FK Rostov vs Enisey Krasnoyarsk
[2494484] Could not find attributes for ernestas setkus (AOK Kerkyra, 2014)
[2494484] Failed to build match row: AOK Kerkyra vs Veria NPS
[2579940] Could not find attributes for conrad balatoni (Kilmarnock Football Club, 2015)
[2579940] Failed to build match row: Kilmarnock Football Club vs Inverness Caledonian Thistle FC
[3112805] Could not find attributes for derre kwee (AFC Amsterdam, 2018)
[3112805] Failed to build match row: AFC Amsterdam vs TOP Oss
[2982001] Failed to scrape lineup: https://www.transfermarkt.co.uk/spielbericht/index/spielbericht/2982001
[2586918] Could not find attributes for etienne didot (Toulouse Football Club, 2015)
[2586918] Failed to build match row: GFC Ajaccio vs Toulouse Football Club
[2732171] Could not find attributes for jakub brabec (Koninklijke Racing Club Genk, 2016)
[2732171] Failed to build match row: Sportvereniging Zulte Waregem vs Koninklijke Racing Club Genk

Keepers & outfield error for **CD Leganés** in CD Leganés vs Granada CF: Numbers: 2 and 9.
[2718964] Failed to build match row: CD Leganés vs Granada CF
[2724815] Could not find attributes for pietro perina (Cosenza Calcio, 2016)
[2724815] Failed to build match row: Cosenza Calcio vs Frattese Calcio
[2653866] Could not find attributes for danijel milicevic (Koninklijke Atletiek Associatie Gent, 2015)
[2653866] Failed to build match row: Koninklijke Atletiek Associatie Gent vs Royal Sporting Club Anderlecht
[3080333] Could not find attributes for martin woods (Dundee Football Club, 2018)
[3080333] Failed to build match row: Dundee Football Club vs Motherwell Football Club
[3216193] Could not find attributes for jesse bosch (Football Club Twente, 2019)
[3210099] Failed to scrape lineup: https://www.transfermarkt.co.uk/real-madrid_getafe-cf/index/spielbericht/3210099
[3216193] Failed to build match row: Football Club Twente vs Football Club Groningen
[2604289] Could not find attributes for urby emanuelson (Verona Hellas Football Club, 2015)
[2604289] Failed to build match row: Società Sportiva Calcio Napoli vs Verona Hellas Football Club
[3112806] Could not find attributes for marinus snoek (SV Urk, 2018)
[3112806] Failed to build match row: SV Urk vs Roda JC Kerkrade

Keepers & outfield error for **Sport Lisboa e Benfica** in Sport Lisboa e Benfica vs Futebol Clube do Porto: Numbers: 2 and 9.
[2340275] Failed to build match row: Sport Lisboa e Benfica vs Futebol Clube do Porto
[2508691] Could not find attributes for frank mckeown (Stranraer FC, 2014)
[2508691] Failed to build match row: Stranraer FC vs Dunfermline Athletic FC
Not enough players found for lineup: 0, 0.
[2702011] Failed to scrape lineup: https://www.transfermarkt.co.uk/spielbericht/index/spielbericht/2702011
[2867600] Failed to scrape lineup: https://www.transfermarkt.co.uk/fc-utrecht_heracles-almelo/index/spielbericht/2867600
[2594634] Failed to scrape lineup: https://www.transfermarkt.co.uk/sd-eibar_sporting-gijon/index/spielbericht/2594634
[2532492] Could not find attributes for mikkel duelund (Fodbold Club Midtjylland, 2014)
[2532492] Failed to build match row: Fodbold Club Midtjylland vs Silkeborg Idrætsforening
[3203430] Failed to scrape lineup: https://www.transfermarkt.co.uk/sv-werder-bremen_fortuna-dusseldorf/index/spielbericht/3203430
[2758380] Could not find attributes for ognjen vranjes (Tom Tomsk, 2016)
[2613566] Could not find attributes for imanol iriberri (Boavista FC, 2015)
[2758380] Failed to build match row: FC Rubin Kazan vs Tom Tomsk

Keepers & outfield error for **The Celtic Football Club** in Motherwell Football Club vs The Celtic Football Club: Numbers: 2 and 9.

Keepers & outfield error for **Real Sociedad de Fútbol S.A.D.** in Real Sociedad de Fútbol S.A.D. vs Espanol: Numbers: 2 and 9.
[2613566] Failed to build match row: Boavista FC vs Académica Coimbra
[2494485] Could not find attributes for dorin goian (A.G.S Asteras Tripolis, 2014)
[2724816] Could not find attributes for nicolo manfredini (Modena FC, 2016)
[3058634] Could not find attributes for oscar wendt (Mönchengladbach, 2018)
[3210100] Failed to build match row: Real Sociedad de Fútbol S.A.D. vs Espanol
[2494485] Failed to build match row: A.G.S Asteras Tripolis vs Panionios Athens
[2724816] Failed to build match row: Modena FC vs FC Francavilla 1931
[3058634] Failed to build match row: Mönchengladbach vs FC Bayern München
[2579941] Failed to build match row: Motherwell Football Club vs The Celtic Football Club
[3264455] Could not find attributes for valeriy yurchuk (SC Dnipro-1, 2019)
[3306902] Could not find attributes for michael harriman (Northampton Town, 2019)
[3223264] Failed to scrape lineup: https://www.transfermarkt.co.uk/denizlispor_besiktas-jk/index/spielbericht/3223264
[3306902] Failed to build match row: Northampton Town vs Derby County
[2629968] Could not find attributes for andrey sinitsyn (FK Krasnodar, 2015)
[3264455] Failed to build match row: SC Dnipro-1 vs FC Oleksandriya
[3151144] Could not find attributes for balazs megyeri (APS Atromitos Athinon, 2018)
[2629968] Failed to build match row: FK Ufa vs FK Krasnodar
[3088892] Failed to build match row: FK Dinamo Moskva vs FK Ufa
[3151144] Failed to build match row: APS Atromitos Athinon vs APO Levadiakos Football Club

Keepers & outfield error for **Verona Hellas Football Club** in Verona Hellas Football Club vs Società Sportiva Lazio S.p.A.: Numbers: 0 and 11.
[2897211] Failed to build match row: Verona Hellas Football Club vs Società Sportiva Lazio S.p.A.

Keepers & outfield error for **Göztepe Sportif Yatırımlar A.Ş.** in Göztepe Sportif Yatırımlar A.Ş. vs Yeni Malatyaspor: Numbers: 0 and 11.
[2884107] Failed to build match row: Göztepe Sportif Yatırımlar A.Ş. vs Yeni Malatyaspor
[3216194] Could not find attributes for joey veerman (Sportclub Heerenveen, 2019)
[3407700] Failed to build match row: FC Kaluga vs FK Smolensk (-2021)
[3216194] Failed to build match row: Feyenoord Rotterdam vs Sportclub Heerenveen
[3112807] Could not find attributes for axel borgmann (VVV-Venlo, 2018)
[3112807] Failed to build match row: Alkmaar Zaanstreek vs VVV-Venlo
[2653867] Could not find attributes for hamdi harbaoui (KSC Lokeren (- 2020), 2015)
[2653867] Failed to build match row: KSC Lokeren (- 2020) vs Royal Standard Club de Liège
[3069946] Failed to scrape lineup: https://www.transfermarkt.co.uk/goztepe_akhisarspor/index/spielbericht/3069946
[2329416] Failed to scrape lineup: https://www.transfermarkt.co.uk/fc-vestsjaelland_fc-nordsjaelland/index/spielbericht/2329416
[3080334] Could not find attributes for jake mulraney (Heart of Midlothian Football Club, 2018)
[3080334] Failed to build match row: Heart of Midlothian Football Club vs St. Johnstone FC
[2724817] Could not find attributes for gianclaudio lori (US Ancona, 2016)
[3223265] Could not find attributes for flavio ramos (Gençlerbirliği Spor Kulübü, 2019)

Keepers & outfield error for **Esbjerg fB** in Esbjerg fB vs Randers Fodbold Club: Numbers: 2 and 9.
[2532493] Failed to build match row: Esbjerg fB vs Randers Fodbold Club
sımpaşa A.Ş.
[2884108] Failed to scrape lineup: https://www.transfermarkt.co.uk/fenerbahce_bursaspor/index/spielbericht/2884108
[3151145] Failed to scrape lineup: https://www.transfermarkt.co.uk/paok-thessaloniki_olympiacos-piraeus/index/spielbericht/3151145
[3210101] Failed to scrape lineup: https://www.transfermarkt.co.uk/valencia-cf_athletic-bilbao/index/spielbericht/3210101
[3058635] Failed to scrape lineup: https://www.transfermarkt.co.uk/hertha-bsc_1-fsv-mainz-05/index/spielbericht/3058635
[2897212] Failed to scrape lineup: https://www.transfermarkt.co.uk/inter-milan_genoa-cfc/index/spielbericht/2897212
[2508692] Could not find attributes for jamie macdonald (Falkirk Football & Athletic Club, 2014)
[2508692] Failed to build match row: Falkirk Football & Athletic Club vs Cowdenbeath FC
[2421965] Failed to scrape lineup: https://www.transfermarkt.co.uk/spielbericht/index/spielbericht/2421965
[3069947] Could not find attributes for dario melnjak (Çaykur Rizespor Kulübü, 2018)
[3069947] Failed to build match row: Çaykur Rizespor Kulübü vs Beşiktaş Jimnastik Kulübü
[2921433] Failed to scrape lineup: https://www.transfermarkt.co.uk/dinamo-moscow_anzhi-makhachkala-2022-/index/spielbericht/2921433
[2718965] Failed to scrape lineup: https://www.transfermarkt.co.uk/atletico-de-madrid_valencia-cf/index/spielbericht/2718965
[2613568] Failed to scrape lineup: https://www.transfermarkt.co.uk/cs-maritimo_sc-braga/index/spielbericht/2613568
[2903755] Failed to scrape lineup: https://www.transfermarkt.co.uk/hibernian-fc_heart-of-midlothian-fc/index/spielbericht/2903755
[2808919] Failed to scrape lineup: https://www.transfermarkt.co.uk/spielbericht/index/spielbericht/2808919
[3080335] Could not find attributes for chris erskine (Livingston Football Club, 2018)
[3080335] Failed to build match row: Livingston Football Club vs Rangers Football Club
[2724818] Failed to scrape lineup: https://www.transfermarkt.co.uk/spielbericht/index/spielbericht/2724818
32494
[2367392] Failed to scrape lineup: https://www.transfermarkt.co.uk/spielbericht/index/spielbericht/2367392
[2479525] Failed to scrape lineup: https://www.transfermarkt.co.uk/spielbericht/index/spielbericht/2479525
[2332187] Failed to scrape lineup: https://www.transfermarkt.co.uk/fulham-fc_liverpool-fc/index/spielbericht/2332187
[2460735] Failed to scrape lineup: https://www.transfermarkt.co.uk/bayer-04-leverkusen_1-fc-koln/index/spielbericht/2460735
[2604290] Failed to scrape lineup: https://www.transfermarkt.co.uk/frosinone-calcio_inter-milan/index/spielbericht/2604290
[3112808] Could not find attributes for mick hellemons (RKSV Groene Ster, 2018)
[3112808] Failed to build match row: RKSV Groene Ster vs Sportclub Heerenveen
[3151146] Failed to scrape lineup: https://www.transfermarkt.co.uk/panetolikos-gfs_ae-larisa/index/spielbericht/3151146
[3210102] Failed to scrape lineup: https://www.transfermarkt.co.uk/real-valladolid-cf_levante-ud/index/spielbericht/3210102
[2897213] Failed to scrape lineup: https://www.transfermarkt.co.uk/juventus-fc_torino-fc/index/spielbericht/2897213
[2698312] Could not find attributes for gareth mcauley (West Bromwich Albion, 2016)
[2698312] Failed to build match row: West Bromwich Albion vs Crystal Palace Football Club
[2340276] Failed to scrape lineup: https://www.transfermarkt.co.uk/gil-vicente-fc_sc-olhanense/index/spielbericht/2340276
[3237980] Failed to scrape lineup: https://www.transfermarkt.co.uk/standard-liege_r-charleroi-sc/index/spielbericht/3237980
[2921434] Failed to scrape lineup: https://www.transfermarkt.co.uk/rubin-kazan_ska-khabarovsk/index/spielbericht/2921434
[3088893] Could not find attributes for artur nigmatullin (Arsenal Tula, 2018)
[3088893] Failed to build match row: Arsenal Tula vs FK Rostov
[2724819] Failed to scrape lineup: https://www.transfermarkt.co.uk/spielbericht/index/spielbericht/2724819
[3080336] Could not find attributes for vaclav hladky (Saint Mirren Football Club, 2018)
[3080336] Failed to build match row: Saint Mirren Football Club vs Hibernian Football Club

Keepers & outfield error for **Southampton FC** in Southampton FC vs Arsenal Football Club: Numbers: 2 and 9.
[2332188] Failed to build match row: Southampton FC vs Arsenal Football Club
[2460736] Failed to scrape lineup: https://www.transfermarkt.co.uk/vfl-wolfsburg_borussia-monchengladbach/index/spielbericht/2460736
Not enough players found for lineup: 11, 0.
[2367394] Failed to scrape lineup: https://www.transfermarkt.co.uk/spielbericht/index/spielbericht/2367394
[2758381] Could not find attributes for ognjen vranjes (Tom Tomsk, 2016)
[2758381] Failed to build match row: Tom Tomsk vs Ural Yekaterinburg
[3151147] Could not find attributes for nikolaos papadopoulos (A.G.S Asteras Tripolis, 2018)
[3151147] Failed to build match row: A.G.S Asteras Tripolis vs Aris Thessalonikis
[2594637] Failed to scrape lineup: https://www.transfermarkt.co.uk/ud-las-palmas_granada-cf/index/spielbericht/2594637
[2698313] Failed to scrape lineup: https://www.transfermarkt.co.uk/afc-bournemouth_west-ham-united/index/spielbericht/2698313
[2340277] Failed to scrape lineup: https://www.transfermarkt.co.uk/academica-coimbra_fc-pacos-de-ferreira/index/spielbericht/2340277
[3237981] Failed to scrape lineup: https://www.transfermarkt.co.uk/kaa-gent_kv-kortrijk/index/spielbericht/3237981
[2494487] Could not find attributes for charalampos damianakis (Omilos Filathlon Irakliou FC, 2014)
[2494487] Failed to build match row: Omilos Filathlon Irakliou FC vs Olympiakos Syndesmos Filathlon Peiraios
Not enough players found for lineup: 0, 11.
[2702012] Failed to scrape lineup: https://www.transfermarkt.co.uk/spielbericht/index/spielbericht/2702012
[2875191] Failed to scrape lineup: https://www.transfermarkt.co.uk/aarhus-gf_silkeborg-if/index/spielbericht/2875191

Keepers & outfield error for **Manchester City Football Club** in Manchester City Football Club vs FC Basel 1893 AG: Numbers: 0 and 11.
[2982002] Failed to build match row: Manchester City Football Club vs FC Basel 1893 AG
[2724820] Failed to scrape lineup: https://www.transfermarkt.co.uk/spielbericht/index/spielbericht/2724820
[2475255] Failed to scrape lineup: https://www.transfermarkt.co.uk/villarreal-cf_ud-almeria/index/spielbericht/2475255
[3080337] Failed to scrape lineup: https://www.transfermarkt.co.uk/hamilton-academical-fc_dundee-fc/index/spielbericht/3080337
[2367395] Failed to scrape lineup: https://www.transfermarkt.co.uk/spielbericht/index/spielbericht/2367395
[2460737] Could not find attributes for ragnar klavan (Fußball-Club Augsburg 1907, 2014)
[2460737] Failed to build match row: Fußball-Club Augsburg 1907 vs Hamburger Sport Verein
[2579944] Failed to scrape lineup: https://www.transfermarkt.co.uk/aberdeen-fc_motherwell-fc/index/spielbericht/2579944
[2340278] Failed to scrape lineup: https://www.transfermarkt.co.uk/fc-pacos-de-ferreira_vitoria-setubal-fc/index/spielbericht/2340278
[2494488] Could not find attributes for stathis tavlaridis (Panathinaikos Athlitikos Omilos, 2014)
[2475256] Failed to scrape lineup: https://www.transfermarkt.co.uk/athletic-bilbao_celta-de-vigo/index/spielbericht/2475256
[2494488] Failed to build match row: Panathinaikos Athlitikos Omilos vs AEL Kalloni
[2351985] Failed to scrape lineup: https://www.transfermarkt.co.uk/gs-ergotelis_panthrakikos-komotini/index/spielbericht/2351985
[2367397] Failed to scrape lineup: https://www.transfermarkt.co.uk/spielbericht/index/spielbericht/2367397
[2329417] Failed to scrape lineup: https://www.transfermarkt.co.uk/fc-copenhagen_randers-fc/index/spielbericht/2329417
[2460738] Failed to scrape lineup: https://www.transfermarkt.co.uk/tsg-1899-hoffenheim_hannover-96/index/spielbericht/2460738
[3306904] Failed to scrape lineup: https://www.transfermarkt.co.uk/spielbericht/index/spielbericht/3306904
[2508693] Could not find attributes for dean hoskins (Berwick Rangers FC, 2014)
[2508693] Failed to build match row: Berwick Rangers FC vs Albion Rovers FC

Keepers & outfield error for **Real Madrid Club de Fútbol** in Athletic Club Bilbao vs Real Madrid Club de Fútbol: Numbers: 2 and 9.
[3210103] Failed to build match row: Athletic Club Bilbao vs Real Madrid Club de Fútbol
[2702100] Failed to scrape lineup: https://www.transfermarkt.co.uk/spielbericht/index/spielbericht/2702100
[2613569] Could not find attributes for kuca (Rio Ave Futebol Clube, 2015)
[2613569] Failed to build match row: Rio Ave Futebol Clube vs FC Paços de Ferreira
[3069948] Could not find attributes for leonard zuta (Konyaspor, 2018)
[3069948] Failed to build match row: İstanbul Başakşehir Futbol Kulübü vs Konyaspor
[3223266] Could not find attributes for atiba hutchinson (Beşiktaş Jimnastik Kulübü, 2019)
[3223266] Failed to build match row: Beşiktaş Jimnastik Kulübü vs Konyaspor

Keepers & outfield error for **Futbol Club Barcelona** in Futbol Club Barcelona vs Celta: Numbers: 2 and 9.
[2718967] Failed to build match row: Futbol Club Barcelona vs Celta
[2604291] Could not find attributes for gianluigi donnarumma (Associazione Calcio Milan, 2015)
[2604291] Failed to build match row: Associazione Calcio Milan vs Juventus Football Club
[2475257] Failed to scrape lineup: https://www.transfermarkt.co.uk/levante-ud_real-madrid/index/spielbericht/2475257
[2897216] Failed to scrape lineup: https://www.transfermarkt.co.uk/us-sassuolo_bologna-fc-1909/index/spielbericht/2897216
[2903757] Failed to scrape lineup: https://www.transfermarkt.co.uk/dundee-fc_motherwell-fc/index/spielbericht/2903757
2351986
[2586936] Failed to scrape lineup: https://www.transfermarkt.co.uk/as-saint-etienne_gfc-ajaccio/index/spielbericht/2586936
[2479526] Could not find attributes for nuno diogo (SC Olhanense, 2014)
[2479526] Failed to build match row: SC Olhanense vs Clube Desportivo de Tondela
[2579945] Failed to build match row: The Celtic Football Club vs Dundee United Football Club
[3088894] Could not find attributes for yaroslav godzyur (Ural Yekaterinburg, 2018)
[3088894] Failed to build match row: Ural Yekaterinburg vs RFK Akhmat Grozny
[2367398] Failed to scrape lineup: https://www.transfermarkt.co.uk/spielbericht/index/spielbericht/2367398
[2494489] Could not find attributes for manolis stefanakos (Panetolikos Agrinio, 2014)
[3080339] Failed to scrape lineup: https://www.transfermarkt.co.uk/kilmarnock-fc_heart-of-midlothian-fc/index/spielbericht/3080339
[2494489] Failed to build match row: Panetolikos Agrinio vs APS Atromitos Athinon
[2532498] Failed to scrape lineup: https://www.transfermarkt.co.uk/hobro-ik_fc-midtjylland/index/spielbericht/2532498
[2460739] Failed to scrape lineup: https://www.transfermarkt.co.uk/hertha-bsc_bayern-munich/index/spielbericht/2460739
[3306905] Failed to scrape lineup: https://www.transfermarkt.co.uk/spielbericht/index/spielbericht/3306905
[3048421] Could not find attributes for robin udegbe (Rot-Weiß Oberhausen, 2018)
[3048421] Failed to build match row: Rot-Weiß Oberhausen vs SV Sandhausen
[3151158] Could not find attributes for lasse schone (AFC Ajax Amsterdam, 2018)
[3151158] Failed to build match row: Feyenoord Rotterdam vs AFC Ajax Amsterdam
[2342517] Failed to scrape lineup: https://www.transfermarkt.co.uk/ado-den-haag_go-ahead-eagles/index/spielbericht/2342517
[2508694] Failed to scrape lineup: https://www.transfermarkt.co.uk/spielbericht/index/spielbericht/2508694
[3210104] Failed to scrape lineup: https://www.transfermarkt.co.uk/atletico-de-madrid_rcd-mallorca/index/spielbericht/3210104
[2702717] Failed to scrape lineup: https://www.transfermarkt.co.uk/fc-girondins-bordeaux_as-nancy-lorraine/index/spielbericht/2702717
[2340279] Could not find attributes for avto (Gil Vicente Futebol Clube, 2013)
[2340279] Failed to build match row: Vitória Setúbal FC vs Gil Vicente Futebol Clube
[2724821] Could not find attributes for nicola ravaglia (Unione Sportiva Cremonese S.p.A., 2016)
[2724821] Failed to build match row: Unione Sportiva Cremonese S.p.A. vs Fermana FC
[2884110] Failed to scrape lineup: https://www.transfermarkt.co.uk/basaksehir-fk_sivasspor/index/spielbericht/2884110
[3223267] Failed to scrape lineup: https://www.transfermarkt.co.uk/basaksehir-fk_galatasaray/index/spielbericht/3223267
[2758383] Could not find attributes for mikhail levashov (Arsenal Tula, 2016)
[2758383] Failed to build match row: Футбольный клуб "Локомотив" Москва vs Arsenal Tula

Keepers & outfield error for **Футбольный клуб "Локомотив" Москва** in Футбольный клуб "Локомотив" Москва vs Amkar Perm: Numbers: 0 and 11.
[2629970] Failed to build match row: Футбольный клуб "Локомотив" Москва vs Amkar Perm
Numbers: 3 and 8.
[2613570] Failed to build match row: Futebol Clube de Arouca vs CF União Madeira (-2021)
[2718968] Failed to scrape lineup: https://www.transfermarkt.co.uk/celta-de-vigo_villarreal-cf/index/spielbericht/2718968
[2475258] Failed to scrape lineup: https://www.transfermarkt.co.uk/fc-barcelona_sd-eibar/index/spielbericht/2475258
[2508695] Failed to scrape lineup: https://www.transfermarkt.co.uk/spielbericht/index/spielbericht/2508695
[3080340] Failed to scrape lineup: https://www.transfermarkt.co.uk/motherwell-fc_livingston-fc/index/spielbericht/3080340
[3112809] Could not find attributes for dirk abels (Eindhovense Voetbalvereniging Philips Sport Vereniging, 2018)
[2494490] Could not find attributes for georgios athanasiadis (Panthrakikos Komotini, 2014)

Keepers & outfield error for **Hamilton Academical FC** in Hamilton Academical FC vs Partick Thistle FC: Numbers: 2 and 9.
[2342518] Failed to scrape lineup: https://www.transfermarkt.co.uk/sc-cambuur-leeuwarden_roda-jc-kerkrade/index/spielbericht/2342518
[3112809] Failed to build match row: Eindhovense Voetbalvereniging Philips Sport Vereniging vs RKC Waalwijk
[2332190] Failed to scrape lineup: https://www.transfermarkt.co.uk/manchester-city_chelsea-fc/index/spielbericht/2332190
[2903758] Failed to build match row: Hamilton Academical FC vs Partick Thistle FC

Keepers & outfield error for **Futebol Clube do Porto** in Liverpool Football Club vs Futebol Clube do Porto: Numbers: 2 and 9.
[2982003] Failed to build match row: Liverpool Football Club vs Futebol Clube do Porto

Keepers & outfield error for **SPAL** in SPAL vs Società Sportiva Calcio Napoli: Numbers: 2 and 9.
[2629971] Failed to scrape lineup: https://www.transfermarkt.co.uk/cska-moscow_ural-yekaterinburg/index/spielbericht/2629971
[2351987] Could not find attributes for spyros risvanis (Panathinaikos Athlitikos Omilos, 2013)
[2897217] Failed to build match row: SPAL vs Società Sportiva Calcio Napoli
[3088895] Could not find attributes for chico flores (FC Rubin Kazan, 2018)
[3203443] Could not find attributes for yuya osako (Sportverein Werder Bremen von 1899, 2019)
[2351987] Failed to build match row: Panathinaikos Athlitikos Omilos vs Olympiakos Syndesmos Filathlon Peiraios
[2613571] Failed to scrape lineup: https://www.transfermarkt.co.uk/sl-benfica_fc-porto/index/spielbericht/2613571
[2921437] Failed to scrape lineup: https://www.transfermarkt.co.uk/fc-rostov_fc-ufa/index/spielbericht/2921437
[3088895] Failed to build match row: FC Rubin Kazan vs PFK CSKA Moskva
[3203443] Failed to build match row: Turn- und Sportgemeinschaft 1899 Hoffenheim Fußball-Spielbetriebs vs Sportverein Werder Bremen von 1899
[2724822] Failed to scrape lineup: https://www.transfermarkt.co.uk/spielbericht/index/spielbericht/2724822
[2884111] Failed to scrape lineup: https://www.transfermarkt.co.uk/besiktas-jk_kayserispor/index/spielbericht/2884111
[2718969] Failed to scrape lineup: https://www.transfermarkt.co.uk/rcd-espanyol-barcelona_ud-las-palmas/index/spielbericht/2718969

Keepers & outfield error for **CS Marítimo** in CS Marítimo vs FC Paços de Ferreira: Numbers: 0 and 11.
[3069949] Could not find attributes for ante kulusic (MKE Ankaragücü, 2018)
[2340280] Failed to build match row: CS Marítimo vs FC Paços de Ferreira
[2758384] Could not find attributes for blagoy georgiev (FC Orenburg, 2016)
[3069949] Failed to build match row: MKE Ankaragücü vs Fenerbahçe Spor Kulübü
[2604292] Could not find attributes for michel morganella (Palermo FC, 2015)
[2758384] Failed to build match row: RFK Akhmat Grozny vs FC Orenburg
[2329418] Could not find attributes for pierre kanstrup (Sønderjyske Fodbold, 2013)
[2604292] Failed to build match row: Palermo FC vs Società Sportiva Lazio S.p.A.
[2329418] Failed to build match row: Sønderjyske Fodbold vs Aalborg BK
[2421966] Could not find attributes for josh passley (Fulham Football Club, 2013)
[2421966] Failed to build match row: Sheffield United vs Fulham Football Club
Not enough players found for lineup: 0, 0.
[2479527] Failed to scrape lineup: https://www.transfermarkt.co.uk/spielbericht/index/spielbericht/2479527

Keepers & outfield error for **Granada CF** in Granada CF vs Rayo Vallecano de Madrid S. A. D.: Numbers: 0 and 11.
[2475259] Failed to build match row: Granada CF vs Rayo Vallecano de Madrid S. A. D.
[2808920] Could not find attributes for nicklas bendtner (Nottingham Forest Football Club, 2016)
[2808920] Failed to build match row: Wigan Athletic vs Nottingham Forest Football Club

Keepers & outfield error for **Rangers Football Club** in Rangers Football Club vs Saint Mirren Football Club: Numbers: 2 and 9.
[3080341] Failed to build match row: Rangers Football Club vs Saint Mirren Football Club
[2702718] Could not find attributes for yves bissouma (Lille Olympique Sporting Club, 2016)
[2702718] Failed to build match row: Lille Olympique Sporting Club vs SC Bastia
[2653886] Could not find attributes for xavier mercier (KV Kortrijk, 2015)
[2653886] Failed to build match row: KV Kortrijk vs KV Oostende
[2460740] Could not find attributes for janek sternberg (Sportverein Werder Bremen von 1899, 2014)
[2460740] Failed to build match row: Sportverein Werder Bremen von 1899 vs SC Paderborn 07
[2494491] Failed to scrape lineup: https://www.transfermarkt.co.uk/ao-platanias_gs-ergotelis/index/spielbericht/2494491
[3223268] Could not find attributes for bunyamin balci (Antalyaspor, 2019)
[3223268] Failed to build match row: Gaziantep Futbol Kulübü A.Ş. vs Antalyaspor
[2897218] Failed to scrape lineup: https://www.transfermarkt.co.uk/atalanta-bc_juventus-fc/index/spielbericht/2897218

Keepers & outfield error for **Coventry City** in Coventry City vs Birmingham City: Numbers: 2 and 9.
[3306906] Failed to build match row: Coventry City vs Birmingham City
018)
[3069950] Failed to build match row: Antalyaspor vs Kasımpaşa A.Ş.
[2329419] Failed to scrape lineup: https://www.transfermarkt.co.uk/aalborg-bk_fc-copenhagen/index/spielbericht/2329419
[3210106] Failed to scrape lineup: https://www.transfermarkt.co.uk/rcd-espanyol-barcelona_cd-leganes/index/spielbericht/3210106
[3113744] Failed to scrape lineup: https://www.transfermarkt.co.uk/panathinaikos-fc_panionios-athens/index/spielbericht/3113744
[2340281] Could not find attributes for pintassilgo (Futebol Clube de Arouca, 2013)
[2340281] Failed to build match row: Futebol Clube de Arouca vs Sporting Clube de Braga
[2808921] Failed to scrape lineup: https://www.transfermarkt.co.uk/spielbericht/index/spielbericht/2808921
[2724823] Failed to scrape lineup: https://www.transfermarkt.co.uk/spielbericht/index/spielbericht/2724823
[3203444] Failed to scrape lineup: https://www.transfermarkt.co.uk/fortuna-dusseldorf_bayer-04-leverkusen/index/spielbericht/3203444
[3237984] Could not find attributes for omid ebrahimi (KAS Eupen, 2019)
[2613572] Could not find attributes for enaut zubikarai (Clube Desportivo de Tondela, 2015)
[3237984] Failed to build match row: Cercle Brugge Koninklijke Sportvereniging vs KAS Eupen
[2884112] Could not find attributes for tayyip talha sanuc (Kardemir Karabükspor, 2017)
polis/index/spielbericht/2494492
[2702719] Failed to scrape lineup: https://www.transfermarkt.co.uk/olympique-lyon_ea-guingamp/index/spielbericht/2702719
[2884112] Failed to build match row: Kardemir Karabükspor vs Konyaspor

Keepers & outfield error for **Levante Unión Deportiva S.A.D.** in Levante Unión Deportiva S.A.D. vs Málaga CF: Numbers: 2 and 9.
[2594639] Failed to build match row: Levante Unión Deportiva S.A.D. vs Málaga CF

Keepers & outfield error for **Sevilla Fútbol Club S.A.D.** in Manchester United Football Club vs Sevilla Fútbol Club S.A.D.: Numbers: 0 and 11.
[2982004] Failed to build match row: Manchester United Football Club vs Sevilla Fútbol Club S.A.D.
[2332192] Failed to scrape lineup: https://www.transfermarkt.co.uk/chelsea-fc_tottenham-hotspur/index/spielbericht/2332192
[3223269] Failed to scrape lineup: https://www.transfermarkt.co.uk/trabzonspor_mke-ankaragucu/index/spielbericht/3223269
[2329420] Failed to scrape lineup: https://www.transfermarkt.co.uk/fc-midtjylland_aalborg-bk/index/spielbericht/2329420
[3069951] Could not find attributes for iasmin latovlevici (Bursaspor, 2018)
[3069951] Failed to build match row: Bursaspor vs Trabzonspor Kulübü
[3306907] Could not find attributes for billy mitchell (Millwall FC, 2019)
[3306907] Failed to build match row: Millwall FC vs Sheffield United

Keepers & outfield error for **Swansea City** in West Ham United Football Club vs Swansea City: Numbers: 2 and 9.
[2698314] Failed to build match row: West Ham United Football Club vs Swansea City
[3210107] Failed to build match row: Granada CF vs Valencia Club de Fútbol S. A. D.
[3113745] Failed to scrape lineup: https://www.transfermarkt.co.uk/pas-giannina_panetolikos-gfs/index/spielbericht/3113745
[2867602] Failed to scrape lineup: https://www.transfermarkt.co.uk/excelsior-rotterdam_fc-groningen/index/spielbericht/2867602

Keepers & outfield error for **CF Os Belenenses** in CF Os Belenenses vs CS Marítimo: Numbers: 0 and 11.
[2340282] Failed to build match row: CF Os Belenenses vs CS Marítimo

Keepers & outfield error for **Esbjerg fB** in Esbjerg fB vs Odense Boldklub: Numbers: 2 and 9.
[2532500] Failed to build match row: Esbjerg fB vs Odense Boldklub
[3203445] Failed to scrape lineup: https://www.transfermarkt.co.uk/hertha-bsc_vfl-wolfsburg/index/spielbericht/3203445
[2724824] Failed to scrape lineup: https://www.transfermarkt.co.uk/spielbericht/index/spielbericht/2724824
[3223270] Failed to scrape lineup: https://www.transfermarkt.co.uk/goztepe_alanyaspor/index/spielbericht/3223270
Not enough players found for lineup: 0, 0.
[2342519] Could not find attributes for athanasios karagounis (Prins Hendrik Ende Desespereert Nimmer Combinatie Zwolle, 2013)
[2479528] Failed to scrape lineup: https://www.transfermarkt.co.uk/spielbericht/index/spielbericht/2479528
[2342519] Failed to build match row: Prins Hendrik Ende Desespereert Nimmer Combinatie Zwolle vs Heracles Almelo
[2332193] Could not find attributes for nabil bentaleb (Tottenham Hotspur Football Club, 2013)
[2494494] Could not find attributes for georgios kantimiris (Veria NPS, 2014)
[2494494] Failed to build match row: Veria NPS vs Olympiakos Syndesmos Filathlon Peiraios
[2332193] Failed to build match row: Hull City vs Tottenham Hotspur Football Club
[2884113] Could not find attributes for anil karaer (Ankaraspor, 2017)
[2653887] Could not find attributes for aleksandar bjelica (Yellow-Red Koninklijke Voetbalclub Mechelen, 2015)
[2884113] Failed to build match row: Ankaraspor vs Beşiktaş Jimnastik Kulübü
[2653887] Failed to build match row: Yellow-Red Koninklijke Voetbalclub Mechelen vs Koninklijke Racing Club Genk
[3151159] Could not find attributes for ricardo van rhijn (Alkmaar Zaanstreek, 2018)
[2875193] Could not find attributes for mohammad adnan (FC Helsingör, 2017)
[2329421] Failed to scrape lineup: https://www.transfermarkt.co.uk/fc-copenhagen_sonderjyske/index/spielbericht/2329421
[3151159] Failed to build match row: Willem II Tilburg vs Alkmaar Zaanstreek
[2875193] Failed to build match row: FC Helsingör vs Hobro IK
[2351988] Could not find attributes for giannis siderakis (AEL Kalloni, 2013)
[2351988] Failed to build match row: AEL Kalloni vs Panionios Athens
[2867682] Failed to scrape lineup: https://www.transfermarkt.co.uk/spielbericht/index/spielbericht/2867682
[2903759] Could not find attributes for ross mccrorie (Rangers Football Club, 2017)
[3113746] Failed to scrape lineup: https://www.transfermarkt.co.uk/apollon-smyrnis_aek-athens/index/spielbericht/3113746
[3210108] Failed to scrape lineup: https://www.transfermarkt.co.uk/levante-ud_real-sociedad/index/spielbericht/3210108
[2903759] Failed to build match row: Rangers Football Club vs Kilmarnock Football Club
[3088896] Could not find attributes for nikolay rasskazov (FK Spartak Moskva, 2018)

Keepers & outfield error for **Oxford United** in Newcastle United Football Club vs Oxford United: Numbers: 2 and 9.
[2718970] Could not find attributes for florian lejeune (SD Eibar, 2016)
[3088896] Failed to build match row: FK Spartak Moskva vs FK Dinamo Moskva
[3306908] Failed to build match row: Newcastle United Football Club vs Oxford United
[2921439] Could not find attributes for kirill kaplenko (AO FK Zenit Sankt-Peterburg, 2017)
[2718970] Failed to build match row: Club Atlético Osasuna vs SD Eibar

Keepers & outfield error for **AO FK Zenit Sankt-Peterburg** in AO FK Zenit Sankt-Peterburg vs FK Spartak Moskva: Numbers: 2 and 9.
[2758386] Failed to build match row: AO FK Zenit Sankt-Peterburg vs FK Spartak Moskva
Not enough players found for lineup: 0, 0.
[2340283] Failed to scrape lineup: https://www.transfermarkt.co.uk/cd-nacional_gil-vicente-fc/index/spielbericht/2340283
[2921439] Failed to build match row: RFK Akhmat Grozny vs AO FK Zenit Sankt-Peterburg
[2702720] Could not find attributes for rod fanni (Olympique de Marseille, 2016)
[2702720] Failed to build match row: Paris Saint-Germain Football Club vs Olympique de Marseille
[2629973] Failed to scrape lineup: https://www.transfermarkt.co.uk/rubin-kazan_fc-ufa/index/spielbericht/2629973

Keepers & outfield error for **Rayo Vallecano de Madrid S. A. D.** in Rayo Vallecano de Madrid S. A. D. vs Club Atlético de Madrid S.A.D.: Numbers: 0 and 11.
[2604294] Could not find attributes for albano bizzarri (Chievo Verona, 2015)
[2594640] Failed to build match row: Rayo Vallecano de Madrid S. A. D. vs Club Atlético de Madrid S.A.D.

Keepers & outfield error for **1. Fußball- und Sportverein Mainz 05** in 1. Fußball- und Sportverein Mainz 05 vs Mönchengladbach: Numbers: 2 and 9.
[2604294] Failed to build match row: Udinese Calcio vs Chievo Verona
[3203446] Failed to build match row: 1. Fußball- und Sportverein Mainz 05 vs Mönchengladbach
[2494496] Failed to scrape lineup: https://www.transfermarkt.co.uk/apo-levadiakos_skoda-xanthi/index/spielbericht/2494496
[2724825] Could not find attributes for lys gomis (Unione Sportiva Lecce, 2016)
[2724825] Failed to build match row: Unione Sportiva Lecce vs AltoVicentino
[3080343] Failed to scrape lineup: https://www.transfermarkt.co.uk/aberdeen-fc_rangers-fc/index/spielbericht/3080343
[3151164] Failed to scrape lineup: https://www.transfermarkt.co.uk/spielbericht/index/spielbericht/3151164
[2329422] Failed to scrape lineup: https://www.transfermarkt.co.uk/esbjerg-fb_brondby-if/index/spielbericht/2329422

Keepers & outfield error for **Vitória Sport Clube** in Vitória Sport Clube vs Vitória Setúbal FC: Numbers: 0 and 11.
[2422828] Failed to build match row: AEL Kalloni vs Apollon Smyrnis
[2613573] Failed to build match row: Vitória Sport Clube vs Vitória Setúbal FC

Keepers & outfield error for **Córdoba CF** in Córdoba CF vs Real Sociedad de Fútbol S.A.D.: Numbers: 0 and 11.
[2475260] Failed to build match row: Córdoba CF vs Real Sociedad de Fútbol S.A.D.
[2579946] Could not find attributes for rhys healey (Dundee Football Club, 2015)
[2579946] Failed to build match row: Dundee Football Club vs Kilmarnock Football Club
[2351989] Failed to scrape lineup: https://www.transfermarkt.co.uk/apollon-smyrnis_pae-veria/index/spielbericht/2351989
[3113747] Failed to scrape lineup: https://www.transfermarkt.co.uk/ae-larisa_pas-lamia-1964/index/spielbericht/3113747
[2586939] Could not find attributes for fabien camus (ESTAC Troyes, 2015)
[2586939] Failed to build match row: Football Club de Nantes vs ESTAC Troyes
[3088897] Failed to scrape lineup: https://www.transfermarkt.co.uk/fk-orenburg_fk-krasnodar/index/spielbericht/3088897
[2340284] Failed to scrape lineup: https://www.transfermarkt.co.uk/sc-olhanense_vitoria-setubal-fc/index/spielbericht/2340284
[2532501] Could not find attributes for eggert gunnthor jonsson (FC Vestsjaelland, 2014)
[2698315] Could not find attributes for jose cholevas (Watford FC, 2016)
[2532501] Failed to build match row: Brøndby Idrætsforening vs FC Vestsjaelland
[2698315] Failed to build match row: Watford FC vs West Bromwich Albion
[2921848] Could not find attributes for urtzi iturrioz (SD Leioa, 2017)
[2921848] Failed to build match row: CD Calahorra vs SD Leioa

Keepers & outfield error for **Club Atlético Osasuna** in Club Atlético Osasuna vs Getafe Club de Fútbol S. A. D. Team Dubai: Numbers: 2 and 9.
[3210109] Failed to build match row: Club Atlético Osasuna vs Getafe Club de Fútbol S. A. D. Team Dubai
[2342520] Could not find attributes for hans hateboer (Football Club Groningen, 2013)
[2342520] Failed to build match row: Football Club Utrecht vs Football Club Groningen
[3223271] Could not find attributes for afriyie acquah (Yeni Malatyaspor, 2019)
[3223271] Failed to build match row: Fenerbahçe Spor Kulübü vs Yeni Malatyaspor
 Nimmer Combinatie Zwolle
[2724826] Could not find attributes for gianmarco vannucchi (US Alessandria Calcio 1912, 2016)
[2509346] Could not find attributes for branko jovicic (Amkar Perm, 2014)

Keepers & outfield error for **Rayo Vallecano de Madrid S. A. D.** in Rayo Vallecano de Madrid S. A. D. vs Real Sociedad de Fútbol S.A.D.: Numbers: 0 and 11.
[2494497] Could not find attributes for theofanis tzandaris (Panthessalonikios Athlitikos Omilos Konstantinoupoliton, 2014)
[2509346] Failed to build match row: Amkar Perm vs Mordovia Saransk (-2020)
[2594641] Failed to build match row: Rayo Vallecano de Madrid S. A. D. vs Real Sociedad de Fútbol S.A.D.
[2494497] Failed to build match row: Panthessalonikios Athlitikos Omilos Konstantinoupoliton vs Panetolikos Agrinio
Not enough players found for lineup: 0, 0.
[2724826] Failed to build match row: US Alessandria Calcio 1912 vs Città di Teramo 1913
[3069952] Could not find attributes for dario melnjak (Çaykur Rizespor Kulübü, 2018)
[2367400] Failed to scrape lineup: https://www.transfermarkt.co.uk/spielbericht/index/spielbericht/2367400
[3069952] Failed to build match row: Çaykur Rizespor Kulübü vs Göztepe Sportif Yatırımlar A.Ş.
[2702721] Could not find attributes for matteo guendouzi (Football Club Lorient-Bretagne Sud, 2016)
[2702721] Failed to build match row: Dijon FCO vs Football Club Lorient-Bretagne Sud
[2884114] Could not find attributes for mbaye diagne (Kasımpaşa A.Ş., 2017)
[2884114] Failed to build match row: Kasımpaşa A.Ş. vs Gençlerbirliği Spor Kulübü
Not enough players found for lineup: 0, 0.
[2758387] Could not find attributes for joaozinho (FK Krasnodar, 2016)
[2758387] Failed to build match row: FK Krasnodar vs FC Rubin Kazan
[2340285] Failed to scrape lineup: https://www.transfermarkt.co.uk/fc-pacos-de-ferreira_gd-estoril-praia/index/spielbericht/2340285
[2422829] Could not find attributes for luigi cennamo (APS Atromitos Athinon, 2013)
[2732174] Could not find attributes for nemanja miletic (Koninklijke Voetbal Club Westerlo, 2016)
[2422829] Failed to build match row: APS Atromitos Athinon vs PAS Giannina
[2732174] Failed to build match row: St Truiden vs Koninklijke Voetbal Club Westerlo
[3151165] Could not find attributes for matic kotnik (Panionios Athens, 2018)
[3151165] Failed to build match row: Panionios Athens vs Panthessalonikios Athlitikos Omilos Konstantinoupoliton
[2579947] Could not find attributes for arnaud djoum (Heart of Midlothian Football Club, 2015)
[2579947] Failed to build match row: Heart of Midlothian Football Club vs Ross County FC
[3088898] Could not find attributes for giorgiy shelia (FK Ufa, 2018)
[3088898] Failed to build match row: FK Ufa vs AO FK Zenit Sankt-Peterburg
[3058636] Could not find attributes for ja cheol koo (Fußball-Club Augsburg 1907, 2018)

Keepers & outfield error for **UC Sampdoria** in UC Sampdoria vs Calcio Como: Numbers: 0 and 11.
[3058636] Failed to build match row: Fußball-Club Augsburg 1907 vs Borussia Dortmund
[2486246] Failed to build match row: UC Sampdoria vs Calcio Como
[3223272] Could not find attributes for muris mesanovic (Kayserispor Kulübü, 2019)
[3223272] Failed to build match row: Sivasspor vs Kayserispor Kulübü
[3113748] Could not find attributes for athanasios panteliadis (APO Levadiakos Football Club, 2018)
[3113748] Failed to build match row: APO Levadiakos Football Club vs AO Xanthi
[2903761] Could not find attributes for harry cochrane (Heart of Midlothian Football Club, 2017)
[2494498] Could not find attributes for stathis tavlaridis (Panathinaikos Athlitikos Omilos, 2014)
[2903761] Failed to build match row: Heart of Midlothian Football Club vs Rangers Football Club
[2494498] Failed to build match row: Panathinaikos Athlitikos Omilos vs AO Platanias

Keepers & outfield error for **Espanol** in Espanol vs Deportivo de La Coruña: Numbers: 2 and 9.
[2475262] Failed to build match row: Espanol vs Deportivo de La Coruña
[2698316] Could not find attributes for jose cholevas (Watford FC, 2016)
[2698316] Failed to build match row: Watford FC vs Southampton FC
[3203448] Could not find attributes for stephan lichtsteiner (Fußball-Club Augsburg 1907, 2019)
[3203448] Failed to build match row: Fußball-Club Augsburg 1907 vs 1. Fußballclub Union Berlin
[3151166] Could not find attributes for dimitrios katsimitros (GS Ergotelis, 2018)
[3151166] Failed to build match row: GS Ergotelis vs A.G.S Asteras Tripolis
[2422830] Could not find attributes for spyros risvanis (Panathinaikos Athlitikos Omilos, 2013)
[2422830] Failed to build match row: Panathinaikos Athlitikos Omilos vs AO Platanias
[3407702] Could not find attributes for nikolay radchenko (FC Murom, 2020)
[3407702] Failed to build match row: FC Murom vs FC Ryazan

Keepers & outfield error for **SD Eibar** in Sevilla Fútbol Club S.A.D. vs SD Eibar: Numbers: 2 and 9.
[3210110] Failed to build match row: Sevilla Fútbol Club S.A.D. vs SD Eibar
[3058637] Could not find attributes for sebastian langkamp (Sportverein Werder Bremen von 1899, 2018)
[3058637] Failed to build match row: Verein für Leibesübungen Wolfsburg vs Sportverein Werder Bremen von 1899

Keepers & outfield error for **Beşiktaş Jimnastik Kulübü** in Beşiktaş Jimnastik Kulübü vs FC Bayern München: Numbers: 2 and 9.
[2982008] Failed to build match row: Beşiktaş Jimnastik Kulübü vs FC Bayern München
[2629974] Could not find attributes for aleksandr belenov (Kuban Krasnodar (-2018), 2015)
[2629974] Failed to build match row: Kuban Krasnodar (-2018) vs AO FK Zenit Sankt-Peterburg
[2758388] Could not find attributes for georgiy shchennikov (PFK CSKA Moskva, 2016)
[2758388] Failed to build match row: FK Rostov vs PFK CSKA Moskva
kala ( -2022), 2018)
[3088899] Failed to build match row: Футбольный клуб "Локомотив" Москва vs Anzhi Makhachkala ( -2022)
[3048423] Could not find attributes for florian kirschke (SC Weiche Flensburg 08, 2018)
[3048423] Failed to build match row: SC Weiche Flensburg 08 vs VfL Bochum
[3306910] Could not find attributes for sone aluko (Reading FC, 2019)
[3306910] Failed to build match row: Reading FC vs Cardiff City
[2718971] Could not find attributes for darko brasanac (Real Betis Balompié S.A.D., 2016)
[2718971] Failed to build match row: Real Madrid Club de Fútbol vs Real Betis Balompié S.A.D.
[2486247] Could not find attributes for ermanno fumagalli (Casertana FC, 2014)
[2486247] Failed to build match row: Cesena FC vs Casertana FC
[3113749] Could not find attributes for julian cuesta (Aris Thessalonikis, 2018)
[3113749] Failed to build match row: Aris Thessalonikis vs Panthessalonikios Athlitikos Omilos Konstantinoupoliton
[2808922] Could not find attributes for brandon mason (Watford FC, 2016)
[2808922] Failed to build match row: Watford FC vs Burton Albion
[3080344] Failed to scrape lineup: https://www.transfermarkt.co.uk/celtic-fc_hibernian-fc/index/spielbericht/3080344

Keepers & outfield error for **St Truiden** in KV Kortrijk vs St Truiden: Numbers: 2 and 9.
[3237989] Failed to build match row: KV Kortrijk vs St Truiden
[3088900] Failed to scrape lineup: https://www.transfermarkt.co.uk/enisey-krasnoyarsk_krylya-sovetov-samara/index/spielbericht/3088900
[2724829] Could not find attributes for matteo battistini (Carrarese Calcio 1908, 2016)
[2724829] Failed to build match row: Carrarese Calcio 1908 vs Atletico Arezzo
[2351990] Failed to scrape lineup: https://www.transfermarkt.co.uk/asteras-tripolis_skoda-xanthi/index/spielbericht/2351990

Keepers & outfield error for **Футбольный клуб "Локомотив" Москва** in FK Spartak Moskva vs Футбольный клуб "Локомотив" Москва: Numbers: 0 and 11.
[2629975] Failed to build match row: FK Spartak Moskva vs Футбольный клуб "Локомотив" Москва
[2329423] Failed to scrape lineup: https://www.transfermarkt.co.uk/fc-nordsjaelland_fc-vestsjaelland/index/spielbericht/2329423
[3264456] Failed to scrape lineup: https://www.transfermarkt.co.uk/pfc-lviv_kolos-kovalivka/index/spielbericht/3264456
[2732177] Could not find attributes for ishak belfodil (Royal Standard Club de Liège, 2016)
[2732177] Failed to build match row: Royal Standard Club de Liège vs SK Beveren
[2494499] Could not find attributes for nikolaos papadopoulos (Panionios Athens, 2014)
[2494499] Failed to build match row: Panionios Athens vs Panthrakikos Komotini
[3216195] Failed to scrape lineup: https://www.transfermarkt.co.uk/az-alkmaar_willem-ii-tilburg/index/spielbericht/3216195
[2897221] Failed to scrape lineup: https://www.transfermarkt.co.uk/genoa-cfc_bologna-fc-1909/index/spielbericht/2897221
[2586940] Failed to scrape lineup: https://www.transfermarkt.co.uk/olympique-marseille_fc-lorient/index/spielbericht/2586940
[3306911] Could not find attributes for danny ings (Southampton FC, 2019)
[3306911] Failed to build match row: Southampton FC vs Tottenham Hotspur Football Club
[2604296] Could not find attributes for urby emanuelson (Verona Hellas Football Club, 2015)
[2604296] Failed to build match row: Verona Hellas Football Club vs Frosinone Calcio
[2532502] Failed to scrape lineup: https://www.transfermarkt.co.uk/fc-vestsjaelland_fc-nordsjaelland/index/spielbericht/2532502
[2486248] Could not find attributes for giovanni zandrini (L'Aquila 1927, 2014)
[2486248] Failed to build match row: FC Empoli vs L'Aquila 1927

Keepers & outfield error for **FC Cartagena** in FC Cartagena vs CD Mirandés: Numbers: 0 and 11.
[2921849] Failed to build match row: FC Cartagena vs CD Mirandés
[2613574] Could not find attributes for hicham belkaroui (Clube Desportivo Nacional, 2015)
[2613574] Failed to build match row: Clube Desportivo Nacional vs Sporting Clube de Portugal
[2702723] Could not find attributes for stephane sessegnon (Montpellier HSC, 2016)
[2702723] Failed to build match row: Association sportive de Monaco Football Club vs Montpellier HSC
[2982073] Could not find attributes for aritm (Футбольный клуб "Локомотив" Москва, 2017)
[2982073] Failed to build match row: Olympique Gymnaste Club Nice Côte d'Azur vs Футбольный клуб "Локомотив" Москва
[2758501] Could not find attributes for zivko zivkovic (AO Xanthi, 2016)
[2758501] Failed to build match row: AO Xanthi vs Olympiakos Syndesmos Filathlon Peiraios

Keepers & outfield error for **Alaves** in Real Valladolid CF vs Alaves: Numbers: 0 and 11.
[2870882] Failed to scrape lineup: https://www.transfermarkt.co.uk/vvv-venlo_heracles-almelo/index/spielbericht/2870882
[3210112] Failed to build match row: Real Valladolid CF vs Alaves
[2509347] Failed to scrape lineup: https://www.transfermarkt.co.uk/torpedo-moskau_lokomotiv-moskau/index/spielbericht/2509347
[2594642] Failed to scrape lineup: https://www.transfermarkt.co.uk/valencia-cf_real-madrid/index/spielbericht/2594642
[2367401] Failed to scrape lineup: https://www.transfermarkt.co.uk/spielbericht/index/spielbericht/2367401
[3069953] Failed to scrape lineup: https://www.transfermarkt.co.uk/kayserispor_mke-ankaragucu/index/spielbericht/3069953
[2884115] Failed to scrape lineup: https://www.transfermarkt.co.uk/konyaspor_goztepe/index/spielbericht/2884115
[2604297] Failed to scrape lineup: https://www.transfermarkt.co.uk/carpi-fc-1909_genoa-cfc/index/spielbericht/2604297
[2903764] Could not find attributes for lewis spence (Dundee Football Club, 2017)
[2903764] Failed to build match row: Dundee Football Club vs Hamilton Academical FC
[3407703] Could not find attributes for dmitriy kudinov (Znamya Noginsk, 2020)
[3407703] Failed to build match row: Znamya Noginsk vs Znamya Truda Orekhovo-Zuevo
[2340286] Failed to scrape lineup: https://www.transfermarkt.co.uk/sc-braga_vitoria-guimaraes-sc/index/spielbericht/2340286
[2479529] Could not find attributes for evandro roncatto (Clube Oriental Lissabon, 2014)
[2479529] Failed to build match row: Clube Oriental Lissabon vs Leixões SC
[3113750] Could not find attributes for georgios strezos (Omilos Filathlon Irakliou FC, 2018)
[2579948] Failed to scrape lineup: https://www.transfermarkt.co.uk/inverness-caledonian-thistle-fc_st-johnstone-fc/index/spielbericht/2579948
[3113750] Failed to build match row: Omilos Filathlon Irakliou FC vs Olympiakos Syndesmos Filathlon Peiraios
[2332195] Failed to scrape lineup: https://www.transfermarkt.co.uk/west-ham-united_swansea-city/index/spielbericht/2332195
[2732178] Could not find attributes for nemanja miletic (Koninklijke Voetbal Club Westerlo, 2016)
[2732178] Failed to build match row: Koninklijke Voetbal Club Westerlo vs Royal Charleroi Sporting Club
[2724830] Could not find attributes for matteo tomei (Pordenone Calcio, 2016)
[2724830] Failed to build match row: Pordenone Calcio vs US Grosseto FC
[2329424] Could not find attributes for wilton figueiredo (Viborg Fodsports Forening, 2013)
[2329424] Failed to build match row: Viborg Fodsports Forening vs Brøndby Idrætsforening

Keepers & outfield error for **Alkmaar Zaanstreek** in Alkmaar Zaanstreek vs Sportclub Heerenveen: Numbers: 2 and 9.
[2870883] Failed to build match row: Alkmaar Zaanstreek vs Sportclub Heerenveen
[2884116] Could not find attributes for tayyip talha sanuc (Kardemir Karabükspor, 2017)
[2884116] Failed to build match row: Kardemir Karabükspor vs Fenerbahçe Spor Kulübü
Not enough players found for lineup: 0, 0.
[2367402] Failed to scrape lineup: https://www.transfermarkt.co.uk/spielbericht/index/spielbericht/2367402

Keepers & outfield error for **Sporting Clube de Portugal** in Sporting Clube de Portugal vs FC Paços de Ferreira: Numbers: 2 and 9.
[2340287] Failed to build match row: Sporting Clube de Portugal vs FC Paços de Ferreira
[2604298] Could not find attributes for gianluigi donnarumma (Associazione Calcio Milan, 2015)
[2604298] Failed to build match row: UC Sampdoria vs Associazione Calcio Milan
[3151167] Failed to scrape lineup: https://www.transfermarkt.co.uk/spielbericht/index/spielbericht/3151167
[2579949] Could not find attributes for ryan nektarios edwards (Partick Thistle FC, 2015)
[2579949] Failed to build match row: Partick Thistle FC vs Hamilton Academical FC
[3306912] Could not find attributes for gareth barry (West Bromwich Albion, 2019)
[3306912] Failed to build match row: West Ham United Football Club vs West Bromwich Albion
[2758502] Could not find attributes for yevgen selin (A.G.S Asteras Tripolis, 2016)
[2758502] Failed to build match row: A.G.S Asteras Tripolis vs Athlitiki Enosi Konstantinoupoleos

Keepers & outfield error for **AO FK Zenit Sankt-Peterburg** in AO FK Zenit Sankt-Peterburg vs RFK Akhmat Grozny: Numbers: 2 and 9.
[2509348] Failed to build match row: AO FK Zenit Sankt-Peterburg vs RFK Akhmat Grozny
[2329425] Could not find attributes for patrick banggaard (Fodbold Club Midtjylland, 2013)
[2329425] Failed to build match row: Randers Fodbold Club vs Fodbold Club Midtjylland
[2718972] Failed to scrape lineup: https://www.transfermarkt.co.uk/real-sociedad_athletic-bilbao/index/spielbericht/2718972
[2808923] Failed to scrape lineup: https://www.transfermarkt.co.uk/spielbericht/index/spielbericht/2808923
[3203453] Could not find attributes for oscar wendt (Mönchengladbach, 2019)
[3203453] Failed to build match row: Mönchengladbach vs RasenBallsport Leipzig
[2460744] Failed to scrape lineup: https://www.transfermarkt.co.uk/borussia-dortmund_tsg-1899-hoffenheim/index/spielbericht/2460744
[3089414] Failed to scrape lineup: https://www.transfermarkt.co.uk/spielbericht/index/spielbericht/3089414
[3237990] Failed to scrape lineup: https://www.transfermarkt.co.uk/kas-eupen_kv-mechelen/index/spielbericht/3237990
[2351991] Failed to scrape lineup: https://www.transfermarkt.co.uk/pas-giannina_ofi-crete-fc/index/spielbericht/2351991
[2758503] Could not find attributes for andrey gorbunov (APS Atromitos Athinon, 2016)
[2758503] Failed to build match row: APS Atromitos Athinon vs APO Levadiakos Football Club
[2629976] Failed to scrape lineup: https://www.transfermarkt.co.uk/krylya-sovetov-samara_terek-grozny/index/spielbericht/2629976
[3264457] Failed to scrape lineup: https://www.transfermarkt.co.uk/kolos-kovalivka_sc-dnipro-1/index/spielbericht/3264457
[2329426] Could not find attributes for johan bjordal (Aarhus Gymnastik Forening, 2013)
[2329426] Failed to build match row: Fodbold Club Nordsjælland vs Aarhus Gymnastik Forening
[2494500] Failed to scrape lineup: https://www.transfermarkt.co.uk/pas-giannina_aok-kerkyra/index/spielbericht/2494500
[2698319] Could not find attributes for jose cholevas (Watford FC, 2016)
[3216196] Failed to scrape lineup: https://www.transfermarkt.co.uk/vvv-venlo_psv-eindhoven/index/spielbericht/3216196
[2698319] Failed to build match row: Chelsea Football Club vs Watford FC
[3113751] Could not find attributes for balazs megyeri (APS Atromitos Athinon, 2018)
[3113751] Failed to build match row: APS Atromitos Athinon vs A.G.S Asteras Tripolis
[2532505] Could not find attributes for mads schafer bak (Hobro IK, 2014)
[2532505] Failed to build match row: Aalborg BK vs Hobro IK
[2884118] Could not find attributes for artem kravets (Kayserispor Kulübü, 2017)
[2884118] Failed to build match row: Kayserispor Kulübü vs Akhisarspor
[2586941] Failed to scrape lineup: https://www.transfermarkt.co.uk/sc-bastia_paris-saint-germain/index/spielbericht/2586941
[2875196] Failed to scrape lineup: https://www.transfermarkt.co.uk/sonderjyske_fc-copenhagen/index/spielbericht/2875196
[2486389] Failed to scrape lineup: https://www.transfermarkt.co.uk/mouscron-peruwelz_standard-liege/index/spielbericht/2486389
[2702724] Failed to scrape lineup: https://www.transfermarkt.co.uk/fc-nantes_stade-rennais-fc/index/spielbericht/2702724
Not enough players found for lineup: 0, 0.
[2367403] Failed to scrape lineup: https://www.transfermarkt.co.uk/spielbericht/index/spielbericht/2367403
[2732179] Could not find attributes for ofir davidzada (Koninklijke Atletiek Associatie Gent, 2016)
[2732179] Failed to build match row: KAS Eupen vs Koninklijke Atletiek Associatie Gent
[3069954] Failed to scrape lineup: https://www.transfermarkt.co.uk/konyaspor_sivasspor/index/spielbericht/3069954
[2460745] Could not find attributes for roel brouwers (Mönchengladbach, 2014)
[2460745] Failed to build match row: Mönchengladbach vs Hertha BSC
[2903765] Failed to scrape lineup: https://www.transfermarkt.co.uk/motherwell-fc_hibernian-fc/index/spielbericht/2903765
[2724831] Could not find attributes for alberto barison (Bassano Virtus 55 ST, 2016)
[2724831] Failed to build match row: Bassano Virtus 55 ST vs Fidelis Andria
[2921850] Could not find attributes for ernesten lavsamba (Elche Club de Fútbol S.A.D., 2017)
[2921850] Failed to build match row: Elche Club de Fútbol S.A.D. vs Cultural Durango

Keepers & outfield error for **Málaga CF** in Málaga CF vs Alaves: Numbers: 0 and 11.
[2718973] Failed to build match row: Málaga CF vs Alaves
[2870885] Could not find attributes for theo zwarthoed (Excelsior Rotterdam, 2017)
[2870885] Failed to build match row: Excelsior Rotterdam vs Football Club Twente
[2479540] Failed to scrape lineup: https://www.transfermarkt.co.uk/spielbericht/index/spielbericht/2479540
[2629977] Could not find attributes for andrey sinitsyn (FK Krasnodar, 2015)
[2629977] Failed to build match row: Anzhi Makhachkala ( -2022) vs FK Krasnodar
[2875197] Could not find attributes for zeca (Football Club København, 2017)
[2875197] Failed to build match row: Football Club København vs Lyngby Boldklub
[2351992] Could not find attributes for danijel pranjic (Panathinaikos Athlitikos Omilos, 2013)
[2579950] Could not find attributes for jozo simunovic (The Celtic Football Club, 2015)
[2579950] Failed to build match row: The Celtic Football Club vs Aberdeen Football Club
Not enough players found for lineup: 0, 11.
[2351992] Failed to build match row: Panathinaikos Athlitikos Omilos vs PAS Giannina
[2340289] Failed to scrape lineup: https://www.transfermarkt.co.uk/gd-estoril-praia_sporting-cp/index/spielbericht/2340289
[3113752] Could not find attributes for ogmundur kristinsson (Athlitiki Enosi Larisas, 2018)
[3113752] Failed to build match row: Athlitiki Enosi Larisas vs Omilos Filathlon Irakliou FC
[2329427] Could not find attributes for azer busuladzic (Odense Boldklub, 2013)
[2329427] Failed to build match row: Brøndby Idrætsforening vs Odense Boldklub

Keepers & outfield error for **SPAL** in SPAL vs FC Crotone: Numbers: 2 and 9.
[2897225] Failed to build match row: SPAL vs FC Crotone
[3223274] Failed to scrape lineup: https://www.transfermarkt.co.uk/kasimpasa_sivasspor/index/spielbericht/3223274
[3080345] Could not find attributes for andreas hadenius (Dundee Football Club, 2018)
[3080345] Failed to build match row: Dundee Football Club vs Kilmarnock Football Club
[2653888] Failed to scrape lineup: https://www.transfermarkt.co.uk/zulte-waregem_oud-heverlee-leuven/index/spielbericht/2653888
[3151168] Could not find attributes for yuriy lodygin (Olympiakos Syndesmos Filathlon Peiraios, 2018)
[3151168] Failed to build match row: Olympiakos Syndesmos Filathlon Peiraios vs PAS Lamia 1964
[2594644] Failed to scrape lineup: https://www.transfermarkt.co.uk/sporting-gijon_getafe-cf/index/spielbericht/2594644
[3069955] Could not find attributes for caner erkin (Beşiktaş Jimnastik Kulübü, 2018)
[3069955] Failed to build match row: Beşiktaş Jimnastik Kulübü vs İstanbul Başakşehir Futbol Kulübü
[3058639] Failed to scrape lineup: https://www.transfermarkt.co.uk/bayern-munich_vfl-wolfsburg/index/spielbericht/3058639
[2870886] Could not find attributes for nick proschwitz (Sparta Rotterdam, 2017)
[2870886] Failed to build match row: Football Club Groningen vs Sparta Rotterdam
[2921862] Could not find attributes for aleksandr sautin (Avangard Kursk, 2017)
[2475264] Failed to scrape lineup: https://www.transfermarkt.co.uk/sevilla-fc_villarreal-cf/index/spielbericht/2475264
[2921862] Failed to build match row: Avangard Kursk vs PFK CSKA Moskva
[2422831] Could not find attributes for sebastian przyrowski (APO Levadiakos Football Club, 2013)
[2422831] Failed to build match row: APO Levadiakos Football Club vs Aris Thessalonikis
[2604299] Failed to scrape lineup: https://www.transfermarkt.co.uk/inter-milan_ssc-napoli/index/spielbericht/2604299
[3407704] Could not find attributes for evgeniy uvin (Lada Togliatti, 2020)
[3407704] Failed to build match row: Lada Togliatti vs Volna Kovernino
[3264458] Could not find attributes for yuriy pankiv (FC Oleksandriya, 2019)
[2758504] Could not find attributes for georgios kantimiris (Veria NPS, 2016)
[3264458] Failed to build match row: FC Oleksandriya vs Vorskla Poltava
[2758504] Failed to build match row: Veria NPS vs Iraklis Thessaloniki
[2460746] Could not find attributes for christian schulz (Hannover 96, 2014)
[2460746] Failed to build match row: Hannover 96 vs Verein für Leibesübungen Wolfsburg
[2509350] Could not find attributes for emmanuel frimpong (FK Ufa, 2014)
[2509350] Failed to build match row: FK Ufa vs FK Rostov
[3089415] Could not find attributes for zhivko atanasov (AS Viterbese Castrense, 2018)
[3089415] Failed to build match row: UC Sampdoria vs AS Viterbese Castrense

Keepers & outfield error for **Académica Coimbra** in Académica Coimbra vs Futebol Clube do Porto: Numbers: 2 and 9.
[2340290] Failed to build match row: Académica Coimbra vs Futebol Clube do Porto
[3151169] Could not find attributes for matic kotnik (Panionios Athens, 2018)
[3151169] Failed to build match row: Panthessalonikios Athlitikos Omilos Konstantinoupoliton vs Panionios Athens
[2613575] Could not find attributes for jubal (Futebol Clube de Arouca, 2015)
[3203456] Could not find attributes for yuya osako (Sportverein Werder Bremen von 1899, 2019)
[2613575] Failed to build match row: CF Os Belenenses vs Futebol Clube de Arouca
[3203456] Failed to build match row: Sportverein Werder Bremen von 1899 vs Fußball-Club Augsburg 1907

Keepers & outfield error for **Nooit Opgeven Altijd Doorzetten Aangenaam Door Vermaak En Nuttig Door Ontspanning Combinatie Breda** in Nooit Opgeven Altijd Doorzetten Aangenaam Door Vermaak En Nuttig Door Ontspanning Combinatie Breda vs Football Club Utrecht: Numbers: 2 and 9.
[2870887] Failed to build match row: Nooit Opgeven Altijd Doorzetten Aangenaam Door Vermaak En Nuttig Door Ontspanning Combinatie Breda vs Football Club Utrecht

Keepers & outfield error for **UD Almería** in UD Almería vs Athletic Club Bilbao: Numbers: 0 and 11.
[2475265] Failed to build match row: UD Almería vs Athletic Club Bilbao
[2586942] Could not find attributes for antoine devaux (Stade Reims, 2015)

Keepers & outfield error for **CD Leganés** in Sevilla Fútbol Club S.A.D. vs CD Leganés: Numbers: 2 and 9.
[2586942] Failed to build match row: Stade Reims vs SM Caen
[2718974] Failed to build match row: Sevilla Fútbol Club S.A.D. vs CD Leganés
[2653889] Could not find attributes for meme tchite (St Truiden, 2015)
[2653889] Failed to build match row: St Truiden vs Koninklijke Voetbal Club Westerlo

Keepers & outfield error for **Verona Hellas Football Club** in Torino Calcio vs Verona Hellas Football Club: Numbers: 0 and 11.
[2897226] Failed to build match row: Torino Calcio vs Verona Hellas Football Club
[2808925] Could not find attributes for eberechi eze (Queens Park Rangers, 2016)
[2808925] Failed to build match row: Queens Park Rangers vs Blackburn Rovers
[2758505] Could not find attributes for alexandros paschalakis (PAS Giannina, 2016)
[2698320] Failed to scrape lineup: https://www.transfermarkt.co.uk/liverpool-fc_afc-bournemouth/index/spielbericht/2698320
[2758505] Failed to build match row: Panthessalonikios Athlitikos Omilos Konstantinoupoliton vs PAS Giannina
[3306914] Failed to scrape lineup: https://www.transfermarkt.co.uk/spielbericht/index/spielbericht/3306914
[3407705] Could not find attributes for ruslan dorofeev (Zenit Izhevsk, 2020)
[2702725] Failed to scrape lineup: https://www.transfermarkt.co.uk/sm-caen_as-saint-etienne/index/spielbericht/2702725
[2367408] Failed to scrape lineup: https://www.transfermarkt.co.uk/spielbericht/index/spielbericht/2367408
[3407705] Failed to build match row: Zenit Izhevsk vs FC Tyumen
[2509351] Could not find attributes for joaozinho (FK Krasnodar, 2014)
[2509351] Failed to build match row: FK Krasnodar vs FC Rubin Kazan

Keepers & outfield error for **SPAL** in Spezia Calcio vs SPAL: Numbers: 2 and 9.

Keepers & outfield error for **Celta** in Celta vs Levante Unión Deportiva S.A.D.: Numbers: 0 and 11.
[3089416] Failed to build match row: Spezia Calcio vs SPAL
[2475266] Failed to build match row: Celta vs Levante Unión Deportiva S.A.D.

Keepers & outfield error for **CD Feirense** in CD Feirense vs Desportivo Aves (- 2020): Numbers: 2 and 9.
[3223276] Could not find attributes for levan shengelia (Konyaspor, 2019)
[2732181] Could not find attributes for nemanja miletic (Koninklijke Voetbal Club Westerlo, 2016)
[2479541] Failed to build match row: CD Feirense vs Desportivo Aves (- 2020)
 Porto vs Sporting Clube de Braga: Numbers: 0 and 11.
[3223276] Failed to build match row: Konyaspor vs Çaykur Rizespor Kulübü
[2340291] Failed to build match row: Futebol Clube do Porto vs Sporting Clube de Braga
[2732181] Failed to build match row: Club Brugge Koninklijke Voetbalvereniging vs Koninklijke Voetbal Club Westerlo
[3264459] Could not find attributes for oleg kudryk (Karpaty Lviv (-2021), 2019)
[3264459] Failed to build match row: Karpaty Lviv (-2021) vs Desna Chernigiv
[2532509] Could not find attributes for mads schafer bak (Hobro IK, 2014)
[2532509] Failed to build match row: Hobro IK vs Sønderjyske Fodbold
[2758506] Could not find attributes for dimitrios kourbelis (Panathinaikos Athlitikos Omilos, 2016)
[2758506] Failed to build match row: Panathinaikos Athlitikos Omilos vs AOK Kerkyra

Keepers & outfield error for **Southampton FC** in Norwich City vs Southampton FC: Numbers: 0 and 11.
[2808926] Failed to build match row: Norwich City vs Southampton FC
[2875199] Could not find attributes for osama akharraz (FC Helsingör, 2017)
[2875199] Failed to build match row: FC Helsingör vs Aalborg BK
[2702726] Could not find attributes for younes belhanda (Olympique Gymnaste Club Nice Côte d'Azur, 2016)
[2702726] Failed to build match row: Football Club de Metz vs Olympique Gymnaste Club Nice Côte d'Azur
[2342521] Could not find attributes for jairo riedewald (AFC Ajax Amsterdam, 2013)
[2342521] Failed to build match row: AFC Ajax Amsterdam vs SC Cambuur Leeuwarden
Not enough players found for lineup: 0, 0.
[2367412] Failed to scrape lineup: https://www.transfermarkt.co.uk/spielbericht/index/spielbericht/2367412
[3223277] Could not find attributes for afriyie acquah (Yeni Malatyaspor, 2019)
[3223277] Failed to build match row: Yeni Malatyaspor vs Gençlerbirliği Spor Kulübü
[3069956] Failed to scrape lineup: https://www.transfermarkt.co.uk/buyuksehir-belediye-erzurumspor_akhisarspor/index/spielbericht/3069956
[2532510] Failed to scrape lineup: https://www.transfermarkt.co.uk/randers-fc_fc-nordsjaelland/index/spielbericht/2532510
[2921863] Could not find attributes for dmitriy ternovskiy (Volgar Astrakhan, 2017)
[2921863] Failed to build match row: Volgar Astrakhan vs FK Rostov
[3058641] Could not find attributes for steven zuber (Verein für Bewegungsspiele Stuttgart 1893, 2018)
[3058641] Failed to build match row: Borussia Dortmund vs Verein für Bewegungsspiele Stuttgart 1893

Keepers & outfield error for **Liverpool Football Club** in Shrewsbury Town vs Liverpool Football Club: Numbers: 0 and 11.
[3306915] Failed to build match row: Shrewsbury Town vs Liverpool Football Club
[2579953] Could not find attributes for rhys healey (Dundee Football Club, 2015)
[2579953] Failed to build match row: Inverness Caledonian Thistle FC vs Dundee Football Club
[2460750] Could not find attributes for ragnar klavan (Fußball-Club Augsburg 1907, 2014)
[2460750] Failed to build match row: 1. Fußball-Club Köln vs Fußball-Club Augsburg 1907
[2870888] Could not find attributes for mohammed el hankouri (Willem II Tilburg, 2017)
[2870888] Failed to build match row: AFC Ajax Amsterdam vs Willem II Tilburg
[2702731] Could not find attributes for issiar dia (AS Nancy-Lorraine, 2016)
[2702731] Failed to build match row: AS Nancy-Lorraine vs SM Caen
Not enough players found for lineup: 0, 0.
[2340292] Failed to scrape lineup: https://www.transfermarkt.co.uk/sc-olhanense_academica-coimbra/index/spielbericht/2340292

Keepers & outfield error for **Granada CF** in SD Eibar vs Granada CF: Numbers: 0 and 11.
[2475268] Failed to build match row: SD Eibar vs Granada CF
[3048424] Could not find attributes for julien latendresse levesque (BSG Chemie Leipzig, 2018)
[3048424] Failed to build match row: BSG Chemie Leipzig vs SSV Jahn Regensburg
[2422832] Could not find attributes for georgios bantis (A.G.S Asteras Tripolis, 2013)
[2422832] Failed to build match row: A.G.S Asteras Tripolis vs Omilos Filathlon Irakliou FC
[2342522] Could not find attributes for berry powel (Roda JC Kerkrade, 2013)
[2342522] Failed to build match row: Heracles Almelo vs Roda JC Kerkrade
[2479542] Could not find attributes for moedas (Leixões SC, 2014)
[2724832] Could not find attributes for tommaso biagiotti (Siena FC, 2016)
[2479542] Failed to build match row: Leixões SC vs SC Olhanense
[2724832] Failed to build match row: Siena FC vs ACR Messina
[2460751] Failed to scrape lineup: https://www.transfermarkt.co.uk/sc-paderborn-07_sc-freiburg/index/spielbericht/2460751
[2629980] Could not find attributes for aleksandr belenov (Kuban Krasnodar (-2018), 2015)
[2629980] Failed to build match row: Mordovia Saransk (-2020) vs Kuban Krasnodar (-2018)
[2579954] Could not find attributes for conrad balatoni (Kilmarnock Football Club, 2015)
[2579954] Failed to build match row: Kilmarnock Football Club vs Motherwell Football Club
[2594646] Failed to scrape lineup: https://www.transfermarkt.co.uk/rcd-espanyol-barcelona_fc-barcelona/index/spielbericht/2594646
[2586943] Failed to scrape lineup: https://www.transfermarkt.co.uk/stade-rennais-fc_ogc-nice/index/spielbericht/2586943

Keepers & outfield error for **SPAL** in Bologna Football Club 1909 vs SPAL: Numbers: 2 and 9.
[2897228] Failed to build match row: Bologna Football Club 1909 vs SPAL
[2921864] Could not find attributes for boris shogenov (Spartak Nalchik, 2017)
[2921864] Failed to build match row: Spartak Nalchik vs FK Dinamo Moskva
[2903772] Could not find attributes for ross callachan (Heart of Midlothian Football Club, 2017)
[2342523] Could not find attributes for iliass bel hassani (Heracles Almelo, 2013)
[2903772] Failed to build match row: Heart of Midlothian Football Club vs Kilmarnock Football Club
[2342523] Failed to build match row: Heracles Almelo vs Nooit Opgeven Altijd Doorzetten Aangenaam Door Vermaak En Nuttig Door Ontspanning Combinatie Breda
[2724833] Could not find attributes for sergey veremko (BATE Borisov, 2016)
[2724833] Failed to build match row: Dundalk FC vs BATE Borisov
Not enough players found for lineup: 0, 0.
[2479543] Failed to scrape lineup: https://www.transfermarkt.co.uk/spielbericht/index/spielbericht/2479543
[2808927] Could not find attributes for sean raggett (Lincoln City, 2016)
[3407706] Could not find attributes for aleksandr ponomarev (Inter Cherkessk (-2021), 2020)
[3203458] Could not find attributes for vladimir darida (Hertha BSC, 2019)
[2808927] Failed to build match row: Ipswich Town vs Lincoln City
[3203458] Failed to build match row: FC Schalke 04 vs Hertha BSC
[2586944] Could not find attributes for etienne didot (Toulouse Football Club, 2015)
[3407706] Failed to build match row: Inter Cherkessk (-2021) vs Mashuk-KMV Pyatigorsk
[2422833] Could not find attributes for georgios kantimiris (Veria NPS, 2013)
[2921865] Failed to scrape lineup: https://www.transfermarkt.co.uk/spielbericht/index/spielbericht/2921865
[2604305] Failed to scrape lineup: https://www.transfermarkt.co.uk/ssc-napoli_bologna-fc-1909/index/spielbericht/2604305
[2586944] Failed to build match row: Toulouse Football Club vs Angers Sporting Club de l'Ouest
[2422833] Failed to build match row: Panthessalonikios Athlitikos Omilos Konstantinoupoliton vs Veria NPS

Keepers & outfield error for **Rayo Vallecano de Madrid S. A. D.** in Málaga CF vs Rayo Vallecano de Madrid S. A. D.: Numbers: 0 and 11.
[2475269] Failed to build match row: Málaga CF vs Rayo Vallecano de Madrid S. A. D.
[2903773] Failed to scrape lineup: https://www.transfermarkt.co.uk/hamilton-academical-fc_aberdeen-fc/index/spielbericht/2903773
[3264460] Failed to scrape lineup: https://www.transfermarkt.co.uk/dynamo-kyiv_zorya-lugansk/index/spielbericht/3264460
[3089417] Could not find attributes for antony iannarilli (Ternana Calcio, 2018)
[2479872] Failed to scrape lineup: https://www.transfermarkt.co.uk/kv-oostende-2024-_rsc-anderlecht/index/spielbericht/2479872
[3089417] Failed to build match row: Unione Sportiva Sassuolo Calcio vs Ternana Calcio
[2629982] Failed to scrape lineup: https://www.transfermarkt.co.uk/dinamo-moscow_spartak-moscow/index/spielbericht/2629982
[2342524] Failed to build match row: Football Club Twente vs SC Cambuur Leeuwarden
[2758507] Failed to scrape lineup: https://www.transfermarkt.co.uk/panetolikos-gfs_panionios-athens/index/spielbericht/2758507
[2486394] Could not find attributes for besart abdurahimi (KSC Lokeren (- 2020), 2014)
[2486394] Failed to build match row: KSC Lokeren (- 2020) vs Lierse SK (- 2018)

Keepers & outfield error for **Granada CF** in Granada CF vs Sevilla Fútbol Club S.A.D.: Numbers: 0 and 11.
[2594647] Failed to build match row: Granada CF vs Sevilla Fútbol Club S.A.D.
[2509859] Could not find attributes for guus joppen (VVV-Venlo, 2014)
[2509859] Failed to build match row: VVV-Venlo vs Prins Hendrik Ende Desespereert Nimmer Combinatie Zwolle
[3058642] Could not find attributes for ja cheol koo (Fußball-Club Augsburg 1907, 2018)
[3058642] Failed to build match row: RasenBallsport Leipzig vs Fußball-Club Augsburg 1907
[2808928] Failed to scrape lineup: https://www.transfermarkt.co.uk/spielbericht/index/spielbericht/2808928
[2871487] Failed to scrape lineup: https://www.transfermarkt.co.uk/sv-werder-bremen_tsg-1899-hoffenheim/index/spielbericht/2871487
[2475270] Could not find attributes for ion ansotegi (Real Sociedad de Fútbol S.A.D., 2014)
[2604306] Could not find attributes for gianluigi donnarumma (Associazione Calcio Milan, 2015)
[2604306] Failed to build match row: Associazione Calcio Milan vs AC Carpi
[2475270] Failed to build match row: Real Sociedad de Fútbol S.A.D. vs Málaga CF
[2586961] Could not find attributes for antoine devaux (Stade Reims, 2015)
[2586961] Failed to build match row: Stade Reims vs Association sportive de Monaco Football Club
[3048425] Could not find attributes for frank lehmann (SV 07 Elversberg, 2018)
[3048425] Failed to build match row: SV 07 Elversberg vs Verein für Leibesübungen Wolfsburg
[2702733] Could not find attributes for matteo guendouzi (Football Club Lorient-Bretagne Sud, 2016)
[2702733] Failed to build match row: Football Club Lorient-Bretagne Sud vs Montpellier HSC
[3069957] Failed to scrape lineup: https://www.transfermarkt.co.uk/yeni-malatyaspor_alanyaspor/index/spielbericht/3069957
[2629983] Failed to scrape lineup: https://www.transfermarkt.co.uk/fc-krasnodar_rubin-kazan/index/spielbericht/2629983
[2486395] Failed to scrape lineup: https://www.transfermarkt.co.uk/kaa-gent_zulte-waregem/index/spielbericht/2486395
[3058643] Failed to scrape lineup: https://www.transfermarkt.co.uk/sv-werder-bremen_fc-schalke-04/index/spielbericht/3058643
[2460753] Could not find attributes for roel brouwers (Mönchengladbach, 2014)
[2460753] Failed to build match row: Bayer 04 Leverkusen Fußball vs Mönchengladbach
[2342525] Could not find attributes for prince gouano (RKC Waalwijk, 2013)
[2342525] Failed to build match row: RKC Waalwijk vs Eindhovense Voetbalvereniging Philips Sport Vereniging
[2586962] Failed to scrape lineup: https://www.transfermarkt.co.uk/sm-caen_fc-nantes/index/spielbericht/2586962
[2724834] Could not find attributes for anthony scribe (Dinamo Tbilisi, 2016)
[2724834] Failed to build match row: Dinamo Tbilisi vs GNK Dinamo Zagreb
[2367415] Could not find attributes for shaun barney (Huntly FC, 2013)
[2367415] Failed to build match row: Huntly FC vs Preston Athletic FC
[2422834] Could not find attributes for dino seremet (Panthrakikos Komotini, 2013)
[2509860] Could not find attributes for damiano schet (SC Cambuur Leeuwarden, 2014)
[2422834] Failed to build match row: Panthrakikos Komotini vs Panionios Athens
[2509860] Failed to build match row: Heracles Almelo vs SC Cambuur Leeuwarden
[3080346] Could not find attributes for george oakley (Hamilton Academical FC, 2018)
[3223279] Could not find attributes for taylan antalyali (Galatasaray Spor Kulübü, 2019)
[3223279] Failed to build match row: Galatasaray Spor Kulübü vs Trabzonspor Kulübü
[2629984] Failed to scrape lineup: https://www.transfermarkt.co.uk/terek-grozny_cska-moscow/index/spielbericht/2629984
[2982076] Could not find attributes for yevgen khacheridi (Futbolniy Klub Dynamo Kyiv, 2017)
[2982076] Failed to build match row: Athlitiki Enosi Konstantinoupoleos vs Futbolniy Klub Dynamo Kyiv
[3407707] Could not find attributes for konstantin baranov (Biolog-Novokubansk Progress, 2020)
[3407707] Failed to build match row: Biolog-Novokubansk Progress vs Druzhba Maikop
[2903774] Could not find attributes for lewis spence (Dundee Football Club, 2017)
[2903774] Failed to build match row: Hibernian Football Club vs Dundee Football Club
[2758508] Could not find attributes for dimitrios sotiriou (AO Platanias, 2016)
[2758508] Failed to build match row: AO Platanias vs Athlitiki Enosi Larisas
[2579955] Could not find attributes for arnaud djoum (Heart of Midlothian Football Club, 2015)
[2579955] Failed to build match row: Partick Thistle FC vs Heart of Midlothian Football Club
[3264461] Could not find attributes for volodymyr krynskyi (Olimpik Donetsk, 2019)
[3264461] Failed to build match row: FC Shakhtar Donetsk vs Olimpik Donetsk

Keepers & outfield error for **Royal Sporting Club Anderlecht** in Koninklijke Voetbal Club Westerlo vs Royal Sporting Club Anderlecht: Numbers: 0 and 11.
[2486396] Failed to build match row: Koninklijke Voetbal Club Westerlo vs Royal Sporting Club Anderlecht

Keepers & outfield error for **Inverness Caledonian Thistle FC** in Inverness Caledonian Thistle FC vs Livingston Football Club: Numbers: 0 and 11.
[3080347] Failed to scrape lineup: https://www.transfermarkt.co.uk/heart-of-midlothian-fc_livingston-fc/index/spielbericht/3080347
[2921866] Could not find attributes for egor shamov (Luch Vladivostok, 2017)
[3089418] Could not find attributes for ramzi aya (Catania FC, 2018)
[2921866] Failed to build match row: Luch Vladivostok vs Anzhi Makhachkala ( -2022)
[3307619] Failed to build match row: Inverness Caledonian Thistle FC vs Livingston Football Club
[3089418] Failed to build match row: Catania FC vs Verona Hellas Football Club
Not enough players found for lineup: 0, 11.
[2629985] Failed to scrape lineup: https://www.transfermarkt.co.uk/ural-yekaterinburg_amkar-perm/index/spielbericht/2629985
[2367416] Failed to scrape lineup: https://www.transfermarkt.co.uk/spielbericht/index/spielbericht/2367416
[2871489] Could not find attributes for nils petersen (Sport-Club Freiburg, 2017)
[2871489] Failed to build match row: Eintracht Frankfurt Fußball AG vs Sport-Club Freiburg
[2758509] Failed to scrape lineup: https://www.transfermarkt.co.uk/aek-athens_ao-xanthi/index/spielbericht/2758509
[3407708] Failed to scrape lineup: https://www.transfermarkt.co.uk/spielbericht/index/spielbericht/3407708
[2460755] Failed to scrape lineup: https://www.transfermarkt.co.uk/1-fsv-mainz-05_vfb-stuttgart/index/spielbericht/2460755
[3058645] Failed to scrape lineup: https://www.transfermarkt.co.uk/sc-freiburg_hertha-bsc/index/spielbericht/3058645
[2579956] Failed to scrape lineup: https://www.transfermarkt.co.uk/aberdeen-fc_dundee-united-fc/index/spielbericht/2579956
[3264462] Failed to scrape lineup: https://www.transfermarkt.co.uk/fk-mariupol_pfc-lviv/index/spielbericht/3264462
[2422835] Could not find attributes for spyros vallas (AO Xanthi, 2013)
[2732182] Could not find attributes for ibrahima conte (KV Oostende, 2016)
[3080348] Failed to scrape lineup: https://www.transfermarkt.co.uk/st-mirren-fc_motherwell-fc/index/spielbericht/3080348
[2732182] Failed to build match row: KV Oostende vs KV Kortrijk
[2422835] Failed to build match row: AO Xanthi vs Olympiakos Syndesmos Filathlon Peiraios
[2342526] Could not find attributes for uros matic (Nooit Opgeven Altijd Doorzetten Aangenaam Door Vermaak En Nuttig Door Ontspanning Combinatie Breda, 2013)
[2342526] Failed to build match row: Nooit Opgeven Altijd Doorzetten Aangenaam Door Vermaak En Nuttig Door Ontspanning Combinatie Breda vs Roda JC Kerkrade
[3307620] Could not find attributes for scott rumsby (Clyde FC, 2019)
[3307620] Failed to build match row: Clyde FC vs The Celtic Football Club
Not enough players found for lineup: 0, 0.
[2903775] Could not find attributes for ross mccrorie (Rangers Football Club, 2017)
[2367417] Failed to scrape lineup: https://www.transfermarkt.co.uk/spielbericht/index/spielbericht/2367417
[3223280] Could not find attributes for bunyamin balci (Antalyaspor, 2019)
[2903775] Failed to build match row: Rangers Football Club vs Partick Thistle FC
[3223280] Failed to build match row: Antalyaspor vs İstanbul Başakşehir Futbol Kulübü
[2702735] Could not find attributes for younes belhanda (Olympique Gymnaste Club Nice Côte d'Azur, 2016)
[2702735] Failed to build match row: Olympique Gymnaste Club Nice Côte d'Azur vs Football Club de Nantes

Keepers & outfield error for **Córdoba CF** in Club Atlético de Madrid S.A.D. vs Córdoba CF: Numbers: 0 and 11.
[2532514] Failed to scrape lineup: https://www.transfermarkt.co.uk/fc-midtjylland_fc-copenhagen/index/spielbericht/2532514
[3407710] Failed to scrape lineup: https://www.transfermarkt.co.uk/spielbericht/index/spielbericht/3407710
[2475271] Failed to build match row: Club Atlético de Madrid S.A.D. vs Córdoba CF
[2724835] Could not find attributes for ibrahim sehic (Qarabağ FK, 2016)
[2613576] Failed to scrape lineup: https://www.transfermarkt.co.uk/fc-pacos-de-ferreira_sl-benfica/index/spielbericht/2613576

Keepers & outfield error for **Parma Calcio 1913** in Parma Calcio 1913 vs Pisa Sporting Club: Numbers: 2 and 9.
[2724835] Failed to build match row: Qarabağ FK vs FC Viktoria Plzeň, a.s.
[3089419] Failed to build match row: Parma Calcio 1913 vs Pisa Sporting Club
[3264940] Could not find attributes for evgeniy gorodov (RFK Akhmat Grozny, 2019)
[3264940] Failed to build match row: RFK Akhmat Grozny vs Футбольный клуб "Локомотив" Москва
клуб "Локомотив" Москва vs FK Rostov: Numbers: 0 and 11.
[2629986] Failed to build match row: Футбольный клуб "Локомотив" Москва vs FK Rostov
[2921867] Could not find attributes for artur anisimov (FK Nizhny Novgorod, 2017)
[2921867] Failed to build match row: FK Nizhny Novgorod vs FK Ufa
[3048426] Could not find attributes for linus buchler (TuS Dassendorf, 2018)
[3048426] Failed to build match row: TuS Dassendorf vs MSV Duisburg
[3080349] Could not find attributes for vaclav hladky (Saint Mirren Football Club, 2018)
[3080349] Failed to build match row: Aberdeen Football Club vs Saint Mirren Football Club

Keepers & outfield error for **Odense Boldklub** in Fodbold Club Midtjylland vs Odense Boldklub: Numbers: 2 and 9.
[2486407] Failed to build match row: Fodbold Club Midtjylland vs Odense Boldklub
Not enough players found for lineup: 0, 0.
[2367421] Failed to scrape lineup: https://www.transfermarkt.co.uk/spielbericht/index/spielbericht/2367421
[3223281] Could not find attributes for zoran kvrzic (Kayserispor Kulübü, 2019)
[3223281] Failed to build match row: Kayserispor Kulübü vs Beşiktaş Jimnastik Kulübü
[2532515] Failed to scrape lineup: https://www.transfermarkt.co.uk/aalborg-bk_odense-boldklub/index/spielbericht/2532515
[2475272] Failed to scrape lineup: https://www.transfermarkt.co.uk/deportivo-de-la-coruna_getafe-cf/index/spielbericht/2475272
[3407711] Failed to scrape lineup: https://www.transfermarkt.co.uk/spielbericht/index/spielbericht/3407711
[2613577] Failed to scrape lineup: https://www.transfermarkt.co.uk/sporting-cp_boavista-fc/index/spielbericht/2613577
[2579957] Could not find attributes for rhys healey (Dundee Football Club, 2015)
[2579957] Failed to build match row: Dundee Football Club vs Partick Thistle FC
[2422836] Could not find attributes for grigoris athanasiou (GS Ergotelis, 2013)
[2422836] Failed to build match row: GS Ergotelis vs Panetolikos Agrinio
[2604308] Could not find attributes for albano bizzarri (Chievo Verona, 2015)
[2604308] Failed to build match row: Chievo Verona vs Frosinone Calcio
[3203461] Failed to scrape lineup: https://www.transfermarkt.co.uk/rb-leipzig_bayern-munich/index/spielbericht/3203461
[2509861] Could not find attributes for hidde jurjus (De Graafschap Doetinchem, 2014)
[3058646] Could not find attributes for oscar wendt (Mönchengladbach, 2018)
[2509861] Failed to build match row: De Graafschap Doetinchem vs Football Club Twente
[2479876] Failed to scrape lineup: https://www.transfermarkt.co.uk/mouscron-peruwelz_kvrs-waasland-sk-beveren/index/spielbericht/2479876
[3058646] Failed to build match row: 1. Fußball- und Sportverein Mainz 05 vs Mönchengladbach
[3048427] Could not find attributes for matthias strohmaier (1.FC Schweinfurt 05, 2018)
[3048427] Failed to build match row: 1.FC Schweinfurt 05 vs FC Schalke 04
[2342527] Could not find attributes for prince gouano (RKC Waalwijk, 2013)
[2460756] Could not find attributes for ragnar klavan (Fußball-Club Augsburg 1907, 2014)
[2460756] Failed to build match row: Fußball-Club Augsburg 1907 vs FC Bayern München
[2698322] Could not find attributes for jose cholevas (Watford FC, 2016)
[2698322] Failed to build match row: Watford FC vs Sunderland Association Football Club

Keepers & outfield error for **RasenBallsport Leipzig** in Società Sportiva Calcio Napoli vs RasenBallsport Leipzig: Numbers: 0 and 11.
[2982078] Failed to build match row: Società Sportiva Calcio Napoli vs RasenBallsport Leipzig
[3409148] Failed to scrape lineup: https://www.transfermarkt.co.uk/spielbericht/index/spielbericht/3409148
[2613578] Failed to scrape lineup: https://www.transfermarkt.co.uk/cf-uniao-madeira-2021-_estoril-praia/index/spielbericht/2613578
[2475273] Failed to scrape lineup: https://www.transfermarkt.co.uk/elche-cf_rcd-espanyol-barcelona/index/spielbericht/2475273
[3113753] Could not find attributes for bojan saranov (PAS Lamia 1964, 2018)
[3113753] Failed to build match row: PAS Lamia 1964 vs APO Levadiakos Football Club

Keepers & outfield error for **Göztepe Sportif Yatırımlar A.Ş.** in Fenerbahçe Spor Kulübü vs Göztepe Sportif Yatırımlar A.Ş.: Numbers: 0 and 11.
Not enough players found for lineup: 0, 0.
[3223282] Failed to build match row: Fenerbahçe Spor Kulübü vs Göztepe Sportif Yatırımlar A.Ş.
[2367422] Failed to scrape lineup: https://www.transfermarkt.co.uk/spielbericht/index/spielbericht/2367422
[3069959] Failed to build match row: Sivasspor vs Beşiktaş Jimnastik Kulübü
[2579958] Failed to scrape lineup: https://www.transfermarkt.co.uk/heart-of-midlothian-fc_hamilton-academical-fc/index/spielbericht/2579958
[3307622] Failed to scrape lineup: https://www.transfermarkt.co.uk/spielbericht/index/spielbericht/3307622
[2724836] Could not find attributes for alban hoxha (FK Partizani, 2016)
[2724836] Failed to build match row: Fußballclub Red Bull Salzburg vs FK Partizani
[2586964] Failed to scrape lineup: https://www.transfermarkt.co.uk/olympique-lyon_fc-toulouse/index/spielbericht/2586964

Keepers & outfield error for **RasenBallsport Leipzig** in RasenBallsport Leipzig vs FC Schalke 04: Numbers: 0 and 11.
[2871491] Failed to build match row: RasenBallsport Leipzig vs FC Schalke 04
[2921868] Could not find attributes for maksim vasiljev (Enisey Krasnoyarsk, 2017)
[2921868] Failed to build match row: Enisey Krasnoyarsk vs RFK Akhmat Grozny
[2702736] Could not find attributes for rod fanni (Olympique de Marseille, 2016)
[2702736] Failed to build match row: Olympique de Marseille vs FC Girondins Bordeaux
[2509862] Failed to scrape lineup: https://www.transfermarkt.co.uk/spielbericht/index/spielbericht/2509862
[3048428] Failed to scrape lineup: https://www.transfermarkt.co.uk/spielbericht/index/spielbericht/3048428
[2460757] Failed to scrape lineup: https://www.transfermarkt.co.uk/tsg-1899-hoffenheim_eintracht-frankfurt/index/spielbericht/2460757
[2479877] Could not find attributes for tiago ferreira (Sportvereniging Zulte Waregem, 2014)
[2479877] Failed to build match row: KSC Lokeren (- 2020) vs Sportvereniging Zulte Waregem
[2982079] Failed to scrape lineup: https://www.transfermarkt.co.uk/spielbericht/index/spielbericht/2982079
[2758510] Could not find attributes for pavol farkas (Athlitiki Enosi Larisas, 2016)
[2758510] Failed to build match row: Athlitiki Enosi Larisas vs Iraklis Thessaloniki
[2532517] Failed to scrape lineup: https://www.transfermarkt.co.uk/fc-nordsjaelland_esbjerg-fb/index/spielbericht/2532517
[2579959] Failed to scrape lineup: https://www.transfermarkt.co.uk/motherwell-fc_inverness-caledonian-thistle-fc/index/spielbericht/2579959
[3307623] Failed to scrape lineup: https://www.transfermarkt.co.uk/spielbericht/index/spielbericht/3307623
[3089420] Could not find attributes for elia benedettini (Novara Calcio 1908, 2018)
[2613579] Could not find attributes for enaut zubikarai (Clube Desportivo de Tondela, 2015)
[2613579] Failed to build match row: Clube Desportivo de Tondela vs CS Marítimo
[2630360] Could not find attributes for alex albistegui (Club Lleida Esportiu, 2015)
[2630360] Failed to build match row: Club Lleida Esportiu vs Hércules CF
[2586965] Failed to scrape lineup: https://www.transfermarkt.co.uk/montpellier-hsc_sc-bastia/index/spielbericht/2586965
[2724879] Failed to scrape lineup: https://www.transfermarkt.co.uk/spielbericht/index/spielbericht/2724879
Not enough players found for lineup: 11, 0.
[3409149] Failed to scrape lineup: https://www.transfermarkt.co.uk/spielbericht/index/spielbericht/3409149
[3237994] Failed to scrape lineup: https://www.transfermarkt.co.uk/kvrs-waasland-sk-beveren_kv-oostende-2024-/index/spielbericht/3237994
[2921869] Failed to scrape lineup: https://www.transfermarkt.co.uk/spielbericht/index/spielbericht/2921869
[2486408] Could not find attributes for pierre neurath bengtsson (Football Club København, 2014)
[2732184] Could not find attributes for jakub brabec (Koninklijke Racing Club Genk, 2016)
[2486408] Failed to build match row: Aalborg BK vs Football Club København
[2732184] Failed to build match row: Koninklijke Racing Club Genk vs St Truiden
[2604310] Could not find attributes for giovanni marchese (Genoa Cricket and Football Club, 2015)
[2604310] Failed to build match row: Genoa Cricket and Football Club vs Football Club Internazionale Milano S.p.A.
[2884120] Failed to scrape lineup: https://www.transfermarkt.co.uk/antalyaspor_basaksehir-fk/index/spielbericht/2884120
[2653890] Could not find attributes for david hubert (Royal Excel Mouscron (-2022), 2015)
[2653890] Failed to build match row: Royal Excel Mouscron (-2022) vs KSC Lokeren (- 2020)
[2630361] Could not find attributes for alex albistegui (Club Lleida Esportiu, 2015)
[2630361] Failed to build match row: Club Lleida Esportiu vs CD Guijuelo
[3089421] Failed to scrape lineup: https://www.transfermarkt.co.uk/spielbericht/index/spielbericht/3089421
[3058648] Failed to scrape lineup: https://www.transfermarkt.co.uk/bayern-munich_1-fsv-mainz-05/index/spielbericht/3058648
[3069961] Could not find attributes for karim hafez (Kasımpaşa A.Ş., 2018)
[2982080] Failed to scrape lineup: https://www.transfermarkt.co.uk/spielbericht/index/spielbericht/2982080
[3069961] Failed to build match row: Kasımpaşa A.Ş. vs Bursaspor
[3409150] Failed to scrape lineup: https://www.transfermarkt.co.uk/spielbericht/index/spielbericht/3409150
[2351993] Failed to scrape lineup: https://www.transfermarkt.co.uk/ofi-crete-fc_aris-thessaloniki/index/spielbericht/2351993
[2494501] Failed to scrape lineup: https://www.transfermarkt.co.uk/skoda-xanthi_panionios-athens/index/spielbericht/2494501
[3238614] Failed to scrape lineup: https://www.transfermarkt.co.uk/spielbericht/index/spielbericht/3238614
[2486409] Failed to scrape lineup: https://www.transfermarkt.co.uk/silkeborg-if_fc-nordsjaelland/index/spielbericht/2486409
[2724880] Failed to scrape lineup: https://www.transfermarkt.co.uk/spielbericht/index/spielbericht/2724880
[2702738] Failed to scrape lineup: https://www.transfermarkt.co.uk/fc-toulouse_olympique-lyon/index/spielbericht/2702738
78
[3307624] Failed to scrape lineup: https://www.transfermarkt.co.uk/spielbericht/index/spielbericht/3307624
[2509863] Failed to build match row: Football Club Groningen vs Football Club Volendam
[2758511] Failed to scrape lineup: https://www.transfermarkt.co.uk/aok-kerkyra_ao-platanias/index/spielbericht/2758511
[2579960] Failed to scrape lineup: https://www.transfermarkt.co.uk/ross-county-fc_celtic-fc/index/spielbericht/2579960
[2532518] Failed to scrape lineup: https://www.transfermarkt.co.uk/sonderjyske_randers-fc/index/spielbericht/2532518
[2604311] Failed to scrape lineup: https://www.transfermarkt.co.uk/juventus-fc_ss-lazio/index/spielbericht/2604311
[3264941] Failed to scrape lineup: https://www.transfermarkt.co.uk/fk-tambov_ural-yekaterinburg/index/spielbericht/3264941
[2460759] Failed to scrape lineup: https://www.transfermarkt.co.uk/sv-werder-bremen_hannover-96/index/spielbericht/2460759
[2653891] Failed to scrape lineup: https://www.transfermarkt.co.uk/rsc-anderlecht_r-charleroi-sc/index/spielbericht/2653891
[2630362] Failed to scrape lineup: https://www.transfermarkt.co.uk/spielbericht/index/spielbericht/2630362
[3089422] Failed to scrape lineup: https://www.transfermarkt.co.uk/spielbericht/index/spielbericht/3089422
[2921870] Could not find attributes for stanislav antipin (Shinnik Yaroslavl, 2017)
[3409151] Failed to scrape lineup: https://www.transfermarkt.co.uk/spielbericht/index/spielbericht/3409151
[3216199] Could not find attributes for crysencio summerville (ADO Den Haag, 2019)
[3216199] Failed to build match row: ADO Den Haag vs RKC Waalwijk
[2921870] Failed to build match row: Shinnik Yaroslavl vs Ural Yekaterinburg
[2509864] Could not find attributes for benjamin van leer (Roda JC Kerkrade, 2014)
[2509864] Failed to build match row: Roda JC Kerkrade vs Eindhovense Voetbalvereniging Philips Sport Vereniging
[2532519] Failed to scrape lineup: https://www.transfermarkt.co.uk/hobro-ik_fc-vestsjaelland/index/spielbericht/2532519
[2579961] Could not find attributes for conrad balatoni (Kilmarnock Football Club, 2015)
[2579961] Failed to build match row: St. Johnstone FC vs Kilmarnock Football Club
[3113754] Could not find attributes for julian cuesta (Aris Thessalonikis, 2018)
[3113754] Failed to build match row: Athlitiki Enosi Konstantinoupoleos vs Aris Thessalonikis
[2758512] Could not find attributes for stanislav namasco (APO Levadiakos Football Club, 2016)
[2758512] Failed to build match row: APO Levadiakos Football Club vs Panathinaikos Athlitikos Omilos
[2460760] Failed to scrape lineup: https://www.transfermarkt.co.uk/sc-freiburg_hamburger-sv/index/spielbericht/2460760
Not enough players found for lineup: 0, 11.
[2367424] Failed to scrape lineup: https://www.transfermarkt.co.uk/spielbericht/index/spielbericht/2367424
[2884122] Failed to scrape lineup: https://www.transfermarkt.co.uk/goztepe_galatasaray/index/spielbericht/2884122
[3264942] Could not find attributes for andre schurrle (FK Spartak Moskva, 2019)
[3264942] Failed to build match row: FK Spartak Moskva vs FC Rubin Kazan
[2630363] Failed to scrape lineup: https://www.transfermarkt.co.uk/spielbericht/index/spielbericht/2630363
[3058650] Failed to scrape lineup: https://www.transfermarkt.co.uk/bayer-04-leverkusen_sv-werder-bremen/index/spielbericht/3058650
[3151170] Could not find attributes for georgios athanasiadis (A.G.S Asteras Tripolis, 2018)
[3151170] Failed to build match row: A.G.S Asteras Tripolis vs GS Ergotelis
[2579962] Could not find attributes for jozo simunovic (The Celtic Football Club, 2015)
[2579962] Failed to build match row: The Celtic Football Club vs Kilmarnock Football Club
[3113755] Failed to build match row: Panionios Athens vs APS Atromitos Athinon
[2718975] Could not find attributes for andreas pereira (Granada CF, 2016)
[2718975] Failed to build match row: Granada CF vs Club Atlético de Madrid S.A.D.
[3216200] Could not find attributes for crysencio summerville (ADO Den Haag, 2019)
[3216200] Failed to build match row: Football Club Utrecht vs ADO Den Haag
[2630390] Could not find attributes for calum antell (Nairn County FC, 2015)
Not enough players found for lineup: 0, 0.
[2630390] Failed to build match row: Nairn County FC vs Wick Academy FC
[3409153] Failed to scrape lineup: https://www.transfermarkt.co.uk/spielbericht/index/spielbericht/3409153
[2982082] Could not find attributes for vladimir stojkovic (Fudbalski Klub Partizan Beograd, 2017)
[2982082] Failed to build match row: Fudbalski Klub Partizan Beograd vs FC Viktoria Plzeň, a.s.
[2329428] Could not find attributes for patrick banggaard (Fodbold Club Midtjylland, 2013)
[2329428] Failed to build match row: Fodbold Club Midtjylland vs Fodbold Club Nordsjælland
[3151171] Could not find attributes for christos theodorakis (APS Atromitos Athinon, 2018)
[3151171] Failed to build match row: Athlitiki Enosi Konstantinoupoleos vs APS Atromitos Athinon
[2871492] Could not find attributes for sejad salihovic (Hamburger Sport Verein, 2017)
[2871492] Failed to build match row: Fußball-Club Augsburg 1907 vs Hamburger Sport Verein
[2351994] Could not find attributes for sokratis fytanidis (APS Atromitos Athinon, 2013)
[2351994] Failed to build match row: APS Atromitos Athinon vs APO Levadiakos Football Club
Not enough players found for lineup: 0, 0.
[2367425] Failed to scrape lineup: https://www.transfermarkt.co.uk/spielbericht/index/spielbericht/2367425
[2653892] Could not find attributes for reginal goreux (Royal Standard Club de Liège, 2015)
[2653892] Failed to build match row: Royal Standard Club de Liège vs Koninklijke Atletiek Associatie Gent
[3238615] Could not find attributes for maksim pavlov (FC Kaluga, 2019)
[3238615] Failed to build match row: FC Kaluga vs Salyut Belgorod
[2494502] Could not find attributes for fotis koutzavasilis (AOK Kerkyra, 2014)
[2494502] Failed to build match row: AOK Kerkyra vs APO Levadiakos Football Club
[2921871] Could not find attributes for evgeniy konyukhov (PFK Krylya Sovetov Samara, 2017)
[2921871] Failed to build match row: PFK Krylya Sovetov Samara vs Футбольный клуб "Локомотив" Москва
[3264943] Could not find attributes for mikhail kerzhakov (AO FK Zenit Sankt-Peterburg, 2019)
[2698323] Could not find attributes for jose cholevas (Watford FC, 2016)
[3264943] Failed to build match row: AO FK Zenit Sankt-Peterburg vs FK Rostov
[2698323] Failed to build match row: Watford FC vs West Ham United Football Club
[2758513] Could not find attributes for brown ideye (Olympiakos Syndesmos Filathlon Peiraios, 2016)
[2758513] Failed to build match row: Olympiakos Syndesmos Filathlon Peiraios vs Veria NPS
Not enough players found for lineup: 0, 0.
[2340294] Failed to scrape lineup: https://www.transfermarkt.co.uk/cf-os-belenenses_gil-vicente-fc/index/spielbericht/2340294
[2342528] Could not find attributes for bartholomew ogbeche (SC Cambuur Leeuwarden, 2013)
[2342528] Failed to build match row: SC Cambuur Leeuwarden vs Eindhovense Voetbalvereniging Philips Sport Vereniging
[2509865] Could not find attributes for gino coutinho (Excelsior Rotterdam, 2014)
[2509865] Failed to build match row: Excelsior Rotterdam vs Nooit Opgeven Altijd Doorzetten Aangenaam Door Vermaak En Nuttig Door Ontspanning Combinatie Breda
[3069962] Could not find attributes for jose sosa (Trabzonspor Kulübü, 2018)
[3069962] Failed to build match row: Trabzonspor Kulübü vs Yeni Malatyaspor
[2702740] Could not find attributes for yannis salibur (EA Guingamp, 2016)
[2702740] Failed to build match row: EA Guingamp vs Angers Sporting Club de l'Ouest
Not enough players found for lineup: 0, 0.
[3216201] Could not find attributes for joey veerman (Sportclub Heerenveen, 2019)
[3409156] Failed to scrape lineup: https://www.transfermarkt.co.uk/spielbericht/index/spielbericht/3409156
[3216201] Failed to build match row: Sportclub Heerenveen vs Alkmaar Zaanstreek
[2884124] Could not find attributes for artem kravets (Kayserispor Kulübü, 2017)
[2532520] Could not find attributes for eggert gunnthor jonsson (FC Vestsjaelland, 2014)
[2532520] Failed to build match row: FC Vestsjaelland vs Fodbold Club Midtjylland
[3307625] Could not find attributes for mark reynolds (Dundee United Football Club, 2019)
[2884124] Failed to build match row: Yeni Malatyaspor vs Kayserispor Kulübü
[3307625] Failed to build match row: Hibernian Football Club vs Dundee United Football Club
[2329429] Could not find attributes for johan bjordal (Aarhus Gymnastik Forening, 2013)
[2329429] Failed to build match row: Aarhus Gymnastik Forening vs Randers Fodbold Club
[3113756] Could not find attributes for dimitrios kyriakidis (Panetolikos Agrinio, 2018)
[2871493] Could not find attributes for julian korb (Hannover 96, 2017)
[2871493] Failed to build match row: Hannover 96 vs 1. Fußball- und Sportverein Mainz 05
[3113756] Failed to build match row: Panetolikos Agrinio vs A.G.S Asteras Tripolis
[2698324] Could not find attributes for gareth mcauley (West Bromwich Albion, 2016)
[2698324] Failed to build match row: Manchester United Football Club vs West Bromwich Albion
[3223283] Could not find attributes for ertac ozbir (Gençlerbirliği Spor Kulübü, 2019)
[3223283] Failed to build match row: Gençlerbirliği Spor Kulübü vs Fenerbahçe Spor Kulübü
[2351995] Could not find attributes for cyril kali (Panetolikos Agrinio, 2013)
[2351995] Failed to build match row: Panetolikos Agrinio vs Panionios Athens
[2494503] Could not find attributes for dorin goian (A.G.S Asteras Tripolis, 2014)
[2494503] Failed to build match row: A.G.S Asteras Tripolis vs AO Platanias
[3058651] Could not find attributes for steven zuber (Verein für Bewegungsspiele Stuttgart 1893, 2018)
[3058651] Failed to build match row: Verein für Bewegungsspiele Stuttgart 1893 vs Turn- und Sportgemeinschaft 1899 Hoffenheim Fußball-Spielbetriebs
[2475276] Could not find attributes for loukas vyntra (Levante Unión Deportiva S.A.D., 2014)
[2475276] Failed to build match row: Levante Unión Deportiva S.A.D. vs UD Almería

Keepers & outfield error for **SD Eibar** in SD Eibar vs CD Leganés: Numbers: 2 and 9.
[3210117] Failed to build match row: SD Eibar vs CD Leganés
[3264944] Could not find attributes for andrey klimovich (FC Orenburg, 2019)
[3264944] Failed to build match row: FC Orenburg vs PFK Krylya Sovetov Samara
[3239010] Could not find attributes for rustam khudzhamov (FK Mariupol, 2019)
[3239010] Failed to build match row: FK Mariupol vs Olimpik Donetsk
[2758514] Could not find attributes for dimitrios kyriakidis (Panetolikos Agrinio, 2016)
[2758514] Failed to build match row: Panthessalonikios Athlitikos Omilos Konstantinoupoliton vs Panetolikos Agrinio
[2340295] Failed to scrape lineup: https://www.transfermarkt.co.uk/fc-arouca_cf-os-belenenses/index/spielbericht/2340295
[2702748] Could not find attributes for matteo guendouzi (Football Club Lorient-Bretagne Sud, 2016)
[2702748] Failed to build match row: FC Girondins Bordeaux vs Football Club Lorient-Bretagne Sud
[3080350] Could not find attributes for george oakley (Hamilton Academical FC, 2018)
[3080350] Failed to build match row: Hibernian Football Club vs Hamilton Academical FC

Keepers & outfield error for **Associazione Calcio Fiorentina** in Udinese Calcio vs Associazione Calcio Fiorentina: Numbers: 0 and 11.
[2423327] Failed to build match row: Udinese Calcio vs Associazione Calcio Fiorentina
[2630391] Could not find attributes for richard kirwan (Cumbernauld Colts FC, 2015)
[2630391] Failed to build match row: Cumbernauld Colts FC vs Auchinleck Talbot FC
[3048429] Could not find attributes for tevin ihrig (VfR Wormatia Worms, 2018)
[3048429] Failed to build match row: VfR Wormatia Worms vs Sportverein Werder Bremen von 1899

Keepers & outfield error for **1. Fußball- und Sportverein Mainz 05** in 1. Fußball- und Sportverein Mainz 05 vs Hertha BSC: Numbers: 2 and 9.
[3203464] Failed to build match row: 1. Fußball- und Sportverein Mainz 05 vs Hertha BSC
[3307684] Could not find attributes for ander iturraspe (Espanol, 2019)
[3307684] Failed to build match row: Real Sociedad de Fútbol S.A.D. vs Espanol
[3113757] Could not find attributes for pontus wernbloom (Panthessalonikios Athlitikos Omilos Konstantinoupoliton, 2018)
[3113757] Failed to build match row: Panthessalonikios Athlitikos Omilos Konstantinoupoliton vs Panathinaikos Athlitikos Omilos
[2871494] Could not find attributes for andriy yarmolenko (Borussia Dortmund, 2017)
[2329430] Could not find attributes for patrick banggaard (Fodbold Club Midtjylland, 2013)
[2871494] Failed to build match row: Borussia Dortmund vs Verein für Leibesübungen Wolfsburg
[3223284] Could not find attributes for afriyie acquah (Yeni Malatyaspor, 2019)
[2329430] Failed to build match row: Football Club København vs Fodbold Club Midtjylland
[3223284] Failed to build match row: Sivasspor vs Yeni Malatyaspor

Keepers & outfield error for **Chelsea Football Club** in Stoke City vs Chelsea Football Club: Numbers: 2 and 9.
[3216202] Could not find attributes for stefan velkov (RKC Waalwijk, 2019)
[2351996] Could not find attributes for grigoris athanasiou (GS Ergotelis, 2013)
[2698325] Failed to build match row: Stoke City vs Chelsea Football Club
[2460763] Could not find attributes for roel brouwers (Mönchengladbach, 2014)
Not enough players found for lineup: 11, 0.
[3216202] Failed to build match row: RKC Waalwijk vs VVV-Venlo
lonikis
[2460763] Failed to build match row: Mönchengladbach vs Sportverein Werder Bremen von 1899
[2884125] Could not find attributes for tayyip talha sanuc (Kardemir Karabükspor, 2017)
[3409157] Failed to scrape lineup: https://www.transfermarkt.co.uk/spielbericht/index/spielbericht/3409157
[2884125] Failed to build match row: Trabzonspor Kulübü vs Kardemir Karabükspor
Not enough players found for lineup: 0, 11.
[2702749] Could not find attributes for stephane sessegnon (Montpellier HSC, 2016)
[3264945] Could not find attributes for aleksandr belenov (FK Ufa, 2019)
[3264945] Failed to build match row: FK Ufa vs PFK CSKA Moskva
[2486414] Failed to scrape lineup: https://www.transfermarkt.co.uk/spielbericht/index/spielbericht/2486414
[2702749] Failed to build match row: Montpellier HSC vs Olympique de Marseille
[2604314] Could not find attributes for albano bizzarri (Chievo Verona, 2015)
[2604314] Failed to build match row: Atalanta Bergamasca Calcio S.p.a. vs Chievo Verona
Not enough players found for lineup: 0, 0.
[2340296] Failed to scrape lineup: https://www.transfermarkt.co.uk/cd-nacional_vitoria-setubal-fc/index/spielbericht/2340296
[3089424] Could not find attributes for nicolo casale (FC Südtirol, 2018)
[3089424] Failed to build match row: Frosinone Calcio vs FC Südtirol
[2653894] Could not find attributes for dodi lukebakio (Royal Sporting Club Anderlecht, 2015)
[2653894] Failed to build match row: St Truiden vs Royal Sporting Club Anderlecht
[2579965] Could not find attributes for arnaud djoum (Heart of Midlothian Football Club, 2015)
[2579965] Failed to build match row: Heart of Midlothian Football Club vs Dundee Football Club

Keepers & outfield error for **Società Sportiva Calcio Napoli** in Associazione Sportiva Roma vs Società Sportiva Calcio Napoli: Numbers: 2 and 9.
[2423328] Failed to build match row: Associazione Sportiva Roma vs Società Sportiva Calcio Napoli
[2630392] Could not find attributes for jack nixon (University of Stirling FC, 2015)
[2332205] Failed to scrape lineup: https://www.transfermarkt.co.uk/chelsea-fc_newcastle-united/index/spielbericht/2332205
[2630392] Failed to build match row: University of Stirling FC vs Queen's Park FC
[2532522] Could not find attributes for mads schafer bak (Hobro IK, 2014)
[2532522] Failed to build match row: Randers Fodbold Club vs Hobro IK
[3151381] Failed to scrape lineup: https://www.transfermarkt.co.uk/spielbericht/index/spielbericht/3151381
[3223285] Could not find attributes for taylan antalyali (Galatasaray Spor Kulübü, 2019)
[3223285] Failed to build match row: Alanyaspor vs Galatasaray Spor Kulübü
[2479882] Could not find attributes for zizo (Lierse SK (- 2018), 2014)
[2479882] Failed to build match row: Lierse SK (- 2018) vs Royal Excel Mouscron (-2022)
[2724881] Could not find attributes for evgeniy smirnov (Nosta Novotroitsk, 2016)
Not enough players found for lineup: 0, 11.
[2724881] Failed to build match row: Nosta Novotroitsk vs Syzran-2003
[2367429] Failed to scrape lineup: https://www.transfermarkt.co.uk/spielbericht/index/spielbericht/2367429
[3113758] Could not find attributes for zivko zivkovic (AO Xanthi, 2018)
[2982083] Could not find attributes for bogdan planic (SC Fotbal Club FCSB SA, 2017)
[2982083] Failed to build match row: SC Fotbal Club FCSB SA vs Società Sportiva Lazio S.p.A.
[3058653] Could not find attributes for oscar wendt (Mönchengladbach, 2018)
[3058653] Failed to build match row: Mönchengladbach vs Sport-Club Freiburg
[2351997] Could not find attributes for luigi cennamo (APS Atromitos Athinon, 2013)
[2351997] Failed to build match row: APS Atromitos Athinon vs Omilos Filathlon Irakliou FC
[2921872] Failed to scrape lineup: https://www.transfermarkt.co.uk/spielbericht/index/spielbericht/2921872
[2329431] Could not find attributes for patrick banggaard (Fodbold Club Midtjylland, 2013)
[2329431] Failed to build match row: Fodbold Club Midtjylland vs Sønderjyske Fodbold
Not enough players found for lineup: 0, 11.
[3409160] Failed to scrape lineup: https://www.transfermarkt.co.uk/spielbericht/index/spielbericht/3409160
[2509866] Failed to scrape lineup: https://www.transfermarkt.co.uk/spielbericht/index/spielbericht/2509866
[2342529] Failed to scrape lineup: https://www.transfermarkt.co.uk/go-ahead-eagles_rkc-waalwijk/index/spielbericht/2342529
Not enough players found for lineup: 0, 0.
[2340297] Failed to scrape lineup: https://www.transfermarkt.co.uk/fc-porto_cd-nacional/index/spielbericht/2340297
Not enough players found for lineup: 0, 0.
[2808931] Could not find attributes for adam dugdale (Eastleigh FC, 2016)
[2486418] Failed to scrape lineup: https://www.transfermarkt.co.uk/spielbericht/index/spielbericht/2486418
[2808931] Failed to build match row: Brentford Football Club vs Eastleigh FC
[3080352] Could not find attributes for andreas hadenius (Dundee Football Club, 2018)
[3080352] Failed to build match row: Livingston Football Club vs Dundee Football Club
[3151382] Could not find attributes for regan poole (Newport County, 2018)
[3151382] Failed to build match row: Newport County vs Middlesbrough FC
[2613580] Could not find attributes for chidozie awaziem (Futebol Clube do Porto, 2015)
[2613580] Failed to build match row: Futebol Clube do Porto vs Moreirense Futebol Clube
[2351998] Could not find attributes for dani hernandez (A.G.S Asteras Tripolis, 2013)
[2351998] Failed to build match row: A.G.S Asteras Tripolis vs Panionios Athens
[2718977] Failed to scrape lineup: https://www.transfermarkt.co.uk/deportivo-de-la-coruna_fc-barcelona/index/spielbericht/2718977
[2494505] Failed to scrape lineup: https://www.transfermarkt.co.uk/ofi-crete-fc_paok-thessaloniki/index/spielbericht/2494505
[3239011] Failed to scrape lineup: https://www.transfermarkt.co.uk/shakhtar-donetsk_zorya-lugansk/index/spielbericht/3239011
[3210118] Failed to scrape lineup: https://www.transfermarkt.co.uk/getafe-cf_villarreal-cf/index/spielbericht/3210118
[3223286] Could not find attributes for bunyamin balci (Antalyaspor, 2019)
[2982084] Could not find attributes for cosmin moti (Ludogorets Razgrad, 2017)
[3223286] Failed to build match row: Trabzonspor Kulübü vs Antalyaspor
[2982084] Failed to build match row: Ludogorets Razgrad vs Associazione Calcio Milan

Keepers & outfield error for **Olympiakos Syndesmos Filathlon Peiraios** in Olympiakos Syndesmos Filathlon Peiraios vs Apollon Smyrnis: Numbers: 0 and 11.
[3113759] Failed to build match row: Olympiakos Syndesmos Filathlon Peiraios vs Apollon Smyrnis
[2630393] Could not find attributes for aaron mckenna (Turriff United FC, 2015)
[2630393] Failed to build match row: Turriff United FC vs Fraserburgh FC
Not enough players found for lineup: 0, 0.
[2486419] Failed to scrape lineup: https://www.transfermarkt.co.uk/spielbericht/index/spielbericht/2486419

Keepers & outfield error for **Associazione Calcio Fiorentina** in Associazione Calcio Fiorentina vs Udinese Calcio: Numbers: 0 and 11.
[2423330] Failed to build match row: Associazione Calcio Fiorentina vs Udinese Calcio
[2758515] Failed to scrape lineup: https://www.transfermarkt.co.uk/panionios-athens_asteras-tripolis/index/spielbericht/2758515
[2367430] Could not find attributes for sergey golyatkin (FC Tyumen, 2013)
[2367430] Failed to build match row: FC Tyumen vs Enisey Krasnoyarsk
Not enough players found for lineup: 0, 0.
[2351999] Could not find attributes for antonis georgallidis (AO Platanias, 2013)
[2340298] Failed to scrape lineup: https://www.transfermarkt.co.uk/vitoria-guimaraes-sc_cf-os-belenenses/index/spielbericht/2340298
[2351999] Failed to build match row: AO Platanias vs AO Xanthi
Not enough players found for lineup: 0, 0.
[3409161] Failed to scrape lineup: https://www.transfermarkt.co.uk/spielbericht/index/spielbericht/3409161
[2510830] Could not find attributes for denys boyko (Dnipro Dnipropetrovsk (-2020), 2014)
[2510830] Failed to build match row: Dnipro Dnipropetrovsk (-2020) vs Volyn Lutsk
ex/spielbericht/3048430
[2903780] Failed to scrape lineup: https://www.transfermarkt.co.uk/hibernian-fc_st-johnstone-fc/index/spielbericht/2903780
[3203465] Failed to scrape lineup: https://www.transfermarkt.co.uk/fc-augsburg_eintracht-frankfurt/index/spielbericht/3203465
[2871495] Failed to scrape lineup: https://www.transfermarkt.co.uk/bayern-munich_bayer-04-leverkusen/index/spielbericht/2871495
[3307685] Could not find attributes for mourad el ghezouani (Elche Club de Fútbol S.A.D., 2019)
[2921873] Could not find attributes for vladimir sugrobov (Ararat Moskow (-2020), 2017)
[3307685] Failed to build match row: Elche Club de Fútbol S.A.D. vs Athletic Club Bilbao

Keepers & outfield error for **UD Las Palmas** in UD Las Palmas vs Villarreal Club de Fútbol S.A.D.: Numbers: 2 and 9.
[2982085] Could not find attributes for abzal beysebekov (FC Astana, 2017)
[2921873] Failed to build match row: Ararat Moskow (-2020) vs SKA Khabarovsk
[2718978] Failed to build match row: UD Las Palmas vs Villarreal Club de Fútbol S.A.D.
[2982085] Failed to build match row: FC Astana vs Sporting Clube de Portugal
[2460764] Failed to scrape lineup: https://www.transfermarkt.co.uk/tsg-1899-hoffenheim_bayer-04-leverkusen/index/spielbericht/2460764
[2604315] Failed to scrape lineup: https://www.transfermarkt.co.uk/carpi-fc-1909_fc-empoli/index/spielbericht/2604315
[3089425] Failed to scrape lineup: https://www.transfermarkt.co.uk/spielbericht/index/spielbericht/3089425
[2702750] Failed to scrape lineup: https://www.transfermarkt.co.uk/olympique-lyon_sc-bastia/index/spielbericht/2702750
[2423572] Could not find attributes for joseba zaldua (Real Sociedad de Fútbol S.A.D., 2013)
[2423572] Failed to build match row: Futbol Club Barcelona vs Real Sociedad de Fútbol S.A.D.
[3264946] Failed to scrape lineup: https://www.transfermarkt.co.uk/arsenal-tula_fc-sochi/index/spielbericht/3264946
[2510831] Could not find attributes for yuriy pankiv (Metalurg Donetsk (- 2015), 2014)
[3058655] Could not find attributes for ja cheol koo (Fußball-Club Augsburg 1907, 2018)
[2510831] Failed to build match row: Metalurg Donetsk (- 2015) vs Karpaty Lviv (-2021)
Not enough players found for lineup: 0, 0.
ww.transfermarkt.co.uk/esbjerg-fb_sonderjyske/index/spielbericht/2532523
[2486420] Failed to scrape lineup: https://www.transfermarkt.co.uk/spielbericht/index/spielbericht/2486420
[3058655] Failed to build match row: Fußball-Club Augsburg 1907 vs Hannover 96
[3113761] Could not find attributes for balazs megyeri (APS Atromitos Athinon, 2018)
[3113761] Failed to build match row: APS Atromitos Athinon vs Panthessalonikios Athlitikos Omilos Konstantinoupoliton
[2903781] Could not find attributes for jamie brandon (Heart of Midlothian Football Club, 2017)
[2903781] Failed to build match row: Heart of Midlothian Football Club vs Partick Thistle FC

Keepers & outfield error for **Verona Hellas Football Club** in Verona Hellas Football Club vs Benevento Calcio: Numbers: 0 and 11.
[2897232] Failed to build match row: Verona Hellas Football Club vs Benevento Calcio
[2758516] Could not find attributes for alexandros paschalakis (PAS Giannina, 2016)
[2758516] Failed to build match row: PAS Giannina vs APS Atromitos Athinon
[2724882] Failed to scrape lineup: https://www.transfermarkt.co.uk/spielbericht/index/spielbericht/2724882
[3239012] Could not find attributes for yevgen past (Desna Chernigiv, 2019)
[3239012] Failed to build match row: Futbolniy Klub Dynamo Kyiv vs Desna Chernigiv
[3080353] Could not find attributes for jake hastie (Motherwell Football Club, 2018)
[3080353] Failed to build match row: Motherwell Football Club vs Heart of Midlothian Football Club
[2329434] Could not find attributes for patrick banggaard (Fodbold Club Midtjylland, 2013)
[2329434] Failed to build match row: Aalborg BK vs Fodbold Club Midtjylland
[2510832] Could not find attributes for yevgen galchuk (FK Mariupol, 2014)
[2510832] Failed to build match row: FK Mariupol vs Chornomorets Odesa
[2475277] Failed to scrape lineup: https://www.transfermarkt.co.uk/fc-barcelona_celta-de-vigo/index/spielbericht/2475277
[3223287] Could not find attributes for atinc nukan (Göztepe Sportif Yatırımlar A.Ş., 2019)
[3223287] Failed to build match row: Göztepe Sportif Yatırımlar A.Ş. vs MKE Ankaragücü
[3113762] Could not find attributes for matic kotnik (Panionios Athens, 2018)
[3113762] Failed to build match row: Panionios Athens vs Panetolikos Agrinio
[3151383] Failed to scrape lineup: https://www.transfermarkt.co.uk/spielbericht/index/spielbericht/3151383
[3264947] Could not find attributes for ivan ordets (FK Dinamo Moskva, 2019)
[3264947] Failed to build match row: FK Dinamo Moskva vs FK Krasnodar
[2921874] Could not find attributes for oleg smirnov (PFK Tambov (-2021), 2017)
[2653895] Failed to scrape lineup: https://www.transfermarkt.co.uk/oud-heverlee-leuven_standard-liege/index/spielbericht/2653895
[2921874] Failed to build match row: PFK Tambov (-2021) vs Arsenal Tula

Keepers & outfield error for **Rangers Football Club** in Rangers Football Club vs St. Johnstone FC: Numbers: 2 and 9.

Keepers & outfield error for **Vitória Setúbal FC** in Vitória Setúbal FC vs Clube Desportivo Nacional: Numbers: 0 and 11.
[2613581] Failed to build match row: Vitória Setúbal FC vs Clube Desportivo Nacional
[2724883] Could not find attributes for abdurazak gadzhikadiev (Legion-Dinamo Makhachkala, 2016)
[3080354] Failed to build match row: Rangers Football Club vs St. Johnstone FC
[2903782] Failed to build match row: Rangers Football Club vs Hamilton Academical FC
[2724883] Failed to build match row: Legion-Dinamo Makhachkala vs Spartak Vladikavkaz (-2020)
[3048431] Could not find attributes for christian meyer (SSV Jeddeloh II, 2018)
[3048431] Failed to build match row: SSV Jeddeloh II vs 1. Fußballclub Heidenheim 1846
[2594651] Failed to scrape lineup: https://www.transfermarkt.co.uk/real-sociedad_valencia-cf/index/spielbericht/2594651
[2494506] Failed to scrape lineup: https://www.transfermarkt.co.uk/olympiacos-piraeus_atromitos-athens/index/spielbericht/2494506
[2329435] Could not find attributes for pierre kanstrup (Sønderjyske Fodbold, 2013)
[2329435] Failed to build match row: Sønderjyske Fodbold vs Football Club København
[3409162] Could not find attributes for alexander embrechts (HSV Hoek, 2020)
[3409162] Failed to build match row: HSV Hoek vs OFC Oostzaan
[3239013] Could not find attributes for roman pidkivka (Karpaty Lviv (-2021), 2019)
[3239013] Failed to build match row: Karpaty Lviv (-2021) vs Vorskla Poltava
[2884126] Could not find attributes for rahmetullah berisbek (Gençlerbirliği Spor Kulübü, 2017)
[2367431] Failed to scrape lineup: https://www.transfermarkt.co.uk/spielbericht/index/spielbericht/2367431
[2884126] Failed to build match row: Gençlerbirliği Spor Kulübü vs Bursaspor
[2352000] Failed to scrape lineup: https://www.transfermarkt.co.uk/apollon-smyrnis_panthrakikos-komotini/index/spielbericht/2352000
[2340299] Failed to scrape lineup: https://www.transfermarkt.co.uk/sl-benfica_fc-arouca/index/spielbericht/2340299
[2342531] Failed to scrape lineup: https://www.transfermarkt.co.uk/feyenoord-rotterdam_go-ahead-eagles/index/spielbericht/2342531
[2532525] Could not find attributes for tobias salquist (Silkeborg Idrætsforening, 2014)
[2532525] Failed to build match row: Odense Boldklub vs Silkeborg Idrætsforening

Keepers & outfield error for **Sporting Clube de Braga** in Olympique de Marseille vs Sporting Clube de Braga: Numbers: 0 and 11.
[2982087] Failed to build match row: Olympique de Marseille vs Sporting Clube de Braga
[3223288] Could not find attributes for atiba hutchinson (Beşiktaş Jimnastik Kulübü, 2019)
[3223288] Failed to build match row: Beşiktaş Jimnastik Kulübü vs Kasımpaşa A.Ş.
[2921875] Could not find attributes for artem fedorov (Fakel Voronezh, 2017)
[2921875] Failed to build match row: Fakel Voronezh vs Amkar Perm
[3203468] Could not find attributes for yuya osako (Sportverein Werder Bremen von 1899, 2019)
[3203468] Failed to build match row: 1. Fußballclub Union Berlin vs Sportverein Werder Bremen von 1899
[2510833] Could not find attributes for andriy poltavtsev (FC Zorya Lugansk, 2014)
[2510833] Failed to build match row: FC Zorya Lugansk vs Olimpik Donetsk

Keepers & outfield error for **Manchester United Football Club** in Manchester United Football Club vs Reading FC: Numbers: 0 and 11.
[2808934] Failed to build match row: Manchester United Football Club vs Reading FC
[2698327] Failed to scrape lineup: https://www.transfermarkt.co.uk/everton-fc_west-bromwich-albion/index/spielbericht/2698327
[2718979] Failed to scrape lineup: https://www.transfermarkt.co.uk/sd-eibar_rcd-espanyol-barcelona/index/spielbericht/2718979
[3239014] Could not find attributes for yuriy pankiv (FC Oleksandriya, 2019)
[2604316] Failed to scrape lineup: https://www.transfermarkt.co.uk/bologna-fc-1909_genoa-cfc/index/spielbericht/2604316
[3239014] Failed to build match row: FC Oleksandriya vs SC Dnipro-1
[3216203] Could not find attributes for jeremy cijntje (Heracles Almelo, 2019)
[3216203] Failed to build match row: Heracles Almelo vs Feyenoord Rotterdam
[2494507] Could not find attributes for manolis stefanakos (Panetolikos Agrinio, 2014)
[2494507] Failed to build match row: Panetolikos Agrinio vs GS Ergotelis
[2579969] Failed to scrape lineup: https://www.transfermarkt.co.uk/dundee-united-fc_hamilton-academical-fc/index/spielbericht/2579969
[3223289] Could not find attributes for yan sasse (Çaykur Rizespor Kulübü, 2019)
[3223289] Failed to build match row: Çaykur Rizespor Kulübü vs Kayserispor Kulübü
[2329436] Could not find attributes for wilton figueiredo (Viborg Fodsports Forening, 2013)
[2329436] Failed to build match row: FC Vestsjaelland vs Viborg Fodsports Forening
[2724884] Could not find attributes for arsen siukaev (Mashuk-KMV Pyatigorsk, 2016)
[2724884] Failed to build match row: Mashuk-KMV Pyatigorsk vs Angusht Nazran
Not enough players found for lineup: 0, 0.
[3409166] Failed to scrape lineup: https://www.transfermarkt.co.uk/spielbericht/index/spielbericht/3409166
[2486426] Failed to scrape lineup: https://www.transfermarkt.co.uk/spielbericht/index/spielbericht/2486426
[2718980] Could not find attributes for darko brasanac (Real Betis Balompié S.A.D., 2016)
[2718980] Failed to build match row: Real Betis Balompié S.A.D. vs Club Atlético Osasuna
[3113763] Could not find attributes for dmytro chygrynskyi (Athlitiki Enosi Konstantinoupoleos, 2018)
[2342532] Could not find attributes for berry powel (Roda JC Kerkrade, 2013)
[3113763] Failed to build match row: Panathinaikos Athlitikos Omilos vs Athlitiki Enosi Konstantinoupoleos
[2342532] Failed to build match row: Roda JC Kerkrade vs RKC Waalwijk
[3069963] Could not find attributes for edin cocalic (Akhisarspor, 2018)
[3069963] Failed to build match row: Akhisarspor vs Antalyaspor
[2494508] Could not find attributes for georgios athanasiadis (Panthrakikos Komotini, 2014)
[2494508] Failed to build match row: Panthrakikos Komotini vs AEL Kalloni
[2653897] Could not find attributes for aleksandar bjelica (Yellow-Red Koninklijke Voetbalclub Mechelen, 2015)
[2653897] Failed to build match row: Royal Charleroi Sporting Club vs Yellow-Red Koninklijke Voetbalclub Mechelen

Keepers & outfield error for **Viborg Fodsports Forening** in Viborg Fodsports Forening vs FC Vestsjaelland: Numbers: 2 and 9.
[2329437] Failed to build match row: Viborg Fodsports Forening vs FC Vestsjaelland
[3307686] Failed to scrape lineup: https://www.transfermarkt.co.uk/spielbericht/index/spielbericht/3307686
[2352001] Could not find attributes for grigoris athanasiou (GS Ergotelis, 2013)
[2352001] Failed to build match row: GS Ergotelis vs AO Xanthi
Not enough players found for lineup: 0, 0.
[2486428] Failed to scrape lineup: https://www.transfermarkt.co.uk/spielbericht/index/spielbericht/2486428
[2510834] Could not find attributes for oleksandr shovkovskyi (Futbolniy Klub Dynamo Kyiv, 2014)
[2510834] Failed to build match row: Futbolniy Klub Dynamo Kyiv vs Metalist Kharkiv (- 2016)
[2586969] Could not find attributes for mouhamadou dabo (ESTAC Troyes, 2015)
[2586969] Failed to build match row: FC Girondins Bordeaux vs ESTAC Troyes
[2475278] Failed to scrape lineup: https://www.transfermarkt.co.uk/granada-cf_real-madrid/index/spielbericht/2475278
[3113764] Could not find attributes for athanasios panteliadis (APO Levadiakos Football Club, 2018)
[3113764] Failed to build match row: APO Levadiakos Football Club vs Athlitiki Enosi Larisas
[2479883] Failed to scrape lineup: https://www.transfermarkt.co.uk/kvrs-waasland-sk-beveren_kvc-westerlo/index/spielbericht/2479883
[2460765] Failed to scrape lineup: https://www.transfermarkt.co.uk/hannover-96_fc-augsburg/index/spielbericht/2460765
[2329438] Could not find attributes for martin dubravka (Esbjerg fB, 2013)
[2329438] Failed to build match row: Esbjerg fB vs Odense Boldklub
[2653898] Could not find attributes for xavier mercier (KV Kortrijk, 2015)
[2653898] Failed to build match row: Koninklijke Racing Club Genk vs KV Kortrijk
Not enough players found for lineup: 11, 0.
[3409167] Failed to scrape lineup: https://www.transfermarkt.co.uk/spielbericht/index/spielbericht/3409167
[2367432] Could not find attributes for aleksey stepanov (Spartak Nalchik, 2013)
[2367432] Failed to build match row: Spartak Nalchik vs Spartak Vladikavkaz (-2020)

Keepers & outfield error for **Göztepe Sportif Yatırımlar A.Ş.** in Göztepe Sportif Yatırımlar A.Ş. vs Erzurumspor FK: Numbers: 0 and 11.
[3069964] Failed to build match row: Göztepe Sportif Yatırımlar A.Ş. vs Erzurumspor FK
[3151385] Could not find attributes for wes hoolahan (West Bromwich Albion, 2018)
[3151385] Failed to build match row: West Bromwich Albion vs Brighton and Hove Albion Football Club
[3265535] Failed to scrape lineup: https://www.transfermarkt.co.uk/spielbericht/index/spielbericht/3265535

Keepers & outfield error for **Manchester United Football Club** in Southampton FC vs Manchester United Football Club: Numbers: 0 and 11.
[2698328] Failed to build match row: Southampton FC vs Manchester United Football Club
[2613582] Failed to scrape lineup: https://www.transfermarkt.co.uk/academica-coimbra_rio-ave-fc/index/spielbericht/2613582
[3080355] Failed to scrape lineup: https://www.transfermarkt.co.uk/celtic-fc_motherwell-fc/index/spielbericht/3080355
[3048432] Failed to scrape lineup: https://www.transfermarkt.co.uk/spielbericht/index/spielbericht/3048432

Keepers & outfield error for **Real Betis Balompié S.A.D.** in Rayo Vallecano de Madrid S. A. D. vs Real Betis Balompié S.A.D.: Numbers: 0 and 11.
[3307687] Failed to build match row: Rayo Vallecano de Madrid S. A. D. vs Real Betis Balompié S.A.D.
[2342533] Could not find attributes for athanasios karagounis (Prins Hendrik Ende Desespereert Nimmer Combinatie Zwolle, 2013)
[2510835] Could not find attributes for stanislav bogush (Vorskla Poltava, 2014)
[2342533] Failed to build match row: Prins Hendrik Ende Desespereert Nimmer Combinatie Zwolle vs Nijmegen Eendracht Combinatie
[2510835] Failed to build match row: FC Shakhtar Donetsk vs Vorskla Poltava
Not enough players found for lineup: 11, 0.
[2486432] Failed to scrape lineup: https://www.transfermarkt.co.uk/spielbericht/index/spielbericht/2486432
[3113765] Could not find attributes for markos vellidis (PAS Giannina, 2018)
[3113765] Failed to build match row: PAS Giannina vs PAS Lamia 1964

Keepers & outfield error for **Rayo Vallecano de Madrid S. A. D.** in Rayo Vallecano de Madrid S. A. D. vs SD Eibar: Numbers: 0 and 11.
[2475279] Failed to build match row: Rayo Vallecano de Madrid S. A. D. vs SD Eibar
[2532526] Failed to scrape lineup: https://www.transfermarkt.co.uk/fc-copenhagen_odense-boldklub/index/spielbericht/2532526
[2982088] Failed to scrape lineup: https://www.transfermarkt.co.uk/spielbericht/index/spielbericht/2982088
[3265536] Could not find attributes for ross clarke (Albion Rovers FC, 2019)
[3265536] Failed to build match row: Albion Rovers FC vs Fort William FC

Keepers & outfield error for **Associazione Calcio Milan** in Società Sportiva Lazio S.p.A. vs Associazione Calcio Milan: Numbers: 2 and 9.
[3152983] Failed to build match row: Società Sportiva Lazio S.p.A. vs Associazione Calcio Milan
Not enough players found for lineup: 0, 0.
[3409168] Failed to scrape lineup: https://www.transfermarkt.co.uk/spielbericht/index/spielbericht/3409168
[3216204] Failed to scrape lineup: https://www.transfermarkt.co.uk/sparta-rotterdam_fortuna-sittard/index/spielbericht/3216204
[2758517] Failed to scrape lineup: https://www.transfermarkt.co.uk/ao-xanthi_panionios-athens/index/spielbericht/2758517
[2579970] Failed to scrape lineup: https://www.transfermarkt.co.uk/inverness-caledonian-thistle-fc_celtic-fc/index/spielbericht/2579970
[3223290] Failed to scrape lineup: https://www.transfermarkt.co.uk/gaziantep-fk_konyaspor/index/spielbericht/3223290
[2724885] Failed to scrape lineup: https://www.transfermarkt.co.uk/spielbericht/index/spielbericht/2724885
[2921876] Could not find attributes for yuri shafinskiy (Tom Tomsk, 2017)
[2921876] Failed to build match row: Tom Tomsk vs FK Krasnodar
[3069965] Could not find attributes for dario melnjak (Çaykur Rizespor Kulübü, 2018)
[3069965] Failed to build match row: İstanbul Başakşehir Futbol Kulübü vs Çaykur Rizespor Kulübü
[2613583] Could not find attributes for ricardo ferreira (Sporting Clube de Braga, 2015)
[2613583] Failed to build match row: Sporting Clube de Braga vs Vitória Sport Clube
[2809425] Could not find attributes for ben woodburn (Liverpool Football Club, 2016)
[2809425] Failed to build match row: Liverpool Football Club vs Plymouth Argyle
[3080356] Could not find attributes for martin woods (Dundee Football Club, 2018)
[3080356] Failed to build match row: Dundee Football Club vs Hibernian Football Club
[2329439] Could not find attributes for azer busuladzic (Odense Boldklub, 2013)
[2329439] Failed to build match row: Odense Boldklub vs Football Club København
[2342534] Could not find attributes for roland alberg (ADO Den Haag, 2013)
[2342534] Failed to build match row: ADO Den Haag vs Nooit Opgeven Altijd Doorzetten Aangenaam Door Vermaak En Nuttig Door Ontspanning Combinatie Breda
[2494509] Failed to scrape lineup: https://www.transfermarkt.co.uk/pas-giannina_pae-veria/index/spielbericht/2494509
[3048433] Could not find attributes for tobias willers (FC Viktoria Köln, 2018)
[3058659] Failed to scrape lineup: https://www.transfermarkt.co.uk/rb-leipzig_hertha-bsc/index/spielbericht/3058659
[3048433] Failed to build match row: FC Viktoria Köln vs RasenBallsport Leipzig
[2579971] Could not find attributes for conrad balatoni (Kilmarnock Football Club, 2015)
[2579971] Failed to build match row: Kilmarnock Football Club vs Partick Thistle FC
[2594653] Failed to scrape lineup: https://www.transfermarkt.co.uk/villarreal-cf_sporting-gijon/index/spielbericht/2594653
[3203470] Failed to scrape lineup: https://www.transfermarkt.co.uk/bayer-04-leverkusen_1-fc-union-berlin/index/spielbericht/3203470
[2613584] Could not find attributes for mauricio antonio (CS Marítimo, 2015)
[2613584] Failed to build match row: CS Marítimo vs Académica Coimbra
[3265537] Could not find attributes for kelby mason (Annan Athletic FC, 2019)
[2329440] Could not find attributes for johan bjordal (Aarhus Gymnastik Forening, 2013)
[3265537] Failed to build match row: Annan Athletic FC vs Brechin City FC
[2329440] Failed to build match row: Aarhus Gymnastik Forening vs Aalborg BK
[2758518] Could not find attributes for fotis koutzavasilis (AOK Kerkyra, 2016)
[2758518] Failed to build match row: AOK Kerkyra vs Athlitiki Enosi Larisas
[2604319] Failed to scrape lineup: https://www.transfermarkt.co.uk/hellas-verona_ac-milan/index/spielbericht/2604319
[3223291] Could not find attributes for ponck (İstanbul Başakşehir Futbol Kulübü, 2019)
[3223291] Failed to build match row: İstanbul Başakşehir Futbol Kulübü vs Denizlispor
[2460766] Failed to scrape lineup: https://www.transfermarkt.co.uk/eintracht-frankfurt_hertha-bsc/index/spielbericht/2460766
[2982089] Could not find attributes for aritm (Футбольный клуб "Локомотив" Москва, 2017)
[2982089] Failed to build match row: Футбольный клуб "Локомотив" Москва vs Olympique Gymnaste Club Nice Côte d'Azur
[2653899] Failed to scrape lineup: https://www.transfermarkt.co.uk/kv-oostende-2024-_mouscron-peruwelz/index/spielbericht/2653899
[2342535] Could not find attributes for christian kum (Sportclub Heerenveen, 2013)
[2342535] Failed to build match row: Go Ahead Eagles vs Sportclub Heerenveen

Keepers & outfield error for **Córdoba CF** in Córdoba CF vs Deportivo de La Coruña: Numbers: 0 and 11.
[2475281] Failed to build match row: Córdoba CF vs Deportivo de La Coruña
[2367433] Failed to scrape lineup: https://www.transfermarkt.co.uk/spielbericht/index/spielbericht/2367433
[2702751] Failed to scrape lineup: https://www.transfermarkt.co.uk/paris-saint-germain_stade-rennais-fc/index/spielbericht/2702751
[2718982] Failed to scrape lineup: https://www.transfermarkt.co.uk/deportivo-alaves_real-sociedad/index/spielbericht/2718982
[2329441] Could not find attributes for martin dubravka (Esbjerg fB, 2013)
[2329441] Failed to build match row: Viborg Fodsports Forening vs Esbjerg fB
Not enough players found for lineup: 11, 0.
[3409170] Failed to scrape lineup: https://www.transfermarkt.co.uk/spielbericht/index/spielbericht/3409170
[2494544] Could not find attributes for manuel curto (Lierse SK (- 2018), 2014)
[2479885] Failed to scrape lineup: https://www.transfermarkt.co.uk/standard-liege_kaa-gent/index/spielbericht/2479885
[2494544] Failed to build match row: Lierse SK (- 2018) vs Royal Sporting Club Anderlecht
[2579972] Could not find attributes for arnaud djoum (Heart of Midlothian Football Club, 2015)
[2579972] Failed to build match row: Motherwell Football Club vs Heart of Midlothian Football Club
[2486489] Failed to scrape lineup: https://www.transfermarkt.co.uk/burnley-fc_manchester-united/index/spielbericht/2486489

Keepers & outfield error for **Getafe Club de Fútbol S. A. D. Team Dubai** in Getafe Club de Fútbol S. A. D. Team Dubai vs Real Betis Balompié S.A.D.: Numbers: 2 and 9.
[2594654] Failed to build match row: Getafe Club de Fútbol S. A. D. Team Dubai vs Real Betis Balompié S.A.D.
[3113766] Failed to scrape lineup: https://www.transfermarkt.co.uk/aris-thessaloniki_olympiacos-piraeus/index/spielbericht/3113766
[2630394] Could not find attributes for gregor amos (Edinburgh City FC, 2015)
[2630394] Failed to build match row: Edinburgh City FC vs Buckie Thistle FC
[2653900] Could not find attributes for hamdi harbaoui (KSC Lokeren (- 2020), 2015)
[2653900] Failed to build match row: Club Brugge Koninklijke Voetbalvereniging vs KSC Lokeren (- 2020)

Keepers & outfield error for **Málaga CF** in CD Leganés vs Málaga CF: Numbers: 0 and 11.
[2718983] Failed to build match row: CD Leganés vs Málaga CF
[3152984] Failed to scrape lineup: https://www.transfermarkt.co.uk/spielbericht/index/spielbericht/3152984
[3216205] Failed to scrape lineup: https://www.transfermarkt.co.uk/vitesse-arnhem_fc-emmen/index/spielbericht/3216205
[3307688] Could not find attributes for juanjo garrancho (CD Badajoz, 2019)
[3307688] Failed to build match row: CD Badajoz vs SD Eibar
[2897239] Failed to scrape lineup: https://www.transfermarkt.co.uk/benevento-calcio_acf-fiorentina/index/spielbericht/2897239
[2724886] Failed to scrape lineup: https://www.transfermarkt.co.uk/spielbericht/index/spielbericht/2724886
[2921877] Failed to scrape lineup: https://www.transfermarkt.co.uk/spielbericht/index/spielbericht/2921877
[3069966] Failed to scrape lineup: https://www.transfermarkt.co.uk/mke-ankaragucu_konyaspor/index/spielbericht/3069966
[2653901] Could not find attributes for danijel milicevic (Koninklijke Atletiek Associatie Gent, 2015)
[2653901] Failed to build match row: Koninklijke Atletiek Associatie Gent vs SK Beveren

Keepers & outfield error for **Royal Sporting Club Anderlecht** in Royal Sporting Club Anderlecht vs Royal Charleroi Sporting Club: Numbers: 0 and 11.
[2479886] Failed to build match row: Royal Sporting Club Anderlecht vs Royal Charleroi Sporting Club
[2810016] Failed to scrape lineup: https://www.transfermarkt.co.uk/spielbericht/index/spielbericht/2810016
[2494545] Could not find attributes for jeremy labor (Sportvereniging Zulte Waregem, 2014)
[2494545] Failed to build match row: Sportvereniging Zulte Waregem vs SK Beveren

Keepers & outfield error for **Hull City** in Aston Villa Football Club vs Hull City: Numbers: 0 and 11.
[2486490] Failed to build match row: Aston Villa Football Club vs Hull City
[2329442] Could not find attributes for johan bjordal (Aarhus Gymnastik Forening, 2013)
[2329442] Failed to build match row: Aarhus Gymnastik Forening vs Fodbold Club Midtjylland
[2342536] Failed to scrape lineup: https://www.transfermarkt.co.uk/sc-cambuur-leeuwarden_vitesse-arnhem/index/spielbericht/2342536
[3058660] Failed to scrape lineup: https://www.transfermarkt.co.uk/eintracht-frankfurt_vfb-stuttgart/index/spielbericht/3058660
[3203471] Failed to scrape lineup: https://www.transfermarkt.co.uk/borussia-monchengladbach_fortuna-dusseldorf/index/spielbericht/3203471
[2903786] Failed to scrape lineup: https://www.transfermarkt.co.uk/heart-of-midlothian-fc_ross-county-fc/index/spielbericht/2903786
[2475282] Failed to scrape lineup: https://www.transfermarkt.co.uk/getafe-cf_elche-cf/index/spielbericht/2475282
Not enough players found for lineup: 0, 0.
[3113767] Could not find attributes for georgios strezos (Omilos Filathlon Irakliou FC, 2018)
[3409171] Failed to scrape lineup: https://www.transfermarkt.co.uk/spielbericht/index/spielbericht/3409171
[3113767] Failed to build match row: Omilos Filathlon Irakliou FC vs Apollon Smyrnis
[3210119] Failed to scrape lineup: https://www.transfermarkt.co.uk/rcd-mallorca_levante-ud/index/spielbericht/3210119
[2532529] Could not find attributes for tobias salquist (Silkeborg Idrætsforening, 2014)
[3080357] Could not find attributes for reegan mimnaugh (Hamilton Academical FC, 2018)
[2532529] Failed to build match row: Silkeborg Idrætsforening vs Randers Fodbold Club
[3080357] Failed to build match row: Hamilton Academical FC vs Rangers Football Club
[2613585] Failed to scrape lineup: https://www.transfermarkt.co.uk/cd-nacional_fc-pacos-de-ferreira/index/spielbericht/2613585
[3216206] Could not find attributes for sergio padt (Football Club Groningen, 2019)
[3216206] Failed to build match row: Football Club Groningen vs AFC Ajax Amsterdam
[2897240] Failed to scrape lineup: https://www.transfermarkt.co.uk/chievo-verona_hellas-verona/index/spielbericht/2897240
[2758519] Failed to scrape lineup: https://www.transfermarkt.co.uk/iraklis-thessaloniki_olympiacos-piraeus/index/spielbericht/2758519

Keepers & outfield error for **Alanyaspor** in Alanyaspor vs Fenerbahçe Spor Kulübü: Numbers: 2 and 9.
[3223292] Failed to scrape lineup: https://www.transfermarkt.co.uk/fenerbahce_sivasspor/index/spielbericht/3223292
[3069967] Failed to build match row: Alanyaspor vs Fenerbahçe Spor Kulübü
[2604321] Could not find attributes for michel morganella (Palermo FC, 2015)
[2604321] Failed to build match row: Frosinone Calcio vs Palermo FC
[3307689] Could not find attributes for rafa parejo (CD Ebro, 2019)
[3307689] Failed to build match row: CD Ebro vs CD Leganés
[2342537] Failed to scrape lineup: https://www.transfermarkt.co.uk/az-alkmaar_nec-nijmegen/index/spielbericht/2342537
[2653902] Could not find attributes for aleksandar bjelica (Yellow-Red Koninklijke Voetbalclub Mechelen, 2015)
[2653902] Failed to build match row: Yellow-Red Koninklijke Voetbalclub Mechelen vs Royal Sporting Club Anderlecht
[3113768] Failed to scrape lineup: https://www.transfermarkt.co.uk/asteras-tripolis_ao-xanthi/index/spielbericht/3113768
[2532530] Failed to scrape lineup: https://www.transfermarkt.co.uk/fc-nordsjaelland_hobro-ik/index/spielbericht/2532530
[2352002] Could not find attributes for marko scepovic (Olympiakos Syndesmos Filathlon Peiraios, 2013)
[2352002] Failed to build match row: Olympiakos Syndesmos Filathlon Peiraios vs A.G.S Asteras Tripolis
[2724887] Could not find attributes for andrey kondratyuk (Chayka Peschanokopskoye, 2016)
[2724887] Failed to build match row: Chayka Peschanokopskoye vs Chernomorets Novorossijsk
[3080358] Could not find attributes for clevid dikamona (Heart of Midlothian Football Club, 2018)
[3080358] Failed to build match row: Heart of Midlothian Football Club vs Saint Mirren Football Club

Keepers & outfield error for **Trabzonspor Kulübü** in Denizlispor vs Trabzonspor Kulübü: Numbers: 2 and 9.
[3223293] Failed to build match row: Denizlispor vs Trabzonspor Kulübü

Keepers & outfield error for **Futebol Clube de Arouca** in Futebol Clube de Arouca vs Sporting Clube de Braga: Numbers: 2 and 9.
[2613586] Failed to build match row: Futebol Clube de Arouca vs Sporting Clube de Braga

Keepers & outfield error for **AD Alcorcón** in AD Alcorcón vs Córdoba CF: Numbers: 2 and 9.
[2810017] Failed to build match row: AD Alcorcón vs Córdoba CF
[2702752] Could not find attributes for yannis salibur (EA Guingamp, 2016)
[2702752] Failed to build match row: Dijon FCO vs EA Guingamp
[2884127] Could not find attributes for mbaye diagne (Kasımpaşa A.Ş., 2017)
[2884127] Failed to build match row: İstanbul Başakşehir Futbol Kulübü vs Kasımpaşa A.Ş.

Keepers & outfield error for **Espanol** in Espanol vs Villarreal Club de Fútbol S.A.D.: Numbers: 3 and 8.
[3307690] Could not find attributes for virgil theresin (Cultural Leonesa, 2019)
[2475283] Failed to build match row: Espanol vs Villarreal Club de Fútbol S.A.D.
[3307690] Failed to build match row: Cultural Leonesa vs Club Atlético de Madrid S.A.D.
[2922687] Could not find attributes for xavi ginard (UE Olot, 2017)
[3048436] Could not find attributes for marcel pfaar (BSC Hastedt, 2018)
[2922687] Failed to build match row: UE Olot vs CD Alcoyano
[3048436] Failed to build match row: BSC Hastedt vs Mönchengladbach
[3239015] Could not find attributes for yevgen volynets (FK Kolos Kovalivka, 2019)

Keepers & outfield error for **Alaves** in Real Madrid Club de Fútbol vs Alaves: Numbers: 0 and 11.
[3239015] Failed to build match row: FK Kolos Kovalivka vs PFK Lviv
[3210120] Failed to build match row: Real Madrid Club de Fútbol vs Alaves
Not enough players found for lineup: 0, 11.
[3409172] Failed to scrape lineup: https://www.transfermarkt.co.uk/spielbericht/index/spielbericht/3409172
[2613587] Failed to scrape lineup: https://www.transfermarkt.co.uk/cf-os-belenenses_fc-porto/index/spielbericht/2613587
[2810018] Failed to scrape lineup: https://www.transfermarkt.co.uk/spielbericht/index/spielbericht/2810018

Keepers & outfield error for **FK Spartak Moskva** in FC Rubin Kazan vs FK Spartak Moskva: Numbers: 2 and 9.
[2479924] Failed to build match row: FC Rubin Kazan vs FK Spartak Moskva
[3069968] Could not find attributes for caner erkin (Beşiktaş Jimnastik Kulübü, 2018)
[3069968] Failed to build match row: Beşiktaş Jimnastik Kulübü vs MKE Ankaragücü
[3223294] Could not find attributes for mickael tirpan (Kasımpaşa A.Ş., 2019)
[3223294] Failed to build match row: Kasımpaşa A.Ş. vs Çaykur Rizespor Kulübü
[2342539] Could not find attributes for roland alberg (ADO Den Haag, 2013)
[2342539] Failed to build match row: AFC Ajax Amsterdam vs ADO Den Haag

Keepers & outfield error for **Calcio Padova** in Bologna Football Club 1909 vs Calcio Padova: Numbers: 0 and 11.
[3089426] Failed to build match row: Bologna Football Club 1909 vs Calcio Padova
[2718985] Could not find attributes for andreas pereira (Granada CF, 2016)

Keepers & outfield error for **Swansea City** in Hull City vs Swansea City: Numbers: 2 and 9.
[2718985] Failed to build match row: Sporting Gijón vs Granada CF
[2698329] Failed to build match row: Hull City vs Swansea City
[2367434] Could not find attributes for vyacheslav khorkin (Avangard Kursk, 2013)
[2367434] Failed to build match row: Avangard Kursk vs Khimik Dzerzhinsk

Keepers & outfield error for **Chelsea Football Club** in Chelsea Football Club vs West Ham United Football Club: Numbers: 2 and 9.
[2332211] Failed to build match row: Chelsea Football Club vs West Ham United Football Club
[2352003] Could not find attributes for sebastian przyrowski (APO Levadiakos Football Club, 2013)
[2352003] Failed to build match row: APO Levadiakos Football Club vs AO Platanias
[3216207] Could not find attributes for miquel nelom (Willem II Tilburg, 2019)
[3216207] Failed to build match row: Willem II Tilburg vs Prins Hendrik Ende Desespereert Nimmer Combinatie Zwolle

Keepers & outfield error for **Real Sociedad de Fútbol S.A.D.** in Real Sociedad de Fútbol S.A.D. vs Granada CF: Numbers: 2 and 9.
[2982092] Could not find attributes for yevgen khacheridi (Futbolniy Klub Dynamo Kyiv, 2017)
[2982092] Failed to build match row: Futbolniy Klub Dynamo Kyiv vs Athlitiki Enosi Konstantinoupoleos

Keepers & outfield error for **Sport Lisboa e Benfica** in Sport Lisboa e Benfica vs CF União Madeira (-2021): Numbers: 0 and 11.
[2329444] Could not find attributes for pierre kanstrup (Sønderjyske Fodbold, 2013)
[2613588] Failed to build match row: Sport Lisboa e Benfica vs CF União Madeira (-2021)
[2329444] Failed to build match row: Sønderjyske Fodbold vs Aarhus Gymnastik Forening
[2724888] Could not find attributes for boris shogenov (Druzhba Maikop, 2016)
[2724888] Failed to build match row: Druzhba Maikop vs Afips Afipskiy (-2018)
[3239016] Could not find attributes for yevgen volynets (FK Kolos Kovalivka, 2019)
[2532531] Could not find attributes for baldur sigurdsson (Sønderjyske Fodbold, 2014)
[3239016] Failed to build match row: FK Kolos Kovalivka vs FC Oleksandriya
[2532531] Failed to build match row: Sønderjyske Fodbold vs FC Vestsjaelland
[2352004] Could not find attributes for anestis anastasiadis (AEL Kalloni, 2013)
[2352004] Failed to build match row: AEL Kalloni vs Panathinaikos Athlitikos Omilos
Not enough players found for lineup: 0, 0.
[3409173] Failed to scrape lineup: https://www.transfermarkt.co.uk/spielbericht/index/spielbericht/3409173
[3113769] Could not find attributes for ogmundur kristinsson (Athlitiki Enosi Larisas, 2018)
[3113769] Failed to build match row: Athlitiki Enosi Larisas vs PAS Giannina
[3069969] Could not find attributes for jose sosa (Trabzonspor Kulübü, 2018)

Keepers & outfield error for **Chelsea Football Club** in West Ham United Football Club vs Chelsea Football Club: Numbers: 2 and 9.
[3069969] Failed to build match row: Fenerbahçe Spor Kulübü vs Trabzonspor Kulübü
[2698330] Failed to build match row: West Ham United Football Club vs Chelsea Football Club

Keepers & outfield error for **Granada CF** in Futbol Club Barcelona vs Granada CF: Numbers: 0 and 11.
[2594656] Failed to build match row: Futbol Club Barcelona vs Granada CF
[3265539] Could not find attributes for jamie todd (Cowdenbeath FC, 2019)
[2613589] Could not find attributes for emmanuel hackman (Boavista FC, 2015)
[2510836] Could not find attributes for oleksandr nad (Goverla Uzhgorod (- 2016), 2014)
[3265539] Failed to build match row: Cowdenbeath FC vs Broxburn Athletic FC
[2613589] Failed to build match row: Boavista FC vs Rio Ave Futebol Clube
[2510836] Failed to build match row: Goverla Uzhgorod (- 2016) vs Metalurg Zaporizhya (-2016)
[3223295] Could not find attributes for atinc nukan (Göztepe Sportif Yatırımlar A.Ş., 2019)
Not enough players found for lineup: 0, 11.
 Sportif Yatırımlar A.Ş. vs Gençlerbirliği Spor Kulübü
[2367435] Failed to scrape lineup: https://www.transfermarkt.co.uk/spielbericht/index/spielbericht/2367435
[2486492] Failed to scrape lineup: https://www.transfermarkt.co.uk/newcastle-united_crystal-palace/index/spielbericht/2486492
[3153202] Could not find attributes for sergey ryzhikov (PFK Krylya Sovetov Samara, 2018)
[3153202] Failed to build match row: PFK Krylya Sovetov Samara vs Enisey Krasnoyarsk
[3058662] Failed to scrape lineup: https://www.transfermarkt.co.uk/hannover-96_fc-schalke-04/index/spielbericht/3058662
[3080359] Failed to scrape lineup: https://www.transfermarkt.co.uk/livingston-fc_kilmarnock-fc/index/spielbericht/3080359
[2630395] Could not find attributes for jamie masson (Formartine United FC, 2015)
[2630395] Failed to build match row: Formartine United FC vs Clyde FC
[2423574] Failed to scrape lineup: https://www.transfermarkt.co.uk/spielbericht/index/spielbericht/2423574
[2653903] Could not find attributes for david hubert (Royal Excel Mouscron (-2022), 2015)
[2653903] Failed to build match row: Royal Excel Mouscron (-2022) vs Koninklijke Racing Club Genk
[2724889] Could not find attributes for andrey ryzhikov (Energomash Belgorod (-2018), 2016)
[2724889] Failed to build match row: Energomash Belgorod (-2018) vs Rotor Volgograd
[2475285] Could not find attributes for loukas vyntra (Levante Unión Deportiva S.A.D., 2014)
[2475285] Failed to build match row: Sevilla Fútbol Club S.A.D. vs Levante Unión Deportiva S.A.D.
[2352005] Could not find attributes for theodoros tripotseris (Omilos Filathlon Irakliou FC, 2013)
[2352005] Failed to build match row: Omilos Filathlon Irakliou FC vs AEL Kalloni
[3239017] Could not find attributes for valeriy yurchuk (SC Dnipro-1, 2019)
[3239017] Failed to build match row: SC Dnipro-1 vs Karpaty Lviv (-2021)
[2342540] Failed to scrape lineup: https://www.transfermarkt.co.uk/rkc-waalwijk_pec-zwolle/index/spielbericht/2342540
[3089427] Could not find attributes for matteo di gennaro (US Livorno 1915, 2018)
[3069970] Failed to scrape lineup: https://www.transfermarkt.co.uk/kayserispor_alanyaspor/index/spielbericht/3069970
[3089427] Failed to build match row: US Livorno 1915 vs FC Crotone
[2579974] Failed to scrape lineup: https://www.transfermarkt.co.uk/celtic-fc_hamilton-academical-fc/index/spielbericht/2579974
[2758520] Could not find attributes for sonhy sefil (A.G.S Asteras Tripolis, 2016)
[2758520] Failed to build match row: A.G.S Asteras Tripolis vs Panthessalonikios Athlitikos Omilos Konstantinoupoliton
[2884128] Could not find attributes for domagoj vida (Beşiktaş Jimnastik Kulübü, 2017)
[2884128] Failed to build match row: Beşiktaş Jimnastik Kulübü vs Sivasspor
[2897242] Failed to scrape lineup: https://www.transfermarkt.co.uk/ac-milan_genoa-cfc/index/spielbericht/2897242
[3307691] Could not find attributes for inigo zubiri (Unionistas CF, 2019)
[3307691] Failed to build match row: Unionistas CF vs Real Madrid Club de Fútbol
[2922688] Could not find attributes for cedric omoigui (Real Club Deportivo Mallorca S.A.D., 2017)
[2922688] Failed to build match row: Real Club Deportivo Mallorca S.A.D. vs Club Lleida Esportiu
[3216208] Failed to scrape lineup: https://www.transfermarkt.co.uk/psv-eindhoven_twente-enschede-fc/index/spielbericht/3216208
[3113770] Could not find attributes for zivko zivkovic (AO Xanthi, 2018)
[3113770] Failed to build match row: AO Xanthi vs Panionios Athens
[3223296] Could not find attributes for bunyamin balci (Antalyaspor, 2019)
[3223296] Failed to build match row: Antalyaspor vs Alanyaspor
[3153203] Could not find attributes for mario fernandes (PFK CSKA Moskva, 2018)

Keepers & outfield error for **Celta** in Deportivo de La Coruña vs Celta: Numbers: 0 and 11.

Keepers & outfield error for **St. Johnstone FC** in St. Johnstone FC vs Aberdeen Football Club: Numbers: 0 and 11.
[2718987] Failed to build match row: Deportivo de La Coruña vs Celta
[3080360] Failed to build match row: St. Johnstone FC vs Aberdeen Football Club

Keepers & outfield error for **UD Almería** in UD Almería vs Futbol Club Barcelona: Numbers: 0 and 11.
[2475286] Failed to build match row: UD Almería vs Futbol Club Barcelona
[2460771] Could not find attributes for timo hildebrand (Eintracht Frankfurt Fußball AG, 2014)
[2532532] Failed to scrape lineup: https://www.transfermarkt.co.uk/silkeborg-if_aalborg-bk/index/spielbericht/2532532
[2460771] Failed to build match row: Bayer 04 Leverkusen Fußball vs Eintracht Frankfurt Fußball AG
[2329445] Failed to scrape lineup: https://www.transfermarkt.co.uk/randers-fc_aarhus-gf/index/spielbericht/2329445

Keepers & outfield error for **RasenBallsport Leipzig** in RasenBallsport Leipzig vs Società Sportiva Calcio Napoli: Numbers: 0 and 11.
[2494549] Failed to scrape lineup: https://www.transfermarkt.co.uk/krc-genk_club-brugge-kv/index/spielbericht/2494549
[2982094] Failed to build match row: RasenBallsport Leipzig vs Società Sportiva Calcio Napoli
[3409218] Failed to build match row: FK Sochi vs FC Rubin Kazan
[3058664] Failed to scrape lineup: https://www.transfermarkt.co.uk/fortuna-dusseldorf_borussia-monchengladbach/index/spielbericht/3058664
[3153204] Failed to scrape lineup: https://www.transfermarkt.co.uk/fk-krasnodar_fk-orenburg/index/spielbericht/3153204
[2475287] Failed to scrape lineup: https://www.transfermarkt.co.uk/celta-de-vigo_granada-cf/index/spielbericht/2475287
[2724890] Could not find attributes for mikhail alfimov (Metallurg Lipetsk, 2016)
[2724890] Failed to build match row: Metallurg Lipetsk vs Atom Novovoronezh
[2758521] Could not find attributes for andrey gorbunov (APS Atromitos Athinon, 2016)
[2329446] Failed to scrape lineup: https://www.transfermarkt.co.uk/brondby-if_esbjerg-fb/index/spielbericht/2329446
[3239018] Could not find attributes for danylo kanevtsev (Vorskla Poltava, 2019)
[2758521] Failed to build match row: APS Atromitos Athinon vs Panetolikos Agrinio
[3239018] Failed to build match row: Vorskla Poltava vs Futbolniy Klub Dynamo Kyiv

Keepers & outfield error for **Burnley Football Club** in Swansea City vs Burnley Football Club: Numbers: 0 and 11.
[2698332] Failed to build match row: Swansea City vs Burnley Football Club

Keepers & outfield error for **Vitória Setúbal FC** in Grupo Desportivo Estoril Praia vs Vitória Setúbal FC: Numbers: 0 and 11.
[2613590] Failed to build match row: Grupo Desportivo Estoril Praia vs Vitória Setúbal FC
[2982095] Failed to scrape lineup: https://www.transfermarkt.co.uk/spielbericht/index/spielbericht/2982095
[3048439] Failed to scrape lineup: https://www.transfermarkt.co.uk/spielbericht/index/spielbericht/3048439
[2352006] Could not find attributes for josemi (AO Xanthi, 2013)
[2352006] Failed to build match row: AO Xanthi vs Veria NPS
[3153205] Failed to scrape lineup: https://www.transfermarkt.co.uk/zenit-st-petersburg_fk-ufa/index/spielbericht/3153205
[2475288] Failed to scrape lineup: https://www.transfermarkt.co.uk/real-madrid_rayo-vallecano/index/spielbericht/2475288
[3089429] Failed to scrape lineup: https://www.transfermarkt.co.uk/spielbericht/index/spielbericht/3089429
[2724891] Failed to scrape lineup: https://www.transfermarkt.co.uk/spielbericht/index/spielbericht/2724891
[2758522] Failed to scrape lineup: https://www.transfermarkt.co.uk/pae-veria_aek-athens/index/spielbericht/2758522
[3069971] Could not find attributes for dario melnjak (Çaykur Rizespor Kulübü, 2018)
[3069971] Failed to build match row: Çaykur Rizespor Kulübü vs Sivasspor
[2367436] Could not find attributes for dmitri vyalchinov (FC Khimki (-2025), 2013)
[2367436] Failed to build match row: FC Khimki (-2025) vs Shinnik Yaroslavl
[2630396] Could not find attributes for Stewart Black (Elgin City FC, 2015)
[2630396] Failed to build match row: Elgin City FC vs The Spartans FC
[3048440] Failed to scrape lineup: https://www.transfermarkt.co.uk/spielbericht/index/spielbericht/3048440
[3216209] Could not find attributes for stefan velkov (RKC Waalwijk, 2019)
[3216209] Failed to build match row: Alkmaar Zaanstreek vs RKC Waalwijk

Keepers & outfield error for **Deportivo de La Coruña** in Deportivo de La Coruña vs Alaves: Numbers: 0 and 11.
[2810021] Failed to build match row: Deportivo de La Coruña vs Alaves
[2586981] Could not find attributes for antoine devaux (Stade Reims, 2015)
[2586981] Failed to build match row: AS Saint-Étienne vs Stade Reims
[2494551] Failed to scrape lineup: https://www.transfermarkt.co.uk/kv-kortrijk_ksc-lokeren-2020-/index/spielbericht/2494551
[2352007] Failed to scrape lineup: https://www.transfermarkt.co.uk/panthrakikos-komotini_pas-giannina/index/spielbericht/2352007
[2486495] Failed to scrape lineup: https://www.transfermarkt.co.uk/west-ham-united_southampton-fc/index/spielbericht/2486495
[3153206] Failed to scrape lineup: https://www.transfermarkt.co.uk/dinamo-moscow_spartak-moscow/index/spielbericht/3153206
[2922689] Could not find attributes for jon garcia (SD Ponferradina, 2017)
[2922689] Failed to build match row: SD Ponferradina vs CD Atlético Baleares
[2758523] Failed to scrape lineup: https://www.transfermarkt.co.uk/panathinaikos-fc_pas-giannina/index/spielbericht/2758523
[2579976] Failed to scrape lineup: https://www.transfermarkt.co.uk/heart-of-midlothian-fc_inverness-caledonian-thistle-fc/index/spielbericht/2579976
[2367437] Failed to scrape lineup: https://www.transfermarkt.co.uk/spielbericht/index/spielbericht/2367437
[3210122] Could not find attributes for hatem ben arfa (Real Valladolid CF, 2019)
[3210122] Failed to build match row: Valencia Club de Fútbol S. A. D. vs Real Valladolid CF

Keepers & outfield error for **Celta** in Celta vs UD Las Palmas: Numbers: 0 and 11.
[3048441] Failed to scrape lineup: https://www.transfermarkt.co.uk/spielbericht/index/spielbericht/3048441
[2718988] Failed to build match row: Celta vs UD Las Palmas
[2810022] Failed to scrape lineup: https://www.transfermarkt.co.uk/spielbericht/index/spielbericht/2810022
[2329447] Could not find attributes for johan sellberg wiland (Football Club København, 2013)
[3307692] Failed to build match row: UD Ibiza vs Futbol Club Barcelona
[2329447] Failed to build match row: Football Club København vs Brøndby Idrætsforening
[2532533] Could not find attributes for adam orn arnarson (Fodbold Club Nordsjælland, 2014)
[2532533] Failed to build match row: Fodbold Club Nordsjælland vs Fodbold Club Midtjylland
[3153207] Failed to scrape lineup: https://www.transfermarkt.co.uk/anzhi-makhachkala-2022-_lokomotiv-moscow/index/spielbericht/3153207
[2486496] Failed to scrape lineup: https://www.transfermarkt.co.uk/everton-fc_chelsea-fc/index/spielbericht/2486496
[2922690] Failed to scrape lineup: https://www.transfermarkt.co.uk/spielbericht/index/spielbericht/2922690
[2758524] Failed to scrape lineup: https://www.transfermarkt.co.uk/ao-platanias_apo-levadiakos/index/spielbericht/2758524
[2342542] Could not find attributes for iliass bel hassani (Heracles Almelo, 2013)
[2342542] Failed to build match row: Football Club Utrecht vs Heracles Almelo
[3203476] Could not find attributes for stephan lichtsteiner (Fußball-Club Augsburg 1907, 2019)
[3203476] Failed to build match row: Sport-Club Freiburg vs Fußball-Club Augsburg 1907
[2475289] Could not find attributes for marcos angeleri (Málaga CF, 2014)
[2475289] Failed to build match row: Málaga CF vs SD Eibar
[3058665] Could not find attributes for ja cheol koo (Fußball-Club Augsburg 1907, 2018)
[3058665] Failed to build match row: 1.FC Nuremberg vs Fußball-Club Augsburg 1907
[3210123] Failed to scrape lineup: https://www.transfermarkt.co.uk/deportivo-alaves_getafe-cf/index/spielbericht/3210123
[2367438] Failed to scrape lineup: https://www.transfermarkt.co.uk/spielbericht/index/spielbericht/2367438
[3089715] Could not find attributes for roman kalyuzhnyi (Zenit Izhevsk, 2018)
[3089715] Failed to build match row: Zenit Izhevsk vs Neftekhimik Nizhnekamsk
[3409219] Could not find attributes for sergey ryzhikov (PFK Tambov (-2021), 2020)
[3409219] Failed to build match row: PFK Tambov (-2021) vs FC Khimki (-2025)
[3239019] Could not find attributes for yevgen past (Desna Chernigiv, 2019)
[3239019] Failed to build match row: Desna Chernigiv vs FC Shakhtar Donetsk
[2810023] Failed to scrape lineup: https://www.transfermarkt.co.uk/spielbericht/index/spielbericht/2810023
[2532534] Failed to scrape lineup: https://www.transfermarkt.co.uk/sonderjyske_fc-copenhagen/index/spielbericht/2532534
[3216210] Could not find attributes for crysencio summerville (ADO Den Haag, 2019)
[3216210] Failed to build match row: ADO Den Haag vs Vitesse Arnhem
[2698333] Could not find attributes for dieumerci mbokani (Hull City, 2016)
[2698333] Failed to build match row: Hull City vs Burnley Football Club

Keepers & outfield error for **Vitória Sport Clube** in Vitória Sport Clube vs Sporting Clube de Portugal: Numbers: 0 and 11.
[2613591] Failed to build match row: Vitória Sport Clube vs Sporting Clube de Portugal
[2758525] Failed to scrape lineup: https://www.transfermarkt.co.uk/aek-athens_iraklis-thessaloniki/index/spielbericht/2758525
[2342543] Failed to scrape lineup: https://www.transfermarkt.co.uk/roda-jc-kerkrade_az-alkmaar/index/spielbericht/2342543
[2579977] Could not find attributes for conrad balatoni (Kilmarnock Football Club, 2015)
[2579977] Failed to build match row: Kilmarnock Football Club vs Dundee United Football Club
[2724892] Could not find attributes for petr ustinov (Torpedo Moscow, 2016)
[2724892] Failed to build match row: Torpedo Moscow vs FC Ryazan
[2494552] Could not find attributes for obbi oulare (Club Brugge Koninklijke Voetbalvereniging, 2014)
[3210124] Failed to scrape lineup: https://www.transfermarkt.co.uk/atletico-de-madrid_real-betis-balompie/index/spielbericht/3210124
[3089716] Failed to scrape lineup: https://www.transfermarkt.co.uk/spielbericht/index/spielbericht/3089716
[2475290] Failed to scrape lineup: https://www.transfermarkt.co.uk/atletico-de-madrid_malaga-cf/index/spielbericht/2475290
[2367439] Failed to scrape lineup: https://www.transfermarkt.co.uk/spielbericht/index/spielbericht/2367439
[3058666] Failed to scrape lineup: https://www.transfermarkt.co.uk/bayern-munich_borussia-dortmund/index/spielbericht/3058666
[2494552] Failed to build match row: Club Brugge Koninklijke Voetbalvereniging vs KV Kortrijk
[2352008] Could not find attributes for athanasios panteliadis (Apollon Smyrnis, 2013)
[2352008] Failed to build match row: Panthessalonikios Athlitikos Omilos Konstantinoupoliton vs Apollon Smyrnis
[2604322] Failed to scrape lineup: https://www.transfermarkt.co.uk/torino-fc_us-sassuolo/index/spielbericht/2604322
[3265540] Could not find attributes for kieran mcgrath (East Kilbride FC, 2019)
[3265540] Failed to build match row: East Kilbride FC vs Gretna FC 2008
[2532535] Failed to scrape lineup: https://www.transfermarkt.co.uk/hobro-ik_odense-boldklub/index/spielbericht/2532535
[3309090] Could not find attributes for ogmundur kristinsson (Athlitiki Enosi Larisas, 2019)
n/index/spielbericht/3216211
[3309090] Failed to build match row: Athlitiki Enosi Larisas vs Panathinaikos Athlitikos Omilos
[2698334] Failed to scrape lineup: https://www.transfermarkt.co.uk/tottenham-hotspur_everton-fc/index/spielbericht/2698334
[2630397] Could not find attributes for craig howie (East Kilbride FC, 2015)
t/index/spielbericht/2982097
[3409220] Failed to scrape lineup: https://www.transfermarkt.co.uk/fc-krasnodar_arsenal-tula/index/spielbericht/3409220
[2630397] Failed to build match row: East Kilbride FC vs Forres Mechanics FC
[2758526] Failed to scrape lineup: https://www.transfermarkt.co.uk/ae-larisa_olympiacos-piraeus/index/spielbericht/2758526
[2329448] Could not find attributes for wilton figueiredo (Viborg Fodsports Forening, 2013)
[2329448] Failed to build match row: Viborg Fodsports Forening vs Football Club København
[3239020] Could not find attributes for vitaliy vernydub (FC Zorya Lugansk, 2019)
[3239020] Failed to build match row: FC Zorya Lugansk vs FK Mariupol

Keepers & outfield error for **UD Las Palmas** in Club Atlético de Madrid S.A.D. vs UD Las Palmas: Numbers: 2 and 9.
[2810024] Failed to build match row: Club Atlético de Madrid S.A.D. vs UD Las Palmas
[3153208] Could not find attributes for evgeniy gorodov (RFK Akhmat Grozny, 2018)
[3153208] Failed to build match row: RFK Akhmat Grozny vs Ural Yekaterinburg
[2510837] Could not find attributes for igor lytovka (Olimpik Donetsk, 2014)
[2510837] Failed to build match row: Olimpik Donetsk vs Futbolniy Klub Dynamo Kyiv
[2460774] Could not find attributes for ragnar klavan (Fußball-Club Augsburg 1907, 2014)
[2460774] Failed to build match row: Fußball-Club Augsburg 1907 vs Mönchengladbach
[2579978] Failed to scrape lineup: https://www.transfermarkt.co.uk/partick-thistle-fc-_motherwell-fc/index/spielbericht/2579978
[3210125] Failed to scrape lineup: https://www.transfermarkt.co.uk/rcd-espanyol-barcelona_sd-eibar/index/spielbericht/3210125
[2367440] Failed to scrape lineup: https://www.transfermarkt.co.uk/spielbericht/index/spielbericht/2367440
[2475291] Failed to scrape lineup: https://www.transfermarkt.co.uk/deportivo-de-la-coruna_real-sociedad/index/spielbericht/2475291
[2352009] Failed to scrape lineup: https://www.transfermarkt.co.uk/aris-thessaloniki_olympiacos-piraeus/index/spielbericht/2352009
[3048442] Could not find attributes for christian ortag (SSV Ulm 1846, 2018)
[3080361] Failed to scrape lineup: https://www.transfermarkt.co.uk/aberdeen-fc_hamilton-academical-fc/index/spielbericht/3080361
[3048442] Failed to build match row: SSV Ulm 1846 vs Eintracht Frankfurt Fußball AG
[2758527] Failed to scrape lineup: https://www.transfermarkt.co.uk/atromitos-athens_asteras-tripolis/index/spielbericht/2758527
[3265541] Could not find attributes for aidan mcadams (Edinburgh City FC, 2019)
[3265541] Failed to build match row: Edinburgh City FC vs Banks O' Dee FC
[2702754] Could not find attributes for issiar dia (AS Nancy-Lorraine, 2016)
[2702754] Failed to build match row: Association sportive de Monaco Football Club vs AS Nancy-Lorraine
[3409221] Failed to scrape lineup: https://www.transfermarkt.co.uk/fc-ufa_spartak-moscow/index/spielbericht/3409221
[2329449] Failed to scrape lineup: https://www.transfermarkt.co.uk/esbjerg-fb_viborg-ff/index/spielbericht/2329449
[3309091] Could not find attributes for christos lisgaras (AO Xanthi, 2019)

Keepers & outfield error for **Villarreal Club de Fútbol S.A.D.** in Villarreal Club de Fútbol S.A.D. vs SD Eibar: Numbers: 0 and 11.
[2718989] Failed to build match row: Villarreal Club de Fútbol S.A.D. vs SD Eibar
[3309091] Failed to build match row: AO Xanthi vs Omilos Filathlon Irakliou FC
[2510838] Failed to scrape lineup: https://www.transfermarkt.co.uk/volyn-lutsk_chornomorets-odesa/index/spielbericht/2510838
[2460775] Failed to scrape lineup: https://www.transfermarkt.co.uk/hertha-bsc_tsg-1899-hoffenheim/index/spielbericht/2460775
[3089717] Could not find attributes for vitaliy yakovlev (Kvant Obninsk, 2018)
[3089717] Failed to build match row: Kvant Obninsk vs Znamya Truda Orekhovo-Zuevo
[2367441] Failed to scrape lineup: https://www.transfermarkt.co.uk/spielbericht/index/spielbericht/2367441
/3210126
[2352010] Failed to scrape lineup: https://www.transfermarkt.co.uk/panionios-athens_skoda-xanthi/index/spielbericht/2352010
[2332213] Failed to scrape lineup: https://www.transfermarkt.co.uk/tottenham-hotspur_everton-fc/index/spielbericht/2332213
[2604324] Failed to scrape lineup: https://www.transfermarkt.co.uk/ssc-napoli_atalanta-bc/index/spielbericht/2604324
[2342544] Could not find attributes for hans hateboer (Football Club Groningen, 2013)
[2342544] Failed to build match row: Football Club Groningen vs Nooit Opgeven Altijd Doorzetten Aangenaam Door Vermaak En Nuttig Door Ontspanning Combinatie Breda
[3309092] Failed to scrape lineup: https://www.transfermarkt.co.uk/panionios-athens_atromitos-athens/index/spielbericht/3309092
[2718990] Failed to scrape lineup: https://www.transfermarkt.co.uk/rcd-espanyol-barcelona_real-betis-balompie/index/spielbericht/2718990
[2460776] Failed to scrape lineup: https://www.transfermarkt.co.uk/sv-werder-bremen_borussia-dortmund/index/spielbericht/2460776
[2423598] Could not find attributes for josh passley (Fulham Football Club, 2013)
[2329450] Could not find attributes for johan bjordal (Aarhus Gymnastik Forening, 2013)
[2423598] Failed to build match row: Fulham Football Club vs Sheffield United
[2653905] Could not find attributes for valtteri moren (SK Beveren, 2015)
[2329450] Failed to build match row: FC Vestsjaelland vs Aarhus Gymnastik Forening
[2653905] Failed to build match row: SK Beveren vs Oud-Heverlee Leuven
[3216212] Could not find attributes for jesse bosch (Football Club Twente, 2019)
[3216212] Failed to build match row: Football Club Twente vs Sparta Rotterdam
[2698335] Could not find attributes for gareth mcauley (West Bromwich Albion, 2016)
[2871498] Failed to scrape lineup: https://www.transfermarkt.co.uk/sc-freiburg_eintracht-frankfurt/index/spielbericht/2871498
[2698335] Failed to build match row: West Bromwich Albion vs Association Football Club Bournemouth
[2580205] Failed to scrape lineup: https://www.transfermarkt.co.uk/spielbericht/index/spielbericht/2580205
[2903789] Could not find attributes for ross mccrorie (Rangers Football Club, 2017)
[2903789] Failed to build match row: Aberdeen Football Club vs Rangers Football Club
[3210127] Failed to scrape lineup: https://www.transfermarkt.co.uk/cd-leganes_valencia-cf/index/spielbericht/3210127
[2475293] Failed to scrape lineup: https://www.transfermarkt.co.uk/villarreal-cf_getafe-cf/index/spielbericht/2475293
[2630398] Could not find attributes for colin williamson (Brora Rangers FC, 2015)
[2630398] Failed to build match row: Brora Rangers FC vs Arbroath FC

Keepers & outfield error for **Futebol Clube de Arouca** in Clube Desportivo de Tondela vs Futebol Clube de Arouca: Numbers: 3 and 8.
[2613593] Failed to build match row: Clube Desportivo de Tondela vs Futebol Clube de Arouca
[2352011] Failed to scrape lineup: https://www.transfermarkt.co.uk/pae-veria_panetolikos-gfs/index/spielbericht/2352011
[2532537] Failed to scrape lineup: https://www.transfermarkt.co.uk/esbjerg-fb_fc-vestsjaelland/index/spielbericht/2532537

Keepers & outfield error for **Royal Sporting Club Anderlecht** in Royal Sporting Club Anderlecht vs Cercle Brugge Koninklijke Sportvereniging: Numbers: 0 and 11.
[2982098] Could not find attributes for ales hruska (FC Viktoria Plzeň, a.s., 2017)
[2982098] Failed to build match row: FC Viktoria Plzeň, a.s. vs Fudbalski Klub Partizan Beograd
portvereniging
[2604325] Failed to scrape lineup: https://www.transfermarkt.co.uk/fc-empoli_bologna-fc-1909/index/spielbericht/2604325

Keepers & outfield error for **SPAL** in SPAL vs Unione Sportiva Sassuolo Calcio: Numbers: 2 and 9.
[2897245] Failed to build match row: SPAL vs Unione Sportiva Sassuolo Calcio
[2342545] Failed to scrape lineup: https://www.transfermarkt.co.uk/psv-eindhoven_feyenoord-rotterdam/index/spielbericht/2342545
[3309093] Failed to scrape lineup: https://www.transfermarkt.co.uk/panetolikos-gfs_aris-thessaloniki/index/spielbericht/3309093
[2724893] Could not find attributes for andrey zaytsev (Vityaz Podolsk, 2016)
[2724893] Failed to build match row: Vityaz Podolsk vs FK Domodedovo (-2017)
[2758528] Could not find attributes for theodoros moschonas (APO Levadiakos Football Club, 2016)
[2758528] Failed to build match row: APO Levadiakos Football Club vs AOK Kerkyra
[2702756] Failed to scrape lineup: https://www.transfermarkt.co.uk/sm-caen_ogc-nice/index/spielbericht/2702756
[2423599] Failed to scrape lineup: https://www.transfermarkt.co.uk/spielbericht/index/spielbericht/2423599
[2329451] Failed to scrape lineup: https://www.transfermarkt.co.uk/sonderjyske_viborg-ff/index/spielbericht/2329451
[2580207] Failed to scrape lineup: https://www.transfermarkt.co.uk/spielbericht/index/spielbericht/2580207
[2698336] Failed to scrape lineup: https://www.transfermarkt.co.uk/leicester-city_stoke-city/index/spielbericht/2698336
[2903790] Failed to scrape lineup: https://www.transfermarkt.co.uk/celtic-fc_motherwell-fc/index/spielbericht/2903790
[2475294] Failed to scrape lineup: https://www.transfermarkt.co.uk/athletic-bilbao_rcd-espanyol-barcelona/index/spielbericht/2475294
[2613594] Failed to scrape lineup: https://www.transfermarkt.co.uk/cf-uniao-madeira-2021-_cf-os-belenenses/index/spielbericht/2613594
[2871499] Could not find attributes for matthias lehmann (1. Fußball-Club Köln, 2017)

Keepers & outfield error for **FC Santa Coloma** in FC Santa Coloma vs FC Drita: Numbers: 0 and 11.
[2871499] Failed to build match row: Mönchengladbach vs 1. Fußball-Club Köln
[3050089] Failed to build match row: FC Santa Coloma vs FC Drita
[3058667] Could not find attributes for nassim boujellab (FC Schalke 04, 2018)
[3058667] Failed to build match row: FC Schalke 04 vs Eintracht Frankfurt Fußball AG
[2897246] Failed to scrape lineup: https://www.transfermarkt.co.uk/torino-fc_as-roma/index/spielbericht/2897246
[3089718] Could not find attributes for dmitriy saganovich (Volgar Astrakhan, 2018)
[3309094] Failed to scrape lineup: https://www.transfermarkt.co.uk/aek-athens_olympiacos-piraeus/index/spielbericht/3309094
[2367442] Could not find attributes for artem smirnov (FC Tosno (-2018), 2013)
[2342546] Failed to scrape lineup: https://www.transfermarkt.co.uk/sc-heerenveen_fc-utrecht/index/spielbericht/2342546
[2982099] Could not find attributes for bogdan planic (SC Fotbal Club FCSB SA, 2017)
[3089718] Failed to build match row: Volgar Astrakhan vs Mashuk-KMV Pyatigorsk
[2367442] Failed to build match row: FC Tosno (-2018) vs Dinamo St. Petersburg (-2018)
[2982099] Failed to build match row: Società Sportiva Lazio S.p.A. vs SC Fotbal Club FCSB SA
[3265542] Could not find attributes for shane sutherland (Elgin City FC, 2019)
[3265542] Failed to build match row: Elgin City FC vs Berwick Rangers FC

Keepers & outfield error for **Antequera CF** in CF Talavera de la Reina vs Antequera CF: Numbers: 0 and 11.
[2922691] Failed to build match row: CF Talavera de la Reina vs Antequera CF
[2329452] Could not find attributes for martin dubravka (Esbjerg fB, 2013)
[2329452] Failed to build match row: Aalborg BK vs Esbjerg fB
[3216213] Could not find attributes for sergio padt (Football Club Groningen, 2019)
[3216213] Failed to build match row: Prins Hendrik Ende Desespereert Nimmer Combinatie Zwolle vs Football Club Groningen
[2810025] Failed to scrape lineup: https://www.transfermarkt.co.uk/spielbericht/index/spielbericht/2810025
o Vallecano de Madrid S. A. D.: Numbers: 2 and 9.
[2594660] Failed to build match row: Levante Unión Deportiva S.A.D. vs Rayo Vallecano de Madrid S. A. D.
[3080363] Failed to scrape lineup: https://www.transfermarkt.co.uk/kilmarnock-fc_motherwell-fc/index/spielbericht/3080363
[3050090] Failed to scrape lineup: https://www.transfermarkt.co.uk/spielbericht/index/spielbericht/3050090
[3409222] Could not find attributes for ilya pomazun (Ural Yekaterinburg, 2020)
[2653907] Failed to scrape lineup: https://www.transfermarkt.co.uk/club-brugge-kv_kaa-gent/index/spielbericht/2653907
[3409222] Failed to build match row: Ural Yekaterinburg vs Футбольный клуб "Локомотив" Москва
[3309095] Failed to scrape lineup: https://www.transfermarkt.co.uk/paok-thessaloniki_volos-nps/index/spielbericht/3309095
[2604327] Failed to scrape lineup: https://www.transfermarkt.co.uk/chievo-verona_acf-fiorentina/index/spielbericht/2604327
[3153209] Could not find attributes for sergey pesjakov (FK Rostov, 2018)
[2367443] Failed to scrape lineup: https://www.transfermarkt.co.uk/spielbericht/index/spielbericht/2367443
[3153209] Failed to build match row: FK Rostov vs Arsenal Tula
[2630399] Could not find attributes for josh todd (Annan Athletic FC, 2015)
[2630399] Failed to build match row: Annan Athletic FC vs Berwick Rangers FC
[2510839] Failed to scrape lineup: https://www.transfermarkt.co.uk/illichivets-mariupol_zorya-lugansk/index/spielbericht/2510839
[3265543] Could not find attributes for darryn kelly (Formartine United FC, 2019)
[3265543] Failed to build match row: Formartine United FC vs Gala Fairydean Rovers FC
[2532539] Failed to scrape lineup: https://www.transfermarkt.co.uk/brondby-if_esbjerg-fb/index/spielbericht/2532539
[2580208] Could not find attributes for christofer genestreti (SS Folgore/Falciano, 2015)
[2702758] Failed to scrape lineup: https://www.transfermarkt.co.uk/as-nancy-lorraine_dijon-fco/index/spielbericht/2702758
[2580208] Failed to build match row: SS Folgore/Falciano vs FC Pyunik Yerevan

Keepers & outfield error for **Futbol Club Barcelona** in Futbol Club Barcelona vs Athletic Club Bilbao: Numbers: 2 and 9.
[2367444] Failed to scrape lineup: https://www.transfermarkt.co.uk/spielbericht/index/spielbericht/2367444
[2810026] Failed to build match row: Futbol Club Barcelona vs Athletic Club Bilbao
[3058669] Failed to scrape lineup: https://www.transfermarkt.co.uk/vfb-stuttgart_1-fc-nuremberg/index/spielbericht/3058669
[2653908] Could not find attributes for reginal goreux (Royal Standard Club de Liège, 2015)
[3089719] Could not find attributes for david gigolaev (Druzhba Maikop, 2018)
[3153210] Failed to scrape lineup: https://www.transfermarkt.co.uk/anzhi-makhachkala-2022-_krylya-sovetov-samara/index/spielbericht/3153210
[2653908] Failed to build match row: Royal Standard Club de Liège vs St Truiden
[3089719] Failed to build match row: Druzhba Maikop vs Chernomorets Novorossijsk
[2718991] Failed to scrape lineup: https://www.transfermarkt.co.uk/ca-osasuna_athletic-bilbao/index/spielbericht/2718991
[2532540] Failed to scrape lineup: https://www.transfermarkt.co.uk/aalborg-bk_fc-nordsjaelland/index/spielbericht/2532540
[3265544] Failed to scrape lineup: https://www.transfermarkt.co.uk/spielbericht/index/spielbericht/3265544
[2460777] Could not find attributes for maurice hirsch (Hannover 96, 2014)
[2460777] Failed to build match row: Sport-Club Freiburg vs Hannover 96

Keepers & outfield error for **Rangers Football Club** in Rangers Football Club vs Dundee Football Club: Numbers: 2 and 9.
[3080364] Failed to build match row: Rangers Football Club vs Dundee Football Club
[2884129] Failed to scrape lineup: https://www.transfermarkt.co.uk/akhisarspor_osmanlispor-fk/index/spielbericht/2884129
[2479927] Failed to scrape lineup: https://www.transfermarkt.co.uk/cska-moscow_torpedo-moskau/index/spielbericht/2479927
[2724894] Could not find attributes for aleksandr skvortsov (FC Kaluga, 2016)
[2724894] Failed to build match row: FC Kaluga vs Strogino Moscow

Keepers & outfield error for **Willem II Tilburg** in Willem II Tilburg vs Heracles Almelo: Numbers: 2 and 9.
[3216214] Failed to build match row: Willem II Tilburg vs Heracles Almelo
[2702759] Failed to scrape lineup: https://www.transfermarkt.co.uk/as-saint-etienne_ogc-nice/index/spielbericht/2702759
[2580211] Failed to scrape lineup: https://www.transfermarkt.co.uk/spielbericht/index/spielbericht/2580211
[2982100] Could not find attributes for cosmin moti (Ludogorets Razgrad, 2017)
[2982100] Failed to build match row: Associazione Calcio Milan vs Ludogorets Razgrad
[2423713] Could not find attributes for markos vellidis (PAS Giannina, 2013)
[2423713] Failed to build match row: PAS Giannina vs APO Levadiakos Football Club
[3113771] Failed to scrape lineup: https://www.transfermarkt.co.uk/apo-levadiakos_ofi-crete-fc/index/spielbericht/3113771
[3089873] Failed to scrape lineup: https://www.transfermarkt.co.uk/spielbericht/index/spielbericht/3089873
[3153211] Failed to scrape lineup: https://www.transfermarkt.co.uk/fk-orenburg_dinamo-moscow/index/spielbericht/3153211
[2342548] Could not find attributes for uros matic (Nooit Opgeven Altijd Doorzetten Aangenaam Door Vermaak En Nuttig Door Ontspanning Combinatie Breda, 2013)
[2342548] Failed to build match row: Nooit Opgeven Altijd Doorzetten Aangenaam Door Vermaak En Nuttig Door Ontspanning Combinatie Breda vs RKC Waalwijk
[2532541] Failed to scrape lineup: https://www.transfermarkt.co.uk/fc-midtjylland_sonderjyske/index/spielbericht/2532541
[3058670] Could not find attributes for sebastian langkamp (Sportverein Werder Bremen von 1899, 2018)
[3058670] Failed to build match row: Mönchengladbach vs Sportverein Werder Bremen von 1899
Not enough players found for lineup: 0, 0.

Keepers & outfield error for **Villarreal Club de Fútbol S.A.D.** in Villarreal Club de Fútbol S.A.D. vs Real Sociedad de Fútbol S.A.D.: Numbers: 2 and 9.
[2810027] Failed to build match row: Villarreal Club de Fútbol S.A.D. vs Real Sociedad de Fútbol S.A.D.

Keepers & outfield error for **Alaves** in Real Madrid Club de Fútbol vs Alaves: Numbers: 2 and 9.
[2718992] Failed to build match row: Real Madrid Club de Fútbol vs Alaves
[2698338] Failed to scrape lineup: https://www.transfermarkt.co.uk/manchester-city_manchester-united/index/spielbericht/2698338
[2510840] Could not find attributes for roman mysak (Karpaty Lviv (-2021), 2014)
[2510840] Failed to build match row: Karpaty Lviv (-2021) vs Dnipro Dnipropetrovsk (-2020)
[3223297] Could not find attributes for farouk miya (Konyaspor, 2019)
[3223297] Failed to build match row: Konyaspor vs İstanbul Başakşehir Futbol Kulübü
[2724895] Failed to scrape lineup: https://www.transfermarkt.co.uk/spielbericht/index/spielbericht/2724895
[3050168] Failed to scrape lineup: https://www.transfermarkt.co.uk/afc-bournemouth_cardiff-city/index/spielbericht/3050168
[2884130] Could not find attributes for volkan demirel (Fenerbahçe Spor Kulübü, 2017)
[2884130] Failed to build match row: Fenerbahçe Spor Kulübü vs Konyaspor
[2897248] Failed to scrape lineup: https://www.transfermarkt.co.uk/atalanta-bc_hellas-verona/index/spielbericht/2897248
[2702760] Failed to scrape lineup: https://www.transfermarkt.co.uk/fc-lorient_as-monaco/index/spielbericht/2702760
[2613595] Failed to scrape lineup: https://www.transfermarkt.co.uk/sporting-cp_sl-benfica/index/spielbericht/2613595
[3153212] Failed to scrape lineup: https://www.transfermarkt.co.uk/ural-yekaterinburg_cska-moscow/index/spielbericht/3153212
[2580212] Could not find attributes for sean oneill (Crusaders FC, 2015)
[2580212] Failed to build match row: Crusaders FC vs FCI Levadia
[2982101] Could not find attributes for fabio coentrao (Sporting Clube de Portugal, 2017)
[2982101] Failed to build match row: Sporting Clube de Portugal vs FC Astana
[3113772] Could not find attributes for balazs megyeri (APS Atromitos Athinon, 2018)
[3113772] Failed to build match row: Athlitiki Enosi Konstantinoupoleos vs APS Atromitos Athinon
[2423714] Could not find attributes for Sokratis Dioudis (Aris Thessalonikis, 2013)
[2423714] Failed to build match row: Aris Thessalonikis vs AO Xanthi
[2758529] Could not find attributes for zivko zivkovic (AO Xanthi, 2016)
[2758529] Failed to build match row: Panthessalonikios Athlitikos Omilos Konstantinoupoliton vs AO Xanthi
[3216215] Could not find attributes for george cox (Fortuna Sittardia Combinatie, 2019)
[3265545] Could not find attributes for greg page (Penicuik Athletic FC, 2019)
[3216215] Failed to build match row: Fortuna Sittardia Combinatie vs Sportclub Heerenveen
[3265545] Failed to build match row: Penicuik Athletic FC vs Stenhousemuir FC
[2604328] Could not find attributes for gianluigi donnarumma (Associazione Calcio Milan, 2015)
[2604328] Failed to build match row: Associazione Calcio Milan vs Frosinone Calcio

Keepers & outfield error for **St. Johnstone FC** in St. Johnstone FC vs Hibernian Football Club: Numbers: 0 and 11.
[3080365] Failed to build match row: St. Johnstone FC vs Hibernian Football Club
[3309096] Could not find attributes for konstantinos theodoropoulos (PAS Lamia 1964, 2019)
[3309096] Failed to build match row: PAS Lamia 1964 vs A.G.S Asteras Tripolis
[3409223] Could not find attributes for giorgiy shelia (RFK Akhmat Grozny, 2020)
[3409223] Failed to build match row: RFK Akhmat Grozny vs Rotor Volgograd

Keepers & outfield error for **CD Leganés** in Real Sociedad de Fútbol S.A.D. vs CD Leganés: Numbers: 2 and 9.
[2718993] Failed to build match row: Real Sociedad de Fútbol S.A.D. vs CD Leganés
[2724896] Failed to scrape lineup: https://www.transfermarkt.co.uk/spielbericht/index/spielbericht/2724896
[3223298] Could not find attributes for zoran kvrzic (Kayserispor Kulübü, 2019)
[3223298] Failed to build match row: Kayserispor Kulübü vs Gaziantep Futbol Kulübü A.Ş.
[2897249] Failed to scrape lineup: https://www.transfermarkt.co.uk/bologna-fc-1909_ss-lazio/index/spielbericht/2897249
[2630400] Could not find attributes for scott mercer (East Fife FC, 2015)
[2630400] Failed to build match row: East Fife FC vs Stirling Albion FC
[2653909] Could not find attributes for hamdi harbaoui (KSC Lokeren (- 2020), 2015)
[2653909] Failed to build match row: KSC Lokeren (- 2020) vs KV Oostende
[2580213] Failed to scrape lineup: https://www.transfermarkt.co.uk/spielbericht/index/spielbericht/2580213
[3113773] Failed to scrape lineup: https://www.transfermarkt.co.uk/paok-thessaloniki_panetolikos-gfs/index/spielbericht/3113773
[2982102] Failed to scrape lineup: https://www.transfermarkt.co.uk/spielbericht/index/spielbericht/2982102
[2423715] Failed to scrape lineup: https://www.transfermarkt.co.uk/ofi-crete-fc_panathinaikos-athens/index/spielbericht/2423715
[2342549] Could not find attributes for uros matic (Nooit Opgeven Altijd Doorzetten Aangenaam Door Vermaak En Nuttig Door Ontspanning Combinatie Breda, 2013)
[2342549] Failed to build match row: Eindhovense Voetbalvereniging Philips Sport Vereniging vs Nooit Opgeven Altijd Doorzetten Aangenaam Door Vermaak En Nuttig Door Ontspanning Combinatie Breda
[2479928] Could not find attributes for stipe pletikosa (FK Rostov, 2014)
[2479928] Failed to build match row: FK Dinamo Moskva vs FK Rostov
[3058672] Failed to scrape lineup: https://www.transfermarkt.co.uk/fc-augsburg_tsg-1899-hoffenheim/index/spielbericht/3058672
[2922692] Could not find attributes for samuel llorca (Hércules CF, 2017)
[2922692] Failed to build match row: Hércules CF vs CF Lorca Deportiva
[2604329] Failed to scrape lineup: https://www.transfermarkt.co.uk/us-sassuolo_hellas-verona/index/spielbericht/2604329
[3265546] Failed to scrape lineup: https://www.transfermarkt.co.uk/spielbericht/index/spielbericht/3265546
[3216216] Failed to scrape lineup: https://www.transfermarkt.co.uk/vvv-venlo_fc-utrecht/index/spielbericht/3216216
[3309599] Failed to scrape lineup: https://www.transfermarkt.co.uk/spielbericht/index/spielbericht/3309599
[2884167] Could not find attributes for josip elez (Hrvatski Nogometni Klub Rijeka, 2017)
[2884167] Failed to build match row: Hrvatski Nogometni Klub Rijeka vs The New Saints
[2594663] Failed to scrape lineup: https://www.transfermarkt.co.uk/valencia-cf_rayo-vallecano/index/spielbericht/2594663
[2586982] Failed to scrape lineup: https://www.transfermarkt.co.uk/ea-guingamp_fc-lorient/index/spielbericht/2586982
[2897250] Failed to scrape lineup: https://www.transfermarkt.co.uk/cagliari-calcio_benevento-calcio/index/spielbericht/2897250
[3223299] Could not find attributes for afriyie acquah (Yeni Malatyaspor, 2019)
[3223299] Failed to build match row: Yeni Malatyaspor vs Beşiktaş Jimnastik Kulübü
[3153213] Could not find attributes for egor baburin (FC Rubin Kazan, 2018)
[2698339] Could not find attributes for gareth mcauley (West Bromwich Albion, 2016)
[3153213] Failed to build match row: FC Rubin Kazan vs FK Rostov
[2698339] Failed to build match row: West Bromwich Albion vs Southampton FC
[2630401] Failed to scrape lineup: https://www.transfermarkt.co.uk/spielbericht/index/spielbericht/2630401
[2580214] Failed to scrape lineup: https://www.transfermarkt.co.uk/spielbericht/index/spielbericht/2580214
[2423716] Failed to scrape lineup: https://www.transfermarkt.co.uk/olympiacos-piraeus_panetolikos-gfs/index/spielbericht/2423716
[3409224] Could not find attributes for anton shunin (FK Dinamo Moskva, 2020)
[3409224] Failed to build match row: FK Dinamo Moskva vs FK Rostov
[2702761] Could not find attributes for jeremy morel (Olympique Lyonnais, 2016)
[2702761] Failed to build match row: Lille Olympique Sporting Club vs Olympique Lyonnais
[2653910] Could not find attributes for david hubert (Royal Excel Mouscron (-2022), 2015)
[2653910] Failed to build match row: Koninklijke Atletiek Associatie Gent vs Royal Excel Mouscron (-2022)
[2758530] Could not find attributes for dimitrios kyriakidis (Panetolikos Agrinio, 2016)
[2758530] Failed to build match row: Panetolikos Agrinio vs Panathinaikos Athlitikos Omilos
[2532542] Could not find attributes for mads schafer bak (Hobro IK, 2014)
[2532542] Failed to build match row: Football Club København vs Hobro IK
[2510841] Could not find attributes for maksim startsev (Metalurg Zaporizhya (-2016), 2014)
[2510841] Failed to build match row: Metalurg Zaporizhya (-2016) vs Metalurg Donetsk (- 2015)
[2884168] Failed to scrape lineup: https://www.transfermarkt.co.uk/spielbericht/index/spielbericht/2884168
[2486498] Could not find attributes for kasper schmeichel (Leicester City, 2014)
[2486498] Failed to build match row: Leicester City vs Arsenal Football Club
[3309703] Could not find attributes for nikolaos korovesis (Omilos Filathlon Irakliou FC, 2019)
[3309703] Failed to build match row: Omilos Filathlon Irakliou FC vs Athlitiki Enosi Larisas

Keepers & outfield error for **Deportivo de La Coruña** in Alaves vs Deportivo de La Coruña: Numbers: 0 and 11.
[2810028] Failed to build match row: Alaves vs Deportivo de La Coruña
[3223300] Could not find attributes for taylan antalyali (Galatasaray Spor Kulübü, 2019)
[3223300] Failed to build match row: MKE Ankaragücü vs Galatasaray Spor Kulübü

Keepers & outfield error for **Málaga CF** in Málaga CF vs Club Atlético de Madrid S.A.D.: Numbers: 0 and 11.
[2718994] Failed to build match row: Málaga CF vs Club Atlético de Madrid S.A.D.
[2460779] Could not find attributes for christian schulz (Hannover 96, 2014)
[2460779] Failed to build match row: FC Schalke 04 vs Hannover 96

Keepers & outfield error for **1. Fußball- und Sportverein Mainz 05** in FC Schalke 04 vs 1. Fußball- und Sportverein Mainz 05: Numbers: 2 and 9.
[3203477] Failed to build match row: FC Schalke 04 vs 1. Fußball- und Sportverein Mainz 05
[3409225] Could not find attributes for mikhail kerzhakov (AO FK Zenit Sankt-Peterburg, 2020)
[3409225] Failed to build match row: AO FK Zenit Sankt-Peterburg vs PFK CSKA Moskva

Keepers & outfield error for **Levante Unión Deportiva S.A.D.** in Levante Unión Deportiva S.A.D. vs Athletic Club Bilbao: Numbers: 0 and 11.
[3210128] Failed to build match row: Levante Unión Deportiva S.A.D. vs Athletic Club Bilbao
[3113774] Could not find attributes for nikolaos melissas (PAS Lamia 1964, 2018)
[3113774] Failed to build match row: PAS Lamia 1964 vs A.G.S Asteras Tripolis

Keepers & outfield error for **Chelsea Football Club** in Chelsea Football Club vs Manchester United Football Club: Numbers: 2 and 9.
[2332218] Failed to build match row: Chelsea Football Club vs Manchester United Football Club
[2329454] Could not find attributes for khalid boulahrouz (Brøndby Idrætsforening, 2013)
[2329454] Failed to build match row: Brøndby Idrætsforening vs Fodbold Club Midtjylland
[2724897] Could not find attributes for soslanbek arshiev (Znamya Truda Orekhovo-Zuevo, 2016)
[2724897] Failed to build match row: Znamya Truda Orekhovo-Zuevo vs Torpedo Vladimir

Keepers & outfield error for **Celta** in Celta vs Valencia Club de Fútbol S. A. D.: Numbers: 0 and 11.
[2810029] Failed to build match row: Celta vs Valencia Club de Fútbol S. A. D.
[2532543] Could not find attributes for eggert gunnthor jonsson (FC Vestsjaelland, 2014)
[2532543] Failed to build match row: FC Vestsjaelland vs Silkeborg Idrætsforening
[3153214] Could not find attributes for mikhail levashov (Arsenal Tula, 2018)
[3153214] Failed to build match row: Arsenal Tula vs Enisey Krasnoyarsk
[2884169] Could not find attributes for gunnar nielsen (FH Hafnarfjördur, 2017)
[2423717] Failed to scrape lineup: https://www.transfermarkt.co.uk/ael-kalloni_asteras-tripolis/index/spielbericht/2423717
[2884169] Failed to build match row: FH Hafnarfjördur vs Víkingur Gøta
[2903791] Could not find attributes for Jamie Brandon (Heart of Midlothian Football Club, 2017)
[2903791] Failed to build match row: Heart of Midlothian Football Club vs Hamilton Academical FC
[3265547] Could not find attributes for blair carswell (The Spartans FC, 2019)

Keepers & outfield error for **RasenBallsport Leipzig** in FC Schalke 04 vs RasenBallsport Leipzig: Numbers: 0 and 11.
[3265547] Failed to build match row: The Spartans FC vs Queen's Park FC

Keepers & outfield error for **Fulham Football Club** in Fulham Football Club vs Crystal Palace Football Club: Numbers: 0 and 11.
[2871500] Failed to build match row: FC Schalke 04 vs RasenBallsport Leipzig
[3050169] Failed to build match row: Fulham Football Club vs Crystal Palace Football Club
[2630402] Could not find attributes for richie wilkes (Lothian Thistle Hutchison Vale FC, 2015)
[2630402] Failed to build match row: Lothian Thistle Hutchison Vale FC vs Montrose FC
[3153215] Could not find attributes for aleksandr belenov (FK Ufa, 2018)
[3153215] Failed to build match row: FK Ufa vs RFK Akhmat Grozny
[2479930] Could not find attributes for vitaliy denisov (Футбольный клуб "Локомотив" Москва, 2014)
[2479930] Failed to build match row: Футбольный клуб "Локомотив" Москва vs FK Krasnodar
[2613597] Could not find attributes for mohcine hassan (Vitória Setúbal FC, 2015)
[2613597] Failed to build match row: Vitória Setúbal FC vs Moreirense Futebol Clube
[2423718] Could not find attributes for athanasios panteliadis (Apollon Smyrnis, 2013)
[2423718] Failed to build match row: Apollon Smyrnis vs APS Atromitos Athinon
[2332219] Could not find attributes for nabil bentaleb (Tottenham Hotspur Football Club, 2013)
[2332219] Failed to build match row: Tottenham Hotspur Football Club vs Manchester City Football Club
[3069972] Could not find attributes for ondrej celustka (Antalyaspor, 2018)
[3069972] Failed to build match row: Antalyaspor vs Erzurumspor FK

Keepers & outfield error for **Sporting Clube de Braga** in Sporting Clube de Braga vs Olympique de Marseille: Numbers: 2 and 9.
[2982103] Failed to build match row: Sporting Clube de Braga vs Olympique de Marseille
[3309704] Could not find attributes for christos lisgaras (AO Xanthi, 2019)
[3309704] Failed to build match row: Olympiakos Syndesmos Filathlon Peiraios vs AO Xanthi
[3080366] Could not find attributes for vaclav hladky (Saint Mirren Football Club, 2018)
[3080366] Failed to build match row: Saint Mirren Football Club vs Livingston Football Club
[2922693] Could not find attributes for aitor aldalur (Racing Ferrol, 2017)
[2922693] Failed to build match row: Real Murcia CF vs Racing Ferrol
[3265548] Could not find attributes for blair currie (Stirling Albion FC, 2019)
[2594664] Failed to scrape lineup: https://www.transfermarkt.co.uk/celta-de-vigo_levante-ud/index/spielbericht/2594664
[3265548] Failed to build match row: Stirling Albion FC vs Strathspey Thistle FC
[2586983] Failed to scrape lineup: https://www.transfermarkt.co.uk/estac-troyes_olympique-lyon/index/spielbericht/2586983

Keepers & outfield error for **Vitória Sport Clube** in Académica Coimbra vs Vitória Sport Clube: Numbers: 0 and 11.
[2613598] Failed to build match row: Académica Coimbra vs Vitória Sport Clube
[2718996] Could not find attributes for andreas pereira (Granada CF, 2016)
[2718996] Failed to build match row: Granada CF vs Futbol Club Barcelona
[2698340] Failed to scrape lineup: https://www.transfermarkt.co.uk/swansea-city_middlesbrough-fc/index/spielbericht/2698340
[3069973] Could not find attributes for iasmin latovlevici (Bursaspor, 2018)
[3069973] Failed to build match row: Bursaspor vs Akhisarspor
[2423719] Could not find attributes for georgios kantimiris (Veria NPS, 2013)
[2423719] Failed to build match row: Veria NPS vs Panthrakikos Komotini
[2702762] Failed to scrape lineup: https://www.transfermarkt.co.uk/olympique-marseille_sm-caen/index/spielbericht/2702762
[2758531] Could not find attributes for andreas gianniotis (Panionios Athens, 2016)
[2758531] Failed to build match row: Panionios Athens vs Veria NPS
[2510842] Failed to scrape lineup: https://www.transfermarkt.co.uk/vorskla-poltava_goverla-uzhgorod-2016-/index/spielbericht/2510842

Keepers & outfield error for **Rio Ave Futebol Clube** in Rio Ave Futebol Clube vs Leixões SC: Numbers: 0 and 11.
[2923567] Failed to build match row: Rio Ave Futebol Clube vs Leixões SC
[2486499] Failed to scrape lineup: https://www.transfermarkt.co.uk/arsenal-fc_manchester-city/index/spielbericht/2486499
[2423720] Could not find attributes for nikolaos papadopoulos (Panionios Athens, 2013)
[2423720] Failed to build match row: Panionios Athens vs GS Ergotelis
[3069974] Could not find attributes for bulent cevahir (Yeni Malatyaspor, 2018)
[3069974] Failed to build match row: Yeni Malatyaspor vs Kasımpaşa A.Ş.
[2613599] Could not find attributes for emmanuel hackman (Boavista FC, 2015)
[2613599] Failed to build match row: Boavista FC vs Clube Desportivo Nacional
[2510843] Could not find attributes for sergiy pogorilyi (Metalist Kharkiv (- 2016), 2014)
[2510843] Failed to build match row: Metalist Kharkiv (- 2016) vs FC Shakhtar Donetsk
[2352012] Could not find attributes for giannis siderakis (AEL Kalloni, 2013)
[2352012] Failed to build match row: AEL Kalloni vs Aris Thessalonikis
[3113775] Failed to scrape lineup: https://www.transfermarkt.co.uk/olympiacos-piraeus_panathinaikos-fc/index/spielbericht/3113775
[3265549] Could not find attributes for callum downie (University of Stirling FC, 2019)
[3058674] Failed to scrape lineup: https://www.transfermarkt.co.uk/vfl-wolfsburg_hannover-96/index/spielbericht/3058674
[2897253] Failed to scrape lineup: https://www.transfermarkt.co.uk/genoa-cfc_ssc-napoli/index/spielbericht/2897253
[3265549] Failed to build match row: University of Stirling FC vs Linlithgow Rose FC
[3239021] Failed to scrape lineup: https://www.transfermarkt.co.uk/pfc-lviv_olimpik-donetsk/index/spielbericht/3239021

Keepers & outfield error for **Getafe Club de Fútbol S. A. D. Team Dubai** in Getafe Club de Fútbol S. A. D. Team Dubai vs Espanol: Numbers: 2 and 9.
[2594665] Failed to build match row: Getafe Club de Fútbol S. A. D. Team Dubai vs Espanol

Keepers & outfield error for **Sporting Clube de Braga** in CF Os Belenenses vs Sporting Clube de Braga: Numbers: 2 and 9.
[2724898] Failed to scrape lineup: https://www.transfermarkt.co.uk/spielbericht/index/spielbericht/2724898
[2480116] Failed to build match row: CF Os Belenenses vs Sporting Clube de Braga
[2923568] Could not find attributes for uri rosell (Portimonense SC, 2017)
[2923568] Failed to build match row: Sporting Clube de Braga vs Portimonense SC
[2810030] Failed to scrape lineup: https://www.transfermarkt.co.uk/spielbericht/index/spielbericht/2810030

Keepers & outfield error for **Deportivo de La Coruña** in Valencia Club de Fútbol S. A. D. vs Deportivo de La Coruña: Numbers: 2 and 9.
[2718997] Failed to build match row: Valencia Club de Fútbol S. A. D. vs Deportivo de La Coruña
[2532796] Failed to scrape lineup: https://www.transfermarkt.co.uk/spielbericht/index/spielbericht/2532796
[2982113] Could not find attributes for badereddine benaachour (Wydad Casablanca, 2017)
[2982113] Failed to build match row: Wydad Casablanca vs Urawa Red Diamonds
[2475295] Could not find attributes for loukas vyntra (Levante Unión Deportiva S.A.D., 2014)
[2475295] Failed to build match row: Levante Unión Deportiva S.A.D. vs Valencia Club de Fútbol S. A. D.
[2653912] Failed to scrape lineup: https://www.transfermarkt.co.uk/oud-heverlee-leuven_ksc-lokeren-2020-/index/spielbericht/2653912
[2884182] Failed to scrape lineup: https://www.transfermarkt.co.uk/spielbericht/index/spielbericht/2884182
[2423721] Could not find attributes for antonis georgallidis (AO Platanias, 2013)
[2423721] Failed to build match row: AO Platanias vs Panthessalonikios Athlitikos Omilos Konstantinoupoliton
[2604332] Failed to scrape lineup: https://www.transfermarkt.co.uk/us-palermo_uc-sampdoria/index/spielbericht/2604332
Not enough players found for lineup: 0, 0.
[2367572] Failed to scrape lineup: https://www.transfermarkt.co.uk/spielbericht/index/spielbericht/2367572
[3050170] Failed to scrape lineup: https://www.transfermarkt.co.uk/huddersfield-town_chelsea-fc/index/spielbericht/3050170
[2871501] Failed to scrape lineup: https://www.transfermarkt.co.uk/hamburger-sv_fc-augsburg/index/spielbericht/2871501
[2581148] Failed to scrape lineup: https://www.transfermarkt.co.uk/borussia-dortmund_borussia-monchengladbach/index/spielbericht/2581148
[3223302] Failed to scrape lineup: https://www.transfermarkt.co.uk/trabzonspor_konyaspor/index/spielbericht/3223302
[2329456] Failed to scrape lineup: https://www.transfermarkt.co.uk/esbjerg-fb_sonderjyske/index/spielbericht/2329456
[2613600] Could not find attributes for ricardo ferreira (Sporting Clube de Braga, 2015)
[2613600] Failed to build match row: Sporting Clube de Braga vs Futebol Clube do Porto
[2352013] Could not find attributes for Sokratis Dioudis (Aris Thessalonikis, 2013)
[2352013] Failed to build match row: Aris Thessalonikis vs Panthrakikos Komotini
[2810264] Could not find attributes for elliott frear (Motherwell Football Club, 2016)
[2810264] Failed to build match row: Aberdeen Football Club vs Motherwell Football Club
[2630513] Failed to scrape lineup: https://www.transfermarkt.co.uk/spielbericht/index/spielbericht/2630513
[3153216] Failed to scrape lineup: https://www.transfermarkt.co.uk/lokomotiv-moscow_fk-krasnodar/index/spielbericht/3153216
[2342550] Could not find attributes for geoffrey castillion (Nijmegen Eendracht Combinatie, 2013)
[2342550] Failed to build match row: AFC Ajax Amsterdam vs Nijmegen Eendracht Combinatie
[2332220] Failed to scrape lineup: https://www.transfermarkt.co.uk/cardiff-city_norwich-city/index/spielbericht/2332220
[2758532] Could not find attributes for konstantinos peristeridis (PAS Giannina, 2016)
[2758532] Failed to build match row: PAS Giannina vs AO Platanias
[3058675] Could not find attributes for peter pekarik (Hertha BSC, 2018)
[3058675] Failed to build match row: Turn- und Sportgemeinschaft 1899 Hoffenheim Fußball-Spielbetriebs vs Hertha BSC

Keepers & outfield error for **FC Paços de Ferreira** in FC Paços de Ferreira vs Futebol Clube do Porto: Numbers: 2 and 9.
[2923569] Failed to build match row: FC Paços de Ferreira vs Futebol Clube do Porto
[3069975] Could not find attributes for leonard zuta (Konyaspor, 2018)
[3069975] Failed to build match row: Konyaspor vs Galatasaray Spor Kulübü

Keepers & outfield error for **Celta** in Celta vs Futbol Club Barcelona: Numbers: 0 and 11.
[2982129] Failed to build match row: Celta vs Futbol Club Barcelona
[2718998] Could not find attributes for florian lejeune (SD Eibar, 2016)

Keepers & outfield error for **Manchester City Football Club** in Manchester City Football Club vs Chelsea Football Club: Numbers: 2 and 9.
umbers: 2 and 9.
[2718998] Failed to build match row: SD Eibar vs UD Las Palmas
[2423908] Failed to build match row: Manchester City Football Club vs Chelsea Football Club
[3210130] Failed to build match row: Sevilla Fútbol Club S.A.D. vs Real Club Deportivo Mallorca S.A.D.
[2871502] Could not find attributes for julian korb (Hannover 96, 2017)
[2871502] Failed to build match row: 1. Fußball- und Sportverein Mainz 05 vs Hannover 96
[2702764] Could not find attributes for stephane sessegnon (Montpellier HSC, 2016)
[2702764] Failed to build match row: SC Bastia vs Montpellier HSC
[2329457] Could not find attributes for mostm (Odense Boldklub, 2013)
[2329457] Failed to build match row: Odense Boldklub vs Randers Fodbold Club
[2352014] Failed to build match row: PAS Giannina vs GS Ergotelis
[3223303] Could not find attributes for atinc nukan (Göztepe Sportif Yatırımlar A.Ş., 2019)

Keepers & outfield error for **KV Oostende** in KV Oostende vs KSC Lokeren (- 2020): Numbers: 2 and 9.

Keepers & outfield error for **West Ham United Football Club** in Liverpool Football Club vs West Ham United Football Club: Numbers: 2 and 9.
[2630698] Failed to build match row: KV Oostende vs KSC Lokeren (- 2020)
[3223303] Failed to build match row: Galatasaray Spor Kulübü vs Göztepe Sportif Yatırımlar A.Ş.
[3050171] Failed to build match row: Liverpool Football Club vs West Ham United Football Club
[2758533] Could not find attributes for zivko zivkovic (AO Xanthi, 2016)
[3203479] Failed to scrape lineup: https://www.transfermarkt.co.uk/rb-leipzig_fc-schalke-04/index/spielbericht/3203479
[2613601] Could not find attributes for mauricio antonio (CS Marítimo, 2015)

Keepers & outfield error for **SPAL** in Juventus Football Club vs SPAL: Numbers: 2 and 9.
[2758533] Failed to build match row: AO Xanthi vs APS Atromitos Athinon
Not enough players found for lineup: 0, 0.
[2613601] Failed to build match row: FC Paços de Ferreira vs CS Marítimo
[2897255] Failed to build match row: Juventus Football Club vs SPAL
[3409235] Could not find attributes for ilya pomazun (Ural Yekaterinburg, 2020)
[2367573] Failed to scrape lineup: https://www.transfermarkt.co.uk/spielbericht/index/spielbericht/2367573
[3409235] Failed to build match row: Ural Yekaterinburg vs FK Krasnodar
[2724899] Could not find attributes for aleksey dugnist (Zvezda St. Petersburg, 2016)
[2460780] Failed to scrape lineup: https://www.transfermarkt.co.uk/bayer-04-leverkusen_borussia-dortmund/index/spielbericht/2460780
[2724899] Failed to build match row: Zvezda St. Petersburg vs Dinamo St. Petersburg (-2018)
[2884183] Could not find attributes for arsen beglaryan (Alashkert Yerevan FC, 2017)
[2884183] Failed to build match row: Alashkert Yerevan FC vs BATE Borisov
[3153217] Could not find attributes for nikolay rasskazov (FK Spartak Moskva, 2018)
[3153217] Failed to build match row: FK Spartak Moskva vs AO FK Zenit Sankt-Peterburg
[2342552] Could not find attributes for hans hateboer (Football Club Groningen, 2013)
[2342552] Failed to build match row: Football Club Groningen vs Heracles Almelo
[2653914] Could not find attributes for valtteri moren (SK Beveren, 2015)
[2653914] Failed to build match row: Koninklijke Racing Club Genk vs SK Beveren

Keepers & outfield error for **Granada CF** in SD Eibar vs Granada CF: Numbers: 0 and 11.
[2594667] Failed to build match row: SD Eibar vs Granada CF
[3216218] Could not find attributes for george cox (Fortuna Sittardia Combinatie, 2019)
[3216218] Failed to build match row: Heracles Almelo vs Fortuna Sittardia Combinatie
[3239033] Could not find attributes for simone moschin (FC Pro Vercelli 1892, 2019)
[3239033] Failed to build match row: Ascoli Calcio vs FC Pro Vercelli 1892
[2586986] Could not find attributes for paul baysse (Olympique Gymnaste Club Nice Côte d'Azur, 2015)
[2586986] Failed to build match row: Olympique Gymnaste Club Nice Côte d'Azur vs Lille Olympique Sporting Club
[3069976] Could not find attributes for serdar tasci (İstanbul Başakşehir Futbol Kulübü, 2018)
[3069976] Failed to build match row: İstanbul Başakşehir Futbol Kulübü vs Göztepe Sportif Yatırımlar A.Ş.

Keepers & outfield error for **Sport Lisboa e Benfica** in Vitória Setúbal FC vs Sport Lisboa e Benfica: Numbers: 2 and 9.
[2923570] Failed to build match row: Vitória Setúbal FC vs Sport Lisboa e Benfica
[2758534] Could not find attributes for giannis arampatzis (AOK Kerkyra, 2016)
[2758534] Failed to build match row: AOK Kerkyra vs PAS Giannina
[2329458] Could not find attributes for patrick banggaard (Fodbold Club Midtjylland, 2013)
[2329458] Failed to build match row: Fodbold Club Midtjylland vs Football Club København
[3210131] Could not find attributes for moi gomez (Villarreal Club de Fútbol S.A.D., 2019)
[3210131] Failed to build match row: Villarreal Club de Fútbol S.A.D. vs Real Sociedad de Fútbol S.A.D.

Keepers & outfield error for **Vitória Sport Clube** in Vitória Sport Clube vs Rio Ave Futebol Clube: Numbers: 2 and 9.
[3265550] Could not find attributes for jake williamson (Clachnacuddin FC, 2019)
[2718999] Could not find attributes for darko brasanac (Real Betis Balompié S.A.D., 2016)
[3309705] Could not find attributes for hugo sousa (Aris Thessalonikis, 2019)
[2480117] Failed to build match row: Vitória Sport Clube vs Rio Ave Futebol Clube
[2718999] Failed to build match row: Real Betis Balompié S.A.D. vs Villarreal Club de Fútbol S.A.D.
[3309705] Failed to build match row: Aris Thessalonikis vs Panionios Athens
[3265550] Failed to build match row: Clachnacuddin FC vs Brora Rangers FC
[2884184] Could not find attributes for atli gregersen (Víkingur Gøta, 2017)
[2884184] Failed to build match row: Víkingur Gøta vs FH Hafnarfjördur
[3069977] Could not find attributes for david braz (Sivasspor, 2018)
[3069977] Failed to build match row: Sivasspor vs İstanbul Başakşehir Futbol Kulübü
[2352015] Could not find attributes for athanasios panteliadis (Apollon Smyrnis, 2013)
[2352015] Failed to build match row: Apollon Smyrnis vs PAS Giannina
[3216219] Could not find attributes for sergio padt (Football Club Groningen, 2019)
[3216219] Failed to build match row: Football Club Groningen vs Vitesse Arnhem
[2367574] Could not find attributes for pablo crespo (CD Tropezón, 2013)
[2367574] Failed to build match row: CD Tropezón vs CD Tuilla
[3203480] Could not find attributes for oscar wendt (Mönchengladbach, 2019)
[3203480] Failed to build match row: Turn- und Sportgemeinschaft 1899 Hoffenheim Fußball-Spielbetriebs vs Mönchengladbach
[2724900] Could not find attributes for kirill volkov (FK Dolgoprudnyi, 2016)
[2724900] Failed to build match row: FK Dolgoprudnyi vs Chertanovo Moscow
[2758535] Could not find attributes for huanderson (Iraklis Thessaloniki, 2016)
[2758535] Failed to build match row: Iraklis Thessaloniki vs Panionios Athens
[2329459] Could not find attributes for pierre kanstrup (Sønderjyske Fodbold, 2013)
[2329459] Failed to build match row: Sønderjyske Fodbold vs Fodbold Club Midtjylland
[3058678] Could not find attributes for steven zuber (Verein für Bewegungsspiele Stuttgart 1893, 2018)
[3058678] Failed to build match row: Verein für Bewegungsspiele Stuttgart 1893 vs Bayer 04 Leverkusen Fußball
[2982304] Could not find attributes for louis ramsay (Woking FC, 2017)
[3153218] Could not find attributes for sergey ryzhikov (PFK Krylya Sovetov Samara, 2018)
[2982304] Failed to build match row: Peterborough United vs Woking FC
[3153218] Failed to build match row: PFK Krylya Sovetov Samara vs Arsenal Tula
[3409236] Could not find attributes for ilya lantratov (FC Khimki (-2025), 2020)
[3409236] Failed to build match row: FC Khimki (-2025) vs RFK Akhmat Grozny
[2423909] Could not find attributes for stefan scougall (Sheffield United, 2013)
[2423909] Failed to build match row: Sheffield United vs Nottingham Forest Football Club
[2532969] Could not find attributes for marco storari (Juventus Football Club, 2014)
[2532969] Failed to build match row: Juventus Football Club vs Associazione Calcio Fiorentina
Not enough players found for lineup: 0, 0.
[3265765] Failed to scrape lineup: https://www.transfermarkt.co.uk/spielbericht/index/spielbericht/3265765
[3240341] Could not find attributes for matteo battistini (Aurora Pro Patria, 2019)
[2510860] Could not find attributes for jordan cranston (Notts County, 2014)
[2510860] Failed to build match row: Accrington Stanley vs Notts County
[3240341] Failed to build match row: Spezia Calcio vs Aurora Pro Patria

Keepers & outfield error for **Willem II Tilburg** in Eindhovense Voetbalvereniging Philips Sport Vereniging vs Willem II Tilburg: Numbers: 2 and 9.
[3216220] Failed to build match row: Eindhovense Voetbalvereniging Philips Sport Vereniging vs Willem II Tilburg
[3080370] Could not find attributes for steve lawson (Livingston Football Club, 2018)
[3080370] Failed to build match row: Livingston Football Club vs St. Johnstone FC

Keepers & outfield error for **Sporting Gijón** in Real Madrid Club de Fútbol vs Sporting Gijón: Numbers: 2 and 9.
[2594669] Failed to build match row: Real Madrid Club de Fútbol vs Sporting Gijón
[3409237] Could not find attributes for artur nigmatullin (Arsenal Tula, 2020)
[3409237] Failed to build match row: Arsenal Tula vs FK Dinamo Moskva
[2352016] Could not find attributes for theodoros tripotseris (Omilos Filathlon Irakliou FC, 2013)
[2352016] Failed to build match row: Omilos Filathlon Irakliou FC vs Veria NPS
[2653916] Could not find attributes for reginal goreux (Royal Standard Club de Liège, 2015)
[2653916] Failed to build match row: Koninklijke Voetbal Club Westerlo vs Royal Standard Club de Liège

Keepers & outfield error for **Granada CF** in Granada CF vs UD Almería: Numbers: 0 and 11.
[2475297] Failed to build match row: Granada CF vs UD Almería
[2871505] Failed to scrape lineup: https://www.transfermarkt.co.uk/sc-freiburg_rb-leipzig/index/spielbericht/2871505
[2594670] Failed to scrape lineup: https://www.transfermarkt.co.uk/ud-las-palmas_atletico-de-madrid/index/spielbericht/2594670

Keepers & outfield error for **Paris Saint-Germain Football Club** in Rennes vs Paris Saint-Germain Football Club: Numbers: 2 and 9.
[2586988] Failed to build match row: Rennes vs Paris Saint-Germain Football Club
[2897257] Failed to scrape lineup: https://www.transfermarkt.co.uk/us-sassuolo_udinese-calcio/index/spielbericht/2897257
[2352017] Failed to scrape lineup: https://www.transfermarkt.co.uk/apo-levadiakos_gs-ergotelis/index/spielbericht/2352017
[2653917] Failed to scrape lineup: https://www.transfermarkt.co.uk/sint-truidense-vv_kv-mechelen/index/spielbericht/2653917
[3050173] Could not find attributes for moussa sissoko (Tottenham Hotspur Football Club, 2018)
[3050173] Failed to build match row: Newcastle United Football Club vs Tottenham Hotspur Football Club

Keepers & outfield error for **FC Penafiel** in FC Penafiel vs Clube Desportivo Nacional: Numbers: 2 and 9.
[2480118] Failed to build match row: FC Penafiel vs Clube Desportivo Nacional
[2594671] Failed to scrape lineup: https://www.transfermarkt.co.uk/rayo-vallecano_celta-de-vigo/index/spielbericht/2594671
[3153219] Could not find attributes for yuriy nesterenko (Enisey Krasnoyarsk, 2018)
[3153219] Failed to build match row: Enisey Krasnoyarsk vs FC Rubin Kazan
[2586989] Failed to scrape lineup: https://www.transfermarkt.co.uk/fc-toulouse_montpellier-hsc/index/spielbericht/2586989
[2342553] Could not find attributes for athanasios karagounis (Prins Hendrik Ende Desespereert Nimmer Combinatie Zwolle, 2013)
[2342553] Failed to build match row: Football Club Twente vs Prins Hendrik Ende Desespereert Nimmer Combinatie Zwolle
[2897258] Failed to scrape lineup: https://www.transfermarkt.co.uk/benevento-calcio_ss-lazio/index/spielbericht/2897258
[2352018] Failed to scrape lineup: https://www.transfermarkt.co.uk/panionios-athens_paok-thessaloniki/index/spielbericht/2352018
[3080371] Could not find attributes for jake hastie (Motherwell Football Club, 2018)
[3080371] Failed to build match row: Motherwell Football Club vs Hamilton Academical FC
[2698345] Could not find attributes for jose cholevas (Watford FC, 2016)
[2758536] Could not find attributes for cyril kali (Veria NPS, 2016)
s Watford FC
[2758536] Failed to build match row: Veria NPS vs Panthessalonikios Athlitikos Omilos Konstantinoupoliton
[3058679] Could not find attributes for ja cheol koo (Fußball-Club Augsburg 1907, 2018)
[3058679] Failed to build match row: Eintracht Frankfurt Fußball AG vs Fußball-Club Augsburg 1907
[3113776] Could not find attributes for michalis kyrgias (Apollon Smyrnis, 2018)
[3113776] Failed to build match row: Panathinaikos Athlitikos Omilos vs Apollon Smyrnis
[3210134] Could not find attributes for ansu fati (Futbol Club Barcelona, 2019)
[3210134] Failed to build match row: Futbol Club Barcelona vs Club Atlético Osasuna

Keepers & outfield error for **Gil Vicente Futebol Clube** in Gil Vicente Futebol Clube vs Académica Coimbra: Numbers: 2 and 9.

Keepers & outfield error for **Chelsea Football Club** in West Bromwich Albion vs Chelsea Football Club: Numbers: 2 and 9.
[3409238] Could not find attributes for mikhail kerzhakov (AO FK Zenit Sankt-Peterburg, 2020)
[2480119] Failed to build match row: Gil Vicente Futebol Clube vs Académica Coimbra
[2510861] Could not find attributes for godfrey poku (AFC Telford United, 2014)
b
[3409238] Failed to build match row: AO FK Zenit Sankt-Peterburg vs PFK Tambov (-2021)
[2329460] Could not find attributes for johan bjordal (Aarhus Gymnastik Forening, 2013)
[2510861] Failed to build match row: AFC Telford United vs Basingstoke Town
[2329460] Failed to build match row: Aalborg BK vs Aarhus Gymnastik Forening

Keepers & outfield error for **Celta** in Rayo Vallecano de Madrid S. A. D. vs Celta: Numbers: 0 and 11.
[2475298] Failed to build match row: Rayo Vallecano de Madrid S. A. D. vs Celta
[3153220] Could not find attributes for anton shunin (FK Dinamo Moskva, 2018)
[3216221] Could not find attributes for joey veerman (Sportclub Heerenveen, 2019)
[3153220] Failed to build match row: FK Dinamo Moskva vs Футбольный клуб "Локомотив" Москва
[2702767] Could not find attributes for yannis salibur (EA Guingamp, 2016)
[3216221] Failed to build match row: Sportclub Heerenveen vs VVV-Venlo
[2724901] Could not find attributes for danijel zagorac (NK Lokomotiva Zagreb, 2016)
[2702767] Failed to build match row: EA Guingamp vs FC Girondins Bordeaux
[2724901] Failed to build match row: NK Lokomotiva Zagreb vs Vorskla Poltava
[2630700] Could not find attributes for david hubert (Royal Excel Mouscron (-2022), 2015)
[2630700] Failed to build match row: Oud-Heverlee Leuven vs Royal Excel Mouscron (-2022)
[2586990] Could not find attributes for kamil grosicki (Rennes, 2015)
[2586990] Failed to build match row: Angers Sporting Club de l'Ouest vs Rennes
[3058680] Failed to scrape lineup: https://www.transfermarkt.co.uk/sv-werder-bremen_sc-freiburg/index/spielbericht/3058680
[3080372] Failed to scrape lineup: https://www.transfermarkt.co.uk/st-mirren-fc_kilmarnock-fc/index/spielbericht/3080372
[3113777] Could not find attributes for nikolaos papadopoulos (A.G.S Asteras Tripolis, 2018)
[3113777] Failed to build match row: A.G.S Asteras Tripolis vs Athlitiki Enosi Larisas

Keepers & outfield error for **Alaves** in Real Betis Balompié S.A.D. vs Alaves: Numbers: 0 and 11.
[2604334] Could not find attributes for albano bizzarri (Chievo Verona, 2015)
[3210135] Failed to build match row: Real Betis Balompié S.A.D. vs Alaves
[2604334] Failed to build match row: Associazione Sportiva Roma vs Chievo Verona
[2532971] Failed to scrape lineup: https://www.transfermarkt.co.uk/spielbericht/index/spielbericht/2532971
[2342554] Could not find attributes for prince gouano (RKC Waalwijk, 2013)
[2342554] Failed to build match row: Feyenoord Rotterdam vs RKC Waalwijk
[2510862] Failed to scrape lineup: https://www.transfermarkt.co.uk/spielbericht/index/spielbericht/2510862
[2654219] Failed to scrape lineup: https://www.transfermarkt.co.uk/spielbericht/index/spielbericht/2654219
[2329461] Failed to scrape lineup: https://www.transfermarkt.co.uk/randers-fc_fc-vestsjaelland/index/spielbericht/2329461
[2486506] Failed to scrape lineup: https://www.transfermarkt.co.uk/liverpool-fc_aston-villa/index/spielbericht/2486506
[3113778] Could not find attributes for dimitrios kyriakidis (Panetolikos Agrinio, 2018)
[3113778] Failed to build match row: Panetolikos Agrinio vs Athlitiki Enosi Konstantinoupoleos
[2352019] Could not find attributes for anastasios papazoglou (Olympiakos Syndesmos Filathlon Peiraios, 2013)
[2352019] Failed to build match row: Olympiakos Syndesmos Filathlon Peiraios vs APO Levadiakos Football Club
[3153221] Could not find attributes for evgeniy gorodov (RFK Akhmat Grozny, 2018)
[3153221] Failed to build match row: RFK Akhmat Grozny vs FK Spartak Moskva

Keepers & outfield error for **CD Leganés** in CD Leganés vs Real Madrid Club de Fútbol: Numbers: 3 and 8.
[2719002] Failed to build match row: CD Leganés vs Real Madrid Club de Fútbol
[2654236] Failed to scrape lineup: https://www.transfermarkt.co.uk/spielbericht/index/spielbericht/2654236
[2510863] Could not find attributes for glenn wilson (Aldershot Town, 2014)
[2510863] Failed to build match row: Aldershot Town vs Portsmouth FC
[2480120] Could not find attributes for pintassilgo (Futebol Clube de Arouca, 2014)
[2758537] Could not find attributes for theodoros moschonas (APO Levadiakos Football Club, 2016)
[2758537] Failed to build match row: APO Levadiakos Football Club vs Athlitiki Enosi Larisas
[2702772] Could not find attributes for stephane sessegnon (Montpellier HSC, 2016)
[2702772] Failed to build match row: Montpellier HSC vs AS Nancy-Lorraine
[3409239] Could not find attributes for mario fernandes (PFK CSKA Moskva, 2020)
[3409239] Failed to build match row: PFK CSKA Moskva vs FC Rubin Kazan

Keepers & outfield error for **Crewe Alexandra** in Crewe Alexandra vs Blackburn Rovers: Numbers: 2 and 9.
[2982306] Failed to build match row: Crewe Alexandra vs Blackburn Rovers
[2613614] Failed to scrape lineup: https://www.transfermarkt.co.uk/cs-maritimo_boavista-fc/index/spielbericht/2613614
[2884185] Could not find attributes for mark haughey (Linfield FC, 2017)
[2884185] Failed to build match row: The Celtic Football Club vs Linfield FC

Keepers & outfield error for **1. Fußball- und Sportverein Mainz 05** in 1. Fußball- und Sportverein Mainz 05 vs Verein für Leibesübungen Wolfsburg: Numbers: 2 and 9.
[3203482] Failed to build match row: 1. Fußball- und Sportverein Mainz 05 vs Verein für Leibesübungen Wolfsburg
[3210136] Could not find attributes for nemanja radoja (Levante Unión Deportiva S.A.D., 2019)
[3210136] Failed to build match row: Celta vs Levante Unión Deportiva S.A.D.
[3113779] Could not find attributes for zivko zivkovic (AO Xanthi, 2018)
[3058681] Could not find attributes for hendrik weydandt (Hannover 96, 2018)
[3113779] Failed to build match row: Panthessalonikios Athlitikos Omilos Konstantinoupoliton vs AO Xanthi
[3058681] Failed to build match row: Hannover 96 vs Mönchengladbach

Keepers & outfield error for **Sport Lisboa e Benfica** in Sport Lisboa e Benfica vs Vitória Setúbal FC: Numbers: 2 and 9.
[2532981] Failed to build match row: Sport Lisboa e Benfica vs Vitória Setúbal FC
[3050175] Could not find attributes for etienne capoue (Watford FC, 2018)
[3050175] Failed to build match row: Watford FC vs Brighton and Hove Albion Football Club
[2510864] Failed to scrape lineup: https://www.transfermarkt.co.uk/spielbericht/index/spielbericht/2510864
[2475300] Failed to scrape lineup: https://www.transfermarkt.co.uk/atletico-de-madrid_deportivo-de-la-coruna/index/spielbericht/2475300
[3153222] Could not find attributes for sergey pesjakov (FK Rostov, 2018)
[3153222] Failed to build match row: FK Rostov vs Ural Yekaterinburg
[3216224] Could not find attributes for crysencio summerville (ADO Den Haag, 2019)
[3216224] Failed to build match row: Sparta Rotterdam vs ADO Den Haag

Keepers & outfield error for **Futebol Clube do Porto** in Futebol Clube do Porto vs Sport Lisboa e Benfica: Numbers: 0 and 11.
[2329462] Could not find attributes for khalid boulahrouz (Brøndby Idrætsforening, 2013)
[2480121] Failed to build match row: Futebol Clube do Porto vs Sport Lisboa e Benfica
[2329462] Failed to build match row: Fodbold Club Nordsjælland vs Brøndby Idrætsforening
[2758538] Could not find attributes for brown ideye (Olympiakos Syndesmos Filathlon Peiraios, 2016)
[2758538] Failed to build match row: Olympiakos Syndesmos Filathlon Peiraios vs Athlitiki Enosi Konstantinoupoleos
[3080373] Could not find attributes for steve lawson (Livingston Football Club, 2018)
[3080373] Failed to build match row: Aberdeen Football Club vs Livingston Football Club
[2342555] Could not find attributes for bartholomew ogbeche (SC Cambuur Leeuwarden, 2013)
[2342555] Failed to build match row: SC Cambuur Leeuwarden vs ADO Den Haag

Keepers & outfield error for **Vitória Sport Clube** in Vitória Sport Clube vs FC Paços de Ferreira: Numbers: 0 and 11.
[2613615] Failed to build match row: Vitória Sport Clube vs FC Paços de Ferreira

Keepers & outfield error for **Verona Hellas Football Club** in Verona Hellas Football Club vs Football Club Internazionale Milano S.p.A.: Numbers: 0 and 11.
[2486507] Could not find attributes for niko kranjcar (Queens Park Rangers, 2014)
[2897260] Failed to build match row: Verona Hellas Football Club vs Football Club Internazionale Milano S.p.A.
[2486507] Failed to build match row: Manchester United Football Club vs Queens Park Rangers
[3203483] Could not find attributes for stephan lichtsteiner (Fußball-Club Augsburg 1907, 2019)
[3203483] Failed to build match row: Fußball-Club Augsburg 1907 vs Bayer 04 Leverkusen Fußball
[2352020] Could not find attributes for luigi cennamo (APS Atromitos Athinon, 2013)
[2352020] Failed to build match row: APS Atromitos Athinon vs Olympiakos Syndesmos Filathlon Peiraios
[3058682] Failed to scrape lineup: https://www.transfermarkt.co.uk/fortuna-dusseldorf_bayern-munich/index/spielbericht/3058682
[2871507] Failed to scrape lineup: https://www.transfermarkt.co.uk/bayern-munich_sv-werder-bremen/index/spielbericht/2871507
[2702773] Could not find attributes for younes belhanda (Olympique Gymnaste Club Nice Côte d'Azur, 2016)
[2702773] Failed to build match row: Olympique Gymnaste Club Nice Côte d'Azur vs SC Bastia
[2423913] Could not find attributes for glenn loovens (Sheffield Wednesday, 2013)
[2423913] Failed to build match row: Sheffield Wednesday vs Charlton Athletic
[2329463] Could not find attributes for johan bjordal (Aarhus Gymnastik Forening, 2013)
[2329463] Failed to build match row: Aarhus Gymnastik Forening vs Odense Boldklub
[2630702] Could not find attributes for danijel milicevic (Koninklijke Atletiek Associatie Gent, 2015)
[2630702] Failed to build match row: Koninklijke Atletiek Associatie Gent vs Club Brugge Koninklijke Voetbalvereniging
[3080374] Could not find attributes for martin woods (Dundee Football Club, 2018)
[3080374] Failed to build match row: Dundee Football Club vs The Celtic Football Club
[2613616] Could not find attributes for Jubal (Futebol Clube de Arouca, 2015)
[2613616] Failed to build match row: Futebol Clube de Arouca vs Vitória Setúbal FC
ttgart 1893, 2015)
[2923572] Could not find attributes for christophe nduwarugira (CF União Madeira (-2021), 2017)
[2581152] Failed to build match row: Verein für Bewegungsspiele Stuttgart 1893 vs 1. Fußball-Club Köln
[2923572] Failed to build match row: CF União Madeira (-2021) vs CF Os Belenenses
[3113780] Could not find attributes for markos vellidis (PAS Giannina, 2018)
[3113780] Failed to build match row: PAS Giannina vs APO Levadiakos Football Club
[3409240] Could not find attributes for aleksandr dovbnya (Rotor Volgograd, 2020)
[3409240] Failed to build match row: Rotor Volgograd vs FK Sochi
[2475301] Could not find attributes for ion ansotegi (Real Sociedad de Fútbol S.A.D., 2014)
[2475301] Failed to build match row: Real Sociedad de Fútbol S.A.D. vs Elche Club de Fútbol S.A.D.
[2423914] Failed to scrape lineup: https://www.transfermarkt.co.uk/spielbericht/index/spielbericht/2423914
[2510865] Could not find attributes for sonny miles (Maidstone United, 2014)
[2510865] Failed to build match row: Maidstone United vs Stevenage FC
[2586992] Could not find attributes for mouhamadou dabo (ESTAC Troyes, 2015)
[2586992] Failed to build match row: Football Club Lorient-Bretagne Sud vs ESTAC Troyes
[2702774] Could not find attributes for jeremy morel (Olympique Lyonnais, 2016)
[2702774] Failed to build match row: Olympique Lyonnais vs Paris Saint-Germain Football Club
[3058683] Could not find attributes for nassim boujellab (FC Schalke 04, 2018)
[3058683] Failed to build match row: 1.FC Nuremberg vs FC Schalke 04
[2630703] Could not find attributes for igor de camargo (Koninklijke Racing Club Genk, 2015)
[2630703] Failed to build match row: Koninklijke Racing Club Genk vs Royal Standard Club de Liège
[2352021] Could not find attributes for andre bikey (Panetolikos Agrinio, 2013)
[2758539] Could not find attributes for zeca (Panathinaikos Athlitikos Omilos, 2016)
[2758539] Failed to build match row: Panathinaikos Athlitikos Omilos vs A.G.S Asteras Tripolis
Panetolikos Agrinio
[3153223] Could not find attributes for aleksandr anyukov (AO FK Zenit Sankt-Peterburg, 2018)
[3153223] Failed to build match row: AO FK Zenit Sankt-Peterburg vs FC Orenburg

Keepers & outfield error for **Hull City** in Hull City vs West Ham United Football Club: Numbers: 0 and 11.
[2460782] Failed to scrape lineup: https://www.transfermarkt.co.uk/1-fsv-mainz-05_sc-paderborn-07/index/spielbericht/2460782
[2486508] Failed to build match row: Hull City vs West Ham United Football Club
[3203484] Could not find attributes for vladimir darida (Hertha BSC, 2019)
[3203484] Failed to build match row: 1. Fußball-Club Köln vs Hertha BSC
[2329464] Could not find attributes for patrick banggaard (Fodbold Club Midtjylland, 2013)
[2329464] Failed to build match row: Fodbold Club Midtjylland vs FC Vestsjaelland
[2884192] Could not find attributes for mark stafford (Linfield FC, 2017)
[2884192] Failed to build match row: Linfield FC vs The Celtic Football Club
[3266292] Failed to scrape lineup: https://www.transfermarkt.co.uk/spielbericht/index/spielbericht/3266292
[3309706] Failed to scrape lineup: https://www.transfermarkt.co.uk/asteras-tripolis_panetolikos-gfs/index/spielbericht/3309706
[3069978] Failed to scrape lineup: https://www.transfermarkt.co.uk/mke-ankaragucu_caykur-rizespor/index/spielbericht/3069978
[2724902] Could not find attributes for vladimir boljevic (AEK Larnaca, 2016)
[2724902] Failed to build match row: AEK Larnaca vs FK Spartak Moskva
[2533038] Could not find attributes for sebastian bartolini (Iraklis Thessaloniki, 2014)
[3050177] Could not find attributes for glenn murray (Brighton and Hove Albion Football Club, 2018)
[2533038] Failed to build match row: Iraklis Thessaloniki vs Panionios Athens
[3050177] Failed to build match row: Brighton and Hove Albion Football Club vs Manchester United Football Club

Keepers & outfield error for **Málaga CF** in Sporting Gijón vs Málaga CF: Numbers: 0 and 11.
[2486509] Could not find attributes for niko kranjcar (Queens Park Rangers, 2014)
[3113781] Could not find attributes for balazs megyeri (APS Atromitos Athinon, 2018)
[2486509] Failed to build match row: Queens Park Rangers vs Stoke City
[2719004] Failed to build match row: Sporting Gijón vs Málaga CF
[3113781] Failed to build match row: APS Atromitos Athinon vs Olympiakos Syndesmos Filathlon Peiraios
[2811644] Could not find attributes for angelos vertzos (AO Trikala, 2016)
[2811644] Failed to build match row: AO Trikala vs A.G.S Asteras Tripolis
[3409241] Could not find attributes for aleksandr belenov (FK Ufa, 2020)
[3409241] Failed to build match row: FK Ufa vs FK Rostov
[3153224] Could not find attributes for mario fernandes (PFK CSKA Moskva, 2018)
[3153224] Failed to build match row: PFK CSKA Moskva vs FK Ufa

Keepers & outfield error for **Córdoba CF** in Córdoba CF vs Villarreal Club de Fútbol S.A.D.: Numbers: 0 and 11.
[2475302] Failed to build match row: Córdoba CF vs Villarreal Club de Fútbol S.A.D.
[3069979] Failed to build match row: Erzurumspor FK vs Bursaspor

Keepers & outfield error for **SD Eibar** in SD Eibar vs Real Valladolid CF: Numbers: 3 and 8.
[3210137] Failed to build match row: SD Eibar vs Real Valladolid CF
[2486510] Failed to scrape lineup: https://www.transfermarkt.co.uk/aston-villa_arsenal-fc/index/spielbericht/2486510
[2811645] Failed to scrape lineup: https://www.transfermarkt.co.uk/spielbericht/index/spielbericht/2811645
[3113782] Could not find attributes for georgios strezos (Omilos Filathlon Irakliou FC, 2018)
[3113782] Failed to build match row: Omilos Filathlon Irakliou FC vs Aris Thessalonikis
[3080375] Failed to build match row: Hamilton Academical FC vs Heart of Midlothian Football Club
[2352022] Could not find attributes for dino seremet (Panthrakikos Komotini, 2013)
[2352022] Failed to build match row: Panthrakikos Komotini vs AO Xanthi
[3223304] Could not find attributes for gelmin rivas (MKE Ankaragücü, 2019)
[3223304] Failed to build match row: MKE Ankaragücü vs Antalyaspor
[3266294] Could not find attributes for kevin ray mendoza (HB Köge, 2019)
[3266294] Failed to build match row: HB Köge vs Aalborg BK
[3089874] Could not find attributes for artem zagrebin (Luki-Energia Velikie Luki, 2018)
[3089874] Failed to build match row: Luki-Energia Velikie Luki vs Chertanovo Moscow
[2758540] Could not find attributes for dimitrios sotiriou (AO Platanias, 2016)
[2758540] Failed to build match row: AO Platanias vs Panetolikos Agrinio

Keepers & outfield error for **Boavista FC** in Vitória Setúbal FC vs Boavista FC: Numbers: 0 and 11.
[2480122] Failed to build match row: Vitória Setúbal FC vs Boavista FC
[2630705] Failed to scrape lineup: https://www.transfermarkt.co.uk/kvc-westerlo_kv-kortrijk/index/spielbericht/2630705
[3210138] Failed to scrape lineup: https://www.transfermarkt.co.uk/getafe-cf_atletico-de-madrid/index/spielbericht/3210138
[2486511] Failed to scrape lineup: https://www.transfermarkt.co.uk/burnley-fc_sunderland-afc/index/spielbericht/2486511
[3309707] Could not find attributes for balazs megyeri (APS Atromitos Athinon, 2019)
[3309707] Failed to build match row: APS Atromitos Athinon vs Athlitiki Enosi Konstantinoupoleos
[3216227] Could not find attributes for miquel nelom (Willem II Tilburg, 2019)
[3216227] Failed to build match row: Willem II Tilburg vs Football Club Utrecht
[3113783] Failed to scrape lineup: https://www.transfermarkt.co.uk/panionios-athens_pas-lamia-1964/index/spielbericht/3113783
[3069980] Could not find attributes for zeki yavru (Akhisarspor, 2018)
[3069980] Failed to build match row: Akhisarspor vs Yeni Malatyaspor
[2724903] Could not find attributes for gordan bunoza (Pandurii Targu Jiu (- 2022), 2016)
[2724903] Failed to build match row: Pandurii Targu Jiu (- 2022) vs Maccabi Tel Aviv
[2811646] Could not find attributes for zivko zivkovic (AO Xanthi, 2016)
[2811646] Failed to build match row: AO Xanthi vs Omilos Filathlon Irakliou FC
[3080376] Could not find attributes for jake hastie (Motherwell Football Club, 2018)
[3080376] Failed to build match row: Hibernian Football Club vs Motherwell Football Club
[3223305] Could not find attributes for flavio ramos (Gençlerbirliği Spor Kulübü, 2019)
[2654330] Failed to scrape lineup: https://www.transfermarkt.co.uk/krylya-sovetov-samara_fc-rostov/index/spielbericht/2654330
[3223305] Failed to build match row: Sivasspor vs Gençlerbirliği Spor Kulübü

Keepers & outfield error for **Futbol Club Barcelona** in Futbol Club Barcelona vs Sevilla Fútbol Club S.A.D.: Numbers: 2 and 9.
[2719005] Failed to build match row: Futbol Club Barcelona vs Sevilla Fútbol Club S.A.D.
[3089875] Could not find attributes for dmitriy tsitsilin (Torpedo Moscow, 2018)
[3089875] Failed to build match row: Torpedo Moscow vs Shinnik Yaroslavl
[2480123] Failed to scrape lineup: https://www.transfermarkt.co.uk/cs-maritimo_estoril-praia/index/spielbericht/2480123
[2897263] Failed to scrape lineup: https://www.transfermarkt.co.uk/as-roma_bologna-fc-1909/index/spielbericht/2897263
[2884386] Could not find attributes for fabio coentrao (Sporting Clube de Portugal, 2017)
[2884386] Failed to build match row: Sporting Clube de Portugal vs Desportivo Aves (- 2020)
[2329466] Could not find attributes for martin dubravka (Esbjerg fB, 2013)
[2329466] Failed to build match row: Odense Boldklub vs Esbjerg fB

Keepers & outfield error for **Fußball-Club Augsburg 1907** in Mönchengladbach vs Fußball-Club Augsburg 1907: Numbers: 2 and 9.
[2486512] Failed to scrape lineup: https://www.transfermarkt.co.uk/newcastle-united_hull-city/index/spielbericht/2486512
[2871510] Failed to build match row: Mönchengladbach vs Fußball-Club Augsburg 1907
[2630706] Could not find attributes for athanasios panteliadis (A.G.S Asteras Tripolis, 2015)
[2630706] Failed to build match row: A.G.S Asteras Tripolis vs AO Xanthi
[2586994] Could not find attributes for casimir ninga (Montpellier HSC, 2015)
[2586994] Failed to build match row: Montpellier HSC vs Football Club de Nantes
[2698346] Failed to scrape lineup: https://www.transfermarkt.co.uk/crystal-palace_tottenham-hotspur/index/spielbericht/2698346
[3050178] Could not find attributes for etienne capoue (Watford FC, 2018)
[3050178] Failed to build match row: Burnley Football Club vs Watford FC

Keepers & outfield error for **Olympiakos Syndesmos Filathlon Peiraios** in Olympiakos Syndesmos Filathlon Peiraios vs Athlitiki Enosi Konstantinoupoleos: Numbers: 2 and 9.
[2342557] Failed to scrape lineup: https://www.transfermarkt.co.uk/rkc-waalwijk_sc-heerenveen/index/spielbericht/2342557
[2533039] Failed to build match row: Olympiakos Syndesmos Filathlon Peiraios vs Athlitiki Enosi Konstantinoupoleos
[3266295] Could not find attributes for johan larsson (Brøndby Idrætsforening, 2019)
[3266295] Failed to build match row: Brøndby Idrætsforening vs Sønderjyske Fodbold

Keepers & outfield error for **Göztepe Sportif Yatırımlar A.Ş.** in Göztepe Sportif Yatırımlar A.Ş. vs Antalyaspor: Numbers: 0 and 11.
[3069981] Failed to build match row: Göztepe Sportif Yatırımlar A.Ş. vs Antalyaspor
[3114071] Could not find attributes for gennadiy ganev (Ingulets Petrove, 2018)
[3114071] Failed to build match row: Ingulets Petrove vs FK Mariupol
[2811647] Could not find attributes for antonis kokkalas (AO Platanias, 2016)
[2811647] Failed to build match row: AO Platanias vs PAS Giannina
[2719006] Failed to scrape lineup: https://www.transfermarkt.co.uk/deportivo-de-la-coruna_granada-cf/index/spielbericht/2719006
[3223306] Could not find attributes for atiba hutchinson (Beşiktaş Jimnastik Kulübü, 2019)
[3223306] Failed to build match row: Beşiktaş Jimnastik Kulübü vs Fenerbahçe Spor Kulübü

Keepers & outfield error for **Sport Lisboa e Benfica** in Sport Lisboa e Benfica vs Clube Desportivo de Tondela: Numbers: 0 and 11.
[2613618] Failed to build match row: Sport Lisboa e Benfica vs Clube Desportivo de Tondela
[3153225] Could not find attributes for matvey safonov (FK Krasnodar, 2018)
[3153225] Failed to build match row: FK Krasnodar vs Anzhi Makhachkala ( -2022)
[2594675] Failed to scrape lineup: https://www.transfermarkt.co.uk/athletic-bilbao_sd-eibar/index/spielbericht/2594675
[2423919] Could not find attributes for josemi (AO Xanthi, 2013)
[2423919] Failed to build match row: AO Xanthi vs PAS Giannina

Keepers & outfield error for **Real Club Deportivo Mallorca S.A.D.** in Real Club Deportivo Mallorca S.A.D. vs Granada CF: Numbers: 2 and 9.
[2871543] Failed to scrape lineup: https://www.transfermarkt.co.uk/borussia-dortmund_hertha-bsc/index/spielbericht/2871543
[3210139] Failed to build match row: Real Club Deportivo Mallorca S.A.D. vs Granada CF

Keepers & outfield error for **Moreirense Futebol Clube** in Sporting Clube de Portugal vs Moreirense Futebol Clube: Numbers: 3 and 8.
[2480124] Failed to build match row: Sporting Clube de Portugal vs Moreirense Futebol Clube
Not enough players found for lineup: 0, 0.
[2367575] Failed to scrape lineup: https://www.transfermarkt.co.uk/spielbericht/index/spielbericht/2367575
[3089876] Could not find attributes for aleksey smirnov (Tekstilshchik Ivanovo, 2018)
[3089876] Failed to build match row: Tekstilshchik Ivanovo vs FC Khimki (-2025)
[3409242] Could not find attributes for fedor smolov (Футбольный клуб "Локомотив" Москва, 2020)
[3409242] Failed to build match row: FK Spartak Moskva vs Футбольный клуб "Локомотив" Москва
[2698347] Failed to scrape lineup: https://www.transfermarkt.co.uk/crystal-palace_arsenal-fc/index/spielbericht/2698347

Keepers & outfield error for **Olympiakos Syndesmos Filathlon Peiraios** in Olympiakos Syndesmos Filathlon Peiraios vs GS Ergotelis: Numbers: 0 and 11.
[2352023] Failed to build match row: Olympiakos Syndesmos Filathlon Peiraios vs GS Ergotelis
[2533040] Failed to scrape lineup: https://www.transfermarkt.co.uk/spielbericht/index/spielbericht/2533040

Keepers & outfield error for **Sporting Clube de Braga** in Sporting Clube de Braga vs Sport Lisboa e Benfica: Numbers: 2 and 9.
[2884387] Failed to build match row: Sporting Clube de Braga vs Sport Lisboa e Benfica
[3114072] Could not find attributes for volodymyr krynskyi (Olimpik Donetsk, 2018)
[3114072] Failed to build match row: FC Shakhtar Donetsk vs Olimpik Donetsk
[2630707] Could not find attributes for stelios marangos (Veria NPS, 2015)
[2630707] Failed to build match row: Veria NPS vs APS Atromitos Athinon

Keepers & outfield error for **Celta** in Valencia Club de Fútbol S. A. D. vs Celta: Numbers: 0 and 11.
[2719007] Failed to build match row: Valencia Club de Fútbol S. A. D. vs Celta
[3153480] Could not find attributes for nikolaos papadopoulos (A.G.S Asteras Tripolis, 2018)
[3153480] Failed to build match row: Panathinaikos Athlitikos Omilos vs A.G.S Asteras Tripolis
[3309708] Could not find attributes for bart schenkeveld (Panathinaikos Athlitikos Omilos, 2019)
[3309708] Failed to build match row: Panathinaikos Athlitikos Omilos vs Panthessalonikios Athlitikos Omilos Konstantinoupoliton
[2613619] Failed to scrape lineup: https://www.transfermarkt.co.uk/estoril-praia_sporting-cp/index/spielbericht/2613619
[3216229] Failed to scrape lineup: https://www.transfermarkt.co.uk/twente-enschede-fc_az-alkmaar/index/spielbericht/3216229
[2654331] Could not find attributes for andriy pylyavskyi (FC Rubin Kazan, 2015)
[2654331] Failed to build match row: FC Rubin Kazan vs Kuban Krasnodar (-2018)
[2581153] Failed to scrape lineup: https://www.transfermarkt.co.uk/sv-darmstadt-98_hannover-96/index/spielbericht/2581153
[2724904] Could not find attributes for vladimir kovacevic (Fudbalski Klub Vojvodina, 2016)
[2724904] Failed to build match row: Fudbalski Klub Vojvodina vs Dinamo Minsk
[3409243] Could not find attributes for sergey ryzhikov (PFK Tambov (-2021), 2020)

Keepers & outfield error for **Chelsea Football Club** in Chelsea Football Club vs Manchester City Football Club: Numbers: 2 and 9.
[3409243] Failed to build match row: PFK Tambov (-2021) vs FK Sochi
[2698348] Failed to build match row: Chelsea Football Club vs Manchester City Football Club
[2329467] Could not find attributes for wilton figueiredo (Viborg Fodsports Forening, 2013)
[2329467] Failed to build match row: Viborg Fodsports Forening vs Fodbold Club Nordsjælland
[2884388] Failed to scrape lineup: https://www.transfermarkt.co.uk/cd-tondela_cd-feirense/index/spielbericht/2884388
[2586995] Could not find attributes for paul baysse (Olympique Gymnaste Club Nice Côte d'Azur, 2015)
[2533041] Could not find attributes for charalampos damianakis (Omilos Filathlon Irakliou FC, 2014)
[2586995] Failed to build match row: Olympique de Marseille vs Olympique Gymnaste Club Nice Côte d'Azur
[2533041] Failed to build match row: Omilos Filathlon Irakliou FC vs AO Xanthi
[2702777] Could not find attributes for rod fanni (Olympique de Marseille, 2016)
[2702777] Failed to build match row: Association sportive de Monaco Football Club vs Olympique de Marseille
[3240342] Could not find attributes for massimo bertagnoli (Chievo Verona, 2019)
[3240342] Failed to build match row: Chievo Verona vs Ravenna FC
[2594676] Could not find attributes for jean sylvain babin (Granada CF, 2015)
[2594676] Failed to build match row: Granada CF vs Getafe Club de Fútbol S. A. D. Team Dubai
[2342558] Could not find attributes for geoffrey castillion (Nijmegen Eendracht Combinatie, 2013)
[2342558] Failed to build match row: Nijmegen Eendracht Combinatie vs Football Club Twente
[3069982] Could not find attributes for caner erkin (Beşiktaş Jimnastik Kulübü, 2018)
[3069982] Failed to build match row: Galatasaray Spor Kulübü vs Beşiktaş Jimnastik Kulübü
[3080378] Could not find attributes for vaclav hladky (Saint Mirren Football Club, 2018)
[3080378] Failed to build match row: St. Johnstone FC vs Saint Mirren Football Club
[3203487] Failed to scrape lineup: https://www.transfermarkt.co.uk/bayern-munich_tsg-1899-hoffenheim/index/spielbericht/3203487
[2654332] Could not find attributes for aritm (FK Krasnodar, 2015)
[2654332] Failed to build match row: FK Krasnodar vs AO FK Zenit Sankt-Peterburg
[3409244] Failed to scrape lineup: https://www.transfermarkt.co.uk/arsenal-tula_fc-khimki/index/spielbericht/3409244
[3266296] Could not find attributes for gift links (Aarhus Gymnastik Forening, 2019)
[3266296] Failed to build match row: Aarhus Gymnastik Forening vs Odense Boldklub
[2884389] Failed to scrape lineup: https://www.transfermarkt.co.uk/cf-os-belenenses_rio-ave-fc/index/spielbericht/2884389
[2811648] Could not find attributes for dimitrios kyriakidis (Panetolikos Agrinio, 2016)
[2586996] Failed to scrape lineup: https://www.transfermarkt.co.uk/olympique-lyon_as-saint-etienne/index/spielbericht/2586996
[2811648] Failed to build match row: Panetolikos Agrinio vs Panthessalonikios Athlitikos Omilos Konstantinoupoliton
[2604335] Failed to scrape lineup: https://www.transfermarkt.co.uk/inter-milan_fc-empoli/index/spielbericht/2604335
[3240343] Failed to scrape lineup: https://www.transfermarkt.co.uk/spielbericht/index/spielbericht/3240343
[2342559] Failed to scrape lineup: https://www.transfermarkt.co.uk/ado-den-haag_az-alkmaar/index/spielbericht/2342559
[3089877] Could not find attributes for pavel sergeev (Dinamo Bryansk, 2018)
[3089877] Failed to build match row: Dinamo Bryansk vs Avangard Kursk
[2480133] Could not find attributes for iago santos (Académica Coimbra, 2014)
[2480133] Failed to build match row: Académica Coimbra vs FC Penafiel
[3069983] Could not find attributes for ceyhun gulselam (Alanyaspor, 2018)
[3069983] Failed to build match row: Alanyaspor vs Konyaspor

Keepers & outfield error for **Espanol** in Espanol vs Levante Unión Deportiva S.A.D.: Numbers: 3 and 8.
[3409245] Failed to scrape lineup: https://www.transfermarkt.co.uk/rubin-kazan_fc-ufa/index/spielbericht/3409245
[3210140] Could not find attributes for moi gomez (Villarreal Club de Fútbol S.A.D., 2019)
[3210140] Failed to build match row: Real Madrid Club de Fútbol vs Villarreal Club de Fútbol S.A.D.
Not enough players found for lineup: 0, 0.
[2475304] Failed to build match row: Espanol vs Levante Unión Deportiva S.A.D.
[2923573] Failed to scrape lineup: https://www.transfermarkt.co.uk/spielbericht/index/spielbericht/2923573
[2654333] Could not find attributes for giorgiy shelia (FK Ufa, 2015)
[2654333] Failed to build match row: FK Ufa vs Mordovia Saransk (-2020)
Not enough players found for lineup: 0, 0.
[2884390] Failed to scrape lineup: https://www.transfermarkt.co.uk/boavista-fc_portimonense-sc/index/spielbericht/2884390
[2367576] Failed to scrape lineup: https://www.transfermarkt.co.uk/spielbericht/index/spielbericht/2367576
[3153481] Could not find attributes for markos vellidis (PAS Giannina, 2018)
[3153481] Failed to build match row: PAS Giannina vs APS Atromitos Athinon
[2586997] Failed to scrape lineup: https://www.transfermarkt.co.uk/paris-saint-germain_fc-toulouse/index/spielbericht/2586997
[2702779] Failed to scrape lineup: https://www.transfermarkt.co.uk/sm-caen_ea-guingamp/index/spielbericht/2702779
[3089878] Failed to scrape lineup: https://www.transfermarkt.co.uk/spielbericht/index/spielbericht/3089878
[3114073] Could not find attributes for roman gerych (FK Kalush, 2018)
[3114073] Failed to build match row: FK Kalush vs SC Dnipro-1

Keepers & outfield error for **RasenBallsport Leipzig** in RasenBallsport Leipzig vs Sport-Club Freiburg: Numbers: 0 and 11.
[2871544] Failed to build match row: RasenBallsport Leipzig vs Sport-Club Freiburg
ilos, 2013)
[2352024] Failed to build match row: Panathinaikos Athlitikos Omilos vs Panionios Athens

Keepers & outfield error for **Celta** in Celta vs SD Eibar: Numbers: 0 and 11.
[2719008] Failed to build match row: Celta vs SD Eibar
[2329468] Could not find attributes for johan bjordal (Aarhus Gymnastik Forening, 2013)
[2329468] Failed to build match row: Aarhus Gymnastik Forening vs Sønderjyske Fodbold
[2423921] Could not find attributes for luigi cennamo (APS Atromitos Athinon, 2013)
[2423921] Failed to build match row: APS Atromitos Athinon vs AEL Kalloni
[2533042] Could not find attributes for vangelis pitkas (Apollon Smyrnis, 2014)
[2533042] Failed to build match row: Apollon Smyrnis vs AO Chania
[2613620] Could not find attributes for hicham belkaroui (Clube Desportivo Nacional, 2015)
[3080380] Failed to scrape lineup: https://www.transfermarkt.co.uk/heart-of-midlothian-fc_aberdeen-fc/index/spielbericht/3080380
[3210141] Failed to scrape lineup: https://www.transfermarkt.co.uk/real-sociedad_sevilla-fc/index/spielbericht/3210141
[2613620] Failed to build match row: Clube Desportivo Nacional vs Rio Ave Futebol Clube
[2630708] Could not find attributes for dusan pernis (Iraklis Thessaloniki, 2015)
[2581155] Failed to scrape lineup: https://www.transfermarkt.co.uk/fc-augsburg_hertha-bsc/index/spielbericht/2581155
[2630708] Failed to build match row: Iraklis Thessaloniki vs Panthessalonikios Athlitikos Omilos Konstantinoupoliton
[2510959] Failed to scrape lineup: https://www.transfermarkt.co.uk/spielbericht/index/spielbericht/2510959
[3266297] Could not find attributes for jonathan fischer (Akademisk Boldklub, 2019)
[3266297] Failed to build match row: Akademisk Boldklub vs Esbjerg fB
[2884391] Could not find attributes for nikola maras (GD Chaves, 2017)
[2884391] Failed to build match row: GD Chaves vs Vitória Sport Clube
[3223307] Could not find attributes for gerard gohou (Kasımpaşa A.Ş., 2019)
[3223307] Failed to build match row: Gaziantep Futbol Kulübü A.Ş. vs Kasımpaşa A.Ş.
[2719009] Failed to scrape lineup: https://www.transfermarkt.co.uk/ud-las-palmas_real-betis-balompie/index/spielbericht/2719009
[2329469] Failed to scrape lineup: https://www.transfermarkt.co.uk/fc-copenhagen_odense-boldklub/index/spielbericht/2329469
[2342560] Could not find attributes for bertrand traore (Vitesse Arnhem, 2013)
[2342560] Failed to build match row: Football Club Utrecht vs Vitesse Arnhem
Not enough players found for lineup: 0, 0.
[3114074] Failed to scrape lineup: https://www.transfermarkt.co.uk/spielbericht/index/spielbericht/3114074
[3153482] Failed to build match row: Athlitiki Enosi Larisas vs AO Xanthi
[2486516] Could not find attributes for kasper schmeichel (Leicester City, 2014)
[2486516] Failed to build match row: Leicester City vs Manchester United Football Club
[2758684] Could not find attributes for oleksiy shevchenko (FC Zorya Lugansk, 2016)
[2758684] Failed to build match row: Feyenoord Rotterdam vs FC Zorya Lugansk
[2423922] Could not find attributes for kyriakos stratilatis (APO Levadiakos Football Club, 2013)
[2423922] Failed to build match row: APO Levadiakos Football Club vs Apollon Smyrnis
[3080381] Failed to scrape lineup: https://www.transfermarkt.co.uk/kilmarnock-fc_hamilton-academical-fc/index/spielbericht/3080381

Keepers & outfield error for **SPAL** in SPAL vs Genoa Cricket and Football Club: Numbers: 2 and 9.
[2897265] Failed to build match row: SPAL vs Genoa Cricket and Football Club
[2698350] Could not find attributes for gareth mcauley (West Bromwich Albion, 2016)
[2698350] Failed to build match row: West Bromwich Albion vs Arsenal Football Club

Keepers & outfield error for **Granada CF** in Sevilla Fútbol Club S.A.D. vs Granada CF: Numbers: 0 and 11.
[2475306] Failed to build match row: Sevilla Fútbol Club S.A.D. vs Granada CF
[2630709] Could not find attributes for panagiotis tsintotas (APO Levadiakos Football Club, 2015)
[2510960] Could not find attributes for daryll meggatt (Alloa Athletic FC, 2014)
[3203489] Could not find attributes for stephan lichtsteiner (Fußball-Club Augsburg 1907, 2019)
[3203489] Failed to build match row: Mönchengladbach vs Fußball-Club Augsburg 1907
[3309709] Could not find attributes for athanasios garavelis (Volou Neos Podosferikos Syllogos, 2019)
[2630709] Failed to build match row: APO Levadiakos Football Club vs Panetolikos Agrinio
[3309709] Failed to build match row: Volou Neos Podosferikos Syllogos vs PAS Lamia 1964
[2480134] Could not find attributes for pintassilgo (Futebol Clube de Arouca, 2014)
[2510960] Failed to build match row: Alloa Athletic FC vs Hibernian Football Club
[3266298] Could not find attributes for nemanja cavnic (BK Fremad Amager, 2019)
[3216230] Could not find attributes for jordan spence (ADO Den Haag, 2019)
[2480134] Failed to build match row: Futebol Clube de Arouca vs CS Marítimo
[3216230] Failed to build match row: ADO Den Haag vs Eindhovense Voetbalvereniging Philips Sport Vereniging
[3266298] Failed to build match row: BK Fremad Amager vs AC Horsens
[2811649] Could not find attributes for sokratis dioudis (Aris Thessalonikis, 2016)
[2654334] Could not find attributes for luke wilkshire (RFK Akhmat Grozny, 2015)
[3409246] Could not find attributes for aleksandr dovbnya (Rotor Volgograd, 2020)
[2811649] Failed to build match row: Aris Thessalonikis vs Olympiakos Syndesmos Filathlon Peiraios
[2724906] Could not find attributes for jiri pavlenka (SK Slavia Praha, a.s., 2016)
[2654334] Failed to build match row: RFK Akhmat Grozny vs Футбольный клуб "Локомотив" Москва
Not enough players found for lineup: 0, 0.
[2884392] Could not find attributes for charalampos kyriakou (Grupo Desportivo Estoril Praia, 2017)
[2724906] Failed to build match row: SK Slavia Praha, a.s. vs Rio Ave Futebol Clube
[2367577] Failed to scrape lineup: https://www.transfermarkt.co.uk/spielbericht/index/spielbericht/2367577
[2884392] Failed to build match row: Grupo Desportivo Estoril Praia vs Futebol Clube do Porto
[3089879] Could not find attributes for dmitriy saganovich (Volgar Astrakhan, 2018)
[2604337] Could not find attributes for urby emanuelson (Verona Hellas Football Club, 2015)
[3089879] Failed to build match row: Volgar Astrakhan vs Fakel Voronezh
[2604337] Failed to build match row: Verona Hellas Football Club vs Juventus Football Club
[3114075] Failed to scrape lineup: https://www.transfermarkt.co.uk/spielbericht/index/spielbericht/3114075
[2871545] Could not find attributes for matthias lehmann (1. Fußball-Club Köln, 2017)
[2871545] Failed to build match row: 1. Fußball-Club Köln vs Hamburger Sport Verein

Keepers & outfield error for **UD Almería** in UD Almería vs Rayo Vallecano de Madrid S. A. D.: Numbers: 0 and 11.
[2475307] Failed to build match row: UD Almería vs Rayo Vallecano de Madrid S. A. D.
[2811651] Could not find attributes for stefanos evangelou (Panathinaikos Athlitikos Omilos, 2016)
[2811651] Failed to build match row: Panathinaikos Athlitikos Omilos vs PAE Chania
[3058688] Could not find attributes for hendrik weydandt (Hannover 96, 2018)
[3058688] Failed to build match row: Hertha BSC vs Hannover 96
[2982307] Could not find attributes for matija sarkic (Wigan Athletic, 2017)
[2982307] Failed to build match row: Wigan Athletic vs AFC Fylde
[2613621] Could not find attributes for chidozie awaziem (Futebol Clube do Porto, 2015)
[2613621] Failed to build match row: Futebol Clube do Porto vs CF União Madeira (-2021)
[2342561] Could not find attributes for berry powel (Roda JC Kerkrade, 2013)
[2342561] Failed to build match row: Roda JC Kerkrade vs Football Club Groningen

[2352025] Failed to build match row: AO Platanias vs Omilos Filathlon Irakliou FC
[2329470] Could not find attributes for khalid boulahrouz (Brøndby Idrætsforening, 2013)
[2329470] Failed to build match row: Brøndby Idrætsforening vs Randers Fodbold Club
[2702781] Could not find attributes for issiar dia (AS Nancy-Lorraine, 2016)
[3153483] Could not find attributes for vladimir bajic (APO Levadiakos Football Club, 2018)
[2423923] Could not find attributes for georgios athanasiadis (Panthrakikos Komotini, 2013)
[2702781] Failed to build match row: AS Nancy-Lorraine vs Football Club de Metz
[3153483] Failed to build match row: APO Levadiakos Football Club vs Panetolikos Agrinio
[2423923] Failed to build match row: Panthrakikos Komotini vs AO Platanias
[3240344] Could not find attributes for eugenio lamanna (AC Monza, 2019)

Keepers & outfield error for **Villarreal Club de Fútbol S.A.D.** in Villarreal Club de Fútbol S.A.D. vs Athletic Club Bilbao: Numbers: 0 and 11.
[3240344] Failed to build match row: Benevento Calcio vs AC Monza
[2719010] Failed to build match row: Villarreal Club de Fútbol S.A.D. vs Athletic Club Bilbao
Not enough players found for lineup: 0, 11.
[3114076] Failed to scrape lineup: https://www.transfermarkt.co.uk/spielbericht/index/spielbericht/3114076

Keepers & outfield error for **Cagliari Calcio** in Torino Calcio vs Cagliari Calcio: Numbers: 0 and 11.
[2897266] Failed to build match row: Torino Calcio vs Cagliari Calcio

Keepers & outfield error for **Ural Yekaterinburg** in Ural Yekaterinburg vs FK Dinamo Moskva: Numbers: 2 and 9.
[2654335] Failed to build match row: Ural Yekaterinburg vs FK Dinamo Moskva
[3080382] Could not find attributes for steve lawson (Livingston Football Club, 2018)
[3080382] Failed to build match row: Livingston Football Club vs Hibernian Football Club
[2758685] Failed to build match row: Berner Sport Club Young Boys vs APOEL Nicosia
[2724907] Could not find attributes for miroslav kopric (Birkirkara FC, 2016)
[2724907] Failed to build match row: Birkirkara FC vs FK Krasnodar

Keepers & outfield error for **Sport Lisboa e Benfica** in Sport Lisboa e Benfica vs Gil Vicente Futebol Clube: Numbers: 2 and 9.
[2480135] Failed to build match row: Sport Lisboa e Benfica vs Gil Vicente Futebol Clube
[2352026] Failed to scrape lineup: https://www.transfermarkt.co.uk/pae-veria_panathinaikos-athens/index/spielbericht/2352026

Keepers & outfield error for **Футбольный клуб "Локомотив" Москва** in Футбольный клуб "Локомотив" Москва vs RFK Akhmat Grozny: Numbers: 0 and 11.
[3409247] Failed to build match row: Футбольный клуб "Локомотив" Москва vs RFK Akhmat Grozny
[2811652] Could not find attributes for anestis nastos (Omilos Filathlon Irakliou FC, 2016)
[2811652] Failed to build match row: Omilos Filathlon Irakliou FC vs AO Xanthi

Keepers & outfield error for **Sporting Clube de Portugal** in Sporting Clube de Portugal vs Futebol Clube de Arouca: Numbers: 0 and 11.
[2613623] Failed to build match row: Sporting Clube de Portugal vs Futebol Clube de Arouca

Keepers & outfield error for **Celta** in Celta vs SD Eibar: Numbers: 0 and 11.
[2475308] Failed to build match row: Celta vs SD Eibar
[2702782] Could not find attributes for rod fanni (Olympique de Marseille, 2016)
[2702782] Failed to build match row: AS Saint-Étienne vs Olympique de Marseille
[2533043] Could not find attributes for dimitrios kyriakidis (AO Xanthi, 2014)
[2533043] Failed to build match row: AO Xanthi vs Omilos Filathlon Irakliou FC

Keepers & outfield error for **Alaves** in Espanol vs Alaves: Numbers: 2 and 9.
[2719011] Failed to build match row: Espanol vs Alaves
[3050181] Failed to scrape lineup: https://www.transfermarkt.co.uk/crystal-palace_liverpool-fc/index/spielbericht/3050181
[2511580] Could not find attributes for mohamed el yousfi (Moghreb Atlético Tétouan, 2014)
[2367578] Could not find attributes for mikel martinez (Haro Deportivo, 2013)
y FC
[2367578] Failed to build match row: Haro Deportivo vs Real Oviedo S.A.D.

Keepers & outfield error for **Sporting Gijón** in Sporting Gijón vs Real Sociedad de Fútbol S.A.D.: Numbers: 2 and 9.
[2594679] Failed to build match row: Sporting Gijón vs Real Sociedad de Fútbol S.A.D.
[2724908] Failed to scrape lineup: https://www.transfermarkt.co.uk/spielbericht/index/spielbericht/2724908
[3080383] Could not find attributes for jake hastie (Motherwell Football Club, 2018)
vs FC Paços de Ferreira: Numbers: 2 and 9.
[2480136] Failed to build match row: Sporting Clube de Braga vs FC Paços de Ferreira
[3080383] Failed to build match row: Motherwell Football Club vs St. Johnstone FC
[2352027] Could not find attributes for andre bikey (Panetolikos Agrinio, 2013)
[2352027] Failed to build match row: Panetolikos Agrinio vs Panthrakikos Komotini
[2342562] Could not find attributes for berry powel (Roda JC Kerkrade, 2013)

Keepers & outfield error for **Bologna Football Club 1909** in Bologna Football Club 1909 vs Associazione Calcio Milan: Numbers: 0 and 11.
[2342562] Failed to build match row: Go Ahead Eagles vs Roda JC Kerkrade
[2604339] Failed to build match row: Bologna Football Club 1909 vs Associazione Calcio Milan
[3409248] Could not find attributes for sergey pesjakov (FK Rostov, 2020)
[3409248] Failed to build match row: FK Rostov vs Ural Yekaterinburg
[2613624] Failed to scrape lineup: https://www.transfermarkt.co.uk/cd-tondela_cf-os-belenenses/index/spielbericht/2613624
[3216231] Could not find attributes for tesfaldet tekie (Fortuna Sittardia Combinatie, 2019)
[3216231] Failed to build match row: Fortuna Sittardia Combinatie vs FC Emmen
[2923574] Could not find attributes for mehdi boukassi (UD Oliveirense, 2017)
[3309795] Could not find attributes for matic kotnik (Panionios Athens, 2019)
[2923574] Failed to build match row: UD Oliveirense vs Moreirense Futebol Clube
[2594680] Failed to scrape lineup: https://www.transfermarkt.co.uk/deportivo-de-la-coruna_valencia-cf/index/spielbericht/2594680
[3309795] Failed to build match row: Panionios Athens vs AO Xanthi
[3114077] Could not find attributes for danylo kucher (Girnyk Kryvyi Rig, 2018)
[3114077] Failed to build match row: Girnyk Kryvyi Rig vs PFK Lviv

Keepers & outfield error for **Viborg Fodsports Forening** in Brøndby Idrætsforening vs Viborg Fodsports Forening: Numbers: 2 and 9.
[2329471] Failed to build match row: Brøndby Idrætsforening vs Viborg Fodsports Forening

Keepers & outfield error for **Club de Fútbol Cruz Azul S.A. de C.V.** in Club de Fútbol Cruz Azul S.A. de C.V. vs Western Sydney Wanderers: Numbers: 0 and 11.
[2511581] Failed to build match row: Club de Fútbol Cruz Azul S.A. de C.V. vs Western Sydney Wanderers
Not enough players found for lineup: 0, 0.
[2367579] Failed to scrape lineup: https://www.transfermarkt.co.uk/spielbericht/index/spielbericht/2367579

Keepers & outfield error for **CD Leganés** in Club Atlético Osasuna vs CD Leganés: Numbers: 2 and 9.
[2719012] Failed to build match row: Club Atlético Osasuna vs CD Leganés
[3153484] Could not find attributes for julian cuesta (Aris Thessalonikis, 2018)
[3153484] Failed to build match row: Aris Thessalonikis vs Panionios Athens
[3266503] Failed to scrape lineup: https://www.transfermarkt.co.uk/kv-kortrijk_zulte-waregem/index/spielbericht/3266503
[2480137] Failed to scrape lineup: https://www.transfermarkt.co.uk/estoril-praia_vitoria-guimaraes-sc/index/spielbericht/2480137
[2460783] Could not find attributes for ragnar klavan (Fußball-Club Augsburg 1907, 2014)
[2460783] Failed to build match row: Fußball-Club Augsburg 1907 vs Turn- und Sportgemeinschaft 1899 Hoffenheim Fußball-Spielbetriebs
[3089880] Could not find attributes for vitaliy shilnikov (Syzran-2003, 2018)
[3089880] Failed to build match row: Syzran-2003 vs Rotor Volgograd
[2352028] Failed to scrape lineup: https://www.transfermarkt.co.uk/ofi-crete-fc_panetolikos-gfs/index/spielbericht/2352028
[3058689] Could not find attributes for steven zuber (Verein für Bewegungsspiele Stuttgart 1893, 2018)
[2342565] Failed to scrape lineup: https://www.transfermarkt.co.uk/nac-breda_twente-enschede-fc/index/spielbericht/2342565
[3058689] Failed to build match row: Fußball-Club Augsburg 1907 vs Verein für Bewegungsspiele Stuttgart 1893
[3409249] Could not find attributes for matvey safonov (FK Krasnodar, 2020)
[3409249] Failed to build match row: FK Krasnodar vs PFK CSKA Moskva
[2586999] Could not find attributes for antoine devaux (Stade Reims, 2015)
[2586999] Failed to build match row: Stade Reims vs GFC Ajaccio
[2533044] Could not find attributes for nikolaos papadopoulos (Panionios Athens, 2014)
[2533044] Failed to build match row: Panionios Athens vs Iraklis Thessaloniki
[3080384] Could not find attributes for vaclav hladky (Saint Mirren Football Club, 2018)
[3080384] Failed to build match row: Saint Mirren Football Club vs Dundee Football Club
[3210297] Could not find attributes for zeca (Football Club København, 2019)
[3210297] Failed to build match row: Sønderjyske Fodbold vs Football Club København
[2982310] Could not find attributes for james oates (Hereford FC, 2017)
[2982310] Failed to build match row: Hereford FC vs Fleetwood Town
[3309796] Failed to scrape lineup: https://www.transfermarkt.co.uk/pas-lamia-1964_ae-larisa/index/spielbericht/3309796
[2758686] Could not find attributes for abzal beysebekov (FC Astana, 2016)
[2758686] Failed to build match row: Olympiakos Syndesmos Filathlon Peiraios vs FC Astana
Not enough players found for lineup: 0, 0.
[2367580] Failed to scrape lineup: https://www.transfermarkt.co.uk/spielbericht/index/spielbericht/2367580
[2475310] Could not find attributes for marcos angeleri (Málaga CF, 2014)
[2475310] Failed to build match row: Deportivo de La Coruña vs Málaga CF
[2342566] Could not find attributes for geoffrey castillion (Nijmegen Eendracht Combinatie, 2013)
[3153485] Could not find attributes for yassine meriah (Olympiakos Syndesmos Filathlon Peiraios, 2018)
[2342566] Failed to build match row: Nijmegen Eendracht Combinatie vs SC Cambuur Leeuwarden
[3153485] Failed to build match row: Olympiakos Syndesmos Filathlon Peiraios vs Athlitiki Enosi Konstantinoupoleos
[3240345] Could not find attributes for stefano minelli (Calcio Padova, 2019)
[3240345] Failed to build match row: AS Cittadella vs Calcio Padova
[3114078] Could not find attributes for yevgeniy panchenko (Cherkaskyi Dnipro, 2018)
[3114078] Failed to build match row: Cherkaskyi Dnipro vs Karpaty Lviv (-2021)
[3409250] Could not find attributes for anton shunin (FK Dinamo Moskva, 2020)
[3409250] Failed to build match row: FK Dinamo Moskva vs AO FK Zenit Sankt-Peterburg
[2486520] Failed to scrape lineup: https://www.transfermarkt.co.uk/chelsea-fc_aston-villa/index/spielbericht/2486520
[2511626] Could not find attributes for will snowdon (Bo'ness United FC, 2014)
[2511626] Failed to build match row: Bo'ness United FC vs Arbroath FC
[2654336] Could not find attributes for aleksandr belenov (Kuban Krasnodar (-2018), 2015)
[2654336] Failed to build match row: Kuban Krasnodar (-2018) vs PFK Krylya Sovetov Samara
[2604341] Could not find attributes for michel morganella (Palermo FC, 2015)

Keepers & outfield error for **SPAL** in Atalanta Bergamasca Calcio S.p.a. vs SPAL: Numbers: 2 and 9.
[2897268] Failed to build match row: Atalanta Bergamasca Calcio S.p.a. vs SPAL
[2604341] Failed to build match row: Associazione Calcio Fiorentina vs Palermo FC
[3266504] Could not find attributes for omid ebrahimi (KAS Eupen, 2019)
[3266504] Failed to build match row: KV Oostende vs KAS Eupen
[3309797] Could not find attributes for nikolaos papadopoulos (A.G.S Asteras Tripolis, 2019)
[2613625] Could not find attributes for aymen tahar (Boavista FC, 2015)
[3309797] Failed to build match row: A.G.S Asteras Tripolis vs Aris Thessalonikis
[2613625] Failed to build match row: Boavista FC vs Sport Lisboa e Benfica

Keepers & outfield error for **Levante Unión Deportiva S.A.D.** in Sevilla Fútbol Club S.A.D. vs Levante Unión Deportiva S.A.D.: Numbers: 2 and 9.
[2594682] Failed to build match row: Sevilla Fútbol Club S.A.D. vs Levante Unión Deportiva S.A.D.
[2329473] Could not find attributes for patrick banggaard (Fodbold Club Midtjylland, 2013)
[2329473] Failed to build match row: Fodbold Club Midtjylland vs Randers Fodbold Club
[2460784] Could not find attributes for janek sternberg (Sportverein Werder Bremen von 1899, 2014)
[2460784] Failed to build match row: Sportverein Werder Bremen von 1899 vs Hertha BSC
[2352029] Could not find attributes for spyros risvanis (Panathinaikos Athlitikos Omilos, 2013)
[2352029] Failed to build match row: Panathinaikos Athlitikos Omilos vs AO Xanthi
[3153486] Could not find attributes for giannis kontoes (Apollon Smyrnis, 2018)
[3153486] Failed to build match row: Apollon Smyrnis vs Panthessalonikios Athlitikos Omilos Konstantinoupoliton

Keepers & outfield error for **Vitória Setúbal FC** in Futebol Clube do Porto vs Vitória Setúbal FC: Numbers: 3 and 8.
[2480139] Failed to build match row: Futebol Clube do Porto vs Vitória Setúbal FC
[2342568] Could not find attributes for roland alberg (ADO Den Haag, 2013)
[2342568] Failed to build match row: ADO Den Haag vs Football Club Utrecht
[3216232] Could not find attributes for eli dasa (Vitesse Arnhem, 2019)
[3216232] Failed to build match row: Vitesse Arnhem vs Sportclub Heerenveen
[3409251] Failed to build match row: FC Rubin Kazan vs PFK Tambov (-2021)
[3080385] Could not find attributes for jake hastie (Motherwell Football Club, 2018)
[3080385] Failed to build match row: Aberdeen Football Club vs Motherwell Football Club
[2423924] Could not find attributes for marko scepovic (Olympiakos Syndesmos Filathlon Peiraios, 2013)
[2423924] Failed to build match row: Olympiakos Syndesmos Filathlon Peiraios vs Panionios Athens
[2724909] Could not find attributes for roi kehat (Fußballklub Austria Wien, 2016)
[2724909] Failed to build match row: Fußballklub Austria Wien vs Spartak Trnava
[3050182] Failed to scrape lineup: https://www.transfermarkt.co.uk/everton-fc_southampton-fc/index/spielbericht/3050182
[3240347] Could not find attributes for alessandro farroni (Reggina Calcio, 2019)
[2486521] Could not find attributes for kasper schmeichel (Leicester City, 2014)
[3240347] Failed to build match row: FC Empoli vs Reggina Calcio
[2486521] Failed to build match row: Crystal Palace Football Club vs Leicester City
[3089881] Could not find attributes for maksim shvagirev (Chernomorets Novorossijsk, 2018)
[3089881] Failed to build match row: Chernomorets Novorossijsk vs FK Sochi
[2511627] Could not find attributes for callum reidford (Stirling Albion FC, 2014)
[2511627] Failed to build match row: Stirling Albion FC vs Raith Rovers FC
Not enough players found for lineup: 0, 0.
[2367581] Failed to scrape lineup: https://www.transfermarkt.co.uk/spielbericht/index/spielbericht/2367581
[2613626] Could not find attributes for hicham belkaroui (Clube Desportivo Nacional, 2015)
[2613626] Failed to build match row: Clube Desportivo Nacional vs Vitória Sport Clube
[2811653] Could not find attributes for konstantinos peristeridis (PAS Giannina, 2016)
[2811653] Failed to build match row: PAS Giannina vs AO Platanias
[2533045] Could not find attributes for giannis anestis (Athlitiki Enosi Konstantinoupoleos, 2014)
[2533045] Failed to build match row: Athlitiki Enosi Konstantinoupoleos vs Olympiakos Syndesmos Filathlon Peiraios
[3203492] Could not find attributes for vladimir darida (Hertha BSC, 2019)
[3203492] Failed to build match row: Hertha BSC vs Fortuna Düsseldorf
[2884394] Could not find attributes for bilel aouacheria (Moreirense Futebol Clube, 2017)
[2884394] Failed to build match row: Moreirense Futebol Clube vs Vitória Setúbal FC
[2719015] Could not find attributes for juanpi (Málaga CF, 2016)
[2719015] Failed to build match row: Málaga CF vs Futbol Club Barcelona
[3153487] Could not find attributes for georgios strezos (Omilos Filathlon Irakliou FC, 2018)
[3153487] Failed to build match row: Omilos Filathlon Irakliou FC vs PAS Lamia 1964
[3409252] Could not find attributes for artur nigmatullin (Arsenal Tula, 2020)
[3409252] Failed to build match row: FK Spartak Moskva vs Arsenal Tula

Keepers & outfield error for **Bologna Football Club 1909** in Bologna Football Club 1909 vs FC Crotone: Numbers: 0 and 11.
[2897269] Failed to build match row: Bologna Football Club 1909 vs FC Crotone
[2604342] Could not find attributes for vasyl pryima (Frosinone Calcio, 2015)
[2604342] Failed to build match row: Frosinone Calcio vs Unione Sportiva Sassuolo Calcio
[2654337] Could not find attributes for fatos beqiraj (FK Dinamo Moskva, 2015)
[2654337] Failed to build match row: FK Dinamo Moskva vs RFK Akhmat Grozny
[3240348] Could not find attributes for tommaso cucchietti (FC Südtirol, 2019)
[3309798] Could not find attributes for balazs megyeri (APS Atromitos Athinon, 2019)

Keepers & outfield error for **Hull City** in Hull City vs Manchester City Football Club: Numbers: 0 and 11.
[2581176] Could not find attributes for florian klein (Verein für Bewegungsspiele Stuttgart 1893, 2015)
[2475312] Could not find attributes for ion ansotegi (Real Sociedad de Fútbol S.A.D., 2014)
[3240348] Failed to build match row: Virtus Entella vs FC Südtirol
[2486522] Failed to build match row: Hull City vs Manchester City Football Club
aeus_aek-athens/index/spielbericht/2630710
[2423925] Could not find attributes for georgios bantis (A.G.S Asteras Tripolis, 2013)
[3309798] Failed to build match row: APS Atromitos Athinon vs Olympiakos Syndesmos Filathlon Peiraios
[2475312] Failed to build match row: Villarreal Club de Fútbol S.A.D. vs Real Sociedad de Fútbol S.A.D.
[2581176] Failed to build match row: Hamburger Sport Verein vs Verein für Bewegungsspiele Stuttgart 1893
[2423925] Failed to build match row: A.G.S Asteras Tripolis vs Panathinaikos Athlitikos Omilos
[2811654] Could not find attributes for giannis anestis (Athlitiki Enosi Konstantinoupoleos, 2016)
[2811654] Failed to build match row: Athlitiki Enosi Konstantinoupoleos vs APO Levadiakos Football Club

Keepers & outfield error for **Gil Vicente Futebol Clube** in Gil Vicente Futebol Clube vs Boavista FC: Numbers: 5 and 6.
[2352030] Could not find attributes for luigi cennamo (APS Atromitos Athinon, 2013)
[3216233] Could not find attributes for sergio padt (Football Club Groningen, 2019)
[3216233] Failed to build match row: Sparta Rotterdam vs Football Club Groningen
[2352030] Failed to build match row: APS Atromitos Athinon vs Panthrakikos Komotini
[2512193] Failed to build match row: Gil Vicente Futebol Clube vs Boavista FC
[3114079] Could not find attributes for danila sagutkin (Arsenal Kyiv, 2018)
[3114079] Failed to build match row: Futbolniy Klub Dynamo Kyiv vs Arsenal Kyiv
[2724910] Could not find attributes for denis sme (NK Maribor, 2016)
[2724910] Failed to build match row: Aberdeen Football Club vs NK Maribor
[2329474] Could not find attributes for johan sellberg wiland (Football Club København, 2013)
[2329474] Failed to build match row: Football Club København vs Aalborg BK
[2533672] Could not find attributes for kevin swain (The Spartans FC, 2014)
[2533672] Failed to build match row: The Spartans FC vs Berwick Rangers FC
[3409253] Could not find attributes for ilya lantratov (FC Khimki (-2025), 2020)
[3409253] Failed to build match row: FC Khimki (-2025) vs Rotor Volgograd

Keepers & outfield error for **Deportivo de La Coruña** in Sevilla Fútbol Club S.A.D. vs Deportivo de La Coruña: Numbers: 2 and 9.
[2719016] Failed to build match row: Sevilla Fútbol Club S.A.D. vs Deportivo de La Coruña

Keepers & outfield error for **Fußball-Club Augsburg 1907** in Fußball-Club Augsburg 1907 vs Mönchengladbach: Numbers: 2 and 9.
[2871549] Failed to build match row: Fußball-Club Augsburg 1907 vs Mönchengladbach
Not enough players found for lineup: 0, 0.
[2367582] Failed to scrape lineup: https://www.transfermarkt.co.uk/spielbericht/index/spielbericht/2367582
[2613627] Could not find attributes for kuca (Rio Ave Futebol Clube, 2015)
[2613627] Failed to build match row: Rio Ave Futebol Clube vs CS Marítimo

Keepers & outfield error for **CF Os Belenenses** in CS Marítimo vs CF Os Belenenses: Numbers: 0 and 11.
[2884395] Failed to build match row: CS Marítimo vs CF Os Belenenses

Keepers & outfield error for **Rio Ave Futebol Clube** in Rio Ave Futebol Clube vs Sporting Clube de Braga: Numbers: 0 and 11.
[2512194] Failed to build match row: Rio Ave Futebol Clube vs Sporting Clube de Braga
[3069984] Could not find attributes for jose sosa (Trabzonspor Kulübü, 2018)
[3069984] Failed to build match row: Trabzonspor Kulübü vs Kayserispor Kulübü
[2352031] Could not find attributes for athanasios panteliadis (Apollon Smyrnis, 2013)
[2352031] Failed to build match row: Apollon Smyrnis vs A.G.S Asteras Tripolis

Keepers & outfield error for **Moreirense Futebol Clube** in Moreirense Futebol Clube vs Boavista FC: Numbers: 3 and 8.
[3240349] Could not find attributes for simone ciancio (Carrarese Calcio 1908, 2019)
[2480141] Failed to build match row: Moreirense Futebol Clube vs Boavista FC
[3240349] Failed to build match row: Frosinone Calcio vs Carrarese Calcio 1908
[3153488] Could not find attributes for zivko zivkovic (AO Xanthi, 2018)
[3153488] Failed to build match row: AO Xanthi vs APO Levadiakos Football Club
[3080387] Could not find attributes for steve lawson (Livingston Football Club, 2018)
[3080387] Failed to build match row: Livingston Football Club vs Hamilton Academical FC
Not enough players found for lineup: 0, 0.
[2367583] Failed to scrape lineup: https://www.transfermarkt.co.uk/spielbericht/index/spielbericht/2367583

Keepers & outfield error for **Athletic Club Bilbao** in Athletic Club Bilbao vs Córdoba CF: Numbers: 2 and 9.
[2475313] Failed to build match row: Athletic Club Bilbao vs Córdoba CF
[2871550] Could not find attributes for julian korb (Hannover 96, 2017)
[2871550] Failed to build match row: Hannover 96 vs FC Schalke 04
[2811655] Could not find attributes for karim ansarifard (Olympiakos Syndesmos Filathlon Peiraios, 2016)
[2811655] Failed to build match row: Olympiakos Syndesmos Filathlon Peiraios vs Aris Thessalonikis
[2630711] Could not find attributes for stathis tavlaridis (Panathinaikos Athlitikos Omilos, 2015)
[2630711] Failed to build match row: Panathinaikos Athlitikos Omilos vs PAS Giannina
[2423926] Could not find attributes for theodoros tripotseris (Omilos Filathlon Irakliou FC, 2013)
[2423926] Failed to build match row: Panthessalonikios Athlitikos Omilos Konstantinoupoliton vs Omilos Filathlon Irakliou FC
[3089882] Could not find attributes for khalid shakhtiev (Chayka Peschanokopskoye, 2018)
[3089882] Failed to build match row: Chayka Peschanokopskoye vs Torpedo Armavir

Keepers & outfield error for **Fulham Football Club** in Tottenham Hotspur Football Club vs Fulham Football Club: Numbers: 0 and 11.
[3050185] Failed to build match row: Tottenham Hotspur Football Club vs Fulham Football Club
[2533673] Could not find attributes for jamie macdonald (Falkirk Football & Athletic Club, 2014)
[2533673] Failed to build match row: Falkirk Football & Athletic Club vs Brechin City FC

Keepers & outfield error for **Rio Ave Futebol Clube** in Rio Ave Futebol Clube vs Boavista FC: Numbers: 2 and 9.
[2884396] Failed to build match row: Rio Ave Futebol Clube vs Boavista FC
[3309799] Could not find attributes for anestis nastos (Omilos Filathlon Irakliou FC, 2019)
[3114080] Could not find attributes for bogdan shust (Vorskla Poltava, 2018)
[3309799] Failed to build match row: Panthessalonikios Athlitikos Omilos Konstantinoupoliton vs Omilos Filathlon Irakliou FC
[3114080] Failed to build match row: Vorskla Poltava vs Desna Chernigiv
[2698355] Could not find attributes for ben woodburn (Liverpool Football Club, 2016)
[2698355] Failed to build match row: Stoke City vs Liverpool Football Club

Keepers & outfield error for **FC Paços de Ferreira** in FC Paços de Ferreira vs Rio Ave Futebol Clube: Numbers: 0 and 11.
[2480142] Failed to build match row: FC Paços de Ferreira vs Rio Ave Futebol Clube
[2512195] Could not find attributes for iago santos (Académica Coimbra, 2014)
[2512195] Failed to build match row: Académica Coimbra vs Futebol Clube de Arouca

Keepers & outfield error for **West Ham United Football Club** in West Ham United Football Club vs Association Football Club Bournemouth: Numbers: 2 and 9.
[3050186] Failed to build match row: West Ham United Football Club vs Association Football Club Bournemouth
[3069985] Could not find attributes for trezeguet (Kasımpaşa A.Ş., 2018)
[3069985] Failed to build match row: Kasımpaşa A.Ş. vs Fenerbahçe Spor Kulübü
[2654338] Failed to scrape lineup: https://www.transfermarkt.co.uk/lokomotiv-moskau_fc-ufa/index/spielbericht/2654338
[3114081] Could not find attributes for oleksandr bandura (PFK Lviv, 2018)
[3114081] Failed to build match row: PFK Lviv vs FC Zorya Lugansk
[2475314] Could not find attributes for loukas vyntra (Levante Unión Deportiva S.A.D., 2014)
[2475314] Failed to build match row: Levante Unión Deportiva S.A.D. vs Getafe Club de Fútbol S. A. D. Team Dubai
[2923625] Failed to scrape lineup: https://www.transfermarkt.co.uk/spielbericht/index/spielbericht/2923625
[3153489] Could not find attributes for nikolaos papadopoulos (A.G.S Asteras Tripolis, 2018)
[3153489] Failed to build match row: A.G.S Asteras Tripolis vs APS Atromitos Athinon
[2982737] Could not find attributes for yaqoub yousif (Al-Jazira Club, 2017)
[2982737] Failed to build match row: Al-Jazira Club vs Promotora del Club Pachuca S. A. de C. V.
[2480143] Failed to scrape lineup: https://www.transfermarkt.co.uk/gil-vicente-fc_fc-porto/index/spielbericht/2480143
[3069986] Failed to scrape lineup: https://www.transfermarkt.co.uk/basaksehir-fk_mke-ankaragucu/index/spielbericht/3069986
[3114082] Failed to scrape lineup: https://www.transfermarkt.co.uk/shakhtar-donetsk_karpaty-lviv-2021-/index/spielbericht/3114082
[3240350] Could not find attributes for pietro menegatti (SS Monopoli 1966, 2019)
[3240350] Failed to build match row: SS Monopoli 1966 vs Cosenza Calcio
[2587003] Could not find attributes for paul baysse (Olympique Gymnaste Club Nice Côte d'Azur, 2015)
[2587003] Failed to build match row: Olympique Gymnaste Club Nice Côte d'Azur vs Olympique Lyonnais
[2698357] Could not find attributes for gareth mcauley (West Bromwich Albion, 2016)
[2698357] Failed to build match row: West Bromwich Albion vs Chelsea Football Club
[3210301] Could not find attributes for robert kakeeto (Aalborg BK, 2019)
[3210301] Failed to build match row: Fodbold Club Midtjylland vs Aalborg BK
[3216236] Could not find attributes for stefan velkov (RKC Waalwijk, 2019)
[3216236] Failed to build match row: RKC Waalwijk vs Sparta Rotterdam
[2724911] Could not find attributes for valeriy fomichev (Torpedo-BelAZ Zhodino, 2016)
[2724911] Failed to build match row: Torpedo-BelAZ Zhodino vs Sportklub Rapid
[2719017] Could not find attributes for pervis estupinan (Granada CF, 2016)
[2719017] Failed to build match row: Granada CF vs Valencia Club de Fútbol S. A. D.

Keepers & outfield error for **CF Os Belenenses** in CF Os Belenenses vs FC Paços de Ferreira: Numbers: 4 and 7.
[2512196] Failed to build match row: CF Os Belenenses vs FC Paços de Ferreira
Not enough players found for lineup: 0, 0.
[2367584] Failed to scrape lineup: https://www.transfermarkt.co.uk/spielbericht/index/spielbericht/2367584
[2758688] Could not find attributes for dmytro bezotosnyi (FK Qabala, 2016)
[2758688] Failed to build match row: AS Saint-Étienne vs FK Qabala
[2486524] Could not find attributes for niko kranjcar (Queens Park Rangers, 2014)
[2486524] Failed to build match row: Southampton FC vs Queens Park Rangers
[2329475] Could not find attributes for daniel jensen (Sønderjyske Fodbold, 2013)
[2329475] Failed to build match row: Sønderjyske Fodbold vs Odense Boldklub
[2811656] Could not find attributes for panagiotis deligiannidis (Panthessalonikios Athlitikos Omilos Konstantinoupoliton, 2016)
[2811656] Failed to build match row: Panthessalonikios Athlitikos Omilos Konstantinoupoliton vs Panetolikos Agrinio
[3114083] Could not find attributes for rustam khudzhamov (FK Mariupol, 2018)
[3114083] Failed to build match row: FK Mariupol vs Chornomorets Odesa
[2654339] Could not find attributes for aritm (FK Krasnodar, 2015)
[2654339] Failed to build match row: Mordovia Saransk (-2020) vs FK Krasnodar
[3223309] Could not find attributes for emircan altintas (Alanyaspor, 2019)
[3223309] Failed to build match row: Alanyaspor vs Denizlispor
[3069987] Could not find attributes for zeki yavru (Akhisarspor, 2018)
[3069987] Failed to build match row: Fenerbahçe Spor Kulübü vs Akhisarspor
[3216237] Could not find attributes for miquel nelom (Willem II Tilburg, 2019)
[3216237] Failed to build match row: FC Emmen vs Willem II Tilburg
[2702788] Could not find attributes for clement michelin (Toulouse Football Club, 2016)
[2702788] Failed to build match row: Toulouse Football Club vs Montpellier HSC
[3223310] Could not find attributes for atinc nukan (Göztepe Sportif Yatırımlar A.Ş., 2019)
[3223310] Failed to build match row: Göztepe Sportif Yatırımlar A.Ş. vs Sivasspor

Keepers & outfield error for **Cagliari Calcio** in Cagliari Calcio vs Verona Hellas Football Club: Numbers: 0 and 11.
[3114084] Could not find attributes for yuriy pankiv (FC Oleksandriya, 2018)
[2897270] Failed to build match row: Cagliari Calcio vs Verona Hellas Football Club
[3114084] Failed to build match row: FC Oleksandriya vs Olimpik Donetsk

Keepers & outfield error for **Vitória Sport Clube** in Vitória Sport Clube vs Clube Desportivo Nacional: Numbers: 2 and 9.
[2480144] Failed to build match row: Vitória Sport Clube vs Clube Desportivo Nacional
[2719018] Could not find attributes for darko brasanac (Real Betis Balompié S.A.D., 2016)
[2719018] Failed to build match row: Real Betis Balompié S.A.D. vs SD Eibar
[2758689] Could not find attributes for predrag rajkovic (Maccabi Tel Aviv, 2016)
[2758689] Failed to build match row: Alkmaar Zaanstreek vs Maccabi Tel Aviv
[3089883] Could not find attributes for oleg novikov (FK Chelyabinsk, 2018)
Not enough players found for lineup: 0, 0.
[3089883] Failed to build match row: FK Chelyabinsk vs FK Nizhny Novgorod
[2367586] Failed to scrape lineup: https://www.transfermarkt.co.uk/spielbericht/index/spielbericht/2367586
[2884397] Failed to scrape lineup: https://www.transfermarkt.co.uk/portimonense-sc_sc-braga/index/spielbericht/2884397
[3309800] Failed to scrape lineup: https://www.transfermarkt.co.uk/aek-athens_panathinaikos-fc/index/spielbericht/3309800
[3240351] Failed to build match row: AC Perugia Calcio vs US Triestina

Keepers & outfield error for **1. Fußball- und Sportverein Mainz 05** in SC Paderborn 07 vs 1. Fußball- und Sportverein Mainz 05: Numbers: 2 and 9.
[3203495] Failed to build match row: SC Paderborn 07 vs 1. Fußball- und Sportverein Mainz 05
[2698359] Failed to scrape lineup: https://www.transfermarkt.co.uk/west-bromwich-albion_liverpool-fc/index/spielbericht/2698359
[2923626] Could not find attributes for yerjet yerzat (Leixões SC, 2017)
[2923626] Failed to build match row: Leixões SC vs FC Paços de Ferreira

Keepers & outfield error for **Sport Lisboa e Benfica** in Sport Lisboa e Benfica vs Grupo Desportivo Estoril Praia: Numbers: 2 and 9.
[2512197] Failed to build match row: Sport Lisboa e Benfica vs Grupo Desportivo Estoril Praia
[2724913] Failed to scrape lineup: https://www.transfermarkt.co.uk/spielbericht/index/spielbericht/2724913
[2654340] Could not find attributes for andriy pylyavskyi (FC Rubin Kazan, 2015)
[2654340] Failed to build match row: AO FK Zenit Sankt-Peterburg vs FC Rubin Kazan
[3153490] Could not find attributes for nenad krsticic (Athlitiki Enosi Konstantinoupoleos, 2018)
[3153490] Failed to build match row: Athlitiki Enosi Konstantinoupoleos vs Apollon Smyrnis
[2423927] Could not find attributes for andre bikey (Panetolikos Agrinio, 2013)
[2423927] Failed to build match row: Panetolikos Agrinio vs Aris Thessalonikis
[2884398] Could not find attributes for heldon (Vitória Sport Clube, 2017)
[2884398] Failed to build match row: Vitória Sport Clube vs Grupo Desportivo Estoril Praia
[3114085] Could not find attributes for betim halimi (Olimpik Donetsk, 2018)
[3114085] Failed to build match row: Olimpik Donetsk vs Futbolniy Klub Dynamo Kyiv
[2533674] Could not find attributes for frank mckeown (Stranraer FC, 2014)
[2533674] Failed to build match row: Stranraer FC vs Dundee United Football Club
[2871552] Could not find attributes for julian korb (Hannover 96, 2017)
[2871552] Failed to build match row: FC Schalke 04 vs Hannover 96
[3223311] Could not find attributes for ponck (İstanbul Başakşehir Futbol Kulübü, 2019)
[3223311] Failed to build match row: Kasımpaşa A.Ş. vs İstanbul Başakşehir Futbol Kulübü
[2423928] Failed to scrape lineup: https://www.transfermarkt.co.uk/ao-platanias_gs-ergotelis/index/spielbericht/2423928

Keepers & outfield error for **AO FK Zenit Sankt-Peterburg** in Dundalk FC vs AO FK Zenit Sankt-Peterburg: Numbers: 2 and 9.
[2758690] Failed to build match row: Dundalk FC vs AO FK Zenit Sankt-Peterburg
[3409254] Could not find attributes for aleksandr belenov (FK Ufa, 2020)
[3409254] Failed to build match row: FK Ufa vs FK Dinamo Moskva

Keepers & outfield error for **Sporting Clube de Braga** in Sport Lisboa e Benfica vs Sporting Clube de Braga: Numbers: 2 and 9.
[2923627] Failed to build match row: Sport Lisboa e Benfica vs Sporting Clube de Braga
Not enough players found for lineup: 0, 0.
[2367587] Failed to scrape lineup: https://www.transfermarkt.co.uk/spielbericht/index/spielbericht/2367587
[3266610] Could not find attributes for omid ebrahimi (KAS Eupen, 2019)
[3266610] Failed to build match row: KAS Eupen vs Royal Sporting Club Anderlecht

Keepers & outfield error for **UD Las Palmas** in Athletic Club Bilbao vs UD Las Palmas: Numbers: 2 and 9.
[2719019] Failed to build match row: Athletic Club Bilbao vs UD Las Palmas
[3223312] Could not find attributes for ertac ozbir (Gençlerbirliği Spor Kulübü, 2019)
[3223312] Failed to build match row: Gençlerbirliği Spor Kulübü vs Beşiktaş Jimnastik Kulübü
[2982762] Could not find attributes for kwadwo poku (Anzhi Makhachkala ( -2022), 2017)
[2982762] Failed to build match row: Anzhi Makhachkala ( -2022) vs FC Rubin Kazan
[3089884] Could not find attributes for ilya trunin (Neftekhimik Nizhnekamsk, 2018)
[3089884] Failed to build match row: Neftekhimik Nizhnekamsk vs Mordovia Saransk (-2020)

Keepers & outfield error for **Associazione Sportiva Roma** in Associazione Sportiva Roma vs Fußballklub Austria Wien: Numbers: 0 and 11.
[2758691] Failed to build match row: Associazione Sportiva Roma vs Fußballklub Austria Wien

Keepers & outfield error for **CF Os Belenenses** in CF Os Belenenses vs Académica Coimbra: Numbers: 2 and 9.
[2480145] Failed to build match row: CF Os Belenenses vs Académica Coimbra

Keepers & outfield error for **Ural Yekaterinburg** in Ural Yekaterinburg vs Anzhi Makhachkala ( -2022): Numbers: 2 and 9.
[2654341] Failed to build match row: Ural Yekaterinburg vs Anzhi Makhachkala ( -2022)
[3203496] Could not find attributes for oscar wendt (Mönchengladbach, 2019)
[3203496] Failed to build match row: Borussia Dortmund vs Mönchengladbach
[2702790] Could not find attributes for yannis salibur (EA Guingamp, 2016)
[2702790] Failed to build match row: EA Guingamp vs Olympique Gymnaste Club Nice Côte d'Azur
[2698361] Could not find attributes for jose cholevas (Watford FC, 2016)
[2512198] Could not find attributes for otavio (Vitória Sport Clube, 2014)
[2698361] Failed to build match row: Watford FC vs Manchester City Football Club
[2512198] Failed to build match row: Vitória Sport Clube vs CS Marítimo
Not enough players found for lineup: 0, 0.
[2724914] Could not find attributes for axel maraval (NK Domzale, 2016)
[2367588] Failed to scrape lineup: https://www.transfermarkt.co.uk/spielbericht/index/spielbericht/2367588
[2724914] Failed to build match row: NK Domzale vs West Ham United Football Club

Keepers & outfield error for **Espanol** in Futbol Club Barcelona vs Espanol: Numbers: 3 and 8.
[2719020] Failed to scrape lineup: https://www.transfermarkt.co.uk/deportivo-alaves_villarreal-cf/index/spielbericht/2719020
[2423929] Could not find attributes for athanasios panteliadis (Apollon Smyrnis, 2013)
[2475315] Failed to build match row: Futbol Club Barcelona vs Espanol
[2423929] Failed to build match row: Apollon Smyrnis vs AO Xanthi
[3409255] Could not find attributes for fedor smolov (Футбольный клуб "Локомотив" Москва, 2020)
[3409255] Failed to build match row: Футбольный клуб "Локомотив" Москва vs AO FK Zenit Sankt-Peterburg
[2758692] Failed to scrape lineup: https://www.transfermarkt.co.uk/spielbericht/index/spielbericht/2758692
[3309801] Could not find attributes for rasmus sjostedt (Panetolikos Agrinio, 2019)
[3309801] Failed to build match row: Panetolikos Agrinio vs Volou Neos Podosferikos Syllogos

Keepers & outfield error for **Boavista FC** in Boavista FC vs Futebol Clube de Arouca: Numbers: 3 and 8.
[2480146] Failed to build match row: Boavista FC vs Futebol Clube de Arouca
[3240352] Could not find attributes for matteo brunori (Delfino Pescara 1936, 2019)
[3240352] Failed to build match row: Delfino Pescara 1936 vs Mantova 1911
[3153491] Failed to scrape lineup: https://www.transfermarkt.co.uk/panionios-athens_panathinaikos-fc/index/spielbericht/3153491

Keepers & outfield error for **FC Penafiel** in FC Penafiel vs Moreirense Futebol Clube: Numbers: 3 and 8.
[2512199] Failed to build match row: FC Penafiel vs Moreirense Futebol Clube

Keepers & outfield error for **CD Leganés** in CD Leganés vs Espanol: Numbers: 2 and 9.
[2719021] Failed to build match row: CD Leganés vs Espanol
[2533761] Failed to scrape lineup: https://www.transfermarkt.co.uk/spielbericht/index/spielbericht/2533761
[3309802] Could not find attributes for ogmundur kristinsson (Athlitiki Enosi Larisas, 2019)
[3309802] Failed to build match row: Athlitiki Enosi Larisas vs Panthessalonikios Athlitikos Omilos Konstantinoupoliton
[2423930] Could not find attributes for georgios kantimiris (Veria NPS, 2013)
[2423930] Failed to build match row: Veria NPS vs Olympiakos Syndesmos Filathlon Peiraios
[2460789] Could not find attributes for ragnar klavan (Fußball-Club Augsburg 1907, 2014)
[2884399] Failed to scrape lineup: https://www.transfermarkt.co.uk/desportivo-aves-2020-_fc-pacos-de-ferreira/index/spielbericht/2884399
[2460789] Failed to build match row: Borussia Dortmund vs Fußball-Club Augsburg 1907
[3223313] Could not find attributes for fatih tultak (MKE Ankaragücü, 2019)
[3223313] Failed to build match row: Denizlispor vs MKE Ankaragücü

Keepers & outfield error for **Granada CF** in Granada CF vs Valencia Club de Fútbol S. A. D.: Numbers: 0 and 11.
[2475316] Failed to build match row: Granada CF vs Valencia Club de Fútbol S. A. D.
[3409256] Could not find attributes for giorgiy shelia (RFK Akhmat Grozny, 2020)
[3409256] Failed to build match row: RFK Akhmat Grozny vs PFK CSKA Moskva

Keepers & outfield error for **Sport Lisboa e Benfica** in FC Penafiel vs Sport Lisboa e Benfica: Numbers: 2 and 9.
[2480147] Failed to build match row: FC Penafiel vs Sport Lisboa e Benfica
[3058699] Could not find attributes for hendrik weydandt (Hannover 96, 2018)
[3058699] Failed to build match row: Hannover 96 vs 1. Fußball- und Sportverein Mainz 05
[3089885] Could not find attributes for stanislav buchnev (FC Tyumen, 2018)
[3089885] Failed to build match row: FC Tyumen vs Sibir Novosibirsk (- 2019)
[3153492] Could not find attributes for nikolaos melissas (PAS Lamia 1964, 2018)
[3153492] Failed to build match row: PAS Lamia 1964 vs Athlitiki Enosi Larisas
[2758693] Could not find attributes for jakub brabec (Koninklijke Racing Club Genk, 2016)
[2758693] Failed to build match row: Koninklijke Racing Club Genk vs Athletic Club Bilbao

Keepers & outfield error for **Chelsea Football Club** in Chelsea Football Club vs Middlesbrough FC: Numbers: 2 and 9.
[2698362] Failed to build match row: Chelsea Football Club vs Middlesbrough FC

Keepers & outfield error for **Olympiakos Syndesmos Filathlon Peiraios** in Olympiakos Syndesmos Filathlon Peiraios vs Panionios Athens: Numbers: 0 and 11.
[3309803] Failed to build match row: Olympiakos Syndesmos Filathlon Peiraios vs Panionios Athens
[2423931] Could not find attributes for luigi cennamo (APS Atromitos Athinon, 2013)
Not enough players found for lineup: 0, 0.
[3223314] Failed to scrape lineup: https://www.transfermarkt.co.uk/konyaspor_alanyaspor/index/spielbericht/3223314
[2884400] Failed to scrape lineup: https://www.transfermarkt.co.uk/sl-benfica_gd-chaves/index/spielbericht/2884400
[2423931] Failed to build match row: APS Atromitos Athinon vs A.G.S Asteras Tripolis
[3080389] Could not find attributes for martin woods (Dundee Football Club, 2018)
[2367589] Failed to scrape lineup: https://www.transfermarkt.co.uk/spielbericht/index/spielbericht/2367589
[3080389] Failed to build match row: St. Johnstone FC vs Dundee Football Club
[2982763] Could not find attributes for andrey egorychev (Ural Yekaterinburg, 2017)
[2352032] Could not find attributes for markos vellidis (PAS Giannina, 2013)
[2352032] Failed to build match row: PAS Giannina vs AEL Kalloni
erinburg

Keepers & outfield error for **Vitória Setúbal FC** in Clube Desportivo Nacional vs Vitória Setúbal FC: Numbers: 2 and 9.
[2512200] Failed to build match row: Clube Desportivo Nacional vs Vitória Setúbal FC
[2587004] Could not find attributes for casimir ninga (Montpellier HSC, 2015)
[2587004] Failed to build match row: Montpellier HSC vs Stade Reims
[2724915] Could not find attributes for aleksandr solovyov (Dalstroyindustriya Komsomolsk-na-Amure, 2016)
[2724915] Failed to build match row: Dalstroyindustriya Komsomolsk-na-Amure vs Smena Komsomolsk-na-Amure
[3409257] Could not find attributes for emanuel mammana (FK Sochi, 2020)
[3409257] Failed to build match row: FK Sochi vs Ural Yekaterinburg
[2982764] Failed to scrape lineup: https://www.transfermarkt.co.uk/zenit-st-petersburg_amkar-perm/index/spielbericht/2982764

Keepers & outfield error for **FC Paços de Ferreira** in FC Paços de Ferreira vs Rio Ave Futebol Clube: Numbers: 2 and 9.
[2923629] Failed to build match row: FC Paços de Ferreira vs Rio Ave Futebol Clube
[3080390] Could not find attributes for vaclav hladky (Saint Mirren Football Club, 2018)
[3080390] Failed to build match row: Saint Mirren Football Club vs The Celtic Football Club
[2702793] Could not find attributes for younes belhanda (Olympique Gymnaste Club Nice Côte d'Azur, 2016)
[2352033] Could not find attributes for dani hernandez (A.G.S Asteras Tripolis, 2013)
[2702793] Failed to build match row: Olympique Gymnaste Club Nice Côte d'Azur vs Toulouse Football Club
[2352033] Failed to build match row: A.G.S Asteras Tripolis vs Panetolikos Agrinio
[2613628] Could not find attributes for chidozie awaziem (Futebol Clube do Porto, 2015)
[2613628] Failed to build match row: Vitória Setúbal FC vs Futebol Clube do Porto
[2604344] Could not find attributes for boris radunovic (Atalanta Bergamasca Calcio S.p.a., 2015)
[2604344] Failed to build match row: Genoa Cricket and Football Club vs Atalanta Bergamasca Calcio S.p.a.
[2630712] Could not find attributes for nikolaos papadopoulos (Panionios Athens, 2015)
[3069988] Failed to scrape lineup: https://www.transfermarkt.co.uk/besiktas-jk_alanyaspor/index/spielbericht/3069988
[2581180] Failed to scrape lineup: https://www.transfermarkt.co.uk/hertha-bsc_sv-werder-bremen/index/spielbericht/2581180
[2630712] Failed to build match row: Panionios Athens vs AEL Kalloni

Keepers & outfield error for **Getafe Club de Fútbol S. A. D. Team Dubai** in Getafe Club de Fútbol S. A. D. Team Dubai vs Athletic Club Bilbao: Numbers: 2 and 9.
[2594685] Failed to build match row: Getafe Club de Fútbol S. A. D. Team Dubai vs Athletic Club Bilbao
[2884401] Could not find attributes for boubacar fofana (Moreirense Futebol Clube, 2017)
[2884401] Failed to build match row: CD Feirense vs Moreirense Futebol Clube
[3050191] Failed to scrape lineup: https://www.transfermarkt.co.uk/liverpool-fc_brighton-amp-hove-albion/index/spielbericht/3050191
[3216239] Could not find attributes for robert bozenik (Feyenoord Rotterdam, 2019)
[3216239] Failed to build match row: Feyenoord Rotterdam vs Fortuna Sittardia Combinatie
[2982765] Failed to scrape lineup: https://www.transfermarkt.co.uk/fc-krasnodar_fc-rostov/index/spielbericht/2982765
[3153493] Could not find attributes for julian cuesta (Aris Thessalonikis, 2018)
[3153493] Failed to build match row: Panthessalonikios Athlitikos Omilos Konstantinoupoliton vs Aris Thessalonikis
[3114086] Failed to scrape lineup: https://www.transfermarkt.co.uk/arsenal-kyiv_vorskla-poltava/index/spielbericht/3114086
[3240353] Could not find attributes for elia legati (Feralpisalò, 2019)
[3240353] Failed to build match row: Pordenone Calcio vs Feralpisalò
[2698365] Failed to scrape lineup: https://www.transfermarkt.co.uk/liverpool-fc_middlesbrough-fc/index/spielbericht/2698365
[2871565] Could not find attributes for nils petersen (Sport-Club Freiburg, 2017)
[2871565] Failed to build match row: Borussia Dortmund vs Sport-Club Freiburg
[2423932] Could not find attributes for giannis siderakis (AEL Kalloni, 2013)
Not enough players found for lineup: 0, 0.
[2423932] Failed to build match row: AEL Kalloni vs APO Levadiakos Football Club
[2367590] Failed to scrape lineup: https://www.transfermarkt.co.uk/spielbericht/index/spielbericht/2367590

Keepers & outfield error for **Futebol Clube do Porto** in Futebol Clube do Porto vs Sporting Clube de Portugal: Numbers: 0 and 11.
[2512201] Failed to build match row: Futebol Clube do Porto vs Sporting Clube de Portugal
[3089886] Could not find attributes for bogdan karyukin (Dinamo Barnaul, 2018)
[3089886] Failed to build match row: Dinamo Barnaul vs Tom Tomsk
[3223315] Could not find attributes for zoran kvrzic (Kayserispor Kulübü, 2019)
[3223315] Failed to build match row: Kayserispor Kulübü vs Trabzonspor Kulübü

Keepers & outfield error for **Sporting Clube de Braga** in CS Marítimo vs Sporting Clube de Braga: Numbers: 2 and 9.
[2480148] Failed to build match row: CS Marítimo vs Sporting Clube de Braga
[2486530] Could not find attributes for kasper schmeichel (Leicester City, 2014)
[2486530] Failed to build match row: Leicester City vs Burnley Football Club
[3114087] Could not find attributes for igor lytovka (Desna Chernigiv, 2018)
[3114087] Failed to build match row: Desna Chernigiv vs PFK Lviv

Keepers & outfield error for **UD Almería** in SD Eibar vs UD Almería: Numbers: 0 and 11.
[2475318] Failed to build match row: SD Eibar vs UD Almería
[2725234] Could not find attributes for roland szolnoki (Videoton FC, 2016)
[2725234] Failed to build match row: Videoton FC vs Fodbold Club Midtjylland

Keepers & outfield error for **Göztepe Sportif Yatırımlar A.Ş.** in Göztepe Sportif Yatırımlar A.Ş. vs Sivasspor: Numbers: 0 and 11.
[3069989] Failed to build match row: Göztepe Sportif Yatırımlar A.Ş. vs Sivasspor
[3153494] Could not find attributes for yassine meriah (Olympiakos Syndesmos Filathlon Peiraios, 2018)
[3153494] Failed to build match row: Olympiakos Syndesmos Filathlon Peiraios vs Omilos Filathlon Irakliou FC
[2630713] Could not find attributes for dimitrios sotiriou (AO Platanias, 2015)
[2630713] Failed to build match row: AO Platanias vs Panthrakikos Komotini
[2352034] Could not find attributes for markos vellidis (PAS Giannina, 2013)
[2352034] Failed to build match row: PAS Giannina vs Panthessalonikios Athlitikos Omilos Konstantinoupoliton
[3216240] Could not find attributes for sergio padt (Football Club Groningen, 2019)
[3216240] Failed to build match row: Football Club Groningen vs VVV-Venlo

Keepers & outfield error for **Paris Saint-Germain Football Club** in Football Club Lorient-Bretagne Sud vs Paris Saint-Germain Football Club: Numbers: 2 and 9.
[2587005] Failed to build match row: Football Club Lorient-Bretagne Sud vs Paris Saint-Germain Football Club
[3409258] Could not find attributes for matvey safonov (FK Krasnodar, 2020)
[3409258] Failed to build match row: FK Krasnodar vs FK Rostov
[3203499] Could not find attributes for vladimir darida (Hertha BSC, 2019)
[3203499] Failed to build match row: Sportverein Werder Bremen von 1899 vs Hertha BSC

Keepers & outfield error for **RasenBallsport Leipzig** in RasenBallsport Leipzig vs Hamburger Sport Verein: Numbers: 0 and 11.
[2871567] Failed to build match row: RasenBallsport Leipzig vs Hamburger Sport Verein
[3153495] Could not find attributes for nikolaos giannakopoulos (Panetolikos Agrinio, 2018)
[2594686] Could not find attributes for jean sylvain babin (Granada CF, 2015)
[2594686] Failed to build match row: Villarreal Club de Fútbol S.A.D. vs Granada CF
[3080391] Could not find attributes for steve lawson (Livingston Football Club, 2018)
[2702794] Could not find attributes for rod fanni (Olympique de Marseille, 2016)
[3080391] Failed to build match row: The Celtic Football Club vs Livingston Football Club
[2702794] Failed to build match row: Olympique de Marseille vs AS Nancy-Lorraine
[3216241] Could not find attributes for queensy menig (Football Club Twente, 2019)
[2423933] Could not find attributes for markos vellidis (PAS Giannina, 2013)
[2423933] Failed to build match row: PAS Giannina vs Panetolikos Agrinio
[3216241] Failed to build match row: Football Club Utrecht vs Football Club Twente

Keepers & outfield error for **Gaziantep Futbol Kulübü A.Ş.** in Yeni Malatyaspor vs Gaziantep Futbol Kulübü A.Ş.: Numbers: 2 and 9.
[2698366] Could not find attributes for darren fletcher (West Bromwich Albion, 2016)

Keepers & outfield error for **Futbol Club Barcelona** in Futbol Club Barcelona vs Real Sociedad de Fútbol S.A.D.: Numbers: 2 and 9.
[3223316] Failed to build match row: Yeni Malatyaspor vs Gaziantep Futbol Kulübü A.Ş.
[3309804] Failed to scrape lineup: https://www.transfermarkt.co.uk/panathinaikos-fc_panetolikos-gfs/index/spielbericht/3309804
[2982766] Could not find attributes for nemanja tubic (SKA Khabarovsk, 2017)
[2698366] Failed to build match row: Swansea City vs West Bromwich Albion
[2534015] Failed to scrape lineup: https://www.transfermarkt.co.uk/spielbericht/index/spielbericht/2534015
[2982766] Failed to build match row: SKA Khabarovsk vs FC Tosno (-2018)
[3266614] Could not find attributes for calvin dekuyper (Cercle Brugge Koninklijke Sportvereniging, 2019)
[2719024] Failed to build match row: Futbol Club Barcelona vs Real Sociedad de Fútbol S.A.D.
Not enough players found for lineup: 0, 0.
[2587006] Could not find attributes for mouhamadou dabo (ESTAC Troyes, 2015)
[3266614] Failed to build match row: Koninklijke Racing Club Genk vs Cercle Brugge Koninklijke Sportvereniging
[2367591] Failed to scrape lineup: https://www.transfermarkt.co.uk/spielbericht/index/spielbericht/2367591
[3069990] Could not find attributes for bulent cevahir (Yeni Malatyaspor, 2018)
[2587006] Failed to build match row: ESTAC Troyes vs Lille Olympique Sporting Club
[3069990] Failed to build match row: Yeni Malatyaspor vs Erzurumspor FK
[3240354] Could not find attributes for mattia del favero (Piacenza Calcio 1919, 2019)
Not enough players found for lineup: 0, 0.
[2811657] Could not find attributes for georgios athanasiadis (A.G.S Asteras Tripolis, 2016)

Keepers & outfield error for **Sport Lisboa e Benfica** in Sport Lisboa e Benfica vs Portimonense SC: Numbers: 2 and 9.
[2630714] Failed to scrape lineup: https://www.transfermarkt.co.uk/spielbericht/index/spielbericht/2630714
[3240354] Failed to build match row: Trapani Calcio vs Piacenza Calcio 1919
[2811657] Failed to build match row: A.G.S Asteras Tripolis vs AO Trikala
[2923631] Failed to build match row: Sport Lisboa e Benfica vs Portimonense SC

Keepers & outfield error for **Celta** in Real Madrid Club de Fútbol vs Celta: Numbers: 0 and 11.
[2475319] Failed to build match row: Real Madrid Club de Fútbol vs Celta
[3156267] Could not find attributes for jay dasilva (Bristol City, 2018)
[3156267] Failed to build match row: Bristol City vs Wolverhampton Wanderers Football Club
[3058700] Could not find attributes for sebastian langkamp (Sportverein Werder Bremen von 1899, 2018)
[3114088] Could not find attributes for yevgen cheberko (FC Zorya Lugansk, 2018)
[3058700] Failed to build match row: Fortuna Düsseldorf vs Sportverein Werder Bremen von 1899

Keepers & outfield error for **Fußball-Club Augsburg 1907** in 1. Fußball-Club Köln vs Fußball-Club Augsburg 1907: Numbers: 2 and 9.
[2871569] Failed to build match row: 1. Fußball-Club Köln vs Fußball-Club Augsburg 1907
[2613630] Could not find attributes for ricardo ferreira (Sporting Clube de Braga, 2015)
[2613630] Failed to build match row: Sporting Clube de Braga vs CF União Madeira (-2021)
[2352035] Could not find attributes for georgios delizisis (Apollon Smyrnis, 2013)
[2352035] Failed to build match row: Apollon Smyrnis vs Panathinaikos Athlitikos Omilos
[2423934] Could not find attributes for zeca (Panathinaikos Athlitikos Omilos, 2013)
[2423934] Failed to build match row: Panathinaikos Athlitikos Omilos vs Panthessalonikios Athlitikos Omilos Konstantinoupoliton
[3309805] Could not find attributes for aristotelis karasalidis (AO Xanthi, 2019)
[3309805] Failed to build match row: AO Xanthi vs PAS Lamia 1964
[3089887] Could not find attributes for denis vambolt (Luch Vladivostok, 2018)
[3089887] Failed to build match row: Luch Vladivostok vs SKA Khabarovsk
[2725236] Could not find attributes for angelis angeli (Apollon Limassol, 2016)
[2725236] Failed to build match row: Grasshopper Club Zürich vs Apollon Limassol

Keepers & outfield error for **Deportivo de La Coruña** in Deportivo de La Coruña vs Málaga CF: Numbers: 2 and 9.
[2719025] Failed to build match row: Deportivo de La Coruña vs Málaga CF
[2884402] Could not find attributes for sulley muniru (Clube Desportivo de Tondela, 2017)
[2884402] Failed to build match row: Futebol Clube do Porto vs Clube Desportivo de Tondela
[3069991] Could not find attributes for karim hafez (Kasımpaşa A.Ş., 2018)
[3069991] Failed to build match row: Kayserispor Kulübü vs Kasımpaşa A.Ş.
[2982767] Could not find attributes for aleksandr belenov (FK Ufa, 2017)
[2352036] Could not find attributes for giannis siderakis (AEL Kalloni, 2013)

Keepers & outfield error for **FC Crotone** in FC Crotone vs Atletico Arezzo: Numbers: 2 and 9.
[2982767] Failed to build match row: FK Ufa vs FK Dinamo Moskva
[2352036] Failed to build match row: AEL Kalloni vs GS Ergotelis
[3114089] Could not find attributes for german penkov (Karpaty Lviv (-2021), 2018)
[3240355] Failed to build match row: FC Crotone vs Atletico Arezzo
[3114089] Failed to build match row: Karpaty Lviv (-2021) vs FK Mariupol
[3050194] Could not find attributes for danny ings (Southampton FC, 2018)
[3050194] Failed to build match row: Southampton FC vs Leicester City
[2654346] Could not find attributes for aleksandr belenov (Kuban Krasnodar (-2018), 2015)
[2654346] Failed to build match row: PFK CSKA Moskva vs Kuban Krasnodar (-2018)
[2758696] Could not find attributes for ishak belfodil (Royal Standard Club de Liège, 2016)

Keepers & outfield error for **Moreirense Futebol Clube** in Moreirense Futebol Clube vs Académica Coimbra: Numbers: 2 and 9.
[2758696] Failed to build match row: Royal Standard Club de Liège vs Panathinaikos Athlitikos Omilos
[2512203] Failed to build match row: Moreirense Futebol Clube vs Académica Coimbra
[2423935] Could not find attributes for theodoros tripotseris (Omilos Filathlon Irakliou FC, 2013)
[3080393] Could not find attributes for reegan mimnaugh (Hamilton Academical FC, 2018)
[2423935] Failed to build match row: Omilos Filathlon Irakliou FC vs Panthrakikos Komotini
[3080393] Failed to build match row: Hamilton Academical FC vs Saint Mirren Football Club
[3412078] Could not find attributes for alil magomedov (Legion-Dinamo Makhachkala, 2020)
[3412078] Failed to build match row: Legion-Dinamo Makhachkala vs Anzhi Makhachkala ( -2022)
[2811658] Could not find attributes for nikolaos papadopoulos (APS Atromitos Athinon, 2016)
[2811658] Failed to build match row: APS Atromitos Athinon vs PAS Lamia 1964
[3069992] Could not find attributes for mucahit can akcay (Konyaspor, 2018)
[3069992] Failed to build match row: Konyaspor vs Trabzonspor Kulübü
[3216242] Could not find attributes for eli dasa (Vitesse Arnhem, 2019)
[3216242] Failed to build match row: Vitesse Arnhem vs Eindhovense Voetbalvereniging Philips Sport Vereniging
[2423936] Could not find attributes for sokratis dioudis (Aris Thessalonikis, 2013)
[2423936] Failed to build match row: Aris Thessalonikis vs Panionios Athens
[3210310] Could not find attributes for zeca (Football Club København, 2019)
[3210310] Failed to build match row: Randers Fodbold Club vs Football Club København
[3091157] Could not find attributes for maksim schastlivtsev (Sakhalin Yuzhno-Sakhalinsk, 2018)
[3091157] Failed to build match row: Sakhalin Yuzhno-Sakhalinsk vs FC Irkutsk

Keepers & outfield error for **Millwall FC** in AFC Wimbledon vs Millwall FC: Numbers: 0 and 11.
[3156268] Failed to build match row: AFC Wimbledon vs Millwall FC
[2613640] Could not find attributes for jubal (Futebol Clube de Arouca, 2015)
[2613640] Failed to build match row: Futebol Clube de Arouca vs Académica Coimbra

Keepers & outfield error for **Vitória Setúbal FC** in Vitória Setúbal FC vs Sporting Clube de Portugal: Numbers: 2 and 9.

Keepers & outfield error for **1. Fußball- und Sportverein Mainz 05** in Fortuna Düsseldorf vs 1. Fußball- und Sportverein Mainz 05: Numbers: 2 and 9.
[2486533] Failed to build match row: Swansea City vs Newcastle United Football Club
[2884403] Failed to build match row: Vitória Setúbal FC vs Sporting Clube de Portugal
[3203501] Failed to build match row: Fortuna Düsseldorf vs 1. Fußball- und Sportverein Mainz 05
[2630715] Failed to scrape lineup: https://www.transfermarkt.co.uk/spielbericht/index/spielbericht/2630715
[3266615] Failed to scrape lineup: https://www.transfermarkt.co.uk/club-brugge-kv_standard-liege/index/spielbericht/3266615
[3080394] Failed to build match row: Heart of Midlothian Football Club vs Hibernian Football Club
[3050195] Could not find attributes for etienne capoue (Watford FC, 2018)
[3050195] Failed to build match row: Watford FC vs Crystal Palace Football Club
[3114090] Could not find attributes for sergiy litovchenko (Chornomorets Odesa, 2018)
[3114090] Failed to build match row: Chornomorets Odesa vs FC Oleksandriya
[2871571] Failed to scrape lineup: https://www.transfermarkt.co.uk/sv-werder-bremen_hertha-bsc/index/spielbericht/2871571
[2424193] Could not find attributes for frank mckeown (Stranraer FC, 2013)
[2424193] Failed to build match row: Inverness Caledonian Thistle FC vs Stranraer FC
[2725237] Failed to build match row: FC Oleksandriya vs HNK Hajduk Split

Keepers & outfield error for **Vitória Setúbal FC** in Vitória Setúbal FC vs CF Os Belenenses: Numbers: 2 and 9.
[2512204] Failed to build match row: Vitória Setúbal FC vs CF Os Belenenses
[2758697] Could not find attributes for danijel milicevic (Koninklijke Atletiek Associatie Gent, 2016)
[2758697] Failed to build match row: FC Shakhtar Donetsk vs Koninklijke Atletiek Associatie Gent
[2475322] Could not find attributes for ion ansotegi (Real Sociedad de Fútbol S.A.D., 2014)
[2475322] Failed to build match row: Real Sociedad de Fútbol S.A.D. vs Athletic Club Bilbao
[2352037] Could not find attributes for sokratis dioudis (Aris Thessalonikis, 2013)
[2352037] Failed to build match row: Aris Thessalonikis vs APS Atromitos Athinon
[2367592] Could not find attributes for peque (CE L'Hospitalet, 2013)
[2367592] Failed to build match row: CE L'Hospitalet vs Racing Santander

Keepers & outfield error for **Vitória Sport Clube** in Vitória Sport Clube vs Boavista FC: Numbers: 0 and 11.
[2613641] Failed to build match row: Vitória Sport Clube vs Boavista FC
[3203502] Could not find attributes for stephan lichtsteiner (Fußball-Club Augsburg 1907, 2019)
[3203502] Failed to build match row: Fußball-Club Augsburg 1907 vs FC Bayern München
[3216243] Could not find attributes for joey veerman (Sportclub Heerenveen, 2019)
[3216243] Failed to build match row: Sportclub Heerenveen vs ADO Den Haag
[2604347] Failed to scrape lineup: https://www.transfermarkt.co.uk/ss-lazio_acf-fiorentina/index/spielbericht/2604347
[3058702] Could not find attributes for hendrik weydandt (Hannover 96, 2018)
[3058702] Failed to build match row: FC Bayern München vs Hannover 96
[2725238] Could not find attributes for dmytro bezotosnyi (FK Qabala, 2016)
[2725238] Failed to build match row: Lille Olympique Sporting Club vs FK Qabala
[2480149] Could not find attributes for kleber (Grupo Desportivo Estoril Praia, 2014)
[2480149] Failed to build match row: Sporting Clube de Portugal vs Grupo Desportivo Estoril Praia
[2719027] Could not find attributes for andreas pereira (Granada CF, 2016)
[2719027] Failed to build match row: Granada CF vs Celta
[2811659] Could not find attributes for eleftherios gialousis (PAE Chania, 2016)
[2811659] Failed to build match row: PAE Chania vs Panathinaikos Athlitikos Omilos
[3069993] Could not find attributes for dario melnjak (Çaykur Rizespor Kulübü, 2018)
[3069993] Failed to build match row: Çaykur Rizespor Kulübü vs Galatasaray Spor Kulübü

Keepers & outfield error for **FC Penafiel** in Sporting Clube de Portugal vs FC Penafiel: Numbers: 3 and 8.
[2512205] Failed to build match row: Sporting Clube de Portugal vs FC Penafiel

Keepers & outfield error for **Verona Hellas Football Club** in Verona Hellas Football Club vs Bologna Football Club 1909: Numbers: 0 and 11.
[2897280] Failed to build match row: Verona Hellas Football Club vs Bologna Football Club 1909
[3117057] Could not find attributes for sander coopman (KV Oostende, 2018)
[3117057] Failed to build match row: Royal Antwerp Football Club vs KV Oostende

Keepers & outfield error for **Association sportive de Monaco Football Club** in Association sportive de Monaco Football Club vs Football Club de Nantes: Numbers: 2 and 9.
[2587009] Failed to build match row: Association sportive de Monaco Football Club vs Football Club de Nantes
[3412079] Could not find attributes for denis kniga (Dinamo Stavropol, 2020)
[3412079] Failed to build match row: Dinamo Stavropol vs Spartak Nalchik
[3223318] Could not find attributes for bunyamin balci (Antalyaspor, 2019)
[3223318] Failed to build match row: Antalyaspor vs Galatasaray Spor Kulübü

Keepers & outfield error for **Córdoba CF** in Córdoba CF vs Levante Unión Deportiva S.A.D.: Numbers: 0 and 11.
[2475323] Failed to build match row: Córdoba CF vs Levante Unión Deportiva S.A.D.
[3069994] Could not find attributes for ondrej celustka (Antalyaspor, 2018)
[3069994] Failed to build match row: Antalyaspor vs Bursaspor

Keepers & outfield error for **Sporting Clube de Braga** in Konyaspor vs Sporting Clube de Braga: Numbers: 0 and 11.
[2758698] Failed to build match row: Konyaspor vs Sporting Clube de Braga

Keepers & outfield error for **Royal Charleroi Sporting Club** in Royal Charleroi Sporting Club vs Club Brugge Koninklijke Voetbalvereniging: Numbers: 2 and 9.
[3117058] Failed to build match row: Royal Charleroi Sporting Club vs Club Brugge Koninklijke Voetbalvereniging
[2982770] Could not find attributes for felicio brown (Amkar Perm, 2017)
[2982770] Failed to build match row: Amkar Perm vs Arsenal Tula
Not enough players found for lineup: 0, 0.
[2367593] Failed to scrape lineup: https://www.transfermarkt.co.uk/spielbericht/index/spielbericht/2367593
[2587010] Could not find attributes for alban lafont (Toulouse Football Club, 2015)
[2587010] Failed to build match row: Toulouse Football Club vs Olympique Gymnaste Club Nice Côte d'Azur
[2352038] Could not find attributes for nikolaos anastasopoulos (Veria NPS, 2013)
[2352038] Failed to build match row: Veria NPS vs APO Levadiakos Football Club
[3058703] Could not find attributes for ja cheol koo (Fußball-Club Augsburg 1907, 2018)
[3058703] Failed to build match row: FC Schalke 04 vs Fußball-Club Augsburg 1907
[2329679] Failed to scrape lineup: https://www.transfermarkt.co.uk/oud-heverlee-leuven_krc-genk/index/spielbericht/2329679

Keepers & outfield error for **Celta** in Celta vs Real Betis Balompié S.A.D.: Numbers: 0 and 11.
[2719028] Failed to build match row: Celta vs Real Betis Balompié S.A.D.

Keepers & outfield error for **Vitória Setúbal FC** in Vitória Setúbal FC vs Moreirense Futebol Clube: Numbers: 2 and 9.
[2480150] Failed to build match row: Vitória Setúbal FC vs Moreirense Futebol Clube
[3156270] Could not find attributes for regan poole (Newport County, 2018)
[3156270] Failed to build match row: Newport County vs Manchester City Football Club
[2424194] Could not find attributes for callum booth (Raith Rovers FC, 2013)
[2424194] Failed to build match row: Raith Rovers FC vs St. Johnstone FC
[3080396] Could not find attributes for jake hastie (Motherwell Football Club, 2018)
[3080396] Failed to build match row: Motherwell Football Club vs Rangers Football Club
[2758699] Could not find attributes for joaozinho (FK Krasnodar, 2016)
[2884404] Could not find attributes for ponck (Desportivo Aves (- 2020), 2017)
[2758699] Failed to build match row: FK Krasnodar vs FC Schalke 04
[2884404] Failed to build match row: Sporting Clube de Braga vs Desportivo Aves (- 2020)
[2982771] Could not find attributes for aleksandr belenov (FK Ufa, 2017)
[2982771] Failed to build match row: FK Ufa vs Anzhi Makhachkala ( -2022)
[2594689] Failed to scrape lineup: https://www.transfermarkt.co.uk/valencia-cf_sporting-gijon/index/spielbericht/2594689
[3309806] Failed to scrape lineup: https://www.transfermarkt.co.uk/volos-nps_asteras-tripolis/index/spielbericht/3309806
[2654347] Failed to scrape lineup: https://www.transfermarkt.co.uk/krylya-sovetov-samara_zenit-st-petersburg/index/spielbericht/2654347

Keepers & outfield error for **Manchester United Football Club** in Chelsea Football Club vs Manchester United Football Club: Numbers: 0 and 11.
[3156271] Failed to build match row: Chelsea Football Club vs Manchester United Football Club
[2352039] Could not find attributes for Antonis Georgallidis (AO Platanias, 2013)
[2352039] Failed to build match row: AO Platanias vs APS Atromitos Athinon
Not enough players found for lineup: 0, 0.
[2367594] Failed to scrape lineup: https://www.transfermarkt.co.uk/spielbericht/index/spielbericht/2367594

Keepers & outfield error for **Rio Ave Futebol Clube** in Rio Ave Futebol Clube vs Clube Desportivo Nacional: Numbers: 0 and 11.
[2512206] Failed to build match row: Rio Ave Futebol Clube vs Clube Desportivo Nacional

Keepers & outfield error for **SD Eibar** in SD Eibar vs Athletic Club Bilbao: Numbers: 2 and 9.
[2329680] Could not find attributes for youri tielemans (Royal Sporting Club Anderlecht, 2013)
[2702799] Could not find attributes for yannis salibur (EA Guingamp, 2016)
[2719029] Failed to build match row: SD Eibar vs Athletic Club Bilbao
[2329680] Failed to build match row: Cercle Brugge Koninklijke Sportvereniging vs Royal Sporting Club Anderlecht
[2702799] Failed to build match row: EA Guingamp vs Football Club de Nantes
[3117059] Could not find attributes for sulayman marreh (KAS Eupen, 2018)
[3117059] Failed to build match row: KAS Eupen vs St Truiden
[3080762] Could not find attributes for martin braithwaite (CD Leganés, 2018)
[3080762] Failed to build match row: Futbol Club Barcelona vs CD Leganés
[2424195] Failed to scrape lineup: https://www.transfermarkt.co.uk/spielbericht/index/spielbericht/2424195
[3240356] Could not find attributes for filippo boccardi (Imolese Calcio 1919, 2019)
[3240356] Failed to build match row: SS Juve Stabia vs Imolese Calcio 1919
[2587011] Could not find attributes for antoine devaux (Stade Reims, 2015)
[2587011] Failed to build match row: Stade Reims vs Rennes
[2725239] Failed to scrape lineup: https://www.transfermarkt.co.uk/spielbericht/index/spielbericht/2725239
[3223952] Failed to scrape lineup: https://www.transfermarkt.co.uk/spielbericht/index/spielbericht/3223952
[3058705] Could not find attributes for oscar wendt (Mönchengladbach, 2018)
[2698370] Failed to scrape lineup: https://www.transfermarkt.co.uk/watford-fc_liverpool-fc/index/spielbericht/2698370
[3058705] Failed to build match row: Mönchengladbach vs Turn- und Sportgemeinschaft 1899 Hoffenheim Fußball-Spielbetriebs
[3050197] Failed to scrape lineup: https://www.transfermarkt.co.uk/brighton-amp-hove-albion_fulham-fc/index/spielbericht/3050197

Keepers & outfield error for **Futebol Clube de Arouca** in Futebol Clube de Arouca vs Sport Lisboa e Benfica: Numbers: 2 and 9.
[2512207] Failed to build match row: Futebol Clube de Arouca vs Sport Lisboa e Benfica

Keepers & outfield error for **Espanol** in Espanol vs Granada CF: Numbers: 2 and 9.
[2475325] Failed to build match row: Espanol vs Granada CF

Keepers & outfield error for **Deportivo de La Coruña** in Deportivo de La Coruña vs Rayo Vallecano de Madrid S. A. D.: Numbers: 0 and 11.
[2594690] Failed to build match row: Deportivo de La Coruña vs Rayo Vallecano de Madrid S. A. D.
[3309807] Could not find attributes for georgios delizisis (Aris Thessalonikis, 2019)
[3309807] Failed to build match row: Aris Thessalonikis vs Athlitiki Enosi Konstantinoupoleos

Keepers & outfield error for **CF União Madeira (-2021)** in CF União Madeira (-2021) vs Vitória Setúbal FC: Numbers: 2 and 9.
[2613642] Failed to build match row: CF União Madeira (-2021) vs Vitória Setúbal FC
[2581186] Could not find attributes for daniel schwaab (Verein für Bewegungsspiele Stuttgart 1893, 2015)
[2581186] Failed to build match row: Verein für Bewegungsspiele Stuttgart 1893 vs Eintracht Frankfurt Fußball AG

Keepers & outfield error for **UD Las Palmas** in UD Las Palmas vs Alaves: Numbers: 2 and 9.
[2460792] Could not find attributes for christian schulz (Hannover 96, 2014)
[2460792] Failed to build match row: Hannover 96 vs 1. Fußball- und Sportverein Mainz 05
[2719030] Failed to build match row: UD Las Palmas vs Alaves
[2871577] Could not find attributes for josip elez (Hannover 96, 2017)
[2871577] Failed to build match row: Hannover 96 vs Verein für Leibesübungen Wolfsburg
[2923632] Failed to scrape lineup: https://www.transfermarkt.co.uk/spielbericht/index/spielbericht/2923632
[3412080] Could not find attributes for daniil barinov (Kuban Krasnodar, 2020)
[3412080] Failed to build match row: Kuban Krasnodar vs Chernomorets Novorossijsk
[3216245] Could not find attributes for miquel nelom (Willem II Tilburg, 2019)
[3216245] Failed to build match row: Willem II Tilburg vs Football Club Groningen
Not enough players found for lineup: 0, 0.
[2884406] Could not find attributes for fabio coentrao (Sporting Clube de Portugal, 2017)
[2367596] Failed to scrape lineup: https://www.transfermarkt.co.uk/spielbericht/index/spielbericht/2367596
[2884406] Failed to build match row: Sporting Clube de Portugal vs Vitória Sport Clube
[2424196] Could not find attributes for neil parry (Albion Rovers FC, 2013)
[2424196] Failed to build match row: Rangers Football Club vs Albion Rovers FC

Keepers & outfield error for **Sporting Clube de Portugal** in CF Os Belenenses vs Sporting Clube de Portugal: Numbers: 0 and 11.
[2654349] Could not find attributes for aritm (FK Krasnodar, 2015)
[2613643] Failed to build match row: CF Os Belenenses vs Sporting Clube de Portugal
[2654349] Failed to build match row: FK Krasnodar vs Футбольный клуб "Локомотив" Москва
[2604349] Failed to scrape lineup: https://www.transfermarkt.co.uk/us-palermo_hellas-verona/index/spielbericht/2604349

Keepers & outfield error for **Real Betis Balompié S.A.D.** in Real Betis Balompié S.A.D. vs Girona Fútbol Club S. A. D.: Numbers: 2 and 9.
[3091494] Could not find attributes for mirko pigliacelli (U Craiova 1948 Club Sportiv SA, 2018)
[3080763] Failed to build match row: Real Betis Balompié S.A.D. vs Girona Fútbol Club S. A. D.
[3091494] Failed to build match row: U Craiova 1948 Club Sportiv SA vs RasenBallsport Leipzig
[3117060] Could not find attributes for olivier deschacht (KSC Lokeren (- 2020), 2018)
[3117060] Failed to build match row: Sportvereniging Zulte Waregem vs KSC Lokeren (- 2020)
[2813592] Could not find attributes for aleksandr melikhov (Tom Tomsk, 2016)
[2352040] Could not find attributes for sokratis dioudis (Aris Thessalonikis, 2013)
[2813592] Failed to build match row: Tom Tomsk vs FK Rostov
[2352040] Failed to build match row: Aris Thessalonikis vs Apollon Smyrnis
[2587012] Could not find attributes for johan martial (ESTAC Troyes, 2015)
[2758701] Could not find attributes for ibrahim sehic (Qarabağ FK, 2016)
[2758701] Failed to build match row: Qarabağ FK vs Panthessalonikios Athlitikos Omilos Konstantinoupoliton
[2587012] Failed to build match row: Paris Saint-Germain Football Club vs ESTAC Troyes
[2534016] Could not find attributes for jason thomson (Raith Rovers FC, 2014)
[2534016] Failed to build match row: Inverness Caledonian Thistle FC vs Raith Rovers FC
[3216246] Could not find attributes for jordan spence (ADO Den Haag, 2019)
[3216246] Failed to build match row: ADO Den Haag vs Heracles Almelo
[2725241] Could not find attributes for markus henriksen (Alkmaar Zaanstreek, 2016)
[2725241] Failed to build match row: Alkmaar Zaanstreek vs PAS Giannina
[2512208] Could not find attributes for marek cech (Boavista FC, 2014)
[2512208] Failed to build match row: Boavista FC vs Vitória Sport Clube
Not enough players found for lineup: 0, 0.
[2367597] Failed to scrape lineup: https://www.transfermarkt.co.uk/spielbericht/index/spielbericht/2367597

Keepers & outfield error for **CF Os Belenenses** in CF Os Belenenses vs Sport Lisboa e Benfica: Numbers: 0 and 11.
[2884407] Failed to build match row: CF Os Belenenses vs Sport Lisboa e Benfica
[2702801] Could not find attributes for issiar dia (AS Nancy-Lorraine, 2016)
[2702801] Failed to build match row: AS Nancy-Lorraine vs Angers Sporting Club de l'Ouest
[2923633] Could not find attributes for zizo (Moreirense Futebol Clube, 2017)
[2923633] Failed to build match row: Moreirense Futebol Clube vs CD Feirense

Keepers & outfield error for **Valencia Club de Fútbol S. A. D.** in Celta vs Valencia Club de Fútbol S. A. D.: Numbers: 0 and 11.

Keepers & outfield error for **Sport Lisboa e Benfica** in Sport Lisboa e Benfica vs Sporting Clube de Braga: Numbers: 0 and 11.
[3080764] Failed to build match row: Celta vs Valencia Club de Fútbol S. A. D.
ortiv SA, 2018)
[2613644] Failed to build match row: Sport Lisboa e Benfica vs Sporting Clube de Braga
[3091496] Failed to build match row: RasenBallsport Leipzig vs U Craiova 1948 Club Sportiv SA
[3240357] Could not find attributes for enrico pezzi (AC Carpi, 2019)
[3240357] Failed to build match row: US Livorno 1915 vs AC Carpi
[3309808] Could not find attributes for nikolaos vafeas (Omilos Filathlon Irakliou FC, 2019)
[2587013] Could not find attributes for casimir ninga (Montpellier HSC, 2015)
tos Athinon
[2486538] Could not find attributes for niko kranjcar (Queens Park Rangers, 2014)
[2486538] Failed to build match row: West Ham United Football Club vs Queens Park Rangers
[2535538] Could not find attributes for imoh ezekiel (Royal Standard Club de Liège, 2014)
[2535538] Failed to build match row: Royal Standard Club de Liège vs Cercle Brugge Koninklijke Sportvereniging
[2758702] Could not find attributes for david hovorka (FC Slovan Liberec, 2016)
[2758702] Failed to build match row: FC Slovan Liberec vs Associazione Calcio Fiorentina
[2702802] Could not find attributes for yannis salibur (EA Guingamp, 2016)
[2702802] Failed to build match row: AS Saint-Étienne vs EA Guingamp
Not enough players found for lineup: 0, 0.
[2725242] Could not find attributes for david hovorka (FC Slovan Liberec, 2016)
[2367598] Failed to scrape lineup: https://www.transfermarkt.co.uk/spielbericht/index/spielbericht/2367598
[2725242] Failed to build match row: FC Admira Wacker Mödling vs FC Slovan Liberec

Keepers & outfield error for **CS Marítimo** in Boavista FC vs CS Marítimo: Numbers: 2 and 9.
[2884408] Failed to build match row: Boavista FC vs CS Marítimo
[2604351] Could not find attributes for gianluigi donnarumma (Associazione Calcio Milan, 2015)
[2604351] Failed to build match row: Associazione Calcio Milan vs Associazione Sportiva Roma

Keepers & outfield error for **Olympiakos Syndesmos Filathlon Peiraios** in Olympiakos Syndesmos Filathlon Peiraios vs AEL Kalloni: Numbers: 0 and 11.

Keepers & outfield error for **Vitória Sport Clube** in Vitória Sport Clube vs UD Oliveirense: Numbers: 0 and 11.
[2352041] Failed to build match row: Olympiakos Syndesmos Filathlon Peiraios vs AEL Kalloni
[2923634] Failed to build match row: Vitória Sport Clube vs UD Oliveirense
[3412081] Failed to build match row: SKVO Rostov-na-Donu vs Kuban Holding Pavlovskaya
[2613645] Could not find attributes for ponck (FC Paços de Ferreira, 2015)
[2613645] Failed to build match row: Grupo Desportivo Estoril Praia vs FC Paços de Ferreira
[2982774] Could not find attributes for andrey egorychev (Ural Yekaterinburg, 2017)
[2982774] Failed to build match row: Ural Yekaterinburg vs Футбольный клуб "Локомотив" Москва

Keepers & outfield error for **Sporting Clube de Braga** in Sporting Clube de Braga vs Futebol Clube do Porto: Numbers: 2 and 9.

Keepers & outfield error for **Cardiff City** in Cardiff City vs Arsenal Football Club: Numbers: 2 and 9.
[2654350] Could not find attributes for giorgiy shelia (FK Ufa, 2015)
[2512209] Failed to build match row: Sporting Clube de Braga vs Futebol Clube do Porto
[3050199] Failed to build match row: Cardiff City vs Arsenal Football Club
[3309809] Could not find attributes for nikolaos papadopoulos (A.G.S Asteras Tripolis, 2019)
[3203507] Could not find attributes for oscar wendt (Mönchengladbach, 2019)
[3216247] Could not find attributes for george cox (Fortuna Sittardia Combinatie, 2019)
[2654350] Failed to build match row: FK Ufa vs FK Dinamo Moskva
[3216247] Failed to build match row: VVV-Venlo vs Fortuna Sittardia Combinatie
[3203507] Failed to build match row: Mönchengladbach vs Eintracht Frankfurt Fußball AG
[3309809] Failed to build match row: A.G.S Asteras Tripolis vs Panathinaikos Athlitikos Omilos

Keepers & outfield error for **SPAL** in SPAL vs Associazione Calcio Fiorentina: Numbers: 2 and 9.

Keepers & outfield error for **UD Almería** in UD Almería vs Real Madrid Club de Fútbol: Numbers: 0 and 11.
[2475328] Failed to build match row: UD Almería vs Real Madrid Club de Fútbol

Keepers & outfield error for **Association sportive de Monaco Football Club** in Olympique de Marseille vs Association sportive de Monaco Football Club: Numbers: 2 and 9.
[2897285] Failed to build match row: SPAL vs Associazione Calcio Fiorentina
Not enough players found for lineup: 0, 0.
la maras (GD Chaves, 2017)
[2587014] Failed to build match row: Olympique de Marseille vs Association sportive de Monaco Football Club
[2367599] Failed to scrape lineup: https://www.transfermarkt.co.uk/spielbericht/index/spielbericht/2367599
[2884409] Failed to build match row: GD Chaves vs Vitória Setúbal FC
[2725245] Could not find attributes for alexandros paschalakis (PAS Giannina, 2016)
[2725245] Failed to build match row: PAS Giannina vs Alkmaar Zaanstreek
[2352042] Could not find attributes for zacharias kavousakis (GS Ergotelis, 2013)
[2352042] Failed to build match row: GS Ergotelis vs APS Atromitos Athinon

Keepers & outfield error for **Levante Unión Deportiva S.A.D.** in Levante Unión Deportiva S.A.D. vs Futbol Club Barcelona: Numbers: 2 and 9.
[2594693] Failed to build match row: Levante Unión Deportiva S.A.D. vs Futbol Club Barcelona
[2813593] Could not find attributes for blagoy georgiev (FC Orenburg, 2016)
[2813593] Failed to build match row: FC Orenburg vs Arsenal Tula
[3412082] Could not find attributes for andrey zaytsev (Zvezda St. Petersburg, 2020)
[3412082] Failed to build match row: Zvezda St. Petersburg vs FC Leningradets
[2512210] Could not find attributes for kleber (Grupo Desportivo Estoril Praia, 2014)
[2512210] Failed to build match row: Grupo Desportivo Estoril Praia vs Gil Vicente Futebol Clube
[3156273] Could not find attributes for etienne capoue (Watford FC, 2018)
[3156273] Failed to build match row: Queens Park Rangers vs Watford FC
[3092283] Could not find attributes for luca sparandeo (Benevento Calcio, 2018)
[3092283] Failed to build match row: Benevento Calcio vs AS Cittadella
[2654351] Could not find attributes for luke wilkshire (RFK Akhmat Grozny, 2015)
[2654351] Failed to build match row: RFK Akhmat Grozny vs Ural Yekaterinburg
[2613646] Could not find attributes for mauricio antonio (CS Marítimo, 2015)
[3309810] Could not find attributes for konstantinos theodoropoulos (PAS Lamia 1964, 2019)
[2613646] Failed to build match row: CS Marítimo vs Clube Desportivo Nacional
[3309810] Failed to build match row: PAS Lamia 1964 vs Aris Thessalonikis
[3216248] Could not find attributes for eli dasa (Vitesse Arnhem, 2019)
[3240358] Could not find attributes for raffaele ioime (Potenza Calcio, 2019)
[3240358] Failed to build match row: Pisa Sporting Club vs Potenza Calcio
 Combinatie Zwolle vs Vitesse Arnhem
[2535540] Could not find attributes for sebastiaan brebels (Sportvereniging Zulte Waregem, 2014)
[2758704] Failed to build match row: Hapoel Beer Sheva vs AC Sparta Praha, a. s.
[2535540] Failed to build match row: Sportvereniging Zulte Waregem vs Yellow-Red Koninklijke Voetbalclub Mechelen

Keepers & outfield error for **Real Valladolid CF** in Levante Unión Deportiva S.A.D. vs Real Valladolid CF: Numbers: 2 and 9.
[3080766] Failed to build match row: Levante Unión Deportiva S.A.D. vs Real Valladolid CF
[2352043] Could not find attributes for kyriakos stratilatis (APO Levadiakos Football Club, 2013)
[2352043] Failed to build match row: Panthessalonikios Athlitikos Omilos Konstantinoupoliton vs APO Levadiakos Football Club
Not enough players found for lineup: 0, 0.
* in St Truiden vs Koninklijke Atletiek Associatie Gent: Numbers: 2 and 9.
[2630716] Failed to scrape lineup: https://www.transfermarkt.co.uk/spielbericht/index/spielbericht/2630716
Not enough players found for lineup: 0, 0.
[2813594] Could not find attributes for georgiy shchennikov (PFK CSKA Moskva, 2016)
[2813594] Failed to build match row: PFK CSKA Moskva vs AO FK Zenit Sankt-Peterburg
[2725246] Failed to scrape lineup: https://www.transfermarkt.co.uk/spielbericht/index/spielbericht/2725246

Keepers & outfield error for **Brighton and Hove Albion Football Club** in Brighton and Hove Albion Football Club vs Derby County: Numbers: 2 and 9.
[3156274] Failed to build match row: Brighton and Hove Albion Football Club vs Derby County
[2655048] Could not find attributes for iain campbell (Forfar Athletic FC, 2015)
[2655048] Failed to build match row: Forfar Athletic FC vs Linlithgow Rose FC
[3203508] Could not find attributes for stephan lichtsteiner (Fußball-Club Augsburg 1907, 2019)
[3203508] Failed to build match row: Verein für Leibesübungen Wolfsburg vs Fußball-Club Augsburg 1907
[2613647] Could not find attributes for kuca (Rio Ave Futebol Clube, 2015)
[2613647] Failed to build match row: Moreirense Futebol Clube vs Rio Ave Futebol Clube
[3058707] Failed to scrape lineup: https://www.transfermarkt.co.uk/sv-werder-bremen_borussia-dortmund/index/spielbericht/3058707
[2475329] Could not find attributes for marcos angeleri (Málaga CF, 2014)
[3240359] Could not find attributes for marius adamonis (US Catanzaro, 2019)
[2475329] Failed to build match row: Málaga CF vs Celta
[3309811] Could not find attributes for christopher knett (Panetolikos Agrinio, 2019)
[3240359] Failed to build match row: US Salernitana 1919 vs US Catanzaro

Keepers & outfield error for **Cagliari Calcio** in Udinese Calcio vs Cagliari Calcio: Numbers: 0 and 11.
[3216249] Could not find attributes for queensy menig (Football Club Twente, 2019)
[3309811] Failed to build match row: Panetolikos Agrinio vs Panionios Athens
[2367600] Could not find attributes for nicolas schenone (Alaves, 2013)
[2897287] Failed to build match row: Udinese Calcio vs Cagliari Calcio
[3216249] Failed to build match row: Football Club Twente vs Sportclub Heerenveen
[2367600] Failed to build match row: Alaves vs Real Zaragoza
[2923635] Could not find attributes for christophe nduwarugira (CF União Madeira (-2021), 2017)
[3050201] Could not find attributes for danny ings (Southampton FC, 2018)
[2923635] Failed to build match row: Sporting Clube de Portugal vs CF União Madeira (-2021)
[3050201] Failed to build match row: Crystal Palace Football Club vs Southampton FC
[2758705] Could not find attributes for alexandru bourceanu (SC Fotbal Club FCSB SA, 2016)
[2725247] Could not find attributes for dmytro bezotosnyi (FK Qabala, 2016)
[2758705] Failed to build match row: SC Fotbal Club FCSB SA vs FC Zürich
[2725247] Failed to build match row: FK Qabala vs Lille Olympique Sporting Club
[2655060] Could not find attributes for ross smith (Stirling Albion FC, 2015)
[2655060] Failed to build match row: Inverness Caledonian Thistle FC vs Stirling Albion FC
[2352044] Could not find attributes for anestis anastasiadis (AEL Kalloni, 2013)
[2352044] Failed to build match row: AEL Kalloni vs Panthessalonikios Athlitikos Omilos Konstantinoupoliton
[2982776] Could not find attributes for nemanja tubic (SKA Khabarovsk, 2017)
[2982776] Failed to build match row: FK Spartak Moskva vs SKA Khabarovsk
[3157124] Could not find attributes for julian cuesta (Aris Thessalonikis, 2018)
[3157124] Failed to build match row: Aris Thessalonikis vs Athlitiki Enosi Konstantinoupoleos
[3203509] Could not find attributes for vladimir darida (Hertha BSC, 2019)
[3203509] Failed to build match row: Hertha BSC vs Turn- und Sportgemeinschaft 1899 Hoffenheim Fußball-Spielbetriebs

Keepers & outfield error for **Futebol Clube do Porto** in Futebol Clube do Porto vs Futebol Clube de Arouca: Numbers: 2 and 9.
[2512211] Failed to build match row: Futebol Clube do Porto vs Futebol Clube de Arouca
[2535541] Could not find attributes for Boban Bajkovic (Lierse SK (- 2018), 2014)
[2535541] Failed to build match row: Lierse SK (- 2018) vs Koninklijke Racing Club Genk
[3412083] Could not find attributes for aleksandr tuaev (Luki-Energia Velikie Luki, 2020)
[3412083] Failed to build match row: Luki-Energia Velikie Luki vs FK Dolgoprudnyi
[2613648] Could not find attributes for chidozie awaziem (Futebol Clube do Porto, 2015)
[2613648] Failed to build match row: Futebol Clube do Porto vs Clube Desportivo de Tondela

Keepers & outfield error for **Juventus Football Club** in Juventus Football Club vs UC Sampdoria: Numbers: 0 and 11.
[2604352] Failed to build match row: Juventus Football Club vs UC Sampdoria
[2884410] Could not find attributes for charalampos kyriakou (Grupo Desportivo Estoril Praia, 2017)
[2884410] Failed to build match row: Grupo Desportivo Estoril Praia vs Clube Desportivo de Tondela
[2871593] Failed to scrape lineup: https://www.transfermarkt.co.uk/sc-freiburg_borussia-dortmund/index/spielbericht/2871593
[2702805] Could not find attributes for jeremy morel (Olympique Lyonnais, 2016)
Not enough players found for lineup: 0, 0.
[2702805] Failed to build match row: Olympique Lyonnais vs Rennes
[2367601] Failed to scrape lineup: https://www.transfermarkt.co.uk/spielbericht/index/spielbericht/2367601
[2813596] Could not find attributes for gregor balazic (Ural Yekaterinburg, 2016)
[2813596] Failed to build match row: Ural Yekaterinburg vs Amkar Perm

Keepers & outfield error for **CF Os Belenenses** in CF Os Belenenses vs CS Marítimo: Numbers: 0 and 11.
[2923636] Failed to build match row: CF Os Belenenses vs CS Marítimo
[2725248] Could not find attributes for lovre kalinic (HNK Hajduk Split, 2016)
[2725248] Failed to build match row: HNK Hajduk Split vs FC Oleksandriya
[3266618] Could not find attributes for omid ebrahimi (KAS Eupen, 2019)
[3266618] Failed to build match row: KV Kortrijk vs KAS Eupen
[2352045] Could not find attributes for danijel pranjic (Panathinaikos Athlitikos Omilos, 2013)
[2352045] Failed to build match row: Panathinaikos Athlitikos Omilos vs APS Atromitos Athinon
[3157125] Could not find attributes for neofytos michail (PAS Giannina, 2018)
[3157125] Failed to build match row: PAS Giannina vs AO Xanthi

Keepers & outfield error for **1. Fußball- und Sportverein Mainz 05** in 1. Fußball- und Sportverein Mainz 05 vs 1. Fußball-Club Köln: Numbers: 2 and 9.
[3203510] Failed to build match row: 1. Fußball- und Sportverein Mainz 05 vs 1. Fußball-Club Köln
[3092285] Could not find attributes for strahinja tanasijevic (Chievo Verona, 2018)
[3092285] Failed to build match row: Chievo Verona vs Cagliari Calcio
[2480161] Could not find attributes for iago santos (Académica Coimbra, 2014)
[2480161] Failed to build match row: Académica Coimbra vs FC Paços de Ferreira

Keepers & outfield error for **Associazione Calcio Fiorentina** in Associazione Calcio Fiorentina vs Società Sportiva Calcio Napoli: Numbers: 0 and 11.
[2425887] Failed to build match row: Associazione Calcio Fiorentina vs Società Sportiva Calcio Napoli
[2884411] Could not find attributes for boubacar fofana (Moreirense Futebol Clube, 2017)
[2884411] Failed to build match row: Moreirense Futebol Clube vs Futebol Clube do Porto
[3216251] Could not find attributes for robert bozenik (Feyenoord Rotterdam, 2019)
[3216251] Failed to build match row: Eindhovense Voetbalvereniging Philips Sport Vereniging vs Feyenoord Rotterdam

Keepers & outfield error for **Alaves** in Getafe Club de Fútbol S. A. D. Team Dubai vs Alaves: Numbers: 2 and 9.
[3080769] Failed to build match row: Getafe Club de Fútbol S. A. D. Team Dubai vs Alaves
[2813597] Could not find attributes for catalin carp (FK Ufa, 2016)
[2813597] Failed to build match row: RFK Akhmat Grozny vs FK Ufa
[2460797] Could not find attributes for roel brouwers (Mönchengladbach, 2014)
[3117064] Could not find attributes for frank boya (Royal Excel Mouscron (-2022), 2018)
[2460797] Failed to build match row: FC Schalke 04 vs Mönchengladbach
[3117064] Failed to build match row: Royal Excel Mouscron (-2022) vs Koninklijke Racing Club Genk
[2702806] Could not find attributes for younes belhanda (Olympique Gymnaste Club Nice Côte d'Azur, 2016)
[2702806] Failed to build match row: Paris Saint-Germain Football Club vs Olympique Gymnaste Club Nice Côte d'Azur
[2758706] Could not find attributes for badou ndiaye (Ankaraspor, 2016)
[2758706] Failed to build match row: Ankaraspor vs Villarreal Club de Fútbol S.A.D.
[2725249] Could not find attributes for roland juhasz (Videoton FC, 2016)
[2725249] Failed to build match row: Fodbold Club Midtjylland vs Videoton FC
[2475330] Could not find attributes for marcos angeleri (Málaga CF, 2014)
[2475330] Failed to build match row: Elche Club de Fútbol S.A.D. vs Málaga CF
[2352046] Could not find attributes for Sokratis Dioudis (Aris Thessalonikis, 2013)
[2352046] Failed to build match row: Aris Thessalonikis vs A.G.S Asteras Tripolis

Keepers & outfield error for **CS Marítimo** in CS Marítimo vs CF União Madeira (-2021): Numbers: 2 and 9.
[2923645] Failed to build match row: CS Marítimo vs CF União Madeira (-2021)
[2613649] Could not find attributes for aymen tahar (Boavista FC, 2015)
[2613649] Failed to build match row: Boavista FC vs Futebol Clube de Arouca
[2897289] Could not find attributes for mattia destro (Bologna Football Club 1909, 2017)
[2897289] Failed to build match row: Torino Calcio vs Bologna Football Club 1909
[3157126] Could not find attributes for anestis nastos (Omilos Filathlon Irakliou FC, 2018)
[3157126] Failed to build match row: Omilos Filathlon Irakliou FC vs Athlitiki Enosi Larisas
[3412084] Could not find attributes for maksim ivashov (Torpedo Vladimir, 2020)
[3412084] Failed to build match row: Torpedo Vladimir vs Rodina Moscow

Keepers & outfield error for **Portimonense SC** in Portimonense SC vs Rio Ave Futebol Clube: Numbers: 0 and 11.
[2884412] Failed to build match row: Portimonense SC vs Rio Ave Futebol Clube
Not enough players found for lineup: 0, 0.
[2630717] Failed to scrape lineup: https://www.transfermarkt.co.uk/spielbericht/index/spielbericht/2630717

Keepers & outfield error for **Granada CF** in Granada CF vs Real Madrid Club de Fútbol: Numbers: 0 and 11.
[2594697] Failed to build match row: Granada CF vs Real Madrid Club de Fútbol
[2480162] Could not find attributes for pintassilgo (Futebol Clube de Arouca, 2014)
[2480162] Failed to build match row: Futebol Clube de Arouca vs Vitória Setúbal FC
[2982777] Could not find attributes for dmitriy skopintsev (FK Rostov, 2017)
[2982777] Failed to build match row: FK Rostov vs AO FK Zenit Sankt-Peterburg
[3224707] Could not find attributes for vladimir rykov (FK Dinamo Moskva, 2019)
[3224707] Failed to build match row: FK Dinamo Moskva vs Ural Yekaterinburg

Keepers & outfield error for **FC Paços de Ferreira** in FC Paços de Ferreira vs Boavista FC: Numbers: 2 and 9.
[2512212] Failed to build match row: FC Paços de Ferreira vs Boavista FC
[2460798] Could not find attributes for nadiem amiri (Turn- und Sportgemeinschaft 1899 Hoffenheim Fußball-Spielbetriebs, 2014)
[2460798] Failed to build match row: Verein für Leibesübungen Wolfsburg vs Turn- und Sportgemeinschaft 1899 Hoffenheim Fußball-Spielbetriebs
[3058708] Failed to scrape lineup: https://www.transfermarkt.co.uk/sc-freiburg_fortuna-dusseldorf/index/spielbericht/3058708
[2535542] Could not find attributes for enes sipovic (Koninklijke Voetbal Club Westerlo, 2014)
[2535542] Failed to build match row: Koninklijke Voetbal Club Westerlo vs KV Oostende
[2725250] Could not find attributes for adam jakubech (Spartak Trnava, 2016)

Keepers & outfield error for **FC Shakhtar Donetsk** in Fenerbahçe Spor Kulübü vs FC Shakhtar Donetsk: Numbers: 2 and 9.
[2725250] Failed to build match row: Spartak Trnava vs Fußballklub Austria Wien
[2604355] Failed to build match row: Fenerbahçe Spor Kulübü vs FC Shakhtar Donetsk
[3266620] Could not find attributes for calvin dekuyper (Cercle Brugge Koninklijke Sportvereniging, 2019)
[2352047] Could not find attributes for markos vellidis (PAS Giannina, 2013)
 vs Royal Excel Mouscron (-2022)
[3157127] Could not find attributes for michalis kyrgias (Apollon Smyrnis, 2018)
[2352047] Failed to build match row: PAS Giannina vs A.G.S Asteras Tripolis
[3157127] Failed to build match row: Apollon Smyrnis vs Olympiakos Syndesmos Filathlon Peiraios
[3309812] Could not find attributes for christos mandas (APS Atromitos Athinon, 2019)
[3309812] Failed to build match row: APS Atromitos Athinon vs AO Xanthi
[3242061] Could not find attributes for vitaliy chebotaryov (SK Tavriya Simferopol ( - 2022), 2019)
[3242061] Failed to build match row: SK Tavriya Simferopol ( - 2022) vs Real Farma Ovidiopol
[2486542] Failed to scrape lineup: https://www.transfermarkt.co.uk/crystal-palace_chelsea-fc/index/spielbericht/2486542
[2587018] Could not find attributes for ronael pierre gabriel (AS Saint-Étienne, 2015)
Not enough players found for lineup: 0, 11.

Keepers & outfield error for **Sport Lisboa e Benfica** in Sport Lisboa e Benfica vs Vitória Sport Clube: Numbers: 2 and 9.
[2587018] Failed to build match row: AS Saint-Étienne vs EA Guingamp
[2630718] Failed to scrape lineup: https://www.transfermarkt.co.uk/spielbericht/index/spielbericht/2630718

Keepers & outfield error for **Vitória Setúbal FC** in Vitória Setúbal FC vs CF Os Belenenses: Numbers: 2 and 9.
[2480163] Failed to build match row: Sport Lisboa e Benfica vs Vitória Sport Clube
[2884413] Failed to build match row: Vitória Setúbal FC vs CF Os Belenenses
[3412085] Could not find attributes for vladislav yampolskiy (FC Kolomna, 2020)
[3092286] Could not find attributes for francesco belli (Virtus Entella, 2018)
[3412085] Failed to build match row: FC Kolomna vs Sakhalin Yuzhno-Sakhalinsk
[3224708] Could not find attributes for aleksandr belenov (FK Ufa, 2019)
[3092286] Failed to build match row: Genoa Cricket and Football Club vs Virtus Entella
[3224708] Failed to build match row: FK Ufa vs PFK Krylya Sovetov Samara
[3050205] Could not find attributes for etienne capoue (Watford FC, 2018)
[3050205] Failed to build match row: Watford FC vs Tottenham Hotspur Football Club
[2655061] Could not find attributes for alex schalk (Ross County FC, 2015)
[2655061] Failed to build match row: Ross County FC vs Dunfermline Athletic FC
[3210317] Could not find attributes for zeca (Football Club København, 2019)

Keepers & outfield error for **Clube Desportivo Nacional** in Académica Coimbra vs Clube Desportivo Nacional: Numbers: 2 and 9.
[3210317] Failed to build match row: Football Club København vs Fodbold Club Nordsjælland
[2982778] Could not find attributes for dmitriy kabutov (SKA Khabarovsk, 2017)
[2512213] Failed to build match row: Académica Coimbra vs Clube Desportivo Nacional
[2982778] Failed to build match row: SKA Khabarovsk vs Ural Yekaterinburg
[2367602] Could not find attributes for masoud shojaei (UD Las Palmas, 2013)
[2367602] Failed to build match row: CE Sabadell FC vs UD Las Palmas
[3117066] Could not find attributes for sulayman marreh (KAS Eupen, 2018)
[3117066] Failed to build match row: Royal Standard Club de Liège vs KAS Eupen
l Club de Fútbol S.A.D. vs CD Leganés: Numbers: 0 and 11.
[2719031] Failed to build match row: Villarreal Club de Fútbol S.A.D. vs CD Leganés
[3157128] Could not find attributes for vladimir bajic (APO Levadiakos Football Club, 2018)
[3157128] Failed to build match row: APO Levadiakos Football Club vs PAS Lamia 1964

Keepers & outfield error for **Athletic Club Bilbao** in Athletic Club Bilbao vs Club Atlético de Madrid S.A.D.: Numbers: 2 and 9.
[2475332] Failed to build match row: Athletic Club Bilbao vs Club Atlético de Madrid S.A.D.

Keepers & outfield error for **Fußball-Club Augsburg 1907** in Fußball-Club Augsburg 1907 vs 1. Fußball-Club Köln: Numbers: 2 and 9.
[2871596] Failed to build match row: Fußball-Club Augsburg 1907 vs 1. Fußball-Club Köln
[3242062] Could not find attributes for sergiy dvornyk (Energiya Nova Kakhovka, 2019)
[3242062] Failed to build match row: Energiya Nova Kakhovka vs Bukovyna Chernivtsi

Keepers & outfield error for **FC Shakhtar Donetsk** in FC Shakhtar Donetsk vs Fenerbahçe Spor Kulübü: Numbers: 2 and 9.

Keepers & outfield error for **Verona Hellas Football Club** in Società Sportiva Calcio Napoli vs Verona Hellas Football Club: Numbers: 0 and 11.
[2897291] Failed to build match row: Società Sportiva Calcio Napoli vs Verona Hellas Football Club
[2425889] Could not find attributes for milos jojic (Borussia Dortmund, 2013)
[2425889] Failed to build match row: Borussia Dortmund vs Verein für Leibesübungen Wolfsburg
[2758726] Could not find attributes for oleksiy shevchenko (FC Zorya Lugansk, 2016)
[2758726] Failed to build match row: FC Zorya Lugansk vs Feyenoord Rotterdam
[2352048] Could not find attributes for georgios kantimiris (Veria NPS, 2013)
[2352048] Failed to build match row: Veria NPS vs AO Platanias
[3224709] Could not find attributes for giorgiy shelia (PFK Tambov (-2021), 2019)
[3309813] Could not find attributes for athanasios garavelis (Volou Neos Podosferikos Syllogos, 2019)
[3224709] Failed to build match row: PFK Tambov (-2021) vs FK Spartak Moskva
[3309813] Failed to build match row: Volou Neos Podosferikos Syllogos vs Athlitiki Enosi Larisas
[2480164] Could not find attributes for kleber (Grupo Desportivo Estoril Praia, 2014)
[2480164] Failed to build match row: Grupo Desportivo Estoril Praia vs Moreirense Futebol Clube
Not enough players found for lineup: 0, 0.
[2630719] Failed to scrape lineup: https://www.transfermarkt.co.uk/spielbericht/index/spielbericht/2630719

Keepers & outfield error for **CF Os Belenenses** in CF Os Belenenses vs Grupo Desportivo Estoril Praia: Numbers: 4 and 7.
[3216254] Could not find attributes for george cox (Fortuna Sittardia Combinatie, 2019)
[2512214] Failed to build match row: CF Os Belenenses vs Grupo Desportivo Estoril Praia
[3216254] Failed to build match row: Fortuna Sittardia Combinatie vs Prins Hendrik Ende Desespereert Nimmer Combinatie Zwolle
[2813599] Could not find attributes for arsen khubulov (Anzhi Makhachkala ( -2022), 2016)
[2813599] Failed to build match row: Anzhi Makhachkala ( -2022) vs FC Rubin Kazan
[3092287] Could not find attributes for elia benedettini (Novara Calcio 1908, 2018)
[2594699] Could not find attributes for wilfried zahibo (Valencia Club de Fútbol S. A. D., 2015)
[3092287] Failed to build match row: Novara Calcio 1908 vs Pisa Sporting Club
[3117067] Could not find attributes for sander coopman (KV Oostende, 2018)
[2594699] Failed to build match row: Real Betis Balompié S.A.D. vs Valencia Club de Fútbol S. A. D.
[3117067] Failed to build match row: KV Oostende vs KV Kortrijk
[2982779] Could not find attributes for dmitriy skopintsev (FK Rostov, 2017)
[2982779] Failed to build match row: Arsenal Tula vs FK Rostov

Keepers & outfield error for **Royal Sporting Club Anderlecht** in Royal Sporting Club Anderlecht vs KV Kortrijk: Numbers: 0 and 11.

Keepers & outfield error for **Alaves** in Alaves vs Rayo Vallecano de Madrid S. A. D.: Numbers: 2 and 9.
[2535544] Failed to build match row: Royal Sporting Club Anderlecht vs KV Kortrijk
[3080772] Failed to build match row: Alaves vs Rayo Vallecano de Madrid S. A. D.
[2871597] Could not find attributes for albin ekdal (Hamburger Sport Verein, 2017)
[2871597] Failed to build match row: Hamburger Sport Verein vs RasenBallsport Leipzig

Keepers & outfield error for **CF Os Belenenses** in CF Os Belenenses vs Sporting Clube de Portugal: Numbers: 0 and 11.
[2923646] Failed to build match row: CF Os Belenenses vs Sporting Clube de Portugal
[2604357] Could not find attributes for reece oxford (West Ham United Football Club, 2015)
[2604357] Failed to build match row: West Ham United Football Club vs Astra Giurgiu (- 2024)
[2352049] Could not find attributes for giannis anestis (Panionios Athens, 2013)
[2352049] Failed to build match row: Panionios Athens vs Omilos Filathlon Irakliou FC
[2613650] Could not find attributes for mohcine hassan (Vitória Setúbal FC, 2015)
[2613650] Failed to build match row: Vitória Setúbal FC vs CF Os Belenenses
[3309814] Could not find attributes for damian szymanski (Athlitiki Enosi Konstantinoupoleos, 2019)
[3309814] Failed to build match row: Athlitiki Enosi Konstantinoupoleos vs Omilos Filathlon Irakliou FC

Keepers & outfield error for **St Truiden** in Yellow-Red Koninklijke Voetbalclub Mechelen vs St Truiden: Numbers: 2 and 9.
[3266622] Failed to build match row: Yellow-Red Koninklijke Voetbalclub Mechelen vs St Truiden
[2813600] Could not find attributes for vladimir gabulov (Arsenal Tula, 2016)
[2486544] Could not find attributes for kasper schmeichel (Leicester City, 2014)
[2758727] Could not find attributes for abzal beysebekov (FC Astana, 2016)
[2486544] Failed to build match row: Newcastle United Football Club vs Leicester City
[2813600] Failed to build match row: Arsenal Tula vs Ural Yekaterinburg
[3224710] Could not find attributes for matvey safonov (FK Krasnodar, 2019)
[2758727] Failed to build match row: FC Astana vs Olympiakos Syndesmos Filathlon Peiraios

Keepers & outfield error for **Sport Lisboa e Benfica** in Sport Lisboa e Benfica vs Sporting Clube de Braga: Numbers: 2 and 9.
[3224710] Failed to build match row: FK Krasnodar vs FK Sochi
[2512215] Failed to build match row: Sport Lisboa e Benfica vs Sporting Clube de Braga
Not enough players found for lineup: 0, 11.
[2630720] Failed to scrape lineup: https://www.transfermarkt.co.uk/spielbericht/index/spielbericht/2630720

Keepers & outfield error for **Sporting Gijón** in Sporting Gijón vs Deportivo de La Coruña: Numbers: 2 and 9.
[2594700] Failed to build match row: Sporting Gijón vs Deportivo de La Coruña
[2698371] Could not find attributes for josh harrop (Manchester United Football Club, 2016)
[2698371] Failed to build match row: Manchester United Football Club vs Crystal Palace Football Club
[3412086] Could not find attributes for maksim bogatyrev (Avangard Kursk, 2020)
[3412086] Failed to build match row: Avangard Kursk vs FC Kaluga
[3242064] Could not find attributes for vladyslav sydorenko (Krystal Kherson, 2019)
[3117068] Could not find attributes for frank boya (Royal Excel Mouscron (-2022), 2018)
[3117068] Failed to build match row: SK Beveren vs Royal Excel Mouscron (-2022)
[3242064] Failed to build match row: Krystal Kherson vs Dinaz Vyshgorod

Keepers & outfield error for **CD Feirense** in CD Feirense vs UD Oliveirense: Numbers: 0 and 11.
[2923647] Failed to build match row: CD Feirense vs UD Oliveirense
[2604358] Could not find attributes for vlastimil hruby (FK Jablonec a.s., 2015)
[2352050] Could not find attributes for andre bikey (Panetolikos Agrinio, 2013)
[2352050] Failed to build match row: Panetolikos Agrinio vs Panathinaikos Athlitikos Omilos
[2604358] Failed to build match row: FK Jablonec a.s. vs Football Club København

Keepers & outfield error for **Cagliari Calcio** in Cagliari Calcio vs Juventus Football Club: Numbers: 0 and 11.
[2613651] Could not find attributes for hicham belkaroui (Clube Desportivo Nacional, 2015)
[2897293] Failed to build match row: Cagliari Calcio vs Juventus Football Club
[2613651] Failed to build match row: Clube Desportivo Nacional vs Grupo Desportivo Estoril Praia

Keepers & outfield error for **Futebol Clube do Porto** in Futebol Clube do Porto vs Sport Lisboa e Benfica: Numbers: 0 and 11.
[2426579] Failed to build match row: Futebol Clube do Porto vs Sport Lisboa e Benfica
[2813601] Could not find attributes for blagoy georgiev (FC Orenburg, 2016)
[2813601] Failed to build match row: FC Rubin Kazan vs FC Orenburg
[2758728] Could not find attributes for boy waterman (APOEL Nicosia, 2016)
[3216256] Could not find attributes for joey veerman (Sportclub Heerenveen, 2019)
[2758728] Failed to build match row: APOEL Nicosia vs Berner Sport Club Young Boys
[3216256] Failed to build match row: Sportclub Heerenveen vs AFC Ajax Amsterdam

Keepers & outfield error for **Gil Vicente Futebol Clube** in Gil Vicente Futebol Clube vs Moreirense Futebol Clube: Numbers: 3 and 8.
[2512216] Failed to build match row: Gil Vicente Futebol Clube vs Moreirense Futebol Clube

Keepers & outfield error for **Futbol Club Barcelona** in Real Madrid Club de Fútbol vs Futbol Club Barcelona: Numbers: 2 and 9.
[2719034] Failed to build match row: Real Madrid Club de Fútbol vs Futbol Club Barcelona
[2871599] Could not find attributes for julian korb (Hannover 96, 2017)
[2871599] Failed to build match row: Verein für Leibesübungen Wolfsburg vs Hannover 96
[2630721] Could not find attributes for theodoros moschonas (APO Levadiakos Football Club, 2015)
[2630721] Failed to build match row: APO Levadiakos Football Club vs AOK Kerkyra
[2923648] Could not find attributes for bilel aouacheria (Moreirense Futebol Clube, 2017)
[2923648] Failed to build match row: Moreirense Futebol Clube vs Vitória Sport Clube
[2613652] Could not find attributes for kuca (Rio Ave Futebol Clube, 2015)
[2613652] Failed to build match row: Rio Ave Futebol Clube vs Vitória Sport Clube
[2587024] Could not find attributes for igor de camargo (Koninklijke Racing Club Genk, 2015)
[2587024] Failed to build match row: Koninklijke Racing Club Genk vs Oud-Heverlee Leuven
[3242065] Could not find attributes for yaroslav vazhynskyi (Alyans Lypova Dolyna, 2019)
[3242065] Failed to build match row: Alyans Lypova Dolyna vs FC Uzhgorod
[3412087] Could not find attributes for artem tsygulev (Salyut Belgorod, 2020)
[3412087] Failed to build match row: Salyut Belgorod vs Metallurg Vidnoe

Keepers & outfield error for **SPAL** in SPAL vs Società Sportiva Lazio S.p.A.: Numbers: 2 and 9.
[2897294] Failed to build match row: SPAL vs Società Sportiva Lazio S.p.A.
[2604359] Could not find attributes for valerica gaman (Astra Giurgiu (- 2024), 2015)
[2352051] Could not find attributes for spyros vallas (AO Xanthi, 2013)
[2581197] Failed to scrape lineup: https://www.transfermarkt.co.uk/hannover-96_borussia-dortmund/index/spielbericht/2581197
[2604359] Failed to build match row: Astra Giurgiu (- 2024) vs West Ham United Football Club
[2352051] Failed to build match row: AO Xanthi vs Panthessalonikios Athlitikos Omilos Konstantinoupoliton

Keepers & outfield error for **Sporting Clube de Braga** in Rio Ave Futebol Clube vs Sporting Clube de Braga: Numbers: 0 and 11.
[2426580] Failed to build match row: Rio Ave Futebol Clube vs Sporting Clube de Braga
[2813602] Could not find attributes for mario fernandes (PFK CSKA Moskva, 2016)
[2813602] Failed to build match row: PFK CSKA Moskva vs Tom Tomsk
[2702808] Could not find attributes for rod fanni (Olympique de Marseille, 2016)
[2702808] Failed to build match row: Dijon FCO vs Olympique de Marseille
[3309816] Could not find attributes for ogmundur kristinsson (Athlitiki Enosi Larisas, 2019)
[3309816] Failed to build match row: Athlitiki Enosi Larisas vs A.G.S Asteras Tripolis
[3050207] Failed to scrape lineup: https://www.transfermarkt.co.uk/afc-bournemouth_leicester-city/index/spielbericht/3050207
[3216257] Could not find attributes for jordan spence (ADO Den Haag, 2019)
[3216257] Failed to build match row: Alkmaar Zaanstreek vs ADO Den Haag
[3092288] Failed to scrape lineup: https://www.transfermarkt.co.uk/spielbericht/index/spielbericht/3092288
Not enough players found for lineup: 0, 0.
[2367603] Failed to scrape lineup: https://www.transfermarkt.co.uk/spielbericht/index/spielbericht/2367603

Keepers & outfield error for **1. Fußball- und Sportverein Mainz 05** in RasenBallsport Leipzig vs 1. Fußball- und Sportverein Mainz 05: Numbers: 2 and 9.
[3203515] Failed to build match row: RasenBallsport Leipzig vs 1. Fußball- und Sportverein Mainz 05
[2480165] Could not find attributes for jander (Gil Vicente Futebol Clube, 2014)
[2480165] Failed to build match row: Gil Vicente Futebol Clube vs FC Penafiel
[2460800] Could not find attributes for ragnar klavan (Fußball-Club Augsburg 1907, 2014)
[2460800] Failed to build match row: Fußball-Club Augsburg 1907 vs Eintracht Frankfurt Fußball AG
[3412088] Could not find attributes for timur kraykov (Sokol Saratov, 2020)
[3412088] Failed to build match row: Sokol Saratov vs FC Murom

Keepers & outfield error for **KV Oostende** in KV Oostende vs Yellow-Red Koninklijke Voetbalclub Mechelen: Numbers: 2 and 9.
[2587025] Failed to build match row: KV Oostende vs Yellow-Red Koninklijke Voetbalclub Mechelen
[2581198] Could not find attributes for florian klein (Verein für Bewegungsspiele Stuttgart 1893, 2015)
[2702809] Could not find attributes for clement michelin (Toulouse Football Club, 2016)
[2702809] Failed to build match row: Toulouse Football Club vs Football Club Lorient-Bretagne Sud
Not enough players found for lineup: 0, 11.
[2630722] Failed to scrape lineup: https://www.transfermarkt.co.uk/spielbericht/index/spielbericht/2630722

Keepers & outfield error for **Sporting Clube de Portugal** in Sporting Clube de Portugal vs CS Marítimo: Numbers: 0 and 11.
[2613653] Failed to build match row: Sporting Clube de Portugal vs CS Marítimo
[2604360] Could not find attributes for stephan andersen (Football Club København, 2015)
[3224711] Could not find attributes for aleksandr dovbnya (FC Orenburg, 2019)
[2604360] Failed to build match row: Football Club København vs FK Jablonec a.s.
[3224711] Failed to build match row: FC Orenburg vs AO FK Zenit Sankt-Peterburg
[3309817] Could not find attributes for aristotelis karasalidis (AO Xanthi, 2019)
[3309817] Failed to build match row: AO Xanthi vs Panthessalonikios Athlitikos Omilos Konstantinoupoliton
[3216258] Could not find attributes for eli dasa (Vitesse Arnhem, 2019)
[3216258] Failed to build match row: Vitesse Arnhem vs Football Club Twente

Keepers & outfield error for **Cardiff City** in Chelsea Football Club vs Cardiff City: Numbers: 2 and 9.
[3050208] Failed to build match row: Chelsea Football Club vs Cardiff City

Keepers & outfield error for **Sporting Clube de Braga** in Futebol Clube do Porto vs Sporting Clube de Braga: Numbers: 2 and 9.
[2884414] Failed to build match row: Futebol Clube do Porto vs Sporting Clube de Braga
[2982780] Could not find attributes for aleksandr belenov (FK Ufa, 2017)
[2982780] Failed to build match row: FK Krasnodar vs FK Ufa
[2725252] Could not find attributes for joaozinho (FK Krasnodar, 2016)
[2725252] Failed to build match row: FK Krasnodar vs Birkirkara FC
[2460801] Could not find attributes for janek sternberg (Sportverein Werder Bremen von 1899, 2014)
[2512217] Could not find attributes for otavio (Vitória Sport Clube, 2014)
[2512217] Failed to build match row: Vitória Sport Clube vs Vitória Setúbal FC
[2460801] Failed to build match row: Sportverein Werder Bremen von 1899 vs Bayer 04 Leverkusen Fußball

Keepers & outfield error for **Levante Unión Deportiva S.A.D.** in SD Eibar vs Levante Unión Deportiva S.A.D.: Numbers: 2 and 9.
[2594703] Failed to build match row: SD Eibar vs Levante Unión Deportiva S.A.D.
[2813603] Could not find attributes for catalin carp (FK Ufa, 2016)
[2813603] Failed to build match row: FK Ufa vs PFK Krylya Sovetov Samara
[2352052] Could not find attributes for dino seremet (Panthrakikos Komotini, 2013)
[2352052] Failed to build match row: Panthrakikos Komotini vs APO Levadiakos Football Club
[3203516] Could not find attributes for oscar wendt (Mönchengladbach, 2019)
[3203516] Failed to build match row: Bayer 04 Leverkusen Fußball vs Mönchengladbach

Keepers & outfield error for **Málaga CF** in Málaga CF vs Valencia Club de Fútbol S. A. D.: Numbers: 0 and 11.
[2719036] Failed to build match row: Málaga CF vs Valencia Club de Fútbol S. A. D.

Keepers & outfield error for **Sport Lisboa e Benfica** in Académica Coimbra vs Sport Lisboa e Benfica: Numbers: 0 and 11.
[2613654] Failed to build match row: Académica Coimbra vs Sport Lisboa e Benfica
[3309818] Could not find attributes for fabian ehmann (Aris Thessalonikis, 2019)
[3157130] Could not find attributes for nikolaos papadopoulos (A.G.S Asteras Tripolis, 2018)
[3309818] Failed to build match row: Aris Thessalonikis vs APS Atromitos Athinon
[3157130] Failed to build match row: A.G.S Asteras Tripolis vs Panetolikos Agrinio
[3224712] Could not find attributes for artur nigmatullin (Arsenal Tula, 2019)
[3117071] Could not find attributes for yari verschaeren (Royal Sporting Club Anderlecht, 2018)
[3224712] Failed to build match row: Arsenal Tula vs FK Rostov
[3117071] Failed to build match row: St Truiden vs Royal Sporting Club Anderlecht
[3092289] Could not find attributes for rosario bucolo (Catania FC, 2018)
[2428040] Could not find attributes for dimitrios kyriakidis (AO Xanthi, 2013)
[3092289] Failed to build match row: Unione Sportiva Sassuolo Calcio vs Catania FC
[2428040] Failed to build match row: AO Xanthi vs AEL Kalloni
[2884415] Could not find attributes for nikola maras (GD Chaves, 2017)
[2884415] Failed to build match row: CD Feirense vs GD Chaves

Keepers & outfield error for **Valencia Club de Fútbol S. A. D.** in Valencia Club de Fútbol S. A. D. vs Villarreal Club de Fútbol S.A.D.: Numbers: 0 and 11.
[3080776] Failed to build match row: Valencia Club de Fútbol S. A. D. vs Villarreal Club de Fútbol S.A.D.
[3266768] Could not find attributes for simone moschin (FC Pro Vercelli 1892, 2019)
[3266768] Failed to build match row: FC Pro Vercelli 1892 vs Rende Calcio 1968
Not enough players found for lineup: 0, 0.
[2367604] Failed to scrape lineup: https://www.transfermarkt.co.uk/spielbericht/index/spielbericht/2367604
[2475333] Could not find attributes for loukas vyntra (Levante Unión Deportiva S.A.D., 2014)
[2475333] Failed to build match row: Levante Unión Deportiva S.A.D. vs Real Sociedad de Fútbol S.A.D.
[2758730] Could not find attributes for dmytro bezotosnyi (FK Qabala, 2016)
Not enough players found for lineup: 0, 0.
[2758730] Failed to build match row: FK Qabala vs AS Saint-Étienne

Keepers & outfield error for **Northampton Town** in Milton Keynes Dons vs Northampton Town: Numbers: 0 and 11.
[2655356] Failed to build match row: Milton Keynes Dons vs Northampton Town
[2630723] Failed to scrape lineup: https://www.transfermarkt.co.uk/spielbericht/index/spielbericht/2630723

Keepers & outfield error for **Sporting Clube de Braga** in Sporting Clube de Braga vs Sporting Clube de Portugal: Numbers: 2 and 9.
[2480166] Failed to build match row: Sporting Clube de Braga vs Sporting Clube de Portugal
[2719037] Could not find attributes for andreas pereira (Granada CF, 2016)
[2719037] Failed to build match row: Sevilla Fútbol Club S.A.D. vs Granada CF
[2923780] Could not find attributes for harun keser (Naestved Boldklub, 2017)
[2923780] Failed to build match row: Naestved Boldklub vs HB Köge
[2536138] Could not find attributes for scott allan (Hibernian Football Club, 2014)
[2536138] Failed to build match row: Hibernian Football Club vs Berwick Rangers FC
[3242066] Could not find attributes for Igor Fiyalo (NK Veres Rivne, 2019)
[3242066] Failed to build match row: NK Veres Rivne vs Nyva Ternopil
[2871648] Could not find attributes for nils petersen (Sport-Club Freiburg, 2017)
[2871648] Failed to build match row: Sport-Club Freiburg vs Bayer 04 Leverkusen Fußball
[3412090] Could not find attributes for sergey borodin (Volna Kovernino, 2020)
[3412090] Failed to build match row: Volna Kovernino vs Volga Uljanovsk
[3117072] Could not find attributes for olivier deschacht (KSC Lokeren (- 2020), 2018)
[3117072] Failed to build match row: KSC Lokeren (- 2020) vs Royal Charleroi Sporting Club

Keepers & outfield error for **West Ham United Football Club** in Everton Football Club vs West Ham United Football Club: Numbers: 2 and 9.
[3050209] Failed to build match row: Everton Football Club vs West Ham United Football Club
[2725253] Could not find attributes for vladimir boljevic (AEK Larnaca, 2016)
[2725253] Failed to build match row: FK Spartak Moskva vs AEK Larnaca

Keepers & outfield error for **Getafe Club de Fútbol S. A. D. Team Dubai** in Getafe Club de Fútbol S. A. D. Team Dubai vs Club Atlético de Madrid S.A.D.: Numbers: 2 and 9.
[2594704] Failed to build match row: Getafe Club de Fútbol S. A. D. Team Dubai vs Club Atlético de Madrid S.A.D.
[2884416] Could not find attributes for fabio sturgeon (Vitória Sport Clube, 2017)
[2884416] Failed to build match row: Vitória Sport Clube vs FC Paços de Ferreira
[2813604] Could not find attributes for guram tetrashvili (Anzhi Makhachkala ( -2022), 2016)
[2813604] Failed to build match row: FK Spartak Moskva vs Anzhi Makhachkala ( -2022)
[2428041] Could not find attributes for kyriakos stratilatis (APO Levadiakos Football Club, 2013)
[2428041] Failed to build match row: APO Levadiakos Football Club vs APS Atromitos Athinon
[2719038] Could not find attributes for darko brasanac (Real Betis Balompié S.A.D., 2016)
g vs Dundalk FC: Numbers: 0 and 11.

Keepers & outfield error for **FC Penafiel** in FC Penafiel vs Rio Ave Futebol Clube: Numbers: 2 and 9.
[2758731] Failed to build match row: AO FK Zenit Sankt-Peterburg vs Dundalk FC
[2512219] Failed to build match row: FC Penafiel vs Rio Ave Futebol Clube
[2719038] Failed to build match row: Athletic Club Bilbao vs Real Betis Balompié S.A.D.
[3157131] Could not find attributes for christos theodorakis (APS Atromitos Athinon, 2018)
[3157131] Failed to build match row: APS Atromitos Athinon vs Panionios Athens

Keepers & outfield error for **Girona Fútbol Club S. A. D.** in Girona Fútbol Club S. A. D. vs Futbol Club Barcelona: Numbers: 2 and 9.
[3080777] Failed to build match row: Girona Fútbol Club S. A. D. vs Futbol Club Barcelona

Keepers & outfield error for **Córdoba CF** in Futbol Club Barcelona vs Córdoba CF: Numbers: 0 and 11.
[2475334] Failed to build match row: Futbol Club Barcelona vs Córdoba CF
[3309819] Could not find attributes for nikolaos korovesis (Omilos Filathlon Irakliou FC, 2019)
[3309819] Failed to build match row: Omilos Filathlon Irakliou FC vs PAS Lamia 1964
[3092290] Could not find attributes for nicolo casale (FC Südtirol, 2018)
[3092290] Failed to build match row: Torino Calcio vs FC Südtirol

Keepers & outfield error for **FC Tosno (-2018)** in Anzhi Makhachkala ( -2022) vs FC Tosno (-2018): Numbers: 2 and 9.
[2982781] Failed to build match row: Anzhi Makhachkala ( -2022) vs FC Tosno (-2018)
[2655357] Could not find attributes for tommy oar (Ipswich Town, 2015)
[2655357] Failed to build match row: Portsmouth FC vs Ipswich Town
Not enough players found for lineup: 0, 0.
[3117073] Could not find attributes for olivier deschacht (KSC Lokeren (- 2020), 2018)
[2367605] Failed to scrape lineup: https://www.transfermarkt.co.uk/spielbericht/index/spielbericht/2367605
[3117073] Failed to build match row: KSC Lokeren (- 2020) vs Koninklijke Atletiek Associatie Gent
[2613656] Could not find attributes for chidozie awaziem (Futebol Clube do Porto, 2015)
[2871649] Could not find attributes for tony jantschke (Mönchengladbach, 2017)

Keepers & outfield error for **Chelsea Football Club** in Everton Football Club vs Chelsea Football Club: Numbers: 2 and 9.
[2871649] Failed to build match row: Mönchengladbach vs RasenBallsport Leipzig
[2698375] Failed to build match row: Everton Football Club vs Chelsea Football Club
[2613656] Failed to build match row: FC Paços de Ferreira vs Futebol Clube do Porto
[2813605] Could not find attributes for aleksey gasilin (Amkar Perm, 2016)
[2813605] Failed to build match row: Amkar Perm vs AO FK Zenit Sankt-Peterburg

Keepers & outfield error for **Royal Sporting Club Anderlecht** in Royal Charleroi Sporting Club vs Royal Sporting Club Anderlecht: Numbers: 0 and 11.
[2702812] Could not find attributes for stephane sessegnon (Montpellier HSC, 2016)
[2512751] Failed to build match row: Royal Charleroi Sporting Club vs Royal Sporting Club Anderlecht
Not enough players found for lineup: 0, 11.
[2702812] Failed to build match row: Montpellier HSC vs FC Girondins Bordeaux
[2923781] Failed to scrape lineup: https://www.transfermarkt.co.uk/spielbericht/index/spielbericht/2923781
[3203518] Could not find attributes for yuya osako (Sportverein Werder Bremen von 1899, 2019)
[3203518] Failed to build match row: Sportverein Werder Bremen von 1899 vs Sport-Club Freiburg
[3412091] Could not find attributes for vyacheslav grab (FC Tyumen, 2020)
[3092948] Could not find attributes for vujadin savic (Fudbalski klub Crvena zvezda Beograd, 2018)
[3224714] Could not find attributes for yuriy dyupin (FC Rubin Kazan, 2019)
[3412091] Failed to build match row: FC Tyumen vs Zvezda Perm
[3092948] Failed to build match row: Fudbalski klub Crvena zvezda Beograd vs Fußballclub Red Bull Salzburg
[3224714] Failed to build match row: FC Rubin Kazan vs RFK Akhmat Grozny

Keepers & outfield error for **Alaves** in Alaves vs SD Eibar: Numbers: 2 and 9.
[2719039] Failed to build match row: Alaves vs SD Eibar

Keepers & outfield error for **AO FK Zenit Sankt-Peterburg** in AO FK Zenit Sankt-Peterburg vs Ural Yekaterinburg: Numbers: 2 and 9.
[2537190] Failed to build match row: AO FK Zenit Sankt-Peterburg vs Ural Yekaterinburg
[2460804] Could not find attributes for christian schulz (Hannover 96, 2014)
[2428042] Could not find attributes for anastasios papazoglou (Olympiakos Syndesmos Filathlon Peiraios, 2013)
[2460804] Failed to build match row: Hamburger Sport Verein vs Hannover 96
[2428042] Failed to build match row: Olympiakos Syndesmos Filathlon Peiraios vs AO Platanias

Keepers & outfield error for **Real Valladolid CF** in Real Valladolid CF vs Celta: Numbers: 2 and 9.
[3080778] Failed to build match row: Real Valladolid CF vs Celta

Keepers & outfield error for **Granada CF** in Granada CF vs Getafe Club de Fútbol S. A. D. Team Dubai: Numbers: 2 and 9.
[2475335] Failed to build match row: Granada CF vs Getafe Club de Fútbol S. A. D. Team Dubai
Not enough players found for lineup: 0, 0.
[2367606] Failed to scrape lineup: https://www.transfermarkt.co.uk/spielbericht/index/spielbericht/2367606

Keepers & outfield error for **Clube Desportivo Nacional** in Clube Desportivo Nacional vs Boavista FC: Numbers: 2 and 9.
[2480168] Failed to build match row: Clube Desportivo Nacional vs Boavista FC

Keepers & outfield error for **Olympiakos Syndesmos Filathlon Peiraios** in Olympiakos Syndesmos Filathlon Peiraios vs Panetolikos Agrinio: Numbers: 0 and 11.
[3309820] Failed to build match row: Olympiakos Syndesmos Filathlon Peiraios vs Panetolikos Agrinio
[2884417] Could not find attributes for icaro (Clube Desportivo de Tondela, 2017)
[2884417] Failed to build match row: Clube Desportivo de Tondela vs Moreirense Futebol Clube
[3242067] Could not find attributes for andriy fedorenko (Podillya Khmelnytskyi, 2019)
[3266769] Could not find attributes for daniele marino (Virtus Francavilla Calcio, 2019)
[3242067] Failed to build match row: Podillya Khmelnytskyi vs FK Polissya Zhytomyr
[3266769] Failed to build match row: Unione Sportiva Cremonese S.p.A. vs Virtus Francavilla Calcio
[2758732] Could not find attributes for predrag rajkovic (Maccabi Tel Aviv, 2016)
[2758732] Failed to build match row: Maccabi Tel Aviv vs Alkmaar Zaanstreek
[2512752] Could not find attributes for faris haroun (Cercle Brugge Koninklijke Sportvereniging, 2014)
[3216261] Could not find attributes for robert bozenik (Feyenoord Rotterdam, 2019)
[2630724] Could not find attributes for dimitrios panetsos (PAS Lamia 1964, 2015)
[2512752] Failed to build match row: Koninklijke Atletiek Associatie Gent vs Cercle Brugge Koninklijke Sportvereniging
[2630724] Failed to build match row: PAS Lamia 1964 vs APS Atromitos Athinon
[3216261] Failed to build match row: Feyenoord Rotterdam vs Willem II Tilburg
[3080779] Could not find attributes for Martin Braithwaite (CD Leganés, 2018)
[3157325] Could not find attributes for jordan marshall (Queen of the South FC, 2018)

Keepers & outfield error for **Espanol** in Rayo Vallecano de Madrid S. A. D. vs Espanol: Numbers: 3 and 8.
[3157325] Failed to build match row: Aberdeen Football Club vs Queen of the South FC
[2475336] Failed to build match row: Rayo Vallecano de Madrid S. A. D. vs Espanol
[3080779] Failed to build match row: CD Leganés vs SD Eibar

Keepers & outfield error for **Clube Desportivo de Tondela** in Clube Desportivo de Tondela vs CF União Madeira (-2021): Numbers: 0 and 11.
[2613657] Failed to build match row: Clube Desportivo de Tondela vs CF União Madeira (-2021)

Keepers & outfield error for **CD Leganés** in CD Leganés vs UD Las Palmas: Numbers: 3 and 8.
[3092949] Could not find attributes for vujadin savic (Fudbalski klub Crvena zvezda Beograd, 2018)
[2719040] Failed to build match row: CD Leganés vs UD Las Palmas
[3092949] Failed to build match row: Fußballclub Red Bull Salzburg vs Fudbalski klub Crvena zvezda Beograd
[2897298] Could not find attributes for mattia destro (Bologna Football Club 1909, 2017)
[2897298] Failed to build match row: Bologna Football Club 1909 vs Benevento Calcio
[2884418] Could not find attributes for ponck (Desportivo Aves (- 2020), 2017)
[2884418] Failed to build match row: Desportivo Aves (- 2020) vs Boavista FC
[2725254] Could not find attributes for Jakub Divis (FK Mladá Boleslav, a.s., 2016)
[2725254] Failed to build match row: FK Mladá Boleslav, a.s. vs Shkendija Tetovo
[2537191] Could not find attributes for joaozinho (FK Krasnodar, 2014)
[2537191] Failed to build match row: FK Spartak Moskva vs FK Krasnodar
[3117075] Could not find attributes for frank boya (Royal Excel Mouscron (-2022), 2018)
[3117075] Failed to build match row: KV Kortrijk vs Royal Excel Mouscron (-2022)
[2702813] Could not find attributes for younes belhanda (Olympique Gymnaste Club Nice Côte d'Azur, 2016)
[3216262] Could not find attributes for sergio padt (Football Club Groningen, 2019)
[2702813] Failed to build match row: Olympique Gymnaste Club Nice Côte d'Azur vs Dijon FCO
[3216262] Failed to build match row: Football Club Groningen vs Eindhovense Voetbalvereniging Philips Sport Vereniging
[2813606] Could not find attributes for andrei prepelita (FK Rostov, 2016)
[2813606] Failed to build match row: FK Rostov vs RFK Akhmat Grozny
[2923782] Could not find attributes for kristian karsum (Greve Fodbold, 2017)
[2923782] Failed to build match row: Greve Fodbold vs Fodbold Club Midtjylland

Keepers & outfield error for **Associazione Sportiva Roma** in Fußballklub Austria Wien vs Associazione Sportiva Roma: Numbers: 0 and 11.
[3224722] Failed to build match row: Ural Yekaterinburg vs FK Rostov
[2758733] Failed to build match row: Fußballklub Austria Wien vs Associazione Sportiva Roma
[2428043] Could not find attributes for georgios bantis (A.G.S Asteras Tripolis, 2013)
[2698377] Could not find attributes for peter crouch (Stoke City, 2016)
[2428043] Failed to build match row: A.G.S Asteras Tripolis vs Panthessalonikios Athlitikos Omilos Konstantinoupoliton
[2698377] Failed to build match row: Swansea City vs Stoke City
[3242068] Could not find attributes for maksym guridov (Nyva Vinnytsya, 2019)
[3242068] Failed to build match row: Nyva Vinnytsya vs FK Nikopol
[3266895] Could not find attributes for yevgen volynets (FK Kolos Kovalivka, 2019)
[3266895] Failed to build match row: FK Kolos Kovalivka vs Vorskla Poltava
[2982783] Could not find attributes for dmitriy tarasov (Футбольный клуб "Локомотив" Москва, 2017)
[2982783] Failed to build match row: Футбольный клуб "Локомотив" Москва vs RFK Akhmat Grozny
[3092950] Could not find attributes for denis shcherbitskiy (BATE Borisov, 2018)
[3092950] Failed to build match row: BATE Borisov vs Eindhovense Voetbalvereniging Philips Sport Vereniging
[2655359] Could not find attributes for devante cole (Bradford City, 2015)
[2655359] Failed to build match row: Bradford City vs Bury FC
[2512753] Could not find attributes for boban bajkovic (Lierse SK (- 2018), 2014)
Not enough players found for lineup: 0, 0.
[2512753] Failed to build match row: Royal Excel Mouscron (-2022) vs Lierse SK (- 2018)
[2630725] Failed to scrape lineup: https://www.transfermarkt.co.uk/spielbericht/index/spielbericht/2630725
[3309821] Could not find attributes for bart schenkeveld (Panathinaikos Athlitikos Omilos, 2019)
[3309821] Failed to build match row: Panathinaikos Athlitikos Omilos vs Volou Neos Podosferikos Syllogos
[3117076] Could not find attributes for sander coopman (KV Oostende, 2018)
[2813607] Could not find attributes for maicon bolt (Футбольный клуб "Локомотив" Москва, 2016)
[3117076] Failed to build match row: Sportvereniging Zulte Waregem vs KV Oostende
[2813607] Failed to build match row: Футбольный клуб "Локомотив" Москва vs FK Krasnodar
[2613658] Could not find attributes for juanto ortuno (CF Os Belenenses, 2015)
[2613658] Failed to build match row: CF Os Belenenses vs Académica Coimbra

Keepers & outfield error for **Villarreal Club de Fútbol S.A.D.** in Club Atlético de Madrid S.A.D. vs Villarreal Club de Fútbol S.A.D.: Numbers: 0 and 11.
[2719041] Failed to build match row: Club Atlético de Madrid S.A.D. vs Villarreal Club de Fútbol S.A.D.
[2537192] Could not find attributes for dmitriy stotskiy (FK Ufa, 2014)
[2537192] Failed to build match row: FK Dinamo Moskva vs FK Ufa
[3224723] Could not find attributes for sergey ryzhikov (PFK Krylya Sovetov Samara, 2019)
[3224723] Failed to build match row: PFK Krylya Sovetov Samara vs Футбольный клуб "Локомотив" Москва
[2702814] Could not find attributes for rod fanni (Olympique de Marseille, 2016)
[2702814] Failed to build match row: Olympique de Marseille vs Lille Olympique Sporting Club
[2982784] Could not find attributes for yuriy zhirkov (AO FK Zenit Sankt-Peterburg, 2017)
[2982784] Failed to build match row: AO FK Zenit Sankt-Peterburg vs FK Dinamo Moskva
[3158038] Could not find attributes for brad mckay (Inverness Caledonian Thistle FC, 2018)
[3158038] Failed to build match row: Inverness Caledonian Thistle FC vs Ross County FC
[3266896] Could not find attributes for artem kulinich (FC Minaj, 2019)
[3266896] Failed to build match row: FC Minaj vs PFK Lviv
[3058713] Could not find attributes for nassim boujellab (FC Schalke 04, 2018)
[3058713] Failed to build match row: Bayer 04 Leverkusen Fußball vs FC Schalke 04
[3309822] Could not find attributes for matic kotnik (Panionios Athens, 2019)
[3309822] Failed to build match row: Panionios Athens vs Athlitiki Enosi Konstantinoupoleos
[2871652] Could not find attributes for albin ekdal (Hamburger Sport Verein, 2017)
[2725255] Could not find attributes for bogdan shust (Vorskla Poltava, 2016)
[2725255] Failed to build match row: Vorskla Poltava vs NK Lokomotiva Zagreb
[2923784] Could not find attributes for casper radza (Middelfart Boldklub, 2017)
[2923784] Failed to build match row: Middelfart Boldklub vs Aalborg BK
[2604363] Could not find attributes for radu mitu (FC Milsami Orhei, 2015)
[2604363] Failed to build match row: FC Milsami Orhei vs KF Skënderbeu
[3092951] Could not find attributes for denis shcherbitskiy (BATE Borisov, 2018)
[3092951] Failed to build match row: Eindhovense Voetbalvereniging Philips Sport Vereniging vs BATE Borisov
[3203521] Could not find attributes for stephan lichtsteiner (Fußball-Club Augsburg 1907, 2019)
[3203521] Failed to build match row: Fußball-Club Augsburg 1907 vs FC Schalke 04
[2581204] Could not find attributes for stephan andersen (Football Club København, 2015)
[2581204] Failed to build match row: Football Club København vs Randers Fodbold Club
[2428044] Could not find attributes for andre bikey (Panetolikos Agrinio, 2013)
[2428044] Failed to build match row: Panetolikos Agrinio vs Apollon Smyrnis
[2702815] Could not find attributes for clement michelin (Toulouse Football Club, 2016)
[2702815] Failed to build match row: Toulouse Football Club vs AS Nancy-Lorraine
[2884420] Could not find attributes for charalampos kyriakou (Grupo Desportivo Estoril Praia, 2017)
[2884420] Failed to build match row: Grupo Desportivo Estoril Praia vs Sporting Clube de Portugal
[2813608] Could not find attributes for ayaz guliev (Anzhi Makhachkala ( -2022), 2016)
[2813608] Failed to build match row: Anzhi Makhachkala ( -2022) vs FC Orenburg

Keepers & outfield error for **Verona Hellas Football Club** in Verona Hellas Football Club vs FC Crotone: Numbers: 0 and 11.
[2897300] Failed to build match row: Verona Hellas Football Club vs FC Crotone
[3412109] Could not find attributes for ruslan yunusov (Chayka Peschanokopskoye, 2020)
[3412109] Failed to build match row: Chayka Peschanokopskoye vs Tekstilshchik Ivanovo
[2613659] Could not find attributes for aymen tahar (Boavista FC, 2015)
[2613659] Failed to build match row: Grupo Desportivo Estoril Praia vs Boavista FC
[3224724] Could not find attributes for vladimir rykov (FK Dinamo Moskva, 2019)
[3224724] Failed to build match row: FK Spartak Moskva vs FK Dinamo Moskva

Keepers & outfield error for **Rio Ave Futebol Clube** in Rio Ave Futebol Clube vs CS Marítimo: Numbers: 0 and 11.
[2480169] Failed to build match row: Rio Ave Futebol Clube vs CS Marítimo

Keepers & outfield error for **Rangers Football Club** in Rangers Football Club vs Kilmarnock Football Club: Numbers: 2 and 9.
[3158039] Failed to build match row: Rangers Football Club vs Kilmarnock Football Club
[2537193] Could not find attributes for stipe pletikosa (FK Rostov, 2014)
[2537193] Failed to build match row: FK Rostov vs Футбольный клуб "Локомотив" Москва
[2630726] Could not find attributes for zacharias kavousakis (Athlitiki Enosi Larisas, 2015)
[2630726] Failed to build match row: Athlitiki Enosi Larisas vs AO Xanthi
[3310075] Could not find attributes for hobie verhulst (Go Ahead Eagles, 2019)
[3310075] Failed to build match row: Go Ahead Eagles vs Football Club Utrecht

Keepers & outfield error for **CF União Madeira (-2021)** in CF União Madeira (-2021) vs FC Paços de Ferreira: Numbers: 2 and 9.
[2613660] Failed to build match row: CF União Madeira (-2021) vs FC Paços de Ferreira
[3266897] Could not find attributes for mykyta kryukov (MFK Mykolaiv, 2019)
[3266897] Failed to build match row: MFK Mykolaiv vs Desna Chernigiv
[2428045] Could not find attributes for nikolaos papadopoulos (Panionios Athens, 2013)
[2428045] Failed to build match row: Panionios Athens vs PAS Giannina
[3242069] Could not find attributes for andriy dragan (FK Kalush, 2019)
[3242069] Failed to build match row: FK Kalush vs VPK-Agro
[2758734] Could not find attributes for boubacar mansaly (Astra Giurgiu (- 2024), 2016)
[2758734] Failed to build match row: Astra Giurgiu (- 2024) vs FC Viktoria Plzeň, a.s.
[2604364] Could not find attributes for boy waterman (APOEL Nicosia, 2015)
[2604364] Failed to build match row: Fodbold Club Midtjylland vs APOEL Nicosia
[2813609] Could not find attributes for aritm (Футбольный клуб "Локомотив" Москва, 2016)
[2813609] Failed to build match row: Футбольный клуб "Локомотив" Москва vs FK Spartak Moskva
[3216664] Could not find attributes for milos kosanovic (Royal Standard Club de Liège, 2019)
[3216664] Failed to build match row: Cercle Brugge Koninklijke Sportvereniging vs Royal Standard Club de Liège
[2725256] Could not find attributes for angelis angeli (Apollon Limassol, 2016)
[3050213] Could not find attributes for danny ings (Southampton FC, 2018)

Keepers & outfield error for **CS Marítimo** in CS Marítimo vs Portimonense SC: Numbers: 2 and 9.
[3050213] Failed to build match row: Southampton FC vs Brighton and Hove Albion Football Club
[2725256] Failed to build match row: Apollon Limassol vs Grasshopper Club Zürich
[2884421] Failed to build match row: CS Marítimo vs Portimonense SC

Keepers & outfield error for **CF Os Belenenses** in CF Os Belenenses vs Gil Vicente Futebol Clube: Numbers: 2 and 9.
[2480175] Failed to build match row: CF Os Belenenses vs Gil Vicente Futebol Clube
[3224725] Could not find attributes for yaroslav rakitskyi (AO FK Zenit Sankt-Peterburg, 2019)
[3158102] Could not find attributes for james penrice (Partick Thistle FC, 2018)
[3224725] Failed to build match row: AO FK Zenit Sankt-Peterburg vs FK Krasnodar
[3158102] Failed to build match row: Partick Thistle FC vs Heart of Midlothian Football Club
[2655360] Could not find attributes for liam walsh (Yeovil Town, 2015)
[2655360] Failed to build match row: Yeovil Town vs Carlisle United
[2428046] Could not find attributes for sokratis dioudis (Aris Thessalonikis, 2013)
[2428046] Failed to build match row: Aris Thessalonikis vs Veria NPS
[2613661] Could not find attributes for mauricio antonio (CS Marítimo, 2015)
[2613661] Failed to build match row: CS Marítimo vs Vitória Sport Clube

Keepers & outfield error for **St Truiden** in St Truiden vs Royal Excel Mouscron (-2022): Numbers: 2 and 9.
[3216665] Failed to build match row: St Truiden vs Royal Excel Mouscron (-2022)
[3266898] Could not find attributes for yaroslav vazhynskyi (Alyans Lypova Dolyna, 2019)

Keepers & outfield error for **Deportivo de La Coruña** in Deportivo de La Coruña vs Real Madrid Club de Fútbol: Numbers: 2 and 9.
[2719044] Failed to build match row: Deportivo de La Coruña vs Real Madrid Club de Fútbol
[3266898] Failed to build match row: Alyans Lypova Dolyna vs Girnyk-Sport Gorishni Plavni
[2428047] Could not find attributes for dino seremet (Panthrakikos Komotini, 2013)
[2594706] Failed to scrape lineup: https://www.transfermarkt.co.uk/real-madrid_athletic-bilbao/index/spielbericht/2594706
[2428047] Failed to build match row: Panthrakikos Komotini vs Panathinaikos Athlitikos Omilos

Keepers & outfield error for **Boavista FC** in Boavista FC vs Grupo Desportivo Estoril Praia: Numbers: 2 and 9.
[2613662] Could not find attributes for hicham belkaroui (Clube Desportivo Nacional, 2015)
[2480176] Failed to build match row: Boavista FC vs Grupo Desportivo Estoril Praia
[2613662] Failed to build match row: Futebol Clube do Porto vs Clube Desportivo Nacional
[2587030] Could not find attributes for danijel milicevic (Koninklijke Atletiek Associatie Gent, 2015)
[2587030] Failed to build match row: Koninklijke Atletiek Associatie Gent vs Koninklijke Racing Club Genk
Not enough players found for lineup: 0, 11.
[2367607] Failed to scrape lineup: https://www.transfermarkt.co.uk/spielbericht/index/spielbericht/2367607
[3412110] Could not find attributes for petr kosarevskiy (Veles Moscow, 2020)
[3412110] Failed to build match row: Veles Moscow vs FK Baltika
[2758735] Could not find attributes for jakub brabec (Koninklijke Racing Club Genk, 2016)
[3224726] Could not find attributes for giorgiy shelia (PFK Tambov (-2021), 2019)
[2758735] Failed to build match row: Athletic Club Bilbao vs Koninklijke Racing Club Genk
[3224726] Failed to build match row: PFK Tambov (-2021) vs Arsenal Tula
[2352053] Could not find attributes for theodoros tripotseris (Omilos Filathlon Irakliou FC, 2013)
[2352053] Failed to build match row: Omilos Filathlon Irakliou FC vs APO Levadiakos Football Club
[3092954] Could not find attributes for roland juhasz (Videoton FC, 2018)
[2604365] Could not find attributes for juan pablo colinas (Maccabi Tel Aviv, 2015)
[3092954] Failed to build match row: Videoton FC vs Athlitiki Enosi Konstantinoupoleos
[2604365] Failed to build match row: Maccabi Tel Aviv vs FC Viktoria Plzeň, a.s.
[2428048] Could not find attributes for vladimir stojkovic (GS Ergotelis, 2013)
[2428048] Failed to build match row: GS Ergotelis vs Omilos Filathlon Irakliou FC
[2537194] Could not find attributes for robert arzumanyan (Amkar Perm, 2014)
[2537194] Failed to build match row: Amkar Perm vs Torpedo Moscow
[2512754] Could not find attributes for boubacar copa (KSC Lokeren (- 2020), 2014)
[2512754] Failed to build match row: KSC Lokeren (- 2020) vs Koninklijke Voetbal Club Westerlo
[2630727] Could not find attributes for giannis anestis (Athlitiki Enosi Konstantinoupoleos, 2015)
[2630727] Failed to build match row: Athlitiki Enosi Konstantinoupoleos vs Panelefsiniakos AO

Keepers & outfield error for **Valencia Club de Fútbol S. A. D.** in Futbol Club Barcelona vs Valencia Club de Fútbol S. A. D.: Numbers: 0 and 11.
[3080782] Failed to build match row: Futbol Club Barcelona vs Valencia Club de Fútbol S. A. D.
[3117080] Could not find attributes for sulayman marreh (KAS Eupen, 2018)
[3117080] Failed to build match row: KAS Eupen vs SK Beveren
Not enough players found for lineup: 0, 0.
[2367608] Failed to scrape lineup: https://www.transfermarkt.co.uk/spielbericht/index/spielbericht/2367608
[2655361] Could not find attributes for paul rachubka (Bolton Wanderers, 2015)
[2655361] Failed to build match row: Bolton Wanderers vs Eastleigh FC
[2813610] Could not find attributes for nikolay dimitrov (Ural Yekaterinburg, 2016)
[2813610] Failed to build match row: Ural Yekaterinburg vs FC Rubin Kazan
[3058717] Could not find attributes for ja cheol koo (Fußball-Club Augsburg 1907, 2018)
[3058717] Failed to build match row: Fußball-Club Augsburg 1907 vs Hertha BSC
[2613663] Could not find attributes for jubal (Futebol Clube de Arouca, 2015)

Keepers & outfield error for **FC Paços de Ferreira** in FC Paços de Ferreira vs Clube Desportivo Nacional: Numbers: 0 and 11.
[2613663] Failed to build match row: Futebol Clube de Arouca vs Rio Ave Futebol Clube
[2702818] Could not find attributes for jeremy morel (Olympique Lyonnais, 2016)
[2480177] Failed to build match row: FC Paços de Ferreira vs Clube Desportivo Nacional
[2702818] Failed to build match row: Association sportive de Monaco Football Club vs Olympique Lyonnais

Keepers & outfield error for **CF Os Belenenses** in CF Os Belenenses vs Desportivo Aves (- 2020): Numbers: 0 and 11.
[2884422] Failed to build match row: CF Os Belenenses vs Desportivo Aves (- 2020)
[2428049] Could not find attributes for kyriakos stratilatis (APO Levadiakos Football Club, 2013)
[2428049] Failed to build match row: APO Levadiakos Football Club vs A.G.S Asteras Tripolis
[3242072] Could not find attributes for matteo brunori (Delfino Pescara 1936, 2019)
[3242072] Failed to build match row: FC Empoli vs Delfino Pescara 1936
[2725257] Could not find attributes for zeca (Panathinaikos Athlitikos Omilos, 2016)
[2725257] Failed to build match row: Allmänna Idrottsklubben vs Panathinaikos Athlitikos Omilos
[3092955] Could not find attributes for roland juhasz (Videoton FC, 2018)
[3092955] Failed to build match row: Athlitiki Enosi Konstantinoupoleos vs Videoton FC

Keepers & outfield error for **Málaga CF** in Granada CF vs Málaga CF: Numbers: 0 and 11.
[2719046] Failed to build match row: Granada CF vs Málaga CF
[3310077] Could not find attributes for robin schouten (Nooit Opgeven Altijd Doorzetten Aangenaam Door Vermaak En Nuttig Door Ontspanning Combinatie Breda, 2019)
Not enough players found for lineup: 0, 0.
[3310077] Failed to build match row: Alkmaar Zaanstreek vs Nooit Opgeven Altijd Doorzetten Aangenaam Door Vermaak En Nuttig Door Ontspanning Combinatie Breda
[2630728] Failed to scrape lineup: https://www.transfermarkt.co.uk/spielbericht/index/spielbericht/2630728
[3050215] Could not find attributes for etienne capoue (Watford FC, 2018)
[3050215] Failed to build match row: Watford FC vs Manchester United Football Club
[2604366] Could not find attributes for miralem sulejmani (Berner Sport Club Young Boys, 2015)
[2352054] Could not find attributes for georgios kousas (Panetolikos Agrinio, 2013)
[2352054] Failed to build match row: Panetolikos Agrinio vs AO Platanias
[3412111] Could not find attributes for vladimir sugrobov (SKA Khabarovsk, 2020)
[2604366] Failed to build match row: Berner Sport Club Young Boys vs Association sportive de Monaco Football Club
[2923785] Could not find attributes for frederik brandhof (Skive IK, 2017)
[3412111] Failed to build match row: SKA Khabarovsk vs Fakel Voronezh
[2923785] Failed to build match row: Skive IK vs Football Club København
[2698381] Could not find attributes for jose cholevas (Watford FC, 2016)
[2698381] Failed to build match row: Watford FC vs Swansea City
[3266900] Could not find attributes for roman lyopka (Ingulets Petrove, 2019)
[3266900] Failed to build match row: Ingulets Petrove vs SC Dnipro-1
[3117081] Could not find attributes for cyril ngonge (Club Brugge Koninklijke Voetbalvereniging, 2018)
[3117081] Failed to build match row: SK Beveren vs Club Brugge Koninklijke Voetbalvereniging
Not enough players found for lineup: 0, 0.
[2367609] Failed to scrape lineup: https://www.transfermarkt.co.uk/spielbericht/index/spielbericht/2367609
[2871656] Could not find attributes for andriy yarmolenko (Borussia Dortmund, 2017)
[2871656] Failed to build match row: Borussia Dortmund vs 1. Fußball-Club Köln
[3203524] Could not find attributes for yuya osako (Sportverein Werder Bremen von 1899, 2019)
[3203524] Failed to build match row: Mönchengladbach vs Sportverein Werder Bremen von 1899
[2813611] Could not find attributes for anton miterev (Tom Tomsk, 2016)
[2813611] Failed to build match row: Tom Tomsk vs Amkar Perm

Keepers & outfield error for **FC Penafiel** in FC Penafiel vs Futebol Clube do Porto: Numbers: 2 and 9.
[2480178] Failed to build match row: FC Penafiel vs Futebol Clube do Porto
[2428050] Could not find attributes for athanasios panteliadis (Apollon Smyrnis, 2013)
[2428050] Failed to build match row: Apollon Smyrnis vs Panionios Athens
[2537195] Could not find attributes for anri khagush (Arsenal Tula, 2014)
[2537195] Failed to build match row: FC Rubin Kazan vs Arsenal Tula

Keepers & outfield error for **Sport Lisboa e Benfica** in Sport Lisboa e Benfica vs Vitória Setúbal FC: Numbers: 0 and 11.
[2613664] Failed to build match row: Sport Lisboa e Benfica vs Vitória Setúbal FC
[3058718] Could not find attributes for hendrik weydandt (Hannover 96, 2018)
[3058718] Failed to build match row: Hannover 96 vs Sport-Club Freiburg

Keepers & outfield error for **Girona Fútbol Club S. A. D.** in SD Eibar vs Girona Fútbol Club S. A. D.: Numbers: 2 and 9.
[3080784] Failed to build match row: SD Eibar vs Girona Fútbol Club S. A. D.
[2758736] Could not find attributes for manuel thurnwald (Sportklub Rapid, 2016)
[2758736] Failed to build match row: Unione Sportiva Sassuolo Calcio vs Sportklub Rapid
[3310288] Could not find attributes for juanjo garrancho (CD Badajoz, 2019)
[3310288] Failed to build match row: CD Badajoz vs Granada CF
[2984196] Could not find attributes for etienne capoue (Watford FC, 2017)
[2984196] Failed to build match row: Watford FC vs Bristol City
[2587033] Failed to scrape lineup: https://www.transfermarkt.co.uk/kv-oostende-2024-_kvc-westerlo/index/spielbericht/2587033

Keepers & outfield error for **Celta** in Sevilla Fútbol Club S.A.D. vs Celta: Numbers: 0 and 11.
[2719047] Failed to build match row: Sevilla Fútbol Club S.A.D. vs Celta
Not enough players found for lineup: 0, 0.
[2367610] Failed to scrape lineup: https://www.transfermarkt.co.uk/spielbericht/index/spielbericht/2367610
[2428051] Could not find attributes for theodoros tripotseris (Omilos Filathlon Irakliou FC, 2013)
[2428051] Failed to build match row: Omilos Filathlon Irakliou FC vs Olympiakos Syndesmos Filathlon Peiraios
[2702820] Could not find attributes for yannis salibur (EA Guingamp, 2016)
[2702820] Failed to build match row: EA Guingamp vs Paris Saint-Germain Football Club
[2352055] Could not find attributes for kyriakos stratilatis (APO Levadiakos Football Club, 2013)
[2352055] Failed to build match row: APO Levadiakos Football Club vs Panathinaikos Athlitikos Omilos
[2604367] Could not find attributes for kees luijckx (Videoton FC, 2015)
[2604367] Failed to build match row: Videoton FC vs BATE Borisov
Not enough players found for lineup: 0, 11.
[2923786] Failed to scrape lineup: https://www.transfermarkt.co.uk/spielbericht/index/spielbericht/2923786
[3216668] Could not find attributes for hotman el kababri (Royal Sporting Club Anderlecht, 2019)
[3216668] Failed to build match row: Royal Sporting Club Anderlecht vs KV Oostende

Keepers & outfield error for **Vitória Sport Clube** in Vitória Sport Clube vs Académica Coimbra: Numbers: 2 and 9.
[2480179] Failed to build match row: Vitória Sport Clube vs Académica Coimbra
[3412112] Could not find attributes for nikita chernov (PFK Krylya Sovetov Samara, 2020)
[3412112] Failed to build match row: PFK Krylya Sovetov Samara vs Irtysh Omsk

Keepers & outfield error for **RasenBallsport Leipzig** in RasenBallsport Leipzig vs Mönchengladbach: Numbers: 0 and 11.
[2871657] Failed to build match row: RasenBallsport Leipzig vs Mönchengladbach
[3242073] Could not find attributes for eugenio lamanna (AC Monza, 2019)
[3242073] Failed to build match row: Associazione Calcio Fiorentina vs AC Monza

Keepers & outfield error for **Sport Lisboa e Benfica** in Sport Lisboa e Benfica vs Panthessalonikios Athlitikos Omilos Konstantinoupoliton: Numbers: 2 and 9.
[3092956] Failed to build match row: Sport Lisboa e Benfica vs Panthessalonikios Athlitikos Omilos Konstantinoupoliton
[2581208] Could not find attributes for frederik moller (Fodbold Club Midtjylland, 2015)
[2581208] Failed to build match row: Sønderjyske Fodbold vs Fodbold Club Midtjylland
[3266901] Could not find attributes for yevgen galchuk (FK Mariupol, 2019)
[3266901] Failed to build match row: FK Mariupol vs Olimpik Donetsk
[2352056] Could not find attributes for dani hernandez (A.G.S Asteras Tripolis, 2013)
[2352056] Failed to build match row: A.G.S Asteras Tripolis vs Veria NPS
[2655576] Could not find attributes for peter watson (Annan Athletic FC, 2015)
[2655576] Failed to build match row: Annan Athletic FC vs Greenock Morton FC
Not enough players found for lineup: 0, 0.
[3224727] Could not find attributes for yuriy dyupin (FC Rubin Kazan, 2019)
[2630729] Failed to scrape lineup: https://www.transfermarkt.co.uk/spielbericht/index/spielbericht/2630729
[3224727] Failed to build match row: FC Rubin Kazan vs PFK CSKA Moskva
[3310289] Could not find attributes for virgil theresin (Cultural Leonesa, 2019)
[2604368] Could not find attributes for jeremy taravel (GNK Dinamo Zagreb, 2015)
[3310289] Failed to build match row: Cultural Leonesa vs Valencia Club de Fútbol S. A. D.
[2604368] Failed to build match row: GNK Dinamo Zagreb vs Molde Fotballklubb
[2613665] Could not find attributes for ricardo ferreira (Sporting Clube de Braga, 2015)
[2613665] Failed to build match row: Sporting Clube de Braga vs Clube Desportivo de Tondela
[2486555] Could not find attributes for kasper schmeichel (Leicester City, 2014)
[2813612] Could not find attributes for vladimir gabulov (Arsenal Tula, 2016)
[2884424] Could not find attributes for bilel aouacheria (Moreirense Futebol Clube, 2017)
[2486555] Failed to build match row: Swansea City vs Leicester City
[2884424] Failed to build match row: Moreirense Futebol Clube vs Grupo Desportivo Estoril Praia
[2813612] Failed to build match row: AO FK Zenit Sankt-Peterburg vs Arsenal Tula
[2725295] Could not find attributes for predrag rajkovic (Maccabi Tel Aviv, 2016)
[2537207] Could not find attributes for joaozinho (FK Krasnodar, 2014)
[2537207] Failed to build match row: FK Krasnodar vs Ural Yekaterinburg
[2725295] Failed to build match row: Maccabi Tel Aviv vs Pandurii Targu Jiu (- 2022)

Keepers & outfield error for **Alaves** in Real Madrid Club de Fútbol vs Alaves: Numbers: 2 and 9.
[2702821] Could not find attributes for issiar dia (AS Nancy-Lorraine, 2016)
[3080786] Failed to build match row: Real Madrid Club de Fútbol vs Alaves

Keepers & outfield error for **SPAL** in Udinese Calcio vs SPAL: Numbers: 2 and 9.
[3058719] Could not find attributes for oscar wendt (Mönchengladbach, 2018)
[2367647] Could not find attributes for oleksandr dyachenko (FK Obolon Kyiv, 2013)
[3058719] Failed to build match row: 1.FC Nuremberg vs Mönchengladbach
[2702821] Failed to build match row: AS Saint-Étienne vs AS Nancy-Lorraine
[2897306] Failed to build match row: Udinese Calcio vs SPAL

Keepers & outfield error for **Sport Lisboa e Benfica** in Panthessalonikios Athlitikos Omilos Konstantinoupoliton vs Sport Lisboa e Benfica: Numbers: 2 and 9.
[3092957] Failed to build match row: Panthessalonikios Athlitikos Omilos Konstantinoupoliton vs Sport Lisboa e Benfica
[3210329] Could not find attributes for zeca (Football Club København, 2019)
[3210329] Failed to build match row: Aalborg BK vs Football Club København

Keepers & outfield error for **Sporting Clube de Portugal** in Moreirense Futebol Clube vs Sporting Clube de Portugal: Numbers: 0 and 11.
[2613666] Failed to build match row: Moreirense Futebol Clube vs Sporting Clube de Portugal
[3158830] Could not find attributes for ja cheol koo (Fußball-Club Augsburg 1907, 2018)

Keepers & outfield error for **Moreirense Futebol Clube** in Moreirense Futebol Clube vs Futebol Clube de Arouca: Numbers: 2 and 9.
[3158830] Failed to build match row: Fußball-Club Augsburg 1907 vs RasenBallsport Leipzig
[2480180] Failed to build match row: Moreirense Futebol Clube vs Futebol Clube de Arouca
[2655577] Could not find attributes for eiji kawashima (Dundee United Football Club, 2015)
[2655577] Failed to build match row: Dundee United Football Club vs Partick Thistle FC
[3224728] Could not find attributes for soslan dzhanaev (FK Sochi, 2019)
[2352057] Could not find attributes for georgios bantis (A.G.S Asteras Tripolis, 2013)
[3224728] Failed to build match row: FK Sochi vs FK Ufa
[2758738] Could not find attributes for ishak belfodil (Royal Standard Club de Liège, 2016)
[2352057] Failed to build match row: A.G.S Asteras Tripolis vs AO Platanias
[2758738] Failed to build match row: Panathinaikos Athlitikos Omilos vs Royal Standard Club de Liège
[3310290] Could not find attributes for luis perez (CD Tenerife, 2019)
[3310290] Failed to build match row: CD Tenerife vs Athletic Club Bilbao
[2537208] Could not find attributes for dmitriy stotskiy (FK Ufa, 2014)
[2537208] Failed to build match row: FK Ufa vs Amkar Perm
[2725296] Could not find attributes for sergey ignatovich (Dinamo Minsk, 2016)
[2725296] Failed to build match row: Dinamo Minsk vs Fudbalski Klub Vojvodina
[3092958] Could not find attributes for lasse schone (AFC Ajax Amsterdam, 2018)
[3092958] Failed to build match row: AFC Ajax Amsterdam vs Futbolniy Klub Dynamo Kyiv
[3242074] Could not find attributes for eros pellegrini (AC Carpi, 2019)
[3242074] Failed to build match row: AS Cittadella vs AC Carpi
[2613667] Could not find attributes for mauricio antonio (CS Marítimo, 2015)
[2613667] Failed to build match row: CS Marítimo vs Futebol Clube de Arouca
[2630730] Could not find attributes for michalis pagoudis (AO Acharnaikos, 2015)
[2630730] Failed to build match row: AO Acharnaikos vs Iraklis Thessaloniki
[3412113] Could not find attributes for mikhail oparin (Enisey Krasnoyarsk, 2020)
[3412113] Failed to build match row: Enisey Krasnoyarsk vs Volgar Astrakhan

Keepers & outfield error for **Sporting Clube de Portugal** in Sporting Clube de Portugal vs CD Feirense: Numbers: 0 and 11.
[2884425] Failed to build match row: Sporting Clube de Portugal vs CD Feirense
[2581211] Failed to scrape lineup: https://www.transfermarkt.co.uk/esbjerg-fb_fc-copenhagen/index/spielbericht/2581211
[3092959] Failed to scrape lineup: https://www.transfermarkt.co.uk/spielbericht/index/spielbericht/3092959
[2352058] Could not find attributes for paito (AO Xanthi, 2013)
[2352058] Failed to build match row: AO Xanthi vs Omilos Filathlon Irakliou FC
[2758739] Could not find attributes for danijel milicevic (Koninklijke Atletiek Associatie Gent, 2016)
[2758739] Failed to build match row: Koninklijke Atletiek Associatie Gent vs FC Shakhtar Donetsk

Keepers & outfield error for **Real Betis Balompié S.A.D.** in Real Betis Balompié S.A.D. vs Club Atlético de Madrid S.A.D.: Numbers: 2 and 9.
[3080788] Failed to build match row: Real Betis Balompié S.A.D. vs Club Atlético de Madrid S.A.D.
[2460809] Could not find attributes for roel brouwers (Mönchengladbach, 2014)
[2460809] Failed to build match row: Mönchengladbach vs 1. Fußball-Club Köln
[3158832] Could not find attributes for nassim boujellab (FC Schalke 04, 2018)
[3158832] Failed to build match row: FC Schalke 04 vs Sportverein Werder Bremen von 1899
[3242075] Could not find attributes for ragnar klavan (Cagliari Calcio, 2019)
[3242075] Failed to build match row: Cagliari Calcio vs Chievo Verona

Keepers & outfield error for **Fußball-Club Augsburg 1907** in Eintracht Frankfurt Fußball AG vs Fußball-Club Augsburg 1907: Numbers: 2 and 9.
[2871660] Failed to build match row: Eintracht Frankfurt Fußball AG vs Fußball-Club Augsburg 1907

Keepers & outfield error for **Real Madrid Club de Fútbol** in Real Zaragoza vs Real Madrid Club de Fútbol: Numbers: 2 and 9.
[3310291] Failed to build match row: Real Zaragoza vs Real Madrid Club de Fútbol

Keepers & outfield error for **CS Marítimo** in CS Marítimo vs Sport Lisboa e Benfica: Numbers: 0 and 11.

Keepers & outfield error for **Granada CF** in Real Sociedad de Fútbol S.A.D. vs Granada CF: Numbers: 0 and 11.
[2480181] Failed to build match row: CS Marítimo vs Sport Lisboa e Benfica
[2594707] Failed to build match row: Real Sociedad de Fútbol S.A.D. vs Granada CF
[2655578] Could not find attributes for arnaud djoum (Heart of Midlothian Football Club, 2015)
[2655578] Failed to build match row: Heart of Midlothian Football Club vs Hibernian Football Club
Not enough players found for lineup: 0, 0.
[2630731] Failed to scrape lineup: https://www.transfermarkt.co.uk/spielbericht/index/spielbericht/2630731
[2702822] Could not find attributes for younes belhanda (Olympique Gymnaste Club Nice Côte d'Azur, 2016)
[2702822] Failed to build match row: FC Girondins Bordeaux vs Olympique Gymnaste Club Nice Côte d'Azur
[2428052] Could not find attributes for spyros risvanis (Panathinaikos Athlitikos Omilos, 2013)
[2428052] Failed to build match row: Panathinaikos Athlitikos Omilos vs GS Ergotelis
[3266902] Could not find attributes for oleg bilyk (FC Oleksandriya, 2019)
[3266902] Failed to build match row: FC Oleksandriya vs FC Zorya Lugansk
[2352059] Could not find attributes for giannis anestis (Panionios Athens, 2013)
[2352059] Failed to build match row: Panionios Athens vs Veria NPS
[2813613] Could not find attributes for mario fernandes (PFK CSKA Moskva, 2016)
[2813613] Failed to build match row: RFK Akhmat Grozny vs PFK CSKA Moskva
[2367648] Could not find attributes for kostyantyn kovalenko (PFK Stal Kamyanske (-2018), 2013)
[2613668] Could not find attributes for aymen tahar (Boavista FC, 2015)
[3093276] Could not find attributes for pedro rebocho (EA Guingamp, 2018)
[2613668] Failed to build match row: Boavista FC vs CF Os Belenenses
[2367648] Failed to build match row: PFK Stal Kamyanske (-2018) vs Metalurg Zaporizhya (-2016)
[3093276] Failed to build match row: Montpellier HSC vs EA Guingamp
[3412114] Could not find attributes for evgeniy konyukhov (Torpedo Moscow, 2020)
[3412114] Failed to build match row: Torpedo Moscow vs Shinnik Yaroslavl
[2758740] Could not find attributes for alban meha (Konyaspor, 2016)
[2758740] Failed to build match row: Sporting Clube de Braga vs Konyaspor
[3080789] Could not find attributes for daniele bonera (Villarreal Club de Fútbol S.A.D., 2018)
[3080789] Failed to build match row: Villarreal Club de Fútbol S.A.D. vs Espanol
[2725297] Could not find attributes for denis sme (NK Maribor, 2016)
[2725297] Failed to build match row: NK Maribor vs Aberdeen Football Club
[2655579] Could not find attributes for rob kiernan (Rangers Football Club, 2015)
[2655579] Failed to build match row: Rangers Football Club vs Kilmarnock Football Club
[2813614] Could not find attributes for georgiy zotov (PFK Krylya Sovetov Samara, 2016)
[2813614] Failed to build match row: PFK Krylya Sovetov Samara vs FK Rostov
[3266903] Could not find attributes for yuriy dyupin (FC Rubin Kazan, 2019)
[3266903] Failed to build match row: FC Rubin Kazan vs Ural Yekaterinburg
[2587038] Could not find attributes for igor de camargo (Koninklijke Racing Club Genk, 2015)
[2587038] Failed to build match row: Sportvereniging Zulte Waregem vs Koninklijke Racing Club Genk

Keepers & outfield error for **Sporting Clube de Braga** in Vitória Setúbal FC vs Sporting Clube de Braga: Numbers: 2 and 9.
[3058721] Could not find attributes for george timotheou (FC Schalke 04, 2018)
[2480182] Failed to build match row: Vitória Setúbal FC vs Sporting Clube de Braga
[3058721] Failed to build match row: FC Schalke 04 vs Verein für Bewegungsspiele Stuttgart 1893

Keepers & outfield error for **Rio Ave Futebol Clube** in Rio Ave Futebol Clube vs CS Marítimo: Numbers: 3 and 8.
[2884426] Failed to build match row: Rio Ave Futebol Clube vs CS Marítimo
[2428053] Could not find attributes for luigi cennamo (APS Atromitos Athinon, 2013)
[3159140] Could not find attributes for zivko zivkovic (AO Xanthi, 2018)
[3159140] Failed to build match row: AO Xanthi vs A.G.S Asteras Tripolis
[2428053] Failed to build match row: APS Atromitos Athinon vs AO Xanthi
[2460810] Could not find attributes for nadiem amiri (Turn- und Sportgemeinschaft 1899 Hoffenheim Fußball-Spielbetriebs, 2014)
[2460810] Failed to build match row: Turn- und Sportgemeinschaft 1899 Hoffenheim Fußball-Spielbetriebs vs Verein für Bewegungsspiele Stuttgart 1893
[2613669] Could not find attributes for kuca (Rio Ave Futebol Clube, 2015)
[2537209] Could not find attributes for sergey samodin (Mordovia Saransk (-2020), 2014)
[2613669] Failed to build match row: Rio Ave Futebol Clube vs Sport Lisboa e Benfica
[2537209] Failed to build match row: PFK CSKA Moskva vs Mordovia Saransk (-2020)
Not enough players found for lineup: 0, 0.
[2630732] Failed to scrape lineup: https://www.transfermarkt.co.uk/spielbericht/index/spielbericht/2630732
[3210332] Could not find attributes for johan larsson (Brøndby Idrætsforening, 2019)
[3210332] Failed to build match row: Brøndby Idrætsforening vs Fodbold Club Nordsjælland
[2871662] Could not find attributes for julian korb (Hannover 96, 2017)
[2871662] Failed to build match row: Hannover 96 vs Hamburger Sport Verein
[3117082] Could not find attributes for imoh ezekiel (KV Kortrijk, 2018)
[3117082] Failed to build match row: Koninklijke Racing Club Genk vs KV Kortrijk
[3080790] Could not find attributes for mathieu flamini (Getafe Club de Fútbol S. A. D. Team Dubai, 2018)
[3080790] Failed to build match row: Levante Unión Deportiva S.A.D. vs Getafe Club de Fútbol S. A. D. Team Dubai
[3266904] Could not find attributes for giorgiy shelia (PFK Tambov (-2021), 2019)
[3266904] Failed to build match row: PFK Tambov (-2021) vs FK Ufa

Keepers & outfield error for **Rio Ave Futebol Clube** in Sporting Clube de Portugal vs Rio Ave Futebol Clube: Numbers: 0 and 11.
[2480183] Failed to build match row: Sporting Clube de Portugal vs Rio Ave Futebol Clube
[2758741] Could not find attributes for benjamin stambouli (FC Schalke 04, 2016)
Not enough players found for lineup: 11, 0.

Keepers & outfield error for **Aarhus Gymnastik Forening** in Aarhus Gymnastik Forening vs Aalborg BK: Numbers: 0 and 11.
[2758741] Failed to build match row: FC Schalke 04 vs FK Krasnodar
[3216681] Could not find attributes for milos kosanovic (Royal Standard Club de Liège, 2019)
[2367649] Failed to scrape lineup: https://www.transfermarkt.co.uk/spielbericht/index/spielbericht/2367649
[3216681] Failed to build match row: Royal Standard Club de Liège vs Sportvereniging Zulte Waregem

Keepers & outfield error for **KSC Lokeren (- 2020)** in KV Kortrijk vs KSC Lokeren (- 2020): Numbers: 0 and 11.
[3210333] Failed to build match row: Aarhus Gymnastik Forening vs Aalborg BK
[3412115] Could not find attributes for vyacheslav isupov (Neftekhimik Nizhnekamsk, 2020)
[3093420] Could not find attributes for ilya abaev (FK Rostov, 2018)
[3093420] Failed to build match row: FK Rostov vs FC Rubin Kazan
namo Bryansk
[3159141] Could not find attributes for ogmundur kristinsson (Athlitiki Enosi Larisas, 2018)
[3159141] Failed to build match row: Athlitiki Enosi Larisas vs APO Levadiakos Football Club

Keepers & outfield error for **Boavista FC** in Boavista FC vs Vitória Sport Clube: Numbers: 0 and 11.
[2884427] Failed to build match row: Boavista FC vs Vitória Sport Clube
[3058722] Could not find attributes for oscar wendt (Mönchengladbach, 2018)
[3058722] Failed to build match row: Mönchengladbach vs Borussia Dortmund
[2352060] Could not find attributes for anastasios papazoglou (Olympiakos Syndesmos Filathlon Peiraios, 2013)
[2352060] Failed to build match row: Olympiakos Syndesmos Filathlon Peiraios vs PAS Giannina
[2813615] Could not find attributes for ilya zhigulev (FK Krasnodar, 2016)
[2813615] Failed to build match row: FK Krasnodar vs FK Ufa
[2702824] Could not find attributes for jeremy morel (Olympique Lyonnais, 2016)
[2702824] Failed to build match row: Olympique Lyonnais vs Angers Sporting Club de l'Ouest
[2428054] Could not find attributes for konstantinos peristeridis (AO Platanias, 2013)
[2428054] Failed to build match row: AO Platanias vs Aris Thessalonikis
Not enough players found for lineup: 0, 0.
[2630733] Failed to scrape lineup: https://www.transfermarkt.co.uk/spielbericht/index/spielbericht/2630733
[2656724] Could not find attributes for sokratis dioudis (Panionios Athens, 2015)
[2656724] Failed to build match row: Panionios Athens vs Panthessalonikios Athlitikos Omilos Konstantinoupoliton

Keepers & outfield error for **Benevento Calcio** in Torino Calcio vs Benevento Calcio: Numbers: 2 and 9.
[2897309] Failed to build match row: Torino Calcio vs Benevento Calcio
[2923787] Could not find attributes for oliver korch (Hvidovre IF, 2017)
[2923787] Failed to build match row: Hvidovre IF vs FC Helsingör
[3266905] Could not find attributes for evgeniy gorodov (RFK Akhmat Grozny, 2019)
[3266905] Failed to build match row: RFK Akhmat Grozny vs Arsenal Tula
[2460811] Could not find attributes for christian schulz (Hannover 96, 2014)
[2460811] Failed to build match row: Hannover 96 vs SC Paderborn 07
[3080791] Could not find attributes for martin braithwaite (CD Leganés, 2018)
[3080791] Failed to build match row: Rayo Vallecano de Madrid S. A. D. vs CD Leganés
[3242076] Could not find attributes for nicola nanni (FC Crotone, 2019)
[3242076] Failed to build match row: FC Crotone vs UC Sampdoria
[2367650] Could not find attributes for rustam khudzhamov (FK Mariupol, 2013)
[2367650] Failed to build match row: FK Mariupol vs FC Shakhtar Donetsk
[3412116] Could not find attributes for aleksey kenyaykin (FC Orenburg, 2020)
[3412116] Failed to build match row: FC Orenburg vs Alania Vladikavkaz
[3210334] Could not find attributes for zeca (Football Club København, 2019)
[3210334] Failed to build match row: Hobro IK vs Football Club København

Keepers & outfield error for **Juventus Football Club** in Juventus Football Club vs Bologna Football Club 1909: Numbers: 0 and 11.
[2813965] Failed to build match row: Juventus Football Club vs Bologna Football Club 1909
[2537210] Could not find attributes for petar skuletic (Футбольный клуб "Локомотив" Москва, 2014)

Keepers & outfield error for **CD Mirandés** in CD Mirandés vs Sevilla Fútbol Club S.A.D.: Numbers: 2 and 9.
[3117083] Could not find attributes for frank boya (Royal Excel Mouscron (-2022), 2018)
[2537210] Failed to build match row: Футбольный клуб "Локомотив" Москва vs Arsenal Tula
[3310292] Failed to build match row: CD Mirandés vs Sevilla Fútbol Club S.A.D.
[3117083] Failed to build match row: Royal Excel Mouscron (-2022) vs Sportvereniging Zulte Waregem

Keepers & outfield error for **Association Football Club Bournemouth** in Association Football Club Bournemouth vs Wigan Athletic: Numbers: 2 and 9.
[2984201] Failed to build match row: Association Football Club Bournemouth vs Wigan Athletic
[3159142] Could not find attributes for dmytro chygrynskyi (Athlitiki Enosi Konstantinoupoleos, 2018)
[3159142] Failed to build match row: Athlitiki Enosi Konstantinoupoleos vs Panathinaikos Athlitikos Omilos

Keepers & outfield error for **Sporting Clube de Braga** in Sporting Clube de Braga vs Vitória Setúbal FC: Numbers: 0 and 11.
[2884428] Failed to build match row: Sporting Clube de Braga vs Vitória Setúbal FC
[2352061] Could not find attributes for grigoris athanasiou (GS Ergotelis, 2013)
[2352061] Failed to build match row: GS Ergotelis vs Apollon Smyrnis
[2758742] Could not find attributes for younes belhanda (Olympique Gymnaste Club Nice Côte d'Azur, 2016)
[2758742] Failed to build match row: Olympique Gymnaste Club Nice Côte d'Azur vs Fußballclub Red Bull Salzburg
[2656725] Could not find attributes for konstantinos theodoropoulos (A.G.S Asteras Tripolis, 2015)
[2656725] Failed to build match row: Olympiakos Syndesmos Filathlon Peiraios vs A.G.S Asteras Tripolis

Keepers & outfield error for **Sporting Gijón** in Sporting Gijón vs Rayo Vallecano de Madrid S. A. D.: Numbers: 2 and 9.
[2594710] Failed to build match row: Sporting Gijón vs Rayo Vallecano de Madrid S. A. D.
[2428055] Could not find attributes for markos vellidis (PAS Giannina, 2013)
[2428055] Failed to build match row: PAS Giannina vs Veria NPS
[3266906] Could not find attributes for egor baburin (FK Rostov, 2019)
[2923788] Could not find attributes for malte sjorslev (Holbaek B&I, 2017)
[3266906] Failed to build match row: FK Rostov vs FK Sochi
[2923788] Failed to build match row: Holbaek B&I vs AC Horsens
[2630734] Could not find attributes for charalampos brilakis (AO Chania, 2015)
[2630734] Failed to build match row: AO Chania vs Panthrakikos Komotini
[3080793] Failed to scrape lineup: https://www.transfermarkt.co.uk/deportivo-alaves_levante-ud/index/spielbericht/3080793
[2656726] Could not find attributes for giannis anestis (Athlitiki Enosi Konstantinoupoleos, 2015)
[2656726] Failed to build match row: Athlitiki Enosi Konstantinoupoleos vs Iraklis Thessaloniki

Keepers & outfield error for **KV Oostende** in St Truiden vs KV Oostende: Numbers: 2 and 9.
[2587041] Failed to build match row: St Truiden vs KV Oostende
[2367651] Could not find attributes for maksym koval (Futbolniy Klub Dynamo Kyiv, 2013)
[2367651] Failed to build match row: Futbolniy Klub Dynamo Kyiv vs Metalurg Donetsk (- 2015)
[2702826] Could not find attributes for rod fanni (Olympique de Marseille, 2016)
[2702826] Failed to build match row: SC Bastia vs Olympique de Marseille
[2814029] Could not find attributes for andrey gorbunov (APS Atromitos Athinon, 2016)
[2814029] Failed to build match row: APS Atromitos Athinon vs AOK Kerkyra
[2480545] Could not find attributes for nicholas gotfredsen (Viborg Fodsports Forening, 2014)
[2480545] Failed to build match row: Viborg Fodsports Forening vs Aarhus Gymnastik Forening

Keepers & outfield error for **SPAL** in SPAL vs Feralpisalò: Numbers: 0 and 11.
[3242077] Failed to build match row: SPAL vs Feralpisalò
[2871674] Could not find attributes for albin ekdal (Hamburger Sport Verein, 2017)
[2871674] Failed to build match row: Borussia Dortmund vs Hamburger Sport Verein
[2884429] Could not find attributes for nikola maras (GD Chaves, 2017)
[2884429] Failed to build match row: GD Chaves vs Futebol Clube do Porto
[3266907] Could not find attributes for sergey ryzhikov (PFK Krylya Sovetov Samara, 2019)
[3266907] Failed to build match row: PFK Krylya Sovetov Samara vs AO FK Zenit Sankt-Peterburg
[3210335] Could not find attributes for mo dauda (Esbjerg fB, 2019)
[3210335] Failed to build match row: Esbjerg fB vs Randers Fodbold Club
[3117084] Could not find attributes for sander coopman (KV Oostende, 2018)
[3117084] Failed to build match row: KV Oostende vs KSC Lokeren (- 2020)
[3159143] Could not find attributes for giannis kontoes (Apollon Smyrnis, 2018)
[3159143] Failed to build match row: Apollon Smyrnis vs Omilos Filathlon Irakliou FC
[2604371] Failed to build match row: Athletic Club Bilbao vs FK Inter Baku
litikos Omilos Konstantinoupoliton, 2013)
[2428056] Failed to build match row: Panthessalonikios Athlitikos Omilos Konstantinoupoliton vs Panthrakikos Komotini
[2352062] Could not find attributes for antonis georgallidis (AO Platanias, 2013)
[2352062] Failed to build match row: AO Platanias vs Panionios Athens
[2725300] Could not find attributes for axel maraval (NK Domzale, 2016)
[2725300] Failed to build match row: West Ham United Football Club vs NK Domzale
[2758743] Could not find attributes for vaclav hladky (FC Slovan Liberec, 2016)
[2758743] Failed to build match row: Associazione Calcio Fiorentina vs FC Slovan Liberec

[3093421] Failed to build match row: PFK Krylya Sovetov Samara vs Anzhi Makhachkala ( -2022)
[2613671] Could not find attributes for cafu phete (Vitória Sport Clube, 2015)
[2613671] Failed to build match row: Vitória Sport Clube vs Grupo Desportivo Estoril Praia
[2352063] Failed to scrape lineup: https://www.transfermarkt.co.uk/panthrakikos-komotini_ael-kalloni/index/spielbericht/2352063
[2897312] Failed to scrape lineup: https://www.transfermarkt.co.uk/acf-fiorentina_hellas-verona/index/spielbericht/2897312
[2656727] Could not find attributes for zeca (Panathinaikos Athlitikos Omilos, 2015)
[2656727] Failed to build match row: Panathinaikos Athlitikos Omilos vs APS Atromitos Athinon
[2814030] Could not find attributes for alexandros paschalakis (PAS Giannina, 2016)
[2814030] Failed to build match row: PAS Giannina vs Panionios Athens
[3093422] Could not find attributes for mario fernandes (PFK CSKA Moskva, 2018)
[3093422] Failed to build match row: PFK CSKA Moskva vs Ural Yekaterinburg
[2367652] Could not find attributes for mykola pletenytskyi (FK Ternopil, 2013)
[2367652] Failed to build match row: FK Ternopil vs FK Poltava (-2018)
[2581216] Could not find attributes for stephan andersen (Football Club København, 2015)
[2581216] Failed to build match row: Sønderjyske Fodbold vs Football Club København
[2613672] Could not find attributes for hicham belkaroui (Clube Desportivo Nacional, 2015)
[2613672] Failed to build match row: Clube Desportivo Nacional vs Moreirense Futebol Clube
[2352064] Could not find attributes for Luigi Cennamo (APS Atromitos Athinon, 2013)
[2352064] Failed to build match row: APS Atromitos Athinon vs Panthessalonikios Athlitikos Omilos Konstantinoupoliton
[2884430] Could not find attributes for icaro (Clube Desportivo de Tondela, 2017)
[2884430] Failed to build match row: FC Paços de Ferreira vs Clube Desportivo de Tondela
[3266908] Could not find attributes for vadim karpov (PFK CSKA Moskva, 2019)
[3310293] Could not find attributes for moi gomez (Villarreal Club de Fútbol S.A.D., 2019)
[3310293] Failed to build match row: Rayo Vallecano de Madrid S. A. D. vs Villarreal Club de Fútbol S.A.D.
[3266908] Failed to build match row: PFK CSKA Moskva vs FK Dinamo Moskva
[2984202] Could not find attributes for jordan shipley (Coventry City, 2017)
[2984202] Failed to build match row: Coventry City vs Stoke City
[2656728] Could not find attributes for dimitrios chatziisaias (Panthessalonikios Athlitikos Omilos Konstantinoupoliton, 2015)
[2656728] Failed to build match row: Panthessalonikios Athlitikos Omilos Konstantinoupoliton vs Panionios Athens
Not enough players found for lineup: 0, 11.
[2480851] Failed to scrape lineup: https://www.transfermarkt.co.uk/spielbericht/index/spielbericht/2480851
[3050218] Could not find attributes for glenn murray (Brighton and Hove Albion Football Club, 2018)
[3050218] Failed to build match row: Brighton and Hove Albion Football Club vs Tottenham Hotspur Football Club
[2581217] Failed to scrape lineup: https://www.transfermarkt.co.uk/brondby-if_hobro-ik/index/spielbericht/2581217
[3159144] Could not find attributes for christos theodorakis (APS Atromitos Athinon, 2018)
[3159144] Failed to build match row: Panthessalonikios Athlitikos Omilos Konstantinoupoliton vs APS Atromitos Athinon
[2367653] Could not find attributes for igor gryshyn (PFK Shakhtar Sverdlovsk, 2013)
[2367653] Failed to build match row: PFK Shakhtar Sverdlovsk vs Myr Gornostaivka

Keepers & outfield error for **Futebol Clube do Porto** in Académica Coimbra vs Futebol Clube do Porto: Numbers: 0 and 11.
[2613673] Failed to build match row: Académica Coimbra vs Futebol Clube do Porto
[2537212] Could not find attributes for anton putilo (Torpedo Moscow, 2014)
[2537212] Failed to build match row: Torpedo Moscow vs AO FK Zenit Sankt-Peterburg

Keepers & outfield error for **SPAL** in SPAL vs Football Club Internazionale Milano S.p.A.: Numbers: 2 and 9.
[2897313] Failed to build match row: SPAL vs Football Club Internazionale Milano S.p.A.
[2594713] Could not find attributes for josip radosevic (SD Eibar, 2015)
[2594713] Failed to build match row: Celta vs SD Eibar
[2480852] Could not find attributes for dmytro bezotosnyi (Chornomorets Odesa, 2014)
[2480852] Failed to build match row: Chornomorets Odesa vs RNK Split
[3159145] Could not find attributes for bojan saranov (PAS Lamia 1964, 2018)
[3159145] Failed to build match row: PAS Lamia 1964 vs PAS Giannina
[2352065] Could not find attributes for markos vellidis (PAS Giannina, 2013)
[2352065] Failed to build match row: PAS Giannina vs Aris Thessalonikis
[3093423] Could not find attributes for stanislav kritsyuk (FK Krasnodar, 2018)
[3093423] Failed to build match row: FK Krasnodar vs Футбольный клуб "Локомотив" Москва
[2923790] Could not find attributes for mike mortensen (BK Fremad Amager, 2017)
[2923790] Failed to build match row: BK Fremad Amager vs Odense Boldklub

Keepers & outfield error for **Unione Sportiva Lecce** in Unione Sportiva Lecce vs US Salernitana 1919: Numbers: 0 and 11.
[3242078] Failed to build match row: Unione Sportiva Lecce vs US Salernitana 1919
[2604372] Could not find attributes for salahat agayev (FK Inter Baku, 2015)
[2604372] Failed to build match row: FK Inter Baku vs Athletic Club Bilbao
[2758744] Could not find attributes for ibrahim sehic (Qarabağ FK, 2016)
[2758744] Failed to build match row: Panthessalonikios Athlitikos Omilos Konstantinoupoliton vs Qarabağ FK
[3310294] Could not find attributes for ansu fati (Futbol Club Barcelona, 2019)
[3310294] Failed to build match row: Futbol Club Barcelona vs CD Leganés
[3266909] Could not find attributes for matvey safonov (FK Krasnodar, 2019)
[3266909] Failed to build match row: FK Krasnodar vs FC Orenburg
[2630735] Could not find attributes for anastasios daskalakis (Olympiakos Volou, 2015)
[2630735] Failed to build match row: Olympiakos Volou vs Panthessalonikios Athlitikos Omilos Konstantinoupoliton
[2460813] Could not find attributes for ragnar klavan (Fußball-Club Augsburg 1907, 2014)
[2460813] Failed to build match row: Sportverein Werder Bremen von 1899 vs Fußball-Club Augsburg 1907
[3210338] Could not find attributes for zeca (Football Club København, 2019)
[3210338] Failed to build match row: Football Club København vs Fodbold Club Midtjylland

Keepers & outfield error for **Vitória Setúbal FC** in Vitória Setúbal FC vs Clube Desportivo de Tondela: Numbers: 0 and 11.
[2613674] Failed to build match row: Vitória Setúbal FC vs Clube Desportivo de Tondela
[2656729] Could not find attributes for konstantinos theodoropoulos (A.G.S Asteras Tripolis, 2015)
[2656729] Failed to build match row: A.G.S Asteras Tripolis vs Olympiakos Syndesmos Filathlon Peiraios

Keepers & outfield error for **Grupo Desportivo Estoril Praia** in Grupo Desportivo Estoril Praia vs CF Os Belenenses: Numbers: 0 and 11.
[2884431] Failed to build match row: Grupo Desportivo Estoril Praia vs CF Os Belenenses
[2367654] Could not find attributes for roman gurin (Girnyk Kryvyi Rig, 2013)
[2367654] Failed to build match row: Girnyk Kryvyi Rig vs Desna Chernigiv
[2725301] Could not find attributes for jiri pavlenka (SK Slavia Praha, a.s., 2016)
[2725301] Failed to build match row: Rio Ave Futebol Clube vs SK Slavia Praha, a.s.
[2587043] Could not find attributes for danijel milicevic (Koninklijke Atletiek Associatie Gent, 2015)
[2587043] Failed to build match row: Royal Sporting Club Anderlecht vs Koninklijke Atletiek Associatie Gent

Keepers & outfield error for **RasenBallsport Leipzig** in RasenBallsport Leipzig vs Fußball-Club Augsburg 1907: Numbers: 0 and 11.
[2871675] Failed to build match row: RasenBallsport Leipzig vs Fußball-Club Augsburg 1907
[2594714] Could not find attributes for carl medjani (Levante Unión Deportiva S.A.D., 2015)
[2594714] Failed to build match row: Levante Unión Deportiva S.A.D. vs Getafe Club de Fútbol S. A. D. Team Dubai
[3093424] Could not find attributes for rade dugalic (Enisey Krasnoyarsk, 2018)
[3093424] Failed to build match row: Enisey Krasnoyarsk vs Arsenal Tula

Keepers & outfield error for **Genoa Cricket and Football Club** in Genoa Cricket and Football Club vs Imolese Calcio 1919: Numbers: 0 and 11.
[3242079] Failed to build match row: Genoa Cricket and Football Club vs Imolese Calcio 1919
[2814031] Could not find attributes for zivko zivkovic (AO Xanthi, 2016)
[2814031] Failed to build match row: AO Xanthi vs Iraklis Thessaloniki
[3266910] Could not find attributes for andre schurrle (FK Spartak Moskva, 2019)
[3266910] Failed to build match row: Футбольный клуб "Локомотив" Москва vs FK Spartak Moskva
[2352066] Could not find attributes for georgios delizisis (Apollon Smyrnis, 2013)
[2352066] Failed to build match row: Apollon Smyrnis vs Olympiakos Syndesmos Filathlon Peiraios
[2604373] Could not find attributes for lovre kalinic (HNK Hajduk Split, 2015)
[2923791] Could not find attributes for frans putros (Fodbold Club Fredericia, 2017)
[2604373] Failed to build match row: HNK Hajduk Split vs Strømsgodset IF
[2923791] Failed to build match row: Fodbold Club Fredericia vs Aarhus Gymnastik Forening

Keepers & outfield error for **Club Atlético Osasuna** in Real Sociedad de Fútbol S.A.D. vs Club Atlético Osasuna: Numbers: 0 and 11.
[3310295] Failed to build match row: Real Sociedad de Fútbol S.A.D. vs Club Atlético Osasuna
[2725302] Could not find attributes for valeriy fomichev (Torpedo-BelAZ Zhodino, 2016)
[2725302] Failed to build match row: Sportklub Rapid vs Torpedo-BelAZ Zhodino
[3159146] Could not find attributes for yassine meriah (Olympiakos Syndesmos Filathlon Peiraios, 2018)
[3159146] Failed to build match row: Olympiakos Syndesmos Filathlon Peiraios vs Aris Thessalonikis
[2656730] Could not find attributes for aristotelis karasalidis (Iraklis Thessaloniki, 2015)
[2656730] Failed to build match row: Iraklis Thessaloniki vs Athlitiki Enosi Konstantinoupoleos

Keepers & outfield error for **Girona Fútbol Club S. A. D.** in Girona Fútbol Club S. A. D. vs SD Huesca: Numbers: 2 and 9.
[3080796] Failed to build match row: Girona Fútbol Club S. A. D. vs SD Huesca

Keepers & outfield error for **Cardiff City** in Cardiff City vs Manchester City Football Club: Numbers: 2 and 9.
[3050220] Failed to build match row: Cardiff City vs Manchester City Football Club
[2428057] Could not find attributes for anestis anastasiadis (AEL Kalloni, 2013)
[2428057] Failed to build match row: AEL Kalloni vs Panetolikos Agrinio
[2884432] Could not find attributes for heldon (Vitória Sport Clube, 2017)
[2884432] Failed to build match row: Vitória Sport Clube vs Sporting Clube de Braga
[2486564] Could not find attributes for kasper schmeichel (Leicester City, 2014)
[2486564] Failed to build match row: Leicester City vs West Bromwich Albion
[2725422] Failed to scrape lineup: https://www.transfermarkt.co.uk/zenit-st-petersburg_lokomotiv-moskau/index/spielbericht/2725422
[2594715] Could not find attributes for daniele bonera (Villarreal Club de Fútbol S.A.D., 2015)
[2594715] Failed to build match row: Club Atlético de Madrid S.A.D. vs Villarreal Club de Fútbol S.A.D.
[2630736] Could not find attributes for georgios sampatakos (Panachaiki GE, 2015)
[2630736] Failed to build match row: Panachaiki GE vs APO Levadiakos Football Club

Keepers & outfield error for **Manchester United Football Club** in Tranmere Rovers vs Manchester United Football Club: Numbers: 0 and 11.
[3310418] Failed to build match row: Tranmere Rovers vs Manchester United Football Club
[2984203] Could not find attributes for padraig amond (Newport County, 2017)
[2984203] Failed to build match row: Newport County vs Leeds United Association Football Club
[2656731] Could not find attributes for vasilios barkas (APS Atromitos Athinon, 2015)
[2656731] Failed to build match row: APS Atromitos Athinon vs Panathinaikos Athlitikos Omilos
[3210340] Failed to scrape lineup: https://www.transfermarkt.co.uk/odense-boldklub_aarhus-gf/index/spielbericht/3210340
[2329713] Failed to scrape lineup: https://www.transfermarkt.co.uk/waasland-beveren_kv-oostende/index/spielbericht/2329713
[2923792] Could not find attributes for peter nielsen (Vejgaard B, 2017)
[2923792] Failed to build match row: Vejgaard B vs Fodbold Club Nordsjælland
[3093425] Could not find attributes for anton shunin (FK Dinamo Moskva, 2018)
[3093425] Failed to build match row: FK Dinamo Moskva vs FC Orenburg

Keepers & outfield error for **Real Valladolid CF** in Real Valladolid CF vs Villarreal Club de Fútbol S.A.D.: Numbers: 2 and 9.
[3080797] Failed to build match row: Real Valladolid CF vs Villarreal Club de Fútbol S.A.D.
[2814032] Could not find attributes for georgios kantimiris (Veria NPS, 2016)
[2814032] Failed to build match row: Veria NPS vs Athlitiki Enosi Larisas

Keepers & outfield error for **Strømsgodset IF** in Strømsgodset IF vs HNK Hajduk Split: Numbers: 2 and 9.
[2604374] Failed to build match row: Strømsgodset IF vs HNK Hajduk Split
[2367655] Could not find attributes for vladyslav levanidov (FC Oleksandriya, 2013)
[2367655] Failed to build match row: FC Oleksandriya vs Metalist Kharkiv (- 2016)

Keepers & outfield error for **Sporting Clube de Portugal** in Sporting Clube de Portugal vs CF União Madeira (-2021): Numbers: 0 and 11.
[2613675] Failed to build match row: Sporting Clube de Portugal vs CF União Madeira (-2021)
[2428284] Could not find attributes for theodoros tripotseris (Omilos Filathlon Irakliou FC, 2013)
[2428284] Failed to build match row: Omilos Filathlon Irakliou FC vs Panionios Athens
[3093426] Could not find attributes for elmir nabiullin (AO FK Zenit Sankt-Peterburg, 2018)
[3093426] Failed to build match row: AO FK Zenit Sankt-Peterburg vs FK Spartak Moskva
[3117088] Could not find attributes for morteza pouraliganji (KAS Eupen, 2018)
[3117088] Failed to build match row: Koninklijke Atletiek Associatie Gent vs KAS Eupen
[2758746] Could not find attributes for ondrej mazuch (AC Sparta Praha, a. s., 2016)
[2758746] Failed to build match row: AC Sparta Praha, a. s. vs Hapoel Beer Sheva
Not enough players found for lineup: 0, 11.
[2630737] Failed to scrape lineup: https://www.transfermarkt.co.uk/spielbericht/index/spielbericht/2630737
[2923793] Could not find attributes for frederik ibsen (Vendsyssel FF, 2017)
[2923793] Failed to build match row: Vendsyssel FF vs Sønderjyske Fodbold
[2725423] Could not find attributes for georgiy shchennikov (PFK CSKA Moskva, 2016)
[2725423] Failed to build match row: Anzhi Makhachkala ( -2022) vs PFK CSKA Moskva
[2537214] Could not find attributes for stipe pletikosa (FK Rostov, 2014)
[2537214] Failed to build match row: FK Rostov vs Kuban Krasnodar (-2018)
[3117169] Failed to scrape lineup: https://www.transfermarkt.co.uk/r-charleroi-sc_kaa-gent/index/spielbericht/3117169
[2884433] Could not find attributes for boubacar fofana (Moreirense Futebol Clube, 2017)
[2884433] Failed to build match row: Moreirense Futebol Clube vs GD Chaves
[2702829] Could not find attributes for stephane sessegnon (Montpellier HSC, 2016)
[2702829] Failed to build match row: Football Club de Nantes vs Montpellier HSC
[2814033] Could not find attributes for dimitrios kyriakidis (Panetolikos Agrinio, 2016)
[2814033] Failed to build match row: Panetolikos Agrinio vs Athlitiki Enosi Konstantinoupoleos
[2884434] Failed to scrape lineup: https://www.transfermarkt.co.uk/vitoria-setubal-fc_fc-pacos-de-ferreira/index/spielbericht/2884434
[3093427] Could not find attributes for vitaliy gudiev (RFK Akhmat Grozny, 2018)

Keepers & outfield error for **CF União Madeira (-2021)** in CF União Madeira (-2021) vs Académica Coimbra: Numbers: 2 and 9.
[2613676] Failed to build match row: CF União Madeira (-2021) vs Académica Coimbra
[3093427] Failed to build match row: RFK Akhmat Grozny vs FK Ufa
[2758747] Could not find attributes for andris vanins (FC Zürich, 2016)
[3080798] Could not find attributes for martin braithwaite (CD Leganés, 2018)
[2758747] Failed to build match row: FC Zürich vs SC Fotbal Club FCSB SA
[3080798] Failed to build match row: CD Leganés vs Real Betis Balompié S.A.D.
Not enough players found for lineup: 0, 0.
[2630738] Failed to scrape lineup: https://www.transfermarkt.co.uk/spielbericht/index/spielbericht/2630738
Not enough players found for lineup: 0, 0.
[2604376] Could not find attributes for gideon baah (HJK Helsinki, 2015)
[2367656] Failed to scrape lineup: https://www.transfermarkt.co.uk/spielbericht/index/spielbericht/2367656
[2537236] Could not find attributes for emmanuel frimpong (FK Ufa, 2014)
[2604376] Failed to build match row: HJK Helsinki vs FC Astana
[2537236] Failed to build match row: FK Ufa vs FK Krasnodar
[3242082] Failed to scrape lineup: https://www.transfermarkt.co.uk/spielbericht/index/spielbericht/3242082
[3093507] Failed to scrape lineup: https://www.transfermarkt.co.uk/spielbericht/index/spielbericht/3093507
Not enough players found for lineup: 0, 0.
[2512760] Failed to scrape lineup: https://www.transfermarkt.co.uk/kvc-westerlo_r-charleroi-sc/index/spielbericht/2512760
[2897318] Failed to scrape lineup: https://www.transfermarkt.co.uk/atalanta-bc_chievo-verona/index/spielbericht/2897318
[2613677] Could not find attributes for aymen tahar (Boavista FC, 2015)
[2613677] Failed to build match row: Moreirense Futebol Clube vs Boavista FC
[2725425] Failed to scrape lineup: https://www.transfermarkt.co.uk/spartak-moscow_arsenal-tula/index/spielbericht/2725425

Keepers & outfield error for **Association sportive de Monaco Football Club** in FC Girondins Bordeaux vs Association sportive de Monaco Football Club: Numbers: 2 and 9.
[2353755] Failed to build match row: FC Girondins Bordeaux vs Association sportive de Monaco Football Club
[2460815] Could not find attributes for felix platte (FC Schalke 04, 2014)
[2460815] Failed to build match row: FC Schalke 04 vs Sportverein Werder Bremen von 1899
[2702830] Could not find attributes for yannis salibur (EA Guingamp, 2016)
[2702830] Failed to build match row: Football Club de Metz vs EA Guingamp

Keepers & outfield error for **Football Club Internazionale Milano S.p.A.** in Football Club Internazionale Milano S.p.A. vs FC Crotone: Numbers: 2 and 9.
[3093508] Failed to scrape lineup: https://www.transfermarkt.co.uk/spielbericht/index/spielbericht/3093508
[2897319] Failed to build match row: Football Club Internazionale Milano S.p.A. vs FC Crotone
[2581222] Could not find attributes for stephan andersen (Football Club København, 2015)
[2581222] Failed to build match row: Football Club København vs Fodbold Club Nordsjælland
[2725426] Failed to scrape lineup: https://www.transfermarkt.co.uk/terek-grozny_krylya-sovetov-samara/index/spielbericht/2725426
[2814034] Could not find attributes for yevgen selin (A.G.S Asteras Tripolis, 2016)
[2814034] Failed to build match row: A.G.S Asteras Tripolis vs Olympiakos Syndesmos Filathlon Peiraios
[2537237] Could not find attributes for branko jovicic (Amkar Perm, 2014)
[2537237] Failed to build match row: Ural Yekaterinburg vs Amkar Perm
[2329715] Could not find attributes for elimane coulibaly (KV Kortrijk, 2013)
[2329715] Failed to build match row: KV Kortrijk vs Club Brugge Koninklijke Voetbalvereniging

Keepers & outfield error for **Sporting Clube de Portugal** in Clube Desportivo de Tondela vs Sporting Clube de Portugal: Numbers: 0 and 11.
[2884435] Failed to build match row: Clube Desportivo de Tondela vs Sporting Clube de Portugal
[2871678] Failed to scrape lineup: https://www.transfermarkt.co.uk/eintracht-frankfurt_1-fc-koln/index/spielbericht/2871678
[2604377] Could not find attributes for nemanja maksimovic (FC Astana, 2015)
[2604377] Failed to build match row: FC Astana vs HJK Helsinki
[3242083] Could not find attributes for mato jajalo (Udinese Calcio, 2019)
[3242083] Failed to build match row: Udinese Calcio vs FC Südtirol
[2725427] Could not find attributes for aritm (FK Krasnodar, 2016)
[2725427] Failed to build match row: FK Krasnodar vs Tom Tomsk
Not enough players found for lineup: 0, 11.
[2353757] Failed to scrape lineup: https://www.transfermarkt.co.uk/losc-lille_fc-lorient/index/spielbericht/2353757
[2630739] Failed to scrape lineup: https://www.transfermarkt.co.uk/spielbericht/index/spielbericht/2630739
[2897320] Could not find attributes for mattia destro (Bologna Football Club 1909, 2017)
[2897320] Failed to build match row: Bologna Football Club 1909 vs Associazione Calcio Fiorentina
[2884436] Failed to scrape lineup: https://www.transfermarkt.co.uk/desportivo-aves-2020-_cs-maritimo/index/spielbericht/2884436
[2367657] Could not find attributes for evgen ryabchenko (Enerhiya Mykolaiv, 2013)
[2367657] Failed to build match row: Enerhiya Mykolaiv vs Chornomorets Odesa
[2758748] Could not find attributes for badou ndiaye (Ankaraspor, 2016)
[2758748] Failed to build match row: Villarreal Club de Fútbol S.A.D. vs Ankaraspor
[2613678] Could not find attributes for kuca (Rio Ave Futebol Clube, 2015)
[2613678] Failed to build match row: Clube Desportivo de Tondela vs Rio Ave Futebol Clube
[2656744] Could not find attributes for wilfried zahibo (Valencia Club de Fútbol S. A. D., 2015)
[2656744] Failed to build match row: Valencia Club de Fútbol S. A. D. vs UD Las Palmas
[2884437] Failed to scrape lineup: https://www.transfermarkt.co.uk/sl-benfica_boavista-fc/index/spielbericht/2884437
[2537238] Could not find attributes for stipe pletikosa (FK Rostov, 2014)
[2537238] Failed to build match row: FC Rubin Kazan vs FK Rostov
[2486565] Failed to scrape lineup: https://www.transfermarkt.co.uk/stoke-city_west-ham-united/index/spielbericht/2486565
[2581224] Failed to scrape lineup: https://www.transfermarkt.co.uk/aalborg-bk_fc-midtjylland/index/spielbericht/2581224
[2814035] Could not find attributes for stanislav namasco (APO Levadiakos Football Club, 2016)
[2814035] Failed to build match row: Panthessalonikios Athlitikos Omilos Konstantinoupoliton vs APO Levadiakos Football Club
[2329716] Could not find attributes for elimane coulibaly (KV Kortrijk, 2013)
[2329716] Failed to build match row: KV Kortrijk vs Lierse SK (- 2018)
[2656745] Could not find attributes for Rúper (CD Mirandés, 2015)
[2656745] Failed to build match row: Sevilla Fútbol Club S.A.D. vs CD Mirandés
[2924592] Could not find attributes for mike vanhamel (KV Oostende, 2017)
[2924592] Failed to build match row: Koninklijke Racing Club Genk vs KV Oostende
[3311681] Could not find attributes for robbie mutch (Falkirk Football & Athletic Club, 2019)
[3311681] Failed to build match row: Falkirk Football & Athletic Club vs Heart of Midlothian Football Club
[3093509] Could not find attributes for predrag rajkovic (Maccabi Tel Aviv, 2018)
[3093509] Failed to build match row: Sarpsborg 08 Fotballforening vs Maccabi Tel Aviv
[2984205] Could not find attributes for lukas raeder (Bradford City, 2017)
[2984205] Failed to build match row: Yeovil Town vs Bradford City
[2428285] Could not find attributes for zeca (Panathinaikos Athlitikos Omilos, 2013)
[2428285] Failed to build match row: Panathinaikos Athlitikos Omilos vs Olympiakos Volou
Not enough players found for lineup: 0, 11.
[2702869] Failed to scrape lineup: https://www.transfermarkt.co.uk/spielbericht/index/spielbericht/2702869
[2725428] Could not find attributes for ilzat akhmetov (FC Rubin Kazan, 2016)
[2725428] Failed to build match row: FC Rubin Kazan vs Amkar Perm
[2613679] Could not find attributes for jubal (Futebol Clube de Arouca, 2015)
[2613679] Failed to build match row: Futebol Clube de Arouca vs Clube Desportivo Nacional
[2656746] Failed to scrape lineup: https://www.transfermarkt.co.uk/spielbericht/index/spielbericht/2656746
[3093510] Failed to scrape lineup: https://www.transfermarkt.co.uk/spielbericht/index/spielbericht/3093510
[2428286] Failed to scrape lineup: https://www.transfermarkt.co.uk/spielbericht/index/spielbericht/2428286

Keepers & outfield error for **KSC Lokeren (- 2020)** in KSC Lokeren (- 2020) vs Yellow-Red Koninklijke Voetbalclub Mechelen: Numbers: 0 and 11.
[2587048] Failed to build match row: KSC Lokeren (- 2020) vs Yellow-Red Koninklijke Voetbalclub Mechelen
[2897322] Failed to scrape lineup: https://www.transfermarkt.co.uk/udinese-calcio_ac-milan/index/spielbericht/2897322
[3266924] Failed to scrape lineup: https://www.transfermarkt.co.uk/fc-ufa_lokomotiv-moscow/index/spielbericht/3266924
[2367658] Could not find attributes for dmitriy nepogodov (Vorskla Poltava, 2013)

Keepers & outfield error for **The Celtic Football Club** in The Celtic Football Club vs Qarabağ FK: Numbers: 2 and 9.
[2367658] Failed to build match row: Vorskla Poltava vs Volyn Lutsk
[2604378] Failed to build match row: The Celtic Football Club vs Qarabağ FK
[2630740] Could not find attributes for giannis antoniou (PAS Lamia 1964, 2015)
[2630740] Failed to build match row: PAS Lamia 1964 vs Veria NPS
[3093511] Failed to scrape lineup: https://www.transfermarkt.co.uk/spielbericht/index/spielbericht/3093511
[2758996] Could not find attributes for sergey narubin (FK Dinamo Moskva, 2016)
[2758996] Failed to build match row: FK Dinamo Moskva vs FK Rostov
[2581225] Could not find attributes for stephan andersen (Football Club København, 2015)
[3159147] Failed to scrape lineup: https://www.transfermarkt.co.uk/panetolikos-gfs_panionios-athens/index/spielbericht/3159147
[2581225] Failed to build match row: Fodbold Club Midtjylland vs Football Club København
[2537239] Could not find attributes for aleksandr chibirov (Arsenal Tula, 2014)
[2537239] Failed to build match row: Arsenal Tula vs PFK CSKA Moskva
[2486567] Failed to scrape lineup: https://www.transfermarkt.co.uk/aston-villa_tottenham-hotspur/index/spielbericht/2486567
[2814036] Could not find attributes for stefanos evangelou (Panathinaikos Athlitikos Omilos, 2016)
[2814036] Failed to build match row: Panathinaikos Athlitikos Omilos vs AO Platanias
[2512763] Could not find attributes for faris haroun (Cercle Brugge Koninklijke Sportvereniging, 2014)
[2512763] Failed to build match row: Cercle Brugge Koninklijke Sportvereniging vs Koninklijke Racing Club Genk

Keepers & outfield error for **AO FK Zenit Sankt-Peterburg** in FK Ufa vs AO FK Zenit Sankt-Peterburg: Numbers: 2 and 9.
[2725429] Failed to build match row: FK Ufa vs AO FK Zenit Sankt-Peterburg

Keepers & outfield error for **KAS Eupen** in Royal Excel Mouscron (-2022) vs KAS Eupen: Numbers: 2 and 9.
[2924593] Failed to build match row: Royal Excel Mouscron (-2022) vs KAS Eupen
[3311682] Could not find attributes for ryan marshall (BSC Glasgow, 2019)
[3311682] Failed to build match row: BSC Glasgow vs Hibernian Football Club

Keepers & outfield error for **Valencia Club de Fútbol S. A. D.** in Valencia Club de Fútbol S. A. D. vs Real Sociedad de Fútbol S.A.D.: Numbers: 0 and 11.
[3080801] Failed to build match row: Valencia Club de Fútbol S. A. D. vs Real Sociedad de Fútbol S.A.D.
[2537240] Could not find attributes for anton putilo (Torpedo Moscow, 2014)
[2537240] Failed to build match row: Torpedo Moscow vs FK Spartak Moskva
[2512764] Failed to scrape lineup: https://www.transfermarkt.co.uk/rsc-anderlecht_club-brugge-kv/index/spielbericht/2512764
[3159797] Could not find attributes for georgios athanasiadis (A.G.S Asteras Tripolis, 2018)
[3159797] Failed to build match row: A.G.S Asteras Tripolis vs PAS Lamia 1964
[2460818] Could not find attributes for ragnar klavan (Fußball-Club Augsburg 1907, 2014)
[2460818] Failed to build match row: Fußball-Club Augsburg 1907 vs Bayer 04 Leverkusen Fußball
[2613680] Could not find attributes for Juanto Ortuño (CF Os Belenenses, 2015)
[2613680] Failed to build match row: CF Os Belenenses vs FC Paços de Ferreira

Keepers & outfield error for **Benevento Calcio** in Benevento Calcio vs Società Sportiva Calcio Napoli: Numbers: 2 and 9.
[3266925] Could not find attributes for roman neustadter (FK Dinamo Moskva, 2019)
apoli
[3266925] Failed to build match row: FK Dinamo Moskva vs RFK Akhmat Grozny
[2486568] Could not find attributes for anthony reveillere (Sunderland Association Football Club, 2014)
[2486568] Failed to build match row: Crystal Palace Football Club vs Sunderland Association Football Club
Not enough players found for lineup: 0, 11.
[3159798] Failed to scrape lineup: https://www.transfermarkt.co.uk/panetolikos-gfs_paok-thessaloniki/index/spielbericht/3159798
[2702873] Failed to scrape lineup: https://www.transfermarkt.co.uk/spielbericht/index/spielbericht/2702873
[2460819] Failed to scrape lineup: https://www.transfermarkt.co.uk/sc-freiburg_tsg-1899-hoffenheim/index/spielbericht/2460819
[3311683] Could not find attributes for joey veerman (Sportclub Heerenveen, 2019)
[3311683] Failed to build match row: Sportclub Heerenveen vs Feyenoord Rotterdam
[2587050] Failed to scrape lineup: https://www.transfermarkt.co.uk/krc-genk_kvc-westerlo/index/spielbericht/2587050
[2353761] Failed to scrape lineup: https://www.transfermarkt.co.uk/ac-ajaccio_as-saint-etienne/index/spielbericht/2353761
[2897324] Failed to scrape lineup: https://www.transfermarkt.co.uk/hellas-verona_as-roma/index/spielbericht/2897324
[3243582] Could not find attributes for georgios merkis (APOEL Nicosia, 2019)
[3243582] Failed to build match row: APOEL Nicosia vs AFC Ajax Amsterdam
[3117171] Failed to scrape lineup: https://www.transfermarkt.co.uk/kas-eupen_royal-excel-mouscron-2022-/index/spielbericht/3117171

Keepers & outfield error for **CD Mirandés** in CD Mirandés vs Sevilla Fútbol Club S.A.D.: Numbers: 0 and 11.
[2656748] Failed to build match row: CD Mirandés vs Sevilla Fútbol Club S.A.D.
[2428287] Could not find attributes for georgios goumagias (Apollon Smyrnis, 2013)
[2428287] Failed to build match row: Panthessalonikios Athlitikos Omilos Konstantinoupoliton vs Apollon Smyrnis

Keepers & outfield error for **AO FK Zenit Sankt-Peterburg** in FK Dinamo Moskva vs AO FK Zenit Sankt-Peterburg: Numbers: 2 and 9.
[2537241] Failed to build match row: FK Dinamo Moskva vs AO FK Zenit Sankt-Peterburg
[2758997] Could not find attributes for ruslan abazov (FC Tosno (-2018), 2016)
[2758997] Failed to build match row: FC Tosno (-2018) vs Arsenal Tula
[3266926] Could not find attributes for soslan dzhanaev (FK Sochi, 2019)
[3266926] Failed to build match row: FK Sochi vs PFK Tambov (-2021)
[3159799] Could not find attributes for neofytos michail (PAS Giannina, 2018)
[3159799] Failed to build match row: PAS Giannina vs Athlitiki Enosi Larisas

Keepers & outfield error for **Real Valladolid CF** in Futbol Club Barcelona vs Real Valladolid CF: Numbers: 2 and 9.
[3080802] Failed to build match row: Futbol Club Barcelona vs Real Valladolid CF
[3050222] Could not find attributes for etienne capoue (Watford FC, 2018)
[3050222] Failed to build match row: Fulham Football Club vs Watford FC
[2367659] Failed to scrape lineup: https://www.transfermarkt.co.uk/spielbericht/index/spielbericht/2367659

Keepers & outfield error for **Futebol Clube do Porto** in Futebol Clube do Porto vs Rio Ave Futebol Clube: Numbers: 2 and 9.
[2884439] Failed to build match row: Futebol Clube do Porto vs Rio Ave Futebol Clube

Keepers & outfield error for **KV Oostende** in KV Oostende vs Royal Sporting Club Anderlecht: Numbers: 2 and 9.
[2587051] Failed to build match row: KV Oostende vs Royal Sporting Club Anderlecht
[3243583] Could not find attributes for georgios merkis (APOEL Nicosia, 2019)
[3243583] Failed to build match row: AFC Ajax Amsterdam vs APOEL Nicosia

Keepers & outfield error for **Sport Lisboa e Benfica** in Sport Lisboa e Benfica vs Vitória Sport Clube: Numbers: 0 and 11.
[2871679] Failed to scrape lineup: https://www.transfermarkt.co.uk/bayer-04-leverkusen_hertha-bsc/index/spielbericht/2871679
[2613681] Failed to build match row: Sport Lisboa e Benfica vs Vitória Sport Clube
Not enough players found for lineup: 0, 11.
[2702874] Failed to scrape lineup: https://www.transfermarkt.co.uk/spielbericht/index/spielbericht/2702874
Not enough players found for lineup: 0, 0.
[2630741] Failed to scrape lineup: https://www.transfermarkt.co.uk/spielbericht/index/spielbericht/2630741
[3216702] Could not find attributes for milos kosanovic (Royal Standard Club de Liège, 2019)
[2725431] Could not find attributes for georgiy shchennikov (PFK CSKA Moskva, 2016)
[3216702] Failed to build match row: St Truiden vs Royal Standard Club de Liège
[2725431] Failed to build match row: FC Orenburg vs PFK CSKA Moskva
[2814037] Could not find attributes for huanderson (Iraklis Thessaloniki, 2016)
[2814037] Failed to build match row: Iraklis Thessaloniki vs Veria NPS
[2537242] Could not find attributes for evgeniy gapon (Mordovia Saransk (-2020), 2014)
[3117172] Could not find attributes for olivier deschacht (KSC Lokeren (- 2020), 2018)
[2537242] Failed to build match row: Mordovia Saransk (-2020) vs Футбольный клуб "Локомотив" Москва
[3117172] Failed to build match row: KSC Lokeren (- 2020) vs St Truiden
[2367660] Could not find attributes for bogdan kogut (Bukovyna Chernivtsi, 2013)
[2367660] Failed to build match row: Bukovyna Chernivtsi vs Dnipro Dnipropetrovsk (-2020)

Keepers & outfield error for **Rio Ave Futebol Clube** in Rio Ave Futebol Clube vs Desportivo Aves (- 2020): Numbers: 3 and 8.
[2884440] Failed to build match row: Rio Ave Futebol Clube vs Desportivo Aves (- 2020)

Keepers & outfield error for **Levante Unión Deportiva S.A.D.** in Celta vs Levante Unión Deportiva S.A.D.: Numbers: 2 and 9.
[3080803] Failed to build match row: Celta vs Levante Unión Deportiva S.A.D.
[2587052] Could not find attributes for danijel milicevic (Koninklijke Atletiek Associatie Gent, 2015)
[2587052] Failed to build match row: Koninklijke Atletiek Associatie Gent vs St Truiden
[3093513] Could not find attributes for vladimir stojkovic (Fudbalski Klub Partizan Beograd, 2018)
[3093513] Failed to build match row: Fudbalski Klub Partizan Beograd vs Beşiktaş Jimnastik Kulübü
[2329718] Could not find attributes for ismaila ndiaye (Cercle Brugge Koninklijke Sportvereniging, 2013)
[2329718] Failed to build match row: Cercle Brugge Koninklijke Sportvereniging vs Royal Charleroi Sporting Club
[3266927] Could not find attributes for mikhail kerzhakov (AO FK Zenit Sankt-Peterburg, 2019)
[3266927] Failed to build match row: AO FK Zenit Sankt-Peterburg vs PFK CSKA Moskva
[3159800] Could not find attributes for nikolaos korovesis (Omilos Filathlon Irakliou FC, 2018)
[3159800] Failed to build match row: Omilos Filathlon Irakliou FC vs APO Levadiakos Football Club
[2613682] Could not find attributes for ricardo ferreira (Sporting Clube de Braga, 2015)
[2613682] Failed to build match row: Sporting Clube de Braga vs Vitória Setúbal FC
[2871680] Could not find attributes for josip elez (Hannover 96, 2017)
[2871680] Failed to build match row: Hannover 96 vs Sport-Club Freiburg
[2353762] Failed to scrape lineup: https://www.transfermarkt.co.uk/fc-lorient_fc-nantes/index/spielbericht/2353762

Keepers & outfield error for **SD Eibar** in SD Eibar vs Getafe Club de Fútbol S. A. D. Team Dubai: Numbers: 2 and 9.
[3080804] Failed to build match row: SD Eibar vs Getafe Club de Fútbol S. A. D. Team Dubai
[2814038] Could not find attributes for andreas gianniotis (Panionios Athens, 2016)
[2814038] Failed to build match row: Panionios Athens vs Panetolikos Agrinio
[2924595] Could not find attributes for hamdi harbaoui (Royal Sporting Club Anderlecht, 2017)
[2924595] Failed to build match row: SK Beveren vs Royal Sporting Club Anderlecht
[2630742] Could not find attributes for dimitrios patsiogiorgos (Athlitiki Enosi Larisas, 2015)
[2630742] Failed to build match row: Athlitiki Enosi Larisas vs Athlitiki Enosi Konstantinoupoleos
[2871681] Could not find attributes for tony jantschke (Mönchengladbach, 2017)
[2871681] Failed to build match row: Verein für Bewegungsspiele Stuttgart 1893 vs Mönchengladbach
[2613683] Could not find attributes for Maurício Antônio (CS Marítimo, 2015)
[2613683] Failed to build match row: Grupo Desportivo Estoril Praia vs CS Marítimo
[2460822] Could not find attributes for maurice hirsch (Hannover 96, 2014)
[2460822] Failed to build match row: 1. Fußball-Club Köln vs Hannover 96
[2814039] Could not find attributes for brown ideye (Olympiakos Syndesmos Filathlon Peiraios, 2016)
[2814039] Failed to build match row: Olympiakos Syndesmos Filathlon Peiraios vs AO Xanthi
[2512766] Could not find attributes for boban bajkovic (Lierse SK (- 2018), 2014)
[2512766] Failed to build match row: Lierse SK (- 2018) vs KSC Lokeren (- 2020)

Keepers & outfield error for **Paris Saint-Germain Football Club** in Paris Saint-Germain Football Club vs AC Ajaccio: Numbers: 2 and 9.
[2353763] Failed to build match row: Paris Saint-Germain Football Club vs AC Ajaccio
[2367661] Could not find attributes for dmytro kozachenko (MFK Mykolaiv, 2013)
[2367661] Failed to build match row: MFK Mykolaiv vs Zirka Kropyvnytskyi
[3159801] Could not find attributes for christos theodorakis (APS Atromitos Athinon, 2018)
[3159801] Failed to build match row: APS Atromitos Athinon vs Athlitiki Enosi Konstantinoupoleos
[2758998] Could not find attributes for aleksey shumskikh (FC Khimki (-2025), 2016)
[2758998] Failed to build match row: FC Khimki (-2025) vs Футбольный клуб "Локомотив" Москва
[2613684] Could not find attributes for chidozie awaziem (Futebol Clube do Porto, 2015)
[2613684] Failed to build match row: Futebol Clube do Porto vs Sporting Clube de Portugal
[3093514] Could not find attributes for caner erkin (Beşiktaş Jimnastik Kulübü, 2018)
[2814040] Failed to scrape lineup: https://www.transfermarkt.co.uk/aek-athens_asteras-tripolis/index/spielbericht/2814040
[3093514] Failed to build match row: Beşiktaş Jimnastik Kulübü vs Fudbalski Klub Partizan Beograd
Not enough players found for lineup: 0, 0.
[2630743] Failed to scrape lineup: https://www.transfermarkt.co.uk/spielbericht/index/spielbericht/2630743

Keepers & outfield error for **CS Marítimo** in CS Marítimo vs Vitória Sport Clube: Numbers: 2 and 9.
[2884442] Failed to build match row: CS Marítimo vs Vitória Sport Clube
[3159802] Could not find attributes for yassine meriah (Olympiakos Syndesmos Filathlon Peiraios, 2018)
[3159802] Failed to build match row: Panathinaikos Athlitikos Omilos vs Olympiakos Syndesmos Filathlon Peiraios
[2656851] Could not find attributes for gianmarco vannucchi (US Alessandria Calcio 1912, 2015)
[2656851] Failed to build match row: US Alessandria Calcio 1912 vs Associazione Calcio Milan
[2613685] Could not find attributes for jubal (Futebol Clube de Arouca, 2015)
[2613685] Failed to build match row: Grupo Desportivo Estoril Praia vs Futebol Clube de Arouca
[2537253] Could not find attributes for sergey samodin (Mordovia Saransk (-2020), 2014)
[2537253] Failed to build match row: Kuban Krasnodar (-2018) vs Mordovia Saransk (-2020)
[3159803] Could not find attributes for jeremy malherbe (Panionios Athens, 2018)
[3159803] Failed to build match row: Panionios Athens vs AO Xanthi

Keepers & outfield error for **Royal Sporting Club Anderlecht** in Royal Excel Mouscron (-2022) vs Royal Sporting Club Anderlecht: Numbers: 0 and 11.
Not enough players found for lineup: 0, 0.
[2512768] Failed to build match row: Royal Excel Mouscron (-2022) vs Royal Sporting Club Anderlecht
[2329719] Could not find attributes for ismaila ndiaye (Cercle Brugge Koninklijke Sportvereniging, 2013)
[2758999] Could not find attributes for aleksandr malyshev (Shinnik Yaroslavl, 2016)
[2367662] Failed to scrape lineup: https://www.transfermarkt.co.uk/spielbericht/index/spielbericht/2367662

Keepers & outfield error for **Sporting Clube de Portugal** in Sporting Clube de Portugal vs Moreirense Futebol Clube: Numbers: 0 and 11.
[2329719] Failed to build match row: Royal Standard Club de Liège vs Cercle Brugge Koninklijke Sportvereniging
[2884443] Failed to build match row: Sporting Clube de Portugal vs Moreirense Futebol Clube

Keepers & outfield error for **Real Madrid Club de Fútbol** in Real Madrid Club de Fútbol vs Real Sociedad de Fútbol S.A.D.: Numbers: 2 and 9.

Keepers & outfield error for **Clube Desportivo Nacional** in Clube Desportivo Nacional vs CF Os Belenenses: Numbers: 0 and 11.
[2758999] Failed to build match row: Shinnik Yaroslavl vs PFK Krylya Sovetov Samara
[3312782] Failed to build match row: Real Madrid Club de Fútbol vs Real Sociedad de Fútbol S.A.D.
[2613686] Failed to build match row: Clube Desportivo Nacional vs CF Os Belenenses
Not enough players found for lineup: 0, 0.
[2630744] Failed to scrape lineup: https://www.transfermarkt.co.uk/spielbericht/index/spielbericht/2630744
[2814041] Could not find attributes for konstantinos theodoropoulos (Athlitiki Enosi Larisas, 2016)
[2814041] Failed to build match row: Athlitiki Enosi Larisas vs AO Platanias

Keepers & outfield error for **West Ham United Football Club** in West Ham United Football Club vs Chelsea Football Club: Numbers: 2 and 9.
[3050226] Failed to build match row: West Ham United Football Club vs Chelsea Football Club
[2656852] Could not find attributes for gianmarco vannucchi (US Alessandria Calcio 1912, 2015)
[2656852] Failed to build match row: Associazione Calcio Milan vs US Alessandria Calcio 1912
[2486573] Could not find attributes for kasper schmeichel (Leicester City, 2014)
[3117175] Could not find attributes for sander coopman (KV Oostende, 2018)
[2486573] Failed to build match row: Southampton FC vs Leicester City
[3117175] Failed to build match row: Koninklijke Racing Club Genk vs KV Oostende
[3159804] Failed to scrape lineup: https://www.transfermarkt.co.uk/aris-thessaloniki_apollon-smyrnis/index/spielbericht/3159804
[2725436] Failed to scrape lineup: https://www.transfermarkt.co.uk/fc-krasnodar_terek-grozny/index/spielbericht/2725436
[3080807] Failed to scrape lineup: https://www.transfermarkt.co.uk/rayo-vallecano_atletico-de-madrid/index/spielbericht/3080807
[2884444] Failed to scrape lineup: https://www.transfermarkt.co.uk/portimonense-sc_fc-porto/index/spielbericht/2884444
[2512769] Could not find attributes for boban bajkovic (Lierse SK (- 2018), 2014)
[2512769] Failed to build match row: KV Oostende vs Lierse SK (- 2018)
[2613687] Could not find attributes for mauricio antonio (CS Marítimo, 2015)
[2613687] Failed to build match row: CS Marítimo vs Sport Lisboa e Benfica
[2587054] Could not find attributes for kodjo alphonse (Gil Vicente Futebol Clube, 2015)
[2587054] Failed to build match row: Gil Vicente Futebol Clube vs Académico Viseu FC
Not enough players found for lineup: 0, 0.
[2630745] Failed to scrape lineup: https://www.transfermarkt.co.uk/spielbericht/index/spielbericht/2630745
[3093515] Could not find attributes for bogdan planic (SC Fotbal Club FCSB SA, 2018)
[3093515] Failed to build match row: Sportklub Rapid vs SC Fotbal Club FCSB SA
[2871691] Could not find attributes for matthias lehmann (1. Fußball-Club Köln, 2017)
[2871691] Failed to build match row: 1. Fußball-Club Köln vs Eintracht Frankfurt Fußball AG
[2367663] Could not find attributes for andriy novak (Nyva Ternopil, 2013)
[2367663] Failed to build match row: Nyva Ternopil vs UkrAgroKom Golovkivka
[2814042] Could not find attributes for stanislav namasco (APO Levadiakos Football Club, 2016)
[2814042] Failed to build match row: APO Levadiakos Football Club vs APS Atromitos Athinon
[2702876] Could not find attributes for jan frederiksen (FC Graesrödderne, 2016)
[2537254] Could not find attributes for evgeniy konyukhov (PFK Krylya Sovetov Samara, 2014)
[2702876] Failed to build match row: FC Graesrödderne vs Akademisk Boldklub
[2537254] Failed to build match row: PFK CSKA Moskva vs PFK Krylya Sovetov Samara
[3050227] Could not find attributes for etienne capoue (Watford FC, 2018)
[3050227] Failed to build match row: Arsenal Football Club vs Watford FC

Keepers & outfield error for **CF Os Belenenses** in CF Os Belenenses vs CD Feirense: Numbers: 0 and 11.
[2884445] Failed to build match row: CF Os Belenenses vs CD Feirense
[3312783] Could not find attributes for ansu fati (Futbol Club Barcelona, 2019)
[3312783] Failed to build match row: Athletic Club Bilbao vs Futbol Club Barcelona

Keepers & outfield error for **Valencia Club de Fútbol S. A. D.** in Valencia Club de Fútbol S. A. D. vs Espanol: Numbers: 0 and 11.
[3080808] Failed to build match row: Valencia Club de Fútbol S. A. D. vs Espanol
[2759000] Could not find attributes for daniil gavilovskiy (PFK Tambov (-2021), 2016)
[2759000] Failed to build match row: PFK Tambov (-2021) vs AO FK Zenit Sankt-Peterburg
[3159810] Could not find attributes for athanasios panteliadis (APO Levadiakos Football Club, 2018)
[3159810] Failed to build match row: APO Levadiakos Football Club vs PAS Giannina
[2368274] Could not find attributes for frederik due (HB Köge, 2013)
[2368274] Failed to build match row: HB Köge vs Aalborg BK
[2537255] Could not find attributes for maicon bolt (Футбольный клуб "Локомотив" Москва, 2014)
[2537255] Failed to build match row: Футбольный клуб "Локомотив" Москва vs FC Rubin Kazan

Keepers & outfield error for **Association sportive de Monaco Football Club** in Association sportive de Monaco Football Club vs Montpellier HSC: Numbers: 2 and 9.
[2353765] Failed to build match row: Association sportive de Monaco Football Club vs Montpellier HSC

Keepers & outfield error for **Vitória Setúbal FC** in Boavista FC vs Vitória Setúbal FC: Numbers: 2 and 9.
[2884446] Failed to build match row: Boavista FC vs Vitória Setúbal FC
[3312784] Could not find attributes for roberto soldado (Granada CF, 2019)
[3312784] Failed to build match row: Granada CF vs Valencia Club de Fútbol S. A. D.
[2512770] Could not find attributes for boubacar copa (KSC Lokeren (- 2020), 2014)
[2512770] Failed to build match row: KSC Lokeren (- 2020) vs Cercle Brugge Koninklijke Sportvereniging
[2631223] Could not find attributes for ugo ukah (AEL Kalloni, 2015)
[2631223] Failed to build match row: AEL Kalloni vs APO Levadiakos Football Club

Keepers & outfield error for **Clube Oriental Lissabon** in Clube Oriental Lissabon vs SC Freamunde: Numbers: 3 and 8.
[2587055] Failed to build match row: Clube Oriental Lissabon vs SC Freamunde
[3159811] Could not find attributes for lefteris astras (Apollon Smyrnis, 2018)
[3159811] Failed to build match row: Apollon Smyrnis vs Panathinaikos Athlitikos Omilos

Keepers & outfield error for **AO FK Zenit Sankt-Peterburg** in AO FK Zenit Sankt-Peterburg vs FK Rostov: Numbers: 2 and 9.
[2725447] Failed to build match row: AO FK Zenit Sankt-Peterburg vs FK Rostov
[2613688] Could not find attributes for kuca (Rio Ave Futebol Clube, 2015)
[2613688] Failed to build match row: Rio Ave Futebol Clube vs Futebol Clube do Porto

Keepers & outfield error for **Sporting Clube de Braga** in Sporting Clube de Braga vs Clube Desportivo de Tondela: Numbers: 2 and 9.
[2884447] Failed to build match row: Sporting Clube de Braga vs Clube Desportivo de Tondela

Keepers & outfield error for **CD Mirandés** in CD Mirandés vs Villarreal Club de Fútbol S.A.D.: Numbers: 2 and 9.
[3312785] Failed to build match row: CD Mirandés vs Villarreal Club de Fútbol S.A.D.
[2537256] Could not find attributes for anri khagush (Arsenal Tula, 2014)
[2537256] Failed to build match row: Arsenal Tula vs FC Orenburg
[2725448] Could not find attributes for georgiy shchennikov (PFK CSKA Moskva, 2016)
[2725448] Failed to build match row: Ural Yekaterinburg vs PFK CSKA Moskva
[2657254] Could not find attributes for craig howie (East Kilbride FC, 2015)
[2657254] Failed to build match row: East Kilbride FC vs The Celtic Football Club
[2702887] Could not find attributes for esben madsen (BK Fremad Amager, 2016)
[2702887] Failed to build match row: BK Fremad Amager vs Avarta
Not enough players found for lineup: 0, 11.
[2428288] Could not find attributes for nikolaos dinopoulos (Olympiakos Volou, 2013)
[2368275] Failed to scrape lineup: https://www.transfermarkt.co.uk/spielbericht/index/spielbericht/2368275
[2587056] Could not find attributes for giorgi makaridze (CD Feirense, 2015)
[2428288] Failed to build match row: Olympiakos Volou vs Panathinaikos Athlitikos Omilos
[2587056] Failed to build match row: CD Feirense vs SC Covilhã
[2759001] Could not find attributes for evgeniy osipov (Mordovia Saransk (-2020), 2016)
[2759001] Failed to build match row: Mordovia Saransk (-2020) vs Anzhi Makhachkala ( -2022)
[2871693] Could not find attributes for julian korb (Hannover 96, 2017)
[2871693] Failed to build match row: Sport-Club Freiburg vs Hannover 96
[3159812] Could not find attributes for ogmundur kristinsson (Athlitiki Enosi Larisas, 2018)
[3159812] Failed to build match row: Athlitiki Enosi Larisas vs A.G.S Asteras Tripolis
[3313516] Could not find attributes for konstantinos theodoropoulos (PAS Lamia 1964, 2019)
[3313516] Failed to build match row: PAS Lamia 1964 vs Olympiakos Syndesmos Filathlon Peiraios
[2538955] Could not find attributes for oleksandr shovkovskyi (Futbolniy Klub Dynamo Kyiv, 2014)
[2538955] Failed to build match row: Everton Football Club vs Futbolniy Klub Dynamo Kyiv
[2631224] Could not find attributes for dimitrios kyriakidis (Panetolikos Agrinio, 2015)
[2631224] Failed to build match row: Panetolikos Agrinio vs AO Platanias
[2704204] Could not find attributes for felix wiedwald (Sportverein Werder Bremen von 1899, 2016)
[2704204] Failed to build match row: FC Bayern München vs Sportverein Werder Bremen von 1899

Keepers & outfield error for **Juventus Football Club** in Juventus Football Club vs Football Club Internazionale Milano S.p.A.: Numbers: 0 and 11.
[2657264] Failed to build match row: Juventus Football Club vs Football Club Internazionale Milano S.p.A.

Keepers & outfield error for **Real Sociedad de Fútbol S.A.D.** in Real Sociedad de Fútbol S.A.D. vs CD Leganés: Numbers: 2 and 9.
[3080810] Failed to build match row: Real Sociedad de Fútbol S.A.D. vs CD Leganés
[2759002] Could not find attributes for aleksandr sautin (Fakel Voronezh, 2016)
[2759002] Failed to build match row: Fakel Voronezh vs RFK Akhmat Grozny
[2368279] Could not find attributes for nicklas dannevang (Brönshöj Boldklub, 2013)
[2368279] Failed to build match row: Brönshöj Boldklub vs Aarhus Gymnastik Forening
[3117178] Could not find attributes for mbaye leye (Royal Excel Mouscron (-2022), 2018)
[3117178] Failed to build match row: Royal Excel Mouscron (-2022) vs Royal Sporting Club Anderlecht
[3159813] Could not find attributes for julian cuesta (Aris Thessalonikis, 2018)
[3159813] Failed to build match row: Aris Thessalonikis vs Omilos Filathlon Irakliou FC
[2725449] Could not find attributes for aritm (FK Krasnodar, 2016)
[2725449] Failed to build match row: PFK Krylya Sovetov Samara vs FK Krasnodar
[2486576] Could not find attributes for anthony reveillere (Sunderland Association Football Club, 2014)
[2486576] Failed to build match row: Sunderland Association Football Club vs Everton Football Club
[3313517] Could not find attributes for rasmus sjostedt (Panetolikos Agrinio, 2019)
[3313517] Failed to build match row: Panetolikos Agrinio vs Athlitiki Enosi Konstantinoupoleos
[2538956] Could not find attributes for denys boyko (Dnipro Dnipropetrovsk (-2020), 2014)
[2538956] Failed to build match row: Dnipro Dnipropetrovsk (-2020) vs AFC Ajax Amsterdam
[3117179] Could not find attributes for olivier deschacht (KSC Lokeren (- 2020), 2018)
[3117179] Failed to build match row: SK Beveren vs KSC Lokeren (- 2020)
[2329720] Failed to scrape lineup: https://www.transfermarkt.co.uk/sv-zulte-waregem_ksc-lokeren-2020-/index/spielbericht/2329720

Keepers & outfield error for **Juventus Football Club** in Football Club Internazionale Milano S.p.A. vs Juventus Football Club: Numbers: 0 and 11.
[2657265] Failed to build match row: Football Club Internazionale Milano S.p.A. vs Juventus Football Club
[3080811] Could not find attributes for daniele bonera (Villarreal Club de Fútbol S.A.D., 2018)
[3080811] Failed to build match row: Villarreal Club de Fútbol S.A.D. vs Sevilla Fútbol Club S.A.D.
[3050232] Failed to scrape lineup: https://www.transfermarkt.co.uk/huddersfield-town_tottenham-hotspur/index/spielbericht/3050232
[2587057] Could not find attributes for antonio filipe (GD Chaves, 2015)
[2587057] Failed to build match row: GD Chaves vs Varzim SC
[2631225] Could not find attributes for vasilios lampropoulos (Athlitiki Enosi Konstantinoupoleos, 2015)
[2631225] Failed to build match row: Athlitiki Enosi Konstantinoupoleos vs Iraklis Thessaloniki
[3117180] Failed to scrape lineup: https://www.transfermarkt.co.uk/sint-truidense-vv_kv-kortrijk/index/spielbericht/3117180
[2368280] Could not find attributes for jakob kohler (Fodbold Club Fredericia, 2013)
[2704205] Could not find attributes for fabian frei (1. Fußball- und Sportverein Mainz 05, 2016)
[2368280] Failed to build match row: Fodbold Club Fredericia vs Sønderjyske Fodbold
[2704205] Failed to build match row: Borussia Dortmund vs 1. Fußball- und Sportverein Mainz 05
[2657387] Failed to scrape lineup: https://www.transfermarkt.co.uk/spielbericht/index/spielbericht/2657387
[3080812] Failed to scrape lineup: https://www.transfermarkt.co.uk/deportivo-alaves_celta-de-vigo/index/spielbericht/3080812
[3266928] Could not find attributes for matvey safonov (FK Krasnodar, 2019)
[3266928] Failed to build match row: FK Krasnodar vs FK Rostov
[2631226] Failed to scrape lineup: https://www.transfermarkt.co.uk/atromitos-athens_olympiacos-piraeus/index/spielbericht/2631226
[2759003] Could not find attributes for andrey ryzhikov (Energomash Belgorod (-2018), 2016)
[2759003] Failed to build match row: Energomash Belgorod (-2018) vs FK Ufa
[2725450] Could not find attributes for ilzat akhmetov (FC Rubin Kazan, 2016)
[2725450] Failed to build match row: FC Rubin Kazan vs FK Spartak Moskva
[2631227] Could not find attributes for georgios athanasiadis (Panthrakikos Komotini, 2015)
[2631227] Failed to build match row: Panthrakikos Komotini vs AO Xanthi
[3313518] Could not find attributes for bart schenkeveld (Panathinaikos Athlitikos Omilos, 2019)
[3313518] Failed to build match row: Panthessalonikios Athlitikos Omilos Konstantinoupoliton vs Panathinaikos Athlitikos Omilos
[2329722] Failed to scrape lineup: https://www.transfermarkt.co.uk/kv-oostende_kv-mechelen/index/spielbericht/2329722
[3050234] Failed to scrape lineup: https://www.transfermarkt.co.uk/newcastle-united_leicester-city/index/spielbericht/3050234

Keepers & outfield error for **AO FK Zenit Sankt-Peterburg** in AO FK Zenit Sankt-Peterburg vs Torino Calcio: Numbers: 2 and 9.
[2538957] Failed to build match row: AO FK Zenit Sankt-Peterburg vs Torino Calcio
[3093516] Failed to scrape lineup: https://www.transfermarkt.co.uk/spielbericht/index/spielbericht/3093516
[2759004] Could not find attributes for anton antipov (Spartak Nalchik, 2016)
[2759004] Failed to build match row: Spartak Nalchik vs FK Krasnodar

Keepers & outfield error for **SD Eibar** in Athletic Club Bilbao vs SD Eibar: Numbers: 2 and 9.
[3080813] Failed to build match row: Athletic Club Bilbao vs SD Eibar
[2538958] Failed to scrape lineup: https://www.transfermarkt.co.uk/spielbericht/index/spielbericht/2538958

Keepers & outfield error for **Fußball-Club Augsburg 1907** in Fußball-Club Augsburg 1907 vs RasenBallsport Leipzig: Numbers: 2 and 9.
[2871696] Failed to build match row: Fußball-Club Augsburg 1907 vs RasenBallsport Leipzig
[3313519] Could not find attributes for georgios delizisis (Aris Thessalonikis, 2019)
[3313519] Failed to build match row: Aris Thessalonikis vs APS Atromitos Athinon
[2512773] Could not find attributes for damien dussaut (Royal Standard Club de Liège, 2014)

Keepers & outfield error for **West Ham United Football Club** in West Ham United Football Club vs Manchester United Football Club: Numbers: 2 and 9.
[2512773] Failed to build match row: Royal Charleroi Sporting Club vs Royal Standard Club de Liège
[2631228] Could not find attributes for nikolaos papadopoulos (Panionios Athens, 2015)
[3050235] Failed to build match row: West Ham United Football Club vs Manchester United Football Club
[2631228] Failed to build match row: Panionios Athens vs Veria NPS
[3117181] Could not find attributes for morteza pouraliganji (KAS Eupen, 2018)
[3117181] Failed to build match row: KAS Eupen vs Koninklijke Racing Club Genk
[2486579] Failed to scrape lineup: https://www.transfermarkt.co.uk/chelsea-fc_west-bromwich-albion/index/spielbericht/2486579
[3219066] Failed to scrape lineup: https://www.transfermarkt.co.uk/newcastle-united_manchester-united/index/spielbericht/3219066
[2871697] Could not find attributes for sejad salihovic (Hamburger Sport Verein, 2017)
[2871697] Failed to build match row: Hamburger Sport Verein vs Borussia Dortmund
[2657389] Failed to scrape lineup: https://www.transfermarkt.co.uk/spielbericht/index/spielbericht/2657389
[2329723] Could not find attributes for matz sels (Koninklijke Atletiek Associatie Gent, 2013)
[2512774] Failed to scrape lineup: https://www.transfermarkt.co.uk/kaa-gent_krc-genk/index/spielbericht/2512774
[2329723] Failed to build match row: Koninklijke Atletiek Associatie Gent vs Oud-Heverlee Leuven
Not enough players found for lineup: 0, 11.
[2368281] Failed to scrape lineup: https://www.transfermarkt.co.uk/spielbericht/index/spielbericht/2368281
[2759005] Could not find attributes for david ikanovich (FK Chita (-2022), 2016)
[2759005] Failed to build match row: FK Chita (-2022) vs FC Rubin Kazan
[2512775] Failed to scrape lineup: https://www.transfermarkt.co.uk/kv-mechelen_kaa-gent/index/spielbericht/2512775
[3244353] Could not find attributes for dmytro chygrynskyi (Athlitiki Enosi Konstantinoupoleos, 2019)
[3244353] Failed to build match row: Trabzonspor Kulübü vs Athlitiki Enosi Konstantinoupoleos
[2428289] Could not find attributes for nikolaos lazaridis (APS Atromitos Athinon, 2013)
[2428289] Failed to build match row: APS Atromitos Athinon vs Olympiakos Syndesmos Filathlon Peiraios
[3313668] Could not find attributes for balazs megyeri (APS Atromitos Athinon, 2019)
[3313668] Failed to build match row: APS Atromitos Athinon vs Aris Thessalonikis
[2814043] Could not find attributes for fotis koutzavasilis (AOK Kerkyra, 2016)
[2871698] Could not find attributes for eugen polanski (Turn- und Sportgemeinschaft 1899 Hoffenheim Fußball-Spielbetriebs, 2017)
[2814043] Failed to build match row: AOK Kerkyra vs Panathinaikos Athlitikos Omilos
[2871698] Failed to build match row: 1. Fußball- und Sportverein Mainz 05 vs Turn- und Sportgemeinschaft 1899 Hoffenheim Fußball-Spielbetriebs
[2538960] Failed to scrape lineup: https://www.transfermarkt.co.uk/spielbericht/index/spielbericht/2538960
[2814044] Failed to scrape lineup: https://www.transfermarkt.co.uk/pas-giannina_paok-thessaloniki/index/spielbericht/2814044
[3050236] Could not find attributes for danny ings (Southampton FC, 2018)
[3050236] Failed to build match row: Wolverhampton Wanderers Football Club vs Southampton FC
[3266929] Could not find attributes for yaroslav godzyur (Ural Yekaterinburg, 2019)
[3266929] Failed to build match row: Ural Yekaterinburg vs FC Orenburg
[2329724] Could not find attributes for didier ovono (KV Oostende, 2013)
[2329724] Failed to build match row: Royal Charleroi Sporting Club vs KV Oostende
[2704208] Could not find attributes for matthias lehmann (1. Fußball-Club Köln, 2016)
[2704208] Failed to build match row: 1. Fußball-Club Köln vs SV Darmstadt 98

Keepers & outfield error for **Sporting Clube de Portugal** in Sporting Clube de Portugal vs Vitória Setúbal FC: Numbers: 0 and 11.
[2613689] Failed to build match row: Sporting Clube de Portugal vs Vitória Setúbal FC
[2759006] Could not find attributes for aleksandr dovbnya (SKA Khabarovsk, 2016)
[2759006] Failed to build match row: SKA Khabarovsk vs FK Spartak Moskva
[2814045] Could not find attributes for huanderson (Iraklis Thessaloniki, 2016)
[2814045] Failed to build match row: Iraklis Thessaloniki vs Athlitiki Enosi Larisas
[3117183] Could not find attributes for sander coopman (KV Oostende, 2018)
[3117183] Failed to build match row: Royal Standard Club de Liège vs KV Oostende
[2428290] Could not find attributes for nikolaos papadopoulos (Panionios Athens, 2013)
[2368282] Could not find attributes for mike mortensen (Naestved Boldklub, 2013)
[2428290] Failed to build match row: Panionios Athens vs Omilos Filathlon Irakliou FC
[2368282] Failed to build match row: Naestved Boldklub vs Vejle Boldklub
[3244530] Could not find attributes for radovan pankov (Fudbalski klub Crvena zvezda Beograd, 2019)
[3244530] Failed to build match row: Berner Sport Club Young Boys vs Fudbalski klub Crvena zvezda Beograd
[2460829] Could not find attributes for christian schulz (Hannover 96, 2014)
[2460829] Failed to build match row: Hannover 96 vs Verein für Bewegungsspiele Stuttgart 1893
[2486581] Could not find attributes for kasper schmeichel (Leicester City, 2014)
[2486581] Failed to build match row: Leicester City vs Sunderland Association Football Club
[2759007] Could not find attributes for nikolay tsygan (Sibir Novosibirsk (- 2019), 2016)
[2759007] Failed to build match row: Sibir Novosibirsk (- 2019) vs Tom Tomsk
[2631229] Failed to scrape lineup: https://www.transfermarkt.co.uk/pas-giannina_asteras-tripolis/index/spielbericht/2631229
[3080815] Could not find attributes for juanpi (SD Huesca, 2018)
[3080815] Failed to build match row: Espanol vs SD Huesca
[3159814] Could not find attributes for stratos svarnas (Athlitiki Enosi Konstantinoupoleos, 2018)
[3159814] Failed to build match row: Athlitiki Enosi Konstantinoupoleos vs Panetolikos Agrinio
[3244531] Failed to scrape lineup: https://www.transfermarkt.co.uk/spielbericht/index/spielbericht/3244531

Keepers & outfield error for **Cardiff City** in Cardiff City vs Mansfield Town: Numbers: 2 and 9.
[2512777] Could not find attributes for boban bajkovic (Lierse SK (- 2018), 2014)
[2984216] Failed to build match row: Cardiff City vs Mansfield Town
[2512777] Failed to build match row: Lierse SK (- 2018) vs Koninklijke Voetbal Club Westerlo
[2814046] Could not find attributes for yevgen selin (A.G.S Asteras Tripolis, 2016)
[2814046] Failed to build match row: A.G.S Asteras Tripolis vs Panionios Athens
[3313669] Could not find attributes for christopher knett (Panetolikos Agrinio, 2019)
[3313669] Failed to build match row: Athlitiki Enosi Konstantinoupoleos vs Panetolikos Agrinio
[2884448] Could not find attributes for nikola maras (GD Chaves, 2017)
[2884448] Failed to build match row: GD Chaves vs Grupo Desportivo Estoril Praia
[3080816] Could not find attributes for mathieu flamini (Getafe Club de Fútbol S. A. D. Team Dubai, 2018)
[3080816] Failed to build match row: Getafe Club de Fútbol S. A. D. Team Dubai vs Rayo Vallecano de Madrid S. A. D.
[2460830] Could not find attributes for ragnar klavan (Fußball-Club Augsburg 1907, 2014)
[2460830] Failed to build match row: Hertha BSC vs Fußball-Club Augsburg 1907
[2613691] Failed to scrape lineup: https://www.transfermarkt.co.uk/boavista-fc_cf-uniao-madeira-2021-/index/spielbericht/2613691
[2759008] Could not find attributes for mikhail oparin (Enisey Krasnoyarsk, 2016)
[2759008] Failed to build match row: Enisey Krasnoyarsk vs PFK CSKA Moskva

Keepers & outfield error for **Royal Charleroi Sporting Club** in Sportvereniging Zulte Waregem vs Royal Charleroi Sporting Club: Numbers: 2 and 9.
[3117184] Failed to build match row: Sportvereniging Zulte Waregem vs Royal Charleroi Sporting Club
[2368283] Could not find attributes for andreas holm (Nordvest FC, 2013)
[2368283] Failed to build match row: Nordvest FC vs FC Helsingör
[2587058] Could not find attributes for laurindo (CD Mafra, 2015)
[2587058] Failed to build match row: CD Mafra vs Leixões SC
[2657392] Could not find attributes for brad smith (Liverpool Football Club, 2015)
[2657392] Failed to build match row: Liverpool Football Club vs West Ham United Football Club
[2871718] Could not find attributes for josip elez (Hannover 96, 2017)
[2871718] Failed to build match row: 1. Fußball-Club Köln vs Hannover 96
[2759009] Could not find attributes for konstantin baranov (Volga Uljanovsk, 2016)

Keepers & outfield error for **Liverpool Football Club** in Sheffield United vs Liverpool Football Club: Numbers: 0 and 11.
[2759009] Failed to build match row: Volga Uljanovsk vs Amkar Perm
[3219070] Failed to build match row: Sheffield United vs Liverpool Football Club
[3266930] Could not find attributes for sergey ryzhikov (PFK Krylya Sovetov Samara, 2019)
[3266930] Failed to build match row: PFK Krylya Sovetov Samara vs FC Rubin Kazan

Keepers & outfield error for **Associazione Calcio Fiorentina** in Associazione Calcio Fiorentina vs Associazione Sportiva Roma: Numbers: 0 and 11.
[2428291] Could not find attributes for georgios delizisis (Apollon Smyrnis, 2013)
[2538962] Failed to build match row: Associazione Calcio Fiorentina vs Associazione Sportiva Roma
[2428291] Failed to build match row: Apollon Smyrnis vs Panthessalonikios Athlitikos Omilos Konstantinoupoliton
[3159815] Could not find attributes for zivko zivkovic (AO Xanthi, 2018)
[3159815] Failed to build match row: AO Xanthi vs Panthessalonikios Athlitikos Omilos Konstantinoupoliton
[2631230] Could not find attributes for miguel vitor (Panthessalonikios Athlitikos Omilos Konstantinoupoliton, 2015)
[2631230] Failed to build match row: Panthessalonikios Athlitikos Omilos Konstantinoupoliton vs Panathinaikos Athlitikos Omilos
[2814047] Could not find attributes for zivko zivkovic (AO Xanthi, 2016)
[2814047] Failed to build match row: AO Xanthi vs Athlitiki Enosi Konstantinoupoleos
[3313670] Could not find attributes for bart schenkeveld (Panathinaikos Athlitikos Omilos, 2019)
[3313670] Failed to build match row: Panathinaikos Athlitikos Omilos vs Panthessalonikios Athlitikos Omilos Konstantinoupoliton

Keepers & outfield error for **Manchester City Football Club** in Manchester City Football Club vs Burnley Football Club: Numbers: 0 and 11.
[2984217] Failed to build match row: Manchester City Football Club vs Burnley Football Club
[3266931] Could not find attributes for egor shamov (Arsenal Tula, 2019)
[3266931] Failed to build match row: FK Spartak Moskva vs Arsenal Tula
[3050237] Could not find attributes for glenn murray (Brighton and Hove Albion Football Club, 2018)
[3050237] Failed to build match row: Brighton and Hove Albion Football Club vs West Ham United Football Club
[2460831] Could not find attributes for janek sternberg (Sportverein Werder Bremen von 1899, 2014)
[2460831] Failed to build match row: Sportverein Werder Bremen von 1899 vs Verein für Leibesübungen Wolfsburg
[2814048] Could not find attributes for zeca (Panathinaikos Athlitikos Omilos, 2016)
[2814048] Failed to build match row: Panathinaikos Athlitikos Omilos vs APO Levadiakos Football Club
[2512779] Could not find attributes for faris haroun (Cercle Brugge Koninklijke Sportvereniging, 2014)
[2512779] Failed to build match row: Cercle Brugge Koninklijke Sportvereniging vs Royal Excel Mouscron (-2022)
[2538963] Could not find attributes for oleksandr shovkovskyi (Futbolniy Klub Dynamo Kyiv, 2014)
[2538963] Failed to build match row: Futbolniy Klub Dynamo Kyiv vs Everton Football Club
[3118250] Could not find attributes for yaroslav godzyur (Ural Yekaterinburg, 2018)
[3118250] Failed to build match row: Ural Yekaterinburg vs FK Ufa
[2759010] Could not find attributes for sergey glazkov (FK Chelyabinsk, 2016)
[2759010] Failed to build match row: FK Chelyabinsk vs Ural Yekaterinburg
[2587059] Could not find attributes for kalidou yero (FC Penafiel, 2015)
[2587059] Failed to build match row: FC Penafiel vs SC Olhanense
[3159816] Could not find attributes for yassine meriah (Olympiakos Syndesmos Filathlon Peiraios, 2018)
[3159816] Failed to build match row: Olympiakos Syndesmos Filathlon Peiraios vs APS Atromitos Athinon
[3080818] Could not find attributes for martin braithwaite (CD Leganés, 2018)
[3080818] Failed to build match row: CD Leganés vs Valencia Club de Fútbol S. A. D.
[2924598] Could not find attributes for carlinhos (Royal Standard Club de Liège, 2017)
[2924598] Failed to build match row: Royal Standard Club de Liège vs KSC Lokeren (- 2020)

Keepers & outfield error for **Liverpool Football Club** in Chelsea Football Club vs Liverpool Football Club: Numbers: 0 and 11.
[3219071] Failed to build match row: Chelsea Football Club vs Liverpool Football Club
[2871720] Could not find attributes for nils petersen (Sport-Club Freiburg, 2017)
[2871720] Failed to build match row: Sport-Club Freiburg vs Sportverein Werder Bremen von 1899
[2538964] Could not find attributes for denys boyko (Dnipro Dnipropetrovsk (-2020), 2014)
[2538964] Failed to build match row: AFC Ajax Amsterdam vs Dnipro Dnipropetrovsk (-2020)
[2587060] Could not find attributes for ivo nicolau (Portimonense SC, 2015)
[2587060] Failed to build match row: Portimonense SC vs Desportivo Aves (- 2020)

Keepers & outfield error for **Wolverhampton Wanderers Football Club** in Wolverhampton Wanderers Football Club vs Swansea City: Numbers: 2 and 9.
[2984219] Failed to build match row: Wolverhampton Wanderers Football Club vs Swansea City
[2814049] Could not find attributes for andrey gorbunov (APS Atromitos Athinon, 2016)

Keepers & outfield error for **Olympiakos Syndesmos Filathlon Peiraios** in Olympiakos Syndesmos Filathlon Peiraios vs PAS Lamia 1964: Numbers: 2 and 9.
[2814049] Failed to build match row: APS Atromitos Athinon vs PAS Giannina
[3313671] Failed to build match row: Olympiakos Syndesmos Filathlon Peiraios vs PAS Lamia 1964
[2759011] Could not find attributes for stanislav buchnev (Volgar Astrakhan, 2016)
[3118251] Could not find attributes for mikhail levashov (Arsenal Tula, 2018)
[2759011] Failed to build match row: Volgar Astrakhan vs FC Orenburg
[3118251] Failed to build match row: Arsenal Tula vs FC Orenburg
[2631231] Could not find attributes for panagiotis tsintotas (APO Levadiakos Football Club, 2015)
[2631231] Failed to build match row: APO Levadiakos Football Club vs Panionios Athens
[3159817] Could not find attributes for bojan saranov (PAS Lamia 1964, 2018)
[3159817] Failed to build match row: PAS Lamia 1964 vs Panionios Athens
[3244532] Could not find attributes for joel mall (Apollon Limassol, 2019)
[3244532] Failed to build match row: Eindhovense Voetbalvereniging Philips Sport Vereniging vs Apollon Limassol
[2512780] Could not find attributes for damien dussaut (Royal Standard Club de Liège, 2014)
[2512780] Failed to build match row: Royal Standard Club de Liège vs Club Brugge Koninklijke Voetbalvereniging
[2368284] Could not find attributes for stefan sorensen (Hvidovre IF, 2013)
[2368284] Failed to build match row: Hvidovre IF vs Football Club København

Keepers & outfield error for **Levante Unión Deportiva S.A.D.** in Levante Unión Deportiva S.A.D. vs Real Madrid Club de Fútbol: Numbers: 2 and 9.
[3080819] Failed to build match row: Levante Unión Deportiva S.A.D. vs Real Madrid Club de Fútbol
[2884445] Failed to scrape lineup: https://www.transfermarkt.com/cf-os-belenenses_cd-feirense/aufstellung/spielbericht/2884445

Keepers & outfield error for **Royal Charleroi Sporting Club** in KSC Lokeren (- 2020) vs Royal Charleroi Sporting Club: Numbers: 2 and 9.
[2329730] Failed to build match row: KSC Lokeren (- 2020) vs Royal Charleroi Sporting Club
[3118252] Could not find attributes for sergey pesjakov (FK Rostov, 2018)
[2814050] Could not find attributes for dimitrios kyriakidis (Panetolikos Agrinio, 2016)
[3118252] Failed to build match row: FK Rostov vs Anzhi Makhachkala ( -2022)
[2814050] Failed to build match row: Panetolikos Agrinio vs Panthessalonikios Athlitikos Omilos Konstantinoupoliton
[3267040] Could not find attributes for tochi chukwuani (Fodbold Club Nordsjælland, 2019)
[3267040] Failed to build match row: Football Club København vs Fodbold Club Nordsjælland

Keepers & outfield error for **KAS Eupen** in KAS Eupen vs Koninklijke Racing Club Genk: Numbers: 2 and 9.
[2924600] Failed to build match row: KAS Eupen vs Koninklijke Racing Club Genk
[3159932] Could not find attributes for anestis nastos (Omilos Filathlon Irakliou FC, 2018)
[3159932] Failed to build match row: Omilos Filathlon Irakliou FC vs PAS Giannina
[2759511] Could not find attributes for blagoy georgiev (FC Orenburg, 2016)
[2759511] Failed to build match row: FC Orenburg vs Anzhi Makhachkala ( -2022)
[2631232] Could not find attributes for dimitrios sotiriou (AO Platanias, 2015)
[2631232] Failed to build match row: AO Platanias vs AEL Kalloni
[3314028] Could not find attributes for jude bellingham (Birmingham City, 2019)
[3314028] Failed to build match row: Birmingham City vs Coventry City

Keepers & outfield error for **Royal Sporting Club Anderlecht** in Royal Sporting Club Anderlecht vs KV Oostende: Numbers: 0 and 11.
[2512781] Failed to build match row: Royal Sporting Club Anderlecht vs KV Oostende
[3159933] Could not find attributes for julian cuesta (Aris Thessalonikis, 2018)
[3244533] Could not find attributes for joel mall (Apollon Limassol, 2019)
[2657394] Could not find attributes for ian black (Shrewsbury Town, 2015)
[3244533] Failed to build match row: Apollon Limassol vs Eindhovense Voetbalvereniging Philips Sport Vereniging
[3159933] Failed to build match row: Panathinaikos Athlitikos Omilos vs Aris Thessalonikis
[2657394] Failed to build match row: Shrewsbury Town vs Sheffield Wednesday
[2587061] Could not find attributes for ze pedro (UD Oliveirense, 2015)
[2587061] Failed to build match row: UD Oliveirense vs SC Farense

Keepers & outfield error for **Vitória Sport Clube** in Vitória Sport Clube vs CF Os Belenenses: Numbers: 0 and 11.
[2884449] Failed to build match row: Vitória Sport Clube vs CF Os Belenenses
[2814051] Could not find attributes for dimitrios sotiriou (AO Platanias, 2016)
[2814051] Failed to build match row: AO Platanias vs AOK Kerkyra
[2437464] Could not find attributes for stefan scougall (Sheffield United, 2013)
[2437464] Failed to build match row: Sheffield United vs Charlton Athletic
[3118253] Could not find attributes for mikhail filippov (Enisey Krasnoyarsk, 2018)
[3118253] Failed to build match row: Enisey Krasnoyarsk vs Футбольный клуб "Локомотив" Москва
[2704223] Could not find attributes for benjamin stambouli (FC Schalke 04, 2016)
[2704223] Failed to build match row: FC Schalke 04 vs FC Bayern München
[2512782] Could not find attributes for boubacar copa (KSC Lokeren (- 2020), 2014)
[2512782] Failed to build match row: Sportvereniging Zulte Waregem vs KSC Lokeren (- 2020)

Keepers & outfield error for **Hull City** in Hull City vs Tottenham Hotspur Football Club: Numbers: 0 and 11.
[2631233] Could not find attributes for achilleas poungouras (Veria NPS, 2015)
[2486587] Failed to build match row: Hull City vs Tottenham Hotspur Football Club
[2631233] Failed to build match row: Veria NPS vs Olympiakos Syndesmos Filathlon Peiraios
[3269690] Could not find attributes for joanes revilla (Tolosa CF, 2019)
[3269690] Failed to build match row: Tolosa CF vs CD Pontellas

Keepers & outfield error for **Everton Football Club** in Leicester City vs Everton Football Club: Numbers: 2 and 9.
[3050241] Failed to build match row: Leicester City vs Everton Football Club

Keepers & outfield error for **Real Valladolid CF** in Real Valladolid CF vs Real Betis Balompié S.A.D.: Numbers: 2 and 9.
[3080821] Failed to build match row: Real Valladolid CF vs Real Betis Balompié S.A.D.
[2460835] Could not find attributes for ragnar klavan (Fußball-Club Augsburg 1907, 2014)
[2460835] Failed to build match row: Fußball-Club Augsburg 1907 vs Verein für Leibesübungen Wolfsburg

Keepers & outfield error for **Manchester City Football Club** in Manchester City Football Club vs Wigan Athletic: Numbers: 2 and 9.
[2437465] Failed to build match row: Manchester City Football Club vs Wigan Athletic
[3159934] Could not find attributes for jeremy malherbe (Panionios Athens, 2018)
[3159934] Failed to build match row: Panionios Athens vs Athlitiki Enosi Larisas
[3118254] Could not find attributes for evgeniy gorodov (RFK Akhmat Grozny, 2018)
[3118254] Failed to build match row: RFK Akhmat Grozny vs FK Dinamo Moskva
[3244534] Could not find attributes for ernestas setkus (Hapoel Beer Sheva, 2019)
[3244534] Failed to build match row: Hapoel Beer Sheva vs Feyenoord Rotterdam

Keepers & outfield error for **West Ham United Football Club** in West Ham United Football Club vs Manchester United Football Club: Numbers: 2 and 9.
[3219073] Failed to build match row: West Ham United Football Club vs Manchester United Football Club
[2587062] Could not find attributes for carraca (Clube Desportivo Santa Clara, 2015)
[2587062] Failed to build match row: Clube Desportivo Santa Clara vs Atlético CP
[2759664] Could not find attributes for manolis fazos (Omilos Filathlon Irakliou FC, 2016)

Keepers & outfield error for **RasenBallsport Leipzig** in Eintracht Frankfurt Fußball AG vs RasenBallsport Leipzig: Numbers: 0 and 11.
[2814052] Could not find attributes for mark asigba (Veria NPS, 2016)
[2759664] Failed to build match row: Omilos Filathlon Irakliou FC vs AO Acharnaikos

Keepers & outfield error for **Royal Sporting Club Anderlecht** in SK Beveren vs Royal Sporting Club Anderlecht: Numbers: 0 and 11.
[2814052] Failed to build match row: Veria NPS vs Olympiakos Syndesmos Filathlon Peiraios
[2631234] Could not find attributes for georgios bantis (A.G.S Asteras Tripolis, 2015)
[2704224] Could not find attributes for fabian frei (1. Fußball- und Sportverein Mainz 05, 2016)
[2871723] Failed to build match row: Eintracht Frankfurt Fußball AG vs RasenBallsport Leipzig
[3314029] Could not find attributes for jazz richards (Cardiff City, 2019)
[2631234] Failed to build match row: A.G.S Asteras Tripolis vs Panthessalonikios Athlitikos Omilos Konstantinoupoliton
[2512783] Failed to build match row: SK Beveren vs Royal Sporting Club Anderlecht
[2704224] Failed to build match row: 1. Fußball- und Sportverein Mainz 05 vs Turn- und Sportgemeinschaft 1899 Hoffenheim Fußball-Spielbetriebs
[3314029] Failed to build match row: Cardiff City vs Reading FC
[2437467] Could not find attributes for vangelis ikonomou (Ross County FC, 2013)
[2437467] Failed to build match row: Ross County FC vs Inverness Caledonian Thistle FC

Keepers & outfield error for **Sport Lisboa e Benfica** in Sport Lisboa e Benfica vs Sporting Clube de Portugal: Numbers: 0 and 11.
[3118255] Could not find attributes for mario fernandes (PFK CSKA Moskva, 2018)
[2587063] Failed to build match row: Sport Lisboa e Benfica vs Sporting Clube de Portugal
[3118255] Failed to build match row: PFK CSKA Moskva vs FK Krasnodar

Keepers & outfield error for **Grupo Desportivo Estoril Praia** in Grupo Desportivo Estoril Praia vs Sporting Clube de Braga: Numbers: 0 and 11.
[2884451] Failed to build match row: Grupo Desportivo Estoril Praia vs Sporting Clube de Braga
[2460836] Could not find attributes for christian schulz (Hannover 96, 2014)
[2460836] Failed to build match row: Hannover 96 vs FC Bayern München
[2329733] Could not find attributes for elimane coulibaly (KV Kortrijk, 2013)
[3269691] Could not find attributes for victor merino (CD Becerril, 2019)
[2329733] Failed to build match row: SK Beveren vs KV Kortrijk
[3269691] Failed to build match row: CD Becerril vs Urraca CF
[2587306] Could not find attributes for vitalijs barinovs (JFK Ventspils, 2015)
[2587306] Failed to build match row: JFK Ventspils vs HJK Helsinki
[3159935] Could not find attributes for zivko zivkovic (AO Xanthi, 2018)
[3159935] Failed to build match row: AO Xanthi vs Athlitiki Enosi Konstantinoupoleos
[2704225] Could not find attributes for matthias lehmann (1. Fußball-Club Köln, 2016)
[2704225] Failed to build match row: Verein für Leibesübungen Wolfsburg vs 1. Fußball-Club Köln

Keepers & outfield error for **Arsenal Football Club** in West Bromwich Albion vs Arsenal Football Club: Numbers: 0 and 11.
[2486589] Failed to build match row: West Bromwich Albion vs Arsenal Football Club
[2631235] Could not find attributes for pavol farkas (AO Xanthi, 2015)
[2631235] Failed to build match row: AO Xanthi vs Panetolikos Agrinio
[2512784] Could not find attributes for Faris Haroun (Cercle Brugge Koninklijke Sportvereniging, 2014)
[2512784] Failed to build match row: KV Oostende vs Cercle Brugge Koninklijke Sportvereniging
[2924603] Could not find attributes for mike vanhamel (KV Oostende, 2017)
[2924603] Failed to build match row: KV Kortrijk vs KV Oostende
[2437594] Could not find attributes for oleksandr aliev (Anzhi Makhachkala ( -2022), 2013)
[2437594] Failed to build match row: Alkmaar Zaanstreek vs Anzhi Makhachkala ( -2022)
[3118256] Could not find attributes for sergey ryzhikov (PFK Krylya Sovetov Samara, 2018)
[3118256] Failed to build match row: PFK Krylya Sovetov Samara vs AO FK Zenit Sankt-Peterburg
[3244535] Could not find attributes for ernestas setkus (Hapoel Beer Sheva, 2019)
[3244535] Failed to build match row: Feyenoord Rotterdam vs Hapoel Beer Sheva
[2884452] Could not find attributes for nikola maras (GD Chaves, 2017)
[2884452] Failed to build match row: Clube Desportivo de Tondela vs GD Chaves
[2759665] Could not find attributes for christos athanasopoulos (Panegialios GS, 2016)
[2759665] Failed to build match row: Panegialios GS vs AE Sparti
[2814053] Could not find attributes for vangelis pitkas (PAS Lamia 1964, 2016)
[2814053] Failed to build match row: PAS Lamia 1964 vs APS Atromitos Athinon
[2613693] Could not find attributes for cafu phete (Vitória Sport Clube, 2015)
[2613693] Failed to build match row: Vitória Sport Clube vs Moreirense Futebol Clube
[2512785] Could not find attributes for boban bajkovic (Lierse SK (- 2018), 2014)
[2512785] Failed to build match row: Royal Charleroi Sporting Club vs Lierse SK (- 2018)
[2329734] Could not find attributes for didier ovono (KV Oostende, 2013)
[3118257] Could not find attributes for filip uremovic (FC Rubin Kazan, 2018)
[2329734] Failed to build match row: KV Oostende vs Koninklijke Atletiek Associatie Gent
[3118257] Failed to build match row: FC Rubin Kazan vs FK Spartak Moskva
[2368286] Could not find attributes for troels klove (AC Horsens, 2013)
[2368286] Failed to build match row: AC Horsens vs Randers Fodbold Club
[2512786] Failed to scrape lineup: https://www.transfermarkt.co.uk/kvc-westerlo_kv-mechelen/index/spielbericht/2512786
[2871725] Could not find attributes for sejad salihovic (Hamburger Sport Verein, 2017)
[2871725] Failed to build match row: Hamburger Sport Verein vs Bayer 04 Leverkusen Fußball
[3314030] Could not find attributes for michael harriman (Northampton Town, 2019)
[2631236] Could not find attributes for alexios michail (PAS Giannina, 2015)
[2759666] Could not find attributes for manolis apostolidis (AO Acharnaikos, 2016)
[3314030] Failed to build match row: Derby County vs Northampton Town
[2631236] Failed to build match row: PAS Giannina vs Panthrakikos Komotini
[2759666] Failed to build match row: AO Acharnaikos vs Omilos Filathlon Irakliou FC
[2437595] Could not find attributes for alexandre barthe (Ludogorets Razgrad, 2013)
[2437595] Failed to build match row: Ludogorets Razgrad vs Valencia Club de Fútbol S. A. D.
[3159936] Could not find attributes for georgios athanasiadis (A.G.S Asteras Tripolis, 2018)
[3159936] Failed to build match row: A.G.S Asteras Tripolis vs APO Levadiakos Football Club
[2884453] Could not find attributes for bilel aouacheria (Moreirense Futebol Clube, 2017)
[2884453] Failed to build match row: Moreirense Futebol Clube vs FC Paços de Ferreira
[2657396] Could not find attributes for brandon comley (Carlisle United, 2015)
[2657396] Failed to build match row: Carlisle United vs Everton Football Club
[2814286] Could not find attributes for sean raggett (Lincoln City, 2016)
[2814286] Failed to build match row: Lincoln City vs Ipswich Town
[2587307] Could not find attributes for boy waterman (APOEL Nicosia, 2015)
[2587307] Failed to build match row: APOEL Nicosia vs Vardar Skopje
[2631237] Failed to scrape lineup: https://www.transfermarkt.co.uk/panathinaikos-fc_aek-athens/index/spielbericht/2631237

Keepers & outfield error for **Associazione Calcio Fiorentina** in Associazione Calcio Fiorentina vs Catania FC: Numbers: 0 and 11.
[2355579] Failed to build match row: Associazione Calcio Fiorentina vs Catania FC
[3159937] Failed to scrape lineup: https://www.transfermarkt.co.uk/panetolikos-gfs_olympiacos-piraeus/index/spielbericht/3159937

Keepers & outfield error for **Wycombe Wanderers** in Wycombe Wanderers vs Preston North End: Numbers: 0 and 11.
[2984224] Failed to build match row: Wycombe Wanderers vs Preston North End
[2704227] Could not find attributes for felix wiedwald (Sportverein Werder Bremen von 1899, 2016)
[2704227] Failed to build match row: Sportverein Werder Bremen von 1899 vs Fußball-Club Augsburg 1907
[2759667] Could not find attributes for petros kravaritis (AE Sparti, 2016)
[3269692] Could not find attributes for victor alesanco (Comillas CF, 2019)
[3269692] Failed to build match row: Comillas CF vs CD Barquereño

Keepers & outfield error for **Verona Hellas Football Club** in Verona Hellas Football Club vs Associazione Calcio Milan: Numbers: 0 and 11.
[2355580] Failed to build match row: Verona Hellas Football Club vs Associazione Calcio Milan
[2631238] Could not find attributes for sebastian bartolini (Iraklis Thessaloniki, 2015)
[2631238] Failed to build match row: Iraklis Thessaloniki vs APS Atromitos Athinon
[2587308] Could not find attributes for juanse (Lincoln Red Imps FC, 2015)
[2587308] Failed to build match row: Fodbold Club Midtjylland vs Lincoln Red Imps FC
[2984225] Failed to scrape lineup: https://www.transfermarkt.co.uk/spielbericht/index/spielbericht/2984225
[3159938] Could not find attributes for bojan saranov (PAS Lamia 1964, 2018)
[3159938] Failed to build match row: Panthessalonikios Athlitikos Omilos Konstantinoupoliton vs PAS Lamia 1964

Keepers & outfield error for **Società Sportiva Calcio Napoli** in Futebol Clube do Porto vs Società Sportiva Calcio Napoli: Numbers: 2 and 9.
[2437596] Failed to build match row: Futebol Clube do Porto vs Società Sportiva Calcio Napoli
[2631239] Could not find attributes for nikolaos papadopoulos (Panionios Athens, 2015)
[2631239] Failed to build match row: Panionios Athens vs AO Platanias
[2437597] Could not find attributes for marian cisovsky (FC Viktoria Plzeň, a.s., 2013)
[2437597] Failed to build match row: Olympique Lyonnais vs FC Viktoria Plzeň, a.s.
[2657397] Could not find attributes for joe ledley (Crystal Palace Football Club, 2015)
[2657397] Failed to build match row: Crystal Palace Football Club vs Stoke City
[3159939] Could not find attributes for balazs megyeri (APS Atromitos Athinon, 2018)
[3159939] Failed to build match row: APS Atromitos Athinon vs Apollon Smyrnis

Keepers & outfield error for **Vitória Setúbal FC** in Vitória Setúbal FC vs Rio Ave Futebol Clube: Numbers: 3 and 8.
[2884454] Failed to build match row: Vitória Setúbal FC vs Rio Ave Futebol Clube
[2512790] Could not find attributes for boubacar copa (KSC Lokeren (- 2020), 2014)
[2512790] Failed to build match row: KSC Lokeren (- 2020) vs KV Kortrijk
[3118258] Could not find attributes for roman tugarev (Футбольный клуб "Локомотив" Москва, 2018)
[3118258] Failed to build match row: Футбольный клуб "Локомотив" Москва vs Enisey Krasnoyarsk
[2587309] Could not find attributes for vladislav stoyanov (Ludogorets Razgrad, 2015)
[2587309] Failed to build match row: Ludogorets Razgrad vs FC Milsami Orhei
[3244604] Could not find attributes for evgeniy postnikov (FC Astana, 2019)
[3244604] Failed to build match row: FC Astana vs BATE Borisov

Keepers & outfield error for **Real Betis Balompié S.A.D.** in Sevilla Fútbol Club S.A.D. vs Real Betis Balompié S.A.D.: Numbers: 2 and 9.
[2437598] Failed to build match row: Sevilla Fútbol Club S.A.D. vs Real Betis Balompié S.A.D.
[3269693] Could not find attributes for marti riverola (FC Andorra, 2019)
[3269693] Failed to build match row: FC Andorra vs CE Andratx
[2631240] Could not find attributes for konstantinos dafkos (AEL Kalloni, 2015)
[2631240] Failed to build match row: AEL Kalloni vs AO Xanthi
[2760171] Could not find attributes for mads eriksen (Skive IK, 2016)
[2760171] Failed to build match row: Skive IK vs Silkeborg Idrætsforening
[2884455] Could not find attributes for ponck (Desportivo Aves (- 2020), 2017)
[2884455] Failed to build match row: Desportivo Aves (- 2020) vs Portimonense SC
[3159940] Could not find attributes for ogmundur kristinsson (Athlitiki Enosi Larisas, 2018)
[3159940] Failed to build match row: Athlitiki Enosi Larisas vs Panthessalonikios Athlitikos Omilos Konstantinoupoliton
[2924606] Could not find attributes for jakov filipovic (KSC Lokeren (- 2020), 2017)
[2924606] Failed to build match row: Sportvereniging Zulte Waregem vs KSC Lokeren (- 2020)
[3118259] Could not find attributes for yaroslav godzyur (Ural Yekaterinburg, 2018)
[3118259] Failed to build match row: Ural Yekaterinburg vs FK Nizhny Novgorod

Keepers & outfield error for **Sport Lisboa e Benfica** in Tottenham Hotspur Football Club vs Sport Lisboa e Benfica: Numbers: 2 and 9.
[2437599] Failed to build match row: Tottenham Hotspur Football Club vs Sport Lisboa e Benfica
[2587310] Could not find attributes for orges shehi (KF Skënderbeu, 2015)
[2587310] Failed to build match row: KF Skënderbeu vs Crusaders FC

Keepers & outfield error for **CS Marítimo** in Sport Lisboa e Benfica vs CS Marítimo: Numbers: 2 and 9.
[2884456] Failed to build match row: Sport Lisboa e Benfica vs CS Marítimo
[2631241] Could not find attributes for andrey gorbunov (APS Atromitos Athinon, 2015)
[2631241] Failed to build match row: APS Atromitos Athinon vs Panathinaikos Athlitikos Omilos
[3244605] Could not find attributes for anton chichkan (BATE Borisov, 2019)
[3244605] Failed to build match row: BATE Borisov vs FC Astana
[3118260] Could not find attributes for vitaliy gudiev (RFK Akhmat Grozny, 2018)
[3118260] Failed to build match row: RFK Akhmat Grozny vs Arsenal Tula
[3159941] Could not find attributes for giannis kontoes (Apollon Smyrnis, 2018)
[3159941] Failed to build match row: Apollon Smyrnis vs Panetolikos Agrinio
[2814290] Could not find attributes for simon downer (Sutton United, 2016)
[2814290] Failed to build match row: AFC Wimbledon vs Sutton United
[2985409] Could not find attributes for yuriy pankiv (FC Oleksandriya, 2017)
[2985409] Failed to build match row: FC Oleksandriya vs FK Mariupol

Keepers & outfield error for **Olympiakos Syndesmos Filathlon Peiraios** in Olympiakos Syndesmos Filathlon Peiraios vs Iraklis Thessaloniki: Numbers: 0 and 11.
[2631242] Failed to build match row: Olympiakos Syndesmos Filathlon Peiraios vs Iraklis Thessaloniki
[2512792] Could not find attributes for stipe pletikosa (FK Rostov, 2014)
[2512792] Failed to build match row: Torpedo Moscow vs FK Rostov
[2760172] Could not find attributes for ronny raun (Boldklubben af 1893, 2016)
[2760172] Failed to build match row: Boldklubben af 1893 vs Esbjerg fB
[3269694] Could not find attributes for bernabe taberner (UD Fraga, 2019)
[3269694] Failed to build match row: UD Fraga vs CD Peña Azagresa

Keepers & outfield error for **Futebol Clube do Porto** in Futebol Clube do Porto vs Sporting Clube de Portugal: Numbers: 2 and 9.
[2884457] Failed to build match row: Futebol Clube do Porto vs Sporting Clube de Portugal
[3159942] Could not find attributes for julian cuesta (Aris Thessalonikis, 2018)
[3159942] Failed to build match row: Aris Thessalonikis vs APS Atromitos Athinon
[2657400] Could not find attributes for ryan fulton (Portsmouth FC, 2015)
[2657400] Failed to build match row: Portsmouth FC vs Association Football Club Bournemouth

Keepers & outfield error for **Watford FC** in Watford FC vs Arsenal Football Club: Numbers: 2 and 9.
[3219078] Failed to build match row: Watford FC vs Arsenal Football Club
[2587311] Could not find attributes for paul harrison (The New Saints, 2015)
[2587311] Failed to build match row: The New Saints vs Videoton FC
[2814291] Could not find attributes for mathieu flamini (Crystal Palace Football Club, 2016)
[2814291] Failed to build match row: Crystal Palace Football Club vs Bolton Wanderers
[2985410] Could not find attributes for zauri makharadze (Olimpik Donetsk, 2017)
[2985410] Failed to build match row: Olimpik Donetsk vs PFK Stal Kamyanske (-2018)
[2760173] Could not find attributes for mads greve (Vendsyssel FF, 2016)
[2760173] Failed to build match row: Vendsyssel FF vs Odense Boldklub
[2512793] Could not find attributes for joaozinho (FK Krasnodar, 2014)
[2512793] Failed to build match row: FK Krasnodar vs PFK CSKA Moskva
[3118261] Could not find attributes for egor baburin (FC Rubin Kazan, 2018)
[3118261] Failed to build match row: FC Rubin Kazan vs FK Dinamo Moskva
[3314031] Could not find attributes for leighton clarkson (Liverpool Football Club, 2019)
[3314031] Failed to build match row: Liverpool Football Club vs Shrewsbury Town

Keepers & outfield error for **Associazione Calcio Fiorentina** in Juventus Football Club vs Associazione Calcio Fiorentina: Numbers: 0 and 11.
[2437601] Failed to build match row: Juventus Football Club vs Associazione Calcio Fiorentina
[2631243] Could not find attributes for sergey veremko (APO Levadiakos Football Club, 2015)
[2631243] Failed to build match row: APO Levadiakos Football Club vs Veria NPS
[2587312] Could not find attributes for anatoliy ayvazov (FC Pyunik Yerevan, 2015)
[2587312] Failed to build match row: Molde Fotballklubb vs FC Pyunik Yerevan
[2985411] Could not find attributes for oleksandr bandura (NK Veres Rivne, 2017)
[2985411] Failed to build match row: NK Veres Rivne vs Futbolniy Klub Dynamo Kyiv
[3159943] Could not find attributes for nikolaos melissas (PAS Lamia 1964, 2018)
[3159943] Failed to build match row: PAS Lamia 1964 vs Athlitiki Enosi Konstantinoupoleos
[2613695] Could not find attributes for chidozie awaziem (Futebol Clube do Porto, 2015)
[2613695] Failed to build match row: Futebol Clube do Porto vs Boavista FC

Keepers & outfield error for **West Ham United Football Club** in Aston Villa Football Club vs West Ham United Football Club: Numbers: 2 and 9.
[3219079] Failed to build match row: Aston Villa Football Club vs West Ham United Football Club
[2437602] Could not find attributes for oleksandr aliev (Anzhi Makhachkala ( -2022), 2013)
[2437602] Failed to build match row: Anzhi Makhachkala ( -2022) vs Alkmaar Zaanstreek

Keepers & outfield error for **Oxford United** in Oxford United vs Newcastle United Football Club: Numbers: 2 and 9.
[3314032] Failed to build match row: Oxford United vs Newcastle United Football Club
[2329735] Could not find attributes for youri tielemans (Royal Sporting Club Anderlecht, 2013)
[2329735] Failed to build match row: Royal Sporting Club Anderlecht vs KV Kortrijk

Keepers & outfield error for **KAS Eupen** in Royal Charleroi Sporting Club vs KAS Eupen: Numbers: 2 and 9.
[2924608] Failed to build match row: Royal Charleroi Sporting Club vs KAS Eupen
[2631244] Could not find attributes for alexandros paschalakis (Panthrakikos Komotini, 2015)
[2631244] Failed to build match row: Panthessalonikios Athlitikos Omilos Konstantinoupoliton vs Panthrakikos Komotini

Keepers & outfield error for **AO FK Zenit Sankt-Peterburg** in AO FK Zenit Sankt-Peterburg vs Kuban Krasnodar (-2018): Numbers: 2 and 9.
[2512794] Failed to build match row: AO FK Zenit Sankt-Peterburg vs Kuban Krasnodar (-2018)

Keepers & outfield error for **Vitória Setúbal FC** in Vitória Setúbal FC vs FC Paços de Ferreira: Numbers: 0 and 11.
[2613696] Failed to build match row: Vitória Setúbal FC vs FC Paços de Ferreira
[3118262] Could not find attributes for aleksandr dovbnya (FC Orenburg, 2018)
[3118262] Failed to build match row: FC Orenburg vs FC Tyumen

Keepers & outfield error for **Rio Ave Futebol Clube** in Rio Ave Futebol Clube vs CD Feirense: Numbers: 4 and 7.
[2884459] Failed to build match row: Rio Ave Futebol Clube vs CD Feirense
[2760174] Could not find attributes for lasse andersen (Kjellerup IF, 2016)
[2760174] Failed to build match row: Kjellerup IF vs Lyngby Boldklub
[3159944] Could not find attributes for vladimir bajic (APO Levadiakos Football Club, 2018)
[3159944] Failed to build match row: APO Levadiakos Football Club vs Panionios Athens
[2437603] Could not find attributes for cosmin moti (Ludogorets Razgrad, 2013)
[3314033] Could not find attributes for danny ings (Southampton FC, 2019)
[2437603] Failed to build match row: Valencia Club de Fútbol S. A. D. vs Ludogorets Razgrad
[3314033] Failed to build match row: Tottenham Hotspur Football Club vs Southampton FC
[2985412] Could not find attributes for oleksandr svatok (FC Zorya Lugansk, 2017)
[2985412] Failed to build match row: FC Zorya Lugansk vs Vorskla Poltava

Keepers & outfield error for **Bury FC** in Bury FC vs Hull City: Numbers: 0 and 11.
[2657402] Failed to build match row: Bury FC vs Hull City
[2631245] Could not find attributes for vasilios lampropoulos (Athlitiki Enosi Konstantinoupoleos, 2015)
[2631245] Failed to build match row: Athlitiki Enosi Konstantinoupoleos vs A.G.S Asteras Tripolis
[3118263] Failed to build match row: PFK Krylya Sovetov Samara vs FK Krasnodar

Keepers & outfield error for **UC Sampdoria** in UC Sampdoria vs Juventus Football Club: Numbers: 0 and 11.
[2355586] Failed to build match row: UC Sampdoria vs Juventus Football Club

Keepers & outfield error for **CF União Madeira (-2021)** in CF União Madeira (-2021) vs Rio Ave Futebol Clube: Numbers: 2 and 9.
[2613698] Failed to build match row: CF União Madeira (-2021) vs Rio Ave Futebol Clube
[2760175] Could not find attributes for kasper vilfort (Hvidovre IF, 2016)
[2760175] Failed to build match row: Hvidovre IF vs Sønderjyske Fodbold
[3159945] Could not find attributes for yassine meriah (Olympiakos Syndesmos Filathlon Peiraios, 2018)
[3159945] Failed to build match row: Olympiakos Syndesmos Filathlon Peiraios vs AO Xanthi
[2814292] Could not find attributes for matt ritchie (Newcastle United Football Club, 2016)
[2814292] Failed to build match row: Newcastle United Football Club vs Birmingham City
[2587313] Could not find attributes for jurgen borg (Hibernians FC, 2015)
[2587313] Failed to build match row: Hibernians FC vs Maccabi Tel Aviv
[2924610] Could not find attributes for jakov filipovic (KSC Lokeren (- 2020), 2017)
[2924610] Failed to build match row: KSC Lokeren (- 2020) vs St Truiden
[2631246] Could not find attributes for dimitrios kyriakidis (Panetolikos Agrinio, 2015)
[2631246] Failed to build match row: Panetolikos Agrinio vs PAS Giannina

Keepers & outfield error for **Portimonense SC** in Portimonense SC vs Vitória Sport Clube: Numbers: 0 and 11.
[2884460] Failed to build match row: Portimonense SC vs Vitória Sport Clube
[3118264] Could not find attributes for nikolay rasskazov (FK Spartak Moskva, 2018)
[3118264] Failed to build match row: FK Spartak Moskva vs Anzhi Makhachkala ( -2022)
[2985413] Could not find attributes for mamadou wague (Chornomorets Odesa, 2017)
[2985413] Failed to build match row: Chornomorets Odesa vs Karpaty Lviv (-2021)
[2613699] Could not find attributes for jubal (Futebol Clube de Arouca, 2015)
[2613699] Failed to build match row: Futebol Clube de Arouca vs Vitória Sport Clube
[2760176] Could not find attributes for aris vaporakis (FC Helsingör, 2016)
[2760176] Failed to build match row: FC Helsingör vs AC Horsens
[3316833] Could not find attributes for mo dauda (Esbjerg fB, 2019)
[3316833] Failed to build match row: Esbjerg fB vs Aarhus Gymnastik Forening

Keepers & outfield error for **Liverpool Football Club** in Liverpool Football Club vs Newcastle United Football Club: Numbers: 0 and 11.
[3219082] Failed to build match row: Liverpool Football Club vs Newcastle United Football Club

Keepers & outfield error for **Paris Saint-Germain Football Club** in Paris Saint-Germain Football Club vs FC Girondins Bordeaux: Numbers: 2 and 9.
[2358182] Failed to build match row: Paris Saint-Germain Football Club vs FC Girondins Bordeaux
[3159946] Could not find attributes for epaminondas pantelakis (Panathinaikos Athlitikos Omilos, 2018)
[3159946] Failed to build match row: Panathinaikos Athlitikos Omilos vs Omilos Filathlon Irakliou FC
[2631247] Could not find attributes for athanasios panteliadis (A.G.S Asteras Tripolis, 2015)
[2631247] Failed to build match row: A.G.S Asteras Tripolis vs APS Atromitos Athinon
[2512796] Could not find attributes for branko jovicic (Amkar Perm, 2014)
[2512796] Failed to build match row: Arsenal Tula vs Amkar Perm

Keepers & outfield error for **CF Os Belenenses** in CF Os Belenenses vs Clube Desportivo de Tondela: Numbers: 0 and 11.
[2884461] Failed to build match row: CF Os Belenenses vs Clube Desportivo de Tondela
[2814293] Could not find attributes for ben woodburn (Liverpool Football Club, 2016)
[2814293] Failed to build match row: Plymouth Argyle vs Liverpool Football Club
[2985414] Could not find attributes for yevgen past (Zirka Kropyvnytskyi, 2017)
[2985414] Failed to build match row: FC Shakhtar Donetsk vs Zirka Kropyvnytskyi
[3316834] Could not find attributes for zeca (Football Club København, 2019)
[3316834] Failed to build match row: Aalborg BK vs Football Club København
[3159947] Could not find attributes for neofytos michail (PAS Giannina, 2018)
[3159947] Failed to build match row: PAS Giannina vs A.G.S Asteras Tripolis

Keepers & outfield error for **Grupo Desportivo Estoril Praia** in Boavista FC vs Grupo Desportivo Estoril Praia: Numbers: 0 and 11.
[2884462] Failed to build match row: Boavista FC vs Grupo Desportivo Estoril Praia
[2704234] Could not find attributes for benjamin stambouli (FC Schalke 04, 2016)
[2704234] Failed to build match row: Hertha BSC vs FC Schalke 04
[2985415] Could not find attributes for yevgen past (Zirka Kropyvnytskyi, 2017)
[2985415] Failed to build match row: Zirka Kropyvnytskyi vs FC Oleksandriya

Keepers & outfield error for **Chelsea Football Club** in Milton Keynes Dons vs Chelsea Football Club: Numbers: 2 and 9.
[2657403] Failed to build match row: Milton Keynes Dons vs Chelsea Football Club
[2329739] Could not find attributes for mbaye diagne (Lierse SK (- 2018), 2013)
[2329739] Failed to build match row: Lierse SK (- 2018) vs Royal Sporting Club Anderlecht

Keepers & outfield error for **Southampton FC** in Southampton FC vs Norwich City: Numbers: 0 and 11.
[2587314] Could not find attributes for jasmin handanovic (NK Maribor, 2015)
[2814294] Failed to build match row: Southampton FC vs Norwich City
[2587314] Failed to build match row: NK Maribor vs FC Astana

Keepers & outfield error for **Sporting Clube de Braga** in Sporting Clube de Braga vs Moreirense Futebol Clube: Numbers: 2 and 9.
[2884463] Failed to build match row: Sporting Clube de Braga vs Moreirense Futebol Clube
[2460845] Could not find attributes for christian schulz (Hannover 96, 2014)
[3118265] Could not find attributes for sergey pesjakov (FK Rostov, 2018)
[2460845] Failed to build match row: Mönchengladbach vs Hannover 96
[3118265] Failed to build match row: FK Rostov vs AO FK Zenit Sankt-Peterburg
[2358216] Could not find attributes for ivan lanni (US Grosseto FC, 2013)
[2358216] Failed to build match row: Novara Calcio 1908 vs US Grosseto FC
[2631248] Could not find attributes for alexios michail (PAS Giannina, 2015)
[2631248] Failed to build match row: PAS Giannina vs AEL Kalloni
[2657969] Could not find attributes for dimitrios kyriakidis (Panetolikos Agrinio, 2015)
[2657969] Failed to build match row: Panetolikos Agrinio vs AEL Kalloni
[2512798] Could not find attributes for vitaliy denisov (Футбольный клуб "Локомотив" Москва, 2014)
[2512798] Failed to build match row: Футбольный клуб "Локомотив" Москва vs FK Ufa
[2587315] Could not find attributes for igor semrinec (AS Trencin, 2015)
[2587315] Failed to build match row: AS Trencin vs SC Fotbal Club FCSB SA
[2985416] Could not find attributes for rustam khudzhamov (FK Mariupol, 2017)
[2985416] Failed to build match row: FK Mariupol vs Olimpik Donetsk
[2924612] Could not find attributes for carlinhos (Royal Standard Club de Liège, 2017)
[2924612] Failed to build match row: Royal Standard Club de Liège vs KV Kortrijk
[2704235] Could not find attributes for matthias lehmann (1. Fußball-Club Köln, 2016)
[2704235] Failed to build match row: 1. Fußball-Club Köln vs Sport-Club Freiburg
[3080824] Could not find attributes for juanpi (SD Huesca, 2018)
[3080824] Failed to build match row: SD Huesca vs Sevilla Fútbol Club S.A.D.
[3316835] Could not find attributes for isak oli olafsson (Sønderjyske Fodbold, 2019)
[3316835] Failed to build match row: Randers Fodbold Club vs Sønderjyske Fodbold
[3159948] Could not find attributes for stratos svarnas (Athlitiki Enosi Konstantinoupoleos, 2018)
[3159948] Failed to build match row: Athlitiki Enosi Konstantinoupoleos vs Athlitiki Enosi Larisas
[2631250] Could not find attributes for dimitar berbatov (Panthessalonikios Athlitikos Omilos Konstantinoupoliton, 2015)
[2631250] Failed to build match row: Panthessalonikios Athlitikos Omilos Konstantinoupoliton vs Panetolikos Agrinio
[2884464] Could not find attributes for nikola maras (GD Chaves, 2017)
[2884464] Failed to build match row: GD Chaves vs Sporting Clube de Portugal
[3244606] Could not find attributes for vladimir stojkovic (Fudbalski Klub Partizan Beograd, 2019)
[3244606] Failed to build match row: Fudbalski Klub Partizan Beograd vs Molde Fotballklubb

Keepers & outfield error for **Sport Lisboa e Benfica** in Sport Lisboa e Benfica vs Clube Desportivo Nacional: Numbers: 0 and 11.
[2613701] Failed to build match row: Sport Lisboa e Benfica vs Clube Desportivo Nacional
[2704236] Could not find attributes for douglas santos (Hamburger Sport Verein, 2016)
[2704236] Failed to build match row: Hamburger Sport Verein vs RasenBallsport Leipzig
[2760178] Could not find attributes for simon knudsen (Jammerbugt FC, 2016)
[2760178] Failed to build match row: Jammerbugt FC vs Football Club København
[2460846] Could not find attributes for ragnar klavan (Fußball-Club Augsburg 1907, 2014)
[2460846] Failed to build match row: Fußball-Club Augsburg 1907 vs 1. Fußball- und Sportverein Mainz 05
[2924613] Could not find attributes for mike vanhamel (KV Oostende, 2017)
[2924613] Failed to build match row: KV Oostende vs Club Brugge Koninklijke Voetbalvereniging
[3244607] Could not find attributes for vladimir stojkovic (Fudbalski Klub Partizan Beograd, 2019)
[3244607] Failed to build match row: Molde Fotballklubb vs Fudbalski Klub Partizan Beograd

Keepers & outfield error for **Futebol Clube do Porto** in Società Sportiva Calcio Napoli vs Futebol Clube do Porto: Numbers: 0 and 11.
[2437604] Failed to build match row: Società Sportiva Calcio Napoli vs Futebol Clube do Porto
[2985417] Could not find attributes for german penkov (PFK Stal Kamyanske (-2018), 2017)
[2985417] Failed to build match row: PFK Stal Kamyanske (-2018) vs NK Veres Rivne

Keepers & outfield error for **FC Paços de Ferreira** in FC Paços de Ferreira vs Futebol Clube do Porto: Numbers: 0 and 11.
[2884465] Failed to build match row: FC Paços de Ferreira vs Futebol Clube do Porto
Not enough players found for lineup: 0, 11.
[2760179] Failed to scrape lineup: https://www.transfermarkt.co.uk/spielbericht/index/spielbericht/2760179
[2704237] Could not find attributes for fabian frei (1. Fußball- und Sportverein Mainz 05, 2016)
[2704237] Failed to build match row: Fußball-Club Augsburg 1907 vs 1. Fußball- und Sportverein Mainz 05
[3159949] Could not find attributes for zivko zivkovic (AO Xanthi, 2018)
[3159949] Failed to build match row: AO Xanthi vs Apollon Smyrnis
[2587316] Could not find attributes for zivko zivkovic (Fudbalski Klub Partizan Beograd, 2015)
[2587316] Failed to build match row: Fudbalski Klub Partizan Beograd vs FC Dila Gori
[2613702] Could not find attributes for ricardo ferreira (Sporting Clube de Braga, 2015)
[2613702] Failed to build match row: Sporting Clube de Braga vs Sporting Clube de Portugal
[3080825] Could not find attributes for martin braithwaite (CD Leganés, 2018)
[3080825] Failed to build match row: CD Leganés vs Levante Unión Deportiva S.A.D.
[3269697] Could not find attributes for salah amar (Melilla CD, 2019)
[3269697] Failed to build match row: Melilla CD vs AD Lobón
[2358217] Could not find attributes for giuseppe messina (Aurora Pro Patria, 2013)
[2358217] Failed to build match row: Spezia Calcio vs Aurora Pro Patria
[2631251] Could not find attributes for christos lisgaras (AO Xanthi, 2015)
[2631251] Failed to build match row: AO Xanthi vs Panionios Athens
[3244608] Could not find attributes for dmitriy abakumov (FC Ararat-Armenia, 2019)
[3244608] Failed to build match row: FC Ararat-Armenia vs F91 Dudelange
[2437605] Could not find attributes for marian cisovsky (FC Viktoria Plzeň, a.s., 2013)
[2437605] Failed to build match row: FC Viktoria Plzeň, a.s. vs Olympique Lyonnais
[2437606] Failed to scrape lineup: https://www.transfermarkt.co.uk/spielbericht/index/spielbericht/2437606
[2657970] Could not find attributes for georgios athanasiadis (Panthrakikos Komotini, 2015)
[2587317] Could not find attributes for senedin ostrakovic (FK Sarajevo, 2015)
[2657970] Failed to build match row: Panthrakikos Komotini vs Panionios Athens
[2587317] Failed to build match row: FK Sarajevo vs KKS Lech Poznań Spółka Akcyjna
[2631252] Could not find attributes for dimitrios sotiriou (AO Platanias, 2015)
[2631252] Failed to build match row: AO Platanias vs APO Levadiakos Football Club
[2613758] Could not find attributes for andras fejes (Videoton FC, 2015)
[2613758] Failed to build match row: KKS Lech Poznań Spółka Akcyjna vs Videoton FC
[3159950] Could not find attributes for christos mandas (APS Atromitos Athinon, 2018)
[3159950] Failed to build match row: APS Atromitos Athinon vs Panathinaikos Athlitikos Omilos
[2460848] Failed to scrape lineup: https://www.transfermarkt.co.uk/hertha-bsc_fc-schalke-04/index/spielbericht/2460848
[3269698] Could not find attributes for sebastian rosales (CD El Álamo, 2019)
[3269698] Failed to build match row: CD El Álamo vs CD Pedroñeras
[2985418] Could not find attributes for yevgen khacheridi (Futbolniy Klub Dynamo Kyiv, 2017)
[2985418] Failed to build match row: Futbolniy Klub Dynamo Kyiv vs FC Zorya Lugansk

Keepers & outfield error for **Real Sociedad de Fútbol S.A.D.** in Real Sociedad de Fútbol S.A.D. vs CD Mirandés: Numbers: 2 and 9.
[3316884] Failed to build match row: Real Sociedad de Fútbol S.A.D. vs CD Mirandés
[2460849] Failed to scrape lineup: https://www.transfermarkt.co.uk/sv-werder-bremen_bayern-munich/index/spielbericht/2460849

Keepers & outfield error for **CS Marítimo** in CS Marítimo vs Vitória Setúbal FC: Numbers: 3 and 8.
[2884466] Failed to build match row: CS Marítimo vs Vitória Setúbal FC
[2587318] Could not find attributes for ibrahim sehic (Qarabağ FK, 2015)
[2587318] Failed to build match row: Qarabağ FK vs Rudar Pljevlja

Keepers & outfield error for **Real Murcia CF** in Real Murcia CF vs UE Olot: Numbers: 0 and 11.
[2925242] Failed to build match row: Real Murcia CF vs UE Olot

Keepers & outfield error for **Sport Lisboa e Benfica** in Sport Lisboa e Benfica vs Tottenham Hotspur Football Club: Numbers: 2 and 9.
[2437607] Failed to build match row: Sport Lisboa e Benfica vs Tottenham Hotspur Football Club
[3159951] Could not find attributes for nikolaos melissas (PAS Lamia 1964, 2018)
[3159951] Failed to build match row: PAS Lamia 1964 vs Olympiakos Syndesmos Filathlon Peiraios

Keepers & outfield error for **Wolverhampton Wanderers Football Club** in Torino Calcio vs Wolverhampton Wanderers Football Club: Numbers: 0 and 11.
[3244610] Failed to build match row: Torino Calcio vs Wolverhampton Wanderers Football Club
[2657971] Could not find attributes for miguel vitor (Panthessalonikios Athlitikos Omilos Konstantinoupoliton, 2015)
[2657971] Failed to build match row: Panthessalonikios Athlitikos Omilos Konstantinoupoliton vs APS Atromitos Athinon
[2613760] Could not find attributes for dmytro bezotosnyi (FK Qabala, 2015)
[2613760] Failed to build match row: FK Qabala vs Panathinaikos Athlitikos Omilos
[2329743] Failed to scrape lineup: https://www.transfermarkt.co.uk/club-brugge-kv_oud-heverlee-leuven/index/spielbericht/2329743
[3316885] Could not find attributes for roberto soldado (Granada CF, 2019)
[3316885] Failed to build match row: Athletic Club Bilbao vs Granada CF

Keepers & outfield error for **Manchester United Football Club** in Manchester United Football Club vs Wigan Athletic: Numbers: 0 and 11.
[2814298] Failed to build match row: Manchester United Football Club vs Wigan Athletic
[2358316] Could not find attributes for paolo baiocco (Reggina Calcio, 2013)
[2358316] Failed to build match row: Reggina Calcio vs AC Carpi
[2760181] Could not find attributes for patrick timo jorgensen (Hellerup IK, 2016)
[2760181] Failed to build match row: Hellerup IK vs Randers Fodbold Club
[2587319] Could not find attributes for armantas vitkauskas (FK Zalgiris Vilnius, 2015)
[2587319] Failed to build match row: Malmö Fotbollförening vs FK Zalgiris Vilnius
[3316886] Failed to scrape lineup: https://www.transfermarkt.co.uk/spielbericht/index/spielbericht/3316886
[2884467] Could not find attributes for heldon (Vitória Sport Clube, 2017)
[2884467] Failed to build match row: Vitória Sport Clube vs Desportivo Aves (- 2020)
[2613761] Could not find attributes for miguel vitor (Panthessalonikios Athlitikos Omilos Konstantinoupoliton, 2015)
[2613761] Failed to build match row: Panthessalonikios Athlitikos Omilos Konstantinoupoliton vs Brøndby Idrætsforening
[2985419] Could not find attributes for bogdan shust (Vorskla Poltava, 2017)
[2985419] Failed to build match row: Vorskla Poltava vs Chornomorets Odesa
[3159952] Could not find attributes for anestis nastos (Omilos Filathlon Irakliou FC, 2018)
[3159952] Failed to build match row: Omilos Filathlon Irakliou FC vs A.G.S Asteras Tripolis

Keepers & outfield error for **Associazione Calcio Fiorentina** in Associazione Calcio Fiorentina vs Juventus Football Club: Numbers: 0 and 11.
[2437609] Failed to build match row: Associazione Calcio Fiorentina vs Juventus Football Club
[2587320] Could not find attributes for sergey chernik (BATE Borisov, 2015)
[2587320] Failed to build match row: BATE Borisov vs Dundalk FC
[2814299] Could not find attributes for brandon mason (Watford FC, 2016)
[2814299] Failed to build match row: Millwall FC vs Watford FC
[2657972] Could not find attributes for giannis anestis (Athlitiki Enosi Konstantinoupoleos, 2015)
[2657972] Failed to build match row: Athlitiki Enosi Konstantinoupoleos vs Veria NPS

Keepers & outfield error for **Granada CF** in Granada CF vs Athletic Club Bilbao: Numbers: 0 and 11.
[3316887] Failed to build match row: Granada CF vs Athletic Club Bilbao

Keepers & outfield error for **Alaves** in Villarreal Club de Fútbol S.A.D. vs Alaves: Numbers: 2 and 9.
[3080827] Failed to build match row: Villarreal Club de Fútbol S.A.D. vs Alaves
[3118717] Could not find attributes for gary phillips (Berwick Rangers FC, 2018)
[3118717] Failed to build match row: Berwick Rangers FC vs Gretna FC 2008

Keepers & outfield error for **Wolverhampton Wanderers Football Club** in Wolverhampton Wanderers Football Club vs Torino Calcio: Numbers: 0 and 11.
[3244611] Failed to build match row: Wolverhampton Wanderers Football Club vs Torino Calcio
[3159953] Could not find attributes for vladimir bajic (APO Levadiakos Football Club, 2018)
[3159953] Failed to build match row: Panthessalonikios Athlitikos Omilos Konstantinoupoliton vs APO Levadiakos Football Club
[2884468] Could not find attributes for bilel aouacheria (Moreirense Futebol Clube, 2017)
[2884468] Failed to build match row: Moreirense Futebol Clube vs CF Os Belenenses
[2985420] Could not find attributes for Roman Pidkivka (Karpaty Lviv (-2021), 2017)
[2985420] Failed to build match row: Karpaty Lviv (-2021) vs FC Shakhtar Donetsk
[3118720] Could not find attributes for jamie pyper (Cowdenbeath FC, 2018)
[3118720] Failed to build match row: Cowdenbeath FC vs Clyde FC
[2445987] Could not find attributes for dimitrios kyriakidis (AO Xanthi, 2013)
[2445987] Failed to build match row: AO Xanthi vs APO Levadiakos Football Club
[2884469] Failed to scrape lineup: https://www.transfermarkt.co.uk/cd-feirense_sl-benfica/index/spielbericht/2884469
[2613762] Could not find attributes for stathis tavlaridis (Panathinaikos Athlitikos Omilos, 2015)
[2613762] Failed to build match row: Panathinaikos Athlitikos Omilos vs FK Qabala
[2657973] Could not find attributes for athanasios panteliadis (A.G.S Asteras Tripolis, 2015)
[2657973] Failed to build match row: A.G.S Asteras Tripolis vs APO Levadiakos Football Club

Keepers & outfield error for **Valencia Club de Fútbol S. A. D.** in Valencia Club de Fútbol S. A. D. vs Athletic Club Bilbao: Numbers: 0 and 11.
[3080828] Failed to build match row: Valencia Club de Fútbol S. A. D. vs Athletic Club Bilbao
[2986402] Could not find attributes for nemanja tubic (SKA Khabarovsk, 2017)
[2986402] Failed to build match row: SKA Khabarovsk vs Shinnik Yaroslavl
[2358318] Could not find attributes for pierangelo luzzana (AC Ponte San Pietro-Isola, 2013)
[2358318] Failed to build match row: AC Ponte San Pietro-Isola vs Ascoli Calcio

Keepers & outfield error for **Futebol Clube do Porto** in Futebol Clube do Porto vs Boavista FC: Numbers: 2 and 9.
[2884470] Failed to build match row: Futebol Clube do Porto vs Boavista FC

Keepers & outfield error for **The Celtic Football Club** in The Celtic Football Club vs Stjarnan Gardabaer: Numbers: 2 and 9.
[2587321] Failed to build match row: The Celtic Football Club vs Stjarnan Gardabaer
[2445988] Could not find attributes for georgios kantimiris (Veria NPS, 2013)
[2445988] Failed to build match row: Veria NPS vs Apollon Smyrnis
[2704241] Could not find attributes for gojko kacar (Fußball-Club Augsburg 1907, 2016)
[2704241] Failed to build match row: Bayer 04 Leverkusen Fußball vs Fußball-Club Augsburg 1907
[3118721] Could not find attributes for leszek nowosielski (Deveronvale FC, 2018)
[3118721] Failed to build match row: Deveronvale FC vs University of Stirling FC
[3159954] Could not find attributes for nikolaos giannakopoulos (Panetolikos Agrinio, 2018)
[3159954] Failed to build match row: Panetolikos Agrinio vs Aris Thessalonikis
[2657974] Could not find attributes for christos karypidis (AO Xanthi, 2015)
[2657974] Failed to build match row: AO Xanthi vs Iraklis Thessaloniki
[2986403] Could not find attributes for felicio brown (Amkar Perm, 2017)
[2986403] Failed to build match row: Amkar Perm vs Avangard Kursk
[2587322] Could not find attributes for jeremy taravel (GNK Dinamo Zagreb, 2015)
[2587322] Failed to build match row: GNK Dinamo Zagreb vs CS Fola Esch
[2704242] Could not find attributes for matthias lehmann (1. Fußball-Club Köln, 2016)
[2704242] Failed to build match row: FC Schalke 04 vs 1. Fußball-Club Köln
[2445989] Could not find attributes for sokratis dioudis (Aris Thessalonikis, 2013)
[2445989] Failed to build match row: Aris Thessalonikis vs Omilos Filathlon Irakliou FC
[2358319] Could not find attributes for luca nizzetto (Trapani Calcio, 2013)
[2358319] Failed to build match row: Trapani Calcio vs UC AlbinoLeffe
[2613763] Could not find attributes for miguel vitor (Panthessalonikios Athlitikos Omilos Konstantinoupoliton, 2015)
[2613763] Failed to build match row: Brøndby Idrætsforening vs Panthessalonikios Athlitikos Omilos Konstantinoupoliton
[2631253] Could not find attributes for alexandros paschalakis (Panthrakikos Komotini, 2015)
[2631253] Failed to build match row: Panthrakikos Komotini vs Athlitiki Enosi Konstantinoupoleos
[2986404] Could not find attributes for evgeniy konyukhov (PFK Krylya Sovetov Samara, 2017)
[2986404] Failed to build match row: PFK Krylya Sovetov Samara vs FK Spartak Moskva
[3159955] Could not find attributes for jeremy malherbe (Panionios Athens, 2018)
[3159955] Failed to build match row: Panionios Athens vs PAS Giannina
[2657975] Could not find attributes for dimitrios sotiriou (AO Platanias, 2015)
[2657975] Failed to build match row: AO Platanias vs Panathinaikos Athlitikos Omilos
[2445990] Could not find attributes for georgios kousas (Panetolikos Agrinio, 2013)
[2445990] Failed to build match row: Panetolikos Agrinio vs APS Atromitos Athinon
[2760182] Could not find attributes for kasper tvede (FC Roskilde, 2016)
[2760182] Failed to build match row: FC Roskilde vs Fodbold Club Fredericia
[3159956] Could not find attributes for ogmundur kristinsson (Athlitiki Enosi Larisas, 2018)
[3159956] Failed to build match row: Athlitiki Enosi Larisas vs Olympiakos Syndesmos Filathlon Peiraios
[2884471] Could not find attributes for stephen eustaquio (GD Chaves, 2017)
[2884471] Failed to build match row: GD Chaves vs Sporting Clube de Braga

Keepers & outfield error for **Vitória Sport Clube** in SC Fotbal Club FCSB SA vs Vitória Sport Clube: Numbers: 0 and 11.
[2814301] Could not find attributes for ryan sessegnon (Fulham Football Club, 2016)
[3118722] Could not find attributes for solal pelmard (Caledonian Braves FC, 2018)
[3244614] Failed to build match row: SC Fotbal Club FCSB SA vs Vitória Sport Clube
[2925243] Could not find attributes for chupo (Gimnástica Segoviana CF, 2017)
[2445991] Could not find attributes for georgios bantis (A.G.S Asteras Tripolis, 2013)
[3118722] Failed to build match row: Caledonian Braves FC vs Fraserburgh FC
[2445991] Failed to build match row: A.G.S Asteras Tripolis vs Panthrakikos Komotini
[2925243] Failed to build match row: Gimnástica Segoviana CF vs SD Ponferradina

Keepers & outfield error for **Girona Fútbol Club S. A. D.** in Rayo Vallecano de Madrid S. A. D. vs Girona Fútbol Club S. A. D.: Numbers: 0 and 11.
[3080831] Failed to build match row: Rayo Vallecano de Madrid S. A. D. vs Girona Fútbol Club S. A. D.
[2358320] Could not find attributes for davide mandelli (AC Lumezzane, 2013)
[2358320] Failed to build match row: SSC Bari vs AC Lumezzane

Keepers & outfield error for **FC Tosno (-2018)** in FC Tosno (-2018) vs Luch Vladivostok: Numbers: 2 and 9.
[2613764] Could not find attributes for andrey gorbunov (APS Atromitos Athinon, 2015)
[2986405] Failed to build match row: FC Tosno (-2018) vs Luch Vladivostok
[2613764] Failed to build match row: APS Atromitos Athinon vs Fenerbahçe Spor Kulübü
[2631254] Could not find attributes for stelios marangos (Veria NPS, 2015)
[2631254] Failed to build match row: Veria NPS vs Iraklis Thessaloniki
[2760184] Could not find attributes for esben madsen (BK Fremad Amager, 2016)
[2760184] Failed to build match row: BK Fremad Amager vs Fodbold Club Midtjylland
[2925244] Could not find attributes for laerte polydoro (CF Talavera de la Reina, 2017)
[2925244] Failed to build match row: CF Talavera de la Reina vs FC Cartagena
[3159957] Could not find attributes for lefteris astras (Apollon Smyrnis, 2018)
[3159957] Failed to build match row: Apollon Smyrnis vs PAS Lamia 1964
[3118723] Could not find attributes for shane sutherland (Elgin City FC, 2018)
[3118723] Failed to build match row: Elgin City FC vs Whitehill Welfare FC

Keepers & outfield error for **CS Marítimo** in Clube Desportivo de Tondela vs CS Marítimo: Numbers: 3 and 8.
[2884472] Failed to build match row: Clube Desportivo de Tondela vs CS Marítimo
Not enough players found for lineup: 11, 0.
[3244615] Failed to scrape lineup: https://www.transfermarkt.co.uk/spielbericht/index/spielbericht/3244615
[2631255] Could not find attributes for andrey gorbunov (APS Atromitos Athinon, 2015)
[2631255] Failed to build match row: APS Atromitos Athinon vs Panthrakikos Komotini
[3319622] Could not find attributes for christopher schorch (1.FC Saarbrücken, 2019)
[3319622] Failed to build match row: 1.FC Saarbrücken vs Fortuna Düsseldorf
[2445992] Could not find attributes for Vladimir Stojkovic (GS Ergotelis, 2013)
[2445992] Failed to build match row: GS Ergotelis vs Panthessalonikios Athlitikos Omilos Konstantinoupoliton
[2657976] Could not find attributes for konstantinos peristeridis (PAS Giannina, 2015)
[2613765] Could not find attributes for andrey gorbunov (APS Atromitos Athinon, 2015)
[2613765] Failed to build match row: Fenerbahçe Spor Kulübü vs APS Atromitos Athinon
ios
[2358321] Could not find attributes for alessandro bassoli (FC Südtirol, 2013)
[2358321] Failed to build match row: FC Empoli vs FC Südtirol
[2760185] Could not find attributes for sebastian olsen (Naestved Boldklub, 2016)
[2760185] Failed to build match row: Naestved Boldklub vs Fodbold Club Nordsjælland
[3159958] Could not find attributes for julian cuesta (Aris Thessalonikis, 2018)
[3159958] Failed to build match row: Aris Thessalonikis vs AO Xanthi
[3244616] Could not find attributes for andrej prskalo (Hrvatski Nogometni Klub Rijeka, 2019)
[3244616] Failed to build match row: Koninklijke Atletiek Associatie Gent vs Hrvatski Nogometni Klub Rijeka
[2445993] Failed to build match row: Panionios Athens vs AEL Kalloni
[3321364] Could not find attributes for nicke kabamba (Kilmarnock Football Club, 2019)
[3321364] Failed to build match row: Kilmarnock Football Club vs Aberdeen Football Club
[2613766] Could not find attributes for jeremy taravel (GNK Dinamo Zagreb, 2015)
[2613766] Failed to build match row: GNK Dinamo Zagreb vs KF Skënderbeu
[2657977] Could not find attributes for dimitrios sotiriou (AO Platanias, 2015)
[2657977] Failed to build match row: AO Platanias vs A.G.S Asteras Tripolis
[2631256] Could not find attributes for sokratis dioudis (Panionios Athens, 2015)
[2631256] Failed to build match row: Panionios Athens vs PAS Giannina

Keepers & outfield error for **Moreirense Futebol Clube** in Moreirense Futebol Clube vs Sport Lisboa e Benfica: Numbers: 2 and 9.
[2814617] Failed to build match row: Moreirense Futebol Clube vs Sport Lisboa e Benfica
[2986426] Could not find attributes for ross callachan (Heart of Midlothian Football Club, 2017)
[2986426] Failed to build match row: Hamilton Academical FC vs Heart of Midlothian Football Club
[3159959] Could not find attributes for nikolaos papadopoulos (A.G.S Asteras Tripolis, 2018)
[3159959] Failed to build match row: A.G.S Asteras Tripolis vs Panionios Athens

Keepers & outfield error for **Olympiakos Syndesmos Filathlon Peiraios** in Olympiakos Syndesmos Filathlon Peiraios vs Panathinaikos Athlitikos Omilos: Numbers: 0 and 11.
[2445994] Failed to build match row: Olympiakos Syndesmos Filathlon Peiraios vs Panathinaikos Athlitikos Omilos
[2925245] Could not find attributes for binke diabate (CD Calahorra, 2017)
[2925245] Failed to build match row: CD Calahorra vs CF Fuenlabrada
[2358322] Could not find attributes for giorgio vanoncini (AC Ponte San Pietro-Isola, 2013)
[2358322] Failed to build match row: Cesena FC vs AC Ponte San Pietro-Isola
[3118724] Could not find attributes for kieran watson (Gala Fairydean Rovers FC, 2018)
[3118724] Failed to build match row: Gala Fairydean Rovers FC vs East Stirlingshire FC
[2445995] Could not find attributes for konstantinos peristeridis (AO Platanias, 2013)
[2445995] Failed to build match row: AO Platanias vs PAS Giannina
[3159960] Could not find attributes for balazs megyeri (APS Atromitos Athinon, 2018)
[3159960] Failed to build match row: APS Atromitos Athinon vs Omilos Filathlon Irakliou FC
[2631257] Could not find attributes for sebastian bartolini (Iraklis Thessaloniki, 2015)
[2631257] Failed to build match row: Iraklis Thessaloniki vs Panathinaikos Athlitikos Omilos

Keepers & outfield error for **Malmö Fotbollförening** in Malmö Fotbollförening vs The Celtic Football Club: Numbers: 0 and 11.
[2613767] Failed to build match row: Malmö Fotbollförening vs The Celtic Football Club
[2657978] Could not find attributes for panagiotis tsintotas (APO Levadiakos Football Club, 2015)
[2657978] Failed to build match row: APO Levadiakos Football Club vs Panthrakikos Komotini
[3321365] Could not find attributes for bevis mugabi (Motherwell Football Club, 2019)
[3321365] Failed to build match row: Motherwell Football Club vs Saint Mirren Football Club
[3080834] Could not find attributes for martin braithwaite (CD Leganés, 2018)
[3080834] Failed to build match row: Club Atlético de Madrid S.A.D. vs CD Leganés
[3244617] Could not find attributes for andrej prskalo (Hrvatski Nogometni Klub Rijeka, 2019)
[3244617] Failed to build match row: Hrvatski Nogometni Klub Rijeka vs Koninklijke Atletiek Associatie Gent
[2925246] Could not find attributes for kingsley fobi (SD Formentera, 2017)
[2925246] Failed to build match row: SD Formentera vs UD Logroñés
[2657979] Could not find attributes for stathis tavlaridis (Panathinaikos Athlitikos Omilos, 2015)
[2657979] Failed to build match row: Panathinaikos Athlitikos Omilos vs AO Xanthi
[2445996] Could not find attributes for theodoros tripotseris (Omilos Filathlon Irakliou FC, 2013)
[2445996] Failed to build match row: Omilos Filathlon Irakliou FC vs PAS Giannina
[2358323] Could not find attributes for filippo giorgi (Unione Sportiva Cremonese S.p.A., 2013)
[2358323] Failed to build match row: Palermo FC vs Unione Sportiva Cremonese S.p.A.
[3118725] Could not find attributes for greg fleming (Peterhead FC, 2018)
[3118725] Failed to build match row: Peterhead FC vs Kelty Hearts FC
[3244618] Could not find attributes for ander iturraspe (Espanol, 2019)
[3244618] Failed to build match row: Espanol vs FC Zorya Lugansk
[2657980] Could not find attributes for dusan pernis (Iraklis Thessaloniki, 2015)
[2657980] Failed to build match row: Iraklis Thessaloniki vs PAS Giannina
[2445997] Could not find attributes for dimitrios kyriakidis (AO Xanthi, 2013)
[2445997] Failed to build match row: AO Xanthi vs A.G.S Asteras Tripolis
Not enough players found for lineup: 0, 0.
[3271739] Failed to scrape lineup: https://www.transfermarkt.co.uk/spielbericht/index/spielbericht/3271739

Keepers & outfield error for **Juventus Football Club** in Juventus Football Club vs Associazione Calcio Milan: Numbers: 0 and 11.
[2814763] Failed to build match row: Juventus Football Club vs Associazione Calcio Milan
[2986428] Could not find attributes for inih effiong (Ross County FC, 2017)
[2986428] Failed to build match row: Motherwell Football Club vs Ross County FC
[2925247] Could not find attributes for samuel llorca (Hércules CF, 2017)
[2925247] Failed to build match row: Hércules CF vs Elche Club de Fútbol S.A.D.
[2358324] Could not find attributes for maurizio pugliesi (Pisa Sporting Club, 2013)
[2358324] Failed to build match row: Siena FC vs Pisa Sporting Club
[2657981] Could not find attributes for vasilios barkas (APS Atromitos Athinon, 2015)
[2460854] Could not find attributes for christian schulz (Hannover 96, 2014)
[2657981] Failed to build match row: APS Atromitos Athinon vs Athlitiki Enosi Konstantinoupoleos
[2460854] Failed to build match row: Hannover 96 vs Borussia Dortmund
[2760186] Could not find attributes for malte amundsen (HB Köge, 2016)
[2760186] Failed to build match row: HB Köge vs Viborg Fodsports Forening
[2445998] Could not find attributes for danijel pranjic (Panathinaikos Athlitikos Omilos, 2013)
[2445998] Failed to build match row: Panathinaikos Athlitikos Omilos vs Aris Thessalonikis

Keepers & outfield error for **Inverness Caledonian Thistle FC** in Hibernian Football Club vs Inverness Caledonian Thistle FC: Numbers: 0 and 11.
[3321372] Failed to build match row: Hibernian Football Club vs Inverness Caledonian Thistle FC
[3244619] Could not find attributes for yevgen cheberko (FC Zorya Lugansk, 2019)
[3244619] Failed to build match row: FC Zorya Lugansk vs Espanol
[2460855] Could not find attributes for ragnar klavan (Fußball-Club Augsburg 1907, 2014)
[2460855] Failed to build match row: Sport-Club Freiburg vs Fußball-Club Augsburg 1907
[2657982] Could not find attributes for achilleas poungouras (Veria NPS, 2015)
[2657982] Failed to build match row: Veria NPS vs AEL Kalloni
[3080836] Could not find attributes for juanpi (SD Huesca, 2018)
[3080836] Failed to build match row: Getafe Club de Fútbol S. A. D. Team Dubai vs SD Huesca
[2445999] Could not find attributes for luigi cennamo (APS Atromitos Athinon, 2013)
[2445999] Failed to build match row: APS Atromitos Athinon vs Panionios Athens

Keepers & outfield error for **Cultural Leonesa** in Cultural Leonesa vs Real Valladolid CF: Numbers: 0 and 11.
[2925248] Failed to build match row: Cultural Leonesa vs Real Valladolid CF

Keepers & outfield error for **Futbol Club Barcelona** in Real Sociedad de Fútbol S.A.D. vs Futbol Club Barcelona: Numbers: 2 and 9.
[3244620] Could not find attributes for andre schurrle (FK Spartak Moskva, 2019)
[2814838] Failed to build match row: Real Sociedad de Fútbol S.A.D. vs Futbol Club Barcelona
[3244620] Failed to build match row: Sporting Clube de Braga vs FK Spartak Moskva
[2631258] Could not find attributes for jakob johansson (Athlitiki Enosi Konstantinoupoleos, 2015)
[2631258] Failed to build match row: Athlitiki Enosi Konstantinoupoleos vs Panetolikos Agrinio
[3080837] Failed to scrape lineup: https://www.transfermarkt.co.uk/girona-fc_valencia-cf/index/spielbericht/3080837

Keepers & outfield error for **Olympiakos Syndesmos Filathlon Peiraios** in Olympiakos Syndesmos Filathlon Peiraios vs Panthessalonikios Athlitikos Omilos Konstantinoupoliton: Numbers: 0 and 11.
[2657983] Failed to build match row: Olympiakos Syndesmos Filathlon Peiraios vs Panthessalonikios Athlitikos Omilos Konstantinoupoliton
[2446000] Could not find attributes for georgios athanasiadis (Panthrakikos Komotini, 2013)
[2446000] Failed to build match row: Panthrakikos Komotini vs GS Ergotelis
[2631259] Could not find attributes for sergey veremko (APO Levadiakos Football Club, 2015)
[2631259] Failed to build match row: APO Levadiakos Football Club vs AO Xanthi
[3321374] Could not find attributes for lewis moore (Heart of Midlothian Football Club, 2019)
[3321374] Failed to build match row: Heart of Midlothian Football Club vs Rangers Football Club

Keepers & outfield error for **Celta** in Real Madrid Club de Fútbol vs Celta: Numbers: 0 and 11.
[2814839] Failed to build match row: Real Madrid Club de Fútbol vs Celta
[2760521] Could not find attributes for bersant celina (Football Club Twente, 2016)
[2760521] Failed to build match row: Football Club Twente vs Football Club Utrecht
[3244621] Could not find attributes for andre schurrle (FK Spartak Moskva, 2019)
[3244621] Failed to build match row: FK Spartak Moskva vs Sporting Clube de Braga
[2358325] Could not find attributes for paolo zanardo (Pordenone Calcio, 2013)
[2358325] Failed to build match row: Delfino Pescara 1936 vs Pordenone Calcio
[2657984] Could not find attributes for sokratis dioudis (Panionios Athens, 2015)
[2657984] Failed to build match row: Panionios Athens vs Panetolikos Agrinio

Keepers & outfield error for **Levante Unión Deportiva S.A.D.** in Levante Unión Deportiva S.A.D. vs Villarreal Club de Fútbol S.A.D.: Numbers: 2 and 9.
[3080838] Failed to build match row: Levante Unión Deportiva S.A.D. vs Villarreal Club de Fútbol S.A.D.
[3118726] Could not find attributes for robbie donaldson (Rothes FC, 2018)
[3118726] Failed to build match row: Rothes FC vs Annan Athletic FC
[2446001] Could not find attributes for kyriakos stratilatis (APO Levadiakos Football Club, 2013)
[2446001] Failed to build match row: APO Levadiakos Football Club vs Panetolikos Agrinio
[2631260] Could not find attributes for dimitrios sotiriou (AO Platanias, 2015)
[2631260] Failed to build match row: AO Platanias vs Veria NPS
[3244622] Could not find attributes for emilijus zubas (Bnei Yehuda Tel Aviv, 2019)
[3244622] Failed to build match row: Malmö Fotbollförening vs Bnei Yehuda Tel Aviv
[3321950] Could not find attributes for faiz selemani (KV Kortrijk, 2019)
[3321950] Failed to build match row: SK Beveren vs KV Kortrijk
[2358326] Could not find attributes for andrea paroni (Virtus Entella, 2013)
[2358326] Failed to build match row: Calcio Padova vs Virtus Entella
[2657985] Could not find attributes for vasilios barkas (APS Atromitos Athinon, 2015)
[2657985] Failed to build match row: APS Atromitos Athinon vs Veria NPS
[2814840] Could not find attributes for florian lejeune (SD Eibar, 2016)
[2814840] Failed to build match row: Club Atlético de Madrid S.A.D. vs SD Eibar
[2446002] Could not find attributes for athanasios panteliadis (Apollon Smyrnis, 2013)
[2446002] Failed to build match row: Apollon Smyrnis vs AO Platanias
[2704245] Could not find attributes for ousman manneh (Sportverein Werder Bremen von 1899, 2016)
[2704245] Failed to build match row: Sportverein Werder Bremen von 1899 vs 1. Fußball- und Sportverein Mainz 05
[2460858] Could not find attributes for janek sternberg (Sportverein Werder Bremen von 1899, 2014)
[2460858] Failed to build match row: 1. Fußball-Club Köln vs Sportverein Werder Bremen von 1899

Keepers & outfield error for **CD Tenerife** in Córdoba CF vs CD Tenerife: Numbers: 0 and 11.
[2925249] Failed to build match row: Córdoba CF vs CD Tenerife

Keepers & outfield error for **Real Betis Balompié S.A.D.** in Celta vs Real Betis Balompié S.A.D.: Numbers: 2 and 9.
[3080839] Failed to build match row: Celta vs Real Betis Balompié S.A.D.

Keepers & outfield error for **Olympiakos Syndesmos Filathlon Peiraios** in Olympiakos Syndesmos Filathlon Peiraios vs A.G.S Asteras Tripolis: Numbers: 0 and 11.
[2631261] Failed to build match row: Olympiakos Syndesmos Filathlon Peiraios vs A.G.S Asteras Tripolis
[2446003] Could not find attributes for bibars natcho (Panthessalonikios Athlitikos Omilos Konstantinoupoliton, 2013)
[2446003] Failed to build match row: Panthessalonikios Athlitikos Omilos Konstantinoupoliton vs Olympiakos Syndesmos Filathlon Peiraios
[3118727] Could not find attributes for cammy binnie (Stirling Albion FC, 2018)
[3118727] Failed to build match row: Stirling Albion FC vs Queen's Park FC
[2657986] Could not find attributes for georgios athanasiadis (Panthrakikos Komotini, 2015)
[2657986] Failed to build match row: Panthrakikos Komotini vs AO Platanias
[2704246] Could not find attributes for antonio colak (SV Darmstadt 98, 2016)
[2704246] Failed to build match row: SV Darmstadt 98 vs Turn- und Sportgemeinschaft 1899 Hoffenheim Fußball-Spielbetriebs
[2986433] Could not find attributes for ross callachan (Heart of Midlothian Football Club, 2017)
[2986433] Failed to build match row: Heart of Midlothian Football Club vs Motherwell Football Club

Keepers & outfield error for **Real Valladolid CF** in Real Valladolid CF vs Real Madrid Club de Fútbol: Numbers: 2 and 9.

Keepers & outfield error for **CD Lugo** in Real Zaragoza vs CD Lugo: Numbers: 0 and 11.
[3080840] Failed to build match row: Real Valladolid CF vs Real Madrid Club de Fútbol
[3244623] Could not find attributes for emilijus zubas (Bnei Yehuda Tel Aviv, 2019)
[2925250] Failed to build match row: Real Zaragoza vs CD Lugo
[3244623] Failed to build match row: Bnei Yehuda Tel Aviv vs Malmö Fotbollförening
[2446004] Could not find attributes for anestis anastasiadis (AEL Kalloni, 2013)
[2657987] Could not find attributes for jakob johansson (Athlitiki Enosi Konstantinoupoleos, 2015)
[2446004] Failed to build match row: AEL Kalloni vs Veria NPS
[2657987] Failed to build match row: Athlitiki Enosi Konstantinoupoleos vs Olympiakos Syndesmos Filathlon Peiraios
[2704247] Could not find attributes for douglas santos (Hamburger Sport Verein, 2016)
[2704247] Failed to build match row: Sport-Club Freiburg vs Hamburger Sport Verein
[2631262] Could not find attributes for konstantinos dafkos (AEL Kalloni, 2015)
[2631262] Failed to build match row: AEL Kalloni vs Panthessalonikios Athlitikos Omilos Konstantinoupoliton
[3159961] Could not find attributes for athanasios panteliadis (APO Levadiakos Football Club, 2018)
[3159961] Failed to build match row: APO Levadiakos Football Club vs Athlitiki Enosi Konstantinoupoleos
[2358327] Could not find attributes for gabriele franchino (AC Monza, 2013)
[2358327] Failed to build match row: US Avellino 1912 vs AC Monza

Keepers & outfield error for **AD Alcorcón** in AD Alcorcón vs Alaves: Numbers: 2 and 9.
[2814841] Failed to build match row: AD Alcorcón vs Alaves
[2613768] Could not find attributes for juan pablo colinas (Maccabi Tel Aviv, 2015)
[2613768] Failed to build match row: Maccabi Tel Aviv vs FC Basel 1893 AG
[2446127] Could not find attributes for aleksey nikitin (Amkar Perm, 2013)
[2446127] Failed to build match row: Amkar Perm vs Volga Nizhniy Novgorod (- 2016)
[3118728] Could not find attributes for barry eley (Albion Rovers FC, 2018)
[3118728] Failed to build match row: Albion Rovers FC vs Formartine United FC
[2657988] Could not find attributes for konstantinos peristeridis (PAS Giannina, 2015)
[2657988] Failed to build match row: PAS Giannina vs Panathinaikos Athlitikos Omilos

Keepers & outfield error for **Club Atlético Osasuna** in Cádiz CF vs Club Atlético Osasuna: Numbers: 0 and 11.
[2925251] Failed to build match row: Cádiz CF vs Club Atlético Osasuna
[2631263] Could not find attributes for athanasios panteliadis (A.G.S Asteras Tripolis, 2015)
[2631263] Failed to build match row: A.G.S Asteras Tripolis vs Iraklis Thessaloniki

Keepers & outfield error for **FC Shakhtar Donetsk** in FC Shakhtar Donetsk vs Sportklub Rapid: Numbers: 2 and 9.
[2613769] Failed to build match row: FC Shakhtar Donetsk vs Sportklub Rapid
[2704251] Could not find attributes for nils petersen (Sport-Club Freiburg, 2016)
[2704251] Failed to build match row: Borussia Dortmund vs Sport-Club Freiburg

Keepers & outfield error for **Futbol Club Barcelona** in Futbol Club Barcelona vs Real Sociedad de Fútbol S.A.D.: Numbers: 2 and 9.
[2657989] Could not find attributes for konstantinos dafkos (AEL Kalloni, 2015)
[2657989] Failed to build match row: AEL Kalloni vs Panionios Athens
[2814842] Failed to build match row: Futbol Club Barcelona vs Real Sociedad de Fútbol S.A.D.
[3322353] Could not find attributes for pablo mari (Arsenal Football Club, 2019)
[2446339] Could not find attributes for neil parry (Albion Rovers FC, 2013)
[3322353] Failed to build match row: Portsmouth FC vs Arsenal Football Club
[2446339] Failed to build match row: Albion Rovers FC vs Rangers Football Club
[3159962] Could not find attributes for vangelis theocharis (Panathinaikos Athlitikos Omilos, 2018)
[3159962] Failed to build match row: Panathinaikos Athlitikos Omilos vs Panetolikos Agrinio
[2358328] Could not find attributes for federico serraiocco (Città di Teramo 1913, 2013)
[2358328] Failed to build match row: Brescia Calcio vs Città di Teramo 1913
[2657990] Could not find attributes for dimitrios kyriakidis (Panetolikos Agrinio, 2015)
[2657990] Failed to build match row: Panetolikos Agrinio vs APO Levadiakos Football Club

Keepers & outfield error for **Sporting Gijón** in Sporting Gijón vs CD Numancia: Numbers: 0 and 11.
[2925252] Failed to build match row: Sporting Gijón vs CD Numancia
[2631264] Could not find attributes for christos lisgaras (AO Xanthi, 2015)
[2631264] Failed to build match row: AO Xanthi vs AO Platanias
[2446415] Could not find attributes for stefan scougall (Sheffield United, 2013)
[2446415] Failed to build match row: Hull City vs Sheffield United
[3159963] Could not find attributes for neofytos michail (PAS Giannina, 2018)
[3159963] Failed to build match row: PAS Giannina vs Panthessalonikios Athlitikos Omilos Konstantinoupoliton

Keepers & outfield error for **Celta** in Celta vs Real Madrid Club de Fútbol: Numbers: 0 and 11.
[2814843] Failed to build match row: Celta vs Real Madrid Club de Fútbol
[3271740] Could not find attributes for nestoras gekas (Apollon Larisas, 2019)
[3271740] Failed to build match row: Apollon Larisas vs AO Xanthi
[2631265] Could not find attributes for alexandros paschalakis (Panthrakikos Komotini, 2015)
[2631265] Failed to build match row: Panthrakikos Komotini vs Olympiakos Syndesmos Filathlon Peiraios
[2925736] Could not find attributes for vasilios pliatsikas (AO Platanias, 2017)
[2925736] Failed to build match row: AO Platanias vs Apollon Smyrnis

Keepers & outfield error for **Liverpool Football Club** in Chelsea Football Club vs Liverpool Football Club: Numbers: 0 and 11.
[3322354] Failed to build match row: Chelsea Football Club vs Liverpool Football Club
[2657991] Could not find attributes for dimitrios chatziisaias (Panthessalonikios Athlitikos Omilos Konstantinoupoliton, 2015)
[2657991] Failed to build match row: Panthessalonikios Athlitikos Omilos Konstantinoupoliton vs Iraklis Thessaloniki
[3244626] Could not find attributes for algis jankauskas (FK Suduva Marijampole, 2019)
[3244626] Failed to build match row: FK Suduva Marijampole vs Ferencvárosi TC
[2613771] Could not find attributes for boy waterman (APOEL Nicosia, 2015)
[2613771] Failed to build match row: APOEL Nicosia vs FC Astana
[2631266] Could not find attributes for miguel vitor (Panthessalonikios Athlitikos Omilos Konstantinoupoliton, 2015)
[2631266] Failed to build match row: Panthessalonikios Athlitikos Omilos Konstantinoupoliton vs Panionios Athens

Keepers & outfield error for **AD Alcorcón** in Alaves vs AD Alcorcón: Numbers: 2 and 9.
[2814844] Failed to build match row: Alaves vs AD Alcorcón
[2925737] Failed to scrape lineup: https://www.transfermarkt.co.uk/spielbericht/index/spielbericht/2925737
[2631267] Could not find attributes for dimitrios kyriakidis (Panetolikos Agrinio, 2015)
[2631267] Failed to build match row: Panetolikos Agrinio vs APS Atromitos Athinon
[3271741] Could not find attributes for christos giannakidis (Panserraikos Serres, 2019)
[3271741] Failed to build match row: Panserraikos Serres vs Volou Neos Podosferikos Syllogos
[2704253] Could not find attributes for fabian frei (1. Fußball- und Sportverein Mainz 05, 2016)
[2704253] Failed to build match row: 1. Fußball- und Sportverein Mainz 05 vs Bayer 04 Leverkusen Fußball
[3159984] Could not find attributes for glenn murray (Brighton and Hove Albion Football Club, 2018)
[3159984] Failed to build match row: Millwall FC vs Brighton and Hove Albion Football Club
[2986436] Could not find attributes for ross callachan (Heart of Midlothian Football Club, 2017)
[2986436] Failed to build match row: The Celtic Football Club vs Heart of Midlothian Football Club
[2657992] Could not find attributes for michalis zaropoulos (AO Xanthi, 2015)
[2657992] Failed to build match row: AO Xanthi vs A.G.S Asteras Tripolis
[2925738] Could not find attributes for stanislav namasco (APO Levadiakos Football Club, 2017)
[2925738] Failed to build match row: Panthessalonikios Athlitikos Omilos Konstantinoupoliton vs APO Levadiakos Football Club
[3244627] Could not find attributes for lasha dvali (Ferencvárosi TC, 2019)
[3244627] Failed to build match row: Ferencvárosi TC vs FK Suduva Marijampole

Keepers & outfield error for **SD Eibar** in SD Eibar vs Club Atlético de Madrid S.A.D.: Numbers: 2 and 9.
[2814845] Failed to build match row: SD Eibar vs Club Atlético de Madrid S.A.D.
[3271742] Could not find attributes for lefteris choutesiotis (PAS Giannina, 2019)
[2657993] Could not find attributes for sergey veremko (APO Levadiakos Football Club, 2015)
[3271742] Failed to build match row: PAS Giannina vs Veria NPS
[2657993] Failed to build match row: APO Levadiakos Football Club vs AEL Kalloni
[3322356] Could not find attributes for gareth barry (West Bromwich Albion, 2019)
[3322356] Failed to build match row: West Bromwich Albion vs Newcastle United Football Club
[3244628] Could not find attributes for zeca (Football Club København, 2019)
[3244628] Failed to build match row: Football Club København vs Riga FC
[2631268] Could not find attributes for theodoros berios (PAS Giannina, 2015)
[2631268] Failed to build match row: PAS Giannina vs APO Levadiakos Football Club
[2447536] Could not find attributes for lasse heinze (AC Horsens, 2013)
[2447536] Failed to build match row: AC Horsens vs Aalborg BK
[2704254] Could not find attributes for matthias lehmann (1. Fußball-Club Köln, 2016)
[2704254] Failed to build match row: 1. Fußball-Club Köln vs RasenBallsport Leipzig
[2358329] Could not find attributes for pier graziano gori (Benevento Calcio, 2013)
[2358329] Failed to build match row: SS Virtus Lanciano vs Benevento Calcio
[2657994] Could not find attributes for georgios bantis (A.G.S Asteras Tripolis, 2015)
[2657994] Failed to build match row: A.G.S Asteras Tripolis vs PAS Giannina
[2925739] Could not find attributes for athanasios panteliadis (PAS Lamia 1964, 2017)
[2925739] Failed to build match row: Athlitiki Enosi Konstantinoupoleos vs PAS Lamia 1964
[2704255] Could not find attributes for douglas santos (Hamburger Sport Verein, 2016)
[2704255] Failed to build match row: Hamburger Sport Verein vs FC Bayern München
[2816200] Could not find attributes for sean raggett (Lincoln City, 2016)
[2816200] Failed to build match row: Lincoln City vs Brighton and Hove Albion Football Club
[3118729] Failed to scrape lineup: https://www.transfermarkt.co.uk/spielbericht/index/spielbericht/3118729
[2657995] Could not find attributes for dusan pernis (Iraklis Thessaloniki, 2015)
[2657995] Failed to build match row: Iraklis Thessaloniki vs Athlitiki Enosi Konstantinoupoleos
[3159986] Could not find attributes for etienne capoue (Watford FC, 2018)
[3159986] Failed to build match row: Watford FC vs Crystal Palace Football Club
[2631269] Could not find attributes for branko ostojic (Veria NPS, 2015)
[2631269] Failed to build match row: Veria NPS vs Panathinaikos Athlitikos Omilos
[2925740] Could not find attributes for apostolos koutoglidis (Athens Kallithea, 2017)
[2925740] Failed to build match row: Athens Kallithea vs Apollon Larisas
[3322357] Could not find attributes for marc albrighton (Leicester City, 2019)
[3322357] Failed to build match row: Leicester City vs Birmingham City
[2986438] Could not find attributes for genseric kusunga (Dundee Football Club, 2017)
[2986438] Failed to build match row: Kilmarnock Football Club vs Dundee Football Club

Keepers & outfield error for **Olympiakos Syndesmos Filathlon Peiraios** in Olympiakos Syndesmos Filathlon Peiraios vs APS Atromitos Athinon: Numbers: 0 and 11.
[2657996] Failed to build match row: Olympiakos Syndesmos Filathlon Peiraios vs APS Atromitos Athinon

Keepers & outfield error for **Manchester United Football Club** in Wolverhampton Wanderers Football Club vs Manchester United Football Club: Numbers: 0 and 11.
[3159987] Failed to build match row: Wolverhampton Wanderers Football Club vs Manchester United Football Club
[2631270] Could not find attributes for jakob johansson (Athlitiki Enosi Konstantinoupoleos, 2015)
[2631270] Failed to build match row: Athlitiki Enosi Konstantinoupoleos vs AEL Kalloni
[2704256] Could not find attributes for gojko kacar (Fußball-Club Augsburg 1907, 2016)
[2704256] Failed to build match row: Fußball-Club Augsburg 1907 vs SV Darmstadt 98
[3271743] Could not find attributes for ilias makryonitis (Olympiakos Volou, 2019)
[3271743] Failed to build match row: Olympiakos Volou vs Panionios Athens
[3244629] Could not find attributes for roberts ozols (Riga FC, 2019)
[3244629] Failed to build match row: Riga FC vs Football Club København
[2447539] Could not find attributes for nabil aslam (AC Horsens, 2013)
[2447539] Failed to build match row: Aalborg BK vs AC Horsens
[2986439] Failed to scrape lineup: https://www.transfermarkt.co.uk/partick-thistle-fc-_rangers-fc/index/spielbericht/2986439
[2925741] Failed to scrape lineup: https://www.transfermarkt.co.uk/spielbericht/index/spielbericht/2925741
[2657997] Could not find attributes for michalis zaropoulos (AO Xanthi, 2015)
[2657997] Failed to build match row: AO Xanthi vs Panthrakikos Komotini
[3118730] Could not find attributes for craig howie (East Kilbride FC, 2018)
[3118730] Failed to build match row: East Kilbride FC vs The Spartans FC
[2631271] Could not find attributes for aristotelis karasalidis (Iraklis Thessaloniki, 2015)
[2631271] Failed to build match row: Iraklis Thessaloniki vs Panthrakikos Komotini
[2986440] Could not find attributes for inih effiong (Ross County FC, 2017)
[2986440] Failed to build match row: Ross County FC vs Aberdeen Football Club
[2447609] Could not find attributes for georgios kantimiris (Veria NPS, 2013)
[2447609] Failed to build match row: Veria NPS vs APS Atromitos Athinon

Keepers & outfield error for **Tottenham Hotspur Football Club** in Tottenham Hotspur Football Club vs Norwich City: Numbers: 0 and 11.
[3322359] Failed to build match row: Tottenham Hotspur Football Club vs Norwich City
[2704257] Could not find attributes for ousman manneh (Sportverein Werder Bremen von 1899, 2016)
[2704257] Failed to build match row: Sportverein Werder Bremen von 1899 vs Verein für Leibesübungen Wolfsburg
[2631272] Could not find attributes for dimitrios sotiriou (AO Platanias, 2015)
[2631272] Failed to build match row: AO Platanias vs PAS Giannina
[2657998] Could not find attributes for dimitrios sotiriou (AO Platanias, 2015)
[2657998] Failed to build match row: AO Platanias vs Panetolikos Agrinio
[3271744] Could not find attributes for stathis dimos (PS Kalamata, 2019)
[3271744] Failed to build match row: PS Kalamata vs Athlitiki Enosi Larisas
[2657999] Could not find attributes for giandomenico mesto (Panathinaikos Athlitikos Omilos, 2015)
[2657999] Failed to build match row: Panathinaikos Athlitikos Omilos vs Panthessalonikios Athlitikos Omilos Konstantinoupoliton
[3118731] Could not find attributes for eric watson (Cove Rangers FC, 2018)
[3118731] Failed to build match row: Cove Rangers FC vs Auchinleck Talbot FC
[2447610] Could not find attributes for theodoros tripotseris (Omilos Filathlon Irakliou FC, 2013)
[2447610] Failed to build match row: Omilos Filathlon Irakliou FC vs Apollon Smyrnis
[2631273] Could not find attributes for sokratis dioudis (Panionios Athens, 2015)
[2631273] Failed to build match row: Panionios Athens vs Athlitiki Enosi Konstantinoupoleos

Keepers & outfield error for **Manchester United Football Club** in Derby County vs Manchester United Football Club: Numbers: 0 and 11.
[3322360] Failed to build match row: Derby County vs Manchester United Football Club
[3244632] Could not find attributes for cosmin moti (Ludogorets Razgrad, 2019)
[3244632] Failed to build match row: Ludogorets Razgrad vs NK Maribor
[3271745] Could not find attributes for giannis papadopoulos (AO Kavala, 2019)
[3271745] Failed to build match row: AO Kavala vs Omilos Filathlon Irakliou FC

Keepers & outfield error for **Società Sportiva Lazio S.p.A.** in Associazione Calcio Milan vs Società Sportiva Lazio S.p.A.: Numbers: 2 and 9.
[2986442] Failed to build match row: Associazione Calcio Milan vs Società Sportiva Lazio S.p.A.
[2658000] Could not find attributes for georgios kantimiris (Veria NPS, 2015)
[2658000] Failed to build match row: Veria NPS vs Panionios Athens
[2613772] Could not find attributes for zivko zivkovic (Fudbalski Klub Partizan Beograd, 2015)
[2613772] Failed to build match row: Fudbalski Klub Partizan Beograd vs BATE Borisov
[2447611] Could not find attributes for anastasios papazoglou (Olympiakos Syndesmos Filathlon Peiraios, 2013)
[2447611] Failed to build match row: Olympiakos Syndesmos Filathlon Peiraios vs Panthrakikos Komotini

Keepers & outfield error for **Dundee United Football Club** in Dundee United Football Club vs Inverness Caledonian Thistle FC: Numbers: 0 and 11.
[3160364] Failed to build match row: Dundee United Football Club vs Inverness Caledonian Thistle FC
[2704258] Could not find attributes for benjamin stambouli (FC Schalke 04, 2016)
[2704258] Failed to build match row: Turn- und Sportgemeinschaft 1899 Hoffenheim Fußball-Spielbetriebs vs FC Schalke 04

Keepers & outfield error for **Olympiakos Syndesmos Filathlon Peiraios** in Olympiakos Syndesmos Filathlon Peiraios vs Panetolikos Agrinio: Numbers: 0 and 11.
[2631274] Failed to build match row: Olympiakos Syndesmos Filathlon Peiraios vs Panetolikos Agrinio
Not enough players found for lineup: 0, 11.
[3244633] Failed to scrape lineup: https://www.transfermarkt.co.uk/spielbericht/index/spielbericht/3244633
[2447612] Could not find attributes for markos vellidis (PAS Giannina, 2013)
[2447612] Failed to build match row: PAS Giannina vs Panathinaikos Athlitikos Omilos

Keepers & outfield error for **Rangers Football Club** in Aberdeen Football Club vs Rangers Football Club: Numbers: 2 and 9.
[3160365] Failed to build match row: Aberdeen Football Club vs Rangers Football Club
[3323331] Could not find attributes for robert bozenik (Feyenoord Rotterdam, 2019)
[3323331] Failed to build match row: Feyenoord Rotterdam vs Nooit Opgeven Altijd Doorzetten Aangenaam Door Vermaak En Nuttig Door Ontspanning Combinatie Breda
[3244634] Could not find attributes for jimmy callacher (Linfield FC, 2019)
[3244634] Failed to build match row: Linfield FC vs Qarabağ FK
[2658001] Could not find attributes for konstantinos dafkos (AEL Kalloni, 2015)
[2658001] Failed to build match row: AEL Kalloni vs AO Platanias
[3271746] Could not find attributes for konstantinos rougalas (Panachaiki GE, 2019)
[3271746] Failed to build match row: Panachaiki GE vs Panathinaikos Athlitikos Omilos
[2704260] Could not find attributes for matthias lehmann (1. Fußball-Club Köln, 2016)
[2704260] Failed to build match row: FC Bayern München vs 1. Fußball-Club Köln
[2658002] Could not find attributes for dimitrios kyriakidis (Panetolikos Agrinio, 2015)
[2658002] Failed to build match row: Panetolikos Agrinio vs AO Xanthi
[2631275] Could not find attributes for pavol farkas (AO Xanthi, 2015)
[2631275] Failed to build match row: AO Xanthi vs Veria NPS
[2447613] Could not find attributes for georgios bantis (A.G.S Asteras Tripolis, 2013)
[2447613] Failed to build match row: A.G.S Asteras Tripolis vs GS Ergotelis
[3244635] Could not find attributes for rahil mammadov (Qarabağ FK, 2019)
[3244635] Failed to build match row: Qarabağ FK vs Linfield FC
[2447614] Could not find attributes for giannis anestis (Panionios Athens, 2013)
[2447614] Failed to build match row: Panionios Athens vs APO Levadiakos Football Club
[3326426] Could not find attributes for damian szymanski (Athlitiki Enosi Konstantinoupoleos, 2019)
[3326426] Failed to build match row: Athlitiki Enosi Konstantinoupoleos vs Aris Thessalonikis
[2658003] Could not find attributes for dimitrios chatziisaias (Panthessalonikios Athlitikos Omilos Konstantinoupoliton, 2015)
[2658003] Failed to build match row: Panthessalonikios Athlitikos Omilos Konstantinoupoliton vs A.G.S Asteras Tripolis

Keepers & outfield error for **Heart of Midlothian Football Club** in Heart of Midlothian Football Club vs St. Johnstone FC: Numbers: 0 and 11.
[2986446] Failed to build match row: Heart of Midlothian Football Club vs St. Johnstone FC
[2658004] Failed to scrape lineup: https://www.transfermarkt.co.uk/olympiacos-piraeus_pae-veria/index/spielbericht/2658004
[2358330] Could not find attributes for daniele frabotta (Frosinone Calcio, 2013)
[2358330] Failed to build match row: Modena FC vs Frosinone Calcio
[2816203] Could not find attributes for simon downer (Sutton United, 2016)
[2816203] Failed to build match row: Sutton United vs Leeds United Association Football Club
[2986447] Failed to scrape lineup: https://www.transfermarkt.co.uk/kilmarnock-fc_celtic-fc/index/spielbericht/2986447
[2358331] Could not find attributes for enrico alfonso (LR Vicenza, 2013)
[2358331] Failed to build match row: Varese 1910 vs LR Vicenza
[2704263] Could not find attributes for douglas santos (Hamburger Sport Verein, 2016)
[2704263] Failed to build match row: Hertha BSC vs Hamburger Sport Verein
[2447615] Could not find attributes for antonis georgallidis (AO Platanias, 2013)
[2447615] Failed to build match row: AO Platanias vs AEL Kalloni
[2658005] Could not find attributes for georgios athanasiadis (Panthrakikos Komotini, 2015)
[2658005] Failed to build match row: Panthrakikos Komotini vs PAS Giannina
[3271747] Failed to scrape lineup: https://www.transfermarkt.co.uk/spielbericht/index/spielbericht/3271747
[2816204] Could not find attributes for mathieu flamini (Crystal Palace Football Club, 2016)
[2816204] Failed to build match row: Crystal Palace Football Club vs Manchester City Football Club
[3244636] Could not find attributes for dominik greif (Slovan Bratislava, 2019)
[3244636] Failed to build match row: Slovan Bratislava vs Panthessalonikios Athlitikos Omilos Konstantinoupoliton
[2447616] Could not find attributes for sokratis dioudis (Aris Thessalonikis, 2013)
[2447616] Failed to build match row: Aris Thessalonikis vs Panthessalonikios Athlitikos Omilos Konstantinoupoliton
[2631276] Could not find attributes for andrey gorbunov (APS Atromitos Athinon, 2015)
[2631276] Failed to build match row: APS Atromitos Athinon vs AEL Kalloni
[2704264] Could not find attributes for fabian frei (1. Fußball- und Sportverein Mainz 05, 2016)
[2704264] Failed to build match row: Verein für Leibesübungen Wolfsburg vs 1. Fußball- und Sportverein Mainz 05
[2925742] Could not find attributes for asterios giakoumis (AE Sparti, 2017)
[2925742] Failed to build match row: AE Sparti vs AO Trikala

Keepers & outfield error for **Società Sportiva Lazio S.p.A.** in Football Club Internazionale Milano S.p.A. vs Società Sportiva Lazio S.p.A.: Numbers: 2 and 9.
[2816390] Failed to build match row: Football Club Internazionale Milano S.p.A. vs Società Sportiva Lazio S.p.A.
[3244637] Could not find attributes for dominik greif (Slovan Bratislava, 2019)
[3244637] Failed to build match row: Panthessalonikios Athlitikos Omilos Konstantinoupoliton vs Slovan Bratislava
[2358332] Could not find attributes for filippo perucchini (Unione Sportiva Lecce, 2013)
[2358332] Failed to build match row: Ternana Calcio vs Unione Sportiva Lecce
[2658006] Could not find attributes for sokratis dioudis (Panionios Athens, 2015)
[2658006] Failed to build match row: Panionios Athens vs APO Levadiakos Football Club
[3328536] Could not find attributes for zeca (Football Club København, 2019)
[3328536] Failed to build match row: İstanbul Başakşehir Futbol Kulübü vs Football Club København
[2447617] Could not find attributes for andre bikey (Panetolikos Agrinio, 2013)
[2447617] Failed to build match row: Panetolikos Agrinio vs AO Xanthi
[2631277] Could not find attributes for zeca (Panathinaikos Athlitikos Omilos, 2015)
[2631277] Failed to build match row: Panathinaikos Athlitikos Omilos vs A.G.S Asteras Tripolis
[3244638] Could not find attributes for volodymyr krynskyi (Olimpik Donetsk, 2019)
[3244638] Failed to build match row: Olimpik Donetsk vs FC Zorya Lugansk

Keepers & outfield error for **Southampton FC** in Southampton FC vs Arsenal Football Club: Numbers: 0 and 11.
[2816392] Failed to build match row: Southampton FC vs Arsenal Football Club
[2925743] Could not find attributes for dimitrios nikolaou (Olympiakos Syndesmos Filathlon Peiraios, 2017)
[2925743] Failed to build match row: Olympiakos Syndesmos Filathlon Peiraios vs A.G.S Asteras Tripolis
[3118732] Could not find attributes for scott davidson (Cumbernauld Colts FC, 2018)
[3118732] Failed to build match row: Cumbernauld Colts FC vs BSC Glasgow
[3244639] Could not find attributes for yevgen galchuk (FK Mariupol, 2019)
[3244639] Failed to build match row: FK Mariupol vs Desna Chernigiv
[2631278] Could not find attributes for panagiotis tsintotas (APO Levadiakos Football Club, 2015)
[2631278] Failed to build match row: APO Levadiakos Football Club vs Panthessalonikios Athlitikos Omilos Konstantinoupoliton
[2816393] Could not find attributes for ben woodburn (Liverpool Football Club, 2016)
[2816393] Failed to build match row: Liverpool Football Club vs Wolverhampton Wanderers Football Club
[3160730] Could not find attributes for rafa silva (Sport Lisboa e Benfica, 2018)
[3160730] Failed to build match row: Sport Lisboa e Benfica vs GNK Dinamo Zagreb
[2358333] Could not find attributes for federico gentile (Savona FBC, 2013)
[2358333] Failed to build match row: AS Cittadella vs Savona FBC

Keepers & outfield error for **Manchester United Football Club** in Linzer Athletik-Sport-Klub vs Manchester United Football Club: Numbers: 0 and 11.
[3328538] Failed to build match row: Linzer Athletik-Sport-Klub vs Manchester United Football Club
[3118888] Could not find attributes for neil mcpherson (Auchinleck Talbot FC, 2018)
[3118888] Failed to build match row: Auchinleck Talbot FC vs Cove Rangers FC
[3244640] Could not find attributes for oleksandr tkachenko (Vorskla Poltava, 2019)
[2925744] Failed to scrape lineup: https://www.transfermarkt.co.uk/spielbericht/index/spielbericht/2925744
[3244640] Failed to build match row: FC Shakhtar Donetsk vs Vorskla Poltava
[2704266] Could not find attributes for antonio colak (SV Darmstadt 98, 2016)
[2704266] Failed to build match row: SV Darmstadt 98 vs Sportverein Werder Bremen von 1899
[2631279] Could not find attributes for andrey gorbunov (APS Atromitos Athinon, 2015)
[2447794] Could not find attributes for steve simonsen (Rangers Football Club, 2013)
[2631279] Failed to build match row: APS Atromitos Athinon vs Panionios Athens
[2447794] Failed to build match row: Rangers Football Club vs Dundee United Football Club

Keepers & outfield error for **Manchester United Football Club** in Club Brugge Koninklijke Voetbalvereniging vs Manchester United Football Club: Numbers: 0 and 11.
[2613774] Failed to build match row: Club Brugge Koninklijke Voetbalvereniging vs Manchester United Football Club
[2925745] Could not find attributes for borivoje ristic (Panserraikos Serres, 2017)
[2925745] Failed to build match row: Panserraikos Serres vs GS Ergotelis

Keepers & outfield error for **Newcastle United Football Club** in Oxford United vs Newcastle United Football Club: Numbers: 2 and 9.
[2816394] Failed to build match row: Oxford United vs Newcastle United Football Club

Keepers & outfield error for **Sporting Clube de Portugal** in PFK CSKA Moskva vs Sporting Clube de Portugal: Numbers: 0 and 11.
[2613775] Failed to build match row: PFK CSKA Moskva vs Sporting Clube de Portugal
[2631280] Could not find attributes for achilleas poungouras (Veria NPS, 2015)
[2631280] Failed to build match row: Veria NPS vs A.G.S Asteras Tripolis
[3244641] Could not find attributes for valeriy yurchuk (SC Dnipro-1, 2019)
[3244641] Failed to build match row: Futbolniy Klub Dynamo Kyiv vs SC Dnipro-1

Keepers & outfield error for **Associazione Sportiva Roma** in Associazione Sportiva Roma vs Cesena FC: Numbers: 0 and 11.
[2816672] Failed to build match row: Associazione Sportiva Roma vs Cesena FC
[3118889] Could not find attributes for sean crighton (Airdrieonians FC, 2018)
[3118889] Failed to build match row: Airdrieonians FC vs Dumbarton FC
[2925746] Could not find attributes for zivko zivkovic (AO Xanthi, 2017)
[2925746] Failed to build match row: AO Xanthi vs Panetolikos Agrinio
[3328541] Failed to scrape lineup: https://www.transfermarkt.co.uk/spielbericht/index/spielbericht/3328541
[2358850] Could not find attributes for oleksandr nychyporuk (FK Karlivka, 2013)
[2358850] Failed to build match row: FK Karlivka vs Girnyk Kryvyi Rig
[2631281] Could not find attributes for georgios athanasiadis (Panthrakikos Komotini, 2015)
[2631281] Failed to build match row: Panthrakikos Komotini vs Panathinaikos Athlitikos Omilos
[2817243] Could not find attributes for john gibson (Clyde FC, 2016)
[2817243] Failed to build match row: Clyde FC vs Stirling Albion FC
[3244642] Could not find attributes for roman pidkivka (Karpaty Lviv (-2021), 2019)
[3244642] Failed to build match row: Karpaty Lviv (-2021) vs FK Kolos Kovalivka
[2704268] Could not find attributes for gojko kacar (Fußball-Club Augsburg 1907, 2016)
[2704268] Failed to build match row: RasenBallsport Leipzig vs Fußball-Club Augsburg 1907
[2613837] Could not find attributes for jugurtha hamroun (SC Fotbal Club FCSB SA, 2015)
[2613837] Failed to build match row: SC Fotbal Club FCSB SA vs Rosenborg Ballklub
[2925747] Could not find attributes for lefteris astras (Panionios Athens, 2017)
[2925747] Failed to build match row: Panionios Athens vs PAS Giannina
[2631282] Could not find attributes for dimitrios sotiriou (AO Platanias, 2015)
[2631282] Failed to build match row: Panthessalonikios Athlitikos Omilos Konstantinoupoliton vs AO Platanias

Keepers & outfield error for **Wolverhampton Wanderers Football Club** in Olympiakos Syndesmos Filathlon Peiraios vs Wolverhampton Wanderers Football Club: Numbers: 0 and 11.
[3328542] Failed to build match row: Olympiakos Syndesmos Filathlon Peiraios vs Wolverhampton Wanderers Football Club
[2658007] Could not find attributes for michalis bakakis (Athlitiki Enosi Konstantinoupoleos, 2015)
[2658007] Failed to build match row: Athlitiki Enosi Konstantinoupoleos vs Panathinaikos Athlitikos Omilos
[2631283] Could not find attributes for dimitrios kyriakidis (Panetolikos Agrinio, 2015)
[2631283] Failed to build match row: Panetolikos Agrinio vs Iraklis Thessaloniki
[3244643] Could not find attributes for yuriy pankiv (FC Oleksandriya, 2019)
[3244643] Failed to build match row: FC Oleksandriya vs PFK Lviv
[2817244] Could not find attributes for ryan mcgeever (Queen's Park FC, 2016)
[2817244] Failed to build match row: Queen's Park FC vs Ayr United FC
[2704270] Could not find attributes for douglas santos (Hamburger Sport Verein, 2016)
[2704270] Failed to build match row: Mönchengladbach vs Hamburger Sport Verein
[3328545] Could not find attributes for florian wirtz (Bayer 04 Leverkusen Fußball, 2019)
[3328545] Failed to build match row: Bayer 04 Leverkusen Fußball vs Rangers Football Club
[3118890] Could not find attributes for scott taggart (Alloa Athletic FC, 2018)
[3118890] Failed to build match row: Alloa Athletic FC vs Brechin City FC
[2704271] Could not find attributes for antonio colak (SV Darmstadt 98, 2016)
[2704271] Failed to build match row: 1. Fußball- und Sportverein Mainz 05 vs SV Darmstadt 98

Keepers & outfield error for **Wolverhampton Wanderers Football Club** in Wolverhampton Wanderers Football Club vs Olympiakos Syndesmos Filathlon Peiraios: Numbers: 0 and 11.
[3328546] Failed to build match row: Wolverhampton Wanderers Football Club vs Olympiakos Syndesmos Filathlon Peiraios
[3244644] Could not find attributes for yuriy pankiv (FC Oleksandriya, 2019)
[3244644] Failed to build match row: FC Oleksandriya vs Karpaty Lviv (-2021)
[2631284] Could not find attributes for alexios michail (PAS Giannina, 2015)
[2631284] Failed to build match row: PAS Giannina vs AO Xanthi
[2817263] Could not find attributes for rory currie (Heart of Midlothian Football Club, 2016)
[2817263] Failed to build match row: Heart of Midlothian Football Club vs Raith Rovers FC
[2658008] Could not find attributes for vasilios barkas (APS Atromitos Athinon, 2015)
[2658008] Failed to build match row: APS Atromitos Athinon vs Iraklis Thessaloniki
[2925748] Could not find attributes for apostolos stikas (Panegialios GS, 2017)
[2925748] Failed to build match row: Panegialios GS vs Aris Thessalonikis

Keepers & outfield error for **Paris Saint-Germain Football Club** in Paris Saint-Germain Football Club vs Chelsea Football Club: Numbers: 2 and 9.
[2449280] Failed to build match row: Paris Saint-Germain Football Club vs Chelsea Football Club
[3271748] Could not find attributes for angelos chimonettos (GAS Ialysos 1948, 2019)
[3271748] Failed to build match row: GAS Ialysos 1948 vs Panetolikos Agrinio
[3118891] Could not find attributes for ricky little (Arbroath FC, 2018)
[3118891] Failed to build match row: Arbroath FC vs Stranraer FC
[2658009] Could not find attributes for konstantinos peristeridis (PAS Giannina, 2015)
[2658009] Failed to build match row: PAS Giannina vs Panetolikos Agrinio
[3328547] Could not find attributes for zeca (Football Club København, 2019)
[3328547] Failed to build match row: Football Club København vs İstanbul Başakşehir Futbol Kulübü
[3244645] Could not find attributes for yevgen volynets (FK Kolos Kovalivka, 2019)
[3244645] Failed to build match row: FK Kolos Kovalivka vs Futbolniy Klub Dynamo Kyiv

Keepers & outfield error for **Manchester United Football Club** in Manchester United Football Club vs Linzer Athletik-Sport-Klub: Numbers: 0 and 11.
[3328549] Failed to build match row: Manchester United Football Club vs Linzer Athletik-Sport-Klub
[2631285] Could not find attributes for konstantinos dafkos (AEL Kalloni, 2015)
[2631285] Failed to build match row: AEL Kalloni vs Olympiakos Syndesmos Filathlon Peiraios
[2658010] Could not find attributes for dimitrios sotiriou (AO Platanias, 2015)
[2658010] Failed to build match row: AO Platanias vs Panionios Athens
[3118892] Could not find attributes for stephen grindlay (Beith Juniors FC, 2018)
[3118892] Failed to build match row: Beith Juniors FC vs Ayr United FC
[2704273] Could not find attributes for matthias lehmann (1. Fußball-Club Köln, 2016)
[2704273] Failed to build match row: 1. Fußball-Club Köln vs FC Ingolstadt 04
[2658011] Could not find attributes for zeca (Panathinaikos Athlitikos Omilos, 2015)
[2658011] Failed to build match row: Panathinaikos Athlitikos Omilos vs APS Atromitos Athinon
[2817327] Could not find attributes for nat wedderburn (Dunfermline Athletic FC, 2016)
[2817327] Failed to build match row: Dunfermline Athletic FC vs Hamilton Academical FC
[3244646] Could not find attributes for valeriy yurchuk (SC Dnipro-1, 2019)
[3244646] Failed to build match row: SC Dnipro-1 vs FC Shakhtar Donetsk
[3271749] Could not find attributes for asterios giakoumis (AO Trikala, 2019)
[3271749] Failed to build match row: AO Trikala vs GS Ergotelis
[2704274] Could not find attributes for gojko kacar (Fußball-Club Augsburg 1907, 2016)
[2704274] Failed to build match row: Fußball-Club Augsburg 1907 vs FC Schalke 04

Keepers & outfield error for **Associazione Calcio Fiorentina** in Genoa Cricket and Football Club vs Associazione Calcio Fiorentina: Numbers: 0 and 11.
[2359219] Failed to build match row: Genoa Cricket and Football Club vs Associazione Calcio Fiorentina
[3118893] Could not find attributes for gary phillips (Berwick Rangers FC, 2018)
[3118893] Failed to build match row: Berwick Rangers FC vs East Fife FC
[2925749] Could not find attributes for spyros vrontaras (Panachaiki GE, 2017)
[2925749] Failed to build match row: Panachaiki GE vs Anagennisi Karditsa
[2449283] Could not find attributes for milos jojic (Borussia Dortmund, 2013)
[2449283] Failed to build match row: Borussia Dortmund vs Real Madrid Club de Fútbol
[3244647] Could not find attributes for oleksandr tkachenko (Vorskla Poltava, 2019)
[3244647] Failed to build match row: Vorskla Poltava vs FK Mariupol
[2658012] Could not find attributes for georgios athanasiadis (Panthrakikos Komotini, 2015)
[2658012] Failed to build match row: Panthrakikos Komotini vs Panthessalonikios Athlitikos Omilos Konstantinoupoliton
[2704275] Could not find attributes for felix wiedwald (Sportverein Werder Bremen von 1899, 2016)
[2704275] Failed to build match row: Sportverein Werder Bremen von 1899 vs Bayer 04 Leverkusen Fußball

Keepers & outfield error for **Chelsea Football Club** in Chelsea Football Club vs Paris Saint-Germain Football Club: Numbers: 2 and 9.
[2449284] Failed to build match row: Chelsea Football Club vs Paris Saint-Germain Football Club
[3118894] Could not find attributes for jamie pyper (Cowdenbeath FC, 2018)
[3118894] Failed to build match row: Cowdenbeath FC vs Brora Rangers FC
[2925750] Could not find attributes for anthony mounier (Panathinaikos Athlitikos Omilos, 2017)
[2925750] Failed to build match row: Panathinaikos Athlitikos Omilos vs Athlitiki Enosi Larisas
[3328970] Could not find attributes for jeremie frimpong (The Celtic Football Club, 2019)
[3328970] Failed to build match row: The Celtic Football Club vs Aberdeen Football Club
[2817328] Could not find attributes for pat slattery (East Fife FC, 2016)
[2817328] Failed to build match row: East Fife FC vs Saint Mirren Football Club
[2658013] Could not find attributes for michalis zaropoulos (AO Xanthi, 2015)
[2658013] Failed to build match row: AO Xanthi vs AEL Kalloni
[3244648] Could not find attributes for yevgen past (Desna Chernigiv, 2019)
[3244648] Failed to build match row: Desna Chernigiv vs Olimpik Donetsk
[3273820] Could not find attributes for mateusz kulbacki (Fort William FC, 2019)
[3273820] Failed to build match row: Fort William FC vs Albion Rovers FC

Keepers & outfield error for **Sport Lisboa e Benfica** in Alkmaar Zaanstreek vs Sport Lisboa e Benfica: Numbers: 2 and 9.

Keepers & outfield error for **Valencia Club de Fútbol S. A. D.** in Valencia Club de Fútbol S. A. D. vs FK Krasnodar: Numbers: 0 and 11.
[2449286] Failed to build match row: Alkmaar Zaanstreek vs Sport Lisboa e Benfica
[3160733] Failed to build match row: Valencia Club de Fútbol S. A. D. vs FK Krasnodar
[2658014] Could not find attributes for georgios kantimiris (Veria NPS, 2015)
[2658014] Failed to build match row: Veria NPS vs APO Levadiakos Football Club
[3118895] Could not find attributes for craig howie (East Kilbride FC, 2018)
[3118895] Failed to build match row: East Kilbride FC vs Gala Fairydean Rovers FC
[2613838] Could not find attributes for valerica gaman (Astra Giurgiu (- 2024), 2015)
[2613838] Failed to build match row: Astra Giurgiu (- 2024) vs Alkmaar Zaanstreek
[3160734] Could not find attributes for matvey safonov (FK Krasnodar, 2018)
[3160734] Failed to build match row: FK Krasnodar vs Valencia Club de Fútbol S. A. D.
[2658015] Could not find attributes for dusan pernis (Iraklis Thessaloniki, 2015)
[2658015] Failed to build match row: Iraklis Thessaloniki vs Olympiakos Syndesmos Filathlon Peiraios
[3244649] Could not find attributes for anton bratkov (PFK Lviv, 2019)
[3244649] Failed to build match row: PFK Lviv vs FC Zorya Lugansk
[2925751] Could not find attributes for georgios strezos (Omilos Filathlon Irakliou FC, 2017)
[2925751] Failed to build match row: Omilos Filathlon Irakliou FC vs AO Platanias
[2817329] Could not find attributes for niall keown (Partick Thistle FC, 2016)
[2817329] Failed to build match row: St. Johnstone FC vs Partick Thistle FC
[2449287] Could not find attributes for corentin tolisso (Olympique Lyonnais, 2013)
[2449287] Failed to build match row: Olympique Lyonnais vs Juventus Football Club
[2925753] Could not find attributes for manolis kalogerakis (Apollon Pontou, 2017)
[2925753] Failed to build match row: Apollon Pontou vs Panthessalonikios Athlitikos Omilos Konstantinoupoliton
[2817330] Could not find attributes for philippe senderos (Rangers Football Club, 2016)
[2817330] Failed to build match row: Rangers Football Club vs Greenock Morton FC
[2986455] Could not find attributes for ross callachan (Heart of Midlothian Football Club, 2017)
[2986455] Failed to build match row: Ross County FC vs Heart of Midlothian Football Club
[3244650] Could not find attributes for vitaliy vernydub (FC Zorya Lugansk, 2019)
[3244650] Failed to build match row: FC Zorya Lugansk vs Desna Chernigiv
[3330508] Could not find attributes for yevgen volynets (FK Kolos Kovalivka, 2019)
[3330508] Failed to build match row: Futbolniy Klub Dynamo Kyiv vs FK Kolos Kovalivka
[3273821] Could not find attributes for ross crawford (Brechin City FC, 2019)
[3273821] Failed to build match row: Brechin City FC vs Annan Athletic FC

Keepers & outfield error for **Sport Lisboa e Benfica** in Sport Lisboa e Benfica vs Alkmaar Zaanstreek: Numbers: 2 and 9.
[2449290] Failed to build match row: Sport Lisboa e Benfica vs Alkmaar Zaanstreek

Keepers & outfield error for **Verona Hellas Football Club** in Associazione Sportiva Roma vs Verona Hellas Football Club: Numbers: 0 and 11.
[2359222] Failed to build match row: Associazione Sportiva Roma vs Verona Hellas Football Club
[2925754] Could not find attributes for anastasios daskalakis (APO Levadiakos Football Club, 2017)
[2925754] Failed to build match row: APO Levadiakos Football Club vs Eginiakos
[2613839] Could not find attributes for alexandru dandea (Astra Giurgiu (- 2024), 2015)
[2613839] Failed to build match row: Alkmaar Zaanstreek vs Astra Giurgiu (- 2024)
[3118896] Could not find attributes for calum antell (Edinburgh City FC, 2018)
[3118896] Failed to build match row: Edinburgh City FC vs Inverness Caledonian Thistle FC
[2817414] Could not find attributes for jeremy morel (Olympique Lyonnais, 2016)
[2817414] Failed to build match row: Football Club de Metz vs Olympique Lyonnais
[2449291] Could not find attributes for corentin tolisso (Olympique Lyonnais, 2013)
[2449291] Failed to build match row: Juventus Football Club vs Olympique Lyonnais
[3330509] Could not find attributes for yevgen galchuk (FK Mariupol, 2019)
[3330509] Failed to build match row: FK Mariupol vs Vorskla Poltava
[3244651] Could not find attributes for volodymyr krynskyi (Olimpik Donetsk, 2019)
[3244651] Failed to build match row: Olimpik Donetsk vs Vorskla Poltava
[2704281] Could not find attributes for matthias lehmann (1. Fußball-Club Köln, 2016)
[2704281] Failed to build match row: Hertha BSC vs 1. Fußball-Club Köln
[3273822] Could not find attributes for Gordon Donaldson (Broxburn Athletic FC, 2019)
[3273822] Failed to build match row: Broxburn Athletic FC vs Cowdenbeath FC
[2817838] Could not find attributes for anastasios avlonitis (Heart of Midlothian Football Club, 2016)
[2817838] Failed to build match row: Heart of Midlothian Football Club vs Hibernian Football Club

Keepers & outfield error for **Associazione Calcio Fiorentina** in Associazione Calcio Fiorentina vs Cagliari Calcio: Numbers: 0 and 11.
[2359225] Failed to build match row: Associazione Calcio Fiorentina vs Cagliari Calcio
[3118897] Could not find attributes for ross meechan (Forfar Athletic FC, 2018)
[3118897] Failed to build match row: Forfar Athletic FC vs BSC Glasgow
[3330510] Could not find attributes for volodymyr krynskyi (Olimpik Donetsk, 2019)
[3330510] Failed to build match row: Olimpik Donetsk vs Desna Chernigiv
[3244652] Could not find attributes for yevgen galchuk (FK Mariupol, 2019)
[3244652] Failed to build match row: FK Mariupol vs SC Dnipro-1
[2631286] Could not find attributes for giannis anestis (Athlitiki Enosi Konstantinoupoleos, 2015)
[2631286] Failed to build match row: Athlitiki Enosi Konstantinoupoleos vs APO Levadiakos Football Club
[2704282] Could not find attributes for douglas santos (Hamburger Sport Verein, 2016)
[2704282] Failed to build match row: Hamburger Sport Verein vs Eintracht Frankfurt Fußball AG
[2613840] Could not find attributes for pal andre helland (Rosenborg Ballklub, 2015)
[2613840] Failed to build match row: Rosenborg Ballklub vs SC Fotbal Club FCSB SA

Keepers & outfield error for **Moreirense Futebol Clube** in Sporting Clube de Braga vs Moreirense Futebol Clube: Numbers: 2 and 9.
[2818083] Failed to build match row: Sporting Clube de Braga vs Moreirense Futebol Clube
[3273823] Could not find attributes for levi kinchant (Gala Fairydean Rovers FC, 2019)
[3273823] Failed to build match row: Gala Fairydean Rovers FC vs Formartine United FC
[2925755] Could not find attributes for giannis firinidis (Apollon Larisas, 2017)
[2925755] Failed to build match row: Apollon Larisas vs Athlitiki Enosi Konstantinoupoleos
[2818092] Could not find attributes for jerge hoefdraad (SC Cambuur Leeuwarden, 2016)
[2818092] Failed to build match row: Alkmaar Zaanstreek vs SC Cambuur Leeuwarden

Keepers & outfield error for **Verona Hellas Football Club** in Verona Hellas Football Club vs Unione Sportiva Sassuolo Calcio: Numbers: 0 and 11.
[2359226] Failed to build match row: Verona Hellas Football Club vs Unione Sportiva Sassuolo Calcio
[3244653] Could not find attributes for anton yashkov (FK Kolos Kovalivka, 2019)
[3244653] Failed to build match row: FC Shakhtar Donetsk vs FK Kolos Kovalivka
[3330511] Could not find attributes for vitaliy vernydub (FC Zorya Lugansk, 2019)
[3330511] Failed to build match row: FC Zorya Lugansk vs PFK Lviv
[2925756] Could not find attributes for nikolaos melissas (PAS Lamia 1964, 2017)
[2925756] Failed to build match row: PAS Lamia 1964 vs Athens Kallithea
[3118898] Could not find attributes for derek gaston (Greenock Morton FC, 2018)
[3118898] Failed to build match row: Greenock Morton FC vs Peterhead FC
[2704284] Could not find attributes for marcel schafer (Verein für Leibesübungen Wolfsburg, 2016)
[2704284] Failed to build match row: SV Darmstadt 98 vs Verein für Leibesübungen Wolfsburg

Keepers & outfield error for **Futebol Clube do Porto** in Futebol Clube do Porto vs Sevilla Fútbol Club S.A.D.: Numbers: 0 and 11.
[2449295] Failed to build match row: Futebol Clube do Porto vs Sevilla Fútbol Club S.A.D.
[3330512] Could not find attributes for valeriy yurchuk (SC Dnipro-1, 2019)
[3330512] Failed to build match row: FC Shakhtar Donetsk vs SC Dnipro-1
[2925757] Could not find attributes for manolis apostolidis (AO Trikala, 2017)
[2925757] Failed to build match row: AO Trikala vs APS Atromitos Athinon
[2704285] Could not find attributes for gojko kacar (Fußball-Club Augsburg 1907, 2016)
[2704285] Failed to build match row: Sport-Club Freiburg vs Fußball-Club Augsburg 1907

Keepers & outfield error for **Futebol Clube do Porto** in Sevilla Fútbol Club S.A.D. vs Futebol Clube do Porto: Numbers: 0 and 11.
[2449296] Failed to build match row: Sevilla Fútbol Club S.A.D. vs Futebol Clube do Porto

Keepers & outfield error for **Celta** in Celta vs Alaves: Numbers: 0 and 11.
[2818306] Failed to build match row: Celta vs Alaves
[3273824] Could not find attributes for ryan marshall (BSC Glasgow, 2019)
[3273824] Failed to build match row: BSC Glasgow vs Lochee United FC
[3118899] Could not find attributes for michael bolochoweckyj (Montrose FC, 2018)
[3118899] Failed to build match row: Montrose FC vs Annan Athletic FC
[2449798] Could not find attributes for andre bikey (Panetolikos Agrinio, 2013)
[2449798] Failed to build match row: Panetolikos Agrinio vs A.G.S Asteras Tripolis
[2925758] Could not find attributes for fotis koutzavasilis (AOK Kerkyra, 2017)
[2925758] Failed to build match row: AOK Kerkyra vs AE Sparti

Keepers & outfield error for **Futbol Club Barcelona** in Club Atlético de Madrid S.A.D. vs Futbol Club Barcelona: Numbers: 2 and 9.
[2818307] Failed to build match row: Club Atlético de Madrid S.A.D. vs Futbol Club Barcelona
[2449799] Could not find attributes for georgios athanasiadis (Panthrakikos Komotini, 2013)
[2449799] Failed to build match row: Panthrakikos Komotini vs Aris Thessalonikis
[2658016] Could not find attributes for georgios bantis (A.G.S Asteras Tripolis, 2015)
[2658016] Failed to build match row: A.G.S Asteras Tripolis vs Athlitiki Enosi Konstantinoupoleos

Keepers & outfield error for **Alaves** in Alaves vs Celta: Numbers: 2 and 9.
[2818308] Failed to build match row: Alaves vs Celta
[3330513] Could not find attributes for anton kanibolotskyi (Karpaty Lviv (-2021), 2019)
[3330513] Failed to build match row: Karpaty Lviv (-2021) vs FC Oleksandriya
[3118900] Could not find attributes for jordan marshall (Queen of the South FC, 2018)
[3118900] Failed to build match row: Queen of the South FC vs Formartine United FC
[2925759] Could not find attributes for theodoros lampiris (AO Acharnaikos, 2017)
[2925759] Failed to build match row: AO Acharnaikos vs Olympiakos Syndesmos Filathlon Peiraios
[2631287] Could not find attributes for klaus lykke (FC Helsingör, 2015)
[2631287] Failed to build match row: FC Helsingör vs Randers Fodbold Club
[3330723] Could not find attributes for dmytro riznyk (Vorskla Poltava, 2019)
[3330723] Failed to build match row: Vorskla Poltava vs Olimpik Donetsk
[2658017] Could not find attributes for sokratis dioudis (Panionios Athens, 2015)
[2658017] Failed to build match row: Panionios Athens vs AO Xanthi
[3274191] Could not find attributes for fivos tsipas (Eolikos Mytilinis, 2019)
[3274191] Failed to build match row: Eolikos Mytilinis vs PAS Lamia 1964
[2449800] Could not find attributes for danijel pranjic (Panathinaikos Athlitikos Omilos, 2013)
[2449800] Failed to build match row: Panathinaikos Athlitikos Omilos vs Apollon Smyrnis
[2925760] Could not find attributes for georgios athanasiadis (A.G.S Asteras Tripolis, 2017)
[2925760] Failed to build match row: A.G.S Asteras Tripolis vs PAE Chania
[3330724] Could not find attributes for yevgen past (Desna Chernigiv, 2019)
[3330724] Failed to build match row: Desna Chernigiv vs FC Zorya Lugansk

Keepers & outfield error for **Futbol Club Barcelona** in Futbol Club Barcelona vs Club Atlético de Madrid S.A.D.: Numbers: 2 and 9.
[2818309] Failed to build match row: Futbol Club Barcelona vs Club Atlético de Madrid S.A.D.
[2449801] Could not find attributes for bibars natcho (Panthessalonikios Athlitikos Omilos Konstantinoupoliton, 2013)
[2449801] Failed to build match row: Panthessalonikios Athlitikos Omilos Konstantinoupoliton vs PAS Giannina
[2925761] Could not find attributes for dimitrios katsimitros (GS Ergotelis, 2017)
[2925761] Failed to build match row: GS Ergotelis vs AO Xanthi
[2631288] Could not find attributes for zia wahidi (Rishöj Boldklub, 2015)
[2631288] Failed to build match row: Rishöj Boldklub vs Aarhus Gymnastik Forening
[3118901] Could not find attributes for dom mclaren (Queen's Park FC, 2018)
[3118901] Failed to build match row: Queen's Park FC vs Raith Rovers FC
[3118902] Could not find attributes for graeme smith (Stenhousemuir FC, 2018)
[3118902] Failed to build match row: Stenhousemuir FC vs Falkirk Football & Athletic Club
[2925762] Could not find attributes for dimitrios chantakias (Panetolikos Agrinio, 2017)
[2925762] Failed to build match row: Panetolikos Agrinio vs Panserraikos Serres
[3330725] Could not find attributes for yuriy pankiv (FC Oleksandriya, 2019)
[3330725] Failed to build match row: FC Oleksandriya vs Futbolniy Klub Dynamo Kyiv
[2449802] Could not find attributes for dimitrios kyriakidis (AO Xanthi, 2013)
[2449802] Failed to build match row: AO Xanthi vs Panionios Athens
[3330726] Could not find attributes for vladyslav pryimak (PFK Lviv, 2019)
[3330726] Failed to build match row: PFK Lviv vs Karpaty Lviv (-2021)
[2449803] Could not find attributes for kyriakos stratilatis (APO Levadiakos Football Club, 2013)
[2449803] Failed to build match row: APO Levadiakos Football Club vs Veria NPS
[2818504] Could not find attributes for gennadios xenodochof (Athlitiki Enosi Larisas, 2016)
[2818504] Failed to build match row: Athlitiki Enosi Larisas vs AOK Kerkyra
[3330727] Could not find attributes for yevgen volynets (FK Kolos Kovalivka, 2019)
[3330727] Failed to build match row: FK Kolos Kovalivka vs FC Shakhtar Donetsk
[3330728] Could not find attributes for andriy klishchuk (SC Dnipro-1, 2019)
[3330728] Failed to build match row: SC Dnipro-1 vs FK Mariupol
[2631289] Could not find attributes for jesper nielsen (Skive IK, 2015)
[2631289] Failed to build match row: Skive IK vs Viborg Fodsports Forening
[2449804] Could not find attributes for luigi cennamo (APS Atromitos Athinon, 2013)
[2449804] Failed to build match row: APS Atromitos Athinon vs AO Platanias
[3118903] Could not find attributes for johnny allan (University of Stirling FC, 2018)
[3118903] Failed to build match row: University of Stirling FC vs Elgin City FC
[2925763] Could not find attributes for georgios kantimiris (Aris Thessalonikis, 2017)
[2925763] Failed to build match row: Aris Thessalonikis vs Panionios Athens
[2449805] Could not find attributes for anestis anastasiadis (AEL Kalloni, 2013)
[2449805] Failed to build match row: AEL Kalloni vs Omilos Filathlon Irakliou FC
[2818505] Could not find attributes for dimitrios kyriakidis (Panetolikos Agrinio, 2016)
[2818505] Failed to build match row: Panetolikos Agrinio vs APS Atromitos Athinon
[2818506] Could not find attributes for alexandros paschalakis (PAS Giannina, 2016)
[2818506] Failed to build match row: PAS Giannina vs Panathinaikos Athlitikos Omilos
[2925764] Could not find attributes for makis giannikoglou (PAS Giannina, 2017)
[2925764] Failed to build match row: PAS Giannina vs Panegialios GS
[2631292] Could not find attributes for viktor noring (Lyngby Boldklub, 2015)
[2631292] Failed to build match row: Lyngby Boldklub vs Aalborg BK
[3331415] Could not find attributes for mikhail kerzhakov (AO FK Zenit Sankt-Peterburg, 2019)
[3331415] Failed to build match row: AO FK Zenit Sankt-Peterburg vs FK Spartak Moskva
[2925765] Could not find attributes for nestoras gekas (Anagennisi Karditsa, 2017)
[2925765] Failed to build match row: Anagennisi Karditsa vs Panathinaikos Athlitikos Omilos
[2449806] Could not find attributes for vladimir stojkovic (GS Ergotelis, 2013)
[2449806] Failed to build match row: GS Ergotelis vs Olympiakos Syndesmos Filathlon Peiraios
[2818507] Could not find attributes for vasilios barkas (Athlitiki Enosi Konstantinoupoleos, 2016)
[2818507] Failed to build match row: Athlitiki Enosi Konstantinoupoleos vs Veria NPS
[2631293] Could not find attributes for jeppe hojbjerg (Fodbold Club Fredericia, 2015)
[2631293] Failed to build match row: Fodbold Club Fredericia vs Football Club København
[2818508] Could not find attributes for yevgen selin (A.G.S Asteras Tripolis, 2016)
[2818508] Failed to build match row: Panthessalonikios Athlitikos Omilos Konstantinoupoliton vs A.G.S Asteras Tripolis
[2925766] Could not find attributes for konstantinos theodoropoulos (Athlitiki Enosi Larisas, 2017)
[2925766] Failed to build match row: Athlitiki Enosi Larisas vs Panachaiki GE
[2449815] Could not find attributes for georgios kantimiris (Veria NPS, 2013)
[2449815] Failed to build match row: Veria NPS vs AO Xanthi
[3332669] Could not find attributes for christopher schorch (1.FC Saarbrücken, 2019)
[3332669] Failed to build match row: 1.FC Saarbrücken vs Bayer 04 Leverkusen Fußball
[2818509] Could not find attributes for andreas gianniotis (Panionios Athens, 2016)
[2818509] Failed to build match row: Panionios Athens vs AO Xanthi
[2631294] Could not find attributes for frederik due (HB Köge, 2015)
[2631294] Failed to build match row: HB Köge vs Brøndby Idrætsforening
[3334629] Could not find attributes for aleksandr belenov (FK Ufa, 2019)
[3334629] Failed to build match row: FK Spartak Moskva vs FK Ufa
[2925767] Could not find attributes for georgios strezos (Omilos Filathlon Irakliou FC, 2017)
[2925767] Failed to build match row: Omilos Filathlon Irakliou FC vs Apollon Smyrnis
[2449816] Could not find attributes for antonis georgallidis (AO Platanias, 2013)
[2449816] Failed to build match row: AO Platanias vs APO Levadiakos Football Club
[2818510] Could not find attributes for alaixys romao (Olympiakos Syndesmos Filathlon Peiraios, 2016)
[2818510] Failed to build match row: Olympiakos Syndesmos Filathlon Peiraios vs Iraklis Thessaloniki
[3334630] Could not find attributes for yuriy dyupin (FC Rubin Kazan, 2019)
[3334630] Failed to build match row: FC Rubin Kazan vs Футбольный клуб "Локомотив" Москва
[3274377] Could not find attributes for omid ebrahimi (KAS Eupen, 2019)
[3274377] Failed to build match row: KAS Eupen vs Koninklijke Racing Club Genk
[2818511] Could not find attributes for stanislav namasco (APO Levadiakos Football Club, 2016)
[2818511] Failed to build match row: APO Levadiakos Football Club vs AO Platanias
[2632626] Could not find attributes for oleg novikov (FK Chelyabinsk, 2015)
[2632626] Failed to build match row: FK Chelyabinsk vs Nosta Novotroitsk
[2449817] Could not find attributes for giannis anestis (Panionios Athens, 2013)
[2449817] Failed to build match row: Panionios Athens vs Panetolikos Agrinio
[3334631] Could not find attributes for sergey pesjakov (FK Rostov, 2019)
[3334631] Failed to build match row: FK Rostov vs Arsenal Tula
[2632627] Failed to scrape lineup: https://www.transfermarkt.co.uk/spielbericht/index/spielbericht/2632627
[3334632] Could not find attributes for yaroslav godzyur (Ural Yekaterinburg, 2019)
[3334632] Failed to build match row: Ural Yekaterinburg vs PFK Tambov (-2021)
[2449818] Could not find attributes for sokratis dioudis (Aris Thessalonikis, 2013)
[2449818] Failed to build match row: Aris Thessalonikis vs GS Ergotelis
[2632628] Could not find attributes for nikita medvedev (Zenit Izhevsk, 2015)
[2632628] Failed to build match row: Zenit Izhevsk vs Dinamo Kirov

Keepers & outfield error for **St Truiden** in St Truiden vs KV Oostende: Numbers: 2 and 9.
[3274379] Failed to build match row: St Truiden vs KV Oostende
[3334633] Could not find attributes for yaroslav rakitskyi (AO FK Zenit Sankt-Peterburg, 2019)
[3334633] Failed to build match row: AO FK Zenit Sankt-Peterburg vs PFK Krylya Sovetov Samara
[3334634] Could not find attributes for evgeniy gorodov (RFK Akhmat Grozny, 2019)
[3334634] Failed to build match row: RFK Akhmat Grozny vs FK Sochi
[2925769] Could not find attributes for manolis kalogerakis (Apollon Pontou, 2017)
[2925769] Failed to build match row: Apollon Pontou vs APO Levadiakos Football Club
[2449819] Could not find attributes for theodoros tripotseris (Omilos Filathlon Irakliou FC, 2013)
[2449819] Failed to build match row: Omilos Filathlon Irakliou FC vs APS Atromitos Athinon
[2925770] Could not find attributes for athanasios tolios (Eginiakos, 2017)
[2925770] Failed to build match row: Eginiakos vs Panthessalonikios Athlitikos Omilos Konstantinoupoliton
[2818512] Could not find attributes for mohamadou sissoko (Veria NPS, 2016)
[2818512] Failed to build match row: Veria NPS vs Panionios Athens
[2632629] Could not find attributes for nikita galkin (Biolog-Novokubansk Progress, 2015)
[2632629] Failed to build match row: Biolog-Novokubansk Progress vs SKVO Rostov-na-Donu
[3334636] Could not find attributes for roman neustadter (FK Dinamo Moskva, 2019)
[3334636] Failed to build match row: FK Dinamo Moskva vs PFK CSKA Moskva
[2449820] Could not find attributes for georgios bantis (A.G.S Asteras Tripolis, 2013)
[2449820] Failed to build match row: A.G.S Asteras Tripolis vs Olympiakos Syndesmos Filathlon Peiraios
[2818513] Could not find attributes for yevgen selin (A.G.S Asteras Tripolis, 2016)
[2818513] Failed to build match row: A.G.S Asteras Tripolis vs APS Atromitos Athinon
[3274380] Could not find attributes for calvin dekuyper (Cercle Brugge Koninklijke Sportvereniging, 2019)
[3274380] Failed to build match row: Royal Sporting Club Anderlecht vs Cercle Brugge Koninklijke Sportvereniging
[2925771] Could not find attributes for panagiotis paiteris (Apollon Larisas, 2017)
[2925771] Failed to build match row: Apollon Larisas vs PAS Lamia 1964
[3334895] Could not find attributes for aleksandr belenov (FK Ufa, 2019)
[3334895] Failed to build match row: FK Ufa vs FC Rubin Kazan
[2818514] Could not find attributes for alaixys romao (Olympiakos Syndesmos Filathlon Peiraios, 2016)
[2632630] Could not find attributes for dmitriy romanenko (Volga Tver, 2015)
[2818514] Failed to build match row: Olympiakos Syndesmos Filathlon Peiraios vs Athlitiki Enosi Larisas
[2632630] Failed to build match row: Volga Tver vs Spartak Kostroma
[3334897] Could not find attributes for soslan dzhanaev (FK Sochi, 2019)
[3334897] Failed to build match row: FK Sochi vs FK Dinamo Moskva
[3334898] Could not find attributes for sergey pesjakov (FK Rostov, 2019)
[3334898] Failed to build match row: FK Rostov vs FK Krasnodar
[2449821] Could not find attributes for danijel pranjic (Panathinaikos Athlitikos Omilos, 2013)
[2449821] Failed to build match row: Panathinaikos Athlitikos Omilos vs AEL Kalloni
[2925772] Could not find attributes for mattheos koronakis (Athens Kallithea, 2017)
[2925772] Failed to build match row: Athens Kallithea vs Athlitiki Enosi Konstantinoupoleos
[2632631] Could not find attributes for artem romanov (Torpedo Vladimir, 2015)
[2632631] Failed to build match row: Torpedo Vladimir vs FK Domodedovo (-2017)
[3334899] Could not find attributes for evgeniy frolov (PFK Krylya Sovetov Samara, 2019)
[3334899] Failed to build match row: Футбольный клуб "Локомотив" Москва vs PFK Krylya Sovetov Samara
[2818515] Could not find attributes for zivko zivkovic (AO Xanthi, 2016)
[2818515] Failed to build match row: AO Xanthi vs Panthessalonikios Athlitikos Omilos Konstantinoupoliton
[3334900] Could not find attributes for giorgiy shelia (PFK Tambov (-2021), 2019)
[3334900] Failed to build match row: PFK Tambov (-2021) vs AO FK Zenit Sankt-Peterburg
[2818516] Could not find attributes for branislav nikic (AOK Kerkyra, 2016)
[2818516] Failed to build match row: AOK Kerkyra vs APO Levadiakos Football Club
[2449822] Could not find attributes for markos vellidis (PAS Giannina, 2013)
[2449822] Failed to build match row: PAS Giannina vs Panthrakikos Komotini
[2925773] Could not find attributes for christos athanasopoulos (AO Trikala, 2017)
[2925773] Failed to build match row: AO Trikala vs AOK Kerkyra
[2818517] Could not find attributes for dimitrios sotiriou (AO Platanias, 2016)
[2818517] Failed to build match row: AO Platanias vs PAS Giannina
[2632632] Could not find attributes for nikolay pogrebnyak (Torpedo Moscow, 2015)
[2632632] Failed to build match row: Torpedo Moscow vs Dinamo Bryansk
Not enough players found for lineup: 0, 0.
[2925774] Failed to scrape lineup: https://www.transfermarkt.co.uk/spielbericht/index/spielbericht/2925774
[3334901] Could not find attributes for aleksandr denisov (Arsenal Tula, 2019)
[3334901] Failed to build match row: Arsenal Tula vs RFK Akhmat Grozny
[2449823] Could not find attributes for athanasios panteliadis (Apollon Smyrnis, 2013)
[2449823] Failed to build match row: Apollon Smyrnis vs Panthessalonikios Athlitikos Omilos Konstantinoupoliton
[2818518] Could not find attributes for zeca (Panathinaikos Athlitikos Omilos, 2016)
[2818518] Failed to build match row: Panathinaikos Athlitikos Omilos vs Panetolikos Agrinio
[3334902] Failed to scrape lineup: https://www.transfermarkt.co.uk/cska-moscow_spartak-moscow/index/spielbericht/3334902
[2925776] Could not find attributes for giannis papadopoulos (PAE Chania, 2017)
[2925776] Failed to build match row: PAE Chania vs Olympiakos Syndesmos Filathlon Peiraios
[3334967] Failed to scrape lineup: https://www.transfermarkt.co.uk/spielbericht/index/spielbericht/3334967
[3334968] Could not find attributes for yevgen galchuk (FK Mariupol, 2019)
[3334968] Failed to build match row: FK Mariupol vs Vorskla Poltava
[2818519] Could not find attributes for huanderson (Iraklis Thessaloniki, 2016)
[2818519] Failed to build match row: Iraklis Thessaloniki vs Athlitiki Enosi Konstantinoupoleos
[3335116] Could not find attributes for georgios delizisis (Aris Thessalonikis, 2019)
[3335116] Failed to build match row: Aris Thessalonikis vs Athlitiki Enosi Konstantinoupoleos
[2450331] Could not find attributes for aleksandr dovbnya (Luch Vladivostok, 2013)
[2450331] Failed to build match row: Tom Tomsk vs Luch Vladivostok
[2925777] Could not find attributes for georgios chaniotakis (GS Ergotelis, 2017)
[2925777] Failed to build match row: GS Ergotelis vs Panetolikos Agrinio
[2818520] Could not find attributes for andrey gorbunov (APS Atromitos Athinon, 2016)
[2818520] Failed to build match row: APS Atromitos Athinon vs AO Xanthi
[2450332] Could not find attributes for joaozinho (FK Krasnodar, 2013)
[2450332] Failed to build match row: FK Krasnodar vs FC Tosno (-2018)
[3335156] Could not find attributes for daniil kulikov (Футбольный клуб "Локомотив" Москва, 2019)
[3335156] Failed to build match row: Футбольный клуб "Локомотив" Москва vs FK Sochi
[2818521] Could not find attributes for alexandros paschalakis (PAS Giannina, 2016)
[2818521] Failed to build match row: PAS Giannina vs AOK Kerkyra
[2450333] Could not find attributes for dmitriy guzj (Rotor Volgograd, 2013)
[2450333] Failed to build match row: FK Rostov vs Rotor Volgograd
[2450334] Could not find attributes for mario fernandes (PFK CSKA Moskva, 2013)
[2450334] Failed to build match row: PFK CSKA Moskva vs RFK Akhmat Grozny
[3335157] Could not find attributes for aleksandr belenov (FK Ufa, 2019)
[3335157] Failed to build match row: FK Ufa vs Ural Yekaterinburg
[2450852] Could not find attributes for giannis anestis (Panionios Athens, 2013)
[2450852] Failed to build match row: Panionios Athens vs A.G.S Asteras Tripolis
[2818522] Could not find attributes for yevgen selin (A.G.S Asteras Tripolis, 2016)
[2818522] Failed to build match row: A.G.S Asteras Tripolis vs Panathinaikos Athlitikos Omilos
[2450853] Failed to scrape lineup: https://www.transfermarkt.co.uk/atromitos-athens_panathinaikos-athens/index/spielbericht/2450853
[2818523] Could not find attributes for andreas gianniotis (Panionios Athens, 2016)
[2818523] Failed to build match row: Panionios Athens vs Iraklis Thessaloniki
[3335158] Could not find attributes for yuriy dyupin (FC Rubin Kazan, 2019)
[3335158] Failed to build match row: FC Rubin Kazan vs FC Orenburg
[2450854] Could not find attributes for andre bikey (Panetolikos Agrinio, 2013)
[2450854] Failed to build match row: Panetolikos Agrinio vs Veria NPS
[2450855] Could not find attributes for lefteris mappas (AEL Kalloni, 2013)
[2450855] Failed to build match row: Panthessalonikios Athlitikos Omilos Konstantinoupoliton vs AEL Kalloni
[2450856] Could not find attributes for grigoris athanasiou (GS Ergotelis, 2013)
[2450856] Failed to build match row: GS Ergotelis vs PAS Giannina
[3274385] Failed to scrape lineup: https://www.transfermarkt.co.uk/kv-oostende-2024-_royal-excel-mouscron-2022-/index/spielbericht/3274385
[2450857] Could not find attributes for pape mbow (Panthrakikos Komotini, 2013)
[2450857] Failed to build match row: Panthrakikos Komotini vs Apollon Smyrnis
[3274386] Could not find attributes for calvin dekuyper (Cercle Brugge Koninklijke Sportvereniging, 2019)
[3274386] Failed to build match row: Cercle Brugge Koninklijke Sportvereniging vs St Truiden
[2818524] Could not find attributes for ergys kace (Panthessalonikios Athlitikos Omilos Konstantinoupoliton, 2016)
[2818524] Failed to build match row: Panthessalonikios Athlitikos Omilos Konstantinoupoliton vs Veria NPS
[3335159] Could not find attributes for evgeniy gorodov (RFK Akhmat Grozny, 2019)
[3335159] Failed to build match row: RFK Akhmat Grozny vs PFK CSKA Moskva
[2450858] Could not find attributes for kyriakos stratilatis (APO Levadiakos Football Club, 2013)
[2450858] Failed to build match row: APO Levadiakos Football Club vs Omilos Filathlon Irakliou FC
[3274387] Could not find attributes for omid ebrahimi (KAS Eupen, 2019)
[3274387] Failed to build match row: Royal Charleroi Sporting Club vs KAS Eupen
[2818525] Could not find attributes for dimitrios kyriakidis (Panetolikos Agrinio, 2016)
[2818525] Failed to build match row: Panetolikos Agrinio vs AO Platanias
[3274388] Could not find attributes for dimitri lavalee (Royal Standard Club de Liège, 2019)
[3274388] Failed to build match row: Royal Standard Club de Liège vs Yellow-Red Koninklijke Voetbalclub Mechelen
[3335160] Could not find attributes for ivan ordets (FK Dinamo Moskva, 2019)
[3335160] Failed to build match row: FK Dinamo Moskva vs Arsenal Tula
[2818526] Could not find attributes for vasilios barkas (Athlitiki Enosi Konstantinoupoleos, 2016)
[2818526] Failed to build match row: Athlitiki Enosi Konstantinoupoleos vs Olympiakos Syndesmos Filathlon Peiraios
[2450859] Could not find attributes for anastasios papazoglou (Olympiakos Syndesmos Filathlon Peiraios, 2013)
[2450859] Failed to build match row: Olympiakos Syndesmos Filathlon Peiraios vs Aris Thessalonikis
[3335161] Could not find attributes for evgeniy frolov (PFK Krylya Sovetov Samara, 2019)
[3335161] Failed to build match row: PFK Krylya Sovetov Samara vs FK Rostov
[2632633] Failed to scrape lineup: https://www.transfermarkt.co.uk/spielbericht/index/spielbericht/2632633
[2818527] Could not find attributes for gennadios xenodochof (Athlitiki Enosi Larisas, 2016)
[2818527] Failed to build match row: Athlitiki Enosi Larisas vs APO Levadiakos Football Club
[3335162] Could not find attributes for matvey safonov (FK Krasnodar, 2019)
[3335162] Failed to build match row: FK Krasnodar vs AO FK Zenit Sankt-Peterburg
[2818528] Could not find attributes for antonis kokkalas (AO Platanias, 2016)
[2818528] Failed to build match row: AO Platanias vs A.G.S Asteras Tripolis
[2450860] Could not find attributes for dimitrios kyriakidis (AO Xanthi, 2013)
[2450860] Failed to build match row: AO Xanthi vs AO Platanias
[3274392] Failed to scrape lineup: https://www.transfermarkt.co.uk/royal-excel-mouscron-2022-_krc-genk/index/spielbericht/3274392
[2632634] Could not find attributes for aleksandr samokhvalov (Neftekhimik Nizhnekamsk, 2015)
[2632634] Failed to build match row: Neftekhimik Nizhnekamsk vs Volga Uljanovsk
[2451529] Could not find attributes for bertrand traore (Vitesse Arnhem, 2013)
[2451529] Failed to build match row: Vitesse Arnhem vs AFC Ajax Amsterdam
[2632635] Failed to scrape lineup: https://www.transfermarkt.co.uk/spielbericht/index/spielbericht/2632635
[3274393] Could not find attributes for Omid Ebrahimi (KAS Eupen, 2019)
[3274393] Failed to build match row: KAS Eupen vs Royal Standard Club de Liège
[2818529] Could not find attributes for fotis koutzavasilis (AOK Kerkyra, 2016)
[2818529] Failed to build match row: AOK Kerkyra vs Panetolikos Agrinio
[2451530] Could not find attributes for iliass bel hassani (Heracles Almelo, 2013)
[2451530] Failed to build match row: Heracles Almelo vs Go Ahead Eagles
[2818530] Could not find attributes for zivko zivkovic (AO Xanthi, 2016)
[2818530] Failed to build match row: AO Xanthi vs Panathinaikos Athlitikos Omilos
[2632636] Could not find attributes for sergey barsukov (Syzran-2003, 2015)
[2632636] Failed to build match row: Syzran-2003 vs Lada Togliatti
[2451566] Could not find attributes for oleksandr shovkovskyi (Futbolniy Klub Dynamo Kyiv, 2013)
[2451566] Failed to build match row: Futbolniy Klub Dynamo Kyiv vs Chornomorets Odesa
[3274395] Could not find attributes for calvin dekuyper (Cercle Brugge Koninklijke Sportvereniging, 2019)
[3274395] Failed to build match row: SK Beveren vs Cercle Brugge Koninklijke Sportvereniging
[2818531] Could not find attributes for giannis anestis (Athlitiki Enosi Konstantinoupoleos, 2016)
[2818531] Failed to build match row: Athlitiki Enosi Konstantinoupoleos vs Athlitiki Enosi Larisas
[2451567] Could not find attributes for vitaliy myrnyi (Cherkaskyi Dnipro, 2013)
[2451567] Failed to build match row: Cherkaskyi Dnipro vs FC Shakhtar Donetsk
[2818532] Could not find attributes for huanderson (Iraklis Thessaloniki, 2016)
[2818532] Failed to build match row: Iraklis Thessaloniki vs Panthessalonikios Athlitikos Omilos Konstantinoupoliton
[2818533] Could not find attributes for stanislav namasco (APO Levadiakos Football Club, 2016)
[2818533] Failed to build match row: APO Levadiakos Football Club vs PAS Giannina
[3335163] Could not find attributes for aleksandr sobolev (FK Spartak Moskva, 2019)
[3335163] Failed to build match row: FK Spartak Moskva vs PFK Tambov (-2021)
[2818534] Could not find attributes for alaixys romao (Olympiakos Syndesmos Filathlon Peiraios, 2016)
[2818534] Failed to build match row: Olympiakos Syndesmos Filathlon Peiraios vs Panionios Athens
[2632637] Could not find attributes for denis trunkin (Pskov-747 (-2020), 2015)
[2632637] Failed to build match row: Pskov-747 (-2020) vs Karelia Petrozavodsk
[3335164] Could not find attributes for sergey pesjakov (FK Rostov, 2019)
[3335164] Failed to build match row: FK Rostov vs FK Ufa
[2632638] Failed to scrape lineup: https://www.transfermarkt.co.uk/spielbericht/index/spielbericht/2632638

Keepers & outfield error for **St Truiden** in St Truiden vs Royal Charleroi Sporting Club: Numbers: 2 and 9.
[3274398] Failed to build match row: St Truiden vs Royal Charleroi Sporting Club
[2818535] Could not find attributes for mark asigba (Veria NPS, 2016)
[2818535] Failed to build match row: Veria NPS vs APS Atromitos Athinon
[2451917] Could not find attributes for jack leitch (Motherwell Football Club, 2013)
[2451917] Failed to build match row: Motherwell Football Club vs The Celtic Football Club
[2818536] Could not find attributes for konstantinos theodoropoulos (Athlitiki Enosi Larisas, 2016)
[2818536] Failed to build match row: Athlitiki Enosi Larisas vs PAS Giannina
[2818537] Could not find attributes for dimitrios kyriakidis (Panetolikos Agrinio, 2016)
[2818537] Failed to build match row: Panetolikos Agrinio vs APO Levadiakos Football Club
[2632639] Could not find attributes for aslan dashaev (Spartak Nalchik, 2015)
[2632639] Failed to build match row: Spartak Nalchik vs Angusht Nazran
[3335165] Could not find attributes for egor shamov (Arsenal Tula, 2019)
[3335165] Failed to build match row: Arsenal Tula vs PFK Krylya Sovetov Samara
[2451918] Could not find attributes for vangelis ikonomou (Ross County FC, 2013)
[2451918] Failed to build match row: Heart of Midlothian Football Club vs Ross County FC
[2632640] Could not find attributes for aleksandr afanasjev (Dinamo Stavropol, 2015)
[2632640] Failed to build match row: Dinamo Stavropol vs FC Astrakhan
[2818538] Could not find attributes for stefanos evangelou (Panathinaikos Athlitikos Omilos, 2016)
[2818538] Failed to build match row: Panathinaikos Athlitikos Omilos vs Veria NPS
[3335166] Could not find attributes for giorgiy shelia (PFK Tambov (-2021), 2019)
[3335166] Failed to build match row: PFK Tambov (-2021) vs RFK Akhmat Grozny
[2818539] Could not find attributes for andrey gorbunov (APS Atromitos Athinon, 2016)
[2818539] Failed to build match row: APS Atromitos Athinon vs Iraklis Thessaloniki
[3274402] Could not find attributes for omid ebrahimi (KAS Eupen, 2019)
[3274402] Failed to build match row: Sportvereniging Zulte Waregem vs KAS Eupen
[3335167] Could not find attributes for yuriy dyupin (FC Rubin Kazan, 2019)
[3335167] Failed to build match row: FC Rubin Kazan vs FK Krasnodar
[2818540] Could not find attributes for zivko zivkovic (AO Xanthi, 2016)
[2818540] Failed to build match row: AO Xanthi vs AO Platanias
[3335168] Could not find attributes for andrey klimovich (FC Orenburg, 2019)
[3335168] Failed to build match row: FC Orenburg vs PFK CSKA Moskva
[3274404] Could not find attributes for arne cassaert (Cercle Brugge Koninklijke Sportvereniging, 2019)
[3274404] Failed to build match row: Royal Standard Club de Liège vs Cercle Brugge Koninklijke Sportvereniging
[3335169] Could not find attributes for yaroslav godzyur (Ural Yekaterinburg, 2019)
[3335169] Failed to build match row: Ural Yekaterinburg vs FK Dinamo Moskva
[2818541] Could not find attributes for yevgen selin (A.G.S Asteras Tripolis, 2016)
[2818541] Failed to build match row: A.G.S Asteras Tripolis vs AOK Kerkyra
[2818542] Could not find attributes for alaixys romao (Olympiakos Syndesmos Filathlon Peiraios, 2016)
[2818542] Failed to build match row: Panthessalonikios Athlitikos Omilos Konstantinoupoliton vs Olympiakos Syndesmos Filathlon Peiraios
[3335170] Could not find attributes for stanislav magkeev (Футбольный клуб "Локомотив" Москва, 2019)
[3335170] Failed to build match row: FK Spartak Moskva vs Футбольный клуб "Локомотив" Москва
[3274406] Could not find attributes for joseph akpala (KV Oostende, 2019)
[3274406] Failed to build match row: KV Oostende vs Royal Sporting Club Anderlecht
[3335171] Could not find attributes for mikhail kerzhakov (AO FK Zenit Sankt-Peterburg, 2019)
[3335171] Failed to build match row: AO FK Zenit Sankt-Peterburg vs FK Sochi
[2632641] Could not find attributes for evgeni shamrin (Afips Afipskiy (-2018), 2015)
[2632641] Failed to build match row: Afips Afipskiy (-2018) vs Chernomorets Novorossijsk
[3335172] Could not find attributes for evgeniy gorodov (RFK Akhmat Grozny, 2019)
[3335172] Failed to build match row: RFK Akhmat Grozny vs AO FK Zenit Sankt-Peterburg
[3335173] Could not find attributes for matvey safonov (FK Krasnodar, 2019)
[3335173] Failed to build match row: FK Krasnodar vs Ural Yekaterinburg
[3335174] Could not find attributes for nikolay zabolotnyi (FK Sochi, 2019)
[2632642] Could not find attributes for aleksandr kozlov (FK Belogorsk, 2015)
[3335174] Failed to build match row: FK Sochi vs FK Spartak Moskva
[2632642] Failed to build match row: FK Belogorsk vs Yakutia Yakutsk (-2017)
[3274417] Could not find attributes for calvin dekuyper (Cercle Brugge Koninklijke Sportvereniging, 2019)
[3274417] Failed to build match row: Cercle Brugge Koninklijke Sportvereniging vs Koninklijke Racing Club Genk
[2632643] Could not find attributes for sergey borodin (Irtysh Omsk, 2015)
[2632643] Failed to build match row: Irtysh Omsk vs Dinamo Barnaul
[3335175] Could not find attributes for andrey klimovich (FC Orenburg, 2019)
[3335175] Failed to build match row: FC Orenburg vs FK Rostov
[3335176] Failed to scrape lineup: https://www.transfermarkt.co.uk/lokomotiv-moscow_fc-ufa/index/spielbericht/3335176
[2632644] Could not find attributes for kirill volkov (FK Dolgoprudnyi, 2015)
[2632644] Failed to build match row: FK Dolgoprudnyi vs FC Khimki (-2025)
[3335177] Could not find attributes for egor shamov (Arsenal Tula, 2019)
[3335177] Failed to build match row: Arsenal Tula vs PFK Tambov (-2021)
[3335178] Could not find attributes for ivan ordets (FK Dinamo Moskva, 2019)
[3335178] Failed to build match row: FK Dinamo Moskva vs PFK Krylya Sovetov Samara
[2632645] Could not find attributes for maksim eliseev (Restavratsiya Krasnoyarsk, 2015)
[2632645] Failed to build match row: Restavratsiya Krasnoyarsk vs FC Novokuznetsk
[3335179] Could not find attributes for vadim karpov (PFK CSKA Moskva, 2019)
[3335179] Failed to build match row: PFK CSKA Moskva vs FC Rubin Kazan
[3335180] Could not find attributes for yaroslav godzyur (Ural Yekaterinburg, 2019)
[3335180] Failed to build match row: Ural Yekaterinburg vs Arsenal Tula
[3335182] Could not find attributes for aleksandr vasyutin (AO FK Zenit Sankt-Peterburg, 2019)
[3335182] Failed to build match row: AO FK Zenit Sankt-Peterburg vs FC Orenburg
[2633793] Could not find attributes for david hubert (Royal Excel Mouscron (-2022), 2015)
[2633793] Failed to build match row: Royal Excel Mouscron (-2022) vs Koninklijke Atletiek Associatie Gent
[3274422] Could not find attributes for omid ebrahimi (KAS Eupen, 2019)
[3274422] Failed to build match row: KAS Eupen vs KV Oostende
[3335183] Could not find attributes for evgeniy gorodov (RFK Akhmat Grozny, 2019)
[3335183] Failed to build match row: FK Spartak Moskva vs RFK Akhmat Grozny
[2633796] Could not find attributes for igor de camargo (Koninklijke Racing Club Genk, 2015)
[2633796] Failed to build match row: SK Beveren vs Koninklijke Racing Club Genk
[3335184] Could not find attributes for yuriy dyupin (FC Rubin Kazan, 2019)
[3335184] Failed to build match row: FC Rubin Kazan vs FK Rostov
[3335185] Could not find attributes for aleksey chernov (FK Ufa, 2019)
[3335185] Failed to build match row: FK Ufa vs FK Dinamo Moskva
[3335186] Could not find attributes for evgeniy frolov (PFK Krylya Sovetov Samara, 2019)
[3335186] Failed to build match row: PFK Krylya Sovetov Samara vs FK Krasnodar

Keepers & outfield error for **St Truiden** in Sportvereniging Zulte Waregem vs St Truiden: Numbers: 2 and 9.
[3274425] Failed to build match row: Sportvereniging Zulte Waregem vs St Truiden
[3335187] Could not find attributes for stanislav magkeev (Футбольный клуб "Локомотив" Москва, 2019)
[3335187] Failed to build match row: Футбольный клуб "Локомотив" Москва vs PFK CSKA Moskva
[3335188] Could not find attributes for sergey pesjakov (FK Rostov, 2019)
[3335188] Failed to build match row: FK Rostov vs AO FK Zenit Sankt-Peterburg
[3274426] Could not find attributes for mouez hassen (Cercle Brugge Koninklijke Sportvereniging, 2019)
[3274426] Failed to build match row: Royal Charleroi Sporting Club vs Cercle Brugge Koninklijke Sportvereniging
[3274427] Could not find attributes for omid ebrahimi (KAS Eupen, 2019)
[3274427] Failed to build match row: Royal Antwerp Football Club vs KAS Eupen
[3335189] Could not find attributes for denis adamov (FK Krasnodar, 2019)
[3335189] Failed to build match row: FK Krasnodar vs RFK Akhmat Grozny
[3335190] Could not find attributes for giorgiy shelia (PFK Tambov (-2021), 2019)
[3335190] Failed to build match row: PFK CSKA Moskva vs PFK Tambov (-2021)
[3335191] Could not find attributes for roman evgenjev (FK Dinamo Moskva, 2019)
[3335191] Failed to build match row: FK Dinamo Moskva vs FC Orenburg
[3274430] Could not find attributes for joseph akpala (KV Oostende, 2019)
[3274430] Failed to build match row: KV Oostende vs Koninklijke Atletiek Associatie Gent
[3335192] Could not find attributes for yuriy dyupin (FC Rubin Kazan, 2019)
[3335192] Failed to build match row: FC Rubin Kazan vs FK Spartak Moskva
[3274431] Could not find attributes for joseph akpala (KV Oostende, 2019)
[3274431] Failed to build match row: Yellow-Red Koninklijke Voetbalclub Mechelen vs KV Oostende
[3335194] Could not find attributes for aleksey chernov (FK Ufa, 2019)
[3335194] Failed to build match row: FK Ufa vs Arsenal Tula
[3274433] Could not find attributes for omid ebrahimi (KAS Eupen, 2019)
[3274433] Failed to build match row: KAS Eupen vs KV Kortrijk
[3335195] Could not find attributes for yaroslav godzyur (Ural Yekaterinburg, 2019)
[3335195] Failed to build match row: Ural Yekaterinburg vs Футбольный клуб "Локомотив" Москва
[3274434] Could not find attributes for mouez hassen (Cercle Brugge Koninklijke Sportvereniging, 2019)
[3274434] Failed to build match row: Cercle Brugge Koninklijke Sportvereniging vs Sportvereniging Zulte Waregem
Not enough players found for lineup: 0, 0.
[3376109] Failed to scrape lineup: https://www.transfermarkt.co.uk/spielbericht/index/spielbericht/3376109
[3274435] Could not find attributes for dimitri lavalee (Royal Standard Club de Liège, 2019)
[3274435] Failed to build match row: SK Beveren vs Royal Standard Club de Liège
Not enough players found for lineup: 0, 0.
[3376110] Failed to scrape lineup: https://www.transfermarkt.co.uk/spielbericht/index/spielbericht/3376110
Not enough players found for lineup: 0, 0.
[3376111] Failed to scrape lineup: https://www.transfermarkt.co.uk/spielbericht/index/spielbericht/3376111
Not enough players found for lineup: 0, 0.
[3376112] Failed to scrape lineup: https://www.transfermarkt.co.uk/spielbericht/index/spielbericht/3376112
Not enough players found for lineup: 0, 0.
[3376113] Failed to scrape lineup: https://www.transfermarkt.co.uk/spielbericht/index/spielbericht/3376113
Not enough players found for lineup: 0, 0.
[3376114] Failed to scrape lineup: https://www.transfermarkt.co.uk/spielbericht/index/spielbericht/3376114
[3274525] Could not find attributes for evgeniy gorodov (RFK Akhmat Grozny, 2019)
[3274525] Failed to build match row: RFK Akhmat Grozny vs Ural Yekaterinburg
[3274526] Could not find attributes for yuriy dyupin (FC Rubin Kazan, 2019)
[3274526] Failed to build match row: FC Rubin Kazan vs FK Dinamo Moskva
Not enough players found for lineup: 0, 0.
[3376115] Failed to scrape lineup: https://www.transfermarkt.co.uk/spielbericht/index/spielbericht/3376115
Not enough players found for lineup: 0, 0.
[3376116] Failed to scrape lineup: https://www.transfermarkt.co.uk/spielbericht/index/spielbericht/3376116
[3274527] Could not find attributes for egor baburin (FK Rostov, 2019)
[3274527] Failed to build match row: FK Rostov vs PFK Tambov (-2021)
Not enough players found for lineup: 0, 0.
[3376117] Failed to scrape lineup: https://www.transfermarkt.co.uk/spielbericht/index/spielbericht/3376117
Not enough players found for lineup: 0, 0.
[3376118] Failed to scrape lineup: https://www.transfermarkt.co.uk/spielbericht/index/spielbericht/3376118
Not enough players found for lineup: 0, 0.
[3376119] Failed to scrape lineup: https://www.transfermarkt.co.uk/spielbericht/index/spielbericht/3376119
Not enough players found for lineup: 0, 0.
[3376120] Failed to scrape lineup: https://www.transfermarkt.co.uk/spielbericht/index/spielbericht/3376120
Not enough players found for lineup: 0, 0.
[3376121] Failed to scrape lineup: https://www.transfermarkt.co.uk/spielbericht/index/spielbericht/3376121
[3274528] Could not find attributes for sergey ryzhikov (PFK Krylya Sovetov Samara, 2019)
[3274528] Failed to build match row: FK Spartak Moskva vs PFK Krylya Sovetov Samara
[3274529] Could not find attributes for andrey klimovich (FC Orenburg, 2019)
[3274529] Failed to build match row: FC Orenburg vs FK Ufa
[3274530] Could not find attributes for egor shamov (Arsenal Tula, 2019)
[3274530] Failed to build match row: Arsenal Tula vs AO FK Zenit Sankt-Peterburg
[3274531] Could not find attributes for soslan dzhanaev (FK Sochi, 2019)
[3274531] Failed to build match row: FK Sochi vs PFK CSKA Moskva
[3274532] Could not find attributes for matvey safonov (FK Krasnodar, 2019)
[3274532] Failed to build match row: Футбольный клуб "Локомотив" Москва vs FK Krasnodar
[3276831] Could not find attributes for charlie grainger (Dulwich Hamlet, 2019)
[3276831] Failed to build match row: Dulwich Hamlet vs Carlisle United
[3276833] Could not find attributes for armando dobra (Ipswich Town, 2019)
[3276833] Failed to build match row: Ipswich Town vs Lincoln City
[3276834] Could not find attributes for finn tapp (Oxford City, 2019)
[3276834] Failed to build match row: Oxford City vs Solihull Moors

Keepers & outfield error for **Coventry City** in Colchester United vs Coventry City: Numbers: 2 and 9.
[3276836] Failed to build match row: Colchester United vs Coventry City
[3276837] Could not find attributes for adam chicksen (Bolton Wanderers, 2019)
[3276837] Failed to build match row: Bolton Wanderers vs Plymouth Argyle
[3276838] Could not find attributes for saidou khan (Maidstone United, 2019)
[3276838] Failed to build match row: Maidstone United vs Torquay United
[3276839] Could not find attributes for charlie lee (Yeovil Town, 2019)
[3276839] Failed to build match row: Yeovil Town vs Hartlepool United
[3276841] Could not find attributes for aaron lloyd (Stourbridge FC, 2019)
[3276841] Failed to build match row: Stourbridge FC vs Eastleigh FC
[3276842] Could not find attributes for craig conway (Salford City, 2019)
[3276842] Failed to build match row: Salford City vs Burton Albion
[3276843] Could not find attributes for themis kefalas (Billericay Town, 2019)
[3276843] Failed to build match row: Forest Green Rovers vs Billericay Town
[3276844] Could not find attributes for jordan holmes (Ebbsfleet United, 2019)
[3276844] Failed to build match row: Ebbsfleet United vs Notts County
[3276845] Could not find attributes for terry galbraith (Darlington FC, 2019)
[3276845] Failed to build match row: Walsall FC vs Darlington FC
[3276846] Could not find attributes for matty devine (Nantwich Town FC, 2019)
[3276846] Failed to build match row: Nantwich Town FC vs AFC Fylde

Keepers & outfield error for **Doncaster Rovers** in AFC Wimbledon vs Doncaster Rovers: Numbers: 2 and 9.
[3276847] Failed to build match row: AFC Wimbledon vs Doncaster Rovers
[3276850] Could not find attributes for matt urwin (Chorley FC, 2019)
[3276850] Failed to build match row: Mansfield Town vs Chorley FC
[3276852] Could not find attributes for kleton perntreou (Carshalton Athletic, 2019)
[3276852] Failed to build match row: Carshalton Athletic vs Boston United
[3276854] Could not find attributes for aji alese (Accrington Stanley, 2019)
[3276854] Failed to build match row: Accrington Stanley vs Crewe Alexandra
[3276855] Could not find attributes for ryheem sheckleford (Maidenhead United, 2019)
[3276855] Failed to build match row: Maidenhead United vs Rotherham United
[3276856] Could not find attributes for calum macdonald (Blackpool FC, 2019)
[3276856] Failed to build match row: Blackpool FC vs Morecambe FC

Keepers & outfield error for **Port Vale FC** in Milton Keynes Dons vs Port Vale FC: Numbers: 0 and 11.
[3276857] Failed to build match row: Milton Keynes Dons vs Port Vale FC

Keepers & outfield error for **Stevenage FC** in Stevenage FC vs Peterborough United: Numbers: 2 and 9.
[3276858] Failed to build match row: Stevenage FC vs Peterborough United
[3276868] Could not find attributes for yusuf mersin (Dover Athletic, 2019)
[3276868] Failed to build match row: Dover Athletic vs Southend United
[3276869] Could not find attributes for pete jameson (York City, 2019)
[3276869] Failed to build match row: York City vs Altrincham FC
[3276870] Could not find attributes for rob lainton (Wrexham AFC, 2019)
[3276870] Failed to build match row: Wrexham AFC vs Rochdale AFC
[3276871] Could not find attributes for ben mcnamara (Maldon & Tiptree FC, 2019)
[3276871] Failed to build match row: Leyton Orient vs Maldon & Tiptree FC

Keepers & outfield error for **Bristol Rovers** in Bristol Rovers vs Bromley FC: Numbers: 2 and 9.
[3276873] Failed to build match row: Bristol Rovers vs Bromley FC
[4194149] Failed to scrape lineup: https://www.transfermarkt.co.uk/spielbericht/index/spielbericht/4194149
[3860329] Failed to scrape lineup: https://www.transfermarkt.co.uk/basaksehir-fk_adana-demirspor/index/spielbericht/3860329

Keepers & outfield error for **Venezia FC** in Venezia FC vs Atalanta Bergamasca Calcio S.p.a.: Numbers: 2 and 9.
[4373984] Failed to build match row: Venezia FC vs Atalanta Bergamasca Calcio S.p.a.
[4353896] Could not find attributes for laurenz beckemeyer (Sportfreunde Lotte, 2024)

Keepers & outfield error for **Aston Villa Football Club** in Aston Villa Football Club vs Chelsea Football Club: Numbers: 0 and 11.
[3627551] Could not find attributes for stivi frasheri (KF Teuta, 2021)
[4353896] Failed to build match row: Sportfreunde Lotte vs Karlsruher SC
[4095421] Failed to build match row: Aston Villa Football Club vs Chelsea Football Club
[3627551] Failed to build match row: Shamrock Rovers vs KF Teuta
[4649369] Could not find attributes for jhon alex palacios (FC Orenburg, 2025)
[4649369] Failed to build match row: FC Orenburg vs FK Spartak Moskva
[4500206] Could not find attributes for eneko satrustegui (Cultural Leonesa, 2024)
[4500206] Failed to build match row: Cultural Leonesa vs UD Almería
[3420961] Could not find attributes for orest kostyk (PFK Lviv, 2020)
[4361824] Could not find attributes for matias melluso (Pafos FC, 2024)
[4648313] Could not find attributes for ismahila ouedraogo (Odense Boldklub, 2025)
[4361824] Failed to build match row: Idrottsföreningen Elfsborg vs Pafos FC
[3420961] Failed to build match row: PFK Lviv vs FC Shakhtar Donetsk
[4393227] Could not find attributes for ondrej celustka (Bodrum FK, 2024)
[4368744] Could not find attributes for mykyta turbayevskyi (FC Zorya Lugansk, 2024)
[4803007] Could not find attributes for dor turgeman (New England Revolution, 2025)
[4648313] Failed to build match row: Brøndby Idrætsforening vs Odense Boldklub
[4410765] Could not find attributes for norbert gyomber (Al-Kholood Club, 2024)
[4694073] Could not find attributes for senou coulibaly (Omonia Nicosia, 2025)
[4803007] Failed to build match row: New England Revolution vs Columbus Crew
[4403334] Could not find attributes for bressan (Omilos Filathlon Irakliou FC, 2024)
[4393227] Failed to build match row: Samsunspor vs Bodrum FK
[3589528] Could not find attributes for nabil bentaleb (Angers Sporting Club de l'Ouest, 2021)
[3412117] Could not find attributes for dmitriy arapov (Tom Tomsk, 2020)
[4410765] Failed to build match row: Al-Shabab Club vs Al-Kholood Club
[3828539] Could not find attributes for william clem (Football Club København, 2022)
[4368744] Failed to build match row: FC Zorya Lugansk vs FC Oleksandriya
[4089277] Could not find attributes for liridon berisha (FC Vaduz, 2023)
[4403334] Failed to build match row: Omilos Filathlon Irakliou FC vs APS Atromitos Athinon
[4694073] Failed to build match row: Omonia Nicosia vs Araz-Nakhchivan
[4150547] Could not find attributes for praxitelis vouros (Omilos Filathlon Irakliou FC, 2023)
[3828539] Failed to build match row: Football Club København vs Viborg Fodsports Forening
[3412117] Failed to build match row: Tom Tomsk vs FK Nizhny Novgorod
[3589528] Failed to build match row: Football Club de Nantes vs Angers Sporting Club de l'Ouest
[3963002] Could not find attributes for bruno bolas (SC Covilhã, 2022)
[3682307] Could not find attributes for niall doherty (Lothian Thistle Hutchison Vale FC, 2021)
[4089277] Failed to build match row: FC Vaduz vs Neman Grodno
[4640892] Could not find attributes for ognjen cancarevic (Fudbalski Klub IMT Novi Beograd, 2025)

Keepers & outfield error for **Girona Fútbol Club S. A. D.** in UD Almería vs Girona Fútbol Club S. A. D.: Numbers: 2 and 9.
[3963002] Failed to build match row: SC Covilhã vs Gil Vicente Futebol Clube
[3682307] Failed to build match row: Lothian Thistle Hutchison Vale FC vs Dunbar United FC
[3906316] Could not find attributes for oskar moller (Kolding IF, 2022)
[4150547] Failed to build match row: Omilos Filathlon Irakliou FC vs A.G.S Asteras Tripolis
[4640892] Failed to build match row: Fudbalski Klub IMT Novi Beograd vs Fudbalski klub Napredak Kruševac
[4112815] Failed to build match row: UD Almería vs Girona Fútbol Club S. A. D.
[3906316] Failed to build match row: Kolding IF vs Sønderjyske Fodbold
[4098894] Could not find attributes for mark mampassi (KV Kortrijk, 2023)
[3627552] Could not find attributes for stivi frasheri (KF Teuta, 2021)
[4098894] Failed to build match row: KV Kortrijk vs Club Brugge Koninklijke Voetbalvereniging
[4716105] Could not find attributes for henry bonello (Hamrun Spartans, 2025)
[3627552] Failed to build match row: KF Teuta vs Shamrock Rovers
[4716105] Failed to build match row: Shamrock Rovers vs Hamrun Spartans
[4525691] Could not find attributes for ezekiel alladoh (Idrottsföreningen  Brommapojkarna, 2024)
[4525691] Failed to build match row: Idrottsföreningen  Brommapojkarna vs Djurgårdens Idrottsförening

Keepers & outfield error for **Atalanta Bergamasca Calcio S.p.a.** in Atalanta Bergamasca Calcio S.p.a. vs Verona Hellas Football Club: Numbers: 2 and 9.
[4194151] Failed to build match row: Hertha BSC vs 1. Fußball- und Sportverein Mainz 05
[4373985] Failed to build match row: Atalanta Bergamasca Calcio S.p.a. vs Verona Hellas Football Club
[4126781] Could not find attributes for salem mbakata (Gaziantep Futbol Kulübü A.Ş., 2023)
[3487486] Could not find attributes for abdramane fane (CD Marchamalo, 2020)
[4126781] Failed to build match row: Fenerbahçe Spor Kulübü vs Gaziantep Futbol Kulübü A.Ş.
[3487486] Failed to build match row: CD Marchamalo vs SD Huesca
[3614526] Could not find attributes for manolo portanova (Genoa Cricket and Football Club, 2021)
[3614526] Failed to build match row: Unione Sportiva Sassuolo Calcio vs Genoa Cricket and Football Club

Keepers & outfield error for **Aalborg BK** in Aalborg BK vs Randers Fodbold Club: Numbers: 2 and 9.
[4353897] Could not find attributes for pascal wiewrodt (Bremer SV, 2024)
[4353897] Failed to build match row: Bremer SV vs SC Paderborn 07
[3828540] Failed to build match row: Aalborg BK vs Randers Fodbold Club
[3598196] Could not find attributes for mousa tamari (Oud-Heverlee Leuven, 2021)

Keepers & outfield error for **Shamrock Rovers** in Shamrock Rovers vs FC Ballkani: Numbers: 2 and 9.
[3429764] Could not find attributes for conor gallagher (West Bromwich Albion, 2020)
[3598196] Failed to build match row: Yellow-Red Koninklijke Voetbalclub Mechelen vs Oud-Heverlee Leuven
[4694074] Failed to build match row: Shamrock Rovers vs FC Ballkani
[3429764] Failed to build match row: Crystal Palace Football Club vs West Bromwich Albion
[3420962] Could not find attributes for ilya zabarnyi (Futbolniy Klub Dynamo Kyiv, 2020)
[3420962] Failed to build match row: Futbolniy Klub Dynamo Kyiv vs FC Rukh Lviv
[4361825] Could not find attributes for akos kinyik (Paksi FC, 2024)
[4648314] Could not find attributes for philip billing (Fodbold Club Midtjylland, 2025)
[3963003] Could not find attributes for johnstone omurwa (Club Football Estrela da Amadora, 2022)
[3963003] Failed to build match row: Club Football Estrela da Amadora vs Sport Lisboa e Benfica
[4648314] Failed to build match row: Fodbold Club Midtjylland vs Randers Fodbold Club
[4361825] Failed to build match row: Paksi FC vs Corvinul Hunedoara
[4649370] Could not find attributes for maksim borisko (FK Baltika, 2025)
[4640893] Could not find attributes for dimitrije stevanovic (Fudbalski Klub Javor Matis Ivanjica, 2025)

Keepers & outfield error for **Athletic Club Bilbao** in Athletic Club Bilbao vs Real Sociedad de Fútbol S.A.D.: Numbers: 2 and 9.
[4649370] Failed to build match row: FK Baltika vs FK Sochi
[4089278] Could not find attributes for gianluca vivan (La Fiorita 1967, 2023)
[4625726] Could not find attributes for miroslav stevanovic (Servette Football Club 1890 SA, 2025)
[4640893] Failed to build match row: Fudbalski Klub Javor Matis Ivanjica vs Fudbalski Klub Mladost Lučani
[4089278] Failed to build match row: La Fiorita 1967 vs FC Zimbru Chisinau
[3412118] Could not find attributes for sergey volkov (Akron Togliatti, 2020)
[4112816] Failed to build match row: Athletic Club Bilbao vs Real Sociedad de Fútbol S.A.D.
[4393228] Could not find attributes for nikola boranijasevic (Konyaspor, 2024)
[3451414] Could not find attributes for ante budimir (Club Atlético Osasuna, 2020)
[4625726] Failed to build match row: Servette Football Club 1890 SA vs FC Viktoria Plzeň, a.s.
[4525692] Could not find attributes for felix eriksson (Idrottsföreningen Kamraterna Göteborg, 2024)
[3412118] Failed to build match row: Akron Togliatti vs Chertanovo Moscow
[3451414] Failed to build match row: Celta vs Club Atlético Osasuna
[4393228] Failed to build match row: Adana Demirspor vs Konyaspor
[4525692] Failed to build match row: Idrottsföreningen Kamraterna Göteborg vs Göteborgs Atlet- och Idrottssällskap
[4368745] Could not find attributes for oleg kudryk (FK Polissya Zhytomyr, 2024)
[3845051] Failed to scrape lineup: https://www.transfermarkt.co.uk/ssc-napoli_us-salernitana-1919/index/spielbericht/3845051
[4761583] Could not find attributes for kennet eichhorn (Hertha BSC, 2025)
[4368745] Failed to build match row: FK Polissya Zhytomyr vs Ingulets Petrove
[4445071] Failed to scrape lineup: https://www.transfermarkt.co.uk/spielbericht/index/spielbericht/4445071
[4761583] Failed to build match row: Hertha BSC vs 1.FC Kaiserslautern
[4403335] Could not find attributes for kyriakos papadopoulos (APO Levadiakos Football Club, 2024)

Keepers & outfield error for **Villarreal Club de Fútbol S.A.D.** in Villarreal Club de Fútbol S.A.D. vs Getafe Club de Fútbol S. A. D. Team Dubai: Numbers: 0 and 11.
[4410766] Could not find attributes for dimitrios kourbelis (Al-Khaleej Club (Saihat), 2024)
[3906318] Could not find attributes for nikolaj sorensen (Ringköbing IF, 2022)
[4403335] Failed to build match row: Panathinaikos Athlitikos Omilos vs APO Levadiakos Football Club
[3589529] Could not find attributes for sambou soumano (Football Club Lorient-Bretagne Sud, 2021)
[4582140] Could not find attributes for jhon arias (Fluminense Football Club, 2024)
[4645774] Failed to build match row: Villarreal Club de Fútbol S.A.D. vs Getafe Club de Fútbol S. A. D. Team Dubai
[4500207] Could not find attributes for marc bombardo (FC Andorra, 2024)
[4410766] Failed to build match row: Al-Khaleej Club (Saihat) vs Al-Fateh Club
[3589529] Failed to build match row: Olympique Gymnaste Club Nice Côte d'Azur vs Football Club Lorient-Bretagne Sud
[3906318] Failed to build match row: Ringköbing IF vs AC Horsens
[4500207] Failed to build match row: FC Andorra vs FC Cartagena
[4648315] Failed to scrape lineup: https://www.transfermarkt.co.uk/silkeborg-if_vejle-boldklub/index/spielbericht/4648315
[4582140] Failed to build match row: Fluminense Football Club vs Esporte Clube Vitória
[3839490] Could not find attributes for tolga cigerci (Hertha BSC, 2022)
[4716106] Could not find attributes for francis uzoho (Omonia Nicosia, 2025)
[3627553] Could not find attributes for borna barisic (Rangers Football Club, 2021)
[3839490] Failed to build match row: FC Schalke 04 vs Hertha BSC
[4716106] Failed to build match row: Omonia Nicosia vs Futbolniy Klub Dynamo Kyiv
[3627553] Failed to build match row: Rangers Football Club vs Malmö Fotbollförening
[3682479] Could not find attributes for scott taggart (Alloa Athletic FC, 2021)

Keepers & outfield error for **Fulham Football Club** in Fulham Football Club vs Crystal Palace Football Club: Numbers: 2 and 9.
[3682479] Failed to build match row: Alloa Athletic FC vs Bonnyrigg Rose FC
[4095423] Failed to build match row: Fulham Football Club vs Crystal Palace Football Club
[4150548] Could not find attributes for panagiotis katsikas (Panserraikos Serres, 2023)
[4150548] Failed to build match row: Panserraikos Serres vs Athlitiki Enosi Konstantinoupoleos
[4353898] Could not find attributes for julius punt (SV Meppen, 2024)
[4353898] Failed to build match row: SV Meppen vs Hamburger Sport Verein
[4361826] Could not find attributes for ilounga pata (FC Sheriff Tiraspol, 2024)
[4361826] Failed to build match row: FC Sheriff Tiraspol vs Zira FC
[4716107] Could not find attributes for francis uzoho (Omonia Nicosia, 2025)
[3605043] Could not find attributes for lei wu (Espanol, 2021)
[4525693] Could not find attributes for etrit berisha (BK Häcken, 2024)
[4716107] Failed to build match row: Omonia Nicosia vs 1. Fußball- und Sportverein Mainz 05
[4363989] Could not find attributes for andy delort (Montpellier HSC, 2024)

Keepers & outfield error for **Associazione Sportiva Roma** in Associazione Sportiva Roma vs Associazione Calcio Milan: Numbers: 0 and 11.
[4525693] Failed to build match row: BK Häcken vs Hammarby IF

Keepers & outfield error for **Paris Saint-Germain Football Club** in Paris Saint-Germain Football Club vs Olympique de Marseille: Numbers: 2 and 9.
[4363989] Failed to build match row: Montpellier HSC vs Le Havre Athletic Club
[4640894] Failed to scrape lineup: https://www.transfermarkt.co.uk/fk-tsc-backa-topola_fk-cukaricki/index/spielbericht/4640894
[3605043] Failed to build match row: Club Atlético Osasuna vs Espanol
[3845052] Failed to build match row: Associazione Sportiva Roma vs Associazione Calcio Milan
[4089279] Could not find attributes for sebastian agachi (FC Zimbru Chisinau, 2023)
[4410767] Could not find attributes for ayoub qasmi (Al-Raed SFC, 2024)
[4089279] Failed to build match row: FC Zimbru Chisinau vs La Fiorita 1967
[3589530] Failed to build match row: Paris Saint-Germain Football Club vs Olympique de Marseille
[4368746] Could not find attributes for andrey kozhukhar (NK Veres Rivne, 2024)
[4410767] Failed to build match row: Al-Raed SFC vs Al-Ahli Saudi Football Club
[4368746] Failed to build match row: NK Veres Rivne vs FK Kryvbas Kryvyi Rig

Keepers & outfield error for **FC Vizela** in FC Vizela vs GD Chaves: Numbers: 0 and 11.
[3487487] Could not find attributes for miguel vazquez (CD Ribadumia, 2020)
[3487487] Failed to build match row: CD Ribadumia vs Cádiz CF
[3963005] Failed to build match row: FC Vizela vs GD Chaves
[4625727] Could not find attributes for filip djuricic (Panathinaikos Athlitikos Omilos, 2025)
[4500208] Could not find attributes for aleix gorjon (Zamora CF, 2024)
[4625727] Failed to build match row: Panathinaikos Athlitikos Omilos vs Rangers Football Club
[4500208] Failed to build match row: Zamora CF vs CD Tenerife
[3906320] Could not find attributes for nicklas venzel (Naesby Boldklub, 2022)
[3614528] Could not find attributes for daniil avdyushkin (Sokol Saratov, 2021)
[4363990] Failed to scrape lineup: https://www.transfermarkt.co.uk/olympique-lyon_losc-lille/index/spielbericht/4363990
[3906320] Failed to build match row: Naesby Boldklub vs Skive IK
[3614528] Failed to build match row: Sokol Saratov vs FK Saransk ( -2022)
[4694075] Could not find attributes for Georgiy Yermakov (Maccabi Haifa, 2025)
[3860332] Could not find attributes for brandley kuwas (Giresunspor, 2022)
[4403336] Could not find attributes for luka gugeshashvili (Panserraikos Serres, 2024)
[4582141] Could not find attributes for philippe coutinho (Club de Regatas Vasco da Gama, 2024)
[3860332] Failed to build match row: Giresunspor vs Ümraniyespor
[4694075] Failed to build match row: Maccabi Haifa vs RKS Raków Częstochowa SA
[4089280] Failed to scrape lineup: https://www.transfermarkt.co.uk/spielbericht/index/spielbericht/4089280
[3605044] Failed to scrape lineup: https://www.transfermarkt.co.uk/sevilla-fc_rayo-vallecano/index/spielbericht/3605044
[4393229] Could not find attributes for oleksandr petrusenko (Antalyaspor, 2024)
21)
[4403336] Failed to build match row: Panserraikos Serres vs Aris Thessalonikis
[4582141] Failed to build match row: Club de Regatas Vasco da Gama vs Clube de Regatas do Flamengo
[4393229] Failed to build match row: Antalyaspor vs Sivasspor
[4150549] Could not find attributes for boris kleyman (PAS Giannina, 2023)

Keepers & outfield error for **Levante Unión Deportiva S.A.D.** in Club Atlético Osasuna vs Levante Unión Deportiva S.A.D.: Numbers: 0 and 11.
[4150549] Failed to build match row: PAS Giannina vs Panetolikos Agrinio
[4645775] Failed to build match row: Club Atlético Osasuna vs Levante Unión Deportiva S.A.D.
[3433487] Could not find attributes for gianluca scamacca (Genoa Cricket and Football Club, 2020)
[3412230] Could not find attributes for vitaliy shilnikov (Metallurg Vidnoe, 2020)
[4095424] Could not find attributes for vitinho (Burnley Football Club, 2023)
[3433487] Failed to build match row: Associazione Calcio Milan vs Genoa Cricket and Football Club
[4623175] Could not find attributes for veljko ilic (Widzew Łódź Spółka Akcyjna, 2025)
[3839501] Failed to scrape lineup: https://www.transfermarkt.co.uk/borussia-dortmund_eintracht-frankfurt/index/spielbericht/3839501
[4648317] Could not find attributes for runar thor sigurgeirsson (Sønderjyske Fodbold, 2025)
[3598197] Failed to build match row: St Truiden vs Koninklijke Racing Club Genk
[3412230] Failed to build match row: Metallurg Vidnoe vs Kvant Obninsk

Keepers & outfield error for **Club Atlético de Madrid S.A.D.** in Club Atlético de Madrid S.A.D. vs Real Betis Balompié S.A.D.: Numbers: 2 and 9.
[4095424] Failed to build match row: Manchester United Football Club vs Burnley Football Club
[4623175] Failed to build match row: Widzew Łódź Spółka Akcyjna vs Morski Związkowy Klub Sportowy Arka Gdynia Spółka Akcyjna
[4410768] Failed to scrape lineup: https://www.transfermarkt.co.uk/al-fayha-fc_al-qadsiah-fc/index/spielbericht/4410768
[3682480] Could not find attributes for derek gaston (Arbroath FC, 2021)
[4126783] Could not find attributes for bruno paz (Konyaspor, 2023)
[3828542] Could not find attributes for tonni adamsen (Silkeborg Idrætsforening, 2022)
[4445074] Failed to scrape lineup: https://www.transfermarkt.co.uk/spielbericht/index/spielbericht/4445074
[4648317] Failed to build match row: Sønderjyske Fodbold vs Football Club København
[3828542] Failed to build match row: Silkeborg Idrætsforening vs Fodbold Club Midtjylland
[3886601] Failed to build match row: Club Atlético de Madrid S.A.D. vs Real Betis Balompié S.A.D.
[4363991] Failed to scrape lineup: https://www.transfermarkt.co.uk/rc-lens_as-saint-etienne/index/spielbericht/4363991
[3682480] Failed to build match row: Arbroath FC vs Forfar Athletic FC
[4126783] Failed to build match row: Konyaspor vs Istanbulspor
[4353899] Could not find attributes for ebrahim farahnak (Würzburger Kickers, 2024)
[3451415] Could not find attributes for miguel atienza (SD Eibar, 2020)
[4195831] Failed to scrape lineup: https://www.transfermarkt.co.uk/spielbericht/index/spielbericht/4195831
[3614529] Failed to scrape lineup: https://www.transfermarkt.co.uk/spielbericht/index/spielbericht/3614529
[4353899] Failed to build match row: Würzburger Kickers vs Turn- und Sportgemeinschaft 1899 Hoffenheim Fußball-Spielbetriebs
[3451415] Failed to build match row: SD Eibar vs Real Sociedad de Fútbol S.A.D.
[4373987] Failed to scrape lineup: https://www.transfermarkt.co.uk/acf-fiorentina_as-roma/index/spielbericht/4373987
[4716108] Could not find attributes for amine khammas (Omonia Nicosia, 2025)
[4694076] Failed to scrape lineup: https://www.transfermarkt.co.uk/spielbericht/index/spielbericht/4694076
[3605045] Failed to scrape lineup: https://www.transfermarkt.co.uk/valencia-cf_getafe-cf/index/spielbericht/3605045
[4716108] Failed to build match row: Omonia Nicosia vs RKS Raków Częstochowa SA
[4098895] Could not find attributes for sergiy sydorchuk (Koninklijke Voetbal Club Westerlo, 2023)
[4640895] Could not find attributes for dragan rosic (Fudbalski Klub Vojvodina, 2025)
[4640895] Failed to build match row: Fudbalski Klub Vojvodina vs Fudbalski Klub Novi Pazar
[4525694] Could not find attributes for ivan kricak (Östers IF, 2024)
[4098895] Failed to build match row: RWD Molenbeek vs Koninklijke Voetbal Club Westerlo
[4525694] Failed to build match row: Malmö Fotbollförening vs Östers IF
[4410769] Failed to scrape lineup: https://www.transfermarkt.co.uk/al-ittihad-club_al-orobah-fc/index/spielbericht/4410769
[4648318] Failed to scrape lineup: https://www.transfermarkt.co.uk/viborg-ff_fc-fredericia/index/spielbericht/4648318
[3828543] Failed to scrape lineup: https://www.transfermarkt.co.uk/lyngby-bk_ac-horsens/index/spielbericht/3828543
[4445075] Failed to scrape lineup: https://www.transfermarkt.co.uk/spielbericht/index/spielbericht/4445075

Keepers & outfield error for **Leeds United Association Football Club** in Leeds United Association Football Club vs Chelsea Football Club: Numbers: 2 and 9.
[3429767] Failed to build match row: Leeds United Association Football Club vs Chelsea Football Club
[3627555] Could not find attributes for luquinhas (Legia Warszawa Spółka Akcyjna, 2021)
[3627555] Failed to build match row: Legia Warszawa Spółka Akcyjna vs GNK Dinamo Zagreb
[3886602] Failed to scrape lineup: https://www.transfermarkt.co.uk/rcd-mallorca_ca-osasuna/index/spielbericht/3886602
[4649371] Could not find attributes for yuriy gorshkov (AO FK Zenit Sankt-Peterburg, 2025)
[4649371] Failed to build match row: AO FK Zenit Sankt-Peterburg vs PFK Krylya Sovetov Samara
[3845054] Failed to scrape lineup: https://www.transfermarkt.co.uk/spezia-calcio_ac-monza/index/spielbericht/3845054
[4195832] Failed to scrape lineup: https://www.transfermarkt.co.uk/spielbericht/index/spielbericht/4195832
[3420963] Could not find attributes for yevgen volynets (FK Kolos Kovalivka, 2020)
[3420963] Failed to build match row: FK Kolos Kovalivka vs FC Zorya Lugansk
[3589532] Failed to scrape lineup: https://www.transfermarkt.co.uk/as-saint-etienne_stade-brestois-29/index/spielbericht/3589532
[4716109] Failed to scrape lineup: https://www.transfermarkt.co.uk/spielbericht/index/spielbericht/4716109
[4648319] Failed to scrape lineup: https://www.transfermarkt.co.uk/aarhus-gf_brondby-if/index/spielbericht/4648319
[4803011] Failed to scrape lineup: https://www.transfermarkt.co.uk/real-salt-lake-city_san-diego-fc/index/spielbericht/4803011
[4368747] Could not find attributes for artur rudko (Chornomorets Odesa, 2024)
[4368747] Failed to build match row: Chornomorets Odesa vs FK Kolos Kovalivka
[4445076] Failed to scrape lineup: https://www.transfermarkt.co.uk/spielbericht/index/spielbericht/4445076
[3614531] Failed to scrape lineup: https://www.transfermarkt.co.uk/atalanta-bc_bologna-fc-1909/index/spielbericht/3614531
[3845055] Failed to scrape lineup: https://www.transfermarkt.co.uk/torino-fc_atalanta-bc/index/spielbericht/3845055
[4625756] Could not find attributes for renato steffen (FC Lugano, 2025)

Keepers & outfield error for **Futebol Clube do Porto** in Futebol Clube do Porto vs CD Mafra: Numbers: 2 and 9.
[4095425] Could not find attributes for wes foderingham (Sheffield United, 2023)
[3963006] Failed to build match row: Futebol Clube do Porto vs CD Mafra
[4095425] Failed to build match row: Newcastle United Football Club vs Sheffield United
[4625756] Failed to build match row: FC Lugano vs Fotbal Club CFR 1907 Cluj SA
[3420964] Failed to scrape lineup: https://www.transfermarkt.co.uk/desna-chernigiv_sc-dnipro-1/index/spielbericht/3420964
[4150550] Could not find attributes for julian cuesta (Aris Thessalonikis, 2023)
[4089281] Could not find attributes for paulinho (Fodbold Club Midtjylland, 2023)
[4582142] Could not find attributes for raniele (Sport Club Corinthians Paulista, 2024)
[4150550] Failed to build match row: Aris Thessalonikis vs Panathinaikos Athlitikos Omilos

Keepers & outfield error for **Atalanta Bergamasca Calcio S.p.a.** in Atalanta Bergamasca Calcio S.p.a. vs Arsenal Football Club: Numbers: 2 and 9.
[4361827] Could not find attributes for anton chichkan (Wisla Kraków, 2024)
[4089281] Failed to build match row: Fodbold Club Midtjylland vs Hvidovre IF

Keepers & outfield error for **Bayer 04 Leverkusen Fußball** in Bayer 04 Leverkusen Fußball vs RasenBallsport Leipzig: Numbers: 2 and 9.
[4368748] Failed to scrape lineup: https://www.transfermarkt.co.uk/chornomorets-odesa_zorya-lugansk/index/spielbericht/4368748
[4445077] Failed to build match row: Atalanta Bergamasca Calcio S.p.a. vs Arsenal Football Club
[4361827] Failed to build match row: Wisla Kraków vs KF Llapi
[4645776] Could not find attributes for leander dendoncker (Real Oviedo S.A.D., 2025)
[4582142] Failed to build match row: Sport Club Corinthians Paulista vs Sport Club do Recife
[4403337] Could not find attributes for sebastian mladen (Panetolikos Agrinio, 2024)
[4500209] Could not find attributes for jose antonio de la rosa (Cádiz CF, 2024)
[4403337] Failed to build match row: Panthessalonikios Athlitikos Omilos Konstantinoupoliton vs Panetolikos Agrinio
[3839502] Failed to build match row: Bayer 04 Leverkusen Fußball vs RasenBallsport Leipzig
[4500209] Failed to build match row: Cádiz CF vs CD Eldense
[4623176] Could not find attributes for quentin lecoeuche (Wisła Płock Spółka Akcyjna, 2025)
[4645776] Failed to build match row: Real Oviedo S.A.D. vs Real Club Deportivo Mallorca S.A.D.

Keepers & outfield error for **Football Club København** in Football Club København vs Silkeborg Idrætsforening: Numbers: 2 and 9.
[4623176] Failed to build match row: Wisła Płock Spółka Akcyjna vs Klub Sportowy Cracovia Spółka Akcyjna
[4648320] Failed to build match row: Football Club København vs Silkeborg Idrætsforening
[4640896] Could not find attributes for balsa popovic (Omladinski fudbalski klub Beograd, 2025)
[4410770] Could not find attributes for mohanad al qaydhi (Al-Okhdood Club, 2024)
[3429769] Failed to scrape lineup: https://www.transfermarkt.co.uk/manchester-united_west-ham-united/index/spielbericht/3429769
[4410770] Failed to build match row: Al-Okhdood Club vs Al-Taawoun Football Club
[4640896] Failed to build match row: Omladinski fudbalski klub Beograd vs Železničar Pančevo
[4525695] Could not find attributes for abdullah iqbal (Mjällby Almänna Idrottsförening, 2024)
[4368749] Failed to scrape lineup: https://www.transfermarkt.co.uk/obolon-kyiv_rukh-lviv/index/spielbericht/4368749
[4649372] Could not find attributes for aleksandr maksimenko (FK Spartak Moskva, 2025)
[4126784] Could not find attributes for yasin ozcan (Kasımpaşa A.Ş., 2023)

Keepers & outfield error for **Manchester United Football Club** in Manchester United Football Club vs Football Club København: Numbers: 0 and 11.
[4500210] Failed to scrape lineup: https://www.transfermarkt.co.uk/spielbericht/index/spielbericht/4500210
[4694077] Could not find attributes for ziga frelih (Spartak Trnava, 2025)
[4525695] Failed to build match row: Mjällby Almänna Idrottsförening vs Degerfors IF
[4649372] Failed to build match row: FK Spartak Moskva vs Футбольный клуб "Локомотив" Москва
[4694077] Failed to build match row: Spartak Trnava vs U Craiova 1948 Club Sportiv SA
[3628153] Could not find attributes for aleksandr dovbnya (Torpedo Moscow, 2021)
[3682481] Could not find attributes for neil mcpherson (Auchinleck Talbot FC, 2021)
[3682481] Failed to build match row: Auchinleck Talbot FC vs Hamilton Academical FC
[3628153] Failed to build match row: Torpedo Moscow vs SKA Khabarovsk
[4373988] Could not find attributes for juan cabal (Juventus Football Club, 2024)
[3412693] Failed to build match row: Manchester United Football Club vs Football Club København
[4126784] Failed to build match row: Hatayspor vs Kasımpaşa A.Ş.

Keepers & outfield error for **San Jose Earthquakes** in Los Angeles Football Club vs San Jose Earthquakes: Numbers: 0 and 11.
[4403338] Failed to scrape lineup: https://www.transfermarkt.co.uk/aek-athens_volos-nfc/index/spielbericht/4403338
[4803012] Failed to build match row: Los Angeles Football Club vs San Jose Earthquakes
[4373988] Failed to build match row: Football Club Internazionale Milano S.p.A. vs Juventus Football Club
[3906321] Failed to scrape lineup: https://www.transfermarkt.co.uk/spielbericht/index/spielbericht/3906321
[4623177] Failed to scrape lineup: https://www.transfermarkt.co.uk/arka-gdynia_korona-kielce/index/spielbericht/4623177
[3831850] Could not find attributes for oliver ekroth (Víkingur Reykjavík, 2022)

Keepers & outfield error for **Atalanta Bergamasca Calcio S.p.a.** in Atalanta Bergamasca Calcio S.p.a. vs The Celtic Football Club: Numbers: 2 and 9.
[4353900] Could not find attributes for obinna iloka (1.FC Phönix Lübeck, 2024)
[3886604] Failed to scrape lineup: https://www.transfermarkt.co.uk/real-madrid_real-valladolid-cf/index/spielbericht/3886604
[4445078] Failed to build match row: Atalanta Bergamasca Calcio S.p.a. vs The Celtic Football Club
[3487488] Could not find attributes for monty (Racing Murcia FC (-2024), 2020)
[3831850] Failed to build match row: Víkingur Reykjavík vs FCI Levadia
[3614533] Failed to scrape lineup: https://www.transfermarkt.co.uk/genoa-cfc_ssc-napoli/index/spielbericht/3614533
[4625757] Could not find attributes for renato steffen (FC Lugano, 2025)
[4353900] Failed to build match row: 1.FC Phönix Lübeck vs Borussia Dortmund
[3487488] Failed to build match row: Racing Murcia FC (-2024) vs Levante Unión Deportiva S.A.D.
[4625757] Failed to build match row: Fotbal Club CFR 1907 Cluj SA vs FC Lugano
[4634193] Failed to scrape lineup: https://www.transfermarkt.co.uk/borussia-dortmund_1-fc-koln/index/spielbericht/4634193
[4716110] Could not find attributes for kacper potulski (1. Fußball- und Sportverein Mainz 05, 2025)
[4716110] Failed to build match row: 1. Fußball- und Sportverein Mainz 05 vs HSK Zrinjski Mostar
[4368750] Failed to scrape lineup: https://www.transfermarkt.co.uk/nk-veres-rivne_dynamo-kyiv/index/spielbericht/4368750
[4525698] Failed to scrape lineup: https://www.transfermarkt.co.uk/djurgardens-if_gais/index/spielbericht/4525698
[3628154] Failed to scrape lineup: https://www.transfermarkt.co.uk/spielbericht/index/spielbericht/3628154
[4648321] Could not find attributes for philip billing (Fodbold Club Midtjylland, 2025)
[3963007] Could not find attributes for tiago andre (CD Trofense, 2022)
[4648321] Failed to build match row: Fodbold Club Midtjylland vs Viborg Fodsports Forening
[3963007] Failed to build match row: Sporting Clube de Braga vs CD Trofense

Keepers & outfield error for **Al-Nassr Football Club** in Al-Nassr Football Club vs Al-Riyadh Saudi Club: Numbers: 0 and 11.
[4410771] Failed to build match row: Al-Nassr Football Club vs Al-Riyadh Saudi Club

Keepers & outfield error for **Club Atlético Osasuna** in Futbol Club Barcelona vs Club Atlético Osasuna: Numbers: 2 and 9.
[4393230] Could not find attributes for arseniy batagov (Trabzonspor Kulübü, 2024)
[4393230] Failed to build match row: Alanyaspor vs Trabzonspor Kulübü

Keepers & outfield error for **Granada CF** in Villarreal Club de Fútbol S.A.D. vs Granada CF: Numbers: 2 and 9.
[4112818] Failed to build match row: Futbol Club Barcelona vs Club Atlético Osasuna
[3605046] Failed to build match row: Villarreal Club de Fútbol S.A.D. vs Granada CF

Keepers & outfield error for **Hamburger Sport Verein** in Hamburger Sport Verein vs Holstein Kiel: Numbers: 2 and 9.
[4761587] Failed to build match row: Hamburger Sport Verein vs Holstein Kiel
[3886605] Failed to scrape lineup: https://www.transfermarkt.co.uk/elche-cf_fc-barcelona/index/spielbericht/3886605
3
[3420965] Could not find attributes for artem malysh (Ingulets Petrove, 2020)
[4373989] Failed to scrape lineup: https://www.transfermarkt.co.uk/ss-lazio_genoa-cfc/index/spielbericht/4373989
[3614534] Failed to scrape lineup: https://www.transfermarkt.co.uk/hellas-verona_inter-milan/index/spielbericht/3614534
[3420965] Failed to build match row: Ingulets Petrove vs FC Oleksandriya
[4634194] Failed to scrape lineup: https://www.transfermarkt.co.uk/sv-werder-bremen_1-fc-union-berlin/index/spielbericht/4634194
[4648322] Failed to scrape lineup: https://www.transfermarkt.co.uk/odense-boldklub_fc-fredericia/index/spielbericht/4648322
[3963008] Failed to scrape lineup: https://www.transfermarkt.co.uk/spielbericht/index/spielbericht/3963008
[4694078] Could not find attributes for akos kinyik (Paksi FC, 2025)
[4150551] Could not find attributes for alexandros anagnostopoulos (Athlitiki Enosi Kifisias, 2023)
[4640897] Could not find attributes for milos veljkovic (Fudbalski klub Crvena zvezda Beograd, 2025)
[3605047] Failed to scrape lineup: https://www.transfermarkt.co.uk/elche-cf_athletic-bilbao/index/spielbericht/3605047
[4525699] Failed to scrape lineup: https://www.transfermarkt.co.uk/if-brommapojkarna_ifk-varnamo/index/spielbericht/4525699
[4694078] Failed to build match row: Paksi FC vs FK Polissya Zhytomyr
[4150551] Failed to build match row: Athlitiki Enosi Kifisias vs A.G.S Asteras Tripolis
[3831851] Could not find attributes for gianluca vivan (La Fiorita 1967, 2022)
[4645777] Could not find attributes for jose gaya (Valencia Club de Fútbol S. A. D., 2025)
[4645777] Failed to build match row: Valencia Club de Fútbol S. A. D. vs Sevilla Fútbol Club S.A.D.
[3831851] Failed to build match row: La Fiorita 1967 vs Inter Club d'Escaldes
[4716111] Could not find attributes for kacper potulski (1. Fußball- und Sportverein Mainz 05, 2025)
[4716111] Failed to build match row: 1. Fußball- und Sportverein Mainz 05 vs Samsunspor
[3839503] Could not find attributes for michael gregoritsch (Sport-Club Freiburg, 2022)
[3839503] Failed to build match row: Sport-Club Freiburg vs FC Schalke 04
[3860334] Failed to scrape lineup: https://www.transfermarkt.co.uk/antalyaspor_fatih-karagumruk/index/spielbericht/3860334
[3886606] Failed to scrape lineup: https://www.transfermarkt.co.uk/girona-fc_rcd-espanyol-barcelona/index/spielbericht/3886606
[4525701] Failed to scrape lineup: https://www.transfermarkt.co.uk/osters-if_aik/index/spielbericht/4525701
[3420966] Failed to scrape lineup: https://www.transfermarkt.co.uk/fk-mariupol_fc-minaj/index/spielbericht/3420966
[4649373] Could not find attributes for kurban rasulov (FK Dinamo Moskva, 2025)
[4649373] Failed to build match row: FK Dinamo Moskva vs FC Orenburg
[4361828] Could not find attributes for tomas fruhwald (MFK Ruzomberok, 2024)
[3589533] Could not find attributes for ike ugbo (ESTAC Troyes, 2021)
[4361828] Failed to build match row: MFK Ruzomberok vs Tobol Kostanay
[3682482] Could not find attributes for fraser hobday (Banks O' Dee FC, 2021)
[3589533] Failed to build match row: ESTAC Troyes vs Racing Club de Strasbourg Alsace
[4368751] Could not find attributes for yevgen volynets (FK Polissya Zhytomyr, 2024)
[4353901] Could not find attributes for tommy henze (VfV 06 Hildesheim, 2024)
[4363993] Could not find attributes for hiroki sekine (Stade Reims, 2024)
[3628155] Could not find attributes for aleksey mamin (KamAZ Naberezhnye Chelny, 2021)
[4403339] Could not find attributes for konstantinos triantafyllopoulos (A.G.S Asteras Tripolis, 2024)

Keepers & outfield error for **Venezia FC** in AC Monza vs Venezia FC: Numbers: 2 and 9.
[4353901] Failed to build match row: VfV 06 Hildesheim vs SV 07 Elversberg
[4373990] Failed to build match row: AC Monza vs Venezia FC
[4363993] Failed to build match row: Stade Reims vs Racing Club de Strasbourg Alsace
[4368751] Failed to build match row: FC Shakhtar Donetsk vs FK Polissya Zhytomyr
[3682482] Failed to build match row: Banks O' Dee FC vs East Fife FC
)
[3628155] Failed to build match row: KamAZ Naberezhnye Chelny vs Neftekhimik Nizhnekamsk

Keepers & outfield error for **CS Marítimo** in CS Marítimo vs Rio Ave Futebol Clube: Numbers: 0 and 11.
[3433490] Could not find attributes for guglielmo vicario (Cagliari Calcio, 2020)
[3906322] Failed to build match row: BK Frem vs Fodbold Club Nordsjælland
[3487489] Failed to build match row: CD Buñol vs Elche Club de Fútbol S.A.D.
inon
[3433490] Failed to build match row: Cagliari Calcio vs Parma Calcio 1913
[3963009] Failed to build match row: CS Marítimo vs Rio Ave Futebol Clube
[4803361] Could not find attributes for sung yun gu (Football Club Seoul, 2025)
[3598200] Could not find attributes for lior refaelov (Royal Sporting Club Anderlecht, 2021)
[3598200] Failed to build match row: Royal Sporting Club Anderlecht vs Club Brugge Koninklijke Voetbalvereniging
[4803361] Failed to build match row: Incheon United Football Club vs Football Club Seoul
[4625758] Could not find attributes for zan luk leban (NK Celje, 2025)
[4625758] Failed to build match row: NK Celje vs AEK Larnaca
[3429770] Could not find attributes for trezeguet (Aston Villa Football Club, 2020)
[3429770] Failed to build match row: Newcastle United Football Club vs Aston Villa Football Club

Keepers & outfield error for **Manchester City Football Club** in Nottingham Forest Football Club vs Manchester City Football Club: Numbers: 0 and 11.
[4112819] Could not find attributes for sokratis papastathopoulos (Real Betis Balompié S.A.D., 2023)
[4095426] Failed to build match row: Nottingham Forest Football Club vs Manchester City Football Club
[4112819] Failed to build match row: Real Betis Balompié S.A.D. vs Granada CF
[4500211] Could not find attributes for siren diao (Granada CF, 2024)
[4500211] Failed to build match row: Real Zaragoza vs Granada CF
[4648324] Could not find attributes for runar thor sigurgeirsson (Sønderjyske Fodbold, 2025)
[4766833] Could not find attributes for miguel prado (Ourense CF, 2025)
[4648324] Failed to build match row: Vejle Boldklub vs Sønderjyske Fodbold
[4445080] Could not find attributes for nicolo savona (Juventus Football Club, 2024)
[3589534] Could not find attributes for nabil bentaleb (Angers Sporting Club de l'Ouest, 2021)
[4445080] Failed to build match row: Juventus Football Club vs Manchester City Football Club
[4766833] Failed to build match row: Ourense CF vs Girona Fútbol Club S. A. D.
[3589534] Failed to build match row: Angers Sporting Club de l'Ouest vs Paris Saint-Germain Football Club
[4098898] Could not find attributes for parfait guiagon (Royal Charleroi Sporting Club, 2023)
[4640898] Could not find attributes for danijel kolaric (Fudbalski Klub Spartak Ždrepčeva krv, 2025)
[4645779] Failed to scrape lineup: https://www.transfermarkt.co.uk/athletic-bilbao_atletico-de-madrid/index/spielbericht/4645779
[4640898] Failed to build match row: Fudbalski Klub Spartak Ždrepčeva krv vs FK Radnički 1923 Kragujevac
[4361829] Could not find attributes for azbe jug (NK Maribor, 2024)
[4098898] Failed to build match row: Royal Charleroi Sporting Club vs Royal Antwerp Football Club
[4361829] Failed to build match row: NK Maribor vs Botev Plovdiv

Keepers & outfield error for **Verona Hellas Football Club** in Verona Hellas Football Club vs Football Club Internazionale Milano S.p.A.: Numbers: 2 and 9.

Keepers & outfield error for **Villarreal Club de Fútbol S.A.D.** in Villarreal Club de Fútbol S.A.D. vs Real Sociedad de Fútbol S.A.D.: Numbers: 2 and 9.
[3845058] Failed to build match row: Verona Hellas Football Club vs Football Club Internazionale Milano S.p.A.
[4694079] Could not find attributes for stas pokatilov (Sabah FK, 2025)
[4525704] Could not find attributes for kojo peprah oppong (IFK Norrköping, 2024)
[4353902] Could not find attributes for andrea hoxha (FC 08 Villingen, 2024)
[3886607] Failed to build match row: Villarreal Club de Fútbol S.A.D. vs Real Sociedad de Fútbol S.A.D.
[3605048] Could not find attributes for manu garcia (Alaves, 2021)
[3605048] Failed to build match row: Alaves vs Real Club Deportivo Mallorca S.A.D.
[3836604] Failed to scrape lineup: https://www.transfermarkt.co.uk/spielbericht/index/spielbericht/3836604
[4150552] Could not find attributes for alexandros paschalakis (Olympiakos Syndesmos Filathlon Peiraios, 2023)
[3682483] Could not find attributes for iain davidson (Brechin City FC, 2021)
[4353902] Failed to build match row: FC 08 Villingen vs 1. Fußballclub Heidenheim 1846
[4525704] Failed to build match row: IFK Norrköping vs Halmstads BK
[3682483] Failed to build match row: Brechin City FC vs Darvel FC
[4150552] Failed to build match row: Olympiakos Syndesmos Filathlon Peiraios vs Panetolikos Agrinio
[4649374] Could not find attributes for vadim ulyanov (RFK Akhmat Grozny, 2025)
[4649374] Failed to build match row: RFK Akhmat Grozny vs FK Krasnodar
[3860335] Failed to scrape lineup: https://www.transfermarkt.co.uk/umraniyespor_alanyaspor/index/spielbericht/3860335
[4410772] Could not find attributes for milan borjan (Al-Riyadh Saudi Club, 2024)
[4410772] Failed to build match row: Al-Ettifaq Football Club vs Al-Riyadh Saudi Club
[3628156] Could not find attributes for vyacheslav grab (Veles Moscow, 2021)
[4766834] Failed to scrape lineup: https://www.transfermarkt.co.uk/spielbericht/index/spielbericht/4766834
[3628156] Failed to build match row: Veles Moscow vs Tom Tomsk
[3580974] Failed to scrape lineup: https://www.transfermarkt.co.uk/nec-nijmegen_pec-zwolle/index/spielbericht/3580974
[3906325] Could not find attributes for troels aaen (Frederikshavn fI, 2022)
[3906325] Failed to build match row: Frederikshavn fI vs Vendsyssel FF
[4582143] Could not find attributes for matheus alves (São Paulo Futebol Clube, 2024)
[4363994] Could not find attributes for kader meite (Rennes, 2024)
[4582143] Failed to build match row: São Paulo Futebol Clube vs Santos Futebol Clube
[4363994] Failed to build match row: Rennes vs Association de la Jeunesse auxerroise
[3487490] Could not find attributes for javi apolinar (UD Tomares, 2020)
[3420967] Could not find attributes for dmytro riznyk (Vorskla Poltava, 2020)
[3487490] Failed to build match row: UD Tomares vs Club Atlético Osasuna

Keepers & outfield error for **Southampton FC** in Southampton FC vs Brighton and Hove Albion Football Club: Numbers: 0 and 11.
[4393231] Could not find attributes for jonas svensson (Beşiktaş Jimnastik Kulübü, 2024)
[4623179] Could not find attributes for mateusz klich (Klub Sportowy Cracovia Spółka Akcyjna, 2025)
[3420967] Failed to build match row: Vorskla Poltava vs Olimpik Donetsk
[3429771] Failed to build match row: Southampton FC vs Brighton and Hove Albion Football Club
[4393231] Failed to build match row: Hatayspor vs Beşiktaş Jimnastik Kulübü
[4623179] Failed to build match row: GKS GieKSa Katowice Spółka Akcyjna vs Klub Sportowy Cracovia Spółka Akcyjna
[4625759] Could not find attributes for zlatan alomerovic (AEK Larnaca, 2025)
[3605049] Failed to scrape lineup: https://www.transfermarkt.co.uk/athletic-bilbao_fc-barcelona/index/spielbericht/3605049
[4403340] Could not find attributes for andreas ntoi (Olympiakos Syndesmos Filathlon Peiraios, 2024)
[4368752] Could not find attributes for oleksandr kemkin (FK Karpaty Lviv, 2024)
[4373992] Failed to scrape lineup: https://www.transfermarkt.co.uk/parma-calcio-1913_fc-empoli/index/spielbericht/4373992
[3963018] Could not find attributes for nemanja calasan (Leixões SC, 2022)
[4112820] Could not find attributes for chris ramos (Cádiz CF, 2023)
[4410773] Could not find attributes for norbert gyomber (Al-Kholood Club, 2024)
[4403340] Failed to build match row: Olympiakos Syndesmos Filathlon Peiraios vs Panetolikos Agrinio
[3963018] Failed to build match row: Leixões SC vs Clube Desportivo Santa Clara
[4368752] Failed to build match row: FK Karpaty Lviv vs FK Kryvbas Kryvyi Rig
[4410773] Failed to build match row: Al-Kholood Club vs Damac Football Club
[4112820] Failed to build match row: Cádiz CF vs Valencia Club de Fútbol S. A. D.
[4648325] Could not find attributes for villads westh (Silkeborg Idrætsforening, 2025)
[4640899] Could not find attributes for sadick abubakar (Fudbalski klub Radnik Surdulica, 2025)
[4648325] Failed to build match row: Silkeborg Idrætsforening vs Aarhus Gymnastik Forening
[3845059] Failed to scrape lineup: https://www.transfermarkt.co.uk/juventus-fc_us-lecce/index/spielbericht/3845059
[4640899] Failed to build match row: Fudbalski klub Radnik Surdulica vs Fudbalski klub Napredak Kruševac
[3906327] Failed to scrape lineup: https://www.transfermarkt.co.uk/spielbericht/index/spielbericht/3906327
[4649375] Could not find attributes for nikita medvedev (FK Nizhny Novgorod, 2025)

Keepers & outfield error for **Levante Unión Deportiva S.A.D.** in Levante Unión Deportiva S.A.D. vs Villarreal Club de Fútbol S.A.D.: Numbers: 0 and 11.
[4649375] Failed to build match row: FK Nizhny Novgorod vs FK Rostov
[4634197] Failed to scrape lineup: https://www.transfermarkt.co.uk/fc-augsburg_rb-leipzig/index/spielbericht/4634197
[4363995] Failed to scrape lineup: https://www.transfermarkt.co.uk/fc-toulouse_losc-lille/index/spielbericht/4363995
[4645780] Failed to build match row: Levante Unión Deportiva S.A.D. vs Villarreal Club de Fútbol S.A.D.
[3589535] Could not find attributes for danylo ignatenko (FC Girondins Bordeaux, 2021)
[3628157] Could not find attributes for dmitriy rebrov (Enisey Krasnoyarsk, 2021)
[3589535] Failed to build match row: FC Girondins Bordeaux vs AS Saint-Étienne
[4525705] Could not find attributes for rasmus forsell (Degerfors IF, 2024)
[3860336] Could not find attributes for emre tasdemir (Galatasaray Spor Kulübü, 2022)
[3628157] Failed to build match row: Enisey Krasnoyarsk vs Akron Togliatti
[4089286] Failed to scrape lineup: https://www.transfermarkt.co.uk/fc-nordsjaelland_viborg-ff/index/spielbericht/4089286
[3860336] Failed to build match row: Galatasaray Spor Kulübü vs Beşiktaş Jimnastik Kulübü
[4525705] Failed to build match row: Degerfors IF vs Idrottsföreningen Elfsborg
[4393232] Failed to scrape lineup: https://www.transfermarkt.co.uk/kayserispor_alanyaspor/index/spielbericht/4393232
[3836605] Could not find attributes for marko jovanovski (AP Brera, 2022)
[3433492] Could not find attributes for ardian ismajli (Spezia Calcio, 2020)
[3836605] Failed to build match row: Klub Sportowy Lechia Gdańsk vs AP Brera
[3433492] Failed to build match row: Bologna Football Club 1909 vs Spezia Calcio
[3598202] Failed to scrape lineup: https://www.transfermarkt.co.uk/oud-heverlee-leuven_beerschot-va/index/spielbericht/3598202

Keepers & outfield error for **Cádiz CF** in Real Valladolid CF vs Cádiz CF: Numbers: 2 and 9.
[4625760] Failed to scrape lineup: https://www.transfermarkt.co.uk/spielbericht/index/spielbericht/4625760
[3451419] Failed to build match row: Real Valladolid CF vs Cádiz CF
[4648326] Failed to scrape lineup: https://www.transfermarkt.co.uk/fc-copenhagen_brondby-if/index/spielbericht/4648326
[3963019] Failed to scrape lineup: https://www.transfermarkt.co.uk/spielbericht/index/spielbericht/3963019
[4150553] Could not find attributes for triantafyllos pasalidis (Omilos Filathlon Irakliou FC, 2023)
[4403341] Failed to scrape lineup: https://www.transfermarkt.co.uk/ofi-crete-fc_aris-thessaloniki/index/spielbericht/4403341
[4150553] Failed to build match row: Omilos Filathlon Irakliou FC vs Volou Neos Podosferikos Syllogos
[3412696] Could not find attributes for joao moutinho (Wolverhampton Wanderers Football Club, 2019)
[3906328] Failed to scrape lineup: https://www.transfermarkt.co.uk/spielbericht/index/spielbericht/3906328
[4649376] Failed to scrape lineup: https://www.transfermarkt.co.uk/dinamo-makhachkala_baltika-kaliningrad/index/spielbericht/4649376
[3839505] Could not find attributes for dennis geiger (Turn- und Sportgemeinschaft 1899 Hoffenheim Fußball-Spielbetriebs, 2022)
[4634198] Failed to scrape lineup: https://www.transfermarkt.co.uk/tsg-1899-hoffenheim_1-fc-heidenheim-1846/index/spielbericht/4634198
[3412696] Failed to build match row: Wolverhampton Wanderers Football Club vs Sevilla Fútbol Club S.A.D.
[3845060] Failed to scrape lineup: https://www.transfermarkt.co.uk/ss-lazio_us-sassuolo/index/spielbericht/3845060
[4582144] Could not find attributes for lucao (Red Bull Bragantino, 2024)

Keepers & outfield error for **Valencia Club de Fútbol S. A. D.** in Valencia Club de Fútbol S. A. D. vs Rayo Vallecano de Madrid S. A. D.: Numbers: 2 and 9.
[3839505] Failed to build match row: Turn- und Sportgemeinschaft 1899 Hoffenheim Fußball-Spielbetriebs vs 1. Fußball-Club Köln
[3886608] Failed to build match row: Valencia Club de Fútbol S. A. D. vs Rayo Vallecano de Madrid S. A. D.
[3580976] Failed to scrape lineup: https://www.transfermarkt.co.uk/psv-eindhoven_sc-cambuur-leeuwarden/index/spielbericht/3580976
[4582144] Failed to build match row: Red Bull Bragantino vs Cruzeiro Esporte Clube
[4445082] Could not find attributes for matteo dams (Eindhovense Voetbalvereniging Philips Sport Vereniging, 2024)
[4766835] Could not find attributes for lluis recasens (Reus FC Reddis, 2025)
[4445082] Failed to build match row: Juventus Football Club vs Eindhovense Voetbalvereniging Philips Sport Vereniging
[4766835] Failed to build match row: Reus FC Reddis vs Real Sociedad de Fútbol S.A.D.
[4623180] Could not find attributes for veljko ilic (Widzew Łódź Spółka Akcyjna, 2025)
[4623180] Failed to build match row: Klub Sportowy Górnik Zabrze Sportowa Spółka Akcyjna vs Widzew Łódź Spółka Akcyjna
[4363996] Could not find attributes for mousa tamari (Rennes, 2024)
[3614538] Failed to scrape lineup: https://www.transfermarkt.co.uk/us-salernitana-1919_as-roma/index/spielbericht/3614538
[4410774] Could not find attributes for dimitrios kourbelis (Al-Khaleej Club (Saihat), 2024)
[4363996] Failed to build match row: Le Havre Athletic Club vs Rennes
[3420968] Could not find attributes for dmytro riznyk (Vorskla Poltava, 2020)
[4410774] Failed to build match row: Al-Hilal Saudi Football Club vs Al-Khaleej Club (Saihat)
[3420968] Failed to build match row: FC Shakhtar Donetsk vs Vorskla Poltava
[4525706] Could not find attributes for filip manojlovic (Djurgårdens Idrottsförening, 2024)
[4525706] Failed to build match row: Djurgårdens Idrottsförening vs Allmänna Idrottsklubben
[4445083] Could not find attributes for juan cabal (Juventus Football Club, 2024)
[4445083] Failed to build match row: Juventus Football Club vs Verein für Bewegungsspiele Stuttgart 1893
[4126788] Could not find attributes for salem mbakata (Gaziantep Futbol Kulübü A.Ş., 2023)
[4126788] Failed to build match row: Gaziantep Futbol Kulübü A.Ş. vs Sivasspor
[4368753] Could not find attributes for maksym mekhaniv (Livyi Bereg Kyiv, 2024)
[4403342] Could not find attributes for luka gugeshashvili (Panserraikos Serres, 2024)
[4368753] Failed to build match row: Livyi Bereg Kyiv vs Vorskla Poltava
[4803363] Could not find attributes for kento nishiya (Football Club Pohang Steelers, 2025)
[4649377] Could not find attributes for ignat terekhovskiy (Akron Togliatti, 2025)
[4403342] Failed to build match row: Panserraikos Serres vs APO Levadiakos Football Club
[4649377] Failed to build match row: Akron Togliatti vs PFK CSKA Moskva
[4393233] Could not find attributes for riechedly bazoer (Konyaspor, 2024)
[4803363] Failed to build match row: Gimcheon Sangmu Football Club vs Football Club Pohang Steelers
[4716114] Could not find attributes for anton ari einarsson (Breidablik Kópavogur, 2025)
[4640900] Could not find attributes for strahinja manojlovic (Fudbalski Klub Radnički Niš, 2025)
[4393233] Failed to build match row: Konyaspor vs Antalyaspor
[3628158] Could not find attributes for dmitriy saganovich (Volgar Astrakhan, 2021)
[3628158] Failed to build match row: Volgar Astrakhan vs Kuban Krasnodar
[4640900] Failed to build match row: Fudbalski Klub Radnički Niš vs Fudbalski Klub IMT Novi Beograd
[4195993] Could not find attributes for panagiotis avgerinos (Diagoras Rodou, 2023)
[4195993] Failed to build match row: Diagoras Rodou vs Panetolikos Agrinio
[4716114] Failed to build match row: Racing Club de Strasbourg Alsace vs Breidablik Kópavogur
[4500280] Could not find attributes for yaya sidibe (UE Olot, 2024)
[4648328] Could not find attributes for philip billing (Fodbold Club Midtjylland, 2025)

Keepers & outfield error for **Granada CF** in Sevilla Fútbol Club S.A.D. vs Granada CF: Numbers: 0 and 11.
[3906329] Could not find attributes for morten bank (Nyköbing FC, 2022)
[4500280] Failed to build match row: UE Olot vs Sevilla Fútbol Club S.A.D.
[3451420] Failed to build match row: Sevilla Fútbol Club S.A.D. vs Granada CF
[4648328] Failed to build match row: Sønderjyske Fodbold vs Fodbold Club Midtjylland
[4623181] Could not find attributes for quentin lecoeuche (Wisła Płock Spółka Akcyjna, 2025)
[3906329] Failed to build match row: Nyköbing FC vs Odense Boldklub
[4623181] Failed to build match row: Wisła Płock Spółka Akcyjna vs Jagiellonia-Bialystok Sportowa Spólka Akcyjna
[4150554] Could not find attributes for adrian chovan (Panserraikos Serres, 2023)

Keepers & outfield error for **Brighton and Hove Albion Football Club** in Brighton and Hove Albion Football Club vs Newcastle United Football Club: Numbers: 0 and 11.
[4150554] Failed to build match row: Panserraikos Serres vs Panthessalonikios Athlitikos Omilos Konstantinoupoliton
[3682484] Could not find attributes for lewis duffy (Civil Service Strollers FC, 2021)
[3429773] Failed to build match row: Brighton and Hove Albion Football Club vs Newcastle United Football Club
[3682484] Failed to build match row: Civil Service Strollers FC vs Peterhead FC
[4361830] Could not find attributes for kostas pileas (Pafos FC, 2024)
[4694081] Could not find attributes for marko milosevic (Fudbalski Klub Partizan Beograd, 2025)
[4640901] Could not find attributes for ognjen cancarevic (Fudbalski Klub IMT Novi Beograd, 2025)
[4634199] Could not find attributes for vini souza (Verein für Leibesübungen Wolfsburg, 2025)
[4640901] Failed to build match row: Fudbalski Klub IMT Novi Beograd vs Fudbalski Klub Javor Matis Ivanjica
[4634199] Failed to build match row: Hamburger Sport Verein vs Verein für Leibesübungen Wolfsburg
[4361830] Failed to build match row: Pafos FC vs Idrottsföreningen Elfsborg
[4089288] Could not find attributes for gilli sorensen (Vejle Boldklub, 2023)
[4410775] Could not find attributes for gaetan coucke (Al-Orobah FC, 2024)
[3433494] Failed to scrape lineup: https://www.transfermarkt.co.uk/uc-sampdoria_hellas-verona/index/spielbericht/3433494
[4393234] Failed to scrape lineup: https://www.transfermarkt.co.uk/trabzonspor_kasimpasa/index/spielbericht/4393234
[4363997] Could not find attributes for thiago almada (Olympique Lyonnais, 2024)
[4089288] Failed to build match row: Vejle Boldklub vs Football Club København
[4410775] Failed to build match row: Al-Orobah FC vs Al-Raed SFC
[3963020] Could not find attributes for kazu (UD Oliveirense, 2022)
[4694081] Failed to build match row: Hibernian Football Club vs Fudbalski Klub Partizan Beograd
[4363997] Failed to build match row: Association de la Jeunesse auxerroise vs Olympique Lyonnais
[3963020] Failed to build match row: UD Oliveirense vs CD Feirense
[3836606] Could not find attributes for matias riikonen (FC Inter Turku, 2022)
[3836606] Failed to build match row: FC Inter Turku vs FC Drita
[4649378] Could not find attributes for yuriy dyupin (FK Sochi, 2025)

Keepers & outfield error for **Stade brestois 29** in Stade brestois 29 vs Olympique Lyonnais: Numbers: 2 and 9.
[4625761] Could not find attributes for joao moutinho (Sporting Clube de Braga, 2025)
[4649378] Failed to build match row: FK Sochi vs FC Rubin Kazan
[4625761] Failed to build match row: Sporting Clube de Braga vs Levski Sofia
[3589536] Failed to build match row: Stade brestois 29 vs Olympique Lyonnais

Keepers & outfield error for **Real Betis Balompié S.A.D.** in Real Betis Balompié S.A.D. vs Cádiz CF: Numbers: 2 and 9.
[3605051] Failed to build match row: Real Betis Balompié S.A.D. vs Cádiz CF
[4196249] Could not find attributes for christos kasapidis (Kampaniakos, 2023)
[4196249] Failed to build match row: Kampaniakos vs A.G.S Asteras Tripolis
[3628763] Could not find attributes for alil magomedov (Legion-Dinamo Makhachkala, 2021)
[3420969] Could not find attributes for yuriy pankiv (FC Oleksandriya, 2020)

Keepers & outfield error for **Associazione Sportiva Roma** in AC Monza vs Associazione Sportiva Roma: Numbers: 0 and 11.
[4150555] Could not find attributes for boris kleyman (PAS Giannina, 2023)
[3420969] Failed to build match row: FC Oleksandriya vs Futbolniy Klub Dynamo Kyiv
[3628763] Failed to build match row: Legion-Dinamo Makhachkala vs Anzhi Makhachkala ( -2022)
[4150555] Failed to build match row: PAS Giannina vs Athlitiki Enosi Konstantinoupoleos
[3845062] Failed to build match row: AC Monza vs Associazione Sportiva Roma
[4089289] Could not find attributes for paulinho (Fodbold Club Midtjylland, 2023)
[4500281] Could not find attributes for oscar arroyo (UD Barbastro, 2024)
[4089289] Failed to build match row: Fodbold Club Midtjylland vs Silkeborg Idrætsforening

Keepers & outfield error for **Futebol Clube de Famalicão** in Futebol Clube de Famalicão vs Académico Viseu FC: Numbers: 0 and 11.
[4500281] Failed to build match row: UD Barbastro vs Espanol
[3963021] Failed to build match row: Futebol Clube de Famalicão vs Académico Viseu FC
[3682485] Could not find attributes for stuart mckenzie (Cove Rangers FC, 2021)

Keepers & outfield error for **Football Club de Nantes** in Football Club de Nantes vs Paris Saint-Germain Football Club: Numbers: 2 and 9.
[3682485] Failed to build match row: Cove Rangers FC vs Queen of the South FC
[3487491] Could not find attributes for alex maestresalas (Racing Rioja CF (-2024), 2020)
[4525709] Could not find attributes for love arrhov (Idrottsföreningen  Brommapojkarna, 2024)
[3487491] Failed to build match row: Racing Rioja CF (-2024) vs SD Eibar

Keepers & outfield error for **Association Football Club Bournemouth** in Arsenal Football Club vs Association Football Club Bournemouth: Numbers: 2 and 9.
[4363998] Failed to build match row: Football Club de Nantes vs Paris Saint-Germain Football Club
[4525709] Failed to build match row: Malmö Fotbollförening vs Idrottsföreningen  Brommapojkarna
[4648329] Could not find attributes for ismahila ouedraogo (Odense Boldklub, 2025)
[4640902] Could not find attributes for lazar balevic (Fudbalski klub Napredak Kruševac, 2025)
[4095430] Failed to build match row: Arsenal Football Club vs Association Football Club Bournemouth

Keepers & outfield error for **Real Betis Balompié S.A.D.** in Rayo Vallecano de Madrid S. A. D. vs Real Betis Balompié S.A.D.: Numbers: 2 and 9.
[4648329] Failed to build match row: Randers Fodbold Club vs Odense Boldklub

Keepers & outfield error for **Fatih Karagümrük Sportif Faaliyetler San. Tic. A.Ş.** in İstanbul Başakşehir Futbol Kulübü vs Fatih Karagümrük Sportif Faaliyetler San. Tic. A.Ş.: Numbers: 0 and 11.
[4640902] Failed to build match row: Fudbalski klub Napredak Kruševac vs Fudbalski Klub Radnički Niš
[4645782] Failed to build match row: Rayo Vallecano de Madrid S. A. D. vs Real Betis Balompié S.A.D.
[4368754] Could not find attributes for yevgeniy kucherenko (LNZ Cherkasy, 2024)
[4126789] Failed to build match row: İstanbul Başakşehir Futbol Kulübü vs Fatih Karagümrük Sportif Faaliyetler San. Tic. A.Ş.
[3429774] Could not find attributes for nampalys mendy (Leicester City, 2020)
[3433495] Could not find attributes for riccardo calafiori (Associazione Sportiva Roma, 2020)
[3429774] Failed to build match row: Burnley Football Club vs Leicester City
[4368754] Failed to build match row: LNZ Cherkasy vs FC Oleksandriya
[3433495] Failed to build match row: Associazione Sportiva Roma vs Atalanta Bergamasca Calcio S.p.a.
[3836607] Could not find attributes for andres prieto (Dinamo Tbilisi, 2022)

Keepers & outfield error for **Al-Qadsiah Saudi Football Club** in Al-Qadsiah Saudi Football Club vs Al-Nassr Football Club: Numbers: 2 and 9.
[4766836] Could not find attributes for carlos blanco (UE Sant Andreu, 2025)
[4410776] Failed to build match row: Al-Qadsiah Saudi Football Club vs Al-Nassr Football Club
[3836607] Failed to build match row: Dinamo Tbilisi vs Paide Linnameeskond
[4766836] Failed to build match row: UE Sant Andreu vs Celta
[4361831] Could not find attributes for antoniu manolache (Corvinul Hunedoara, 2024)
[4361831] Failed to build match row: Corvinul Hunedoara vs Paksi FC
[4623182] Could not find attributes for rajmund molnar (Morski Klub Sportowy Pogoń Szczecin, 2025)
[3909504] Could not find attributes for artem shabanov (Videoton FC, 2022)
[4393235] Could not find attributes for luccas claro (Eyüp Spor Kulübü, 2024)
[4623182] Failed to build match row: Morski Klub Sportowy Pogoń Szczecin vs Klub Sportowy Lechia Gdańsk
[4649379] Could not find attributes for rustam yatimov (FK Rostov, 2025)
[3909504] Failed to build match row: Videoton FC vs 1. Fußball-Club Köln
[4649379] Failed to build match row: FK Rostov vs AO FK Zenit Sankt-Peterburg
[4393235] Failed to build match row: Eyüp Spor Kulübü vs Samsunspor
[4353905] Could not find attributes for michael zadach (TuS Koblenz, 2024)
[4353905] Failed to build match row: TuS Koblenz vs Verein für Leibesübungen Wolfsburg
[4525710] Could not find attributes for abdullah iqbal (Mjällby Almänna Idrottsförening, 2024)
[4196382] Failed to scrape lineup: https://www.transfermarkt.co.uk/spielbericht/index/spielbericht/4196382
[4525710] Failed to build match row: Mjällby Almänna Idrottsförening vs Idrottsföreningen Kamraterna Göteborg

Keepers & outfield error for **Fulham Football Club** in Brentford Football Club vs Fulham Football Club: Numbers: 2 and 9.

Keepers & outfield error for **Clube Atlético Mineiro** in Clube Atlético Mineiro vs S. A. F. Botafogo: Numbers: 0 and 11.
[4582145] Failed to build match row: Clube Atlético Mineiro vs S. A. F. Botafogo
[4095431] Failed to build match row: Brentford Football Club vs Fulham Football Club
[4445086] Could not find attributes for in beom hwang (Feyenoord Rotterdam, 2024)
[4694082] Could not find attributes for dominik holec (FC Baník Ostrava a.s., 2025)
[4803364] Could not find attributes for hyeong keun kim (Bucheon Football Club 1995, 2025)
[3628764] Could not find attributes for evgeniy archibasov (Zenit Izhevsk, 2021)
[4803364] Failed to build match row: Jeonbuk Hyundai Motors vs Bucheon Football Club 1995
[4625762] Could not find attributes for dominik holec (FC Baník Ostrava a.s., 2025)
[4445086] Failed to build match row: Sport Lisboa e Benfica vs Feyenoord Rotterdam
[4694082] Failed to build match row: Fußballklub Austria Wien vs FC Baník Ostrava a.s.
[3628764] Failed to build match row: Zenit Izhevsk vs Torpedo Miass
[4716116] Failed to build match row: Jagiellonia-Bialystok Sportowa Spólka Akcyjna vs Kuopion Palloseura
[4625762] Failed to build match row: FC Baník Ostrava a.s. vs Legia Warszawa Spółka Akcyjna

Keepers & outfield error for **Atalanta Bergamasca Calcio S.p.a.** in Atalanta Bergamasca Calcio S.p.a. vs AC Monza: Numbers: 2 and 9.
[4649380] Could not find attributes for stanislav agkatsev (FK Krasnodar, 2025)
[3682486] Could not find attributes for gregor buchanan (Dumbarton FC, 2021)
[4501647] Could not find attributes for stanislav agkatsev (FK Krasnodar, 2024)
[3598206] Could not find attributes for vini souza (Yellow-Red Koninklijke Voetbalclub Mechelen, 2021)
[4150556] Could not find attributes for alexei koselev (PAS Lamia 1964, 2023)
[3420970] Could not find attributes for oleksandr bandura (FC Rukh Lviv, 2020)
[3682486] Failed to build match row: Dumbarton FC vs Sauchie Juniors FC
[4649380] Failed to build match row: FK Krasnodar vs FC Orenburg

Keepers & outfield error for **Elche Club de Fútbol S.A.D.** in Real Club Deportivo Mallorca S.A.D. vs Elche Club de Fútbol S.A.D.: Numbers: 0 and 11.
[4501647] Failed to build match row: FK Krasnodar vs RFK Akhmat Grozny
[3598206] Failed to build match row: Yellow-Red Koninklijke Voetbalclub Mechelen vs Royal Standard Club de Liège
[4150556] Failed to build match row: PAS Lamia 1964 vs APS Atromitos Athinon
[4373995] Failed to build match row: Atalanta Bergamasca Calcio S.p.a. vs AC Monza
[4645783] Failed to build match row: Real Club Deportivo Mallorca S.A.D. vs Elche Club de Fútbol S.A.D.
[3420970] Failed to build match row: FC Rukh Lviv vs FC Zorya Lugansk
[4525711] Could not find attributes for kojo peprah oppong (IFK Norrköping, 2024)
[4525711] Failed to build match row: IFK Norrköping vs BK Häcken
[3433497] Could not find attributes for guglielmo vicario (Cagliari Calcio, 2020)
[3433497] Failed to build match row: Udinese Calcio vs Cagliari Calcio
[3860338] Could not find attributes for campanharo (Kayserispor Kulübü, 2022)
[4410777] Could not find attributes for hussain al zarie (Al-Fateh Club, 2024)
[3836608] Could not find attributes for linas klimavicius (FK Panevezys, 2022)
[3860338] Failed to build match row: Gaziantep Futbol Kulübü A.Ş. vs Kayserispor Kulübü
[4640903] Could not find attributes for luka lijeskic (FK Radnički 1923 Kragujevac, 2025)
[3487492] Could not find attributes for tia coll (CD Cardassar, 2020)

Keepers & outfield error for **Real Betis Balompié S.A.D.** in Real Betis Balompié S.A.D. vs Cádiz CF: Numbers: 0 and 11.
[4403344] Could not find attributes for georgios kornezos (PAS Lamia 1964, 2024)
[4410777] Failed to build match row: Al-Fateh Club vs Al-Ittihad Football Club
[3836608] Failed to build match row: FK Panevezys vs FC Milsami Orhei
[4361832] Could not find attributes for qismat aliyev (Zira FC, 2024)
[4640903] Failed to build match row: FK Radnički 1923 Kragujevac vs Fudbalski klub Radnik Surdulica
[3886611] Failed to build match row: Real Betis Balompié S.A.D. vs Cádiz CF
[3487492] Failed to build match row: CD Cardassar vs Club Atlético de Madrid S.A.D.
[4361832] Failed to build match row: Zira FC vs FC Sheriff Tiraspol
[4403344] Failed to build match row: PAS Lamia 1964 vs Athens Kallithea
[3909905] Could not find attributes for vitaliy gudiev (FC Khimki (-2025), 2022)

Keepers & outfield error for **Leeds United Association Football Club** in Fulham Football Club vs Leeds United Association Football Club: Numbers: 2 and 9.

Keepers & outfield error for **UD Las Palmas** in UD Las Palmas vs Villarreal Club de Fútbol S.A.D.: Numbers: 2 and 9.
[4198826] Could not find attributes for nikolay sysuev (FC Orenburg, 2023)
[3909905] Failed to build match row: FC Khimki (-2025) vs FK Krasnodar
[4112822] Failed to build match row: UD Las Palmas vs Villarreal Club de Fútbol S.A.D.
[3429776] Failed to build match row: Fulham Football Club vs Leeds United Association Football Club
[4198826] Failed to build match row: FC Orenburg vs Fakel Voronezh
[4368755] Could not find attributes for mykyta burda (FK Kolos Kovalivka, 2024)
[4368755] Failed to build match row: FK Kolos Kovalivka vs Ingulets Petrove
[4766837] Could not find attributes for guillem castell (CD Atlético Baleares, 2025)
[4150557] Could not find attributes for julian cuesta (Aris Thessalonikis, 2023)
[4150557] Failed to build match row: Aris Thessalonikis vs APS Atromitos Athinon
[4766837] Failed to build match row: CD Atlético Baleares vs Espanol
[4625763] Could not find attributes for dominik holec (FC Baník Ostrava a.s., 2025)
[4625763] Failed to build match row: Legia Warszawa Spółka Akcyjna vs FC Baník Ostrava a.s.
[4716117] Could not find attributes for henry bonello (Hamrun Spartans, 2025)
[3628765] Could not find attributes for bogdan karyukin (Dinamo Barnaul, 2021)
[3628765] Failed to build match row: Dinamo Barnaul vs FC Tyumen
[4716117] Failed to build match row: Jagiellonia-Bialystok Sportowa Spólka Akcyjna vs Hamrun Spartans
[4098904] Could not find attributes for mark mampassi (KV Kortrijk, 2023)
[4649381] Could not find attributes for sergey pesjakov (PFK Krylya Sovetov Samara, 2025)

Keepers & outfield error for **Verona Hellas Football Club** in Verona Hellas Football Club vs Associazione Calcio Fiorentina: Numbers: 2 and 9.
[4649381] Failed to build match row: PFK Krylya Sovetov Samara vs Akron Togliatti
[3433498] Failed to build match row: Verona Hellas Football Club vs Associazione Calcio Fiorentina
[4098904] Failed to build match row: KV Kortrijk vs Koninklijke Atletiek Associatie Gent
[4634203] Could not find attributes for vini souza (Verein für Leibesübungen Wolfsburg, 2025)
[3682487] Could not find attributes for steven hetherington (Falkirk Football & Athletic Club, 2021)
[3682487] Failed to build match row: Falkirk Football & Athletic Club vs Raith Rovers FC
[4634203] Failed to build match row: Verein für Leibesübungen Wolfsburg vs Turn- und Sportgemeinschaft 1899 Hoffenheim Fußball-Spielbetriebs

Keepers & outfield error for **Getafe Club de Fútbol S. A. D. Team Dubai** in Getafe Club de Fútbol S. A. D. Team Dubai vs Espanol: Numbers: 2 and 9.
[4126790] Could not find attributes for britt assombalonga (Antalyaspor, 2023)
[4645784] Failed to build match row: Getafe Club de Fútbol S. A. D. Team Dubai vs Espanol
[4640904] Could not find attributes for marko milosevic (Fudbalski Klub Partizan Beograd, 2025)
[4803365] Could not find attributes for geon ung kim (Jeju SK Football Club, 2025)
[4126790] Failed to build match row: Antalyaspor vs Konyaspor
[4640904] Failed to build match row: Fudbalski Klub Partizan Beograd vs Fudbalski Klub Spartak Ždrepčeva krv
[4501648] Could not find attributes for ivan kuznetsov (Ural Yekaterinburg, 2024)
[4364001] Could not find attributes for wilfried ndollo (Montpellier HSC, 2024)
[4501648] Failed to build match row: Ural Yekaterinburg vs FC Rubin Kazan
[4095433] Could not find attributes for vitinho (Burnley Football Club, 2023)
[4364001] Failed to build match row: Angers Sporting Club de l'Ouest vs Montpellier HSC
[3839508] Could not find attributes for arne engels (Fußball-Club Augsburg 1907, 2022)
[4803365] Failed to build match row: Jeju SK Football Club vs Gwangju Football Club
[4198827] Could not find attributes for yuriy dyupin (FC Rubin Kazan, 2023)
[4089519] Could not find attributes for gilli sorensen (Vejle Boldklub, 2023)
[3839508] Failed to build match row: Fußball-Club Augsburg 1907 vs Verein für Bewegungsspiele Stuttgart 1893
[4095433] Failed to build match row: Burnley Football Club vs Newcastle United Football Club
[4089519] Failed to build match row: Silkeborg Idrætsforening vs Vejle Boldklub
[4198827] Failed to build match row: FC Rubin Kazan vs PFK CSKA Moskva
[3598207] Could not find attributes for robert bauer (St Truiden, 2021)

Keepers & outfield error for **Allmänna Idrottsklubben** in Allmänna Idrottsklubben vs Malmö Fotbollförening: Numbers: 0 and 11.
[4525714] Failed to build match row: Allmänna Idrottsklubben vs Malmö Fotbollförening
[3845064] Could not find attributes for manolo gabbiadini (UC Sampdoria, 2022)
[3836609] Could not find attributes for mario dajsinani (KF Laçi, 2022)
[3433499] Could not find attributes for ardian ismajli (Spezia Calcio, 2020)
[3598207] Failed to build match row: St Truiden vs KV Oostende
[3836609] Failed to build match row: KF Laçi vs FK Iskra Danilovgrad
[3433499] Failed to build match row: Spezia Calcio vs Football Club Internazionale Milano S.p.A.
[4623183] Could not find attributes for elves balde (Radomiak S.A., 2025)
[3845064] Failed to build match row: UC Sampdoria vs Torino Calcio
[4150558] Could not find attributes for alexandros anagnostopoulos (Athlitiki Enosi Kifisias, 2023)
[4623183] Failed to build match row: Radomiak S.A. vs Gliwicki Klub Sportowy Piast Spółka Akcyjna

Keepers & outfield error for **Villarreal Club de Fútbol S.A.D.** in Real Madrid Club de Fútbol vs Villarreal Club de Fútbol S.A.D.: Numbers: 2 and 9.
[3420971] Could not find attributes for artem kychak (Olimpik Donetsk, 2020)
[4150558] Failed to build match row: Athlitiki Enosi Kifisias vs Athlitiki Enosi Konstantinoupoleos
[3886612] Failed to build match row: Real Madrid Club de Fútbol vs Villarreal Club de Fútbol S.A.D.
[4501649] Failed to scrape lineup: https://www.transfermarkt.co.uk/spielbericht/index/spielbericht/4501649
[3420971] Failed to build match row: Olimpik Donetsk vs Desna Chernigiv
[4361833] Could not find attributes for ilir avdyli (KF Llapi, 2024)
[4361833] Failed to build match row: KF Llapi vs Wisla Kraków
[4716118] Could not find attributes for zan luk leban (NK Celje, 2025)
[3589538] Could not find attributes for jemerson (Football Club de Metz, 2021)
[4403345] Could not find attributes for domagoj vida (Athlitiki Enosi Konstantinoupoleos, 2024)
[3614542] Could not find attributes for kevin bonifazi (Bologna Football Club 1909, 2021)
[4716118] Failed to build match row: NK Celje vs Legia Warszawa Spółka Akcyjna
[4368756] Could not find attributes for yevgeniy kucherenko (LNZ Cherkasy, 2024)
Filathlon Irakliou FC
[3614542] Failed to build match row: Bologna Football Club 1909 vs Verona Hellas Football Club
[3589538] Failed to build match row: Football Club Lorient-Bretagne Sud vs Football Club de Metz
[4368756] Failed to build match row: LNZ Cherkasy vs FK Karpaty Lviv
[4098905] Could not find attributes for sergiy sydorchuk (Koninklijke Voetbal Club Westerlo, 2023)
[3909906] Could not find attributes for nikita goylo (FK Nizhny Novgorod, 2022)
[3628779] Could not find attributes for vladimir mukhin (Zvezda St. Petersburg, 2021)
[3909906] Failed to build match row: FK Nizhny Novgorod vs Футбольный клуб "Локомотив" Москва
[4098905] Failed to build match row: Koninklijke Voetbal Club Westerlo vs RWD Molenbeek
[4525715] Could not find attributes for filip manojlovic (Djurgårdens Idrottsförening, 2024)
[3628779] Failed to build match row: Zvezda St. Petersburg vs FC Leningradets
[4694084] Could not find attributes for jonas svensson (Beşiktaş Jimnastik Kulübü, 2025)

Keepers & outfield error for **Real Valladolid CF** in Athletic Club Bilbao vs Real Valladolid CF: Numbers: 2 and 9.
[4525715] Failed to build match row: Hammarby IF vs Djurgårdens Idrottsförening
[3451424] Failed to build match row: Athletic Club Bilbao vs Real Valladolid CF
[4640905] Could not find attributes for zoran popovic (Železničar Pančevo, 2025)
[4694084] Failed to build match row: Beşiktaş Jimnastik Kulübü vs St. Patrick's Athletic
[4640905] Failed to build match row: Železničar Pančevo vs Fudbalski klub Crvena zvezda Beograd
[4649382] Could not find attributes for vladislav torop (PFK CSKA Moskva, 2025)
[4649382] Failed to build match row: PFK CSKA Moskva vs Футбольный клуб "Локомотив" Москва
[4198828] Could not find attributes for ilya lantratov (Футбольный клуб "Локомотив" Москва, 2023)

Keepers & outfield error for **Valencia Club de Fútbol S. A. D.** in UD Almería vs Valencia Club de Fútbol S. A. D.: Numbers: 2 and 9.
[4198828] Failed to build match row: Футбольный клуб "Локомотив" Москва vs FK Dinamo Moskva
[3860339] Could not find attributes for gokhan akkan (MKE Ankaragücü, 2022)
[3860339] Failed to build match row: Kasımpaşa A.Ş. vs MKE Ankaragücü
[3886613] Failed to build match row: UD Almería vs Valencia Club de Fútbol S. A. D.
[3682488] Could not find attributes for arron darge (Gala Fairydean Rovers FC, 2021)
[4361834] Could not find attributes for stas pokatilov (Tobol Kostanay, 2024)
[3682488] Failed to build match row: Gala Fairydean Rovers FC vs Annan Athletic FC
[4648334] Could not find attributes for ismahila ouedraogo (Odense Boldklub, 2025)
[4361834] Failed to build match row: Tobol Kostanay vs MFK Ruzomberok
[4648334] Failed to build match row: Odense Boldklub vs Silkeborg Idrætsforening
[3839509] Could not find attributes for tolga cigerci (Hertha BSC, 2022)
[4150559] Could not find attributes for alexandros paschalakis (Olympiakos Syndesmos Filathlon Peiraios, 2023)
[3839509] Failed to build match row: Hertha BSC vs Sportverein Werder Bremen von 1899
[4150559] Failed to build match row: Olympiakos Syndesmos Filathlon Peiraios vs Panthessalonikios Athlitikos Omilos Konstantinoupoliton
[4364002] Could not find attributes for juma bah (Racing Club de Lens, 2024)
[4501650] Could not find attributes for timur magomedov (Dinamo Makhachkala, 2024)
[3580982] Could not find attributes for nigel lonwijk (Fortuna Sittardia Combinatie, 2021)
[4501650] Failed to build match row: Dinamo Makhachkala vs Футбольный клуб "Локомотив" Москва
[4364002] Failed to build match row: Racing Club de Lens vs Stade Reims
[3580982] Failed to build match row: Alkmaar Zaanstreek vs Fortuna Sittardia Combinatie
[3909907] Could not find attributes for aleksandr maksimenko (FK Spartak Moskva, 2022)
[3909907] Failed to build match row: FK Spartak Moskva vs PFK Krylya Sovetov Samara
[4716119] Could not find attributes for zan luk leban (NK Celje, 2025)

Keepers & outfield error for **CD Ebro** in CD Ebro vs Club Atlético Osasuna: Numbers: 0 and 11.
[4766838] Failed to build match row: CD Ebro vs Club Atlético Osasuna
[4716119] Failed to build match row: NK Celje vs Athlitiki Enosi Konstantinoupoleos
[4095434] Could not find attributes for djordje petrovic (Chelsea Football Club, 2023)
[4095434] Failed to build match row: Chelsea Football Club vs West Ham United Football Club
[4403346] Could not find attributes for alexei koselev (APS Atromitos Athinon, 2024)
[3605055] Could not find attributes for nemanja radoja (Levante Unión Deportiva S.A.D., 2021)
[3605055] Failed to build match row: Levante Unión Deportiva S.A.D. vs Real Madrid Club de Fútbol
[4403346] Failed to build match row: APS Atromitos Athinon vs Aris Thessalonikis
[4368757] Could not find attributes for artem shabanov (FC Oleksandriya, 2024)
[3628780] Could not find attributes for vitaliy shilnikov (Dinamo Vladivostok, 2021)
[3628780] Failed to build match row: Dinamo Vladivostok vs Kairat Moscow ( -2022)
[4368757] Failed to build match row: FC Oleksandriya vs FC Shakhtar Donetsk
[3412878] Could not find attributes for makoto hasebe (Eintracht Frankfurt Fußball AG, 2020)

Keepers & outfield error for **Olympique de Marseille** in Olympique de Marseille vs Football Club de Nantes: Numbers: 2 and 9.
[3589539] Failed to build match row: Olympique de Marseille vs Football Club de Nantes
[3412878] Failed to build match row: Eintracht Frankfurt Fußball AG vs Sport-Club Freiburg
[3836610] Could not find attributes for enea kolici (SC Gjilani, 2022)
[4803366] Could not find attributes for geon joo choi (Football Club Anyang, 2025)
[4803366] Failed to build match row: Foundation Coorperation Hana Financial Group Inc. Football Club vs Football Club Anyang

Keepers & outfield error for **Espanol** in Espanol vs Athletic Club Bilbao: Numbers: 0 and 11.
[3836610] Failed to build match row: SC Gjilani vs FK Liepaja
[4640906] Could not find attributes for zeljko samcovic (Fudbalski Klub Novi Pazar, 2025)
[4089522] Could not find attributes for paulinho (Fodbold Club Midtjylland, 2023)
[4089522] Failed to build match row: Lyngby Boldklub vs Fodbold Club Midtjylland
[4525716] Could not find attributes for ari sigurpalsson (Idrottsföreningen Elfsborg, 2024)
[3451425] Could not find attributes for miguel atienza (SD Eibar, 2020)
[4640906] Failed to build match row: Fudbalski Klub Novi Pazar vs Omladinski fudbalski klub Beograd
[3886614] Failed to build match row: Espanol vs Athletic Club Bilbao
[3451425] Failed to build match row: Club Atlético de Madrid S.A.D. vs SD Eibar
[4525716] Failed to build match row: Idrottsföreningen Elfsborg vs IFK Norrköping
[3614543] Could not find attributes for nikola maksimovic (Genoa Cricket and Football Club, 2021)
[4098906] Could not find attributes for parfait guiagon (Royal Charleroi Sporting Club, 2023)
[3614543] Failed to build match row: Cagliari Calcio vs Genoa Cricket and Football Club
[4625765] Could not find attributes for basile vroninks (Royal Sporting Club Anderlecht, 2025)
[4098906] Failed to build match row: Royal Charleroi Sporting Club vs Yellow-Red Koninklijke Voetbalclub Mechelen
[4501651] Could not find attributes for vladislav torop (PFK CSKA Moskva, 2024)
[4625765] Failed to build match row: BK Häcken vs Royal Sporting Club Anderlecht
[4501651] Failed to build match row: PFK CSKA Moskva vs FK Dinamo Moskva

Keepers & outfield error for **Sport Club Internacional** in Grêmio Foot-Ball Porto Alegrense vs Sport Club Internacional: Numbers: 0 and 11.
[4716120] Could not find attributes for zan luk leban (NK Celje, 2025)
[4582146] Failed to build match row: Grêmio Foot-Ball Porto Alegrense vs Sport Club Internacional
[4198829] Could not find attributes for evgeniy latyshonok (FK Baltika, 2023)
[3582978] Could not find attributes for sergey pesjakov (FK Rostov, 2021)
[4198829] Failed to build match row: FK Baltika vs FK Krasnodar
[4716120] Failed to build match row: NK Celje vs Shelbourne FC
[3582978] Failed to build match row: FK Rostov vs FK Dinamo Moskva
[4694085] Could not find attributes for anatoli gospodinov (Arda Kardzhali, 2025)
[4649383] Could not find attributes for evgeniy staver (FC Rubin Kazan, 2025)
[4694085] Failed to build match row: Arda Kardzhali vs FK Kauno Zalgiris
[4645786] Could not find attributes for leander dendoncker (Real Oviedo S.A.D., 2025)
[4649383] Failed to build match row: FC Rubin Kazan vs FK Nizhny Novgorod
[4361835] Could not find attributes for lazar carevic (Fudbalski Klub Vojvodina, 2024)
[4095436] Failed to scrape lineup: https://www.transfermarkt.co.uk/liverpool-fc_tottenham-hotspur/index/spielbericht/4095436
[4645786] Failed to build match row: Sevilla Fútbol Club S.A.D. vs Real Oviedo S.A.D.
[4361835] Failed to build match row: AFC Ajax Amsterdam vs Fudbalski Klub Vojvodina

Keepers & outfield error for **FC Penafiel** in Sport Lisboa e Benfica vs FC Penafiel: Numbers: 2 and 9.
[4126792] Could not find attributes for renaldo cephas (MKE Ankaragücü, 2023)
[4648336] Could not find attributes for philip billing (Fodbold Club Midtjylland, 2025)
adrid S. A. D. vs Club Atlético de Madrid S.A.D.: Numbers: 2 and 9.
[3963022] Failed to build match row: Sport Lisboa e Benfica vs FC Penafiel
[3433502] Failed to scrape lineup: https://www.transfermarkt.co.uk/fc-crotone_uc-sampdoria/index/spielbericht/3433502
[3886615] Failed to build match row: Rayo Vallecano de Madrid S. A. D. vs Club Atlético de Madrid S.A.D.
[4126792] Failed to build match row: MKE Ankaragücü vs Adana Demirspor
[4648336] Failed to build match row: Randers Fodbold Club vs Fodbold Club Midtjylland
[4803367] Could not find attributes for kento nishiya (Football Club Pohang Steelers, 2025)

Keepers & outfield error for **RasenBallsport Leipzig** in 1. Fußballclub Union Berlin vs RasenBallsport Leipzig: Numbers: 0 and 11.
[3909908] Could not find attributes for nuraly alip (AO FK Zenit Sankt-Peterburg, 2022)
[4803367] Failed to build match row: Football Club Pohang Steelers vs Gangwon Football Club
[3909908] Failed to build match row: AO FK Zenit Sankt-Peterburg vs Fakel Voronezh
[3412879] Failed to build match row: 1. Fußballclub Union Berlin vs RasenBallsport Leipzig
[4373999] Failed to scrape lineup: https://www.transfermarkt.co.uk/genoa-cfc_acf-fiorentina/index/spielbericht/4373999
[3682489] Could not find attributes for roddy macgregor (Inverness Caledonian Thistle FC, 2021)
[4368758] Could not find attributes for dmytro ledviy (FC Rukh Lviv, 2024)
[4410778] Could not find attributes for gabriel vareta (Al-Fayha FC, 2024)
[3682489] Failed to build match row: Inverness Caledonian Thistle FC vs Greenock Morton FC
[4410778] Failed to build match row: Al-Ahli Saudi Football Club vs Al-Fayha FC
[4368758] Failed to build match row: FC Rukh Lviv vs FC Zorya Lugansk
[3836611] Could not find attributes for nicolae calancea (FK Sfîntul Gheorghe Suruceni (- 2023), 2022)
[4403347] Could not find attributes for marios siampanis (Volou Neos Podosferikos Syllogos, 2024)
[4353911] Could not find attributes for johannes brinkies (Kickers Offenbach, 2024)
[3451426] Could not find attributes for ilaix moriba (Futbol Club Barcelona, 2020)
[4393237] Could not find attributes for ogun ozcicek (Gaziantep Futbol Kulübü A.Ş., 2024)
[3836611] Failed to build match row: FK Sfîntul Gheorghe Suruceni (- 2023) vs NS Mura
[4353911] Failed to build match row: Kickers Offenbach vs 1.FC Magdeburg
[3451426] Failed to build match row: Futbol Club Barcelona vs Granada CF
[4403347] Failed to build match row: Volou Neos Podosferikos Syllogos vs Olympiakos Syndesmos Filathlon Peiraios
[4393237] Failed to build match row: Gaziantep Futbol Kulübü A.Ş. vs Çaykur Rizespor Kulübü
[4150560] Could not find attributes for stefanos kapino (Panetolikos Agrinio, 2023)
[3839511] Could not find attributes for dennis geiger (Turn- und Sportgemeinschaft 1899 Hoffenheim Fußball-Spielbetriebs, 2022)
[4150560] Failed to build match row: Panetolikos Agrinio vs A.G.S Asteras Tripolis
[3839511] Failed to build match row: RasenBallsport Leipzig vs Turn- und Sportgemeinschaft 1899 Hoffenheim Fußball-Spielbetriebs
[4766839] Could not find attributes for fabrizio danese (CD Numancia, 2025)
[4766839] Failed to build match row: CD Numancia vs Real Club Deportivo Mallorca S.A.D.
[3860341] Could not find attributes for gorkem saglam (Giresunspor, 2022)
[3860341] Failed to build match row: Giresunspor vs Istanbulspor
[4623185] Could not find attributes for paskal meyer (Motor Lublin Spółka Akcyjna, 2025)
[4640907] Could not find attributes for vladimir stojkovic (Fudbalski klub Čukarički Beograd, 2025)
[4623185] Failed to build match row: Zagłębie Lubin Spółka Akcyjna vs Motor Lublin Spółka Akcyjna
[4640907] Failed to build match row: Fudbalski klub Čukarički Beograd vs Fudbalski Klub Vojvodina
[4803368] Could not find attributes for sung yun gu (Football Club Seoul, 2025)
[4525717] Could not find attributes for oskar agren (Göteborgs Atlet- och Idrottssällskap, 2024)
[4198830] Could not find attributes for ilya pomazun (Ural Yekaterinburg, 2023)
[4803368] Failed to build match row: Ulsan Hyundai Football Club vs Football Club Seoul
[4198830] Failed to build match row: Ural Yekaterinburg vs FK Sochi
[3628781] Could not find attributes for semen morozov (Volga Uljanovsk, 2021)
[4525717] Failed to build match row: Göteborgs Atlet- och Idrottssällskap vs Degerfors IF
[4648337] Could not find attributes for michael gregoritsch (Brøndby Idrætsforening, 2025)
[3836612] Could not find attributes for johannes kreidl (Kuopion Palloseura, 2022)
[3628781] Failed to build match row: Volga Uljanovsk vs FK Saransk ( -2022)
[4648337] Failed to build match row: Brøndby Idrætsforening vs Football Club København
[4150561] Failed to scrape lineup: https://www.transfermarkt.co.uk/panserraikos_ofi-crete-fc/index/spielbericht/4150561
[3836612] Failed to build match row: Kuopion Palloseura vs FC Dila Gori
[4364004] Could not find attributes for remy descamps (Olympique Lyonnais, 2024)
[3429778] Could not find attributes for ki jana hoever (Wolverhampton Wanderers Football Club, 2020)
[4098908] Could not find attributes for parfait guiagon (Royal Charleroi Sporting Club, 2023)
[4445093] Could not find attributes for nicolo savona (Juventus Football Club, 2024)
[4364004] Failed to build match row: AS Saint-Étienne vs Olympique Lyonnais
[4445093] Failed to build match row: Club Brugge Koninklijke Voetbalvereniging vs Juventus Football Club
[4098908] Failed to build match row: Royal Standard Club de Liège vs Royal Charleroi Sporting Club
[3429778] Failed to build match row: Manchester City Football Club vs Wolverhampton Wanderers Football Club
[4403348] Could not find attributes for kyriakos papadopoulos (APO Levadiakos Football Club, 2024)

Keepers & outfield error for **Manchester City Football Club** in Manchester City Football Club vs Wolverhampton Wanderers Football Club: Numbers: 0 and 11.
[4625766] Could not find attributes for soumaila magassouba (FC Sheriff Tiraspol, 2025)
[3845069] Failed to scrape lineup: https://www.transfermarkt.co.uk/us-lecce_hellas-verona/index/spielbericht/3845069
[4623186] Failed to scrape lineup: https://www.transfermarkt.co.uk/cracovia_gornik-zabrze/index/spielbericht/4623186
[3582979] Could not find attributes for nikita chernov (PFK Krylya Sovetov Samara, 2021)
[4095438] Failed to build match row: Manchester City Football Club vs Wolverhampton Wanderers Football Club
[4625766] Failed to build match row: FC Sheriff Tiraspol vs Football Club Utrecht
[3582979] Failed to build match row: PFK Krylya Sovetov Samara vs RFK Akhmat Grozny
[4403348] Failed to build match row: APO Levadiakos Football Club vs Athens Kallithea
[4649384] Could not find attributes for egor lyubakov (FK Baltika, 2025)
[4649384] Failed to build match row: FK Baltika vs FK Dinamo Moskva
[3487493] Could not find attributes for javi fernandez (CD Rincón, 2020)

Keepers & outfield error for **Bayer 04 Leverkusen Fußball** in 1. Fußballclub Union Berlin vs Bayer 04 Leverkusen Fußball: Numbers: 2 and 9.
[3487493] Failed to build match row: CD Rincón vs Alaves
[4645788] Failed to scrape lineup: https://www.transfermarkt.co.uk/atletico-de-madrid_valencia-cf/index/spielbericht/4645788
[3682490] Could not find attributes for darren jamieson (Kelty Hearts FC, 2021)
[3839512] Failed to build match row: 1. Fußballclub Union Berlin vs Bayer 04 Leverkusen Fußball
[4353912] Could not find attributes for soren reddemann (FC Carl Zeiss Jena, 2024)
[3682490] Failed to build match row: Kelty Hearts FC vs Montrose FC
[4361837] Failed to scrape lineup: https://www.transfermarkt.co.uk/spielbericht/index/spielbericht/4361837
[4353912] Failed to build match row: FC Carl Zeiss Jena vs Bayer 04 Leverkusen Fußball
[4198831] Could not find attributes for aleksandr maksimenko (FK Spartak Moskva, 2023)

Keepers & outfield error for **Torino Calcio** in Bologna Football Club 1909 vs Torino Calcio: Numbers: 2 and 9.
[3433504] Failed to build match row: Bologna Football Club 1909 vs Torino Calcio
[4410779] Could not find attributes for saad bguir (Al-Wehda FC, 2024)
[4198831] Failed to build match row: FK Spartak Moskva vs FK Nizhny Novgorod
[4126793] Could not find attributes for dal varesanovic (Çaykur Rizespor Kulübü, 2023)
[4410779] Failed to build match row: Al-Taawoun Football Club vs Al-Wehda FC
[4150562] Could not find attributes for boris kleyman (PAS Giannina, 2023)
[3412880] Could not find attributes for mehmet aydin (FC Schalke 04, 2020)
[4126793] Failed to build match row: Çaykur Rizespor Kulübü vs Alanyaspor
[4150562] Failed to build match row: PAS Giannina vs Volou Neos Podosferikos Syllogos
[3412880] Failed to build match row: 1. Fußball-Club Köln vs FC Schalke 04

Keepers & outfield error for **Girona Fútbol Club S. A. D.** in Girona Fútbol Club S. A. D. vs Sevilla Fútbol Club S.A.D.: Numbers: 2 and 9.
[4112826] Failed to build match row: Girona Fútbol Club S. A. D. vs Sevilla Fútbol Club S.A.D.
[3909909] Could not find attributes for mikhail oparin (RFK Akhmat Grozny, 2022)

Keepers & outfield error for **Gwangju Football Club** in Gwangju Football Club vs Incheon United Football Club: Numbers: 0 and 11.
[3909909] Failed to build match row: RFK Akhmat Grozny vs FC Orenburg
[4803369] Failed to build match row: Gwangju Football Club vs Incheon United Football Club
[4368759] Could not find attributes for pavlo isenko (Vorskla Poltava, 2024)
[4095439] Failed to scrape lineup: https://www.transfermarkt.co.uk/sheffield-united_nottingham-forest/index/spielbericht/4095439
[4368759] Failed to build match row: Futbolniy Klub Dynamo Kyiv vs Vorskla Poltava
[4098909] Could not find attributes for mark mampassi (KV Kortrijk, 2023)
adost Lučani, 2025)
[4640908] Failed to build match row: Fudbalski Klub Mladost Lučani vs Fudbalski klub TSC Bačka Topola
[4098909] Failed to build match row: Koninklijke Racing Club Genk vs KV Kortrijk
[4393238] Could not find attributes for malcom bokele (Göztepe Sportif Yatırımlar A.Ş., 2024)
[4393238] Failed to build match row: Göztepe Sportif Yatırımlar A.Ş. vs Adana Demirspor
[3420972] Could not find attributes for maksym lopyryonok (FC Minaj, 2020)
[3420972] Failed to build match row: FC Minaj vs FK Kolos Kovalivka
[4716121] Could not find attributes for martin zlomislic (Hrvatski Nogometni Klub Rijeka, 2025)
[3628782] Could not find attributes for anatoliy malashenko (Dinamo Stavropol, 2021)
[3429779] Could not find attributes for phil jagielka (Sheffield United, 2020)
[3963023] Could not find attributes for bruno bolas (SC Covilhã, 2022)
[4716121] Failed to build match row: Hrvatski Nogometni Klub Rijeka vs AC Sparta Praha, a. s.
[4089526] Could not find attributes for gilli sorensen (Vejle Boldklub, 2023)
[3628782] Failed to build match row: Dinamo Stavropol vs Biolog-Novokubansk Progress
[3963023] Failed to build match row: Portimonense SC vs SC Covilhã
[3429779] Failed to build match row: Sheffield United vs Aston Villa Football Club

Keepers & outfield error for **Esporte Clube Bahia** in Esporte Clube Bahia vs Ceará Sporting Club: Numbers: 0 and 11.
[4766840] Could not find attributes for arthur bonaldo (CE Sabadell FC, 2025)
[4150563] Could not find attributes for alexei koselev (PAS Lamia 1964, 2023)
[4766840] Failed to build match row: CE Sabadell FC vs Deportivo de La Coruña
[4582147] Failed to build match row: Esporte Clube Bahia vs Ceará Sporting Club
[3682491] Could not find attributes for jamie sneddon (Partick Thistle FC, 2021)

Keepers & outfield error for **Association Football Club Bournemouth** in Association Football Club Bournemouth vs Brentford Football Club: Numbers: 2 and 9.
[4634205] Could not find attributes for rani khedira (1. Fußballclub Union Berlin, 2025)
[4150563] Failed to build match row: PAS Lamia 1964 vs Panathinaikos Athlitikos Omilos

Keepers & outfield error for **Sporting Clube de Braga** in Sporting Clube de Braga vs Maccabi Petah Tikva: Numbers: 0 and 11.
[4634205] Failed to build match row: 1. Fußballclub Union Berlin vs Sport-Club Freiburg
[4095441] Failed to build match row: Association Football Club Bournemouth vs Brentford Football Club
[3682491] Failed to build match row: Partick Thistle FC vs Dunfermline Athletic FC
[3598208] Failed to scrape lineup: https://www.transfermarkt.co.uk/kas-eupen_krc-genk/index/spielbericht/3598208
[4361838] Failed to build match row: Sporting Clube de Braga vs Maccabi Petah Tikva
[4198832] Could not find attributes for denis adamov (AO FK Zenit Sankt-Peterburg, 2023)
[3839513] Could not find attributes for michael gregoritsch (Sport-Club Freiburg, 2022)
[4198832] Failed to build match row: AO FK Zenit Sankt-Peterburg vs PFK Krylya Sovetov Samara
[4112827] Could not find attributes for chris ramos (Cádiz CF, 2023)
[4364006] Failed to scrape lineup: https://www.transfermarkt.co.uk/stade-brestois-29_rc-lens/index/spielbericht/4364006
[3839513] Failed to build match row: 1. Fußball-Club Köln vs Sport-Club Freiburg
[4403349] Could not find attributes for zeca (Panathinaikos Athlitikos Omilos, 2024)
[4403349] Failed to build match row: Panathinaikos Athlitikos Omilos vs A.G.S Asteras Tripolis
[4089527] Failed to scrape lineup: https://www.transfermarkt.co.uk/randers-fc_fc-nordsjaelland/index/spielbericht/4089527
[4112827] Failed to build match row: Alaves vs Cádiz CF
[4625767] Could not find attributes for soumaila magassouba (FC Sheriff Tiraspol, 2025)
[4445095] Failed to scrape lineup: https://www.transfermarkt.co.uk/spielbericht/index/spielbericht/4445095
[4410780] Could not find attributes for leandrinho (Al-Shabab Club, 2024)
[4625767] Failed to build match row: Football Club Utrecht vs FC Sheriff Tiraspol
[4697235] Could not find attributes for panagiotis chalatsis (PAS Giannina, 2025)
[4410780] Failed to build match row: Al-Shabab Club vs Al-Okhdood Club
[3433505] Could not find attributes for valentin antov (Bologna Football Club 1909, 2020)
[4697235] Failed to build match row: PAS Giannina vs Volou Neos Podosferikos Syllogos

Keepers & outfield error for **Levante Unión Deportiva S.A.D.** in Levante Unión Deportiva S.A.D. vs Elche Club de Fútbol S.A.D.: Numbers: 0 and 11.
[4353913] Could not find attributes for ali odabas (VfR Aalen, 2024)
[4649385] Could not find attributes for nikita karabashev (Dinamo Makhachkala, 2025)
[3433505] Failed to build match row: Atalanta Bergamasca Calcio S.p.a. vs Bologna Football Club 1909
[4353913] Failed to build match row: VfR Aalen vs FC Schalke 04
[4501652] Could not find attributes for maksim osipenko (FK Rostov, 2024)
[4803370] Could not find attributes for hyeong keun kim (Bucheon Football Club 1995, 2025)
[4501652] Failed to build match row: FK Rostov vs AO FK Zenit Sankt-Peterburg
[3909910] Could not find attributes for nikita medvedev (FK Rostov, 2022)
[4649385] Failed to build match row: Dinamo Makhachkala vs FK Spartak Moskva
[4645790] Failed to build match row: Levante Unión Deportiva S.A.D. vs Elche Club de Fútbol S.A.D.
[4126809] Could not find attributes for maksym koval (FC Sheriff Tiraspol, 2023)
[3909910] Failed to build match row: FK Rostov vs FK Dinamo Moskva
[3582980] Could not find attributes for aleksandr belenov (FK Ufa, 2021)
[4803370] Failed to build match row: Bucheon Football Club 1995 vs Foundation Coorperation Hana Financial Group Inc. Football Club
[4126809] Failed to build match row: FC Sheriff Tiraspol vs Maccabi Haifa
[3582980] Failed to build match row: PFK CSKA Moskva vs FK Ufa
[3412881] Could not find attributes for omer toprak (Sportverein Werder Bremen von 1899, 2020)
[3412881] Failed to build match row: Sportverein Werder Bremen von 1899 vs Mönchengladbach
[4393239] Could not find attributes for jonas svensson (Beşiktaş Jimnastik Kulübü, 2024)
[4393239] Failed to build match row: Beşiktaş Jimnastik Kulübü vs Fenerbahçe Spor Kulübü
[4368760] Could not find attributes for andriy klishchuk (FK Kryvbas Kryvyi Rig, 2024)
[4368760] Failed to build match row: FK Kryvbas Kryvyi Rig vs Ingulets Petrove
[4374000] Could not find attributes for juan cabal (Juventus Football Club, 2024)
[4374000] Failed to build match row: Juventus Football Club vs Parma Calcio 1913
[3682492] Failed to scrape lineup: https://www.transfermarkt.co.uk/spielbericht/index/spielbericht/3682492
[3605059] Failed to scrape lineup: https://www.transfermarkt.co.uk/fc-barcelona_getafe-cf/index/spielbericht/3605059
[4623187] Could not find attributes for matej rodin (Klub Sportowy Lechia Gdańsk, 2025)
[4640909] Could not find attributes for djordje skoko (Fudbalski Klub Javor Matis Ivanjica, 2025)
[4361839] Could not find attributes for lazar carevic (Fudbalski Klub Vojvodina, 2024)
[4623187] Failed to build match row: Miejski Klub Sportowy Korona Kielce Spółka Akcyjna vs Klub Sportowy Lechia Gdańsk
[4361839] Failed to build match row: Fudbalski Klub Vojvodina vs AFC Ajax Amsterdam

Keepers & outfield error for **Aston Villa Football Club** in Aston Villa Football Club vs Liverpool Football Club: Numbers: 0 and 11.
[4640909] Failed to build match row: Fudbalski Klub Javor Matis Ivanjica vs Fudbalski Klub Novi Pazar
[4095442] Failed to build match row: Aston Villa Football Club vs Liverpool Football Club
[3836613] Could not find attributes for ivan krajcirik (MFK Ruzomberok, 2022)
[4198833] Could not find attributes for sergey pesjakov (FK Rostov, 2023)

Keepers & outfield error for **Alanyaspor** in Alanyaspor vs Kayserispor Kulübü: Numbers: 2 and 9.
[4198833] Failed to build match row: FK Rostov vs RFK Akhmat Grozny
[3836613] Failed to build match row: MFK Ruzomberok vs FK Kauno Zalgiris
[3860343] Failed to build match row: Alanyaspor vs Kayserispor Kulübü
[4716122] Could not find attributes for martin zlomislic (Hrvatski Nogometni Klub Rijeka, 2025)
[4648340] Could not find attributes for philip billing (Fodbold Club Midtjylland, 2025)
[3487494] Could not find attributes for benat ochandorena (CD Cantolagua, 2020)
[4716122] Failed to build match row: Hrvatski Nogometni Klub Rijeka vs NK Celje
[4648340] Failed to build match row: Fodbold Club Nordsjælland vs Fodbold Club Midtjylland
[3487494] Failed to build match row: CD Cantolagua vs Real Valladolid CF
[3682493] Failed to scrape lineup: https://www.transfermarkt.co.uk/spielbericht/index/spielbericht/3682493
[3628783] Could not find attributes for dmitriy yashin (FK Krasava (-2022), 2021)
[3628783] Failed to build match row: FK Krasava (-2022) vs Dinamo Bryansk
[4368761] Could not find attributes for maksym mekhaniv (Livyi Bereg Kyiv, 2024)
[4368761] Failed to build match row: Livyi Bereg Kyiv vs Chornomorets Odesa

Keepers & outfield error for **Associazione Sportiva Roma** in Associazione Sportiva Roma vs Unione Sportiva Sassuolo Calcio: Numbers: 0 and 11.
[3614547] Failed to build match row: Associazione Sportiva Roma vs Unione Sportiva Sassuolo Calcio
[3429781] Could not find attributes for conor gallagher (West Bromwich Albion, 2020)
[3429781] Failed to build match row: West Bromwich Albion vs Everton Football Club
[3909911] Could not find attributes for nikita alekseev (Ural Yekaterinburg, 2022)
[4095443] Could not find attributes for wes foderingham (Sheffield United, 2023)
[4648341] Could not find attributes for ismahila ouedraogo (Odense Boldklub, 2025)

Keepers & outfield error for **Associazione Sportiva Roma** in Associazione Sportiva Roma vs Football Club Internazionale Milano S.p.A.: Numbers: 0 and 11.
[3909911] Failed to build match row: Ural Yekaterinburg vs FK Sochi
[4095443] Failed to build match row: Everton Football Club vs Sheffield United
[4648341] Failed to build match row: Silkeborg Idrætsforening vs Odense Boldklub

Keepers & outfield error for **Футбольный клуб "Локомотив" Москва** in Футбольный клуб "Локомотив" Москва vs Arsenal Tula: Numbers: 0 and 11.

Keepers & outfield error for **Espanol** in Valencia Club de Fútbol S. A. D. vs Espanol: Numbers: 2 and 9.
[3433506] Could not find attributes for daan dierckx (Parma Calcio 1913, 2020)
[3420973] Could not find attributes for valeriy yurchuk (SC Dnipro-1, 2020)
[3845072] Failed to build match row: Associazione Sportiva Roma vs Football Club Internazionale Milano S.p.A.
[4126810] Could not find attributes for nassim hnid (FK Zalgiris Vilnius, 2023)
[3433506] Failed to build match row: Parma Calcio 1913 vs FC Crotone
[4200633] Could not find attributes for christos kumbulla (Ethnikos Piraeus, 2023)
[4200633] Failed to build match row: Ethnikos Piraeus vs AO Giouchtas
[3582981] Failed to build match row: Футбольный клуб "Локомотив" Москва vs Arsenal Tula
[3420973] Failed to build match row: SC Dnipro-1 vs PFK Lviv
[4645791] Failed to build match row: Valencia Club de Fútbol S. A. D. vs Espanol
[4368762] Could not find attributes for yevgen volynets (FK Polissya Zhytomyr, 2024)
[4649386] Could not find attributes for vyacheslav litvinov (FK Sochi, 2025)
[4393240] Could not find attributes for emirhan basyigit (Sivasspor, 2024)
[4126810] Failed to build match row: FK Zalgiris Vilnius vs Galatasaray Spor Kulübü
[4368762] Failed to build match row: FK Polissya Zhytomyr vs FK Obolon Kyiv
[4393240] Failed to build match row: Sivasspor vs Galatasaray Spor Kulübü
[4525718] Could not find attributes for abdoulaye faye (BK Häcken, 2024)
[4150564] Could not find attributes for stavro pilo (Athlitiki Enosi Konstantinoupoleos, 2023)
[4649386] Failed to build match row: FK Sochi vs RFK Akhmat Grozny
[4716123] Could not find attributes for martin zlomislic (Hrvatski Nogometni Klub Rijeka, 2025)
[4403350] Could not find attributes for epaminondas pantelakis (Panetolikos Agrinio, 2024)
[4525718] Failed to build match row: BK Häcken vs Mjällby Almänna Idrottsförening
[3451427] Could not find attributes for facundo ferreyra (Celta, 2020)
[4403350] Failed to build match row: Panetolikos Agrinio vs PAS Lamia 1964
[3451427] Failed to build match row: Cádiz CF vs Celta
[4716123] Failed to build match row: Hrvatski Nogometni Klub Rijeka vs AEK Larnaca
[4150564] Failed to build match row: Athlitiki Enosi Konstantinoupoleos vs Athlitiki Enosi Kifisias
[4697236] Could not find attributes for makis giannikoglou (AO Kavala, 2025)
[4697236] Failed to build match row: AO Kavala vs Panserraikos Serres
[3682494] Could not find attributes for blair currie (Stirling Albion FC, 2021)

Keepers & outfield error for **Atalanta Bergamasca Calcio S.p.a.** in FC Shakhtar Donetsk vs Atalanta Bergamasca Calcio S.p.a.: Numbers: 2 and 9.
[3682494] Failed to build match row: Stirling Albion FC vs Tranent Juniors FC
[4803372] Could not find attributes for geon joo choi (Football Club Anyang, 2025)
[4803372] Failed to build match row: Football Club Anyang vs Jeju SK Football Club
[4445097] Failed to build match row: FC Shakhtar Donetsk vs Atalanta Bergamasca Calcio S.p.a.

Keepers & outfield error for **Valencia Club de Fútbol S. A. D.** in Valencia Club de Fútbol S. A. D. vs Athletic Club Bilbao: Numbers: 2 and 9.
[3839514] Could not find attributes for renato veiga (Fußball-Club Augsburg 1907, 2022)
[4112829] Failed to build match row: Valencia Club de Fútbol S. A. D. vs Athletic Club Bilbao
[3836614] Could not find attributes for milos dragojevic (Buducnost Podgorica, 2022)
[3836614] Failed to build match row: Buducnost Podgorica vs KF Llapi
[4502465] Could not find attributes for sean mcginty (Hamilton Academical FC, 2024)
[3839514] Failed to build match row: Eintracht Frankfurt Fußball AG vs Fußball-Club Augsburg 1907
[4502465] Failed to build match row: Hamilton Academical FC vs Musselburgh Athletic FC
[3963024] Could not find attributes for vladan danilovic (Clube Desportivo Nacional, 2022)
[3909912] Could not find attributes for aleksandr dovbnya (Torpedo Moscow, 2022)
[3909912] Failed to build match row: Torpedo Moscow vs PFK CSKA Moskva
[3963024] Failed to build match row: Gil Vicente Futebol Clube vs Clube Desportivo Nacional

Keepers & outfield error for **Al-Nassr Football Club** in Damac Football Club vs Al-Nassr Football Club: Numbers: 0 and 11.
[4649387] Could not find attributes for sergey pesjakov (PFK Krylya Sovetov Samara, 2025)
[4410782] Failed to build match row: Damac Football Club vs Al-Nassr Football Club
[4649387] Failed to build match row: PFK Krylya Sovetov Samara vs FK Spartak Moskva
[3628796] Could not find attributes for nikolay moskalenko (Forte Taganrog, 2021)
[3628796] Failed to build match row: Forte Taganrog vs Chayka Peschanokopskoye

Keepers & outfield error for **Fulham Football Club** in Fulham Football Club vs Manchester City Football Club: Numbers: 2 and 9.
[3420974] Could not find attributes for oleg kudryk (FK Mariupol, 2020)
[4095444] Failed to build match row: Fulham Football Club vs Manchester City Football Club
[4623188] Could not find attributes for kamil jozwiak (Jagiellonia-Bialystok Sportowa Spólka Akcyjna, 2025)
[4625770] Could not find attributes for jonas svensson (Beşiktaş Jimnastik Kulübü, 2025)
[3420974] Failed to build match row: FK Mariupol vs Ingulets Petrove
[4640910] Could not find attributes for djordje nikolic (Fudbalski klub Čukarički Beograd, 2025)
[4623188] Failed to build match row: KKS Lech Poznań Spółka Akcyjna vs Jagiellonia-Bialystok Sportowa Spólka Akcyjna
[4625770] Failed to build match row: Beşiktaş Jimnastik Kulübü vs FC Shakhtar Donetsk
[4640910] Failed to build match row: Fudbalski klub Čukarički Beograd vs Železničar Pančevo
[4203994] Could not find attributes for nacho barrantes (CD Hernán Cortés, 2023)
[4353915] Could not find attributes for marius hauptmann (Hallescher FC, 2024)
[4203994] Failed to build match row: CD Hernán Cortés vs Real Betis Balompié S.A.D.
[3886617] Could not find attributes for abde ezzalzouli (Club Atlético Osasuna, 2022)

Keepers & outfield error for **Fatih Karagümrük Sportif Faaliyetler San. Tic. A.Ş.** in Fatih Karagümrük Sportif Faaliyetler San. Tic. A.Ş. vs Trabzonspor Kulübü: Numbers: 0 and 11.
[4353915] Failed to build match row: Hallescher FC vs Fußball-Club St. Pauli von 1910
[4648343] Could not find attributes for villads westh (Silkeborg Idrætsforening, 2025)
[3860344] Failed to build match row: Fatih Karagümrük Sportif Faaliyetler San. Tic. A.Ş. vs Trabzonspor Kulübü
[4410783] Could not find attributes for saad bguir (Al-Wehda FC, 2024)

Keepers & outfield error for **Rayo Vallecano de Madrid S. A. D.** in Rayo Vallecano de Madrid S. A. D. vs Club Atlético Osasuna: Numbers: 2 and 9.
[4648343] Failed to build match row: Aarhus Gymnastik Forening vs Silkeborg Idrætsforening
[4410783] Failed to build match row: Al-Wehda FC vs Al-Ahli Saudi Football Club
[3886617] Failed to build match row: Club Atlético Osasuna vs Elche Club de Fútbol S.A.D.
[4525719] Could not find attributes for saba mamatsashvili (IK Sirius, 2024)
[4502466] Could not find attributes for nicky hogarth (Falkirk Football & Athletic Club, 2024)
[4645793] Failed to build match row: Rayo Vallecano de Madrid S. A. D. vs Club Atlético Osasuna
[4649388] Could not find attributes for vladislav torop (PFK CSKA Moskva, 2025)
[4525719] Failed to build match row: IK Sirius vs Idrottsföreningen  Brommapojkarna
[4502466] Failed to build match row: Falkirk Football & Athletic Club vs Raith Rovers FC
[4640911] Could not find attributes for sasa stamenkovic (Fudbalski Klub Mladost Lučani, 2025)
[4716124] Could not find attributes for hrvoje barisic (HSK Zrinjski Mostar, 2025)
[4649388] Failed to build match row: PFK CSKA Moskva vs AO FK Zenit Sankt-Peterburg
[4640911] Failed to build match row: Fudbalski Klub Mladost Lučani vs Fudbalski Klub Partizan Beograd
[4368763] Could not find attributes for roman mysak (FK Kolos Kovalivka, 2024)
[3582982] Could not find attributes for silvije begic (FC Rubin Kazan, 2021)
[3836615] Could not find attributes for darijan zarkov (Gzira United FC, 2022)
[4089530] Failed to scrape lineup: https://www.transfermarkt.co.uk/viborg-ff_hvidovre-if/index/spielbericht/4089530
[3582982] Failed to build match row: FC Rubin Kazan vs FK Spartak Moskva

Keepers & outfield error for **Gwangju Football Club** in Gwangju Football Club vs Jeonbuk Hyundai Motors: Numbers: 0 and 11.
[4368763] Failed to build match row: FK Kolos Kovalivka vs NK Veres Rivne
[3836615] Failed to build match row: Gzira United FC vs Atlètic Club d'Escaldes
[4716124] Failed to build match row: HSK Zrinjski Mostar vs Sportklub Rapid
[3598212] Could not find attributes for mousa tamari (Oud-Heverlee Leuven, 2021)
[4803373] Failed to build match row: Gwangju Football Club vs Jeonbuk Hyundai Motors
[4403351] Could not find attributes for luka gugeshashvili (Panserraikos Serres, 2024)
[3628798] Could not find attributes for bogdan kuzmenko (Peresvet Domodedovo, 2021)
[4150565] Could not find attributes for nikolaos grammatikakis (A.G.S Asteras Tripolis, 2023)
[4403351] Failed to build match row: Panthessalonikios Athlitikos Omilos Konstantinoupoliton vs Panserraikos Serres
[3598212] Failed to build match row: Oud-Heverlee Leuven vs St Truiden
[3628798] Failed to build match row: Peresvet Domodedovo vs Znamya Noginsk

Keepers & outfield error for **Aston Villa Football Club** in Aston Villa Football Club vs Fulham Football Club: Numbers: 0 and 11.
[4697237] Could not find attributes for spyros chatzikyriakos (Kampaniakos, 2025)
[4150565] Failed to build match row: A.G.S Asteras Tripolis vs Panetolikos Agrinio
[3429784] Failed to build match row: Aston Villa Football Club vs Fulham Football Club
[4697237] Failed to build match row: Kampaniakos vs Athens Kallithea

Keepers & outfield error for **Pontevedra CF** in Pontevedra CF vs SD Eibar: Numbers: 0 and 11.
[3909913] Could not find attributes for daniil khudyakov (Футбольный клуб "Локомотив" Москва, 2022)
[3909913] Failed to build match row: Футбольный клуб "Локомотив" Москва vs FK Krasnodar
[4766841] Failed to build match row: Pontevedra CF vs SD Eibar

Keepers & outfield error for **FC Shakhtar Donetsk** in FC Shakhtar Donetsk vs Beşiktaş Jimnastik Kulübü: Numbers: 2 and 9.
[4625771] Failed to build match row: FC Shakhtar Donetsk vs Beşiktaş Jimnastik Kulübü
[4393241] Could not find attributes for ali aytemur (Bodrum FK, 2024)
[4393241] Failed to build match row: Bodrum FK vs Sivasspor

Keepers & outfield error for **Football Club København** in Football Club København vs Fodbold Club Midtjylland: Numbers: 2 and 9.
[4410784] Could not find attributes for milan borjan (Al-Riyadh Saudi Club, 2024)
[4648344] Failed to build match row: Football Club København vs Fodbold Club Midtjylland
[4410784] Failed to build match row: Al-Riyadh Saudi Club vs Al-Fateh Club
Clube, 2022)
[3963025] Failed to build match row: Moreirense Futebol Clube vs Club Football Estrela da Amadora
[4623189] Could not find attributes for hussein ali (Morski Klub Sportowy Pogoń Szczecin, 2025)

Keepers & outfield error for **Villarreal Club de Fútbol S.A.D.** in Villarreal Club de Fútbol S.A.D. vs Real Madrid Club de Fútbol: Numbers: 0 and 11.
[4098914] Could not find attributes for sergiy sydorchuk (Koninklijke Voetbal Club Westerlo, 2023)
[3589543] Could not find attributes for adil rami (ESTAC Troyes, 2021)
[4623189] Failed to build match row: Legia Warszawa Spółka Akcyjna vs Morski Klub Sportowy Pogoń Szczecin
[4098914] Failed to build match row: Koninklijke Voetbal Club Westerlo vs KAS Eupen
[3589543] Failed to build match row: ESTAC Troyes vs Clermont Foot 63

Keepers & outfield error for **Venezia FC** in Venezia FC vs Udinese Calcio: Numbers: 2 and 9.
[4645794] Failed to build match row: Villarreal Club de Fútbol S.A.D. vs Real Madrid Club de Fútbol
[4374004] Failed to build match row: Venezia FC vs Udinese Calcio
[4582148] Could not find attributes for gustavo mancha (Fortaleza Esporte Clube, 2024)
[3420975] Could not find attributes for yevgen galchuk (FK Mariupol, 2020)
[3433510] Could not find attributes for guglielmo vicario (Cagliari Calcio, 2020)
[4582148] Failed to build match row: Fortaleza Esporte Clube vs Sociedade Esportiva Palmeiras
[3433510] Failed to build match row: Cagliari Calcio vs Associazione Sportiva Roma
[4126813] Could not find attributes for yasin ozcan (Kasımpaşa A.Ş., 2023)
[3420975] Failed to build match row: FK Mariupol vs FC Shakhtar Donetsk
[4368764] Could not find attributes for yevgen volynets (FK Polissya Zhytomyr, 2024)
[4403352] Could not find attributes for domagoj vida (Athlitiki Enosi Konstantinoupoleos, 2024)
[4126813] Failed to build match row: Kasımpaşa A.Ş. vs Pendikspor
[4525720] Could not find attributes for ivan kricak (Östers IF, 2024)
[4525720] Failed to build match row: Halmstads BK vs Östers IF
[4368764] Failed to build match row: FK Polissya Zhytomyr vs NK Veres Rivne
[4403352] Failed to build match row: Athlitiki Enosi Konstantinoupoleos vs Panathinaikos Athlitikos Omilos
[3451430] Could not find attributes for ante budimir (Club Atlético Osasuna, 2020)
[3451430] Failed to build match row: Club Atlético Osasuna vs Elche Club de Fútbol S.A.D.
[4640912] Could not find attributes for nikola simic (Fudbalski klub TSC Bačka Topola, 2025)
[4502467] Could not find attributes for ruari ellis (Broxburn Athletic FC, 2024)
[4640912] Failed to build match row: Fudbalski klub TSC Bačka Topola vs FK Radnički 1923 Kragujevac
[4502467] Failed to build match row: Broxburn Athletic FC vs Ayr United FC
[4203995] Could not find attributes for david montero (Chiclana CF, 2023)
[4803374] Could not find attributes for young jae seo (Foundation Coorperation Hana Financial Group Inc. Football Club, 2025)
[4361842] Could not find attributes for plamen galabov (Maccabi Petah Tikva, 2024)
[4648345] Could not find attributes for ismahila ouedraogo (Odense Boldklub, 2025)
[4203995] Failed to build match row: Chiclana CF vs Villarreal Club de Fútbol S.A.D.
[4361842] Failed to build match row: Maccabi Petah Tikva vs Sporting Clube de Braga
[4803374] Failed to build match row: Foundation Coorperation Hana Financial Group Inc. Football Club vs Gimcheon Sangmu Football Club
[3909914] Could not find attributes for artur nigmatullin (FK Nizhny Novgorod, 2022)
[4648345] Failed to build match row: Odense Boldklub vs Sønderjyske Fodbold
[4112831] Could not find attributes for sokratis papastathopoulos (Real Betis Balompié S.A.D., 2023)
[3909914] Failed to build match row: FK Nizhny Novgorod vs FC Khimki (-2025)
[4112831] Failed to build match row: Real Betis Balompié S.A.D. vs Futbol Club Barcelona
[4649389] Could not find attributes for anton mitryushkin (Футбольный клуб "Локомотив" Москва, 2025)
[4353917] Could not find attributes for pascal schmedemann (Greifswalder FC, 2024)
[3605064] Could not find attributes for nemanja radoja (Levante Unión Deportiva S.A.D., 2021)
[4649389] Failed to build match row: Футбольный клуб "Локомотив" Москва vs FK Dinamo Moskva
[4353917] Failed to build match row: Greifswalder FC vs 1. Fußballclub Union Berlin
[3836616] Could not find attributes for bojan pavlovic (FK Borac Banja Luka, 2022)
[3836616] Failed to build match row: FK Borac Banja Luka vs B36 Tórshavn
[3582983] Could not find attributes for artur nigmatullin (FK Nizhny Novgorod, 2021)
[3605064] Failed to build match row: Real Sociedad de Fútbol S.A.D. vs Levante Unión Deportiva S.A.D.
[4095447] Could not find attributes for djordje petrovic (Chelsea Football Club, 2023)
[3582983] Failed to build match row: FK Nizhny Novgorod vs FK Sochi
[4716125] Could not find attributes for duje dujmovic (HSK Zrinjski Mostar, 2025)

Keepers & outfield error for **Association Football Club Bournemouth** in Liverpool Football Club vs Association Football Club Bournemouth: Numbers: 2 and 9.
[3628799] Could not find attributes for sergey zajtsev (Volna Kovernino, 2021)
[3628799] Failed to build match row: Volna Kovernino vs Torpedo Vladimir
[4095447] Failed to build match row: Nottingham Forest Football Club vs Chelsea Football Club
[4716125] Failed to build match row: HSK Zrinjski Mostar vs Lincoln Red Imps FC
[3598213] Could not find attributes for abdelkahar kadri (KV Kortrijk, 2021)
[3598213] Failed to build match row: KV Kortrijk vs KV Oostende
[4625774] Failed to build match row: Liverpool Football Club vs Association Football Club Bournemouth
[4697238] Could not find attributes for panagiotis ginis (Ellas Syros, 2025)
[3420976] Could not find attributes for ilya zabarnyi (Futbolniy Klub Dynamo Kyiv, 2020)
[4410785] Could not find attributes for unai hernandez (Al-Ittihad Football Club, 2024)
[4640913] Could not find attributes for dragan rosic (Fudbalski Klub Vojvodina, 2025)
[4697238] Failed to build match row: Ellas Syros vs Nestos Chrysoupoli
[3412887] Could not find attributes for makoto hasebe (Eintracht Frankfurt Fußball AG, 2020)
[3420976] Failed to build match row: Futbolniy Klub Dynamo Kyiv vs SC Dnipro-1
[4410785] Failed to build match row: Al-Ittihad Football Club vs Al-Ettifaq Football Club
[4640913] Failed to build match row: Fudbalski Klub Vojvodina vs Fudbalski klub Napredak Kruševac
[3860345] Could not find attributes for tayyip talha sanuc (Beşiktaş Jimnastik Kulübü, 2022)
[3412887] Failed to build match row: Eintracht Frankfurt Fußball AG vs Arminia Bielefeld
[3860345] Failed to build match row: Beşiktaş Jimnastik Kulübü vs Adana Demirspor
[3614552] Could not find attributes for nikola maksimovic (Genoa Cricket and Football Club, 2021)
[3614552] Failed to build match row: Genoa Cricket and Football Club vs Associazione Calcio Fiorentina
[4393242] Could not find attributes for rachid ghezzal (Çaykur Rizespor Kulübü, 2024)
[3487495] Could not find attributes for felix quero (UD Llanera, 2020)
[3845075] Could not find attributes for manolo gabbiadini (UC Sampdoria, 2022)
[3487495] Failed to build match row: UD Llanera vs Celta
[3845075] Failed to build match row: Udinese Calcio vs UC Sampdoria
[3589551] Could not find attributes for saif eddine khaoui (Clermont Foot 63, 2021)
[4803375] Could not find attributes for hyeong keun kim (Bucheon Football Club 1995, 2025)
[4393242] Failed to build match row: Çaykur Rizespor Kulübü vs Konyaspor
[3589551] Failed to build match row: Clermont Foot 63 vs Angers Sporting Club de l'Ouest

Keepers & outfield error for **Boavista FC** in Boavista FC vs UD Vilafranquense: Numbers: 2 and 9.
[4403353] Could not find attributes for diamantis chouchoumis (A.G.S Asteras Tripolis, 2024)
[4803375] Failed to build match row: Bucheon Football Club 1995 vs Ulsan Hyundai Football Club
[3963026] Failed to build match row: Boavista FC vs UD Vilafranquense
[4403353] Failed to build match row: A.G.S Asteras Tripolis vs APO Levadiakos Football Club
[4095448] Could not find attributes for vitinho (Burnley Football Club, 2023)
[3582984] Could not find attributes for ilya pomazun (Ural Yekaterinburg, 2021)
[4634212] Could not find attributes for vini souza (Verein für Leibesübungen Wolfsburg, 2025)
[3582984] Failed to build match row: Ural Yekaterinburg vs FK Krasnodar
[4095448] Failed to build match row: Tottenham Hotspur Football Club vs Burnley Football Club
[4634212] Failed to build match row: Sportverein Werder Bremen von 1899 vs Verein für Leibesübungen Wolfsburg

Keepers & outfield error for **Allmänna Idrottsklubben** in Allmänna Idrottsklubben vs Mjällby Almänna Idrottsförening: Numbers: 2 and 9.
[4525722] Failed to build match row: Allmänna Idrottsklubben vs Mjällby Almänna Idrottsförening
[4582149] Could not find attributes for wilker angel (Esporte Clube Juventude, 2024)
[4716126] Could not find attributes for duje dujmovic (HSK Zrinjski Mostar, 2025)
[4502468] Could not find attributes for mark durnan (Dumbarton FC, 2024)
[4582149] Failed to build match row: Esporte Clube Juventude vs Mirasol Futebol Clube
[4502468] Failed to build match row: Dumbarton FC vs Airdrieonians FC
[4716126] Failed to build match row: HSK Zrinjski Mostar vs BK Häcken

Keepers & outfield error for **Associazione Sportiva Roma** in Verona Hellas Football Club vs Associazione Sportiva Roma: Numbers: 0 and 11.
[4368766] Could not find attributes for oleksandr kemkin (FK Karpaty Lviv, 2024)
[3909915] Could not find attributes for mateo barac (PFK Krylya Sovetov Samara, 2022)
[4089534] Could not find attributes for paulinho (Fodbold Club Midtjylland, 2023)
[3614553] Failed to build match row: Verona Hellas Football Club vs Associazione Sportiva Roma
[4353918] Could not find attributes for dominik ahlbach (TSV Schott Mainz, 2024)
[3605065] Could not find attributes for manu garcia (Alaves, 2021)
[3909915] Failed to build match row: PFK Krylya Sovetov Samara vs AO FK Zenit Sankt-Peterburg

Keepers & outfield error for **Leeds United Association Football Club** in Leeds United Association Football Club vs Sheffield United: Numbers: 2 and 9.
[4353918] Failed to build match row: TSV Schott Mainz vs SpVgg Greuther Fürth
[4150566] Could not find attributes for panagiotis tsintotas (APS Atromitos Athinon, 2023)
[4089534] Failed to build match row: Fodbold Club Midtjylland vs Brøndby Idrætsforening
[3605065] Failed to build match row: Valencia Club de Fútbol S. A. D. vs Alaves
[4368766] Failed to build match row: FC Shakhtar Donetsk vs FK Karpaty Lviv
[3836617] Could not find attributes for matevz vidovsek (NK Olimpija Ljubljana, 2022)
[3429787] Failed to build match row: Leeds United Association Football Club vs Sheffield United
[4640914] Could not find attributes for balsa popovic (Omladinski fudbalski klub Beograd, 2025)
[4150566] Failed to build match row: APS Atromitos Athinon vs Aris Thessalonikis
[4649390] Could not find attributes for giorgiy shelia (RFK Akhmat Grozny, 2025)
[3836617] Failed to build match row: NK Olimpija Ljubljana vs FC Differdange 03
[4640914] Failed to build match row: Omladinski fudbalski klub Beograd vs Fudbalski Klub IMT Novi Beograd
[4649390] Failed to build match row: RFK Akhmat Grozny vs FK Nizhny Novgorod
[3433512] Could not find attributes for leo sena (Spezia Calcio, 2020)
[4803376] Could not find attributes for geon ung kim (Jeju SK Football Club, 2025)
[3433512] Failed to build match row: Genoa Cricket and Football Club vs Spezia Calcio
[4803376] Failed to build match row: Jeju SK Football Club vs Football Club Seoul
[4410786] Could not find attributes for faycal fajr (Al-Taawoun Football Club, 2024)

Keepers & outfield error for **Real Sociedad de Fútbol S.A.D.** in Real Sociedad de Fútbol S.A.D. vs Sevilla Fútbol Club S.A.D.: Numbers: 0 and 11.
[4203996] Could not find attributes for hugo tosat (CF Tardienta, 2023)
[4410786] Failed to build match row: Al-Taawoun Football Club vs Al-Raed SFC
[3451432] Failed to build match row: Real Sociedad de Fútbol S.A.D. vs Sevilla Fútbol Club S.A.D.
[4525723] Could not find attributes for kojo peprah oppong (IFK Norrköping, 2024)
[4203996] Failed to build match row: CF Tardienta vs Getafe Club de Fútbol S. A. D. Team Dubai
[4525723] Failed to build match row: Hammarby IF vs IFK Norrköping
[4697239] Could not find attributes for stefanos stroungis (PS Kalamata, 2025)

Keepers & outfield error for **Galatasaray Spor Kulübü** in Galatasaray Spor Kulübü vs Trabzonspor Kulübü: Numbers: 2 and 9.
[4697239] Failed to build match row: PS Kalamata vs Athlitiki Enosi Larisas
[3582985] Could not find attributes for ilya lantratov (FC Khimki (-2025), 2021)
[3487496] Could not find attributes for tasio villacampa (AD San Juan, 2020)
[4393243] Failed to build match row: Galatasaray Spor Kulübü vs Trabzonspor Kulübü
[3487496] Failed to build match row: AD San Juan vs Granada CF
[3582985] Failed to build match row: FC Khimki (-2025) vs AO FK Zenit Sankt-Peterburg
[4361843] Could not find attributes for jean luc assoubre (Inter Club d'Escaldes, 2024)
[4361843] Failed to build match row: Inter Club d'Escaldes vs FK Velez Mostar
[4445102] Could not find attributes for uros spajic (Fudbalski klub Crvena zvezda Beograd, 2024)
[3614554] Could not find attributes for kevin bonifazi (Bologna Football Club 1909, 2021)
[4766842] Could not find attributes for aitor gelardo (Racing Ferrol, 2025)
[4648347] Could not find attributes for sofus johannesen (Fodbold Club Fredericia, 2025)
[4445102] Failed to build match row: Associazione Calcio Milan vs Fudbalski klub Crvena zvezda Beograd
[3420977] Could not find attributes for dmytro matsapura (FC Zorya Lugansk, 2020)
[3614554] Failed to build match row: Football Club Internazionale Milano S.p.A. vs Bologna Football Club 1909
[4648347] Failed to build match row: Fodbold Club Fredericia vs Brøndby Idrætsforening
[4766842] Failed to build match row: Racing Ferrol vs SD Huesca
[3420977] Failed to build match row: FC Zorya Lugansk vs Ingulets Petrove
[3909916] Could not find attributes for aleksandr maksimenko (FK Spartak Moskva, 2022)
[3909916] Failed to build match row: FK Spartak Moskva vs Fakel Voronezh
[4368767] Could not find attributes for pavlo isenko (Vorskla Poltava, 2024)
[4403354] Could not find attributes for alexios kalogeropoulos (Volou Neos Podosferikos Syllogos, 2024)

Keepers & outfield error for **Real Oviedo S.A.D.** in Futbol Club Barcelona vs Real Oviedo S.A.D.: Numbers: 2 and 9.
[3683197] Could not find attributes for borna barisic (Rangers Football Club, 2021)
[4364009] Could not find attributes for yael mouanga (Montpellier HSC, 2024)

Keepers & outfield error for **Olympique Lyonnais** in Olympique Lyonnais vs Montpellier HSC: Numbers: 2 and 9.
[3589553] Failed to build match row: Olympique Lyonnais vs Montpellier HSC
[3683197] Failed to build match row: Rangers Football Club vs AC Sparta Praha, a. s.
[4368767] Failed to build match row: Vorskla Poltava vs FC Rukh Lviv
[4403354] Failed to build match row: Volou Neos Podosferikos Syllogos vs Athens Kallithea
anderers Football Club vs Crystal Palace Football Club: Numbers: 2 and 9.
[4645797] Failed to build match row: Futbol Club Barcelona vs Real Oviedo S.A.D.
[4364009] Failed to build match row: Olympique de Marseille vs Montpellier HSC
[4095450] Failed to build match row: Wolverhampton Wanderers Football Club vs Crystal Palace Football Club
[4525725] Could not find attributes for oskar agren (Göteborgs Atlet- och Idrottssällskap, 2024)
[4803377] Could not find attributes for geon joo choi (Football Club Anyang, 2025)

Keepers & outfield error for **Getafe Club de Fútbol S. A. D. Team Dubai** in Real Sociedad de Fútbol S.A.D. vs Getafe Club de Fútbol S. A. D. Team Dubai: Numbers: 2 and 9.
[4649391] Could not find attributes for egor lyubakov (FK Baltika, 2025)
[3886619] Failed to build match row: Real Sociedad de Fútbol S.A.D. vs Getafe Club de Fútbol S. A. D. Team Dubai
[4525725] Failed to build match row: Göteborgs Atlet- och Idrottssällskap vs IFK Värnamo
[4803377] Failed to build match row: Gangwon Football Club vs Football Club Anyang
[4649391] Failed to build match row: FK Baltika vs FC Rubin Kazan
[4623192] Could not find attributes for veljko ilic (Widzew Łódź Spółka Akcyjna, 2025)

Keepers & outfield error for **Venezia FC** in Football Club Internazionale Milano S.p.A. vs Venezia FC: Numbers: 2 and 9.
[4353919] Could not find attributes for lars huxsohl (FC Teutonia 05 Ottensen, 2024)
[4623192] Failed to build match row: Widzew Łódź Spółka Akcyjna vs RKS Raków Częstochowa SA
[4353919] Failed to build match row: FC Teutonia 05 Ottensen vs SV Darmstadt 98

Keepers & outfield error for **Bayer 04 Leverkusen Fußball** in Bayer 04 Leverkusen Fußball vs 1. Fußball-Club Köln: Numbers: 2 and 9.
[4374008] Failed to build match row: Football Club Internazionale Milano S.p.A. vs Venezia FC
[3839529] Failed to build match row: Bayer 04 Leverkusen Fußball vs 1. Fußball-Club Köln
[4410787] Could not find attributes for konstantinos fortounis (Al-Khaleej Club (Saihat), 2024)
[4150567] Could not find attributes for daniel kovacs (Volou Neos Podosferikos Syllogos, 2023)
[4410787] Failed to build match row: Al-Khaleej Club (Saihat) vs Al-Qadsiah Saudi Football Club
[3836618] Could not find attributes for connor peters (St Joseph's FC, 2022)

Keepers & outfield error for **Olympiakos Syndesmos Filathlon Peiraios** in Olympiakos Syndesmos Filathlon Peiraios vs Ludogorets Razgrad: Numbers: 2 and 9.
[4150567] Failed to build match row: Volou Neos Podosferikos Syllogos vs PAS Giannina
[3836618] Failed to build match row: St Joseph's FC vs Larne FC
[3628809] Failed to build match row: Olympiakos Syndesmos Filathlon Peiraios vs Ludogorets Razgrad

Keepers & outfield error for **Granada CF** in Rayo Vallecano de Madrid S. A. D. vs Granada CF: Numbers: 2 and 9.
[4203997] Could not find attributes for pedro menendez (Atlético de Lugones, 2023)
[3605066] Failed to build match row: Rayo Vallecano de Madrid S. A. D. vs Granada CF
[4203997] Failed to build match row: Atlético de Lugones vs Rayo Vallecano de Madrid S. A. D.
[3860347] Could not find attributes for bahadir gungordu (MKE Ankaragücü, 2022)
[3860347] Failed to build match row: MKE Ankaragücü vs Ümraniyespor
[4126815] Could not find attributes for mbaye niang (Adana Demirspor, 2023)

Keepers & outfield error for **Verona Hellas Football Club** in Verona Hellas Football Club vs Torino Calcio: Numbers: 2 and 9.

Keepers & outfield error for **Verona Hellas Football Club** in Football Club Internazionale Milano S.p.A. vs Verona Hellas Football Club: Numbers: 2 and 9.
[4126815] Failed to build match row: Adana Demirspor vs Beşiktaş Jimnastik Kulübü
[3433514] Failed to build match row: Football Club Internazionale Milano S.p.A. vs Verona Hellas Football Club
[4368768] Could not find attributes for mykyta turbayevskyi (FC Zorya Lugansk, 2024)
[3845078] Failed to build match row: Verona Hellas Football Club vs Torino Calcio
[4368768] Failed to build match row: FC Zorya Lugansk vs Futbolniy Klub Dynamo Kyiv
[3589554] Could not find attributes for jemerson (Football Club de Metz, 2021)
[4361844] Could not find attributes for mattia migani (SP Tre Penne, 2024)
[4582150] Could not find attributes for bruno henrique (Clube de Regatas do Flamengo, 2024)
[4361844] Failed to build match row: SP Tre Penne vs Floriana FC
[4697240] Could not find attributes for spyros fourlanos (PAE Chania, 2025)
[4697240] Failed to build match row: PAE Chania vs Marko FC
[4648349] Could not find attributes for ismahila ouedraogo (Odense Boldklub, 2025)
[4112833] Could not find attributes for matija nastasic (Real Club Deportivo Mallorca S.A.D., 2023)
[4582150] Failed to build match row: Clube de Regatas do Flamengo vs Fortaleza Esporte Clube
[4716127] Could not find attributes for boubacar sidik dabo (Lincoln Red Imps FC, 2025)
[4525726] Could not find attributes for felix eriksson (Idrottsföreningen Kamraterna Göteborg, 2024)
[4648349] Failed to build match row: Fodbold Club Nordsjælland vs Odense Boldklub
[3589554] Failed to build match row: Football Club de Metz vs Stade brestois 29
[4640915] Could not find attributes for strahinja erakovic (Fudbalski klub Crvena zvezda Beograd, 2025)
[4803378] Could not find attributes for kento nishiya (Football Club Pohang Steelers, 2025)
[4525726] Failed to build match row: Idrottsföreningen Kamraterna Göteborg vs Djurgårdens Idrottsförening
[4112833] Failed to build match row: Villarreal Club de Fútbol S.A.D. vs Real Club Deportivo Mallorca S.A.D.
[4803378] Failed to build match row: Football Club Pohang Steelers vs Incheon United Football Club
[4716127] Failed to build match row: Lincoln Red Imps FC vs KKS Lech Poznań Spółka Akcyjna
[4640915] Failed to build match row: Fudbalski klub Crvena zvezda Beograd vs Fudbalski Klub Radnički Niš
[3598215] Could not find attributes for hamza rafia (Royal Standard Club de Liège, 2021)
[3598215] Failed to build match row: Cercle Brugge Koninklijke Sportvereniging vs Royal Standard Club de Liège
[3451434] Could not find attributes for miguel atienza (SD Eibar, 2020)
[3451434] Failed to build match row: SD Eibar vs Alaves
[3429788] Could not find attributes for marc albrighton (Leicester City, 2020)
[3429788] Failed to build match row: Leicester City vs Manchester City Football Club
[3839530] Could not find attributes for michael gregoritsch (Sport-Club Freiburg, 2022)
[4502469] Could not find attributes for ewan otoo (Dunfermline Athletic FC, 2024)
[3839530] Failed to build match row: Sport-Club Freiburg vs RasenBallsport Leipzig
[4502469] Failed to build match row: Dunfermline Athletic FC vs Stenhousemuir FC
[3909917] Could not find attributes for eli dasa (FK Dinamo Moskva, 2022)
[4625776] Could not find attributes for yegor yarmolyuk (Brentford Football Club, 2025)
[3909917] Failed to build match row: FK Dinamo Moskva vs RFK Akhmat Grozny
[4625776] Failed to build match row: Nottingham Forest Football Club vs Brentford Football Club
[3420978] Could not find attributes for igor lytovka (Desna Chernigiv, 2020)
[3420978] Failed to build match row: Desna Chernigiv vs FC Oleksandriya
[4403355] Could not find attributes for lefteris choutesiotis (APS Atromitos Athinon, 2024)
[4403355] Failed to build match row: Olympiakos Syndesmos Filathlon Peiraios vs APS Atromitos Athinon
[4803379] Failed to scrape lineup: https://www.transfermarkt.co.uk/gimcheon-sangmu_gwangju-fc/index/spielbericht/4803379
[3628810] Could not find attributes for paulinho (Fodbold Club Midtjylland, 2021)
[4393244] Could not find attributes for tolga kalender (Adana Demirspor, 2024)
[4649392] Could not find attributes for david volk (Dinamo Makhachkala, 2025)
[4112834] Failed to scrape lineup: https://www.transfermarkt.co.uk/rayo-vallecano_ud-las-palmas/index/spielbericht/4112834
[3628810] Failed to build match row: Eindhovense Voetbalvereniging Philips Sport Vereniging vs Fodbold Club Midtjylland
[4393244] Failed to build match row: Adana Demirspor vs Beşiktaş Jimnastik Kulübü
[3589555] Failed to scrape lineup: https://www.transfermarkt.co.uk/fc-nantes_fc-girondins-bordeaux/index/spielbericht/3589555
[4649392] Failed to build match row: Dinamo Makhachkala vs FK Rostov

Keepers & outfield error for **Brighton and Hove Albion Football Club** in Manchester United Football Club vs Brighton and Hove Albion Football Club: Numbers: 0 and 11.
[4623193] Could not find attributes for deni juric (Wisła Płock Spółka Akcyjna, 2025)
[4634215] Could not find attributes for rani khedira (1. Fußballclub Union Berlin, 2025)
[3429789] Failed to build match row: Manchester United Football Club vs Brighton and Hove Albion Football Club

Keepers & outfield error for **Fatih Karagümrük Sportif Faaliyetler San. Tic. A.Ş.** in Fatih Karagümrük Sportif Faaliyetler San. Tic. A.Ş. vs MKE Ankaragücü: Numbers: 0 and 11.
[4368769] Could not find attributes for maksym mekhaniv (Livyi Bereg Kyiv, 2024)
[4353920] Could not find attributes for marvin pohl (FC Viktoria 1889 Berlin, 2024)
[4634215] Failed to build match row: 1. Fußballclub Union Berlin vs FC Bayern München
[4126816] Failed to build match row: Fatih Karagümrük Sportif Faaliyetler San. Tic. A.Ş. vs MKE Ankaragücü
[3909918] Could not find attributes for nikita medvedev (FK Rostov, 2022)
[4353920] Failed to build match row: FC Viktoria 1889 Berlin vs Fußball-Club Augsburg 1907
[4623193] Failed to build match row: Wisła Płock Spółka Akcyjna vs GKS GieKSa Katowice Spółka Akcyjna
[4368769] Failed to build match row: Livyi Bereg Kyiv vs FK Kryvbas Kryvyi Rig
[3909918] Failed to build match row: FK Rostov vs FC Orenburg
[3487497] Could not find attributes for sergi arranz (Terrassa FC, 2020)

Keepers & outfield error for **Oud-Heverlee Leuven** in Cercle Brugge Koninklijke Sportvereniging vs Oud-Heverlee Leuven: Numbers: 0 and 11.
[3487497] Failed to build match row: Terrassa FC vs Valencia Club de Fútbol S. A. D.
[4648350] Could not find attributes for giorgi tabatadze (Vejle Boldklub, 2025)
[4648350] Failed to build match row: Sønderjyske Fodbold vs Vejle Boldklub
[4410789] Could not find attributes for norbert gyomber (Al-Kholood Club, 2024)
[4098919] Failed to build match row: Cercle Brugge Koninklijke Sportvereniging vs Oud-Heverlee Leuven
[3420979] Could not find attributes for artem kychak (Olimpik Donetsk, 2020)
[4410789] Failed to build match row: Al-Kholood Club vs Al-Okhdood Club
[3420979] Failed to build match row: Olimpik Donetsk vs FK Kolos Kovalivka

Keepers & outfield error for **1. Fußball- und Sportverein Mainz 05** in 1. Fußball- und Sportverein Mainz 05 vs FC Schalke 04: Numbers: 2 and 9.

Keepers & outfield error for **Real Betis Balompié S.A.D.** in Real Betis Balompié S.A.D. vs Espanol: Numbers: 0 and 11.
[3963027] Could not find attributes for trova boni (B SAD, 2022)
oloma, 2022)
[3839531] Failed to build match row: 1. Fußball- und Sportverein Mainz 05 vs FC Schalke 04
[3886621] Failed to build match row: Real Betis Balompié S.A.D. vs Espanol
[3963027] Failed to build match row: Vitória Sport Clube vs B SAD
[3836619] Failed to build match row: UE Santa Coloma vs Breidablik Kópavogur
[4361845] Could not find attributes for mihail cioban (FC Milsami Orhei, 2024)
[4525728] Could not find attributes for simon sandberg (IK Sirius, 2024)
[4361845] Failed to build match row: FC Milsami Orhei vs Torpedo-BelAZ Zhodino
[4640916] Could not find attributes for dimitrije minic (Fudbalski Klub Spartak Ždrepčeva krv, 2025)
[4525728] Failed to build match row: IK Sirius vs BK Häcken
[4649393] Could not find attributes for vitaliy gudiev (Akron Togliatti, 2025)
[4640916] Failed to build match row: Fudbalski Klub Spartak Ždrepčeva krv vs Fudbalski klub Radnik Surdulica
[4649393] Failed to build match row: Akron Togliatti vs FK Krasnodar
[3598216] Could not find attributes for vini souza (Yellow-Red Koninklijke Voetbalclub Mechelen, 2021)
[3598216] Failed to build match row: Yellow-Red Koninklijke Voetbalclub Mechelen vs Sportvereniging Zulte Waregem
[4697241] Could not find attributes for stefanos gounaridis (Makedonikos, 2025)
[4150568] Could not find attributes for praxitelis vouros (Omilos Filathlon Irakliou FC, 2023)
[4364010] Could not find attributes for hiroki sekine (Stade Reims, 2024)
[4150568] Failed to build match row: Omilos Filathlon Irakliou FC vs Panserraikos Serres
[4393245] Could not find attributes for oleksandr petrusenko (Antalyaspor, 2024)
[4697241] Failed to build match row: Makedonikos vs APO Levadiakos Football Club
[4582151] Could not find attributes for philippe coutinho (Club de Regatas Vasco da Gama, 2024)
[4393245] Failed to build match row: Antalyaspor vs Kayserispor Kulübü
[4766843] Could not find attributes for eneko aguilar (SD Ponferradina, 2025)
[4364010] Failed to build match row: Stade Reims vs Toulouse Football Club
[4582151] Failed to build match row: Club de Regatas Vasco da Gama vs Red Bull Bragantino
[4502565] Could not find attributes for jon mclaughlin (Swansea City, 2024)
[4766843] Failed to build match row: SD Ponferradina vs Racing Santander
[4502565] Failed to build match row: Southampton FC vs Swansea City
[4716128] Could not find attributes for toni kolega (Lincoln Red Imps FC, 2025)
[4410790] Could not find attributes for gaetan coucke (Al-Orobah FC, 2024)
[4410790] Failed to build match row: Al-Orobah FC vs Al-Riyadh Saudi Club
[4716128] Failed to build match row: Lincoln Red Imps FC vs Hrvatski Nogometni Klub Rijeka
[4648351] Could not find attributes for philip billing (Fodbold Club Midtjylland, 2025)
[4648351] Failed to build match row: Fodbold Club Midtjylland vs Aarhus Gymnastik Forening
[3628811] Could not find attributes for radovan pankov (Fudbalski klub Crvena zvezda Beograd, 2021)
[4126817] Could not find attributes for dal varesanovic (Çaykur Rizespor Kulübü, 2023)
[3628811] Failed to build match row: Fudbalski klub Crvena zvezda Beograd vs FC Sheriff Tiraspol
[4126817] Failed to build match row: Trabzonspor Kulübü vs Çaykur Rizespor Kulübü
[3909919] Could not find attributes for vanja drkusic (FK Sochi, 2022)

Keepers & outfield error for **Southampton FC** in Southampton FC vs Burnley Football Club: Numbers: 0 and 11.
[3429791] Failed to build match row: Southampton FC vs Burnley Football Club
[3909919] Failed to build match row: FK Sochi vs Torpedo Moscow
[3839532] Could not find attributes for dennis geiger (Turn- und Sportgemeinschaft 1899 Hoffenheim Fußball-Spielbetriebs, 2022)
[3839532] Failed to build match row: Turn- und Sportgemeinschaft 1899 Hoffenheim Fußball-Spielbetriebs vs Eintracht Frankfurt Fußball AG
[4649394] Could not find attributes for vyacheslav litvinov (FK Sochi, 2025)
[4649394] Failed to build match row: FK Sochi vs FC Orenburg
[3420980] Could not find attributes for dmytro riznyk (Vorskla Poltava, 2020)
[4368770] Could not find attributes for ilir krasniqi (FK Kolos Kovalivka, 2024)
[4803380] Could not find attributes for patrick william (Bucheon Football Club 1995, 2025)
[3420980] Failed to build match row: Vorskla Poltava vs PFK Lviv
[4803380] Failed to build match row: Bucheon Football Club 1995 vs Gangwon Football Club
[4525729] Could not find attributes for rasmus forsell (Degerfors IF, 2024)
[4368770] Failed to build match row: FK Kolos Kovalivka vs LNZ Cherkasy
[4525729] Failed to build match row: Degerfors IF vs Malmö Fotbollförening
[4403356] Could not find attributes for filip bainovic (Omilos Filathlon Irakliou FC, 2024)
[4393246] Could not find attributes for ogun ozcicek (Gaziantep Futbol Kulübü A.Ş., 2024)
[4445105] Could not find attributes for in beom hwang (Feyenoord Rotterdam, 2024)
[4623194] Could not find attributes for patryk szysz (Morski Związkowy Klub Sportowy Arka Gdynia Spółka Akcyjna, 2025)
[4445105] Failed to build match row: Feyenoord Rotterdam vs Bayer 04 Leverkusen Fußball
[4393246] Failed to build match row: Alanyaspor vs Gaziantep Futbol Kulübü A.Ş.
[4403356] Failed to build match row: Omilos Filathlon Irakliou FC vs Panetolikos Agrinio
[4623194] Failed to build match row: Zagłębie Lubin Spółka Akcyjna vs Morski Związkowy Klub Sportowy Arka Gdynia Spółka Akcyjna
[3683201] Could not find attributes for luquinhas (Legia Warszawa Spółka Akcyjna, 2021)
[3683201] Failed to build match row: Leicester City vs Legia Warszawa Spółka Akcyjna

Keepers & outfield error for **Paris Saint-Germain Football Club** in Paris Saint-Germain Football Club vs Racing Club de Lens: Numbers: 2 and 9.
[4648352] Could not find attributes for villads westh (Silkeborg Idrætsforening, 2025)
[3589557] Failed to build match row: Paris Saint-Germain Football Club vs Racing Club de Lens

Keepers & outfield error for **Casa Pia Atlético Clube** in Casa Pia Atlético Clube vs Sporting Clube de Braga: Numbers: 0 and 11.
[4361846] Could not find attributes for rasmus peetson (FCI Levadia, 2024)
[3963028] Failed to build match row: Casa Pia Atlético Clube vs Sporting Clube de Braga
[3412891] Could not find attributes for nils petersen (Sport-Club Freiburg, 2020)

Keepers & outfield error for **Levante Unión Deportiva S.A.D.** in Levante Unión Deportiva S.A.D. vs Club Atlético de Madrid S.A.D.: Numbers: 0 and 11.

Keepers & outfield error for **Wolverhampton Wanderers Football Club** in Wolverhampton Wanderers Football Club vs West Ham United Football Club: Numbers: 0 and 11.
[4645800] Failed to build match row: Levante Unión Deportiva S.A.D. vs Club Atlético de Madrid S.A.D.
[4648352] Failed to build match row: Silkeborg Idrætsforening vs Brøndby Idrætsforening
[3412891] Failed to build match row: Verein für Bewegungsspiele Stuttgart 1893 vs Sport-Club Freiburg

Keepers & outfield error for **Cádiz CF** in Granada CF vs Cádiz CF: Numbers: 2 and 9.
[4361846] Failed to build match row: FCI Levadia vs FA Siauliai
[3429792] Failed to build match row: Wolverhampton Wanderers Football Club vs West Ham United Football Club
[3433517] Could not find attributes for gabriele zappa (Cagliari Calcio, 2020)
[3451436] Failed to build match row: Granada CF vs Cádiz CF
[3433517] Failed to build match row: Società Sportiva Calcio Napoli vs Cagliari Calcio

Keepers & outfield error for **Atalanta Bergamasca Calcio S.p.a.** in Società Sportiva Calcio Napoli vs Atalanta Bergamasca Calcio S.p.a.: Numbers: 2 and 9.
[4640917] Could not find attributes for bojan brac (Fudbalski Klub IMT Novi Beograd, 2025)
[3836620] Could not find attributes for dominik kruzliak (DAC Dunajska Streda, 2022)
[4640917] Failed to build match row: Fudbalski Klub IMT Novi Beograd vs FK Radnički 1923 Kragujevac
[4098921] Could not find attributes for sergiy sydorchuk (Koninklijke Voetbal Club Westerlo, 2023)
[3836620] Failed to build match row: DAC Dunajska Streda vs Cliftonville FC
[4716129] Could not find attributes for boubacar sidik dabo (Lincoln Red Imps FC, 2025)
[4374011] Failed to build match row: Società Sportiva Calcio Napoli vs Atalanta Bergamasca Calcio S.p.a.
[4525730] Could not find attributes for filip manojlovic (Djurgårdens Idrottsförening, 2024)
[4098921] Failed to build match row: Koninklijke Voetbal Club Westerlo vs KV Kortrijk
[4525730] Failed to build match row: Djurgårdens Idrottsförening vs Halmstads BK
[3487498] Could not find attributes for charlie ianson (UCAM Murcia CF, 2020)
[3909920] Could not find attributes for vladislav torop (PFK CSKA Moskva, 2022)
[4716129] Failed to build match row: Lincoln Red Imps FC vs SK Sigma Olomouc, a.s.
[3909920] Failed to build match row: PFK CSKA Moskva vs Ural Yekaterinburg
[3487498] Failed to build match row: UCAM Murcia CF vs Real Betis Balompié S.A.D.
[3420981] Could not find attributes for oleksandr bandura (FC Rukh Lviv, 2020)
[3420981] Failed to build match row: FC Rukh Lviv vs FC Minaj
[4445106] Could not find attributes for in beom hwang (Feyenoord Rotterdam, 2024)
[4445106] Failed to build match row: Feyenoord Rotterdam vs Fußballclub Red Bull Salzburg

Keepers & outfield error for **Football Club København** in Football Club København vs Fodbold Club Fredericia: Numbers: 2 and 9.
[4368772] Could not find attributes for mykyta turbayevskyi (FC Zorya Lugansk, 2024)
[4648353] Failed to build match row: Football Club København vs Fodbold Club Fredericia
[4203999] Could not find attributes for edu mendez (Deportivo Murcia FC, 2023)
[4203999] Failed to build match row: Deportivo Murcia FC vs Alaves
[4393247] Could not find attributes for luccas claro (Eyüp Spor Kulübü, 2024)
[4368772] Failed to build match row: FC Zorya Lugansk vs FK Kryvbas Kryvyi Rig
[4393247] Failed to build match row: Kasımpaşa A.Ş. vs Eyüp Spor Kulübü

Keepers & outfield error for **Olympique de Marseille** in Stade Reims vs Olympique de Marseille: Numbers: 2 and 9.
[4410791] Could not find attributes for francois kamano (Damac Football Club, 2024)
[3860350] Could not find attributes for miha zajc (Fenerbahçe Spor Kulübü, 2022)
[3589558] Failed to build match row: Stade Reims vs Olympique de Marseille
[4410791] Failed to build match row: Damac Football Club vs Al-Fayha FC
[3860350] Failed to build match row: Fenerbahçe Spor Kulübü vs Hatayspor
[3598218] Could not find attributes for mousa tamari (Oud-Heverlee Leuven, 2021)
[4403357] Could not find attributes for julian cuesta (Aris Thessalonikis, 2024)
e Leuven
[4697242] Could not find attributes for apostolos stikas (Anagennisi Karditsa, 2025)
[4697242] Failed to build match row: Anagennisi Karditsa vs Athlitiki Enosi Kifisias
[4403357] Failed to build match row: Panthessalonikios Athlitikos Omilos Konstantinoupoliton vs Aris Thessalonikis
[4364012] Could not find attributes for mousa tamari (Rennes, 2024)
[4364012] Failed to build match row: Rennes vs Football Club de Nantes
[4355790] Could not find attributes for amine et taibi (Club Brugge Koninklijke Voetbalvereniging, 2024)
[4355790] Failed to build match row: Club Brugge Koninklijke Voetbalvereniging vs Royale Union Saint-Gilloise

Keepers & outfield error for **Brighton and Hove Albion Football Club** in Brighton and Hove Albion Football Club vs Everton Football Club: Numbers: 0 and 11.
[3429793] Failed to build match row: Brighton and Hove Albion Football Club vs Everton Football Club
[4582152] Could not find attributes for raniele (Sport Club Corinthians Paulista, 2024)
[4582152] Failed to build match row: Sport Club Corinthians Paulista vs Esporte Clube Vitória
[3963029] Could not find attributes for tiago andre (CD Trofense, 2022)
[3963029] Failed to build match row: CD Trofense vs FC Paços de Ferreira
[3628812] Could not find attributes for jan lecjaks (Omonia Nicosia, 2021)
[3628812] Failed to build match row: Omonia Nicosia vs FC Flora Tallinn
[4645801] Could not find attributes for grady diangana (Elche Club de Fútbol S.A.D., 2025)
[4645801] Failed to build match row: Elche Club de Fútbol S.A.D. vs Futbol Club Barcelona
[4649395] Could not find attributes for maksim glushenkov (AO FK Zenit Sankt-Peterburg, 2025)
[4089541] Could not find attributes for paulinho (Fodbold Club Midtjylland, 2023)

Keepers & outfield error for **SD Huesca** in SD Huesca vs Real Sociedad de Fútbol S.A.D.: Numbers: 0 and 11.
[4649395] Failed to build match row: AO FK Zenit Sankt-Peterburg vs FK Sochi
[4089541] Failed to build match row: Fodbold Club Nordsjælland vs Fodbold Club Midtjylland
[3451437] Failed to build match row: SD Huesca vs Real Sociedad de Fútbol S.A.D.
[3886623] Failed to build match row: Cádiz CF vs Real Madrid Club de Fútbol
[4525731] Could not find attributes for abdullah iqbal (Mjällby Almänna Idrottsförening, 2024)
[4525731] Failed to build match row: Hammarby IF vs Mjällby Almänna Idrottsförening
[4640918] Could not find attributes for strahinja manojlovic (Fudbalski Klub Radnički Niš, 2025)
[4368773] Could not find attributes for ilir krasniqi (FK Kolos Kovalivka, 2024)
[4640918] Failed to build match row: Fudbalski Klub Radnički Niš vs Fudbalski Klub Partizan Beograd
[3420982] Could not find attributes for ilya zabarnyi (Futbolniy Klub Dynamo Kyiv, 2020)
[4410792] Could not find attributes for dimitrios kourbelis (Al-Khaleej Club (Saihat), 2024)
[4410792] Failed to build match row: Al-Khaleej Club (Saihat) vs Al-Ettifaq Football Club
[4368773] Failed to build match row: FK Kolos Kovalivka vs FC Shakhtar Donetsk
[3420982] Failed to build match row: FC Shakhtar Donetsk vs Futbolniy Klub Dynamo Kyiv
[3598219] Could not find attributes for abdelkahar kadri (KV Kortrijk, 2021)
[3839534] Could not find attributes for arne engels (Fußball-Club Augsburg 1907, 2022)
[4126819] Could not find attributes for britt assombalonga (Antalyaspor, 2023)
[4623195] Could not find attributes for mateusz klich (Klub Sportowy Cracovia Spółka Akcyjna, 2025)
[3839534] Failed to build match row: Fußball-Club Augsburg 1907 vs 1. Fußballclub Union Berlin
[3598219] Failed to build match row: Royal Standard Club de Liège vs KV Kortrijk
[4126819] Failed to build match row: Sivasspor vs Antalyaspor
[4150569] Could not find attributes for tonny vilhena (Panathinaikos Athlitikos Omilos, 2023)
[3860351] Failed to scrape lineup: https://www.transfermarkt.co.uk/giresunspor_gaziantep-fk/index/spielbericht/3860351
[4623195] Failed to build match row: Morski Związkowy Klub Sportowy Arka Gdynia Spółka Akcyjna vs Klub Sportowy Cracovia Spółka Akcyjna
[4150569] Failed to build match row: Panathinaikos Athlitikos Omilos vs PAS Lamia 1964
[4649396] Could not find attributes for aleksandr maksimenko (FK Spartak Moskva, 2025)

Keepers & outfield error for **Villarreal Club de Fútbol S.A.D.** in Villarreal Club de Fútbol S.A.D. vs Real Valladolid CF: Numbers: 2 and 9.
[4649396] Failed to build match row: FK Spartak Moskva vs FC Rubin Kazan
[3886624] Failed to build match row: Villarreal Club de Fútbol S.A.D. vs Real Valladolid CF
[4361847] Could not find attributes for ebrima jarju (Paide Linnameeskond, 2024)
[4393248] Could not find attributes for malcom bokele (Göztepe Sportif Yatırımlar A.Ş., 2024)
[4716130] Could not find attributes for johannes kreidl (Kuopion Palloseura, 2025)
[3909921] Could not find attributes for egor danilkin (FC Khimki (-2025), 2022)

Keepers & outfield error for **Real Oviedo S.A.D.** in Real Oviedo S.A.D. vs Girona Fútbol Club S. A. D.: Numbers: 2 and 9.
[4098922] Could not find attributes for parfait guiagon (Royal Charleroi Sporting Club, 2023)
[4361847] Failed to build match row: Paide Linnameeskond vs Bala Town
[3909921] Failed to build match row: FC Khimki (-2025) vs Футбольный клуб "Локомотив" Москва
[3628813] Could not find attributes for jan hanus (FK Jablonec a.s., 2021)
[4716130] Failed to build match row: Kuopion Palloseura vs Slovan Bratislava
[4393248] Failed to build match row: Hatayspor vs Göztepe Sportif Yatırımlar A.Ş.
[3487499] Could not find attributes for alvaro perez (Ciudad Lucena, 2020)
[3487499] Failed to build match row: Ciudad Lucena vs Sevilla Fútbol Club S.A.D.
[4645803] Failed to build match row: Real Oviedo S.A.D. vs Girona Fútbol Club S. A. D.
[3628813] Failed to build match row: FK Jablonec a.s. vs The Celtic Football Club
[4502567] Could not find attributes for hidde ter avest (Oxford United, 2024)
[4098922] Failed to build match row: Royal Charleroi Sporting Club vs RWD Molenbeek
[4502567] Failed to build match row: Exeter City vs Oxford United

Keepers & outfield error for **Club Atlético Osasuna** in Real Madrid Club de Fútbol vs Club Atlético Osasuna: Numbers: 2 and 9.

Keepers & outfield error for **Real Sociedad de Fútbol S.A.D.** in Cádiz CF vs Real Sociedad de Fútbol S.A.D.: Numbers: 2 and 9.
[3451438] Failed to build match row: Real Madrid Club de Fútbol vs Club Atlético Osasuna
[3605196] Failed to build match row: Cádiz CF vs Real Sociedad de Fútbol S.A.D.
[4403358] Could not find attributes for georgios kornezos (PAS Lamia 1964, 2024)
[4403358] Failed to build match row: PAS Lamia 1964 vs Panserraikos Serres
[3683202] Could not find attributes for mergim berisha (Fenerbahçe Spor Kulübü, 2021)
[4525732] Could not find attributes for love arrhov (Idrottsföreningen  Brommapojkarna, 2024)
[3683202] Failed to build match row: Olympiakos Syndesmos Filathlon Peiraios vs Fenerbahçe Spor Kulübü
[4525732] Failed to build match row: Idrottsföreningen  Brommapojkarna vs IFK Norrköping
[4355891] Failed to scrape lineup: https://www.transfermarkt.co.uk/gks-katowice_radomiak-radom/index/spielbericht/4355891
[3836621] Could not find attributes for bardur a reynatrod (Víkingur Gøta, 2022)
[3420983] Could not find attributes for dmytro riznyk (Vorskla Poltava, 2020)
[3420983] Failed to build match row: Vorskla Poltava vs FC Zorya Lugansk
[3836621] Failed to build match row: Víkingur Gøta vs Europa FC
[4368774] Could not find attributes for dmytro ledviy (FC Rukh Lviv, 2024)
[4368774] Failed to build match row: FC Rukh Lviv vs FK Karpaty Lviv
[3487500] Failed to scrape lineup: https://www.transfermarkt.co.uk/spielbericht/index/spielbericht/3487500

Keepers & outfield error for **Wolverhampton Wanderers Football Club** in Leicester City vs Wolverhampton Wanderers Football Club: Numbers: 0 and 11.
[4697243] Could not find attributes for vasilios tsimopoulos (AO Egaleo, 2025)
[4112836] Could not find attributes for marvin park (UD Las Palmas, 2023)
[3583480] Failed to build match row: Leicester City vs Wolverhampton Wanderers Football Club
[4126820] Could not find attributes for bruno paz (Konyaspor, 2023)
[4697243] Failed to build match row: AO Egaleo vs Panargiakos
[4112836] Failed to build match row: UD Las Palmas vs Real Madrid Club de Fútbol
[4126820] Failed to build match row: Konyaspor vs Gaziantep Futbol Kulübü A.Ş.
[4445107] Failed to scrape lineup: https://www.transfermarkt.co.uk/spielbericht/index/spielbericht/4445107
[4803382] Could not find attributes for gytis paulauskas (Jeju SK Football Club, 2025)
[4374012] Could not find attributes for jeff ekhator (Genoa Cricket and Football Club, 2024)
[4803382] Failed to build match row: Jeju SK Football Club vs Ulsan Hyundai Football Club
[4374012] Failed to build match row: Parma Calcio 1913 vs Genoa Cricket and Football Club
[3614562] Could not find attributes for kevin bonifazi (Bologna Football Club 1909, 2021)
[3614562] Failed to build match row: Bologna Football Club 1909 vs Genoa Cricket and Football Club
[3860352] Could not find attributes for brandley kuwas (Giresunspor, 2022)
[3860352] Failed to build match row: Antalyaspor vs Giresunspor
[4623196] Could not find attributes for veljko ilic (Widzew Łódź Spółka Akcyjna, 2025)
[4716131] Could not find attributes for johannes kreidl (Kuopion Palloseura, 2025)
idzew Łódź Spółka Akcyjna
[4716131] Failed to build match row: Kuopion Palloseura vs FC Drita
[4204000] Could not find attributes for carlos cotrina (Turégano CF, 2023)
[4204000] Failed to build match row: Turégano CF vs Celta
[4640919] Could not find attributes for david stojanovic (Fudbalski klub Radnik Surdulica, 2025)
[4640919] Failed to build match row: Fudbalski klub Radnik Surdulica vs Železničar Pančevo
[3909922] Could not find attributes for aleksandr maksimenko (FK Spartak Moskva, 2022)
[3909922] Failed to build match row: FK Spartak Moskva vs AO FK Zenit Sankt-Peterburg
[3420984] Could not find attributes for maksym lopyryonok (FC Minaj, 2020)

Keepers & outfield error for **Jeonbuk Hyundai Motors** in Jeonbuk Hyundai Motors vs Football Club Anyang: Numbers: 2 and 9.
[4803383] Failed to build match row: Jeonbuk Hyundai Motors vs Football Club Anyang
[3420984] Failed to build match row: FC Minaj vs Desna Chernigiv
[4648356] Could not find attributes for warren caddy (Randers Fodbold Club, 2025)
[4648356] Failed to build match row: Randers Fodbold Club vs Vejle Boldklub
[4410793] Could not find attributes for odion ighalo (Al-Wehda FC, 2024)

Keepers & outfield error for **Wolverhampton Wanderers Football Club** in Fulham Football Club vs Wolverhampton Wanderers Football Club: Numbers: 0 and 11.

Keepers & outfield error for **Football Club de Nantes** in Football Club de Nantes vs Toulouse Football Club: Numbers: 2 and 9.
[4649397] Could not find attributes for andrey lunev (FK Dinamo Moskva, 2025)

Keepers & outfield error for **Santos Futebol Clube** in Santos Futebol Clube vs S. A. F. Botafogo: Numbers: 0 and 11.
[3433519] Could not find attributes for eldor shomurodov (Genoa Cricket and Football Club, 2020)
[4364015] Failed to build match row: Football Club de Nantes vs Toulouse Football Club
[3433519] Failed to build match row: Società Sportiva Lazio S.p.A. vs Genoa Cricket and Football Club
[4410793] Failed to build match row: Al-Wehda FC vs Al-Okhdood Club
[3429796] Failed to build match row: Fulham Football Club vs Wolverhampton Wanderers Football Club
[4582153] Failed to build match row: Santos Futebol Clube vs S. A. F. Botafogo
[4649397] Failed to build match row: FK Dinamo Moskva vs FK Krasnodar
[4095456] Could not find attributes for djordje petrovic (Chelsea Football Club, 2023)
[4112837] Could not find attributes for chris ramos (Cádiz CF, 2023)
[4095456] Failed to build match row: Chelsea Football Club vs Association Football Club Bournemouth

Keepers & outfield error for **Granada CF** in Granada CF vs Real Betis Balompié S.A.D.: Numbers: 0 and 11.
[3605197] Failed to build match row: Granada CF vs Real Betis Balompié S.A.D.
[4361849] Could not find attributes for jonny tuffey (Crusaders FC, 2024)
[4634220] Failed to scrape lineup: https://www.transfermarkt.co.uk/1-fsv-mainz-05_tsg-1899-hoffenheim/index/spielbericht/4634220
[4112837] Failed to build match row: Cádiz CF vs Athletic Club Bilbao
[4525733] Could not find attributes for tobias heintz (Idrottsföreningen Kamraterna Göteborg, 2024)
[4368775] Could not find attributes for nazariy fedorivskyi (FK Obolon Kyiv, 2024)
[4355893] Failed to scrape lineup: https://www.transfermarkt.co.uk/lech-poznan_gornik-zabrze/index/spielbericht/4355893
[4525733] Failed to build match row: Idrottsföreningen Kamraterna Göteborg vs Degerfors IF
[4361849] Failed to build match row: Crusaders FC vs Caernarfon Town
[4368775] Failed to build match row: FK Obolon Kyiv vs Futbolniy Klub Dynamo Kyiv
[4445108] Could not find attributes for jahmai simpson pusey (Manchester City Football Club, 2024)
[4648357] Could not find attributes for sofus johannesen (Fodbold Club Fredericia, 2025)
[4445108] Failed to build match row: Sporting Clube de Portugal vs Manchester City Football Club
[4582154] Failed to scrape lineup: https://www.transfermarkt.co.uk/mirassol-futebol-clube-sp-_sport-club-do-recife/index/spielbericht/4582154
[4716132] Failed to build match row: Kuopion Palloseura vs Football Club Lausanne-Sport
[4648357] Failed to build match row: Fodbold Club Fredericia vs Aarhus Gymnastik Forening
[4150570] Could not find attributes for abdul rahman baba (Panthessalonikios Athlitikos Omilos Konstantinoupoliton, 2023)
[3963030] Could not find attributes for ousmane diomande (CD Mafra, 2022)
[3412895] Failed to scrape lineup: https://www.transfermarkt.co.uk/sc-freiburg_bayern-munich/index/spielbericht/3412895
[3963030] Failed to build match row: CD Mafra vs FC Vizela
[4150570] Failed to build match row: Panthessalonikios Athlitikos Omilos Konstantinoupoliton vs Olympiakos Syndesmos Filathlon Peiraios
[3429797] Could not find attributes for trezeguet (Aston Villa Football Club, 2020)
[3429797] Failed to build match row: Liverpool Football Club vs Aston Villa Football Club

Keepers & outfield error for **Royal Antwerp Football Club** in Eintracht Frankfurt Fußball AG vs Royal Antwerp Football Club: Numbers: 2 and 9.
[3683203] Failed to build match row: Eintracht Frankfurt Fußball AG vs Royal Antwerp Football Club
[4095457] Failed to scrape lineup: https://www.transfermarkt.co.uk/crystal-palace_aston-villa/index/spielbericht/4095457
[4649398] Could not find attributes for anton mitryushkin (Футбольный клуб "Локомотив" Москва, 2025)
[4640920] Could not find attributes for nemanja milunovic (Fudbalski Klub Spartak Ždrepčeva krv, 2025)
[4649398] Failed to build match row: Футбольный клуб "Локомотив" Москва vs FK Baltika
[4640920] Failed to build match row: Fudbalski Klub Spartak Ždrepčeva krv vs Fudbalski Klub Novi Pazar
[3860353] Could not find attributes for strahil popov (Ümraniyespor, 2022)
[3860353] Failed to build match row: Ümraniyespor vs Istanbulspor
[3420985] Could not find attributes for yevgen volynets (FK Kolos Kovalivka, 2020)
[3420985] Failed to build match row: FK Kolos Kovalivka vs SC Dnipro-1
[4623197] Could not find attributes for jesse bosch (GKS GieKSa Katowice Spółka Akcyjna, 2025)
[4623197] Failed to build match row: GKS GieKSa Katowice Spółka Akcyjna vs KKS Lech Poznań Spółka Akcyjna
[4697244] Could not find attributes for nikolaos giannakopoulos (Panionios Athens, 2025)
[4697244] Failed to build match row: Panionios Athens vs Iraklis Thessaloniki
[4364016] Could not find attributes for yael mouanga (Montpellier HSC, 2024)
[3628814] Could not find attributes for liam walker (Lincoln Red Imps FC, 2021)
[4393250] Could not find attributes for jonas svensson (Beşiktaş Jimnastik Kulübü, 2024)
[3628814] Failed to build match row: Lincoln Red Imps FC vs Slovan Bratislava
[3909923] Could not find attributes for aleksey gorodovoy (Fakel Voronezh, 2022)
[4393250] Failed to build match row: Beşiktaş Jimnastik Kulübü vs Alanyaspor
[4525734] Could not find attributes for etrit berisha (BK Häcken, 2024)
[3909923] Failed to build match row: Fakel Voronezh vs PFK Krylya Sovetov Samara
[4525734] Failed to build match row: BK Häcken vs Idrottsföreningen Elfsborg
[4355894] Could not find attributes for luquinhas (Legia Warszawa Spółka Akcyjna, 2024)
[4803384] Could not find attributes for yong hak kim (Football Club Pohang Steelers, 2025)
[4355894] Failed to build match row: Legia Warszawa Spółka Akcyjna vs Zagłębie Lubin Spółka Akcyjna
[3598223] Could not find attributes for robert bauer (St Truiden, 2021)
[4803384] Failed to build match row: Football Club Pohang Steelers vs Football Club Seoul
[3598223] Failed to build match row: St Truiden vs Club Brugge Koninklijke Voetbalvereniging
[4640921] Could not find attributes for milos veljkovic (Fudbalski klub Crvena zvezda Beograd, 2025)
[4640921] Failed to build match row: Fudbalski klub Crvena zvezda Beograd vs Fudbalski klub Čukarički Beograd

Keepers & outfield error for **Pendikspor** in Pendikspor vs Alanyaspor: Numbers: 2 and 9.
[4126822] Failed to build match row: Pendikspor vs Alanyaspor
[4112838] Could not find attributes for matija nastasic (Real Club Deportivo Mallorca S.A.D., 2023)
[4098925] Could not find attributes for mahamadou doumbia (Royal Antwerp Football Club, 2023)
[4112838] Failed to build match row: Real Club Deportivo Mallorca S.A.D. vs Real Betis Balompié S.A.D.
[4368776] Could not find attributes for pavlo isenko (Vorskla Poltava, 2024)

Keepers & outfield error for **Al-Nassr Football Club** in Al-Ittihad Football Club vs Al-Nassr Football Club: Numbers: 0 and 11.
[4368776] Failed to build match row: Vorskla Poltava vs FC Oleksandriya
[4204001] Could not find attributes for amador dieguez (CD Buñol, 2023)
[4364017] Could not find attributes for juma bah (Racing Club de Lens, 2024)
[4098925] Failed to build match row: Royal Antwerp Football Club vs Club Brugge Koninklijke Voetbalvereniging
[4204001] Failed to build match row: CD Buñol vs Real Sociedad de Fútbol S.A.D.
[4410794] Failed to build match row: Al-Ittihad Football Club vs Al-Nassr Football Club
[4649399] Could not find attributes for giorgiy shelia (RFK Akhmat Grozny, 2025)
[4364017] Failed to build match row: Racing Club de Lens vs Association de la Jeunesse auxerroise
[4649399] Failed to build match row: RFK Akhmat Grozny vs Dinamo Makhachkala
[4766844] Could not find attributes for salim el jebari (CD Mirandés, 2025)
[4150571] Could not find attributes for julian cuesta (Aris Thessalonikis, 2023)
[4766844] Failed to build match row: CD Mirandés vs Sporting Gijón

Keepers & outfield error for **Associazione Calcio Fiorentina** in Torino Calcio vs Associazione Calcio Fiorentina: Numbers: 0 and 11.
[3909924] Could not find attributes for giorgiy shelia (RFK Akhmat Grozny, 2022)
[3909924] Failed to build match row: RFK Akhmat Grozny vs FK Rostov
[4150571] Failed to build match row: Aris Thessalonikis vs Volou Neos Podosferikos Syllogos
[4393251] Could not find attributes for tolga kalender (Adana Demirspor, 2024)
[4374013] Failed to build match row: Torino Calcio vs Associazione Calcio Fiorentina
[4393251] Failed to build match row: Hatayspor vs Adana Demirspor

Keepers & outfield error for **Wolverhampton Wanderers Football Club** in Wolverhampton Wanderers Football Club vs Manchester City Football Club: Numbers: 0 and 11.
[4716133] Could not find attributes for petros mantalos (Athlitiki Enosi Konstantinoupoleos, 2025)
[4625780] Failed to build match row: Wolverhampton Wanderers Football Club vs Manchester City Football Club
[3605198] Could not find attributes for aleix vidal (Espanol, 2021)
[3605198] Failed to build match row: Espanol vs Club Atlético de Madrid S.A.D.
[4716133] Failed to build match row: Athlitiki Enosi Konstantinoupoleos vs Shamrock Rovers

Keepers & outfield error for **Jeonbuk Hyundai Motors** in Foundation Coorperation Hana Financial Group Inc. Football Club vs Jeonbuk Hyundai Motors: Numbers: 2 and 9.
[4364018] Failed to scrape lineup: https://www.transfermarkt.co.uk/angers-sco_losc-lille/index/spielbericht/4364018
[4634222] Could not find attributes for yannick gerhardt (Verein für Leibesübungen Wolfsburg, 2025)
[4803385] Failed to build match row: Foundation Coorperation Hana Financial Group Inc. Football Club vs Jeonbuk Hyundai Motors

Keepers & outfield error for **Malmö Fotbollförening** in Malmö Fotbollförening vs Allmänna Idrottsklubben: Numbers: 0 and 11.
[4525735] Failed to build match row: Malmö Fotbollförening vs Allmänna Idrottsklubben
[4634222] Failed to build match row: Verein für Leibesübungen Wolfsburg vs Bayer 04 Leverkusen Fußball
[4623199] Failed to scrape lineup: https://www.transfermarkt.co.uk/jagiellonia-bialystok_korona-kielce/index/spielbericht/4623199
[3420986] Could not find attributes for oleksandr ilyushchenkov (PFK Lviv, 2020)
[4502569] Could not find attributes for tommy mcdermott (Burnley Football Club, 2024)
[4648359] Could not find attributes for ismahila ouedraogo (Odense Boldklub, 2025)
[3886627] Could not find attributes for abde ezzalzouli (Club Atlético Osasuna, 2022)
[4361850] Could not find attributes for hayk ghazaryan (FC Urartu Yerevan, 2024)
[3420986] Failed to build match row: PFK Lviv vs FC Oleksandriya
[4502569] Failed to build match row: Reading FC vs Burnley Football Club
[4648359] Failed to build match row: Odense Boldklub vs Fodbold Club Midtjylland
[4361850] Failed to build match row: FC Urartu Yerevan vs Kalev Tallinn
[3886627] Failed to build match row: Rayo Vallecano de Madrid S. A. D. vs Club Atlético Osasuna
[3433522] Could not find attributes for daan dierckx (Parma Calcio 1913, 2020)
024)
[3487501] Could not find attributes for abdenaceur tebabes (CD Varea, 2020)
[3433522] Failed to build match row: Torino Calcio vs Parma Calcio 1913
[4368777] Failed to build match row: FK Polissya Zhytomyr vs Livyi Bereg Kyiv
[3487501] Failed to build match row: CD Varea vs UD Las Palmas

Keepers & outfield error for **Leeds United Association Football Club** in Manchester City Football Club vs Leeds United Association Football Club: Numbers: 2 and 9.
[3963031] Could not find attributes for zach muscat (SC Farense, 2022)
[3429798] Failed to build match row: Manchester City Football Club vs Leeds United Association Football Club
[3963031] Failed to build match row: SC Farense vs CS Marítimo
[3412897] Could not find attributes for mehmet aydin (FC Schalke 04, 2020)
[3412897] Failed to build match row: FC Schalke 04 vs Eintracht Frankfurt Fußball AG
[3683204] Could not find attributes for maksim nenakhov (Футбольный клуб "Локомотив" Москва, 2021)
[3683204] Failed to build match row: Футбольный клуб "Локомотив" Москва vs Società Sportiva Lazio S.p.A.
[3589562] Could not find attributes for youcef belaili (Stade brestois 29, 2021)
[3628815] Could not find attributes for assaf tzur (Anorthosis Famagusta, 2021)
[4525736] Could not find attributes for simon sandberg (IK Sirius, 2024)
[3628815] Failed to build match row: Sportklub Rapid vs Anorthosis Famagusta
[3589562] Failed to build match row: Stade brestois 29 vs Clermont Foot 63
[4649400] Could not find attributes for jhon alex palacios (FC Orenburg, 2025)
[4525736] Failed to build match row: IK Sirius vs Östers IF
[4623200] Could not find attributes for matej rodin (Klub Sportowy Lechia Gdańsk, 2025)
[4649400] Failed to build match row: FC Orenburg vs PFK Krylya Sovetov Samara
[4374014] Could not find attributes for nicolo savona (Juventus Football Club, 2024)
[4623200] Failed to build match row: Klub Sportowy Lechia Gdańsk vs Wisła Płock Spółka Akcyjna
[4716134] Could not find attributes for petros mantalos (Athlitiki Enosi Konstantinoupoleos, 2025)
[4374014] Failed to build match row: Udinese Calcio vs Juventus Football Club
[4648360] Could not find attributes for villads westh (Silkeborg Idrætsforening, 2025)
[4648360] Failed to build match row: Sønderjyske Fodbold vs Silkeborg Idrætsforening
[4716134] Failed to build match row: Athlitiki Enosi Konstantinoupoleos vs Aberdeen Football Club
[4204002] Could not find attributes for alex ruiz (UE Rubí, 2023)
[4204002] Failed to build match row: UE Rubí vs Athletic Club Bilbao
[4126823] Could not find attributes for yasin ozcan (Kasımpaşa A.Ş., 2023)
[4126823] Failed to build match row: Kasımpaşa A.Ş. vs Trabzonspor Kulübü

Keepers & outfield error for **Valencia Club de Fútbol S. A. D.** in Valencia Club de Fútbol S. A. D. vs Sevilla Fútbol Club S.A.D.: Numbers: 2 and 9.

Keepers & outfield error for **Associazione Sportiva Roma** in UC Sampdoria vs Associazione Sportiva Roma: Numbers: 0 and 11.
[4368778] Could not find attributes for artur rudko (Chornomorets Odesa, 2024)
[3886628] Failed to build match row: Valencia Club de Fútbol S. A. D. vs Sevilla Fútbol Club S.A.D.
[3433523] Failed to build match row: UC Sampdoria vs Associazione Sportiva Roma
[4803386] Could not find attributes for sung yun gu (Football Club Seoul, 2025)

Keepers & outfield error for **Associazione Sportiva Roma** in Associazione Sportiva Roma vs Udinese Calcio: Numbers: 0 and 11.
[4368778] Failed to build match row: Chornomorets Odesa vs NK Veres Rivne


Keepers & outfield error for **Brighton and Hove Albion Football Club** in Norwich City vs Brighton and Hove Albion Football Club: Numbers: 0 and 11.
[3909925] Failed to build match row: FC Orenburg vs FK Dinamo Moskva
[4150572] Could not find attributes for alexandros anagnostopoulos (Athlitiki Enosi Kifisias, 2023)
[4361851] Could not find attributes for kristi qarri (KF Vllaznia, 2024)
[3614566] Failed to build match row: Associazione Sportiva Roma vs Udinese Calcio
[3420987] Could not find attributes for oleg kudryk (FK Mariupol, 2020)
[4502570] Failed to build match row: Norwich City vs Brighton and Hove Albion Football Club
[4150572] Failed to build match row: Athlitiki Enosi Kifisias vs Panathinaikos Athlitikos Omilos
[4803386] Failed to build match row: Football Club Seoul vs Gwangju Football Club
[4361851] Failed to build match row: KF Vllaznia vs Valur Reykjavík

Keepers & outfield error for **Olympique de Marseille** in Galatasaray Spor Kulübü vs Olympique de Marseille: Numbers: 2 and 9.
[3683205] Failed to build match row: Galatasaray Spor Kulübü vs Olympique de Marseille
[3420987] Failed to build match row: FK Mariupol vs Olimpik Donetsk
[4649401] Could not find attributes for nikita medvedev (FK Nizhny Novgorod, 2025)
[4640922] Could not find attributes for balsa popovic (Omladinski fudbalski klub Beograd, 2025)
[4649401] Failed to build match row: FK Nizhny Novgorod vs PFK CSKA Moskva
[4403359] Could not find attributes for bernabe barragan (Athens Kallithea, 2024)
[4640922] Failed to build match row: Omladinski fudbalski klub Beograd vs Fudbalski Klub Mladost Lučani
[4393252] Could not find attributes for samba camara (Sivasspor, 2024)
[4403359] Failed to build match row: Athens Kallithea vs A.G.S Asteras Tripolis
[4634224] Could not find attributes for rani khedira (1. Fußballclub Union Berlin, 2025)
[4393252] Failed to build match row: Sivasspor vs Samsunspor
[4623201] Could not find attributes for rajmund molnar (Morski Klub Sportowy Pogoń Szczecin, 2025)
[4634224] Failed to build match row: Fußball-Club St. Pauli von 1910 vs 1. Fußballclub Union Berlin
[3845084] Could not find attributes for manolo gabbiadini (UC Sampdoria, 2022)
[4716135] Could not find attributes for petros mantalos (Athlitiki Enosi Konstantinoupoleos, 2025)
Piast Spółka Akcyjna
[3845084] Failed to build match row: UC Sampdoria vs FC Empoli
[4716135] Failed to build match row: Athlitiki Enosi Konstantinoupoleos vs U Craiova 1948 Club Sportiv SA
[3614567] Failed to scrape lineup: https://www.transfermarkt.co.uk/us-salernitana-1919_hellas-verona/index/spielbericht/3614567
[4525737] Could not find attributes for rufai mohammed (IFK Värnamo, 2024)
[4095461] Could not find attributes for wes foderingham (Sheffield United, 2023)
[4525737] Failed to build match row: IFK Värnamo vs Göteborgs Atlet- och Idrottssällskap
[4095461] Failed to build match row: Sheffield United vs Tottenham Hotspur Football Club

Keepers & outfield error for **Real Betis Balompié S.A.D.** in Real Betis Balompié S.A.D. vs Valencia Club de Fútbol S. A. D.: Numbers: 2 and 9.
[4645806] Failed to build match row: Real Betis Balompié S.A.D. vs Valencia Club de Fútbol S. A. D.
[3628816] Could not find attributes for matko obradovic (NS Mura, 2021)
[3628816] Failed to build match row: NS Mura vs FK Zalgiris Vilnius
[4368779] Could not find attributes for yevgeniy kucherenko (LNZ Cherkasy, 2024)
[4368779] Failed to build match row: LNZ Cherkasy vs Ingulets Petrove
[4150573] Could not find attributes for alexandros paschalakis (Olympiakos Syndesmos Filathlon Peiraios, 2023)
[4150573] Failed to build match row: Olympiakos Syndesmos Filathlon Peiraios vs A.G.S Asteras Tripolis
[4648362] Could not find attributes for ismahila ouedraogo (Odense Boldklub, 2025)
[3683206] Could not find attributes for strahinja erakovic (Fudbalski klub Crvena zvezda Beograd, 2021)
[3683206] Failed to build match row: Fudbalski klub Crvena zvezda Beograd vs Ludogorets Razgrad
[4648362] Failed to build match row: Fodbold Club Fredericia vs Odense Boldklub
[4445113] Could not find attributes for matteo dams (Eindhovense Voetbalvereniging Philips Sport Vereniging, 2024)
[4445113] Failed to build match row: Eindhovense Voetbalvereniging Philips Sport Vereniging vs FC Shakhtar Donetsk

Keepers & outfield error for **Leeds United Association Football Club** in Leeds United Association Football Club vs Everton Football Club: Numbers: 0 and 11.
[4649402] Could not find attributes for vitaliy gudiev (Akron Togliatti, 2025)
[4625783] Failed to build match row: Leeds United Association Football Club vs Everton Football Club
[4766845] Could not find attributes for aingeru olabarrieta (FC Andorra, 2025)
[3412899] Could not find attributes for omer toprak (Sportverein Werder Bremen von 1899, 2020)
[3909926] Could not find attributes for bruno fuchs (PFK CSKA Moskva, 2022)
[4766845] Failed to build match row: Cultural Leonesa vs FC Andorra
[4640923] Could not find attributes for dragan rosic (Fudbalski Klub Vojvodina, 2025)
[4649402] Failed to build match row: Akron Togliatti vs FK Rostov
[3909926] Failed to build match row: PFK CSKA Moskva vs FK Sochi
[4112840] Could not find attributes for arsen zakharyan (Real Sociedad de Fútbol S.A.D., 2023)
[4640923] Failed to build match row: Fudbalski Klub Vojvodina vs Fudbalski klub TSC Bačka Topola
[4525738] Could not find attributes for ezekiel alladoh (Idrottsföreningen  Brommapojkarna, 2024)
[3412899] Failed to build match row: Fußball-Club Augsburg 1907 vs Sportverein Werder Bremen von 1899
[4204003] Could not find attributes for serafin bermo (CD Boiro, 2023)

Keepers & outfield error for **Olympique de Marseille** in Olympique de Marseille vs Olympique Lyonnais: Numbers: 2 and 9.
[4525738] Failed to build match row: Idrottsföreningen  Brommapojkarna vs Idrottsföreningen Kamraterna Göteborg
[3589565] Failed to build match row: Olympique de Marseille vs Olympique Lyonnais
[4364021] Could not find attributes for thiago almada (Olympique Lyonnais, 2024)
[4204003] Failed to build match row: CD Boiro vs Real Club Deportivo Mallorca S.A.D.
[3628817] Could not find attributes for stas pokatilov (Kairat Almaty, 2021)
[4364021] Failed to build match row: Olympique Lyonnais vs Rennes
[3628817] Failed to build match row: Kairat Almaty vs Alashkert Yerevan FC

Keepers & outfield error for **Southampton FC** in West Bromwich Albion vs Southampton FC: Numbers: 0 and 11.
[4112840] Failed to build match row: Real Sociedad de Fútbol S.A.D. vs Rayo Vallecano de Madrid S. A. D.
[3429801] Failed to build match row: West Bromwich Albion vs Southampton FC
[4403360] Could not find attributes for julian cuesta (Aris Thessalonikis, 2024)
024)
[3836622] Could not find attributes for kieran smith (Bala Town, 2022)
[4403360] Failed to build match row: Aris Thessalonikis vs PAS Lamia 1964
[4582155] Failed to build match row: Cruzeiro Esporte Clube vs Sociedade Esportiva Palmeiras
[4098926] Could not find attributes for ryotaro tsunoda (KV Kortrijk, 2023)
[4410795] Could not find attributes for norbert gyomber (Al-Kholood Club, 2024)

Keepers & outfield error for **Rio Ave Futebol Clube** in Rio Ave Futebol Clube vs Sporting Clube de Portugal: Numbers: 2 and 9.
[4410795] Failed to build match row: Al-Kholood Club vs Al-Qadsiah Saudi Football Club
[4098926] Failed to build match row: KV Kortrijk vs Royal Charleroi Sporting Club
[3683207] Could not find attributes for paulinho (Fodbold Club Midtjylland, 2021)
[3963032] Failed to build match row: Rio Ave Futebol Clube vs Sporting Clube de Portugal
[3683207] Failed to build match row: Fodbold Club Midtjylland vs Sporting Clube de Braga
[4368780] Could not find attributes for nazariy fedorivskyi (FK Obolon Kyiv, 2024)
[4623202] Could not find attributes for elves balde (Radomiak S.A., 2025)
[3487502] Could not find attributes for manu olmedilla (Gimnástica Segoviana CF, 2020)
[4623202] Failed to build match row: Radomiak S.A. vs Zagłębie Lubin Spółka Akcyjna
[3487502] Failed to build match row: Gimnástica Segoviana CF vs Girona Fútbol Club S. A. D.
[3860357] Could not find attributes for jovan manev (Adana Demirspor, 2022)
[4368780] Failed to build match row: FK Obolon Kyiv vs Ingulets Petrove
[3860357] Failed to build match row: Adana Demirspor vs MKE Ankaragücü

Keepers & outfield error for **Atalanta Bergamasca Calcio S.p.a.** in Atalanta Bergamasca Calcio S.p.a. vs Verona Hellas Football Club: Numbers: 0 and 11.
[3845086] Failed to build match row: Atalanta Bergamasca Calcio S.p.a. vs Verona Hellas Football Club
[4645807] Could not find attributes for neal maupay (Sevilla Fútbol Club S.A.D., 2025)

Keepers & outfield error for **Associazione Calcio Fiorentina** in Associazione Calcio Fiorentina vs Verona Hellas Football Club: Numbers: 0 and 11.
[4645807] Failed to build match row: Real Club Deportivo Mallorca S.A.D. vs Sevilla Fútbol Club S.A.D.
[4374017] Failed to build match row: Associazione Calcio Fiorentina vs Verona Hellas Football Club
[4697245] Could not find attributes for themistoklis tselios (Niki Volou, 2025)
[4697245] Failed to build match row: Niki Volou vs Panetolikos Agrinio
[3451444] Could not find attributes for ante budimir (Club Atlético Osasuna, 2020)
[4445114] Could not find attributes for matteo dams (Eindhovense Voetbalvereniging Philips Sport Vereniging, 2024)
[3589566] Could not find attributes for nabil bentaleb (Angers Sporting Club de l'Ouest, 2021)
[3909927] Could not find attributes for ilya pomazun (Ural Yekaterinburg, 2022)
[4364022] Could not find attributes for thiago almada (Olympique Lyonnais, 2024)
[3451444] Failed to build match row: Athletic Club Bilbao vs Club Atlético Osasuna
[4445114] Failed to build match row: Eindhovense Voetbalvereniging Philips Sport Vereniging vs Sporting Clube de Portugal
[3589566] Failed to build match row: Association sportive de Monaco Football Club vs Angers Sporting Club de l'Ouest
[3909927] Failed to build match row: Ural Yekaterinburg vs Torpedo Moscow
[4364022] Failed to build match row: Olympique Lyonnais vs Racing Club de Lens
[4640924] Could not find attributes for djordje skoko (Fudbalski Klub Javor Matis Ivanjica, 2025)
[3420988] Could not find attributes for volodymyr krynskyi (Ingulets Petrove, 2020)
[4640924] Failed to build match row: Fudbalski Klub Javor Matis Ivanjica vs Fudbalski klub Napredak Kruševac
[3420988] Failed to build match row: Ingulets Petrove vs FC Rukh Lviv

Keepers & outfield error for **Sport Club Internacional** in Sport Club Internacional vs Fluminense Football Club: Numbers: 0 and 11.
[4582156] Failed to build match row: Sport Club Internacional vs Fluminense Football Club
[4150574] Could not find attributes for nikola stajic (Panetolikos Agrinio, 2023)

Keepers & outfield error for **Real Betis Balompié S.A.D.** in Real Betis Balompié S.A.D. vs Ferencvárosi TC: Numbers: 0 and 11.
[4150574] Failed to build match row: Panetolikos Agrinio vs Panthessalonikios Athlitikos Omilos Konstantinoupoliton

Keepers & outfield error for **Watford FC** in Watford FC vs Aston Villa Football Club: Numbers: 2 and 9.
[3683208] Failed to build match row: Real Betis Balompié S.A.D. vs Ferencvárosi TC
[3583485] Failed to build match row: Watford FC vs Aston Villa Football Club

Keepers & outfield error for **Villarreal Club de Fútbol S.A.D.** in Club Atlético Osasuna vs Villarreal Club de Fútbol S.A.D.: Numbers: 0 and 11.
[4361852] Could not find attributes for kevagn ronco (FC Bruno's Magpies, 2024)
[4368781] Could not find attributes for andrey kozhukhar (NK Veres Rivne, 2024)
[4361852] Failed to build match row: Derry City vs FC Bruno's Magpies
[4403361] Could not find attributes for lefteris choutesiotis (APS Atromitos Athinon, 2024)
[4645808] Failed to build match row: Club Atlético Osasuna vs Villarreal Club de Fútbol S.A.D.

Keepers & outfield error for **Burgos CF** in Real Zaragoza vs Burgos CF: Numbers: 0 and 11.
[3860358] Could not find attributes for yasin ozcan (Kasımpaşa A.Ş., 2022)
[4525739] Could not find attributes for simon eriksson (Idrottsföreningen Elfsborg, 2024)
[4368781] Failed to build match row: NK Veres Rivne vs FC Shakhtar Donetsk
[3860358] Failed to build match row: Kasımpaşa A.Ş. vs Fatih Karagümrük Sportif Faaliyetler San. Tic. A.Ş.
[4403361] Failed to build match row: APS Atromitos Athinon vs Volou Neos Podosferikos Syllogos
[4525739] Failed to build match row: Idrottsföreningen Elfsborg vs Hammarby IF
[4766846] Failed to build match row: Real Zaragoza vs Burgos CF
[4648363] Failed to scrape lineup: https://www.transfermarkt.co.uk/fc-nordsjaelland_silkeborg-if/index/spielbericht/4648363
[4445115] Could not find attributes for matteo dams (Eindhovense Voetbalvereniging Philips Sport Vereniging, 2024)
[3963033] Could not find attributes for danny namaso (Futebol Clube do Porto, 2022)
[4445115] Failed to build match row: Eindhovense Voetbalvereniging Philips Sport Vereniging vs Girona Fútbol Club S. A. D.
[4374018] Could not find attributes for jeff ekhator (Genoa Cricket and Football Club, 2024)
[3963033] Failed to build match row: GD Chaves vs Futebol Clube do Porto
[4374018] Failed to build match row: Genoa Cricket and Football Club vs Calcio Como
[3836623] Could not find attributes for emanuel cabral (CS Fola Esch, 2022)
[3420989] Could not find attributes for yuriy pankiv (FC Oleksandriya, 2020)
[3836623] Failed to build match row: CS Fola Esch vs Tre Fiori FC
[3420989] Failed to build match row: FC Oleksandriya vs FC Shakhtar Donetsk

Keepers & outfield error for **Espanol** in Espanol vs Alaves: Numbers: 2 and 9.
[4150575] Could not find attributes for adrian chovan (Panserraikos Serres, 2023)
[4645809] Failed to build match row: Espanol vs Alaves
[4150575] Failed to build match row: Panserraikos Serres vs APS Atromitos Athinon
[3909928] Could not find attributes for artur nigmatullin (FK Nizhny Novgorod, 2022)
[3909928] Failed to build match row: FK Nizhny Novgorod vs FK Krasnodar
[4803388] Could not find attributes for breno herculano (Football Club Anyang, 2025)
[4803388] Failed to build match row: Football Club Anyang vs Incheon United Football Club
[3598226] Could not find attributes for vini souza (Yellow-Red Koninklijke Voetbalclub Mechelen, 2021)
[4525740] Failed to scrape lineup: https://www.transfermarkt.co.uk/malmo-ff_bk-hacken/index/spielbericht/4525740
[4697246] Could not find attributes for jack butland (Rangers Football Club, 2025)
[3598226] Failed to build match row: KV Oostende vs Yellow-Red Koninklijke Voetbalclub Mechelen
[4697246] Failed to build match row: Rangers Football Club vs Club Brugge Koninklijke Voetbalvereniging
[4393253] Could not find attributes for lionel carole (Kayserispor Kulübü, 2024)

Keepers & outfield error for **CD San Roque de Lepe** in CD San Roque de Lepe vs Girona Fútbol Club S. A. D.: Numbers: 3 and 8.
[4204004] Failed to build match row: CD San Roque de Lepe vs Girona Fútbol Club S. A. D.
[4393253] Failed to build match row: Kayserispor Kulübü vs Galatasaray Spor Kulübü
[4368782] Could not find attributes for dmytro ledviy (FC Rukh Lviv, 2024)
[4098927] Could not find attributes for philipe sampaio (RWD Molenbeek, 2023)
[4368782] Failed to build match row: FC Rukh Lviv vs FK Kolos Kovalivka
[4098927] Failed to build match row: RWD Molenbeek vs Royal Standard Club de Liège
[4410796] Could not find attributes for alexsander (Al-Ahli Saudi Football Club, 2024)
[4410796] Failed to build match row: Al-Taawoun Football Club vs Al-Ahli Saudi Football Club
[4089548] Could not find attributes for paulinho (Fodbold Club Midtjylland, 2023)
[4089548] Failed to build match row: Fodbold Club Midtjylland vs Aarhus Gymnastik Forening

Keepers & outfield error for **SD Huesca** in Cádiz CF vs SD Huesca: Numbers: 0 and 11.
[3589567] Could not find attributes for nicolas de preville (Football Club de Metz, 2021)
[4582157] Could not find attributes for robert arboleda (São Paulo Futebol Clube, 2024)
[3451446] Failed to build match row: Cádiz CF vs SD Huesca
[3589567] Failed to build match row: Montpellier HSC vs Football Club de Metz
[4502571] Could not find attributes for jahmai simpson pusey (Manchester City Football Club, 2024)
[4502571] Failed to build match row: Manchester City Football Club vs Salford City
[4582157] Failed to build match row: Esporte Clube Bahia vs São Paulo Futebol Clube
[3412901] Could not find attributes for taiwo awoniyi (1. Fußballclub Union Berlin, 2020)

Keepers & outfield error for **Aston Villa Football Club** in Aston Villa Football Club vs Manchester City Football Club: Numbers: 0 and 11.
[3429804] Failed to build match row: Aston Villa Football Club vs Manchester City Football Club
[3412901] Failed to build match row: Mönchengladbach vs 1. Fußballclub Union Berlin
[4648364] Could not find attributes for ousseynou fall seck (Randers Fodbold Club, 2025)
[3583486] Could not find attributes for maksim podholjuzin (FCI Levadia, 2021)
[4648364] Failed to build match row: Randers Fodbold Club vs Aarhus Gymnastik Forening
[3860359] Could not find attributes for tayyip talha sanuc (Beşiktaş Jimnastik Kulübü, 2022)
[3583486] Failed to build match row: FCI Levadia vs St Joseph's FC
[3860359] Failed to build match row: Konyaspor vs Beşiktaş Jimnastik Kulübü
[3420990] Could not find attributes for ilya zabarnyi (Futbolniy Klub Dynamo Kyiv, 2020)
[3420990] Failed to build match row: Futbolniy Klub Dynamo Kyiv vs Ingulets Petrove
[4403362] Could not find attributes for athanasios garavelis (APO Levadiakos Football Club, 2024)
[4766847] Could not find attributes for david guerrero (CD Cieza, 2025)
[4355900] Could not find attributes for luquinhas (Legia Warszawa Spółka Akcyjna, 2024)
[4403362] Failed to build match row: APO Levadiakos Football Club vs Panthessalonikios Athlitikos Omilos Konstantinoupoliton
[4355900] Failed to build match row: Miejski Klub Sportowy Korona Kielce Spółka Akcyjna vs Legia Warszawa Spółka Akcyjna
[4766847] Failed to build match row: CD Cieza vs Levante Unión Deportiva S.A.D.
[4361853] Could not find attributes for milan mijatovic (Buducnost Podgorica, 2024)
[4361853] Failed to build match row: Buducnost Podgorica vs FC Malisheva
[3963038] Could not find attributes for kazu (UD Oliveirense, 2022)
[3628819] Could not find attributes for aqil mammadov (Neftchi Baku, 2021)
[3963038] Failed to build match row: Clube Desportivo Santa Clara vs UD Oliveirense
[3628819] Failed to build match row: Neftchi Baku vs HJK Helsinki
[3598227] Could not find attributes for abdelkahar kadri (KV Kortrijk, 2021)
[4803389] Could not find attributes for geon ung kim (Jeju SK Football Club, 2025)
[3598227] Failed to build match row: Royal Sporting Club Anderlecht vs KV Kortrijk
[4803389] Failed to build match row: Gangwon Football Club vs Jeju SK Football Club
[4410797] Could not find attributes for ayoub qasmi (Al-Raed SFC, 2024)
[4355901] Failed to scrape lineup: https://www.transfermarkt.co.uk/lechia-gdansk_motor-lublin/index/spielbericht/4355901
[4410797] Failed to build match row: Al-Hilal Saudi Football Club vs Al-Raed SFC
[4766848] Failed to scrape lineup: https://www.transfermarkt.co.uk/spielbericht/index/spielbericht/4766848
[4364024] Could not find attributes for martial tia (Stade Reims, 2024)
[3433524] Could not find attributes for jeff chabot (Spezia Calcio, 2020)
[3433524] Failed to build match row: Verona Hellas Football Club vs Spezia Calcio
[4364024] Failed to build match row: Olympique Gymnaste Club Nice Côte d'Azur vs Stade Reims
[4640925] Could not find attributes for lazar kalicanin (Fudbalski klub Čukarički Beograd, 2025)
[4640925] Failed to build match row: Fudbalski klub Čukarički Beograd vs Fudbalski Klub Javor Matis Ivanjica
[4393254] Could not find attributes for ali sahin yilmaz (Trabzonspor Kulübü, 2024)

Keepers & outfield error for **Brighton and Hove Albion Football Club** in Chelsea Football Club vs Brighton and Hove Albion Football Club: Numbers: 0 and 11.
[4393254] Failed to build match row: Trabzonspor Kulübü vs Bodrum FK
[4634229] Could not find attributes for yannick gerhardt (Verein für Leibesübungen Wolfsburg, 2025)
[4645811] Could not find attributes for grady diangana (Elche Club de Fútbol S.A.D., 2025)
[4645811] Failed to build match row: Real Sociedad de Fútbol S.A.D. vs Elche Club de Fútbol S.A.D.
[3429805] Failed to build match row: Chelsea Football Club vs Brighton and Hove Albion Football Club
[4649405] Could not find attributes for jack butland (Rangers Football Club, 2025)
[4649405] Failed to build match row: Hibernian Football Club vs Rangers Football Club
[3451447] Could not find attributes for miguel atienza (SD Eibar, 2020)
[3451447] Failed to build match row: Getafe Club de Fútbol S. A. D. Team Dubai vs SD Eibar
[4634229] Failed to build match row: Eintracht Frankfurt Fußball AG vs Verein für Leibesübungen Wolfsburg
[3487503] Could not find attributes for Carlos Indiano (Las Rozas CF, 2020)
[3605202] Could not find attributes for abde ezzalzouli (Futbol Club Barcelona, 2021)
[3487503] Failed to build match row: Las Rozas CF vs CD Mirandés
[3605202] Failed to build match row: Sevilla Fútbol Club S.A.D. vs Futbol Club Barcelona
[4368783] Could not find attributes for oleksandr kemkin (FK Karpaty Lviv, 2024)
[4150576] Could not find attributes for vasilios soulis (PAS Giannina, 2023)

Keepers & outfield error for **Valencia Club de Fútbol S. A. D.** in Club Atlético de Madrid S.A.D. vs Valencia Club de Fútbol S. A. D.: Numbers: 2 and 9.
[4368783] Failed to build match row: FK Karpaty Lviv vs FK Polissya Zhytomyr
[4112842] Failed to build match row: Club Atlético de Madrid S.A.D. vs Valencia Club de Fútbol S. A. D.
[4150576] Failed to build match row: PAS Giannina vs Omilos Filathlon Irakliou FC
[4089549] Failed to scrape lineup: https://www.transfermarkt.co.uk/aarhus-gf_brondby-if/index/spielbericht/4089549
[3433525] Failed to scrape lineup: https://www.transfermarkt.co.uk/parma-calcio-1913_atalanta-bc/index/spielbericht/3433525
[4204005] Could not find attributes for carlos daniel dorado (CF Talavera de la Reina, 2023)
[4204005] Failed to build match row: CF Talavera de la Reina vs UD Almería
[3845088] Could not find attributes for tommaso barbieri (Juventus Football Club, 2022)
[3845088] Failed to build match row: FC Empoli vs Juventus Football Club
[4648366] Could not find attributes for philip billing (Fodbold Club Midtjylland, 2025)
[4648366] Failed to build match row: Viborg Fodsports Forening vs Fodbold Club Midtjylland
[3836624] Could not find attributes for egor khatkevich (Dinamo Minsk, 2022)
[3909929] Could not find attributes for stanislav magkeev (Футбольный клуб "Локомотив" Москва, 2022)
[3909929] Failed to build match row: Футбольный клуб "Локомотив" Москва vs FC Khimki (-2025)
[4364025] Could not find attributes for yael mouanga (Montpellier HSC, 2024)
[4803390] Could not find attributes for kento nishiya (Football Club Pohang Steelers, 2025)
[3836624] Failed to build match row: Dinamo Minsk vs FK Decic Tuzi
[4803390] Failed to build match row: Football Club Pohang Steelers vs Bucheon Football Club 1995
[4364025] Failed to build match row: Stade brestois 29 vs Montpellier HSC
[4098929] Could not find attributes for sergiy sydorchuk (Koninklijke Voetbal Club Westerlo, 2023)
[3420991] Could not find attributes for vitaliy vernydub (FC Zorya Lugansk, 2020)
[3420991] Failed to build match row: FC Zorya Lugansk vs Olimpik Donetsk
[4625786] Could not find attributes for joao palhinha (Tottenham Hotspur Football Club, 2025)
[4098929] Failed to build match row: Koninklijke Voetbal Club Westerlo vs Oud-Heverlee Leuven

Keepers & outfield error for **Villarreal Club de Fútbol S.A.D.** in Villarreal Club de Fútbol S.A.D. vs Espanol: Numbers: 0 and 11.
[4625786] Failed to build match row: Manchester City Football Club vs Tottenham Hotspur Football Club
[4645812] Failed to build match row: Villarreal Club de Fútbol S.A.D. vs Espanol
[3583487] Could not find attributes for arttu hoskonen (FC Inter Turku, 2021)
[4410798] Could not find attributes for hussain al zarie (Al-Fateh Club, 2024)
[4410798] Failed to build match row: Al-Shabab Club vs Al-Fateh Club
[4393255] Could not find attributes for luccas claro (Eyüp Spor Kulübü, 2024)
[4803391] Failed to scrape lineup: https://www.transfermarkt.co.uk/jeju-sk_bucheon-fc-1995/index/spielbericht/4803391
[4393255] Failed to build match row: Eyüp Spor Kulübü vs Fenerbahçe Spor Kulübü
[3583487] Failed to build match row: FC Inter Turku vs Puskás Akadémia FC
[4634230] Could not find attributes for kacper potulski (1. Fußball- und Sportverein Mainz 05, 2025)
[4634230] Failed to build match row: Sport-Club Freiburg vs 1. Fußball- und Sportverein Mainz 05
[3909930] Could not find attributes for aleksey gorodovoy (Fakel Voronezh, 2022)

Keepers & outfield error for **Football Club København** in Football Club København vs Randers Fodbold Club: Numbers: 2 and 9.
[4368784] Could not find attributes for maksym mekhaniv (Livyi Bereg Kyiv, 2024)
[4648367] Failed to build match row: Football Club København vs Randers Fodbold Club
[3909930] Failed to build match row: Fakel Voronezh vs FK Spartak Moskva
[4368784] Failed to build match row: Livyi Bereg Kyiv vs Futbolniy Klub Dynamo Kyiv
[4716137] Could not find attributes for dylan lobban (Aberdeen Football Club, 2025)
[4716137] Failed to build match row: Aberdeen Football Club vs Racing Club de Strasbourg Alsace
[3629197] Could not find attributes for matvei igonen (FC Flora Tallinn, 2021)
[3629197] Failed to build match row: FC Flora Tallinn vs Omonia Nicosia
[3683211] Could not find attributes for ike ugbo (Koninklijke Racing Club Genk, 2021)
[3683211] Failed to build match row: GNK Dinamo Zagreb vs Koninklijke Racing Club Genk
[4361854] Could not find attributes for vincent decker (F91 Dudelange, 2024)
[4361854] Failed to build match row: F91 Dudelange vs Atlètic Club d'Escaldes
[4410799] Could not find attributes for milan borjan (Al-Riyadh Saudi Club, 2024)
[4410799] Failed to build match row: Al-Riyadh Saudi Club vs Al-Okhdood Club
[3420992] Could not find attributes for oleksandr ilyushchenkov (PFK Lviv, 2020)
[3420992] Failed to build match row: PFK Lviv vs Desna Chernigiv
[4502572] Could not find attributes for elliot justham (Dagenham & Redbridge FC, 2024)
[4403363] Could not find attributes for gelson martins (Olympiakos Syndesmos Filathlon Peiraios, 2024)
[4502572] Failed to build match row: Millwall FC vs Dagenham & Redbridge FC
[4403363] Failed to build match row: Panathinaikos Athlitikos Omilos vs Olympiakos Syndesmos Filathlon Peiraios
[4766849] Could not find attributes for kike bartual (CD Quintanar del Rey, 2025)
[4766849] Failed to build match row: CD Quintanar del Rey vs Elche Club de Fútbol S.A.D.
[4648368] Could not find attributes for sofus johannesen (Fodbold Club Fredericia, 2025)
[4648368] Failed to build match row: Fodbold Club Fredericia vs Silkeborg Idrætsforening
[3412904] Could not find attributes for nils petersen (Sport-Club Freiburg, 2020)
[3412904] Failed to build match row: Sport-Club Freiburg vs Verein für Leibesübungen Wolfsburg
[4368785] Could not find attributes for mykyta turbayevskyi (FC Zorya Lugansk, 2024)
[4368785] Failed to build match row: FC Zorya Lugansk vs Vorskla Poltava

Keepers & outfield error for **Leeds United Association Football Club** in Leeds United Association Football Club vs Liverpool Football Club: Numbers: 2 and 9.
[3429807] Failed to build match row: Leeds United Association Football Club vs Liverpool Football Club
[3836625] Could not find attributes for matteo forti (SP Tre Penne, 2022)
[3836625] Failed to build match row: SP Tre Penne vs FK Tuzla City
[3629198] Could not find attributes for jan hanus (FK Jablonec a.s., 2021)
[3629198] Failed to build match row: The Celtic Football Club vs FK Jablonec a.s.
[3963039] Could not find attributes for soufiane messeguem (Académico Viseu FC, 2022)

Keepers & outfield error for **Al-Qadsiah Saudi Football Club** in Al-Qadsiah Saudi Football Club vs Al-Ittihad Football Club: Numbers: 2 and 9.
[4364026] Could not find attributes for djylian nguessan (AS Saint-Étienne, 2024)
[3963039] Failed to build match row: Académico Viseu FC vs Grupo Desportivo Estoril Praia
[4410800] Failed to build match row: Al-Qadsiah Saudi Football Club vs Al-Ittihad Football Club
[4364026] Failed to build match row: AS Saint-Étienne vs Association sportive de Monaco Football Club
[4716138] Could not find attributes for dylan lobban (Aberdeen Football Club, 2025)
[4089550] Failed to build match row: Hvidovre IF vs Lyngby Boldklub
[4716138] Failed to build match row: Aberdeen Football Club vs FC Noah Yerevan
[3860360] Failed to scrape lineup: https://www.transfermarkt.co.uk/kayserispor_sivasspor/index/spielbericht/3860360
[4403364] Could not find attributes for epaminondas pantelakis (Panetolikos Agrinio, 2024)
[4126826] Could not find attributes for ousseynou ba (İstanbul Başakşehir Futbol Kulübü, 2023)
[4697248] Could not find attributes for veljko milosavljevic (Fudbalski klub Crvena zvezda Beograd, 2025)
[4403364] Failed to build match row: Panetolikos Agrinio vs Athlitiki Enosi Konstantinoupoleos
[4204006] Could not find attributes for genar fornes (CF Badalona Futur, 2023)
[4126826] Failed to build match row: İstanbul Başakşehir Futbol Kulübü vs Konyaspor
[4204006] Failed to build match row: CF Badalona Futur vs Cádiz CF
[4697248] Failed to build match row: Fudbalski klub Crvena zvezda Beograd vs Pafos FC
[4112845] Could not find attributes for matija nastasic (Real Club Deportivo Mallorca S.A.D., 2023)
[4112845] Failed to build match row: UD Almería vs Real Club Deportivo Mallorca S.A.D.

Keepers & outfield error for **Ceará Sporting Club** in Ceará Sporting Club vs Clube Atlético Mineiro: Numbers: 2 and 9.
[3583488] Could not find attributes for faton maloku (FC Drita, 2021)
[4582158] Failed to build match row: Ceará Sporting Club vs Clube Atlético Mineiro

Keepers & outfield error for **Jeonbuk Hyundai Motors** in Jeonbuk Hyundai Motors vs Ulsan Hyundai Football Club: Numbers: 2 and 9.

Keepers & outfield error for **Club Atlético de Madrid S.A.D.** in Club Atlético de Madrid S.A.D. vs UD Almería: Numbers: 2 and 9.
[3583488] Failed to build match row: FC Drita vs FK Decic Tuzi
[3886629] Failed to build match row: Club Atlético de Madrid S.A.D. vs UD Almería
[4803392] Failed to build match row: Jeonbuk Hyundai Motors vs Ulsan Hyundai Football Club

Keepers & outfield error for **Real Sociedad de Fútbol S.A.D.** in Real Sociedad de Fútbol S.A.D. vs Elche Club de Fútbol S.A.D.: Numbers: 0 and 11.
[3451450] Failed to build match row: Real Sociedad de Fútbol S.A.D. vs Elche Club de Fútbol S.A.D.
[3845090] Could not find attributes for manolo gabbiadini (UC Sampdoria, 2022)
[4098931] Failed to scrape lineup: https://www.transfermarkt.co.uk/club-brugge-kv_standard-liege/index/spielbericht/4098931
[3845090] Failed to build match row: Associazione Calcio Milan vs UC Sampdoria
[4361855] Could not find attributes for marko drobnjak (Marsaxlokk FC, 2024)
[4361855] Failed to build match row: Marsaxlokk FC vs FK Partizani
[4368786] Could not find attributes for andriy klishchuk (FK Kryvbas Kryvyi Rig, 2024)
[4368786] Failed to build match row: FK Kryvbas Kryvyi Rig vs FC Oleksandriya
[4645813] Could not find attributes for neal maupay (Sevilla Fútbol Club S.A.D., 2025)
[4645813] Failed to build match row: Sevilla Fútbol Club S.A.D. vs Girona Fútbol Club S. A. D.
[4150577] Could not find attributes for alexei koselev (PAS Lamia 1964, 2023)
[4150577] Failed to build match row: PAS Lamia 1964 vs Athlitiki Enosi Konstantinoupoleos

Keepers & outfield error for **Football Club de Nantes** in Football Club de Nantes vs Angers Sporting Club de l'Ouest: Numbers: 2 and 9.
[4364027] Failed to build match row: Football Club de Nantes vs Angers Sporting Club de l'Ouest
[3860361] Could not find attributes for emre tasdemir (Galatasaray Spor Kulübü, 2022)
[3420993] Could not find attributes for vladyslav kucheruk (FK Kolos Kovalivka, 2020)
[3583489] Could not find attributes for makis giannikoglou (FK Suduva Marijampole, 2021)
[3860361] Failed to build match row: Galatasaray Spor Kulübü vs Antalyaspor
[3583489] Failed to build match row: FK Suduva Marijampole vs Valmiera FC
[3836626] Could not find attributes for tornike megrelishvili (Iberia 1999 Tbilisi, 2022)
[3420993] Failed to build match row: FK Kolos Kovalivka vs Vorskla Poltava
[3836626] Failed to build match row: Iberia 1999 Tbilisi vs FK Partizani
[3412905] Could not find attributes for makoto hasebe (Eintracht Frankfurt Fußball AG, 2020)
[4525741] Could not find attributes for abdullah iqbal (Mjällby Almänna Idrottsförening, 2024)
[3412905] Failed to build match row: Hertha BSC vs Eintracht Frankfurt Fußball AG
[4525741] Failed to build match row: Mjällby Almänna Idrottsförening vs IFK Värnamo
[4502573] Could not find attributes for rio ngumoha (Liverpool Football Club, 2024)
[4623576] Could not find attributes for maximilian reule (SG Sonnenhof Großaspach, 2025)
[4410801] Could not find attributes for gaetan coucke (Al-Orobah FC, 2024)
[4502573] Failed to build match row: Liverpool Football Club vs Accrington Stanley
[4623576] Failed to build match row: SG Sonnenhof Großaspach vs Bayer 04 Leverkusen Fußball
[4410801] Failed to build match row: Al-Orobah FC vs Al-Ettifaq Football Club
[3909931] Could not find attributes for mikhail kerzhakov (AO FK Zenit Sankt-Peterburg, 2022)
[3909931] Failed to build match row: AO FK Zenit Sankt-Peterburg vs PFK Krylya Sovetov Samara

Keepers & outfield error for **Valencia Club de Fútbol S. A. D.** in Elche Club de Fútbol S.A.D. vs Valencia Club de Fútbol S. A. D.: Numbers: 2 and 9.

Keepers & outfield error for **Association Football Club Bournemouth** in Association Football Club Bournemouth vs Wolverhampton Wanderers Football Club: Numbers: 2 and 9.
[3886630] Failed to build match row: Elche Club de Fútbol S.A.D. vs Valencia Club de Fútbol S. A. D.
[4716139] Could not find attributes for faton maloku (FC Drita, 2025)
[3683251] Could not find attributes for hugo vogel (Olympique Lyonnais, 2021)
[4625789] Failed to build match row: Association Football Club Bournemouth vs Wolverhampton Wanderers Football Club
[3683251] Failed to build match row: Olympique Lyonnais vs Rangers Football Club
[4716139] Failed to build match row: FC Drita vs Alkmaar Zaanstreek
[4403365] Could not find attributes for luka gugeshashvili (Panserraikos Serres, 2024)
[4803393] Could not find attributes for kento nishiya (Football Club Pohang Steelers, 2025)
[4403365] Failed to build match row: Panserraikos Serres vs Omilos Filathlon Irakliou FC
[4803393] Failed to build match row: Football Club Pohang Steelers vs Foundation Coorperation Hana Financial Group Inc. Football Club
[3614571] Could not find attributes for denis degtyarev (Volna Kovernino, 2021)
[3614571] Failed to build match row: Volna Kovernino vs Shinnik Yaroslavl
[4645814] Could not find attributes for jose gaya (Valencia Club de Fútbol S. A. D., 2025)
[4645814] Failed to build match row: Valencia Club de Fútbol S. A. D. vs Real Madrid Club de Fútbol
[4634233] Could not find attributes for rani khedira (1. Fußballclub Union Berlin, 2025)
[4634233] Failed to build match row: 1. Fußballclub Union Berlin vs 1. Fußballclub Heidenheim 1846

Keepers & outfield error for **Fatih Karagümrük Sportif Faaliyetler San. Tic. A.Ş.** in Alanyaspor vs Fatih Karagümrük Sportif Faaliyetler San. Tic. A.Ş.: Numbers: 0 and 11.
[3860362] Failed to build match row: Alanyaspor vs Fatih Karagümrük Sportif Faaliyetler San. Tic. A.Ş.
[4582159] Could not find attributes for marcao (Esporte Clube Juventude, 2024)
[4582159] Failed to build match row: Esporte Clube Juventude vs Grêmio Foot-Ball Porto Alegrense
[3629199] Could not find attributes for michal sulla (Slovan Bratislava, 2021)
[3629199] Failed to build match row: Slovan Bratislava vs Lincoln Red Imps FC

Keepers & outfield error for **Leeds United Association Football Club** in Arsenal Football Club vs Leeds United Association Football Club: Numbers: 0 and 11.
[4625790] Failed to build match row: Arsenal Football Club vs Leeds United Association Football Club

Keepers & outfield error for **Eintracht Frankfurt Fußball AG** in Eintracht Frankfurt Fußball AG vs SV Darmstadt 98: Numbers: 2 and 9.
[4126827] Could not find attributes for sander van de streek (Antalyaspor, 2023)
[4095971] Failed to build match row: Eintracht Frankfurt Fußball AG vs SV Darmstadt 98
[4126827] Failed to build match row: Antalyaspor vs Kayserispor Kulübü
[3433528] Could not find attributes for ebrima darboe (Associazione Sportiva Roma, 2020)
[3433528] Failed to build match row: Associazione Sportiva Roma vs FC Crotone
[4204007] Could not find attributes for alex daza (UD Logroñés, 2023)
[4089551] Could not find attributes for filip helander (Odense Boldklub, 2023)
[3487504] Could not find attributes for javi manzano (CA Pulpileño, 2020)
[4089551] Failed to build match row: Odense Boldklub vs Silkeborg Idrætsforening
[4204007] Failed to build match row: UD Logroñés vs Valencia Club de Fútbol S. A. D.
[3487504] Failed to build match row: CA Pulpileño vs CD Lugo
 Enosi Konstantinoupoleos, 2023)
[3963040] Could not find attributes for cicero (SC União Torreense, 2022)
[4368787] Could not find attributes for yevgeniy kucherenko (LNZ Cherkasy, 2024)
[3963040] Failed to build match row: SC União Torreense vs Futebol Clube de Famalicão
[4410802] Could not find attributes for matteo dams (Al-Ahli Saudi Football Club, 2024)
[4150578] Failed to build match row: Athlitiki Enosi Konstantinoupoleos vs Panathinaikos Athlitikos Omilos
[4368787] Failed to build match row: LNZ Cherkasy vs Chornomorets Odesa
[4364028] Could not find attributes for kader meite (Rennes, 2024)
[4410802] Failed to build match row: Al-Ahli Saudi Football Club vs Al-Khaleej Club (Saihat)

Keepers & outfield error for **Gwangju Football Club** in Gangwon Football Club vs Gwangju Football Club: Numbers: 0 and 11.
[4364028] Failed to build match row: Toulouse Football Club vs Rennes
[4803394] Failed to build match row: Gangwon Football Club vs Gwangju Football Club

Keepers & outfield error for **Gaziantep Futbol Kulübü A.Ş.** in Gaziantep Futbol Kulübü A.Ş. vs Antalyaspor: Numbers: 2 and 9.
[4098932] Could not find attributes for omri gandelman (Koninklijke Atletiek Associatie Gent, 2023)

Keepers & outfield error for **Sevilla Fútbol Club S.A.D.** in Sevilla Fútbol Club S.A.D. vs Villarreal Club de Fútbol S.A.D.: Numbers: 2 and 9.
[4716140] Could not find attributes for faton maloku (FC Drita, 2025)
[4098932] Failed to build match row: Koninklijke Racing Club Genk vs Koninklijke Atletiek Associatie Gent

Keepers & outfield error for **1. Fußball- und Sportverein Mainz 05** in Eintracht Frankfurt Fußball AG vs 1. Fußball- und Sportverein Mainz 05: Numbers: 2 and 9.
[4361856] Could not find attributes for silas eydsteinsson (B36 Tórshavn, 2024)
[4393257] Failed to build match row: Gaziantep Futbol Kulübü A.Ş. vs Antalyaspor
[4361856] Failed to build match row: B36 Tórshavn vs FK Auda
[4403366] Could not find attributes for bernabe barragan (Athens Kallithea, 2024)
[3598232] Could not find attributes for vini souza (Yellow-Red Koninklijke Voetbalclub Mechelen, 2021)
[4716140] Failed to build match row: FC Drita vs Omonia Nicosia

Keepers & outfield error for **Real Oviedo S.A.D.** in Rayo Vallecano de Madrid S. A. D. vs Real Oviedo S.A.D.: Numbers: 2 and 9.
[4525742] Could not find attributes for oskar agren (Göteborgs Atlet- och Idrottssällskap, 2024)

Keepers & outfield error for **Associazione Sportiva Roma** in Associazione Sportiva Roma vs US Salernitana 1919: Numbers: 0 and 11.
[4403366] Failed to build match row: Athens Kallithea vs Panathinaikos Athlitikos Omilos
[3886631] Failed to build match row: Sevilla Fútbol Club S.A.D. vs Villarreal Club de Fútbol S.A.D.
[3839551] Failed to build match row: Eintracht Frankfurt Fußball AG vs 1. Fußball- und Sportverein Mainz 05
[4645815] Failed to build match row: Rayo Vallecano de Madrid S. A. D. vs Real Oviedo S.A.D.
[3598232] Failed to build match row: Yellow-Red Koninklijke Voetbalclub Mechelen vs Club Brugge Koninklijke Voetbalvereniging
[4525742] Failed to build match row: IFK Norrköping vs Göteborgs Atlet- och Idrottssällskap
[3845092] Failed to build match row: Associazione Sportiva Roma vs US Salernitana 1919
[3860363] Could not find attributes for campanharo (Kayserispor Kulübü, 2022)
[3420994] Could not find attributes for valeriy yurchuk (SC Dnipro-1, 2020)
[3860363] Failed to build match row: Kayserispor Kulübü vs Beşiktaş Jimnastik Kulübü
[3614572] Could not find attributes for evgeniy pomazan (Chayka Peschanokopskoye, 2021)

Keepers & outfield error for **Clube de Regatas do Flamengo** in Clube de Regatas do Flamengo vs Sport Club Corinthians Paulista: Numbers: 0 and 11.
[3420994] Failed to build match row: SC Dnipro-1 vs FC Minaj
[3614572] Failed to build match row: Chayka Peschanokopskoye vs Avangard Kursk
[4445120] Could not find attributes for ayyoub bouaddi (Lille Olympique Sporting Club, 2024)
[4803395] Failed to scrape lineup: https://www.transfermarkt.co.uk/fc-anyang_fc-seoul/index/spielbericht/4803395

Keepers & outfield error for **Real Sociedad de Fútbol S.A.D.** in Real Sociedad de Fútbol S.A.D. vs Eindhovense Voetbalvereniging Philips Sport Vereniging: Numbers: 2 and 9.
[4410803] Failed to scrape lineup: https://www.transfermarkt.co.uk/al-fayha-fc_al-hilal-sfc/index/spielbericht/4410803
[4625791] Could not find attributes for yegor yarmolyuk (Brentford Football Club, 2025)
[4625791] Failed to build match row: Brentford Football Club vs Aston Villa Football Club
[4445120] Failed to build match row: Lille Olympique Sporting Club vs Real Madrid Club de Fútbol
[4582160] Failed to build match row: Clube de Regatas do Flamengo vs Sport Club Corinthians Paulista
[3683253] Failed to build match row: Real Sociedad de Fútbol S.A.D. vs Eindhovense Voetbalvereniging Philips Sport Vereniging
[3583490] Could not find attributes for oscar carniello (Birkirkara FC, 2021)

Keepers & outfield error for **Southampton FC** in Southampton FC vs Crystal Palace Football Club: Numbers: 0 and 11.
[3583490] Failed to build match row: Birkirkara FC vs La Fiorita 1967

Keepers & outfield error for **Kilmarnock Football Club** in Kilmarnock Football Club vs Aberdeen Football Club: Numbers: 0 and 11.
[4374020] Failed to scrape lineup: https://www.transfermarkt.co.uk/juventus-fc_torino-fc/index/spielbericht/4374020
[3429811] Failed to build match row: Southampton FC vs Crystal Palace Football Club
[4649406] Failed to build match row: Kilmarnock Football Club vs Aberdeen Football Club
[3836627] Could not find attributes for kostadin zahov (Shkendija Tetovo, 2022)
[3629200] Could not find attributes for spyros risvanis (Anorthosis Famagusta, 2021)
[3629200] Failed to build match row: Anorthosis Famagusta vs Sportklub Rapid
[3909932] Could not find attributes for saba sazonov (FK Dinamo Moskva, 2022)
[3909932] Failed to build match row: FK Dinamo Moskva vs FK Rostov
[3836627] Failed to build match row: Shkendija Tetovo vs FC Ararat Yerevan

Keepers & outfield error for **Paris Saint-Germain Football Club** in Racing Club de Strasbourg Alsace vs Paris Saint-Germain Football Club: Numbers: 2 and 9.
[4403367] Could not find attributes for julian cuesta (Aris Thessalonikis, 2024)
[3589569] Failed to build match row: Racing Club de Strasbourg Alsace vs Paris Saint-Germain Football Club
[4126828] Could not find attributes for alex oxlade chamberlain (Beşiktaş Jimnastik Kulübü, 2023)
[4403367] Failed to build match row: Aris Thessalonikis vs A.G.S Asteras Tripolis
[4126828] Failed to build match row: Beşiktaş Jimnastik Kulübü vs Sivasspor
[4640926] Could not find attributes for miloje prekovic (Fudbalski Klub Novi Pazar, 2025)
[3683254] Could not find attributes for luquinhas (Legia Warszawa Spółka Akcyjna, 2021)
[4640926] Failed to build match row: Fudbalski Klub Novi Pazar vs Fudbalski Klub Mladost Lučani
[4095972] Could not find attributes for tim kleindienst (1. Fußballclub Heidenheim 1846, 2023)

Keepers & outfield error for **Al-Nassr Football Club** in Al-Nassr Football Club vs Al-Shabab Club: Numbers: 0 and 11.
[4095972] Failed to build match row: Verein für Leibesübungen Wolfsburg vs 1. Fußballclub Heidenheim 1846
[4716141] Could not find attributes for faton maloku (FC Drita, 2025)
[3683254] Failed to build match row: Legia Warszawa Spółka Akcyjna vs FK Spartak Moskva
[4410804] Failed to build match row: Al-Nassr Football Club vs Al-Shabab Club
[4716141] Failed to build match row: FC Drita vs Shkendija Tetovo
[4368788] Could not find attributes for oleksiy palamarchuk (Ingulets Petrove, 2024)
[3451452] Could not find attributes for yeremy pino (Villarreal Club de Fútbol S.A.D., 2020)
[3420995] Could not find attributes for yevgen galchuk (FK Mariupol, 2020)
[4368788] Failed to build match row: Ingulets Petrove vs FC Oleksandriya
[4150579] Could not find attributes for nikolaos papadopoulos (A.G.S Asteras Tripolis, 2023)
[4648370] Could not find attributes for philip billing (Fodbold Club Midtjylland, 2025)
[3451452] Failed to build match row: Villarreal Club de Fútbol S.A.D. vs Celta
[4150579] Failed to build match row: A.G.S Asteras Tripolis vs Volou Neos Podosferikos Syllogos
[3614573] Could not find attributes for kevin bonifazi (Bologna Football Club 1909, 2021)
[4648370] Failed to build match row: Fodbold Club Midtjylland vs Brøndby Idrætsforening
rt/index/spielbericht/4634235
[3420995] Failed to build match row: FK Mariupol vs FC Rukh Lviv
[3614573] Failed to build match row: FC Empoli vs Bologna Football Club 1909
[4098934] Failed to scrape lineup: https://www.transfermarkt.co.uk/rwd-molenbeek_r-charleroi-sc/index/spielbericht/4098934
[4126829] Could not find attributes for renaldo cephas (MKE Ankaragücü, 2023)
[4126829] Failed to build match row: MKE Ankaragücü vs Fenerbahçe Spor Kulübü
[3589570] Could not find attributes for ike ugbo (ESTAC Troyes, 2021)
[4525744] Could not find attributes for filip schyberg (Halmstads BK, 2024)
[4445121] Could not find attributes for ayyoub bouaddi (Lille Olympique Sporting Club, 2024)
[3589570] Failed to build match row: ESTAC Troyes vs Lille Olympique Sporting Club
[4525744] Failed to build match row: Halmstads BK vs Djurgårdens Idrottsförening
[4445121] Failed to build match row: Lille Olympique Sporting Club vs Juventus Football Club
[3860364] Could not find attributes for charilaos charisis (Sivasspor, 2022)
[3860364] Failed to build match row: Gaziantep Futbol Kulübü A.Ş. vs Sivasspor
[3614574] Could not find attributes for nikola maksimovic (Genoa Cricket and Football Club, 2021)
[3614574] Failed to build match row: Genoa Cricket and Football Club vs Verona Hellas Football Club
[4623578] Could not find attributes for tobias dombrowa (1. FC Lokomotive Leipzig, 2025)
[4623578] Failed to build match row: 1. FC Lokomotive Leipzig vs FC Schalke 04
[4649407] Could not find attributes for nikolaj moller (Dundee United Football Club, 2025)
[3420996] Could not find attributes for valeriy yurchuk (SC Dnipro-1, 2020)
[4649407] Failed to build match row: Motherwell Football Club vs Dundee United Football Club

Keepers & outfield error for **Levante Unión Deportiva S.A.D.** in Athletic Club Bilbao vs Levante Unión Deportiva S.A.D.: Numbers: 0 and 11.
[3420996] Failed to build match row: FC Shakhtar Donetsk vs SC Dnipro-1
[4204008] Could not find attributes for nacho carus (Arosa SC, 2023)
[4204008] Failed to build match row: Arosa SC vs Granada CF
[4640927] Could not find attributes for zoran popovic (Železničar Pančevo, 2025)
[4645817] Failed to build match row: Athletic Club Bilbao vs Levante Unión Deportiva S.A.D.
[4502576] Failed to scrape lineup: https://www.transfermarkt.co.uk/spielbericht/index/spielbericht/4502576
[3909933] Failed to scrape lineup: https://www.transfermarkt.co.uk/spielbericht/index/spielbericht/3909933
[4640927] Failed to build match row: Železničar Pančevo vs Fudbalski klub TSC Bačka Topola
[3629201] Could not find attributes for edvinas gertmonas (FK Zalgiris Vilnius, 2021)
[3433531] Could not find attributes for jeff chabot (Spezia Calcio, 2020)
[4364031] Could not find attributes for hiroki sekine (Stade Reims, 2024)
[3629201] Failed to build match row: FK Zalgiris Vilnius vs NS Mura
[3860365] Failed to build match row: Konyaspor vs MKE Ankaragücü
[3433531] Failed to build match row: Spezia Calcio vs Società Sportiva Calcio Napoli
[4716142] Could not find attributes for anton ari einarsson (Breidablik Kópavogur, 2025)
[4403368] Failed to scrape lineup: https://www.transfermarkt.co.uk/atromitos-athens_paok-thessaloniki/index/spielbericht/4403368
[4445122] Could not find attributes for ayyoub bouaddi (Lille Olympique Sporting Club, 2024)
[4364031] Failed to build match row: Stade Reims vs AS Saint-Étienne
[3589571] Could not find attributes for nabil bentaleb (Angers Sporting Club de l'Ouest, 2021)
[4716142] Failed to build match row: Breidablik Kópavogur vs Shamrock Rovers
[4445122] Failed to build match row: Lille Olympique Sporting Club vs Feyenoord Rotterdam
[3589571] Failed to build match row: Angers Sporting Club de l'Ouest vs FC Girondins Bordeaux

Keepers & outfield error for **Royal Antwerp Football Club** in Royal Antwerp Football Club vs Olympiakos Syndesmos Filathlon Peiraios: Numbers: 2 and 9.
[3683256] Failed to build match row: Royal Antwerp Football Club vs Olympiakos Syndesmos Filathlon Peiraios
[3836628] Could not find attributes for georgi kitanov (Floriana FC, 2022)
[3836628] Failed to build match row: Floriana FC vs FC Petrocub Hincesti
[4648372] Could not find attributes for ismahila ouedraogo (Odense Boldklub, 2025)
[4648372] Failed to build match row: Sønderjyske Fodbold vs Odense Boldklub
[4150580] Could not find attributes for panagiotis tsintotas (APS Atromitos Athinon, 2023)

Keepers & outfield error for **CDA Navalcarnero** in CDA Navalcarnero vs Getafe Club de Fútbol S. A. D. Team Dubai: Numbers: 2 and 9.
[4766850] Failed to build match row: CDA Navalcarnero vs Getafe Club de Fútbol S. A. D. Team Dubai
[4150580] Failed to build match row: APS Atromitos Athinon vs Omilos Filathlon Irakliou FC
[3487505] Could not find attributes for ebuka nwenyi (Ourense CF, 2020)
[4803396] Could not find attributes for kyung sub park (Incheon United Football Club, 2025)
[3451453] Failed to scrape lineup: https://www.transfermarkt.co.uk/atletico-de-madrid_real-sociedad/index/spielbericht/3451453
[4089553] Could not find attributes for srdjan kuzmic (Viborg Fodsports Forening, 2023)
[3487505] Failed to build match row: Ourense CF vs CD Leganés
[4089553] Failed to build match row: Viborg Fodsports Forening vs Fodbold Club Midtjylland
[4803396] Failed to build match row: Incheon United Football Club vs Gimcheon Sangmu Football Club
[3839553] Could not find attributes for dion beljo (Fußball-Club Augsburg 1907, 2022)
[3605207] Could not find attributes for aleix vidal (Espanol, 2021)
[3605207] Failed to build match row: Real Betis Balompié S.A.D. vs Espanol
[3839553] Failed to build match row: VfL Bochum vs Fußball-Club Augsburg 1907
[3412909] Failed to scrape lineup: https://www.transfermarkt.co.uk/arminia-bielefeld_1-fc-koln/index/spielbericht/3412909
[4126830] Failed to scrape lineup: https://www.transfermarkt.co.uk/caykur-rizespor_fatih-karagumruk/index/spielbericht/4126830
[4525747] Could not find attributes for ezekiel alladoh (Idrottsföreningen  Brommapojkarna, 2024)
[4410805] Could not find attributes for kevin ndoram (Al-Kholood Club, 2024)
[3683257] Could not find attributes for mergim berisha (Fenerbahçe Spor Kulübü, 2021)

Keepers & outfield error for **Aston Villa Football Club** in Aston Villa Football Club vs West Bromwich Albion: Numbers: 0 and 11.
[4525747] Failed to build match row: Hammarby IF vs Idrottsföreningen  Brommapojkarna
[4445123] Could not find attributes for ayyoub bouaddi (Lille Olympique Sporting Club, 2024)
[3429814] Failed to build match row: Aston Villa Football Club vs West Bromwich Albion
[3683257] Failed to build match row: Fenerbahçe Spor Kulübü vs Eintracht Frankfurt Fußball AG
[3860366] Could not find attributes for yasin ozcan (Kasımpaşa A.Ş., 2022)
[4445123] Failed to build match row: Lille Olympique Sporting Club vs Sportklub Puntigamer Sturm Graz
[4410805] Failed to build match row: Al-Kholood Club vs Al-Fateh Club
[4697250] Could not find attributes for aleksandr zarutskiy (Kairat Almaty, 2025)
[3963041] Failed to scrape lineup: https://www.transfermarkt.co.uk/spielbericht/index/spielbericht/3963041
[3860366] Failed to build match row: Kasımpaşa A.Ş. vs İstanbul Başakşehir Futbol Kulübü
[4697250] Failed to build match row: The Celtic Football Club vs Kairat Almaty
[4716143] Could not find attributes for anton ari einarsson (Breidablik Kópavogur, 2025)
[4368790] Could not find attributes for dmytro ledviy (FC Rukh Lviv, 2024)
[4649408] Could not find attributes for alexander schwolow (Heart of Midlothian Football Club, 2025)
[4368790] Failed to build match row: FC Rukh Lviv vs Chornomorets Odesa
[4649408] Failed to build match row: Saint Mirren Football Club vs Heart of Midlothian Football Club
[4716143] Failed to build match row: Breidablik Kópavogur vs Kuopion Palloseura
[3629202] Could not find attributes for ognjen cancarevic (Alashkert Yerevan FC, 2021)
[3629202] Failed to build match row: Alashkert Yerevan FC vs Kairat Almaty
[4403369] Could not find attributes for marios siampanis (Volou Neos Podosferikos Syllogos, 2024)
[4403369] Failed to build match row: Volou Neos Podosferikos Syllogos vs Omilos Filathlon Irakliou FC

Keepers & outfield error for **Bayer 04 Leverkusen Fußball** in Verein für Bewegungsspiele Stuttgart 1893 vs Bayer 04 Leverkusen Fußball: Numbers: 2 and 9.
[3839554] Failed to build match row: Verein für Bewegungsspiele Stuttgart 1893 vs Bayer 04 Leverkusen Fußball
[3909934] Could not find attributes for artem meshchaninov (FK Sochi, 2022)
[3909934] Failed to build match row: FK Sochi vs Ural Yekaterinburg

Keepers & outfield error for **CD Coria** in CD Coria vs Real Oviedo S.A.D.: Numbers: 2 and 9.
[3487506] Failed to build match row: CD Coria vs Real Oviedo S.A.D.
[4393258] Failed to scrape lineup: https://www.transfermarkt.co.uk/goztepe_caykur-rizespor/index/spielbericht/4393258
[4803397] Could not find attributes for kento nishiya (Football Club Pohang Steelers, 2025)
[4803397] Failed to build match row: Football Club Pohang Steelers vs Jeju SK Football Club

Keepers & outfield error for **Associazione Sportiva Roma** in Società Sportiva Lazio S.p.A. vs Associazione Sportiva Roma: Numbers: 0 and 11.
[3614577] Failed to build match row: Società Sportiva Lazio S.p.A. vs Associazione Sportiva Roma

[4645818] Failed to scrape lineup: https://www.transfermarkt.co.uk/atletico-de-madrid_real-betis-balompie/index/spielbericht/4645818
[4204009] Failed to scrape lineup: https://www.transfermarkt.co.uk/spielbericht/index/spielbericht/4204009
[4374024] Failed to build match row: Venezia FC vs Parma Calcio 1913

Keepers & outfield error for **Olympique de Marseille** in Olympique de Marseille vs Футбольный клуб "Локомотив" Москва: Numbers: 2 and 9.
[3683258] Failed to build match row: Olympique de Marseille vs Футбольный клуб "Локомотив" Москва
[4368791] Could not find attributes for yevgen volynets (FK Polissya Zhytomyr, 2024)
[4368791] Failed to build match row: FK Polissya Zhytomyr vs FK Kolos Kovalivka
[4766851] Could not find attributes for ivitm (Torrent CF, 2025)
[4766851] Failed to build match row: Torrent CF vs Real Betis Balompié S.A.D.
[4525748] Could not find attributes for ivan kricak (Östers IF, 2024)
[3420997] Could not find attributes for dmytro riznyk (Vorskla Poltava, 2020)
[3420997] Failed to build match row: Vorskla Poltava vs Futbolniy Klub Dynamo Kyiv
[4525748] Failed to build match row: Östers IF vs Malmö Fotbollförening
[4582161] Could not find attributes for cuiabano (S. A. F. Botafogo, 2024)
[3886634] Failed to scrape lineup: https://www.transfermarkt.co.uk/ca-osasuna_real-betis-balompie/index/spielbericht/3886634

Keepers & outfield error for **Football Club København** in FC Basel 1893 AG vs Football Club København: Numbers: 2 and 9.
[4361857] Could not find attributes for scot whiteside (Linfield FC, 2024)
[4361857] Failed to build match row: Linfield FC vs Stjarnan Gardabaer
[4364032] Could not find attributes for francis coquelin (Football Club de Nantes, 2024)
[4098936] Failed to scrape lineup: https://www.transfermarkt.co.uk/kv-mechelen_sint-truidense-vv/index/spielbericht/4098936
[4364032] Failed to build match row: Association de la Jeunesse auxerroise vs Football Club de Nantes
[3836629] Failed to scrape lineup: https://www.transfermarkt.co.uk/spielbericht/index/spielbericht/3836629
[4582161] Failed to build match row: S. A. F. Botafogo vs Fluminense Football Club
[4393259] Could not find attributes for ali aytemur (Bodrum FK, 2024)
[3589572] Failed to scrape lineup: https://www.transfermarkt.co.uk/stade-brestois-29_rc-strasbourg-alsace/index/spielbericht/3589572
[4716144] Could not find attributes for anton ari einarsson (Breidablik Kópavogur, 2025)
[4648373] Failed to scrape lineup: https://www.transfermarkt.co.uk/aarhus-gf_viborg-ff/index/spielbericht/4648373
[4697251] Failed to build match row: FC Basel 1893 AG vs Football Club København
[4716144] Failed to build match row: Breidablik Kópavogur vs Samsunspor
[4393259] Failed to build match row: Bodrum FK vs Kayserispor Kulübü
[4126831] Could not find attributes for franz brorsson (Aris Limassol, 2023)
[4803398] Could not find attributes for sung yun gu (Football Club Seoul, 2025)
[4126831] Failed to build match row: Aris Limassol vs BATE Borisov
[4803398] Failed to build match row: Football Club Seoul vs Jeonbuk Hyundai Motors
[3451454] Failed to scrape lineup: https://www.transfermarkt.co.uk/celta-de-vigo_getafe-cf/index/spielbericht/3451454
[3598235] Could not find attributes for siebe wylin (KV Oostende, 2021)
[3909935] Could not find attributes for vladislav torop (PFK CSKA Moskva, 2022)
[3605208] Failed to scrape lineup: https://www.transfermarkt.co.uk/celta-de-vigo_cadiz-cf/index/spielbericht/3605208
[3598235] Failed to build match row: KV Oostende vs Royale Union Saint-Gilloise
[3909935] Failed to build match row: PFK CSKA Moskva vs Torpedo Moscow
[4368792] Could not find attributes for andriy klishchuk (FK Kryvbas Kryvyi Rig, 2024)
[4368792] Failed to build match row: FK Kryvbas Kryvyi Rig vs LNZ Cherkasy
[4403370] Could not find attributes for panagiotis liagas (APO Levadiakos Football Club, 2024)

Keepers & outfield error for **Associazione Calcio Fiorentina** in Calcio Como vs Associazione Calcio Fiorentina: Numbers: 0 and 11.
[3629204] Could not find attributes for aqil mammadov (Neftchi Baku, 2021)
[3629204] Failed to build match row: HJK Helsinki vs Neftchi Baku
[4403370] Failed to build match row: APO Levadiakos Football Club vs Athlitiki Enosi Konstantinoupoleos
[4374025] Failed to build match row: Calcio Como vs Associazione Calcio Fiorentina
[4150581] Failed to scrape lineup: https://www.transfermarkt.co.uk/ae-kifisias_olympiacos-piraeus/index/spielbericht/4150581
[4525750] Could not find attributes for kojo peprah oppong (IFK Norrköping, 2024)
[4649409] Could not find attributes for alexander schwolow (Heart of Midlothian Football Club, 2025)
[4525750] Failed to build match row: IFK Norrköping vs IFK Värnamo
[4649409] Failed to build match row: The Celtic Football Club vs Heart of Midlothian Football Club

Keepers & outfield error for **Leeds United Association Football Club** in Leeds United Association Football Club vs Manchester United Football Club: Numbers: 2 and 9.

Keepers & outfield error for **Leeds United Association Football Club** in Leeds United Association Football Club vs Newcastle United Football Club: Numbers: 0 and 11.
[3429816] Failed to build match row: Leeds United Association Football Club vs Manchester United Football Club
[4625797] Failed to build match row: Leeds United Association Football Club vs Newcastle United Football Club
[3839564] Failed to scrape lineup: https://www.transfermarkt.co.uk/bayern-munich_rb-leipzig/index/spielbericht/3839564
[4126886] Could not find attributes for anton ari einarsson (Breidablik Kópavogur, 2023)
[4089556] Could not find attributes for paulinho (Fodbold Club Midtjylland, 2023)
[3451455] Could not find attributes for miguel atienza (SD Eibar, 2020)
[3420998] Could not find attributes for dmytro matsapura (FC Zorya Lugansk, 2020)
[4089556] Failed to build match row: Fodbold Club Midtjylland vs Odense Boldklub
[4803399] Could not find attributes for hyeong keun kim (Bucheon Football Club 1995, 2025)
[3412911] Failed to scrape lineup: https://www.transfermarkt.co.uk/borussia-dortmund_rb-leipzig/index/spielbericht/3412911
[4126886] Failed to build match row: Breidablik Kópavogur vs Football Club København
[3451455] Failed to build match row: SD Eibar vs Real Betis Balompié S.A.D.
[3420998] Failed to build match row: FC Zorya Lugansk vs FC Minaj
[4803399] Failed to build match row: Gwangju Football Club vs Bucheon Football Club 1995
[4502578] Could not find attributes for balazs toth (Blackburn Rovers, 2024)
[4623579] Could not find attributes for luca petzold (Bahlinger SC, 2025)
[3909936] Could not find attributes for stanislav agkatsev (FK Krasnodar, 2022)
[4502578] Failed to build match row: Middlesbrough FC vs Blackburn Rovers
[4640928] Could not find attributes for marko milosevic (Fudbalski Klub Partizan Beograd, 2025)
[4623579] Failed to build match row: Bahlinger SC vs 1. Fußballclub Heidenheim 1846
[3909936] Failed to build match row: FK Krasnodar vs Футбольный клуб "Локомотив" Москва
[4640928] Failed to build match row: Fudbalski Klub Partizan Beograd vs Fudbalski Klub Vojvodina
[3433534] Could not find attributes for ivor pandur (Verona Hellas Football Club, 2020)
[3433534] Failed to build match row: Verona Hellas Football Club vs Torino Calcio
[4150582] Could not find attributes for stefanos kapino (Panetolikos Agrinio, 2023)
[4150582] Failed to build match row: Panetolikos Agrinio vs Aris Thessalonikis
[4368793] Could not find attributes for maksym mekhaniv (Livyi Bereg Kyiv, 2024)
[4368793] Failed to build match row: Livyi Bereg Kyiv vs FC Zorya Lugansk
[4204010] Failed to scrape lineup: https://www.transfermarkt.co.uk/spielbericht/index/spielbericht/4204010
[4634240] Could not find attributes for yannick gerhardt (Verein für Leibesübungen Wolfsburg, 2025)
[4634240] Failed to build match row: Verein für Leibesübungen Wolfsburg vs 1. Fußballclub Union Berlin
[4095973] Could not find attributes for pavel kaderabek (Turn- und Sportgemeinschaft 1899 Hoffenheim Fußball-Spielbetriebs, 2023)
[4095973] Failed to build match row: Turn- und Sportgemeinschaft 1899 Hoffenheim Fußball-Spielbetriebs vs Sport-Club Freiburg
[4445124] Could not find attributes for nasser djiga (Fudbalski klub Crvena zvezda Beograd, 2024)
[4445124] Failed to build match row: Fudbalski klub Crvena zvezda Beograd vs Futbol Club Barcelona
[4150583] Could not find attributes for abdul rahman baba (Panthessalonikios Athlitikos Omilos Konstantinoupoliton, 2023)
[4150583] Failed to build match row: Panthessalonikios Athlitikos Omilos Konstantinoupoliton vs PAS Giannina

Keepers & outfield error for **Bayer 04 Leverkusen Fußball** in Bayer 04 Leverkusen Fußball vs Mönchengladbach: Numbers: 2 and 9.

Keepers & outfield error for **Real Sociedad de Fútbol S.A.D.** in Real Sociedad de Fútbol S.A.D. vs Sevilla Fútbol Club S.A.D.: Numbers: 2 and 9.
[3589573] Failed to scrape lineup: https://www.transfermarkt.co.uk/clermont-foot-63_montpellier-hsc/index/spielbericht/3589573
[3605210] Failed to build match row: Real Sociedad de Fútbol S.A.D. vs Sevilla Fútbol Club S.A.D.
. D. vs Futbol Club Barcelona: Numbers: 2 and 9.
[3839565] Failed to build match row: Bayer 04 Leverkusen Fußball vs Mönchengladbach
[4112850] Failed to build match row: Valencia Club de Fútbol S. A. D. vs Futbol Club Barcelona
[4410807] Failed to scrape lineup: https://www.transfermarkt.co.uk/al-wehda-fc_al-raed-sfc/index/spielbericht/4410807
[3420999] Could not find attributes for yevgen past (Desna Chernigiv, 2020)

Keepers & outfield error for **Espanol** in Espanol vs Cádiz CF: Numbers: 0 and 11.
[3886637] Failed to build match row: Espanol vs Cádiz CF

Keepers & outfield error for **Granada CF** in Granada CF vs Real Madrid Club de Fútbol: Numbers: 0 and 11.
[3420999] Failed to build match row: Desna Chernigiv vs FK Kolos Kovalivka
[3451457] Failed to build match row: Granada CF vs Real Madrid Club de Fútbol
[3909937] Could not find attributes for aleksey nikitin (FC Khimki (-2025), 2022)
[3909937] Failed to build match row: FC Khimki (-2025) vs FK Nizhny Novgorod
[4645820] Failed to scrape lineup: https://www.transfermarkt.co.uk/real-oviedo_atletico-de-madrid/index/spielbericht/4645820
[4150584] Could not find attributes for alexei koselev (PAS Lamia 1964, 2023)
[4150584] Failed to build match row: PAS Lamia 1964 vs Panserraikos Serres
[3860367] Could not find attributes for emeka eze (Istanbulspor, 2022)
[3860367] Failed to build match row: Trabzonspor Kulübü vs Istanbulspor
[4393260] Failed to scrape lineup: https://www.transfermarkt.co.uk/galatasaray_goztepe/index/spielbericht/4393260
[3598236] Failed to scrape lineup: https://www.transfermarkt.co.uk/krc-genk_club-brugge-kv/index/spielbericht/3598236

[3433536] Could not find attributes for gabriele zappa (Cagliari Calcio, 2020)
[3433536] Failed to build match row: Cagliari Calcio vs Associazione Calcio Fiorentina
[4699156] Could not find attributes for ilya kuptsov (Veles Moscow, 2025)
[4766852] Could not find attributes for antonio fernandez (Club Atlético Antoniano, 2025)
[4699156] Failed to build match row: Veles Moscow vs Znamya Noginsk
[4766852] Failed to build match row: Club Atlético Antoniano vs Villarreal Club de Fútbol S.A.D.
[4445125] Could not find attributes for omri glazer (Fudbalski klub Crvena zvezda Beograd, 2024)
[4445125] Failed to build match row: Fudbalski klub Crvena zvezda Beograd vs Sport Lisboa e Benfica

Keepers & outfield error for **SD Huesca** in SD Huesca vs Athletic Club Bilbao: Numbers: 0 and 11.
[3451458] Failed to build match row: SD Huesca vs Athletic Club Bilbao
[3421000] Could not find attributes for oleksandr bandura (FC Rukh Lviv, 2020)
[3421000] Failed to build match row: FC Rukh Lviv vs FC Oleksandriya
[4403371] Failed to scrape lineup: https://www.transfermarkt.co.uk/panetolikos_panserraikos/index/spielbericht/4403371
[3583491] Could not find attributes for elyakim musoni (Mons Calpe SC, 2021)
[3583491] Failed to build match row: Mons Calpe SC vs FC Santa Coloma
[4649410] Failed to scrape lineup: https://www.transfermarkt.co.uk/dundee-fc_aberdeen-fc/index/spielbericht/4649410
[4525751] Failed to scrape lineup: https://www.transfermarkt.co.uk/ik-sirius_ifk-goteborg/index/spielbericht/4525751
[4716145] Could not find attributes for jan kral (SK Sigma Olomouc, a.s., 2025)
[4716145] Failed to build match row: SK Sigma Olomouc, a.s. vs KKS Lech Poznań Spółka Akcyjna
[3683260] Could not find attributes for raul silva (Sporting Clube de Braga, 2021)
[4098937] Could not find attributes for bakary haidara (Koninklijke Voetbal Club Westerlo, 2023)
[4098937] Failed to build match row: Koninklijke Voetbal Club Westerlo vs Royal Sporting Club Anderlecht
[4112851] Could not find attributes for arsen zakharyan (Real Sociedad de Fútbol S.A.D., 2023)
[3683260] Failed to build match row: Sporting Clube de Braga vs Fudbalski klub Crvena zvezda Beograd
[4112851] Failed to build match row: Real Sociedad de Fútbol S.A.D. vs Real Betis Balompié S.A.D.
[3963043] Could not find attributes for leo bolgado (Casa Pia Atlético Clube, 2022)
[3963043] Failed to build match row: Casa Pia Atlético Clube vs CD Trofense
[4204011] Could not find attributes for dani encinas (CD Varea, 2023)
[4204011] Failed to build match row: CD Varea vs Levante Unión Deportiva S.A.D.
[3860368] Could not find attributes for strahil popov (Ümraniyespor, 2022)
[3860368] Failed to build match row: Ümraniyespor vs Fenerbahçe Spor Kulübü
[3909938] Could not find attributes for aleksey gorodovoy (Fakel Voronezh, 2022)
[3909938] Failed to build match row: Fakel Voronezh vs AO FK Zenit Sankt-Peterburg
[4095974] Could not find attributes for anthony losilla (VfL Bochum, 2023)
[4095974] Failed to build match row: Verein für Bewegungsspiele Stuttgart 1893 vs VfL Bochum
[4126904] Failed to scrape lineup: https://www.transfermarkt.co.uk/spielbericht/index/spielbericht/4126904
[3487507] Could not find attributes for fer torre (Gimnástica de Torrelavega, 2020)
[3487507] Failed to build match row: Gimnástica de Torrelavega vs Real Zaragoza

Keepers & outfield error for **Bologna Football Club 1909** in Bologna Football Club 1909 vs Genoa Cricket and Football Club: Numbers: 0 and 11.
[3433537] Failed to build match row: Bologna Football Club 1909 vs Genoa Cricket and Football Club
[4803400] Failed to scrape lineup: https://www.transfermarkt.co.uk/incheon-united_ulsan-hd-fc/index/spielbericht/4803400
[4640929] Failed to scrape lineup: https://www.transfermarkt.co.uk/fk-radnicki-1923-kragujevac_ofk-beograd/index/spielbericht/4640929
[4502579] Failed to scrape lineup: https://www.transfermarkt.co.uk/spielbericht/index/spielbericht/4502579
[4368794] Failed to scrape lineup: https://www.transfermarkt.co.uk/karpaty-lviv_obolon-kyiv/index/spielbericht/4368794
[4374027] Failed to scrape lineup: https://www.transfermarkt.co.uk/genoa-cfc_cagliari-calcio/index/spielbericht/4374027
[4364035] Failed to scrape lineup: https://www.transfermarkt.co.uk/stade-rennais-fc_ogc-nice/index/spielbericht/4364035
[3631255] Could not find attributes for kristijan kahlina (Ludogorets Razgrad, 2021)
[3614581] Failed to scrape lineup: https://www.transfermarkt.co.uk/udinese-calcio_acf-fiorentina/index/spielbericht/3614581
tball Club: Numbers: 0 and 11.
[3429820] Failed to build match row: Sheffield United vs Brighton and Hove Albion Football Club
[3631255] Failed to build match row: Ludogorets Razgrad vs Olympiakos Syndesmos Filathlon Peiraios
[4445126] Could not find attributes for omri glazer (Fudbalski klub Crvena zvezda Beograd, 2024)
[4445126] Failed to build match row: Fudbalski klub Crvena zvezda Beograd vs Eindhovense Voetbalvereniging Philips Sport Vereniging
[3421001] Could not find attributes for oleg kudryk (FK Mariupol, 2020)
[4089557] Could not find attributes for marc muniesa (Lyngby Boldklub, 2023)
[3421001] Failed to build match row: FK Mariupol vs PFK Lviv
[4089557] Failed to build match row: Lyngby Boldklub vs Vejle Boldklub
[4098938] Could not find attributes for mark mampassi (KV Kortrijk, 2023)
[4098938] Failed to build match row: KAS Eupen vs KV Kortrijk
[3860369] Could not find attributes for jovan manev (Adana Demirspor, 2022)
[3860369] Failed to build match row: Adana Demirspor vs Giresunspor
[3589574] Failed to scrape lineup: https://www.transfermarkt.co.uk/losc-lille_as-monaco/index/spielbericht/3589574
[4623580] Failed to scrape lineup: https://www.transfermarkt.co.uk/spielbericht/index/spielbericht/4623580

Keepers & outfield error for **Royal Antwerp Football Club** in Royal Antwerp Football Club vs KV Oostende: Numbers: 2 and 9.
[3598238] Failed to build match row: Royal Antwerp Football Club vs KV Oostende
[4410808] Failed to scrape lineup: https://www.transfermarkt.co.uk/al-shabab-fc_al-khaleej-fc/index/spielbericht/4410808

Keepers & outfield error for **Boavista FC** in Boavista FC vs Vitória Sport Clube: Numbers: 2 and 9.
[3963044] Failed to build match row: Boavista FC vs Vitória Sport Clube
[3839568] Could not find attributes for dennis geiger (Turn- und Sportgemeinschaft 1899 Hoffenheim Fußball-Spielbetriebs, 2022)
[4364036] Could not find attributes for yael mouanga (Montpellier HSC, 2024)
[3839568] Failed to build match row: Turn- und Sportgemeinschaft 1899 Hoffenheim Fußball-Spielbetriebs vs 1. Fußballclub Union Berlin
[4699157] Could not find attributes for aleksandr grigorjev (FC Kaluga, 2025)
[4364036] Failed to build match row: Montpellier HSC vs Paris Saint-Germain Football Club
[4699157] Failed to build match row: FC Kaluga vs Amkal Moscow
[3412914] Failed to scrape lineup: https://www.transfermarkt.co.uk/eintracht-frankfurt_1-fsv-mainz-05/index/spielbericht/3412914
[3845098] Failed to build match row: Verona Hellas Football Club vs FC Empoli
[4150585] Failed to scrape lineup: https://www.transfermarkt.co.uk/aris-thessaloniki_olympiacos-piraeus/index/spielbericht/4150585
[4766853] Could not find attributes for vitolo (Real Ávila CF, 2025)
[4766853] Failed to build match row: Real Ávila CF vs Rayo Vallecano de Madrid S. A. D.
[4445127] Could not find attributes for uros spajic (Fudbalski klub Crvena zvezda Beograd, 2024)
[3421002] Failed to build match row: Olimpik Donetsk vs Ingulets Petrove
l S. A. D., 2025)
[3631256] Failed to build match row: Fodbold Club Midtjylland vs Eindhovense Voetbalvereniging Philips Sport Vereniging
[4445127] Failed to build match row: Fudbalski klub Crvena zvezda Beograd vs Verein für Bewegungsspiele Stuttgart 1893
[3909939] Could not find attributes for roman evgenjev (PFK Krylya Sovetov Samara, 2022)
[3909939] Failed to build match row: PFK Krylya Sovetov Samara vs FK Spartak Moskva
[4645823] Failed to build match row: Valencia Club de Fútbol S. A. D. vs Club Atlético Osasuna

Keepers & outfield error for **Olympique de Marseille** in Football Club Lorient-Bretagne Sud vs Olympique de Marseille: Numbers: 2 and 9.
[3583492] Could not find attributes for slavisa bogdanovic (FK Velez Mostar, 2021)
[3589575] Failed to build match row: Football Club Lorient-Bretagne Sud vs Olympique de Marseille
[3583492] Failed to build match row: FK Velez Mostar vs Coleraine FC
[4410809] Could not find attributes for faycal fajr (Al-Taawoun Football Club, 2024)
[4410809] Failed to build match row: Al-Taawoun Football Club vs Al-Ittihad Football Club
[4126905] Could not find attributes for dmitriy sychev (2DROTS Moskau, 2023)
[4126905] Failed to build match row: 2DROTS Moskau vs Sakhalin Yuzhno-Sakhalinsk
[4525752] Failed to scrape lineup: https://www.transfermarkt.co.uk/halmstads-bk_bk-hacken/index/spielbericht/4525752
[3683261] Could not find attributes for olivier verdon (Ludogorets Razgrad, 2021)
[4364037] Could not find attributes for juma bah (Racing Club de Lens, 2024)
[4403372] Failed to scrape lineup: https://www.transfermarkt.co.uk/pas-lamia-1964_olympiacos-piraeus/index/spielbericht/4403372
[4364037] Failed to build match row: Toulouse Football Club vs Racing Club de Lens
[4368795] Could not find attributes for roman goncharenko (NK Veres Rivne, 2024)
[3683261] Failed to build match row: Ludogorets Razgrad vs Fodbold Club Midtjylland
[4368795] Failed to build match row: NK Veres Rivne vs Vorskla Poltava
[4634245] Could not find attributes for kacper potulski (1. Fußball- und Sportverein Mainz 05, 2025)
[4634245] Failed to build match row: FC Bayern München vs 1. Fußball- und Sportverein Mainz 05
[4803402] Could not find attributes for geon joo choi (Football Club Anyang, 2025)
[4803402] Failed to build match row: Gimcheon Sangmu Football Club vs Football Club Anyang
[4150586] Could not find attributes for panagiotis tsintotas (APS Atromitos Athinon, 2023)
[4150586] Failed to build match row: APS Atromitos Athinon vs Athlitiki Enosi Konstantinoupoleos
[3839569] Could not find attributes for renato veiga (Fußball-Club Augsburg 1907, 2022)
[3839569] Failed to build match row: Fußball-Club Augsburg 1907 vs Borussia Dortmund
[4649411] Failed to scrape lineup: https://www.transfermarkt.co.uk/hibernian-fc_falkirk-fc/index/spielbericht/4649411

Keepers & outfield error for **Wolverhampton Wanderers Football Club** in Wolverhampton Wanderers Football Club vs Burnley Football Club: Numbers: 0 and 11.
[3429822] Failed to build match row: Wolverhampton Wanderers Football Club vs Burnley Football Club

Keepers & outfield error for **Villarreal Club de Fútbol S.A.D.** in Futbol Club Barcelona vs Villarreal Club de Fútbol S.A.D.: Numbers: 0 and 11.
[4645824] Failed to build match row: Futbol Club Barcelona vs Villarreal Club de Fútbol S.A.D.
[4625801] Failed to scrape lineup: https://www.transfermarkt.co.uk/sunderland-afc_brentford-fc/index/spielbericht/4625801

Keepers & outfield error for **Oud-Heverlee Leuven** in Royal Sporting Club Anderlecht vs Oud-Heverlee Leuven: Numbers: 0 and 11.
[4098940] Failed to build match row: Royal Sporting Club Anderlecht vs Oud-Heverlee Leuven
[4126906] Could not find attributes for vladimir mukhin (Amkal Moscow, 2023)
[4126906] Failed to build match row: Amkal Moscow vs Znamya Noginsk
[4393261] Failed to scrape lineup: https://www.transfermarkt.co.uk/caykur-rizespor_besiktas-jk/index/spielbericht/4393261
[3589576] Could not find attributes for nicolas de preville (Football Club de Metz, 2021)
[3589576] Failed to build match row: Football Club de Metz vs Olympique Lyonnais
[3909940] Could not find attributes for evgeniy goshev (FC Orenburg, 2022)
[4640930] Failed to scrape lineup: https://www.transfermarkt.co.uk/fk-napredak-krusevac_red-star-belgrade/index/spielbericht/4640930
[4403373] Could not find attributes for bernabe barragan (Athens Kallithea, 2024)

Keepers & outfield error for **Club Atlético de Madrid S.A.D.** in Club Atlético de Madrid S.A.D. vs Real Club Deportivo Mallorca S.A.D.: Numbers: 2 and 9.
[3421003] Could not find attributes for maksym lopyryonok (FC Minaj, 2020)
[3909940] Failed to build match row: FC Orenburg vs FK Rostov
[4525753] Could not find attributes for matvei igonen (Degerfors IF, 2024)
c_torino-fc/index/spielbericht/3614582
[4403373] Failed to build match row: Athens Kallithea vs Athlitiki Enosi Konstantinoupoleos
[3886641] Failed to build match row: Club Atlético de Madrid S.A.D. vs Real Club Deportivo Mallorca S.A.D.
[4525753] Failed to build match row: Degerfors IF vs Göteborgs Atlet- och Idrottssällskap
[3421003] Failed to build match row: FC Minaj vs FC Shakhtar Donetsk
[3451460] Failed to scrape lineup: https://www.transfermarkt.co.uk/ca-osasuna_cadiz-cf/index/spielbericht/3451460

Keepers & outfield error for **Brighton and Hove Albion Football Club** in Brighton and Hove Albion Football Club vs Leeds United Association Football Club: Numbers: 0 and 11.

Keepers & outfield error for **Jeonbuk Hyundai Motors** in Gangwon Football Club vs Jeonbuk Hyundai Motors: Numbers: 2 and 9.
[3429823] Failed to build match row: Brighton and Hove Albion Football Club vs Leeds United Association Football Club
[3605212] Could not find attributes for bebe (Rayo Vallecano de Madrid S. A. D., 2021)

Keepers & outfield error for **Real Betis Balompié S.A.D.** in Real Betis Balompié S.A.D. vs Sevilla Fútbol Club S.A.D.: Numbers: 2 and 9.
[4803403] Failed to build match row: Gangwon Football Club vs Jeonbuk Hyundai Motors
[3605212] Failed to build match row: Rayo Vallecano de Madrid S. A. D. vs Getafe Club de Fútbol S. A. D. Team Dubai
[4645825] Failed to build match row: Real Betis Balompié S.A.D. vs Sevilla Fútbol Club S.A.D.
[4112852] Could not find attributes for pejino (UD Las Palmas, 2023)
[4112852] Failed to build match row: UD Las Palmas vs Cádiz CF
[4716146] Could not find attributes for filip slavicek (SK Sigma Olomouc, a.s., 2025)
[4716146] Failed to build match row: SK Sigma Olomouc, a.s. vs NK Celje
[3433538] Failed to scrape lineup: https://www.transfermarkt.co.uk/us-sassuolo_juventus-fc/index/spielbericht/3433538
[4204012] Could not find attributes for hassane adamou (CF Lorca Deportiva, 2023)
[4393262] Could not find attributes for arseniy batagov (Trabzonspor Kulübü, 2024)
[4393262] Failed to build match row: Samsunspor vs Trabzonspor Kulübü
[4204012] Failed to build match row: CF Lorca Deportiva vs SD Eibar
[4410810] Could not find attributes for petros (Al-Okhdood Club, 2024)
[4410810] Failed to build match row: Al-Okhdood Club vs Al-Ettifaq Football Club
[3598239] Failed to scrape lineup: https://www.transfermarkt.co.uk/rfc-seraing_sint-truidense-vv/index/spielbericht/3598239
[4623581] Failed to scrape lineup: https://www.transfermarkt.co.uk/spielbericht/index/spielbericht/4623581

Keepers & outfield error for **Real Betis Balompié S.A.D.** in Real Betis Balompié S.A.D. vs Real Sociedad de Fútbol S.A.D.: Numbers: 0 and 11.
[3631257] Could not find attributes for danilo arboleda (FC Sheriff Tiraspol, 2021)
[3886642] Failed to build match row: Real Betis Balompié S.A.D. vs Real Sociedad de Fútbol S.A.D.
[3631257] Failed to build match row: FC Sheriff Tiraspol vs Fudbalski klub Crvena zvezda Beograd
[4150587] Could not find attributes for christos sielis (Volou Neos Podosferikos Syllogos, 2023)
[4150587] Failed to build match row: Volou Neos Podosferikos Syllogos vs Panthessalonikios Athlitikos Omilos Konstantinoupoliton
[4502580] Could not find attributes for haydn hollis (Tamworth FC, 2024)
[4502580] Failed to build match row: Tamworth FC vs Tottenham Hotspur Football Club
[4803404] Could not find attributes for sung yun gu (Football Club Seoul, 2025)
[4803404] Failed to build match row: Football Club Seoul vs Foundation Coorperation Hana Financial Group Inc. Football Club
[3963045] Failed to scrape lineup: https://www.transfermarkt.co.uk/spielbericht/index/spielbericht/3963045
[4403374] Failed to build match row: Aris Thessalonikis vs Olympiakos Syndesmos Filathlon Peiraios
[4649412] Could not find attributes for james brown (Kilmarnock Football Club, 2025)
[4649412] Failed to build match row: Kilmarnock Football Club vs Rangers Football Club

Keepers & outfield error for **Real Valladolid CF** in Real Valladolid CF vs Villarreal Club de Fútbol S.A.D.: Numbers: 2 and 9.
[4699158] Failed to scrape lineup: https://www.transfermarkt.co.uk/spielbericht/index/spielbericht/4699158
[3487508] Could not find attributes for ferran ferri (CD Quintanar del Rey, 2020)
[3451461] Failed to build match row: Real Valladolid CF vs Villarreal Club de Fútbol S.A.D.
[3487508] Failed to build match row: CD Quintanar del Rey vs Sporting Gijón
[3412915] Failed to scrape lineup: https://www.transfermarkt.co.uk/hertha-bsc_arminia-bielefeld/index/spielbericht/3412915
[4766855] Failed to scrape lineup: https://www.transfermarkt.co.uk/spielbericht/index/spielbericht/4766855

Keepers & outfield error for **Torino Calcio** in Torino Calcio vs Associazione Calcio Milan: Numbers: 2 and 9.
[4445128] Failed to scrape lineup: https://www.transfermarkt.co.uk/spielbericht/index/spielbericht/4445128
[3433539] Failed to build match row: Torino Calcio vs Associazione Calcio Milan
[3583493] Failed to scrape lineup: https://www.transfermarkt.co.uk/spielbericht/index/spielbericht/3583493
[4361858] Could not find attributes for gentian selmani (KF Tirana, 2024)
[4361858] Failed to build match row: KF Tirana vs Torpedo Kutaisi
[4393263] Could not find attributes for tolga kalender (Adana Demirspor, 2024)
[4393263] Failed to build match row: Adana Demirspor vs İstanbul Başakşehir Futbol Kulübü

Keepers & outfield error for **Elche Club de Fútbol S.A.D.** in Elche Club de Fútbol S.A.D. vs Espanol: Numbers: 0 and 11.
[3839570] Failed to scrape lineup: https://www.transfermarkt.co.uk/hertha-bsc_vfl-bochum/index/spielbericht/3839570
[4368796] Failed to scrape lineup: https://www.transfermarkt.co.uk/dynamo-kyiv_kryvbas-kryvyi-rig/index/spielbericht/4368796
[4645826] Failed to build match row: Elche Club de Fútbol S.A.D. vs Espanol
[4582162] Failed to scrape lineup: https://www.transfermarkt.co.uk/sociedade-esportiva-palmeiras_esporte-clube-bahia/index/spielbericht/4582162
[4374030] Failed to scrape lineup: https://www.transfermarkt.co.uk/ac-milan_juventus-fc/index/spielbericht/4374030
[4410811] Could not find attributes for gaetan coucke (Al-Orobah FC, 2024)
[4150588] Could not find attributes for praxitelis vouros (Omilos Filathlon Irakliou FC, 2023)
[4625802] Failed to scrape lineup: https://www.transfermarkt.co.uk/tottenham-hotspur_afc-bournemouth/index/spielbericht/4625802
[4150588] Failed to build match row: Omilos Filathlon Irakliou FC vs Panetolikos Agrinio
[4410811] Failed to build match row: Al-Orobah FC vs Al-Wehda FC
[3836630] Could not find attributes for teitur gestsson (HB Tórshavn, 2022)
[3836630] Failed to build match row: HB Tórshavn vs Newtown AFC
[4126907] Could not find attributes for dmitry kachurenko (Atom Novovoronezh, 2023)
[4126907] Failed to build match row: Atom Novovoronezh vs Spartak Tambov
[4098941] Failed to scrape lineup: https://www.transfermarkt.co.uk/kaa-gent_standard-liege/index/spielbericht/4098941

Keepers & outfield error for **Jeju SK Football Club** in Jeju SK Football Club vs Gimcheon Sangmu Football Club: Numbers: 0 and 11.

Keepers & outfield error for **Società Sportiva Lazio S.p.A.** in Società Sportiva Lazio S.p.A. vs Unione Sportiva Cremonese S.p.A.: Numbers: 2 and 9.
[4640931] Failed to scrape lineup: https://www.transfermarkt.co.uk/fk-imt-belgrad_fk-spartak-subotica/index/spielbericht/4640931
[3421004] Failed to scrape lineup: https://www.transfermarkt.co.uk/dynamo-kyiv_fk-mariupol/index/spielbericht/3421004
[4803405] Failed to build match row: Jeju SK Football Club vs Gimcheon Sangmu Football Club
[3598240] Could not find attributes for vini souza (Yellow-Red Koninklijke Voetbalclub Mechelen, 2021)
[3909941] Failed to scrape lineup: https://www.transfermarkt.co.uk/spielbericht/index/spielbericht/3909941
[3845101] Failed to build match row: Società Sportiva Lazio S.p.A. vs Unione Sportiva Cremonese S.p.A.
[3683263] Could not find attributes for liel abada (The Celtic Football Club, 2021)
[3598240] Failed to build match row: Cercle Brugge Koninklijke Sportvereniging vs Yellow-Red Koninklijke Voetbalclub Mechelen
[3683263] Failed to build match row: The Celtic Football Club vs Real Betis Balompié S.A.D.
[4403375] Could not find attributes for lefteris choutesiotis (APS Atromitos Athinon, 2024)
[3433540] Could not find attributes for daan dierckx (Parma Calcio 1913, 2020)
[4716147] Failed to scrape lineup: https://www.transfermarkt.co.uk/spielbericht/index/spielbericht/4716147
[4403375] Failed to build match row: APS Atromitos Athinon vs PAS Lamia 1964
[4089560] Could not find attributes for conrad harder (Fodbold Club Nordsjælland, 2023)
[3433540] Failed to build match row: Società Sportiva Lazio S.p.A. vs Parma Calcio 1913
[4364039] Failed to scrape lineup: https://www.transfermarkt.co.uk/as-monaco_olympique-lyon/index/spielbericht/4364039
[4634247] Failed to scrape lineup: https://www.transfermarkt.co.uk/eintracht-frankfurt_fc-augsburg/index/spielbericht/4634247
[4393264] Could not find attributes for oleksandr petrusenko (Antalyaspor, 2024)
[4089560] Failed to build match row: Fodbold Club Nordsjælland vs Hvidovre IF
[4393264] Failed to build match row: Antalyaspor vs Eyüp Spor Kulübü
[3412916] Could not find attributes for nils petersen (Sport-Club Freiburg, 2020)
[3614584] Failed to scrape lineup: https://www.transfermarkt.co.uk/bologna-fc-1909_ss-lazio/index/spielbericht/3614584
[4525755] Could not find attributes for wilson lindberg uhrstrom (Hammarby IF, 2024)
[3631592] Could not find attributes for ajdin mulalic (NK Domzale, 2021)
[4525755] Failed to build match row: Hammarby IF vs IK Sirius
[3412916] Failed to build match row: 1. Fußball-Club Köln vs Sport-Club Freiburg
[3631592] Failed to build match row: Rosenborg Ballklub vs NK Domzale
[3886644] Could not find attributes for theo bongonda (Cádiz CF, 2022)
[3886644] Failed to build match row: Cádiz CF vs Club Atlético Osasuna

Keepers & outfield error for **Granada CF** in Alaves vs Granada CF: Numbers: 2 and 9.
[4150589] Could not find attributes for nikolaos grammatikakis (A.G.S Asteras Tripolis, 2023)
[3451463] Failed to build match row: Alaves vs Granada CF
[4648375] Could not find attributes for max jensen (Vejle Boldklub, 2025)
[4648375] Failed to build match row: Fodbold Club Nordsjælland vs Vejle Boldklub
[4150589] Failed to build match row: Panathinaikos Athlitikos Omilos vs A.G.S Asteras Tripolis
[4640932] Could not find attributes for strahinja manojlovic (Fudbalski Klub Radnički Niš, 2025)
[4098942] Could not find attributes for mark mampassi (KV Kortrijk, 2023)
[4640932] Failed to build match row: Fudbalski Klub Radnički Niš vs Fudbalski klub Radnik Surdulica
[4368797] Could not find attributes for yevgeniy kucherenko (LNZ Cherkasy, 2024)
[4502581] Could not find attributes for steven alzate (Hull City, 2024)
[4098942] Failed to build match row: KV Kortrijk vs Koninklijke Racing Club Genk
[4368797] Failed to build match row: FC Shakhtar Donetsk vs LNZ Cherkasy
[4502581] Failed to build match row: Hull City vs Doncaster Rovers
[3963046] Failed to scrape lineup: https://www.transfermarkt.co.uk/spielbericht/index/spielbericht/3963046
[3598241] Could not find attributes for mousa tamari (Oud-Heverlee Leuven, 2021)
[3598241] Failed to build match row: Royale Union Saint-Gilloise vs Oud-Heverlee Leuven
[4766856] Could not find attributes for nacho mayo (CD Guadalajara, 2025)
[4403376] Could not find attributes for alexios kalogeropoulos (Volou Neos Podosferikos Syllogos, 2024)
[4766856] Failed to build match row: CD Guadalajara vs AD Ceuta FC
[4403376] Failed to build match row: Volou Neos Podosferikos Syllogos vs Panthessalonikios Athlitikos Omilos Konstantinoupoliton

Keepers & outfield error for **Aston Villa Football Club** in Everton Football Club vs Aston Villa Football Club: Numbers: 0 and 11.
[3421005] Could not find attributes for valeriy yurchuk (SC Dnipro-1, 2020)
[3429827] Failed to build match row: Everton Football Club vs Aston Villa Football Club
[4803406] Could not find attributes for hyeong keun kim (Bucheon Football Club 1995, 2025)
[3421005] Failed to build match row: SC Dnipro-1 vs FC Zorya Lugansk
[3605214] Could not find attributes for mikel vesga (Athletic Club Bilbao, 2021)
[4803406] Failed to build match row: Bucheon Football Club 1995 vs Incheon United Football Club
[3605214] Failed to build match row: Athletic Club Bilbao vs Rayo Vallecano de Madrid S. A. D.
[4525756] Could not find attributes for simon eriksson (Idrottsföreningen Elfsborg, 2024)
[4525756] Failed to build match row: Idrottsföreningen Elfsborg vs Idrottsföreningen  Brommapojkarna
[3583494] Failed to scrape lineup: https://www.transfermarkt.co.uk/spielbericht/index/spielbericht/3583494
[4095979] Failed to scrape lineup: https://www.transfermarkt.co.uk/1-fsv-mainz-05_eintracht-frankfurt/index/spielbericht/4095979
[4699159] Could not find attributes for rizvan tashaev (Avangard Kursk, 2025)
[4445129] Failed to scrape lineup: https://www.transfermarkt.co.uk/spielbericht/index/spielbericht/4445129
[4204013] Could not find attributes for adri paz (Real Jaén CF, 2023)
[4204013] Failed to build match row: Real Jaén CF vs CD Eldense
[4699159] Failed to build match row: Avangard Kursk vs Broke Boys Moscow
[4648376] Could not find attributes for ismahila ouedraogo (Odense Boldklub, 2025)
[4648376] Failed to build match row: Odense Boldklub vs Football Club København
[3433541] Could not find attributes for ebrima darboe (Associazione Sportiva Roma, 2020)
[3433541] Failed to build match row: Football Club Internazionale Milano S.p.A. vs Associazione Sportiva Roma
[4368799] Could not find attributes for ilir krasniqi (FK Kolos Kovalivka, 2024)
[4368799] Failed to build match row: FK Kolos Kovalivka vs Livyi Bereg Kyiv

Keepers & outfield error for **Atalanta Bergamasca Calcio S.p.a.** in Parma Calcio 1913 vs Atalanta Bergamasca Calcio S.p.a.: Numbers: 2 and 9.

Keepers & outfield error for **Valencia Club de Fútbol S. A. D.** in Valencia Club de Fútbol S. A. D. vs Real Valladolid CF: Numbers: 2 and 9.
[3886645] Failed to build match row: Valencia Club de Fútbol S. A. D. vs Real Valladolid CF
[4364041] Could not find attributes for thiago almada (Olympique Lyonnais, 2024)
[4374032] Failed to build match row: Parma Calcio 1913 vs Atalanta Bergamasca Calcio S.p.a.
[4364041] Failed to build match row: Olympique Lyonnais vs Angers Sporting Club de l'Ouest
[4126908] Could not find attributes for ilya sukhoruchenko (FC Tver, 2023)
[4645827] Failed to scrape lineup: https://www.transfermarkt.co.uk/rcd-mallorca_real-sociedad/index/spielbericht/4645827

Keepers & outfield error for **1. Fußball- und Sportverein Mainz 05** in Borussia Dortmund vs 1. Fußball- und Sportverein Mainz 05: Numbers: 2 and 9.
[4403377] Could not find attributes for athanasios garavelis (APO Levadiakos Football Club, 2024)
[4640933] Could not find attributes for lazar balevic (Fudbalski klub Napredak Kruševac, 2025)
[4126908] Failed to build match row: FC Tver vs Electron Velikiy Novgorod
[4410812] Failed to scrape lineup: https://www.transfermarkt.co.uk/damac-fc_al-hilal-sfc/index/spielbericht/4410812
[3839582] Failed to build match row: Borussia Dortmund vs 1. Fußball- und Sportverein Mainz 05
[3421006] Could not find attributes for dmytro riznyk (Vorskla Poltava, 2020)
[4403377] Failed to build match row: APO Levadiakos Football Club vs Omilos Filathlon Irakliou FC
[4640933] Failed to build match row: Fudbalski klub Napredak Kruševac vs Fudbalski Klub Javor Matis Ivanjica
[4525757] Could not find attributes for felix eriksson (Idrottsföreningen Kamraterna Göteborg, 2024)
[4623582] Could not find attributes for yannick osee (SV Sandhausen, 2025)
[3421006] Failed to build match row: Vorskla Poltava vs Desna Chernigiv
[3631593] Could not find attributes for josh cohen (Maccabi Haifa, 2021)
[4525757] Failed to build match row: Idrottsföreningen Kamraterna Göteborg vs Östers IF

Keepers & outfield error for **Fatih Karagümrük Sportif Faaliyetler San. Tic. A.Ş.** in Fatih Karagümrük Sportif Faaliyetler San. Tic. A.Ş. vs Sivasspor: Numbers: 0 and 11.
[3631593] Failed to build match row: Maccabi Haifa vs HB Tórshavn
[4623582] Failed to build match row: SV Sandhausen vs RasenBallsport Leipzig
[3860373] Failed to build match row: Fatih Karagümrük Sportif Faaliyetler San. Tic. A.Ş. vs Sivasspor
[3909942] Failed to scrape lineup: https://www.transfermarkt.co.uk/spielbericht/index/spielbericht/3909942
[4649413] Could not find attributes for mahamadou susoho (Livingston Football Club, 2025)
[3583495] Could not find attributes for mattia migani (SP Tre Penne, 2021)
[4648377] Could not find attributes for warren caddy (Randers Fodbold Club, 2025)
[4649413] Failed to build match row: Motherwell Football Club vs Livingston Football Club
[4445130] Could not find attributes for vanja drkusic (Fudbalski klub Crvena zvezda Beograd, 2024)

Keepers & outfield error for **Wolverhampton Wanderers Football Club** in Wolverhampton Wanderers Football Club vs Everton Football Club: Numbers: 0 and 11.
[4648377] Failed to build match row: Randers Fodbold Club vs Fodbold Club Fredericia
[4445130] Failed to build match row: Berner Sport Club Young Boys vs Fudbalski klub Crvena zvezda Beograd
[3583495] Failed to build match row: SP Tre Penne vs Dinamo Batumi
[4393265] Could not find attributes for jhon espinoza (Kasımpaşa A.Ş., 2024)
[4625803] Failed to build match row: Wolverhampton Wanderers Football Club vs Everton Football Club
[4393265] Failed to build match row: Kasımpaşa A.Ş. vs Gaziantep Futbol Kulübü A.Ş.
[4368800] Could not find attributes for andrey kozhukhar (NK Veres Rivne, 2024)
[4502582] Could not find attributes for harrison jones (Sunderland Association Football Club, 2024)
[4368800] Failed to build match row: NK Veres Rivne vs FC Zorya Lugansk
[4502582] Failed to build match row: Sunderland Association Football Club vs Stoke City

Keepers & outfield error for **Paris Saint-Germain Football Club** in Paris Saint-Germain Football Club vs ESTAC Troyes: Numbers: 2 and 9.
[3589579] Failed to build match row: Paris Saint-Germain Football Club vs ESTAC Troyes
[4089561] Failed to scrape lineup: https://www.transfermarkt.co.uk/fc-copenhagen_fc-midtjylland/index/spielbericht/4089561
[4112855] Failed to scrape lineup: https://www.transfermarkt.co.uk/getafe-cf_rayo-vallecano/index/spielbericht/4112855
[3451465] Could not find attributes for ante budimir (Club Atlético Osasuna, 2020)
[3451465] Failed to build match row: Club Atlético de Madrid S.A.D. vs Club Atlético Osasuna
[4648378] Could not find attributes for philip billing (Fodbold Club Midtjylland, 2025)
[4150590] Could not find attributes for boris kleyman (PAS Giannina, 2023)
[4150590] Failed to build match row: PAS Giannina vs Panserraikos Serres
[4648378] Failed to build match row: Silkeborg Idrætsforening vs Fodbold Club Midtjylland

[3598243] Failed to build match row: Royal Charleroi Sporting Club vs Royal Sporting Club Anderlecht
[4634250] Could not find attributes for yannick gerhardt (Verein für Leibesübungen Wolfsburg, 2025)
[4634250] Failed to build match row: Mönchengladbach vs Verein für Leibesübungen Wolfsburg

Keepers & outfield error for **Levante Unión Deportiva S.A.D.** in Levante Unión Deportiva S.A.D. vs Alaves: Numbers: 0 and 11.
[3845104] Could not find attributes for manolo gabbiadini (UC Sampdoria, 2022)
[4645828] Failed to build match row: Levante Unión Deportiva S.A.D. vs Alaves
[3845104] Failed to build match row: UC Sampdoria vs Unione Sportiva Sassuolo Calcio
[4403378] Could not find attributes for luka gugeshashvili (Panserraikos Serres, 2024)
[3909943] Could not find attributes for ilya pomazun (Ural Yekaterinburg, 2022)
[4403378] Failed to build match row: Panathinaikos Athlitikos Omilos vs Panserraikos Serres
[3909943] Failed to build match row: Ural Yekaterinburg vs PFK CSKA Moskva
[4649414] Could not find attributes for nikolaj moller (Dundee United Football Club, 2025)
[4649414] Failed to build match row: Saint Mirren Football Club vs Dundee United Football Club
[4582163] Could not find attributes for luisao (Santos Futebol Clube, 2024)
tik Kulübü, 2022)
[4699160] Failed to scrape lineup: https://www.transfermarkt.co.uk/spielbericht/index/spielbericht/4699160
[4582163] Failed to build match row: Santos Futebol Clube vs Red Bull Bragantino
[3860374] Failed to build match row: Beşiktaş Jimnastik Kulübü vs MKE Ankaragücü
[3421007] Could not find attributes for oleg bilyk (FC Oleksandriya, 2020)
[3421007] Failed to build match row: FC Oleksandriya vs FK Kolos Kovalivka

Keepers & outfield error for **Valencia Club de Fútbol S. A. D.** in Valencia Club de Fútbol S. A. D. vs Villarreal Club de Fútbol S.A.D.: Numbers: 2 and 9.
[4112856] Failed to build match row: Valencia Club de Fútbol S. A. D. vs Villarreal Club de Fútbol S.A.D.
[3963047] Could not find attributes for magrao (Rio Ave Futebol Clube, 2022)
[3963047] Failed to build match row: Rio Ave Futebol Clube vs SC Farense
[4634251] Could not find attributes for rani khedira (1. Fußballclub Union Berlin, 2025)
[4634251] Failed to build match row: 1. Fußballclub Union Berlin vs RasenBallsport Leipzig
[3886646] Failed to scrape lineup: https://www.transfermarkt.co.uk/girona-fc_real-madrid/index/spielbericht/3886646
[4361859] Could not find attributes for gabri cardozo (St Joseph's FC, 2024)
[3836631] Could not find attributes for lee coombes (FC Bruno's Magpies, 2022)
[3836631] Failed to build match row: FC Bruno's Magpies vs Crusaders FC
[4361859] Failed to build match row: St Joseph's FC vs Shelbourne FC
[4150591] Could not find attributes for alexei koselev (PAS Lamia 1964, 2023)
[4803407] Could not find attributes for marcao (Ulsan Hyundai Football Club, 2025)
[4150591] Failed to build match row: PAS Lamia 1964 vs Athlitiki Enosi Kifisias
[4803407] Failed to build match row: Ulsan Hyundai Football Club vs Gwangju Football Club
[3909944] Could not find attributes for stanislav agkatsev (FK Krasnodar, 2022)
[4403379] Could not find attributes for sebastian mladen (Panetolikos Agrinio, 2024)
[3909944] Failed to build match row: FK Krasnodar vs FC Khimki (-2025)
[4403379] Failed to build match row: Panetolikos Agrinio vs A.G.S Asteras Tripolis
[3631594] Failed to scrape lineup: https://www.transfermarkt.co.uk/spielbericht/index/spielbericht/3631594
[4126909] Failed to scrape lineup: https://www.transfermarkt.co.uk/spielbericht/index/spielbericht/4126909
[4525758] Failed to scrape lineup: https://www.transfermarkt.co.uk/bk-hacken_aik/index/spielbericht/4525758
[4625805] Could not find attributes for veljko milosavljevic (Association Football Club Bournemouth, 2025)
[4625805] Failed to build match row: Association Football Club Bournemouth vs Brighton and Hove Albion Football Club

Keepers & outfield error for **CD Teruel** in CD Teruel vs Rayo Vallecano de Madrid S. A. D.: Numbers: 2 and 9.
[3487509] Failed to build match row: CD Teruel vs Rayo Vallecano de Madrid S. A. D.
[4623583] Failed to scrape lineup: https://www.transfermarkt.co.uk/spielbericht/index/spielbericht/4623583
[3583496] Failed to scrape lineup: https://www.transfermarkt.co.uk/spielbericht/index/spielbericht/3583496
[4098944] Failed to scrape lineup: https://www.transfermarkt.co.uk/sint-truidense-vv_rwd-molenbeek/index/spielbericht/4098944
[4368801] Failed to scrape lineup: https://www.transfermarkt.co.uk/fc-oleksandriya_rukh-lviv/index/spielbericht/4368801
[4364044] Could not find attributes for ayyoub bouaddi (Lille Olympique Sporting Club, 2024)
[4204014] Could not find attributes for issifu samed (CD Azuaga, 2023)
[4364044] Failed to build match row: Lille Olympique Sporting Club vs Stade Reims
[4204014] Failed to build match row: CD Azuaga vs FC Cartagena
[4355914] Could not find attributes for luquinhas (Legia Warszawa Spółka Akcyjna, 2024)
[4089563] Could not find attributes for srdjan kuzmic (Viborg Fodsports Forening, 2023)
[4355914] Failed to build match row: Legia Warszawa Spółka Akcyjna vs Gliwicki Klub Sportowy Piast Spółka Akcyjna
[4089563] Failed to build match row: Viborg Fodsports Forening vs Aarhus Gymnastik Forening
[3412920] Could not find attributes for nils petersen (Sport-Club Freiburg, 2020)
[3412920] Failed to build match row: Borussia Dortmund vs Sport-Club Freiburg

Keepers & outfield error for **Villarreal Club de Fútbol S.A.D.** in Villarreal Club de Fútbol S.A.D. vs Alaves: Numbers: 0 and 11.
[4645830] Failed to build match row: Villarreal Club de Fútbol S.A.D. vs Alaves
[4716149] Could not find attributes for petros mantalos (Athlitiki Enosi Konstantinoupoleos, 2025)
[4716149] Failed to build match row: Samsunspor vs Athlitiki Enosi Konstantinoupoleos
[4374034] Failed to scrape lineup: https://www.transfermarkt.co.uk/venezia-fc_us-lecce/index/spielbericht/4374034
[3683264] Could not find attributes for emmanuel longelo (West Ham United Football Club, 2021)
[3683264] Failed to build match row: West Ham United Football Club vs GNK Dinamo Zagreb
[4403380] Could not find attributes for domagoj vida (Athlitiki Enosi Konstantinoupoleos, 2024)
[4625806] Could not find attributes for yegor yarmolyuk (Brentford Football Club, 2025)
[4699161] Could not find attributes for daniyal gadzhiev (FC Cherepovets, 2025)
[4403380] Failed to build match row: Athlitiki Enosi Konstantinoupoleos vs Panthessalonikios Athlitikos Omilos Konstantinoupoliton
[3631595] Could not find attributes for teitur gestsson (HB Tórshavn, 2021)
[3433542] Failed to build match row: UC Sampdoria vs Spezia Calcio
[3589581] Could not find attributes for danylo ignatenko (FC Girondins Bordeaux, 2021)
[3631595] Failed to build match row: HB Tórshavn vs Maccabi Haifa
[4625806] Failed to build match row: Brentford Football Club vs Chelsea Football Club
[4699161] Failed to build match row: FC Cherepovets vs Zvezda St. Petersburg
[4150592] Could not find attributes for domagoj vida (Athlitiki Enosi Konstantinoupoleos, 2023)
[3589581] Failed to build match row: FC Girondins Bordeaux vs Football Club Lorient-Bretagne Sud
[3605216] Failed to scrape lineup: https://www.transfermarkt.co.uk/cadiz-cf_fc-barcelona/index/spielbericht/3605216
[4150592] Failed to build match row: Athlitiki Enosi Konstantinoupoleos vs Volou Neos Podosferikos Syllogos

Keepers & outfield error for **Athletic Club Bilbao** in Sevilla Fútbol Club S.A.D. vs Athletic Club Bilbao: Numbers: 2 and 9.
[4112858] Failed to build match row: Sevilla Fútbol Club S.A.D. vs Athletic Club Bilbao
[3614587] Could not find attributes for suf podgoreanu (Spezia Calcio, 2021)
[3614587] Failed to build match row: Verona Hellas Football Club vs Spezia Calcio
[4648379] Failed to scrape lineup: https://www.transfermarkt.co.uk/aarhus-gf_fc-copenhagen/index/spielbericht/4648379
[4502584] Could not find attributes for koki saito (Queens Park Rangers, 2024)
[4502584] Failed to build match row: Leicester City vs Queens Park Rangers
[4368802] Could not find attributes for oleksiy palamarchuk (Ingulets Petrove, 2024)
terlo, 2023)
[4098945] Failed to build match row: Koninklijke Voetbal Club Westerlo vs Royale Union Saint-Gilloise
[4368802] Failed to build match row: Ingulets Petrove vs FK Karpaty Lviv
[4095982] Failed to scrape lineup: https://www.transfermarkt.co.uk/vfl-bochum_borussia-dortmund/index/spielbericht/4095982
[3839584] Failed to scrape lineup: https://www.transfermarkt.co.uk/1-fc-union-berlin_sv-werder-bremen/index/spielbericht/3839584
[4649415] Failed to scrape lineup: https://www.transfermarkt.co.uk/dundee-fc_st-mirren-fc/index/spielbericht/4649415

Keepers & outfield error for **Hvidovre IF** in Hvidovre IF vs Brøndby Idrætsforening: Numbers: 2 and 9.
[3845105] Failed to scrape lineup: https://www.transfermarkt.co.uk/spezia-calcio_torino-fc/index/spielbericht/3845105
[4410813] Could not find attributes for hussain qasim (Al-Fateh Club, 2024)
[4525759] Could not find attributes for kojo peprah oppong (IFK Norrköping, 2024)
[4410813] Failed to build match row: Al-Ahli Saudi Football Club vs Al-Fateh Club
[4089564] Failed to build match row: Hvidovre IF vs Brøndby Idrætsforening
[4525759] Failed to build match row: IFK Norrköping vs Degerfors IF
[3836632] Could not find attributes for henrik purg (FC Flora Tallinn, 2022)
[3836632] Failed to build match row: FC Flora Tallinn vs SJK Seinäjoki
[4361860] Could not find attributes for emil rockov (FK Sarajevo, 2024)
[4361860] Failed to build match row: FK Sarajevo vs FK Aktobe

Keepers & outfield error for **Venezia FC** in Bologna Football Club 1909 vs Venezia FC: Numbers: 2 and 9.
[4374035] Failed to build match row: Bologna Football Club 1909 vs Venezia FC
[3683265] Could not find attributes for ike ugbo (Koninklijke Racing Club Genk, 2021)
[3683265] Failed to build match row: Koninklijke Racing Club Genk vs Sportklub Rapid

Keepers & outfield error for **Olympique Lyonnais** in Olympique Lyonnais vs Football Club de Nantes: Numbers: 2 and 9.
[3589582] Failed to build match row: Olympique Lyonnais vs Football Club de Nantes

Keepers & outfield error for **CF Talavera de la Reina** in CF Talavera de la Reina vs Málaga CF: Numbers: 0 and 11.
[4766857] Failed to build match row: CF Talavera de la Reina vs Málaga CF
[3909945] Could not find attributes for dmitriy chistyakov (AO FK Zenit Sankt-Peterburg, 2022)
[4403381] Could not find attributes for julian cuesta (Aris Thessalonikis, 2024)
[3909945] Failed to build match row: AO FK Zenit Sankt-Peterburg vs FK Spartak Moskva
[4403381] Failed to build match row: Aris Thessalonikis vs Athens Kallithea
[4716150] Could not find attributes for henry bonello (Hamrun Spartans, 2025)
[4716150] Failed to build match row: Samsunspor vs Hamrun Spartans
[3860375] Failed to scrape lineup: https://www.transfermarkt.co.uk/alanyaspor_basaksehir-fk/index/spielbericht/3860375
[3421008] Failed to scrape lineup: https://www.transfermarkt.co.uk/rukh-lviv_olimpik-donetsk/index/spielbericht/3421008
[4640934] Could not find attributes for luka lijeskic (FK Radnički 1923 Kragujevac, 2025)
[4640934] Failed to build match row: FK Radnički 1923 Kragujevac vs Fudbalski Klub Javor Matis Ivanjica
[4364046] Could not find attributes for francis coquelin (Football Club de Nantes, 2024)
[4364046] Failed to build match row: Football Club de Nantes vs Montpellier HSC
[3598244] Could not find attributes for abdelkahar kadri (KV Kortrijk, 2021)
[3598244] Failed to build match row: KAS Eupen vs KV Kortrijk
[4803408] Could not find attributes for seung ho kim (Football Club Pohang Steelers, 2025)

Keepers & outfield error for **Granada CF** in Granada CF vs Real Sociedad de Fútbol S.A.D.: Numbers: 0 and 11.
[4803408] Failed to build match row: Football Club Pohang Steelers vs Football Club Anyang
[3605217] Failed to build match row: Granada CF vs Real Sociedad de Fútbol S.A.D.
[4150593] Could not find attributes for nikolaos papadopoulos (A.G.S Asteras Tripolis, 2023)
[4150593] Failed to build match row: A.G.S Asteras Tripolis vs Aris Thessalonikis
[3963049] Could not find attributes for bruno bolas (SC Covilhã, 2022)
[3963049] Failed to build match row: SC Covilhã vs Clube Desportivo Nacional
[4393268] Could not find attributes for ali aytemur (Bodrum FK, 2024)
[4393268] Failed to build match row: Beşiktaş Jimnastik Kulübü vs Bodrum FK
[4623584] Failed to scrape lineup: https://www.transfermarkt.co.uk/spielbericht/index/spielbericht/4623584
[3421009] Could not find attributes for volodymyr krynskyi (Ingulets Petrove, 2020)
[3421009] Failed to build match row: Ingulets Petrove vs PFK Lviv
[4364047] Could not find attributes for juma bah (Racing Club de Lens, 2024)
[3886648] Failed to scrape lineup: https://www.transfermarkt.co.uk/villarreal-cf_rcd-espanyol-barcelona/index/spielbericht/3886648
[4364047] Failed to build match row: Racing Club de Lens vs Association sportive de Monaco Football Club
[3583497] Failed to scrape lineup: https://www.transfermarkt.co.uk/spielbericht/index/spielbericht/3583497
[4582164] Could not find attributes for alex muralha (Mirasol Futebol Clube, 2024)
[4582164] Failed to build match row: Mirasol Futebol Clube vs Clube Atlético Mineiro
[3605218] Could not find attributes for manu garcia (Alaves, 2021)
[3605218] Failed to build match row: Espanol vs Alaves
[3963050] Could not find attributes for danny namaso (Futebol Clube do Porto, 2022)
[3963050] Failed to build match row: Futebol Clube do Porto vs FC Vizela
[4361861] Could not find attributes for george ratcliffe (Connah's Quay Nomads, 2024)
[4361861] Failed to build match row: Connah's Quay Nomads vs NK Bravo
[3631756] Failed to scrape lineup: https://www.transfermarkt.co.uk/spielbericht/index/spielbericht/3631756
[4648382] Could not find attributes for ismahila ouedraogo (Odense Boldklub, 2025)
[4502586] Failed to scrape lineup: https://www.transfermarkt.co.uk/spielbericht/index/spielbericht/4502586
[4126910] Could not find attributes for anton trubin (Temp Barnaul, 2023)
[3614588] Failed to scrape lineup: https://www.transfermarkt.co.uk/as-roma_fc-empoli/index/spielbericht/3614588
[4648382] Failed to build match row: Odense Boldklub vs Vejle Boldklub
[4126910] Failed to build match row: Temp Barnaul vs Dinamo Barnaul
[4095983] Failed to scrape lineup: https://www.transfermarkt.co.uk/1-fc-heidenheim-1846_tsg-1899-hoffenheim/index/spielbericht/4095983
[3433543] Failed to scrape lineup: https://www.transfermarkt.co.uk/ssc-napoli_udinese-calcio/index/spielbericht/3433543
[3487510] Could not find attributes for aritz huete (Sestao River, 2020)
[3487510] Failed to build match row: Sestao River vs CD Tenerife
[4634254] Failed to scrape lineup: https://www.transfermarkt.co.uk/borussia-dortmund_borussia-monchengladbach/index/spielbericht/4634254
[4645832] Failed to scrape lineup: https://www.transfermarkt.co.uk/real-oviedo_real-betis-balompie/index/spielbericht/4645832
[4098946] Failed to scrape lineup: https://www.transfermarkt.co.uk/kas-eupen_r-charleroi-sc/index/spielbericht/4098946
[4355916] Failed to scrape lineup: https://www.transfermarkt.co.uk/slask-wroclaw_radomiak-radom/index/spielbericht/4355916
[4368803] Failed to scrape lineup: https://www.transfermarkt.co.uk/chornomorets-odesa_obolon-kyiv/index/spielbericht/4368803
[4393269] Could not find attributes for samuel moutoussamy (Sivasspor, 2024)
[4393269] Failed to build match row: Sivasspor vs Alanyaspor
[4445135] Could not find attributes for dominik takac (Slovan Bratislava, 2024)
[4445135] Failed to build match row: The Celtic Football Club vs Slovan Bratislava
[4089565] Failed to scrape lineup: https://www.transfermarkt.co.uk/vejle-boldklub_fc-nordsjaelland/index/spielbericht/4089565
[3412922] Failed to scrape lineup: https://www.transfermarkt.co.uk/vfl-wolfsburg_fc-augsburg/index/spielbericht/3412922
[4525761] Failed to scrape lineup: https://www.transfermarkt.co.uk/ifk-varnamo_malmo-ff/index/spielbericht/4525761
[4766858] Could not find attributes for borja calvo (CD Eldense, 2025)
[4766858] Failed to build match row: CD Eldense vs UD Almería
[3683411] Failed to scrape lineup: https://www.transfermarkt.co.uk/spielbericht/index/spielbericht/3683411
[3589583] Failed to scrape lineup: https://www.transfermarkt.co.uk/fc-metz_angers-sco/index/spielbericht/3589583
[4403382] Failed to scrape lineup: https://www.transfermarkt.co.uk/atromitos-athens_panetolikos/index/spielbericht/4403382
[3614589] Could not find attributes for nikola maksimovic (Genoa Cricket and Football Club, 2021)
[3614589] Failed to build match row: US Salernitana 1919 vs Genoa Cricket and Football Club
[3433544] Could not find attributes for ivor pandur (Verona Hellas Football Club, 2020)
[3433544] Failed to build match row: FC Crotone vs Verona Hellas Football Club
[4640935] Failed to scrape lineup: https://www.transfermarkt.co.uk/fk-radnicki-1923-kragujevac_fk-imt-belgrad/index/spielbericht/4640935
[4625808] Failed to scrape lineup: https://www.transfermarkt.co.uk/crystal-palace_sunderland-afc/index/spielbericht/4625808
[4089566] Could not find attributes for filip helander (Odense Boldklub, 2023)
[4525763] Could not find attributes for simon eriksson (Idrottsföreningen Elfsborg, 2024)
[3605219] Could not find attributes for shkodran mustafi (Levante Unión Deportiva S.A.D., 2021)
[4525763] Failed to build match row: Idrottsföreningen Elfsborg vs IFK Värnamo
[3605219] Failed to build match row: Levante Unión Deportiva S.A.D. vs Celta
[3598245] Failed to scrape lineup: https://www.transfermarkt.co.uk/standard-liege_zulte-waregem/index/spielbericht/3598245
[3451467] Could not find attributes for antonio barragan (Elche Club de Fútbol S.A.D., 2020)
[4649416] Could not find attributes for colby donovan (The Celtic Football Club, 2025)
[4649416] Failed to build match row: Hibernian Football Club vs The Celtic Football Club
[3451467] Failed to build match row: Cádiz CF vs Elche Club de Fútbol S.A.D.
[4150594] Failed to scrape lineup: https://www.transfermarkt.co.uk/atromitos-athens_ae-kifisias/index/spielbericht/4150594
[3589584] Could not find attributes for youcef belaili (Stade brestois 29, 2021)
[3589584] Failed to build match row: Association sportive de Monaco Football Club vs Stade brestois 29
[3429832] Could not find attributes for conor gallagher (West Bromwich Albion, 2020)
[3429832] Failed to build match row: West Bromwich Albion vs Wolverhampton Wanderers Football Club
[4204015] Could not find attributes for nacho porcar (Atzeneta UE, 2023)
[4204015] Failed to build match row: Atzeneta UE vs Real Zaragoza
[3909946] Could not find attributes for ilya gaponov (PFK Krylya Sovetov Samara, 2022)
[3839586] Could not find attributes for renato veiga (Fußball-Club Augsburg 1907, 2022)
[3909946] Failed to build match row: PFK Krylya Sovetov Samara vs Fakel Voronezh
[3839586] Failed to build match row: Mönchengladbach vs Fußball-Club Augsburg 1907
[4126911] Could not find attributes for vyacheslav marikoda (Pioner Leningradskaya, 2023)
[4126911] Failed to build match row: Pioner Leningradskaya vs Druzhba Maikop
[4716151] Could not find attributes for furkan demir (Sportklub Rapid, 2025)
[4716151] Failed to build match row: RKS Raków Częstochowa SA vs Sportklub Rapid
[3845107] Failed to scrape lineup: https://www.transfermarkt.co.uk/us-cremonese_us-salernitana-1919/index/spielbericht/3845107
[3860376] Could not find attributes for arif kocaman (Kayserispor Kulübü, 2022)
[3860376] Failed to build match row: Kayserispor Kulübü vs Fenerbahçe Spor Kulübü
[4374037] Failed to scrape lineup: https://www.transfermarkt.co.uk/como-1907_ac-monza/index/spielbericht/4374037
[4623585] Failed to scrape lineup: https://www.transfermarkt.co.uk/spielbericht/index/spielbericht/4623585
[3421010] Failed to scrape lineup: https://www.transfermarkt.co.uk/shakhtar-donetsk_ingulets-petrove/index/spielbericht/3421010
[3836633] Could not find attributes for douglas bergqvist (Riga FC, 2022)
[3836633] Failed to build match row: Derry City vs Riga FC
[4403383] Could not find attributes for pavlos correa (Volou Neos Podosferikos Syllogos, 2024)
[4403383] Failed to build match row: Volou Neos Podosferikos Syllogos vs Panserraikos Serres
[4095984] Could not find attributes for marcel schuhen (SV Darmstadt 98, 2023)
[4095984] Failed to build match row: SV Darmstadt 98 vs 1. Fußballclub Union Berlin
[3429833] Could not find attributes for conor gallagher (West Bromwich Albion, 2020)
[3429833] Failed to build match row: Arsenal Football Club vs West Bromwich Albion
[3583498] Failed to scrape lineup: https://www.transfermarkt.co.uk/spielbericht/index/spielbericht/3583498
[3886649] Failed to scrape lineup: https://www.transfermarkt.co.uk/getafe-cf_ud-almeria/index/spielbericht/3886649
[4364048] Failed to scrape lineup: https://www.transfermarkt.co.uk/paris-saint-germain_aj-auxerre/index/spielbericht/4364048
[4803410] Failed to scrape lineup: https://www.transfermarkt.co.uk/fc-seoul_bucheon-fc-1995/index/spielbericht/4803410

Keepers & outfield error for **Paris Saint-Germain Football Club** in Montpellier HSC vs Paris Saint-Germain Football Club: Numbers: 2 and 9.
[3589585] Failed to build match row: Montpellier HSC vs Paris Saint-Germain Football Club
[3598246] Could not find attributes for abdelkahar kadri (KV Kortrijk, 2021)
[3598246] Failed to build match row: KV Kortrijk vs Royal Antwerp Football Club
[3909947] Could not find attributes for sergey pesjakov (FK Rostov, 2022)
[3909947] Failed to build match row: FK Rostov vs RFK Akhmat Grozny
[4403384] Could not find attributes for andreas ntoi (Olympiakos Syndesmos Filathlon Peiraios, 2024)
[3963051] Failed to scrape lineup: https://www.transfermarkt.co.uk/spielbericht/index/spielbericht/3963051
[4403384] Failed to build match row: Olympiakos Syndesmos Filathlon Peiraios vs APO Levadiakos Football Club
[4361862] Failed to scrape lineup: https://www.transfermarkt.co.uk/spielbericht/index/spielbericht/4361862
[4716152] Could not find attributes for duje dujmovic (HSK Zrinjski Mostar, 2025)
[4716152] Failed to build match row: RKS Raków Częstochowa SA vs HSK Zrinjski Mostar

Keepers & outfield error for **Aston Villa Football Club** in Aston Villa Football Club vs Manchester United Football Club: Numbers: 0 and 11.
[3429834] Failed to build match row: Aston Villa Football Club vs Manchester United Football Club

Keepers & outfield error for **Jeonbuk Hyundai Motors** in Jeonbuk Hyundai Motors vs Incheon United Football Club: Numbers: 2 and 9.
[4803411] Failed to build match row: Jeonbuk Hyundai Motors vs Incheon United Football Club
[3433545] Could not find attributes for filippo melegoni (Genoa Cricket and Football Club, 2020)
[3433545] Failed to build match row: Genoa Cricket and Football Club vs Atalanta Bergamasca Calcio S.p.a.
[4640936] Could not find attributes for aleksandar cvetkovic (Fudbalski klub Radnik Surdulica, 2025)
[4640936] Failed to build match row: Fudbalski klub Radnik Surdulica vs Fudbalski Klub Javor Matis Ivanjica
[4095985] Could not find attributes for tim kleindienst (1. Fußballclub Heidenheim 1846, 2023)
[4095985] Failed to build match row: Borussia Dortmund vs 1. Fußballclub Heidenheim 1846
[4204016] Could not find attributes for javi seral (Penya Deportiva Santa Eulalia, 2023)
[4204016] Failed to build match row: Penya Deportiva Santa Eulalia vs Real Valladolid CF

Keepers & outfield error for **Società Sportiva Lazio S.p.A.** in FC Empoli vs Società Sportiva Lazio S.p.A.: Numbers: 2 and 9.
[4502587] Failed to scrape lineup: https://www.transfermarkt.co.uk/spielbericht/index/spielbericht/4502587
[3845108] Failed to build match row: FC Empoli vs Società Sportiva Lazio S.p.A.
[3487511] Failed to scrape lineup: https://www.transfermarkt.co.uk/spielbericht/index/spielbericht/3487511
[4634255] Failed to scrape lineup: https://www.transfermarkt.co.uk/1-fsv-mainz-05_fc-st-pauli/index/spielbericht/4634255
[4368804] Failed to scrape lineup: https://www.transfermarkt.co.uk/kryvbas-kryvyi-rig_polissya-zhytomyr/index/spielbericht/4368804
[4445136] Failed to scrape lineup: https://www.transfermarkt.co.uk/spielbericht/index/spielbericht/4445136
[4393270] Failed to scrape lineup: https://www.transfermarkt.co.uk/hatayspor_caykur-rizespor/index/spielbericht/4393270
[3412923] Failed to scrape lineup: https://www.transfermarkt.co.uk/eintracht-frankfurt_tsg-1899-hoffenheim/index/spielbericht/3412923
[4582165] Could not find attributes for lucas villalba (Cruzeiro Esporte Clube, 2024)
[4410815] Failed to scrape lineup: https://www.transfermarkt.co.uk/al-qadsiah-fc_al-raed-sfc/index/spielbericht/4410815
[4582165] Failed to build match row: Cruzeiro Esporte Clube vs Club de Regatas Vasco da Gama
[3909948] Could not find attributes for eli dasa (FK Dinamo Moskva, 2022)
[3909948] Failed to build match row: FK Dinamo Moskva vs FC Orenburg
[3963052] Could not find attributes for mateus pasinato (Moreirense Futebol Clube, 2022)
[3963052] Failed to build match row: Moreirense Futebol Clube vs Sport Lisboa e Benfica
[4640937] Could not find attributes for marko milosevic (Fudbalski Klub Partizan Beograd, 2025)
[4640937] Failed to build match row: Fudbalski Klub Partizan Beograd vs Fudbalski klub Napredak Kruševac
[3683412] Failed to scrape lineup: https://www.transfermarkt.co.uk/spielbericht/index/spielbericht/3683412
[3614590] Failed to scrape lineup: https://www.transfermarkt.co.uk/uc-sampdoria_udinese-calcio/index/spielbericht/3614590
[4368805] Could not find attributes for artem shabanov (FC Oleksandriya, 2024)
[4368805] Failed to build match row: FC Oleksandriya vs Chornomorets Odesa
[4645834] Failed to scrape lineup: https://www.transfermarkt.co.uk/valencia-cf_elche-cf/index/spielbericht/4645834
[4410816] Failed to build match row: Al-Kholood Club vs Al-Riyadh Saudi Club
[4625809] Failed to scrape lineup: https://www.transfermarkt.co.uk/everton-fc_aston-villa/index/spielbericht/4625809
[3605220] Failed to scrape lineup: https://www.transfermarkt.co.uk/ca-osasuna_real-betis-balompie/index/spielbericht/3605220
[4089567] Failed to scrape lineup: https://www.transfermarkt.co.uk/aarhus-gf_fc-copenhagen/index/spielbericht/4089567
[4525764] Failed to scrape lineup: https://www.transfermarkt.co.uk/gais_ifk-goteborg/index/spielbericht/4525764
[4361863] Could not find attributes for astrit amzai (Shkendija Tetovo, 2024)
[4361863] Failed to build match row: Shkendija Tetovo vs FC Noah Yerevan
[4098949] Could not find attributes for abdoulaye sissako (KV Kortrijk, 2023)
[4098949] Failed to build match row: KV Kortrijk vs Koninklijke Voetbal Club Westerlo

Keepers & outfield error for **Jeju SK Football Club** in Foundation Coorperation Hana Financial Group Inc. Football Club vs Jeju SK Football Club: Numbers: 0 and 11.
[4803412] Failed to build match row: Foundation Coorperation Hana Financial Group Inc. Football Club vs Jeju SK Football Club
[4150595] Failed to scrape lineup: https://www.transfermarkt.co.uk/panathinaikos-fc_pas-giannina/index/spielbericht/4150595
[4648384] Failed to scrape lineup: https://www.transfermarkt.co.uk/silkeborg-if_randers-fc/index/spielbericht/4648384
[3451468] Failed to scrape lineup: https://www.transfermarkt.co.uk/getafe-cf_levante-ud/index/spielbericht/3451468
[4649417] Failed to scrape lineup: https://www.transfermarkt.co.uk/kilmarnock-fc_dundee-united-fc/index/spielbericht/4649417
[4766859] Could not find attributes for gabriel de vuyst (CD Tenerife, 2025)
[4766859] Failed to build match row: CD Tenerife vs Granada CF
[4095987] Could not find attributes for marcel schuhen (SV Darmstadt 98, 2023)
[4095987] Failed to build match row: Bayer 04 Leverkusen Fußball vs SV Darmstadt 98
[4355918] Failed to scrape lineup: https://www.transfermarkt.co.uk/lechia-gdansk_zaglebie-lubin/index/spielbericht/4355918

Keepers & outfield error for **Atalanta Bergamasca Calcio S.p.a.** in Verein für Bewegungsspiele Stuttgart 1893 vs Atalanta Bergamasca Calcio S.p.a.: Numbers: 2 and 9.
[3839587] Failed to scrape lineup: https://www.transfermarkt.co.uk/eintracht-frankfurt_sc-freiburg/index/spielbericht/3839587
[3631757] Could not find attributes for gilson delgado (CS Fola Esch, 2021)
[4445137] Failed to build match row: Verein für Bewegungsspiele Stuttgart 1893 vs Atalanta Bergamasca Calcio S.p.a.
[3631757] Failed to build match row: CS Fola Esch vs Linfield FC
[3909949] Could not find attributes for vanja drkusic (FK Sochi, 2022)
[3909949] Failed to build match row: FK Sochi vs PFK CSKA Moskva
[3860377] Failed to scrape lineup: https://www.transfermarkt.co.uk/konyaspor_giresunspor/index/spielbericht/3860377
[4374038] Failed to scrape lineup: https://www.transfermarkt.co.uk/acf-fiorentina_inter-milan/index/spielbericht/4374038
[4089568] Could not find attributes for srdjan kuzmic (Viborg Fodsports Forening, 2023)
[4089568] Failed to build match row: Brøndby Idrætsforening vs Viborg Fodsports Forening
[3421011] Failed to scrape lineup: https://www.transfermarkt.co.uk/kolos-kovalivka_dynamo-kyiv/index/spielbericht/3421011
[4623586] Failed to scrape lineup: https://www.transfermarkt.co.uk/spielbericht/index/spielbericht/4623586
[3583499] Failed to scrape lineup: https://www.transfermarkt.co.uk/spielbericht/index/spielbericht/3583499
[3886650] Failed to scrape lineup: https://www.transfermarkt.co.uk/fc-barcelona_real-betis-balompie/index/spielbericht/3886650

Keepers & outfield error for **SD Huesca** in Real Betis Balompié S.A.D. vs SD Huesca: Numbers: 0 and 11.
[3451469] Failed to build match row: Real Betis Balompié S.A.D. vs SD Huesca
[3589586] Failed to scrape lineup: https://www.transfermarkt.co.uk/ogc-nice_losc-lille/index/spielbericht/3589586
[4525765] Could not find attributes for ivan kricak (Östers IF, 2024)

Keepers & outfield error for **Levante Unión Deportiva S.A.D.** in Levante Unión Deportiva S.A.D. vs Espanol: Numbers: 0 and 11.
[4803413] Could not find attributes for geon joo choi (Football Club Anyang, 2025)
[4645835] Failed to build match row: Levante Unión Deportiva S.A.D. vs Espanol
[4803413] Failed to build match row: Football Club Anyang vs Ulsan Hyundai Football Club
[4525765] Failed to build match row: Östers IF vs Idrottsföreningen  Brommapojkarna

Keepers & outfield error for **Alanyaspor** in Istanbulspor vs Alanyaspor: Numbers: 2 and 9.
[3860379] Failed to build match row: Istanbulspor vs Alanyaspor
[4126912] Could not find attributes for andrey melnik (Strogino Moscow, 2023)
[4126912] Failed to build match row: Strogino Moscow vs Znamya Truda Orekhovo-Zuevo
[4716154] Could not find attributes for zlatan alomerovic (AEK Larnaca, 2025)
[4716154] Failed to build match row: AEK Larnaca vs Alkmaar Zaanstreek
[3433546] Failed to scrape lineup: https://www.transfermarkt.co.uk/hellas-verona_bologna-fc-1909/index/spielbericht/3433546
[3598247] Failed to scrape lineup: https://www.transfermarkt.co.uk/cercle-brugge-_club-brugge-kv/index/spielbericht/3598247
[4403385] Failed to scrape lineup: https://www.transfermarkt.co.uk/ofi-crete-fc_panathinaikos-fc/index/spielbericht/4403385
[3429835] Failed to scrape lineup: https://www.transfermarkt.co.uk/fulham-fc_burnley-fc/index/spielbericht/3429835
[4502588] Failed to scrape lineup: https://www.transfermarkt.co.uk/spielbericht/index/spielbericht/4502588
[3845109] Failed to scrape lineup: https://www.transfermarkt.co.uk/us-lecce_bologna-fc-1909/index/spielbericht/3845109
[4204017] Failed to scrape lineup: https://www.transfermarkt.co.uk/spielbericht/index/spielbericht/4204017

Keepers & outfield error for **Rayo Vallecano de Madrid S. A. D.** in Elche Club de Fútbol S.A.D. vs Rayo Vallecano de Madrid S. A. D.: Numbers: 2 and 9.
[4393271] Failed to scrape lineup: https://www.transfermarkt.co.uk/kayserispor_samsunspor/index/spielbericht/4393271
[3886651] Failed to build match row: Elche Club de Fútbol S.A.D. vs Rayo Vallecano de Madrid S. A. D.
[4803414] Could not find attributes for kento nishiya (Football Club Pohang Steelers, 2025)
[4803414] Failed to build match row: Football Club Pohang Steelers vs Gwangju Football Club
[3412924] Failed to scrape lineup: https://www.transfermarkt.co.uk/1-fc-union-berlin_1-fsv-mainz-05/index/spielbericht/3412924
[4410817] Could not find attributes for solomon tweh (Al-Raed SFC, 2024)
[4410817] Failed to build match row: Al-Raed SFC vs Al-Fayha FC
[3963053] Failed to scrape lineup: https://www.transfermarkt.co.uk/spielbericht/index/spielbericht/3963053
[4640938] Failed to scrape lineup: https://www.transfermarkt.co.uk/fk-partizan-belgrade_fk-radnicki-nis/index/spielbericht/4640938

Keepers & outfield error for **Olympique de Marseille** in Rennes vs Olympique de Marseille: Numbers: 2 and 9.
[3589587] Failed to build match row: Rennes vs Olympique de Marseille
[4716155] Could not find attributes for zlatan alomerovic (AEK Larnaca, 2025)
[4716155] Failed to build match row: AEK Larnaca vs Aberdeen Football Club
[3614591] Failed to scrape lineup: https://www.transfermarkt.co.uk/us-sassuolo_inter-milan/index/spielbericht/3614591
[3683413] Failed to scrape lineup: https://www.transfermarkt.co.uk/spielbericht/index/spielbericht/3683413
[3909950] Could not find attributes for egor baburin (Torpedo Moscow, 2022)
[3909950] Failed to build match row: Torpedo Moscow vs Ural Yekaterinburg

Keepers & outfield error for **Leeds United Association Football Club** in Leeds United Association Football Club vs Tottenham Hotspur Football Club: Numbers: 2 and 9.
[3429836] Failed to build match row: Leeds United Association Football Club vs Tottenham Hotspur Football Club
[4803415] Could not find attributes for sung yun gu (Football Club Seoul, 2025)
[4803415] Failed to build match row: Gangwon Football Club vs Football Club Seoul
[3421012] Could not find attributes for agron rufati (FC Zorya Lugansk, 2020)
[3421012] Failed to build match row: FC Zorya Lugansk vs FC Oleksandriya
[4410818] Could not find attributes for saad bguir (Al-Wehda FC, 2024)
[4410818] Failed to build match row: Al-Wehda FC vs Al-Ittihad Football Club

Keepers & outfield error for **Rayo Vallecano de Madrid S. A. D.** in Rayo Vallecano de Madrid S. A. D. vs Real Club Deportivo Mallorca S.A.D.: Numbers: 2 and 9.
[4645836] Failed to build match row: Rayo Vallecano de Madrid S. A. D. vs Real Club Deportivo Mallorca S.A.D.
[4634257] Failed to scrape lineup: https://www.transfermarkt.co.uk/vfb-stuttgart_tsg-1899-hoffenheim/index/spielbericht/4634257

Keepers & outfield error for **Futebol Clube de Famalicão** in Futebol Clube de Famalicão vs Clube Desportivo de Tondela: Numbers: 0 and 11.
[4361864] Failed to scrape lineup: https://www.transfermarkt.co.uk/spielbericht/index/spielbericht/4361864
[3963056] Failed to build match row: Futebol Clube de Famalicão vs Clube Desportivo de Tondela
[4393272] Could not find attributes for riechedly bazoer (Konyaspor, 2024)
[4393272] Failed to build match row: Konyaspor vs Fenerbahçe Spor Kulübü
[4766860] Failed to scrape lineup: https://www.transfermarkt.co.uk/spielbericht/index/spielbericht/4766860
cht/4649418
[4095988] Failed to scrape lineup: https://www.transfermarkt.co.uk/eintracht-frankfurt_1-fc-koln/index/spielbericht/4095988
[4648385] Failed to scrape lineup: https://www.transfermarkt.co.uk/aarhus-gf_odense-boldklub/index/spielbericht/4648385
[4150596] Failed to scrape lineup: https://www.transfermarkt.co.uk/panetolikos-gfs_panserraikos/index/spielbericht/4150596
[3487512] Failed to build match row: CD Ibiza Islas Pitiusas vs CE Sabadell FC
[3909951] Could not find attributes for daniil khudyakov (Футбольный клуб "Локомотив" Москва, 2022)
[3909951] Failed to build match row: Футбольный клуб "Локомотив" Москва vs FK Nizhny Novgorod
[4364461] Failed to scrape lineup: https://www.transfermarkt.co.uk/fc-rostov_cska-moscow/index/spielbericht/4364461
[4374039] Failed to scrape lineup: https://www.transfermarkt.co.uk/us-lecce_juventus-fc/index/spielbericht/4374039
[3839588] Failed to scrape lineup: https://www.transfermarkt.co.uk/vfl-wolfsburg_hertha-bsc/index/spielbericht/3839588
[4089569] Failed to scrape lineup: https://www.transfermarkt.co.uk/fc-midtjylland_randers-fc/index/spielbericht/4089569
[3845110] Could not find attributes for ibrahim sulemana (Verona Hellas Football Club, 2022)
[3429837] Could not find attributes for marc albrighton (Leicester City, 2020)
[3845110] Failed to build match row: Associazione Calcio Milan vs Verona Hellas Football Club
[3429837] Failed to build match row: Leicester City vs Newcastle United Football Club
[4803416] Could not find attributes for kyung sub park (Incheon United Football Club, 2025)
[4803416] Failed to build match row: Incheon United Football Club vs Jeju SK Football Club
[4699162] Failed to scrape lineup: https://www.transfermarkt.co.uk/spielbericht/index/spielbericht/4699162
[4393273] Could not find attributes for arseniy batagov (Trabzonspor Kulübü, 2024)
[4393273] Failed to build match row: Trabzonspor Kulübü vs Antalyaspor
[3909956] Could not find attributes for yevgen volynets (FK Kolos Kovalivka, 2022)
[3909956] Failed to build match row: FK Kolos Kovalivka vs Ingulets Petrove
[3451470] Failed to scrape lineup: https://www.transfermarkt.co.uk/real-sociedad_real-valladolid-cf/index/spielbericht/3451470

Keepers & outfield error for **Al-Qadsiah Saudi Football Club** in Al-Shabab Club vs Al-Qadsiah Saudi Football Club: Numbers: 2 and 9.
[4410819] Failed to build match row: Al-Shabab Club vs Al-Qadsiah Saudi Football Club

Keepers & outfield error for **Southampton FC** in Liverpool Football Club vs Southampton FC: Numbers: 0 and 11.
[3429838] Failed to build match row: Liverpool Football Club vs Southampton FC
[4525768] Could not find attributes for ludvig arvidsson (Halmstads BK, 2024)
[4525768] Failed to build match row: Halmstads BK vs IK Sirius
[4368806] Could not find attributes for eduard kozik (FK Kolos Kovalivka, 2024)
[3860380] Failed to scrape lineup: https://www.transfermarkt.co.uk/mke-ankaragucu_fatih-karagumruk/index/spielbericht/3860380
[4368806] Failed to build match row: FK Kolos Kovalivka vs Futbolniy Klub Dynamo Kyiv
[4098951] Failed to scrape lineup: https://www.transfermarkt.co.uk/kv-mechelen_club-brugge-kv/index/spielbericht/4098951
25811
[4582167] Could not find attributes for ze marcos (Esporte Clube Vitória, 2024)
[4112860] Failed to scrape lineup: https://www.transfermarkt.co.uk/ud-las-palmas_fc-barcelona/index/spielbericht/4112860
[4582167] Failed to build match row: Esporte Clube Vitória vs Grêmio Foot-Ball Porto Alegrense
[3605223] Failed to scrape lineup: https://www.transfermarkt.co.uk/villarreal-cf_elche-cf/index/spielbericht/3605223
[4150597] Could not find attributes for abdul rahman baba (Panthessalonikios Athlitikos Omilos Konstantinoupoliton, 2023)
[3631773] Could not find attributes for yuriy vakulko (Riga FC, 2021)
[3631773] Failed to build match row: Riga FC vs Hibernians FC
[4150597] Failed to build match row: Panthessalonikios Athlitikos Omilos Konstantinoupoliton vs Omilos Filathlon Irakliou FC
[3421013] Could not find attributes for pavlo kravtsov (FK Mariupol, 2020)
[4445139] Failed to scrape lineup: https://www.transfermarkt.co.uk/spielbericht/index/spielbericht/4445139
[4204018] Failed to scrape lineup: https://www.transfermarkt.co.uk/spielbericht/index/spielbericht/4204018
[3421013] Failed to build match row: FK Mariupol vs Desna Chernigiv
[3886652] Failed to scrape lineup: https://www.transfermarkt.co.uk/cadiz-cf_valencia-cf/index/spielbericht/3886652
[4355922] Could not find attributes for luquinhas (Legia Warszawa Spółka Akcyjna, 2024)
[4355922] Failed to build match row: Puszcza Niepolomice vs Legia Warszawa Spółka Akcyjna
[3412925] Failed to scrape lineup: https://www.transfermarkt.co.uk/1-fc-koln_borussia-monchengladbach/index/spielbericht/3412925
[4525769] Could not find attributes for matvei igonen (Degerfors IF, 2024)
[4525769] Failed to build match row: Degerfors IF vs BK Häcken
[4623587] Could not find attributes for Justus Henke (FC Gütersloh, 2025)
[4623587] Failed to build match row: FC Gütersloh vs 1. Fußballclub Union Berlin
[3860381] Could not find attributes for charilaos charisis (Sivasspor, 2022)
[3860381] Failed to build match row: Sivasspor vs Beşiktaş Jimnastik Kulübü
[4648386] Could not find attributes for warren caddy (Randers Fodbold Club, 2025)
[4648386] Failed to build match row: Brøndby Idrætsforening vs Randers Fodbold Club
[4640939] Failed to scrape lineup: https://www.transfermarkt.co.uk/fk-zeleznicar-pancevo_fk-imt-belgrad/index/spielbericht/4640939
[3583500] Could not find attributes for pavel ovchinnikov (FC Noah Yerevan, 2021)
[3583500] Failed to build match row: FC Noah Yerevan vs Kuopion Palloseura
[4364462] Could not find attributes for aleksandr soldatenkov (PFK Krylya Sovetov Samara, 2024)
[4364462] Failed to build match row: PFK Krylya Sovetov Samara vs AO FK Zenit Sankt-Peterburg
[4716156] Failed to scrape lineup: https://www.transfermarkt.co.uk/spielbericht/index/spielbericht/4716156
[3683414] Failed to scrape lineup: https://www.transfermarkt.co.uk/spielbericht/index/spielbericht/3683414
[4403386] Could not find attributes for dimitrios siovas (PAS Lamia 1964, 2024)
[4403386] Failed to build match row: PAS Lamia 1964 vs A.G.S Asteras Tripolis
[4374041] Could not find attributes for anas haj mohamed (Parma Calcio 1913, 2024)
[4374041] Failed to build match row: Parma Calcio 1913 vs Società Sportiva Lazio S.p.A.
[3598249] Failed to scrape lineup: https://www.transfermarkt.co.uk/kv-mechelen_rfc-seraing/index/spielbericht/3598249
[4112861] Could not find attributes for sokratis papastathopoulos (Real Betis Balompié S.A.D., 2023)
[4634258] Failed to scrape lineup: https://www.transfermarkt.co.uk/vfl-wolfsburg_sc-freiburg/index/spielbericht/4634258
[4112861] Failed to build match row: Celta vs Real Betis Balompié S.A.D.
[3963057] Failed to scrape lineup: https://www.transfermarkt.co.uk/spielbericht/index/spielbericht/3963057
[4361865] Failed to scrape lineup: https://www.transfermarkt.co.uk/spielbericht/index/spielbericht/4361865
[4649419] Failed to scrape lineup: https://www.transfermarkt.co.uk/motherwell-fc_heart-of-midlothian-fc/index/spielbericht/4649419
[4766958] Failed to scrape lineup: https://www.transfermarkt.co.uk/internacional-de-bogota_deportivo-pereira/index/spielbericht/4766958
[3589589] Failed to scrape lineup: https://www.transfermarkt.co.uk/rc-strasbourg-alsace_clermont-foot-63/index/spielbericht/3589589
[3839589] Failed to scrape lineup: https://www.transfermarkt.co.uk/vfl-bochum_bayer-04-leverkusen/index/spielbericht/3839589
[4502589] Failed to build match row: Everton Football Club vs Peterborough United
[3631780] Could not find attributes for ferdinando apap (Hibernians FC, 2021)
[3631780] Failed to build match row: Hibernians FC vs Riga FC
[3836640] Could not find attributes for henry bonello (Hamrun Spartans, 2022)
[3836640] Failed to build match row: Hamrun Spartans vs Alashkert Yerevan FC
[4089570] Failed to scrape lineup: https://www.transfermarkt.co.uk/fc-nordsjaelland_odense-boldklub/index/spielbericht/4089570
[3845111] Failed to scrape lineup: https://www.transfermarkt.co.uk/ssc-napoli_uc-sampdoria/index/spielbericht/3845111
[4410820] Could not find attributes for ghassan hawsawi (Al-Okhdood Club, 2024)
[4410820] Failed to build match row: Al-Okhdood Club vs Damac Football Club
[4204019] Could not find attributes for jaouad erraji (Terrassa FC, 2023)
[4699163] Failed to scrape lineup: https://www.transfermarkt.co.uk/spielbericht/index/spielbericht/4699163
[4204019] Failed to build match row: Terrassa FC vs Albacete Balompié
[4112862] Could not find attributes for chris ramos (Cádiz CF, 2023)
[4112862] Failed to build match row: Granada CF vs Cádiz CF
[4640940] Could not find attributes for strahinja manojlovic (Fudbalski Klub Radnički Niš, 2025)
[4640940] Failed to build match row: Fudbalski Klub Radnički Niš vs Fudbalski Klub Spartak Ždrepčeva krv
[4393274] Failed to scrape lineup: https://www.transfermarkt.co.uk/basaksehir-fk_galatasaray/index/spielbericht/4393274
[4623588] Could not find attributes for denis milic (Sportfreunde Lotte, 2025)
[3909957] Failed to scrape lineup: https://www.transfermarkt.co.uk/fc-oleksandriya_metalist-1925-kharkiv/index/spielbericht/3909957
[4623588] Failed to build match row: Sportfreunde Lotte vs Sport-Club Freiburg
[4525770] Could not find attributes for yannick geiger (Allmänna Idrottsklubben, 2024)
[4525770] Failed to build match row: Allmänna Idrottsklubben vs Degerfors IF
[3451471] Failed to scrape lineup: https://www.transfermarkt.co.uk/valencia-cf_sd-eibar/index/spielbericht/3451471
[3598250] Could not find attributes for robert bauer (St Truiden, 2021)
[3598250] Failed to build match row: St Truiden vs KAS Eupen
[4645838] Could not find attributes for alejandro mestanza (Getafe Club de Fútbol S. A. D. Team Dubai, 2025)
[4645838] Failed to build match row: Getafe Club de Fútbol S. A. D. Team Dubai vs Real Sociedad de Fútbol S.A.D.
[4803417] Could not find attributes for sung wook hong (Bucheon Football Club 1995, 2025)
[4803417] Failed to build match row: Bucheon Football Club 1995 vs Gimcheon Sangmu Football Club
[3429842] Could not find attributes for ki jana hoever (Wolverhampton Wanderers Football Club, 2020)
[3429842] Failed to build match row: Wolverhampton Wanderers Football Club vs Brighton and Hove Albion Football Club
[4640941] Could not find attributes for zoran popovic (Železničar Pančevo, 2025)
[4640941] Failed to build match row: Železničar Pančevo vs Fudbalski klub Radnik Surdulica
[4582168] Failed to scrape lineup: https://www.transfermarkt.co.uk/ceara-sporting-club_sao-paulo-futebol-clube/index/spielbericht/4582168
[4112863] Could not find attributes for matija nastasic (Real Club Deportivo Mallorca S.A.D., 2023)
[4112863] Failed to build match row: Real Madrid Club de Fútbol vs Real Club Deportivo Mallorca S.A.D.
[4361866] Could not find attributes for johannes kreidl (Kuopion Palloseura, 2024)
[4361866] Failed to build match row: Kuopion Palloseura vs FC UNA Strassen
[4098952] Failed to scrape lineup: https://www.transfermarkt.co.uk/sint-truidense-vv_oud-heverlee-leuven/index/spielbericht/4098952
[4368807] Failed to scrape lineup: https://www.transfermarkt.co.uk/livyi-bereg-kyiv_obolon-kyiv/index/spielbericht/4368807
[3433550] Failed to scrape lineup: https://www.transfermarkt.co.uk/as-roma_ss-lazio/index/spielbericht/3433550
[3963058] Could not find attributes for shaquil delos (Grupo Desportivo Estoril Praia, 2022)
[3963058] Failed to build match row: Grupo Desportivo Estoril Praia vs SC União Torreense

Keepers & outfield error for **Al-Nassr Football Club** in Al-Ahli Saudi Football Club vs Al-Nassr Football Club: Numbers: 0 and 11.
[4410821] Failed to build match row: Al-Ahli Saudi Football Club vs Al-Nassr Football Club

Keepers & outfield error for **Gaziantep Futbol Kulübü A.Ş.** in Gaziantep Futbol Kulübü A.Ş. vs Adana Demirspor: Numbers: 2 and 9.
[3421014] Failed to scrape lineup: https://www.transfermarkt.co.uk/sc-dnipro-1_rukh-lviv/index/spielbericht/3421014
[4393275] Failed to build match row: Gaziantep Futbol Kulübü A.Ş. vs Adana Demirspor
[3886653] Failed to scrape lineup: https://www.transfermarkt.co.uk/rcd-espanyol-barcelona_getafe-cf/index/spielbericht/3886653
[4355923] Failed to scrape lineup: https://www.transfermarkt.co.uk/radomiak-radom_gornik-zabrze/index/spielbericht/4355923
[3860382] Could not find attributes for montassir lahtimi (Trabzonspor Kulübü, 2022)
[3860382] Failed to build match row: Galatasaray Spor Kulübü vs Trabzonspor Kulübü

Keepers & outfield error for **Jeonbuk Hyundai Motors** in Jeonbuk Hyundai Motors vs Football Club Pohang Steelers: Numbers: 2 and 9.
[4803418] Failed to build match row: Jeonbuk Hyundai Motors vs Football Club Pohang Steelers
[4525771] Could not find attributes for ezekiel alladoh (Idrottsföreningen  Brommapojkarna, 2024)
[4525771] Failed to build match row: Idrottsföreningen  Brommapojkarna vs Östers IF
[4089571] Could not find attributes for yeni ngbakoto (Vejle Boldklub, 2023)
[4089571] Failed to build match row: Vejle Boldklub vs Hvidovre IF
[3589598] Could not find attributes for nabil bentaleb (Angers Sporting Club de l'Ouest, 2021)
[3589598] Failed to build match row: Angers Sporting Club de l'Ouest vs Montpellier HSC
[3583501] Failed to scrape lineup: https://www.transfermarkt.co.uk/spielbericht/index/spielbericht/3583501
[4364463] Failed to scrape lineup: https://www.transfermarkt.co.uk/dynamo-moscow_fakel-voronezh/index/spielbericht/4364463
[4403387] Failed to scrape lineup: https://www.transfermarkt.co.uk/asteras-aktor_panathinaikos-fc/index/spielbericht/4403387
[4648388] Could not find attributes for alexander priesborg (Silkeborg Idrætsforening, 2025)
[4648388] Failed to build match row: Silkeborg Idrætsforening vs Viborg Fodsports Forening
[4393276] Could not find attributes for malcom bokele (Göztepe Sportif Yatırımlar A.Ş., 2024)
[4393276] Failed to build match row: Göztepe Sportif Yatırımlar A.Ş. vs Kasımpaşa A.Ş.
[3421015] Could not find attributes for oleksandr ilyushchenkov (PFK Lviv, 2020)
[4368808] Could not find attributes for dmytro ledviy (FC Rukh Lviv, 2024)
[3421015] Failed to build match row: PFK Lviv vs Olimpik Donetsk
[4368808] Failed to build match row: FC Shakhtar Donetsk vs FC Rukh Lviv
[3598251] Could not find attributes for lior refaelov (Royal Sporting Club Anderlecht, 2021)
[3598251] Failed to build match row: Beerschot VA vs Royal Sporting Club Anderlecht
[4204020] Could not find attributes for javier rabanillo (CD Guijuelo, 2023)
[3631781] Could not find attributes for eglant haxho (FC Prishtina, 2021)
[3631781] Failed to build match row: FC Prishtina vs Fotballklubben Bodø/Glimt
[3909958] Could not find attributes for bogdan sarnavskyi (FK Kryvbas Kryvyi Rig, 2022)
[4204020] Failed to build match row: CD Guijuelo vs Sporting Gijón
[3909958] Failed to build match row: FK Kryvbas Kryvyi Rig vs FC Minaj
[4640942] Could not find attributes for zeljko samcovic (Fudbalski Klub Novi Pazar, 2025)
[4640942] Failed to build match row: Fudbalski Klub Novi Pazar vs Fudbalski Klub Radnički Niš
[4410822] Could not find attributes for milan borjan (Al-Riyadh Saudi Club, 2024)
[4634259] Failed to scrape lineup: https://www.transfermarkt.co.uk/fc-augsburg_sv-werder-bremen/index/spielbericht/4634259
[3605277] Failed to scrape lineup: https://www.transfermarkt.co.uk/fc-barcelona_levante-ud/index/spielbericht/3605277
[4410822] Failed to build match row: Al-Hilal Saudi Football Club vs Al-Riyadh Saudi Club
[3836641] Could not find attributes for marko alchevski (AP Brera, 2022)
[3836641] Failed to build match row: AP Brera vs Klub Sportowy Lechia Gdańsk
[4699164] Could not find attributes for maksim edapin (FC Tyumen, 2025)
[4699164] Failed to build match row: FC Tyumen vs Ilpar Ilyinsky
[4150598] Failed to scrape lineup: https://www.transfermarkt.co.uk/pas-lamia-1964_olympiacos-piraeus/index/spielbericht/4150598
[4716157] Could not find attributes for baboucarr gaye (Shkendija Tetovo, 2025)
[4716157] Failed to build match row: Shkendija Tetovo vs Slovan Bratislava
[4766959] Could not find attributes for dario denis (Boyacá Chicó FC, 2025)
[4766959] Failed to build match row: Boyacá Chicó FC vs Millonarios FC
[3683415] Could not find attributes for enver spijodic (ACV Assen, 2021)
[3683415] Failed to build match row: ACV Assen vs MVV Maastricht
[4112865] Could not find attributes for marvin park (UD Las Palmas, 2023)
[4112865] Failed to build match row: Athletic Club Bilbao vs UD Las Palmas
[4445141] Failed to scrape lineup: https://www.transfermarkt.co.uk/spielbericht/index/spielbericht/4445141
[4502590] Failed to scrape lineup: https://www.transfermarkt.co.uk/spielbericht/index/spielbericht/4502590
[4649420] Could not find attributes for jack butland (Rangers Football Club, 2025)
[4649420] Failed to build match row: Rangers Football Club vs Falkirk Football & Athletic Club
[4393277] Could not find attributes for malcom bokele (Göztepe Sportif Yatırımlar A.Ş., 2024)
[4393277] Failed to build match row: Göztepe Sportif Yatırımlar A.Ş. vs Antalyaspor
[3963059] Could not find attributes for joao pinto (CD Feirense, 2022)
[3963059] Failed to build match row: CD Feirense vs Clube Desportivo Santa Clara
[3845113] Could not find attributes for emil konradsen ceide (Unione Sportiva Sassuolo Calcio, 2022)
[3845113] Failed to build match row: Unione Sportiva Sassuolo Calcio vs Associazione Calcio Fiorentina
[4716158] Could not find attributes for baboucarr gaye (Shkendija Tetovo, 2025)
[4716158] Failed to build match row: Shkendija Tetovo vs Jagiellonia-Bialystok Sportowa Spólka Akcyjna
[4374042] Could not find attributes for mats hummels (Associazione Sportiva Roma, 2024)
[4374042] Failed to build match row: Associazione Sportiva Roma vs Atalanta Bergamasca Calcio S.p.a.
[4623589] Failed to scrape lineup: https://www.transfermarkt.co.uk/spielbericht/index/spielbericht/4623589
[4640943] Could not find attributes for ognjen cancarevic (Fudbalski Klub IMT Novi Beograd, 2025)
[4640943] Failed to build match row: Fudbalski Klub IMT Novi Beograd vs Fudbalski klub Crvena zvezda Beograd
[3451472] Failed to scrape lineup: https://www.transfermarkt.co.uk/villarreal-cf_sevilla-fc/index/spielbericht/3451472

Keepers & outfield error for **Associazione Sportiva Roma** in Juventus Football Club vs Associazione Sportiva Roma: Numbers: 0 and 11.
[3412928] Failed to scrape lineup: https://www.transfermarkt.co.uk/rb-leipzig_vfb-stuttgart/index/spielbericht/3412928
[4089572] Could not find attributes for lubambo musonda (Silkeborg Idrætsforening, 2023)
[4089572] Failed to build match row: Silkeborg Idrætsforening vs Lyngby Boldklub
[3631790] Could not find attributes for eglant haxho (FC Prishtina, 2021)
[3614596] Failed to build match row: Juventus Football Club vs Associazione Sportiva Roma
[4361867] Could not find attributes for arpad tordai (FK Zalgiris Vilnius, 2024)
[3631790] Failed to build match row: Fotballklubben Bodø/Glimt vs FC Prishtina
[4361867] Failed to build match row: FK Zalgiris Vilnius vs Vaasan Palloseura
[3429843] Failed to scrape lineup: https://www.transfermarkt.co.uk/brighton-amp-hove-albion_west-ham-united/index/spielbericht/3429843
[4150599] Could not find attributes for domagoj vida (Athlitiki Enosi Konstantinoupoleos, 2023)
[4403388] Could not find attributes for giannis gelios (Athens Kallithea, 2024)
[4150599] Failed to build match row: Athlitiki Enosi Konstantinoupoleos vs PAS Giannina
[4403388] Failed to build match row: Athens Kallithea vs APO Levadiakos Football Club
[4625813] Could not find attributes for joao palhinha (Tottenham Hotspur Football Club, 2025)

Keepers & outfield error for **Gaziantep Futbol Kulübü A.Ş.** in Gaziantep Futbol Kulübü A.Ş. vs Bodrum FK: Numbers: 2 and 9.
[4625813] Failed to build match row: West Ham United Football Club vs Tottenham Hotspur Football Club
[3487514] Failed to scrape lineup: https://www.transfermarkt.co.uk/spielbericht/index/spielbericht/3487514
[4393278] Failed to build match row: Gaziantep Futbol Kulübü A.Ş. vs Bodrum FK
[4355924] Failed to scrape lineup: https://www.transfermarkt.co.uk/rakow-czestochowa_lech-poznan/index/spielbericht/4355924
[4098955] Could not find attributes for sergiy sydorchuk (Koninklijke Voetbal Club Westerlo, 2023)
[3836642] Could not find attributes for tun bardhoku (FC Drita, 2022)
[3836642] Failed to build match row: FC Drita vs FC Inter Turku
[4098955] Failed to build match row: Koninklijke Voetbal Club Westerlo vs Royal Antwerp Football Club
[4634261] Could not find attributes for rani khedira (1. Fußballclub Union Berlin, 2025)
[4803419] Failed to scrape lineup: https://www.transfermarkt.co.uk/gwangju-fc_fc-anyang/index/spielbericht/4803419
[4525774] Failed to scrape lineup: https://www.transfermarkt.co.uk/bk-hacken_halmstads-bk/index/spielbericht/4525774
[4634261] Failed to build match row: 1. Fußball-Club Köln vs 1. Fußballclub Union Berlin
[4126913] Could not find attributes for grigoriy kevaev (Dinamo Kirov, 2023)
[4126913] Failed to build match row: Dinamo Kirov vs Composite Pavlovskiy Posad
[4699165] Could not find attributes for rustem klimanov (Legion-Dinamo Makhachkala, 2025)
[4699165] Failed to build match row: Legion-Dinamo Makhachkala vs Alania Vladikavkaz
[3589599] Failed to scrape lineup: https://www.transfermarkt.co.uk/stade-brestois-29_fc-girondins-bordeaux/index/spielbericht/3589599
[4364464] Failed to scrape lineup: https://www.transfermarkt.co.uk/lokomotiv-moscow_akron-tolyatti/index/spielbericht/4364464
[3583502] Failed to scrape lineup: https://www.transfermarkt.co.uk/spielbericht/index/spielbericht/3583502
[4582169] Could not find attributes for joao silva (Sport Club do Recife, 2024)
[4640944] Could not find attributes for zeljko samcovic (Fudbalski Klub Novi Pazar, 2025)
[4582169] Failed to build match row: Sport Club do Recife vs Fortaleza Esporte Clube
[4648389] Failed to scrape lineup: https://www.transfermarkt.co.uk/fc-midtjylland_fc-copenhagen/index/spielbericht/4648389
[3421016] Failed to scrape lineup: https://www.transfermarkt.co.uk/fc-minaj_vorskla-poltava/index/spielbericht/3421016

[4640944] Failed to build match row: Fudbalski Klub Novi Pazar vs Fudbalski Klub Spartak Ždrepčeva krv
[4095992] Could not find attributes for anthony losilla (VfL Bochum, 2023)
[4403389] Could not find attributes for julian cuesta (Aris Thessalonikis, 2024)
[3598252] Failed to scrape lineup: https://www.transfermarkt.co.uk/r-charleroi-sc_oud-heverlee-leuven/index/spielbericht/3598252

Keepers & outfield error for **Leeds United Association Football Club** in Burnley Football Club vs Leeds United Association Football Club: Numbers: 2 and 9.
[4403389] Failed to build match row: Aris Thessalonikis vs APS Atromitos Athinon
[4095992] Failed to build match row: Fußball-Club Augsburg 1907 vs VfL Bochum
[3909959] Failed to scrape lineup: https://www.transfermarkt.co.uk/vorskla-poltava_chornomorets-odesa/index/spielbericht/3909959
[3429844] Failed to build match row: Burnley Football Club vs Leeds United Association Football Club
[4410823] Failed to scrape lineup: https://www.transfermarkt.co.uk/al-ettifaq-fc_al-fateh-sc/index/spielbericht/4410823
[4204021] Failed to scrape lineup: https://www.transfermarkt.co.uk/spielbericht/index/spielbericht/4204021
[3433553] Failed to scrape lineup: https://www.transfermarkt.co.uk/parma-calcio-1913_us-sassuolo/index/spielbericht/3433553
[3886654] Failed to scrape lineup: https://www.transfermarkt.co.uk/ca-osasuna_real-sociedad/index/spielbericht/3886654
[3683416] Failed to scrape lineup: https://www.transfermarkt.co.uk/spielbericht/index/spielbericht/3683416
[3451474] Could not find attributes for miguel atienza (SD Eibar, 2020)
[3451474] Failed to build match row: SD Eibar vs Futbol Club Barcelona
[4364465] Could not find attributes for giorgiy shelia (RFK Akhmat Grozny, 2024)
[4364465] Failed to build match row: RFK Akhmat Grozny vs FK Krasnodar
[4640945] Could not find attributes for lazar kalicanin (Fudbalski klub Čukarički Beograd, 2025)
[4640945] Failed to build match row: Fudbalski klub Čukarički Beograd vs Fudbalski klub Radnik Surdulica
[4649421] Failed to scrape lineup: https://www.transfermarkt.co.uk/aberdeen-fc_motherwell-fc/index/spielbericht/4649421
[4716159] Failed to scrape lineup: https://www.transfermarkt.co.uk/spielbericht/index/spielbericht/4716159
[4623590] Failed to scrape lineup: https://www.transfermarkt.co.uk/spielbericht/index/spielbericht/4623590
[3589600] Could not find attributes for saif eddine khaoui (Clermont Foot 63, 2021)
[4403390] Could not find attributes for pavlos correa (Volou Neos Podosferikos Syllogos, 2024)
[3631823] Could not find attributes for lazare kupatadze (Dinamo Batumi, 2021)
[4089915] Could not find attributes for yakiv kinareykin (SC Dnipro-1, 2023)
[3589600] Failed to build match row: Clermont Foot 63 vs Olympique Lyonnais
[3631823] Failed to build match row: Dinamo Batumi vs Sivasspor
[4699166] Could not find attributes for dmitriy saganovich (Mashuk-KMV Pyatigorsk, 2025)
[4089915] Failed to build match row: SC Dnipro-1 vs Panathinaikos Athlitikos Omilos
[4403390] Failed to build match row: Olympiakos Syndesmos Filathlon Peiraios vs Volou Neos Podosferikos Syllogos
[3614597] Failed to scrape lineup: https://www.transfermarkt.co.uk/ss-lazio_inter-milan/index/spielbericht/3614597
[4361869] Could not find attributes for matevz vidovsek (NK Olimpija Ljubljana, 2024)
[4361869] Failed to build match row: NK Olimpija Ljubljana vs FK Polissya Zhytomyr
[4766960] Could not find attributes for miguel ortega (Llaneros FC, 2025)
[3412930] Could not find attributes for makoto hasebe (Eintracht Frankfurt Fußball AG, 2020)
[3451475] Could not find attributes for antonio barragan (Elche Club de Fútbol S.A.D., 2020)
[4699166] Failed to build match row: Mashuk-KMV Pyatigorsk vs Spartak Nalchik
[4766960] Failed to build match row: Llaneros FC vs Envigado FC
[4368810] Could not find attributes for pavlo isenko (Vorskla Poltava, 2024)
[3451475] Failed to build match row: Elche Club de Fútbol S.A.D. vs Athletic Club Bilbao
[4364466] Could not find attributes for nikita medvedev (FK Nizhny Novgorod, 2024)
[3598253] Could not find attributes for siebe wylin (KV Oostende, 2021)
[3433554] Could not find attributes for ardian ismajli (Spezia Calcio, 2020)
[4368810] Failed to build match row: Vorskla Poltava vs Ingulets Petrove
[4364466] Failed to build match row: FK Nizhny Novgorod vs FC Rubin Kazan
[3412930] Failed to build match row: Bayer 04 Leverkusen Fußball vs Eintracht Frankfurt Fußball AG
[3598253] Failed to build match row: KV Oostende vs Koninklijke Racing Club Genk
[3433554] Failed to build match row: Spezia Calcio vs Torino Calcio

Keepers & outfield error for **Atalanta Bergamasca Calcio S.p.a.** in Atalanta Bergamasca Calcio S.p.a. vs Associazione Calcio Milan: Numbers: 2 and 9.
[4374045] Failed to build match row: Atalanta Bergamasca Calcio S.p.a. vs Associazione Calcio Milan
[3583503] Could not find attributes for mihkel aksalu (Paide Linnameeskond, 2021)
[3583503] Failed to build match row: Paide Linnameeskond vs Slask Wroclaw
[3487515] Failed to scrape lineup: https://www.transfermarkt.co.uk/spielbericht/index/spielbericht/3487515
[4525777] Failed to scrape lineup: https://www.transfermarkt.co.uk/ifk-varnamo_djurgardens-if/index/spielbericht/4525777
[3839700] Could not find attributes for remko pasveer (AFC Ajax Amsterdam, 2022)
[3909960] Could not find attributes for bogdan kogut (NK Veres Rivne, 2022)
[3839700] Failed to build match row: AFC Ajax Amsterdam vs Sportclub Heerenveen
[3909960] Failed to build match row: NK Veres Rivne vs Metalist Kharkiv
Not enough players found for lineup: 0, 11.
[3683417] Failed to scrape lineup: https://www.transfermarkt.co.uk/spielbericht/index/spielbericht/3683417
[4393279] Could not find attributes for rachid ghezzal (Çaykur Rizespor Kulübü, 2024)
[4393279] Failed to build match row: İstanbul Başakşehir Futbol Kulübü vs Çaykur Rizespor Kulübü
[4640946] Could not find attributes for lazar kalicanin (Fudbalski klub Čukarički Beograd, 2025)
[4640946] Failed to build match row: Fudbalski klub Čukarički Beograd vs Fudbalski klub Crvena zvezda Beograd
[4502591] Could not find attributes for ayumu yokoyama (Birmingham City, 2024)
[4502591] Failed to build match row: Birmingham City vs Lincoln City

Keepers & outfield error for **Udinese Calcio** in Udinese Calcio vs Juventus Football Club: Numbers: 2 and 9.
[4645841] Failed to scrape lineup: https://www.transfermarkt.co.uk/ca-osasuna_deportivo-alaves/index/spielbericht/4645841
[3845115] Failed to build match row: Udinese Calcio vs Juventus Football Club
[4364467] Could not find attributes for nikolay sysuev (FC Orenburg, 2024)
[4364467] Failed to build match row: FC Orenburg vs FK Spartak Moskva
[3429846] Could not find attributes for marc albrighton (Leicester City, 2020)
[3429846] Failed to build match row: Manchester United Football Club vs Leicester City
[4582170] Failed to scrape lineup: https://www.transfermarkt.co.uk/fluminense-football-club_cruzeiro-esporte-clube/index/spielbericht/4582170
[4525778] Could not find attributes for yannick geiger (Allmänna Idrottsklubben, 2024)
[4410824] Failed to scrape lineup: https://www.transfermarkt.co.uk/al-khaleej-fc_al-taawoun-fc/index/spielbericht/4410824
[3836643] Failed to scrape lineup: https://www.transfermarkt.co.uk/spielbericht/index/spielbericht/3836643
[4803420] Failed to scrape lineup: https://www.transfermarkt.co.uk/ulsan-hd-fc_daejeon-hana-citizen/index/spielbericht/4803420
[4525778] Failed to build match row: Allmänna Idrottsklubben vs Östers IF
[4699167] Failed to scrape lineup: https://www.transfermarkt.co.uk/spielbericht/index/spielbericht/4699167

Keepers & outfield error for **Associazione Calcio Fiorentina** in Associazione Calcio Fiorentina vs Cagliari Calcio: Numbers: 0 and 11.
[4095994] Failed to scrape lineup: https://www.transfermarkt.co.uk/bayern-munich_bayer-04-leverkusen/index/spielbericht/4095994
[4204022] Failed to scrape lineup: https://www.transfermarkt.co.uk/spielbericht/index/spielbericht/4204022
[4374046] Failed to build match row: Associazione Calcio Fiorentina vs Cagliari Calcio

Keepers & outfield error for **Club Atlético de Madrid S.A.D.** in Real Valladolid CF vs Club Atlético de Madrid S.A.D.: Numbers: 2 and 9.
[4393280] Could not find attributes for luccas claro (Eyüp Spor Kulübü, 2024)
[3886656] Failed to build match row: Real Valladolid CF vs Club Atlético de Madrid S.A.D.
[4393280] Failed to build match row: Eyüp Spor Kulübü vs Alanyaspor
[4625815] Failed to scrape lineup: https://www.transfermarkt.co.uk/afc-bournemouth_newcastle-united/index/spielbericht/4625815
[4355926] Failed to scrape lineup: https://www.transfermarkt.co.uk/gks-katowice_motor-lublin/index/spielbericht/4355926

Keepers & outfield error for **SD Huesca** in SD Huesca vs Valencia Club de Fútbol S. A. D.: Numbers: 0 and 11.
[3451477] Failed to build match row: SD Huesca vs Valencia Club de Fútbol S. A. D.
[4649422] Failed to scrape lineup: https://www.transfermarkt.co.uk/celtic-fc_kilmarnock-fc/index/spielbericht/4649422
[4403391] Could not find attributes for bressan (Omilos Filathlon Irakliou FC, 2024)
[3429847] Could not find attributes for conor gallagher (West Bromwich Albion, 2020)
[4403391] Failed to build match row: Omilos Filathlon Irakliou FC vs Athlitiki Enosi Konstantinoupoleos
[3429847] Failed to build match row: West Bromwich Albion vs Liverpool Football Club
[4126914] Could not find attributes for aleksandr ryabinkin (FC Kolomna, 2023)
[4126914] Failed to build match row: FC Kolomna vs Kvant Obninsk
[3487516] Could not find attributes for josin martinez (CD Guijuelo, 2020)
[3909961] Could not find attributes for max walef (SC Dnipro-1, 2022)
Not enough players found for lineup: 0, 11.
[3909961] Failed to build match row: SC Dnipro-1 vs FC Zorya Lugansk
[3683418] Failed to scrape lineup: https://www.transfermarkt.co.uk/spielbericht/index/spielbericht/3683418
[3487516] Failed to build match row: CD Guijuelo vs Real Club Deportivo Mallorca S.A.D.
[3421694] Failed to scrape lineup: https://www.transfermarkt.co.uk/brighton-amp-hove-albion_manchester-united/index/spielbericht/3421694
[4640947] Could not find attributes for sasa stamenkovic (Fudbalski Klub Mladost Lučani, 2025)
[4640947] Failed to build match row: Fudbalski Klub Mladost Lučani vs Fudbalski Klub Spartak Ždrepčeva krv
[3631824] Failed to scrape lineup: https://www.transfermarkt.co.uk/spielbericht/index/spielbericht/3631824
[3589601] Failed to scrape lineup: https://www.transfermarkt.co.uk/rc-lens_as-monaco/index/spielbericht/3589601
[4623591] Could not find attributes for phillip diestel (VfB Lübeck, 2025)
[4623591] Failed to build match row: VfB Lübeck vs SV Darmstadt 98

Keepers & outfield error for **Villarreal Club de Fútbol S.A.D.** in Villarreal Club de Fútbol S.A.D. vs Futbol Club Barcelona: Numbers: 0 and 11.
[4645843] Failed to build match row: Villarreal Club de Fútbol S.A.D. vs Futbol Club Barcelona
[3839701] Could not find attributes for mike van duinen (Excelsior Rotterdam, 2022)
[4368811] Failed to scrape lineup: https://www.transfermarkt.co.uk/lnz-cherkasy_nk-veres-rivne/index/spielbericht/4368811
[4766961] Failed to scrape lineup: https://www.transfermarkt.co.uk/independiente-santa-fe_alianza-fc/index/spielbericht/4766961
[3839701] Failed to build match row: Excelsior Rotterdam vs FC Emmen
[3860384] Failed to scrape lineup: https://www.transfermarkt.co.uk/umraniyespor_adana-demirspor/index/spielbericht/3860384
[4582171] Could not find attributes for vitinho (S. A. F. Botafogo, 2024)
[4582171] Failed to build match row: S. A. F. Botafogo vs Esporte Clube Vitória
[4410825] Could not find attributes for gaetan coucke (Al-Orobah FC, 2024)
[4410825] Failed to build match row: Al-Orobah FC vs Al-Kholood Club
[4649423] Could not find attributes for jack butland (Rangers Football Club, 2025)
[4649423] Failed to build match row: Dundee Football Club vs Rangers Football Club
[4361870] Could not find attributes for elvin badalov (Sumgayit PFC, 2024)
[4361870] Failed to build match row: Sumgayit PFC vs Videoton FC
[4803421] Could not find attributes for sung yun gu (Football Club Seoul, 2025)
[4803421] Failed to build match row: Football Club Seoul vs Gimcheon Sangmu Football Club
[4393281] Could not find attributes for arseniy batagov (Trabzonspor Kulübü, 2024)
[4393281] Failed to build match row: Trabzonspor Kulübü vs Sivasspor
[4640948] Could not find attributes for lazar balevic (Fudbalski klub Napredak Kruševac, 2025)
[4640948] Failed to build match row: Fudbalski klub Napredak Kruševac vs Omladinski fudbalski klub Beograd

Keepers & outfield error for **Eintracht Frankfurt Fußball AG** in Eintracht Frankfurt Fußball AG vs Borussia Dortmund: Numbers: 0 and 11.
[4634265] Failed to build match row: Eintracht Frankfurt Fußball AG vs Borussia Dortmund

Keepers & outfield error for **Futebol Clube de Arouca** in Clube Desportivo Santa Clara vs Futebol Clube de Arouca: Numbers: 2 and 9.
[3963065] Failed to build match row: Clube Desportivo Santa Clara vs Futebol Clube de Arouca
[4403392] Could not find attributes for luka gugeshashvili (Panserraikos Serres, 2024)
[4403392] Failed to build match row: Panserraikos Serres vs Panthessalonikios Athlitikos Omilos Konstantinoupoliton
[4648393] Could not find attributes for sofus johannesen (Fodbold Club Fredericia, 2025)
[4648393] Failed to build match row: Fodbold Club Fredericia vs Fodbold Club Midtjylland
[4625816] Could not find attributes for joao palhinha (Tottenham Hotspur Football Club, 2025)
[4625816] Failed to build match row: Brighton and Hove Albion Football Club vs Tottenham Hotspur Football Club
[4649424] Could not find attributes for mahamadou susoho (Livingston Football Club, 2025)
[4649424] Failed to build match row: Falkirk Football & Athletic Club vs Livingston Football Club
[4098958] Could not find attributes for parfait guiagon (Royal Charleroi Sporting Club, 2023)
[4716162] Could not find attributes for zlatan alomerovic (AEK Larnaca, 2025)
[3845154] Could not find attributes for daniele montevago (UC Sampdoria, 2022)
[4098958] Failed to build match row: Club Brugge Koninklijke Voetbalvereniging vs Royal Charleroi Sporting Club
[4089917] Could not find attributes for tonny vilhena (Panathinaikos Athlitikos Omilos, 2023)
[4716162] Failed to build match row: BK Häcken vs AEK Larnaca
[4089917] Failed to build match row: Panathinaikos Athlitikos Omilos vs SC Dnipro-1
[3845154] Failed to build match row: UC Sampdoria vs Associazione Calcio Fiorentina
[3605283] Could not find attributes for aleix vidal (Espanol, 2021)
[4393282] Could not find attributes for riechedly bazoer (Konyaspor, 2024)
[4445146] Could not find attributes for matteo dams (Eindhovense Voetbalvereniging Philips Sport Vereniging, 2024)
[3963074] Could not find attributes for soufiane messeguem (Académico Viseu FC, 2022)
[4355928] Failed to scrape lineup: https://www.transfermarkt.co.uk/jagiellonia-bialystok_cracovia/index/spielbericht/4355928
[3433557] Could not find attributes for filippo melegoni (Genoa Cricket and Football Club, 2020)
[4445146] Failed to build match row: Stade brestois 29 vs Eindhovense Voetbalvereniging Philips Sport Vereniging
[3963074] Failed to build match row: Académico Viseu FC vs Clube Desportivo de Tondela
[3886658] Failed to scrape lineup: https://www.transfermarkt.co.uk/real-madrid_ud-almeria/index/spielbericht/3886658
[4393282] Failed to build match row: Konyaspor vs Kasımpaşa A.Ş.
[3433557] Failed to build match row: Cagliari Calcio vs Genoa Cricket and Football Club
[4582172] Could not find attributes for weverton (Sociedade Esportiva Palmeiras, 2024)
[4699168] Could not find attributes for sergey kopylov (Kuban Holding Pavlovskaya, 2025)
[4410826] Could not find attributes for milan borjan (Al-Riyadh Saudi Club, 2024)
[3605283] Failed to build match row: Sevilla Fútbol Club S.A.D. vs Espanol
[4410826] Failed to build match row: Al-Shabab Club vs Al-Riyadh Saudi Club

Keepers & outfield error for **Aston Villa Football Club** in Crystal Palace Football Club vs Aston Villa Football Club: Numbers: 0 and 11.
[4582172] Failed to build match row: Sociedade Esportiva Palmeiras vs Mirasol Futebol Clube
[4699168] Failed to build match row: Kuban Holding Pavlovskaya vs Nart Cherkessk
[3429849] Failed to build match row: Crystal Palace Football Club vs Aston Villa Football Club
[4368812] Could not find attributes for andrey kozhukhar (NK Veres Rivne, 2024)
[4204023] Could not find attributes for alex cano (CE Europa, 2023)
[4204023] Failed to build match row: CE Europa vs Elche Club de Fútbol S.A.D.
[4640949] Could not find attributes for nikola simic (Fudbalski klub TSC Bačka Topola, 2025)
[4368812] Failed to build match row: NK Veres Rivne vs FC Rukh Lviv
[4502592] Could not find attributes for josuha guilavogui (Leeds United Association Football Club, 2024)
[3836644] Could not find attributes for emil timbur (FC Milsami Orhei, 2022)
[4640949] Failed to build match row: Fudbalski klub TSC Bačka Topola vs Fudbalski klub Crvena zvezda Beograd
[4623592] Could not find attributes for lukas muller (FV Engers 07, 2025)
[4502592] Failed to build match row: Leeds United Association Football Club vs Harrogate Town
[3836644] Failed to build match row: FC Milsami Orhei vs FK Panevezys
[4525780] Could not find attributes for simon eriksson (Idrottsföreningen Elfsborg, 2024)

Keepers & outfield error for **Club Atlético Osasuna** in Club Atlético Osasuna vs Real Sociedad de Fútbol S.A.D.: Numbers: 0 and 11.
[4126915] Could not find attributes for maksim petrov (Ilpar Ilyinsky, 2023)
[4525780] Failed to build match row: Idrottsföreningen Elfsborg vs Idrottsföreningen Kamraterna Göteborg
[3451479] Failed to build match row: Club Atlético Osasuna vs Real Sociedad de Fútbol S.A.D.
[4126915] Failed to build match row: Ilpar Ilyinsky vs Torpedo Miass
[4623592] Failed to build match row: FV Engers 07 vs Eintracht Frankfurt Fußball AG
[3860385] Could not find attributes for engin can aksoy (Hatayspor, 2022)

Keepers & outfield error for **Real Betis Balompié S.A.D.** in Real Betis Balompié S.A.D. vs Girona Fútbol Club S. A. D.: Numbers: 0 and 11.
[3860385] Failed to build match row: Hatayspor vs Kasımpaşa A.Ş.
[3598256] Could not find attributes for mousa tamari (Oud-Heverlee Leuven, 2021)
[3598256] Failed to build match row: Oud-Heverlee Leuven vs Cercle Brugge Koninklijke Sportvereniging
[4112867] Failed to build match row: Real Betis Balompié S.A.D. vs Girona Fútbol Club S. A. D.
[3683419] Could not find attributes for rody de boer (Roda JC Kerkrade, 2021)
[3683419] Failed to build match row: Roda JC Kerkrade vs FC Den Bosch
[4803423] Could not find attributes for kyung sub park (Incheon United Football Club, 2025)
[4803423] Failed to build match row: Incheon United Football Club vs Gangwon Football Club
[3909962] Could not find attributes for kostyantyn vivcharenko (Futbolniy Klub Dynamo Kyiv, 2022)
[3909962] Failed to build match row: Futbolniy Klub Dynamo Kyiv vs FC Rukh Lviv
[4766962] Could not find attributes for juan avalo (Rionegro Águilas, 2025)
[4766962] Failed to build match row: Rionegro Águilas vs Deportes Tolima
[4410827] Could not find attributes for hussain al zarie (Al-Fateh Club, 2024)
[4410827] Failed to build match row: Al-Hilal Saudi Football Club vs Al-Fateh Club
[4634267] Failed to scrape lineup: https://www.transfermarkt.co.uk/sv-werder-bremen_tsg-1899-hoffenheim/index/spielbericht/4634267
[3598257] Failed to scrape lineup: https://www.transfermarkt.co.uk/rfc-seraing_royal-antwerp-fc/index/spielbericht/3598257
[3583504] Could not find attributes for vytautas cerniauskas (FC RFS, 2021)
[4403393] Could not find attributes for alvaro raton (PAS Lamia 1964, 2024)
[3583504] Failed to build match row: FC RFS vs KÍ Klaksvík
[4403393] Failed to build match row: PAS Lamia 1964 vs Panetolikos Agrinio
[3487517] Could not find attributes for santi figueroa (Pontevedra CF, 2020)
[3487517] Failed to build match row: Pontevedra CF vs FC Cartagena
[4361871] Could not find attributes for otso virtanen (Ilves Tampere, 2024)
[4361871] Failed to build match row: Ilves Tampere vs Fußballklub Austria Wien
[4368813] Could not find attributes for yevgeniy kucherenko (LNZ Cherkasy, 2024)
[4525782] Could not find attributes for etrit berisha (BK Häcken, 2024)
[4525782] Failed to build match row: BK Häcken vs Djurgårdens Idrottsförening
[4368813] Failed to build match row: LNZ Cherkasy vs FK Obolon Kyiv

Keepers & outfield error for **Venezia FC** in Venezia FC vs Associazione Calcio Fiorentina: Numbers: 0 and 11.
[3614602] Failed to build match row: Venezia FC vs Associazione Calcio Fiorentina
[4112868] Could not find attributes for chris ramos (Cádiz CF, 2023)
[4645845] Could not find attributes for jose gaya (Valencia Club de Fútbol S. A. D., 2025)
[4645845] Failed to build match row: Valencia Club de Fútbol S. A. D. vs Real Club Deportivo Mallorca S.A.D.
[4112868] Failed to build match row: Cádiz CF vs Real Sociedad de Fútbol S.A.D.
[4393283] Could not find attributes for tolga kalender (Adana Demirspor, 2024)

Keepers & outfield error for **Jeju SK Football Club** in Jeju SK Football Club vs Jeonbuk Hyundai Motors: Numbers: 0 and 11.
[4364468] Could not find attributes for aleksandr filin (FC Khimki (-2025), 2024)
[4364468] Failed to build match row: FC Khimki (-2025) vs Dinamo Makhachkala
[4803424] Failed to build match row: Jeju SK Football Club vs Jeonbuk Hyundai Motors
[4393283] Failed to build match row: Adana Demirspor vs Fenerbahçe Spor Kulübü
[4625818] Failed to scrape lineup: https://www.transfermarkt.co.uk/fulham-fc_brentford-fc/index/spielbericht/4625818

Keepers & outfield error for **Santos Futebol Clube** in Santos Futebol Clube vs Clube de Regatas do Flamengo: Numbers: 0 and 11.
[4582173] Failed to build match row: Santos Futebol Clube vs Clube de Regatas do Flamengo
[4502593] Could not find attributes for liam walsh (Luton Town, 2024)
[4502593] Failed to build match row: Nottingham Forest Football Club vs Luton Town
[3836645] Could not find attributes for marko kordic (FK Iskra Danilovgrad, 2022)
[4150600] Could not find attributes for ervin zukanovic (A.G.S Asteras Tripolis, 2023)
[3836645] Failed to build match row: FK Iskra Danilovgrad vs KF Laçi
[4095999] Could not find attributes for pavel kaderabek (Turn- und Sportgemeinschaft 1899 Hoffenheim Fußball-Spielbetriebs, 2023)
[4150600] Failed to build match row: A.G.S Asteras Tripolis vs Athlitiki Enosi Kifisias
[4648395] Could not find attributes for ismahila ouedraogo (Odense Boldklub, 2025)
[4095999] Failed to build match row: 1. Fußball-Club Köln vs Turn- und Sportgemeinschaft 1899 Hoffenheim Fußball-Spielbetriebs
[3598258] Could not find attributes for robert bauer (St Truiden, 2021)
[4648395] Failed to build match row: Odense Boldklub vs Brøndby Idrætsforening
[4445148] Could not find attributes for dominik takac (Slovan Bratislava, 2024)
[3598258] Failed to build match row: Royale Union Saint-Gilloise vs St Truiden
[4445148] Failed to build match row: Slovan Bratislava vs Manchester City Football Club
[4098960] Could not find attributes for mark mampassi (KV Kortrijk, 2023)
[4403394] Could not find attributes for domagoj vida (Athlitiki Enosi Konstantinoupoleos, 2024)
[4098960] Failed to build match row: KV Kortrijk vs Royal Sporting Club Anderlecht
[4403394] Failed to build match row: Athlitiki Enosi Konstantinoupoleos vs Aris Thessalonikis
[4525783] Could not find attributes for abdullah iqbal (Mjällby Almänna Idrottsförening, 2024)
[4640950] Failed to scrape lineup: https://www.transfermarkt.co.uk/fk-mladost-lucani_ofk-beograd/index/spielbericht/4640950
[4410828] Failed to scrape lineup: https://www.transfermarkt.co.uk/al-wehda-fc_al-qadsiah-fc/index/spielbericht/4410828
[4090198] Failed to scrape lineup: https://www.transfermarkt.co.uk/fc-copenhagen_vejle-boldklub/index/spielbericht/4090198
[4525783] Failed to build match row: Mjällby Almänna Idrottsförening vs IK Sirius
[4625819] Failed to scrape lineup: https://www.transfermarkt.co.uk/liverpool-fc_everton-fc/index/spielbericht/4625819
[4368814] Could not find attributes for ilir krasniqi (FK Kolos Kovalivka, 2024)
[4368814] Failed to build match row: FK Kolos Kovalivka vs FK Kryvbas Kryvyi Rig
[4393284] Failed to scrape lineup: https://www.transfermarkt.co.uk/hatayspor_galatasaray/index/spielbericht/4393284
[4112869] Could not find attributes for matija nastasic (Real Club Deportivo Mallorca S.A.D., 2023)

Keepers & outfield error for **Società Sportiva Lazio S.p.A.** in Unione Sportiva Sassuolo Calcio vs Società Sportiva Lazio S.p.A.: Numbers: 2 and 9.
[4112869] Failed to build match row: Real Club Deportivo Mallorca S.A.D. vs Club Atlético Osasuna
[3433559] Failed to build match row: Unione Sportiva Sassuolo Calcio vs Società Sportiva Lazio S.p.A.
[4648396] Could not find attributes for giorgi tabatadze (Vejle Boldklub, 2025)
[4649426] Could not find attributes for alexander schwolow (Heart of Midlothian Football Club, 2025)
[4648396] Failed to build match row: Vejle Boldklub vs Silkeborg Idrætsforening
[4649426] Failed to build match row: Heart of Midlothian Football Club vs Dundee United Football Club
[4126916] Could not find attributes for marat romashchenko (FShM Moskau, 2023)
[4126916] Failed to build match row: FShM Moskau vs Peresvet Domodedovo
[4364475] Could not find attributes for aleksandr selikhov (FK Spartak Moskva, 2024)
[4623593] Could not find attributes for michel witte (FV Illertissen, 2025)
[3963076] Could not find attributes for silverio (FC Penafiel, 2022)
[4645846] Failed to scrape lineup: https://www.transfermarkt.co.uk/athletic-bilbao_rcd-espanyol-barcelona/index/spielbericht/4645846
[4445149] Could not find attributes for dominik takac (Slovan Bratislava, 2024)
[3963076] Failed to build match row: FC Penafiel vs Moreirense Futebol Clube
[4364475] Failed to build match row: FK Spartak Moskva vs FK Dinamo Moskva
[4623593] Failed to build match row: FV Illertissen vs 1.FC Nuremberg
[4445149] Failed to build match row: Slovan Bratislava vs Associazione Calcio Milan
[3860386] Could not find attributes for miha zajc (Fenerbahçe Spor Kulübü, 2022)

Keepers & outfield error for **Hvidovre IF** in Hvidovre IF vs Silkeborg Idrætsforening: Numbers: 2 and 9.
[4766963] Could not find attributes for washington aguerre (Independiente Medellín, 2025)
[4090199] Failed to build match row: Hvidovre IF vs Silkeborg Idrætsforening
[3860386] Failed to build match row: Fenerbahçe Spor Kulübü vs Konyaspor
[4766963] Failed to build match row: Independiente Medellín vs CD América de Cali
[4403395] Could not find attributes for alexios kalogeropoulos (Volou Neos Podosferikos Syllogos, 2024)
[4403395] Failed to build match row: Volou Neos Podosferikos Syllogos vs PAS Lamia 1964

Keepers & outfield error for **Oud-Heverlee Leuven** in Oud-Heverlee Leuven vs Koninklijke Atletiek Associatie Gent: Numbers: 0 and 11.
[4368815] Failed to build match row: Futbolniy Klub Dynamo Kyiv vs FK Polissya Zhytomyr
[4098961] Failed to build match row: Oud-Heverlee Leuven vs Koninklijke Atletiek Associatie Gent
[4393285] Could not find attributes for jonas svensson (Beşiktaş Jimnastik Kulübü, 2024)
[4393285] Failed to build match row: Beşiktaş Jimnastik Kulübü vs Samsunspor
[3583505] Could not find attributes for adam kovacsik (Videoton FC, 2021)
[3583505] Failed to build match row: Videoton FC vs FC Ararat Yerevan
[4582174] Could not find attributes for fabinho (Red Bull Bragantino, 2024)
[4582174] Failed to build match row: Red Bull Bragantino vs São Paulo Futebol Clube
[3429851] Failed to scrape lineup: https://www.transfermarkt.co.uk/southampton-fc_fulham-fc/index/spielbericht/3429851
[3487518] Failed to scrape lineup: https://www.transfermarkt.co.uk/spielbericht/index/spielbericht/3487518
[4634269] Could not find attributes for rani khedira (1. Fußballclub Union Berlin, 2025)
[3845629] Failed to scrape lineup: https://www.transfermarkt.co.uk/ural-yekaterinburg_fc-krasnodar/index/spielbericht/3845629
[3909963] Could not find attributes for valeriy yurchuk (PFK Lviv, 2022)
[4634269] Failed to build match row: 1. Fußballclub Union Berlin vs 1. Fußball- und Sportverein Mainz 05
[3909963] Failed to build match row: PFK Lviv vs FC Shakhtar Donetsk
[4204024] Could not find attributes for marcos olguin (Marbella FC, 2023)
[4204024] Failed to build match row: Marbella FC vs Racing Ferrol
[4364476] Could not find attributes for david volk (Dinamo Makhachkala, 2024)
[4364476] Failed to build match row: Dinamo Makhachkala vs PFK Krylya Sovetov Samara
[4361872] Could not find attributes for mason melia (St. Patrick's Athletic, 2024)
[4361872] Failed to build match row: St. Patrick's Athletic vs FC Vaduz
[3421698] Could not find attributes for nampalys mendy (Leicester City, 2020)
[3421698] Failed to build match row: Manchester City Football Club vs Leicester City
[3683420] Could not find attributes for yassine azzagari (Nooit Opgeven Altijd Doorzetten Aangenaam Door Vermaak En Nuttig Door Ontspanning Combinatie Breda, 2021)
[3683420] Failed to build match row: Nooit Opgeven Altijd Doorzetten Aangenaam Door Vermaak En Nuttig Door Ontspanning Combinatie Breda vs VVV-Venlo
[3860387] Could not find attributes for arif kocaman (Kayserispor Kulübü, 2022)
[3860387] Failed to build match row: Giresunspor vs Kayserispor Kulübü
[4803425] Failed to scrape lineup: https://www.transfermarkt.co.uk/fc-anyang_bucheon-fc-1995/index/spielbericht/4803425
[3614604] Failed to scrape lineup: https://www.transfermarkt.co.uk/spielbericht/index/spielbericht/3614604
[4126917] Could not find attributes for denis dolgiy (FK Pskov, 2023)
[4126917] Failed to build match row: FK Pskov vs Luki-Energia Velikie Luki
[3412934] Could not find attributes for blendi idrizi (FC Schalke 04, 2020)
[4699169] Could not find attributes for vadim guskov (Dinamo Stavropol, 2025)
[3412934] Failed to build match row: FC Schalke 04 vs Hertha BSC
[4699169] Failed to build match row: Dinamo Stavropol vs Angusht Nazran
[4096000] Could not find attributes for anthony losilla (VfL Bochum, 2023)
[4096000] Failed to build match row: VfL Bochum vs Eintracht Frankfurt Fußball AG
[4445150] Could not find attributes for dominik takac (Slovan Bratislava, 2024)
[4445150] Failed to build match row: Slovan Bratislava vs GNK Dinamo Zagreb
[4649427] Could not find attributes for dylan lobban (Aberdeen Football Club, 2025)
[4649427] Failed to build match row: Aberdeen Football Club vs Saint Mirren Football Club
[4204025] Failed to scrape lineup: https://www.transfermarkt.co.uk/spielbericht/index/spielbericht/4204025
[4640951] Failed to scrape lineup: https://www.transfermarkt.co.uk/fk-radnicki-1923-kragujevac_fk-vojvodina-novi-sad/index/spielbericht/4640951
[4625820] Failed to scrape lineup: https://www.transfermarkt.co.uk/manchester-united_chelsea-fc/index/spielbericht/4625820
[3845630] Could not find attributes for aleksey gorodovoy (Fakel Voronezh, 2022)
[3845630] Failed to build match row: Fakel Voronezh vs FK Dinamo Moskva
[3451480] Failed to scrape lineup: https://www.transfermarkt.co.uk/real-madrid_villarreal-cf/index/spielbericht/3451480
[3886661] Failed to scrape lineup: https://www.transfermarkt.co.uk/atletico-de-madrid_cadiz-cf/index/spielbericht/3886661
[3598259] Failed to scrape lineup: https://www.transfermarkt.co.uk/zulte-waregem_rsc-anderlecht/index/spielbericht/3598259
[4150601] Failed to scrape lineup: https://www.transfermarkt.co.uk/atromitos-athens_pas-lamia-1964/index/spielbericht/4150601
[3433561] Could not find attributes for daan dierckx (Parma Calcio 1913, 2020)
[3433561] Failed to build match row: UC Sampdoria vs Parma Calcio 1913
[4410829] Failed to scrape lineup: https://www.transfermarkt.co.uk/al-okhdood-club_al-fayha-fc/index/spielbericht/4410829
[3583506] Could not find attributes for anthony stephens (Bala Town, 2021)
[4525785] Failed to scrape lineup: https://www.transfermarkt.co.uk/ifk-varnamo_hammarby-if/index/spielbericht/4525785

Keepers & outfield error for **AVS Futebol SAD** in AVS Futebol SAD vs Casa Pia Atlético Clube: Numbers: 0 and 11.
[4648637] Failed to build match row: AVS Futebol SAD vs Casa Pia Atlético Clube
[3583506] Failed to build match row: Bala Town vs Larne FC
[4096001] Could not find attributes for tim kleindienst (1. Fußballclub Heidenheim 1846, 2023)
[4649428] Could not find attributes for colby donovan (The Celtic Football Club, 2025)
[4096001] Failed to build match row: 1. Fußballclub Heidenheim 1846 vs Sportverein Werder Bremen von 1899
[4374052] Failed to scrape lineup: https://www.transfermarkt.co.uk/ssc-napoli_ss-lazio/index/spielbericht/4374052
[4649428] Failed to build match row: The Celtic Football Club vs Dundee Football Club
[4112870] Failed to scrape lineup: https://www.transfermarkt.co.uk/rayo-vallecano_valencia-cf/index/spielbericht/4112870
[4640952] Could not find attributes for nikola simic (Fudbalski klub TSC Bačka Topola, 2025)
[3631825] Could not find attributes for nikolay zabolotnyi (FK Sochi, 2021)
[4640952] Failed to build match row: Fudbalski klub TSC Bačka Topola vs Fudbalski Klub Vojvodina
[3631825] Failed to build match row: FK Sochi vs Fudbalski Klub Partizan Beograd
[4445151] Could not find attributes for dominik takac (Slovan Bratislava, 2024)
Fútbol S.A.D. vs Rayo Vallecano de Madrid S. A. D.: Numbers: 0 and 11.
[4445151] Failed to build match row: Slovan Bratislava vs Verein für Bewegungsspiele Stuttgart 1893
[3683433] Could not find attributes for hidde jurjus (De Graafschap Doetinchem, 2021)
[4645848] Failed to build match row: Elche Club de Fútbol S.A.D. vs Rayo Vallecano de Madrid S. A. D.
[3683433] Failed to build match row: Prins Hendrik Ende Desespereert Nimmer Combinatie Zwolle vs De Graafschap Doetinchem
[4361874] Could not find attributes for eldin latik (FC Progrès Niederkorn, 2024)
[4361874] Failed to build match row: Djurgårdens Idrottsförening vs FC Progrès Niederkorn
[3598260] Could not find attributes for vini souza (Yellow-Red Koninklijke Voetbalclub Mechelen, 2021)
[3598260] Failed to build match row: Yellow-Red Koninklijke Voetbalclub Mechelen vs KV Oostende
[4623594] Could not find attributes for lukas sedlak (ZFC Meuselwitz, 2025)
[4623594] Failed to build match row: ZFC Meuselwitz vs Karlsruher SC
[4090200] Failed to scrape lineup: https://www.transfermarkt.co.uk/lyngby-bk_aarhus-gf/index/spielbericht/4090200
[4410830] Could not find attributes for faycal fajr (Al-Taawoun Football Club, 2024)
[4525786] Could not find attributes for filip manojlovic (Djurgårdens Idrottsförening, 2024)
[4410830] Failed to build match row: Al-Taawoun Football Club vs Al-Nassr Football Club
[4525786] Failed to build match row: Djurgårdens Idrottsförening vs BK Häcken
[3429852] Failed to scrape lineup: https://www.transfermarkt.co.uk/tottenham-hotspur_wolverhampton-wanderers/index/spielbericht/3429852
[4803426] Could not find attributes for bae hyeon gong (Gwangju Football Club, 2025)
[4803426] Failed to build match row: Gwangju Football Club vs Foundation Coorperation Hana Financial Group Inc. Football Club
[3614605] Could not find attributes for ollie byrne (Connah's Quay Nomads, 2021)
[3614605] Failed to build match row: Connah's Quay Nomads vs FC Prishtina
[4649429] Could not find attributes for nikolaj moller (Dundee United Football Club, 2025)
[4649429] Failed to build match row: Dundee United Football Club vs Rangers Football Club
[4364477] Failed to scrape lineup: https://www.transfermarkt.co.uk/spielbericht/index/spielbericht/4364477
[4096002] Could not find attributes for marcel schuhen (SV Darmstadt 98, 2023)
[4374053] Could not find attributes for mats hummels (Associazione Sportiva Roma, 2024)
[4096002] Failed to build match row: SV Darmstadt 98 vs Mönchengladbach
[4374053] Failed to build match row: Associazione Sportiva Roma vs Unione Sportiva Lecce
[3487519] Could not find attributes for aldo one (CE L'Hospitalet, 2020)
[4204026] Could not find attributes for pedro ingles (AD Llerenense, 2023)
[3487519] Failed to build match row: CE L'Hospitalet vs UD Almería
[4634270] Could not find attributes for tomoya ando (Fußball-Club St. Pauli von 1910, 2025)
[4204026] Failed to build match row: AD Llerenense vs CD Leganés
[4634270] Failed to build match row: Fußball-Club St. Pauli von 1910 vs RasenBallsport Leipzig
[4403396] Could not find attributes for athanasios garavelis (APO Levadiakos Football Club, 2024)
[4403396] Failed to build match row: APO Levadiakos Football Club vs Panetolikos Agrinio
[4393286] Could not find attributes for yusuf akcicek (Fenerbahçe Spor Kulübü, 2024)
[4393286] Failed to build match row: Fenerbahçe Spor Kulübü vs Göztepe Sportif Yatırımlar A.Ş.
[3909964] Could not find attributes for danylo kucher (Ingulets Petrove, 2022)
[4699170] Could not find attributes for renat malomusov (FC Astrakhan, 2025)
[3909964] Failed to build match row: Ingulets Petrove vs FC Oleksandriya
[4699170] Failed to build match row: FC Astrakhan vs Pobeda Khasavyurt
[4640953] Could not find attributes for dragan rosic (Fudbalski Klub Vojvodina, 2025)
[4640953] Failed to build match row: Fudbalski Klub Vojvodina vs Omladinski fudbalski klub Beograd

Keepers & outfield error for **Levante Unión Deportiva S.A.D.** in Levante Unión Deportiva S.A.D. vs Real Sociedad de Fútbol S.A.D.: Numbers: 0 and 11.
[3845631] Could not find attributes for daniil odoevskiy (AO FK Zenit Sankt-Peterburg, 2022)
[4645849] Failed to build match row: Levante Unión Deportiva S.A.D. vs Real Sociedad de Fútbol S.A.D.
[3845631] Failed to build match row: AO FK Zenit Sankt-Peterburg vs Футбольный клуб "Локомотив" Москва
[4582175] Could not find attributes for renzo saravia (Clube Atlético Mineiro, 2024)
[4716164] Could not find attributes for francis uzoho (Omonia Nicosia, 2025)
apojkarna, 2024)
[4582175] Failed to build match row: Clube Atlético Mineiro vs Sport Club do Recife
[4716164] Failed to build match row: Football Club Lausanne-Sport vs Omonia Nicosia
[4502595] Could not find attributes for romaine sawyers (Bristol Rovers, 2024)
[4525788] Failed to build match row: Idrottsföreningen  Brommapojkarna vs Allmänna Idrottsklubben
[4502595] Failed to build match row: Ipswich Town vs Bristol Rovers
[3886662] Failed to scrape lineup: https://www.transfermarkt.co.uk/fc-barcelona_ca-osasuna/index/spielbericht/3886662
[4368816] Failed to scrape lineup: https://www.transfermarkt.co.uk/shakhtar-donetsk_zorya-lugansk/index/spielbericht/4368816
[3839706] Failed to scrape lineup: https://www.transfermarkt.co.uk/feyenoord-rotterdam_sparta-rotterdam/index/spielbericht/3839706
[3631826] Could not find attributes for sinisa sanicanin (Fudbalski Klub Partizan Beograd, 2021)
[3631826] Failed to build match row: Fudbalski Klub Partizan Beograd vs FK Sochi
[3860389] Could not find attributes for berke ozer (Ümraniyespor, 2022)
[4150602] Failed to scrape lineup: https://www.transfermarkt.co.uk/volos-nps_ofi-crete-fc/index/spielbericht/4150602
[3860389] Failed to build match row: Kayserispor Kulübü vs Ümraniyespor
[4096003] Could not find attributes for anthony losilla (VfL Bochum, 2023)
[4355932] Failed to scrape lineup: https://www.transfermarkt.co.uk/puszcza-niepolomice_lechia-gdansk/index/spielbericht/4355932
[3487520] Could not find attributes for nikola stajic (San Fernando CD, 2020)
[4096003] Failed to build match row: FC Bayern München vs VfL Bochum
[3487520] Failed to build match row: San Fernando CD vs CD Castellón
[4634271] Could not find attributes for jahmai simpson pusey (1. Fußball-Club Köln, 2025)
[4393287] Could not find attributes for tolga cigerci (Sivasspor, 2024)
[4403397] Could not find attributes for bressan (Omilos Filathlon Irakliou FC, 2024)
[4634271] Failed to build match row: 1. Fußballclub Heidenheim 1846 vs 1. Fußball-Club Köln

Keepers & outfield error for **Brighton and Hove Albion Football Club** in Brighton and Hove Albion Football Club vs Manchester City Football Club: Numbers: 0 and 11.
[4361875] Could not find attributes for ofir marciano (Hapoel Beer Sheva, 2024)
[4403397] Failed to build match row: Omilos Filathlon Irakliou FC vs Olympiakos Syndesmos Filathlon Peiraios
[4361875] Failed to build match row: Hapoel Beer Sheva vs Cherno More Varna
[3429853] Failed to build match row: Brighton and Hove Albion Football Club vs Manchester City Football Club
[3583507] Could not find attributes for vladan giljen (FK Sutjeska Niksic, 2021)
[4393287] Failed to build match row: Sivasspor vs Kayserispor Kulübü

Keepers & outfield error for **Jeonbuk Hyundai Motors** in Jeonbuk Hyundai Motors vs Gwangju Football Club: Numbers: 2 and 9.
[4803427] Failed to build match row: Jeonbuk Hyundai Motors vs Gwangju Football Club
[3583507] Failed to build match row: FK Sutjeska Niksic vs FC Gagra
[4126918] Could not find attributes for andrey kulagin (Kirovets-Voskhozhdenie St. Petersburg, 2023)
[3683434] Could not find attributes for joep engelen (SV Oss '20, 2021)
[3683434] Failed to build match row: SV Oss '20 vs Football Club Twente
[4126918] Failed to build match row: Kirovets-Voskhozhdenie St. Petersburg vs Dinamo St. Petersburg

Keepers & outfield error for **Venezia FC** in Venezia FC vs Calcio Como: Numbers: 2 and 9.
[3845632] Could not find attributes for vanja drkusic (FK Sochi, 2022)
[3845632] Failed to build match row: FK Sochi vs RFK Akhmat Grozny
[4374054] Failed to build match row: Venezia FC vs Calcio Como
[4364478] Could not find attributes for nikita kokarev (FC Khimki (-2025), 2024)
[4364478] Failed to build match row: FC Khimki (-2025) vs FC Orenburg
[4716165] Could not find attributes for anton ari einarsson (Breidablik Kópavogur, 2025)
[4716165] Failed to build match row: Football Club Lausanne-Sport vs Breidablik Kópavogur
[3598261] Could not find attributes for ilias sebaoui (Beerschot VA, 2021)
[3598261] Failed to build match row: Beerschot VA vs KV Kortrijk
[4150603] Could not find attributes for zeca (Panathinaikos Athlitikos Omilos, 2023)
[4150603] Failed to build match row: Panathinaikos Athlitikos Omilos vs Aris Thessalonikis
[4098962] Failed to scrape lineup: https://www.transfermarkt.co.uk/sint-truidense-vv_kv-mechelen/index/spielbericht/4098962
[3433562] Could not find attributes for tommaso pobega (Spezia Calcio, 2020)
[3433562] Failed to build match row: Spezia Calcio vs Associazione Sportiva Roma
[4410831] Failed to scrape lineup: https://www.transfermarkt.co.uk/damac-fc_al-ettifaq-fc/index/spielbericht/4410831

Keepers & outfield error for **Grêmio Foot-Ball Porto Alegrense** in Grêmio Foot-Ball Porto Alegrense vs Fortaleza Esporte Clube: Numbers: 2 and 9.
[4582176] Failed to build match row: Grêmio Foot-Ball Porto Alegrense vs Fortaleza Esporte Clube
[4403398] Could not find attributes for lefteris choutesiotis (APS Atromitos Athinon, 2024)

Keepers & outfield error for **Valencia Club de Fútbol S. A. D.** in Valencia Club de Fútbol S. A. D. vs Villarreal Club de Fútbol S.A.D.: Numbers: 2 and 9.
[3886663] Failed to build match row: Valencia Club de Fútbol S. A. D. vs Villarreal Club de Fútbol S.A.D.
[4403398] Failed to build match row: Panathinaikos Athlitikos Omilos vs APS Atromitos Athinon
[4204027] Could not find attributes for michel herrero (Hércules CF, 2023)
[4204027] Failed to build match row: Hércules CF vs Burgos CF
[4649431] Could not find attributes for alexander schwolow (Heart of Midlothian Football Club, 2025)
[3451483] Could not find attributes for lewis brass (Connah's Quay Nomads, 2020)
[4649431] Failed to build match row: Heart of Midlothian Football Club vs Kilmarnock Football Club
[3909965] Could not find attributes for oleg mozil (TOV FK Metalist 1925 Kharkiv, 2022)
[3451483] Failed to build match row: Connah's Quay Nomads vs Dinamo Tbilisi
[3909965] Failed to build match row: TOV FK Metalist 1925 Kharkiv vs PFK Lviv
[4803428] Could not find attributes for hyeong keun kim (Bucheon Football Club 1995, 2025)
[4803428] Failed to build match row: Bucheon Football Club 1995 vs Jeju SK Football Club
Not enough players found for lineup: 0, 0.
[4445154] Could not find attributes for uros spajic (Fudbalski klub Crvena zvezda Beograd, 2024)
[4525789] Could not find attributes for kevin holmen (Göteborgs Atlet- och Idrottssällskap, 2024)
[4445154] Failed to build match row: Association sportive de Monaco Football Club vs Fudbalski klub Crvena zvezda Beograd
[4525789] Failed to build match row: Göteborgs Atlet- och Idrottssällskap vs IK Sirius
[3683443] Failed to scrape lineup: https://www.transfermarkt.co.uk/spielbericht/index/spielbericht/3683443
[4090202] Could not find attributes for filip helander (Odense Boldklub, 2023)
[4393288] Could not find attributes for jonas svensson (Beşiktaş Jimnastik Kulübü, 2024)
[4090202] Failed to build match row: Odense Boldklub vs Fodbold Club Midtjylland

Keepers & outfield error for **Wolverhampton Wanderers Football Club** in Wolverhampton Wanderers Football Club vs Leeds United Association Football Club: Numbers: 0 and 11.
[3845633] Could not find attributes for artur nigmatullin (FK Nizhny Novgorod, 2022)
[4640954] Could not find attributes for marko milosevic (Fudbalski Klub Partizan Beograd, 2025)
[4393288] Failed to build match row: Antalyaspor vs Beşiktaş Jimnastik Kulübü
[4625823] Failed to build match row: Wolverhampton Wanderers Football Club vs Leeds United Association Football Club
[4640954] Failed to build match row: Fudbalski Klub Partizan Beograd vs Fudbalski klub TSC Bačka Topola
[4368817] Could not find attributes for maksym mekhaniv (Livyi Bereg Kyiv, 2024)
[3845633] Failed to build match row: FK Nizhny Novgorod vs PFK CSKA Moskva
[4364479] Could not find attributes for mikhail oparin (RFK Akhmat Grozny, 2024)
[4410832] Could not find attributes for norbert gyomber (Al-Kholood Club, 2024)
[4410832] Failed to build match row: Al-Kholood Club vs Al-Ahli Saudi Football Club
[3860390] Could not find attributes for yasin ozcan (Kasımpaşa A.Ş., 2022)
[3860390] Failed to build match row: Kasımpaşa A.Ş. vs Trabzonspor Kulübü
[4368817] Failed to build match row: Livyi Bereg Kyiv vs Ingulets Petrove
d

Keepers & outfield error for **Real Sociedad de Fútbol S.A.D.** in Getafe Club de Fútbol S. A. D. Team Dubai vs Real Sociedad de Fútbol S.A.D.: Numbers: 2 and 9.
[3605297] Failed to build match row: Getafe Club de Fútbol S. A. D. Team Dubai vs Real Sociedad de Fútbol S.A.D.
[4403399] Could not find attributes for luka gugeshashvili (Panserraikos Serres, 2024)
[4766964] Could not find attributes for juan diego giraldo (Unión Magdalena, 2025)
[4098963] Could not find attributes for sergiy sydorchuk (Koninklijke Voetbal Club Westerlo, 2023)
[4098963] Failed to build match row: Club Brugge Koninklijke Voetbalvereniging vs Koninklijke Voetbal Club Westerlo
[4766964] Failed to build match row: Unión Magdalena vs Fortaleza CEIF
[4403399] Failed to build match row: Panserraikos Serres vs A.G.S Asteras Tripolis
[4361876] Could not find attributes for samuel chukwudi (HB Tórshavn, 2024)
[4361876] Failed to build match row: HNK Hajduk Split vs HB Tórshavn
[3429855] Could not find attributes for marc albrighton (Leicester City, 2020)
[3429855] Failed to build match row: Chelsea Football Club vs Leicester City
[3631835] Could not find attributes for ariel harush (Hapoel Beer Sheva, 2021)
[3631835] Failed to build match row: Slask Wroclaw vs Hapoel Beer Sheva
[4126919] Could not find attributes for maksim shvagirev (Rodina Media Moskau, 2023)
[4126919] Failed to build match row: Rodina Media Moskau vs Dinamo Vologda
[4525792] Could not find attributes for filip schyberg (Halmstads BK, 2024)
[4525792] Failed to build match row: Halmstads BK vs Idrottsföreningen Elfsborg
[3583508] Could not find attributes for antonio mitrev (Sileks Kratovo, 2021)
[3583508] Failed to build match row: Sileks Kratovo vs FC Petrocub Hincesti
[3487521] Could not find attributes for mateusz kania (CD Lealtad, 2020)
[3487521] Failed to build match row: CD Lealtad vs AD Alcorcón
[4090203] Could not find attributes for srdjan kuzmic (Viborg Fodsports Forening, 2023)
[4640955] Could not find attributes for zoran popovic (Železničar Pančevo, 2025)
[3451534] Could not find attributes for oleg bilyk (FC Oleksandriya, 2020)
[4150604] Could not find attributes for jemal tabidze (Panetolikos Agrinio, 2023)
[4640955] Failed to build match row: Železničar Pančevo vs Fudbalski Klub Mladost Lučani
[4090203] Failed to build match row: Viborg Fodsports Forening vs Fodbold Club Nordsjælland
[3451534] Failed to build match row: FC Oleksandriya vs Ingulets Petrove
[4150604] Failed to build match row: Panetolikos Agrinio vs Olympiakos Syndesmos Filathlon Peiraios
[4096005] Could not find attributes for pavel kaderabek (Turn- und Sportgemeinschaft 1899 Hoffenheim Fußball-Spielbetriebs, 2023)
[3433564] Could not find attributes for ivor pandur (Verona Hellas Football Club, 2020)
[4096005] Failed to build match row: 1. Fußballclub Union Berlin vs Turn- und Sportgemeinschaft 1899 Hoffenheim Fußball-Spielbetriebs
[3433564] Failed to build match row: Società Sportiva Calcio Napoli vs Verona Hellas Football Club
[3963077] Could not find attributes for nego tembeng (B SAD, 2022)
[3963077] Failed to build match row: B SAD vs Boavista FC
[4803429] Could not find attributes for marcao (Ulsan Hyundai Football Club, 2025)
[4623597] Could not find attributes for liam brenn (RSV Eintracht 1949, 2025)
[4403400] Could not find attributes for bernabe barragan (Athens Kallithea, 2024)
[3598262] Could not find attributes for teddy alloh (KAS Eupen, 2021)
[3845634] Could not find attributes for aleksandr soldatenkov (PFK Krylya Sovetov Samara, 2022)
[3836646] Failed to scrape lineup: https://www.transfermarkt.co.uk/spielbericht/index/spielbericht/3836646
[4355934] Failed to scrape lineup: https://www.transfermarkt.co.uk/slask-wroclaw_korona-kielce/index/spielbericht/4355934
[4582177] Failed to scrape lineup: https://www.transfermarkt.co.uk/esporte-clube-bahia_sport-club-internacional/index/spielbericht/4582177
[4623597] Failed to build match row: RSV Eintracht 1949 vs 1.FC Kaiserslautern
[4403400] Failed to build match row: Panthessalonikios Athlitikos Omilos Konstantinoupoliton vs Athens Kallithea
[4803429] Failed to build match row: Gimcheon Sangmu Football Club vs Ulsan Hyundai Football Club
[4368818] Could not find attributes for artem shabanov (FC Oleksandriya, 2024)
[3845634] Failed to build match row: PFK Krylya Sovetov Samara vs Torpedo Moscow
[4649432] Failed to scrape lineup: https://www.transfermarkt.co.uk/livingston-fc_hibernian-fc/index/spielbericht/4649432
[4364480] Could not find attributes for stanislav agkatsev (FK Krasnodar, 2024)
[4204028] Could not find attributes for euse monzo (SD Compostela, 2023)
[4525793] Could not find attributes for ivan kricak (Östers IF, 2024)
[4368818] Failed to build match row: FC Oleksandriya vs FK Karpaty Lviv
[4625824] Failed to scrape lineup: https://www.transfermarkt.co.uk/aston-villa_fulham-fc/index/spielbericht/4625824
[4364480] Failed to build match row: FK Krasnodar vs PFK CSKA Moskva
[4716166] Could not find attributes for monday etim (U Craiova 1948 Club Sportiv SA, 2025)
[4204028] Failed to build match row: SD Compostela vs CD Tenerife
[4525793] Failed to build match row: IFK Värnamo vs Östers IF
[4716166] Failed to build match row: U Craiova 1948 Club Sportiv SA vs AC Sparta Praha, a. s.
[3631844] Could not find attributes for ariel harush (Hapoel Beer Sheva, 2021)
[3631844] Failed to build match row: Hapoel Beer Sheva vs Slask Wroclaw

Keepers & outfield error for **Futebol Clube de Alverca** in Futebol Clube de Alverca vs Sporting Clube de Braga: Numbers: 0 and 11.
[4648638] Failed to build match row: Futebol Clube de Alverca vs Sporting Clube de Braga
[4410833] Could not find attributes for ayoub qasmi (Al-Raed SFC, 2024)
[4410833] Failed to build match row: Al-Ittihad Football Club vs Al-Raed SFC
[3683444] Could not find attributes for frederik helstrup (Almere City FC, 2021)
[3683444] Failed to build match row: Almere City FC vs Go Ahead Eagles
[3614609] Failed to scrape lineup: https://www.transfermarkt.co.uk/hellas-verona_ss-lazio/index/spielbericht/3614609
[4096006] Failed to scrape lineup: https://www.transfermarkt.co.uk/bayer-04-leverkusen_1-fc-heidenheim-1846/index/spielbericht/4096006
[3909966] Could not find attributes for dmitriy nepogodov (Chornomorets Odesa, 2022)
[3909966] Failed to build match row: Chornomorets Odesa vs FK Kryvbas Kryvyi Rig

Keepers & outfield error for **Wolverhampton Wanderers Football Club** in Everton Football Club vs Wolverhampton Wanderers Football Club: Numbers: 2 and 9.
[3429857] Failed to build match row: Everton Football Club vs Wolverhampton Wanderers Football Club
[4699171] Could not find attributes for amir fattakhov (Znamya Truda Orekhovo-Zuevo, 2025)
[4699171] Failed to build match row: Znamya Truda Orekhovo-Zuevo vs Dinamo Barnaul

Keepers & outfield error for **Futebol Clube de Arouca** in Futebol Clube de Arouca vs CD Feirense: Numbers: 2 and 9.
[3963078] Failed to build match row: Futebol Clube de Arouca vs CD Feirense
[4126920] Could not find attributes for andrey seykin (Universitet Uljanovsk, 2023)
[4126920] Failed to build match row: Universitet Uljanovsk vs Orgenergostroy Dimitrovgrad
[4204029] Failed to scrape lineup: https://www.transfermarkt.co.uk/spielbericht/index/spielbericht/4204029
[4649433] Failed to scrape lineup: https://www.transfermarkt.co.uk/dundee-united-fc_celtic-fc/index/spielbericht/4649433
[4403401] Failed to scrape lineup: https://www.transfermarkt.co.uk/asteras-aktor_olympiacos-piraeus/index/spielbericht/4403401
[4098964] Could not find attributes for hakim sahabo (Royal Standard Club de Liège, 2023)
[4766965] Could not find attributes for johan caicedo (Asociación Deportivo Pasto, 2025)
[4623598] Failed to scrape lineup: https://www.transfermarkt.co.uk/spielbericht/index/spielbericht/4623598
[4098964] Failed to build match row: Royal Standard Club de Liège vs KV Kortrijk
[4766965] Failed to build match row: Asociación Deportivo Pasto vs Atlético Bucaramanga
[4410834] Failed to scrape lineup: https://www.transfermarkt.co.uk/al-khaleej-fc_al-orobah-fc/index/spielbericht/4410834
[3860392] Could not find attributes for samu saiz (Sivasspor, 2022)
[3860392] Failed to build match row: Sivasspor vs İstanbul Başakşehir Futbol Kulübü
[3683445] Failed to scrape lineup: https://www.transfermarkt.co.uk/spielbericht/index/spielbericht/3683445

Keepers & outfield error for **Futebol Clube do Porto** in Gil Vicente Futebol Clube vs Futebol Clube do Porto: Numbers: 0 and 11.
[4502598] Could not find attributes for nicky low (Clydebank FC, 2024)
[4648639] Failed to build match row: Gil Vicente Futebol Clube vs Futebol Clube do Porto
[4502598] Failed to build match row: Hibernian Football Club vs Clydebank FC

Keepers & outfield error for **Eintracht Frankfurt Fußball AG** in Verein für Bewegungsspiele Stuttgart 1893 vs Eintracht Frankfurt Fußball AG: Numbers: 0 and 11.
[4625825] Could not find attributes for yegor yarmolyuk (Brentford Football Club, 2025)
[4634275] Failed to build match row: Verein für Bewegungsspiele Stuttgart 1893 vs Eintracht Frankfurt Fußball AG
[4625825] Failed to build match row: Brentford Football Club vs Manchester United Football Club
[4649434] Failed to scrape lineup: https://www.transfermarkt.co.uk/falkirk-fc_kilmarnock-fc/index/spielbericht/4649434
[3909967] Could not find attributes for oleksandr bandura (FC Minaj, 2022)
[3909967] Failed to build match row: FC Minaj vs NK Veres Rivne
[4364481] Could not find attributes for evgeniy staver (FC Rubin Kazan, 2024)
[4364481] Failed to build match row: FC Rubin Kazan vs Akron Togliatti
[3412939] Could not find attributes for nils petersen (Sport-Club Freiburg, 2020)
[3412939] Failed to build match row: Sport-Club Freiburg vs Sportverein Werder Bremen von 1899
[3421704] Could not find attributes for trezeguet (Aston Villa Football Club, 2020)
[4410835] Failed to scrape lineup: https://www.transfermarkt.co.uk/al-raed-sfc_al-okhdood-club/index/spielbericht/4410835
[3421704] Failed to build match row: Aston Villa Football Club vs Liverpool Football Club
[4640956] Could not find attributes for zeljko samcovic (Fudbalski Klub Novi Pazar, 2025)
[4640956] Failed to build match row: Fudbalski Klub Novi Pazar vs Fudbalski klub Čukarički Beograd
[4150605] Could not find attributes for rafa soares (Panthessalonikios Athlitikos Omilos Konstantinoupoliton, 2023)

Keepers & outfield error for **Eintracht Frankfurt Fußball AG** in Eintracht Frankfurt Fußball AG vs Sport-Club Freiburg: Numbers: 2 and 9.
[4648640] Failed to scrape lineup: https://www.transfermarkt.co.uk/cd-santa-clara_moreirense-fc/index/spielbericht/4648640
[4150605] Failed to build match row: Panthessalonikios Athlitikos Omilos Konstantinoupoliton vs Panserraikos Serres
[4096007] Failed to build match row: Eintracht Frankfurt Fußball AG vs Sport-Club Freiburg
[4803430] Could not find attributes for kyung sub park (Incheon United Football Club, 2025)
[4803430] Failed to build match row: Foundation Coorperation Hana Financial Group Inc. Football Club vs Incheon United Football Club
[4368819] Could not find attributes for artur rudko (Chornomorets Odesa, 2024)

Keepers & outfield error for **Granada CF** in Granada CF vs Sevilla Fútbol Club S.A.D.: Numbers: 0 and 11.
[3963080] Could not find attributes for joao pinto (CD Feirense, 2022)
[4368819] Failed to build match row: Chornomorets Odesa vs Vorskla Poltava
[3845635] Could not find attributes for aleksandr selikhov (FK Spartak Moskva, 2022)
[3963080] Failed to build match row: CD Feirense vs Leixões SC
[3605299] Failed to build match row: Granada CF vs Sevilla Fútbol Club S.A.D.
[3598263] Could not find attributes for lior refaelov (Royal Sporting Club Anderlecht, 2021)
[3845635] Failed to build match row: FK Spartak Moskva vs FC Orenburg
[3598263] Failed to build match row: Royal Sporting Club Anderlecht vs St Truiden
[3451535] Could not find attributes for kyrylo zlotar (FK Kryvbas Kryvyi Rig, 2020)
[4625826] Failed to scrape lineup: https://www.transfermarkt.co.uk/chelsea-fc_brighton-amp-hove-albion/index/spielbericht/4625826
[3451535] Failed to build match row: FK Kryvbas Kryvyi Rig vs Nyva Vinnytsya
[4410836] Could not find attributes for milan borjan (Al-Riyadh Saudi Club, 2024)
[3860393] Could not find attributes for gokhan akkan (MKE Ankaragücü, 2022)
[3421705] Failed to scrape lineup: https://www.transfermarkt.co.uk/chelsea-fc_crystal-palace/index/spielbericht/3421705
[4090214] Could not find attributes for yuito suzuki (Brøndby Idrætsforening, 2023)
[4410836] Failed to build match row: Al-Riyadh Saudi Club vs Al-Taawoun Football Club
[4090214] Failed to build match row: Brøndby Idrætsforening vs Fodbold Club Nordsjælland
[3860393] Failed to build match row: MKE Ankaragücü vs Istanbulspor
[4623599] Could not find attributes for damian schobert (SV Atlas Delmenhorst, 2025)

Keepers & outfield error for **Atalanta Bergamasca Calcio S.p.a.** in Real Madrid Club de Fútbol vs Atalanta Bergamasca Calcio S.p.a.: Numbers: 2 and 9.
[4361877] Could not find attributes for antonijs cernomordijs (Riga FC, 2024)
[4357029] Failed to build match row: Real Madrid Club de Fútbol vs Atalanta Bergamasca Calcio S.p.a.
[4361877] Failed to build match row: Riga FC vs Slask Wroclaw
[4623599] Failed to build match row: SV Atlas Delmenhorst vs Mönchengladbach

Keepers & outfield error for **Associazione Sportiva Roma** in Associazione Sportiva Roma vs Società Sportiva Calcio Napoli: Numbers: 0 and 11.
[3614611] Failed to build match row: Associazione Sportiva Roma vs Società Sportiva Calcio Napoli

Keepers & outfield error for **Koninklijke Atletiek Associatie Gent** in Koninklijke Atletiek Associatie Gent vs RAAL La Louvière: Numbers: 2 and 9.
[4150606] Failed to scrape lineup: https://www.transfermarkt.co.uk/aek-athens_panetolikos-gfs/index/spielbericht/4150606
[3583509] Could not find attributes for dario miskic (NK Siroki Brijeg, 2021)
[4641213] Failed to build match row: Koninklijke Atletiek Associatie Gent vs RAAL La Louvière
[3583509] Failed to build match row: NK Siroki Brijeg vs KF Vllaznia
[4699172] Could not find attributes for vladimir tsapurin (Torpedo Miass, 2025)
[4699172] Failed to build match row: Torpedo Miass vs Volna Kovernino
[4649435] Could not find attributes for alexander schwolow (Heart of Midlothian Football Club, 2025)
[4403402] Could not find attributes for bernabe barragan (Athens Kallithea, 2024)
[4649435] Failed to build match row: Heart of Midlothian Football Club vs Dundee Football Club
[4403402] Failed to build match row: Athens Kallithea vs APS Atromitos Athinon
[3845636] Failed to scrape lineup: https://www.transfermarkt.co.uk/fc-rostov_fc-khimki/index/spielbericht/3845636
[4368820] Could not find attributes for oleksandr kemkin (FK Karpaty Lviv, 2024)
[4368820] Failed to build match row: FK Karpaty Lviv vs FK Kolos Kovalivka
[4502599] Could not find attributes for mason munn (Rangers Football Club, 2024)
[4634276] Could not find attributes for yannick gerhardt (Verein für Leibesübungen Wolfsburg, 2025)
[4502599] Failed to build match row: Rangers Football Club vs Fraserburgh FC
[4126922] Could not find attributes for anatoliy krasilnikov (FC Astrakhan, 2023)
[4126922] Failed to build match row: FC Astrakhan vs Rotor Volgograd
[4634276] Failed to build match row: Verein für Leibesübungen Wolfsburg vs Fußball-Club St. Pauli von 1910
[4361878] Failed to scrape lineup: https://www.transfermarkt.co.uk/spielbericht/index/spielbericht/4361878

Keepers & outfield error for **Pontevedra CF** in Pontevedra CF vs Getafe Club de Fútbol S. A. D. Team Dubai: Numbers: 0 and 11.
[4527513] Failed to build match row: Pontevedra CF vs Getafe Club de Fútbol S. A. D. Team Dubai
[4358446] Could not find attributes for evgeniy latyshonok (AO FK Zenit Sankt-Peterburg, 2024)
[4358446] Failed to build match row: AO FK Zenit Sankt-Peterburg vs FK Krasnodar
[4204030] Could not find attributes for izan lecumberri (CD Valle de Egüés, 2023)
[4204030] Failed to build match row: CD Valle de Egüés vs CD Teruel
[3839711] Could not find attributes for mike van duinen (Excelsior Rotterdam, 2022)
[3839711] Failed to build match row: Fortuna Sittardia Combinatie vs Excelsior Rotterdam
[3614612] Failed to scrape lineup: https://www.transfermarkt.co.uk/us-salernitana-1919_fc-empoli/index/spielbericht/3614612
[4582178] Could not find attributes for fernandinho (Ceará Sporting Club, 2024)
[4641214] Failed to scrape lineup: https://www.transfermarkt.co.uk/rsc-anderlecht_club-brugge-kv/index/spielbericht/4641214
[4649436] Failed to scrape lineup: https://www.transfermarkt.co.uk/livingston-fc_st-mirren-fc/index/spielbericht/4649436
[4582178] Failed to build match row: Ceará Sporting Club vs Sport Club Corinthians Paulista
[3583510] Failed to scrape lineup: https://www.transfermarkt.co.uk/spielbericht/index/spielbericht/3583510
[4803431] Could not find attributes for kento nishiya (Football Club Pohang Steelers, 2025)
[4364482] Could not find attributes for nuraly alip (AO FK Zenit Sankt-Peterburg, 2024)
[4364482] Failed to build match row: AO FK Zenit Sankt-Peterburg vs Fakel Voronezh
[4803431] Failed to build match row: Gangwon Football Club vs Football Club Pohang Steelers
[3631853] Could not find attributes for david banai (Újpest FC, 2021)
[3836647] Could not find attributes for matko obradovic (NS Mura, 2022)
[3836647] Failed to build match row: NS Mura vs FK Sfîntul Gheorghe Suruceni (- 2023)
[3631853] Failed to build match row: Újpest FC vs FC Basel 1893 AG
[4090215] Could not find attributes for yeni ngbakoto (Vejle Boldklub, 2023)

Keepers & outfield error for **Paris Saint-Germain Football Club** in Paris Saint-Germain Football Club vs Football Club de Metz: Numbers: 2 and 9.
[4090215] Failed to build match row: Vejle Boldklub vs Viborg Fodsports Forening
[3589606] Failed to build match row: Paris Saint-Germain Football Club vs Football Club de Metz
[3683446] Could not find attributes for luc schuffelen (ADO '20 Heemskerk, 2021)
[4410837] Could not find attributes for gaetan coucke (Al-Orobah FC, 2024)
[3683446] Failed to build match row: ADO '20 Heemskerk vs BVV Barendrecht
[4410837] Failed to build match row: Al-Orobah FC vs Al-Qadsiah Saudi Football Club
[4403403] Could not find attributes for panagiotis liagas (APO Levadiakos Football Club, 2024)
[4634277] Could not find attributes for rani khedira (1. Fußballclub Union Berlin, 2025)
[4403403] Failed to build match row: APO Levadiakos Football Club vs PAS Lamia 1964
[4150607] Could not find attributes for marios siampanis (Volou Neos Podosferikos Syllogos, 2023)
[4634277] Failed to build match row: Fußball-Club Augsburg 1907 vs 1. Fußballclub Union Berlin
[4150607] Failed to build match row: Volou Neos Podosferikos Syllogos vs PAS Lamia 1964
[4648641] Could not find attributes for joao aurelio (Clube Desportivo Nacional, 2025)
[4648641] Failed to build match row: Rio Ave Futebol Clube vs Clube Desportivo Nacional
[4393292] Could not find attributes for riechedly bazoer (Konyaspor, 2024)
[3605300] Could not find attributes for aleix vidal (Espanol, 2021)
[4393292] Failed to build match row: Galatasaray Spor Kulübü vs Konyaspor
[3605300] Failed to build match row: Espanol vs Real Madrid Club de Fútbol
[4645852] Failed to scrape lineup: https://www.transfermarkt.co.uk/rcd-espanyol-barcelona_fc-barcelona/index/spielbericht/4645852
[3964624] Could not find attributes for alain oyarzun (Real Unión Club, 2022)
[3845637] Could not find attributes for ilya pomazun (Ural Yekaterinburg, 2022)
[3964624] Failed to build match row: Real Unión Club vs Real Club Deportivo Mallorca S.A.D.

Keepers & outfield error for **Associazione Calcio Fiorentina** in Bologna Football Club 1909 vs Associazione Calcio Fiorentina: Numbers: 0 and 11.
[3845637] Failed to build match row: Ural Yekaterinburg vs FK Spartak Moskva
[4374055] Failed to build match row: Bologna Football Club 1909 vs Associazione Calcio Fiorentina
[4445158] Failed to scrape lineup: https://www.transfermarkt.co.uk/spielbericht/index/spielbericht/4445158
[4368821] Could not find attributes for andrey kozhukhar (NK Veres Rivne, 2024)
[4368821] Failed to build match row: NK Veres Rivne vs FC Oleksandriya
[3598264] Could not find attributes for ilias sebaoui (Beerschot VA, 2021)

Keepers & outfield error for **Fatih Karagümrük Sportif Faaliyetler San. Tic. A.Ş.** in Fatih Karagümrük Sportif Faaliyetler San. Tic. A.Ş. vs Fenerbahçe Spor Kulübü: Numbers: 0 and 11.
[3683447] Failed to scrape lineup: https://www.transfermarkt.co.uk/spielbericht/index/spielbericht/3683447
[3598264] Failed to build match row: Royal Standard Club de Liège vs Beerschot VA

Keepers & outfield error for **Sevilla Fútbol Club S.A.D.** in Sevilla Fútbol Club S.A.D. vs Espanol: Numbers: 2 and 9.
[3860394] Failed to build match row: Fatih Karagümrük Sportif Faaliyetler San. Tic. A.Ş. vs Fenerbahçe Spor Kulübü
[4803432] Could not find attributes for sung yun gu (Football Club Seoul, 2025)
[3886668] Failed to build match row: Sevilla Fútbol Club S.A.D. vs Espanol
[4112876] Failed to scrape lineup: https://www.transfermarkt.co.uk/real-betis-balompie_real-madrid/index/spielbericht/4112876
[4716168] Could not find attributes for monday etim (U Craiova 1948 Club Sportiv SA, 2025)
[4803432] Failed to build match row: Football Club Seoul vs Football Club Anyang

Keepers & outfield error for **Hvidovre IF** in Football Club København vs Hvidovre IF: Numbers: 2 and 9.
[4090216] Failed to build match row: Football Club København vs Hvidovre IF
 Yerevan
[4766966] Could not find attributes for fabian viafara (Deportivo Cali, 2025)
[4766966] Failed to build match row: Deportivo Cali vs Once Caldas

Keepers & outfield error for **Leeds United Association Football Club** in Southampton FC vs Leeds United Association Football Club: Numbers: 2 and 9.
[3429860] Failed to build match row: Southampton FC vs Leeds United Association Football Club
[4582179] Could not find attributes for wilker angel (Esporte Clube Juventude, 2024)
[4582179] Failed to build match row: Esporte Clube Juventude vs Club de Regatas Vasco da Gama
[3583511] Could not find attributes for dayle coleing (Glentoran FC, 2021)
[3583511] Failed to build match row: Glentoran FC vs The New Saints
[4358669] Could not find attributes for nasser djiga (Fudbalski klub Crvena zvezda Beograd, 2024)
[4358669] Failed to build match row: Fudbalski klub Crvena zvezda Beograd vs FK Jedinstvo Ub
[4126923] Could not find attributes for vladislav lizenko (Dinamo Stavropol, 2023)
[4126923] Failed to build match row: Dinamo Stavropol vs Spartak Nalchik
[4364483] Could not find attributes for andrey kudravets (FK Dinamo Moskva, 2024)
[4364483] Failed to build match row: FK Dinamo Moskva vs Dinamo Makhachkala

Keepers & outfield error for **Venezia FC** in Unione Sportiva Sassuolo Calcio vs Venezia FC: Numbers: 0 and 11.
[3614614] Failed to build match row: Unione Sportiva Sassuolo Calcio vs Venezia FC
[4410838] Could not find attributes for norbert gyomber (Al-Kholood Club, 2024)
[4410838] Failed to build match row: Al-Fayha FC vs Al-Kholood Club

Keepers & outfield error for **Atalanta Bergamasca Calcio S.p.a.** in Cagliari Calcio vs Atalanta Bergamasca Calcio S.p.a.: Numbers: 2 and 9.
[4374056] Failed to build match row: Cagliari Calcio vs Atalanta Bergamasca Calcio S.p.a.
[3412941] Could not find attributes for kilian ludewig (FC Schalke 04, 2020)
[3412941] Failed to build match row: FC Schalke 04 vs 1. Fußballclub Union Berlin
[4403404] Could not find attributes for julian cuesta (Aris Thessalonikis, 2024)
[4403404] Failed to build match row: Panathinaikos Athlitikos Omilos vs Aris Thessalonikis
[4699173] Could not find attributes for roman anikeev (Khimik Dzerzhinsk, 2025)
[4699173] Failed to build match row: Khimik Dzerzhinsk vs Amkar Perm
[3433575] Could not find attributes for sebastien flauss (FC Progrès Niederkorn, 2020)
[3433575] Failed to build match row: FC Progrès Niederkorn vs Willem II Tilburg
[4150608] Could not find attributes for alexandros paschalakis (Olympiakos Syndesmos Filathlon Peiraios, 2023)
[4090217] Could not find attributes for paulinho (Fodbold Club Midtjylland, 2023)

Keepers & outfield error for **Aston Villa Football Club** in Tottenham Hotspur Football Club vs Aston Villa Football Club: Numbers: 0 and 11.
[4364484] Could not find attributes for roman evgenjev (PFK Krylya Sovetov Samara, 2024)
[3429861] Failed to build match row: Tottenham Hotspur Football Club vs Aston Villa Football Club
[4150608] Failed to build match row: Olympiakos Syndesmos Filathlon Peiraios vs Panserraikos Serres
[4126924] Could not find attributes for vadim guskov (SKVO Rostov-na-Donu, 2023)
[4098966] Could not find attributes for omri gandelman (Koninklijke Atletiek Associatie Gent, 2023)
[4090217] Failed to build match row: Fodbold Club Midtjylland vs Lyngby Boldklub
[4364484] Failed to build match row: PFK Krylya Sovetov Samara vs FK Spartak Moskva
[3909968] Could not find attributes for orest kostyk (Metalist Kharkiv, 2022)
[4641215] Could not find attributes for matties volckaert (Koninklijke Atletiek Associatie Gent, 2025)
[4641215] Failed to build match row: Koninklijke Atletiek Associatie Gent vs Koninklijke Racing Club Genk
[4126924] Failed to build match row: SKVO Rostov-na-Donu vs Chayka Peschanokopskoye
[4358670] Could not find attributes for sasa stamenkovic (Fudbalski Klub Mladost Lučani, 2024)
[3909968] Failed to build match row: Metalist Kharkiv vs Vorskla Poltava
[4098966] Failed to build match row: Koninklijke Atletiek Associatie Gent vs Yellow-Red Koninklijke Voetbalclub Mechelen
[4393293] Could not find attributes for rachid ghezzal (Çaykur Rizespor Kulübü, 2024)
[4358670] Failed to build match row: Fudbalski Klub Mladost Lučani vs Omladinski fudbalski klub Beograd
[4393293] Failed to build match row: Çaykur Rizespor Kulübü vs Adana Demirspor
[4112877] Could not find attributes for chris ramos (Cádiz CF, 2023)
[4649438] Could not find attributes for jack butland (Rangers Football Club, 2025)
[4502736] Could not find attributes for ewan loudon (Brechin City FC, 2024)
[4112877] Failed to build match row: Cádiz CF vs Club Atlético Osasuna
[3860395] Could not find attributes for arthur masuaku (Beşiktaş Jimnastik Kulübü, 2022)
[4716169] Could not find attributes for henry bonello (Hamrun Spartans, 2025)
[4649438] Failed to build match row: Rangers Football Club vs Aberdeen Football Club
[3860395] Failed to build match row: Beşiktaş Jimnastik Kulübü vs Giresunspor
[4368822] Could not find attributes for anton zhylkin (Ingulets Petrove, 2024)
ball Club
[4361879] Could not find attributes for maksim belov (Neman Grodno, 2024)
[4716169] Failed to build match row: Hamrun Spartans vs FC Shakhtar Donetsk
[4368822] Failed to build match row: Ingulets Petrove vs FC Shakhtar Donetsk
[4361879] Failed to build match row: Fotbal Club CFR 1907 Cluj SA vs Neman Grodno

Keepers & outfield error for **Jeju SK Football Club** in Jeju SK Football Club vs Football Club Seoul: Numbers: 0 and 11.
[4803433] Failed to build match row: Jeju SK Football Club vs Football Club Seoul
[3683448] Could not find attributes for jaimy schaap (VV IJsselmeervogels, 2021)
[3429862] Could not find attributes for conor gallagher (West Bromwich Albion, 2020)
[3583512] Could not find attributes for nacho zabal (UE Sant Julia, 2021)
[3683448] Failed to build match row: VV IJsselmeervogels vs Excelsior Rotterdam
[3429862] Failed to build match row: West Bromwich Albion vs West Ham United Football Club
[3421708] Could not find attributes for nampalys mendy (Leicester City, 2020)
[3421708] Failed to build match row: Leicester City vs West Ham United Football Club
[3583512] Failed to build match row: UE Sant Julia vs Gzira United FC
[3845638] Could not find attributes for kirill nababkin (PFK CSKA Moskva, 2022)
[4150609] Could not find attributes for praxitelis vouros (Omilos Filathlon Irakliou FC, 2023)
[3845638] Failed to build match row: PFK CSKA Moskva vs Fakel Voronezh
s Thessalonikis
[3836648] Could not find attributes for danylo kanevtsev (FC Dila Gori, 2022)
[3836648] Failed to build match row: FC Dila Gori vs Kuopion Palloseura
-Club Köln, 2025)
[4634279] Failed to build match row: 1. Fußball-Club Köln vs FC Bayern München
[4649439] Could not find attributes for dylan lobban (Aberdeen Football Club, 2025)
[4649439] Failed to build match row: Aberdeen Football Club vs Heart of Midlothian Football Club
[3909969] Could not find attributes for yuriy pankiv (FC Rukh Lviv, 2022)
[3909969] Failed to build match row: FC Rukh Lviv vs SC Dnipro-1
[4699174] Could not find attributes for denis davydov (Tekstilshchik Ivanovo, 2025)

Keepers & outfield error for **Association Football Club Bournemouth** in Leeds United Association Football Club vs Association Football Club Bournemouth: Numbers: 2 and 9.
[4699174] Failed to build match row: Tekstilshchik Ivanovo vs FC Tver
[4625829] Failed to build match row: Leeds United Association Football Club vs Association Football Club Bournemouth
[4410840] Could not find attributes for konstantinos fortounis (Al-Khaleej Club (Saihat), 2024)
[4393294] Could not find attributes for ondrej celustka (Bodrum FK, 2024)
[4098967] Could not find attributes for parfait guiagon (Royal Charleroi Sporting Club, 2023)
[4410840] Failed to build match row: Al-Khaleej Club (Saihat) vs Al-Nassr Football Club
[4393294] Failed to build match row: Bodrum FK vs Eyüp Spor Kulübü
[4098967] Failed to build match row: Royal Antwerp Football Club vs Royal Charleroi Sporting Club

Keepers & outfield error for **Vitória Sport Clube** in Vitória Sport Clube vs Grupo Desportivo Estoril Praia: Numbers: 2 and 9.

Keepers & outfield error for **Associazione Sportiva Roma** in Cagliari Calcio vs Associazione Sportiva Roma: Numbers: 0 and 11.
[3412943] Could not find attributes for makoto hasebe (Eintracht Frankfurt Fußball AG, 2020)
[4648642] Failed to build match row: Vitória Sport Clube vs Grupo Desportivo Estoril Praia
[3412943] Failed to build match row: 1. Fußball-Club Köln vs Eintracht Frankfurt Fußball AG
[3614616] Failed to build match row: Cagliari Calcio vs Associazione Sportiva Roma
[4368823] Could not find attributes for dmytro ledviy (FC Rukh Lviv, 2024)
[4445161] Could not find attributes for nicolo savona (Juventus Football Club, 2024)
[4445161] Failed to build match row: Aston Villa Football Club vs Juventus Football Club
[3598267] Could not find attributes for mousa tamari (Oud-Heverlee Leuven, 2021)

Keepers & outfield error for **Brighton and Hove Albion Football Club** in Arsenal Football Club vs Brighton and Hove Albion Football Club: Numbers: 0 and 11.
[4368823] Failed to build match row: FC Rukh Lviv vs Livyi Bereg Kyiv
[3598267] Failed to build match row: Oud-Heverlee Leuven vs Club Brugge Koninklijke Voetbalvereniging
[3429863] Failed to build match row: Arsenal Football Club vs Brighton and Hove Albion Football Club
[3845639] Could not find attributes for giorgiy shelia (RFK Akhmat Grozny, 2022)
[3451536] Could not find attributes for sergiy chernobay (Epicentr Dunaivtsi, 2020)
[4582180] Could not find attributes for jhon arias (Fluminense Football Club, 2024)
[3451536] Failed to build match row: Epicentr Dunaivtsi vs Agrobiznes Volochysk
[3487522] Failed to scrape lineup: https://www.transfermarkt.co.uk/spielbericht/index/spielbericht/3487522
[4582180] Failed to build match row: Fluminense Football Club vs Club de Regatas Vasco da Gama
[3845639] Failed to build match row: RFK Akhmat Grozny vs AO FK Zenit Sankt-Peterburg
[4204031] Could not find attributes for aimar sagastibeltza (Barakaldo CF, 2023)

Keepers & outfield error for **UD Almería** in UD Almería vs CD Leganés: Numbers: 0 and 11.
[4358671] Could not find attributes for filip sredojevic (FK Tekstilac Odzaci, 2024)
[4204031] Failed to build match row: Barakaldo CF vs Málaga CF
[4527515] Failed to build match row: UD Almería vs CD Leganés
[4358671] Failed to build match row: FK Tekstilac Odzaci vs Fudbalski Klub Vojvodina
[4716170] Could not find attributes for henry bonello (Hamrun Spartans, 2025)
[3909970] Could not find attributes for dmytro matsapura (FC Zorya Lugansk, 2022)
[4716170] Failed to build match row: Hamrun Spartans vs Lincoln Red Imps FC
[3909970] Failed to build match row: FC Zorya Lugansk vs FK Kolos Kovalivka
[4126925] Could not find attributes for aleksandr kobzev (Metallurg Lipetsk, 2023)
[4126925] Failed to build match row: Metallurg Lipetsk vs Forte Taganrog

Keepers & outfield error for **Levante Unión Deportiva S.A.D.** in Sevilla Fútbol Club S.A.D. vs Levante Unión Deportiva S.A.D.: Numbers: 0 and 11.
[4645856] Failed to build match row: Sevilla Fútbol Club S.A.D. vs Levante Unión Deportiva S.A.D.
[4364485] Could not find attributes for viktor melekhin (FK Rostov, 2024)
[4364485] Failed to build match row: FK Rostov vs FC Khimki (-2025)
[3683449] Could not find attributes for patrick zonneveld (AFC Amsterdam, 2021)
[4090218] Could not find attributes for andreas poulsen (Silkeborg Idrætsforening, 2023)
[3683449] Failed to build match row: AFC Amsterdam vs Sportclub Heerenveen
[4361880] Could not find attributes for nicolae cebotari (FC Zimbru Chisinau, 2024)
[4090218] Failed to build match row: Silkeborg Idrætsforening vs Odense Boldklub
[4361880] Failed to build match row: FC Zimbru Chisinau vs FC Ararat-Armenia

Keepers & outfield error for **Valencia Club de Fútbol S. A. D.** in Celta vs Valencia Club de Fútbol S. A. D.: Numbers: 2 and 9.
[3886671] Failed to build match row: Celta vs Valencia Club de Fútbol S. A. D.

Keepers & outfield error for **Incheon United Football Club** in Gimcheon Sangmu Football Club vs Incheon United Football Club: Numbers: 3 and 8.

Keepers & outfield error for **Aston Villa Football Club** in Aston Villa Football Club vs Chelsea Football Club: Numbers: 0 and 11.
[4803434] Failed to build match row: Gimcheon Sangmu Football Club vs Incheon United Football Club
[3429864] Failed to build match row: Aston Villa Football Club vs Chelsea Football Club
[4368824] Could not find attributes for yevgen volynets (FK Polissya Zhytomyr, 2024)
[4368824] Failed to build match row: FK Polissya Zhytomyr vs FC Zorya Lugansk
[4112878] Failed to scrape lineup: https://www.transfermarkt.co.uk/getafe-cf_valencia-cf/index/spielbericht/4112878
[4641216] Could not find attributes for yuto tsunashima (Royal Antwerp Football Club, 2025)
[3590097] Could not find attributes for leotrim bekteshi (FC Prishtina, 2021)
[4641216] Failed to build match row: Royal Antwerp Football Club vs RAAL La Louvière
[3909971] Could not find attributes for kostyantyn vivcharenko (Futbolniy Klub Dynamo Kyiv, 2022)
[3590097] Failed to build match row: Ferencvárosi TC vs FC Prishtina
[3909971] Failed to build match row: FC Shakhtar Donetsk vs Futbolniy Klub Dynamo Kyiv
[4410841] Could not find attributes for moussa dembele (Al-Ettifaq Football Club, 2024)
[4699175] Failed to scrape lineup: https://www.transfermarkt.co.uk/spielbericht/index/spielbericht/4699175
[4766967] Could not find attributes for yeison suarez (Junior FC, 2025)
[3839715] Could not find attributes for remko pasveer (AFC Ajax Amsterdam, 2022)
[4410841] Failed to build match row: Al-Ettifaq Football Club vs Al-Ahli Saudi Football Club
[4766967] Failed to build match row: Junior FC vs Atlético Nacional
[4582181] Could not find attributes for vitinho (S. A. F. Botafogo, 2024)
[4403405] Could not find attributes for epaminondas pantelakis (Panetolikos Agrinio, 2024)
[3839715] Failed to build match row: Alkmaar Zaanstreek vs AFC Ajax Amsterdam
[4582181] Failed to build match row: S. A. F. Botafogo vs Ceará Sporting Club
[4374059] Could not find attributes for nicolo savona (Juventus Football Club, 2024)
[4403405] Failed to build match row: Panetolikos Agrinio vs Volou Neos Podosferikos Syllogos
[4374059] Failed to build match row: Juventus Football Club vs Venezia FC
[3631854] Could not find attributes for georgios koutroumpis (Újpest FC, 2021)
[3631854] Failed to build match row: FC Basel 1893 AG vs Újpest FC
[4393295] Could not find attributes for christopher lungoyi (Gaziantep Futbol Kulübü A.Ş., 2024)
[4393295] Failed to build match row: Gaziantep Futbol Kulübü A.Ş. vs Galatasaray Spor Kulübü
[3964625] Could not find attributes for manin gonzaga (CD Arenteiro, 2022)
[3964625] Failed to build match row: CD Arenteiro vs Club Atlético de Madrid S.A.D.
[4150610] Could not find attributes for bart schenkeveld (Panathinaikos Athlitikos Omilos, 2023)
[4150610] Failed to build match row: Panathinaikos Athlitikos Omilos vs APS Atromitos Athinon
[4090219] Could not find attributes for yeni ngbakoto (Vejle Boldklub, 2023)
[3911720] Could not find attributes for remko pasveer (AFC Ajax Amsterdam, 2022)
[4623600] Could not find attributes for marius hauptmann (Hallescher FC, 2025)
[4090219] Failed to build match row: Fodbold Club Nordsjælland vs Vejle Boldklub
[3911720] Failed to build match row: AFC Ajax Amsterdam vs Liverpool Football Club
[4623600] Failed to build match row: Hallescher FC vs Fußball-Club Augsburg 1907
[3845640] Could not find attributes for matvey safonov (FK Krasnodar, 2022)

Keepers & outfield error for **Futebol Clube de Arouca** in Sporting Clube de Portugal vs Futebol Clube de Arouca: Numbers: 0 and 11.
[4410842] Could not find attributes for saad bguir (Al-Wehda FC, 2024)
[3845640] Failed to build match row: FK Krasnodar vs Футбольный клуб "Локомотив" Москва
[4368825] Could not find attributes for artur rudko (Chornomorets Odesa, 2024)
[4648643] Failed to build match row: Sporting Clube de Portugal vs Futebol Clube de Arouca
[4410842] Failed to build match row: Al-Hilal Saudi Football Club vs Al-Wehda FC
[3451537] Could not find attributes for ruslan zarubin (Viktoriya Sumy, 2020)
[4368825] Failed to build match row: Futbolniy Klub Dynamo Kyiv vs Chornomorets Odesa
[3451537] Failed to build match row: Viktoriya Sumy vs FK Mariupol
[3590098] Could not find attributes for leotrim bekteshi (FC Prishtina, 2021)
[4699176] Could not find attributes for dmitriy rebrov (Kosmos Dolgoprudnyi, 2025)
[3590098] Failed to build match row: FC Prishtina vs Ferencvárosi TC
[4403406] Could not find attributes for luka gugeshashvili (Panserraikos Serres, 2024)
[4403406] Failed to build match row: Panserraikos Serres vs Athlitiki Enosi Konstantinoupoleos
[4699176] Failed to build match row: Kosmos Dolgoprudnyi vs 2DROTS Moskau
[3631863] Could not find attributes for yevgen volynets (FK Kolos Kovalivka, 2021)
[4358672] Could not find attributes for filip backulja (Fudbalski Klub Novi Pazar, 2024)
[3631863] Failed to build match row: FK Kolos Kovalivka vs Shakhter Karaganda
[4358672] Failed to build match row: Fudbalski Klub Novi Pazar vs Fudbalski Klub Spartak Ždrepčeva krv
[3429866] Could not find attributes for conor gallagher (West Bromwich Albion, 2020)
[4649442] Failed to scrape lineup: https://www.transfermarkt.co.uk/kilmarnock-fc_motherwell-fc/index/spielbericht/4649442
[3598270] Could not find attributes for vini souza (Yellow-Red Koninklijke Voetbalclub Mechelen, 2021)
[4502738] Could not find attributes for nick suman (Cove Rangers FC, 2024)
[3487524] Could not find attributes for fermin sobron (Haro Deportivo, 2020)
[4641217] Failed to scrape lineup: https://www.transfermarkt.co.uk/cercle-brugge-_oud-heverlee-leuven/index/spielbericht/4641217
[3583513] Could not find attributes for kenneth chipolina (Europa FC, 2021)
[3429866] Failed to build match row: Leeds United Association Football Club vs West Bromwich Albion
[4204032] Failed to build match row: CE Andratx vs SD Tarazona
[3583513] Failed to build match row: Europa FC vs FK Kauno Zalgiris
[3598270] Failed to build match row: Yellow-Red Koninklijke Voetbalclub Mechelen vs Koninklijke Atletiek Associatie Gent
[3487524] Failed to build match row: Haro Deportivo vs Real Balompédica Linense
[4502738] Failed to build match row: Cove Rangers FC vs Forfar Athletic FC
[4364486] Could not find attributes for bogdan moskvichev (FC Orenburg, 2024)
[3433576] Could not find attributes for serge junior ngouali (Hammarby IF, 2020)
[4112879] Could not find attributes for matija nastasic (Real Club Deportivo Mallorca S.A.D., 2023)
[4364486] Failed to build match row: FC Orenburg vs Футбольный клуб "Локомотив" Москва
[3433576] Failed to build match row: Hammarby IF vs KKS Lech Poznań Spółka Akcyjna

Keepers & outfield error for **Hvidovre IF** in Hvidovre IF vs Fodbold Club Midtjylland: Numbers: 3 and 8.
[4112879] Failed to build match row: Real Club Deportivo Mallorca S.A.D. vs Sevilla Fútbol Club S.A.D.
[4150611] Could not find attributes for rafa soares (Panthessalonikios Athlitikos Omilos Konstantinoupoliton, 2023)
[4090220] Failed to build match row: Hvidovre IF vs Fodbold Club Midtjylland
[3911722] Could not find attributes for remko pasveer (AFC Ajax Amsterdam, 2022)
[4150611] Failed to build match row: Panthessalonikios Athlitikos Omilos Konstantinoupoliton vs A.G.S Asteras Tripolis
[3911722] Failed to build match row: AFC Ajax Amsterdam vs Rangers Football Club
[3683450] Could not find attributes for jan van willige (GVVV Veenendaal, 2021)
[3683450] Failed to build match row: GVVV Veenendaal vs Sparta Rotterdam
[4410843] Could not find attributes for hussain al zarie (Al-Fateh Club, 2024)
[4368826] Could not find attributes for nazariy fedorivskyi (FK Obolon Kyiv, 2024)
[4410843] Failed to build match row: Al-Fateh Club vs Damac Football Club
[4582182] Could not find attributes for weverton (Sociedade Esportiva Palmeiras, 2024)
[4368826] Failed to build match row: FK Obolon Kyiv vs FK Kryvbas Kryvyi Rig
[4098969] Could not find attributes for philipe sampaio (RWD Molenbeek, 2023)
[4582182] Failed to build match row: Sociedade Esportiva Palmeiras vs Clube de Regatas do Flamengo

Keepers & outfield error for **Villarreal Club de Fútbol S.A.D.** in Villarreal Club de Fútbol S.A.D. vs Athletic Club Bilbao: Numbers: 2 and 9.
[4098969] Failed to build match row: RWD Molenbeek vs KAS Eupen
[3886672] Failed to build match row: Villarreal Club de Fútbol S.A.D. vs Athletic Club Bilbao
[4403407] Failed to scrape lineup: https://www.transfermarkt.co.uk/paok-thessaloniki_ofi-crete-fc/index/spielbericht/4403407
[3836649] Could not find attributes for deividas mikelionis (FK Kauno Zalgiris, 2022)
[3964626] Failed to scrape lineup: https://www.transfermarkt.co.uk/spielbericht/index/spielbericht/3964626
[3836649] Failed to build match row: FK Kauno Zalgiris vs MFK Ruzomberok

Keepers & outfield error for **Elche Club de Fútbol S.A.D.** in Elche Club de Fútbol S.A.D. vs Villarreal Club de Fútbol S.A.D.: Numbers: 0 and 11.
[4527518] Failed to scrape lineup: https://www.transfermarkt.co.uk/spielbericht/index/spielbericht/4527518
[4645859] Failed to build match row: Elche Club de Fútbol S.A.D. vs Villarreal Club de Fútbol S.A.D.
[3598271] Could not find attributes for abdelkahar kadri (KV Kortrijk, 2021)
[3598271] Failed to build match row: KV Oostende vs KV Kortrijk
[4090221] Could not find attributes for marc muniesa (Lyngby Boldklub, 2023)
[4090221] Failed to build match row: Lyngby Boldklub vs Odense Boldklub

Keepers & outfield error for **Wolverhampton Wanderers Football Club** in Wolverhampton Wanderers Football Club vs Fulham Football Club: Numbers: 0 and 11.

Keepers & outfield error for **Paris Saint-Germain Football Club** in Clermont Foot 63 vs Paris Saint-Germain Football Club: Numbers: 2 and 9.
[4361881] Could not find attributes for sharif kaiuf (Maccabi Haifa, 2024)
[4625833] Failed to scrape lineup: https://www.transfermarkt.co.uk/tottenham-hotspur_wolverhampton-wanderers/index/spielbericht/4625833
[3845641] Could not find attributes for vitaliy botnar (Torpedo Moscow, 2022)
[3421712] Failed to build match row: Wolverhampton Wanderers Football Club vs Fulham Football Club
[3839729] Failed to build match row: Clermont Foot 63 vs Paris Saint-Germain Football Club
[4126926] Could not find attributes for maksim timofeev (FC Ryazan, 2023)
[3429867] Could not find attributes for marc albrighton (Leicester City, 2020)
[4361881] Failed to build match row: Maccabi Haifa vs Sabah FK
[3429867] Failed to build match row: Leicester City vs Tottenham Hotspur Football Club
[4358673] Could not find attributes for nikola mirkovic (Fudbalski klub Čukarički Beograd, 2024)
[3845641] Failed to build match row: Torpedo Moscow vs FC Khimki (-2025)
[4126926] Failed to build match row: FC Ryazan vs Kosmos Dolgoprudnyi
[3631864] Could not find attributes for andrey buyvolov (Shakhter Karaganda, 2021)
[4358673] Failed to build match row: Fudbalski klub Čukarički Beograd vs Fudbalski Klub Radnički Niš
[4649443] Could not find attributes for jack butland (Rangers Football Club, 2025)
[4150612] Could not find attributes for boris kleyman (PAS Giannina, 2023)
[3631864] Failed to build match row: Shakhter Karaganda vs FK Kolos Kovalivka
[4623601] Could not find attributes for yannick griess (FK Pirmasens, 2025)
[4649443] Failed to build match row: Rangers Football Club vs Livingston Football Club
[4096011] Could not find attributes for marcel schuhen (SV Darmstadt 98, 2023)
[4623601] Failed to build match row: FK Pirmasens vs Hamburger Sport Verein
[4096011] Failed to build match row: Verein für Bewegungsspiele Stuttgart 1893 vs SV Darmstadt 98
[4150612] Failed to build match row: PAS Giannina vs Athlitiki Enosi Kifisias
[4403410] Could not find attributes for panagiotis tsintotas (A.G.S Asteras Tripolis, 2024)
[4641218] Could not find attributes for mathis servais (Yellow-Red Koninklijke Voetbalclub Mechelen, 2025)
[4410844] Could not find attributes for milan borjan (Al-Riyadh Saudi Club, 2024)

Keepers & outfield error for **Club Atlético de Madrid S.A.D.** in Elche Club de Fútbol S.A.D. vs Club Atlético de Madrid S.A.D.: Numbers: 2 and 9.
[4403410] Failed to build match row: A.G.S Asteras Tripolis vs Panthessalonikios Athlitikos Omilos Konstantinoupoliton
[4641218] Failed to build match row: Yellow-Red Koninklijke Voetbalclub Mechelen vs Royale Union Saint-Gilloise
[4393297] Could not find attributes for malcom bokele (Göztepe Sportif Yatırımlar A.Ş., 2024)
[4410844] Failed to build match row: Al-Ittihad Football Club vs Al-Riyadh Saudi Club
[4803437] Could not find attributes for marcao (Ulsan Hyundai Football Club, 2025)
[4393297] Failed to build match row: Göztepe Sportif Yatırımlar A.Ş. vs Alanyaspor
[3886673] Failed to build match row: Elche Club de Fútbol S.A.D. vs Club Atlético de Madrid S.A.D.
[4803437] Failed to build match row: Ulsan Hyundai Football Club vs Bucheon Football Club 1995
[3598272] Could not find attributes for lior refaelov (Royal Sporting Club Anderlecht, 2021)
[3598272] Failed to build match row: Royal Sporting Club Anderlecht vs KV Oostende
[4364487] Could not find attributes for stanislav agkatsev (FK Krasnodar, 2024)
[3683451] Could not find attributes for niels kornelis (De Treffers, 2021)
[4364487] Failed to build match row: FK Krasnodar vs RFK Akhmat Grozny
[4699177] Could not find attributes for semen abramov (Salyut Belgorod, 2025)
[4582183] Could not find attributes for robert arboleda (São Paulo Futebol Clube, 2024)
[3836650] Could not find attributes for ilir avdyli (KF Llapi, 2022)
[3683451] Failed to build match row: De Treffers vs Rijnsburgse Boys

Keepers & outfield error for **Futebol Clube de Famalicão** in Clube Desportivo de Tondela vs Futebol Clube de Famalicão: Numbers: 2 and 9.
[4699177] Failed to build match row: Salyut Belgorod vs FC Ryazan
[3836650] Failed to build match row: KF Llapi vs Buducnost Podgorica
[4648644] Failed to build match row: Clube Desportivo de Tondela vs Futebol Clube de Famalicão
[4368827] Failed to build match row: Vorskla Poltava vs LNZ Cherkasy
[3451538] Could not find attributes for andriy bubentsov (VPK-Agro, 2020)
[4445166] Could not find attributes for ayyoub bouaddi (Lille Olympique Sporting Club, 2024)
[3451538] Failed to build match row: VPK-Agro vs Olimpik Donetsk
[4582183] Failed to build match row: São Paulo Futebol Clube vs Mirasol Futebol Clube
[4445166] Failed to build match row: Bologna Football Club 1909 vs Lille Olympique Sporting Club
[4204033] Could not find attributes for sito barrera (CD Tudelano, 2023)
[4204033] Failed to build match row: CD Tudelano vs Recreativo Huelva
[4374060] Failed to scrape lineup: https://www.transfermarkt.co.uk/ss-lazio_inter-milan/index/spielbericht/4374060
[3964627] Could not find attributes for javier ablanque (CD Guadalajara, 2022)
[3964627] Failed to build match row: CD Guadalajara vs Elche Club de Fútbol S.A.D.
[4150613] Could not find attributes for stavro pilo (Athlitiki Enosi Konstantinoupoleos, 2023)
[4645860] Could not find attributes for neal maupay (Sevilla Fútbol Club S.A.D., 2025)

Keepers & outfield error for **Espanol** in Espanol vs Futbol Club Barcelona: Numbers: 0 and 11.
[4150613] Failed to build match row: Athlitiki Enosi Konstantinoupoleos vs A.G.S Asteras Tripolis
[4645860] Failed to build match row: Getafe Club de Fútbol S. A. D. Team Dubai vs Sevilla Fútbol Club S.A.D.
[3886674] Failed to build match row: Espanol vs Futbol Club Barcelona
[3433577] Could not find attributes for roi hentze (B36 Tórshavn, 2020)
[3845642] Could not find attributes for aleksandr soldatenkov (PFK Krylya Sovetov Samara, 2022)
[4803438] Could not find attributes for geon joo choi (Football Club Anyang, 2025)
[3433577] Failed to build match row: B36 Tórshavn vs The New Saints

Keepers & outfield error for **Rayo Vallecano de Madrid S. A. D.** in Real Sociedad de Fútbol S.A.D. vs Rayo Vallecano de Madrid S. A. D.: Numbers: 2 and 9.
[3583514] Could not find attributes for dave jones (Newtown AFC, 2021)
[3845642] Failed to build match row: PFK Krylya Sovetov Samara vs FK Dinamo Moskva
[4527519] Failed to build match row: Real Sociedad de Fútbol S.A.D. vs Rayo Vallecano de Madrid S. A. D.
[4803438] Failed to build match row: Football Club Anyang vs Jeonbuk Hyundai Motors
[4098970] Could not find attributes for heinz lindner (Royale Union Saint-Gilloise, 2023)
[4410845] Could not find attributes for gabriel vareta (Al-Fayha FC, 2024)
[3583514] Failed to build match row: Dundalk FC vs Newtown AFC
[3860398] Could not find attributes for yasin ozcan (Kasımpaşa A.Ş., 2022)
[3860398] Failed to build match row: Kasımpaşa A.Ş. vs Ümraniyespor
[4410845] Failed to build match row: Al-Ettifaq Football Club vs Al-Fayha FC
[4098970] Failed to build match row: Royale Union Saint-Gilloise vs St Truiden

Keepers & outfield error for **Brentford Football Club** in Brentford Football Club vs Norwich City: Numbers: 0 and 11.
[4502739] Could not find attributes for oluwaseun adewumi (Dundee Football Club, 2024)
[4358674] Could not find attributes for veljko ilic (Fudbalski klub TSC Bačka Topola, 2024)
[4502739] Failed to build match row: Dundee Football Club vs Dundee United Football Club
[4358674] Failed to build match row: Fudbalski klub TSC Bačka Topola vs Fudbalski Klub IMT Novi Beograd
[3591952] Failed to build match row: Brentford Football Club vs Norwich City
[4126927] Could not find attributes for vladislav trubitsyn (Sakhalinets Moscow, 2023)
[4126927] Failed to build match row: Sakhalinets Moscow vs Leon Saturn Ramenskoe
[4368828] Could not find attributes for maksym mekhaniv (Livyi Bereg Kyiv, 2024)
[4368828] Failed to build match row: Livyi Bereg Kyiv vs LNZ Cherkasy
[3451605] Could not find attributes for dimitris dimitriou (Apollon Limassol, 2020)
[3451605] Failed to build match row: Apollon Limassol vs KKS Lech Poznań Spółka Akcyjna
[4716171] Could not find attributes for henry bonello (Hamrun Spartans, 2025)
[3487525] Could not find attributes for nikita merkulov (CD Marino, 2020)
[4649445] Could not find attributes for jack butland (Rangers Football Club, 2025)
[3487525] Failed to build match row: CD Marino vs UE Cornellà
[4716171] Failed to build match row: Hamrun Spartans vs Football Club Lausanne-Sport
[4649445] Failed to build match row: Aberdeen Football Club vs Rangers Football Club
[4361888] Could not find attributes for oleg kudryk (FK Polissya Zhytomyr, 2024)
[4699178] Could not find attributes for aleksandr bazhenov (Spartak Tambov, 2025)
[4361888] Failed to build match row: FK Polissya Zhytomyr vs NK Olimpija Ljubljana
[4410846] Could not find attributes for gaetan coucke (Al-Orobah FC, 2024)
[4410846] Failed to build match row: Al-Shabab Club vs Al-Orobah FC
[4699178] Failed to build match row: Spartak Tambov vs Metallurg Lipetsk
[4364488] Could not find attributes for vladislav torop (PFK CSKA Moskva, 2024)
[4364488] Failed to build match row: PFK CSKA Moskva vs FK Nizhny Novgorod
[3683452] Could not find attributes for norbert alblas (TOP Oss, 2021)
[4150614] Could not find attributes for julian cuesta (Aris Thessalonikis, 2023)
[4393298] Could not find attributes for mame thiam (Eyüp Spor Kulübü, 2024)
[4623602] Could not find attributes for marcel pfaar (SV Hemelingen, 2025)
[4393298] Failed to build match row: Eyüp Spor Kulübü vs Sivasspor
[4623602] Failed to build match row: SV Hemelingen vs Verein für Leibesübungen Wolfsburg
[3845643] Could not find attributes for sergey pesjakov (FK Rostov, 2022)
[4150614] Failed to build match row: Aris Thessalonikis vs Panserraikos Serres
[3845643] Failed to build match row: FK Rostov vs FC Orenburg

Keepers & outfield error for **Getafe Club de Fútbol S. A. D. Team Dubai** in Real Madrid Club de Fútbol vs Getafe Club de Fútbol S. A. D. Team Dubai: Numbers: 2 and 9.
[3886675] Failed to build match row: Real Madrid Club de Fútbol vs Getafe Club de Fútbol S. A. D. Team Dubai
[4648645] Could not find attributes for franjo ivanovic (Sport Lisboa e Benfica, 2025)
[4648645] Failed to build match row: Club Football Estrela da Amadora vs Sport Lisboa e Benfica

Keepers & outfield error for **Eintracht Frankfurt Fußball AG** in Verein für Leibesübungen Wolfsburg vs Eintracht Frankfurt Fußball AG: Numbers: 2 and 9.
[4096014] Failed to build match row: Verein für Leibesübungen Wolfsburg vs Eintracht Frankfurt Fußball AG
[4090224] Could not find attributes for srdjan kuzmic (Viborg Fodsports Forening, 2023)
[4368829] Could not find attributes for artem shabanov (FC Oleksandriya, 2024)
[4090224] Failed to build match row: Viborg Fodsports Forening vs Silkeborg Idrætsforening
[4368829] Failed to build match row: Futbolniy Klub Dynamo Kyiv vs FC Oleksandriya
[4204034] Could not find attributes for manu olmedilla (Gimnástica Segoviana CF, 2023)
[4204034] Failed to build match row: Gimnástica Segoviana CF vs Sestao River
[3598274] Could not find attributes for ilias sebaoui (Beerschot VA, 2021)
[3598274] Failed to build match row: Royal Antwerp Football Club vs Beerschot VA
[3631874] Could not find attributes for kofi balmer (Larne FC, 2021)
[3860399] Could not find attributes for andreas bouchalakis (Konyaspor, 2022)
[3860399] Failed to build match row: Konyaspor vs Galatasaray Spor Kulübü
[3631874] Failed to build match row: Larne FC vs FC Paços de Ferreira
[3433578] Could not find attributes for aleksandr zarutskiy (Kaysar Kyzylorda, 2020)
[4364489] Could not find attributes for artur nigmatullin (FC Rubin Kazan, 2024)
[3433578] Failed to build match row: Kaysar Kyzylorda vs APOEL Nicosia
[4364489] Failed to build match row: FC Rubin Kazan vs AO FK Zenit Sankt-Peterburg
[4361889] Could not find attributes for balazs toth (Videoton FC, 2024)
[4361889] Failed to build match row: Videoton FC vs Sumgayit PFC
C, 2024)

Keepers & outfield error for **Villarreal Club de Fútbol S.A.D.** in Villarreal Club de Fútbol S.A.D. vs Valencia Club de Fútbol S. A. D.: Numbers: 0 and 11.
[4126928] Could not find attributes for sergey glazkov (FK Chelyabinsk, 2023)
[4645862] Failed to build match row: Villarreal Club de Fútbol S.A.D. vs Valencia Club de Fútbol S. A. D.
[4502740] Failed to build match row: Elgin City FC vs Aberdeen Football Club
[4358675] Could not find attributes for stojan lekovic (FK Radnički 1923 Kragujevac, 2024)
[3836651] Could not find attributes for aleix cistero (Atlètic Club d'Escaldes, 2022)
[4126928] Failed to build match row: FK Chelyabinsk vs Irtysh Omsk
[4374062] Could not find attributes for mattia liberali (Associazione Calcio Milan, 2024)
[4582184] Could not find attributes for lucas barbosa (Red Bull Bragantino, 2024)
[4769104] Could not find attributes for anton skipper (Esbjerg fB, 2025)
[4358675] Failed to build match row: FK Radnički 1923 Kragujevac vs Železničar Pančevo
[4641220] Could not find attributes for seiji kimura (Koninklijke Voetbal Club Westerlo, 2025)
[4393299] Could not find attributes for tolga kalender (Adana Demirspor, 2024)
D vs Futebol Clube de Famalicão: Numbers: 2 and 9.
[4582184] Failed to build match row: Red Bull Bragantino vs Esporte Clube Juventude
[3836651] Failed to build match row: Atlètic Club d'Escaldes vs Gzira United FC
[4769104] Failed to build match row: Esbjerg fB vs Football Club København
[4374062] Failed to build match row: Associazione Calcio Milan vs Genoa Cricket and Football Club
[4641220] Failed to build match row: Royal Charleroi Sporting Club vs Koninklijke Voetbal Club Westerlo

Keepers & outfield error for **Association Football Club Bournemouth** in Association Football Club Bournemouth vs Fulham Football Club: Numbers: 2 and 9.
[4410847] Could not find attributes for konstantinos fortounis (Al-Khaleej Club (Saihat), 2024)
[4410847] Failed to build match row: Al-Khaleej Club (Saihat) vs Al-Wehda FC
[4648646] Failed to build match row: AVS Futebol SAD vs Futebol Clube de Famalicão
[3845644] Could not find attributes for vanja drkusic (FK Sochi, 2022)
[4393299] Failed to build match row: Adana Demirspor vs Kasımpaşa A.Ş.
[4090225] Could not find attributes for srdjan kuzmic (Viborg Fodsports Forening, 2023)
[3886676] Could not find attributes for chris ramos (Cádiz CF, 2022)
[4090225] Failed to build match row: Aarhus Gymnastik Forening vs Viborg Fodsports Forening
[4625836] Failed to build match row: Association Football Club Bournemouth vs Fulham Football Club
[4150615] Could not find attributes for panagiotis tsintotas (APS Atromitos Athinon, 2023)
[4649447] Could not find attributes for alexander schwolow (Heart of Midlothian Football Club, 2025)
[4803440] Could not find attributes for sung yun gu (Football Club Seoul, 2025)
[3845644] Failed to build match row: FK Sochi vs FK Nizhny Novgorod
[4649447] Failed to build match row: Dundee Football Club vs Heart of Midlothian Football Club
[4368830] Could not find attributes for pavlo isenko (Vorskla Poltava, 2024)
[3886676] Failed to build match row: Real Club Deportivo Mallorca S.A.D. vs Cádiz CF
[4150615] Failed to build match row: APS Atromitos Athinon vs Panthessalonikios Athlitikos Omilos Konstantinoupoliton
[4803440] Failed to build match row: Gwangju Football Club vs Football Club Seoul
[4368830] Failed to build match row: FC Shakhtar Donetsk vs Vorskla Poltava
[4098972] Could not find attributes for sergiy sydorchuk (Koninklijke Voetbal Club Westerlo, 2023)
[3451606] Could not find attributes for sergiy vakulenko (FC Ararat-Armenia, 2020)
[4098972] Failed to build match row: Royal Standard Club de Liège vs Koninklijke Voetbal Club Westerlo
[3451606] Failed to build match row: FC Ararat-Armenia vs NK Celje
[3860401] Could not find attributes for samu saiz (Sivasspor, 2022)
[3860401] Failed to build match row: Sivasspor vs MKE Ankaragücü
[4126929] Could not find attributes for alil magomedov (Legion-Dinamo Makhachkala, 2023)
[3605309] Could not find attributes for shkodran mustafi (Levante Unión Deportiva S.A.D., 2021)
[4126929] Failed to build match row: Legion-Dinamo Makhachkala vs Pobeda Khasavyurt
[3605309] Failed to build match row: Levante Unión Deportiva S.A.D. vs Getafe Club de Fútbol S. A. D. Team Dubai
[3583515] Could not find attributes for gianluca sciberras (Mosta FC, 2021)
[4410848] Could not find attributes for hussain al zarie (Al-Fateh Club, 2024)
[3631876] Failed to scrape lineup: https://www.transfermarkt.co.uk/spielbericht/index/spielbericht/3631876
[4090226] Could not find attributes for paulinho (Fodbold Club Midtjylland, 2023)
[4150616] Could not find attributes for daniel kovacs (Volou Neos Podosferikos Syllogos, 2023)
[4410848] Failed to build match row: Al-Fateh Club vs Al-Raed SFC
[4090226] Failed to build match row: Fodbold Club Midtjylland vs Fodbold Club Nordsjælland
[3451607] Could not find attributes for otso virtanen (Kuopion Palloseura, 2020)
[3583515] Failed to build match row: Mosta FC vs Spartak Trnava
[4393300] Could not find attributes for riechedly bazoer (Konyaspor, 2024)
[4150616] Failed to build match row: Volou Neos Podosferikos Syllogos vs Panetolikos Agrinio
[3451607] Failed to build match row: Kuopion Palloseura vs FK Suduva Marijampole
[4368831] Could not find attributes for artur rudko (Chornomorets Odesa, 2024)

Keepers & outfield error for **Fatih Karagümrük Sportif Faaliyetler San. Tic. A.Ş.** in Fatih Karagümrük Sportif Faaliyetler San. Tic. A.Ş. vs İstanbul Başakşehir Futbol Kulübü: Numbers: 0 and 11.
Not enough players found for lineup: 0, 0.
[4393300] Failed to build match row: Konyaspor vs Bodrum FK
[3860402] Failed to build match row: Fatih Karagümrük Sportif Faaliyetler San. Tic. A.Ş. vs İstanbul Başakşehir Futbol Kulübü
[4368831] Failed to build match row: Chornomorets Odesa vs FK Kryvbas Kryvyi Rig
[4699179] Could not find attributes for artem ermakov (Dinamo Bryansk, 2025)
[4699179] Failed to build match row: Dinamo Bryansk vs Leon Saturn Ramenskoe
[3683453] Failed to scrape lineup: https://www.transfermarkt.co.uk/spielbericht/index/spielbericht/3683453

Keepers & outfield error for **Sevilla Fútbol Club S.A.D.** in Real Valladolid CF vs Sevilla Fútbol Club S.A.D.: Numbers: 2 and 9.
[3886677] Failed to build match row: Real Valladolid CF vs Sevilla Fútbol Club S.A.D.
[4204035] Could not find attributes for milan hilderink (CD Manchego Ciudad Real, 2023)
[3836652] Could not find attributes for mattias lamhauge (B36 Tórshavn, 2022)
[4204035] Failed to build match row: CD Manchego Ciudad Real vs Antequera CF
[4803441] Could not find attributes for kyung sub park (Incheon United Football Club, 2025)
[4803441] Failed to build match row: Incheon United Football Club vs Football Club Pohang Steelers
[3836652] Failed to build match row: B36 Tórshavn vs FK Borac Banja Luka

Keepers & outfield error for **Casa Pia Atlético Clube** in Casa Pia Atlético Clube vs Clube Desportivo Nacional: Numbers: 2 and 9.
[4648647] Failed to build match row: Casa Pia Atlético Clube vs Clube Desportivo Nacional
[4625837] Could not find attributes for yegor yarmolyuk (Brentford Football Club, 2025)
[3964628] Could not find attributes for francisco caturla (Juventud Torremolinos CF, 2022)
[3964628] Failed to build match row: Juventud Torremolinos CF vs Sevilla Fútbol Club S.A.D.

Keepers & outfield error for **Eintracht Frankfurt Fußball AG** in Sportverein Werder Bremen von 1899 vs Eintracht Frankfurt Fußball AG: Numbers: 0 and 11.
[4625837] Failed to build match row: Brentford Football Club vs Manchester City Football Club
[4634283] Failed to build match row: Sportverein Werder Bremen von 1899 vs Eintracht Frankfurt Fußball AG
[3598275] Could not find attributes for nayel mehssatou (KV Kortrijk, 2021)
[3598275] Failed to build match row: KV Kortrijk vs Royale Union Saint-Gilloise
[4126930] Could not find attributes for bogdan kuzmenko (Salyut Belgorod, 2023)

Keepers & outfield error for **Wolverhampton Wanderers Football Club** in Crystal Palace Football Club vs Wolverhampton Wanderers Football Club: Numbers: 0 and 11.

Keepers & outfield error for **Clube Atlético Mineiro** in Clube Atlético Mineiro vs Sport Club Corinthians Paulista: Numbers: 0 and 11.
[4502741] Could not find attributes for jack brydon (Queen of the South FC, 2024)
[3845645] Could not find attributes for ilya svinov (Fakel Voronezh, 2022)
[4126930] Failed to build match row: Salyut Belgorod vs Avangard Kursk
[3591955] Failed to build match row: Crystal Palace Football Club vs Wolverhampton Wanderers Football Club
[4716172] Could not find attributes for gudmundur thorarinsson (FC Noah Yerevan, 2025)
[3845645] Failed to build match row: Fakel Voronezh vs Ural Yekaterinburg
[4502741] Failed to build match row: Queen of the South FC vs Saint Mirren Football Club
[3421717] Could not find attributes for nampalys mendy (Leicester City, 2020)
[4582185] Failed to build match row: Clube Atlético Mineiro vs Sport Club Corinthians Paulista
[4716172] Failed to build match row: FC Noah Yerevan vs Legia Warszawa Spółka Akcyjna
[4649449] Could not find attributes for mahamadou susoho (Livingston Football Club, 2025)
[4358676] Could not find attributes for vladimir savic (Fudbalski klub Napredak Kruševac, 2024)
[4528044] Could not find attributes for gelson martins (Olympiakos Syndesmos Filathlon Peiraios, 2024)
[4403411] Could not find attributes for bernabe barragan (Athens Kallithea, 2024)
[3421717] Failed to build match row: Leicester City vs Aston Villa Football Club
[4410849] Could not find attributes for francois kamano (Damac Football Club, 2024)
[4649449] Failed to build match row: Livingston Football Club vs Kilmarnock Football Club
[4528044] Failed to build match row: Panathinaikos Athlitikos Omilos vs Olympiakos Syndesmos Filathlon Peiraios
[4410849] Failed to build match row: Damac Football Club vs Al-Qadsiah Saudi Football Club
[4358676] Failed to build match row: Fudbalski klub Napredak Kruševac vs Fudbalski Klub Partizan Beograd
[4090227] Could not find attributes for yuito suzuki (Brøndby Idrætsforening, 2023)
[4403411] Failed to build match row: Athens Kallithea vs Panserraikos Serres
[4641221] Could not find attributes for marley ake (Sportvereniging Zulte Waregem, 2025)
[4641221] Failed to build match row: FC Verbroedering Denderhoutem Denderleeuw Eendracht Hekelgem vs Sportvereniging Zulte Waregem
[4368832] Could not find attributes for oleksandr kemkin (FK Karpaty Lviv, 2024)
[4368832] Failed to build match row: FK Karpaty Lviv vs NK Veres Rivne
Not enough players found for lineup: 11, 0.
[3860403] Could not find attributes for tayyip talha sanuc (Beşiktaş Jimnastik Kulübü, 2022)
[4445170] Could not find attributes for in beom hwang (Feyenoord Rotterdam, 2024)
[3911726] Could not find attributes for remko pasveer (AFC Ajax Amsterdam, 2022)
[3683454] Failed to scrape lineup: https://www.transfermarkt.co.uk/spielbericht/index/spielbericht/3683454
[4445170] Failed to build match row: Girona Fútbol Club S. A. D. vs Feyenoord Rotterdam
[3911726] Failed to build match row: Società Sportiva Calcio Napoli vs AFC Ajax Amsterdam
[3860403] Failed to build match row: Beşiktaş Jimnastik Kulübü vs Istanbulspor
[4803442] Could not find attributes for marcao (Ulsan Hyundai Football Club, 2025)
[3487526] Could not find attributes for moha sanhaji (CD Numancia, 2020)

Keepers & outfield error for **Real Oviedo S.A.D.** in Real Sociedad de Fútbol S.A.D. vs Real Oviedo S.A.D.: Numbers: 2 and 9.
[4150617] Could not find attributes for praxitelis vouros (Omilos Filathlon Irakliou FC, 2023)
[3487526] Failed to build match row: CD Numancia vs CF Lorca Deportiva
[4645863] Failed to build match row: Real Sociedad de Fútbol S.A.D. vs Real Oviedo S.A.D.
[3433579] Could not find attributes for hadis velii (Renova Dzepciste, 2020)
[3433579] Failed to build match row: Renova Dzepciste vs HNK Hajduk Split
[4150617] Failed to build match row: Omilos Filathlon Irakliou FC vs Athlitiki Enosi Kifisias
[3631877] Could not find attributes for slavisa bogdanovic (FK Velez Mostar, 2021)
[4803442] Failed to build match row: Ulsan Hyundai Football Club vs Jeju SK Football Club
[3631877] Failed to build match row: Idrottsföreningen Elfsborg vs FK Velez Mostar
[3614623] Could not find attributes for yayah kallon (Genoa Cricket and Football Club, 2021)
[3614623] Failed to build match row: Spezia Calcio vs Genoa Cricket and Football Club
[4098974] Could not find attributes for omri gandelman (Koninklijke Atletiek Associatie Gent, 2023)
[4098974] Failed to build match row: Koninklijke Atletiek Associatie Gent vs KAS Eupen
[4634284] Could not find attributes for rani khedira (1. Fußballclub Union Berlin, 2025)
[4634284] Failed to build match row: Verein für Bewegungsspiele Stuttgart 1893 vs 1. Fußballclub Union Berlin

Keepers & outfield error for **Al-Nassr Football Club** in Al-Nassr Football Club vs Al-Kholood Club: Numbers: 0 and 11.
[4528045] Could not find attributes for gelson martins (Olympiakos Syndesmos Filathlon Peiraios, 2024)
[4410850] Failed to build match row: Al-Nassr Football Club vs Al-Kholood Club
[4528045] Failed to build match row: Olympiakos Syndesmos Filathlon Peiraios vs Panathinaikos Athlitikos Omilos
[3886678] Could not find attributes for abde ezzalzouli (Club Atlético Osasuna, 2022)
[4361890] Could not find attributes for tatu miettunen (Ilves Tampere, 2024)

Keepers & outfield error for **Real Sociedad de Fútbol S.A.D.** in Real Sociedad de Fútbol S.A.D. vs Real Club Deportivo Mallorca S.A.D.: Numbers: 2 and 9.
[4361890] Failed to build match row: Fußballklub Austria Wien vs Ilves Tampere
[4090228] Could not find attributes for filip helander (Odense Boldklub, 2023)
[3886678] Failed to build match row: Club Atlético Osasuna vs UD Almería
[3605311] Failed to build match row: Real Sociedad de Fútbol S.A.D. vs Real Club Deportivo Mallorca S.A.D.
[4403412] Could not find attributes for julian cuesta (Aris Thessalonikis, 2024)
[4648648] Could not find attributes for nabil touaizi (Futebol Clube de Alverca, 2025)
[3583516] Could not find attributes for krisjanis zviedris (FK Liepaja, 2021)
[4090228] Failed to build match row: Odense Boldklub vs Hvidovre IF
[4393301] Could not find attributes for mehdi bourabia (Kayserispor Kulübü, 2024)
[4393301] Failed to build match row: Kayserispor Kulübü vs Trabzonspor Kulübü
[4364490] Failed to scrape lineup: https://www.transfermarkt.co.uk/spielbericht/index/spielbericht/4364490
[4648648] Failed to build match row: Futebol Clube de Alverca vs Sport Lisboa e Benfica
[3451608] Could not find attributes for victor mpindi (Sønderjyske Fodbold, 2020)
[3583516] Failed to build match row: FK Liepaja vs Struga Trim & Lum
[4445171] Could not find attributes for dominik takac (Slovan Bratislava, 2024)
[3451608] Failed to build match row: FC Viktoria Plzeň, a.s. vs Sønderjyske Fodbold
[4403412] Failed to build match row: Aris Thessalonikis vs Volou Neos Podosferikos Syllogos
[4368833] Could not find attributes for yevgen volynets (FK Polissya Zhytomyr, 2024)
[4445171] Failed to build match row: Girona Fútbol Club S. A. D. vs Slovan Bratislava
[3845646] Could not find attributes for daniil khudyakov (Футбольный клуб "Локомотив" Москва, 2022)
[4368833] Failed to build match row: FK Polissya Zhytomyr vs FC Rukh Lviv
[3845646] Failed to build match row: Футбольный клуб "Локомотив" Москва vs PFK Krylya Sovetov Samara
[3836653] Could not find attributes for guillaume cappa (FC Differdange 03, 2022)
[3836653] Failed to build match row: FC Differdange 03 vs NK Olimpija Ljubljana
[4641222] Could not find attributes for seiji kimura (Koninklijke Voetbal Club Westerlo, 2025)

Keepers & outfield error for **Ross County FC** in Ross County FC vs Livingston Football Club: Numbers: 0 and 11.
[4150618] Could not find attributes for alexandros paschalakis (Olympiakos Syndesmos Filathlon Peiraios, 2023)
[3964629] Could not find attributes for xabier zaldua (CD Arnedo, 2022)
[4641222] Failed to build match row: Royale Union Saint-Gilloise vs Koninklijke Voetbal Club Westerlo
[3631879] Could not find attributes for slavisa bogdanovic (FK Velez Mostar, 2021)
[4358677] Could not find attributes for vukasin jovanovic (FK Jedinstvo Ub, 2024)
[3631879] Failed to build match row: FK Velez Mostar vs Idrottsföreningen Elfsborg
ad
[4502742] Failed to build match row: Ross County FC vs Livingston Football Club
[3964629] Failed to build match row: CD Arnedo vs Club Atlético Osasuna
[4649451] Could not find attributes for james brown (Kilmarnock Football Club, 2025)
[3433580] Could not find attributes for sergiy vakulenko (FC Ararat-Armenia, 2020)
[4096018] Could not find attributes for anthony losilla (VfL Bochum, 2023)
[4150618] Failed to build match row: Panathinaikos Athlitikos Omilos vs Olympiakos Syndesmos Filathlon Peiraios

Keepers & outfield error for **Atalanta Bergamasca Calcio S.p.a.** in Atalanta Bergamasca Calcio S.p.a. vs FC Empoli: Numbers: 2 and 9.
[3433580] Failed to build match row: FC Ararat-Armenia vs CS Fola Esch
[4096018] Failed to build match row: VfL Bochum vs Mönchengladbach
[4716173] Could not find attributes for sergey muradyan (FC Noah Yerevan, 2025)
[4649451] Failed to build match row: Dundee Football Club vs Kilmarnock Football Club
[4374065] Failed to build match row: Atalanta Bergamasca Calcio S.p.a. vs FC Empoli

Keepers & outfield error for **Alanyaspor** in Alanyaspor vs Fenerbahçe Spor Kulübü: Numbers: 2 and 9.
[4716173] Failed to build match row: FC Noah Yerevan vs Hrvatski Nogometni Klub Rijeka

Keepers & outfield error for **Grêmio Foot-Ball Porto Alegrense** in Grêmio Foot-Ball Porto Alegrense vs Esporte Clube Bahia: Numbers: 2 and 9.
[4803443] Could not find attributes for geon joo choi (Football Club Anyang, 2025)
[4582186] Failed to build match row: Grêmio Foot-Ball Porto Alegrense vs Esporte Clube Bahia
[4803443] Failed to build match row: Football Club Anyang vs Gimcheon Sangmu Football Club
[3683455] Could not find attributes for mike havekotte (Helmond Sport, 2021)
[3683455] Failed to build match row: Football Club Groningen vs Helmond Sport
[3430360] Could not find attributes for daniel bruus petersen (Glamsbjerg IF, 2020)
[3430360] Failed to build match row: Glamsbjerg IF vs Esbjerg fB
[3487527] Could not find attributes for mujaid sadick (Deportivo de La Coruña, 2020)
[3487527] Failed to build match row: Deportivo de La Coruña vs Club Polideportivo El Ejido
[4090229] Could not find attributes for yeni ngbakoto (Vejle Boldklub, 2023)
[4204036] Could not find attributes for guram khvedelidze (Real Avilés CF, 2023)
[4090229] Failed to build match row: Vejle Boldklub vs Lyngby Boldklub
[4204036] Failed to build match row: Real Avilés CF vs CD Arenteiro

Keepers & outfield error for **Elche Club de Fútbol S.A.D.** in Athletic Club Bilbao vs Elche Club de Fútbol S.A.D.: Numbers: 0 and 11.
[4645865] Failed to build match row: Athletic Club Bilbao vs Elche Club de Fútbol S.A.D.
[4361891] Could not find attributes for liridon berisha (FC Vaduz, 2024)
[4361891] Failed to build match row: FC Vaduz vs St. Patrick's Athletic
[4112884] Could not find attributes for arsen zakharyan (Real Sociedad de Fútbol S.A.D., 2023)
[4634285] Could not find attributes for yannick gerhardt (Verein für Leibesübungen Wolfsburg, 2025)
[4634285] Failed to build match row: Verein für Leibesübungen Wolfsburg vs 1. Fußballclub Heidenheim 1846
[4112884] Failed to build match row: Villarreal Club de Fútbol S.A.D. vs Real Sociedad de Fútbol S.A.D.
[4126931] Could not find attributes for artem koveshnikov (Torpedo Vladimir, 2023)
[4126931] Failed to build match row: Torpedo Vladimir vs Khimik Dzerzhinsk
[4803444] Could not find attributes for hyeong keun kim (Bucheon Football Club 1995, 2025)
[4803444] Failed to build match row: Bucheon Football Club 1995 vs Jeonbuk Hyundai Motors
[4403413] Could not find attributes for lefteris choutesiotis (APS Atromitos Athinon, 2024)
[4364491] Could not find attributes for ivan lepskiy (FK Dinamo Moskva, 2024)
[4403413] Failed to build match row: APS Atromitos Athinon vs APO Levadiakos Football Club
[4582187] Could not find attributes for ze marcos (Esporte Clube Vitória, 2024)
[4364491] Failed to build match row: FK Dinamo Moskva vs PFK Krylya Sovetov Samara
[3412953] Could not find attributes for mehmet aydin (FC Schalke 04, 2020)

Keepers & outfield error for **Venezia FC** in Venezia FC vs US Salernitana 1919: Numbers: 0 and 11.
[4582187] Failed to build match row: Esporte Clube Vitória vs Santos Futebol Clube
[4096019] Could not find attributes for tim kleindienst (1. Fußballclub Heidenheim 1846, 2023)
[4090230] Could not find attributes for lubambo musonda (Silkeborg Idrætsforening, 2023)
[4649452] Could not find attributes for alexander schwolow (Heart of Midlothian Football Club, 2025)
[4716174] Could not find attributes for sergey muradyan (FC Noah Yerevan, 2025)
[4649452] Failed to build match row: Falkirk Football & Athletic Club vs Heart of Midlothian Football Club

Keepers & outfield error for **Associazione Calcio Fiorentina** in Associazione Calcio Fiorentina vs Udinese Calcio: Numbers: 0 and 11.
[3631888] Could not find attributes for vytautas cerniauskas (FC RFS, 2021)
[4096019] Failed to build match row: 1. Fußballclub Heidenheim 1846 vs 1. Fußballclub Union Berlin
[3412953] Failed to build match row: Arminia Bielefeld vs FC Schalke 04
[3845647] Could not find attributes for mikhail kerzhakov (AO FK Zenit Sankt-Peterburg, 2022)
[4358678] Could not find attributes for zoran popovic (Železničar Pančevo, 2024)
[4410852] Could not find attributes for mohanad al qaydhi (Al-Okhdood Club, 2024)
[4090230] Failed to build match row: Silkeborg Idrætsforening vs Randers Fodbold Club
Not enough players found for lineup: 0, 11.
[4716174] Failed to build match row: FC Noah Yerevan vs SK Sigma Olomouc, a.s.
[4358678] Failed to build match row: Železničar Pančevo vs Fudbalski klub Napredak Kruševac
[4374066] Failed to build match row: Associazione Calcio Fiorentina vs Udinese Calcio
[3845647] Failed to build match row: AO FK Zenit Sankt-Peterburg vs PFK CSKA Moskva
[3631888] Failed to build match row: Koninklijke Atletiek Associatie Gent vs FC RFS
[4410852] Failed to build match row: Al-Okhdood Club vs Al-Ahli Saudi Football Club
[3430361] Failed to scrape lineup: https://www.transfermarkt.co.uk/spielbericht/index/spielbericht/3430361
[4393303] Could not find attributes for rachid ghezzal (Çaykur Rizespor Kulübü, 2024)
[3860406] Could not find attributes for amar gerxhaliu (Antalyaspor, 2022)
[4625840] Could not find attributes for joao palhinha (Tottenham Hotspur Football Club, 2025)
[4368834] Could not find attributes for oleksiy palamarchuk (Ingulets Petrove, 2024)
[4641224] Failed to scrape lineup: https://www.transfermarkt.co.uk/zulte-waregem_royal-antwerp-fc/index/spielbericht/4641224
[3598278] Could not find attributes for robert bauer (St Truiden, 2021)
[3860406] Failed to build match row: Trabzonspor Kulübü vs Antalyaspor
[4368834] Failed to build match row: Ingulets Petrove vs FC Zorya Lugansk
[4699497] Could not find attributes for logan pye (Accrington Stanley, 2025)
[4393303] Failed to build match row: Fenerbahçe Spor Kulübü vs Çaykur Rizespor Kulübü
[4625840] Failed to build match row: Leeds United Association Football Club vs Tottenham Hotspur Football Club
[4502743] Could not find attributes for bozo mikulic (St. Johnstone FC, 2024)
[3598278] Failed to build match row: St Truiden vs Yellow-Red Koninklijke Voetbalclub Mechelen
[4699497] Failed to build match row: Accrington Stanley vs Peterborough United
[4769106] Failed to scrape lineup: https://www.transfermarkt.co.uk/spielbericht/index/spielbericht/4769106
[4150619] Could not find attributes for vasilios athanasiou (PAS Giannina, 2023)
[3487528] Could not find attributes for aitor cordoba (Burgos CF, 2020)
[3451609] Could not find attributes for szilveszter hangya (Videoton FC, 2020)

Keepers & outfield error for **Manchester United Football Club** in Manchester United Football Club vs Manchester City Football Club: Numbers: 2 and 9.
[3487528] Failed to build match row: Burgos CF vs FC Andorra
[4502743] Failed to build match row: St. Johnstone FC vs Motherwell Football Club
[3583517] Could not find attributes for delvin skenderovic (Racing FC Union Luxembourg, 2021)
[3591958] Failed to build match row: Manchester United Football Club vs Manchester City Football Club
[3583517] Failed to build match row: Racing FC Union Luxembourg vs Breidablik Kópavogur
[4150619] Failed to build match row: PAS Giannina vs PAS Lamia 1964
[3451609] Failed to build match row: Videoton FC vs Stade Reims
[3886681] Failed to scrape lineup: https://www.transfermarkt.co.uk/atletico-de-madrid_ca-osasuna/index/spielbericht/3886681
[3433581] Could not find attributes for evgeniy postnikov (FC Astana, 2020)
[4582188] Failed to scrape lineup: https://www.transfermarkt.co.uk/fortaleza-esporte-clube_cruzeiro-esporte-clube/index/spielbericht/4582188
[4096020] Failed to scrape lineup: https://www.transfermarkt.co.uk/sv-darmstadt-98_sv-werder-bremen/index/spielbericht/4096020
[3433581] Failed to build match row: FC Astana vs Buducnost Podgorica
[4364492] Could not find attributes for aleksandr selikhov (FK Spartak Moskva, 2024)
[4090231] Could not find attributes for yeni ngbakoto (Vejle Boldklub, 2023)
[4364492] Failed to build match row: FK Spartak Moskva vs Dinamo Makhachkala

Keepers & outfield error for **Oud-Heverlee Leuven** in Yellow-Red Koninklijke Voetbalclub Mechelen vs Oud-Heverlee Leuven: Numbers: 0 and 11.
[4403414] Could not find attributes for gelson martins (Olympiakos Syndesmos Filathlon Peiraios, 2024)
[4090231] Failed to build match row: Hvidovre IF vs Vejle Boldklub
[3836654] Could not find attributes for rohan ferguson (Larne FC, 2022)
[4403414] Failed to build match row: Olympiakos Syndesmos Filathlon Peiraios vs Athlitiki Enosi Konstantinoupoleos
[3836654] Failed to build match row: Larne FC vs St Joseph's FC
[4098977] Failed to build match row: Yellow-Red Koninklijke Voetbalclub Mechelen vs Oud-Heverlee Leuven

Keepers & outfield error for **Athletic Club Bilbao** in UD Almería vs Athletic Club Bilbao: Numbers: 2 and 9.
[4112885] Failed to build match row: UD Almería vs Athletic Club Bilbao
[3683456] Could not find attributes for timo van roemburg (Ajax Amateurs, 2021)
[3683456] Failed to build match row: Ajax Amateurs vs SC Cambuur Leeuwarden
[4641225] Failed to scrape lineup: https://www.transfermarkt.co.uk/cercle-brugge-_kaa-gent/index/spielbericht/4641225

Keepers & outfield error for **Al-Nassr Football Club** in Al-Nassr Football Club vs Al-Qadsiah Saudi Football Club: Numbers: 0 and 11.
[4410853] Failed to build match row: Al-Nassr Football Club vs Al-Qadsiah Saudi Football Club
[4361893] Could not find attributes for hamadou karamoko (FC Progrès Niederkorn, 2024)
[4361893] Failed to build match row: FC Progrès Niederkorn vs Djurgårdens Idrottsförening
[3860407] Could not find attributes for emre tasdemir (Galatasaray Spor Kulübü, 2022)
[3860407] Failed to build match row: Galatasaray Spor Kulübü vs Ümraniyespor
[4803445] Could not find attributes for sung yun gu (Football Club Seoul, 2025)
[4803445] Failed to build match row: Foundation Coorperation Hana Financial Group Inc. Football Club vs Football Club Seoul

Keepers & outfield error for **Levante Unión Deportiva S.A.D.** in Futbol Club Barcelona vs Levante Unión Deportiva S.A.D.: Numbers: 0 and 11.
[4645867] Failed to build match row: Futbol Club Barcelona vs Levante Unión Deportiva S.A.D.
[4126932] Could not find attributes for daniil kolesnikov (Khimik-August Vurnary (-2024), 2023)
[4126932] Failed to build match row: Khimik-August Vurnary (-2024) vs Zenit Penza
[3911729] Could not find attributes for remko pasveer (AFC Ajax Amsterdam, 2022)
[4769107] Could not find attributes for ismahila ouedraogo (Odense Boldklub, 2025)
[3911729] Failed to build match row: Rangers Football Club vs AFC Ajax Amsterdam
[4769107] Failed to build match row: Odense Boldklub vs Aarhus Gymnastik Forening
[3836655] Could not find attributes for anton ari einarsson (Breidablik Kópavogur, 2022)
[4364493] Could not find attributes for bogdan moskvichev (FC Orenburg, 2024)
[3836655] Failed to build match row: Breidablik Kópavogur vs UE Santa Coloma
[4403415] Could not find attributes for nikola stajic (Panetolikos Agrinio, 2024)
[4364493] Failed to build match row: FC Orenburg vs FK Rostov
[4403415] Failed to build match row: Panetolikos Agrinio vs Panathinaikos Athlitikos Omilos
[4368835] Could not find attributes for ilir krasniqi (FK Kolos Kovalivka, 2024)
[4410854] Could not find attributes for alexsander (Al-Ahli Saudi Football Club, 2024)
[4634288] Could not find attributes for jahmai simpson pusey (1. Fußball-Club Köln, 2025)
[4502744] Could not find attributes for will tizzard (Queen's Park FC, 2024)
[4634288] Failed to build match row: 1. Fußball-Club Köln vs 1. Fußball- und Sportverein Mainz 05
[4410854] Failed to build match row: Al-Fayha FC vs Al-Ahli Saudi Football Club
[3964630] Could not find attributes for markel etxeberria (Sestao River, 2022)
[4150620] Could not find attributes for julian cuesta (Aris Thessalonikis, 2023)
[4368835] Failed to build match row: FK Kolos Kovalivka vs FK Obolon Kyiv
[3631890] Failed to build match row: FC RFS vs Koninklijke Atletiek Associatie Gent
[4502744] Failed to build match row: Queen's Park FC vs Montrose FC
[3964630] Failed to build match row: Sestao River vs Athletic Club Bilbao

Keepers & outfield error for **Real Betis Balompié S.A.D.** in Real Betis Balompié S.A.D. vs Rayo Vallecano de Madrid S. A. D.: Numbers: 2 and 9.

Keepers & outfield error for **Fatih Karagümrük Sportif Faaliyetler San. Tic. A.Ş.** in Fatih Karagümrük Sportif Faaliyetler San. Tic. A.Ş. vs Beşiktaş Jimnastik Kulübü: Numbers: 0 and 11.
[3433582] Could not find attributes for stivi frasheri (KF Teuta, 2020)
[3451610] Could not find attributes for sergey pesjakov (FK Rostov, 2020)
[4150620] Failed to build match row: Aris Thessalonikis vs Athlitiki Enosi Kifisias
[3860408] Failed to build match row: Fatih Karagümrük Sportif Faaliyetler San. Tic. A.Ş. vs Beşiktaş Jimnastik Kulübü
[4645868] Failed to build match row: Real Betis Balompié S.A.D. vs Rayo Vallecano de Madrid S. A. D.
[3433582] Failed to build match row: KF Teuta vs Granada CF
[3451610] Failed to build match row: FK Rostov vs Maccabi Haifa
[3845648] Could not find attributes for anton shunin (FK Dinamo Moskva, 2022)

Keepers & outfield error for **Incheon United Football Club** in Incheon United Football Club vs Gwangju Football Club: Numbers: 3 and 8.
[4803446] Failed to build match row: Incheon United Football Club vs Gwangju Football Club
[4098978] Could not find attributes for parfait guiagon (Royal Charleroi Sporting Club, 2023)
[3845648] Failed to build match row: FK Dinamo Moskva vs FK Krasnodar
[4716176] Could not find attributes for faton maloku (FC Drita, 2025)
[4098978] Failed to build match row: Royal Charleroi Sporting Club vs KV Kortrijk
[4716176] Failed to build match row: Shelbourne FC vs FC Drita
[4358679] Could not find attributes for nemanja belic (Fudbalski Klub IMT Novi Beograd, 2024)
[3614626] Could not find attributes for arbi mezhiev (Rodina Moscow, 2021)
[4358679] Failed to build match row: Fudbalski Klub IMT Novi Beograd vs FK Radnički 1923 Kragujevac
[4699853] Could not find attributes for dmitriy medvedev (Irtysh Omsk, 2025)
[4364494] Could not find attributes for anton mitryushkin (Футбольный клуб "Локомотив" Москва, 2024)
[3614626] Failed to build match row: Rodina Moscow vs Torpedo Vladimir
[4699853] Failed to build match row: Irtysh Omsk vs Temp Barnaul
[4364494] Failed to build match row: Футбольный клуб "Локомотив" Москва vs FC Khimki (-2025)
[3421722] Could not find attributes for branislav ivanovic (West Bromwich Albion, 2020)
[3886683] Could not find attributes for theo bongonda (Cádiz CF, 2022)
[3886683] Failed to build match row: Cádiz CF vs Real Valladolid CF
[3421722] Failed to build match row: West Bromwich Albion vs Burnley Football Club
[3412955] Could not find attributes for makoto hasebe (Eintracht Frankfurt Fußball AG, 2020)
[3412955] Failed to build match row: FC Bayern München vs Eintracht Frankfurt Fußball AG

Keepers & outfield error for **Querétaro Fútbol Club** in Querétaro Fútbol Club vs Club de Futbol América S. A. de C. V.: Numbers: 0 and 11.
[4528213] Failed to build match row: Querétaro Fútbol Club vs Club de Futbol América S. A. de C. V.
[4403416] Could not find attributes for alvaro raton (PAS Lamia 1964, 2024)
[4410855] Could not find attributes for konstantinos fortounis (Al-Khaleej Club (Saihat), 2024)
[4403416] Failed to build match row: PAS Lamia 1964 vs Omilos Filathlon Irakliou FC
[4410855] Failed to build match row: Al-Khaleej Club (Saihat) vs Al-Hilal Saudi Football Club
[3583518] Could not find attributes for dani hatakka (FC Honka, 2021)
[3583518] Failed to build match row: FC Honka vs NSÍ Runavík
[4112887] Could not find attributes for matija nastasic (Real Club Deportivo Mallorca S.A.D., 2023)
[4112887] Failed to build match row: Real Club Deportivo Mallorca S.A.D. vs Rayo Vallecano de Madrid S. A. D.
[4368836] Could not find attributes for artem shabanov (FC Oleksandriya, 2024)
[4582189] Could not find attributes for hereda (Sport Club do Recife, 2024)
[3598280] Could not find attributes for teddy alloh (KAS Eupen, 2021)
[4368836] Failed to build match row: FC Oleksandriya vs FK Polissya Zhytomyr
[4582189] Failed to build match row: Sport Club do Recife vs Sport Club Internacional
[3598280] Failed to build match row: KAS Eupen vs Oud-Heverlee Leuven
[4393304] Could not find attributes for ziya erdal (Sivasspor, 2024)
[3430363] Could not find attributes for jean claude bozga (Ishöj IF, 2020)
[4393304] Failed to build match row: Sivasspor vs Beşiktaş Jimnastik Kulübü
[3430363] Failed to build match row: Ishöj IF vs Akademisk Boldklub
[4126933] Could not find attributes for aleksey kenyaykin (FC Orenburg, 2023)
[4769111] Could not find attributes for anton skipper (Esbjerg fB, 2025)
[4126933] Failed to build match row: FC Orenburg vs PFK CSKA Moskva
[4769111] Failed to build match row: Football Club København vs Esbjerg fB
[4361894] Could not find attributes for plamen iliev (Cherno More Varna, 2024)
[4358680] Could not find attributes for dimitrije stevanovic (Fudbalski Klub Radnički Niš, 2024)
[4361894] Failed to build match row: Cherno More Varna vs Hapoel Beer Sheva
[4358680] Failed to build match row: Fudbalski Klub Radnički Niš vs Fudbalski klub TSC Bačka Topola
[3487529] Could not find attributes for pau pomar (Penya Deportiva Santa Eulalia, 2020)
[4090233] Could not find attributes for marc muniesa (Lyngby Boldklub, 2023)
[4090233] Failed to build match row: Lyngby Boldklub vs Brøndby Idrætsforening
[3487529] Failed to build match row: Penya Deportiva Santa Eulalia vs SD Tarazona

Keepers & outfield error for **Real Betis Balompié S.A.D.** in Real Betis Balompié S.A.D. vs Rayo Vallecano de Madrid S. A. D.: Numbers: 2 and 9.
[3605325] Failed to build match row: Real Betis Balompié S.A.D. vs Rayo Vallecano de Madrid S. A. D.
[4364495] Could not find attributes for giorgiy shelia (RFK Akhmat Grozny, 2024)
[4445343] Could not find attributes for mats hummels (Associazione Sportiva Roma, 2024)
[3845649] Could not find attributes for ilya lantratov (FC Khimki (-2025), 2022)
[4503532] Could not find attributes for anthony martial (Athlitiki Enosi Konstantinoupoleos, 2024)
[4150621] Could not find attributes for panagiotis tsintotas (APS Atromitos Athinon, 2023)
[3412956] Could not find attributes for kilian ludewig (FC Schalke 04, 2020)
[4445343] Failed to build match row: Associazione Sportiva Roma vs Eintracht Frankfurt Fußball AG
[4150621] Failed to build match row: APS Atromitos Athinon vs A.G.S Asteras Tripolis
[3845649] Failed to build match row: FC Khimki (-2025) vs RFK Akhmat Grozny
[4364495] Failed to build match row: RFK Akhmat Grozny vs PFK CSKA Moskva
[3412956] Failed to build match row: Borussia Dortmund vs FC Schalke 04
[4503532] Failed to build match row: Athlitiki Enosi Konstantinoupoleos vs Panthessalonikios Athlitikos Omilos Konstantinoupoliton
[4641228] Could not find attributes for mathis servais (Yellow-Red Koninklijke Voetbalclub Mechelen, 2025)
[4368837] Failed to scrape lineup: https://www.transfermarkt.co.uk/vorskla-poltava_kolos-kovalivka/index/spielbericht/4368837
[4641228] Failed to build match row: Royal Charleroi Sporting Club vs Yellow-Red Koninklijke Voetbalclub Mechelen
[3421723] Could not find attributes for nampalys mendy (Leicester City, 2020)
[4112888] Could not find attributes for marvin park (UD Las Palmas, 2023)
[3421723] Failed to build match row: Arsenal Football Club vs Leicester City
[4623846] Could not find attributes for mateusz klich (Klub Sportowy Cracovia Spółka Akcyjna, 2025)
[3860409] Could not find attributes for charilaos charisis (Sivasspor, 2022)
[4410856] Could not find attributes for ayoub qasmi (Al-Raed SFC, 2024)
[3860409] Failed to build match row: Alanyaspor vs Sivasspor
[4623846] Failed to build match row: Klub Sportowy Cracovia Spółka Akcyjna vs RKS Raków Częstochowa SA
[4112888] Failed to build match row: UD Las Palmas vs Valencia Club de Fútbol S. A. D.
[4126934] Could not find attributes for vitaliy gudiev (Fakel Voronezh, 2023)
[4393305] Could not find attributes for mehdi bourabia (Kayserispor Kulübü, 2024)
[4410856] Failed to build match row: Al-Raed SFC vs Al-Orobah FC
[4645870] Could not find attributes for jose gaya (Valencia Club de Fútbol S. A. D., 2025)
[4126934] Failed to build match row: Fakel Voronezh vs FK Sochi
[4393305] Failed to build match row: Kayserispor Kulübü vs Konyaspor
[4645870] Failed to build match row: Getafe Club de Fútbol S. A. D. Team Dubai vs Valencia Club de Fútbol S. A. D.
[4361895] Could not find attributes for samuel chukwudi (HB Tórshavn, 2024)
[4769112] Could not find attributes for ismahila ouedraogo (Odense Boldklub, 2025)
[4361895] Failed to build match row: HB Tórshavn vs HNK Hajduk Split
[4769112] Failed to build match row: Aarhus Gymnastik Forening vs Odense Boldklub
[4090234] Could not find attributes for srdjan kuzmic (Viborg Fodsports Forening, 2023)
[4096023] Could not find attributes for anthony losilla (VfL Bochum, 2023)
[4096023] Failed to build match row: RasenBallsport Leipzig vs VfL Bochum
[4090234] Failed to build match row: Viborg Fodsports Forening vs Football Club København
[3836656] Could not find attributes for jonny addis (Cliftonville FC, 2022)
[4358681] Could not find attributes for nemanja calasan (Fudbalski Klub Spartak Ždrepčeva krv, 2024)
[3836656] Failed to build match row: Cliftonville FC vs DAC Dunajska Streda
[4699854] Could not find attributes for vladislav tereshkin (KDV Tomsk, 2025)
[4358681] Failed to build match row: Fudbalski Klub Spartak Ždrepčeva krv vs Fudbalski klub Čukarički Beograd
[3631891] Could not find attributes for nediljko labrovic (Hrvatski Nogometni Klub Rijeka, 2021)
[4699854] Failed to build match row: KDV Tomsk vs Dinamo Vladivostok

Keepers & outfield error for **Villarreal Club de Fútbol S.A.D.** in Girona Fútbol Club S. A. D. vs Villarreal Club de Fútbol S.A.D.: Numbers: 2 and 9.
[3631891] Failed to build match row: Hibernian Football Club vs Hrvatski Nogometni Klub Rijeka
[3886685] Failed to build match row: Girona Fútbol Club S. A. D. vs Villarreal Club de Fútbol S.A.D.
[3845650] Could not find attributes for artur nigmatullin (FK Nizhny Novgorod, 2022)
[3845650] Failed to build match row: FK Nizhny Novgorod vs FK Rostov
[3860410] Could not find attributes for arif kocaman (Kayserispor Kulübü, 2022)
[4150622] Could not find attributes for alexios kalogeropoulos (Volou Neos Podosferikos Syllogos, 2023)

Keepers & outfield error for **Futebol Clube do Porto** in Futebol Clube do Porto vs Bayer 04 Leverkusen Fußball: Numbers: 0 and 11.
[3860410] Failed to build match row: Kayserispor Kulübü vs İstanbul Başakşehir Futbol Kulübü
[4410857] Could not find attributes for saad bguir (Al-Wehda FC, 2024)
[3911733] Failed to build match row: Futebol Clube do Porto vs Bayer 04 Leverkusen Fußball
[4368838] Could not find attributes for andriy klishchuk (FK Kryvbas Kryvyi Rig, 2024)
[3421724] Could not find attributes for trezeguet (Aston Villa Football Club, 2020)
[4150622] Failed to build match row: Volou Neos Podosferikos Syllogos vs Panserraikos Serres
[4445344] Could not find attributes for mats hummels (Associazione Sportiva Roma, 2024)
[4410857] Failed to build match row: Al-Wehda FC vs Al-Taawoun Football Club
[3598281] Could not find attributes for zeno debast (Royal Sporting Club Anderlecht, 2021)
[3421724] Failed to build match row: Aston Villa Football Club vs Leeds United Association Football Club
[4368838] Failed to build match row: FK Kryvbas Kryvyi Rig vs FC Rukh Lviv
[4445344] Failed to build match row: Associazione Sportiva Roma vs Sporting Clube de Braga
[4582190] Could not find attributes for maycon (Sport Club Corinthians Paulista, 2024)
[3598281] Failed to build match row: Royal Sporting Club Anderlecht vs Koninklijke Racing Club Genk
[4503533] Could not find attributes for anthony martial (Athlitiki Enosi Konstantinoupoleos, 2024)
[4582190] Failed to build match row: Fluminense Football Club vs Sport Club Corinthians Paulista
[3430366] Could not find attributes for lasse krogh (Vanlöse IF, 2020)

Keepers & outfield error for **Club Tijuana Xoloitzcuintles de Caliente** in Club Tijuana Xoloitzcuintles de Caliente vs Deportivo Toluca Futbol Club, S. A. de C. V.: Numbers: 0 and 11.
[4528214] Failed to build match row: Club Tijuana Xoloitzcuintles de Caliente vs Deportivo Toluca Futbol Club, S. A. de C. V.
[4503533] Failed to build match row: Panthessalonikios Athlitikos Omilos Konstantinoupoliton vs Athlitiki Enosi Konstantinoupoleos
[3451612] Could not find attributes for roberts ozols (Riga FC, 2020)
[3430366] Failed to build match row: Vanlöse IF vs Hilleröd Fodbold
[3451612] Failed to build match row: Riga FC vs The Celtic Football Club
[4361896] Could not find attributes for antonijs cernomordijs (Riga FC, 2024)
[3605327] Could not find attributes for manu garcia (Alaves, 2021)
[4361896] Failed to build match row: Slask Wroclaw vs Riga FC
[4204037] Could not find attributes for pelayo avanzini (CD Covadonga, 2023)
[4358682] Could not find attributes for dragan rosic (Fudbalski Klub Vojvodina, 2024)
[4090235] Could not find attributes for lubambo musonda (Silkeborg Idrætsforening, 2023)
[3605327] Failed to build match row: Cádiz CF vs Alaves
[4090235] Failed to build match row: Silkeborg Idrætsforening vs Fodbold Club Midtjylland
[4358682] Failed to build match row: Fudbalski Klub Vojvodina vs Fudbalski Klub Novi Pazar
[4204037] Failed to build match row: CD Covadonga vs Deportivo de La Coruña
[4126935] Could not find attributes for ilya lantratov (Футбольный клуб "Локомотив" Москва, 2023)
[4126935] Failed to build match row: Футбольный клуб "Локомотив" Москва vs Ural Yekaterinburg

Keepers & outfield error for **Watford FC** in Brighton and Hove Albion Football Club vs Watford FC: Numbers: 2 and 9.
[4403417] Could not find attributes for domagoj vida (Athlitiki Enosi Konstantinoupoleos, 2024)
[3487530] Could not find attributes for german parreno (UD Ibiza, 2020)
[4403417] Failed to build match row: Athlitiki Enosi Konstantinoupoleos vs A.G.S Asteras Tripolis
[3487530] Failed to build match row: UD Ibiza vs SD Compostela
[3583521] Failed to build match row: Brighton and Hove Albion Football Club vs Watford FC
[3845651] Could not find attributes for evgeniy goshev (FC Orenburg, 2022)
[4803448] Could not find attributes for gi min kwon (Jeju SK Football Club, 2025)
[3845651] Failed to build match row: FC Orenburg vs Torpedo Moscow
[4368839] Could not find attributes for oleksiy palamarchuk (Ingulets Petrove, 2024)

Keepers & outfield error for **Sevilla Fútbol Club S.A.D.** in Sevilla Fútbol Club S.A.D. vs Real Betis Balompié S.A.D.: Numbers: 2 and 9.
[4368839] Failed to build match row: Futbolniy Klub Dynamo Kyiv vs Ingulets Petrove
[4803448] Failed to build match row: Jeju SK Football Club vs Football Club Anyang

Keepers & outfield error for **Futebol Clube do Porto** in Futebol Clube do Porto vs Club Atlético de Madrid S.A.D.: Numbers: 0 and 11.
[3886686] Failed to build match row: Sevilla Fútbol Club S.A.D. vs Real Betis Balompié S.A.D.
[4410858] Could not find attributes for mohanad al qaydhi (Al-Okhdood Club, 2024)
[4150623] Could not find attributes for praxitelis vouros (Omilos Filathlon Irakliou FC, 2023)
[3911735] Failed to build match row: Futebol Clube do Porto vs Club Atlético de Madrid S.A.D.
[4150623] Failed to build match row: Omilos Filathlon Irakliou FC vs Athlitiki Enosi Konstantinoupoleos
[4410858] Failed to build match row: Al-Okhdood Club vs Al-Shabab Club
[3421725] Could not find attributes for branislav ivanovic (West Bromwich Albion, 2020)

Keepers & outfield error for **Eintracht Frankfurt Fußball AG** in Eintracht Frankfurt Fußball AG vs 1. Fußballclub Heidenheim 1846: Numbers: 2 and 9.
[3421725] Failed to build match row: Brighton and Hove Albion Football Club vs West Bromwich Albion
[4096025] Failed to build match row: Eintracht Frankfurt Fußball AG vs 1. Fußballclub Heidenheim 1846
[4769163] Could not find attributes for yegor yarmolyuk (Brentford Football Club, 2025)
[4769163] Failed to build match row: Manchester City Football Club vs Brentford Football Club
[4364496] Failed to build match row: FK Nizhny Novgorod vs FK Krasnodar
[4098981] Could not find attributes for christ makosso (RWD Molenbeek, 2023)

Keepers & outfield error for **Granada CF** in Club Atlético Osasuna vs Granada CF: Numbers: 0 and 11.
[4098981] Failed to build match row: RWD Molenbeek vs Oud-Heverlee Leuven
[3605328] Failed to build match row: Club Atlético Osasuna vs Granada CF
[4090236] Could not find attributes for filip helander (Odense Boldklub, 2023)
[4716254] Could not find attributes for bruno goda (GNK Dinamo Zagreb, 2025)
[4090236] Failed to build match row: Randers Fodbold Club vs Odense Boldklub
[3836657] Could not find attributes for emmanuel edet (Europa FC, 2022)
[4716254] Failed to build match row: Fodbold Club Midtjylland vs GNK Dinamo Zagreb
[3836657] Failed to build match row: Europa FC vs Víkingur Gøta
[4358683] Could not find attributes for balsa popovic (Omladinski fudbalski klub Beograd, 2024)
[4358683] Failed to build match row: Omladinski fudbalski klub Beograd vs FK Tekstilac Odzaci
[4403418] Could not find attributes for panagiotis liagas (APO Levadiakos Football Club, 2024)

Keepers & outfield error for **Association Football Club Bournemouth** in Crystal Palace Football Club vs Association Football Club Bournemouth: Numbers: 2 and 9.
[4403418] Failed to build match row: APO Levadiakos Football Club vs Volou Neos Podosferikos Syllogos
[4625846] Failed to build match row: Crystal Palace Football Club vs Association Football Club Bournemouth
[4126936] Could not find attributes for sergey pesjakov (FK Rostov, 2023)
[4503581] Could not find attributes for zisis karachalios (Omilos Filathlon Irakliou FC, 2024)
[4126936] Failed to build match row: FK Rostov vs FC Rubin Kazan
[4503581] Failed to build match row: Omilos Filathlon Irakliou FC vs Panachaiki GE
[3631900] Could not find attributes for andrej prskalo (Hrvatski Nogometni Klub Rijeka, 2021)
[3631900] Failed to build match row: Hrvatski Nogometni Klub Rijeka vs Hibernian Football Club
[3598283] Could not find attributes for vini souza (Yellow-Red Koninklijke Voetbalclub Mechelen, 2021)
[4150624] Could not find attributes for bart schenkeveld (Panathinaikos Athlitikos Omilos, 2023)
[3860411] Could not find attributes for emeka eze (Istanbulspor, 2022)
[3598283] Failed to build match row: Royal Antwerp Football Club vs Yellow-Red Koninklijke Voetbalclub Mechelen

Keepers & outfield error for **Club Atlético de Madrid S.A.D.** in Club Atlético de Madrid S.A.D. vs Club Brugge Koninklijke Voetbalvereniging: Numbers: 2 and 9.
[3860411] Failed to build match row: Konyaspor vs Istanbulspor
[3911737] Failed to build match row: Club Atlético de Madrid S.A.D. vs Club Brugge Koninklijke Voetbalvereniging
[4150624] Failed to build match row: Panathinaikos Athlitikos Omilos vs Panthessalonikios Athlitikos Omilos Konstantinoupoliton

Keepers & outfield error for **Lincoln Red Imps FC** in Lincoln Red Imps FC vs Rangers Football Club: Numbers: 2 and 9.
[4368840] Could not find attributes for oleksandr kemkin (FK Karpaty Lviv, 2024)
[4699878] Could not find attributes for vsevolod eliseev (Luki-Energia Velikie Luki, 2025)
[4641232] Could not find attributes for yuto tsunashima (Royal Antwerp Football Club, 2025)
[4368840] Failed to build match row: FK Karpaty Lviv vs Livyi Bereg Kyiv
[3433583] Failed to build match row: Lincoln Red Imps FC vs Rangers Football Club
[4699878] Failed to build match row: Luki-Energia Velikie Luki vs FC Leningradets
[4623849] Could not find attributes for rajmund molnar (Morski Klub Sportowy Pogoń Szczecin, 2025)
[4641232] Failed to build match row: Royal Sporting Club Anderlecht vs Royal Antwerp Football Club
[4623849] Failed to build match row: KKS Lech Poznań Spółka Akcyjna vs Morski Klub Sportowy Pogoń Szczecin
[3964631] Could not find attributes for ximo forner (Atlético Saguntino, 2022)
[3683727] Could not find attributes for matthew cooper (Elgin City FC, 2021)
[4803449] Could not find attributes for marcao (Ulsan Hyundai Football Club, 2025)
[4803449] Failed to build match row: Gangwon Football Club vs Ulsan Hyundai Football Club
[3964631] Failed to build match row: Atlético Saguntino vs Rayo Vallecano de Madrid S. A. D.
[3683727] Failed to build match row: Elgin City FC vs Clydebank FC
[4364497] Could not find attributes for aleksandr belenov (Fakel Voronezh, 2024)
[4582191] Could not find attributes for mateus carvalho (Club de Regatas Vasco da Gama, 2024)
[4582191] Failed to build match row: Club de Regatas Vasco da Gama vs Ceará Sporting Club
[4364497] Failed to build match row: Fakel Voronezh vs FC Rubin Kazan
[4649456] Could not find attributes for jack butland (Rangers Football Club, 2025)
[4358684] Could not find attributes for uros spajic (Fudbalski klub Crvena zvezda Beograd, 2024)
[4649456] Failed to build match row: Rangers Football Club vs Saint Mirren Football Club
[3430367] Could not find attributes for nicolai rasmussen (B1908 Amager, 2020)

Keepers & outfield error for **Eintracht Frankfurt Fußball AG** in Eintracht Frankfurt Fußball AG vs Turn- und Sportgemeinschaft 1899 Hoffenheim Fußball-Spielbetriebs: Numbers: 0 and 11.
[4358684] Failed to build match row: Fudbalski klub Crvena zvezda Beograd vs Fudbalski Klub Mladost Lučani
[4634299] Failed to build match row: Eintracht Frankfurt Fußball AG vs Turn- und Sportgemeinschaft 1899 Hoffenheim Fußball-Spielbetriebs
[4112891] Could not find attributes for chris ramos (Cádiz CF, 2023)
[4528216] Could not find attributes for cristiano piccini (Club Atlético de San Luis, 2024)
[3430367] Failed to build match row: B1908 Amager vs BK Fremad Amager
[4528216] Failed to build match row: Club Atlético de San Luis vs Club Tigres UANL Sinergia Deportiva S.A. de C.V.
[4112891] Failed to build match row: Cádiz CF vs Real Betis Balompié S.A.D.

Keepers & outfield error for **Espanol** in Rayo Vallecano de Madrid S. A. D. vs Espanol: Numbers: 0 and 11.
[3886688] Failed to build match row: Rayo Vallecano de Madrid S. A. D. vs Espanol
[3605329] Could not find attributes for shkodran mustafi (Levante Unión Deportiva S.A.D., 2021)
[3605329] Failed to build match row: Sevilla Fútbol Club S.A.D. vs Levante Unión Deportiva S.A.D.
[3487531] Could not find attributes for imanol elias (UD Poblense, 2020)
[3451613] Could not find attributes for gustavo busatto (CSKA-Sofia, 2020)
[4623850] Failed to scrape lineup: https://www.transfermarkt.co.uk/motor-lublin_gks-katowice/index/spielbericht/4623850
[3487531] Failed to build match row: UD Poblense vs UE Olot
[3451613] Failed to build match row: CSKA-Sofia vs B36 Tórshavn
[4716255] Could not find attributes for philip billing (Fodbold Club Midtjylland, 2025)
[4716255] Failed to build match row: Fodbold Club Midtjylland vs The Celtic Football Club
[3433584] Could not find attributes for otso virtanen (Kuopion Palloseura, 2020)
[3433584] Failed to build match row: Kuopion Palloseura vs Slovan Bratislava
[4368841] Could not find attributes for mykyta turbayevskyi (FC Zorya Lugansk, 2024)
[4368841] Failed to build match row: FC Zorya Lugansk vs LNZ Cherkasy
[3598284] Could not find attributes for billal messaoudi (KV Kortrijk, 2021)
[3598284] Failed to build match row: KV Kortrijk vs Sportvereniging Zulte Waregem
[4403419] Could not find attributes for marko bakic (Omilos Filathlon Irakliou FC, 2024)
[4150625] Could not find attributes for boris kleyman (PAS Giannina, 2023)
[4403419] Failed to build match row: Omilos Filathlon Irakliou FC vs Athens Kallithea
[4150625] Failed to build match row: PAS Giannina vs Olympiakos Syndesmos Filathlon Peiraios

Keepers & outfield error for **Bayer 04 Leverkusen Fußball** in Bayer 04 Leverkusen Fußball vs Futebol Clube do Porto: Numbers: 2 and 9.
[3911738] Failed to build match row: Bayer 04 Leverkusen Fußball vs Futebol Clube do Porto
[4445347] Failed to scrape lineup: https://www.transfermarkt.co.uk/spielbericht/index/spielbericht/4445347
[4503582] Could not find attributes for manolis ikonomakis (Panachaiki GE, 2024)
[4358685] Could not find attributes for sasa stamenkovic (Fudbalski Klub Mladost Lučani, 2024)
[4361897] Could not find attributes for stefan cupic (FK TransINVEST, 2024)
[4503582] Failed to build match row: Panachaiki GE vs Omilos Filathlon Irakliou FC
[4803450] Could not find attributes for hyeong keun kim (Bucheon Football Club 1995, 2025)
[4358685] Failed to build match row: Fudbalski Klub Mladost Lučani vs FK Jedinstvo Ub
[4803450] Failed to build match row: Bucheon Football Club 1995 vs Football Club Pohang Steelers
[4361897] Failed to build match row: FK TransINVEST vs FK Mladá Boleslav, a.s.
[4582192] Could not find attributes for weverton (Sociedade Esportiva Palmeiras, 2024)
[4582192] Failed to build match row: Sociedade Esportiva Palmeiras vs Sport Club Internacional

Keepers & outfield error for **Valencia Club de Fútbol S. A. D.** in Valencia Club de Fútbol S. A. D. vs Real Madrid Club de Fútbol: Numbers: 2 and 9.
[3860413] Failed to scrape lineup: https://www.transfermarkt.co.uk/kasimpasa_giresunspor/index/spielbericht/3860413
[3886689] Failed to build match row: Valencia Club de Fútbol S. A. D. vs Real Madrid Club de Fútbol
[4410859] Could not find attributes for suhayb al zaid (Al-Fateh Club, 2024)

Keepers & outfield error for **Levante Unión Deportiva S.A.D.** in Real Madrid Club de Fútbol vs Levante Unión Deportiva S.A.D.: Numbers: 0 and 11.
[4410859] Failed to build match row: Al-Ittihad Football Club vs Al-Fateh Club
[4096027] Could not find attributes for pavel kaderabek (Turn- und Sportgemeinschaft 1899 Hoffenheim Fußball-Spielbetriebs, 2023)
[4645875] Failed to build match row: Real Madrid Club de Fútbol vs Levante Unión Deportiva S.A.D.
[4096027] Failed to build match row: Sportverein Werder Bremen von 1899 vs Turn- und Sportgemeinschaft 1899 Hoffenheim Fußball-Spielbetriebs
[4090238] Could not find attributes for paulinho (Fodbold Club Midtjylland, 2023)
[4716256] Could not find attributes for philip billing (Fodbold Club Midtjylland, 2025)
[4204038] Could not find attributes for oscar loza (Náxara CD, 2023)
[4716256] Failed to build match row: Fodbold Club Midtjylland vs Sportklub Puntigamer Sturm Graz
[4090238] Failed to build match row: Fodbold Club Midtjylland vs Viborg Fodsports Forening

Keepers & outfield error for **Venezia FC** in Genoa Cricket and Football Club vs Venezia FC: Numbers: 0 and 11.
[4204038] Failed to build match row: Náxara CD vs UD Melilla
[3614630] Failed to build match row: Genoa Cricket and Football Club vs Venezia FC
[3598285] Could not find attributes for ilias sebaoui (Beerschot VA, 2021)
[3836658] Could not find attributes for kieran smith (Bala Town, 2022)
[3836658] Failed to build match row: Sligo Rovers vs Bala Town
[4393308] Could not find attributes for rachid ghezzal (Çaykur Rizespor Kulübü, 2024)

Keepers & outfield error for **Manchester City Football Club** in Manchester City Football Club vs Norwich City: Numbers: 2 and 9.
[4403420] Could not find attributes for alvaro raton (PAS Lamia 1964, 2024)
[3598285] Failed to build match row: Cercle Brugge Koninklijke Sportvereniging vs Beerschot VA
[4393308] Failed to build match row: Kasımpaşa A.Ş. vs Çaykur Rizespor Kulübü
[4403420] Failed to build match row: Panathinaikos Athlitikos Omilos vs PAS Lamia 1964
[3487532] Could not find attributes for samuel diarra (Cultural Leonesa, 2020)
ty
[4150626] Could not find attributes for alexei koselev (PAS Lamia 1964, 2023)
[3487532] Failed to build match row: Cultural Leonesa vs CF Villanovense
[3433585] Could not find attributes for donovan slijngard (FK Zalgiris Vilnius, 2020)
[4150626] Failed to build match row: PAS Lamia 1964 vs Panetolikos Agrinio
[4623851] Could not find attributes for matej rodin (Klub Sportowy Lechia Gdańsk, 2025)
[4368842] Could not find attributes for nazariy fedorivskyi (FK Obolon Kyiv, 2024)
[3433585] Failed to build match row: Fotballklubben Bodø/Glimt vs FK Zalgiris Vilnius

Keepers & outfield error for **Club de Fútbol Monterrey Rayados A.C.** in Club de Fútbol Monterrey Rayados A.C. vs Club de Futbol Puebla de La Franja: Numbers: 0 and 11.
[4368842] Failed to build match row: FK Obolon Kyiv vs NK Veres Rivne
[4623851] Failed to build match row: Gliwicki Klub Sportowy Piast Spółka Akcyjna vs Klub Sportowy Lechia Gdańsk
[4528217] Failed to build match row: Club de Fútbol Monterrey Rayados A.C. vs Club de Futbol Puebla de La Franja

Keepers & outfield error for **Club Atlético de Madrid S.A.D.** in Bayer 04 Leverkusen Fußball vs Club Atlético de Madrid S.A.D.: Numbers: 2 and 9.
[4634301] Could not find attributes for vini souza (Verein für Leibesübungen Wolfsburg, 2025)
[4699883] Could not find attributes for artem tsygulev (FC Irkutsk, 2025)
[4634301] Failed to build match row: 1. Fußball- und Sportverein Mainz 05 vs Verein für Leibesübungen Wolfsburg
[3911739] Failed to build match row: Bayer 04 Leverkusen Fußball vs Club Atlético de Madrid S.A.D.
[4699883] Failed to build match row: FC Irkutsk vs Sibir Novosibirsk
[4374071] Could not find attributes for nicolo savona (Juventus Football Club, 2024)

Keepers & outfield error for **Girona Fútbol Club S. A. D.** in Real Madrid Club de Fútbol vs Girona Fútbol Club S. A. D.: Numbers: 2 and 9.
[4374071] Failed to build match row: AC Monza vs Juventus Football Club
[4112893] Failed to build match row: Real Madrid Club de Fútbol vs Girona Fútbol Club S. A. D.
[4410860] Could not find attributes for francois kamano (Damac Football Club, 2024)
[4649457] Could not find attributes for mitchel frame (Aberdeen Football Club, 2025)

Keepers & outfield error for **Villarreal Club de Fútbol S.A.D.** in Real Betis Balompié S.A.D. vs Villarreal Club de Fútbol S.A.D.: Numbers: 0 and 11.
[4410860] Failed to build match row: Damac Football Club vs Al-Kholood Club
[4649457] Failed to build match row: Aberdeen Football Club vs Livingston Football Club
[4645876] Failed to build match row: Real Betis Balompié S.A.D. vs Villarreal Club de Fútbol S.A.D.
[3687841] Could not find attributes for boujemaa abouzahr (CD Aldeano, 2021)
[4364498] Could not find attributes for aleksandr vasyutin (Akron Togliatti, 2024)
[3687841] Failed to build match row: CD Aldeano vs Unami CP
[4364498] Failed to build match row: Akron Togliatti vs AO FK Zenit Sankt-Peterburg
[3631901] Could not find attributes for damir muminovic (Breidablik Kópavogur, 2021)
[3631901] Failed to build match row: Breidablik Kópavogur vs Aberdeen Football Club
[4361898] Could not find attributes for maksim belov (Neman Grodno, 2024)
[4361898] Failed to build match row: Neman Grodno vs Fotbal Club CFR 1907 Cluj SA
[4716257] Could not find attributes for philip billing (Fodbold Club Midtjylland, 2025)
[3598286] Could not find attributes for robert bauer (St Truiden, 2021)
[4090239] Could not find attributes for marc muniesa (Lyngby Boldklub, 2023)
[3598286] Failed to build match row: St Truiden vs Oud-Heverlee Leuven
[4716257] Failed to build match row: Fodbold Club Midtjylland vs Koninklijke Racing Club Genk
[4090239] Failed to build match row: Lyngby Boldklub vs Silkeborg Idrætsforening
[4368843] Could not find attributes for artur rudko (Chornomorets Odesa, 2024)
[4150627] Could not find attributes for alexandros anagnostopoulos (Athlitiki Enosi Kifisias, 2023)
[4368843] Failed to build match row: FC Shakhtar Donetsk vs Chornomorets Odesa
[4150627] Failed to build match row: Athlitiki Enosi Kifisias vs Volou Neos Podosferikos Syllogos
[4096028] Could not find attributes for marcel schuhen (SV Darmstadt 98, 2023)
[4096028] Failed to build match row: Fußball-Club Augsburg 1907 vs SV Darmstadt 98
[4403421] Could not find attributes for christos sielis (Panetolikos Agrinio, 2024)
[4403421] Failed to build match row: Panetolikos Agrinio vs Aris Thessalonikis
[4126937] Could not find attributes for aleksandr vasyutin (AO FK Zenit Sankt-Peterburg, 2023)
[4126937] Failed to build match row: AO FK Zenit Sankt-Peterburg vs RFK Akhmat Grozny
[4804365] Could not find attributes for davide calabria (Panathinaikos Athlitikos Omilos, 2025)
[4804365] Failed to build match row: Panathinaikos Athlitikos Omilos vs Panthessalonikios Athlitikos Omilos Konstantinoupoliton
[4504576] Could not find attributes for dimitrios skafidas (Panionios Athens, 2024)
[3430368] Could not find attributes for marten ittersum (FC Sydvest 05, 2020)
[4504576] Failed to build match row: Panionios Athens vs A.G.S Asteras Tripolis
[3430368] Failed to build match row: FC Sydvest 05 vs Fodbold Club Fredericia
[4374072] Could not find attributes for mats hummels (Associazione Sportiva Roma, 2024)
[4112894] Could not find attributes for arsen zakharyan (Real Sociedad de Fútbol S.A.D., 2023)
[4358686] Could not find attributes for ognjen tripkovic (FK Tekstilac Odzaci, 2024)
[4374072] Failed to build match row: Associazione Sportiva Roma vs Parma Calcio 1913
[4112894] Failed to build match row: Real Sociedad de Fútbol S.A.D. vs Club Atlético Osasuna
[3886690] Could not find attributes for abner (Real Betis Balompié S.A.D., 2022)
[4358686] Failed to build match row: FK Tekstilac Odzaci vs Fudbalski klub Crvena zvezda Beograd
[4410861] Could not find attributes for milan borjan (Al-Riyadh Saudi Club, 2024)
[3836659] Could not find attributes for alessandro semprini (Tre Fiori FC, 2022)
[4410861] Failed to build match row: Al-Riyadh Saudi Club vs Al-Ettifaq Football Club
[3886690] Failed to build match row: Real Betis Balompié S.A.D. vs Getafe Club de Fútbol S. A. D. Team Dubai

Keepers & outfield error for **Rayo Vallecano de Madrid S. A. D.** in Celta vs Rayo Vallecano de Madrid S. A. D.: Numbers: 2 and 9.

Keepers & outfield error for **Bayer 04 Leverkusen Fußball** in Bayer 04 Leverkusen Fußball vs Club Brugge Koninklijke Voetbalvereniging: Numbers: 2 and 9.
[3845652] Could not find attributes for aleksandr selikhov (FK Spartak Moskva, 2022)
[4364499] Could not find attributes for timur magomedov (Dinamo Makhachkala, 2024)
[3911740] Failed to build match row: Bayer 04 Leverkusen Fußball vs Club Brugge Koninklijke Voetbalvereniging
[3836659] Failed to build match row: Tre Fiori FC vs CS Fola Esch
[3845652] Failed to build match row: FK Spartak Moskva vs FK Sochi
[4645877] Failed to build match row: Celta vs Rayo Vallecano de Madrid S. A. D.
[3860415] Could not find attributes for tayyip talha sanuc (Beşiktaş Jimnastik Kulübü, 2022)
[4364499] Failed to build match row: Dinamo Makhachkala vs FK Dinamo Moskva
[3860415] Failed to build match row: Beşiktaş Jimnastik Kulübü vs Alanyaspor
[4090240] Could not find attributes for yeni ngbakoto (Vejle Boldklub, 2023)
[4090240] Failed to build match row: Randers Fodbold Club vs Vejle Boldklub
[4528219] Could not find attributes for willer ditta (Club de Fútbol Cruz Azul S.A. de C.V., 2024)
[4528219] Failed to build match row: Club de Fútbol Cruz Azul S.A. de C.V. vs Club de Futbol Rojinegros S.A. de C.V.
[3964632] Could not find attributes for alvaro coque (CD Guijuelo, 2022)
[4098983] Could not find attributes for munashe garananga (Yellow-Red Koninklijke Voetbalclub Mechelen, 2023)
[3964632] Failed to build match row: CD Guijuelo vs Villarreal Club de Fútbol S.A.D.
[4393310] Could not find attributes for arseniy batagov (Trabzonspor Kulübü, 2024)
[4098983] Failed to build match row: Yellow-Red Koninklijke Voetbalclub Mechelen vs KV Kortrijk
[4393310] Failed to build match row: Trabzonspor Kulübü vs Eyüp Spor Kulübü
[4504577] Could not find attributes for panagiotis tsintotas (A.G.S Asteras Tripolis, 2024)
[4634303] Could not find attributes for rani khedira (1. Fußballclub Union Berlin, 2025)
[3433586] Could not find attributes for tadas simaitis (FK Trakai, 2020)
thens
[3605331] Could not find attributes for lei wu (Espanol, 2021)
[4150628] Could not find attributes for alexandros paschalakis (Olympiakos Syndesmos Filathlon Peiraios, 2023)
[4641235] Failed to scrape lineup: https://www.transfermarkt.co.uk/oud-heverlee-leuven_raal-la-louviere/index/spielbericht/4641235
[3433586] Failed to build match row: FK Trakai vs FC Slovan Liberec
[4403422] Could not find attributes for luka gugeshashvili (Panserraikos Serres, 2024)
[3605331] Failed to build match row: Elche Club de Fútbol S.A.D. vs Espanol
[4634303] Failed to build match row: 1. Fußballclub Union Berlin vs Borussia Dortmund
[4150628] Failed to build match row: Olympiakos Syndesmos Filathlon Peiraios vs Omilos Filathlon Irakliou FC
[4126938] Could not find attributes for aleksandr soldatenkov (PFK Krylya Sovetov Samara, 2023)
[4410862] Could not find attributes for faycal fajr (Al-Taawoun Football Club, 2024)
[4403422] Failed to build match row: Panserraikos Serres vs APS Atromitos Athinon
[3687842] Could not find attributes for pipo (Victoria CF, 2021)
[4410862] Failed to build match row: Al-Fayha FC vs Al-Taawoun Football Club

Keepers & outfield error for **Aberdeen Football Club** in Aberdeen Football Club vs Breidablik Kópavogur: Numbers: 2 and 9.
[4126938] Failed to build match row: PFK Krylya Sovetov Samara vs FK Baltika
[3487533] Could not find attributes for casto (Extremadura UD, 2020)
[4204039] Could not find attributes for gorka magunazelaia (Gernika Club, 2023)
[3487533] Failed to build match row: Extremadura UD vs UD Socuéllamos
[3687842] Failed to build match row: Victoria CF vs CD Hernani

Keepers & outfield error for **UD Almería** in UD Almería vs Cádiz CF: Numbers: 0 and 11.
[4204039] Failed to build match row: Gernika Club vs Unionistas CF
[3631902] Failed to build match row: Aberdeen Football Club vs Breidablik Kópavogur
[4364500] Could not find attributes for aleksandr selikhov (FK Spartak Moskva, 2024)

Keepers & outfield error for **Futebol Clube do Porto** in Club Brugge Koninklijke Voetbalvereniging vs Futebol Clube do Porto: Numbers: 0 and 11.
[4112895] Failed to build match row: UD Almería vs Cádiz CF
[4358687] Could not find attributes for filip backulja (Fudbalski Klub Novi Pazar, 2024)
[4364500] Failed to build match row: FK Spartak Moskva vs PFK Krylya Sovetov Samara
[4368844] Could not find attributes for oleksiy palamarchuk (Ingulets Petrove, 2024)
[3412960] Could not find attributes for nils petersen (Sport-Club Freiburg, 2020)
[3911741] Failed to build match row: Club Brugge Koninklijke Voetbalvereniging vs Futebol Clube do Porto
[4368844] Failed to build match row: Ingulets Petrove vs FK Polissya Zhytomyr
[3412960] Failed to build match row: 1. Fußballclub Union Berlin vs Sport-Club Freiburg
[4358687] Failed to build match row: Fudbalski Klub Novi Pazar vs Omladinski fudbalski klub Beograd
[4645878] Could not find attributes for grady diangana (Elche Club de Fútbol S.A.D., 2025)
[4645878] Failed to build match row: Elche Club de Fútbol S.A.D. vs Sevilla Fútbol Club S.A.D.
[4804366] Could not find attributes for kresimir krizmanic (Omilos Filathlon Irakliou FC, 2025)
[4804366] Failed to build match row: Omilos Filathlon Irakliou FC vs APO Levadiakos Football Club
[4361899] Could not find attributes for arsen beglaryan (FC Ararat-Armenia, 2024)
[4361899] Failed to build match row: FC Ararat-Armenia vs FC Zimbru Chisinau
[4649460] Failed to scrape lineup: https://www.transfermarkt.co.uk/heart-of-midlothian-fc_celtic-fc/index/spielbericht/4649460
[4098984] Could not find attributes for sergiy sydorchuk (Koninklijke Voetbal Club Westerlo, 2023)
[4098984] Failed to build match row: St Truiden vs Koninklijke Voetbal Club Westerlo
[4634304] Failed to scrape lineup: https://www.transfermarkt.co.uk/fc-st-pauli_hamburger-sv/index/spielbericht/4634304

Keepers & outfield error for **Galatasaray Spor Kulübü** in Galatasaray Spor Kulübü vs Adana Demirspor: Numbers: 2 and 9.
[4393311] Failed to build match row: Galatasaray Spor Kulübü vs Adana Demirspor

Keepers & outfield error for **Manchester United Football Club** in West Ham United Football Club vs Manchester United Football Club: Numbers: 2 and 9.
[3591969] Failed to build match row: West Ham United Football Club vs Manchester United Football Club
[4625852] Could not find attributes for joao palhinha (Tottenham Hotspur Football Club, 2025)
[4625852] Failed to build match row: Tottenham Hotspur Football Club vs Aston Villa Football Club
[3845948] Could not find attributes for oliver ekroth (Víkingur Reykjavík, 2022)
[3845948] Failed to build match row: Malmö Fotbollförening vs Víkingur Reykjavík
[4704400] Could not find attributes for branimir mlacic (HNK Hajduk Split, 2025)
[3836660] Could not find attributes for dusan markovic (FK Decic Tuzi, 2022)
[4704400] Failed to build match row: HNK Hajduk Split vs HNK Gorica
[3836660] Failed to build match row: FK Decic Tuzi vs Dinamo Minsk
[3839778] Failed to scrape lineup: https://www.transfermarkt.co.uk/fc-nantes_losc-lille/index/spielbericht/3839778
[4649461] Failed to scrape lineup: https://www.transfermarkt.co.uk/motherwell-fc_kilmarnock-fc/index/spielbericht/4649461
[3860416] Could not find attributes for strahil popov (Ümraniyespor, 2022)
[4582193] Could not find attributes for vitinho (S. A. F. Botafogo, 2024)
[4623853] Could not find attributes for tomas tavares (Wisła Płock Spółka Akcyjna, 2025)

Keepers & outfield error for **Wolverhampton Wanderers Football Club** in Wolverhampton Wanderers Football Club vs Tottenham Hotspur Football Club: Numbers: 0 and 11.
[4623853] Failed to build match row: Wisła Płock Spółka Akcyjna vs Termalica Bruk-Bet Nieciecza Klub Sportowy
[3860416] Failed to build match row: Antalyaspor vs Ümraniyespor
[4582193] Failed to build match row: São Paulo Futebol Clube vs S. A. F. Botafogo

Keepers & outfield error for **Club Atlético de Madrid S.A.D.** in Club Brugge Koninklijke Voetbalvereniging vs Club Atlético de Madrid S.A.D.: Numbers: 2 and 9.
[3583528] Failed to build match row: Wolverhampton Wanderers Football Club vs Tottenham Hotspur Football Club
[4804367] Failed to scrape lineup: https://www.transfermarkt.co.uk/spielbericht/index/spielbericht/4804367
[3845949] Failed to scrape lineup: https://www.transfermarkt.co.uk/spielbericht/index/spielbericht/3845949
[3911742] Failed to build match row: Club Brugge Koninklijke Voetbalvereniging vs Club Atlético de Madrid S.A.D.
[3433587] Could not find attributes for dele alampasu (JFK Ventspils, 2020)
[4625853] Could not find attributes for yegor yarmolyuk (Brentford Football Club, 2025)

Keepers & outfield error for **Associazione Sportiva Roma** in Associazione Sportiva Roma vs Associazione Calcio Milan: Numbers: 0 and 11.
[3433587] Failed to build match row: JFK Ventspils vs Rosenborg Ballklub

Keepers & outfield error for **Wolverhampton Wanderers Football Club** in Wolverhampton Wanderers Football Club vs Brentford Football Club: Numbers: 0 and 11.
[4625853] Failed to build match row: West Ham United Football Club vs Brentford Football Club
[3614633] Failed to build match row: Associazione Sportiva Roma vs Associazione Calcio Milan
[4403423] Could not find attributes for gelson martins (Olympiakos Syndesmos Filathlon Peiraios, 2024)
[3591970] Failed to build match row: Wolverhampton Wanderers Football Club vs Brentford Football Club
[4403423] Failed to build match row: Panthessalonikios Athlitikos Omilos Konstantinoupoliton vs Olympiakos Syndesmos Filathlon Peiraios
[4504579] Failed to scrape lineup: https://www.transfermarkt.co.uk/spielbericht/index/spielbericht/4504579
[4126939] Could not find attributes for vitaliy botnar (FK Nizhny Novgorod, 2023)
[4126939] Failed to build match row: FK Nizhny Novgorod vs FK Dinamo Moskva
[3836661] Failed to scrape lineup: https://www.transfermarkt.co.uk/spielbericht/index/spielbericht/3836661
[4364501] Could not find attributes for german ignatov (FK Rostov, 2024)
[4364501] Failed to build match row: FK Rostov vs FC Orenburg
[4623854] Failed to scrape lineup: https://www.transfermarkt.co.uk/zaglebie-lubin_legia-warszawa/index/spielbericht/4623854
[4804368] Failed to scrape lineup: https://www.transfermarkt.co.uk/spielbericht/index/spielbericht/4804368
[4582194] Failed to scrape lineup: https://www.transfermarkt.co.uk/red-bull-bragantino_sport-club-do-recife/index/spielbericht/4582194
[3848868] Failed to scrape lineup: https://www.transfermarkt.co.uk/standard-liege_kaa-gent/index/spielbericht/3848868
[3598288] Could not find attributes for teddy alloh (KAS Eupen, 2021)
[3598288] Failed to build match row: KAS Eupen vs Club Brugge Koninklijke Voetbalvereniging
[4649462] Could not find attributes for jack butland (Rangers Football Club, 2025)
[3430369] Failed to scrape lineup: https://www.transfermarkt.co.uk/spielbericht/index/spielbericht/3430369
[4649462] Failed to build match row: Rangers Football Club vs Dundee Football Club
[4150629] Could not find attributes for antonis stergiakis (Panetolikos Agrinio, 2023)

Keepers & outfield error for **Futebol Clube do Porto** in Futebol Clube do Porto vs Club Brugge Koninklijke Voetbalvereniging: Numbers: 0 and 11.
[4368845] Could not find attributes for artem shabanov (FC Oleksandriya, 2024)
[4150629] Failed to build match row: Panetolikos Agrinio vs APS Atromitos Athinon
[4393312] Could not find attributes for ali aytemur (Bodrum FK, 2024)

Keepers & outfield error for **Sevilla Fútbol Club S.A.D.** in Elche Club de Fútbol S.A.D. vs Sevilla Fútbol Club S.A.D.: Numbers: 2 and 9.
[4126940] Could not find attributes for stanislav agkatsev (FK Krasnodar, 2023)
[4368845] Failed to build match row: FC Oleksandriya vs FC Zorya Lugansk
[3911744] Failed to build match row: Futebol Clube do Porto vs Club Brugge Koninklijke Voetbalvereniging
[4393312] Failed to build match row: Bodrum FK vs Göztepe Sportif Yatırımlar A.Ş.
[4126940] Failed to build match row: FK Krasnodar vs FK Spartak Moskva
[3886692] Failed to build match row: Elche Club de Fútbol S.A.D. vs Sevilla Fútbol Club S.A.D.
[3605478] Could not find attributes for vladislav tereshkin (Avangard Kursk, 2021)
[3605478] Failed to build match row: Avangard Kursk vs Salyut Belgorod

Keepers & outfield error for **Paris Saint-Germain Football Club** in Paris Saint-Germain Football Club vs Club Atlético de Madrid S.A.D.: Numbers: 2 and 9.

Keepers & outfield error for **Espanol** in Espanol vs Girona Fútbol Club S. A. D.: Numbers: 2 and 9.
[4704401] Could not find attributes for davor matijas (HNK Gorica, 2025)
[3964633] Could not find attributes for koldo berasaluze (Gernika Club, 2022)
[4804989] Could not find attributes for abde ezzalzouli (Morocco, 2025)
[4645879] Failed to build match row: Espanol vs Girona Fútbol Club S. A. D.
[4504580] Failed to build match row: Paris Saint-Germain Football Club vs Club Atlético de Madrid S.A.D.
[4403424] Could not find attributes for panagiotis tsintotas (A.G.S Asteras Tripolis, 2024)
[4403424] Failed to build match row: A.G.S Asteras Tripolis vs Omilos Filathlon Irakliou FC
[4364502] Could not find attributes for nikita kokarev (FC Khimki (-2025), 2024)
[4704401] Failed to build match row: HNK Gorica vs HNK Hajduk Split
[3964633] Failed to build match row: Gernika Club vs Celta
[4804989] Failed to build match row: Senegal vs Morocco
[4364502] Failed to build match row: FC Khimki (-2025) vs Футбольный клуб "Локомотив" Москва
[4112896] Could not find attributes for yoel lago (Celta, 2023)

Keepers & outfield error for **Clube Atlético Mineiro** in Clube Atlético Mineiro vs Santos Futebol Clube: Numbers: 0 and 11.
[3433588] Could not find attributes for kostadin zahov (Shkendija Tetovo, 2020)
[4582195] Failed to build match row: Clube Atlético Mineiro vs Santos Futebol Clube
[4649463] Could not find attributes for jack butland (Rangers Football Club, 2025)
[4112896] Failed to build match row: Celta vs Valencia Club de Fútbol S. A. D.
[4649463] Failed to build match row: The Celtic Football Club vs Rangers Football Club

Keepers & outfield error for **Venezia FC** in Venezia FC vs Cagliari Calcio: Numbers: 2 and 9.
[3433588] Failed to build match row: Asociația Fotbal Club Botoșani vs Shkendija Tetovo
[4358688] Could not find attributes for lazar kalicanin (Fudbalski klub Čukarički Beograd, 2024)
[4641236] Could not find attributes for moncef zekri (Yellow-Red Koninklijke Voetbalclub Mechelen, 2025)
[4374074] Failed to build match row: Venezia FC vs Cagliari Calcio
[4358688] Failed to build match row: Fudbalski klub Čukarički Beograd vs Fudbalski Klub Vojvodina
[3412961] Could not find attributes for rocco reitz (Mönchengladbach, 2020)

Keepers & outfield error for **Paris Saint-Germain Football Club** in Paris Saint-Germain Football Club vs Montpellier HSC: Numbers: 2 and 9.
[4641236] Failed to build match row: Yellow-Red Koninklijke Voetbalclub Mechelen vs Cercle Brugge Koninklijke Sportvereniging
[3412961] Failed to build match row: 1. Fußball- und Sportverein Mainz 05 vs Mönchengladbach
[4361900] Could not find attributes for yusif imanov (Sabah FK, 2024)

Keepers & outfield error for **Wolverhampton Wanderers Football Club** in Wolverhampton Wanderers Football Club vs Newcastle United Football Club: Numbers: 0 and 11.
[4361900] Failed to build match row: Sabah FK vs Maccabi Haifa
[4096032] Could not find attributes for anthony losilla (VfL Bochum, 2023)
[3839780] Failed to build match row: Paris Saint-Germain Football Club vs Montpellier HSC

Keepers & outfield error for **Brentford Football Club** in Burnley Football Club vs Brentford Football Club: Numbers: 0 and 11.
[3860417] Could not find attributes for kadir seven (Giresunspor, 2022)
[3421732] Failed to build match row: Wolverhampton Wanderers Football Club vs Newcastle United Football Club

Keepers & outfield error for **Club Atlético de Madrid S.A.D.** in Club Atlético de Madrid S.A.D. vs Futebol Clube do Porto: Numbers: 2 and 9.
[3591972] Failed to build match row: Burnley Football Club vs Brentford Football Club
[4096032] Failed to build match row: Sport-Club Freiburg vs VfL Bochum
[4410863] Could not find attributes for christian bassogog (Al-Okhdood Club, 2024)

Keepers & outfield error for **Eintracht Frankfurt Fußball AG** in Eintracht Frankfurt Fußball AG vs Bayer 04 Leverkusen Fußball: Numbers: 0 and 11.
[3911745] Failed to build match row: Club Atlético de Madrid S.A.D. vs Futebol Clube do Porto
[4634306] Failed to build match row: Eintracht Frankfurt Fußball AG vs Bayer 04 Leverkusen Fußball
[4410863] Failed to build match row: Al-Hilal Saudi Football Club vs Al-Okhdood Club
[4204040] Could not find attributes for baptiste reynet (UD Ibiza, 2023)
[4150630] Could not find attributes for adrian chovan (Panserraikos Serres, 2023)
[3836662] Could not find attributes for aldo teqja (FK Partizani, 2022)

Keepers & outfield error for **Valencia Club de Fútbol S. A. D.** in Real Club Deportivo Mallorca S.A.D. vs Valencia Club de Fútbol S. A. D.: Numbers: 2 and 9.
[4204040] Failed to build match row: CF Villanovense vs UD Ibiza
[4368847] Could not find attributes for dmytro ledviy (FC Rukh Lviv, 2024)
[4150630] Failed to build match row: Panserraikos Serres vs Panathinaikos Athlitikos Omilos
[3886693] Failed to build match row: Real Club Deportivo Mallorca S.A.D. vs Valencia Club de Fútbol S. A. D.
[3836662] Failed to build match row: FK Partizani vs Iberia 1999 Tbilisi
[4368847] Failed to build match row: FC Rukh Lviv vs LNZ Cherkasy
[4528221] Could not find attributes for oussama idrissi (Promotora del Club Pachuca S. A. de C. V., 2024)
[4403425] Could not find attributes for bernabe barragan (Athens Kallithea, 2024)
[4528221] Failed to build match row: Promotora del Club Pachuca S. A. de C. V. vs Club León Fútbol Club
[4504581] Could not find attributes for alexander barboza (S. A. F. Botafogo, 2025)
[4403425] Failed to build match row: Athens Kallithea vs Panetolikos Agrinio
[4504581] Failed to build match row: S. A. F. Botafogo vs Seattle Sounders FC

Keepers & outfield error for **Real Oviedo S.A.D.** in Real Oviedo S.A.D. vs Athletic Club Bilbao: Numbers: 2 and 9.
[4645880] Failed to build match row: Real Oviedo S.A.D. vs Athletic Club Bilbao
[3430370] Could not find attributes for anders vestergaard larsen (Ringköbing IF, 2020)
[3430370] Failed to build match row: Ringköbing IF vs Vendsyssel FF
[4445349] Could not find attributes for philip zinckernagel (Fotballklubben Bodø/Glimt, 2024)
[4098985] Could not find attributes for youssuf sylla (Royal Charleroi Sporting Club, 2023)
[3451616] Could not find attributes for holmar orn eyjolfsson (Rosenborg Ballklub, 2020)
[4126941] Could not find attributes for andrey khodanovich (FC Orenburg, 2023)
lubben Bodø/Glimt
[4805835] Could not find attributes for johannes kreidl (Kuopion Palloseura, 2025)
[3451616] Failed to build match row: Rosenborg Ballklub vs Alanyaspor
[4126941] Failed to build match row: FC Orenburg vs FK Sochi
[4098985] Failed to build match row: Royal Charleroi Sporting Club vs Koninklijke Racing Club Genk
[4805835] Failed to build match row: Kuopion Palloseura vs KKS Lech Poznań Spółka Akcyjna

Keepers & outfield error for **Grupo Desportivo Estoril Praia** in Clube Desportivo de Tondela vs Grupo Desportivo Estoril Praia: Numbers: 2 and 9.
[3687843] Could not find attributes for astor huerga (Nalón CF, 2021)
[3598290] Could not find attributes for robert bauer (St Truiden, 2021)
[4648651] Failed to build match row: Clube Desportivo de Tondela vs Grupo Desportivo Estoril Praia
[3687843] Failed to build match row: Nalón CF vs SD Solares-Medio Cudeyo
[4358689] Could not find attributes for veljko ilic (Fudbalski klub TSC Bačka Topola, 2024)
[3598290] Failed to build match row: Club Brugge Koninklijke Voetbalvereniging vs St Truiden

Keepers & outfield error for **Grêmio Foot-Ball Porto Alegrense** in Grêmio Foot-Ball Porto Alegrense vs Mirasol Futebol Clube: Numbers: 2 and 9.
[4358689] Failed to build match row: Fudbalski klub TSC Bačka Topola vs Fudbalski Klub Spartak Ždrepčeva krv

Keepers & outfield error for **Aston Villa Football Club** in Aston Villa Football Club vs Southampton FC: Numbers: 0 and 11.
[4582196] Failed to build match row: Grêmio Foot-Ball Porto Alegrense vs Mirasol Futebol Clube
[3421733] Failed to build match row: Aston Villa Football Club vs Southampton FC
[4364503] Could not find attributes for vladislav torop (PFK CSKA Moskva, 2024)
[3487534] Could not find attributes for atdhe rashiti (Internacional de Madrid (-2023), 2020)
[4364503] Failed to build match row: PFK CSKA Moskva vs FK Krasnodar
[3487534] Failed to build match row: Internacional de Madrid (-2023) vs Linares Deportivo

Keepers & outfield error for **Bayer 04 Leverkusen Fußball** in Club Atlético de Madrid S.A.D. vs Bayer 04 Leverkusen Fußball: Numbers: 2 and 9.
[4641237] Could not find attributes for seiji kimura (Koninklijke Voetbal Club Westerlo, 2025)
[3911746] Failed to build match row: Club Atlético de Madrid S.A.D. vs Bayer 04 Leverkusen Fußball
[3605479] Could not find attributes for nikolay zirikov (Dinamo St. Petersburg, 2021)
[4641237] Failed to build match row: Koninklijke Voetbal Club Westerlo vs Royal Standard Club de Liège
[4704426] Could not find attributes for marino bulat (HNK Vukovar 1991, 2025)
[3605479] Failed to build match row: Dinamo St. Petersburg vs FK Chita (-2022)
[4625856] Could not find attributes for veljko milosavljevic (Association Football Club Bournemouth, 2025)
[3430378] Failed to scrape lineup: https://www.transfermarkt.co.uk/spielbericht/index/spielbericht/3430378
[3631914] Failed to scrape lineup: https://www.transfermarkt.co.uk/spielbericht/index/spielbericht/3631914
[4704426] Failed to build match row: HNK Vukovar 1991 vs HNK Gorica
[4625856] Failed to build match row: Association Football Club Bournemouth vs Nottingham Forest Football Club
[3886694] Could not find attributes for abde ezzalzouli (Club Atlético Osasuna, 2022)
[3687844] Failed to scrape lineup: https://www.transfermarkt.co.uk/spielbericht/index/spielbericht/3687844
[3886694] Failed to build match row: Club Atlético Osasuna vs Athletic Club Bilbao
[3964634] Could not find attributes for ayoze placeres (CD Atlético Paso, 2022)
[3964634] Failed to build match row: CD Atlético Paso vs Espanol
[4623857] Could not find attributes for jesse bosch (GKS GieKSa Katowice Spółka Akcyjna, 2025)
[4623857] Failed to build match row: GKS GieKSa Katowice Spółka Akcyjna vs Miejski Klub Sportowy Korona Kielce Spółka Akcyjna
[4150631] Could not find attributes for abdul rahman baba (Panthessalonikios Athlitikos Omilos Konstantinoupoliton, 2023)
[4150631] Failed to build match row: Panthessalonikios Athlitikos Omilos Konstantinoupoliton vs Athlitiki Enosi Konstantinoupoleos
[4649465] Could not find attributes for dylan lobban (Aberdeen Football Club, 2025)
[3451617] Could not find attributes for vladimir stojkovic (Fudbalski Klub Partizan Beograd, 2020)
[3451617] Failed to build match row: Royal Charleroi Sporting Club vs Fudbalski Klub Partizan Beograd
[4649465] Failed to build match row: Falkirk Football & Athletic Club vs Aberdeen Football Club
[3598291] Could not find attributes for lior refaelov (Royal Sporting Club Anderlecht, 2021)
[3598291] Failed to build match row: Royal Sporting Club Anderlecht vs Royal Standard Club de Liège
[4403426] Could not find attributes for julian cuesta (Aris Thessalonikis, 2024)
[4582197] Could not find attributes for lucas villalba (Cruzeiro Esporte Clube, 2024)
[4112897] Could not find attributes for nabil aberdin (Getafe Club de Fútbol S. A. D. Team Dubai, 2023)
[4582197] Failed to build match row: Esporte Clube Bahia vs Cruzeiro Esporte Clube
[3886695] Failed to scrape lineup: https://www.transfermarkt.co.uk/rcd-espanyol-barcelona_atletico-de-madrid/index/spielbericht/3886695
[4403426] Failed to build match row: Aris Thessalonikis vs APO Levadiakos Football Club
[3687845] Failed to scrape lineup: https://www.transfermarkt.co.uk/spielbericht/index/spielbericht/3687845
[4112897] Failed to build match row: Getafe Club de Fútbol S. A. D. Team Dubai vs Real Club Deportivo Mallorca S.A.D.
[4368848] Could not find attributes for yakiv kinareykin (FK Karpaty Lviv, 2024)
[4393314] Could not find attributes for jonas svensson (Beşiktaş Jimnastik Kulübü, 2024)
[3860419] Could not find attributes for gokhan akkan (MKE Ankaragücü, 2022)
viv
[3583529] Could not find attributes for cristian pecci (St Joseph's FC, 2021)
[3605480] Could not find attributes for dmitriy yashin (FK Krasava (-2022), 2021)
[4393314] Failed to build match row: Beşiktaş Jimnastik Kulübü vs Trabzonspor Kulübü
[3583529] Failed to build match row: St Joseph's FC vs FCI Levadia
[3605480] Failed to build match row: FK Krasava (-2022) vs Metallurg Vidnoe
[3860419] Failed to build match row: MKE Ankaragücü vs Gaziantep Futbol Kulübü A.Ş.
[3421735] Failed to scrape lineup: https://www.transfermarkt.co.uk/fulham-fc_west-bromwich-albion/index/spielbericht/3421735
[4150632] Failed to scrape lineup: https://www.transfermarkt.co.uk/pas-giannina_aris-thessaloniki/index/spielbericht/4150632
[4625857] Could not find attributes for yegor yarmolyuk (Brentford Football Club, 2025)
[4625857] Failed to build match row: Brentford Football Club vs Liverpool Football Club
[4364504] Could not find attributes for vadim lukyanov (FK Nizhny Novgorod, 2024)
[4364504] Failed to build match row: FK Nizhny Novgorod vs RFK Akhmat Grozny
[4634308] Could not find attributes for kacper potulski (1. Fußball- und Sportverein Mainz 05, 2025)
[4649466] Could not find attributes for alexander schwolow (Heart of Midlothian Football Club, 2025)
[4126942] Failed to build match row: PFK CSKA Moskva vs Fakel Voronezh
[4634308] Failed to build match row: RasenBallsport Leipzig vs 1. Fußball- und Sportverein Mainz 05
[4403427] Failed to scrape lineup: https://www.transfermarkt.co.uk/atromitos-athens_aek-athens/index/spielbericht/4403427
[3421736] Failed to scrape lineup: https://www.transfermarkt.co.uk/leeds-united_leicester-city/index/spielbericht/3421736

Keepers & outfield error for **Bayer 04 Leverkusen Fußball** in Club Brugge Koninklijke Voetbalvereniging vs Bayer 04 Leverkusen Fußball: Numbers: 2 and 9.
[3911753] Failed to build match row: Club Brugge Koninklijke Voetbalvereniging vs Bayer 04 Leverkusen Fußball
[4528222] Could not find attributes for jaime gomez (Querétaro Fútbol Club, 2024)
[4623858] Could not find attributes for kamil jozwiak (Jagiellonia-Bialystok Sportowa Spólka Akcyjna, 2025)
[4150633] Failed to scrape lineup: https://www.transfermarkt.co.uk/pas-lamia-1964_asteras-tripolis/index/spielbericht/4150633
[4528222] Failed to build match row: Querétaro Fútbol Club vs Club León Fútbol Club
[4393315] Could not find attributes for christopher lungoyi (Gaziantep Futbol Kulübü A.Ş., 2024)
[4623858] Failed to build match row: Klub Sportowy Górnik Zabrze Sportowa Spółka Akcyjna vs Jagiellonia-Bialystok Sportowa Spólka Akcyjna
[4393315] Failed to build match row: Gaziantep Futbol Kulübü A.Ş. vs Sivasspor
[3860420] Could not find attributes for charilaos charisis (Sivasspor, 2022)
[4445351] Failed to scrape lineup: https://www.transfermarkt.co.uk/spielbericht/index/spielbericht/4445351
[3860420] Failed to build match row: Sivasspor vs Adana Demirspor
[3598292] Could not find attributes for ike ugbo (Koninklijke Racing Club Genk, 2021)
[3598292] Failed to build match row: Koninklijke Racing Club Genk vs Beerschot VA
[4098987] Failed to scrape lineup: https://www.transfermarkt.co.uk/club-brugge-kv_kas-eupen/index/spielbericht/4098987
[4364505] Could not find attributes for nuraly alip (AO FK Zenit Sankt-Peterburg, 2024)
[4364505] Failed to build match row: AO FK Zenit Sankt-Peterburg vs FC Rubin Kazan
Not enough players found for lineup: 0, 11.
[3430380] Failed to scrape lineup: https://www.transfermarkt.co.uk/spielbericht/index/spielbericht/3430380
[3886696] Could not find attributes for darwin machis (Real Valladolid CF, 2022)
[3886696] Failed to build match row: Real Valladolid CF vs Futbol Club Barcelona
[4704492] Could not find attributes for mads fischer (FC Skanderborg, 2025)
[4704492] Failed to build match row: FC Skanderborg vs Vejle Boldklub
[3433589] Could not find attributes for lucas masoero (Lokomotiv Plovdiv, 2020)
[3433589] Failed to build match row: Lokomotiv Plovdiv vs Tottenham Hotspur Football Club
[3836663] Could not find attributes for artem potapov (FC Ararat Yerevan, 2022)
[4716777] Could not find attributes for senny mayulu (Paris Saint-Germain Football Club, 2025)
[3836663] Failed to build match row: FC Ararat Yerevan vs Shkendija Tetovo
[4150634] Could not find attributes for domagoj vida (Athlitiki Enosi Konstantinoupoleos, 2023)
[4716777] Failed to build match row: Paris Saint-Germain Football Club vs Atalanta Bergamasca Calcio S.p.a.
[4150634] Failed to build match row: Athlitiki Enosi Konstantinoupoleos vs PAS Lamia 1964

Keepers & outfield error for **Real Betis Balompié S.A.D.** in Real Club Deportivo Mallorca S.A.D. vs Real Betis Balompié S.A.D.: Numbers: 2 and 9.
[4645883] Failed to build match row: Real Club Deportivo Mallorca S.A.D. vs Real Betis Balompié S.A.D.
[3451618] Could not find attributes for krunoslav hendija (NK Lokomotiva Zagreb, 2020)
[3451618] Failed to build match row: Malmö Fotbollförening vs NK Lokomotiva Zagreb
[3631916] Could not find attributes for keston davies (The New Saints, 2021)
[3631916] Failed to build match row: The New Saints vs FC Viktoria Plzeň, a.s.
[4410864] Could not find attributes for norbert gyomber (Al-Kholood Club, 2024)
[4410864] Failed to build match row: Al-Ittihad Football Club vs Al-Kholood Club

Keepers & outfield error for **Manchester City Football Club** in Manchester City Football Club vs Crystal Palace Football Club: Numbers: 2 and 9.
[3591975] Failed to build match row: Manchester City Football Club vs Crystal Palace Football Club
[3583530] Could not find attributes for balazs toth (Puskás Akadémia FC, 2021)
[4770596] Could not find attributes for keisuke kurokawa (D.C. United, 2025)
[3583530] Failed to build match row: Puskás Akadémia FC vs FC Inter Turku
[4770596] Failed to build match row: D.C. United vs Philadelphia Union
[4126943] Could not find attributes for aleksey mamin (Ural Yekaterinburg, 2023)

Keepers & outfield error for **Kilmarnock Football Club** in Kilmarnock Football Club vs Hibernian Football Club: Numbers: 0 and 11.
[4364506] Could not find attributes for sergey volkov (Akron Togliatti, 2024)
[3598293] Could not find attributes for billal messaoudi (KV Kortrijk, 2021)
[4126943] Failed to build match row: Ural Yekaterinburg vs FK Rostov
[4649467] Failed to build match row: Kilmarnock Football Club vs Hibernian Football Club
[3598293] Failed to build match row: Koninklijke Atletiek Associatie Gent vs KV Kortrijk
[4364506] Failed to build match row: Akron Togliatti vs Fakel Voronezh
[4393316] Could not find attributes for luccas claro (Eyüp Spor Kulübü, 2024)
[4582198] Could not find attributes for lucca prior (Fortaleza Esporte Clube, 2024)

Keepers & outfield error for **Club Atlético Antoniano** in Club Atlético Antoniano vs CD Lugo: Numbers: 3 and 8.
[4582198] Failed to build match row: Fortaleza Esporte Clube vs Esporte Clube Vitória
[4204041] Failed to build match row: Club Atlético Antoniano vs CD Lugo
[4393316] Failed to build match row: Eyüp Spor Kulübü vs Kayserispor Kulübü
[3860421] Could not find attributes for miha zajc (Fenerbahçe Spor Kulübü, 2022)

Keepers & outfield error for **Espanol** in Espanol vs Celta: Numbers: 2 and 9.
[4625859] Could not find attributes for joao palhinha (Tottenham Hotspur Football Club, 2025)
[3860421] Failed to build match row: Fenerbahçe Spor Kulübü vs Kasımpaşa A.Ş.
[4645884] Failed to build match row: Espanol vs Celta
[4403428] Could not find attributes for alexios kalogeropoulos (Volou Neos Podosferikos Syllogos, 2024)
[3886697] Could not find attributes for theo bongonda (Cádiz CF, 2022)
ras Tripolis, 2023)
[3451619] Could not find attributes for matko obradovic (NS Mura, 2020)
[4410865] Could not find attributes for gaetan coucke (Al-Orobah FC, 2024)
[4403428] Failed to build match row: Volou Neos Podosferikos Syllogos vs Panathinaikos Athlitikos Omilos
[4625859] Failed to build match row: Everton Football Club vs Tottenham Hotspur Football Club
[3605481] Could not find attributes for andrey grimanov (FK Smolensk (-2021), 2021)
[4150635] Failed to build match row: A.G.S Asteras Tripolis vs Olympiakos Syndesmos Filathlon Peiraios
[3451619] Failed to build match row: NS Mura vs Eindhovense Voetbalvereniging Philips Sport Vereniging
[3886697] Failed to build match row: Villarreal Club de Fútbol S.A.D. vs Cádiz CF
[4410865] Failed to build match row: Al-Orobah FC vs Al-Ahli Saudi Football Club
[4805836] Failed to scrape lineup: https://www.transfermarkt.co.uk/spielbericht/index/spielbericht/4805836
Not enough players found for lineup: 0, 11.
[3605481] Failed to build match row: FK Smolensk (-2021) vs Luki-Energia Velikie Luki
[3430381] Failed to scrape lineup: https://www.transfermarkt.co.uk/spielbericht/index/spielbericht/3430381
[4368849] Could not find attributes for volodymyr makhankov (FK Kryvbas Kryvyi Rig, 2024)
[4704493] Could not find attributes for casper radza (Middelfart Boldklub, 2025)
[4368849] Failed to build match row: FK Kryvbas Kryvyi Rig vs NK Veres Rivne
[4374079] Could not find attributes for nicolo savona (Juventus Football Club, 2024)
[4704493] Failed to build match row: Middelfart Boldklub vs Silkeborg Idrætsforening
[4374079] Failed to build match row: Juventus Football Club vs Associazione Calcio Fiorentina
[4358690] Could not find attributes for marko milosevic (FK Radnički 1923 Kragujevac, 2024)
[4358690] Failed to build match row: FK Radnički 1923 Kragujevac vs Fudbalski Klub Radnički Niš
[4504582] Could not find attributes for nikko boxall (Auckland City FC, 2025)
[3631917] Could not find attributes for keston davies (The New Saints, 2021)
[4504582] Failed to build match row: FC Bayern München vs Auckland City FC
[3631917] Failed to build match row: FC Viktoria Plzeň, a.s. vs The New Saints
[3836664] Could not find attributes for victor mudrac (FC Petrocub Hincesti, 2022)
[4393317] Could not find attributes for ali aytemur (Bodrum FK, 2024)
[3836664] Failed to build match row: FC Petrocub Hincesti vs Floriana FC
[4150636] Could not find attributes for panagiotis tsintotas (APS Atromitos Athinon, 2023)
[4150636] Failed to build match row: APS Atromitos Athinon vs Panserraikos Serres
[3964635] Failed to build match row: CD Diocesano vs Getafe Club de Fútbol S. A. D. Team Dubai

Keepers & outfield error for **Futebol Clube de Arouca** in Vitória Sport Clube vs Futebol Clube de Arouca: Numbers: 0 and 11.
[3433590] Could not find attributes for yahya kalley (Idrottsföreningen Kamraterna Göteborg, 2020)
[4393317] Failed to build match row: İstanbul Başakşehir Futbol Kulübü vs Bodrum FK
[4648652] Failed to build match row: Vitória Sport Clube vs Futebol Clube de Arouca
[3433590] Failed to build match row: Idrottsföreningen Kamraterna Göteborg vs Football Club København
[4403429] Could not find attributes for gelson martins (Olympiakos Syndesmos Filathlon Peiraios, 2024)
[4634311] Could not find attributes for tomoya ando (Fußball-Club St. Pauli von 1910, 2025)
[4126944] Could not find attributes for nikita yanovich (FC Rubin Kazan, 2023)
[4126944] Failed to build match row: FC Rubin Kazan vs Футбольный клуб "Локомотив" Москва
[4634311] Failed to build match row: Fußball-Club Augsburg 1907 vs Fußball-Club St. Pauli von 1910
[4403429] Failed to build match row: Olympiakos Syndesmos Filathlon Peiraios vs Panserraikos Serres
[4361919] Could not find attributes for miroslav stevanovic (Servette Football Club 1890 SA, 2024)

Keepers & outfield error for **Elche Club de Fútbol S.A.D.** in Elche Club de Fútbol S.A.D. vs Club Atlético Osasuna: Numbers: 0 and 11.
[4645885] Failed to build match row: Elche Club de Fútbol S.A.D. vs Club Atlético Osasuna
[4361919] Failed to build match row: FC Luzern vs Servette Football Club 1890 SA
[4805837] Could not find attributes for hrvoje barisic (HSK Zrinjski Mostar, 2025)

Keepers & outfield error for **FC Viktoria Plzeň, a.s.** in FC Bayern München vs FC Viktoria Plzeň, a.s.: Numbers: 2 and 9.
[4582199] Could not find attributes for wilker angel (Esporte Clube Juventude, 2024)
[4805837] Failed to build match row: HSK Zrinjski Mostar vs Crystal Palace Football Club
[4582199] Failed to build match row: Esporte Clube Juventude vs Clube de Regatas do Flamengo
[3911759] Failed to build match row: FC Bayern München vs FC Viktoria Plzeň, a.s.
[4358691] Could not find attributes for vladimir savic (Fudbalski klub Napredak Kruševac, 2024)
[4358691] Failed to build match row: Fudbalski klub Napredak Kruševac vs Fudbalski Klub IMT Novi Beograd
[4770597] Could not find attributes for adri mehmeti (Red Bull New York, 2025)
[3430382] Could not find attributes for kasper vilfort (Brönshöj Boldklub, 2020)
[3430382] Failed to build match row: Brönshöj Boldklub vs BK Frem
[4770597] Failed to build match row: Orlando City Soccer Club vs Red Bull New York
[3860423] Failed to scrape lineup: https://www.transfermarkt.co.uk/istanbulspor_kayserispor/index/spielbericht/3860423
[3487535] Could not find attributes for facu esnaider (CDA Navalcarnero, 2020)
[4704494] Could not find attributes for kasper kildegaard (Marstal/Rise IF, 2025)
[4410866] Could not find attributes for solomon tweh (Al-Raed SFC, 2024)

Keepers & outfield error for **Atalanta Bergamasca Calcio S.p.a.** in Società Sportiva Lazio S.p.A. vs Atalanta Bergamasca Calcio S.p.a.: Numbers: 2 and 9.
 and 11.
[4098989] Could not find attributes for noah fadiga (Koninklijke Atletiek Associatie Gent, 2023)
[3487535] Failed to build match row: CDA Navalcarnero vs CD Badajoz
[4625860] Failed to build match row: Leeds United Association Football Club vs West Ham United Football Club
[4098989] Failed to build match row: Koninklijke Atletiek Associatie Gent vs Cercle Brugge Koninklijke Sportvereniging
[4704494] Failed to build match row: Marstal/Rise IF vs Aalborg BK
[4374080] Failed to build match row: Società Sportiva Lazio S.p.A. vs Atalanta Bergamasca Calcio S.p.a.
[4403430] Failed to scrape lineup: https://www.transfermarkt.co.uk/pas-lamia-1964_paok-thessaloniki/index/spielbericht/4403430
[3886699] Failed to scrape lineup: https://www.transfermarkt.co.uk/real-sociedad_ud-almeria/index/spielbericht/3886699
[4410866] Failed to build match row: Al-Raed SFC vs Al-Nassr Football Club
[4623861] Could not find attributes for hussein ali (Morski Klub Sportowy Pogoń Szczecin, 2025)
[4623861] Failed to build match row: Morski Klub Sportowy Pogoń Szczecin vs Klub Sportowy Cracovia Spółka Akcyjna

Keepers & outfield error for **Fodbold Club Midtjylland** in Futebol Clube do Porto vs Fodbold Club Midtjylland: Numbers: 2 and 9.
[4445353] Failed to build match row: Futebol Clube do Porto vs Fodbold Club Midtjylland
[3433591] Could not find attributes for aqil mammadov (Neftchi Baku, 2020)
[4126945] Could not find attributes for mateo barac (PFK Krylya Sovetov Samara, 2023)
[3433591] Failed to build match row: Neftchi Baku vs Galatasaray Spor Kulübü
[4126945] Failed to build match row: PFK Krylya Sovetov Samara vs AO FK Zenit Sankt-Peterburg
[4582200] Could not find attributes for bruno henrique (Clube de Regatas do Flamengo, 2024)
[4582200] Failed to build match row: Clube de Regatas do Flamengo vs São Paulo Futebol Clube

Keepers & outfield error for **Impulsora del Deportivo Necaxa S.A. de C.V.** in Club Tijuana Xoloitzcuintles de Caliente vs Impulsora del Deportivo Necaxa S.A. de C.V.: Numbers: 2 and 9.
[4204042] Could not find attributes for franc carbonell (UD Barbastro, 2023)
[4368850] Failed to scrape lineup: https://www.transfermarkt.co.uk/obolon-kyiv_vorskla-poltava/index/spielbericht/4368850

Keepers & outfield error for **FC Viktoria Plzeň, a.s.** in Football Club Internazionale Milano S.p.A. vs FC Viktoria Plzeň, a.s.: Numbers: 2 and 9.
[4204042] Failed to build match row: UD Barbastro vs SD Ponferradina
[3836665] Could not find attributes for beitir olafsson (KR Reykjavík, 2022)
[4528223] Failed to build match row: Club Tijuana Xoloitzcuintles de Caliente vs Impulsora del Deportivo Necaxa S.A. de C.V.

Keepers & outfield error for **Futebol Clube do Porto** in Sporting Clube de Portugal vs Futebol Clube do Porto: Numbers: 0 and 11.
[3911761] Failed to build match row: Football Club Internazionale Milano S.p.A. vs FC Viktoria Plzeň, a.s.
[3836665] Failed to build match row: KR Reykjavík vs Morski Klub Sportowy Pogoń Szczecin
[4634312] Could not find attributes for rani khedira (1. Fußballclub Union Berlin, 2025)
[4805838] Could not find attributes for kamil jozwiak (Jagiellonia-Bialystok Sportowa Spólka Akcyjna, 2025)

Keepers & outfield error for **Galatasaray Spor Kulübü** in Çaykur Rizespor Kulübü vs Galatasaray Spor Kulübü: Numbers: 2 and 9.
[4648653] Failed to build match row: Sporting Clube de Portugal vs Futebol Clube do Porto
[4393318] Failed to build match row: Çaykur Rizespor Kulübü vs Galatasaray Spor Kulübü
[4634312] Failed to build match row: Turn- und Sportgemeinschaft 1899 Hoffenheim Fußball-Spielbetriebs vs 1. Fußballclub Union Berlin

Keepers & outfield error for **Villarreal Club de Fútbol S.A.D.** in Getafe Club de Fútbol S. A. D. Team Dubai vs Villarreal Club de Fútbol S.A.D.: Numbers: 0 and 11.
[4805838] Failed to build match row: Jagiellonia-Bialystok Sportowa Spólka Akcyjna vs Associazione Calcio Fiorentina
[4645886] Failed to build match row: Getafe Club de Fútbol S. A. D. Team Dubai vs Villarreal Club de Fútbol S.A.D.
[4150637] Could not find attributes for alexios kalogeropoulos (Volou Neos Podosferikos Syllogos, 2023)
[4150637] Failed to build match row: Volou Neos Podosferikos Syllogos vs Aris Thessalonikis
[4364507] Could not find attributes for fabian balbuena (FK Dinamo Moskva, 2024)
[4364507] Failed to build match row: FK Dinamo Moskva vs FK Spartak Moskva
[4112900] Could not find attributes for mikel jauregizar (Athletic Club Bilbao, 2023)
[4112900] Failed to build match row: Rayo Vallecano de Madrid S. A. D. vs Athletic Club Bilbao
[3421739] Could not find attributes for niels nkounkou (Everton Football Club, 2020)
[3421739] Failed to build match row: Newcastle United Football Club vs Everton Football Club
[3433592] Could not find attributes for matvei igonen (FC Flora Tallinn, 2020)
[3433592] Failed to build match row: FC Flora Tallinn vs KR Reykjavík
[4098990] Could not find attributes for philipe sampaio (RWD Molenbeek, 2023)
[4098990] Failed to build match row: RWD Molenbeek vs Royal Antwerp Football Club
[3451620] Could not find attributes for ohad levita (Hapoel Beer Sheva, 2020)
[3451620] Failed to build match row: Hapoel Beer Sheva vs Motherwell Football Club
[4770598] Could not find attributes for thomas muller (Vancouver Whitecaps FC, 2025)
[4770598] Failed to build match row: Vancouver Whitecaps FC vs Real Salt Lake
[4403758] Could not find attributes for emil timbur (FK Panevezys, 2024)
[4403758] Failed to build match row: FK Panevezys vs Jagiellonia-Bialystok Sportowa Spólka Akcyjna
[4623862] Could not find attributes for tomas tavares (Wisła Płock Spółka Akcyjna, 2025)
[4623862] Failed to build match row: Radomiak S.A. vs Wisła Płock Spółka Akcyjna
[3598297] Failed to scrape lineup: https://www.transfermarkt.co.uk/zulte-waregem_kv-oostende-2024-/index/spielbericht/3598297
[4393319] Could not find attributes for riechedly bazoer (Konyaspor, 2024)
[4393319] Failed to build match row: Konyaspor vs Samsunspor
[4805839] Could not find attributes for baboucarr gaye (Shkendija Tetovo, 2025)
[4410867] Could not find attributes for hussain al zarie (Al-Fateh Club, 2024)
[4150638] Could not find attributes for praxitelis vouros (Omilos Filathlon Irakliou FC, 2023)
[4770599] Failed to scrape lineup: https://www.transfermarkt.co.uk/austin-fc_minnesota-united-fc/index/spielbericht/4770599

Keepers & outfield error for **Paris Saint-Germain Football Club** in Lille Olympique Sporting Club vs Paris Saint-Germain Football Club: Numbers: 2 and 9.

Keepers & outfield error for **Levante Unión Deportiva S.A.D.** in Levante Unión Deportiva S.A.D. vs Valencia Club de Fútbol S. A. D.: Numbers: 0 and 11.
[4358692] Could not find attributes for svetozar markovic (Fudbalski Klub Partizan Beograd, 2024)
[4374081] Could not find attributes for mats hummels (Associazione Sportiva Roma, 2024)
[4150638] Failed to build match row: Omilos Filathlon Irakliou FC vs PAS Giannina
[4098991] Could not find attributes for sergiy sydorchuk (Koninklijke Voetbal Club Westerlo, 2023)
[4410867] Failed to build match row: Al-Fateh Club vs Al-Qadsiah Saudi Football Club
[4805839] Failed to build match row: Shkendija Tetovo vs Samsunspor
[4645887] Failed to build match row: Levante Unión Deportiva S.A.D. vs Valencia Club de Fútbol S. A. D.
[4358692] Failed to build match row: Fudbalski Klub Partizan Beograd vs Železničar Pančevo
[3839819] Failed to build match row: Lille Olympique Sporting Club vs Paris Saint-Germain Football Club
[4098991] Failed to build match row: Royale Union Saint-Gilloise vs Koninklijke Voetbal Club Westerlo
[4368851] Could not find attributes for eduard kozik (FK Kolos Kovalivka, 2024)
[4368851] Failed to build match row: FK Kolos Kovalivka vs Chornomorets Odesa
[3433593] Could not find attributes for ziga frelih (NK Olimpija Ljubljana, 2020)
[4634313] Could not find attributes for vini souza (Verein für Leibesübungen Wolfsburg, 2025)
[3487536] Could not find attributes for primi ferriz (CD Alcoyano, 2020)
[4634313] Failed to build match row: 1. Fußball-Club Köln vs Verein für Leibesübungen Wolfsburg
[3433593] Failed to build match row: NK Olimpija Ljubljana vs HSK Zrinjski Mostar
[3487536] Failed to build match row: CD Alcoyano vs CD Laredo
[4096036] Could not find attributes for pavel kaderabek (Turn- und Sportgemeinschaft 1899 Hoffenheim Fußball-Spielbetriebs, 2023)
[4096036] Failed to build match row: Turn- und Sportgemeinschaft 1899 Hoffenheim Fußball-Spielbetriebs vs Eintracht Frankfurt Fußball AG
[4623863] Could not find attributes for matej rodin (Klub Sportowy Lechia Gdańsk, 2025)
[4623863] Failed to build match row: RKS Raków Częstochowa SA vs Klub Sportowy Lechia Gdańsk
[4648654] Could not find attributes for georgios liavas (Rio Ave Futebol Clube, 2025)
[4648654] Failed to build match row: Rio Ave Futebol Clube vs Sporting Clube de Braga
[4090242] Failed to scrape lineup: https://www.transfermarkt.co.uk/odense-boldklub_fc-nordsjaelland/index/spielbericht/4090242
[3631918] Could not find attributes for silvije begic (FC Rubin Kazan, 2021)
[3631918] Failed to build match row: RKS Raków Częstochowa SA vs FC Rubin Kazan
[3848875] Could not find attributes for lior refaelov (Royal Sporting Club Anderlecht, 2022)

Keepers & outfield error for **FC Viktoria Plzeň, a.s.** in FC Viktoria Plzeň, a.s. vs Futbol Club Barcelona: Numbers: 2 and 9.
[4641243] Could not find attributes for yuto tsunashima (Royal Antwerp Football Club, 2025)
[3848875] Failed to build match row: Royal Sporting Club Anderlecht vs KV Oostende
[4445355] Failed to scrape lineup: https://www.transfermarkt.co.uk/spielbericht/index/spielbericht/4445355
[4150639] Failed to scrape lineup: https://www.transfermarkt.co.uk/panathinaikos-fc_ae-kifisias/index/spielbericht/4150639
[4645888] Failed to scrape lineup: https://www.transfermarkt.co.uk/real-madrid_real-sociedad/index/spielbericht/4645888
[3911763] Failed to build match row: FC Viktoria Plzeň, a.s. vs Futbol Club Barcelona
[4641243] Failed to build match row: Royal Antwerp Football Club vs Cercle Brugge Koninklijke Sportvereniging

Keepers & outfield error for **Villarreal Club de Fútbol S.A.D.** in Tottenham Hotspur Football Club vs Villarreal Club de Fútbol S.A.D.: Numbers: 0 and 11.
[4716845] Failed to build match row: Tottenham Hotspur Football Club vs Villarreal Club de Fútbol S.A.D.
[4368852] Failed to scrape lineup: https://www.transfermarkt.co.uk/zorya-lugansk_obolon-kyiv/index/spielbericht/4368852
[4098992] Could not find attributes for munashe garananga (Yellow-Red Koninklijke Voetbalclub Mechelen, 2023)
[4204043] Could not find attributes for luispa (Yeclano Deportivo, 2023)
[4648655] Failed to scrape lineup: https://www.transfermarkt.co.uk/casa-pia-ac_sporting-cp/index/spielbericht/4648655
[4410868] Could not find attributes for moussa dembele (Al-Ettifaq Football Club, 2024)
[4204043] Failed to build match row: Yeclano Deportivo vs Atlético Sanluqueño CF
[4098992] Failed to build match row: Yellow-Red Koninklijke Voetbalclub Mechelen vs Koninklijke Racing Club Genk
[4410868] Failed to build match row: Al-Ettifaq Football Club vs Al-Shabab Club
[4112901] Could not find attributes for arsen zakharyan (Real Sociedad de Fútbol S.A.D., 2023)
[4096037] Could not find attributes for tim kleindienst (1. Fußballclub Heidenheim 1846, 2023)
[4096037] Failed to build match row: 1. Fußballclub Heidenheim 1846 vs Fußball-Club Augsburg 1907
[4112901] Failed to build match row: Real Sociedad de Fútbol S.A.D. vs Club Atlético de Madrid S.A.D.
[4528232] Could not find attributes for paul bellon (Club León Fútbol Club, 2024)
[3598298] Could not find attributes for anas nanah (KAS Eupen, 2021)
[4528232] Failed to build match row: Impulsora del Deportivo Necaxa S.A. de C.V. vs Club León Fútbol Club
[3860425] Could not find attributes for andreas bouchalakis (Konyaspor, 2022)
[3598298] Failed to build match row: KAS Eupen vs Cercle Brugge Koninklijke Sportvereniging
[4358693] Could not find attributes for vukasin jovanovic (FK Jedinstvo Ub, 2024)
[3860425] Failed to build match row: Konyaspor vs Fatih Karagümrük Sportif Faaliyetler San. Tic. A.Ş.

Keepers & outfield error for **Club Atlético de Madrid S.A.D.** in Club Atlético de Madrid S.A.D. vs Real Sociedad de Fútbol S.A.D.: Numbers: 2 and 9.
[4358693] Failed to build match row: FK Jedinstvo Ub vs Železničar Pančevo
[3886701] Failed to build match row: Club Atlético de Madrid S.A.D. vs Real Sociedad de Fútbol S.A.D.
[4090243] Could not find attributes for yuito suzuki (Brøndby Idrætsforening, 2023)
[4704495] Could not find attributes for kristian pedersen (Young Boys FD, 2025)
[4090243] Failed to build match row: Brøndby Idrætsforening vs Fodbold Club Midtjylland
[4704495] Failed to build match row: Young Boys FD vs Aarhus Fremad
[4393320] Could not find attributes for tolga kalender (Adana Demirspor, 2024)
[4393320] Failed to build match row: Adana Demirspor vs Antalyaspor
[3451621] Could not find attributes for kristian joensen (KÍ Klaksvík, 2020)
[4716846] Failed to scrape lineup: https://www.transfermarkt.co.uk/spielbericht/index/spielbericht/4716846
[3687846] Could not find attributes for chicho (CD Villa de Fortuna, 2021)
[3451621] Failed to build match row: KÍ Klaksvík vs Dinamo Tbilisi
[3687846] Failed to build match row: CD Villa de Fortuna vs Atlético Espeleño
[4645889] Could not find attributes for neal maupay (Sevilla Fútbol Club S.A.D., 2025)
[4645889] Failed to build match row: Sevilla Fútbol Club S.A.D. vs Alaves
[4623874] Failed to scrape lineup: https://www.transfermarkt.co.uk/gks-katowice_piast-gliwice/index/spielbericht/4623874
[4204044] Failed to scrape lineup: https://www.transfermarkt.co.uk/spielbericht/index/spielbericht/4204044
[3598299] Failed to scrape lineup: https://www.transfermarkt.co.uk/rsc-anderlecht_royal-antwerp-fc/index/spielbericht/3598299
[4096038] Failed to scrape lineup: https://www.transfermarkt.co.uk/sv-darmstadt-98_rb-leipzig/index/spielbericht/4096038
[4410869] Could not find attributes for konstantinos fortounis (Al-Khaleej Club (Saihat), 2024)
[4410869] Failed to build match row: Al-Khaleej Club (Saihat) vs Damac Football Club
[3605482] Could not find attributes for aleksandr kim (Sakhalin Yuzhno-Sakhalinsk, 2021)
[4704496] Failed to scrape lineup: https://www.transfermarkt.co.uk/spielbericht/index/spielbericht/4704496
[4393321] Failed to scrape lineup: https://www.transfermarkt.co.uk/hatayspor_alanyaspor/index/spielbericht/4393321
[4504584] Could not find attributes for leo ortiz (Clube de Regatas do Flamengo, 2025)
[4504584] Failed to build match row: Clube de Regatas do Flamengo vs Esperance Tunis
[3605482] Failed to build match row: Sakhalin Yuzhno-Sakhalinsk vs Dinamo Vladivostok
[4805840] Could not find attributes for faton maloku (FC Drita, 2025)
[4645899] Could not find attributes for jose gaya (Valencia Club de Fútbol S. A. D., 2025)
[4805840] Failed to build match row: FC Drita vs NK Celje
[4645899] Failed to build match row: Valencia Club de Fútbol S. A. D. vs Celta
[4641245] Could not find attributes for mathis servais (Yellow-Red Koninklijke Voetbalclub Mechelen, 2025)
[4641245] Failed to build match row: Yellow-Red Koninklijke Voetbalclub Mechelen vs St Truiden
[3860426] Could not find attributes for yasin ozcan (Kasımpaşa A.Ş., 2022)
[3860426] Failed to build match row: Kasımpaşa A.Ş. vs Beşiktaş Jimnastik Kulübü
[4368853] Could not find attributes for yevgeniy kucherenko (LNZ Cherkasy, 2024)

Keepers & outfield error for **Olympique Lyonnais** in Rangers Football Club vs Olympique Lyonnais: Numbers: 0 and 11.
[4368853] Failed to build match row: LNZ Cherkasy vs Futbolniy Klub Dynamo Kyiv
[4445356] Failed to build match row: Rangers Football Club vs Olympique Lyonnais
[3631919] Could not find attributes for silvije begic (FC Rubin Kazan, 2021)
[3631919] Failed to build match row: FC Rubin Kazan vs RKS Raków Częstochowa SA
[4648657] Could not find attributes for franjo ivanovic (Sport Lisboa e Benfica, 2025)
[4648657] Failed to build match row: Sport Lisboa e Benfica vs Rio Ave Futebol Clube
[4358694] Could not find attributes for nemanja belic (Fudbalski Klub IMT Novi Beograd, 2024)
[4358694] Failed to build match row: Fudbalski Klub IMT Novi Beograd vs Fudbalski Klub Partizan Beograd
[4625864] Failed to scrape lineup: https://www.transfermarkt.co.uk/brighton-amp-hove-albion_leeds-united/index/spielbericht/4625864
[4445357] Failed to scrape lineup: https://www.transfermarkt.co.uk/spielbericht/index/spielbericht/4445357
[4098993] Could not find attributes for ryotaro tsunoda (KV Kortrijk, 2023)
[4393322] Could not find attributes for samba camara (Sivasspor, 2024)
[4393322] Failed to build match row: Sivasspor vs Konyaspor
[4098993] Failed to build match row: St Truiden vs KV Kortrijk
[4528233] Could not find attributes for emanuel gularte (Club de Futbol Puebla de La Franja, 2024)
[4528233] Failed to build match row: Club de Futbol Puebla de La Franja vs Deportivo Toluca Futbol Club, S. A. de C. V.
[3412967] Failed to scrape lineup: https://www.transfermarkt.co.uk/bayer-04-leverkusen_1-fc-koln/index/spielbericht/3412967
[4126946] Could not find attributes for giorgiy shelia (RFK Akhmat Grozny, 2023)
[4126946] Failed to build match row: RFK Akhmat Grozny vs FK Baltika
[3836666] Could not find attributes for george hughes (Newtown AFC, 2022)
[3836666] Failed to build match row: Newtown AFC vs HB Tórshavn
[4368854] Could not find attributes for andriy klishchuk (FK Kryvbas Kryvyi Rig, 2024)
[3598301] Could not find attributes for robert bauer (St Truiden, 2021)
[3451622] Could not find attributes for zvonimir mikulic (FC Sheriff Tiraspol, 2020)
[4368854] Failed to build match row: FC Shakhtar Donetsk vs FK Kryvbas Kryvyi Rig
[3598301] Failed to build match row: Koninklijke Racing Club Genk vs St Truiden
[3451622] Failed to build match row: FC Sheriff Tiraspol vs Dundalk FC
[4410870] Could not find attributes for milan borjan (Al-Riyadh Saudi Club, 2024)
[4641246] Could not find attributes for seiji kimura (Koninklijke Voetbal Club Westerlo, 2025)
[4410870] Failed to build match row: Al-Riyadh Saudi Club vs Al-Wehda FC
[4641246] Failed to build match row: Koninklijke Voetbal Club Westerlo vs Oud-Heverlee Leuven

Keepers & outfield error for **CD Coria** in CD Coria vs Real Sociedad de Fútbol S.A.D.: Numbers: 2 and 9.

Keepers & outfield error for **Getafe Club de Fútbol S. A. D. Team Dubai** in Getafe Club de Fútbol S. A. D. Team Dubai vs Club Atlético Osasuna: Numbers: 2 and 9.
[4805841] Could not find attributes for matus maly (SK Sigma Olomouc, a.s., 2025)
[3964636] Failed to build match row: CD Coria vs Real Sociedad de Fútbol S.A.D.
[3886703] Failed to build match row: Getafe Club de Fútbol S. A. D. Team Dubai vs Club Atlético Osasuna
[4805841] Failed to build match row: SK Sigma Olomouc, a.s. vs Football Club Lausanne-Sport

Keepers & outfield error for **Futebol Clube de Arouca** in Futebol Clube de Arouca vs AVS Futebol SAD: Numbers: 0 and 11.
[4770601] Could not find attributes for antonio carlos (Houston Dynamo, 2025)
[4648658] Failed to build match row: Futebol Clube de Arouca vs AVS Futebol SAD
[3860427] Could not find attributes for baran gezek (Kayserispor Kulübü, 2022)

Keepers & outfield error for **FC Viktoria Plzeň, a.s.** in Futbol Club Barcelona vs FC Viktoria Plzeň, a.s.: Numbers: 2 and 9.
[4404837] Could not find attributes for odion ighalo (Al-Wehda FC, 2024)
[4770601] Failed to build match row: Houston Dynamo vs Chicago Fire Soccer Club
[3860427] Failed to build match row: Kayserispor Kulübü vs MKE Ankaragücü
[3911786] Failed to build match row: Futbol Club Barcelona vs FC Viktoria Plzeň, a.s.
[4404837] Failed to build match row: Al-Wehda FC vs Al-Riyadh Saudi Club
[4364509] Could not find attributes for georgiy dzhikiya (FC Khimki (-2025), 2024)
[4364509] Failed to build match row: FC Khimki (-2025) vs FK Rostov
[4528235] Could not find attributes for willer ditta (Club de Fútbol Cruz Azul S.A. de C.V., 2024)
[4528235] Failed to build match row: Club de Fútbol Cruz Azul S.A. de C.V. vs Club Atlético de San Luis
[4358695] Could not find attributes for strahinja manojlovic (Fudbalski Klub Radnički Niš, 2024)
[4098994] Could not find attributes for parfait guiagon (Royal Charleroi Sporting Club, 2023)
[4358695] Failed to build match row: Fudbalski Klub Radnički Niš vs Fudbalski klub Napredak Kruševac
[4098994] Failed to build match row: Royal Charleroi Sporting Club vs Royal Sporting Club Anderlecht
[3631928] Could not find attributes for ilko pirgov (Lokomotiv Plovdiv, 2021)
[3631928] Failed to build match row: Lokomotiv Plovdiv vs Football Club København

Keepers & outfield error for **Venezia FC** in Bologna Football Club 1909 vs Venezia FC: Numbers: 0 and 11.
[3614658] Failed to build match row: Bologna Football Club 1909 vs Venezia FC
[4623876] Could not find attributes for matej rodin (Klub Sportowy Lechia Gdańsk, 2025)
[4393323] Could not find attributes for tolga kalender (Adana Demirspor, 2024)
Not enough players found for lineup: 0, 0.
[4582201] Could not find attributes for philippe coutinho (Club de Regatas Vasco da Gama, 2024)
[4393323] Failed to build match row: Alanyaspor vs Adana Demirspor
[4717115] Failed to scrape lineup: https://www.transfermarkt.co.uk/spielbericht/index/spielbericht/4717115
[4582201] Failed to build match row: Club de Regatas Vasco da Gama vs S. A. F. Botafogo
[4623876] Failed to build match row: Klub Sportowy Lechia Gdańsk vs Widzew Łódź Spółka Akcyjna
[3886704] Could not find attributes for theo bongonda (Cádiz CF, 2022)
[3886704] Failed to build match row: Cádiz CF vs Celta
[4410871] Could not find attributes for konstantinos fortounis (Al-Khaleej Club (Saihat), 2024)

Keepers & outfield error for **Grupo Desportivo Estoril Praia** in Grupo Desportivo Estoril Praia vs Club Football Estrela da Amadora: Numbers: 2 and 9.
[4805842] Could not find attributes for senou coulibaly (Omonia Nicosia, 2025)
[4126947] Could not find attributes for ilya svinov (FK Spartak Moskva, 2023)
[4410871] Failed to build match row: Al-Khaleej Club (Saihat) vs Al-Riyadh Saudi Club
[4805842] Failed to build match row: Omonia Nicosia vs Hrvatski Nogometni Klub Rijeka
[4112903] Could not find attributes for fran vieites (Real Betis Balompié S.A.D., 2023)
[4649471] Could not find attributes for alexander schwolow (Heart of Midlothian Football Club, 2025)
[3598302] Could not find attributes for mousa tamari (Oud-Heverlee Leuven, 2021)
[4649471] Failed to build match row: Hibernian Football Club vs Heart of Midlothian Football Club
[4648659] Failed to build match row: Grupo Desportivo Estoril Praia vs Club Football Estrela da Amadora

Keepers & outfield error for **Manchester United Football Club** in Tottenham Hotspur Football Club vs Manchester United Football Club: Numbers: 2 and 9.
[3598302] Failed to build match row: Oud-Heverlee Leuven vs Royale Union Saint-Gilloise
[4112903] Failed to build match row: Real Madrid Club de Fútbol vs Real Betis Balompié S.A.D.
[4204045] Could not find attributes for deiby ochoa (Arandina CF, 2023)
[3591978] Failed to build match row: Tottenham Hotspur Football Club vs Manchester United Football Club
[3451623] Could not find attributes for vladan kovacevic (FK Sarajevo, 2020)
[4704497] Could not find attributes for philip gejl (Odder IGF, 2025)
[3451623] Failed to build match row: FK Sarajevo vs Buducnost Podgorica

Keepers & outfield error for **Eintracht Frankfurt Fußball AG** in Eintracht Frankfurt Fußball AG vs SK Slavia Praha, a.s.: Numbers: 2 and 9.

Keepers & outfield error for **Al-Nassr Football Club** in Al-Nassr Football Club vs Al-Raed SFC: Numbers: 0 and 11.
[4704497] Failed to build match row: Odder IGF vs IF Lyseng
[4368855] Could not find attributes for oleksiy palamarchuk (Ingulets Petrove, 2024)
[4368855] Failed to build match row: Ingulets Petrove vs FC Rukh Lviv
[4404838] Failed to build match row: Al-Nassr Football Club vs Al-Raed SFC
[4445368] Failed to build match row: Eintracht Frankfurt Fußball AG vs SK Slavia Praha, a.s.
[4364510] Could not find attributes for anton mitryushkin (Футбольный клуб "Локомотив" Москва, 2024)
[4364510] Failed to build match row: Футбольный клуб "Локомотив" Москва vs FC Orenburg
[4358696] Could not find attributes for nemanja calasan (Fudbalski Klub Spartak Ždrepčeva krv, 2024)
[3433594] Could not find attributes for juampe (Europa FC, 2020)
[4504586] Could not find attributes for shusaku nishikawa (Urawa Red Diamonds, 2025)
[4358696] Failed to build match row: Fudbalski Klub Spartak Ždrepčeva krv vs FK Radnički 1923 Kragujevac
[4504586] Failed to build match row: Club Atlético River Plate vs Urawa Red Diamonds
[3433594] Failed to build match row: Djurgårdens Idrottsförening vs Europa FC
[4625866] Could not find attributes for yegor yarmolyuk (Brentford Football Club, 2025)

Keepers & outfield error for **Elche Club de Fútbol S.A.D.** in Rayo Vallecano de Madrid S. A. D. vs Elche Club de Fútbol S.A.D.: Numbers: 0 and 11.
[4625866] Failed to build match row: Crystal Palace Football Club vs Brentford Football Club
[4645900] Failed to build match row: Rayo Vallecano de Madrid S. A. D. vs Elche Club de Fútbol S.A.D.
[4805843] Could not find attributes for johannes kreidl (Kuopion Palloseura, 2025)
[4805843] Failed to build match row: KKS Lech Poznań Spółka Akcyjna vs Kuopion Palloseura
[3687847] Could not find attributes for farid said (CD Huracán Melilla, 2021)
[4582202] Could not find attributes for raniele (Sport Club Corinthians Paulista, 2024)
[3687847] Failed to build match row: CD Huracán Melilla vs Atarfe Industrial CF
[4582202] Failed to build match row: Sport Club Corinthians Paulista vs Red Bull Bragantino
[3631929] Could not find attributes for ilko pirgov (Lokomotiv Plovdiv, 2021)
[3631929] Failed to build match row: Football Club København vs Lokomotiv Plovdiv
Not enough players found for lineup: 0, 0.
[4770602] Could not find attributes for dor turgeman (New England Revolution, 2025)

Keepers & outfield error for **Moreirense Futebol Clube** in Moreirense Futebol Clube vs Futebol Clube de Alverca: Numbers: 2 and 9.
[3836667] Could not find attributes for jarlath orourke (Crusaders FC, 2022)
[4717116] Failed to scrape lineup: https://www.transfermarkt.co.uk/spielbericht/index/spielbericht/4717116
[4641248] Could not find attributes for yuto tsunashima (Royal Antwerp Football Club, 2025)

Keepers & outfield error for **Atalanta Bergamasca Calcio S.p.a.** in Atalanta Bergamasca Calcio S.p.a. vs Juventus Football Club: Numbers: 2 and 9.
[4648660] Failed to build match row: Moreirense Futebol Clube vs Futebol Clube de Alverca
[3836667] Failed to build match row: Crusaders FC vs FC Bruno's Magpies
[4641248] Failed to build match row: Royal Standard Club de Liège vs Royal Antwerp Football Club
[4770602] Failed to build match row: Nashville SC vs New England Revolution
[4410872] Could not find attributes for norbert gyomber (Al-Kholood Club, 2024)
[4358697] Could not find attributes for lazar carevic (Fudbalski Klub Vojvodina, 2024)
[4374085] Failed to build match row: Atalanta Bergamasca Calcio S.p.a. vs Juventus Football Club
[4528238] Could not find attributes for lisandro magallan (Club Universidad Nacional A. C., 2024)
[3430383] Could not find attributes for gregers arndal (Skovshoved IF, 2020)
[4528238] Failed to build match row: Club Universidad Nacional A. C. vs Club de Fútbol Monterrey Rayados A.C.

Keepers & outfield error for **Brighton and Hove Albion Football Club** in Tottenham Hotspur Football Club vs Brighton and Hove Albion Football Club: Numbers: 0 and 11.
[4358697] Failed to build match row: Fudbalski Klub Vojvodina vs Fudbalski klub TSC Bačka Topola
[4393325] Could not find attributes for mehdi bourabia (Kayserispor Kulübü, 2024)
[4410872] Failed to build match row: Al-Kholood Club vs Al-Ettifaq Football Club

Keepers & outfield error for **Alaves** in UD Las Palmas vs Alaves: Numbers: 0 and 11.
[3421741] Failed to build match row: Tottenham Hotspur Football Club vs Brighton and Hove Albion Football Club
[4150640] Could not find attributes for rafa soares (Panthessalonikios Athlitikos Omilos Konstantinoupoliton, 2023)
[4649473] Could not find attributes for jack butland (Rangers Football Club, 2025)
[3430383] Failed to build match row: Skovshoved IF vs Hellerup IK
[4393325] Failed to build match row: Kayserispor Kulübü vs Göztepe Sportif Yatırımlar A.Ş.
[4364511] Could not find attributes for mikhail oparin (RFK Akhmat Grozny, 2024)
[4649473] Failed to build match row: Rangers Football Club vs Motherwell Football Club
[4150640] Failed to build match row: Panthessalonikios Athlitikos Omilos Konstantinoupoliton vs Panetolikos Agrinio

Keepers & outfield error for **Associazione Sportiva Roma** in Genoa Cricket and Football Club vs Associazione Sportiva Roma: Numbers: 0 and 11.
[4112904] Failed to build match row: UD Las Palmas vs Alaves
[3412969] Could not find attributes for mehmet aydin (FC Schalke 04, 2020)
[4126948] Could not find attributes for igor leshchuk (FK Dinamo Moskva, 2023)
[4364511] Failed to build match row: RFK Akhmat Grozny vs FK Krasnodar
[3614660] Failed to build match row: Genoa Cricket and Football Club vs Associazione Sportiva Roma

Keepers & outfield error for **Eintracht Frankfurt Fußball AG** in Eintracht Frankfurt Fußball AG vs Ferencvárosi TC: Numbers: 2 and 9.
[3412969] Failed to build match row: Sport-Club Freiburg vs FC Schalke 04
[4126948] Failed to build match row: FK Dinamo Moskva vs FK Krasnodar
[4368856] Could not find attributes for yevgen volynets (FK Polissya Zhytomyr, 2024)
[4445369] Failed to build match row: Eintracht Frankfurt Fußball AG vs Ferencvárosi TC
Not enough players found for lineup: 0, 0.
[4368856] Failed to build match row: FK Polissya Zhytomyr vs Chornomorets Odesa
[4704498] Failed to scrape lineup: https://www.transfermarkt.co.uk/spielbericht/index/spielbericht/4704498
[3433595] Could not find attributes for roberts ozols (Riga FC, 2020)
[3598303] Could not find attributes for nayel mehssatou (KV Kortrijk, 2021)
[4101062] Could not find attributes for antonin krapka (Bohemians Praha 1905, a.s., 2023)
[3433595] Failed to build match row: Riga FC vs Tre Fiori FC

Keepers & outfield error for **Levante Unión Deportiva S.A.D.** in Real Sociedad de Fútbol S.A.D. vs Levante Unión Deportiva S.A.D.: Numbers: 0 and 11.
[3598303] Failed to build match row: Cercle Brugge Koninklijke Sportvereniging vs KV Kortrijk
[4101062] Failed to build match row: Bohemians Praha 1905, a.s. vs Fotballklubben Bodø/Glimt
[4645901] Failed to build match row: Real Sociedad de Fútbol S.A.D. vs Levante Unión Deportiva S.A.D.
[3631930] Could not find attributes for djordje petrovic (Fudbalski klub Čukarički Beograd, 2021)
[3631930] Failed to build match row: Fudbalski klub Čukarički Beograd vs Hammarby IF
[3583531] Failed to build match row: FK Decic Tuzi vs FC Drita
[4623878] Could not find attributes for tomas tavares (Wisła Płock Spółka Akcyjna, 2025)
[4641249] Could not find attributes for seiji kimura (Koninklijke Voetbal Club Westerlo, 2025)
[4623878] Failed to build match row: Motor Lublin Spółka Akcyjna vs Wisła Płock Spółka Akcyjna
[4641249] Failed to build match row: RAAL La Louvière vs Koninklijke Voetbal Club Westerlo
Not enough players found for lineup: 0, 0.
[3860428] Could not find attributes for deniz dilmen (İstanbul Başakşehir Futbol Kulübü, 2022)
[4717117] Failed to scrape lineup: https://www.transfermarkt.co.uk/spielbericht/index/spielbericht/4717117
[3860428] Failed to build match row: Adana Demirspor vs İstanbul Başakşehir Futbol Kulübü
[4649474] Could not find attributes for james brown (Kilmarnock Football Club, 2025)
[4649474] Failed to build match row: Saint Mirren Football Club vs Kilmarnock Football Club
[4358698] Could not find attributes for balsa popovic (Omladinski fudbalski klub Beograd, 2024)
[4648661] Could not find attributes for joao aurelio (Clube Desportivo Nacional, 2025)

Keepers & outfield error for **CF La Nucía** in CD Calahorra vs CF La Nucía: Numbers: 3 and 8.
[4358698] Failed to build match row: Omladinski fudbalski klub Beograd vs Fudbalski klub Čukarički Beograd
[4648661] Failed to build match row: Clube Desportivo Nacional vs Gil Vicente Futebol Clube
[3487537] Failed to build match row: CD Calahorra vs CF La Nucía
[3687848] Could not find attributes for ayman lasfar (CD Laguna, 2021)
[3687848] Failed to build match row: CD Laguna vs CF Jaraiz
[4404839] Could not find attributes for hazzaa al ghamdi (Damac Football Club, 2024)
[4404839] Failed to build match row: Damac Football Club vs Al-Khaleej Club (Saihat)
[4090245] Could not find attributes for yeni ngbakoto (Vejle Boldklub, 2023)
[4090245] Failed to build match row: Vejle Boldklub vs Aarhus Gymnastik Forening
[4634328] Failed to scrape lineup: https://www.transfermarkt.co.uk/vfl-wolfsburg_borussia-dortmund/index/spielbericht/4634328

Keepers & outfield error for **Wolverhampton Wanderers Football Club** in Chelsea Football Club vs Wolverhampton Wanderers Football Club: Numbers: 0 and 11.
[4805844] Could not find attributes for aleksey ploshchadnyi (FC Noah Yerevan, 2025)
[3605483] Could not find attributes for vitaliy yakovlev (Kvant Obninsk, 2021)
[4362730] Failed to build match row: Chelsea Football Club vs Wolverhampton Wanderers Football Club
Not enough players found for lineup: 0, 11.
[4805844] Failed to build match row: Alkmaar Zaanstreek vs FC Noah Yerevan
[3860430] Failed to scrape lineup: https://www.transfermarkt.co.uk/galatasaray_fenerbahce/index/spielbericht/3860430
[3605483] Failed to build match row: Kvant Obninsk vs Kairat Moscow ( -2022)
[4704499] Failed to scrape lineup: https://www.transfermarkt.co.uk/spielbericht/index/spielbericht/4704499
[3964637] Could not find attributes for ousmane traore (CP Cacereño, 2022)
[3964637] Failed to build match row: CP Cacereño vs Girona Fútbol Club S. A. D.
Not enough players found for lineup: 0, 0.
[4504587] Could not find attributes for gerardo arteaga (Club de Fútbol Monterrey Rayados A.C., 2025)
[4649475] Could not find attributes for dylan lobban (Aberdeen Football Club, 2025)

Keepers & outfield error for **Villarreal Club de Fútbol S.A.D.** in Rayo Vallecano de Madrid S. A. D. vs Villarreal Club de Fútbol S.A.D.: Numbers: 2 and 9.
[4504587] Failed to build match row: Club de Fútbol Monterrey Rayados A.C. vs Football Club Internazionale Milano S.p.A.
[4717120] Failed to scrape lineup: https://www.transfermarkt.co.uk/spielbericht/index/spielbericht/4717120
[4649475] Failed to build match row: The Celtic Football Club vs Aberdeen Football Club
[3886705] Failed to build match row: Rayo Vallecano de Madrid S. A. D. vs Villarreal Club de Fútbol S.A.D.
[4150641] Could not find attributes for julian cuesta (Aris Thessalonikis, 2023)
[4126949] Could not find attributes for aleksandr belenov (Fakel Voronezh, 2023)

Keepers & outfield error for **Wolverhampton Wanderers Football Club** in Wolverhampton Wanderers Football Club vs Crystal Palace Football Club: Numbers: 0 and 11.
[4126949] Failed to build match row: Fakel Voronezh vs FC Orenburg
[3421742] Failed to build match row: Wolverhampton Wanderers Football Club vs Crystal Palace Football Club
[4150641] Failed to build match row: Aris Thessalonikis vs Panthessalonikios Athlitikos Omilos Konstantinoupoliton

Keepers & outfield error for **Futebol Clube de Famalicão** in Futebol Clube de Famalicão vs Clube Desportivo Santa Clara: Numbers: 2 and 9.
[4648662] Failed to build match row: Futebol Clube de Famalicão vs Clube Desportivo Santa Clara
[4358699] Could not find attributes for uros spajic (Fudbalski klub Crvena zvezda Beograd, 2024)

Keepers & outfield error for **FC Viktoria Plzeň, a.s.** in FC Viktoria Plzeň, a.s. vs FC Bayern München: Numbers: 2 and 9.
[4358699] Failed to build match row: Fudbalski klub Crvena zvezda Beograd vs Fudbalski Klub Novi Pazar
[4368857] Could not find attributes for maksym mekhaniv (Livyi Bereg Kyiv, 2024)
[4368857] Failed to build match row: Livyi Bereg Kyiv vs NK Veres Rivne
[3911790] Failed to build match row: FC Viktoria Plzeň, a.s. vs FC Bayern München
Not enough players found for lineup: 0, 11.
[4704500] Failed to scrape lineup: https://www.transfermarkt.co.uk/spielbericht/index/spielbericht/4704500

Keepers & outfield error for **Associazione Calcio Fiorentina** in Associazione Calcio Fiorentina vs Società Sportiva Calcio Napoli: Numbers: 0 and 11.
[4374087] Failed to build match row: Associazione Calcio Fiorentina vs Società Sportiva Calcio Napoli
[4634329] Could not find attributes for rani khedira (1. Fußballclub Union Berlin, 2025)
[4805845] Could not find attributes for hrvoje barisic (HSK Zrinjski Mostar, 2025)
[4634329] Failed to build match row: 1. Fußballclub Union Berlin vs Eintracht Frankfurt Fußball AG
[4805845] Failed to build match row: Crystal Palace Football Club vs HSK Zrinjski Mostar
Not enough players found for lineup: 0, 0.
[3421743] Failed to scrape lineup: https://www.transfermarkt.co.uk/arsenal-fc_aston-villa/index/spielbericht/3421743
[4717121] Failed to scrape lineup: https://www.transfermarkt.co.uk/spielbericht/index/spielbericht/4717121

Keepers & outfield error for **Futebol Clube do Porto** in Futebol Clube do Porto vs Vitória Sport Clube: Numbers: 0 and 11.
[4648663] Failed to build match row: Futebol Clube do Porto vs Vitória Sport Clube
[3605484] Could not find attributes for mikhail khviyuzov (Znamya Truda Orekhovo-Zuevo, 2021)
[3605484] Failed to build match row: Znamya Truda Orekhovo-Zuevo vs Peresvet Domodedovo
[4393327] Failed to scrape lineup: https://www.transfermarkt.co.uk/trabzonspor_gaziantep-fk/index/spielbericht/4393327
[3430384] Could not find attributes for mikkel gram jensen (Gentofte VI, 2020)
[4623879] Could not find attributes for rajmund molnar (Morski Klub Sportowy Pogoń Szczecin, 2025)
[4374088] Failed to scrape lineup: https://www.transfermarkt.co.uk/hellas-verona_udinese-calcio/index/spielbericht/4374088
[3430384] Failed to build match row: Gentofte VI vs Avarta
[4623879] Failed to build match row: Morski Klub Sportowy Pogoń Szczecin vs Jagiellonia-Bialystok Sportowa Spólka Akcyjna
[3860431] Could not find attributes for berke ozer (Ümraniyespor, 2022)
[3860431] Failed to build match row: Ümraniyespor vs Giresunspor
[3583532] Could not find attributes for daniels balodis (Valmiera FC, 2021)
[3583532] Failed to build match row: Valmiera FC vs FK Suduva Marijampole
[3836668] Could not find attributes for matej hradecky (SJK Seinäjoki, 2022)
[3836668] Failed to build match row: SJK Seinäjoki vs FC Flora Tallinn

Keepers & outfield error for **Eintracht Frankfurt Fußball AG** in Eintracht Frankfurt Fußball AG vs FC RFS: Numbers: 2 and 9.
[4445371] Failed to build match row: Eintracht Frankfurt Fußball AG vs FC RFS

Keepers & outfield error for **FC Empoli** in FC Empoli vs Verona Hellas Football Club: Numbers: 2 and 9.
[4103473] Failed to build match row: FC Empoli vs Verona Hellas Football Club
[4126950] Could not find attributes for nikita goylo (FK Sochi, 2023)
[4126950] Failed to build match row: FK Sochi vs PFK CSKA Moskva
[4704501] Could not find attributes for anders sonderby (Vejgaard B, 2025)
[4704501] Failed to build match row: Vejgaard B vs Esbjerg fB
[4362731] Could not find attributes for abdoulaye doucoure (Everton Football Club, 2024)
[4362731] Failed to build match row: Everton Football Club vs Tottenham Hotspur Football Club
[4634330] Could not find attributes for tomoya ando (Fußball-Club St. Pauli von 1910, 2025)
[4634330] Failed to build match row: Fußball-Club St. Pauli von 1910 vs Verein für Bewegungsspiele Stuttgart 1893

Keepers & outfield error for **FC Viktoria Plzeň, a.s.** in FC Viktoria Plzeň, a.s. vs Football Club Internazionale Milano S.p.A.: Numbers: 2 and 9.
[3911792] Failed to build match row: FC Viktoria Plzeň, a.s. vs Football Club Internazionale Milano S.p.A.
[4528239] Could not find attributes for oussama idrissi (Promotora del Club Pachuca S. A. de C. V., 2024)
[4528239] Failed to build match row: Promotora del Club Pachuca S. A. de C. V. vs Club Tijuana Xoloitzcuintles de Caliente
[4358700] Could not find attributes for sasa stamenkovic (Fudbalski Klub Mladost Lučani, 2024)
[3583533] Could not find attributes for gianluca vivan (La Fiorita 1967, 2021)
[4358700] Failed to build match row: Fudbalski Klub Mladost Lučani vs FK Tekstilac Odzaci
[3886706] Could not find attributes for darwin machis (Real Valladolid CF, 2022)
[3583533] Failed to build match row: La Fiorita 1967 vs Birkirkara FC
[3886706] Failed to build match row: UD Almería vs Real Valladolid CF
[4649477] Could not find attributes for alexander schwolow (Heart of Midlothian Football Club, 2025)
[4649477] Failed to build match row: Heart of Midlothian Football Club vs Rangers Football Club
[3487538] Could not find attributes for martin mapisa (Zamora CF, 2020)
[3487538] Failed to build match row: Zamora CF vs SD Logroñés

Keepers & outfield error for **Galatasaray Spor Kulübü** in Galatasaray Spor Kulübü vs Fenerbahçe Spor Kulübü: Numbers: 2 and 9.
[4362732] Failed to scrape lineup: https://www.transfermarkt.co.uk/ipswich-town_manchester-city/index/spielbericht/4362732
[4393328] Failed to build match row: Galatasaray Spor Kulübü vs Fenerbahçe Spor Kulübü
[4582203] Could not find attributes for adonis frias (Santos Futebol Clube, 2024)
[4582203] Failed to build match row: Santos Futebol Clube vs Sociedade Esportiva Palmeiras
[3886707] Failed to scrape lineup: https://www.transfermarkt.co.uk/girona-fc_real-betis-balompie/index/spielbericht/3886707
Not enough players found for lineup: 0, 11.
[4704502] Failed to scrape lineup: https://www.transfermarkt.co.uk/spielbericht/index/spielbericht/4704502
[3421746] Failed to scrape lineup: https://www.transfermarkt.co.uk/crystal-palace_leeds-united/index/spielbericht/3421746
[4090246] Could not find attributes for lubambo musonda (Silkeborg Idrætsforening, 2023)
[3412973] Could not find attributes for lazar samardzic (RasenBallsport Leipzig, 2020)
[4090246] Failed to build match row: Silkeborg Idrætsforening vs Football Club København
[3412973] Failed to build match row: Mönchengladbach vs RasenBallsport Leipzig
[3860433] Could not find attributes for kadir seven (Giresunspor, 2022)
Not enough players found for lineup: 0, 0.
[3860433] Failed to build match row: Giresunspor vs Antalyaspor
[4717122] Failed to scrape lineup: https://www.transfermarkt.co.uk/spielbericht/index/spielbericht/4717122
[3605485] Could not find attributes for dmitriy kudinov (Znamya Noginsk, 2021)
[3583534] Could not find attributes for hamza ryahi (FC Santa Coloma, 2021)
[3605485] Failed to build match row: Znamya Noginsk vs FC Kolomna
[3583534] Failed to build match row: FC Santa Coloma vs Mons Calpe SC
[4805846] Could not find attributes for kamil jozwiak (Jagiellonia-Bialystok Sportowa Spólka Akcyjna, 2025)
[4805846] Failed to build match row: Associazione Calcio Fiorentina vs Jagiellonia-Bialystok Sportowa Spólka Akcyjna
[4126951] Could not find attributes for nikita yanovich (FC Rubin Kazan, 2023)
[4126951] Failed to build match row: FC Rubin Kazan vs Ural Yekaterinburg
[4649478] Could not find attributes for james brown (Kilmarnock Football Club, 2025)
[4649478] Failed to build match row: Kilmarnock Football Club vs Falkirk Football & Athletic Club
[3421747] Failed to scrape lineup: https://www.transfermarkt.co.uk/everton-fc_manchester-united/index/spielbericht/3421747
[3687849] Could not find attributes for carlos bellido (CF San Agustín, 2021)
[3687849] Failed to build match row: CF San Agustín vs Mora CF
[4090247] Could not find attributes for conrad harder (Fodbold Club Nordsjælland, 2023)
[4090247] Failed to build match row: Fodbold Club Nordsjælland vs Lyngby Boldklub
[3412974] Could not find attributes for taiwo awoniyi (1. Fußballclub Union Berlin, 2020)
Not enough players found for lineup: 0, 11.
[3412974] Failed to build match row: Turn- und Sportgemeinschaft 1899 Hoffenheim Fußball-Spielbetriebs vs 1. Fußballclub Union Berlin
[4704503] Failed to scrape lineup: https://www.transfermarkt.co.uk/spielbericht/index/spielbericht/4704503
[3851072] Failed to scrape lineup: https://www.transfermarkt.co.uk/rsc-anderlecht_rfc-seraing/index/spielbericht/3851072
[3964638] Could not find attributes for ivan guzman (CD Ibiza Islas Pitiusas, 2022)
[3964638] Failed to build match row: CD Ibiza Islas Pitiusas vs SD Eibar
Not enough players found for lineup: 0, 0.
[4623880] Could not find attributes for mateusz klich (Klub Sportowy Cracovia Spółka Akcyjna, 2025)
[4717123] Failed to scrape lineup: https://www.transfermarkt.co.uk/spielbericht/index/spielbericht/4717123
[4623880] Failed to build match row: Radomiak S.A. vs Klub Sportowy Cracovia Spółka Akcyjna
[3836669] Could not find attributes for yuriy kendysh (Riga FC, 2022)
[3836669] Failed to build match row: Riga FC vs Derry City
[3860434] Could not find attributes for berke ozer (Ümraniyespor, 2022)
[3860434] Failed to build match row: Istanbulspor vs Ümraniyespor
[4126952] Could not find attributes for nikita medvedev (FK Rostov, 2023)
[3605486] Could not find attributes for artem koveshnikov (Torpedo Vladimir, 2021)
[4393329] Could not find attributes for luccas claro (Eyüp Spor Kulübü, 2024)
[3605486] Failed to build match row: Torpedo Vladimir vs FC Murom
[4126952] Failed to build match row: FK Rostov vs Футбольный клуб "Локомотив" Москва
[4582204] Could not find attributes for jemmes (Mirasol Futebol Clube, 2024)
[4393329] Failed to build match row: Eyüp Spor Kulübü vs Beşiktaş Jimnastik Kulübü

Keepers & outfield error for **Valencia Club de Fútbol S. A. D.** in Valencia Club de Fútbol S. A. D. vs Espanol: Numbers: 2 and 9.
[4582204] Failed to build match row: Mirasol Futebol Clube vs Fluminense Football Club
[3886708] Failed to build match row: Valencia Club de Fútbol S. A. D. vs Espanol
[4648665] Could not find attributes for nabil touaizi (Futebol Clube de Alverca, 2025)
[4648665] Failed to build match row: Futebol Clube de Alverca vs Clube Desportivo de Tondela

Keepers & outfield error for **Genoa Cricket and Football Club** in Genoa Cricket and Football Club vs Associazione Calcio Fiorentina: Numbers: 0 and 11.
[4103475] Failed to build match row: Genoa Cricket and Football Club vs Associazione Calcio Fiorentina
[3583535] Could not find attributes for gareth deane (Coleraine FC, 2021)
[4364512] Could not find attributes for vadim lukyanov (FK Nizhny Novgorod, 2024)
[3430386] Could not find attributes for marcin kresa (IF Lyseng, 2020)
[4364512] Failed to build match row: FK Nizhny Novgorod vs PFK CSKA Moskva
[3421748] Could not find attributes for nampalys mendy (Leicester City, 2020)
[3583535] Failed to build match row: Coleraine FC vs FK Velez Mostar
[3430386] Failed to build match row: IF Lyseng vs Hobro IK
[3421748] Failed to build match row: Leicester City vs Wolverhampton Wanderers Football Club
[4805847] Could not find attributes for cherif ndiaye (Samsunspor, 2025)
[4090248] Could not find attributes for filip helander (Odense Boldklub, 2023)
[3598304] Failed to scrape lineup: https://www.transfermarkt.co.uk/zulte-waregem_kas-eupen/index/spielbericht/3598304
[4805847] Failed to build match row: Samsunspor vs Shkendija Tetovo
[4096039] Could not find attributes for marcel schuhen (SV Darmstadt 98, 2023)
Not enough players found for lineup: 0, 0.
[4090248] Failed to build match row: Viborg Fodsports Forening vs Odense Boldklub
[4096039] Failed to build match row: FC Bayern München vs SV Darmstadt 98
[4504588] Failed to scrape lineup: https://www.transfermarkt.co.uk/spielbericht/index/spielbericht/4504588
[4717124] Failed to scrape lineup: https://www.transfermarkt.co.uk/spielbericht/index/spielbericht/4717124
[4645902] Failed to scrape lineup: https://www.transfermarkt.co.uk/deportivo-alaves_ca-osasuna/index/spielbericht/4645902
[4374091] Could not find attributes for stefano sensi (AC Monza, 2024)
[4648666] Failed to scrape lineup: https://www.transfermarkt.co.uk/fc-arouca_casa-pia-ac/index/spielbericht/4648666
[4374091] Failed to build match row: AC Monza vs Cagliari Calcio

Keepers & outfield error for **Wolverhampton Wanderers Football Club** in Wolverhampton Wanderers Football Club vs Everton Football Club: Numbers: 0 and 11.
[4410873] Could not find attributes for francois kamano (Damac Football Club, 2024)
[4393330] Could not find attributes for ali aytemur (Bodrum FK, 2024)
[3591980] Failed to build match row: Wolverhampton Wanderers Football Club vs Everton Football Club
[4410873] Failed to build match row: Damac Football Club vs Al-Raed SFC
[4126953] Failed to build match row: RFK Akhmat Grozny vs PFK Krylya Sovetov Samara
[4393330] Failed to build match row: Bodrum FK vs Hatayspor
[3433596] Could not find attributes for ferdinando apap (Hibernians FC, 2020)
[3433596] Failed to build match row: Hibernians FC vs Videoton FC
[3687850] Could not find attributes for elias ali amar (Ceuta 6 de Junio, 2021)
[3631931] Could not find attributes for djordje petrovic (Fudbalski klub Čukarički Beograd, 2021)
[3687850] Failed to build match row: CF Independiente Alicante vs Ceuta 6 de Junio
[4112905] Could not find attributes for manu bueno (Sevilla Fútbol Club S.A.D., 2023)
[3631931] Failed to build match row: Hammarby IF vs Fudbalski klub Čukarički Beograd
[4204046] Could not find attributes for javi lobato (CP Cacereño, 2023)
[4112905] Failed to build match row: Athletic Club Bilbao vs Sevilla Fútbol Club S.A.D.
[4204046] Failed to build match row: CP Cacereño vs CD Castellón
[4404840] Could not find attributes for gaetan coucke (Al-Orobah FC, 2024)
[4404840] Failed to build match row: Al-Ahli Saudi Football Club vs Al-Orobah FC
[3451624] Could not find attributes for ghayas zahid (APOEL Nicosia, 2020)
[3412976] Could not find attributes for makoto hasebe (Eintracht Frankfurt Fußball AG, 2020)
[4805848] Could not find attributes for zan luk leban (NK Celje, 2025)
[3451624] Failed to build match row: APOEL Nicosia vs HSK Zrinjski Mostar
[3412976] Failed to build match row: Eintracht Frankfurt Fußball AG vs Sportverein Werder Bremen von 1899
[4805848] Failed to build match row: NK Celje vs FC Drita
[4641251] Failed to scrape lineup: https://www.transfermarkt.co.uk/cercle-brugge-_krc-genk/index/spielbericht/4641251
[3605487] Could not find attributes for aleksandr mironov (Khimik Dzerzhinsk, 2021)

Keepers & outfield error for **Club Santos Laguna S. A. de C. V.** in Club Santos Laguna S. A. de C. V. vs Club de Fútbol Cruz Azul S.A. de C.V.: Numbers: 3 and 8.
[3591981] Failed to scrape lineup: https://www.transfermarkt.co.uk/arsenal-fc_tottenham-hotspur/index/spielbericht/3591981
[3487539] Could not find attributes for gorka iturraspe (CF Rayo Majadahonda, 2020)
[3605487] Failed to build match row: Khimik Dzerzhinsk vs Volna Kovernino
[4364513] Could not find attributes for artur nigmatullin (FC Rubin Kazan, 2024)
[4528240] Failed to build match row: Club Santos Laguna S. A. de C. V. vs Club de Fútbol Cruz Azul S.A. de C.V.
[3886709] Could not find attributes for manu bueno (Sevilla Fútbol Club S.A.D., 2022)
[3433597] Failed to scrape lineup: https://www.transfermarkt.co.uk/spielbericht/index/spielbericht/3433597
[3487539] Failed to build match row: CF Rayo Majadahonda vs Yeclano Deportivo
[4364513] Failed to build match row: FC Rubin Kazan vs Fakel Voronezh
[4393331] Could not find attributes for malcom bokele (Göztepe Sportif Yatırımlar A.Ş., 2024)
[4112906] Failed to scrape lineup: https://www.transfermarkt.co.uk/atletico-de-madrid_ca-osasuna/index/spielbericht/4112906
[4150642] Failed to scrape lineup: https://www.transfermarkt.co.uk/volos-nps_atromitos-athens/index/spielbericht/4150642
[3860436] Could not find attributes for arif bosluk (Trabzonspor Kulübü, 2022)
[4393331] Failed to build match row: Göztepe Sportif Yatırımlar A.Ş. vs Samsunspor
[3886709] Failed to build match row: Sevilla Fútbol Club S.A.D. vs Real Madrid Club de Fútbol
[4623881] Could not find attributes for bastien donio (Klub Sportowy Górnik Zabrze Sportowa Spółka Akcyjna, 2025)
[3860436] Failed to build match row: İstanbul Başakşehir Futbol Kulübü vs Trabzonspor Kulübü
[3964639] Could not find attributes for ernestas juskevicius (Linares Deportivo, 2022)
[4770603] Could not find attributes for micael (Club Internacional de Fútbol Miami, 2025)
[4126954] Could not find attributes for evgeniy latyshonok (FK Baltika, 2023)
[3964639] Failed to build match row: Linares Deportivo vs Racing Santander
[4770603] Failed to build match row: Los Angeles Football Club vs Club Internacional de Fútbol Miami
[4410874] Could not find attributes for odion ighalo (Al-Wehda FC, 2024)
[4623881] Failed to build match row: Zagłębie Lubin Spółka Akcyjna vs Klub Sportowy Górnik Zabrze Sportowa Spółka Akcyjna
[4126954] Failed to build match row: FK Baltika vs AO FK Zenit Sankt-Peterburg

Keepers & outfield error for **Heart of Midlothian Football Club** in Heart of Midlothian Football Club vs Saint Mirren Football Club: Numbers: 2 and 9.
[4410874] Failed to build match row: Al-Wehda FC vs Al-Fateh Club

Keepers & outfield error for **Futebol Clube de Famalicão** in Futebol Clube de Famalicão vs Sporting Clube de Portugal: Numbers: 2 and 9.
Not enough players found for lineup: 0, 0.
[4404841] Failed to scrape lineup: https://www.transfermarkt.co.uk/al-qadsiah-fc_al-fateh-sc/index/spielbericht/4404841
[4649481] Failed to build match row: Heart of Midlothian Football Club vs Saint Mirren Football Club
[4648667] Failed to build match row: Futebol Clube de Famalicão vs Sporting Clube de Portugal
[3598305] Could not find attributes for vini souza (Yellow-Red Koninklijke Voetbalclub Mechelen, 2021)
[4090249] Could not find attributes for paulinho (Fodbold Club Midtjylland, 2023)
[4717126] Failed to scrape lineup: https://www.transfermarkt.co.uk/spielbericht/index/spielbericht/4717126
[4634342] Could not find attributes for tomoya ando (Fußball-Club St. Pauli von 1910, 2025)
[3598305] Failed to build match row: Yellow-Red Koninklijke Voetbalclub Mechelen vs Royal Charleroi Sporting Club
[4090249] Failed to build match row: Aarhus Gymnastik Forening vs Fodbold Club Midtjylland
[4634342] Failed to build match row: Bayer 04 Leverkusen Fußball vs Fußball-Club St. Pauli von 1910
[4374092] Could not find attributes for mats hummels (Associazione Sportiva Roma, 2024)
[3836750] Could not find attributes for remko pasveer (AFC Ajax Amsterdam, 2022)
[4374092] Failed to build match row: Associazione Sportiva Roma vs Società Sportiva Lazio S.p.A.
[3836750] Failed to build match row: Fortuna Sittardia Combinatie vs AFC Ajax Amsterdam

Keepers & outfield error for **Association Football Club Bournemouth** in Manchester City Football Club vs Association Football Club Bournemouth: Numbers: 3 and 8.
[4704504] Could not find attributes for emil schonnemann (Tune IF, 2025)
[4625869] Failed to build match row: Manchester City Football Club vs Association Football Club Bournemouth
[4368858] Could not find attributes for ilir krasniqi (FK Kolos Kovalivka, 2024)
[4704504] Failed to build match row: Tune IF vs Fodbold Club Fredericia
[4368858] Failed to build match row: FK Kolos Kovalivka vs FC Oleksandriya
[3433598] Could not find attributes for gustavo busatto (CSKA-Sofia, 2020)
[4150643] Could not find attributes for alexandros paschalakis (Olympiakos Syndesmos Filathlon Peiraios, 2023)
[4364514] Could not find attributes for dmitriy chistyakov (AO FK Zenit Sankt-Peterburg, 2024)
[3433598] Failed to build match row: CSKA-Sofia vs BATE Borisov
[4150643] Failed to build match row: Olympiakos Syndesmos Filathlon Peiraios vs Athlitiki Enosi Konstantinoupoleos
[4364514] Failed to build match row: AO FK Zenit Sankt-Peterburg vs Akron Togliatti
[3690075] Could not find attributes for jamie donnelly (Clydebank FC, 2021)
[4410875] Could not find attributes for alexsander (Al-Ahli Saudi Football Club, 2024)
[3690075] Failed to build match row: Clydebank FC vs Clyde FC
[4410875] Failed to build match row: Al-Shabab Club vs Al-Ahli Saudi Football Club
[3631932] Could not find attributes for aleksandr mokin (Tobol Kostanay, 2021)
Not enough players found for lineup: 0, 0.
[3631932] Failed to build match row: Tobol Kostanay vs MSK Zilina

Keepers & outfield error for **Moreirense Futebol Clube** in Moreirense Futebol Clube vs Rio Ave Futebol Clube: Numbers: 2 and 9.

Keepers & outfield error for **Futebol Clube do Porto** in Società Sportiva Lazio S.p.A. vs Futebol Clube do Porto: Numbers: 0 and 11.
[4126955] Could not find attributes for vitaliy botnar (FK Nizhny Novgorod, 2023)
[4623882] Could not find attributes for patryk szysz (Morski Związkowy Klub Sportowy Arka Gdynia Spółka Akcyjna, 2025)
[4404842] Could not find attributes for norbert gyomber (Al-Kholood Club, 2024)
[4648668] Failed to build match row: Moreirense Futebol Clube vs Rio Ave Futebol Clube
[3887195] Could not find attributes for danny namaso (Futebol Clube do Porto, 2022)
[4717131] Failed to scrape lineup: https://www.transfermarkt.co.uk/spielbericht/index/spielbericht/4717131
[4623882] Failed to build match row: Termalica Bruk-Bet Nieciecza Klub Sportowy vs Morski Związkowy Klub Sportowy Arka Gdynia Spółka Akcyjna
[4126955] Failed to build match row: FK Nizhny Novgorod vs FK Krasnodar

Keepers & outfield error for **Eintracht Frankfurt Fußball AG** in Eintracht Frankfurt Fußball AG vs Mönchengladbach: Numbers: 0 and 11.
[4404842] Failed to build match row: Al-Kholood Club vs Al-Ittihad Football Club
[3887195] Failed to build match row: Futebol Clube do Porto vs Clube Desportivo de Tondela
[4445372] Failed to build match row: Società Sportiva Lazio S.p.A. vs Futebol Clube do Porto
[4634343] Failed to build match row: Eintracht Frankfurt Fußball AG vs Mönchengladbach

Keepers & outfield error for **Real Betis Balompié S.A.D.** in Real Betis Balompié S.A.D. vs Espanol: Numbers: 2 and 9.
[4645904] Failed to build match row: Real Betis Balompié S.A.D. vs Espanol
[3412978] Could not find attributes for kilian ludewig (FC Schalke 04, 2020)
[3412978] Failed to build match row: FC Schalke 04 vs Verein für Bewegungsspiele Stuttgart 1893
[3430387] Could not find attributes for rasmus jepsen jacob (Kjellerup IF, 2020)
[3430387] Failed to build match row: Kjellerup IF vs Thisted FC
[3851076] Failed to scrape lineup: https://www.transfermarkt.co.uk/cercle-brugge-_kv-mechelen/index/spielbericht/3851076
[3487540] Could not find attributes for karlos mahugo (UD Mutilvera, 2020)
[3487540] Failed to build match row: UD Mutilvera vs Racing Santander
[4150644] Failed to scrape lineup: https://www.transfermarkt.co.uk/ofi-crete-fc_pas-lamia-1964/index/spielbericht/4150644
[3605488] Could not find attributes for roman kalyuzhnyi (Nosta Novotroitsk, 2021)
[3451625] Could not find attributes for josip posavec (HNK Hajduk Split, 2020)
[4112908] Could not find attributes for sokratis papastathopoulos (Real Betis Balompié S.A.D., 2023)
[3605488] Failed to build match row: Nosta Novotroitsk vs Torpedo Miass
[3451625] Failed to build match row: Galatasaray Spor Kulübü vs HNK Hajduk Split
[4805849] Could not find attributes for florent mollet (Football Club Lausanne-Sport, 2025)
Not enough players found for lineup: 0, 11.
[4112908] Failed to build match row: Real Betis Balompié S.A.D. vs Real Sociedad de Fútbol S.A.D.
[4805849] Failed to build match row: Football Club Lausanne-Sport vs SK Sigma Olomouc, a.s.
[3964640] Could not find attributes for dimitrios stamatakis (CD Eldense, 2022)
[4649482] Could not find attributes for jack butland (Rangers Football Club, 2025)
[4410876] Could not find attributes for faycal fajr (Al-Taawoun Football Club, 2024)
[3964640] Failed to build match row: CD Eldense vs Burgos CF
[4649482] Failed to build match row: Rangers Football Club vs Hibernian Football Club
[4528241] Could not find attributes for gaddi aguirre (Club de Futbol Rojinegros S.A. de C.V., 2024)
[4704505] Failed to scrape lineup: https://www.transfermarkt.co.uk/spielbericht/index/spielbericht/4704505
[4410876] Failed to build match row: Al-Taawoun Football Club vs Al-Qadsiah Saudi Football Club
[4528241] Failed to build match row: Club de Futbol Rojinegros S.A. de C.V. vs Impulsora del Deportivo Necaxa S.A. de C.V.
[4648669] Could not find attributes for joao moutinho (Sporting Clube de Braga, 2025)
[3598306] Could not find attributes for ilias sebaoui (Beerschot VA, 2021)
[4648669] Failed to build match row: Sporting Clube de Braga vs Gil Vicente Futebol Clube
[3851077] Failed to scrape lineup: https://www.transfermarkt.co.uk/rfc-seraing_r-charleroi-sc/index/spielbericht/3851077
[3598306] Failed to build match row: Beerschot VA vs Koninklijke Atletiek Associatie Gent
[4623883] Could not find attributes for mateusz klich (Klub Sportowy Cracovia Spółka Akcyjna, 2025)
Not enough players found for lineup: 0, 0.

Keepers & outfield error for **Manchester City Football Club** in Chelsea Football Club vs Manchester City Football Club: Numbers: 2 and 9.
[4623883] Failed to build match row: Klub Sportowy Cracovia Spółka Akcyjna vs Motor Lublin Spółka Akcyjna
[3591983] Failed to build match row: Chelsea Football Club vs Manchester City Football Club
richt/4717132
[4368859] Could not find attributes for pavlo isenko (Vorskla Poltava, 2024)
[4368859] Failed to build match row: Vorskla Poltava vs FK Karpaty Lviv
[4393332] Could not find attributes for christopher lungoyi (Gaziantep Futbol Kulübü A.Ş., 2024)
[3631933] Could not find attributes for jakub kiwior (MSK Zilina, 2021)
[4358701] Could not find attributes for nikola marjanovic (FK Tekstilac Odzaci, 2024)

Keepers & outfield error for **FC Bayern München** in 1. Fußball-Club Köln vs FC Bayern München: Numbers: 2 and 9.
[3583536] Could not find attributes for geordan dupire (Swift Hesperange, 2021)
[4393332] Failed to build match row: Gaziantep Futbol Kulübü A.Ş. vs Eyüp Spor Kulübü
[3631933] Failed to build match row: MSK Zilina vs Tobol Kostanay

Keepers & outfield error for **Villarreal Club de Fútbol S.A.D.** in Girona Fútbol Club S. A. D. vs Villarreal Club de Fútbol S.A.D.: Numbers: 0 and 11.
[3412979] Failed to build match row: 1. Fußball-Club Köln vs FC Bayern München
[4358701] Failed to build match row: FK Tekstilac Odzaci vs FK Jedinstvo Ub
[3583536] Failed to build match row: Swift Hesperange vs NK Domzale
[4645905] Failed to build match row: Girona Fútbol Club S. A. D. vs Villarreal Club de Fútbol S.A.D.

Keepers & outfield error for **Hvidovre IF** in Hvidovre IF vs Viborg Fodsports Forening: Numbers: 2 and 9.
[4090251] Failed to build match row: Hvidovre IF vs Viborg Fodsports Forening
[4404843] Could not find attributes for ghassan hawsawi (Al-Okhdood Club, 2024)
[4404843] Failed to build match row: Al-Okhdood Club vs Al-Hilal Saudi Football Club
[4126956] Could not find attributes for aleksandr maksimenko (FK Spartak Moskva, 2023)
[4126956] Failed to build match row: FK Spartak Moskva vs FK Dinamo Moskva
[3433599] Could not find attributes for nicolae calancea (FK Sfîntul Gheorghe Suruceni (- 2023), 2020)
[4805850] Could not find attributes for martin zlomislic (Hrvatski Nogometni Klub Rijeka, 2025)
[3433599] Failed to build match row: FK Sfîntul Gheorghe Suruceni (- 2023) vs Fudbalski Klub Partizan Beograd
[4805850] Failed to build match row: Hrvatski Nogometni Klub Rijeka vs Omonia Nicosia
[4410877] Could not find attributes for gaetan coucke (Al-Orobah FC, 2024)
[3421751] Could not find attributes for filip krovinovic (West Bromwich Albion, 2020)
[4410877] Failed to build match row: Al-Hilal Saudi Football Club vs Al-Orobah FC
[4649483] Could not find attributes for james brown (Kilmarnock Football Club, 2025)
Not enough players found for lineup: 0, 0.
[3421751] Failed to build match row: West Bromwich Albion vs Tottenham Hotspur Football Club
[4649483] Failed to build match row: Aberdeen Football Club vs Kilmarnock Football Club
Not enough players found for lineup: 0, 11.
[3412980] Failed to scrape lineup: https://www.transfermarkt.co.uk/fc-augsburg_1-fsv-mainz-05/index/spielbericht/3412980
[4717137] Failed to scrape lineup: https://www.transfermarkt.co.uk/spielbericht/index/spielbericht/4717137
[3430388] Failed to scrape lineup: https://www.transfermarkt.co.uk/spielbericht/index/spielbericht/3430388
[3860438] Could not find attributes for kevin malcuit (MKE Ankaragücü, 2022)
[4368860] Could not find attributes for yakiv kinareykin (FK Karpaty Lviv, 2024)
[3451626] Could not find attributes for zeca (Football Club København, 2020)
[4112909] Could not find attributes for chris ramos (Cádiz CF, 2023)
[3860438] Failed to build match row: MKE Ankaragücü vs Adana Demirspor
[3451626] Failed to build match row: Football Club København vs Gliwicki Klub Sportowy Piast Spółka Akcyjna
[4368860] Failed to build match row: FK Karpaty Lviv vs LNZ Cherkasy
[4112909] Failed to build match row: Cádiz CF vs UD Las Palmas
[4364515] Could not find attributes for bogdan ovsyannikov (PFK Krylya Sovetov Samara, 2024)
[4641254] Could not find attributes for moncef zekri (Yellow-Red Koninklijke Voetbalclub Mechelen, 2025)
[4364515] Failed to build match row: PFK Krylya Sovetov Samara vs FK Dinamo Moskva
[4150645] Could not find attributes for zeca (Panathinaikos Athlitikos Omilos, 2023)
[4090252] Could not find attributes for filip helander (Odense Boldklub, 2023)
endracht Hekelgem vs Yellow-Red Koninklijke Voetbalclub Mechelen
[4150645] Failed to build match row: Panathinaikos Athlitikos Omilos vs Panetolikos Agrinio
[4090252] Failed to build match row: Odense Boldklub vs Brøndby Idrætsforening
[4623884] Could not find attributes for quentin lecoeuche (Wisła Płock Spółka Akcyjna, 2025)
[4623884] Failed to build match row: Klub Sportowy Górnik Zabrze Sportowa Spółka Akcyjna vs Wisła Płock Spółka Akcyjna
[3631942] Could not find attributes for valentin antov (CSKA-Sofia, 2021)
[3631942] Failed to build match row: CSKA-Sofia vs NK Osijek s.d.d.
[4648670] Could not find attributes for franjo ivanovic (Sport Lisboa e Benfica, 2025)

Keepers & outfield error for **Venezia FC** in Venezia FC vs FC Empoli: Numbers: 2 and 9.
[3605489] Could not find attributes for nikita reshetnyak (Amkar Perm, 2021)
[4126957] Could not find attributes for vladislav torop (PFK CSKA Moskva, 2023)
[4374094] Failed to build match row: Venezia FC vs FC Empoli
[4648670] Failed to build match row: Sport Lisboa e Benfica vs Clube Desportivo Santa Clara
[3605489] Failed to build match row: Amkar Perm vs FC Tyumen
[4393333] Could not find attributes for tolga kalender (Adana Demirspor, 2024)
[4362733] Could not find attributes for harry wilson (Fulham Football Club, 2024)
[4126957] Failed to build match row: PFK CSKA Moskva vs FK Sochi
[4362733] Failed to build match row: Leicester City vs Fulham Football Club
[4393333] Failed to build match row: Adana Demirspor vs Bodrum FK

Keepers & outfield error for **FC Shakhtar Donetsk** in KKS Lech Poznań Spółka Akcyjna vs FC Shakhtar Donetsk: Numbers: 2 and 9.
[4770605] Could not find attributes for kieran sargeant (San Diego Football Club, 2025)
[4410878] Could not find attributes for ghassan hawsawi (Al-Okhdood Club, 2024)
[4404844] Could not find attributes for moussa dembele (Al-Ettifaq Football Club, 2024)
[4410878] Failed to build match row: Al-Okhdood Club vs Al-Nassr Football Club
[4770605] Failed to build match row: San Diego Football Club vs Club de Foot Montréal
[4404844] Failed to build match row: Al-Shabab Club vs Al-Ettifaq Football Club
[4805859] Failed to build match row: KKS Lech Poznań Spółka Akcyjna vs FC Shakhtar Donetsk
[3887493] Could not find attributes for sergio padt (Ludogorets Razgrad, 2022)
[4528246] Could not find attributes for oussama idrissi (Promotora del Club Pachuca S. A. de C. V., 2024)
[4358702] Could not find attributes for filip backulja (Fudbalski Klub Novi Pazar, 2024)
[3887493] Failed to build match row: Ludogorets Razgrad vs GNK Dinamo Zagreb
[4358702] Failed to build match row: Fudbalski Klub Novi Pazar vs Fudbalski Klub Mladost Lučani
[4528246] Failed to build match row: Promotora del Club Pachuca S. A. de C. V. vs Club de Futbol Puebla de La Franja
[4582205] Could not find attributes for lucas villalba (Cruzeiro Esporte Clube, 2024)
[4582205] Failed to build match row: Cruzeiro Esporte Clube vs Grêmio Foot-Ball Porto Alegrense
[4625872] Could not find attributes for joao palhinha (Tottenham Hotspur Football Club, 2025)
[4625872] Failed to build match row: Tottenham Hotspur Football Club vs Chelsea Football Club

Keepers & outfield error for **Alaves** in Alaves vs Getafe Club de Fútbol S. A. D. Team Dubai: Numbers: 0 and 11.
[4112910] Failed to build match row: Alaves vs Getafe Club de Fútbol S. A. D. Team Dubai
[4150646] Could not find attributes for adrian chovan (Panserraikos Serres, 2023)
[4150646] Failed to build match row: Panserraikos Serres vs Athlitiki Enosi Kifisias
[3860439] Could not find attributes for yasin ozcan (Kasımpaşa A.Ş., 2022)
[3860439] Failed to build match row: Fatih Karagümrük Sportif Faaliyetler San. Tic. A.Ş. vs Kasımpaşa A.Ş.
[3451627] Could not find attributes for kostadin zahov (Shkendija Tetovo, 2020)
[3451627] Failed to build match row: Shkendija Tetovo vs Tottenham Hotspur Football Club
[4364516] Could not find attributes for timur magomedov (Dinamo Makhachkala, 2024)
[3851079] Could not find attributes for lior refaelov (Royal Sporting Club Anderlecht, 2022)
[4364516] Failed to build match row: Dinamo Makhachkala vs FK Spartak Moskva
[4704506] Could not find attributes for abdi mohamed (FC Kalundborg, 2025)
[3851079] Failed to build match row: St Truiden vs Royal Sporting Club Anderlecht
[4704506] Failed to build match row: FC Kalundborg vs Odense Boldklub
[3583537] Could not find attributes for marijan coric (KF Llapi, 2021)
[3583537] Failed to build match row: KF Llapi vs FC Shkupi
[3433600] Could not find attributes for boy waterman (Omilos Filathlon Irakliou FC, 2020)
[3433600] Failed to build match row: Omilos Filathlon Irakliou FC vs Apollon Limassol
[4374112] Could not find attributes for mats hummels (Associazione Sportiva Roma, 2024)
[4374112] Failed to build match row: Bologna Football Club 1909 vs Associazione Sportiva Roma
Not enough players found for lineup: 0, 0.

Keepers & outfield error for **San Jose Earthquakes** in San Jose Earthquakes vs Sporting Kansas City: Numbers: 0 and 11.
Not enough players found for lineup: 0, 0.
[3430394] Failed to scrape lineup: https://www.transfermarkt.co.uk/spielbericht/index/spielbericht/3430394
[4770606] Failed to build match row: San Jose Earthquakes vs Sporting Kansas City
[4717138] Failed to scrape lineup: https://www.transfermarkt.co.uk/spielbericht/index/spielbericht/4717138
[4410879] Could not find attributes for unai hernandez (Al-Ittihad Football Club, 2024)
[4410879] Failed to build match row: Al-Ittihad Football Club vs Al-Fayha FC
[4393334] Could not find attributes for rachid ghezzal (Çaykur Rizespor Kulübü, 2024)
[4393334] Failed to build match row: Çaykur Rizespor Kulübü vs Alanyaspor
[3605490] Could not find attributes for bogdan karyukin (Dinamo Barnaul, 2021)

Keepers & outfield error for **Sport Club Internacional** in Sport Club Internacional vs Esporte Clube Vitória: Numbers: 0 and 11.
[4358703] Could not find attributes for nikola mirkovic (Fudbalski klub Čukarički Beograd, 2024)
[4582206] Failed to build match row: Sport Club Internacional vs Esporte Clube Vitória
[3605490] Failed to build match row: Dinamo Barnaul vs Sibir Novosibirsk
[4770607] Failed to scrape lineup: https://www.transfermarkt.co.uk/los-angeles-galaxy_new-york-city-fc/index/spielbericht/4770607
[4410880] Failed to scrape lineup: https://www.transfermarkt.co.uk/al-fayha-fc_al-wehda-fc/index/spielbericht/4410880
[4648671] Could not find attributes for ferro (Grupo Desportivo Estoril Praia, 2025)
[4717140] Failed to scrape lineup: https://www.transfermarkt.co.uk/spielbericht/index/spielbericht/4717140
[4358703] Failed to build match row: Fudbalski klub Čukarički Beograd vs Fudbalski klub Crvena zvezda Beograd

Keepers & outfield error for **FC Bayern München** in FC Bayern München vs 1. Fußballclub Union Berlin: Numbers: 3 and 8.
[4504589] Could not find attributes for keanu cupido (Mamelodi Sundowns FC, 2025)
[4648671] Failed to build match row: Grupo Desportivo Estoril Praia vs AVS Futebol SAD
[4090254] Could not find attributes for yeni ngbakoto (Vejle Boldklub, 2023)
[4504589] Failed to build match row: Ulsan Hyundai Football Club vs Mamelodi Sundowns FC
[3412982] Failed to build match row: FC Bayern München vs 1. Fußballclub Union Berlin
[4090254] Failed to build match row: Vejle Boldklub vs Silkeborg Idrætsforening
[3451628] Could not find attributes for roberto soldado (Granada CF, 2020)

Keepers & outfield error for **UD Almería** in Real Club Deportivo Mallorca S.A.D. vs UD Almería: Numbers: 0 and 11.
[3451628] Failed to build match row: Granada CF vs FC Locomotive Tbilisi
[4364517] Could not find attributes for rustam yatimov (FK Rostov, 2024)
[4112911] Failed to build match row: Real Club Deportivo Mallorca S.A.D. vs UD Almería
[4364517] Failed to build match row: FK Rostov vs Футбольный клуб "Локомотив" Москва
[3583538] Could not find attributes for lazare kupatadze (Dinamo Batumi, 2021)
[4649486] Could not find attributes for mahamadou susoho (Livingston Football Club, 2025)
[3583538] Failed to build match row: Dinamo Batumi vs SP Tre Penne
[4649486] Failed to build match row: Livingston Football Club vs Dundee Football Club
[3421753] Could not find attributes for trezeguet (Aston Villa Football Club, 2020)
[3421753] Failed to build match row: Aston Villa Football Club vs Brighton and Hove Albion Football Club

Keepers & outfield error for **Eintracht Frankfurt Fußball AG** in Eintracht Frankfurt Fußball AG vs Borussia Dortmund: Numbers: 2 and 9.
[4096042] Failed to build match row: Eintracht Frankfurt Fußball AG vs Borussia Dortmund

Keepers & outfield error for **Paris Saint-Germain Football Club** in Paris Saint-Germain Football Club vs Association sportive de Monaco Football Club: Numbers: 2 and 9.
[3839845] Failed to build match row: Paris Saint-Germain Football Club vs Association sportive de Monaco Football Club

Keepers & outfield error for **FC Empoli** in FC Empoli vs Unione Sportiva Lecce: Numbers: 0 and 11.
[4410881] Failed to scrape lineup: https://www.transfermarkt.co.uk/al-orobah-fc_al-nassr-fc/index/spielbericht/4410881
[4368861] Could not find attributes for oleksandr saputin (FC Zorya Lugansk, 2024)
[4368861] Failed to build match row: FC Zorya Lugansk vs FC Rukh Lviv
[4374113] Failed to build match row: FC Empoli vs Unione Sportiva Lecce
[4126958] Could not find attributes for andrey khodanovich (FC Orenburg, 2023)
[4126958] Failed to build match row: FC Orenburg vs Fakel Voronezh
[3631943] Could not find attributes for ivica ivusic (NK Osijek s.d.d., 2021)
[4717141] Failed to scrape lineup: https://www.transfermarkt.co.uk/spielbericht/index/spielbericht/4717141

Keepers & outfield error for **Orihuela CF** in Orihuela CF vs Gimnàstic de Tarragona: Numbers: 0 and 11.
[3631943] Failed to build match row: NK Osijek s.d.d. vs CSKA-Sofia
[3614668] Failed to scrape lineup: https://www.transfermarkt.co.uk/fc-empoli_acf-fiorentina/index/spielbericht/3614668
[4204047] Failed to build match row: Orihuela CF vs Gimnàstic de Tarragona

Keepers & outfield error for **Al-Raed SFC** in Al-Raed SFC vs Al-Qadsiah Saudi Football Club: Numbers: 2 and 9.
[4625874] Could not find attributes for veljko milosavljevic (Association Football Club Bournemouth, 2025)
[4404846] Failed to build match row: Al-Raed SFC vs Al-Qadsiah Saudi Football Club
[4393335] Could not find attributes for emirhan basyigit (Sivasspor, 2024)
[4623887] Failed to scrape lineup: https://www.transfermarkt.co.uk/legia-warszawa_lechia-gdansk/index/spielbericht/4623887
[4393335] Failed to build match row: İstanbul Başakşehir Futbol Kulübü vs Sivasspor

Keepers & outfield error for **Futebol Clube do Porto** in Futebol Clube do Porto vs Clube Desportivo Nacional: Numbers: 0 and 11.
[4364518] Failed to scrape lineup: https://www.transfermarkt.co.uk/spielbericht/index/spielbericht/4364518
[4648672] Failed to build match row: Futebol Clube do Porto vs Clube Desportivo Nacional
[3860441] Failed to scrape lineup: https://www.transfermarkt.co.uk/sivasspor_kayserispor/index/spielbericht/3860441
[3430398] Could not find attributes for lukas olesen (Slagelse B&I, 2020)
[3430398] Failed to build match row: Slagelse B&I vs Dalum IF
[4368862] Failed to scrape lineup: https://www.transfermarkt.co.uk/shakhtar-donetsk_fc-oleksandriya/index/spielbericht/4368862
[3839846] Failed to scrape lineup: https://www.transfermarkt.co.uk/rc-lens_stade-rennais-fc/index/spielbericht/3839846
[3911799] Failed to scrape lineup: https://www.transfermarkt.co.uk/spielbericht/index/spielbericht/3911799
[4410882] Failed to scrape lineup: https://www.transfermarkt.co.uk/al-hilal-sfc_al-ahli-sfc/index/spielbericht/4410882
[3433601] Could not find attributes for giorgi mamardashvili (FC Locomotive Tbilisi, 2020)
[3614669] Failed to scrape lineup: https://www.transfermarkt.co.uk/juventus-fc_atalanta-bc/index/spielbericht/3614669
[3433601] Failed to build match row: FC Locomotive Tbilisi vs FK Dinamo Moskva
[3598310] Failed to scrape lineup: https://www.transfermarkt.co.uk/standard-liege_club-brugge-kv/index/spielbericht/3598310
[4704507] Could not find attributes for frederik mohrsen (Ringsted IF, 2025)
[4704507] Failed to build match row: Ringsted IF vs Boldklubben Skjold
[4623888] Could not find attributes for rajmund molnar (Morski Klub Sportowy Pogoń Szczecin, 2025)
[4623888] Failed to build match row: Morski Klub Sportowy Pogoń Szczecin vs Zagłębie Lubin Spółka Akcyjna
[4528248] Could not find attributes for mateo klimowicz (Club Atlético de San Luis, 2024)
[3605491] Could not find attributes for denis shebanov (FK Saransk ( -2022), 2021)
[4090255] Could not find attributes for filip helander (Odense Boldklub, 2023)
[4528248] Failed to build match row: Club Atlético de San Luis vs Club Deportivo Guadalajara S. A. de C. V.
[3605491] Failed to build match row: FK Saransk ( -2022) vs Zenit Penza
[4090255] Failed to build match row: Aarhus Gymnastik Forening vs Odense Boldklub
[4358704] Could not find attributes for veljko ilic (Fudbalski klub TSC Bačka Topola, 2024)
[4126959] Could not find attributes for ilya pomazun (Ural Yekaterinburg, 2023)
[4393336] Could not find attributes for arseniy batagov (Trabzonspor Kulübü, 2024)
[4358704] Failed to build match row: Fudbalski klub TSC Bačka Topola vs Omladinski fudbalski klub Beograd
[3690076] Could not find attributes for aidan mcadams (Ayr United FC, 2021)
[4393336] Failed to build match row: Konyaspor vs Trabzonspor Kulübü
[4126959] Failed to build match row: Ural Yekaterinburg vs Футбольный клуб "Локомотив" Москва
[4364519] Could not find attributes for vladislav torop (PFK CSKA Moskva, 2024)
[4096043] Could not find attributes for tim kleindienst (1. Fußballclub Heidenheim 1846, 2023)
[3583539] Could not find attributes for nicolae calancea (FK Sfîntul Gheorghe Suruceni (- 2023), 2021)
[3690076] Failed to build match row: Ayr United FC vs Albion Rovers FC
[3887495] Could not find attributes for razak abalora (FC Sheriff Tiraspol, 2022)
[4364519] Failed to build match row: PFK CSKA Moskva vs RFK Akhmat Grozny
[4096043] Failed to build match row: Mönchengladbach vs 1. Fußballclub Heidenheim 1846
[3583539] Failed to build match row: FK Sfîntul Gheorghe Suruceni (- 2023) vs FK Partizani
[4410883] Could not find attributes for norbert gyomber (Al-Kholood Club, 2024)
Not enough players found for lineup: 0, 0.
[3887495] Failed to build match row: FC Sheriff Tiraspol vs FC Viktoria Plzeň, a.s.
[3451629] Could not find attributes for yevgen past (Desna Chernigiv, 2020)

Keepers & outfield error for **Al-Nassr Football Club** in Al-Fayha FC vs Al-Nassr Football Club: Numbers: 0 and 11.
[4717142] Failed to scrape lineup: https://www.transfermarkt.co.uk/spielbericht/index/spielbericht/4717142
[4410883] Failed to build match row: Al-Kholood Club vs Al-Khaleej Club (Saihat)
[4404847] Failed to build match row: Al-Fayha FC vs Al-Nassr Football Club
[3451629] Failed to build match row: Verein für Leibesübungen Wolfsburg vs Desna Chernigiv

Keepers & outfield error for **Casa Pia Atlético Clube** in Casa Pia Atlético Clube vs Gil Vicente Futebol Clube: Numbers: 2 and 9.
[4625875] Could not find attributes for yegor yarmolyuk (Brentford Football Club, 2025)
[4625875] Failed to build match row: Brentford Football Club vs Newcastle United Football Club
[4774922] Failed to scrape lineup: https://www.transfermarkt.co.uk/spielbericht/index/spielbericht/4774922
[4648673] Failed to build match row: Casa Pia Atlético Clube vs Gil Vicente Futebol Clube
[4362737] Failed to scrape lineup: https://www.transfermarkt.co.uk/west-ham-united_crystal-palace/index/spielbericht/4362737
[3836754] Could not find attributes for billy van duijl (Football Club Volendam, 2022)

Keepers & outfield error for **Fatih Karagümrük Sportif Faaliyetler San. Tic. A.Ş.** in Galatasaray Spor Kulübü vs Fatih Karagümrük Sportif Faaliyetler San. Tic. A.Ş.: Numbers: 0 and 11.
[3836754] Failed to build match row: Football Club Groningen vs Football Club Volendam
[3631944] Could not find attributes for nikola simic (Fudbalski Klub Vojvodina, 2021)
[3487541] Could not find attributes for alfred planas (Marbella FC, 2020)
[3860443] Failed to build match row: Galatasaray Spor Kulübü vs Fatih Karagümrük Sportif Faaliyetler San. Tic. A.Ş.
[3631944] Failed to build match row: Fudbalski Klub Vojvodina vs Linzer Athletik-Sport-Klub
[4504590] Could not find attributes for el mehdi benabid (Wydad Casablanca, 2025)
[3487541] Failed to build match row: Marbella FC vs Club Lleida Esportiu
[3964641] Could not find attributes for akito mukai (Mérida AD, 2022)
[4504590] Failed to build match row: Manchester City Football Club vs Wydad Casablanca
[3964641] Failed to build match row: Mérida AD vs Alaves
[4641258] Could not find attributes for yuto tsunashima (Royal Antwerp Football Club, 2025)
[4641258] Failed to build match row: Royal Antwerp Football Club vs Club Brugge Koninklijke Voetbalvereniging
[4358705] Failed to scrape lineup: https://www.transfermarkt.co.uk/fk-radnicki-1923-kragujevac_fk-vojvodina-novi-sad/index/spielbericht/4358705
[3690077] Failed to scrape lineup: https://www.transfermarkt.co.uk/spielbericht/index/spielbericht/3690077

Keepers & outfield error for **Clube Atlético Mineiro** in Esporte Clube Bahia vs Clube Atlético Mineiro: Numbers: 0 and 11.
[3911801] Failed to scrape lineup: https://www.transfermarkt.co.uk/spielbericht/index/spielbericht/3911801
[4582207] Failed to build match row: Esporte Clube Bahia vs Clube Atlético Mineiro
[4364520] Failed to scrape lineup: https://www.transfermarkt.co.uk/spielbericht/index/spielbericht/4364520
[4445374] Could not find attributes for hendrik bonmann (Ludogorets Razgrad, 2024)
[4445374] Failed to build match row: Società Sportiva Lazio S.p.A. vs Ludogorets Razgrad
[4649487] Could not find attributes for emmanuel danso (Livingston Football Club, 2025)
[4649487] Failed to build match row: Dundee Football Club vs Livingston Football Club
[4774923] Failed to scrape lineup: https://www.transfermarkt.co.uk/spielbericht/index/spielbericht/4774923
[3433602] Failed to build match row: Inter Club d'Escaldes vs Dundalk FC
[4625876] Failed to scrape lineup: https://www.transfermarkt.co.uk/chelsea-fc_wolverhampton-wanderers/index/spielbericht/4625876
[4805860] Could not find attributes for andrew irving (AC Sparta Praha, a. s., 2025)
[4805860] Failed to build match row: Alkmaar Zaanstreek vs AC Sparta Praha, a. s.
[3964642] Failed to scrape lineup: https://www.transfermarkt.co.uk/spielbericht/index/spielbericht/3964642
[4126960] Could not find attributes for nikita yanovich (FC Rubin Kazan, 2023)
[4126960] Failed to build match row: FC Rubin Kazan vs FK Rostov
[4090256] Could not find attributes for yuito suzuki (Brøndby Idrætsforening, 2023)
[4090256] Failed to build match row: Brøndby Idrætsforening vs Vejle Boldklub
[4634346] Failed to scrape lineup: https://www.transfermarkt.co.uk/sv-werder-bremen_bayern-munich/index/spielbericht/4634346
[3887496] Could not find attributes for strahinja erakovic (Fudbalski klub Crvena zvezda Beograd, 2022)
[3887496] Failed to build match row: Fudbalski klub Crvena zvezda Beograd vs FC Pyunik Yerevan
[3631945] Could not find attributes for nikola simic (Fudbalski Klub Vojvodina, 2021)
[3631945] Failed to build match row: Linzer Athletik-Sport-Klub vs Fudbalski Klub Vojvodina

Keepers & outfield error for **Galatasaray Spor Kulübü** in Kasımpaşa A.Ş. vs Galatasaray Spor Kulübü: Numbers: 2 and 9.
[4774924] Failed to scrape lineup: https://www.transfermarkt.co.uk/spielbericht/index/spielbericht/4774924
[4393337] Failed to build match row: Kasımpaşa A.Ş. vs Galatasaray Spor Kulübü
[4112913] Could not find attributes for yarek gasiorowski (Valencia Club de Fútbol S. A. D., 2023)
[4112913] Failed to build match row: Valencia Club de Fútbol S. A. D. vs Girona Fútbol Club S. A. D.

Keepers & outfield error for **CD Ursaria** in CD Ursaria vs CD Cayón: Numbers: 5 and 6.
[4204048] Failed to build match row: CD Ursaria vs CD Cayón
[4368863] Could not find attributes for denys marchenko (FK Obolon Kyiv, 2024)
[4410884] Could not find attributes for hussain al zarie (Al-Fateh Club, 2024)
[4090257] Failed to scrape lineup: https://www.transfermarkt.co.uk/fc-nordsjaelland_silkeborg-if/index/spielbericht/4090257
[3690078] Failed to scrape lineup: https://www.transfermarkt.co.uk/spielbericht/index/spielbericht/3690078
[3605492] Could not find attributes for ivan litvenok (Lada Togliatti, 2021)
[4368863] Failed to build match row: FK Obolon Kyiv vs FK Polissya Zhytomyr
[4410884] Failed to build match row: Al-Fateh Club vs Al-Taawoun Football Club
[3605492] Failed to build match row: Lada Togliatti vs Spartak Tuymazy
[4404848] Could not find attributes for moussa dembele (Al-Ettifaq Football Club, 2024)
[3860444] Could not find attributes for strahil popov (Ümraniyespor, 2022)
[4805861] Could not find attributes for zlatan alomerovic (AEK Larnaca, 2025)
Not enough players found for lineup: 0, 0.
[4404848] Failed to build match row: Al-Ettifaq Football Club vs Al-Okhdood Club
[4634347] Failed to scrape lineup: https://www.transfermarkt.co.uk/vfb-stuttgart_1-fc-koln/index/spielbericht/4634347
[4358706] Could not find attributes for miloje prekovic (Fudbalski klub Napredak Kruševac, 2024)
[3860444] Failed to build match row: Ümraniyespor vs Beşiktaş Jimnastik Kulübü
[4805861] Failed to build match row: Crystal Palace Football Club vs AEK Larnaca
[4358706] Failed to build match row: Fudbalski klub Napredak Kruševac vs Fudbalski Klub Spartak Ždrepčeva krv
[4717143] Failed to scrape lineup: https://www.transfermarkt.co.uk/spielbericht/index/spielbericht/4717143
[4103481] Could not find attributes for sandi lovric (Udinese Calcio, 2023)

Keepers & outfield error for **Al-Ain FC** in Al-Ain FC vs Juventus Football Club: Numbers: 0 and 11.
[4704508] Could not find attributes for ludvig bandier (Gentofte VI, 2025)
[4704508] Failed to build match row: Gentofte VI vs Brönshöj Boldklub
[4504591] Failed to build match row: Al-Ain FC vs Juventus Football Club
[4103481] Failed to build match row: Udinese Calcio vs Juventus Football Club
[4126961] Could not find attributes for mikhail oparin (RFK Akhmat Grozny, 2023)
[4126961] Failed to build match row: RFK Akhmat Grozny vs AO FK Zenit Sankt-Peterburg
[4393338] Could not find attributes for jonas svensson (Beşiktaş Jimnastik Kulübü, 2024)
[3421757] Could not find attributes for nampalys mendy (Leicester City, 2020)
[4393338] Failed to build match row: Beşiktaş Jimnastik Kulübü vs Kayserispor Kulübü
[3451630] Could not find attributes for ini etim akpan (Floriana FC, 2020)
[3421757] Failed to build match row: Liverpool Football Club vs Leicester City
[3451630] Failed to build match row: Floriana FC vs FC Flora Tallinn
[4582208] Could not find attributes for gustavo mancha (Fortaleza Esporte Clube, 2024)
[4582208] Failed to build match row: Fortaleza Esporte Clube vs Ceará Sporting Club

Keepers & outfield error for **Associazione Calcio Fiorentina** in AC Monza vs Associazione Calcio Fiorentina: Numbers: 0 and 11.
[3487670] Could not find attributes for mohamed elyounoussi (The Celtic Football Club, 2019)
[3605493] Failed to scrape lineup: https://www.transfermarkt.co.uk/spielbericht/index/spielbericht/3605493
[4374117] Failed to build match row: AC Monza vs Associazione Calcio Fiorentina

Keepers & outfield error for **Associazione Sportiva Roma** in Associazione Sportiva Roma vs Torino Calcio: Numbers: 0 and 11.
[3614672] Failed to build match row: Associazione Sportiva Roma vs Torino Calcio
[4528249] Could not find attributes for jhon murillo (Club Atlético de San Luis, 2024)
[3487670] Failed to build match row: The Celtic Football Club vs Heart of Midlothian Football Club
[3430401] Could not find attributes for gustav overgaard (Vejgaard B, 2020)
[4528249] Failed to build match row: Club Atlético de San Luis vs Impulsora del Deportivo Necaxa S.A. de C.V.
[3430401] Failed to build match row: Vejgaard B vs Jammerbugt FC
[4368864] Could not find attributes for pavlo isenko (Vorskla Poltava, 2024)
[4096045] Could not find attributes for anthony losilla (VfL Bochum, 2023)
[4404849] Could not find attributes for francois kamano (Damac Football Club, 2024)
[4404849] Failed to build match row: Al-Hilal Saudi Football Club vs Damac Football Club
[4368864] Failed to build match row: Vorskla Poltava vs Futbolniy Klub Dynamo Kyiv
[4096045] Failed to build match row: VfL Bochum vs 1. Fußball- und Sportverein Mainz 05

Keepers & outfield error for **Villarreal Club de Fútbol S.A.D.** in Villarreal Club de Fútbol S.A.D. vs Real Sociedad de Fútbol S.A.D.: Numbers: 0 and 11.
[3433603] Could not find attributes for srdjan draskovic (Sileks Kratovo, 2020)
[3964643] Could not find attributes for matej simic (CD Numancia, 2022)
[4645911] Failed to build match row: Villarreal Club de Fútbol S.A.D. vs Real Sociedad de Fútbol S.A.D.
[3433603] Failed to build match row: Sileks Kratovo vs FC Drita
[3583540] Could not find attributes for anatoliy ayvazov (FC Urartu Yerevan, 2021)
[3964643] Failed to build match row: CD Numancia vs Sporting Gijón
[3860445] Could not find attributes for charilaos charisis (Sivasspor, 2022)
[3583540] Failed to build match row: FC Urartu Yerevan vs NK Maribor
[4648675] Could not find attributes for joao moutinho (Sporting Clube de Braga, 2025)
[4648675] Failed to build match row: Sporting Clube de Braga vs Clube Desportivo Santa Clara
[3860445] Failed to build match row: Antalyaspor vs Sivasspor
[4774925] Could not find attributes for akeel higgins (Exeter City, 2025)
[4774925] Failed to build match row: Exeter City vs Wycombe Wanderers
[3631946] Could not find attributes for johannes kreidl (Kuopion Palloseura, 2021)
[3631946] Failed to build match row: Kuopion Palloseura vs FC Astana
[4410885] Could not find attributes for ayoub qasmi (Al-Raed SFC, 2024)
[3421758] Could not find attributes for branislav ivanovic (West Bromwich Albion, 2020)
[4410885] Failed to build match row: Al-Raed SFC vs Al-Ettifaq Football Club
romwich Albion
[4649489] Failed to scrape lineup: https://www.transfermarkt.co.uk/hibernian-fc_st-mirren-fc/index/spielbericht/4649489
[3614673] Failed to scrape lineup: https://www.transfermarkt.co.uk/uc-sampdoria_hellas-verona/index/spielbericht/3614673
[3451631] Could not find attributes for luquinhas (Legia Warszawa Spółka Akcyjna, 2020)
[3451631] Failed to build match row: Legia Warszawa Spółka Akcyjna vs FC Drita
[4404850] Failed to scrape lineup: https://www.transfermarkt.co.uk/al-wehda-fc_al-orobah-fc/index/spielbericht/4404850
[4205132] Could not find attributes for denys shelikhov (Viktoriya Sumy, 2023)
[4205132] Failed to build match row: Viktoriya Sumy vs FC Shakhtar Donetsk
[4126962] Could not find attributes for maksim borisko (FK Baltika, 2023)
[3887498] Could not find attributes for goncalo ramos (Sport Lisboa e Benfica, 2022)
[3887498] Failed to build match row: Sport Lisboa e Benfica vs Fodbold Club Midtjylland
[4126962] Failed to build match row: FK Baltika vs PFK Krylya Sovetov Samara
[4362740] Could not find attributes for abdoulaye doucoure (Everton Football Club, 2024)
[4362740] Failed to build match row: Brighton and Hove Albion Football Club vs Everton Football Club
[4623890] Could not find attributes for veljko ilic (Widzew Łódź Spółka Akcyjna, 2025)
[4623890] Failed to build match row: Widzew Łódź Spółka Akcyjna vs Miejski Klub Sportowy Korona Kielce Spółka Akcyjna
[3964644] Failed to scrape lineup: https://www.transfermarkt.co.uk/spielbericht/index/spielbericht/3964644
[3631955] Failed to scrape lineup: https://www.transfermarkt.co.uk/spielbericht/index/spielbericht/3631955
[4582209] Could not find attributes for wilker angel (Esporte Clube Juventude, 2024)
[4582209] Failed to build match row: Esporte Clube Juventude vs Sport Club do Recife
[4641260] Could not find attributes for moncef zekri (Yellow-Red Koninklijke Voetbalclub Mechelen, 2025)
[4368865] Could not find attributes for oleksiy palamarchuk (Ingulets Petrove, 2024)
[4641260] Failed to build match row: Yellow-Red Koninklijke Voetbalclub Mechelen vs Oud-Heverlee Leuven
[4368865] Failed to build match row: Ingulets Petrove vs FK Kryvbas Kryvyi Rig
[3614674] Failed to scrape lineup: https://www.transfermarkt.co.uk/spezia-calcio_bologna-fc-1909/index/spielbericht/3614674
[4358707] Could not find attributes for nihad mujakic (Fudbalski Klub Partizan Beograd, 2024)
[4445376] Could not find attributes for mats hummels (Associazione Sportiva Roma, 2024)
[3839863] Failed to scrape lineup: https://www.transfermarkt.co.uk/as-monaco_estac-troyes/index/spielbericht/3839863
[4205133] Failed to scrape lineup: https://www.transfermarkt.co.uk/spielbericht/index/spielbericht/4205133
[4358707] Failed to build match row: Fudbalski Klub Partizan Beograd vs Fudbalski Klub Radnički Niš
[3598311] Failed to scrape lineup: https://www.transfermarkt.co.uk/club-brugge-kv_kv-mechelen/index/spielbericht/3598311
[4126963] Failed to scrape lineup: https://www.transfermarkt.co.uk/spielbericht/index/spielbericht/4126963
[4445376] Failed to build match row: Tottenham Hotspur Football Club vs Associazione Sportiva Roma
[4090260] Could not find attributes for srdjan kuzmic (Viborg Fodsports Forening, 2023)
[4717145] Could not find attributes for malwin zok (FV Illertissen, 2025)
[4090260] Failed to build match row: Viborg Fodsports Forening vs Randers Fodbold Club
[4717145] Failed to build match row: FV Illertissen vs 1.FC Magdeburg
[4805864] Could not find attributes for zan luk leban (NK Celje, 2025)
[4624045] Could not find attributes for stanislav agkatsev (FK Krasnodar, 2025)
[4805864] Failed to build match row: NK Celje vs Athlitiki Enosi Konstantinoupoleos

Keepers & outfield error for **Real Betis Balompié S.A.D.** in Athletic Club Bilbao vs Real Betis Balompié S.A.D.: Numbers: 2 and 9.
[4624045] Failed to build match row: FK Krasnodar vs PFK CSKA Moskva
[4645912] Failed to build match row: Athletic Club Bilbao vs Real Betis Balompié S.A.D.
[4410886] Could not find attributes for ghassan hawsawi (Al-Okhdood Club, 2024)
[3839864] Failed to scrape lineup: https://www.transfermarkt.co.uk/angers-sco_stade-reims/index/spielbericht/3839864

Keepers & outfield error for **Querétaro Fútbol Club** in Club Tijuana Xoloitzcuintles de Caliente vs Querétaro Fútbol Club: Numbers: 0 and 11.
[4410886] Failed to build match row: Al-Ittihad Football Club vs Al-Okhdood Club
[4528250] Failed to build match row: Club Tijuana Xoloitzcuintles de Caliente vs Querétaro Fútbol Club
[4717146] Failed to scrape lineup: https://www.transfermarkt.co.uk/spielbericht/index/spielbericht/4717146
[4404851] Could not find attributes for milan borjan (Al-Riyadh Saudi Club, 2024)
[4704509] Could not find attributes for nicolaj soberg (Ledöje-Smörum Fodbold, 2025)
[3860447] Failed to build match row: Giresunspor vs İstanbul Başakşehir Futbol Kulübü
[4404851] Failed to build match row: Al-Riyadh Saudi Club vs Al-Kholood Club
[4704509] Failed to build match row: Ledöje-Smörum Fodbold vs Lyngby Boldklub
[3690080] Could not find attributes for jordy zielschot (Achilles Veen, 2021)
[3690080] Failed to build match row: Achilles Veen vs DVS '33 Ermelo
[4649490] Could not find attributes for michael schjonning larsen (Kilmarnock Football Club, 2025)
[4649490] Failed to build match row: Kilmarnock Football Club vs The Celtic Football Club
[3837214] Failed to scrape lineup: https://www.transfermarkt.co.uk/go-ahead-eagles_psv-eindhoven/index/spielbericht/3837214
[4634350] Failed to scrape lineup: https://www.transfermarkt.co.uk/hamburger-sv_1-fc-union-berlin/index/spielbericht/4634350
[4624298] Failed to scrape lineup: https://www.transfermarkt.co.uk/spielbericht/index/spielbericht/4624298

Keepers & outfield error for **Gimnàstic de Tarragona** in Gimnàstic de Tarragona vs Málaga CF: Numbers: 3 and 8.

Keepers & outfield error for **Manchester United Football Club** in Manchester United Football Club vs Aston Villa Football Club: Numbers: 2 and 9.
[3964645] Failed to build match row: Gimnàstic de Tarragona vs Málaga CF
[3591988] Failed to build match row: Manchester United Football Club vs Aston Villa Football Club
[4368866] Could not find attributes for artur rudko (Chornomorets Odesa, 2024)
[4368866] Failed to build match row: Chornomorets Odesa vs Livyi Bereg Kyiv
[3605494] Could not find attributes for oleg suvorov (Biolog-Novokubansk Progress, 2021)
[4150647] Failed to scrape lineup: https://www.transfermarkt.co.uk/pas-giannina_asteras-tripolis/index/spielbericht/4150647
[4404852] Failed to scrape lineup: https://www.transfermarkt.co.uk/al-khaleej-fc_al-shabab-fc/index/spielbericht/4404852
[3583541] Failed to build match row: KF Laçi vs FK Podgorica
[4704510] Failed to scrape lineup: https://www.transfermarkt.co.uk/spielbericht/index/spielbericht/4704510
[3605494] Failed to build match row: Biolog-Novokubansk Progress vs FC Tuapse ( -2022)
[4393340] Could not find attributes for ogun ozcicek (Gaziantep Futbol Kulübü A.Ş., 2024)
[4393340] Failed to build match row: Beşiktaş Jimnastik Kulübü vs Gaziantep Futbol Kulübü A.Ş.
[3887499] Failed to build match row: GNK Dinamo Zagreb vs Ludogorets Razgrad
[3964646] Failed to scrape lineup: https://www.transfermarkt.co.uk/spielbericht/index/spielbericht/3964646
[4641261] Could not find attributes for seiji kimura (Koninklijke Voetbal Club Westerlo, 2025)
[3591989] Failed to scrape lineup: https://www.transfermarkt.co.uk/southampton-fc_wolverhampton-wanderers/index/spielbericht/3591989
[4641261] Failed to build match row: Koninklijke Voetbal Club Westerlo vs FC Verbroedering Denderhoutem Denderleeuw Eendracht Hekelgem
[4624518] Failed to scrape lineup: https://www.transfermarkt.co.uk/bohemians-prague-1905_fc-banik-ostrava/index/spielbericht/4624518
[4362742] Could not find attributes for harry wilson (Fulham Football Club, 2024)
[4805865] Could not find attributes for matus maly (SK Sigma Olomouc, a.s., 2025)
[4362742] Failed to build match row: Fulham Football Club vs Manchester United Football Club
[4805865] Failed to build match row: SK Sigma Olomouc, a.s. vs 1. Fußball- und Sportverein Mainz 05
[4358708] Could not find attributes for zoran popovic (Železničar Pančevo, 2024)
[4358708] Failed to build match row: Železničar Pančevo vs Fudbalski Klub IMT Novi Beograd
[4410887] Could not find attributes for leandrinho (Al-Shabab Club, 2024)
[4410887] Failed to build match row: Al-Shabab Club vs Damac Football Club

Keepers & outfield error for **Venezia FC** in Venezia FC vs Football Club Internazionale Milano S.p.A.: Numbers: 0 and 11.
[3614676] Failed to build match row: Venezia FC vs Football Club Internazionale Milano S.p.A.
[3605495] Failed to scrape lineup: https://www.transfermarkt.co.uk/spielbericht/index/spielbericht/3605495

Keepers & outfield error for **Rayo Vallecano de Madrid S. A. D.** in Futbol Club Barcelona vs Rayo Vallecano de Madrid S. A. D.: Numbers: 2 and 9.
[4645913] Failed to build match row: Futbol Club Barcelona vs Rayo Vallecano de Madrid S. A. D.
[4205134] Could not find attributes for denys boyko (FK Polissya Zhytomyr, 2023)
[4205134] Failed to build match row: FK Polissya Zhytomyr vs FC Oleksandriya
[3583542] Failed to scrape lineup: https://www.transfermarkt.co.uk/spielbericht/index/spielbericht/3583542
[4368868] Could not find attributes for artur rudko (Chornomorets Odesa, 2024)
[4368868] Failed to build match row: Chornomorets Odesa vs Ingulets Petrove
[4393341] Could not find attributes for samuel moutoussamy (Sivasspor, 2024)
[4393341] Failed to build match row: Sivasspor vs Göztepe Sportif Yatırımlar A.Ş.
[4126964] Failed to scrape lineup: https://www.transfermarkt.co.uk/spielbericht/index/spielbericht/4126964
[3487671] Could not find attributes for sean wringe (Lothian Thistle Hutchison Vale FC, 2020)
[4096047] Could not find attributes for pavel kaderabek (Turn- und Sportgemeinschaft 1899 Hoffenheim Fußball-Spielbetriebs, 2023)
[4096047] Failed to build match row: Verein für Bewegungsspiele Stuttgart 1893 vs Turn- und Sportgemeinschaft 1899 Hoffenheim Fußball-Spielbetriebs
[3487671] Failed to build match row: Lothian Thistle Hutchison Vale FC vs St. Cuthbert Wanderers FC

Keepers & outfield error for **Eintracht Frankfurt Fußball AG** in FC Bayern München vs Eintracht Frankfurt Fußball AG: Numbers: 0 and 11.
[4634360] Failed to build match row: FC Bayern München vs Eintracht Frankfurt Fußball AG
[4506537] Could not find attributes for gerardo arteaga (Club de Fútbol Monterrey Rayados A.C., 2025)
[3430403] Could not find attributes for jonas elkjaer (FA 2000, 2020)
[4506537] Failed to build match row: Club Atlético River Plate vs Club de Fútbol Monterrey Rayados A.C.
[3430403] Failed to build match row: FA 2000 vs HB Köge
[4374119] Could not find attributes for nicolo savona (Juventus Football Club, 2024)
[4374119] Failed to build match row: Torino Calcio vs Juventus Football Club

Keepers & outfield error for **Hvidovre IF** in Hvidovre IF vs Fodbold Club Nordsjælland: Numbers: 3 and 8.
[4090262] Failed to build match row: Hvidovre IF vs Fodbold Club Nordsjælland
[4805866] Could not find attributes for martin zlomislic (Hrvatski Nogometni Klub Rijeka, 2025)
[4358709] Could not find attributes for vukasin jovanovic (FK Jedinstvo Ub, 2024)
[4805866] Failed to build match row: Hrvatski Nogometni Klub Rijeka vs Racing Club de Strasbourg Alsace
[4358709] Failed to build match row: FK Jedinstvo Ub vs Fudbalski Klub IMT Novi Beograd
[4150648] Could not find attributes for julian cuesta (Aris Thessalonikis, 2023)
[4404853] Could not find attributes for faycal fajr (Al-Taawoun Football Club, 2024)
[4150648] Failed to build match row: Aris Thessalonikis vs Athlitiki Enosi Konstantinoupoleos
[4368869] Could not find attributes for artem shabanov (FC Oleksandriya, 2024)
[4368869] Failed to build match row: FC Oleksandriya vs FK Obolon Kyiv
[4364521] Could not find attributes for dmitriy nagaev (Akron Togliatti, 2024)
[4364521] Failed to build match row: Akron Togliatti vs FC Rubin Kazan
[4717147] Could not find attributes for david abrangao (SpVgg Greuther Fürth, 2025)
[4645914] Could not find attributes for grady diangana (Elche Club de Fútbol S.A.D., 2025)
[4717147] Failed to build match row: SpVgg Greuther Fürth vs 1.FC Kaiserslautern
[4645914] Failed to build match row: Elche Club de Fútbol S.A.D. vs Real Club Deportivo Mallorca S.A.D.
[4648676] Could not find attributes for ponck (AVS Futebol SAD, 2025)

Keepers & outfield error for **Venezia FC** in Atalanta Bergamasca Calcio S.p.a. vs Venezia FC: Numbers: 0 and 11.
[4393342] Could not find attributes for lionel carole (Kayserispor Kulübü, 2024)
[3614677] Failed to build match row: Atalanta Bergamasca Calcio S.p.a. vs Venezia FC

Keepers & outfield error for **Al-Qadsiah Saudi Football Club** in Al-Qadsiah Saudi Football Club vs Al-Riyadh Saudi Club: Numbers: 2 and 9.
[4393342] Failed to build match row: Kayserispor Kulübü vs İstanbul Başakşehir Futbol Kulübü
[4410888] Failed to build match row: Al-Qadsiah Saudi Football Club vs Al-Riyadh Saudi Club
[4126965] Could not find attributes for vitaliy gudiev (Fakel Voronezh, 2023)
[4126965] Failed to build match row: Fakel Voronezh vs PFK CSKA Moskva
[3690081] Could not find attributes for mark bruintjes (Harkemase Boys, 2021)
[3690081] Failed to build match row: Harkemase Boys vs RKC Waalwijk
Not enough players found for lineup: 0, 11.
[3430404] Failed to scrape lineup: https://www.transfermarkt.co.uk/spielbericht/index/spielbericht/3430404
[3605496] Could not find attributes for david gigolaev (Mashuk-KMV Pyatigorsk, 2021)
[3605496] Failed to build match row: Mashuk-KMV Pyatigorsk vs FK Essentuki (-2023)
[3412986] Could not find attributes for mehmet aydin (FC Schalke 04, 2020)
[3412986] Failed to build match row: FC Schalke 04 vs Fußball-Club Augsburg 1907
[4205135] Could not find attributes for danylo varakuta (Chornomorets Odesa, 2023)

Keepers & outfield error for **Leeds United Association Football Club** in Nottingham Forest Football Club vs Leeds United Association Football Club: Numbers: 0 and 11.
[4205135] Failed to build match row: Chornomorets Odesa vs FC Zorya Lugansk
[4625880] Failed to build match row: Nottingham Forest Football Club vs Leeds United Association Football Club
[4624519] Could not find attributes for jakub uhrincat (FC Hradec Králové a.s., 2025)
[4624519] Failed to build match row: SK Slavia Praha, a.s. vs FC Hradec Králové a.s.
[4362743] Failed to scrape lineup: https://www.transfermarkt.co.uk/liverpool-fc_ipswich-town/index/spielbericht/4362743
[4634362] Could not find attributes for kacper potulski (1. Fußball- und Sportverein Mainz 05, 2025)
[4358710] Could not find attributes for strahinja manojlovic (Fudbalski Klub Radnički Niš, 2024)

Keepers & outfield error for **Galatasaray Spor Kulübü** in Alanyaspor vs Galatasaray Spor Kulübü: Numbers: 2 and 9.
[4528276] Could not find attributes for moises mosquera (Fútbol Club Juárez, 2024)
[4774926] Could not find attributes for dante baptiste (Wealdstone FC, 2025)
[4634362] Failed to build match row: 1. Fußball- und Sportverein Mainz 05 vs Hamburger Sport Verein
[4774926] Failed to build match row: Grimsby Town vs Wealdstone FC
[4528276] Failed to build match row: Club Atlético de San Luis vs Fútbol Club Juárez
[4358710] Failed to build match row: Fudbalski Klub Radnički Niš vs Železničar Pančevo
[4393343] Failed to build match row: Alanyaspor vs Galatasaray Spor Kulübü
[4368870] Could not find attributes for dmytro ledviy (FC Rukh Lviv, 2024)
[3433606] Could not find attributes for entonjo elezaj (FK Kukësi, 2020)
[3964647] Could not find attributes for rafa galvez (CF Intercity, 2022)
[3433606] Failed to build match row: FK Kukësi vs Verein für Leibesübungen Wolfsburg
[3964647] Failed to build match row: CF Intercity vs CD Mirandés
[4368870] Failed to build match row: FC Rukh Lviv vs Vorskla Poltava
[4704511] Could not find attributes for lucas poulsen (Sundby Boldklub, 2025)
[4150649] Could not find attributes for alexandros anagnostopoulos (Athlitiki Enosi Kifisias, 2023)
[4704511] Failed to build match row: Sundby Boldklub vs Vanlöse IF
[4150649] Failed to build match row: Athlitiki Enosi Kifisias vs Panetolikos Agrinio

Keepers & outfield error for **Futebol Clube de Famalicão** in Futebol Clube de Famalicão vs Grupo Desportivo Estoril Praia: Numbers: 2 and 9.
[4649491] Could not find attributes for mitchel frame (Aberdeen Football Club, 2025)
[4648677] Failed to build match row: Futebol Clube de Famalicão vs Grupo Desportivo Estoril Praia
[4649491] Failed to build match row: Motherwell Football Club vs Aberdeen Football Club
[4404854] Could not find attributes for faycal fajr (Al-Taawoun Football Club, 2024)
[4404854] Failed to build match row: Al-Taawoun Football Club vs Al-Khaleej Club (Saihat)
[4364522] Could not find attributes for vitaliy gudiev (Fakel Voronezh, 2024)
[3451633] Could not find attributes for andreas gruber (Linzer Athletik-Sport-Klub, 2020)
[4364522] Failed to build match row: Fakel Voronezh vs AO FK Zenit Sankt-Peterburg
[4410889] Could not find attributes for mohanad al qaydhi (Al-Okhdood Club, 2024)
[3451633] Failed to build match row: Linzer Athletik-Sport-Klub vs DAC Dunajska Streda

Keepers & outfield error for **Eintracht Frankfurt Fußball AG** in 1. Fußballclub Union Berlin vs Eintracht Frankfurt Fußball AG: Numbers: 2 and 9.
[4410889] Failed to build match row: Al-Okhdood Club vs Al-Wehda FC

Keepers & outfield error for **Associazione Sportiva Roma** in Bologna Football Club 1909 vs Associazione Sportiva Roma: Numbers: 0 and 11.
[4096049] Failed to build match row: 1. Fußballclub Union Berlin vs Eintracht Frankfurt Fußball AG
[3614678] Failed to build match row: Bologna Football Club 1909 vs Associazione Sportiva Roma
[3605497] Could not find attributes for nikolay moskalenko (Forte Taganrog, 2021)
[3605497] Failed to build match row: Forte Taganrog vs Druzhba Maikop
[4528278] Could not find attributes for emanuel gularte (Club de Futbol Puebla de La Franja, 2024)
[4528278] Failed to build match row: Club de Futbol Puebla de La Franja vs Club Universidad Nacional A. C.
[4641264] Could not find attributes for mathis servais (Yellow-Red Koninklijke Voetbalclub Mechelen, 2025)
[4641264] Failed to build match row: Royal Sporting Club Anderlecht vs Yellow-Red Koninklijke Voetbalclub Mechelen
Not enough players found for lineup: 0, 11.
[3430405] Failed to scrape lineup: https://www.transfermarkt.co.uk/spielbericht/index/spielbericht/3430405

Keepers & outfield error for **Levante Unión Deportiva S.A.D.** in Levante Unión Deportiva S.A.D. vs Real Oviedo S.A.D.: Numbers: 0 and 11.
[4648678] Failed to scrape lineup: https://www.transfermarkt.co.uk/fc-porto_cf-estrela-amadora/index/spielbericht/4648678
[4645916] Failed to build match row: Levante Unión Deportiva S.A.D. vs Real Oviedo S.A.D.
[4126966] Could not find attributes for nikita goylo (FK Sochi, 2023)
[4126966] Failed to build match row: FK Sochi vs FC Orenburg
[3911805] Failed to scrape lineup: https://www.transfermarkt.co.uk/spielbericht/index/spielbericht/3911805
[4362745] Failed to scrape lineup: https://www.transfermarkt.co.uk/southampton-fc_newcastle-united/index/spielbericht/4362745
[4393344] Could not find attributes for abdurrahim dursun (Antalyaspor, 2024)
[3860448] Could not find attributes for ismail yuksek (Fenerbahçe Spor Kulübü, 2022)
[4393344] Failed to build match row: Antalyaspor vs Çaykur Rizespor Kulübü
[4368871] Could not find attributes for oleksandr saputin (FC Zorya Lugansk, 2024)
[4649492] Could not find attributes for jack butland (Rangers Football Club, 2025)
[3860448] Failed to build match row: Fenerbahçe Spor Kulübü vs Istanbulspor
[4649492] Failed to build match row: Rangers Football Club vs Heart of Midlothian Football Club
[4368871] Failed to build match row: Futbolniy Klub Dynamo Kyiv vs FC Zorya Lugansk

Keepers & outfield error for **Atalanta Bergamasca Calcio S.p.a.** in Udinese Calcio vs Atalanta Bergamasca Calcio S.p.a.: Numbers: 2 and 9.
[4374120] Failed to build match row: Udinese Calcio vs Atalanta Bergamasca Calcio S.p.a.
[4625882] Could not find attributes for joao palhinha (Tottenham Hotspur Football Club, 2025)

Keepers & outfield error for **Al-Nassr Football Club** in Al-Nassr Football Club vs Al-Ahli Saudi Football Club: Numbers: 0 and 11.
[4404855] Failed to build match row: Al-Nassr Football Club vs Al-Ahli Saudi Football Club
[4625882] Failed to build match row: Tottenham Hotspur Football Club vs Manchester United Football Club
[4090263] Could not find attributes for pontus rodin (Silkeborg Idrætsforening, 2023)
[4410890] Could not find attributes for matteo dams (Al-Ahli Saudi Football Club, 2024)
[4410890] Failed to build match row: Al-Ahli Saudi Football Club vs Al-Taawoun Football Club
[4090263] Failed to build match row: Silkeborg Idrætsforening vs Aarhus Gymnastik Forening
[3598312] Could not find attributes for lior refaelov (Royal Sporting Club Anderlecht, 2021)
[3598312] Failed to build match row: Royal Sporting Club Anderlecht vs Royal Charleroi Sporting Club
[4206604] Could not find attributes for sergey aydarov (Rodina Moscow, 2023)
[4648679] Could not find attributes for nabil touaizi (Futebol Clube de Alverca, 2025)
[4624520] Could not find attributes for matous trmal (FK Teplice, a.s., 2025)
[4112917] Could not find attributes for arsen zakharyan (Real Sociedad de Fútbol S.A.D., 2023)
[4648679] Failed to build match row: Futebol Clube de Arouca vs Futebol Clube de Alverca
[4393345] Failed to scrape lineup: https://www.transfermarkt.co.uk/samsunspor_adana-demirspor/index/spielbericht/4393345
[4206604] Failed to build match row: Rodina Moscow vs Chernomorets Novorossijsk

Keepers & outfield error for **Arsenal Football Club** in Arsenal Football Club vs Liverpool Football Club: Numbers: 0 and 11.
[4624520] Failed to build match row: FK Teplice, a.s. vs FC Trinity Zlin
[3837218] Could not find attributes for billy van duijl (Football Club Volendam, 2022)
[4112917] Failed to build match row: Real Sociedad de Fútbol S.A.D. vs Valencia Club de Fútbol S. A. D.
[3837218] Failed to build match row: Football Club Volendam vs Nijmegen Eendracht Combinatie
[3430487] Failed to build match row: Arsenal Football Club vs Liverpool Football Club
[4150650] Could not find attributes for panagiotis retsos (Olympiakos Syndesmos Filathlon Peiraios, 2023)
[4582210] Failed to scrape lineup: https://www.transfermarkt.co.uk/cr-flamengo_clube-atletico-mineiro/index/spielbericht/4582210
[4150650] Failed to build match row: Olympiakos Syndesmos Filathlon Peiraios vs Volou Neos Podosferikos Syllogos
[4103486] Failed to scrape lineup: https://www.transfermarkt.co.uk/juventus-fc_bologna-fc-1909/index/spielbericht/4103486
[4649493] Failed to build match row: Aberdeen Football Club vs The Celtic Football Club
[3433607] Could not find attributes for bojan pavlovic (FK Borac Banja Luka, 2020)
[3433607] Failed to build match row: FK Borac Banja Luka vs Rio Ave Futebol Clube
[4645917] Could not find attributes for neal maupay (Sevilla Fútbol Club S.A.D., 2025)
[4645917] Failed to build match row: Sevilla Fútbol Club S.A.D. vs Valencia Club de Fútbol S. A. D.
[3860449] Could not find attributes for andreas bouchalakis (Konyaspor, 2022)
[3860449] Failed to build match row: Kasımpaşa A.Ş. vs Konyaspor
[4404856] Could not find attributes for milan borjan (Al-Riyadh Saudi Club, 2024)
[4404856] Failed to build match row: Al-Riyadh Saudi Club vs Al-Hilal Saudi Football Club
[4206605] Failed to scrape lineup: https://www.transfermarkt.co.uk/spielbericht/index/spielbericht/4206605
[4393346] Failed to scrape lineup: https://www.transfermarkt.co.uk/trabzonspor_hatayspor/index/spielbericht/4393346
[4126967] Could not find attributes for lucas fasson (Футбольный клуб "Локомотив" Москва, 2023)
[4126967] Failed to build match row: Футбольный клуб "Локомотив" Москва vs FK Rostov
[3451634] Could not find attributes for basil stillhart (FC St. Gallen 1879, 2020)
[3451634] Failed to build match row: FC St. Gallen 1879 vs Athlitiki Enosi Konstantinoupoleos
[4112918] Failed to scrape lineup: https://www.transfermarkt.co.uk/celta-de-vigo_athletic-bilbao/index/spielbericht/4112918
[3430982] Failed to scrape lineup: https://www.transfermarkt.co.uk/spielbericht/index/spielbericht/3430982
[3690083] Could not find attributes for stijn van gassel (Excelsior Rotterdam, 2021)
[4774927] Could not find attributes for dynel simeu (Oldham Athletic, 2025)
[3964648] Could not find attributes for libasse gueye (Pontevedra CF, 2022)
[4774927] Failed to build match row: Milton Keynes Dons vs Oldham Athletic
[3690083] Failed to build match row: Excelsior Rotterdam vs Football Club Groningen
[3964648] Failed to build match row: Pontevedra CF vs CD Tenerife

Keepers & outfield error for **Venezia FC** in Venezia FC vs Football Club Internazionale Milano S.p.A.: Numbers: 2 and 9.
[3606207] Could not find attributes for denis kniga (Yadro St. Petersburg, 2021)
[4374121] Failed to build match row: Venezia FC vs Football Club Internazionale Milano S.p.A.
[3606207] Failed to build match row: Yadro St. Petersburg vs Zvezda St. Petersburg
[3598313] Could not find attributes for lior refaelov (Royal Sporting Club Anderlecht, 2021)
[4368872] Could not find attributes for yakiv kinareykin (FK Karpaty Lviv, 2024)
[4358711] Could not find attributes for marko mijailovic (Fudbalski Klub Spartak Ždrepčeva krv, 2024)
[3433608] Failed to scrape lineup: https://www.transfermarkt.co.uk/spielbericht/index/spielbericht/3433608
[4368872] Failed to build match row: FK Karpaty Lviv vs FC Shakhtar Donetsk
[4645918] Failed to scrape lineup: https://www.transfermarkt.co.uk/celta-de-vigo_deportivo-alaves/index/spielbericht/4645918
[4358711] Failed to build match row: Fudbalski Klub Spartak Ždrepčeva krv vs Fudbalski Klub Partizan Beograd

Keepers & outfield error for **Al-Qadsiah Saudi Football Club** in Al-Qadsiah Saudi Football Club vs Al-Kholood Club: Numbers: 2 and 9.
[3598313] Failed to build match row: Club Brugge Koninklijke Voetbalvereniging vs Royal Sporting Club Anderlecht
[4410891] Failed to build match row: Al-Qadsiah Saudi Football Club vs Al-Kholood Club
[3860450] Failed to scrape lineup: https://www.transfermarkt.co.uk/adana-demirspor_kayserispor/index/spielbericht/3860450
[4704512] Could not find attributes for jeppe gertsen (Akademisk Boldklub, 2025)
[4704512] Failed to build match row: Akademisk Boldklub vs Boldklubben af 1893

Keepers & outfield error for **Wolverhampton Wanderers Football Club** in Wolverhampton Wanderers Football Club vs Arsenal Football Club: Numbers: 0 and 11.
[4362747] Failed to build match row: Wolverhampton Wanderers Football Club vs Arsenal Football Club

Keepers & outfield error for **FC Shakhtar Donetsk** in FC Shakhtar Donetsk vs KKS Lech Poznań Spółka Akcyjna: Numbers: 2 and 9.
[3837219] Could not find attributes for remko pasveer (AFC Ajax Amsterdam, 2022)
[4090264] Could not find attributes for srdjan kuzmic (Viborg Fodsports Forening, 2023)
[4624521] Could not find attributes for jan hanus (FK Jablonec a.s., 2025)
[4112919] Failed to scrape lineup: https://www.transfermarkt.co.uk/getafe-cf_atletico-de-madrid/index/spielbericht/4112919
[4150651] Could not find attributes for praxitelis vouros (Omilos Filathlon Irakliou FC, 2023)
[4090264] Failed to build match row: Viborg Fodsports Forening vs Brøndby Idrætsforening
[4805867] Failed to build match row: FC Shakhtar Donetsk vs KKS Lech Poznań Spółka Akcyjna
[3837219] Failed to build match row: AFC Ajax Amsterdam vs Football Club Groningen
[4624521] Failed to build match row: FK Jablonec a.s. vs AC Sparta Praha, a. s.
[3430983] Failed to scrape lineup: https://www.transfermarkt.co.uk/spielbericht/index/spielbericht/3430983
[3964649] Failed to scrape lineup: https://www.transfermarkt.co.uk/spielbericht/index/spielbericht/3964649
[4150651] Failed to build match row: Omilos Filathlon Irakliou FC vs Panathinaikos Athlitikos Omilos

Keepers & outfield error for **Impulsora del Deportivo Necaxa S.A. de C.V.** in Deportivo Toluca Futbol Club, S. A. de C. V. vs Impulsora del Deportivo Necaxa S.A. de C.V.: Numbers: 2 and 9.
[4528279] Failed to build match row: Deportivo Toluca Futbol Club, S. A. de C. V. vs Impulsora del Deportivo Necaxa S.A. de C.V.
[3412988] Could not find attributes for omer toprak (Sportverein Werder Bremen von 1899, 2020)
[3412988] Failed to build match row: Sportverein Werder Bremen von 1899 vs RasenBallsport Leipzig
[4096052] Failed to scrape lineup: https://www.transfermarkt.co.uk/1-fsv-mainz-05_rb-leipzig/index/spielbericht/4096052
[3887501] Failed to scrape lineup: https://www.transfermarkt.co.uk/spielbericht/index/spielbericht/3887501
[3598314] Failed to scrape lineup: https://www.transfermarkt.co.uk/oud-heverlee-leuven_krc-genk/index/spielbericht/3598314

Keepers & outfield error for **Elche Club de Fútbol S.A.D.** in Real Madrid Club de Fútbol vs Elche Club de Fútbol S.A.D.: Numbers: 0 and 11.
[4645919] Failed to build match row: Real Madrid Club de Fútbol vs Elche Club de Fútbol S.A.D.
[4404857] Could not find attributes for hazzaa al ghamdi (Damac Football Club, 2024)
[4624522] Failed to scrape lineup: https://www.transfermarkt.co.uk/1-fc-slovacko_sk-sigma-olomouc/index/spielbericht/4624522
[4410892] Could not find attributes for milan borjan (Al-Riyadh Saudi Club, 2024)
[4410892] Failed to build match row: Al-Riyadh Saudi Club vs Al-Orobah FC

[4126968] Could not find attributes for ilya pomazun (Ural Yekaterinburg, 2023)
[4126968] Failed to build match row: Ural Yekaterinburg vs FC Rubin Kazan
[4805868] Failed to scrape lineup: https://www.transfermarkt.co.uk/spielbericht/index/spielbericht/4805868
[4634363] Could not find attributes for luca reggiani (Borussia Dortmund, 2025)
[4634363] Failed to build match row: RasenBallsport Leipzig vs Borussia Dortmund
[4393347] Could not find attributes for luccas claro (Eyüp Spor Kulübü, 2024)
[4393347] Failed to build match row: Eyüp Spor Kulübü vs Konyaspor

Keepers & outfield error for **Manchester City Football Club** in Manchester City Football Club vs Arsenal Football Club: Numbers: 2 and 9.
[3591995] Failed to build match row: Manchester City Football Club vs Arsenal Football Club
[4368873] Could not find attributes for andrey kozhukhar (NK Veres Rivne, 2024)
[4368873] Failed to build match row: NK Veres Rivne vs FK Polissya Zhytomyr
[4404858] Failed to scrape lineup: https://www.transfermarkt.co.uk/al-fateh-sc_al-ettifaq-fc/index/spielbericht/4404858

Keepers & outfield error for **Genoa Cricket and Football Club** in Società Sportiva Lazio S.p.A. vs Genoa Cricket and Football Club: Numbers: 0 and 11.
[4358712] Could not find attributes for dragan rosic (Fudbalski Klub Vojvodina, 2024)
[3860451] Could not find attributes for gokhan akkan (MKE Ankaragücü, 2022)
[3631956] Could not find attributes for kire ristevski (AEL Limassol, 2021)
[4103487] Failed to build match row: Società Sportiva Lazio S.p.A. vs Genoa Cricket and Football Club
[4358712] Failed to build match row: Fudbalski Klub Vojvodina vs Fudbalski klub Napredak Kruševac
[3631956] Failed to build match row: AEL Limassol vs Qarabağ FK
[3860451] Failed to build match row: MKE Ankaragücü vs Antalyaspor
[4648680] Could not find attributes for benny (Moreirense Futebol Clube, 2025)
[4582211] Could not find attributes for newton (S. A. F. Botafogo, 2024)
[4648680] Failed to build match row: Moreirense Futebol Clube vs Sport Lisboa e Benfica
[4582211] Failed to build match row: S. A. F. Botafogo vs Sport Club Corinthians Paulista
[4528280] Could not find attributes for willer ditta (Club de Fútbol Cruz Azul S.A. de C.V., 2024)
[4649495] Could not find attributes for nikolaj moller (Dundee United Football Club, 2025)
[3614682] Failed to scrape lineup: https://www.transfermarkt.co.uk/inter-milan_spezia-calcio/index/spielbericht/3614682
[3837221] Failed to scrape lineup: https://www.transfermarkt.co.uk/sparta-rotterdam_az-alkmaar/index/spielbericht/3837221
[4649495] Failed to build match row: Hibernian Football Club vs Dundee United Football Club
[4528280] Failed to build match row: Club de Fútbol Cruz Azul S.A. de C.V. vs Club de Fútbol Monterrey Rayados A.C.
Not enough players found for lineup: 0, 11.
[3487672] Could not find attributes for gregor lamb (Penicuik Athletic FC, 2020)
[3583543] Could not find attributes for johannes kreidl (Kuopion Palloseura, 2021)
[4704513] Failed to scrape lineup: https://www.transfermarkt.co.uk/spielbericht/index/spielbericht/4704513
[3487672] Failed to build match row: Penicuik Athletic FC vs Musselburgh Athletic FC
[3583543] Failed to build match row: Kuopion Palloseura vs FC Noah Yerevan
[4506540] Could not find attributes for nikko boxall (Auckland City FC, 2025)
[4206606] Could not find attributes for david sangare (Akron Togliatti, 2023)
[4506540] Failed to build match row: Auckland City FC vs Club Atlético Boca Juniors
[4206606] Failed to build match row: Akron Togliatti vs Volgar Astrakhan

Keepers & outfield error for **Al-Qadsiah Saudi Football Club** in Al-Qadsiah Saudi Football Club vs Al-Shabab Club: Numbers: 2 and 9.
[4404859] Failed to build match row: Al-Qadsiah Saudi Football Club vs Al-Shabab Club
[3631957] Failed to scrape lineup: https://www.transfermarkt.co.uk/spielbericht/index/spielbericht/3631957
[4126969] Could not find attributes for denis adamov (AO FK Zenit Sankt-Peterburg, 2023)
[4126969] Failed to build match row: AO FK Zenit Sankt-Peterburg vs FK Baltika
l Club, 2025)
[4625884] Failed to build match row: Arsenal Football Club vs Tottenham Hotspur Football Club
[4410893] Could not find attributes for ayoub qasmi (Al-Raed SFC, 2024)
[3860452] Failed to scrape lineup: https://www.transfermarkt.co.uk/basaksehir-fk_umraniyespor/index/spielbericht/3860452
[4410893] Failed to build match row: Al-Raed SFC vs Al-Hilal Saudi Football Club
[4112920] Could not find attributes for marvin park (UD Las Palmas, 2023)
[4112920] Failed to build match row: UD Las Palmas vs Real Betis Balompié S.A.D.
[4582212] Failed to scrape lineup: https://www.transfermarkt.co.uk/sociedade-esportiva-palmeiras_gremio-foot-ball-porto-alegrense/index/spielbericht/4582212
[4393348] Could not find attributes for ali aytemur (Bodrum FK, 2024)
[4393348] Failed to build match row: Bodrum FK vs Kasımpaşa A.Ş.
[3887503] Could not find attributes for paulinho (Fodbold Club Midtjylland, 2022)
[3887503] Failed to build match row: Fodbold Club Midtjylland vs Sport Lisboa e Benfica
[4368874] Could not find attributes for andriy klishchuk (FK Kryvbas Kryvyi Rig, 2024)
[4368874] Failed to build match row: FK Kryvbas Kryvyi Rig vs Livyi Bereg Kyiv
[4096053] Could not find attributes for mark uth (1. Fußball-Club Köln, 2023)
borussia-dortmund/index/spielbericht/3412990
[3631966] Failed to scrape lineup: https://www.transfermarkt.co.uk/spielbericht/index/spielbericht/3631966
[4362749] Failed to scrape lineup: https://www.transfermarkt.co.uk/arsenal-fc_manchester-city/index/spielbericht/4362749
[4096053] Failed to build match row: 1. Fußball-Club Köln vs Fußball-Club Augsburg 1907
[4090265] Could not find attributes for dario osorio (Fodbold Club Midtjylland, 2023)
[4090265] Failed to build match row: Randers Fodbold Club vs Fodbold Club Midtjylland
[4358713] Could not find attributes for balsa popovic (Omladinski fudbalski klub Beograd, 2024)
[4358713] Failed to build match row: Omladinski fudbalski klub Beograd vs FK Radnički 1923 Kragujevac
[4112921] Failed to scrape lineup: https://www.transfermarkt.co.uk/sevilla-fc_cadiz-cf/index/spielbericht/4112921
[3851092] Could not find attributes for lior refaelov (Royal Sporting Club Anderlecht, 2022)
[4641269] Could not find attributes for kiki kouyate (Royal Antwerp Football Club, 2025)
[3851092] Failed to build match row: Royal Sporting Club Anderlecht vs KV Kortrijk
[4641269] Failed to build match row: St Truiden vs Royal Antwerp Football Club
[3690084] Could not find attributes for loek hamers (Roda JC Kerkrade, 2021)
[3690084] Failed to build match row: Go Ahead Eagles vs Roda JC Kerkrade
[4368876] Failed to scrape lineup: https://www.transfermarkt.co.uk/vorskla-poltava_livyi-bereg-kyiv/index/spielbericht/4368876
[3433609] Could not find attributes for alex ramsay (Bala Town, 2020)
[3433609] Failed to build match row: Royal Standard Club de Liège vs Bala Town
[4648681] Could not find attributes for noah saviolo (Vitória Sport Clube, 2025)
[4648681] Failed to build match row: Rio Ave Futebol Clube vs Vitória Sport Clube
[4641270] Failed to scrape lineup: https://www.transfermarkt.co.uk/kvc-westerlo_krc-genk/index/spielbericht/4641270
[3433610] Failed to scrape lineup: https://www.transfermarkt.co.uk/spielbericht/index/spielbericht/3433610
[3851093] Failed to scrape lineup: https://www.transfermarkt.co.uk/standard-liege_club-brugge-kv/index/spielbericht/3851093
[4774929] Failed to build match row: Fleetwood Town vs Luton Town

Keepers & outfield error for **FC Empoli** in AC Monza vs FC Empoli: Numbers: 2 and 9.
Not enough players found for lineup: 0, 11.
[3487673] Could not find attributes for lee sweeney (Banks O' Dee FC, 2020)
[4103489] Failed to build match row: AC Monza vs FC Empoli
 Donetsk, 2025)
[3487673] Failed to build match row: Banks O' Dee FC vs Vale of Leithen FC
[4704514] Failed to scrape lineup: https://www.transfermarkt.co.uk/spielbericht/index/spielbericht/4704514
[3606208] Failed to build match row: FC Shakhtar Donetsk vs Futbolniy Klub Dynamo Kyiv
[3887504] Could not find attributes for razak abalora (FC Sheriff Tiraspol, 2022)
[4634364] Could not find attributes for yannick gerhardt (Verein für Leibesübungen Wolfsburg, 2025)
[3887504] Failed to build match row: FC Viktoria Plzeň, a.s. vs FC Sheriff Tiraspol

Keepers & outfield error for **Association Football Club Bournemouth** in Association Football Club Bournemouth vs West Ham United Football Club: Numbers: 2 and 9.
[4634364] Failed to build match row: Verein für Leibesübungen Wolfsburg vs Fußball-Club Augsburg 1907
[4404860] Could not find attributes for ignacio de arruabarrena (Al-Wehda FC, 2024)
[4625885] Failed to build match row: Association Football Club Bournemouth vs West Ham United Football Club
[3433611] Failed to scrape lineup: https://www.transfermarkt.co.uk/spielbericht/index/spielbericht/3433611
[4404860] Failed to build match row: Al-Ittihad Football Club vs Al-Wehda FC
[4410894] Could not find attributes for hussain al zarie (Al-Fateh Club, 2024)
[4393349] Could not find attributes for emre tasdemir (Gaziantep Futbol Kulübü A.Ş., 2024)
[4582213] Could not find attributes for robert arboleda (São Paulo Futebol Clube, 2024)
[4410894] Failed to build match row: Al-Fateh Club vs Al-Shabab Club
[4393349] Failed to build match row: Gaziantep Futbol Kulübü A.Ş. vs Kayserispor Kulübü
[4582213] Failed to build match row: São Paulo Futebol Clube vs Fluminense Football Club
[3421768] Could not find attributes for nampalys mendy (Leicester City, 2020)
[3421768] Failed to build match row: Leicester City vs Fulham Football Club
[4648682] Could not find attributes for ponck (AVS Futebol SAD, 2025)
[3860453] Could not find attributes for emeka eze (Istanbulspor, 2022)
Clube
[3860453] Failed to build match row: Istanbulspor vs Galatasaray Spor Kulübü
[4704515] Failed to scrape lineup: https://www.transfermarkt.co.uk/spielbericht/index/spielbericht/4704515
[4445383] Could not find attributes for tristan degreef (Royal Sporting Club Anderlecht, 2024)
[4445383] Failed to build match row: Real Sociedad de Fútbol S.A.D. vs Royal Sporting Club Anderlecht
[4805869] Could not find attributes for zlatan alomerovic (AEK Larnaca, 2025)
[3614684] Failed to scrape lineup: https://www.transfermarkt.co.uk/us-salernitana-1919_juventus-fc/index/spielbericht/3614684
[4805869] Failed to build match row: AEK Larnaca vs Crystal Palace Football Club
[3583544] Could not find attributes for revaz chiteishvili (FC Dila Gori, 2021)
[3583544] Failed to build match row: FC Dila Gori vs MSK Zilina
[4368877] Could not find attributes for oleg kudryk (FK Polissya Zhytomyr, 2024)
[4368877] Failed to build match row: FK Polissya Zhytomyr vs FC Shakhtar Donetsk
[4112922] Could not find attributes for matija nastasic (Real Club Deportivo Mallorca S.A.D., 2023)
[3888987] Failed to scrape lineup: https://www.transfermarkt.co.uk/aris-thessaloniki_apo-levadiakos/index/spielbericht/3888987
[4112922] Failed to build match row: Club Atlético Osasuna vs Real Club Deportivo Mallorca S.A.D.
[4090266] Could not find attributes for anders jacobsen (Vejle Boldklub, 2023)
[4090266] Failed to build match row: Vejle Boldklub vs Odense Boldklub

Keepers & outfield error for **Sociedade Esportiva Palmeiras** in Sociedade Esportiva Palmeiras vs Al Ahly FC: Numbers: 0 and 11.
[4506832] Failed to build match row: Sociedade Esportiva Palmeiras vs Al Ahly FC
[4404861] Could not find attributes for ayoub qasmi (Al-Raed SFC, 2024)
[4404861] Failed to build match row: Al-Fayha FC vs Al-Raed SFC

Keepers & outfield error for **Watford FC** in Tottenham Hotspur Football Club vs Watford FC: Numbers: 2 and 9.
[3591998] Failed to build match row: Tottenham Hotspur Football Club vs Watford FC
[3421769] Failed to scrape lineup: https://www.transfermarkt.co.uk/manchester-city_burnley-fc/index/spielbericht/3421769
[4528281] Could not find attributes for oussama idrissi (Promotora del Club Pachuca S. A. de C. V., 2024)
[4528281] Failed to build match row: Promotora del Club Pachuca S. A. de C. V. vs Mazatlán Futbol Club

Keepers & outfield error for **Al-Nassr Football Club** in Al-Nassr Football Club vs Al-Ittihad Football Club: Numbers: 0 and 11.
[4410895] Failed to build match row: Al-Nassr Football Club vs Al-Ittihad Football Club
[4649496] Could not find attributes for babacar fati (Livingston Football Club, 2025)
[4649496] Failed to build match row: Livingston Football Club vs Falkirk Football & Athletic Club
[4362752] Could not find attributes for abdoulaye doucoure (Everton Football Club, 2024)
[4393350] Could not find attributes for arseniy batagov (Trabzonspor Kulübü, 2024)
[4362752] Failed to build match row: Everton Football Club vs Leicester City
[4393350] Failed to build match row: İstanbul Başakşehir Futbol Kulübü vs Trabzonspor Kulübü
[4625886] Could not find attributes for yegor yarmolyuk (Brentford Football Club, 2025)
[4634365] Could not find attributes for rani khedira (1. Fußballclub Union Berlin, 2025)

Keepers & outfield error for **Aarhus Gymnastik Forening** in Aarhus Gymnastik Forening vs Hvidovre IF: Numbers: 2 and 9.
[4090267] Failed to build match row: Aarhus Gymnastik Forening vs Hvidovre IF
[4634365] Failed to build match row: 1. Fußballclub Union Berlin vs Bayer 04 Leverkusen Fußball
[4625886] Failed to build match row: Brighton and Hove Albion Football Club vs Brentford Football Club
[4404862] Could not find attributes for norbert gyomber (Al-Kholood Club, 2024)
[4404862] Failed to build match row: Al-Kholood Club vs Al-Orobah FC
[4582214] Could not find attributes for jemmes (Mirasol Futebol Clube, 2024)
[4582214] Failed to build match row: Mirasol Futebol Clube vs Esporte Clube Vitória
[4374122] Failed to scrape lineup: https://www.transfermarkt.co.uk/atalanta-bc_ssc-napoli/index/spielbericht/4374122
[3860454] Could not find attributes for miha zajc (Fenerbahçe Spor Kulübü, 2022)
[3860454] Failed to build match row: Fenerbahçe Spor Kulübü vs Trabzonspor Kulübü
[4717151] Could not find attributes for marius funk (FC Energie Cottbus, 2025)
[4648683] Could not find attributes for antef tsoungui (Grupo Desportivo Estoril Praia, 2025)
[4648683] Failed to build match row: Grupo Desportivo Estoril Praia vs Moreirense Futebol Clube
[4717151] Failed to build match row: FC Energie Cottbus vs RasenBallsport Leipzig
[4649497] Failed to scrape lineup: https://www.transfermarkt.co.uk/rangers-fc_kilmarnock-fc/index/spielbericht/4649497
[4445384] Could not find attributes for mats hummels (Associazione Sportiva Roma, 2024)
[3839868] Could not find attributes for jeremie bela (Clermont Foot 63, 2022)
[4445384] Failed to build match row: Alkmaar Zaanstreek vs Associazione Sportiva Roma
[3839868] Failed to build match row: Olympique de Marseille vs Clermont Foot 63
[3964650] Could not find attributes for bryan zaragoza (Granada CF, 2022)
[3487675] Could not find attributes for david wilson (BSC Glasgow, 2020)
[3964650] Failed to build match row: Real Oviedo S.A.D. vs Granada CF
[3487675] Failed to build match row: BSC Glasgow vs Haddington Athletic FC
[4393351] Failed to scrape lineup: https://www.transfermarkt.co.uk/goztepe_eyupspor/index/spielbericht/4393351
[4150652] Failed to scrape lineup: https://www.transfermarkt.co.uk/panserraikos_asteras-tripolis/index/spielbericht/4150652
[4206607] Could not find attributes for nikolay moskalenko (Forte Taganrog, 2023)
[3860456] Failed to scrape lineup: https://www.transfermarkt.co.uk/fatih-karagumruk_adana-demirspor/index/spielbericht/3860456
[4634366] Failed to scrape lineup: https://www.transfermarkt.co.uk/fc-st-pauli_sv-werder-bremen/index/spielbericht/4634366
[3433612] Could not find attributes for gareth deane (Coleraine FC, 2020)
[4103491] Failed to scrape lineup: https://www.transfermarkt.co.uk/us-salernitana-1919_udinese-calcio/index/spielbericht/4103491
[4625887] Failed to scrape lineup: https://www.transfermarkt.co.uk/burnley-fc_chelsea-fc/index/spielbericht/4625887
[4368880] Could not find attributes for volodymyr makhankov (FK Kryvbas Kryvyi Rig, 2024)
[3433612] Failed to build match row: Coleraine FC vs Motherwell Football Club
[4206607] Failed to build match row: Forte Taganrog vs SKA Khabarovsk
[4368880] Failed to build match row: FK Kryvbas Kryvyi Rig vs FK Karpaty Lviv
[3421771] Failed to scrape lineup: https://www.transfermarkt.co.uk/west-bromwich-albion_sheffield-united/index/spielbericht/3421771
[3607523] Failed to scrape lineup: https://www.transfermarkt.co.uk/celta-de-vigo_real-sociedad/index/spielbericht/3607523
[3690085] Could not find attributes for indy groothuizen (FC Emmen, 2021)
[3690085] Failed to build match row: FC Emmen vs Excelsior Maassluis
[4641273] Failed to scrape lineup: https://www.transfermarkt.co.uk/krc-genk_kv-mechelen/index/spielbericht/4641273
[4150653] Could not find attributes for vasilios soulis (PAS Giannina, 2023)
[4150653] Failed to build match row: PAS Giannina vs APS Atromitos Athinon
[4634367] Failed to scrape lineup: https://www.transfermarkt.co.uk/1-fc-heidenheim-1846_vfb-stuttgart/index/spielbericht/4634367

Keepers & outfield error for **Club Santos Laguna S. A. de C. V.** in Club Santos Laguna S. A. de C. V. vs Club León Fútbol Club: Numbers: 3 and 8.
[4368881] Failed to scrape lineup: https://www.transfermarkt.co.uk/fc-oleksandriya_lnz-cherkasy/index/spielbericht/4368881
[4528283] Failed to build match row: Club Santos Laguna S. A. de C. V. vs Club León Fútbol Club
[4208068] Could not find attributes for praxitelis vouros (Omilos Filathlon Irakliou FC, 2023)
[4404863] Could not find attributes for ayoub qasmi (Al-Raed SFC, 2024)
[4208068] Failed to build match row: Omilos Filathlon Irakliou FC vs Athlitiki Enosi Kifisias
[4404863] Failed to build match row: Al-Raed SFC vs Al-Riyadh Saudi Club
[4410896] Could not find attributes for gabriel vareta (Al-Fayha FC, 2024)
[3860457] Could not find attributes for charilaos charisis (Sivasspor, 2022)
[3860457] Failed to build match row: Sivasspor vs Kasımpaşa A.Ş.
ub
[4096054] Failed to scrape lineup: https://www.transfermarkt.co.uk/tsg-1899-hoffenheim_bayer-04-leverkusen/index/spielbericht/4096054
[3911812] Could not find attributes for dijon kameri (Fußballclub Red Bull Salzburg, 2022)
[3911812] Failed to build match row: Fußballclub Red Bull Salzburg vs Associazione Calcio Milan
[4393352] Could not find attributes for rachid ghezzal (Çaykur Rizespor Kulübü, 2024)
[4582215] Could not find attributes for lucas villalba (Cruzeiro Esporte Clube, 2024)
[4393352] Failed to build match row: Çaykur Rizespor Kulübü vs Bodrum FK
[4582215] Failed to build match row: Cruzeiro Esporte Clube vs Ceará Sporting Club
[4362754] Failed to scrape lineup: https://www.transfermarkt.co.uk/manchester-united_crystal-palace/index/spielbericht/4362754
[4641274] Could not find attributes for yuto tsunashima (Royal Antwerp Football Club, 2025)
[4368882] Could not find attributes for oleksandr saputin (FC Zorya Lugansk, 2024)
[4090268] Could not find attributes for noah nartey (Brøndby Idrætsforening, 2023)
[4641274] Failed to build match row: Royal Antwerp Football Club vs FC Verbroedering Denderhoutem Denderleeuw Eendracht Hekelgem
[4368882] Failed to build match row: FC Zorya Lugansk vs Chornomorets Odesa
[4090268] Failed to build match row: Brøndby Idrætsforening vs Silkeborg Idrætsforening
[4208069] Failed to scrape lineup: https://www.transfermarkt.co.uk/spielbericht/index/spielbericht/4208069
[3860458] Failed to scrape lineup: https://www.transfermarkt.co.uk/alanyaspor_konyaspor/index/spielbericht/3860458
[3421772] Could not find attributes for trezeguet (Aston Villa Football Club, 2020)

Keepers & outfield error for **FC Andorra** in Levante Unión Deportiva S.A.D. vs FC Andorra: Numbers: 0 and 11.
[3421772] Failed to build match row: West Ham United Football Club vs Aston Villa Football Club
[3964651] Failed to build match row: Levante Unión Deportiva S.A.D. vs FC Andorra

Keepers & outfield error for **Wolverhampton Wanderers Football Club** in Wolverhampton Wanderers Football Club vs Manchester United Football Club: Numbers: 0 and 11.
[3487676] Could not find attributes for eachainn miller (Clachnacuddin FC, 2020)
[3592000] Failed to build match row: Wolverhampton Wanderers Football Club vs Manchester United Football Club
[4805871] Could not find attributes for cherif ndiaye (Samsunspor, 2025)
[3487676] Failed to build match row: Clachnacuddin FC vs Caledonian Braves FC
[4805871] Failed to build match row: Rayo Vallecano de Madrid S. A. D. vs Samsunspor
[3888988] Could not find attributes for dimitrios chatziisaias (APS Atromitos Athinon, 2022)
[3888988] Failed to build match row: APS Atromitos Athinon vs Omilos Filathlon Irakliou FC
[4717152] Could not find attributes for philipp forster (Karlsruher SC, 2025)
[4717152] Failed to build match row: Mönchengladbach vs Karlsruher SC
[3631967] Could not find attributes for matan baltaxa (Maccabi Tel Aviv, 2021)
[3631967] Failed to build match row: Maccabi Tel Aviv vs Spartak Trnava
[4624523] Could not find attributes for jakub lapes (MFK Karvina, 2025)
[3690086] Could not find attributes for tijjani noslin (Fortuna Sittardia Combinatie, 2021)
[4624523] Failed to build match row: MFK Karvina vs FK Dukla Praha a.s.
[3690086] Failed to build match row: Eindhovense Voetbalvereniging Philips Sport Vereniging vs Fortuna Sittardia Combinatie
[3451635] Could not find attributes for darko velkovski (Hrvatski Nogometni Klub Rijeka, 2020)
[3837234] Could not find attributes for remko pasveer (AFC Ajax Amsterdam, 2022)
[3451635] Failed to build match row: Hrvatski Nogometni Klub Rijeka vs FK Kolos Kovalivka
[3837234] Failed to build match row: Sparta Rotterdam vs AFC Ajax Amsterdam

Keepers & outfield error for **Levante Unión Deportiva S.A.D.** in Rayo Vallecano de Madrid S. A. D. vs Levante Unión Deportiva S.A.D.: Numbers: 0 and 11.
[4410897] Could not find attributes for konstantinos fortounis (Al-Khaleej Club (Saihat), 2024)
[4645921] Failed to build match row: Rayo Vallecano de Madrid S. A. D. vs Levante Unión Deportiva S.A.D.
[4410897] Failed to build match row: Al-Ettifaq Football Club vs Al-Khaleej Club (Saihat)
[4126970] Could not find attributes for evgeniy frolov (PFK Krylya Sovetov Samara, 2023)
[4126970] Failed to build match row: PFK Krylya Sovetov Samara vs RFK Akhmat Grozny
[4368883] Could not find attributes for oleksiy palamarchuk (Ingulets Petrove, 2024)
[4368883] Failed to build match row: Ingulets Petrove vs FK Kolos Kovalivka
[3583545] Could not find attributes for gunnar nielsen (FH Hafnarfjördur, 2021)
[3583545] Failed to build match row: Sligo Rovers vs FH Hafnarfjördur
[4090269] Could not find attributes for paulinho (Fodbold Club Midtjylland, 2023)
[4090269] Failed to build match row: Fodbold Club Midtjylland vs Vejle Boldklub

Keepers & outfield error for **Alanyaspor** in Antalyaspor vs Alanyaspor: Numbers: 2 and 9.
[3860460] Failed to build match row: Antalyaspor vs Alanyaspor
[3631968] Failed to scrape lineup: https://www.transfermarkt.co.uk/spielbericht/index/spielbericht/3631968
[4717153] Failed to scrape lineup: https://www.transfermarkt.co.uk/spielbericht/index/spielbericht/4717153
[4528284] Could not find attributes for matheus doria (Club de Futbol Rojinegros S.A. de C.V., 2024)
[3851094] Could not find attributes for vadis odjidja ofoe (Koninklijke Atletiek Associatie Gent, 2022)
[4528284] Failed to build match row: Club Tijuana Xoloitzcuintles de Caliente vs Club de Futbol Rojinegros S.A. de C.V.
[3851094] Failed to build match row: Koninklijke Racing Club Genk vs Koninklijke Atletiek Associatie Gent

Keepers & outfield error for **Leeds United Association Football Club** in Leeds United Association Football Club vs Aston Villa Football Club: Numbers: 0 and 11.
[4625889] Failed to build match row: Leeds United Association Football Club vs Aston Villa Football Club
[4634378] Could not find attributes for kacper potulski (1. Fußball- und Sportverein Mainz 05, 2025)
[4634378] Failed to build match row: Bayer 04 Leverkusen Fußball vs 1. Fußball- und Sportverein Mainz 05
[4645922] Failed to scrape lineup: https://www.transfermarkt.co.uk/deportivo-alaves_villarreal-cf/index/spielbericht/4645922
[4150654] Could not find attributes for alexei koselev (PAS Lamia 1964, 2023)
[4150654] Failed to build match row: PAS Lamia 1964 vs Panthessalonikios Athlitikos Omilos Konstantinoupoliton

Keepers & outfield error for **Galatasaray Spor Kulübü** in Galatasaray Spor Kulübü vs Antalyaspor: Numbers: 2 and 9.
[4393353] Failed to build match row: Galatasaray Spor Kulübü vs Antalyaspor

Keepers & outfield error for **Sport Club Internacional** in Sport Club Internacional vs Club de Regatas Vasco da Gama: Numbers: 0 and 11.
[4582216] Failed to build match row: Sport Club Internacional vs Club de Regatas Vasco da Gama
[3598319] Could not find attributes for mousa tamari (Oud-Heverlee Leuven, 2021)
[3598319] Failed to build match row: Koninklijke Atletiek Associatie Gent vs Oud-Heverlee Leuven
[4096055] Could not find attributes for tim kleindienst (1. Fußballclub Heidenheim 1846, 2023)
[4096055] Failed to build match row: 1. Fußballclub Heidenheim 1846 vs Verein für Bewegungsspiele Stuttgart 1893
[3888989] Could not find attributes for boris kleyman (Volou Neos Podosferikos Syllogos, 2022)
[3888989] Failed to build match row: Volou Neos Podosferikos Syllogos vs A.G.S Asteras Tripolis
[4126971] Could not find attributes for stanislav agkatsev (FK Krasnodar, 2023)
[4126971] Failed to build match row: FK Krasnodar vs FK Nizhny Novgorod
[4705681] Could not find attributes for neofytos michail (Pafos FC, 2025)
[4705681] Failed to build match row: Pafos FC vs Fudbalski klub Crvena zvezda Beograd

Keepers & outfield error for **Eintracht Frankfurt Fußball AG** in Eintracht Frankfurt Fußball AG vs Sport-Club Freiburg: Numbers: 0 and 11.
[4208070] Could not find attributes for kiril despodov (Panthessalonikios Athlitikos Omilos Konstantinoupoliton, 2023)
[4634379] Failed to build match row: Eintracht Frankfurt Fußball AG vs Sport-Club Freiburg
[4208070] Failed to build match row: Panthessalonikios Athlitikos Omilos Konstantinoupoliton vs Volou Neos Podosferikos Syllogos
[3412992] Failed to scrape lineup: https://www.transfermarkt.co.uk/rb-leipzig_sc-freiburg/index/spielbericht/3412992
[4393354] Failed to scrape lineup: https://www.transfermarkt.co.uk/fenerbahce_samsunspor/index/spielbericht/4393354
[4358714] Could not find attributes for uros spajic (Fudbalski klub Crvena zvezda Beograd, 2024)
[4358714] Failed to build match row: Fudbalski klub Crvena zvezda Beograd vs Fudbalski klub TSC Bačka Topola
[4641275] Could not find attributes for marley ake (Sportvereniging Zulte Waregem, 2025)
[4641275] Failed to build match row: Royal Standard Club de Liège vs Sportvereniging Zulte Waregem
[4648684] Could not find attributes for nabil touaizi (Futebol Clube de Alverca, 2025)
[4648684] Failed to build match row: Futebol Clube de Alverca vs Clube Desportivo Nacional
[4090270] Could not find attributes for conrad harder (Fodbold Club Nordsjælland, 2023)
[4090270] Failed to build match row: Fodbold Club Nordsjælland vs Randers Fodbold Club
[3598320] Failed to scrape lineup: https://www.transfermarkt.co.uk/kv-kortrijk_kas-eupen/index/spielbericht/3598320

Keepers & outfield error for **Galatasaray Spor Kulübü** in Alkmaar Zaanstreek vs Galatasaray Spor Kulübü: Numbers: 2 and 9.
[3888990] Failed to scrape lineup: https://www.transfermarkt.co.uk/olympiacos-piraeus_pas-giannina/index/spielbericht/3888990
[4624524] Could not find attributes for jan stejskal (FK Pardubice, 2025)

Keepers & outfield error for **Sporting Clube de Portugal** in Sporting Clube de Portugal vs Aberdeen Football Club: Numbers: 2 and 9.
[4404864] Could not find attributes for odion ighalo (Al-Wehda FC, 2024)
[4624524] Failed to build match row: FK Pardubice vs FC Viktoria Plzeň, a.s.
[4445386] Failed to build match row: Alkmaar Zaanstreek vs Galatasaray Spor Kulübü
[3451636] Failed to build match row: Sporting Clube de Portugal vs Aberdeen Football Club
[3487678] Could not find attributes for gav still (Deveronvale FC, 2020)
[4404864] Failed to build match row: Al-Wehda FC vs Al-Kholood Club
[3487678] Failed to build match row: Deveronvale FC vs Camelon Juniors FC

Keepers & outfield error for **Granada CF** in Granada CF vs Getafe Club de Fútbol S. A. D. Team Dubai: Numbers: 0 and 11.
[3607525] Failed to build match row: Granada CF vs Getafe Club de Fútbol S. A. D. Team Dubai
[4506833] Failed to scrape lineup: https://www.transfermarkt.co.uk/spielbericht/index/spielbericht/4506833
[3966855] Could not find attributes for paul jones (King's Lynn Town, 2022)
[3966855] Failed to build match row: King's Lynn Town vs Stevenage FC
[4410898] Could not find attributes for gabriel vareta (Al-Fayha FC, 2024)
[3433613] Could not find attributes for jimmy callacher (Linfield FC, 2020)
[4410898] Failed to build match row: Al-Fayha FC vs Al-Okhdood Club
[4358715] Failed to scrape lineup: https://www.transfermarkt.co.uk/fk-mladost-lucani_fk-cukaricki/index/spielbericht/4358715
[4634380] Failed to scrape lineup: https://www.transfermarkt.co.uk/borussia-dortmund_bayern-munich/index/spielbericht/4634380
[4393355] Failed to scrape lineup: https://www.transfermarkt.co.uk/konyaspor_besiktas-jk/index/spielbericht/4393355
[3433613] Failed to build match row: Linfield FC vs Floriana FC
[4705682] Failed to scrape lineup: https://www.transfermarkt.co.uk/spielbericht/index/spielbericht/4705682
[4150655] Could not find attributes for domagoj vida (Athlitiki Enosi Konstantinoupoleos, 2023)
[4150655] Failed to build match row: Athlitiki Enosi Konstantinoupoleos vs Panthessalonikios Athlitikos Omilos Konstantinoupoliton
[3860462] Could not find attributes for arthur masuaku (Beşiktaş Jimnastik Kulübü, 2022)
[3860462] Failed to build match row: Trabzonspor Kulübü vs Beşiktaş Jimnastik Kulübü
[4582217] Could not find attributes for wilker angel (Esporte Clube Juventude, 2024)
[4582217] Failed to build match row: Esporte Clube Bahia vs Esporte Clube Juventude
[4126972] Could not find attributes for igor leshchuk (FK Dinamo Moskva, 2023)
[4126972] Failed to build match row: FK Dinamo Moskva vs FK Spartak Moskva
[4096056] Could not find attributes for marcel schuhen (SV Darmstadt 98, 2023)
[4096056] Failed to build match row: SV Darmstadt 98 vs VfL Bochum

[3607526] Failed to build match row: Espanol vs Athletic Club Bilbao
[3888991] Failed to scrape lineup: https://www.transfermarkt.co.uk/panathinaikos-fc_ionikos-nikeas/index/spielbericht/3888991
[4358716] Failed to scrape lineup: https://www.transfermarkt.co.uk/fk-tekstilac-odzaci_fk-novi-pazar/index/spielbericht/4358716
[3598321] Failed to scrape lineup: https://www.transfermarkt.co.uk/standard-liege_kaa-gent/index/spielbericht/3598321
[4393356] Failed to scrape lineup: https://www.transfermarkt.co.uk/kasimpasa_alanyaspor/index/spielbericht/4393356
[4150656] Failed to scrape lineup: https://www.transfermarkt.co.uk/aris-thessaloniki_pas-giannina/index/spielbericht/4150656
[4805872] Could not find attributes for luka jovic (Athlitiki Enosi Konstantinoupoleos, 2025)
[4805872] Failed to build match row: Athlitiki Enosi Konstantinoupoleos vs NK Celje

Keepers & outfield error for **Wolverhampton Wanderers Football Club** in Wolverhampton Wanderers Football Club vs Aston Villa Football Club: Numbers: 0 and 11.
[4362757] Failed to build match row: Wolverhampton Wanderers Football Club vs Aston Villa Football Club
[4649498] Could not find attributes for jacob devaney (Saint Mirren Football Club, 2025)
[4126973] Failed to scrape lineup: https://www.transfermarkt.co.uk/spielbericht/index/spielbericht/4126973

Keepers & outfield error for **Aston Villa Football Club** in Aston Villa Football Club vs Newcastle United Football Club: Numbers: 0 and 11.
[4649498] Failed to build match row: Saint Mirren Football Club vs Heart of Midlothian Football Club
[3421773] Failed to build match row: Aston Villa Football Club vs Newcastle United Football Club
[4208071] Could not find attributes for stavro pilo (Athlitiki Enosi Konstantinoupoleos, 2023)
[4208071] Failed to build match row: Athlitiki Enosi Konstantinoupoleos vs Aris Thessalonikis
[3860463] Could not find attributes for gorkem saglam (Giresunspor, 2022)
[3860463] Failed to build match row: Giresunspor vs Sivasspor
[4096057] Failed to scrape lineup: https://www.transfermarkt.co.uk/bayern-munich_1-fc-heidenheim-1846/index/spielbericht/4096057
[4805873] Could not find attributes for matus maly (SK Sigma Olomouc, a.s., 2025)
[4805873] Failed to build match row: 1. Fußball- und Sportverein Mainz 05 vs SK Sigma Olomouc, a.s.
[4358717] Could not find attributes for stefan popovic (Fudbalski Klub Novi Pazar, 2024)
[3598322] Could not find attributes for lior refaelov (Royal Sporting Club Anderlecht, 2021)
[4126974] Failed to scrape lineup: https://www.transfermarkt.co.uk/spielbericht/index/spielbericht/4126974
[3911815] Failed to scrape lineup: https://www.transfermarkt.co.uk/spielbericht/index/spielbericht/3911815
[4358717] Failed to build match row: Fudbalski Klub Novi Pazar vs FK Jedinstvo Ub

Keepers & outfield error for **Al-Nassr Football Club** in Al-Nassr Football Club vs Al-Taawoun Football Club: Numbers: 0 and 11.
[3598322] Failed to build match row: Royal Sporting Club Anderlecht vs Cercle Brugge Koninklijke Sportvereniging
[3690088] Could not find attributes for luuk koopmans (ADO Den Haag, 2021)
[4410899] Failed to build match row: Al-Nassr Football Club vs Al-Taawoun Football Club
[4404865] Could not find attributes for gaetan coucke (Al-Orobah FC, 2024)
[4582218] Could not find attributes for magrao (Fortaleza Esporte Clube, 2024)

Keepers & outfield error for **Club Deportivo Guadalajara S. A. de C. V.** in Deportivo Toluca Futbol Club, S. A. de C. V. vs Club Deportivo Guadalajara S. A. de C. V.: Numbers: 3 and 8.
[4404865] Failed to build match row: Al-Orobah FC vs Al-Fateh Club
[3690088] Failed to build match row: ADO Den Haag vs VV Gemert
[3839872] Failed to scrape lineup: https://www.transfermarkt.co.uk/fc-toulouse_paris-saint-germain/index/spielbericht/3839872
[4645925] Failed to scrape lineup: https://www.transfermarkt.co.uk/fc-barcelona_sevilla-fc/index/spielbericht/4645925
[4582218] Failed to build match row: Fortaleza Esporte Clube vs Red Bull Bragantino
[3433614] Could not find attributes for ivica ivusic (NK Osijek s.d.d., 2020)

Keepers & outfield error for **Cercle Brugge Koninklijke Sportvereniging** in Cercle Brugge Koninklijke Sportvereniging vs KV Oostende: Numbers: 2 and 9.
[4528290] Failed to build match row: Deportivo Toluca Futbol Club, S. A. de C. V. vs Club Deportivo Guadalajara S. A. de C. V.
[3851096] Failed to build match row: Cercle Brugge Koninklijke Sportvereniging vs KV Oostende
[3433614] Failed to build match row: NK Osijek s.d.d. vs FC Basel 1893 AG
[4393357] Could not find attributes for tolga cigerci (Sivasspor, 2024)
[4368884] Could not find attributes for maksym mekhaniv (Livyi Bereg Kyiv, 2024)
[4393357] Failed to build match row: Hatayspor vs Sivasspor
[4368884] Failed to build match row: Futbolniy Klub Dynamo Kyiv vs Livyi Bereg Kyiv
[4649499] Could not find attributes for emmanuel danso (Livingston Football Club, 2025)
[3451637] Could not find attributes for andrea padula (FC Basel 1893 AG, 2020)
[3451637] Failed to build match row: FC Basel 1893 AG vs Anorthosis Famagusta
[4649499] Failed to build match row: The Celtic Football Club vs Livingston Football Club
[3583546] Could not find attributes for mihkel aksalu (Paide Linnameeskond, 2021)
[3583546] Failed to build match row: Slask Wroclaw vs Paide Linnameeskond
[3860464] Could not find attributes for ismail yuksek (Fenerbahçe Spor Kulübü, 2022)
[3860464] Failed to build match row: Fenerbahçe Spor Kulübü vs MKE Ankaragücü
[4208072] Could not find attributes for nikolaos papadopoulos (A.G.S Asteras Tripolis, 2023)
[4208072] Failed to build match row: A.G.S Asteras Tripolis vs Panserraikos Serres
[3487681] Could not find attributes for ross connelly (East Stirlingshire FC, 2020)
[3487681] Failed to build match row: East Stirlingshire FC vs Inverurie Loco Works FC
[3888992] Could not find attributes for konstantinos koulierakis (Panthessalonikios Athlitikos Omilos Konstantinoupoliton, 2022)
[3888992] Failed to build match row: Panthessalonikios Athlitikos Omilos Konstantinoupoliton vs Panetolikos Agrinio
[4805874] Failed to scrape lineup: https://www.transfermarkt.co.uk/spielbericht/index/spielbericht/4805874
[4410900] Could not find attributes for ayoub qasmi (Al-Raed SFC, 2024)
[4410900] Failed to build match row: Al-Raed SFC vs Al-Ittihad Football Club
[3592003] Failed to scrape lineup: https://www.transfermarkt.co.uk/chelsea-fc_southampton-fc/index/spielbericht/3592003
[3451638] Failed to scrape lineup: https://www.transfermarkt.co.uk/spielbericht/index/spielbericht/3451638
[3911816] Failed to scrape lineup: https://www.transfermarkt.co.uk/spielbericht/index/spielbericht/3911816
[4393358] Could not find attributes for tolga cigerci (Sivasspor, 2024)
[4393358] Failed to build match row: Sivasspor vs Adana Demirspor
spielbericht/index/spielbericht/4126975
[4368885] Could not find attributes for pavlo isenko (Vorskla Poltava, 2024)
[3421775] Failed to scrape lineup: https://www.transfermarkt.co.uk/burnley-fc_everton-fc/index/spielbericht/3421775
[4368885] Failed to build match row: Vorskla Poltava vs FC Zorya Lugansk
[3607527] Failed to scrape lineup: https://www.transfermarkt.co.uk/levante-ud_atletico-de-madrid/index/spielbericht/3607527
[3412995] Failed to scrape lineup: https://www.transfermarkt.co.uk/1-fc-union-berlin_arminia-bielefeld/index/spielbericht/3412995
[3860465] Could not find attributes for emeka eze (Istanbulspor, 2022)
[3860465] Failed to build match row: Istanbulspor vs İstanbul Başakşehir Futbol Kulübü
[3487683] Failed to scrape lineup: https://www.transfermarkt.co.uk/spielbericht/index/spielbericht/3487683
[4624525] Could not find attributes for ales mandous (FK Mladá Boleslav, a.s., 2025)

Keepers & outfield error for **Villarreal Club de Fútbol S.A.D.** in Valencia Club de Fútbol S. A. D. vs Villarreal Club de Fútbol S.A.D.: Numbers: 0 and 11.
[4364908] Failed to build match row: Valencia Club de Fútbol S. A. D. vs Villarreal Club de Fútbol S.A.D.
[4624525] Failed to build match row: FK Mladá Boleslav, a.s. vs FC Slovan Liberec
[4528291] Could not find attributes for jaime gomez (Querétaro Fútbol Club, 2024)
[4150657] Could not find attributes for nikolaos papadopoulos (A.G.S Asteras Tripolis, 2023)
[4528291] Failed to build match row: Querétaro Fútbol Club vs Club de Fútbol Monterrey Rayados A.C.
[4150657] Failed to build match row: A.G.S Asteras Tripolis vs PAS Lamia 1964
[4410901] Could not find attributes for gaetan coucke (Al-Orobah FC, 2024)
[4410901] Failed to build match row: Al-Orobah FC vs Al-Khaleej Club (Saihat)
[4404866] Could not find attributes for mohanad al qaydhi (Al-Okhdood Club, 2024)
[4208073] Could not find attributes for antonis stergiakis (Panetolikos Agrinio, 2023)
[4404866] Failed to build match row: Al-Okhdood Club vs Al-Qadsiah Saudi Football Club
[4208073] Failed to build match row: Panetolikos Agrinio vs Athens Kallithea
[3598324] Could not find attributes for lior refaelov (Royal Sporting Club Anderlecht, 2021)
[3598324] Failed to build match row: Koninklijke Atletiek Associatie Gent vs Royal Sporting Club Anderlecht
[4126976] Could not find attributes for nikita medvedev (FK Rostov, 2023)
[3430985] Could not find attributes for dylan rietveld (VV Noordwijk, 2020)
[4126976] Failed to build match row: FK Rostov vs Ural Yekaterinburg
[3430985] Failed to build match row: VV Noordwijk vs VV Sliedrecht
[3888993] Could not find attributes for athanasios garavelis (PAS Lamia 1964, 2022)
[3888993] Failed to build match row: PAS Lamia 1964 vs Athlitiki Enosi Konstantinoupoleos
[4624526] Could not find attributes for jan kral (SK Sigma Olomouc, a.s., 2025)
[4624526] Failed to build match row: SK Sigma Olomouc, a.s. vs FK Dukla Praha a.s.

Keepers & outfield error for **Alaves** in Real Madrid Club de Fútbol vs Alaves: Numbers: 0 and 11.
[4112924] Failed to build match row: Real Madrid Club de Fútbol vs Alaves
[3583547] Could not find attributes for mathias rosenorn (KÍ Klaksvík, 2021)
[4528292] Could not find attributes for oussama idrissi (Promotora del Club Pachuca S. A. de C. V., 2024)
[3583547] Failed to build match row: KÍ Klaksvík vs FC RFS
[4528292] Failed to build match row: Promotora del Club Pachuca S. A. de C. V. vs Club Universidad Nacional A. C.
[4582219] Could not find attributes for matheus alexandre (Sport Club do Recife, 2024)
[4404867] Could not find attributes for moussa dembele (Al-Ettifaq Football Club, 2024)
[4582219] Failed to build match row: Sport Club do Recife vs Santos Futebol Clube
[3860466] Could not find attributes for yasin ozcan (Kasımpaşa A.Ş., 2022)
[4368886] Could not find attributes for artem shabanov (FC Oleksandriya, 2024)
[4404867] Failed to build match row: Al-Ettifaq Football Club vs Al-Nassr Football Club
[3860466] Failed to build match row: Adana Demirspor vs Kasımpaşa A.Ş.
[4368886] Failed to build match row: FC Oleksandriya vs FK Kryvbas Kryvyi Rig
[4358718] Could not find attributes for lazar kalicanin (Fudbalski klub Čukarički Beograd, 2024)
[3966856] Could not find attributes for baba fernandes (Accrington Stanley, 2022)
[4358718] Failed to build match row: Fudbalski klub Čukarički Beograd vs FK Tekstilac Odzaci
[3966856] Failed to build match row: Accrington Stanley vs Barnet FC
[4648687] Failed to build match row: Vitória Sport Clube vs Gil Vicente Futebol Clube
[4645927] Could not find attributes for jose gaya (Valencia Club de Fútbol S. A. D., 2025)
[4645927] Failed to build match row: Real Oviedo S.A.D. vs Valencia Club de Fútbol S. A. D.
[3433615] Could not find attributes for martin jedlicka (DAC Dunajska Streda, 2020)
[3433615] Failed to build match row: DAC Dunajska Streda vs FK Jablonec a.s.
[3412996] Failed to scrape lineup: https://www.transfermarkt.co.uk/1-fsv-mainz-05_fc-schalke-04/index/spielbericht/3412996
[4634381] Could not find attributes for jovan milosevic (Sportverein Werder Bremen von 1899, 2025)

Keepers & outfield error for **Impulsora del Deportivo Necaxa S.A. de C.V.** in Impulsora del Deportivo Necaxa S.A. de C.V. vs Querétaro Fútbol Club: Numbers: 2 and 9.
[4404868] Could not find attributes for dimitrios kourbelis (Al-Khaleej Club (Saihat), 2024)
[4528294] Failed to build match row: Impulsora del Deportivo Necaxa S.A. de C.V. vs Querétaro Fútbol Club
[4506835] Could not find attributes for senny mayulu (Paris Saint-Germain Football Club, 2025)
[4634381] Failed to build match row: Sportverein Werder Bremen von 1899 vs 1. Fußballclub Heidenheim 1846
[4506835] Failed to build match row: Paris Saint-Germain Football Club vs S. A. F. Botafogo
[4404868] Failed to build match row: Al-Khaleej Club (Saihat) vs Al-Fayha FC
[3583548] Could not find attributes for kofi balmer (Larne FC, 2021)
[3598326] Could not find attributes for abdelkahar kadri (KV Kortrijk, 2021)
[4090272] Failed to scrape lineup: https://www.transfermarkt.co.uk/odense-boldklub_fc-copenhagen/index/spielbericht/4090272
[3583548] Failed to build match row: Larne FC vs Bala Town
[3430986] Could not find attributes for jorick maats (VV Staphorst, 2020)
[3430986] Failed to build match row: VV Staphorst vs ASWH Ambacht
[3598326] Failed to build match row: KV Kortrijk vs Club Brugge Koninklijke Voetbalvereniging
[4410902] Failed to scrape lineup: https://www.transfermarkt.co.uk/al-fateh-sc_al-hilal-sfc/index/spielbericht/4410902

Keepers & outfield error for **Manchester City Football Club** in Liverpool Football Club vs Manchester City Football Club: Numbers: 2 and 9.
[3690089] Could not find attributes for romain matthys (MVV Maastricht, 2021)
[4112926] Failed to scrape lineup: https://www.transfermarkt.co.uk/athletic-bilbao_granada-cf/index/spielbericht/4112926
[3592006] Failed to build match row: Liverpool Football Club vs Manchester City Football Club
[3690089] Failed to build match row: Prins Hendrik Ende Desespereert Nimmer Combinatie Zwolle vs MVV Maastricht
[3631969] Failed to scrape lineup: https://www.transfermarkt.co.uk/spielbericht/index/spielbericht/3631969
[4805875] Could not find attributes for isaque (FC Shakhtar Donetsk, 2025)
[4641277] Failed to scrape lineup: https://www.transfermarkt.co.uk/oud-heverlee-leuven_sint-truidense-vv/index/spielbericht/4641277
[4362761] Failed to scrape lineup: https://www.transfermarkt.co.uk/fulham-fc_nottingham-forest/index/spielbericht/4362761
[4805875] Failed to build match row: FC Shakhtar Donetsk vs Alkmaar Zaanstreek
[3607529] Failed to scrape lineup: https://www.transfermarkt.co.uk/rayo-vallecano_fc-barcelona/index/spielbericht/3607529
[3451647] Could not find attributes for anton yashkov (FK Polissya Zhytomyr, 2020)
[4126977] Failed to scrape lineup: https://www.transfermarkt.co.uk/spielbericht/index/spielbericht/4126977
[3421777] Could not find attributes for caoimhin kelleher (Liverpool Football Club, 2020)
[3487687] Could not find attributes for cammy bowden (Huntly FC, 2020)
[4774930] Could not find attributes for dominic odusanya (Chelmsford City, 2025)
[4506836] Failed to scrape lineup: https://www.transfermarkt.co.uk/spielbericht/index/spielbericht/4506836
[4634382] Failed to scrape lineup: https://www.transfermarkt.co.uk/vfb-stuttgart_vfl-wolfsburg/index/spielbericht/4634382
[3451647] Failed to build match row: FK Polissya Zhytomyr vs FC Minaj
[4774930] Failed to build match row: Chelmsford City vs Weston-super-Mare AFC
[3421777] Failed to build match row: Liverpool Football Club vs Wolverhampton Wanderers Football Club
[3487687] Failed to build match row: Huntly FC vs Dalbeattie Star FC
[4717155] Failed to scrape lineup: https://www.transfermarkt.co.uk/spielbericht/index/spielbericht/4717155
[3840008] Failed to scrape lineup: https://www.transfermarkt.co.uk/aj-auxerre_olympique-marseille/index/spielbericht/3840008
[4624527] Failed to scrape lineup: https://www.transfermarkt.co.uk/fc-slovan-liberec_fk-pardubice/index/spielbericht/4624527

Keepers & outfield error for **Associazione Sportiva Roma** in Associazione Sportiva Roma vs Football Club Internazionale Milano S.p.A.: Numbers: 0 and 11.
[3614694] Failed to build match row: Associazione Sportiva Roma vs Football Club Internazionale Milano S.p.A.
[4528295] Could not find attributes for moises mosquera (Fútbol Club Juárez, 2024)
[4528295] Failed to build match row: Fútbol Club Juárez vs Club de Futbol Puebla de La Franja

Keepers & outfield error for **Futebol Clube do Porto** in Clube Desportivo de Tondela vs Futebol Clube do Porto: Numbers: 0 and 11.
[4393359] Could not find attributes for jonas svensson (Beşiktaş Jimnastik Kulübü, 2024)
[4648689] Failed to build match row: Clube Desportivo de Tondela vs Futebol Clube do Porto
[4393359] Failed to build match row: Beşiktaş Jimnastik Kulübü vs Galatasaray Spor Kulübü
[3598327] Could not find attributes for zeno debast (Royal Sporting Club Anderlecht, 2021)

Keepers & outfield error for **UD Las Palmas** in Celta vs UD Las Palmas: Numbers: 2 and 9.
[4358719] Could not find attributes for veljko ilic (Fudbalski klub TSC Bačka Topola, 2024)
[3598327] Failed to build match row: Royal Sporting Club Anderlecht vs KAS Eupen
[4112927] Failed to build match row: Celta vs UD Las Palmas

Keepers & outfield error for **FC Shakhtar Donetsk** in FC Shakhtar Donetsk vs NK Veres Rivne: Numbers: 2 and 9.
[4358719] Failed to build match row: Fudbalski klub TSC Bačka Topola vs Fudbalski Klub Mladost Lučani
[4368887] Failed to build match row: FC Shakhtar Donetsk vs NK Veres Rivne
[4092049] Could not find attributes for aleksandr maksimenko (FK Spartak Moskva, 2023)
[4410903] Could not find attributes for matteo dams (Al-Ahli Saudi Football Club, 2024)
[4410903] Failed to build match row: Al-Ahli Saudi Football Club vs Al-Kholood Club
[4092049] Failed to build match row: FK Spartak Moskva vs FC Orenburg
[4641278] Could not find attributes for seiji kimura (Koninklijke Voetbal Club Westerlo, 2025)
[4641278] Failed to build match row: Koninklijke Voetbal Club Westerlo vs Koninklijke Atletiek Associatie Gent
[4649502] Could not find attributes for alexander schwolow (Heart of Midlothian Football Club, 2025)
[3583549] Failed to scrape lineup: https://www.transfermarkt.co.uk/spielbericht/index/spielbericht/3583549
[4649502] Failed to build match row: Heart of Midlothian Football Club vs Hibernian Football Club

Keepers & outfield error for **Eintracht Frankfurt Fußball AG** in Sportverein Werder Bremen von 1899 vs Eintracht Frankfurt Fußball AG: Numbers: 2 and 9.
[4096061] Failed to build match row: Sportverein Werder Bremen von 1899 vs Eintracht Frankfurt Fußball AG
[4582220] Could not find attributes for nonato (Fluminense Football Club, 2024)
[4582220] Failed to build match row: Fluminense Football Club vs Sociedade Esportiva Palmeiras
[4717156] Could not find attributes for rani khedira (1. Fußballclub Union Berlin, 2025)
[3851100] Failed to scrape lineup: https://www.transfermarkt.co.uk/kas-eupen_union-saint-gilloise/index/spielbericht/3851100
[4717156] Failed to build match row: 1. Fußballclub Union Berlin vs Arminia Bielefeld
[3860469] Failed to scrape lineup: https://www.transfermarkt.co.uk/istanbulspor_antalyaspor/index/spielbericht/3860469
[3690090] Failed to scrape lineup: https://www.transfermarkt.co.uk/spielbericht/index/spielbericht/3690090

Keepers & outfield error for **Club de Fútbol Monterrey Rayados A.C.** in Club de Fútbol Monterrey Rayados A.C. vs Club Tijuana Xoloitzcuintles de Caliente: Numbers: 0 and 11.
[4528299] Failed to build match row: Club de Fútbol Monterrey Rayados A.C. vs Club Tijuana Xoloitzcuintles de Caliente
[4112928] Could not find attributes for arsen zakharyan (Real Sociedad de Fútbol S.A.D., 2023)
[4624528] Could not find attributes for ales mandous (FK Mladá Boleslav, a.s., 2025)
[4112928] Failed to build match row: Getafe Club de Fútbol S. A. D. Team Dubai vs Real Sociedad de Fútbol S.A.D.
[4624528] Failed to build match row: AC Sparta Praha, a. s. vs FK Mladá Boleslav, a.s.
[4404870] Could not find attributes for francois kamano (Damac Football Club, 2024)
[4404870] Failed to build match row: Al-Ahli Saudi Football Club vs Damac Football Club

Keepers & outfield error for **Futebol Clube de Famalicão** in Futebol Clube de Famalicão vs Sporting Clube de Braga: Numbers: 2 and 9.
[4648690] Failed to build match row: Futebol Clube de Famalicão vs Sporting Clube de Braga
[3487688] Could not find attributes for mark mitchell (Jeanfield Swifts FC, 2020)
[3487688] Failed to build match row: Jeanfield Swifts FC vs University of Stirling FC
[4506837] Failed to scrape lineup: https://www.transfermarkt.co.uk/spielbericht/index/spielbericht/4506837
[3421779] Could not find attributes for nampalys mendy (Leicester City, 2020)
[3421779] Failed to build match row: Sheffield United vs Leicester City
[4705683] Could not find attributes for temirlan anarbekov (Kairat Almaty, 2025)
[4705683] Failed to build match row: Kairat Almaty vs The Celtic Football Club
[4805877] Could not find attributes for petros mantalos (Athlitiki Enosi Konstantinoupoleos, 2025)
[4805877] Failed to build match row: Rayo Vallecano de Madrid S. A. D. vs Athlitiki Enosi Konstantinoupoleos
[4126978] Failed to scrape lineup: https://www.transfermarkt.co.uk/spielbericht/index/spielbericht/4126978
[4393360] Could not find attributes for enes keskin (Alanyaspor, 2024)
[4393360] Failed to build match row: Antalyaspor vs Alanyaspor

Keepers & outfield error for **Wolverhampton Wanderers Football Club** in Liverpool Football Club vs Wolverhampton Wanderers Football Club: Numbers: 0 and 11.
[4362763] Failed to build match row: Liverpool Football Club vs Wolverhampton Wanderers Football Club
[3840009] Could not find attributes for maximiliano caufriez (Clermont Foot 63, 2022)
[3840009] Failed to build match row: Clermont Foot 63 vs Toulouse Football Club

Keepers & outfield error for **Fatih Karagümrük Sportif Faaliyetler San. Tic. A.Ş.** in Fatih Karagümrük Sportif Faaliyetler San. Tic. A.Ş. vs Ümraniyespor: Numbers: 0 and 11.
[3860470] Failed to build match row: Fatih Karagümrük Sportif Faaliyetler San. Tic. A.Ş. vs Ümraniyespor
[4404871] Could not find attributes for faycal fajr (Al-Taawoun Football Club, 2024)
[4404871] Failed to build match row: Al-Shabab Club vs Al-Taawoun Football Club
[3583550] Could not find attributes for davit kereselidze (FC Gagra, 2021)
[3583550] Failed to build match row: FC Gagra vs FK Sutjeska Niksic
[4528302] Could not find attributes for paul bellon (Club León Fútbol Club, 2024)
[4528302] Failed to build match row: Club León Fútbol Club vs Club Universidad Nacional A. C.
[4126979] Could not find attributes for anton shunin (FK Dinamo Moskva, 2023)
inon, 2023)
[4126979] Failed to build match row: FK Dinamo Moskva vs FK Nizhny Novgorod
[4150658] Failed to build match row: APS Atromitos Athinon vs Panetolikos Agrinio
[3412998] Failed to scrape lineup: https://www.transfermarkt.co.uk/sv-werder-bremen_1-fc-koln/index/spielbericht/3412998
[3430987] Could not find attributes for paul van der helm (Quick Boys, 2020)
[3430987] Failed to build match row: Quick Boys vs Roda '46 Leusden
[4358720] Failed to scrape lineup: https://www.transfermarkt.co.uk/fk-radnicki-1923-kragujevac_red-star-belgrade/index/spielbericht/4358720
[4103495] Failed to scrape lineup: https://www.transfermarkt.co.uk/inter-milan_acf-fiorentina/index/spielbericht/4103495
[3598328] Failed to scrape lineup: https://www.transfermarkt.co.uk/royal-antwerp-fc_cercle-brugge/index/spielbericht/3598328
[3966857] Could not find attributes for darren oldaker (Chesterfield FC, 2022)
[3966857] Failed to build match row: AFC Wimbledon vs Chesterfield FC
[4092050] Could not find attributes for sergey pesjakov (FK Rostov, 2023)
[4092050] Failed to build match row: FK Rostov vs Fakel Voronezh
[3690091] Could not find attributes for ozgur aktas (Sportclub Telstar, 2021)
[3690091] Failed to build match row: Sportclub Telstar vs SV Spakenburg
[4096062] Could not find attributes for philipp hofmann (VfL Bochum, 2023)
[4096062] Failed to build match row: VfL Bochum vs 1. Fußball-Club Köln
[3433617] Could not find attributes for nenad filipovic (Fudbalski klub TSC B[4393361] Could not find attributes for lionel carole (Kayserispor Kulübü, 2024)
[3888994] Could not find attributes for sergio araujo (Athlitiki Enosi Konstantinoupoleos, 2022)
[4634383] Failed to build match row: Mönchengladbach vs 1. Fußballclub Union Berlin
[4393361] Failed to build match row: Kayserispor Kulübü vs Hatayspor
 SC Fotbal Club FCSB SA
[3888994] Failed to build match row: Athlitiki Enosi Konstantinoupoleos vs Volou Neos Podosferikos Syllogos

Keepers & outfield error for **AVS Futebol SAD** in AVS Futebol SAD vs Sport Lisboa e Benfica: Numbers: 0 and 11.
[4368888] Failed to scrape lineup: https://www.transfermarkt.co.uk/kolos-kovalivka_rukh-lviv/index/spielbericht/4368888
[4648691] Failed to build match row: AVS Futebol SAD vs Sport Lisboa e Benfica
[3607531] Failed to scrape lineup: https://www.transfermarkt.co.uk/atletico-de-madrid_real-betis-balompie/index/spielbericht/3607531
[4641279] Failed to scrape lineup: https://www.transfermarkt.co.uk/club-brugge-kv_royal-antwerp-fc/index/spielbericht/4641279
[3631979] Failed to scrape lineup: https://www.transfermarkt.co.uk/spielbericht/index/spielbericht/3631979
[4404872] Could not find attributes for suhayb al zaid (Al-Fateh Club, 2024)
[4404872] Failed to build match row: Al-Fateh Club vs Al-Okhdood Club
[4649503] Failed to scrape lineup: https://www.transfermarkt.co.uk/kilmarnock-fc_st-mirren-fc/index/spielbericht/4649503
[4445389] Failed to scrape lineup: https://www.transfermarkt.co.uk/spielbericht/index/spielbericht/4445389
[4582221] Failed to scrape lineup: https://www.transfermarkt.co.uk/clube-de-regatas-vasco-da-gama_esporte-clube-bahia/index/spielbericht/4582221

Keepers & outfield error for **Alanyaspor** in Alanyaspor vs Galatasaray Spor Kulübü: Numbers: 2 and 9.
[4364912] Failed to scrape lineup: https://www.transfermarkt.co.uk/real-madrid_real-betis-balompie/index/spielbericht/4364912
[3860471] Failed to build match row: Alanyaspor vs Galatasaray Spor Kulübü
[3487689] Could not find attributes for david dey (Keith FC, 2020)
est-ham-united_brentford-fc/index/spielbericht/3592009
[4506838] Failed to scrape lineup: https://www.transfermarkt.co.uk/spielbericht/index/spielbericht/4506838
[3487689] Failed to build match row: Keith FC vs Fort William FC
[3851101] Failed to scrape lineup: https://www.transfermarkt.co.uk/kaa-gent_krc-genk/index/spielbericht/3851101
[4717157] Failed to scrape lineup: https://www.transfermarkt.co.uk/spielbericht/index/spielbericht/4717157
[4805879] Could not find attributes for rion ichihara (Alkmaar Zaanstreek, 2025)
[4805879] Failed to build match row: Alkmaar Zaanstreek vs FC Shakhtar Donetsk
[3888995] Could not find attributes for nikolaos papadopoulos (A.G.S Asteras Tripolis, 2022)
[3888995] Failed to build match row: A.G.S Asteras Tripolis vs Olympiakos Syndesmos Filathlon Peiraios

Keepers & outfield error for **Casa Pia Atlético Clube** in Casa Pia Atlético Clube vs Futebol Clube de Famalicão: Numbers: 3 and 8.
[3451648] Could not find attributes for roman zhmurko (Girnyk-Sport Gorishni Plavni, 2020)
[3451648] Failed to build match row: Girnyk-Sport Gorishni Plavni vs SC Dnipro-1
[4648692] Failed to build match row: Casa Pia Atlético Clube vs Futebol Clube de Famalicão

Keepers & outfield error for **Al-Nassr Football Club** in Al-Nassr Football Club vs Al-Wehda FC: Numbers: 0 and 11.
[4404873] Failed to build match row: Al-Nassr Football Club vs Al-Wehda FC
[3837390] Failed to scrape lineup: https://www.transfermarkt.co.uk/sc-heerenveen_fortuna-sittard/index/spielbericht/3837390
[4208074] Could not find attributes for giannis nikopolidis (Athlitiki Enosi Kifisias, 2023)
[4208074] Failed to build match row: Athlitiki Enosi Kifisias vs Omilos Filathlon Irakliou FC
[3583551] Could not find attributes for mickael meira (FC Petrocub Hincesti, 2021)
[3421781] Could not find attributes for branislav ivanovic (West Bromwich Albion, 2020)
[3583551] Failed to build match row: FC Petrocub Hincesti vs Sileks Kratovo
[3421781] Failed to build match row: West Bromwich Albion vs Crystal Palace Football Club
[4126980] Could not find attributes for aleksandr selikhov (FK Spartak Moskva, 2023)
[4126980] Failed to build match row: FK Spartak Moskva vs FK Krasnodar

Keepers & outfield error for **Paris Saint-Germain Football Club** in Football Club de Nantes vs Paris Saint-Germain Football Club: Numbers: 2 and 9.

Keepers & outfield error for **Venezia FC** in Venezia FC vs Verona Hellas Football Club: Numbers: 0 and 11.
[3614697] Failed to build match row: Venezia FC vs Verona Hellas Football Club
[3840010] Failed to build match row: Football Club de Nantes vs Paris Saint-Germain Football Club

Keepers & outfield error for **Al-Qadsiah Saudi Football Club** in Al-Qadsiah Saudi Football Club vs Al-Ahli Saudi Football Club: Numbers: 2 and 9.
[3598329] Could not find attributes for billal messaoudi (KV Kortrijk, 2021)
[4404874] Failed to build match row: Al-Qadsiah Saudi Football Club vs Al-Ahli Saudi Football Club
[3598329] Failed to build match row: Koninklijke Racing Club Genk vs KV Kortrijk
[4649504] Could not find attributes for jack butland (Rangers Football Club, 2025)
[4649504] Failed to build match row: Motherwell Football Club vs Rangers Football Club
[3412999] Could not find attributes for makoto hasebe (Eintracht Frankfurt Fußball AG, 2020)
[3412999] Failed to build match row: Verein für Bewegungsspiele Stuttgart 1893 vs Eintracht Frankfurt Fußball AG
[4368889] Could not find attributes for oleg kudryk (FK Polissya Zhytomyr, 2024)
[4368889] Failed to build match row: FK Polissya Zhytomyr vs FK Karpaty Lviv
[4528303] Could not find attributes for samir caetano (Mazatlán Futbol Club, 2024)
[4528303] Failed to build match row: Mazatlán Futbol Club vs Club de Fútbol Cruz Azul S.A. de C.V.
[4374126] Failed to scrape lineup: https://www.transfermarkt.co.uk/acf-fiorentina_torino-fc/index/spielbericht/4374126
[4103496] Could not find attributes for nikola krstovic (Unione Sportiva Lecce, 2023)
[4103496] Failed to build match row: Unione Sportiva Lecce vs US Salernitana 1919
[3690092] Could not find attributes for colin rosler (Nooit Opgeven Altijd Doorzetten Aangenaam Door Vermaak En Nuttig Door Ontspanning Combinatie Breda, 2021)
[3690092] Failed to build match row: Nooit Opgeven Altijd Doorzetten Aangenaam Door Vermaak En Nuttig Door Ontspanning Combinatie Breda vs Football Club Utrecht
[4624529] Could not find attributes for stanislav dostal (FC Trinity Zlin, 2025)
[4624529] Failed to build match row: FC Trinity Zlin vs 1. FC Slovácko

Keepers & outfield error for **Wolverhampton Wanderers Football Club** in Wolverhampton Wanderers Football Club vs Newcastle United Football Club: Numbers: 0 and 11.
[3592010] Failed to build match row: Wolverhampton Wanderers Football Club vs Newcastle United Football Club
[4625896] Failed to scrape lineup: https://www.transfermarkt.co.uk/chelsea-fc_arsenal-fc/index/spielbericht/4625896
[3451649] Could not find attributes for igor lytovka (Desna Chernigiv, 2020)
[3451649] Failed to build match row: Desna Chernigiv vs FC Rukh Lviv

Keepers & outfield error for **Sport Club Corinthians Paulista** in Sport Club Corinthians Paulista vs Cruzeiro Esporte Clube: Numbers: 0 and 11.
[4358721] Failed to scrape lineup: https://www.transfermarkt.co.uk/fk-napredak-krusevac_ofk-beograd/index/spielbericht/4358721
[3837391] Could not find attributes for remko pasveer (AFC Ajax Amsterdam, 2022)
[4582222] Failed to build match row: Sport Club Corinthians Paulista vs Cruzeiro Esporte Clube
[3837391] Failed to build match row: Football Club Utrecht vs AFC Ajax Amsterdam
[3966858] Failed to scrape lineup: https://www.transfermarkt.co.uk/spielbericht/index/spielbericht/3966858
[4649505] Could not find attributes for mitchel frame (Aberdeen Football Club, 2025)
[4649505] Failed to build match row: Aberdeen Football Club vs Dundee Football Club
[4404875] Could not find attributes for gaetan coucke (Al-Orobah FC, 2024)
[4404875] Failed to build match row: Al-Orobah FC vs Damac Football Club
[4092051] Failed to scrape lineup: https://www.transfermarkt.co.uk/dynamo-moscow_fc-krasnodar/index/spielbericht/4092051
[3607533] Could not find attributes for aleix vidal (Espanol, 2021)
[3607533] Failed to build match row: Getafe Club de Fútbol S. A. D. Team Dubai vs Espanol
[4208075] Could not find attributes for alexandros paschalakis (Olympiakos Syndesmos Filathlon Peiraios, 2023)
[4208075] Failed to build match row: Olympiakos Syndesmos Filathlon Peiraios vs Panathinaikos Athlitikos Omilos
[3434735] Could not find attributes for nikita chagrov (PFK Tambov (-2021), 2020)
[3434735] Failed to build match row: PFK Tambov (-2021) vs FK Spartak Moskva
[4368890] Could not find attributes for oleksiy palamarchuk (Ingulets Petrove, 2024)
[4368890] Failed to build match row: Ingulets Petrove vs FK Obolon Kyiv
[3911825] Failed to scrape lineup: https://www.transfermarkt.co.uk/spielbericht/index/spielbericht/3911825
[3632060] Failed to scrape lineup: https://www.transfermarkt.co.uk/spielbericht/index/spielbericht/3632060
[4445390] Failed to scrape lineup: https://www.transfermarkt.co.uk/spielbericht/index/spielbericht/4445390
[4404876] Could not find attributes for faycal fajr (Al-Taawoun Football Club, 2024)
[4404876] Failed to build match row: Al-Taawoun Football Club vs Al-Ettifaq Football Club
[3860472] Failed to scrape lineup: https://www.transfermarkt.co.uk/sivasspor_trabzonspor/index/spielbericht/3860472
[4506839] Failed to scrape lineup: https://www.transfermarkt.co.uk/spielbericht/index/spielbericht/4506839
[4717158] Failed to scrape lineup: https://www.transfermarkt.co.uk/spielbericht/index/spielbericht/4717158
[4364913] Failed to scrape lineup: https://www.transfermarkt.co.uk/ca-osasuna_celta-de-vigo/index/spielbericht/4364913
[3851102] Failed to scrape lineup: https://www.transfermarkt.co.uk/royal-antwerp-fc_club-brugge-kv/index/spielbericht/3851102
[3888996] Failed to scrape lineup: https://www.transfermarkt.co.uk/ionikos-nikeas_apo-levadiakos/index/spielbericht/3888996
 vs Club Tigres UANL Sinergia Deportiva S.A. de C.V.: Numbers: 2 and 9.
[4528304] Failed to build match row: Impulsora del Deportivo Necaxa S.A. de C.V. vs Club Tigres UANL Sinergia Deportiva S.A. de C.V.

Keepers & outfield error for **Levante Unión Deportiva S.A.D.** in Levante Unión Deportiva S.A.D. vs Sevilla Fútbol Club S.A.D.: Numbers: 0 and 11.
[4645932] Failed to build match row: Levante Unión Deportiva S.A.D. vs Sevilla Fútbol Club S.A.D.
[4648693] Failed to scrape lineup: https://www.transfermarkt.co.uk/gil-vicente-fc_gd-estoril-praia/index/spielbericht/4648693
[4150659] Could not find attributes for symeon papadopoulos (Volou Neos Podosferikos Syllogos, 2023)
[4150659] Failed to build match row: Volou Neos Podosferikos Syllogos vs Athlitiki Enosi Kifisias
[3598330] Failed to scrape lineup: https://www.transfermarkt.co.uk/royal-antwerp-fc_standard-liege/index/spielbericht/3598330
[4092052] Failed to scrape lineup: https://www.transfermarkt.co.uk/lokomotiv-moscow_rubin-kazan/index/spielbericht/4092052
[4634384] Failed to scrape lineup: https://www.transfermarkt.co.uk/fc-augsburg_1-fc-koln/index/spielbericht/4634384
[4705686] Failed to scrape lineup: https://www.transfermarkt.co.uk/spielbericht/index/spielbericht/4705686

Keepers & outfield error for **Santos Futebol Clube** in Santos Futebol Clube vs Sport Club Internacional: Numbers: 0 and 11.
[4208076] Failed to scrape lineup: https://www.transfermarkt.co.uk/spielbericht/index/spielbericht/4208076
[3413000] Failed to scrape lineup: https://www.transfermarkt.co.uk/borussia-dortmund_eintracht-frankfurt/index/spielbericht/3413000
[4096065] Failed to scrape lineup: https://www.transfermarkt.co.uk/sv-darmstadt-98_1-fsv-mainz-05/index/spielbericht/4096065
[4582223] Failed to build match row: Santos Futebol Clube vs Sport Club Internacional
[4374127] Failed to scrape lineup: https://www.transfermarkt.co.uk/hellas-verona_ss-lazio/index/spielbericht/4374127
[3690093] Failed to scrape lineup: https://www.transfermarkt.co.uk/spielbericht/index/spielbericht/3690093
[4624530] Failed to scrape lineup: https://www.transfermarkt.co.uk/fc-viktoria-plzen_fk-jablonec/index/spielbericht/4624530
[3592011] Failed to scrape lineup: https://www.transfermarkt.co.uk/arsenal-fc_crystal-palace/index/spielbericht/3592011
[4805880] Failed to scrape lineup: https://www.transfermarkt.co.uk/spielbericht/index/spielbericht/4805880
[4358722] Could not find attributes for nihad mujakic (Fudbalski Klub Partizan Beograd, 2024)
[3434736] Could not find attributes for mikhail kerzhakov (AO FK Zenit Sankt-Peterburg, 2020)
[4358722] Failed to build match row: Fudbalski Klub Partizan Beograd vs Fudbalski Klub Vojvodina
[4393362] Could not find attributes for nikola boranijasevic (Konyaspor, 2024)
[4404877] Could not find attributes for norbert gyomber (Al-Kholood Club, 2024)
[4641282] Could not find attributes for matties volckaert (Koninklijke Atletiek Associatie Gent, 2025)
[4393362] Failed to build match row: Konyaspor vs Gaziantep Futbol Kulübü A.Ş.
[4641282] Failed to build match row: Koninklijke Atletiek Associatie Gent vs St Truiden
[3583552] Could not find attributes for bojan zogovic (KF Vllaznia, 2021)
[3487692] Could not find attributes for liam mccathie (Newtongrange Star FC, 2020)
[3837392] Failed to scrape lineup: https://www.transfermarkt.co.uk/excelsior-rotterdam_psv-eindhoven/index/spielbericht/3837392
[3583552] Failed to build match row: KF Vllaznia vs NK Siroki Brijeg
[3487692] Failed to build match row: Newtongrange Star FC vs Rothes FC
[4129345] Could not find attributes for bruno petkovic (GNK Dinamo Zagreb, 2023)
[4129345] Failed to build match row: GNK Dinamo Zagreb vs FC Astana
[4582224] Failed to scrape lineup: https://www.transfermarkt.co.uk/red-bull-bragantino_cr-flamengo/index/spielbericht/4582224
[4506840] Could not find attributes for keanu cupido (Mamelodi Sundowns FC, 2025)
[4092053] Could not find attributes for giorgiy shelia (RFK Akhmat Grozny, 2023)
[4705687] Failed to scrape lineup: https://www.transfermarkt.co.uk/spielbericht/index/spielbericht/4705687
[4506840] Failed to build match row: Mamelodi Sundowns FC vs Borussia Dortmund
[4092053] Failed to build match row: RFK Akhmat Grozny vs PFK Krylya Sovetov Samara
[3860473] Could not find attributes for andreas bouchalakis (Konyaspor, 2022)
[4649506] Could not find attributes for alex oxlade chamberlain (The Celtic Football Club, 2025)
[3860473] Failed to build match row: Konyaspor vs Adana Demirspor
[3451650] Could not find attributes for ivan pitsan (PFC Prykarpattya Ivano-Frankivsk, 2020)
[4208077] Could not find attributes for julian cuesta (Aris Thessalonikis, 2023)

Keepers & outfield error for **Valencia Club de Fútbol S. A. D.** in Valencia Club de Fútbol S. A. D. vs Real Betis Balompié S.A.D.: Numbers: 2 and 9.
[3451650] Failed to build match row: PFC Prykarpattya Ivano-Frankivsk vs FK Kolos Kovalivka
[4368891] Could not find attributes for chijioke aniagboso (Chornomorets Odesa, 2024)
[4362768] Failed to scrape lineup: https://www.transfermarkt.co.uk/afc-bournemouth_wolverhampton-wanderers/index/spielbericht/4362768
[4208077] Failed to build match row: Aris Thessalonikis vs Athlitiki Enosi Konstantinoupoleos
[4112931] Failed to build match row: Valencia Club de Fútbol S. A. D. vs Real Betis Balompié S.A.D.
[4805881] Failed to scrape lineup: https://www.transfermarkt.co.uk/spielbericht/index/spielbericht/4805881
[4368891] Failed to build match row: Chornomorets Odesa vs LNZ Cherkasy
[3592012] Failed to scrape lineup: https://www.transfermarkt.co.uk/aston-villa_wolverhampton-wanderers/index/spielbericht/3592012
[4393363] Failed to scrape lineup: https://www.transfermarkt.co.uk/trabzonspor_goztepe/index/spielbericht/4393363
[3434737] Failed to scrape lineup: https://www.transfermarkt.co.uk/fc-sochi_fc-krasnodar/index/spielbericht/3434737
[4404878] Failed to scrape lineup: https://www.transfermarkt.co.uk/al-shabab-fc_al-raed-sfc/index/spielbericht/4404878
[3614700] Failed to scrape lineup: https://www.transfermarkt.co.uk/hellas-verona_atalanta-bc/index/spielbericht/3614700

Keepers & outfield error for **FC Paços de Ferreira** in FC Paços de Ferreira vs Larne FC: Numbers: 2 and 9.
[3636595] Failed to build match row: FC Paços de Ferreira vs Larne FC
[4410904] Could not find attributes for francois kamano (Damac Football Club, 2024)

Keepers & outfield error for **Granada CF** in Levante Unión Deportiva S.A.D. vs Granada CF: Numbers: 0 and 11.
[4410904] Failed to build match row: Al-Ettifaq Football Club vs Damac Football Club
[3607535] Failed to build match row: Levante Unión Deportiva S.A.D. vs Granada CF

Keepers & outfield error for **Clube Desportivo de Tondela** in Clube Desportivo de Tondela vs Club Football Estrela da Amadora: Numbers: 0 and 11.
[4648694] Failed to build match row: Clube Desportivo de Tondela vs Club Football Estrela da Amadora
[4445391] Could not find attributes for silviu smalenea (FC Petrocub Hincesti, 2024)
enschede-fc/index/spielbericht/3837393
[3888997] Could not find attributes for sonny stevens (Omilos Filathlon Irakliou FC, 2022)
[4641283] Failed to scrape lineup: https://www.transfermarkt.co.uk/zulte-waregem_cercle-brugge/index/spielbericht/4641283
[4129346] Failed to scrape lineup: https://www.transfermarkt.co.uk/spielbericht/index/spielbericht/4129346
[4774931] Could not find attributes for tyler miller (Bolton Wanderers, 2025)
[3888997] Failed to build match row: Omilos Filathlon Irakliou FC vs Panathinaikos Athlitikos Omilos
[3421785] Failed to scrape lineup: https://www.transfermarkt.co.uk/everton-fc_chelsea-fc/index/spielbericht/3421785
[4625899] Failed to scrape lineup: https://www.transfermarkt.co.uk/manchester-city_leeds-united/index/spielbericht/4625899
[4445391] Failed to build match row: İstanbul Başakşehir Futbol Kulübü vs FC Petrocub Hincesti
[4774931] Failed to build match row: Swindon Town vs Bolton Wanderers

Keepers & outfield error for **1. Fußball-Club Köln** in 1. Fußball-Club Köln vs FC Bayern München: Numbers: 0 and 11.
[4506841] Failed to scrape lineup: https://www.transfermarkt.co.uk/spielbericht/index/spielbericht/4506841
[4717160] Failed to build match row: 1. Fußball-Club Köln vs FC Bayern München
[4705688] Failed to scrape lineup: https://www.transfermarkt.co.uk/spielbericht/index/spielbericht/4705688
[3598332] Could not find attributes for robert bauer (St Truiden, 2021)
[3598332] Failed to build match row: Koninklijke Atletiek Associatie Gent vs St Truiden
[4582225] Could not find attributes for renzo saravia (Clube Atlético Mineiro, 2024)
[4208078] Failed to scrape lineup: https://www.transfermarkt.co.uk/spielbericht/index/spielbericht/4208078
[4582225] Failed to build match row: Clube Atlético Mineiro vs Fortaleza Esporte Clube
[4092054] Could not find attributes for nikolay zabolotnyi (FK Sochi, 2023)
[4092054] Failed to build match row: FK Sochi vs FK Baltika
[4649507] Failed to scrape lineup: https://www.transfermarkt.co.uk/dundee-united-fc_kilmarnock-fc/index/spielbericht/4649507
[4528305] Could not find attributes for alan cervantes (Club de Futbol América S. A. de C. V., 2024)
[4634386] Failed to scrape lineup: https://www.transfermarkt.co.uk/hamburger-sv_rb-leipzig/index/spielbericht/4634386
[4528305] Failed to build match row: Club de Futbol América S. A. de C. V. vs Deportivo Toluca Futbol Club, S. A. de C. V.
[3592013] Failed to scrape lineup: https://www.transfermarkt.co.uk/brentford-fc_chelsea-fc/index/spielbericht/3592013
[3434738] Failed to scrape lineup: https://www.transfermarkt.co.uk/arsenal-tula_fc-rostov/index/spielbericht/3434738
[4624531] Could not find attributes for jakub uhrincat (FC Hradec Králové a.s., 2025)
[4624531] Failed to build match row: FC Hradec Králové a.s. vs MFK Karvina
[3860474] Could not find attributes for arif kocaman (Kayserispor Kulübü, 2022)
[4368892] Could not find attributes for dmytro ledviy (FC Rukh Lviv, 2024)
[4404879] Failed to scrape lineup: https://www.transfermarkt.co.uk/al-ittihad-club_al-khaleej-fc/index/spielbericht/4404879
[3860474] Failed to build match row: Kayserispor Kulübü vs Kasımpaşa A.Ş.
[4358723] Could not find attributes for zoran popovic (Železničar Pančevo, 2024)
[4368892] Failed to build match row: FC Rukh Lviv vs Futbolniy Klub Dynamo Kyiv
[4358723] Failed to build match row: Železničar Pančevo vs Fudbalski Klub Spartak Ždrepčeva krv
[3911827] Could not find attributes for sead haksabanovic (The Celtic Football Club, 2022)
[4410905] Failed to scrape lineup: https://www.transfermarkt.co.uk/al-riyadh-sc_al-shabab-fc/index/spielbericht/4410905
[4641284] Failed to scrape lineup: https://www.transfermarkt.co.uk/kv-mechelen_standard-liege/index/spielbericht/4641284
[3911827] Failed to build match row: The Celtic Football Club vs RasenBallsport Leipzig
[4129347] Failed to scrape lineup: https://www.transfermarkt.co.uk/spielbericht/index/spielbericht/4129347
[3888998] Failed to scrape lineup: https://www.transfermarkt.co.uk/panetolikos-gfs_aris-thessaloniki/index/spielbericht/3888998

Keepers & outfield error for **Stockport County** in Charlton Athletic vs Stockport County: Numbers: 2 and 9.
[3966860] Failed to build match row: Charlton Athletic vs Stockport County
[3598333] Failed to scrape lineup: https://www.transfermarkt.co.uk/krc-genk_kv-mechelen/index/spielbericht/3598333
[3592014] Failed to scrape lineup: https://www.transfermarkt.co.uk/everton-fc_west-ham-united/index/spielbericht/3592014
[4805883] Failed to scrape lineup: https://www.transfermarkt.co.uk/spielbericht/index/spielbericht/4805883
[4705689] Failed to scrape lineup: https://www.transfermarkt.co.uk/spielbericht/index/spielbericht/4705689
[4648695] Could not find attributes for nabil touaizi (Futebol Clube de Alverca, 2025)
[4648695] Failed to build match row: Clube Desportivo Santa Clara vs Futebol Clube de Alverca
[4092055] Failed to scrape lineup: https://www.transfermarkt.co.uk/fc-pari-nizhniy-novgorod_zenit-st-petersburg/index/spielbericht/4092055
[4528306] Failed to scrape lineup: https://www.transfermarkt.co.uk/club-leon-fc_club-tijuana/index/spielbericht/4528306
[4649508] Could not find attributes for alexander schwolow (Heart of Midlothian Football Club, 2025)
[4649508] Failed to build match row: Heart of Midlothian Football Club vs Falkirk Football & Athletic Club
[4624532] Failed to scrape lineup: https://www.transfermarkt.co.uk/fc-banik-ostrava_fk-teplice/index/spielbericht/4624532
[4404880] Could not find attributes for milan borjan (Al-Riyadh Saudi Club, 2024)
[4404880] Failed to build match row: Al-Fayha FC vs Al-Riyadh Saudi Club
[4358724] Could not find attributes for nemanja belic (Fudbalski Klub IMT Novi Beograd, 2024)

Keepers & outfield error for **Grêmio Foot-Ball Porto Alegrense** in Grêmio Foot-Ball Porto Alegrense vs S. A. F. Botafogo: Numbers: 2 and 9.
[4358724] Failed to build match row: Fudbalski Klub IMT Novi Beograd vs Fudbalski Klub Radnički Niš
[4393365] Could not find attributes for luccas claro (Eyüp Spor Kulübü, 2024)
[3451651] Failed to build match row: Vorskla Poltava vs PFK Lviv
[4582226] Failed to build match row: Grêmio Foot-Ball Porto Alegrense vs S. A. F. Botafogo
[4393365] Failed to build match row: Eyüp Spor Kulübü vs İstanbul Başakşehir Futbol Kulübü
[4648696] Could not find attributes for joao aurelio (Clube Desportivo Nacional, 2025)
[4364914] Failed to scrape lineup: https://www.transfermarkt.co.uk/sevilla-fc_girona-fc/index/spielbericht/4364914
[4648696] Failed to build match row: Clube Desportivo Nacional vs Futebol Clube de Arouca

Keepers & outfield error for **Manchester United Football Club** in Leicester City vs Manchester United Football Club: Numbers: 2 and 9.
[4092056] Could not find attributes for ilya pomazun (Ural Yekaterinburg, 2023)
[3592015] Failed to build match row: Leicester City vs Manchester United Football Club
[4092056] Failed to build match row: Ural Yekaterinburg vs PFK CSKA Moskva
[4404881] Could not find attributes for milan borjan (Al-Riyadh Saudi Club, 2024)
[4404881] Failed to build match row: Al-Riyadh Saudi Club vs Al-Qadsiah Saudi Football Club
[3434739] Could not find attributes for vitaliy gudiev (RFK Akhmat Grozny, 2020)
[3434739] Failed to build match row: RFK Akhmat Grozny vs Ural Yekaterinburg
[3860475] Could not find attributes for arda guler (Fenerbahçe Spor Kulübü, 2022)
Football Club vs Al-Wehda FC: Numbers: 2 and 9.
[3860475] Failed to build match row: İstanbul Başakşehir Futbol Kulübü vs Fenerbahçe Spor Kulübü
[4410906] Failed to build match row: Al-Qadsiah Saudi Football Club vs Al-Wehda FC
[4705690] Could not find attributes for jan kral (SK Sigma Olomouc, a.s., 2025)
[3421788] Failed to scrape lineup: https://www.transfermarkt.co.uk/leicester-city_brighton-amp-hove-albion/index/spielbericht/3421788
[4705690] Failed to build match row: Malmö Fotbollförening vs SK Sigma Olomouc, a.s.
[4358725] Could not find attributes for vukasin jovanovic (FK Jedinstvo Ub, 2024)
[3430988] Could not find attributes for dani centen (De Treffers, 2020)
[4358725] Failed to build match row: FK Jedinstvo Ub vs Fudbalski Klub Radnički Niš
[3430988] Failed to build match row: De Treffers vs BVV Barendrecht
[3860476] Could not find attributes for gokhan akkan (MKE Ankaragücü, 2022)
[3860476] Failed to build match row: MKE Ankaragücü vs Giresunspor
[4404882] Could not find attributes for francois kamano (Damac Football Club, 2024)
[4404882] Failed to build match row: Damac Football Club vs Al-Shabab Club

Keepers & outfield error for **Associazione Sportiva Roma** in Associazione Sportiva Roma vs Spezia Calcio: Numbers: 0 and 11.
[3614703] Failed to build match row: Associazione Sportiva Roma vs Spezia Calcio
[3966861] Failed to scrape lineup: https://www.transfermarkt.co.uk/spielbericht/index/spielbericht/3966861
[3888999] Failed to scrape lineup: https://www.transfermarkt.co.uk/paok-thessaloniki_atromitos-athens/index/spielbericht/3888999
[3911828] Failed to scrape lineup: https://www.transfermarkt.co.uk/spielbericht/index/spielbericht/3911828
[4582227] Could not find attributes for ze marcos (Esporte Clube Vitória, 2024)
[4582227] Failed to build match row: Esporte Clube Vitória vs Sport Club do Recife

Keepers & outfield error for **Manchester City Football Club** in Manchester City Football Club vs Burnley Football Club: Numbers: 2 and 9.
[3592016] Failed to build match row: Manchester City Football Club vs Burnley Football Club
[4368893] Failed to scrape lineup: https://www.transfermarkt.co.uk/livyi-bereg-kyiv_fc-oleksandriya/index/spielbericht/4368893
[4129369] Failed to scrape lineup: https://www.transfermarkt.co.uk/spielbericht/index/spielbericht/4129369
[3598334] Failed to scrape lineup: https://www.transfermarkt.co.uk/rfc-seraing_kas-eupen/index/spielbericht/3598334
[3451652] Could not find attributes for dmytro makhnev (NK Veres Rivne, 2020)
[3451652] Failed to build match row: NK Veres Rivne vs MFK Mykolaiv
[4649509] Failed to scrape lineup: https://www.transfermarkt.co.uk/livingston-fc_rangers-fc/index/spielbericht/4649509
[4624533] Failed to scrape lineup: https://www.transfermarkt.co.uk/bohemians-prague-1905_sk-slavia-prague/index/spielbericht/4624533
[3487694] Failed to build match row: The Spartans FC vs East Kilbride FC

Keepers & outfield error for **FC Shakhtar Donetsk** in Crystal Palace Football Club vs FC Shakhtar Donetsk: Numbers: 2 and 9.
[4805885] Failed to build match row: Crystal Palace Football Club vs FC Shakhtar Donetsk

Keepers & outfield error for **Club Deportivo Guadalajara S. A. de C. V.** in Club Universidad Nacional A. C. vs Club Deportivo Guadalajara S. A. de C. V.: Numbers: 2 and 9.
[4393366] Could not find attributes for ruzgar adiyaman (Bodrum FK, 2024)
[4528307] Failed to build match row: Club Universidad Nacional A. C. vs Club Deportivo Guadalajara S. A. de C. V.
[4092057] Could not find attributes for aleksandr maksimenko (FK Spartak Moskva, 2023)
Not enough players found for lineup: 0, 0.
[4393366] Failed to build match row: Bodrum FK vs Fenerbahçe Spor Kulübü
[4092057] Failed to build match row: FK Spartak Moskva vs FK Baltika
[3430989] Failed to scrape lineup: https://www.transfermarkt.co.uk/spielbericht/index/spielbericht/3430989
[4358726] Could not find attributes for mihailo bogicevic (Fudbalski Klub Spartak Ždrepčeva krv, 2024)
[4358726] Failed to build match row: Fudbalski Klub Spartak Ždrepčeva krv vs Fudbalski Klub IMT Novi Beograd
[3598335] Could not find attributes for teddy alloh (KAS Eupen, 2021)
[3598335] Failed to build match row: Koninklijke Racing Club Genk vs KAS Eupen
[3636620] Could not find attributes for mansur (Clube Desportivo Santa Clara, 2021)
[3636620] Failed to build match row: Clube Desportivo Santa Clara vs NK Olimpija Ljubljana
[3434740] Could not find attributes for josip condric (Rotor Volgograd, 2020)
[3434740] Failed to build match row: Rotor Volgograd vs FC Rubin Kazan
[4404883] Could not find attributes for mohanad al qaydhi (Al-Okhdood Club, 2024)
[4404883] Failed to build match row: Al-Okhdood Club vs Al-Ittihad Football Club
[4129370] Could not find attributes for yuriy kendysh (FK Zalgiris Vilnius, 2023)
[4129370] Failed to build match row: Galatasaray Spor Kulübü vs FK Zalgiris Vilnius
[4364925] Failed to scrape lineup: https://www.transfermarkt.co.uk/club-brugge-kv_kv-mechelen/index/spielbericht/4364925

Keepers & outfield error for **Alanyaspor** in Adana Demirspor vs Alanyaspor: Numbers: 2 and 9.
[3860478] Failed to build match row: Adana Demirspor vs Alanyaspor
[4648697] Failed to scrape lineup: https://www.transfermarkt.co.uk/rio-ave-fc_fc-porto/index/spielbericht/4648697
[4625902] Failed to scrape lineup: https://www.transfermarkt.co.uk/tottenham-hotspur_fulham-fc/index/spielbericht/4625902
[4649510] Could not find attributes for jacob devaney (Saint Mirren Football Club, 2025)
[4649510] Failed to build match row: Saint Mirren Football Club vs Motherwell Football Club
[4445393] Failed to scrape lineup: https://www.transfermarkt.co.uk/spielbericht/index/spielbericht/4445393
[4410907] Failed to scrape lineup: https://www.transfermarkt.co.uk/al-shabab-fc_al-fayha-fc/index/spielbericht/4410907
[4358727] Could not find attributes for dragan rosic (Fudbalski Klub Vojvodina, 2024)
[4358727] Failed to build match row: Fudbalski Klub Vojvodina vs Železničar Pančevo
[4717480] Failed to scrape lineup: https://www.transfermarkt.co.uk/spielbericht/index/spielbericht/4717480

Keepers & outfield error for **FC Paços de Ferreira** in FC Paços de Ferreira vs Gil Vicente Futebol Clube: Numbers: 3 and 8.
[3636772] Failed to build match row: FC Paços de Ferreira vs Gil Vicente Futebol Clube
[4150660] Could not find attributes for praxitelis vouros (Omilos Filathlon Irakliou FC, 2023)
[4150660] Failed to build match row: Omilos Filathlon Irakliou FC vs Olympiakos Syndesmos Filathlon Peiraios
[3421789] Failed to scrape lineup: https://www.transfermarkt.co.uk/manchester-united_manchester-city/index/spielbericht/3421789
Not enough players found for lineup: 11, 0.
[3430990] Failed to scrape lineup: https://www.transfermarkt.co.uk/spielbericht/index/spielbericht/3430990
[3690094] Could not find attributes for rami al hajj (Sportclub Heerenveen, 2021)
[3690094] Failed to build match row: Sportclub Heerenveen vs De Treffers
[4634389] Could not find attributes for sheraldo becker (1. Fußball- und Sportverein Mainz 05, 2025)
[4645933] Could not find attributes for jose gaya (Valencia Club de Fútbol S. A. D., 2025)
[4634389] Failed to build match row: 1. Fußball- und Sportverein Mainz 05 vs Verein für Bewegungsspiele Stuttgart 1893
[4645933] Failed to build match row: Real Club Deportivo Mallorca S.A.D. vs Valencia Club de Fútbol S. A. D.
[4358728] Could not find attributes for balsa popovic (Omladinski fudbalski klub Beograd, 2024)
[3911829] Failed to scrape lineup: https://www.transfermarkt.co.uk/spielbericht/index/spielbericht/3911829
[4358728] Failed to build match row: Omladinski fudbalski klub Beograd vs Fudbalski Klub Partizan Beograd
[3614704] Failed to scrape lineup: https://www.transfermarkt.co.uk/us-sassuolo_ss-lazio/index/spielbericht/3614704
[4368894] Failed to scrape lineup: https://www.transfermarkt.co.uk/obolon-kyiv_shakhtar-donetsk/index/spielbericht/4368894
[4129371] Could not find attributes for andrey kudravets (BATE Borisov, 2023)
[4129371] Failed to build match row: BATE Borisov vs Aris Limassol
[3434741] Could not find attributes for bakhtiyor zaynutdinov (PFK CSKA Moskva, 2020)
[3860480] Could not find attributes for arthur masuaku (Beşiktaş Jimnastik Kulübü, 2022)
[3434741] Failed to build match row: PFK CSKA Moskva vs Футбольный клуб "Локомотив" Москва

Keepers & outfield error for **Sporting Clube de Portugal** in Sporting Clube de Portugal vs Moreirense Futebol Clube: Numbers: 0 and 11.
[3837396] Failed to scrape lineup: https://www.transfermarkt.co.uk/ajax-amsterdam_sc-cambuur-leeuwarden/index/spielbericht/3837396
[3860480] Failed to build match row: Antalyaspor vs Beşiktaş Jimnastik Kulübü
[4410908] Could not find attributes for faycal fajr (Al-Taawoun Football Club, 2024)
[4648698] Failed to build match row: Sporting Clube de Portugal vs Moreirense Futebol Clube
[4445394] Could not find attributes for veljko ilic (Fudbalski klub TSC Bačka Topola, 2024)
[4625904] Could not find attributes for yegor yarmolyuk (Brentford Football Club, 2025)
[4410908] Failed to build match row: Al-Taawoun Football Club vs Al-Orobah FC
[4445394] Failed to build match row: Koninklijke Atletiek Associatie Gent vs Fudbalski klub TSC Bačka Topola
[4625904] Failed to build match row: Arsenal Football Club vs Brentford Football Club
[4404884] Could not find attributes for odion ighalo (Al-Wehda FC, 2024)
[4404884] Failed to build match row: Al-Wehda FC vs Al-Fayha FC
[4774933] Could not find attributes for matthew garbett (Peterborough United, 2025)
[3487695] Failed to scrape lineup: https://www.transfermarkt.co.uk/spielbericht/index/spielbericht/3487695
[4774933] Failed to build match row: Peterborough United vs Barnsley FC
[4528308] Failed to scrape lineup: https://www.transfermarkt.co.uk/fc-juarez_cf-pachuca/index/spielbericht/4528308
[3851107] Failed to scrape lineup: https://www.transfermarkt.co.uk/sint-truidense-vv_kv-kortrijk/index/spielbericht/3851107
[4393367] Failed to scrape lineup: https://www.transfermarkt.co.uk/goztepe_gaziantep-fk/index/spielbericht/4393367
[4150661] Could not find attributes for bart schenkeveld (Panathinaikos Athlitikos Omilos, 2023)
[4092058] Failed to scrape lineup: https://www.transfermarkt.co.uk/fc-rostov_zenit-st-petersburg/index/spielbericht/4092058
[4150661] Failed to build match row: Panathinaikos Athlitikos Omilos vs Panserraikos Serres
[4112936] Failed to scrape lineup: https://www.transfermarkt.co.uk/fc-barcelona_valencia-cf/index/spielbericht/4112936
[4582228] Could not find attributes for rafael ramos (Ceará Sporting Club, 2024)
[4582228] Failed to build match row: Ceará Sporting Club vs Mirasol Futebol Clube
[3966862] Could not find attributes for christopher missilou (Hartlepool United, 2022)
[3966862] Failed to build match row: Hartlepool United vs Harrogate Town
[3889000] Could not find attributes for jerome prior (PAS Giannina, 2022)
[3889000] Failed to build match row: PAS Giannina vs PAS Lamia 1964
[4648699] Could not find attributes for joao moutinho (Sporting Clube de Braga, 2025)
[4358729] Could not find attributes for omri glazer (Fudbalski klub Crvena zvezda Beograd, 2024)
[4358729] Failed to build match row: Fudbalski klub Crvena zvezda Beograd vs Fudbalski klub Napredak Kruševac
[4648699] Failed to build match row: Vitória Sport Clube vs Sporting Clube de Braga
[4625905] Could not find attributes for veljko milosavljevic (Association Football Club Bournemouth, 2025)
[4625905] Failed to build match row: Association Football Club Bournemouth vs Everton Football Club
[3434742] Could not find attributes for ilya lantratov (FC Khimki (-2025), 2020)
dex/spielbericht/4805888
[3860481] Failed to build match row: Ümraniyespor vs Sivasspor
[3434742] Failed to build match row: FC Khimki (-2025) vs FK Dinamo Moskva
[4410909] Could not find attributes for norbert gyomber (Al-Kholood Club, 2024)
[4649511] Could not find attributes for dane murray (The Celtic Football Club, 2025)
[4410909] Failed to build match row: Al-Kholood Club vs Al-Raed SFC
[4649511] Failed to build match row: The Celtic Football Club vs Falkirk Football & Athletic Club
[3451667] Could not find attributes for yohan mollo (Panathinaikos Athlitikos Omilos, 2020)
[4445395] Could not find attributes for gelson martins (Olympiakos Syndesmos Filathlon Peiraios, 2024)
[3451667] Failed to build match row: Panathinaikos Athlitikos Omilos vs Apollon Smyrnis
[4624534] Failed to build match row: FK Dukla Praha a.s. vs FC Baník Ostrava a.s.
[4445395] Failed to build match row: Olympiakos Syndesmos Filathlon Peiraios vs Rangers Football Club
[4151667] Could not find attributes for sandi lovric (Udinese Calcio, 2023)
[4151667] Failed to build match row: Udinese Calcio vs US Catanzaro
[3430991] Failed to scrape lineup: https://www.transfermarkt.co.uk/spielbericht/index/spielbericht/3430991
[4645934] Failed to scrape lineup: https://www.transfermarkt.co.uk/real-oviedo_villarreal-cf/index/spielbericht/4645934
[4634390] Failed to scrape lineup: https://www.transfermarkt.co.uk/rb-leipzig_fc-augsburg/index/spielbericht/4634390
[3421790] Failed to scrape lineup: https://www.transfermarkt.co.uk/newcastle-united_west-bromwich-albion/index/spielbericht/3421790
[4358730] Could not find attributes for sasa stamenkovic (Fudbalski Klub Mladost Lučani, 2024)
[4358730] Failed to build match row: Fudbalski Klub Mladost Lučani vs FK Radnički 1923 Kragujevac
[4582229] Could not find attributes for wilker angel (Esporte Clube Juventude, 2024)
[4092059] Could not find attributes for matvey safonov (FK Krasnodar, 2023)

Keepers & outfield error for **Genoa Cricket and Football Club** in Torino Calcio vs Genoa Cricket and Football Club: Numbers: 0 and 11.
[4129372] Could not find attributes for anton ari einarsson (Breidablik Kópavogur, 2023)
[4364927] Failed to scrape lineup: https://www.transfermarkt.co.uk/beerschot-va_oud-heverlee-leuven/index/spielbericht/4364927
[3911830] Failed to scrape lineup: https://www.transfermarkt.co.uk/spielbericht/index/spielbericht/3911830
[4092059] Failed to build match row: FK Krasnodar vs FK Sochi
[4103500] Failed to build match row: Torino Calcio vs Genoa Cricket and Football Club

Keepers & outfield error for **İstanbul Başakşehir Futbol Kulübü** in İstanbul Başakşehir Futbol Kulübü vs Konyaspor: Numbers: 2 and 9.
[4582229] Failed to build match row: Esporte Clube Juventude vs São Paulo Futebol Clube
[4129372] Failed to build match row: Football Club København vs Breidablik Kópavogur
[4393368] Failed to build match row: İstanbul Başakşehir Futbol Kulübü vs Konyaspor
[4445396] Could not find attributes for gelson martins (Olympiakos Syndesmos Filathlon Peiraios, 2024)
[4506842] Could not find attributes for el mehdi benabid (Wydad Casablanca, 2025)
[4445396] Failed to build match row: Olympiakos Syndesmos Filathlon Peiraios vs Sporting Clube de Braga
[4649512] Could not find attributes for nikolaj moller (Dundee United Football Club, 2025)
[3592020] Failed to scrape lineup: https://www.transfermarkt.co.uk/watford-fc_liverpool-fc/index/spielbericht/3592020
[3889001] Could not find attributes for sergio araujo (Athlitiki Enosi Konstantinoupoleos, 2022)
[4648700] Could not find attributes for joao aurelio (Clube Desportivo Nacional, 2025)
[4368895] Failed to scrape lineup: https://www.transfermarkt.co.uk/karpaty-lviv_chornomorets-odesa/index/spielbericht/4368895
[4506842] Failed to build match row: Juventus Football Club vs Wydad Casablanca
[4649512] Failed to build match row: Dundee United Football Club vs Heart of Midlothian Football Club
[4624535] Could not find attributes for jan kral (SK Sigma Olomouc, a.s., 2025)
[4648700] Failed to build match row: Clube Desportivo Nacional vs Sporting Clube de Portugal
[3860482] Could not find attributes for arif bosluk (Trabzonspor Kulübü, 2022)
[3889001] Failed to build match row: Athlitiki Enosi Konstantinoupoleos vs PAS Giannina
[4805889] Could not find attributes for davide calabria (Panathinaikos Athlitikos Omilos, 2025)
[3851108] Could not find attributes for ibrahim diakite (KAS Eupen, 2022)
[3860482] Failed to build match row: Trabzonspor Kulübü vs MKE Ankaragücü
[3851108] Failed to build match row: KAS Eupen vs Koninklijke Voetbal Club Westerlo
[4624535] Failed to build match row: SK Sigma Olomouc, a.s. vs FC Slovan Liberec
[4805889] Failed to build match row: Panathinaikos Athlitikos Omilos vs FC Viktoria Plzeň, a.s.
[4404886] Could not find attributes for moussa dembele (Al-Ettifaq Football Club, 2024)

Keepers & outfield error for **Sporting Clube de Portugal** in Sporting Clube de Portugal vs Kairat Almaty: Numbers: 0 and 11.
[4404886] Failed to build match row: Al-Ettifaq Football Club vs Al-Raed SFC
[4528309] Failed to scrape lineup: https://www.transfermarkt.co.uk/queretaro-fc_puebla-fc/index/spielbericht/4528309
[4774934] Failed to scrape lineup: https://www.transfermarkt.co.uk/spielbericht/index/spielbericht/4774934
[4717483] Failed to build match row: Sporting Clube de Portugal vs Kairat Almaty
[3488577] Could not find attributes for devyne rensch (AFC Ajax Amsterdam, 2020)
[4410910] Failed to build match row: Al-Okhdood Club vs Al-Khaleej Club (Saihat)
[3488577] Failed to build match row: AFC Ajax Amsterdam vs Football Club Utrecht
[3434743] Could not find attributes for aleksandr belenov (FK Ufa, 2020)
[3434743] Failed to build match row: FK Ufa vs Rotor Volgograd
[3451668] Could not find attributes for lefteris choutesiotis (PAS Giannina, 2020)
[3451668] Failed to build match row: PAS Giannina vs Athlitiki Enosi Larisas
[3583553] Could not find attributes for haraldur bjornsson (Stjarnan Gardabaer, 2021)
[4364928] Failed to scrape lineup: https://www.transfermarkt.co.uk/rsc-anderlecht_sint-truidense-vv/index/spielbericht/4364928
[4208079] Could not find attributes for panagiotis vosniadis (Athens Kallithea, 2023)
[4112937] Failed to scrape lineup: https://www.transfermarkt.co.uk/real-betis-balompie_sevilla-fc/index/spielbericht/4112937
[3583553] Failed to build match row: Bohemian Football Club vs Stjarnan Gardabaer
[4362770] Failed to scrape lineup: https://www.transfermarkt.co.uk/aston-villa_chelsea-fc/index/spielbericht/4362770
[3421791] Could not find attributes for phil jagielka (Sheffield United, 2020)
[3421791] Failed to build match row: Southampton FC vs Sheffield United
[4208079] Failed to build match row: Athens Kallithea vs Panetolikos Agrinio
[4582230] Could not find attributes for bruno henrique (Clube de Regatas do Flamengo, 2024)
[4634391] Could not find attributes for vini souza (Verein für Leibesübungen Wolfsburg, 2025)
[4092060] Could not find attributes for bogdan ovsyannikov (PFK Krylya Sovetov Samara, 2023)
[4634391] Failed to build match row: Verein für Leibesübungen Wolfsburg vs Hamburger Sport Verein

Keepers & outfield error for **Eintracht Frankfurt Fußball AG** in Eintracht Frankfurt Fußball AG vs Verein für Bewegungsspiele Stuttgart 1893: Numbers: 2 and 9.
[4092060] Failed to build match row: PFK Krylya Sovetov Samara vs FK Dinamo Moskva
[4528310] Failed to scrape lineup: https://www.transfermarkt.co.uk/atlas-guadalajara_atletico-de-san-luis/index/spielbericht/4528310
[4103501] Could not find attributes for sandi lovric (Udinese Calcio, 2023)
[4582230] Failed to build match row: Clube de Regatas do Flamengo vs Sport Club do Recife

Keepers & outfield error for **Club Football Estrela da Amadora** in Club Football Estrela da Amadora vs FC Penafiel: Numbers: 0 and 11.
[4096069] Failed to build match row: Eintracht Frankfurt Fußball AG vs Verein für Bewegungsspiele Stuttgart 1893
[4103501] Failed to build match row: Udinese Calcio vs Frosinone Calcio
[3636773] Failed to build match row: Club Football Estrela da Amadora vs FC Penafiel
[4649513] Could not find attributes for jack butland (Rangers Football Club, 2025)
[3889002] Could not find attributes for julian cuesta (Aris Thessalonikis, 2022)
[4649513] Failed to build match row: Hibernian Football Club vs Rangers Football Club
[4445397] Could not find attributes for gelson martins (Olympiakos Syndesmos Filathlon Peiraios, 2024)
[3889002] Failed to build match row: Aris Thessalonikis vs Panthessalonikios Athlitikos Omilos Konstantinoupoliton
[4393369] Could not find attributes for tolga cigerci (Sivasspor, 2024)
[4410911] Could not find attributes for francois kamano (Damac Football Club, 2024)
[4445397] Failed to build match row: Olympiakos Syndesmos Filathlon Peiraios vs Football Club Twente
[4368896] Could not find attributes for yevgeniy kucherenko (LNZ Cherkasy, 2024)
[4393369] Failed to build match row: Çaykur Rizespor Kulübü vs Sivasspor
[4410911] Failed to build match row: Damac Football Club vs Al-Ittihad Football Club

Keepers & outfield error for **KV Oostende** in KV Oostende vs Royal Sporting Club Anderlecht: Numbers: 2 and 9.
[4368896] Failed to build match row: LNZ Cherkasy vs FK Polissya Zhytomyr
[3851109] Failed to build match row: KV Oostende vs Royal Sporting Club Anderlecht
[4362771] Could not find attributes for abdoulaye doucoure (Everton Football Club, 2024)
[4362771] Failed to build match row: Everton Football Club vs Manchester United Football Club
[4112938] Could not find attributes for chris ramos (Cádiz CF, 2023)
[3430993] Could not find attributes for nick borgman (HHC Hardenberg, 2020)
[4112938] Failed to build match row: Cádiz CF vs Real Club Deportivo Mallorca S.A.D.
[3488578] Could not find attributes for frederik helstrup (Almere City FC, 2020)
[3430993] Failed to build match row: HHC Hardenberg vs GVVV Veenendaal

Keepers & outfield error for **Elche Club de Fútbol S.A.D.** in Elche Club de Fútbol S.A.D. vs Club Atlético de Madrid S.A.D.: Numbers: 0 and 11.
[3488578] Failed to build match row: Almere City FC vs VVV-Venlo
[4645936] Failed to build match row: Elche Club de Fútbol S.A.D. vs Club Atlético de Madrid S.A.D.
[3583554] Could not find attributes for keston davies (The New Saints, 2021)
[4705694] Failed to scrape lineup: https://www.transfermarkt.co.uk/spielbericht/index/spielbericht/4705694
[3583554] Failed to build match row: The New Saints vs Glentoran FC
[4358731] Could not find attributes for miljan drincic (FK Tekstilac Odzaci, 2024)
[3840019] Failed to scrape lineup: https://www.transfermarkt.co.uk/angers-sco_montpellier-hsc/index/spielbericht/3840019

Keepers & outfield error for **Al-Ain FC** in Manchester City Football Club vs Al-Ain FC: Numbers: 2 and 9.
[4506843] Failed to build match row: Manchester City Football Club vs Al-Ain FC
[4358731] Failed to build match row: FK Tekstilac Odzaci vs Fudbalski klub TSC Bačka Topola
[4582231] Could not find attributes for philippe coutinho (Club de Regatas Vasco da Gama, 2024)
[4634392] Could not find attributes for rani khedira (1. Fußballclub Union Berlin, 2025)
[4582231] Failed to build match row: Club de Regatas Vasco da Gama vs São Paulo Futebol Clube
[4634392] Failed to build match row: 1. Fußballclub Union Berlin vs Sportverein Werder Bremen von 1899
[3434744] Failed to scrape lineup: https://www.transfermarkt.co.uk/ural-yekaterinburg_cska-moscow/index/spielbericht/3434744
[4129373] Could not find attributes for aleksa amanovic (FC Astana, 2023)
[3598336] Failed to scrape lineup: https://www.transfermarkt.co.uk/standard-liege_cercle-brugge/index/spielbericht/3598336
[4129373] Failed to build match row: FC Astana vs GNK Dinamo Zagreb
[4092061] Could not find attributes for giorgiy shelia (RFK Akhmat Grozny, 2023)
[3860485] Could not find attributes for kadir seven (Giresunspor, 2022)
[4624536] Could not find attributes for matous trmal (FK Teplice, a.s., 2025)
[4151669] Failed to scrape lineup: https://www.transfermarkt.co.uk/spielbericht/index/spielbericht/4151669
[3860485] Failed to build match row: Giresunspor vs Fenerbahçe Spor Kulübü

Keepers & outfield error for **Aston Villa Football Club** in Wolverhampton Wanderers Football Club vs Aston Villa Football Club: Numbers: 0 and 11.
[4216879] Could not find attributes for yuriy dyupin (FC Rubin Kazan, 2023)
[4092061] Failed to build match row: RFK Akhmat Grozny vs PFK CSKA Moskva
[4216879] Failed to build match row: FC Rubin Kazan vs FK Baltika
[4624536] Failed to build match row: FK Teplice, a.s. vs Bohemians Praha 1905, a.s.
[3421792] Failed to build match row: Wolverhampton Wanderers Football Club vs Aston Villa Football Club
[4364929] Could not find attributes for konstantinos karetsas (Koninklijke Racing Club Genk, 2024)
[4364929] Failed to build match row: Koninklijke Racing Club Genk vs Royal Standard Club de Liège
[4774935] Could not find attributes for edon pruti (Sutton United, 2025)
[4774935] Failed to build match row: Sutton United vs Shrewsbury Town

Keepers & outfield error for **Futebol Clube de Famalicão** in Futebol Clube de Famalicão vs Gil Vicente Futebol Clube: Numbers: 2 and 9.
[3451669] Could not find attributes for dimitrios goutas (APS Atromitos Athinon, 2020)
[4648702] Failed to build match row: Futebol Clube de Famalicão vs Gil Vicente Futebol Clube
[3451669] Failed to build match row: Panthessalonikios Athlitikos Omilos Konstantinoupoliton vs APS Atromitos Athinon
[4649514] Failed to scrape lineup: https://www.transfermarkt.co.uk/kilmarnock-fc_aberdeen-fc/index/spielbericht/4649514
[3889003] Failed to build match row: APS Atromitos Athinon vs Panetolikos Agrinio

Keepers & outfield error for **Trabzonspor Kulübü** in Fenerbahçe Spor Kulübü vs Trabzonspor Kulübü: Numbers: 2 and 9.
[4528311] Failed to scrape lineup: https://www.transfermarkt.co.uk/cf-monterrey_santos-laguna/index/spielbericht/4528311
[4393370] Failed to build match row: Fenerbahçe Spor Kulübü vs Trabzonspor Kulübü
[4129374] Failed to scrape lineup: https://www.transfermarkt.co.uk/spielbericht/index/spielbericht/4129374
[4717485] Could not find attributes for temirlan anarbekov (Kairat Almaty, 2025)
[4717485] Failed to build match row: Kairat Almaty vs Olympiakos Syndesmos Filathlon Peiraios
[3690466] Could not find attributes for gael ondoua (Hannover 96, 2021)
[3690466] Failed to build match row: Hannover 96 vs Mönchengladbach
[4634393] Could not find attributes for tomoya ando (Fußball-Club St. Pauli von 1910, 2025)
[4096071] Failed to scrape lineup: https://www.transfermarkt.co.uk/1-fc-koln_bayern-munich/index/spielbericht/4096071
[4634393] Failed to build match row: Fußball-Club St. Pauli von 1910 vs Eintracht Frankfurt Fußball AG
[3837400] Could not find attributes for mike van duinen (Excelsior Rotterdam, 2022)
[3837400] Failed to build match row: RKC Waalwijk vs Excelsior Rotterdam
[3421793] Failed to scrape lineup: https://www.transfermarkt.co.uk/arsenal-fc_southampton-fc/index/spielbericht/3421793
[4216880] Failed to scrape lineup: https://www.transfermarkt.co.uk/fakel-voronezh_spartak-moscow/index/spielbericht/4216880
[4624537] Failed to scrape lineup: https://www.transfermarkt.co.uk/fk-jablonec_fc-hradec-kralove/index/spielbericht/4624537

Keepers & outfield error for **Leeds United Association Football Club** in Leeds United Association Football Club vs Chelsea Football Club: Numbers: 0 and 11.
[4625909] Failed to build match row: Leeds United Association Football Club vs Chelsea Football Club
[4648703] Failed to scrape lineup: https://www.transfermarkt.co.uk/sl-benfica_cd-tondela/index/spielbericht/4648703
[4445398] Failed to scrape lineup: https://www.transfermarkt.co.uk/spielbericht/index/spielbericht/4445398
[4774936] Failed to scrape lineup: https://www.transfermarkt.co.uk/spielbericht/index/spielbericht/4774936
[4103502] Failed to scrape lineup: https://www.transfermarkt.co.uk/cagliari-calcio_udinese-calcio/index/spielbericht/4103502
[3592022] Failed to scrape lineup: https://www.transfermarkt.co.uk/brentford-fc_brighton-amp-hove-albion/index/spielbericht/3592022
[4362773] Failed to scrape lineup: https://www.transfermarkt.co.uk/ipswich-town_tottenham-hotspur/index/spielbericht/4362773
[3430994] Failed to build match row: SV Spakenburg vs AFC Amsterdam
[3860486] Could not find attributes for andreas bouchalakis (Konyaspor, 2022)
[4092062] Could not find attributes for yuriy dyupin (FC Rubin Kazan, 2023)
[3860486] Failed to build match row: Konyaspor vs Kayserispor Kulübü
[4092062] Failed to build match row: FC Rubin Kazan vs FC Orenburg
[4368897] Failed to scrape lineup: https://www.transfermarkt.co.uk/vorskla-poltava_kryvbas-kryvyi-rig/index/spielbericht/4368897
[3851110] Failed to scrape lineup: https://www.transfermarkt.co.uk/rsc-anderlecht_union-saint-gilloise/index/spielbericht/3851110
[4805891] Could not find attributes for taison (Panthessalonikios Athlitikos Omilos Konstantinoupoliton, 2025)
[4805891] Failed to build match row: Panthessalonikios Athlitikos Omilos Konstantinoupoliton vs Celta
[3583555] Could not find attributes for steve borg (Gzira United FC, 2021)
[3889004] Could not find attributes for boris kleyman (Volou Neos Podosferikos Syllogos, 2022)
[3583555] Failed to build match row: Gzira United FC vs UE Sant Julia
[4649515] Could not find attributes for babacar fati (Livingston Football Club, 2025)
[4649515] Failed to build match row: Livingston Football Club vs Motherwell Football Club
[4393371] Could not find attributes for tolga kalender (Adana Demirspor, 2024)
[3889004] Failed to build match row: Volou Neos Podosferikos Syllogos vs Omilos Filathlon Irakliou FC
[4393371] Failed to build match row: Adana Demirspor vs Kayserispor Kulübü
[4151670] Could not find attributes for tommaso corazza (Bologna Football Club 1909, 2023)
[4151670] Failed to build match row: Bologna Football Club 1909 vs Cesena FC
[4582232] Could not find attributes for maycon (Sport Club Corinthians Paulista, 2024)

Keepers & outfield error for **Venezia FC** in Parma Calcio 1913 vs Venezia FC: Numbers: 2 and 9.
[4582232] Failed to build match row: Sport Club Corinthians Paulista vs Grêmio Foot-Ball Porto Alegrense
[3434745] Could not find attributes for sergey ryzhikov (PFK Tambov (-2021), 2020)
[4358732] Could not find attributes for stefan popovic (Fudbalski Klub Novi Pazar, 2024)
[4374130] Failed to build match row: Parma Calcio 1913 vs Venezia FC
[3434745] Failed to build match row: PFK Tambov (-2021) vs Arsenal Tula
[4358732] Failed to build match row: Fudbalski Klub Novi Pazar vs Fudbalski klub Čukarički Beograd
[4705695] Could not find attributes for ibrahim ayew (Lincoln Red Imps FC, 2025)

Keepers & outfield error for **Aston Villa Football Club** in Aston Villa Football Club vs Burnley Football Club: Numbers: 0 and 11.
[4705695] Failed to build match row: Lincoln Red Imps FC vs Sporting Clube de Braga
[3421794] Failed to build match row: Aston Villa Football Club vs Burnley Football Club
[4216881] Could not find attributes for sergey pesjakov (FK Rostov, 2023)
[3488579] Could not find attributes for donis avdijaj (FC Emmen, 2020)

Keepers & outfield error for **Espanol** in Rayo Vallecano de Madrid S. A. D. vs Espanol: Numbers: 2 and 9.
[3598338] Could not find attributes for nayel mehssatou (KV Kortrijk, 2021)
[3488579] Failed to build match row: FC Emmen vs Football Club Groningen
[4648704] Could not find attributes for joao moutinho (Sporting Clube de Braga, 2025)

Keepers & outfield error for **Fatih Karagümrük Sportif Faaliyetler San. Tic. A.Ş.** in Fatih Karagümrük Sportif Faaliyetler San. Tic. A.Ş. vs Antalyaspor: Numbers: 0 and 11.
[4216881] Failed to build match row: FK Rostov vs Футбольный клуб "Локомотив" Москва
[4645938] Failed to build match row: Rayo Vallecano de Madrid S. A. D. vs Espanol
[3860487] Failed to build match row: Fatih Karagümrük Sportif Faaliyetler San. Tic. A.Ş. vs Antalyaspor
[3598338] Failed to build match row: KV Kortrijk vs Royal Sporting Club Anderlecht
[4648704] Failed to build match row: Sporting Clube de Braga vs AVS Futebol SAD

Keepers & outfield error for **Al-Nassr Football Club** in Al-Nassr Football Club vs Al-Fateh Club: Numbers: 0 and 11.
[4410913] Failed to build match row: Al-Nassr Football Club vs Al-Fateh Club
[3966866] Could not find attributes for rob street (Shrewsbury Town, 2022)
[3966866] Failed to build match row: Shrewsbury Town vs Peterborough United
[3583556] Could not find attributes for deividas mikelionis (FK Kauno Zalgiris, 2021)
[3583556] Failed to build match row: FK Kauno Zalgiris vs Europa FC

Keepers & outfield error for **Venezia FC** in Venezia FC vs Juventus Football Club: Numbers: 0 and 11.
[3614707] Failed to build match row: Venezia FC vs Juventus Football Club

Keepers & outfield error for **Olympique Lyonnais** in Olympique Lyonnais vs Eintracht Frankfurt Fußball AG: Numbers: 0 and 11.

Keepers & outfield error for **Sevilla Fútbol Club S.A.D.** in Sevilla Fútbol Club S.A.D. vs Manchester City Football Club: Numbers: 2 and 9.
[4445399] Failed to build match row: Olympique Lyonnais vs Eintracht Frankfurt Fußball AG
[4624538] Could not find attributes for milan heca (1. FC Slovácko, 2025)
[3911834] Failed to build match row: Sevilla Fútbol Club S.A.D. vs Manchester City Football Club
[4092063] Could not find attributes for aleksandr belenov (Fakel Voronezh, 2023)
[4634395] Could not find attributes for jahmai simpson pusey (1. Fußball-Club Köln, 2025)
[4358733] Could not find attributes for lazar kalicanin (Fudbalski klub Čukarički Beograd, 2024)
[4092063] Failed to build match row: Fakel Voronezh vs Футбольный клуб "Локомотив" Москва
[4634395] Failed to build match row: 1. Fußball-Club Köln vs Borussia Dortmund

Keepers & outfield error for **Brighton and Hove Albion Football Club** in Fulham Football Club vs Brighton and Hove Albion Football Club: Numbers: 0 and 11.
[4358733] Failed to build match row: Fudbalski klub Čukarički Beograd vs FK Jedinstvo Ub
[3421795] Failed to build match row: Fulham Football Club vs Brighton and Hove Albion Football Club
[4624538] Failed to build match row: 1. FC Slovácko vs SK Slavia Praha, a.s.
[4717486] Could not find attributes for derrick luckassen (Pafos FC, 2025)
[4216882] Could not find attributes for bogdan ovsyannikov (PFK Krylya Sovetov Samara, 2023)
[3598339] Could not find attributes for mousa tamari (Oud-Heverlee Leuven, 2021)
[3851111] Could not find attributes for osher davida (Royal Standard Club de Liège, 2022)
[3434746] Could not find attributes for mikhail kerzhakov (AO FK Zenit Sankt-Peterburg, 2020)
[4368898] Could not find attributes for oleksandr saputin (FC Zorya Lugansk, 2024)
[3690467] Could not find attributes for bastian oczipka (1. Fußballclub Union Berlin, 2021)
[3598339] Failed to build match row: Oud-Heverlee Leuven vs Royal Standard Club de Liège
[4216882] Failed to build match row: PFK Krylya Sovetov Samara vs FC Orenburg
[4717486] Failed to build match row: Pafos FC vs SK Slavia Praha, a.s.
[3851111] Failed to build match row: Royal Standard Club de Liège vs St Truiden

Keepers & outfield error for **Alanyaspor** in Alanyaspor vs Ümraniyespor: Numbers: 2 and 9.
[4705696] Could not find attributes for duje dujmovic (HSK Zrinjski Mostar, 2025)
[4368898] Failed to build match row: FC Zorya Lugansk vs FK Kolos Kovalivka
[4129375] Could not find attributes for Itamar Nitzan (Maccabi Haifa, 2023)
[3434746] Failed to build match row: FK Spartak Moskva vs AO FK Zenit Sankt-Peterburg
[3690467] Failed to build match row: Hertha BSC vs 1. Fußballclub Union Berlin
[3451670] Could not find attributes for jose cholevas (Olympiakos Syndesmos Filathlon Peiraios, 2020)
[4410914] Could not find attributes for milan borjan (Al-Riyadh Saudi Club, 2024)
[4129375] Failed to build match row: Maccabi Haifa vs FC Sheriff Tiraspol
[3860488] Failed to build match row: Alanyaspor vs Ümraniyespor
[4410914] Failed to build match row: Al-Ahli Saudi Football Club vs Al-Riyadh Saudi Club
[4705696] Failed to build match row: HSK Zrinjski Mostar vs Football Club Utrecht
[4582233] Could not find attributes for adonis frias (Santos Futebol Clube, 2024)

Keepers & outfield error for **Futebol Clube do Porto** in Futebol Clube do Porto vs Casa Pia Atlético Clube: Numbers: 0 and 11.
[3451670] Failed to build match row: Olympiakos Syndesmos Filathlon Peiraios vs A.G.S Asteras Tripolis
[4374131] Could not find attributes for mats hummels (Associazione Sportiva Roma, 2024)

Keepers & outfield error for **Unione Sportiva Sassuolo Calcio** in Frosinone Calcio vs Unione Sportiva Sassuolo Calcio: Numbers: 0 and 11.

Keepers & outfield error for **Levante Unión Deportiva S.A.D.** in Levante Unión Deportiva S.A.D. vs Getafe Club de Fútbol S. A. D. Team Dubai: Numbers: 0 and 11.
[4393373] Failed to build match row: Alanyaspor vs Bodrum FK
[4648705] Failed to build match row: Futebol Clube do Porto vs Casa Pia Atlético Clube

Keepers & outfield error for **Grupo Desportivo Estoril Praia** in Futebol Clube de Famalicão vs Grupo Desportivo Estoril Praia: Numbers: 0 and 11.
[4374131] Failed to build match row: Associazione Sportiva Roma vs Genoa Cricket and Football Club
[4645939] Failed to build match row: Levante Unión Deportiva S.A.D. vs Getafe Club de Fútbol S. A. D. Team Dubai
[3636774] Failed to build match row: Futebol Clube de Famalicão vs Grupo Desportivo Estoril Praia
[4103504] Failed to build match row: Frosinone Calcio vs Unione Sportiva Sassuolo Calcio
[4582233] Failed to build match row: Santos Futebol Clube vs Fortaleza Esporte Clube

Keepers & outfield error for **Associazione Sportiva Roma** in Atalanta Bergamasca Calcio S.p.a. vs Associazione Sportiva Roma: Numbers: 0 and 11.
[3413003] Could not find attributes for kerim calhanoglu (FC Schalke 04, 2020)
[4112942] Could not find attributes for marvin park (UD Las Palmas, 2023)
[3614708] Failed to build match row: Atalanta Bergamasca Calcio S.p.a. vs Associazione Sportiva Roma
[4112942] Failed to build match row: UD Las Palmas vs Girona Fútbol Club S. A. D.
[3413003] Failed to build match row: Bayer 04 Leverkusen Fußball vs FC Schalke 04
[4092064] Could not find attributes for ilya pomazun (Ural Yekaterinburg, 2023)
[4092064] Failed to build match row: Ural Yekaterinburg vs FK Nizhny Novgorod
[4358734] Could not find attributes for veljko ilic (Fudbalski klub TSC Bačka Topola, 2024)
[4358734] Failed to build match row: Fudbalski klub TSC Bačka Topola vs Fudbalski Klub Novi Pazar
Not enough players found for lineup: 0, 0.
[3911887] Failed to scrape lineup: https://www.transfermarkt.co.uk/spielbericht/index/spielbericht/3911887
[4649517] Could not find attributes for mitchel frame (Aberdeen Football Club, 2025)
[4649517] Failed to build match row: Aberdeen Football Club vs Falkirk Football & Athletic Club
[4774937] Could not find attributes for reiss greenidge (Slough Town, 2025)
[4774937] Failed to build match row: Slough Town vs Macclesfield FC
[3583557] Could not find attributes for dave jones (Newtown AFC, 2021)
[4624539] Could not find attributes for jakub lapes (MFK Karvina, 2025)
[4216883] Could not find attributes for denis adamov (AO FK Zenit Sankt-Peterburg, 2023)
[4624539] Failed to build match row: MFK Karvina vs FC Trinity Zlin
[3583557] Failed to build match row: Newtown AFC vs Dundalk FC
[4216883] Failed to build match row: AO FK Zenit Sankt-Peterburg vs RFK Akhmat Grozny
[3860489] Could not find attributes for arthur masuaku (Beşiktaş Jimnastik Kulübü, 2022)
[3889005] Could not find attributes for matej markovic (APO Levadiakos Football Club, 2022)
[3860489] Failed to build match row: Beşiktaş Jimnastik Kulübü vs Galatasaray Spor Kulübü
[3889005] Failed to build match row: Panathinaikos Athlitikos Omilos vs APO Levadiakos Football Club

Keepers & outfield error for **Olympique Lyonnais** in Olympique Lyonnais vs Ludogorets Razgrad: Numbers: 0 and 11.
[4445400] Failed to build match row: Olympique Lyonnais vs Ludogorets Razgrad
[4717487] Could not find attributes for temirlan anarbekov (Kairat Almaty, 2025)
[4582234] Could not find attributes for jemmes (Mirasol Futebol Clube, 2024)
[4717487] Failed to build match row: Kairat Almaty vs Club Brugge Koninklijke Voetbalvereniging
[4649518] Could not find attributes for colby donovan (The Celtic Football Club, 2025)
[4582234] Failed to build match row: Mirasol Futebol Clube vs S. A. F. Botafogo
[4649518] Failed to build match row: The Celtic Football Club vs Motherwell Football Club
[4393374] Could not find attributes for jhon espinoza (Kasımpaşa A.Ş., 2024)

Keepers & outfield error for **Genoa Cricket and Football Club** in Genoa Cricket and Football Club vs Società Sportiva Calcio Napoli: Numbers: 0 and 11.
[4103505] Failed to build match row: Genoa Cricket and Football Club vs Società Sportiva Calcio Napoli
[4393374] Failed to build match row: Kasımpaşa A.Ş. vs Beşiktaş Jimnastik Kulübü
[4096074] Could not find attributes for tim kleindienst (1. Fußballclub Heidenheim 1846, 2023)
[4634405] Failed to scrape lineup: https://www.transfermarkt.co.uk/bayer-04-leverkusen_bayern-munich/index/spielbericht/4634405
[4096074] Failed to build match row: 1. Fußballclub Heidenheim 1846 vs VfL Bochum
[4410915] Could not find attributes for saad bguir (Al-Wehda FC, 2024)
[3837402] Failed to scrape lineup: https://www.transfermarkt.co.uk/sc-heerenveen_nec-nijmegen/index/spielbericht/3837402
[4410915] Failed to build match row: Al-Wehda FC vs Al-Ettifaq Football Club

Keepers & outfield error for **Футбольный клуб "Локомотив" Москва** in Футбольный клуб "Локомотив" Москва vs FC Khimki (-2025): Numbers: 0 and 11.
[4648706] Could not find attributes for nabil touaizi (Futebol Clube de Alverca, 2025)
[4216884] Could not find attributes for artur nigmatullin (FK Nizhny Novgorod, 2023)

Keepers & outfield error for **Sociedade Esportiva Palmeiras** in Club Internacional de Fútbol Miami vs Sociedade Esportiva Palmeiras: Numbers: 0 and 11.
[4358735] Could not find attributes for luka lijeskic (FK Radnički 1923 Kragujevac, 2024)
[3421797] Could not find attributes for nampalys mendy (Leicester City, 2020)
[3434747] Failed to build match row: Футбольный клуб "Локомотив" Москва vs FC Khimki (-2025)
[4648706] Failed to build match row: Club Football Estrela da Amadora vs Futebol Clube de Alverca

Keepers & outfield error for **Atalanta Bergamasca Calcio S.p.a.** in Calcio Como vs Atalanta Bergamasca Calcio S.p.a.: Numbers: 3 and 8.
[3421797] Failed to build match row: Leicester City vs Everton Football Club
[4506846] Failed to build match row: Club Internacional de Fútbol Miami vs Sociedade Esportiva Palmeiras
[4358735] Failed to build match row: FK Radnički 1923 Kragujevac vs FK Tekstilac Odzaci
[3488580] Could not find attributes for robin van der meer (Excelsior Rotterdam, 2020)
[4374132] Failed to build match row: Calcio Como vs Atalanta Bergamasca Calcio S.p.a.
[3583558] Could not find attributes for dominik takac (Spartak Trnava, 2021)
[3488580] Failed to build match row: Excelsior Rotterdam vs Prins Hendrik Ende Desespereert Nimmer Combinatie Zwolle
[3451671] Could not find attributes for christopher knett (Panetolikos Agrinio, 2020)
[3583558] Failed to build match row: Spartak Trnava vs Mosta FC
[3430995] Could not find attributes for wessel boer (Koninklijke HFC Haarlem, 2020)
[3966867] Could not find attributes for paul huntington (Carlisle United, 2022)
[3451671] Failed to build match row: Panetolikos Agrinio vs Athlitiki Enosi Konstantinoupoleos
[4368899] Failed to scrape lineup: https://www.transfermarkt.co.uk/nk-veres-rivne_ingulets-petrove/index/spielbericht/4368899
[4705697] Failed to scrape lineup: https://www.transfermarkt.co.uk/spielbericht/index/spielbericht/4705697

Keepers & outfield error for **Olympique Lyonnais** in Olympique Lyonnais vs Olympiakos Syndesmos Filathlon Peiraios: Numbers: 0 and 11.
[3636775] Failed to scrape lineup: https://www.transfermarkt.co.uk/spielbericht/index/spielbericht/3636775
[3430995] Failed to build match row: Koninklijke HFC Haarlem vs SV Oss '20
[3966867] Failed to build match row: Walsall FC vs Carlisle United
[3889006] Could not find attributes for ousseynou ba (Olympiakos Syndesmos Filathlon Peiraios, 2022)
[4445401] Failed to build match row: Olympique Lyonnais vs Olympiakos Syndesmos Filathlon Peiraios

Keepers & outfield error for **CD América de Cali** in CD América de Cali vs Atlético Bucaramanga: Numbers: 0 and 11.
[3889006] Failed to build match row: Olympiakos Syndesmos Filathlon Peiraios vs Ionikos Nikeas
[4393375] Could not find attributes for luccas claro (Eyüp Spor Kulübü, 2024)
[4718615] Failed to build match row: CD América de Cali vs Atlético Bucaramanga
[4393375] Failed to build match row: Hatayspor vs Eyüp Spor Kulübü
Not enough players found for lineup: 0, 0.
[4156978] Failed to scrape lineup: https://www.transfermarkt.co.uk/spielbericht/index/spielbericht/4156978
[4410916] Could not find attributes for francois kamano (Damac Football Club, 2024)
g_dynamo-moscow/index/spielbericht/4092065
[4410916] Failed to build match row: Damac Football Club vs Al-Fateh Club
[4648707] Could not find attributes for ferro (Grupo Desportivo Estoril Praia, 2025)
[4648707] Failed to build match row: Grupo Desportivo Estoril Praia vs Clube Desportivo Santa Clara

Keepers & outfield error for **Villarreal Club de Fútbol S.A.D.** in Athletic Club Bilbao vs Villarreal Club de Fútbol S.A.D.: Numbers: 0 and 11.
[4645941] Failed to build match row: Athletic Club Bilbao vs Villarreal Club de Fútbol S.A.D.
[3592026] Failed to scrape lineup: https://www.transfermarkt.co.uk/leeds-united_liverpool-fc/index/spielbericht/3592026
[4129453] Could not find attributes for florin nita (Gaziantep Futbol Kulübü A.Ş., 2023)
[4774938] Failed to scrape lineup: https://www.transfermarkt.co.uk/spielbericht/index/spielbericht/4774938
[4129453] Failed to build match row: Kayserispor Kulübü vs Gaziantep Futbol Kulübü A.Ş.
ubben Bodø/Glimt: Numbers: 2 and 9.
[3912536] Failed to build match row: Arsenal Football Club vs Fotballklubben Bodø/Glimt
[3840024] Could not find attributes for maximiliano caufriez (Clermont Foot 63, 2022)
[3840024] Failed to build match row: Racing Club de Strasbourg Alsace vs Clermont Foot 63
[4216885] Could not find attributes for igor leshchuk (FK Dinamo Moskva, 2023)
[4216885] Failed to build match row: FK Dinamo Moskva vs Ural Yekaterinburg
[4805894] Could not find attributes for fredrik pallesen knudsen (Sportsklubben Brann, 2025)
[4805894] Failed to build match row: Sportsklubben Brann vs Bologna Football Club 1909
[4368900] Could not find attributes for denys marchenko (FK Obolon Kyiv, 2024)
[3434748] Could not find attributes for yuriy dyupin (FC Rubin Kazan, 2020)
[4368900] Failed to build match row: FK Obolon Kyiv vs FK Karpaty Lviv
[4705698] Could not find attributes for martin zlomislic (Hrvatski Nogometni Klub Rijeka, 2025)
[3614710] Failed to scrape lineup: https://www.transfermarkt.co.uk/cagliari-calcio_udinese-calcio/index/spielbericht/3614710
[3860490] Failed to scrape lineup: https://www.transfermarkt.co.uk/konyaspor_trabzonspor/index/spielbericht/3860490
[4705698] Failed to build match row: Hrvatski Nogometni Klub Rijeka vs Panthessalonikios Athlitikos Omilos Konstantinoupoliton
Not enough players found for lineup: 0, 0.

Keepers & outfield error for **Olympique Lyonnais** in Olympique Lyonnais vs Beşiktaş Jimnastik Kulübü: Numbers: 0 and 11.
[4364934] Could not find attributes for rob schoofs (Yellow-Red Koninklijke Voetbalclub Mechelen, 2024)
[4649519] Failed to scrape lineup: https://www.transfermarkt.co.uk/dundee-fc_dundee-united-fc/index/spielbericht/4649519
[4634407] Could not find attributes for luca reggiani (Borussia Dortmund, 2025)
[4410917] Could not find attributes for matteo dams (Al-Ahli Saudi Football Club, 2024)
[4445402] Failed to build match row: Olympique Lyonnais vs Beşiktaş Jimnastik Kulübü
[4410917] Failed to build match row: Al-Ahli Saudi Football Club vs Al-Ettifaq Football Club
[4156979] Failed to scrape lineup: https://www.transfermarkt.co.uk/spielbericht/index/spielbericht/4156979
[4364934] Failed to build match row: Yellow-Red Koninklijke Voetbalclub Mechelen vs Koninklijke Voetbal Club Westerlo
[4634407] Failed to build match row: Borussia Dortmund vs Fußball-Club Augsburg 1907

Keepers & outfield error for **Moreirense Futebol Clube** in Moreirense Futebol Clube vs Vitória Sport Clube: Numbers: 2 and 9.
[4582235] Could not find attributes for ze marcos (Esporte Clube Vitória, 2024)
[4648708] Failed to build match row: Moreirense Futebol Clube vs Vitória Sport Clube
[4092066] Could not find attributes for matvey safonov (FK Krasnodar, 2023)
[3690468] Could not find attributes for faride alidou (Hamburger Sport Verein, 2021)
[4582235] Failed to build match row: Cruzeiro Esporte Clube vs Esporte Clube Vitória
[4092066] Failed to build match row: FK Krasnodar vs FK Nizhny Novgorod
[4393376] Could not find attributes for samba camara (Sivasspor, 2024)
[3690468] Failed to build match row: 1. Fußball-Club Köln vs Hamburger Sport Verein
[3607542] Could not find attributes for mikel vesga (Athletic Club Bilbao, 2021)

Keepers & outfield error for **Manchester City Football Club** in Leicester City vs Manchester City Football Club: Numbers: 2 and 9.
[3889007] Could not find attributes for bojan saranov (PAS Lamia 1964, 2022)
[4393376] Failed to build match row: Sivasspor vs Fenerbahçe Spor Kulübü
[3607542] Failed to build match row: Athletic Club Bilbao vs Cádiz CF
[3889007] Failed to build match row: PAS Lamia 1964 vs A.G.S Asteras Tripolis
heim 1846, 2023)
[3592027] Failed to build match row: Leicester City vs Manchester City Football Club
[4096076] Failed to build match row: RasenBallsport Leipzig vs 1. Fußballclub Heidenheim 1846
[3966868] Could not find attributes for freddie grant (Farnborough FC, 2022)
[3966868] Failed to build match row: Wrexham AFC vs Farnborough FC
[3860492] Could not find attributes for gokhan akkan (MKE Ankaragücü, 2022)
[3488581] Failed to scrape lineup: https://www.transfermarkt.co.uk/spielbericht/index/spielbericht/3488581

Keepers & outfield error for **Association Football Club Bournemouth** in Association Football Club Bournemouth vs Chelsea Football Club: Numbers: 2 and 9.
[4625915] Failed to build match row: Association Football Club Bournemouth vs Chelsea Football Club
[4506847] Could not find attributes for beckham (Al Ahly FC, 2025)
[4624540] Could not find attributes for jachym serak (FK Pardubice, 2025)
[3430997] Failed to scrape lineup: https://www.transfermarkt.co.uk/spielbericht/index/spielbericht/3430997
[4506847] Failed to build match row: Futebol Clube do Porto vs Al Ahly FC
[4358736] Failed to scrape lineup: https://www.transfermarkt.co.uk/fk-napredak-krusevac_fk-mladost-lucani/index/spielbericht/4358736
[4364935] Failed to scrape lineup: https://www.transfermarkt.co.uk/oud-heverlee-leuven_krc-genk/index/spielbericht/4364935
[4624540] Failed to build match row: FK Pardubice vs AC Sparta Praha, a. s.
[4774939] Could not find attributes for tiernan brooks (Gateshead FC, 2025)
[4774939] Failed to build match row: Gateshead FC vs Walsall FC

Keepers & outfield error for **Al-Nassr Football Club** in Al-Nassr Football Club vs Al-Khaleej Club (Saihat): Numbers: 0 and 11.
[3690469] Failed to scrape lineup: https://www.transfermarkt.co.uk/spielbericht/index/spielbericht/3690469
Not enough players found for lineup: 0, 0.
[3598342] Failed to scrape lineup: https://www.transfermarkt.co.uk/kv-kortrijk_oud-heverlee-leuven/index/spielbericht/3598342
[4634408] Could not find attributes for rani khedira (1. Fußballclub Union Berlin, 2025)
[4156980] Failed to scrape lineup: https://www.transfermarkt.co.uk/spielbericht/index/spielbericht/4156980
[4634408] Failed to build match row: Sport-Club Freiburg vs 1. Fußballclub Union Berlin
[3912537] Failed to scrape lineup: https://www.transfermarkt.co.uk/spielbericht/index/spielbericht/3912537

Keepers & outfield error for **Manchester United Football Club** in Manchester United Football Club vs Newcastle United Football Club: Numbers: 2 and 9.
[3583559] Could not find attributes for klisman cake (Struga Trim & Lum, 2021)
[4582236] Could not find attributes for renzo saravia (Clube Atlético Mineiro, 2024)
[4582236] Failed to build match row: Sport Club Internacional vs Clube Atlético Mineiro
[3583559] Failed to build match row: Struga Trim & Lum vs FK Liepaja
[3592028] Failed to build match row: Manchester United Football Club vs Newcastle United Football Club
[4112945] Failed to scrape lineup: https://www.transfermarkt.co.uk/celta-de-vigo_villarreal-cf/index/spielbericht/4112945
[4092067] Could not find attributes for bogdan ovsyannikov (PFK Krylya Sovetov Samara, 2023)
[4092067] Failed to build match row: PFK Krylya Sovetov Samara vs FK Rostov
[4216886] Could not find attributes for igor akinfeev (PFK CSKA Moskva, 2023)
[4216886] Failed to build match row: PFK CSKA Moskva vs FK Krasnodar
[4718617] Could not find attributes for johan caicedo (Asociación Deportivo Pasto, 2025)
[4718617] Failed to build match row: Asociación Deportivo Pasto vs CD América de Cali
[3840025] Could not find attributes for desire doue (Rennes, 2022)
[3840025] Failed to build match row: Rennes vs Association de la Jeunesse auxerroise
[3966869] Could not find attributes for elliot justham (Dagenham & Redbridge FC, 2022)
[3966869] Failed to build match row: Dagenham & Redbridge FC vs Gillingham FC
[4705699] Could not find attributes for roi mishpati (Maccabi Tel Aviv, 2025)
[4705699] Failed to build match row: Futbolniy Klub Dynamo Kyiv vs Maccabi Tel Aviv
[3488582] Could not find attributes for rody de boer (De Graafschap Doetinchem, 2020)
[3488582] Failed to build match row: De Graafschap Doetinchem vs Eindhovense Voetbalvereniging Philips Sport Vereniging
[4368902] Could not find attributes for artur rudko (Chornomorets Odesa, 2024)
[4374134] Could not find attributes for lior kassa (Genoa Cricket and Football Club, 2024)
[4374134] Failed to build match row: Genoa Cricket and Football Club vs AC Monza
[4368902] Failed to build match row: Chornomorets Odesa vs FC Rukh Lviv
[4393377] Could not find attributes for jonas svensson (Beşiktaş Jimnastik Kulübü, 2024)
[4393377] Failed to build match row: Beşiktaş Jimnastik Kulübü vs İstanbul Başakşehir Futbol Kulübü
[4358737] Could not find attributes for nihad mujakic (Fudbalski Klub Partizan Beograd, 2024)
[4358737] Failed to build match row: Fudbalski Klub Partizan Beograd vs Fudbalski klub Crvena zvezda Beograd
[3837815] Could not find attributes for joao palhinha (Fulham Football Club, 2022)
[3614711] Failed to scrape lineup: https://www.transfermarkt.co.uk/acf-fiorentina_us-sassuolo/index/spielbericht/3614711
[3837815] Failed to build match row: Fulham Football Club vs Liverpool Football Club
Not enough players found for lineup: 0, 0.
[3860493] Could not find attributes for charilaos charisis (Sivasspor, 2022)
[4805895] Could not find attributes for gaetan perrin (Lille Olympique Sporting Club, 2025)
[4156981] Failed to scrape lineup: https://www.transfermarkt.co.uk/spielbericht/index/spielbericht/4156981
[3860493] Failed to build match row: Sivasspor vs Fenerbahçe Spor Kulübü
[4410919] Could not find attributes for faycal fajr (Al-Taawoun Football Club, 2024)

Keepers & outfield error for **Turn- und Sportgemeinschaft 1899 Hoffenheim Fußball-Spielbetriebs** in Fußball-Club Augsburg 1907 vs Turn- und Sportgemeinschaft 1899 Hoffenheim Fußball-Spielbetriebs: Numbers: 2 and 9.
[4805895] Failed to build match row: Lille Olympique Sporting Club vs Fudbalski klub Crvena zvezda Beograd
[3413007] Failed to build match row: Fußball-Club Augsburg 1907 vs Turn- und Sportgemeinschaft 1899 Hoffenheim Fußball-Spielbetriebs

Keepers & outfield error for **Al-Nassr Football Club** in Al-Nassr Football Club vs Al-Orobah FC: Numbers: 0 and 11.
[4092068] Could not find attributes for igor akinfeev (PFK CSKA Moskva, 2023)
[4410919] Failed to build match row: Al-Taawoun Football Club vs Al-Riyadh Saudi Club
[4404887] Failed to build match row: Al-Nassr Football Club vs Al-Orobah FC
[4092068] Failed to build match row: PFK CSKA Moskva vs Футбольный клуб "Локомотив" Москва
[4645943] Failed to scrape lineup: https://www.transfermarkt.co.uk/celta-de-vigo_real-oviedo/index/spielbericht/4645943
[3889008] Could not find attributes for antonis tsiftsis (A.G.S Asteras Tripolis, 2022)
[4393378] Could not find attributes for lionel carole (Kayserispor Kulübü, 2024)
[4506848] Could not find attributes for senny mayulu (Paris Saint-Germain Football Club, 2025)
[3889008] Failed to build match row: A.G.S Asteras Tripolis vs Aris Thessalonikis
[4506848] Failed to build match row: Seattle Sounders FC vs Paris Saint-Germain Football Club
[4393378] Failed to build match row: Kayserispor Kulübü vs Kasımpaşa A.Ş.
[3966870] Could not find attributes for haydn hollis (Ebbsfleet United, 2022)
[4718701] Could not find attributes for alexei koselev (APS Atromitos Athinon, 2025)
[4103509] Could not find attributes for nikola krstovic (Unione Sportiva Lecce, 2023)
[4718701] Failed to build match row: APS Atromitos Athinon vs Ellas Syros
[3966870] Failed to build match row: Ebbsfleet United vs Fleetwood Town
[3451672] Could not find attributes for devis epassy (PAS Lamia 1964, 2020)
[4103509] Failed to build match row: AC Monza vs Unione Sportiva Lecce
[3488583] Could not find attributes for sonny stevens (SC Cambuur Leeuwarden, 2020)
[3451672] Failed to build match row: PAS Lamia 1964 vs Omilos Filathlon Irakliou FC

Keepers & outfield error for **Associazione Calcio Fiorentina** in Società Sportiva Lazio S.p.A. vs Associazione Calcio Fiorentina: Numbers: 0 and 11.
[3488583] Failed to build match row: SC Cambuur Leeuwarden vs Go Ahead Eagles

Keepers & outfield error for **Clube Desportivo de Tondela** in Gil Vicente Futebol Clube vs Clube Desportivo de Tondela: Numbers: 0 and 11.
[4374135] Failed to build match row: Società Sportiva Lazio S.p.A. vs Associazione Calcio Fiorentina
[3851114] Could not find attributes for joao silva (KV Kortrijk, 2022)
[4648710] Failed to build match row: Gil Vicente Futebol Clube vs Clube Desportivo de Tondela
[4368903] Could not find attributes for yevgeniy kucherenko (LNZ Cherkasy, 2024)
[3851114] Failed to build match row: Oud-Heverlee Leuven vs KV Kortrijk
[4368903] Failed to build match row: LNZ Cherkasy vs FK Kryvbas Kryvyi Rig
[3598344] Could not find attributes for nayel mehssatou (KV Kortrijk, 2021)
[4641287] Could not find attributes for matties volckaert (Koninklijke Atletiek Associatie Gent, 2025)
[4624541] Failed to scrape lineup: https://www.transfermarkt.co.uk/fk-mlada-boleslav_fc-viktoria-plzen/index/spielbericht/4624541
[3434749] Could not find attributes for ivan miladinovic (FK Sochi, 2020)
[4216887] Could not find attributes for giorgiy shelia (RFK Akhmat Grozny, 2023)
[3598344] Failed to build match row: KV Kortrijk vs Royal Standard Club de Liège
[4216887] Failed to build match row: RFK Akhmat Grozny vs Fakel Voronezh
[4634409] Failed to scrape lineup: https://www.transfermarkt.co.uk/sv-werder-bremen_1-fsv-mainz-05/index/spielbericht/4634409
[4641287] Failed to build match row: Royale Union Saint-Gilloise vs Koninklijke Atletiek Associatie Gent
x/spielbericht/3421800
[3434749] Failed to build match row: FK Sochi vs FK Rostov
[3614712] Could not find attributes for manolo portanova (Genoa Cricket and Football Club, 2021)
[3614712] Failed to build match row: Società Sportiva Lazio S.p.A. vs Genoa Cricket and Football Club
[3583560] Failed to scrape lineup: https://www.transfermarkt.co.uk/spielbericht/index/spielbericht/3583560
[3860494] Could not find attributes for emeka eze (Istanbulspor, 2022)
[3636776] Could not find attributes for jean felipe (SC Covilhã, 2021)
[4358738] Could not find attributes for zoran popovic (Železničar Pančevo, 2024)
[4649521] Could not find attributes for michael schjonning larsen (Kilmarnock Football Club, 2025)
[4358738] Failed to build match row: Železničar Pančevo vs Omladinski fudbalski klub Beograd
[3860494] Failed to build match row: Istanbulspor vs Giresunspor
[3413008] Could not find attributes for omer toprak (Sportverein Werder Bremen von 1899, 2020)
[3636776] Failed to build match row: SC Covilhã vs CD Mafra
[4649521] Failed to build match row: Kilmarnock Football Club vs Heart of Midlothian Football Club
[4445404] Could not find attributes for ousseynou niang (Royale Union Saint-Gilloise, 2024)
[3413008] Failed to build match row: Verein für Bewegungsspiele Stuttgart 1893 vs Sportverein Werder Bremen von 1899
[4705700] Could not find attributes for edvin kurtulus (Ludogorets Razgrad, 2025)
[4445404] Failed to build match row: Fenerbahçe Spor Kulübü vs Royale Union Saint-Gilloise
[4092069] Could not find attributes for nikolay zabolotnyi (FK Sochi, 2023)
[4705700] Failed to build match row: Ludogorets Razgrad vs Shkendija Tetovo
[4092069] Failed to build match row: FK Sochi vs RFK Akhmat Grozny

Keepers & outfield error for **Watford FC** in Watford FC vs Wolverhampton Wanderers Football Club: Numbers: 2 and 9.

Keepers & outfield error for **Elche Club de Fútbol S.A.D.** in Elche Club de Fútbol S.A.D. vs Valencia Club de Fútbol S. A. D.: Numbers: 0 and 11.
[3592030] Failed to build match row: Watford FC vs Wolverhampton Wanderers Football Club
bol S. A. D.
[3451673] Could not find attributes for athanasios garavelis (Volou Neos Podosferikos Syllogos, 2020)
[3889009] Could not find attributes for lefteris choutesiotis (Ionikos Nikeas, 2022)
[4156982] Failed to scrape lineup: https://www.transfermarkt.co.uk/spielbericht/index/spielbericht/4156982
[3451673] Failed to build match row: Volou Neos Podosferikos Syllogos vs Aris Thessalonikis

Keepers & outfield error for **Club de Futbol América S. A. de C. V.** in Club de Futbol América S. A. de C. V. vs Club Tijuana Xoloitzcuintles de Caliente: Numbers: 2 and 9.
[3889009] Failed to build match row: Ionikos Nikeas vs APS Atromitos Athinon
[4648711] Could not find attributes for noah saviolo (Vitória Sport Clube, 2025)
[4528312] Failed to build match row: Club de Futbol América S. A. de C. V. vs Club Tijuana Xoloitzcuintles de Caliente
[4648711] Failed to build match row: Vitória Sport Clube vs AVS Futebol SAD
[4582237] Could not find attributes for vanderlan (Red Bull Bragantino, 2024)
[4216888] Could not find attributes for evgeniy latyshonok (FK Baltika, 2023)
[4582237] Failed to build match row: Esporte Clube Bahia vs Red Bull Bragantino
[4216888] Failed to build match row: FK Baltika vs AO FK Zenit Sankt-Peterburg
[3598345] Could not find attributes for mousa tamari (Oud-Heverlee Leuven, 2021)
[3598345] Failed to build match row: Oud-Heverlee Leuven vs Royal Sporting Club Anderlecht
[4649522] Could not find attributes for jacob devaney (Saint Mirren Football Club, 2025)
[4649522] Failed to build match row: Saint Mirren Football Club vs Rangers Football Club
[3912539] Could not find attributes for joel mvuka (Fotballklubben Bodø/Glimt, 2022)
[3912539] Failed to build match row: Eindhovense Voetbalvereniging Philips Sport Vereniging vs Fotballklubben Bodø/Glimt
[4641288] Could not find attributes for kiki kouyate (Royal Antwerp Football Club, 2025)
[4641288] Failed to build match row: Royal Antwerp Football Club vs Koninklijke Racing Club Genk
[4445405] Could not find attributes for yusuf akcicek (Fenerbahçe Spor Kulübü, 2024)
[3860496] Failed to scrape lineup: https://www.transfermarkt.co.uk/giresunspor_alanyaspor/index/spielbericht/3860496
[4718702] Could not find attributes for apostolos tsilingiris (Ilioupoli, 2025)
[4718702] Failed to build match row: Ilioupoli vs Volou Neos Podosferikos Syllogos
[4445405] Failed to build match row: Fenerbahçe Spor Kulübü vs Olympique Lyonnais
[4805896] Could not find attributes for bamidele yusuf (Ferencvárosi TC, 2025)
[3592031] Failed to scrape lineup: https://www.transfermarkt.co.uk/aston-villa_brighton-amp-hove-albion/index/spielbericht/3592031
[4805896] Failed to build match row: Ferencvárosi TC vs Ludogorets Razgrad
[4705701] Could not find attributes for dominik takac (Slovan Bratislava, 2025)
[4705701] Failed to build match row: Berner Sport Club Young Boys vs Slovan Bratislava
[4096079] Could not find attributes for pavel kaderabek (Turn- und Sportgemeinschaft 1899 Hoffenheim Fußball-Spielbetriebs, 2023)
[3690502] Could not find attributes for josh blunkell (AFC Sudbury, 2021)
[4096079] Failed to build match row: Mönchengladbach vs Turn- und Sportgemeinschaft 1899 Hoffenheim Fußball-Spielbetriebs
[3690502] Failed to build match row: AFC Sudbury vs Colchester United
[4092070] Could not find attributes for yuriy dyupin (FC Rubin Kazan, 2023)
[4092070] Failed to build match row: FC Rubin Kazan vs FK Spartak Moskva
[4368904] Could not find attributes for oleksandr saputin (FC Zorya Lugansk, 2024)
[3421802] Could not find attributes for conor gallagher (West Bromwich Albion, 2020)
[4129456] Could not find attributes for yasin ozcan (Kasımpaşa A.Ş., 2023)
[4368904] Failed to build match row: FC Zorya Lugansk vs Livyi Bereg Kyiv
[3421802] Failed to build match row: Manchester City Football Club vs West Bromwich Albion
Not enough players found for lineup: 0, 0.
[4129456] Failed to build match row: Alanyaspor vs Kasımpaşa A.Ş.
[4156983] Failed to scrape lineup: https://www.transfermarkt.co.uk/spielbericht/index/spielbericht/4156983
[4410921] Could not find attributes for christian bassogog (Al-Okhdood Club, 2024)

Keepers & outfield error for **Newcastle United Football Club** in Newcastle United Football Club vs Nottingham Forest Football Club: Numbers: 2 and 9.
[3837817] Failed to build match row: Newcastle United Football Club vs Nottingham Forest Football Club
[3430999] Could not find attributes for anthony van zaltbommel (Excelsior '31 Rijssen, 2020)
[3434750] Could not find attributes for anton shunin (FK Dinamo Moskva, 2020)
[4410921] Failed to build match row: Al-Okhdood Club vs Al-Raed SFC
[3430999] Failed to build match row: Excelsior '31 Rijssen vs RKSV Groene Ster
[3434750] Failed to build match row: FK Dinamo Moskva vs FK Krasnodar
[4634411] Could not find attributes for wael mohya (Mönchengladbach, 2025)
[4634411] Failed to build match row: Mönchengladbach vs Fußball-Club St. Pauli von 1910
[3840028] Could not find attributes for maximiliano caufriez (Clermont Foot 63, 2022)
[3840028] Failed to build match row: Clermont Foot 63 vs ESTAC Troyes
[4625919] Failed to scrape lineup: https://www.transfermarkt.co.uk/leeds-united_liverpool-fc/index/spielbericht/4625919

Keepers & outfield error for **FC Bayern München** in FC Bayern München vs Sportverein Werder Bremen von 1899: Numbers: 2 and 9.
[4358739] Could not find attributes for goran vuklis (Fudbalski Klub IMT Novi Beograd, 2024)
[3413009] Failed to build match row: FC Bayern München vs Sportverein Werder Bremen von 1899
[4096080] Could not find attributes for anthony losilla (VfL Bochum, 2023)
[4358739] Failed to build match row: Fudbalski Klub IMT Novi Beograd vs Fudbalski Klub Vojvodina
[4096080] Failed to build match row: VfL Bochum vs Verein für Leibesübungen Wolfsburg

Keepers & outfield error for **Athletic Club Bilbao** in Getafe Club de Fútbol S. A. D. Team Dubai vs Athletic Club Bilbao: Numbers: 2 and 9.
[4112947] Failed to build match row: Getafe Club de Fútbol S. A. D. Team Dubai vs Athletic Club Bilbao
[4092071] Could not find attributes for evgeniy latyshonok (FK Baltika, 2023)
[4092071] Failed to build match row: FK Baltika vs Fakel Voronezh
[3889010] Could not find attributes for ousseynou ba (Olympiakos Syndesmos Filathlon Peiraios, 2022)
[3889010] Failed to build match row: Olympiakos Syndesmos Filathlon Peiraios vs Volou Neos Podosferikos Syllogos
[4368905] Could not find attributes for artem shabanov (FC Oleksandriya, 2024)
[4368905] Failed to build match row: FC Oleksandriya vs Ingulets Petrove
[3837818] Failed to scrape lineup: https://www.transfermarkt.co.uk/leicester-city_brentford-fc/index/spielbericht/3837818

Keepers & outfield error for **Brighton and Hove Albion Football Club** in Brighton and Hove Albion Football Club vs Sheffield United: Numbers: 0 and 11.
[3421803] Failed to build match row: Brighton and Hove Albion Football Club vs Sheffield United
[4216889] Could not find attributes for matvey safonov (FK Krasnodar, 2023)
[3598346] Could not find attributes for mousa tamari (Oud-Heverlee Leuven, 2021)
[3451674] Could not find attributes for nikolaos papadopoulos (A.G.S Asteras Tripolis, 2020)
[4216889] Failed to build match row: FK Krasnodar vs PFK Krylya Sovetov Samara
[3598346] Failed to build match row: Oud-Heverlee Leuven vs Royal Antwerp Football Club
[3451674] Failed to build match row: A.G.S Asteras Tripolis vs Apollon Smyrnis
[3966871] Could not find attributes for nathan ashmore (Boreham Wood FC, 2022)
[3966871] Failed to build match row: Bristol Rovers vs Boreham Wood FC

Keepers & outfield error for **Futebol Clube do Porto** in Futebol Clube do Porto vs Grupo Desportivo Estoril Praia: Numbers: 0 and 11.

Keepers & outfield error for **Carlisle United** in Blackpool FC vs Carlisle United: Numbers: 0 and 11.
[4404888] Could not find attributes for suhayb al zaid (Al-Fateh Club, 2024)
[4648712] Failed to build match row: Futebol Clube do Porto vs Grupo Desportivo Estoril Praia
[4404888] Failed to build match row: Al-Taawoun Football Club vs Al-Fateh Club
[4528313] Could not find attributes for emanuel gularte (Club de Futbol Puebla de La Franja, 2024)
[4774940] Failed to build match row: Blackpool FC vs Carlisle United
[4528313] Failed to build match row: Club de Futbol Puebla de La Franja vs Club Atlético de San Luis
[3413010] Failed to scrape lineup: https://www.transfermarkt.co.uk/borussia-monchengladbach_fc-augsburg/index/spielbericht/3413010
[3860497] Could not find attributes for burak kapacak (Fatih Karagümrük Sportif Faaliyetler San. Tic. A.Ş., 2022)
[3860497] Failed to build match row: Istanbulspor vs Fatih Karagümrük Sportif Faaliyetler San. Tic. A.Ş.
[3607546] Could not find attributes for aleix vidal (Espanol, 2021)
[4129457] Could not find attributes for mbaye niang (Adana Demirspor, 2023)
[4445407] Could not find attributes for ousseynou niang (Royale Union Saint-Gilloise, 2024)
[3607546] Failed to build match row: Espanol vs Granada CF
[4129457] Failed to build match row: Adana Demirspor vs Pendikspor
[4445407] Failed to build match row: Royale Union Saint-Gilloise vs Associazione Sportiva Roma
[4705702] Could not find attributes for matus hruska (SK Sigma Olomouc, a.s., 2025)
[3490469] Could not find attributes for guglielmo vicario (Cagliari Calcio, 2020)
[3490469] Failed to build match row: Atalanta Bergamasca Calcio S.p.a. vs Cagliari Calcio
[4705702] Failed to build match row: SK Sigma Olomouc, a.s. vs Malmö Fotbollförening
[4634412] Could not find attributes for vini souza (Verein für Leibesübungen Wolfsburg, 2025)
[4506849] Could not find attributes for alexander barboza (S. A. F. Botafogo, 2025)
[3889011] Could not find attributes for sonny stevens (Omilos Filathlon Irakliou FC, 2022)
[4506849] Failed to build match row: Club Atlético de Madrid S.A.D. vs S. A. F. Botafogo
[4112948] Could not find attributes for matija nastasic (Real Club Deportivo Mallorca S.A.D., 2023)
[4634412] Failed to build match row: Turn- und Sportgemeinschaft 1899 Hoffenheim Fußball-Spielbetriebs vs Verein für Leibesübungen Wolfsburg
[3889011] Failed to build match row: Omilos Filathlon Irakliou FC vs Panetolikos Agrinio
[4358740] Could not find attributes for strahinja manojlovic (Fudbalski Klub Radnički Niš, 2024)
Not enough players found for lineup: 0, 0.
[4393379] Could not find attributes for riechedly bazoer (Konyaspor, 2024)

Keepers & outfield error for **Futebol Clube de Arouca** in Futebol Clube de Arouca vs Rio Ave Futebol Clube: Numbers: 2 and 9.
[4410922] Could not find attributes for saad bguir (Al-Wehda FC, 2024)
[4393379] Failed to build match row: Konyaspor vs Göztepe Sportif Yatırımlar A.Ş.
[4112948] Failed to build match row: Real Club Deportivo Mallorca S.A.D. vs Club Atlético de Madrid S.A.D.
[3636777] Failed to build match row: Futebol Clube de Arouca vs Rio Ave Futebol Clube
[4368906] Could not find attributes for mykyta burda (FK Kolos Kovalivka, 2024)
[4156984] Failed to scrape lineup: https://www.transfermarkt.co.uk/spielbericht/index/spielbericht/4156984
[4410922] Failed to build match row: Al-Wehda FC vs Al-Hilal Saudi Football Club
[4358740] Failed to build match row: Fudbalski Klub Radnički Niš vs Fudbalski Klub Spartak Ždrepčeva krv
[4368906] Failed to build match row: FK Kolos Kovalivka vs FK Polissya Zhytomyr
[3583561] Could not find attributes for karstin hansen (NSÍ Runavík, 2021)
[3451675] Could not find attributes for athanasios garavelis (Volou Neos Podosferikos Syllogos, 2020)
[4103510] Could not find attributes for mattia destro (FC Empoli, 2023)
[4216890] Could not find attributes for igor akinfeev (PFK CSKA Moskva, 2023)
[3451675] Failed to build match row: Volou Neos Podosferikos Syllogos vs Panthessalonikios Athlitikos Omilos Konstantinoupoliton
[3583561] Failed to build match row: NSÍ Runavík vs FC Honka
[4103510] Failed to build match row: Associazione Sportiva Roma vs FC Empoli

Keepers & outfield error for **Eintracht Frankfurt Fußball AG** in Fußball-Club Augsburg 1907 vs Eintracht Frankfurt Fußball AG: Numbers: 2 and 9.
[4216890] Failed to build match row: PFK CSKA Moskva vs FK Nizhny Novgorod
[4092072] Could not find attributes for nikolay sysuev (FC Orenburg, 2023)
[4096081] Failed to build match row: Fußball-Club Augsburg 1907 vs Eintracht Frankfurt Fußball AG
[4092072] Failed to build match row: FC Orenburg vs Ural Yekaterinburg
[4718703] Could not find attributes for vasilios xenopoulos (Athlitiki Enosi Kifisias, 2025)
[4718703] Failed to build match row: Athlitiki Enosi Kifisias vs A.G.S Asteras Tripolis
[3860498] Could not find attributes for arda guler (Fenerbahçe Spor Kulübü, 2022)
[3860498] Failed to build match row: Fenerbahçe Spor Kulübü vs Beşiktaş Jimnastik Kulübü
[4404889] Could not find attributes for dimitrios kourbelis (Al-Khaleej Club (Saihat), 2024)
[4404889] Failed to build match row: Al-Khaleej Club (Saihat) vs Al-Kholood Club
[4582239] Could not find attributes for wilker angel (Esporte Clube Juventude, 2024)
[4582239] Failed to build match row: Esporte Clube Juventude vs Sociedade Esportiva Palmeiras
[3598347] Failed to scrape lineup: https://www.transfermarkt.co.uk/kaa-gent_kv-oostende-2024-/index/spielbericht/3598347

Keepers & outfield error for **Wolverhampton Wanderers Football Club** in Leeds United Association Football Club vs Wolverhampton Wanderers Football Club: Numbers: 0 and 11.
[4445408] Could not find attributes for ousseynou niang (Royale Union Saint-Gilloise, 2024)
[3431000] Could not find attributes for janic makizodila (Sparta Nijkerk, 2020)
[3434751] Could not find attributes for michael luftner (Omonia Nicosia, 2020)
[3431000] Failed to build match row: Sparta Nijkerk vs Rijnsburgse Boys
[3837819] Failed to build match row: Leeds United Association Football Club vs Wolverhampton Wanderers Football Club
[4445408] Failed to build match row: Royale Union Saint-Gilloise vs Sporting Clube de Braga
[4705703] Could not find attributes for filip djuricic (Panathinaikos Athlitikos Omilos, 2025)
[3434751] Failed to build match row: Omonia Nicosia vs Fudbalski klub Crvena zvezda Beograd
[4705703] Failed to build match row: Samsunspor vs Panathinaikos Athlitikos Omilos

Keepers & outfield error for **Wolverhampton Wanderers Football Club** in Wolverhampton Wanderers Football Club vs Fulham Football Club: Numbers: 0 and 11.
[4362783] Failed to build match row: Wolverhampton Wanderers Football Club vs Fulham Football Club

Keepers & outfield error for **Galatasaray Spor Kulübü** in Samsunspor vs Galatasaray Spor Kulübü: Numbers: 2 and 9.
[3421804] Could not find attributes for owen otasowie (Wolverhampton Wanderers Football Club, 2020)
[4404890] Could not find attributes for ayoub qasmi (Al-Raed SFC, 2024)
[4368907] Could not find attributes for pavlo isenko (Vorskla Poltava, 2024)
[4092073] Could not find attributes for mikhail kerzhakov (AO FK Zenit Sankt-Peterburg, 2023)
[4393380] Failed to build match row: Samsunspor vs Galatasaray Spor Kulübü
[4641291] Could not find attributes for marley ake (Sportvereniging Zulte Waregem, 2025)
[3421804] Failed to build match row: Burnley Football Club vs Wolverhampton Wanderers Football Club
[4641291] Failed to build match row: Oud-Heverlee Leuven vs Sportvereniging Zulte Waregem
[4368907] Failed to build match row: Vorskla Poltava vs NK Veres Rivne
[4410923] Could not find attributes for norbert gyomber (Al-Kholood Club, 2024)
[3860500] Could not find attributes for gokhan akkan (MKE Ankaragücü, 2022)
[4358741] Could not find attributes for vukasin jovanovic (FK Jedinstvo Ub, 2024)
[4404890] Failed to build match row: Al-Raed SFC vs Al-Fateh Club
[4358741] Failed to build match row: FK Jedinstvo Ub vs Fudbalski Klub Spartak Ždrepčeva krv
[4410923] Failed to build match row: Al-Kholood Club vs Al-Fayha FC
[3860500] Failed to build match row: İstanbul Başakşehir Futbol Kulübü vs MKE Ankaragücü
[3583619] Could not find attributes for alessandro semprini (SS Folgore/Falciano, 2021)
[3451676] Could not find attributes for jose cholevas (Olympiakos Syndesmos Filathlon Peiraios, 2020)
[3583619] Failed to build match row: SS Folgore/Falciano vs FC Prishtina
[3451676] Failed to build match row: Olympiakos Syndesmos Filathlon Peiraios vs Panetolikos Agrinio
[4129458] Could not find attributes for stefano sturaro (Fatih Karagümrük Sportif Faaliyetler San. Tic. A.Ş., 2023)
[4129458] Failed to build match row: Fatih Karagümrük Sportif Faaliyetler San. Tic. A.Ş. vs Hatayspor
[3912542] Could not find attributes for joel mvuka (Fotballklubben Bodø/Glimt, 2022)
[3966872] Could not find attributes for bobby kamwa (Burton Albion, 2022)
[3912542] Failed to build match row: Fotballklubben Bodø/Glimt vs Eindhovense Voetbalvereniging Philips Sport Vereniging
[3966872] Failed to build match row: Burton Albion vs Chippenham Town
[4634413] Could not find attributes for youssoupha niang (1. Fußball-Club Köln, 2025)
[4634413] Failed to build match row: Hamburger Sport Verein vs 1. Fußball-Club Köln
[3431110] Could not find attributes for mikhail kerzhakov (AO FK Zenit Sankt-Peterburg, 2020)
[3431110] Failed to build match row: AO FK Zenit Sankt-Peterburg vs Arsenal Tula
[4805897] Could not find attributes for davide calabria (Panathinaikos Athlitikos Omilos, 2025)
[4805897] Failed to build match row: FC Viktoria Plzeň, a.s. vs Panathinaikos Athlitikos Omilos
[4774941] Could not find attributes for jonny maxted (Brackley Town, 2025)
[4216891] Could not find attributes for ilya lantratov (Футбольный клуб "Локомотив" Москва, 2023)
[3690503] Could not find attributes for ethan galbraith (Doncaster Rovers, 2021)
[4156985] Could not find attributes for alexandros parlatzas (Asteras Stavrou, 2023)
[4774941] Failed to build match row: Brackley Town vs Burton Albion
[3889012] Could not find attributes for sergio araujo (Athlitiki Enosi Konstantinoupoleos, 2022)
[3490470] Could not find attributes for gonzalo escalante (Società Sportiva Lazio S.p.A., 2020)
а vs FK Spartak Moskva
[4156985] Failed to build match row: Asteras Stavrou vs PO Elassonas
[3690503] Failed to build match row: Scunthorpe United vs Doncaster Rovers
[3889012] Failed to build match row: Panathinaikos Athlitikos Omilos vs Athlitiki Enosi Konstantinoupoleos
[3636778] Could not find attributes for zidane banjaqui (Casa Pia Atlético Clube, 2021)
[4649524] Could not find attributes for michael schjonning larsen (Kilmarnock Football Club, 2025)
[3490470] Failed to build match row: Società Sportiva Lazio S.p.A. vs Parma Calcio 1913
[3636778] Failed to build match row: Casa Pia Atlético Clube vs Vitória Sport Clube
[4649524] Failed to build match row: Falkirk Football & Athletic Club vs Kilmarnock Football Club
[4445409] Could not find attributes for ousseynou niang (Royale Union Saint-Gilloise, 2024)
[4445409] Failed to build match row: Royale Union Saint-Gilloise vs Fotballklubben Bodø/Glimt
[4393381] Could not find attributes for arseniy batagov (Trabzonspor Kulübü, 2024)
[3413012] Could not find attributes for nils petersen (Sport-Club Freiburg, 2020)
[4393381] Failed to build match row: Trabzonspor Kulübü vs Çaykur Rizespor Kulübü
[3966873] Failed to scrape lineup: https://www.transfermarkt.co.uk/spielbericht/index/spielbericht/3966873
[3413012] Failed to build match row: Sport-Club Freiburg vs 1. Fußball- und Sportverein Mainz 05
[3614714] Could not find attributes for filippo delli carri (US Salernitana 1919, 2021)
[3583620] Could not find attributes for teitur gestsson (HB Tórshavn, 2021)
[3614714] Failed to build match row: US Salernitana 1919 vs Football Club Internazionale Milano S.p.A.
[4582240] Could not find attributes for gabriel bahia (S. A. F. Botafogo, 2024)
[4641292] Could not find attributes for mathis servais (Yellow-Red Koninklijke Voetbalclub Mechelen, 2025)
[3583620] Failed to build match row: HB Tórshavn vs Inter Club d'Escaldes
[4641292] Failed to build match row: Yellow-Red Koninklijke Voetbalclub Mechelen vs Royal Charleroi Sporting Club
[3912543] Could not find attributes for joel mvuka (Fotballklubben Bodø/Glimt, 2022)
[4582240] Failed to build match row: Fluminense Football Club vs S. A. F. Botafogo
[4368908] Could not find attributes for yakiv kinareykin (FK Karpaty Lviv, 2024)

Keepers & outfield error for **Real Betis Balompié S.A.D.** in Club Atlético Osasuna vs Real Betis Balompié S.A.D.: Numbers: 0 and 11.

Keepers & outfield error for **Manchester City Football Club** in Manchester City Football Club vs Everton Football Club: Numbers: 2 and 9.
[3912543] Failed to build match row: Fotballklubben Bodø/Glimt vs FC Zürich
[3592035] Failed to build match row: Manchester City Football Club vs Everton Football Club
[4112950] Failed to build match row: Club Atlético Osasuna vs Real Betis Balompié S.A.D.
[4368908] Failed to build match row: FK Karpaty Lviv vs FC Rukh Lviv
[3840030] Could not find attributes for leny yoro (Lille Olympique Sporting Club, 2022)
[3840030] Failed to build match row: Lille Olympique Sporting Club vs Toulouse Football Club
[4358742] Could not find attributes for dragan rosic (Fudbalski Klub Vojvodina, 2024)
[4358742] Failed to build match row: Fudbalski Klub Vojvodina vs Fudbalski Klub Radnički Niš
[3431111] Could not find attributes for sergey pesjakov (FK Rostov, 2020)
[3431111] Failed to build match row: FK Rostov vs Футбольный клуб "Локомотив" Москва
[4634423] Could not find attributes for rani khedira (1. Fußballclub Union Berlin, 2025)
[4805898] Could not find attributes for bruno goda (GNK Dinamo Zagreb, 2025)
[4096083] Could not find attributes for marcel schuhen (SV Darmstadt 98, 2023)
[4634423] Failed to build match row: FC Bayern München vs 1. Fußballclub Union Berlin
[4410924] Could not find attributes for gaetan coucke (Al-Orobah FC, 2024)
[4805898] Failed to build match row: Koninklijke Racing Club Genk vs GNK Dinamo Zagreb
[4096083] Failed to build match row: SV Darmstadt 98 vs 1. Fußball-Club Köln
[4410924] Failed to build match row: Al-Qadsiah Saudi Football Club vs Al-Orobah FC
[3451677] Could not find attributes for julian cuesta (Aris Thessalonikis, 2020)
[3451677] Failed to build match row: Aris Thessalonikis vs PAS Giannina
[4393382] Could not find attributes for luccas claro (Eyüp Spor Kulübü, 2024)
[4649525] Could not find attributes for alexander schwolow (Heart of Midlothian Football Club, 2025)
[4393382] Failed to build match row: Eyüp Spor Kulübü vs Adana Demirspor

Keepers & outfield error for **Boavista FC** in Boavista FC vs Portimonense SC: Numbers: 3 and 8.
[4718704] Could not find attributes for taxiarchis filon (APO Levadiakos Football Club, 2025)
[3636779] Failed to build match row: Boavista FC vs Portimonense SC
[4649525] Failed to build match row: Heart of Midlothian Football Club vs Aberdeen Football Club
[4645947] Could not find attributes for rayane belaid (Club Atlético de Madrid S.A.D., 2025)
[4718704] Failed to build match row: APO Levadiakos Football Club vs Panthessalonikios Athlitikos Omilos Konstantinoupoliton
Not enough players found for lineup: 0, 0.

Keepers & outfield error for **Venezia FC** in UC Sampdoria vs Venezia FC: Numbers: 0 and 11.
[4625922] Failed to scrape lineup: https://www.transfermarkt.co.uk/tottenham-hotspur_brentford-fc/index/spielbericht/4625922
[4645947] Failed to build match row: Sevilla Fútbol Club S.A.D. vs Club Atlético de Madrid S.A.D.

Keepers & outfield error for **Arsenal Football Club** in FC Zürich vs Arsenal Football Club: Numbers: 2 and 9.
[4216892] Could not find attributes for nikolay sysuev (FC Orenburg, 2023)
[4156987] Failed to scrape lineup: https://www.transfermarkt.co.uk/spielbericht/index/spielbericht/4156987
[3912544] Failed to build match row: FC Zürich vs Arsenal Football Club
[3614715] Failed to build match row: UC Sampdoria vs Venezia FC
[4216892] Failed to build match row: FC Orenburg vs FK Rostov
[3434855] Could not find attributes for nodari kalichava (Volga Uljanovsk, 2020)
[3889013] Could not find attributes for konstantinos koulierakis (Panthessalonikios Athlitikos Omilos Konstantinoupoliton, 2022)
[3434855] Failed to build match row: Volga Uljanovsk vs Veles Moscow
[4445410] Could not find attributes for ousseynou niang (Royale Union Saint-Gilloise, 2024)
[3889013] Failed to build match row: Panthessalonikios Athlitikos Omilos Konstantinoupoliton vs PAS Lamia 1964
[4445410] Failed to build match row: Royale Union Saint-Gilloise vs Olympique Gymnaste Club Nice Côte d'Azur
[4506851] Could not find attributes for javairo dilrosun (Los Angeles Football Club, 2025)
[4506851] Failed to build match row: Los Angeles Football Club vs Clube de Regatas do Flamengo
[4112951] Failed to build match row: Real Madrid Club de Fútbol vs Cádiz CF
[3598349] Failed to build match row: RFC Seraing vs KV Kortrijk
[3490471] Could not find attributes for jacopo furlan (FC Empoli, 2020)
[3490471] Failed to build match row: Società Sportiva Calcio Napoli vs FC Empoli
[4649526] Could not find attributes for babacar fati (Livingston Football Club, 2025)
[4777064] Could not find attributes for andrey lunev (FK Dinamo Moskva, 2025)
[4649526] Failed to build match row: Livingston Football Club vs Saint Mirren Football Club
[3451678] Could not find attributes for boy waterman (Omilos Filathlon Irakliou FC, 2020)
[4365311] Could not find attributes for matus kmet (Klub Sportowy Górnik Zabrze Sportowa Spółka Akcyjna, 2024)
[4777064] Failed to build match row: FK Dinamo Moskva vs FK Spartak Moskva
[4365311] Failed to build match row: GKS GieKSa Katowice Spółka Akcyjna vs Klub Sportowy Górnik Zabrze Sportowa Spółka Akcyjna
[3451678] Failed to build match row: Omilos Filathlon Irakliou FC vs APS Atromitos Athinon
[4368909] Could not find attributes for andrey kozhukhar (NK Veres Rivne, 2024)
[4624542] Could not find attributes for marek icha (FC Slovan Liberec, 2025)
[4624542] Failed to build match row: FC Slovan Liberec vs FK Dukla Praha a.s.
[4368909] Failed to build match row: NK Veres Rivne vs Chornomorets Odesa
[4404892] Could not find attributes for milan borjan (Al-Riyadh Saudi Club, 2024)
[3431112] Could not find attributes for giorgiy shelia (RFK Akhmat Grozny, 2020)
[4358743] Could not find attributes for balsa popovic (Omladinski fudbalski klub Beograd, 2024)
[4582241] Could not find attributes for philippe coutinho (Club de Regatas Vasco da Gama, 2024)
[3431112] Failed to build match row: RFK Akhmat Grozny vs FK Sochi
had Football Club
[4582241] Failed to build match row: Club de Regatas Vasco da Gama vs Cruzeiro Esporte Clube
[4393383] Could not find attributes for ogun ozcicek (Gaziantep Futbol Kulübü A.Ş., 2024)
[4358743] Failed to build match row: Omladinski fudbalski klub Beograd vs Fudbalski Klub IMT Novi Beograd
[4393383] Failed to build match row: Gaziantep Futbol Kulübü A.Ş. vs Hatayspor
[4634424] Could not find attributes for luca reggiani (Borussia Dortmund, 2025)
[4634424] Failed to build match row: Borussia Dortmund vs Hamburger Sport Verein
[3690504] Could not find attributes for colin daniel (Exeter City, 2021)
[3690504] Failed to build match row: Bradford City vs Exeter City
[4705706] Could not find attributes for johannes kreidl (Kuopion Palloseura, 2025)
[4705706] Failed to build match row: Kuopion Palloseura vs Fodbold Club Midtjylland

Keepers & outfield error for **Real Betis Balompié S.A.D.** in Club Atlético Osasuna vs Real Betis Balompié S.A.D.: Numbers: 2 and 9.
[4648713] Failed to scrape lineup: https://www.transfermarkt.co.uk/sporting-cp_cf-estrela-amadora/index/spielbericht/4648713
[3614716] Failed to scrape lineup: https://www.transfermarkt.co.uk/spezia-calcio_fc-empoli/index/spielbericht/3614716
[4216893] Could not find attributes for ilya pomazun (Ural Yekaterinburg, 2023)
[4645948] Failed to build match row: Club Atlético Osasuna vs Real Betis Balompié S.A.D.
[4410925] Failed to scrape lineup: https://www.transfermarkt.co.uk/al-fateh-sc_al-wehda-fc/index/spielbericht/4410925

Keepers & outfield error for **Brentford Football Club** in Newcastle United Football Club vs Brentford Football Club: Numbers: 0 and 11.
[4216893] Failed to build match row: Ural Yekaterinburg vs FC Rubin Kazan
[3592036] Failed to build match row: Newcastle United Football Club vs Brentford Football Club
[3583621] Could not find attributes for julien klein (CS Fola Esch, 2021)
[3860503] Could not find attributes for andreas bouchalakis (Konyaspor, 2022)
[4805899] Could not find attributes for georgios giakoumakis (Panthessalonikios Athlitikos Omilos Konstantinoupoliton, 2025)
[3598350] Could not find attributes for vini souza (Yellow-Red Koninklijke Voetbalclub Mechelen, 2021)
[3860503] Failed to build match row: Ümraniyespor vs Konyaspor
[3583621] Failed to build match row: CS Fola Esch vs Lincoln Red Imps FC
[4805899] Failed to build match row: Celta vs Panthessalonikios Athlitikos Omilos Konstantinoupoliton
[4365312] Failed to scrape lineup: https://www.transfermarkt.co.uk/korona-kielce_radomiak-radom/index/spielbericht/4365312
[3598350] Failed to build match row: Yellow-Red Koninklijke Voetbalclub Mechelen vs Royal Sporting Club Anderlecht
[4112952] Failed to scrape lineup: https://www.transfermarkt.co.uk/sevilla-fc_granada-cf/index/spielbericht/4112952
[3434856] Could not find attributes for semen morozov (Volga Uljanovsk, 2020)
[3434856] Failed to build match row: Volga Uljanovsk vs Ural Yekaterinburg
[4634425] Failed to scrape lineup: https://www.transfermarkt.co.uk/1-fsv-mainz-05_eintracht-frankfurt/index/spielbericht/4634425
[3690505] Failed to scrape lineup: https://www.transfermarkt.co.uk/spielbericht/index/spielbericht/3690505
[3637481] Could not find attributes for danila ermakov (Fakel Voronezh, 2021)
[3637481] Failed to build match row: Fakel Voronezh vs FK Dolgoprudnyi
Not enough players found for lineup: 11, 0.
[4358744] Could not find attributes for omri glazer (Fudbalski klub Crvena zvezda Beograd, 2024)
[4156988] Failed to scrape lineup: https://www.transfermarkt.co.uk/spielbericht/index/spielbericht/4156988
[4358744] Failed to build match row: Fudbalski klub Crvena zvezda Beograd vs Železničar Pančevo
[4777065] Could not find attributes for vladislav torop (PFK CSKA Moskva, 2025)
[4777065] Failed to build match row: PFK CSKA Moskva vs FK Krasnodar
[4129460] Could not find attributes for sander van de streek (Antalyaspor, 2023)
[4129460] Failed to build match row: Fenerbahçe Spor Kulübü vs Antalyaspor
[3490472] Could not find attributes for ardian ismajli (Spezia Calcio, 2020)
[3490472] Failed to build match row: Associazione Sportiva Roma vs Spezia Calcio
[4528314] Could not find attributes for yoel barcenas (Mazatlán Futbol Club, 2024)
[4528314] Failed to build match row: Club Tigres UANL Sinergia Deportiva S.A. de C.V. vs Mazatlán Futbol Club
[4805900] Failed to scrape lineup: https://www.transfermarkt.co.uk/spielbericht/index/spielbericht/4805900
[4648714] Failed to scrape lineup: https://www.transfermarkt.co.uk/casa-pia-ac_fc-alverca/index/spielbericht/4648714
[4112953] Failed to scrape lineup: https://www.transfermarkt.co.uk/real-sociedad_ud-las-palmas/index/spielbericht/4112953
[3451679] Could not find attributes for nassim hnid (Athlitiki Enosi Konstantinoupoleos, 2020)
[4368910] Could not find attributes for mykyta burda (FK Kolos Kovalivka, 2024)
[4582242] Could not find attributes for raniele (Sport Club Corinthians Paulista, 2024)
[4718705] Could not find attributes for frederic miyenga (Marko FC, 2025)
[4624543] Could not find attributes for jan kral (SK Sigma Olomouc, a.s., 2025)
[4582242] Failed to build match row: Sport Club Corinthians Paulista vs Clube de Regatas do Flamengo
[4718705] Failed to build match row: Marko FC vs Athlitiki Enosi Larisas
[3451679] Failed to build match row: Athlitiki Enosi Konstantinoupoleos vs PAS Lamia 1964
[4404893] Could not find attributes for saad bguir (Al-Wehda FC, 2024)
[4624543] Failed to build match row: AC Sparta Praha, a. s. vs SK Sigma Olomouc, a.s.
[4368910] Failed to build match row: FC Shakhtar Donetsk vs FK Kolos Kovalivka
[4404893] Failed to build match row: Al-Wehda FC vs Al-Khaleej Club (Saihat)
[3860504] Could not find attributes for arif kocaman (Kayserispor Kulübü, 2022)
[3413015] Could not find attributes for kilian ludewig (FC Schalke 04, 2020)
[3413015] Failed to build match row: FC Schalke 04 vs Verein für Leibesübungen Wolfsburg
[4393384] Could not find attributes for ali aytemur (Bodrum FK, 2024)
[3860504] Failed to build match row: Trabzonspor Kulübü vs Kayserispor Kulübü
[4393384] Failed to build match row: Bodrum FK vs Antalyaspor
[4216894] Could not find attributes for nikolay zabolotnyi (FK Sochi, 2023)
[3851120] Could not find attributes for gift orban (Koninklijke Atletiek Associatie Gent, 2022)

Keepers & outfield error for **Levante Unión Deportiva S.A.D.** in Levante Unión Deportiva S.A.D. vs Girona Fútbol Club S. A. D.: Numbers: 0 and 11.
[4216894] Failed to build match row: FK Sochi vs FK Dinamo Moskva
[3598351] Could not find attributes for ilias sebaoui (Beerschot VA, 2021)
[4645949] Failed to build match row: Levante Unión Deportiva S.A.D. vs Girona Fútbol Club S. A. D.
[3851120] Failed to build match row: Koninklijke Atletiek Associatie Gent vs Royal Sporting Club Anderlecht
[4506852] Could not find attributes for yassine meriah (Esperance Tunis, 2025)
[3598351] Failed to build match row: Royale Union Saint-Gilloise vs Beerschot VA
[3889014] Could not find attributes for petros bagkalianis (PAS Giannina, 2022)
[4362787] Failed to scrape lineup: https://www.transfermarkt.co.uk/manchester-united_ipswich-town/index/spielbericht/4362787
[4506852] Failed to build match row: Esperance Tunis vs Chelsea Football Club
[3889014] Failed to build match row: PAS Giannina vs APO Levadiakos Football Club
[4777066] Could not find attributes for aleksandr maksimenko (FK Spartak Moskva, 2025)
[4777066] Failed to build match row: FK Spartak Moskva vs FK Dinamo Moskva
[3434857] Could not find attributes for aleksey gorodovoy (Veles Moscow, 2020)
[3434857] Failed to build match row: Veles Moscow vs Ural Yekaterinburg
[4649528] Could not find attributes for jack butland (Rangers Football Club, 2025)
[4649528] Failed to build match row: Rangers Football Club vs The Celtic Football Club

Keepers & outfield error for **Paris Saint-Germain Football Club** in Olympique Lyonnais vs Paris Saint-Germain Football Club: Numbers: 2 and 9.
[3840033] Failed to build match row: Olympique Lyonnais vs Paris Saint-Germain Football Club
[4582243] Failed to scrape lineup: https://www.transfermarkt.co.uk/sao-paulo-futebol-clube_ceara-sporting-club/index/spielbericht/4582243
[4358745] Could not find attributes for sasa stamenkovic (Fudbalski Klub Mladost Lučani, 2024)
[4358745] Failed to build match row: Fudbalski Klub Mladost Lučani vs Fudbalski Klub Partizan Beograd

Keepers & outfield error for **Eintracht Frankfurt Fußball AG** in Eintracht Frankfurt Fußball AG vs FC Bayern München: Numbers: 2 and 9.
[3614719] Failed to scrape lineup: https://www.transfermarkt.co.uk/venezia-fc_ss-lazio/index/spielbericht/3614719
[4096086] Failed to build match row: Eintracht Frankfurt Fußball AG vs FC Bayern München
[4648715] Could not find attributes for benny (Moreirense Futebol Clube, 2025)
[4648715] Failed to build match row: Moreirense Futebol Clube vs Futebol Clube de Famalicão
[3851121] Failed to scrape lineup: https://www.transfermarkt.co.uk/royal-antwerp-fc_kv-mechelen/index/spielbericht/3851121
[3421809] Failed to scrape lineup: https://www.transfermarkt.co.uk/newcastle-united_fulham-fc/index/spielbericht/3421809
[3431113] Could not find attributes for mario fernandes (PFK CSKA Moskva, 2020)
[4404894] Could not find attributes for gaetan coucke (Al-Orobah FC, 2024)
[3431113] Failed to build match row: PFK CSKA Moskva vs FK Spartak Moskva
[4404894] Failed to build match row: Al-Orobah FC vs Al-Shabab Club
[4365313] Could not find attributes for bujar pllana (Klub Sportowy Lechia Gdańsk, 2024)
[3966874] Could not find attributes for max conway (Buxton FC, 2022)

Keepers & outfield error for **Al-Qadsiah Saudi Football Club** in Al-Qadsiah Saudi Football Club vs Al-Taawoun Football Club: Numbers: 2 and 9.
[4365313] Failed to build match row: Klub Sportowy Lechia Gdańsk vs Jagiellonia-Bialystok Sportowa Spólka Akcyjna
[4506853] Could not find attributes for shusaku nishikawa (Urawa Red Diamonds, 2025)
[3966874] Failed to build match row: Ipswich Town vs Buxton FC
[4506853] Failed to build match row: Urawa Red Diamonds vs Club de Fútbol Monterrey Rayados A.C.
[3840034] Could not find attributes for desire doue (Rennes, 2022)
[4112954] Could not find attributes for yarek gasiorowski (Valencia Club de Fútbol S. A. D., 2023)
[4410927] Failed to build match row: Al-Qadsiah Saudi Football Club vs Al-Taawoun Football Club
[4718706] Could not find attributes for zisis karachalios (Omilos Filathlon Irakliou FC, 2025)
[3840034] Failed to build match row: Olympique de Marseille vs Rennes
[4112954] Failed to build match row: Valencia Club de Fútbol S. A. D. vs Alaves
[4718706] Failed to build match row: Omilos Filathlon Irakliou FC vs AO Kavala
[4805901] Could not find attributes for yigit efe demir (Fenerbahçe Spor Kulübü, 2025)
[3889015] Could not find attributes for julian cuesta (Aris Thessalonikis, 2022)
[3889015] Failed to build match row: Aris Thessalonikis vs Olympiakos Syndesmos Filathlon Peiraios
[4805901] Failed to build match row: Nottingham Forest Football Club vs Fenerbahçe Spor Kulübü

Keepers & outfield error for **Venezia FC** in Venezia FC vs Verona Hellas Football Club: Numbers: 2 and 9.

Keepers & outfield error for **Impulsora del Deportivo Necaxa S.A. de C.V.** in Impulsora del Deportivo Necaxa S.A. de C.V. vs Club Deportivo Guadalajara S. A. de C. V.: Numbers: 2 and 9.
[4374141] Failed to build match row: Venezia FC vs Verona Hellas Football Club
[4528315] Failed to build match row: Impulsora del Deportivo Necaxa S.A. de C.V. vs Club Deportivo Guadalajara S. A. de C. V.
[4393385] Could not find attributes for malcom bokele (Göztepe Sportif Yatırımlar A.Ş., 2024)
[4393385] Failed to build match row: Göztepe Sportif Yatırımlar A.Ş. vs Beşiktaş Jimnastik Kulübü
[4777067] Could not find attributes for stanislav agkatsev (FK Krasnodar, 2025)
[4777067] Failed to build match row: FK Krasnodar vs PFK CSKA Moskva
[3413016] Could not find attributes for taiwo awoniyi (1. Fußballclub Union Berlin, 2020)
[3413016] Failed to build match row: 1. Fußball-Club Köln vs 1. Fußballclub Union Berlin
[3434858] Could not find attributes for sergey aydarov (Rodina Moscow, 2020)
[3434858] Failed to build match row: Rodina Moscow vs Enisey Krasnoyarsk
[3607552] Could not find attributes for ilias akhomach (Futbol Club Barcelona, 2021)
[3607552] Failed to build match row: Futbol Club Barcelona vs Espanol
[4103516] Failed to scrape lineup: https://www.transfermarkt.co.uk/us-lecce_genoa-cfc/index/spielbericht/4103516
[4624544] Could not find attributes for stanislav dostal (FC Trinity Zlin, 2025)
[4624544] Failed to build match row: FC Trinity Zlin vs FK Mladá Boleslav, a.s.
[4129461] Could not find attributes for rey manaj (Sivasspor, 2023)
[4129461] Failed to build match row: Sivasspor vs MKE Ankaragücü
[4404895] Failed to scrape lineup: https://www.transfermarkt.co.uk/al-kholood-club_al-nassr-fc/index/spielbericht/4404895
[4705707] Could not find attributes for sandro vidigal (Sporting Clube de Braga, 2025)
[4705707] Failed to build match row: Sporting Clube de Braga vs Lincoln Red Imps FC
[3451680] Could not find attributes for gergely nagy (Athlitiki Enosi Larisas, 2020)
[3451680] Failed to build match row: Athlitiki Enosi Larisas vs Panathinaikos Athlitikos Omilos

Keepers & outfield error for **Leeds United Association Football Club** in Brentford Football Club vs Leeds United Association Football Club: Numbers: 0 and 11.
[4506854] Failed to scrape lineup: https://www.transfermarkt.co.uk/spielbericht/index/spielbericht/4506854
[4625925] Failed to build match row: Brentford Football Club vs Leeds United Association Football Club
[4368912] Could not find attributes for denys marchenko (FK Obolon Kyiv, 2024)
[4368912] Failed to build match row: Futbolniy Klub Dynamo Kyiv vs FK Obolon Kyiv
[4092074] Could not find attributes for vladislav torop (PFK CSKA Moskva, 2023)
[4092074] Failed to build match row: PFK CSKA Moskva vs FK Sochi
[4358746] Could not find attributes for nikola marjanovic (FK Tekstilac Odzaci, 2024)
[4358746] Failed to build match row: FK Tekstilac Odzaci vs Fudbalski klub Napredak Kruševac
[4645951] Failed to scrape lineup: https://www.transfermarkt.co.uk/sevilla-fc_rayo-vallecano/index/spielbericht/4645951
[3592039] Failed to scrape lineup: https://www.transfermarkt.co.uk/watford-fc_manchester-united/index/spielbericht/3592039
[4129462] Failed to scrape lineup: https://www.transfermarkt.co.uk/konyaspor_caykur-rizespor/index/spielbericht/4129462
[4582244] Could not find attributes for vanderlan (Red Bull Bragantino, 2024)
[4805902] Failed to scrape lineup: https://www.transfermarkt.co.uk/spielbericht/index/spielbericht/4805902
[4641296] Could not find attributes for matties volckaert (Koninklijke Atletiek Associatie Gent, 2025)
[4216895] Could not find attributes for aleksandr soldatenkov (PFK Krylya Sovetov Samara, 2023)
[4641296] Failed to build match row: Koninklijke Racing Club Genk vs Koninklijke Atletiek Associatie Gent
[4216895] Failed to build match row: PFK Krylya Sovetov Samara vs Ural Yekaterinburg
[4582244] Failed to build match row: Red Bull Bragantino vs Santos Futebol Clube
[3583622] Could not find attributes for vasil bozhikov (Slovan Bratislava, 2021)
[3583622] Failed to build match row: Slovan Bratislava vs Shamrock Rovers
[4365314] Could not find attributes for luquinhas (Legia Warszawa Spółka Akcyjna, 2024)
[4365314] Failed to build match row: Legia Warszawa Spółka Akcyjna vs Morski Klub Sportowy Pogoń Szczecin
[3912547] Could not find attributes for sergiy sydorchuk (Futbolniy Klub Dynamo Kyiv, 2022)
[3912547] Failed to build match row: Futbolniy Klub Dynamo Kyiv vs Rennes
[3889016] Could not find attributes for dimitrios chatziisaias (APS Atromitos Athinon, 2022)
[3889016] Failed to build match row: APS Atromitos Athinon vs PAS Lamia 1964
[3431114] Could not find attributes for anton shunin (FK Dinamo Moskva, 2020)
[3431114] Failed to build match row: FK Dinamo Moskva vs FC Rubin Kazan
[4393386] Could not find attributes for luccas claro (Eyüp Spor Kulübü, 2024)
[4393386] Failed to build match row: Çaykur Rizespor Kulübü vs Eyüp Spor Kulübü

Keepers & outfield error for **Al-Hilal Saudi Football Club** in Al-Hilal Saudi Football Club vs Al-Taawoun Football Club: Numbers: 0 and 11.
[4404896] Failed to build match row: Al-Hilal Saudi Football Club vs Al-Taawoun Football Club
[4129463] Failed to scrape lineup: https://www.transfermarkt.co.uk/hatayspor_trabzonspor/index/spielbericht/4129463
[3840036] Failed to scrape lineup: https://www.transfermarkt.co.uk/stade-reims_as-monaco/index/spielbericht/3840036
[4506855] Could not find attributes for keanu cupido (Mamelodi Sundowns FC, 2025)
[4506855] Failed to build match row: Mamelodi Sundowns FC vs Fluminense Football Club
[4777068] Could not find attributes for nikita kokarev (PFK Krylya Sovetov Samara, 2025)
[4777068] Failed to build match row: PFK Krylya Sovetov Samara vs FC Orenburg
[3912548] Could not find attributes for kostyantyn vivcharenko (Futbolniy Klub Dynamo Kyiv, 2022)
[3912548] Failed to build match row: Futbolniy Klub Dynamo Kyiv vs Fenerbahçe Spor Kulübü
[4649530] Could not find attributes for alex oxlade chamberlain (The Celtic Football Club, 2025)
[4649530] Failed to build match row: The Celtic Football Club vs Saint Mirren Football Club
[3614721] Could not find attributes for manolo portanova (Genoa Cricket and Football Club, 2021)

Keepers & outfield error for **Athletic Club Bilbao** in Athletic Club Bilbao vs Club Atlético Osasuna: Numbers: 2 and 9.
[3614721] Failed to build match row: Genoa Cricket and Football Club vs Atalanta Bergamasca Calcio S.p.a.
[4410928] Could not find attributes for milan borjan (Al-Riyadh Saudi Club, 2024)
[4404897] Failed to scrape lineup: https://www.transfermarkt.co.uk/al-ahli-sfc_al-okhdood-club/index/spielbericht/4404897
[4112955] Failed to build match row: Athletic Club Bilbao vs Club Atlético Osasuna
[4358747] Could not find attributes for stefan popovic (Fudbalski Klub Novi Pazar, 2024)
[4410928] Failed to build match row: Al-Riyadh Saudi Club vs Al-Khaleej Club (Saihat)
[4358747] Failed to build match row: Fudbalski Klub Novi Pazar vs FK Radnički 1923 Kragujevac
[4641297] Could not find attributes for yuto tsunashima (Royal Antwerp Football Club, 2025)
[4624545] Could not find attributes for milan heca (1. FC Slovácko, 2025)
[3860507] Could not find attributes for yasin ozcan (Kasımpaşa A.Ş., 2022)
[4624545] Failed to build match row: FC Viktoria Plzeň, a.s. vs 1. FC Slovácko
[3860507] Failed to build match row: Galatasaray Spor Kulübü vs Kasımpaşa A.Ş.
[3840039] Failed to scrape lineup: https://www.transfermarkt.co.uk/ac-ajaccio_clermont-foot-63/index/spielbericht/3840039
[4705708] Could not find attributes for duje dujmovic (HSK Zrinjski Mostar, 2025)
[4641297] Failed to build match row: Royal Antwerp Football Club vs St Truiden
[4096089] Failed to scrape lineup: https://www.transfermarkt.co.uk/tsg-1899-hoffenheim_vfl-bochum/index/spielbericht/4096089
[4705708] Failed to build match row: Football Club Utrecht vs HSK Zrinjski Mostar

Keepers & outfield error for **Wolverhampton Wanderers Football Club** in Wolverhampton Wanderers Football Club vs West Ham United Football Club: Numbers: 0 and 11.
[4506856] Failed to scrape lineup: https://www.transfermarkt.co.uk/spielbericht/index/spielbericht/4506856

Keepers & outfield error for **Clube Atlético Mineiro** in Clube Atlético Mineiro vs Mirasol Futebol Clube: Numbers: 0 and 11.
[3592040] Failed to build match row: Wolverhampton Wanderers Football Club vs West Ham United Football Club
[4634427] Could not find attributes for vini souza (Verein für Leibesübungen Wolfsburg, 2025)

Keepers & outfield error for **Unione Sportiva Sassuolo Calcio** in Unione Sportiva Sassuolo Calcio vs SPAL: Numbers: 2 and 9.
[3434859] Could not find attributes for nikita kataev (Rodina Moscow, 2020)
[3434859] Failed to build match row: Rodina Moscow vs FK Spartak Moskva
[4634427] Failed to build match row: Verein für Leibesübungen Wolfsburg vs Sportverein Werder Bremen von 1899
[4582245] Failed to build match row: Clube Atlético Mineiro vs Mirasol Futebol Clube
[3490475] Failed to build match row: Unione Sportiva Sassuolo Calcio vs SPAL
[4368913] Could not find attributes for andriy klishchuk (FK Kryvbas Kryvyi Rig, 2024)
[4368913] Failed to build match row: FK Kryvbas Kryvyi Rig vs FC Zorya Lugansk
[3421811] Failed to build match row: Tottenham Hotspur Football Club vs Leicester City
[4092075] Could not find attributes for sergey pesjakov (FK Rostov, 2023)
[4092075] Failed to build match row: FK Rostov vs FC Rubin Kazan
[3583623] Could not find attributes for roberts ozols (Riga FC, 2021)
[3889017] Could not find attributes for boris kleyman (Volou Neos Podosferikos Syllogos, 2022)
[3431115] Could not find attributes for sergey ryzhikov (PFK Tambov (-2021), 2020)
[3583623] Failed to build match row: Malmö Fotbollförening vs Riga FC
[3889017] Failed to build match row: Volou Neos Podosferikos Syllogos vs Ionikos Nikeas
[3431115] Failed to build match row: PFK Tambov (-2021) vs FK Ufa
[4805903] Could not find attributes for strahinja erakovic (Fudbalski klub Crvena zvezda Beograd, 2025)
[4805903] Failed to build match row: Fudbalski klub Crvena zvezda Beograd vs Lille Olympique Sporting Club
[3969480] Could not find attributes for jay hogarth (Alloa Athletic FC, 2022)

Keepers & outfield error for **İstanbul Başakşehir Futbol Kulübü** in İstanbul Başakşehir Futbol Kulübü vs Gaziantep Futbol Kulübü A.Ş.: Numbers: 2 and 9.
[3969480] Failed to build match row: Alloa Athletic FC vs Falkirk Football & Athletic Club
[4393387] Failed to build match row: İstanbul Başakşehir Futbol Kulübü vs Gaziantep Futbol Kulübü A.Ş.
[4649531] Could not find attributes for babacar fati (Livingston Football Club, 2025)
[4649531] Failed to build match row: Dundee United Football Club vs Livingston Football Club
[4358748] Could not find attributes for lazar kalicanin (Fudbalski klub Čukarički Beograd, 2024)
[4358748] Failed to build match row: Fudbalski klub Čukarički Beograd vs Fudbalski klub TSC Bačka Topola
[3912549] Could not find attributes for sergiy sydorchuk (Futbolniy Klub Dynamo Kyiv, 2022)
[3912549] Failed to build match row: Futbolniy Klub Dynamo Kyiv vs AEK Larnaca
[4410929] Could not find attributes for moussa dembele (Al-Ettifaq Football Club, 2024)
[4410929] Failed to build match row: Al-Ettifaq Football Club vs Al-Kholood Club
[3607553] Failed to scrape lineup: https://www.transfermarkt.co.uk/celta-de-vigo_villarreal-cf/index/spielbericht/3607553
[4129464] Could not find attributes for endri cekici (Pendikspor, 2023)
[4129464] Failed to build match row: Pendikspor vs Fatih Karagümrük Sportif Faaliyetler San. Tic. A.Ş.
[4528316] Could not find attributes for helinho (Deportivo Toluca Futbol Club, S. A. de C. V., 2024)
[4528316] Failed to build match row: Deportivo Toluca Futbol Club, S. A. de C. V. vs Club de Fútbol Monterrey Rayados A.C.

Keepers & outfield error for **Wolverhampton Wanderers Football Club** in Wolverhampton Wanderers Football Club vs Fulham Football Club: Numbers: 0 and 11.
[3837824] Failed to build match row: Wolverhampton Wanderers Football Club vs Fulham Football Club
[4216896] Could not find attributes for aleksandr belenov (Fakel Voronezh, 2023)
[4216896] Failed to build match row: Fakel Voronezh vs PFK CSKA Moskva
[3690506] Could not find attributes for liam mcdevitt (Hayes & Yeading FC, 2021)
[3690506] Failed to build match row: Hayes & Yeading FC vs Sutton United
[3860509] Could not find attributes for arif kocaman (Kayserispor Kulübü, 2022)
[3860509] Failed to build match row: Antalyaspor vs Kayserispor Kulübü
[3421812] Could not find attributes for conor gallagher (West Bromwich Albion, 2020)
[3421812] Failed to build match row: West Bromwich Albion vs Aston Villa Football Club
[4129465] Failed to scrape lineup: https://www.transfermarkt.co.uk/kasimpasa_adana-demirspor/index/spielbericht/4129465
[4624546] Could not find attributes for jakub uhrincat (FC Hradec Králové a.s., 2025)

Keepers & outfield error for **Grêmio Foot-Ball Porto Alegrense** in Grêmio Foot-Ball Porto Alegrense vs Esporte Clube Vitória: Numbers: 2 and 9.
[4624546] Failed to build match row: FC Hradec Králové a.s. vs FK Pardubice
[4718707] Could not find attributes for wiktor matyjewicz (Athens Kallithea, 2025)
[3851123] Could not find attributes for christalino atemona (KV Kortrijk, 2022)
[4582246] Failed to build match row: Grêmio Foot-Ball Porto Alegrense vs Esporte Clube Vitória
[4777069] Could not find attributes for mikhail tsulaya (Arsenal Tula, 2025)
[3851123] Failed to build match row: KV Kortrijk vs Royal Charleroi Sporting Club
[4718707] Failed to build match row: Panathinaikos Athlitikos Omilos vs Athens Kallithea
[4777069] Failed to build match row: Arsenal Tula vs Футбольный клуб "Локомотив" Москва
[4506857] Could not find attributes for el mehdi benabid (Wydad Casablanca, 2025)
[4506857] Failed to build match row: Wydad Casablanca vs Al-Ain FC

Keepers & outfield error for **Galatasaray Spor Kulübü** in Galatasaray Spor Kulübü vs Bodrum FK: Numbers: 2 and 9.
[4393388] Failed to build match row: Galatasaray Spor Kulübü vs Bodrum FK
[3860510] Could not find attributes for gokhan akkan (MKE Ankaragücü, 2022)
[3912550] Failed to scrape lineup: https://www.transfermarkt.co.uk/spielbericht/index/spielbericht/3912550
[3860510] Failed to build match row: MKE Ankaragücü vs Alanyaspor
[4705709] Could not find attributes for zlatan alomerovic (AEK Larnaca, 2025)
[4705709] Failed to build match row: AEK Larnaca vs Sportsklubben Brann
[4649532] Could not find attributes for jack butland (Rangers Football Club, 2025)
[4649532] Failed to build match row: Falkirk Football & Athletic Club vs Rangers Football Club
[3421813] Failed to scrape lineup: https://www.transfermarkt.co.uk/arsenal-fc_chelsea-fc/index/spielbericht/3421813
[3889018] Could not find attributes for matej markovic (APO Levadiakos Football Club, 2022)
[3889018] Failed to build match row: APO Levadiakos Football Club vs A.G.S Asteras Tripolis
[4805904] Could not find attributes for bamidele yusuf (Ferencvárosi TC, 2025)
[4805904] Failed to build match row: Ferencvárosi TC vs Sporting Clube de Braga
[3431117] Could not find attributes for ilya pomazun (Ural Yekaterinburg, 2020)
[3431117] Failed to build match row: Ural Yekaterinburg vs FC Khimki (-2025)
[3413018] Could not find attributes for sava arangel cestic (1. Fußball-Club Köln, 2020)
[3413018] Failed to build match row: Borussia Dortmund vs 1. Fußball-Club Köln
[3434860] Could not find attributes for mikhail oparin (Enisey Krasnoyarsk, 2020)
[3434860] Failed to build match row: Enisey Krasnoyarsk vs FK Spartak Moskva
[4092076] Could not find attributes for anton shunin (FK Dinamo Moskva, 2023)
[4092076] Failed to build match row: FK Dinamo Moskva vs FK Baltika
[4368914] Could not find attributes for maksym mekhaniv (Livyi Bereg Kyiv, 2024)
[4368914] Failed to build match row: Livyi Bereg Kyiv vs FK Polissya Zhytomyr
[4634429] Could not find attributes for tomoya ando (Fußball-Club St. Pauli von 1910, 2025)

Keepers & outfield error for **Associazione Calcio Fiorentina** in Associazione Calcio Fiorentina vs Genoa Cricket and Football Club: Numbers: 0 and 11.
[4634429] Failed to build match row: Fußball-Club St. Pauli von 1910 vs Sport-Club Freiburg
[4374145] Failed to build match row: Associazione Calcio Fiorentina vs Genoa Cricket and Football Club
[4805905] Could not find attributes for davide calabria (Panathinaikos Athlitikos Omilos, 2025)
[4805905] Failed to build match row: Panathinaikos Athlitikos Omilos vs Real Betis Balompié S.A.D.
[4410931] Could not find attributes for gaetan coucke (Al-Orobah FC, 2024)
[4410931] Failed to build match row: Al-Orobah FC vs Al-Hilal Saudi Football Club
Not enough players found for lineup: 11, 0.
[4156989] Failed to scrape lineup: https://www.transfermarkt.co.uk/spielbericht/index/spielbericht/4156989
[4624547] Could not find attributes for dominik holec (FC Baník Ostrava a.s., 2025)
[4624547] Failed to build match row: FC Baník Ostrava a.s. vs MFK Karvina

Keepers & outfield error for **Unione Sportiva Sassuolo Calcio** in Unione Sportiva Sassuolo Calcio vs Juventus Football Club: Numbers: 0 and 11.
[4103519] Failed to build match row: Unione Sportiva Sassuolo Calcio vs Juventus Football Club
[4112958] Could not find attributes for chris ramos (Cádiz CF, 2023)
[4112958] Failed to build match row: Cádiz CF vs Getafe Club de Fútbol S. A. D. Team Dubai
[3431119] Could not find attributes for matvey safonov (FK Krasnodar, 2020)
[3431119] Failed to build match row: FK Krasnodar vs FC Khimki (-2025)
[3413019] Could not find attributes for lazar samardzic (RasenBallsport Leipzig, 2020)
[3413019] Failed to build match row: RasenBallsport Leipzig vs Arminia Bielefeld
[3912551] Could not find attributes for ismail yuksek (Fenerbahçe Spor Kulübü, 2022)
[3912551] Failed to build match row: Rennes vs Fenerbahçe Spor Kulübü
[4368915] Could not find attributes for oleksiy palamarchuk (Ingulets Petrove, 2024)
[4368915] Failed to build match row: Ingulets Petrove vs LNZ Cherkasy

Keepers & outfield error for **Carlisle United** in Carlisle United vs Horsham FC: Numbers: 0 and 11.
[3690507] Failed to build match row: Carlisle United vs Horsham FC
[4649533] Could not find attributes for alexander schwolow (Heart of Midlothian Football Club, 2025)
[4649533] Failed to build match row: Heart of Midlothian Football Club vs Motherwell Football Club
[4092077] Could not find attributes for ilya lantratov (Футбольный клуб "Локомотив" Москва, 2023)
[4374146] Could not find attributes for nicolo savona (Juventus Football Club, 2024)
[4092077] Failed to build match row: Футбольный клуб "Локомотив" Москва vs PFK Krylya Sovetov Samara
[3851125] Could not find attributes for aleksandr filin (KAS Eupen, 2022)
[3851125] Failed to build match row: Royale Union Saint-Gilloise vs KAS Eupen
[4216897] Failed to scrape lineup: https://www.transfermarkt.co.uk/lokomotiv-moscow_akhmat-grozny/index/spielbericht/4216897
[4582247] Could not find attributes for weverton (Sociedade Esportiva Palmeiras, 2024)
[4582247] Failed to build match row: Esporte Clube Bahia vs Sociedade Esportiva Palmeiras
[3969481] Could not find attributes for thomas obrien (Arbroath FC, 2022)
[3969481] Failed to build match row: Arbroath FC vs Motherwell Football Club
[4641299] Failed to scrape lineup: https://www.transfermarkt.co.uk/cercle-brugge-_fcv-dender-eh/index/spielbericht/4641299
[3614727] Could not find attributes for kevin bonifazi (Bologna Football Club 1909, 2021)
[3614727] Failed to build match row: Unione Sportiva Sassuolo Calcio vs Bologna Football Club 1909

Keepers & outfield error for **Al-Nassr Football Club** in Al-Nassr Football Club vs Al-Okhdood Club: Numbers: 0 and 11.
[4410932] Failed to build match row: Al-Nassr Football Club vs Al-Okhdood Club
Not enough players found for lineup: 0, 0.
[4156991] Failed to scrape lineup: https://www.transfermarkt.co.uk/spielbericht/index/spielbericht/4156991
[3490476] Could not find attributes for radu dragusin (Juventus Football Club, 2020)
[3490476] Failed to build match row: Juventus Football Club vs Genoa Cricket and Football Club
[4129467] Could not find attributes for florin nita (Gaziantep Futbol Kulübü A.Ş., 2023)
[4129467] Failed to build match row: Gaziantep Futbol Kulübü A.Ş. vs Istanbulspor
[4718708] Failed to scrape lineup: https://www.transfermarkt.co.uk/spielbericht/index/spielbericht/4718708
[4393389] Failed to scrape lineup: https://www.transfermarkt.co.uk/adana-demirspor_trabzonspor/index/spielbericht/4393389
[4092078] Could not find attributes for artur nigmatullin (FK Nizhny Novgorod, 2023)
[3860511] Failed to scrape lineup: https://www.transfermarkt.co.uk/giresunspor_fatih-karagumruk/index/spielbericht/3860511
[4092078] Failed to build match row: FK Nizhny Novgorod vs RFK Akhmat Grozny
[4649534] Could not find attributes for michael schjonning larsen (Kilmarnock Football Club, 2025)
[4649534] Failed to build match row: Kilmarnock Football Club vs Dundee Football Club
[4705710] Failed to scrape lineup: https://www.transfermarkt.co.uk/spielbericht/index/spielbericht/4705710
[3889019] Failed to scrape lineup: https://www.transfermarkt.co.uk/ofi-crete-fc_paok-thessaloniki/index/spielbericht/3889019

Keepers & outfield error for **Manchester City Football Club** in Brighton and Hove Albion Football Club vs Manchester City Football Club: Numbers: 2 and 9.
[3592043] Failed to build match row: Brighton and Hove Albion Football Club vs Manchester City Football Club
[3598352] Failed to scrape lineup: https://www.transfermarkt.co.uk/rfc-seraing_oud-heverlee-leuven/index/spielbericht/3598352
[4216898] Failed to scrape lineup: https://www.transfermarkt.co.uk/zenit-st-petersburg_fc-krasnodar/index/spielbericht/4216898
[4374147] Failed to scrape lineup: https://www.transfermarkt.co.uk/ac-milan_inter-milan/index/spielbericht/4374147
[3434861] Could not find attributes for artem gerasimov (Salyut Belgorod, 2020)
[3434861] Failed to build match row: Salyut Belgorod vs Tekstilshchik Ivanovo
[4528318] Could not find attributes for gaddi aguirre (Club de Futbol Rojinegros S.A. de C.V., 2024)
[4528318] Failed to build match row: Club de Futbol Rojinegros S.A. de C.V. vs Club León Fútbol Club
[3431120] Could not find attributes for anton shunin (FK Dinamo Moskva, 2020)
[4634430] Failed to scrape lineup: https://www.transfermarkt.co.uk/1-fc-heidenheim-1846_bayer-04-leverkusen/index/spielbericht/4634430
[3431120] Failed to build match row: FK Dinamo Moskva vs RFK Akhmat Grozny

Keepers & outfield error for **Casa Pia Atlético Clube** in Casa Pia Atlético Clube vs Club Football Estrela da Amadora: Numbers: 2 and 9.
[3614728] Could not find attributes for kevin bonifazi (Bologna Football Club 1909, 2021)
[4648719] Failed to build match row: Casa Pia Atlético Clube vs Club Football Estrela da Amadora
[4641300] Could not find attributes for mathis servais (Yellow-Red Koninklijke Voetbalclub Mechelen, 2025)
[3614728] Failed to build match row: Cagliari Calcio vs Bologna Football Club 1909

Keepers & outfield error for **Association Football Club Bournemouth** in Manchester United Football Club vs Association Football Club Bournemouth: Numbers: 2 and 9.
[4641300] Failed to build match row: Yellow-Red Koninklijke Voetbalclub Mechelen vs Sportvereniging Zulte Waregem
[4129468] Could not find attributes for ousseynou ba (İstanbul Başakşehir Futbol Kulübü, 2023)
[4625930] Failed to build match row: Manchester United Football Club vs Association Football Club Bournemouth
[4365315] Could not find attributes for bright ede (Motor Lublin Spółka Akcyjna, 2024)
[4129468] Failed to build match row: İstanbul Başakşehir Futbol Kulübü vs Galatasaray Spor Kulübü

Keepers & outfield error for **Real Oviedo S.A.D.** in Espanol vs Real Oviedo S.A.D.: Numbers: 2 and 9.
[4365315] Failed to build match row: Motor Lublin Spółka Akcyjna vs Stal Mielec
Not enough players found for lineup: 11, 0.
[4645955] Failed to build match row: Espanol vs Real Oviedo S.A.D.
[4156992] Failed to scrape lineup: https://www.transfermarkt.co.uk/spielbericht/index/spielbericht/4156992

Keepers & outfield error for **Aston Villa Football Club** in Aston Villa Football Club vs Crystal Palace Football Club: Numbers: 0 and 11.
[3421814] Failed to build match row: Aston Villa Football Club vs Crystal Palace Football Club
[3583624] Could not find attributes for luquinhas (Legia Warszawa Spółka Akcyjna, 2021)
[4368916] Failed to scrape lineup: https://www.transfermarkt.co.uk/polissya-zhytomyr_vorskla-poltava/index/spielbericht/4368916
[3583624] Failed to build match row: Fotballklubben Bodø/Glimt vs Legia Warszawa Spółka Akcyjna
[4410933] Could not find attributes for ayoub qasmi (Al-Raed SFC, 2024)
[4410933] Failed to build match row: Al-Raed SFC vs Damac Football Club
[4718709] Could not find attributes for vasilios tsimopoulos (AO Egaleo, 2025)
[4718709] Failed to build match row: AO Egaleo vs Athlitiki Enosi Konstantinoupoleos
[4393390] Could not find attributes for jhon espinoza (Kasımpaşa A.Ş., 2024)
[4393390] Failed to build match row: Kasımpaşa A.Ş. vs Sivasspor
[3860512] Could not find attributes for tayyip talha sanuc (Beşiktaş Jimnastik Kulübü, 2022)
[3860512] Failed to build match row: İstanbul Başakşehir Futbol Kulübü vs Beşiktaş Jimnastik Kulübü
[4624548] Could not find attributes for michal reichl (Bohemians Praha 1905, a.s., 2025)
[4624548] Failed to build match row: Bohemians Praha 1905, a.s. vs FK Jablonec a.s.
[4092079] Could not find attributes for ilya pomazun (Ural Yekaterinburg, 2023)
[4092079] Failed to build match row: Ural Yekaterinburg vs FK Spartak Moskva
[4649535] Could not find attributes for colby donovan (The Celtic Football Club, 2025)
[4649535] Failed to build match row: Dundee Football Club vs The Celtic Football Club
[4582248] Failed to scrape lineup: https://www.transfermarkt.co.uk/fortaleza-esporte-clube_sport-club-do-recife/index/spielbericht/4582248
[3637789] Could not find attributes for samuele perisan (Pordenone Calcio, 2021)
[3637789] Failed to build match row: Pordenone Calcio vs Spezia Calcio
[3969482] Failed to scrape lineup: https://www.transfermarkt.co.uk/spielbericht/index/spielbericht/3969482

Keepers & outfield error for **Querétaro Fútbol Club** in Querétaro Fútbol Club vs Club Universidad Nacional A. C.: Numbers: 0 and 11.
[4528319] Failed to build match row: Querétaro Fútbol Club vs Club Universidad Nacional A. C.
[4374148] Could not find attributes for stefano sensi (AC Monza, 2024)
[4374148] Failed to build match row: AC Monza vs Verona Hellas Football Club
[3851127] Could not find attributes for mateo barac (KV Oostende, 2022)
[3851127] Failed to build match row: KV Oostende vs Club Brugge Koninklijke Voetbalvereniging
[4805907] Could not find attributes for steeve kango (Olympique Lyonnais, 2025)
[4805907] Failed to build match row: Celta vs Olympique Lyonnais
[4624549] Could not find attributes for matous trmal (FK Teplice, a.s., 2025)
[4624549] Failed to build match row: SK Slavia Praha, a.s. vs FK Teplice, a.s.
[3607556] Could not find attributes for shkodran mustafi (Levante Unión Deportiva S.A.D., 2021)
[3607556] Failed to build match row: Levante Unión Deportiva S.A.D. vs Athletic Club Bilbao
[3413020] Could not find attributes for kilian ludewig (FC Schalke 04, 2020)
[3413020] Failed to build match row: Mönchengladbach vs FC Schalke 04

Keepers & outfield error for **Futebol Clube de Arouca** in Futebol Clube de Arouca vs Moreirense Futebol Clube: Numbers: 2 and 9.
[4648720] Failed to build match row: Futebol Clube de Arouca vs Moreirense Futebol Clube
[3490615] Failed to scrape lineup: https://www.transfermarkt.co.uk/cercle-brugge-_krc-genk/index/spielbericht/3490615
[3969483] Failed to scrape lineup: https://www.transfermarkt.co.uk/spielbericht/index/spielbericht/3969483

Keepers & outfield error for **Al-Qadsiah Saudi Football Club** in Al-Qadsiah Saudi Football Club vs Damac Football Club: Numbers: 2 and 9.
[3434862] Could not find attributes for artem gerasimov (Salyut Belgorod, 2020)
[4404898] Failed to build match row: Al-Qadsiah Saudi Football Club vs Damac Football Club
[3434862] Failed to build match row: Salyut Belgorod vs Arsenal Tula

Keepers & outfield error for **Alaves** in Alaves vs Girona Fútbol Club S. A. D.: Numbers: 0 and 11.
[4112960] Failed to build match row: Alaves vs Girona Fútbol Club S. A. D.
[3583625] Could not find attributes for ollie byrne (Connah's Quay Nomads, 2021)
[3583625] Failed to build match row: Connah's Quay Nomads vs Alashkert Yerevan FC
[4777070] Could not find attributes for ivan kukushkin (FK Baltika, 2025)
[4777070] Failed to build match row: FK Baltika vs AO FK Zenit Sankt-Peterburg
[4649536] Could not find attributes for michael schjonning larsen (Kilmarnock Football Club, 2025)
[4624550] Could not find attributes for rihards matrevics (FK Dukla Praha a.s., 2025)
[4649536] Failed to build match row: Hibernian Football Club vs Kilmarnock Football Club
[4624550] Failed to build match row: FK Dukla Praha a.s. vs FC Viktoria Plzeň, a.s.

Keepers & outfield error for **Udinese Calcio** in Udinese Calcio vs Ascoli Calcio: Numbers: 2 and 9.
[4129469] Could not find attributes for sander van de streek (Antalyaspor, 2023)
[3637790] Failed to build match row: Udinese Calcio vs Ascoli Calcio
[4129469] Failed to build match row: Antalyaspor vs Samsunspor
[4705820] Could not find attributes for matej delac (AC Horsens, 2025)
[4092080] Could not find attributes for nikolay sysuev (FC Orenburg, 2023)
[3889020] Failed to scrape lineup: https://www.transfermarkt.co.uk/panathinaikos-fc_pas-giannina/index/spielbericht/3889020
[3840042] Failed to scrape lineup: https://www.transfermarkt.co.uk/angers-sco_olympique-marseille/index/spielbericht/3840042
[4092080] Failed to build match row: FC Orenburg vs FK Krasnodar
[4705820] Failed to build match row: AC Horsens vs Viborg Fodsports Forening
[4718719] Could not find attributes for petros mantalos (Athlitiki Enosi Konstantinoupoleos, 2025)
[4718719] Failed to build match row: Athlitiki Enosi Konstantinoupoleos vs Panetolikos Agrinio
[4445416] Failed to scrape lineup: https://www.transfermarkt.co.uk/spielbericht/index/spielbericht/4445416
[3598353] Could not find attributes for teddy alloh (KAS Eupen, 2021)
[3598353] Failed to build match row: Royale Union Saint-Gilloise vs KAS Eupen
[3451746] Failed to scrape lineup: https://www.transfermarkt.co.uk/sonderjyske_aalborg-bk/index/spielbericht/3451746
[4112961] Could not find attributes for sokratis papastathopoulos (Real Betis Balompié S.A.D., 2023)
[4112961] Failed to build match row: Real Betis Balompié S.A.D. vs UD Almería
[3583626] Could not find attributes for milos dragojevic (Buducnost Podgorica, 2021)
[3583626] Failed to build match row: HJK Helsinki vs Buducnost Podgorica
[4374149] Could not find attributes for anas haj mohamed (Parma Calcio 1913, 2024)
[4374149] Failed to build match row: Parma Calcio 1913 vs Unione Sportiva Lecce
[4156993] Could not find attributes for konstantinos kotzamichalis (Granitis Agias Marinas, 2023)
[4156993] Failed to build match row: Granitis Agias Marinas vs Asteras Kesarianis
[4634431] Could not find attributes for cenny neumann (1. Fußball-Club Köln, 2025)
[4634431] Failed to build match row: 1. Fußball-Club Köln vs Mönchengladbach
[4358749] Could not find attributes for veljko ilic (Fudbalski klub TSC Bačka Topola, 2024)
[4410934] Could not find attributes for norbert gyomber (Al-Kholood Club, 2024)
[4358749] Failed to build match row: Fudbalski klub TSC Bačka Topola vs FK Jedinstvo Ub
[4410934] Failed to build match row: Al-Kholood Club vs Al-Wehda FC
[3431121] Failed to scrape lineup: https://www.transfermarkt.co.uk/lokomotiv-moscow_pfk-tambov/index/spielbericht/3431121
[4506860] Could not find attributes for alexander barboza (S. A. F. Botafogo, 2025)
[4506860] Failed to build match row: Sociedade Esportiva Palmeiras vs S. A. F. Botafogo
[4718720] Could not find attributes for petros bagkalianis (Athlitiki Enosi Larisas, 2025)
[4718720] Failed to build match row: Athlitiki Enosi Larisas vs APO Levadiakos Football Club
[4404899] Could not find attributes for dimitrios kourbelis (Al-Khaleej Club (Saihat), 2024)
[4404899] Failed to build match row: Al-Khaleej Club (Saihat) vs Al-Raed SFC
[4129470] Could not find attributes for alex oxlade chamberlain (Beşiktaş Jimnastik Kulübü, 2023)
[4129470] Failed to build match row: Beşiktaş Jimnastik Kulübü vs Kayserispor Kulübü

Keepers & outfield error for **Wolverhampton Wanderers Football Club** in Leeds United Association Football Club vs Wolverhampton Wanderers Football Club: Numbers: 0 and 11.
[3592047] Failed to build match row: Leeds United Association Football Club vs Wolverhampton Wanderers Football Club
[4103521] Failed to scrape lineup: https://www.transfermarkt.co.uk/udinese-calcio_acf-fiorentina/index/spielbericht/4103521
[3421815] Failed to scrape lineup: https://www.transfermarkt.co.uk/fulham-fc_southampton-fc/index/spielbericht/3421815
[4365316] Failed to scrape lineup: https://www.transfermarkt.co.uk/piast-gliwice_widzew-lodz/index/spielbericht/4365316
[4645956] Failed to scrape lineup: https://www.transfermarkt.co.uk/valencia-cf_deportivo-alaves/index/spielbericht/4645956
[4625931] Failed to scrape lineup: https://www.transfermarkt.co.uk/nottingham-forest_tottenham-hotspur/index/spielbericht/4625931
[4368917] Failed to scrape lineup: https://www.transfermarkt.co.uk/rukh-lviv_fc-oleksandriya/index/spielbericht/4368917
[4112962] Could not find attributes for yarek gasiorowski (Valencia Club de Fútbol S. A. D., 2023)
[4112962] Failed to build match row: Valencia Club de Fútbol S. A. D. vs Rayo Vallecano de Madrid S. A. D.
[4649537] Could not find attributes for babacar fati (Livingston Football Club, 2025)
[4649537] Failed to build match row: Livingston Football Club vs Heart of Midlothian Football Club
[3490802] Could not find attributes for simon rossil (Boldklubben af 1893, 2020)
[3860513] Failed to scrape lineup: https://www.transfermarkt.co.uk/istanbulspor_sivasspor/index/spielbericht/3860513
[3490802] Failed to build match row: Boldklubben af 1893 vs Aalborg BK
[3431122] Could not find attributes for nikita medvedev (FC Rubin Kazan, 2020)
[4358750] Could not find attributes for luka lijeskic (FK Radnički 1923 Kragujevac, 2024)
[4362795] Failed to scrape lineup: https://www.transfermarkt.co.uk/tottenham-hotspur_afc-bournemouth/index/spielbericht/4362795
[4528326] Failed to scrape lineup: https://www.transfermarkt.co.uk/atlas-guadalajara_deportivo-guadalajara/index/spielbericht/4528326
[3431122] Failed to build match row: FC Rubin Kazan vs FK Spartak Moskva
[4358750] Failed to build match row: FK Radnički 1923 Kragujevac vs Fudbalski klub Čukarički Beograd
[4404900] Could not find attributes for faycal fajr (Al-Taawoun Football Club, 2024)
[4404900] Failed to build match row: Al-Taawoun Football Club vs Al-Kholood Club
[4092081] Could not find attributes for ilya svinov (FK Spartak Moskva, 2023)
[4092081] Failed to build match row: FK Spartak Moskva vs AO FK Zenit Sankt-Peterburg
[4777071] Could not find attributes for oumar sako (FK Rostov, 2025)
[4777071] Failed to build match row: FK Rostov vs Dinamo Makhachkala
[4805908] Failed to scrape lineup: https://www.transfermarkt.co.uk/spielbericht/index/spielbericht/4805908
[3607557] Failed to scrape lineup: https://www.transfermarkt.co.uk/real-sociedad_valencia-cf/index/spielbericht/3607557
[3837828] Failed to scrape lineup: https://www.transfermarkt.co.uk/liverpool-fc_crystal-palace/index/spielbericht/3837828
[3434863] Failed to scrape lineup: https://www.transfermarkt.co.uk/spielbericht/index/spielbericht/3434863
[3969484] Could not find attributes for daryll meggatt (Darvel FC, 2022)
[3969484] Failed to build match row: Darvel FC vs Aberdeen Football Club
[4641302] Failed to scrape lineup: https://www.transfermarkt.co.uk/royal-charleroi-sc_club-brugge-kv/index/spielbericht/4641302
[4393392] Failed to scrape lineup: https://www.transfermarkt.co.uk/fenerbahce_kayserispor/index/spielbericht/4393392
[4582249] Could not find attributes for mandaca (Esporte Clube Juventude, 2024)
[4368918] Could not find attributes for oleksandr kemkin (FK Karpaty Lviv, 2024)
[3690509] Could not find attributes for liam trotter (Bromley FC, 2021)
[4368918] Failed to build match row: FK Karpaty Lviv vs Ingulets Petrove
[4582249] Failed to build match row: Esporte Clube Juventude vs Sport Club Internacional
[3690509] Failed to build match row: Rotherham United vs Bromley FC
[4096092] Could not find attributes for tim kleindienst (1. Fußballclub Heidenheim 1846, 2023)
[4096092] Failed to build match row: 1. Fußballclub Heidenheim 1846 vs SV Darmstadt 98

Keepers & outfield error for **Club Santos Laguna S. A. de C. V.** in Club Santos Laguna S. A. de C. V. vs Club Tijuana Xoloitzcuintles de Caliente: Numbers: 3 and 8.

Keepers & outfield error for **Manchester United Football Club** in Manchester United Football Club vs Liverpool Football Club: Numbers: 2 and 9.
[3637791] Could not find attributes for francesco vicari (SPAL, 2021)
[4528327] Failed to build match row: Club Santos Laguna S. A. de C. V. vs Club Tijuana Xoloitzcuintles de Caliente
[3637791] Failed to build match row: Benevento Calcio vs SPAL
[3592048] Failed to build match row: Manchester United Football Club vs Liverpool Football Club
[4624551] Failed to scrape lineup: https://www.transfermarkt.co.uk/sk-sigma-olomouc_fc-zlin/index/spielbericht/4624551
[4705950] Failed to scrape lineup: https://www.transfermarkt.co.uk/spielbericht/index/spielbericht/4705950
[4805909] Could not find attributes for philip billing (Fodbold Club Midtjylland, 2025)
[4805909] Failed to build match row: Nottingham Forest Football Club vs Fodbold Club Midtjylland
[4358751] Could not find attributes for lazar balevic (Fudbalski klub Napredak Kruševac, 2024)
[4358751] Failed to build match row: Fudbalski klub Napredak Kruševac vs Fudbalski Klub Novi Pazar

Keepers & outfield error for **Paris Saint-Germain Football Club** in Paris Saint-Germain Football Club vs Olympique Gymnaste Club Nice Côte d'Azur: Numbers: 2 and 9.
[3840044] Failed to build match row: Paris Saint-Germain Football Club vs Olympique Gymnaste Club Nice Côte d'Azur
[3413022] Failed to scrape lineup: https://www.transfermarkt.co.uk/vfl-wolfsburg_sv-werder-bremen/index/spielbericht/3413022
[4648721] Could not find attributes for jakub brabec (Rio Ave Futebol Clube, 2025)
[3598354] Failed to scrape lineup: https://www.transfermarkt.co.uk/rfc-seraing_rsc-anderlecht/index/spielbericht/3598354
[4648721] Failed to build match row: Rio Ave Futebol Clube vs Grupo Desportivo Estoril Praia
[3583627] Failed to scrape lineup: https://www.transfermarkt.co.uk/spielbericht/index/spielbericht/3583627
[3421817] Could not find attributes for marc albrighton (Leicester City, 2020)
[3421817] Failed to build match row: Leicester City vs Manchester United Football Club
fl-wolfsburg/index/spielbericht/4634441
[4216899] Failed to scrape lineup: https://www.transfermarkt.co.uk/fc-pari-nizhniy-novgorod_baltika-kaliningrad/index/spielbericht/4216899
[4410935] Failed to scrape lineup: https://www.transfermarkt.co.uk/al-riyadh-sc_al-raed-sfc/index/spielbericht/4410935
[3860514] Could not find attributes for zouhair feddal (Alanyaspor, 2022)
[3889021] Could not find attributes for giannis anestis (Panetolikos Agrinio, 2022)
[3889021] Failed to build match row: Panetolikos Agrinio vs Athlitiki Enosi Konstantinoupoleos
[3860514] Failed to build match row: Kayserispor Kulübü vs Alanyaspor
[3431123] Could not find attributes for mikhail levashov (Arsenal Tula, 2020)
[3431123] Failed to build match row: Arsenal Tula vs FK Sochi
[4506861] Failed to scrape lineup: https://www.transfermarkt.co.uk/spielbericht/index/spielbericht/4506861
[4129471] Failed to scrape lineup: https://www.transfermarkt.co.uk/mke-ankaragucu_konyaspor/index/spielbericht/4129471
[3614731] Failed to scrape lineup: https://www.transfermarkt.co.uk/hellas-verona_us-salernitana-1919/index/spielbericht/3614731
[4649539] Could not find attributes for jack butland (Rangers Football Club, 2025)
[3490803] Could not find attributes for jacob blach (Nyköbing FC, 2020)
[3912552] Could not find attributes for kenan piric (AEK Larnaca, 2022)
[3912552] Failed to build match row: Rennes vs AEK Larnaca
[3490803] Failed to build match row: Nyköbing FC vs Odense Boldklub
[4649539] Failed to build match row: Rangers Football Club vs Dundee United Football Club
[4718721] Could not find attributes for theofilos kakadiaris (A.G.S Asteras Tripolis, 2025)
[4528328] Could not find attributes for paul bellon (Club León Fútbol Club, 2024)
[4718721] Failed to build match row: A.G.S Asteras Tripolis vs Olympiakos Syndesmos Filathlon Peiraios

Keepers & outfield error for **Wolverhampton Wanderers Football Club** in Wolverhampton Wanderers Football Club vs Everton Football Club: Numbers: 0 and 11.
[4645957] Failed to scrape lineup: https://www.transfermarkt.co.uk/getafe-cf_real-betis-balompie/index/spielbericht/4645957
[3598355] Could not find attributes for lior refaelov (Royal Sporting Club Anderlecht, 2021)
[4362797] Failed to build match row: Wolverhampton Wanderers Football Club vs Everton Football Club
[4156994] Could not find attributes for antonis ploumatos (Ethnikos Piraeus, 2023)
[4528328] Failed to build match row: Club León Fútbol Club vs Club de Fútbol Monterrey Rayados A.C.
[4156994] Failed to build match row: Ethnikos Piraeus vs PAO Krousona
[3598355] Failed to build match row: Royale Union Saint-Gilloise vs Royal Sporting Club Anderlecht
[3851130] Failed to scrape lineup: https://www.transfermarkt.co.uk/krc-genk_cercle-brugge/index/spielbericht/3851130

Keepers & outfield error for **Clube de Regatas do Flamengo** in Clube de Regatas do Flamengo vs Cruzeiro Esporte Clube: Numbers: 0 and 11.
[4368919] Could not find attributes for andriy klishchuk (FK Kryvbas Kryvyi Rig, 2024)
[4368919] Failed to build match row: FK Kryvbas Kryvyi Rig vs Futbolniy Klub Dynamo Kyiv
[3583628] Could not find attributes for kostadin zahov (Shkendija Tetovo, 2021)
[4582250] Failed to build match row: Clube de Regatas do Flamengo vs Cruzeiro Esporte Clube
[3413023] Could not find attributes for taiwo awoniyi (1. Fußballclub Union Berlin, 2020)
[4216900] Could not find attributes for igor leshchuk (FK Dinamo Moskva, 2023)
[3583628] Failed to build match row: Shkendija Tetovo vs NS Mura
[3413023] Failed to build match row: 1. Fußballclub Union Berlin vs Eintracht Frankfurt Fußball AG
[4112964] Could not find attributes for marvin park (UD Las Palmas, 2023)
[4216900] Failed to build match row: FK Dinamo Moskva vs FC Orenburg
[4410936] Could not find attributes for hussain al zarie (Al-Fateh Club, 2024)
[3969485] Could not find attributes for rory macleod (Dundee United Football Club, 2022)
[4112964] Failed to build match row: Real Club Deportivo Mallorca S.A.D. vs UD Las Palmas
[4404901] Failed to scrape lineup: https://www.transfermarkt.co.uk/al-ittihad-club_al-ahli-sfc/index/spielbericht/4404901
[3969485] Failed to build match row: Dundee United Football Club vs University of Stirling FC
[4410936] Failed to build match row: Al-Fateh Club vs Al-Orobah FC
[4648722] Could not find attributes for nabil touaizi (Futebol Clube de Alverca, 2025)
[4648722] Failed to build match row: Sporting Clube de Portugal vs Futebol Clube de Alverca
[3421818] Could not find attributes for conor gallagher (West Bromwich Albion, 2020)
[3421818] Failed to build match row: Liverpool Football Club vs West Bromwich Albion
[3912553] Could not find attributes for sergiy sydorchuk (Futbolniy Klub Dynamo Kyiv, 2022)
s/index/spielbericht/3607558

[3912553] Failed to build match row: Fenerbahçe Spor Kulübü vs Futbolniy Klub Dynamo Kyiv
[4649540] Could not find attributes for jacob devaney (Saint Mirren Football Club, 2025)
[4649540] Failed to build match row: Saint Mirren Football Club vs Aberdeen Football Club
[3690510] Could not find attributes for george moore (Harrow Borough FC, 2021)
[3690510] Failed to build match row: Portsmouth FC vs Harrow Borough FC
[4096094] Could not find attributes for pavel kaderabek (Turn- und Sportgemeinschaft 1899 Hoffenheim Fußball-Spielbetriebs, 2023)
[4096094] Failed to build match row: RasenBallsport Leipzig vs Turn- und Sportgemeinschaft 1899 Hoffenheim Fußball-Spielbetriebs
[4705951] Could not find attributes for roman gerych (Kormil Yavoriv, 2025)
[4705951] Failed to build match row: Kormil Yavoriv vs FC Rukh Lviv

Keepers & outfield error for **Club Deportivo Guadalajara S. A. de C. V.** in Club Deportivo Guadalajara S. A. de C. V. vs Promotora del Club Pachuca S. A. de C. V.: Numbers: 2 and 9.
[4528334] Failed to build match row: Club Deportivo Guadalajara S. A. de C. V. vs Promotora del Club Pachuca S. A. de C. V.

Keepers & outfield error for **Association Football Club Bournemouth** in Association Football Club Bournemouth vs Burnley Football Club: Numbers: 3 and 8.
[4625935] Failed to build match row: Association Football Club Bournemouth vs Burnley Football Club
[4582251] Could not find attributes for cuiabano (S. A. F. Botafogo, 2024)
[3637792] Failed to scrape lineup: https://www.transfermarkt.co.uk/spielbericht/index/spielbericht/3637792
[4216901] Could not find attributes for nikolay zabolotnyi (FK Sochi, 2023)
[4393393] Failed to scrape lineup: https://www.transfermarkt.co.uk/hatayspor_konyaspor/index/spielbericht/4393393
[4582251] Failed to build match row: S. A. F. Botafogo vs Esporte Clube Bahia
[4216901] Failed to build match row: FK Sochi vs FC Rubin Kazan
[4641305] Could not find attributes for matties volckaert (Koninklijke Atletiek Associatie Gent, 2025)
[4641305] Failed to build match row: Koninklijke Atletiek Associatie Gent vs Royal Antwerp Football Club
[4404902] Could not find attributes for mohanad al qaydhi (Al-Okhdood Club, 2024)
[4404902] Failed to build match row: Al-Okhdood Club vs Al-Orobah FC
[3969486] Could not find attributes for tom mchale (Elgin City FC, 2022)
[3969486] Failed to build match row: Elgin City FC vs Drumchapel United FC
[3583629] Could not find attributes for stivi frasheri (KF Teuta, 2021)
[4112965] Could not find attributes for pejino (UD Las Palmas, 2023)
[4112965] Failed to build match row: UD Las Palmas vs Celta
[3583629] Failed to build match row: KF Teuta vs FC Sheriff Tiraspol

Keepers & outfield error for **Newcastle United Football Club** in Brighton and Hove Albion Football Club vs Newcastle United Football Club: Numbers: 2 and 9.
[3837830] Failed to build match row: Brighton and Hove Albion Football Club vs Newcastle United Football Club
[4445417] Failed to scrape lineup: https://www.transfermarkt.co.uk/spielbericht/index/spielbericht/4445417
[4358752] Failed to scrape lineup: https://www.transfermarkt.co.uk/fk-partizan-belgrade_fk-tekstilac-odzaci/index/spielbericht/4358752
[4624552] Failed to scrape lineup: https://www.transfermarkt.co.uk/fc-slovan-liberec_ac-sparta-prague/index/spielbericht/4624552
[4778865] Failed to build match row: Motherwell Football Club vs Ross County FC
[3434864] Could not find attributes for daniil sizko (FC Leningradets, 2020)
[3434864] Failed to build match row: FC Leningradets vs Chertanovo Moscow
[3451748] Could not find attributes for saeed ezatolahi (Vejle Boldklub, 2020)

Keepers & outfield error for **Villarreal Club de Fútbol S.A.D.** in Villarreal Club de Fútbol S.A.D. vs Elche Club de Fútbol S.A.D.: Numbers: 0 and 11.
[3451748] Failed to build match row: Vejle Boldklub vs Football Club København
[4648723] Could not find attributes for joao aurelio (Clube Desportivo Nacional, 2025)
[4645958] Failed to build match row: Villarreal Club de Fútbol S.A.D. vs Elche Club de Fútbol S.A.D.
[4648723] Failed to build match row: Clube Desportivo Nacional vs Futebol Clube de Famalicão
[4156996] Could not find attributes for antonis papadakis (AO Neos Asteras Rethymnou, 2023)

Keepers & outfield error for **Club Santos Laguna S. A. de C. V.** in Club Santos Laguna S. A. de C. V. vs Club de Futbol Rojinegros S.A. de C.V.: Numbers: 3 and 8.
[4156996] Failed to build match row: AO Neos Asteras Rethymnou vs GAS Ialysos 1948

Keepers & outfield error for **Al-Nassr Football Club** in Al-Nassr Football Club vs Al-Ettifaq Football Club: Numbers: 0 and 11.
[4528337] Failed to build match row: Club Santos Laguna S. A. de C. V. vs Club de Futbol Rojinegros S.A. de C.V.
[4506863] Could not find attributes for leo ortiz (Clube de Regatas do Flamengo, 2025)
[4410937] Failed to build match row: Al-Nassr Football Club vs Al-Ettifaq Football Club
[4506863] Failed to build match row: Clube de Regatas do Flamengo vs FC Bayern München
[4368920] Could not find attributes for maksym mekhaniv (Livyi Bereg Kyiv, 2024)
[4368920] Failed to build match row: Livyi Bereg Kyiv vs FK Kolos Kovalivka
[4216902] Could not find attributes for aleksandr maksimenko (FK Spartak Moskva, 2023)
[4216902] Failed to build match row: FK Spartak Moskva vs FK Rostov
[3889022] Failed to scrape lineup: https://www.transfermarkt.co.uk/aek-athens_ionikos-nikeas/index/spielbericht/3889022
[3860515] Failed to scrape lineup: https://www.transfermarkt.co.uk/trabzonspor_fatih-karagumruk/index/spielbericht/3860515
[3431124] Failed to scrape lineup: https://www.transfermarkt.co.uk/fc-ufa_cska-moscow/index/spielbericht/3431124
[4129472] Failed to scrape lineup: https://www.transfermarkt.co.uk/caykur-rizespor_sivasspor/index/spielbericht/4129472
[3614732] Failed to scrape lineup: https://www.transfermarkt.co.uk/inter-milan_ss-lazio/index/spielbericht/3614732
[4365317] Could not find attributes for assad al hamlawi (Slask Wroclaw, 2024)
[4528338] Could not find attributes for willer ditta (Club de Fútbol Cruz Azul S.A. de C.V., 2024)
[4365317] Failed to build match row: Slask Wroclaw vs KKS Lech Poznań Spółka Akcyjna
[4528338] Failed to build match row: Club de Fútbol Cruz Azul S.A. de C.V. vs Querétaro Fútbol Club

Keepers & outfield error for **Rangers Football Club** in Rangers Football Club vs Annan Athletic FC: Numbers: 0 and 11.
[4718722] Failed to scrape lineup: https://www.transfermarkt.co.uk/spielbericht/index/spielbericht/4718722
[4778866] Failed to build match row: Rangers Football Club vs Annan Athletic FC
[3637793] Could not find attributes for samuele birindelli (Pisa Sporting Club, 2021)
[4368921] Could not find attributes for yevgeniy kucherenko (LNZ Cherkasy, 2024)
[3889023] Could not find attributes for nikolaos papadopoulos (A.G.S Asteras Tripolis, 2022)
/spielbericht/4374153
[3637793] Failed to build match row: Cagliari Calcio vs Pisa Sporting Club
[4368921] Failed to build match row: LNZ Cherkasy vs FC Shakhtar Donetsk
[3889023] Failed to build match row: A.G.S Asteras Tripolis vs Omilos Filathlon Irakliou FC
[4624553] Could not find attributes for jan hanus (FK Jablonec a.s., 2025)
[4624553] Failed to build match row: FK Jablonec a.s. vs SK Slavia Praha, a.s.
[4103524] Failed to scrape lineup: https://www.transfermarkt.co.uk/frosinone-calcio_acf-fiorentina/index/spielbericht/4103524
[3421819] Failed to scrape lineup: https://www.transfermarkt.co.uk/manchester-city_newcastle-united/index/spielbericht/3421819
[3912554] Failed to scrape lineup: https://www.transfermarkt.co.uk/spielbericht/index/spielbericht/3912554
[4358753] Could not find attributes for zoran popovic (Železničar Pančevo, 2024)
[4358753] Failed to build match row: Železničar Pančevo vs Fudbalski Klub Mladost Lučani
[4649541] Failed to scrape lineup: https://www.transfermarkt.co.uk/dundee-united-fc_celtic-fc/index/spielbericht/4649541
[4645959] Could not find attributes for ville koski (Alaves, 2025)
[3431125] Could not find attributes for ilya pomazun (Ural Yekaterinburg, 2020)
[4805911] Could not find attributes for gaetan perrin (Lille Olympique Sporting Club, 2025)
[4645959] Failed to build match row: Alaves vs Futbol Club Barcelona
[3431125] Failed to build match row: Ural Yekaterinburg vs AO FK Zenit Sankt-Peterburg
[4705952] Could not find attributes for denys zavgorodniy (Skala 1911 Stryi, 2025)

Keepers & outfield error for **Manchester United Football Club** in Brentford Football Club vs Manchester United Football Club: Numbers: 3 and 8.
[4805911] Failed to build match row: Lille Olympique Sporting Club vs Aston Villa Football Club
[3592052] Failed to build match row: Brentford Football Club vs Manchester United Football Club
[4705952] Failed to build match row: Skala 1911 Stryi vs Podillya Khmelnytskyi
[3490804] Could not find attributes for andreas moos (Hvidovre IF, 2020)
[3490804] Failed to build match row: Hvidovre IF vs Vejle Boldklub
[4506864] Could not find attributes for nonato (Fluminense Football Club, 2025)
[4506864] Failed to build match row: Football Club Internazionale Milano S.p.A. vs Fluminense Football Club
[3583630] Could not find attributes for roin kvaskhvadze (Dinamo Tbilisi, 2021)
[3583630] Failed to build match row: Dinamo Tbilisi vs Neftchi Baku
[4218991] Could not find attributes for lewis carey (Horsham FC, 2023)
[3860516] Could not find attributes for arthur masuaku (Beşiktaş Jimnastik Kulübü, 2022)
[3860516] Failed to build match row: Adana Demirspor vs Beşiktaş Jimnastik Kulübü
[4218991] Failed to build match row: Barnsley FC vs Horsham FC
[4445418] Failed to scrape lineup: https://www.transfermarkt.co.uk/spielbericht/index/spielbericht/4445418

Keepers & outfield error for **Genoa Cricket and Football Club** in Genoa Cricket and Football Club vs Associazione Sportiva Roma: Numbers: 0 and 11.
[4092082] Could not find attributes for matvey safonov (FK Krasnodar, 2023)
[4092082] Failed to build match row: FK Krasnodar vs Футбольный клуб "Локомотив" Москва
[4103525] Failed to build match row: Genoa Cricket and Football Club vs Associazione Sportiva Roma
[4582252] Could not find attributes for weverton (Sociedade Esportiva Palmeiras, 2024)
[4582252] Failed to build match row: Sociedade Esportiva Palmeiras vs Club de Regatas Vasco da Gama
[4624554] Could not find attributes for milan heca (1. FC Slovácko, 2025)
[4624554] Failed to build match row: 1. FC Slovácko vs FK Teplice, a.s.
[3434865] Failed to scrape lineup: https://www.transfermarkt.co.uk/spielbericht/index/spielbericht/3434865
[3614733] Could not find attributes for riccardo ciervo (UC Sampdoria, 2021)
[3614733] Failed to build match row: Società Sportiva Calcio Napoli vs UC Sampdoria
[3451749] Could not find attributes for brian hamalainen (Lyngby Boldklub, 2020)
[3451749] Failed to build match row: Fodbold Club Nordsjælland vs Lyngby Boldklub
[4112966] Could not find attributes for matija nastasic (Real Club Deportivo Mallorca S.A.D., 2023)
[4393394] Could not find attributes for samba camara (Sivasspor, 2024)

Keepers & outfield error for **Al-Nassr Football Club** in Al-Nassr Football Club vs Al-Hilal Saudi Football Club: Numbers: 0 and 11.
[4112966] Failed to build match row: Rayo Vallecano de Madrid S. A. D. vs Real Club Deportivo Mallorca S.A.D.
[4393394] Failed to build match row: Sivasspor vs Antalyaspor
[4404903] Failed to build match row: Al-Nassr Football Club vs Al-Hilal Saudi Football Club
[4528352] Could not find attributes for matheus doria (Club de Futbol Rojinegros S.A. de C.V., 2024)
[3598358] Could not find attributes for robert bauer (St Truiden, 2021)
[4528352] Failed to build match row: Club Tigres UANL Sinergia Deportiva S.A. de C.V. vs Club de Futbol Rojinegros S.A. de C.V.
[3598358] Failed to build match row: Royal Antwerp Football Club vs St Truiden

Keepers & outfield error for **Wolverhampton Wanderers Football Club** in Brighton and Hove Albion Football Club vs Wolverhampton Wanderers Football Club: Numbers: 0 and 11.
[4641308] Could not find attributes for mathis servais (Yellow-Red Koninklijke Voetbalclub Mechelen, 2025)
[4641308] Failed to build match row: Cercle Brugge Koninklijke Sportvereniging vs Yellow-Red Koninklijke Voetbalclub Mechelen
[3592053] Failed to build match row: Brighton and Hove Albion Football Club vs Wolverhampton Wanderers Football Club

Keepers & outfield error for **Real Betis Balompié S.A.D.** in Real Betis Balompié S.A.D. vs Elche Club de Fútbol S.A.D.: Numbers: 2 and 9.
[4634446] Could not find attributes for wael mohya (Mönchengladbach, 2025)
[4649542] Could not find attributes for jacob devaney (Saint Mirren Football Club, 2025)
[4103526] Failed to scrape lineup: https://www.transfermarkt.co.uk/hellas-verona_atalanta-bc/index/spielbericht/4103526
[4649542] Failed to build match row: Falkirk Football & Athletic Club vs Saint Mirren Football Club
[4645960] Failed to build match row: Real Betis Balompié S.A.D. vs Elche Club de Fútbol S.A.D.
[4358754] Could not find attributes for goran vuklis (Fudbalski Klub IMT Novi Beograd, 2024)
[4634446] Failed to build match row: Mönchengladbach vs 1. Fußballclub Heidenheim 1846
[4358754] Failed to build match row: Fudbalski Klub IMT Novi Beograd vs Fudbalski klub Crvena zvezda Beograd
[3583631] Could not find attributes for josh cohen (Maccabi Haifa, 2021)
[3583631] Failed to build match row: Maccabi Haifa vs Kairat Almaty
[4129473] Could not find attributes for julian jeanvier (Kayserispor Kulübü, 2023)
[4129473] Failed to build match row: Kayserispor Kulübü vs İstanbul Başakşehir Futbol Kulübü

Keepers & outfield error for **Nottingham Forest Football Club** in Fulham Football Club vs Nottingham Forest Football Club: Numbers: 0 and 11.
[4625938] Failed to build match row: Fulham Football Club vs Nottingham Forest Football Club
[4393395] Could not find attributes for jonas svensson (Beşiktaş Jimnastik Kulübü, 2024)
[4393395] Failed to build match row: Beşiktaş Jimnastik Kulübü vs Hatayspor

Keepers & outfield error for **Granada CF** in Athletic Club Bilbao vs Granada CF: Numbers: 0 and 11.
[3607562] Failed to build match row: Athletic Club Bilbao vs Granada CF
[4624555] Could not find attributes for jakub lapes (MFK Karvina, 2025)
[4624555] Failed to build match row: MFK Karvina vs Bohemians Praha 1905, a.s.
[4358755] Could not find attributes for strahinja manojlovic (Fudbalski Klub Radnički Niš, 2024)
[4358755] Failed to build match row: Fudbalski Klub Radnički Niš vs Omladinski fudbalski klub Beograd
[4218992] Could not find attributes for daniel bradshaw (Sheppey United, 2023)
[4218992] Failed to build match row: Sheppey United vs Walsall FC
[4778867] Failed to scrape lineup: https://www.transfermarkt.co.uk/spielbericht/index/spielbericht/4778867
[3490805] Could not find attributes for kamil grabara (Aarhus Gymnastik Forening, 2020)
[3490805] Failed to build match row: Aarhus Gymnastik Forening vs AC Horsens
[4404904] Could not find attributes for suhayb al zaid (Al-Fateh Club, 2024)
[4404904] Failed to build match row: Al-Fateh Club vs Al-Fayha FC
[4528354] Could not find attributes for willer ditta (Club de Fútbol Cruz Azul S.A. de C.V., 2024)
[4528354] Failed to build match row: Club de Fútbol Cruz Azul S.A. de C.V. vs Promotora del Club Pachuca S. A. de C. V.
[3637794] Could not find attributes for semuel pizzignacco (LR Vicenza, 2021)
[3637794] Failed to build match row: FC Empoli vs LR Vicenza
[4368922] Failed to scrape lineup: https://www.transfermarkt.co.uk/zorya-lugansk_nk-veres-rivne/index/spielbericht/4368922
[3840050] Could not find attributes for maximiliano caufriez (Clermont Foot 63, 2022)
[3840050] Failed to build match row: Clermont Foot 63 vs Association de la Jeunesse auxerroise
[3889024] Failed to scrape lineup: https://www.transfermarkt.co.uk/volos-nps_aris-thessaloniki/index/spielbericht/3889024
[4157241] Could not find attributes for ovays azizi (Hilleröd Fodbold, 2023)
[4157241] Failed to build match row: Hilleröd Fodbold vs Lyngby Boldklub
[4718723] Could not find attributes for lindsay rose (Aris Thessalonikis, 2025)
[4718723] Failed to build match row: Aris Thessalonikis vs Marko FC
[4634447] Could not find attributes for rani khedira (1. Fußballclub Union Berlin, 2025)
[4634447] Failed to build match row: 1. Fußballclub Union Berlin vs Fußball-Club St. Pauli von 1910

Keepers & outfield error for **Levante Unión Deportiva S.A.D.** in Celta vs Levante Unión Deportiva S.A.D.: Numbers: 0 and 11.
[4645961] Failed to build match row: Celta vs Levante Unión Deportiva S.A.D.
[4705953] Could not find attributes for maksym kovalenko (Probiy Gorodenka, 2025)
[4705953] Failed to build match row: Probiy Gorodenka vs LNZ Cherkasy
[3607563] Could not find attributes for shkodran mustafi (Levante Unión Deportiva S.A.D., 2021)
[3607563] Failed to build match row: Real Betis Balompié S.A.D. vs Levante Unión Deportiva S.A.D.
[3421820] Failed to scrape lineup: https://www.transfermarkt.co.uk/sheffield-united_everton-fc/index/spielbericht/3421820

Keepers & outfield error for **Leeds United Association Football Club** in Leeds United Association Football Club vs Crystal Palace Football Club: Numbers: 0 and 11.
[4362801] Failed to scrape lineup: https://www.transfermarkt.co.uk/everton-fc_west-ham-united/index/spielbericht/4362801
[4393396] Could not find attributes for lionel carole (Kayserispor Kulübü, 2024)
[3690512] Failed to scrape lineup: https://www.transfermarkt.co.uk/spielbericht/index/spielbericht/3690512
[4625939] Failed to build match row: Leeds United Association Football Club vs Crystal Palace Football Club
[4393396] Failed to build match row: Kayserispor Kulübü vs Çaykur Rizespor Kulübü
[4374154] Failed to scrape lineup: https://www.transfermarkt.co.uk/fc-empoli_ac-milan/index/spielbericht/4374154
[4624556] Could not find attributes for jachym serak (FK Pardubice, 2025)
[4624556] Failed to build match row: FK Pardubice vs FC Baník Ostrava a.s.
[4096095] Could not find attributes for max finkgrafe (1. Fußball-Club Köln, 2023)
[4096095] Failed to build match row: Sport-Club Freiburg vs 1. Fußball-Club Köln
[4648725] Failed to scrape lineup: https://www.transfermarkt.co.uk/fc-porto_sc-braga/index/spielbericht/4648725
[4404905] Could not find attributes for saad bguir (Al-Wehda FC, 2024)
[4404905] Failed to build match row: Al-Shabab Club vs Al-Wehda FC
[4368923] Could not find attributes for denys marchenko (FK Obolon Kyiv, 2024)
[4368923] Failed to build match row: FK Obolon Kyiv vs Chornomorets Odesa
[4092083] Failed to scrape lineup: https://www.transfermarkt.co.uk/dynamo-moscow_cska-moscow/index/spielbericht/4092083
[3490806] Could not find attributes for brian hamalainen (Lyngby Boldklub, 2020)
[3490806] Failed to build match row: Sønderjyske Fodbold vs Lyngby Boldklub
[3614734] Failed to scrape lineup: https://www.transfermarkt.co.uk/as-roma_juventus-fc/index/spielbericht/3614734
[3598360] Could not find attributes for robert bauer (St Truiden, 2021)
[4582253] Failed to scrape lineup: https://www.transfermarkt.co.uk/santos-fc_gremio-foot-ball-porto-alegrense/index/spielbericht/4582253
[3451750] Failed to scrape lineup: https://www.transfermarkt.co.uk/randers-fc_brondby-if/index/spielbericht/3451750
[4506866] Could not find attributes for daniele rugani (Juventus Football Club, 2025)
[3598360] Failed to build match row: St Truiden vs Royal Standard Club de Liège
[4506866] Failed to build match row: Real Madrid Club de Fútbol vs Juventus Football Club
[3969487] Could not find attributes for fergus owens (Hamilton Academical FC, 2022)
[4624557] Could not find attributes for ales mandous (FK Mladá Boleslav, a.s., 2025)
[4112967] Failed to scrape lineup: https://www.transfermarkt.co.uk/getafe-cf_villarreal-cf/index/spielbericht/4112967
[3969487] Failed to build match row: Hamilton Academical FC vs Ross County FC
[4624557] Failed to build match row: FK Mladá Boleslav, a.s. vs FC Hradec Králové a.s.
[4634448] Could not find attributes for sheraldo becker (1. Fußball- und Sportverein Mainz 05, 2025)
[4634448] Failed to build match row: Turn- und Sportgemeinschaft 1899 Hoffenheim Fußball-Spielbetriebs vs 1. Fußball- und Sportverein Mainz 05
[4410939] Could not find attributes for hazzaa al ghamdi (Damac Football Club, 2024)
[4393397] Could not find attributes for riechedly bazoer (Konyaspor, 2024)
[4393397] Failed to build match row: Konyaspor vs Adana Demirspor
[4410939] Failed to build match row: Damac Football Club vs Al-Ahli Saudi Football Club

Keepers & outfield error for **Brighton and Hove Albion Football Club** in West Ham United Football Club vs Brighton and Hove Albion Football Club: Numbers: 0 and 11.
[3421821] Failed to build match row: West Ham United Football Club vs Brighton and Hove Albion Football Club
[4404906] Could not find attributes for moussa dembele (Al-Ettifaq Football Club, 2024)
[3583632] Failed to scrape lineup: https://www.transfermarkt.co.uk/spielbericht/index/spielbericht/3583632
[4805912] Could not find attributes for bamidele yusuf (Ferencvárosi TC, 2025)
[4404906] Failed to build match row: Al-Ettifaq Football Club vs Al-Qadsiah Saudi Football Club
[4129474] Failed to scrape lineup: https://www.transfermarkt.co.uk/istanbulspor_antalyaspor/index/spielbericht/4129474
[4805912] Failed to build match row: Sporting Clube de Braga vs Ferencvárosi TC
[4365318] Could not find attributes for josip corluka (Zagłębie Lubin Spółka Akcyjna, 2024)
[4649543] Could not find attributes for alexander schwolow (Heart of Midlothian Football Club, 2025)
[4582254] Could not find attributes for jemmes (Mirasol Futebol Clube, 2024)
[3598361] Could not find attributes for robert bauer (St Truiden, 2021)
[4365318] Failed to build match row: Zagłębie Lubin Spółka Akcyjna vs RKS Raków Częstochowa SA
[4649543] Failed to build match row: Heart of Midlothian Football Club vs Dundee Football Club
[3598361] Failed to build match row: St Truiden vs RFC Seraing
[4582254] Failed to build match row: Mirasol Futebol Clube vs Red Bull Bragantino
[4718724] Could not find attributes for adebayo adeleye (Volou Neos Podosferikos Syllogos, 2025)
[3912556] Could not find attributes for kenan piric (AEK Larnaca, 2022)
[3912556] Failed to build match row: AEK Larnaca vs Futbolniy Klub Dynamo Kyiv
[3860518] Could not find attributes for berke ozer (Ümraniyespor, 2022)
[4445421] Failed to scrape lineup: https://www.transfermarkt.co.uk/spielbericht/index/spielbericht/4445421
[4718724] Failed to build match row: Volou Neos Podosferikos Syllogos vs APS Atromitos Athinon
[3860518] Failed to build match row: Ümraniyespor vs MKE Ankaragücü
[4358756] Could not find attributes for marko mijailovic (Fudbalski Klub Spartak Ždrepčeva krv, 2024)
[4528360] Could not find attributes for paul bellon (Club León Fútbol Club, 2024)
[4358756] Failed to build match row: Fudbalski Klub Spartak Ždrepčeva krv vs Fudbalski Klub Vojvodina
[4528360] Failed to build match row: Club León Fútbol Club vs Club de Futbol Puebla de La Franja
[3451751] Could not find attributes for saeed ezatolahi (Vejle Boldklub, 2020)
[3451751] Failed to build match row: Odense Boldklub vs Vejle Boldklub
[4778868] Could not find attributes for liam russell (Ayr United FC, 2025)
[4157246] Could not find attributes for viktor madsen (Boldklubben Skjold, 2023)
[4778868] Failed to build match row: Dundee United Football Club vs Ayr United FC
[4157246] Failed to build match row: Boldklubben Skjold vs FC Helsingör
[4404907] Could not find attributes for milan borjan (Al-Riyadh Saudi Club, 2024)
[4404907] Failed to build match row: Damac Football Club vs Al-Riyadh Saudi Club
[3583633] Could not find attributes for edvinas gertmonas (FK Zalgiris Vilnius, 2021)
[3583633] Failed to build match row: FK Zalgiris Vilnius vs Linfield FC
[4103528] Could not find attributes for daniele rugani (Juventus Football Club, 2023)
[4103528] Failed to build match row: Juventus Football Club vs Unione Sportiva Lecce

Keepers & outfield error for **Turn- und Sportgemeinschaft 1899 Hoffenheim Fußball-Spielbetriebs** in Turn- und Sportgemeinschaft 1899 Hoffenheim Fußball-Spielbetriebs vs 1. Fußball- und Sportverein Mainz 05: Numbers: 2 and 9.
[4096096] Failed to scrape lineup: https://www.transfermarkt.co.uk/bayer-04-leverkusen_eintracht-frankfurt/index/spielbericht/4096096
[3413028] Failed to build match row: Turn- und Sportgemeinschaft 1899 Hoffenheim Fußball-Spielbetriebs vs 1. Fußball- und Sportverein Mainz 05
[3912557] Could not find attributes for kenan piric (AEK Larnaca, 2022)
[3912557] Failed to build match row: AEK Larnaca vs Fenerbahçe Spor Kulübü
[3451752] Could not find attributes for brian hamalainen (Lyngby Boldklub, 2020)
[3451752] Failed to build match row: Lyngby Boldklub vs Sønderjyske Fodbold

Keepers & outfield error for **Southampton FC** in Crystal Palace Football Club vs Southampton FC: Numbers: 0 and 11.
[4649544] Could not find attributes for michael schjonning larsen (Kilmarnock Football Club, 2025)
[3592055] Failed to build match row: Crystal Palace Football Club vs Southampton FC
[4649544] Failed to build match row: Kilmarnock Football Club vs Livingston Football Club
[4368924] Failed to scrape lineup: https://www.transfermarkt.co.uk/kolos-kovalivka_vorskla-poltava/index/spielbericht/4368924
[4092084] Failed to scrape lineup: https://www.transfermarkt.co.uk/akhmat-grozny_fc-orenburg/index/spielbericht/4092084
[3851136] Could not find attributes for lior refaelov (Royal Sporting Club Anderlecht, 2022)
[3851136] Failed to build match row: Royal Sporting Club Anderlecht vs Koninklijke Atletiek Associatie Gent
[4096097] Could not find attributes for tim kleindienst (1. Fußballclub Heidenheim 1846, 2023)
[4096097] Failed to build match row: 1. Fußball- und Sportverein Mainz 05 vs 1. Fußballclub Heidenheim 1846

Keepers & outfield error for **Atalanta Bergamasca Calcio S.p.a.** in Verona Hellas Football Club vs Atalanta Bergamasca Calcio S.p.a.: Numbers: 2 and 9.
[4374155] Failed to build match row: Verona Hellas Football Club vs Atalanta Bergamasca Calcio S.p.a.
[4112969] Could not find attributes for chris ramos (Cádiz CF, 2023)
[4112969] Failed to build match row: Club Atlético de Madrid S.A.D. vs Cádiz CF
[4506867] Failed to scrape lineup: https://www.transfermarkt.co.uk/spielbericht/index/spielbericht/4506867
[3614735] Failed to scrape lineup: https://www.transfermarkt.co.uk/torino-fc_acf-fiorentina/index/spielbericht/3614735
[3451753] Failed to scrape lineup: https://www.transfermarkt.co.uk/aalborg-bk_aarhus-gf/index/spielbericht/3451753
[3583634] Failed to scrape lineup: https://www.transfermarkt.co.uk/spielbericht/index/spielbericht/3583634
[4404908] Failed to scrape lineup: https://www.transfermarkt.co.uk/al-hilal-sfc_al-fayha-fc/index/spielbericht/4404908
[4157247] Could not find attributes for andreas fischer (Görslev IF, 2023)
[4157247] Failed to build match row: Görslev IF vs Ishöj IF
[4778869] Could not find attributes for austin sime (Auchinleck Talbot FC, 2025)
[4778869] Failed to build match row: Auchinleck Talbot FC vs The Celtic Football Club
[3969488] Failed to scrape lineup: https://www.transfermarkt.co.uk/spielbericht/index/spielbericht/3969488
[4634460] Could not find attributes for sheraldo becker (1. Fußball- und Sportverein Mainz 05, 2025)
[4634460] Failed to build match row: 1. Fußball- und Sportverein Mainz 05 vs Sport-Club Freiburg
[3690513] Could not find attributes for paddy lane (Fleetwood Town, 2021)
[3690513] Failed to build match row: Fleetwood Town vs Burton Albion
[3889025] Could not find attributes for konstantinos tzolakis (Olympiakos Syndesmos Filathlon Peiraios, 2022)
[3889025] Failed to build match row: Olympiakos Syndesmos Filathlon Peiraios vs APS Atromitos Athinon
[4641310] Failed to scrape lineup: https://www.transfermarkt.co.uk/fcv-dender-eh_club-brugge-kv/index/spielbericht/4641310
[4624558] Failed to scrape lineup: https://www.transfermarkt.co.uk/ac-sparta-prague_fk-dukla-prague/index/spielbericht/4624558
[4645963] Failed to scrape lineup: https://www.transfermarkt.co.uk/girona-fc_real-sociedad/index/spielbericht/4645963
[4362803] Failed to scrape lineup: https://www.transfermarkt.co.uk/ipswich-town_nottingham-forest/index/spielbericht/4362803
[4393398] Failed to scrape lineup: https://www.transfermarkt.co.uk/trabzonspor_alanyaspor/index/spielbericht/4393398
[4805913] Failed to scrape lineup: https://www.transfermarkt.co.uk/spielbericht/index/spielbericht/4805913
[4529036] Could not find attributes for konstantinos triantafyllopoulos (A.G.S Asteras Tripolis, 2024)
[3912558] Could not find attributes for kenan piric (AEK Larnaca, 2022)
athlon Irakliou FC
[4092085] Could not find attributes for nikolay zabolotnyi (FK Sochi, 2023)
[3912558] Failed to build match row: AEK Larnaca vs Rennes
[4092085] Failed to build match row: FK Sochi vs FK Rostov
[3837833] Failed to scrape lineup: https://www.transfermarkt.co.uk/arsenal-fc_leicester-city/index/spielbericht/3837833
[3434866] Could not find attributes for ilya abaev (Chertanovo Moscow, 2020)
[4445422] Failed to scrape lineup: https://www.transfermarkt.co.uk/spielbericht/index/spielbericht/4445422
[3490807] Could not find attributes for nicklas dannevang (BK Fremad Amager, 2020)
[4582255] Failed to scrape lineup: https://www.transfermarkt.co.uk/clube-atletico-mineiro_esporte-clube-juventude/index/spielbericht/4582255
[4718725] Failed to scrape lineup: https://www.transfermarkt.co.uk/spielbericht/index/spielbericht/4718725
[3434866] Failed to build match row: Chertanovo Moscow vs FK Ufa
/zulte-waregem_rfc-seraing/index/spielbericht/3598362
[3490807] Failed to build match row: BK Fremad Amager vs Brøndby Idrætsforening
[3860519] Failed to scrape lineup: https://www.transfermarkt.co.uk/antalyaspor_basaksehir-fk/index/spielbericht/3860519
[3840053] Failed to scrape lineup: https://www.transfermarkt.co.uk/ogc-nice_estac-troyes/index/spielbericht/3840053

Keepers & outfield error for **Real Betis Balompié S.A.D.** in Real Betis Balompié S.A.D. vs Valencia Club de Fútbol S. A. D.: Numbers: 0 and 11.
[4358757] Failed to scrape lineup: https://www.transfermarkt.co.uk/fk-jedinstvo-ub_fk-vojvodina-novi-sad/index/spielbericht/4358757
[4112971] Failed to build match row: Real Betis Balompié S.A.D. vs Valencia Club de Fútbol S. A. D.
[3607566] Could not find attributes for aleix vidal (Espanol, 2021)
[3607566] Failed to build match row: Espanol vs Real Sociedad de Fútbol S.A.D.
[4218994] Failed to scrape lineup: https://www.transfermarkt.co.uk/spielbericht/index/spielbericht/4218994
[3421823] Failed to scrape lineup: https://www.transfermarkt.co.uk/brighton-amp-hove-albion_arsenal-fc/index/spielbericht/3421823
[4129475] Failed to scrape lineup: https://www.transfermarkt.co.uk/galatasaray_mke-ankaragucu/index/spielbericht/4129475
[4410940] Failed to scrape lineup: https://www.transfermarkt.co.uk/al-taawoun-fc_al-shabab-fc/index/spielbericht/4410940

Keepers & outfield error for **Panthessalonikios Athlitikos Omilos Konstantinoupoliton** in Panthessalonikios Athlitikos Omilos Konstantinoupoliton vs Panathinaikos Athlitikos Omilos: Numbers: 2 and 9.
[3889026] Failed to build match row: Panthessalonikios Athlitikos Omilos Konstantinoupoliton vs Panathinaikos Athlitikos Omilos
[4365321] Could not find attributes for yosuke furukawa (Klub Sportowy Górnik Zabrze Sportowa Spółka Akcyjna, 2024)
[4365321] Failed to build match row: Klub Sportowy Górnik Zabrze Sportowa Spółka Akcyjna vs Legia Warszawa Spółka Akcyjna
[3451755] Could not find attributes for zeca (Football Club København, 2020)
[3451755] Failed to build match row: Football Club København vs Fodbold Club Nordsjælland
[3889027] Could not find attributes for petros bagkalianis (PAS Giannina, 2022)
[3889027] Failed to build match row: PAS Giannina vs Panetolikos Agrinio
[3431774] Failed to scrape lineup: https://www.transfermarkt.co.uk/spielbericht/index/spielbericht/3431774
[3851137] Failed to scrape lineup: https://www.transfermarkt.co.uk/rsc-anderlecht_club-brugge-kv/index/spielbericht/3851137
[4506868] Failed to scrape lineup: https://www.transfermarkt.co.uk/spielbericht/index/spielbericht/4506868
[4374156] Failed to scrape lineup: https://www.transfermarkt.co.uk/inter-milan_acf-fiorentina/index/spielbericht/4374156
[4718726] Could not find attributes for makis giannikoglou (AO Kavala, 2025)
[4718726] Failed to build match row: AO Kavala vs Athlitiki Enosi Kifisias
[3614736] Failed to scrape lineup: https://www.transfermarkt.co.uk/udinese-calcio_atalanta-bc/index/spielbericht/3614736
[3583635] Failed to scrape lineup: https://www.transfermarkt.co.uk/spielbericht/index/spielbericht/3583635
[4404909] Failed to scrape lineup: https://www.transfermarkt.co.uk/al-shabab-fc_al-nassr-fc/index/spielbericht/4404909
[4157248] Failed to scrape lineup: https://www.transfermarkt.co.uk/spielbericht/index/spielbericht/4157248
[4778870] Failed to scrape lineup: https://www.transfermarkt.co.uk/spielbericht/index/spielbericht/4778870
[4649546] Failed to scrape lineup: https://www.transfermarkt.co.uk/rangers-fc_aberdeen-fc/index/spielbericht/4649546
[3969489] Failed to scrape lineup: https://www.transfermarkt.co.uk/spielbericht/index/spielbericht/3969489
[3637795] Could not find attributes for stanko juric (Parma Calcio 1913, 2021)
[3637795] Failed to build match row: Parma Calcio 1913 vs Unione Sportiva Lecce
[4624559] Failed to scrape lineup: https://www.transfermarkt.co.uk/fc-zlin_fc-slovan-liberec/index/spielbericht/4624559
[4645964] Failed to scrape lineup: https://www.transfermarkt.co.uk/rcd-espanyol-barcelona_athletic-bilbao/index/spielbericht/4645964
[4096099] Failed to scrape lineup: https://www.transfermarkt.co.uk/vfl-bochum_1-fc-union-berlin/index/spielbericht/4096099
[3598364] Could not find attributes for robert bauer (St Truiden, 2021)
[3598364] Failed to build match row: Sportvereniging Zulte Waregem vs St Truiden
[4445424] Could not find attributes for ousseynou niang (Royale Union Saint-Gilloise, 2024)
[3889028] Could not find attributes for bojan saranov (PAS Lamia 1964, 2022)
[4445424] Failed to build match row: Football Club Twente vs Royale Union Saint-Gilloise
[3889028] Failed to build match row: PAS Lamia 1964 vs APO Levadiakos Football Club
[3592057] Failed to scrape lineup: https://www.transfermarkt.co.uk/norwich-city_aston-villa/index/spielbericht/3592057
[3912559] Failed to scrape lineup: https://www.transfermarkt.co.uk/spielbericht/index/spielbericht/3912559
[3837834] Failed to scrape lineup: https://www.transfermarkt.co.uk/afc-bournemouth_arsenal-fc/index/spielbericht/3837834
[4393399] Failed to scrape lineup: https://www.transfermarkt.co.uk/eyupspor_galatasaray/index/spielbericht/4393399
[4634462] Failed to scrape lineup: https://www.transfermarkt.co.uk/vfb-stuttgart_hamburger-sv/index/spielbericht/4634462
[4805914] Failed to scrape lineup: https://www.transfermarkt.co.uk/spielbericht/index/spielbericht/4805914
[4625942] Failed to scrape lineup: https://www.transfermarkt.co.uk/tottenham-hotspur_liverpool-fc/index/spielbericht/4625942
[4641312] Failed to scrape lineup: https://www.transfermarkt.co.uk/standard-liege_rsc-anderlecht/index/spielbericht/4641312
[4529037] Failed to scrape lineup: https://www.transfermarkt.co.uk/spielbericht/index/spielbericht/4529037

Keepers & outfield error for **Aston Villa Football Club** in Chelsea Football Club vs Aston Villa Football Club: Numbers: 0 and 11.
[3421825] Failed to build match row: Chelsea Football Club vs Aston Villa Football Club
[3434867] Failed to scrape lineup: https://www.transfermarkt.co.uk/spielbericht/index/spielbericht/3434867
[3860520] Failed to scrape lineup: https://www.transfermarkt.co.uk/kasimpasa_istanbulspor/index/spielbericht/3860520
[3490808] Failed to scrape lineup: https://www.transfermarkt.co.uk/spielbericht/index/spielbericht/3490808
[4358758] Failed to scrape lineup: https://www.transfermarkt.co.uk/ofk-beograd_fk-spartak-subotica/index/spielbericht/4358758
[4582256] Failed to scrape lineup: https://www.transfermarkt.co.uk/sport-club-internacional_sport-club-corinthians-paulista/index/spielbericht/4582256
[4112972] Failed to scrape lineup: https://www.transfermarkt.co.uk/girona-fc_real-madrid/index/spielbericht/4112972
[3840054] Failed to scrape lineup: https://www.transfermarkt.co.uk/olympique-lyon_fc-toulouse/index/spielbericht/3840054
[4506869] Could not find attributes for micael (Sociedade Esportiva Palmeiras, 2025)
[4218995] Failed to scrape lineup: https://www.transfermarkt.co.uk/spielbericht/index/spielbericht/4218995
[4506869] Failed to build match row: Sociedade Esportiva Palmeiras vs Chelsea Football Club
[4718727] Could not find attributes for giannis nikopolidis (Iraklis Thessaloniki, 2025)
[4718727] Failed to build match row: Iraklis Thessaloniki vs Ilioupoli
[3598365] Could not find attributes for vini souza (Yellow-Red Koninklijke Voetbalclub Mechelen, 2021)
[4410941] Could not find attributes for konstantinos fortounis (Al-Khaleej Club (Saihat), 2024)
[3598365] Failed to build match row: Royale Union Saint-Gilloise vs Yellow-Red Koninklijke Voetbalclub Mechelen
[4410941] Failed to build match row: Al-Fayha FC vs Al-Khaleej Club (Saihat)
[3851139] Could not find attributes for vadis odjidja ofoe (Koninklijke Atletiek Associatie Gent, 2022)
[4129476] Failed to scrape lineup: https://www.transfermarkt.co.uk/samsunspor_gaziantep-fk/index/spielbericht/4129476
[3851139] Failed to build match row: Koninklijke Atletiek Associatie Gent vs Yellow-Red Koninklijke Voetbalclub Mechelen
[4365322] Failed to scrape lineup: https://www.transfermarkt.co.uk/jagiellonia-bialystok_piast-gliwice/index/spielbericht/4365322
[4103531] Failed to scrape lineup: https://www.transfermarkt.co.uk/ssc-napoli_udinese-calcio/index/spielbericht/4103531

Keepers & outfield error for **Wolverhampton Wanderers Football Club** in Wolverhampton Wanderers Football Club vs Brentford Football Club: Numbers: 0 and 11.
[4625943] Failed to build match row: Wolverhampton Wanderers Football Club vs Brentford Football Club
[4650490] Could not find attributes for giorgiy shelia (RFK Akhmat Grozny, 2025)
[4393400] Could not find attributes for ali aytemur (Bodrum FK, 2024)
[3457402] Failed to scrape lineup: https://www.transfermarkt.co.uk/fc-midtjylland_odense-boldklub/index/spielbericht/3457402
[4393400] Failed to build match row: Bodrum FK vs Samsunspor
[4624560] Could not find attributes for jakub lapes (MFK Karvina, 2025)

Keepers & outfield error for **Associazione Sportiva Roma** in Associazione Sportiva Roma vs Real Betis Balompié S.A.D.: Numbers: 0 and 11.
[4624560] Failed to build match row: FC Viktoria Plzeň, a.s. vs MFK Karvina
[3912560] Failed to build match row: Associazione Sportiva Roma vs Real Betis Balompié S.A.D.
[4404910] Could not find attributes for dimitrios kourbelis (Al-Khaleej Club (Saihat), 2024)
[4404910] Failed to build match row: Al-Khaleej Club (Saihat) vs Al-Ahli Saudi Football Club
[3434868] Failed to scrape lineup: https://www.transfermarkt.co.uk/spielbericht/index/spielbericht/3434868
[4358759] Failed to scrape lineup: https://www.transfermarkt.co.uk/red-star-belgrade_fk-radnicki-nis/index/spielbericht/4358759
[3840055] Failed to scrape lineup: https://www.transfermarkt.co.uk/olympique-marseille_ac-ajaccio/index/spielbericht/3840055
[3583636] Could not find attributes for liam walker (Lincoln Red Imps FC, 2021)
[3583636] Failed to build match row: Lincoln Red Imps FC vs CS Fola Esch
[3637796] Could not find attributes for federico ravaglia (Frosinone Calcio, 2021)
[3637796] Failed to build match row: Venezia FC vs Frosinone Calcio
[3889029] Could not find attributes for julian cuesta (Aris Thessalonikis, 2022)
[3889029] Failed to build match row: Aris Thessalonikis vs Athlitiki Enosi Konstantinoupoleos
[4103532] Failed to scrape lineup: https://www.transfermarkt.co.uk/atalanta-bc_juventus-fc/index/spielbericht/4103532
[4718740] Could not find attributes for alexei koselev (APS Atromitos Athinon, 2025)
[4718740] Failed to build match row: APS Atromitos Athinon vs Panathinaikos Athlitikos Omilos
[4650491] Failed to scrape lineup: https://www.transfermarkt.co.uk/spielbericht/index/spielbericht/4650491
[4374157] Failed to scrape lineup: https://www.transfermarkt.co.uk/ss-lazio_ac-monza/index/spielbericht/4374157
[3912561] Failed to scrape lineup: https://www.transfermarkt.co.uk/spielbericht/index/spielbericht/3912561
[4624561] Failed to scrape lineup: https://www.transfermarkt.co.uk/fc-hradec-kralove_sk-sigma-olomouc/index/spielbericht/4624561
[4645966] Could not find attributes for jose gaya (Valencia Club de Fútbol S. A. D., 2025)
[4368925] Could not find attributes for yuriy volodymyr gereta (FC Rukh Lviv, 2024)
[4805915] Could not find attributes for steeve kango (Olympique Lyonnais, 2025)
[4645966] Failed to build match row: Valencia Club de Fútbol S. A. D. vs Rayo Vallecano de Madrid S. A. D.
[4368925] Failed to build match row: FC Rukh Lviv vs FK Kryvbas Kryvyi Rig
[4641313] Could not find attributes for matties volckaert (Koninklijke Atletiek Associatie Gent, 2025)
[4092086] Failed to scrape lineup: https://www.transfermarkt.co.uk/rubin-kazan_krylya-sovetov-samara/index/spielbericht/4092086
[4805915] Failed to build match row: Olympique Lyonnais vs Celta
[4362804] Failed to scrape lineup: https://www.transfermarkt.co.uk/leicester-city_manchester-united/index/spielbericht/4362804
[4393401] Failed to scrape lineup: https://www.transfermarkt.co.uk/goztepe_basaksehir-fk/index/spielbericht/4393401
[4641313] Failed to build match row: RAAL La Louvière vs Koninklijke Atletiek Associatie Gent
[3860523] Could not find attributes for miha zajc (Fenerbahçe Spor Kulübü, 2022)
[4358760] Could not find attributes for sasa stamenkovic (Fudbalski Klub Mladost Lučani, 2024)
[3860523] Failed to build match row: Fenerbahçe Spor Kulübü vs Antalyaspor
[4358760] Failed to build match row: Fudbalski Klub Mladost Lučani vs Fudbalski Klub IMT Novi Beograd
[3421826] Could not find attributes for nampalys mendy (Leicester City, 2020)
[3583637] Could not find attributes for vasil bozhikov (Slovan Bratislava, 2021)
[3421826] Failed to build match row: Crystal Palace Football Club vs Leicester City
[3583637] Failed to build match row: Shamrock Rovers vs Slovan Bratislava
[3598366] Could not find attributes for robert bauer (St Truiden, 2021)
[3598366] Failed to build match row: St Truiden vs Royal Charleroi Sporting Club
[3457403] Could not find attributes for kamil grabara (Aarhus Gymnastik Forening, 2020)
[3457403] Failed to build match row: Aarhus Gymnastik Forening vs AC Horsens
[4705954] Could not find attributes for oleksandr lytvynenko (Viktoriya Sumy, 2025)
[4705954] Failed to build match row: Viktoriya Sumy vs Vorskla Poltava

Keepers & outfield error for **Venezia FC** in Venezia FC vs Associazione Calcio Milan: Numbers: 0 and 11.
[3614737] Failed to build match row: Venezia FC vs Associazione Calcio Milan
[4103533] Could not find attributes for tommaso corazza (Bologna Football Club 1909, 2023)
[4103533] Failed to build match row: Bologna Football Club 1909 vs FC Empoli

Keepers & outfield error for **Al-Qadsiah Saudi Football Club** in Al-Qadsiah Saudi Football Club vs Al-Okhdood Club: Numbers: 2 and 9.
[4410942] Failed to build match row: Al-Qadsiah Saudi Football Club vs Al-Okhdood Club
[4092087] Could not find attributes for evgeniy latyshonok (FK Baltika, 2023)
[4092087] Failed to build match row: FK Baltika vs Ural Yekaterinburg
[4096101] Could not find attributes for marcel schuhen (SV Darmstadt 98, 2023)
[3607570] Could not find attributes for abde ezzalzouli (Futbol Club Barcelona, 2021)
[3607570] Failed to build match row: Villarreal Club de Fútbol S.A.D. vs Futbol Club Barcelona
[3583638] Could not find attributes for roberts ozols (Riga FC, 2021)
[4096101] Failed to build match row: SV Darmstadt 98 vs Verein für Leibesübungen Wolfsburg
[3583638] Failed to build match row: Riga FC vs Malmö Fotbollförening
[3457404] Could not find attributes for saeed ezatolahi (Vejle Boldklub, 2020)
[3457404] Failed to build match row: Vejle Boldklub vs Lyngby Boldklub
[4404911] Could not find attributes for diego ferreira (Al-Okhdood Club, 2024)
[3837836] Failed to scrape lineup: https://www.transfermarkt.co.uk/everton-fc_nottingham-forest/index/spielbericht/3837836
[4582257] Failed to scrape lineup: https://www.transfermarkt.co.uk/esporte-clube-vitoria_ceara-sporting-club/index/spielbericht/4582257
[3592059] Failed to scrape lineup: https://www.transfermarkt.co.uk/liverpool-fc_newcastle-united/index/spielbericht/3592059
[3614738] Failed to scrape lineup: https://www.transfermarkt.co.uk/atalanta-bc_inter-milan/index/spielbericht/3614738
[4368927] Failed to scrape lineup: https://www.transfermarkt.co.uk/livyi-bereg-kyiv_karpaty-lviv/index/spielbericht/4368927
[4404911] Failed to build match row: Al-Okhdood Club vs Al-Riyadh Saudi Club
D., 2025)
[4645967] Failed to build match row: Villarreal Club de Fútbol S.A.D. vs Sevilla Fútbol Club S.A.D.
[3912562] Could not find attributes for sergio padt (Ludogorets Razgrad, 2022)
[3912562] Failed to build match row: Ludogorets Razgrad vs Associazione Sportiva Roma
[3490809] Could not find attributes for graeme williamson (Wick Academy FC, 2020)
[4410943] Could not find attributes for francois kamano (Damac Football Club, 2024)
[4358761] Could not find attributes for nikola marjanovic (FK Tekstilac Odzaci, 2024)

Keepers & outfield error for **Futebol Clube do Porto** in Futebol Clube do Porto vs Verein für Bewegungsspiele Stuttgart 1893: Numbers: 0 and 11.
[3490809] Failed to build match row: Wick Academy FC vs Musselburgh Athletic FC
[4410943] Failed to build match row: Damac Football Club vs Al-Orobah FC
[4358761] Failed to build match row: FK Tekstilac Odzaci vs Železničar Pančevo
[4805916] Failed to build match row: Futebol Clube do Porto vs Verein für Bewegungsspiele Stuttgart 1893
[4641314] Could not find attributes for marley ake (Sportvereniging Zulte Waregem, 2025)
[4641314] Failed to build match row: Sportvereniging Zulte Waregem vs Koninklijke Voetbal Club Westerlo
[3860525] Could not find attributes for gokhan akkan (MKE Ankaragücü, 2022)
[3860525] Failed to build match row: MKE Ankaragücü vs Galatasaray Spor Kulübü
[4778871] Could not find attributes for lyndon tas (Stranraer FC, 2025)
[4778871] Failed to build match row: Stranraer FC vs Queen's Park FC
[3434869] Could not find attributes for artur anisimov (FK Nizhny Novgorod, 2020)
[3434869] Failed to build match row: FK Nizhny Novgorod vs FC Khimki (-2025)
[4529093] Could not find attributes for martin rio (Club Atlético Banfield, 2024)
[4529093] Failed to build match row: Club Social y Deportivo Defensa y Justicia vs Club Atlético Banfield
[4648727] Failed to scrape lineup: https://www.transfermarkt.co.uk/gd-estoril-praia_cd-nacional/index/spielbericht/4648727
[3889030] Failed to scrape lineup: https://www.transfermarkt.co.uk/atromitos-athens_pas-giannina/index/spielbericht/3889030
[4705955] Could not find attributes for vadym yushchyshyn (Chornomorets Odesa, 2025)
[4705955] Failed to build match row: Chornomorets Odesa vs FC Zorya Lugansk
[4092088] Could not find attributes for vitaliy gudiev (Fakel Voronezh, 2023)
[3851141] Could not find attributes for oleksiy sych (KV Kortrijk, 2022)
[4092088] Failed to build match row: Fakel Voronezh vs FK Nizhny Novgorod
[3851141] Failed to build match row: KV Kortrijk vs Sportvereniging Zulte Waregem
[4410944] Could not find attributes for saad bguir (Al-Wehda FC, 2024)
[4410944] Failed to build match row: Al-Wehda FC vs Al-Nassr Football Club
[4358762] Could not find attributes for stefan popovic (Fudbalski Klub Novi Pazar, 2024)
[4358762] Failed to build match row: Fudbalski Klub Novi Pazar vs Fudbalski Klub Partizan Beograd
[4103535] Could not find attributes for nikola krstovic (Unione Sportiva Lecce, 2023)
[4103535] Failed to build match row: Unione Sportiva Lecce vs Società Sportiva Calcio Napoli
[4624562] Failed to scrape lineup: https://www.transfermarkt.co.uk/fc-banik-ostrava_1-fc-slovacko/index/spielbericht/4624562
[4650492] Failed to scrape lineup: https://www.transfermarkt.co.uk/spielbericht/index/spielbericht/4650492
[3637797] Could not find attributes for luca ravanelli (Unione Sportiva Cremonese S.p.A., 2021)
[3637797] Failed to build match row: Torino Calcio vs Unione Sportiva Cremonese S.p.A.
[4393402] Failed to scrape lineup: https://www.transfermarkt.co.uk/gaziantep-fk_fenerbahce/index/spielbericht/4393402
[4778872] Could not find attributes for mahamadou susoho (Livingston Football Club, 2025)
[4778872] Failed to build match row: Livingston Football Club vs Saint Mirren Football Club
[3434871] Could not find attributes for dmitriy kudinov (Znamya Noginsk, 2020)
[3434871] Failed to build match row: Znamya Noginsk vs RFK Akhmat Grozny
[4368928] Could not find attributes for yevgeniy kucherenko (LNZ Cherkasy, 2024)
[4368928] Failed to build match row: LNZ Cherkasy vs FC Zorya Lugansk

Keepers & outfield error for **Al-Qadsiah Saudi Football Club** in Al-Ittihad Football Club vs Al-Qadsiah Saudi Football Club: Numbers: 2 and 9.
[4404912] Failed to build match row: Al-Ittihad Football Club vs Al-Qadsiah Saudi Football Club
[3413030] Could not find attributes for makoto hasebe (Eintracht Frankfurt Fußball AG, 2020)
[3413030] Failed to build match row: Eintracht Frankfurt Fußball AG vs 1. Fußballclub Union Berlin
[3969490] Could not find attributes for brett long (Dumbarton FC, 2022)

Keepers & outfield error for **Manchester City Football Club** in Manchester City Football Club vs Leeds United Association Football Club: Numbers: 2 and 9.
[3969490] Failed to build match row: Kilmarnock Football Club vs Dumbarton FC
[3598367] Failed to scrape lineup: https://www.transfermarkt.co.uk/kv-kortrijk_sint-truidense-vv/index/spielbericht/3598367
[3592060] Failed to build match row: Manchester City Football Club vs Leeds United Association Football Club
[3583639] Could not find attributes for luquinhas (Legia Warszawa Spółka Akcyjna, 2021)
[3583639] Failed to build match row: Legia Warszawa Spółka Akcyjna vs Fotballklubben Bodø/Glimt
[4506872] Could not find attributes for hercules (Fluminense Football Club, 2025)
[3421827] Failed to scrape lineup: https://www.transfermarkt.co.uk/everton-fc_manchester-city/index/spielbericht/3421827
[4506872] Failed to build match row: Fluminense Football Club vs Chelsea Football Club
[4410945] Could not find attributes for norbert gyomber (Al-Kholood Club, 2024)
[4410945] Failed to build match row: Al-Hilal Saudi Football Club vs Al-Kholood Club
[4718741] Failed to scrape lineup: https://www.transfermarkt.co.uk/spielbericht/index/spielbericht/4718741
[4096103] Could not find attributes for max finkgrafe (1. Fußball-Club Köln, 2023)
[4096103] Failed to build match row: 1. Fußballclub Union Berlin vs 1. Fußball-Club Köln
[3912563] Could not find attributes for sergio padt (Ludogorets Razgrad, 2022)
[4624563] Could not find attributes for michal reichl (Bohemians Praha 1905, a.s., 2025)
[3912563] Failed to build match row: Ludogorets Razgrad vs Real Betis Balompié S.A.D.
[4624563] Failed to build match row: Bohemians Praha 1905, a.s. vs FK Mladá Boleslav, a.s.
[3860526] Could not find attributes for kadir seven (Giresunspor, 2022)
[3860526] Failed to build match row: Giresunspor vs Trabzonspor Kulübü
[4625945] Failed to scrape lineup: https://www.transfermarkt.co.uk/brentford-fc_afc-bournemouth/index/spielbericht/4625945
[4093041] Could not find attributes for mikhail kerzhakov (AO FK Zenit Sankt-Peterburg, 2023)
[4093041] Failed to build match row: AO FK Zenit Sankt-Peterburg vs PFK CSKA Moskva
[4641315] Could not find attributes for yuto tsunashima (Royal Antwerp Football Club, 2025)
[4641315] Failed to build match row: Cercle Brugge Koninklijke Sportvereniging vs Royal Antwerp Football Club
[4805917] Could not find attributes for philip billing (Fodbold Club Midtjylland, 2025)
[4805917] Failed to build match row: Fodbold Club Midtjylland vs Nottingham Forest Football Club
[4648728] Could not find attributes for jakub brabec (Rio Ave Futebol Clube, 2025)
[4648728] Failed to build match row: Club Football Estrela da Amadora vs Rio Ave Futebol Clube
[3421828] Could not find attributes for ki jana hoever (Wolverhampton Wanderers Football Club, 2020)
[3421828] Failed to build match row: Manchester United Football Club vs Wolverhampton Wanderers Football Club
[4358763] Failed to build match row: Fudbalski klub Čukarički Beograd vs Fudbalski klub Napredak Kruševac
[4705956] Could not find attributes for arsen belimenko (Lokomotyv Kyiv, 2025)
[4705956] Failed to build match row: Lokomotyv Kyiv vs FK Kolos Kovalivka
[3889031] Could not find attributes for lefteris choutesiotis (Ionikos Nikeas, 2022)
[3889031] Failed to build match row: Ionikos Nikeas vs PAS Lamia 1964
[3431906] Failed to scrape lineup: https://www.transfermarkt.co.uk/fc-barcelona_elche-cf/index/spielbericht/3431906
[3457405] Failed to scrape lineup: https://www.transfermarkt.co.uk/sonderjyske_brondby-if/index/spielbericht/3457405
[4582258] Failed to scrape lineup: https://www.transfermarkt.co.uk/fortaleza-esporte-clube_sao-paulo-futebol-clube/index/spielbericht/4582258

Keepers & outfield error for **Associazione Sportiva Roma** in Associazione Sportiva Roma vs Frosinone Calcio: Numbers: 0 and 11.
[3614739] Failed to scrape lineup: https://www.transfermarkt.co.uk/bologna-fc-1909_ssc-napoli/index/spielbericht/3614739
[3837837] Failed to scrape lineup: https://www.transfermarkt.co.uk/fulham-fc_brentford-fc/index/spielbericht/3837837
[4645968] Failed to scrape lineup: https://www.transfermarkt.co.uk/real-madrid_real-oviedo/index/spielbericht/4645968
[3490810] Could not find attributes for niall doherty (Lothian Thistle Hutchison Vale FC, 2020)
[4368929] Could not find attributes for oleg kudryk (FK Polissya Zhytomyr, 2024)
[4103537] Failed to build match row: Associazione Sportiva Roma vs Frosinone Calcio

Keepers & outfield error for **Cercle Brugge Koninklijke Sportvereniging** in Cercle Brugge Koninklijke Sportvereniging vs KAS Eupen: Numbers: 2 and 9.
[3490810] Failed to build match row: Lothian Thistle Hutchison Vale FC vs Lossiemouth FC
[4368929] Failed to build match row: FK Polissya Zhytomyr vs FC Oleksandriya
[3851142] Failed to build match row: Cercle Brugge Koninklijke Sportvereniging vs KAS Eupen
[4393403] Could not find attributes for samba camara (Sivasspor, 2024)

Keepers & outfield error for **Wolverhampton Wanderers Football Club** in Southampton FC vs Wolverhampton Wanderers Football Club: Numbers: 0 and 11.
[4393403] Failed to build match row: Galatasaray Spor Kulübü vs Sivasspor
[4362807] Failed to build match row: Southampton FC vs Wolverhampton Wanderers Football Club
Not enough players found for lineup: 11, 0.
[3912564] Could not find attributes for sergio padt (Ludogorets Razgrad, 2022)
[4718742] Failed to scrape lineup: https://www.transfermarkt.co.uk/spielbericht/index/spielbericht/4718742
[3912564] Failed to build match row: Ludogorets Razgrad vs HJK Helsinki
[4410946] Could not find attributes for milan borjan (Al-Riyadh Saudi Club, 2024)
[4410946] Failed to build match row: Al-Riyadh Saudi Club vs Al-Fayha FC
[4404913] Could not find attributes for francois kamano (Damac Football Club, 2024)
[4404913] Failed to build match row: Damac Football Club vs Al-Taawoun Football Club
[4650493] Could not find attributes for aleksandr koryakin (FK Krasnodar, 2025)
[4529094] Failed to scrape lineup: https://www.transfermarkt.co.uk/ca-newells-old-boys_cs-independiente-rivadavia/index/spielbericht/4529094
[4650493] Failed to build match row: FK Krasnodar vs PFK Krylya Sovetov Samara
[4641316] Could not find attributes for mathis servais (Yellow-Red Koninklijke Voetbalclub Mechelen, 2025)
[4641316] Failed to build match row: Oud-Heverlee Leuven vs Yellow-Red Koninklijke Voetbalclub Mechelen
[4096104] Could not find attributes for anthony losilla (VfL Bochum, 2023)
[4648729] Could not find attributes for nabil touaizi (Futebol Clube de Alverca, 2025)
[4648729] Failed to build match row: Futebol Clube de Alverca vs Gil Vicente Futebol Clube
[4624564] Could not find attributes for jachym serak (FK Pardubice, 2025)
[4096104] Failed to build match row: Bayer 04 Leverkusen Fußball vs VfL Bochum
[4624564] Failed to build match row: SK Slavia Praha, a.s. vs FK Pardubice
[3413032] Could not find attributes for kerim calhanoglu (FC Schalke 04, 2020)
[3413032] Failed to build match row: FC Schalke 04 vs Mönchengladbach
[4645969] Could not find attributes for jose gaya (Valencia Club de Fútbol S. A. D., 2025)
[4645969] Failed to build match row: Valencia Club de Fútbol S. A. D. vs Girona Fútbol Club S. A. D.
[3490909] Could not find attributes for ivan miladinovic (FK Sochi, 2020)
[3490909] Failed to build match row: FK Sochi vs FK Dinamo Moskva
[4358764] Could not find attributes for veljko ilic (Fudbalski klub TSC Bačka Topola, 2024)
[3583640] Failed to build match row: Alashkert Yerevan FC vs Connah's Quay Nomads
[4358764] Failed to build match row: Fudbalski klub TSC Bačka Topola vs FK Radnički 1923 Kragujevac
[3889032] Could not find attributes for matej markovic (APO Levadiakos Football Club, 2022)
[3889032] Failed to build match row: APO Levadiakos Football Club vs Panthessalonikios Athlitikos Omilos Konstantinoupoliton
[4365323] Could not find attributes for kornel lisman (KKS Lech Poznań Spółka Akcyjna, 2024)
[4365323] Failed to build match row: KKS Lech Poznań Spółka Akcyjna vs Miejski Klub Sportowy Korona Kielce Spółka Akcyjna
[4582259] Could not find attributes for matheus alexandre (Sport Club do Recife, 2024)
[3607572] Failed to scrape lineup: https://www.transfermarkt.co.uk/fc-barcelona_real-betis-balompie/index/spielbericht/3607572
[4582259] Failed to build match row: Sport Club do Recife vs Fluminense Football Club
[4404914] Could not find attributes for moussa dembele (Al-Ettifaq Football Club, 2024)
[4404914] Failed to build match row: Al-Ettifaq Football Club vs Al-Orobah FC
[4410947] Could not find attributes for faycal fajr (Al-Taawoun Football Club, 2024)
[4410947] Failed to build match row: Al-Ettifaq Football Club vs Al-Taawoun Football Club
[3457406] Could not find attributes for zeca (Football Club København, 2020)
[3457406] Failed to build match row: Football Club København vs Aalborg BK
[3434872] Could not find attributes for maksim matyusha (Shinnik Yaroslavl, 2020)
[4778873] Could not find attributes for graham taylor (Camelon Juniors FC, 2025)
[4718743] Could not find attributes for taxiarchis filon (APO Levadiakos Football Club, 2025)
[3637798] Failed to build match row: FC Crotone vs Brescia Calcio
[3434872] Failed to build match row: Shinnik Yaroslavl vs RFK Akhmat Grozny
[4778873] Failed to build match row: Camelon Juniors FC vs Elgin City FC
[4718743] Failed to build match row: APO Levadiakos Football Club vs A.G.S Asteras Tripolis
[4506873] Failed to scrape lineup: https://www.transfermarkt.co.uk/spielbericht/index/spielbericht/4506873

Keepers & outfield error for **SD Eibar** in SD Eibar vs Celta: Numbers: 3 and 8.
[3431907] Failed to build match row: SD Eibar vs Celta
[3614740] Could not find attributes for manolo portanova (Genoa Cricket and Football Club, 2021)
[4393404] Could not find attributes for emre tasdemir (Gaziantep Futbol Kulübü A.Ş., 2024)
[3614740] Failed to build match row: Associazione Calcio Fiorentina vs Genoa Cricket and Football Club
[4112976] Could not find attributes for marvin park (UD Las Palmas, 2023)
[4393404] Failed to build match row: Çaykur Rizespor Kulübü vs Gaziantep Futbol Kulübü A.Ş.
[4112976] Failed to build match row: Futbol Club Barcelona vs UD Las Palmas
[4650494] Could not find attributes for david volk (Dinamo Makhachkala, 2025)
[4634463] Could not find attributes for vini souza (Verein für Leibesübungen Wolfsburg, 2025)
[4582260] Failed to scrape lineup: https://www.transfermarkt.co.uk/fluminense-football-club_esporte-clube-juventude/index/spielbericht/4582260
[4368930] Could not find attributes for andrey kozhukhar (NK Veres Rivne, 2024)
[4650494] Failed to build match row: Dinamo Makhachkala vs FK Nizhny Novgorod

Keepers & outfield error for **Leicester City** in Leicester City vs Southampton FC: Numbers: 0 and 11.
[3490910] Could not find attributes for josip condric (Rotor Volgograd, 2020)
[4368930] Failed to build match row: NK Veres Rivne vs FK Obolon Kyiv
[4634463] Failed to build match row: Verein für Leibesübungen Wolfsburg vs Eintracht Frankfurt Fußball AG

Keepers & outfield error for **Real Betis Balompié S.A.D.** in Real Betis Balompié S.A.D. vs Associazione Sportiva Roma: Numbers: 2 and 9.
[4624565] Could not find attributes for matous trmal (FK Teplice, a.s., 2025)
[3490910] Failed to build match row: Rotor Volgograd vs Arsenal Tula
[3837839] Failed to build match row: Leicester City vs Southampton FC
[4624565] Failed to build match row: FK Teplice, a.s. vs FK Jablonec a.s.
agujevac, 2024)
[3912565] Failed to build match row: Real Betis Balompié S.A.D. vs Associazione Sportiva Roma
[4358765] Failed to build match row: FK Radnički 1923 Kragujevac vs FK Jedinstvo Ub

Keepers & outfield error for **Futebol Clube de Famalicão** in Futebol Clube de Famalicão vs Vitória Sport Clube: Numbers: 2 and 9.
[4404915] Could not find attributes for suhayb al zaid (Al-Fateh Club, 2024)
[4648730] Failed to build match row: Futebol Clube de Famalicão vs Vitória Sport Clube
[4404915] Failed to build match row: Al-Fateh Club vs Al-Kholood Club
[4705957] Could not find attributes for tit chernetskyi (Dinaz Vyshgorod, 2025)
[4410948] Could not find attributes for matteo dams (Al-Ahli Saudi Football Club, 2024)
[3889033] Could not find attributes for praxitelis vouros (Omilos Filathlon Irakliou FC, 2022)
[4410948] Failed to build match row: Al-Ahli Saudi Football Club vs Al-Qadsiah Saudi Football Club
[3889033] Failed to build match row: Omilos Filathlon Irakliou FC vs Olympiakos Syndesmos Filathlon Peiraios
[4445426] Could not find attributes for jonas svensson (Beşiktaş Jimnastik Kulübü, 2024)

Keepers & outfield error for **Eintracht Frankfurt Fußball AG** in Eintracht Frankfurt Fußball AG vs Mönchengladbach: Numbers: 2 and 9.
[4705957] Failed to build match row: Dinaz Vyshgorod vs Agrobiznes Volochysk
[4096105] Failed to build match row: Eintracht Frankfurt Fußball AG vs Mönchengladbach
[4445426] Failed to build match row: Football Club Twente vs Beşiktaş Jimnastik Kulübü
[3583641] Could not find attributes for milos dragojevic (Buducnost Podgorica, 2021)
[3583641] Failed to build match row: Buducnost Podgorica vs HJK Helsinki
[4641317] Failed to scrape lineup: https://www.transfermarkt.co.uk/sint-truidense-vv_royal-charleroi-sc/index/spielbericht/4641317
[3434873] Could not find attributes for denis kniga (Dinamo Stavropol, 2020)

Keepers & outfield error for **Brentford Football Club** in Leeds United Association Football Club vs Brentford Football Club: Numbers: 0 and 11.
[3434873] Failed to build match row: Dinamo Stavropol vs PFK Krylya Sovetov Samara
[3592063] Failed to build match row: Leeds United Association Football Club vs Brentford Football Club

Keepers & outfield error for **Club Atlético Central Córdoba** in Club Atlético Central Córdoba vs Club Atlético Aldosivi: Numbers: 2 and 9.
[4529099] Failed to build match row: Club Atlético Central Córdoba vs Club Atlético Aldosivi
[4157251] Could not find attributes for casper madsen (Svendborg fB - Oure FA, 2023)
[4157251] Failed to build match row: Svendborg fB - Oure FA vs Akademisk Boldklub
[4365324] Could not find attributes for konrad gruszkowski (GKS GieKSa Katowice Spółka Akcyjna, 2024)
[4365324] Failed to build match row: Morski Klub Sportowy Pogoń Szczecin vs GKS GieKSa Katowice Spółka Akcyjna
[4358766] Could not find attributes for lazar balevic (Fudbalski klub Napredak Kruševac, 2024)
[4358766] Failed to build match row: Fudbalski klub Napredak Kruševac vs Fudbalski klub TSC Bačka Topola
[4650495] Could not find attributes for dmitriy chistyakov (FK Rostov, 2025)
[4650495] Failed to build match row: FK Rostov vs FK Spartak Moskva
[4718744] Could not find attributes for adebayo adeleye (Volou Neos Podosferikos Syllogos, 2025)
[4718744] Failed to build match row: Olympiakos Syndesmos Filathlon Peiraios vs Volou Neos Podosferikos Syllogos

Keepers & outfield error for **Real Betis Balompié S.A.D.** in Real Betis Balompié S.A.D. vs Ludogorets Razgrad: Numbers: 2 and 9.
[3912566] Failed to build match row: Real Betis Balompié S.A.D. vs Ludogorets Razgrad
[4778874] Failed to scrape lineup: https://www.transfermarkt.co.uk/spielbericht/index/spielbericht/4778874
[4368931] Could not find attributes for artur rudko (Chornomorets Odesa, 2024)
[4368931] Failed to build match row: Chornomorets Odesa vs FC Shakhtar Donetsk
[4218996] Could not find attributes for tommy simkin (Solihull Moors, 2023)
[4218996] Failed to build match row: Bolton Wanderers vs Solihull Moors

Keepers & outfield error for **Levante Unión Deportiva S.A.D.** in Espanol vs Levante Unión Deportiva S.A.D.: Numbers: 0 and 11.
[4404916] Could not find attributes for ayoub qasmi (Al-Raed SFC, 2024)
[4645972] Failed to build match row: Espanol vs Levante Unión Deportiva S.A.D.
[4404916] Failed to build match row: Al-Raed SFC vs Al-Wehda FC
[3637799] Could not find attributes for dimitrios stavropoulos (Reggina Calcio, 2021)
[4093107] Failed to scrape lineup: https://www.transfermarkt.co.uk/r-charleroi-sc_oud-heverlee-leuven/index/spielbericht/4093107
[3840058] Failed to scrape lineup: https://www.transfermarkt.co.uk/stade-reims_paris-saint-germain/index/spielbericht/3840058
[3889034] Could not find attributes for nikolaos papadopoulos (A.G.S Asteras Tripolis, 2022)
[3637799] Failed to build match row: US Salernitana 1919 vs Reggina Calcio
[3889034] Failed to build match row: Panathinaikos Athlitikos Omilos vs A.G.S Asteras Tripolis

Keepers & outfield error for **FC Halifax Town** in FC Halifax Town vs Maidenhead United: Numbers: 0 and 11.
[3690515] Failed to build match row: FC Halifax Town vs Maidenhead United
[3457407] Could not find attributes for johan djourou (Fodbold Club Nordsjælland, 2020)

Keepers & outfield error for **Atalanta Bergamasca Calcio S.p.a.** in Atalanta Bergamasca Calcio S.p.a. vs Cagliari Calcio: Numbers: 2 and 9.
[3457407] Failed to build match row: Fodbold Club Nordsjælland vs Randers Fodbold Club
[4374162] Failed to build match row: Atalanta Bergamasca Calcio S.p.a. vs Cagliari Calcio
[3413033] Failed to scrape lineup: https://www.transfermarkt.co.uk/1-fc-koln_borussia-dortmund/index/spielbericht/3413033
[4112977] Failed to scrape lineup: https://www.transfermarkt.co.uk/cadiz-cf_granada-cf/index/spielbericht/4112977
[3969491] Could not find attributes for gary thom (Linlithgow Rose FC, 2022)
[3598371] Could not find attributes for mousa tamari (Oud-Heverlee Leuven, 2021)

Keepers & outfield error for **Galatasaray Spor Kulübü** in Galatasaray Spor Kulübü vs Tottenham Hotspur Football Club: Numbers: 2 and 9.
[4103539] Failed to scrape lineup: https://www.transfermarkt.co.uk/us-sassuolo_ac-monza/index/spielbericht/4103539
[3969491] Failed to build match row: Linlithgow Rose FC vs Raith Rovers FC
[4445427] Failed to build match row: Galatasaray Spor Kulübü vs Tottenham Hotspur Football Club
[3598371] Failed to build match row: Beerschot VA vs Oud-Heverlee Leuven
[4648731] Could not find attributes for benny (Moreirense Futebol Clube, 2025)
[4648731] Failed to build match row: Moreirense Futebol Clube vs Futebol Clube do Porto
[4410949] Could not find attributes for konstantinos fortounis (Al-Khaleej Club (Saihat), 2024)
[4634465] Could not find attributes for tomoya ando (Fußball-Club St. Pauli von 1910, 2025)
[4624566] Failed to scrape lineup: https://www.transfermarkt.co.uk/fk-dukla-prague_fc-hradec-kralove/index/spielbericht/4624566
[4410949] Failed to build match row: Al-Khaleej Club (Saihat) vs Al-Ittihad Football Club
[4634465] Failed to build match row: Fußball-Club St. Pauli von 1910 vs FC Bayern München
[3583642] Could not find attributes for nikola cetkovic (FK Borac Banja Luka, 2021)
[3583642] Failed to build match row: FK Borac Banja Luka vs Fotbal Club CFR 1907 Cluj SA
[4096107] Could not find attributes for pavel kaderabek (Turn- und Sportgemeinschaft 1899 Hoffenheim Fußball-Spielbetriebs, 2023)
[4096107] Failed to build match row: Turn- und Sportgemeinschaft 1899 Hoffenheim Fußball-Spielbetriebs vs SV Darmstadt 98
[3490911] Could not find attributes for dejan lovren (AO FK Zenit Sankt-Peterburg, 2020)
[3490911] Failed to build match row: AO FK Zenit Sankt-Peterburg vs FK Spartak Moskva
[3431909] Could not find attributes for roberto soldado (Granada CF, 2020)
[3431909] Failed to build match row: Granada CF vs Athletic Club Bilbao

Keepers & outfield error for **Fatih Karagümrük Sportif Faaliyetler San. Tic. A.Ş.** in Fatih Karagümrük Sportif Faaliyetler San. Tic. A.Ş. vs Kasımpaşa A.Ş.: Numbers: 0 and 11.
[4129478] Failed to build match row: Fatih Karagümrük Sportif Faaliyetler San. Tic. A.Ş. vs Kasımpaşa A.Ş.
[3413034] Could not find attributes for omer toprak (Sportverein Werder Bremen von 1899, 2020)
[4358767] Could not find attributes for mario jurcevic (Fudbalski Klub Partizan Beograd, 2024)
[3413034] Failed to build match row: Sportverein Werder Bremen von 1899 vs Verein für Leibesübungen Wolfsburg
[4358767] Failed to build match row: Fudbalski Klub Partizan Beograd vs Fudbalski klub Čukarički Beograd
[3592064] Failed to scrape lineup: https://www.transfermarkt.co.uk/manchester-united_crystal-palace/index/spielbericht/3592064
[3434875] Failed to scrape lineup: https://www.transfermarkt.co.uk/spielbericht/index/spielbericht/3434875
[4103540] Could not find attributes for saba sazonov (Torino Calcio, 2023)
[4103540] Failed to build match row: Torino Calcio vs Verona Hellas Football Club
[3969492] Could not find attributes for jamie sneddon (Partick Thistle FC, 2022)
[4645973] Could not find attributes for neal maupay (Sevilla Fútbol Club S.A.D., 2025)
[4645973] Failed to build match row: Club Atlético Osasuna vs Sevilla Fútbol Club S.A.D.
[3969492] Failed to build match row: Partick Thistle FC vs Dunfermline Athletic FC
[4365326] Could not find attributes for steve kingue (Radomiak S.A., 2024)
[4718745] Failed to scrape lineup: https://www.transfermarkt.co.uk/spielbericht/index/spielbericht/4718745
[4778875] Could not find attributes for alexander schwolow (Heart of Midlothian Football Club, 2025)
[4365326] Failed to build match row: Radomiak S.A. vs Zagłębie Lubin Spółka Akcyjna
[4778875] Failed to build match row: Heart of Midlothian Football Club vs Falkirk Football & Athletic Club
[3889035] Could not find attributes for antonis stergiakis (Panetolikos Agrinio, 2022)
[3889035] Failed to build match row: Panetolikos Agrinio vs Volou Neos Podosferikos Syllogos
[4410950] Could not find attributes for mohanad al qaydhi (Al-Okhdood Club, 2024)

Keepers & outfield error for **Galatasaray Spor Kulübü** in Galatasaray Spor Kulübü vs Panthessalonikios Athlitikos Omilos Konstantinoupoliton: Numbers: 2 and 9.
[4650496] Could not find attributes for ignat terekhovskiy (Akron Togliatti, 2025)
[4410950] Failed to build match row: Al-Okhdood Club vs Al-Fateh Club

Keepers & outfield error for **Casa Pia Atlético Clube** in Sporting Clube de Braga vs Casa Pia Atlético Clube: Numbers: 3 and 8.
[4650496] Failed to build match row: Akron Togliatti vs FK Baltika
[4445428] Failed to build match row: Galatasaray Spor Kulübü vs Panthessalonikios Athlitikos Omilos Konstantinoupoliton
[4648732] Failed to build match row: Sporting Clube de Braga vs Casa Pia Atlético Clube

Keepers & outfield error for **Newcastle United Football Club** in Newcastle United Football Club vs Manchester City Football Club: Numbers: 2 and 9.
[3837841] Failed to build match row: Newcastle United Football Club vs Manchester City Football Club
[4634466] Could not find attributes for rani khedira (1. Fußballclub Union Berlin, 2025)
[4634466] Failed to build match row: 1. Fußballclub Heidenheim 1846 vs 1. Fußballclub Union Berlin
[3583643] Could not find attributes for matko obradovic (NS Mura, 2021)
[3583643] Failed to build match row: NS Mura vs Shkendija Tetovo
[4705958] Could not find attributes for andriy kotsan (FC Uzhgorod, 2025)
[4705958] Failed to build match row: FC Uzhgorod vs Feniks-Mariupol
[4358768] Could not find attributes for zoran popovic (Železničar Pančevo, 2024)
[4358768] Failed to build match row: Železničar Pančevo vs Fudbalski Klub Novi Pazar
[4624567] Could not find attributes for jan kral (SK Sigma Olomouc, a.s., 2025)
[4624567] Failed to build match row: SK Sigma Olomouc, a.s. vs FC Baník Ostrava a.s.
[3690516] Could not find attributes for melvin minter (Chesterfield FC, 2021)
[3690516] Failed to build match row: Chesterfield FC vs Southend United
[3490912] Could not find attributes for evgeniy gorodov (FK Krasnodar, 2020)
[3490912] Failed to build match row: FK Krasnodar vs FK Ufa
[4129479] Could not find attributes for endri cekici (Pendikspor, 2023)
[4129479] Failed to build match row: Trabzonspor Kulübü vs Pendikspor
[3431910] Could not find attributes for marvin park (Real Madrid Club de Fútbol, 2020)
[4582261] Could not find attributes for everaldo (Fluminense Football Club, 2024)
[3431910] Failed to build match row: Real Madrid Club de Fútbol vs Getafe Club de Fútbol S. A. D. Team Dubai
[3840060] Could not find attributes for maximiliano caufriez (Clermont Foot 63, 2022)
[4582261] Failed to build match row: Fluminense Football Club vs Grêmio Foot-Ball Porto Alegrense
[3840060] Failed to build match row: Association sportive de Monaco Football Club vs Clermont Foot 63
[4778876] Failed to scrape lineup: https://www.transfermarkt.co.uk/spielbericht/index/spielbericht/4778876
vs Wolverhampton Wanderers Football Club: Numbers: 0 and 11.
[3837842] Failed to build match row: Tottenham Hotspur Football Club vs Wolverhampton Wanderers Football Club
[3607575] Failed to scrape lineup: https://www.transfermarkt.co.uk/granada-cf_deportivo-alaves/index/spielbericht/3607575
[4093108] Failed to scrape lineup: https://www.transfermarkt.co.uk/rwd-molenbeek_krc-genk/index/spielbericht/4093108

Keepers & outfield error for **Real Betis Balompié S.A.D.** in Real Betis Balompié S.A.D. vs HJK Helsinki: Numbers: 0 and 11.
[4374163] Failed to scrape lineup: https://www.transfermarkt.co.uk/bologna-fc-1909_torino-fc/index/spielbericht/4374163
[3457408] Failed to scrape lineup: https://www.transfermarkt.co.uk/lyngby-bk_odense-boldklub/index/spielbericht/3457408
[3912567] Failed to build match row: Real Betis Balompié S.A.D. vs HJK Helsinki
[4506875] Could not find attributes for oscar arroyo (UD Barbastro, 2024)
[4506875] Failed to build match row: UD Barbastro vs Futbol Club Barcelona

Keepers & outfield error for **Associazione Sportiva Roma** in Associazione Sportiva Roma vs Cagliari Calcio: Numbers: 0 and 11.
[3598372] Failed to scrape lineup: https://www.transfermarkt.co.uk/kv-mechelen_cercle-brugge/index/spielbericht/3598372
[3860528] Failed to scrape lineup: https://www.transfermarkt.co.uk/istanbulspor_adana-demirspor/index/spielbericht/3860528
[3614743] Failed to build match row: Associazione Sportiva Roma vs Cagliari Calcio
[4634467] Could not find attributes for jahmai simpson pusey (1. Fußball-Club Köln, 2025)

Keepers & outfield error for **Wolverhampton Wanderers Football Club** in Liverpool Football Club vs Wolverhampton Wanderers Football Club: Numbers: 0 and 11.

Keepers & outfield error for **Rayo Vallecano de Madrid S. A. D.** in Rayo Vallecano de Madrid S. A. D. vs Real Sociedad de Fútbol S.A.D.: Numbers: 2 and 9.

Keepers & outfield error for **Futebol Clube do Porto** in Futebol Clube do Porto vs Nottingham Forest Football Club: Numbers: 0 and 11.
[4645974] Failed to build match row: Rayo Vallecano de Madrid S. A. D. vs Real Sociedad de Fútbol S.A.D.
[4625949] Failed to build match row: Liverpool Football Club vs Wolverhampton Wanderers Football Club
[4634467] Failed to build match row: 1. Fußball-Club Köln vs Sportverein Werder Bremen von 1899
[4650497] Could not find attributes for vladislav torop (PFK CSKA Moskva, 2025)
[4805922] Failed to build match row: Futebol Clube do Porto vs Nottingham Forest Football Club
[4650497] Failed to build match row: PFK CSKA Moskva vs Футбольный клуб "Локомотив" Москва
[3851146] Could not find attributes for jorne spileers (Club Brugge Koninklijke Voetbalvereniging, 2022)
[3851146] Failed to build match row: Club Brugge Koninklijke Voetbalvereniging vs Koninklijke Voetbal Club Westerlo
[3434877] Could not find attributes for daniil arzhevitin (Zvezda Perm, 2020)
[3434877] Failed to build match row: Zvezda Perm vs FK Sochi
[3607576] Could not find attributes for shkodran mustafi (Levante Unión Deportiva S.A.D., 2021)
[3607576] Failed to build match row: Levante Unión Deportiva S.A.D. vs Club Atlético Osasuna
[4529104] Could not find attributes for elias baez (Club Atlético San Lorenzo de Almagro, 2024)
[4529104] Failed to build match row: Club Atlético San Lorenzo de Almagro vs Club Atlético Talleres
[3490913] Could not find attributes for ilya lantratov (FC Khimki (-2025), 2020)
[3490913] Failed to build match row: FC Khimki (-2025) vs Футбольный клуб "Локомотив" Москва
[4112979] Failed to scrape lineup: https://www.transfermarkt.co.uk/getafe-cf_sevilla-fc/index/spielbericht/4112979

Keepers & outfield error for **Associazione Calcio Fiorentina** in Associazione Calcio Fiorentina vs Calcio Como: Numbers: 0 and 11.
[3637800] Could not find attributes for kristjan matosevic (Cosenza Calcio, 2021)
[3860529] Could not find attributes for zouhair feddal (Alanyaspor, 2022)
[4374164] Failed to build match row: Associazione Calcio Fiorentina vs Calcio Como
[3637800] Failed to build match row: Associazione Calcio Fiorentina vs Cosenza Calcio
[3860529] Failed to build match row: Alanyaspor vs Kasımpaşa A.Ş.

Keepers & outfield error for **Associazione Sportiva Roma** in HJK Helsinki vs Associazione Sportiva Roma: Numbers: 0 and 11.
[3912568] Failed to build match row: HJK Helsinki vs Associazione Sportiva Roma
[3592065] Failed to scrape lineup: https://www.transfermarkt.co.uk/newcastle-united_burnley-fc/index/spielbericht/3592065
[4624568] Could not find attributes for josef kozeluh (FC Slovan Liberec, 2025)
[4624568] Failed to build match row: FC Slovan Liberec vs FC Viktoria Plzeň, a.s.
[3614744] Could not find attributes for filippo delli carri (US Salernitana 1919, 2021)
[4157253] Could not find attributes for jonas dakir (Sønderjyske Fodbold, 2023)
[3614744] Failed to build match row: US Salernitana 1919 vs Società Sportiva Lazio S.p.A.
[4641320] Could not find attributes for maksim kireev (Yellow-Red Koninklijke Voetbalclub Mechelen, 2025)
[4157253] Failed to build match row: Sønderjyske Fodbold vs Vejle Boldklub
[4641320] Failed to build match row: Royale Union Saint-Gilloise vs Yellow-Red Koninklijke Voetbalclub Mechelen
[4582262] Could not find attributes for cuiabano (S. A. F. Botafogo, 2024)
[4582262] Failed to build match row: S. A. F. Botafogo vs Clube de Regatas do Flamengo
[3969493] Failed to scrape lineup: https://www.transfermarkt.co.uk/spielbericht/index/spielbericht/3969493
[4718746] Failed to scrape lineup: https://www.transfermarkt.co.uk/spielbericht/index/spielbericht/4718746
[4362812] Failed to scrape lineup: https://www.transfermarkt.co.uk/wolverhampton-wanderers_west-ham-united/index/spielbericht/4362812
[4358769] Could not find attributes for goran vuklis (Fudbalski Klub IMT Novi Beograd, 2024)
[4358769] Failed to build match row: Fudbalski Klub IMT Novi Beograd vs FK Tekstilac Odzaci
[3598373] Could not find attributes for vini souza (Yellow-Red Koninklijke Voetbalclub Mechelen, 2021)
[3598373] Failed to build match row: Yellow-Red Koninklijke Voetbalclub Mechelen vs KV Kortrijk
[4393405] Could not find attributes for luccas claro (Eyüp Spor Kulübü, 2024)
[4393405] Failed to build match row: Samsunspor vs Eyüp Spor Kulübü
[3889036] Failed to scrape lineup: https://www.transfermarkt.co.uk/aek-athens_atromitos-athens/index/spielbericht/3889036
[4410951] Failed to scrape lineup: https://www.transfermarkt.co.uk/al-raed-sfc_al-shabab-fc/index/spielbericht/4410951
[4705959] Failed to scrape lineup: https://www.transfermarkt.co.uk/spielbericht/index/spielbericht/4705959
[3583644] Failed to scrape lineup: https://www.transfermarkt.co.uk/spielbericht/index/spielbericht/3583644
[3860530] Could not find attributes for charilaos charisis (Sivasspor, 2022)
[3860530] Failed to build match row: Sivasspor vs Konyaspor

Keepers & outfield error for **Real Betis Balompié S.A.D.** in Real Betis Balompié S.A.D. vs Sporting Clube de Braga: Numbers: 2 and 9.
[4805924] Failed to build match row: Real Betis Balompié S.A.D. vs Sporting Clube de Braga

Keepers & outfield error for **Real Betis Balompié S.A.D.** in HJK Helsinki vs Real Betis Balompié S.A.D.: Numbers: 2 and 9.
[3912569] Failed to build match row: HJK Helsinki vs Real Betis Balompié S.A.D.
[4624569] Could not find attributes for stanislav dostal (FC Trinity Zlin, 2025)
[3413036] Failed to scrape lineup: https://www.transfermarkt.co.uk/bayern-munich_rb-leipzig/index/spielbericht/3413036
[4096109] Failed to scrape lineup: https://www.transfermarkt.co.uk/vfb-stuttgart_fc-augsburg/index/spielbericht/4096109
Not enough players found for lineup: 0, 0.
[4624569] Failed to build match row: AC Sparta Praha, a. s. vs FC Trinity Zlin
[3490914] Could not find attributes for vitaliy gudiev (RFK Akhmat Grozny, 2020)
[3639099] Failed to scrape lineup: https://www.transfermarkt.co.uk/spielbericht/index/spielbericht/3639099
[3490914] Failed to build match row: RFK Akhmat Grozny vs FC Rubin Kazan
[3457410] Could not find attributes for johan djourou (Fodbold Club Nordsjælland, 2020)
[3457410] Failed to build match row: AC Horsens vs Fodbold Club Nordsjælland

Keepers & outfield error for **Clube de Regatas do Flamengo** in Clube de Regatas do Flamengo vs Sociedade Esportiva Palmeiras: Numbers: 0 and 11.
[4582263] Failed to build match row: Clube de Regatas do Flamengo vs Sociedade Esportiva Palmeiras
[4112980] Could not find attributes for arsen zakharyan (Real Sociedad de Fútbol S.A.D., 2023)
[4112980] Failed to build match row: Alaves vs Real Sociedad de Fútbol S.A.D.
[3598374] Could not find attributes for teddy alloh (KAS Eupen, 2021)
[3598374] Failed to build match row: KAS Eupen vs KV Oostende
[4641321] Could not find attributes for matties volckaert (Koninklijke Atletiek Associatie Gent, 2025)
[4641321] Failed to build match row: Koninklijke Atletiek Associatie Gent vs Royal Sporting Club Anderlecht
[4365327] Could not find attributes for pyry hannola (Stal Mielec, 2024)
[4365327] Failed to build match row: Stal Mielec vs Klub Sportowy Cracovia Spółka Akcyjna
[4129480] Failed to scrape lineup: https://www.transfermarkt.co.uk/fenerbahce_caykur-rizespor/index/spielbericht/4129480
[3889037] Could not find attributes for julian cuesta (Aris Thessalonikis, 2022)
[3889037] Failed to build match row: Aris Thessalonikis vs Ionikos Nikeas

Keepers & outfield error for **Al-Qadsiah Saudi Football Club** in Al-Qadsiah Saudi Football Club vs Al-Khaleej Club (Saihat): Numbers: 2 and 9.
[4410952] Failed to build match row: Al-Qadsiah Saudi Football Club vs Al-Khaleej Club (Saihat)
[3583645] Could not find attributes for aqil mammadov (Neftchi Baku, 2021)
[3583645] Failed to build match row: Neftchi Baku vs Dinamo Tbilisi
[4093109] Failed to scrape lineup: https://www.transfermarkt.co.uk/royal-antwerp-fc_cercle-brugge/index/spielbericht/4093109

Keepers & outfield error for **Saint Mirren Football Club** in Saint Mirren Football Club vs Dundee Football Club: Numbers: 2 and 9.
[4506876] Failed to scrape lineup: https://www.transfermarkt.co.uk/spielbericht/index/spielbericht/4506876
[3969494] Failed to build match row: Saint Mirren Football Club vs Dundee Football Club

Keepers & outfield error for **Clube Desportivo de Tondela** in Clube Desportivo de Tondela vs Sporting Clube de Portugal: Numbers: 0 and 11.
[4648735] Failed to build match row: Clube Desportivo de Tondela vs Sporting Clube de Portugal
[4634477] Failed to scrape lineup: https://www.transfermarkt.co.uk/bayern-munich_vfb-stuttgart/index/spielbericht/4634477
[4624570] Could not find attributes for milan heca (1. FC Slovácko, 2025)
[4625950] Failed to scrape lineup: https://www.transfermarkt.co.uk/manchester-united_newcastle-united/index/spielbericht/4625950
[4624570] Failed to build match row: 1. FC Slovácko vs FK Jablonec a.s.
[4218998] Could not find attributes for harrison beeden (Whitby Town, 2023)
[3490915] Could not find attributes for sergey pesjakov (FK Rostov, 2020)
[3490915] Failed to build match row: FK Rostov vs PFK CSKA Moskva
[4582264] Could not find attributes for vitinho (S. A. F. Botafogo, 2024)
[4582264] Failed to build match row: S. A. F. Botafogo vs Cruzeiro Esporte Clube
[4445430] Failed to scrape lineup: https://www.transfermarkt.co.uk/spielbericht/index/spielbericht/4445430
[4650498] Failed to scrape lineup: https://www.transfermarkt.co.uk/spielbericht/index/spielbericht/4650498
[3851147] Failed to scrape lineup: https://www.transfermarkt.co.uk/krc-genk_kv-kortrijk/index/spielbericht/3851147
[3421832] Could not find attributes for conor gallagher (West Bromwich Albion, 2020)
[3421832] Failed to build match row: West Bromwich Albion vs Leeds United Association Football Club
[3598375] Could not find attributes for robert bauer (St Truiden, 2021)
[3598375] Failed to build match row: St Truiden vs Beerschot VA
[3860531] Could not find attributes for sofiane feghouli (Fatih Karagümrük Sportif Faaliyetler San. Tic. A.Ş., 2022)
[4365328] Could not find attributes for assad al hamlawi (Slask Wroclaw, 2024)
[3860531] Failed to build match row: Fatih Karagümrük Sportif Faaliyetler San. Tic. A.Ş. vs Kayserispor Kulübü
[4365328] Failed to build match row: Slask Wroclaw vs Motor Lublin Spółka Akcyjna
[4129481] Could not find attributes for rey manaj (Sivasspor, 2023)
[4129481] Failed to build match row: Sivasspor vs Hatayspor
[4374166] Could not find attributes for nicolo savona (Juventus Football Club, 2024)

Keepers & outfield error for **Paris Saint-Germain Football Club** in Paris Saint-Germain Football Club vs Olympique de Marseille: Numbers: 2 and 9.
[4374166] Failed to build match row: Juventus Football Club vs Football Club Internazionale Milano S.p.A.
[3840063] Failed to build match row: Paris Saint-Germain Football Club vs Olympique de Marseille
[4393406] Could not find attributes for tolga kalender (Adana Demirspor, 2024)
[3431912] Failed to scrape lineup: https://www.transfermarkt.co.uk/real-valladolid-cf_real-sociedad/index/spielbericht/3431912
[4393406] Failed to build match row: Adana Demirspor vs Göztepe Sportif Yatırımlar A.Ş.
[3434878] Failed to scrape lineup: https://www.transfermarkt.co.uk/spielbericht/index/spielbericht/3434878
[4529105] Failed to scrape lineup: https://www.transfermarkt.co.uk/instituto-acc_club-de-gimnasia-y-esgrima-la-plata/index/spielbericht/4529105
[4405320] Failed to scrape lineup: https://www.transfermarkt.co.uk/real-betis-balompie_cd-leganes/index/spielbericht/4405320
[4506877] Could not find attributes for monty (Deportiva Minera, 2024)
[4506877] Failed to build match row: Deportiva Minera vs Real Madrid Club de Fútbol

Keepers & outfield error for **Nottingham Forest Football Club** in Nottingham Forest Football Club vs Manchester City Football Club: Numbers: 0 and 11.
[4648736] Could not find attributes for nabil touaizi (Futebol Clube de Alverca, 2025)
[4625951] Failed to build match row: Nottingham Forest Football Club vs Manchester City Football Club
[3583646] Could not find attributes for stas pokatilov (Kairat Almaty, 2021)
[4648736] Failed to build match row: AVS Futebol SAD vs Futebol Clube de Alverca
[3583646] Failed to build match row: Kairat Almaty vs Maccabi Haifa
[4362813] Failed to scrape lineup: https://www.transfermarkt.co.uk/chelsea-fc_tottenham-hotspur/index/spielbericht/4362813

Keepers & outfield error for **Manchester City Football Club** in Watford FC vs Manchester City Football Club: Numbers: 2 and 9.
[3592068] Failed to build match row: Watford FC vs Manchester City Football Club

Keepers & outfield error for **Brighton and Hove Albion Football Club** in Brighton and Hove Albion Football Club vs Wolverhampton Wanderers Football Club: Numbers: 0 and 11.
[4650499] Could not find attributes for andrey khodanovich (FC Orenburg, 2025)
[3421833] Failed to build match row: Brighton and Hove Albion Football Club vs Wolverhampton Wanderers Football Club
[3607579] Could not find attributes for aleix vidal (Espanol, 2021)
[4358770] Failed to scrape lineup: https://www.transfermarkt.co.uk/fk-radnicki-nis_fk-mladost-lucani/index/spielbericht/4358770
[4650499] Failed to build match row: FC Orenburg vs RFK Akhmat Grozny
[3607579] Failed to build match row: Rayo Vallecano de Madrid S. A. D. vs Espanol
[3690517] Could not find attributes for caleb richards (Kidderminster Harriers, 2021)
[4705960] Failed to scrape lineup: https://www.transfermarkt.co.uk/spielbericht/index/spielbericht/4705960
[3690517] Failed to build match row: Kidderminster Harriers vs Grimsby Town
[4641322] Could not find attributes for marley ake (Sportvereniging Zulte Waregem, 2025)
[4641322] Failed to build match row: Sportvereniging Zulte Waregem vs Koninklijke Racing Club Genk
[3912570] Failed to scrape lineup: https://www.transfermarkt.co.uk/spielbericht/index/spielbericht/3912570
[4103541] Could not find attributes for sandi lovric (Udinese Calcio, 2023)
[4103541] Failed to build match row: Udinese Calcio vs Genoa Cricket and Football Club
[3457411] Could not find attributes for tosin kehinde (Randers Fodbold Club, 2020)
[3457411] Failed to build match row: Randers Fodbold Club vs Sønderjyske Fodbold

Keepers & outfield error for **Casa Pia Atlético Clube** in Casa Pia Atlético Clube vs Grupo Desportivo Estoril Praia: Numbers: 3 and 8.
[4648737] Failed to build match row: Casa Pia Atlético Clube vs Grupo Desportivo Estoril Praia
[4410953] Could not find attributes for moussa dembele (Al-Ettifaq Football Club, 2024)
[4410953] Failed to build match row: Al-Ettifaq Football Club vs Al-Ittihad Football Club

Keepers & outfield error for **Futebol Clube do Porto** in Nottingham Forest Football Club vs Futebol Clube do Porto: Numbers: 0 and 11.

Keepers & outfield error for **Malmö Fotbollförening** in Malmö Fotbollförening vs Galatasaray Spor Kulübü: Numbers: 0 and 11.
[4805926] Failed to build match row: Nottingham Forest Football Club vs Futebol Clube do Porto
[4445432] Failed to build match row: Malmö Fotbollförening vs Galatasaray Spor Kulübü
[4157254] Could not find attributes for henrik lindhard (Young Boys FD, 2023)
[4358771] Failed to scrape lineup: https://www.transfermarkt.co.uk/fk-spartak-subotica_red-star-belgrade/index/spielbericht/4358771
[4096110] Failed to scrape lineup: https://www.transfermarkt.co.uk/1-fc-heidenheim-1846_sc-freiburg/index/spielbericht/4096110
[4157254] Failed to build match row: Young Boys FD vs Silkeborg Idrætsforening
[4112981] Failed to scrape lineup: https://www.transfermarkt.co.uk/real-madrid_athletic-bilbao/index/spielbericht/4112981
[3889038] Failed to scrape lineup: https://www.transfermarkt.co.uk/asteras-tripolis_panetolikos-gfs/index/spielbericht/3889038

Keepers & outfield error for **St Truiden** in St Truiden vs Oud-Heverlee Leuven: Numbers: 2 and 9.
[4641323] Failed to build match row: St Truiden vs Oud-Heverlee Leuven
[4365329] Could not find attributes for polydefkis volanakis (Widzew Łódź Spółka Akcyjna, 2024)
[4365329] Failed to build match row: Widzew Łódź Spółka Akcyjna vs Klub Sportowy Lechia Gdańsk
[4368932] Could not find attributes for yevgen volynets (FK Polissya Zhytomyr, 2024)
[4705961] Could not find attributes for roman zhmurko (Livyi Bereg Kyiv, 2025)
[4368932] Failed to build match row: FK Polissya Zhytomyr vs Futbolniy Klub Dynamo Kyiv
[4705961] Failed to build match row: Livyi Bereg Kyiv vs FK Kudrivka-1
[4650500] Failed to scrape lineup: https://www.transfermarkt.co.uk/spielbericht/index/spielbericht/4650500
[4362814] Failed to scrape lineup: https://www.transfermarkt.co.uk/manchester-city_leicester-city/index/spielbericht/4362814
[3837843] Failed to scrape lineup: https://www.transfermarkt.co.uk/west-ham-united_brighton-amp-hove-albion/index/spielbericht/3837843
[4218999] Could not find attributes for liam tack (Bracknell Town, 2023)
[4634478] Failed to scrape lineup: https://www.transfermarkt.co.uk/bayer-04-leverkusen_fc-augsburg/index/spielbericht/4634478
[4218999] Failed to build match row: Cambridge United vs Bracknell Town
[4624571] Failed to scrape lineup: https://www.transfermarkt.co.uk/mfk-karvina_fk-teplice/index/spielbericht/4624571
[3434879] Could not find attributes for azamat shogenov (Chernomorets Novorossijsk, 2020)
[3969495] Could not find attributes for jay cantley (Stenhousemuir FC, 2022)
[3969495] Failed to build match row: Stenhousemuir FC vs Livingston Football Club

Keepers & outfield error for **Leeds United Association Football Club** in Sunderland Association Football Club vs Leeds United Association Football Club: Numbers: 0 and 11.
[3434879] Failed to build match row: Chernomorets Novorossijsk vs SKA Khabarovsk
[4625952] Failed to build match row: Sunderland Association Football Club vs Leeds United Association Football Club
[3639100] Could not find attributes for valeriy boldenkov (FK Karpaty Lviv, 2021)
[3457412] Could not find attributes for kamil grabara (Aarhus Gymnastik Forening, 2020)
[3862469] Failed to scrape lineup: https://www.transfermarkt.co.uk/spielbericht/index/spielbericht/3862469

Keepers & outfield error for **Futebol Clube de Famalicão** in Futebol Clube de Arouca vs Futebol Clube de Famalicão: Numbers: 2 and 9.
[4718747] Could not find attributes for soualiho meite (Panthessalonikios Athlitikos Omilos Konstantinoupoliton, 2025)
[4582265] Failed to scrape lineup: https://www.transfermarkt.co.uk/cr-flamengo_gremio-foot-ball-porto-alegrense/index/spielbericht/4582265
[3490916] Failed to scrape lineup: https://www.transfermarkt.co.uk/pfk-tambov_ural-yekaterinburg/index/spielbericht/3490916
[3639100] Failed to build match row: FK Karpaty Lviv vs Karpaty Galych
[4718747] Failed to build match row: Panthessalonikios Athlitikos Omilos Konstantinoupoliton vs Athlitiki Enosi Larisas

Keepers & outfield error for **Associazione Sportiva Roma** in FC Empoli vs Associazione Sportiva Roma: Numbers: 0 and 11.
[3457412] Failed to build match row: Aarhus Gymnastik Forening vs Football Club København
[4648738] Failed to build match row: Futebol Clube de Arouca vs Futebol Clube de Famalicão
[3413040] Could not find attributes for taiwo awoniyi (1. Fußballclub Union Berlin, 2020)
[3614749] Failed to build match row: FC Empoli vs Associazione Sportiva Roma
[3413040] Failed to build match row: Hertha BSC vs 1. Fußballclub Union Berlin
[4393407] Could not find attributes for abdurrahim dursun (Antalyaspor, 2024)
[4365330] Could not find attributes for assad al hamlawi (Slask Wroclaw, 2024)
[4393407] Failed to build match row: Antalyaspor vs Konyaspor
[4365330] Failed to build match row: Klub Sportowy Cracovia Spółka Akcyjna vs Slask Wroclaw
[4368933] Could not find attributes for yakiv kinareykin (FK Karpaty Lviv, 2024)

Keepers & outfield error for **Cercle Brugge Koninklijke Sportvereniging** in Royale Union Saint-Gilloise vs Cercle Brugge Koninklijke Sportvereniging: Numbers: 2 and 9.
[4650501] Could not find attributes for maksim osipenko (FK Dinamo Moskva, 2025)
[3583647] Could not find attributes for aleksandr gutor (Shakhter Soligorsk, 2021)
[4368933] Failed to build match row: FK Karpaty Lviv vs FC Oleksandriya
[4650501] Failed to build match row: FK Dinamo Moskva vs FK Krasnodar
[3583647] Failed to build match row: Shakhter Soligorsk vs Ludogorets Razgrad
[3851150] Failed to build match row: Royale Union Saint-Gilloise vs Cercle Brugge Koninklijke Sportvereniging

Keepers & outfield error for **Real Valladolid CF** in Real Betis Balompié S.A.D. vs Real Valladolid CF: Numbers: 2 and 9.
[3431915] Failed to build match row: Real Betis Balompié S.A.D. vs Real Valladolid CF
[3837844] Could not find attributes for joao palhinha (Fulham Football Club, 2022)
[4624572] Could not find attributes for jachym serak (FK Pardubice, 2025)
[4624572] Failed to build match row: FK Pardubice vs Bohemians Praha 1905, a.s.
[3837844] Failed to build match row: Arsenal Football Club vs Fulham Football Club
[4157256] Could not find attributes for nichlas naybin (Viby IF, 2023)
[4529106] Could not find attributes for giuliano galoppo (Club Atlético River Plate, 2024)
[4157256] Failed to build match row: Viby IF vs VSK Aarhus
[4529106] Failed to build match row: Club Atlético Platense vs Club Atlético River Plate
[3607589] Could not find attributes for manu garcia (Alaves, 2021)
[3607589] Failed to build match row: Alaves vs Getafe Club de Fútbol S. A. D. Team Dubai
[4778877] Could not find attributes for michael schjonning larsen (Kilmarnock Football Club, 2025)
[3614750] Could not find attributes for manolo portanova (Genoa Cricket and Football Club, 2021)
[3598377] Failed to scrape lineup: https://www.transfermarkt.co.uk/sint-truidense-vv_cercle-brugge/index/spielbericht/3598377
[4410954] Failed to scrape lineup: https://www.transfermarkt.co.uk/al-okhdood-club_al-kholood-club/index/spielbericht/4410954
[4096111] Failed to scrape lineup: https://www.transfermarkt.co.uk/bayern-munich_tsg-1899-hoffenheim/index/spielbericht/4096111
[3421835] Failed to scrape lineup: https://www.transfermarkt.co.uk/chelsea-fc_manchester-city/index/spielbericht/3421835
[4645978] Failed to scrape lineup: https://www.transfermarkt.co.uk/real-oviedo_elche-cf/index/spielbericht/4645978
[3614750] Failed to build match row: Genoa Cricket and Football Club vs Udinese Calcio
[4778877] Failed to build match row: Kilmarnock Football Club vs Dundee Football Club
[4445433] Could not find attributes for zakaria loukili (Malmö Fotbollförening, 2024)
[4445433] Failed to build match row: Malmö Fotbollförening vs Olympiakos Syndesmos Filathlon Peiraios
[4506878] Could not find attributes for kike royo (UD Logroñés, 2024)
[4506878] Failed to build match row: UD Logroñés vs Athletic Club Bilbao
[4393408] Could not find attributes for jhon espinoza (Kasımpaşa A.Ş., 2024)

Keepers & outfield error for **Wolverhampton Wanderers Football Club** in Wolverhampton Wanderers Football Club vs Liverpool Football Club: Numbers: 0 and 11.
[4393408] Failed to build match row: Kasımpaşa A.Ş. vs Trabzonspor Kulübü
[4112982] Failed to scrape lineup: https://www.transfermarkt.co.uk/villarreal-cf_atletico-de-madrid/index/spielbericht/4112982
[3592070] Failed to build match row: Wolverhampton Wanderers Football Club vs Liverpool Football Club
[3690518] Could not find attributes for alex gudger (Solihull Moors, 2021)
[3690518] Failed to build match row: Wigan Athletic vs Solihull Moors
[3583648] Could not find attributes for jimmy callacher (Linfield FC, 2021)
[4368934] Could not find attributes for yuriy volodymyr gereta (FC Rukh Lviv, 2024)
[4805928] Could not find attributes for joao moutinho (Sporting Clube de Braga, 2025)
[3583648] Failed to build match row: Linfield FC vs FK Zalgiris Vilnius
[4368934] Failed to build match row: FC Rukh Lviv vs NK Veres Rivne
[4805928] Failed to build match row: Sporting Clube de Braga vs Sport-Club Freiburg

Keepers & outfield error for **Villarreal Club de Fútbol S.A.D.** in Real Club Deportivo Mallorca S.A.D. vs Villarreal Club de Fútbol S.A.D.: Numbers: 0 and 11.
[4650502] Could not find attributes for ilya pomazun (FK Spartak Moskva, 2025)
[4634479] Failed to scrape lineup: https://www.transfermarkt.co.uk/eintracht-frankfurt_rb-leipzig/index/spielbericht/4634479
[4405322] Failed to build match row: Real Club Deportivo Mallorca S.A.D. vs Villarreal Club de Fútbol S.A.D.
[4650502] Failed to build match row: FK Spartak Moskva vs Dinamo Makhachkala
[3971004] Could not find attributes for elliot justham (Dagenham & Redbridge FC, 2022)
[3971004] Failed to build match row: Gillingham FC vs Dagenham & Redbridge FC
[3457413] Could not find attributes for jores okore (Aalborg BK, 2020)
[3457413] Failed to build match row: Aalborg BK vs Vejle Boldklub
[3413042] Could not find attributes for sava arangel cestic (1. Fußball-Club Köln, 2020)
[3413042] Failed to build match row: 1. Fußball-Club Köln vs Verein für Leibesübungen Wolfsburg
[3434880] Could not find attributes for vadim averkiev (Chernomorets Novorossijsk, 2020)
[3434880] Failed to build match row: Chernomorets Novorossijsk vs FC Rubin Kazan
[3862470] Could not find attributes for sergiy yavorskyi (Vorskla Poltava, 2022)
[3862470] Failed to build match row: Vorskla Poltava vs Allmänna Idrottsklubben
[4641325] Could not find attributes for yassine khalifi (Royal Charleroi Sporting Club, 2025)
[4625953] Failed to scrape lineup: https://www.transfermarkt.co.uk/west-ham-united_fulham-fc/index/spielbericht/4625953
[4365331] Could not find attributes for german barkovskiy (Puszcza Niepolomice, 2024)

Keepers & outfield error for **Eintracht Frankfurt Fußball AG** in RasenBallsport Leipzig vs Eintracht Frankfurt Fußball AG: Numbers: 2 and 9.
[3639101] Failed to scrape lineup: https://www.transfermarkt.co.uk/spielbericht/index/spielbericht/3639101
[4358772] Could not find attributes for matija gocmanac (Fudbalski Klub Vojvodina, 2024)
[4648739] Failed to scrape lineup: https://www.transfermarkt.co.uk/rio-ave-fc_cd-tondela/index/spielbericht/4648739
[4641325] Failed to build match row: Royal Charleroi Sporting Club vs Royal Standard Club de Liège
[4096112] Failed to build match row: RasenBallsport Leipzig vs Eintracht Frankfurt Fußball AG
[3598378] Could not find attributes for siebe wylin (KV Oostende, 2021)
[4718748] Failed to scrape lineup: https://www.transfermarkt.co.uk/spielbericht/index/spielbericht/4718748
[3614751] Could not find attributes for kevin bonifazi (Bologna Football Club 1909, 2021)
[4365331] Failed to build match row: GKS GieKSa Katowice Spółka Akcyjna vs Puszcza Niepolomice
[4582266] Failed to scrape lineup: https://www.transfermarkt.co.uk/sociedade-esportiva-palmeiras_red-bull-bragantino/index/spielbericht/4582266
[4645979] Could not find attributes for ville koski (Alaves, 2025)
[4358772] Failed to build match row: Fudbalski Klub Vojvodina vs Omladinski fudbalski klub Beograd
[3614751] Failed to build match row: Verona Hellas Football Club vs Bologna Football Club 1909
[3598378] Failed to build match row: Beerschot VA vs KV Oostende
[4645979] Failed to build match row: Alaves vs Rayo Vallecano de Madrid S. A. D.
[4529108] Could not find attributes for martin rio (Club Atlético Banfield, 2024)
[4529108] Failed to build match row: Club Atlético Banfield vs Club Atlético Newell’s Old Boys

Keepers & outfield error for **Southampton FC** in Arsenal Football Club vs Southampton FC: Numbers: 0 and 11.
[3592071] Failed to build match row: Arsenal Football Club vs Southampton FC

Keepers & outfield error for **Associazione Sportiva Roma** in Cagliari Calcio vs Associazione Sportiva Roma: Numbers: 0 and 11.
[4103542] Failed to build match row: Cagliari Calcio vs Associazione Sportiva Roma
[3840066] Failed to scrape lineup: https://www.transfermarkt.co.uk/stade-rennais-fc_olympique-lyon/index/spielbericht/3840066
[4093112] Failed to scrape lineup: https://www.transfermarkt.co.uk/sint-truidense-vv_standard-liege/index/spielbericht/4093112
[4129482] Could not find attributes for bakhtiyor zaynutdinov (Beşiktaş Jimnastik Kulübü, 2023)
[4129482] Failed to build match row: Konyaspor vs Beşiktaş Jimnastik Kulübü
[3851152] Could not find attributes for lior refaelov (Royal Sporting Club Anderlecht, 2022)

Keepers & outfield error for **Real Betis Balompié S.A.D.** in Girona Fútbol Club S. A. D. vs Real Betis Balompié S.A.D.: Numbers: 0 and 11.
[3851152] Failed to build match row: Yellow-Red Koninklijke Voetbalclub Mechelen vs Royal Sporting Club Anderlecht
[3583649] Could not find attributes for ferdinando apap (Hibernians FC, 2021)
[4112983] Failed to build match row: Girona Fútbol Club S. A. D. vs Real Betis Balompié S.A.D.
[3971171] Could not find attributes for ilya lantratov (Футбольный клуб "Локомотив" Москва, 2022)
[4219000] Could not find attributes for zaki oualah (Chesham United, 2023)

Keepers & outfield error for **Club Atlético Osasuna** in Getafe Club de Fútbol S. A. D. Team Dubai vs Club Atlético Osasuna: Numbers: 2 and 9.
[3583649] Failed to build match row: Hibernians FC vs FC Flora Tallinn
[4705962] Could not find attributes for andriy tymoshytskyi (Mayak Sarny, 2025)
�ив" Москва vs FK Spartak Moskva
[3431917] Failed to build match row: Getafe Club de Fútbol S. A. D. Team Dubai vs Club Atlético Osasuna
[4219000] Failed to build match row: Chesham United vs Maidstone United
[4705962] Failed to build match row: Mayak Sarny vs Metalist Kharkiv
[4778878] Could not find attributes for kieran ngwenya (Dunfermline Athletic FC, 2025)
[3457414] Could not find attributes for saeed ezatolahi (Vejle Boldklub, 2020)
[4778878] Failed to build match row: Dunfermline Athletic FC vs Hibernian Football Club
[3457414] Failed to build match row: Vejle Boldklub vs Randers Fodbold Club
[3413043] Could not find attributes for omer toprak (Sportverein Werder Bremen von 1899, 2020)
[4393409] Could not find attributes for lionel carole (Kayserispor Kulübü, 2024)
[3889039] Could not find attributes for boris kleyman (Volou Neos Podosferikos Syllogos, 2022)
[4157257] Could not find attributes for honore kalala (Ringköbing IF, 2023)
[3413043] Failed to build match row: Sportverein Werder Bremen von 1899 vs Verein für Bewegungsspiele Stuttgart 1893
[4393409] Failed to build match row: Alanyaspor vs Kayserispor Kulübü
[4157257] Failed to build match row: Ringköbing IF vs Kolding IF
[3889039] Failed to build match row: Volou Neos Podosferikos Syllogos vs APO Levadiakos Football Club
[3491222] Could not find attributes for akos onodi (Aston Villa Football Club, 2020)
[3491222] Failed to build match row: Aston Villa Football Club vs Liverpool Football Club
[4641326] Could not find attributes for yuto tsunashima (Royal Antwerp Football Club, 2025)
[4641326] Failed to build match row: FC Verbroedering Denderhoutem Denderleeuw Eendracht Hekelgem vs Royal Antwerp Football Club
[4718749] Could not find attributes for luka jovic (Athlitiki Enosi Konstantinoupoleos, 2025)
[4718749] Failed to build match row: Athlitiki Enosi Konstantinoupoleos vs Omilos Filathlon Irakliou FC
[4805930] Could not find attributes for joao moutinho (Sporting Clube de Braga, 2025)
[4805930] Failed to build match row: Sport-Club Freiburg vs Sporting Clube de Braga
[4410955] Could not find attributes for saad bguir (Al-Wehda FC, 2024)

Keepers & outfield error for **Brentford Football Club** in Brentford Football Club vs Watford FC: Numbers: 0 and 11.
[3592072] Failed to build match row: Brentford Football Club vs Watford FC
[4410955] Failed to build match row: Al-Ahli Saudi Football Club vs Al-Wehda FC

Keepers & outfield error for **Real Sociedad de Fútbol S.A.D.** in Real Betis Balompié S.A.D. vs Real Sociedad de Fútbol S.A.D.: Numbers: 2 and 9.
[3607591] Failed to build match row: Real Betis Balompié S.A.D. vs Real Sociedad de Fútbol S.A.D.
[3971172] Could not find attributes for aleksandr soldatenkov (PFK Krylya Sovetov Samara, 2022)
[3971172] Failed to build match row: PFK Krylya Sovetov Samara vs FK Dinamo Moskva
[3431918] Could not find attributes for roberto soldado (Granada CF, 2020)
[4625955] Could not find attributes for yegor yarmolyuk (Brentford Football Club, 2025)
[3431918] Failed to build match row: Granada CF vs Alaves
[4625955] Failed to build match row: Brentford Football Club vs Tottenham Hotspur Football Club
[3457415] Could not find attributes for johan djourou (Fodbold Club Nordsjælland, 2020)
[4641327] Could not find attributes for marley ake (Sportvereniging Zulte Waregem, 2025)
[3457415] Failed to build match row: Fodbold Club Nordsjælland vs Fodbold Club Midtjylland
[4641327] Failed to build match row: Club Brugge Koninklijke Voetbalvereniging vs Sportvereniging Zulte Waregem
[4624573] Could not find attributes for jiri floder (FK Mladá Boleslav, a.s., 2025)
[4624573] Failed to build match row: FK Mladá Boleslav, a.s. vs SK Slavia Praha, a.s.

Keepers & outfield error for **Al-Nassr Football Club** in Al-Nassr Football Club vs Damac Football Club: Numbers: 0 and 11.
[4410956] Failed to build match row: Al-Nassr Football Club vs Damac Football Club
[4358773] Could not find attributes for miso dubljanic (FK Jedinstvo Ub, 2024)
[4358773] Failed to build match row: FK Jedinstvo Ub vs Omladinski fudbalski klub Beograd
[4393410] Could not find attributes for jonas svensson (Beşiktaş Jimnastik Kulübü, 2024)
[4393410] Failed to build match row: Fenerbahçe Spor Kulübü vs Beşiktaş Jimnastik Kulübü
[3862471] Failed to scrape lineup: https://www.transfermarkt.co.uk/spielbericht/index/spielbericht/3862471
[3421837] Failed to scrape lineup: https://www.transfermarkt.co.uk/everton-fc_west-ham-united/index/spielbericht/3421837
[3639102] Failed to scrape lineup: https://www.transfermarkt.co.uk/spielbericht/index/spielbericht/3639102
[4506879] Could not find attributes for yac diori (Marbella FC, 2024)
[4129483] Could not find attributes for faouzi ghoulam (Hatayspor, 2023)
[4506879] Failed to build match row: Marbella FC vs Club Atlético de Madrid S.A.D.
[4582267] Failed to scrape lineup: https://www.transfermarkt.co.uk/sport-club-corinthians-paulista_fortaleza-esporte-clube/index/spielbericht/4582267
[3598379] Failed to scrape lineup: https://www.transfermarkt.co.uk/zulte-waregem_oud-heverlee-leuven/index/spielbericht/3598379
[4129483] Failed to build match row: Hatayspor vs Konyaspor

Keepers & outfield error for **Moreirense Futebol Clube** in Clube Desportivo Nacional vs Moreirense Futebol Clube: Numbers: 2 and 9.
[4365332] Could not find attributes for polydefkis volanakis (Widzew Łódź Spółka Akcyjna, 2024)
[3840067] Failed to scrape lineup: https://www.transfermarkt.co.uk/fc-toulouse_angers-sco/index/spielbericht/3840067
[4648741] Failed to build match row: Clube Desportivo Nacional vs Moreirense Futebol Clube
[4365332] Failed to build match row: Miejski Klub Sportowy Korona Kielce Spółka Akcyjna vs Widzew Łódź Spółka Akcyjna
[3690519] Could not find attributes for femi ilesanmi (Boreham Wood FC, 2021)

Keepers & outfield error for **Cádiz CF** in SD Huesca vs Cádiz CF: Numbers: 2 and 9.
[3690519] Failed to build match row: Boreham Wood FC vs Eastleigh FC
[3431919] Failed to build match row: SD Huesca vs Cádiz CF
[3851153] Failed to scrape lineup: https://www.transfermarkt.co.uk/r-charleroi-sc_standard-liege/index/spielbericht/3851153
[4624574] Could not find attributes for stanislav dostal (FC Trinity Zlin, 2025)
[4624574] Failed to build match row: FC Trinity Zlin vs FK Dukla Praha a.s.
[4374170] Failed to scrape lineup: https://www.transfermarkt.co.uk/parma-calcio-1913_as-roma/index/spielbericht/4374170

Keepers & outfield error for **Aston Villa Football Club** in Manchester United Football Club vs Aston Villa Football Club: Numbers: 0 and 11.
[3421838] Failed to build match row: Manchester United Football Club vs Aston Villa Football Club
[4112984] Failed to scrape lineup: https://www.transfermarkt.co.uk/valencia-cf_rcd-mallorca/index/spielbericht/4112984
[4093494] Could not find attributes for murad musayev (FK Qabala, 2023)
[4093494] Failed to build match row: FK Qabala vs Omonia Nicosia
[4129484] Could not find attributes for endri cekici (Pendikspor, 2023)
[4129484] Failed to build match row: Pendikspor vs Sivasspor
[3583650] Could not find attributes for johannes vall (Valur Reykjavík, 2021)
[3583650] Failed to build match row: Valur Reykjavík vs GNK Dinamo Zagreb
[4648742] Could not find attributes for noah saviolo (Vitória Sport Clube, 2025)
[4705963] Failed to scrape lineup: https://www.transfermarkt.co.uk/spielbericht/index/spielbericht/4705963
[4648742] Failed to build match row: Vitória Sport Clube vs Clube Desportivo Santa Clara
[3889040] Failed to scrape lineup: https://www.transfermarkt.co.uk/olympiacos-piraeus_paok-thessaloniki/index/spielbericht/3889040
[4157259] Could not find attributes for daniel mortensen (Skive IK, 2023)
[4157259] Failed to build match row: Skive IK vs Thisted FC
[4778879] Failed to scrape lineup: https://www.transfermarkt.co.uk/spielbericht/index/spielbericht/4778879
[3413044] Failed to scrape lineup: https://www.transfermarkt.co.uk/arminia-bielefeld_1-fsv-mainz-05/index/spielbericht/3413044
[4096114] Failed to scrape lineup: https://www.transfermarkt.co.uk/1-fsv-mainz-05_vfl-wolfsburg/index/spielbericht/4096114
[3851154] Could not find attributes for vadis odjidja ofoe (Koninklijke Atletiek Associatie Gent, 2022)
[3851154] Failed to build match row: KAS Eupen vs Koninklijke Atletiek Associatie Gent

Keepers & outfield error for **Genoa Cricket and Football Club** in Genoa Cricket and Football Club vs Associazione Calcio Milan: Numbers: 0 and 11.
[4103545] Failed to build match row: Genoa Cricket and Football Club vs Associazione Calcio Milan
[4410958] Could not find attributes for ayoub qasmi (Al-Raed SFC, 2024)
[4410958] Failed to build match row: Al-Raed SFC vs Al-Taawoun Football Club
[3592073] Failed to scrape lineup: https://www.transfermarkt.co.uk/brighton-amp-hove-albion_tottenham-hotspur/index/spielbericht/3592073
[4129485] Could not find attributes for yasin ozcan (Kasımpaşa A.Ş., 2023)
[4129485] Failed to build match row: Kasımpaşa A.Ş. vs Fenerbahçe Spor Kulübü
[3607592] Failed to scrape lineup: https://www.transfermarkt.co.uk/rcd-mallorca_celta-de-vigo/index/spielbericht/3607592
[3837846] Failed to scrape lineup: https://www.transfermarkt.co.uk/brentford-fc_everton-fc/index/spielbericht/3837846
[3583651] Could not find attributes for raul silva (Sporting Clube de Braga, 2021)
[3971173] Failed to scrape lineup: https://www.transfermarkt.co.uk/spielbericht/index/spielbericht/3971173
[4625956] Failed to scrape lineup: https://www.transfermarkt.co.uk/burnley-fc_newcastle-united/index/spielbericht/4625956
[3583651] Failed to build match row: Sporting Clube de Portugal vs Sporting Clube de Braga
[4718750] Could not find attributes for nikolaos melissas (Athlitiki Enosi Larisas, 2025)
[4718750] Failed to build match row: Athlitiki Enosi Larisas vs APS Atromitos Athinon
[3889041] Could not find attributes for jerome prior (PAS Giannina, 2022)
[3639103] Could not find attributes for oleksiy krupnychenko (Dinaz Vyshgorod, 2021)
[3457416] Failed to scrape lineup: https://www.transfermarkt.co.uk/odense-boldklub_ac-horsens/index/spielbericht/3457416
[3491223] Could not find attributes for herbie kane (Barnsley FC, 2020)
[3889041] Failed to build match row: PAS Giannina vs Omilos Filathlon Irakliou FC
[4641328] Failed to scrape lineup: https://www.transfermarkt.co.uk/rsc-anderlecht_fcv-dender-eh/index/spielbericht/4641328
[3421839] Could not find attributes for marc albrighton (Leicester City, 2020)
[4648743] Could not find attributes for joao moutinho (Sporting Clube de Braga, 2025)
[4358774] Failed to scrape lineup: https://www.transfermarkt.co.uk/red-star-belgrade_fk-vojvodina-novi-sad/index/spielbericht/4358774
[3421839] Failed to build match row: Newcastle United Football Club vs Leicester City
[3491223] Failed to build match row: Barnsley FC vs Tranmere Rovers
[4648743] Failed to build match row: Sporting Clube de Portugal vs Sporting Clube de Braga
[3690520] Could not find attributes for pete jameson (York City, 2021)
[3690520] Failed to build match row: York City vs Buxton FC
[4219001] Could not find attributes for wyll stanway (Chester FC, 2023)
[4219001] Failed to build match row: Chester FC vs York City
[3598381] Could not find attributes for vini souza (Yellow-Red Koninklijke Voetbalclub Mechelen, 2021)
[3598381] Failed to build match row: Yellow-Red Koninklijke Voetbalclub Mechelen vs Beerschot VA
 Team Dubai vs Girona Fútbol Club S. A. D.: Numbers: 2 and 9.
[4112986] Failed to build match row: Getafe Club de Fútbol S. A. D. Team Dubai vs Girona Fútbol Club S. A. D.
[4506880] Failed to scrape lineup: https://www.transfermarkt.co.uk/spielbericht/index/spielbericht/4506880
[4705964] Could not find attributes for mykhaylo pruglo (Olimpia Savyntsi, 2025)
[4705964] Failed to build match row: Olimpia Savyntsi vs SC Vilkhivtsi (Zakarpattya Oblast)
[4157260] Could not find attributes for marius van der raad (IF Lyseng, 2023)
[4157260] Failed to build match row: IF Lyseng vs Middelfart Boldklub
[3840068] Failed to scrape lineup: https://www.transfermarkt.co.uk/estac-troyes_ac-ajaccio/index/spielbericht/3840068
[3413046] Could not find attributes for makoto hasebe (Eintracht Frankfurt Fußball AG, 2020)
[3413046] Failed to build match row: RasenBallsport Leipzig vs Eintracht Frankfurt Fußball AG
[4393412] Failed to scrape lineup: https://www.transfermarkt.co.uk/sivasspor_bodrum-fk/index/spielbericht/4393412
[4358775] Could not find attributes for sasa stamenkovic (Fudbalski Klub Mladost Lučani, 2024)
[4358775] Failed to build match row: Fudbalski Klub Mladost Lučani vs Fudbalski Klub Spartak Ždrepčeva krv
[3851155] Could not find attributes for gyrano kerk (Royal Antwerp Football Club, 2022)
[3912575] Failed to scrape lineup: https://www.transfermarkt.co.uk/spielbericht/index/spielbericht/3912575
[3851155] Failed to build match row: Royal Sporting Club Anderlecht vs Royal Antwerp Football Club
[4624575] Failed to scrape lineup: https://www.transfermarkt.co.uk/fc-viktoria-plzen_sk-sigma-olomouc/index/spielbericht/4624575

Keepers & outfield error for **Southampton FC** in Southampton FC vs Liverpool Football Club: Numbers: 0 and 11.
[3421840] Failed to build match row: Southampton FC vs Liverpool Football Club
[3971174] Could not find attributes for kirill nababkin (PFK CSKA Moskva, 2022)
[3971174] Failed to build match row: PFK CSKA Moskva vs FK Krasnodar

Keepers & outfield error for **Club Atlético Osasuna** in Club Atlético Osasuna vs Real Madrid Club de Fútbol: Numbers: 2 and 9.
[4112987] Failed to build match row: Club Atlético Osasuna vs Real Madrid Club de Fútbol
[4529112] Could not find attributes for elias torres (Club Atlético Aldosivi, 2024)

Keepers & outfield error for **FC Cartagena** in FC Cartagena vs Valencia Club de Fútbol S. A. D.: Numbers: 0 and 11.
[4529112] Failed to build match row: Club Atlético Aldosivi vs Club Social y Deportivo Defensa y Justicia
[4807306] Failed to build match row: FC Cartagena vs Valencia Club de Fútbol S. A. D.
[4445435] Failed to scrape lineup: https://www.transfermarkt.co.uk/spielbericht/index/spielbericht/4445435
[4093495] Failed to scrape lineup: https://www.transfermarkt.co.uk/spielbericht/index/spielbericht/4093495
[4718751] Could not find attributes for spyros angelidis (A.G.S Asteras Tripolis, 2025)
[4718751] Failed to build match row: A.G.S Asteras Tripolis vs Ilioupoli
[3889042] Could not find attributes for bojan saranov (PAS Lamia 1964, 2022)
[3889042] Failed to build match row: PAS Lamia 1964 vs Panathinaikos Athlitikos Omilos
[4129486] Could not find attributes for nazim sangare (Fatih Karagümrük Sportif Faaliyetler San. Tic. A.Ş., 2023)
[4129486] Failed to build match row: Alanyaspor vs Fatih Karagümrük Sportif Faaliyetler San. Tic. A.Ş.

Keepers & outfield error for **Calcio Como** in Calcio Como vs Società Sportiva Calcio Napoli: Numbers: 2 and 9.
[4374173] Failed to build match row: Calcio Como vs Società Sportiva Calcio Napoli
[4778880] Failed to scrape lineup: https://www.transfermarkt.co.uk/spielbericht/index/spielbericht/4778880
[3598382] Could not find attributes for ilias sebaoui (Beerschot VA, 2021)
[3598382] Failed to build match row: Beerschot VA vs Royal Charleroi Sporting Club
[4705965] Could not find attributes for danylo varakuta (TOV FK Metalist 1925 Kharkiv, 2025)
[4705965] Failed to build match row: TOV FK Metalist 1925 Kharkiv vs FK Obolon Kyiv
[3639104] Could not find attributes for yevgen shkarban (Nyva Vinnytsya, 2021)
[3639104] Failed to build match row: Nyva Vinnytsya vs Volyn Lutsk
Not enough players found for lineup: 0, 0.
[4160175] Failed to scrape lineup: https://www.transfermarkt.co.uk/spielbericht/index/spielbericht/4160175
[4365334] Failed to scrape lineup: https://www.transfermarkt.co.uk/legia-warszawa_jagiellonia-bialystok/index/spielbericht/4365334

Keepers & outfield error for **Leicester City** in Chelsea Football Club vs Leicester City: Numbers: 0 and 11.
[3837848] Failed to build match row: Chelsea Football Club vs Leicester City
[3431921] Failed to scrape lineup: https://www.transfermarkt.co.uk/real-sociedad_real-madrid/index/spielbericht/3431921
[4393413] Could not find attributes for jonas svensson (Beşiktaş Jimnastik Kulübü, 2024)
[4393413] Failed to build match row: Beşiktaş Jimnastik Kulübü vs Adana Demirspor

Keepers & outfield error for **Paris Saint-Germain Football Club** in AC Ajaccio vs Paris Saint-Germain Football Club: Numbers: 2 and 9.
[3840069] Failed to build match row: AC Ajaccio vs Paris Saint-Germain Football Club
[4368935] Could not find attributes for andriy klishchuk (FK Kryvbas Kryvyi Rig, 2024)
[4368935] Failed to build match row: FK Kryvbas Kryvyi Rig vs FK Kolos Kovalivka
[4358776] Could not find attributes for miljan drincic (FK Tekstilac Odzaci, 2024)
[4410959] Failed to scrape lineup: https://www.transfermarkt.co.uk/al-fateh-sc_al-riyadh-sc/index/spielbericht/4410959
[4358776] Failed to build match row: FK Tekstilac Odzaci vs Fudbalski Klub Radnički Niš
[3607593] Failed to scrape lineup: https://www.transfermarkt.co.uk/cadiz-cf_granada-cf/index/spielbericht/3607593
[4625957] Failed to scrape lineup: https://www.transfermarkt.co.uk/chelsea-fc_afc-bournemouth/index/spielbericht/4625957
[3584512] Failed to scrape lineup: https://www.transfermarkt.co.uk/spielbericht/index/spielbericht/3584512
[4362817] Could not find attributes for abdoulaye doucoure (Everton Football Club, 2024)
[4362817] Failed to build match row: Liverpool Football Club vs Everton Football Club
[4096116] Failed to scrape lineup: https://www.transfermarkt.co.uk/1-fc-koln_1-fc-heidenheim-1846/index/spielbericht/4096116
[4093496] Could not find attributes for roberts ozols (FK Auda, 2023)
a Lecce, 2023)
[4393414] Could not find attributes for lionel carole (Kayserispor Kulübü, 2024)
[3690521] Failed to scrape lineup: https://www.transfermarkt.co.uk/spielbericht/index/spielbericht/3690521
[3491224] Failed to scrape lineup: https://www.transfermarkt.co.uk/spielbericht/index/spielbericht/3491224
[4648744] Failed to scrape lineup: https://www.transfermarkt.co.uk/fc-porto_sl-benfica/index/spielbericht/4648744
[4093496] Failed to build match row: FK Auda vs Spartak Trnava
[4219002] Failed to scrape lineup: https://www.transfermarkt.co.uk/spielbericht/index/spielbericht/4219002
[3434881] Could not find attributes for vladimir sugrobov (SKA Khabarovsk, 2020)
[4393414] Failed to build match row: Kayserispor Kulübü vs Antalyaspor
[4103549] Failed to build match row: Unione Sportiva Lecce vs Unione Sportiva Sassuolo Calcio
[3434881] Failed to build match row: SKA Khabarovsk vs FC Rubin Kazan
[3413048] Could not find attributes for kerim calhanoglu (FC Schalke 04, 2020)
[3413048] Failed to build match row: Verein für Leibesübungen Wolfsburg vs FC Schalke 04
[3421842] Could not find attributes for branislav ivanovic (West Bromwich Albion, 2020)
[3421842] Failed to build match row: West Bromwich Albion vs Arsenal Football Club
[3592075] Failed to scrape lineup: https://www.transfermarkt.co.uk/chelsea-fc_leeds-united/index/spielbericht/3592075
[4634481] Could not find attributes for jovan milosevic (Sportverein Werder Bremen von 1899, 2025)
[4634481] Failed to build match row: Sportverein Werder Bremen von 1899 vs Hamburger Sport Verein
[4358777] Could not find attributes for stefan popovic (Fudbalski Klub Novi Pazar, 2024)
[4358777] Failed to build match row: Fudbalski Klub Novi Pazar vs Fudbalski Klub IMT Novi Beograd
[4410960] Could not find attributes for gaetan coucke (Al-Orobah FC, 2024)
[4410960] Failed to build match row: Al-Fayha FC vs Al-Orobah FC
[4650503] Could not find attributes for nikita medvedev (FK Nizhny Novgorod, 2025)
[4650503] Failed to build match row: FK Nizhny Novgorod vs FK Rostov

Keepers & outfield error for **Club Atlético Belgrano** in Racing Club Asociación Civil de Avellaneda vs Club Atlético Belgrano: Numbers: 2 and 9.
[4529113] Failed to build match row: Racing Club Asociación Civil de Avellaneda vs Club Atlético Belgrano

Keepers & outfield error for **Real Betis Balompié S.A.D.** in Real Betis Balompié S.A.D. vs Levante Unión Deportiva S.A.D.: Numbers: 3 and 8.
[4645980] Failed to build match row: Real Betis Balompié S.A.D. vs Levante Unión Deportiva S.A.D.
[4624576] Failed to scrape lineup: https://www.transfermarkt.co.uk/fc-hradec-kralove_ac-sparta-prague/index/spielbericht/4624576

Keepers & outfield error for **Real Betis Balompié S.A.D.** in Rayo Vallecano de Madrid S. A. D. vs Real Betis Balompié S.A.D.: Numbers: 0 and 11.
[4368936] Could not find attributes for oleksiy palamarchuk (Ingulets Petrove, 2024)
[4368936] Failed to build match row: Ingulets Petrove vs Livyi Bereg Kyiv
[4112989] Failed to build match row: Rayo Vallecano de Madrid S. A. D. vs Real Betis Balompié S.A.D.
[4365335] Could not find attributes for gasper tratnik (Motor Lublin Spółka Akcyjna, 2024)
[4365335] Failed to build match row: Motor Lublin Spółka Akcyjna vs KKS Lech Poznań Spółka Akcyjna
[4641330] Could not find attributes for xander dierckx (Royal Antwerp Football Club, 2025)
[4641330] Failed to build match row: Royal Antwerp Football Club vs Royal Charleroi Sporting Club
[4096117] Failed to scrape lineup: https://www.transfermarkt.co.uk/vfl-bochum_sv-werder-bremen/index/spielbericht/4096117
[3639105] Could not find attributes for anton sytnykov (Livyi Bereg Kyiv, 2021)
[3639105] Failed to build match row: Livyi Bereg Kyiv vs Olimpik Donetsk
[4410961] Could not find attributes for dimitrios kourbelis (Al-Khaleej Club (Saihat), 2024)
[4410961] Failed to build match row: Al-Khaleej Club (Saihat) vs Al-Okhdood Club
[4718752] Failed to scrape lineup: https://www.transfermarkt.co.uk/spielbericht/index/spielbericht/4718752
[4374174] Failed to scrape lineup: https://www.transfermarkt.co.uk/fc-empoli_atalanta-bc/index/spielbericht/4374174
[3457417] Failed to scrape lineup: https://www.transfermarkt.co.uk/aalborg-bk_brondby-if/index/spielbericht/3457417
[3889043] Could not find attributes for theofanis mavrommatis (APS Atromitos Athinon, 2022)
[3889043] Failed to build match row: APS Atromitos Athinon vs Volou Neos Podosferikos Syllogos
[4393415] Could not find attributes for riechedly bazoer (Konyaspor, 2024)
[4393415] Failed to build match row: Konyaspor vs Çaykur Rizespor Kulübü
[3840070] Could not find attributes for ibrahim amadou (Angers Sporting Club de l'Ouest, 2022)
[3840070] Failed to build match row: Angers Sporting Club de l'Ouest vs Rennes
[4096118] Failed to scrape lineup: https://www.transfermarkt.co.uk/fc-augsburg_bayer-04-leverkusen/index/spielbericht/4096118
[3639107] Failed to scrape lineup: https://www.transfermarkt.co.uk/spielbericht/index/spielbericht/3639107
[4634482] Failed to build match row: Mönchengladbach vs 1. Fußball- und Sportverein Mainz 05
Not enough players found for lineup: 0, 0.
[4358778] Could not find attributes for nikola mirkovic (Fudbalski klub Čukarički Beograd, 2024)
[4160176] Failed to scrape lineup: https://www.transfermarkt.co.uk/spielbericht/index/spielbericht/4160176
[4358778] Failed to build match row: Fudbalski klub Čukarički Beograd vs Železničar Pančevo
[4650504] Could not find attributes for aleksandr vasyutin (Akron Togliatti, 2025)
[4129487] Failed to scrape lineup: https://www.transfermarkt.co.uk/adana-demirspor_trabzonspor/index/spielbericht/4129487
[4582268] Failed to scrape lineup: https://www.transfermarkt.co.uk/clube-de-regatas-vasco-da-gama_fluminense-football-club/index/spielbericht/4582268
[4778980] Failed to scrape lineup: https://www.transfermarkt.co.uk/spielbericht/index/spielbericht/4778980
[4650504] Failed to build match row: Akron Togliatti vs PFK CSKA Moskva
[3851156] Could not find attributes for stipe perica (Royal Standard Club de Liège, 2022)
[3851156] Failed to build match row: Royal Standard Club de Liège vs KAS Eupen
[4506881] Could not find attributes for markel lozano (SD Ponferradina, 2024)
[4506881] Failed to build match row: SD Ponferradina vs Real Sociedad de Fútbol S.A.D.
[4368937] Could not find attributes for oleksandr saputin (FC Zorya Lugansk, 2024)
[4648746] Could not find attributes for joao aurelio (Clube Desportivo Nacional, 2025)
[4624577] Could not find attributes for dominik holec (FC Baník Ostrava a.s., 2025)
[4641331] Could not find attributes for matties volckaert (Koninklijke Atletiek Associatie Gent, 2025)
[4648746] Failed to build match row: Club Football Estrela da Amadora vs Clube Desportivo Nacional
[4641331] Failed to build match row: Royal Standard Club de Liège vs Koninklijke Atletiek Associatie Gent
[4368937] Failed to build match row: FC Zorya Lugansk vs FC Shakhtar Donetsk
[4393416] Could not find attributes for arseniy batagov (Trabzonspor Kulübü, 2024)
[3491225] Could not find attributes for kenny dougall (Blackpool FC, 2020)
[4624577] Failed to build match row: FC Baník Ostrava a.s. vs FC Slovan Liberec
 Football Club vs Associazione Calcio Fiorentina: Numbers: 0 and 11.
[3491225] Failed to build match row: Blackpool FC vs West Bromwich Albion
[4393416] Failed to build match row: Trabzonspor Kulübü vs Galatasaray Spor Kulübü
[4374175] Failed to build match row: Verona Hellas Football Club vs Associazione Calcio Fiorentina
[4718753] Could not find attributes for lindsay rose (Aris Thessalonikis, 2025)
[4718753] Failed to build match row: Aris Thessalonikis vs Panthessalonikios Athlitikos Omilos Konstantinoupoliton
[4625958] Failed to scrape lineup: https://www.transfermarkt.co.uk/crystal-palace_fulham-fc/index/spielbericht/4625958
[3457418] Could not find attributes for zeca (Football Club København, 2020)
[3457418] Failed to build match row: Football Club København vs Lyngby Boldklub
[3690522] Could not find attributes for hamza bencherif (Guiseley AFC, 2021)
[3584513] Failed to scrape lineup: https://www.transfermarkt.co.uk/spielbericht/index/spielbericht/3584513
[3690522] Failed to build match row: AFC Wimbledon vs Guiseley AFC
[4096119] Could not find attributes for marcel schuhen (SV Darmstadt 98, 2023)
[4410962] Could not find attributes for hussain qasim (Al-Fateh Club, 2024)
[4410962] Failed to build match row: Al-Fateh Club vs Al-Nassr Football Club
[4096119] Failed to build match row: SV Darmstadt 98 vs Borussia Dortmund
[4807313] Could not find attributes for carlos neva (Albacete Balompié, 2025)
[4807313] Failed to build match row: Albacete Balompié vs Celta
[3598384] Failed to scrape lineup: https://www.transfermarkt.co.uk/beerschot-va_club-brugge-kv/index/spielbericht/3598384
[4365337] Could not find attributes for steve kingue (Radomiak S.A., 2024)
[4365337] Failed to build match row: RKS Raków Częstochowa SA vs Radomiak S.A.
Not enough players found for lineup: 0, 0.
[4160177] Failed to scrape lineup: https://www.transfermarkt.co.uk/spielbericht/index/spielbericht/4160177
[4103550] Failed to scrape lineup: https://www.transfermarkt.co.uk/ac-monza_us-salernitana-1919/index/spielbericht/4103550
[4093497] Failed to scrape lineup: https://www.transfermarkt.co.uk/spielbericht/index/spielbericht/4093497
[3434882] Failed to scrape lineup: https://www.transfermarkt.co.uk/spielbericht/index/spielbericht/3434882
[3421843] Failed to scrape lineup: https://www.transfermarkt.co.uk/arsenal-fc_crystal-palace/index/spielbericht/3421843
[3912578] Failed to scrape lineup: https://www.transfermarkt.co.uk/spielbericht/index/spielbericht/3912578
[4648747] Could not find attributes for nabil touaizi (Futebol Clube de Alverca, 2025)
[4648747] Failed to build match row: Futebol Clube de Alverca vs Rio Ave Futebol Clube
[4634483] Could not find attributes for rani khedira (1. Fußballclub Union Berlin, 2025)
[4634483] Failed to build match row: 1. Fußballclub Union Berlin vs Verein für Leibesübungen Wolfsburg
[4705966] Could not find attributes for mykola yarosh (Avangard Lozova, 2025)
[4705966] Failed to build match row: Avangard Lozova vs Bukovyna Chernivtsi

Keepers & outfield error for **Football Club Internazionale Milano S.p.A.** in Football Club Internazionale Milano S.p.A. vs Genoa Cricket and Football Club: Numbers: 0 and 11.
[4374176] Failed to build match row: Football Club Internazionale Milano S.p.A. vs Genoa Cricket and Football Club

Keepers & outfield error for **Leeds United Association Football Club** in Liverpool Football Club vs Leeds United Association Football Club: Numbers: 0 and 11.
[4625959] Failed to build match row: Liverpool Football Club vs Leeds United Association Football Club
[4718754] Could not find attributes for nikolaos grammatikakis (Volou Neos Podosferikos Syllogos, 2025)
[4718754] Failed to build match row: Volou Neos Podosferikos Syllogos vs AO Egaleo
[4358779] Could not find attributes for veljko ilic (Fudbalski klub TSC Bačka Topola, 2024)
[4358779] Failed to build match row: Fudbalski klub TSC Bačka Topola vs Fudbalski Klub Partizan Beograd
[4405325] Failed to scrape lineup: https://www.transfermarkt.co.uk/sevilla-fc_getafe-cf/index/spielbericht/4405325
[4129488] Could not find attributes for ousseynou ba (İstanbul Başakşehir Futbol Kulübü, 2023)
[4129488] Failed to build match row: İstanbul Başakşehir Futbol Kulübü vs Gaziantep Futbol Kulübü A.Ş.
[3862473] Failed to scrape lineup: https://www.transfermarkt.co.uk/spielbericht/index/spielbericht/3862473

Keepers & outfield error for **Futebol Clube de Famalicão** in Futebol Clube de Famalicão vs Futebol Clube do Porto: Numbers: 2 and 9.
[4648748] Failed to build match row: Futebol Clube de Famalicão vs Futebol Clube do Porto
[4506882] Could not find attributes for diego marino (Granada CF, 2024)
[4506882] Failed to build match row: Granada CF vs Getafe Club de Fútbol S. A. D. Team Dubai
[3584514] Could not find attributes for djordje petrovic (Fudbalski klub Čukarički Beograd, 2021)
[3584514] Failed to build match row: Fudbalski klub Čukarički Beograd vs Sumgayit PFC
[3639108] Could not find attributes for ivan ponomarenko (Bukovyna Chernivtsi, 2021)
[3639108] Failed to build match row: Bukovyna Chernivtsi vs Agrobiznes Volochysk

Keepers & outfield error for **Wolverhampton Wanderers Football Club** in Manchester United Football Club vs Wolverhampton Wanderers Football Club: Numbers: 0 and 11.
[4625960] Failed to build match row: Manchester United Football Club vs Wolverhampton Wanderers Football Club
[4718755] Could not find attributes for panagiotis ginis (Ellas Syros, 2025)
[4718755] Failed to build match row: Ellas Syros vs Olympiakos Syndesmos Filathlon Peiraios
[3421844] Could not find attributes for trezeguet (Aston Villa Football Club, 2020)
[3421844] Failed to build match row: Aston Villa Football Club vs Tottenham Hotspur Football Club

Keepers & outfield error for **St Truiden** in RAAL La Louvière vs St Truiden: Numbers: 2 and 9.
[4641332] Failed to build match row: RAAL La Louvière vs St Truiden
[3434883] Could not find attributes for roman kalyuzhnyi (Mashuk-KMV Pyatigorsk, 2020)
[3434883] Failed to build match row: Mashuk-KMV Pyatigorsk vs PFK Tambov (-2021)
[4410963] Could not find attributes for unai hernandez (Al-Ittihad Football Club, 2024)
[4624578] Could not find attributes for michal reichl (Bohemians Praha 1905, a.s., 2025)
[4410963] Failed to build match row: Al-Ittihad Football Club vs Damac Football Club
[4624578] Failed to build match row: Bohemians Praha 1905, a.s. vs 1. FC Slovácko
[4129489] Could not find attributes for sander van de streek (Antalyaspor, 2023)
[3840071] Could not find attributes for maximiliano caufriez (Clermont Foot 63, 2022)
[4808016] Could not find attributes for carlos neva (Albacete Balompié, 2025)
[4129489] Failed to build match row: Antalyaspor vs Galatasaray Spor Kulübü
[3840071] Failed to build match row: Clermont Foot 63 vs Stade brestois 29
[4650505] Could not find attributes for ilya lantratov (Футбольный клуб "Локомотив" Москва, 2025)
[4808016] Failed to build match row: Albacete Balompié vs Futbol Club Barcelona
[4650505] Failed to build match row: Футбольный клуб "Локомотив" Москва vs FK Baltika
[3889044] Could not find attributes for lefteris choutesiotis (Ionikos Nikeas, 2022)
[3889044] Failed to build match row: Ionikos Nikeas vs PAS Giannina
[4445438] Could not find attributes for ziga lipuscek (FC RFS, 2024)
[3413051] Could not find attributes for omer toprak (Sportverein Werder Bremen von 1899, 2020)
[4358780] Could not find attributes for marko milosevic (FK Radnički 1923 Kragujevac, 2024)
[3614753] Could not find attributes for giorgio scalvini (Atalanta Bergamasca Calcio S.p.a., 2021)
[3413051] Failed to build match row: Sportverein Werder Bremen von 1899 vs FC Bayern München
[4362821] Could not find attributes for abdoulaye doucoure (Everton Football Club, 2024)
Not enough players found for lineup: 0, 0.
ički 1923 Kragujevac vs Fudbalski klub Napredak Kruševac
[4582269] Failed to scrape lineup: https://www.transfermarkt.co.uk/botafogo-de-futebol-e-regatas_red-bull-bragantino/index/spielbericht/4582269
[4445438] Failed to build match row: Futbolniy Klub Dynamo Kyiv vs FC RFS
anta Bergamasca Calcio S.p.a.
[4634484] Could not find attributes for tomoya ando (Fußball-Club St. Pauli von 1910, 2025)
[4365338] Could not find attributes for josip corluka (Zagłębie Lubin Spółka Akcyjna, 2024)
[4365338] Failed to build match row: Zagłębie Lubin Spółka Akcyjna vs Klub Sportowy Górnik Zabrze Sportowa Spółka Akcyjna
[4362821] Failed to build match row: Everton Football Club vs Arsenal Football Club
[4160178] Failed to scrape lineup: https://www.transfermarkt.co.uk/spielbericht/index/spielbericht/4160178
[4219003] Could not find attributes for mo faal (Doncaster Rovers, 2023)
. Fußball-Club Köln

Keepers & outfield error for **Nottingham Forest Football Club** in Nottingham Forest Football Club vs Everton Football Club: Numbers: 0 and 11.
[4219003] Failed to build match row: Doncaster Rovers vs Accrington Stanley
[4625961] Failed to build match row: Nottingham Forest Football Club vs Everton Football Club
[4718756] Could not find attributes for frederic miyenga (Marko FC, 2025)
[4718756] Failed to build match row: Marko FC vs APO Levadiakos Football Club
[4624579] Could not find attributes for jakub lapes (MFK Karvina, 2025)
[4624579] Failed to build match row: SK Slavia Praha, a.s. vs MFK Karvina
[3457419] Failed to scrape lineup: https://www.transfermarkt.co.uk/sonderjyske_aarhus-gf/index/spielbericht/3457419
[4112993] Could not find attributes for matija nastasic (Real Club Deportivo Mallorca S.A.D., 2023)
[4368938] Could not find attributes for denys marchenko (FK Obolon Kyiv, 2024)
ada CF
[4368938] Failed to build match row: FK Obolon Kyiv vs LNZ Cherkasy
[3584515] Could not find attributes for dmitriy nepogodov (FC Astana, 2021)
[4650506] Could not find attributes for nikolay sysuev (FC Orenburg, 2025)
[4650506] Failed to build match row: FC Orenburg vs AO FK Zenit Sankt-Peterburg
[3584515] Failed to build match row: FC Astana vs Aris Thessalonikis
[3851157] Failed to scrape lineup: https://www.transfermarkt.co.uk/krc-genk_rfc-seraing/index/spielbericht/3851157
[4096121] Could not find attributes for max finkgrafe (1. Fußball-Club Köln, 2023)
[4096121] Failed to build match row: 1. Fußball-Club Köln vs Borussia Dortmund
[3889045] Could not find attributes for matej markovic (APO Levadiakos Football Club, 2022)
[4718757] Could not find attributes for giannis nikopolidis (Iraklis Thessaloniki, 2025)
[3889045] Failed to build match row: APO Levadiakos Football Club vs Athlitiki Enosi Konstantinoupoleos
[4718757] Failed to build match row: Iraklis Thessaloniki vs Panetolikos Agrinio
[3434884] Could not find attributes for valeriy sorokin (Dinamo Bryansk, 2020)

Keepers & outfield error for **Fodbold Club Midtjylland** in Fodbold Club Midtjylland vs Royale Union Saint-Gilloise: Numbers: 2 and 9.
Not enough players found for lineup: 0, 0.

Keepers & outfield error for **Alaves** in Alaves vs Real Sociedad de Fútbol S.A.D.: Numbers: 0 and 11.
[3434884] Failed to build match row: Dinamo Bryansk vs PFK Tambov (-2021)
[4445439] Failed to build match row: Fodbold Club Midtjylland vs Royale Union Saint-Gilloise
[4160179] Failed to scrape lineup: https://www.transfermarkt.co.uk/spielbericht/index/spielbericht/4160179
[4808017] Failed to build match row: Alaves vs Real Sociedad de Fútbol S.A.D.
[4410964] Could not find attributes for ayoub qasmi (Al-Raed SFC, 2024)
[4129490] Could not find attributes for bakhtiyor zaynutdinov (Beşiktaş Jimnastik Kulübü, 2023)
[4648750] Could not find attributes for joao moutinho (Sporting Clube de Braga, 2025)
[4410964] Failed to build match row: Al-Raed SFC vs Al-Kholood Club
[4129490] Failed to build match row: Beşiktaş Jimnastik Kulübü vs Istanbulspor
[4358781] Could not find attributes for lazar balevic (Fudbalski klub Napredak Kruševac, 2024)

Keepers & outfield error for **Newcastle United Football Club** in Wolverhampton Wanderers Football Club vs Newcastle United Football Club: Numbers: 2 and 9.
[3457420] Could not find attributes for tosin kehinde (Randers Fodbold Club, 2020)
[4648750] Failed to build match row: Sporting Clube de Braga vs Moreirense Futebol Clube
[4358781] Failed to build match row: Fudbalski klub Napredak Kruševac vs FK Jedinstvo Ub
[4093498] Could not find attributes for nir bitton (Maccabi Tel Aviv, 2023)
[4374179] Could not find attributes for mats hummels (Associazione Sportiva Roma, 2024)
[3837853] Failed to build match row: Wolverhampton Wanderers Football Club vs Newcastle United Football Club
[4374179] Failed to build match row: Associazione Sportiva Roma vs AC Monza
[4365339] Could not find attributes for josip corluka (Zagłębie Lubin Spółka Akcyjna, 2024)
[3457420] Failed to build match row: Randers Fodbold Club vs Aalborg BK
[4365339] Failed to build match row: Jagiellonia-Bialystok Sportowa Spólka Akcyjna vs Zagłębie Lubin Spółka Akcyjna

Keepers & outfield error for **Leeds United Association Football Club** in Leeds United Association Football Club vs Southampton FC: Numbers: 2 and 9.
[3421846] Failed to build match row: Leeds United Association Football Club vs Southampton FC
[3865464] Could not find attributes for antonio donnarumma (Calcio Padova, 2022)
[3865464] Failed to build match row: SSC Bari vs Calcio Padova
[4624580] Could not find attributes for matous trmal (FK Teplice, a.s., 2025)
[4624580] Failed to build match row: FK Teplice, a.s. vs FK Mladá Boleslav, a.s.
[4368939] Could not find attributes for pavlo isenko (Vorskla Poltava, 2024)
[4368939] Failed to build match row: Vorskla Poltava vs Chornomorets Odesa
[4778981] Could not find attributes for maksym tatarenko (FC Chernigiv, 2025)
[4778981] Failed to build match row: FC Chernigiv vs Feniks-Mariupol
[3690524] Could not find attributes for luke hendrie (Hartlepool United, 2021)
[3690524] Failed to build match row: Hartlepool United vs Wycombe Wanderers
[3639109] Could not find attributes for sergiy onufrak (Real Farma Ovidiopol, 2021)
[3639109] Failed to build match row: Real Farma Ovidiopol vs VPK-Agro

Keepers & outfield error for **Manchester City Football Club** in Manchester City Football Club vs Wolverhampton Wanderers Football Club: Numbers: 2 and 9.
[3592079] Failed to build match row: Manchester City Football Club vs Wolverhampton Wanderers Football Club
[4650507] Could not find attributes for vadim ulyanov (RFK Akhmat Grozny, 2025)
[4650507] Failed to build match row: RFK Akhmat Grozny vs FC Rubin Kazan
[4641334] Could not find attributes for mathis servais (Yellow-Red Koninklijke Voetbalclub Mechelen, 2025)
[4641334] Failed to build match row: Yellow-Red Koninklijke Voetbalclub Mechelen vs Koninklijke Voetbal Club Westerlo
[3598386] Failed to scrape lineup: https://www.transfermarkt.co.uk/standard-liege_kv-mechelen/index/spielbericht/3598386
[3889046] Could not find attributes for praxitelis vouros (Omilos Filathlon Irakliou FC, 2022)
[3889046] Failed to build match row: Omilos Filathlon Irakliou FC vs PAS Lamia 1964

Keepers & outfield error for **Fodbold Club Midtjylland** in Fodbold Club Midtjylland vs Eintracht Frankfurt Fußball AG: Numbers: 2 and 9.
[4445440] Failed to build match row: Fodbold Club Midtjylland vs Eintracht Frankfurt Fußball AG
[4718758] Could not find attributes for filip djuricic (Panathinaikos Athlitikos Omilos, 2025)
[4718758] Failed to build match row: Panathinaikos Athlitikos Omilos vs Athlitiki Enosi Kifisias

Keepers & outfield error for **Wolverhampton Wanderers Football Club** in Ipswich Town vs Wolverhampton Wanderers Football Club: Numbers: 0 and 11.
[4410965] Could not find attributes for gaetan coucke (Al-Orobah FC, 2024)
[4393417] Failed to scrape lineup: https://www.transfermarkt.co.uk/basaksehir-fk_fenerbahce/index/spielbericht/4393417
[3491226] Failed to scrape lineup: https://www.transfermarkt.co.uk/spielbericht/index/spielbericht/3491226
[4362823] Failed to build match row: Ipswich Town vs Wolverhampton Wanderers Football Club
[4410965] Failed to build match row: Al-Orobah FC vs Al-Taawoun Football Club
[4129491] Could not find attributes for renaldo cephas (MKE Ankaragücü, 2023)
[4365340] Could not find attributes for kornel lisman (KKS Lech Poznań Spółka Akcyjna, 2024)
[4365340] Failed to build match row: KKS Lech Poznań Spółka Akcyjna vs Klub Sportowy Cracovia Spółka Akcyjna
[3971175] Could not find attributes for erving botaka (FK Ufa, 2022)
[4129491] Failed to build match row: MKE Ankaragücü vs Kayserispor Kulübü
[3971175] Failed to build match row: FK Ufa vs RFK Akhmat Grozny
[3614755] Could not find attributes for filippo delli carri (US Salernitana 1919, 2021)
[3614755] Failed to build match row: Società Sportiva Calcio Napoli vs US Salernitana 1919
[4093499] Could not find attributes for abdul rahman baba (Panthessalonikios Athlitikos Omilos Konstantinoupoliton, 2023)
[4093499] Failed to build match row: Panthessalonikios Athlitikos Omilos Konstantinoupoliton vs Beitar Jerusalem

Keepers & outfield error for **Casa Pia Atlético Clube** in Sport Lisboa e Benfica vs Casa Pia Atlético Clube: Numbers: 4 and 7.
[4648751] Failed to build match row: Sport Lisboa e Benfica vs Casa Pia Atlético Clube
[3851159] Could not find attributes for joao silva (KV Kortrijk, 2022)
[3457421] Could not find attributes for johan djourou (Fodbold Club Nordsjælland, 2020)
[3584516] Could not find attributes for nikolay zabolotnyi (FK Sochi, 2021)
[4778982] Could not find attributes for oleksiy palamarchuk (LNZ Cherkasy, 2025)
[3457421] Failed to build match row: Fodbold Club Nordsjælland vs Vejle Boldklub
[3607594] Could not find attributes for aleix vidal (Espanol, 2021)
[3851159] Failed to build match row: KV Kortrijk vs KV Oostende
[3584516] Failed to build match row: FK Sochi vs FK Inter Baku
[4778982] Failed to build match row: LNZ Cherkasy vs Bukovyna Chernivtsi
[4634496] Could not find attributes for sheraldo becker (1. Fußball- und Sportverein Mainz 05, 2025)
[3607594] Failed to build match row: Espanol vs Levante Unión Deportiva S.A.D.
[3639110] Could not find attributes for roman gerych (Balkany Zorya, 2021)
[4634496] Failed to build match row: 1. Fußball- und Sportverein Mainz 05 vs FC Bayern München
[3639110] Failed to build match row: Balkany Zorya vs Energiya Nova Kakhovka

Keepers & outfield error for **Manchester United Football Club** in Norwich City vs Manchester United Football Club: Numbers: 3 and 8.
[3592080] Failed to build match row: Norwich City vs Manchester United Football Club
[4650508] Could not find attributes for nikita kokarev (PFK Krylya Sovetov Samara, 2025)
[4650508] Failed to build match row: PFK Krylya Sovetov Samara vs FK Dinamo Moskva
[3889047] Could not find attributes for julian cuesta (Aris Thessalonikis, 2022)
[3889047] Failed to build match row: Panathinaikos Athlitikos Omilos vs Aris Thessalonikis
[4368940] Could not find attributes for andrey kozhukhar (NK Veres Rivne, 2024)
[4368940] Failed to build match row: NK Veres Rivne vs LNZ Cherkasy
[4705967] Could not find attributes for bogdan synytskyi (SC Korosten Agro-Nyva, 2025)
[4705967] Failed to build match row: SC Korosten Agro-Nyva vs NK Veres Rivne

Keepers & outfield error for **Real Betis Balompié S.A.D.** in Real Betis Balompié S.A.D. vs Club Atlético de Madrid S.A.D.: Numbers: 2 and 9.
[4808019] Failed to build match row: Real Betis Balompié S.A.D. vs Club Atlético de Madrid S.A.D.
[4129492] Could not find attributes for dal varesanovic (Çaykur Rizespor Kulübü, 2023)
[4129492] Failed to build match row: Çaykur Rizespor Kulübü vs Samsunspor
[4445441] Could not find attributes for yusuf akcicek (Fenerbahçe Spor Kulübü, 2024)
[4445441] Failed to build match row: Fodbold Club Midtjylland vs Fenerbahçe Spor Kulübü
Not enough players found for lineup: 0, 11.
[4160181] Failed to scrape lineup: https://www.transfermarkt.co.uk/spielbericht/index/spielbericht/4160181
[4648752] Could not find attributes for antef tsoungui (Grupo Desportivo Estoril Praia, 2025)
[4641336] Could not find attributes for kiki kouyate (Royal Antwerp Football Club, 2025)
[4648752] Failed to build match row: Grupo Desportivo Estoril Praia vs Futebol Clube de Arouca
[4641336] Failed to build match row: Royale Union Saint-Gilloise vs Royal Antwerp Football Club
[3598388] Could not find attributes for abdelkahar kadri (KV Kortrijk, 2021)
[3598388] Failed to build match row: Royal Charleroi Sporting Club vs KV Kortrijk
[4778983] Could not find attributes for anton zhylkin (Ingulets Petrove, 2025)
[4096124] Could not find attributes for marcel schuhen (SV Darmstadt 98, 2023)
[4778983] Failed to build match row: Futbolniy Klub Dynamo Kyiv vs Ingulets Petrove
[3607595] Could not find attributes for abde ezzalzouli (Futbol Club Barcelona, 2021)
[4096124] Failed to build match row: SV Darmstadt 98 vs Eintracht Frankfurt Fußball AG
[3690525] Could not find attributes for ross barrows (King's Lynn Town, 2021)
[4358782] Could not find attributes for vukasin djurdjevic (Fudbalski Klub Partizan Beograd, 2024)
[3607595] Failed to build match row: Club Atlético Osasuna vs Futbol Club Barcelona
[4358782] Failed to build match row: Fudbalski Klub Partizan Beograd vs FK Radnički 1923 Kragujevac
[3690525] Failed to build match row: King's Lynn Town vs Walsall FC
[4368941] Could not find attributes for oleksiy palamarchuk (Ingulets Petrove, 2024)
[4368941] Failed to build match row: Ingulets Petrove vs Vorskla Poltava

Keepers & outfield error for **Futbol Club Barcelona** in Futbol Club Barcelona vs Real Club Deportivo Mallorca S.A.D.: Numbers: 2 and 9.
[4112996] Failed to build match row: Futbol Club Barcelona vs Real Club Deportivo Mallorca S.A.D.
[4365341] Could not find attributes for luquinhas (Legia Warszawa Spółka Akcyjna, 2024)
[4365341] Failed to build match row: Legia Warszawa Spółka Akcyjna vs Klub Sportowy Lechia Gdańsk
[4393418] Could not find attributes for jhon espinoza (Kasımpaşa A.Ş., 2024)
[4625963] Failed to scrape lineup: https://www.transfermarkt.co.uk/west-ham-united_brighton-amp-hove-albion/index/spielbericht/4625963
[4393418] Failed to build match row: Eyüp Spor Kulübü vs Kasımpaşa A.Ş.
[3865465] Failed to scrape lineup: https://www.transfermarkt.co.uk/spielbericht/index/spielbericht/3865465
[4624581] Failed to scrape lineup: https://www.transfermarkt.co.uk/fk-jablonec_fk-pardubice/index/spielbericht/4624581
[3491227] Could not find attributes for fin stevens (Brentford Football Club, 2020)

Keepers & outfield error for **Espanol** in Espanol vs Real Sociedad de Fútbol S.A.D.: Numbers: 2 and 9.
[3421847] Failed to scrape lineup: https://www.transfermarkt.co.uk/leicester-city_chelsea-fc/index/spielbericht/3421847
[4645982] Failed to build match row: Espanol vs Real Sociedad de Fútbol S.A.D.
[3491227] Failed to build match row: Brentford Football Club vs Middlesbrough FC
[4808135] Could not find attributes for Mitchel Frame (Aberdeen Football Club, 2025)
[4808135] Failed to build match row: Aberdeen Football Club vs Motherwell Football Club

Keepers & outfield error for **Association Football Club Bournemouth** in Association Football Club Bournemouth vs Wolverhampton Wanderers Football Club: Numbers: 0 and 11.
[4634497] Could not find attributes for rani khedira (1. Fußballclub Union Berlin, 2025)
[3971176] Could not find attributes for sergey volkov (Akron Togliatti, 2022)
[3971176] Failed to build match row: Akron Togliatti vs Torpedo Moscow
[3837854] Failed to build match row: Association Football Club Bournemouth vs Wolverhampton Wanderers Football Club
[4634497] Failed to build match row: RasenBallsport Leipzig vs 1. Fußballclub Union Berlin

Keepers & outfield error for **Clube Desportivo de Tondela** in Clube Desportivo de Tondela vs Vitória Sport Clube: Numbers: 0 and 11.
[4718774] Could not find attributes for makis giannikoglou (AO Kavala, 2025)
[4648753] Failed to build match row: Clube Desportivo de Tondela vs Vitória Sport Clube
[4718774] Failed to build match row: AO Kavala vs Panathinaikos Athlitikos Omilos

Keepers & outfield error for **Asociación de Fomento Deportivo Riestra Barrio Colón** in Asociación de Fomento Deportivo Riestra Barrio Colón vs CA San Martín (San Juan): Numbers: 2 and 9.
[3440223] Could not find attributes for karim ansarifard (Athlitiki Enosi Konstantinoupoleos, 2020)
[4529115] Failed to build match row: Asociación de Fomento Deportivo Riestra Barrio Colón vs CA San Martín (San Juan)
[3440223] Failed to build match row: Athlitiki Enosi Konstantinoupoleos vs Olympiakos Syndesmos Filathlon Peiraios
[3598389] Could not find attributes for robert bauer (St Truiden, 2021)
[3598389] Failed to build match row: KV Oostende vs St Truiden
[4358783] Could not find attributes for zoran popovic (Železničar Pančevo, 2024)

Keepers & outfield error for **Atalanta Bergamasca Calcio S.p.a.** in Atalanta Bergamasca Calcio S.p.a. vs Venezia FC: Numbers: 3 and 8.
[4374182] Failed to build match row: Atalanta Bergamasca Calcio S.p.a. vs Venezia FC
[4096125] Could not find attributes for tim kleindienst (1. Fußballclub Heidenheim 1846, 2023)
[4096125] Failed to build match row: 1. Fußballclub Heidenheim 1846 vs Verein für Leibesübungen Wolfsburg
[4112997] Could not find attributes for sokratis papastathopoulos (Real Betis Balompié S.A.D., 2023)
Not enough players found for lineup: 0, 0.
[4160182] Failed to scrape lineup: https://www.transfermarkt.co.uk/spielbericht/index/spielbericht/4160182
[4112997] Failed to build match row: Real Betis Balompié S.A.D. vs Villarreal Club de Fútbol S.A.D.
[4705968] Could not find attributes for andriy gorbatyuk (Chayka Petropavlivska Borshchagivka, 2025)
[4705968] Failed to build match row: Chayka Petropavlivska Borshchagivka vs FC Lisne

Keepers & outfield error for **Nottingham Forest Football Club** in Aston Villa Football Club vs Nottingham Forest Football Club: Numbers: 0 and 11.
[4625964] Failed to build match row: Aston Villa Football Club vs Nottingham Forest Football Club
[4405330] Failed to scrape lineup: https://www.transfermarkt.co.uk/real-betis-balompie_rcd-mallorca/index/spielbericht/4405330

Keepers & outfield error for **Fodbold Club Midtjylland** in Fodbold Club Midtjylland vs Turn- und Sportgemeinschaft 1899 Hoffenheim Fußball-Spielbetriebs: Numbers: 2 and 9.
[3457422] Failed to scrape lineup: https://www.transfermarkt.co.uk/lyngby-bk_aarhus-gf/index/spielbericht/3457422
[3584517] Failed to scrape lineup: https://www.transfermarkt.co.uk/spielbericht/index/spielbericht/3584517
[3851160] Failed to scrape lineup: https://www.transfermarkt.co.uk/cercle-brugge-_kaa-gent/index/spielbericht/3851160
[3840075] Failed to scrape lineup: https://www.transfermarkt.co.uk/olympique-marseille_rc-lens/index/spielbericht/3840075
[4445442] Failed to build match row: Fodbold Club Midtjylland vs Turn- und Sportgemeinschaft 1899 Hoffenheim Fußball-Spielbetriebs
[3889048] Failed to scrape lineup: https://www.transfermarkt.co.uk/panetolikos-gfs_olympiacos-piraeus/index/spielbericht/3889048
[3639111] Failed to scrape lineup: https://www.transfermarkt.co.uk/spielbericht/index/spielbericht/3639111
[4650509] Failed to scrape lineup: https://www.transfermarkt.co.uk/spielbericht/index/spielbericht/4650509
[4648754] Could not find attributes for ferro (Grupo Desportivo Estoril Praia, 2025)
[4648754] Failed to build match row: Grupo Desportivo Estoril Praia vs Sporting Clube de Portugal
[4641338] Could not find attributes for matties volckaert (Koninklijke Atletiek Associatie Gent, 2025)
[4718775] Could not find attributes for giannis nikopolidis (Iraklis Thessaloniki, 2025)
[4718775] Failed to build match row: Olympiakos Syndesmos Filathlon Peiraios vs Iraklis Thessaloniki
[4641338] Failed to build match row: Koninklijke Atletiek Associatie Gent vs Cercle Brugge Koninklijke Sportvereniging
[4093500] Could not find attributes for bekkhan shayzada (Ordabasy Shymkent, 2023)
[4093500] Failed to build match row: Ordabasy Shymkent vs Legia Warszawa Spółka Akcyjna
[4096126] Could not find attributes for pavel kaderabek (Turn- und Sportgemeinschaft 1899 Hoffenheim Fußball-Spielbetriebs, 2023)
[4779999] Could not find attributes for joao moutinho (Sporting Clube de Braga, 2025)
[4096126] Failed to build match row: Sport-Club Freiburg vs Turn- und Sportgemeinschaft 1899 Hoffenheim Fußball-Spielbetriebs
[4779999] Failed to build match row: Sport Lisboa e Benfica vs Sporting Clube de Braga

Keepers & outfield error for **CD Godoy Cruz Antonio Tomba** in Club Atlético Sarmiento vs CD Godoy Cruz Antonio Tomba: Numbers: 4 and 7.
[4219004] Could not find attributes for bailey clements (Eastleigh FC, 2023)
[4529116] Failed to build match row: Club Atlético Sarmiento vs CD Godoy Cruz Antonio Tomba

Keepers & outfield error for **Association Football Club Bournemouth** in Association Football Club Bournemouth vs Arsenal Football Club: Numbers: 3 and 8.
[4582270] Could not find attributes for igor vinicius (Santos Futebol Clube, 2024)
[4625965] Failed to build match row: Association Football Club Bournemouth vs Arsenal Football Club
[4219004] Failed to build match row: Eastleigh FC vs Boreham Wood FC
[3421849] Could not find attributes for conor gallagher (West Bromwich Albion, 2020)
[3614757] Failed to scrape lineup: https://www.transfermarkt.co.uk/torino-fc_us-sassuolo/index/spielbericht/3614757
[3421849] Failed to build match row: West Ham United Football Club vs West Bromwich Albion
[4582270] Failed to build match row: Santos Futebol Clube vs Esporte Clube Juventude
[4160183] Failed to scrape lineup: https://www.transfermarkt.co.uk/spielbericht/index/spielbericht/4160183
[4624583] Could not find attributes for stanislav dostal (FC Trinity Zlin, 2025)
[4393419] Failed to scrape lineup: https://www.transfermarkt.co.uk/goztepe_hatayspor/index/spielbericht/4393419
[3491228] Could not find attributes for adrian mariappa (Bristol City, 2020)
[3584518] Failed to scrape lineup: https://www.transfermarkt.co.uk/spielbericht/index/spielbericht/3584518
[3413055] Could not find attributes for omer toprak (Sportverein Werder Bremen von 1899, 2020)
[4129493] Could not find attributes for aylton boa morte (Kayserispor Kulübü, 2023)
se vs Sporting Clube de Braga: Numbers: 0 and 11.
[4808136] Could not find attributes for craig ross (Airdrieonians FC, 2025)
[4624583] Failed to build match row: FC Trinity Zlin vs FC Hradec Králové a.s.
[4129493] Failed to build match row: Kayserispor Kulübü vs Çaykur Rizespor Kulübü
[3491228] Failed to build match row: Bristol City vs Portsmouth FC
[3912580] Failed to build match row: Royale Union Saint-Gilloise vs Sporting Clube de Braga
[3413055] Failed to build match row: RasenBallsport Leipzig vs Sportverein Werder Bremen von 1899
[4808136] Failed to build match row: Airdrieonians FC vs Saint Mirren Football Club
[4362825] Failed to scrape lineup: https://www.transfermarkt.co.uk/manchester-united_manchester-city/index/spielbericht/4362825
[3889049] Failed to scrape lineup: https://www.transfermarkt.co.uk/paok-thessaloniki_asteras-tripolis/index/spielbericht/3889049
[3639112] Failed to scrape lineup: https://www.transfermarkt.co.uk/spielbericht/index/spielbericht/3639112
ericht/3851161
[4405331] Could not find attributes for matija nastasic (CD Leganés, 2024)
[3690526] Failed to scrape lineup: https://www.transfermarkt.co.uk/spielbericht/index/spielbericht/3690526
[3971177] Could not find attributes for andrey klimovich (Volga Uljanovsk, 2022)
[4405331] Failed to build match row: Getafe Club de Fútbol S. A. D. Team Dubai vs CD Leganés
[4634498] Could not find attributes for jovan milosevic (Sportverein Werder Bremen von 1899, 2025)
[4368942] Failed to scrape lineup: https://www.transfermarkt.co.uk/rukh-lviv_shakhtar-donetsk/index/spielbericht/4368942
[3971177] Failed to build match row: Volga Uljanovsk vs AO FK Zenit Sankt-Peterburg

Keepers & outfield error for **Club Atlético Osasuna** in Girona Fútbol Club S. A. D. vs Club Atlético Osasuna: Numbers: 2 and 9.
[4365343] Failed to scrape lineup: https://www.transfermarkt.co.uk/pogon-szczecin_rakow-czestochowa/index/spielbericht/4365343
[4112998] Failed to build match row: Girona Fútbol Club S. A. D. vs Club Atlético Osasuna
[4634498] Failed to build match row: Verein für Bewegungsspiele Stuttgart 1893 vs Sportverein Werder Bremen von 1899
[3440224] Could not find attributes for christos lisgaras (Apollon Smyrnis, 2020)
[3440224] Failed to build match row: Apollon Smyrnis vs PAS Giannina
[4093501] Failed to scrape lineup: https://www.transfermarkt.co.uk/spielbericht/index/spielbericht/4093501
[4718776] Could not find attributes for frederic miyenga (Marko FC, 2025)

Keepers & outfield error for **Associazione Calcio Fiorentina** in Associazione Calcio Fiorentina vs Unione Sportiva Lecce: Numbers: 0 and 11.
[4718776] Failed to build match row: Panthessalonikios Athlitikos Omilos Konstantinoupoliton vs Marko FC
[4374184] Failed to build match row: Associazione Calcio Fiorentina vs Unione Sportiva Lecce
[4780000] Could not find attributes for noah saviolo (Vitória Sport Clube, 2025)
[4780000] Failed to build match row: Sporting Clube de Portugal vs Vitória Sport Clube
[4648755] Could not find attributes for nabil touaizi (Futebol Clube de Alverca, 2025)
[4648755] Failed to build match row: Futebol Clube de Alverca vs Vitória Sport Clube
[4650510] Could not find attributes for ilya pomazun (FK Spartak Moskva, 2025)
[4358784] Could not find attributes for goran vuklis (Fudbalski Klub IMT Novi Beograd, 2024)
[4650510] Failed to build match row: FK Spartak Moskva vs FK Nizhny Novgorod
[4103556] Failed to scrape lineup: https://www.transfermarkt.co.uk/ac-milan_juventus-fc/index/spielbericht/4103556
[4358784] Failed to build match row: Fudbalski Klub IMT Novi Beograd vs Fudbalski klub Čukarički Beograd

Keepers & outfield error for **SD Huesca** in SD Huesca vs Real Betis Balompié S.A.D.: Numbers: 0 and 11.
[4641339] Could not find attributes for mathis servais (Yellow-Red Koninklijke Voetbalclub Mechelen, 2025)
[3837856] Could not find attributes for joao palhinha (Fulham Football Club, 2022)
[4506883] Failed to build match row: SD Huesca vs Real Betis Balompié S.A.D.
[4641339] Failed to build match row: RAAL La Louvière vs Yellow-Red Koninklijke Voetbalclub Mechelen
[4096127] Could not find attributes for anthony losilla (VfL Bochum, 2023)
[3837856] Failed to build match row: Fulham Football Club vs Brighton and Hove Albion Football Club
[4096127] Failed to build match row: VfL Bochum vs Verein für Bewegungsspiele Stuttgart 1893
[4393420] Could not find attributes for ogun ozcicek (Gaziantep Futbol Kulübü A.Ş., 2024)
[4365344] Could not find attributes for german barkovskiy (Puszcza Niepolomice, 2024)
[4365344] Failed to build match row: Puszcza Niepolomice vs Radomiak S.A.
[3440225] Could not find attributes for julian cuesta (Aris Thessalonikis, 2020)
[4393420] Failed to build match row: Gaziantep Futbol Kulübü A.Ş. vs Alanyaspor
[3440225] Failed to build match row: Aris Thessalonikis vs PAS Lamia 1964
[3865466] Could not find attributes for andrea fulignati (US Catanzaro, 2022)
[3865466] Failed to build match row: Modena FC vs US Catanzaro
[4624584] Could not find attributes for jiri floder (FK Mladá Boleslav, a.s., 2025)
[4624584] Failed to build match row: FK Mladá Boleslav, a.s. vs FC Baník Ostrava a.s.

Keepers & outfield error for **Manchester United Football Club** in Manchester United Football Club vs Brighton and Hove Albion Football Club: Numbers: 2 and 9.
[4129494] Could not find attributes for renaldo cephas (MKE Ankaragücü, 2023)
[3592084] Failed to build match row: Manchester United Football Club vs Brighton and Hove Albion Football Club
[3971178] Could not find attributes for vladimir mukhin (Zvezda St. Petersburg, 2022)
[3837857] Failed to scrape lineup: https://www.transfermarkt.co.uk/leeds-united_everton-fc/index/spielbericht/3837857
[3431922] Failed to scrape lineup: https://www.transfermarkt.co.uk/sevilla-fc_elche-cf/index/spielbericht/3431922
[3889050] Could not find attributes for sergio araujo (Athlitiki Enosi Konstantinoupoleos, 2022)
Not enough players found for lineup: 11, 0.
[4650511] Could not find attributes for rustam yatimov (FK Rostov, 2025)
[4129494] Failed to build match row: Istanbulspor vs MKE Ankaragücü
[4096128] Failed to scrape lineup: https://www.transfermarkt.co.uk/borussia-monchengladbach_fc-augsburg/index/spielbericht/4096128
[3971178] Failed to build match row: Zvezda St. Petersburg vs FK Nizhny Novgorod
[4650511] Failed to build match row: FK Rostov vs Dinamo Makhachkala
[4160184] Failed to scrape lineup: https://www.transfermarkt.co.uk/spielbericht/index/spielbericht/4160184
[3889050] Failed to build match row: Athlitiki Enosi Konstantinoupoleos vs Panthessalonikios Athlitikos Omilos Konstantinoupoliton
[4634499] Could not find attributes for vini souza (Verein für Leibesübungen Wolfsburg, 2025)
 Monza: Numbers: 0 and 11.
[4705969] Could not find attributes for maksym komarenko (Atlet Kyiv, 2025)

Keepers & outfield error for **Futebol Clube do Porto** in Futebol Clube de Arouca vs Futebol Clube do Porto: Numbers: 0 and 11.
[4634499] Failed to build match row: Verein für Leibesübungen Wolfsburg vs Mönchengladbach
[4103557] Failed to build match row: Associazione Sportiva Roma vs AC Monza
[4705969] Failed to build match row: Atlet Kyiv vs FC Chernigiv
[4648756] Failed to build match row: Futebol Clube de Arouca vs Futebol Clube do Porto
[4365345] Could not find attributes for pyry hannola (Stal Mielec, 2024)
[4625967] Failed to scrape lineup: https://www.transfermarkt.co.uk/everton-fc_brentford-fc/index/spielbericht/4625967
[3592085] Failed to scrape lineup: https://www.transfermarkt.co.uk/newcastle-united_manchester-city/index/spielbericht/3592085
[4393421] Could not find attributes for ali aytemur (Bodrum FK, 2024)
[4365345] Failed to build match row: Stal Mielec vs Klub Sportowy Górnik Zabrze Sportowa Spółka Akcyjna
[4393421] Failed to build match row: Bodrum FK vs Trabzonspor Kulübü
[4720655] Could not find attributes for jonathan aegidius (Lyngby Boldklub, 2025)
[3440226] Could not find attributes for nikolaos papadopoulos (A.G.S Asteras Tripolis, 2020)
[3440226] Failed to build match row: A.G.S Asteras Tripolis vs Panathinaikos Athlitikos Omilos
[4720655] Failed to build match row: Lyngby Boldklub vs Football Club København
[3851162] Could not find attributes for frederic soelle soelle (Yellow-Red Koninklijke Voetbalclub Mechelen, 2022)
[3598392] Could not find attributes for vini souza (Yellow-Red Koninklijke Voetbalclub Mechelen, 2021)
[3598392] Failed to build match row: KAS Eupen vs Yellow-Red Koninklijke Voetbalclub Mechelen
[3851162] Failed to build match row: Koninklijke Voetbal Club Westerlo vs Yellow-Red Koninklijke Voetbalclub Mechelen
[4358785] Could not find attributes for strahinja manojlovic (Fudbalski Klub Radnički Niš, 2024)
[4358785] Failed to build match row: Fudbalski Klub Radnički Niš vs Fudbalski Klub Novi Pazar
[3457425] Failed to scrape lineup: https://www.transfermarkt.co.uk/ac-horsens_sonderjyske/index/spielbericht/3457425
[4506884] Could not find attributes for clement michelin (Racing Santander, 2024)
[3639114] Could not find attributes for anton osadchuk (FK Skoruk, 2021)
[4506884] Failed to build match row: Racing Santander vs Celta

Keepers & outfield error for **SD Eibar** in Villarreal Club de Fútbol S.A.D. vs SD Eibar: Numbers: 3 and 8.
[3639114] Failed to build match row: FK Skoruk vs Viktoriya Sumy
[3431923] Failed to build match row: Villarreal Club de Fútbol S.A.D. vs SD Eibar
[4129495] Could not find attributes for bakhtiyor zaynutdinov (Beşiktaş Jimnastik Kulübü, 2023)
[4129495] Failed to build match row: Galatasaray Spor Kulübü vs Beşiktaş Jimnastik Kulübü
[4410968] Could not find attributes for yoann barbet (Al-Riyadh Saudi Club, 2024)
[4410968] Failed to build match row: Al-Riyadh Saudi Club vs Al-Ahli Saudi Football Club
[4808138] Could not find attributes for ayrton sonkur (The Spartans FC, 2025)
[4808138] Failed to build match row: Dundee United Football Club vs The Spartans FC

Keepers & outfield error for **Brentford Football Club** in Southampton FC vs Brentford Football Club: Numbers: 0 and 11.
[3592086] Failed to build match row: Southampton FC vs Brentford Football Club
[4529117] Could not find attributes for franco orozco (Club Atlético Lanús, 2024)
[4529117] Failed to build match row: Club Atlético Rosario Central vs Club Atlético Lanús
[4393422] Failed to scrape lineup: https://www.transfermarkt.co.uk/galatasaray_kayserispor/index/spielbericht/4393422
[4625968] Failed to scrape lineup: https://www.transfermarkt.co.uk/fulham-fc_liverpool-fc/index/spielbericht/4625968
[3614759] Could not find attributes for kristjan asllani (FC Empoli, 2021)
[3614759] Failed to build match row: Bologna Football Club 1909 vs FC Empoli
[3440227] Could not find attributes for dimitrios goutas (APS Atromitos Athinon, 2020)
[3440227] Failed to build match row: APS Atromitos Athinon vs Volou Neos Podosferikos Syllogos
[4582271] Could not find attributes for davi schuindt (Fluminense Football Club, 2024)
[4650512] Could not find attributes for egor lyubakov (FK Baltika, 2025)
[4582271] Failed to build match row: Fluminense Football Club vs Fortaleza Esporte Clube
[4650512] Failed to build match row: FK Baltika vs PFK CSKA Moskva
[4362827] Failed to scrape lineup: https://www.transfermarkt.co.uk/west-ham-united_afc-bournemouth/index/spielbericht/4362827

Keepers & outfield error for **Futebol Clube de Famalicão** in Futebol Clube de Famalicão vs Rio Ave Futebol Clube: Numbers: 2 and 9.
[4648757] Failed to build match row: Futebol Clube de Famalicão vs Rio Ave Futebol Clube
[4358786] Could not find attributes for nemanja calasan (Fudbalski Klub Spartak Ždrepčeva krv, 2024)
[4358786] Failed to build match row: Fudbalski Klub Spartak Ždrepčeva krv vs FK Tekstilac Odzaci
[4506885] Could not find attributes for bebe (Racing Ferrol, 2024)
[4506885] Failed to build match row: Racing Ferrol vs Rayo Vallecano de Madrid S. A. D.
[4093503] Could not find attributes for matko obradovic (NK Celje, 2023)
[4093503] Failed to build match row: NK Celje vs Vitória Sport Clube
[4368943] Could not find attributes for valentyn gorokh (FK Kolos Kovalivka, 2024)
[4368943] Failed to build match row: Futbolniy Klub Dynamo Kyiv vs FK Kolos Kovalivka
[4129496] Could not find attributes for ousseynou ba (İstanbul Başakşehir Futbol Kulübü, 2023)
[4129496] Failed to build match row: Samsunspor vs İstanbul Başakşehir Futbol Kulübü
[4410969] Could not find attributes for saad bguir (Al-Wehda FC, 2024)
[4410969] Failed to build match row: Al-Ettifaq Football Club vs Al-Wehda FC

Keepers & outfield error for **Villarreal Club de Fútbol S.A.D.** in Villarreal Club de Fútbol S.A.D. vs Futbol Club Barcelona: Numbers: 0 and 11.
[4405334] Failed to build match row: Villarreal Club de Fútbol S.A.D. vs Futbol Club Barcelona
[4160185] Could not find attributes for tom holleboom (VV d'Olde Veste '54 Steenwijk, 2023)
[4634501] Could not find attributes for tomoya ando (Fußball-Club St. Pauli von 1910, 2025)
[3971179] Failed to scrape lineup: https://www.transfermarkt.co.uk/spielbericht/index/spielbericht/3971179
[4160185] Failed to build match row: VV d'Olde Veste '54 Steenwijk vs VV Noordwijk
[4634501] Failed to build match row: 1. Fußballclub Heidenheim 1846 vs Fußball-Club St. Pauli von 1910
[3421851] Failed to scrape lineup: https://www.transfermarkt.co.uk/liverpool-fc_burnley-fc/index/spielbericht/3421851
[3607599] Could not find attributes for mikel vesga (Athletic Club Bilbao, 2021)
[3607599] Failed to build match row: Athletic Club Bilbao vs Real Betis Balompié S.A.D.

Keepers & outfield error for **Leeds United Association Football Club** in Leeds United Association Football Club vs Manchester United Football Club: Numbers: 0 and 11.
[4625969] Failed to build match row: Leeds United Association Football Club vs Manchester United Football Club
[4582272] Could not find attributes for adonis frias (Santos Futebol Clube, 2024)
[4582272] Failed to build match row: Santos Futebol Clube vs Sport Club Corinthians Paulista
[4650513] Could not find attributes for ilya lantratov (Футбольный клуб "Локомотив" Москва, 2025)
[4650513] Failed to build match row: Футбольный клуб "Локомотив" Москва vs Akron Togliatti
[3491229] Could not find attributes for brandon hanlan (Bristol Rovers, 2020)
[3491229] Failed to build match row: Bristol Rovers vs Sheffield United
[3865467] Could not find attributes for martin turk (AC Reggiana 1919, 2022)
[3865467] Failed to build match row: Palermo FC vs AC Reggiana 1919
[4365346] Failed to scrape lineup: https://www.transfermarkt.co.uk/slask-wroclaw_gks-katowice/index/spielbericht/4365346
[4374186] Failed to scrape lineup: https://www.transfermarkt.co.uk/juventus-fc_hellas-verona/index/spielbericht/4374186
[3413059] Could not find attributes for nils petersen (Sport-Club Freiburg, 2020)
[3413059] Failed to build match row: Sport-Club Freiburg vs Arminia Bielefeld
[3607600] Could not find attributes for abde ezzalzouli (Futbol Club Barcelona, 2021)
[3607600] Failed to build match row: Futbol Club Barcelona vs Elche Club de Fútbol S.A.D.
[4582273] Could not find attributes for raniele (Sport Club Corinthians Paulista, 2024)
[4582273] Failed to build match row: Sport Club Corinthians Paulista vs Clube Atlético Mineiro
[3592087] Could not find attributes for tyler morton (Liverpool Football Club, 2021)
[3592087] Failed to build match row: Tottenham Hotspur Football Club vs Liverpool Football Club
[4445445] Could not find attributes for mikulas konecny (SK Slavia Praha, a.s., 2024)
[4445445] Failed to build match row: SK Slavia Praha, a.s. vs Malmö Fotbollförening
[4358787] Could not find attributes for matija gocmanac (Fudbalski Klub Vojvodina, 2024)
[3431924] Failed to scrape lineup: https://www.transfermarkt.co.uk/deportivo-alaves_getafe-cf/index/spielbericht/3431924
[4624585] Could not find attributes for eric hunal (FK Dukla Praha a.s., 2025)
[4808139] Failed to scrape lineup: https://www.transfermarkt.co.uk/spielbericht/index/spielbericht/4808139
[4358787] Failed to build match row: Fudbalski Klub Vojvodina vs Fudbalski Klub Mladost Lučani
[4368944] Could not find attributes for yevgen volynets (FK Polissya Zhytomyr, 2024)
[4624585] Failed to build match row: FK Dukla Praha a.s. vs Bohemians Praha 1905, a.s.
[3639115] Could not find attributes for oleg goncharenko (Feniks-Mariupol, 2021)
[4368944] Failed to build match row: FK Polissya Zhytomyr vs FK Kryvbas Kryvyi Rig
[3639115] Failed to build match row: Feniks-Mariupol vs Metalist Kharkiv
Not enough players found for lineup: 11, 0.
[4160187] Failed to scrape lineup: https://www.transfermarkt.co.uk/spielbericht/index/spielbericht/4160187
[4529118] Could not find attributes for imanol machuca (Club Atlético Vélez Sársfield, 2024)
[4529118] Failed to build match row: Club Atlético Vélez Sársfield vs Club Atlético Platense
[4650514] Could not find attributes for evgeniy latyshonok (AO FK Zenit Sankt-Peterburg, 2025)
[4650514] Failed to build match row: AO FK Zenit Sankt-Peterburg vs RFK Akhmat Grozny

Keepers & outfield error for **Brighton and Hove Albion Football Club** in Manchester City Football Club vs Brighton and Hove Albion Football Club: Numbers: 0 and 11.
[4393423] Failed to scrape lineup: https://www.transfermarkt.co.uk/caykur-rizespor_goztepe/index/spielbericht/4393423
[3421852] Failed to build match row: Manchester City Football Club vs Brighton and Hove Albion Football Club

Keepers & outfield error for **Elche Club de Fútbol S.A.D.** in Girona Fútbol Club S. A. D. vs Elche Club de Fútbol S.A.D.: Numbers: 0 and 11.
[4645988] Failed to build match row: Girona Fútbol Club S. A. D. vs Elche Club de Fútbol S.A.D.
[4634502] Could not find attributes for jahmai simpson pusey (1. Fußball-Club Köln, 2025)
[4634502] Failed to build match row: 1. Fußball-Club Köln vs Bayer 04 Leverkusen Fußball
[3607601] Could not find attributes for aleix vidal (Espanol, 2021)
[4648758] Failed to scrape lineup: https://www.transfermarkt.co.uk/cd-santa-clara_cd-tondela/index/spielbericht/4648758
[3607601] Failed to build match row: Celta vs Espanol
[3413060] Could not find attributes for taiwo awoniyi (1. Fußballclub Union Berlin, 2020)
[3413060] Failed to build match row: 1. Fußballclub Union Berlin vs FC Bayern München
[4582274] Could not find attributes for bruno henrique (Clube de Regatas do Flamengo, 2024)
[3912582] Failed to scrape lineup: https://www.transfermarkt.co.uk/spielbericht/index/spielbericht/3912582
[3971180] Failed to scrape lineup: https://www.transfermarkt.co.uk/spielbericht/index/spielbericht/3971180
[4129497] Failed to scrape lineup: https://www.transfermarkt.co.uk/gaziantep-fk_antalyaspor/index/spielbericht/4129497

Keepers & outfield error for **Royal Sporting Club Anderlecht** in SK Slavia Praha, a.s. vs Royal Sporting Club Anderlecht: Numbers: 2 and 9.
[3457426] Could not find attributes for tosin kehinde (Randers Fodbold Club, 2020)
[4445446] Failed to build match row: SK Slavia Praha, a.s. vs Royal Sporting Club Anderlecht
[3457426] Failed to build match row: Football Club København vs Randers Fodbold Club
[3690527] Could not find attributes for pape souare (Charlton Athletic, 2021)
[3690527] Failed to build match row: Charlton Athletic vs Havant & Waterlooville FC
[3865504] Could not find attributes for nunzio lella (Cagliari Calcio, 2022)
[3889051] Could not find attributes for julian cuesta (Aris Thessalonikis, 2022)
[4358788] Could not find attributes for balsa popovic (Omladinski fudbalski klub Beograd, 2024)
[3889051] Failed to build match row: Aris Thessalonikis vs Omilos Filathlon Irakliou FC
[3865504] Failed to build match row: Cagliari Calcio vs AC Perugia Calcio
[4782525] Could not find attributes for adrian kapralik (Holstein Kiel, 2025)
[4650515] Could not find attributes for nikolay sysuev (FC Orenburg, 2025)
[4358788] Failed to build match row: Omladinski fudbalski klub Beograd vs Fudbalski klub Crvena zvezda Beograd
[4782525] Failed to build match row: Holstein Kiel vs Verein für Bewegungsspiele Stuttgart 1893
[4650515] Failed to build match row: FC Orenburg vs FC Rubin Kazan
[4624586] Could not find attributes for josef kozeluh (FC Slovan Liberec, 2025)
[4405336] Could not find attributes for juma bah (Real Valladolid CF, 2024)
[4405336] Failed to build match row: Real Valladolid CF vs Real Sociedad de Fútbol S.A.D.
[4624586] Failed to build match row: FC Slovan Liberec vs SK Slavia Praha, a.s.

Keepers & outfield error for **Granada CF** in Club Atlético de Madrid S.A.D. vs Granada CF: Numbers: 0 and 11.
[3431925] Failed to build match row: Club Atlético de Madrid S.A.D. vs Granada CF
[3413061] Could not find attributes for sava arangel cestic (1. Fußball-Club Köln, 2020)
[3413061] Failed to build match row: 1. Fußball- und Sportverein Mainz 05 vs 1. Fußball-Club Köln
[4641340] Failed to scrape lineup: https://www.transfermarkt.co.uk/zulte-waregem_rsc-anderlecht/index/spielbericht/4641340

Keepers & outfield error for **UD Almería** in UD Almería vs Sevilla Fútbol Club S.A.D.: Numbers: 2 and 9.
[4374187] Failed to scrape lineup: https://www.transfermarkt.co.uk/ac-milan_ss-lazio/index/spielbericht/4374187
[4506886] Failed to build match row: UD Almería vs Sevilla Fútbol Club S.A.D.
[3971181] Could not find attributes for ilya pomazun (Ural Yekaterinburg, 2022)
[4582275] Could not find attributes for jemmes (Mirasol Futebol Clube, 2024)
[3971181] Failed to build match row: Ural Yekaterinburg vs FK Rostov
[4582275] Failed to build match row: Mirasol Futebol Clube vs Club de Regatas Vasco da Gama
[4648759] Could not find attributes for joao moutinho (Sporting Clube de Braga, 2025)
[4648759] Failed to build match row: Sporting Clube de Braga vs Clube Desportivo Nacional
[3598393] Could not find attributes for darko lemajic (Koninklijke Atletiek Associatie Gent, 2021)
[3598393] Failed to build match row: Koninklijke Atletiek Associatie Gent vs Royal Antwerp Football Club
[3457427] Could not find attributes for kamil grabara (Aarhus Gymnastik Forening, 2020)
[3457427] Failed to build match row: Aarhus Gymnastik Forening vs Fodbold Club Midtjylland

Keepers & outfield error for **Futbol Club Barcelona** in Futbol Club Barcelona vs Villarreal Club de Fútbol S.A.D.: Numbers: 0 and 11.
[3431926] Failed to build match row: Futbol Club Barcelona vs Villarreal Club de Fútbol S.A.D.
[4782526] Could not find attributes for tomoya ando (Fußball-Club St. Pauli von 1910, 2025)
[4782526] Failed to build match row: Bayer 04 Leverkusen Fußball vs Fußball-Club St. Pauli von 1910
[3639116] Failed to scrape lineup: https://www.transfermarkt.co.uk/spielbericht/index/spielbericht/3639116
[4529121] Failed to scrape lineup: https://www.transfermarkt.co.uk/ca-river-plate_instituto-acc/index/spielbericht/4529121
[3851165] Failed to scrape lineup: https://www.transfermarkt.co.uk/krc-genk_kvc-westerlo/index/spielbericht/3851165
[3491230] Could not find attributes for lasse sorensen (Milton Keynes Dons, 2020)
[3491230] Failed to build match row: Burnley Football Club vs Milton Keynes Dons
[3889052] Could not find attributes for boris kleyman (Volou Neos Podosferikos Syllogos, 2022)
[4368945] Could not find attributes for denys marchenko (FK Obolon Kyiv, 2024)
[4103561] Could not find attributes for nikola krstovic (Unione Sportiva Lecce, 2023)
[4624587] Could not find attributes for jan kral (SK Sigma Olomouc, a.s., 2025)
[4368945] Failed to build match row: FK Obolon Kyiv vs Livyi Bereg Kyiv
[3889052] Failed to build match row: Volou Neos Podosferikos Syllogos vs Panathinaikos Athlitikos Omilos
[4103561] Failed to build match row: Udinese Calcio vs Unione Sportiva Lecce
[4624587] Failed to build match row: SK Sigma Olomouc, a.s. vs FK Teplice, a.s.
[4129498] Could not find attributes for nazim sangare (Fatih Karagümrük Sportif Faaliyetler San. Tic. A.Ş., 2023)
[4129498] Failed to build match row: Fatih Karagümrük Sportif Faaliyetler San. Tic. A.Ş. vs Adana Demirspor

Keepers & outfield error for **Associazione Sportiva Roma** in Associazione Sportiva Roma vs Genoa Cricket and Football Club: Numbers: 0 and 11.
[3614763] Failed to build match row: Associazione Sportiva Roma vs Genoa Cricket and Football Club
[3971182] Could not find attributes for matvey safonov (FK Krasnodar, 2022)
[3971182] Failed to build match row: FK Krasnodar vs PFK CSKA Moskva

Keepers & outfield error for **Wolverhampton Wanderers Football Club** in Wolverhampton Wanderers Football Club vs West Ham United Football Club: Numbers: 0 and 11.
[4625973] Failed to build match row: Wolverhampton Wanderers Football Club vs West Ham United Football Club
[4405337] Failed to scrape lineup: https://www.transfermarkt.co.uk/ca-osasuna_ud-las-palmas/index/spielbericht/4405337
[4113000] Failed to scrape lineup: https://www.transfermarkt.co.uk/deportivo-alaves_rayo-vallecano/index/spielbericht/4113000
[4096132] Failed to scrape lineup: https://www.transfermarkt.co.uk/eintracht-frankfurt_1-fsv-mainz-05/index/spielbericht/4096132
[4160188] Could not find attributes for mathijs swaneveld (Sparta Nijkerk, 2023)
[4414091] Could not find attributes for oleksandr postemskyi (FC Uzhgorod, 2024)
[4808140] Could not find attributes for tom ritchie (Elgin City FC, 2025)
[4160188] Failed to build match row: Sparta Nijkerk vs GVV Unitas

Keepers & outfield error for **CD Eldense** in CD Eldense vs Valencia Club de Fútbol S. A. D.: Numbers: 0 and 11.
[4414091] Failed to build match row: FC Uzhgorod vs PFC Prykarpattya Ivano-Frankivsk
[4808140] Failed to build match row: Elgin City FC vs Partick Thistle FC
l S. A. D.
[4093504] Failed to scrape lineup: https://www.transfermarkt.co.uk/spielbericht/index/spielbericht/4093504
[4445447] Failed to scrape lineup: https://www.transfermarkt.co.uk/spielbericht/index/spielbericht/4445447
[4219005] Could not find attributes for martial godo (Wigan Athletic, 2023)
[4219005] Failed to build match row: Exeter City vs Wigan Athletic

Keepers & outfield error for **Wolverhampton Wanderers Football Club** in Wolverhampton Wanderers Football Club vs Chelsea Football Club: Numbers: 0 and 11.
[3592090] Failed to build match row: Wolverhampton Wanderers Football Club vs Chelsea Football Club

Keepers & outfield error for **Leicester City** in Leicester City vs Manchester United Football Club: Numbers: 0 and 11.
[3837858] Failed to build match row: Leicester City vs Manchester United Football Club
[4650516] Could not find attributes for ivan lomaev (FK Sochi, 2025)
[4650516] Failed to build match row: FK Sochi vs FK Dinamo Moskva
[3607603] Failed to scrape lineup: https://www.transfermarkt.co.uk/granada-cf_rcd-mallorca/index/spielbericht/3607603
[3421854] Failed to scrape lineup: https://www.transfermarkt.co.uk/aston-villa_everton-fc/index/spielbericht/3421854

Keepers & outfield error for **Olympiakos Syndesmos Filathlon Peiraios** in Olympiakos Syndesmos Filathlon Peiraios vs Athlitiki Enosi Konstantinoupoleos: Numbers: 2 and 9.
[4529243] Failed to build match row: Olympiakos Syndesmos Filathlon Peiraios vs Athlitiki Enosi Konstantinoupoleos
Not enough players found for lineup: 0, 0.
[4160189] Failed to scrape lineup: https://www.transfermarkt.co.uk/spielbericht/index/spielbericht/4160189
[4374188] Failed to scrape lineup: https://www.transfermarkt.co.uk/ac-monza_torino-fc/index/spielbericht/4374188

Keepers & outfield error for **AVS Futebol SAD** in Club Football Estrela da Amadora vs AVS Futebol SAD: Numbers: 0 and 11.
[3912584] Failed to scrape lineup: https://www.transfermarkt.co.uk/spielbericht/index/spielbericht/3912584
[4648761] Failed to build match row: Club Football Estrela da Amadora vs AVS Futebol SAD
[4368946] Could not find attributes for artur rudko (Chornomorets Odesa, 2024)
[4365347] Could not find attributes for lubomir tupta (Widzew Łódź Spółka Akcyjna, 2024)
[4368946] Failed to build match row: Chornomorets Odesa vs FC Oleksandriya
[4365347] Failed to build match row: Widzew Łódź Spółka Akcyjna vs Motor Lublin Spółka Akcyjna

Keepers & outfield error for **SD Eibar** in SD Eibar vs Athletic Club Bilbao: Numbers: 2 and 9.
[3431928] Failed to build match row: SD Eibar vs Athletic Club Bilbao
[3639117] Could not find attributes for vadym soldatenko (Peremoga Dnipro, 2021)
[3639117] Failed to build match row: Peremoga Dnipro vs Girnyk-Sport Gorishni Plavni
[4582276] Could not find attributes for raniele (Sport Club Corinthians Paulista, 2024)
[4582276] Failed to build match row: Sport Club Corinthians Paulista vs Sociedade Esportiva Palmeiras
[4096134] Could not find attributes for max finkgrafe (1. Fußball-Club Köln, 2023)
[4096134] Failed to build match row: Verein für Leibesübungen Wolfsburg vs 1. Fußball-Club Köln
[4445448] Could not find attributes for roi mishpati (Maccabi Tel Aviv, 2024)
[4445448] Failed to build match row: Fotballklubben Bodø/Glimt vs Maccabi Tel Aviv

Keepers & outfield error for **SD Eibar** in SD Eibar vs Elche Club de Fútbol S.A.D.: Numbers: 0 and 11.
[4358789] Failed to scrape lineup: https://www.transfermarkt.co.uk/fk-jedinstvo-ub_red-star-belgrade/index/spielbericht/4358789
[4784338] Failed to build match row: SD Eibar vs Elche Club de Fútbol S.A.D.
[4650517] Could not find attributes for nikita kokarev (PFK Krylya Sovetov Samara, 2025)
[4624588] Could not find attributes for jakub lapes (MFK Karvina, 2025)
[4650517] Failed to build match row: PFK Krylya Sovetov Samara vs FK Krasnodar
[4624588] Failed to build match row: MFK Karvina vs FK Jablonec a.s.
[3690528] Could not find attributes for kwesi appiah (Crawley Town, 2021)
[3690528] Failed to build match row: Crawley Town vs Tranmere Rovers
[3457428] Could not find attributes for victor mpindi (Sønderjyske Fodbold, 2020)
[3457428] Failed to build match row: Odense Boldklub vs Sønderjyske Fodbold

Keepers & outfield error for **Olympiakos Syndesmos Filathlon Peiraios** in Athlitiki Enosi Konstantinoupoleos vs Olympiakos Syndesmos Filathlon Peiraios: Numbers: 2 and 9.
[4529265] Failed to build match row: Athlitiki Enosi Konstantinoupoleos vs Olympiakos Syndesmos Filathlon Peiraios
[4705970] Could not find attributes for dmytro lutsyuk (Kolos Polonne, 2025)
[4705970] Failed to build match row: Kolos Polonne vs Naftovyk Dolyna

Keepers & outfield error for **Futbol Club Barcelona** in Futbol Club Barcelona vs Getafe Club de Fútbol S. A. D. Team Dubai: Numbers: 0 and 11.
[4405339] Failed to build match row: Futbol Club Barcelona vs Getafe Club de Fútbol S. A. D. Team Dubai
[4634513] Could not find attributes for bara sapoko ndiaye (FC Bayern München, 2025)
[4445449] Could not find attributes for philip zinckernagel (Fotballklubben Bodø/Glimt, 2024)
[3584520] Failed to scrape lineup: https://www.transfermarkt.co.uk/spielbericht/index/spielbericht/3584520
[4445449] Failed to build match row: Fotballklubben Bodø/Glimt vs Qarabağ FK
[3865506] Failed to scrape lineup: https://www.transfermarkt.co.uk/spielbericht/index/spielbericht/3865506
[4634513] Failed to build match row: FC Bayern München vs 1. Fußballclub Heidenheim 1846
[3889053] Could not find attributes for lefteris choutesiotis (Ionikos Nikeas, 2022)

Keepers & outfield error for **Southampton FC** in Crystal Palace Football Club vs Southampton FC: Numbers: 2 and 9.
[3889053] Failed to build match row: Ionikos Nikeas vs Panetolikos Agrinio
[4720656] Failed to scrape lineup: https://www.transfermarkt.co.uk/spielbericht/index/spielbericht/4720656
[4625976] Failed to scrape lineup: https://www.transfermarkt.co.uk/spielbericht/index/spielbericht/4625976
[3974018] Failed to build match row: Crystal Palace Football Club vs Southampton FC
[3851166] Could not find attributes for dapo mebude (KV Oostende, 2022)
[3851166] Failed to build match row: Royal Antwerp Football Club vs KV Oostende
[4096135] Could not find attributes for anthony losilla (VfL Bochum, 2023)

Keepers & outfield error for **Cádiz CF** in Cádiz CF vs Sevilla Fútbol Club S.A.D.: Numbers: 2 and 9.
[4096135] Failed to build match row: Borussia Dortmund vs VfL Bochum
[3431929] Failed to build match row: Cádiz CF vs Sevilla Fútbol Club S.A.D.
[3840080] Could not find attributes for ibrahim amadou (Angers Sporting Club de l'Ouest, 2022)
[3840080] Failed to build match row: Association sportive de Monaco Football Club vs Angers Sporting Club de l'Ouest
[4582277] Could not find attributes for matheus martins (S. A. F. Botafogo, 2024)
[4093505] Failed to scrape lineup: https://www.transfermarkt.co.uk/spielbericht/index/spielbericht/4093505
[3592091] Failed to scrape lineup: https://www.transfermarkt.co.uk/arsenal-fc_newcastle-united/index/spielbericht/3592091
[4393424] Failed to scrape lineup: https://www.transfermarkt.co.uk/samsunspor_sivasspor/index/spielbericht/4393424
[4582277] Failed to build match row: S. A. F. Botafogo vs Sociedade Esportiva Palmeiras
[4103563] Failed to scrape lineup: https://www.transfermarkt.co.uk/fc-empoli_atalanta-bc/index/spielbericht/4103563
[3440228] Failed to scrape lineup: https://www.transfermarkt.co.uk/ofi-crete-fc_panetolikos-gfs/index/spielbericht/3440228
[4129500] Failed to scrape lineup: https://www.transfermarkt.co.uk/fenerbahce_hatayspor/index/spielbericht/4129500

Keepers & outfield error for **Club Atlético Belgrano** in Club Atlético Belgrano vs Club Atlético Huracán: Numbers: 2 and 9.
[3421855] Failed to scrape lineup: https://www.transfermarkt.co.uk/fulham-fc_chelsea-fc/index/spielbericht/3421855
[4529321] Failed to build match row: Club Atlético Belgrano vs Club Atlético Huracán
[4624589] Could not find attributes for jachym serak (FK Pardubice, 2025)
[3607604] Failed to scrape lineup: https://www.transfermarkt.co.uk/levante-ud_valencia-cf/index/spielbericht/3607604
[4414092] Could not find attributes for vitaliy zhupanskyi (Nyva Ternopil, 2024)
[3457429] Could not find attributes for jores okore (Aalborg BK, 2020)
[4624589] Failed to build match row: FK Pardubice vs 1. FC Slovácko
[3457429] Failed to build match row: Aalborg BK vs Fodbold Club Nordsjælland
[4414092] Failed to build match row: Nyva Ternopil vs Bukovyna Chernivtsi
[3889054] Could not find attributes for matej markovic (APO Levadiakos Football Club, 2022)
[3889054] Failed to build match row: APO Levadiakos Football Club vs APS Atromitos Athinon
[4160190] Failed to scrape lineup: https://www.transfermarkt.co.uk/spielbericht/index/spielbericht/4160190
[3912585] Could not find attributes for hector yuste (Omonia Nicosia, 2022)
[3912585] Failed to build match row: Manchester United Football Club vs Omonia Nicosia
[4374189] Failed to scrape lineup: https://www.transfermarkt.co.uk/ssc-napoli_inter-milan/index/spielbericht/4374189
[4808141] Could not find attributes for nicky jamieson (Stenhousemuir FC, 2025)
[4808141] Failed to build match row: Stenhousemuir FC vs Falkirk Football & Athletic Club
[4648762] Failed to scrape lineup: https://www.transfermarkt.co.uk/moreirense-fc_casa-pia-ac/index/spielbericht/4648762
[4113002] Failed to scrape lineup: https://www.transfermarkt.co.uk/cadiz-cf_atletico-de-madrid/index/spielbericht/4113002
[4365348] Failed to scrape lineup: https://www.transfermarkt.co.uk/gks-katowice_legia-warszawa/index/spielbericht/4365348

Keepers & outfield error for **Pisa Sporting Club** in Pisa Sporting Club vs Brescia Calcio: Numbers: 0 and 11.
[4368947] Failed to scrape lineup: https://www.transfermarkt.co.uk/karpaty-lviv_zorya-lugansk/index/spielbericht/4368947
[3865507] Failed to build match row: Pisa Sporting Club vs Brescia Calcio
[4362832] Failed to scrape lineup: https://www.transfermarkt.co.uk/liverpool-fc_west-ham-united/index/spielbericht/4362832
[4506888] Could not find attributes for david affengruber (Elche Club de Fútbol S.A.D., 2024)
[4506888] Failed to build match row: Elche Club de Fútbol S.A.D. vs UD Las Palmas
[3639118] Failed to scrape lineup: https://www.transfermarkt.co.uk/spielbericht/index/spielbericht/3639118
[4219006] Could not find attributes for nathan cameron (Hereford FC, 2023)
[4219006] Failed to build match row: Hereford FC vs Gillingham FC
div, 2021)
[3584521] Failed to build match row: Lokomotiv Plovdiv vs 1. FC Slovácko
[3491231] Could not find attributes for yann songoo (Morecambe FC, 2020)
[3491231] Failed to build match row: Chelsea Football Club vs Morecambe FC
[4582278] Could not find attributes for alex muralha (Mirasol Futebol Clube, 2024)
[4582278] Failed to build match row: Mirasol Futebol Clube vs Sport Club Internacional

Keepers & outfield error for **Brentford Football Club** in Brentford Football Club vs Everton Football Club: Numbers: 0 and 11.
[3592092] Failed to build match row: Brentford Football Club vs Everton Football Club
Not enough players found for lineup: 0, 11.
[4358790] Failed to scrape lineup: https://www.transfermarkt.co.uk/ofk-beograd_fk-mladost-lucani/index/spielbericht/4358790
[4160193] Failed to scrape lineup: https://www.transfermarkt.co.uk/spielbericht/index/spielbericht/4160193
[4650518] Failed to scrape lineup: https://www.transfermarkt.co.uk/spielbericht/index/spielbericht/4650518
[4093506] Could not find attributes for lazar carevic (Fudbalski Klub Vojvodina, 2023)
[4093506] Failed to build match row: APOEL Nicosia vs Fudbalski Klub Vojvodina
[4784340] Could not find attributes for agus moreno (CD Guadalajara, 2025)
[3457430] Could not find attributes for brian hamalainen (Lyngby Boldklub, 2020)
[4784340] Failed to build match row: CD Guadalajara vs Futbol Club Barcelona
[3457430] Failed to build match row: Lyngby Boldklub vs AC Horsens
[4365349] Could not find attributes for matus kmet (Klub Sportowy Górnik Zabrze Sportowa Spółka Akcyjna, 2024)
[4365349] Failed to build match row: Klub Sportowy Górnik Zabrze Sportowa Spółka Akcyjna vs Widzew Łódź Spółka Akcyjna

Keepers & outfield error for **Brighton and Hove Albion Football Club** in Leeds United Association Football Club vs Brighton and Hove Albion Football Club: Numbers: 0 and 11.
[3421856] Failed to build match row: Leeds United Association Football Club vs Brighton and Hove Albion Football Club

Keepers & outfield error for **Calcio Como** in Associazione Sportiva Roma vs Calcio Como: Numbers: 2 and 9.
[4374190] Failed to build match row: Associazione Sportiva Roma vs Calcio Como
[4358791] Could not find attributes for matija gocmanac (Fudbalski Klub Vojvodina, 2024)
[4358791] Failed to build match row: Fudbalski Klub Vojvodina vs FK Tekstilac Odzaci
[4582279] Could not find attributes for adonis frias (Santos Futebol Clube, 2024)
[4641342] Failed to scrape lineup: https://www.transfermarkt.co.uk/fcv-dender-eh_sint-truidense-vv/index/spielbericht/4641342
[4705971] Failed to scrape lineup: https://www.transfermarkt.co.uk/spielbericht/index/spielbericht/4705971
[4582279] Failed to build match row: Santos Futebol Clube vs Esporte Clube Vitória
[4650519] Could not find attributes for vadim lukyanov (FK Nizhny Novgorod, 2025)
[4445450] Failed to scrape lineup: https://www.transfermarkt.co.uk/spielbericht/index/spielbericht/4445450
[4405340] Failed to scrape lineup: https://www.transfermarkt.co.uk/girona-fc_rayo-vallecano/index/spielbericht/4405340
[3974019] Failed to scrape lineup: https://www.transfermarkt.co.uk/spielbericht/index/spielbericht/3974019
[4096136] Failed to scrape lineup: https://www.transfermarkt.co.uk/tsg-1899-hoffenheim_1-fc-heidenheim-1846/index/spielbericht/4096136
[3584522] Could not find attributes for ivica ivusic (NK Osijek s.d.d., 2021)
[4650519] Failed to build match row: FK Nizhny Novgorod vs Dinamo Makhachkala

Keepers & outfield error for **Turn- und Sportgemeinschaft 1899 Hoffenheim Fußball-Spielbetriebs** in Turn- und Sportgemeinschaft 1899 Hoffenheim Fußball-Spielbetriebs vs Verein für Leibesübungen Wolfsburg: Numbers: 2 and 9.
[3840081] Failed to scrape lineup: https://www.transfermarkt.co.uk/fc-lorient_ogc-nice/index/spielbericht/3840081
[3584522] Failed to build match row: Morski Klub Sportowy Pogoń Szczecin vs NK Osijek s.d.d.
[3598398] Could not find attributes for lior refaelov (Royal Sporting Club Anderlecht, 2021)
[3413065] Failed to build match row: Turn- und Sportgemeinschaft 1899 Hoffenheim Fußball-Spielbetriebs vs Verein für Leibesübungen Wolfsburg
[3851168] Could not find attributes for vadis odjidja ofoe (Koninklijke Atletiek Associatie Gent, 2022)
[3598398] Failed to build match row: Royal Sporting Club Anderlecht vs Sportvereniging Zulte Waregem
[3851168] Failed to build match row: Royale Union Saint-Gilloise vs Koninklijke Atletiek Associatie Gent
[4645992] Failed to scrape lineup: https://www.transfermarkt.co.uk/elche-cf_getafe-cf/index/spielbericht/4645992
[3457431] Could not find attributes for saeed ezatolahi (Vejle Boldklub, 2020)
[3457431] Failed to build match row: Vejle Boldklub vs Brøndby Idrætsforening
[3421857] Could not find attributes for marc albrighton (Leicester City, 2020)
[3421857] Failed to build match row: Leicester City vs Southampton FC
[3440229] Failed to scrape lineup: https://www.transfermarkt.co.uk/paok-thessaloniki_ae-larisa/index/spielbericht/3440229
[4103564] Failed to scrape lineup: https://www.transfermarkt.co.uk/genoa-cfc_us-salernitana-1919/index/spielbericht/4103564
[4414093] Failed to scrape lineup: https://www.transfermarkt.co.uk/spielbericht/index/spielbericht/4414093
[4129501] Failed to scrape lineup: https://www.transfermarkt.co.uk/sivasspor_kasimpasa/index/spielbericht/4129501
[3889055] Failed to scrape lineup: https://www.transfermarkt.co.uk/olympiacos-piraeus_pas-lamia-1964/index/spielbericht/3889055
[4624590] Failed to scrape lineup: https://www.transfermarkt.co.uk/sk-slavia-prague_fk-dukla-prague/index/spielbericht/4624590
[3690529] Could not find attributes for josh gould (Ebbsfleet United, 2021)
lub-deportivo-riestra/index/spielbericht/4529322
[3607605] Failed to scrape lineup: https://www.transfermarkt.co.uk/real-madrid_cadiz-cf/index/spielbericht/3607605
[3690529] Failed to build match row: Leyton Orient vs Ebbsfleet United

Keepers & outfield error for **Deportivo Toluca Futbol Club, S. A. de C. V.** in Club de Futbol Puebla de La Franja vs Deportivo Toluca Futbol Club, S. A. de C. V.: Numbers: 0 and 11.
[3912586] Failed to scrape lineup: https://www.transfermarkt.co.uk/spielbericht/index/spielbericht/3912586
[4808223] Failed to build match row: Club de Futbol Puebla de La Franja vs Deportivo Toluca Futbol Club, S. A. de C. V.
[4720657] Could not find attributes for pontus texel (Kolding IF, 2025)
[4648763] Failed to scrape lineup: https://www.transfermarkt.co.uk/sporting-cp_casa-pia-ac/index/spielbericht/4648763
[4720657] Failed to build match row: Kolding IF vs Fodbold Club Nordsjælland
[4358792] Could not find attributes for nemanja calasan (Fudbalski Klub Spartak Ždrepčeva krv, 2024)
[4358792] Failed to build match row: Fudbalski Klub Spartak Ždrepčeva krv vs Fudbalski Klub Novi Pazar
[4368948] Failed to scrape lineup: https://www.transfermarkt.co.uk/zorya-lugansk_polissya-zhytomyr/index/spielbericht/4368948
[4625977] Could not find attributes for ardit nika (FC Prishtina, 2025)
[4113003] Failed to scrape lineup: https://www.transfermarkt.co.uk/real-madrid_celta-de-vigo/index/spielbericht/4113003
[3865508] Failed to scrape lineup: https://www.transfermarkt.co.uk/spielbericht/index/spielbericht/3865508

Keepers & outfield error for **Clube Atlético Mineiro** in Fluminense Football Club vs Clube Atlético Mineiro: Numbers: 0 and 11.
[3837862] Failed to scrape lineup: https://www.transfermarkt.co.uk/liverpool-fc_newcastle-united/index/spielbericht/3837862
[4362833] Failed to scrape lineup: https://www.transfermarkt.co.uk/manchester-city_crystal-palace/index/spielbericht/4362833
[4582280] Failed to build match row: Fluminense Football Club vs Clube Atlético Mineiro
[4625977] Failed to build match row: FC Prishtina vs Larne FC
[3431930] Could not find attributes for raul navas (Club Atlético Osasuna, 2020)
[3431930] Failed to build match row: Club Atlético Osasuna vs Levante Unión Deportiva S.A.D.

Keepers & outfield error for **Levante Unión Deportiva S.A.D.** in Levante Unión Deportiva S.A.D. vs Real Club Deportivo Mallorca S.A.D.: Numbers: 0 and 11.
[4645993] Failed to build match row: Levante Unión Deportiva S.A.D. vs Real Club Deportivo Mallorca S.A.D.
[4506889] Failed to scrape lineup: https://www.transfermarkt.co.uk/spielbericht/index/spielbericht/4506889
[3491232] Failed to scrape lineup: https://www.transfermarkt.co.uk/spielbericht/index/spielbericht/3491232
[4650520] Could not find attributes for vladislav torop (PFK CSKA Moskva, 2025)
[3457432] Could not find attributes for brian hamalainen (Lyngby Boldklub, 2020)
[4365351] Could not find attributes for bujar pllana (Klub Sportowy Lechia Gdańsk, 2024)
[4160194] Failed to scrape lineup: https://www.transfermarkt.co.uk/spielbericht/index/spielbericht/4160194
[3457432] Failed to build match row: Brøndby Idrætsforening vs Lyngby Boldklub
[4365351] Failed to build match row: Klub Sportowy Lechia Gdańsk vs Gliwicki Klub Sportowy Piast Spółka Akcyjna
[4650520] Failed to build match row: PFK CSKA Moskva vs FK Baltika
[3840082] Could not find attributes for maximiliano caufriez (Clermont Foot 63, 2022)
[3840082] Failed to build match row: Football Club de Nantes vs Clermont Foot 63
[4393425] Could not find attributes for osman kaynak (Adana Demirspor, 2024)
[4393425] Failed to build match row: Adana Demirspor vs Hatayspor
[4784341] Failed to scrape lineup: https://www.transfermarkt.co.uk/spielbericht/index/spielbericht/4784341
[4374192] Could not find attributes for jeff ekhator (Genoa Cricket and Football Club, 2024)
[3889056] Could not find attributes for vasilios athanasiou (PAS Giannina, 2022)
[4374192] Failed to build match row: Cagliari Calcio vs Genoa Cricket and Football Club

Keepers & outfield error for **Valencia Club de Fútbol S. A. D.** in Valencia Club de Fútbol S. A. D. vs Getafe Club de Fútbol S. A. D. Team Dubai: Numbers: 2 and 9.
[3889056] Failed to build match row: PAS Giannina vs A.G.S Asteras Tripolis
[3639119] Could not find attributes for yevgeniy moroz (FK Sumy, 2021)
[4113004] Failed to build match row: Valencia Club de Fútbol S. A. D. vs Getafe Club de Fútbol S. A. D. Team Dubai
[3639119] Failed to build match row: FK Sumy vs MFC Metalurg Zaporizhya
[4368949] Could not find attributes for artem shabanov (FC Oleksandriya, 2024)
[4648764] Could not find attributes for joao moutinho (Sporting Clube de Braga, 2025)
[4368949] Failed to build match row: FC Oleksandriya vs NK Veres Rivne
[4648764] Failed to build match row: Clube Desportivo de Tondela vs Sporting Clube de Braga

Keepers & outfield error for **Manchester United Football Club** in Chelsea Football Club vs Manchester United Football Club: Numbers: 2 and 9.
[3974020] Failed to scrape lineup: https://www.transfermarkt.co.uk/spielbericht/index/spielbericht/3974020
[4096137] Failed to scrape lineup: https://www.transfermarkt.co.uk/1-fc-union-berlin_sv-darmstadt-98/index/spielbericht/4096137
[3592095] Failed to build match row: Chelsea Football Club vs Manchester United Football Club
[4634516] Failed to scrape lineup: https://www.transfermarkt.co.uk/sc-freiburg_vfl-wolfsburg/index/spielbericht/4634516
[3413067] Could not find attributes for makoto hasebe (Eintracht Frankfurt Fußball AG, 2020)
[3457433] Could not find attributes for jores okore (Aalborg BK, 2020)
[4529325] Could not find attributes for keylor navas (Club Atlético Newell’s Old Boys, 2024)
[4625978] Could not find attributes for rohan ferguson (Larne FC, 2025)
[3457433] Failed to build match row: Fodbold Club Midtjylland vs Aalborg BK
[3413067] Failed to build match row: Eintracht Frankfurt Fußball AG vs Verein für Bewegungsspiele Stuttgart 1893
[4529325] Failed to build match row: Club Atlético Newell’s Old Boys vs Club Atlético Aldosivi
[4625978] Failed to build match row: Larne FC vs FC Prishtina

Keepers & outfield error for **Alaves** in Alaves vs Athletic Club Bilbao: Numbers: 2 and 9.

Keepers & outfield error for **Clube Atlético Mineiro** in Clube Atlético Mineiro vs Red Bull Bragantino: Numbers: 0 and 11.
[4219008] Could not find attributes for daniel mandroiu (Lincoln City, 2023)
[3441588] Failed to build match row: Alaves vs Athletic Club Bilbao
[4365352] Could not find attributes for gasper tratnik (Motor Lublin Spółka Akcyjna, 2024)
[4582281] Failed to build match row: Clube Atlético Mineiro vs Red Bull Bragantino
[4365352] Failed to build match row: Motor Lublin Spółka Akcyjna vs Klub Sportowy Cracovia Spółka Akcyjna
[3690530] Could not find attributes for brooklyn ilunga (Milton Keynes Dons, 2021)
[4219008] Failed to build match row: Lincoln City vs Morecambe FC
[3690530] Failed to build match row: Milton Keynes Dons vs Stevenage FC
Not enough players found for lineup: 0, 0.
[4160195] Failed to scrape lineup: https://www.transfermarkt.co.uk/spielbericht/index/spielbericht/4160195
[4093507] Could not find attributes for daniel naumov (CSKA 1948, 2023)
[4093507] Failed to build match row: CSKA 1948 vs SC Fotbal Club FCSB SA
[4650521] Could not find attributes for aleksandr vasyutin (Akron Togliatti, 2025)
[4650521] Failed to build match row: Akron Togliatti vs Футбольный клуб "Локомотив" Москва
[3912587] Could not find attributes for dumitru celeadnic (FC Sheriff Tiraspol, 2022)
[3912587] Failed to build match row: Real Sociedad de Fútbol S.A.D. vs FC Sheriff Tiraspol
[4720658] Failed to scrape lineup: https://www.transfermarkt.co.uk/spielbericht/index/spielbericht/4720658
[3889057] Could not find attributes for nikolaos papadopoulos (A.G.S Asteras Tripolis, 2022)
[4624591] Failed to scrape lineup: https://www.transfermarkt.co.uk/bohemians-prague-1905_sk-sigma-olomouc/index/spielbericht/4624591

Keepers & outfield error for **Athletic Club Bilbao** in Athletic Club Bilbao vs Futbol Club Barcelona: Numbers: 2 and 9.
[4113005] Failed to build match row: Athletic Club Bilbao vs Futbol Club Barcelona
[3889057] Failed to build match row: A.G.S Asteras Tripolis vs Athlitiki Enosi Konstantinoupoleos
[4648765] Could not find attributes for jakub brabec (Rio Ave Futebol Clube, 2025)
[4648765] Failed to build match row: Rio Ave Futebol Clube vs Sport Lisboa e Benfica
[4358793] Failed to scrape lineup: https://www.transfermarkt.co.uk/fk-radnicki-nis_fk-cukaricki/index/spielbericht/4358793
[4368950] Could not find attributes for oleksiy palamarchuk (Ingulets Petrove, 2024)
[3865509] Failed to scrape lineup: https://www.transfermarkt.co.uk/spielbericht/index/spielbericht/3865509
[3598400] Failed to scrape lineup: https://www.transfermarkt.co.uk/kv-oostende-2024-_royal-antwerp-fc/index/spielbericht/3598400
[4368950] Failed to build match row: FC Shakhtar Donetsk vs Ingulets Petrove

Keepers & outfield error for **Real Valladolid CF** in Real Valladolid CF vs Celta: Numbers: 2 and 9.
[3431932] Failed to build match row: Real Valladolid CF vs Celta
[3837863] Could not find attributes for cheikhou kouyate (Nottingham Forest Football Club, 2022)
[3837863] Failed to build match row: Manchester City Football Club vs Nottingham Forest Football Club
[4096138] Could not find attributes for tim kleindienst (1. Fußballclub Heidenheim 1846, 2023)
[4096138] Failed to build match row: 1. Fußballclub Heidenheim 1846 vs Borussia Dortmund
[4414094] Could not find attributes for volodymyr sharun (Revera 1908 Ivano-Frankivsk, 2024)
[3457434] Could not find attributes for victor mpindi (Sønderjyske Fodbold, 2020)
[4414094] Failed to build match row: Revera 1908 Ivano-Frankivsk vs Podillya Khmelnytskyi
[3457434] Failed to build match row: Sønderjyske Fodbold vs Football Club København
[4650522] Could not find attributes for artur nigmatullin (FC Rubin Kazan, 2025)
[4650522] Failed to build match row: FC Rubin Kazan vs AO FK Zenit Sankt-Peterburg
[4705972] Could not find attributes for dmytro rudyk (Agrotekh Tyshkivka, 2025)
[4705972] Failed to build match row: Agrotekh Tyshkivka vs Epicentr Dunaivtsi
[4405342] Failed to scrape lineup: https://www.transfermarkt.co.uk/sevilla-fc_real-valladolid-cf/index/spielbericht/4405342
[4506890] Failed to scrape lineup: https://www.transfermarkt.co.uk/spielbericht/index/spielbericht/4506890
[4103566] Failed to scrape lineup: https://www.transfermarkt.co.uk/juventus-fc_hellas-verona/index/spielbericht/4103566
[4634517] Could not find attributes for jovan milosevic (Sportverein Werder Bremen von 1899, 2025)
[4634517] Failed to build match row: Sportverein Werder Bremen von 1899 vs Fußball-Club Augsburg 1907

Keepers & outfield error for **Calcio Como** in Calcio Como vs Venezia FC: Numbers: 2 and 9.
[4374193] Failed to build match row: Calcio Como vs Venezia FC
[4582282] Could not find attributes for raniele (Sport Club Corinthians Paulista, 2024)
[4582282] Failed to build match row: Sport Club Corinthians Paulista vs Esporte Clube Bahia
[4808224] Could not find attributes for adalberto carrasquilla (Club Universidad Nacional A. C., 2025)
[4808224] Failed to build match row: Club Universidad Nacional A. C. vs Club Santos Laguna S. A. de C. V.
[4129502] Could not find attributes for louka prip (Konyaspor, 2023)
[4129502] Failed to build match row: Konyaspor vs Pendikspor

Keepers & outfield error for **Real Betis Balompié S.A.D.** in Club Atlético de Madrid S.A.D. vs Real Betis Balompié S.A.D.: Numbers: 0 and 11.

Keepers & outfield error for **Villarreal Club de Fútbol S.A.D.** in Espanol vs Villarreal Club de Fútbol S.A.D.: Numbers: 0 and 11.
[3584524] Failed to scrape lineup: https://www.transfermarkt.co.uk/spielbericht/index/spielbericht/3584524
[4405343] Failed to build match row: Espanol vs Villarreal Club de Fútbol S.A.D.
[4113006] Failed to build match row: Club Atlético de Madrid S.A.D. vs Real Betis Balompié S.A.D.

Keepers & outfield error for **Fotbal Club CFR 1907 Cluj SA** in Fotbal Club CFR 1907 Cluj SA vs Asociația Sportivă Fotbal Club Universitatea Cluj: Numbers: 2 and 9.
[4358794] Could not find attributes for goran vuklis (Fudbalski Klub IMT Novi Beograd, 2024)
[4358794] Failed to build match row: Fudbalski Klub IMT Novi Beograd vs Fudbalski klub TSC Bačka Topola
[4506891] Failed to build match row: Fotbal Club CFR 1907 Cluj SA vs Asociația Sportivă Fotbal Club Universitatea Cluj
[3491233] Could not find attributes for mike calveley (Chorley FC, 2020)
[3889058] Could not find attributes for dimitrios chatziisaias (APS Atromitos Athinon, 2022)
[3491233] Failed to build match row: Chorley FC vs Derby County
[3889058] Failed to build match row: APS Atromitos Athinon vs Aris Thessalonikis
[3837909] Could not find attributes for sergiy vakulenko (FC Pyunik Yerevan, 2022)
[4650523] Could not find attributes for vadim ulyanov (RFK Akhmat Grozny, 2025)
[3837909] Failed to build match row: FC Pyunik Yerevan vs Fotbal Club CFR 1907 Cluj SA
bol S.A.D. vs Real Sociedad de Fútbol S.A.D.: Numbers: 0 and 11.
[4650523] Failed to build match row: RFK Akhmat Grozny vs FC Orenburg
[3431933] Failed to build match row: Elche Club de Fútbol S.A.D. vs Real Sociedad de Fútbol S.A.D.
[4625979] Could not find attributes for frederik schram (Valur Reykjavík, 2025)
[4625979] Failed to build match row: Valur Reykjavík vs FK Kauno Zalgiris
[4648766] Could not find attributes for ponck (AVS Futebol SAD, 2025)
[4648766] Failed to build match row: AVS Futebol SAD vs Futebol Clube de Arouca
[4634518] Could not find attributes for wael mohya (Mönchengladbach, 2025)
[4634518] Failed to build match row: Mönchengladbach vs Borussia Dortmund
[3851171] Failed to scrape lineup: https://www.transfermarkt.co.uk/r-charleroi-sc_kv-kortrijk/index/spielbericht/3851171
[4529326] Failed to scrape lineup: https://www.transfermarkt.co.uk/defensa-y-justicia_ca-central-cordoba-sde-/index/spielbericht/4529326
[4365353] Failed to scrape lineup: https://www.transfermarkt.co.uk/puszcza-niepolomice_pogon-szczecin/index/spielbericht/4365353
[4219009] Failed to scrape lineup: https://www.transfermarkt.co.uk/spielbericht/index/spielbericht/4219009
[3413068] Failed to scrape lineup: https://www.transfermarkt.co.uk/hertha-bsc_fc-augsburg/index/spielbericht/3413068
[4362835] Failed to scrape lineup: https://www.transfermarkt.co.uk/nottingham-forest_everton-fc/index/spielbericht/4362835
[4582283] Could not find attributes for jemmes (Mirasol Futebol Clube, 2024)
[4720659] Could not find attributes for max juhl (Kolding Boldklub, 2025)
[4582283] Failed to build match row: Mirasol Futebol Clube vs São Paulo Futebol Clube
[4720659] Failed to build match row: Kolding Boldklub vs Silkeborg Idrætsforening
[3912588] Failed to scrape lineup: https://www.transfermarkt.co.uk/spielbericht/index/spielbericht/3912588
[3584525] Could not find attributes for aleksandr mokin (Tobol Kostanay, 2021)
[3584525] Failed to build match row: HNK Hajduk Split vs Tobol Kostanay
[4129503] Could not find attributes for faouzi ghoulam (Hatayspor, 2023)
[3607608] Failed to scrape lineup: https://www.transfermarkt.co.uk/rayo-vallecano_deportivo-alaves/index/spielbericht/3607608
[4129503] Failed to build match row: Hatayspor vs Kayserispor Kulübü
[3598401] Failed to scrape lineup: https://www.transfermarkt.co.uk/oud-heverlee-leuven_kaa-gent/index/spielbericht/3598401
[4368951] Failed to scrape lineup: https://www.transfermarkt.co.uk/livyi-bereg-kyiv_rukh-lviv/index/spielbericht/4368951
[4624592] Failed to scrape lineup: https://www.transfermarkt.co.uk/fc-hradec-kralove_fc-slovan-liberec/index/spielbericht/4624592
[3639120] Could not find attributes for oleksiy bashtanenko (FK Nikopol, 2021)
[4160565] Failed to scrape lineup: https://www.transfermarkt.co.uk/spielbericht/index/spielbericht/4160565
[3639120] Failed to build match row: FK Nikopol vs Krystal Kherson
[4414095] Could not find attributes for roman dankovych (FC Kulykiv-Bilka, 2024)
[3457435] Failed to scrape lineup: https://www.transfermarkt.co.uk/randers-fc_odense-boldklub/index/spielbericht/3457435
[4096139] Failed to scrape lineup: https://www.transfermarkt.co.uk/rb-leipzig_1-fc-union-berlin/index/spielbericht/4096139
[4414095] Failed to build match row: FC Kulykiv-Bilka vs Nyva Vinnytsya
[4405344] Could not find attributes for matija nastasic (CD Leganés, 2024)
[3889059] Could not find attributes for praxitelis vouros (Omilos Filathlon Irakliou FC, 2022)
[3614767] Failed to scrape lineup: https://www.transfermarkt.co.uk/venezia-fc_ssc-napoli/index/spielbericht/3614767
[3441590] Failed to scrape lineup: https://www.transfermarkt.co.uk/fc-barcelona_sevilla-fc/index/spielbericht/3441590
[4650524] Could not find attributes for aleksandr koryakin (FK Krasnodar, 2025)
[4645996] Failed to scrape lineup: https://www.transfermarkt.co.uk/real-oviedo_deportivo-alaves/index/spielbericht/4645996
[4405344] Failed to build match row: CD Leganés vs Athletic Club Bilbao
[3889059] Failed to build match row: Omilos Filathlon Irakliou FC vs Ionikos Nikeas

Keepers & outfield error for **Manchester City Football Club** in Manchester City Football Club vs West Ham United Football Club: Numbers: 2 and 9.
[4650524] Failed to build match row: FK Krasnodar vs FK Dinamo Moskva
[4093508] Could not find attributes for marko malenica (NK Osijek s.d.d., 2023)
[3592099] Failed to build match row: Manchester City Football Club vs West Ham United Football Club
[4093508] Failed to build match row: NK Osijek s.d.d. vs Zalaegerszegi TE FC
[4705973] Could not find attributes for stanislav kozlov (Girnyk-Sport Gorishni Plavni, 2025)
[4705973] Failed to build match row: Girnyk-Sport Gorishni Plavni vs FC Trostyanets
[4529327] Could not find attributes for imanol machuca (Club Atlético Vélez Sársfield, 2024)
[4374194] Failed to scrape lineup: https://www.transfermarkt.co.uk/fc-empoli_as-roma/index/spielbericht/4374194
[4582284] Could not find attributes for renzo saravia (Clube Atlético Mineiro, 2024)
[4529327] Failed to build match row: Instituto Atlético Central Córdoba vs Club Atlético Vélez Sársfield
[4582284] Failed to build match row: Clube Atlético Mineiro vs Cruzeiro Esporte Clube
[3912589] Could not find attributes for maksym koval (FC Sheriff Tiraspol, 2022)
[4129504] Could not find attributes for endri cekici (Pendikspor, 2023)
[4784343] Failed to scrape lineup: https://www.transfermarkt.co.uk/spielbericht/index/spielbericht/4784343
[4129504] Failed to build match row: Pendikspor vs Fenerbahçe Spor Kulübü
[3912589] Failed to build match row: FC Sheriff Tiraspol vs Manchester United Football Club
[4358795] Failed to scrape lineup: https://www.transfermarkt.co.uk/fk-zeleznicar-pancevo_fk-radnicki-1923-kragujevac/index/spielbericht/4358795

Keepers & outfield error for **Alaves** in Alaves vs Real Sociedad de Fútbol S.A.D.: Numbers: 0 and 11.
[3413069] Could not find attributes for kerim calhanoglu (FC Schalke 04, 2020)
[3607609] Failed to build match row: Alaves vs Real Sociedad de Fútbol S.A.D.
[4103567] Failed to scrape lineup: https://www.transfermarkt.co.uk/ss-lazio_acf-fiorentina/index/spielbericht/4103567
[3413069] Failed to build match row: FC Schalke 04 vs 1. Fußball- und Sportverein Mainz 05

Keepers & outfield error for **Aberdeen Football Club** in Aberdeen Football Club vs BK Häcken: Numbers: 2 and 9.
[3491234] Failed to scrape lineup: https://www.transfermarkt.co.uk/spielbericht/index/spielbericht/3491234
[3584526] Failed to build match row: Aberdeen Football Club vs BK Häcken
[3431934] Failed to scrape lineup: https://www.transfermarkt.co.uk/athletic-bilbao_cadiz-cf/index/spielbericht/3431934
[4393426] Could not find attributes for adolfo gaich (Antalyaspor, 2024)
[4634519] Failed to scrape lineup: https://www.transfermarkt.co.uk/1-fc-union-berlin_1-fc-koln/index/spielbericht/4634519
[4625980] Failed to scrape lineup: https://www.transfermarkt.co.uk/spielbericht/index/spielbericht/4625980
[4393426] Failed to build match row: Antalyaspor vs Gaziantep Futbol Kulübü A.Ş.
[3974021] Could not find attributes for adrian blake (Watford FC, 2022)
[3974021] Failed to build match row: Reading FC vs Watford FC
[4414096] Could not find attributes for maksym tatarenko (FC Chernigiv, 2024)
[4808225] Failed to scrape lineup: https://www.transfermarkt.co.uk/fc-juarez_cd-cruz-azul/index/spielbericht/4808225
[4414096] Failed to build match row: FC Chernigiv vs Chayka Petropavlivska Borshchagivka

Keepers & outfield error for **Cádiz CF** in Cádiz CF vs Granada CF: Numbers: 2 and 9.
[4362836] Failed to scrape lineup: https://www.transfermarkt.co.uk/southampton-fc_aston-villa/index/spielbericht/4362836
[4506892] Could not find attributes for damjan djokovic (Fotbal Club CFR 1907 Cluj SA, 2024)
[3441591] Failed to build match row: Cádiz CF vs Granada CF
[4365354] Could not find attributes for michal kaput (Radomiak S.A., 2024)
[4506892] Failed to build match row: Asociația Sportivă Fotbal Club Universitatea Cluj vs Fotbal Club CFR 1907 Cluj SA
[4093509] Could not find attributes for gustavo busatto (CSKA-Sofia, 2023)
[4624593] Could not find attributes for dominik holec (FC Baník Ostrava a.s., 2025)
[4365354] Failed to build match row: Radomiak S.A. vs KKS Lech Poznań Spółka Akcyjna
[4093509] Failed to build match row: CSKA-Sofia vs Sepsi OSK Sf. Gheorghe
[4624593] Failed to build match row: FC Baník Ostrava a.s. vs AC Sparta Praha, a. s.
[3639121] Could not find attributes for sergiy chernobay (Epicentr Dunaivtsi, 2021)
[3639121] Failed to build match row: Epicentr Dunaivtsi vs Podillya Khmelnytskyi
[4650525] Could not find attributes for nikita kokarev (PFK Krylya Sovetov Samara, 2025)
[4650525] Failed to build match row: PFK Krylya Sovetov Samara vs FK Sochi

Keepers & outfield error for **Celta** in Celta vs Futbol Club Barcelona: Numbers: 2 and 9.
[3431935] Failed to build match row: Celta vs Futbol Club Barcelona
[3584528] Could not find attributes for david banai (Újpest FC, 2021)
[4634520] Could not find attributes for tomoya ando (Fußball-Club St. Pauli von 1910, 2025)
[3584528] Failed to build match row: Újpest FC vs FC Vaduz
[4648768] Failed to scrape lineup: https://www.transfermarkt.co.uk/fc-alverca_moreirense-fc/index/spielbericht/4648768

Keepers & outfield error for **SD Huesca** in SD Huesca vs Club Atlético Osasuna: Numbers: 0 and 11.
[4634520] Failed to build match row: Fußball-Club St. Pauli von 1910 vs 1. Fußball- und Sportverein Mainz 05
[4103568] Could not find attributes for nikola krstovic (Unione Sportiva Lecce, 2023)
[3422274] Could not find attributes for igor vartsaba (Peremoga Dnipro, 2020)

Keepers & outfield error for **Wolverhampton Wanderers Football Club** in Norwich City vs Wolverhampton Wanderers Football Club: Numbers: 0 and 11.
[3614768] Could not find attributes for rinat shakerov (Strogino Moscow, 2021)
[3422274] Failed to build match row: Peremoga Dnipro vs Kremin Kremenchuk
[4103568] Failed to build match row: Unione Sportiva Lecce vs Torino Calcio
[3614768] Failed to build match row: Strogino Moscow vs FK Krasava (-2022)
[3592100] Failed to build match row: Norwich City vs Wolverhampton Wanderers Football Club
[4529328] Could not find attributes for elias baez (Club Atlético San Lorenzo de Almagro, 2024)
[4529328] Failed to build match row: Club Atlético San Lorenzo de Almagro vs Club Atlético River Plate
[3889060] Could not find attributes for alexandros paschalakis (Olympiakos Syndesmos Filathlon Peiraios, 2022)
[4368952] Failed to scrape lineup: https://www.transfermarkt.co.uk/chornomorets-odesa_dynamo-kyiv/index/spielbericht/4368952
[3889060] Failed to build match row: Panathinaikos Athlitikos Omilos vs Olympiakos Syndesmos Filathlon Peiraios
[4096140] Could not find attributes for marcel schuhen (SV Darmstadt 98, 2023)
[4645998] Could not find attributes for neal maupay (Sevilla Fútbol Club S.A.D., 2025)
[3598403] Could not find attributes for vini souza (Yellow-Red Koninklijke Voetbalclub Mechelen, 2021)
[4096140] Failed to build match row: SV Darmstadt 98 vs Bayer 04 Leverkusen Fußball
[4645998] Failed to build match row: Sevilla Fútbol Club S.A.D. vs Real Madrid Club de Fútbol
[3598403] Failed to build match row: Yellow-Red Koninklijke Voetbalclub Mechelen vs Koninklijke Racing Club Genk
[4093510] Could not find attributes for nikola cetkovic (FK Borac Banja Luka, 2023)
[4093510] Failed to build match row: Fußballklub Austria Wien vs FK Borac Banja Luka
[4650526] Could not find attributes for vadim lukyanov (FK Nizhny Novgorod, 2025)
[4705974] Failed to scrape lineup: https://www.transfermarkt.co.uk/spielbericht/index/spielbericht/4705974
[4650526] Failed to build match row: FK Nizhny Novgorod vs FK Spartak Moskva

Keepers & outfield error for **Wolverhampton Wanderers Football Club** in Wolverhampton Wanderers Football Club vs Tottenham Hotspur Football Club: Numbers: 0 and 11.
[4362837] Failed to build match row: Wolverhampton Wanderers Football Club vs Tottenham Hotspur Football Club
[4808226] Could not find attributes for aldo rocha (Club de Futbol Rojinegros S.A. de C.V., 2025)
[4808226] Failed to build match row: Club de Futbol Rojinegros S.A. de C.V. vs Mazatlán Futbol Club
[4582285] Failed to scrape lineup: https://www.transfermarkt.co.uk/sport-club-internacional_sao-paulo-futebol-clube/index/spielbericht/4582285
[4358796] Failed to scrape lineup: https://www.transfermarkt.co.uk/fk-partizan-belgrade_fk-napredak-krusevac/index/spielbericht/4358796
[4129505] Failed to scrape lineup: https://www.transfermarkt.co.uk/kasimpasa_istanbulspor/index/spielbericht/4129505
[4720660] Could not find attributes for oliver borner (Hellerup IK, 2025)
[3912590] Failed to scrape lineup: https://www.transfermarkt.co.uk/spielbericht/index/spielbericht/3912590
[4720660] Failed to build match row: Hellerup IK vs Randers Fodbold Club
[4625981] Could not find attributes for rajmund toth (ETO FC, 2025)
[3889061] Could not find attributes for giannis anestis (Panetolikos Agrinio, 2022)
[4625981] Failed to build match row: ETO FC vs FC Pyunik Yerevan
[3491235] Failed to scrape lineup: https://www.transfermarkt.co.uk/spielbericht/index/spielbericht/3491235
[4219010] Could not find attributes for harrison mcgahey (Oldham Athletic, 2023)
[3889061] Failed to build match row: Panetolikos Agrinio vs APO Levadiakos Football Club
[4096141] Could not find attributes for max finkgrafe (1. Fußball-Club Köln, 2023)
[3422275] Could not find attributes for danylo kanevtsev (Metalist Kharkiv, 2020)
[4096141] Failed to build match row: 1. Fußball-Club Köln vs Eintracht Frankfurt Fußball AG
[4393427] Failed to scrape lineup: https://www.transfermarkt.co.uk/kasimpasa_basaksehir-fk/index/spielbericht/4393427
[4219010] Failed to build match row: Newport County vs Oldham Athletic
[4648769] Could not find attributes for joao aurelio (Clube Desportivo Nacional, 2025)
 Fútbol S.A.D. vs Levante Unión Deportiva S.A.D.: Numbers: 0 and 11.
[3422275] Failed to build match row: Metalist Kharkiv vs VPK-Agro
[4645999] Failed to build match row: Villarreal Club de Fútbol S.A.D. vs Levante Unión Deportiva S.A.D.
[4648769] Failed to build match row: Gil Vicente Futebol Clube vs Clube Desportivo Nacional
[4414097] Could not find attributes for vadym dmytrochenko (Dinaz Vyshgorod, 2024)
[4414097] Failed to build match row: Dinaz Vyshgorod vs FK Kudrivka-1

Keepers & outfield error for **Levante Unión Deportiva S.A.D.** in Cultural Leonesa vs Levante Unión Deportiva S.A.D.: Numbers: 0 and 11.
[3974022] Failed to scrape lineup: https://www.transfermarkt.co.uk/spielbericht/index/spielbericht/3974022
[4784345] Failed to build match row: Cultural Leonesa vs Levante Unión Deportiva S.A.D.
[4582286] Could not find attributes for vitinho (S. A. F. Botafogo, 2024)
[4582286] Failed to build match row: S. A. F. Botafogo vs Clube Atlético Mineiro
[3865512] Failed to scrape lineup: https://www.transfermarkt.co.uk/spielbericht/index/spielbericht/3865512
[3457436] Could not find attributes for lirim qamili (AC Horsens, 2020)

Keepers & outfield error for **Club de Gimnasia y Esgrima La Plata** in Club Atlético Independiente de Avellaneda vs Club de Gimnasia y Esgrima La Plata: Numbers: 2 and 9.
[4511623] Failed to scrape lineup: https://www.transfermarkt.co.uk/spielbericht/index/spielbericht/4511623
[4405346] Failed to scrape lineup: https://www.transfermarkt.co.uk/ud-las-palmas_real-betis-balompie/index/spielbericht/4405346
[3441592] Failed to scrape lineup: https://www.transfermarkt.co.uk/levante-ud_real-madrid/index/spielbericht/3441592
[4529329] Failed to build match row: Club Atlético Independiente de Avellaneda vs Club de Gimnasia y Esgrima La Plata
[4445452] Could not find attributes for oleksiy kashchuk (Qarabağ FK, 2024)
[4445452] Failed to build match row: Qarabağ FK vs Olympique Lyonnais

Keepers & outfield error for **Futebol Clube de Famalicão** in Clube Desportivo Santa Clara vs Futebol Clube de Famalicão: Numbers: 2 and 9.
[4648770] Failed to build match row: Clube Desportivo Santa Clara vs Futebol Clube de Famalicão
[4365355] Failed to scrape lineup: https://www.transfermarkt.co.uk/rakow-czestochowa_slask-wroclaw/index/spielbericht/4365355
[4393428] Could not find attributes for jonas svensson (Beşiktaş Jimnastik Kulübü, 2024)
[4393428] Failed to build match row: Alanyaspor vs Beşiktaş Jimnastik Kulübü
[3413070] Failed to scrape lineup: https://www.transfermarkt.co.uk/1-fc-koln_sv-werder-bremen/index/spielbericht/3413070
[4705975] Could not find attributes for roman dankovych (FC Kulykiv-Bilka, 2025)
[3639122] Failed to scrape lineup: https://www.transfermarkt.co.uk/spielbericht/index/spielbericht/3639122
[4705975] Failed to build match row: FC Kulykiv-Bilka vs FK Kryvbas Kryvyi Rig
[3840089] Failed to scrape lineup: https://www.transfermarkt.co.uk/ac-ajaccio_rc-strasbourg-alsace/index/spielbericht/3840089
[4414098] Could not find attributes for oleksandr lytvynenko (Viktoriya Sumy, 2024)
[4414098] Failed to build match row: Viktoriya Sumy vs MFC Metalurg Zaporizhya
[4358797] Could not find attributes for mario jurcevic (Fudbalski Klub Partizan Beograd, 2024)
[4358797] Failed to build match row: Fudbalski Klub Partizan Beograd vs FK Jedinstvo Ub

Keepers & outfield error for **Fluminense Football Club** in Fluminense Football Club vs Sport Club Internacional: Numbers: 0 and 11.
[4582287] Failed to build match row: Fluminense Football Club vs Sport Club Internacional
[3851174] Failed to scrape lineup: https://www.transfermarkt.co.uk/rsc-anderlecht_sint-truidense-vv/index/spielbericht/3851174
[3431936] Failed to scrape lineup: https://www.transfermarkt.co.uk/sd-eibar_elche-cf/index/spielbericht/3431936
[4624594] Failed to scrape lineup: https://www.transfermarkt.co.uk/fc-viktoria-plzen_fc-zlin/index/spielbericht/4624594
[3607611] Failed to scrape lineup: https://www.transfermarkt.co.uk/real-betis-balompie_celta-de-vigo/index/spielbericht/3607611
[4641345] Failed to scrape lineup: https://www.transfermarkt.co.uk/kaa-gent_kvc-westerlo/index/spielbericht/4641345
[4784346] Could not find attributes for guillem castell (CD Atlético Baleares, 2025)
[4374196] Failed to scrape lineup: https://www.transfermarkt.co.uk/inter-milan_ac-monza/index/spielbericht/4374196
[4784346] Failed to build match row: CD Atlético Baleares vs Club Atlético de Madrid S.A.D.
[4646000] Could not find attributes for neal maupay (Sevilla Fútbol Club S.A.D., 2025)
[4646000] Failed to build match row: Sevilla Fútbol Club S.A.D. vs Real Sociedad de Fútbol S.A.D.
[3584539] Failed to scrape lineup: https://www.transfermarkt.co.uk/spielbericht/index/spielbericht/3584539
[3422276] Could not find attributes for ivan bogdan (FK Nikopol, 2020)
[3422276] Failed to build match row: FK Nikopol vs Krystal Kherson
[4648771] Could not find attributes for noah saviolo (Vitória Sport Clube, 2025)
[4648771] Failed to build match row: Vitória Sport Clube vs Futebol Clube do Porto
[4634521] Failed to scrape lineup: https://www.transfermarkt.co.uk/tsg-1899-hoffenheim_vfb-stuttgart/index/spielbericht/4634521
[4368953] Failed to scrape lineup: https://www.transfermarkt.co.uk/kryvbas-kryvyi-rig_obolon-kyiv/index/spielbericht/4368953
[3592101] Failed to scrape lineup: https://www.transfermarkt.co.uk/arsenal-fc_brentford-fc/index/spielbericht/3592101
[4393429] Could not find attributes for luccas claro (Eyüp Spor Kulübü, 2024)
[4393429] Failed to build match row: Fenerbahçe Spor Kulübü vs Eyüp Spor Kulübü
[4113010] Failed to scrape lineup: https://www.transfermarkt.co.uk/rcd-mallorca_girona-fc/index/spielbericht/4113010
[4093511] Failed to scrape lineup: https://www.transfermarkt.co.uk/spielbericht/index/spielbericht/4093511
[4365356] Could not find attributes for josip corluka (Zagłębie Lubin Spółka Akcyjna, 2024)
[4650527] Failed to scrape lineup: https://www.transfermarkt.co.uk/spielbericht/index/spielbericht/4650527
[3837910] Could not find attributes for gregor sikosek (NK Maribor, 2022)
[4365356] Failed to build match row: Zagłębie Lubin Spółka Akcyjna vs Stal Mielec
[4129506] Failed to scrape lineup: https://www.transfermarkt.co.uk/alanyaspor_sivasspor/index/spielbericht/4129506
[4160966] Failed to scrape lineup: https://www.transfermarkt.co.uk/spielbericht/index/spielbericht/4160966
[3837910] Failed to build match row: NK Maribor vs Shakhter Soligorsk
[4414099] Could not find attributes for mykhaylo pruglo (Olimpia Savyntsi, 2024)
[3690531] Could not find attributes for callum leahy (Bowers & Pitsea FC, 2021)
[3912591] Failed to scrape lineup: https://www.transfermarkt.co.uk/spielbericht/index/spielbericht/3912591
[4720661] Failed to scrape lineup: https://www.transfermarkt.co.uk/spielbericht/index/spielbericht/4720661
[3690531] Failed to build match row: Lincoln City vs Bowers & Pitsea FC
[3889062] Failed to scrape lineup: https://www.transfermarkt.co.uk/paok-thessaloniki_pas-giannina/index/spielbericht/3889062
[4358798] Could not find attributes for lazar balevic (Fudbalski klub Napredak Kruševac, 2024)
[4096142] Failed to scrape lineup: https://www.transfermarkt.co.uk/bayern-munich_borussia-monchengladbach/index/spielbericht/4096142
[4414099] Failed to build match row: Olimpia Savyntsi vs Kremin Kremenchuk

Keepers & outfield error for **Atalanta Bergamasca Calcio S.p.a.** in Juventus Football Club vs Atalanta Bergamasca Calcio S.p.a.: Numbers: 3 and 8.
[4219011] Failed to scrape lineup: https://www.transfermarkt.co.uk/spielbericht/index/spielbericht/4219011
[4358798] Failed to build match row: Fudbalski klub Napredak Kruševac vs Železničar Pančevo
[3607612] Could not find attributes for ilias akhomach (Futbol Club Barcelona, 2021)
[3607612] Failed to build match row: Real Club Deportivo Mallorca S.A.D. vs Futbol Club Barcelona
[4374197] Failed to build match row: Juventus Football Club vs Atalanta Bergamasca Calcio S.p.a.
[3614770] Failed to scrape lineup: https://www.transfermarkt.co.uk/fc-empoli_cagliari-calcio/index/spielbericht/3614770

Keepers & outfield error for **CF Talavera de la Reina** in CF Talavera de la Reina vs Real Madrid Club de Fútbol: Numbers: 0 and 11.

Keepers & outfield error for **Casa Pia Atlético Clube** in Casa Pia Atlético Clube vs Vitória Sport Clube: Numbers: 3 and 8.
[4362839] Failed to scrape lineup: https://www.transfermarkt.co.uk/brentford-fc_brighton-amp-hove-albion/index/spielbericht/4362839
[4103570] Failed to scrape lineup: https://www.transfermarkt.co.uk/ssc-napoli_ac-milan/index/spielbericht/4103570
[3584540] Could not find attributes for ariel harush (Hapoel Beer Sheva, 2021)
[3840090] Could not find attributes for ibrahim amadou (Angers Sporting Club de l'Ouest, 2022)
[4634531] Could not find attributes for luca reggiani (Borussia Dortmund, 2025)
[4784347] Failed to build match row: CF Talavera de la Reina vs Real Madrid Club de Fútbol
[4641346] Could not find attributes for kiki kouyate (Royal Antwerp Football Club, 2025)

Keepers & outfield error for **Santos Futebol Clube** in Santos Futebol Clube vs Fluminense Football Club: Numbers: 0 and 11.
[3584540] Failed to build match row: Hapoel Beer Sheva vs Arda Kardzhali
[4648772] Failed to build match row: Casa Pia Atlético Clube vs Vitória Sport Clube
[3851175] Could not find attributes for osher davida (Royal Standard Club de Liège, 2022)
[3840090] Failed to build match row: Angers Sporting Club de l'Ouest vs Racing Club de Lens
[3441593] Failed to scrape lineup: https://www.transfermarkt.co.uk/ca-osasuna_celta-de-vigo/index/spielbericht/3441593
[4634531] Failed to build match row: Borussia Dortmund vs Eintracht Frankfurt Fußball AG
[3851175] Failed to build match row: Royal Standard Club de Liège vs KV Kortrijk
[4641346] Failed to build match row: Royal Antwerp Football Club vs Sportvereniging Zulte Waregem
[3457437] Failed to scrape lineup: https://www.transfermarkt.co.uk/fc-nordsjaelland_aarhus-gf/index/spielbericht/3457437
[4582288] Failed to build match row: Santos Futebol Clube vs Fluminense Football Club
[4445453] Failed to scrape lineup: https://www.transfermarkt.co.uk/spielbericht/index/spielbericht/4445453
[4625982] Could not find attributes for aldayr hernandez (FK Kauno Zalgiris, 2025)

Keepers & outfield error for **Valencia Club de Fútbol S. A. D.** in Valencia Club de Fútbol S. A. D. vs Real Madrid Club de Fútbol: Numbers: 2 and 9.
[4625982] Failed to build match row: FK Kauno Zalgiris vs Valur Reykjavík
[4113011] Failed to build match row: Valencia Club de Fútbol S. A. D. vs Real Madrid Club de Fútbol
[4393430] Could not find attributes for jonas svensson (Beşiktaş Jimnastik Kulübü, 2024)
[4393430] Failed to build match row: Beşiktaş Jimnastik Kulübü vs Çaykur Rizespor Kulübü
[4368954] Could not find attributes for mykyta burda (FK Kolos Kovalivka, 2024)
[4368954] Failed to build match row: FK Kolos Kovalivka vs FK Karpaty Lviv
[4808227] Could not find attributes for stiven barreiro (Club León Fútbol Club, 2025)
[3837911] Failed to scrape lineup: https://www.transfermarkt.co.uk/spielbericht/index/spielbericht/3837911
[4808227] Failed to build match row: Club León Fútbol Club vs Club Tigres UANL Sinergia Deportiva S.A. de C.V.
[4129507] Failed to scrape lineup: https://www.transfermarkt.co.uk/adana-demirspor_konyaspor/index/spielbericht/4129507
[3413071] Failed to scrape lineup: https://www.transfermarkt.co.uk/arminia-bielefeld_1-fc-union-berlin/index/spielbericht/3413071
[3912592] Failed to scrape lineup: https://www.transfermarkt.co.uk/spielbericht/index/spielbericht/3912592
[4624595] Could not find attributes for jiri borek (1. FC Slovácko, 2025)
[4365357] Failed to scrape lineup: https://www.transfermarkt.co.uk/cracovia_lechia-gdansk/index/spielbericht/4365357
[3431937] Failed to scrape lineup: https://www.transfermarkt.co.uk/getafe-cf_real-betis-balompie/index/spielbericht/3431937
[4160967] Failed to scrape lineup: https://www.transfermarkt.co.uk/spielbericht/index/spielbericht/4160967
[4414100] Failed to scrape lineup: https://www.transfermarkt.co.uk/spielbericht/index/spielbericht/4414100
[4624595] Failed to build match row: 1. FC Slovácko vs MFK Karvina
[4103571] Failed to scrape lineup: https://www.transfermarkt.co.uk/us-sassuolo_bologna-fc-1909/index/spielbericht/4103571
[4646001] Failed to scrape lineup: https://www.transfermarkt.co.uk/deportivo-alaves_athletic-bilbao/index/spielbericht/4646001
[3491237] Could not find attributes for mustapha olagunju (Huddersfield Town, 2020)
[4720662] Failed to scrape lineup: https://www.transfermarkt.co.uk/spielbericht/index/spielbericht/4720662
[4362840] Failed to scrape lineup: https://www.transfermarkt.co.uk/crystal-palace_afc-bournemouth/index/spielbericht/4362840
[3491237] Failed to build match row: Huddersfield Town vs Plymouth Argyle

Keepers & outfield error for **Unione Sportiva Cremonese S.p.A.** in Unione Sportiva Cremonese S.p.A. vs Ternana Calcio: Numbers: 0 and 11.
[3641290] Failed to scrape lineup: https://www.transfermarkt.co.uk/spielbericht/index/spielbericht/3641290
[3865514] Failed to build match row: Unione Sportiva Cremonese S.p.A. vs Ternana Calcio
[4650528] Could not find attributes for egor lyubakov (FK Baltika, 2025)
[4358799] Could not find attributes for marko milosevic (FK Radnički 1923 Kragujevac, 2024)
[3457438] Could not find attributes for zeca (Football Club København, 2020)
[4641347] Failed to scrape lineup: https://www.transfermarkt.co.uk/standard-liege_sint-truidense-vv/index/spielbericht/4641347
[4650528] Failed to build match row: FK Baltika vs Akron Togliatti
[3889063] Could not find attributes for bojan saranov (PAS Lamia 1964, 2022)
[3457438] Failed to build match row: Football Club København vs AC Horsens
[4358799] Failed to build match row: FK Radnički 1923 Kragujevac vs Fudbalski Klub IMT Novi Beograd
[3889063] Failed to build match row: PAS Lamia 1964 vs Volou Neos Podosferikos Syllogos
[3851176] Could not find attributes for gyrano kerk (Royal Antwerp Football Club, 2022)
[4368955] Could not find attributes for yevgeniy kucherenko (LNZ Cherkasy, 2024)
[3840091] Could not find attributes for jeremie bela (Clermont Foot 63, 2022)
[4445454] Could not find attributes for oleksiy kashchuk (Qarabağ FK, 2024)
[4445454] Failed to build match row: Qarabağ FK vs SC Fotbal Club FCSB SA
[4625985] Could not find attributes for stas pokatilov (Sabah FK, 2025)
[3851176] Failed to build match row: Koninklijke Racing Club Genk vs Royal Antwerp Football Club
[3413072] Failed to scrape lineup: https://www.transfermarkt.co.uk/bayern-munich_vfl-wolfsburg/index/spielbericht/3413072
[3974024] Could not find attributes for andy lyons (Blackpool FC, 2022)
[4368955] Failed to build match row: LNZ Cherkasy vs Vorskla Poltava
[4582289] Could not find attributes for philippe coutinho (Club de Regatas Vasco da Gama, 2024)

Keepers & outfield error for **Futebol Clube de Arouca** in Futebol Clube de Arouca vs Gil Vicente Futebol Clube: Numbers: 2 and 9.

Keepers & outfield error for **Real Sociedad de Fútbol S.A.D.** in Real Sociedad de Fútbol S.A.D. vs Getafe Club de Fútbol S. A. D. Team Dubai: Numbers: 0 and 11.
[3840091] Failed to build match row: Clermont Foot 63 vs Montpellier HSC
[4625985] Failed to build match row: Sabah FK vs FC Petrocub Hincesti
[4113012] Could not find attributes for arsen zakharyan (Real Sociedad de Fútbol S.A.D., 2023)
[3974024] Failed to build match row: Blackpool FC vs Nottingham Forest Football Club
[4582289] Failed to build match row: Club de Regatas Vasco da Gama vs Esporte Clube Vitória
[3431938] Failed to scrape lineup: https://www.transfermarkt.co.uk/granada-cf_ca-osasuna/index/spielbericht/3431938
[4648773] Failed to build match row: Futebol Clube de Arouca vs Gil Vicente Futebol Clube
[3441594] Failed to build match row: Real Sociedad de Fútbol S.A.D. vs Getafe Club de Fútbol S. A. D. Team Dubai
[4113012] Failed to build match row: Sevilla Fútbol Club S.A.D. vs Real Sociedad de Fútbol S.A.D.

Keepers & outfield error for **Alaves** in Alaves vs Sevilla Fútbol Club S.A.D.: Numbers: 0 and 11.
[4511625] Could not find attributes for alexis claude maurice (Fußball-Club Augsburg 1907, 2024)
[4511625] Failed to build match row: Verein für Bewegungsspiele Stuttgart 1893 vs Fußball-Club Augsburg 1907
[4784348] Failed to build match row: Alaves vs Sevilla Fútbol Club S.A.D.
[3912593] Could not find attributes for jan lecjaks (Omonia Nicosia, 2022)
[4634532] Could not find attributes for sheraldo becker (1. Fußball- und Sportverein Mainz 05, 2025)
[3912593] Failed to build match row: Omonia Nicosia vs Real Sociedad de Fútbol S.A.D.
[4650529] Failed to scrape lineup: https://www.transfermarkt.co.uk/spielbericht/index/spielbericht/4650529
[4634532] Failed to build match row: 1. Fußball- und Sportverein Mainz 05 vs 1. Fußballclub Union Berlin
[3641291] Failed to scrape lineup: https://www.transfermarkt.co.uk/spielbericht/index/spielbericht/3641291
[4529332] Could not find attributes for nicolas pelaitay (CA San Martín (San Juan), 2024)
[3422277] Could not find attributes for yaroslav kotlyarov (MFC Metalurg Zaporizhya, 2020)
[4641348] Failed to scrape lineup: https://www.transfermarkt.co.uk/raal-la-louviere_oud-heverlee-leuven/index/spielbericht/4641348
[3607614] Failed to scrape lineup: https://www.transfermarkt.co.uk/cadiz-cf_sevilla-fc/index/spielbericht/3607614
[3865515] Failed to scrape lineup: https://www.transfermarkt.co.uk/spielbericht/index/spielbericht/3865515
[4529332] Failed to build match row: CA San Martín (San Juan) vs Club Atlético Rosario Central
[3422277] Failed to build match row: MFC Metalurg Zaporizhya vs Avangard Kramatorsk
[3889064] Failed to scrape lineup: https://www.transfermarkt.co.uk/aek-athens_ofi-crete-fc/index/spielbericht/3889064
[4358800] Failed to scrape lineup: https://www.transfermarkt.co.uk/fk-tsc-backa-topola_fk-radnicki-nis/index/spielbericht/4358800
[4160968] Failed to scrape lineup: https://www.transfermarkt.co.uk/spielbericht/index/spielbericht/4160968
[4096143] Could not find attributes for pavel kaderabek (Turn- und Sportgemeinschaft 1899 Hoffenheim Fußball-Spielbetriebs, 2023)
[4624596] Failed to scrape lineup: https://www.transfermarkt.co.uk/fk-teplice_fk-pardubice/index/spielbericht/4624596
[4129508] Could not find attributes for nazim sangare (Fatih Karagümrük Sportif Faaliyetler San. Tic. A.Ş., 2023)
[3614771] Could not find attributes for nikola maksimovic (Genoa Cricket and Football Club, 2021)
[4096143] Failed to build match row: Verein für Leibesübungen Wolfsburg vs Turn- und Sportgemeinschaft 1899 Hoffenheim Fußball-Spielbetriebs

Keepers & outfield error for **Real Betis Balompié S.A.D.** in Real Betis Balompié S.A.D. vs Real Oviedo S.A.D.: Numbers: 2 and 9.
[4129508] Failed to build match row: Fatih Karagümrük Sportif Faaliyetler San. Tic. A.Ş. vs Trabzonspor Kulübü
[3614771] Failed to build match row: Genoa Cricket and Football Club vs US Salernitana 1919
[4646002] Failed to build match row: Real Betis Balompié S.A.D. vs Real Oviedo S.A.D.
[4445455] Failed to scrape lineup: https://www.transfermarkt.co.uk/spielbericht/index/spielbericht/4445455
[3457439] Could not find attributes for kamil grabara (Aarhus Gymnastik Forening, 2020)
[3457439] Failed to build match row: Aarhus Gymnastik Forening vs Brøndby Idrætsforening
[3690532] Could not find attributes for yeboah amankwah (Accrington Stanley, 2021)
[4808228] Could not find attributes for gerardo arteaga (Club de Fútbol Monterrey Rayados A.C., 2025)
[3690532] Failed to build match row: Port Vale FC vs Accrington Stanley
[4093512] Failed to scrape lineup: https://www.transfermarkt.co.uk/spielbericht/index/spielbericht/4093512
[4808228] Failed to build match row: Club de Fútbol Monterrey Rayados A.C. vs Club Tijuana Xoloitzcuintles de Caliente

Keepers & outfield error for **Cercle Brugge Koninklijke Sportvereniging** in Oud-Heverlee Leuven vs Cercle Brugge Koninklijke Sportvereniging: Numbers: 2 and 9.
[4362841] Could not find attributes for abdoulaye doucoure (Everton Football Club, 2024)
[4393432] Could not find attributes for lionel carole (Kayserispor Kulübü, 2024)
[4362841] Failed to build match row: Everton Football Club vs Manchester City Football Club
[3851177] Failed to build match row: Oud-Heverlee Leuven vs Cercle Brugge Koninklijke Sportvereniging
[4393432] Failed to build match row: Kayserispor Kulübü vs Bodrum FK
[3974025] Could not find attributes for nathan ashmore (Boreham Wood FC, 2022)
[3974025] Failed to build match row: Boreham Wood FC vs Accrington Stanley
[4370061] Could not find attributes for rob schoofs (Yellow-Red Koninklijke Voetbalclub Mechelen, 2024)
[4370061] Failed to build match row: Royal Standard Club de Liège vs Yellow-Red Koninklijke Voetbalclub Mechelen

Keepers & outfield error for **Paris Saint-Germain Football Club** in Football Club Lorient-Bretagne Sud vs Paris Saint-Germain Football Club: Numbers: 2 and 9.
[3837912] Could not find attributes for jules diouf (F91 Dudelange, 2022)
[3840092] Failed to build match row: Football Club Lorient-Bretagne Sud vs Paris Saint-Germain Football Club
[3837912] Failed to build match row: F91 Dudelange vs KF Tirana
[4582290] Could not find attributes for luisao (Santos Futebol Clube, 2024)
[4365358] Could not find attributes for oskar pietuszewski (Jagiellonia-Bialystok Sportowa Spólka Akcyjna, 2024)
[4582290] Failed to build match row: Santos Futebol Clube vs Club de Regatas Vasco da Gama
[3889065] Failed to scrape lineup: https://www.transfermarkt.co.uk/aris-thessaloniki_pas-lamia-1964/index/spielbericht/3889065
[4365358] Failed to build match row: Jagiellonia-Bialystok Sportowa Spólka Akcyjna vs Klub Sportowy Górnik Zabrze Sportowa Spółka Akcyjna
[4650550] Could not find attributes for evgeniy latyshonok (AO FK Zenit Sankt-Peterburg, 2025)
[4650550] Failed to build match row: AO FK Zenit Sankt-Peterburg vs FC Orenburg
[4358801] Could not find attributes for nikola mirkovic (Fudbalski klub Čukarički Beograd, 2024)
[4358801] Failed to build match row: Fudbalski klub Čukarički Beograd vs Fudbalski Klub Spartak Ždrepčeva krv
[3431939] Failed to scrape lineup: https://www.transfermarkt.co.uk/sd-huesca_atletico-de-madrid/index/spielbericht/3431939
[3614772] Failed to scrape lineup: https://www.transfermarkt.co.uk/hellas-verona_udinese-calcio/index/spielbericht/3614772
[4445456] Failed to scrape lineup: https://www.transfermarkt.co.uk/spielbericht/index/spielbericht/4445456
[4129509] Failed to scrape lineup: https://www.transfermarkt.co.uk/antalyaspor_basaksehir-fk/index/spielbericht/4129509
[4405349] Failed to scrape lineup: https://www.transfermarkt.co.uk/athletic-bilbao_sevilla-fc/index/spielbericht/4405349
[4096144] Failed to scrape lineup: https://www.transfermarkt.co.uk/1-fsv-mainz-05_sv-werder-bremen/index/spielbericht/4096144
[3457440] Could not find attributes for victor mpindi (Sønderjyske Fodbold, 2020)
[3584541] Could not find attributes for aydyn bayramov (Sumgayit PFC, 2021)
[3491238] Could not find attributes for gabriel osho (Luton Town, 2020)
[3491238] Failed to build match row: Luton Town vs Reading FC
[3457440] Failed to build match row: Sønderjyske Fodbold vs Fodbold Club Nordsjælland
[3912594] Could not find attributes for jan lecjaks (Omonia Nicosia, 2022)
[3584541] Failed to build match row: Sumgayit PFC vs Fudbalski klub Čukarički Beograd

Keepers & outfield error for **Elche Club de Fútbol S.A.D.** in Celta vs Elche Club de Fútbol S.A.D.: Numbers: 0 and 11.
[3912594] Failed to build match row: Omonia Nicosia vs FC Sheriff Tiraspol
[4646003] Failed to build match row: Celta vs Elche Club de Fútbol S.A.D.
[3413074] Could not find attributes for makoto hasebe (Eintracht Frankfurt Fußball AG, 2020)

Keepers & outfield error for **Associazione Calcio Fiorentina** in Società Sportiva Calcio Napoli vs Associazione Calcio Fiorentina: Numbers: 0 and 11.
[3413074] Failed to build match row: Eintracht Frankfurt Fußball AG vs Mönchengladbach
[4374200] Failed to build match row: Società Sportiva Calcio Napoli vs Associazione Calcio Fiorentina
[4393433] Could not find attributes for riechedly bazoer (Konyaspor, 2024)
[4393433] Failed to build match row: Konyaspor vs Alanyaspor
[4160969] Could not find attributes for tonny vilhena (Panathinaikos Athlitikos Omilos, 2023)
[4365359] Could not find attributes for konrad gruszkowski (GKS GieKSa Katowice Spółka Akcyjna, 2024)
[4624597] Could not find attributes for jan hanus (FK Jablonec a.s., 2025)
[4582291] Could not find attributes for ze marcos (Esporte Clube Vitória, 2024)
[4160969] Failed to build match row: Sporting Clube de Braga vs Panathinaikos Athlitikos Omilos

Keepers & outfield error for **Asociación de Fomento Deportivo Riestra Barrio Colón** in Club Atlético Tucumán vs Asociación de Fomento Deportivo Riestra Barrio Colón: Numbers: 2 and 9.
[4365359] Failed to build match row: Miejski Klub Sportowy Korona Kielce Spółka Akcyjna vs GKS GieKSa Katowice Spółka Akcyjna
[3641292] Failed to scrape lineup: https://www.transfermarkt.co.uk/spielbericht/index/spielbericht/3641292
[4113013] Failed to scrape lineup: https://www.transfermarkt.co.uk/villarreal-cf_granada-cf/index/spielbericht/4113013
[4582291] Failed to build match row: Esporte Clube Vitória vs Sociedade Esportiva Palmeiras
[4624597] Failed to build match row: FK Jablonec a.s. vs FK Mladá Boleslav, a.s.
[4529333] Failed to build match row: Club Atlético Tucumán vs Asociación de Fomento Deportivo Riestra Barrio Colón
[4634533] Failed to scrape lineup: https://www.transfermarkt.co.uk/rb-leipzig_fc-st-pauli/index/spielbericht/4634533
[4414101] Could not find attributes for vadym taranushych (FC Trostyanets, 2024)
[4641350] Could not find attributes for moncef zekri (Yellow-Red Koninklijke Voetbalclub Mechelen, 2025)
[4641350] Failed to build match row: Yellow-Red Koninklijke Voetbalclub Mechelen vs FC Verbroedering Denderhoutem Denderleeuw Eendracht Hekelgem

Keepers & outfield error for **Association Football Club Bournemouth** in Association Football Club Bournemouth vs Tottenham Hotspur Football Club: Numbers: 2 and 9.
[4129510] Could not find attributes for bakhtiyor zaynutdinov (Beşiktaş Jimnastik Kulübü, 2023)
[4414101] Failed to build match row: FC Trostyanets vs SK Poltava
[4625999] Failed to build match row: Association Football Club Bournemouth vs Tottenham Hotspur Football Club
[4129510] Failed to build match row: Beşiktaş Jimnastik Kulübü vs Gaziantep Futbol Kulübü A.Ş.

Keepers & outfield error for **Real Valladolid CF** in Real Valladolid CF vs SD Eibar: Numbers: 2 and 9.

Keepers & outfield error for **Clube Desportivo de Tondela** in Moreirense Futebol Clube vs Clube Desportivo de Tondela: Numbers: 0 and 11.
[3441596] Failed to build match row: Real Valladolid CF vs SD Eibar
[3607615] Failed to scrape lineup: https://www.transfermarkt.co.uk/ca-osasuna_athletic-bilbao/index/spielbericht/3607615
[4511626] Failed to scrape lineup: https://www.transfermarkt.co.uk/spielbericht/index/spielbericht/4511626
[4648774] Failed to build match row: Moreirense Futebol Clube vs Clube Desportivo de Tondela

Keepers & outfield error for **Birmingham City** in Manchester City Football Club vs Birmingham City: Numbers: 2 and 9.
[4720663] Could not find attributes for vincent muller (Aalborg BK, 2025)
[4720663] Failed to build match row: Aalborg BK vs Fodbold Club Midtjylland
[3601587] Could not find attributes for niclas heimann (SSV Ulm 1846, 2021)
[3491239] Failed to build match row: Manchester City Football Club vs Birmingham City
[3601587] Failed to build match row: SSV Ulm 1846 vs 1.FC Nuremberg
[3869044] Could not find attributes for andre pereira (Rio Ave Futebol Clube, 2022)
[3869044] Failed to build match row: Rio Ave Futebol Clube vs FC Vizela
[3457441] Could not find attributes for jores okore (Aalborg BK, 2020)
[3457441] Failed to build match row: Odense Boldklub vs Aalborg BK

Keepers & outfield error for **Espanol** in Espanol vs Real Madrid Club de Fútbol: Numbers: 2 and 9.
[4646004] Failed to build match row: Espanol vs Real Madrid Club de Fútbol
[4219012] Could not find attributes for zico asare (Maidenhead United, 2023)
[3592105] Failed to scrape lineup: https://www.transfermarkt.co.uk/leeds-united_manchester-united/index/spielbericht/3592105
[4808229] Failed to scrape lineup: https://www.transfermarkt.co.uk/cf-america_club-necaxa/index/spielbericht/4808229
[4219012] Failed to build match row: Oxford United vs Maidenhead United
[3837913] Failed to scrape lineup: https://www.transfermarkt.co.uk/spielbericht/index/spielbericht/3837913
[4160971] Could not find attributes for itamar nitzan (Maccabi Haifa, 2023)
[4370062] Failed to scrape lineup: https://www.transfermarkt.co.uk/fcv-dender-eh_kv-kortrijk/index/spielbericht/4370062
[4160971] Failed to build match row: Berner Sport Club Young Boys vs Maccabi Haifa
[4650551] Failed to scrape lineup: https://www.transfermarkt.co.uk/spielbericht/index/spielbericht/4650551

Keepers & outfield error for **Burgos CF** in Burgos CF vs Getafe Club de Fútbol S. A. D. Team Dubai: Numbers: 2 and 9.
[3889066] Failed to scrape lineup: https://www.transfermarkt.co.uk/atromitos-athens_asteras-tripolis/index/spielbericht/3889066
[4445457] Could not find attributes for aleksandr marochkin (FC Astana, 2024)
[4103573] Failed to scrape lineup: https://www.transfermarkt.co.uk/bologna-fc-1909_ss-lazio/index/spielbericht/4103573
[4096145] Failed to scrape lineup: https://www.transfermarkt.co.uk/vfl-bochum_fc-augsburg/index/spielbericht/4096145
[3601588] Failed to scrape lineup: https://www.transfermarkt.co.uk/spielbericht/index/spielbericht/3601588
[4784349] Failed to build match row: Burgos CF vs Getafe Club de Fútbol S. A. D. Team Dubai
[4445457] Failed to build match row: FC Astana vs Fudbalski klub TSC Bačka Topola
[3491240] Failed to scrape lineup: https://www.transfermarkt.co.uk/spielbericht/index/spielbericht/3491240
[4720664] Failed to scrape lineup: https://www.transfermarkt.co.uk/spielbericht/index/spielbericht/4720664
[3457442] Failed to scrape lineup: https://www.transfermarkt.co.uk/lyngby-bk_randers-fc/index/spielbericht/3457442
[4626000] Could not find attributes for yegor yarmolyuk (Brentford Football Club, 2025)
[4405350] Failed to scrape lineup: https://www.transfermarkt.co.uk/atletico-de-madrid_real-madrid/index/spielbericht/4405350
[4646005] Failed to scrape lineup: https://www.transfermarkt.co.uk/getafe-cf_rayo-vallecano/index/spielbericht/4646005
[3912596] Could not find attributes for paulinho (Fodbold Club Midtjylland, 2022)
[4626000] Failed to build match row: Brentford Football Club vs Sunderland Association Football Club
[3912596] Failed to build match row: Società Sportiva Lazio S.p.A. vs Fodbold Club Midtjylland
[4358802] Could not find attributes for ajia yakub (Fudbalski Klub Novi Pazar, 2024)
[4393434] Could not find attributes for salih malkocoglu (Trabzonspor Kulübü, 2024)
[3690533] Could not find attributes for mike williamson (Gateshead FC, 2021)
[4358802] Failed to build match row: Fudbalski Klub Novi Pazar vs Fudbalski Klub Vojvodina
[4393434] Failed to build match row: Trabzonspor Kulübü vs Samsunspor

Keepers & outfield error for **Futebol Clube do Porto** in Futebol Clube do Porto vs AVS Futebol SAD: Numbers: 0 and 11.
[3690533] Failed to build match row: Gateshead FC vs Altrincham FC
[4511856] Could not find attributes for andrey kozhukhar (NK Veres Rivne, 2024)
[4511856] Failed to build match row: Futbolniy Klub Dynamo Kyiv vs NK Veres Rivne
[4648775] Failed to build match row: Futebol Clube do Porto vs AVS Futebol SAD
[3607616] Could not find attributes for aleix vidal (Espanol, 2021)

Keepers & outfield error for **Real Sociedad de Fútbol S.A.D.** in Real Sociedad de Fútbol S.A.D. vs Valencia Club de Fútbol S. A. D.: Numbers: 0 and 11.
[3869045] Could not find attributes for goncalo ramos (Sport Lisboa e Benfica, 2022)
[3607616] Failed to build match row: Valencia Club de Fútbol S. A. D. vs Espanol

Keepers & outfield error for **Grêmio Foot-Ball Porto Alegrense** in Grêmio Foot-Ball Porto Alegrense vs São Paulo Futebol Clube: Numbers: 0 and 11.
[3431941] Failed to build match row: Real Sociedad de Fútbol S.A.D. vs Valencia Club de Fútbol S. A. D.
[3869045] Failed to build match row: Sport Lisboa e Benfica vs Futebol Clube de Arouca
[4582292] Failed to build match row: Grêmio Foot-Ball Porto Alegrense vs São Paulo Futebol Clube
[3837914] Could not find attributes for stivi frasheri (FC Ballkani, 2022)
[3837914] Failed to build match row: FC Ballkani vs FK Zalgiris Vilnius
[4650552] Could not find attributes for aleksandr koryakin (FK Krasnodar, 2025)
[4650552] Failed to build match row: FK Krasnodar vs FK Sochi
[3422278] Could not find attributes for sergiy dvornyk (Energiya Nova Kakhovka, 2020)
[3422278] Failed to build match row: Energiya Nova Kakhovka vs Chornomorets Odesa
[4624604] Failed to scrape lineup: https://www.transfermarkt.co.uk/fk-dukla-prague_fk-teplice/index/spielbericht/4624604

Keepers & outfield error for **Asociación Atlética Argentinos Juniors** in Asociación Atlética Argentinos Juniors vs Club Atlético Platense: Numbers: 0 and 11.
[4445462] Could not find attributes for senou coulibaly (Omonia Nicosia, 2024)
[4529334] Failed to build match row: Asociación Atlética Argentinos Juniors vs Club Atlético Platense
[4445462] Failed to build match row: Omonia Nicosia vs Legia Warszawa Spółka Akcyjna

Keepers & outfield error for **Atalanta Bergamasca Calcio S.p.a.** in Atalanta Bergamasca Calcio S.p.a. vs Football Club Internazionale Milano S.p.A.: Numbers: 2 and 9.

Keepers & outfield error for **Società Sportiva Lazio S.p.A.** in Società Sportiva Lazio S.p.A. vs Sportklub Puntigamer Sturm Graz: Numbers: 2 and 9.
[3837915] Could not find attributes for vytautas cerniauskas (FC RFS, 2022)

Keepers & outfield error for **Futebol Clube de Famalicão** in Futebol Clube de Famalicão vs Club Football Estrela da Amadora: Numbers: 2 and 9.
[4374202] Failed to build match row: Atalanta Bergamasca Calcio S.p.a. vs Football Club Internazionale Milano S.p.A.
[4648776] Failed to build match row: Futebol Clube de Famalicão vs Club Football Estrela da Amadora
[4365361] Could not find attributes for michal kaput (Radomiak S.A., 2024)
[4582293] Could not find attributes for lucas villalba (Cruzeiro Esporte Clube, 2024)
[3837915] Failed to build match row: HJK Helsinki vs FC RFS

Keepers & outfield error for **Boavista FC** in Portimonense SC vs Boavista FC: Numbers: 3 and 8.
[4219013] Failed to scrape lineup: https://www.transfermarkt.co.uk/spielbericht/index/spielbericht/4219013
[4160973] Could not find attributes for tonny vilhena (Panathinaikos Athlitikos Omilos, 2023)
[3912597] Failed to build match row: Società Sportiva Lazio S.p.A. vs Sportklub Puntigamer Sturm Graz

Keepers & outfield error for **Manchester City Football Club** in Manchester City Football Club vs Tottenham Hotspur Football Club: Numbers: 2 and 9.
[4365361] Failed to build match row: Gliwicki Klub Sportowy Piast Spółka Akcyjna vs Radomiak S.A.
[4582293] Failed to build match row: Cruzeiro Esporte Clube vs Fortaleza Esporte Clube
[3869046] Failed to build match row: Portimonense SC vs Boavista FC
[3641293] Could not find attributes for matteo pisseri (US Alessandria Calcio 1912, 2021)
[3641293] Failed to build match row: UC Sampdoria vs US Alessandria Calcio 1912
[3592107] Failed to build match row: Manchester City Football Club vs Tottenham Hotspur Football Club
[3584542] Could not find attributes for yohan benalouane (Aris Thessalonikis, 2021)
[4160973] Failed to build match row: Panathinaikos Athlitikos Omilos vs Sporting Clube de Braga
[3584542] Failed to build match row: Aris Thessalonikis vs FC Astana
[4624605] Could not find attributes for jan kral (SK Sigma Olomouc, a.s., 2025)
[4624605] Failed to build match row: SK Sigma Olomouc, a.s. vs FK Jablonec a.s.
[3889067] Failed to scrape lineup: https://www.transfermarkt.co.uk/volos-nps_pas-giannina/index/spielbericht/3889067
[4705976] Could not find attributes for bogdan stepanenko (Fazenda Chernivtsi, 2025)
[4705976] Failed to build match row: Fazenda Chernivtsi vs MFC Metalurg Zaporizhya
[4103574] Failed to scrape lineup: https://www.transfermarkt.co.uk/cagliari-calcio_genoa-cfc/index/spielbericht/4103574
[4784350] Failed to scrape lineup: https://www.transfermarkt.co.uk/spielbericht/index/spielbericht/4784350
[3457443] Failed to scrape lineup: https://www.transfermarkt.co.uk/vejle-boldklub_fc-midtjylland/index/spielbericht/3457443
[4641351] Failed to scrape lineup: https://www.transfermarkt.co.uk/sint-truidense-vv_cercle-brugge/index/spielbericht/4641351
[4634534] Failed to scrape lineup: https://www.transfermarkt.co.uk/vfb-stuttgart_bayer-04-leverkusen/index/spielbericht/4634534
[3491241] Could not find attributes for bayleigh passant (Marine FC, 2020)
[3491241] Failed to build match row: Marine FC vs Tottenham Hotspur Football Club
[4414102] Could not find attributes for oleksiy drui (Real Farma Ovidiopol, 2024)
[4414102] Failed to build match row: Real Farma Ovidiopol vs UCSA Tarasivka
[4646006] Failed to scrape lineup: https://www.transfermarkt.co.uk/girona-fc_rcd-mallorca/index/spielbericht/4646006

Keepers & outfield error for **Manchester United Football Club** in Manchester United Football Club vs Wolverhampton Wanderers Football Club: Numbers: 2 and 9.
[3607617] Failed to scrape lineup: https://www.transfermarkt.co.uk/villarreal-cf_levante-ud/index/spielbericht/3607617
[4393435] Failed to scrape lineup: https://www.transfermarkt.co.uk/eyupspor_antalyaspor/index/spielbericht/4393435
[4113015] Failed to scrape lineup: https://www.transfermarkt.co.uk/athletic-bilbao_villarreal-cf/index/spielbericht/4113015
[4362845] Failed to build match row: Manchester United Football Club vs Wolverhampton Wanderers Football Club
[4370064] Failed to scrape lineup: https://www.transfermarkt.co.uk/rsc-anderlecht_oud-heverlee-leuven/index/spielbericht/4370064
[3601589] Could not find attributes for florian kirschke (SC Weiche Flensburg 08, 2021)
[4648777] Could not find attributes for nabil touaizi (Futebol Clube de Alverca, 2025)
[3601589] Failed to build match row: SC Weiche Flensburg 08 vs Holstein Kiel
[4634535] Could not find attributes for vini souza (Verein für Leibesübungen Wolfsburg, 2025)
[4648777] Failed to build match row: Grupo Desportivo Estoril Praia vs Futebol Clube de Alverca
[4582294] Could not find attributes for weverton (Sociedade Esportiva Palmeiras, 2024)
[3457444] Could not find attributes for victor mpindi (Sønderjyske Fodbold, 2020)
[4096147] Failed to scrape lineup: https://www.transfermarkt.co.uk/bayer-04-leverkusen_bayern-munich/index/spielbericht/4096147
[4634535] Failed to build match row: Verein für Leibesübungen Wolfsburg vs FC Bayern München
[4103575] Could not find attributes for daniele rugani (Juventus Football Club, 2023)
[4582294] Failed to build match row: Sociedade Esportiva Palmeiras vs Fortaleza Esporte Clube
[3457444] Failed to build match row: Brøndby Idrætsforening vs Sønderjyske Fodbold
[4103575] Failed to build match row: Associazione Calcio Fiorentina vs Juventus Football Club
[4624606] Failed to scrape lineup: https://www.transfermarkt.co.uk/fc-slovan-liberec_bohemians-prague-1905/index/spielbericht/4624606
[4808230] Could not find attributes for waldo madrid (Querétaro Fútbol Club, 2025)
[3889068] Could not find attributes for lefteris choutesiotis (Ionikos Nikeas, 2022)
[4720665] Could not find attributes for magnus madvig hansen (Sundby Boldklub, 2025)
[4445463] Could not find attributes for senou coulibaly (Omonia Nicosia, 2024)
[4808230] Failed to build match row: Querétaro Fútbol Club vs Promotora del Club Pachuca S. A. de C. V.
[4720665] Failed to build match row: Sundby Boldklub vs Odense Boldklub
[4445463] Failed to build match row: Omonia Nicosia vs Sportklub Rapid
[3889068] Failed to build match row: Ionikos Nikeas vs Panthessalonikios Athlitikos Omilos Konstantinoupoliton
[4646007] Could not find attributes for jose gaya (Valencia Club de Fútbol S. A. D., 2025)
[3837916] Could not find attributes for mathias rosenorn (KÍ Klaksvík, 2022)
[4650553] Could not find attributes for nicolas marichal (FK Dinamo Moskva, 2025)

Keepers & outfield error for **Associazione Sportiva Roma** in Unione Sportiva Sassuolo Calcio vs Associazione Sportiva Roma: Numbers: 0 and 11.
[4646007] Failed to build match row: Valencia Club de Fútbol S. A. D. vs Club Atlético de Madrid S.A.D.
[4650553] Failed to build match row: FK Dinamo Moskva vs PFK Krylya Sovetov Samara

Keepers & outfield error for **Associazione Calcio Fiorentina** in Associazione Calcio Fiorentina vs Juventus Football Club: Numbers: 0 and 11.
[3837916] Failed to build match row: Fotballklubben Bodø/Glimt vs KÍ Klaksvík

Keepers & outfield error for **Alaves** in Villarreal Club de Fútbol S.A.D. vs Alaves: Numbers: 2 and 9.
[3614776] Failed to build match row: Unione Sportiva Sassuolo Calcio vs Associazione Sportiva Roma
[4374204] Failed to build match row: Associazione Calcio Fiorentina vs Juventus Football Club
[3431943] Failed to build match row: Villarreal Club de Fútbol S.A.D. vs Alaves
[3690534] Could not find attributes for tom sharpe (Banbury United, 2021)
[4093530] Failed to scrape lineup: https://www.transfermarkt.co.uk/pec-zwolle_sparta-rotterdam/index/spielbericht/4093530
[4129512] Failed to scrape lineup: https://www.transfermarkt.co.uk/caykur-rizespor_galatasaray/index/spielbericht/4129512
[4626002] Failed to scrape lineup: https://www.transfermarkt.co.uk/crystal-palace_aston-villa/index/spielbericht/4626002
[3690534] Failed to build match row: Banbury United vs Barrow AFC
[4365362] Could not find attributes for gasper tratnik (Motor Lublin Spółka Akcyjna, 2024)
[3441884] Could not find attributes for edoardo sarri (US Città di Pontedera, 2020)

Keepers & outfield error for **İstanbul Başakşehir Futbol Kulübü** in İstanbul Başakşehir Futbol Kulübü vs Adana Demirspor: Numbers: 2 and 9.
[4365362] Failed to build match row: Morski Klub Sportowy Pogoń Szczecin vs Motor Lublin Spółka Akcyjna
[3441884] Failed to build match row: US Città di Pontedera vs Atletico Arezzo
[4393436] Failed to build match row: İstanbul Başakşehir Futbol Kulübü vs Adana Demirspor
[4358803] Could not find attributes for nikola marjanovic (FK Tekstilac Odzaci, 2024)
[4358803] Failed to build match row: FK Tekstilac Odzaci vs Omladinski fudbalski klub Beograd

Keepers & outfield error for **Futbol Club Barcelona** in Club Atlético Osasuna vs Futbol Club Barcelona: Numbers: 0 and 11.
[3422279] Could not find attributes for dmytro yakovenko (SK Tavriya Simferopol ( - 2022), 2020)
[3491242] Could not find attributes for david longe king (Newport County, 2020)
[4405353] Failed to build match row: Club Atlético Osasuna vs Futbol Club Barcelona
[3491242] Failed to build match row: Newport County vs Brighton and Hove Albion Football Club
[4641352] Could not find attributes for alireza jahanbakhsh (FC Verbroedering Denderhoutem Denderleeuw Eendracht Hekelgem, 2025)
[3422279] Failed to build match row: SK Tavriya Simferopol ( - 2022) vs Real Farma Ovidiopol
[4641352] Failed to build match row: FC Verbroedering Denderhoutem Denderleeuw Eendracht Hekelgem vs Royal Charleroi Sporting Club
[3889069] Could not find attributes for matej markovic (APO Levadiakos Football Club, 2022)
[4648778] Could not find attributes for jakub brabec (Rio Ave Futebol Clube, 2025)
[3889069] Failed to build match row: APO Levadiakos Football Club vs Olympiakos Syndesmos Filathlon Peiraios
[3837917] Could not find attributes for keston davies (The New Saints, 2022)
[3457445] Could not find attributes for tosin kehinde (Randers Fodbold Club, 2020)
[4634536] Could not find attributes for wael mohya (Mönchengladbach, 2025)
[3837917] Failed to build match row: The New Saints vs Linfield FC
[4648778] Failed to build match row: Sporting Clube de Portugal vs Rio Ave Futebol Clube
[3457445] Failed to build match row: Randers Fodbold Club vs Vejle Boldklub

Keepers & outfield error for **FC Empoli** in Frosinone Calcio vs FC Empoli: Numbers: 2 and 9.
[4103576] Failed to build match row: Frosinone Calcio vs FC Empoli
[4634536] Failed to build match row: Fußball-Club Augsburg 1907 vs Mönchengladbach
[4784351] Could not find attributes for antxon jaso (Real Murcia CF, 2025)
[4445464] Could not find attributes for senou coulibaly (Omonia Nicosia, 2024)

Keepers & outfield error for **Wolverhampton Wanderers Football Club** in Everton Football Club vs Wolverhampton Wanderers Football Club: Numbers: 0 and 11.
[4626003] Failed to build match row: Everton Football Club vs Wolverhampton Wanderers Football Club
[4784351] Failed to build match row: Real Murcia CF vs Real Betis Balompié S.A.D.
[3584543] Could not find attributes for stanislav namasco (FK Inter Baku, 2021)
[3584543] Failed to build match row: FK Inter Baku vs FK Sochi
[4445464] Failed to build match row: Omonia Nicosia vs Víkingur Reykjavík
[4650554] Failed to scrape lineup: https://www.transfermarkt.co.uk/spielbericht/index/spielbericht/4650554

Keepers & outfield error for **Real Betis Balompié S.A.D.** in Real Betis Balompié S.A.D. vs Celta: Numbers: 0 and 11.
[4414103] Could not find attributes for vladyslav zakorskyi (Lokomotyv Kyiv, 2024)
[4582295] Failed to scrape lineup: https://www.transfermarkt.co.uk/mirassol-futebol-clube-sp-_esporte-clube-bahia/index/spielbericht/4582295
[4414103] Failed to build match row: Lokomotyv Kyiv vs TOV FK Metalist 1925 Kharkiv
[4129513] Could not find attributes for aylton boa morte (Kayserispor Kulübü, 2023)
[3840097] Could not find attributes for kevin keben (Toulouse Football Club, 2022)
[4113017] Failed to build match row: Real Betis Balompié S.A.D. vs Celta
[3912598] Could not find attributes for igor paixao (Feyenoord Rotterdam, 2022)
[4405354] Could not find attributes for juma bah (Real Valladolid CF, 2024)
[3840097] Failed to build match row: Toulouse Football Club vs Association sportive de Monaco Football Club
[4129513] Failed to build match row: Kayserispor Kulübü vs Alanyaspor
[3912598] Failed to build match row: Feyenoord Rotterdam vs Società Sportiva Lazio S.p.A.

Keepers & outfield error for **Gil Vicente Futebol Clube** in Gil Vicente Futebol Clube vs FC Paços de Ferreira: Numbers: 0 and 11.
[4405354] Failed to build match row: Real Valladolid CF vs Real Club Deportivo Mallorca S.A.D.
[4160975] Failed to scrape lineup: https://www.transfermarkt.co.uk/spielbericht/index/spielbericht/4160975
[4358804] Could not find attributes for sasa stamenkovic (Fudbalski Klub Mladost Lučani, 2024)
[3869047] Failed to build match row: Gil Vicente Futebol Clube vs FC Paços de Ferreira
[4705977] Could not find attributes for georgiy spivachenko (Real Farma Ovidiopol, 2025)
[4358804] Failed to build match row: Fudbalski Klub Mladost Lučani vs Fudbalski klub Crvena zvezda Beograd
[4720666] Could not find attributes for niklas banck skodt (IF Lyseng, 2025)
[3851179] Could not find attributes for gift orban (Koninklijke Atletiek Associatie Gent, 2022)
[4705977] Failed to build match row: Real Farma Ovidiopol vs Nyva Ternopil
[4720666] Failed to build match row: IF Lyseng vs FC Roskilde
[3851179] Failed to build match row: Koninklijke Voetbal Club Westerlo vs Koninklijke Atletiek Associatie Gent

Keepers & outfield error for **Club Atlético de San Luis** in Club Atlético de San Luis vs Club Deportivo Guadalajara S. A. de C. V.: Numbers: 2 and 9.
[3607619] Failed to scrape lineup: https://www.transfermarkt.co.uk/deportivo-alaves_athletic-bilbao/index/spielbericht/3607619
[3413076] Could not find attributes for nils petersen (Sport-Club Freiburg, 2020)
[4808231] Failed to build match row: Club Atlético de San Luis vs Club Deportivo Guadalajara S. A. de C. V.
[3413076] Failed to build match row: FC Schalke 04 vs Sport-Club Freiburg

Keepers & outfield error for **Wolverhampton Wanderers Football Club** in Wolverhampton Wanderers Football Club vs Leicester City: Numbers: 0 and 11.
[3592110] Failed to build match row: Wolverhampton Wanderers Football Club vs Leicester City
[4365363] Failed to scrape lineup: https://www.transfermarkt.co.uk/stal-mielec_rakow-czestochowa/index/spielbericht/4365363
[4370066] Failed to scrape lineup: https://www.transfermarkt.co.uk/royal-antwerp-fc_sint-truidense-vv/index/spielbericht/4370066

Keepers & outfield error for **Club Atlético Boca Juniors** in Club Atlético Boca Juniors vs Club Atlético Huracán: Numbers: 0 and 11.
[4624608] Could not find attributes for stanislav dostal (FC Trinity Zlin, 2025)
[3974027] Failed to scrape lineup: https://www.transfermarkt.co.uk/spielbericht/index/spielbericht/3974027
[4624608] Failed to build match row: FC Trinity Zlin vs FC Baník Ostrava a.s.
[4529337] Failed to build match row: Club Atlético Boca Juniors vs Club Atlético Huracán
[3614778] Failed to scrape lineup: https://www.transfermarkt.co.uk/bologna-fc-1909_spezia-calcio/index/spielbericht/3614778
[3643305] Failed to scrape lineup: https://www.transfermarkt.co.uk/spielbericht/index/spielbericht/3643305
[4648779] Could not find attributes for joao aurelio (Clube Desportivo Nacional, 2025)
[4393438] Could not find attributes for malcom bokele (Göztepe Sportif Yatırımlar A.Ş., 2024)
[4648779] Failed to build match row: Clube Desportivo Nacional vs Clube Desportivo Santa Clara
[4393438] Failed to build match row: Göztepe Sportif Yatırımlar A.Ş. vs Galatasaray Spor Kulübü
[3840098] Failed to scrape lineup: https://www.transfermarkt.co.uk/estac-troyes_aj-auxerre/index/spielbericht/3840098
[4650555] Could not find attributes for dmitriy chistyakov (FK Rostov, 2025)
[4512032] Failed to scrape lineup: https://www.transfermarkt.co.uk/spielbericht/index/spielbericht/4512032
[3912599] Failed to scrape lineup: https://www.transfermarkt.co.uk/spielbericht/index/spielbericht/3912599
[3889070] Failed to scrape lineup: https://www.transfermarkt.co.uk/panetolikos-gfs_panathinaikos-fc/index/spielbericht/3889070
[4096150] Failed to scrape lineup: https://www.transfermarkt.co.uk/1-fc-union-berlin_vfl-wolfsburg/index/spielbericht/4096150
[4405355] Failed to scrape lineup: https://www.transfermarkt.co.uk/villarreal-cf_ud-las-palmas/index/spielbericht/4405355
[3422280] Could not find attributes for ruslan yefanov (Alyans Lypova Dolyna, 2020)
[4650555] Failed to build match row: FK Rostov vs FK Nizhny Novgorod
[3422280] Failed to build match row: Alyans Lypova Dolyna vs TOV FK Metalist 1925 Kharkiv
[4582296] Could not find attributes for raniele (Sport Club Corinthians Paulista, 2024)
[4219014] Could not find attributes for beryly lubala (Burton Albion, 2023)
[3431959] Could not find attributes for srdjan babic (Futebol Clube de Famalicão, 2020)
[4160976] Could not find attributes for matevz vidovsek (NK Olimpija Ljubljana, 2023)
[4219014] Failed to build match row: Port Vale FC vs Burton Albion
[3431959] Failed to build match row: Futebol Clube de Famalicão vs Sport Lisboa e Benfica
[4582296] Failed to build match row: Sport Club Corinthians Paulista vs Mirasol Futebol Clube
[4160976] Failed to build match row: NK Olimpija Ljubljana vs Qarabağ FK
[3584544] Could not find attributes for dominik kruzliak (DAC Dunajska Streda, 2021)
[3584544] Failed to build match row: DAC Dunajska Streda vs Fudbalski Klub Partizan Beograd

Keepers & outfield error for **Grupo Desportivo Estoril Praia** in Grupo Desportivo Estoril Praia vs Futebol Clube de Famalicão: Numbers: 2 and 9.
[4113018] Could not find attributes for matija nastasic (Real Club Deportivo Mallorca S.A.D., 2023)
[3869048] Failed to build match row: Grupo Desportivo Estoril Praia vs Futebol Clube de Famalicão
[4113018] Failed to build match row: Real Club Deportivo Mallorca S.A.D. vs Real Madrid Club de Fútbol
[4358805] Could not find attributes for vukasin jovanovic (FK Jedinstvo Ub, 2024)
[4358805] Failed to build match row: FK Jedinstvo Ub vs Fudbalski Klub Mladost Lučani
[3441885] Could not find attributes for stefano mazzini (Carrarese Calcio 1908, 2020)
[4129514] Could not find attributes for endri cekici (Pendikspor, 2023)
[3601591] Could not find attributes for marcus hoffmann (SV Babelsberg 03, 2021)
[3601591] Failed to build match row: SV Babelsberg 03 vs SpVgg Greuther Fürth
[4129514] Failed to build match row: Istanbulspor vs Pendikspor
[3441885] Failed to build match row: Carrarese Calcio 1908 vs GSD Ambrosiana

Keepers & outfield error for **Manchester United Football Club** in Aston Villa Football Club vs Manchester United Football Club: Numbers: 2 and 9.
[4414104] Could not find attributes for vladyslav felipovych (Probiy Gorodenka, 2024)
[4445467] Could not find attributes for matevz vidovsek (NK Olimpija Ljubljana, 2024)
tball Club
[4093533] Could not find attributes for robin propper (Football Club Twente, 2023)
[4646010] Could not find attributes for jose gaya (Valencia Club de Fútbol S. A. D., 2025)
[4414104] Failed to build match row: Probiy Gorodenka vs FC Khust
[4096151] Could not find attributes for josuha guilavogui (1. Fußball- und Sportverein Mainz 05, 2023)
[4445467] Failed to build match row: HJK Helsinki vs NK Olimpija Ljubljana
[4646010] Failed to build match row: Athletic Club Bilbao vs Valencia Club de Fútbol S. A. D.
[4093533] Failed to build match row: Almere City FC vs Football Club Twente

Keepers & outfield error for **Fleetwood Town** in Fleetwood Town vs Queens Park Rangers: Numbers: 2 and 9.
[4365364] Could not find attributes for assad al hamlawi (Slask Wroclaw, 2024)
[3974028] Failed to build match row: Fleetwood Town vs Queens Park Rangers
[4365364] Failed to build match row: Slask Wroclaw vs Zagłębie Lubin Spółka Akcyjna
[4096151] Failed to build match row: Verein für Bewegungsspiele Stuttgart 1893 vs 1. Fußball- und Sportverein Mainz 05
[4160977] Could not find attributes for franz brorsson (Aris Limassol, 2023)

Keepers & outfield error for **FC Empoli** in Juventus Football Club vs FC Empoli: Numbers: 2 and 9.
[4650556] Could not find attributes for egor lyubakov (FK Baltika, 2025)
[4160977] Failed to build match row: Aris Limassol vs Slovan Bratislava
[4650556] Failed to build match row: FK Baltika vs Футбольный клуб "Локомотив" Москва
[3413077] Could not find attributes for sava arangel cestic (1. Fußball-Club Köln, 2020)
[3422281] Could not find attributes for ruslan zarubin (Viktoriya Sumy, 2020)

Keepers & outfield error for **Club Atlético Belgrano** in Club Atlético Belgrano vs Club Sportivo Independiente Rivadavia: Numbers: 2 and 9.
[4513386] Failed to build match row: Juventus Football Club vs FC Empoli
[3422281] Failed to build match row: Viktoriya Sumy vs Feniks-Mariupol

Keepers & outfield error for **Gil Vicente Futebol Clube** in Gil Vicente Futebol Clube vs Clube Desportivo de Tondela: Numbers: 0 and 11.
[3413077] Failed to build match row: 1. Fußball-Club Köln vs Bayer 04 Leverkusen Fußball
[4784352] Could not find attributes for luka gagnidze (Granada CF, 2025)
[3431960] Failed to build match row: Gil Vicente Futebol Clube vs Clube Desportivo de Tondela
[4529338] Failed to build match row: Club Atlético Belgrano vs Club Sportivo Independiente Rivadavia
[4582297] Could not find attributes for jemmes (Mirasol Futebol Clube, 2024)

Keepers & outfield error for **Oxford United** in Oxford United vs Bristol Rovers: Numbers: 2 and 9.
[4582297] Failed to build match row: Mirasol Futebol Clube vs Cruzeiro Esporte Clube
[4784352] Failed to build match row: Granada CF vs Rayo Vallecano de Madrid S. A. D.
[3690536] Failed to build match row: Oxford United vs Bristol Rovers

Keepers & outfield error for **Sporting Clube de Braga** in Sporting Clube de Braga vs Sporting Clube de Portugal: Numbers: 0 and 11.
[4648780] Could not find attributes for joao moutinho (Sporting Clube de Braga, 2025)
[3869049] Failed to build match row: Sporting Clube de Braga vs Sporting Clube de Portugal
[4648780] Failed to build match row: Sporting Clube de Braga vs Sport Lisboa e Benfica

Keepers & outfield error for **Valencia Club de Fútbol S. A. D.** in Club Atlético Osasuna vs Valencia Club de Fútbol S. A. D.: Numbers: 2 and 9.
[3889071] Could not find attributes for nikolaos papadopoulos (A.G.S Asteras Tripolis, 2022)
b, 2022)
[4113019] Failed to build match row: Club Atlético Osasuna vs Valencia Club de Fútbol S. A. D.
[3851180] Failed to build match row: Royal Charleroi Sporting Club vs RFC Seraing
[3889071] Failed to build match row: A.G.S Asteras Tripolis vs Ionikos Nikeas
[3643307] Could not find attributes for danilo arboleda (FC Sheriff Tiraspol, 2021)
[4405356] Failed to scrape lineup: https://www.transfermarkt.co.uk/getafe-cf_deportivo-alaves/index/spielbericht/4405356
[3643307] Failed to build match row: FC Sheriff Tiraspol vs GNK Dinamo Zagreb

Keepers & outfield error for **Manchester City Football Club** in Manchester City Football Club vs Brighton and Hove Albion Football Club: Numbers: 2 and 9.
[4626005] Failed to build match row: Manchester City Football Club vs Brighton and Hove Albion Football Club

Keepers & outfield error for **Club Tigres UANL Sinergia Deportiva S.A. de C.V.** in Club Tigres UANL Sinergia Deportiva S.A. de C.V. vs Club Santos Laguna S. A. de C. V.: Numbers: 0 and 11.
[4358806] Could not find attributes for vanja drkusic (Fudbalski klub Crvena zvezda Beograd, 2024)
[4808232] Failed to build match row: Club Tigres UANL Sinergia Deportiva S.A. de C.V. vs Club Santos Laguna S. A. de C. V.
[4358806] Failed to build match row: Fudbalski klub Crvena zvezda Beograd vs FK Tekstilac Odzaci
[3584545] Could not find attributes for roman stepanov (Dynamo Brest, 2021)
[4096152] Could not find attributes for pavel kaderabek (Turn- und Sportgemeinschaft 1899 Hoffenheim Fußball-Spielbetriebs, 2023)
[4529339] Failed to scrape lineup: https://www.transfermarkt.co.uk/defensa-y-justicia_ca-barracas-central/index/spielbericht/4529339
[4096152] Failed to build match row: Turn- und Sportgemeinschaft 1899 Hoffenheim Fußball-Spielbetriebs vs 1. Fußball-Club Köln
[4362849] Failed to scrape lineup: https://www.transfermarkt.co.uk/arsenal-fc_crystal-palace/index/spielbericht/4362849
[3584545] Failed to build match row: Dynamo Brest vs FC Viktoria Plzeň, a.s.
[4219015] Could not find attributes for joe ellul (Ramsgate FC, 2023)
[3413078] Could not find attributes for omer toprak (Sportverein Werder Bremen von 1899, 2020)
[3614780] Failed to scrape lineup: https://www.transfermarkt.co.uk/acf-fiorentina_atalanta-bc/index/spielbericht/3614780
[4634539] Failed to scrape lineup: https://www.transfermarkt.co.uk/hamburger-sv_sc-freiburg/index/spielbericht/4634539
[3413078] Failed to build match row: Sportverein Werder Bremen von 1899 vs Borussia Dortmund
[4393439] Could not find attributes for zdravko dimitrov (Bodrum FK, 2024)
[3491243] Could not find attributes for bali mumba (Norwich City, 2020)
[4219015] Failed to build match row: Ramsgate FC vs Woking FC
[3491243] Failed to build match row: Norwich City vs Coventry City
[4393439] Failed to build match row: Bodrum FK vs Beşiktaş Jimnastik Kulübü
[4365365] Could not find attributes for luquinhas (Legia Warszawa Spółka Akcyjna, 2024)
[4365365] Failed to build match row: Widzew Łódź Spółka Akcyjna vs Legia Warszawa Spółka Akcyjna
[3912601] Could not find attributes for paulinho (Fodbold Club Midtjylland, 2022)
[3607620] Failed to build match row: Granada CF vs Futbol Club Barcelona

Keepers & outfield error for **AVS Futebol SAD** in AVS Futebol SAD vs Clube Desportivo Nacional: Numbers: 0 and 11.
[3837918] Could not find attributes for jurgen degabriele (Hibernians FC, 2022)
[3912601] Failed to build match row: Fodbold Club Midtjylland vs Società Sportiva Lazio S.p.A.
[4624609] Could not find attributes for frantisek cech (FC Hradec Králové a.s., 2025)
[4648781] Failed to build match row: AVS Futebol SAD vs Clube Desportivo Nacional
[4624609] Failed to build match row: FC Viktoria Plzeň, a.s. vs FC Hradec Králové a.s.
[3837918] Failed to build match row: Shamrock Rovers vs Hibernians FC
[4113020] Could not find attributes for marvin park (UD Las Palmas, 2023)
[4113020] Failed to build match row: UD Las Palmas vs Sevilla Fútbol Club S.A.D.
[3851181] Could not find attributes for aleksandr filin (KAS Eupen, 2022)
[3601592] Failed to scrape lineup: https://www.transfermarkt.co.uk/spielbericht/index/spielbericht/3601592
[3851181] Failed to build match row: KAS Eupen vs Yellow-Red Koninklijke Voetbalclub Mechelen

Keepers & outfield error for **Leeds United Association Football Club** in Newcastle United Football Club vs Leeds United Association Football Club: Numbers: 0 and 11.
[4626006] Failed to build match row: Newcastle United Football Club vs Leeds United Association Football Club
[4582298] Could not find attributes for cuiabano (S. A. F. Botafogo, 2024)
[4582298] Failed to build match row: S. A. F. Botafogo vs Santos Futebol Clube
[4405357] Could not find attributes for matija nastasic (CD Leganés, 2024)
[4096153] Could not find attributes for anthony losilla (VfL Bochum, 2023)
[4405357] Failed to build match row: Rayo Vallecano de Madrid S. A. D. vs CD Leganés
[4096153] Failed to build match row: Eintracht Frankfurt Fußball AG vs VfL Bochum
[4414105] Could not find attributes for kyrylo arkhypchuk (Skala 1911 Stryi, 2024)
[4414105] Failed to build match row: Skala 1911 Stryi vs Epicentr Dunaivtsi
[4650557] Failed to scrape lineup: https://www.transfermarkt.co.uk/spielbericht/index/spielbericht/4650557
[4513388] Could not find attributes for mats hummels (Associazione Sportiva Roma, 2024)
[4103579] Failed to scrape lineup: https://www.transfermarkt.co.uk/as-roma_us-lecce/index/spielbericht/4103579
[4513388] Failed to build match row: Associazione Calcio Milan vs Associazione Sportiva Roma
[4785270] Could not find attributes for philip billing (Fodbold Club Midtjylland, 2025)

Keepers & outfield error for **Gil Vicente Futebol Clube** in Gil Vicente Futebol Clube vs Portimonense SC: Numbers: 0 and 11.
[4785270] Failed to build match row: Aarhus Gymnastik Forening vs Fodbold Club Midtjylland
[3431961] Failed to build match row: Gil Vicente Futebol Clube vs Portimonense SC
[4648782] Could not find attributes for benny (Moreirense Futebol Clube, 2025)
[4624610] Could not find attributes for jachym serak (FK Pardubice, 2025)
[4648782] Failed to build match row: Club Football Estrela da Amadora vs Moreirense Futebol Clube

Keepers & outfield error for **Brentford Football Club** in Liverpool Football Club vs Brentford Football Club: Numbers: 0 and 11.
[3607621] Could not find attributes for aleix vidal (Espanol, 2021)
[4624610] Failed to build match row: FK Pardubice vs MFK Karvina
[3592114] Failed to build match row: Liverpool Football Club vs Brentford Football Club
[4445468] Could not find attributes for fedor lapoukhov (Dinamo Minsk, 2024)
[4370068] Could not find attributes for bruninho (Cercle Brugge Koninklijke Sportvereniging, 2024)
[3607621] Failed to build match row: Espanol vs Elche Club de Fútbol S.A.D.
[4445468] Failed to build match row: HJK Helsinki vs Dinamo Minsk
[3851182] Could not find attributes for lior refaelov (Royal Sporting Club Anderlecht, 2022)
[4646013] Failed to scrape lineup: https://www.transfermarkt.co.uk/levante-ud_ca-osasuna/index/spielbericht/4646013
[4358807] Could not find attributes for balsa popovic (Omladinski fudbalski klub Beograd, 2024)
[3851182] Failed to build match row: Royal Standard Club de Liège vs Royal Sporting Club Anderlecht
[4370068] Failed to build match row: Cercle Brugge Koninklijke Sportvereniging vs Beerschot VA

Keepers & outfield error for **Casa Pia Atlético Clube** in Clube Desportivo Santa Clara vs Casa Pia Atlético Clube: Numbers: 0 and 11.
[3441886] Could not find attributes for mario noce (Catania FC, 2020)
[3441886] Failed to build match row: Catania FC vs SSD San Nicolò Notaresco
[3869050] Failed to build match row: Clube Desportivo Santa Clara vs Casa Pia Atlético Clube
[4634549] Could not find attributes for jahmai simpson pusey (1. Fußball-Club Köln, 2025)
[4808233] Could not find attributes for lorenzo faravelli (Impulsora del Deportivo Necaxa S.A. de C.V., 2025)
[4358807] Failed to build match row: Omladinski fudbalski klub Beograd vs Fudbalski Klub Novi Pazar
[4160981] Could not find attributes for magnus manscher (Vejlby-Risskov Idraetsklub, 2023)
[3912602] Could not find attributes for paulinho (Fodbold Club Midtjylland, 2022)
[4634549] Failed to build match row: FC Bayern München vs 1. Fußball-Club Köln
[4808233] Failed to build match row: Impulsora del Deportivo Necaxa S.A. de C.V. vs Club Atlético de San Luis
[4160981] Failed to build match row: Vejlby-Risskov Idraetsklub vs Aalborg BK
[3422282] Could not find attributes for dmytro demskyi (Balkany Zorya, 2020)

Keepers & outfield error for **Sport Lisboa e Benfica** in Sport Lisboa e Benfica vs Eindhovense Voetbalvereniging Philips Sport Vereniging: Numbers: 2 and 9.
[4654967] Could not find attributes for miguel ortega (Llaneros FC, 2025)
[3912602] Failed to build match row: Fodbold Club Midtjylland vs Feyenoord Rotterdam
[3422282] Failed to build match row: Balkany Zorya vs MFK Mykolaiv
[3643308] Failed to build match row: Sport Lisboa e Benfica vs Eindhovense Voetbalvereniging Philips Sport Vereniging
[4654967] Failed to build match row: Llaneros FC vs CD América de Cali

Keepers & outfield error for **Club Atlético Talleres** in Club Atlético Talleres vs Club Atlético Tucumán: Numbers: 2 and 9.
[4113021] Could not find attributes for arsen zakharyan (Real Sociedad de Fútbol S.A.D., 2023)

Keepers & outfield error for **Calcio Como** in Associazione Calcio Milan vs Calcio Como: Numbers: 2 and 9.
[4374206] Failed to build match row: Associazione Calcio Milan vs Calcio Como
[4529347] Failed to build match row: Club Atlético Talleres vs Club Atlético Tucumán

Keepers & outfield error for **Ceará Sporting Club** in Ceará Sporting Club vs Clube de Regatas do Flamengo: Numbers: 2 and 9.
[4113021] Failed to build match row: Real Sociedad de Fútbol S.A.D. vs UD Almería
[4096154] Could not find attributes for tim kleindienst (1. Fußballclub Heidenheim 1846, 2023)
[4582299] Failed to build match row: Ceará Sporting Club vs Clube de Regatas do Flamengo
[4096154] Failed to build match row: Sportverein Werder Bremen von 1899 vs 1. Fußballclub Heidenheim 1846
[3413080] Could not find attributes for taiwo awoniyi (1. Fußballclub Union Berlin, 2020)
[3457447] Failed to scrape lineup: https://www.transfermarkt.co.uk/ac-horsens_aarhus-gf/index/spielbericht/3457447
[3413080] Failed to build match row: Verein für Bewegungsspiele Stuttgart 1893 vs 1. Fußballclub Union Berlin
[3889072] Failed to scrape lineup: https://www.transfermarkt.co.uk/olympiacos-piraeus_aek-athens/index/spielbericht/3889072
[4093753] Could not find attributes for djordjije pavlicic (Buducnost Podgorica, 2023)

Keepers & outfield error for **Real Betis Balompié S.A.D.** in Real Betis Balompié S.A.D. vs Espanol: Numbers: 0 and 11.
[4405358] Failed to build match row: Real Betis Balompié S.A.D. vs Espanol
[4093753] Failed to build match row: Buducnost Podgorica vs Breidablik Kópavogur
[4720667] Could not find attributes for lucas chang andersen (Brönshöj Boldklub, 2025)
[4648783] Could not find attributes for nabil touaizi (Futebol Clube de Alverca, 2025)
[4362851] Could not find attributes for abdoulaye doucoure (Everton Football Club, 2024)
[4648783] Failed to build match row: Futebol Clube de Alverca vs Futebol Clube do Porto
[4362851] Failed to build match row: Chelsea Football Club vs Everton Football Club
[3840102] Could not find attributes for ibrahim diakite (Stade Reims, 2022)
[4720667] Failed to build match row: Brönshöj Boldklub vs VSK Aarhus
[4624611] Could not find attributes for jiri floder (FK Mladá Boleslav, a.s., 2025)
[3840102] Failed to build match row: Montpellier HSC vs Stade Reims
[3851183] Could not find attributes for vadis odjidja ofoe (Koninklijke Atletiek Associatie Gent, 2022)
[4624611] Failed to build match row: FK Mladá Boleslav, a.s. vs 1. FC Slovácko

Keepers & outfield error for **Football Club København** in Viborg Fodsports Forening vs Football Club København: Numbers: 2 and 9.
[4370069] Could not find attributes for ousseynou niang (Royale Union Saint-Gilloise, 2024)

Keepers & outfield error for **Manchester City Football Club** in Manchester City Football Club vs Chelsea Football Club: Numbers: 2 and 9.
[3851183] Failed to build match row: Koninklijke Atletiek Associatie Gent vs RFC Seraing
[4414113] Could not find attributes for mykhaylo abramov (SC Vilkhivtsi (Zakarpattya Oblast), 2024)
[4785271] Failed to build match row: Viborg Fodsports Forening vs Football Club København
[3592115] Failed to build match row: Manchester City Football Club vs Chelsea Football Club

Keepers & outfield error for **Al-Shabab Club** in Al-Shabab Club vs Al-Hazem Sport Club: Numbers: 0 and 11.
[4370069] Failed to build match row: Royale Union Saint-Gilloise vs Club Brugge Koninklijke Voetbalvereniging
[4654968] Failed to scrape lineup: https://www.transfermarkt.co.uk/once-caldas_atletico-nacional/index/spielbericht/4654968
[4414113] Failed to build match row: SC Vilkhivtsi (Zakarpattya Oblast) vs Metalist Kharkiv
[4445469] Could not find attributes for silviu smalenea (FC Petrocub Hincesti, 2024)
[4706111] Failed to build match row: Al-Shabab Club vs Al-Hazem Sport Club
[4096155] Could not find attributes for marcel schuhen (SV Darmstadt 98, 2023)
[4445469] Failed to build match row: FC Petrocub Hincesti vs Real Betis Balompié S.A.D.
[4641356] Could not find attributes for matties volckaert (Koninklijke Atletiek Associatie Gent, 2025)
[4358808] Could not find attributes for matija gocmanac (Fudbalski Klub Vojvodina, 2024)
[4096155] Failed to build match row: Mönchengladbach vs SV Darmstadt 98

Keepers & outfield error for **Clube Desportivo Nacional** in Clube Desportivo Nacional vs Boavista FC: Numbers: 0 and 11.
[4641356] Failed to build match row: Koninklijke Atletiek Associatie Gent vs Yellow-Red Koninklijke Voetbalclub Mechelen
[4393441] Could not find attributes for rachid ghezzal (Çaykur Rizespor Kulübü, 2024)
[4358808] Failed to build match row: Fudbalski Klub Vojvodina vs Fudbalski klub Čukarički Beograd
[3431962] Failed to build match row: Clube Desportivo Nacional vs Boavista FC
[4393441] Failed to build match row: Çaykur Rizespor Kulübü vs Hatayspor
[3912603] Could not find attributes for paulinho (Fodbold Club Midtjylland, 2022)

Keepers & outfield error for **Football Club Internazionale Milano S.p.A.** in Football Club Internazionale Milano S.p.A. vs Società Sportiva Lazio S.p.A.: Numbers: 0 and 11.
[3912603] Failed to build match row: Fodbold Club Midtjylland vs Sportklub Puntigamer Sturm Graz

Keepers & outfield error for **Reading FC** in Reading FC vs Milton Keynes Dons: Numbers: 0 and 11.
[4513627] Failed to build match row: Football Club Internazionale Milano S.p.A. vs Società Sportiva Lazio S.p.A.
[3690537] Could not find attributes for kynan isaac (Stratford Town, 2021)
[4113022] Could not find attributes for chris ramos (Cádiz CF, 2023)
[4219016] Failed to build match row: Reading FC vs Milton Keynes Dons

Keepers & outfield error for **Club de Gimnasia y Esgrima La Plata** in Club de Gimnasia y Esgrima La Plata vs CA San Martín (San Juan): Numbers: 2 and 9.
[3690537] Failed to build match row: Stratford Town vs Shrewsbury Town
[4113022] Failed to build match row: Cádiz CF vs Futbol Club Barcelona
[4529348] Failed to build match row: Club de Gimnasia y Esgrima La Plata vs CA San Martín (San Juan)
[4648784] Could not find attributes for jakub brabec (Rio Ave Futebol Clube, 2025)
[4785272] Failed to scrape lineup: https://www.transfermarkt.co.uk/spielbericht/index/spielbericht/4785272
[4624612] Failed to scrape lineup: https://www.transfermarkt.co.uk/fc-banik-ostrava_fc-hradec-kralove/index/spielbericht/4624612
[4808234] Could not find attributes for jackson porozo (Club Tijuana Xoloitzcuintles de Caliente, 2025)
[4365367] Could not find attributes for matus kmet (Klub Sportowy Górnik Zabrze Sportowa Spółka Akcyjna, 2024)
[4582300] Could not find attributes for everaldo (Fluminense Football Club, 2024)
[3837919] Could not find attributes for shahrudin mahammadaliyev (Qarabağ FK, 2022)
[3457448] Could not find attributes for zeca (Football Club København, 2020)
[3889073] Could not find attributes for praxitelis vouros (Omilos Filathlon Irakliou FC, 2022)
[4648784] Failed to build match row: Gil Vicente Futebol Clube vs Rio Ave Futebol Clube
[4808234] Failed to build match row: Club Tijuana Xoloitzcuintles de Caliente vs Club de Futbol Puebla de La Franja
[3837919] Failed to build match row: KKS Lech Poznań Spółka Akcyjna vs Qarabağ FK
[4582300] Failed to build match row: Fluminense Football Club vs Mirasol Futebol Clube
[4365367] Failed to build match row: Klub Sportowy Górnik Zabrze Sportowa Spółka Akcyjna vs Slask Wroclaw
[3889073] Failed to build match row: Omilos Filathlon Irakliou FC vs APO Levadiakos Football Club
[3457448] Failed to build match row: Fodbold Club Nordsjælland vs Football Club København
[4103580] Could not find attributes for chukwubuikem ikwuemesi (US Salernitana 1919, 2023)
[4103580] Failed to build match row: US Salernitana 1919 vs Società Sportiva Calcio Napoli
[4370070] Could not find attributes for konstantinos karetsas (Koninklijke Racing Club Genk, 2024)

Keepers & outfield error for **Paris Saint-Germain Football Club** in Paris Saint-Germain Football Club vs Football Club Lorient-Bretagne Sud: Numbers: 2 and 9.
[4370070] Failed to build match row: Koninklijke Racing Club Genk vs Royal Sporting Club Anderlecht
[4094578] Failed to build match row: Paris Saint-Germain Football Club vs Football Club Lorient-Bretagne Sud
[4374208] Failed to scrape lineup: https://www.transfermarkt.co.uk/as-roma_cagliari-calcio/index/spielbericht/4374208
[4358809] Failed to scrape lineup: https://www.transfermarkt.co.uk/fk-spartak-subotica_fk-tsc-backa-topola/index/spielbericht/4358809
[4393442] Failed to scrape lineup: https://www.transfermarkt.co.uk/fenerbahce_konyaspor/index/spielbericht/4393442
[3413082] Failed to scrape lineup: https://www.transfermarkt.co.uk/borussia-monchengladbach_tsg-1899-hoffenheim/index/spielbericht/3413082
[4513754] Failed to scrape lineup: https://www.transfermarkt.co.uk/spielbericht/index/spielbericht/4513754
[4529350] Failed to scrape lineup: https://www.transfermarkt.co.uk/ca-velez-sarsfield_cd-godoy-cruz-antonio-tomba/index/spielbericht/4529350
[3422283] Could not find attributes for richard kunoun (Rubikon Kyiv, 2020)
[3422283] Failed to build match row: Rubikon Kyiv vs Dinaz Vyshgorod

Keepers & outfield error for **Elche Club de Fútbol S.A.D.** in Elche Club de Fútbol S.A.D. vs Alaves: Numbers: 0 and 11.
[4646015] Failed to build match row: Elche Club de Fútbol S.A.D. vs Alaves
[3837920] Failed to scrape lineup: https://www.transfermarkt.co.uk/spielbericht/index/spielbericht/3837920
[3457449] Failed to scrape lineup: https://www.transfermarkt.co.uk/aalborg-bk_lyngby-bk/index/spielbericht/3457449
[4582301] Failed to scrape lineup: https://www.transfermarkt.co.uk/esporte-clube-vitoria_esporte-clube-bahia/index/spielbericht/4582301
[4365368] Failed to scrape lineup: https://www.transfermarkt.co.uk/lechia-gdansk_korona-kielce/index/spielbericht/4365368
[3974033] Failed to scrape lineup: https://www.transfermarkt.co.uk/spielbericht/index/spielbericht/3974033
[4094579] Failed to scrape lineup: https://www.transfermarkt.co.uk/rc-strasbourg-alsace_olympique-lyon/index/spielbericht/4094579
[4720668] Could not find attributes for viktor hojbjerg (Aarhus Fremad, 2025)
[4720668] Failed to build match row: Aarhus Fremad vs Hobro IK
[4096156] Could not find attributes for anthony losilla (VfL Bochum, 2023)
[4374209] Failed to scrape lineup: https://www.transfermarkt.co.uk/torino-fc_fc-empoli/index/spielbericht/4374209
[4096156] Failed to build match row: VfL Bochum vs FC Bayern München
[4393443] Failed to scrape lineup: https://www.transfermarkt.co.uk/samsunspor_kayserispor/index/spielbericht/4393443
[3413083] Failed to scrape lineup: https://www.transfermarkt.co.uk/bayer-04-leverkusen_bayern-munich/index/spielbericht/3413083
[4445470] Could not find attributes for silviu smalenea (FC Petrocub Hincesti, 2024)
[4445470] Failed to build match row: FC Petrocub Hincesti vs Sportklub Rapid
[4362853] Failed to scrape lineup: https://www.transfermarkt.co.uk/manchester-city_aston-villa/index/spielbericht/4362853
[3441887] Could not find attributes for giacomo pozzer (SS Monopoli 1966, 2020)
[3607624] Failed to scrape lineup: https://www.transfermarkt.co.uk/real-madrid_valencia-cf/index/spielbericht/3607624
[3441887] Failed to build match row: SS Monopoli 1966 vs Modena FC
[3690538] Could not find attributes for adam chicksen (Notts County, 2021)
[3690538] Failed to build match row: Rochdale AFC vs Notts County

Keepers & outfield error for **Nottingham Forest Football Club** in Nottingham Forest Football Club vs Cardiff City: Numbers: 0 and 11.
[3491244] Failed to build match row: Nottingham Forest Football Club vs Cardiff City
[4529353] Could not find attributes for martin rio (Club Atlético Banfield, 2024)
[3457450] Could not find attributes for zeca (Football Club København, 2020)
[3457450] Failed to build match row: Football Club København vs Odense Boldklub
[4582302] Failed to scrape lineup: https://www.transfermarkt.co.uk/cruzeiro-esporte-clube_sao-paulo-futebol-clube/index/spielbericht/4582302
[4529353] Failed to build match row: Racing Club Asociación Civil de Avellaneda vs Club Atlético Banfield
[4219018] Could not find attributes for cameron mcgeehan (Colchester United, 2023)

Keepers & outfield error for **Società Sportiva Lazio S.p.A.** in Sportklub Puntigamer Sturm Graz vs Società Sportiva Lazio S.p.A.: Numbers: 2 and 9.
[4219018] Failed to build match row: Shrewsbury Town vs Colchester United

Keepers & outfield error for **Associazione Sportiva Roma** in Associazione Sportiva Roma vs Verona Hellas Football Club: Numbers: 0 and 11.
[3837921] Could not find attributes for josip condric (HSK Zrinjski Mostar, 2022)
[3614783] Failed to build match row: Associazione Sportiva Roma vs Verona Hellas Football Club
[3912604] Failed to build match row: Sportklub Puntigamer Sturm Graz vs Società Sportiva Lazio S.p.A.
[3837921] Failed to build match row: HSK Zrinjski Mostar vs FC Sheriff Tiraspol
[3889074] Could not find attributes for dimitrios chatziisaias (APS Atromitos Athinon, 2022)
[3601593] Could not find attributes for leon heynke (1. FC Lokomotive Leipzig, 2021)
[3889074] Failed to build match row: Panathinaikos Athlitikos Omilos vs APS Atromitos Athinon
[3601593] Failed to build match row: 1. FC Lokomotive Leipzig vs Bayer 04 Leverkusen Fußball
[4513755] Could not find attributes for klemen nemanic (NK Celje, 2024)
[4513755] Failed to build match row: NK Celje vs APOEL Nicosia

Keepers & outfield error for **Real Betis Balompié S.A.D.** in Real Sociedad de Fútbol S.A.D. vs Real Betis Balompié S.A.D.: Numbers: 2 and 9.
[4417409] Failed to scrape lineup: https://www.transfermarkt.co.uk/spielbericht/index/spielbericht/4417409
[4646016] Failed to build match row: Real Sociedad de Fútbol S.A.D. vs Real Betis Balompié S.A.D.
[4445471] Could not find attributes for silviu smalenea (FC Petrocub Hincesti, 2024)
[4706112] Could not find attributes for Nacho Fernández (Al-Qadsiah Saudi Football Club, 2025)

Keepers & outfield error for **Vitória Sport Clube** in GD Chaves vs Vitória Sport Clube: Numbers: 0 and 11.
[4706112] Failed to build match row: Al-Hilal Saudi Football Club vs Al-Qadsiah Saudi Football Club
[3837922] Failed to scrape lineup: https://www.transfermarkt.co.uk/spielbericht/index/spielbericht/3837922
[4641357] Could not find attributes for yuto tsunashima (Royal Antwerp Football Club, 2025)
[3441888] Could not find attributes for matteo pisseri (US Alessandria Calcio 1912, 2020)
[3869051] Failed to build match row: GD Chaves vs Vitória Sport Clube
[3441888] Failed to build match row: US Alessandria Calcio 1912 vs SS Sambenedettese

Keepers & outfield error for **Club Atlético Unión** in Club Atlético Unión vs Club Atlético Central Córdoba: Numbers: 0 and 11.
[4365369] Could not find attributes for luquinhas (Legia Warszawa Spółka Akcyjna, 2024)
[4358810] Could not find attributes for strahinja manojlovic (Fudbalski Klub Radnički Niš, 2024)

Keepers & outfield error for **Sport Club Internacional** in Sport Club Internacional vs Sport Club do Recife: Numbers: 0 and 11.
[4641357] Failed to build match row: RAAL La Louvière vs Royal Antwerp Football Club
[4365369] Failed to build match row: Legia Warszawa Spółka Akcyjna vs KKS Lech Poznań Spółka Akcyjna
[4529355] Failed to build match row: Club Atlético Unión vs Club Atlético Central Córdoba
[3851185] Could not find attributes for oleksiy sych (KV Kortrijk, 2022)
[3457451] Could not find attributes for johan djourou (Fodbold Club Nordsjælland, 2020)

Keepers & outfield error for **Villarreal Club de Fútbol S.A.D.** in Real Madrid Club de Fútbol vs Villarreal Club de Fútbol S.A.D.: Numbers: 0 and 11.
[3851185] Failed to build match row: KV Kortrijk vs Koninklijke Voetbal Club Westerlo
[4405360] Failed to build match row: Real Madrid Club de Fútbol vs Villarreal Club de Fútbol S.A.D.
[3457451] Failed to build match row: Fodbold Club Midtjylland vs Fodbold Club Nordsjælland
[4358810] Failed to build match row: Fudbalski Klub Radnički Niš vs FK Radnički 1923 Kragujevac
[3643353] Could not find attributes for kristijan kahlina (Ludogorets Razgrad, 2021)
[4582303] Failed to build match row: Sport Club Internacional vs Sport Club do Recife
[3643353] Failed to build match row: Ludogorets Razgrad vs Malmö Fotbollförening
[3840105] Could not find attributes for maximiliano caufriez (Clermont Foot 63, 2022)
[3840105] Failed to build match row: Racing Club de Lens vs Clermont Foot 63
[3889075] Could not find attributes for konstantinos koulierakis (Panthessalonikios Athlitikos Omilos Konstantinoupoliton, 2022)
[3889075] Failed to build match row: Panthessalonikios Athlitikos Omilos Konstantinoupoliton vs Volou Neos Podosferikos Syllogos
[4626009] Failed to scrape lineup: https://www.transfermarkt.co.uk/brighton-amp-hove-albion_afc-bournemouth/index/spielbericht/4626009
[3422285] Could not find attributes for yevgen shkarban (Chayka Petropavlivska Borshchagivka, 2020)

Keepers & outfield error for **Sporting Clube de Portugal** in FC Paços de Ferreira vs Sporting Clube de Portugal: Numbers: 2 and 9.
[3422285] Failed to build match row: Chayka Petropavlivska Borshchagivka vs FK Polissya Zhytomyr
[3431963] Failed to build match row: FC Paços de Ferreira vs Sporting Clube de Portugal
[4721485] Could not find attributes for marius kruse (Görslev IF, 2025)
[4129516] Could not find attributes for cengiz demir (Hatayspor, 2023)
[4129516] Failed to build match row: Samsunspor vs Hatayspor

Keepers & outfield error for **Futebol Clube de Famalicão** in Sport Lisboa e Benfica vs Futebol Clube de Famalicão: Numbers: 2 and 9.
[4721485] Failed to build match row: Görslev IF vs FC Roskilde
[4648785] Failed to build match row: Sport Lisboa e Benfica vs Futebol Clube de Famalicão
[3592117] Could not find attributes for jacob lungi sorensen (Norwich City, 2021)
[3592117] Failed to build match row: Norwich City vs Everton Football Club
[4096158] Could not find attributes for pavel kaderabek (Turn- und Sportgemeinschaft 1899 Hoffenheim Fußball-Spielbetriebs, 2023)
[4096158] Failed to build match row: Turn- und Sportgemeinschaft 1899 Hoffenheim Fußball-Spielbetriebs vs 1. Fußballclub Union Berlin
[4393444] Could not find attributes for ali arda yildiz (Adana Demirspor, 2024)
[4393444] Failed to build match row: Adana Demirspor vs Gaziantep Futbol Kulübü A.Ş.

[4624613] Failed to build match row: Bohemians Praha 1905, a.s. vs FC Viktoria Plzeň, a.s.
[3869052] Could not find attributes for danny namaso (Futebol Clube do Porto, 2022)
[3869052] Failed to build match row: Futebol Clube do Porto vs CS Marítimo
[3912606] Could not find attributes for paulinho (Fodbold Club Midtjylland, 2022)
[3912606] Failed to build match row: Sportklub Puntigamer Sturm Graz vs Fodbold Club Midtjylland
[3643354] Could not find attributes for danilo arboleda (FC Sheriff Tiraspol, 2021)

Keepers & outfield error for **Futbol Club Barcelona** in Alaves vs Futbol Club Barcelona: Numbers: 0 and 11.
[4370072] Could not find attributes for loic mbe soh (Beerschot VA, 2024)
[4405361] Failed to build match row: Alaves vs Futbol Club Barcelona
[4370072] Failed to build match row: Beerschot VA vs KV Kortrijk
[3643354] Failed to build match row: GNK Dinamo Zagreb vs FC Sheriff Tiraspol
[4808235] Could not find attributes for facundo almada (Mazatlán Futbol Club, 2025)
[4365370] Could not find attributes for gasper tratnik (Motor Lublin Spółka Akcyjna, 2024)
[4808235] Failed to build match row: Mazatlán Futbol Club vs Club Deportivo Guadalajara S. A. de C. V.

Keepers & outfield error for **Cercle Brugge Koninklijke Sportvereniging** in Cercle Brugge Koninklijke Sportvereniging vs Royal Charleroi Sporting Club: Numbers: 2 and 9.
[4654969] Could not find attributes for johan caicedo (Asociación Deportivo Pasto, 2025)
[3851186] Failed to build match row: Cercle Brugge Koninklijke Sportvereniging vs Royal Charleroi Sporting Club
[4654969] Failed to build match row: Asociación Deportivo Pasto vs Deportes Tolima
[4445472] Failed to scrape lineup: https://www.transfermarkt.co.uk/spielbericht/index/spielbericht/4445472
Akcyjna
[4129517] Could not find attributes for florin nita (Gaziantep Futbol Kulübü A.Ş., 2023)
[4582304] Could not find attributes for robert arboleda (São Paulo Futebol Clube, 2024)
[4582304] Failed to build match row: São Paulo Futebol Clube vs Sociedade Esportiva Palmeiras
[4129517] Failed to build match row: Gaziantep Futbol Kulübü A.Ş. vs Çaykur Rizespor Kulübü
[3431964] Could not find attributes for srdjan babic (Futebol Clube de Famalicão, 2020)
[3441889] Could not find attributes for tommaso merletti (AC Renate, 2020)
[4160982] Could not find attributes for tobias lindhardt (Dalum IF, 2023)

Keepers & outfield error for **Asociación Atlética Argentinos Juniors** in Asociación Atlética Argentinos Juniors vs Club Social y Deportivo Defensa y Justicia: Numbers: 0 and 11.
[4513756] Could not find attributes for ingvar jonsson (Víkingur Reykjavík, 2024)
[4096159] Could not find attributes for tim kleindienst (1. Fußballclub Heidenheim 1846, 2023)
[4626010] Could not find attributes for yegor yarmolyuk (Brentford Football Club, 2025)
[3441889] Failed to build match row: AC Renate vs US Avellino 1912
[3457452] Could not find attributes for kamil grabara (Aarhus Gymnastik Forening, 2020)
[4160982] Failed to build match row: Dalum IF vs Fodbold Club Fredericia
[4096159] Failed to build match row: 1. Fußballclub Heidenheim 1846 vs Bayer 04 Leverkusen Fußball
[3457452] Failed to build match row: Aarhus Gymnastik Forening vs Aalborg BK
[4529356] Failed to build match row: Asociación Atlética Argentinos Juniors vs Club Social y Deportivo Defensa y Justicia
[3431964] Failed to build match row: Futebol Clube de Famalicão vs Boavista FC
ikos Omilos
[4626010] Failed to build match row: Chelsea Football Club vs Brentford Football Club
[4362856] Could not find attributes for harry wilson (Fulham Football Club, 2024)
[4648786] Could not find attributes for noah saviolo (Vitória Sport Clube, 2025)

Keepers & outfield error for **Vitória Sport Clube** in Vitória Sport Clube vs Grupo Desportivo Estoril Praia: Numbers: 0 and 11.
[4362856] Failed to build match row: Southampton FC vs Fulham Football Club
[4648786] Failed to build match row: Vitória Sport Clube vs Sporting Clube de Portugal
[3869053] Failed to build match row: Vitória Sport Clube vs Grupo Desportivo Estoril Praia
[4641358] Failed to scrape lineup: https://www.transfermarkt.co.uk/oud-heverlee-leuven_kvc-westerlo/index/spielbericht/4641358
[3840106] Failed to scrape lineup: https://www.transfermarkt.co.uk/rc-strasbourg-alsace_fc-lorient/index/spielbericht/3840106
[4358811] Failed to scrape lineup: https://www.transfermarkt.co.uk/fk-imt-belgrad_fk-napredak-krusevac/index/spielbericht/4358811
[3889076] Failed to scrape lineup: https://www.transfermarkt.co.uk/pas-giannina_aris-thessaloniki/index/spielbericht/3889076
[3491246] Could not find attributes for tom carroll (Queens Park Rangers, 2020)
[3491246] Failed to build match row: Queens Park Rangers vs Fulham Football Club
[4706113] Could not find attributes for anthony moris (Al-Khaleej Club (Saihat), 2025)
[3912607] Could not find attributes for ousseynou ba (Olympiakos Syndesmos Filathlon Peiraios, 2022)
[4706113] Failed to build match row: Al-Khaleej Club (Saihat) vs Al-Fayha FC
[4393445] Could not find attributes for abdurrahim dursun (Antalyaspor, 2024)
[3912607] Failed to build match row: Olympiakos Syndesmos Filathlon Peiraios vs Sport-Club Freiburg
[4393445] Failed to build match row: Antalyaspor vs Trabzonspor Kulübü
[4646017] Failed to scrape lineup: https://www.transfermarkt.co.uk/sevilla-fc_rcd-espanyol-barcelona/index/spielbericht/4646017
[3422286] Failed to scrape lineup: https://www.transfermarkt.co.uk/spielbericht/index/spielbericht/3422286
[4624614] Could not find attributes for stanislav dostal (FC Trinity Zlin, 2025)
[4724160] Could not find attributes for jeremy de witte (RKSV Halsteren, 2025)
[3614785] Could not find attributes for abdelhamid sabiri (UC Sampdoria, 2021)
[4624614] Failed to build match row: SK Slavia Praha, a.s. vs FC Trinity Zlin
[3614785] Failed to build match row: UC Sampdoria vs FC Empoli
[4724160] Failed to build match row: RKSV Halsteren vs ASWH Ambacht
[4582305] Could not find attributes for matheus alexandre (Sport Club do Recife, 2024)
[4582305] Failed to build match row: Sport Club do Recife vs Esporte Clube Bahia
[3431965] Could not find attributes for srdjan babic (Futebol Clube de Famalicão, 2020)
[3413086] Could not find attributes for taiwo awoniyi (1. Fußballclub Union Berlin, 2020)
[3431965] Failed to build match row: Futebol Clube de Famalicão vs Rio Ave Futebol Clube
[3413086] Failed to build match row: 1. Fußballclub Union Berlin vs Borussia Dortmund
[3457453] Could not find attributes for victor mpindi (Sønderjyske Fodbold, 2020)
[4445473] Could not find attributes for ognjen cancarevic (FC Noah Yerevan, 2024)
[4417411] Failed to scrape lineup: https://www.transfermarkt.co.uk/spielbericht/index/spielbericht/4417411
[3457453] Failed to build match row: Sønderjyske Fodbold vs Randers Fodbold Club
[4445473] Failed to build match row: FC Noah Yerevan vs FK Mladá Boleslav, a.s.
[4634553] Failed to scrape lineup: https://www.transfermarkt.co.uk/sv-werder-bremen_borussia-dortmund/index/spielbericht/4634553

Keepers & outfield error for **Eintracht Frankfurt Fußball AG** in Sport-Club Freiburg vs Eintracht Frankfurt Fußball AG: Numbers: 2 and 9.
[4096160] Failed to build match row: Sport-Club Freiburg vs Eintracht Frankfurt Fußball AG
[4393446] Could not find attributes for jhon espinoza (Kasımpaşa A.Ş., 2024)
[4393446] Failed to build match row: Kasımpaşa A.Ş. vs Göztepe Sportif Yatırımlar A.Ş.
[4358812] Could not find attributes for zoran popovic (Železničar Pančevo, 2024)
[4358812] Failed to build match row: Železničar Pančevo vs Fudbalski Klub Partizan Beograd

Keepers & outfield error for **Genoa Cricket and Football Club** in Genoa Cricket and Football Club vs Verona Hellas Football Club: Numbers: 0 and 11.
[3912608] Could not find attributes for konstantinos tzolakis (Olympiakos Syndesmos Filathlon Peiraios, 2022)
[4103583] Failed to build match row: Genoa Cricket and Football Club vs Verona Hellas Football Club
[3912608] Failed to build match row: Olympiakos Syndesmos Filathlon Peiraios vs Football Club de Nantes
[3584547] Could not find attributes for yoav gerafi (FC Ashdod, 2021)
[3584547] Failed to build match row: FC Ashdod vs Qarabağ FK
[3431966] Could not find attributes for mansur (Clube Desportivo Santa Clara, 2020)
[3431966] Failed to build match row: FC Paços de Ferreira vs Clube Desportivo Santa Clara
[4365371] Failed to scrape lineup: https://www.transfermarkt.co.uk/puszcza-niepolomice_stal-mielec/index/spielbericht/4365371
[3840108] Could not find attributes for kevin keben (Toulouse Football Club, 2022)
[4445474] Could not find attributes for aleksey ploshchadnyi (FC Noah Yerevan, 2024)
[3974036] Could not find attributes for bobby kamwa (Burton Albion, 2022)
[3974036] Failed to build match row: Grimsby Town vs Burton Albion

Keepers & outfield error for **Real Betis Balompié S.A.D.** in Rayo Vallecano de Madrid S. A. D. vs Real Betis Balompié S.A.D.: Numbers: 0 and 11.
[4445474] Failed to build match row: FC Noah Yerevan vs Víkingur Reykjavík
[3837923] Could not find attributes for zoran gajic (FC Pyunik Yerevan, 2022)
[3607627] Failed to build match row: Rayo Vallecano de Madrid S. A. D. vs Real Betis Balompié S.A.D.
[3837923] Failed to build match row: Fotbal Club CFR 1907 Cluj SA vs FC Pyunik Yerevan
[3441890] Could not find attributes for andrea cagnano (Novara Calcio 1908, 2020)
[4374213] Failed to scrape lineup: https://www.transfermarkt.co.uk/como-1907_fc-empoli/index/spielbericht/4374213
[4624615] Could not find attributes for matous trmal (FK Teplice, a.s., 2025)
[3441890] Failed to build match row: Novara Calcio 1908 vs Gelbison
[3457454] Could not find attributes for lirim qamili (AC Horsens, 2020)
[3457454] Failed to build match row: AC Horsens vs Brøndby Idrætsforening
[4624615] Failed to build match row: FK Teplice, a.s. vs FC Slovan Liberec
[4393447] Could not find attributes for enes keskin (Alanyaspor, 2024)
[4393447] Failed to build match row: Alanyaspor vs Sivasspor
[4634554] Could not find attributes for wael mohya (Mönchengladbach, 2025)
[3690539] Could not find attributes for mark kitching (Stockport County, 2021)
[3601594] Could not find attributes for frank lehmann (SV 07 Elversberg, 2021)
[4634554] Failed to build match row: Mönchengladbach vs Turn- und Sportgemeinschaft 1899 Hoffenheim Fußball-Spielbetriebs
[3601594] Failed to build match row: SV 07 Elversberg vs 1. Fußball- und Sportverein Mainz 05
[3690539] Failed to build match row: Bolton Wanderers vs Stockport County
[4529357] Failed to scrape lineup: https://www.transfermarkt.co.uk/club-atletico-tigre_ca-newells-old-boys/index/spielbericht/4529357
[3869054] Could not find attributes for kiko bondoso (FC Vizela, 2022)
[3869054] Failed to build match row: FC Vizela vs Futebol Clube do Porto
[4648787] Failed to scrape lineup: https://www.transfermarkt.co.uk/cd-tondela_casa-pia-ac/index/spielbericht/4648787
[4362857] Failed to scrape lineup: https://www.transfermarkt.co.uk/wolverhampton-wanderers_leicester-city/index/spielbericht/4362857
[3912609] Could not find attributes for shahrudin mahammadaliyev (Qarabağ FK, 2022)
[3912609] Failed to build match row: Qarabağ FK vs Olympiakos Syndesmos Filathlon Peiraios
[3889077] Failed to scrape lineup: https://www.transfermarkt.co.uk/pas-lamia-1964_panetolikos-gfs/index/spielbericht/3889077
[3491247] Failed to scrape lineup: https://www.transfermarkt.co.uk/spielbericht/index/spielbericht/3491247
[4808236] Could not find attributes for jean unjanque (Querétaro Fútbol Club, 2025)
[4808236] Failed to build match row: Querétaro Fútbol Club vs Club León Fútbol Club
[4113027] Failed to scrape lineup: https://www.transfermarkt.co.uk/cadiz-cf_celta-de-vigo/index/spielbericht/4113027
[4219020] Failed to scrape lineup: https://www.transfermarkt.co.uk/spielbericht/index/spielbericht/4219020
[4785785] Could not find attributes for lorenzo bernasconi (Atalanta Bergamasca Calcio S.p.a., 2025)
[4785785] Failed to build match row: Atalanta Bergamasca Calcio S.p.a. vs Juventus Football Club

Keepers & outfield error for **Gil Vicente Futebol Clube** in Gil Vicente Futebol Clube vs Vitória Sport Clube: Numbers: 0 and 11.
[3431967] Failed to build match row: Gil Vicente Futebol Clube vs Vitória Sport Clube
[3422287] Could not find attributes for oleksiy kazakov (Olimpia Savyntsi, 2020)
[3422287] Failed to build match row: Olimpia Savyntsi vs Girnyk-Sport Gorishni Plavni
[4706114] Failed to scrape lineup: https://www.transfermarkt.co.uk/al-okhdood-club_al-taawoun-fc/index/spielbericht/4706114

Keepers & outfield error for **Wolverhampton Wanderers Football Club** in Wolverhampton Wanderers Football Club vs Southampton FC: Numbers: 0 and 11.
[3592120] Failed to build match row: Wolverhampton Wanderers Football Club vs Southampton FC
[4646018] Failed to scrape lineup: https://www.transfermarkt.co.uk/real-oviedo_getafe-cf/index/spielbericht/4646018
[4370073] Could not find attributes for emmanuel kakou (Cercle Brugge Koninklijke Sportvereniging, 2024)
[4654970] Could not find attributes for andres tovar (Envigado FC, 2025)
[4370073] Failed to build match row: Cercle Brugge Koninklijke Sportvereniging vs Oud-Heverlee Leuven
[4445475] Could not find attributes for matous trmal (FK Mladá Boleslav, a.s., 2024)
[4654970] Failed to build match row: Envigado FC vs Fortaleza CEIF

Keepers & outfield error for **Club Atlético Boca Juniors** in Club Atlético Boca Juniors vs Club Atlético Barracas Central: Numbers: 0 and 11.
[4445475] Failed to build match row: FK Mladá Boleslav, a.s. vs Real Betis Balompié S.A.D.
icht/4161035
[4529358] Failed to build match row: Club Atlético Boca Juniors vs Club Atlético Barracas Central
[4129519] Failed to scrape lineup: https://www.transfermarkt.co.uk/antalyaspor_besiktas-jk/index/spielbericht/4129519
[3413087] Failed to scrape lineup: https://www.transfermarkt.co.uk/fc-schalke-04_arminia-bielefeld/index/spielbericht/3413087
[3457455] Failed to scrape lineup: https://www.transfermarkt.co.uk/lyngby-bk_vejle-boldklub/index/spielbericht/3457455
[4358813] Could not find attributes for filip novic (Železničar Pančevo, 2024)
[4582306] Failed to scrape lineup: https://www.transfermarkt.co.uk/clube-atletico-mineiro_gremio-foot-ball-porto-alegrense/index/spielbericht/4582306
[4103585] Failed to scrape lineup: https://www.transfermarkt.co.uk/juventus-fc_cagliari-calcio/index/spielbericht/4103585
[4513758] Failed to scrape lineup: https://www.transfermarkt.co.uk/spielbericht/index/spielbericht/4513758

Keepers & outfield error for **Associazione Calcio Fiorentina** in Associazione Calcio Fiorentina vs Atalanta Bergamasca Calcio S.p.a.: Numbers: 0 and 11.
[4648788] Failed to scrape lineup: https://www.transfermarkt.co.uk/cd-santa-clara_fc-arouca/index/spielbericht/4648788

Keepers & outfield error for **Rio Ave Futebol Clube** in Sporting Clube de Portugal vs Rio Ave Futebol Clube: Numbers: 4 and 7.
[4096161] Failed to scrape lineup: https://www.transfermarkt.co.uk/rb-leipzig_borussia-monchengladbach/index/spielbericht/4096161
[4724161] Could not find attributes for stijn schipper (VV Scherpenzeel, 2025)
[4365372] Failed to scrape lineup: https://www.transfermarkt.co.uk/radomiak-radom_pogon-szczecin/index/spielbericht/4365372
[4358813] Failed to build match row: Železničar Pančevo vs FK Jedinstvo Ub
[3889078] Failed to scrape lineup: https://www.transfermarkt.co.uk/aek-athens_pas-lamia-1964/index/spielbericht/3889078
[3912610] Could not find attributes for shahrudin mahammadaliyev (Qarabağ FK, 2022)
[3869055] Failed to build match row: Sporting Clube de Portugal vs Rio Ave Futebol Clube
[4724161] Failed to build match row: VV Scherpenzeel vs VV Hoogeveen
[4374214] Failed to build match row: Associazione Calcio Fiorentina vs Atalanta Bergamasca Calcio S.p.a.
[3431968] Could not find attributes for mansur (Clube Desportivo Santa Clara, 2020)
[3912610] Failed to build match row: Qarabağ FK vs Sport-Club Freiburg
[4624616] Could not find attributes for jan hanus (FK Jablonec a.s., 2025)
[4646019] Could not find attributes for yuriy volodymyr gereta (FC Rukh Lviv, 2025)
[4624616] Failed to build match row: FK Jablonec a.s. vs FK Dukla Praha a.s.
[3584548] Could not find attributes for filip nguyen (1. FC Slovácko, 2021)
[3431968] Failed to build match row: Clube Desportivo Santa Clara vs CS Marítimo
[3584548] Failed to build match row: 1. FC Slovácko vs Lokomotiv Plovdiv
[4654971] Failed to scrape lineup: https://www.transfermarkt.co.uk/atletico-bucaramanga_boyaca-chico-fc/index/spielbericht/4654971
[4646019] Failed to build match row: FC Rukh Lviv vs SK Poltava
[3690540] Could not find attributes for joy mukena (St Albans City, 2021)
[3690540] Failed to build match row: St Albans City vs Forest Green Rovers
[4417413] Failed to scrape lineup: https://www.transfermarkt.co.uk/spielbericht/index/spielbericht/4417413

Keepers & outfield error for **Venezia FC** in Venezia FC vs Genoa Cricket and Football Club: Numbers: 0 and 11.
[3614787] Failed to build match row: Venezia FC vs Genoa Cricket and Football Club
[4370074] Could not find attributes for rob schoofs (Yellow-Red Koninklijke Voetbalclub Mechelen, 2024)

Keepers & outfield error for **Al-Fateh Club** in Al-Ittihad Football Club vs Al-Fateh Club: Numbers: 0 and 11.
[4370074] Failed to build match row: Koninklijke Voetbal Club Westerlo vs Yellow-Red Koninklijke Voetbalclub Mechelen
[4445476] Could not find attributes for matous trmal (FK Mladá Boleslav, a.s., 2024)
[4706115] Failed to build match row: Al-Ittihad Football Club vs Al-Fateh Club
[4445476] Failed to build match row: FK Mladá Boleslav, a.s. vs FC Lugano
[4513759] Could not find attributes for senou coulibaly (Omonia Nicosia, 2024)
[4513759] Failed to build match row: Omonia Nicosia vs Pafos FC
[4582307] Could not find attributes for adonis frias (Santos Futebol Clube, 2024)
[4582307] Failed to build match row: Santos Futebol Clube vs São Paulo Futebol Clube
[4358814] Could not find attributes for nihad mujakic (Fudbalski Klub Partizan Beograd, 2024)
[4358814] Failed to build match row: Fudbalski Klub Partizan Beograd vs Fudbalski Klub IMT Novi Beograd
[4395077] Could not find attributes for vladimir panov (Temp Barnaul, 2024)
[4395077] Failed to build match row: Temp Barnaul vs Dinamo Barnaul
[3912611] Could not find attributes for shahrudin mahammadaliyev (Qarabağ FK, 2022)
[3912611] Failed to build match row: Qarabağ FK vs Football Club de Nantes
[4648789] Could not find attributes for joao moutinho (Sporting Clube de Braga, 2025)
[4648789] Failed to build match row: Grupo Desportivo Estoril Praia vs Sporting Clube de Braga
[4219021] Could not find attributes for emeka obi (AFC Fylde, 2023)
[4219021] Failed to build match row: Sutton United vs AFC Fylde
[3837924] Could not find attributes for maksim plotnikov (Shakhter Soligorsk, 2022)
99, 2020)
[3837924] Failed to build match row: Shakhter Soligorsk vs NK Maribor
[3413088] Failed to build match row: 1. Fußball- und Sportverein Mainz 05 vs Sportverein Werder Bremen von 1899
[4724162] Failed to scrape lineup: https://www.transfermarkt.co.uk/spielbericht/index/spielbericht/4724162
[3431969] Could not find attributes for srdjan babic (Futebol Clube de Famalicão, 2020)
[3431969] Failed to build match row: Futebol Clube de Famalicão vs CS Marítimo
[3422871] Could not find attributes for vojtech mares (FSV Union Fürstenwalde, 2020)
[3614788] Failed to scrape lineup: https://www.transfermarkt.co.uk/atalanta-bc_uc-sampdoria/index/spielbericht/3614788
[4096162] Failed to scrape lineup: https://www.transfermarkt.co.uk/1-fc-koln_sv-werder-bremen/index/spielbericht/4096162
[4624617] Could not find attributes for jiri borek (1. FC Slovácko, 2025)
[3422871] Failed to build match row: FSV Union Fürstenwalde vs Verein für Leibesübungen Wolfsburg
[4624617] Failed to build match row: 1. FC Slovácko vs AC Sparta Praha, a. s.
[3457456] Failed to scrape lineup: https://www.transfermarkt.co.uk/fc-midtjylland_sonderjyske/index/spielbericht/3457456
[4641362] Failed to scrape lineup: https://www.transfermarkt.co.uk/kaa-gent_oud-heverlee-leuven/index/spielbericht/4641362
[3869056] Failed to scrape lineup: https://www.transfermarkt.co.uk/cs-maritimo_gd-chaves/index/spielbericht/3869056
[4358815] Failed to scrape lineup: https://www.transfermarkt.co.uk/fk-napredak-krusevac_fk-radnicki-nis/index/spielbericht/4358815
[3601596] Could not find attributes for jhonny peitzmeier (Sportfreunde Lotte, 2021)
[3601596] Failed to build match row: Sportfreunde Lotte vs Karlsruher SC
[3610270] Failed to scrape lineup: https://www.transfermarkt.co.uk/athletic-bilbao_real-madrid/index/spielbericht/3610270
[4654972] Failed to scrape lineup: https://www.transfermarkt.co.uk/deportivo-cali_junior-fc/index/spielbericht/4654972

Keepers & outfield error for **Deportivo Toluca Futbol Club, S. A. de C. V.** in Deportivo Toluca Futbol Club, S. A. de C. V. vs Club de Fútbol Cruz Azul S.A. de C.V.: Numbers: 0 and 11.
[4161036] Could not find attributes for jacopo da riva (AC Reggiana 1919, 2023)
[4808237] Failed to build match row: Deportivo Toluca Futbol Club, S. A. de C. V. vs Club de Fútbol Cruz Azul S.A. de C.V.
[4161036] Failed to build match row: Genoa Cricket and Football Club vs AC Reggiana 1919
[4094585] Failed to scrape lineup: https://www.transfermarkt.co.uk/montpellier-hsc_le-havre-ac/index/spielbericht/4094585
[4648790] Failed to scrape lineup: https://www.transfermarkt.co.uk/vitoria-guimaraes-sc_cf-estrela-amadora/index/spielbericht/4648790
[3840111] Could not find attributes for maximiliano caufriez (Clermont Foot 63, 2022)
[3690541] Could not find attributes for elliot justham (Dagenham & Redbridge FC, 2021)
[3413089] Failed to scrape lineup: https://www.transfermarkt.co.uk/fc-augsburg_eintracht-frankfurt/index/spielbericht/3413089
[4362859] Failed to scrape lineup: https://www.transfermarkt.co.uk/aston-villa_fulham-fc/index/spielbericht/4362859
[3840111] Failed to build match row: Clermont Foot 63 vs Lille Olympique Sporting Club
[3690541] Failed to build match row: Dagenham & Redbridge FC vs Salford City
[4785786] Could not find attributes for matteo cocchi (Football Club Internazionale Milano S.p.A., 2025)
[3584549] Could not find attributes for ivica ivusic (NK Osijek s.d.d., 2021)
[3584549] Failed to build match row: NK Osijek s.d.d. vs Morski Klub Sportowy Pogoń Szczecin
[4785786] Failed to build match row: Football Club Internazionale Milano S.p.A. vs Torino Calcio
[3889079] Failed to scrape lineup: https://www.transfermarkt.co.uk/asteras-tripolis_volos-nps/index/spielbericht/3889079
[4129521] Could not find attributes for mbaye niang (Adana Demirspor, 2023)
[4129521] Failed to build match row: Sivasspor vs Adana Demirspor
[4646020] Could not find attributes for nazar domchak (FK Karpaty Lviv, 2025)
[4634556] Could not find attributes for tomoya ando (Fußball-Club St. Pauli von 1910, 2025)
[4646020] Failed to build match row: FK Karpaty Lviv vs FK Polissya Zhytomyr
[4113030] Could not find attributes for arsen zakharyan (Real Sociedad de Fútbol S.A.D., 2023)
[4634556] Failed to build match row: Fußball-Club St. Pauli von 1910 vs Verein für Leibesübungen Wolfsburg
[4395078] Could not find attributes for maksim petrov (Ilpar Ilyinsky, 2024)
[4513760] Could not find attributes for filip manojlovic (FK Borac Banja Luka, 2024)
[4445477] Could not find attributes for matous trmal (FK Mladá Boleslav, a.s., 2024)
[3912612] Could not find attributes for michael gregoritsch (Sport-Club Freiburg, 2022)
[4113030] Failed to build match row: Real Sociedad de Fútbol S.A.D. vs Villarreal Club de Fútbol S.A.D.
[4445477] Failed to build match row: FK Mladá Boleslav, a.s. vs Jagiellonia-Bialystok Sportowa Spólka Akcyjna

Keepers & outfield error for **Real Betis Balompié S.A.D.** in Sevilla Fútbol Club S.A.D. vs Real Betis Balompié S.A.D.: Numbers: 0 and 11.
[3912612] Failed to build match row: Sport-Club Freiburg vs Olympiakos Syndesmos Filathlon Peiraios
[4513760] Failed to build match row: FK Borac Banja Luka vs NK Olimpija Ljubljana
[4395078] Failed to build match row: Ilpar Ilyinsky vs Uralets-TS Nizhniy Tagil
[4405366] Failed to build match row: Sevilla Fútbol Club S.A.D. vs Real Betis Balompié S.A.D.
[4365373] Could not find attributes for cezary polak (Jagiellonia-Bialystok Sportowa Spólka Akcyjna, 2024)
cht Hekelgem, 2025)
[3491249] Could not find attributes for liam hogan (Stockport County, 2020)
[4641363] Failed to build match row: Sportvereniging Zulte Waregem vs FC Verbroedering Denderhoutem Denderleeuw Eendracht Hekelgem
[4103587] Could not find attributes for nikola krstovic (Unione Sportiva Lecce, 2023)
[3491249] Failed to build match row: Stockport County vs West Ham United Football Club
[4365373] Failed to build match row: RKS Raków Częstochowa SA vs Jagiellonia-Bialystok Sportowa Spólka Akcyjna
[4103587] Failed to build match row: Unione Sportiva Lecce vs Associazione Calcio Milan
[3691322] Could not find attributes for andriy klishchuk (SC Dnipro-1, 2018)
[3691322] Failed to build match row: SC Dnipro-1 vs Volyn Lutsk
[3413090] Could not find attributes for sava arangel cestic (1. Fußball-Club Köln, 2020)
[3413090] Failed to build match row: FC Bayern München vs 1. Fußball-Club Köln
[3457457] Could not find attributes for tosin kehinde (Randers Fodbold Club, 2020)
[3441891] Failed to scrape lineup: https://www.transfermarkt.co.uk/spielbericht/index/spielbericht/3441891
[3457457] Failed to build match row: Randers Fodbold Club vs AC Horsens
[3837925] Failed to scrape lineup: https://www.transfermarkt.co.uk/spielbericht/index/spielbericht/3837925

Keepers & outfield error for **Wolverhampton Wanderers Football Club** in Brentford Football Club vs Wolverhampton Wanderers Football Club: Numbers: 0 and 11.
[4646021] Could not find attributes for danylo varakuta (TOV FK Metalist 1925 Kharkiv, 2025)
[4706116] Could not find attributes for ismaila soro (Al-Riyadh Saudi Club, 2025)
[3592122] Failed to build match row: Brentford Football Club vs Wolverhampton Wanderers Football Club
[4129522] Could not find attributes for louka prip (Konyaspor, 2023)
[4654973] Could not find attributes for washington aguerre (Independiente Medellín, 2025)
[4646021] Failed to build match row: TOV FK Metalist 1925 Kharkiv vs FK Obolon Kyiv
[3851191] Could not find attributes for amirhossein hosseinzadeh (Royal Charleroi Sporting Club, 2022)
[3422872] Could not find attributes for lars huxsohl (Eintracht Norderstedt, 2020)
[4624618] Could not find attributes for jakub lapes (MFK Karvina, 2025)
[4706116] Failed to build match row: Al-Riyadh Saudi Club vs Al-Najma Sport Club
[4129522] Failed to build match row: Konyaspor vs Fatih Karagümrük Sportif Faaliyetler San. Tic. A.Ş.
[4654973] Failed to build match row: Independiente Medellín vs Alianza FC
[3422872] Failed to build match row: Eintracht Norderstedt vs Bayer 04 Leverkusen Fußball
[3614789] Could not find attributes for kristjan asllani (FC Empoli, 2021)
[3851191] Failed to build match row: Koninklijke Racing Club Genk vs Royal Charleroi Sporting Club
[4624618] Failed to build match row: MFK Karvina vs SK Sigma Olomouc, a.s.
[3614789] Failed to build match row: FC Empoli vs Juventus Football Club
[4634557] Could not find attributes for kacper potulski (1. Fußball- und Sportverein Mainz 05, 2025)
[4808238] Could not find attributes for aldo rocha (Club de Futbol Rojinegros S.A. de C.V., 2025)
[4634557] Failed to build match row: 1. Fußballclub Heidenheim 1846 vs 1. Fußball- und Sportverein Mainz 05
[4808238] Failed to build match row: Club de Futbol Rojinegros S.A. de C.V. vs Club Universidad Nacional A. C.
[4358816] Could not find attributes for luka lijeskic (FK Radnički 1923 Kragujevac, 2024)
[4365374] Could not find attributes for josip corluka (Zagłębie Lubin Spółka Akcyjna, 2024)
[4358816] Failed to build match row: FK Radnički 1923 Kragujevac vs Fudbalski Klub Spartak Ždrepčeva krv
[4641364] Could not find attributes for mathis servais (Yellow-Red Koninklijke Voetbalclub Mechelen, 2025)
[3912613] Could not find attributes for shahrudin mahammadaliyev (Qarabağ FK, 2022)
[4365374] Failed to build match row: Zagłębie Lubin Spółka Akcyjna vs Widzew Łódź Spółka Akcyjna
[3912613] Failed to build match row: Sport-Club Freiburg vs Qarabağ FK
[4641364] Failed to build match row: Yellow-Red Koninklijke Voetbalclub Mechelen vs Royal Antwerp Football Club
[3840112] Failed to scrape lineup: https://www.transfermarkt.co.uk/fc-lorient_montpellier-hsc/index/spielbericht/3840112
[4370075] Could not find attributes for andres ferrari (St Truiden, 2024)
Not enough players found for lineup: 0, 0.
[3584550] Failed to scrape lineup: https://www.transfermarkt.co.uk/spielbericht/index/spielbericht/3584550
[3692370] Failed to scrape lineup: https://www.transfermarkt.co.uk/spielbericht/index/spielbericht/3692370
[4370075] Failed to build match row: Royal Charleroi Sporting Club vs St Truiden
[4420518] Could not find attributes for chete (UE Santa Coloma, 2024)
 Toulouse Football Club vs Paris Saint-Germain Football Club: Numbers: 2 and 9.
[4094587] Failed to build match row: Toulouse Football Club vs Paris Saint-Germain Football Club
[4420518] Failed to build match row: UE Santa Coloma vs FC RFS
[4529361] Could not find attributes for sebastian jaurena (CA San Martín (San Juan), 2024)
[4529361] Failed to build match row: CA San Martín (San Juan) vs Club Atlético San Lorenzo de Almagro
[3889080] Failed to scrape lineup: https://www.transfermarkt.co.uk/ionikos-nikeas_panathinaikos-fc/index/spielbericht/3889080
[4129523] Could not find attributes for cengiz demir (Hatayspor, 2023)
[4129523] Failed to build match row: Hatayspor vs Galatasaray Spor Kulübü
[3643357] Failed to scrape lineup: https://www.transfermarkt.co.uk/spielbericht/index/spielbericht/3643357
[4646022] Could not find attributes for valentyn gorokh (NK Veres Rivne, 2025)
[4646022] Failed to build match row: NK Veres Rivne vs Futbolniy Klub Dynamo Kyiv
[3851192] Could not find attributes for vadis odjidja ofoe (Koninklijke Atletiek Associatie Gent, 2022)
[3614790] Could not find attributes for nikola maksimovic (Genoa Cricket and Football Club, 2021)
[3851192] Failed to build match row: Koninklijke Atletiek Associatie Gent vs Club Brugge Koninklijke Voetbalvereniging
[3614790] Failed to build match row: Genoa Cricket and Football Club vs Football Club Internazionale Milano S.p.A.

Keepers & outfield error for **Unione Sportiva Lecce** in Unione Sportiva Lecce vs Parma Calcio 1913: Numbers: 2 and 9.
[4161037] Failed to build match row: Unione Sportiva Lecce vs Parma Calcio 1913

Keepers & outfield error for **B SAD** in B SAD vs Futebol Clube de Famalicão: Numbers: 0 and 11.
[3869057] Failed to scrape lineup: https://www.transfermarkt.co.uk/fc-famalicao_sc-braga/index/spielbericht/3869057
[3431970] Failed to build match row: B SAD vs Futebol Clube de Famalicão
[3601597] Could not find attributes for sebastian kolbe (SpVgg Bayreuth, 2021)
[4648791] Could not find attributes for nabil touaizi (Futebol Clube de Alverca, 2025)
[3601597] Failed to build match row: SpVgg Bayreuth vs Arminia Bielefeld

Keepers & outfield error for **Stoke City** in Stoke City vs Leicester City: Numbers: 0 and 11.
[4582308] Could not find attributes for tomas pochettino (Fortaleza Esporte Clube, 2024)
[4648791] Failed to build match row: Clube Desportivo de Tondela vs Futebol Clube de Alverca
[4405367] Failed to scrape lineup: https://www.transfermarkt.co.uk/ud-las-palmas_celta-de-vigo/index/spielbericht/4405367
[4582308] Failed to build match row: Fortaleza Esporte Clube vs Club de Regatas Vasco da Gama
[3491250] Failed to build match row: Stoke City vs Leicester City

Keepers & outfield error for **Royal Antwerp Football Club** in FC Verbroedering Denderhoutem Denderleeuw Eendracht Hekelgem vs Royal Antwerp Football Club: Numbers: 2 and 9.
[3974039] Failed to scrape lineup: https://www.transfermarkt.co.uk/spielbericht/index/spielbericht/3974039
[4370076] Failed to build match row: FC Verbroedering Denderhoutem Denderleeuw Eendracht Hekelgem vs Royal Antwerp Football Club
[4113031] Failed to scrape lineup: https://www.transfermarkt.co.uk/granada-cf_valencia-cf/index/spielbericht/4113031
[4724163] Could not find attributes for vito wormgoor (VV DOVO Veenendaal, 2025)
[4096164] Failed to scrape lineup: https://www.transfermarkt.co.uk/sv-darmstadt-98_vfb-stuttgart/index/spielbericht/4096164
[4395079] Failed to scrape lineup: https://www.transfermarkt.co.uk/spielbericht/index/spielbericht/4395079
[4219022] Could not find attributes for murphy cooper (Swindon Town, 2023)
[4103588] Failed to scrape lineup: https://www.transfermarkt.co.uk/ac-monza_torino-fc/index/spielbericht/4103588
[4724163] Failed to build match row: VV DOVO Veenendaal vs SV TEC Tiel
[4219022] Failed to build match row: Swindon Town vs Aldershot Town
[4362860] Could not find attributes for chido obi (Manchester United Football Club, 2024)
[4420519] Could not find attributes for ziga lipuscek (FC RFS, 2024)
[4362860] Failed to build match row: Brentford Football Club vs Manchester United Football Club
[3889081] Could not find attributes for matej markovic (APO Levadiakos Football Club, 2022)
[4420519] Failed to build match row: FC RFS vs UE Santa Coloma
[3889081] Failed to build match row: APO Levadiakos Football Club vs Aris Thessalonikis
[3422873] Failed to build match row: Rot-Weiss Essen vs Arminia Bielefeld

Keepers & outfield error for **Venezia FC** in Verona Hellas Football Club vs Venezia FC: Numbers: 0 and 11.
[4646023] Could not find attributes for oleksandr saputin (FC Zorya Lugansk, 2025)
[4785787] Could not find attributes for sergi roberto (Calcio Como, 2025)
[3837926] Failed to scrape lineup: https://www.transfermarkt.co.uk/spielbericht/index/spielbericht/3837926
[3614791] Failed to build match row: Verona Hellas Football Club vs Venezia FC
[4646023] Failed to build match row: FC Zorya Lugansk vs LNZ Cherkasy
[4785787] Failed to build match row: Società Sportiva Calcio Napoli vs Calcio Como

Keepers & outfield error for **B SAD** in B SAD vs Moreirense Futebol Clube: Numbers: 0 and 11.
[3431971] Failed to build match row: B SAD vs Moreirense Futebol Clube
[3413091] Failed to scrape lineup: https://www.transfermarkt.co.uk/borussia-dortmund_arminia-bielefeld/index/spielbericht/3413091
[4513762] Could not find attributes for veljko ilic (Fudbalski klub TSC Bačka Topola, 2024)
[4513762] Failed to build match row: Jagiellonia-Bialystok Sportowa Spólka Akcyjna vs Fudbalski klub TSC Bačka Topola

Keepers & outfield error for **Wolverhampton Wanderers Football Club** in Wolverhampton Wanderers Football Club vs Crystal Palace Football Club: Numbers: 2 and 9.
[3491251] Failed to build match row: Wolverhampton Wanderers Football Club vs Crystal Palace Football Club
[4374219] Could not find attributes for mats hummels (Associazione Sportiva Roma, 2024)
[4374219] Failed to build match row: Unione Sportiva Lecce vs Associazione Sportiva Roma
[3693533] Could not find attributes for fabian balbuena (FK Dinamo Moskva, 2021)
[4654974] Failed to scrape lineup: https://www.transfermarkt.co.uk/deportivo-pereira_independiente-santa-fe/index/spielbericht/4654974
[4096165] Failed to scrape lineup: https://www.transfermarkt.co.uk/bayern-munich_rb-leipzig/index/spielbericht/4096165
[4113032] Failed to scrape lineup: https://www.transfermarkt.co.uk/ud-las-palmas_ca-osasuna/index/spielbericht/4113032
[4445478] Could not find attributes for vlad dragomir (Pafos FC, 2024)
[3693533] Failed to build match row: FK Dinamo Moskva vs FK Nizhny Novgorod
[4445478] Failed to build match row: Pafos FC vs 1. Fußballclub Heidenheim 1846
[3601598] Could not find attributes for lukas sedlak (FC Carl Zeiss Jena, 2021)
[4624619] Failed to scrape lineup: https://www.transfermarkt.co.uk/fk-pardubice_fk-mlada-boleslav/index/spielbericht/4624619
[3601598] Failed to build match row: FC Carl Zeiss Jena vs 1. Fußball-Club Köln
[4358817] Failed to scrape lineup: https://www.transfermarkt.co.uk/fk-tsc-backa-topola_fk-vojvodina-novi-sad/index/spielbericht/4358817
[4724164] Failed to scrape lineup: https://www.transfermarkt.co.uk/spielbericht/index/spielbericht/4724164
[4641365] Failed to scrape lineup: https://www.transfermarkt.co.uk/kvc-westerlo_sint-truidense-vv/index/spielbericht/4641365
[3441892] Could not find attributes for filippo neri (US Livorno 1915, 2020)
[3441892] Failed to build match row: US Livorno 1915 vs Aurora Pro Patria
[4365375] Failed to scrape lineup: https://www.transfermarkt.co.uk/cracovia_legia-warszawa/index/spielbericht/4365375
[3912614] Failed to scrape lineup: https://www.transfermarkt.co.uk/spielbericht/index/spielbericht/3912614
[4420521] Could not find attributes for krisjanis zviedris (FK Auda, 2024)
[4529362] Failed to scrape lineup: https://www.transfermarkt.co.uk/club-atletico-tucuman_instituto-acc/index/spielbericht/4529362
[4646024] Could not find attributes for anton yashkov (FK Kudrivka-1, 2025)
[4646024] Failed to build match row: FK Kudrivka-1 vs FC Oleksandriya
[4420521] Failed to build match row: FK Auda vs FC Drita
[4706117] Could not find attributes for kewin (Damac Football Club, 2025)
[4129524] Failed to scrape lineup: https://www.transfermarkt.co.uk/pendikspor_samsunspor/index/spielbericht/4129524
[4808239] Could not find attributes for jose eulogio (Promotora del Club Pachuca S. A. de C. V., 2025)

Keepers & outfield error for **APOEL Nicosia** in APOEL Nicosia vs NK Celje: Numbers: 2 and 9.
[4706117] Failed to build match row: Damac Football Club vs Neom Sports Club
[3643358] Failed to scrape lineup: https://www.transfermarkt.co.uk/spielbericht/index/spielbericht/3643358
[4513763] Failed to build match row: APOEL Nicosia vs NK Celje
[4808239] Failed to build match row: Promotora del Club Pachuca S. A. de C. V. vs Fútbol Club Juárez

Keepers & outfield error for **Paris Saint-Germain Football Club** in Paris Saint-Germain Football Club vs Racing Club de Strasbourg Alsace: Numbers: 2 and 9.
[3840115] Failed to build match row: Paris Saint-Germain Football Club vs Racing Club de Strasbourg Alsace
[3889082] Could not find attributes for triantafyllos pasalidis (Omilos Filathlon Irakliou FC, 2022)
[3889082] Failed to build match row: Omilos Filathlon Irakliou FC vs APS Atromitos Athinon
[3851193] Could not find attributes for theo leoni (Royal Sporting Club Anderlecht, 2022)
[3584551] Could not find attributes for denis simani (FC Vaduz, 2021)
[3851193] Failed to build match row: Royal Antwerp Football Club vs Royal Sporting Club Anderlecht
[3584551] Failed to build match row: FC Vaduz vs Újpest FC
[4405368] Failed to scrape lineup: https://www.transfermarkt.co.uk/real-valladolid-cf_rayo-vallecano/index/spielbericht/4405368
[4103590] Could not find attributes for chukwubuikem ikwuemesi (US Salernitana 1919, 2023)
[4582309] Failed to scrape lineup: https://www.transfermarkt.co.uk/sociedade-esportiva-palmeiras_cruzeiro-esporte-clube/index/spielbericht/4582309
[4648792] Failed to scrape lineup: https://www.transfermarkt.co.uk/casa-pia-ac_fc-arouca/index/spielbericht/4648792
[4358818] Could not find attributes for nikola mirkovic (Fudbalski klub Čukarički Beograd, 2024)
[4103590] Failed to build match row: Unione Sportiva Sassuolo Calcio vs US Salernitana 1919
[4358818] Failed to build match row: Fudbalski klub Čukarički Beograd vs Omladinski fudbalski klub Beograd
[4641366] Could not find attributes for yassine khalifi (Royal Charleroi Sporting Club, 2025)
[4641366] Failed to build match row: Royal Charleroi Sporting Club vs Cercle Brugge Koninklijke Sportvereniging
[4161038] Failed to scrape lineup: https://www.transfermarkt.co.uk/spielbericht/index/spielbericht/4161038
[3457458] Could not find attributes for victor torp (Lyngby Boldklub, 2020)
[3457458] Failed to build match row: Odense Boldklub vs Lyngby Boldklub
[4370078] Failed to scrape lineup: https://www.transfermarkt.co.uk/rsc-anderlecht_fcv-dender-eh/index/spielbericht/4370078
[4786790] Failed to scrape lineup: https://www.transfermarkt.co.uk/spielbericht/index/spielbericht/4786790
[3869058] Failed to scrape lineup: https://www.transfermarkt.co.uk/boavista-fc_cd-santa-clara/index/spielbericht/3869058
[4362861] Failed to scrape lineup: https://www.transfermarkt.co.uk/brighton-amp-hove-albion_newcastle-united/index/spielbericht/4362861
[4513764] Could not find attributes for ingvar jonsson (Víkingur Reykjavík, 2024)
[4513764] Failed to build match row: Panathinaikos Athlitikos Omilos vs Víkingur Reykjavík
[4113033] Could not find attributes for matija nastasic (Real Club Deportivo Mallorca S.A.D., 2023)
[4113033] Failed to build match row: Alaves vs Real Club Deportivo Mallorca S.A.D.
[4420522] Could not find attributes for faton maloku (FC Drita, 2024)
[4420522] Failed to build match row: FC Drita vs FK Auda

Keepers & outfield error for **Manchester City Football Club** in Manchester United Football Club vs Manchester City Football Club: Numbers: 2 and 9.
[4395080] Could not find attributes for rizvan tashaev (Sokol Kazan, 2024)
[4395080] Failed to build match row: Sokol Kazan vs Volna Kovernino
 2025)
[4626013] Failed to build match row: Manchester United Football Club vs Manchester City Football Club
[4724165] Failed to build match row: HZVV Hoogeveen vs Excelsior Maassluis
[3643359] Could not find attributes for vasil bozhikov (Slovan Bratislava, 2021)
[3441893] Could not find attributes for gianmarco vannucchi (Calcio Padova, 2020)
[3643359] Failed to build match row: Olympiakos Syndesmos Filathlon Peiraios vs Slovan Bratislava
[3441893] Failed to build match row: Calcio Padova vs USD Breno
[4445479] Failed to scrape lineup: https://www.transfermarkt.co.uk/spielbericht/index/spielbericht/4445479
[3693534] Failed to scrape lineup: https://www.transfermarkt.co.uk/spielbericht/index/spielbericht/3693534
[3601599] Failed to scrape lineup: https://www.transfermarkt.co.uk/spielbericht/index/spielbericht/3601599
[4624620] Failed to scrape lineup: https://www.transfermarkt.co.uk/fk-dukla-prague_1-fc-slovacko/index/spielbericht/4624620
[4094590] Failed to scrape lineup: https://www.transfermarkt.co.uk/losc-lille_fc-nantes/index/spielbericht/4094590

Keepers & outfield error for **Futebol Clube de Famalicão** in Sporting Clube de Portugal vs Futebol Clube de Famalicão: Numbers: 2 and 9.
[4648793] Failed to build match row: Sporting Clube de Portugal vs Futebol Clube de Famalicão
[3422874] Could not find attributes for marian kneuper (FV Engers 07, 2020)
[3422874] Failed to build match row: FV Engers 07 vs VfL Bochum
[4365376] Failed to scrape lineup: https://www.transfermarkt.co.uk/gks-katowice_lech-poznan/index/spielbericht/4365376
[4706118] Could not find attributes for ramzi solan (Al-Kholood Club, 2025)
[4529363] Failed to scrape lineup: https://www.transfermarkt.co.uk/club-deportivo-riestra_club-atletico-platense/index/spielbericht/4529363
[4706118] Failed to build match row: Al-Nassr Football Club vs Al-Kholood Club
[4219023] Could not find attributes for joe day (Yeovil Town, 2023)
[4405369] Failed to scrape lineup: https://www.transfermarkt.co.uk/atletico-de-madrid_cd-leganes/index/spielbericht/4405369
[4808240] Failed to scrape lineup: https://www.transfermarkt.co.uk/cf-america_cf-monterrey/index/spielbericht/4808240
[4129525] Failed to scrape lineup: https://www.transfermarkt.co.uk/kasimpasa_kayserispor/index/spielbericht/4129525
[4219023] Failed to build match row: Yeovil Town vs Gateshead FC
[4724166] Failed to scrape lineup: https://www.transfermarkt.co.uk/spielbericht/index/spielbericht/4724166
[4646025] Failed to scrape lineup: https://www.transfermarkt.co.uk/kolos-kovalivka_kryvbas-kryvyi-rig/index/spielbericht/4646025
[4641368] Failed to scrape lineup: https://www.transfermarkt.co.uk/royal-antwerp-fc_kvc-westerlo/index/spielbericht/4641368
[4094591] Failed to scrape lineup: https://www.transfermarkt.co.uk/olympique-lyon_montpellier-hsc/index/spielbericht/4094591
[3643360] Failed to scrape lineup: https://www.transfermarkt.co.uk/spielbericht/index/spielbericht/3643360
[4113034] Failed to scrape lineup: https://www.transfermarkt.co.uk/real-betis-balompie_athletic-bilbao/index/spielbericht/4113034
[4445480] Could not find attributes for kostas pileas (Pafos FC, 2024)

Keepers & outfield error for **Atalanta Bergamasca Calcio S.p.a.** in Atalanta Bergamasca Calcio S.p.a. vs Società Sportiva Lazio S.p.A.: Numbers: 3 and 8.
[4445480] Failed to build match row: Pafos FC vs NK Celje
[3840116] Failed to scrape lineup: https://www.transfermarkt.co.uk/stade-brestois-29_olympique-lyon/index/spielbericht/3840116
[3610271] Failed to scrape lineup: https://www.transfermarkt.co.uk/atletico-de-madrid_levante-ud/index/spielbericht/3610271
[4096167] Failed to scrape lineup: https://www.transfermarkt.co.uk/eintracht-frankfurt_vfl-wolfsburg/index/spielbericht/4096167
[3431972] Failed to scrape lineup: https://www.transfermarkt.co.uk/cd-nacional_fc-pacos-de-ferreira/index/spielbericht/3431972
[3889083] Failed to scrape lineup: https://www.transfermarkt.co.uk/panetolikos-gfs_paok-thessaloniki/index/spielbericht/3889083
[4374222] Failed to build match row: Atalanta Bergamasca Calcio S.p.a. vs Società Sportiva Lazio S.p.A.
[3974042] Failed to scrape lineup: https://www.transfermarkt.co.uk/spielbericht/index/spielbericht/3974042

Keepers & outfield error for **Koninklijke Atletiek Associatie Gent** in Real Betis Balompié S.A.D. vs Koninklijke Atletiek Associatie Gent: Numbers: 2 and 9.
[4513765] Failed to build match row: Real Betis Balompié S.A.D. vs Koninklijke Atletiek Associatie Gent
[4648794] Could not find attributes for jakub brabec (Rio Ave Futebol Clube, 2025)
[4161039] Could not find attributes for sandi lovric (Udinese Calcio, 2023)
[3584552] Could not find attributes for nikola simic (Fudbalski Klub Vojvodina, 2021)
[4161039] Failed to build match row: Udinese Calcio vs Cagliari Calcio
[4648794] Failed to build match row: Rio Ave Futebol Clube vs Moreirense Futebol Clube
[3584552] Failed to build match row: Fudbalski Klub Vojvodina vs FK Panevezys
[4654975] Could not find attributes for jean colorado (Internacional de Bogotá, 2025)
[4624621] Could not find attributes for jan kral (SK Sigma Olomouc, a.s., 2025)
[4654975] Failed to build match row: Internacional de Bogotá vs Rionegro Águilas
[4370079] Could not find attributes for sofiane boufal (Royale Union Saint-Gilloise, 2024)
[4624621] Failed to build match row: SK Sigma Olomouc, a.s. vs SK Slavia Praha, a.s.
[4370079] Failed to build match row: Koninklijke Atletiek Associatie Gent vs Royale Union Saint-Gilloise
[3912615] Could not find attributes for konstantinos manolas (Olympiakos Syndesmos Filathlon Peiraios, 2022)
[4358819] Failed to scrape lineup: https://www.transfermarkt.co.uk/fk-novi-pazar_red-star-belgrade/index/spielbericht/4358819
[4582310] Failed to scrape lineup: https://www.transfermarkt.co.uk/sport-club-internacional_fortaleza-esporte-clube/index/spielbericht/4582310
[3614794] Failed to scrape lineup: https://www.transfermarkt.co.uk/us-salernitana-1919_bologna-fc-1909/index/spielbericht/3614794
[3912615] Failed to build match row: Football Club de Nantes vs Olympiakos Syndesmos Filathlon Peiraios
[3457459] Failed to scrape lineup: https://www.transfermarkt.co.uk/fc-nordsjaelland_brondby-if/index/spielbericht/3457459
[4646026] Could not find attributes for oleg bilyk (Epicentr Dunaivtsi, 2025)
[4129526] Could not find attributes for florin nita (Gaziantep Futbol Kulübü A.Ş., 2023)
[4646026] Failed to build match row: Epicentr Dunaivtsi vs FC Shakhtar Donetsk
[4129526] Failed to build match row: Alanyaspor vs Gaziantep Futbol Kulübü A.Ş.
[3592126] Failed to scrape lineup: https://www.transfermarkt.co.uk/leeds-united_newcastle-united/index/spielbericht/3592126

Keepers & outfield error for **Casa Pia Atlético Clube** in Casa Pia Atlético Clube vs Sport Lisboa e Benfica: Numbers: 0 and 11.
[3869060] Failed to build match row: Casa Pia Atlético Clube vs Sport Lisboa e Benfica
[4626014] Failed to scrape lineup: https://www.transfermarkt.co.uk/nottingham-forest_arsenal-fc/index/spielbericht/4626014
[3491252] Could not find attributes for admiral muskwe (Wycombe Wanderers, 2020)
[4582311] Failed to scrape lineup: https://www.transfermarkt.co.uk/esporte-clube-bahia_gremio-foot-ball-porto-alegrense/index/spielbericht/4582311
[3491252] Failed to build match row: Wycombe Wanderers vs Preston North End
[3693535] Could not find attributes for artur chernyi (Футбольный клуб "Локомотив" Москва, 2021)
Not enough players found for lineup: 0, 0.
[4654976] Failed to scrape lineup: https://www.transfermarkt.co.uk/millonarios-fc_union-magdalena/index/spielbericht/4654976
[3693535] Failed to build match row: Футбольный клуб "Локомотив" Москва vs Enisey Krasnoyarsk
Not enough players found for lineup: 0, 0.
[4724167] Failed to scrape lineup: https://www.transfermarkt.co.uk/spielbericht/index/spielbericht/4724167
[4648795] Could not find attributes for lucao (Gil Vicente Futebol Clube, 2025)
[4648795] Failed to build match row: Gil Vicente Futebol Clube vs Sporting Clube de Braga

Keepers & outfield error for **Trabzonspor Kulübü** in Trabzonspor Kulübü vs Sportklub Rapid: Numbers: 2 and 9.
[4420581] Failed to build match row: Trabzonspor Kulübü vs Sportklub Rapid

Keepers & outfield error for **Club Universidad Nacional A. C.** in Club de Futbol Puebla de La Franja vs Club Universidad Nacional A. C.: Numbers: 0 and 11.
[4808241] Failed to build match row: Club de Futbol Puebla de La Franja vs Club Universidad Nacional A. C.
[3422875] Could not find attributes for jakub jakubov (Chemnitzer FC, 2020)
[3422875] Failed to build match row: Chemnitzer FC vs Turn- und Sportgemeinschaft 1899 Hoffenheim Fußball-Spielbetriebs
[4706119] Failed to scrape lineup: https://www.transfermarkt.co.uk/al-kholood-club_al-najma-sc/index/spielbericht/4706119

Keepers & outfield error for **Sport Club Internacional** in Sport Club Internacional vs Clube de Regatas do Flamengo: Numbers: 0 and 11.
[4582312] Failed to build match row: Sport Club Internacional vs Clube de Regatas do Flamengo
[4358820] Could not find attributes for nikola marjanovic (FK Tekstilac Odzaci, 2024)
[4129527] Could not find attributes for mbaye niang (Adana Demirspor, 2023)
[4358820] Failed to build match row: FK Tekstilac Odzaci vs Fudbalski Klub Mladost Lučani
[4129527] Failed to build match row: Adana Demirspor vs Fenerbahçe Spor Kulübü
[3441894] Could not find attributes for loris bacchetti (Feralpisalò, 2020)
[3693536] Could not find attributes for mikhail kerzhakov (AO FK Zenit Sankt-Peterburg, 2021)
[4635010] Failed to scrape lineup: https://www.transfermarkt.co.uk/stade-brestois-29_losc-lille/index/spielbericht/4635010

Keepers & outfield error for **Futebol Clube de Arouca** in Futebol Clube de Arouca vs Gil Vicente Futebol Clube: Numbers: 2 and 9.
[3441894] Failed to build match row: Feralpisalò vs Pineto Calcio
[3869061] Failed to build match row: Futebol Clube de Arouca vs Gil Vicente Futebol Clube
[3693536] Failed to build match row: AO FK Zenit Sankt-Peterburg vs KamAZ Naberezhnye Chelny
[4513766] Could not find attributes for michael noonan (Shamrock Rovers, 2024)
[3643361] Failed to scrape lineup: https://www.transfermarkt.co.uk/spielbericht/index/spielbericht/3643361
Not enough players found for lineup: 0, 0.
[4513766] Failed to build match row: Shamrock Rovers vs Molde Fotballklubb
[4724168] Failed to scrape lineup: https://www.transfermarkt.co.uk/spielbericht/index/spielbericht/4724168

Keepers & outfield error for **Clube Desportivo Santa Clara** in Clube Desportivo Santa Clara vs Sport Lisboa e Benfica: Numbers: 2 and 9.
[4648796] Failed to build match row: Clube Desportivo Santa Clara vs Sport Lisboa e Benfica
[4365378] Failed to scrape lineup: https://www.transfermarkt.co.uk/motor-lublin_zaglebie-lubin/index/spielbericht/4365378

Keepers & outfield error for **Trabzonspor Kulübü** in Sportklub Rapid vs Trabzonspor Kulübü: Numbers: 2 and 9.
[4786791] Could not find attributes for dimitrios monastirlis (Panthessalonikios Athlitikos Omilos Konstantinoupoliton, 2025)
[3889084] Failed to scrape lineup: https://www.transfermarkt.co.uk/pas-giannina_olympiacos-piraeus/index/spielbericht/3889084
[4374223] Failed to scrape lineup: https://www.transfermarkt.co.uk/bologna-fc-1909_ssc-napoli/index/spielbericht/4374223
[4445481] Failed to scrape lineup: https://www.transfermarkt.co.uk/spielbericht/index/spielbericht/4445481
[3610272] Failed to scrape lineup: https://www.transfermarkt.co.uk/fc-barcelona_rayo-vallecano/index/spielbericht/3610272
[4420582] Failed to build match row: Sportklub Rapid vs Trabzonspor Kulübü
[3840117] Failed to scrape lineup: https://www.transfermarkt.co.uk/stade-reims_stade-rennais-fc/index/spielbericht/3840117
[4786791] Failed to build match row: Panthessalonikios Athlitikos Omilos Konstantinoupoliton vs APS Atromitos Athinon
[4096168] Failed to scrape lineup: https://www.transfermarkt.co.uk/bayer-04-leverkusen_1-fsv-mainz-05/index/spielbericht/4096168
[3974043] Failed to scrape lineup: https://www.transfermarkt.co.uk/spielbericht/index/spielbericht/3974043

Keepers & outfield error for **Sporting Clube de Portugal** in Sporting Clube de Portugal vs CD Mafra: Numbers: 2 and 9.
[3492167] Failed to build match row: Sporting Clube de Portugal vs CD Mafra
[4161040] Failed to scrape lineup: https://www.transfermarkt.co.uk/spielbericht/index/spielbericht/4161040
[4654977] Could not find attributes for joaquin mattalia (Unión Magdalena, 2025)
[4358821] Could not find attributes for miso dubljanic (FK Jedinstvo Ub, 2024)
[4654977] Failed to build match row: Unión Magdalena vs Llaneros FC

Keepers & outfield error for **Futbol Club Barcelona** in Futbol Club Barcelona vs Sevilla Fútbol Club S.A.D.: Numbers: 0 and 11.
[4358821] Failed to build match row: FK Jedinstvo Ub vs FK Tekstilac Odzaci
[4405370] Failed to build match row: Futbol Club Barcelona vs Sevilla Fútbol Club S.A.D.
[4395081] Could not find attributes for sergey molchanov (FK Pskov, 2024)
[4395081] Failed to build match row: FK Pskov vs Luki-Energia Velikie Luki
[4529364] Could not find attributes for maximiliano porcel (Club Atlético Vélez Sársfield, 2024)
[3413095] Failed to scrape lineup: https://www.transfermarkt.co.uk/1-fc-union-berlin_tsg-1899-hoffenheim/index/spielbericht/3413095
[4529364] Failed to build match row: Club Atlético Rosario Central vs Club Atlético Vélez Sársfield
[3584553] Failed to scrape lineup: https://www.transfermarkt.co.uk/spielbericht/index/spielbericht/3584553
[4370080] Failed to scrape lineup: https://www.transfermarkt.co.uk/royal-antwerp-fc_krc-genk/index/spielbericht/4370080
[4641370] Failed to scrape lineup: https://www.transfermarkt.co.uk/cercle-brugge-_club-brugge-kv/index/spielbericht/4641370

Keepers & outfield error for **Casa Pia Atlético Clube** in Casa Pia Atlético Clube vs Boavista FC: Numbers: 0 and 11.
[4513767] Could not find attributes for vlad dragomir (Pafos FC, 2024)
[4646027] Failed to scrape lineup: https://www.transfermarkt.co.uk/polissya-zhytomyr_kolos-kovalivka/index/spielbericht/4646027
[4648797] Could not find attributes for ferro (Grupo Desportivo Estoril Praia, 2025)
[3693537] Could not find attributes for evgeniy latyshonok (FK Baltika, 2021)
[3693537] Failed to build match row: FK Baltika vs Chayka Peschanokopskoye
[3869062] Failed to build match row: Casa Pia Atlético Clube vs Boavista FC
[4648797] Failed to build match row: AVS Futebol SAD vs Grupo Desportivo Estoril Praia
[4513767] Failed to build match row: Pafos FC vs Omonia Nicosia
[4626015] Failed to scrape lineup: https://www.transfermarkt.co.uk/sunderland-afc_crystal-palace/index/spielbericht/4626015
[4096169] Could not find attributes for max finkgrafe (1. Fußball-Club Köln, 2023)
[4582313] Could not find attributes for vanderlan (Red Bull Bragantino, 2024)
[4096169] Failed to build match row: Verein für Bewegungsspiele Stuttgart 1893 vs 1. Fußball-Club Köln
[4582313] Failed to build match row: Red Bull Bragantino vs Grêmio Foot-Ball Porto Alegrense
Not enough players found for lineup: 0, 0.

Keepers & outfield error for **Manchester United Football Club** in Manchester United Football Club vs West Ham United Football Club: Numbers: 3 and 8.
[3592128] Failed to build match row: Manchester United Football Club vs West Ham United Football Club
[3457460] Could not find attributes for pedro ferreira (Aalborg BK, 2020)
[4724169] Failed to scrape lineup: https://www.transfermarkt.co.uk/spielbericht/index/spielbericht/4724169
[3457460] Failed to build match row: Aalborg BK vs Football Club København
[3431973] Could not find attributes for lyle foster (Vitória Sport Clube, 2020)
[3431973] Failed to build match row: Vitória Sport Clube vs B SAD
[4113036] Failed to scrape lineup: https://www.transfermarkt.co.uk/real-betis-balompie_getafe-cf/index/spielbericht/4113036
[4635011] Could not find attributes for samir chergui (Paris Football Club, 2025)
[4635011] Failed to build match row: Angers Sporting Club de l'Ouest vs Paris Football Club
[4358822] Could not find attributes for sasa stamenkovic (Fudbalski Klub Mladost Lučani, 2024)
[4786792] Could not find attributes for marios siampanis (Volou Neos Podosferikos Syllogos, 2025)
[3889085] Could not find attributes for julian cuesta (Aris Thessalonikis, 2022)
[4161041] Could not find attributes for emil konradsen ceide (Unione Sportiva Sassuolo Calcio, 2023)
[4358822] Failed to build match row: Fudbalski Klub Mladost Lučani vs Fudbalski Klub Novi Pazar
[3422876] Could not find attributes for dennis klose (1.FC Rielasingen-Arlen, 2020)
[3889085] Failed to build match row: Aris Thessalonikis vs Panetolikos Agrinio
[4420764] Could not find attributes for andriy klishchuk (FK Kryvbas Kryvyi Rig, 2024)
[4161041] Failed to build match row: Unione Sportiva Sassuolo Calcio vs Spezia Calcio
[4786792] Failed to build match row: Volou Neos Podosferikos Syllogos vs Athlitiki Enosi Kifisias
[4420764] Failed to build match row: FC Viktoria Plzeň, a.s. vs FK Kryvbas Kryvyi Rig
[3422876] Failed to build match row: 1.FC Rielasingen-Arlen vs Holstein Kiel
[4624622] Could not find attributes for dominik plechaty (FC Slovan Liberec, 2025)

Keepers & outfield error for **CD Godoy Cruz Antonio Tomba** in CD Godoy Cruz Antonio Tomba vs Club Sportivo Independiente Rivadavia: Numbers: 2 and 9.
[4445482] Could not find attributes for dinis almeida (Ludogorets Razgrad, 2024)
[4624622] Failed to build match row: FC Slovan Liberec vs FK Jablonec a.s.
[4529367] Failed to build match row: CD Godoy Cruz Antonio Tomba vs Club Sportivo Independiente Rivadavia
[4445482] Failed to build match row: Ludogorets Razgrad vs Alkmaar Zaanstreek
[4365380] Could not find attributes for bujar pllana (Klub Sportowy Lechia Gdańsk, 2024)

Keepers & outfield error for **Wolverhampton Wanderers Football Club** in Manchester City Football Club vs Wolverhampton Wanderers Football Club: Numbers: 0 and 11.
[4096170] Failed to scrape lineup: https://www.transfermarkt.co.uk/borussia-dortmund_tsg-1899-hoffenheim/index/spielbericht/4096170
[4626016] Failed to scrape lineup: https://www.transfermarkt.co.uk/tottenham-hotspur_west-ham-united/index/spielbericht/4626016
[3592129] Failed to scrape lineup: https://www.transfermarkt.co.uk/southampton-fc_manchester-city/index/spielbericht/3592129
[4365380] Failed to build match row: Morski Klub Sportowy Pogoń Szczecin vs Klub Sportowy Lechia Gdańsk
[4129528] Could not find attributes for nazim sangare (Fatih Karagümrük Sportif Faaliyetler San. Tic. A.Ş., 2023)
[4362866] Failed to build match row: Manchester City Football Club vs Wolverhampton Wanderers Football Club

Keepers & outfield error for **Aberdeen Football Club** in BK Häcken vs Aberdeen Football Club: Numbers: 2 and 9.
[4129528] Failed to build match row: Fatih Karagümrük Sportif Faaliyetler San. Tic. A.Ş. vs Sivasspor
[3584554] Failed to build match row: BK Häcken vs Aberdeen Football Club
[4808242] Could not find attributes for sebastian jurado (Fútbol Club Juárez, 2025)
[4405372] Failed to scrape lineup: https://www.transfermarkt.co.uk/girona-fc_real-sociedad/index/spielbericht/4405372
[3693538] Could not find attributes for silvije begic (FC Rubin Kazan, 2021)
[4808242] Failed to build match row: Fútbol Club Juárez vs Impulsora del Deportivo Necaxa S.A. de C.V.
[3413097] Failed to scrape lineup: https://www.transfermarkt.co.uk/sv-werder-bremen_eintracht-frankfurt/index/spielbericht/3413097
[4358823] Failed to scrape lineup: https://www.transfermarkt.co.uk/red-star-belgrade_fk-cukaricki/index/spielbericht/4358823

Keepers & outfield error for **Gil Vicente Futebol Clube** in Gil Vicente Futebol Clube vs Futebol Clube de Famalicão: Numbers: 0 and 11.
[3912616] Could not find attributes for shahrudin mahammadaliyev (Qarabağ FK, 2022)
[3869063] Failed to build match row: Gil Vicente Futebol Clube vs Futebol Clube de Famalicão
[3693538] Failed to build match row: FC Rubin Kazan vs Rotor Volgograd
[4635012] Failed to scrape lineup: https://www.transfermarkt.co.uk/fc-metz_rc-strasbourg-alsace/index/spielbericht/4635012
[3912616] Failed to build match row: Football Club de Nantes vs Qarabağ FK
[4103596] Failed to scrape lineup: https://www.transfermarkt.co.uk/frosinone-calcio_genoa-cfc/index/spielbericht/4103596
[3889086] Failed to scrape lineup: https://www.transfermarkt.co.uk/atromitos-athens_paok-thessaloniki/index/spielbericht/3889086
[3643362] Could not find attributes for nikolas panagiotou (Omonia Nicosia, 2021)
[4161645] Failed to scrape lineup: https://www.transfermarkt.co.uk/spielbericht/index/spielbericht/4161645
[3492168] Could not find attributes for malang sarr (Futebol Clube do Porto, 2020)
[4641371] Failed to scrape lineup: https://www.transfermarkt.co.uk/oud-heverlee-leuven_fcv-dender-eh/index/spielbericht/4641371
[3643362] Failed to build match row: Royal Antwerp Football Club vs Omonia Nicosia
[3492168] Failed to build match row: Futebol Clube do Porto vs FC Paços de Ferreira
[4646028] Failed to scrape lineup: https://www.transfermarkt.co.uk/kryvbas-kryvyi-rig_metalist-1925-kharkiv/index/spielbericht/4646028
Not enough players found for lineup: 11, 0.
[4724170] Failed to scrape lineup: https://www.transfermarkt.co.uk/spielbericht/index/spielbericht/4724170
[3837928] Could not find attributes for petar mamic (FK Zalgiris Vilnius, 2022)
[3610274] Failed to scrape lineup: https://www.transfermarkt.co.uk/celta-de-vigo_ca-osasuna/index/spielbericht/3610274
[3837928] Failed to build match row: FK Zalgiris Vilnius vs FC Ballkani
[4445483] Failed to scrape lineup: https://www.transfermarkt.co.uk/spielbericht/index/spielbericht/4445483
[4365381] Failed to scrape lineup: https://www.transfermarkt.co.uk/stal-mielec_radomiak-radom/index/spielbericht/4365381
[3614796] Could not find attributes for nicola zalewski (Associazione Sportiva Roma, 2021)
[3614796] Failed to build match row: Spezia Calcio vs Associazione Sportiva Roma
[4420765] Could not find attributes for andriy klishchuk (FK Kryvbas Kryvyi Rig, 2024)
[4420765] Failed to build match row: FK Kryvbas Kryvyi Rig vs FC Viktoria Plzeň, a.s.
[4219024] Could not find attributes for chinwike okoli (Bromley FC, 2023)
[4219024] Failed to build match row: Bromley FC vs Blackpool FC
[4706120] Could not find attributes for matheus goncalves (Al-Ahli Saudi Football Club, 2025)
[4786793] Could not find attributes for zisis karachalios (Omilos Filathlon Irakliou FC, 2025)
[4706120] Failed to build match row: Al-Ahli Saudi Football Club vs Al-Shabab Club
[3422877] Could not find attributes for lukas sedlak (FC Carl Zeiss Jena, 2020)
[3422877] Failed to build match row: FC Carl Zeiss Jena vs Sportverein Werder Bremen von 1899
[4786793] Failed to build match row: Omilos Filathlon Irakliou FC vs A.G.S Asteras Tripolis
[4358824] Could not find attributes for balsa popovic (Omladinski fudbalski klub Beograd, 2024)
[4358824] Failed to build match row: Omladinski fudbalski klub Beograd vs Fudbalski klub TSC Bačka Topola
[4094594] Could not find attributes for daler kuzyaev (Le Havre Athletic Club, 2023)
[4094594] Failed to build match row: Le Havre Athletic Club vs Stade brestois 29

Keepers & outfield error for **Real Sociedad de Fútbol S.A.D.** in Real Club Deportivo Mallorca S.A.D. vs Real Sociedad de Fútbol S.A.D.: Numbers: 2 and 9.
[3610275] Failed to build match row: Real Club Deportivo Mallorca S.A.D. vs Real Sociedad de Fútbol S.A.D.
[3643363] Could not find attributes for vasil bozhikov (Slovan Bratislava, 2021)
[3643363] Failed to build match row: Slovan Bratislava vs Olympiakos Syndesmos Filathlon Peiraios
[4529369] Could not find attributes for keylor navas (Club Atlético Newell’s Old Boys, 2024)
[4529369] Failed to build match row: Club Atlético Newell’s Old Boys vs Club Atlético Boca Juniors
[4808243] Could not find attributes for jackson porozo (Club Tijuana Xoloitzcuintles de Caliente, 2025)
[4808243] Failed to build match row: Deportivo Toluca Futbol Club, S. A. de C. V. vs Club Tijuana Xoloitzcuintles de Caliente
[3851198] Could not find attributes for stipe perica (Royal Standard Club de Liège, 2022)
[3851198] Failed to build match row: KAS Eupen vs Royal Standard Club de Liège
[3592130] Could not find attributes for jacob lungi sorensen (Norwich City, 2021)
[3592130] Failed to build match row: Watford FC vs Norwich City
[4129530] Could not find attributes for bakhtiyor zaynutdinov (Beşiktaş Jimnastik Kulübü, 2023)
[4358825] Could not find attributes for matija gocmanac (Fudbalski Klub Vojvodina, 2024)
[4129530] Failed to build match row: Beşiktaş Jimnastik Kulübü vs İstanbul Başakşehir Futbol Kulübü
[4358825] Failed to build match row: Fudbalski Klub Vojvodina vs FK Radnički 1923 Kragujevac
[3422878] Could not find attributes for niclas heimann (SSV Ulm 1846, 2020)
[4365382] Could not find attributes for assad al hamlawi (Slask Wroclaw, 2024)
[3584555] Failed to scrape lineup: https://www.transfermarkt.co.uk/spielbericht/index/spielbericht/3584555

Keepers & outfield error for **Football Club Lorient-Bretagne Sud** in Angers Sporting Club de l'Ouest vs Football Club Lorient-Bretagne Sud: Numbers: 0 and 11.
[3422878] Failed to build match row: SSV Ulm 1846 vs FC Erzgebirge Aue
[4365382] Failed to build match row: Slask Wroclaw vs Jagiellonia-Bialystok Sportowa Spólka Akcyjna
[3840120] Failed to build match row: Angers Sporting Club de l'Ouest vs Football Club Lorient-Bretagne Sud
[4370082] Could not find attributes for takuma ominami (Oud-Heverlee Leuven, 2024)
[4420781] Could not find attributes for mark jensen (KÍ Klaksvík, 2024)
[4808244] Could not find attributes for jean unjanque (Querétaro Fútbol Club, 2025)
[4420781] Failed to build match row: KÍ Klaksvík vs FK Borac Banja Luka
[4161646] Failed to scrape lineup: https://www.transfermarkt.co.uk/spielbericht/index/spielbericht/4161646
[3912617] Failed to scrape lineup: https://www.transfermarkt.co.uk/spielbericht/index/spielbericht/3912617
[4808244] Failed to build match row: Club Atlético de San Luis vs Querétaro Fútbol Club
[4370082] Failed to build match row: Oud-Heverlee Leuven vs Beerschot VA
[4096172] Could not find attributes for tim kleindienst (1. Fußballclub Heidenheim 1846, 2023)
[3492169] Failed to scrape lineup: https://www.transfermarkt.co.uk/spielbericht/index/spielbericht/3492169
[4654978] Could not find attributes for juan jose mera (Deportes Tolima, 2025)
[4103597] Failed to scrape lineup: https://www.transfermarkt.co.uk/hellas-verona_us-lecce/index/spielbericht/4103597
[3693539] Could not find attributes for rostislav soldatenko (Alania Vladikavkaz, 2021)

Keepers & outfield error for **Manchester City Football Club** in Aston Villa Football Club vs Manchester City Football Club: Numbers: 2 and 9.
[3601603] Could not find attributes for rudolf sanin (Greifswalder FC, 2021)
[3693539] Failed to build match row: Alania Vladikavkaz vs Arsenal Tula
[4096172] Failed to build match row: 1. Fußballclub Union Berlin vs 1. Fußballclub Heidenheim 1846
[4654978] Failed to build match row: Deportes Tolima vs Independiente Santa Fe
[4641372] Failed to scrape lineup: https://www.transfermarkt.co.uk/kv-mechelen_krc-genk/index/spielbericht/4641372
[4513768] Could not find attributes for matevz vidovsek (NK Olimpija Ljubljana, 2024)
[3592131] Failed to build match row: Aston Villa Football Club vs Manchester City Football Club
[3601603] Failed to build match row: Greifswalder FC vs Fußball-Club Augsburg 1907
[4624623] Could not find attributes for jakub martinec (AC Sparta Praha, a. s., 2025)
[4513768] Failed to build match row: NK Olimpija Ljubljana vs FK Borac Banja Luka
[4624623] Failed to build match row: AC Sparta Praha, a. s. vs Bohemians Praha 1905, a.s.
[3851199] Could not find attributes for oleksiy sych (KV Kortrijk, 2022)
[4724171] Failed to scrape lineup: https://www.transfermarkt.co.uk/spielbericht/index/spielbericht/4724171
[3851199] Failed to build match row: KV Oostende vs KV Kortrijk
[3614797] Failed to scrape lineup: https://www.transfermarkt.co.uk/torino-fc_cagliari-calcio/index/spielbericht/3614797
[4445484] Failed to scrape lineup: https://www.transfermarkt.co.uk/spielbericht/index/spielbericht/4445484
[4113038] Failed to scrape lineup: https://www.transfermarkt.co.uk/rayo-vallecano_sevilla-fc/index/spielbericht/4113038
[3431974] Could not find attributes for evanilson (Futebol Clube do Porto, 2020)
[3431974] Failed to build match row: FC Paços de Ferreira vs Futebol Clube do Porto
[4374226] Failed to scrape lineup: https://www.transfermarkt.co.uk/us-lecce_venezia-fc/index/spielbericht/4374226
[4219025] Failed to scrape lineup: https://www.transfermarkt.co.uk/spielbericht/index/spielbericht/4219025
[3422906] Could not find attributes for nils petersen (Sport-Club Freiburg, 2020)
[3422906] Failed to build match row: SV Waldhof Mannheim vs Sport-Club Freiburg
[4358826] Could not find attributes for mihailo bogicevic (Fudbalski Klub Spartak Ždrepčeva krv, 2024)
[4358826] Failed to build match row: Fudbalski Klub Spartak Ždrepčeva krv vs Fudbalski klub Napredak Kruševac
[4808245] Could not find attributes for gerardo arteaga (Club de Fútbol Monterrey Rayados A.C., 2025)
[4808245] Failed to build match row: Club de Fútbol Monterrey Rayados A.C. vs Club León Fútbol Club
[4094595] Could not find attributes for emran soglo (Olympique de Marseille, 2023)
[4094595] Failed to build match row: Football Club de Metz vs Olympique de Marseille

Keepers & outfield error for **Associazione Calcio Fiorentina** in Associazione Calcio Milan vs Associazione Calcio Fiorentina: Numbers: 0 and 11.
[4374227] Failed to build match row: Associazione Calcio Milan vs Associazione Calcio Fiorentina
[4529371] Failed to scrape lineup: https://www.transfermarkt.co.uk/ca-central-cordoba-sde-_aa-argentinos-juniors/index/spielbericht/4529371

Keepers & outfield error for **Sporting Clube de Braga** in Sporting Clube de Braga vs Grupo Desportivo Estoril Praia: Numbers: 0 and 11.
[3492170] Failed to build match row: Sporting Clube de Braga vs Grupo Desportivo Estoril Praia

Keepers & outfield error for **Real Betis Balompié S.A.D.** in Club Atlético Osasuna vs Real Betis Balompié S.A.D.: Numbers: 0 and 11.
[4405375] Failed to build match row: Club Atlético Osasuna vs Real Betis Balompié S.A.D.
[4365383] Could not find attributes for lubomir tupta (Widzew Łódź Spółka Akcyjna, 2024)
[4365383] Failed to build match row: Widzew Łódź Spółka Akcyjna vs Puszcza Niepolomice

Keepers & outfield error for **Clube Desportivo Nacional** in Clube Desportivo Nacional vs Futebol Clube do Porto: Numbers: 2 and 9.
[4648798] Failed to build match row: Clube Desportivo Nacional vs Futebol Clube do Porto
[4103598] Could not find attributes for daniele rugani (Juventus Football Club, 2023)
[4103598] Failed to build match row: Juventus Football Club vs Football Club Internazionale Milano S.p.A.
[4113039] Could not find attributes for marvin park (UD Las Palmas, 2023)
[4113039] Failed to build match row: Granada CF vs UD Las Palmas
[4096173] Could not find attributes for marcel schuhen (SV Darmstadt 98, 2023)
[4370083] Could not find attributes for rob schoofs (Yellow-Red Koninklijke Voetbalclub Mechelen, 2024)
[4096173] Failed to build match row: Sportverein Werder Bremen von 1899 vs SV Darmstadt 98
[4370083] Failed to build match row: Yellow-Red Koninklijke Voetbalclub Mechelen vs Royal Standard Club de Liège
[3837929] Could not find attributes for pavels steinbors (FC RFS, 2022)
[3912618] Could not find attributes for konstantinos tzolakis (Olympiakos Syndesmos Filathlon Peiraios, 2022)
[3837929] Failed to build match row: FC RFS vs HJK Helsinki
[4395082] Could not find attributes for mikhail zykov (FC Cherepovets, 2024)
[3912618] Failed to build match row: Olympiakos Syndesmos Filathlon Peiraios vs Qarabağ FK
[4395082] Failed to build match row: FC Cherepovets vs Dinamo Vologda

Keepers & outfield error for **Clube Desportivo Nacional** in Clube Desportivo Nacional vs B SAD: Numbers: 0 and 11.
[3431975] Failed to build match row: Clube Desportivo Nacional vs B SAD
[4161647] Could not find attributes for stepan grygorashchuk (Epicentr Dunaivtsi, 2023)
[4646029] Could not find attributes for yuriy volodymyr gereta (FC Rukh Lviv, 2025)
[4161647] Failed to build match row: Epicentr Dunaivtsi vs NK Veres Rivne
[4624624] Could not find attributes for stanislav dostal (FC Trinity Zlin, 2025)
[4646029] Failed to build match row: FC Rukh Lviv vs Futbolniy Klub Dynamo Kyiv
[4129531] Could not find attributes for ramzi safuri (Antalyaspor, 2023)
[4624624] Failed to build match row: FC Trinity Zlin vs FK Pardubice
[4129531] Failed to build match row: MKE Ankaragücü vs Antalyaspor
[4808246] Could not find attributes for oussama idrissi (Promotora del Club Pachuca S. A. de C. V., 2025)
[4365384] Could not find attributes for matus kmet (Klub Sportowy Górnik Zabrze Sportowa Spółka Akcyjna, 2024)
[3584556] Could not find attributes for vladimir bushma (Torpedo-BelAZ Zhodino, 2021)
[4654979] Could not find attributes for wuilker farinez (Rionegro Águilas, 2025)
[4365384] Failed to build match row: Klub Sportowy Górnik Zabrze Sportowa Spółka Akcyjna vs Miejski Klub Sportowy Korona Kielce Spółka Akcyjna
[4808246] Failed to build match row: Promotora del Club Pachuca S. A. de C. V. vs Club de Futbol Rojinegros S.A. de C.V.
[4529372] Could not find attributes for elias torres (Club Atlético Aldosivi, 2024)
[3584556] Failed to build match row: Torpedo-BelAZ Zhodino vs Football Club København
[4529372] Failed to build match row: Club Atlético Aldosivi vs Club Atlético Unión

Keepers & outfield error for **Futebol Clube de Famalicão** in Futebol Clube de Famalicão vs AVS Futebol SAD: Numbers: 2 and 9.
[4654979] Failed to build match row: Rionegro Águilas vs Junior FC

Keepers & outfield error for **Villarreal Club de Fútbol S.A.D.** in Villarreal Club de Fútbol S.A.D. vs Getafe Club de Fútbol S. A. D. Team Dubai: Numbers: 0 and 11.
[4648799] Failed to build match row: Futebol Clube de Famalicão vs AVS Futebol SAD
[4405376] Failed to build match row: Villarreal Club de Fútbol S.A.D. vs Getafe Club de Fútbol S. A. D. Team Dubai

Keepers & outfield error for **Sevilla Fútbol Club S.A.D.** in Valencia Club de Fútbol S. A. D. vs Sevilla Fútbol Club S.A.D.: Numbers: 0 and 11.
[3610278] Failed to build match row: Valencia Club de Fútbol S. A. D. vs Sevilla Fútbol Club S.A.D.
[4706122] Could not find attributes for khaled narey (Al-Okhdood Club, 2025)
[4706122] Failed to build match row: Al-Okhdood Club vs Al-Hazem Sport Club
[4370084] Could not find attributes for emmanuel kakou (Cercle Brugge Koninklijke Sportvereniging, 2024)
[4358827] Could not find attributes for dejan stanivukovic (Fudbalski Klub Radnički Niš, 2024)
[4358827] Failed to build match row: Fudbalski Klub Radnički Niš vs Fudbalski Klub Partizan Beograd
Not enough players found for lineup: 0, 11.
[4724172] Failed to scrape lineup: https://www.transfermarkt.co.uk/spielbericht/index/spielbericht/4724172
[4646030] Could not find attributes for oleksandr saputin (FC Zorya Lugansk, 2025)
[4646030] Failed to build match row: FC Zorya Lugansk vs FK Kudrivka-1
[4161648] Could not find attributes for anton yashkov (PFC Zvyagel, 2023)
[4161648] Failed to build match row: PFC Zvyagel vs FK Obolon Kyiv
[3912619] Could not find attributes for strahinja erakovic (Fudbalski klub Crvena zvezda Beograd, 2022)
[3912619] Failed to build match row: Fudbalski klub Crvena zvezda Beograd vs Ferencvárosi TC
[3693540] Could not find attributes for soslan dzhanaev (FK Sochi, 2021)
[3693540] Failed to build match row: FK Sochi vs PFK CSKA Moskva
[4395083] Could not find attributes for dmitriy sychev (2DROTS Moskau, 2024)
[4395083] Failed to build match row: 2DROTS Moskau vs Strogino Moscow
[4094596] Failed to scrape lineup: https://www.transfermarkt.co.uk/paris-saint-germain_rc-lens/index/spielbericht/4094596
[3837930] Could not find attributes for mathias rosenorn (KÍ Klaksvík, 2022)
[3837930] Failed to build match row: KÍ Klaksvík vs Fotballklubben Bodø/Glimt
[3422907] Could not find attributes for tim haussler (VSG Altglienicke, 2020)
[3422907] Failed to build match row: VSG Altglienicke vs 1. Fußball-Club Köln

Keepers & outfield error for **Stockport County** in Stockport County vs Walsall FC: Numbers: 2 and 9.
[3974046] Failed to build match row: Stockport County vs Walsall FC

Keepers & outfield error for **Casa Pia Atlético Clube** in Clube Desportivo Nacional vs Casa Pia Atlético Clube: Numbers: 2 and 9.
[4648800] Failed to build match row: Clube Desportivo Nacional vs Casa Pia Atlético Clube
[4445485] Could not find attributes for rory holden (The New Saints, 2024)
Not enough players found for lineup: 0, 0.
[4445485] Failed to build match row: The New Saints vs FC Astana
[4724173] Failed to scrape lineup: https://www.transfermarkt.co.uk/spielbericht/index/spielbericht/4724173
[4129532] Could not find attributes for dal varesanovic (Çaykur Rizespor Kulübü, 2023)
[4129532] Failed to build match row: Çaykur Rizespor Kulübü vs Istanbulspor
[3643364] Could not find attributes for marko gobeljic (Fudbalski klub Crvena zvezda Beograd, 2021)
[3643364] Failed to build match row: Fotbal Club CFR 1907 Cluj SA vs Fudbalski klub Crvena zvezda Beograd

Keepers & outfield error for **Valencia Club de Fútbol S. A. D.** in Valencia Club de Fútbol S. A. D. vs UD Las Palmas: Numbers: 2 and 9.
[4624625] Could not find attributes for dominik holec (FC Baník Ostrava a.s., 2025)
[4405377] Failed to build match row: Valencia Club de Fútbol S. A. D. vs UD Las Palmas
[4624625] Failed to build match row: FC Viktoria Plzeň, a.s. vs FC Baník Ostrava a.s.
[3492266] Could not find attributes for andreas raahauge (Holstebro Boldklub, 2020)
[3492266] Failed to build match row: Holstebro Boldklub vs Randers Fodbold Club
[4103599] Failed to scrape lineup: https://www.transfermarkt.co.uk/ac-milan_acf-fiorentina/index/spielbericht/4103599
[4513806] Could not find attributes for bruno varela (Vitória Sport Clube, 2024)
[4513806] Failed to build match row: Real Betis Balompié S.A.D. vs Vitória Sport Clube
[3441896] Could not find attributes for andrea rossini (AC Carpi, 2020)
[3441896] Failed to build match row: AC Carpi vs Casarano Calcio

Keepers & outfield error for **Wolverhampton Wanderers Football Club** in Wolverhampton Wanderers Football Club vs Newcastle United Football Club: Numbers: 0 and 11.
[4626017] Failed to build match row: Wolverhampton Wanderers Football Club vs Newcastle United Football Club
[4529373] Could not find attributes for martin rio (Club Atlético Banfield, 2024)

Keepers & outfield error for **Vitória Sport Clube** in Portimonense SC vs Vitória Sport Clube: Numbers: 0 and 11.
[3869064] Failed to build match row: Portimonense SC vs Vitória Sport Clube
[4420782] Could not find attributes for lovro stubljar (NK Celje, 2024)
[4529373] Failed to build match row: Club Atlético Banfield vs Club Atlético Huracán
[4582314] Failed to scrape lineup: https://www.transfermarkt.co.uk/mirassol-futebol-clube-sp-_esporte-clube-juventude/index/spielbericht/4582314
[4395084] Could not find attributes for maksim shvagirev (Amkal Moscow, 2024)
[4420782] Failed to build match row: NK Celje vs Shamrock Rovers
[4395084] Failed to build match row: Amkal Moscow vs FC Kolomna
[3431976] Failed to scrape lineup: https://www.transfermarkt.co.uk/cd-nacional_gil-vicente-fc/index/spielbericht/3431976
[4646031] Could not find attributes for denys marchenko (FK Obolon Kyiv, 2025)
[4646031] Failed to build match row: FK Obolon Kyiv vs FC Oleksandriya
[4096176] Could not find attributes for anthony losilla (VfL Bochum, 2023)
[4096176] Failed to build match row: VfL Bochum vs RasenBallsport Leipzig
[3584558] Could not find attributes for liel abada (The Celtic Football Club, 2021)
[3584558] Failed to build match row: The Celtic Football Club vs Fodbold Club Midtjylland
[4808247] Could not find attributes for richard ledezma (Club Deportivo Guadalajara S. A. de C. V., 2025)
[4808247] Failed to build match row: Club Deportivo Guadalajara S. A. de C. V. vs Club de Futbol América S. A. de C. V.
[3457461] Could not find attributes for alexander brunst (Vejle Boldklub, 2020)
[3457461] Failed to build match row: Vejle Boldklub vs Aarhus Gymnastik Forening
[3889087] Could not find attributes for boris kleyman (Volou Neos Podosferikos Syllogos, 2022)
Not enough players found for lineup: 0, 0.
[4219026] Could not find attributes for harry tyrer (Chesterfield FC, 2023)
[4374230] Could not find attributes for mats hummels (Associazione Sportiva Roma, 2024)
[3889087] Failed to build match row: Volou Neos Podosferikos Syllogos vs Athlitiki Enosi Konstantinoupoleos
[4724174] Failed to scrape lineup: https://www.transfermarkt.co.uk/spielbericht/index/spielbericht/4724174
[4219026] Failed to build match row: Chesterfield FC vs Portsmouth FC
[4374230] Failed to build match row: Associazione Sportiva Roma vs Juventus Football Club
[3614801] Could not find attributes for nikola maksimovic (Genoa Cricket and Football Club, 2021)
[3614801] Failed to build match row: Genoa Cricket and Football Club vs FC Empoli
[4706123] Failed to scrape lineup: https://www.transfermarkt.co.uk/al-fayha-fc_al-ittihad-club/index/spielbericht/4706123
[3610290] Could not find attributes for abde ezzalzouli (Futbol Club Barcelona, 2021)
[4129533] Could not find attributes for aylton boa morte (Kayserispor Kulübü, 2023)
[3694716] Failed to scrape lineup: https://www.transfermarkt.co.uk/spielbericht/index/spielbericht/3694716
[3610290] Failed to build match row: Alaves vs Futbol Club Barcelona
[4635014] Failed to scrape lineup: https://www.transfermarkt.co.uk/fc-nantes_paris-saint-germain/index/spielbericht/4635014
[4129533] Failed to build match row: Kayserispor Kulübü vs Adana Demirspor
[3413098] Failed to scrape lineup: https://www.transfermarkt.co.uk/vfb-stuttgart_fc-schalke-04/index/spielbericht/3413098
[4420783] Could not find attributes for vytautas cerniauskas (FK Panevezys, 2024)
[3601606] Could not find attributes for lars huxsohl (Eintracht Norderstedt, 2021)
[4420783] Failed to build match row: FK Panevezys vs Maccabi Tel Aviv
[3601606] Failed to build match row: Eintracht Norderstedt vs Hannover 96

Keepers & outfield error for **Futebol Clube de Arouca** in Clube Desportivo Santa Clara vs Futebol Clube de Arouca: Numbers: 2 and 9.
[3869065] Failed to build match row: Clube Desportivo Santa Clara vs Futebol Clube de Arouca
[4161649] Could not find attributes for llya karavashchenko (Feniks-Mariupol, 2023)
[4161649] Failed to build match row: Feniks-Mariupol vs FK Kolos Kovalivka
[4582315] Could not find attributes for joao silva (Sport Club do Recife, 2024)
[4582315] Failed to build match row: Sport Club do Recife vs Ceará Sporting Club
[4096177] Could not find attributes for max finkgrafe (1. Fußball-Club Köln, 2023)
[4096177] Failed to build match row: 1. Fußball-Club Köln vs Bayer 04 Leverkusen Fußball
[4094598] Could not find attributes for daler kuzyaev (Le Havre Athletic Club, 2023)
[4094598] Failed to build match row: Rennes vs Le Havre Athletic Club
Not enough players found for lineup: 0, 11.
[3457462] Could not find attributes for pedro ferreira (Aalborg BK, 2020)
[4724175] Failed to scrape lineup: https://www.transfermarkt.co.uk/spielbericht/index/spielbericht/4724175
[3457462] Failed to build match row: Brøndby Idrætsforening vs Aalborg BK
[4420784] Could not find attributes for silviu smalenea (FC Petrocub Hincesti, 2024)
[3912620] Failed to scrape lineup: https://www.transfermarkt.co.uk/spielbericht/index/spielbericht/3912620
[4420784] Failed to build match row: FC Petrocub Hincesti vs The New Saints

Keepers & outfield error for **US Salernitana 1919** in Football Club Internazionale Milano S.p.A. vs US Salernitana 1919: Numbers: 2 and 9.
[3614802] Failed to build match row: Football Club Internazionale Milano S.p.A. vs US Salernitana 1919
[3441897] Could not find attributes for alessandro santopadre (Potenza Calcio, 2020)
[3441897] Failed to build match row: Potenza Calcio vs US Triestina
[3643505] Failed to scrape lineup: https://www.transfermarkt.co.uk/spielbericht/index/spielbericht/3643505

Keepers & outfield error for **AFC Wimbledon** in AFC Wimbledon vs Crawley Town: Numbers: 2 and 9.
[4646032] Could not find attributes for valeriy voskonyan (SK Poltava, 2025)
[3494484] Failed to build match row: AFC Wimbledon vs Crawley Town
[4646032] Failed to build match row: SK Poltava vs NK Veres Rivne
[4370085] Could not find attributes for amando lapage (Royal Sporting Club Anderlecht, 2024)
[4624626] Could not find attributes for frantisek cech (FC Hradec Králové a.s., 2025)
[4370085] Failed to build match row: Royal Sporting Club Anderlecht vs Club Brugge Koninklijke Voetbalvereniging
[4624626] Failed to build match row: FC Hradec Králové a.s. vs FK Teplice, a.s.
[4113043] Could not find attributes for chris ramos (Cádiz CF, 2023)
[4113043] Failed to build match row: Villarreal Club de Fútbol S.A.D. vs Cádiz CF
[4445486] Could not find attributes for josh pask (The New Saints, 2024)
[4129534] Could not find attributes for cengiz demir (Hatayspor, 2023)

Keepers & outfield error for **Manchester United Football Club** in Manchester United Football Club vs Arsenal Football Club: Numbers: 3 and 8.
[4445486] Failed to build match row: The New Saints vs Panathinaikos Athlitikos Omilos
[3592134] Failed to build match row: Manchester United Football Club vs Arsenal Football Club
[4129534] Failed to build match row: Istanbulspor vs Hatayspor
[4395085] Failed to scrape lineup: https://www.transfermarkt.co.uk/spielbericht/index/spielbericht/4395085
[4103601] Could not find attributes for chukwubuikem ikwuemesi (US Salernitana 1919, 2023)
[4103601] Failed to build match row: US Salernitana 1919 vs Società Sportiva Lazio S.p.A.
[3601607] Could not find attributes for baboucarr gaye (TuS Rot-Weiß Koblenz, 2021)
[3601607] Failed to build match row: TuS Rot-Weiß Koblenz vs SSV Jahn Regensburg
[4219027] Could not find attributes for christian dibble (Kidderminster Harriers, 2023)
[4219027] Failed to build match row: Kidderminster Harriers vs Fleetwood Town
[3912621] Could not find attributes for strahinja erakovic (Fudbalski klub Crvena zvezda Beograd, 2022)
[3912621] Failed to build match row: Association sportive de Monaco Football Club vs Fudbalski klub Crvena zvezda Beograd
[4096178] Could not find attributes for tim kleindienst (1. Fußballclub Heidenheim 1846, 2023)
[4096178] Failed to build match row: 1. Fußballclub Heidenheim 1846 vs Eintracht Frankfurt Fußball AG
[3431977] Failed to scrape lineup: https://www.transfermarkt.co.uk/boavista-fc_vitoria-guimaraes-sc/index/spielbericht/3431977
[3457463] Could not find attributes for kamil grabara (Aarhus Gymnastik Forening, 2020)

Keepers & outfield error for **Futebol Clube do Porto** in Futebol Clube do Porto vs Sporting Clube de Portugal: Numbers: 0 and 11.

Keepers & outfield error for **Association Football Club Bournemouth** in Association Football Club Bournemouth vs Liverpool Football Club: Numbers: 2 and 9.
[3869066] Failed to build match row: Futebol Clube do Porto vs Sporting Clube de Portugal
[4626019] Failed to build match row: Association Football Club Bournemouth vs Liverpool Football Club
[3457463] Failed to build match row: Aarhus Gymnastik Forening vs Lyngby Boldklub
Not enough players found for lineup: 0, 0.
[3422908] Could not find attributes for benjamin kirchhoff (TSV Steinbach, 2020)
[3422908] Failed to build match row: TSV Steinbach vs SV Sandhausen
[4724176] Failed to scrape lineup: https://www.transfermarkt.co.uk/spielbericht/index/spielbericht/4724176
[4635015] Could not find attributes for samir chergui (Paris Football Club, 2025)
[4635015] Failed to build match row: Olympique de Marseille vs Paris Football Club
[4646033] Could not find attributes for nazar domchak (FK Karpaty Lviv, 2025)
[4646033] Failed to build match row: FK Karpaty Lviv vs FC Shakhtar Donetsk
[4624627] Could not find attributes for ales mandous (FK Mladá Boleslav, a.s., 2025)
[4624627] Failed to build match row: FK Mladá Boleslav, a.s. vs MFK Karvina
[4370086] Could not find attributes for konstantinos karetsas (Koninklijke Racing Club Genk, 2024)
[4370086] Failed to build match row: Koninklijke Racing Club Genk vs Oud-Heverlee Leuven
[3837931] Could not find attributes for chris shields (Linfield FC, 2022)
[3837931] Failed to build match row: Linfield FC vs The New Saints
[3889088] Could not find attributes for marios vichos (APO Levadiakos Football Club, 2022)
[3889088] Failed to build match row: APO Levadiakos Football Club vs Ionikos Nikeas

Keepers & outfield error for **Futebol Clube do Porto** in Futebol Clube do Porto vs Sport Lisboa e Benfica: Numbers: 2 and 9.
[3494519] Failed to build match row: Futebol Clube do Porto vs Sport Lisboa e Benfica
[4706124] Could not find attributes for karl toko ekambi (Al-Fateh Club, 2025)
[4407514] Failed to scrape lineup: https://www.transfermarkt.co.uk/getafe-cf_valencia-cf/index/spielbericht/4407514
[4706124] Failed to build match row: Al-Nassr Football Club vs Al-Fateh Club
[4513808] Failed to scrape lineup: https://www.transfermarkt.co.uk/spielbericht/index/spielbericht/4513808

Keepers & outfield error for **Atalanta Bergamasca Calcio S.p.a.** in Atalanta Bergamasca Calcio S.p.a. vs Bologna Football Club 1909: Numbers: 2 and 9.
[4420785] Could not find attributes for fedor lapoukhov (Dinamo Minsk, 2024)
b, 2022)
[4374232] Failed to build match row: Atalanta Bergamasca Calcio S.p.a. vs Bologna Football Club 1909
[3974048] Failed to build match row: Manchester City Football Club vs Chelsea Football Club
[4420785] Failed to build match row: Dinamo Minsk vs Lincoln Red Imps FC
Not enough players found for lineup: 0, 0.
[4096179] Could not find attributes for josuha guilavogui (1. Fußball- und Sportverein Mainz 05, 2023)
Not enough players found for lineup: 0, 0.
[4103602] Could not find attributes for chukwubuikem ikwuemesi (US Salernitana 1919, 2023)
[4445492] Could not find attributes for matevz vidovsek (NK Olimpija Ljubljana, 2024)
[3644430] Failed to scrape lineup: https://www.transfermarkt.co.uk/spielbericht/index/spielbericht/3644430
[4724177] Failed to scrape lineup: https://www.transfermarkt.co.uk/spielbericht/index/spielbericht/4724177
[4103602] Failed to build match row: Associazione Calcio Fiorentina vs US Salernitana 1919
[4096179] Failed to build match row: 1. Fußball- und Sportverein Mainz 05 vs Mönchengladbach
[4445492] Failed to build match row: NK Olimpija Ljubljana vs Linzer Athletik-Sport-Klub
[4654980] Could not find attributes for eber moreno (Deportivo Pereira, 2025)
[4654980] Failed to build match row: Alianza FC vs Deportivo Pereira
[3584561] Could not find attributes for paulinho (Fodbold Club Midtjylland, 2021)
[3584561] Failed to build match row: Fodbold Club Midtjylland vs The Celtic Football Club
[4161650] Could not find attributes for valeriy samar (Livyi Bereg Kyiv, 2023)
[4161650] Failed to build match row: Livyi Bereg Kyiv vs Chornomorets Odesa
[3840121] Failed to scrape lineup: https://www.transfermarkt.co.uk/fc-nantes_aj-auxerre/index/spielbericht/3840121
[3457464] Could not find attributes for alexander brunst (Vejle Boldklub, 2020)
[4646034] Could not find attributes for dmytro ledviy (LNZ Cherkasy, 2025)
[4706125] Failed to scrape lineup: https://www.transfermarkt.co.uk/al-khaleej-fc_al-riyadh-sc/index/spielbericht/4706125
[4787468] Could not find attributes for mark spenkelink (RKC Waalwijk, 2025)
[4646034] Failed to build match row: LNZ Cherkasy vs Epicentr Dunaivtsi
[3889089] Could not find attributes for alexandros paschalakis (Olympiakos Syndesmos Filathlon Peiraios, 2022)
[3457464] Failed to build match row: Sønderjyske Fodbold vs Vejle Boldklub
[4787468] Failed to build match row: Sportclub Heerenveen vs RKC Waalwijk
[3889089] Failed to build match row: Olympiakos Syndesmos Filathlon Peiraios vs A.G.S Asteras Tripolis
[4624628] Could not find attributes for jachym serak (FK Pardubice, 2025)
[4624628] Failed to build match row: FK Pardubice vs FK Dukla Praha a.s.
[4420786] Could not find attributes for svetozar markovic (Fudbalski Klub Partizan Beograd, 2024)

Keepers & outfield error for **Sport Lisboa e Benfica** in Sport Lisboa e Benfica vs Futebol Clube de Alverca: Numbers: 2 and 9.
[4420786] Failed to build match row: Fudbalski Klub Partizan Beograd vs FC Lugano
[4648801] Failed to build match row: Sport Lisboa e Benfica vs Futebol Clube de Alverca
[4529374] Could not find attributes for alejo osella (Club Sportivo Independiente Rivadavia, 2024)
[4529374] Failed to build match row: Club Sportivo Independiente Rivadavia vs Racing Club Asociación Civil de Avellaneda
[4808248] Could not find attributes for efrain orona (Club Santos Laguna S. A. de C. V., 2025)
[4808248] Failed to build match row: Club Santos Laguna S. A. de C. V. vs Mazatlán Futbol Club
[4395086] Failed to scrape lineup: https://www.transfermarkt.co.uk/spielbericht/index/spielbericht/4395086
Not enough players found for lineup: 0, 0.
[4724178] Failed to scrape lineup: https://www.transfermarkt.co.uk/spielbericht/index/spielbericht/4724178
[3694717] Could not find attributes for maxime soulas (Sønderjyske Fodbold, 2021)
[3422909] Failed to scrape lineup: https://www.transfermarkt.co.uk/spielbericht/index/spielbericht/3422909
[3694717] Failed to build match row: Sønderjyske Fodbold vs Hvidovre IF
[4626020] Failed to scrape lineup: https://www.transfermarkt.co.uk/brentford-fc_nottingham-forest/index/spielbericht/4626020
[3614804] Failed to scrape lineup: https://www.transfermarkt.co.uk/ssc-napoli_ac-milan/index/spielbericht/3614804
[4094600] Failed to scrape lineup: https://www.transfermarkt.co.uk/fc-lorient_losc-lille/index/spielbericht/4094600
[3869067] Failed to scrape lineup: https://www.transfermarkt.co.uk/sc-braga_cs-maritimo/index/spielbericht/3869067
[4219028] Could not find attributes for dan bayliss (Slough Town, 2023)
[4219028] Failed to build match row: Slough Town vs Grimsby Town
[4362869] Could not find attributes for harry wilson (Fulham Football Club, 2024)
[3851201] Could not find attributes for denys bunchukov (RFC Seraing, 2022)
[4362869] Failed to build match row: Fulham Football Club vs Everton Football Club
[3837932] Failed to scrape lineup: https://www.transfermarkt.co.uk/spielbericht/index/spielbericht/3837932
[3851201] Failed to build match row: RFC Seraing vs Koninklijke Racing Club Genk

Keepers & outfield error for **Genoa Cricket and Football Club** in Genoa Cricket and Football Club vs FC Empoli: Numbers: 0 and 11.
[3457465] Could not find attributes for tosin kehinde (Randers Fodbold Club, 2020)
[4641374] Could not find attributes for matties volckaert (Koninklijke Atletiek Associatie Gent, 2025)
[4641374] Failed to build match row: Royal Charleroi Sporting Club vs Koninklijke Atletiek Associatie Gent
[3457465] Failed to build match row: Randers Fodbold Club vs Fodbold Club Midtjylland
[4103603] Failed to build match row: Genoa Cricket and Football Club vs FC Empoli
[4370088] Could not find attributes for loic mbe soh (Beerschot VA, 2024)
[3592136] Failed to scrape lineup: https://www.transfermarkt.co.uk/west-ham-united_brighton-amp-hove-albion/index/spielbericht/3592136
[4370088] Failed to build match row: Beerschot VA vs Royal Antwerp Football Club
[4161651] Could not find attributes for denys shelikhov (Viktoriya Sumy, 2023)
Not enough players found for lineup: 0, 11.
[4161651] Failed to build match row: Viktoriya Sumy vs LNZ Cherkasy

Keepers & outfield error for **Al-Taawoun Football Club** in Al-Taawoun Football Club vs Damac Football Club: Numbers: 2 and 9.
[3889090] Could not find attributes for triantafyllos pasalidis (Omilos Filathlon Irakliou FC, 2022)
[4724179] Failed to scrape lineup: https://www.transfermarkt.co.uk/spielbericht/index/spielbericht/4724179
[3889090] Failed to build match row: Panathinaikos Athlitikos Omilos vs Omilos Filathlon Irakliou FC
[4624629] Could not find attributes for ales mandous (FK Mladá Boleslav, a.s., 2025)
[4706126] Failed to build match row: Al-Taawoun Football Club vs Damac Football Club
[4624629] Failed to build match row: FK Mladá Boleslav, a.s. vs SK Sigma Olomouc, a.s.
[3975245] Could not find attributes for denys sydorenko (TOV FK Metalist 1925 Kharkiv, 2022)
[3975245] Failed to build match row: TOV FK Metalist 1925 Kharkiv vs FC Shakhtar Donetsk
Not enough players found for lineup: 0, 0.
[3644432] Failed to scrape lineup: https://www.transfermarkt.co.uk/spielbericht/index/spielbericht/3644432

Keepers & outfield error for **Sport Lisboa e Benfica** in Sport Lisboa e Benfica vs Moreirense Futebol Clube: Numbers: 2 and 9.
[3431978] Failed to build match row: Sport Lisboa e Benfica vs Moreirense Futebol Clube
[3610293] Failed to scrape lineup: https://www.transfermarkt.co.uk/rcd-espanyol-barcelona_real-betis-balompie/index/spielbericht/3610293
[4129536] Failed to scrape lineup: https://www.transfermarkt.co.uk/samsunspor_besiktas-jk/index/spielbericht/4129536
[4445493] Failed to scrape lineup: https://www.transfermarkt.co.uk/spielbericht/index/spielbericht/4445493
[3441898] Could not find attributes for giacomo poluzzi (FC Südtirol, 2020)
[3614805] Could not find attributes for nicola zalewski (Associazione Sportiva Roma, 2021)
[3441898] Failed to build match row: FC Südtirol vs Sassari Latte Dolce
[3869068] Could not find attributes for kiko bondoso (FC Vizela, 2022)
[3614805] Failed to build match row: Associazione Sportiva Roma vs Atalanta Bergamasca Calcio S.p.a.
[3869068] Failed to build match row: GD Chaves vs FC Vizela
[4358828] Failed to scrape lineup: https://www.transfermarkt.co.uk/fk-imt-belgrad_fk-zeleznicar-pancevo/index/spielbericht/4358828

Keepers & outfield error for **Associazione Calcio Fiorentina** in Associazione Calcio Fiorentina vs Parma Calcio 1913: Numbers: 0 and 11.
[4635017] Could not find attributes for ally samatta (Le Havre Athletic Club, 2025)
[4529375] Could not find attributes for facundo di biasi (Club de Gimnasia y Esgrima La Plata, 2024)
[4635017] Failed to build match row: Le Havre Athletic Club vs Racing Club de Lens
[4529375] Failed to build match row: Club de Gimnasia y Esgrima La Plata vs Club Atlético Sarmiento
[4374234] Failed to build match row: Associazione Calcio Fiorentina vs Parma Calcio 1913
[3837933] Could not find attributes for shahrudin mahammadaliyev (Qarabağ FK, 2022)
[3837933] Failed to build match row: Qarabağ FK vs KKS Lech Poznań Spółka Akcyjna
[3586838] Could not find attributes for leotrim bekteshi (FC Prishtina, 2021)
[4646035] Could not find attributes for mykyta shevchenko (FC Oleksandriya, 2025)
[3912624] Could not find attributes for strahinja erakovic (Fudbalski klub Crvena zvezda Beograd, 2022)
[4513810] Could not find attributes for tyrique george (Chelsea Football Club, 2024)
[3586838] Failed to build match row: FC Prishtina vs Inter Club d'Escaldes
[4646035] Failed to build match row: FC Oleksandriya vs TOV FK Metalist 1925 Kharkiv

Keepers & outfield error for **Real Betis Balompié S.A.D.** in Real Betis Balompié S.A.D. vs Rayo Vallecano de Madrid S. A. D.: Numbers: 0 and 11.
[4808249] Could not find attributes for andres gudino (Club de Fútbol Cruz Azul S.A. de C.V., 2025)
[4808249] Failed to build match row: Club de Fútbol Cruz Azul S.A. de C.V. vs Club Tigres UANL Sinergia Deportiva S.A. de C.V.
[3457466] Could not find attributes for zeca (Football Club København, 2020)
[3413102] Could not find attributes for makoto hasebe (Eintracht Frankfurt Fußball AG, 2020)
[3912624] Failed to build match row: Ferencvárosi TC vs Fudbalski klub Crvena zvezda Beograd
[4113047] Failed to build match row: Real Betis Balompié S.A.D. vs Rayo Vallecano de Madrid S. A. D.
[4513810] Failed to build match row: Football Club København vs Chelsea Football Club
[3457466] Failed to build match row: AC Horsens vs Football Club København
[3413102] Failed to build match row: Eintracht Frankfurt Fußball AG vs Bayer 04 Leverkusen Fußball
[4395087] Could not find attributes for aleksandr dyachenko (Nart Cherkessk, 2024)
[4395087] Failed to build match row: Nart Cherkessk vs Biolog-Novokubansk Progress
[4129537] Could not find attributes for florin nita (Gaziantep Futbol Kulübü A.Ş., 2023)
[4129537] Failed to build match row: Gaziantep Futbol Kulübü A.Ş. vs MKE Ankaragücü
[4445494] Could not find attributes for matevz vidovsek (NK Olimpija Ljubljana, 2024)
[4624630] Could not find attributes for jiri borek (1. FC Slovácko, 2025)
[4445494] Failed to build match row: NK Olimpija Ljubljana vs Larne FC
[4096180] Could not find attributes for pavel kaderabek (Turn- und Sportgemeinschaft 1899 Hoffenheim Fußball-Spielbetriebs, 2023)
[4624630] Failed to build match row: 1. FC Slovácko vs FC Slovan Liberec
[4096180] Failed to build match row: Turn- und Sportgemeinschaft 1899 Hoffenheim Fußball-Spielbetriebs vs Sportverein Werder Bremen von 1899
[3889091] Could not find attributes for bojan saranov (PAS Lamia 1964, 2022)
[3889091] Failed to build match row: PAS Lamia 1964 vs PAS Giannina
[3422910] Could not find attributes for kevin jackmuth (1.FC Düren, 2020)
[4161652] Could not find attributes for yaroslav protsenko (Girnyk-Sport Gorishni Plavni, 2023)
[3422910] Failed to build match row: 1.FC Düren vs FC Bayern München
[4161652] Failed to build match row: Girnyk-Sport Gorishni Plavni vs TOV FK Metalist 1925 Kharkiv

Keepers & outfield error for **Grupo Desportivo Estoril Praia** in Grupo Desportivo Estoril Praia vs Rio Ave Futebol Clube: Numbers: 2 and 9.
[3869069] Failed to build match row: Grupo Desportivo Estoril Praia vs Rio Ave Futebol Clube

Keepers & outfield error for **Sporting Clube de Braga** in Sporting Clube de Braga vs Servette Football Club 1890 SA: Numbers: 0 and 11.
[3837934] Could not find attributes for dayle coleing (Lincoln Red Imps FC, 2022)
[4420789] Failed to build match row: Sporting Clube de Braga vs Servette Football Club 1890 SA
[3837934] Failed to build match row: Lincoln Red Imps FC vs FC Shkupi
Not enough players found for lineup: 0, 0.
[3644433] Failed to scrape lineup: https://www.transfermarkt.co.uk/spielbericht/index/spielbericht/3644433
[4358829] Could not find attributes for goran vuklis (Fudbalski Klub IMT Novi Beograd, 2024)
[4358829] Failed to build match row: Fudbalski Klub IMT Novi Beograd vs FK Jedinstvo Ub
[4370089] Could not find attributes for rob schoofs (Yellow-Red Koninklijke Voetbalclub Mechelen, 2024)
[4370089] Failed to build match row: Cercle Brugge Koninklijke Sportvereniging vs Yellow-Red Koninklijke Voetbalclub Mechelen
[4641375] Could not find attributes for mateo biondic (Royale Union Saint-Gilloise, 2025)
[4641375] Failed to build match row: Royale Union Saint-Gilloise vs FC Verbroedering Denderhoutem Denderleeuw Eendracht Hekelgem
[4113048] Could not find attributes for chris ramos (Cádiz CF, 2023)
[4113048] Failed to build match row: Cádiz CF vs Villarreal Club de Fútbol S.A.D.
[4724871] Could not find attributes for frederik ibsen (Boldklubben af 1893, 2025)
[4724871] Failed to build match row: Boldklubben af 1893 vs Brøndby Idrætsforening
[4374236] Failed to scrape lineup: https://www.transfermarkt.co.uk/inter-milan_cagliari-calcio/index/spielbericht/4374236
[4529376] Could not find attributes for giuliano galoppo (Club Atlético River Plate, 2024)
[4529376] Failed to build match row: Club Atlético River Plate vs Club Atlético Rosario Central
[3601610] Could not find attributes for lennart blomer (VfL Oldenburg, 2021)
[3975246] Could not find attributes for maksym dyachuk (Futbolniy Klub Dynamo Kyiv, 2022)
[3975246] Failed to build match row: Futbolniy Klub Dynamo Kyiv vs Ingulets Petrove
[3837935] Could not find attributes for razak abalora (FC Sheriff Tiraspol, 2022)
[3601610] Failed to build match row: VfL Oldenburg vs Fortuna Düsseldorf

Keepers & outfield error for **Club Tigres UANL Sinergia Deportiva S.A. de C.V.** in Club Tigres UANL Sinergia Deportiva S.A. de C.V. vs Promotora del Club Pachuca S. A. de C. V.: Numbers: 0 and 11.
[3837935] Failed to build match row: FC Sheriff Tiraspol vs HSK Zrinjski Mostar
[4808250] Failed to build match row: Club Tigres UANL Sinergia Deportiva S.A. de C.V. vs Promotora del Club Pachuca S. A. de C. V.
[4096181] Could not find attributes for marcel schuhen (SV Darmstadt 98, 2023)
[4129538] Could not find attributes for endri cekici (Pendikspor, 2023)
[4096181] Failed to build match row: SV Darmstadt 98 vs Fußball-Club Augsburg 1907
[4129538] Failed to build match row: İstanbul Başakşehir Futbol Kulübü vs Pendikspor
[4635018] Could not find attributes for dermane karim (Football Club Lorient-Bretagne Sud, 2025)
[4635018] Failed to build match row: Football Club Lorient-Bretagne Sud vs Rennes

Keepers & outfield error for **AFC Ajax Amsterdam** in Alkmaar Zaanstreek vs AFC Ajax Amsterdam: Numbers: 2 and 9.

Keepers & outfield error for **Venezia FC** in Venezia FC vs Unione Sportiva Sassuolo Calcio: Numbers: 0 and 11.
[4787469] Failed to build match row: Alkmaar Zaanstreek vs AFC Ajax Amsterdam
[4162170] Could not find attributes for mykyta turbayevskyi (FC Zorya Lugansk, 2023)
[3614807] Failed to build match row: Venezia FC vs Unione Sportiva Sassuolo Calcio
[4162170] Failed to build match row: SK Slavia Praha, a.s. vs FC Zorya Lugansk
[4420790] Could not find attributes for martin zlomislic (Hrvatski Nogometni Klub Rijeka, 2024)
[4420790] Failed to build match row: Hrvatski Nogometni Klub Rijeka vs Idrottsföreningen Elfsborg
[3889092] Could not find attributes for nikolaos papadopoulos (A.G.S Asteras Tripolis, 2022)
[4103605] Could not find attributes for nikola krstovic (Unione Sportiva Lecce, 2023)
Not enough players found for lineup: 11, 0.
[4103605] Failed to build match row: Unione Sportiva Lecce vs Bologna Football Club 1909
[3644434] Failed to scrape lineup: https://www.transfermarkt.co.uk/spielbericht/index/spielbericht/3644434
[3889092] Failed to build match row: A.G.S Asteras Tripolis vs PAS Lamia 1964
[4358830] Could not find attributes for zoran popovic (Železničar Pančevo, 2024)
[4646036] Could not find attributes for oleg bilyk (Epicentr Dunaivtsi, 2025)
[4358830] Failed to build match row: Železničar Pančevo vs Fudbalski Klub Radnički Niš
 vs Club Atlético de Madrid S.A.D.: Numbers: 0 and 11.
[4646036] Failed to build match row: Epicentr Dunaivtsi vs Futbolniy Klub Dynamo Kyiv
[4407517] Failed to build match row: Real Betis Balompié S.A.D. vs Club Atlético de Madrid S.A.D.
[3869070] Could not find attributes for goncalo ramos (Sport Lisboa e Benfica, 2022)
[3869070] Failed to build match row: Sport Lisboa e Benfica vs FC Paços de Ferreira
[4513812] Could not find attributes for vlad dragomir (Pafos FC, 2024)
[4513812] Failed to build match row: Pafos FC vs Djurgårdens Idrottsförening
[4219030] Failed to scrape lineup: https://www.transfermarkt.co.uk/spielbericht/index/spielbericht/4219030
[4395088] Failed to scrape lineup: https://www.transfermarkt.co.uk/spielbericht/index/spielbericht/4395088
[4445495] Failed to scrape lineup: https://www.transfermarkt.co.uk/spielbericht/index/spielbericht/4445495
[4624631] Failed to scrape lineup: https://www.transfermarkt.co.uk/mfk-karvina_ac-sparta-prague/index/spielbericht/4624631
[3837936] Could not find attributes for lazare kupatadze (Dinamo Batumi, 2022)
[3837936] Failed to build match row: Dinamo Batumi vs Slovan Bratislava
[3441899] Could not find attributes for cristian riggio (US Catanzaro, 2020)
[3413103] Could not find attributes for matthew hoppe (FC Schalke 04, 2020)
[3413103] Failed to build match row: Hertha BSC vs FC Schalke 04
[3441899] Failed to build match row: US Catanzaro vs Virtus Francavilla Calcio
[4654981] Could not find attributes for joider micolta (Internacional de Bogotá, 2025)
[4654981] Failed to build match row: Atlético Nacional vs Internacional de Bogotá
[4726014] Could not find attributes for frederik mohrsen (Ringsted IF, 2025)
[4726014] Failed to build match row: Ringsted IF vs Esbjerg fB

Keepers & outfield error for **Futebol Clube do Porto** in Futebol Clube do Porto vs Juventus Football Club: Numbers: 2 and 9.
[4358831] Could not find attributes for mario jurcevic (Fudbalski Klub Partizan Beograd, 2024)
[3496452] Failed to build match row: Futebol Clube do Porto vs Juventus Football Club
[4358831] Failed to build match row: Fudbalski Klub Partizan Beograd vs Fudbalski Klub Spartak Ždrepčeva krv
[4129539] Could not find attributes for ramzi safuri (Antalyaspor, 2023)
[4129539] Failed to build match row: Antalyaspor vs Çaykur Rizespor Kulübü
[3975247] Could not find attributes for pavlo isenko (Vorskla Poltava, 2022)
[3975247] Failed to build match row: Vorskla Poltava vs FC Zorya Lugansk
[4370090] Failed to scrape lineup: https://www.transfermarkt.co.uk/kvc-westerlo_sint-truidense-vv/index/spielbericht/4370090
ub: Numbers: 2 and 9.
[3840125] Failed to build match row: Racing Club de Lens vs Paris Saint-Germain Football Club
[3614808] Could not find attributes for giorgio scalvini (Atalanta Bergamasca Calcio S.p.a., 2021)
[3614808] Failed to build match row: Atalanta Bergamasca Calcio S.p.a. vs Genoa Cricket and Football Club
[4641377] Could not find attributes for matties volckaert (Koninklijke Atletiek Associatie Gent, 2025)
[4641377] Failed to build match row: Koninklijke Atletiek Associatie Gent vs Sportvereniging Zulte Waregem
[4420800] Could not find attributes for damjan siskovski (FK Borac Banja Luka, 2024)
[4654982] Could not find attributes for dario denis (Boyacá Chicó FC, 2025)
[4420800] Failed to build match row: FK Borac Banja Luka vs KÍ Klaksvík
[4654982] Failed to build match row: Boyacá Chicó FC vs Independiente Medellín
[4706127] Could not find attributes for nacho fernandez (Al-Qadsiah Saudi Football Club, 2025)
[3837937] Could not find attributes for josh cohen (Maccabi Haifa, 2022)
[4706127] Failed to build match row: Neom Sports Club vs Al-Qadsiah Saudi Football Club
[3837937] Failed to build match row: Maccabi Haifa vs Olympiakos Syndesmos Filathlon Peiraios
[4407518] Failed to scrape lineup: https://www.transfermarkt.co.uk/real-madrid_fc-barcelona/index/spielbericht/4407518
Not enough players found for lineup: 0, 0.
[3644435] Failed to scrape lineup: https://www.transfermarkt.co.uk/spielbericht/index/spielbericht/3644435

Keepers & outfield error for **Gil Vicente Futebol Clube** in Gil Vicente Futebol Clube vs Futebol Clube do Porto: Numbers: 0 and 11.
[4624632] Could not find attributes for jan hanus (FK Jablonec a.s., 2025)
[3975248] Could not find attributes for mykyta shevchenko (FC Oleksandriya, 2022)
[3869071] Failed to build match row: Gil Vicente Futebol Clube vs Futebol Clube do Porto
[3975248] Failed to build match row: FC Oleksandriya vs SC Dnipro-1
[4624632] Failed to build match row: FK Jablonec a.s. vs FC Trinity Zlin
[4395113] Could not find attributes for cosmin matei (Sepsi OSK Sf. Gheorghe, 2024)
[4096182] Failed to scrape lineup: https://www.transfermarkt.co.uk/vfl-wolfsburg_vfb-stuttgart/index/spielbericht/4096182

Keepers & outfield error for **Wolverhampton Wanderers Football Club** in Manchester City Football Club vs Wolverhampton Wanderers Football Club: Numbers: 0 and 11.
[4395113] Failed to build match row: Sepsi OSK Sf. Gheorghe vs SC Dinamo 1948 SA
[4626025] Failed to build match row: Manchester City Football Club vs Wolverhampton Wanderers Football Club
[4445496] Failed to scrape lineup: https://www.transfermarkt.co.uk/spielbericht/index/spielbericht/4445496
[3431980] Failed to scrape lineup: https://www.transfermarkt.co.uk/b-sad_sc-farense/index/spielbericht/3431980
[3614809] Could not find attributes for kevin bonifazi (Bologna Football Club 1909, 2021)

Keepers & outfield error for **Fatih Karagümrük Sportif Faaliyetler San. Tic. A.Ş.** in Fenerbahçe Spor Kulübü vs Fatih Karagümrük Sportif Faaliyetler San. Tic. A.Ş.: Numbers: 0 and 11.
[3441900] Could not find attributes for antony iannarilli (Ternana Calcio, 2020)
[3614809] Failed to build match row: Associazione Calcio Fiorentina vs Bologna Football Club 1909
[4129540] Failed to build match row: Fenerbahçe Spor Kulübü vs Fatih Karagümrük Sportif Faaliyetler San. Tic. A.Ş.
[3441900] Failed to build match row: Ternana Calcio vs UC AlbinoLeffe
[4513813] Could not find attributes for filip manojlovic (FK Borac Banja Luka, 2024)
da Beograd, 2022)
[4646037] Failed to scrape lineup: https://www.transfermarkt.co.uk/zorya-lugansk_kryvbas-kryvyi-rig/index/spielbericht/4646037
[4513813] Failed to build match row: FK Borac Banja Luka vs Sportklub Rapid
[3912627] Failed to build match row: Trabzonspor Kulübü vs Fudbalski klub Crvena zvezda Beograd
[3457468] Could not find attributes for zeca (Football Club København, 2020)
[3457468] Failed to build match row: Football Club København vs Sønderjyske Fodbold

Keepers & outfield error for **Casa Pia Atlético Clube** in Casa Pia Atlético Clube vs Futebol Clube de Arouca: Numbers: 0 and 11.
[4358832] Could not find attributes for miloje prekovic (Fudbalski klub Napredak Kruševac, 2024)
[3869072] Failed to build match row: Casa Pia Atlético Clube vs Futebol Clube de Arouca
[4358832] Failed to build match row: Fudbalski klub Napredak Kruševac vs Fudbalski Klub Vojvodina
[4654983] Could not find attributes for andres tovar (Envigado FC, 2025)
[4654983] Failed to build match row: Envigado FC vs Deportivo Cali
[4220518] Could not find attributes for sean fagan (Albion Rovers FC, 2023)
[4220518] Failed to build match row: Albion Rovers FC vs Bonnyrigg Rose FC

Keepers & outfield error for **Shamrock Rovers** in Shamrock Rovers vs NK Celje: Numbers: 0 and 11.
[4420801] Failed to build match row: Shamrock Rovers vs NK Celje
[4726113] Failed to scrape lineup: https://www.transfermarkt.co.uk/cr-flamengo_santos-fc/index/spielbericht/4726113

Keepers & outfield error for **Asociación de Fomento Deportivo Riestra Barrio Colón** in Club Atlético Vélez Sársfield vs Asociación de Fomento Deportivo Riestra Barrio Colón: Numbers: 3 and 8.
[4529377] Failed to build match row: Club Atlético Vélez Sársfield vs Asociación de Fomento Deportivo Riestra Barrio Colón
Not enough players found for lineup: 0, 0.
[4646038] Could not find attributes for yuriy volodymyr gereta (FC Rukh Lviv, 2025)
[3644437] Failed to scrape lineup: https://www.transfermarkt.co.uk/spielbericht/index/spielbericht/3644437
[4624633] Could not find attributes for matous trmal (FK Teplice, a.s., 2025)
[4646038] Failed to build match row: FC Rukh Lviv vs FK Obolon Kyiv
[4624633] Failed to build match row: FK Teplice, a.s. vs FC Viktoria Plzeň, a.s.

Keepers & outfield error for **Moreirense Futebol Clube** in Moreirense Futebol Clube vs Gil Vicente Futebol Clube: Numbers: 0 and 11.
[4648802] Failed to build match row: Moreirense Futebol Clube vs Gil Vicente Futebol Clube
[3413105] Failed to scrape lineup: https://www.transfermarkt.co.uk/sv-werder-bremen_1-fc-union-berlin/index/spielbericht/3413105
[4513814] Could not find attributes for bruno varela (Vitória Sport Clube, 2024)

Keepers & outfield error for **Wolverhampton Wanderers Football Club** in Wolverhampton Wanderers Football Club vs Burnley Football Club: Numbers: 0 and 11.
[4641378] Could not find attributes for yuto tsunashima (Royal Antwerp Football Club, 2025)

[4641378] Failed to build match row: Royal Antwerp Football Club vs Royal Standard Club de Liège
[3592137] Failed to build match row: Wolverhampton Wanderers Football Club vs Burnley Football Club
[4358833] Failed to build match row: FK Radnički 1923 Kragujevac vs Omladinski fudbalski klub Beograd
[4513814] Failed to build match row: Vitória Sport Clube vs Real Betis Balompié S.A.D.
[3975249] Could not find attributes for daniil yermolov (Metalist Kharkiv, 2022)
[3975249] Failed to build match row: Metalist Kharkiv vs FC Rukh Lviv
[4445497] Could not find attributes for veljko ilic (Fudbalski klub TSC Bačka Topola, 2024)
[4445497] Failed to build match row: FC St. Gallen 1879 vs Fudbalski klub TSC Bačka Topola
[3610297] Failed to scrape lineup: https://www.transfermarkt.co.uk/sevilla-fc_celta-de-vigo/index/spielbericht/3610297
[3694718] Could not find attributes for paulinho (Fodbold Club Midtjylland, 2021)
[3837938] Could not find attributes for paulinho (Fodbold Club Midtjylland, 2022)
[3694718] Failed to build match row: Brøndby Idrætsforening vs Fodbold Club Midtjylland
[3837938] Failed to build match row: Fodbold Club Midtjylland vs AEK Larnaca
[4129541] Could not find attributes for rey manaj (Sivasspor, 2023)
[4129541] Failed to build match row: Sivasspor vs Trabzonspor Kulübü
[4420802] Could not find attributes for roi mishpati (Maccabi Tel Aviv, 2024)
[4420802] Failed to build match row: Maccabi Tel Aviv vs FK Panevezys
[3441901] Could not find attributes for pierluigi frattali (SSC Bari, 2020)
[3441901] Failed to build match row: SSC Bari vs Trastevere Calcio
[4624634] Could not find attributes for michal reichl (Bohemians Praha 1905, a.s., 2025)
[4624634] Failed to build match row: Bohemians Praha 1905, a.s. vs FC Hradec Králové a.s.
[4529378] Could not find attributes for guillermo acosta (Club Atlético Tucumán, 2024)
[3431981] Failed to scrape lineup: https://www.transfermarkt.co.uk/sl-benfica_b-sad/index/spielbericht/3431981

Keepers & outfield error for **Futebol Clube de Famalicão** in Portimonense SC vs Futebol Clube de Famalicão: Numbers: 0 and 11.
[4646039] Could not find attributes for anton yashkov (FK Kudrivka-1, 2025)
[3869073] Failed to build match row: Portimonense SC vs Futebol Clube de Famalicão
[4646039] Failed to build match row: FK Kudrivka-1 vs SK Poltava
[4787471] Could not find attributes for lushendry martes (Sparta Rotterdam, 2025)
[4787471] Failed to build match row: Sparta Rotterdam vs Football Club Volendam
Not enough players found for lineup: 0, 0.
[3644438] Failed to scrape lineup: https://www.transfermarkt.co.uk/spielbericht/index/spielbericht/3644438
[3694719] Failed to scrape lineup: https://www.transfermarkt.co.uk/spielbericht/index/spielbericht/3694719
[4362872] Failed to scrape lineup: https://www.transfermarkt.co.uk/manchester-united_west-ham-united/index/spielbericht/4362872
[4706128] Failed to scrape lineup: https://www.transfermarkt.co.uk/damac-fc_al-hazem-sc/index/spielbericht/4706128
[4358834] Could not find attributes for veljko ilic (Fudbalski klub TSC Bačka Topola, 2024)
[4358834] Failed to build match row: Fudbalski klub TSC Bačka Topola vs Fudbalski klub Crvena zvezda Beograd
[3413107] Failed to scrape lineup: https://www.transfermarkt.co.uk/vfb-stuttgart_rb-leipzig/index/spielbericht/3413107
cht/3588142
[3601611] Could not find attributes for sebastian patzler (Wuppertaler SV, 2021)
[4220519] Failed to scrape lineup: https://www.transfermarkt.co.uk/spielbericht/index/spielbericht/4220519
[4808252] Could not find attributes for aldo rocha (Club de Futbol Rojinegros S.A. de C.V., 2025)
[4808252] Failed to build match row: Club de Futbol Rojinegros S.A. de C.V. vs Club Atlético de San Luis
[4370091] Failed to scrape lineup: https://www.transfermarkt.co.uk/royal-charleroi-sc_union-saint-gilloise/index/spielbericht/4370091
[3601611] Failed to build match row: Wuppertaler SV vs VfL Bochum
[4582316] Could not find attributes for lucas halter (Esporte Clube Vitória, 2024)
[3496453] Failed to scrape lineup: https://www.transfermarkt.co.uk/spielbericht/index/spielbericht/3496453
[4582316] Failed to build match row: Esporte Clube Vitória vs Clube Atlético Mineiro
[4726114] Failed to scrape lineup: https://www.transfermarkt.co.uk/clube-de-regatas-vasco-da-gama_esporte-clube-juventude/index/spielbericht/4726114

Keepers & outfield error for **Grupo Desportivo Estoril Praia** in Grupo Desportivo Estoril Praia vs Sporting Clube de Portugal: Numbers: 2 and 9.
[3869074] Failed to build match row: Grupo Desportivo Estoril Praia vs Sporting Clube de Portugal
[3840127] Failed to scrape lineup: https://www.transfermarkt.co.uk/stade-rennais-fc_ogc-nice/index/spielbericht/3840127
[3975250] Could not find attributes for oleksandr rybka (PFK Lviv, 2022)
[3975250] Failed to build match row: PFK Lviv vs FC Minaj
[3851203] Failed to scrape lineup: https://www.transfermarkt.co.uk/oud-heverlee-leuven_kv-oostende-2024-/index/spielbericht/3851203
[4582317] Could not find attributes for vitinho (S. A. F. Botafogo, 2024)
[4582317] Failed to build match row: S. A. F. Botafogo vs Club de Regatas Vasco da Gama
[4407519] Failed to scrape lineup: https://www.transfermarkt.co.uk/cd-leganes_celta-de-vigo/index/spielbericht/4407519
[3837939] Could not find attributes for sergiy sydorchuk (Futbolniy Klub Dynamo Kyiv, 2022)
[3496454] Failed to scrape lineup: https://www.transfermarkt.co.uk/spielbericht/index/spielbericht/3496454
[3912630] Failed to scrape lineup: https://www.transfermarkt.co.uk/spielbericht/index/spielbericht/3912630
[4365388] Could not find attributes for luquinhas (Legia Warszawa Spółka Akcyjna, 2024)
[3837939] Failed to build match row: Futbolniy Klub Dynamo Kyiv vs Fenerbahçe Spor Kulübü
[4529379] Could not find attributes for nicolas pelaitay (CA San Martín (San Juan), 2024)
[4129542] Failed to scrape lineup: https://www.transfermarkt.co.uk/konyaspor_kasimpasa/index/spielbericht/4129542
Not enough players found for lineup: 0, 0.
[4529379] Failed to build match row: Instituto Atlético Central Córdoba vs CA San Martín (San Juan)
[4365388] Failed to build match row: Legia Warszawa Spółka Akcyjna vs Stal Mielec
[3644439] Failed to scrape lineup: https://www.transfermarkt.co.uk/spielbericht/index/spielbericht/3644439
[4113049] Could not find attributes for pejino (UD Las Palmas, 2023)

Keepers & outfield error for **Football Club de Metz** in Olympique Lyonnais vs Football Club de Metz: Numbers: 2 and 9.
[4113049] Failed to build match row: Girona Fútbol Club S. A. D. vs UD Las Palmas
[4635021] Failed to build match row: Olympique Lyonnais vs Football Club de Metz
[4641380] Could not find attributes for moncef zekri (Yellow-Red Koninklijke Voetbalclub Mechelen, 2025)
[3457470] Could not find attributes for robin ostrom (Odense Boldklub, 2020)
[3431982] Could not find attributes for stanislav kritsyuk (B SAD, 2020)
[3422911] Could not find attributes for fabian landvoigt (SV Todesfelde, 2020)
[4641380] Failed to build match row: Yellow-Red Koninklijke Voetbalclub Mechelen vs Royal Sporting Club Anderlecht
[4646040] Could not find attributes for eduard kozik (FK Kolos Kovalivka, 2025)
[3431982] Failed to build match row: B SAD vs Rio Ave Futebol Clube
[3422911] Failed to build match row: SV Todesfelde vs VfL Osnabrück
[4624635] Failed to scrape lineup: https://www.transfermarkt.co.uk/sk-slavia-prague_fc-banik-ostrava/index/spielbericht/4624635
[3457470] Failed to build match row: Odense Boldklub vs Aarhus Gymnastik Forening
[4646040] Failed to build match row: FK Kolos Kovalivka vs FK Karpaty Lviv

Keepers & outfield error for **Rio Ave Futebol Clube** in GD Chaves vs Rio Ave Futebol Clube: Numbers: 4 and 7.
[3869075] Failed to build match row: GD Chaves vs Rio Ave Futebol Clube
[3614812] Could not find attributes for kristjan asllani (FC Empoli, 2021)
[4726115] Could not find attributes for maycon (Sport Club Corinthians Paulista, 2024)
[3614812] Failed to build match row: Associazione Calcio Milan vs FC Empoli
[4726115] Failed to build match row: Sport Club Corinthians Paulista vs Ceará Sporting Club
[4162171] Could not find attributes for mykyta turbayevskyi (FC Zorya Lugansk, 2023)
[4162171] Failed to build match row: FC Zorya Lugansk vs SK Slavia Praha, a.s.

Keepers & outfield error for **Fotbal Club CFR 1907 Cluj SA** in Fotbal Club CFR 1907 Cluj SA vs U Craiova 1948 Club Sportiv SA: Numbers: 2 and 9.
[4395115] Failed to build match row: Fotbal Club CFR 1907 Cluj SA vs U Craiova 1948 Club Sportiv SA
[3413108] Failed to scrape lineup: https://www.transfermarkt.co.uk/borussia-monchengladbach_1-fsv-mainz-05/index/spielbericht/3413108
[4808253] Failed to scrape lineup: https://www.transfermarkt.co.uk/club-leon-fc_santos-laguna/index/spielbericht/4808253
[3694720] Could not find attributes for filip djukic (Hvidovre IF, 2021)
[3694720] Failed to build match row: Hvidovre IF vs Sønderjyske Fodbold
[4445498] Could not find attributes for dinis almeida (Ludogorets Razgrad, 2024)
[4445498] Failed to build match row: Ludogorets Razgrad vs Athletic Club Bilbao
[4648804] Failed to scrape lineup: https://www.transfermarkt.co.uk/gd-estoril-praia_cd-tondela/index/spielbericht/4648804
[3441902] Could not find attributes for daniele lazzari (SS Juve Stabia, 2020)
[4358835] Could not find attributes for lazar kalicanin (Fudbalski klub Čukarički Beograd, 2024)
[3441902] Failed to build match row: SS Juve Stabia vs Tritium Calcio 1908
[4513815] Could not find attributes for bruninho (Cercle Brugge Koninklijke Sportvereniging, 2024)
[4358835] Failed to build match row: Fudbalski klub Čukarički Beograd vs Fudbalski Klub Mladost Lučani
[4420803] Could not find attributes for jordan marshall (The New Saints, 2024)
[4370093] Could not find attributes for loic mbe soh (Beerschot VA, 2024)
[4513815] Failed to build match row: Cercle Brugge Koninklijke Sportvereniging vs Jagiellonia-Bialystok Sportowa Spólka Akcyjna
[4370093] Failed to build match row: Club Brugge Koninklijke Voetbalvereniging vs Beerschot VA
[4420803] Failed to build match row: The New Saints vs FC Petrocub Hincesti

Keepers & outfield error for **Brentford Football Club** in Tottenham Hotspur Football Club vs Brentford Football Club: Numbers: 0 and 11.
[3592140] Failed to build match row: Tottenham Hotspur Football Club vs Brentford Football Club
[3889093] Could not find attributes for lefteris choutesiotis (Ionikos Nikeas, 2022)
[3889093] Failed to build match row: Ionikos Nikeas vs Olympiakos Syndesmos Filathlon Peiraios

Keepers & outfield error for **FC Paços de Ferreira** in Boavista FC vs FC Paços de Ferreira: Numbers: 0 and 11.
[3869076] Failed to build match row: Boavista FC vs FC Paços de Ferreira
[3837940] Could not find attributes for konstantinos manolas (Olympiakos Syndesmos Filathlon Peiraios, 2022)
[3837940] Failed to build match row: Olympiakos Syndesmos Filathlon Peiraios vs Maccabi Haifa
[4096185] Could not find attributes for anthony losilla (VfL Bochum, 2023)
[4096185] Failed to build match row: VfL Bochum vs Sport-Club Freiburg
[4787472] Could not find attributes for reda akmum (FC Den Bosch, 2025)
[4787472] Failed to build match row: FC Den Bosch vs Eindhovense Voetbalvereniging Philips Sport Vereniging
[3457471] Could not find attributes for pedro ferreira (Aalborg BK, 2020)
[3457471] Failed to build match row: Aalborg BK vs Randers Fodbold Club
[4582318] Could not find attributes for fernandinho (Ceará Sporting Club, 2024)
[4529380] Could not find attributes for elias baez (Club Atlético San Lorenzo de Almagro, 2024)
[4582318] Failed to build match row: Ceará Sporting Club vs S. A. F. Botafogo
[4529380] Failed to build match row: Club Atlético San Lorenzo de Almagro vs Club Atlético Lanús
Not enough players found for lineup: 0, 0.

Keepers & outfield error for **Turn- und Sportgemeinschaft 1899 Hoffenheim Fußball-Spielbetriebs** in Turn- und Sportgemeinschaft 1899 Hoffenheim Fußball-Spielbetriebs vs Sportverein Werder Bremen von 1899: Numbers: 2 and 9.
[3446036] Failed to scrape lineup: https://www.transfermarkt.co.uk/spielbericht/index/spielbericht/3446036

Keepers & outfield error for **US Salernitana 1919** in US Salernitana 1919 vs Unione Sportiva Sassuolo Calcio: Numbers: 2 and 9.
[3413109] Failed to build match row: Turn- und Sportgemeinschaft 1899 Hoffenheim Fußball-Spielbetriebs vs Sportverein Werder Bremen von 1899
[3614813] Failed to build match row: US Salernitana 1919 vs Unione Sportiva Sassuolo Calcio
[4646041] Could not find attributes for andrey kozhukhar (NK Veres Rivne, 2025)
[4646041] Failed to build match row: NK Veres Rivne vs FC Shakhtar Donetsk
[4094609] Failed to scrape lineup: https://www.transfermarkt.co.uk/ogc-nice_rc-strasbourg-alsace/index/spielbericht/4094609
[4370094] Could not find attributes for franjo ivanovic (Royale Union Saint-Gilloise, 2024)
[4370094] Failed to build match row: Royale Union Saint-Gilloise vs Oud-Heverlee Leuven
[4445499] Could not find attributes for ziga lipuscek (FC RFS, 2024)
[4445499] Failed to build match row: FC RFS vs AFC Ajax Amsterdam
[4358836] Could not find attributes for zeljko samcovic (Fudbalski Klub Novi Pazar, 2024)
[3851205] Could not find attributes for vadis odjidja ofoe (Koninklijke Atletiek Associatie Gent, 2022)
[4513816] Could not find attributes for renato steffen (FC Lugano, 2024)
[4358836] Failed to build match row: Fudbalski Klub Novi Pazar vs FK Tekstilac Odzaci
[4513816] Failed to build match row: FC Lugano vs NK Celje
[3851205] Failed to build match row: Koninklijke Atletiek Associatie Gent vs Royal Antwerp Football Club
[4103611] Failed to scrape lineup: https://www.transfermarkt.co.uk/udinese-calcio_hellas-verona/index/spielbericht/4103611
[3496455] Failed to scrape lineup: https://www.transfermarkt.co.uk/spielbericht/index/spielbericht/3496455

Keepers & outfield error for **Sporting Clube de Braga** in Sporting Clube de Braga vs Vitória Sport Clube: Numbers: 0 and 11.
[3889094] Could not find attributes for triantafyllos pasalidis (Omilos Filathlon Irakliou FC, 2022)
[4706130] Could not find attributes for abdoulaye doucoure (Neom Sports Club, 2025)
[3869077] Failed to build match row: Sporting Clube de Braga vs Vitória Sport Clube
[3889094] Failed to build match row: Omilos Filathlon Irakliou FC vs Volou Neos Podosferikos Syllogos
[4706130] Failed to build match row: Al-Ahli Saudi Football Club vs Neom Sports Club
[3837941] Could not find attributes for kenan piric (AEK Larnaca, 2022)
[3837941] Failed to build match row: AEK Larnaca vs Fodbold Club Midtjylland
[4365389] Failed to scrape lineup: https://www.transfermarkt.co.uk/puszcza-niepolomice_slask-wroclaw/index/spielbericht/4365389

Keepers & outfield error for **Futebol Clube de Arouca** in Futebol Clube de Arouca vs Vitória Sport Clube: Numbers: 2 and 9.
[3840129] Failed to scrape lineup: https://www.transfermarkt.co.uk/ac-ajaccio_stade-reims/index/spielbericht/3840129
[4648805] Failed to build match row: Futebol Clube de Arouca vs Vitória Sport Clube
[4641381] Failed to scrape lineup: https://www.transfermarkt.co.uk/kvc-westerlo_club-brugge-kv/index/spielbericht/4641381
[3975251] Could not find attributes for bogdan sarnavskyi (FK Kryvbas Kryvyi Rig, 2022)
[3644440] Failed to scrape lineup: https://www.transfermarkt.co.uk/spielbericht/index/spielbericht/3644440
[4162172] Failed to scrape lineup: https://www.transfermarkt.co.uk/spielbericht/index/spielbericht/4162172
[4220520] Could not find attributes for marky munro (Broxburn Athletic FC, 2023)
[4395116] Failed to scrape lineup: https://www.transfermarkt.co.uk/uta-arad_fc-universitatea-cluj/index/spielbericht/4395116
[4726116] Failed to scrape lineup: https://www.transfermarkt.co.uk/sao-paulo-futebol-clube_red-bull-bragantino/index/spielbericht/4726116
[3975251] Failed to build match row: FK Kryvbas Kryvyi Rig vs FK Kolos Kovalivka
[3431983] Failed to scrape lineup: https://www.transfermarkt.co.uk/boavista-fc_fc-porto/index/spielbericht/3431983
[4635022] Failed to scrape lineup: https://www.transfermarkt.co.uk/rc-strasbourg-alsace_fc-nantes/index/spielbericht/4635022
[4624636] Failed to scrape lineup: https://www.transfermarkt.co.uk/fc-banik-ostrava_fk-jablonec/index/spielbericht/4624636
[4220520] Failed to build match row: Broxburn Athletic FC vs Buckie Thistle FC
[3422926] Failed to scrape lineup: https://www.transfermarkt.co.uk/spielbericht/index/spielbericht/3422926
[3413110] Could not find attributes for nils petersen (Sport-Club Freiburg, 2020)
[4407520] Could not find attributes for selvi clua (Girona Fútbol Club S. A. D., 2024)
[3413110] Failed to build match row: Sport-Club Freiburg vs 1. Fußballclub Union Berlin

Keepers & outfield error for **Sevilla Fútbol Club S.A.D.** in Sevilla Fútbol Club S.A.D. vs Borussia Dortmund: Numbers: 2 and 9.
[4407520] Failed to build match row: UD Las Palmas vs Girona Fútbol Club S. A. D.
[3913667] Failed to build match row: Sevilla Fútbol Club S.A.D. vs Borussia Dortmund
[4445500] Could not find attributes for ziga lipuscek (FC RFS, 2024)
[4582319] Could not find attributes for tomas pochettino (Fortaleza Esporte Clube, 2024)
[4445500] Failed to build match row: FC RFS vs Galatasaray Spor Kulübü
[4582319] Failed to build match row: Fortaleza Esporte Clube vs Clube de Regatas do Flamengo
[3601613] Could not find attributes for dmitri stajila (BFC Dynamo, 2021)
[3601613] Failed to build match row: BFC Dynamo vs Verein für Bewegungsspiele Stuttgart 1893

Keepers & outfield error for **Associazione Calcio Fiorentina** in Associazione Calcio Fiorentina vs Panathinaikos Athlitikos Omilos: Numbers: 0 and 11.
[4513817] Failed to build match row: Associazione Calcio Fiorentina vs Panathinaikos Athlitikos Omilos
[4787473] Could not find attributes for jonas wendlinger (Almere City FC, 2025)
[4787473] Failed to build match row: Almere City FC vs Sportclub Telstar
[4362875] Failed to scrape lineup: https://www.transfermarkt.co.uk/southampton-fc_manchester-city/index/spielbericht/4362875
[4808254] Failed to scrape lineup: https://www.transfermarkt.co.uk/club-necaxa_deportivo-toluca/index/spielbericht/4808254
[3889096] Could not find attributes for giannis anestis (Panetolikos Agrinio, 2022)
[3889096] Failed to build match row: Panetolikos Agrinio vs APS Atromitos Athinon
[4096187] Could not find attributes for josuha guilavogui (1. Fußball- und Sportverein Mainz 05, 2023)
[4096187] Failed to build match row: FC Bayern München vs 1. Fußball- und Sportverein Mainz 05
[3457472] Could not find attributes for svenn crone (Lyngby Boldklub, 2020)
[3457472] Failed to build match row: Lyngby Boldklub vs Brøndby Idrætsforening
[3837942] Could not find attributes for ismail yuksek (Fenerbahçe Spor Kulübü, 2022)
[3837942] Failed to build match row: Fenerbahçe Spor Kulübü vs Futbolniy Klub Dynamo Kyiv
[4626031] Failed to scrape lineup: https://www.transfermarkt.co.uk/leeds-united_arsenal-fc/index/spielbericht/4626031
[3851206] Could not find attributes for didier lamkel ze (KV Kortrijk, 2022)
[3975252] Could not find attributes for bogdan kogut (NK Veres Rivne, 2022)
[3851206] Failed to build match row: KV Kortrijk vs Royal Standard Club de Liège
[3975252] Failed to build match row: NK Veres Rivne vs Chornomorets Odesa
[4162173] Could not find attributes for sergiy sydorchuk (Futbolniy Klub Dynamo Kyiv, 2023)
[4162173] Failed to build match row: Futbolniy Klub Dynamo Kyiv vs Beşiktaş Jimnastik Kulübü
[4094610] Could not find attributes for bastien meupiyou (Football Club de Nantes, 2023)
[4094610] Failed to build match row: Football Club de Nantes vs Olympique de Marseille
[4365390] Could not find attributes for michal kaput (Radomiak S.A., 2024)
[4706131] Could not find attributes for ismaila soro (Al-Riyadh Saudi Club, 2025)
[4365390] Failed to build match row: Radomiak S.A. vs Motor Lublin Spółka Akcyjna
[4726117] Could not find attributes for jemmes (Mirasol Futebol Clube, 2024)
[4706131] Failed to build match row: Al-Hilal Saudi Football Club vs Al-Riyadh Saudi Club
[4726117] Failed to build match row: Mirasol Futebol Clube vs Sociedade Esportiva Palmeiras
[3413111] Could not find attributes for makoto hasebe (Eintracht Frankfurt Fußball AG, 2020)

Keepers & outfield error for **Sevilla Fútbol Club S.A.D.** in Sevilla Fútbol Club S.A.D. vs Football Club København: Numbers: 2 and 9.

Keepers & outfield error for **Futebol Clube do Porto** in Futebol Clube do Porto vs Sporting Clube de Portugal: Numbers: 0 and 11.
[3413111] Failed to build match row: Eintracht Frankfurt Fußball AG vs FC Bayern München
[3913678] Failed to build match row: Sevilla Fútbol Club S.A.D. vs Football Club København
[4648806] Failed to build match row: Futebol Clube do Porto vs Sporting Clube de Portugal
Not enough players found for lineup: 0, 0.
[3644441] Failed to scrape lineup: https://www.transfermarkt.co.uk/spielbericht/index/spielbericht/3644441
[4096188] Could not find attributes for max finkgrafe (1. Fußball-Club Köln, 2023)
[4646042] Could not find attributes for yevgen volynets (FK Polissya Zhytomyr, 2025)
[4096188] Failed to build match row: Mönchengladbach vs 1. Fußball-Club Köln

Keepers & outfield error for **CD Godoy Cruz Antonio Tomba** in Club Atlético Independiente de Avellaneda vs CD Godoy Cruz Antonio Tomba: Numbers: 2 and 9.
[4646042] Failed to build match row: FK Polissya Zhytomyr vs LNZ Cherkasy

Keepers & outfield error for **Sporting Clube de Braga** in Sporting Clube de Braga vs Clube Desportivo Nacional: Numbers: 0 and 11.
[3431984] Failed to build match row: Sporting Clube de Braga vs Clube Desportivo Nacional
[4529381] Failed to build match row: Club Atlético Independiente de Avellaneda vs CD Godoy Cruz Antonio Tomba
[3496457] Could not find attributes for gonzalo escalante (Società Sportiva Lazio S.p.A., 2020)
[3496457] Failed to build match row: FC Bayern München vs Società Sportiva Lazio S.p.A.
[4808255] Could not find attributes for andres gudino (Club de Fútbol Cruz Azul S.A. de C.V., 2025)
[4808255] Failed to build match row: Club de Fútbol Cruz Azul S.A. de C.V. vs Club Deportivo Guadalajara S. A. de C. V.
[4513818] Could not find attributes for tyrique george (Chelsea Football Club, 2024)
[4582320] Could not find attributes for lucas halter (Esporte Clube Vitória, 2024)
[4513818] Failed to build match row: Chelsea Football Club vs Football Club København
[4582320] Failed to build match row: Esporte Clube Vitória vs Esporte Clube Juventude
[4162174] Could not find attributes for sergiy sydorchuk (Futbolniy Klub Dynamo Kyiv, 2023)
[4162174] Failed to build match row: Beşiktaş Jimnastik Kulübü vs Futbolniy Klub Dynamo Kyiv
[4641383] Could not find attributes for matties volckaert (Koninklijke Atletiek Associatie Gent, 2025)
[4641383] Failed to build match row: Club Brugge Koninklijke Voetbalvereniging vs Koninklijke Atletiek Associatie Gent
[4358837] Could not find attributes for aleksa paic (FK Jedinstvo Ub, 2024)
[4358837] Failed to build match row: FK Jedinstvo Ub vs Fudbalski Klub Novi Pazar

Keepers & outfield error for **Fortaleza CEIF** in Fortaleza CEIF vs Once Caldas: Numbers: 3 and 8.
[4654984] Failed to build match row: Fortaleza CEIF vs Once Caldas

Keepers & outfield error for **Eintracht Frankfurt Fußball AG** in Eintracht Frankfurt Fußball AG vs Turn- und Sportgemeinschaft 1899 Hoffenheim Fußball-Spielbetriebs: Numbers: 2 and 9.
[4096189] Failed to build match row: Eintracht Frankfurt Fußball AG vs Turn- und Sportgemeinschaft 1899 Hoffenheim Fußball-Spielbetriebs
[3840131] Could not find attributes for maximiliano caufriez (Clermont Foot 63, 2022)
[3840131] Failed to build match row: Clermont Foot 63 vs Rennes
[4395117] Failed to scrape lineup: https://www.transfermarkt.co.uk/fc-hermannstadt_afc-unirea-04-slobozia/index/spielbericht/4395117
[3913696] Could not find attributes for zeca (Football Club København, 2022)
[4706132] Could not find attributes for anthony moris (Al-Khaleej Club (Saihat), 2025)
[3694721] Could not find attributes for niki zimling (Kolding IF, 2021)
[3913696] Failed to build match row: Borussia Dortmund vs Football Club København
[4706132] Failed to build match row: Al-Shabab Club vs Al-Khaleej Club (Saihat)
[3694721] Failed to build match row: Kolding IF vs Vejle Boldklub
[4094611] Could not find attributes for daler kuzyaev (Le Havre Athletic Club, 2023)
[4094611] Failed to build match row: Le Havre Athletic Club vs Football Club Lorient-Bretagne Sud
[4129543] Failed to scrape lineup: https://www.transfermarkt.co.uk/hatayspor_antalyaspor/index/spielbericht/4129543
[4646043] Could not find attributes for oleg kudryk (FK Polissya Zhytomyr, 2025)
[4445501] Failed to scrape lineup: https://www.transfermarkt.co.uk/spielbericht/index/spielbericht/4445501
[4646043] Failed to build match row: Futbolniy Klub Dynamo Kyiv vs FK Polissya Zhytomyr
[3601614] Failed to scrape lineup: https://www.transfermarkt.co.uk/spielbericht/index/spielbericht/3601614

Keepers & outfield error for **Villarreal Club de Fútbol S.A.D.** in Real Valladolid CF vs Villarreal Club de Fútbol S.A.D.: Numbers: 0 and 11.
[4624638] Could not find attributes for stanislav dostal (FC Trinity Zlin, 2025)
[4648807] Could not find attributes for joao moutinho (Sporting Clube de Braga, 2025)
[4624638] Failed to build match row: FC Trinity Zlin vs Bohemians Praha 1905, a.s.
[4726118] Could not find attributes for lucas villalba (Cruzeiro Esporte Clube, 2024)
[4370096] Could not find attributes for semm renders (Royal Antwerp Football Club, 2024)
[4370096] Failed to build match row: Royal Antwerp Football Club vs Koninklijke Voetbal Club Westerlo
[4407522] Failed to build match row: Real Valladolid CF vs Villarreal Club de Fútbol S.A.D.
[4726118] Failed to build match row: Cruzeiro Esporte Clube vs Fluminense Football Club

Keepers & outfield error for **Granada CF** in Real Sociedad de Fútbol S.A.D. vs Granada CF: Numbers: 0 and 11.
[4648807] Failed to build match row: Sporting Clube de Braga vs Rio Ave Futebol Clube
[4113054] Failed to build match row: Real Sociedad de Fútbol S.A.D. vs Granada CF

Keepers & outfield error for **Sport Lisboa e Benfica** in Sport Lisboa e Benfica vs SC Farense: Numbers: 2 and 9.
[3869078] Could not find attributes for xadas (CS Marítimo, 2022)
[3869078] Failed to build match row: Clube Desportivo Santa Clara vs CS Marítimo
[3431985] Failed to build match row: Sport Lisboa e Benfica vs SC Farense
[4162175] Could not find attributes for yakiv kinareykin (SC Dnipro-1, 2023)
[4808256] Could not find attributes for adalberto carrasquilla (Club Universidad Nacional A. C., 2025)
[4162175] Failed to build match row: SC Dnipro-1 vs Spartak Trnava
[4808256] Failed to build match row: Club Universidad Nacional A. C. vs Club de Fútbol Monterrey Rayados A.C.
[3457473] Failed to scrape lineup: https://www.transfermarkt.co.uk/vejle-boldklub_fc-nordsjaelland/index/spielbericht/3457473
[4787474] Could not find attributes for petar stoskovic (De Treffers, 2025)
[3986024] Could not find attributes for soufiane messeguem (Académico Viseu FC, 2022)
[4787474] Failed to build match row: De Treffers vs Nijmegen Eendracht Combinatie

Keepers & outfield error for **Wolverhampton Wanderers Football Club** in Wolverhampton Wanderers Football Club vs Brighton and Hove Albion Football Club: Numbers: 0 and 11.
[3986024] Failed to build match row: Académico Viseu FC vs Boavista FC
[4362877] Failed to build match row: Wolverhampton Wanderers Football Club vs Brighton and Hove Albion Football Club
[4641384] Could not find attributes for marley ake (Sportvereniging Zulte Waregem, 2025)
[3446037] Could not find attributes for andriy bubentsov (VPK-Agro, 2020)
[3446037] Failed to build match row: VPK-Agro vs Kremin Kremenchuk
[4641384] Failed to build match row: Royale Union Saint-Gilloise vs Sportvereniging Zulte Waregem

Keepers & outfield error for **Ceará Sporting Club** in Ceará Sporting Club vs Esporte Clube Juventude: Numbers: 0 and 11.
[4582321] Failed to build match row: Ceará Sporting Club vs Esporte Clube Juventude

Keepers & outfield error for **Unione Sportiva Lecce** in FC Empoli vs Unione Sportiva Lecce: Numbers: 2 and 9.
Not enough players found for lineup: 0, 0.
li vs Unione Sportiva Lecce
[3644442] Failed to scrape lineup: https://www.transfermarkt.co.uk/spielbericht/index/spielbericht/3644442

Keepers & outfield error for **Al-Taawoun Football Club** in Al-Taawoun Football Club vs Al-Nassr Football Club: Numbers: 2 and 9.
[4706133] Failed to build match row: Al-Taawoun Football Club vs Al-Nassr Football Club
[4220521] Could not find attributes for jamie barclay (Cumnock Juniors FC, 2023)
[4420804] Could not find attributes for tjay de barr (Lincoln Red Imps FC, 2024)
[4420804] Failed to build match row: Lincoln Red Imps FC vs Dinamo Minsk
[4096190] Could not find attributes for tim kleindienst (1. Fußballclub Heidenheim 1846, 2023)
[4220521] Failed to build match row: Cumnock Juniors FC vs BSC Glasgow
[4445502] Could not find attributes for daniels balodis (FC RFS, 2024)
[4096190] Failed to build match row: Fußball-Club Augsburg 1907 vs 1. Fußballclub Heidenheim 1846
[4445502] Failed to build match row: FC RFS vs Panthessalonikios Athlitikos Omilos Konstantinoupoliton
[3913697] Could not find attributes for zeca (Football Club København, 2022)
[3913697] Failed to build match row: Football Club København vs Sevilla Fútbol Club S.A.D.
[3869080] Failed to build match row: FC Vizela vs Grupo Desportivo Estoril Praia

Keepers & outfield error for **Pendikspor** in Pendikspor vs Galatasaray Spor Kulübü: Numbers: 2 and 9.
[4646044] Could not find attributes for valeriy voskonyan (SK Poltava, 2025)
[3413113] Could not find attributes for matthew hoppe (FC Schalke 04, 2020)
[4358838] Failed to scrape lineup: https://www.transfermarkt.co.uk/fk-tekstilac-odzaci_fk-cukaricki/index/spielbericht/4358838

Keepers & outfield error for **Casa Pia Atlético Clube** in Casa Pia Atlético Clube vs AVS Futebol SAD: Numbers: 3 and 8.
[3694722] Could not find attributes for paulinho (Fodbold Club Midtjylland, 2021)
[4646044] Failed to build match row: SK Poltava vs FC Zorya Lugansk
[4129544] Failed to build match row: Pendikspor vs Galatasaray Spor Kulübü
[3592145] Failed to scrape lineup: https://www.transfermarkt.co.uk/manchester-city_manchester-united/index/spielbericht/3592145
[4648808] Failed to build match row: Casa Pia Atlético Clube vs AVS Futebol SAD
[3694722] Failed to build match row: Fodbold Club Midtjylland vs Brøndby Idrætsforening
[3413113] Failed to build match row: FC Schalke 04 vs Borussia Dortmund
[3614817] Could not find attributes for nicola zalewski (Associazione Sportiva Roma, 2021)
[4624639] Could not find attributes for matous trmal (FK Teplice, a.s., 2025)
[3614817] Failed to build match row: Udinese Calcio vs Associazione Sportiva Roma

Keepers & outfield error for **Leicester City** in Brighton and Hove Albion Football Club vs Leicester City: Numbers: 0 and 11.
[4624639] Failed to build match row: AC Sparta Praha, a. s. vs FK Teplice, a.s.
[3837974] Failed to build match row: Brighton and Hove Albion Football Club vs Leicester City

Keepers & outfield error for **Futebol Clube do Porto** in Futebol Clube do Porto vs Sporting Clube de Braga: Numbers: 2 and 9.
[3431986] Failed to build match row: Futebol Clube do Porto vs Sporting Clube de Braga
[3601615] Could not find attributes for simon scherder (Preußen Münster, 2021)
[3457474] Could not find attributes for alexander brunst (Vejle Boldklub, 2020)
[3601615] Failed to build match row: Preußen Münster vs Verein für Leibesübungen Wolfsburg
[4654985] Could not find attributes for danovis banguero (Millonarios FC, 2025)
[4654985] Failed to build match row: Millonarios FC vs Asociación Deportivo Pasto
[4420805] Could not find attributes for renato steffen (FC Lugano, 2024)

Keepers & outfield error for **Futebol Clube do Porto** in Futebol Clube do Porto vs Gil Vicente Futebol Clube: Numbers: 2 and 9.
[3457474] Failed to build match row: Brøndby Idrætsforening vs Vejle Boldklub
[4420805] Failed to build match row: FC Lugano vs Fudbalski Klub Partizan Beograd
[3986025] Failed to build match row: Futebol Clube do Porto vs Gil Vicente Futebol Clube
[3851209] Could not find attributes for gift orban (Koninklijke Atletiek Associatie Gent, 2022)
[3851209] Failed to build match row: Koninklijke Atletiek Associatie Gent vs Oud-Heverlee Leuven

Keepers & outfield error for **Al-Fateh Club** in Al-Fateh Club vs Al-Fayha FC: Numbers: 0 and 11.
[4648809] Could not find attributes for joao moutinho (Sporting Clube de Braga, 2025)

Keepers & outfield error for **Football Club Lorient-Bretagne Sud** in Football Club Lorient-Bretagne Sud vs Association sportive de Monaco Football Club: Numbers: 0 and 11.
[4706134] Failed to build match row: Al-Fateh Club vs Al-Fayha FC
[4648809] Failed to build match row: Sporting Clube de Braga vs Futebol Clube de Alverca
[4096191] Could not find attributes for marcel schuhen (SV Darmstadt 98, 2023)
[4103615] Failed to scrape lineup: https://www.transfermarkt.co.uk/frosinone-calcio_torino-fc/index/spielbericht/4103615
[4096191] Failed to build match row: RasenBallsport Leipzig vs SV Darmstadt 98
[4358839] Could not find attributes for sasa stamenkovic (Fudbalski Klub Mladost Lučani, 2024)
[3840132] Failed to build match row: Football Club Lorient-Bretagne Sud vs Association sportive de Monaco Football Club
[4358839] Failed to build match row: Fudbalski Klub Mladost Lučani vs Fudbalski klub TSC Bačka Topola
[4726120] Could not find attributes for ze marcos (Esporte Clube Vitória, 2024)
[4624640] Could not find attributes for frantisek cech (FC Hradec Králové a.s., 2025)
[4370097] Could not find attributes for marco ilaimaharitra (KV Kortrijk, 2024)
[4624640] Failed to build match row: FC Hradec Králové a.s. vs 1. FC Slovácko
[4726120] Failed to build match row: Esporte Clube Vitória vs S. A. F. Botafogo
[3869081] Could not find attributes for xadas (CS Marítimo, 2022)
[4370097] Failed to build match row: KV Kortrijk vs Royal Sporting Club Anderlecht
[4646045] Could not find attributes for oleksandr kemkin (FK Kryvbas Kryvyi Rig, 2025)
[3413114] Could not find attributes for sava arangel cestic (1. Fußball-Club Köln, 2020)
[4129545] Could not find attributes for yasin ozcan (Kasımpaşa A.Ş., 2023)
[3869081] Failed to build match row: CS Marítimo vs Gil Vicente Futebol Clube
[3413114] Failed to build match row: 1. Fußball-Club Köln vs Verein für Bewegungsspiele Stuttgart 1893
[4646045] Failed to build match row: FK Kryvbas Kryvyi Rig vs FK Obolon Kyiv
[4129545] Failed to build match row: Kasımpaşa A.Ş. vs Gaziantep Futbol Kulübü A.Ş.
[4513820] Could not find attributes for muamer tankovic (Pafos FC, 2024)
[4513820] Failed to build match row: Djurgårdens Idrottsförening vs Pafos FC
[3446038] Could not find attributes for bogdan lobodrov (MFK Mykolaiv, 2020)
[3446038] Failed to build match row: MFK Mykolaiv vs Chornomorets Odesa
[4407524] Failed to scrape lineup: https://www.transfermarkt.co.uk/atletico-de-madrid_fc-barcelona/index/spielbericht/4407524
[3644443] Could not find attributes for christos karras (OF Agiou Mattheou, 2021)
[4094612] Could not find attributes for sadibou sane (Football Club de Metz, 2023)
[3644443] Failed to build match row: OF Agiou Mattheou vs Thiseas Agrias
[3614818] Could not find attributes for giorgio scalvini (Atalanta Bergamasca Calcio S.p.a., 2021)
[4094612] Failed to build match row: Football Club de Metz vs Stade Reims
[3614818] Failed to build match row: Bologna Football Club 1909 vs Atalanta Bergamasca Calcio S.p.a.
[3457475] Could not find attributes for kamil grabara (Aarhus Gymnastik Forening, 2020)

Keepers & outfield error for **Gil Vicente Futebol Clube** in Gil Vicente Futebol Clube vs Sport Lisboa e Benfica: Numbers: 0 and 11.
[3457475] Failed to build match row: Aarhus Gymnastik Forening vs Sønderjyske Fodbold
[3986026] Could not find attributes for mateus pasinato (Moreirense Futebol Clube, 2022)
[3431987] Failed to build match row: Gil Vicente Futebol Clube vs Sport Lisboa e Benfica
[3986026] Failed to build match row: Moreirense Futebol Clube vs Futebol Clube de Arouca

Keepers & outfield error for **Futebol Clube do Porto** in Juventus Football Club vs Futebol Clube do Porto: Numbers: 2 and 9.

Keepers & outfield error for **Associazione Calcio Fiorentina** in Cagliari Calcio vs Associazione Calcio Fiorentina: Numbers: 0 and 11.
[3496460] Failed to build match row: Juventus Football Club vs Futebol Clube do Porto
[4374243] Failed to build match row: Cagliari Calcio vs Associazione Calcio Fiorentina
[4624641] Failed to scrape lineup: https://www.transfermarkt.co.uk/fc-slovan-liberec_mfk-karvina/index/spielbericht/4624641
[3840133] Failed to scrape lineup: https://www.transfermarkt.co.uk/fc-nantes_olympique-lyon/index/spielbericht/3840133
[4220522] Could not find attributes for shea dowie (Dunbar United FC, 2023)
[4220522] Failed to build match row: Dunbar United FC vs Alloa Athletic FC
[4808257] Could not find attributes for jean unjanque (Querétaro Fútbol Club, 2025)
[4808257] Failed to build match row: Querétaro Fútbol Club vs Fútbol Club Juárez
[4096192] Could not find attributes for marcel schuhen (SV Darmstadt 98, 2023)
[4096192] Failed to build match row: SV Darmstadt 98 vs FC Bayern München
[3851210] Could not find attributes for gyrano kerk (Royal Antwerp Football Club, 2022)
[3422927] Could not find attributes for christoph moritz (SSV Jahn Regensburg, 2020)
[3851210] Failed to build match row: Royal Antwerp Football Club vs KAS Eupen
[3422927] Failed to build match row: 1.FC Kaiserslautern vs SSV Jahn Regensburg
[4706135] Could not find attributes for nacho fernandez (Al-Qadsiah Saudi Football Club, 2025)
[4706135] Failed to build match row: Al-Qadsiah Saudi Football Club vs Al-Najma Sport Club
[4787626] Could not find attributes for pajtim kasami (Fussballclub Winterthur, 2025)
[4787626] Failed to build match row: Football Club Lausanne-Sport vs Fussballclub Winterthur

Keepers & outfield error for **Futebol Clube do Porto** in Futebol Clube do Porto vs Gil Vicente Futebol Clube: Numbers: 0 and 11.
[4648810] Failed to build match row: Futebol Clube do Porto vs Gil Vicente Futebol Clube
[3889097] Could not find attributes for konstantinos koulierakis (Panthessalonikios Athlitikos Omilos Konstantinoupoliton, 2022)
[4370098] Could not find attributes for rob schoofs (Yellow-Red Koninklijke Voetbalclub Mechelen, 2024)
[3889097] Failed to build match row: Panthessalonikios Athlitikos Omilos Konstantinoupoliton vs Aris Thessalonikis
[4370098] Failed to build match row: Yellow-Red Koninklijke Voetbalclub Mechelen vs Koninklijke Racing Club Genk
Not enough players found for lineup: 0, 0.
[3644444] Failed to scrape lineup: https://www.transfermarkt.co.uk/spielbericht/index/spielbericht/3644444
[4726121] Could not find attributes for tomas pochettino (Fortaleza Esporte Clube, 2024)
[4726121] Failed to build match row: Fortaleza Esporte Clube vs Grêmio Foot-Ball Porto Alegrense

Keepers & outfield error for **Gil Vicente Futebol Clube** in Gil Vicente Futebol Clube vs Rio Ave Futebol Clube: Numbers: 0 and 11.
[3431988] Failed to build match row: Gil Vicente Futebol Clube vs Rio Ave Futebol Clube
[3610325] Could not find attributes for nemanja radoja (Levante Unión Deportiva S.A.D., 2021)
[3610325] Failed to build match row: Getafe Club de Fútbol S. A. D. Team Dubai vs Levante Unión Deportiva S.A.D.
[4635027] Could not find attributes for tylel tati (Football Club de Nantes, 2025)
[4635027] Failed to build match row: Football Club de Nantes vs Association de la Jeunesse auxerroise
[3851211] Could not find attributes for joao silva (KV Kortrijk, 2022)
[3851211] Failed to build match row: KV Kortrijk vs Royal Sporting Club Anderlecht
[4358840] Could not find attributes for andrej djuric (Fudbalski klub Crvena zvezda Beograd, 2024)
[4358840] Failed to build match row: Fudbalski klub Crvena zvezda Beograd vs FK Radnički 1923 Kragujevac
[3457476] Could not find attributes for tosin kehinde (Randers Fodbold Club, 2020)
[3457476] Failed to build match row: Randers Fodbold Club vs Fodbold Club Nordsjælland
[4582322] Failed to scrape lineup: https://www.transfermarkt.co.uk/sociedade-esportiva-palmeiras_santos-fc/index/spielbericht/4582322
[4624642] Could not find attributes for jan kral (SK Sigma Olomouc, a.s., 2025)
[4624642] Failed to build match row: SK Sigma Olomouc, a.s. vs FK Pardubice
[4370099] Could not find attributes for didier lamkel ze (St Truiden, 2024)
[4370099] Failed to build match row: St Truiden vs Royal Standard Club de Liège
[3889098] Could not find attributes for epaminondas pantelakis (PAS Giannina, 2022)
[4641385] Failed to scrape lineup: https://www.transfermarkt.co.uk/royal-antwerp-fc_rsc-anderlecht/index/spielbericht/4641385
[3889098] Failed to build match row: PAS Giannina vs Athlitiki Enosi Konstantinoupoleos
[4726122] Could not find attributes for matheus alexandre (Sport Club do Recife, 2024)
[4726122] Failed to build match row: Sport Club do Recife vs Clube Atlético Mineiro
[4626036] Could not find attributes for joao palhinha (Tottenham Hotspur Football Club, 2025)
[4626036] Failed to build match row: Tottenham Hotspur Football Club vs Manchester City Football Club
[4808258] Could not find attributes for jackson porozo (Club Tijuana Xoloitzcuintles de Caliente, 2025)

Keepers & outfield error for **Asociación Atlética Argentinos Juniors** in Club Atlético Belgrano vs Asociación Atlética Argentinos Juniors: Numbers: 0 and 11.
[4808258] Failed to build match row: Club Tijuana Xoloitzcuintles de Caliente vs Mazatlán Futbol Club
[4529384] Failed to build match row: Club Atlético Belgrano vs Asociación Atlética Argentinos Juniors
[3431989] Could not find attributes for srdjan babic (Futebol Clube de Famalicão, 2020)
[3431989] Failed to build match row: Futebol Clube de Famalicão vs Sporting Clube de Portugal
[4656641] Failed to scrape lineup: https://www.transfermarkt.co.uk/alianza-fc_deportes-tolima/index/spielbericht/4656641
[4646046] Failed to scrape lineup: https://www.transfermarkt.co.uk/fc-kudrivka_karpaty-lviv/index/spielbericht/4646046
[3869082] Failed to scrape lineup: https://www.transfermarkt.co.uk/sporting-cp_portimonense-sc/index/spielbericht/3869082
[4129546] Failed to scrape lineup: https://www.transfermarkt.co.uk/alanyaspor_konyaspor/index/spielbericht/4129546
[4513821] Could not find attributes for nikolaus wurmbrand (Sportklub Rapid, 2024)
[4513821] Failed to build match row: Sportklub Rapid vs FK Borac Banja Luka
[3588151] Failed to scrape lineup: https://www.transfermarkt.co.uk/bayer-04-leverkusen_borussia-monchengladbach/index/spielbericht/3588151
[3446039] Failed to scrape lineup: https://www.transfermarkt.co.uk/spielbericht/index/spielbericht/3446039
Not enough players found for lineup: 0, 0.
[3644447] Failed to scrape lineup: https://www.transfermarkt.co.uk/spielbericht/index/spielbericht/3644447
[3457477] Could not find attributes for lirim qamili (AC Horsens, 2020)
[3457477] Failed to build match row: AC Horsens vs Odense Boldklub
[4162615] Failed to scrape lineup: https://www.transfermarkt.co.uk/spielbericht/index/spielbericht/4162615
[3840134] Failed to scrape lineup: https://www.transfermarkt.co.uk/ogc-nice_montpellier-hsc/index/spielbericht/3840134

Keepers & outfield error for **Wolverhampton Wanderers Football Club** in Wolverhampton Wanderers Football Club vs Association Football Club Bournemouth: Numbers: 0 and 11.
[4626037] Failed to build match row: Wolverhampton Wanderers Football Club vs Association Football Club Bournemouth
[4582323] Could not find attributes for lucas villalba (Cruzeiro Esporte Clube, 2024)
[4582323] Failed to build match row: Cruzeiro Esporte Clube vs Red Bull Bragantino
[4787627] Could not find attributes for renato steffen (FC Lugano, 2025)
[4220523] Failed to scrape lineup: https://www.transfermarkt.co.uk/spielbericht/index/spielbericht/4220523
[4787627] Failed to build match row: FC Lugano vs FC Thun
[4808259] Could not find attributes for facundo almada (Mazatlán Futbol Club, 2025)
[4808259] Failed to build match row: Mazatlán Futbol Club vs Promotora del Club Pachuca S. A. de C. V.
[4420807] Failed to scrape lineup: https://www.transfermarkt.co.uk/spielbericht/index/spielbericht/4420807
[4445505] Failed to scrape lineup: https://www.transfermarkt.co.uk/spielbericht/index/spielbericht/4445505
[3422928] Failed to scrape lineup: https://www.transfermarkt.co.uk/spielbericht/index/spielbericht/3422928
[3602174] Failed to scrape lineup: https://www.transfermarkt.co.uk/dynamo-kyiv_fc-minaj/index/spielbericht/3602174

Keepers & outfield error for **FC Shakhtar Donetsk** in FC Shakhtar Donetsk vs FC Oleksandriya: Numbers: 2 and 9.
[4646047] Failed to build match row: FC Shakhtar Donetsk vs FC Oleksandriya
[4808260] Could not find attributes for jean unjanque (Querétaro Fútbol Club, 2025)
[4808260] Failed to build match row: Querétaro Fútbol Club vs Club Santos Laguna S. A. de C. V.
[4094614] Failed to scrape lineup: https://www.transfermarkt.co.uk/paris-saint-germain_ogc-nice/index/spielbericht/4094614
[3851212] Failed to scrape lineup: https://www.transfermarkt.co.uk/rfc-seraing_zulte-waregem/index/spielbericht/3851212
[3614820] Failed to scrape lineup: https://www.transfermarkt.co.uk/fc-empoli_hellas-verona/index/spielbericht/3614820
[3457478] Could not find attributes for pedro ferreira (Aalborg BK, 2020)
[3457478] Failed to build match row: Aalborg BK vs Fodbold Club Midtjylland
[4635029] Could not find attributes for samir chergui (Paris Football Club, 2025)
[4362881] Failed to scrape lineup: https://www.transfermarkt.co.uk/brighton-amp-hove-albion_liverpool-fc/index/spielbericht/4362881
[4635029] Failed to build match row: Paris Football Club vs Football Club de Metz
Not enough players found for lineup: 0, 0.
[3644448] Failed to scrape lineup: https://www.transfermarkt.co.uk/spielbericht/index/spielbericht/3644448

Keepers & outfield error for **Newcastle United Football Club** in Newcastle United Football Club vs Crystal Palace Football Club: Numbers: 2 and 9.
[3837978] Failed to build match row: Newcastle United Football Club vs Crystal Palace Football Club
[4656642] Could not find attributes for emmanuel olivera (Independiente Santa Fe, 2025)
[4656642] Failed to build match row: Independiente Santa Fe vs Rionegro Águilas
[4726123] Failed to scrape lineup: https://www.transfermarkt.co.uk/fluminense-football-club_cr-flamengo/index/spielbericht/4726123
[4420808] Could not find attributes for martin zlomislic (Hrvatski Nogometni Klub Rijeka, 2024)
[4420808] Failed to build match row: Idrottsföreningen Elfsborg vs Hrvatski Nogometni Klub Rijeka
[4096193] Failed to scrape lineup: https://www.transfermarkt.co.uk/1-fc-koln_rb-leipzig/index/spielbericht/4096193
648811
[4529385] Failed to scrape lineup: https://www.transfermarkt.co.uk/ca-barracas-central_ca-union-santa-fe-/index/spielbericht/4529385
[4641387] Could not find attributes for mathis servais (Yellow-Red Koninklijke Voetbalclub Mechelen, 2025)
[3610327] Failed to scrape lineup: https://www.transfermarkt.co.uk/real-madrid_granada-cf/index/spielbericht/3610327
[4641387] Failed to build match row: St Truiden vs Yellow-Red Koninklijke Voetbalclub Mechelen

Keepers & outfield error for **Genoa Cricket and Football Club** in AC Monza vs Genoa Cricket and Football Club: Numbers: 0 and 11.
[4103619] Failed to build match row: AC Monza vs Genoa Cricket and Football Club
[3431990] Failed to scrape lineup: https://www.transfermarkt.co.uk/boavista-fc_sl-benfica/index/spielbericht/3431990

Keepers & outfield error for **Paris Saint-Germain Football Club** in Paris Saint-Germain Football Club vs Angers Sporting Club de l'Ouest: Numbers: 2 and 9.
[3840135] Failed to build match row: Paris Saint-Germain Football Club vs Angers Sporting Club de l'Ouest

Keepers & outfield error for **FC Paços de Ferreira** in FC Paços de Ferreira vs Casa Pia Atlético Clube: Numbers: 0 and 11.
[3457479] Could not find attributes for svenn crone (Lyngby Boldklub, 2020)
[3869084] Failed to build match row: FC Paços de Ferreira vs Casa Pia Atlético Clube
[3457479] Failed to build match row: Lyngby Boldklub vs Football Club København
[4129547] Failed to scrape lineup: https://www.transfermarkt.co.uk/adana-demirspor_samsunspor/index/spielbericht/4129547
[4646048] Could not find attributes for dmytro ledviy (LNZ Cherkasy, 2025)
[4646048] Failed to build match row: LNZ Cherkasy vs NK Veres Rivne
[3602175] Could not find attributes for denys sydorenko (TOV FK Metalist 1925 Kharkiv, 2021)
[3602175] Failed to build match row: TOV FK Metalist 1925 Kharkiv vs FC Rukh Lviv
[4808261] Could not find attributes for jackson porozo (Club Tijuana Xoloitzcuintles de Caliente, 2025)
[4808261] Failed to build match row: Club Tijuana Xoloitzcuintles de Caliente vs Club Universidad Nacional A. C.
Not enough players found for lineup: 0, 0.
[3644449] Failed to scrape lineup: https://www.transfermarkt.co.uk/spielbericht/index/spielbericht/3644449
[3446040] Failed to scrape lineup: https://www.transfermarkt.co.uk/spielbericht/index/spielbericht/3446040
[4220524] Could not find attributes for cian newbury (Hamilton Academical FC, 2023)
[4220524] Failed to build match row: Hamilton Academical FC vs Kelty Hearts FC
[3889099] Could not find attributes for djibril sidibe (Athlitiki Enosi Konstantinoupoleos, 2022)
[3889099] Failed to build match row: Athlitiki Enosi Konstantinoupoleos vs Panathinaikos Athlitikos Omilos
[3422929] Failed to scrape lineup: https://www.transfermarkt.co.uk/spielbericht/index/spielbericht/3422929
[3913701] Could not find attributes for william clem (Football Club København, 2022)
[3913701] Failed to build match row: Football Club København vs Borussia Dortmund

Keepers & outfield error for **Association Football Club Bournemouth** in Association Football Club Bournemouth vs Aston Villa Football Club: Numbers: 2 and 9.
[4529393] Could not find attributes for elias baez (Club Atlético San Lorenzo de Almagro, 2024)
[4626039] Failed to build match row: Association Football Club Bournemouth vs Aston Villa Football Club
[4529393] Failed to build match row: Club Atlético San Lorenzo de Almagro vs Club Atlético Rosario Central
[4635030] Could not find attributes for ally samatta (Le Havre Athletic Club, 2025)
[4635030] Failed to build match row: Le Havre Athletic Club vs Olympique Gymnaste Club Nice Côte d'Azur
[3614821] Could not find attributes for nikola maksimovic (Genoa Cricket and Football Club, 2021)
[3614821] Failed to build match row: Genoa Cricket and Football Club vs Torino Calcio

Keepers & outfield error for **Real Sociedad de Fútbol S.A.D.** in Valencia Club de Fútbol S. A. D. vs Real Sociedad de Fútbol S.A.D.: Numbers: 2 and 9.
[3610328] Failed to build match row: Valencia Club de Fútbol S. A. D. vs Real Sociedad de Fútbol S.A.D.
[4646049] Could not find attributes for eduard kozik (FK Kolos Kovalivka, 2025)
[4646049] Failed to build match row: FK Kolos Kovalivka vs Epicentr Dunaivtsi
[4582324] Failed to scrape lineup: https://www.transfermarkt.co.uk/cruzeiro-esporte-clube_sport-club-do-recife/index/spielbericht/4582324
[4362882] Could not find attributes for tyrique george (Chelsea Football Club, 2024)
[4362882] Failed to build match row: Chelsea Football Club vs Manchester United Football Club
[4624643] Could not find attributes for rihards matrevics (FK Dukla Praha a.s., 2025)
[4624643] Failed to build match row: FK Dukla Praha a.s. vs FK Mladá Boleslav, a.s.
[4370101] Could not find attributes for mouhamed gueye (KV Kortrijk, 2024)
[4370101] Failed to build match row: Club Brugge Koninklijke Voetbalvereniging vs KV Kortrijk
[3837979] Could not find attributes for cheikhou kouyate (Nottingham Forest Football Club, 2022)
[3840137] Could not find attributes for leny yoro (Lille Olympique Sporting Club, 2022)
[3837979] Failed to build match row: Nottingham Forest Football Club vs Association Football Club Bournemouth
[3840137] Failed to build match row: Stade brestois 29 vs Lille Olympique Sporting Club

Keepers & outfield error for **Paris Saint-Germain Football Club** in Paris Saint-Germain Football Club vs Juventus Football Club: Numbers: 2 and 9.
[3913702] Failed to build match row: Paris Saint-Germain Football Club vs Juventus Football Club

Keepers & outfield error for **CD Godoy Cruz Antonio Tomba** in CD Godoy Cruz Antonio Tomba vs Club Atlético Tucumán: Numbers: 2 and 9.
[4529395] Failed to build match row: CD Godoy Cruz Antonio Tomba vs Club Atlético Tucumán
[4646050] Could not find attributes for danylo varakuta (TOV FK Metalist 1925 Kharkiv, 2025)
[4646050] Failed to build match row: TOV FK Metalist 1925 Kharkiv vs FC Rukh Lviv
[4582325] Could not find attributes for vanderlan (Red Bull Bragantino, 2024)
[4582325] Failed to build match row: Ceará Sporting Club vs Red Bull Bragantino
[4362883] Could not find attributes for nasser djiga (Wolverhampton Wanderers Football Club, 2024)
[4362883] Failed to build match row: Crystal Palace Football Club vs Wolverhampton Wanderers Football Club
Not enough players found for lineup: 0, 0.
[3644450] Failed to scrape lineup: https://www.transfermarkt.co.uk/spielbericht/index/spielbericht/3644450
[4706137] Could not find attributes for anthony moris (Al-Khaleej Club (Saihat), 2025)
[4706137] Failed to build match row: Al-Khaleej Club (Saihat) vs Al-Taawoun Football Club
[4220525] Could not find attributes for kelby mason (Tranent Juniors FC, 2023)
[4220525] Failed to build match row: Tranent Juniors FC vs Forfar Athletic FC
[4129548] Failed to scrape lineup: https://www.transfermarkt.co.uk/fatih-karagumruk_istanbulspor/index/spielbericht/4129548
[4624644] Could not find attributes for rihards matrevics (FK Dukla Praha a.s., 2025)
[4624644] Failed to build match row: FK Dukla Praha a.s. vs SK Sigma Olomouc, a.s.
[4656643] Failed to scrape lineup: https://www.transfermarkt.co.uk/deportivo-pereira_atletico-nacional/index/spielbericht/4656643
[3446041] Failed to scrape lineup: https://www.transfermarkt.co.uk/spielbericht/index/spielbericht/3446041
[3913703] Could not find attributes for goncalo ramos (Sport Lisboa e Benfica, 2022)
[4513980] Could not find attributes for igor jesus (Los Angeles Football Club, 2024)
[4513980] Failed to build match row: Los Angeles Football Club vs Minnesota United FC
[3913703] Failed to build match row: Sport Lisboa e Benfica vs Maccabi Haifa
[3837980] Could not find attributes for joao palhinha (Fulham Football Club, 2022)
[3837980] Failed to build match row: Tottenham Hotspur Football Club vs Fulham Football Club
[4445506] Could not find attributes for yael nandjou (Olympique Gymnaste Club Nice Côte d'Azur, 2024)
[4445506] Failed to build match row: Idrottsföreningen Elfsborg vs Olympique Gymnaste Club Nice Côte d'Azur
[4808262] Failed to scrape lineup: https://www.transfermarkt.co.uk/fc-juarez_atlas-guadalajara/index/spielbericht/4808262
[4162617] Could not find attributes for patrick berg (Fotballklubben Bodø/Glimt, 2023)
[4162617] Failed to build match row: Sepsi OSK Sf. Gheorghe vs Fotballklubben Bodø/Glimt
[4648812] Failed to scrape lineup: https://www.transfermarkt.co.uk/cd-nacional_rio-ave-fc/index/spielbericht/4648812
[4726124] Could not find attributes for vitinho (S. A. F. Botafogo, 2024)
[3889100] Failed to scrape lineup: https://www.transfermarkt.co.uk/aris-thessaloniki_asteras-tripolis/index/spielbericht/3889100
[4726124] Failed to build match row: S. A. F. Botafogo vs Sport Club do Recife
[3431991] Failed to scrape lineup: https://www.transfermarkt.co.uk/sc-braga_cd-santa-clara/index/spielbericht/3431991
[4646051] Could not find attributes for mykyta turbayevskyi (FC Zorya Lugansk, 2025)
[4646051] Failed to build match row: FC Zorya Lugansk vs FK Kolos Kovalivka
[3423914] Could not find attributes for norman quindt (TSV Havelse, 2020)

Keepers & outfield error for **Sporting Clube de Braga** in Servette Football Club 1890 SA vs Sporting Clube de Braga: Numbers: 0 and 11.
[3423914] Failed to build match row: TSV Havelse vs 1. Fußball- und Sportverein Mainz 05
[4420809] Failed to build match row: Servette Football Club 1890 SA vs Sporting Clube de Braga
[4362884] Could not find attributes for abdoulaye doucoure (Everton Football Club, 2024)
Not enough players found for lineup: 0, 0.
[4362884] Failed to build match row: Everton Football Club vs Southampton FC

Keepers & outfield error for **Al-Shabab Club** in Al-Shabab Club vs Al-Kholood Club: Numbers: 0 and 11.
[3644452] Failed to scrape lineup: https://www.transfermarkt.co.uk/spielbericht/index/spielbericht/3644452
[4706138] Failed to build match row: Al-Shabab Club vs Al-Kholood Club
[4624645] Could not find attributes for jachym serak (FK Pardubice, 2025)
[4624645] Failed to build match row: FK Pardubice vs FC Slovan Liberec

Keepers & outfield error for **Wolverhampton Wanderers Football Club** in Wolverhampton Wanderers Football Club vs Southampton FC: Numbers: 0 and 11.
[4656644] Could not find attributes for miguel ortega (Llaneros FC, 2025)
[3837981] Failed to build match row: Wolverhampton Wanderers Football Club vs Southampton FC
[4656644] Failed to build match row: Llaneros FC vs Boyacá Chicó FC
[3446042] Could not find attributes for ruslan zarubin (Viktoriya Sumy, 2020)
[3446042] Failed to build match row: Viktoriya Sumy vs Dinaz Vyshgorod
[4626040] Could not find attributes for harry howell (Brighton and Hove Albion Football Club, 2025)
[4626040] Failed to build match row: Brighton and Hove Albion Football Club vs Crystal Palace Football Club
[4445507] Could not find attributes for tristan degreef (Royal Sporting Club Anderlecht, 2024)
[4445507] Failed to build match row: Royal Sporting Club Anderlecht vs Futebol Clube do Porto
[4365391] Could not find attributes for lubomir tupta (Widzew Łódź Spółka Akcyjna, 2024)
[4365391] Failed to build match row: RKS Raków Częstochowa SA vs Widzew Łódź Spółka Akcyjna
[4103620] Failed to scrape lineup: https://www.transfermarkt.co.uk/as-roma_acf-fiorentina/index/spielbericht/4103620
[4787628] Could not find attributes for flavius daniliuc (FC Basel 1893 AG, 2025)
[3869085] Failed to scrape lineup: https://www.transfermarkt.co.uk/fc-famalicao_sl-benfica/index/spielbericht/3869085

Keepers & outfield error for **Club Atlético de San Luis** in Club Atlético de San Luis vs Club de Futbol Puebla de La Franja: Numbers: 0 and 11.

Keepers & outfield error for **Esporte Clube Juventude** in Esporte Clube Juventude vs Red Bull Bragantino: Numbers: 0 and 11.
[4808263] Failed to build match row: Club Atlético de San Luis vs Club de Futbol Puebla de La Franja
[4787628] Failed to build match row: FC Basel 1893 AG vs Berner Sport Club Young Boys
[4582326] Failed to build match row: Esporte Clube Juventude vs Red Bull Bragantino
Not enough players found for lineup: 0, 0.
[3913722] Could not find attributes for remko pasveer (AFC Ajax Amsterdam, 2022)
[3644454] Failed to scrape lineup: https://www.transfermarkt.co.uk/spielbericht/index/spielbericht/3644454
[4370102] Could not find attributes for keisuke goto (Royal Sporting Club Anderlecht, 2024)
[4646052] Could not find attributes for nazariy fedorivskyi (FK Obolon Kyiv, 2025)
[3913722] Failed to build match row: Liverpool Football Club vs AFC Ajax Amsterdam
[4648813] Could not find attributes for noah saviolo (Vitória Sport Clube, 2025)
[4420810] Could not find attributes for hendrik bonmann (Ludogorets Razgrad, 2024)
[4646052] Failed to build match row: FK Obolon Kyiv vs Futbolniy Klub Dynamo Kyiv
[3889101] Could not find attributes for dimitrios chatziisaias (APS Atromitos Athinon, 2022)
[4370102] Failed to build match row: Royal Sporting Club Anderlecht vs Yellow-Red Koninklijke Voetbalclub Mechelen
[4220526] Could not find attributes for luke graham (Montrose FC, 2023)
[4648813] Failed to build match row: Grupo Desportivo Estoril Praia vs Vitória Sport Clube
[3851217] Could not find attributes for mateo barac (KV Oostende, 2022)
[4420810] Failed to build match row: Qarabağ FK vs Ludogorets Razgrad
[3889101] Failed to build match row: APS Atromitos Athinon vs Ionikos Nikeas
[3424010] Could not find attributes for tadas simaitis (FK Trakai, 2020)
[3851217] Failed to build match row: KV Oostende vs Royal Charleroi Sporting Club
[3424010] Failed to build match row: FK Trakai vs Derry City
[3614825] Could not find attributes for nicola zalewski (Associazione Sportiva Roma, 2021)
[4706139] Could not find attributes for khaled narey (Al-Okhdood Club, 2025)
[3614825] Failed to build match row: Associazione Sportiva Roma vs Società Sportiva Lazio S.p.A.
[4113056] Could not find attributes for chris ramos (Cádiz CF, 2023)
[4113056] Failed to build match row: Cádiz CF vs Girona Fútbol Club S. A. D.
[4624646] Could not find attributes for jiri floder (FK Mladá Boleslav, a.s., 2025)
[4706139] Failed to build match row: Al-Hilal Saudi Football Club vs Al-Okhdood Club

Keepers & outfield error for **Association Football Club Bournemouth** in Association Football Club Bournemouth vs Brighton and Hove Albion Football Club: Numbers: 0 and 11.
[3413119] Could not find attributes for omer toprak (Sportverein Werder Bremen von 1899, 2020)
Not enough players found for lineup: 0, 0.
[4624646] Failed to build match row: FK Mladá Boleslav, a.s. vs AC Sparta Praha, a. s.
[3413119] Failed to build match row: Bayer 04 Leverkusen Fußball vs Sportverein Werder Bremen von 1899
[3837988] Failed to build match row: Association Football Club Bournemouth vs Brighton and Hove Albion Football Club
[3446043] Failed to scrape lineup: https://www.transfermarkt.co.uk/spielbericht/index/spielbericht/3446043
[4635031] Could not find attributes for dermane karim (Football Club Lorient-Bretagne Sud, 2025)
[4635031] Failed to build match row: Football Club Lorient-Bretagne Sud vs Lille Olympique Sporting Club
[3989532] Failed to scrape lineup: https://www.transfermarkt.co.uk/spielbericht/index/spielbericht/3989532

Keepers & outfield error for **Sport Club Corinthians Paulista** in Sport Club Corinthians Paulista vs São Paulo Futebol Clube: Numbers: 0 and 11.
[4726125] Failed to build match row: Sport Club Corinthians Paulista vs São Paulo Futebol Clube
[4445508] Could not find attributes for tristan degreef (Royal Sporting Club Anderlecht, 2024)
[4445508] Failed to build match row: Royal Sporting Club Anderlecht vs Ludogorets Razgrad
[4374244] Failed to scrape lineup: https://www.transfermarkt.co.uk/fc-empoli_venezia-fc/index/spielbericht/4374244
[4094619] Could not find attributes for daler kuzyaev (Le Havre Athletic Club, 2023)
[4094619] Failed to build match row: Olympique Lyonnais vs Le Havre Athletic Club
[3610342] Could not find attributes for mikel vesga (Athletic Club Bilbao, 2021)
[3610342] Failed to build match row: Real Club Deportivo Mallorca S.A.D. vs Athletic Club Bilbao
[4162618] Could not find attributes for ivan rogac (Tobol Kostanay, 2023)
[4162618] Failed to build match row: Tobol Kostanay vs FC Viktoria Plzeň, a.s.
[4808264] Could not find attributes for richard ledezma (Club Deportivo Guadalajara S. A. de C. V., 2025)
[4808264] Failed to build match row: Deportivo Toluca Futbol Club, S. A. de C. V. vs Club Deportivo Guadalajara S. A. de C. V.
[4646053] Could not find attributes for valentyn gorokh (NK Veres Rivne, 2025)
[4646053] Failed to build match row: NK Veres Rivne vs FK Kudrivka-1
[4513982] Could not find attributes for teenage hadebe (Football Club Cincinnati, 2024)
[4513982] Failed to build match row: Football Club Cincinnati vs Red Bull New York

Keepers & outfield error for **Futebol Clube de Arouca** in Futebol Clube de Arouca vs Sporting Clube de Portugal: Numbers: 2 and 9.
[4648814] Failed to build match row: Futebol Clube de Arouca vs Sporting Clube de Portugal
Not enough players found for lineup: 0, 0.
[4129549] Failed to scrape lineup: https://www.transfermarkt.co.uk/trabzonspor_kayserispor/index/spielbericht/4129549
[4365392] Failed to scrape lineup: https://www.transfermarkt.co.uk/zaglebie-lubin_cracovia/index/spielbericht/4365392
1
[3913723] Failed to scrape lineup: https://www.transfermarkt.co.uk/spielbericht/index/spielbericht/3913723
[3446044] Failed to scrape lineup: https://www.transfermarkt.co.uk/spielbericht/index/spielbericht/3446044
[3837989] Failed to scrape lineup: https://www.transfermarkt.co.uk/arsenal-fc_everton-fc/index/spielbericht/3837989
[3424012] Could not find attributes for stas pokatilov (Kairat Almaty, 2020)
[4103621] Could not find attributes for chukwubuikem ikwuemesi (US Salernitana 1919, 2023)
[4787629] Could not find attributes for luka mikulic (Grasshopper Club Zürich, 2025)

Keepers & outfield error for **Cercle Brugge Koninklijke Sportvereniging** in Club Brugge Koninklijke Voetbalvereniging vs Cercle Brugge Koninklijke Sportvereniging: Numbers: 2 and 9.
[4787629] Failed to build match row: Grasshopper Club Zürich vs FC Sion
[3851218] Failed to build match row: Club Brugge Koninklijke Voetbalvereniging vs Cercle Brugge Koninklijke Sportvereniging
[3424012] Failed to build match row: Kairat Almaty vs FC Noah Yerevan
[4103621] Failed to build match row: US Salernitana 1919 vs Bologna Football Club 1909
[4370104] Could not find attributes for loic mbe soh (Beerschot VA, 2024)

Keepers & outfield error for **Royal Sporting Club Anderlecht** in Royal Sporting Club Anderlecht vs Ferencvárosi TC: Numbers: 2 and 9.
[4445509] Failed to build match row: Royal Sporting Club Anderlecht vs Ferencvárosi TC
[4358841] Could not find attributes for balsa popovic (Omladinski fudbalski klub Beograd, 2024)
[4513984] Failed to scrape lineup: https://www.transfermarkt.co.uk/d-c-united_toronto-fc/index/spielbericht/4513984
[4358841] Failed to build match row: Omladinski fudbalski klub Beograd vs Fudbalski klub Napredak Kruševac
[4370104] Failed to build match row: Beerschot VA vs Royale Union Saint-Gilloise
[4726126] Could not find attributes for adonis frias (Santos Futebol Clube, 2024)
[4726126] Failed to build match row: Santos Futebol Clube vs Mirasol Futebol Clube
[3869086] Failed to scrape lineup: https://www.transfermarkt.co.uk/rio-ave-fc_sc-braga/index/spielbericht/3869086
[4582327] Could not find attributes for fabinho (Red Bull Bragantino, 2024)
[3644456] Failed to scrape lineup: https://www.transfermarkt.co.uk/spielbericht/index/spielbericht/3644456
[4582327] Failed to build match row: Red Bull Bragantino vs Club de Regatas Vasco da Gama
[3431992] Could not find attributes for moatasem al musrati (Sporting Clube de Braga, 2020)
[3889102] Failed to scrape lineup: https://www.transfermarkt.co.uk/volos-nps_olympiacos-piraeus/index/spielbericht/3889102
[3431992] Failed to build match row: Sport Lisboa e Benfica vs Sporting Clube de Braga

Keepers & outfield error for **Aston Villa Football Club** in Hibernian Football Club vs Aston Villa Football Club: Numbers: 0 and 11.
[4162619] Failed to build match row: Hibernian Football Club vs Aston Villa Football Club
[4646054] Could not find attributes for oleksandr kemkin (FK Kryvbas Kryvyi Rig, 2025)
[4646054] Failed to build match row: FK Kryvbas Kryvyi Rig vs FK Polissya Zhytomyr
[3424013] Could not find attributes for bekkhan shayzada (Ordabasy Shymkent, 2020)
[4094620] Failed to scrape lineup: https://www.transfermarkt.co.uk/clermont-foot-63_fc-nantes/index/spielbericht/4094620
[3424013] Failed to build match row: Ordabasy Shymkent vs Asociația Fotbal Club Botoșani

Keepers & outfield error for **Wolverhampton Wanderers Football Club** in Wolverhampton Wanderers Football Club vs Crystal Palace Football Club: Numbers: 0 and 11.
[3913724] Failed to scrape lineup: https://www.transfermarkt.co.uk/spielbericht/index/spielbericht/3913724
[3592150] Failed to build match row: Wolverhampton Wanderers Football Club vs Crystal Palace Football Club
[3457480] Could not find attributes for zeca (Football Club København, 2020)
[4787630] Could not find attributes for miroslav stevanovic (Servette Football Club 1890 SA, 2025)
[4787630] Failed to build match row: Servette Football Club 1890 SA vs FC Luzern
[3457480] Failed to build match row: Football Club København vs Aarhus Gymnastik Forening
[3700892] Could not find attributes for mayid saguer (CD Huracán Melilla, 2021)
[4358842] Could not find attributes for matija gocmanac (Fudbalski Klub Vojvodina, 2024)
[3700892] Failed to build match row: CD Huracán Melilla vs Levante Unión Deportiva S.A.D.
[4358842] Failed to build match row: Fudbalski Klub Vojvodina vs Fudbalski Klub Partizan Beograd
[4129550] Could not find attributes for rey manaj (Sivasspor, 2023)

Keepers & outfield error for **Futebol Clube de Famalicão** in Futebol Clube de Famalicão vs Clube Desportivo de Tondela: Numbers: 2 and 9.
[3431993] Could not find attributes for mansur (Clube Desportivo Santa Clara, 2020)
[4162620] Failed to scrape lineup: https://www.transfermarkt.co.uk/spielbericht/index/spielbericht/4162620
[4129550] Failed to build match row: Fenerbahçe Spor Kulübü vs Sivasspor
[4648815] Failed to build match row: Futebol Clube de Famalicão vs Clube Desportivo de Tondela
[3431993] Failed to build match row: Clube Desportivo Santa Clara vs Sporting Clube de Portugal

Keepers & outfield error for **Rayo Vallecano de Madrid S. A. D.** in Rayo Vallecano de Madrid S. A. D. vs Real Sociedad de Fútbol S.A.D.: Numbers: 2 and 9.
[3602176] Could not find attributes for orest kostyk (PFK Lviv, 2021)
[4407526] Failed to build match row: Rayo Vallecano de Madrid S. A. D. vs Real Sociedad de Fútbol S.A.D.
[3614827] Could not find attributes for abdelhamid sabiri (UC Sampdoria, 2021)
[3614827] Failed to build match row: Venezia FC vs UC Sampdoria
[3602176] Failed to build match row: PFK Lviv vs FK Mariupol
[4113058] Could not find attributes for matija nastasic (Real Club Deportivo Mallorca S.A.D., 2023)
[4113058] Failed to build match row: Real Club Deportivo Mallorca S.A.D. vs Valencia Club de Fútbol S. A. D.
[3610344] Could not find attributes for aleix vidal (Espanol, 2021)
[4370105] Could not find attributes for takuma ominami (Oud-Heverlee Leuven, 2024)
[3610344] Failed to build match row: Espanol vs Futbol Club Barcelona
[4370105] Failed to build match row: Oud-Heverlee Leuven vs Koninklijke Atletiek Associatie Gent

Keepers & outfield error for **Fodbold Club Midtjylland** in Fodbold Club Midtjylland vs Ferencvárosi TC: Numbers: 2 and 9.
[4420812] Failed to build match row: Fodbold Club Midtjylland vs Ferencvárosi TC

Keepers & outfield error for **Asociación Atlética Argentinos Juniors** in Asociación Atlética Argentinos Juniors vs Club Atlético Barracas Central: Numbers: 0 and 11.
[4529402] Failed to build match row: Asociación Atlética Argentinos Juniors vs Club Atlético Barracas Central

Keepers & outfield error for **Vitória Sport Clube** in Vitória Sport Clube vs Clube Desportivo Santa Clara: Numbers: 2 and 9.
[3869087] Failed to build match row: Vitória Sport Clube vs Clube Desportivo Santa Clara
[3889103] Could not find attributes for marios vichos (APO Levadiakos Football Club, 2022)
[3889103] Failed to build match row: APO Levadiakos Football Club vs PAS Giannina
[4726127] Could not find attributes for lucas barbosa (Red Bull Bragantino, 2024)
[3413121] Could not find attributes for taiwo awoniyi (1. Fußballclub Union Berlin, 2020)
Not enough players found for lineup: 0, 0.
[4726127] Failed to build match row: Red Bull Bragantino vs Esporte Clube Vitória
[3413121] Failed to build match row: 1. Fußballclub Union Berlin vs Verein für Leibesübungen Wolfsburg
[3644457] Failed to scrape lineup: https://www.transfermarkt.co.uk/spielbericht/index/spielbericht/3644457
[4706140] Could not find attributes for bilal boutobba (Al-Najma Sport Club, 2025)
[4706140] Failed to build match row: Al-Najma Sport Club vs Al-Fayha FC

Keepers & outfield error for **Eintracht Frankfurt Fußball AG** in Borussia Dortmund vs Eintracht Frankfurt Fußball AG: Numbers: 2 and 9.
[4096195] Failed to build match row: Borussia Dortmund vs Eintracht Frankfurt Fußball AG
[4656645] Could not find attributes for jermein pena (Junior FC, 2025)
[4656645] Failed to build match row: Junior FC vs Unión Magdalena
[3424014] Could not find attributes for dele alampasu (JFK Ventspils, 2020)
[4624647] Could not find attributes for milan heca (1. FC Slovácko, 2025)
[3913725] Could not find attributes for remko pasveer (AFC Ajax Amsterdam, 2022)
[3424014] Failed to build match row: JFK Ventspils vs Dinamo-Auto Tiraspol (-2024)
[4624647] Failed to build match row: 1. FC Slovácko vs FC Trinity Zlin
[3913725] Failed to build match row: AFC Ajax Amsterdam vs Società Sportiva Calcio Napoli
[3851219] Could not find attributes for lior refaelov (Royal Sporting Club Anderlecht, 2022)
[3851219] Failed to build match row: Royal Sporting Club Anderlecht vs Oud-Heverlee Leuven
[4445510] Failed to scrape lineup: https://www.transfermarkt.co.uk/spielbericht/index/spielbericht/4445510
[4635033] Could not find attributes for yvon mvogo (Football Club Lorient-Bretagne Sud, 2025)
[3602177] Could not find attributes for igor lytovka (Desna Chernigiv, 2021)
[4635033] Failed to build match row: Olympique de Marseille vs Football Club Lorient-Bretagne Sud
[3602177] Failed to build match row: Desna Chernigiv vs Chornomorets Odesa

Keepers & outfield error for **Futebol Clube de Arouca** in Futebol Clube de Arouca vs Boavista FC: Numbers: 2 and 9.
[3614828] Could not find attributes for giorgio scalvini (Atalanta Bergamasca Calcio S.p.a., 2021)
[3614828] Failed to build match row: Atalanta Bergamasca Calcio S.p.a. vs Società Sportiva Calcio Napoli
[3869088] Failed to build match row: Futebol Clube de Arouca vs Boavista FC
[4726128] Could not find attributes for renzo saravia (Clube Atlético Mineiro, 2024)
[4726128] Failed to build match row: Clube Atlético Mineiro vs Sociedade Esportiva Palmeiras
[4370106] Could not find attributes for didier lamkel ze (St Truiden, 2024)
[4370106] Failed to build match row: St Truiden vs Royal Antwerp Football Club
[4513985] Could not find attributes for frankie westfield (Philadelphia Union, 2024)

Keepers & outfield error for **Atalanta Bergamasca Calcio S.p.a.** in Associazione Calcio Milan vs Atalanta Bergamasca Calcio S.p.a.: Numbers: 3 and 8.
[4513985] Failed to build match row: Orlando City Soccer Club vs Philadelphia Union
[4374247] Failed to build match row: Associazione Calcio Milan vs Atalanta Bergamasca Calcio S.p.a.
[4656646] Could not find attributes for joider micolta (Internacional de Bogotá, 2025)
[4656646] Failed to build match row: Internacional de Bogotá vs Millonarios FC
[3889104] Could not find attributes for giannis anestis (Panetolikos Agrinio, 2022)
[3889104] Failed to build match row: Panetolikos Agrinio vs Omilos Filathlon Irakliou FC
[3413122] Could not find attributes for matthew hoppe (FC Schalke 04, 2020)
[3413122] Failed to build match row: FC Schalke 04 vs Turn- und Sportgemeinschaft 1899 Hoffenheim Fußball-Spielbetriebs
[4624648] Could not find attributes for jan hanus (FK Jablonec a.s., 2025)

Keepers & outfield error for **Club Atlético Boca Juniors** in Club Atlético Boca Juniors vs Club Estudiantes de La Plata: Numbers: 0 and 11.
[4529404] Failed to build match row: Club Atlético Boca Juniors vs Club Estudiantes de La Plata
[4624648] Failed to build match row: FK Jablonec a.s. vs FC Viktoria Plzeň, a.s.
Not enough players found for lineup: 11, 0.
Not enough players found for lineup: 0, 0.
[3424015] Failed to scrape lineup: https://www.transfermarkt.co.uk/spielbericht/index/spielbericht/3424015
[3644458] Failed to scrape lineup: https://www.transfermarkt.co.uk/spielbericht/index/spielbericht/3644458
[4096196] Could not find attributes for tim kleindienst (1. Fußballclub Heidenheim 1846, 2023)
[4706141] Could not find attributes for kewin (Damac Football Club, 2025)
[4096196] Failed to build match row: 1. Fußballclub Heidenheim 1846 vs Mönchengladbach
[4706141] Failed to build match row: Damac Football Club vs Al-Ettifaq Football Club
[3837991] Failed to scrape lineup: https://www.transfermarkt.co.uk/fulham-fc_chelsea-fc/index/spielbericht/3837991
[3700893] Failed to scrape lineup: https://www.transfermarkt.co.uk/spielbericht/index/spielbericht/3700893
[4162621] Failed to scrape lineup: https://www.transfermarkt.co.uk/spielbericht/index/spielbericht/4162621
[4358843] Failed to scrape lineup: https://www.transfermarkt.co.uk/fk-spartak-subotica_fk-zeleznicar-pancevo/index/spielbericht/4358843
[3446045] Could not find attributes for mykhaylo gotra (FC Uzhgorod, 2020)
[3446045] Failed to build match row: FC Uzhgorod vs Agrobiznes Volochysk
[4641390] Could not find attributes for alireza jahanbakhsh (FC Verbroedering Denderhoutem Denderleeuw Eendracht Hekelgem, 2025)
[4641390] Failed to build match row: FC Verbroedering Denderhoutem Denderleeuw Eendracht Hekelgem vs Royal Standard Club de Liège
[4113059] Failed to scrape lineup: https://www.transfermarkt.co.uk/deportivo-alaves_real-betis-balompie/index/spielbericht/4113059
[4787631] Could not find attributes for sebastian walker (FC Zürich, 2025)
[4787631] Failed to build match row: FC St. Gallen 1879 vs FC Zürich
[4726129] Could not find attributes for philippe coutinho (Club de Regatas Vasco da Gama, 2024)
[4726129] Failed to build match row: Grêmio Foot-Ball Porto Alegrense vs Club de Regatas Vasco da Gama
[4407528] Could not find attributes for matija nastasic (CD Leganés, 2024)
[3610345] Failed to scrape lineup: https://www.transfermarkt.co.uk/levante-ud_real-betis-balompie/index/spielbericht/3610345
[4103623] Failed to scrape lineup: https://www.transfermarkt.co.uk/bologna-fc-1909_as-roma/index/spielbericht/4103623
[4407528] Failed to build match row: CD Leganés vs Real Betis Balompié S.A.D.

Keepers & outfield error for **Grupo Desportivo Estoril Praia** in Grupo Desportivo Estoril Praia vs Futebol Clube do Porto: Numbers: 2 and 9.

Keepers & outfield error for **Paris Saint-Germain Football Club** in Paris Saint-Germain Football Club vs Racing Club de Lens: Numbers: 2 and 9.
[4656647] Failed to build match row: Independiente Medellín vs Envigado FC
[3869089] Failed to build match row: Grupo Desportivo Estoril Praia vs Futebol Clube do Porto
[4635034] Failed to build match row: Paris Saint-Germain Football Club vs Racing Club de Lens
[3413123] Could not find attributes for makoto hasebe (Eintracht Frankfurt Fußball AG, 2020)
[3889105] Could not find attributes for athanasios garavelis (PAS Lamia 1964, 2022)
[3413123] Failed to build match row: 1. Fußball- und Sportverein Mainz 05 vs Eintracht Frankfurt Fußball AG
[3889105] Failed to build match row: PAS Lamia 1964 vs Panthessalonikios Athlitikos Omilos Konstantinoupoliton
[3602178] Could not find attributes for dmytro riznyk (Vorskla Poltava, 2021)
[3602178] Failed to build match row: Vorskla Poltava vs SC Dnipro-1
[3840140] Could not find attributes for maximiliano caufriez (Clermont Foot 63, 2022)
[3840140] Failed to build match row: Angers Sporting Club de l'Ouest vs Clermont Foot 63
[3614830] Could not find attributes for nikola maksimovic (Genoa Cricket and Football Club, 2021)
[3614830] Failed to build match row: Verona Hellas Football Club vs Genoa Cricket and Football Club
[3457482] Could not find attributes for victor torp (Lyngby Boldklub, 2020)
[4624649] Could not find attributes for jakub lapes (MFK Karvina, 2025)
[3431994] Failed to scrape lineup: https://www.transfermarkt.co.uk/cs-maritimo_portimonense-sc/index/spielbericht/3431994
[4395123] Could not find attributes for samy bourard (SC Oţelul Galaţi, 2024)
[4648816] Failed to scrape lineup: https://www.transfermarkt.co.uk/sl-benfica_cf-estrela-amadora/index/spielbericht/4648816
[3457482] Failed to build match row: Sønderjyske Fodbold vs Lyngby Boldklub
[4624649] Failed to build match row: MFK Karvina vs FC Hradec Králové a.s.

Keepers & outfield error for **Al-Nassr Football Club** in Al-Ittihad Football Club vs Al-Nassr Football Club: Numbers: 0 and 11.
[4395123] Failed to build match row: SC Oţelul Galaţi vs Fotbal Club CFR 1907 Cluj SA
[4706142] Failed to build match row: Al-Ittihad Football Club vs Al-Nassr Football Club
[3913726] Failed to scrape lineup: https://www.transfermarkt.co.uk/spielbericht/index/spielbericht/3913726
[4626045] Could not find attributes for joao palhinha (Tottenham Hotspur Football Club, 2025)

Keepers & outfield error for **Granada CF** in Real Sociedad de Fútbol S.A.D. vs Granada CF: Numbers: 0 and 11.
[4626045] Failed to build match row: Manchester United Football Club vs Tottenham Hotspur Football Club
[4358844] Could not find attributes for strahinja manojlovic (Fudbalski Klub Radnički Niš, 2024)
[3610346] Failed to build match row: Real Sociedad de Fútbol S.A.D. vs Granada CF
[3989533] Could not find attributes for samu gomis (CP Cacereño, 2022)
[3424016] Could not find attributes for stivi frasheri (KF Teuta, 2020)
[4358844] Failed to build match row: Fudbalski Klub Radnički Niš vs Fudbalski Klub IMT Novi Beograd
[4646055] Failed to scrape lineup: https://www.transfermarkt.co.uk/karpaty-lviv_sc-poltava/index/spielbericht/4646055
[3989533] Failed to build match row: CP Cacereño vs Real Madrid Club de Fútbol
Not enough players found for lineup: 0, 0.
[3424016] Failed to build match row: KF Teuta vs Beitar Jerusalem
[3644459] Failed to scrape lineup: https://www.transfermarkt.co.uk/spielbericht/index/spielbericht/3644459
[3446046] Could not find attributes for sergiy chernobay (Epicentr Dunaivtsi, 2020)
[3446046] Failed to build match row: Epicentr Dunaivtsi vs Nyva Ternopil
[4420815] Could not find attributes for hendrik bonmann (Ludogorets Razgrad, 2024)
[4420815] Failed to build match row: Ludogorets Razgrad vs Qarabağ FK
[3889106] Could not find attributes for sergio araujo (Athlitiki Enosi Konstantinoupoleos, 2022)
[3889106] Failed to build match row: Athlitiki Enosi Konstantinoupoleos vs Panetolikos Agrinio
[4096198] Could not find attributes for anthony losilla (VfL Bochum, 2023)
[4582328] Could not find attributes for joao silva (Sport Club do Recife, 2024)

Keepers & outfield error for **Clube Desportivo Nacional** in Sporting Clube de Portugal vs Clube Desportivo Nacional: Numbers: 2 and 9.
[4582328] Failed to build match row: Sport Club do Recife vs Club de Regatas Vasco da Gama
[4162622] Could not find attributes for robin propper (Football Club Twente, 2023)
[4096198] Failed to build match row: 1. Fußball- und Sportverein Mainz 05 vs VfL Bochum
[4648817] Failed to build match row: Sporting Clube de Portugal vs Clube Desportivo Nacional
[4162622] Failed to build match row: Fenerbahçe Spor Kulübü vs Football Club Twente
[3457483] Could not find attributes for tosin kehinde (Randers Fodbold Club, 2020)
[3457483] Failed to build match row: Odense Boldklub vs Randers Fodbold Club
[3840141] Could not find attributes for leny yoro (Lille Olympique Sporting Club, 2022)
[3840141] Failed to build match row: Lille Olympique Sporting Club vs ESTAC Troyes
[4358847] Could not find attributes for strahinja manojlovic (Fudbalski Klub Radnički Niš, 2024)
[4358847] Failed to build match row: Fudbalski Klub Radnički Niš vs FK Jedinstvo Ub
[4706143] Could not find attributes for ismaila soro (Al-Riyadh Saudi Club, 2025)
[4706143] Failed to build match row: Al-Riyadh Saudi Club vs Neom Sports Club
[3913727] Could not find attributes for goncalo ramos (Sport Lisboa e Benfica, 2022)
[3913727] Failed to build match row: Sport Lisboa e Benfica vs Paris Saint-Germain Football Club
[4624650] Could not find attributes for matous trmal (FK Teplice, a.s., 2025)
[4624650] Failed to build match row: FK Teplice, a.s. vs FC Baník Ostrava a.s.
[4370109] Could not find attributes for ousseynou niang (Royale Union Saint-Gilloise, 2024)
[4370109] Failed to build match row: Royale Union Saint-Gilloise vs St Truiden
[4726130] Could not find attributes for tomas pochettino (Fortaleza Esporte Clube, 2024)
[4726130] Failed to build match row: Esporte Clube Bahia vs Fortaleza Esporte Clube
[4787633] Could not find attributes for pajtim kasami (Fussballclub Winterthur, 2025)
[4362915] Failed to scrape lineup: https://www.transfermarkt.co.uk/grasshopper-club-zurich_fc-basel-1893/index/spielbericht/4362915
[4787633] Failed to build match row: Fussballclub Winterthur vs FC Lugano
[3913738] Could not find attributes for josh cohen (Maccabi Haifa, 2022)
[3913738] Failed to build match row: Maccabi Haifa vs Juventus Football Club
[4374249] Failed to scrape lineup: https://www.transfermarkt.co.uk/parma-calcio-1913_juventus-fc/index/spielbericht/4374249

Keepers & outfield error for **Futebol Clube de Arouca** in Rio Ave Futebol Clube vs Futebol Clube de Arouca: Numbers: 2 and 9.
[4648818] Failed to build match row: Rio Ave Futebol Clube vs Futebol Clube de Arouca
Not enough players found for lineup: 0, 0.
[3644460] Failed to scrape lineup: https://www.transfermarkt.co.uk/spielbericht/index/spielbericht/3644460

Keepers & outfield error for **Sport Club Internacional** in Ceará Sporting Club vs Sport Club Internacional: Numbers: 2 and 9.
[4726131] Failed to build match row: Ceará Sporting Club vs Sport Club Internacional
[4624651] Could not find attributes for michal reichl (Bohemians Praha 1905, a.s., 2025)
[4624651] Failed to build match row: SK Slavia Praha, a.s. vs Bohemians Praha 1905, a.s.
[3889107] Could not find attributes for nikolaos papadopoulos (A.G.S Asteras Tripolis, 2022)
[3889107] Failed to build match row: A.G.S Asteras Tripolis vs APO Levadiakos Football Club
[4808265] Failed to scrape lineup: https://www.transfermarkt.co.uk/club-leon-fc_club-necaxa/index/spielbericht/4808265

[3431995] Failed to scrape lineup: https://www.transfermarkt.co.uk/cd-santa-clara_gil-vicente-fc/index/spielbericht/3431995
[4395124] Failed to scrape lineup: https://www.transfermarkt.co.uk/fc-botosani_uta-arad/index/spielbericht/4395124
[4358848] Could not find attributes for goran vuklis (Fudbalski Klub IMT Novi Beograd, 2024)
[4358848] Failed to build match row: Fudbalski Klub IMT Novi Beograd vs Fudbalski Klub Spartak Ždrepčeva krv
[4103625] Failed to scrape lineup: https://www.transfermarkt.co.uk/genoa-cfc_juventus-fc/index/spielbericht/4103625
[4129551] Could not find attributes for ali kaan guneren (MKE Ankaragücü, 2023)
[4129551] Failed to build match row: MKE Ankaragücü vs Beşiktaş Jimnastik Kulübü
[3424017] Could not find attributes for marko meerits (Kalju FC, 2020)
[3424017] Failed to build match row: Kalju FC vs NS Mura
[3602179] Could not find attributes for roman miroshnyk (NK Veres Rivne, 2021)

Keepers & outfield error for **Fodbold Club Midtjylland** in Ferencvárosi TC vs Fodbold Club Midtjylland: Numbers: 2 and 9.
[4420817] Failed to build match row: Ferencvárosi TC vs Fodbold Club Midtjylland
[3602179] Failed to build match row: NK Veres Rivne vs FK Kolos Kovalivka
[4220527] Could not find attributes for blair carswell (The Spartans FC, 2023)
[4220527] Failed to build match row: The Spartans FC vs Arbroath FC
[4787634] Could not find attributes for luka mikulic (Grasshopper Club Zürich, 2025)
[4787634] Failed to build match row: Grasshopper Club Zürich vs Berner Sport Club Young Boys
[3889108] Could not find attributes for lefteris choutesiotis (Ionikos Nikeas, 2022)
[3889108] Failed to build match row: Ionikos Nikeas vs Volou Neos Podosferikos Syllogos
[4726132] Could not find attributes for mandaca (Esporte Clube Juventude, 2024)
[4726132] Failed to build match row: Esporte Clube Juventude vs Cruzeiro Esporte Clube
[4407529] Could not find attributes for tamas nikitscher (Real Valladolid CF, 2024)
[4407529] Failed to build match row: Real Valladolid CF vs Celta
[4445512] Failed to scrape lineup: https://www.transfermarkt.co.uk/spielbericht/index/spielbericht/4445512
[3588167] Failed to scrape lineup: https://www.transfermarkt.co.uk/borussia-dortmund_tsg-1899-hoffenheim/index/spielbericht/3588167
[4656648] Could not find attributes for guzman corujo (Deportivo Cali, 2025)
[3446599] Failed to scrape lineup: https://www.transfermarkt.co.uk/spielbericht/index/spielbericht/3446599
[4656648] Failed to build match row: Deportivo Cali vs Fortaleza CEIF
[4529409] Failed to build match row: Club Atlético Sarmiento vs Club Atlético Platense
[4635036] Failed to scrape lineup: https://www.transfermarkt.co.uk/ogc-nice_fc-nantes/index/spielbericht/4635036
[3457484] Failed to scrape lineup: https://www.transfermarkt.co.uk/fc-nordsjaelland_aalborg-bk/index/spielbericht/3457484
[3592155] Failed to scrape lineup: https://www.transfermarkt.co.uk/arsenal-fc_leicester-city/index/spielbericht/3592155
[4626046] Failed to scrape lineup: https://www.transfermarkt.co.uk/newcastle-united_brentford-fc/index/spielbericht/4626046
[4374250] Failed to scrape lineup: https://www.transfermarkt.co.uk/as-roma_hellas-verona/index/spielbericht/4374250
[4808266] Could not find attributes for gerardo arteaga (Club de Fútbol Monterrey Rayados A.C., 2025)
[3496467] Could not find attributes for dario vizinger (RZ Pellets Wolfsberger Athletiksport Club, 2020)
[4808266] Failed to build match row: Club de Fútbol Monterrey Rayados A.C. vs Club de Fútbol Cruz Azul S.A. de C.V.

Keepers & outfield error for **Liverpool Football Club** in Liverpool Football Club vs Wolverhampton Wanderers Football Club: Numbers: 2 and 9.
[3496467] Failed to build match row: RZ Pellets Wolfsberger Athletiksport Club vs Tottenham Hotspur Football Club
Not enough players found for lineup: 11, 0.
l Football Club vs Wolverhampton Wanderers Football Club
[4582330] Could not find attributes for robert arboleda (São Paulo Futebol Clube, 2024)
[4129552] Could not find attributes for dal varesanovic (Çaykur Rizespor Kulübü, 2023)
[4582330] Failed to build match row: São Paulo Futebol Clube vs Clube de Regatas do Flamengo
[4370110] Failed to scrape lineup: https://www.transfermarkt.co.uk/krc-genk_beerschot-va/index/spielbericht/4370110
[3644461] Failed to scrape lineup: https://www.transfermarkt.co.uk/spielbericht/index/spielbericht/3644461
[4129552] Failed to build match row: Çaykur Rizespor Kulübü vs İstanbul Başakşehir Futbol Kulübü
[3889109] Could not find attributes for alexandros paschalakis (Olympiakos Syndesmos Filathlon Peiraios, 2022)
[3889109] Failed to build match row: Olympiakos Syndesmos Filathlon Peiraios vs Aris Thessalonikis
[4646056] Could not find attributes for viktor dolgyi (FC Oleksandriya, 2025)
[4646056] Failed to build match row: FC Oleksandriya vs LNZ Cherkasy
[3602180] Could not find attributes for mykyta shevchenko (FC Zorya Lugansk, 2021)
[3602180] Failed to build match row: FC Zorya Lugansk vs FC Oleksandriya
[3913739] Failed to scrape lineup: https://www.transfermarkt.co.uk/spielbericht/index/spielbericht/3913739
[4706144] Could not find attributes for loreintz rosier (Al-Hazem Sport Club, 2025)
[4706144] Failed to build match row: Al-Hazem Sport Club vs Al-Ahli Saudi Football Club
[4787635] Could not find attributes for miroslav stevanovic (Servette Football Club 1890 SA, 2025)
[4787635] Failed to build match row: Servette Football Club 1890 SA vs FC Thun

Keepers & outfield error for **Clube de Regatas do Flamengo** in Clube de Regatas do Flamengo vs Red Bull Bragantino: Numbers: 0 and 11.

Keepers & outfield error for **Galatasaray Spor Kulübü** in AFC Ajax Amsterdam vs Galatasaray Spor Kulübü: Numbers: 2 and 9.
[4726133] Failed to build match row: Clube de Regatas do Flamengo vs Red Bull Bragantino
[4445513] Failed to build match row: AFC Ajax Amsterdam vs Galatasaray Spor Kulübü
[3610360] Could not find attributes for mikel vesga (Athletic Club Bilbao, 2021)
[3610360] Failed to build match row: Athletic Club Bilbao vs Real Sociedad de Fútbol S.A.D.
[3840143] Failed to scrape lineup: https://www.transfermarkt.co.uk/olympique-lyon_rc-strasbourg-alsace/index/spielbericht/3840143
[4129553] Could not find attributes for aylton boa morte (Kayserispor Kulübü, 2023)
[4129553] Failed to build match row: Kayserispor Kulübü vs Pendikspor
[4648819] Failed to scrape lineup: https://www.transfermarkt.co.uk/gil-vicente-fc_fc-famalicao/index/spielbericht/4648819
[3457485] Could not find attributes for alexander brunst (Vejle Boldklub, 2020)
[3457485] Failed to build match row: Vejle Boldklub vs AC Horsens
[3989534] Could not find attributes for rafa galvez (CF Intercity, 2022)
[4362921] Could not find attributes for renato steffen (FC Lugano, 2024)
[4658053] Could not find attributes for petros mantalos (Athlitiki Enosi Konstantinoupoleos, 2025)
[4362921] Failed to build match row: FC Lugano vs FC Luzern
[3424018] Could not find attributes for evgeniy pomazan (Dinamo Minsk, 2020)
[4658053] Failed to build match row: Athlitiki Enosi Konstantinoupoleos vs Panserraikos Serres
[3989534] Failed to build match row: CF Intercity vs Futbol Club Barcelona
[3424018] Failed to build match row: Dinamo Minsk vs Gliwicki Klub Sportowy Piast Spółka Akcyjna

Keepers & outfield error for **Sport Club Internacional** in Sport Club Internacional vs S. A. F. Botafogo: Numbers: 0 and 11.
[4220528] Could not find attributes for kyle girvan (Stranraer FC, 2023)
[4582331] Failed to build match row: Sport Club Internacional vs S. A. F. Botafogo
[4220528] Failed to build match row: Stranraer FC vs Airdrieonians FC

Keepers & outfield error for **Gil Vicente Futebol Clube** in Gil Vicente Futebol Clube vs Rio Ave Futebol Clube: Numbers: 0 and 11.
[4624652] Could not find attributes for dominik holec (FC Baník Ostrava a.s., 2025)
[3869090] Failed to build match row: Gil Vicente Futebol Clube vs Rio Ave Futebol Clube
[4162624] Could not find attributes for mihajlo ilic (Fudbalski Klub Partizan Beograd, 2023)
[4529412] Could not find attributes for martin rio (Club Atlético Banfield, 2024)
[4162624] Failed to build match row: Fodbold Club Nordsjælland vs Fudbalski Klub Partizan Beograd

Keepers & outfield error for **Club Tigres UANL Sinergia Deportiva S.A. de C.V.** in Club de Futbol América S. A. de C. V. vs Club Tigres UANL Sinergia Deportiva S.A. de C.V.: Numbers: 0 and 11.
[4624652] Failed to build match row: FC Baník Ostrava a.s. vs FK Dukla Praha a.s.
[4358849] Could not find attributes for ognjen lukic (Železničar Pančevo, 2024)
[4529412] Failed to build match row: Club Atlético Lanús vs Club Atlético Banfield
[4358849] Failed to build match row: Železničar Pančevo vs Fudbalski Klub Vojvodina
[4808267] Failed to build match row: Club de Futbol América S. A. de C. V. vs Club Tigres UANL Sinergia Deportiva S.A. de C.V.
[3431996] Could not find attributes for cristian devenish (Boavista FC, 2020)
[3431996] Failed to build match row: FC Paços de Ferreira vs Boavista FC
[4646057] Could not find attributes for yuriy volodymyr gereta (FC Rukh Lviv, 2025)
[3496468] Could not find attributes for ilya zabarnyi (Futbolniy Klub Dynamo Kyiv, 2020)
[4646057] Failed to build match row: FC Rukh Lviv vs Epicentr Dunaivtsi

Keepers & outfield error for **Paris Saint-Germain Football Club** in Paris Saint-Germain Football Club vs Maccabi Haifa: Numbers: 2 and 9.
[3913740] Failed to build match row: Paris Saint-Germain Football Club vs Maccabi Haifa
[3496468] Failed to build match row: Futbolniy Klub Dynamo Kyiv vs Club Brugge Koninklijke Voetbalvereniging
Not enough players found for lineup: 0, 0.
[3602181] Could not find attributes for yevgen galchuk (Ingulets Petrove, 2021)
[4370111] Could not find attributes for tristan degreef (Royal Sporting Club Anderlecht, 2024)
[3644462] Failed to scrape lineup: https://www.transfermarkt.co.uk/spielbericht/index/spielbericht/3644462
[4706145] Could not find attributes for karl toko ekambi (Al-Fateh Club, 2025)
[3602181] Failed to build match row: FC Shakhtar Donetsk vs Ingulets Petrove
[4370111] Failed to build match row: Koninklijke Atletiek Associatie Gent vs Royal Sporting Club Anderlecht
[4113064] Could not find attributes for pejino (UD Las Palmas, 2023)
[4706145] Failed to build match row: Al-Fateh Club vs Al-Qadsiah Saudi Football Club
[4113064] Failed to build match row: Villarreal Club de Fútbol S.A.D. vs UD Las Palmas

Keepers & outfield error for **Wolverhampton Wanderers Football Club** in Wolverhampton Wanderers Football Club vs Chelsea Football Club: Numbers: 0 and 11.

Keepers & outfield error for **Turn- und Sportgemeinschaft 1899 Hoffenheim Fußball-Spielbetriebs** in Borussia Dortmund vs Turn- und Sportgemeinschaft 1899 Hoffenheim Fußball-Spielbetriebs: Numbers: 2 and 9.
[4787636] Could not find attributes for flavius daniliuc (FC Basel 1893 AG, 2025)
[4726134] Could not find attributes for cuiabano (S. A. F. Botafogo, 2024)
[3413127] Failed to build match row: Borussia Dortmund vs Turn- und Sportgemeinschaft 1899 Hoffenheim Fußball-Spielbetriebs
[4626047] Failed to build match row: Wolverhampton Wanderers Football Club vs Chelsea Football Club
[4787636] Failed to build match row: FC Basel 1893 AG vs FC Zürich
[4726134] Failed to build match row: S. A. F. Botafogo vs Grêmio Foot-Ball Porto Alegrense
[3889110] Could not find attributes for konstantinos koulierakis (Panthessalonikios Athlitikos Omilos Konstantinoupoliton, 2022)
[3889110] Failed to build match row: Panthessalonikios Athlitikos Omilos Konstantinoupoliton vs Omilos Filathlon Irakliou FC
[3457486] Could not find attributes for zeca (Football Club København, 2020)
[3457486] Failed to build match row: Football Club København vs Vejle Boldklub

Keepers & outfield error for **US Salernitana 1919** in US Salernitana 1919 vs Torino Calcio: Numbers: 2 and 9.
[3614834] Failed to build match row: US Salernitana 1919 vs Torino Calcio
[4445514] Failed to build match row: AFC Ajax Amsterdam vs Beşiktaş Jimnastik Kulübü
[3446601] Could not find attributes for kasper erichsen (Kjellerup IF, 2020)
[3446601] Failed to build match row: Kjellerup IF vs Brabrand IF

Keepers & outfield error for **Football Club Lorient-Bretagne Sud** in Olympique de Marseille vs Football Club Lorient-Bretagne Sud: Numbers: 0 and 11.
[3840144] Failed to build match row: Olympique de Marseille vs Football Club Lorient-Bretagne Sud

Keepers & outfield error for **Atalanta Bergamasca Calcio S.p.a.** in Atalanta Bergamasca Calcio S.p.a. vs Unione Sportiva Lecce: Numbers: 2 and 9.
[4374252] Failed to build match row: Atalanta Bergamasca Calcio S.p.a. vs Unione Sportiva Lecce

Keepers & outfield error for **Portimonense SC** in Portimonense SC vs FC Paços de Ferreira: Numbers: 2 and 9.
[3431997] Failed to build match row: Portimonense SC vs FC Paços de Ferreira
[4582332] Could not find attributes for matheus alexandre (Sport Club do Recife, 2024)
[3889111] Could not find attributes for epaminondas pantelakis (PAS Giannina, 2022)
[4582332] Failed to build match row: Sport Club do Recife vs São Paulo Futebol Clube
[3889111] Failed to build match row: PAS Giannina vs Panathinaikos Athlitikos Omilos
[4706146] Could not find attributes for ramzi solan (Al-Kholood Club, 2025)
[3913741] Could not find attributes for goncalo ramos (Sport Lisboa e Benfica, 2022)
[4706146] Failed to build match row: Al-Kholood Club vs Damac Football Club
[3913741] Failed to build match row: Sport Lisboa e Benfica vs Juventus Football Club
[4420822] Could not find attributes for ingvar jonsson (Víkingur Reykjavík, 2024)
[4358850] Could not find attributes for mario jurcevic (Fudbalski Klub Partizan Beograd, 2024)

Keepers & outfield error for **Athletic Club Bilbao** in Athletic Club Bilbao vs Getafe Club de Fútbol S. A. D. Team Dubai: Numbers: 2 and 9.
[4113065] Failed to build match row: Athletic Club Bilbao vs Getafe Club de Fútbol S. A. D. Team Dubai
[4420822] Failed to build match row: Víkingur Reykjavík vs FC Flora Tallinn
[4358850] Failed to build match row: Fudbalski Klub Partizan Beograd vs Omladinski fudbalski klub Beograd
[4445515] Could not find attributes for jonas svensson (Beşiktaş Jimnastik Kulübü, 2024)
[4445515] Failed to build match row: Beşiktaş Jimnastik Kulübü vs Eintracht Frankfurt Fußball AG
[4624653] Could not find attributes for dominik plechaty (FC Slovan Liberec, 2025)
[4624653] Failed to build match row: FC Slovan Liberec vs SK Sigma Olomouc, a.s.
[4648821] Could not find attributes for ponck (AVS Futebol SAD, 2025)
[4129554] Failed to scrape lineup: https://www.transfermarkt.co.uk/istanbulspor_alanyaspor/index/spielbericht/4129554
[4648821] Failed to build match row: AVS Futebol SAD vs Sporting Clube de Braga
[4635038] Failed to scrape lineup: https://www.transfermarkt.co.uk/stade-brestois-29_paris-fc/index/spielbericht/4635038

Keepers & outfield error for **Villarreal Club de Fútbol S.A.D.** in Villarreal Club de Fútbol S.A.D. vs Real Madrid Club de Fútbol: Numbers: 0 and 11.
[4529414] Could not find attributes for martin rio (Club Atlético Banfield, 2024)
[4529414] Failed to build match row: Club Atlético Unión vs Club Atlético Banfield
lub de Fútbol
[3614835] Could not find attributes for abdelhamid sabiri (UC Sampdoria, 2021)
[3614835] Failed to build match row: UC Sampdoria vs Associazione Sportiva Roma

Keepers & outfield error for **Wolverhampton Wanderers Football Club** in Arsenal Football Club vs Wolverhampton Wanderers Football Club: Numbers: 0 and 11.
[3592158] Failed to build match row: Arsenal Football Club vs Wolverhampton Wanderers Football Club
 vs Manchester United Football Club: Numbers: 0 and 11.
[3496469] Failed to build match row: Real Sociedad de Fútbol S.A.D. vs Manchester United Football Club
[4370112] Could not find attributes for semm renders (Royal Antwerp Football Club, 2024)
[4370112] Failed to build match row: Royal Antwerp Football Club vs Club Brugge Koninklijke Voetbalvereniging
[4646058] Could not find attributes for danylo varakuta (TOV FK Metalist 1925 Kharkiv, 2025)
[4358851] Failed to scrape lineup: https://www.transfermarkt.co.uk/fk-napredak-krusevac_red-star-belgrade/index/spielbericht/4358851
[4646058] Failed to build match row: TOV FK Metalist 1925 Kharkiv vs FC Shakhtar Donetsk

Keepers & outfield error for **Casa Pia Atlético Clube** in Casa Pia Atlético Clube vs Futebol Clube do Porto: Numbers: 3 and 8.
[4648822] Failed to build match row: Casa Pia Atlético Clube vs Futebol Clube do Porto

Keepers & outfield error for **Clube Atlético Mineiro** in Clube Atlético Mineiro vs Ceará Sporting Club: Numbers: 0 and 11.
[4582333] Failed to build match row: Clube Atlético Mineiro vs Ceará Sporting Club
[4808268] Could not find attributes for oussama idrissi (Promotora del Club Pachuca S. A. de C. V., 2025)

Keepers & outfield error for **Clube Desportivo Nacional** in Clube Desportivo Nacional vs Clube Desportivo Santa Clara: Numbers: 0 and 11.
[3431998] Failed to build match row: Clube Desportivo Nacional vs Clube Desportivo Santa Clara
[4808268] Failed to build match row: Promotora del Club Pachuca S. A. de C. V. vs Impulsora del Deportivo Necaxa S.A. de C.V.
[4445517] Could not find attributes for jonas svensson (Beşiktaş Jimnastik Kulübü, 2024)
[3413128] Failed to scrape lineup: https://www.transfermarkt.co.uk/rb-leipzig_fc-augsburg/index/spielbericht/3413128
[4445517] Failed to build match row: Beşiktaş Jimnastik Kulübü vs Maccabi Tel Aviv
[3457488] Could not find attributes for kamil grabara (Aarhus Gymnastik Forening, 2020)

Keepers & outfield error for **Fotbal Club Rapid 1923 SA** in Fotbal Club Rapid 1923 SA vs SC Dinamo 1948 SA: Numbers: 2 and 9.
[4624654] Could not find attributes for michal reichl (Bohemians Praha 1905, a.s., 2025)
[4395127] Failed to build match row: Fotbal Club Rapid 1923 SA vs SC Dinamo 1948 SA
[3889112] Could not find attributes for bojan saranov (PAS Lamia 1964, 2022)
[3457488] Failed to build match row: Aarhus Gymnastik Forening vs Fodbold Club Nordsjælland

Keepers & outfield error for **Paris Saint-Germain Football Club** in Juventus Football Club vs Paris Saint-Germain Football Club: Numbers: 2 and 9.
[3889112] Failed to build match row: PAS Lamia 1964 vs APS Atromitos Athinon
[4624654] Failed to build match row: Bohemians Praha 1905, a.s. vs FK Teplice, a.s.
[3913752] Failed to build match row: Juventus Football Club vs Paris Saint-Germain Football Club
[4658054] Could not find attributes for lovro majkic (Aris Thessalonikis, 2025)

Keepers & outfield error for **Al-Taawoun Football Club** in Al-Taawoun Football Club vs Al-Ettifaq Football Club: Numbers: 2 and 9.
[4658054] Failed to build match row: Aris Thessalonikis vs Volou Neos Podosferikos Syllogos
[4706147] Failed to build match row: Al-Taawoun Football Club vs Al-Ettifaq Football Club

Keepers & outfield error for **Asociación Atlética Argentinos Juniors** in Asociación Atlética Argentinos Juniors vs Club Atlético Aldosivi: Numbers: 0 and 11.
[4529415] Failed to build match row: Asociación Atlética Argentinos Juniors vs Club Atlético Aldosivi
[4787637] Failed to scrape lineup: https://www.transfermarkt.co.uk/fc-lausanne-sport_fc-st-gallen-1879/index/spielbericht/4787637
[4641392] Could not find attributes for anas tajaouart (Royal Sporting Club Anderlecht, 2025)
[4641392] Failed to build match row: Royal Sporting Club Anderlecht vs Cercle Brugge Koninklijke Sportvereniging
[4648823] Could not find attributes for nabil touaizi (Futebol Clube de Alverca, 2025)
[4648823] Failed to build match row: Futebol Clube de Alverca vs Club Football Estrela da Amadora

Keepers & outfield error for **Olympiakos Syndesmos Filathlon Peiraios** in Olympiakos Syndesmos Filathlon Peiraios vs Eindhovense Voetbalvereniging Philips Sport Vereniging: Numbers: 0 and 11.
[4374253] Could not find attributes for honest ahanor (Genoa Cricket and Football Club, 2024)
[3496470] Failed to build match row: Olympiakos Syndesmos Filathlon Peiraios vs Eindhovense Voetbalvereniging Philips Sport Vereniging
[4374253] Failed to build match row: Calcio Como vs Genoa Cricket and Football Club
[4646059] Could not find attributes for nazariy fedorivskyi (FK Obolon Kyiv, 2025)
[4646059] Failed to build match row: FK Obolon Kyiv vs FK Karpaty Lviv
[4358852] Could not find attributes for marko milosevic (FK Radnički 1923 Kragujevac, 2024)
[4358852] Failed to build match row: FK Radnički 1923 Kragujevac vs Fudbalski Klub Mladost Lučani
Not enough players found for lineup: 0, 0.
[3840145] Failed to scrape lineup: https://www.transfermarkt.co.uk/rc-lens_aj-auxerre/index/spielbericht/3840145
[3644463] Failed to scrape lineup: https://www.transfermarkt.co.uk/spielbericht/index/spielbericht/3644463
[4626049] Could not find attributes for yegor yarmolyuk (Brentford Football Club, 2025)
[4626049] Failed to build match row: Brentford Football Club vs Arsenal Football Club
[4624655] Could not find attributes for frantisek cech (FC Hradec Králové a.s., 2025)
[4624655] Failed to build match row: FC Hradec Králové a.s. vs FK Jablonec a.s.
[4370113] Could not find attributes for marko ilic (KV Kortrijk, 2024)
[4370113] Failed to build match row: KV Kortrijk vs Koninklijke Voetbal Club Westerlo
[3700895] Could not find attributes for ruben bas (CF San Agustín, 2021)
[3700895] Failed to build match row: CF San Agustín vs Club Atlético Osasuna
[4366678] Could not find attributes for nikola cavlina (NK Osijek s.d.d., 2024)
[4366678] Failed to build match row: NK Osijek s.d.d. vs HNK Sibenik
[3424019] Could not find attributes for elvin badalov (Sumgayit PFC, 2020)
[3424019] Failed to build match row: Sumgayit PFC vs Shkendija Tetovo
[3889113] Could not find attributes for julian cuesta (Aris Thessalonikis, 2022)
[3889113] Failed to build match row: Aris Thessalonikis vs Volou Neos Podosferikos Syllogos
[4220529] Could not find attributes for efe ambrose (Queen of the South FC, 2023)
[4420823] Could not find attributes for evert grunvald (FC Flora Tallinn, 2024)
[4220529] Failed to build match row: Queen of the South FC vs Dundee United Football Club
[4420823] Failed to build match row: FC Flora Tallinn vs Víkingur Reykjavík
[3913753] Could not find attributes for josh cohen (Maccabi Haifa, 2022)
[3913753] Failed to build match row: Maccabi Haifa vs Sport Lisboa e Benfica
[4658055] Failed to scrape lineup: https://www.transfermarkt.co.uk/levadiakos_ae-kifisia/index/spielbericht/4658055
[4626050] Failed to scrape lineup: https://www.transfermarkt.co.uk/chelsea-fc_leeds-united/index/spielbericht/4626050
[4726135] Could not find attributes for anibal moreno (Sociedade Esportiva Palmeiras, 2024)

Keepers & outfield error for **Vitória Sport Clube** in Vitória Sport Clube vs Sporting Clube de Portugal: Numbers: 0 and 11.
[3869091] Failed to scrape lineup: https://www.transfermarkt.co.uk/portimonense-sc_gd-chaves/index/spielbericht/3869091
[4162625] Failed to scrape lineup: https://www.transfermarkt.co.uk/spielbericht/index/spielbericht/4162625
[3457489] Could not find attributes for victor mpindi (Sønderjyske Fodbold, 2020)
[4726135] Failed to build match row: Sociedade Esportiva Palmeiras vs Fluminense Football Club
[3431999] Failed to build match row: Vitória Sport Clube vs Sporting Clube de Portugal
[3457489] Failed to build match row: Sønderjyske Fodbold vs Odense Boldklub
[4648824] Failed to scrape lineup: https://www.transfermarkt.co.uk/cd-santa-clara_gd-estoril-praia/index/spielbericht/4648824
[3840146] Could not find attributes for desire doue (Rennes, 2022)
[4787638] Could not find attributes for miroslav stevanovic (Servette Football Club 1890 SA, 2025)
[4787638] Failed to build match row: Servette Football Club 1890 SA vs Grasshopper Club Zürich
[4445518] Could not find attributes for jonas svensson (Beşiktaş Jimnastik Kulübü, 2024)
[4445518] Failed to build match row: Beşiktaş Jimnastik Kulübü vs Athletic Club Bilbao

Keepers & outfield error for **Associazione Calcio Fiorentina** in Associazione Calcio Fiorentina vs FC Empoli: Numbers: 0 and 11.
[4374254] Failed to build match row: Associazione Calcio Fiorentina vs FC Empoli
[3837996] Failed to scrape lineup: https://www.transfermarkt.co.uk/southampton-fc_brentford-fc/index/spielbericht/3837996
Not enough players found for lineup: 11, 0.
[3644464] Failed to scrape lineup: https://www.transfermarkt.co.uk/spielbericht/index/spielbericht/3644464
[3989535] Could not find attributes for thomas dasquet (CF La Nucía, 2022)
[3989535] Failed to build match row: CF La Nucía vs Valencia Club de Fútbol S. A. D.
[4366679] Could not find attributes for lovro majkic (NK Istra 1961, 2024)
[4366679] Failed to build match row: GNK Dinamo Zagreb vs NK Istra 1961
[3614838] Could not find attributes for abdelhamid sabiri (UC Sampdoria, 2021)
[3614838] Failed to build match row: Bologna Football Club 1909 vs UC Sampdoria
[3889114] Could not find attributes for dimitrios chatziisaias (APS Atromitos Athinon, 2022)
[3889114] Failed to build match row: APS Atromitos Athinon vs Olympiakos Syndesmos Filathlon Peiraios
[4646060] Could not find attributes for yevgen volynets (FK Polissya Zhytomyr, 2025)
[4646060] Failed to build match row: FK Polissya Zhytomyr vs FK Kudrivka-1
[4513986] Could not find attributes for jacob bartlett (Sporting Kansas City, 2024)
[4513986] Failed to build match row: Austin FC vs Sporting Kansas City
[4635039] Could not find attributes for ally samatta (Le Havre Athletic Club, 2025)
[4635039] Failed to build match row: Racing Club de Strasbourg Alsace vs Le Havre Athletic Club
[4582334] Failed to scrape lineup: https://www.transfermarkt.co.uk/red-bull-bragantino_sport-club-corinthians-paulista/index/spielbericht/4582334
[4624656] Could not find attributes for milan heca (1. FC Slovácko, 2025)
[4624656] Failed to build match row: SK Slavia Praha, a.s. vs 1. FC Slovácko
[3457490] Could not find attributes for lirim qamili (AC Horsens, 2020)
[3457490] Failed to build match row: AC Horsens vs Aalborg BK
[4787639] Could not find attributes for sebastian walker (FC Zürich, 2025)
[4787639] Failed to build match row: FC Zürich vs FC Thun
[3915955] Could not find attributes for maksim matyusha (Metallurg Lipetsk, 2022)
[3915955] Failed to build match row: Metallurg Lipetsk vs Rotor Volgograd
[4658056] Could not find attributes for panagiotis tsintotas (A.G.S Asteras Tripolis, 2025)
[4658056] Failed to build match row: Olympiakos Syndesmos Filathlon Peiraios vs A.G.S Asteras Tripolis
[4220530] Could not find attributes for stuart mckenzie (Peterhead FC, 2023)
[4220530] Failed to build match row: Peterhead FC vs Ayr United FC
[3496472] Could not find attributes for nemanja milunovic (Fudbalski klub Crvena zvezda Beograd, 2020)
[3496472] Failed to build match row: Fudbalski klub Crvena zvezda Beograd vs Associazione Calcio Milan
[4706148] Failed to scrape lineup: https://www.transfermarkt.co.uk/neom-sc_al-okhdood-club/index/spielbericht/4706148
[4648825] Could not find attributes for noah saviolo (Vitória Sport Clube, 2025)
[4648825] Failed to build match row: Vitória Sport Clube vs Moreirense Futebol Clube

Keepers & outfield error for **APOEL Nicosia** in APOEL Nicosia vs Associazione Calcio Fiorentina: Numbers: 2 and 9.
[4445519] Failed to build match row: APOEL Nicosia vs Associazione Calcio Fiorentina

Keepers & outfield error for **Club Atlético Central Córdoba** in Club Atlético Tigre vs Club Atlético Central Córdoba: Numbers: 2 and 9.
[4529416] Failed to build match row: Club Atlético Tigre vs Club Atlético Central Córdoba
[3432000] Could not find attributes for srdjan babic (Futebol Clube de Famalicão, 2020)
[3700896] Failed to scrape lineup: https://www.transfermarkt.co.uk/spielbericht/index/spielbericht/3700896
[3432000] Failed to build match row: FC Paços de Ferreira vs Futebol Clube de Famalicão
[4366680] Could not find attributes for bozidar radosevic (HNK Gorica, 2024)
[4366680] Failed to build match row: HNK Gorica vs NK Varazdin
[4624657] Could not find attributes for stanislav dostal (FC Trinity Zlin, 2025)
[4624657] Failed to build match row: FC Trinity Zlin vs MFK Karvina
[4370115] Could not find attributes for takuma ominami (Oud-Heverlee Leuven, 2024)
[4370115] Failed to build match row: Oud-Heverlee Leuven vs Yellow-Red Koninklijke Voetbalclub Mechelen
[3614840] Failed to scrape lineup: https://www.transfermarkt.co.uk/fc-empoli_spezia-calcio/index/spielbericht/3614840
[3457491] Could not find attributes for svenn crone (Lyngby Boldklub, 2020)
[3457491] Failed to build match row: Lyngby Boldklub vs Fodbold Club Midtjylland
[4648826] Could not find attributes for ponck (AVS Futebol SAD, 2025)
[4648826] Failed to build match row: AVS Futebol SAD vs Moreirense Futebol Clube
[3889115] Could not find attributes for lefteris choutesiotis (Ionikos Nikeas, 2022)
[3424020] Could not find attributes for ognjen cancarevic (Alashkert Yerevan FC, 2020)
[3889115] Failed to build match row: Ionikos Nikeas vs Athlitiki Enosi Konstantinoupoleos
[3424020] Failed to build match row: Alashkert Yerevan FC vs Renova Dzepciste
Not enough players found for lineup: 11, 0.
[3446604] Could not find attributes for nicolaj bjerregaard (Ledöje-Smörum Fodbold, 2020)
[3644465] Failed to scrape lineup: https://www.transfermarkt.co.uk/spielbericht/index/spielbericht/3644465
[3446604] Failed to build match row: Ledöje-Smörum Fodbold vs FC Roskilde

Keepers & outfield error for **APOEL Nicosia** in APOEL Nicosia vs FC Astana: Numbers: 2 and 9.

Keepers & outfield error for **Association Football Club Bournemouth** in Everton Football Club vs Association Football Club Bournemouth: Numbers: 2 and 9.
[4445520] Failed to build match row: APOEL Nicosia vs FC Astana
[4626052] Failed to build match row: Everton Football Club vs Association Football Club Bournemouth

Keepers & outfield error for **Club Atlético Boca Juniors** in Club Atlético Boca Juniors vs Club Social y Deportivo Defensa y Justicia: Numbers: 0 and 11.
[4529417] Failed to build match row: Club Atlético Boca Juniors vs Club Social y Deportivo Defensa y Justicia
[4646061] Could not find attributes for oleg bilyk (Epicentr Dunaivtsi, 2025)
[4646061] Failed to build match row: Epicentr Dunaivtsi vs FK Kryvbas Kryvyi Rig
[4641395] Could not find attributes for marley ake (Sportvereniging Zulte Waregem, 2025)
[4641395] Failed to build match row: Sportvereniging Zulte Waregem vs Royal Charleroi Sporting Club
[4358853] Could not find attributes for vukasin krstic (Fudbalski klub TSC Bačka Topola, 2024)

Keepers & outfield error for **Esporte Clube Bahia** in Esporte Clube Bahia vs Clube de Regatas do Flamengo: Numbers: 0 and 11.
[4358853] Failed to build match row: Fudbalski klub TSC Bačka Topola vs FK Tekstilac Odzaci
[4582335] Failed to build match row: Esporte Clube Bahia vs Clube de Regatas do Flamengo
[3432001] Could not find attributes for srdjan babic (Futebol Clube de Famalicão, 2020)
[4808269] Could not find attributes for andres gudino (Club de Fútbol Cruz Azul S.A. de C.V., 2025)
[3432001] Failed to build match row: Futebol Clube de Famalicão vs Gil Vicente Futebol Clube
[4808269] Failed to build match row: Club Santos Laguna S. A. de C. V. vs Club de Fútbol Cruz Azul S.A. de C.V.
[4094627] Could not find attributes for jean kevin duverne (Football Club de Nantes, 2023)
[4094627] Failed to build match row: Football Club de Nantes vs Football Club Lorient-Bretagne Sud
[4129555] Could not find attributes for shahrudin mahammadaliyev (Adana Demirspor, 2023)
[3700897] Could not find attributes for pipo (Victoria CF, 2021)
[4129555] Failed to build match row: Galatasaray Spor Kulübü vs Adana Demirspor
[4096200] Could not find attributes for tim drexler (Turn- und Sportgemeinschaft 1899 Hoffenheim Fußball-Spielbetriebs, 2023)
[3700897] Failed to build match row: Victoria CF vs Villarreal Club de Fútbol S.A.D.
[3457492] Could not find attributes for zeca (Football Club København, 2020)
[4096200] Failed to build match row: Turn- und Sportgemeinschaft 1899 Hoffenheim Fußball-Spielbetriebs vs Verein für Bewegungsspiele Stuttgart 1893
[3457492] Failed to build match row: Brøndby Idrætsforening vs Football Club København
[4513987] Could not find attributes for femi awodesu (Houston Dynamo, 2024)
-fc_al-khaleej-fc/index/spielbericht/4706149
[4513987] Failed to build match row: Houston Dynamo vs FC Dallas
[4113069] Could not find attributes for matija nastasic (Real Club Deportivo Mallorca S.A.D., 2023)
[4113069] Failed to build match row: Real Club Deportivo Mallorca S.A.D. vs Futbol Club Barcelona
[4648827] Could not find attributes for nabil touaizi (Futebol Clube de Alverca, 2025)
[4648827] Failed to build match row: Futebol Clube de Alverca vs Futebol Clube de Famalicão
[3614841] Could not find attributes for nikola maksimovic (Genoa Cricket and Football Club, 2021)
[3614841] Failed to build match row: Genoa Cricket and Football Club vs Società Sportiva Lazio S.p.A.
[4529418] Could not find attributes for Keylor Navas (Club Atlético Newell’s Old Boys, 2024)
[4529418] Failed to build match row: Club Estudiantes de La Plata vs Club Atlético Newell’s Old Boys
[4726136] Could not find attributes for nahuel ferraresi (São Paulo Futebol Clube, 2024)
[4726136] Failed to build match row: São Paulo Futebol Clube vs Esporte Clube Juventude
[4407534] Could not find attributes for maroan sannadi (Athletic Club Bilbao, 2024)
[4407534] Failed to build match row: Athletic Club Bilbao vs Real Valladolid CF
[3432002] Could not find attributes for moatasem al musrati (Sporting Clube de Braga, 2020)
[3432002] Failed to build match row: Sporting Clube de Braga vs Futebol Clube de Famalicão
[3602182] Could not find attributes for danylo kucher (FC Minaj, 2021)
[3602182] Failed to build match row: FC Minaj vs FC Oleksandriya
[4094628] Could not find attributes for daler kuzyaev (Le Havre Athletic Club, 2023)
[4646062] Could not find attributes for daniil yermolov (SK Poltava, 2025)
[4094628] Failed to build match row: Le Havre Athletic Club vs Clermont Foot 63
[4646062] Failed to build match row: SK Poltava vs TOV FK Metalist 1925 Kharkiv
[4808270] Could not find attributes for facundo almada (Mazatlán Futbol Club, 2025)
[4808270] Failed to build match row: Club Atlético de San Luis vs Mazatlán Futbol Club
[3989536] Could not find attributes for cristian fernandez (UD Logroñés, 2022)
[3989536] Failed to build match row: UD Logroñés vs Real Sociedad de Fútbol S.A.D.
[4641396] Could not find attributes for yuto tsunashima (Royal Antwerp Football Club, 2025)
[4641396] Failed to build match row: Oud-Heverlee Leuven vs Royal Antwerp Football Club
[4624658] Could not find attributes for luka kharatishvili (FK Pardubice, 2025)
[4624658] Failed to build match row: AC Sparta Praha, a. s. vs FK Pardubice
[3644466] Could not find attributes for georgios giagiozis (PO Atsaleniou, 2021)
[3644466] Failed to build match row: PO Atsaleniou vs AO Pyliou
[4358854] Could not find attributes for lazar kalicanin (Fudbalski klub Čukarički Beograd, 2024)
[4129556] Could not find attributes for yasin ozcan (Kasımpaşa A.Ş., 2023)
[4358854] Failed to build match row: Fudbalski klub Čukarički Beograd vs Fudbalski Klub Novi Pazar
[4129556] Failed to build match row: Samsunspor vs Kasımpaşa A.Ş.
[4808271] Could not find attributes for adalberto carrasquilla (Club Universidad Nacional A. C., 2025)
[4113070] Could not find attributes for abde ezzalzouli (Real Betis Balompié S.A.D., 2023)
[4808271] Failed to build match row: Club Universidad Nacional A. C. vs Deportivo Toluca Futbol Club, S. A. de C. V.

Keepers & outfield error for **Club Atlético Belgrano** in Club Atlético Belgrano vs Club Atlético Barracas Central: Numbers: 2 and 9.
[4113070] Failed to build match row: Granada CF vs Real Betis Balompié S.A.D.
[4529419] Failed to build match row: Club Atlético Belgrano vs Club Atlético Barracas Central
[4420824] Could not find attributes for sergey ignatovich (Ordabasy Shymkent, 2024)

Keepers & outfield error for **Fodbold Club Midtjylland** in Fodbold Club Midtjylland vs Aarhus Gymnastik Forening: Numbers: 2 and 9.
[3457493] Failed to build match row: Fodbold Club Midtjylland vs Aarhus Gymnastik Forening
[4420824] Failed to build match row: Ordabasy Shymkent vs FC Pyunik Yerevan

Keepers & outfield error for **APOEL Nicosia** in APOEL Nicosia vs FK Borac Banja Luka: Numbers: 2 and 9.

Keepers & outfield error for **Wolverhampton Wanderers Football Club** in Nottingham Forest Football Club vs Wolverhampton Wanderers Football Club: Numbers: 0 and 11.
[4445521] Failed to build match row: APOEL Nicosia vs FK Borac Banja Luka
[4726137] Could not find attributes for jemmes (Mirasol Futebol Clube, 2024)
[3602183] Could not find attributes for vladyslav kucheruk (Chornomorets Odesa, 2021)
[4726137] Failed to build match row: Mirasol Futebol Clube vs Ceará Sporting Club
[4626054] Failed to build match row: Nottingham Forest Football Club vs Wolverhampton Wanderers Football Club
[3602183] Failed to build match row: Chornomorets Odesa vs SC Dnipro-1
[3700898] Could not find attributes for pepo (SD Solares-Medio Cudeyo, 2021)
[3446605] Failed to scrape lineup: https://www.transfermarkt.co.uk/spielbericht/index/spielbericht/3446605
[4220531] Could not find attributes for cammy clark (Stirling Albion FC, 2023)
[4362923] Could not find attributes for marley ake (Yverdon Sport FC, 2024)
[4370117] Could not find attributes for takuma ominami (Oud-Heverlee Leuven, 2024)
[3700898] Failed to build match row: SD Solares-Medio Cudeyo vs Espanol
[4362923] Failed to build match row: Yverdon Sport FC vs Berner Sport Club Young Boys
[4220531] Failed to build match row: Stirling Albion FC vs Cove Rangers FC
[3424021] Could not find attributes for joel mall (Apollon Limassol, 2020)

Keepers & outfield error for **Brentford Football Club** in Brighton and Hove Albion Football Club vs Brentford Football Club: Numbers: 0 and 11.
[4370117] Failed to build match row: Club Brugge Koninklijke Voetbalvereniging vs Oud-Heverlee Leuven

Keepers & outfield error for **Eintracht Frankfurt Fußball AG** in Eintracht Frankfurt Fußball AG vs 1. Fußballclub Union Berlin: Numbers: 2 and 9.
[3424021] Failed to build match row: Apollon Limassol vs Iberia 1999 Tbilisi
[3592163] Failed to build match row: Brighton and Hove Albion Football Club vs Brentford Football Club
[3413131] Could not find attributes for makoto hasebe (Eintracht Frankfurt Fußball AG, 2020)
[3840147] Failed to scrape lineup: https://www.transfermarkt.co.uk/stade-reims_ogc-nice/index/spielbericht/3840147
[4641397] Could not find attributes for mateo biondic (Royale Union Saint-Gilloise, 2025)
[4096202] Failed to build match row: Eintracht Frankfurt Fußball AG vs 1. Fußballclub Union Berlin
[3413131] Failed to build match row: Eintracht Frankfurt Fußball AG vs 1. Fußball-Club Köln
[4641397] Failed to build match row: St Truiden vs Royale Union Saint-Gilloise

Keepers & outfield error for **Gimnàstic de Tarragona** in Gimnàstic de Tarragona vs Club Atlético Osasuna: Numbers: 2 and 9.
[3916020] Failed to scrape lineup: https://www.transfermarkt.co.uk/spielbericht/index/spielbericht/3916020
[3989537] Failed to build match row: Gimnàstic de Tarragona vs Club Atlético Osasuna
[4162627] Could not find attributes for enric saborit (Maccabi Tel Aviv, 2023)
[4162627] Failed to build match row: Maccabi Tel Aviv vs NK Celje
[4624659] Could not find attributes for jiri floder (FK Mladá Boleslav, a.s., 2025)
spielbericht/4420825
[4513988] Could not find attributes for wyatt meyer (Nashville SC, 2024)
[4624659] Failed to build match row: FC Viktoria Plzeň, a.s. vs FK Mladá Boleslav, a.s.
[4513988] Failed to build match row: Nashville SC vs New England Revolution
[4358855] Could not find attributes for aleksa paic (FK Jedinstvo Ub, 2024)
[4358855] Failed to build match row: FK Jedinstvo Ub vs Fudbalski klub Čukarički Beograd
[4582336] Could not find attributes for renzo saravia (Clube Atlético Mineiro, 2024)
[4582336] Failed to build match row: Clube Atlético Mineiro vs Esporte Clube Bahia
[4808272] Could not find attributes for gerardo arteaga (Club de Fútbol Monterrey Rayados A.C., 2025)
[4808272] Failed to build match row: Club de Fútbol Monterrey Rayados A.C. vs Querétaro Fútbol Club
[4706150] Could not find attributes for mikel villanueva (Al-Fayha FC, 2025)
[4706150] Failed to build match row: Al-Fayha FC vs Al-Shabab Club
[4129557] Could not find attributes for florin nita (Gaziantep Futbol Kulübü A.Ş., 2023)
[4129557] Failed to build match row: Gaziantep Futbol Kulübü A.Ş. vs Trabzonspor Kulübü
[4787641] Could not find attributes for mirlind kryeziu (Fussballclub Winterthur, 2025)
[4787641] Failed to build match row: Fussballclub Winterthur vs FC Basel 1893 AG
[3457494] Could not find attributes for tosin kehinde (Randers Fodbold Club, 2020)
[3457494] Failed to build match row: Randers Fodbold Club vs Lyngby Boldklub
[3496474] Could not find attributes for abdallah sima (SK Slavia Praha, a.s., 2020)
[3496474] Failed to build match row: SK Slavia Praha, a.s. vs Leicester City
[3413132] Could not find attributes for taiwo awoniyi (1. Fußballclub Union Berlin, 2020)
[3413132] Failed to build match row: 1. Fußballclub Union Berlin vs FC Schalke 04
[3602184] Could not find attributes for oleg kudryk (FK Mariupol, 2021)
[4646063] Failed to scrape lineup: https://www.transfermarkt.co.uk/dynamo-kyiv_fc-oleksandriya/index/spielbericht/4646063
[3602184] Failed to build match row: FK Mariupol vs Desna Chernigiv
[4726138] Could not find attributes for lucas villalba (Cruzeiro Esporte Clube, 2024)
[4726138] Failed to build match row: Cruzeiro Esporte Clube vs Sport Club Corinthians Paulista

Keepers & outfield error for **APOEL Nicosia** in Molde Fotballklubb vs APOEL Nicosia: Numbers: 2 and 9.
[4445522] Failed to build match row: Molde Fotballklubb vs APOEL Nicosia
Not enough players found for lineup: 0, 0.
[4129558] Could not find attributes for cengiz demir (Hatayspor, 2023)
[3644467] Failed to scrape lineup: https://www.transfermarkt.co.uk/spielbericht/index/spielbericht/3644467
[4129558] Failed to build match row: İstanbul Başakşehir Futbol Kulübü vs Hatayspor

Keepers & outfield error for **Futebol Clube do Porto** in Clube Desportivo Santa Clara vs Futebol Clube do Porto: Numbers: 0 and 11.
[4648829] Failed to build match row: Clube Desportivo Santa Clara vs Futebol Clube do Porto
[4162628] Could not find attributes for enea kolici (FC Ballkani, 2023)
[4658057] Failed to scrape lineup: https://www.transfermarkt.co.uk/panathinaikos_ofi-crete/index/spielbericht/4658057
[4162628] Failed to build match row: FC Ballkani vs BATE Borisov
[4358856] Could not find attributes for zeljko samcovic (Fudbalski Klub Novi Pazar, 2024)
[4366681] Failed to scrape lineup: https://www.transfermarkt.co.uk/hnk-rijeka_nk-lokomotiva-zagreb/index/spielbericht/4366681
[4358856] Failed to build match row: Fudbalski Klub Novi Pazar vs Fudbalski klub TSC Bačka Topola
[3989538] Could not find attributes for dimitrios stamatakis (CD Eldense, 2022)

Keepers & outfield error for **Rayo Vallecano de Madrid S. A. D.** in Rayo Vallecano de Madrid S. A. D. vs Villarreal Club de Fútbol S.A.D.: Numbers: 2 and 9.
[4706151] Could not find attributes for matheus goncalves (Al-Ahli Saudi Football Club, 2025)
[4407536] Failed to build match row: Rayo Vallecano de Madrid S. A. D. vs Villarreal Club de Fútbol S.A.D.
[3989538] Failed to build match row: CD Eldense vs Athletic Club Bilbao
[4706151] Failed to build match row: Al-Ahli Saudi Football Club vs Al-Hilal Saudi Football Club
[4374259] Failed to scrape lineup: https://www.transfermarkt.co.uk/ssc-napoli_torino-fc/index/spielbericht/4374259
[3700900] Could not find attributes for ayman lasfar (CD Laguna, 2021)
[3889116] Could not find attributes for themistoklis tzimopoulos (APO Levadiakos Football Club, 2022)
[3700900] Failed to build match row: CD Laguna vs Granada CF
[3413133] Could not find attributes for omer toprak (Sportverein Werder Bremen von 1899, 2020)
[3602185] Could not find attributes for dmytro riznyk (Vorskla Poltava, 2021)
[3889116] Failed to build match row: APO Levadiakos Football Club vs PAS Lamia 1964

Keepers & outfield error for **Sport Club Internacional** in Sport Club Internacional vs Santos Futebol Clube: Numbers: 0 and 11.
[3413133] Failed to build match row: Sportverein Werder Bremen von 1899 vs Sport-Club Freiburg
[4529420] Failed to scrape lineup: https://www.transfermarkt.co.uk/cd-godoy-cruz-antonio-tomba_ca-san-lorenzo-de-almagro/index/spielbericht/4529420
[3602185] Failed to build match row: Vorskla Poltava vs FC Rukh Lviv
[4726139] Failed to build match row: Sport Club Internacional vs Santos Futebol Clube
[4103631] Could not find attributes for sandi lovric (Udinese Calcio, 2023)
[4103631] Failed to build match row: Udinese Calcio vs Unione Sportiva Sassuolo Calcio
[4220532] Failed to scrape lineup: https://www.transfermarkt.co.uk/spielbericht/index/spielbericht/4220532
[3446607] Failed to scrape lineup: https://www.transfermarkt.co.uk/spielbericht/index/spielbericht/3446607
[4162629] Could not find attributes for nassim hnid (FK Zalgiris Vilnius, 2023)
[4162629] Failed to build match row: FK Zalgiris Vilnius vs Ferencvárosi TC
[4094630] Could not find attributes for bertug yildirim (Rennes, 2023)
[4094630] Failed to build match row: Montpellier HSC vs Rennes
[4370118] Failed to scrape lineup: https://www.transfermarkt.co.uk/rsc-anderlecht_royal-antwerp-fc/index/spielbericht/4370118
[3457495] Could not find attributes for agust hlynsson (AC Horsens, 2020)
[3457495] Failed to build match row: Fodbold Club Nordsjælland vs AC Horsens
[4129559] Could not find attributes for ramzi safuri (Antalyaspor, 2023)
[4641398] Could not find attributes for matties volckaert (Koninklijke Atletiek Associatie Gent, 2025)
[3424022] Failed to scrape lineup: https://www.transfermarkt.co.uk/spielbericht/index/spielbericht/3424022
[4129559] Failed to build match row: Antalyaspor vs Fatih Karagümrük Sportif Faaliyetler San. Tic. A.Ş.
[4641398] Failed to build match row: FC Verbroedering Denderhoutem Denderleeuw Eendracht Hekelgem vs Koninklijke Atletiek Associatie Gent

Keepers & outfield error for **Valencia Club de Fútbol S. A. D.** in Valencia Club de Fútbol S. A. D. vs Real Sociedad de Fútbol S.A.D.: Numbers: 2 and 9.
[4113072] Failed to build match row: Valencia Club de Fútbol S. A. D. vs Real Sociedad de Fútbol S.A.D.

Keepers & outfield error for **Casa Pia Atlético Clube** in Casa Pia Atlético Clube vs Futebol Clube de Famalicão: Numbers: 0 and 11.

Keepers & outfield error for **CS Marítimo** in CS Marítimo vs Clube Desportivo de Tondela: Numbers: 2 and 9.
[3869092] Failed to build match row: Casa Pia Atlético Clube vs Futebol Clube de Famalicão
[4624660] Failed to scrape lineup: https://www.transfermarkt.co.uk/fk-dukla-prague_fc-slovan-liberec/index/spielbericht/4624660
[3432003] Failed to build match row: CS Marítimo vs Clube Desportivo de Tondela
[4582337] Failed to scrape lineup: https://www.transfermarkt.co.uk/gremio-foot-ball-porto-alegrense_esporte-clube-juventude/index/spielbericht/4582337
[4808273] Failed to scrape lineup: https://www.transfermarkt.co.uk/puebla-fc_tigres-uanl/index/spielbericht/4808273
[4362925] Could not find attributes for miroslav stevanovic (Servette Football Club 1890 SA, 2024)
[4420826] Failed to scrape lineup: https://www.transfermarkt.co.uk/spielbericht/index/spielbericht/4420826
[4787642] Failed to scrape lineup: https://www.transfermarkt.co.uk/fc-luzern_fc-lausanne-sport/index/spielbericht/4787642
[4362925] Failed to build match row: Servette Football Club 1890 SA vs FC Basel 1893 AG
[4635043] Could not find attributes for tylel tati (Football Club de Nantes, 2025)
[3614844] Failed to scrape lineup: https://www.transfermarkt.co.uk/as-roma_us-salernitana-1919/index/spielbericht/3614844
[4635043] Failed to build match row: Football Club de Nantes vs Rennes
[3889117] Could not find attributes for triantafyllos pasalidis (Omilos Filathlon Irakliou FC, 2022)
[3889117] Failed to build match row: Omilos Filathlon Irakliou FC vs A.G.S Asteras Tripolis
[4221297] Could not find attributes for tommaso corazza (Bologna Football Club 1909, 2023)
[4221297] Failed to build match row: Football Club Internazionale Milano S.p.A. vs Bologna Football Club 1909
[4646064] Failed to scrape lineup: https://www.transfermarkt.co.uk/kolos-kovalivka_nk-veres-rivne/index/spielbericht/4646064
[3916135] Could not find attributes for davyd alekseev (Dinamo Vladivostok, 2022)
[3916135] Failed to build match row: Dinamo Vladivostok vs Irtysh Omsk
[3602186] Could not find attributes for yevgen volynets (FK Kolos Kovalivka, 2021)
[3610371] Could not find attributes for mikel vesga (Athletic Club Bilbao, 2021)
[3602186] Failed to build match row: FK Kolos Kovalivka vs TOV FK Metalist 1925 Kharkiv
[3610371] Failed to build match row: Futbol Club Barcelona vs Athletic Club Bilbao

Keepers & outfield error for **Club de Regatas Vasco da Gama** in Esporte Clube Bahia vs Club de Regatas Vasco da Gama: Numbers: 0 and 11.
[4726140] Failed to build match row: Esporte Clube Bahia vs Club de Regatas Vasco da Gama
[3457496] Could not find attributes for pedro ferreira (Aalborg BK, 2020)
[3457496] Failed to build match row: Aalborg BK vs Sønderjyske Fodbold
[4129560] Could not find attributes for alex oxlade chamberlain (Beşiktaş Jimnastik Kulübü, 2023)
[4129560] Failed to build match row: Beşiktaş Jimnastik Kulübü vs Fenerbahçe Spor Kulübü
[4648830] Failed to scrape lineup: https://www.transfermarkt.co.uk/sl-benfica_gd-estoril-praia/index/spielbericht/4648830
[3851225] Failed to scrape lineup: https://www.transfermarkt.co.uk/r-charleroi-sc_kaa-gent/index/spielbericht/3851225
[4096205] Could not find attributes for josuha guilavogui (1. Fußball- und Sportverein Mainz 05, 2023)
[4096205] Failed to build match row: RasenBallsport Leipzig vs 1. Fußball- und Sportverein Mainz 05
Not enough players found for lineup: 0, 11.

Keepers & outfield error for **FC Paços de Ferreira** in Clube Desportivo Santa Clara vs FC Paços de Ferreira: Numbers: 0 and 11.
[3644468] Failed to scrape lineup: https://www.transfermarkt.co.uk/spielbericht/index/spielbericht/3644468
[3869093] Failed to build match row: Clube Desportivo Santa Clara vs FC Paços de Ferreira
[4366682] Failed to scrape lineup: https://www.transfermarkt.co.uk/hnk-hajduk-split_slaven-belupo-koprivnica/index/spielbericht/4366682
[4445523] Failed to scrape lineup: https://www.transfermarkt.co.uk/spielbericht/index/spielbericht/4445523
[3496475] Could not find attributes for luka sucic (Fußballclub Red Bull Salzburg, 2020)
[4358857] Failed to scrape lineup: https://www.transfermarkt.co.uk/fk-tekstilac-odzaci_fk-radnicki-1923-kragujevac/index/spielbericht/4358857
[3614845] Could not find attributes for giorgio scalvini (Atalanta Bergamasca Calcio S.p.a., 2021)
[3496475] Failed to build match row: Fußballclub Red Bull Salzburg vs Villarreal Club de Fútbol S.A.D.
[4706152] Failed to scrape lineup: https://www.transfermarkt.co.uk/al-hazem-sc_al-fateh-sc/index/spielbericht/4706152
[4626056] Failed to scrape lineup: https://www.transfermarkt.co.uk/tottenham-hotspur_newcastle-united/index/spielbericht/4626056
[3700901] Failed to scrape lineup: https://www.transfermarkt.co.uk/spielbericht/index/spielbericht/3700901
[4635044] Could not find attributes for samir chergui (Paris Football Club, 2025)
[3614845] Failed to build match row: Unione Sportiva Sassuolo Calcio vs Atalanta Bergamasca Calcio S.p.a.
[4787643] Failed to scrape lineup: https://www.transfermarkt.co.uk/bsc-young-boys_fc-lugano/index/spielbericht/4787643
[3838003] Failed to scrape lineup: https://www.transfermarkt.co.uk/manchester-united_leeds-united/index/spielbericht/3838003
[3424023] Could not find attributes for kamran ibrahimov (Neftchi Baku, 2020)
[4635044] Failed to build match row: Paris Football Club vs Racing Club de Strasbourg Alsace
[3916136] Could not find attributes for evgeniy archibasov (Zenit Izhevsk, 2022)
[3424023] Failed to build match row: Neftchi Baku vs FC Shkupi
[4103632] Failed to scrape lineup: https://www.transfermarkt.co.uk/bologna-fc-1909_atalanta-bc/index/spielbericht/4103632

Keepers & outfield error for **Manchester City Football Club** in Burnley Football Club vs Manchester City Football Club: Numbers: 2 and 9.
[3413134] Failed to scrape lineup: https://www.transfermarkt.co.uk/vfb-stuttgart_hertha-bsc/index/spielbericht/3413134
[3916136] Failed to build match row: Zenit Izhevsk vs Khimik-August Vurnary (-2024)
[4582338] Failed to scrape lineup: https://www.transfermarkt.co.uk/ceara-sporting-club_santos-fc/index/spielbericht/4582338
[4658058] Could not find attributes for david galiatsos (Panetolikos Agrinio, 2025)
[4366685] Failed to scrape lineup: https://www.transfermarkt.co.uk/nk-varazdin_hnk-rijeka/index/spielbericht/4366685
[3457497] Could not find attributes for alexander brunst (Vejle Boldklub, 2020)
[3592167] Failed to build match row: Burnley Football Club vs Manchester City Football Club
[4726141] Could not find attributes for tomas pochettino (Fortaleza Esporte Clube, 2024)
[4624661] Failed to scrape lineup: https://www.transfermarkt.co.uk/sk-sigma-olomouc_ac-sparta-prague/index/spielbericht/4624661
[3457497] Failed to build match row: Vejle Boldklub vs Odense Boldklub
[4658058] Failed to build match row: Panetolikos Agrinio vs APS Atromitos Athinon
[3889118] Could not find attributes for konstantinos koulierakis (Panthessalonikios Athlitikos Omilos Konstantinoupoliton, 2022)
[4726141] Failed to build match row: Fortaleza Esporte Clube vs Clube Atlético Mineiro
[3889118] Failed to build match row: Panathinaikos Athlitikos Omilos vs Panthessalonikios Athlitikos Omilos Konstantinoupoliton
[3851226] Could not find attributes for joao silva (KV Kortrijk, 2022)
[3851226] Failed to build match row: KAS Eupen vs KV Kortrijk
[4129561] Could not find attributes for ali kaan guneren (MKE Ankaragücü, 2023)
[4129561] Failed to build match row: MKE Ankaragücü vs Çaykur Rizespor Kulübü
[3432004] Failed to scrape lineup: https://www.transfermarkt.co.uk/vitoria-guimaraes-sc_sc-braga/index/spielbericht/3432004
[4358858] Failed to scrape lineup: https://www.transfermarkt.co.uk/fk-mladost-lucani_fk-napredak-krusevac/index/spielbericht/4358858
[3602187] Could not find attributes for yevgen galchuk (Ingulets Petrove, 2021)
[3602187] Failed to build match row: Ingulets Petrove vs FC Zorya Lugansk
[4706153] Could not find attributes for bilal boutobba (Al-Najma Sport Club, 2025)
[4706153] Failed to build match row: Al-Najma Sport Club vs Al-Ittihad Football Club
[4808274] Failed to scrape lineup: https://www.transfermarkt.co.uk/atlas-guadalajara_club-tijuana/index/spielbericht/4808274
[3644961] Could not find attributes for johannes kreidl (Kuopion Palloseura, 2021)
[3644961] Failed to build match row: Kuopion Palloseura vs 1. Fußballclub Union Berlin
[4362927] Could not find attributes for miroslav stevanovic (Servette Football Club 1890 SA, 2024)
[4362927] Failed to build match row: Servette Football Club 1890 SA vs Berner Sport Club Young Boys
[3916137] Failed to scrape lineup: https://www.transfermarkt.co.uk/spielbericht/index/spielbericht/3916137

Keepers & outfield error for **AD Ceuta FC** in AD Ceuta FC vs Elche Club de Fútbol S.A.D.: Numbers: 2 and 9.
[3989539] Failed to build match row: AD Ceuta FC vs Elche Club de Fútbol S.A.D.
[3424024] Failed to scrape lineup: https://www.transfermarkt.co.uk/spielbericht/index/spielbericht/3424024
[4635045] Failed to scrape lineup: https://www.transfermarkt.co.uk/stade-brestois-29_ogc-nice/index/spielbericht/4635045
[4366687] Failed to scrape lineup: https://www.transfermarkt.co.uk/nk-osijek_gnk-dinamo-zagreb/index/spielbericht/4366687
[4646065] Failed to scrape lineup: https://www.transfermarkt.co.uk/lnz-cherkasy_rukh-lviv/index/spielbericht/4646065
[3457498] Failed to scrape lineup: https://www.transfermarkt.co.uk/fc-copenhagen_fc-midtjylland/index/spielbericht/3457498
[3588176] Failed to scrape lineup: https://www.transfermarkt.co.uk/eintracht-frankfurt_vfb-stuttgart/index/spielbericht/3588176
[4113075] Failed to scrape lineup: https://www.transfermarkt.co.uk/atletico-de-madrid_rcd-mallorca/index/spielbericht/4113075
[4420827] Could not find attributes for levi ives (Larne FC, 2024)
[3610372] Failed to scrape lineup: https://www.transfermarkt.co.uk/rcd-mallorca_valencia-cf/index/spielbericht/3610372
[4395134] Could not find attributes for giannis anestis (Asociația Fotbal Club Botoșani, 2024)
[4420827] Failed to build match row: Larne FC vs FC Ballkani
[4395134] Failed to build match row: Asociația Fotbal Club Botoșani vs SC Fotbal Club FCSB SA
[4445524] Could not find attributes for levi ives (Larne FC, 2024)
[4445524] Failed to build match row: Molde Fotballklubb vs Larne FC
[4094632] Could not find attributes for nampalys mendy (Racing Club de Lens, 2023)
[4094632] Failed to build match row: Racing Club de Strasbourg Alsace vs Racing Club de Lens
[4658059] Could not find attributes for soualiho meite (Panthessalonikios Athlitikos Omilos Konstantinoupoliton, 2025)
[4658059] Failed to build match row: Panthessalonikios Athlitikos Omilos Konstantinoupoliton vs Athlitiki Enosi Larisas
[4358859] Could not find attributes for andrej djuric (Fudbalski klub Crvena zvezda Beograd, 2024)
[3446608] Could not find attributes for alexander molberg (Naesby Boldklub, 2020)
[4635046] Failed to scrape lineup: https://www.transfermarkt.co.uk/aj-auxerre_fc-toulouse/index/spielbericht/4635046

Keepers & outfield error for **SC Farense** in SC Farense vs Futebol Clube de Famalicão: Numbers: 0 and 11.
[4358859] Failed to build match row: Fudbalski klub Crvena zvezda Beograd vs Fudbalski Klub Partizan Beograd
[3446608] Failed to build match row: Naesby Boldklub vs AC Horsens
[3432005] Failed to build match row: SC Farense vs Futebol Clube de Famalicão
[3602188] Could not find attributes for orest kostyk (PFK Lviv, 2021)
[3602188] Failed to build match row: PFK Lviv vs FC Shakhtar Donetsk
[4096207] Could not find attributes for tim drexler (Turn- und Sportgemeinschaft 1899 Hoffenheim Fußball-Spielbetriebs, 2023)
[4096207] Failed to build match row: Bayer 04 Leverkusen Fußball vs Turn- und Sportgemeinschaft 1899 Hoffenheim Fußball-Spielbetriebs
[4706154] Could not find attributes for ismaila soro (Al-Riyadh Saudi Club, 2025)
[4706154] Failed to build match row: Al-Nassr Football Club vs Al-Riyadh Saudi Club
[3851227] Could not find attributes for jorne spileers (Club Brugge Koninklijke Voetbalvereniging, 2022)
[3851227] Failed to build match row: Club Brugge Koninklijke Voetbalvereniging vs Royal Standard Club de Liège

Keepers & outfield error for **Grêmio Foot-Ball Porto Alegrense** in Grêmio Foot-Ball Porto Alegrense vs Cruzeiro Esporte Clube: Numbers: 2 and 9.
[4582339] Failed to build match row: Grêmio Foot-Ball Porto Alegrense vs Cruzeiro Esporte Clube
[3869094] Failed to scrape lineup: https://www.transfermarkt.co.uk/sl-benfica_cs-maritimo/index/spielbericht/3869094
[3610373] Failed to scrape lineup: https://www.transfermarkt.co.uk/getafe-cf_deportivo-alaves/index/spielbericht/3610373
[4706155] Failed to scrape lineup: https://www.transfermarkt.co.uk/al-riyadh-sc_al-kholood-club/index/spielbericht/4706155

Keepers & outfield error for **Newcastle United Football Club** in Newcastle United Football Club vs Association Football Club Bournemouth: Numbers: 2 and 9.
[3838004] Failed to build match row: Newcastle United Football Club vs Association Football Club Bournemouth
[3840151] Failed to scrape lineup: https://www.transfermarkt.co.uk/clermont-foot-63_fc-nantes/index/spielbericht/3840151
[4113076] Failed to scrape lineup: https://www.transfermarkt.co.uk/real-betis-balompie_ud-las-palmas/index/spielbericht/4113076
[4420828] Failed to scrape lineup: https://www.transfermarkt.co.uk/spielbericht/index/spielbericht/4420828
[3700902] Failed to scrape lineup: https://www.transfermarkt.co.uk/spielbericht/index/spielbericht/3700902
[3496476] Failed to scrape lineup: https://www.transfermarkt.co.uk/spielbericht/index/spielbericht/3496476
[3602189] Failed to scrape lineup: https://www.transfermarkt.co.uk/dynamo-kyiv_nk-veres-rivne/index/spielbericht/3602189
[4358860] Could not find attributes for balsa popovic (Omladinski fudbalski klub Beograd, 2024)
[4635047] Could not find attributes for ally samatta (Le Havre Athletic Club, 2025)
[4445525] Could not find attributes for fedor lapoukhov (Dinamo Minsk, 2024)
[4635047] Failed to build match row: Le Havre Athletic Club vs Football Club Lorient-Bretagne Sud
[4096208] Could not find attributes for tim kleindienst (1. Fußballclub Heidenheim 1846, 2023)
bericht/4103633
[4221299] Failed to scrape lineup: https://www.transfermarkt.co.uk/spielbericht/index/spielbericht/4221299
[3413135] Failed to scrape lineup: https://www.transfermarkt.co.uk/bayern-munich_sc-freiburg/index/spielbericht/3413135
[4358860] Failed to build match row: Omladinski fudbalski klub Beograd vs Železničar Pančevo
[4445525] Failed to build match row: Dinamo Minsk vs Football Club København
[4096208] Failed to build match row: Verein für Bewegungsspiele Stuttgart 1893 vs 1. Fußballclub Heidenheim 1846
4787644
[4094633] Could not find attributes for bertug yildirim (Rennes, 2023)
[4094633] Failed to build match row: Rennes vs Football Club de Nantes
[3989540] Failed to scrape lineup: https://www.transfermarkt.co.uk/spielbericht/index/spielbericht/3989540
[4129562] Failed to scrape lineup: https://www.transfermarkt.co.uk/konyaspor_sivasspor/index/spielbericht/4129562
[3889119] Failed to scrape lineup: https://www.transfermarkt.co.uk/panetolikos-gfs_pas-giannina/index/spielbericht/3889119
[3916138] Could not find attributes for ilya sukhoruchenko (Dinamo Bryansk, 2022)
[3916138] Failed to build match row: Dinamo Bryansk vs Strogino Moscow
[4582340] Could not find attributes for ze marcos (Esporte Clube Vitória, 2024)
[4582340] Failed to build match row: Esporte Clube Vitória vs Sport Club Corinthians Paulista
[4726142] Failed to scrape lineup: https://www.transfermarkt.co.uk/sport-club-do-recife_esporte-clube-vitoria/index/spielbericht/4726142
[4374262] Failed to scrape lineup: https://www.transfermarkt.co.uk/bologna-fc-1909_juventus-fc/index/spielbericht/4374262
[4624662] Failed to scrape lineup: https://www.transfermarkt.co.uk/fk-mlada-boleslav_fc-zlin/index/spielbericht/4624662
11.
[3432006] Failed to build match row: Vitória Sport Clube vs FC Paços de Ferreira
[3644962] Failed to scrape lineup: https://www.transfermarkt.co.uk/spielbericht/index/spielbericht/3644962
[4808275] Failed to scrape lineup: https://www.transfermarkt.co.uk/cf-america_fc-juarez/index/spielbericht/4808275
[4664979] Could not find attributes for nikola sipcic (A.G.S Asteras Tripolis, 2025)
[4664979] Failed to build match row: A.G.S Asteras Tripolis vs Athlitiki Enosi Larisas

Keepers & outfield error for **Football Club Lorient-Bretagne Sud** in Football Club Lorient-Bretagne Sud vs Rennes: Numbers: 0 and 11.
[3840152] Failed to build match row: Football Club Lorient-Bretagne Sud vs Rennes
[3614858] Could not find attributes for giorgio scalvini (Atalanta Bergamasca Calcio S.p.a., 2021)
[3614858] Failed to build match row: Atalanta Bergamasca Calcio S.p.a. vs Verona Hellas Football Club
[3446610] Could not find attributes for jeppe algaard (Odense KS, 2020)
[3446610] Failed to build match row: Odense KS vs VSK Aarhus
[4096209] Could not find attributes for anthony losilla (VfL Bochum, 2023)
[4096209] Failed to build match row: VfL Bochum vs SV Darmstadt 98
[3989541] Could not find attributes for ernestas juskevicius (Linares Deportivo, 2022)
[3989541] Failed to build match row: Linares Deportivo vs Sevilla Fútbol Club S.A.D.
[3602190] Could not find attributes for denys sydorenko (TOV FK Metalist 1925 Kharkiv, 2021)
[3602190] Failed to build match row: TOV FK Metalist 1925 Kharkiv vs Chornomorets Odesa
[4582341] Could not find attributes for mandaca (Esporte Clube Juventude, 2024)
[4582341] Failed to build match row: Esporte Clube Juventude vs Fortaleza Esporte Clube
[3889120] Could not find attributes for sergio araujo (Athlitiki Enosi Konstantinoupoleos, 2022)
[3889120] Failed to build match row: Athlitiki Enosi Konstantinoupoleos vs Aris Thessalonikis
[3432007] Could not find attributes for srdjan babic (Futebol Clube de Famalicão, 2020)
[3432007] Failed to build match row: Futebol Clube de Famalicão vs Futebol Clube do Porto
[4113077] Could not find attributes for chris ramos (Cádiz CF, 2023)
[4358861] Could not find attributes for matija gocmanac (Fudbalski Klub Vojvodina, 2024)
[4624663] Could not find attributes for milan heca (1. FC Slovácko, 2025)
[4358861] Failed to build match row: Fudbalski Klub Vojvodina vs Fudbalski Klub IMT Novi Beograd
[4624663] Failed to build match row: 1. FC Slovácko vs FC Viktoria Plzeň, a.s.
[4787645] Could not find attributes for mirlind kryeziu (Fussballclub Winterthur, 2025)
[4787645] Failed to build match row: Fussballclub Winterthur vs FC Thun
[4445526] Could not find attributes for fedor lapoukhov (Dinamo Minsk, 2024)
[4445526] Failed to build match row: Dinamo Minsk vs Heart of Midlothian Football Club
[4648831] Failed to scrape lineup: https://www.transfermarkt.co.uk/vitoria-guimaraes-sc_cd-nacional/index/spielbericht/4648831
[3700903] Failed to scrape lineup: https://www.transfermarkt.co.uk/spielbericht/index/spielbericht/3700903
[4513996] Could not find attributes for ilay feingold (New England Revolution, 2024)
[4513996] Failed to build match row: New England Revolution vs Columbus Crew
[3496477] Failed to scrape lineup: https://www.transfermarkt.co.uk/spielbericht/index/spielbericht/3496477
[4096210] Could not find attributes for tim kleindienst (1. Fußballclub Heidenheim 1846, 2023)
[4096210] Failed to build match row: 1. Fußballclub Heidenheim 1846 vs FC Bayern München

Keepers & outfield error for **Manchester United Football Club** in Arsenal Football Club vs Manchester United Football Club: Numbers: 3 and 8.
[3592170] Failed to build match row: Arsenal Football Club vs Manchester United Football Club
[4706156] Could not find attributes for mikel villanueva (Al-Fayha FC, 2025)
[4706156] Failed to build match row: Al-Fayha FC vs Al-Taawoun Football Club
[3457499] Could not find attributes for kamil grabara (Aarhus Gymnastik Forening, 2020)
[3457499] Failed to build match row: Aarhus Gymnastik Forening vs Randers Fodbold Club
[4808276] Could not find attributes for stiven barreiro (Club León Fútbol Club, 2025)
[4808276] Failed to build match row: Club Deportivo Guadalajara S. A. de C. V. vs Club León Fútbol Club
[3851230] Could not find attributes for gyrano kerk (Royal Antwerp Football Club, 2022)
[3851230] Failed to build match row: RFC Seraing vs Royal Antwerp Football Club
[4129563] Failed to scrape lineup: https://www.transfermarkt.co.uk/hatayspor_gaziantep-fk/index/spielbericht/4129563
[4664980] Failed to scrape lineup: https://www.transfermarkt.co.uk/atromitos-athens_aris-thessaloniki/index/spielbericht/4664980

Keepers & outfield error for **Alaves** in Alaves vs Real Valladolid CF: Numbers: 2 and 9.
[4366709] Could not find attributes for antonio djakovic (HNK Sibenik, 2024)
[3989542] Failed to build match row: Alaves vs Real Valladolid CF
[4635048] Could not find attributes for fode ballo toure (Football Club de Metz, 2025)
[4366709] Failed to build match row: GNK Dinamo Zagreb vs HNK Sibenik
[4726143] Could not find attributes for everaldo (Fluminense Football Club, 2024)
[4635048] Failed to build match row: Association sportive de Monaco Football Club vs Football Club de Metz
[3840153] Could not find attributes for leny yoro (Lille Olympique Sporting Club, 2022)
[3840153] Failed to build match row: Olympique Gymnaste Club Nice Côte d'Azur vs Lille Olympique Sporting Club
[4726143] Failed to build match row: Fluminense Football Club vs São Paulo Futebol Clube
[4582342] Could not find attributes for lucas halter (Esporte Clube Vitória, 2024)
[3457500] Could not find attributes for victor mpindi (Sønderjyske Fodbold, 2020)
[3424025] Could not find attributes for ziga frelih (NK Olimpija Ljubljana, 2020)
[4582342] Failed to build match row: Esporte Clube Vitória vs Sport Club Internacional
[3424025] Failed to build match row: NK Olimpija Ljubljana vs Víkingur Reykjavík
[4624664] Could not find attributes for luka kharatishvili (FK Pardubice, 2025)
[3610375] Failed to scrape lineup: https://www.transfermarkt.co.uk/levante-ud_elche-cf/index/spielbericht/3610375
[3457500] Failed to build match row: Sønderjyske Fodbold vs AC Horsens
[4706157] Could not find attributes for bilal boutobba (Al-Najma Sport Club, 2025)
[3413137] Failed to scrape lineup: https://www.transfermarkt.co.uk/tsg-1899-hoffenheim_arminia-bielefeld/index/spielbericht/3413137
[4624664] Failed to build match row: FK Pardubice vs FC Hradec Králové a.s.
[4706157] Failed to build match row: Al-Najma Sport Club vs Al-Ahli Saudi Football Club
[4374264] Failed to scrape lineup: https://www.transfermarkt.co.uk/fc-empoli_ss-lazio/index/spielbericht/4374264
[4808277] Could not find attributes for facundo almada (Mazatlán Futbol Club, 2025)
[4358862] Could not find attributes for mihailo bogicevic (Fudbalski Klub Spartak Ždrepčeva krv, 2024)
[4808277] Failed to build match row: Mazatlán Futbol Club vs Club León Fútbol Club
[4358862] Failed to build match row: Fudbalski Klub Spartak Ždrepčeva krv vs Fudbalski Klub Radnički Niš
[4646066] Could not find attributes for oleksandr saputin (FC Zorya Lugansk, 2025)
[4529423] Could not find attributes for guillermo acosta (Club Atlético Tucumán, 2024)
[4370119] Failed to scrape lineup: https://www.transfermarkt.co.uk/krc-genk_cercle-brugge/index/spielbericht/4370119
[4646066] Failed to build match row: FC Shakhtar Donetsk vs FC Zorya Lugansk
[4787646] Could not find attributes for luka mikulic (Grasshopper Club Zürich, 2025)
[4787646] Failed to build match row: Grasshopper Club Zürich vs FC Zürich
[4529423] Failed to build match row: Club Atlético Tucumán vs Club Atlético Vélez Sársfield
[4641399] Failed to scrape lineup: https://www.transfermarkt.co.uk/spielbericht/index/spielbericht/4641399
[3645038] Could not find attributes for ognjen cancarevic (Alashkert Yerevan FC, 2021)
[3645038] Failed to build match row: Rangers Football Club vs Alashkert Yerevan FC
[4366710] Could not find attributes for bozidar radosevic (HNK Gorica, 2024)
[4366710] Failed to build match row: HNK Gorica vs NK Osijek s.d.d.

Keepers & outfield error for **Associazione Sportiva Roma** in Associazione Sportiva Roma vs Unione Sportiva Cremonese S.p.A.: Numbers: 2 and 9.
[4221301] Failed to build match row: Associazione Sportiva Roma vs Unione Sportiva Cremonese S.p.A.
[4420829] Could not find attributes for igor nikic (FK Decic Tuzi, 2024)
[4420829] Failed to build match row: FK Decic Tuzi vs HJK Helsinki
[3869096] Failed to scrape lineup: https://www.transfermarkt.co.uk/sc-braga_fc-vizela/index/spielbericht/3869096
[3889121] Failed to scrape lineup: https://www.transfermarkt.co.uk/asteras-tripolis_panathinaikos-fc/index/spielbericht/3889121
[3916139] Could not find attributes for oleg novikov (FK Chelyabinsk, 2022)
[3424026] Could not find attributes for giorgi mamardashvili (FC Locomotive Tbilisi, 2020)
[3916139] Failed to build match row: FK Chelyabinsk vs FC Tyumen
[3424026] Failed to build match row: FC Locomotive Tbilisi vs U Craiova 1948 Club Sportiv SA
[3602191] Failed to scrape lineup: https://www.transfermarkt.co.uk/rukh-lviv_nk-veres-rivne/index/spielbericht/3602191
[4407543] Failed to build match row: Real Sociedad de Fútbol S.A.D. vs CD Leganés
[4582343] Could not find attributes for robert arboleda (São Paulo Futebol Clube, 2024)
[4582343] Failed to build match row: São Paulo Futebol Clube vs Esporte Clube Bahia
[3432008] Failed to scrape lineup: https://www.transfermarkt.co.uk/sc-braga_rio-ave-fc/index/spielbericht/3432008
[4362931] Could not find attributes for marley ake (Yverdon Sport FC, 2024)
[4362931] Failed to build match row: FC Basel 1893 AG vs Yverdon Sport FC

Keepers & outfield error for **Asociación de Fomento Deportivo Riestra Barrio Colón** in Asociación de Fomento Deportivo Riestra Barrio Colón vs Club Atlético River Plate: Numbers: 2 and 9.
[4370120] Could not find attributes for marko ilic (KV Kortrijk, 2024)
[3838005] Failed to scrape lineup: https://www.transfermarkt.co.uk/nottingham-forest_fulham-fc/index/spielbericht/3838005
[4370120] Failed to build match row: KV Kortrijk vs Royale Union Saint-Gilloise
[4529424] Failed to build match row: Asociación de Fomento Deportivo Riestra Barrio Colón vs Club Atlético River Plate
[4395137] Failed to scrape lineup: https://www.transfermarkt.co.uk/sepsi-osk-sf-gheorghe_afc-unirea-04-slobozia/index/spielbericht/4395137
[4445527] Failed to scrape lineup: https://www.transfermarkt.co.uk/spielbericht/index/spielbericht/4445527
[4648832] Failed to scrape lineup: https://www.transfermarkt.co.uk/rio-ave-fc_casa-pia-ac/index/spielbericht/4648832
[4626061] Failed to scrape lineup: https://www.transfermarkt.co.uk/crystal-palace_wolverhampton-wanderers/index/spielbericht/4626061
[4162630] Could not find attributes for vedran kjosevski (Struga Trim & Lum, 2023)
[3496478] Failed to scrape lineup: https://www.transfermarkt.co.uk/spielbericht/index/spielbericht/3496478
[4162630] Failed to build match row: Struga Trim & Lum vs Breidablik Kópavogur
[4096211] Failed to scrape lineup: https://www.transfermarkt.co.uk/sc-freiburg_rb-leipzig/index/spielbericht/4096211
[3592171] Failed to scrape lineup: https://www.transfermarkt.co.uk/brentford-fc_manchester-city/index/spielbericht/3592171
[3645039] Could not find attributes for ognjen cancarevic (Alashkert Yerevan FC, 2021)
[3645039] Failed to build match row: Alashkert Yerevan FC vs Rangers Football Club

Keepers & outfield error for **Paris Saint-Germain Football Club** in Paris Saint-Germain Football Club vs Stade Reims: Numbers: 2 and 9.
[3840155] Failed to build match row: Paris Saint-Germain Football Club vs Stade Reims
[3602192] Could not find attributes for yevgen past (SC Dnipro-1, 2021)
[3602192] Failed to build match row: SC Dnipro-1 vs FK Mariupol
[3424027] Could not find attributes for gustavo busatto (CSKA-Sofia, 2020)
[3614861] Failed to scrape lineup: https://www.transfermarkt.co.uk/juventus-fc_bologna-fc-1909/index/spielbericht/3614861
[3851231] Failed to scrape lineup: https://www.transfermarkt.co.uk/zulte-waregem_kaa-gent/index/spielbericht/3851231
[3424027] Failed to build match row: CSKA-Sofia vs Sirens FC
[4103634] Could not find attributes for kenan yildiz (Juventus Football Club, 2023)
[4513997] Could not find attributes for mohammed sofo (Red Bull New York, 2024)

Keepers & outfield error for **Paris Saint-Germain Football Club** in Olympique de Marseille vs Paris Saint-Germain Football Club: Numbers: 2 and 9.
[4787647] Could not find attributes for stefan bukinac (Berner Sport Club Young Boys, 2025)
[4513997] Failed to build match row: Red Bull New York vs Nashville SC
[4635050] Failed to build match row: Olympique de Marseille vs Paris Saint-Germain Football Club
[4787647] Failed to build match row: FC Sion vs Berner Sport Club Young Boys
[4103634] Failed to build match row: Frosinone Calcio vs Juventus Football Club
[4370121] Could not find attributes for loic mbe soh (Beerschot VA, 2024)
[4646067] Could not find attributes for viktor dolgyi (FC Oleksandriya, 2025)
[4370121] Failed to build match row: Beerschot VA vs Royal Charleroi Sporting Club
[3457502] Could not find attributes for svenn crone (Lyngby Boldklub, 2020)

Keepers & outfield error for **Leicester City** in Tottenham Hotspur Football Club vs Leicester City: Numbers: 0 and 11.

Keepers & outfield error for **Futebol Clube de Arouca** in Clube Desportivo de Tondela vs Futebol Clube de Arouca: Numbers: 2 and 9.
[4646067] Failed to build match row: FC Oleksandriya vs Epicentr Dunaivtsi

Keepers & outfield error for **Real Betis Balompié S.A.D.** in Sevilla Fútbol Club S.A.D. vs Real Betis Balompié S.A.D.: Numbers: 0 and 11.
[3457502] Failed to build match row: Lyngby Boldklub vs Fodbold Club Nordsjælland
[4648833] Failed to build match row: Clube Desportivo de Tondela vs Futebol Clube de Arouca
[3610377] Failed to build match row: Sevilla Fútbol Club S.A.D. vs Real Betis Balompié S.A.D.
[4129564] Failed to scrape lineup: https://www.transfermarkt.co.uk/pendikspor_antalyaspor/index/spielbericht/4129564
[3889122] Could not find attributes for boris kleyman (Volou Neos Podosferikos Syllogos, 2022)
[3889122] Failed to build match row: Volou Neos Podosferikos Syllogos vs Panetolikos Agrinio
[4094636] Failed to scrape lineup: https://www.transfermarkt.co.uk/as-monaco_olympique-marseille/index/spielbericht/4094636
[3588180] Failed to scrape lineup: https://www.transfermarkt.co.uk/sc-freiburg_1-fc-koln/index/spielbericht/3588180

Keepers & outfield error for **Futebol Clube de Arouca** in Futebol Clube de Arouca vs Vitória Sport Clube: Numbers: 2 and 9.
[3869097] Failed to build match row: Futebol Clube de Arouca vs Vitória Sport Clube

Keepers & outfield error for **Real Betis Balompié S.A.D.** in Athletic Club Bilbao vs Real Betis Balompié S.A.D.: Numbers: 0 and 11.
[4366712] Failed to scrape lineup: https://www.transfermarkt.co.uk/hnk-hajduk-split_nk-varazdin/index/spielbericht/4366712
[4664981] Could not find attributes for jakub pokorny (Athlitiki Enosi Kifisias, 2025)
[4374265] Failed to scrape lineup: https://www.transfermarkt.co.uk/genoa-cfc_ac-milan/index/spielbericht/4374265
78
[4407545] Failed to scrape lineup: https://www.transfermarkt.co.uk/real-madrid_valencia-cf/index/spielbericht/4407545
[4664981] Failed to build match row: Athlitiki Enosi Kifisias vs Panathinaikos Athlitikos Omilos
[4113080] Failed to build match row: Athletic Club Bilbao vs Real Betis Balompié S.A.D.
[4221302] Failed to scrape lineup: https://www.transfermarkt.co.uk/spielbericht/index/spielbericht/4221302
[4646068] Could not find attributes for nazar domchak (FK Karpaty Lviv, 2025)
[3889123] Failed to scrape lineup: https://www.transfermarkt.co.uk/olympiacos-piraeus_ofi-crete-fc/index/spielbericht/3889123
[4646068] Failed to build match row: FK Karpaty Lviv vs FC Rukh Lviv
[3989543] Failed to scrape lineup: https://www.transfermarkt.co.uk/spielbericht/index/spielbericht/3989543
[4420830] Failed to scrape lineup: https://www.transfermarkt.co.uk/spielbericht/index/spielbericht/4420830
[4445529] Could not find attributes for cezary polak (Jagiellonia-Bialystok Sportowa Spólka Akcyjna, 2024)
[4445529] Failed to build match row: Jagiellonia-Bialystok Sportowa Spólka Akcyjna vs NK Olimpija Ljubljana
[3588181] Failed to scrape lineup: https://www.transfermarkt.co.uk/tsg-1899-hoffenheim_1-fsv-mainz-05/index/spielbericht/3588181
[4395139] Failed to scrape lineup: https://www.transfermarkt.co.uk/cfr-cluj_fc-botosani/index/spielbericht/4395139

Keepers & outfield error for **Turn- und Sportgemeinschaft 1899 Hoffenheim Fußball-Spielbetriebs** in Molde Fotballklubb vs Turn- und Sportgemeinschaft 1899 Hoffenheim Fußball-Spielbetriebs: Numbers: 2 and 9.
[3496479] Failed to build match row: Molde Fotballklubb vs Turn- und Sportgemeinschaft 1899 Hoffenheim Fußball-Spielbetriebs
[4370122] Could not find attributes for rob schoofs (Yellow-Red Koninklijke Voetbalclub Mechelen, 2024)
[4370122] Failed to build match row: Yellow-Red Koninklijke Voetbalclub Mechelen vs Koninklijke Atletiek Associatie Gent
[4726144] Could not find attributes for philippe coutinho (Club de Regatas Vasco da Gama, 2024)
[3413139] Failed to scrape lineup: https://www.transfermarkt.co.uk/eintracht-frankfurt_fc-schalke-04/index/spielbericht/3413139
[4726144] Failed to build match row: Club de Regatas Vasco da Gama vs Sport Club Internacional
[3916141] Failed to scrape lineup: https://www.transfermarkt.co.uk/spielbericht/index/spielbericht/3916141

Keepers & outfield error for **Wolverhampton Wanderers Football Club** in Wolverhampton Wanderers Football Club vs Manchester City Football Club: Numbers: 0 and 11.
[3838007] Failed to build match row: Wolverhampton Wanderers Football Club vs Manchester City Football Club
[3457503] Could not find attributes for alexander brunst (Vejle Boldklub, 2020)
[3457503] Failed to build match row: Vejle Boldklub vs Aalborg BK
[4358864] Failed to scrape lineup: https://www.transfermarkt.co.uk/fc-nordsjaelland_aalborg-bk/index/spielbericht/4358864
[3700904] Could not find attributes for abel suarez (CD Ebro, 2021)
[3700904] Failed to build match row: CD Ebro vs Celta

Keepers & outfield error for **Football Club Internazionale Milano S.p.A.** in Football Club Internazionale Milano S.p.A. vs Verona Hellas Football Club: Numbers: 0 and 11.
[4374266] Failed to build match row: Football Club Internazionale Milano S.p.A. vs Verona Hellas Football Club
[4222025] Could not find attributes for lubambo musonda (Silkeborg Idrætsforening, 2023)
[4222025] Failed to build match row: Football Club København vs Silkeborg Idrætsforening
[4626062] Failed to scrape lineup: https://www.transfermarkt.co.uk/everton-fc_manchester-united/index/spielbericht/4626062
[3645040] Failed to scrape lineup: https://www.transfermarkt.co.uk/spielbericht/index/spielbericht/3645040
[3592172] Failed to scrape lineup: https://www.transfermarkt.co.uk/everton-fc_brentford-fc/index/spielbericht/3592172
[4641415] Failed to scrape lineup: https://www.transfermarkt.co.uk/sc-telstar_pec-zwolle/index/spielbericht/4641415
[4648834] Could not find attributes for joao moutinho (Sporting Clube de Braga, 2025)

Keepers & outfield error for **Club Atlético de Madrid S.A.D.** in Real Oviedo S.A.D. vs Club Atlético de Madrid S.A.D.: Numbers: 2 and 9.
[4648834] Failed to build match row: Club Football Estrela da Amadora vs Sporting Clube de Braga
[3989544] Failed to build match row: Real Oviedo S.A.D. vs Club Atlético de Madrid S.A.D.
[4808279] Could not find attributes for oussama idrissi (Promotora del Club Pachuca S. A. de C. V., 2025)
[4808279] Failed to build match row: Promotora del Club Pachuca S. A. de C. V. vs Club de Futbol Puebla de La Franja
[3851233] Could not find attributes for joao silva (KV Kortrijk, 2022)

Keepers & outfield error for **Eintracht Frankfurt Fußball AG** in Eintracht Frankfurt Fußball AG vs Sportverein Werder Bremen von 1899: Numbers: 2 and 9.
[3851233] Failed to build match row: Koninklijke Voetbal Club Westerlo vs KV Kortrijk
[4096214] Failed to build match row: Eintracht Frankfurt Fußball AG vs Sportverein Werder Bremen von 1899
[3602193] Failed to scrape lineup: https://www.transfermarkt.co.uk/desna-chernigiv_ingulets-petrove/index/spielbericht/3602193
[3413140] Could not find attributes for taiwo awoniyi (1. Fußballclub Union Berlin, 2020)
[3413140] Failed to build match row: 1. Fußballclub Union Berlin vs Bayer 04 Leverkusen Fußball
[4646069] Could not find attributes for valentyn gorokh (NK Veres Rivne, 2025)
[4646069] Failed to build match row: NK Veres Rivne vs FC Zorya Lugansk
[3610378] Could not find attributes for bebe (Rayo Vallecano de Madrid S. A. D., 2021)
[3610378] Failed to build match row: Rayo Vallecano de Madrid S. A. D. vs Real Madrid Club de Fútbol

Keepers & outfield error for **Granada CF** in Granada CF vs Società Sportiva Calcio Napoli: Numbers: 0 and 11.
[3496480] Failed to build match row: Granada CF vs Società Sportiva Calcio Napoli
[3432009] Could not find attributes for felipe pires (Moreirense Futebol Clube, 2020)
[3432009] Failed to build match row: Moreirense Futebol Clube vs FC Paços de Ferreira

Keepers & outfield error for **Gil Vicente Futebol Clube** in Gil Vicente Futebol Clube vs Grupo Desportivo Estoril Praia: Numbers: 0 and 11.
[3869098] Failed to build match row: Gil Vicente Futebol Clube vs Grupo Desportivo Estoril Praia
[3457504] Could not find attributes for kamil grabara (Aarhus Gymnastik Forening, 2020)
[3457504] Failed to build match row: Brøndby Idrætsforening vs Aarhus Gymnastik Forening
[4370123] Could not find attributes for isa sakamoto (Koninklijke Voetbal Club Westerlo, 2024)
[4129565] Could not find attributes for yasin ozcan (Kasımpaşa A.Ş., 2023)
[4370123] Failed to build match row: Koninklijke Voetbal Club Westerlo vs Royal Standard Club de Liège
[4362933] Failed to scrape lineup: https://www.transfermarkt.co.uk/fc-sion_fc-basel-1893/index/spielbericht/4362933

Keepers & outfield error for **Associazione Sportiva Roma** in Trabzonspor Kulübü vs Associazione Sportiva Roma: Numbers: 0 and 11.
[4664982] Could not find attributes for panagiotis liagas (APO Levadiakos Football Club, 2025)
[4445530] Could not find attributes for silviu smalenea (FC Petrocub Hincesti, 2024)
[4129565] Failed to build match row: Kasımpaşa A.Ş. vs İstanbul Başakşehir Futbol Kulübü
[3424029] Could not find attributes for stanislav namasco (FK Inter Baku, 2020)
[3645041] Failed to build match row: Trabzonspor Kulübü vs Associazione Sportiva Roma
[4445530] Failed to build match row: Jagiellonia-Bialystok Sportowa Spólka Akcyjna vs FC Petrocub Hincesti
[4664982] Failed to build match row: APO Levadiakos Football Club vs Athlitiki Enosi Konstantinoupoleos
[4726145] Could not find attributes for raniele (Sport Club Corinthians Paulista, 2024)
[4726145] Failed to build match row: Sport Club Corinthians Paulista vs S. A. F. Botafogo
[4529439] Could not find attributes for gino olguin (CA San Martín (San Juan), 2024)
[3446614] Could not find attributes for lukas olesen (Slagelse B&I, 2020)
[4529439] Failed to build match row: CA San Martín (San Juan) vs Club Atlético Talleres
[3446614] Failed to build match row: Slagelse B&I vs Skovshoved IF
[4407547] Could not find attributes for matija nastasic (CD Leganés, 2024)
[4420832] Could not find attributes for danylo kucher (FC Ararat-Armenia, 2024)
[4395142] Failed to scrape lineup: https://www.transfermarkt.co.uk/fc-dinamo-1948_universitatea-craiova/index/spielbericht/4395142
[4407547] Failed to build match row: CD Leganés vs Club Atlético Osasuna
[4420832] Failed to build match row: FC Ararat-Armenia vs Puskás Akadémia FC
[4103636] Failed to scrape lineup: https://www.transfermarkt.co.uk/inter-milan_us-lecce/index/spielbericht/4103636
[3413141] Could not find attributes for sava arangel cestic (1. Fußball-Club Köln, 2020)
[3413141] Failed to build match row: 1. Fußball-Club Köln vs Hertha BSC
[3840158] Failed to scrape lineup: https://www.transfermarkt.co.uk/estac-troyes_rc-lens/index/spielbericht/3840158
[3889124] Could not find attributes for giannis kargas (Panthessalonikios Athlitikos Omilos Konstantinoupoliton, 2022)
[3602194] Could not find attributes for dmytro riznyk (Vorskla Poltava, 2021)
[4648835] Could not find attributes for ferro (Grupo Desportivo Estoril Praia, 2025)
[3838008] Failed to scrape lineup: https://www.transfermarkt.co.uk/afc-bournemouth_brentford-fc/index/spielbericht/3838008
[3889124] Failed to build match row: Panthessalonikios Athlitikos Omilos Konstantinoupoliton vs APO Levadiakos Football Club
[3602194] Failed to build match row: Vorskla Poltava vs PFK Lviv
[4808280] Could not find attributes for andres gudino (Club de Fútbol Cruz Azul S.A. de C.V., 2025)
[4808280] Failed to build match row: Club de Fútbol Cruz Azul S.A. de C.V. vs Club Atlético de San Luis
[4582345] Could not find attributes for aderlan (Sport Club do Recife, 2024)

Keepers & outfield error for **Villarreal Club de Fútbol S.A.D.** in FC Cartagena vs Villarreal Club de Fútbol S.A.D.: Numbers: 2 and 9.
[3614863] Failed to scrape lineup: https://www.transfermarkt.co.uk/ac-milan_genoa-cfc/index/spielbericht/3614863
[4582345] Failed to build match row: Sport Club do Recife vs Mirasol Futebol Clube
[3700905] Failed to scrape lineup: https://www.transfermarkt.co.uk/spielbericht/index/spielbericht/3700905
[3989545] Failed to build match row: FC Cartagena vs Villarreal Club de Fútbol S.A.D.
[4222026] Could not find attributes for conrad harder (Fodbold Club Nordsjælland, 2023)
[4222026] Failed to build match row: Fodbold Club Nordsjælland vs Akademisk Boldklub

Keepers & outfield error for **Futebol Clube do Porto** in Portimonense SC vs Futebol Clube do Porto: Numbers: 0 and 11.
[3869099] Failed to build match row: Portimonense SC vs Futebol Clube do Porto
[4641417] Could not find attributes for mike van duinen (Excelsior Rotterdam, 2025)
[4162631] Could not find attributes for niki maenpaa (HJK Helsinki, 2023)
[4641417] Failed to build match row: Excelsior Rotterdam vs Feyenoord Rotterdam
[4162631] Failed to build match row: F.C.V. Farul Constanța SA vs HJK Helsinki
[4362934] Could not find attributes for marley ake (Yverdon Sport FC, 2024)

Keepers & outfield error for **Associazione Sportiva Roma** in Associazione Sportiva Roma vs Trabzonspor Kulübü: Numbers: 0 and 11.
[4726146] Could not find attributes for adonis frias (Santos Futebol Clube, 2024)
[4624665] Could not find attributes for jakub lapes (MFK Karvina, 2025)
[4362934] Failed to build match row: Yverdon Sport FC vs Grasshopper Club Zürich
[3645042] Failed to build match row: Associazione Sportiva Roma vs Trabzonspor Kulübü
[4624665] Failed to build match row: MFK Karvina vs FC Baník Ostrava a.s.
[4706158] Could not find attributes for karl toko ekambi (Al-Fateh Club, 2025)
[4726146] Failed to build match row: Santos Futebol Clube vs Sport Club do Recife
[4706158] Failed to build match row: Al-Fateh Club vs Al-Ettifaq Football Club
[4445531] Could not find attributes for renato steffen (FC Lugano, 2024)
[4648836] Failed to scrape lineup: https://www.transfermarkt.co.uk/vitoria-guimaraes-sc_fc-alverca/index/spielbericht/4648836
[4635054] Could not find attributes for tylel tati (Football Club de Nantes, 2025)
[4445531] Failed to build match row: FC Lugano vs Koninklijke Atletiek Associatie Gent
[3588183] Could not find attributes for jetro willems (SpVgg Greuther Fürth, 2021)
[4635054] Failed to build match row: Toulouse Football Club vs Football Club de Nantes
[3588183] Failed to build match row: SpVgg Greuther Fürth vs Verein für Leibesübungen Wolfsburg
[3413142] Could not find attributes for omer toprak (Sportverein Werder Bremen von 1899, 2020)
[3413142] Failed to build match row: Sportverein Werder Bremen von 1899 vs Fußball-Club Augsburg 1907
[4582346] Could not find attributes for matheus alexandre (Sport Club do Recife, 2024)
[4582346] Failed to build match row: Sport Club do Recife vs Esporte Clube Juventude

Keepers & outfield error for **Villarreal Club de Fútbol S.A.D.** in Villarreal Club de Fútbol S.A.D. vs Athletic Club Bilbao: Numbers: 0 and 11.
[4407548] Failed to build match row: Villarreal Club de Fútbol S.A.D. vs Athletic Club Bilbao
[4420833] Could not find attributes for bruno varela (Vitória Sport Clube, 2024)
[3457505] Could not find attributes for japhet sery larsen (Fodbold Club Midtjylland, 2020)
[4420833] Failed to build match row: FC Zürich vs Vitória Sport Clube
[3457505] Failed to build match row: Fodbold Club Midtjylland vs Vejle Boldklub
[4370124] Could not find attributes for simen juklerod (St Truiden, 2024)
[4366714] Could not find attributes for zvonimir subaric (NK Lokomotiva Zagreb, 2024)
[4370124] Failed to build match row: FC Verbroedering Denderhoutem Denderleeuw Eendracht Hekelgem vs St Truiden
[4366714] Failed to build match row: NK Lokomotiva Zagreb vs HNK Sibenik
[4529440] Could not find attributes for guillermo acosta (Club Atlético Tucumán, 2024)
[4529440] Failed to build match row: Club Atlético Tucumán vs Club Atlético Sarmiento
[4129566] Could not find attributes for ali kaan guneren (MKE Ankaragücü, 2023)
[4646070] Could not find attributes for valeriy voskonyan (SK Poltava, 2025)
[4096215] Could not find attributes for max finkgrafe (1. Fußball-Club Köln, 2023)
[3916142] Could not find attributes for nikolay zirikov (Dinamo St. Petersburg, 2022)
[4646070] Failed to build match row: SK Poltava vs FK Kolos Kovalivka
[4664983] Could not find attributes for francisco tinaglini (Panserraikos Serres, 2025)
[4096215] Failed to build match row: 1. Fußball-Club Köln vs VfL Bochum
[3916142] Failed to build match row: Dinamo St. Petersburg vs FC Leningradets
[4129566] Failed to build match row: Alanyaspor vs MKE Ankaragücü

Keepers & outfield error for **Clube Desportivo Nacional** in Clube Desportivo Nacional vs Clube Desportivo de Tondela: Numbers: 0 and 11.

Keepers & outfield error for **AC Monza** in AC Monza vs Atalanta Bergamasca Calcio S.p.a.: Numbers: 0 and 11.
[3432010] Failed to build match row: Clube Desportivo Nacional vs Clube Desportivo de Tondela
[3602195] Could not find attributes for danylo kucher (FC Minaj, 2021)
[4664983] Failed to build match row: Olympiakos Syndesmos Filathlon Peiraios vs Panserraikos Serres
[4374268] Failed to build match row: AC Monza vs Atalanta Bergamasca Calcio S.p.a.
[3602195] Failed to build match row: FC Minaj vs FK Kolos Kovalivka

Keepers & outfield error for **FC Paços de Ferreira** in FC Paços de Ferreira vs Vitória Sport Clube: Numbers: 0 and 11.
[4787648] Failed to scrape lineup: https://www.transfermarkt.co.uk/fc-lugano_fc-lausanne-sport/index/spielbericht/4787648
[4445532] Could not find attributes for renato steffen (FC Lugano, 2024)
[3869100] Failed to build match row: FC Paços de Ferreira vs Vitória Sport Clube
[4445532] Failed to build match row: FC Lugano vs HJK Helsinki

Keepers & outfield error for **Futebol Clube do Porto** in Futebol Clube do Porto vs Futebol Clube de Arouca: Numbers: 0 and 11.
[4113083] Failed to build match row: Granada CF vs Real Club Deportivo Mallorca S.A.D.
[4648837] Failed to build match row: Futebol Clube do Porto vs Futebol Clube de Arouca
[4395143] Could not find attributes for florin tanase (SC Fotbal Club FCSB SA, 2024)
[4395143] Failed to build match row: Asociația Fotbal Club Hermannstadt vs SC Fotbal Club FCSB SA
[4706159] Could not find attributes for anthony moris (Al-Khaleej Club (Saihat), 2025)
[3614864] Could not find attributes for nicola zalewski (Associazione Sportiva Roma, 2021)
[3645050] Could not find attributes for edvinas gertmonas (FK Zalgiris Vilnius, 2021)
[4706159] Failed to build match row: Neom Sports Club vs Al-Khaleej Club (Saihat)
[3645050] Failed to build match row: FK Zalgiris Vilnius vs Fotballklubben Bodø/Glimt
[3614864] Failed to build match row: Società Sportiva Calcio Napoli vs Associazione Sportiva Roma
[4726147] Could not find attributes for lucas barbosa (Red Bull Bragantino, 2024)
[4726147] Failed to build match row: Red Bull Bragantino vs Fortaleza Esporte Clube
[4370125] Could not find attributes for franjo ivanovic (Royale Union Saint-Gilloise, 2024)
[4370125] Failed to build match row: Royale Union Saint-Gilloise vs Yellow-Red Koninklijke Voetbalclub Mechelen
[4582347] Could not find attributes for lucas halter (Esporte Clube Vitória, 2024)

Keepers & outfield error for **Club Atlético Central Córdoba** in Club Atlético Central Córdoba vs Club Atlético Newell’s Old Boys: Numbers: 2 and 9.
[4529443] Failed to build match row: Club Atlético Central Córdoba vs Club Atlético Newell’s Old Boys
[3446615] Could not find attributes for nichlas vesterbaek (Alleröd FK, 2020)
[3446615] Failed to build match row: Alleröd FK vs Akademisk Boldklub
[3889125] Could not find attributes for gerasimos bakadimas (PAS Giannina, 2022)
[4664984] Could not find attributes for kresimir krizmanic (Omilos Filathlon Irakliou FC, 2025)
[3889125] Failed to build match row: PAS Giannina vs APS Atromitos Athinon
[4664984] Failed to build match row: Omilos Filathlon Irakliou FC vs Panthessalonikios Athlitikos Omilos Konstantinoupoliton
[4420834] Could not find attributes for akos kinyik (Paksi FC, 2024)
[4420834] Failed to build match row: Paksi FC vs FK Mornar Bar
[4808281] Could not find attributes for aldo rocha (Club de Futbol Rojinegros S.A. de C.V., 2025)
[4808281] Failed to build match row: Club de Futbol Rojinegros S.A. de C.V. vs Club Deportivo Guadalajara S. A. de C. V.
[4096216] Could not find attributes for tim drexler (Turn- und Sportgemeinschaft 1899 Hoffenheim Fußball-Spielbetriebs, 2023)
[4096216] Failed to build match row: Turn- und Sportgemeinschaft 1899 Hoffenheim Fußball-Spielbetriebs vs Fußball-Club Augsburg 1907
[4626066] Could not find attributes for joao palhinha (Tottenham Hotspur Football Club, 2025)

Keepers & outfield error for **Casa Pia Atlético Clube** in Casa Pia Atlético Clube vs FC Vizela: Numbers: 0 and 11.
[3869101] Failed to build match row: Casa Pia Atlético Clube vs FC Vizela
[4094640] Failed to scrape lineup: https://www.transfermarkt.co.uk/le-havre-ac_losc-lille/index/spielbericht/4094640
[3602196] Could not find attributes for oleg bilyk (FC Oleksandriya, 2021)
[3602196] Failed to build match row: FC Shakhtar Donetsk vs FC Oleksandriya

Keepers & outfield error for **Gil Vicente Futebol Clube** in Gil Vicente Futebol Clube vs CS Marítimo: Numbers: 0 and 11.
[3413143] Failed to scrape lineup: https://www.transfermarkt.co.uk/vfb-stuttgart_borussia-monchengladbach/index/spielbericht/3413143
[3432011] Failed to build match row: Gil Vicente Futebol Clube vs CS Marítimo
[4366715] Failed to scrape lineup: https://www.transfermarkt.co.uk/nk-varazdin_slaven-belupo-koprivnica/index/spielbericht/4366715
[3457506] Failed to scrape lineup: https://www.transfermarkt.co.uk/randers-fc_fc-copenhagen/index/spielbericht/3457506
[3840161] Failed to scrape lineup: https://www.transfermarkt.co.uk/fc-nantes_olympique-marseille/index/spielbericht/3840161
[4648838] Failed to scrape lineup: https://www.transfermarkt.co.uk/rio-ave-fc_fc-famalicao/index/spielbericht/4648838
[3851234] Could not find attributes for nathaniel opoku (Oud-Heverlee Leuven, 2022)
[4646071] Could not find attributes for danylo varakuta (TOV FK Metalist 1925 Kharkiv, 2025)
[3851234] Failed to build match row: Royal Charleroi Sporting Club vs Oud-Heverlee Leuven
[4646071] Failed to build match row: TOV FK Metalist 1925 Kharkiv vs LNZ Cherkasy
[4370126] Could not find attributes for loic mbe soh (Beerschot VA, 2024)
[4370126] Failed to build match row: Koninklijke Atletiek Associatie Gent vs Beerschot VA
[4362936] Could not find attributes for stefanos kapino (Fussballclub Winterthur, 2024)
[4362936] Failed to build match row: Fussballclub Winterthur vs Servette Football Club 1890 SA
[4726148] Failed to scrape lineup: https://www.transfermarkt.co.uk/clube-atletico-mineiro_cr-flamengo/index/spielbericht/4726148
[3889126] Failed to scrape lineup: https://www.transfermarkt.co.uk/pas-lamia-1964_ionikos-nikeas/index/spielbericht/3889126
[4664985] Failed to scrape lineup: https://www.transfermarkt.co.uk/panetolikos_volos-nfc/index/spielbericht/4664985

Keepers & outfield error for **US Salernitana 1919** in UC Sampdoria vs US Salernitana 1919: Numbers: 2 and 9.

Keepers & outfield error for **Club Tigres UANL Sinergia Deportiva S.A. de C.V.** in Club Tigres UANL Sinergia Deportiva S.A. de C.V. vs Club de Fútbol Monterrey Rayados A.C.: Numbers: 0 and 11.
[3614865] Failed to build match row: UC Sampdoria vs US Salernitana 1919
[4808282] Failed to build match row: Club Tigres UANL Sinergia Deportiva S.A. de C.V. vs Club de Fútbol Monterrey Rayados A.C.
[4445533] Could not find attributes for renato steffen (FC Lugano, 2024)

Keepers & outfield error for **Club Atlético Boca Juniors** in Racing Club Asociación Civil de Avellaneda vs Club Atlético Boca Juniors: Numbers: 0 and 11.
[4445533] Failed to build match row: FC Lugano vs Pafos FC
[4529447] Failed to build match row: Racing Club Asociación Civil de Avellaneda vs Club Atlético Boca Juniors
[3457507] Could not find attributes for victor torp (Lyngby Boldklub, 2020)
[3457507] Failed to build match row: AC Horsens vs Lyngby Boldklub
[3602197] Could not find attributes for mykyta shevchenko (FC Zorya Lugansk, 2021)
[3602197] Failed to build match row: FC Zorya Lugansk vs Futbolniy Klub Dynamo Kyiv

Keepers & outfield error for **Clube Desportivo Santa Clara** in Clube Desportivo Santa Clara vs Sporting Clube de Portugal: Numbers: 0 and 11.
[3869102] Failed to build match row: Clube Desportivo Santa Clara vs Sporting Clube de Portugal
[4582348] Could not find attributes for rafael ramos (Ceará Sporting Club, 2024)
[4582348] Failed to build match row: Ceará Sporting Club vs Esporte Clube Bahia
[4366716] Could not find attributes for lovro majkic (NK Istra 1961, 2024)
[4366716] Failed to build match row: NK Istra 1961 vs HNK Hajduk Split

Keepers & outfield error for **Association Football Club Bournemouth** in West Ham United Football Club vs Association Football Club Bournemouth: Numbers: 2 and 9.
[3610401] Could not find attributes for mikel vesga (Athletic Club Bilbao, 2021)
[4626067] Failed to build match row: West Ham United Football Club vs Association Football Club Bournemouth
[3610401] Failed to build match row: Athletic Club Bilbao vs Levante Unión Deportiva S.A.D.
[3645052] Could not find attributes for ariel harush (Hapoel Beer Sheva, 2021)
[3645052] Failed to build match row: Hapoel Beer Sheva vs Anorthosis Famagusta
[3446616] Could not find attributes for nicklas ullum (Aarhus Fremad, 2020)
[3446616] Failed to build match row: Aarhus Fremad vs Vendsyssel FF
[3889127] Could not find attributes for dimitrios chatziisaias (APS Atromitos Athinon, 2022)
[4420835] Could not find attributes for ebrima jarju (Paide Linnameeskond, 2024)
[3889127] Failed to build match row: APS Atromitos Athinon vs Athlitiki Enosi Konstantinoupoleos
[4420835] Failed to build match row: BK Häcken vs Paide Linnameeskond
[4222028] Could not find attributes for frederik mehder (Fodbold Club Fredericia, 2023)
[4222028] Failed to build match row: Fodbold Club Fredericia vs Lyngby Boldklub
[3496481] Could not find attributes for eitan tibi (Maccabi Tel Aviv, 2020)
[4358869] Could not find attributes for mihailo bogicevic (Fudbalski Klub Spartak Ždrepčeva krv, 2024)
[3496481] Failed to build match row: Maccabi Tel Aviv vs FC Shakhtar Donetsk
[4358869] Failed to build match row: Fudbalski Klub Spartak Ždrepčeva krv vs FK Jedinstvo Ub
[4664986] Could not find attributes for petros mantalos (Athlitiki Enosi Konstantinoupoleos, 2025)
[4664986] Failed to build match row: Athlitiki Enosi Konstantinoupoleos vs A.G.S Asteras Tripolis
[3851235] Could not find attributes for aleksandr filin (KAS Eupen, 2022)
[3851235] Failed to build match row: KAS Eupen vs KV Oostende

Keepers & outfield error for **Grêmio Foot-Ball Porto Alegrense** in Grêmio Foot-Ball Porto Alegrense vs Sociedade Esportiva Palmeiras: Numbers: 2 and 9.
[4726149] Failed to build match row: Grêmio Foot-Ball Porto Alegrense vs Sociedade Esportiva Palmeiras

Keepers & outfield error for **Genoa Cricket and Football Club** in Unione Sportiva Sassuolo Calcio vs Genoa Cricket and Football Club: Numbers: 0 and 11.
[4103640] Failed to build match row: Unione Sportiva Sassuolo Calcio vs Genoa Cricket and Football Club
[3840162] Could not find attributes for maximiliano caufriez (Clermont Foot 63, 2022)
[3840162] Failed to build match row: Lille Olympique Sporting Club vs Clermont Foot 63
[4366717] Could not find attributes for nikola cavlina (NK Osijek s.d.d., 2024)
[4366717] Failed to build match row: NK Osijek s.d.d. vs Hrvatski Nogometni Klub Rijeka
[3916143] Could not find attributes for aleksandr volkov (FC Murom, 2022)

Keepers & outfield error for **Al-Shabab Club** in Al-Shabab Club vs Damac Football Club: Numbers: 0 and 11.
[3916143] Failed to build match row: FC Murom vs Torpedo Vladimir
[4706161] Failed to build match row: Al-Shabab Club vs Damac Football Club
[3413144] Could not find attributes for sava arangel cestic (1. Fußball-Club Köln, 2020)
[3413144] Failed to build match row: Mönchengladbach vs 1. Fußball-Club Köln
[3602198] Could not find attributes for oleg kudryk (FK Mariupol, 2021)
[3602198] Failed to build match row: FK Mariupol vs Chornomorets Odesa
[4445534] Could not find attributes for ingvar jonsson (Víkingur Reykjavík, 2024)
[4445534] Failed to build match row: Víkingur Reykjavík vs Djurgårdens Idrottsförening
[3457508] Could not find attributes for victor mpindi (Sønderjyske Fodbold, 2020)
[4096217] Failed to scrape lineup: https://www.transfermarkt.co.uk/borussia-dortmund_vfb-stuttgart/index/spielbericht/4096217
[3869103] Could not find attributes for goncalo ramos (Sport Lisboa e Benfica, 2022)
-club-zurich/index/spielbericht/4787650
[3457508] Failed to build match row: Fodbold Club Nordsjælland vs Sønderjyske Fodbold
[3869103] Failed to build match row: Sport Lisboa e Benfica vs Rio Ave Futebol Clube
[4582349] Could not find attributes for aderlan (Sport Club do Recife, 2024)
[4582349] Failed to build match row: Sport Club do Recife vs Sport Club Corinthians Paulista
[4094641] Could not find attributes for jean kevin duverne (Football Club de Nantes, 2023)
[4094641] Failed to build match row: Racing Club de Strasbourg Alsace vs Football Club de Nantes
[4646072] Could not find attributes for anton yashkov (FK Kudrivka-1, 2025)
[4646072] Failed to build match row: FC Shakhtar Donetsk vs FK Kudrivka-1
[4726150] Could not find attributes for lucas halter (Esporte Clube Vitória, 2024)
[4726150] Failed to build match row: Esporte Clube Vitória vs Mirasol Futebol Clube
[3588193] Failed to scrape lineup: https://www.transfermarkt.co.uk/bayern-munich_vfl-bochum/index/spielbericht/3588193
[3645053] Could not find attributes for spyros risvanis (Anorthosis Famagusta, 2021)

Keepers & outfield error for **Real Betis Balompié S.A.D.** in Real Betis Balompié S.A.D. vs Club Atlético de Madrid S.A.D.: Numbers: 0 and 11.
[3645053] Failed to build match row: Anorthosis Famagusta vs Hapoel Beer Sheva
[3610402] Failed to build match row: Real Betis Balompié S.A.D. vs Club Atlético de Madrid S.A.D.
[4222029] Could not find attributes for lubambo musonda (Silkeborg Idrætsforening, 2023)
[4407551] Could not find attributes for tamas nikitscher (Real Valladolid CF, 2024)
[4222029] Failed to build match row: Silkeborg Idrætsforening vs Football Club København
[4358870] Could not find attributes for strahinja manojlovic (Fudbalski Klub Radnički Niš, 2024)
[4407551] Failed to build match row: Real Valladolid CF vs Getafe Club de Fútbol S. A. D. Team Dubai
[4358870] Failed to build match row: Fudbalski Klub Radnički Niš vs Fudbalski Klub Vojvodina
[4370127] Failed to scrape lineup: https://www.transfermarkt.co.uk/royal-antwerp-fc_kv-kortrijk/index/spielbericht/4370127

Keepers & outfield error for **Querétaro Fútbol Club** in Querétaro Fútbol Club vs Club de Futbol América S. A. de C. V.: Numbers: 0 and 11.
[4808283] Failed to build match row: Querétaro Fútbol Club vs Club de Futbol América S. A. de C. V.
[3889128] Could not find attributes for lefteris choutesiotis (Ionikos Nikeas, 2022)
[3889128] Failed to build match row: Ionikos Nikeas vs Aris Thessalonikis
[4664987] Could not find attributes for nikolaos melissas (Athlitiki Enosi Larisas, 2025)
[4664987] Failed to build match row: Athlitiki Enosi Larisas vs Athlitiki Enosi Kifisias
[4103641] Could not find attributes for sandi lovric (Udinese Calcio, 2023)
[4103641] Failed to build match row: Torino Calcio vs Udinese Calcio
[4726151] Could not find attributes for fernandinho (Ceará Sporting Club, 2024)
[4726151] Failed to build match row: Ceará Sporting Club vs Cruzeiro Esporte Clube
[4706162] Could not find attributes for Nacho Fernández (Al-Qadsiah Saudi Football Club, 2025)
[4706162] Failed to build match row: Al-Qadsiah Saudi Football Club vs Al-Okhdood Club
[3457509] Could not find attributes for pedro ferreira (Aalborg BK, 2020)
[3457509] Failed to build match row: Aalborg BK vs Odense Boldklub
[3700906] Could not find attributes for dani godoy (CF Panadería Pulido, 2021)
[3700906] Failed to build match row: CF Panadería Pulido vs Real Sociedad de Fútbol S.A.D.
[3645054] Could not find attributes for edvinas gertmonas (FK Zalgiris Vilnius, 2021)
[3645054] Failed to build match row: Fotballklubben Bodø/Glimt vs FK Zalgiris Vilnius
[4445535] Could not find attributes for ingvar jonsson (Víkingur Reykjavík, 2024)
[4445535] Failed to build match row: Víkingur Reykjavík vs Cercle Brugge Koninklijke Sportvereniging
[3840163] Could not find attributes for kiki kouyate (Montpellier HSC, 2022)
[3916153] Could not find attributes for matvey safonov (FK Krasnodar, 2022)
[3916153] Failed to build match row: FK Krasnodar vs FK Nizhny Novgorod
[3840163] Failed to build match row: Montpellier HSC vs Paris Saint-Germain Football Club
[4366718] Could not find attributes for bozidar radosevic (HNK Gorica, 2024)

Keepers & outfield error for **Clube Desportivo Nacional** in Clube Desportivo Nacional vs Sporting Clube de Braga: Numbers: 2 and 9.

Keepers & outfield error for **Paris Saint-Germain Football Club** in Rennes vs Paris Saint-Germain Football Club: Numbers: 2 and 9.
[3496482] Could not find attributes for devyne rensch (AFC Ajax Amsterdam, 2020)
[4094642] Failed to build match row: Rennes vs Paris Saint-Germain Football Club
[3496482] Failed to build match row: Lille Olympique Sporting Club vs AFC Ajax Amsterdam
[4366718] Failed to build match row: GNK Dinamo Zagreb vs HNK Gorica
[4648840] Failed to build match row: Clube Desportivo Nacional vs Sporting Clube de Braga
[3432012] Could not find attributes for yaya sithole (B SAD, 2020)
[3432012] Failed to build match row: B SAD vs Sporting Clube de Braga
[3446617] Could not find attributes for jonathan witt (Hilleröd Fodbold, 2020)
[4358871] Could not find attributes for goran vuklis (Fudbalski Klub IMT Novi Beograd, 2024)
[3446617] Failed to build match row: Hilleröd Fodbold vs Odense Boldklub
[4358871] Failed to build match row: Fudbalski Klub IMT Novi Beograd vs Omladinski fudbalski klub Beograd

Keepers & outfield error for **Deportivo Toluca Futbol Club, S. A. de C. V.** in Deportivo Toluca Futbol Club, S. A. de C. V. vs Fútbol Club Juárez: Numbers: 0 and 11.
[4808284] Failed to build match row: Deportivo Toluca Futbol Club, S. A. de C. V. vs Fútbol Club Juárez
[4370128] Could not find attributes for konstantinos karetsas (Koninklijke Racing Club Genk, 2024)
[4370128] Failed to build match row: Royal Standard Club de Liège vs Koninklijke Racing Club Genk
[4420836] Could not find attributes for azbe jug (NK Maribor, 2024)
[4395146] Could not find attributes for dragan lovric (ASFC Buzau (2016-2025), 2024)
[4420836] Failed to build match row: NK Maribor vs Fudbalski Klub Vojvodina
[4726152] Could not find attributes for mandaca (Esporte Clube Juventude, 2024)
[4726152] Failed to build match row: Esporte Clube Juventude vs Esporte Clube Bahia
[3592174] Failed to scrape lineup: https://www.transfermarkt.co.uk/brentford-fc_west-ham-united/index/spielbericht/3592174
[4395146] Failed to build match row: ASFC Buzau (2016-2025) vs Fotbal Club Petrolul Ploiești
[4162632] Could not find attributes for aleksa amanovic (FC Astana, 2023)

Keepers & outfield error for **Boavista FC** in Boavista FC vs CS Marítimo: Numbers: 2 and 9.
[4162632] Failed to build match row: FC Astana vs FK Partizani
[3869104] Failed to build match row: Boavista FC vs CS Marítimo

Keepers & outfield error for **Club Atlético Unión** in Club Atlético Unión vs Asociación Atlética Argentinos Juniors: Numbers: 0 and 11.
[4529449] Failed to build match row: Club Atlético Unión vs Asociación Atlética Argentinos Juniors
[4646073] Failed to scrape lineup: https://www.transfermarkt.co.uk/obolon-kyiv_polissya-zhytomyr/index/spielbericht/4646073
[4113086] Could not find attributes for arsen zakharyan (Real Sociedad de Fútbol S.A.D., 2023)
[3614867] Failed to scrape lineup: https://www.transfermarkt.co.uk/udinese-calcio_fc-empoli/index/spielbericht/3614867
[4113086] Failed to build match row: UD Almería vs Real Sociedad de Fútbol S.A.D.
[4664988] Could not find attributes for lovro majkic (Aris Thessalonikis, 2025)
[4103642] Could not find attributes for nikola krstovic (Unione Sportiva Lecce, 2023)
[4664988] Failed to build match row: Aris Thessalonikis vs Panetolikos Agrinio
[4103642] Failed to build match row: Atalanta Bergamasca Calcio S.p.a. vs Unione Sportiva Lecce
[3889129] Could not find attributes for themistoklis tzimopoulos (APO Levadiakos Football Club, 2022)
[3889129] Failed to build match row: APO Levadiakos Football Club vs Volou Neos Podosferikos Syllogos
[4624666] Could not find attributes for jan hanus (FK Jablonec a.s., 2025)
[4624666] Failed to build match row: FK Jablonec a.s. vs Bohemians Praha 1905, a.s.
[3916163] Could not find attributes for vladislav tereshkin (Avangard Kursk, 2022)
[3916163] Failed to build match row: Avangard Kursk vs Spartak Tambov
[3413145] Failed to scrape lineup: https://www.transfermarkt.co.uk/bayer-04-leverkusen_vfb-stuttgart/index/spielbericht/3413145
[4366720] Could not find attributes for martin zlomislic (Hrvatski Nogometni Klub Rijeka, 2024)
[4366720] Failed to build match row: Hrvatski Nogometni Klub Rijeka vs GNK Dinamo Zagreb
[4096218] Failed to scrape lineup: https://www.transfermarkt.co.uk/1-fsv-mainz-05_sv-darmstadt-98/index/spielbericht/4096218

Keepers & outfield error for **Association Football Club Bournemouth** in Association Football Club Bournemouth vs Sunderland Association Football Club: Numbers: 3 and 8.
[4626069] Failed to build match row: Association Football Club Bournemouth vs Sunderland Association Football Club
[4706163] Could not find attributes for loreintz rosier (Al-Hazem Sport Club, 2025)
[4706163] Failed to build match row: Al-Hazem Sport Club vs Al-Nassr Football Club
[4514000] Could not find attributes for sam rogers (Chicago Fire Soccer Club, 2024)
[4514000] Failed to build match row: Chicago Fire Soccer Club vs D.C. United
[4587084] Could not find attributes for matthew edwards (Atlanta United Football Club, 2024)
[4445536] Could not find attributes for ingvar jonsson (Víkingur Reykjavík, 2024)
[4587084] Failed to build match row: Atlanta United Football Club vs Charlotte Football Club
[4445536] Failed to build match row: Víkingur Reykjavík vs FK Borac Banja Luka
[4808285] Could not find attributes for jackson porozo (Club Tijuana Xoloitzcuintles de Caliente, 2025)
[4808285] Failed to build match row: Club Tijuana Xoloitzcuintles de Caliente vs Club Santos Laguna S. A. de C. V.

Keepers & outfield error for **Associazione Calcio Fiorentina** in Associazione Sportiva Roma vs Associazione Calcio Fiorentina: Numbers: 0 and 11.
[4374270] Failed to build match row: Associazione Sportiva Roma vs Associazione Calcio Fiorentina
[4635055] Could not find attributes for ally samatta (Le Havre Athletic Club, 2025)
[4635055] Failed to build match row: Football Club de Metz vs Le Havre Athletic Club
[4726153] Could not find attributes for bruno henrique (Clube de Regatas do Flamengo, 2024)
[4787651] Could not find attributes for sebastian walker (FC Zürich, 2025)
[4222030] Could not find attributes for hordur askham (Akademisk Boldklub, 2023)
[4726153] Failed to build match row: Clube de Regatas do Flamengo vs Ceará Sporting Club
[4222030] Failed to build match row: Akademisk Boldklub vs Fodbold Club Nordsjælland
[4648841] Could not find attributes for lucao (Gil Vicente Futebol Clube, 2025)
[4787651] Failed to build match row: FC Zürich vs FC Sion
[4648841] Failed to build match row: Gil Vicente Futebol Clube vs Sport Lisboa e Benfica
[4420837] Could not find attributes for ziga frelih (Spartak Trnava, 2024)
[4395147] Could not find attributes for damjan djokovic (Fotbal Club CFR 1907 Cluj SA, 2024)
[4358872] Could not find attributes for ognjen lukic (Železničar Pančevo, 2024)
[4358872] Failed to build match row: Železničar Pančevo vs Fudbalski klub Crvena zvezda Beograd
[4395147] Failed to build match row: SC Dinamo 1948 SA vs Fotbal Club CFR 1907 Cluj SA

Keepers & outfield error for **Tottenham Hotspur Football Club** in Tottenham Hotspur Football Club vs RZ Pellets Wolfsberger Athletiksport Club: Numbers: 0 and 11.
[4529450] Could not find attributes for guillermo acosta (Club Atlético Tucumán, 2024)
[3496483] Failed to build match row: Tottenham Hotspur Football Club vs RZ Pellets Wolfsberger Athletiksport Club
[3989546] Could not find attributes for bruno gonzalez (Sporting Gijón, 2022)
[4113087] Could not find attributes for chris ramos (Cádiz CF, 2023)
[3916164] Could not find attributes for bogdan kuzmenko (Spartak Kostroma, 2022)
[4529450] Failed to build match row: Club Atlético Rosario Central vs Club Atlético Tucumán
[3989546] Failed to build match row: Sporting Gijón vs Rayo Vallecano de Madrid S. A. D.

Keepers & outfield error for **Rayo Vallecano de Madrid S. A. D.** in Rayo Vallecano de Madrid S. A. D. vs Espanol: Numbers: 2 and 9.

Keepers & outfield error for **Gil Vicente Futebol Clube** in Gil Vicente Futebol Clube vs B SAD: Numbers: 0 and 11.
[3916164] Failed to build match row: Spartak Kostroma vs Tekstilshchik Ivanovo
[4113087] Failed to build match row: Cádiz CF vs UD Almería
[4706164] Could not find attributes for davor matijas (HNK Gorica, 2025)
[3889130] Could not find attributes for triantafyllos pasalidis (Omilos Filathlon Irakliou FC, 2022)
[3432013] Failed to build match row: Gil Vicente Futebol Clube vs B SAD
[4407553] Failed to build match row: Rayo Vallecano de Madrid S. A. D. vs Espanol
[3889130] Failed to build match row: Omilos Filathlon Irakliou FC vs PAS Giannina
[4706164] Failed to build match row: HNK Gorica vs HNK Vukovar 1991
[3614868] Could not find attributes for kevin bonifazi (Bologna Football Club 1909, 2021)
[3614868] Failed to build match row: Bologna Football Club 1909 vs Udinese Calcio
[4624667] Could not find attributes for matous trmal (FK Teplice, a.s., 2025)
[4366721] Could not find attributes for marko malenica (NK Osijek s.d.d., 2024)
[4370129] Could not find attributes for isa sakamoto (Koninklijke Voetbal Club Westerlo, 2024)
[4514001] Could not find attributes for jacob bartlett (Sporting Kansas City, 2024)
[4624667] Failed to build match row: FK Teplice, a.s. vs SK Slavia Praha, a.s.
[4646074] Could not find attributes for oleksandr kemkin (FK Kryvbas Kryvyi Rig, 2025)
[4664989] Could not find attributes for marios siampanis (Volou Neos Podosferikos Syllogos, 2025)
[4366721] Failed to build match row: HNK Hajduk Split vs NK Osijek s.d.d.
[4370129] Failed to build match row: Cercle Brugge Koninklijke Sportvereniging vs Koninklijke Voetbal Club Westerlo
[4646074] Failed to build match row: Futbolniy Klub Dynamo Kyiv vs FK Kryvbas Kryvyi Rig
[4445537] Could not find attributes for bruno varela (Vitória Sport Clube, 2024)
[4514001] Failed to build match row: Sporting Kansas City vs San Jose Earthquakes
[4664989] Failed to build match row: Volou Neos Podosferikos Syllogos vs Olympiakos Syndesmos Filathlon Peiraios
[4445537] Failed to build match row: Vitória Sport Clube vs Associazione Calcio Fiorentina
[4129567] Could not find attributes for shahrudin mahammadaliyev (Adana Demirspor, 2023)
[4129567] Failed to build match row: Adana Demirspor vs Istanbulspor

Keepers & outfield error for **Turn- und Sportgemeinschaft 1899 Hoffenheim Fußball-Spielbetriebs** in Turn- und Sportgemeinschaft 1899 Hoffenheim Fußball-Spielbetriebs vs Eintracht Frankfurt Fußball AG: Numbers: 2 and 9.
[3413146] Failed to build match row: Turn- und Sportgemeinschaft 1899 Hoffenheim Fußball-Spielbetriebs vs Eintracht Frankfurt Fußball AG
[3602199] Failed to scrape lineup: https://www.transfermarkt.co.uk/pfc-lviv_fc-oleksandriya/index/spielbericht/3602199

Keepers & outfield error for **Nooit Opgeven Altijd Doorzetten Aangenaam Door Vermaak En Nuttig Door Ontspanning Combinatie Breda** in Nooit Opgeven Altijd Doorzetten Aangenaam Door Vermaak En Nuttig Door Ontspanning Combinatie Breda vs Fortuna Sittardia Combinatie: Numbers: 2 and 9.
[4641423] Failed to build match row: Nooit Opgeven Altijd Doorzetten Aangenaam Door Vermaak En Nuttig Door Ontspanning Combinatie Breda vs Fortuna Sittardia Combinatie
[3700907] Could not find attributes for rahim alhassane (Gimnástica Segoviana CF, 2021)
[3424052] Could not find attributes for jake grech (Hibernians FC, 2020)

Keepers & outfield error for **Newcastle United Football Club** in Fulham Football Club vs Newcastle United Football Club: Numbers: 2 and 9.
[3700907] Failed to build match row: Gimnástica Segoviana CF vs Real Club Deportivo Mallorca S.A.D.
[3424052] Failed to build match row: FC Vaduz vs Hibernians FC
[3838011] Failed to build match row: Fulham Football Club vs Newcastle United Football Club

Keepers & outfield error for **Futebol Clube de Arouca** in Futebol Clube de Arouca vs Futebol Clube de Famalicão: Numbers: 2 and 9.
[4420838] Could not find attributes for yusif imanov (Sabah FK, 2024)
[4787652] Could not find attributes for renato steffen (FC Lugano, 2025)

Keepers & outfield error for **SC Fotbal Club FCSB SA** in SC Fotbal Club FCSB SA vs FC Slovan Liberec: Numbers: 2 and 9.
[4726154] Could not find attributes for philippe coutinho (Club de Regatas Vasco da Gama, 2024)
[4420838] Failed to build match row: St. Patrick's Athletic vs Sabah FK
[3869106] Failed to build match row: Futebol Clube de Arouca vs Futebol Clube de Famalicão
[3457826] Failed to build match row: SC Fotbal Club FCSB SA vs FC Slovan Liberec
[4787652] Failed to build match row: FC St. Gallen 1879 vs FC Lugano
[4726154] Failed to build match row: Club de Regatas Vasco da Gama vs Mirasol Futebol Clube
[4358873] Could not find attributes for nihad mujakic (Fudbalski Klub Partizan Beograd, 2024)
[4358873] Failed to build match row: Fudbalski Klub Partizan Beograd vs Fudbalski Klub Mladost Lučani
[3446618] Could not find attributes for mikkel kvist (Holbaek B&I, 2020)
[4162634] Could not find attributes for andrey kudravets (BATE Borisov, 2023)
[4162634] Failed to build match row: BATE Borisov vs FC Ballkani
[4407554] Could not find attributes for maroan sannadi (Athletic Club Bilbao, 2024)
[4222031] Could not find attributes for yuito suzuki (Brøndby Idrætsforening, 2023)
[3446618] Failed to build match row: Holbaek B&I vs BK Fremad Amager
[4529454] Could not find attributes for giuliano galoppo (Club Atlético River Plate, 2024)
[4222031] Failed to build match row: Brøndby Idrætsforening vs Aarhus Gymnastik Forening
[4529454] Failed to build match row: Club Atlético River Plate vs Club Atlético Independiente de Avellaneda
[4407554] Failed to build match row: Athletic Club Bilbao vs Club Atlético Osasuna
[4808286] Could not find attributes for lorenzo faravelli (Impulsora del Deportivo Necaxa S.A. de C.V., 2025)
[3889131] Could not find attributes for bojan saranov (PAS Lamia 1964, 2022)
[4808286] Failed to build match row: Club de Futbol Puebla de La Franja vs Impulsora del Deportivo Necaxa S.A. de C.V.
[4707329] Could not find attributes for henry bonello (Hamrun Spartans, 2025)

Keepers & outfield error for **Atalanta Bergamasca Calcio S.p.a.** in Atalanta Bergamasca Calcio S.p.a. vs Associazione Sportiva Roma: Numbers: 2 and 9.
[4587085] Could not find attributes for darlington nagbe (Columbus Crew, 2024)
[3889131] Failed to build match row: Panathinaikos Athlitikos Omilos vs PAS Lamia 1964
[3614869] Could not find attributes for kristjan asllani (FC Empoli, 2021)
[4374272] Failed to build match row: Atalanta Bergamasca Calcio S.p.a. vs Associazione Sportiva Roma
[4664990] Could not find attributes for davide calabria (Panathinaikos Athlitikos Omilos, 2025)
[3614869] Failed to build match row: FC Empoli vs Società Sportiva Calcio Napoli
[4626071] Could not find attributes for yegor yarmolyuk (Brentford Football Club, 2025)
[4707329] Failed to build match row: Hamrun Spartans vs FC RFS
[4664990] Failed to build match row: Panathinaikos Athlitikos Omilos vs APO Levadiakos Football Club
[4587085] Failed to build match row: Columbus Crew vs D.C. United
[4626071] Failed to build match row: Burnley Football Club vs Brentford Football Club
[3496484] Could not find attributes for ilya zabarnyi (Futbolniy Klub Dynamo Kyiv, 2020)
[4624668] Could not find attributes for rihards matrevics (FK Dukla Praha a.s., 2025)
[3496484] Failed to build match row: Club Brugge Koninklijke Voetbalvereniging vs Futbolniy Klub Dynamo Kyiv
[4624668] Failed to build match row: FC Viktoria Plzeň, a.s. vs FK Dukla Praha a.s.
[3851237] Could not find attributes for lior refaelov (Royal Sporting Club Anderlecht, 2022)
[4635057] Could not find attributes for yvon mvogo (Football Club Lorient-Bretagne Sud, 2025)

Keepers & outfield error for **CS Marítimo** in CS Marítimo vs Clube Desportivo Nacional: Numbers: 2 and 9.
[3432014] Failed to build match row: CS Marítimo vs Clube Desportivo Nacional
[4635057] Failed to build match row: Football Club Lorient-Bretagne Sud vs Association sportive de Monaco Football Club
[3851237] Failed to build match row: Royal Sporting Club Anderlecht vs Koninklijke Racing Club Genk
[4366723] Could not find attributes for zvonimir subaric (NK Lokomotiva Zagreb, 2024)
[4366723] Failed to build match row: NK Lokomotiva Zagreb vs NK Varazdin
[4445538] Could not find attributes for bruno varela (Vitória Sport Clube, 2024)
[3916174] Could not find attributes for denis safronov (SKVO Rostov-na-Donu, 2022)
[3916174] Failed to build match row: SKVO Rostov-na-Donu vs Kuban Holding Pavlovskaya
[4445538] Failed to build match row: Vitória Sport Clube vs FK Mladá Boleslav, a.s.
[4358874] Could not find attributes for miloje prekovic (Fudbalski klub Napredak Kruševac, 2024)
[3840165] Could not find attributes for antoine mendy (Olympique Gymnaste Club Nice Côte d'Azur, 2022)
[3840165] Failed to build match row: Racing Club de Lens vs Olympique Gymnaste Club Nice Côte d'Azur
[4358874] Failed to build match row: Fudbalski klub Napredak Kruševac vs FK Tekstilac Odzaci
[4222032] Could not find attributes for frederik mehder (Fodbold Club Fredericia, 2023)
[4222032] Failed to build match row: Lyngby Boldklub vs Fodbold Club Fredericia

Keepers & outfield error for **Casa Pia Atlético Clube** in Casa Pia Atlético Clube vs Moreirense Futebol Clube: Numbers: 4 and 7.
[4648843] Failed to build match row: Casa Pia Atlético Clube vs Moreirense Futebol Clube
[4362942] Could not find attributes for marley ake (Yverdon Sport FC, 2024)

Keepers & outfield error for **Grupo Desportivo Estoril Praia** in FC Paços de Ferreira vs Grupo Desportivo Estoril Praia: Numbers: 2 and 9.
[4362942] Failed to build match row: Football Club Lausanne-Sport vs Yverdon Sport FC

Keepers & outfield error for **Sociedade Esportiva Palmeiras** in Sociedade Esportiva Palmeiras vs Esporte Clube Vitória: Numbers: 3 and 8.
[3869107] Failed to build match row: FC Paços de Ferreira vs Grupo Desportivo Estoril Praia
[4129568] Could not find attributes for aylton boa morte (Kayserispor Kulübü, 2023)
[4726155] Failed to build match row: Sociedade Esportiva Palmeiras vs Esporte Clube Vitória
[3645057] Could not find attributes for gilson delgado (CS Fola Esch, 2021)
[4129568] Failed to build match row: Fatih Karagümrük Sportif Faaliyetler San. Tic. A.Ş. vs Kayserispor Kulübü
[3446619] Could not find attributes for kasper vilfort (Brönshöj Boldklub, 2020)
[4664991] Could not find attributes for francisco tinaglini (Panserraikos Serres, 2025)
[3645057] Failed to build match row: CS Fola Esch vs Kairat Almaty
[4370130] Could not find attributes for hasan kurucay (Oud-Heverlee Leuven, 2024)
[4646075] Could not find attributes for roman lyopka (FK Kudrivka-1, 2025)
[3614870] Could not find attributes for manolo portanova (Genoa Cricket and Football Club, 2021)
ación de Fomento Deportivo Riestra Barrio Colón vs Club Social y Deportivo Defensa y Justicia: Numbers: 2 and 9.
[4366725] Could not find attributes for lovro majkic (NK Istra 1961, 2024)
[3446619] Failed to build match row: Brönshöj Boldklub vs Lyngby Boldklub
[4370130] Failed to build match row: Oud-Heverlee Leuven vs FC Verbroedering Denderhoutem Denderleeuw Eendracht Hekelgem
[4664991] Failed to build match row: Panserraikos Serres vs Omilos Filathlon Irakliou FC

Keepers & outfield error for **Club Tigres UANL Sinergia Deportiva S.A. de C.V.** in Club Tigres UANL Sinergia Deportiva S.A. de C.V. vs Querétaro Fútbol Club: Numbers: 0 and 11.
[4646075] Failed to build match row: FK Kudrivka-1 vs Epicentr Dunaivtsi
[4529457] Failed to build match row: Asociación de Fomento Deportivo Riestra Barrio Colón vs Club Social y Deportivo Defensa y Justicia
[3614870] Failed to build match row: Genoa Cricket and Football Club vs Cagliari Calcio
[4366725] Failed to build match row: NK Istra 1961 vs NK Lokomotiva Zagreb
[3700908] Could not find attributes for ibon ispizua (Gernika Club, 2021)
A. de C.V. vs Querétaro Fútbol Club
[4624669] Could not find attributes for stanislav dostal (FC Trinity Zlin, 2025)
[3700908] Failed to build match row: Gernika Club vs SD Eibar
[4787654] Could not find attributes for miroslav stevanovic (Servette Football Club 1890 SA, 2025)

Keepers & outfield error for **Real Sociedad de Fútbol S.A.D.** in Manchester United Football Club vs Real Sociedad de Fútbol S.A.D.: Numbers: 0 and 11.
[4624669] Failed to build match row: FC Trinity Zlin vs SK Sigma Olomouc, a.s.
[3851238] Could not find attributes for stipe perica (Royal Standard Club de Liège, 2022)
[4787654] Failed to build match row: FC Basel 1893 AG vs Servette Football Club 1890 SA
[3496485] Failed to build match row: Manchester United Football Club vs Real Sociedad de Fútbol S.A.D.
[3851238] Failed to build match row: Royal Standard Club de Liège vs Royale Union Saint-Gilloise
[3840166] Could not find attributes for desire doue (Rennes, 2022)
[4096221] Failed to scrape lineup: https://www.transfermarkt.co.uk/sv-darmstadt-98_sc-freiburg/index/spielbericht/4096221
[4103645] Failed to scrape lineup: https://www.transfermarkt.co.uk/genoa-cfc_inter-milan/index/spielbericht/4103645
[3840166] Failed to build match row: Rennes vs Racing Club de Strasbourg Alsace
[4358875] Could not find attributes for luka lijeskic (FK Radnički 1923 Kragujevac, 2024)
[4358875] Failed to build match row: FK Radnički 1923 Kragujevac vs Fudbalski Klub Novi Pazar
[4445539] Could not find attributes for bruno varela (Vitória Sport Clube, 2024)
[3889132] Could not find attributes for vangelis kontogiannis (Panetolikos Agrinio, 2022)
[4445539] Failed to build match row: Vitória Sport Clube vs NK Celje
[3889132] Failed to build match row: Panetolikos Agrinio vs A.G.S Asteras Tripolis
[3413149] Could not find attributes for matthew hoppe (FC Schalke 04, 2020)
[3413149] Failed to build match row: FC Schalke 04 vs RasenBallsport Leipzig
[4648844] Could not find attributes for nabil touaizi (Futebol Clube de Alverca, 2025)
[4648844] Failed to build match row: Futebol Clube de Alverca vs AVS Futebol SAD
[4626072] Failed to scrape lineup: https://www.transfermarkt.co.uk/fulham-fc_tottenham-hotspur/index/spielbericht/4626072
[4222034] Could not find attributes for emil konradsen ceide (Unione Sportiva Sassuolo Calcio, 2023)
[4222034] Failed to build match row: Atalanta Bergamasca Calcio S.p.a. vs Unione Sportiva Sassuolo Calcio
[3869108] Could not find attributes for kiko bondoso (FC Vizela, 2022)
[3869108] Failed to build match row: FC Vizela vs Gil Vicente Futebol Clube
[4587086] Could not find attributes for brandan craig (Club de Foot Montréal, 2024)
[4587086] Failed to build match row: Club de Foot Montréal vs Chicago Fire Soccer Club
[3602200] Could not find attributes for igor lytovka (Desna Chernigiv, 2021)
[4370131] Could not find attributes for didier lamkel ze (St Truiden, 2024)
[3602200] Failed to build match row: Desna Chernigiv vs SC Dnipro-1
[4370131] Failed to build match row: St Truiden vs Club Brugge Koninklijke Voetbalvereniging
[4624670] Could not find attributes for jakub martinec (AC Sparta Praha, a. s., 2025)
[4624670] Failed to build match row: AC Sparta Praha, a. s. vs FC Slovan Liberec

Keepers & outfield error for **Club Atlético Boca Juniors** in Club Atlético Belgrano vs Club Atlético Boca Juniors: Numbers: 0 and 11.
[4529458] Failed to build match row: Club Atlético Belgrano vs Club Atlético Boca Juniors
[3645058] Could not find attributes for andrey buyvolov (Shakhter Karaganda, 2021)
[3645058] Failed to build match row: Shakhter Karaganda vs Maccabi Tel Aviv
[3614871] Could not find attributes for abdelhamid sabiri (UC Sampdoria, 2021)
[3614871] Failed to build match row: Verona Hellas Football Club vs UC Sampdoria
[4808288] Could not find attributes for sebastian jurado (Fútbol Club Juárez, 2025)
[4808288] Failed to build match row: Fútbol Club Juárez vs Club de Fútbol Monterrey Rayados A.C.
[4646076] Could not find attributes for oleksiy palamarchuk (LNZ Cherkasy, 2025)
[4646076] Failed to build match row: LNZ Cherkasy vs FK Kryvbas Kryvyi Rig
[3424053] Could not find attributes for konsta rasimus (FC Honka, 2020)
[4395148] Could not find attributes for ravy tsouka (Asociația Fotbal Club UTA Arad, 2024)
[4707330] Could not find attributes for euan east (Linfield FC, 2025)
[3424053] Failed to build match row: Aarhus Gymnastik Forening vs FC Honka
[4395148] Failed to build match row: Fotbal Club Rapid 1923 SA vs Asociația Fotbal Club UTA Arad
[4707330] Failed to build match row: Shelbourne FC vs Linfield FC
[3916175] Could not find attributes for vladislav zernaev (Dinamo Stavropol, 2022)
[3916175] Failed to build match row: Dinamo Stavropol vs Chernomorets Novorossijsk
[3889133] Could not find attributes for konstantinos koulierakis (Panthessalonikios Athlitikos Omilos Konstantinoupoliton, 2022)
[3889133] Failed to build match row: Panthessalonikios Athlitikos Omilos Konstantinoupoliton vs Olympiakos Syndesmos Filathlon Peiraios
[4787655] Could not find attributes for pajtim kasami (Fussballclub Winterthur, 2025)
[4787655] Failed to build match row: FC Luzern vs Fussballclub Winterthur
[4362945] Could not find attributes for marley ake (Yverdon Sport FC, 2024)
[4362945] Failed to build match row: Yverdon Sport FC vs FC St. Gallen 1879
[3457973] Could not find attributes for simone sini (Ascoli Calcio, 2020)
[3457973] Failed to build match row: Ascoli Calcio vs AC Perugia Calcio

Keepers & outfield error for **Leicester City** in Leicester City vs Nottingham Forest Football Club: Numbers: 0 and 11.
[4635059] Could not find attributes for senny mayulu (Paris Saint-Germain Football Club, 2025)
[3838013] Failed to build match row: Leicester City vs Nottingham Forest Football Club
[4635059] Failed to build match row: Paris Saint-Germain Football Club vs Association de la Jeunesse auxerroise
[3588199] Could not find attributes for jetro willems (SpVgg Greuther Fürth, 2021)
[3588199] Failed to build match row: Hertha BSC vs SpVgg Greuther Fürth
[4648845] Could not find attributes for ferro (Grupo Desportivo Estoril Praia, 2025)
[4648845] Failed to build match row: Grupo Desportivo Estoril Praia vs Casa Pia Atlético Clube
[3446620] Could not find attributes for adrian kappenberger (Hobro IK, 2020)
[3446620] Failed to build match row: Hobro IK vs Vejle Boldklub

Keepers & outfield error for **Club Atlético de San Luis** in Club Atlético de San Luis vs Promotora del Club Pachuca S. A. de C. V.: Numbers: 2 and 9.
[4808289] Failed to build match row: Club Atlético de San Luis vs Promotora del Club Pachuca S. A. de C. V.
[3496487] Could not find attributes for radovan pankov (Fudbalski klub Crvena zvezda Beograd, 2020)

Keepers & outfield error for **Rio Ave Futebol Clube** in Rio Ave Futebol Clube vs Futebol Clube do Porto: Numbers: 4 and 7.
[4407556] Failed to scrape lineup: https://www.transfermarkt.co.uk/real-betis-balompie_sevilla-fc/index/spielbericht/4407556
[4162635] Could not find attributes for marquinhos (Ferencvárosi TC, 2023)
[3869109] Failed to build match row: Rio Ave Futebol Clube vs Futebol Clube do Porto
Not enough players found for lineup: 0, 0.
[3496487] Failed to build match row: Associazione Calcio Milan vs Fudbalski klub Crvena zvezda Beograd
[4162635] Failed to build match row: Ferencvárosi TC vs FK Zalgiris Vilnius
[3424054] Failed to scrape lineup: https://www.transfermarkt.co.uk/spielbericht/index/spielbericht/3424054
[4646077] Could not find attributes for viktor dolgyi (FC Oleksandriya, 2025)
[4646077] Failed to build match row: FC Oleksandriya vs SK Poltava
[4624671] Could not find attributes for jan hanus (FK Jablonec a.s., 2025)
[4366729] Could not find attributes for martin zlomislic (Hrvatski Nogometni Klub Rijeka, 2024)
[4624671] Failed to build match row: SK Slavia Praha, a.s. vs FK Jablonec a.s.
[4366729] Failed to build match row: Hrvatski Nogometni Klub Rijeka vs HNK Sibenik

Keepers & outfield error for **CD Mensajero** in CD Mensajero vs Real Zaragoza: Numbers: 0 and 11.
[3592178] Failed to scrape lineup: https://www.transfermarkt.co.uk/aston-villa_liverpool-fc/index/spielbericht/3592178
[4374274] Failed to scrape lineup: https://www.transfermarkt.co.uk/fc-empoli_parma-calcio-1913/index/spielbericht/4374274
[3700909] Failed to build match row: CD Mensajero vs Real Zaragoza
[4707331] Could not find attributes for anton ari einarsson (Breidablik Kópavogur, 2025)

Keepers & outfield error for **São Paulo Futebol Clube** in São Paulo Futebol Clube vs Sport Club Internacional: Numbers: 0 and 11.
[4707331] Failed to build match row: Breidablik Kópavogur vs AC Virtus Acquaviva
[4726156] Failed to build match row: São Paulo Futebol Clube vs Sport Club Internacional
[3614872] Could not find attributes for nicola zalewski (Associazione Sportiva Roma, 2021)
[3614872] Failed to build match row: Football Club Internazionale Milano S.p.A. vs Associazione Sportiva Roma
[3432015] Could not find attributes for srdjan babic (Futebol Clube de Famalicão, 2020)
[3432015] Failed to build match row: Futebol Clube de Famalicão vs Moreirense Futebol Clube
[4420840] Failed to scrape lineup: https://www.transfermarkt.co.uk/spielbericht/index/spielbericht/4420840
[4129569] Failed to scrape lineup: https://www.transfermarkt.co.uk/trabzonspor_samsunspor/index/spielbericht/4129569
[4664992] Failed to scrape lineup: https://www.transfermarkt.co.uk/paok-thessaloniki_atromitos-athens/index/spielbericht/4664992
[4094645] Failed to scrape lineup: https://www.transfermarkt.co.uk/stade-reims_as-monaco/index/spielbericht/4094645
[3851240] Could not find attributes for joao silva (KV Kortrijk, 2022)
[3851240] Failed to build match row: KV Kortrijk vs Koninklijke Atletiek Associatie Gent
[3916859] Could not find attributes for daniil kolesnikov (Peresvet Domodedovo, 2022)
[3916859] Failed to build match row: Peresvet Domodedovo vs FC Ryazan
[3602201] Could not find attributes for dmytro nemchaninov (NK Veres Rivne, 2021)

Keepers & outfield error for **Futebol Clube de Famalicão** in Futebol Clube de Famalicão vs Futebol Clube de Arouca: Numbers: 2 and 9.
[4514002] Could not find attributes for ousman jabang (Club de Foot Montréal, 2024)
[4648846] Failed to build match row: Futebol Clube de Famalicão vs Futebol Clube de Arouca
[4514002] Failed to build match row: Minnesota United FC vs Club de Foot Montréal
[3602201] Failed to build match row: NK Veres Rivne vs Vorskla Poltava
[4395150] Could not find attributes for artur miranyan (Asociația Sportivă Fotbal Club Universitatea Cluj, 2024)
[3610408] Could not find attributes for njegos petrovic (Granada CF, 2021)
[4395150] Failed to build match row: Asociația Sportivă Fotbal Club Universitatea Cluj vs SC Fotbal Club FCSB SA
[3610408] Failed to build match row: Valencia Club de Fútbol S. A. D. vs Granada CF
[3840167] Failed to scrape lineup: https://www.transfermarkt.co.uk/stade-reims_fc-lorient/index/spielbericht/3840167
[4664993] Could not find attributes for luka jovic (Athlitiki Enosi Konstantinoupoleos, 2025)
[4664993] Failed to build match row: Athlitiki Enosi Konstantinoupoleos vs Athlitiki Enosi Larisas
[4707332] Could not find attributes for faton maloku (FC Drita, 2025)
[4707332] Failed to build match row: FC Drita vs FC Differdange 03
[4529459] Could not find attributes for kevin jappert (Club Atlético Barracas Central, 2024)
[4529459] Failed to build match row: Club Atlético Barracas Central vs Club Atlético Tigre
[4445540] Failed to scrape lineup: https://www.transfermarkt.co.uk/spielbericht/index/spielbericht/4445540
[4358876] Failed to scrape lineup: https://www.transfermarkt.co.uk/fk-tsc-backa-topola_fk-cukaricki/index/spielbericht/4358876
[3413150] Failed to scrape lineup: https://www.transfermarkt.co.uk/1-fsv-mainz-05_1-fc-union-berlin/index/spielbericht/3413150
[3991692] Could not find attributes for weverson (Futebol Clube de Arouca, 2022)
[3991692] Failed to build match row: Futebol Clube de Arouca vs Sporting Clube de Portugal
[4626073] Failed to scrape lineup: https://www.transfermarkt.co.uk/leeds-united_manchester-city/index/spielbericht/4626073
[4587087] Could not find attributes for peyton miller (New England Revolution, 2024)
[4587087] Failed to build match row: New England Revolution vs Orlando City Soccer Club
[3645060] Could not find attributes for enric saborit (Maccabi Tel Aviv, 2021)
[3645060] Failed to build match row: Maccabi Tel Aviv vs Shakhter Karaganda
[4366730] Could not find attributes for bozidar radosevic (HNK Gorica, 2024)

Keepers & outfield error for **Villarreal Club de Fútbol S.A.D.** in Getafe Club de Fútbol S. A. D. Team Dubai vs Villarreal Club de Fútbol S.A.D.: Numbers: 0 and 11.
[4646078] Could not find attributes for nazar domchak (FK Karpaty Lviv, 2025)
[4362949] Failed to scrape lineup: https://www.transfermarkt.co.uk/bsc-young-boys_grasshopper-club-zurich/index/spielbericht/4362949
[4646078] Failed to build match row: FK Karpaty Lviv vs Futbolniy Klub Dynamo Kyiv
[4407558] Failed to build match row: Getafe Club de Fútbol S. A. D. Team Dubai vs Villarreal Club de Fútbol S.A.D.
[4366730] Failed to build match row: HNK Hajduk Split vs HNK Gorica
[4648847] Failed to scrape lineup: https://www.transfermarkt.co.uk/cd-tondela_rio-ave-fc/index/spielbericht/4648847
[4726157] Could not find attributes for fabinho (Red Bull Bragantino, 2024)
[4726157] Failed to build match row: Red Bull Bragantino vs Clube Atlético Mineiro
[4370132] Failed to scrape lineup: https://www.transfermarkt.co.uk/royal-charleroi-sc_rsc-anderlecht/index/spielbericht/4370132
[4641425] Failed to scrape lineup: https://www.transfermarkt.co.uk/go-ahead-eagles_fc-volendam/index/spielbericht/4641425
[4664994] Failed to scrape lineup: https://www.transfermarkt.co.uk/asteras-aktor_panserraikos/index/spielbericht/4664994
[3991693] Could not find attributes for danny namaso (Futebol Clube do Porto, 2022)
[3991693] Failed to build match row: Futebol Clube do Porto vs Académico Viseu FC
[3446621] Could not find attributes for jesper naesby (FC Graesrödderne, 2020)
[3592180] Failed to scrape lineup: https://www.transfermarkt.co.uk/burnley-fc_manchester-united/index/spielbericht/3592180
[3446621] Failed to build match row: FC Graesrödderne vs Fodbold Club Nordsjælland
[3602202] Could not find attributes for yevgen volynets (FK Kolos Kovalivka, 2021)
[4587088] Failed to scrape lineup: https://www.transfermarkt.co.uk/new-york-red-bulls_inter-miami-cf/index/spielbericht/4587088
[4366732] Failed to scrape lineup: https://www.transfermarkt.co.uk/nk-lokomotiva-zagreb_nk-osijek/index/spielbericht/4366732
[3602202] Failed to build match row: FK Kolos Kovalivka vs FC Rukh Lviv
[3457975] Failed to scrape lineup: https://www.transfermarkt.co.uk/spielbericht/index/spielbericht/3457975
[4113092] Failed to scrape lineup: https://www.transfermarkt.co.uk/atletico-de-madrid_villarreal-cf/index/spielbericht/4113092
[4096224] Could not find attributes for max finkgrafe (1. Fußball-Club Köln, 2023)
[4096224] Failed to build match row: FC Bayern München vs 1. Fußball-Club Köln
[3588200] Failed to scrape lineup: https://www.transfermarkt.co.uk/arminia-bielefeld_tsg-1899-hoffenheim/index/spielbericht/3588200
[4635060] Failed to scrape lineup: https://www.transfermarkt.co.uk/as-monaco_ogc-nice/index/spielbericht/4635060
[3645061] Could not find attributes for stas pokatilov (Kairat Almaty, 2021)
[4222126] Failed to scrape lineup: https://www.transfermarkt.co.uk/spielbericht/index/spielbericht/4222126
[3645061] Failed to build match row: Kairat Almaty vs CS Fola Esch
[3496489] Could not find attributes for marc albrighton (Leicester City, 2020)
[3496489] Failed to build match row: Leicester City vs SK Slavia Praha, a.s.
[4358877] Could not find attributes for vukasin jovanovic (FK Jedinstvo Ub, 2024)
[4358877] Failed to build match row: FK Jedinstvo Ub vs Fudbalski klub TSC Bačka Topola
[4129570] Could not find attributes for joshua king (Fenerbahçe Spor Kulübü, 2023)
[4129570] Failed to build match row: Fenerbahçe Spor Kulübü vs Konyaspor
[4624672] Could not find attributes for matous trmal (FK Teplice, a.s., 2025)
[4624672] Failed to build match row: FK Teplice, a.s. vs 1. FC Slovácko
[3424055] Failed to scrape lineup: https://www.transfermarkt.co.uk/spielbericht/index/spielbericht/3424055
[4162636] Failed to scrape lineup: https://www.transfermarkt.co.uk/spielbericht/index/spielbericht/4162636

Keepers & outfield error for **US Salernitana 1919** in US Salernitana 1919 vs Associazione Calcio Fiorentina: Numbers: 2 and 9.
[4358878] Failed to scrape lineup: https://www.transfermarkt.co.uk/fk-cukaricki_fk-radnicki-1923-kragujevac/index/spielbericht/4358878
[3614874] Failed to build match row: US Salernitana 1919 vs Associazione Calcio Fiorentina
[4808290] Failed to scrape lineup: https://www.transfermarkt.co.uk/deportivo-guadalajara_santos-laguna/index/spielbericht/4808290
[4113093] Failed to scrape lineup: https://www.transfermarkt.co.uk/sevilla-fc_girona-fc/index/spielbericht/4113093
[4648848] Could not find attributes for lucao (Gil Vicente Futebol Clube, 2025)
[4648848] Failed to build match row: Club Football Estrela da Amadora vs Gil Vicente Futebol Clube
[4726158] Could not find attributes for lucas villalba (Cruzeiro Esporte Clube, 2024)
[4726158] Failed to build match row: Cruzeiro Esporte Clube vs S. A. F. Botafogo
[3645062] Could not find attributes for mykyta shevchenko (FC Zorya Lugansk, 2021)
5)
[4222127] Could not find attributes for soslan dzhanaev (FK Baltika, 2023)
[4635061] Failed to build match row: Football Club de Metz vs Olympique de Marseille
[3645062] Failed to build match row: Sportklub Rapid vs FC Zorya Lugansk
[4222127] Failed to build match row: FK Baltika vs Футбольный клуб "Локомотив" Москва
[4096225] Failed to scrape lineup: https://www.transfermarkt.co.uk/1-fsv-mainz-05_tsg-1899-hoffenheim/index/spielbericht/4096225
[3457976] Failed to scrape lineup: https://www.transfermarkt.co.uk/spielbericht/index/spielbericht/3457976
[4641426] Could not find attributes for deveron fonville (Nijmegen Eendracht Combinatie, 2025)
[4641426] Failed to build match row: Nijmegen Eendracht Combinatie vs Eindhovense Voetbalvereniging Philips Sport Vereniging
[4529461] Could not find attributes for valentin larralde (Club Social y Deportivo Defensa y Justicia, 2024)
[4529461] Failed to build match row: Club Social y Deportivo Defensa y Justicia vs Club Atlético Unión
[4707333] Failed to scrape lineup: https://www.transfermarkt.co.uk/spielbericht/index/spielbericht/4707333
[3602203] Could not find attributes for mykyta shevchenko (FC Zorya Lugansk, 2021)
[3602203] Failed to build match row: FC Zorya Lugansk vs FC Minaj
[4162637] Could not find attributes for niki maenpaa (HJK Helsinki, 2023)
[4162637] Failed to build match row: HJK Helsinki vs F.C.V. Farul Constanța SA

Keepers & outfield error for **Valencia Club de Fútbol S. A. D.** in Valencia Club de Fútbol S. A. D. vs Celta: Numbers: 2 and 9.
[4113094] Failed to build match row: Valencia Club de Fútbol S. A. D. vs Celta
[4726159] Could not find attributes for nonato (Fluminense Football Club, 2024)
[4726159] Failed to build match row: Grêmio Foot-Ball Porto Alegrense vs Fluminense Football Club
[3840169] Failed to scrape lineup: https://www.transfermarkt.co.uk/ac-ajaccio_fc-nantes/index/spielbericht/3840169
[4646079] Failed to scrape lineup: https://www.transfermarkt.co.uk/nk-veres-rivne_polissya-zhytomyr/index/spielbericht/4646079
[4374276] Failed to scrape lineup: https://www.transfermarkt.co.uk/ss-lazio_juventus-fc/index/spielbericht/4374276
[3645063] Could not find attributes for matko obradovic (NS Mura, 2021)
[3645063] Failed to build match row: NS Mura vs Sportklub Puntigamer Sturm Graz
[4370133] Failed to scrape lineup: https://www.transfermarkt.co.uk/club-brugge-kv_standard-liege/index/spielbericht/4370133
[4664995] Failed to scrape lineup: https://www.transfermarkt.co.uk/aris-thessaloniki_atromitos-athens/index/spielbericht/4664995
[4094647] Failed to scrape lineup: https://www.transfermarkt.co.uk/fc-metz_ogc-nice/index/spielbericht/4094647
[4129572] Could not find attributes for dal varesanovic (Çaykur Rizespor Kulübü, 2023)
[4129572] Failed to build match row: Çaykur Rizespor Kulübü vs Beşiktaş Jimnastik Kulübü
[4358879] Could not find attributes for zeljko samcovic (Fudbalski Klub Novi Pazar, 2024)
[4358879] Failed to build match row: Fudbalski Klub Novi Pazar vs Fudbalski klub Napredak Kruševac
[4407560] Failed to scrape lineup: https://www.transfermarkt.co.uk/deportivo-alaves_rayo-vallecano/index/spielbericht/4407560

Keepers & outfield error for **Nooit Opgeven Altijd Doorzetten Aangenaam Door Vermaak En Nuttig Door Ontspanning Combinatie Breda** in Football Club Twente vs Nooit Opgeven Altijd Doorzetten Aangenaam Door Vermaak En Nuttig Door Ontspanning Combinatie Breda: Numbers: 2 and 9.
[4222128] Could not find attributes for anton shunin (FK Dinamo Moskva, 2023)
[4641427] Failed to build match row: Football Club Twente vs Nooit Opgeven Altijd Doorzetten Aangenaam Door Vermaak En Nuttig Door Ontspanning Combinatie Breda
[4222128] Failed to build match row: FK Dinamo Moskva vs AO FK Zenit Sankt-Peterburg
[4514004] Could not find attributes for igor jesus (Los Angeles Football Club, 2024)
[4514004] Failed to build match row: Los Angeles Football Club vs New York City Football Club
[4646080] Could not find attributes for danylo varakuta (TOV FK Metalist 1925 Kharkiv, 2025)
[4362952] Failed to scrape lineup: https://www.transfermarkt.co.uk/fc-sion_yverdon-sport-fc/index/spielbericht/4362952
[3614875] Failed to scrape lineup: https://www.transfermarkt.co.uk/us-sassuolo_juventus-fc/index/spielbericht/3614875
[4646080] Failed to build match row: TOV FK Metalist 1925 Kharkiv vs FK Kolos Kovalivka
[4113095] Failed to scrape lineup: https://www.transfermarkt.co.uk/valencia-cf_ca-osasuna/index/spielbericht/4113095
[4162638] Failed to scrape lineup: https://www.transfermarkt.co.uk/spielbericht/index/spielbericht/4162638
[3413152] Failed to scrape lineup: https://www.transfermarkt.co.uk/arminia-bielefeld_sv-werder-bremen/index/spielbericht/3413152
[4094648] Failed to scrape lineup: https://www.transfermarkt.co.uk/montpellier-hsc_clermont-foot-63/index/spielbericht/4094648
[4374277] Failed to scrape lineup: https://www.transfermarkt.co.uk/ac-milan_bologna-fc-1909/index/spielbericht/4374277
[4726160] Failed to scrape lineup: https://www.transfermarkt.co.uk/esporte-clube-bahia_sport-club-do-recife/index/spielbericht/4726160
[4420841] Could not find attributes for tatu miettunen (Ilves Tampere, 2024)
[4529464] Could not find attributes for martin rio (Club Atlético Banfield, 2024)
[3645064] Failed to build match row: FC Zorya Lugansk vs Sportklub Rapid
[4664996] Failed to scrape lineup: https://www.transfermarkt.co.uk/volos-nfc_ofi-crete/index/spielbericht/4664996
[4420841] Failed to build match row: Ilves Tampere vs Djurgårdens Idrottsförening
[4529464] Failed to build match row: Club Atlético Banfield vs Club Sportivo Independiente Rivadavia
[3592183] Failed to scrape lineup: https://www.transfermarkt.co.uk/leicester-city_brentford-fc/index/spielbericht/3592183
[3610431] Failed to scrape lineup: https://www.transfermarkt.co.uk/fc-barcelona_ca-osasuna/index/spielbericht/3610431
[4358880] Could not find attributes for ognjen tripkovic (FK Tekstilac Odzaci, 2024)
[4358880] Failed to build match row: FK Tekstilac Odzaci vs Fudbalski Klub Partizan Beograd
[4624673] Failed to scrape lineup: https://www.transfermarkt.co.uk/bohemians-prague-1905_mfk-karvina/index/spielbericht/4624673
[4808291] Could not find attributes for diber cambindo (Club León Fútbol Club, 2025)
[4808291] Failed to build match row: Club León Fútbol Club vs Club Tijuana Xoloitzcuintles de Caliente
[4707335] Failed to scrape lineup: https://www.transfermarkt.co.uk/spielbericht/index/spielbericht/4707335
[3851243] Failed to scrape lineup: https://www.transfermarkt.co.uk/kvc-westerlo_kv-oostende-2024-/index/spielbericht/3851243
[3496490] Could not find attributes for jaume costa (Villarreal Club de Fútbol S.A.D., 2020)
[3496490] Failed to build match row: Villarreal Club de Fútbol S.A.D. vs Fußballclub Red Bull Salzburg
[4445541] Could not find attributes for lawrence shankland (Heart of Midlothian Football Club, 2024)
[4445541] Failed to build match row: Cercle Brugge Koninklijke Sportvereniging vs Heart of Midlothian Football Club
[4626075] Failed to scrape lineup: https://www.transfermarkt.co.uk/manchester-united_crystal-palace/index/spielbericht/4626075
[4096227] Failed to scrape lineup: https://www.transfermarkt.co.uk/vfl-bochum_1-fc-heidenheim-1846/index/spielbericht/4096227
[4648850] Failed to scrape lineup: https://www.transfermarkt.co.uk/cd-santa-clara_vitoria-guimaraes-sc/index/spielbericht/4648850
[4370134] Failed to scrape lineup: https://www.transfermarkt.co.uk/rsc-anderlecht_union-saint-gilloise/index/spielbericht/4370134
[3992129] Could not find attributes for hamdy fathy (Al Ahly FC, 2022)
[3446622] Could not find attributes for rodolph austin (Esbjerg fB, 2020)
[3446622] Failed to build match row: Esbjerg fB vs Silkeborg Idrætsforening
[4362953] Failed to scrape lineup: https://www.transfermarkt.co.uk/fc-winterthur_grasshopper-club-zurich/index/spielbericht/4362953
[3992129] Failed to build match row: Al Ahly FC vs Auckland City FC
[3592184] Failed to scrape lineup: https://www.transfermarkt.co.uk/leeds-united_brighton-amp-hove-albion/index/spielbericht/3592184
[3610432] Failed to scrape lineup: https://www.transfermarkt.co.uk/real-betis-balompie_athletic-bilbao/index/spielbericht/3610432

Keepers & outfield error for **Sporting Clube de Portugal** in Sporting Clube de Portugal vs Gil Vicente Futebol Clube: Numbers: 2 and 9.
[4113096] Failed to scrape lineup: https://www.transfermarkt.co.uk/real-madrid_valencia-cf/index/spielbericht/4113096
[4420842] Failed to scrape lineup: https://www.transfermarkt.co.uk/spielbericht/index/spielbericht/4420842
[4222129] Could not find attributes for nikita medvedev (FK Rostov, 2023)
[4646081] Failed to scrape lineup: https://www.transfermarkt.co.uk/rukh-lviv_shakhtar-donetsk/index/spielbericht/4646081
[4529467] Failed to scrape lineup: https://www.transfermarkt.co.uk/club-atletico-platense_ca-rosario-central/index/spielbericht/4529467
[3432016] Failed to build match row: Sporting Clube de Portugal vs Gil Vicente Futebol Clube
[4808292] Failed to scrape lineup: https://www.transfermarkt.co.uk/deportivo-toluca_atlas-guadalajara/index/spielbericht/4808292
[3413153] Could not find attributes for taiwo awoniyi (1. Fußballclub Union Berlin, 2020)
[4222129] Failed to build match row: FK Rostov vs PFK CSKA Moskva
[4366733] Could not find attributes for oliver zelenika (NK Varazdin, 2024)
[3413153] Failed to build match row: RasenBallsport Leipzig vs 1. Fußballclub Union Berlin
[4366733] Failed to build match row: NK Varazdin vs NK Istra 1961

Keepers & outfield error for **Eintracht Frankfurt Fußball AG** in Eintracht Frankfurt Fußball AG vs Levski Sofia: Numbers: 2 and 9.
[4162639] Failed to build match row: Eintracht Frankfurt Fußball AG vs Levski Sofia
[4664997] Could not find attributes for taxiarchis filon (APO Levadiakos Football Club, 2025)
[4358881] Could not find attributes for sasa stamenkovic (Fudbalski Klub Mladost Lučani, 2024)
[4664997] Failed to build match row: APO Levadiakos Football Club vs Panathinaikos Athlitikos Omilos
[4358881] Failed to build match row: Fudbalski Klub Mladost Lučani vs Železničar Pančevo
[4374278] Could not find attributes for honest ahanor (Genoa Cricket and Football Club, 2024)
[4370135] Could not find attributes for konstantinos karetsas (Koninklijke Racing Club Genk, 2024)

Keepers & outfield error for **FC Dallas** in FC Dallas vs St. Louis City Soccer Club: Numbers: 2 and 9.
[4648851] Could not find attributes for joao moutinho (Sporting Clube de Braga, 2025)
[4374278] Failed to build match row: Società Sportiva Calcio Napoli vs Genoa Cricket and Football Club
[4726161] Could not find attributes for tomas pochettino (Fortaleza Esporte Clube, 2024)
25)
[4103651] Could not find attributes for Sandi Lovrić (Udinese Calcio, 2023)
[4129573] Could not find attributes for aylton boa morte (Kayserispor Kulübü, 2023)
[4587089] Failed to build match row: FC Dallas vs St. Louis City Soccer Club
[4370135] Failed to build match row: Koninklijke Racing Club Genk vs Koninklijke Atletiek Associatie Gent
[4648851] Failed to build match row: Sporting Clube de Braga vs Sporting Clube de Portugal
[4129573] Failed to build match row: Kayserispor Kulübü vs Fenerbahçe Spor Kulübü
[4635064] Failed to build match row: Paris Football Club vs Football Club Lorient-Bretagne Sud
[4103651] Failed to build match row: Udinese Calcio vs Bologna Football Club 1909
[4726161] Failed to build match row: Fortaleza Esporte Clube vs Sport Club Corinthians Paulista
[4624674] Could not find attributes for dominik holec (FC Baník Ostrava a.s., 2025)
[4624674] Failed to build match row: FC Baník Ostrava a.s. vs FK Pardubice

Keepers & outfield error for **Arminia Bielefeld** in Verein für Bewegungsspiele Stuttgart 1893 vs Arminia Bielefeld: Numbers: 0 and 11.
[3918224] Failed to build match row: Verein für Bewegungsspiele Stuttgart 1893 vs Arminia Bielefeld
[4808293] Could not find attributes for adalberto carrasquilla (Club Universidad Nacional A. C., 2025)
[3424056] Could not find attributes for elfar freyr helgason (Breidablik Kópavogur, 2020)
[4808293] Failed to build match row: Club Universidad Nacional A. C. vs Club de Fútbol Cruz Azul S.A. de C.V.
[3424056] Failed to build match row: Rosenborg Ballklub vs Breidablik Kópavogur
25)
[4646082] Could not find attributes for oleksandr saputin (FC Zorya Lugansk, 2025)
[4787656] Failed to build match row: FC Luzern vs Grasshopper Club Zürich
[4646082] Failed to build match row: FC Zorya Lugansk vs FK Obolon Kyiv
[3413154] Could not find attributes for omer toprak (Sportverein Werder Bremen von 1899, 2020)
[3413154] Failed to build match row: Mönchengladbach vs Sportverein Werder Bremen von 1899
[3602204] Failed to scrape lineup: https://www.transfermarkt.co.uk/shakhtar-donetsk_metalist-1925-kharkiv/index/spielbericht/3602204
[4529469] Could not find attributes for elias baez (Club Atlético San Lorenzo de Almagro, 2024)
[4529469] Failed to build match row: Club Atlético San Lorenzo de Almagro vs Club Atlético Tucumán

Keepers & outfield error for **Football Club Internazionale Milano S.p.A.** in Torino Calcio vs Football Club Internazionale Milano S.p.A.: Numbers: 0 and 11.
[4374279] Failed to build match row: Torino Calcio vs Football Club Internazionale Milano S.p.A.
[3645065] Failed to scrape lineup: https://www.transfermarkt.co.uk/spielbericht/index/spielbericht/3645065
[4707336] Failed to scrape lineup: https://www.transfermarkt.co.uk/spielbericht/index/spielbericht/4707336
[3614876] Could not find attributes for demba seck (Torino Calcio, 2021)

Keepers & outfield error for **Genoa Cricket and Football Club** in Bologna Football Club 1909 vs Genoa Cricket and Football Club: Numbers: 0 and 11.
[3614876] Failed to build match row: Torino Calcio vs Spezia Calcio
[4103652] Failed to build match row: Bologna Football Club 1909 vs Genoa Cricket and Football Club
[3918225] Could not find attributes for dennis geiger (Turn- und Sportgemeinschaft 1899 Hoffenheim Fußball-Spielbetriebs, 2022)
[3918225] Failed to build match row: Turn- und Sportgemeinschaft 1899 Hoffenheim Fußball-Spielbetriebs vs FC Schalke 04
[4641428] Could not find attributes for ringo meerveld (Sportclub Heerenveen, 2025)
[4641428] Failed to build match row: Feyenoord Rotterdam vs Sportclub Heerenveen
[4514007] Failed to scrape lineup: https://www.transfermarkt.co.uk/vancouver-whitecaps-fc_los-angeles-galaxy/index/spielbericht/4514007
[4646083] Could not find attributes for valeriy voskonyan (SK Poltava, 2025)
[4646083] Failed to build match row: SK Poltava vs FK Obolon Kyiv
[4726162] Could not find attributes for mandaca (Esporte Clube Juventude, 2024)
[4726162] Failed to build match row: Esporte Clube Juventude vs Santos Futebol Clube
[3424057] Could not find attributes for donovan slijngard (FK Zalgiris Vilnius, 2020)
[3424057] Failed to build match row: FK Zalgiris Vilnius vs Paide Linnameeskond
[4420843] Failed to scrape lineup: https://www.transfermarkt.co.uk/spielbericht/index/spielbericht/4420843
[3851245] Failed to scrape lineup: https://www.transfermarkt.co.uk/club-brugge-kv_r-charleroi-sc/index/spielbericht/3851245
[3869110] Failed to scrape lineup: https://www.transfermarkt.co.uk/sporting-cp_gd-chaves/index/spielbericht/3869110
[3432017] Failed to scrape lineup: https://www.transfermarkt.co.uk/sc-farense_cd-nacional/index/spielbericht/3432017

[4374280] Failed to scrape lineup: https://www.transfermarkt.co.uk/udinese-calcio_ac-monza/index/spielbericht/4374280
[4096228] Failed to scrape lineup: https://www.transfermarkt.co.uk/1-fc-union-berlin_bayern-munich/index/spielbericht/4096228

Keepers & outfield error for **Athlitiki Enosi Konstantinoupoleos** in Royal Sporting Club Anderlecht vs Athlitiki Enosi Konstantinoupoleos: Numbers: 2 and 9.
[4707337] Failed to build match row: Royal Sporting Club Anderlecht vs Athlitiki Enosi Konstantinoupoleos
[3614877] Could not find attributes for giorgio scalvini (Atalanta Bergamasca Calcio S.p.a., 2021)
[3614877] Failed to build match row: Venezia FC vs Atalanta Bergamasca Calcio S.p.a.
[3889134] Failed to scrape lineup: https://www.transfermarkt.co.uk/aek-athens_apo-levadiakos/index/spielbericht/3889134
[4362956] Could not find attributes for miroslav stevanovic (Servette Football Club 1890 SA, 2024)
[4362956] Failed to build match row: FC St. Gallen 1879 vs Servette Football Club 1890 SA
[4646084] Could not find attributes for valentyn gorokh (NK Veres Rivne, 2025)
[4646084] Failed to build match row: NK Veres Rivne vs FC Oleksandriya
[4094650] Failed to scrape lineup: https://www.transfermarkt.co.uk/paris-saint-germain_rc-strasbourg-alsace/index/spielbericht/4094650
[4726163] Could not find attributes for nonato (Fluminense Football Club, 2024)
[4726163] Failed to build match row: Fluminense Football Club vs Esporte Clube Bahia

Keepers & outfield error for **Sport Lisboa e Benfica** in Sport Lisboa e Benfica vs Futebol Clube do Porto: Numbers: 2 and 9.
[4648852] Failed to build match row: Sport Lisboa e Benfica vs Futebol Clube do Porto
[3424058] Could not find attributes for gunnar nielsen (FH Hafnarfjördur, 2020)
[3424058] Failed to build match row: FH Hafnarfjördur vs DAC Dunajska Streda
[3838014] Failed to scrape lineup: https://www.transfermarkt.co.uk/liverpool-fc_brighton-amp-hove-albion/index/spielbericht/3838014
[3645093] Could not find attributes for ngonda muzinga (Riga FC, 2021)

Keepers & outfield error for **Vitória Sport Clube** in Vitória Sport Clube vs Casa Pia Atlético Clube: Numbers: 0 and 11.
[3645093] Failed to build match row: Riga FC vs Lincoln Red Imps FC
[4162640] Failed to scrape lineup: https://www.transfermarkt.co.uk/spielbericht/index/spielbericht/4162640
[3496492] Failed to scrape lineup: https://www.transfermarkt.co.uk/spielbericht/index/spielbericht/3496492
[3869111] Failed to build match row: Vitória Sport Clube vs Casa Pia Atlético Clube
[3457977] Could not find attributes for giacomo volpe (Unione Sportiva Cremonese S.p.A., 2020)
[3457977] Failed to build match row: Unione Sportiva Cremonese S.p.A. vs Atletico Arezzo
[4113098] Could not find attributes for fran vieites (Real Betis Balompié S.A.D., 2023)
[4113098] Failed to build match row: Sevilla Fútbol Club S.A.D. vs Real Betis Balompié S.A.D.
[3918226] Failed to scrape lineup: https://www.transfermarkt.co.uk/spielbericht/index/spielbericht/3918226
[4366735] Failed to scrape lineup: https://www.transfermarkt.co.uk/nk-osijek_nk-varazdin/index/spielbericht/4366735
[4407562] Failed to scrape lineup: https://www.transfermarkt.co.uk/valencia-cf_rcd-mallorca/index/spielbericht/4407562
eda vs CA San Martín (San Juan): Numbers: 0 and 11.
[4395152] Failed to scrape lineup: https://www.transfermarkt.co.uk/sc-otelul-galati_fc-botosani/index/spielbericht/4395152
[4529470] Failed to build match row: Club Atlético Independiente de Avellaneda vs CA San Martín (San Juan)

Keepers & outfield error for **FC Empoli** in FC Empoli vs Associazione Calcio Milan: Numbers: 2 and 9.
[4103653] Failed to build match row: FC Empoli vs Associazione Calcio Milan
[3700910] Failed to scrape lineup: https://www.transfermarkt.co.uk/spielbericht/index/spielbericht/3700910
[3840171] Failed to scrape lineup: https://www.transfermarkt.co.uk/clermont-foot-63_as-monaco/index/spielbericht/3840171
[4370136] Could not find attributes for dennis praet (Royal Antwerp Football Club, 2024)
[4222130] Failed to scrape lineup: https://www.transfermarkt.co.uk/spielbericht/index/spielbericht/4222130
[4370136] Failed to build match row: Royal Antwerp Football Club vs Oud-Heverlee Leuven
[3889135] Failed to scrape lineup: https://www.transfermarkt.co.uk/aris-thessaloniki_panathinaikos-fc/index/spielbericht/3889135
[4635065] Failed to scrape lineup: https://www.transfermarkt.co.uk/rc-strasbourg-alsace_angers-sco/index/spielbericht/4635065
[4646085] Failed to scrape lineup: https://www.transfermarkt.co.uk/karpaty-lviv_epicentr-kamyanets-podilskyi/index/spielbericht/4646085
[3997409] Could not find attributes for aisar ahmed (AD Ceuta FC, 2022)
[3997409] Failed to build match row: AD Ceuta FC vs Futbol Club Barcelona
ca Calcio S.p.a., 2021)
[3614878] Failed to build match row: Atalanta Bergamasca Calcio S.p.a. vs US Salernitana 1919
[4664999] Failed to scrape lineup: https://www.transfermarkt.co.uk/panetolikos_ae-kifisia/index/spielbericht/4664999

Keepers & outfield error for **Associazione Calcio Fiorentina** in Venezia FC vs Associazione Calcio Fiorentina: Numbers: 0 and 11.
[3413155] Failed to scrape lineup: https://www.transfermarkt.co.uk/bayer-04-leverkusen_borussia-dortmund/index/spielbericht/3413155
[3447003] Failed to scrape lineup: https://www.transfermarkt.co.uk/lyngby-bk_aalborg-bk/index/spielbericht/3447003
[4374281] Failed to build match row: Venezia FC vs Associazione Calcio Fiorentina
[4648853] Could not find attributes for ponck (AVS Futebol SAD, 2025)
[4648853] Failed to build match row: Gil Vicente Futebol Clube vs AVS Futebol SAD
[4626077] Failed to scrape lineup: https://www.transfermarkt.co.uk/wolverhampton-wanderers_aston-villa/index/spielbericht/4626077
[4129576] Could not find attributes for louka prip (Konyaspor, 2023)
[4129576] Failed to build match row: Samsunspor vs Konyaspor
[4420844] Could not find attributes for giorgi makaridze (Iberia 1999 Tbilisi, 2024)
[4420844] Failed to build match row: Iberia 1999 Tbilisi vs İstanbul Başakşehir Futbol Kulübü
[4726164] Could not find attributes for gabriel bahia (S. A. F. Botafogo, 2024)
[4726164] Failed to build match row: S. A. F. Botafogo vs Fortaleza Esporte Clube
[4366736] Could not find attributes for zvonimir subaric (NK Lokomotiva Zagreb, 2024)
[4366736] Failed to build match row: GNK Dinamo Zagreb vs NK Lokomotiva Zagreb
[4787657] Could not find attributes for miroslav stevanovic (Servette Football Club 1890 SA, 2025)
[3602205] Failed to scrape lineup: https://www.transfermarkt.co.uk/ingulets-petrove_dynamo-kyiv/index/spielbericht/3602205
[4787657] Failed to build match row: FC Lugano vs Servette Football Club 1890 SA
[3851246] Could not find attributes for stipe perica (Royal Standard Club de Liège, 2022)
[3851246] Failed to build match row: Royal Antwerp Football Club vs Royal Standard Club de Liège
[4587090] Could not find attributes for junior urso (Houston Dynamo, 2024)
[4587090] Failed to build match row: Houston Dynamo vs Philadelphia Union
[3457978] Could not find attributes for mattia viti (FC Empoli, 2020)
[3457978] Failed to build match row: FC Empoli vs AC Renate
[4407563] Could not find attributes for matija nastasic (CD Leganés, 2024)
[4407563] Failed to build match row: Real Madrid Club de Fútbol vs CD Leganés
[3588214] Failed to scrape lineup: https://www.transfermarkt.co.uk/1-fc-union-berlin_arminia-bielefeld/index/spielbericht/3588214

Keepers & outfield error for **Football Club Lorient-Bretagne Sud** in Football Club Lorient-Bretagne Sud vs Angers Sporting Club de l'Ouest: Numbers: 0 and 11.
[3840172] Failed to build match row: Football Club Lorient-Bretagne Sud vs Angers Sporting Club de l'Ouest
[4646086] Could not find attributes for oleksiy palamarchuk (LNZ Cherkasy, 2025)
[4646086] Failed to build match row: LNZ Cherkasy vs FK Kolos Kovalivka
[3413156] Could not find attributes for makoto hasebe (Eintracht Frankfurt Fußball AG, 2020)
[3413156] Failed to build match row: Sport-Club Freiburg vs Eintracht Frankfurt Fußball AG
[3851247] Failed to scrape lineup: https://www.transfermarkt.co.uk/rfc-seraing_rsc-anderlecht/index/spielbericht/3851247
[3997410] Could not find attributes for nacho martin (Sporting Gijón, 2022)
[4587091] Failed to scrape lineup: https://www.transfermarkt.co.uk/sporting-kansas-city_new-york-city-fc/index/spielbericht/4587091
[3997410] Failed to build match row: Sporting Gijón vs Valencia Club de Fútbol S. A. D.
[3424059] Could not find attributes for blaine hudson (The New Saints, 2020)
[3424059] Failed to build match row: The New Saints vs MSK Zilina
[4420845] Could not find attributes for luquinhas (Legia Warszawa Spółka Akcyjna, 2024)
[4420845] Failed to build match row: Brøndby Idrætsforening vs Legia Warszawa Spółka Akcyjna
[3889136] Could not find attributes for nikolaos papadopoulos (A.G.S Asteras Tripolis, 2022)
[4370137] Could not find attributes for marko ilic (KV Kortrijk, 2024)
[3889136] Failed to build match row: A.G.S Asteras Tripolis vs Panthessalonikios Athlitikos Omilos Konstantinoupoliton
[4370137] Failed to build match row: KV Kortrijk vs Cercle Brugge Koninklijke Sportvereniging
[4665000] Could not find attributes for christos sielis (Panetolikos Agrinio, 2025)
[4665000] Failed to build match row: Athlitiki Enosi Konstantinoupoleos vs Panetolikos Agrinio
[4129577] Could not find attributes for florin nita (Gaziantep Futbol Kulübü A.Ş., 2023)
[4129577] Failed to build match row: Gaziantep Futbol Kulübü A.Ş. vs Adana Demirspor
[3645103] Could not find attributes for aqil mammadov (Neftchi Baku, 2021)
[3645103] Failed to build match row: Neftchi Baku vs Maccabi Haifa
[4707338] Failed to scrape lineup: https://www.transfermarkt.co.uk/spielbericht/index/spielbericht/4707338
[4407564] Could not find attributes for maroan sannadi (Athletic Club Bilbao, 2024)
[4407564] Failed to build match row: Athletic Club Bilbao vs Futbol Club Barcelona
[4646087] Could not find attributes for yevgen volynets (FK Polissya Zhytomyr, 2025)
[4646087] Failed to build match row: FK Polissya Zhytomyr vs FC Shakhtar Donetsk
[3838015] Failed to scrape lineup: https://www.transfermarkt.co.uk/manchester-city_manchester-united/index/spielbericht/3838015
[3869112] Failed to scrape lineup: https://www.transfermarkt.co.uk/cs-maritimo_portimonense-sc/index/spielbericht/3869112
[4162641] Failed to scrape lineup: https://www.transfermarkt.co.uk/spielbericht/index/spielbericht/4162641

Keepers & outfield error for **Manchester United Football Club** in Everton Football Club vs Manchester United Football Club: Numbers: 3 and 8.
[3592186] Failed to build match row: Everton Football Club vs Manchester United Football Club
[4641429] Failed to scrape lineup: https://www.transfermarkt.co.uk/excelsior-rotterdam_sparta-rotterdam/index/spielbericht/4641429
[4366737] Could not find attributes for kresimir krizmanic (HNK Gorica, 2024)
[4624675] Failed to scrape lineup: https://www.transfermarkt.co.uk/fc-hradec-kralove_fk-mlada-boleslav/index/spielbericht/4624675
[4366737] Failed to build match row: HNK Gorica vs NK Slaven Belupo Koprivnica

Keepers & outfield error for **Fotbal Club CFR 1907 Cluj SA** in Fotbal Club CFR 1907 Cluj SA vs Asociația Fotbal Club Unirea 04 Slobozia: Numbers: 2 and 9.
[4395155] Failed to build match row: Fotbal Club CFR 1907 Cluj SA vs Asociația Fotbal Club Unirea 04 Slobozia
[4420846] Could not find attributes for plamen galabov (Maccabi Petah Tikva, 2024)
[4648855] Could not find attributes for jakub brabec (Rio Ave Futebol Clube, 2025)
[4420846] Failed to build match row: Maccabi Petah Tikva vs Fotbal Club CFR 1907 Cluj SA
[4096229] Failed to scrape lineup: https://www.transfermarkt.co.uk/1-fc-heidenheim-1846_rb-leipzig/index/spielbericht/4096229
[4648855] Failed to build match row: Rio Ave Futebol Clube vs Futebol Clube de Alverca
[4358882] Could not find attributes for savo radanovic (Fudbalski klub Crvena zvezda Beograd, 2024)
[4358882] Failed to build match row: Fudbalski klub Crvena zvezda Beograd vs Fudbalski Klub IMT Novi Beograd
[4370138] Could not find attributes for rob schoofs (Yellow-Red Koninklijke Voetbalclub Mechelen, 2024)
[4370138] Failed to build match row: Yellow-Red Koninklijke Voetbalclub Mechelen vs St Truiden
[3869113] Failed to scrape lineup: https://www.transfermarkt.co.uk/boavista-fc_sl-benfica/index/spielbericht/3869113
[3447005] Could not find attributes for zeca (Football Club København, 2020)
[3645104] Could not find attributes for josh cohen (Maccabi Haifa, 2021)
[4129578] Could not find attributes for ousseynou ba (İstanbul Başakşehir Futbol Kulübü, 2023)
[3645104] Failed to build match row: Maccabi Haifa vs Neftchi Baku
[4129578] Failed to build match row: İstanbul Başakşehir Futbol Kulübü vs Sivasspor
[3447005] Failed to build match row: Odense Boldklub vs Football Club København
[3610435] Could not find attributes for njegos petrovic (Granada CF, 2021)
[3614880] Could not find attributes for kristjan asllani (FC Empoli, 2021)
[4646088] Could not find attributes for yuriy volodymyr gereta (FC Rukh Lviv, 2025)
[3610435] Failed to build match row: Granada CF vs Elche Club de Fútbol S.A.D.
[3614880] Failed to build match row: FC Empoli vs Torino Calcio
[4646088] Failed to build match row: FC Rukh Lviv vs FK Kryvbas Kryvyi Rig
[4222131] Could not find attributes for zakhar volkov (FC Khimki (-2025), 2023)
[4222131] Failed to build match row: FC Khimki (-2025) vs FK Krasnodar
[4787658] Could not find attributes for stefan bukinac (Berner Sport Club Young Boys, 2025)
[3602206] Could not find attributes for roman miroshnyk (NK Veres Rivne, 2021)
[4162642] Could not find attributes for ivan rogac (Tobol Kostanay, 2023)
[4162642] Failed to build match row: FC Viktoria Plzeň, a.s. vs Tobol Kostanay
[4787658] Failed to build match row: FC St. Gallen 1879 vs Berner Sport Club Young Boys
[3457979] Could not find attributes for alessandro iacobucci (Frosinone Calcio, 2020)
[3602206] Failed to build match row: NK Veres Rivne vs FC Minaj
[4113101] Failed to scrape lineup: https://www.transfermarkt.co.uk/real-betis-balompie_rcd-mallorca/index/spielbericht/4113101
[3588215] Could not find attributes for youssoufa moukoko (Borussia Dortmund, 2021)

Keepers & outfield error for **Alaves** in Alaves vs Sevilla Fútbol Club S.A.D.: Numbers: 2 and 9.
[3457979] Failed to build match row: Frosinone Calcio vs Calcio Padova
[3588215] Failed to build match row: Mönchengladbach vs Borussia Dortmund
[3997411] Failed to build match row: Alaves vs Sevilla Fútbol Club S.A.D.
[3889137] Could not find attributes for boris kleyman (Volou Neos Podosferikos Syllogos, 2022)
[4362960] Could not find attributes for miroslav stevanovic (Servette Football Club 1890 SA, 2024)

Keepers & outfield error for **Turn- und Sportgemeinschaft 1899 Hoffenheim Fußball-Spielbetriebs** in Turn- und Sportgemeinschaft 1899 Hoffenheim Fußball-Spielbetriebs vs Molde Fotballklubb: Numbers: 2 and 9.
[3889137] Failed to build match row: Volou Neos Podosferikos Syllogos vs APS Atromitos Athinon
[4362960] Failed to build match row: Servette Football Club 1890 SA vs FC Sion
[3496494] Failed to build match row: Turn- und Sportgemeinschaft 1899 Hoffenheim Fußball-Spielbetriebs vs Molde Fotballklubb
[4366739] Could not find attributes for antonio djakovic (HNK Sibenik, 2024)
[4624676] Failed to build match row: FK Dukla Praha a.s. vs AC Sparta Praha, a. s.
[4366739] Failed to build match row: HNK Hajduk Split vs HNK Sibenik
[4374283] Failed to scrape lineup: https://www.transfermarkt.co.uk/acf-fiorentina_bologna-fc-1909/index/spielbericht/4374283
[4445545] Could not find attributes for fedor lapoukhov (Dinamo Minsk, 2024)
[4445545] Failed to build match row: Panathinaikos Athlitikos Omilos vs Dinamo Minsk
[4665001] Could not find attributes for issiaga sylla (A.G.S Asteras Tripolis, 2025)
[4665001] Failed to build match row: A.G.S Asteras Tripolis vs Omilos Filathlon Irakliou FC

Keepers & outfield error for **Futebol Clube do Porto** in Futebol Clube do Porto vs Futebol Clube de Famalicão: Numbers: 0 and 11.
[3851248] Failed to scrape lineup: https://www.transfermarkt.co.uk/union-saint-gilloise_oud-heverlee-leuven/index/spielbericht/3851248
[3424060] Failed to scrape lineup: https://www.transfermarkt.co.uk/spielbericht/index/spielbericht/3424060
[4587092] Failed to scrape lineup: https://www.transfermarkt.co.uk/nashville-sc_toronto-fc/index/spielbericht/4587092
[4648856] Failed to build match row: Futebol Clube do Porto vs Futebol Clube de Famalicão
[4358883] Could not find attributes for balsa popovic (Omladinski fudbalski klub Beograd, 2024)
[4358883] Failed to build match row: Omladinski fudbalski klub Beograd vs Fudbalski Klub Radnički Niš

Keepers & outfield error for **Futebol Clube de Famalicão** in Futebol Clube de Famalicão vs Clube Desportivo Santa Clara: Numbers: 0 and 11.
[3869114] Failed to build match row: Futebol Clube de Famalicão vs Clube Desportivo Santa Clara
[4370139] Could not find attributes for isa sakamoto (Koninklijke Voetbal Club Westerlo, 2024)
[4370139] Failed to build match row: Koninklijke Voetbal Club Westerlo vs Royal Charleroi Sporting Club
[4514009] Could not find attributes for dylan chambost (Columbus Crew, 2024)
[3700911] Could not find attributes for aitor elena (Unión Club Ceares, 2021)
[4514009] Failed to build match row: Columbus Crew vs Houston Dynamo
[3700911] Failed to build match row: Unión Club Ceares vs Sporting Gijón
[4094652] Could not find attributes for tiemoue bakayoko (Football Club Lorient-Bretagne Sud, 2023)
[4094652] Failed to build match row: Football Club Lorient-Bretagne Sud vs Rennes
[4707340] Could not find attributes for zan luk leban (NK Celje, 2025)

Keepers & outfield error for **Asociación Atlética Argentinos Juniors** in Asociación Atlética Argentinos Juniors vs Club Estudiantes de La Plata: Numbers: 0 and 11.
[4707340] Failed to build match row: NK Celje vs FC Baník Ostrava a.s.
[4529478] Failed to build match row: Asociación Atlética Argentinos Juniors vs Club Estudiantes de La Plata

Keepers & outfield error for **Turn- und Sportgemeinschaft 1899 Hoffenheim Fußball-Spielbetriebs** in Hertha BSC vs Turn- und Sportgemeinschaft 1899 Hoffenheim Fußball-Spielbetriebs: Numbers: 2 and 9.
[3413157] Failed to build match row: Hertha BSC vs Turn- und Sportgemeinschaft 1899 Hoffenheim Fußball-Spielbetriebs
[3447006] Could not find attributes for saeed ezatolahi (Vejle Boldklub, 2020)
[4808294] Could not find attributes for rodolfo cota (Club de Futbol América S. A. de C. V., 2025)
[3447006] Failed to build match row: Aarhus Gymnastik Forening vs Vejle Boldklub
[4808294] Failed to build match row: Club de Futbol América S. A. de C. V. vs Mazatlán Futbol Club
[4129579] Could not find attributes for ramzi safuri (Antalyaspor, 2023)
[3645105] Could not find attributes for matvei igonen (FC Flora Tallinn, 2021)
[4129579] Failed to build match row: Antalyaspor vs Kasımpaşa A.Ş.
[3645105] Failed to build match row: FC Flora Tallinn vs Shamrock Rovers
[4103656] Could not find attributes for nikola krstovic (Unione Sportiva Lecce, 2023)
[4103656] Failed to build match row: Unione Sportiva Lecce vs Cagliari Calcio

Keepers & outfield error for **FC Zürich** in FC Zürich vs Fussballclub Winterthur: Numbers: 2 and 9.
[4665002] Could not find attributes for nikolaos melissas (Athlitiki Enosi Larisas, 2025)
[4787659] Failed to build match row: FC Zürich vs Fussballclub Winterthur
[4665002] Failed to build match row: Athlitiki Enosi Larisas vs APO Levadiakos Football Club
[3889138] Could not find attributes for alexandros paschalakis (Olympiakos Syndesmos Filathlon Peiraios, 2022)
[4445546] Could not find attributes for luquinhas (Legia Warszawa Spółka Akcyjna, 2024)
[3889138] Failed to build match row: Olympiakos Syndesmos Filathlon Peiraios vs Panetolikos Agrinio
[4445546] Failed to build match row: Legia Warszawa Spółka Akcyjna vs Real Betis Balompié S.A.D.
[4358884] Could not find attributes for matija gocmanac (Fudbalski Klub Vojvodina, 2024)

Keepers & outfield error for **Sporting Clube de Portugal** in Sporting Clube de Portugal vs Clube Desportivo Santa Clara: Numbers: 2 and 9.
[4358884] Failed to build match row: Fudbalski Klub Vojvodina vs Fudbalski Klub Spartak Ždrepčeva krv

Keepers & outfield error for **Athletic Club Bilbao** in Athletic Club Bilbao vs Cádiz CF: Numbers: 2 and 9.
[3602207] Could not find attributes for oleksandr ilyushchenkov (PFK Lviv, 2021)
[4648857] Failed to build match row: Sporting Clube de Portugal vs Clube Desportivo Santa Clara
[4370140] Failed to build match row: FC Verbroedering Denderhoutem Denderleeuw Eendracht Hekelgem vs Beerschot VA
[4113103] Failed to build match row: Athletic Club Bilbao vs Cádiz CF

Keepers & outfield error for **Paris Saint-Germain Football Club** in Paris Saint-Germain Football Club vs Toulouse Football Club: Numbers: 2 and 9.
[3602207] Failed to build match row: PFK Lviv vs Ingulets Petrove
[3840174] Failed to build match row: Paris Saint-Germain Football Club vs Toulouse Football Club
[4362962] Could not find attributes for stefanos kapino (Fussballclub Winterthur, 2024)
[3413158] Could not find attributes for matthew hoppe (FC Schalke 04, 2020)
[4362962] Failed to build match row: Football Club Lausanne-Sport vs Fussballclub Winterthur
[3413158] Failed to build match row: FC Schalke 04 vs 1. Fußball-Club Köln
[4129580] Could not find attributes for alex oxlade chamberlain (Beşiktaş Jimnastik Kulübü, 2023)
[3447013] Could not find attributes for brian hamalainen (Lyngby Boldklub, 2020)
[4129580] Failed to build match row: Beşiktaş Jimnastik Kulübü vs Alanyaspor
[4635068] Could not find attributes for senny mayulu (Paris Saint-Germain Football Club, 2025)
[4420848] Could not find attributes for nikola cavlina (NK Osijek s.d.d., 2024)
[3447013] Failed to build match row: Fodbold Club Midtjylland vs Lyngby Boldklub
[4635068] Failed to build match row: Lille Olympique Sporting Club vs Paris Saint-Germain Football Club
[3424061] Could not find attributes for ohad levita (Hapoel Beer Sheva, 2020)
[4707341] Could not find attributes for anatoli gospodinov (Arda Kardzhali, 2025)
[4420848] Failed to build match row: NK Osijek s.d.d. vs Zira FC
[3424061] Failed to build match row: Hapoel Beer Sheva vs Dinamo Batumi
[4707341] Failed to build match row: RKS Raków Częstochowa SA vs Arda Kardzhali

Keepers & outfield error for **Futebol Clube de Arouca** in Futebol Clube de Arouca vs Sporting Clube de Braga: Numbers: 2 and 9.
[3869115] Failed to build match row: Futebol Clube de Arouca vs Sporting Clube de Braga
[3645106] Could not find attributes for matvei igonen (FC Flora Tallinn, 2021)
[3645106] Failed to build match row: Shamrock Rovers vs FC Flora Tallinn
[4514010] Could not find attributes for kalani kossa rienzi (Seattle Sounders FC, 2024)
[4514010] Failed to build match row: Seattle Sounders FC vs Los Angeles Football Club
[3457980] Failed to scrape lineup: https://www.transfermarkt.co.uk/spielbericht/index/spielbericht/3457980
[4222132] Could not find attributes for oleg smirnov (Volgar Astrakhan, 2023)
[4665003] Could not find attributes for lefteris choutesiotis (APS Atromitos Athinon, 2025)
[4665003] Failed to build match row: APS Atromitos Athinon vs Athlitiki Enosi Kifisias
[4222132] Failed to build match row: Volgar Astrakhan vs RFK Akhmat Grozny
[3588216] Failed to scrape lineup: https://www.transfermarkt.co.uk/sc-freiburg_fc-augsburg/index/spielbericht/3588216
[4407566] Failed to scrape lineup: https://www.transfermarkt.co.uk/real-madrid_real-sociedad/index/spielbericht/4407566
[4366740] Failed to scrape lineup: https://www.transfermarkt.co.uk/slaven-belupo-koprivnica_hnk-rijeka/index/spielbericht/4366740
[4624677] Failed to scrape lineup: https://www.transfermarkt.co.uk/fc-slovan-liberec_fc-zlin/index/spielbericht/4624677
[4374284] Failed to scrape lineup: https://www.transfermarkt.co.uk/genoa-cfc_atalanta-bc/index/spielbericht/4374284
[3496495] Failed to scrape lineup: https://www.transfermarkt.co.uk/spielbericht/index/spielbericht/3496495
pielbericht/3610436
[4370141] Could not find attributes for ousseynou niang (Royale Union Saint-Gilloise, 2024)
[4358885] Could not find attributes for dragan rosic (Fudbalski Klub Vojvodina, 2024)
[4370141] Failed to build match row: Royale Union Saint-Gilloise vs FC Verbroedering Denderhoutem Denderleeuw Eendracht Hekelgem
[4358885] Failed to build match row: Fudbalski Klub Vojvodina vs FK Jedinstvo Ub
[3840175] Could not find attributes for kiki kouyate (Montpellier HSC, 2022)
[3840175] Failed to build match row: Racing Club de Strasbourg Alsace vs Montpellier HSC
[3889139] Could not find attributes for gerasimos bakadimas (PAS Giannina, 2022)
[3889139] Failed to build match row: PAS Giannina vs Ionikos Nikeas
[4587093] Could not find attributes for kalani kossa rienzi (Seattle Sounders FC, 2024)
[4587093] Failed to build match row: Seattle Sounders FC vs San Jose Earthquakes
[4362963] Could not find attributes for marley ake (Yverdon Sport FC, 2024)
[4362963] Failed to build match row: Yverdon Sport FC vs FC Lugano
[3851250] Could not find attributes for joao silva (KV Kortrijk, 2022)
[4445547] Could not find attributes for luquinhas (Legia Warszawa Spółka Akcyjna, 2024)
[3851250] Failed to build match row: Yellow-Red Koninklijke Voetbalclub Mechelen vs KV Kortrijk
[4445547] Failed to build match row: Legia Warszawa Spółka Akcyjna vs FC Lugano

Keepers & outfield error for **Manchester United Football Club** in Brighton and Hove Albion Football Club vs Manchester United Football Club: Numbers: 3 and 8.
[3592187] Failed to build match row: Brighton and Hove Albion Football Club vs Manchester United Football Club
[4648858] Could not find attributes for joao moutinho (Sporting Clube de Braga, 2025)
[4113104] Failed to scrape lineup: https://www.transfermarkt.co.uk/celta-de-vigo_sevilla-fc/index/spielbericht/4113104
[4096232] Failed to scrape lineup: https://www.transfermarkt.co.uk/tsg-1899-hoffenheim_borussia-monchengladbach/index/spielbericht/4096232
[4648858] Failed to build match row: Moreirense Futebol Clube vs Sporting Clube de Braga
[4129581] Could not find attributes for ali kaan guneren (MKE Ankaragücü, 2023)
[4129581] Failed to build match row: MKE Ankaragücü vs Hatayspor
[4529483] Could not find attributes for joel godoy (Club Atlético Sarmiento, 2024)
[4529483] Failed to build match row: Club Atlético Sarmiento vs Club Atlético San Lorenzo de Almagro
[4665004] Failed to scrape lineup: https://www.transfermarkt.co.uk/volos-nfc_panathinaikos/index/spielbericht/4665004

Keepers & outfield error for **Asociația Fotbal Club Botoșani** in Asociația Fotbal Club Botoșani vs Fotbal Club Petrolul Ploiești: Numbers: 2 and 9.
[4395162] Failed to build match row: Asociația Fotbal Club Botoșani vs Fotbal Club Petrolul Ploiești
[4808295] Failed to scrape lineup: https://www.transfermarkt.co.uk/club-necaxa_club-tijuana/index/spielbericht/4808295
[3645107] Could not find attributes for liam walker (Lincoln Red Imps FC, 2021)
[3645107] Failed to build match row: Lincoln Red Imps FC vs Riga FC
[4162643] Could not find attributes for omari kellyman (Aston Villa Football Club, 2023)
[4162643] Failed to build match row: Aston Villa Football Club vs Hibernian Football Club
[3602208] Could not find attributes for valentin cojocaru (SC Dnipro-1, 2021)
[3602208] Failed to build match row: SC Dnipro-1 vs FC Rukh Lviv
[3496496] Could not find attributes for eitan tibi (Maccabi Tel Aviv, 2020)

Keepers & outfield error for **Associazione Sportiva Roma** in Associazione Sportiva Roma vs Bologna Football Club 1909: Numbers: 0 and 11.

Keepers & outfield error for **Association Football Club Bournemouth** in Association Football Club Bournemouth vs Leicester City: Numbers: 0 and 11.
[3432018] Failed to build match row: FC Paços de Ferreira vs Clube Desportivo de Tondela
[3838018] Failed to build match row: Association Football Club Bournemouth vs Leicester City
[4358886] Could not find attributes for mihailo bogicevic (Fudbalski Klub Spartak Ždrepčeva krv, 2024)
[4366741] Could not find attributes for zvonimir subaric (NK Lokomotiva Zagreb, 2024)
[3889140] Could not find attributes for bojan saranov (PAS Lamia 1964, 2022)
[4358886] Failed to build match row: Fudbalski Klub Spartak Ždrepčeva krv vs Omladinski fudbalski klub Beograd
[3496496] Failed to build match row: FC Shakhtar Donetsk vs Maccabi Tel Aviv
tball Club 1909
[4362969] Could not find attributes for stefanos kapino (Fussballclub Winterthur, 2024)
[3889140] Failed to build match row: PAS Lamia 1964 vs Omilos Filathlon Irakliou FC
[4587095] Could not find attributes for igor jesus (Los Angeles Football Club, 2024)
[4366741] Failed to build match row: NK Lokomotiva Zagreb vs HNK Gorica
[4362969] Failed to build match row: Fussballclub Winterthur vs FC Basel 1893 AG
[3413159] Failed to scrape lineup: https://www.transfermarkt.co.uk/1-fsv-mainz-05_vfl-wolfsburg/index/spielbericht/3413159
[4587095] Failed to build match row: Los Angeles Football Club vs Los Angeles Galaxy
[3700912] Could not find attributes for fran avila (CD San Roque de Lepe, 2021)
[4635069] Could not find attributes for ally samatta (Le Havre Athletic Club, 2025)
[4096233] Could not find attributes for anthony losilla (VfL Bochum, 2023)
[3700912] Failed to build match row: CD San Roque de Lepe vs CD Mirandés
[4635069] Failed to build match row: Olympique de Marseille vs Le Havre Athletic Club
[4096233] Failed to build match row: Verein für Leibesübungen Wolfsburg vs VfL Bochum

Keepers & outfield error for **Real Sociedad de Fútbol S.A.D.** in Real Sociedad de Fútbol S.A.D. vs Alaves: Numbers: 2 and 9.
[3610437] Failed to build match row: Real Sociedad de Fútbol S.A.D. vs Alaves
[4529488] Could not find attributes for facundo di biasi (Club de Gimnasia y Esgrima La Plata, 2024)
[4129582] Could not find attributes for dal varesanovic (Çaykur Rizespor Kulübü, 2023)
[4529488] Failed to build match row: Club de Gimnasia y Esgrima La Plata vs Asociación de Fomento Deportivo Riestra Barrio Colón
[4129582] Failed to build match row: Çaykur Rizespor Kulübü vs Pendikspor
[4707342] Failed to scrape lineup: https://www.transfermarkt.co.uk/spielbericht/index/spielbericht/4707342
[3424062] Failed to scrape lineup: https://www.transfermarkt.co.uk/spielbericht/index/spielbericht/3424062
[3869116] Failed to scrape lineup: https://www.transfermarkt.co.uk/cs-maritimo_casa-pia-ac/index/spielbericht/3869116
[4646089] Could not find attributes for anton yashkov (FK Kudrivka-1, 2025)
[4646089] Failed to build match row: FK Kudrivka-1 vs TOV FK Metalist 1925 Kharkiv
[4094654] Could not find attributes for nabil bentaleb (Lille Olympique Sporting Club, 2023)
[4094654] Failed to build match row: Lille Olympique Sporting Club vs Stade brestois 29
[4514011] Could not find attributes for matthew edwards (Atlanta United Football Club, 2024)
en/index/spielbericht/4624678
[4407567] Failed to scrape lineup: https://www.transfermarkt.co.uk/deportivo-alaves_ca-osasuna/index/spielbericht/4407567
[4514011] Failed to build match row: Atlanta United Football Club vs Red Bull New York

Keepers & outfield error for **Casa Pia Atlético Clube** in Casa Pia Atlético Clube vs Sport Lisboa e Benfica: Numbers: 3 and 8.
[4648859] Failed to build match row: Casa Pia Atlético Clube vs Sport Lisboa e Benfica
[3889141] Could not find attributes for nikolaos papadopoulos (A.G.S Asteras Tripolis, 2022)
[3889141] Failed to build match row: A.G.S Asteras Tripolis vs PAS Giannina
[3840177] Could not find attributes for desire doue (Rennes, 2022)
[3840177] Failed to build match row: Rennes vs Lille Olympique Sporting Club
[4445548] Could not find attributes for luquinhas (Legia Warszawa Spółka Akcyjna, 2024)
[4222133] Could not find attributes for islam imamov (SKA Khabarovsk, 2023)
[3645108] Could not find attributes for shahrudin mahammadaliyev (Qarabağ FK, 2021)
[3700913] Could not find attributes for alex cano (CE Europa, 2021)
[4222133] Failed to build match row: SKA Khabarovsk vs FK Sochi
[3700913] Failed to build match row: CE Europa vs SD Amorebieta

Keepers & outfield error for **Sporting Clube de Portugal** in Sporting Clube de Portugal vs Gil Vicente Futebol Clube: Numbers: 2 and 9.
[3645108] Failed to build match row: Qarabağ FK vs Aberdeen Football Club
[4445548] Failed to build match row: Legia Warszawa Spółka Akcyjna vs Dinamo Minsk
[3869117] Failed to build match row: Sporting Clube de Portugal vs Gil Vicente Futebol Clube
[4646090] Could not find attributes for oleksandr saputin (FC Zorya Lugansk, 2025)
[3614885] Could not find attributes for abdelhamid sabiri (UC Sampdoria, 2021)
[4358887] Could not find attributes for strahinja manojlovic (Fudbalski Klub Radnički Niš, 2024)
[4646090] Failed to build match row: FC Zorya Lugansk vs Futbolniy Klub Dynamo Kyiv
[3614885] Failed to build match row: UC Sampdoria vs Genoa Cricket and Football Club
[4113105] Failed to scrape lineup: https://www.transfermarkt.co.uk/rayo-vallecano_girona-fc/index/spielbericht/4113105

Keepers & outfield error for **Royal Sporting Club Anderlecht** in Royal Standard Club de Liège vs Royal Sporting Club Anderlecht: Numbers: 2 and 9.
[3496497] Could not find attributes for devyne rensch (AFC Ajax Amsterdam, 2020)
[4358887] Failed to build match row: Fudbalski Klub Radnički Niš vs Fudbalski klub Crvena zvezda Beograd
[3588219] Could not find attributes for jetro willems (SpVgg Greuther Fürth, 2021)
[3496497] Failed to build match row: AFC Ajax Amsterdam vs Lille Olympique Sporting Club
[4370143] Failed to build match row: Royal Standard Club de Liège vs Royal Sporting Club Anderlecht
[3588219] Failed to build match row: SpVgg Greuther Fürth vs FC Bayern München
[3457981] Could not find attributes for simone lo faso (Unione Sportiva Lecce, 2020)
[4529489] Could not find attributes for guillermo acosta (Club Atlético Tucumán, 2024)
[4162644] Could not find attributes for paulinho (Fodbold Club Midtjylland, 2023)
[4162644] Failed to build match row: Legia Warszawa Spółka Akcyjna vs Fodbold Club Midtjylland
[4529489] Failed to build match row: Club Atlético River Plate vs Club Atlético Tucumán
[4514012] Could not find attributes for teenage hadebe (Football Club Cincinnati, 2024)
[3457981] Failed to build match row: Unione Sportiva Lecce vs Feralpisalò
[4514012] Failed to build match row: Football Club Cincinnati vs Toronto FC
[3610438] Could not find attributes for bebe (Rayo Vallecano de Madrid S. A. D., 2021)
[3610438] Failed to build match row: Rayo Vallecano de Madrid S. A. D. vs Sevilla Fútbol Club S.A.D.
[4624679] Could not find attributes for matus maly (SK Sigma Olomouc, a.s., 2025)

Keepers & outfield error for **Futebol Clube de Arouca** in Futebol Clube de Arouca vs Grupo Desportivo Estoril Praia: Numbers: 2 and 9.
[4624679] Failed to build match row: SK Sigma Olomouc, a.s. vs FC Hradec Králové a.s.

Keepers & outfield error for **Sport Club Corinthians Paulista** in Sport Club Corinthians Paulista vs Esporte Clube Juventude: Numbers: 0 and 11.
[4648860] Failed to build match row: Futebol Clube de Arouca vs Grupo Desportivo Estoril Praia
[4726165] Failed to build match row: Sport Club Corinthians Paulista vs Esporte Clube Juventude
[3889142] Could not find attributes for dimitrios chatziisaias (APS Atromitos Athinon, 2022)
[3889142] Failed to build match row: APS Atromitos Athinon vs APO Levadiakos Football Club
[4358888] Could not find attributes for goran vuklis (Fudbalski Klub IMT Novi Beograd, 2024)
[4358888] Failed to build match row: Fudbalski Klub IMT Novi Beograd vs Fudbalski Klub Mladost Lučani
[4641432] Could not find attributes for mohamed ihattaren (Fortuna Sittardia Combinatie, 2025)
[4641432] Failed to build match row: Sportclub Telstar vs Fortuna Sittardia Combinatie
[3432019] Failed to scrape lineup: https://www.transfermarkt.co.uk/boavista-fc_b-sad/index/spielbericht/3432019
[4366743] Failed to scrape lineup: https://www.transfermarkt.co.uk/nk-istra-1961_nk-osijek/index/spielbericht/4366743
[4362973] Failed to scrape lineup: https://www.transfermarkt.co.uk/fc-zurich_servette-fc/index/spielbericht/4362973
[4103658] Failed to scrape lineup: https://www.transfermarkt.co.uk/us-salernitana-1919_juventus-fc/index/spielbericht/4103658
[4420849] Failed to scrape lineup: https://www.transfermarkt.co.uk/spielbericht/index/spielbericht/4420849
[4222134] Could not find attributes for vladislav torop (PFK CSKA Moskva, 2023)
ub vs Qarabağ FK: Numbers: 2 and 9.
[4222134] Failed to build match row: PFK CSKA Moskva vs FK Rostov
[3645109] Failed to build match row: Aberdeen Football Club vs Qarabağ FK
[4635071] Could not find attributes for senny mayulu (Paris Saint-Germain Football Club, 2025)
[4635071] Failed to build match row: Paris Saint-Germain Football Club vs Racing Club de Strasbourg Alsace
[4707343] Could not find attributes for svetoslav vutsov (Levski Sofia, 2025)
[3424063] Could not find attributes for donalio melachio douanla (FC Petrocub Hincesti, 2020)
[4707343] Failed to build match row: Levski Sofia vs Alkmaar Zaanstreek
[3424063] Failed to build match row: FC Petrocub Hincesti vs Fudbalski klub TSC Bačka Topola
[3869118] Could not find attributes for kiko bondoso (FC Vizela, 2022)
[4370144] Could not find attributes for loic mbe soh (Beerschot VA, 2024)
[4370144] Failed to build match row: Beerschot VA vs Yellow-Red Koninklijke Voetbalclub Mechelen
[3614887] Failed to scrape lineup: https://www.transfermarkt.co.uk/udinese-calcio_inter-milan/index/spielbericht/3614887
[3869118] Failed to build match row: FC Vizela vs Portimonense SC
[4420850] Failed to scrape lineup: https://www.transfermarkt.co.uk/spielbericht/index/spielbericht/4420850
[4407568] Failed to scrape lineup: https://www.transfermarkt.co.uk/cd-leganes_real-valladolid-cf/index/spielbericht/4407568
[4366746] Failed to scrape lineup: https://www.transfermarkt.co.uk/nk-varazdin_hnk-gorica/index/spielbericht/4366746
[3851252] Failed to scrape lineup: https://www.transfermarkt.co.uk/kas-eupen_krc-genk/index/spielbericht/3851252
[3889143] Could not find attributes for praxitelis vouros (Omilos Filathlon Irakliou FC, 2022)

Keepers & outfield error for **Real Betis Balompié S.A.D.** in Futbol Club Barcelona vs Real Betis Balompié S.A.D.: Numbers: 0 and 11.
[3889143] Failed to build match row: Omilos Filathlon Irakliou FC vs Aris Thessalonikis
[4808296] Could not find attributes for facundo almada (Mazatlán Futbol Club, 2025)
[4113106] Failed to build match row: Futbol Club Barcelona vs Real Betis Balompié S.A.D.
[4808296] Failed to build match row: Mazatlán Futbol Club vs Club de Fútbol Cruz Azul S.A. de C.V.
[4624680] Could not find attributes for milan heca (1. FC Slovácko, 2025)

Keepers & outfield error for **Paris Saint-Germain Football Club** in Association sportive de Monaco Football Club vs Paris Saint-Germain Football Club: Numbers: 2 and 9.
[4646091] Could not find attributes for oleksandr kemkin (FK Kryvbas Kryvyi Rig, 2025)
[4624680] Failed to build match row: 1. FC Slovácko vs FC Baník Ostrava a.s.
[3840179] Failed to build match row: Association sportive de Monaco Football Club vs Paris Saint-Germain Football Club
[4646091] Failed to build match row: FK Kryvbas Kryvyi Rig vs FK Kudrivka-1
[4358889] Could not find attributes for ognjen lukic (Železničar Pančevo, 2024)
[4358889] Failed to build match row: Železničar Pančevo vs FK Tekstilac Odzaci
[4726166] Could not find attributes for adonis frias (Santos Futebol Clube, 2024)
[4726166] Failed to build match row: Santos Futebol Clube vs Cruzeiro Esporte Clube
[4587098] Could not find attributes for darlington nagbe (Columbus Crew, 2024)
[4587098] Failed to build match row: Columbus Crew vs Orlando City Soccer Club
[3700914] Failed to scrape lineup: https://www.transfermarkt.co.uk/spielbericht/index/spielbericht/3700914
[4222135] Could not find attributes for denis adamov (AO FK Zenit Sankt-Peterburg, 2023)
[4222135] Failed to build match row: AO FK Zenit Sankt-Peterburg vs FK Dinamo Moskva
[4514013] Could not find attributes for boris enow (D.C. United, 2024)
[4514013] Failed to build match row: D.C. United vs Sporting Kansas City
[3496498] Failed to scrape lineup: https://www.transfermarkt.co.uk/spielbericht/index/spielbericht/3496498
[4707344] Could not find attributes for oleg kudryk (FK Polissya Zhytomyr, 2025)
[4707344] Failed to build match row: FK Polissya Zhytomyr vs Associazione Calcio Fiorentina
[3645111] Could not find attributes for valentin antov (CSKA-Sofia, 2021)
[3645111] Failed to build match row: CSKA-Sofia vs FC Viktoria Plzeň, a.s.
[4529491] Failed to scrape lineup: https://www.transfermarkt.co.uk/club-atletico-platense_ca-lanus/index/spielbericht/4529491
[4635072] Could not find attributes for fode ballo toure (Football Club de Metz, 2025)
[4635072] Failed to build match row: Toulouse Football Club vs Football Club de Metz
[3997413] Failed to scrape lineup: https://www.transfermarkt.co.uk/spielbericht/index/spielbericht/3997413
[4162645] Could not find attributes for niko galesic (Hrvatski Nogometni Klub Rijeka, 2023)
[4094657] Failed to scrape lineup: https://www.transfermarkt.co.uk/fc-nantes_montpellier-hsc/index/spielbericht/4094657
[3918234] Failed to scrape lineup: https://www.transfermarkt.co.uk/spielbericht/index/spielbericht/3918234
[3851253] Failed to scrape lineup: https://www.transfermarkt.co.uk/kv-oostende-2024-_cercle-brugge/index/spielbericht/3851253
[4162645] Failed to build match row: Hrvatski Nogometni Klub Rijeka vs Lille Olympique Sporting Club
[4445550] Could not find attributes for lawrence shankland (Heart of Midlothian Football Club, 2024)
[4445550] Failed to build match row: Football Club København vs Heart of Midlothian Football Club
[4420851] Could not find attributes for senou coulibaly (Omonia Nicosia, 2024)
[4420851] Failed to build match row: Omonia Nicosia vs Videoton FC
[3889144] Could not find attributes for boris kleyman (Volou Neos Podosferikos Syllogos, 2022)
[4366747] Could not find attributes for zvonimir subaric (NK Lokomotiva Zagreb, 2024)
[4366747] Failed to build match row: NK Lokomotiva Zagreb vs Hrvatski Nogometni Klub Rijeka
[3889144] Failed to build match row: Panathinaikos Athlitikos Omilos vs Volou Neos Podosferikos Syllogos
[4726167] Could not find attributes for jemmes (Mirasol Futebol Clube, 2024)
[4726167] Failed to build match row: Mirasol Futebol Clube vs Clube de Regatas do Flamengo

Keepers & outfield error for **Rio Ave Futebol Clube** in Rio Ave Futebol Clube vs Clube Desportivo Santa Clara: Numbers: 2 and 9.
[3869119] Failed to build match row: Rio Ave Futebol Clube vs Clube Desportivo Santa Clara

Keepers & outfield error for **Turn- und Sportgemeinschaft 1899 Hoffenheim Fußball-Spielbetriebs** in FC Bayern München vs Turn- und Sportgemeinschaft 1899 Hoffenheim Fußball-Spielbetriebs: Numbers: 2 and 9.
[3413162] Failed to build match row: FC Bayern München vs Turn- und Sportgemeinschaft 1899 Hoffenheim Fußball-Spielbetriebs
[4808297] Could not find attributes for aldo rocha (Club de Futbol Rojinegros S.A. de C.V., 2025)
[4808297] Failed to build match row: Club de Futbol Rojinegros S.A. de C.V. vs Querétaro Fútbol Club
[4587099] Could not find attributes for peyton miller (New England Revolution, 2024)
[4587099] Failed to build match row: New England Revolution vs Club de Foot Montréal
[3432020] Failed to scrape lineup: https://www.transfermarkt.co.uk/vitoria-guimaraes-sc_gil-vicente-fc/index/spielbericht/3432020
[4096236] Could not find attributes for max finkgrafe (1. Fußball-Club Köln, 2023)
[4096236] Failed to build match row: 1. Fußball-Club Köln vs SV Darmstadt 98
[4222136] Could not find attributes for ilya lantratov (Футбольный клуб "Локомотив" Москва, 2023)
[4222136] Failed to build match row: Футбольный клуб "Локомотив" Москва vs FK Baltika
[4646092] Could not find attributes for yevgen volynets (FK Polissya Zhytomyr, 2025)
[4646092] Failed to build match row: FK Polissya Zhytomyr vs SK Poltava
[4362980] Failed to scrape lineup: https://www.transfermarkt.co.uk/grasshopper-club-zurich_fc-lugano/index/spielbericht/4362980
[3588221] Failed to scrape lineup: https://www.transfermarkt.co.uk/rb-leipzig_vfl-bochum/index/spielbericht/3588221
[4626079] Failed to scrape lineup: https://www.transfermarkt.co.uk/afc-bournemouth_brentford-fc/index/spielbericht/4626079
[4514014] Could not find attributes for ilay feingold (New England Revolution, 2024)
[4514014] Failed to build match row: New England Revolution vs Philadelphia Union
[4726168] Could not find attributes for renzo saravia (Clube Atlético Mineiro, 2024)
[4726168] Failed to build match row: Clube Atlético Mineiro vs Club de Regatas Vasco da Gama
[4648861] Could not find attributes for arjen van der heide (Clube Desportivo de Tondela, 2025)
[4648861] Failed to build match row: Vitória Sport Clube vs Clube Desportivo de Tondela
[3840180] Could not find attributes for faouzi ghoulam (Angers Sporting Club de l'Ouest, 2022)
[3432021] Failed to scrape lineup: https://www.transfermarkt.co.uk/cd-tondela_gil-vicente-fc/index/spielbericht/3432021
[3840180] Failed to build match row: Angers Sporting Club de l'Ouest vs Association de la Jeunesse auxerroise
[4529494] Could not find attributes for kevin jappert (Club Atlético Barracas Central, 2024)
[4529494] Failed to build match row: Club Atlético Sarmiento vs Club Atlético Barracas Central
[3918235] Could not find attributes for florian kirschke (VfB Lübeck, 2022)
[3918235] Failed to build match row: VfB Lübeck vs 1. Fußball- und Sportverein Mainz 05
[4113108] Could not find attributes for matija nastasic (Real Club Deportivo Mallorca S.A.D., 2023)
[4113108] Failed to build match row: Celta vs Real Club Deportivo Mallorca S.A.D.

Keepers & outfield error for **Villarreal Club de Fútbol S.A.D.** in Villarreal Club de Fútbol S.A.D. vs Real Madrid Club de Fútbol: Numbers: 2 and 9.
[3997414] Failed to build match row: Villarreal Club de Fútbol S.A.D. vs Real Madrid Club de Fútbol
[4094658] Could not find attributes for daler kuzyaev (Le Havre Athletic Club, 2023)
[4094658] Failed to build match row: Le Havre Athletic Club vs Racing Club de Lens
[3614888] Failed to scrape lineup: https://www.transfermarkt.co.uk/acf-fiorentina_as-roma/index/spielbericht/3614888
[3424064] Could not find attributes for dashamir xhika (FK Kukësi, 2020)
[3424064] Failed to build match row: FK Kukësi vs Slavia Sofia
[4787660] Failed to scrape lineup: https://www.transfermarkt.co.uk/fc-sion_fc-basel-1893/index/spielbericht/4787660
[4808298] Could not find attributes for Oussama Idrissi (Promotora del Club Pachuca S. A. de C. V., 2025)
[4808298] Failed to build match row: Promotora del Club Pachuca S. A. de C. V. vs Deportivo Toluca Futbol Club, S. A. de C. V.
[4635073] Could not find attributes for samir chergui (Paris Football Club, 2025)
[4129584] Could not find attributes for chandrel massanga (Hatayspor, 2023)
[3851254] Could not find attributes for jorne spileers (Club Brugge Koninklijke Voetbalvereniging, 2022)
[4358890] Failed to scrape lineup: https://www.transfermarkt.co.uk/fk-partizan-belgrade_fk-novi-pazar/index/spielbericht/4358890
[4374288] Failed to scrape lineup: https://www.transfermarkt.co.uk/us-lecce_torino-fc/index/spielbericht/4374288
[4635073] Failed to build match row: Racing Club de Lens vs Paris Football Club
[4129584] Failed to build match row: Hatayspor vs Beşiktaş Jimnastik Kulübü
[3851254] Failed to build match row: Club Brugge Koninklijke Voetbalvereniging vs Yellow-Red Koninklijke Voetbalclub Mechelen
[4407569] Could not find attributes for sergio viera (UD Las Palmas, 2024)
[3889145] Could not find attributes for alexandros malis (Panetolikos Agrinio, 2022)
[4407569] Failed to build match row: Espanol vs UD Las Palmas
[3889145] Failed to build match row: Panetolikos Agrinio vs Ionikos Nikeas
[3840181] Could not find attributes for maximiliano caufriez (Clermont Foot 63, 2022)
[3840181] Failed to build match row: Clermont Foot 63 vs Olympique de Marseille

Keepers & outfield error for **FC Dallas** in FC Dallas vs New York City Football Club: Numbers: 2 and 9.
[3610558] Failed to scrape lineup: https://www.transfermarkt.co.uk/deportivo-alaves_granada-cf/index/spielbericht/3610558
[3447014] Could not find attributes for zeca (Football Club København, 2020)
[3447014] Failed to build match row: Football Club København vs Brøndby Idrætsforening
ham Hotspur Football Club: Numbers: 0 and 11.
[3645112] Failed to build match row: FC Paços de Ferreira vs Tottenham Hotspur Football Club
[4624681] Could not find attributes for jiri floder (FK Mladá Boleslav, a.s., 2025)
[4624681] Failed to build match row: FK Mladá Boleslav, a.s. vs Bohemians Praha 1905, a.s.
[3497451] Failed to scrape lineup: https://www.transfermarkt.co.uk/zenit-st-petersburg_fc-rostov/index/spielbericht/3497451
Not enough players found for lineup: 0, 0.
[3921097] Failed to scrape lineup: https://www.transfermarkt.co.uk/spielbericht/index/spielbericht/3921097
[3889146] Could not find attributes for konstantinos koulierakis (Panthessalonikios Athlitikos Omilos Konstantinoupoliton, 2022)
[3889146] Failed to build match row: Panthessalonikios Athlitikos Omilos Konstantinoupoliton vs Athlitiki Enosi Konstantinoupoleos
[4113109] Could not find attributes for pejino (UD Las Palmas, 2023)
[4113109] Failed to build match row: UD Las Palmas vs Rayo Vallecano de Madrid S. A. D.
[3869120] Failed to scrape lineup: https://www.transfermarkt.co.uk/fc-porto_sc-braga/index/spielbericht/3869120
[3424065] Could not find attributes for henry bonello (Valletta FC, 2020)
[3424065] Failed to build match row: Valletta FC vs Bala Town
[4222137] Could not find attributes for aleksandr selikhov (FK Spartak Moskva, 2023)
[4222137] Failed to build match row: FK Spartak Moskva vs FC Orenburg
[3614889] Could not find attributes for manolo portanova (Genoa Cricket and Football Club, 2021)
[3614889] Failed to build match row: Genoa Cricket and Football Club vs Juventus Football Club

Keepers & outfield error for **AC Monza** in AC Monza vs FC Empoli: Numbers: 0 and 11.
[4374289] Failed to build match row: AC Monza vs FC Empoli
[4624682] Could not find attributes for ales mandous (FK Pardubice, 2025)
[4624682] Failed to build match row: FK Pardubice vs SK Slavia Praha, a.s.
[4707345] Could not find attributes for samsindin ouro (ETO FC, 2025)
[4707345] Failed to build match row: ETO FC vs Sportklub Rapid
[4635074] Could not find attributes for yvon mvogo (Football Club Lorient-Bretagne Sud, 2025)
[4635074] Failed to build match row: Football Club Lorient-Bretagne Sud vs Stade brestois 29
[4395170] Could not find attributes for kouya mabea (Asociația Fotbal Club UTA Arad, 2024)
[4395170] Failed to build match row: Asociația Fotbal Club UTA Arad vs ASFC Buzau (2016-2025)
[3700915] Could not find attributes for miguelin (CD Cayón, 2021)
[3700915] Failed to build match row: CD Cayón vs SD Huesca
[4358891] Could not find attributes for lazar balevic (Fudbalski klub Napredak Kruševac, 2024)
[4358891] Failed to build match row: Fudbalski klub Napredak Kruševac vs Fudbalski klub Čukarički Beograd
[4514018] Could not find attributes for walker zimmerman (Nashville SC, 2024)
[4514018] Failed to build match row: Nashville SC vs Portland Timbers
[4103661] Failed to scrape lineup: https://www.transfermarkt.co.uk/udinese-calcio_ss-lazio/index/spielbericht/4103661
[4366748] Could not find attributes for ivan susak (NK Slaven Belupo Koprivnica, 2024)
[3497452] Could not find attributes for yuriy dyupin (FC Rubin Kazan, 2020)
[4366748] Failed to build match row: NK Slaven Belupo Koprivnica vs HNK Hajduk Split
[3497452] Failed to build match row: FK Spartak Moskva vs FC Rubin Kazan
Not enough players found for lineup: 0, 0.
[3889147] Could not find attributes for athanasios garavelis (PAS Lamia 1964, 2022)
[3921099] Failed to scrape lineup: https://www.transfermarkt.co.uk/spielbericht/index/spielbericht/3921099
[3610559] Could not find attributes for mikel vesga (Athletic Club Bilbao, 2021)
[3889147] Failed to build match row: PAS Lamia 1964 vs Olympiakos Syndesmos Filathlon Peiraios
[3610559] Failed to build match row: Athletic Club Bilbao vs Getafe Club de Fútbol S. A. D. Team Dubai
[4162647] Could not find attributes for robin propper (Football Club Twente, 2023)
[4162647] Failed to build match row: Football Club Twente vs Fenerbahçe Spor Kulübü
[4420852] Could not find attributes for jakub markovic (FC Baník Ostrava a.s., 2024)
[4420852] Failed to build match row: Football Club København vs FC Baník Ostrava a.s.
[3432022] Failed to scrape lineup: https://www.transfermarkt.co.uk/portimonense-sc_gil-vicente-fc/index/spielbericht/3432022
[4648862] Failed to scrape lineup: https://www.transfermarkt.co.uk/cd-tondela_avs-futebol/index/spielbericht/4648862
[4587101] Could not find attributes for antonio carlos (Houston Dynamo, 2024)
[4587101] Failed to build match row: Houston Dynamo vs Los Angeles Galaxy
[3997415] Failed to scrape lineup: https://www.transfermarkt.co.uk/spielbericht/index/spielbericht/3997415

Keepers & outfield error for **Pendikspor** in Pendikspor vs MKE Ankaragücü: Numbers: 2 and 9.
[4129585] Failed to build match row: Pendikspor vs MKE Ankaragücü

Keepers & outfield error for **Sport Club Internacional** in Sport Club Internacional vs Red Bull Bragantino: Numbers: 0 and 11.
[4726169] Failed to build match row: Sport Club Internacional vs Red Bull Bragantino

Keepers & outfield error for **Casa Pia Atlético Clube** in Club Football Estrela da Amadora vs Casa Pia Atlético Clube: Numbers: 3 and 8.
[4648863] Failed to build match row: Club Football Estrela da Amadora vs Casa Pia Atlético Clube
[3602209] Failed to scrape lineup: https://www.transfermarkt.co.uk/vorskla-poltava_metalist-1925-kharkiv/index/spielbericht/3602209
[3851255] Could not find attributes for lior refaelov (Royal Sporting Club Anderlecht, 2022)
[3851255] Failed to build match row: Royal Sporting Club Anderlecht vs Royal Charleroi Sporting Club
[3840182] Failed to scrape lineup: https://www.transfermarkt.co.uk/fc-nantes_fc-lorient/index/spielbericht/3840182
[4624683] Could not find attributes for jan hanus (FK Jablonec a.s., 2025)
[4624683] Failed to build match row: FK Jablonec a.s. vs FK Teplice, a.s.
[4366749] Could not find attributes for ivan susak (NK Slaven Belupo Koprivnica, 2024)
[4366749] Failed to build match row: NK Slaven Belupo Koprivnica vs HNK Sibenik
[3497453] Could not find attributes for stanislav agkatsev (FK Krasnodar, 2020)
[3497453] Failed to build match row: FK Krasnodar vs Ural Yekaterinburg
[3645113] Failed to scrape lineup: https://www.transfermarkt.co.uk/spielbericht/index/spielbericht/3645113
[4808299] Failed to scrape lineup: https://www.transfermarkt.co.uk/atletico-de-san-luis_club-leon-fc/index/spielbericht/4808299
[4646093] Could not find attributes for viktor dolgyi (FC Oleksandriya, 2025)
[4646093] Failed to build match row: FC Oleksandriya vs FK Karpaty Lviv
[3424066] Could not find attributes for tomislav barbaric (HSK Zrinjski Mostar, 2020)
[3424066] Failed to build match row: HSK Zrinjski Mostar vs FC Differdange 03
[4407570] Could not find attributes for vladyslav krapyvtsov (Girona Fútbol Club S. A. D., 2024)
[4407570] Failed to build match row: Girona Fútbol Club S. A. D. vs Club Atlético de Madrid S.A.D.
[4726170] Could not find attributes for ze marcos (Esporte Clube Vitória, 2024)
[4726170] Failed to build match row: Esporte Clube Vitória vs São Paulo Futebol Clube
[3447016] Failed to scrape lineup: https://www.transfermarkt.co.uk/randers-fc_aarhus-gf/index/spielbericht/3447016
[4787662] Could not find attributes for luka mikulic (Grasshopper Club Zürich, 2025)
[4787662] Failed to build match row: FC St. Gallen 1879 vs Grasshopper Club Zürich
[4113110] Failed to scrape lineup: https://www.transfermarkt.co.uk/ca-osasuna_ud-las-palmas/index/spielbericht/4113110
[3457982] Could not find attributes for davide bettella (AC Monza, 2020)
[3457982] Failed to build match row: AC Monza vs US Triestina
[4366750] Could not find attributes for zvonimir subaric (NK Lokomotiva Zagreb, 2024)
[4366750] Failed to build match row: HNK Hajduk Split vs NK Lokomotiva Zagreb
[3851256] Could not find attributes for stipe perica (Royal Standard Club de Liège, 2022)
[3851256] Failed to build match row: Royal Standard Club de Liège vs RFC Seraing
[4529501] Failed to scrape lineup: https://www.transfermarkt.co.uk/ca-barracas-central_ca-newells-old-boys/index/spielbericht/4529501
[3889148] Could not find attributes for sergio araujo (Athlitiki Enosi Konstantinoupoleos, 2022)
[3889148] Failed to build match row: Athlitiki Enosi Konstantinoupoleos vs A.G.S Asteras Tripolis
[3497454] Could not find attributes for giorgiy shelia (RFK Akhmat Grozny, 2020)
[3497454] Failed to build match row: RFK Akhmat Grozny vs FK Dinamo Moskva
[4096239] Failed to scrape lineup: https://www.transfermarkt.co.uk/bayern-munich_eintracht-frankfurt/index/spielbericht/4096239
[4635075] Failed to scrape lineup: https://www.transfermarkt.co.uk/angers-sco_as-monaco/index/spielbericht/4635075
[3588224] Failed to scrape lineup: https://www.transfermarkt.co.uk/vfb-stuttgart_tsg-1899-hoffenheim/index/spielbericht/3588224
[4395171] Failed to scrape lineup: https://www.transfermarkt.co.uk/fc-hermannstadt_fc-dinamo-1948/index/spielbericht/4395171
[4358892] Failed to scrape lineup: https://www.transfermarkt.co.uk/fk-radnicki-1923-kragujevac_fk-tsc-backa-topola/index/spielbericht/4358892

Keepers & outfield error for **Royal Antwerp Football Club** in Cercle Brugge Koninklijke Sportvereniging vs Royal Antwerp Football Club: Numbers: 2 and 9.
[3921100] Failed to scrape lineup: https://www.transfermarkt.co.uk/spielbericht/index/spielbericht/3921100
[4103662] Failed to scrape lineup: https://www.transfermarkt.co.uk/atalanta-bc_frosinone-calcio/index/spielbericht/4103662
[4162648] Failed to scrape lineup: https://www.transfermarkt.co.uk/spielbericht/index/spielbericht/4162648
[4370145] Failed to build match row: Cercle Brugge Koninklijke Sportvereniging vs Royal Antwerp Football Club
[4420853] Failed to scrape lineup: https://www.transfermarkt.co.uk/spielbericht/index/spielbericht/4420853
[3645122] Could not find attributes for andrej prskalo (Hrvatski Nogometni Klub Rijeka, 2021)
[3645122] Failed to build match row: Panthessalonikios Athlitikos Omilos Konstantinoupoliton vs Hrvatski Nogometni Klub Rijeka
[3614891] Failed to scrape lineup: https://www.transfermarkt.co.uk/inter-milan_fc-empoli/index/spielbericht/3614891
[4707346] Failed to scrape lineup: https://www.transfermarkt.co.uk/spielbericht/index/spielbericht/4707346
[4726171] Could not find attributes for rafael ramos (Ceará Sporting Club, 2024)
[4726171] Failed to build match row: Ceará Sporting Club vs Sociedade Esportiva Palmeiras
[3413166] Could not find attributes for makoto hasebe (Eintracht Frankfurt Fußball AG, 2020)
[3413166] Failed to build match row: Eintracht Frankfurt Fußball AG vs Hertha BSC
[3840184] Could not find attributes for kiki kouyate (Montpellier HSC, 2022)
[3447017] Could not find attributes for saeed ezatolahi (Vejle Boldklub, 2020)
[3840184] Failed to build match row: Montpellier HSC vs Stade brestois 29
[3447017] Failed to build match row: Vejle Boldklub vs Sønderjyske Fodbold
[4094661] Could not find attributes for nabil bentaleb (Lille Olympique Sporting Club, 2023)
[4094661] Failed to build match row: Lille Olympique Sporting Club vs Association sportive de Monaco Football Club

Keepers & outfield error for **FC Paços de Ferreira** in FC Paços de Ferreira vs Sporting Clube de Braga: Numbers: 2 and 9.
[3432024] Failed to build match row: FC Paços de Ferreira vs Sporting Clube de Braga
[4587102] Failed to scrape lineup: https://www.transfermarkt.co.uk/los-angeles-fc_portland-timbers/index/spielbericht/4587102
[3592196] Failed to scrape lineup: https://www.transfermarkt.co.uk/norwich-city_crystal-palace/index/spielbericht/3592196
[4129586] Failed to scrape lineup: https://www.transfermarkt.co.uk/kasimpasa_caykur-rizespor/index/spielbericht/4129586
[4635076] Could not find attributes for tylel tati (Football Club de Nantes, 2025)
[3889149] Could not find attributes for julian cuesta (Aris Thessalonikis, 2022)
[4635076] Failed to build match row: Football Club de Nantes vs Lille Olympique Sporting Club
[3889149] Failed to build match row: Aris Thessalonikis vs APS Atromitos Athinon
[4808300] Could not find attributes for gerardo arteaga (Club de Fútbol Monterrey Rayados A.C., 2025)
[4648865] Could not find attributes for ferro (Grupo Desportivo Estoril Praia, 2025)
[4808300] Failed to build match row: Club de Fútbol Monterrey Rayados A.C. vs Club Deportivo Guadalajara S. A. de C. V.
[4648865] Failed to build match row: Grupo Desportivo Estoril Praia vs Rio Ave Futebol Clube
[4096241] Could not find attributes for max finkgrafe (1. Fußball-Club Köln, 2023)
[4162649] Could not find attributes for abdul rahman baba (Panthessalonikios Athlitikos Omilos Konstantinoupoliton, 2023)
[4096241] Failed to build match row: 1. Fußball- und Sportverein Mainz 05 vs 1. Fußball-Club Köln
[4162649] Failed to build match row: Panthessalonikios Athlitikos Omilos Konstantinoupoliton vs Heart of Midlothian Football Club
[4407571] Could not find attributes for allan nyom (Getafe Club de Fútbol S. A. D. Team Dubai, 2024)
[4407571] Failed to build match row: Getafe Club de Fútbol S. A. D. Team Dubai vs Celta
[3998376] Failed to scrape lineup: https://www.transfermarkt.co.uk/spielbericht/index/spielbericht/3998376
[3602210] Failed to scrape lineup: https://www.transfermarkt.co.uk/kolos-kovalivka_fc-oleksandriya/index/spielbericht/3602210
[4420854] Could not find attributes for ognjen cancarevic (FC Noah Yerevan, 2024)
[4420854] Failed to build match row: FC Noah Yerevan vs Athlitiki Enosi Konstantinoupoleos
[4624684] Failed to scrape lineup: https://www.transfermarkt.co.uk/fc-hradec-kralove_fk-dukla-prague/index/spielbericht/4624684

Keepers & outfield error for **Newcastle United Football Club** in Newcastle United Football Club vs Brentford Football Club: Numbers: 2 and 9.
[3838025] Failed to build match row: Newcastle United Football Club vs Brentford Football Club
Not enough players found for lineup: 0, 0.
[3921101] Failed to scrape lineup: https://www.transfermarkt.co.uk/spielbericht/index/spielbericht/3921101
[4646094] Could not find attributes for vadym stashkiv (FK Obolon Kyiv, 2025)
[4646094] Failed to build match row: FK Obolon Kyiv vs NK Veres Rivne
[4395172] Could not find attributes for florin tanase (SC Fotbal Club FCSB SA, 2024)
[4370146] Could not find attributes for hasan kurucay (Oud-Heverlee Leuven, 2024)
[4395172] Failed to build match row: SC Fotbal Club FCSB SA vs Fotbal Club Rapid 1923 SA
[4370146] Failed to build match row: Oud-Heverlee Leuven vs Koninklijke Voetbal Club Westerlo
[3497455] Could not find attributes for maksim mukhin (Футбольный клуб "Локомотив" Москва, 2020)
[3497455] Failed to build match row: Футбольный клуб "Локомотив" Москва vs PFK CSKA Moskva
[3700916] Could not find attributes for giuliano barone (Calvo Sotelo Puertollano CF, 2021)
[3700916] Failed to build match row: Calvo Sotelo Puertollano CF vs Girona Fútbol Club S. A. D.
[4707347] Could not find attributes for rafa silva (Beşiktaş Jimnastik Kulübü, 2025)
[4707347] Failed to build match row: Football Club Lausanne-Sport vs Beşiktaş Jimnastik Kulübü
[3413167] Could not find attributes for taiwo awoniyi (1. Fußballclub Union Berlin, 2020)
[3413167] Failed to build match row: 1. Fußballclub Union Berlin vs Mönchengladbach
[4787663] Could not find attributes for chris kablan (FC Zürich, 2025)
[4787663] Failed to build match row: FC Zürich vs FC Luzern
[3424067] Could not find attributes for roi hentze (B36 Tórshavn, 2020)
[3424067] Failed to build match row: B36 Tórshavn vs FCI Levadia
[4726172] Could not find attributes for matheus alexandre (Sport Club do Recife, 2024)
[4726172] Failed to build match row: Sport Club do Recife vs Grêmio Foot-Ball Porto Alegrense
[3432025] Could not find attributes for felipe pires (Moreirense Futebol Clube, 2020)
[3432025] Failed to build match row: Moreirense Futebol Clube vs CS Marítimo
[3447018] Could not find attributes for jores okore (Aalborg BK, 2020)
[3447018] Failed to build match row: Aalborg BK vs AC Horsens
[4648866] Could not find attributes for nabil touaizi (Futebol Clube de Alverca, 2025)
[4648866] Failed to build match row: Futebol Clube de Alverca vs Sporting Clube de Portugal
[4103664] Could not find attributes for sandi lovric (Udinese Calcio, 2023)
[4103664] Failed to build match row: Associazione Calcio Fiorentina vs Udinese Calcio
[4641433] Could not find attributes for daouda weidmann (Football Club Twente, 2025)
[4641433] Failed to build match row: Football Club Twente vs Fortuna Sittardia Combinatie
[3851257] Failed to scrape lineup: https://www.transfermarkt.co.uk/kaa-gent_cercle-brugge/index/spielbericht/3851257
[4362983] Could not find attributes for stefanos kapino (Fussballclub Winterthur, 2024)
[4362983] Failed to build match row: FC St. Gallen 1879 vs Fussballclub Winterthur
[3614892] Could not find attributes for abdelhamid sabiri (UC Sampdoria, 2021)
[3614892] Failed to build match row: Società Sportiva Lazio S.p.A. vs UC Sampdoria
[3840185] Could not find attributes for antoine mendy (Olympique Gymnaste Club Nice Côte d'Azur, 2022)
[3840185] Failed to build match row: Olympique Gymnaste Club Nice Côte d'Azur vs AC Ajaccio
[4096242] Could not find attributes for anthony losilla (VfL Bochum, 2023)
[4096242] Failed to build match row: VfL Bochum vs Turn- und Sportgemeinschaft 1899 Hoffenheim Fußball-Spielbetriebs
[3889150] Could not find attributes for boris kleyman (Volou Neos Podosferikos Syllogos, 2022)
[3889150] Failed to build match row: Volou Neos Podosferikos Syllogos vs PAS Lamia 1964

Keepers & outfield error for **Valencia Club de Fútbol S. A. D.** in UD Almería vs Valencia Club de Fútbol S. A. D.: Numbers: 2 and 9.
[4222798] Failed to scrape lineup: https://www.transfermarkt.co.uk/spielbericht/index/spielbericht/4222798
[4113112] Failed to build match row: UD Almería vs Valencia Club de Fútbol S. A. D.
[3497456] Could not find attributes for sergey ryzhikov (PFK Tambov (-2021), 2020)
[3497456] Failed to build match row: PFK Tambov (-2021) vs Rotor Volgograd
[4162650] Could not find attributes for mihajlo ilic (Fudbalski Klub Partizan Beograd, 2023)
[4162650] Failed to build match row: Fudbalski Klub Partizan Beograd vs Fodbold Club Nordsjælland
[4358893] Could not find attributes for viktor damjanic (FK Jedinstvo Ub, 2024)
[4358893] Failed to build match row: FK Jedinstvo Ub vs FK Radnički 1923 Kragujevac
[4094663] Could not find attributes for tiemoue bakayoko (Football Club Lorient-Bretagne Sud, 2023)
[4094663] Failed to build match row: Stade Reims vs Football Club Lorient-Bretagne Sud
[4665005] Could not find attributes for noah fadiga (Aris Thessalonikis, 2025)
[4665005] Failed to build match row: Olympiakos Syndesmos Filathlon Peiraios vs Aris Thessalonikis
[3602211] Could not find attributes for oleg kudryk (FK Mariupol, 2021)
[3602211] Failed to build match row: FK Mariupol vs FC Zorya Lugansk
[4787664] Could not find attributes for stefan bukinac (Berner Sport Club Young Boys, 2025)
[4787664] Failed to build match row: Berner Sport Club Young Boys vs Fussballclub Winterthur
[3457984] Could not find attributes for mattia del favero (Delfino Pescara 1936, 2020)
[3457984] Failed to build match row: Delfino Pescara 1936 vs SSD San Nicolò Notaresco
[3447025] Could not find attributes for victor mpindi (Sønderjyske Fodbold, 2020)
[3447025] Failed to build match row: Sønderjyske Fodbold vs Fodbold Club Midtjylland
[4646095] Could not find attributes for mykyta burda (FK Kolos Kovalivka, 2025)
[4646095] Failed to build match row: FK Kolos Kovalivka vs FC Rukh Lviv
[4370147] Could not find attributes for didier lamkel ze (St Truiden, 2024)
[4370147] Failed to build match row: St Truiden vs KV Kortrijk
[4129588] Could not find attributes for shahrudin mahammadaliyev (Adana Demirspor, 2023)
[4129588] Failed to build match row: Adana Demirspor vs Antalyaspor

Keepers & outfield error for **Futebol Clube de Famalicão** in Futebol Clube de Famalicão vs Clube Desportivo Nacional: Numbers: 2 and 9.
[4648867] Failed to build match row: Futebol Clube de Famalicão vs Clube Desportivo Nacional
[4635078] Failed to scrape lineup: https://www.transfermarkt.co.uk/olympique-lyon_rc-strasbourg-alsace/index/spielbericht/4635078
[3998913] Could not find attributes for roy kortsmit (Nooit Opgeven Altijd Doorzetten Aangenaam Door Vermaak En Nuttig Door Ontspanning Combinatie Breda, 2022)
[3998913] Failed to build match row: Nooit Opgeven Altijd Doorzetten Aangenaam Door Vermaak En Nuttig Door Ontspanning Combinatie Breda vs FC Eindhoven
[3889151] Could not find attributes for lefteris choutesiotis (Ionikos Nikeas, 2022)
[3889151] Failed to build match row: Ionikos Nikeas vs Omilos Filathlon Irakliou FC
[4808301] Failed to scrape lineup: https://www.transfermarkt.co.uk/unam-pumas_cf-america/index/spielbericht/4808301
[4358894] Could not find attributes for veljko ilic (Fudbalski klub TSC Bačka Topola, 2024)
[4358894] Failed to build match row: Fudbalski klub TSC Bačka Topola vs Fudbalski klub Napredak Kruševac
[4420879] Could not find attributes for niv eliasi (Hapoel Beer Sheva, 2024)
[4420879] Failed to build match row: Hapoel Beer Sheva vs FK Mladá Boleslav, a.s.
[3413169] Could not find attributes for omer toprak (Sportverein Werder Bremen von 1899, 2020)
[3413169] Failed to build match row: Sportverein Werder Bremen von 1899 vs FC Schalke 04

Keepers & outfield error for **Villarreal Club de Fútbol S.A.D.** in Villarreal Club de Fútbol S.A.D. vs Sevilla Fútbol Club S.A.D.: Numbers: 0 and 11.
[4665006] Could not find attributes for francisco tinaglini (Panserraikos Serres, 2025)
[4407573] Failed to build match row: Villarreal Club de Fútbol S.A.D. vs Sevilla Fútbol Club S.A.D.
[4665006] Failed to build match row: Panserraikos Serres vs Panthessalonikios Athlitikos Omilos Konstantinoupoliton
[4094664] Could not find attributes for jean kevin duverne (Football Club de Nantes, 2023)
[4094664] Failed to build match row: Racing Club de Lens vs Football Club de Nantes
[4727204] Could not find attributes for marcel tisserand (Sydney Football Club, 2025)
[4727204] Failed to build match row: Melbourne City Football Club vs Sydney Football Club
[3602212] Could not find attributes for vladyslav kucheruk (Chornomorets Odesa, 2021)
[3602212] Failed to build match row: Chornomorets Odesa vs FC Shakhtar Donetsk
[4624685] Could not find attributes for matej chalus (FC Baník Ostrava a.s., 2025)
[4624685] Failed to build match row: FC Baník Ostrava a.s. vs SK Sigma Olomouc, a.s.
[3838026] Could not find attributes for serge aurier (Nottingham Forest Football Club, 2022)
[4646096] Could not find attributes for isaque (FC Shakhtar Donetsk, 2025)
[3838026] Failed to build match row: Nottingham Forest Football Club vs Aston Villa Football Club
[4646096] Failed to build match row: FC Shakhtar Donetsk vs LNZ Cherkasy

Keepers & outfield error for **US Salernitana 1919** in US Salernitana 1919 vs Cagliari Calcio: Numbers: 2 and 9.
[3614893] Failed to build match row: US Salernitana 1919 vs Cagliari Calcio

Keepers & outfield error for **FC Paços de Ferreira** in FC Paços de Ferreira vs Futebol Clube de Arouca: Numbers: 0 and 11.
[3869121] Failed to build match row: FC Paços de Ferreira vs Futebol Clube de Arouca
[4707348] Failed to scrape lineup: https://www.transfermarkt.co.uk/spielbericht/index/spielbericht/4707348
[4129589] Could not find attributes for florin nita (Gaziantep Futbol Kulübü A.Ş., 2023)
[4129589] Failed to build match row: Fatih Karagümrük Sportif Faaliyetler San. Tic. A.Ş. vs Gaziantep Futbol Kulübü A.Ş.
[3700917] Could not find attributes for pawel florek (UD Alzira, 2021)
[3700917] Failed to build match row: UD Alzira vs CF Fuenlabrada
[3851259] Could not find attributes for oleksiy sych (KV Kortrijk, 2022)
[3851259] Failed to build match row: KV Kortrijk vs Royal Antwerp Football Club
[3457985] Could not find attributes for samuele birindelli (Pisa Sporting Club, 2020)
[4103665] Failed to scrape lineup: https://www.transfermarkt.co.uk/genoa-cfc_torino-fc/index/spielbericht/4103665
[3457985] Failed to build match row: Pisa Sporting Club vs SS Juve Stabia
[3497457] Could not find attributes for ivan miladinovic (FK Sochi, 2020)
[4641434] Failed to scrape lineup: https://www.transfermarkt.co.uk/fc-groningen_feyenoord-rotterdam/index/spielbericht/4641434
[4407574] Failed to scrape lineup: https://www.transfermarkt.co.uk/deportivo-alaves_valencia-cf/index/spielbericht/4407574
[3497457] Failed to build match row: FK Sochi vs Arsenal Tula
[3645125] Could not find attributes for andrej prskalo (Hrvatski Nogometni Klub Rijeka, 2021)
[3645125] Failed to build match row: Hrvatski Nogometni Klub Rijeka vs Panthessalonikios Athlitikos Omilos Konstantinoupoliton
[3447655] Could not find attributes for josh cohen (Maccabi Haifa, 2020)
[3447655] Failed to build match row: Maccabi Haifa vs Kairat Almaty
[4358895] Could not find attributes for nikola mirkovic (Fudbalski klub Čukarički Beograd, 2024)
[4358895] Failed to build match row: Fudbalski klub Čukarički Beograd vs Fudbalski Klub Partizan Beograd
[3889152] Could not find attributes for panagiotis liagas (APO Levadiakos Football Club, 2022)
[3889152] Failed to build match row: APO Levadiakos Football Club vs Panetolikos Agrinio
[3588227] Failed to scrape lineup: https://www.transfermarkt.co.uk/arminia-bielefeld_bayer-04-leverkusen/index/spielbericht/3588227
[4624686] Could not find attributes for marek icha (FC Slovan Liberec, 2025)

Keepers & outfield error for **Futbolniy Klub Dynamo Kyiv** in Futbolniy Klub Dynamo Kyiv vs Desna Chernigiv: Numbers: 2 and 9.
[4624686] Failed to build match row: FC Viktoria Plzeň, a.s. vs FC Slovan Liberec
[3602213] Failed to build match row: Futbolniy Klub Dynamo Kyiv vs Desna Chernigiv
[4635079] Could not find attributes for yvon mvogo (Football Club Lorient-Bretagne Sud, 2025)
[4635079] Failed to build match row: Angers Sporting Club de l'Ouest vs Football Club Lorient-Bretagne Sud
[3838027] Could not find attributes for joao palhinha (Fulham Football Club, 2022)
[4646097] Could not find attributes for oleg bilyk (Epicentr Dunaivtsi, 2025)
[3838027] Failed to build match row: West Ham United Football Club vs Fulham Football Club
[4646097] Failed to build match row: Epicentr Dunaivtsi vs FC Zorya Lugansk
[4787666] Could not find attributes for renato steffen (FC Lugano, 2025)
[3851260] Could not find attributes for teddy alloh (KAS Eupen, 2022)
[3851260] Failed to build match row: St Truiden vs KAS Eupen
[4787666] Failed to build match row: FC Basel 1893 AG vs FC Lugano
[4587103] Could not find attributes for manu duah (San Diego Football Club, 2024)
[3588228] Failed to scrape lineup: https://www.transfermarkt.co.uk/1-fc-koln_spvgg-greuther-furth/index/spielbericht/3588228
[4587103] Failed to build match row: San Diego Football Club vs Nashville SC
[3889153] Failed to scrape lineup: https://www.transfermarkt.co.uk/olympiacos-piraeus_panathinaikos-fc/index/spielbericht/3889153
[4665007] Could not find attributes for nikolaos melissas (Athlitiki Enosi Larisas, 2025)
[4665007] Failed to build match row: Athlitiki Enosi Larisas vs Volou Neos Podosferikos Syllogos
[4395174] Could not find attributes for giannis anestis (Asociația Fotbal Club Botoșani, 2024)
[4395174] Failed to build match row: Asociația Fotbal Club Botoșani vs Asociația Sportivă Fotbal Club Universitatea Cluj

Keepers & outfield error for **Clube Desportivo Santa Clara** in Clube Desportivo Santa Clara vs Gil Vicente Futebol Clube: Numbers: 2 and 9.
[4648868] Failed to build match row: Clube Desportivo Santa Clara vs Gil Vicente Futebol Clube
[4129590] Could not find attributes for ousseynou ba (İstanbul Başakşehir Futbol Kulübü, 2023)
[3602214] Failed to scrape lineup: https://www.transfermarkt.co.uk/ingulets-petrove_fk-mariupol/index/spielbericht/3602214

Keepers & outfield error for **FC Empoli** in Verona Hellas Football Club vs FC Empoli: Numbers: 2 and 9.
[4129590] Failed to build match row: Trabzonspor Kulübü vs İstanbul Başakşehir Futbol Kulübü
[4103666] Failed to build match row: Verona Hellas Football Club vs FC Empoli

Keepers & outfield error for **UD Almería** in Girona Fútbol Club S. A. D. vs UD Almería: Numbers: 0 and 11.
[4370149] Could not find attributes for sofiane boufal (Royale Union Saint-Gilloise, 2024)
[4113113] Failed to build match row: Girona Fútbol Club S. A. D. vs UD Almería
[4370149] Failed to build match row: Royale Union Saint-Gilloise vs Royal Standard Club de Liège
[4707350] Failed to scrape lineup: https://www.transfermarkt.co.uk/spielbericht/index/spielbericht/4707350
[3921102] Could not find attributes for simos giatsiatsos (AER Afantou, 2022)
[4808303] Could not find attributes for sebastian jurado (Fútbol Club Juárez, 2025)
[3921102] Failed to build match row: AER Afantou vs Diagoras Vrachneikon
[4808303] Failed to build match row: Fútbol Club Juárez vs Club Tigres UANL Sinergia Deportiva S.A. de C.V.
[4358896] Could not find attributes for zeljko samcovic (Fudbalski Klub Novi Pazar, 2024)
[4358896] Failed to build match row: Fudbalski Klub Novi Pazar vs Železničar Pančevo
[4587105] Failed to scrape lineup: https://www.transfermarkt.co.uk/atlanta-united-fc_seattle-sounders-fc/index/spielbericht/4587105
[3645164] Could not find attributes for liel abada (The Celtic Football Club, 2021)
[3645164] Failed to build match row: The Celtic Football Club vs Alkmaar Zaanstreek
[3998914] Could not find attributes for frank van der heiden (HV & CV Quick, 2022)
[3998914] Failed to build match row: HV & CV Quick vs De Graafschap Doetinchem
[4624687] Could not find attributes for stanislav dostal (FC Trinity Zlin, 2025)
[4624687] Failed to build match row: FC Trinity Zlin vs AC Sparta Praha, a. s.

Keepers & outfield error for **Real Salt Lake** in Real Salt Lake vs San Diego Football Club: Numbers: 0 and 11.
[4514019] Failed to build match row: Real Salt Lake vs San Diego Football Club
[4529509] Could not find attributes for elias baez (Club Atlético San Lorenzo de Almagro, 2024)

Keepers & outfield error for **Nooit Opgeven Altijd Doorzetten Aangenaam Door Vermaak En Nuttig Door Ontspanning Combinatie Breda** in AFC Ajax Amsterdam vs Nooit Opgeven Altijd Doorzetten Aangenaam Door Vermaak En Nuttig Door Ontspanning Combinatie Breda: Numbers: 2 and 9.

Keepers & outfield error for **Vitória Sport Clube** in Vitória Sport Clube vs Sport Lisboa e Benfica: Numbers: 2 and 9.
[3497458] Could not find attributes for ilya lantratov (FC Khimki (-2025), 2020)
[4362985] Failed to scrape lineup: https://www.transfermarkt.co.uk/yverdon-sport-fc_fc-lausanne-sport/index/spielbericht/4362985
[4529509] Failed to build match row: Club Atlético Huracán vs Club Atlético San Lorenzo de Almagro
[4641435] Failed to build match row: AFC Ajax Amsterdam vs Nooit Opgeven Altijd Doorzetten Aangenaam Door Vermaak En Nuttig Door Ontspanning Combinatie Breda
[3497458] Failed to build match row: FC Khimki (-2025) vs FK Ufa
[3869122] Failed to build match row: Vitória Sport Clube vs Sport Lisboa e Benfica
[4587106] Failed to scrape lineup: https://www.transfermarkt.co.uk/charlotte-fc_toronto-fc/index/spielbericht/4587106
[4787667] Failed to scrape lineup: https://www.transfermarkt.co.uk/fc-lausanne-sport_servette-fc/index/spielbericht/4787667
[4665008] Failed to scrape lineup: https://www.transfermarkt.co.uk/ae-kifisia_aek-athens/index/spielbericht/4665008
[3588238] Failed to scrape lineup: https://www.transfermarkt.co.uk/borussia-dortmund_1-fsv-mainz-05/index/spielbericht/3588238
[4366751] Failed to scrape lineup: https://www.transfermarkt.co.uk/hnk-rijeka_nk-varazdin/index/spielbericht/4366751
[3413171] Failed to scrape lineup: https://www.transfermarkt.co.uk/borussia-monchengladbach_borussia-dortmund/index/spielbericht/3413171
[4113114] Failed to scrape lineup: https://www.transfermarkt.co.uk/ud-almeria_ud-las-palmas/index/spielbericht/4113114
[4407576] Could not find attributes for maroan sannadi (Athletic Club Bilbao, 2024)
[4407576] Failed to build match row: Getafe Club de Fútbol S. A. D. Team Dubai vs Athletic Club Bilbao
[4103667] Failed to scrape lineup: https://www.transfermarkt.co.uk/juventus-fc_us-sassuolo/index/spielbericht/4103667
[3998915] Failed to scrape lineup: https://www.transfermarkt.co.uk/spielbericht/index/spielbericht/3998915
[3432026] Failed to scrape lineup: https://www.transfermarkt.co.uk/rio-ave-fc_sl-benfica/index/spielbericht/3432026
[4648869] Failed to scrape lineup: https://www.transfermarkt.co.uk/sc-braga_fc-porto/index/spielbericht/4648869
[4358897] Could not find attributes for ognjen tripkovic (FK Tekstilac Odzaci, 2024)
[4358897] Failed to build match row: FK Tekstilac Odzaci vs Fudbalski Klub IMT Novi Beograd
Not enough players found for lineup: 0, 0.
[4808304] Could not find attributes for sebastian jurado (Fútbol Club Juárez, 2025)
[3921103] Failed to scrape lineup: https://www.transfermarkt.co.uk/spielbericht/index/spielbericht/3921103
[4808304] Failed to build match row: Club de Futbol Puebla de La Franja vs Fútbol Club Juárez
[4646098] Could not find attributes for danylo varakuta (TOV FK Metalist 1925 Kharkiv, 2025)
[3457986] Could not find attributes for giacomo bindi (Pordenone Calcio, 2020)
[4646098] Failed to build match row: Futbolniy Klub Dynamo Kyiv vs TOV FK Metalist 1925 Kharkiv
[3457986] Failed to build match row: Pordenone Calcio vs Casarano Calcio
[3447656] Could not find attributes for matko obradovic (NS Mura, 2020)
[3447656] Failed to build match row: NS Mura vs Aarhus Gymnastik Forening
[4129591] Could not find attributes for rey manaj (Sivasspor, 2023)
[4129591] Failed to build match row: Sivasspor vs Istanbulspor
[3840188] Could not find attributes for desire doue (Rennes, 2022)
[4514021] Failed to scrape lineup: https://www.transfermarkt.co.uk/san-jose-earthquakes_minnesota-united-fc/index/spielbericht/4514021
[3840188] Failed to build match row: Toulouse Football Club vs Rennes
[3602215] Could not find attributes for vladyslav kucheruk (Chornomorets Odesa, 2021)
[3602215] Failed to build match row: Chornomorets Odesa vs FC Oleksandriya
[4727206] Could not find attributes for ruon tongyik (Western Sydney Wanderers, 2025)
[4727206] Failed to build match row: Western Sydney Wanderers vs Macarthur South West Sydney (A-League)

Keepers & outfield error for **Manchester City Football Club** in Crystal Palace Football Club vs Manchester City Football Club: Numbers: 2 and 9.
[3592201] Failed to build match row: Crystal Palace Football Club vs Manchester City Football Club
[4129592] Could not find attributes for louka prip (Konyaspor, 2023)
[4129592] Failed to build match row: Konyaspor vs Kayserispor Kulübü
[4420881] Could not find attributes for armin pecsi (Puskás Akadémia FC, 2024)
[4420881] Failed to build match row: Puskás Akadémia FC vs FC Ararat-Armenia
[4529510] Could not find attributes for martin rio (Club Atlético Banfield, 2024)
[4529510] Failed to build match row: Club Atlético Banfield vs Club Atlético Independiente de Avellaneda
[4103668] Could not find attributes for nikola krstovic (Unione Sportiva Lecce, 2023)
[4103668] Failed to build match row: Società Sportiva Lazio S.p.A. vs Unione Sportiva Lecce
Not enough players found for lineup: 11, 0.
[3921104] Failed to scrape lineup: https://www.transfermarkt.co.uk/spielbericht/index/spielbericht/3921104
[3645165] Could not find attributes for liel abada (The Celtic Football Club, 2021)
[3645165] Failed to build match row: Alkmaar Zaanstreek vs The Celtic Football Club
[3497505] Could not find attributes for sean fagan (Albion Rovers FC, 2020)
[4665009] Could not find attributes for panagiotis liagas (APO Levadiakos Football Club, 2025)
[4665009] Failed to build match row: APO Levadiakos Football Club vs Panetolikos Agrinio
[4358898] Could not find attributes for sasa stamenkovic (Fudbalski Klub Mladost Lučani, 2024)
[4358898] Failed to build match row: Fudbalski Klub Mladost Lučani vs Fudbalski Klub Radnički Niš

Keepers & outfield error for **Manchester United Football Club** in Manchester United Football Club vs Chelsea Football Club: Numbers: 3 and 8.
[4129593] Could not find attributes for aylton boa morte (Kayserispor Kulübü, 2023)

Keepers & outfield error for **Turn- und Sportgemeinschaft 1899 Hoffenheim Fußball-Spielbetriebs** in Turn- und Sportgemeinschaft 1899 Hoffenheim Fußball-Spielbetriebs vs 1. Fußball-Club Köln: Numbers: 2 and 9.
[3592202] Failed to build match row: Manchester United Football Club vs Chelsea Football Club
[3413173] Failed to build match row: Turn- und Sportgemeinschaft 1899 Hoffenheim Fußball-Spielbetriebs vs 1. Fußball-Club Köln
[4129593] Failed to build match row: Kayserispor Kulübü vs Sivasspor
[4624688] Could not find attributes for klemen mihelak (FK Jablonec a.s., 2025)
[4624688] Failed to build match row: FK Jablonec a.s. vs 1. FC Slovácko

Keepers & outfield error for **Associazione Sportiva Roma** in Associazione Calcio Milan vs Associazione Sportiva Roma: Numbers: 2 and 9.
[4103669] Failed to build match row: Associazione Calcio Milan vs Associazione Sportiva Roma
[4808305] Could not find attributes for lorenzo faravelli (Impulsora del Deportivo Necaxa S.A. de C.V., 2025)
[4808305] Failed to build match row: Impulsora del Deportivo Necaxa S.A. de C.V. vs Mazatlán Futbol Club
[3700918] Could not find attributes for javier ozcariz (Peña Sport FC, 2021)
[3700918] Failed to build match row: Peña Sport FC vs Málaga CF
[4514023] Could not find attributes for harbor miller (Los Angeles Galaxy, 2024)
[3869123] Failed to scrape lineup: https://www.transfermarkt.co.uk/fc-famalicao_boavista-fc/index/spielbericht/3869123
[4514023] Failed to build match row: Los Angeles Galaxy vs St. Louis City Soccer Club
[3457987] Could not find attributes for arlind ajeti (AC Reggiana 1919, 2020)
[4374293] Failed to scrape lineup: https://www.transfermarkt.co.uk/bologna-fc-1909_genoa-cfc/index/spielbericht/4374293
[4587107] Failed to scrape lineup: https://www.transfermarkt.co.uk/d-c-united_austin-fc/index/spielbericht/4587107
[4395176] Could not find attributes for yohan roche (Fotbal Club Petrolul Ploiești, 2024)
[4370150] Failed to scrape lineup: https://www.transfermarkt.co.uk/royal-antwerp-fc_kaa-gent/index/spielbericht/4370150
[4635081] Failed to scrape lineup: https://www.transfermarkt.co.uk/stade-rennais-fc_ogc-nice/index/spielbericht/4635081
[3457987] Failed to build match row: AC Reggiana 1919 vs SS Monopoli 1966
[4787668] Failed to scrape lineup: https://www.transfermarkt.co.uk/servette-fc_fc-zurich/index/spielbericht/4787668
[3602216] Failed to scrape lineup: https://www.transfermarkt.co.uk/rukh-lviv_pfc-lviv/index/spielbericht/3602216
[4707352] Failed to scrape lineup: https://www.transfermarkt.co.uk/spielbericht/index/spielbericht/4707352
[4395176] Failed to build match row: Fotbal Club Petrolul Ploiești vs ACSM Politehnica Iasi
[4129594] Failed to scrape lineup: https://www.transfermarkt.co.uk/istanbulspor_fenerbahce/index/spielbericht/4129594

48870
[4624689] Failed to scrape lineup: https://www.transfermarkt.co.uk/fk-teplice_mfk-karvina/index/spielbericht/4624689
[4362988] Failed to scrape lineup: https://www.transfermarkt.co.uk/fc-basel-1893_fc-winterthur/index/spielbericht/4362988
[4358899] Could not find attributes for omri glazer (Fudbalski klub Crvena zvezda Beograd, 2024)
[4358899] Failed to build match row: Fudbalski klub Crvena zvezda Beograd vs Fudbalski Klub Spartak Ždrepčeva krv
[3646046] Could not find attributes for lior refaelov (Royal Sporting Club Anderlecht, 2021)
[3646046] Failed to build match row: Royal Sporting Club Anderlecht vs Vitesse Arnhem
[4420882] Could not find attributes for bruno varela (Vitória Sport Clube, 2024)
[4420882] Failed to build match row: Vitória Sport Clube vs FC Zürich
[3840190] Failed to scrape lineup: https://www.transfermarkt.co.uk/fc-lorient_ac-ajaccio/index/spielbericht/3840190
[3998917] Failed to scrape lineup: https://www.transfermarkt.co.uk/spielbericht/index/spielbericht/3998917

Keepers & outfield error for **Club Atlético River Plate** in Club Atlético River Plate vs Club Estudiantes de La Plata: Numbers: 2 and 9.
[3432027] Failed to scrape lineup: https://www.transfermarkt.co.uk/fc-porto_portimonense-sc/index/spielbericht/3432027
[4113115] Failed to scrape lineup: https://www.transfermarkt.co.uk/ud-las-palmas_atletico-de-madrid/index/spielbericht/4113115
[4529511] Failed to build match row: Club Atlético River Plate vs Club Estudiantes de La Plata
[3838030] Failed to scrape lineup: https://www.transfermarkt.co.uk/fulham-fc_afc-bournemouth/index/spielbericht/3838030
[4646099] Failed to scrape lineup: https://www.transfermarkt.co.uk/kolos-kovalivka_dynamo-kyiv/index/spielbericht/4646099
[3646047] Failed to scrape lineup: https://www.transfermarkt.co.uk/spielbericht/index/spielbericht/3646047
[3447664] Could not find attributes for shahrudin mahammadaliyev (Qarabağ FK, 2020)
[3447664] Failed to build match row: Qarabağ FK vs Molde Fotballklubb
[4529513] Could not find attributes for kevin jappert (Club Atlético Barracas Central, 2024)
[3424068] Could not find attributes for matus macik (MFK Ruzomberok, 2020)
odoy Cruz Antonio Tomba
[3424068] Failed to build match row: Servette Football Club 1890 SA vs MFK Ruzomberok
[4626086] Could not find attributes for joao palhinha (Tottenham Hotspur Football Club, 2025)
[4626086] Failed to build match row: Tottenham Hotspur Football Club vs Crystal Palace Football Club
[4808306] Could not find attributes for jackson porozo (Club Tijuana Xoloitzcuintles de Caliente, 2025)
[4808306] Failed to build match row: Club Tijuana Xoloitzcuintles de Caliente vs Club Tigres UANL Sinergia Deportiva S.A. de C.V.
[3998918] Failed to scrape lineup: https://www.transfermarkt.co.uk/spielbericht/index/spielbericht/3998918
[4707354] Failed to scrape lineup: https://www.transfermarkt.co.uk/spielbericht/index/spielbericht/4707354
[4129595] Failed to scrape lineup: https://www.transfermarkt.co.uk/galatasaray_konyaspor/index/spielbericht/4129595
[4395177] Failed to scrape lineup: https://www.transfermarkt.co.uk/fc-hermannstadt_sepsi-osk-sf-gheorghe/index/spielbericht/4395177
[4358900] Failed to build match row: Omladinski fudbalski klub Beograd vs Fudbalski Klub Vojvodina
[3838031] Failed to scrape lineup: https://www.transfermarkt.co.uk/leeds-united_arsenal-fc/index/spielbericht/3838031
 and 9.
[4374294] Failed to build match row: Calcio Como vs Football Club Internazionale Milano S.p.A.
[3497506] Could not find attributes for dougie horne (Berwick Rangers FC, 2020)
[3497506] Failed to build match row: Berwick Rangers FC vs Stirling Albion FC
[3869124] Could not find attributes for ponck (GD Chaves, 2022)
[3869124] Failed to build match row: GD Chaves vs Grupo Desportivo Estoril Praia

Keepers & outfield error for **Rayo Vallecano de Madrid S. A. D.** in Rayo Vallecano de Madrid S. A. D. vs Real Betis Balompié S.A.D.: Numbers: 2 and 9.
[4407578] Failed to build match row: Rayo Vallecano de Madrid S. A. D. vs Real Betis Balompié S.A.D.
[3450454] Could not find attributes for matvey safonov (FK Krasnodar, 2020)
[3450454] Failed to build match row: FK Krasnodar vs Panthessalonikios Athlitikos Omilos Konstantinoupoliton

Keepers & outfield error for **Wolverhampton Wanderers Football Club** in Burnley Football Club vs Wolverhampton Wanderers Football Club: Numbers: 0 and 11.
[3592204] Failed to build match row: Burnley Football Club vs Wolverhampton Wanderers Football Club
[4094665] Could not find attributes for daler kuzyaev (Le Havre Athletic Club, 2023)
[4727207] Could not find attributes for jason davidson (Melbourne Victory FC, 2025)
[3646054] Could not find attributes for jan hanus (FK Jablonec a.s., 2021)
[3646054] Failed to build match row: FK Jablonec a.s. vs MSK Zilina
[4094665] Failed to build match row: Football Club de Metz vs Le Havre Athletic Club
[4727207] Failed to build match row: Melbourne Victory FC vs Perth Glory Football Club
[4646100] Could not find attributes for valeriy voskonyan (SK Poltava, 2025)
[4646100] Failed to build match row: SK Poltava vs LNZ Cherkasy
[4808307] Could not find attributes for gerardo arteaga (Club de Fútbol Monterrey Rayados A.C., 2025)
[4445552] Failed to scrape lineup: https://www.transfermarkt.co.uk/spielbericht/index/spielbericht/4445552
[3921205] Could not find attributes for alex sola (Real Sociedad de Fútbol S.A.D., 2022)
[3602217] Could not find attributes for yevgeniy tkachuk (TOV FK Metalist 1925 Kharkiv, 2021)
[4420883] Could not find attributes for stefan popovic (FK Mornar Bar, 2024)
 Club Atlético de San Luis
[3921205] Failed to build match row: Getafe Club de Fútbol S. A. D. Team Dubai vs Real Sociedad de Fútbol S.A.D.
[3602217] Failed to build match row: TOV FK Metalist 1925 Kharkiv vs SC Dnipro-1
[4420883] Failed to build match row: FK Mornar Bar vs Paksi FC
[3851263] Could not find attributes for vadis odjidja ofoe (Koninklijke Atletiek Associatie Gent, 2022)
[4366753] Could not find attributes for marko malenica (NK Osijek s.d.d., 2024)
[3851263] Failed to build match row: Koninklijke Atletiek Associatie Gent vs Sportvereniging Zulte Waregem
[4366753] Failed to build match row: GNK Dinamo Zagreb vs NK Osijek s.d.d.

Keepers & outfield error for **Sporting Clube de Portugal** in Sporting Clube de Portugal vs FC Paços de Ferreira: Numbers: 3 and 8.

Keepers & outfield error for **Leicester City** in Leicester City vs Crystal Palace Football Club: Numbers: 0 and 11.
[4624690] Could not find attributes for michal reichl (Bohemians Praha 1905, a.s., 2025)
[3432028] Failed to build match row: Sporting Clube de Portugal vs FC Paços de Ferreira
[3588243] Failed to scrape lineup: https://www.transfermarkt.co.uk/sc-freiburg_rb-leipzig/index/spielbericht/3588243
[4624690] Failed to build match row: Bohemians Praha 1905, a.s. vs FK Pardubice
[4707355] Could not find attributes for euan east (Linfield FC, 2025)

Keepers & outfield error for **Wolverhampton Wanderers Football Club** in Wolverhampton Wanderers Football Club vs Liverpool Football Club: Numbers: 0 and 11.
[4707355] Failed to build match row: Linfield FC vs Shelbourne FC
[4626087] Failed to build match row: Wolverhampton Wanderers Football Club vs Liverpool Football Club
[4587108] Could not find attributes for jovan lukic (Philadelphia Union, 2024)
[4587108] Failed to build match row: Philadelphia Union vs Colorado Rapids
[3450455] Could not find attributes for matan baltaxa (Maccabi Tel Aviv, 2020)
[4648871] Failed to scrape lineup: https://www.transfermarkt.co.uk/cd-nacional_gd-estoril-praia/index/spielbericht/4648871
[4370151] Failed to scrape lineup: https://www.transfermarkt.co.uk/kv-kortrijk_oud-heverlee-leuven/index/spielbericht/4370151
[3450455] Failed to build match row: Maccabi Tel Aviv vs Fußballclub Red Bull Salzburg
[4635082] Failed to build match row: Association de la Jeunesse auxerroise vs Le Havre Athletic Club
[4529514] Could not find attributes for sheyko studer (Club Sportivo Independiente Rivadavia, 2024)
[4529514] Failed to build match row: Club Sportivo Independiente Rivadavia vs Club Atlético Lanús
[4362989] Could not find attributes for miroslav stevanovic (Servette Football Club 1890 SA, 2024)
[3413175] Failed to scrape lineup: https://www.transfermarkt.co.uk/hertha-bsc_sv-werder-bremen/index/spielbericht/3413175
[4362989] Failed to build match row: Football Club Lausanne-Sport vs Servette Football Club 1890 SA
[3921549] Could not find attributes for marios vichos (APO Levadiakos Football Club, 2022)
[3921549] Failed to build match row: APO Levadiakos Football Club vs Panathinaikos Athlitikos Omilos
[4395178] Could not find attributes for dragan lovric (ASFC Buzau (2016-2025), 2024)
[4395178] Failed to build match row: SC Fotbal Club FCSB SA vs ASFC Buzau (2016-2025)
[4358901] Could not find attributes for balsa popovic (Omladinski fudbalski klub Beograd, 2024)
[4646101] Could not find attributes for yevgen volynets (FK Polissya Zhytomyr, 2025)
[4358901] Failed to build match row: Omladinski fudbalski klub Beograd vs FK Jedinstvo Ub
[4646101] Failed to build match row: FK Polissya Zhytomyr vs Epicentr Dunaivtsi
[3700919] Could not find attributes for enric tarres (CD Ibiza Islas Pitiusas, 2021)
[3700919] Failed to build match row: CD Ibiza Islas Pitiusas vs CD Tenerife
[4366754] Could not find attributes for antonio djakovic (HNK Sibenik, 2024)
[4420884] Could not find attributes for ebrima jarju (Paide Linnameeskond, 2024)
[3432029] Could not find attributes for mansur (Clube Desportivo Santa Clara, 2020)
[4366754] Failed to build match row: HNK Sibenik vs GNK Dinamo Zagreb
[4420884] Failed to build match row: Paide Linnameeskond vs BK Häcken
[3646055] Could not find attributes for mansur (Clube Desportivo Santa Clara, 2021)
[3432029] Failed to build match row: Clube Desportivo Santa Clara vs FC Paços de Ferreira
[3497507] Could not find attributes for sean mccarthy (Rothes FC, 2020)
[3646055] Failed to build match row: Clube Desportivo Santa Clara vs Fudbalski Klub Partizan Beograd
[3889154] Could not find attributes for gerasimos bakadimas (PAS Giannina, 2022)
[3497507] Failed to build match row: Rothes FC vs Fraserburgh FC
[3602218] Could not find attributes for igor lytovka (Desna Chernigiv, 2021)
[3889154] Failed to build match row: PAS Giannina vs Panthessalonikios Athlitikos Omilos Konstantinoupoliton
[3602218] Failed to build match row: Desna Chernigiv vs NK Veres Rivne

Keepers & outfield error for **SPAL** in SPAL vs SSC Bari: Numbers: 0 and 11.
[3457988] Failed to build match row: SPAL vs SSC Bari
[3424069] Could not find attributes for vsevolod ermakov (FC Shirak Gyumri, 2020)
[3424069] Failed to build match row: SC Fotbal Club FCSB SA vs FC Shirak Gyumri
[4648872] Could not find attributes for jakub brabec (Rio Ave Futebol Clube, 2025)
[4648872] Failed to build match row: Rio Ave Futebol Clube vs Club Football Estrela da Amadora
[3869125] Failed to scrape lineup: https://www.transfermarkt.co.uk/fc-vizela_cd-santa-clara/index/spielbericht/3869125
[3998919] Could not find attributes for lukas zima (VVV-Venlo, 2022)
[3998919] Failed to build match row: VVV-Venlo vs FC Emmen
[4787670] Could not find attributes for renato steffen (FC Lugano, 2025)
[3413176] Could not find attributes for matthew hoppe (FC Schalke 04, 2020)

Keepers & outfield error for **Paris Saint-Germain Football Club** in Stade brestois 29 vs Paris Saint-Germain Football Club: Numbers: 2 and 9.
[4129597] Could not find attributes for florin nita (Gaziantep Futbol Kulübü A.Ş., 2023)
[4646102] Could not find attributes for nazariy fedorivskyi (FK Obolon Kyiv, 2025)
[4787670] Failed to build match row: FC Lugano vs FC Luzern
[4445553] Could not find attributes for matjaz rozman (NK Celje, 2024)
[4358902] Could not find attributes for dragan rosic (Fudbalski Klub Vojvodina, 2024)
[4094667] Failed to build match row: Stade brestois 29 vs Paris Saint-Germain Football Club
[3413176] Failed to build match row: FC Schalke 04 vs FC Bayern München
[4129597] Failed to build match row: Gaziantep Futbol Kulübü A.Ş. vs Pendikspor
[4445553] Failed to build match row: NK Celje vs The New Saints
[4358902] Failed to build match row: Fudbalski Klub Vojvodina vs Fudbalski klub Crvena zvezda Beograd
[4646102] Failed to build match row: FK Obolon Kyiv vs FC Shakhtar Donetsk
[4362990] Could not find attributes for renato steffen (FC Lugano, 2024)
[4362990] Failed to build match row: FC Lugano vs Yverdon Sport FC

Keepers & outfield error for **Wolverhampton Wanderers Football Club** in Brentford Football Club vs Wolverhampton Wanderers Football Club: Numbers: 0 and 11.
[4626089] Failed to build match row: Brentford Football Club vs Wolverhampton Wanderers Football Club
[3851265] Could not find attributes for joao silva (KV Kortrijk, 2022)
[4707356] Could not find attributes for samuele guddo (AC Virtus Acquaviva, 2025)
[3851265] Failed to build match row: KV Kortrijk vs Yellow-Red Koninklijke Voetbalclub Mechelen
[4707356] Failed to build match row: AC Virtus Acquaviva vs Breidablik Kópavogur
[3923284] Could not find attributes for kirk broadfoot (BSC Glasgow, 2022)
[3923284] Failed to build match row: BSC Glasgow vs Brora Rangers FC
[3457989] Could not find attributes for norbert gyomber (US Salernitana 1919, 2020)
[3457989] Failed to build match row: US Salernitana 1919 vs FC Südtirol
[4366757] Could not find attributes for oliver zelenika (NK Varazdin, 2024)
[4366757] Failed to build match row: NK Varazdin vs HNK Hajduk Split
[4222801] Failed to scrape lineup: https://www.transfermarkt.co.uk/spielbericht/index/spielbericht/4222801
[3889155] Could not find attributes for nikolaos papadopoulos (A.G.S Asteras Tripolis, 2022)
[3889155] Failed to build match row: A.G.S Asteras Tripolis vs APS Atromitos Athinon
[4162652] Could not find attributes for matjaz rozman (NK Celje, 2023)
[4514024] Could not find attributes for eric maxim choupo moting (Red Bull New York, 2024)
[4514024] Failed to build match row: Red Bull New York vs Orlando City Soccer Club
[4162652] Failed to build match row: NK Celje vs Maccabi Tel Aviv
[4808308] Failed to scrape lineup: https://www.transfermarkt.co.uk/club-leon-fc_atlas-guadalajara/index/spielbericht/4808308
[4096245] Failed to scrape lineup: https://www.transfermarkt.co.uk/sv-darmstadt-98_1-fc-heidenheim-1846/index/spielbericht/4096245
[3588244] Failed to scrape lineup: https://www.transfermarkt.co.uk/tsg-1899-hoffenheim_1-fc-koln/index/spielbericht/3588244
[4370153] Could not find attributes for andres ferrari (St Truiden, 2024)
[3614899] Failed to scrape lineup: https://www.transfermarkt.co.uk/cagliari-calcio_inter-milan/index/spielbericht/3614899
[3838033] Failed to scrape lineup: https://www.transfermarkt.co.uk/liverpool-fc_manchester-city/index/spielbericht/3838033
[4624691] Failed to scrape lineup: https://www.transfermarkt.co.uk/sk-slavia-prague_fk-mlada-boleslav/index/spielbericht/4624691
[4635084] Could not find attributes for samir chergui (Paris Football Club, 2025)

Keepers & outfield error for **FC Empoli** in FC Empoli vs AC Monza: Numbers: 2 and 9.
[4370153] Failed to build match row: St Truiden vs Beerschot VA
[3450457] Could not find attributes for vadis odjidja ofoe (Koninklijke Atletiek Associatie Gent, 2020)
[4420885] Could not find attributes for lazar carevic (Fudbalski Klub Vojvodina, 2024)
[4420885] Failed to build match row: Fudbalski Klub Vojvodina vs NK Maribor
[4635084] Failed to build match row: Paris Football Club vs Football Club de Nantes
[3450457] Failed to build match row: Koninklijke Atletiek Associatie Gent vs Futbolniy Klub Dynamo Kyiv
[4103673] Failed to build match row: FC Empoli vs AC Monza
utebol Clube, 2025)
[4648873] Failed to build match row: Gil Vicente Futebol Clube vs Futebol Clube de Alverca

Keepers & outfield error for **Sporting Clube de Portugal** in Sporting Clube de Portugal vs Casa Pia Atlético Clube: Numbers: 2 and 9.
[3869126] Failed to build match row: Sporting Clube de Portugal vs Casa Pia Atlético Clube
[4641437] Could not find attributes for irakli yegoian (Excelsior Rotterdam, 2025)
[4529515] Could not find attributes for guillermo acosta (Club Atlético Tucumán, 2024)
[4641437] Failed to build match row: Excelsior Rotterdam vs Eindhovense Voetbalvereniging Philips Sport Vereniging
[4529515] Failed to build match row: Club Atlético Tucumán vs Club Atlético Newell’s Old Boys
[4407580] Failed to scrape lineup: https://www.transfermarkt.co.uk/real-valladolid-cf_girona-fc/index/spielbericht/4407580
[4646103] Could not find attributes for yuriy volodymyr gereta (FC Rukh Lviv, 2025)
[4646103] Failed to build match row: FC Rukh Lviv vs FK Kudrivka-1
[4366758] Could not find attributes for zvonimir subaric (NK Lokomotiva Zagreb, 2024)
[4366758] Failed to build match row: NK Lokomotiva Zagreb vs NK Slaven Belupo Koprivnica
[4129598] Could not find attributes for ousseynou ba (İstanbul Başakşehir Futbol Kulübü, 2023)
[4129598] Failed to build match row: İstanbul Başakşehir Futbol Kulübü vs Adana Demirspor
[3840194] Could not find attributes for faouzi ghoulam (Angers Sporting Club de l'Ouest, 2022)
[3840194] Failed to build match row: Racing Club de Strasbourg Alsace vs Angers Sporting Club de l'Ouest
[3646056] Could not find attributes for lubomir belko (MSK Zilina, 2021)
[3646056] Failed to build match row: MSK Zilina vs FK Jablonec a.s.
[3889156] Could not find attributes for alexandros paschalakis (Olympiakos Syndesmos Filathlon Peiraios, 2022)
[3889156] Failed to build match row: Olympiakos Syndesmos Filathlon Peiraios vs APO Levadiakos Football Club
[4162653] Could not find attributes for alexandros paschalakis (Olympiakos Syndesmos Filathlon Peiraios, 2023)
[4162653] Failed to build match row: Olympiakos Syndesmos Filathlon Peiraios vs Fudbalski klub Čukarički Beograd
[3614900] Could not find attributes for kristjan asllani (FC Empoli, 2021)
[3614900] Failed to build match row: FC Empoli vs US Salernitana 1919
[4808309] Could not find attributes for andres gudino (Club de Fútbol Cruz Azul S.A. de C.V., 2025)
[4808309] Failed to build match row: Club de Fútbol Cruz Azul S.A. de C.V. vs Promotora del Club Pachuca S. A. de C. V.
[3432030] Failed to scrape lineup: https://www.transfermarkt.co.uk/fc-porto_fc-pacos-de-ferreira/index/spielbericht/3432030
[4727208] Could not find attributes for dimitri valkanis (Brisbane Roar FC, 2025)
[4727208] Failed to build match row: Brisbane Roar FC vs Wellington Phoenix Football Club

Keepers & outfield error for **Real Sociedad de Fútbol S.A.D.** in Sevilla Fútbol Club S.A.D. vs Real Sociedad de Fútbol S.A.D.: Numbers: 2 and 9.
[3610565] Failed to build match row: Sevilla Fútbol Club S.A.D. vs Real Sociedad de Fútbol S.A.D.
[4370154] Could not find attributes for isa sakamoto (Koninklijke Voetbal Club Westerlo, 2024)
[4370154] Failed to build match row: Koninklijke Voetbal Club Westerlo vs Royal Sporting Club Anderlecht
[3602220] Could not find attributes for danylo kucher (FC Minaj, 2021)
[3602220] Failed to build match row: FC Minaj vs FC Shakhtar Donetsk
[3413178] Could not find attributes for taiwo awoniyi (1. Fußballclub Union Berlin, 2020)
[3413178] Failed to build match row: Fußball-Club Augsburg 1907 vs 1. Fußballclub Union Berlin

Keepers & outfield error for **Asociación Atlética Argentinos Juniors** in Asociación Atlética Argentinos Juniors vs Instituto Atlético Central Córdoba: Numbers: 0 and 11.
[4366760] Could not find attributes for ivan susak (NK Slaven Belupo Koprivnica, 2024)
[4529516] Failed to build match row: Asociación Atlética Argentinos Juniors vs Instituto Atlético Central Córdoba
[4366760] Failed to build match row: NK Slaven Belupo Koprivnica vs NK Varazdin
[4646104] Could not find attributes for nazar domchak (FK Karpaty Lviv, 2025)
[4646104] Failed to build match row: FK Karpaty Lviv vs TOV FK Metalist 1925 Kharkiv
[4374297] Could not find attributes for davide bartesaghi (Associazione Calcio Milan, 2024)
[4374297] Failed to build match row: Associazione Calcio Milan vs AC Monza
[3646057] Could not find attributes for lior refaelov (Royal Sporting Club Anderlecht, 2021)
[3646057] Failed to build match row: Vitesse Arnhem vs Royal Sporting Club Anderlecht
[3889157] Could not find attributes for triantafyllos pasalidis (Omilos Filathlon Irakliou FC, 2022)
[3889157] Failed to build match row: Omilos Filathlon Irakliou FC vs Athlitiki Enosi Konstantinoupoleos
[3998920] Failed to scrape lineup: https://www.transfermarkt.co.uk/spielbericht/index/spielbericht/3998920
[4648874] Could not find attributes for noah saviolo (Vitória Sport Clube, 2025)
[4648874] Failed to build match row: Vitória Sport Clube vs Futebol Clube de Famalicão
[4113119] Failed to scrape lineup: https://www.transfermarkt.co.uk/athletic-bilbao_valencia-cf/index/spielbericht/4113119
[3457991] Failed to scrape lineup: https://www.transfermarkt.co.uk/spielbericht/index/spielbericht/3457991
[4445554] Failed to scrape lineup: https://www.transfermarkt.co.uk/spielbericht/index/spielbericht/4445554
[4707357] Could not find attributes for dylan lempereur (FC Differdange 03, 2025)
[4707357] Failed to build match row: FC Differdange 03 vs FC Drita

Keepers & outfield error for **Clube Desportivo Nacional** in Clube Desportivo Nacional vs Sporting Clube de Portugal: Numbers: 0 and 11.
[3432031] Failed to build match row: Clube Desportivo Nacional vs Sporting Clube de Portugal
[4103674] Could not find attributes for nadir zortea (Frosinone Calcio, 2023)
[4103674] Failed to build match row: Frosinone Calcio vs Cagliari Calcio
[4808310] Could not find attributes for efrain orona (Club Santos Laguna S. A. de C. V., 2025)
[4808310] Failed to build match row: Club Santos Laguna S. A. de C. V. vs Club de Futbol América S. A. de C. V.
[3413179] Could not find attributes for makoto hasebe (Eintracht Frankfurt Fußball AG, 2020)
[3413179] Failed to build match row: Arminia Bielefeld vs Eintracht Frankfurt Fußball AG
[4096247] Could not find attributes for pavel kaderabek (Turn- und Sportgemeinschaft 1899 Hoffenheim Fußball-Spielbetriebs, 2023)
[4635086] Could not find attributes for senny mayulu (Paris Saint-Germain Football Club, 2025)
[4635086] Failed to build match row: Stade brestois 29 vs Paris Saint-Germain Football Club
[4096247] Failed to build match row: Turn- und Sportgemeinschaft 1899 Hoffenheim Fußball-Spielbetriebs vs RasenBallsport Leipzig
[3497508] Could not find attributes for neil martyniuk (Bonnyrigg Rose FC, 2020)
[3497508] Failed to build match row: Bonnyrigg Rose FC vs Bo'ness United FC
[4587111] Failed to scrape lineup: https://www.transfermarkt.co.uk/real-salt-lake-city_san-jose-earthquakes/index/spielbericht/4587111
[4641438] Could not find attributes for darko nejasmic (Nijmegen Eendracht Combinatie, 2025)
[4641438] Failed to build match row: Nijmegen Eendracht Combinatie vs Alkmaar Zaanstreek

Keepers & outfield error for **Cercle Brugge Koninklijke Sportvereniging** in Cercle Brugge Koninklijke Sportvereniging vs Royal Antwerp Football Club: Numbers: 2 and 9.
[3851267] Failed to build match row: Cercle Brugge Koninklijke Sportvereniging vs Royal Antwerp Football Club
[4094670] Could not find attributes for daler kuzyaev (Le Havre Athletic Club, 2023)
[4094670] Failed to build match row: Toulouse Football Club vs Le Havre Athletic Club
[3602221] Could not find attributes for artem shabanov (Futbolniy Klub Dynamo Kyiv, 2021)
[3602221] Failed to build match row: Futbolniy Klub Dynamo Kyiv vs FK Kolos Kovalivka
[3588246] Could not find attributes for jetro willems (SpVgg Greuther Fürth, 2021)
[3588246] Failed to build match row: SpVgg Greuther Fürth vs VfL Bochum
[4358903] Could not find attributes for mihailo bogicevic (Fudbalski Klub Spartak Ždrepčeva krv, 2024)
[4358903] Failed to build match row: Fudbalski Klub Spartak Ždrepčeva krv vs Fudbalski Klub Mladost Lučani
[4129599] Could not find attributes for sagiv jehezkel (Antalyaspor, 2023)
[4129599] Failed to build match row: Antalyaspor vs Alanyaspor

Keepers & outfield error for **Futebol Clube do Porto** in Futebol Clube do Porto vs Moreirense Futebol Clube: Numbers: 0 and 11.
[4648875] Failed to build match row: Futebol Clube do Porto vs Moreirense Futebol Clube
[3889158] Could not find attributes for alexandros malis (Panetolikos Agrinio, 2022)
[3889158] Failed to build match row: Panathinaikos Athlitikos Omilos vs Panetolikos Agrinio
[4162654] Could not find attributes for noah sonko sundberg (Ludogorets Razgrad, 2023)
[4162654] Failed to build match row: Ludogorets Razgrad vs AFC Ajax Amsterdam
[4665010] Failed to scrape lineup: https://www.transfermarkt.co.uk/ofi-crete_aris-thessaloniki/index/spielbericht/4665010
[4646105] Could not find attributes for oleksandr saputin (FC Zorya Lugansk, 2025)
[4646105] Failed to build match row: FC Zorya Lugansk vs FC Oleksandriya
[3450458] Could not find attributes for abraham frimpong (Ferencvárosi TC, 2020)
[3450458] Failed to build match row: Molde Fotballklubb vs Ferencvárosi TC
[3610566] Could not find attributes for bebe (Rayo Vallecano de Madrid S. A. D., 2021)
[3610566] Failed to build match row: Rayo Vallecano de Madrid S. A. D. vs Club Atlético de Madrid S.A.D.
[4366763] Could not find attributes for kresimir krizmanic (HNK Gorica, 2024)
[4366763] Failed to build match row: HNK Gorica vs GNK Dinamo Zagreb

Keepers & outfield error for **Asociación de Fomento Deportivo Riestra Barrio Colón** in Club Atlético Central Córdoba vs Asociación de Fomento Deportivo Riestra Barrio Colón: Numbers: 3 and 8.
[4529520] Failed to build match row: Club Atlético Central Córdoba vs Asociación de Fomento Deportivo Riestra Barrio Colón
[3646058] Could not find attributes for zeca (Football Club København, 2021)
[3646058] Failed to build match row: Football Club København vs Sivasspor
[4445555] Could not find attributes for luquinhas (Legia Warszawa Spółka Akcyjna, 2024)
[4445555] Failed to build match row: Djurgårdens Idrottsförening vs Legia Warszawa Spółka Akcyjna
[4707358] Could not find attributes for ognjen cancarevic (FC Noah Yerevan, 2025)
[4707358] Failed to build match row: FC Noah Yerevan vs NK Olimpija Ljubljana
[4587113] Could not find attributes for brandan craig (Club de Foot Montréal, 2024)
[4587113] Failed to build match row: Club de Foot Montréal vs Atlanta United Football Club
[4096248] Could not find attributes for max finkgrafe (1. Fußball-Club Köln, 2023)
[4096248] Failed to build match row: 1. Fußball-Club Köln vs Sport-Club Freiburg
[4727209] Could not find attributes for vinko stanisic (Adelaide United Football Club, 2025)
[4727209] Failed to build match row: Adelaide United Football Club vs Central Coast Mariners Football Club

Keepers & outfield error for **Real Betis Balompié S.A.D.** in UD Almería vs Real Betis Balompié S.A.D.: Numbers: 0 and 11.
[4113121] Failed to build match row: UD Almería vs Real Betis Balompié S.A.D.
[3432032] Could not find attributes for stanislav kritsyuk (B SAD, 2020)
[3432032] Failed to build match row: B SAD vs Futebol Clube do Porto
[4094671] Could not find attributes for nabil bentaleb (Lille Olympique Sporting Club, 2023)
[4094671] Failed to build match row: Olympique de Marseille vs Lille Olympique Sporting Club
[4358904] Could not find attributes for strahinja manojlovic (Fudbalski Klub Radnički Niš, 2024)
[4358904] Failed to build match row: Fudbalski Klub Radnički Niš vs FK Tekstilac Odzaci

Keepers & outfield error for **Casa Pia Atlético Clube** in Casa Pia Atlético Clube vs Sporting Clube de Braga: Numbers: 2 and 9.
[4648876] Failed to build match row: Casa Pia Atlético Clube vs Sporting Clube de Braga
[4129600] Could not find attributes for bakhtiyor zaynutdinov (Beşiktaş Jimnastik Kulübü, 2023)
[4129600] Failed to build match row: Beşiktaş Jimnastik Kulübü vs Kasımpaşa A.Ş.
[4665011] Could not find attributes for davide calabria (Panathinaikos Athlitikos Omilos, 2025)
[4665011] Failed to build match row: Panathinaikos Athlitikos Omilos vs APS Atromitos Athinon
[3700920] Could not find attributes for andrias edmundsson (Águilas FC, 2021)
[3700920] Failed to build match row: Águilas FC vs UD Almería
[4646106] Could not find attributes for volodymyr makhankov (FK Kryvbas Kryvyi Rig, 2025)
[4646106] Failed to build match row: FK Kryvbas Kryvyi Rig vs NK Veres Rivne
[4366773] Could not find attributes for antonio djakovic (HNK Sibenik, 2024)
[4366773] Failed to build match row: HNK Sibenik vs HNK Gorica
[3998921] Failed to scrape lineup: https://www.transfermarkt.co.uk/spielbericht/index/spielbericht/3998921
[4103676] Could not find attributes for nikola krstovic (Unione Sportiva Lecce, 2023)

Keepers & outfield error for **Club Atlético Boca Juniors** in Club Atlético Boca Juniors vs Club Atlético Rosario Central: Numbers: 0 and 11.
[4103676] Failed to build match row: Unione Sportiva Lecce vs Juventus Football Club
[3646059] Failed to build match row: Fudbalski Klub Partizan Beograd vs Clube Desportivo Santa Clara
[4529523] Failed to build match row: Club Atlético Boca Juniors vs Club Atlético Rosario Central
[4358905] Could not find attributes for goran vuklis (Fudbalski Klub IMT Novi Beograd, 2024)
[4407582] Could not find attributes for alvaro garcia pascual (Sevilla Fútbol Club S.A.D., 2024)
[3592207] Failed to scrape lineup: https://www.transfermarkt.co.uk/leeds-united_southampton-fc/index/spielbericht/3592207
[4358905] Failed to build match row: Fudbalski Klub IMT Novi Beograd vs Fudbalski Klub Novi Pazar
[4407582] Failed to build match row: Sevilla Fútbol Club S.A.D. vs UD Las Palmas
[4514025] Failed to scrape lineup: https://www.transfermarkt.co.uk/toronto-fc_chicago-fire-fc/index/spielbericht/4514025
[4445556] Could not find attributes for bruno varela (Vitória Sport Clube, 2024)
[4445556] Failed to build match row: Djurgårdens Idrottsförening vs Vitória Sport Clube
[4635087] Failed to scrape lineup: https://www.transfermarkt.co.uk/olympique-marseille_angers-sco/index/spielbericht/4635087
[4587114] Could not find attributes for peyton miller (New England Revolution, 2024)
[4587114] Failed to build match row: New England Revolution vs D.C. United
[4624692] Failed to scrape lineup: https://www.transfermarkt.co.uk/fk-dukla-prague_fc-zlin/index/spielbericht/4624692
7

Keepers & outfield error for **Eintracht Frankfurt Fußball AG** in Eintracht Frankfurt Fußball AG vs Bayer 04 Leverkusen Fußball: Numbers: 2 and 9.
[4096249] Failed to build match row: Eintracht Frankfurt Fußball AG vs Bayer 04 Leverkusen Fußball
[3588257] Could not find attributes for jetro willems (SpVgg Greuther Fürth, 2021)
[3588257] Failed to build match row: RasenBallsport Leipzig vs SpVgg Greuther Fürth
[4641439] Failed to scrape lineup: https://www.transfermarkt.co.uk/fc-utrecht_sc-heerenveen/index/spielbericht/4641439
[3840196] Could not find attributes for desire doue (Rennes, 2022)
[3840196] Failed to build match row: Rennes vs Clermont Foot 63
[4129601] Could not find attributes for ali kaan guneren (MKE Ankaragücü, 2023)
[4129601] Failed to build match row: MKE Ankaragücü vs Trabzonspor Kulübü
[4665012] Could not find attributes for francisco tinaglini (Panserraikos Serres, 2025)
[4665012] Failed to build match row: Panserraikos Serres vs A.G.S Asteras Tripolis
[4162655] Could not find attributes for srdjan hrstic (BK Häcken, 2023)
[4162655] Failed to build match row: BK Häcken vs Aberdeen Football Club

Keepers & outfield error for **AVS Futebol SAD** in AVS Futebol SAD vs Clube Desportivo Santa Clara: Numbers: 0 and 11.
[4648877] Failed to build match row: AVS Futebol SAD vs Clube Desportivo Santa Clara
[3450459] Failed to scrape lineup: https://www.transfermarkt.co.uk/spielbericht/index/spielbericht/3450459
[4096250] Could not find attributes for tim kleindienst (1. Fußballclub Heidenheim 1846, 2023)
[4096250] Failed to build match row: 1. Fußballclub Heidenheim 1846 vs 1. Fußball- und Sportverein Mainz 05
[4587115] Could not find attributes for darlington nagbe (Columbus Crew, 2024)
[4587115] Failed to build match row: New York City Football Club vs Columbus Crew
[4646107] Could not find attributes for valentyn gorokh (NK Veres Rivne, 2025)
[4646107] Failed to build match row: NK Veres Rivne vs FC Rukh Lviv
[4366774] Could not find attributes for martin zlomislic (Hrvatski Nogometni Klub Rijeka, 2024)
[4366774] Failed to build match row: GNK Dinamo Zagreb vs Hrvatski Nogometni Klub Rijeka
[3457992] Could not find attributes for markus pavic (Virtus Entella, 2020)
[4129602] Could not find attributes for dal varesanovic (Çaykur Rizespor Kulübü, 2023)
[4420886] Could not find attributes for kamil broda (Wisla Kraków, 2024)
[3457992] Failed to build match row: Virtus Entella vs UC AlbinoLeffe
[4420886] Failed to build match row: Wisla Kraków vs Spartak Trnava
[4129602] Failed to build match row: Çaykur Rizespor Kulübü vs Hatayspor
[3432033] Failed to scrape lineup: https://www.transfermarkt.co.uk/fc-famalicao_vitoria-guimaraes-sc/index/spielbericht/3432033
[4707360] Could not find attributes for aldo teqja (FC Dinamo City, 2025)
[4358906] Could not find attributes for ognjen lukic (Železničar Pančevo, 2024)
[4707360] Failed to build match row: FC Dinamo City vs Jagiellonia-Bialystok Sportowa Spólka Akcyjna
[4358906] Failed to build match row: Železničar Pančevo vs Fudbalski klub Čukarički Beograd
[4113123] Could not find attributes for chris ramos (Cádiz CF, 2023)
[4808311] Failed to scrape lineup: https://www.transfermarkt.co.uk/queretaro-fc_deportivo-toluca/index/spielbericht/4808311
[4094672] Failed to scrape lineup: https://www.transfermarkt.co.uk/fc-lorient_rc-lens/index/spielbericht/4094672
[4113123] Failed to build match row: Getafe Club de Fútbol S. A. D. Team Dubai vs Cádiz CF
[4103677] Could not find attributes for dean huijsen (Associazione Sportiva Roma, 2023)
[4103677] Failed to build match row: Associazione Sportiva Roma vs Verona Hellas Football Club

Keepers & outfield error for **Wolverhampton Wanderers Football Club** in Wolverhampton Wanderers Football Club vs Nottingham Forest Football Club: Numbers: 0 and 11.
[3838037] Failed to build match row: Wolverhampton Wanderers Football Club vs Nottingham Forest Football Club
[3602222] Failed to scrape lineup: https://www.transfermarkt.co.uk/fc-minaj_chornomorets-odesa/index/spielbericht/3602222
[3614904] Failed to scrape lineup: https://www.transfermarkt.co.uk/ssc-napoli_genoa-cfc/index/spielbericht/3614904
[3889159] Failed to scrape lineup: https://www.transfermarkt.co.uk/paok-thessaloniki_ionikos-nikeas/index/spielbericht/3889159

Keepers & outfield error for **Royal Sporting Club Anderlecht** in Royal Sporting Club Anderlecht vs Cercle Brugge Koninklijke Sportvereniging: Numbers: 3 and 8.
[4370158] Failed to build match row: Royal Sporting Club Anderlecht vs Cercle Brugge Koninklijke Sportvereniging
[3458999] Failed to scrape lineup: https://www.transfermarkt.co.uk/spielbericht/index/spielbericht/3458999

Keepers & outfield error for **Villarreal Club de Fútbol S.A.D.** in Villarreal Club de Fútbol S.A.D. vs CD Leganés: Numbers: 0 and 11.
[4407583] Failed to build match row: Villarreal Club de Fútbol S.A.D. vs CD Leganés
[3450460] Could not find attributes for ilya zabarnyi (Futbolniy Klub Dynamo Kyiv, 2020)
[3450460] Failed to build match row: Futbolniy Klub Dynamo Kyiv vs Koninklijke Atletiek Associatie Gent
[4366775] Could not find attributes for marijan coric (NK Istra 1961, 2024)
[4366775] Failed to build match row: NK Istra 1961 vs NK Slaven Belupo Koprivnica
[4529524] Could not find attributes for williams barlasina (Club Atlético Aldosivi, 2024)
[4529524] Failed to build match row: Club Atlético Aldosivi vs Club Atlético Sarmiento
[4808312] Failed to scrape lineup: https://www.transfermarkt.co.uk/deportivo-guadalajara_unam-pumas/index/spielbericht/4808312
[3840198] Could not find attributes for kiki kouyate (Montpellier HSC, 2022)
[3840198] Failed to build match row: ESTAC Troyes vs Montpellier HSC
[3459000] Failed to scrape lineup: https://www.transfermarkt.co.uk/spielbericht/index/spielbericht/3459000
[3497509] Could not find attributes for ewan mclevy (Brechin City FC, 2020)
[3497509] Failed to build match row: Brechin City FC vs Linlithgow Rose FC
[3998922] Could not find attributes for stan maas (FC Den Bosch, 2022)
[3998922] Failed to build match row: FC Den Bosch vs AFC Ajax Amsterdam
[4787672] Failed to scrape lineup: https://www.transfermarkt.co.uk/grasshopper-club-zurich_fc-lausanne-sport/index/spielbericht/4787672
[4624693] Could not find attributes for louis lurvink (SK Sigma Olomouc, a.s., 2025)
[4624693] Failed to build match row: SK Sigma Olomouc, a.s. vs FC Viktoria Plzeň, a.s.
[4407584] Failed to scrape lineup: https://www.transfermarkt.co.uk/atletico-de-madrid_real-betis-balompie/index/spielbericht/4407584
[4648878] Failed to build match row: Futebol Clube de Arouca vs Sport Lisboa e Benfica
[4129613] Could not find attributes for yasin ozcan (Kasımpaşa A.Ş., 2023)
[4808313] Failed to scrape lineup: https://www.transfermarkt.co.uk/puebla-fc_club-leon-fc/index/spielbericht/4808313
[4129613] Failed to build match row: Kasımpaşa A.Ş. vs Hatayspor
[4707361] Could not find attributes for miroslav stevanovic (Servette Football Club 1890 SA, 2025)
[4707361] Failed to build match row: Servette Football Club 1890 SA vs FC Shakhtar Donetsk
[4646108] Could not find attributes for anton yashkov (FK Kudrivka-1, 2025)
[4362997] Could not find attributes for stefanos kapino (Fussballclub Winterthur, 2024)
[4366778] Could not find attributes for marko malenica (NK Osijek s.d.d., 2024)
[4646108] Failed to build match row: FK Kudrivka-1 vs FK Kolos Kovalivka
[4362997] Failed to build match row: Fussballclub Winterthur vs Football Club Lausanne-Sport
[4366778] Failed to build match row: NK Osijek s.d.d. vs HNK Hajduk Split
[3424070] Could not find attributes for caolan marron (Glentoran FC, 2020)
[3424070] Failed to build match row: Motherwell Football Club vs Glentoran FC
[3432034] Failed to scrape lineup: https://www.transfermarkt.co.uk/b-sad_sporting-cp/index/spielbericht/3432034
[3869128] Failed to scrape lineup: https://www.transfermarkt.co.uk/estoril-praia_sc-braga/index/spielbericht/3869128
[4358907] Failed to scrape lineup: https://www.transfermarkt.co.uk/fk-partizan-belgrade_fk-tsc-backa-topola/index/spielbericht/4358907
[4514028] Could not find attributes for boris enow (D.C. United, 2024)
[4514028] Failed to build match row: D.C. United vs Club de Foot Montréal
[3923285] Could not find attributes for josh lumsden (Pollok FC, 2022)
[3923285] Failed to build match row: Pollok FC vs Huntly FC
[4370159] Could not find attributes for konstantinos karetsas (Koninklijke Racing Club Genk, 2024)
[4370159] Failed to build match row: Koninklijke Racing Club Genk vs Royale Union Saint-Gilloise
[4727210] Could not find attributes for xavier bertoncello (Newcastle United Jets Football Club, 2025)
[4727210] Failed to build match row: Macarthur South West Sydney (A-League) vs Newcastle United Jets Football Club

Keepers & outfield error for **Associazione Sportiva Roma** in Associazione Sportiva Roma vs Venezia FC: Numbers: 0 and 11.
[3614905] Failed to build match row: Associazione Sportiva Roma vs Venezia FC
[3889160] Could not find attributes for gerasimos bakadimas (PAS Giannina, 2022)
[3889160] Failed to build match row: PAS Giannina vs Volou Neos Podosferikos Syllogos
[4420887] Could not find attributes for yusif imanov (Sabah FK, 2024)
[4420887] Failed to build match row: Sabah FK vs St. Patrick's Athletic
[3646182] Failed to scrape lineup: https://www.transfermarkt.co.uk/spielbericht/index/spielbericht/3646182

Keepers & outfield error for **Association Football Club Bournemouth** in Association Football Club Bournemouth vs Southampton FC: Numbers: 0 and 11.
[3838050] Failed to build match row: Association Football Club Bournemouth vs Southampton FC

Keepers & outfield error for **Houston Dynamo** in Austin FC vs Houston Dynamo: Numbers: 2 and 9.
[4587117] Failed to build match row: Austin FC vs Houston Dynamo
[3602223] Could not find attributes for oleg bilyk (FC Oleksandriya, 2021)
[3602223] Failed to build match row: FC Oleksandriya vs Ingulets Petrove
[4366785] Failed to scrape lineup: https://www.transfermarkt.co.uk/nk-varazdin_hnk-sibenik/index/spielbericht/4366785
[4162656] Could not find attributes for matej senic (HSK Zrinjski Mostar, 2023)
[4162656] Failed to build match row: Linzer Athletik-Sport-Klub vs HSK Zrinjski Mostar
[3700921] Could not find attributes for dani arnedillo (Racing Rioja CF (-2024), 2021)
[3700921] Failed to build match row: Racing Rioja CF (-2024) vs FC Cartagena
[3923287] Failed to scrape lineup: https://www.transfermarkt.co.uk/spielbericht/index/spielbericht/3923287
[3588260] Failed to scrape lineup: https://www.transfermarkt.co.uk/1-fsv-mainz-05_fc-augsburg/index/spielbericht/3588260
[3851272] Failed to scrape lineup: https://www.transfermarkt.co.uk/club-brugge-kv_rsc-anderlecht/index/spielbericht/3851272
[4420888] Failed to scrape lineup: https://www.transfermarkt.co.uk/spielbericht/index/spielbericht/4420888
[4103678] Could not find attributes for niccolo pierozzi (US Salernitana 1919, 2023)
[4103678] Failed to build match row: US Salernitana 1919 vs Genoa Cricket and Football Club
[4395180] Could not find attributes for giannis anestis (Asociația Fotbal Club Botoșani, 2024)
[4395180] Failed to build match row: Asociația Fotbal Club Botoșani vs Fotbal Club Rapid 1923 SA
[3889161] Failed to scrape lineup: https://www.transfermarkt.co.uk/pas-lamia-1964_aris-thessaloniki/index/spielbericht/3889161
[4529525] Could not find attributes for keylor navas (Club Atlético Newell’s Old Boys, 2024)
[4624694] Could not find attributes for andrew irving (AC Sparta Praha, a. s., 2025)
[4529525] Failed to build match row: Club Atlético Newell’s Old Boys vs Club Atlético Belgrano
[4624694] Failed to build match row: AC Sparta Praha, a. s. vs FC Hradec Králové a.s.

Keepers & outfield error for **Villarreal Club de Fútbol S.A.D.** in Futbol Club Barcelona vs Villarreal Club de Fútbol S.A.D.: Numbers: 0 and 11.
[4407585] Failed to build match row: Futbol Club Barcelona vs Villarreal Club de Fútbol S.A.D.
[3450461] Could not find attributes for marcel heister (Ferencvárosi TC, 2020)
[3450461] Failed to build match row: Ferencvárosi TC vs Molde Fotballklubb
[3646184] Could not find attributes for mikkel kvist (Holbaek B&I, 2021)
[3646184] Failed to build match row: Holbaek B&I vs BK Fremad Amager
[4445558] Could not find attributes for kevin muller (1. Fußballclub Heidenheim 1846, 2024)
[3602224] Could not find attributes for dmytro nemchaninov (NK Veres Rivne, 2021)
[4445558] Failed to build match row: 1. Fußballclub Heidenheim 1846 vs Chelsea Football Club
[3602224] Failed to build match row: NK Veres Rivne vs PFK Lviv
[3840199] Failed to scrape lineup: https://www.transfermarkt.co.uk/ac-ajaccio_estac-troyes/index/spielbericht/3840199
[3432035] Failed to scrape lineup: https://www.transfermarkt.co.uk/rio-ave-fc_moreirense-fc/index/spielbericht/3432035
[3614906] Failed to scrape lineup: https://www.transfermarkt.co.uk/uc-sampdoria_acf-fiorentina/index/spielbericht/3614906

Keepers & outfield error for **Adelaide United Football Club** in Adelaide United Football Club vs Auckland Football Club: Numbers: 0 and 11.
[4727211] Failed to build match row: Adelaide United Football Club vs Auckland Football Club
[4646109] Could not find attributes for oleksiy palamarchuk (LNZ Cherkasy, 2025)
[4646109] Failed to build match row: Futbolniy Klub Dynamo Kyiv vs LNZ Cherkasy

Keepers & outfield error for **Vitória Sport Clube** in Vitória Sport Clube vs Boavista FC: Numbers: 2 and 9.
[4096252] Failed to scrape lineup: https://www.transfermarkt.co.uk/1-fc-union-berlin_vfl-bochum/index/spielbericht/4096252
[3869129] Failed to build match row: Vitória Sport Clube vs Boavista FC

Keepers & outfield error for **Aberdeen Football Club** in Aberdeen Football Club vs NSÍ Runavík: Numbers: 0 and 11.
[3424071] Failed to build match row: Aberdeen Football Club vs NSÍ Runavík
[4624695] Failed to scrape lineup: https://www.transfermarkt.co.uk/fc-slovan-liberec_fc-banik-ostrava/index/spielbericht/4624695
[3588261] Failed to scrape lineup: https://www.transfermarkt.co.uk/hertha-bsc_borussia-monchengladbach/index/spielbericht/3588261
[3497510] Could not find attributes for keir macaulay (Camelon Juniors FC, 2020)
[3497510] Failed to build match row: Camelon Juniors FC vs Brora Rangers FC
[4529526] Failed to scrape lineup: https://www.transfermarkt.co.uk/defensa-y-justicia_club-estudiantes-de-la-plata/index/spielbericht/4529526
[3889162] Could not find attributes for sergio araujo (Athlitiki Enosi Konstantinoupoleos, 2022)
[3889162] Failed to build match row: Athlitiki Enosi Konstantinoupoleos vs Olympiakos Syndesmos Filathlon Peiraios
[4665013] Could not find attributes for soualiho meite (Panthessalonikios Athlitikos Omilos Konstantinoupoliton, 2025)
[4366786] Could not find attributes for zvonimir subaric (NK Lokomotiva Zagreb, 2024)
[4665013] Failed to build match row: Panthessalonikios Athlitikos Omilos Konstantinoupoliton vs Olympiakos Syndesmos Filathlon Peiraios
[4366786] Failed to build match row: NK Lokomotiva Zagreb vs NK Istra 1961
[4445559] Failed to scrape lineup: https://www.transfermarkt.co.uk/spielbericht/index/spielbericht/4445559
[3923288] Failed to scrape lineup: https://www.transfermarkt.co.uk/spielbericht/index/spielbericht/3923288
[3602225] Failed to scrape lineup: https://www.transfermarkt.co.uk/vorskla-poltava_desna-chernigiv/index/spielbericht/3602225
[3646185] Failed to scrape lineup: https://www.transfermarkt.co.uk/spielbericht/index/spielbericht/3646185
[3840200] Failed to scrape lineup: https://www.transfermarkt.co.uk/as-monaco_ogc-nice/index/spielbericht/3840200

Keepers & outfield error for **Real Betis Balompié S.A.D.** in Real Betis Balompié S.A.D. vs Cádiz CF: Numbers: 0 and 11.
[4113126] Failed to build match row: Real Betis Balompié S.A.D. vs Cádiz CF
[3998923] Could not find attributes for robin jalving (Heracles Almelo, 2022)
[3998923] Failed to build match row: Heracles Almelo vs Go Ahead Eagles
[3646186] Could not find attributes for rasmus jepsen jacob (Kjellerup IF, 2021)
[3646186] Failed to build match row: Kjellerup IF vs Aarhus Fremad
[3450462] Could not find attributes for michael luftner (Omonia Nicosia, 2020)
[3450462] Failed to build match row: Omonia Nicosia vs Olympiakos Syndesmos Filathlon Peiraios
[3889163] Could not find attributes for marios siampanis (Aris Thessalonikis, 2022)
[3889163] Failed to build match row: Aris Thessalonikis vs PAS Giannina
[3869130] Failed to scrape lineup: https://www.transfermarkt.co.uk/fc-famalicao_fc-pacos-de-ferreira/index/spielbericht/3869130
[4445560] Failed to scrape lineup: https://www.transfermarkt.co.uk/spielbericht/index/spielbericht/4445560
[3700922] Could not find attributes for guille perez (AD Unión Adarve, 2021)
[3497511] Failed to scrape lineup: https://www.transfermarkt.co.uk/spielbericht/index/spielbericht/3497511
[3700922] Failed to build match row: AD Unión Adarve vs CD Lugo
[4514029] Could not find attributes for maximiliano urruti (New England Revolution, 2024)
[4514029] Failed to build match row: New York City Football Club vs New England Revolution
[4395186] Failed to build match row: ASFC Buzau (2016-2025) vs Fotbal Club CFR 1907 Cluj SA

Keepers & outfield error for **Clube Desportivo de Tondela** in Sporting Clube de Portugal vs Clube Desportivo de Tondela: Numbers: 2 and 9.
[4646110] Could not find attributes for oleg bilyk (Epicentr Dunaivtsi, 2025)
[4648879] Failed to build match row: Sporting Clube de Portugal vs Clube Desportivo de Tondela
[4646110] Failed to build match row: Epicentr Dunaivtsi vs FK Obolon Kyiv
[4529529] Could not find attributes for martin rio (Club Atlético Banfield, 2024)
[4529529] Failed to build match row: Club Atlético Banfield vs Asociación Atlética Argentinos Juniors
[4366787] Could not find attributes for ivan susak (NK Slaven Belupo Koprivnica, 2024)
[4366787] Failed to build match row: NK Slaven Belupo Koprivnica vs NK Osijek s.d.d.
[4665014] Could not find attributes for noah fadiga (Aris Thessalonikis, 2025)
[4665014] Failed to build match row: Aris Thessalonikis vs A.G.S Asteras Tripolis
[3459001] Could not find attributes for matvei igonen (FC Flora Tallinn, 2020)
[3459001] Failed to build match row: GNK Dinamo Zagreb vs FC Flora Tallinn
[4129614] Could not find attributes for eray ozbek (Kayserispor Kulübü, 2023)
[4358908] Could not find attributes for lazar balevic (Fudbalski klub Napredak Kruševac, 2024)
[4808314] Could not find attributes for sebastian jurado (Fútbol Club Juárez, 2025)
[3450463] Could not find attributes for matvey safonov (FK Krasnodar, 2020)
[4407588] Could not find attributes for allan nyom (Getafe Club de Fútbol S. A. D. Team Dubai, 2024)
[4808314] Failed to build match row: Fútbol Club Juárez vs Club Tijuana Xoloitzcuintles de Caliente
[3923290] Failed to scrape lineup: https://www.transfermarkt.co.uk/spielbericht/index/spielbericht/3923290
[4129614] Failed to build match row: Kayserispor Kulübü vs Istanbulspor
[4358908] Failed to build match row: Fudbalski klub Napredak Kruševac vs FK Radnički 1923 Kragujevac
[3450463] Failed to build match row: Panthessalonikios Athlitikos Omilos Konstantinoupoliton vs FK Krasnodar
[4096253] Could not find attributes for kjell watjen (Borussia Dortmund, 2023)
[4362998] Failed to build match row: Berner Sport Club Young Boys vs FC Lugano
[4407588] Failed to build match row: Real Club Deportivo Mallorca S.A.D. vs Getafe Club de Fútbol S. A. D. Team Dubai
[4096253] Failed to build match row: Borussia Dortmund vs Fußball-Club Augsburg 1907
[4395187] Could not find attributes for kouya mabea (Asociația Fotbal Club UTA Arad, 2024)
[3602226] Could not find attributes for volodymyr makhankov (FK Kolos Kovalivka, 2021)
[4395187] Failed to build match row: SC Dinamo 1948 SA vs Asociația Fotbal Club UTA Arad
[3602226] Failed to build match row: FK Kolos Kovalivka vs FK Mariupol
[3889164] Could not find attributes for dimitrios chatziisaias (APS Atromitos Athinon, 2022)
[3889164] Failed to build match row: APS Atromitos Athinon vs Panathinaikos Athlitikos Omilos
[4103681] Could not find attributes for sandi lovric (Udinese Calcio, 2023)
[4103681] Failed to build match row: Udinese Calcio vs Associazione Calcio Milan
[3610568] Could not find attributes for mikel vesga (Athletic Club Bilbao, 2021)
[3610568] Failed to build match row: Athletic Club Bilbao vs Elche Club de Fútbol S.A.D.
[4529530] Could not find attributes for sheyko studer (Club Sportivo Independiente Rivadavia, 2024)
[4529530] Failed to build match row: Club Sportivo Independiente Rivadavia vs Club Atlético Unión
[3838053] Could not find attributes for serge aurier (Nottingham Forest Football Club, 2022)
[3838053] Failed to build match row: Brighton and Hove Albion Football Club vs Nottingham Forest Football Club
[3840201] Could not find attributes for faouzi ghoulam (Angers Sporting Club de l'Ouest, 2022)
[3840201] Failed to build match row: Angers Sporting Club de l'Ouest vs Olympique Lyonnais
[4646111] Could not find attributes for valeriy voskonyan (SK Poltava, 2025)
[4646111] Failed to build match row: FC Shakhtar Donetsk vs SK Poltava

Keepers & outfield error for **Sport Lisboa e Benfica** in Sport Lisboa e Benfica vs AVS Futebol SAD: Numbers: 2 and 9.
[4648880] Failed to build match row: Sport Lisboa e Benfica vs AVS Futebol SAD
[3614908] Could not find attributes for kristjan asllani (FC Empoli, 2021)
[3614908] Failed to build match row: Atalanta Bergamasca Calcio S.p.a. vs FC Empoli
[3424072] Could not find attributes for rudolfs soloha (Valmiera FC, 2020)
[4370160] Could not find attributes for james ndjeungoue (KV Kortrijk, 2024)
[3424072] Failed to build match row: KKS Lech Poznań Spółka Akcyjna vs Valmiera FC
[4587118] Could not find attributes for igor jesus (Los Angeles Football Club, 2024)
[4420889] Failed to scrape lineup: https://www.transfermarkt.co.uk/spielbericht/index/spielbericht/4420889
[4370160] Failed to build match row: Koninklijke Atletiek Associatie Gent vs KV Kortrijk
[4587118] Failed to build match row: Chicago Fire Soccer Club vs Los Angeles Football Club
[3700923] Could not find attributes for abdramane fane (CD Marchamalo, 2021)
[3700923] Failed to build match row: CD Marchamalo vs Real Valladolid CF
[4362999] Could not find attributes for marley ake (Yverdon Sport FC, 2024)
[4362999] Failed to build match row: Yverdon Sport FC vs FC Basel 1893 AG
[4223988] Could not find attributes for sam fisher (Dunfermline Athletic FC, 2023)
[3869131] Could not find attributes for xadas (CS Marítimo, 2022)
[3869131] Failed to build match row: CS Marítimo vs Futebol Clube de Arouca
[4665015] Could not find attributes for lefteris choutesiotis (APS Atromitos Athinon, 2025)
[4223988] Failed to build match row: Dunfermline Athletic FC vs Raith Rovers FC
[3889165] Could not find attributes for boris kleyman (Volou Neos Podosferikos Syllogos, 2022)
[4103682] Could not find attributes for sandi lovric (Udinese Calcio, 2023)
[4162657] Could not find attributes for vegard forren (KÍ Klaksvík, 2023)

Keepers & outfield error for **Real Betis Balompié S.A.D.** in Real Betis Balompié S.A.D. vs Club Atlético Osasuna: Numbers: 0 and 11.
[4635088] Failed to scrape lineup: https://www.transfermarkt.co.uk/fc-lorient_paris-saint-germain/index/spielbericht/4635088
[4808315] Could not find attributes for jean unjanque (Querétaro Fútbol Club, 2025)
[4665015] Failed to build match row: APS Atromitos Athinon vs Volou Neos Podosferikos Syllogos
[4103682] Failed to build match row: Atalanta Bergamasca Calcio S.p.a. vs Udinese Calcio
[4162657] Failed to build match row: KÍ Klaksvík vs FC Sheriff Tiraspol
[3889165] Failed to build match row: Volou Neos Podosferikos Syllogos vs Panthessalonikios Athlitikos Omilos Konstantinoupoliton
[4808315] Failed to build match row: Querétaro Fútbol Club vs Impulsora del Deportivo Necaxa S.A. de C.V.
[3450464] Could not find attributes for matan baltaxa (Maccabi Tel Aviv, 2020)
[4113128] Failed to build match row: Real Betis Balompié S.A.D. vs Club Atlético Osasuna
[4358909] Could not find attributes for vukasin jovanovic (FK Jedinstvo Ub, 2024)
[3838054] Could not find attributes for joao palhinha (Fulham Football Club, 2022)
[4358909] Failed to build match row: FK Jedinstvo Ub vs Fudbalski klub Napredak Kruševac
[3450464] Failed to build match row: Fußballclub Red Bull Salzburg vs Maccabi Tel Aviv
[3838054] Failed to build match row: Fulham Football Club vs Aston Villa Football Club
[3432037] Could not find attributes for felipe pires (Moreirense Futebol Clube, 2020)
[4624696] Could not find attributes for milan heca (1. FC Slovácko, 2025)
[4407589] Could not find attributes for vladyslav krapyvtsov (Girona Fútbol Club S. A. D., 2024)
[3432037] Failed to build match row: Moreirense Futebol Clube vs Boavista FC
[4624696] Failed to build match row: 1. FC Slovácko vs Bohemians Praha 1905, a.s.
[4407589] Failed to build match row: Real Sociedad de Fútbol S.A.D. vs Girona Fútbol Club S. A. D.
[4646112] Could not find attributes for viktor dolgyi (FC Oleksandriya, 2025)
[4646112] Failed to build match row: FC Oleksandriya vs FK Polissya Zhytomyr
[3851274] Could not find attributes for vadis odjidja ofoe (Koninklijke Atletiek Associatie Gent, 2022)
[3497512] Could not find attributes for calum antell (Edinburgh City FC, 2020)
[3851274] Failed to build match row: Koninklijke Atletiek Associatie Gent vs KV Kortrijk
[3497512] Failed to build match row: Edinburgh City FC vs Caledonian Braves FC
[4787676] Could not find attributes for flavius daniliuc (FC Basel 1893 AG, 2025)
[4787676] Failed to build match row: FC Thun vs FC Basel 1893 AG
[4094678] Could not find attributes for nabil bentaleb (Lille Olympique Sporting Club, 2023)
[4094678] Failed to build match row: Lille Olympique Sporting Club vs Toulouse Football Club
[4395189] Could not find attributes for florin tanase (SC Fotbal Club FCSB SA, 2024)
[4514032] Could not find attributes for femi awodesu (Houston Dynamo, 2024)
[4395189] Failed to build match row: U Craiova 1948 Club Sportiv SA vs SC Fotbal Club FCSB SA
[4514032] Failed to build match row: Houston Dynamo vs Real Salt Lake
[4366789] Could not find attributes for martin zlomislic (Hrvatski Nogometni Klub Rijeka, 2024)
[4707365] Could not find attributes for dominik holec (FC Baník Ostrava a.s., 2025)

Keepers & outfield error for **Royal Antwerp Football Club** in Royal Standard Club de Liège vs Royal Antwerp Football Club: Numbers: 2 and 9.
[4366789] Failed to build match row: Hrvatski Nogometni Klub Rijeka vs HNK Gorica
[4707365] Failed to build match row: FC Baník Ostrava a.s. vs NK Celje

Keepers & outfield error for **Futebol Clube do Porto** in Futebol Clube do Porto vs Sport Lisboa e Benfica: Numbers: 0 and 11.
[4370161] Failed to build match row: Royal Standard Club de Liège vs Royal Antwerp Football Club
[3869132] Failed to build match row: Futebol Clube do Porto vs Sport Lisboa e Benfica
[3602227] Could not find attributes for yuriy pankiv (FC Rukh Lviv, 2021)
[3424073] Could not find attributes for vladimir stojkovic (Fudbalski Klub Partizan Beograd, 2020)

Keepers & outfield error for **Futebol Clube de Famalicão** in Futebol Clube de Famalicão vs Casa Pia Atlético Clube: Numbers: 2 and 9.
[4420890] Could not find attributes for otso virtanen (Ilves Tampere, 2024)
[3602227] Failed to build match row: FC Rukh Lviv vs FC Zorya Lugansk
[4445562] Could not find attributes for tyrique george (Chelsea Football Club, 2024)
[4648881] Failed to build match row: Futebol Clube de Famalicão vs Casa Pia Atlético Clube
[3840202] Could not find attributes for cheick oumar konate (Clermont Foot 63, 2022)
[3424073] Failed to build match row: Fudbalski Klub Partizan Beograd vs FC RFS
[4635089] Could not find attributes for tylel tati (Football Club de Nantes, 2025)
[4420890] Failed to build match row: Djurgårdens Idrottsförening vs Ilves Tampere
[4445562] Failed to build match row: Chelsea Football Club vs Shamrock Rovers
[4363000] Could not find attributes for miroslav stevanovic (Servette Football Club 1890 SA, 2024)
[4665016] Could not find attributes for jakub pokorny (Athlitiki Enosi Kifisias, 2025)

Keepers & outfield error for **Manchester City Football Club** in Leeds United Association Football Club vs Manchester City Football Club: Numbers: 2 and 9.
[3459002] Could not find attributes for taras kacharaba (FC Slovan Liberec, 2020)
[3459002] Failed to build match row: FC Slovan Liberec vs APOEL Nicosia
[4641441] Could not find attributes for dylan mertens (Sportclub Telstar, 2025)
[3889166] Failed to build match row: Ionikos Nikeas vs A.G.S Asteras Tripolis
[4635089] Failed to build match row: Football Club de Nantes vs Association sportive de Monaco Football Club
[4665016] Failed to build match row: Athlitiki Enosi Kifisias vs Olympiakos Syndesmos Filathlon Peiraios
[3592209] Failed to build match row: Leeds United Association Football Club vs Manchester City Football Club
[4641441] Failed to build match row: Sportclub Telstar vs Go Ahead Eagles
[4129615] Could not find attributes for taxiarchis fountas (Trabzonspor Kulübü, 2023)
[3840202] Failed to build match row: Clermont Foot 63 vs Racing Club de Strasbourg Alsace
[4363000] Failed to build match row: FC Basel 1893 AG vs Servette Football Club 1890 SA
[4162658] Could not find attributes for milan borjan (Slovan Bratislava, 2023)
[4129615] Failed to build match row: Trabzonspor Kulübü vs Galatasaray Spor Kulübü
[4162658] Failed to build match row: Slovan Bratislava vs Aris Limassol

Keepers & outfield error for **Real Betis Balompié S.A.D.** in Getafe Club de Fútbol S. A. D. Team Dubai vs Real Betis Balompié S.A.D.: Numbers: 0 and 11.
[4113129] Failed to build match row: Getafe Club de Fútbol S. A. D. Team Dubai vs Real Betis Balompié S.A.D.
[4624697] Could not find attributes for jakub lapes (MFK Karvina, 2025)

Keepers & outfield error for **Associazione Calcio Fiorentina** in Udinese Calcio vs Associazione Calcio Fiorentina: Numbers: 0 and 11.

Keepers & outfield error for **Club Tigres UANL Sinergia Deportiva S.A. de C.V.** in Club Tigres UANL Sinergia Deportiva S.A. de C.V. vs Club Deportivo Guadalajara S. A. de C. V.: Numbers: 0 and 11.
[4624697] Failed to build match row: MFK Karvina vs SK Slavia Praha, a.s.
[4374300] Failed to build match row: Udinese Calcio vs Associazione Calcio Fiorentina
[4808316] Failed to build match row: Club Tigres UANL Sinergia Deportiva S.A. de C.V. vs Club Deportivo Guadalajara S. A. de C. V.
[3851275] Could not find attributes for stipe perica (Royal Standard Club de Liège, 2022)
[4727212] Could not find attributes for giovanni de abreu (Perth Glory Football Club, 2025)
[3851275] Failed to build match row: RFC Seraing vs Royal Standard Club de Liège
[4727212] Failed to build match row: Central Coast Mariners Football Club vs Perth Glory Football Club
[3614910] Could not find attributes for manolo portanova (Genoa Cricket and Football Club, 2021)
[4358910] Could not find attributes for marko milosevic (FK Radnički 1923 Kragujevac, 2024)
[3614910] Failed to build match row: Genoa Cricket and Football Club vs Bologna Football Club 1909

Keepers & outfield error for **Leicester City** in Leicester City vs Leeds United Association Football Club: Numbers: 0 and 11.
[4096256] Could not find attributes for max finkgrafe (1. Fußball-Club Köln, 2023)
[3838055] Failed to build match row: Leicester City vs Leeds United Association Football Club
[4096256] Failed to build match row: 1. Fußball-Club Köln vs 1. Fußballclub Union Berlin
[4646113] Could not find attributes for danylo varakuta (TOV FK Metalist 1925 Kharkiv, 2025)
[4646113] Failed to build match row: TOV FK Metalist 1925 Kharkiv vs FC Zorya Lugansk
[4366792] Could not find attributes for antonio djakovic (HNK Sibenik, 2024)
[4366792] Failed to build match row: HNK Sibenik vs Hrvatski Nogometni Klub Rijeka
[4407590] Could not find attributes for alvaro garcia pascual (Sevilla Fútbol Club S.A.D., 2024)
[4529534] Could not find attributes for kevin jappert (Club Atlético Barracas Central, 2024)
[3923292] Could not find attributes for darryn kelly (Banks O' Dee FC, 2022)
[4407590] Failed to build match row: Sevilla Fútbol Club S.A.D. vs Real Madrid Club de Fútbol
[4223989] Could not find attributes for logan dunachie (Clyde FC, 2023)
[3923292] Failed to build match row: Banks O' Dee FC vs Turriff United FC
[3602228] Could not find attributes for valentin cojocaru (SC Dnipro-1, 2021)
[4529534] Failed to build match row: Club Atlético Barracas Central vs Club Atlético Banfield
[3998924] Could not find attributes for thijmen blokzijl (Football Club Groningen, 2022)
[4223989] Failed to build match row: Clyde FC vs Jeanfield Swifts FC
[3998924] Failed to build match row: Football Club Groningen vs SV Spakenburg
[3602228] Failed to build match row: FC Shakhtar Donetsk vs SC Dnipro-1
[3413842] Could not find attributes for vadis odjidja ofoe (Koninklijke Atletiek Associatie Gent, 2020)
[4707366] Could not find attributes for anatoli gospodinov (Arda Kardzhali, 2025)
[3413842] Failed to build match row: St Truiden vs Koninklijke Atletiek Associatie Gent
[4707366] Failed to build match row: Arda Kardzhali vs RKS Raków Częstochowa SA
[4445563] Could not find attributes for tyrique george (Chelsea Football Club, 2024)

Keepers & outfield error for **Manchester United Football Club** in Manchester United Football Club vs Southampton FC: Numbers: 2 and 9.
[4420891] Could not find attributes for aleksandr marochkin (FC Astana, 2024)
[3592210] Failed to build match row: Manchester United Football Club vs Southampton FC
[4445563] Failed to build match row: Chelsea Football Club vs FC Noah Yerevan
[4420891] Failed to build match row: FC Astana vs Corvinul Hunedoara

Keepers & outfield error for **Football Club Lorient-Bretagne Sud** in Football Club Lorient-Bretagne Sud vs Association de la Jeunesse auxerroise: Numbers: 0 and 11.
[3459003] Could not find attributes for roberto soldado (Granada CF, 2020)
[4648882] Could not find attributes for ferro (Grupo Desportivo Estoril Praia, 2025)
[3459003] Failed to build match row: Malmö Fotbollförening vs Granada CF
[4363001] Could not find attributes for stefanos kapino (Fussballclub Winterthur, 2024)
[3840203] Failed to build match row: Football Club Lorient-Bretagne Sud vs Association de la Jeunesse auxerroise
[4363001] Failed to build match row: Grasshopper Club Zürich vs Fussballclub Winterthur
[4648882] Failed to build match row: Grupo Desportivo Estoril Praia vs Gil Vicente Futebol Clube
[3889167] Could not find attributes for panagiotis liagas (APO Levadiakos Football Club, 2022)
[4808317] Could not find attributes for aldo rocha (Club de Futbol Rojinegros S.A. de C.V., 2025)
[3497513] Could not find attributes for darryl mchardy (Elgin City FC, 2020)
[3889167] Failed to build match row: APO Levadiakos Football Club vs Omilos Filathlon Irakliou FC
[4395191] Could not find attributes for giannis anestis (Asociația Fotbal Club Botoșani, 2024)
[4665017] Could not find attributes for panagiotis liagas (APO Levadiakos Football Club, 2025)
[4395191] Failed to build match row: Asociația Fotbal Club Unirea 04 Slobozia vs Asociația Fotbal Club Botoșani
[4646114] Could not find attributes for nazar domchak (FK Karpaty Lviv, 2025)
[3497513] Failed to build match row: Elgin City FC vs Civil Service Strollers FC
[4808317] Failed to build match row: Club de Futbol Rojinegros S.A. de C.V. vs Club de Fútbol Monterrey Rayados A.C.
[4665017] Failed to build match row: APO Levadiakos Football Club vs Panserraikos Serres
[4374301] Could not find attributes for nicolo savona (Juventus Football Club, 2024)
[4646114] Failed to build match row: FK Karpaty Lviv vs FK Kryvbas Kryvyi Rig
[4358911] Could not find attributes for veljko ilic (Fudbalski klub TSC Bačka Topola, 2024)
[4374301] Failed to build match row: Venezia FC vs Juventus Football Club
[3614911] Could not find attributes for abdelhamid sabiri (UC Sampdoria, 2021)
[3614911] Failed to build match row: Football Club Internazionale Milano S.p.A. vs UC Sampdoria
[4358911] Failed to build match row: Fudbalski klub TSC Bačka Topola vs Železničar Pančevo

Keepers & outfield error for **Paris Saint-Germain Football Club** in Stade Reims vs Paris Saint-Germain Football Club: Numbers: 2 and 9.
[3700924] Could not find attributes for ruben sanchez (CP Cacereño, 2021)
[4096257] Could not find attributes for anthony losilla (VfL Bochum, 2023)
[4094680] Failed to build match row: Stade Reims vs Paris Saint-Germain Football Club
[3700924] Failed to build match row: CP Cacereño vs SD Ponferradina
[4096257] Failed to build match row: VfL Bochum vs Bayer 04 Leverkusen Fußball
[3646187] Could not find attributes for magnus clemmensen (VSK Aarhus, 2021)
[4727213] Could not find attributes for dimitri valkanis (Brisbane Roar FC, 2025)
[4407591] Could not find attributes for tamas nikitscher (Real Valladolid CF, 2024)
[3646187] Failed to build match row: VSK Aarhus vs Thisted FC
[4727213] Failed to build match row: Brisbane Roar FC vs Sydney Football Club
[4407591] Failed to build match row: Real Valladolid CF vs Alaves
[4787677] Could not find attributes for bafode dansoko (Fussballclub Winterthur, 2025)
[4787677] Failed to build match row: Fussballclub Winterthur vs Grasshopper Club Zürich
[4370162] Could not find attributes for rajiv van la parra (Beerschot VA, 2024)
[4624698] Could not find attributes for jiri floder (FK Mladá Boleslav, a.s., 2025)
[4370162] Failed to build match row: Beerschot VA vs Koninklijke Voetbal Club Westerlo
[4624698] Failed to build match row: FK Mladá Boleslav, a.s. vs FK Teplice, a.s.
[3869135] Could not find attributes for xadas (CS Marítimo, 2022)
[3602229] Could not find attributes for denys sydorenko (TOV FK Metalist 1925 Kharkiv, 2021)
[3869135] Failed to build match row: Vitória Sport Clube vs CS Marítimo
[3602229] Failed to build match row: TOV FK Metalist 1925 Kharkiv vs Futbolniy Klub Dynamo Kyiv
[3450507] Could not find attributes for vurnon anita (RKC Waalwijk, 2020)
[3450507] Failed to build match row: Fortuna Sittardia Combinatie vs RKC Waalwijk
[4162659] Could not find attributes for filip samurovic (Fudbalski klub Čukarički Beograd, 2023)

Keepers & outfield error for **Wolverhampton Wanderers Football Club** in Everton Football Club vs Wolverhampton Wanderers Football Club: Numbers: 0 and 11.
Not enough players found for lineup: 0, 11.
[4162659] Failed to build match row: Fudbalski klub Čukarički Beograd vs Olympiakos Syndesmos Filathlon Peiraios
[3592211] Failed to build match row: Everton Football Club vs Wolverhampton Wanderers Football Club
[3923294] Failed to scrape lineup: https://www.transfermarkt.co.uk/spielbericht/index/spielbericht/3923294
[3998925] Could not find attributes for jordy zielschot (Blauw Geel '38 / Jumbo, 2022)
[3889168] Could not find attributes for alexandros malis (Panetolikos Agrinio, 2022)
[3889168] Failed to build match row: Panetolikos Agrinio vs PAS Lamia 1964
[3998925] Failed to build match row: Blauw Geel '38 / Jumbo vs Football Club Utrecht
[3424074] Could not find attributes for mika hilander (Ilves Tampere, 2020)
[3424074] Failed to build match row: Shamrock Rovers vs Ilves Tampere
[4635091] Could not find attributes for samir chergui (Paris Football Club, 2025)
[4366793] Could not find attributes for jakov gurlica (HNK Gorica, 2024)
[4366793] Failed to build match row: HNK Gorica vs HNK Hajduk Split
[4635091] Failed to build match row: Paris Football Club vs Olympique Lyonnais
[4363003] Could not find attributes for renato steffen (FC Lugano, 2024)
[4363003] Failed to build match row: FC Lugano vs FC Zürich
[4646115] Could not find attributes for oleksiy palamarchuk (LNZ Cherkasy, 2025)
[4646115] Failed to build match row: LNZ Cherkasy vs FK Karpaty Lviv
[4358912] Could not find attributes for nikola mirkovic (Fudbalski klub Čukarički Beograd, 2024)
[3851277] Could not find attributes for dapo mebude (KV Oostende, 2022)
[4665018] Could not find attributes for kresimir krizmanic (Omilos Filathlon Irakliou FC, 2025)
[3851277] Failed to build match row: Yellow-Red Koninklijke Voetbalclub Mechelen vs KV Oostende
[4358912] Failed to build match row: Fudbalski klub Čukarički Beograd vs Fudbalski Klub IMT Novi Beograd
[4665018] Failed to build match row: Omilos Filathlon Irakliou FC vs Athlitiki Enosi Konstantinoupoleos

Keepers & outfield error for **Eintracht Frankfurt Fußball AG** in Mönchengladbach vs Eintracht Frankfurt Fußball AG: Numbers: 2 and 9.
[4370163] Could not find attributes for hasan kurucay (Oud-Heverlee Leuven, 2024)
[4096258] Failed to build match row: Mönchengladbach vs Eintracht Frankfurt Fußball AG
[4370163] Failed to build match row: Oud-Heverlee Leuven vs St Truiden
[4587123] Could not find attributes for idan toklomati (Charlotte Football Club, 2024)
023)

Keepers & outfield error for **Genoa Cricket and Football Club** in Genoa Cricket and Football Club vs Unione Sportiva Lecce: Numbers: 0 and 11.
[4113131] Could not find attributes for chris ramos (Cádiz CF, 2023)
[4223990] Failed to build match row: Inverness Caledonian Thistle FC vs Cowdenbeath FC
[4103685] Failed to build match row: Genoa Cricket and Football Club vs Unione Sportiva Lecce
[4587123] Failed to build match row: Football Club Cincinnati vs Charlotte Football Club
Not enough players found for lineup: 0, 11.
[4113131] Failed to build match row: Futbol Club Barcelona vs Cádiz CF
[3646188] Failed to scrape lineup: https://www.transfermarkt.co.uk/spielbericht/index/spielbericht/3646188
[4787678] Could not find attributes for miroslav stevanovic (Servette Football Club 1890 SA, 2025)
[4529642] Could not find attributes for sung yueng ki (Football Club Seoul, 2024)
[4787678] Failed to build match row: Berner Sport Club Young Boys vs Servette Football Club 1890 SA
Not enough players found for lineup: 0, 0.
[4529642] Failed to build match row: Jeju SK Football Club vs Football Club Seoul
[3923295] Failed to scrape lineup: https://www.transfermarkt.co.uk/spielbericht/index/spielbericht/3923295
[4162660] Could not find attributes for simon sluga (Ludogorets Razgrad, 2023)

Keepers & outfield error for **Clube Desportivo Santa Clara** in Futebol Clube de Alverca vs Clube Desportivo Santa Clara: Numbers: 2 and 9.
[4162660] Failed to build match row: AFC Ajax Amsterdam vs Ludogorets Razgrad
[3602230] Could not find attributes for oleksandr ilyushchenkov (PFK Lviv, 2021)
[4648884] Failed to build match row: Futebol Clube de Alverca vs Clube Desportivo Santa Clara
[3602230] Failed to build match row: PFK Lviv vs TOV FK Metalist 1925 Kharkiv
[4094682] Could not find attributes for daler kuzyaev (Le Havre Athletic Club, 2023)
[4094682] Failed to build match row: Le Havre Athletic Club vs Association sportive de Monaco Football Club
[4707368] Failed to scrape lineup: https://www.transfermarkt.co.uk/spielbericht/index/spielbericht/4707368
[4358913] Failed to scrape lineup: https://www.transfermarkt.co.uk/fk-novi-pazar_fk-radnicki-nis/index/spielbericht/4358913
[4129617] Could not find attributes for achilleas poungouras (Sivasspor, 2023)
[4129617] Failed to build match row: Sivasspor vs Gaziantep Futbol Kulübü A.Ş.
[3497514] Could not find attributes for fraser morton (Gala Fairydean Rovers FC, 2020)
[3497514] Failed to build match row: Gala Fairydean Rovers FC vs Annan Athletic FC
[4587125] Failed to scrape lineup: https://www.transfermarkt.co.uk/new-york-red-bulls_real-salt-lake-city/index/spielbericht/4587125
[3889177] Could not find attributes for sergiy sydorchuk (Futbolniy Klub Dynamo Kyiv, 2022)
[3889177] Failed to build match row: Futbolniy Klub Dynamo Kyiv vs Sportklub Puntigamer Sturm Graz
[4808318] Could not find attributes for oussama idrissi (Promotora del Club Pachuca S. A. de C. V., 2025)
[4808318] Failed to build match row: Promotora del Club Pachuca S. A. de C. V. vs Club Santos Laguna S. A. de C. V.
[4366796] Could not find attributes for marijan coric (NK Istra 1961, 2024)
[4665019] Could not find attributes for filip djuricic (Panathinaikos Athlitikos Omilos, 2025)
[4374303] Could not find attributes for nicolo savona (Juventus Football Club, 2024)
[4366796] Failed to build match row: NK Istra 1961 vs NK Varazdin
[4445564] Could not find attributes for robert zulj (Linzer Athletik-Sport-Klub, 2024)
[4665019] Failed to build match row: Panathinaikos Athlitikos Omilos vs Panthessalonikios Athlitikos Omilos Konstantinoupoliton
[4374303] Failed to build match row: Juventus Football Club vs Associazione Calcio Milan
[4646116] Could not find attributes for oleg bilyk (Epicentr Dunaivtsi, 2025)
[4445564] Failed to build match row: Linzer Athletik-Sport-Klub vs Djurgårdens Idrottsförening

Keepers & outfield error for **Association Football Club Bournemouth** in Association Football Club Bournemouth vs Manchester United Football Club: Numbers: 2 and 9.
[4646116] Failed to build match row: Epicentr Dunaivtsi vs NK Veres Rivne
[3432038] Could not find attributes for shahriar moghanlou (Clube Desportivo Santa Clara, 2020)
[4626099] Failed to build match row: Association Football Club Bournemouth vs Manchester United Football Club
[3432038] Failed to build match row: Clube Desportivo Santa Clara vs Vitória Sport Clube
[3459005] Could not find attributes for holmar orn eyjolfsson (Rosenborg Ballklub, 2020)
[3459005] Failed to build match row: Rosenborg Ballklub vs Eindhovense Voetbalvereniging Philips Sport Vereniging
[4641445] Could not find attributes for ringo meerveld (Sportclub Heerenveen, 2025)
[4420892] Could not find attributes for tomas fruhwald (MFK Ruzomberok, 2024)
[4641445] Failed to build match row: Sportclub Heerenveen vs Football Club Twente
[4420892] Failed to build match row: HNK Hajduk Split vs MFK Ruzomberok
[3497515] Could not find attributes for cammy bowden (Huntly FC, 2020)
[3497515] Failed to build match row: Huntly FC vs Cumbernauld Colts FC
[4787679] Could not find attributes for sebastian walker (FC Zürich, 2025)
[4787679] Failed to build match row: FC Zürich vs FC Lugano
[3602231] Could not find attributes for valentin cojocaru (SC Dnipro-1, 2021)
[3602231] Failed to build match row: SC Dnipro-1 vs NK Veres Rivne
[3450508] Could not find attributes for joshua john (VVV-Venlo, 2020)
[3450508] Failed to build match row: VVV-Venlo vs Football Club Utrecht

Keepers & outfield error for **Futebol Clube de Arouca** in Futebol Clube de Arouca vs Clube Desportivo Nacional: Numbers: 2 and 9.
[3851278] Failed to scrape lineup: https://www.transfermarkt.co.uk/kvc-westerlo_oud-heverlee-leuven/index/spielbericht/3851278
[3869137] Could not find attributes for leo bolgado (Casa Pia Atlético Clube, 2022)
[4094683] Could not find attributes for jean kevin duverne (Football Club de Nantes, 2023)
[4648885] Failed to build match row: Futebol Clube de Arouca vs Clube Desportivo Nacional
[4529643] Could not find attributes for jeong in park (Gwangju Football Club, 2024)
[3869137] Failed to build match row: Casa Pia Atlético Clube vs GD Chaves
[4094683] Failed to build match row: Football Club de Metz vs Football Club de Nantes
[4366797] Could not find attributes for marijan coric (NK Istra 1961, 2024)
[4366797] Failed to build match row: NK Istra 1961 vs HNK Sibenik
[4529643] Failed to build match row: Gwangju Football Club vs Suwon FC

Keepers & outfield error for **Wolverhampton Wanderers Football Club** in Chelsea Football Club vs Wolverhampton Wanderers Football Club: Numbers: 0 and 11.
[4096259] Could not find attributes for lovro zvonarek (FC Bayern München, 2023)
[4707369] Could not find attributes for oleg kudryk (FK Polissya Zhytomyr, 2025)
[3592213] Failed to build match row: Chelsea Football Club vs Wolverhampton Wanderers Football Club
[4514035] Could not find attributes for jamar ricketts (San Jose Earthquakes, 2024)
[4096259] Failed to build match row: FC Bayern München vs Verein für Leibesübungen Wolfsburg
[3998926] Could not find attributes for lucas schraal (SV Urk, 2022)
[4707369] Failed to build match row: Associazione Calcio Fiorentina vs FK Polissya Zhytomyr
[4113132] Failed to scrape lineup: https://www.transfermarkt.co.uk/cadiz-cf_sevilla-fc/index/spielbericht/4113132
[4808319] Could not find attributes for rodolfo cota (Club de Futbol América S. A. de C. V., 2025)
[4514035] Failed to build match row: San Jose Earthquakes vs Colorado Rapids
[3998926] Failed to build match row: SV Urk vs VV Katwijk
[3646191] Failed to scrape lineup: https://www.transfermarkt.co.uk/spielbericht/index/spielbericht/3646191
[4808319] Failed to build match row: Club de Futbol América S. A. de C. V. vs Club de Fútbol Cruz Azul S.A. de C.V.
[4646117] Could not find attributes for eduard kozik (FK Kolos Kovalivka, 2025)
[4445565] Could not find attributes for robert zulj (Linzer Athletik-Sport-Klub, 2024)
[4223991] Could not find attributes for grant gillespie (Greenock Morton FC, 2023)
[3424075] Could not find attributes for bence batik (Budapest Honvéd FC, 2020)
[4646117] Failed to build match row: FK Kolos Kovalivka vs FC Oleksandriya
[4445565] Failed to build match row: Linzer Athletik-Sport-Klub vs Cercle Brugge Koninklijke Sportvereniging
[4223991] Failed to build match row: Greenock Morton FC vs Bo'ness United FC
[3424075] Failed to build match row: Budapest Honvéd FC vs FC Inter Turku
[4635092] Could not find attributes for stephan zagadou (Le Havre Athletic Club, 2025)

Keepers & outfield error for **Melbourne Victory FC** in Melbourne Victory FC vs Wellington Phoenix Football Club: Numbers: 0 and 11.

Keepers & outfield error for **FC Empoli** in Juventus Football Club vs FC Empoli: Numbers: 2 and 9.
[4635092] Failed to build match row: Le Havre Athletic Club vs Stade brestois 29
[4727215] Failed to build match row: Melbourne Victory FC vs Wellington Phoenix Football Club
[3459006] Could not find attributes for ohad levita (Hapoel Beer Sheva, 2020)
[4103687] Failed to build match row: Juventus Football Club vs FC Empoli
[3459006] Failed to build match row: Hapoel Beer Sheva vs FC Viktoria Plzeň, a.s.

Keepers & outfield error for **Club Internacional de Fútbol Miami** in Orlando City Soccer Club vs Club Internacional de Fútbol Miami: Numbers: 0 and 11.
[3840206] Could not find attributes for kiki kouyate (Montpellier HSC, 2022)
[4587126] Failed to build match row: Orlando City Soccer Club vs Club Internacional de Fútbol Miami

Keepers & outfield error for **Xerez Deportivo FC** in Xerez Deportivo FC vs CD Leganés: Numbers: 2 and 9.
[4665020] Could not find attributes for christos sielis (Panetolikos Agrinio, 2025)
[3840206] Failed to build match row: Montpellier HSC vs Racing Club de Lens
[3700925] Failed to build match row: Xerez Deportivo FC vs CD Leganés
[4665020] Failed to build match row: Panetolikos Agrinio vs Athlitiki Enosi Larisas
[3923296] Could not find attributes for ewen macdonald (Formartine United FC, 2022)

Keepers & outfield error for **Gil Vicente Futebol Clube** in Gil Vicente Futebol Clube vs FC Paços de Ferreira: Numbers: 0 and 11.
[3923296] Failed to build match row: Formartine United FC vs East Stirlingshire FC
[3432039] Failed to build match row: Gil Vicente Futebol Clube vs FC Paços de Ferreira
[4395197] Could not find attributes for damjan djokovic (Fotbal Club CFR 1907 Cluj SA, 2024)
[4395197] Failed to build match row: Fotbal Club CFR 1907 Cluj SA vs SC Fotbal Club FCSB SA

Keepers & outfield error for **Futebol Clube do Porto** in Futebol Clube do Porto vs Rio Ave Futebol Clube: Numbers: 0 and 11.
[4420893] Could not find attributes for domagoj vida (Athlitiki Enosi Konstantinoupoleos, 2024)
[4162661] Could not find attributes for duktm (Aberdeen Football Club, 2023)
[4648886] Failed to build match row: Futebol Clube do Porto vs Rio Ave Futebol Clube
[4420893] Failed to build match row: Athlitiki Enosi Konstantinoupoleos vs FC Noah Yerevan
[4129618] Could not find attributes for salvatore sirigu (Fatih Karagümrük Sportif Faaliyetler San. Tic. A.Ş., 2023)
[4366798] Could not find attributes for oliver zelenika (NK Varazdin, 2024)
[4162661] Failed to build match row: Aberdeen Football Club vs BK Häcken
[3610574] Failed to scrape lineup: https://www.transfermarkt.co.uk/granada-cf_rayo-vallecano/index/spielbericht/3610574
[4129618] Failed to build match row: Fatih Karagümrük Sportif Faaliyetler San. Tic. A.Ş. vs İstanbul Başakşehir Futbol Kulübü
[4366798] Failed to build match row: NK Varazdin vs NK Osijek s.d.d.
[4787680] Could not find attributes for mirlind kryeziu (Fussballclub Winterthur, 2025)
[4787680] Failed to build match row: FC St. Gallen 1879 vs Fussballclub Winterthur
[3588279] Could not find attributes for jetro willems (SpVgg Greuther Fürth, 2021)
[4096260] Could not find attributes for pavel kaderabek (Turn- und Sportgemeinschaft 1899 Hoffenheim Fußball-Spielbetriebs, 2023)
[4096260] Failed to build match row: SV Darmstadt 98 vs Turn- und Sportgemeinschaft 1899 Hoffenheim Fußball-Spielbetriebs
[3588279] Failed to build match row: Sport-Club Freiburg vs SpVgg Greuther Fürth

Keepers & outfield error for **Manchester United Football Club** in Crystal Palace Football Club vs Manchester United Football Club: Numbers: 2 and 9.
[3592214] Failed to build match row: Crystal Palace Football Club vs Manchester United Football Club
[3889178] Could not find attributes for josh cohen (Maccabi Haifa, 2022)
[3646192] Could not find attributes for oskar moller (Kolding IF, 2021)

Keepers & outfield error for **FC Paços de Ferreira** in FC Paços de Ferreira vs FC Vizela: Numbers: 0 and 11.
[3889178] Failed to build match row: Maccabi Haifa vs Apollon Limassol
[4514037] Could not find attributes for harbor miller (Los Angeles Galaxy, 2024)
[4113133] Could not find attributes for matija nastasic (Real Club Deportivo Mallorca S.A.D., 2023)
[3646192] Failed to build match row: Kolding IF vs Esbjerg fB
[4808320] Could not find attributes for adalberto carrasquilla (Club Universidad Nacional A. C., 2025)
[3869138] Failed to build match row: FC Paços de Ferreira vs FC Vizela
[4113133] Failed to build match row: Girona Fútbol Club S. A. D. vs Real Club Deportivo Mallorca S.A.D.
[3614915] Failed to scrape lineup: https://www.transfermarkt.co.uk/spezia-calcio_ssc-napoli/index/spielbericht/3614915
[4808320] Failed to build match row: Club Universidad Nacional A. C. vs Mazatlán Futbol Club
[4514037] Failed to build match row: Portland Timbers vs Los Angeles Galaxy
[4707370] Could not find attributes for samsindin ouro (ETO FC, 2025)
[4707370] Failed to build match row: Sportklub Rapid vs ETO FC
[4727216] Could not find attributes for dimitri valkanis (Brisbane Roar FC, 2025)
[3998927] Could not find attributes for igor paixao (Feyenoord Rotterdam, 2022)
[4727216] Failed to build match row: Melbourne City Football Club vs Brisbane Roar FC
[4665021] Could not find attributes for luka jovic (Athlitiki Enosi Konstantinoupoleos, 2025)
[4641447] Could not find attributes for irakli yegoian (Excelsior Rotterdam, 2025)
[3998927] Failed to build match row: Feyenoord Rotterdam vs Prins Hendrik Ende Desespereert Nimmer Combinatie Zwolle
[4665021] Failed to build match row: Athlitiki Enosi Konstantinoupoleos vs Panthessalonikios Athlitikos Omilos Konstantinoupoliton
[4641447] Failed to build match row: Football Club Utrecht vs Excelsior Rotterdam
[4445566] Could not find attributes for robert zulj (Linzer Athletik-Sport-Klub, 2024)
[4358914] Could not find attributes for nikola marjanovic (FK Tekstilac Odzaci, 2024)
[3700926] Could not find attributes for vicente sabater (CE Andratx, 2021)

Keepers & outfield error for **Paris Saint-Germain Football Club** in Olympique de Marseille vs Paris Saint-Germain Football Club: Numbers: 2 and 9.
[4445566] Failed to build match row: Linzer Athletik-Sport-Klub vs Víkingur Reykjavík
[4358914] Failed to build match row: FK Tekstilac Odzaci vs Fudbalski Klub Spartak Ždrepčeva krv
[3700926] Failed to build match row: CE Andratx vs Real Oviedo S.A.D.
[3840207] Failed to build match row: Olympique de Marseille vs Paris Saint-Germain Football Club

Keepers & outfield error for **Moreirense Futebol Clube** in Moreirense Futebol Clube vs Sporting Clube de Portugal: Numbers: 0 and 11.
[4366800] Could not find attributes for ivan susak (NK Slaven Belupo Koprivnica, 2024)
[4648887] Failed to build match row: Moreirense Futebol Clube vs Sporting Clube de Portugal
[3450509] Could not find attributes for tyronne ebuehi (Football Club Twente, 2020)
[4366800] Failed to build match row: NK Slaven Belupo Koprivnica vs HNK Gorica
[3450509] Failed to build match row: FC Emmen vs Football Club Twente
[4162662] Could not find attributes for hrvoje barisic (HSK Zrinjski Mostar, 2023)
Not enough players found for lineup: 0, 11.
[4420894] Could not find attributes for giorgi makaridze (Iberia 1999 Tbilisi, 2024)
[4162662] Failed to build match row: HSK Zrinjski Mostar vs Linzer Athletik-Sport-Klub
[4420894] Failed to build match row: İstanbul Başakşehir Futbol Kulübü vs Iberia 1999 Tbilisi
[3923297] Failed to scrape lineup: https://www.transfermarkt.co.uk/spielbericht/index/spielbericht/3923297
[4529644] Could not find attributes for jung in moon (Ulsan Hyundai Football Club, 2024)
[4529644] Failed to build match row: Ulsan Hyundai Football Club vs Football Club Anyang
[3610575] Could not find attributes for nemanja radoja (Levante Unión Deportiva S.A.D., 2021)
[3889179] Could not find attributes for shahrudin mahammadaliyev (Qarabağ FK, 2022)
[3610575] Failed to build match row: Levante Unión Deportiva S.A.D. vs Villarreal Club de Fútbol S.A.D.
[3889179] Failed to build match row: Qarabağ FK vs Ferencvárosi TC

Keepers & outfield error for **Deportivo Toluca Futbol Club, S. A. de C. V.** in Deportivo Toluca Futbol Club, S. A. de C. V. vs Club Atlético de San Luis: Numbers: 0 and 11.
[4808321] Failed to build match row: Deportivo Toluca Futbol Club, S. A. de C. V. vs Club Atlético de San Luis
[4646119] Could not find attributes for oleksandr saputin (FC Zorya Lugansk, 2025)
[4646119] Failed to build match row: FC Zorya Lugansk vs FC Rukh Lviv
[4363005] Could not find attributes for marley ake (Yverdon Sport FC, 2024)
[3588281] Failed to scrape lineup: https://www.transfermarkt.co.uk/fc-augsburg_vfb-stuttgart/index/spielbericht/3588281
[4363005] Failed to build match row: FC St. Gallen 1879 vs Yverdon Sport FC
[4707371] Could not find attributes for maksim belov (Neman Grodno, 2025)
[4707371] Failed to build match row: Rayo Vallecano de Madrid S. A. D. vs Neman Grodno
[3646193] Could not find attributes for simon rossil (Boldklubben af 1893, 2021)
[3646193] Failed to build match row: Boldklubben af 1893 vs Nyköbing FC

Keepers & outfield error for **Futebol Clube de Famalicão** in Futebol Clube de Famalicão vs Sporting Clube de Portugal: Numbers: 0 and 11.
[3869139] Failed to build match row: Futebol Clube de Famalicão vs Sporting Clube de Portugal
[4407592] Failed to scrape lineup: https://www.transfermarkt.co.uk/ud-las-palmas_cd-leganes/index/spielbericht/4407592
[4587128] Could not find attributes for idan toklomati (Charlotte Football Club, 2024)

Keepers & outfield error for **Manchester City Football Club** in Manchester City Football Club vs Liverpool Football Club: Numbers: 2 and 9.
[4587128] Failed to build match row: Charlotte Football Club vs Real Salt Lake
[4445567] Could not find attributes for florin tanase (SC Fotbal Club FCSB SA, 2024)
[3592215] Failed to build match row: Manchester City Football Club vs Liverpool Football Club
[4624699] Could not find attributes for ales mandous (FK Pardubice, 2025)
[4445567] Failed to build match row: SC Fotbal Club FCSB SA vs Fodbold Club Midtjylland
Fútbol S. A. D. vs Cádiz CF: Numbers: 2 and 9.
[3614916] Could not find attributes for nicola zalewski (Associazione Sportiva Roma, 2021)
[3614916] Failed to build match row: Torino Calcio vs Associazione Sportiva Roma
[4113134] Failed to build match row: Valencia Club de Fútbol S. A. D. vs Cádiz CF
[4624699] Failed to build match row: FK Pardubice vs FK Jablonec a.s.
[4162663] Could not find attributes for maksym koval (FC Sheriff Tiraspol, 2023)
[3459007] Could not find attributes for shahrudin mahammadaliyev (Qarabağ FK, 2020)
[4162663] Failed to build match row: FC Sheriff Tiraspol vs KÍ Klaksvík
[4129619] Failed to build match row: Konyaspor vs Antalyaspor
[3459007] Failed to build match row: Legia Warszawa Spółka Akcyjna vs Qarabağ FK
[4420895] Could not find attributes for luquinhas (Legia Warszawa Spółka Akcyjna, 2024)
[4420895] Failed to build match row: Legia Warszawa Spółka Akcyjna vs Brøndby Idrætsforening
[4665022] Could not find attributes for nikola sipcic (A.G.S Asteras Tripolis, 2025)
[3889180] Failed to scrape lineup: https://www.transfermarkt.co.uk/spielbericht/index/spielbericht/3889180

Keepers & outfield error for **Real Sociedad de Fútbol S.A.D.** in Real Sociedad de Fútbol S.A.D. vs Espanol: Numbers: 2 and 9.
[4665022] Failed to build match row: A.G.S Asteras Tripolis vs Athlitiki Enosi Kifisias
[4529647] Failed to scrape lineup: https://www.transfermarkt.co.uk/jeju-sk_gimcheon-sangmu/index/spielbericht/4529647
[3602232] Could not find attributes for oleksandr safronov (Desna Chernigiv, 2021)
[3610576] Failed to build match row: Real Sociedad de Fútbol S.A.D. vs Espanol
[3602232] Failed to build match row: Desna Chernigiv vs FC Rukh Lviv
[4366801] Could not find attributes for martin zlomislic (Hrvatski Nogometni Klub Rijeka, 2024)
[4366801] Failed to build match row: HNK Hajduk Split vs Hrvatski Nogometni Klub Rijeka

Keepers & outfield error for **Nooit Opgeven Altijd Doorzetten Aangenaam Door Vermaak En Nuttig Door Ontspanning Combinatie Breda** in Nijmegen Eendracht Combinatie vs Nooit Opgeven Altijd Doorzetten Aangenaam Door Vermaak En Nuttig Door Ontspanning Combinatie Breda: Numbers: 2 and 9.
[4641448] Failed to build match row: Nijmegen Eendracht Combinatie vs Nooit Opgeven Altijd Doorzetten Aangenaam Door Vermaak En Nuttig Door Ontspanning Combinatie Breda
[3646194] Failed to scrape lineup: https://www.transfermarkt.co.uk/spielbericht/index/spielbericht/3646194
[4787682] Could not find attributes for miroslav stevanovic (Servette Football Club 1890 SA, 2025)
[4787682] Failed to build match row: Servette Football Club 1890 SA vs FC Sion
[4646120] Could not find attributes for yevgen volynets (FK Polissya Zhytomyr, 2025)
[4646120] Failed to build match row: FK Polissya Zhytomyr vs TOV FK Metalist 1925 Kharkiv
[4808322] Failed to scrape lineup: https://www.transfermarkt.co.uk/atletico-de-san-luis_unam-pumas/index/spielbericht/4808322
[3869140] Could not find attributes for goncalo ramos (Sport Lisboa e Benfica, 2022)
[3869140] Failed to build match row: Sport Lisboa e Benfica vs Gil Vicente Futebol Clube
[4445568] Could not find attributes for florin tanase (SC Fotbal Club FCSB SA, 2024)
[4223992] Could not find attributes for matthew strachan (Brora Rangers FC, 2023)
[4445568] Failed to build match row: SC Fotbal Club FCSB SA vs Olympiakos Syndesmos Filathlon Peiraios
[4223992] Failed to build match row: Brora Rangers FC vs Pollok FC
[4420896] Could not find attributes for plamen galabov (Maccabi Petah Tikva, 2024)
[4420896] Failed to build match row: Fotbal Club CFR 1907 Cluj SA vs Maccabi Petah Tikva
[3602233] Could not find attributes for dmytro riznyk (Vorskla Poltava, 2021)
[3602233] Failed to build match row: Vorskla Poltava vs FC Minaj
[4665023] Could not find attributes for nikolaos melissas (Athlitiki Enosi Larisas, 2025)
[4665023] Failed to build match row: Athlitiki Enosi Larisas vs Olympiakos Syndesmos Filathlon Peiraios
[4370168] Could not find attributes for rob schoofs (Yellow-Red Koninklijke Voetbalclub Mechelen, 2024)
[4370168] Failed to build match row: Yellow-Red Koninklijke Voetbalclub Mechelen vs Royal Sporting Club Anderlecht
[4529648] Could not find attributes for sung yueng ki (Football Club Seoul, 2024)
[4529648] Failed to build match row: Football Club Seoul vs Football Club Anyang
[4808323] Failed to scrape lineup: https://www.transfermarkt.co.uk/mazatlan-fc_queretaro-fc/index/spielbericht/4808323
[4624700] Could not find attributes for andrew irving (AC Sparta Praha, a. s., 2025)
[4624700] Failed to build match row: FC Viktoria Plzeň, a.s. vs AC Sparta Praha, a. s.
[4514038] Could not find attributes for aleksey miranchuk (Atlanta United Football Club, 2024)
[4514038] Failed to build match row: Atlanta United Football Club vs Club Internacional de Fútbol Miami
[4626103] Could not find attributes for yegor yarmolyuk (Brentford Football Club, 2025)
[4626103] Failed to build match row: Leeds United Association Football Club vs Brentford Football Club
[3998929] Could not find attributes for ronald koeman jr  (Sportclub Telstar, 2022)
[3998929] Failed to build match row: Football Club Twente vs Sportclub Telstar
[4363008] Failed to scrape lineup: https://www.transfermarkt.co.uk/servette-fc_fc-lugano/index/spielbericht/4363008

Keepers & outfield error for **AFC Ajax Amsterdam** in AFC Ajax Amsterdam vs Heracles Almelo: Numbers: 2 and 9.
[4641449] Failed to build match row: AFC Ajax Amsterdam vs Heracles Almelo
[4646121] Could not find attributes for anton yashkov (FK Kudrivka-1, 2025)
[4646121] Failed to build match row: FK Kudrivka-1 vs FK Obolon Kyiv
Not enough players found for lineup: 0, 0.
[3923298] Failed to scrape lineup: https://www.transfermarkt.co.uk/spielbericht/index/spielbericht/3923298
[3459008] Could not find attributes for vladan kovacevic (FK Sarajevo, 2020)
[3459008] Failed to build match row: FK Sarajevo vs The Celtic Football Club

Keepers & outfield error for **Olympique Gymnaste Club Nice Côte d'Azur** in Olympique Gymnaste Club Nice Côte d'Azur vs Lille Olympique Sporting Club: Numbers: 2 and 9.
[4635095] Failed to build match row: Olympique Gymnaste Club Nice Côte d'Azur vs Lille Olympique Sporting Club
[3450510] Failed to scrape lineup: https://www.transfermarkt.co.uk/fc-emmen_fc-utrecht/index/spielbericht/3450510
Not enough players found for lineup: 0, 0.
[3646195] Failed to scrape lineup: https://www.transfermarkt.co.uk/spielbericht/index/spielbericht/3646195
[4395201] Could not find attributes for cosmin matei (Sepsi OSK Sf. Gheorghe, 2024)
[4358915] Could not find attributes for nikola popovic (Fudbalski Klub Mladost Lučani, 2024)
[3851281] Could not find attributes for manuel osifo (KV Oostende, 2022)
SK Sf. Gheorghe
[4358915] Failed to build match row: Fudbalski Klub Mladost Lučani vs Fudbalski Klub Vojvodina
[3851281] Failed to build match row: Club Brugge Koninklijke Voetbalvereniging vs KV Oostende
[3840209] Could not find attributes for kiki kouyate (Montpellier HSC, 2022)
[3840209] Failed to build match row: Montpellier HSC vs Angers Sporting Club de l'Ouest
[3999360] Failed to scrape lineup: https://www.transfermarkt.co.uk/fc-sochi_fc-orenburg/index/spielbericht/3999360
[3889182] Could not find attributes for sergiy sydorchuk (Futbolniy Klub Dynamo Kyiv, 2022)
[3889182] Failed to build match row: Sportklub Puntigamer Sturm Graz vs Futbolniy Klub Dynamo Kyiv
[4514039] Could not find attributes for matthew edwards (Atlanta United Football Club, 2024)
[4407594] Failed to scrape lineup: https://www.transfermarkt.co.uk/atletico-de-madrid_real-sociedad/index/spielbericht/4407594
[4707372] Failed to scrape lineup: https://www.transfermarkt.co.uk/spielbericht/index/spielbericht/4707372
[4514039] Failed to build match row: Football Club Cincinnati vs Atlanta United Football Club

Keepers & outfield error for **Boavista FC** in Boavista FC vs Futebol Clube do Porto: Numbers: 2 and 9.
[3869141] Failed to build match row: Boavista FC vs Futebol Clube do Porto
[4374605] Failed to scrape lineup: https://www.transfermarkt.co.uk/petrolul-ploiesti_asfc-buzau-2016-2025-/index/spielbericht/4374605
[4363009] Failed to scrape lineup: https://www.transfermarkt.co.uk/fc-winterthur_fc-sion/index/spielbericht/4363009
[3450511] Could not find attributes for tyronne ebuehi (Football Club Twente, 2020)
[3450511] Failed to build match row: Football Club Twente vs Football Club Groningen
[4624701] Could not find attributes for frantisek cech (FC Hradec Králové a.s., 2025)
[4624701] Failed to build match row: FC Hradec Králové a.s. vs FC Trinity Zlin
[3602234] Could not find attributes for yevgen galchuk (Ingulets Petrove, 2021)
[3602234] Failed to build match row: Ingulets Petrove vs FK Kolos Kovalivka
[3851282] Could not find attributes for lior refaelov (Royal Sporting Club Anderlecht, 2022)
[3851282] Failed to build match row: Royal Sporting Club Anderlecht vs KAS Eupen
[4445569] Could not find attributes for daniels balodis (FC RFS, 2024)
[4445569] Failed to build match row: SC Fotbal Club FCSB SA vs FC RFS

Keepers & outfield error for **Shamrock Rovers** in Shamrock Rovers vs Clube Desportivo Santa Clara: Numbers: 2 and 9.
[4707373] Failed to build match row: Shamrock Rovers vs Clube Desportivo Santa Clara
[4514040] Failed to scrape lineup: https://www.transfermarkt.co.uk/minnesota-united-fc_los-angeles-galaxy/index/spielbericht/4514040
[3497516] Could not find attributes for greg simpson (Keith FC, 2020)
[3497516] Failed to build match row: Keith FC vs Hill of Beath Hawthorn
[4129620] Failed to scrape lineup: https://www.transfermarkt.co.uk/pendikspor_besiktas-jk/index/spielbericht/4129620
[4624702] Failed to scrape lineup: https://www.transfermarkt.co.uk/fc-banik-ostrava_fk-mlada-boleslav/index/spielbericht/4624702
[3602235] Could not find attributes for dmytro matsapura (FC Zorya Lugansk, 2021)
[3602235] Failed to build match row: FC Zorya Lugansk vs Chornomorets Odesa
[3838190] Failed to scrape lineup: https://www.transfermarkt.co.uk/everton-fc_crystal-palace/index/spielbericht/3838190
[4665024] Could not find attributes for lindsay rose (Aris Thessalonikis, 2025)
[3700927] Could not find attributes for joselinho (Vélez CF, 2021)
[4665024] Failed to build match row: Aris Thessalonikis vs Panathinaikos Athlitikos Omilos
[3700927] Failed to build match row: Vélez CF vs UD Las Palmas
[4808324] Could not find attributes for ricardo monreal (Impulsora del Deportivo Necaxa S.A. de C.V., 2025)
[4808324] Failed to build match row: Impulsora del Deportivo Necaxa S.A. de C.V. vs Club Tigres UANL Sinergia Deportiva S.A. de C.V.
[4587130] Failed to scrape lineup: https://www.transfermarkt.co.uk/cf-montreal_d-c-united/index/spielbericht/4587130
[4162664] Failed to scrape lineup: https://www.transfermarkt.co.uk/spielbericht/index/spielbericht/4162664
[4787684] Could not find attributes for luka mikulic (Grasshopper Club Zürich, 2025)
[4787684] Failed to build match row: Grasshopper Club Zürich vs FC Lugano
[3999361] Could not find attributes for aleksandr dovbnya (Torpedo Moscow, 2022)
[3999361] Failed to build match row: Torpedo Moscow vs Ural Yekaterinburg
[4370170] Could not find attributes for bruninho (Cercle Brugge Koninklijke Sportvereniging, 2024)
[4370170] Failed to build match row: Oud-Heverlee Leuven vs Cercle Brugge Koninklijke Sportvereniging
[3615079] Could not find attributes for jan lecjaks (Omonia Nicosia, 2021)
[3615079] Failed to build match row: GNK Dinamo Zagreb vs Omonia Nicosia
[4358916] Could not find attributes for omri glazer (Fudbalski klub Crvena zvezda Beograd, 2024)
[4648888] Failed to scrape lineup: https://www.transfermarkt.co.uk/sc-braga_vitoria-guimaraes-sc/index/spielbericht/4648888
[4358916] Failed to build match row: Fudbalski klub Crvena zvezda Beograd vs Omladinski fudbalski klub Beograd
[4420897] Failed to scrape lineup: https://www.transfermarkt.co.uk/spielbericht/index/spielbericht/4420897
[4641450] Could not find attributes for mohamed ihattaren (Fortuna Sittardia Combinatie, 2025)
[4641450] Failed to build match row: Feyenoord Rotterdam vs Fortuna Sittardia Combinatie
[3432040] Could not find attributes for stanislav kritsyuk (B SAD, 2020)
richt/index/spielbericht/3700928
[3432040] Failed to build match row: Futebol Clube de Famalicão vs B SAD
[4529652] Could not find attributes for han sol choi (Gangwon Football Club, 2024)
[4727217] Could not find attributes for kaito taniguchi (Central Coast Mariners Football Club, 2025)
[4635096] Could not find attributes for senny mayulu (Paris Saint-Germain Football Club, 2025)
[4529652] Failed to build match row: Gangwon Football Club vs Football Club Pohang Steelers
[4727217] Failed to build match row: Macarthur South West Sydney (A-League) vs Central Coast Mariners Football Club
[4635096] Failed to build match row: Paris Saint-Germain Football Club vs Olympique Gymnaste Club Nice Côte d'Azur
[4129621] Could not find attributes for shahrudin mahammadaliyev (Adana Demirspor, 2023)
[3459010] Could not find attributes for zeca (Football Club København, 2020)
[3889183] Could not find attributes for mathieu peybernes (Apollon Limassol, 2022)

Keepers & outfield error for **Clube Desportivo Santa Clara** in Clube Desportivo Santa Clara vs Grupo Desportivo Estoril Praia: Numbers: 0 and 11.
[3838191] Could not find attributes for joao palhinha (Fulham Football Club, 2022)
[4129621] Failed to build match row: Adana Demirspor vs MKE Ankaragücü
[3459010] Failed to build match row: Football Club København vs Hrvatski Nogometni Klub Rijeka
[3889183] Failed to build match row: Apollon Limassol vs Maccabi Haifa
[3869142] Failed to build match row: Clube Desportivo Santa Clara vs Grupo Desportivo Estoril Praia
[3838191] Failed to build match row: Leeds United Association Football Club vs Fulham Football Club
[3646196] Failed to build match row: Taarnby FF vs Lyngby Boldklub
[4445571] Could not find attributes for florin tanase (SC Fotbal Club FCSB SA, 2024)
[3497517] Could not find attributes for darren jamieson (Kelty Hearts FC, 2020)
[4445571] Failed to build match row: Panthessalonikios Athlitikos Omilos Konstantinoupoliton vs SC Fotbal Club FCSB SA
[3497517] Failed to build match row: Kelty Hearts FC vs Jeanfield Swifts FC
[4665025] Could not find attributes for lefteris choutesiotis (APS Atromitos Athinon, 2025)
[4665025] Failed to build match row: APS Atromitos Athinon vs APO Levadiakos Football Club
[4514042] Could not find attributes for darlington nagbe (Columbus Crew, 2024)
[4514042] Failed to build match row: Columbus Crew vs New York City Football Club
[3602236] Could not find attributes for oleg kudryk (FK Mariupol, 2021)
[3602236] Failed to build match row: FK Mariupol vs FC Shakhtar Donetsk
[3840210] Could not find attributes for ayoub amraoui (Olympique Gymnaste Club Nice Côte d'Azur, 2022)
[3840210] Failed to build match row: Olympique Gymnaste Club Nice Côte d'Azur vs Association de la Jeunesse auxerroise
[4646122] Could not find attributes for oleksandr kemkin (FK Kryvbas Kryvyi Rig, 2025)
[4646122] Failed to build match row: FK Kryvbas Kryvyi Rig vs SK Poltava
[4363014] Could not find attributes for marley ake (Yverdon Sport FC, 2024)
[4363014] Failed to build match row: Grasshopper Club Zürich vs Yverdon Sport FC
[3432041] Failed to scrape lineup: https://www.transfermarkt.co.uk/fc-pacos-de-ferreira_gil-vicente-fc/index/spielbericht/3432041
[4163132] Could not find attributes for nikolay sysuev (FC Orenburg, 2023)
[4163132] Failed to build match row: FC Orenburg vs PFK CSKA Moskva
[4587131] Could not find attributes for peyton miller (New England Revolution, 2024)
[4587131] Failed to build match row: New England Revolution vs Los Angeles Football Club
[4129622] Failed to scrape lineup: https://www.transfermarkt.co.uk/alanyaspor_caykur-rizespor/index/spielbericht/4129622
[3646198] Failed to scrape lineup: https://www.transfermarkt.co.uk/spielbericht/index/spielbericht/3646198
[3588285] Failed to scrape lineup: https://www.transfermarkt.co.uk/vfl-wolfsburg_fc-augsburg/index/spielbericht/3588285
[3497518] Failed to scrape lineup: https://www.transfermarkt.co.uk/spielbericht/index/spielbericht/3497518
[4514043] Failed to scrape lineup: https://www.transfermarkt.co.uk/new-york-red-bulls_toronto-fc/index/spielbericht/4514043
[3602237] Failed to scrape lineup: https://www.transfermarkt.co.uk/dynamo-kyiv_fc-oleksandriya/index/spielbericht/3602237

Keepers & outfield error for **Nooit Opgeven Altijd Doorzetten Aangenaam Door Vermaak En Nuttig Door Ontspanning Combinatie Breda** in Nooit Opgeven Altijd Doorzetten Aangenaam Door Vermaak En Nuttig Door Ontspanning Combinatie Breda vs Football Club Groningen: Numbers: 2 and 9.
[4648889] Could not find attributes for jakub brabec (Rio Ave Futebol Clube, 2025)
[4787685] Could not find attributes for chris kablan (FC Zürich, 2025)
[3889184] Could not find attributes for shahrudin mahammadaliyev (Qarabağ FK, 2022)
[4641451] Failed to build match row: Nooit Opgeven Altijd Doorzetten Aangenaam Door Vermaak En Nuttig Door Ontspanning Combinatie Breda vs Football Club Groningen
[4648889] Failed to build match row: Rio Ave Futebol Clube vs AVS Futebol SAD
[3889184] Failed to build match row: Ferencvárosi TC vs Qarabağ FK

Keepers & outfield error for **Futebol Clube de Arouca** in Futebol Clube de Arouca vs Rio Ave Futebol Clube: Numbers: 2 and 9.
[3869143] Failed to build match row: Futebol Clube de Arouca vs Rio Ave Futebol Clube
[3615080] Could not find attributes for didier kadio (Alashkert Yerevan FC, 2021)
[4707375] Failed to scrape lineup: https://www.transfermarkt.co.uk/spielbericht/index/spielbericht/4707375
[3999362] Could not find attributes for aleksandr selikhov (FK Spartak Moskva, 2022)
[3615080] Failed to build match row: Alashkert Yerevan FC vs FC Sheriff Tiraspol
[3999362] Failed to build match row: FK Spartak Moskva vs Fakel Voronezh
[4420898] Could not find attributes for qismat aliyev (Zira FC, 2024)
[4420898] Failed to build match row: Zira FC vs NK Osijek s.d.d.

Keepers & outfield error for **Adelaide United Football Club** in Adelaide United Football Club vs Wellington Phoenix Football Club: Numbers: 0 and 11.
[4587132] Could not find attributes for eric maxim choupo moting (Red Bull New York, 2024)
[4113135] Failed to scrape lineup: https://www.transfermarkt.co.uk/girona-fc_valencia-cf/index/spielbericht/4113135
[4727218] Failed to build match row: Adelaide United Football Club vs Wellington Phoenix Football Club
[4587132] Failed to build match row: Red Bull New York vs Philadelphia Union

Keepers & outfield error for **Football Club Lorient-Bretagne Sud** in Olympique Lyonnais vs Football Club Lorient-Bretagne Sud: Numbers: 0 and 11.
[4395206] Failed to build match row: Asociația Fotbal Club Hermannstadt vs Fotbal Club CFR 1907 Cluj SA
[3840211] Failed to build match row: Olympique Lyonnais vs Football Club Lorient-Bretagne Sud
[3424076] Could not find attributes for azbe jug (NK Maribor, 2020)
[3459011] Could not find attributes for kristian joensen (KÍ Klaksvík, 2020)
[4103691] Could not find attributes for niccolo pierozzi (US Salernitana 1919, 2023)
[3424076] Failed to build match row: NK Maribor vs Coleraine FC
[3459011] Failed to build match row: Dundalk FC vs KÍ Klaksvík
[4103691] Failed to build match row: US Salernitana 1919 vs Associazione Sportiva Roma
[4094686] Failed to scrape lineup: https://www.transfermarkt.co.uk/paris-saint-germain_as-monaco/index/spielbericht/4094686
[4648890] Failed to scrape lineup: https://www.transfermarkt.co.uk/moreirense-fc_gd-estoril-praia/index/spielbericht/4648890
[4514045] Failed to scrape lineup: https://www.transfermarkt.co.uk/philadelphia-union_st-louis-city-sc/index/spielbericht/4514045
[4646139] Could not find attributes for oleksiy palamarchuk (LNZ Cherkasy, 2025)
[4646139] Failed to build match row: LNZ Cherkasy vs FK Kudrivka-1
[4624703] Could not find attributes for lukas hulka (Bohemians Praha 1905, a.s., 2025)

Keepers & outfield error for **AFC Ajax Amsterdam** in Sparta Rotterdam vs AFC Ajax Amsterdam: Numbers: 2 and 9.
[4624703] Failed to build match row: Bohemians Praha 1905, a.s. vs FK Dukla Praha a.s.
[4641452] Failed to build match row: Sparta Rotterdam vs AFC Ajax Amsterdam
[4129623] Could not find attributes for aylton boa morte (Kayserispor Kulübü, 2023)
[4163133] Could not find attributes for mikhail kerzhakov (AO FK Zenit Sankt-Peterburg, 2023)
[4129623] Failed to build match row: Samsunspor vs Kayserispor Kulübü
[4163133] Failed to build match row: AO FK Zenit Sankt-Peterburg vs Ural Yekaterinburg
[4359359] Could not find attributes for nahuel ferraresi (Venezuela, 2025)
[4587133] Failed to scrape lineup: https://www.transfermarkt.co.uk/orlando-city-sc_sporting-kansas-city/index/spielbericht/4587133
[4359359] Failed to build match row: Venezuela vs Canada
[3432042] Could not find attributes for stanislav kritsyuk (B SAD, 2020)
[3851285] Failed to build match row: KV Kortrijk vs Cercle Brugge Koninklijke Sportvereniging
[3602238] Could not find attributes for vladyslav kucheruk (Chornomorets Odesa, 2021)
[3602238] Failed to build match row: Chornomorets Odesa vs Ingulets Petrove

Keepers & outfield error for **Paris Saint-Germain Football Club** in Paris Saint-Germain Football Club vs Football Club de Nantes: Numbers: 2 and 9.
[3840212] Failed to build match row: Paris Saint-Germain Football Club vs Football Club de Nantes

Keepers & outfield error for **FC Paços de Ferreira** in Sporting Clube de Portugal vs FC Paços de Ferreira: Numbers: 0 and 11.
[3450512] Could not find attributes for mario gotze (Eindhovense Voetbalvereniging Philips Sport Vereniging, 2020)
[4529654] Failed to scrape lineup: https://www.transfermarkt.co.uk/pohang-steelers_daegu-fc/index/spielbericht/4529654
[3869144] Failed to build match row: Sporting Clube de Portugal vs FC Paços de Ferreira
[3450512] Failed to build match row: Eindhovense Voetbalvereniging Philips Sport Vereniging vs VVV-Venlo
[3889185] Could not find attributes for petar mamic (FK Zalgiris Vilnius, 2022)
[3889185] Failed to build match row: FK Zalgiris Vilnius vs Fotballklubben Bodø/Glimt
[3999363] Could not find attributes for giorgiy shelia (RFK Akhmat Grozny, 2022)
[3999363] Failed to build match row: RFK Akhmat Grozny vs Футбольный клуб "Локомотив" Москва
[3424198] Could not find attributes for sergiy chernobay (Epicentr Dunaivtsi, 2020)
[3424198] Failed to build match row: Epicentr Dunaivtsi vs Karpaty Lviv (-2021)
[4363015] Could not find attributes for jahnoah markelo (FC Zürich, 2024)
[4665026] Failed to scrape lineup: https://www.transfermarkt.co.uk/volos-nfc_panserraikos/index/spielbericht/4665026
[4363015] Failed to build match row: Football Club Lausanne-Sport vs FC Zürich

Keepers & outfield error for **Olympique Lyonnais** in Manchester City Football Club vs Olympique Lyonnais: Numbers: 2 and 9.
[3414689] Failed to build match row: Manchester City Football Club vs Olympique Lyonnais

Keepers & outfield error for **Wolverhampton Wanderers Football Club** in Wolverhampton Wanderers Football Club vs Arsenal Football Club: Numbers: 0 and 11.
[4787686] Could not find attributes for mirlind kryeziu (Fussballclub Winterthur, 2025)
[4787686] Failed to build match row: Fussballclub Winterthur vs Servette Football Club 1890 SA
[4626107] Failed to build match row: Wolverhampton Wanderers Football Club vs Arsenal Football Club
[3615081] Could not find attributes for matko obradovic (NS Mura, 2021)
[4129624] Failed to scrape lineup: https://www.transfermarkt.co.uk/galatasaray_istanbulspor/index/spielbericht/4129624
[4808325] Failed to scrape lineup: https://www.transfermarkt.co.uk/cd-cruz-azul_club-tijuana/index/spielbericht/4808325
[3615081] Failed to build match row: NS Mura vs Ludogorets Razgrad
[4514046] Failed to scrape lineup: https://www.transfermarkt.co.uk/sporting-kansas-city_los-angeles-fc/index/spielbericht/4514046
[3838193] Could not find attributes for serge aurier (Nottingham Forest Football Club, 2022)
[4646140] Failed to scrape lineup: https://www.transfermarkt.co.uk/epicentr-kamyanets-podilskyi_metalist-1925-kharkiv/index/spielbericht/4646140
[4529702] Failed to scrape lineup: https://www.transfermarkt.co.uk/pohang-steelers_fc-anyang/index/spielbericht/4529702
[3838193] Failed to build match row: Nottingham Forest Football Club vs Liverpool Football Club
[4648891] Could not find attributes for nabil touaizi (Futebol Clube de Alverca, 2025)
[4113137] Could not find attributes for arsen zakharyan (Real Sociedad de Fútbol S.A.D., 2023)
[4648891] Failed to build match row: Clube Desportivo Nacional vs Futebol Clube de Alverca
[3459012] Could not find attributes for andrea padula (FC Basel 1893 AG, 2020)
[4587134] Could not find attributes for dylan chambost (Columbus Crew, 2024)
[4113137] Failed to build match row: Real Sociedad de Fútbol S.A.D. vs Real Club Deportivo Mallorca S.A.D.
[3459012] Failed to build match row: FC Basel 1893 AG vs CSKA-Sofia
[4587134] Failed to build match row: Toronto FC vs Columbus Crew

Keepers & outfield error for **Royal Sporting Club Anderlecht** in Royal Sporting Club Anderlecht vs Koninklijke Racing Club Genk: Numbers: 2 and 9.
[4370173] Failed to build match row: Royal Sporting Club Anderlecht vs Koninklijke Racing Club Genk
[3432043] Could not find attributes for stanislav kritsyuk (B SAD, 2020)
[3432043] Failed to build match row: SC Farense vs B SAD
[3611442] Could not find attributes for nemanja radoja (Levante Unión Deportiva S.A.D., 2021)
[3999364] Could not find attributes for matvey safonov (FK Krasnodar, 2022)
[3611442] Failed to build match row: Levante Unión Deportiva S.A.D. vs Futbol Club Barcelona
[3999364] Failed to build match row: FK Krasnodar vs FK Dinamo Moskva
[4163134] Could not find attributes for yuriy dyupin (FC Rubin Kazan, 2023)
[4163134] Failed to build match row: FC Rubin Kazan vs FK Dinamo Moskva
[4787687] Could not find attributes for renato steffen (FC Lugano, 2025)
[3869145] Could not find attributes for kiko bondoso (FC Vizela, 2022)
[4129625] Could not find attributes for yasin ozcan (Kasımpaşa A.Ş., 2023)
[3869145] Failed to build match row: FC Vizela vs Vitória Sport Clube
[4129625] Failed to build match row: Pendikspor vs Kasımpaşa A.Ş.
[4787687] Failed to build match row: FC Lugano vs FC Sion
[3646199] Could not find attributes for tobias noer (FC Roskilde, 2021)
[3646199] Failed to build match row: FC Roskilde vs Odense Boldklub

Keepers & outfield error for **CD Palencia Cristo Atlético** in CD Palencia Cristo Atlético vs Real Unión Club: Numbers: 0 and 11.
[3700929] Failed to build match row: CD Palencia Cristo Atlético vs Real Unión Club
[4665027] Could not find attributes for nikola stajic (Panetolikos Agrinio, 2025)
[4665027] Failed to build match row: Panetolikos Agrinio vs Omilos Filathlon Irakliou FC

Keepers & outfield error for **Association Football Club Bournemouth** in Arsenal Football Club vs Association Football Club Bournemouth: Numbers: 2 and 9.
[4626108] Failed to build match row: Arsenal Football Club vs Association Football Club Bournemouth
[4646141] Could not find attributes for volodymyr makhankov (FK Kryvbas Kryvyi Rig, 2025)
[4646141] Failed to build match row: FC Shakhtar Donetsk vs FK Kryvbas Kryvyi Rig
[4641454] Failed to scrape lineup: https://www.transfermarkt.co.uk/pec-zwolle_psv-eindhoven/index/spielbericht/4641454
[4707377] Failed to scrape lineup: https://www.transfermarkt.co.uk/spielbericht/index/spielbericht/4707377
[3999365] Could not find attributes for mikhail kerzhakov (AO FK Zenit Sankt-Peterburg, 2022)
[3999365] Failed to build match row: AO FK Zenit Sankt-Peterburg vs FC Khimki (-2025)

Keepers & outfield error for **Manchester City Football Club** in Manchester City Football Club vs Brighton and Hove Albion Football Club: Numbers: 2 and 9.
[3592217] Failed to build match row: Manchester City Football Club vs Brighton and Hove Albion Football Club
[3615082] Could not find attributes for luquinhas (Legia Warszawa Spółka Akcyjna, 2021)
[3615082] Failed to build match row: Legia Warszawa Spółka Akcyjna vs FC Flora Tallinn
[3432044] Could not find attributes for matous trmal (Vitória Sport Clube, 2020)
[3432044] Failed to build match row: Sport Lisboa e Benfica vs Vitória Sport Clube
[4370174] Could not find attributes for emmanuel kakou (Cercle Brugge Koninklijke Sportvereniging, 2024)
[4370174] Failed to build match row: Cercle Brugge Koninklijke Sportvereniging vs Koninklijke Atletiek Associatie Gent

Keepers & outfield error for **Colombia** in Colombia vs Panama: Numbers: 0 and 11.
[4359360] Failed to build match row: Colombia vs Panama
[4641455] Could not find attributes for ringo meerveld (Sportclub Heerenveen, 2025)
[4641455] Failed to build match row: Sportclub Heerenveen vs Excelsior Rotterdam
[3602239] Could not find attributes for oleg bilyk (FC Oleksandriya, 2021)
[3602239] Failed to build match row: FC Oleksandriya vs FK Mariupol

Keepers & outfield error for **Futebol Clube de Famalicão** in GD Chaves vs Futebol Clube de Famalicão: Numbers: 0 and 11.
[3869146] Failed to build match row: GD Chaves vs Futebol Clube de Famalicão
[4366803] Could not find attributes for niko vucetic (Hrvatski Nogometni Klub Rijeka, 2024)
[4366803] Failed to build match row: Hrvatski Nogometni Klub Rijeka vs NK Slaven Belupo Koprivnica

Keepers & outfield error for **FC Dallas** in Austin FC vs FC Dallas: Numbers: 0 and 11.
[4587135] Failed to build match row: Austin FC vs FC Dallas
[4626109] Could not find attributes for yegor yarmolyuk (Brentford Football Club, 2025)
[4626109] Failed to build match row: Brentford Football Club vs Everton Football Club
Not enough players found for lineup: 0, 0.
[4445574] Could not find attributes for simon sluga (Maccabi Tel Aviv, 2024)
[3923299] Failed to scrape lineup: https://www.transfermarkt.co.uk/spielbericht/index/spielbericht/3923299
[4445574] Failed to build match row: Maccabi Tel Aviv vs Futebol Clube do Porto

Keepers & outfield error for **Villarreal Club de Fútbol S.A.D.** in Girona Fútbol Club S. A. D. vs Villarreal Club de Fútbol S.A.D.: Numbers: 0 and 11.
[4407598] Failed to build match row: Girona Fútbol Club S. A. D. vs Villarreal Club de Fútbol S.A.D.
[4665028] Could not find attributes for jakub pokorny (Athlitiki Enosi Kifisias, 2025)
Football Club vs Norwich City: Numbers: 3 and 8.

Keepers & outfield error for **Casa Pia Atlético Clube** in Casa Pia Atlético Clube vs Clube Desportivo Santa Clara: Numbers: 3 and 8.
[4648892] Failed to build match row: Casa Pia Atlético Clube vs Clube Desportivo Santa Clara
[4665028] Failed to build match row: Athlitiki Enosi Kifisias vs Panetolikos Agrinio
[3592218] Failed to build match row: Manchester United Football Club vs Norwich City
[4514047] Could not find attributes for walker zimmerman (Nashville SC, 2024)
[4514047] Failed to build match row: Nashville SC vs Club de Foot Montréal
[4727220] Could not find attributes for ben garuccio (Sydney Football Club, 2025)
[4787688] Could not find attributes for stefan bukinac (Berner Sport Club Young Boys, 2025)
[4374620] Could not find attributes for cosmin matei (Sepsi OSK Sf. Gheorghe, 2024)

Keepers & outfield error for **Newcastle United Football Club** in Tottenham Hotspur Football Club vs Newcastle United Football Club: Numbers: 2 and 9.
[4374620] Failed to build match row: ASFC Buzau (2016-2025) vs Sepsi OSK Sf. Gheorghe
[4787688] Failed to build match row: FC Luzern vs Berner Sport Club Young Boys
[4727220] Failed to build match row: Sydney Football Club vs Melbourne Victory FC
[4224317] Could not find attributes for stefan stojanovic (APO Levadiakos Football Club, 2023)
[4113138] Failed to scrape lineup: https://www.transfermarkt.co.uk/ca-osasuna_sevilla-fc/index/spielbericht/4113138
[3838195] Failed to build match row: Tottenham Hotspur Football Club vs Newcastle United Football Club
[3851287] Failed to scrape lineup: https://www.transfermarkt.co.uk/zulte-waregem_standard-liege/index/spielbericht/3851287
[4224317] Failed to build match row: APO Levadiakos Football Club vs PAS Lamia 1964
[3889216] Could not find attributes for astrit thaqi (FC Ballkani, 2022)
[4395209] Failed to scrape lineup: https://www.transfermarkt.co.uk/fc-dinamo-1948_sepsi-osk-sf-gheorghe/index/spielbericht/4395209
[3889216] Failed to build match row: FC Ballkani vs KÍ Klaksvík
[4646142] Could not find attributes for viktor dolgyi (FC Oleksandriya, 2025)
[4646142] Failed to build match row: FC Oleksandriya vs FC Rukh Lviv
[3588289] Failed to scrape lineup: https://www.transfermarkt.co.uk/1-fc-koln_1-fc-union-berlin/index/spielbericht/3588289
[4420900] Could not find attributes for toni sunjic (HSK Zrinjski Mostar, 2024)
[4420900] Failed to build match row: HSK Zrinjski Mostar vs Botev Plovdiv
[4641456] Failed to scrape lineup: https://www.transfermarkt.co.uk/fc-twente-enschede_heracles-almelo/index/spielbericht/4641456
[4094689] Failed to scrape lineup: https://www.transfermarkt.co.uk/fc-lorient_fc-metz/index/spielbericht/4094689
[4407599] Failed to scrape lineup: https://www.transfermarkt.co.uk/rcd-mallorca_real-valladolid-cf/index/spielbericht/4407599
Not enough players found for lineup: 0, 0.
[3923300] Failed to scrape lineup: https://www.transfermarkt.co.uk/spielbericht/index/spielbericht/3923300
[3424210] Could not find attributes for taras tomyn (Karpaty Galych, 2020)
[3424210] Failed to build match row: Karpaty Galych vs Nyva Ternopil
[3999366] Failed to scrape lineup: https://www.transfermarkt.co.uk/cska-moscow_krylya-sovetov-samara/index/spielbericht/3999366
[3700930] Failed to scrape lineup: https://www.transfermarkt.co.uk/spielbericht/index/spielbericht/3700930
[3869147] Failed to scrape lineup: https://www.transfermarkt.co.uk/rio-ave-fc_cs-maritimo/index/spielbericht/3869147
[4129626] Could not find attributes for rigoberto rivas (Hatayspor, 2023)
[4129626] Failed to build match row: Hatayspor vs Alanyaspor
[3602240] Could not find attributes for danylo kucher (FC Minaj, 2021)
[3602240] Failed to build match row: FC Minaj vs PFK Lviv
[4635097] Failed to scrape lineup: https://www.transfermarkt.co.uk/fc-toulouse_le-havre-ac/index/spielbericht/4635097
[4529724] Could not find attributes for hui su kang (Gwangju Football Club, 2024)
[4529724] Failed to build match row: Gwangju Football Club vs Daegu FC
[3646200] Could not find attributes for bogi hognason eriksen (Varde IF, 2021)
[3646200] Failed to build match row: Varde IF vs AC Horsens
[4366805] Could not find attributes for oliver zelenika (NK Varazdin, 2024)
[4366805] Failed to build match row: GNK Dinamo Zagreb vs NK Varazdin

Keepers & outfield error for **Manchester United Football Club** in Manchester United Football Club vs Brentford Football Club: Numbers: 3 and 8.
[3592219] Failed to build match row: Manchester United Football Club vs Brentford Football Club
[4225539] Failed to scrape lineup: https://www.transfermarkt.co.uk/krylya-sovetov-samara_lokomotiv-moscow/index/spielbericht/4225539
[3851288] Failed to scrape lineup: https://www.transfermarkt.co.uk/kvc-westerlo_sint-truidense-vv/index/spielbericht/3851288
[4787689] Failed to scrape lineup: https://www.transfermarkt.co.uk/fc-zurich_fc-lausanne-sport/index/spielbericht/4787689
[3415247] Failed to scrape lineup: https://www.transfermarkt.co.uk/kaa-gent_kv-kortrijk/index/spielbericht/3415247
[3432045] Failed to scrape lineup: https://www.transfermarkt.co.uk/cd-tondela_rio-ave-fc/index/spielbericht/3432045
[4375250] Failed to scrape lineup: https://www.transfermarkt.co.uk/lask_scr-altach/index/spielbericht/4375250
[4808327] Could not find attributes for oussama idrissi (Promotora del Club Pachuca S. A. de C. V., 2025)
[4808327] Failed to build match row: Club de Fútbol Monterrey Rayados A.C. vs Promotora del Club Pachuca S. A. de C. V.
[4363016] Could not find attributes for bung meng freimann (FC Luzern, 2024)
[3497519] Could not find attributes for fraser dingwall (Nairn County FC, 2020)
[3497519] Failed to build match row: Nairn County FC vs Broxburn Athletic FC
[4363016] Failed to build match row: FC Luzern vs FC Lugano
[4094690] Could not find attributes for nabil bentaleb (Lille Olympique Sporting Club, 2023)
[4094690] Failed to build match row: Olympique Lyonnais vs Lille Olympique Sporting Club
[3923301] Failed to scrape lineup: https://www.transfermarkt.co.uk/spielbericht/index/spielbericht/3923301
[3602241] Failed to scrape lineup: https://www.transfermarkt.co.uk/desna-chernigiv_metalist-1925-kharkiv/index/spielbericht/3602241
[3869148] Failed to scrape lineup: https://www.transfermarkt.co.uk/portimonense-sc_casa-pia-ac/index/spielbericht/3869148
[4407600] Failed to scrape lineup: https://www.transfermarkt.co.uk/ud-las-palmas_rayo-vallecano/index/spielbericht/4407600
[4129627] Failed to scrape lineup: https://www.transfermarkt.co.uk/besiktas-jk_adana-demirspor/index/spielbericht/4129627
[3450515] Could not find attributes for zinedine machach (VVV-Venlo, 2020)
cht/index/spielbericht/3424211
[4635098] Failed to scrape lineup: https://www.transfermarkt.co.uk/losc-lille_angers-sco/index/spielbericht/4635098
[3450515] Failed to build match row: VVV-Venlo vs AFC Ajax Amsterdam
[4587138] Failed to scrape lineup: https://www.transfermarkt.co.uk/colorado-rapids_atlanta-united-fc/index/spielbericht/4587138
[3588290] Failed to scrape lineup: https://www.transfermarkt.co.uk/vfl-bochum_tsg-1899-hoffenheim/index/spielbericht/3588290
[3999367] Could not find attributes for sergey pesjakov (FK Rostov, 2022)
[3999367] Failed to build match row: FK Rostov vs FK Nizhny Novgorod
[3459014] Could not find attributes for stavros vasilantonopoulos (Athlitiki Enosi Konstantinoupoleos, 2020)
[3459014] Failed to build match row: Athlitiki Enosi Konstantinoupoleos vs Verein für Leibesübungen Wolfsburg
[4648893] Could not find attributes for franjo ivanovic (Sport Lisboa e Benfica, 2025)
[4648893] Failed to build match row: Sporting Clube de Portugal vs Sport Lisboa e Benfica
[4366807] Failed to scrape lineup: https://www.transfermarkt.co.uk/nk-osijek_hnk-sibenik/index/spielbericht/4366807
[4103694] Failed to scrape lineup: https://www.transfermarkt.co.uk/fc-empoli_genoa-cfc/index/spielbericht/4103694
[3592220] Failed to scrape lineup: https://www.transfermarkt.co.uk/newcastle-united_manchester-united/index/spielbericht/3592220
[4665029] Could not find attributes for panagiotis liagas (APO Levadiakos Football Club, 2025)
[4665029] Failed to build match row: APO Levadiakos Football Club vs Aris Thessalonikis

Keepers & outfield error for **Association Football Club Bournemouth** in West Ham United Football Club vs Association Football Club Bournemouth: Numbers: 0 and 11.
[3838196] Failed to build match row: West Ham United Football Club vs Association Football Club Bournemouth
[4370175] Failed to scrape lineup: https://www.transfermarkt.co.uk/kvc-westerlo_oud-heverlee-leuven/index/spielbericht/4370175
[4445575] Could not find attributes for roi mishpati (Maccabi Tel Aviv, 2024)
[4445575] Failed to build match row: Maccabi Tel Aviv vs Real Sociedad de Fútbol S.A.D.
[4363017] Could not find attributes for miroslav stevanovic (Servette Football Club 1890 SA, 2024)
[3415248] Failed to scrape lineup: https://www.transfermarkt.co.uk/r-charleroi-sc_kv-oostende-2024-/index/spielbericht/3415248
[3602242] Failed to scrape lineup: https://www.transfermarkt.co.uk/kolos-kovalivka_vorskla-poltava/index/spielbericht/3602242
[3459015] Failed to scrape lineup: https://www.transfermarkt.co.uk/spielbericht/index/spielbericht/3459015
[4363017] Failed to build match row: Servette Football Club 1890 SA vs Fussballclub Winterthur
[3869149] Failed to scrape lineup: https://www.transfermarkt.co.uk/sc-braga_sl-benfica/index/spielbericht/3869149
8
[3611444] Failed to scrape lineup: https://www.transfermarkt.co.uk/real-madrid_getafe-cf/index/spielbericht/3611444
[3851289] Could not find attributes for amirhossein hosseinzadeh (Royal Charleroi Sporting Club, 2022)
[3851289] Failed to build match row: Royal Charleroi Sporting Club vs Royal Antwerp Football Club
[3646201] Could not find attributes for jeppe gertsen (Fodbold Club Fredericia, 2021)
[3838197] Failed to scrape lineup: https://www.transfermarkt.co.uk/wolverhampton-wanderers_leicester-city/index/spielbericht/3838197
[3646201] Failed to build match row: Fodbold Club Fredericia vs Viborg Fodsports Forening
[4366808] Could not find attributes for lovro majkic (NK Istra 1961, 2024)
[4366808] Failed to build match row: GNK Dinamo Zagreb vs NK Istra 1961
[4665030] Could not find attributes for petros mantalos (Athlitiki Enosi Konstantinoupoleos, 2025)
[4665030] Failed to build match row: Olympiakos Syndesmos Filathlon Peiraios vs Athlitiki Enosi Konstantinoupoleos
[4808329] Failed to scrape lineup: https://www.transfermarkt.co.uk/cf-america_deportivo-toluca/index/spielbericht/4808329
[3602243] Failed to scrape lineup: https://www.transfermarkt.co.uk/sc-dnipro-1_zorya-lugansk/index/spielbericht/3602243
[4514048] Failed to scrape lineup: https://www.transfermarkt.co.uk/colorado-rapids_portland-timbers/index/spielbericht/4514048
[4787690] Could not find attributes for luka mikulic (Grasshopper Club Zürich, 2025)
[4641457] Could not find attributes for matej sin (Alkmaar Zaanstreek, 2025)
[4641457] Failed to build match row: Alkmaar Zaanstreek vs Sportclub Telstar
[4787690] Failed to build match row: FC Basel 1893 AG vs Grasshopper Club Zürich
[4646143] Could not find attributes for yevgen volynets (FK Polissya Zhytomyr, 2025)
[4646143] Failed to build match row: FK Polissya Zhytomyr vs FC Zorya Lugansk
[4529725] Could not find attributes for hyun woo ju (Football Club Anyang, 2024)
[4648894] Could not find attributes for noah saviolo (Vitória Sport Clube, 2025)
[4529725] Failed to build match row: Football Club Anyang vs Jeju SK Football Club
[4648894] Failed to build match row: Gil Vicente Futebol Clube vs Vitória Sport Clube
[3840217] Could not find attributes for cheick oumar konate (Clermont Foot 63, 2022)
[4225540] Could not find attributes for mikhail kerzhakov (AO FK Zenit Sankt-Peterburg, 2023)
[3999368] Could not find attributes for nikolay sysuev (FC Orenburg, 2022)
[3588291] Could not find attributes for jetro willems (SpVgg Greuther Fürth, 2021)
[3999368] Failed to build match row: FC Orenburg vs FK Spartak Moskva
[3840217] Failed to build match row: Toulouse Football Club vs Clermont Foot 63
[3450516] Could not find attributes for jan paul van hecke (Sportclub Heerenveen, 2020)
[4225540] Failed to build match row: AO FK Zenit Sankt-Peterburg vs FK Sochi
[3588291] Failed to build match row: SpVgg Greuther Fürth vs Eintracht Frankfurt Fußball AG
[4445576] Could not find attributes for roi mishpati (Maccabi Tel Aviv, 2024)
[3450516] Failed to build match row: Football Club Utrecht vs Sportclub Heerenveen
[4370176] Could not find attributes for rob schoofs (Yellow-Red Koninklijke Voetbalclub Mechelen, 2024)
[4445576] Failed to build match row: Maccabi Tel Aviv vs Fodbold Club Midtjylland
[4370176] Failed to build match row: Royal Antwerp Football Club vs Yellow-Red Koninklijke Voetbalclub Mechelen
[4359361] Failed to scrape lineup: https://www.transfermarkt.co.uk/spielbericht/index/spielbericht/4359361
[3646202] Could not find attributes for anders sonderby (Skive IK, 2021)
[3646202] Failed to build match row: Skive IK vs Silkeborg Idrætsforening
[3611445] Could not find attributes for njegos petrovic (Granada CF, 2021)
[3611445] Failed to build match row: Sevilla Fútbol Club S.A.D. vs Granada CF
[3424212] Could not find attributes for oleg chuvaev (Podillya Khmelnytskyi, 2020)
[3424212] Failed to build match row: Podillya Khmelnytskyi vs PFC Prykarpattya Ivano-Frankivsk
[4096264] Could not find attributes for pavel kaderabek (Turn- und Sportgemeinschaft 1899 Hoffenheim Fußball-Spielbetriebs, 2023)
[4665031] Could not find attributes for kresimir krizmanic (Omilos Filathlon Irakliou FC, 2025)
[4096264] Failed to build match row: Turn- und Sportgemeinschaft 1899 Hoffenheim Fußball-Spielbetriebs vs FC Bayern München
[4665031] Failed to build match row: Omilos Filathlon Irakliou FC vs APS Atromitos Athinon

Keepers & outfield error for **Futebol Clube de Arouca** in Futebol Clube de Arouca vs Club Football Estrela da Amadora: Numbers: 2 and 9.
[4648895] Failed to build match row: Futebol Clube de Arouca vs Club Football Estrela da Amadora
[4103696] Could not find attributes for kenan yildiz (Juventus Football Club, 2023)
[4103696] Failed to build match row: Football Club Internazionale Milano S.p.A. vs Juventus Football Club

Keepers & outfield error for **Sporting Clube de Portugal** in Sporting Clube de Portugal vs Linzer Athletik-Sport-Klub: Numbers: 2 and 9.
[3459016] Failed to build match row: Sporting Clube de Portugal vs Linzer Athletik-Sport-Klub
[4094693] Could not find attributes for jean kevin duverne (Football Club de Nantes, 2023)
[4094693] Failed to build match row: Football Club de Nantes vs Le Havre Athletic Club
[3424766] Failed to scrape lineup: https://www.transfermarkt.co.uk/spielbericht/index/spielbericht/3424766
[3869150] Could not find attributes for mexer (Grupo Desportivo Estoril Praia, 2022)
[3700931] Could not find attributes for brais pereiro (Bergantiños FC, 2021)
[3588301] Failed to scrape lineup: https://www.transfermarkt.co.uk/borussia-dortmund_vfb-stuttgart/index/spielbericht/3588301
[3700931] Failed to build match row: Bergantiños FC vs CD Tudelano
[3869150] Failed to build match row: Grupo Desportivo Estoril Praia vs Boavista FC
[3923302] Could not find attributes for conrad balatoni (Civil Service Strollers FC, 2022)
[4646144] Could not find attributes for valeriy voskonyan (SK Poltava, 2025)

Keepers & outfield error for **Real Salt Lake** in Real Salt Lake vs FC Dallas: Numbers: 0 and 11.
[4366809] Could not find attributes for slavko bralic (HNK Gorica, 2024)
[4635100] Could not find attributes for yvon mvogo (Football Club Lorient-Bretagne Sud, 2025)
[4646144] Failed to build match row: Futbolniy Klub Dynamo Kyiv vs SK Poltava
[3923302] Failed to build match row: Civil Service Strollers FC vs Fraserburgh FC
[4366809] Failed to build match row: HNK Gorica vs NK Varazdin
ball Club Lorient-Bretagne Sud
[4514049] Failed to build match row: Real Salt Lake vs FC Dallas
[4709225] Could not find attributes for bogdan popov (FC Empoli, 2025)
[3851291] Could not find attributes for vadis odjidja ofoe (Koninklijke Atletiek Associatie Gent, 2022)
[3851291] Failed to build match row: Koninklijke Atletiek Associatie Gent vs Royal Standard Club de Liège
[4709225] Failed to build match row: Genoa Cricket and Football Club vs FC Empoli
[4445577] Could not find attributes for roi mishpati (Maccabi Tel Aviv, 2024)
[4445577] Failed to build match row: Maccabi Tel Aviv vs FC RFS
[4225541] Could not find attributes for igor akinfeev (PFK CSKA Moskva, 2023)
[4225541] Failed to build match row: PFK CSKA Moskva vs FK Dinamo Moskva
[3497520] Could not find attributes for adam cummins (Stranraer FC, 2020)
[3497520] Failed to build match row: Stranraer FC vs The Spartans FC
[3432046] Could not find attributes for ryotaro meshino (Rio Ave Futebol Clube, 2020)
[4094694] Failed to scrape lineup: https://www.transfermarkt.co.uk/montpellier-hsc_stade-brestois-29/index/spielbericht/4094694
[3432046] Failed to build match row: Rio Ave Futebol Clube vs Vitória Sport Clube
[4103697] Could not find attributes for nikola krstovic (Unione Sportiva Lecce, 2023)
[3999369] Could not find attributes for ilya pomazun (Ural Yekaterinburg, 2022)

Keepers & outfield error for **Eintracht Frankfurt Fußball AG** in Eintracht Frankfurt Fußball AG vs RasenBallsport Leipzig: Numbers: 2 and 9.
[3999369] Failed to build match row: Ural Yekaterinburg vs FK Dinamo Moskva
[4096265] Failed to build match row: Eintracht Frankfurt Fußball AG vs RasenBallsport Leipzig
[4788497] Failed to scrape lineup: https://www.transfermarkt.co.uk/spielbericht/index/spielbericht/4788497
ielbericht/4635101
[4366810] Failed to scrape lineup: https://www.transfermarkt.co.uk/hnk-rijeka_nk-lokomotiva-zagreb/index/spielbericht/4366810
[3700932] Failed to scrape lineup: https://www.transfermarkt.co.uk/spielbericht/index/spielbericht/3700932
[4103697] Failed to build match row: Unione Sportiva Lecce vs Associazione Calcio Fiorentina
[3923303] Failed to scrape lineup: https://www.transfermarkt.co.uk/spielbericht/index/spielbericht/3923303
[4113142] Failed to scrape lineup: https://www.transfermarkt.co.uk/rayo-vallecano_villarreal-cf/index/spielbericht/4113142
[4529726] Could not find attributes for hyeon seo han (Football Club Pohang Steelers, 2024)
[4665032] Failed to scrape lineup: https://www.transfermarkt.co.uk/panathinaikos_asteras-aktor/index/spielbericht/4665032
[4529726] Failed to build match row: Football Club Pohang Steelers vs Football Club Seoul
[3838205] Could not find attributes for serge aurier (Nottingham Forest Football Club, 2022)
[3838205] Failed to build match row: Arsenal Football Club vs Nottingham Forest Football Club
[4514050] Could not find attributes for femi awodesu (Houston Dynamo, 2024)
[3840219] Could not find attributes for kiki kouyate (Montpellier HSC, 2022)

Keepers & outfield error for **SK Slavia Praha, a.s.** in SK Slavia Praha, a.s. vs FC Slovan Liberec: Numbers: 2 and 9.
[4514050] Failed to build match row: Seattle Sounders FC vs Houston Dynamo

Keepers & outfield error for **Futebol Clube do Porto** in Futebol Clube do Porto vs Clube Desportivo de Tondela: Numbers: 0 and 11.
[4129628] Could not find attributes for ali kaan guneren (MKE Ankaragücü, 2023)
[4648896] Failed to build match row: Futebol Clube do Porto vs Clube Desportivo de Tondela
[3840219] Failed to build match row: AC Ajaccio vs Montpellier HSC
[4129628] Failed to build match row: MKE Ankaragücü vs Fatih Karagümrük Sportif Faaliyetler San. Tic. A.Ş.
[4624704] Failed to build match row: SK Slavia Praha, a.s. vs FC Slovan Liberec
[4225542] Could not find attributes for maksim borisko (FK Baltika, 2023)
[4225542] Failed to build match row: FK Baltika vs FK Spartak Moskva
[4727221] Could not find attributes for stefan colakovski (Perth Glory Football Club, 2025)
[4808330] Could not find attributes for efrain orona (Club Santos Laguna S. A. de C. V., 2025)
[4727221] Failed to build match row: Auckland Football Club vs Perth Glory Football Club
ge-kv/index/spielbericht/4370177
[3646203] Failed to scrape lineup: https://www.transfermarkt.co.uk/spielbericht/index/spielbericht/3646203
[4808330] Failed to build match row: Club Santos Laguna S. A. de C. V. vs Club de Futbol Rojinegros S.A. de C.V.
[3851292] Could not find attributes for joao silva (KV Kortrijk, 2022)
[3851292] Failed to build match row: KV Kortrijk vs Koninklijke Racing Club Genk
[3611447] Could not find attributes for mikel vesga (Athletic Club Bilbao, 2021)
[4646145] Could not find attributes for nazariy fedorivskyi (FK Obolon Kyiv, 2025)
[3611447] Failed to build match row: Villarreal Club de Fútbol S.A.D. vs Athletic Club Bilbao
[4646145] Failed to build match row: FK Obolon Kyiv vs FK Kolos Kovalivka
[4395210] Could not find attributes for yohan roche (Fotbal Club Petrolul Ploiești, 2024)
[4163135] Could not find attributes for aleksandr selikhov (FK Spartak Moskva, 2023)
[4395210] Failed to build match row: Fotbal Club Rapid 1923 SA vs Fotbal Club Petrolul Ploiești
[4163135] Failed to build match row: FK Spartak Moskva vs RFK Akhmat Grozny
[4094695] Could not find attributes for tiemoue bakayoko (Football Club Lorient-Bretagne Sud, 2023)
[4407602] Could not find attributes for maroan sannadi (Athletic Club Bilbao, 2024)
[4094695] Failed to build match row: Toulouse Football Club vs Football Club Lorient-Bretagne Sud
[4407602] Failed to build match row: Athletic Club Bilbao vs Alaves

Keepers & outfield error for **Lincoln Red Imps FC** in Lincoln Red Imps FC vs Union Titus Petange: Numbers: 2 and 9.
[3424767] Failed to build match row: Lincoln Red Imps FC vs Union Titus Petange
[4624705] Could not find attributes for matous trmal (FK Teplice, a.s., 2025)
[4648897] Could not find attributes for joao moutinho (Sporting Clube de Braga, 2025)
[4624705] Failed to build match row: FK Teplice, a.s. vs SK Sigma Olomouc, a.s.
Famalicão
[4665033] Could not find attributes for francisco tinaglini (Panserraikos Serres, 2025)
[4808331] Could not find attributes for jean unjanque (Querétaro Fútbol Club, 2025)
[4808331] Failed to build match row: Querétaro Fútbol Club vs Club de Fútbol Cruz Azul S.A. de C.V.
[4665033] Failed to build match row: Panserraikos Serres vs Athlitiki Enosi Larisas
[3602244] Could not find attributes for roman miroshnyk (NK Veres Rivne, 2021)
[3602244] Failed to build match row: FC Shakhtar Donetsk vs NK Veres Rivne
[4359364] Could not find attributes for sergio rochet (Uruguay, 2025)
[4129629] Could not find attributes for dal varesanovic (Çaykur Rizespor Kulübü, 2023)
[3432047] Failed to scrape lineup: https://www.transfermarkt.co.uk/vitoria-guimaraes-sc_portimonense-sc/index/spielbericht/3432047
[3999370] Failed to scrape lineup: https://www.transfermarkt.co.uk/fakel-voronezh_fc-sochi/index/spielbericht/3999370
[3869152] Failed to scrape lineup: https://www.transfermarkt.co.uk/fc-porto_fc-arouca/index/spielbericht/3869152
/3615119
[4445579] Failed to scrape lineup: https://www.transfermarkt.co.uk/spielbericht/index/spielbericht/4445579
[4359364] Failed to build match row: Canada vs Uruguay
[4129629] Failed to build match row: Çaykur Rizespor Kulübü vs Trabzonspor Kulübü
[4788498] Failed to scrape lineup: https://www.transfermarkt.co.uk/spielbericht/index/spielbericht/4788498
[4635102] Failed to scrape lineup: https://www.transfermarkt.co.uk/fc-nantes_fc-metz/index/spielbericht/4635102
[4163136] Could not find attributes for artur nigmatullin (FK Nizhny Novgorod, 2023)
[4514051] Could not find attributes for sam rogers (Chicago Fire Soccer Club, 2024)
[3459018] Failed to scrape lineup: https://www.transfermarkt.co.uk/spielbericht/index/spielbericht/3459018
[4163136] Failed to build match row: FK Nizhny Novgorod vs FK Rostov
[4514051] Failed to build match row: Vancouver Whitecaps FC vs Chicago Fire Soccer Club
[4709227] Could not find attributes for matteo pisseri (Frosinone Calcio, 2025)
[4709227] Failed to build match row: Cagliari Calcio vs Frosinone Calcio
[4727223] Could not find attributes for giovanni de abreu (Perth Glory Football Club, 2025)
[4727223] Failed to build match row: Perth Glory Football Club vs Brisbane Roar FC
[4624706] Could not find attributes for klemen mihelak (FK Jablonec a.s., 2025)
[4624706] Failed to build match row: FK Jablonec a.s. vs MFK Karvina
[4366811] Failed to scrape lineup: https://www.transfermarkt.co.uk/hnk-hajduk-split_slaven-belupo-koprivnica/index/spielbericht/4366811
[3889217] Could not find attributes for maksim plotnikov (Shakhter Soligorsk, 2022)
[3889217] Failed to build match row: Shakhter Soligorsk vs Fotbal Club CFR 1907 Cluj SA
[4420901] Could not find attributes for balazs toth (Videoton FC, 2024)
[4420901] Failed to build match row: Videoton FC vs Omonia Nicosia
[4587144] Could not find attributes for dylan chambost (Columbus Crew, 2024)
[4587144] Failed to build match row: Columbus Crew vs New England Revolution
[3923304] Failed to scrape lineup: https://www.transfermarkt.co.uk/spielbericht/index/spielbericht/3923304
[4363021] Failed to scrape lineup: https://www.transfermarkt.co.uk/fc-lugano_fc-lausanne-sport/index/spielbericht/4363021
[4113143] Failed to scrape lineup: https://www.transfermarkt.co.uk/sevilla-fc_real-madrid/index/spielbericht/4113143
[3450517] Could not find attributes for timo letschert (Alkmaar Zaanstreek, 2020)
[3459019] Could not find attributes for sergey ignatovich (Dynamo Brest, 2020)
[3450517] Failed to build match row: Alkmaar Zaanstreek vs Prins Hendrik Ende Desespereert Nimmer Combinatie Zwolle
[3459019] Failed to build match row: Dynamo Brest vs Ludogorets Razgrad
[3592224] Failed to scrape lineup: https://www.transfermarkt.co.uk/leicester-city_southampton-fc/index/spielbericht/3592224
[4808332] Failed to scrape lineup: https://www.transfermarkt.co.uk/unam-pumas_fc-juarez/index/spielbericht/4808332
[3838208] Failed to scrape lineup: https://www.transfermarkt.co.uk/crystal-palace_southampton-fc/index/spielbericht/3838208
[4635103] Could not find attributes for samir chergui (Paris Football Club, 2025)
[4635103] Failed to build match row: Association sportive de Monaco Football Club vs Paris Football Club

Keepers & outfield error for **Colombia** in Argentina vs Colombia: Numbers: 0 and 11.
[4359365] Failed to build match row: Argentina vs Colombia
[4225543] Failed to scrape lineup: https://www.transfermarkt.co.uk/fc-orenburg_akhmat-grozny/index/spielbericht/4225543
[3602245] Could not find attributes for yuriy pankiv (FC Rukh Lviv, 2021)
[3602245] Failed to build match row: FC Rukh Lviv vs Futbolniy Klub Dynamo Kyiv
[4375253] Failed to scrape lineup: https://www.transfermarkt.co.uk/austria-vienna_wolfsberger-ac/index/spielbericht/4375253
[4370178] Failed to scrape lineup: https://www.transfermarkt.co.uk/sint-truidense-vv_union-saint-gilloise/index/spielbericht/4370178
[4648898] Could not find attributes for joao moutinho (Sporting Clube de Braga, 2025)
[4648898] Failed to build match row: Sporting Clube de Braga vs Futebol Clube de Arouca
[3611448] Failed to scrape lineup: https://www.transfermarkt.co.uk/elche-cf_real-sociedad/index/spielbericht/3611448
[3851293] Failed to scrape lineup: https://www.transfermarkt.co.uk/rfc-seraing_kas-eupen/index/spielbericht/3851293
[3646232] Could not find attributes for jamie devlin (Dunbar United FC, 2021)
[3646232] Failed to build match row: Dunbar United FC vs Broxburn Athletic FC
[4094696] Failed to scrape lineup: https://www.transfermarkt.co.uk/olympique-marseille_stade-rennais-fc/index/spielbericht/4094696
[3838209] Could not find attributes for joao palhinha (Fulham Football Club, 2022)
[3838209] Failed to build match row: Fulham Football Club vs Everton Football Club
[4624707] Could not find attributes for milan heca (1. FC Slovácko, 2025)
[4624707] Failed to build match row: 1. FC Slovácko vs FK Pardubice
[4665034] Could not find attributes for soualiho meite (Panthessalonikios Athlitikos Omilos Konstantinoupoliton, 2025)
[4665034] Failed to build match row: Panthessalonikios Athlitikos Omilos Konstantinoupoliton vs Volou Neos Podosferikos Syllogos
[3424768] Failed to scrape lineup: https://www.transfermarkt.co.uk/spielbericht/index/spielbericht/3424768
[3889218] Could not find attributes for mathias rosenorn (KÍ Klaksvík, 2022)
[3889218] Failed to build match row: KÍ Klaksvík vs FC Ballkani
[3840221] Failed to scrape lineup: https://www.transfermarkt.co.uk/as-monaco_stade-reims/index/spielbericht/3840221

[4225544] Could not find attributes for ilya pomazun (Ural Yekaterinburg, 2023)
[4225544] Failed to build match row: Ural Yekaterinburg vs FK Krasnodar
[4395211] Could not find attributes for jovo lukic (U Craiova 1948 Club Sportiv SA, 2024)
[4395211] Failed to build match row: U Craiova 1948 Club Sportiv SA vs Fotbal Club CFR 1907 Cluj SA
[4529727] Could not find attributes for jae seok yoon (Ulsan Hyundai Football Club, 2024)
[4529727] Failed to build match row: Gimcheon Sangmu Football Club vs Ulsan Hyundai Football Club
[3588304] Failed to scrape lineup: https://www.transfermarkt.co.uk/borussia-monchengladbach_spvgg-greuther-furth/index/spielbericht/3588304
[3432048] Failed to scrape lineup: https://www.transfermarkt.co.uk/sporting-cp_fc-porto/index/spielbericht/3432048
[4788499] Failed to scrape lineup: https://www.transfermarkt.co.uk/spielbericht/index/spielbericht/4788499
[4445580] Failed to scrape lineup: https://www.transfermarkt.co.uk/spielbericht/index/spielbericht/4445580
[3869153] Failed to scrape lineup: https://www.transfermarkt.co.uk/vitoria-guimaraes-sc_rio-ave-fc/index/spielbericht/3869153
[4129630] Failed to scrape lineup: https://www.transfermarkt.co.uk/basaksehir-fk_fenerbahce/index/spielbericht/4129630
[4163137] Failed to scrape lineup: https://www.transfermarkt.co.uk/krylya-sovetov-samara_baltika-kaliningrad/index/spielbericht/4163137
[3999371] Failed to scrape lineup: https://www.transfermarkt.co.uk/lokomotiv-moscow_fc-krasnodar/index/spielbericht/3999371
[3700933] Could not find attributes for nika sharikadze (Náxara CD, 2021)
[3700933] Failed to build match row: Náxara CD vs FC Andorra
[4808333] Could not find attributes for stiven barreiro (Club León Fútbol Club, 2025)
[4808333] Failed to build match row: Club León Fútbol Club vs Club de Futbol América S. A. de C. V.
[4709331] Failed to scrape lineup: https://www.transfermarkt.co.uk/al-ahli-sfc_al-qadsiah-fc/index/spielbericht/4709331
[4727224] Failed to scrape lineup: https://www.transfermarkt.co.uk/western-sydney-wanderers_newcastle-united-jets/index/spielbericht/4727224
[3838210] Failed to scrape lineup: https://www.transfermarkt.co.uk/leicester-city_manchester-city/index/spielbericht/3838210
[3450518] Could not find attributes for eliano reijnders (Prins Hendrik Ende Desespereert Nimmer Combinatie Zwolle, 2020)
[3450518] Failed to build match row: Fortuna Sittardia Combinatie vs Prins Hendrik Ende Desespereert Nimmer Combinatie Zwolle
[4366812] Failed to scrape lineup: https://www.transfermarkt.co.uk/hnk-sibenik_slaven-belupo-koprivnica/index/spielbericht/4366812
[4641461] Failed to scrape lineup: https://www.transfermarkt.co.uk/fc-volendam_ajax-amsterdam/index/spielbericht/4641461
[4370179] Failed to scrape lineup: https://www.transfermarkt.co.uk/standard-liege_beerschot-va/index/spielbericht/4370179
[4420902] Failed to scrape lineup: https://www.transfermarkt.co.uk/spielbericht/index/spielbericht/4420902

Keepers & outfield error for **FC Shakhtar Donetsk** in FC Shakhtar Donetsk vs Futbolniy Klub Dynamo Kyiv: Numbers: 0 and 11.
[3425523] Failed to build match row: FC Shakhtar Donetsk vs Futbolniy Klub Dynamo Kyiv
[3432049] Failed to scrape lineup: https://www.transfermarkt.co.uk/cs-maritimo_fc-famalicao/index/spielbericht/3432049
[4788500] Failed to scrape lineup: https://www.transfermarkt.co.uk/spielbericht/index/spielbericht/4788500
[4363022] Failed to scrape lineup: https://www.transfermarkt.co.uk/fc-winterthur_fc-luzern/index/spielbericht/4363022
[4587145] Failed to scrape lineup: https://www.transfermarkt.co.uk/d-c-united_inter-miami-cf/index/spielbericht/4587145
[4113144] Failed to scrape lineup: https://www.transfermarkt.co.uk/sevilla-fc_villarreal-cf/index/spielbericht/4113144
[4529729] Could not find attributes for jae seok yoon (Ulsan Hyundai Football Club, 2024)
[4529729] Failed to build match row: Ulsan Hyundai Football Club vs Gwangju Football Club
[3460087] Failed to scrape lineup: https://www.transfermarkt.co.uk/fulham-fc_aston-villa/index/spielbericht/3460087
[4395212] Could not find attributes for artur miranyan (Asociația Sportivă Fotbal Club Universitatea Cluj, 2024)
[4395212] Failed to build match row: Asociația Sportivă Fotbal Club Universitatea Cluj vs Asociația Fotbal Club UTA Arad
Not enough players found for lineup: 0, 0.
[3646233] Failed to scrape lineup: https://www.transfermarkt.co.uk/spielbericht/index/spielbericht/3646233
[3592225] Failed to scrape lineup: https://www.transfermarkt.co.uk/newcastle-united_aston-villa/index/spielbericht/3592225
[3615121] Failed to scrape lineup: https://www.transfermarkt.co.uk/ssc-napoli_hellas-verona/index/spielbericht/3615121
[4514295] Failed to scrape lineup: https://www.transfermarkt.co.uk/bsc-young-boys_fc-sion/index/spielbericht/4514295
[4129631] Could not find attributes for ramzi safuri (Antalyaspor, 2023)
[4129631] Failed to build match row: Antalyaspor vs Sivasspor
[3602246] Failed to scrape lineup: https://www.transfermarkt.co.uk/metalist-1925-kharkiv_fc-minaj/index/spielbericht/3602246

Keepers & outfield error for **Clube Desportivo Santa Clara** in Clube Desportivo Santa Clara vs Sporting Clube de Braga: Numbers: 0 and 11.
[3869154] Failed to build match row: Clube Desportivo Santa Clara vs Sporting Clube de Braga
[4163138] Could not find attributes for nikolay zabolotnyi (FK Sochi, 2023)
[4163138] Failed to build match row: FK Sochi vs Футбольный клуб "Локомотив" Москва
[3851294] Failed to scrape lineup: https://www.transfermarkt.co.uk/union-saint-gilloise_kv-oostende-2024-/index/spielbericht/3851294
[3889219] Could not find attributes for maksim plotnikov (Shakhter Soligorsk, 2022)
[3889219] Failed to build match row: Fotbal Club CFR 1907 Cluj SA vs Shakhter Soligorsk
[4665035] Failed to scrape lineup: https://www.transfermarkt.co.uk/atromitos-athens_panetolikos/index/spielbericht/4665035
[4094698] Could not find attributes for nabil bentaleb (Lille Olympique Sporting Club, 2023)
[3415253] Failed to scrape lineup: https://www.transfermarkt.co.uk/kvrs-waasland-sk-beveren_standard-liege/index/spielbericht/3415253
[4094698] Failed to build match row: Lille Olympique Sporting Club vs Football Club de Metz

Keepers & outfield error for **Wolverhampton Wanderers Football Club** in Newcastle United Football Club vs Wolverhampton Wanderers Football Club: Numbers: 0 and 11.
[4395214] Could not find attributes for samy bourard (SC Oţelul Galaţi, 2024)
[3999372] Could not find attributes for vitaliy gudiev (FC Khimki (-2025), 2022)
[3999372] Failed to build match row: FC Khimki (-2025) vs FK Rostov
[4395214] Failed to build match row: SC Oţelul Galaţi vs SC Fotbal Club FCSB SA
[3592226] Failed to build match row: Newcastle United Football Club vs Wolverhampton Wanderers Football Club
[4624708] Could not find attributes for hugo jan backovsky (FK Dukla Praha a.s., 2025)
[4624708] Failed to build match row: FK Dukla Praha a.s. vs SK Slavia Praha, a.s.
[3450519] Could not find attributes for eliano reijnders (Prins Hendrik Ende Desespereert Nimmer Combinatie Zwolle, 2020)
[3450519] Failed to build match row: Prins Hendrik Ende Desespereert Nimmer Combinatie Zwolle vs Alkmaar Zaanstreek
[4103700] Failed to scrape lineup: https://www.transfermarkt.co.uk/torino-fc_us-salernitana-1919/index/spielbericht/4103700
[4445581] Failed to build match row: FC Viktoria Plzeň, a.s. vs Royal Sporting Club Anderlecht
[3611450] Failed to scrape lineup: https://www.transfermarkt.co.uk/athletic-bilbao_celta-de-vigo/index/spielbericht/3611450
[3840222] Failed to scrape lineup: https://www.transfermarkt.co.uk/angers-sco_fc-toulouse/index/spielbericht/3840222
[4225545] Failed to scrape lineup: https://www.transfermarkt.co.uk/rubin-kazan_fakel-voronezh/index/spielbericht/4225545
[3588305] Failed to scrape lineup: https://www.transfermarkt.co.uk/sc-freiburg_eintracht-frankfurt/index/spielbericht/3588305
[4788501] Could not find attributes for marvin johnson (Port Vale FC, 2025)
[4788501] Failed to build match row: Port Vale FC vs Fleetwood Town
[3646237] Could not find attributes for gary thom (Linlithgow Rose FC, 2021)
[3646237] Failed to build match row: Linlithgow Rose FC vs Banks O' Dee FC
[4808334] Failed to scrape lineup: https://www.transfermarkt.co.uk/cf-monterrey_puebla-fc/index/spielbericht/4808334
[3838211] Failed to scrape lineup: https://www.transfermarkt.co.uk/liverpool-fc_leeds-united/index/spielbericht/3838211
[3450520] Could not find attributes for tyronne ebuehi (Football Club Twente, 2020)
[3450520] Failed to build match row: Football Club Twente vs RKC Waalwijk
[4366825] Failed to scrape lineup: https://www.transfermarkt.co.uk/nk-osijek_hnk-rijeka/index/spielbericht/4366825
[4641462] Failed to scrape lineup: https://www.transfermarkt.co.uk/sc-heerenveen_go-ahead-eagles/index/spielbericht/4641462
[4360343] Failed to scrape lineup: https://www.transfermarkt.co.uk/gks-katowice_jagiellonia-bialystok/index/spielbericht/4360343
[3999373] Could not find attributes for artur nigmatullin (FK Nizhny Novgorod, 2022)
[3999373] Failed to build match row: FK Nizhny Novgorod vs Torpedo Moscow
[4163139] Could not find attributes for vitaliy gudiev (Fakel Voronezh, 2023)
[4163139] Failed to build match row: Fakel Voronezh vs FK Krasnodar
[3432050] Failed to scrape lineup: https://www.transfermarkt.co.uk/rio-ave-fc_fc-famalicao/index/spielbericht/3432050
[4375261] Failed to scrape lineup: https://www.transfermarkt.co.uk/tsv-hartberg_austria-vienna/index/spielbericht/4375261
[4420903] Failed to scrape lineup: https://www.transfermarkt.co.uk/spielbericht/index/spielbericht/4420903
[3426220] Failed to scrape lineup: https://www.transfermarkt.co.uk/spielbericht/index/spielbericht/3426220
[4225546] Could not find attributes for nikita medvedev (FK Rostov, 2023)
[4225546] Failed to build match row: FK Rostov vs FK Nizhny Novgorod
[4529730] Failed to scrape lineup: https://www.transfermarkt.co.uk/pohang-steelers_gimcheon-sangmu/index/spielbericht/4529730
[3460357] Failed to scrape lineup: https://www.transfermarkt.co.uk/panetolikos-gfs_asteras-tripolis/index/spielbericht/3460357
[4648900] Failed to scrape lineup: https://www.transfermarkt.co.uk/avs-futebol_vitoria-guimaraes-sc/index/spielbericht/4648900
[3602247] Failed to scrape lineup: https://www.transfermarkt.co.uk/fk-mariupol_rukh-lviv/index/spielbericht/3602247
[4129632] Failed to scrape lineup: https://www.transfermarkt.co.uk/gaziantep-fk_konyaspor/index/spielbericht/4129632
[3869155] Failed to scrape lineup: https://www.transfermarkt.co.uk/fc-pacos-de-ferreira_gd-chaves/index/spielbericht/3869155
[3840223] Could not find attributes for cheick oumar konate (Clermont Foot 63, 2022)
[3840223] Failed to build match row: Clermont Foot 63 vs Racing Club de Lens
[4635106] Failed to scrape lineup: https://www.transfermarkt.co.uk/olympique-lyon_paris-saint-germain/index/spielbericht/4635106
[3999374] Could not find attributes for aleksandr soldatenkov (PFK Krylya Sovetov Samara, 2022)
[3999374] Failed to build match row: PFK Krylya Sovetov Samara vs RFK Akhmat Grozny

Keepers & outfield error for **Wolverhampton Wanderers Football Club** in Wolverhampton Wanderers Football Club vs Arsenal Football Club: Numbers: 0 and 11.
[3592228] Failed to build match row: Wolverhampton Wanderers Football Club vs Arsenal Football Club
[4363023] Could not find attributes for kasim adams (Servette Football Club 1890 SA, 2024)
[4113146] Failed to scrape lineup: https://www.transfermarkt.co.uk/granada-cf_rayo-vallecano/index/spielbericht/4113146
[4363023] Failed to build match row: Berner Sport Club Young Boys vs Servette Football Club 1890 SA
[3646320] Could not find attributes for egor smirnov (FC Leningradets, 2021)
[3646320] Failed to build match row: FC Leningradets vs Kuban Krasnodar
[4129633] Could not find attributes for shahrudin mahammadaliyev (Adana Demirspor, 2023)
[4129633] Failed to build match row: Adana Demirspor vs Hatayspor
[4587146] Could not find attributes for gennadiy synchuk (Club de Foot Montréal, 2024)
[4587146] Failed to build match row: Club de Foot Montréal vs Austin FC
[4421065] Could not find attributes for evgeniy archibasov (Dinamo Vladivostok, 2024)
[4421065] Failed to build match row: Dinamo Vladivostok vs FC Irkutsk
[3700934] Could not find attributes for iker ezcurra (AD San Juan, 2021)
[3700934] Failed to build match row: AD San Juan vs UD San Sebastián de los Reyes
[4646146] Could not find attributes for valentyn gorokh (NK Veres Rivne, 2025)
[4646146] Failed to build match row: NK Veres Rivne vs FK Karpaty Lviv
[3432051] Could not find attributes for evanilson (Futebol Clube do Porto, 2020)
[3432051] Failed to build match row: Futebol Clube do Porto vs Gil Vicente Futebol Clube
[3851296] Failed to scrape lineup: https://www.transfermarkt.co.uk/sint-truidense-vv_zulte-waregem/index/spielbericht/3851296
[4094699] Failed to scrape lineup: https://www.transfermarkt.co.uk/stade-reims_rc-strasbourg-alsace/index/spielbericht/4094699
[4103701] Failed to scrape lineup: https://www.transfermarkt.co.uk/udinese-calcio_ac-monza/index/spielbericht/4103701
[4395215] Failed to scrape lineup: https://www.transfermarkt.co.uk/fc-botosani_fcv-farul-constanta/index/spielbericht/4395215
24709
[3415256] Could not find attributes for ike ugbo (Cercle Brugge Koninklijke Sportvereniging, 2020)
[3415256] Failed to build match row: Yellow-Red Koninklijke Voetbalclub Mechelen vs Cercle Brugge Koninklijke Sportvereniging
[3602248] Could not find attributes for dmytro nemchaninov (NK Veres Rivne, 2021)
[3602248] Failed to build match row: NK Veres Rivne vs FC Oleksandriya
[4514296] Could not find attributes for kasim adams (Servette Football Club 1890 SA, 2024)
[4514296] Failed to build match row: Servette Football Club 1890 SA vs FC Basel 1893 AG
[4407606] Failed to scrape lineup: https://www.transfermarkt.co.uk/deportivo-alaves_atletico-de-madrid/index/spielbericht/4407606

Keepers & outfield error for **Sporting Clube de Braga** in Sporting Clube de Braga vs Maccabi Tel Aviv: Numbers: 0 and 11.
[4445583] Failed to build match row: Sporting Clube de Braga vs Maccabi Tel Aviv
[3889220] Could not find attributes for aldin skenderovic (F91 Dudelange, 2022)
[3889220] Failed to build match row: Malmö Fotbollförening vs F91 Dudelange
[3432052] Failed to scrape lineup: https://www.transfermarkt.co.uk/sc-braga_sc-farense/index/spielbericht/3432052
[4225547] Failed to scrape lineup: https://www.transfermarkt.co.uk/fc-pari-nizhniy-novgorod_ural-yekaterinburg/index/spielbericht/4225547
[4808335] Failed to scrape lineup: https://www.transfermarkt.co.uk/atlas-guadalajara_tigres-uanl/index/spielbericht/4808335
[4641464] Could not find attributes for irakli yegoian (Excelsior Rotterdam, 2025)
[4641464] Failed to build match row: Excelsior Rotterdam vs Football Club Twente
[3497521] Could not find attributes for ally adams (Tranent Juniors FC, 2020)
[3497521] Failed to build match row: Tranent Juniors FC vs East Stirlingshire FC
[4363024] Could not find attributes for marley ake (Yverdon Sport FC, 2024)
[4363024] Failed to build match row: Yverdon Sport FC vs FC Sion
[4727226] Could not find attributes for ajak riak (Adelaide United Football Club, 2025)
[4727226] Failed to build match row: Adelaide United Football Club vs Melbourne Victory FC
[3611452] Failed to scrape lineup: https://www.transfermarkt.co.uk/fc-barcelona_cadiz-cf/index/spielbericht/3611452
[3450521] Failed to scrape lineup: https://www.transfermarkt.co.uk/twente-enschede-fc_sparta-rotterdam/index/spielbericht/3450521

Keepers & outfield error for **Football Club Lorient-Bretagne Sud** in Football Club Lorient-Bretagne Sud vs ESTAC Troyes: Numbers: 0 and 11.
[3840224] Failed to build match row: Football Club Lorient-Bretagne Sud vs ESTAC Troyes
[4360344] Failed to scrape lineup: https://www.transfermarkt.co.uk/korona-kielce_stal-mielec/index/spielbericht/4360344
[4164098] Failed to scrape lineup: https://www.transfermarkt.co.uk/spielbericht/index/spielbericht/4164098
[4375262] Failed to scrape lineup: https://www.transfermarkt.co.uk/red-bull-salzburg_tsv-hartberg/index/spielbericht/4375262
[4103702] Could not find attributes for nikola krstovic (Unione Sportiva Lecce, 2023)
[4103702] Failed to build match row: Bologna Football Club 1909 vs Unione Sportiva Lecce
[4529731] Could not find attributes for thomas oude kotte (Football Club Anyang, 2024)
[3838213] Failed to scrape lineup: https://www.transfermarkt.co.uk/newcastle-united_aston-villa/index/spielbericht/3838213
[4529731] Failed to build match row: Foundation Coorperation Hana Financial Group Inc. Football Club vs Football Club Anyang
[4648901] Failed to scrape lineup: https://www.transfermarkt.co.uk/gd-estoril-praia_fc-porto/index/spielbericht/4648901
[4363025] Could not find attributes for jahnoah markelo (FC Zürich, 2024)
[4363025] Failed to build match row: FC Zürich vs FC St. Gallen 1879
[3646321] Could not find attributes for artem koveshnikov (Torpedo Vladimir, 2021)
[3646321] Failed to build match row: Torpedo Vladimir vs KamAZ Naberezhnye Chelny
[3869156] Could not find attributes for xadas (CS Marítimo, 2022)
[4709332] Could not find attributes for ismaila soro (Al-Riyadh Saudi Club, 2025)
[3869156] Failed to build match row: CS Marítimo vs Sporting Clube de Portugal
[4366826] Could not find attributes for nikola cavlina (GNK Dinamo Zagreb, 2024)
[4709332] Failed to build match row: Al-Ittihad Football Club vs Al-Riyadh Saudi Club
[4366826] Failed to build match row: GNK Dinamo Zagreb vs HNK Gorica
[4641465] Could not find attributes for mohamed ihattaren (Fortuna Sittardia Combinatie, 2025)
[4808337] Could not find attributes for facundo almada (Mazatlán Futbol Club, 2025)
[4641465] Failed to build match row: Fortuna Sittardia Combinatie vs Nijmegen Eendracht Combinatie
[4808337] Failed to build match row: Mazatlán Futbol Club vs Deportivo Toluca Futbol Club, S. A. de C. V.

Keepers & outfield error for **Vitória Sport Clube** in Vitória Sport Clube vs Boavista FC: Numbers: 0 and 11.
[4665036] Failed to scrape lineup: https://www.transfermarkt.co.uk/volos-nfc_aek-athens/index/spielbericht/4665036
[3432053] Failed to build match row: Vitória Sport Clube vs Boavista FC
[3889221] Could not find attributes for kristijan naumovski (FC Shkupi, 2022)
[3889221] Failed to build match row: Shamrock Rovers vs FC Shkupi
[4421066] Could not find attributes for aleksandr shubin (Uralets-TS Nizhniy Tagil, 2024)
[4421066] Failed to build match row: Uralets-TS Nizhniy Tagil vs Amkar Perm
[4727227] Could not find attributes for marcel tisserand (Sydney Football Club, 2025)
[4587147] Could not find attributes for frankie westfield (Philadelphia Union, 2024)
[4727227] Failed to build match row: Sydney Football Club vs Wellington Phoenix Football Club
[4587147] Failed to build match row: Philadelphia Union vs Chicago Fire Soccer Club
[3415257] Could not find attributes for barnabas bese (Oud-Heverlee Leuven, 2020)
[3415257] Failed to build match row: Oud-Heverlee Leuven vs Royal Charleroi Sporting Club
[4626116] Could not find attributes for antonin kinsky (Tottenham Hotspur Football Club, 2025)
[4626116] Failed to build match row: Sunderland Association Football Club vs Tottenham Hotspur Football Club
[4808338] Could not find attributes for lorenzo faravelli (Impulsora del Deportivo Necaxa S.A. de C.V., 2025)
[4808338] Failed to build match row: Impulsora del Deportivo Necaxa S.A. de C.V. vs Club Deportivo Guadalajara S. A. de C. V.
[4624710] Failed to scrape lineup: https://www.transfermarkt.co.uk/fc-slovan-liberec_fc-hradec-kralove/index/spielbericht/4624710
[4395216] Could not find attributes for alessandro ciranni (ASFC Buzau (2016-2025), 2024)
[4395216] Failed to build match row: ASFC Buzau (2016-2025) vs ACSM Politehnica Iasi
[3602249] Failed to scrape lineup: https://www.transfermarkt.co.uk/pfc-lviv_sc-dnipro-1/index/spielbericht/3602249
[4514297] Failed to scrape lineup: https://www.transfermarkt.co.uk/fc-luzern_fc-winterthur/index/spielbericht/4514297

Keepers & outfield error for **Futebol Clube de Famalicão** in Futebol Clube de Famalicão vs FC Vizela: Numbers: 0 and 11.
[3869157] Failed to build match row: Futebol Clube de Famalicão vs FC Vizela
[4788503] Failed to scrape lineup: https://www.transfermarkt.co.uk/spielbericht/index/spielbericht/4788503
[4445584] Failed to scrape lineup: https://www.transfermarkt.co.uk/spielbericht/index/spielbericht/4445584
[4225548] Failed to scrape lineup: https://www.transfermarkt.co.uk/fc-sochi_krylya-sovetov-samara/index/spielbericht/4225548
[4407607] Failed to scrape lineup: https://www.transfermarkt.co.uk/rcd-espanyol-barcelona_real-betis-balompie/index/spielbericht/4407607
[3426221] Could not find attributes for johannes focher (RSV Meinerzhagen, 2020)
[3426221] Failed to build match row: RSV Meinerzhagen vs SpVgg Greuther Fürth
[4370181] Could not find attributes for konstantinos karetsas (Koninklijke Racing Club Genk, 2024)
[4366827] Could not find attributes for slavko bralic (HNK Gorica, 2024)

Keepers & outfield error for **Gil Vicente Futebol Clube** in Sport Lisboa e Benfica vs Gil Vicente Futebol Clube: Numbers: 0 and 11.
[3592230] Failed to scrape lineup: https://www.transfermarkt.co.uk/newcastle-united_crystal-palace/index/spielbericht/3592230
[4370181] Failed to build match row: Koninklijke Racing Club Genk vs Koninklijke Voetbal Club Westerlo
[4096269] Could not find attributes for tim kleindienst (1. Fußballclub Heidenheim 1846, 2023)
[3432054] Failed to build match row: Sport Lisboa e Benfica vs Gil Vicente Futebol Clube
[4366827] Failed to build match row: HNK Gorica vs HNK Sibenik
[3460358] Failed to scrape lineup: https://www.transfermarkt.co.uk/panathinaikos-fc_aris-thessaloniki/index/spielbericht/3460358
[3611453] Failed to scrape lineup: https://www.transfermarkt.co.uk/getafe-cf_villarreal-cf/index/spielbericht/3611453
[3450522] Failed to scrape lineup: https://www.transfermarkt.co.uk/pec-zwolle_sparta-rotterdam/index/spielbericht/3450522
[4096269] Failed to build match row: 1. Fußballclub Heidenheim 1846 vs 1. Fußball-Club Köln
[4665037] Could not find attributes for jakub pokorny (Athlitiki Enosi Kifisias, 2025)
[4129635] Failed to scrape lineup: https://www.transfermarkt.co.uk/trabzonspor_kasimpasa/index/spielbericht/4129635
[3999375] Could not find attributes for milan gajic (PFK CSKA Moskva, 2022)
[4665037] Failed to build match row: Athlitiki Enosi Kifisias vs APO Levadiakos Football Club
[4727228] Could not find attributes for xavier bertoncello (Newcastle United Jets Football Club, 2025)
[4113149] Could not find attributes for matija nastasic (Real Club Deportivo Mallorca S.A.D., 2023)
[3999375] Failed to build match row: PFK CSKA Moskva vs AO FK Zenit Sankt-Peterburg
[4727228] Failed to build match row: Newcastle United Jets Football Club vs Melbourne Victory FC
[4113149] Failed to build match row: Real Club Deportivo Mallorca S.A.D. vs Getafe Club de Fútbol S. A. D. Team Dubai
[3851299] Could not find attributes for gift orban (Koninklijke Atletiek Associatie Gent, 2022)
[3851299] Failed to build match row: Club Brugge Koninklijke Voetbalvereniging vs Koninklijke Atletiek Associatie Gent
[3840225] Failed to scrape lineup: https://www.transfermarkt.co.uk/fc-nantes_ogc-nice/index/spielbericht/3840225
[4648902] Failed to scrape lineup: https://www.transfermarkt.co.uk/cf-estrela-amadora_sporting-cp/index/spielbericht/4648902
[3869158] Failed to scrape lineup: https://www.transfermarkt.co.uk/sl-benfica_portimonense-sc/index/spielbericht/3869158
[4529732] Could not find attributes for cesinha (Daegu FC, 2024)
[4529732] Failed to build match row: Daegu FC vs Jeju SK Football Club
[4225549] Failed to scrape lineup: https://www.transfermarkt.co.uk/fakel-voronezh_baltika-kaliningrad/index/spielbericht/4225549
[3838228] Failed to scrape lineup: https://www.transfermarkt.co.uk/everton-fc_leicester-city/index/spielbericht/3838228
[3646322] Could not find attributes for kirill aloyan (Dinamo Bryansk, 2021)
[3646322] Failed to build match row: Dinamo Bryansk vs Veles Moscow
[3497522] Failed to scrape lineup: https://www.transfermarkt.co.uk/spielbericht/index/spielbericht/3497522
[4363026] Failed to scrape lineup: https://www.transfermarkt.co.uk/fc-lausanne-sport_fc-luzern/index/spielbericht/4363026
[3999702] Failed to scrape lineup: https://www.transfermarkt.co.uk/spielbericht/index/spielbericht/3999702
[4366828] Failed to scrape lineup: https://www.transfermarkt.co.uk/hnk-rijeka_gnk-dinamo-zagreb/index/spielbericht/4366828
[4587149] Failed to scrape lineup: https://www.transfermarkt.co.uk/houston-dynamo-fc_san-jose-earthquakes/index/spielbericht/4587149
[4421067] Failed to scrape lineup: https://www.transfermarkt.co.uk/spielbericht/index/spielbericht/4421067
[4635109] Could not find attributes for tylel tati (Football Club de Nantes, 2025)
[4635109] Failed to build match row: Le Havre Athletic Club vs Football Club de Nantes
[4648903] Failed to scrape lineup: https://www.transfermarkt.co.uk/fc-alverca_casa-pia-ac/index/spielbericht/4648903

Keepers & outfield error for **RasenBallsport Leipzig** in RasenBallsport Leipzig vs Bayer 04 Leverkusen Fußball: Numbers: 0 and 11.
[3588320] Failed to build match row: RasenBallsport Leipzig vs Bayer 04 Leverkusen Fußball
[4529733] Failed to scrape lineup: https://www.transfermarkt.co.uk/fc-seoul_jeonbuk-hyundai-motors/index/spielbericht/4529733
[4395217] Could not find attributes for andres dumitrescu (Sepsi OSK Sf. Gheorghe, 2024)
[4395217] Failed to build match row: Sepsi OSK Sf. Gheorghe vs Asociația Fotbal Club UTA Arad
[3602250] Could not find attributes for dmytro riznyk (Vorskla Poltava, 2021)
[3602250] Failed to build match row: Vorskla Poltava vs Ingulets Petrove
[3497553] Failed to scrape lineup: https://www.transfermarkt.co.uk/spielbericht/index/spielbericht/3497553
[4360346] Could not find attributes for bujar pllana (Klub Sportowy Lechia Gdańsk, 2024)
[4360346] Failed to build match row: Klub Sportowy Lechia Gdańsk vs RKS Raków Częstochowa SA
[4366829] Failed to scrape lineup: https://www.transfermarkt.co.uk/hnk-hajduk-split_nk-osijek/index/spielbericht/4366829
[4096270] Could not find attributes for anthony losilla (VfL Bochum, 2023)
[4096270] Failed to build match row: Sportverein Werder Bremen von 1899 vs VfL Bochum
[4514299] Could not find attributes for bung meng freimann (FC Luzern, 2024)
[4514299] Failed to build match row: FC Lugano vs FC Luzern

Keepers & outfield error for **Sporting Clube de Braga** in Sporting Clube de Braga vs Turn- und Sportgemeinschaft 1899 Hoffenheim Fußball-Spielbetriebs: Numbers: 0 and 11.
[4445585] Failed to build match row: Sporting Clube de Braga vs Turn- und Sportgemeinschaft 1899 Hoffenheim Fußball-Spielbetriebs
[4635110] Failed to scrape lineup: https://www.transfermarkt.co.uk/paris-fc_stade-rennais-fc/index/spielbericht/4635110
[4648904] Failed to scrape lineup: https://www.transfermarkt.co.uk/fc-famalicao_moreirense-fc/index/spielbericht/4648904
[3588321] Failed to scrape lineup: https://www.transfermarkt.co.uk/vfl-wolfsburg_borussia-dortmund/index/spielbericht/3588321
[3460359] Could not find attributes for christos lisgaras (Apollon Smyrnis, 2020)
[3432055] Could not find attributes for srdjan babic (Futebol Clube de Famalicão, 2020)
[3460359] Failed to build match row: Apollon Smyrnis vs Athlitiki Enosi Larisas
[4395218] Failed to scrape lineup: https://www.transfermarkt.co.uk/asfc-buzau-2016-2025-_fc-hermannstadt/index/spielbericht/4395218
[3432055] Failed to build match row: Futebol Clube de Famalicão vs Clube Desportivo Nacional
[4665038] Could not find attributes for kresimir krizmanic (Omilos Filathlon Irakliou FC, 2025)
[4665038] Failed to build match row: Omilos Filathlon Irakliou FC vs Athlitiki Enosi Larisas
[4788504] Could not find attributes for ezra mayers (West Ham United Football Club, 2025)
[4788504] Failed to build match row: West Ham United Football Club vs Queens Park Rangers

Keepers & outfield error for **Boavista FC** in Boavista FC vs Gil Vicente Futebol Clube: Numbers: 2 and 9.
[3869159] Failed to build match row: Boavista FC vs Gil Vicente Futebol Clube
[4363027] Could not find attributes for renato steffen (FC Lugano, 2024)
[4363027] Failed to build match row: FC Lugano vs FC Basel 1893 AG
[3840226] Could not find attributes for leny yoro (Lille Olympique Sporting Club, 2022)
[4445586] Failed to scrape lineup: https://www.transfermarkt.co.uk/spielbericht/index/spielbericht/4445586
[4370183] Failed to scrape lineup: https://www.transfermarkt.co.uk/beerschot-va_fcv-dender-eh/index/spielbericht/4370183
[3840226] Failed to build match row: Lille Olympique Sporting Club vs Olympique Lyonnais
[3923305] Could not find attributes for jaydan bradford (Deveronvale FC, 2022)
[3923305] Failed to build match row: Deveronvale FC vs East Kilbride FC
[3646323] Could not find attributes for bogdan karyukin (Dinamo Barnaul, 2021)
[3646323] Failed to build match row: Dinamo Barnaul vs Fakel Voronezh
[4727230] Failed to scrape lineup: https://www.transfermarkt.co.uk/melbourne-city-fc_perth-glory/index/spielbericht/4727230

Keepers & outfield error for **Genoa Cricket and Football Club** in Genoa Cricket and Football Club vs Atalanta Bergamasca Calcio S.p.a.: Numbers: 0 and 11.
[4641468] Failed to scrape lineup: https://www.transfermarkt.co.uk/nac-breda_az-alkmaar/index/spielbericht/4641468
[3460360] Failed to scrape lineup: https://www.transfermarkt.co.uk/paok-thessaloniki_ofi-crete-fc/index/spielbericht/3460360
[4103705] Failed to build match row: Genoa Cricket and Football Club vs Atalanta Bergamasca Calcio S.p.a.
[3432056] Failed to scrape lineup: https://www.transfermarkt.co.uk/cd-nacional_moreirense-fc/index/spielbericht/3432056
[4665039] Failed to scrape lineup: https://www.transfermarkt.co.uk/panathinaikos_aris-thessaloniki/index/spielbericht/4665039
[4407609] Failed to scrape lineup: https://www.transfermarkt.co.uk/real-valladolid-cf_fc-barcelona/index/spielbericht/4407609
[3611454] Could not find attributes for njegos petrovic (Granada CF, 2021)
[4709334] Could not find attributes for mikel villanueva (Al-Fayha FC, 2025)
[3838230] Failed to scrape lineup: https://www.transfermarkt.co.uk/manchester-city_fulham-fc/index/spielbericht/3838230
[3611454] Failed to build match row: Granada CF vs Levante Unión Deportiva S.A.D.
[3592232] Failed to scrape lineup: https://www.transfermarkt.co.uk/newcastle-united_liverpool-fc/index/spielbericht/3592232
[4709334] Failed to build match row: Al-Ettifaq Football Club vs Al-Fayha FC
[4808339] Could not find attributes for jackson porozo (Club Tijuana Xoloitzcuintles de Caliente, 2025)
[3869160] Failed to scrape lineup: https://www.transfermarkt.co.uk/casa-pia-ac_fc-porto/index/spielbericht/3869160
[4808339] Failed to build match row: Club Tijuana Xoloitzcuintles de Caliente vs Promotora del Club Pachuca S. A. de C. V.
[4788505] Failed to scrape lineup: https://www.transfermarkt.co.uk/spielbericht/index/spielbericht/4788505
[4514301] Could not find attributes for stefanos kapino (Fussballclub Winterthur, 2024)
[4514301] Failed to build match row: Fussballclub Winterthur vs Berner Sport Club Young Boys
[4366830] Could not find attributes for ivan susak (NK Slaven Belupo Koprivnica, 2024)
[4366830] Failed to build match row: NK Slaven Belupo Koprivnica vs NK Istra 1961
[4164100] Failed to scrape lineup: https://www.transfermarkt.co.uk/spielbericht/index/spielbericht/4164100
[4370184] Failed to scrape lineup: https://www.transfermarkt.co.uk/oud-heverlee-leuven_standard-liege/index/spielbericht/4370184
[4421068] Could not find attributes for ilya sukhoruchenko (Torpedo Vladimir, 2024)
[4421068] Failed to build match row: Torpedo Vladimir vs FC Murom
[4363028] Could not find attributes for miroslav stevanovic (Servette Football Club 1890 SA, 2024)
[4363028] Failed to build match row: Servette Football Club 1890 SA vs FC St. Gallen 1879
[3923307] Failed to scrape lineup: https://www.transfermarkt.co.uk/spielbericht/index/spielbericht/3923307
[4641469] Failed to scrape lineup: https://www.transfermarkt.co.uk/sparta-rotterdam_fc-twente-enschede/index/spielbericht/4641469
[3700935] Could not find attributes for ximo miralles (UD Logroñés, 2021)
[3700935] Failed to build match row: UD Llanera vs UD Logroñés
[4587152] Failed to scrape lineup: https://www.transfermarkt.co.uk/vancouver-whitecaps-fc_st-louis-city-sc/index/spielbericht/4587152
[3415260] Failed to scrape lineup: https://www.transfermarkt.co.uk/zulte-waregem_kvrs-waasland-sk-beveren/index/spielbericht/3415260
[3432057] Failed to scrape lineup: https://www.transfermarkt.co.uk/sporting-cp_fc-famalicao/index/spielbericht/3432057
[3592233] Failed to scrape lineup: https://www.transfermarkt.co.uk/norwich-city_arsenal-fc/index/spielbericht/3592233

Keepers & outfield error for **Clube Desportivo Santa Clara** in Clube Desportivo Santa Clara vs Rio Ave Futebol Clube: Numbers: 2 and 9.
[4648905] Failed to build match row: Clube Desportivo Santa Clara vs Rio Ave Futebol Clube
[4635111] Could not find attributes for yvon mvogo (Football Club Lorient-Bretagne Sud, 2025)
[4635111] Failed to build match row: Football Club Lorient-Bretagne Sud vs Toulouse Football Club
[3851301] Could not find attributes for mateo barac (KV Oostende, 2022)
[3851301] Failed to build match row: Koninklijke Racing Club Genk vs KV Oostende
[3588322] Could not find attributes for bastian oczipka (1. Fußballclub Union Berlin, 2021)
[3588322] Failed to build match row: Eintracht Frankfurt Fußball AG vs 1. Fußballclub Union Berlin
[4164101] Failed to scrape lineup: https://www.transfermarkt.co.uk/spielbericht/index/spielbericht/4164101
[3700936] Failed to scrape lineup: https://www.transfermarkt.co.uk/spielbericht/index/spielbericht/3700936
[3646324] Could not find attributes for evgeniy pomazan (Chayka Peschanokopskoye, 2021)
[3646324] Failed to build match row: Chayka Peschanokopskoye vs Torpedo Moscow

Keepers & outfield error for **Shamrock Rovers** in Shamrock Rovers vs APOEL Nicosia: Numbers: 0 and 11.
[4445587] Failed to build match row: Shamrock Rovers vs APOEL Nicosia

Keepers & outfield error for **Futebol Clube de Arouca** in Futebol Clube de Arouca vs Grupo Desportivo Estoril Praia: Numbers: 2 and 9.
[3869161] Failed to build match row: Futebol Clube de Arouca vs Grupo Desportivo Estoril Praia
[4129637] Could not find attributes for florin nita (Gaziantep Futbol Kulübü A.Ş., 2023)
[4129637] Failed to build match row: Galatasaray Spor Kulübü vs Gaziantep Futbol Kulübü A.Ş.
[3838231] Could not find attributes for serge aurier (Nottingham Forest Football Club, 2022)
[3838231] Failed to build match row: Nottingham Forest Football Club vs Brentford Football Club
[4514303] Could not find attributes for philip otele (FC Basel 1893 AG, 2024)
[4514303] Failed to build match row: FC Basel 1893 AG vs Football Club Lausanne-Sport
[4370185] Could not find attributes for bruninho (Cercle Brugge Koninklijke Sportvereniging, 2024)
[4370185] Failed to build match row: Club Brugge Koninklijke Voetbalvereniging vs Cercle Brugge Koninklijke Sportvereniging
[3432058] Could not find attributes for cristian devenish (Boavista FC, 2020)
[3432058] Failed to build match row: Sport Lisboa e Benfica vs Boavista FC
[3646325] Could not find attributes for alil magomedov (Legion-Dinamo Makhachkala, 2021)
[3646325] Failed to build match row: Legion-Dinamo Makhachkala vs Alania Vladikavkaz
[4587153] Could not find attributes for harbor miller (Los Angeles Galaxy, 2024)
[4587153] Failed to build match row: Los Angeles Galaxy vs Colorado Rapids

Keepers & outfield error for **Al-Kholood Club** in Al-Kholood Club vs Al-Hazem Sport Club: Numbers: 2 and 9.
[4709335] Failed to build match row: Al-Kholood Club vs Al-Hazem Sport Club
[4514304] Could not find attributes for kasim adams (Servette Football Club 1890 SA, 2024)
[4514304] Failed to build match row: Grasshopper Club Zürich vs Servette Football Club 1890 SA
[4363030] Could not find attributes for stefanos kapino (Fussballclub Winterthur, 2024)
[4395223] Could not find attributes for damjan djokovic (Fotbal Club CFR 1907 Cluj SA, 2024)
[4363030] Failed to build match row: Berner Sport Club Young Boys vs Fussballclub Winterthur
[3851302] Could not find attributes for gyrano kerk (Royal Antwerp Football Club, 2022)
[4395223] Failed to build match row: Fotbal Club Petrolul Ploiești vs Fotbal Club CFR 1907 Cluj SA
[3851302] Failed to build match row: Oud-Heverlee Leuven vs Royal Antwerp Football Club
[4646147] Could not find attributes for daniil khrypchuk (FK Kolos Kovalivka, 2025)
[4646147] Failed to build match row: FK Kolos Kovalivka vs SK Poltava
[4788506] Failed to scrape lineup: https://www.transfermarkt.co.uk/spielbericht/index/spielbericht/4788506
[4808340] Failed to scrape lineup: https://www.transfermarkt.co.uk/puebla-fc_queretaro-fc/index/spielbericht/4808340
[3602251] Could not find attributes for kiril fesyun (FK Kolos Kovalivka, 2021)
[4529734] Could not find attributes for bon cheul goo (Gangwon Football Club, 2024)
[4360348] Failed to scrape lineup: https://www.transfermarkt.co.uk/piast-gliwice_zaglebie-lubin/index/spielbericht/4360348
31
[4529734] Failed to build match row: Gangwon Football Club vs Suwon FC
[3602251] Failed to build match row: FK Kolos Kovalivka vs Chornomorets Odesa

Keepers & outfield error for **Shamrock Rovers** in Shamrock Rovers vs The New Saints: Numbers: 0 and 11.
[4445588] Failed to build match row: Shamrock Rovers vs The New Saints
[3646326] Could not find attributes for vadim ulyanov (Kairat Moscow ( -2022), 2021)
[3646326] Failed to build match row: Kairat Moscow ( -2022) vs Rotor Volgograd
[3700937] Could not find attributes for alvaro naveira (CD Arenteiro, 2021)
[3923309] Failed to scrape lineup: https://www.transfermarkt.co.uk/spielbericht/index/spielbericht/3923309
[3615125] Failed to scrape lineup: https://www.transfermarkt.co.uk/venezia-fc_as-roma/index/spielbericht/3615125
[3700937] Failed to build match row: CD Arenteiro vs SD Logroñés
[4641470] Failed to scrape lineup: https://www.transfermarkt.co.uk/fc-volendam_excelsior-rotterdam/index/spielbericht/4641470
[3415261] Failed to scrape lineup: https://www.transfermarkt.co.uk/sint-truidense-vv_kv-oostende-2024-/index/spielbericht/3415261

Keepers & outfield error for **FC Paços de Ferreira** in FC Paços de Ferreira vs Gil Vicente Futebol Clube: Numbers: 2 and 9.
[3869162] Failed to build match row: FC Paços de Ferreira vs Gil Vicente Futebol Clube
[4096271] Could not find attributes for mert komur (Fußball-Club Augsburg 1907, 2023)
[4096271] Failed to build match row: Bayer 04 Leverkusen Fußball vs Fußball-Club Augsburg 1907
[4648906] Failed to scrape lineup: https://www.transfermarkt.co.uk/sl-benfica_cd-nacional/index/spielbericht/4648906
[4129638] Could not find attributes for deniz ertas (Konyaspor, 2023)
[4129638] Failed to build match row: Konyaspor vs İstanbul Başakşehir Futbol Kulübü
[4587154] Could not find attributes for manu duah (San Diego Football Club, 2024)
[4587154] Failed to build match row: San Diego Football Club vs Portland Timbers
[4624711] Failed to scrape lineup: https://www.transfermarkt.co.uk/ac-sparta-prague_fc-banik-ostrava/index/spielbericht/4624711
[3432060] Could not find attributes for srdjan babic (Futebol Clube de Famalicão, 2020)
[3432060] Failed to build match row: Sport Lisboa e Benfica vs Futebol Clube de Famalicão
[3646327] Could not find attributes for denis shebanov (FK Saransk ( -2022), 2021)
[3646327] Failed to build match row: FK Saransk ( -2022) vs FK Baltika
[3889222] Could not find attributes for chris shields (Linfield FC, 2022)
[3889222] Failed to build match row: Linfield FC vs FC Zürich
Not enough players found for lineup: 0, 0.
[4808341] Could not find attributes for oussama idrissi (Promotora del Club Pachuca S. A. de C. V., 2025)
[3426659] Could not find attributes for zvonimir sarlija (MKE Ankaragücü, 2020)

Keepers & outfield error for **Shamrock Rovers** in Shamrock Rovers vs FK Borac Banja Luka: Numbers: 0 and 11.
[3923310] Failed to scrape lineup: https://www.transfermarkt.co.uk/spielbericht/index/spielbericht/3923310
A. C.
[4709336] Could not find attributes for kewin (Damac Football Club, 2025)
[3426659] Failed to build match row: MKE Ankaragücü vs Erzurumspor FK
[4445589] Failed to build match row: Shamrock Rovers vs FK Borac Banja Luka
[3497860] Could not find attributes for karlos mahugo (UD Mutilvera, 2020)
[4709336] Failed to build match row: Damac Football Club vs Al-Najma Sport Club
[3497860] Failed to build match row: UD Mutilvera vs Real Betis Balompié S.A.D.
[3869163] Could not find attributes for kiko bondoso (FC Vizela, 2022)
[4646148] Could not find attributes for oleg bilyk (Epicentr Dunaivtsi, 2025)
[3869163] Failed to build match row: FC Vizela vs Rio Ave Futebol Clube
[4646148] Failed to build match row: Epicentr Dunaivtsi vs FC Oleksandriya
[4096272] Could not find attributes for marcel schuhen (SV Darmstadt 98, 2023)
[4096272] Failed to build match row: Borussia Dortmund vs SV Darmstadt 98
[3602252] Could not find attributes for dmytro matsapura (FC Zorya Lugansk, 2021)
[3602252] Failed to build match row: FC Zorya Lugansk vs Desna Chernigiv

Keepers & outfield error for **Wolverhampton Wanderers Football Club** in Wolverhampton Wanderers Football Club vs Liverpool Football Club: Numbers: 0 and 11.
[4421069] Failed to scrape lineup: https://www.transfermarkt.co.uk/spielbericht/index/spielbericht/4421069
[4407611] Failed to scrape lineup: https://www.transfermarkt.co.uk/rayo-vallecano_getafe-cf/index/spielbericht/4407611

Keepers & outfield error for **Gil Vicente Futebol Clube** in Gil Vicente Futebol Clube vs Casa Pia Atlético Clube: Numbers: 2 and 9.
[3838232] Failed to scrape lineup: https://www.transfermarkt.co.uk/southampton-fc_newcastle-united/index/spielbericht/3838232
[4103706] Failed to scrape lineup: https://www.transfermarkt.co.uk/juventus-fc_udinese-calcio/index/spielbericht/4103706
[4648907] Failed to build match row: Gil Vicente Futebol Clube vs Casa Pia Atlético Clube
[3615126] Could not find attributes for svetozar markovic (Olympiakos Syndesmos Filathlon Peiraios, 2021)
[3840229] Failed to scrape lineup: https://www.transfermarkt.co.uk/ac-ajaccio_as-monaco/index/spielbericht/3840229
[3615126] Failed to build match row: Olympiakos Syndesmos Filathlon Peiraios vs Neftchi Baku
ex/spielbericht/3851303
[3460361] Could not find attributes for lefteris choutesiotis (PAS Giannina, 2020)
[3460361] Failed to build match row: PAS Giannina vs Olympiakos Syndesmos Filathlon Peiraios
[4395225] Could not find attributes for cosmin matei (Sepsi OSK Sf. Gheorghe, 2024)
[4395225] Failed to build match row: Sepsi OSK Sf. Gheorghe vs SC Fotbal Club FCSB SA
[4164102] Could not find attributes for cesare casadei (Leicester City, 2022)
[4164102] Failed to build match row: Tranmere Rovers vs Leicester City
[4375287] Failed to scrape lineup: https://www.transfermarkt.co.uk/wolfsberger-ac_wsg-tirol/index/spielbericht/4375287
[4529736] Could not find attributes for jae seok yoon (Ulsan Hyundai Football Club, 2024)
[4529736] Failed to build match row: Ulsan Hyundai Football Club vs Football Club Pohang Steelers
[4641471] Could not find attributes for dylan mertens (Sportclub Telstar, 2025)
[4641471] Failed to build match row: Football Club Groningen vs Sportclub Telstar
[3450523] Could not find attributes for benaissa benamar (Football Club Utrecht, 2020)
[3450523] Failed to build match row: Vitesse Arnhem vs Football Club Utrecht
[4514306] Could not find attributes for steven zuber (FC Zürich, 2024)
[4514306] Failed to build match row: FC Zürich vs Yverdon Sport FC

Keepers & outfield error for **Villarreal Club de Fútbol S.A.D.** in Villarreal Club de Fútbol S.A.D. vs Club Atlético Osasuna: Numbers: 0 and 11.
[4407612] Failed to build match row: Villarreal Club de Fútbol S.A.D. vs Club Atlético Osasuna
[4648908] Failed to scrape lineup: https://www.transfermarkt.co.uk/cd-tondela_cd-nacional/index/spielbericht/4648908
[3851304] Failed to scrape lineup: https://www.transfermarkt.co.uk/zulte-waregem_kv-kortrijk/index/spielbericht/3851304
[4094701] Failed to scrape lineup: https://www.transfermarkt.co.uk/fc-nantes_ogc-nice/index/spielbericht/4094701
[3611459] Could not find attributes for njegos petrovic (Granada CF, 2021)
[3611459] Failed to build match row: Club Atlético de Madrid S.A.D. vs Granada CF
[3460362] Could not find attributes for dimitrios goutas (APS Atromitos Athinon, 2020)
[3460362] Failed to build match row: APS Atromitos Athinon vs Athlitiki Enosi Konstantinoupoleos

Keepers & outfield error for **Wolverhampton Wanderers Football Club** in West Ham United Football Club vs Wolverhampton Wanderers Football Club: Numbers: 0 and 11.
[4626117] Failed to build match row: West Ham United Football Club vs Wolverhampton Wanderers Football Club
[3497861] Could not find attributes for primi ferriz (CD Alcoyano, 2020)
[3497861] Failed to build match row: CD Alcoyano vs SD Huesca

Keepers & outfield error for **Futebol Clube de Arouca** in Futebol Clube de Arouca vs Sport Lisboa e Benfica: Numbers: 2 and 9.
[3869164] Failed to build match row: Futebol Clube de Arouca vs Sport Lisboa e Benfica
[4646149] Could not find attributes for yuriy volodymyr gereta (FC Rukh Lviv, 2025)
[4646149] Failed to build match row: FC Rukh Lviv vs FK Karpaty Lviv

Keepers & outfield error for **AFC Wimbledon** in AFC Wimbledon vs Coventry City: Numbers: 2 and 9.
[4097108] Failed to build match row: AFC Wimbledon vs Coventry City
[3700938] Could not find attributes for andoni ugarte (CD Calahorra, 2021)
[3432061] Could not find attributes for cristian devenish (Boavista FC, 2020)
[4370188] Could not find attributes for rob schoofs (Yellow-Red Koninklijke Voetbalclub Mechelen, 2024)
[4648909] Failed to scrape lineup: https://www.transfermarkt.co.uk/cd-santa-clara_sc-braga/index/spielbericht/4648909
[3432061] Failed to build match row: Boavista FC vs Gil Vicente Futebol Clube
[4665040] Could not find attributes for francisco tinaglini (Panserraikos Serres, 2025)
[3700938] Failed to build match row: CD Calahorra vs CD Atlético Baleares
[4370188] Failed to build match row: Yellow-Red Koninklijke Voetbalclub Mechelen vs Royal Charleroi Sporting Club
[4665040] Failed to build match row: Panserraikos Serres vs Olympiakos Syndesmos Filathlon Peiraios
[3840230] Could not find attributes for kiki kouyate (Montpellier HSC, 2022)
[4129639] Could not find attributes for eray ozbek (Kayserispor Kulübü, 2023)
[4129639] Failed to build match row: Kayserispor Kulübü vs Antalyaspor

Keepers & outfield error for **Jeju SK Football Club** in Jeju SK Football Club vs Gangwon Football Club: Numbers: 0 and 11.
[4529738] Failed to build match row: Jeju SK Football Club vs Gangwon Football Club
[3840230] Failed to build match row: Montpellier HSC vs Clermont Foot 63
[4225550] Could not find attributes for igor akinfeev (PFK CSKA Moskva, 2023)
[3460363] Failed to scrape lineup: https://www.transfermarkt.co.uk/pas-lamia-1964_volos-nps/index/spielbericht/3460363
[4164103] Could not find attributes for andy lyons (Blackpool FC, 2022)
[4395226] Could not find attributes for dragan lovric (ASFC Buzau (2016-2025), 2024)
[4225550] Failed to build match row: PFK CSKA Moskva vs FK Rostov
[4395226] Failed to build match row: ASFC Buzau (2016-2025) vs F.C.V. Farul Constanța SA
[3646328] Could not find attributes for dmitriy kudinov (Znamya Noginsk, 2021)
[4164103] Failed to build match row: Wolverhampton Wanderers Football Club vs Blackpool FC
[4366832] Could not find attributes for elvir durakovic (HNK Sibenik, 2024)
[3889223] Could not find attributes for oleg reabciuk (Olympiakos Syndesmos Filathlon Peiraios, 2022)
[3602253] Could not find attributes for vitinho (Futbolniy Klub Dynamo Kyiv, 2021)
[3646328] Failed to build match row: Znamya Noginsk vs Enisey Krasnoyarsk
[4366832] Failed to build match row: HNK Sibenik vs NK Varazdin
[4646150] Failed to scrape lineup: https://www.transfermarkt.co.uk/zorya-lugansk_nk-veres-rivne/index/spielbericht/4646150
[3889223] Failed to build match row: Olympiakos Syndesmos Filathlon Peiraios vs Slovan Bratislava
[4624712] Could not find attributes for stanislav dostal (FC Trinity Zlin, 2025)
[3602253] Failed to build match row: Futbolniy Klub Dynamo Kyiv vs FC Shakhtar Donetsk
[4641472] Could not find attributes for mohamed ihattaren (Fortuna Sittardia Combinatie, 2025)
[3450524] Could not find attributes for jan paul van hecke (Sportclub Heerenveen, 2020)
[4624712] Failed to build match row: FC Trinity Zlin vs FC Viktoria Plzeň, a.s.

Keepers & outfield error for **Manchester United Football Club** in Manchester United Football Club vs Tottenham Hotspur Football Club: Numbers: 3 and 8.
[4641472] Failed to build match row: Fortuna Sittardia Combinatie vs Football Club Utrecht

Keepers & outfield error for **Club Tigres UANL Sinergia Deportiva S.A. de C.V.** in Club Tigres UANL Sinergia Deportiva S.A. de C.V. vs Mazatlán Futbol Club: Numbers: 0 and 11.
[3450524] Failed to build match row: AFC Ajax Amsterdam vs Sportclub Heerenveen
[3592236] Failed to build match row: Manchester United Football Club vs Tottenham Hotspur Football Club
[4587155] Could not find attributes for jayden hibbert (Atlanta United Football Club, 2024)
Not enough players found for lineup: 11, 0.
[4808342] Failed to build match row: Club Tigres UANL Sinergia Deportiva S.A. de C.V. vs Mazatlán Futbol Club
[3615127] Could not find attributes for stas pokatilov (Kairat Almaty, 2021)
[4094702] Failed to build match row: Le Havre Athletic Club vs Paris Saint-Germain Football Club
[4587155] Failed to build match row: Atlanta United Football Club vs Toronto FC
[3923311] Failed to scrape lineup: https://www.transfermarkt.co.uk/spielbericht/index/spielbericht/3923311
[3615127] Failed to build match row: Kairat Almaty vs Fudbalski klub Crvena zvezda Beograd
[4363031] Could not find attributes for steven zuber (FC Zürich, 2024)
[4363031] Failed to build match row: FC Zürich vs Yverdon Sport FC
[4370189] Could not find attributes for ousseynou niang (Royale Union Saint-Gilloise, 2024)
[4370189] Failed to build match row: Royale Union Saint-Gilloise vs KV Kortrijk

Keepers & outfield error for **Futebol Clube de Famalicão** in Futebol Clube de Famalicão vs Grupo Desportivo Estoril Praia: Numbers: 0 and 11.
[3869165] Failed to build match row: Futebol Clube de Famalicão vs Grupo Desportivo Estoril Praia

Keepers & outfield error for **Sporting Clube de Portugal** in AVS Futebol SAD vs Sporting Clube de Portugal: Numbers: 2 and 9.
[4648910] Failed to build match row: AVS Futebol SAD vs Sporting Clube de Portugal
[4360351] Could not find attributes for bujar pllana (Klub Sportowy Lechia Gdańsk, 2024)
[4360351] Failed to build match row: Klub Sportowy Górnik Zabrze Sportowa Spółka Akcyjna vs Klub Sportowy Lechia Gdańsk
[3426660] Could not find attributes for robin yalcin (Sivasspor, 2020)
[4225551] Failed to scrape lineup: https://www.transfermarkt.co.uk/fc-krasnodar_fc-orenburg/index/spielbericht/4225551
[3426660] Failed to build match row: Sivasspor vs Alanyaspor
[4529739] Could not find attributes for thomas oude kotte (Football Club Anyang, 2024)
[4529739] Failed to build match row: Football Club Anyang vs Football Club Seoul
[4727231] Could not find attributes for marcel tisserand (Sydney Football Club, 2025)
[4727231] Failed to build match row: Sydney Football Club vs Central Coast Mariners Football Club
[3869166] Failed to scrape lineup: https://www.transfermarkt.co.uk/vitoria-guimaraes-sc_gd-chaves/index/spielbericht/3869166
[3999706] Could not find attributes for jamie andrews (West Bromwich Albion, 2022)
[3999706] Failed to build match row: West Bromwich Albion vs Chesterfield FC
[4587156] Could not find attributes for idan toklomati (Charlotte Football Club, 2024)
[4587156] Failed to build match row: Charlotte Football Club vs Red Bull New York
[4709337] Could not find attributes for mateo borrell (Al-Okhdood Club, 2025)
[4709337] Failed to build match row: Al-Okhdood Club vs Al-Shabab Club
[4225552] Could not find attributes for ilya lantratov (Футбольный клуб "Локомотив" Москва, 2023)
[4225552] Failed to build match row: Футбольный клуб "Локомотив" Москва vs AO FK Zenit Sankt-Peterburg
[4366834] Could not find attributes for marko malenica (NK Osijek s.d.d., 2024)
[4366834] Failed to build match row: NK Osijek s.d.d. vs NK Slaven Belupo Koprivnica
[4646151] Could not find attributes for oleksiy palamarchuk (LNZ Cherkasy, 2025)
[4514308] Could not find attributes for bung meng freimann (FC Luzern, 2024)
[4646151] Failed to build match row: LNZ Cherkasy vs TOV FK Metalist 1925 Kharkiv
[4514308] Failed to build match row: FC Luzern vs FC Sion
[3602254] Could not find attributes for vladyslav kucheruk (Chornomorets Odesa, 2021)
[3602254] Failed to build match row: Chornomorets Odesa vs NK Veres Rivne
[4624713] Could not find attributes for jakub lapes (MFK Karvina, 2025)

Keepers & outfield error for **Football Club Lorient-Bretagne Sud** in Olympique Gymnaste Club Nice Côte d'Azur vs Football Club Lorient-Bretagne Sud: Numbers: 0 and 11.
[4624713] Failed to build match row: MFK Karvina vs 1. FC Slovácko
[3840231] Failed to build match row: Olympique Gymnaste Club Nice Côte d'Azur vs Football Club Lorient-Bretagne Sud
[3415265] Could not find attributes for ike ugbo (Cercle Brugge Koninklijke Sportvereniging, 2020)
[4648911] Could not find attributes for antef tsoungui (Grupo Desportivo Estoril Praia, 2025)
[3415265] Failed to build match row: Cercle Brugge Koninklijke Sportvereniging vs KV Kortrijk
[4648911] Failed to build match row: Grupo Desportivo Estoril Praia vs Futebol Clube de Famalicão
[4808343] Could not find attributes for richard ledezma (Club Deportivo Guadalajara S. A. de C. V., 2025)
[4808343] Failed to build match row: Club Deportivo Guadalajara S. A. de C. V. vs Club Tijuana Xoloitzcuintles de Caliente
[3889224] Could not find attributes for gregor sikosek (NK Maribor, 2022)
[3889224] Failed to build match row: NK Maribor vs HJK Helsinki
[4445592] Could not find attributes for lovro stubljar (NK Celje, 2024)
[4445592] Failed to build match row: Real Betis Balompié S.A.D. vs NK Celje
[4421070] Could not find attributes for sergey eshchenko (Avangard Kursk, 2024)
[4421070] Failed to build match row: Avangard Kursk vs FC Orel
[4129640] Failed to scrape lineup: https://www.transfermarkt.co.uk/sivasspor_besiktas-jk/index/spielbericht/4129640
[4225553] Failed to scrape lineup: https://www.transfermarkt.co.uk/akhmat-grozny_spartak-moscow/index/spielbericht/4225553
[3700939] Could not find attributes for lolo gonzalez (Extremadura UD, 2021)
[3700939] Failed to build match row: Extremadura UD vs Zamora CF
[3646329] Failed to scrape lineup: https://www.transfermarkt.co.uk/spielbericht/index/spielbericht/3646329
[3432062] Could not find attributes for stanislav kritsyuk (B SAD, 2020)
[3432062] Failed to build match row: B SAD vs Clube Desportivo Santa Clara
[4366835] Could not find attributes for niko galesic (GNK Dinamo Zagreb, 2024)
[4395227] Could not find attributes for hervin ongenda (Asociația Fotbal Club Botoșani, 2024)
[4366835] Failed to build match row: GNK Dinamo Zagreb vs HNK Hajduk Split
[4529749] Could not find attributes for hyeon seo han (Football Club Pohang Steelers, 2024)
[4395227] Failed to build match row: SC Dinamo 1948 SA vs Asociația Fotbal Club Botoșani
[4529749] Failed to build match row: Football Club Pohang Steelers vs Suwon FC

Keepers & outfield error for **Nooit Opgeven Altijd Doorzetten Aangenaam Door Vermaak En Nuttig Door Ontspanning Combinatie Breda** in Nooit Opgeven Altijd Doorzetten Aangenaam Door Vermaak En Nuttig Door Ontspanning Combinatie Breda vs Heracles Almelo: Numbers: 2 and 9.
[4421071] Failed to scrape lineup: https://www.transfermarkt.co.uk/spielbericht/index/spielbericht/4421071
[4113152] Could not find attributes for chris ramos (Cádiz CF, 2023)
[3611462] Could not find attributes for manu garcia (Alaves, 2021)
[4641473] Failed to build match row: Nooit Opgeven Altijd Doorzetten Aangenaam Door Vermaak En Nuttig Door Ontspanning Combinatie Breda vs Heracles Almelo
[4113152] Failed to build match row: Celta vs Cádiz CF
[3869167] Could not find attributes for xadas (CS Marítimo, 2022)
[4587157] Could not find attributes for kalani kossa rienzi (Seattle Sounders FC, 2024)
[3615129] Could not find attributes for danilo arboleda (FC Sheriff Tiraspol, 2021)
[3611462] Failed to build match row: Real Club Deportivo Mallorca S.A.D. vs Alaves
[4514309] Could not find attributes for kasim adams (Servette Football Club 1890 SA, 2024)
[3869167] Failed to build match row: CS Marítimo vs Futebol Clube do Porto
[3615129] Failed to build match row: FC Sheriff Tiraspol vs Alashkert Yerevan FC
[4514309] Failed to build match row: Servette Football Club 1890 SA vs Fussballclub Winterthur
[4587157] Failed to build match row: Seattle Sounders FC vs Sporting Kansas City

Keepers & outfield error for **Futebol Clube do Porto** in Club Football Estrela da Amadora vs Futebol Clube do Porto: Numbers: 0 and 11.
[4648912] Failed to build match row: Club Football Estrela da Amadora vs Futebol Clube do Porto
[4709338] Could not find attributes for anthony moris (Al-Khaleej Club (Saihat), 2025)
[4709338] Failed to build match row: Al-Nassr Football Club vs Al-Khaleej Club (Saihat)
[4094704] Could not find attributes for jean kevin duverne (Football Club de Nantes, 2023)
[4445593] Could not find attributes for veljko ilic (Fudbalski klub TSC Bačka Topola, 2024)
[4094704] Failed to build match row: Paris Saint-Germain Football Club vs Football Club de Nantes
[4445593] Failed to build match row: Fudbalski klub TSC Bačka Topola vs Legia Warszawa Spółka Akcyjna
[3925098] Failed to scrape lineup: https://www.transfermarkt.co.uk/spielbericht/index/spielbericht/3925098
[4370190] Failed to scrape lineup: https://www.transfermarkt.co.uk/krc-genk_kv-mechelen/index/spielbericht/4370190
[4626119] Failed to scrape lineup: https://www.transfermarkt.co.uk/brentford-fc_fulham-fc/index/spielbericht/4626119
[4000509] Could not find attributes for konstantinos koulierakis (Panthessalonikios Athlitikos Omilos Konstantinoupoliton, 2022)
[4000509] Failed to build match row: Panthessalonikios Athlitikos Omilos Konstantinoupoliton vs Panathinaikos Athlitikos Omilos
[4129641] Could not find attributes for ali kaan guneren (MKE Ankaragücü, 2023)
[4129641] Failed to build match row: Fenerbahçe Spor Kulübü vs MKE Ankaragücü
[4225554] Could not find attributes for igor leshchuk (FK Dinamo Moskva, 2023)
[4225554] Failed to build match row: FK Dinamo Moskva vs FC Rubin Kazan
[3432063] Failed to scrape lineup: https://www.transfermarkt.co.uk/fc-famalicao_sc-braga/index/spielbericht/3432063
[3602255] Could not find attributes for oleg kudryk (FK Mariupol, 2021)
[3602255] Failed to build match row: FK Mariupol vs TOV FK Metalist 1925 Kharkiv
[3851306] Could not find attributes for nikola stulic (Royal Charleroi Sporting Club, 2022)
[3851306] Failed to build match row: Royal Charleroi Sporting Club vs St Truiden
[4529750] Failed to scrape lineup: https://www.transfermarkt.co.uk/daejeon-hana-citizen_fc-seoul/index/spielbericht/4529750
[3615130] Could not find attributes for kristijan kahlina (Ludogorets Razgrad, 2021)
[3615130] Failed to build match row: Ludogorets Razgrad vs NS Mura
[4366836] Could not find attributes for slavko bralic (HNK Gorica, 2024)
[4366836] Failed to build match row: HNK Gorica vs Hrvatski Nogometni Klub Rijeka
[4624714] Failed to scrape lineup: https://www.transfermarkt.co.uk/fk-pardubice_fk-teplice/index/spielbericht/4624714
[3592239] Failed to scrape lineup: https://www.transfermarkt.co.uk/norwich-city_manchester-city/index/spielbericht/3592239
[3840232] Failed to scrape lineup: https://www.transfermarkt.co.uk/olympique-lyon_fc-nantes/index/spielbericht/3840232
[3646330] Could not find attributes for anatoliy malashenko (Dinamo Stavropol, 2021)
[3646330] Failed to build match row: Dinamo Stavropol vs FC Orenburg
[4370191] Failed to scrape lineup: https://www.transfermarkt.co.uk/kaa-gent_oud-heverlee-leuven/index/spielbericht/4370191
[3889225] Could not find attributes for kenan piric (AEK Larnaca, 2022)
[3889225] Failed to build match row: AEK Larnaca vs Fudbalski Klub Partizan Beograd
[4665041] Could not find attributes for vasilios chatziemmanouil (A.G.S Asteras Tripolis, 2025)
[4665041] Failed to build match row: Panthessalonikios Athlitikos Omilos Konstantinoupoliton vs A.G.S Asteras Tripolis
[3432064] Failed to scrape lineup: https://www.transfermarkt.co.uk/cd-nacional_sc-braga/index/spielbericht/3432064
[3851307] Failed to scrape lineup: https://www.transfermarkt.co.uk/kas-eupen_cercle-brugge/index/spielbericht/3851307
[4646152] Could not find attributes for anton yashkov (FK Kudrivka-1, 2025)
[4646152] Failed to build match row: FK Kudrivka-1 vs FC Shakhtar Donetsk
[4514310] Could not find attributes for renato steffen (FC Lugano, 2024)
[4000510] Could not find attributes for konstantinos tzolakis (Olympiakos Syndesmos Filathlon Peiraios, 2022)
[4514310] Failed to build match row: Berner Sport Club Young Boys vs FC Lugano
[4000510] Failed to build match row: Olympiakos Syndesmos Filathlon Peiraios vs Aris Thessalonikis
[3700940] Could not find attributes for dragan rosic (Albacete Balompié, 2021)
[3700940] Failed to build match row: Albacete Balompié vs Racing Ferrol
[3646599] Failed to scrape lineup: https://www.transfermarkt.co.uk/spielbericht/index/spielbericht/3646599
[4587158] Could not find attributes for jovan lukic (Philadelphia Union, 2024)
[4366837] Could not find attributes for martin zlomislic (Hrvatski Nogometni Klub Rijeka, 2024)
[4366837] Failed to build match row: Hrvatski Nogometni Klub Rijeka vs HNK Sibenik
[4587158] Failed to build match row: Football Club Cincinnati vs Philadelphia Union

Keepers & outfield error for **Al-Taawoun Football Club** in Al-Taawoun Football Club vs Neom Sports Club: Numbers: 2 and 9.
[4709339] Failed to build match row: Al-Taawoun Football Club vs Neom Sports Club
[4375288] Failed to scrape lineup: https://www.transfermarkt.co.uk/rapid-vienna_lask/index/spielbericht/4375288
[3925141] Failed to scrape lineup: https://www.transfermarkt.co.uk/spielbericht/index/spielbericht/3925141
[4445594] Could not find attributes for veljko ilic (Fudbalski klub TSC Bačka Topola, 2024)
[4445594] Failed to build match row: Fudbalski klub TSC Bačka Topola vs FC Lugano
[4129642] Could not find attributes for salvatore sirigu (Fatih Karagümrük Sportif Faaliyetler San. Tic. A.Ş., 2023)
[4129642] Failed to build match row: Fatih Karagümrük Sportif Faaliyetler San. Tic. A.Ş. vs Çaykur Rizespor Kulübü

Keepers & outfield error for **Adelaide United Football Club** in Macarthur South West Sydney (A-League) vs Adelaide United Football Club: Numbers: 0 and 11.
[4727233] Failed to build match row: Macarthur South West Sydney (A-League) vs Adelaide United Football Club
[4648913] Could not find attributes for nabil touaizi (Futebol Clube de Alverca, 2025)
[4648913] Failed to build match row: Futebol Clube de Alverca vs Futebol Clube de Arouca
[4646153] Failed to scrape lineup: https://www.transfermarkt.co.uk/polissya-zhytomyr_obolon-kyiv/index/spielbericht/4646153
[3611463] Could not find attributes for mikel vesga (Athletic Club Bilbao, 2021)
[3611463] Failed to build match row: Cádiz CF vs Athletic Club Bilbao
[4225555] Could not find attributes for ilya lantratov (Футбольный клуб "Локомотив" Москва, 2023)
[4225555] Failed to build match row: Футбольный клуб "Локомотив" Москва vs Ural Yekaterinburg
[4514311] Failed to scrape lineup: https://www.transfermarkt.co.uk/fc-basel-1893_fc-sion/index/spielbericht/4514311
[4000511] Failed to scrape lineup: https://www.transfermarkt.co.uk/spielbericht/index/spielbericht/4000511
[4624715] Could not find attributes for jiri floder (FK Mladá Boleslav, a.s., 2025)
[4624715] Failed to build match row: FK Mladá Boleslav, a.s. vs FK Jablonec a.s.
[4094705] Could not find attributes for daler kuzyaev (Le Havre Athletic Club, 2023)
[4094705] Failed to build match row: Racing Club de Strasbourg Alsace vs Le Havre Athletic Club
[3426661] Could not find attributes for kevin varga (Kasımpaşa A.Ş., 2020)
[3426661] Failed to build match row: Kayserispor Kulübü vs Kasımpaşa A.Ş.
[4113154] Failed to scrape lineup: https://www.transfermarkt.co.uk/ca-osasuna_athletic-bilbao/index/spielbericht/4113154

Keepers & outfield error for **AFC Ajax Amsterdam** in Eindhovense Voetbalvereniging Philips Sport Vereniging vs AFC Ajax Amsterdam: Numbers: 2 and 9.
[4641475] Failed to build match row: Eindhovense Voetbalvereniging Philips Sport Vereniging vs AFC Ajax Amsterdam
[4363036] Could not find attributes for stefanos kapino (Fussballclub Winterthur, 2024)
[4363036] Failed to build match row: Fussballclub Winterthur vs FC Lugano
[4407613] Could not find attributes for alvaro garcia pascual (Sevilla Fútbol Club S.A.D., 2024)
[4407613] Failed to build match row: Sevilla Fútbol Club S.A.D. vs CD Leganés
[4370192] Could not find attributes for loic mbe soh (Beerschot VA, 2024)
[4370192] Failed to build match row: Royal Antwerp Football Club vs Beerschot VA
[4129643] Failed to scrape lineup: https://www.transfermarkt.co.uk/gaziantep-fk_kayserispor/index/spielbericht/4129643
[3497862] Failed to scrape lineup: https://www.transfermarkt.co.uk/spielbericht/index/spielbericht/3497862
[3615131] Could not find attributes for radovan pankov (Fudbalski klub Crvena zvezda Beograd, 2021)
[4665042] Could not find attributes for lefteris choutesiotis (APS Atromitos Athinon, 2025)
[3615131] Failed to build match row: Fudbalski klub Crvena zvezda Beograd vs Kairat Almaty
[3840233] Could not find attributes for desire doue (Rennes, 2022)
[4665042] Failed to build match row: APS Atromitos Athinon vs Panserraikos Serres
[4514313] Failed to scrape lineup: https://www.transfermarkt.co.uk/fc-lausanne-sport_servette-fc/index/spielbericht/4514313
[3840233] Failed to build match row: Paris Saint-Germain Football Club vs Rennes
[4103709] Could not find attributes for dean huijsen (Associazione Sportiva Roma, 2023)
[4103709] Failed to build match row: Associazione Sportiva Roma vs Football Club Internazionale Milano S.p.A.
[4788510] Could not find attributes for alfie gilchrist (West Bromwich Albion, 2025)
[4788510] Failed to build match row: Swansea City vs West Bromwich Albion
[4641476] Failed to scrape lineup: https://www.transfermarkt.co.uk/sc-heerenveen_nec-nijmegen/index/spielbericht/4641476
[3889226] Could not find attributes for ertugrul cetin (Fenerbahçe Spor Kulübü, 2022)
[3889226] Failed to build match row: Fenerbahçe Spor Kulübü vs 1. FC Slovácko
[4370193] Failed to scrape lineup: https://www.transfermarkt.co.uk/standard-liege_kvc-westerlo/index/spielbericht/4370193

Keepers & outfield error for **Casa Pia Atlético Clube** in Casa Pia Atlético Clube vs Clube Desportivo Santa Clara: Numbers: 0 and 11.
[3869169] Failed to build match row: Casa Pia Atlético Clube vs Clube Desportivo Santa Clara

Keepers & outfield error for **Club Internacional de Fútbol Miami** in Club Internacional de Fútbol Miami vs Chicago Fire Soccer Club: Numbers: 0 and 11.
[4164106] Failed to scrape lineup: https://www.transfermarkt.co.uk/spielbericht/index/spielbericht/4164106
[4587159] Failed to build match row: Club Internacional de Fútbol Miami vs Chicago Fire Soccer Club
[3497863] Failed to scrape lineup: https://www.transfermarkt.co.uk/spielbericht/index/spielbericht/3497863
[4709340] Could not find attributes for nacho fernandez (Al-Qadsiah Saudi Football Club, 2025)
[4709340] Failed to build match row: Al-Qadsiah Saudi Football Club vs Al-Kholood Club
[3611464] Could not find attributes for aleix vidal (Espanol, 2021)
[3611464] Failed to build match row: Espanol vs Rayo Vallecano de Madrid S. A. D.
[4646154] Could not find attributes for oleksandr kemkin (FK Kryvbas Kryvyi Rig, 2025)
[4646154] Failed to build match row: FK Kryvbas Kryvyi Rig vs Futbolniy Klub Dynamo Kyiv
[4665043] Failed to scrape lineup: https://www.transfermarkt.co.uk/volos-nfc_aris-thessaloniki/index/spielbericht/4665043
[4421072] Could not find attributes for nikita yavorskiy (Metallurg Lipetsk, 2024)
[4421072] Failed to build match row: Metallurg Lipetsk vs Zenit Penza
[3851309] Failed to scrape lineup: https://www.transfermarkt.co.uk/kaa-gent_kas-eupen/index/spielbericht/3851309
[4514314] Failed to scrape lineup: https://www.transfermarkt.co.uk/fc-lugano_fc-zurich/index/spielbericht/4514314
[4529751] Could not find attributes for byeong keun hwang (Football Club Anyang, 2024)
[4529751] Failed to build match row: Football Club Anyang vs Daegu FC
[3840234] Failed to scrape lineup: https://www.transfermarkt.co.uk/rc-lens_angers-sco/index/spielbericht/3840234
[4445595] Could not find attributes for veljko ilic (Fudbalski klub TSC Bačka Topola, 2024)
[4366838] Could not find attributes for michele sego (HNK Hajduk Split, 2024)
[3889227] Failed to scrape lineup: https://www.transfermarkt.co.uk/spielbericht/index/spielbericht/3889227
[4445595] Failed to build match row: Fudbalski klub TSC Bačka Topola vs FC Noah Yerevan
[4366838] Failed to build match row: HNK Hajduk Split vs HNK Gorica
[4363037] Could not find attributes for marley ake (Yverdon Sport FC, 2024)
[4363037] Failed to build match row: Yverdon Sport FC vs Servette Football Club 1890 SA
[4370194] Failed to scrape lineup: https://www.transfermarkt.co.uk/cercle-brugge-_sint-truidense-vv/index/spielbericht/4370194
[4225556] Could not find attributes for aleksandr maksimenko (FK Spartak Moskva, 2023)
[4225556] Failed to build match row: FK Spartak Moskva vs PFK Krylya Sovetov Samara
[4635116] Could not find attributes for tylel tati (Football Club de Nantes, 2025)
[4635116] Failed to build match row: Football Club de Nantes vs Football Club Lorient-Bretagne Sud
[4129644] Could not find attributes for ousseynou ba (İstanbul Başakşehir Futbol Kulübü, 2023)
[4129644] Failed to build match row: İstanbul Başakşehir Futbol Kulübü vs Istanbulspor
[4624716] Could not find attributes for matous trmal (FK Teplice, a.s., 2025)
[4624716] Failed to build match row: FK Teplice, a.s. vs FK Dukla Praha a.s.
[3646600] Could not find attributes for artem koveshnikov (Torpedo Vladimir, 2021)
[3646600] Failed to build match row: Torpedo Vladimir vs Ural Yekaterinburg
[3851310] Could not find attributes for gyrano kerk (Royal Antwerp Football Club, 2022)
[4445596] Failed to scrape lineup: https://www.transfermarkt.co.uk/spielbericht/index/spielbericht/4445596
[4407614] Could not find attributes for maroan sannadi (Athletic Club Bilbao, 2024)
[3851310] Failed to build match row: Royal Antwerp Football Club vs Royal Charleroi Sporting Club
[4407614] Failed to build match row: Athletic Club Bilbao vs UD Las Palmas
[3838238] Could not find attributes for joao palhinha (Fulham Football Club, 2022)
[4360353] Could not find attributes for luquinhas (Legia Warszawa Spółka Akcyjna, 2024)
[4360353] Failed to build match row: Legia Warszawa Spółka Akcyjna vs Motor Lublin Spółka Akcyjna
[3838238] Failed to build match row: Fulham Football Club vs Manchester United Football Club
[3615132] Could not find attributes for jan lecjaks (Omonia Nicosia, 2021)

Keepers & outfield error for **Wolverhampton Wanderers Football Club** in Liverpool Football Club vs Wolverhampton Wanderers Football Club: Numbers: 0 and 11.
[4727234] Could not find attributes for takeshi kanamori (Melbourne City Football Club, 2025)
[3615132] Failed to build match row: Omonia Nicosia vs GNK Dinamo Zagreb
[4727234] Failed to build match row: Melbourne City Football Club vs Macarthur South West Sydney (A-League)
[3592241] Failed to build match row: Liverpool Football Club vs Wolverhampton Wanderers Football Club
[4366839] Failed to build match row: NK Slaven Belupo Koprivnica vs GNK Dinamo Zagreb
[4000512] Could not find attributes for vedad radonja (Athlitiki Enosi Konstantinoupoleos, 2022)
[4000512] Failed to build match row: Athlitiki Enosi Konstantinoupoleos vs Panserraikos Serres

Keepers & outfield error for **Boavista FC** in Boavista FC vs Portimonense SC: Numbers: 2 and 9.
[3869170] Failed to build match row: Boavista FC vs Portimonense SC
[4094707] Failed to scrape lineup: https://www.transfermarkt.co.uk/fc-lorient_olympique-marseille/index/spielbericht/4094707
[4635117] Failed to scrape lineup: https://www.transfermarkt.co.uk/fc-toulouse_angers-sco/index/spielbericht/4635117
[3700941] Could not find attributes for charlie ianson (UCAM Murcia CF, 2021)
[3700941] Failed to build match row: UCAM Murcia CF vs Deportivo de La Coruña
[3611465] Could not find attributes for nemanja radoja (Levante Unión Deportiva S.A.D., 2021)
[3415270] Could not find attributes for amine khammas (SK Beveren, 2020)
[4000513] Failed to scrape lineup: https://www.transfermarkt.co.uk/spielbericht/index/spielbericht/4000513
[3611465] Failed to build match row: Levante Unión Deportiva S.A.D. vs Sevilla Fútbol Club S.A.D.
[3415270] Failed to build match row: SK Beveren vs Oud-Heverlee Leuven
[4225557] Could not find attributes for giorgiy shelia (RFK Akhmat Grozny, 2023)
[4225557] Failed to build match row: RFK Akhmat Grozny vs FK Rostov
[4624717] Could not find attributes for klemen mihelak (FK Jablonec a.s., 2025)
[4624717] Failed to build match row: FK Jablonec a.s. vs SK Sigma Olomouc, a.s.
[3460400] Could not find attributes for enrico guarna (Reggina Calcio, 2020)
[3460400] Failed to build match row: Reggina Calcio vs Città di Teramo 1913
[3450525] Could not find attributes for slobodan tedic (Prins Hendrik Ende Desespereert Nimmer Combinatie Zwolle, 2020)
[4808344] Could not find attributes for oswaldo virgen (Deportivo Toluca Futbol Club, S. A. de C. V., 2025)
[4514315] Could not find attributes for imourane hassane (Grasshopper Club Zürich, 2024)
[4103710] Could not find attributes for jerome boateng (US Salernitana 1919, 2023)
[3450525] Failed to build match row: Prins Hendrik Ende Desespereert Nimmer Combinatie Zwolle vs FC Emmen
[4808344] Failed to build match row: Deportivo Toluca Futbol Club, S. A. de C. V. vs Club León Fútbol Club
[4514315] Failed to build match row: Grasshopper Club Zürich vs Berner Sport Club Young Boys
[4103710] Failed to build match row: US Salernitana 1919 vs FC Empoli
[3700942] Could not find attributes for hassane adamou (Atlético Sanluqueño CF, 2021)
[3889228] Could not find attributes for kristijan naumovski (FC Shkupi, 2022)
[3700942] Failed to build match row: Atlético Sanluqueño CF vs CE Sabadell FC
[4665044] Could not find attributes for timipere johnson eboh (Athlitiki Enosi Kifisias, 2025)
[3889228] Failed to build match row: FC Shkupi vs Shamrock Rovers
[3869171] Could not find attributes for shaquil delos (Grupo Desportivo Estoril Praia, 2022)
[4665044] Failed to build match row: Athlitiki Enosi Kifisias vs Omilos Filathlon Irakliou FC
[4646155] Could not find attributes for maksym korobov (Futbolniy Klub Dynamo Kyiv, 2025)
[4445597] Could not find attributes for levi ives (Larne FC, 2024)
[3869171] Failed to build match row: Grupo Desportivo Estoril Praia vs Vitória Sport Clube
[4646155] Failed to build match row: Futbolniy Klub Dynamo Kyiv vs FK Obolon Kyiv
[4445597] Failed to build match row: Larne FC vs Shamrock Rovers
[3646601] Could not find attributes for kirill aloyan (Dinamo Bryansk, 2021)
[3646601] Failed to build match row: Dinamo Bryansk vs Arsenal Tula
[3415271] Failed to scrape lineup: https://www.transfermarkt.co.uk/kas-eupen_sint-truidense-vv/index/spielbericht/3415271
[4529752] Could not find attributes for min gyu jang (Jeju SK Football Club, 2024)
[3925197] Could not find attributes for christian enemark (Naestved Boldklub, 2022)
[4529752] Failed to build match row: Jeju SK Football Club vs Ulsan Hyundai Football Club
[3925197] Failed to build match row: Naestved Boldklub vs Silkeborg Idrætsforening
[3611466] Failed to scrape lineup: https://www.transfermarkt.co.uk/ca-osasuna_real-madrid/index/spielbericht/3611466
[4000514] Failed to scrape lineup: https://www.transfermarkt.co.uk/spielbericht/index/spielbericht/4000514
[4225558] Failed to scrape lineup: https://www.transfermarkt.co.uk/zenit-st-petersburg_fc-pari-nizhniy-novgorod/index/spielbericht/4225558
[3460762] Failed to scrape lineup: https://www.transfermarkt.co.uk/spielbericht/index/spielbericht/3460762
[4641485] Failed to scrape lineup: https://www.transfermarkt.co.uk/fc-utrecht_fc-volendam/index/spielbericht/4641485
[4727236] Could not find attributes for ruon tongyik (Western Sydney Wanderers, 2025)
[4727236] Failed to build match row: Western Sydney Wanderers vs Brisbane Roar FC
[4709341] Could not find attributes for abdelmounaim boutouil (Al-Hazem Sport Club, 2025)
[4709341] Failed to build match row: Al-Hazem Sport Club vs Al-Khaleej Club (Saihat)
[4665045] Failed to scrape lineup: https://www.transfermarkt.co.uk/levadiakos_olympiacos-piraeus/index/spielbericht/4665045
[3700943] Failed to scrape lineup: https://www.transfermarkt.co.uk/spielbericht/index/spielbericht/3700943
[3415272] Failed to scrape lineup: https://www.transfermarkt.co.uk/kv-mechelen_kv-oostende-2024-/index/spielbericht/3415272
[4529753] Failed to scrape lineup: https://www.transfermarkt.co.uk/gangwon-fc_gimcheon-sangmu/index/spielbericht/4529753
[3925198] Failed to scrape lineup: https://www.transfermarkt.co.uk/spielbericht/index/spielbericht/3925198
[4514316] Could not find attributes for marley ake (Yverdon Sport FC, 2024)
[3851312] Failed to scrape lineup: https://www.transfermarkt.co.uk/kv-kortrijk_club-brugge-kv/index/spielbericht/3851312
[4514316] Failed to build match row: Yverdon Sport FC vs FC Luzern
[4164107] Could not find attributes for kellen fisher (Norwich City, 2022)
[4164107] Failed to build match row: Bristol City vs Norwich City
[3615133] Could not find attributes for aqil mammadov (Neftchi Baku, 2021)
[4626124] Failed to scrape lineup: https://www.transfermarkt.co.uk/manchester-city_arsenal-fc/index/spielbericht/4626124

Keepers & outfield error for **Futebol Clube do Porto** in Futebol Clube do Porto vs FC Vizela: Numbers: 0 and 11.
[4225559] Could not find attributes for vitaliy gudiev (Fakel Voronezh, 2023)
[3615133] Failed to build match row: Neftchi Baku vs Olympiakos Syndesmos Filathlon Peiraios
[4225559] Failed to build match row: Fakel Voronezh vs FK Dinamo Moskva
[3869172] Failed to build match row: Futebol Clube do Porto vs FC Vizela
[4727237] Failed to scrape lineup: https://www.transfermarkt.co.uk/melbourne-victory_adelaide-united/index/spielbericht/4727237
[4000515] Could not find attributes for athanasios garavelis (PAS Lamia 1964, 2022)
[4000515] Failed to build match row: PAS Lamia 1964 vs Apollon Paralimniou
[4363040] Failed to scrape lineup: https://www.transfermarkt.co.uk/fc-luzern_fc-st-gallen-1879/index/spielbericht/4363040
[4665046] Could not find attributes for davide calabria (Panathinaikos Athlitikos Omilos, 2025)
[4665046] Failed to build match row: Panathinaikos Athlitikos Omilos vs Athlitiki Enosi Larisas

Keepers & outfield error for **Rayo Vallecano de Madrid S. A. D.** in Club Atlético de Madrid S.A.D. vs Rayo Vallecano de Madrid S. A. D.: Numbers: 2 and 9.
[4407615] Failed to build match row: Club Atlético de Madrid S.A.D. vs Rayo Vallecano de Madrid S. A. D.
[3592244] Failed to scrape lineup: https://www.transfermarkt.co.uk/liverpool-fc_leicester-city/index/spielbericht/3592244
[4421073] Could not find attributes for vyacheslav bezzubov (Dinamo Vologda, 2024)
[4421073] Failed to build match row: Dinamo Vologda vs Tekstilshchik Ivanovo
[3925199] Failed to scrape lineup: https://www.transfermarkt.co.uk/spielbericht/index/spielbericht/3925199
[3869173] Failed to scrape lineup: https://www.transfermarkt.co.uk/rio-ave-fc_sporting-cp/index/spielbericht/3869173
[3615134] Failed to scrape lineup: https://www.transfermarkt.co.uk/spielbericht/index/spielbericht/3615134
[4225560] Failed to scrape lineup: https://www.transfermarkt.co.uk/fc-sochi_fc-orenburg/index/spielbericht/4225560
[4366840] Could not find attributes for zvonimir subaric (NK Lokomotiva Zagreb, 2024)
[4366840] Failed to build match row: NK Lokomotiva Zagreb vs NK Osijek s.d.d.

Keepers & outfield error for **Jeonbuk Hyundai Motors** in Gwangju Football Club vs Jeonbuk Hyundai Motors: Numbers: 0 and 11.
[4635118] Could not find attributes for daouda guindo (Stade brestois 29, 2025)
[3426662] Failed to build match row: Çaykur Rizespor Kulübü vs Fenerbahçe Spor Kulübü
[4529754] Failed to build match row: Gwangju Football Club vs Jeonbuk Hyundai Motors
[4635118] Failed to build match row: Stade brestois 29 vs Football Club de Metz

Keepers & outfield error for **Accrington Stanley** in Accrington Stanley vs Bradford City: Numbers: 2 and 9.
[4097109] Failed to build match row: Accrington Stanley vs Bradford City
[4665047] Could not find attributes for christos sielis (Panetolikos Agrinio, 2025)
[4665047] Failed to build match row: Panetolikos Agrinio vs A.G.S Asteras Tripolis
[4360356] Could not find attributes for michal kaput (Radomiak S.A., 2024)

Keepers & outfield error for **Association Football Club Bournemouth** in Newcastle United Football Club vs Association Football Club Bournemouth: Numbers: 2 and 9.
[3497864] Could not find attributes for gianni cassaro (Yeclano Deportivo, 2020)
[4646156] Could not find attributes for mykyta burda (FK Kolos Kovalivka, 2025)
[4360356] Failed to build match row: Radomiak S.A. vs Klub Sportowy Cracovia Spółka Akcyjna
[4626125] Failed to build match row: Newcastle United Football Club vs Association Football Club Bournemouth
[3497864] Failed to build match row: Yeclano Deportivo vs Valencia Club de Fútbol S. A. D.
[4646156] Failed to build match row: FK Kolos Kovalivka vs FC Zorya Lugansk
[3646602] Could not find attributes for nikita zubchikhin (Dinamo Barnaul, 2021)
[4129646] Could not find attributes for yasin ozcan (Kasımpaşa A.Ş., 2023)
[4129646] Failed to build match row: Kasımpaşa A.Ş. vs Alanyaspor
[3646602] Failed to build match row: Dinamo Barnaul vs FK Nizhny Novgorod
[3602257] Could not find attributes for danylo kucher (FC Minaj, 2021)
[3602257] Failed to build match row: FC Minaj vs Desna Chernigiv
[3869174] Could not find attributes for ponck (GD Chaves, 2022)
[3869174] Failed to build match row: GD Chaves vs CS Marítimo
[4709342] Could not find attributes for mikel villanueva (Al-Fayha FC, 2025)
[4709342] Failed to build match row: Al-Fayha FC vs Al-Okhdood Club
[4587160] Could not find attributes for peyton miller (New England Revolution, 2024)
[4000516] Could not find attributes for panagiotis katsikas (Panserraikos Serres, 2022)
[4587160] Failed to build match row: New England Revolution vs Charlotte Football Club
[4000516] Failed to build match row: Panserraikos Serres vs Athlitiki Enosi Konstantinoupoleos

Keepers & outfield error for **Portimonense SC** in Portimonense SC vs Clube Desportivo Santa Clara: Numbers: 2 and 9.
[4635119] Could not find attributes for samir chergui (Paris Football Club, 2025)
[4635119] Failed to build match row: Lille Olympique Sporting Club vs Paris Football Club
[3432065] Failed to build match row: Portimonense SC vs Clube Desportivo Santa Clara
[3889229] Could not find attributes for michael newberry (Linfield FC, 2022)
[3889229] Failed to build match row: FC Zürich vs Linfield FC
[4626126] Failed to scrape lineup: https://www.transfermarkt.co.uk/nottingham-forest_burnley-fc/index/spielbericht/4626126
[4360357] Failed to scrape lineup: https://www.transfermarkt.co.uk/rakow-czestochowa_piast-gliwice/index/spielbericht/4360357
[3497865] Failed to scrape lineup: https://www.transfermarkt.co.uk/spielbericht/index/spielbericht/3497865
[3838241] Failed to scrape lineup: https://www.transfermarkt.co.uk/newcastle-united_chelsea-fc/index/spielbericht/3838241
[3415274] Could not find attributes for nordin jackers (SK Beveren, 2020)
[3415274] Failed to build match row: Club Brugge Koninklijke Voetbalvereniging vs SK Beveren
[4727238] Could not find attributes for jaiden kucharski (Perth Glory Football Club, 2025)
[4727238] Failed to build match row: Perth Glory Football Club vs Sydney Football Club
[4363041] Could not find attributes for kasim adams (Servette Football Club 1890 SA, 2024)
[4363041] Failed to build match row: Servette Football Club 1890 SA vs Grasshopper Club Zürich
[4129647] Failed to scrape lineup: https://www.transfermarkt.co.uk/pendikspor_adana-demirspor/index/spielbericht/4129647
[3869175] Failed to scrape lineup: https://www.transfermarkt.co.uk/sc-braga_fc-famalicao/index/spielbericht/3869175
[4514318] Could not find attributes for marley ake (Yverdon Sport FC, 2024)
[4514318] Failed to build match row: Yverdon Sport FC vs Fussballclub Winterthur
[4445598] Could not find attributes for levi ives (Larne FC, 2024)
[4445598] Failed to build match row: Larne FC vs FC St. Gallen 1879
[4635120] Failed to scrape lineup: https://www.transfermarkt.co.uk/aj-auxerre_olympique-lyon/index/spielbericht/4635120
[4648914] Failed to scrape lineup: https://www.transfermarkt.co.uk/sl-benfica_moreirense-fc/index/spielbericht/4648914
[3925200] Could not find attributes for james iheme (Akademisk Boldklub, 2022)
[3925200] Failed to build match row: Akademisk Boldklub vs Aarhus Gymnastik Forening
[3889230] Failed to scrape lineup: https://www.transfermarkt.co.uk/spielbericht/index/spielbericht/3889230

Keepers & outfield error for **Gil Vicente Futebol Clube** in Rio Ave Futebol Clube vs Gil Vicente Futebol Clube: Numbers: 0 and 11.
[3432066] Failed to build match row: Rio Ave Futebol Clube vs Gil Vicente Futebol Clube
[4626127] Failed to scrape lineup: https://www.transfermarkt.co.uk/tottenham-hotspur_brighton-amp-hove-albion/index/spielbericht/4626127
[4360358] Failed to scrape lineup: https://www.transfermarkt.co.uk/stal-mielec_lech-poznan/index/spielbericht/4360358
[3838242] Failed to scrape lineup: https://www.transfermarkt.co.uk/nottingham-forest_crystal-palace/index/spielbericht/3838242
[3497866] Failed to scrape lineup: https://www.transfermarkt.co.uk/spielbericht/index/spielbericht/3497866
[3700944] Could not find attributes for brimah razak (Linares Deportivo, 2021)
[3700944] Failed to build match row: Linares Deportivo vs Gimnàstic de Tarragona
[4624718] Could not find attributes for matej kadlec (Bohemians Praha 1905, a.s., 2025)
[4624718] Failed to build match row: Bohemians Praha 1905, a.s. vs FC Slovan Liberec
[4164108] Could not find attributes for vincent harper (Exeter City, 2022)
[4164108] Failed to build match row: Exeter City vs Stevenage FC
[4129648] Could not find attributes for chandrel massanga (Hatayspor, 2023)
[4129648] Failed to build match row: Hatayspor vs Fatih Karagümrük Sportif Faaliyetler San. Tic. A.Ş.

Keepers & outfield error for **Real Betis Balompié S.A.D.** in Real Betis Balompié S.A.D. vs Club Atlético de Madrid S.A.D.: Numbers: 0 and 11.
[4113155] Failed to build match row: Real Betis Balompié S.A.D. vs Club Atlético de Madrid S.A.D.

Keepers & outfield error for **Royal Sporting Club Anderlecht** in FC Verbroedering Denderhoutem Denderleeuw Eendracht Hekelgem vs Royal Sporting Club Anderlecht: Numbers: 2 and 9.
[4370196] Failed to build match row: FC Verbroedering Denderhoutem Denderleeuw Eendracht Hekelgem vs Royal Sporting Club Anderlecht
[4225561] Could not find attributes for matvey safonov (FK Krasnodar, 2023)
[4225561] Failed to build match row: FK Krasnodar vs PFK CSKA Moskva
[3602258] Could not find attributes for oleg bilyk (FC Oleksandriya, 2021)
[3602258] Failed to build match row: FC Oleksandriya vs Vorskla Poltava

Keepers & outfield error for **Real Valladolid CF** in Real Betis Balompié S.A.D. vs Real Valladolid CF: Numbers: 0 and 11.
[4407617] Failed to build match row: Real Betis Balompié S.A.D. vs Real Valladolid CF
[4648915] Could not find attributes for noah saviolo (Vitória Sport Clube, 2025)
[4648915] Failed to build match row: Vitória Sport Clube vs Rio Ave Futebol Clube

Keepers & outfield error for **FC Empoli** in FC Empoli vs Associazione Calcio Fiorentina: Numbers: 2 and 9.
[4103713] Failed to build match row: FC Empoli vs Associazione Calcio Fiorentina
[3450527] Could not find attributes for eliano reijnders (Prins Hendrik Ende Desespereert Nimmer Combinatie Zwolle, 2020)
[3450527] Failed to build match row: Prins Hendrik Ende Desespereert Nimmer Combinatie Zwolle vs Vitesse Arnhem
[4646157] Could not find attributes for llya karavashchenko (FK Kudrivka-1, 2025)
[4646157] Failed to build match row: FK Kudrivka-1 vs NK Veres Rivne
[4164109] Failed to scrape lineup: https://www.transfermarkt.co.uk/spielbericht/index/spielbericht/4164109

Keepers & outfield error for **Jeonbuk Hyundai Motors** in Jeonbuk Hyundai Motors vs Football Club Anyang: Numbers: 0 and 11.
[4529755] Failed to build match row: Jeonbuk Hyundai Motors vs Football Club Anyang
[4094710] Could not find attributes for nabil bentaleb (Lille Olympique Sporting Club, 2023)
[4094710] Failed to build match row: Clermont Foot 63 vs Lille Olympique Sporting Club
[4366842] Could not find attributes for morrison agyemang (HNK Sibenik, 2024)
[4366842] Failed to build match row: HNK Sibenik vs NK Istra 1961
[4363042] Could not find attributes for marley ake (Yverdon Sport FC, 2024)
[4363042] Failed to build match row: Yverdon Sport FC vs Fussballclub Winterthur
[4445599] Could not find attributes for lawrence shankland (Heart of Midlothian Football Club, 2024)
[4445599] Failed to build match row: Heart of Midlothian Football Club vs 1. Fußballclub Heidenheim 1846
[4727239] Could not find attributes for ramy najjarine (Wellington Phoenix Football Club, 2025)
[4727239] Failed to build match row: Wellington Phoenix Football Club vs Newcastle United Jets Football Club
[3646603] Could not find attributes for evgeniy pomazan (Chayka Peschanokopskoye, 2021)
[3461267] Failed to build match row: Benevento Calcio vs FC Empoli
[3646603] Failed to build match row: Chayka Peschanokopskoye vs FK Rostov
[4514319] Could not find attributes for imourane hassane (Grasshopper Club Zürich, 2024)
[4370197] Could not find attributes for ousseynou niang (Royale Union Saint-Gilloise, 2024)
[4514319] Failed to build match row: FC St. Gallen 1879 vs Grasshopper Club Zürich
[4129649] Could not find attributes for bakhtiyor zaynutdinov (Beşiktaş Jimnastik Kulübü, 2023)
[4370197] Failed to build match row: Club Brugge Koninklijke Voetbalvereniging vs Royale Union Saint-Gilloise
[4129649] Failed to build match row: Beşiktaş Jimnastik Kulübü vs Trabzonspor Kulübü

Keepers & outfield error for **Villarreal Club de Fútbol S.A.D.** in Celta vs Villarreal Club de Fútbol S.A.D.: Numbers: 0 and 11.
[4407618] Failed to build match row: Celta vs Villarreal Club de Fútbol S.A.D.

Keepers & outfield error for **AFC Ajax Amsterdam** in AFC Ajax Amsterdam vs Alkmaar Zaanstreek: Numbers: 2 and 9.
[4641487] Failed to build match row: AFC Ajax Amsterdam vs Alkmaar Zaanstreek
[3602259] Could not find attributes for valentin cojocaru (SC Dnipro-1, 2021)
[3602259] Failed to build match row: SC Dnipro-1 vs FK Kolos Kovalivka
[4225562] Could not find attributes for soslan dzhanaev (FK Baltika, 2023)
[4225562] Failed to build match row: FK Baltika vs FC Rubin Kazan
[4445600] Could not find attributes for lawrence shankland (Heart of Midlothian Football Club, 2024)
[4587164] Could not find attributes for brandan craig (Club de Foot Montréal, 2024)
[4587164] Failed to build match row: Toronto FC vs Club de Foot Montréal
[4445600] Failed to build match row: Heart of Midlothian Football Club vs Omonia Nicosia
[3497867] Could not find attributes for joritz landeta (Club Portugalete, 2020)
[3497867] Failed to build match row: Club Portugalete vs Levante Unión Deportiva S.A.D.

Keepers & outfield error for **SK Slavia Praha, a.s.** in SK Slavia Praha, a.s. vs AC Sparta Praha, a. s.: Numbers: 2 and 9.
[4624719] Failed to build match row: SK Slavia Praha, a.s. vs AC Sparta Praha, a. s.
[4421074] Could not find attributes for anton shitov (Veles Moscow, 2024)
[4421074] Failed to build match row: Veles Moscow vs Amkal Moscow
[4635122] Could not find attributes for senny mayulu (Paris Saint-Germain Football Club, 2025)
[4529756] Could not find attributes for bon cheul goo (Gangwon Football Club, 2024)
[4635122] Failed to build match row: Paris Saint-Germain Football Club vs Le Havre Athletic Club
[4665048] Could not find attributes for soualiho meite (Panthessalonikios Athlitikos Omilos Konstantinoupoliton, 2025)
[4103714] Could not find attributes for dean huijsen (Associazione Sportiva Roma, 2023)
[4529756] Failed to build match row: Gangwon Football Club vs Ulsan Hyundai Football Club
[4103714] Failed to build match row: Frosinone Calcio vs Associazione Sportiva Roma
[4665048] Failed to build match row: Panthessalonikios Athlitikos Omilos Konstantinoupoliton vs Athlitiki Enosi Konstantinoupoleos
[3889231] Could not find attributes for sven karic (NK Maribor, 2022)
[3889231] Failed to build match row: HJK Helsinki vs NK Maribor
[3925201] Could not find attributes for mathias ornskov (Brabrand IF, 2022)
[3925201] Failed to build match row: Brabrand IF vs Vejle Boldklub
[4646158] Could not find attributes for yevgen volynets (FK Polissya Zhytomyr, 2025)
[4646158] Failed to build match row: FK Polissya Zhytomyr vs FK Kryvbas Kryvyi Rig
[4370198] Could not find attributes for tristan degreef (Royal Sporting Club Anderlecht, 2024)
[4370198] Failed to build match row: Royal Sporting Club Anderlecht vs Royal Standard Club de Liège
[4129650] Could not find attributes for ramzi safuri (Antalyaspor, 2023)
[4129650] Failed to build match row: Antalyaspor vs Fenerbahçe Spor Kulübü
[3889232] Failed to scrape lineup: https://www.transfermarkt.co.uk/spielbericht/index/spielbericht/3889232
[4529757] Failed to scrape lineup: https://www.transfermarkt.co.uk/gimcheon-sangmu_jeju-sk/index/spielbericht/4529757

Keepers & outfield error for **Salford City** in Salford City vs Swindon Town: Numbers: 2 and 9.
[3461268] Could not find attributes for angelo da costa (Bologna Football Club 1909, 2020)
[4788511] Failed to build match row: Salford City vs Swindon Town
[3461268] Failed to build match row: Bologna Football Club 1909 vs Reggina Calcio

Keepers & outfield error for **Nooit Opgeven Altijd Doorzetten Aangenaam Door Vermaak En Nuttig Door Ontspanning Combinatie Breda** in Nooit Opgeven Altijd Doorzetten Aangenaam Door Vermaak En Nuttig Door Ontspanning Combinatie Breda vs Prins Hendrik Ende Desespereert Nimmer Combinatie Zwolle: Numbers: 2 and 9.
[4514321] Could not find attributes for bung meng freimann (FC Luzern, 2024)
[4641488] Failed to build match row: Nooit Opgeven Altijd Doorzetten Aangenaam Door Vermaak En Nuttig Door Ontspanning Combinatie Breda vs Prins Hendrik Ende Desespereert Nimmer Combinatie Zwolle
[4514321] Failed to build match row: FC Luzern vs FC Basel 1893 AG
[3925202] Failed to scrape lineup: https://www.transfermarkt.co.uk/spielbericht/index/spielbericht/3925202
[4094712] Failed to scrape lineup: https://www.transfermarkt.co.uk/montpellier-hsc_rc-lens/index/spielbericht/4094712
[3450528] Could not find attributes for moussa sylla (Football Club Utrecht, 2020)
[3450528] Failed to build match row: Football Club Utrecht vs Football Club Twente
[3415277] Failed to scrape lineup: https://www.transfermarkt.co.uk/oud-heverlee-leuven_standard-liege/index/spielbericht/3415277
Association Football Club: Numbers: 3 and 8.
[4626129] Failed to build match row: Association Football Club Bournemouth vs Leeds United Association Football Club
[4646159] Failed to scrape lineup: https://www.transfermarkt.co.uk/sc-poltava_karpaty-lviv/index/spielbericht/4646159
[3602260] Could not find attributes for dmytro matsapura (FC Zorya Lugansk, 2021)
[3602260] Failed to build match row: FC Shakhtar Donetsk vs FC Zorya Lugansk
[4363230] Could not find attributes for milan knobloch (MFK Karvina, 2024)
[4363230] Failed to build match row: MFK Karvina vs FC Slovan Liberec
[3588338] Could not find attributes for jetro willems (SpVgg Greuther Fürth, 2021)
[3588338] Failed to build match row: Bayer 04 Leverkusen Fußball vs SpVgg Greuther Fürth
[3646604] Could not find attributes for alil magomedov (Legion-Dinamo Makhachkala, 2021)
[3646604] Failed to build match row: Legion-Dinamo Makhachkala vs FK Ufa
[4370199] Could not find attributes for emmanuel kakou (Cercle Brugge Koninklijke Sportvereniging, 2024)
[4370199] Failed to build match row: Royal Antwerp Football Club vs Cercle Brugge Koninklijke Sportvereniging
[4641489] Failed to scrape lineup: https://www.transfermarkt.co.uk/fc-groningen_sparta-rotterdam/index/spielbericht/4641489
[3925203] Failed to scrape lineup: https://www.transfermarkt.co.uk/spielbericht/index/spielbericht/3925203
[4103715] Could not find attributes for daniele rugani (Juventus Football Club, 2023)
[4103715] Failed to build match row: Verona Hellas Football Club vs Juventus Football Club
[4375292] Could not find attributes for robert zulj (Linzer Athletik-Sport-Klub, 2024)
[4375292] Failed to build match row: Linzer Athletik-Sport-Klub vs SK Austria Klagenfurt
[4366844] Could not find attributes for zvonimir subaric (NK Lokomotiva Zagreb, 2024)
[4366844] Failed to build match row: GNK Dinamo Zagreb vs NK Lokomotiva Zagreb
[4097110] Could not find attributes for kacper lopata (Barnsley FC, 2022)
[4097110] Failed to build match row: Barnsley FC vs Tranmere Rovers
[3840248] Could not find attributes for faouzi ghoulam (Angers Sporting Club de l'Ouest, 2022)
[3840248] Failed to build match row: Angers Sporting Club de l'Ouest vs Olympique Gymnaste Club Nice Côte d'Azur
[4445601] Could not find attributes for lawrence shankland (Heart of Midlothian Football Club, 2024)
[4445601] Failed to build match row: Heart of Midlothian Football Club vs FC Petrocub Hincesti
[3602261] Could not find attributes for orest kostyk (PFK Lviv, 2021)
[4514322] Could not find attributes for renato steffen (FC Lugano, 2024)
[3602261] Failed to build match row: PFK Lviv vs Futbolniy Klub Dynamo Kyiv
[4514322] Failed to build match row: FC Sion vs FC Lugano
[4164110] Could not find attributes for robbie mckenzie (Gillingham FC, 2022)
[4164110] Failed to build match row: Luton Town vs Gillingham FC
[4129651] Could not find attributes for ali kaan guneren (MKE Ankaragücü, 2023)
[4129651] Failed to build match row: MKE Ankaragücü vs Sivasspor

Keepers & outfield error for **Leicester City** in West Ham United Football Club vs Leicester City: Numbers: 0 and 11.
[3838244] Failed to build match row: West Ham United Football Club vs Leicester City
[4727240] Could not find attributes for ramy najjarine (Wellington Phoenix Football Club, 2025)
[4727240] Failed to build match row: Newcastle United Jets Football Club vs Wellington Phoenix Football Club
[3889233] Could not find attributes for filip nguyen (1. FC Slovácko, 2022)
[4641490] Could not find attributes for irakli yegoian (Excelsior Rotterdam, 2025)
[3889233] Failed to build match row: 1. FC Slovácko vs Fenerbahçe Spor Kulübü
[4641490] Failed to build match row: Excelsior Rotterdam vs Fortuna Sittardia Combinatie
[4529758] Could not find attributes for hyeon seo han (Football Club Pohang Steelers, 2024)
[4529758] Failed to build match row: Football Club Pohang Steelers vs Gwangju Football Club
[4103716] Could not find attributes for jerome boateng (US Salernitana 1919, 2023)
[4103716] Failed to build match row: Football Club Internazionale Milano S.p.A. vs US Salernitana 1919
[4665049] Could not find attributes for petros mantalos (Athlitiki Enosi Konstantinoupoleos, 2025)
[4665049] Failed to build match row: Athlitiki Enosi Konstantinoupoleos vs Volou Neos Podosferikos Syllogos
[3646605] Could not find attributes for vadim ulyanov (Kairat Moscow ( -2022), 2021)
[3646605] Failed to build match row: Kairat Moscow ( -2022) vs RFK Akhmat Grozny
[4395233] Could not find attributes for andres dumitrescu (Sepsi OSK Sf. Gheorghe, 2024)
[4395233] Failed to build match row: Sepsi OSK Sf. Gheorghe vs Fotbal Club Rapid 1923 SA
[3602262] Could not find attributes for denys sydorenko (TOV FK Metalist 1925 Kharkiv, 2021)
[3602262] Failed to build match row: TOV FK Metalist 1925 Kharkiv vs Ingulets Petrove
[3450530] Failed to scrape lineup: https://www.transfermarkt.co.uk/ajax-amsterdam_fortuna-sittard/index/spielbericht/3450530
[3840249] Could not find attributes for cheick oumar konate (Clermont Foot 63, 2022)
[4514323] Could not find attributes for kasim adams (Servette Football Club 1890 SA, 2024)
[3840249] Failed to build match row: Clermont Foot 63 vs AC Ajaccio
[4514323] Failed to build match row: Servette Football Club 1890 SA vs Yverdon Sport FC
[4587165] Could not find attributes for reid roberts (San Jose Earthquakes, 2024)
[4587165] Failed to build match row: Austin FC vs San Jose Earthquakes
[4370201] Failed to scrape lineup: https://www.transfermarkt.co.uk/kv-mechelen_oud-heverlee-leuven/index/spielbericht/4370201
[4375294] Could not find attributes for philipp wiesinger (Fußballklub Austria Wien, 2024)
[4375294] Failed to build match row: Fußballklub Austria Wien vs Grazer Athletiksport Klub 1902
[4635123] Could not find attributes for tylel tati (Football Club de Nantes, 2025)
[4635123] Failed to build match row: Olympique Lyonnais vs Football Club de Nantes
[3432067] Could not find attributes for malang sarr (Futebol Clube do Porto, 2020)
[3432067] Failed to build match row: Futebol Clube do Porto vs Boavista FC
[3450531] Failed to scrape lineup: https://www.transfermarkt.co.uk/twente-enschede-fc_az-alkmaar/index/spielbericht/3450531
[4445602] Could not find attributes for nikolaus wurmbrand (Sportklub Rapid, 2024)
[4445602] Failed to build match row: Sportklub Rapid vs Football Club København
[3615557] Could not find attributes for giovanni lombardi (SS Folgore/Falciano, 2021)
[3615557] Failed to build match row: SS Folgore/Falciano vs Hibernians FC
[3925204] Could not find attributes for christoffer monty (FC Roskilde, 2022)
[3925204] Failed to build match row: FC Roskilde vs BK Fremad Amager
[3869176] Could not find attributes for kento misao (Clube Desportivo Santa Clara, 2022)
[3869176] Failed to build match row: Clube Desportivo Santa Clara vs Boavista FC
[4641491] Could not find attributes for dylan mertens (Sportclub Telstar, 2025)
[3700945] Could not find attributes for alpha diounkou (San Fernando CD, 2021)
[4641491] Failed to build match row: Sportclub Telstar vs Sportclub Heerenveen
[3700945] Failed to build match row: San Fernando CD vs Cultural Leonesa
[4366848] Could not find attributes for michele sego (HNK Hajduk Split, 2024)
[4366848] Failed to build match row: HNK Hajduk Split vs HNK Sibenik
[4363231] Could not find attributes for martin janacek (SK Dynamo Ceske Budejovice, 2024)

Keepers & outfield error for **Foundation Coorperation Hana Financial Group Inc. Football Club** in Suwon FC vs Foundation Coorperation Hana Financial Group Inc. Football Club: Numbers: 2 and 9.
[4529760] Failed to build match row: Suwon FC vs Foundation Coorperation Hana Financial Group Inc. Football Club
[4363231] Failed to build match row: SK Dynamo Ceske Budejovice vs SK Sigma Olomouc, a.s.

Keepers & outfield error for **Futebol Clube do Porto** in Futebol Clube do Porto vs Futebol Clube de Alverca: Numbers: 0 and 11.
[4788512] Could not find attributes for callum reynolds (Boreham Wood FC, 2025)
[4648918] Failed to build match row: Futebol Clube do Porto vs Futebol Clube de Alverca
[4788512] Failed to build match row: Boreham Wood FC vs Burton Albion
[3925205] Failed to scrape lineup: https://www.transfermarkt.co.uk/spielbericht/index/spielbericht/3925205
[3602263] Could not find attributes for dmytro nemchaninov (NK Veres Rivne, 2021)
[3602263] Failed to build match row: NK Veres Rivne vs FK Mariupol
[4395234] Could not find attributes for yohan roche (Fotbal Club Petrolul Ploiești, 2024)
[4395234] Failed to build match row: Fotbal Club Petrolul Ploiești vs U Craiova 1948 Club Sportiv SA
[4587169] Could not find attributes for antonio carlos (Houston Dynamo, 2024)
[4587169] Failed to build match row: St. Louis City Soccer Club vs Houston Dynamo
[3646606] Could not find attributes for denis shebanov (FK Saransk ( -2022), 2021)
[3646606] Failed to build match row: FK Saransk ( -2022) vs FC Khimki (-2025)
[3415278] Could not find attributes for anthony musaba (Cercle Brugge Koninklijke Sportvereniging, 2020)
[4366849] Could not find attributes for ivan susak (NK Slaven Belupo Koprivnica, 2024)
[4366849] Failed to build match row: NK Slaven Belupo Koprivnica vs Hrvatski Nogometni Klub Rijeka
[3415278] Failed to build match row: Royal Sporting Club Anderlecht vs Cercle Brugge Koninklijke Sportvereniging

Keepers & outfield error for **Gil Vicente Futebol Clube** in Gil Vicente Futebol Clube vs Futebol Clube de Famalicão: Numbers: 0 and 11.
[3432068] Failed to build match row: Gil Vicente Futebol Clube vs Futebol Clube de Famalicão

Keepers & outfield error for **Shamrock Rovers** in Sportklub Rapid vs Shamrock Rovers: Numbers: 0 and 11.
[4445603] Failed to build match row: Sportklub Rapid vs Shamrock Rovers
[4665050] Could not find attributes for nikola sipcic (A.G.S Asteras Tripolis, 2025)
[4665050] Failed to build match row: A.G.S Asteras Tripolis vs Panthessalonikios Athlitikos Omilos Konstantinoupoliton

Keepers & outfield error for **Daegu FC** in Daegu FC vs Jeonbuk Hyundai Motors: Numbers: 2 and 9.
[4529769] Failed to build match row: Daegu FC vs Jeonbuk Hyundai Motors
[3461269] Could not find attributes for matic kotnik (Brescia Calcio, 2020)
[3461269] Failed to build match row: Brescia Calcio vs AC Perugia Calcio
[3426663] Could not find attributes for munir el kajoui (Hatayspor, 2020)
[3426663] Failed to build match row: Hatayspor vs İstanbul Başakşehir Futbol Kulübü
[4363232] Could not find attributes for milan heca (1. FC Slovácko, 2024)
[4363232] Failed to build match row: 1. FC Slovácko vs SK Slavia Praha, a.s.
[4129652] Could not find attributes for dal varesanovic (Çaykur Rizespor Kulübü, 2023)
[4129652] Failed to build match row: Çaykur Rizespor Kulübü vs Konyaspor
[4587170] Failed to scrape lineup: https://www.transfermarkt.co.uk/los-angeles-galaxy_fc-dallas/index/spielbericht/4587170
[4421075] Could not find attributes for andrey zaytsev (FC Leningradets, 2024)
[4421075] Failed to build match row: FC Leningradets vs SShOR-1 Kristall St. Petersburg

Keepers & outfield error for **Athletic Club Bilbao** in Alaves vs Athletic Club Bilbao: Numbers: 2 and 9.
[4113159] Failed to build match row: Alaves vs Athletic Club Bilbao
[4395236] Could not find attributes for kouya mabea (Asociația Fotbal Club UTA Arad, 2024)
[4626132] Failed to scrape lineup: https://www.transfermarkt.co.uk/fulham-fc_aston-villa/index/spielbericht/4626132
[4370203] Could not find attributes for loic mbe soh (Beerschot VA, 2024)
[4395236] Failed to build match row: Asociația Fotbal Club UTA Arad vs Asociația Fotbal Club Unirea 04 Slobozia
[4370203] Failed to build match row: Koninklijke Voetbal Club Westerlo vs Beerschot VA
[4514325] Could not find attributes for steven zuber (FC Zürich, 2024)
[4514325] Failed to build match row: FC Zürich vs FC Luzern
[4164111] Could not find attributes for matthew bondswell (Newport County, 2022)
[4164111] Failed to build match row: Newport County vs Brentford Football Club

Keepers & outfield error for **Walsall FC** in Blackburn Rovers vs Walsall FC: Numbers: 0 and 11.
[4097111] Failed to build match row: Blackburn Rovers vs Walsall FC

Keepers & outfield error for **Leicester City** in Watford FC vs Leicester City: Numbers: 0 and 11.

Keepers & outfield error for **Football Club Lorient-Bretagne Sud** in Lille Olympique Sporting Club vs Football Club Lorient-Bretagne Sud: Numbers: 0 and 11.
[3592249] Failed to build match row: Watford FC vs Leicester City

Keepers & outfield error for **Football Club Utrecht** in Football Club Utrecht vs Football Club Groningen: Numbers: 0 and 11.
[3840251] Failed to build match row: Lille Olympique Sporting Club vs Football Club Lorient-Bretagne Sud
[3450532] Failed to build match row: Football Club Utrecht vs Football Club Groningen
[4366850] Could not find attributes for zvonimir subaric (NK Lokomotiva Zagreb, 2024)
[4366850] Failed to build match row: NK Lokomotiva Zagreb vs HNK Gorica

Keepers & outfield error for **FC Paços de Ferreira** in Portimonense SC vs FC Paços de Ferreira: Numbers: 2 and 9.
[3869177] Failed to build match row: Portimonense SC vs FC Paços de Ferreira
[4641492] Could not find attributes for eli dasa (Nijmegen Eendracht Combinatie, 2025)
[3432069] Could not find attributes for stanislav kritsyuk (B SAD, 2020)
[4641492] Failed to build match row: Nijmegen Eendracht Combinatie vs Football Club Twente
[3432069] Failed to build match row: B SAD vs Clube Desportivo de Tondela
[3602264] Could not find attributes for oleksandr bandura (FC Rukh Lviv, 2021)
[3602264] Failed to build match row: FC Rukh Lviv vs FC Minaj
[4129653] Could not find attributes for chandrel massanga (Hatayspor, 2023)
[4129653] Failed to build match row: Trabzonspor Kulübü vs Hatayspor
[4363233] Could not find attributes for frantisek cech (FC Hradec Králové a.s., 2024)
[3461270] Could not find attributes for guglielmo vicario (Cagliari Calcio, 2020)
[4363233] Failed to build match row: FC Hradec Králové a.s. vs FK Teplice, a.s.
[3461270] Failed to build match row: Cagliari Calcio vs Unione Sportiva Cremonese S.p.A.
[4529772] Could not find attributes for si woo jin (Gwangju Football Club, 2024)
[3646607] Could not find attributes for vitaliy chilyushkin (Znamya Noginsk, 2021)
[4529772] Failed to build match row: Gwangju Football Club vs Ulsan Hyundai Football Club
[3646607] Failed to build match row: Znamya Noginsk vs PFK Krylya Sovetov Samara

Keepers & outfield error for **Manchester City Football Club** in Manchester City Football Club vs Aston Villa Football Club: Numbers: 2 and 9.
[4445604] Could not find attributes for ognjen cancarevic (FC Noah Yerevan, 2024)
[3592250] Failed to build match row: Manchester City Football Club vs Aston Villa Football Club
[4360364] Could not find attributes for bujar pllana (Klub Sportowy Lechia Gdańsk, 2024)
[3611469] Could not find attributes for manu garcia (Alaves, 2021)
[4445604] Failed to build match row: Sportklub Rapid vs FC Noah Yerevan
[3840252] Could not find attributes for kiki kouyate (Montpellier HSC, 2022)

Keepers & outfield error for **Genoa Cricket and Football Club** in Società Sportiva Calcio Napoli vs Genoa Cricket and Football Club: Numbers: 0 and 11.
[4360364] Failed to build match row: Klub Sportowy Lechia Gdańsk vs Radomiak S.A.
[3611469] Failed to build match row: Alaves vs Villarreal Club de Fútbol S.A.D.
[3840252] Failed to build match row: Olympique de Marseille vs Montpellier HSC
[4103719] Failed to build match row: Società Sportiva Calcio Napoli vs Genoa Cricket and Football Club
[4366852] Could not find attributes for lovro majkic (NK Istra 1961, 2024)

Keepers & outfield error for **Rayo Vallecano de Madrid S. A. D.** in Athletic Club Bilbao vs Rayo Vallecano de Madrid S. A. D.: Numbers: 2 and 9.
[4366852] Failed to build match row: NK Istra 1961 vs NK Osijek s.d.d.
[4407624] Failed to build match row: Athletic Club Bilbao vs Rayo Vallecano de Madrid S. A. D.
[4665051] Could not find attributes for uros racic (Aris Thessalonikis, 2025)
[4665051] Failed to build match row: Aris Thessalonikis vs Panserraikos Serres
[4727242] Could not find attributes for dimitri valkanis (Brisbane Roar FC, 2025)
[4626134] Could not find attributes for yegor yarmolyuk (Brentford Football Club, 2025)
[4646160] Failed to scrape lineup: https://www.transfermarkt.co.uk/lnz-cherkasy_fc-oleksandriya/index/spielbericht/4646160
[4727242] Failed to build match row: Brisbane Roar FC vs Adelaide United Football Club
[3602265] Could not find attributes for vladyslav kucheruk (Chornomorets Odesa, 2021)
[4626134] Failed to build match row: Manchester United Football Club vs Brentford Football Club
[3602265] Failed to build match row: Chornomorets Odesa vs PFK Lviv
[4421076] Could not find attributes for vladislav yampolskiy (Volgar Astrakhan, 2024)
[4421076] Failed to build match row: Volgar Astrakhan vs Pobeda Khasavyurt

Keepers & outfield error for **Sport Lisboa e Benfica** in Sport Lisboa e Benfica vs Casa Pia Atlético Clube: Numbers: 2 and 9.
[3869178] Failed to build match row: Sport Lisboa e Benfica vs Casa Pia Atlético Clube
[4097112] Could not find attributes for joel coleman (Bolton Wanderers, 2022)
[4097112] Failed to build match row: Bolton Wanderers vs Barrow AFC
[4641493] Could not find attributes for irakli yegoian (Excelsior Rotterdam, 2025)
[4641493] Failed to build match row: Excelsior Rotterdam vs Prins Hendrik Ende Desespereert Nimmer Combinatie Zwolle
[4395241] Could not find attributes for andres dumitrescu (Sepsi OSK Sf. Gheorghe, 2024)
[4395241] Failed to build match row: U Craiova 1948 Club Sportiv SA vs Sepsi OSK Sf. Gheorghe
[4648919] Could not find attributes for tamble (Rio Ave Futebol Clube, 2025)
[4648919] Failed to build match row: Rio Ave Futebol Clube vs Gil Vicente Futebol Clube
[4363234] Could not find attributes for jakub martinec (FK Jablonec a.s., 2024)
[3889520] Failed to scrape lineup: https://www.transfermarkt.co.uk/krylya-sovetov-samara_fakel-voronezh/index/spielbericht/3889520
[4363234] Failed to build match row: FK Jablonec a.s. vs FK Mladá Boleslav, a.s.
[4002933] Could not find attributes for hidde jurjus (De Graafschap Doetinchem, 2022)

Keepers & outfield error for **ADO Den Haag** in ADO Den Haag vs Sportclub Heerenveen: Numbers: 2 and 9.
[3450533] Failed to build match row: ADO Den Haag vs Sportclub Heerenveen
[4360365] Could not find attributes for luquinhas (Legia Warszawa Spółka Akcyjna, 2024)
[4002933] Failed to build match row: De Graafschap Doetinchem vs De Treffers
[4624720] Could not find attributes for matej chalus (FC Baník Ostrava a.s., 2025)
[4635127] Could not find attributes for fode ballo toure (Football Club de Metz, 2025)
[4360365] Failed to build match row: Legia Warszawa Spółka Akcyjna vs RKS Raków Częstochowa SA
[4624720] Failed to build match row: FC Baník Ostrava a.s. vs FC Trinity Zlin
[4366853] Could not find attributes for morrison agyemang (HNK Sibenik, 2024)
[3611470] Could not find attributes for mikel vesga (Athletic Club Bilbao, 2021)
[4366853] Failed to build match row: HNK Sibenik vs NK Osijek s.d.d.
[4635127] Failed to build match row: Football Club de Metz vs Rennes

Keepers & outfield error for **Real Valladolid CF** in Club Atlético de Madrid S.A.D. vs Real Valladolid CF: Numbers: 0 and 11.
[3611470] Failed to build match row: Athletic Club Bilbao vs Club Atlético de Madrid S.A.D.
[4407625] Failed to build match row: Club Atlético de Madrid S.A.D. vs Real Valladolid CF
[3432070] Could not find attributes for fahd moufi (Portimonense SC, 2020)

Keepers & outfield error for **Paris Saint-Germain Football Club** in Paris Saint-Germain Football Club vs Olympique Lyonnais: Numbers: 2 and 9.
[3432070] Failed to build match row: Sport Lisboa e Benfica vs Portimonense SC
[3426665] Could not find attributes for alparslan erdem (Fatih Karagümrük Sportif Faaliyetler San. Tic. A.Ş., 2020)
[3840253] Failed to build match row: Paris Saint-Germain Football Club vs Olympique Lyonnais
[3426665] Failed to build match row: Fatih Karagümrük Sportif Faaliyetler San. Tic. A.Ş. vs Yeni Malatyaspor
[4665052] Could not find attributes for lefteris choutesiotis (APS Atromitos Athinon, 2025)
[4665052] Failed to build match row: APS Atromitos Athinon vs Athlitiki Enosi Larisas
[4094717] Could not find attributes for nabil bentaleb (Lille Olympique Sporting Club, 2023)
[4646161] Could not find attributes for oleg bilyk (Epicentr Dunaivtsi, 2025)
[4646161] Failed to build match row: Epicentr Dunaivtsi vs FC Rukh Lviv
[4094717] Failed to build match row: Lille Olympique Sporting Club vs Paris Saint-Germain Football Club
[4164112] Could not find attributes for tyreik wright (Plymouth Argyle, 2022)
[4808345] Could not find attributes for rodolfo cota (Club de Futbol América S. A. de C. V., 2025)
[4808345] Failed to build match row: Club de Futbol América S. A. de C. V. vs Club de Futbol Rojinegros S.A. de C.V.

Keepers & outfield error for **Royal Sporting Club Anderlecht** in Royal Sporting Club Anderlecht vs Royal Charleroi Sporting Club: Numbers: 2 and 9.

Keepers & outfield error for **Futebol Clube de Arouca** in Gil Vicente Futebol Clube vs Futebol Clube de Arouca: Numbers: 2 and 9.
[4164112] Failed to build match row: Plymouth Argyle vs Crystal Palace Football Club
[4370206] Failed to build match row: Royal Sporting Club Anderlecht vs Royal Charleroi Sporting Club
[3869179] Failed to build match row: Gil Vicente Futebol Clube vs Futebol Clube de Arouca
[4375300] Could not find attributes for philipp wiesinger (Fußballklub Austria Wien, 2024)
[4375300] Failed to build match row: SK Austria Klagenfurt vs Fußballklub Austria Wien
[4225934] Could not find attributes for ivailo staal (Quick Boys, 2023)
[4225934] Failed to build match row: Quick Boys vs De Graafschap Doetinchem
[3602266] Could not find attributes for igor lytovka (Desna Chernigiv, 2021)
[3602266] Failed to build match row: Desna Chernigiv vs FC Oleksandriya
[4788513] Could not find attributes for luke spokes (Weston-super-Mare AFC, 2025)
[4788513] Failed to build match row: Grimsby Town vs Weston-super-Mare AFC
[4635128] Could not find attributes for daouda guindo (Stade brestois 29, 2025)
[4529773] Could not find attributes for marko dugandzic (Football Club Seoul, 2024)
[4529773] Failed to build match row: Football Club Seoul vs Jeju SK Football Club
[4635128] Failed to build match row: Racing Club de Strasbourg Alsace vs Stade brestois 29
[3851316] Could not find attributes for yusuke matsuo (Koninklijke Voetbal Club Westerlo, 2022)
[3851316] Failed to build match row: KV Oostende vs Koninklijke Voetbal Club Westerlo
[4395242] Could not find attributes for herman moussaki (Fotbal Club Petrolul Ploiești, 2024)
[3889521] Could not find attributes for ilya pomazun (Ural Yekaterinburg, 2022)
[4395242] Failed to build match row: Asociația Sportivă Fotbal Club Universitatea Cluj vs Fotbal Club Petrolul Ploiești
[3889521] Failed to build match row: Ural Yekaterinburg vs FK Nizhny Novgorod
[3646608] Could not find attributes for aleksey berezin (Zenit Izhevsk, 2021)
[3646608] Failed to build match row: Zenit Izhevsk vs PFK CSKA Moskva

Keepers & outfield error for **Clube Desportivo Santa Clara** in Clube Desportivo Santa Clara vs Sport Lisboa e Benfica: Numbers: 0 and 11.
[3432071] Failed to build match row: Clube Desportivo Santa Clara vs Sport Lisboa e Benfica
[4421077] Could not find attributes for roman safonov (Kuban Krasnodar, 2024)
[3700946] Could not find attributes for juanma santaella (UE Cornellà, 2021)
[3700946] Failed to build match row: CF Talavera de la Reina vs UE Cornellà
[4421077] Failed to build match row: Kuban Krasnodar vs Kuban Holding Pavlovskaya

Keepers & outfield error for **Futebol Clube de Famalicão** in Futebol Clube de Famalicão vs Sport Lisboa e Benfica: Numbers: 2 and 9.
[4366854] Could not find attributes for lovro majkic (NK Istra 1961, 2024)
[4808346] Could not find attributes for sebastian jurado (Fútbol Club Juárez, 2025)
[4648920] Failed to build match row: Futebol Clube de Famalicão vs Sport Lisboa e Benfica
[4366854] Failed to build match row: NK Istra 1961 vs GNK Dinamo Zagreb
[4808346] Failed to build match row: Fútbol Club Juárez vs Club Atlético de San Luis
[4624721] Could not find attributes for frantisek cech (FC Hradec Králové a.s., 2025)
[3925206] Could not find attributes for laurits bust (Thisted FC, 2022)
[4665053] Could not find attributes for panagiotis liagas (APO Levadiakos Football Club, 2025)
[3925206] Failed to build match row: Thisted FC vs FC Helsingör
[4624721] Failed to build match row: FC Hradec Králové a.s. vs FC Viktoria Plzeň, a.s.
[4665053] Failed to build match row: Olympiakos Syndesmos Filathlon Peiraios vs APO Levadiakos Football Club
[4370207] Could not find attributes for konstantinos karetsas (Koninklijke Racing Club Genk, 2024)
[4370207] Failed to build match row: Koninklijke Racing Club Genk vs FC Verbroedering Denderhoutem Denderleeuw Eendracht Hekelgem

Keepers & outfield error for **FC Shakhtar Donetsk** in FC Shakhtar Donetsk vs TOV FK Metalist 1925 Kharkiv: Numbers: 2 and 9.
[4646162] Failed to build match row: FC Shakhtar Donetsk vs TOV FK Metalist 1925 Kharkiv
[4002934] Could not find attributes for roy kortsmit (Nooit Opgeven Altijd Doorzetten Aangenaam Door Vermaak En Nuttig Door Ontspanning Combinatie Breda, 2022)
[4103721] Could not find attributes for sandi lovric (Udinese Calcio, 2023)
[3869180] Could not find attributes for kento misao (Clube Desportivo Santa Clara, 2022)
[4002934] Failed to build match row: Nooit Opgeven Altijd Doorzetten Aangenaam Door Vermaak En Nuttig Door Ontspanning Combinatie Breda vs Sportclub Heerenveen
[3602267] Could not find attributes for dmytro matsapura (FC Zorya Lugansk, 2021)
[3869180] Failed to build match row: Clube Desportivo Santa Clara vs Sport Lisboa e Benfica
[4103721] Failed to build match row: Udinese Calcio vs Cagliari Calcio
[3602267] Failed to build match row: FC Zorya Lugansk vs FK Kolos Kovalivka
[3426666] Could not find attributes for irfan can egribayat (Göztepe Sportif Yatırımlar A.Ş., 2020)
[4529777] Could not find attributes for hyeon seo han (Football Club Pohang Steelers, 2024)
[3426666] Failed to build match row: Göztepe Sportif Yatırımlar A.Ş. vs Denizlispor
[4529777] Failed to build match row: Football Club Pohang Steelers vs Gangwon Football Club
[3415282] Could not find attributes for anthony musaba (Cercle Brugge Koninklijke Sportvereniging, 2020)
[4164113] Could not find attributes for koby mottoh (Portsmouth FC, 2022)
[4727244] Could not find attributes for giovanni de abreu (Perth Glory Football Club, 2025)
[3415282] Failed to build match row: Cercle Brugge Koninklijke Sportvereniging vs St Truiden
[4363235] Could not find attributes for viktor budinsky (FK Pardubice, 2024)
[4164113] Failed to build match row: Portsmouth FC vs Peterborough United
[4727244] Failed to build match row: Western Sydney Wanderers vs Perth Glory Football Club
[4363235] Failed to build match row: AC Sparta Praha, a. s. vs FK Pardubice
[3889522] Could not find attributes for ilya lantratov (FC Khimki (-2025), 2022)
[4635129] Could not find attributes for yvon mvogo (Football Club Lorient-Bretagne Sud, 2025)
[4635129] Failed to build match row: Football Club Lorient-Bretagne Sud vs Olympique Gymnaste Club Nice Côte d'Azur
[3889522] Failed to build match row: FC Khimki (-2025) vs Футбольный клуб "Локомотив" Москва
[4366855] Could not find attributes for oliver zelenika (NK Varazdin, 2024)
[4366855] Failed to build match row: NK Varazdin vs HNK Gorica
[4375304] Could not find attributes for robert zulj (Linzer Athletik-Sport-Klub, 2024)
[4375304] Failed to build match row: Linzer Athletik-Sport-Klub vs Sportklub Puntigamer Sturm Graz
[4407626] Failed to scrape lineup: https://www.transfermarkt.co.uk/real-betis-balompie_villarreal-cf/index/spielbericht/4407626

Keepers & outfield error for **Al-Shabab Club** in Al-Shabab Club vs Al-Ettifaq Football Club: Numbers: 0 and 11.
[4709343] Failed to build match row: Al-Shabab Club vs Al-Ettifaq Football Club
[4788514] Could not find attributes for brandon powell (Blackburn Rovers, 2025)
[4788514] Failed to build match row: Hull City vs Blackburn Rovers
[3432072] Could not find attributes for cristian devenish (Boavista FC, 2020)
[3432072] Failed to build match row: Boavista FC vs Futebol Clube de Famalicão
[4646163] Could not find attributes for oleksandr kemkin (FK Kryvbas Kryvyi Rig, 2025)
[4648921] Could not find attributes for noah saviolo (Vitória Sport Clube, 2025)
[4648921] Failed to build match row: Sporting Clube de Portugal vs Vitória Sport Clube
[3851318] Could not find attributes for stipe perica (Royal Standard Club de Liège, 2022)
[4727245] Could not find attributes for jason davidson (Melbourne Victory FC, 2025)
[3851318] Failed to build match row: Royal Standard Club de Liège vs Yellow-Red Koninklijke Voetbalclub Mechelen
[4635130] Failed to scrape lineup: https://www.transfermarkt.co.uk/as-monaco_paris-saint-germain/index/spielbericht/4635130
[4097113] Could not find attributes for james beadle (Oxford United, 2022)
[4727245] Failed to build match row: Melbourne Victory FC vs Sydney Football Club
[4097113] Failed to build match row: Bristol City vs Oxford United

Keepers & outfield error for **FC Emmen** in Eindhovense Voetbalvereniging Philips Sport Vereniging vs FC Emmen: Numbers: 0 and 11.
[3602268] Could not find attributes for dmytro riznyk (Vorskla Poltava, 2021)
[4421078] Could not find attributes for vadim guskov (Biolog-Novokubansk Progress, 2024)
[4002935] Failed to build match row: Eindhovense Voetbalvereniging Philips Sport Vereniging vs FC Emmen
[4421078] Failed to build match row: Biolog-Novokubansk Progress vs Mashuk-KMV Pyatigorsk
[3602268] Failed to build match row: Vorskla Poltava vs FC Shakhtar Donetsk

Keepers & outfield error for **FC Paços de Ferreira** in FC Paços de Ferreira vs Sporting Clube de Braga: Numbers: 2 and 9.
[3889523] Could not find attributes for anton shunin (FK Dinamo Moskva, 2022)
[3869181] Failed to build match row: FC Paços de Ferreira vs Sporting Clube de Braga
[3889523] Failed to build match row: FK Dinamo Moskva vs FK Spartak Moskva
[4363236] Could not find attributes for matus hruska (FK Dukla Praha a.s., 2024)

Keepers & outfield error for **Real Betis Balompié S.A.D.** in Getafe Club de Fútbol S. A. D. Team Dubai vs Real Betis Balompié S.A.D.: Numbers: 0 and 11.
[3646609] Failed to scrape lineup: https://www.transfermarkt.co.uk/spielbericht/index/spielbericht/3646609
[4363236] Failed to build match row: FK Dukla Praha a.s. vs FC Viktoria Plzeň, a.s.
[3611472] Failed to build match row: Getafe Club de Fútbol S. A. D. Team Dubai vs Real Betis Balompié S.A.D.

Keepers & outfield error for **Valencia Club de Fútbol S. A. D.** in Valencia Club de Fútbol S. A. D. vs UD Las Palmas: Numbers: 2 and 9.
[4113164] Failed to build match row: Valencia Club de Fútbol S. A. D. vs UD Las Palmas
[4366856] Could not find attributes for zvonimir subaric (NK Lokomotiva Zagreb, 2024)
[4665054] Could not find attributes for kresimir krizmanic (Omilos Filathlon Irakliou FC, 2025)
[3461271] Could not find attributes for milos vulic (FC Crotone, 2020)
[4129654] Could not find attributes for salvatore sirigu (Fatih Karagümrük Sportif Faaliyetler San. Tic. A.Ş., 2023)
[4366856] Failed to build match row: NK Lokomotiva Zagreb vs Hrvatski Nogometni Klub Rijeka
[4665054] Failed to build match row: Omilos Filathlon Irakliou FC vs Athlitiki Enosi Kifisias
[4129654] Failed to build match row: Fatih Karagümrük Sportif Faaliyetler San. Tic. A.Ş. vs Pendikspor
[3461271] Failed to build match row: FC Crotone vs SPAL
[4587171] Could not find attributes for kalani kossa rienzi (Seattle Sounders FC, 2024)
[3840255] Could not find attributes for desire doue (Rennes, 2022)
[4587171] Failed to build match row: Seattle Sounders FC vs Real Salt Lake
[3840255] Failed to build match row: Rennes vs Racing Club de Lens

Keepers & outfield error for **CS Marítimo** in CS Marítimo vs Gil Vicente Futebol Clube: Numbers: 2 and 9.
[3450534] Could not find attributes for nikolaos karelis (ADO Den Haag, 2020)
[4395243] Could not find attributes for damjan djokovic (Fotbal Club CFR 1907 Cluj SA, 2024)
[3432073] Failed to build match row: CS Marítimo vs Gil Vicente Futebol Clube
[4395243] Failed to build match row: Asociația Fotbal Club Unirea 04 Slobozia vs Fotbal Club CFR 1907 Cluj SA
[3450534] Failed to build match row: ADO Den Haag vs Football Club Twente
[4709344] Could not find attributes for karl toko ekambi (Al-Fateh Club, 2025)
[4709344] Failed to build match row: Al-Fateh Club vs Al-Taawoun Football Club
[3925207] Could not find attributes for can dursun (Aarhus Fremad, 2022)
[3925207] Failed to build match row: Aarhus Fremad vs Brøndby Idrætsforening

Keepers & outfield error for **Stal Mielec** in Slask Wroclaw vs Stal Mielec: Numbers: 2 and 9.
[4360368] Failed to build match row: Slask Wroclaw vs Stal Mielec

Keepers & outfield error for **Algeciras CF** in Algeciras CF vs Unionistas CF: Numbers: 0 and 11.

Keepers & outfield error for **Casa Pia Atlético Clube** in Casa Pia Atlético Clube vs Clube Desportivo de Tondela: Numbers: 3 and 8.
[3700947] Failed to build match row: Algeciras CF vs Unionistas CF
[4648922] Failed to build match row: Casa Pia Atlético Clube vs Clube Desportivo de Tondela
[3497868] Could not find attributes for djakaridja traore (Córdoba CF, 2020)
[3497868] Failed to build match row: Córdoba CF vs Getafe Club de Fútbol S. A. D. Team Dubai
[4646164] Could not find attributes for denys marchenko (FK Obolon Kyiv, 2025)
[4646164] Failed to build match row: FK Obolon Kyiv vs SK Poltava

Keepers & outfield error for **Association Football Club Bournemouth** in Newcastle United Football Club vs Association Football Club Bournemouth: Numbers: 2 and 9.
[4788515] Failed to build match row: Newcastle United Football Club vs Association Football Club Bournemouth
[3851319] Could not find attributes for amirhossein hosseinzadeh (Royal Charleroi Sporting Club, 2022)
[4375306] Failed to build match row: Fußballklub Austria Wien vs Wattener Sportgemeinschaft Swarovski Tirol
[3851319] Failed to build match row: Koninklijke Atletiek Associatie Gent vs Royal Charleroi Sporting Club
[4370208] Failed to scrape lineup: https://www.transfermarkt.co.uk/standard-liege_union-saint-gilloise/index/spielbericht/4370208
[4514328] Could not find attributes for renato steffen (FC Lugano, 2024)
[4514328] Failed to build match row: FC Lugano vs Fussballclub Winterthur

Keepers & outfield error for **Adelaide United Football Club** in Adelaide United Football Club vs Melbourne City Football Club: Numbers: 0 and 11.
[4727246] Failed to build match row: Adelaide United Football Club vs Melbourne City Football Club
[4129655] Could not find attributes for shahrudin mahammadaliyev (Adana Demirspor, 2023)
[4129655] Failed to build match row: Adana Demirspor vs Kasımpaşa A.Ş.
[4395244] Could not find attributes for kouya mabea (Asociația Fotbal Club UTA Arad, 2024)
[4395244] Failed to build match row: SC Oţelul Galaţi vs Asociația Fotbal Club UTA Arad
[4225935] Could not find attributes for bartlomiej smolarczyk (FC Dordrecht, 2023)
[4225935] Failed to build match row: FC Dordrecht vs SC Cambuur Leeuwarden
[4646165] Failed to scrape lineup: https://www.transfermarkt.co.uk/fc-oleksandriya_nk-veres-rivne/index/spielbericht/4646165
[4366857] Failed to scrape lineup: https://www.transfermarkt.co.uk/slaven-belupo-koprivnica_hnk-hajduk-split/index/spielbericht/4366857
[3646610] Could not find attributes for andrey klimovich (Kuban Krasnodar, 2021)
[3646610] Failed to build match row: Kuban Krasnodar vs FK Krasnodar
[4635131] Could not find attributes for alexis vossah (Toulouse Football Club, 2025)
[4635131] Failed to build match row: Olympique de Marseille vs Toulouse Football Club
[3426667] Could not find attributes for atiba hutchinson (Beşiktaş Jimnastik Kulübü, 2020)
[3869182] Could not find attributes for xadas (CS Marítimo, 2022)
[4164115] Could not find attributes for maksymilian stryjek (Wycombe Wanderers, 2022)
[3851320] Failed to scrape lineup: https://www.transfermarkt.co.uk/oud-heverlee-leuven_kas-eupen/index/spielbericht/3851320
[3426667] Failed to build match row: Trabzonspor Kulübü vs Beşiktaş Jimnastik Kulübü
[4514331] Failed to scrape lineup: https://www.transfermarkt.co.uk/fc-lugano_servette-fc/index/spielbericht/4514331
[4624722] Could not find attributes for vladimir neuman (MFK Karvina, 2025)
[3869182] Failed to build match row: CS Marítimo vs Grupo Desportivo Estoril Praia
[4164115] Failed to build match row: Wycombe Wanderers vs Sutton United
[4624722] Failed to build match row: MFK Karvina vs FK Pardubice
[4363237] Could not find attributes for lukas hulka (Bohemians Praha 1905, a.s., 2024)
[4363237] Failed to build match row: Bohemians Praha 1905, a.s. vs FC Baník Ostrava a.s.
[3602269] Could not find attributes for vitinho (Futbolniy Klub Dynamo Kyiv, 2021)
[3602269] Failed to build match row: Futbolniy Klub Dynamo Kyiv vs SC Dnipro-1

Keepers & outfield error for **Futebol Clube de Arouca** in Futebol Clube de Arouca vs Clube Desportivo Santa Clara: Numbers: 2 and 9.
[4648923] Failed to build match row: Futebol Clube de Arouca vs Clube Desportivo Santa Clara

Keepers & outfield error for **Futebol Clube do Porto** in Futebol Clube do Porto vs Futebol Clube de Famalicão: Numbers: 2 and 9.
[3432074] Failed to build match row: Futebol Clube do Porto vs Futebol Clube de Famalicão
[4421079] Could not find attributes for makar ilyushenok (Sibir Novosibirsk, 2024)
[4529785] Could not find attributes for ji ho lee (Gangwon Football Club, 2024)
[4421079] Failed to build match row: Sibir Novosibirsk vs Temp Barnaul
[4529785] Failed to build match row: Gangwon Football Club vs Jeonbuk Hyundai Motors
[4097114] Could not find attributes for owen goodman (Colchester United, 2022)
[3497869] Could not find attributes for mujaid sadick (Deportivo de La Coruña, 2020)
[4097114] Failed to build match row: Cardiff City vs Colchester United

Keepers & outfield error for **Alaves** in Alaves vs Real Madrid Club de Fútbol: Numbers: 0 and 11.
[3461272] Could not find attributes for gianmarco vannucchi (Calcio Padova, 2020)
[3461272] Failed to build match row: Associazione Calcio Fiorentina vs Calcio Padova
[4407628] Failed to build match row: Alaves vs Real Madrid Club de Fútbol
[3497869] Failed to build match row: Deportivo de La Coruña vs Alaves
[4665055] Could not find attributes for david galiatsos (Panetolikos Agrinio, 2025)
[4635132] Failed to scrape lineup: https://www.transfermarkt.co.uk/losc-lille_olympique-marseille/index/spielbericht/4635132
[4665055] Failed to build match row: Panetolikos Agrinio vs Panathinaikos Athlitikos Omilos
[3889524] Could not find attributes for sergey pesjakov (FK Rostov, 2022)
[3889524] Failed to build match row: FK Rostov vs FK Sochi

Keepers & outfield error for **Wolverhampton Wanderers Football Club** in Wolverhampton Wanderers Football Club vs Tottenham Hotspur Football Club: Numbers: 0 and 11.
[4626137] Failed to build match row: Wolverhampton Wanderers Football Club vs Tottenham Hotspur Football Club
[4641496] Could not find attributes for jan plug (Feyenoord Rotterdam, 2025)
[4641496] Failed to build match row: Feyenoord Rotterdam vs Football Club Twente
[4646166] Could not find attributes for oleg bilyk (Epicentr Dunaivtsi, 2025)
[4646166] Failed to build match row: Epicentr Dunaivtsi vs FK Karpaty Lviv
[4363260] Failed to scrape lineup: https://www.transfermarkt.co.uk/fc-slovan-liberec_sk-sigma-olomouc/index/spielbericht/4363260
[4360370] Could not find attributes for bujar pllana (Klub Sportowy Lechia Gdańsk, 2024)
[4514332] Failed to scrape lineup: https://www.transfermarkt.co.uk/fc-winterthur_fc-basel-1893/index/spielbericht/4514332
[4002936] Could not find attributes for alessandro damen (SV Spakenburg, 2022)
[4709346] Failed to scrape lineup: https://www.transfermarkt.co.uk/al-ittihad-club_al-ahli-sfc/index/spielbericht/4709346
[4002936] Failed to build match row: SV Spakenburg vs VV Katwijk
[4360370] Failed to build match row: Jagiellonia-Bialystok Sportowa Spólka Akcyjna vs Klub Sportowy Lechia Gdańsk
[4395245] Could not find attributes for giannis anestis (Asociația Fotbal Club Botoșani, 2024)
[3851321] Failed to scrape lineup: https://www.transfermarkt.co.uk/kv-kortrijk_rfc-seraing/index/spielbericht/3851321
[3602270] Failed to scrape lineup: https://www.transfermarkt.co.uk/ingulets-petrove_nk-veres-rivne/index/spielbericht/3602270
[4395245] Failed to build match row: Asociația Fotbal Club Botoșani vs Asociația Fotbal Club Hermannstadt
[4624723] Failed to scrape lineup: https://www.transfermarkt.co.uk/1-fc-slovacko_fk-mlada-boleslav/index/spielbericht/4624723
[4103725] Failed to scrape lineup: https://www.transfermarkt.co.uk/genoa-cfc_udinese-calcio/index/spielbericht/4103725
[4808347] Could not find attributes for salvador mariscal (Club Santos Laguna S. A. de C. V., 2025)
[4808347] Failed to build match row: Club Santos Laguna S. A. de C. V. vs Club de Fútbol Monterrey Rayados A.C.
[3925208] Could not find attributes for dimitrije jensen (Ishöj IF, 2022)
[3925208] Failed to build match row: Ishöj IF vs Viborg Fodsports Forening
[4529786] Failed to scrape lineup: https://www.transfermarkt.co.uk/gwangju-fc_fc-seoul/index/spielbericht/4529786
[3889525] Failed to scrape lineup: https://www.transfermarkt.co.uk/cska-moscow_akhmat-grozny/index/spielbericht/3889525
[4635133] Could not find attributes for ally samatta (Le Havre Athletic Club, 2025)
[4635133] Failed to build match row: Le Havre Athletic Club vs Paris Football Club
[4587172] Could not find attributes for artem smolyakov (Los Angeles Football Club, 2024)
[4587172] Failed to build match row: Los Angeles Football Club vs San Diego Football Club
[3450536] Could not find attributes for timo letschert (Alkmaar Zaanstreek, 2020)
[3450536] Failed to build match row: Alkmaar Zaanstreek vs Vitesse Arnhem
[3851322] Failed to scrape lineup: https://www.transfermarkt.co.uk/cercle-brugge-_union-saint-gilloise/index/spielbericht/3851322
[4646167] Failed to scrape lineup: https://www.transfermarkt.co.uk/kolos-kovalivka_lnz-cherkasy/index/spielbericht/4646167
[4225936] Failed to build match row: SV Spakenburg vs Excelsior Rotterdam
[4395247] Could not find attributes for florin tanase (SC Fotbal Club FCSB SA, 2024)
[4514333] Could not find attributes for steven zuber (FC Zürich, 2024)
[4514333] Failed to build match row: Grasshopper Club Zürich vs FC Zürich
[4395247] Failed to build match row: F.C.V. Farul Constanța SA vs SC Fotbal Club FCSB SA
[3611473] Could not find attributes for njegos petrovic (Granada CF, 2021)
[4103726] Failed to scrape lineup: https://www.transfermarkt.co.uk/juventus-fc_frosinone-calcio/index/spielbericht/4103726
[3611473] Failed to build match row: Granada CF vs Celta
[3700966] Could not find attributes for stefanos souloukos (Athlitiki Enosi Larisas, 2021)
[3700966] Failed to build match row: Athlitiki Enosi Larisas vs Panthessalonikios Athlitikos Omilos Konstantinoupoliton
[3925209] Failed to scrape lineup: https://www.transfermarkt.co.uk/spielbericht/index/spielbericht/3925209
[3889526] Failed to scrape lineup: https://www.transfermarkt.co.uk/zenit-st-petersburg_torpedo-moskau/index/spielbericht/3889526
[4641497] Could not find attributes for mohamed ihattaren (Fortuna Sittardia Combinatie, 2025)
[4641497] Failed to build match row: Fortuna Sittardia Combinatie vs Alkmaar Zaanstreek
[3432075] Could not find attributes for ruben lameiras (Vitória Sport Clube, 2020)
[4529788] Failed to scrape lineup: https://www.transfermarkt.co.uk/suwon-fc_fc-anyang/index/spielbericht/4529788
[3450537] Failed to scrape lineup: https://www.transfermarkt.co.uk/rkc-waalwijk_ado-den-haag/index/spielbericht/3450537
[3432075] Failed to build match row: Vitória Sport Clube vs Futebol Clube de Famalicão
[4587174] Could not find attributes for sam rogers (Chicago Fire Soccer Club, 2024)
[4587174] Failed to build match row: Chicago Fire Soccer Club vs New England Revolution
[4624724] Could not find attributes for jakub uhrincat (FC Hradec Králové a.s., 2025)
[4624724] Failed to build match row: FC Hradec Králové a.s. vs FC Baník Ostrava a.s.
[4665056] Could not find attributes for lindsay rose (Aris Thessalonikis, 2025)
[4788516] Could not find attributes for jamie donley (Oxford United, 2025)
[4665056] Failed to build match row: Aris Thessalonikis vs Athlitiki Enosi Konstantinoupoleos
[4788516] Failed to build match row: Milton Keynes Dons vs Oxford United
[4727247] Failed to scrape lineup: https://www.transfermarkt.co.uk/wellington-phoenix_macarthur-fc/index/spielbericht/4727247
[4225937] Failed to scrape lineup: https://www.transfermarkt.co.uk/spielbericht/index/spielbericht/4225937
[3840257] Could not find attributes for faouzi ghoulam (Angers Sporting Club de l'Ouest, 2022)
[3840257] Failed to build match row: Angers Sporting Club de l'Ouest vs Lille Olympique Sporting Club
[3615558] Failed to scrape lineup: https://www.transfermarkt.co.uk/spielbericht/index/spielbericht/3615558
[4395251] Failed to scrape lineup: https://www.transfermarkt.co.uk/cfr-cluj_fc-rapid-1923/index/spielbericht/4395251
[4514334] Failed to scrape lineup: https://www.transfermarkt.co.uk/fc-lausanne-sport_fc-luzern/index/spielbericht/4514334
[4363261] Could not find attributes for martin janacek (SK Dynamo Ceske Budejovice, 2024)
[4094723] Failed to scrape lineup: https://www.transfermarkt.co.uk/rc-strasbourg-alsace_losc-lille/index/spielbericht/4094723
[3611474] Failed to scrape lineup: https://www.transfermarkt.co.uk/real-madrid_rcd-espanyol-barcelona/index/spielbericht/3611474
[4103727] Failed to scrape lineup: https://www.transfermarkt.co.uk/us-lecce_inter-milan/index/spielbericht/4103727
[4363261] Failed to build match row: SK Slavia Praha, a.s. vs SK Dynamo Ceske Budejovice
[3602271] Could not find attributes for yuriy pankiv (FC Rukh Lviv, 2021)
[3602271] Failed to build match row: FC Rukh Lviv vs FC Oleksandriya
[4097115] Could not find attributes for rob street (Cheltenham Town, 2022)
[4097115] Failed to build match row: Cheltenham Town vs Birmingham City
[4709347] Could not find attributes for abdoulaye doucoure (Neom Sports Club, 2025)
[4709347] Failed to build match row: Neom Sports Club vs Al-Nassr Football Club
[4808348] Could not find attributes for kevin mier (Club de Fútbol Cruz Azul S.A. de C.V., 2025)
[3450538] Failed to scrape lineup: https://www.transfermarkt.co.uk/willem-ii-tilburg_ajax-amsterdam/index/spielbericht/3450538
[4808348] Failed to build match row: Club de Fútbol Cruz Azul S.A. de C.V. vs Impulsora del Deportivo Necaxa S.A. de C.V.
[4788517] Failed to scrape lineup: https://www.transfermarkt.co.uk/spielbericht/index/spielbericht/4788517
[4225938] Failed to scrape lineup: https://www.transfermarkt.co.uk/spielbericht/index/spielbericht/4225938
[4421080] Could not find attributes for batraz bogiev (Torpedo Miass, 2024)
[4421080] Failed to build match row: Torpedo Miass vs Nosta Novotroitsk
[4113167] Could not find attributes for pejino (UD Las Palmas, 2023)
[4113167] Failed to build match row: UD Las Palmas vs Granada CF
[3615559] Failed to scrape lineup: https://www.transfermarkt.co.uk/spielbericht/index/spielbericht/3615559
[4395253] Failed to scrape lineup: https://www.transfermarkt.co.uk/fc-hermannstadt_fc-universitatea-cluj/index/spielbericht/4395253
[4360372] Failed to scrape lineup: https://www.transfermarkt.co.uk/pogon-szczecin_legia-warszawa/index/spielbericht/4360372
[4094724] Failed to scrape lineup: https://www.transfermarkt.co.uk/fc-toulouse_as-monaco/index/spielbericht/4094724
[3611475] Failed to scrape lineup: https://www.transfermarkt.co.uk/sevilla-fc_cadiz-cf/index/spielbericht/3611475
[4514335] Failed to scrape lineup: https://www.transfermarkt.co.uk/servette-fc_bsc-young-boys/index/spielbericht/4514335
[4363262] Failed to scrape lineup: https://www.transfermarkt.co.uk/fk-teplice_ac-sparta-prague/index/spielbericht/4363262
[4103728] Failed to scrape lineup: https://www.transfermarkt.co.uk/ac-milan_atalanta-bc/index/spielbericht/4103728
[4626139] Could not find attributes for antonin kinsky (Tottenham Hotspur Football Club, 2025)
[4626139] Failed to build match row: Aston Villa Football Club vs Tottenham Hotspur Football Club

Keepers & outfield error for **Football Club Lorient-Bretagne Sud** in Football Club Lorient-Bretagne Sud vs Olympique de Marseille: Numbers: 0 and 11.
[3602272] Failed to scrape lineup: https://www.transfermarkt.co.uk/sc-dnipro-1_fc-minaj/index/spielbericht/3602272
[3840258] Failed to build match row: Football Club Lorient-Bretagne Sud vs Olympique de Marseille
[3700967] Could not find attributes for james jeggo (Aris Thessalonikis, 2021)
[3700967] Failed to build match row: Aris Thessalonikis vs Omilos Filathlon Irakliou FC
[4097116] Failed to scrape lineup: https://www.transfermarkt.co.uk/spielbericht/index/spielbericht/4097116
[3497870] Could not find attributes for albert estelles (UE Cornellà, 2020)
[3497870] Failed to build match row: UE Cornellà vs Club Atlético de Madrid S.A.D.
[3889527] Could not find attributes for matvey safonov (FK Krasnodar, 2022)
[3889527] Failed to build match row: FK Krasnodar vs FC Orenburg
[4624725] Could not find attributes for lukas hulka (Bohemians Praha 1905, a.s., 2025)
[4624725] Failed to build match row: FC Viktoria Plzeň, a.s. vs Bohemians Praha 1905, a.s.
[3432076] Could not find attributes for felipe pires (Moreirense Futebol Clube, 2020)
[3461273] Could not find attributes for vittorio parigini (Genoa Cricket and Football Club, 2020)
[3461273] Failed to build match row: Genoa Cricket and Football Club vs US Catanzaro
[3432076] Failed to build match row: Moreirense Futebol Clube vs Futebol Clube de Famalicão
[3450539] Failed to scrape lineup: https://www.transfermarkt.co.uk/ado-den-haag_az-alkmaar/index/spielbericht/3450539

Keepers & outfield error for **Vitória Sport Clube** in Vitória Sport Clube vs Futebol Clube do Porto: Numbers: 0 and 11.
[3869183] Failed to build match row: Vitória Sport Clube vs Futebol Clube do Porto
[4665057] Could not find attributes for alexei koselev (APS Atromitos Athinon, 2025)
[4665057] Failed to build match row: APS Atromitos Athinon vs Olympiakos Syndesmos Filathlon Peiraios
[4626140] Failed to scrape lineup: https://www.transfermarkt.co.uk/afc-bournemouth_crystal-palace/index/spielbericht/4626140
[4375309] Failed to scrape lineup: https://www.transfermarkt.co.uk/tsv-hartberg_fc-blau-weiss-linz/index/spielbericht/4375309
[3602273] Could not find attributes for dmytro riznyk (Vorskla Poltava, 2021)
[4103729] Failed to scrape lineup: https://www.transfermarkt.co.uk/as-roma_torino-fc/index/spielbericht/4103729
[4113168] Failed to scrape lineup: https://www.transfermarkt.co.uk/valencia-cf_granada-cf/index/spielbericht/4113168
[3602273] Failed to build match row: Vorskla Poltava vs Chornomorets Odesa
[3925210] Could not find attributes for jonathan fischer (Hobro IK, 2022)
icht/index/spielbericht/4097117
[4445694] Could not find attributes for will lankshear (Tottenham Hotspur Football Club, 2024)
[3615560] Could not find attributes for stivi frasheri (KF Teuta, 2021)
[3432077] Failed to scrape lineup: https://www.transfermarkt.co.uk/b-sad_gil-vicente-fc/index/spielbericht/3432077
[4445694] Failed to build match row: Ferencvárosi TC vs Tottenham Hotspur Football Club
[3925210] Failed to build match row: Hobro IK vs Football Club København
[3615560] Failed to build match row: KF Teuta vs Inter Club d'Escaldes
[4514336] Could not find attributes for marley ake (Yverdon Sport FC, 2024)
[4514336] Failed to build match row: Yverdon Sport FC vs FC Lugano
[4363263] Could not find attributes for matous trmal (FK Mladá Boleslav, a.s., 2024)
[4363263] Failed to build match row: FK Mladá Boleslav, a.s. vs 1. FC Slovácko
[3461274] Could not find attributes for ivor pandur (Verona Hellas Football Club, 2020)
[3461274] Failed to build match row: Verona Hellas Football Club vs Venezia FC
[4624726] Failed to scrape lineup: https://www.transfermarkt.co.uk/fc-zlin_sk-slavia-prague/index/spielbericht/4624726
[4421081] Could not find attributes for grigoriy kevaev (Dinamo Kirov, 2024)
[4421081] Failed to build match row: Dinamo Kirov vs Sokol Kazan
[3450540] Could not find attributes for zinedine machach (VVV-Venlo, 2020)
[3869184] Could not find attributes for kiko bondoso (FC Vizela, 2022)
[3450540] Failed to build match row: Football Club Groningen vs VVV-Venlo
[3869184] Failed to build match row: Sporting Clube de Portugal vs FC Vizela
[4646168] Could not find attributes for isaque (FC Shakhtar Donetsk, 2025)
[4646168] Failed to build match row: FC Shakhtar Donetsk vs FK Polissya Zhytomyr
[4709348] Could not find attributes for kewin (Damac Football Club, 2025)
[3497871] Could not find attributes for martin diz (Pontevedra CF, 2020)
[3497871] Failed to build match row: Pontevedra CF vs Cádiz CF
[4709348] Failed to build match row: Al-Riyadh Saudi Club vs Damac Football Club
[3602274] Failed to scrape lineup: https://www.transfermarkt.co.uk/kolos-kovalivka_pfc-lviv/index/spielbericht/3602274
[4395255] Could not find attributes for samy bourard (SC Oţelul Galaţi, 2024)
[4395255] Failed to build match row: F.C.V. Farul Constanța SA vs SC Oţelul Galaţi
[3889528] Could not find attributes for vanja drkusic (FK Sochi, 2022)
[3611476] Could not find attributes for nemanja radoja (Levante Unión Deportiva S.A.D., 2021)
[3889528] Failed to build match row: FK Sochi vs FC Khimki (-2025)
[3611476] Failed to build match row: Valencia Club de Fútbol S. A. D. vs Levante Unión Deportiva S.A.D.
[4587176] Could not find attributes for jayden hibbert (Atlanta United Football Club, 2024)
[4587176] Failed to build match row: Atlanta United Football Club vs Columbus Crew
[4641499] Could not find attributes for ringo meerveld (Sportclub Heerenveen, 2025)
[4641499] Failed to build match row: Heracles Almelo vs Sportclub Heerenveen
[4635134] Could not find attributes for fode ballo toure (Football Club de Metz, 2025)
[4635134] Failed to build match row: Association de la Jeunesse auxerroise vs Football Club de Metz
[4665058] Could not find attributes for jakub pokorny (Athlitiki Enosi Kifisias, 2025)
[4363264] Failed to scrape lineup: https://www.transfermarkt.co.uk/fk-pardubice_mfk-karvina/index/spielbericht/4363264
[4665058] Failed to build match row: Athlitiki Enosi Kifisias vs Athlitiki Enosi Larisas
[4514339] Failed to scrape lineup: https://www.transfermarkt.co.uk/fc-basel-1893_grasshopper-club-zurich/index/spielbericht/4514339
[3869185] Failed to scrape lineup: https://www.transfermarkt.co.uk/boavista-fc_gd-chaves/index/spielbericht/3869185
[4529789] Could not find attributes for bruno lamas (Daegu FC, 2024)
[4529789] Failed to build match row: Jeju SK Football Club vs Daegu FC
[4727249] Could not find attributes for marcel tisserand (Sydney Football Club, 2025)
[4727249] Failed to build match row: Sydney Football Club vs Melbourne Victory FC
[4626141] Could not find attributes for yegor yarmolyuk (Brentford Football Club, 2025)
[4626141] Failed to build match row: Brentford Football Club vs West Ham United Football Club
[4395256] Could not find attributes for giannis anestis (Asociația Fotbal Club Botoșani, 2024)
[4360374] Could not find attributes for michal kaput (Radomiak S.A., 2024)
[4360374] Failed to build match row: Radomiak S.A. vs Miejski Klub Sportowy Korona Kielce Spółka Akcyjna
[4395256] Failed to build match row: Asociația Fotbal Club Botoșani vs ACSM Politehnica Iasi
[3889529] Failed to scrape lineup: https://www.transfermarkt.co.uk/fc-pari-nizhniy-novgorod_dynamo-moscow/index/spielbericht/3889529
[4808350] Could not find attributes for kasper boogaard (Alkmaar Zaanstreek, 2025)
[4808350] Failed to build match row: Alkmaar Zaanstreek vs Football Club Twente
[3869186] Failed to scrape lineup: https://www.transfermarkt.co.uk/casa-pia-ac_gil-vicente-fc/index/spielbericht/3869186
[4529795] Failed to scrape lineup: https://www.transfermarkt.co.uk/daejeon-hana-citizen_gimcheon-sangmu/index/spielbericht/4529795
[4363265] Failed to scrape lineup: https://www.transfermarkt.co.uk/fc-viktoria-plzen_fc-hradec-kralove/index/spielbericht/4363265
[3700968] Could not find attributes for darko jevtic (Athlitiki Enosi Konstantinoupoleos, 2021)
[4587177] Could not find attributes for idan toklomati (Charlotte Football Club, 2024)
[4641500] Failed to scrape lineup: https://www.transfermarkt.co.uk/nec-nijmegen_ajax-amsterdam/index/spielbericht/4641500
[4635135] Failed to scrape lineup: https://www.transfermarkt.co.uk/fc-nantes_rc-lens/index/spielbericht/4635135
[4587177] Failed to build match row: Charlotte Football Club vs Club Internacional de Fútbol Miami
[3700968] Failed to build match row: Athlitiki Enosi Konstantinoupoleos vs Athlitiki Enosi Kifisias

Keepers & outfield error for **Granada CF** in Real Madrid Club de Fútbol vs Granada CF: Numbers: 0 and 11.
[4113169] Failed to build match row: Real Madrid Club de Fútbol vs Granada CF
[3450541] Could not find attributes for timo letschert (Alkmaar Zaanstreek, 2020)
[3450541] Failed to build match row: Fortuna Sittardia Combinatie vs Alkmaar Zaanstreek
[4646169] Could not find attributes for danylo varakuta (TOV FK Metalist 1925 Kharkiv, 2025)
[4646169] Failed to build match row: TOV FK Metalist 1925 Kharkiv vs FK Kudrivka-1
[4103730] Could not find attributes for konstantinos manolas (US Salernitana 1919, 2023)
[4103730] Failed to build match row: US Salernitana 1919 vs AC Monza
[3615561] Could not find attributes for teitur gestsson (HB Tórshavn, 2021)
[3615561] Failed to build match row: HB Tórshavn vs Buducnost Podgorica
[3432078] Could not find attributes for bilel aouacheria (SC Farense, 2020)
[3432078] Failed to build match row: SC Farense vs Boavista FC
[4665059] Could not find attributes for panagiotis liagas (APO Levadiakos Football Club, 2025)
[4665059] Failed to build match row: APO Levadiakos Football Club vs Volou Neos Podosferikos Syllogos
[4646170] Could not find attributes for maksym korobov (Futbolniy Klub Dynamo Kyiv, 2025)
[4646170] Failed to build match row: Futbolniy Klub Dynamo Kyiv vs FC Zorya Lugansk
[4445696] Could not find attributes for robert zulj (Linzer Athletik-Sport-Klub, 2024)
[4445696] Failed to build match row: Associazione Calcio Fiorentina vs Linzer Athletik-Sport-Klub

Keepers & outfield error for **Futebol Clube de Arouca** in Futebol Clube de Arouca vs Portimonense SC: Numbers: 2 and 9.
[3869188] Failed to build match row: Futebol Clube de Arouca vs Portimonense SC
[4665060] Could not find attributes for kresimir krizmanic (Omilos Filathlon Irakliou FC, 2025)
[4665060] Failed to build match row: Omilos Filathlon Irakliou FC vs A.G.S Asteras Tripolis
[4395257] Could not find attributes for matej simic (Sepsi OSK Sf. Gheorghe, 2024)
[4395257] Failed to build match row: Fotbal Club Petrolul Ploiești vs Sepsi OSK Sf. Gheorghe
[4808351] Could not find attributes for deveron fonville (Nijmegen Eendracht Combinatie, 2025)
[4808351] Failed to build match row: Nijmegen Eendracht Combinatie vs Football Club Volendam
[4587178] Could not find attributes for walker zimmerman (Nashville SC, 2024)
[4587178] Failed to build match row: Football Club Cincinnati vs Nashville SC
[3615562] Could not find attributes for michael newberry (Linfield FC, 2021)
[3615562] Failed to build match row: Linfield FC vs FK Borac Banja Luka
[3869189] Could not find attributes for xadas (CS Marítimo, 2022)
[3869189] Failed to build match row: CS Marítimo vs Futebol Clube de Famalicão
[4648924] Could not find attributes for joao moutinho (Sporting Clube de Braga, 2025)
[4648924] Failed to build match row: Sporting Clube de Braga vs Grupo Desportivo Estoril Praia
[3851325] Could not find attributes for andy musayev (KV Oostende, 2022)
[3851325] Failed to build match row: KV Oostende vs Royal Antwerp Football Club
[4624727] Could not find attributes for augustin drakpe (FC Slovan Liberec, 2025)
[4624727] Failed to build match row: FC Slovan Liberec vs FK Teplice, a.s.
[4514340] Failed to scrape lineup: https://www.transfermarkt.co.uk/fc-luzern_fc-st-gallen-1879/index/spielbericht/4514340
[4395258] Could not find attributes for damjan djokovic (Fotbal Club CFR 1907 Cluj SA, 2024)
[4395258] Failed to build match row: Fotbal Club CFR 1907 Cluj SA vs ASFC Buzau (2016-2025)
[3592255] Failed to scrape lineup: https://www.transfermarkt.co.uk/tottenham-hotspur_brighton-amp-hove-albion/index/spielbericht/3592255
[3838256] Could not find attributes for joao palhinha (Fulham Football Club, 2022)
[3838256] Failed to build match row: Crystal Palace Football Club vs Fulham Football Club
[3461275] Could not find attributes for botond balogh (Parma Calcio 1913, 2020)
[3461275] Failed to build match row: Parma Calcio 1913 vs Delfino Pescara 1936
[4587181] Could not find attributes for peyton miller (New England Revolution, 2024)
[4587181] Failed to build match row: New England Revolution vs Toronto FC
[4727250] Failed to scrape lineup: https://www.transfermarkt.co.uk/auckland-fc_brisbane-roar/index/spielbericht/4727250
[4665061] Could not find attributes for davide calabria (Panathinaikos Athlitikos Omilos, 2025)
[4665061] Failed to build match row: Panathinaikos Athlitikos Omilos vs Panserraikos Serres

Keepers & outfield error for **Futebol Clube do Porto** in Futebol Clube do Porto vs FC Paços de Ferreira: Numbers: 0 and 11.
[3869190] Failed to build match row: Futebol Clube do Porto vs FC Paços de Ferreira
[4375310] Could not find attributes for joane gadou (Fußballclub Red Bull Salzburg, 2024)
[4375310] Failed to build match row: Fußballclub Red Bull Salzburg vs Grazer Athletiksport Klub 1902
[3925211] Could not find attributes for oliver stenderup (Hörsholm Usseröd IK, 2022)
[3925211] Failed to build match row: Hörsholm Usseröd IK vs AC Horsens
[4529798] Failed to scrape lineup: https://www.transfermarkt.co.uk/pohang-steelers_jeju-sk/index/spielbericht/4529798
[4641501] Failed to scrape lineup: https://www.transfermarkt.co.uk/nac-breda_sc-telstar/index/spielbericht/4641501
[4113170] Failed to scrape lineup: https://www.transfermarkt.co.uk/valencia-cf_atletico-de-madrid/index/spielbericht/4113170
[3700969] Failed to scrape lineup: https://www.transfermarkt.co.uk/spielbericht/index/spielbericht/3700969
[3588353] Failed to scrape lineup: https://www.transfermarkt.co.uk/vfl-bochum_borussia-dortmund/index/spielbericht/3588353
[4370209] Failed to scrape lineup: https://www.transfermarkt.co.uk/beerschot-va_sint-truidense-vv/index/spielbericht/4370209
[4421082] Could not find attributes for nikita shulkin (Khimik Dzerzhinsk, 2024)
[4421082] Failed to build match row: Khimik Dzerzhinsk vs Broke Boys Moscow
[3646611] Could not find attributes for oleg baklov (KamAZ Naberezhnye Chelny, 2021)
amo-zagreb/index/spielbericht/4366863
[3646611] Failed to build match row: KamAZ Naberezhnye Chelny vs Ural Yekaterinburg
[4648925] Could not find attributes for noah saviolo (Vitória Sport Clube, 2025)
[4648925] Failed to build match row: Vitória Sport Clube vs Casa Pia Atlético Clube
[4624728] Could not find attributes for hugo jan backovsky (FK Dukla Praha a.s., 2025)
[4624728] Failed to build match row: FK Dukla Praha a.s. vs FK Jablonec a.s.
[4097118] Could not find attributes for tyrese omotoye (Forest Green Rovers, 2022)
[4097118] Failed to build match row: Forest Green Rovers vs Portsmouth FC
[3497872] Could not find attributes for oscar fornes (CF La Nucía, 2020)
[3497872] Failed to build match row: CF La Nucía vs Elche Club de Fútbol S.A.D.
[3432079] Failed to scrape lineup: https://www.transfermarkt.co.uk/b-sad_fc-pacos-de-ferreira/index/spielbericht/3432079
[4665062] Could not find attributes for christos sielis (Panetolikos Agrinio, 2025)
[4360375] Failed to scrape lineup: https://www.transfermarkt.co.uk/rakow-czestochowa_zaglebie-lubin/index/spielbericht/4360375
[4363266] Could not find attributes for jakub markovic (FC Baník Ostrava a.s., 2024)
[4529800] Failed to scrape lineup: https://www.transfermarkt.co.uk/gimcheon-sangmu_fc-anyang/index/spielbericht/4529800
[4665062] Failed to build match row: Panetolikos Agrinio vs Panthessalonikios Athlitikos Omilos Konstantinoupoliton
[3889530] Failed to scrape lineup: https://www.transfermarkt.co.uk/fakel-voronezh_spartak-moscow/index/spielbericht/3889530
[4363266] Failed to build match row: FC Baník Ostrava a.s. vs FK Jablonec a.s.

Keepers & outfield error for **Wolverhampton Wanderers Football Club** in Tottenham Hotspur Football Club vs Wolverhampton Wanderers Football Club: Numbers: 0 and 11.
[3592256] Failed to build match row: Tottenham Hotspur Football Club vs Wolverhampton Wanderers Football Club

Keepers & outfield error for **Vitória Sport Clube** in Sporting Clube de Portugal vs Vitória Sport Clube: Numbers: 2 and 9.
[3869191] Failed to build match row: Sporting Clube de Portugal vs Vitória Sport Clube
[4727251] Could not find attributes for xavier bertoncello (Newcastle United Jets Football Club, 2025)
[4727251] Failed to build match row: Newcastle United Jets Football Club vs Perth Glory Football Club
[4646171] Failed to scrape lineup: https://www.transfermarkt.co.uk/sc-poltava_epicentr-kamyanets-podilskyi/index/spielbericht/4646171
[4445697] Failed to scrape lineup: https://www.transfermarkt.co.uk/spielbericht/index/spielbericht/4445697
 2 and 9.
[4641502] Failed to build match row: AFC Ajax Amsterdam vs Feyenoord Rotterdam
[4626142] Could not find attributes for jesse derry (Chelsea Football Club, 2025)
[4626142] Failed to build match row: Chelsea Football Club vs Nottingham Forest Football Club
[3426668] Failed to scrape lineup: https://www.transfermarkt.co.uk/antalyaspor_genclerbirligi-ankara/index/spielbericht/3426668
[4129656] Failed to scrape lineup: https://www.transfermarkt.co.uk/fenerbahce_alanyaspor/index/spielbericht/4129656
[4225939] Could not find attributes for tim coremans (ADO Den Haag, 2023)
[4225939] Failed to build match row: ADO Den Haag vs Sparta Rotterdam
[3432080] Failed to scrape lineup: https://www.transfermarkt.co.uk/cd-santa-clara_cd-nacional/index/spielbericht/3432080
[3588354] Could not find attributes for jetro willems (SpVgg Greuther Fürth, 2021)
[3588354] Failed to build match row: SpVgg Greuther Fürth vs 1. Fußballclub Union Berlin
[4366864] Could not find attributes for marko malenica (NK Osijek s.d.d., 2024)
[4366864] Failed to build match row: NK Osijek s.d.d. vs HNK Gorica
[4103733] Could not find attributes for mattia destro (FC Empoli, 2023)
[4103733] Failed to build match row: FC Empoli vs Cagliari Calcio
[4370210] Could not find attributes for takuma ominami (Oud-Heverlee Leuven, 2024)
[4370210] Failed to build match row: Oud-Heverlee Leuven vs KV Kortrijk
[3602275] Could not find attributes for denys sydorenko (TOV FK Metalist 1925 Kharkiv, 2021)
[3602275] Failed to build match row: TOV FK Metalist 1925 Kharkiv vs FC Zorya Lugansk

Keepers & outfield error for **Rio Ave Futebol Clube** in Rio Ave Futebol Clube vs Boavista FC: Numbers: 2 and 9.
[3869192] Failed to build match row: Rio Ave Futebol Clube vs Boavista FC
[4445698] Could not find attributes for kostas pileas (Pafos FC, 2024)
[4445698] Failed to build match row: Associazione Calcio Fiorentina vs Pafos FC
[3851327] Could not find attributes for denys bunchukov (RFC Seraing, 2022)
[3851327] Failed to build match row: RFC Seraing vs Koninklijke Atletiek Associatie Gent
[3889531] Could not find attributes for mikhail oparin (RFK Akhmat Grozny, 2022)

Keepers & outfield error for **Stal Mielec** in Stal Mielec vs Motor Lublin Spółka Akcyjna: Numbers: 2 and 9.
[3889531] Failed to build match row: RFK Akhmat Grozny vs PFK Krylya Sovetov Samara
[4360376] Failed to build match row: Stal Mielec vs Motor Lublin Spółka Akcyjna
[4587182] Could not find attributes for beau leroux (San Jose Earthquakes, 2024)
[4587182] Failed to build match row: San Jose Earthquakes vs Los Angeles Football Club
[3415285] Could not find attributes for barnabas bese (Oud-Heverlee Leuven, 2020)
[3415285] Failed to build match row: KV Oostende vs Oud-Heverlee Leuven
[3838257] Failed to scrape lineup: https://www.transfermarkt.co.uk/everton-fc_wolverhampton-wanderers/index/spielbericht/3838257
[3461276] Failed to scrape lineup: https://www.transfermarkt.co.uk/spielbericht/index/spielbericht/3461276
[4103734] Could not find attributes for nadir zortea (Frosinone Calcio, 2023)
[4103734] Failed to build match row: Frosinone Calcio vs Unione Sportiva Lecce
[3615563] Failed to scrape lineup: https://www.transfermarkt.co.uk/spielbericht/index/spielbericht/3615563
[4624729] Failed to scrape lineup: https://www.transfermarkt.co.uk/ac-sparta-prague_1-fc-slovacko/index/spielbericht/4624729

Keepers & outfield error for **Jeonbuk Hyundai Motors** in Gimcheon Sangmu Football Club vs Jeonbuk Hyundai Motors: Numbers: 0 and 11.
[4514342] Failed to scrape lineup: https://www.transfermarkt.co.uk/fc-winterthur_fc-zurich/index/spielbericht/4514342
[4529803] Failed to build match row: Gimcheon Sangmu Football Club vs Jeonbuk Hyundai Motors
[4709349] Could not find attributes for matheus goncalves (Al-Ahli Saudi Football Club, 2025)
[4395259] Could not find attributes for khadim rassoul (Asociația Fotbal Club UTA Arad, 2024)
[4002939] Could not find attributes for sonny stevens (ADO Den Haag, 2022)
[4635137] Could not find attributes for daouda guindo (Stade brestois 29, 2025)
[4395259] Failed to build match row: Asociația Fotbal Club UTA Arad vs SC Dinamo 1948 SA
[4646172] Could not find attributes for mykyta burda (FK Kolos Kovalivka, 2025)
Ş., 2023)
[4709349] Failed to build match row: Al-Ahli Saudi Football Club vs Al-Riyadh Saudi Club
[4097119] Could not find attributes for robbie mckenzie (Gillingham FC, 2022)
[4635137] Failed to build match row: Stade brestois 29 vs Association sportive de Monaco Football Club
[4646172] Failed to build match row: FK Kolos Kovalivka vs FC Shakhtar Donetsk
[4002939] Failed to build match row: ADO Den Haag vs Go Ahead Eagles
[4129657] Failed to build match row: Istanbulspor vs Gaziantep Futbol Kulübü A.Ş.
[4097119] Failed to build match row: Gillingham FC vs Southampton FC
[3588373] Could not find attributes for jetro willems (SpVgg Greuther Fürth, 2021)
[4164116] Could not find attributes for jack senga (Reading FC, 2022)
[3588373] Failed to build match row: Borussia Dortmund vs SpVgg Greuther Fürth
[4164116] Failed to build match row: Reading FC vs Ipswich Town

Keepers & outfield error for **Grupo Desportivo Estoril Praia** in Grupo Desportivo Estoril Praia vs Sport Lisboa e Benfica: Numbers: 0 and 11.
[3889532] Failed to scrape lineup: https://www.transfermarkt.co.uk/ural-yekaterinburg_zenit-st-petersburg/index/spielbericht/3889532
[3869193] Failed to build match row: Grupo Desportivo Estoril Praia vs Sport Lisboa e Benfica
[4370211] Could not find attributes for rob schoofs (Yellow-Red Koninklijke Voetbalclub Mechelen, 2024)
[4370211] Failed to build match row: Yellow-Red Koninklijke Voetbalclub Mechelen vs Cercle Brugge Koninklijke Sportvereniging
[3450544] Could not find attributes for ahmed touba (RKC Waalwijk, 2020)

Keepers & outfield error for **Gil Vicente Futebol Clube** in Gil Vicente Futebol Clube vs Clube Desportivo Nacional: Numbers: 0 and 11.
[3450544] Failed to build match row: RKC Waalwijk vs VVV-Venlo
[3432081] Failed to build match row: Gil Vicente Futebol Clube vs Clube Desportivo Nacional
[4648926] Failed to scrape lineup: https://www.transfermarkt.co.uk/gil-vicente-fc_fc-arouca/index/spielbericht/4648926

Keepers & outfield error for **Rayo Vallecano de Madrid S. A. D.** in Rayo Vallecano de Madrid S. A. D. vs Valencia Club de Fútbol S. A. D.: Numbers: 2 and 9.
[4407635] Failed to build match row: Rayo Vallecano de Madrid S. A. D. vs Valencia Club de Fútbol S. A. D.
[4375311] Could not find attributes for robert zulj (Linzer Athletik-Sport-Klub, 2024)
[4375311] Failed to build match row: Linzer Athletik-Sport-Klub vs Turn- und Sportverein Egger Glas Hartberg
[4808352] Could not find attributes for gerald alders (Sportclub Telstar, 2025)
[4808352] Failed to build match row: Sportclub Telstar vs Go Ahead Eagles
[3602276] Could not find attributes for igor lytovka (Desna Chernigiv, 2021)
[3602276] Failed to build match row: FC Shakhtar Donetsk vs Desna Chernigiv
[4366867] Could not find attributes for zvonimir subaric (NK Lokomotiva Zagreb, 2024)
[4366867] Failed to build match row: NK Lokomotiva Zagreb vs NK Slaven Belupo Koprivnica

Keepers & outfield error for **Manchester City Football Club** in Manchester City Football Club vs Brentford Football Club: Numbers: 2 and 9.
[3592258] Failed to build match row: Manchester City Football Club vs Brentford Football Club
[4624730] Could not find attributes for louis lurvink (SK Sigma Olomouc, a.s., 2025)
[4624730] Failed to build match row: SK Sigma Olomouc, a.s. vs MFK Karvina
[3646612] Could not find attributes for petr kosarevskiy (Veles Moscow, 2021)
[3646612] Failed to build match row: Veles Moscow vs Arsenal Tula
[4709350] Could not find attributes for loreintz rosier (Al-Hazem Sport Club, 2025)
[4709350] Failed to build match row: Al-Ettifaq Football Club vs Al-Hazem Sport Club
[4635138] Could not find attributes for yvon mvogo (Football Club Lorient-Bretagne Sud, 2025)
[3889533] Could not find attributes for daniil khudyakov (Футбольный клуб "Локомотив" Москва, 2022)
[4635138] Failed to build match row: Football Club Lorient-Bretagne Sud vs Olympique Lyonnais
[3889533] Failed to build match row: Футбольный клуб "Локомотив" Москва vs FC Orenburg

Keepers & outfield error for **Stal Mielec** in Klub Sportowy Cracovia Spółka Akcyjna vs Stal Mielec: Numbers: 2 and 9.
[4360378] Failed to build match row: Klub Sportowy Cracovia Spółka Akcyjna vs Stal Mielec
[4129658] Could not find attributes for ousseynou ba (İstanbul Başakşehir Futbol Kulübü, 2023)

Keepers & outfield error for **Clube Desportivo de Tondela** in Clube Desportivo de Tondela vs Moreirense Futebol Clube: Numbers: 2 and 9.
[4648927] Failed to build match row: Clube Desportivo de Tondela vs Moreirense Futebol Clube
[4129658] Failed to build match row: Galatasaray Spor Kulübü vs İstanbul Başakşehir Futbol Kulübü
[4808353] Could not find attributes for ringo meerveld (Sportclub Heerenveen, 2025)
[4808353] Failed to build match row: Eindhovense Voetbalvereniging Philips Sport Vereniging vs Sportclub Heerenveen

Keepers & outfield error for **Granada CF** in Granada CF vs Girona Fútbol Club S. A. D.: Numbers: 0 and 11.
[4113172] Failed to build match row: Granada CF vs Girona Fútbol Club S. A. D.
[3838259] Failed to scrape lineup: https://www.transfermarkt.co.uk/leicester-city_newcastle-united/index/spielbericht/3838259
[3869194] Failed to scrape lineup: https://www.transfermarkt.co.uk/gd-chaves_cd-santa-clara/index/spielbericht/3869194
[3432082] Failed to scrape lineup: https://www.transfermarkt.co.uk/cd-tondela_cd-nacional/index/spielbericht/3432082
[4709351] Failed to build match row: Al-Okhdood Club vs Al-Najma Sport Club
[4727252] Could not find attributes for jesse mantell (Central Coast Mariners Football Club, 2025)
[4727252] Failed to build match row: Central Coast Mariners Football Club vs Brisbane Roar FC

Keepers & outfield error for **Genoa Cricket and Football Club** in Football Club Internazionale Milano S.p.A. vs Genoa Cricket and Football Club: Numbers: 0 and 11.
[4103736] Failed to build match row: Football Club Internazionale Milano S.p.A. vs Genoa Cricket and Football Club
[4360379] Failed to scrape lineup: https://www.transfermarkt.co.uk/gks-katowice_pogon-szczecin/index/spielbericht/4360379
[4624731] Could not find attributes for jiri floder (FK Mladá Boleslav, a.s., 2025)
[4624731] Failed to build match row: FK Mladá Boleslav, a.s. vs FK Pardubice
[3602277] Could not find attributes for mykyta turbayevskyi (FK Mariupol, 2021)
[3602277] Failed to build match row: FK Mariupol vs Futbolniy Klub Dynamo Kyiv
[3851328] Failed to scrape lineup: https://www.transfermarkt.co.uk/cercle-brugge-_kv-kortrijk/index/spielbericht/3851328
[4395261] Could not find attributes for florin tanase (SC Fotbal Club FCSB SA, 2024)
[4395261] Failed to build match row: SC Fotbal Club FCSB SA vs U Craiova 1948 Club Sportiv SA
[3461277] Could not find attributes for umberto saracco (Cosenza Calcio, 2020)
[3925212] Could not find attributes for lukas jonsson (Vendsyssel FF, 2022)
[3461277] Failed to build match row: Cosenza Calcio vs SS Monopoli 1966
[3925212] Failed to build match row: Vendsyssel FF vs Randers Fodbold Club
[4709352] Failed to scrape lineup: https://www.transfermarkt.co.uk/al-hilal-sfc_al-shabab-fc/index/spielbericht/4709352
[3838260] Failed to scrape lineup: https://www.transfermarkt.co.uk/manchester-united_nottingham-forest/index/spielbericht/3838260

Keepers & outfield error for **FC Dallas** in FC Dallas vs Austin FC: Numbers: 2 and 9.
[4587184] Failed to build match row: FC Dallas vs Austin FC

Keepers & outfield error for **Real Sociedad de Fútbol S.A.D.** in Rayo Vallecano de Madrid S. A. D. vs Real Sociedad de Fútbol S.A.D.: Numbers: 2 and 9.
[3611477] Failed to build match row: Rayo Vallecano de Madrid S. A. D. vs Real Sociedad de Fútbol S.A.D.
[4635139] Could not find attributes for alexis vossah (Toulouse Football Club, 2025)
[4635139] Failed to build match row: Toulouse Football Club vs Racing Club de Strasbourg Alsace
[3450545] Could not find attributes for sven mijnans (Sparta Rotterdam, 2020)
[3450545] Failed to build match row: Sparta Rotterdam vs Football Club Groningen
[4641503] Could not find attributes for kasper boogaard (Alkmaar Zaanstreek, 2025)
[4641503] Failed to build match row: Alkmaar Zaanstreek vs Excelsior Rotterdam
[4646173] Failed to scrape lineup: https://www.transfermarkt.co.uk/rukh-lviv_polissya-zhytomyr/index/spielbericht/4646173
[3889534] Could not find attributes for egor baburin (Torpedo Moscow, 2022)
[3889534] Failed to build match row: Torpedo Moscow vs FK Krasnodar
[4626144] Failed to scrape lineup: https://www.transfermarkt.co.uk/leeds-united_burnley-fc/index/spielbericht/4626144
[3432083] Could not find attributes for shahriar moghanlou (Clube Desportivo Santa Clara, 2020)
[3432083] Failed to build match row: Clube Desportivo Santa Clara vs Futebol Clube de Famalicão
[4375313] Failed to scrape lineup: https://www.transfermarkt.co.uk/sk-sturm-graz_rapid-vienna/index/spielbericht/4375313
[4514344] Could not find attributes for miroslav stevanovic (Servette Football Club 1890 SA, 2024)
[4395262] Could not find attributes for artur miranyan (Asociația Sportivă Fotbal Club Universitatea Cluj, 2024)
[4514344] Failed to build match row: FC St. Gallen 1879 vs Servette Football Club 1890 SA
[4395262] Failed to build match row: F.C.V. Farul Constanța SA vs Asociația Sportivă Fotbal Club Universitatea Cluj
[4788519] Could not find attributes for neto borges (Bristol City, 2025)
[4788519] Failed to build match row: Bristol City vs Watford FC
[4129659] Could not find attributes for sander van de streek (Antalyaspor, 2023)
[4129659] Failed to build match row: Samsunspor vs Antalyaspor
[4635140] Could not find attributes for senny mayulu (Paris Saint-Germain Football Club, 2025)
[4635140] Failed to build match row: Paris Saint-Germain Football Club vs Rennes

Keepers & outfield error for **Southampton FC** in Southampton FC vs Brighton and Hove Albion Football Club: Numbers: 2 and 9.
[3838261] Failed to build match row: Southampton FC vs Brighton and Hove Albion Football Club
[3592260] Could not find attributes for jacob lungi sorensen (Norwich City, 2021)
[3592260] Failed to build match row: Norwich City vs Tottenham Hotspur Football Club
[4727253] Could not find attributes for james hilton (Auckland Football Club, 2025)
[4727253] Failed to build match row: Auckland Football Club vs Melbourne Victory FC

Keepers & outfield error for **Al-Taawoun Football Club** in Al-Taawoun Football Club vs Al-Qadsiah Saudi Football Club: Numbers: 2 and 9.
[3646613] Failed to scrape lineup: https://www.transfermarkt.co.uk/spielbericht/index/spielbericht/3646613
[4709353] Failed to build match row: Al-Taawoun Football Club vs Al-Qadsiah Saudi Football Club
[3615564] Could not find attributes for emili garcia (Inter Club d'Escaldes, 2021)
[3615564] Failed to build match row: Inter Club d'Escaldes vs KF Teuta
[3889535] Could not find attributes for sergey pesjakov (FK Rostov, 2022)
[3889535] Failed to build match row: FK Rostov vs PFK CSKA Moskva
[4808360] Could not find attributes for cathal mccarthy (Hull City, 2025)
[4808360] Failed to build match row: Hull City vs Chelsea Football Club
[3851330] Could not find attributes for gyrano kerk (Royal Antwerp Football Club, 2022)
[3851330] Failed to build match row: Sportvereniging Zulte Waregem vs Royal Antwerp Football Club
[4164117] Could not find attributes for andrew moran (Blackburn Rovers, 2022)
[4164117] Failed to build match row: Harrogate Town vs Blackburn Rovers
[3869196] Could not find attributes for kiko bondoso (FC Vizela, 2022)
[3869196] Failed to build match row: FC Vizela vs Futebol Clube de Arouca
[4514346] Could not find attributes for imourane hassane (Grasshopper Club Zürich, 2024)
[4514346] Failed to build match row: Grasshopper Club Zürich vs FC Luzern
[4360381] Could not find attributes for bujar pllana (Klub Sportowy Lechia Gdańsk, 2024)
[3602278] Could not find attributes for mislav matic (FC Minaj, 2021)
[4360381] Failed to build match row: Klub Sportowy Lechia Gdańsk vs Widzew Łódź Spółka Akcyjna
[4395263] Could not find attributes for giannis anestis (Asociația Fotbal Club Botoșani, 2024)
[3602278] Failed to build match row: FC Minaj vs FK Mariupol
[4395263] Failed to build match row: Asociația Fotbal Club Botoșani vs Asociația Fotbal Club Unirea 04 Slobozia
[4370213] Could not find attributes for ousseynou niang (Royale Union Saint-Gilloise, 2024)
[4370213] Failed to build match row: Royale Union Saint-Gilloise vs Koninklijke Atletiek Associatie Gent

Keepers & outfield error for **Futebol Clube de Famalicão** in Club Football Estrela da Amadora vs Futebol Clube de Famalicão: Numbers: 2 and 9.
[4648929] Failed to build match row: Club Football Estrela da Amadora vs Futebol Clube de Famalicão
[4635141] Could not find attributes for tylel tati (Football Club de Nantes, 2025)
[4635141] Failed to build match row: Angers Sporting Club de l'Ouest vs Football Club de Nantes
[3415287] Could not find attributes for damjan pavlovic (Royal Standard Club de Liège, 2020)
[3415287] Failed to build match row: Royal Standard Club de Liège vs KV Kortrijk
[3450546] Could not find attributes for ole romeny (Willem II Tilburg, 2020)
[3450546] Failed to build match row: Willem II Tilburg vs VVV-Venlo
[3461278] Could not find attributes for valerio mantovani (US Salernitana 1919, 2020)
[3461278] Failed to build match row: UC Sampdoria vs US Salernitana 1919
[3851331] Could not find attributes for jorne spileers (Club Brugge Koninklijke Voetbalvereniging, 2022)
[3851331] Failed to build match row: Yellow-Red Koninklijke Voetbalclub Mechelen vs Club Brugge Koninklijke Voetbalvereniging
[4727254] Could not find attributes for xavier bertoncello (Newcastle United Jets Football Club, 2025)
[4727254] Failed to build match row: Newcastle United Jets Football Club vs Adelaide United Football Club
[4129660] Could not find attributes for julian jeanvier (Kayserispor Kulübü, 2023)
[4129660] Failed to build match row: Kayserispor Kulübü vs Beşiktaş Jimnastik Kulübü
[3925888] Failed to scrape lineup: https://www.transfermarkt.co.uk/fc-orenburg_fc-sochi/index/spielbericht/3925888
[4646174] Could not find attributes for danylo varakuta (TOV FK Metalist 1925 Kharkiv, 2025)
[4646174] Failed to build match row: TOV FK Metalist 1925 Kharkiv vs NK Veres Rivne
[4709354] Could not find attributes for anthony moris (Al-Khaleej Club (Saihat), 2025)
[4709354] Failed to build match row: Al-Khaleej Club (Saihat) vs Al-Ittihad Football Club

Keepers & outfield error for **Sporting Clube de Braga** in Sporting Clube de Braga vs Casa Pia Atlético Clube: Numbers: 0 and 11.
[3497873] Could not find attributes for viktor nikolov (UD Socuéllamos, 2020)
[3869197] Failed to build match row: Sporting Clube de Braga vs Casa Pia Atlético Clube
[3497873] Failed to build match row: UD Socuéllamos vs CD Leganés
[4788520] Could not find attributes for tomas rigo (Stoke City, 2025)
[4788520] Failed to build match row: Stoke City vs Coventry City
[3889536] Could not find attributes for aleksey kenyaykin (FC Orenburg, 2022)
[3889536] Failed to build match row: FC Orenburg vs FC Khimki (-2025)
[4003975] Failed to scrape lineup: https://www.transfermarkt.co.uk/spielbericht/index/spielbericht/4003975
[3611478] Failed to scrape lineup: https://www.transfermarkt.co.uk/elche-cf_ca-osasuna/index/spielbericht/3611478
[3602279] Could not find attributes for vladyslav kucheruk (Chornomorets Odesa, 2021)
[3602279] Failed to build match row: Chornomorets Odesa vs FC Rukh Lviv

Keepers & outfield error for **Athletic Club Bilbao** in Athletic Club Bilbao vs Girona Fútbol Club S. A. D.: Numbers: 2 and 9.
[4113175] Failed to build match row: Athletic Club Bilbao vs Girona Fútbol Club S. A. D.
[3646614] Could not find attributes for aleksandr dovbnya (Torpedo Moscow, 2021)
[3646614] Failed to build match row: Torpedo Moscow vs FK Rostov
[4395264] Could not find attributes for samy bourard (SC Oţelul Galaţi, 2024)
[4395264] Failed to build match row: SC Oţelul Galaţi vs ACSM Politehnica Iasi
[4360382] Could not find attributes for luquinhas (Legia Warszawa Spółka Akcyjna, 2024)
[4360382] Failed to build match row: Legia Warszawa Spółka Akcyjna vs Klub Sportowy Górnik Zabrze Sportowa Spółka Akcyjna
[4635142] Could not find attributes for alexis vossah (Toulouse Football Club, 2025)
[3432084] Failed to scrape lineup: https://www.transfermarkt.co.uk/fc-famalicao_fc-pacos-de-ferreira/index/spielbericht/3432084
[4635142] Failed to build match row: Paris Football Club vs Toulouse Football Club
[4648930] Could not find attributes for nabil touaizi (Futebol Clube de Alverca, 2025)
[4648930] Failed to build match row: Futebol Clube de Alverca vs Grupo Desportivo Estoril Praia
[3925889] Could not find attributes for ilya lantratov (FC Khimki (-2025), 2022)
[3700970] Could not find attributes for zvonimir sarlija (Panathinaikos Athlitikos Omilos, 2021)
[4103739] Could not find attributes for daniele rugani (Juventus Football Club, 2023)
[4646175] Could not find attributes for anton yashkov (FK Kudrivka-1, 2025)
[3925889] Failed to build match row: FC Khimki (-2025) vs PFK CSKA Moskva
[4164118] Could not find attributes for serge aurier (Nottingham Forest Football Club, 2022)
[3700970] Failed to build match row: Panathinaikos Athlitikos Omilos vs Volou Neos Podosferikos Syllogos
[4646175] Failed to build match row: FK Kudrivka-1 vs Futbolniy Klub Dynamo Kyiv
[4164118] Failed to build match row: Nottingham Forest Football Club vs Burnley Football Club
[4103739] Failed to build match row: Società Sportiva Calcio Napoli vs Juventus Football Club
[3889537] Could not find attributes for nikita goylo (FK Nizhny Novgorod, 2022)
[3889537] Failed to build match row: FK Nizhny Novgorod vs Fakel Voronezh

Keepers & outfield error for **Real Valladolid CF** in Real Valladolid CF vs Club Atlético Osasuna: Numbers: 0 and 11.
[4407640] Failed to build match row: Real Valladolid CF vs Club Atlético Osasuna
[4709355] Could not find attributes for mikel villanueva (Al-Fayha FC, 2025)
[4709355] Failed to build match row: Al-Nassr Football Club vs Al-Fayha FC
[3611479] Could not find attributes for mikel vesga (Athletic Club Bilbao, 2021)
[3432085] Could not find attributes for adil rami (Boavista FC, 2020)
[3611479] Failed to build match row: Athletic Club Bilbao vs Valencia Club de Fútbol S. A. D.
[3432085] Failed to build match row: Boavista FC vs Clube Desportivo Nacional
[4375319] Could not find attributes for robert zulj (Linzer Athletik-Sport-Klub, 2024)
[4375319] Failed to build match row: Sportclub Rheindorf Altach vs Linzer Athletik-Sport-Klub
[4395267] Could not find attributes for giannis anestis (Asociația Fotbal Club Botoșani, 2024)
[4395267] Failed to build match row: Asociația Fotbal Club Botoșani vs SC Dinamo 1948 SA
[4641505] Could not find attributes for giovanni van zwam (Go Ahead Eagles, 2025)
[4641505] Failed to build match row: Football Club Twente vs Go Ahead Eagles
[4514347] Failed to scrape lineup: https://www.transfermarkt.co.uk/fc-winterthur_fc-lausanne-sport/index/spielbericht/4514347
[4225940] Could not find attributes for jan van willige (GVVV Veenendaal, 2023)
[4225940] Failed to build match row: GVVV Veenendaal vs Nijmegen Eendracht Combinatie
[4113176] Could not find attributes for marvin park (UD Las Palmas, 2023)
[4113176] Failed to build match row: Club Atlético de Madrid S.A.D. vs UD Las Palmas
[4129661] Could not find attributes for jakub slowik (Konyaspor, 2023)
[4129661] Failed to build match row: Konyaspor vs MKE Ankaragücü
[3415289] Could not find attributes for nordin jackers (SK Beveren, 2020)
)
[4648931] Failed to build match row: Rio Ave Futebol Clube vs Sporting Clube de Portugal
[3415289] Failed to build match row: SK Beveren vs Royal Sporting Club Anderlecht
[3646615] Could not find attributes for rostislav soldatenko (Alania Vladikavkaz, 2021)
[3646615] Failed to build match row: Alania Vladikavkaz vs FK Ufa

Keepers & outfield error for **ADO Den Haag** in FC Emmen vs ADO Den Haag: Numbers: 2 and 9.
[3450547] Failed to build match row: FC Emmen vs ADO Den Haag
[4094725] Could not find attributes for jean kevin duverne (Football Club de Nantes, 2023)
[3838264] Could not find attributes for joao palhinha (Fulham Football Club, 2022)
[4094725] Failed to build match row: Olympique Lyonnais vs Football Club de Nantes
[3838264] Failed to build match row: Fulham Football Club vs Southampton FC
[3851332] Failed to scrape lineup: https://www.transfermarkt.co.uk/kvc-westerlo_r-charleroi-sc/index/spielbericht/3851332
[3461279] Could not find attributes for elhan kastrati (AS Cittadella, 2020)
[4445699] Could not find attributes for filip manojlovic (FK Borac Banja Luka, 2024)
[3461279] Failed to build match row: AS Cittadella vs Spezia Calcio
[4421083] Could not find attributes for vladimir bartasevich (Chertanovo Moscow, 2024)
[4445699] Failed to build match row: FK Borac Banja Luka vs Linzer Athletik-Sport-Klub
[4727255] Failed to scrape lineup: https://www.transfermarkt.co.uk/western-sydney-wanderers_sydney-fc/index/spielbericht/4727255
[4421083] Failed to build match row: Chertanovo Moscow vs Leon Saturn Ramenskoe
[3925890] Could not find attributes for daniil khudyakov (Футбольный клуб "Локомотив" Москва, 2022)
[3925890] Failed to build match row: Футбольный клуб "Локомотив" Москва vs Ural Yekaterinburg
[4624732] Could not find attributes for alexandr urban (1. FC Slovácko, 2025)
[4624732] Failed to build match row: 1. FC Slovácko vs FK Dukla Praha a.s.
[3497874] Could not find attributes for aitor arregi (SD Amorebieta, 2020)
[4587185] Failed to scrape lineup: https://www.transfermarkt.co.uk/seattle-sounders-fc_los-angeles-galaxy/index/spielbericht/4587185
[3497874] Failed to build match row: SD Amorebieta vs Sporting Gijón
[4360383] Could not find attributes for jakub swierczok (Slask Wroclaw, 2024)
[4360383] Failed to build match row: Motor Lublin Spółka Akcyjna vs Slask Wroclaw
[4363267] Could not find attributes for matus hruska (FK Dukla Praha a.s., 2024)
[4363267] Failed to build match row: FK Dukla Praha a.s. vs Bohemians Praha 1905, a.s.
[4788521] Could not find attributes for danny ings (Sheffield United, 2025)

Keepers & outfield error for **Villarreal Club de Fútbol S.A.D.** in Villarreal Club de Fútbol S.A.D. vs Real Sociedad de Fútbol S.A.D.: Numbers: 0 and 11.
[4407641] Failed to build match row: Villarreal Club de Fútbol S.A.D. vs Real Sociedad de Fútbol S.A.D.
[4788521] Failed to build match row: Sheffield United vs Mansfield Town

Keepers & outfield error for **Nooit Opgeven Altijd Doorzetten Aangenaam Door Vermaak En Nuttig Door Ontspanning Combinatie Breda** in Nooit Opgeven Altijd Doorzetten Aangenaam Door Vermaak En Nuttig Door Ontspanning Combinatie Breda vs Football Club Utrecht: Numbers: 2 and 9.
[4641506] Failed to build match row: Nooit Opgeven Altijd Doorzetten Aangenaam Door Vermaak En Nuttig Door Ontspanning Combinatie Breda vs Football Club Utrecht
[3602280] Failed to scrape lineup: https://www.transfermarkt.co.uk/fc-oleksandriya_metalist-1925-kharkiv/index/spielbericht/3602280
[4514348] Could not find attributes for marley ake (Yverdon Sport FC, 2024)
[4514348] Failed to build match row: Yverdon Sport FC vs Grasshopper Club Zürich
[4665063] Could not find attributes for martin georgiev (Athlitiki Enosi Konstantinoupoleos, 2025)
[4665063] Failed to build match row: Athlitiki Enosi Konstantinoupoleos vs APO Levadiakos Football Club
[3615565] Could not find attributes for dunstan vella (Hibernians FC, 2021)
[3615565] Failed to build match row: Hibernians FC vs SS Folgore/Falciano
[4587186] Failed to scrape lineup: https://www.transfermarkt.co.uk/colorado-rapids_houston-dynamo-fc/index/spielbericht/4587186
[3700971] Could not find attributes for klaudio canaj (AO Agios Nikolaos, 2021)
[3700971] Failed to build match row: AO Agios Nikolaos vs Anagennisi Karditsa
[4808362] Failed to scrape lineup: https://www.transfermarkt.co.uk/spielbericht/index/spielbericht/4808362

Keepers & outfield error for **Clube Desportivo Santa Clara** in Clube Desportivo Santa Clara vs Clube Desportivo Nacional: Numbers: 2 and 9.
[4648932] Failed to build match row: Clube Desportivo Santa Clara vs Clube Desportivo Nacional
[4445700] Could not find attributes for filip manojlovic (FK Borac Banja Luka, 2024)
[4445700] Failed to build match row: FK Borac Banja Luka vs Omonia Nicosia
[3415290] Failed to scrape lineup: https://www.transfermarkt.co.uk/standard-liege_zulte-waregem/index/spielbericht/3415290
[4709357] Could not find attributes for kewin (Damac Football Club, 2025)
[4709357] Failed to build match row: Damac Football Club vs Al-Fateh Club
[4103740] Failed to scrape lineup: https://www.transfermarkt.co.uk/torino-fc_acf-fiorentina/index/spielbericht/4103740
[4164119] Failed to scrape lineup: https://www.transfermarkt.co.uk/spielbericht/index/spielbericht/4164119
[3838265] Failed to build match row: Liverpool Football Club vs Leicester City
[4635144] Could not find attributes for daouda guindo (Stade brestois 29, 2025)
[4635144] Failed to build match row: Rennes vs Stade brestois 29
[3869198] Failed to scrape lineup: https://www.transfermarkt.co.uk/casa-pia-ac_cs-maritimo/index/spielbericht/3869198
[4624733] Could not find attributes for jan kral (SK Sigma Olomouc, a.s., 2025)
[4624733] Failed to build match row: SK Slavia Praha, a.s. vs SK Sigma Olomouc, a.s.
[3615566] Failed to scrape lineup: https://www.transfermarkt.co.uk/spielbericht/index/spielbericht/3615566
[3700972] Failed to scrape lineup: https://www.transfermarkt.co.uk/spielbericht/index/spielbericht/3700972
[3889538] Failed to scrape lineup: https://www.transfermarkt.co.uk/fc-krasnodar_fc-sochi/index/spielbericht/3889538
[3426669] Could not find attributes for fabien farnolle (Erzurumspor FK, 2020)
[4727256] Could not find attributes for ramy najjarine (Wellington Phoenix Football Club, 2025)
[4395268] Failed to scrape lineup: https://www.transfermarkt.co.uk/sc-otelul-galati_fc-rapid-1923/index/spielbericht/4395268
[4646176] Could not find attributes for oleksandr saputin (FC Zorya Lugansk, 2025)
[3611480] Failed to scrape lineup: https://www.transfermarkt.co.uk/atletico-de-madrid_real-madrid/index/spielbericht/3611480

Keepers & outfield error for **Jagiellonia-Bialystok Sportowa Spólka Akcyjna** in Gliwicki Klub Sportowy Piast Sp�[4375321] Failed to scrape lineup: https://www.transfermarkt.co.uk/tsv-hartberg_sk-sturm-graz/index/spielbericht/4375321
[3426669] Failed to build match row: Erzurumspor FK vs Sivasspor
[4727256] Failed to build match row: Melbourne City Football Club vs Wellington Phoenix Football Club
[4646176] Failed to build match row: FC Zorya Lugansk vs FK Karpaty Lviv
[4360384] Failed to build match row: Gliwicki Klub Sportowy Piast Spółka Akcyjna vs Jagiellonia-Bialystok Sportowa Spólka Akcyjna
[3851333] Could not find attributes for aleksandr filin (KAS Eupen, 2022)
[3925891] Could not find attributes for ilya svinov (Fakel Voronezh, 2022)
[4445701] Failed to scrape lineup: https://www.transfermarkt.co.uk/spielbericht/index/spielbericht/4445701
[3851333] Failed to build match row: KAS Eupen vs Royal Sporting Club Anderlecht
[3925891] Failed to build match row: Fakel Voronezh vs Torpedo Moscow
[3592265] Failed to scrape lineup: https://www.transfermarkt.co.uk/manchester-city_newcastle-united/index/spielbericht/3592265
[4164120] Failed to scrape lineup: https://www.transfermarkt.co.uk/spielbericht/index/spielbericht/4164120
[4103741] Failed to scrape lineup: https://www.transfermarkt.co.uk/udinese-calcio_us-salernitana-1919/index/spielbericht/4103741
[3602281] Could not find attributes for yevgen galchuk (Ingulets Petrove, 2021)
[4370216] Could not find attributes for loic mbe soh (Beerschot VA, 2024)
[3602281] Failed to build match row: Ingulets Petrove vs SC Dnipro-1
[4370216] Failed to build match row: Beerschot VA vs Royal Sporting Club Anderlecht
[3615576] Failed to scrape lineup: https://www.transfermarkt.co.uk/spielbericht/index/spielbericht/3615576
[3497875] Could not find attributes for pau pomar (Penya Deportiva Santa Eulalia, 2020)
[3497875] Failed to build match row: Penya Deportiva Santa Eulalia vs CE Sabadell FC
[4665064] Could not find attributes for issiaga sylla (A.G.S Asteras Tripolis, 2025)
[3450548] Could not find attributes for uros spajic (Feyenoord Rotterdam, 2020)
[3700973] Failed to scrape lineup: https://www.transfermarkt.co.uk/spielbericht/index/spielbericht/3700973
[3889539] Failed to scrape lineup: https://www.transfermarkt.co.uk/dynamo-moscow_ural-yekaterinburg/index/spielbericht/3889539
[4665064] Failed to build match row: A.G.S Asteras Tripolis vs APS Atromitos Athinon
[4395269] Failed to scrape lineup: https://www.transfermarkt.co.uk/fc-hermannstadt_petrolul-ploiesti/index/spielbericht/4395269
[3450548] Failed to build match row: Sparta Rotterdam vs Feyenoord Rotterdam
[3611481] Failed to scrape lineup: https://www.transfermarkt.co.uk/real-betis-balompie_fc-barcelona/index/spielbericht/3611481
[4225941] Could not find attributes for dion vlak (RKAV Volendam, 2023)
[3426670] Failed to scrape lineup: https://www.transfermarkt.co.uk/genclerbirligi-ankara_konyaspor/index/spielbericht/3426670
[4375322] Failed to scrape lineup: https://www.transfermarkt.co.uk/red-bull-salzburg_lask/index/spielbericht/4375322
[3432087] Failed to scrape lineup: https://www.transfermarkt.co.uk/cs-maritimo_b-sad/index/spielbericht/3432087
[4641507] Could not find attributes for tristan gooijer (Prins Hendrik Ende Desespereert Nimmer Combinatie Zwolle, 2025)
[4225941] Failed to build match row: RKAV Volendam vs AFC Amsterdam
[4641507] Failed to build match row: Prins Hendrik Ende Desespereert Nimmer Combinatie Zwolle vs Fortuna Sittardia Combinatie
[4648933] Could not find attributes for franjo ivanovic (Sport Lisboa e Benfica, 2025)
[4727257] Failed to scrape lineup: https://www.transfermarkt.co.uk/perth-glory_macarthur-fc/index/spielbericht/4727257
[4648933] Failed to build match row: Sport Lisboa e Benfica vs Sporting Clube de Braga
[3415291] Could not find attributes for nordin jackers (SK Beveren, 2020)
[3415291] Failed to build match row: Beerschot VA vs SK Beveren
[3840261] Could not find attributes for antoine mendy (Olympique Gymnaste Club Nice Côte d'Azur, 2022)
[3840261] Failed to build match row: Olympique Gymnaste Club Nice Côte d'Azur vs Paris Saint-Germain Football Club
[4363268] Could not find attributes for dominik preisler (FC Slovan Liberec, 2024)
[4363268] Failed to build match row: FC Slovan Liberec vs SK Slavia Praha, a.s.
[4407643] Failed to scrape lineup: https://www.transfermarkt.co.uk/rcd-mallorca_cd-leganes/index/spielbericht/4407643
[3851334] Failed to scrape lineup: https://www.transfermarkt.co.uk/kv-oostende-2024-_standard-liege/index/spielbericht/3851334
[4445759] Failed to scrape lineup: https://www.transfermarkt.co.uk/spielbericht/index/spielbericht/4445759
[4421084] Could not find attributes for denis gnedoy (Salyut Belgorod, 2024)
[4421084] Failed to build match row: Salyut Belgorod vs Spartak Tambov
[4514349] Could not find attributes for miguel reichmuth (FC Zürich, 2024)
[4514349] Failed to build match row: FC Zürich vs FC Basel 1893 AG
[3592266] Failed to scrape lineup: https://www.transfermarkt.co.uk/watford-fc_brighton-amp-hove-albion/index/spielbericht/3592266
[4626150] Failed to scrape lineup: https://www.transfermarkt.co.uk/crystal-palace_everton-fc/index/spielbericht/4626150
[4103742] Failed to scrape lineup: https://www.transfermarkt.co.uk/bologna-fc-1909_inter-milan/index/spielbericht/4103742
[4366868] Could not find attributes for moreno zivkovic (NK Lokomotiva Zagreb, 2024)
[4366868] Failed to build match row: NK Lokomotiva Zagreb vs HNK Sibenik
[3602282] Failed to scrape lineup: https://www.transfermarkt.co.uk/pfc-lviv_desna-chernigiv/index/spielbericht/3602282
[3497876] Failed to scrape lineup: https://www.transfermarkt.co.uk/spielbericht/index/spielbericht/3497876
[4665065] Failed to scrape lineup: https://www.transfermarkt.co.uk/ae-larisa_paok-thessaloniki/index/spielbericht/4665065
[3461280] Could not find attributes for sergio maselli (Unione Sportiva Lecce, 2020)
[3461280] Failed to build match row: Torino Calcio vs Unione Sportiva Lecce
[4587187] Could not find attributes for jansen miller (Sporting Kansas City, 2024)
[4587187] Failed to build match row: Real Salt Lake vs Sporting Kansas City
[3432088] Failed to scrape lineup: https://www.transfermarkt.co.uk/cs-maritimo_vitoria-guimaraes-sc/index/spielbericht/3432088
[4225942] Failed to scrape lineup: https://www.transfermarkt.co.uk/spielbericht/index/spielbericht/4225942
[3646616] Could not find attributes for igor obukhov (Rotor Volgograd, 2021)
[3611482] Failed to scrape lineup: https://www.transfermarkt.co.uk/celta-de-vigo_deportivo-alaves/index/spielbericht/3611482
[3646616] Failed to build match row: Rotor Volgograd vs RFK Akhmat Grozny
[4370217] Could not find attributes for emmanuel kakou (Cercle Brugge Koninklijke Sportvereniging, 2024)
[4370217] Failed to build match row: Cercle Brugge Koninklijke Sportvereniging vs FC Verbroedering Denderhoutem Denderleeuw Eendracht Hekelgem
[4395272] Failed to scrape lineup: https://www.transfermarkt.co.uk/fc-universitatea-cluj_acsm-politehnica-iasi/index/spielbericht/4395272
[4648934] Failed to scrape lineup: https://www.transfermarkt.co.uk/moreirense-fc_avs-futebol/index/spielbericht/4648934

Keepers & outfield error for **Al-Fateh Club** in Al-Fateh Club vs Al-Ahli Saudi Football Club: Numbers: 0 and 11.
[4788523] Failed to scrape lineup: https://www.transfermarkt.co.uk/spielbericht/index/spielbericht/4788523
[3426671] Failed to scrape lineup: https://www.transfermarkt.co.uk/besiktas-jk_antalyaspor/index/spielbericht/3426671
[4727258] Failed to scrape lineup: https://www.transfermarkt.co.uk/brisbane-roar_newcastle-united-jets/index/spielbericht/4727258
[4709358] Failed to build match row: Al-Fateh Club vs Al-Ahli Saudi Football Club
[3415292] Failed to scrape lineup: https://www.transfermarkt.co.uk/club-brugge-kv_cercle-brugge/index/spielbericht/3415292
[4641508] Failed to scrape lineup: https://www.transfermarkt.co.uk/psv-eindhoven_heracles-almelo/index/spielbericht/4641508
[4514351] Failed to scrape lineup: https://www.transfermarkt.co.uk/fc-luzern_bsc-young-boys/index/spielbericht/4514351

Keepers & outfield error for **Gil Vicente Futebol Clube** in Gil Vicente Futebol Clube vs Sporting Clube de Portugal: Numbers: 0 and 11.
[3869199] Failed to build match row: Gil Vicente Futebol Clube vs Sporting Clube de Portugal
[4421085] Failed to scrape lineup: https://www.transfermarkt.co.uk/spielbericht/index/spielbericht/4421085
[4103743] Failed to scrape lineup: https://www.transfermarkt.co.uk/cagliari-calcio_us-salernitana-1919/index/spielbericht/4103743
[4635145] Could not find attributes for ally samatta (Le Havre Athletic Club, 2025)
[4635145] Failed to build match row: Olympique Lyonnais vs Le Havre Athletic Club
[3925892] Could not find attributes for mikhail kerzhakov (AO FK Zenit Sankt-Peterburg, 2022)
[3925892] Failed to build match row: AO FK Zenit Sankt-Peterburg vs FK Rostov
[3602283] Failed to scrape lineup: https://www.transfermarkt.co.uk/zorya-lugansk_nk-veres-rivne/index/spielbericht/3602283
[4164121] Could not find attributes for bashir humphreys (Chelsea Football Club, 2022)
[3461281] Failed to scrape lineup: https://www.transfermarkt.co.uk/spielbericht/index/spielbericht/3461281
[4665066] Failed to scrape lineup: https://www.transfermarkt.co.uk/aris-thessaloniki_ae-kifisia/index/spielbericht/4665066
[4164121] Failed to build match row: Chelsea Football Club vs AFC Wimbledon
[4587188] Failed to scrape lineup: https://www.transfermarkt.co.uk/vancouver-whitecaps-fc_philadelphia-union/index/spielbericht/4587188
[3646617] Failed to scrape lineup: https://www.transfermarkt.co.uk/spielbericht/index/spielbericht/3646617
[4366869] Could not find attributes for ivan susak (NK Slaven Belupo Koprivnica, 2024)
[4366869] Failed to build match row: NK Slaven Belupo Koprivnica vs NK Varazdin
[4094727] Could not find attributes for mahamadou nagida (Rennes, 2023)
[4094727] Failed to build match row: Clermont Foot 63 vs Rennes
[4646177] Could not find attributes for oleksiy palamarchuk (LNZ Cherkasy, 2025)
[4113177] Failed to scrape lineup: https://www.transfermarkt.co.uk/rcd-mallorca_real-sociedad/index/spielbericht/4113177
[4646177] Failed to build match row: LNZ Cherkasy vs FK Obolon Kyiv
[3450549] Could not find attributes for ahmed touba (RKC Waalwijk, 2020)
[3700974] Could not find attributes for stefanos souloukos (Athlitiki Enosi Larisas, 2021)
[4648935] Failed to scrape lineup: https://www.transfermarkt.co.uk/fc-famalicao_fc-alverca/index/spielbericht/4648935
[3450549] Failed to build match row: RKC Waalwijk vs Prins Hendrik Ende Desespereert Nimmer Combinatie Zwolle
[4788524] Failed to scrape lineup: https://www.transfermarkt.co.uk/spielbericht/index/spielbericht/4788524
[3700974] Failed to build match row: Panthessalonikios Athlitikos Omilos Konstantinoupoliton vs Athlitiki Enosi Larisas
[3426672] Failed to scrape lineup: https://www.transfermarkt.co.uk/denizlispor_trabzonspor/index/spielbericht/3426672
[4709359] Failed to scrape lineup: https://www.transfermarkt.co.uk/al-ittihad-club_al-shabab-fc/index/spielbericht/4709359
[4641509] Failed to scrape lineup: https://www.transfermarkt.co.uk/sparta-rotterdam_sc-heerenveen/index/spielbericht/4641509
[4395273] Failed to scrape lineup: https://www.transfermarkt.co.uk/sepsi-osk-sf-gheorghe_sc-otelul-galati/index/spielbericht/4395273
[3869200] Failed to scrape lineup: https://www.transfermarkt.co.uk/portimonense-sc_fc-vizela/index/spielbericht/3869200
[3889540] Could not find attributes for aleksandr soldatenkov (PFK Krylya Sovetov Samara, 2022)
[3889540] Failed to build match row: PFK Krylya Sovetov Samara vs PFK CSKA Moskva
[4808363] Could not find attributes for lucas akins (Mansfield Town, 2025)

Keepers & outfield error for **Sporting Clube de Portugal** in Sporting Clube de Portugal vs Clube Desportivo de Tondela: Numbers: 3 and 8.
[4808363] Failed to build match row: Burnley Football Club vs Mansfield Town
[3432089] Failed to build match row: Sporting Clube de Portugal vs Clube Desportivo de Tondela
[3611483] Could not find attributes for njegos petrovic (Granada CF, 2021)
[3611483] Failed to build match row: Real Club Deportivo Mallorca S.A.D. vs Granada CF
[3461282] Failed to scrape lineup: https://www.transfermarkt.co.uk/spielbericht/index/spielbericht/3461282
[3602284] Failed to scrape lineup: https://www.transfermarkt.co.uk/kolos-kovalivka_shakhtar-donetsk/index/spielbericht/3602284
[4587189] Failed to scrape lineup: https://www.transfermarkt.co.uk/portland-timbers_new-york-red-bulls/index/spielbericht/4587189
[4626152] Failed to scrape lineup: https://www.transfermarkt.co.uk/liverpool-fc_chelsea-fc/index/spielbericht/4626152
[3925893] Failed to scrape lineup: https://www.transfermarkt.co.uk/akhmat-grozny_dynamo-moscow/index/spielbericht/3925893
[4665067] Failed to scrape lineup: https://www.transfermarkt.co.uk/olympiacos-piraeus_panetolikos/index/spielbericht/4665067
[4164175] Failed to scrape lineup: https://www.transfermarkt.co.uk/spielbericht/index/spielbericht/4164175

Keepers & outfield error for **CDA Navalcarnero** in CDA Navalcarnero vs UD Las Palmas: Numbers: 0 and 11.
[3497877] Failed to build match row: CDA Navalcarnero vs UD Las Palmas
[4375323] Could not find attributes for chibuike nwaiwu (RZ Pellets Wolfsberger Athletiksport Club, 2024)
[3838267] Failed to scrape lineup: https://www.transfermarkt.co.uk/newcastle-united_leeds-united/index/spielbericht/3838267
[4094728] Failed to scrape lineup: https://www.transfermarkt.co.uk/stade-reims_le-havre-ac/index/spielbericht/4094728
[4370218] Could not find attributes for takuma ominami (Oud-Heverlee Leuven, 2024)
[4370218] Failed to build match row: Oud-Heverlee Leuven vs Royal Antwerp Football Club
[4648936] Failed to scrape lineup: https://www.transfermarkt.co.uk/sporting-cp_gil-vicente-fc/index/spielbericht/4648936
[3615577] Could not find attributes for bojan pavlovic (FK Borac Banja Luka, 2021)
[4646178] Failed to scrape lineup: https://www.transfermarkt.co.uk/kryvbas-kryvyi-rig_fc-oleksandriya/index/spielbericht/4646178
[4407645] Failed to scrape lineup: https://www.transfermarkt.co.uk/getafe-cf_real-valladolid-cf/index/spielbericht/4407645
[3869201] Failed to scrape lineup: https://www.transfermarkt.co.uk/cd-santa-clara_rio-ave-fc/index/spielbericht/3869201
[3450550] Failed to scrape lineup: https://www.transfermarkt.co.uk/vvv-venlo_heracles-almelo/index/spielbericht/3450550
[3840263] Failed to scrape lineup: https://www.transfermarkt.co.uk/rc-lens_rc-strasbourg-alsace/index/spielbericht/3840263
[3615577] Failed to build match row: FK Borac Banja Luka vs Linfield FC
[4360385] Could not find attributes for tomasz walczak (RKS Raków Częstochowa SA, 2024)
[4360385] Failed to build match row: RKS Raków Częstochowa SA vs Puszcza Niepolomice
[4363269] Could not find attributes for jan koutny (SK Sigma Olomouc, a.s., 2024)
[4363269] Failed to build match row: SK Sigma Olomouc, a.s. vs FK Teplice, a.s.

Keepers & outfield error for **Adelaide United Football Club** in Adelaide United Football Club vs Western Sydney Wanderers: Numbers: 0 and 11.
[4727259] Failed to build match row: Adelaide United Football Club vs Western Sydney Wanderers
[3851335] Could not find attributes for jorne spileers (Club Brugge Koninklijke Voetbalvereniging, 2022)
[3851335] Failed to build match row: Club Brugge Koninklijke Voetbalvereniging vs KAS Eupen
[4366870] Could not find attributes for michele sego (HNK Hajduk Split, 2024)
[4366870] Failed to build match row: HNK Hajduk Split vs NK Istra 1961

Keepers & outfield error for **Associazione Sportiva Roma** in Associazione Calcio Fiorentina vs Associazione Sportiva Roma: Numbers: 2 and 9.
[4103744] Failed to build match row: Associazione Calcio Fiorentina vs Associazione Sportiva Roma
[3461710] Failed to scrape lineup: https://www.transfermarkt.co.uk/spielbericht/index/spielbericht/3461710
[3432090] Failed to scrape lineup: https://www.transfermarkt.co.uk/cd-santa-clara_sc-braga/index/spielbericht/3432090
[3611484] Failed to scrape lineup: https://www.transfermarkt.co.uk/getafe-cf_rayo-vallecano/index/spielbericht/3611484
[3497878] Failed to scrape lineup: https://www.transfermarkt.co.uk/spielbericht/index/spielbericht/3497878
[4164176] Failed to scrape lineup: https://www.transfermarkt.co.uk/spielbericht/index/spielbericht/4164176
[3602285] Failed to scrape lineup: https://www.transfermarkt.co.uk/dynamo-kyiv_vorskla-poltava/index/spielbericht/3602285
[3646618] Could not find attributes for mikhail oparin (Enisey Krasnoyarsk, 2021)
[3646618] Failed to build match row: Enisey Krasnoyarsk vs PFK Krylya Sovetov Samara
[4094729] Failed to scrape lineup: https://www.transfermarkt.co.uk/montpellier-hsc_olympique-marseille/index/spielbericht/4094729
[4375324] Failed to scrape lineup: https://www.transfermarkt.co.uk/austria-vienna_tsv-hartberg/index/spielbericht/4375324
[4641510] Could not find attributes for eli dasa (Nijmegen Eendracht Combinatie, 2025)
[4641510] Failed to build match row: Sportclub Telstar vs Nijmegen Eendracht Combinatie
[4395274] Could not find attributes for yohan roche (Fotbal Club Petrolul Ploiești, 2024)
[4395274] Failed to build match row: Fotbal Club Petrolul Ploiești vs Asociația Fotbal Club Botoșani
[3840264] Failed to scrape lineup: https://www.transfermarkt.co.uk/stade-reims_stade-brestois-29/index/spielbericht/3840264
[4407646] Failed to scrape lineup: https://www.transfermarkt.co.uk/ca-osasuna_villarreal-cf/index/spielbericht/4407646

Keepers & outfield error for **Al-Hilal Saudi Football Club** in Al-Hilal Saudi Football Club vs Al-Khaleej Club (Saihat): Numbers: 0 and 11.
[4709360] Failed to build match row: Al-Hilal Saudi Football Club vs Al-Khaleej Club (Saihat)
[3889541] Could not find attributes for daniil khudyakov (Футбольный клуб "Локомотив" Москва, 2022)
[3889541] Failed to build match row: Футбольный клуб "Локомотив" Москва vs RFK Akhmat Grozny
[4366872] Failed to scrape lineup: https://www.transfermarkt.co.uk/hnk-gorica_gnk-dinamo-zagreb/index/spielbericht/4366872
[4103745] Failed to scrape lineup: https://www.transfermarkt.co.uk/genoa-cfc_ac-monza/index/spielbericht/4103745
[3461711] Failed to scrape lineup: https://www.transfermarkt.co.uk/spielbericht/index/spielbericht/3461711
[3497879] Failed to scrape lineup: https://www.transfermarkt.co.uk/spielbericht/index/spielbericht/3497879
[3611485] Failed to scrape lineup: https://www.transfermarkt.co.uk/cadiz-cf_elche-cf/index/spielbericht/3611485
[3602286] Failed to scrape lineup: https://www.transfermarkt.co.uk/nk-veres-rivne_metalist-1925-kharkiv/index/spielbericht/3602286
[4727260] Failed to scrape lineup: https://www.transfermarkt.co.uk/perth-glory_central-coast-mariners/index/spielbericht/4727260
[3851336] Failed to scrape lineup: https://www.transfermarkt.co.uk/rsc-anderlecht_kv-mechelen/index/spielbericht/3851336
[3432091] Could not find attributes for fahd moufi (Portimonense SC, 2020)
[3432091] Failed to build match row: Portimonense SC vs CS Marítimo
[4094730] Failed to scrape lineup: https://www.transfermarkt.co.uk/stade-brestois-29_fc-lorient/index/spielbericht/4094730
[4624734] Could not find attributes for jan hanus (FK Jablonec a.s., 2025)
[4624734] Failed to build match row: FK Jablonec a.s. vs FC Slovan Liberec
[3925894] Could not find attributes for nikita goylo (FK Nizhny Novgorod, 2022)
[3925894] Failed to build match row: FK Nizhny Novgorod vs FK Spartak Moskva
[3415293] Could not find attributes for osman bukari (Koninklijke Atletiek Associatie Gent, 2020)
[3415293] Failed to build match row: Koninklijke Atletiek Associatie Gent vs Oud-Heverlee Leuven
[4587193] Could not find attributes for frankie westfield (Philadelphia Union, 2024)
[4587193] Failed to build match row: Philadelphia Union vs New England Revolution
[3426673] Could not find attributes for karim hafez (Yeni Malatyaspor, 2020)

Keepers & outfield error for **Società Sportiva Lazio S.p.A.** in Juventus Football Club vs Società Sportiva Lazio S.p.A.: Numbers: 0 and 11.
[4641511] Failed to scrape lineup: https://www.transfermarkt.co.uk/ajax-amsterdam_go-ahead-eagles/index/spielbericht/4641511
[3426673] Failed to build match row: Yeni Malatyaspor vs Göztepe Sportif Yatırımlar A.Ş.
[3700975] Could not find attributes for praxitelis vouros (Omilos Filathlon Irakliou FC, 2021)
[4003976] Failed to build match row: Juventus Football Club vs Società Sportiva Lazio S.p.A.
[4113179] Failed to scrape lineup: https://www.transfermarkt.co.uk/granada-cf_ud-almeria/index/spielbericht/4113179
[3700975] Failed to build match row: Omilos Filathlon Irakliou FC vs Aris Thessalonikis
[4395275] Failed to scrape lineup: https://www.transfermarkt.co.uk/asfc-buzau-2016-2025-_afc-unirea-04-slobozia/index/spielbericht/4395275
[3840265] Failed to scrape lineup: https://www.transfermarkt.co.uk/estac-troyes_clermont-foot-63/index/spielbericht/3840265
[4360386] Could not find attributes for michal kaput (Radomiak S.A., 2024)
[4360386] Failed to build match row: Zagłębie Lubin Spółka Akcyjna vs Radomiak S.A.
[3889542] Failed to scrape lineup: https://www.transfermarkt.co.uk/spartak-moscow_zenit-st-petersburg/index/spielbericht/3889542
[4709361] Failed to scrape lineup: https://www.transfermarkt.co.uk/al-riyadh-sc_al-ettifaq-fc/index/spielbericht/4709361
[4366873] Failed to scrape lineup: https://www.transfermarkt.co.uk/hnk-sibenik_hnk-gorica/index/spielbericht/4366873
[3461712] Failed to scrape lineup: https://www.transfermarkt.co.uk/spielbericht/index/spielbericht/3461712

Keepers & outfield error for **Manchester City Football Club** in Manchester City Football Club vs Salford City: Numbers: 2 and 9.
[4808364] Failed to build match row: Manchester City Football Club vs Salford City

Keepers & outfield error for **Sporting Clube de Braga** in Sporting Clube de Braga vs Futebol Clube do Porto: Numbers: 0 and 11.
[3497880] Failed to scrape lineup: https://www.transfermarkt.co.uk/spielbericht/index/spielbericht/3497880
[3611486] Failed to scrape lineup: https://www.transfermarkt.co.uk/rcd-espanyol-barcelona_ca-osasuna/index/spielbericht/3611486
[4624735] Failed to scrape lineup: https://www.transfermarkt.co.uk/bohemians-prague-1905_ac-sparta-prague/index/spielbericht/4624735
[3869202] Failed to build match row: Sporting Clube de Braga vs Futebol Clube do Porto
[4370219] Could not find attributes for rob schoofs (Yellow-Red Koninklijke Voetbalclub Mechelen, 2024)
x/spielbericht/4375326
[4370219] Failed to build match row: Yellow-Red Koninklijke Voetbalclub Mechelen vs KV Kortrijk
[3925895] Failed to scrape lineup: https://www.transfermarkt.co.uk/krylya-sovetov-samara_fc-krasnodar/index/spielbericht/3925895
[4587195] Failed to scrape lineup: https://www.transfermarkt.co.uk/columbus-crew_toronto-fc/index/spielbericht/4587195
[3646619] Could not find attributes for maksim matyusha (Metallurg Lipetsk, 2021)
[3646619] Failed to build match row: Metallurg Lipetsk vs PFK CSKA Moskva
[3415294] Failed to scrape lineup: https://www.transfermarkt.co.uk/krc-genk_kv-oostende-2024-/index/spielbericht/3415294
[4164177] Could not find attributes for bruno petkovic (GNK Dinamo Zagreb, 2023)
[4164177] Failed to build match row: GNK Dinamo Zagreb vs AC Sparta Praha, a. s.
[3426674] Failed to scrape lineup: https://www.transfermarkt.co.uk/gaziantep-fk_fatih-karagumruk/index/spielbericht/3426674
[4641512] Failed to scrape lineup: https://www.transfermarkt.co.uk/excelsior-rotterdam_sc-telstar/index/spielbericht/4641512
[4004789] Failed to scrape lineup: https://www.transfermarkt.co.uk/spielbericht/index/spielbericht/4004789
[3889543] Failed to scrape lineup: https://www.transfermarkt.co.uk/torpedo-moskau_fc-rostov/index/spielbericht/3889543
[4709362] Failed to scrape lineup: https://www.transfermarkt.co.uk/al-kholood-club_al-taawoun-fc/index/spielbericht/4709362
[3461713] Failed to scrape lineup: https://www.transfermarkt.co.uk/spielbericht/index/spielbericht/3461713
[4788525] Could not find attributes for oscar fraulo (Derby County, 2025)
[4788525] Failed to build match row: Derby County vs Leeds United Association Football Club
[3611487] Failed to scrape lineup: https://www.transfermarkt.co.uk/levante-ud_real-sociedad/index/spielbericht/3611487
[4624736] Failed to scrape lineup: https://www.transfermarkt.co.uk/fk-pardubice_fc-zlin/index/spielbericht/4624736
[4375327] Failed to scrape lineup: https://www.transfermarkt.co.uk/wsg-tirol_rapid-vienna/index/spielbericht/4375327
[3851338] Failed to scrape lineup: https://www.transfermarkt.co.uk/oud-heverlee-leuven_standard-liege/index/spielbericht/3851338
[4808365] Could not find attributes for alfie gilchrist (West Bromwich Albion, 2025)
[4808365] Failed to build match row: Norwich City vs West Bromwich Albion
[4727261] Could not find attributes for ramy najjarine (Wellington Phoenix Football Club, 2025)
[4727261] Failed to build match row: Wellington Phoenix Football Club vs Auckland Football Club
[4587197] Failed to scrape lineup: https://www.transfermarkt.co.uk/cf-montreal_new-york-red-bulls/index/spielbericht/4587197
[3646620] Failed to scrape lineup: https://www.transfermarkt.co.uk/spielbericht/index/spielbericht/3646620
[4370220] Failed to scrape lineup: https://www.transfermarkt.co.uk/kvc-westerlo_club-brugge-kv/index/spielbericht/4370220
[4164178] Failed to scrape lineup: https://www.transfermarkt.co.uk/spielbericht/index/spielbericht/4164178
[3415295] Failed to scrape lineup: https://www.transfermarkt.co.uk/kv-kortrijk_royal-antwerp-fc/index/spielbericht/3415295
[3426675] Failed to scrape lineup: https://www.transfermarkt.co.uk/basaksehir-fk_galatasaray/index/spielbericht/3426675
[4097120] Failed to scrape lineup: https://www.transfermarkt.co.uk/spielbericht/index/spielbericht/4097120
[4004790] Failed to scrape lineup: https://www.transfermarkt.co.uk/spielbericht/index/spielbericht/4004790
[4709363] Failed to scrape lineup: https://www.transfermarkt.co.uk/al-qadsiah-fc_damac-fc/index/spielbericht/4709363
[4129662] Failed to scrape lineup: https://www.transfermarkt.co.uk/sivasspor_caykur-rizespor/index/spielbericht/4129662
[3840267] Failed to scrape lineup: https://www.transfermarkt.co.uk/as-monaco_fc-lorient/index/spielbericht/3840267
[4421086] Could not find attributes for ivan zirikov (Dinamo St. Petersburg, 2024)
[4421086] Failed to build match row: Dinamo St. Petersburg vs Composite Pavlovskiy Posad
[4788526] Failed to scrape lineup: https://www.transfermarkt.co.uk/spielbericht/index/spielbericht/4788526
[3602287] Could not find attributes for danylo kucher (FC Minaj, 2021)
[3602287] Failed to build match row: FC Minaj vs Ingulets Petrove
[4366874] Could not find attributes for martin zlomislic (Hrvatski Nogometni Klub Rijeka, 2024)
[4366874] Failed to build match row: GNK Dinamo Zagreb vs Hrvatski Nogometni Klub Rijeka

Keepers & outfield error for **FC Paços de Ferreira** in Futebol Clube de Arouca vs FC Paços de Ferreira: Numbers: 2 and 9.
[4370221] Failed to scrape lineup: https://www.transfermarkt.co.uk/club-brugge-kv_rsc-anderlecht/index/spielbericht/4370221
[3869203] Failed to build match row: Futebol Clube de Arouca vs FC Paços de Ferreira
[4587198] Failed to scrape lineup: https://www.transfermarkt.co.uk/orlando-city-sc_nashville-sc/index/spielbericht/4587198
[4808366] Failed to scrape lineup: https://www.transfermarkt.co.uk/spielbericht/index/spielbericht/4808366
[4624737] Failed to scrape lineup: https://www.transfermarkt.co.uk/fc-banik-ostrava_fc-viktoria-plzen/index/spielbericht/4624737
[4375328] Failed to scrape lineup: https://www.transfermarkt.co.uk/lask_austria-vienna/index/spielbericht/4375328
[3647147] Failed to scrape lineup: https://www.transfermarkt.co.uk/spielbericht/index/spielbericht/3647147
[3615578] Could not find attributes for kostadin zahov (Shkendija Tetovo, 2021)
[3615578] Failed to build match row: Shkendija Tetovo vs Riga FC
[4097121] Failed to scrape lineup: https://www.transfermarkt.co.uk/spielbericht/index/spielbericht/4097121

Keepers & outfield error for **CS Marítimo** in Clube Desportivo Nacional vs CS Marítimo: Numbers: 2 and 9.
[3925896] Could not find attributes for ilya pomazun (Ural Yekaterinburg, 2022)
[3426676] Failed to scrape lineup: https://www.transfermarkt.co.uk/fenerbahce_hatayspor/index/spielbericht/3426676
[3432092] Failed to build match row: Clube Desportivo Nacional vs CS Marítimo
[3925896] Failed to build match row: Ural Yekaterinburg vs FC Khimki (-2025)
[4225944] Could not find attributes for pepijn vonk (USV Hercules, 2023)
[4225944] Failed to build match row: USV Hercules vs AFC Ajax Amsterdam
[4129663] Could not find attributes for ousseynou ba (İstanbul Başakşehir Futbol Kulübü, 2023)
[4129663] Failed to build match row: İstanbul Başakşehir Futbol Kulübü vs Kayserispor Kulübü
[3889544] Could not find attributes for soslan dzhanaev (FK Sochi, 2022)
[3889544] Failed to build match row: FK Sochi vs FK Dinamo Moskva
[3602288] Could not find attributes for valentin cojocaru (SC Dnipro-1, 2021)
[3602288] Failed to build match row: SC Dnipro-1 vs FC Oleksandriya
[4709364] Failed to scrape lineup: https://www.transfermarkt.co.uk/al-nassr-fc_al-okhdood-club/index/spielbericht/4709364
[4421087] Failed to scrape lineup: https://www.transfermarkt.co.uk/spielbericht/index/spielbericht/4421087
[4445791] Could not find attributes for florin tanase (SC Fotbal Club FCSB SA, 2024)
[4445791] Failed to build match row: SC Fotbal Club FCSB SA vs Manchester United Football Club
[3840268] Could not find attributes for maximiliano caufriez (Clermont Foot 63, 2022)
[3840268] Failed to build match row: Clermont Foot 63 vs Angers Sporting Club de l'Ouest
[3648243] Failed to scrape lineup: https://www.transfermarkt.co.uk/spielbericht/index/spielbericht/3648243

Keepers & outfield error for **FC Dallas** in FC Dallas vs Colorado Rapids: Numbers: 2 and 9.
[4587200] Failed to build match row: FC Dallas vs Colorado Rapids
[4808367] Failed to scrape lineup: https://www.transfermarkt.co.uk/spielbericht/index/spielbericht/4808367
[4646179] Failed to scrape lineup: https://www.transfermarkt.co.uk/dynamo-kyiv_rukh-lviv/index/spielbericht/4646179
[3461714] Could not find attributes for malang sarr (Futebol Clube do Porto, 2020)
[3461714] Failed to build match row: Manchester City Football Club vs Futebol Clube do Porto
[4360793] Could not find attributes for luquinhas (Legia Warszawa Spółka Akcyjna, 2024)
[4097122] Failed to scrape lineup: https://www.transfermarkt.co.uk/spielbericht/index/spielbericht/4097122
[4360793] Failed to build match row: Jagiellonia-Bialystok Sportowa Spólka Akcyjna vs Legia Warszawa Spółka Akcyjna
[4529807] Failed to scrape lineup: https://www.transfermarkt.co.uk/ulsan-hd-fc_daegu-fc/index/spielbericht/4529807
[4129664] Failed to scrape lineup: https://www.transfermarkt.co.uk/antalyaspor_istanbulspor/index/spielbericht/4129664
[4004792] Failed to scrape lineup: https://www.transfermarkt.co.uk/spielbericht/index/spielbericht/4004792
[3432093] Could not find attributes for moatasem al musrati (Sporting Clube de Braga, 2020)
[3432093] Failed to build match row: Sporting Clube de Braga vs Portimonense SC
[4370222] Could not find attributes for franjo ivanovic (Royale Union Saint-Gilloise, 2024)
[4370222] Failed to build match row: Royale Union Saint-Gilloise vs Cercle Brugge Koninklijke Sportvereniging
[4727262] Could not find attributes for jason davidson (Melbourne Victory FC, 2025)
[4727262] Failed to build match row: Melbourne Victory FC vs Melbourne City Football Club
[4113181] Could not find attributes for chris ramos (Cádiz CF, 2023)
[4113181] Failed to build match row: Club Atlético Osasuna vs Cádiz CF
[4421088] Failed to scrape lineup: https://www.transfermarkt.co.uk/spielbericht/index/spielbericht/4421088
[4445792] Failed to scrape lineup: https://www.transfermarkt.co.uk/spielbericht/index/spielbericht/4445792
[3840269] Failed to scrape lineup: https://www.transfermarkt.co.uk/losc-lille_montpellier-hsc/index/spielbericht/3840269
[3648244] Failed to scrape lineup: https://www.transfermarkt.co.uk/spielbericht/index/spielbericht/3648244
[4587201] Failed to scrape lineup: https://www.transfermarkt.co.uk/houston-dynamo-fc_portland-timbers/index/spielbericht/4587201
[4641514] Could not find attributes for lushendry martes (Sparta Rotterdam, 2025)
[4641514] Failed to build match row: Feyenoord Rotterdam vs Sparta Rotterdam
[3869204] Could not find attributes for goncalo ramos (Sport Lisboa e Benfica, 2022)
[3869204] Failed to build match row: Sport Lisboa e Benfica vs Vitória Sport Clube
[3415297] Failed to scrape lineup: https://www.transfermarkt.co.uk/royal-excel-mouscron-2022-_r-charleroi-sc/index/spielbericht/3415297
[4646180] Failed to scrape lineup: https://www.transfermarkt.co.uk/kolos-kovalivka_polissya-zhytomyr/index/spielbericht/4646180

Keepers & outfield error for **Futebol Clube do Porto** in Futebol Clube do Porto vs Clube Desportivo Santa Clara: Numbers: 0 and 11.
[4648937] Failed to build match row: Futebol Clube do Porto vs Clube Desportivo Santa Clara
[3461715] Could not find attributes for jose cholevas (Olympiakos Syndesmos Filathlon Peiraios, 2020)
[3461715] Failed to build match row: Olympiakos Syndesmos Filathlon Peiraios vs Olympique de Marseille
[4395282] Could not find attributes for yohan roche (Fotbal Club Petrolul Ploiești, 2024)
[4395282] Failed to build match row: Fotbal Club Petrolul Ploiești vs Asociația Fotbal Club Unirea 04 Slobozia
[4360794] Failed to scrape lineup: https://www.transfermarkt.co.uk/lech-poznan_motor-lublin/index/spielbericht/4360794
[4006033] Failed to scrape lineup: https://www.transfermarkt.co.uk/fc-famalicao_rio-ave-fc/index/spielbericht/4006033
[4370223] Failed to scrape lineup: https://www.transfermarkt.co.uk/kaa-gent_krc-genk/index/spielbericht/4370223
[4529809] Failed to scrape lineup: https://www.transfermarkt.co.uk/suwon-fc_gwangju-fc/index/spielbericht/4529809
[4166261] Could not find attributes for sergey samok (Rotor Volgograd, 2023)
[4166261] Failed to build match row: Rotor Volgograd vs Legion-Dinamo Makhachkala
[3497881] Could not find attributes for jano velasco (CF Fuenlabrada, 2020)
[4113182] Failed to scrape lineup: https://www.transfermarkt.co.uk/villarreal-cf_getafe-cf/index/spielbericht/4113182
[3497881] Failed to build match row: CF Fuenlabrada vs Real Club Deportivo Mallorca S.A.D.
[4366875] Could not find attributes for marko malenica (NK Osijek s.d.d., 2024)
[4366875] Failed to build match row: NK Osijek s.d.d. vs HNK Hajduk Split
[4421089] Failed to scrape lineup: https://www.transfermarkt.co.uk/spielbericht/index/spielbericht/4421089
[4363270] Could not find attributes for matus hruska (FK Dukla Praha a.s., 2024)
[4363270] Failed to build match row: AC Sparta Praha, a. s. vs FK Dukla Praha a.s.
[4709365] Could not find attributes for mikel villanueva (Al-Fayha FC, 2025)
[4709365] Failed to build match row: Al-Fayha FC vs Al-Hazem Sport Club
[4641515] Failed to scrape lineup: https://www.transfermarkt.co.uk/fortuna-sittard_psv-eindhoven/index/spielbericht/4641515
[4587202] Failed to scrape lineup: https://www.transfermarkt.co.uk/sporting-kansas-city_vancouver-whitecaps-fc/index/spielbericht/4587202
[3869205] Failed to scrape lineup: https://www.transfermarkt.co.uk/boavista-fc_fc-famalicao/index/spielbericht/3869205
[4225945] Could not find attributes for niels kornelis (De Treffers, 2023)
[4225945] Failed to build match row: Go Ahead Eagles vs De Treffers
[4646181] Failed to scrape lineup: https://www.transfermarkt.co.uk/metalist-1925-kharkiv_kryvbas-kryvyi-rig/index/spielbericht/4646181
[4648938] Failed to scrape lineup: https://www.transfermarkt.co.uk/gd-estoril-praia_sl-benfica/index/spielbericht/4648938
[3889545] Could not find attributes for ilya lantratov (FC Khimki (-2025), 2022)
[3889545] Failed to build match row: FC Khimki (-2025) vs PFK Krylya Sovetov Samara
[4529811] Failed to scrape lineup: https://www.transfermarkt.co.uk/gangwon-fc_daejeon-hana-citizen/index/spielbericht/4529811
[4370224] Failed to scrape lineup: https://www.transfermarkt.co.uk/royal-antwerp-fc_standard-liege/index/spielbericht/4370224
[4395285] Failed to scrape lineup: https://www.transfermarkt.co.uk/asfc-buzau-2016-2025-_universitatea-craiova/index/spielbericht/4395285
[3426677] Failed to build match row: Kasımpaşa A.Ş. vs Çaykur Rizespor Kulübü
[3611489] Could not find attributes for aleix vidal (Espanol, 2021)
[3611489] Failed to build match row: Alaves vs Espanol
[3851339] Could not find attributes for joao silva (KV Kortrijk, 2022)
[3602289] Could not find attributes for dmytro riznyk (Vorskla Poltava, 2021)
[3497882] Failed to scrape lineup: https://www.transfermarkt.co.uk/spielbericht/index/spielbericht/3497882
[3851339] Failed to build match row: KV Kortrijk vs Royale Union Saint-Gilloise
[3602289] Failed to build match row: Vorskla Poltava vs FK Mariupol
[4624738] Could not find attributes for matous trmal (FK Teplice, a.s., 2025)
[4624738] Failed to build match row: FK Teplice, a.s. vs FC Hradec Králové a.s.
[4366877] Failed to scrape lineup: https://www.transfermarkt.co.uk/nk-varazdin_nk-lokomotiva-zagreb/index/spielbericht/4366877
[4094732] Failed to scrape lineup: https://www.transfermarkt.co.uk/olympique-marseille_rc-strasbourg-alsace/index/spielbericht/4094732
[4709366] Failed to scrape lineup: https://www.transfermarkt.co.uk/neom-sc_al-najma-sc/index/spielbericht/4709366
[4129665] Could not find attributes for ali kaan guneren (MKE Ankaragücü, 2023)
[4129665] Failed to build match row: MKE Ankaragücü vs Galatasaray Spor Kulübü
[3616344] Could not find attributes for deividas mikelionis (FK Kauno Zalgiris, 2021)
[3616344] Failed to build match row: FK Kauno Zalgiris vs The New Saints
[4648939] Failed to scrape lineup: https://www.transfermarkt.co.uk/cd-nacional_vitoria-guimaraes-sc/index/spielbericht/4648939
[4587203] Failed to scrape lineup: https://www.transfermarkt.co.uk/minnesota-united-fc_chicago-fire-fc/index/spielbericht/4587203
[4225946] Failed to scrape lineup: https://www.transfermarkt.co.uk/spielbericht/index/spielbericht/4225946

Keepers & outfield error for **Valencia Club de Fútbol S. A. D.** in Valencia Club de Fútbol S. A. D. vs Sevilla Fútbol Club S.A.D.: Numbers: 2 and 9.
[3889546] Failed to scrape lineup: https://www.transfermarkt.co.uk/cska-moscow_fc-krasnodar/index/spielbericht/3889546
[3851340] Failed to scrape lineup: https://www.transfermarkt.co.uk/rfc-seraing_kvc-westerlo/index/spielbericht/3851340
[3497883] Failed to scrape lineup: https://www.transfermarkt.co.uk/spielbericht/index/spielbericht/3497883
[4407648] Could not find attributes for matija nastasic (CD Leganés, 2024)
[4366878] Failed to scrape lineup: https://www.transfermarkt.co.uk/nk-varazdin_hnk-sibenik/index/spielbericht/4366878
[4113183] Failed to build match row: Valencia Club de Fútbol S. A. D. vs Sevilla Fútbol Club S.A.D.
[4407648] Failed to build match row: CD Leganés vs Real Madrid Club de Fútbol
[4709367] Failed to scrape lineup: https://www.transfermarkt.co.uk/al-khaleej-fc_al-fateh-sc/index/spielbericht/4709367
[4529812] Could not find attributes for sung yueng ki (Football Club Pohang Steelers, 2024)
[4529812] Failed to build match row: Football Club Pohang Steelers vs Jeonbuk Hyundai Motors
[4646182] Could not find attributes for anton yashkov (FK Kudrivka-1, 2025)
antinoupoleos, 2022)
[4363271] Could not find attributes for jakub martinec (FK Jablonec a.s., 2024)
[3869206] Could not find attributes for mexer (Grupo Desportivo Estoril Praia, 2022)
[4363271] Failed to build match row: FK Jablonec a.s. vs FC Viktoria Plzeň, a.s.
os Syndesmos Filathlon Peiraios
[4646182] Failed to build match row: FK Kudrivka-1 vs FC Zorya Lugansk
[3415299] Failed to scrape lineup: https://www.transfermarkt.co.uk/r-charleroi-sc_standard-liege/index/spielbericht/3415299
[3925897] Could not find attributes for ilya svinov (Fakel Voronezh, 2022)
[3925897] Failed to build match row: Fakel Voronezh vs AO FK Zenit Sankt-Peterburg
[3889547] Failed to scrape lineup: https://www.transfermarkt.co.uk/akhmat-grozny_fc-pari-nizhniy-novgorod/index/spielbericht/3889547
[3602290] Could not find attributes for igor lytovka (Desna Chernigiv, 2021)
[3602290] Failed to build match row: Desna Chernigiv vs FK Kolos Kovalivka
[4370225] Could not find attributes for loic mbe soh (Beerschot VA, 2024)
[4370225] Failed to build match row: KV Kortrijk vs Beerschot VA

Keepers & outfield error for **Paris Saint-Germain Football Club** in Paris Saint-Germain Football Club vs Racing Club de Lens: Numbers: 2 and 9.
[3840271] Failed to build match row: Paris Saint-Germain Football Club vs Racing Club de Lens

Keepers & outfield error for **San Jose Earthquakes** in San Jose Earthquakes vs St. Louis City Soccer Club: Numbers: 0 and 11.
[4587205] Failed to build match row: San Jose Earthquakes vs St. Louis City Soccer Club
[4129666] Could not find attributes for florin nita (Gaziantep Futbol Kulübü A.Ş., 2023)
[4129666] Failed to build match row: Gaziantep Futbol Kulübü A.Ş. vs Samsunspor
[4446501] Could not find attributes for anestis tangou (AE Evosmou, 2024)
[4446501] Failed to build match row: AE Evosmou vs Ethnikos Neou Keramidiou
[4407649] Failed to scrape lineup: https://www.transfermarkt.co.uk/celta-de-vigo_fc-barcelona/index/spielbericht/4407649
[4529814] Failed to scrape lineup: https://www.transfermarkt.co.uk/fc-seoul_ulsan-hd-fc/index/spielbericht/4529814
[4166262] Could not find attributes for valeriy orekhov (Druzhba Maikop, 2023)
[4360796] Failed to scrape lineup: https://www.transfermarkt.co.uk/puszcza-niepolomice_gks-katowice/index/spielbericht/4360796
[4166262] Failed to build match row: Druzhba Maikop vs SKVO Rostov-na-Donu
[4113184] Could not find attributes for sokratis papastathopoulos (Real Betis Balompié S.A.D., 2023)
[4113184] Failed to build match row: Real Betis Balompié S.A.D. vs Alaves
[4808369] Failed to scrape lineup: https://www.transfermarkt.co.uk/spielbericht/index/spielbericht/4808369
[4225947] Failed to scrape lineup: https://www.transfermarkt.co.uk/spielbericht/index/spielbericht/4225947
[3648245] Could not find attributes for oleksandr matkobozhyk (FK Karpaty Lviv, 2021)
[3648245] Failed to build match row: FK Karpaty Lviv vs Volyn Lutsk
[4097123] Could not find attributes for mal benning (Shrewsbury Town, 2022)
[4097123] Failed to build match row: Leeds United Association Football Club vs Shrewsbury Town
[4626153] Failed to scrape lineup: https://www.transfermarkt.co.uk/manchester-city_brentford-fc/index/spielbericht/4626153
[3602291] Could not find attributes for oleksandr ilyushchenkov (PFK Lviv, 2021)
[3602291] Failed to build match row: PFK Lviv vs FC Zorya Lugansk
[4665068] Failed to scrape lineup: https://www.transfermarkt.co.uk/ofi-crete_panathinaikos/index/spielbericht/4665068
[4635146] Could not find attributes for yvon mvogo (Football Club Lorient-Bretagne Sud, 2025)
[4635146] Failed to build match row: Racing Club de Strasbourg Alsace vs Football Club Lorient-Bretagne Sud
[3889548] Failed to scrape lineup: https://www.transfermarkt.co.uk/ural-yekaterinburg_torpedo-moskau/index/spielbericht/3889548
[3611491] Failed to scrape lineup: https://www.transfermarkt.co.uk/granada-cf_athletic-bilbao/index/spielbericht/3611491
[3497922] Failed to build match row: Agrobiznes Volochysk vs FC Shakhtar Donetsk
[4421090] Could not find attributes for maksim edapin (FC Astrakhan, 2024)
[4421090] Failed to build match row: FC Astrakhan vs Legion-Dinamo Makhachkala
[3840272] Failed to scrape lineup: https://www.transfermarkt.co.uk/rc-strasbourg-alsace_ac-ajaccio/index/spielbericht/3840272
[3925898] Could not find attributes for kirill nababkin (PFK CSKA Moskva, 2022)
[4624739] Could not find attributes for vladimir neuman (MFK Karvina, 2025)
ht/index/spielbericht/4013640
[3925898] Failed to build match row: PFK CSKA Moskva vs FK Dinamo Moskva
[4624739] Failed to build match row: MFK Karvina vs FK Mladá Boleslav, a.s.
[3616345] Could not find attributes for keston davies (The New Saints, 2021)
[4363272] Could not find attributes for milan heca (1. FC Slovácko, 2024)
[3616345] Failed to build match row: The New Saints vs FK Kauno Zalgiris
[4363272] Failed to build match row: 1. FC Slovácko vs Bohemians Praha 1905, a.s.
[4646184] Could not find attributes for valentyn gorokh (NK Veres Rivne, 2025)
[4646184] Failed to build match row: NK Veres Rivne vs SK Poltava
[3426678] Could not find attributes for francois moubandje (Alanyaspor, 2020)
[4514353] Could not find attributes for metinho (FC Basel 1893 AG, 2024)
[3426678] Failed to build match row: Alanyaspor vs Kayserispor Kulübü
[4514353] Failed to build match row: FC Basel 1893 AG vs Yverdon Sport FC
[4366879] Could not find attributes for zvonimir subaric (NK Lokomotiva Zagreb, 2024)
[4366879] Failed to build match row: NK Lokomotiva Zagreb vs NK Istra 1961

Keepers & outfield error for **Al-Shabab Club** in Al-Shabab Club vs Al-Qadsiah Saudi Football Club: Numbers: 0 and 11.
[4709368] Failed to build match row: Al-Shabab Club vs Al-Qadsiah Saudi Football Club

Keepers & outfield error for **Manchester City Football Club** in West Ham United Football Club vs Manchester City Football Club: Numbers: 2 and 9.
[3592270] Failed to build match row: West Ham United Football Club vs Manchester City Football Club

Keepers & outfield error for **Boavista FC** in Boavista FC vs Casa Pia Atlético Clube: Numbers: 2 and 9.
[3869207] Failed to build match row: Boavista FC vs Casa Pia Atlético Clube
[3450551] Could not find attributes for ole romeny (Willem II Tilburg, 2020)
[3450551] Failed to build match row: Willem II Tilburg vs Football Club Twente
[3838268] Could not find attributes for serge aurier (Nottingham Forest Football Club, 2022)
[3838268] Failed to build match row: Nottingham Forest Football Club vs Chelsea Football Club
[4375330] Could not find attributes for soumaila diabate (Fußballclub Blau-Weiß Linz, 2024)
[4375330] Failed to build match row: Sportklub Rapid vs Fußballclub Blau-Weiß Linz

Keepers & outfield error for **Nooit Opgeven Altijd Doorzetten Aangenaam Door Vermaak En Nuttig Door Ontspanning Combinatie Breda** in Nooit Opgeven Altijd Doorzetten Aangenaam Door Vermaak En Nuttig Door Ontspanning Combinatie Breda vs Nijmegen Eendracht Combinatie: Numbers: 2 and 9.
[4641517] Failed to build match row: Nooit Opgeven Altijd Doorzetten Aangenaam Door Vermaak En Nuttig Door Ontspanning Combinatie Breda vs Nijmegen Eendracht Combinatie
[4587206] Could not find attributes for artem smolyakov (Los Angeles Football Club, 2024)
[4587206] Failed to build match row: Los Angeles Football Club vs Real Salt Lake
[3851342] Failed to scrape lineup: https://www.transfermarkt.co.uk/sint-truidense-vv_royal-antwerp-fc/index/spielbericht/3851342

Keepers & outfield error for **Wolverhampton Wanderers Football Club** in Wolverhampton Wanderers Football Club vs Leeds United Association Football Club: Numbers: 0 and 11.
[3592271] Failed to build match row: Wolverhampton Wanderers Football Club vs Leeds United Association Football Club
[3602292] Could not find attributes for yuriy pankiv (FC Rukh Lviv, 2021)
[3602292] Failed to build match row: FC Shakhtar Donetsk vs FC Rukh Lviv
[4129667] Could not find attributes for shahrudin mahammadaliyev (Adana Demirspor, 2023)
[4129667] Failed to build match row: Alanyaspor vs Adana Demirspor
[4514354] Failed to scrape lineup: https://www.transfermarkt.co.uk/grasshopper-club-zurich_fc-winterthur/index/spielbericht/4514354
[4366880] Failed to scrape lineup: https://www.transfermarkt.co.uk/slaven-belupo-koprivnica_nk-osijek/index/spielbericht/4366880
[4665069] Failed to scrape lineup: https://www.transfermarkt.co.uk/panserraikos_volos-nfc/index/spielbericht/4665069
[4808370] Failed to scrape lineup: https://www.transfermarkt.co.uk/spielbericht/index/spielbericht/4808370
[4225948] Failed to scrape lineup: https://www.transfermarkt.co.uk/spielbericht/index/spielbericht/4225948
[4446743] Failed to scrape lineup: https://www.transfermarkt.co.uk/spielbericht/index/spielbericht/4446743
[3497923] Failed to scrape lineup: https://www.transfermarkt.co.uk/spielbericht/index/spielbericht/3497923
[3925899] Could not find attributes for soslan dzhanaev (FK Sochi, 2022)
[3925899] Failed to build match row: FK Sochi vs Футбольный клуб "Локомотив" Москва
[4624740] Could not find attributes for hugo jan backovsky (FK Dukla Praha a.s., 2025)
[4624740] Failed to build match row: FK Dukla Praha a.s. vs FK Pardubice
[3840273] Could not find attributes for antoine mendy (Olympique Gymnaste Club Nice Côte d'Azur, 2022)

Keepers & outfield error for **Casa Pia Atlético Clube** in Casa Pia Atlético Clube vs Rio Ave Futebol Clube: Numbers: 3 and 8.
[3840273] Failed to build match row: Stade brestois 29 vs Olympique Gymnaste Club Nice Côte d'Azur
[4648940] Failed to build match row: Casa Pia Atlético Clube vs Rio Ave Futebol Clube
[4013647] Failed to scrape lineup: https://www.transfermarkt.co.uk/spielbericht/index/spielbericht/4013647
[4646185] Could not find attributes for nazar domchak (FK Karpaty Lviv, 2025)
[4646185] Failed to build match row: FC Shakhtar Donetsk vs FK Karpaty Lviv
[4529821] Could not find attributes for sung yueng ki (Football Club Pohang Steelers, 2024)
[4529821] Failed to build match row: Football Club Pohang Steelers vs Suwon FC
[3889549] Could not find attributes for ilya svinov (Fakel Voronezh, 2022)
[3889549] Failed to build match row: Fakel Voronezh vs Футбольный клуб "Локомотив" Москва
[3426679] Could not find attributes for fabien farnolle (Erzurumspor FK, 2020)

Keepers & outfield error for **Futebol Clube de Famalicão** in Futebol Clube de Famalicão vs Gil Vicente Futebol Clube: Numbers: 0 and 11.
[3426679] Failed to build match row: Kayserispor Kulübü vs Erzurumspor FK
[3432094] Failed to scrape lineup: https://www.transfermarkt.co.uk/moreirense-fc_gil-vicente-fc/index/spielbericht/3432094
[3869208] Failed to build match row: Futebol Clube de Famalicão vs Gil Vicente Futebol Clube
[4370227] Failed to scrape lineup: https://www.transfermarkt.co.uk/royal-charleroi-sc_oud-heverlee-leuven/index/spielbericht/4370227
[4665070] Failed to scrape lineup: https://www.transfermarkt.co.uk/ae-larisa_aek-athens/index/spielbericht/4665070
[4366881] Failed to scrape lineup: https://www.transfermarkt.co.uk/hnk-hajduk-split_gnk-dinamo-zagreb/index/spielbericht/4366881
[3602293] Failed to scrape lineup: https://www.transfermarkt.co.uk/chornomorets-odesa_dynamo-kyiv/index/spielbericht/3602293
[4097124] Failed to scrape lineup: https://www.transfermarkt.co.uk/spielbericht/index/spielbericht/4097124
[4166263] Failed to scrape lineup: https://www.transfermarkt.co.uk/spielbericht/index/spielbericht/4166263
[4395288] Could not find attributes for florin tanase (SC Fotbal Club FCSB SA, 2024)
[4360797] Failed to scrape lineup: https://www.transfermarkt.co.uk/radomiak-radom_rakow-czestochowa/index/spielbericht/4360797
[4094734] Could not find attributes for aurelien pelon (Football Club Lorient-Bretagne Sud, 2023)
[3648246] Failed to scrape lineup: https://www.transfermarkt.co.uk/spielbericht/index/spielbericht/3648246
[4635147] Failed to scrape lineup: https://www.transfermarkt.co.uk/fc-metz_paris-saint-germain/index/spielbericht/4635147
[4626154] Failed to scrape lineup: https://www.transfermarkt.co.uk/nottingham-forest_newcastle-united/index/spielbericht/4626154
[4407650] Failed to scrape lineup: https://www.transfermarkt.co.uk/valencia-cf_real-betis-balompie/index/spielbericht/4407650
[4395288] Failed to build match row: ACSM Politehnica Iasi vs SC Fotbal Club FCSB SA
[4094734] Failed to build match row: Lille Olympique Sporting Club vs Football Club Lorient-Bretagne Sud
[3840274] Failed to scrape lineup: https://www.transfermarkt.co.uk/stade-rennais-fc_stade-reims/index/spielbericht/3840274

Keepers & outfield error for **Club Internacional de Fútbol Miami** in New York City Football Club vs Club Internacional de Fútbol Miami: Numbers: 0 and 11.
[4587207] Failed to build match row: New York City Football Club vs Club Internacional de Fútbol Miami

Keepers & outfield error for **Wolverhampton Wanderers Football Club** in Wolverhampton Wanderers Football Club vs Aston Villa Football Club: Numbers: 0 and 11.
[3592272] Failed to build match row: Wolverhampton Wanderers Football Club vs Aston Villa Football Club
[4129668] Could not find attributes for jackson porozo (Kasımpaşa A.Ş., 2023)
[4129668] Failed to build match row: Kasımpaşa A.Ş. vs Fatih Karagümrük Sportif Faaliyetler San. Tic. A.Ş.
[3616364] Failed to scrape lineup: https://www.transfermarkt.co.uk/spielbericht/index/spielbericht/3616364
[4514355] Failed to build match row: Football Club Lausanne-Sport vs FC Lugano
[4370228] Could not find attributes for rob schoofs (Yellow-Red Koninklijke Voetbalclub Mechelen, 2024)
[4370228] Failed to build match row: FC Verbroedering Denderhoutem Denderleeuw Eendracht Hekelgem vs Yellow-Red Koninklijke Voetbalclub Mechelen

Keepers & outfield error for **Al-Kholood Club** in Al-Kholood Club vs Al-Hilal Saudi Football Club: Numbers: 2 and 9.
[4709369] Failed to build match row: Al-Kholood Club vs Al-Hilal Saudi Football Club
[4624741] Could not find attributes for louis lurvink (SK Sigma Olomouc, a.s., 2025)
[4624741] Failed to build match row: SK Sigma Olomouc, a.s. vs FK Mladá Boleslav, a.s.
[4363273] Could not find attributes for filip cihak (FC Hradec Králové a.s., 2024)
[4363273] Failed to build match row: FC Hradec Králové a.s. vs FK Mladá Boleslav, a.s.

Keepers & outfield error for **Futebol Clube de Arouca** in Futebol Clube de Arouca vs Clube Desportivo de Tondela: Numbers: 2 and 9.
[4648941] Failed to build match row: Futebol Clube de Arouca vs Clube Desportivo de Tondela
[3925900] Could not find attributes for aleksandr selikhov (FK Spartak Moskva, 2022)
[3925900] Failed to build match row: FK Spartak Moskva vs PFK Krylya Sovetov Samara
[3889550] Could not find attributes for mikhail kerzhakov (AO FK Zenit Sankt-Peterburg, 2022)
[4646186] Could not find attributes for oleg bilyk (Epicentr Dunaivtsi, 2025)
[4375331] Could not find attributes for djawal kaiba (Sportclub Rheindorf Altach, 2024)
[3889550] Failed to build match row: AO FK Zenit Sankt-Peterburg vs FC Orenburg
[4646186] Failed to build match row: Epicentr Dunaivtsi vs LNZ Cherkasy
[4375331] Failed to build match row: Sportclub Rheindorf Altach vs Sportklub Puntigamer Sturm Graz
[3497924] Could not find attributes for ilya zabarnyi (Futbolniy Klub Dynamo Kyiv, 2020)
[3497924] Failed to build match row: Futbolniy Klub Dynamo Kyiv vs FK Kolos Kovalivka

Keepers & outfield error for **Suwon FC** in Suwon FC vs Ulsan Hyundai Football Club: Numbers: 0 and 11.
[4529842] Failed to build match row: Suwon FC vs Ulsan Hyundai Football Club

Keepers & outfield error for **Walsall FC** in Walsall FC vs Leicester City: Numbers: 2 and 9.
[4013648] Failed to build match row: Walsall FC vs Leicester City
[4808372] Could not find attributes for jamie donley (Oxford United, 2025)
[4665071] Could not find attributes for marios siampanis (Volou Neos Podosferikos Syllogos, 2025)
[4808372] Failed to build match row: Oxford United vs Sunderland Association Football Club
[4665071] Failed to build match row: Volou Neos Podosferikos Syllogos vs A.G.S Asteras Tripolis
[3415302] Could not find attributes for osman bukari (Koninklijke Atletiek Associatie Gent, 2020)
[3415302] Failed to build match row: Koninklijke Atletiek Associatie Gent vs Beerschot VA
Not enough players found for lineup: 0, 0.
[4446744] Failed to scrape lineup: https://www.transfermarkt.co.uk/spielbericht/index/spielbericht/4446744
[4587208] Could not find attributes for samuel gidi (Football Club Cincinnati, 2024)

Keepers & outfield error for **Stal Mielec** in Stal Mielec vs Klub Sportowy Lechia Gdańsk: Numbers: 2 and 9.
[4587208] Failed to build match row: Football Club Cincinnati vs Orlando City Soccer Club
[4360798] Failed to build match row: Stal Mielec vs Klub Sportowy Lechia Gdańsk
[4375332] Could not find attributes for chibuike nwaiwu (RZ Pellets Wolfsberger Athletiksport Club, 2024)
[3602294] Could not find attributes for yuriy pankiv (FC Rukh Lviv, 2021)
[3602294] Failed to build match row: FC Rukh Lviv vs TOV FK Metalist 1925 Kharkiv
[4375332] Failed to build match row: Grazer Athletiksport Klub 1902 vs RZ Pellets Wolfsberger Athletiksport Club
[4624742] Could not find attributes for augustin drakpe (FC Slovan Liberec, 2025)
[3925901] Could not find attributes for aleksey kenyaykin (FC Orenburg, 2022)
[4624742] Failed to build match row: FC Slovan Liberec vs 1. FC Slovácko
[4129669] Failed to scrape lineup: https://www.transfermarkt.co.uk/pendikspor_trabzonspor/index/spielbericht/4129669
[3925901] Failed to build match row: FC Orenburg vs RFK Akhmat Grozny
[4648942] Could not find attributes for joao moutinho (Sporting Clube de Braga, 2025)
[4648942] Failed to build match row: Sporting Clube de Braga vs Club Football Estrela da Amadora
[4529844] Could not find attributes for si woo jin (Gwangju Football Club, 2024)
[4529844] Failed to build match row: Gwangju Football Club vs Foundation Coorperation Hana Financial Group Inc. Football Club
[3426680] Could not find attributes for luka adzic (MKE Ankaragücü, 2020)
[3426680] Failed to build match row: Sivasspor vs MKE Ankaragücü
[4514356] Could not find attributes for miroslav stevanovic (Servette Football Club 1890 SA, 2024)
[4363274] Could not find attributes for jakub lapes (MFK Karvina, 2024)
[4363274] Failed to build match row: MFK Karvina vs FC Baník Ostrava a.s.
[4514356] Failed to build match row: Servette Football Club 1890 SA vs FC Luzern
[3450553] Failed to scrape lineup: https://www.transfermarkt.co.uk/ajax-amsterdam_rkc-waalwijk/index/spielbericht/3450553
[4665072] Could not find attributes for vasilios xenopoulos (Athlitiki Enosi Kifisias, 2025)
[3851344] Could not find attributes for jorne spileers (Club Brugge Koninklijke Voetbalvereniging, 2022)
[3851344] Failed to build match row: Club Brugge Koninklijke Voetbalvereniging vs RFC Seraing
[4665072] Failed to build match row: Athlitiki Enosi Kifisias vs Aris Thessalonikis
[3889551] Could not find attributes for sergey pesjakov (FK Rostov, 2022)
[3889551] Failed to build match row: FK Rostov vs FK Spartak Moskva
[3432095] Failed to scrape lineup: https://www.transfermarkt.co.uk/boavista-fc_fc-pacos-de-ferreira/index/spielbericht/3432095
[3700976] Could not find attributes for theodoros antonopoulos (Athlitiki Enosi Kifisias, 2021)
[3415303] Could not find attributes for anthony musaba (Cercle Brugge Koninklijke Sportvereniging, 2020)
[3869209] Failed to scrape lineup: https://www.transfermarkt.co.uk/vitoria-guimaraes-sc_portimonense-sc/index/spielbericht/3869209
[3700976] Failed to build match row: Athlitiki Enosi Kifisias vs Athlitiki Enosi Konstantinoupoleos
[3415303] Failed to build match row: KAS Eupen vs Cercle Brugge Koninklijke Sportvereniging
[4808373] Could not find attributes for tomas rigo (Stoke City, 2025)
[4808373] Failed to build match row: Stoke City vs Fulham Football Club
[4727263] Could not find attributes for marcel tisserand (Sydney Football Club, 2025)
[4727263] Failed to build match row: Sydney Football Club vs Macarthur South West Sydney (A-League)
[3648247] Failed to scrape lineup: https://www.transfermarkt.co.uk/spielbericht/index/spielbericht/3648247
[4097125] Failed to scrape lineup: https://www.transfermarkt.co.uk/spielbericht/index/spielbericht/4097125
[3925902] Could not find attributes for egor baburin (Torpedo Moscow, 2022)
[3925902] Failed to build match row: Torpedo Moscow vs FK Nizhny Novgorod
[4094735] Failed to scrape lineup: https://www.transfermarkt.co.uk/rc-lens_paris-saint-germain/index/spielbericht/4094735

Keepers & outfield error for **Toronto FC** in Toronto FC vs Club Internacional de Fútbol Miami: Numbers: 2 and 9.
[4115638] Could not find attributes for chance mihigo (Thisted FC, 2023)
[4115638] Failed to build match row: Thisted FC vs Brabrand IF
[4587209] Failed to build match row: Toronto FC vs Club Internacional de Fútbol Miami
[3497925] Could not find attributes for bogdan sarnavskyi (SC Dnipro-1, 2020)
[3497925] Failed to build match row: SC Dnipro-1 vs FC Oleksandriya
[4375333] Could not find attributes for joane gadou (Fußballclub Red Bull Salzburg, 2024)
[4375333] Failed to build match row: Turn- und Sportverein Egger Glas Hartberg vs Fußballclub Red Bull Salzburg
[3616365] Failed to scrape lineup: https://www.transfermarkt.co.uk/spielbericht/index/spielbericht/3616365
[3426681] Could not find attributes for yassine meriah (Çaykur Rizespor Kulübü, 2020)
[3838270] Failed to scrape lineup: https://www.transfermarkt.co.uk/west-ham-united_brentford-fc/index/spielbericht/3838270

Keepers & outfield error for **Sevilla Fútbol Club S.A.D.** in Sevilla Fútbol Club S.A.D. vs Rayo Vallecano de Madrid S. A. D.: Numbers: 0 and 11.
[4166264] Failed to scrape lineup: https://www.transfermarkt.co.uk/spielbericht/index/spielbericht/4166264
[4407651] Failed to build match row: Sevilla Fútbol Club S.A.D. vs Rayo Vallecano de Madrid S. A. D.
[4103747] Could not find attributes for sandi lovric (Udinese Calcio, 2023)
[3426681] Failed to build match row: Çaykur Rizespor Kulübü vs Alanyaspor
[4395289] Could not find attributes for mark tamas (Sepsi OSK Sf. Gheorghe, 2024)
[4103747] Failed to build match row: Società Sportiva Lazio S.p.A. vs Udinese Calcio

Keepers & outfield error for **Manchester City Football Club** in Manchester City Football Club vs Watford FC: Numbers: 2 and 9.
[3602295] Could not find attributes for mykyta turbayevskyi (FK Mariupol, 2021)
[4529879] Could not find attributes for si woo jin (Gwangju Football Club, 2024)
[3592274] Failed to build match row: Manchester City Football Club vs Watford FC
[4360799] Could not find attributes for jakub swierczok (Slask Wroclaw, 2024)
[4013651] Could not find attributes for joao palhinha (Fulham Football Club, 2022)
[3602295] Failed to build match row: FK Mariupol vs PFK Lviv
[4529879] Failed to build match row: Gwangju Football Club vs Gangwon Football Club
[4395289] Failed to build match row: Sepsi OSK Sf. Gheorghe vs Asociația Fotbal Club Hermannstadt
[4013651] Failed to build match row: Fulham Football Club vs Sunderland Association Football Club
[4360799] Failed to build match row: Slask Wroclaw vs Klub Sportowy Cracovia Spółka Akcyjna
[4624743] Could not find attributes for jakub martinec (AC Sparta Praha, a. s., 2025)
[4370230] Could not find attributes for konstantinos karetsas (Koninklijke Racing Club Genk, 2024)
[4370230] Failed to build match row: Cercle Brugge Koninklijke Sportvereniging vs Koninklijke Racing Club Genk
[4446787] Could not find attributes for rani khedira (1. Fußballclub Union Berlin, 2024)
[4624743] Failed to build match row: AC Sparta Praha, a. s. vs MFK Karvina
[4446787] Failed to build match row: Arminia Bielefeld vs 1. Fußballclub Union Berlin
[3450554] Could not find attributes for tyronne ebuehi (Football Club Twente, 2020)
[4727264] Could not find attributes for ramy najjarine (Wellington Phoenix Football Club, 2025)
[3450554] Failed to build match row: Football Club Twente vs Prins Hendrik Ende Desespereert Nimmer Combinatie Zwolle
[4366882] Could not find attributes for martin zlomislic (Hrvatski Nogometni Klub Rijeka, 2024)
[4626156] Could not find attributes for antonin kinsky (Tottenham Hotspur Football Club, 2025)
[3432096] Could not find attributes for mansur (Clube Desportivo Santa Clara, 2020)
[3700977] Could not find attributes for panagiotis liagas (APO Levadiakos Football Club, 2021)
[4727264] Failed to build match row: Wellington Phoenix Football Club vs Perth Glory Football Club
[4641518] Failed to scrape lineup: https://www.transfermarkt.co.uk/pec-zwolle_az-alkmaar/index/spielbericht/4641518

Keepers & outfield error for **Futebol Clube de Arouca** in Futebol Clube de Arouca vs Clube Desportivo Santa Clara: Numbers: 2 and 9.
[4366882] Failed to build match row: Hrvatski Nogometni Klub Rijeka vs HNK Gorica
[4626156] Failed to build match row: Tottenham Hotspur Football Club vs Leeds United Association Football Club
[3700977] Failed to build match row: Olympiakos Syndesmos Filathlon Peiraios vs APO Levadiakos Football Club
[3432096] Failed to build match row: Clube Desportivo Santa Clara vs Futebol Clube do Porto

Keepers & outfield error for **Olympique Gymnaste Club Nice Côte d'Azur** in Olympique Gymnaste Club Nice Côte d'Azur vs Racing Club de Strasbourg Alsace: Numbers: 2 and 9.
[3889552] Could not find attributes for ilya pomazun (Ural Yekaterinburg, 2022)
[4665073] Could not find attributes for panagiotis liagas (APO Levadiakos Football Club, 2025)
[4514399] Could not find attributes for peyton miller (New England Revolution, 2024)
[4646187] Could not find attributes for yuriy volodymyr gereta (FC Rukh Lviv, 2025)
[4635150] Failed to build match row: Olympique Gymnaste Club Nice Côte d'Azur vs Racing Club de Strasbourg Alsace
[3869210] Failed to build match row: Futebol Clube de Arouca vs Clube Desportivo Santa Clara
[4514399] Failed to build match row: New England Revolution vs Red Bull New York
[3925903] Could not find attributes for sergey pesjakov (FK Rostov, 2022)
[4646187] Failed to build match row: FC Rukh Lviv vs TOV FK Metalist 1925 Kharkiv
Voetbal Club Westerlo
[4665073] Failed to build match row: APO Levadiakos Football Club vs Omilos Filathlon Irakliou FC
[4709371] Could not find attributes for matheus goncalves (Al-Ahli Saudi Football Club, 2025)
[3925903] Failed to build match row: FK Rostov vs FK Krasnodar
[4709371] Failed to build match row: Al-Ahli Saudi Football Club vs Al-Fayha FC
[4587210] Could not find attributes for idan toklomati (Charlotte Football Club, 2024)
[3611493] Could not find attributes for nemanja radoja (Levante Unión Deportiva S.A.D., 2021)
[4587210] Failed to build match row: Charlotte Football Club vs Club de Foot Montréal
[3611493] Failed to build match row: Real Madrid Club de Fútbol vs Levante Unión Deportiva S.A.D.
[4421091] Could not find attributes for maksim mikityuk (Stroitel Kamensk-Shakhtinskiy, 2024)
[4421091] Failed to build match row: Stroitel Kamensk-Shakhtinskiy vs Forte Taganrog
[4129671] Could not find attributes for chandrel massanga (Hatayspor, 2023)
[4129671] Failed to build match row: Hatayspor vs Sivasspor
[4375334] Could not find attributes for joane gadou (Fußballclub Red Bull Salzburg, 2024)
[4375334] Failed to build match row: Fußballclub Red Bull Salzburg vs Sportklub Rapid
[4103748] Could not find attributes for nikola krstovic (Unione Sportiva Lecce, 2023)
[4103748] Failed to build match row: Unione Sportiva Lecce vs Verona Hellas Football Club
[4115641] Could not find attributes for joachim jensen (B1908 Amager, 2023)
[4013653] Failed to scrape lineup: https://www.transfermarkt.co.uk/spielbericht/index/spielbericht/4013653
[4115641] Failed to build match row: B1908 Amager vs FC Roskilde
[3889553] Failed to scrape lineup: https://www.transfermarkt.co.uk/torpedo-moskau_cska-moscow/index/spielbericht/3889553
[3648248] Could not find attributes for andriy lakeyenko (FC Chernigiv, 2021)
[4375335] Failed to scrape lineup: https://www.transfermarkt.co.uk/wolfsberger-ac_lask/index/spielbericht/4375335
[4395290] Could not find attributes for israel puerto (ASFC Buzau (2016-2025), 2024)
[3648248] Failed to build match row: FC Chernigiv vs Alyans Lypova Dolyna
[4395290] Failed to build match row: ASFC Buzau (2016-2025) vs SC Fotbal Club FCSB SA

Keepers & outfield error for **Jeonbuk Hyundai Motors** in Football Club Pohang Steelers vs Jeonbuk Hyundai Motors: Numbers: 0 and 11.
[4363275] Could not find attributes for vilem fendrich (SK Dynamo Ceske Budejovice, 2024)
[4529882] Failed to build match row: Football Club Pohang Steelers vs Jeonbuk Hyundai Motors
[4363275] Failed to build match row: SK Dynamo Ceske Budejovice vs FK Pardubice

Keepers & outfield error for **D.C. United** in D.C. United vs Philadelphia Union: Numbers: 0 and 11.
[4646188] Could not find attributes for yevgen volynets (FK Polissya Zhytomyr, 2025)
[3700978] Could not find attributes for matic kotnik (Volou Neos Podosferikos Syllogos, 2021)
[4587211] Failed to build match row: D.C. United vs Philadelphia Union
endracht Combinatie, 2020)
[3616366] Could not find attributes for vladan giljen (FK Sutjeska Niksic, 2021)
[4646188] Failed to build match row: FK Polissya Zhytomyr vs Futbolniy Klub Dynamo Kyiv
[3700978] Failed to build match row: Volou Neos Podosferikos Syllogos vs Panathinaikos Athlitikos Omilos
[3497995] Failed to build match row: Nijmegen Eendracht Combinatie vs Fortuna Sittardia Combinatie
[4727265] Failed to build match row: Brisbane Roar FC vs Western Sydney Wanderers
[4366883] Could not find attributes for morrison agyemang (HNK Sibenik, 2024)
[4366883] Failed to build match row: HNK Sibenik vs Hrvatski Nogometni Klub Rijeka
[3592276] Failed to scrape lineup: https://www.transfermarkt.co.uk/west-ham-united_arsenal-fc/index/spielbericht/3592276
[3925924] Could not find attributes for sergey pesjakov (FK Rostov, 2022)
[4665074] Could not find attributes for davide calabria (Panathinaikos Athlitikos Omilos, 2025)

Keepers & outfield error for **FC Empoli** in Associazione Calcio Milan vs FC Empoli: Numbers: 2 and 9.
[3925924] Failed to build match row: FK Rostov vs Ural Yekaterinburg
[4665074] Failed to build match row: Panathinaikos Athlitikos Omilos vs Olympiakos Syndesmos Filathlon Peiraios
[4103749] Failed to build match row: Associazione Calcio Milan vs FC Empoli
[4094737] Could not find attributes for daler kuzyaev (Le Havre Athletic Club, 2023)
[4129672] Could not find attributes for moatasem al musrati (Beşiktaş Jimnastik Kulübü, 2023)
[4094737] Failed to build match row: Le Havre Athletic Club vs Olympique Lyonnais
[4129672] Failed to build match row: Beşiktaş Jimnastik Kulübü vs Konyaspor

Keepers & outfield error for **Newcastle United Football Club** in Arsenal Football Club vs Newcastle United Football Club: Numbers: 2 and 9.
[3838272] Failed to build match row: Arsenal Football Club vs Newcastle United Football Club
[3432097] Could not find attributes for sassa (CS Marítimo, 2020)
[3497996] Failed to scrape lineup: https://www.transfermarkt.co.uk/spielbericht/index/spielbericht/3497996
[4646189] Failed to scrape lineup: https://www.transfermarkt.co.uk/zorya-lugansk_sc-poltava/index/spielbericht/4646189
[3432097] Failed to build match row: CS Marítimo vs Sporting Clube de Portugal
[4727266] Failed to scrape lineup: https://www.transfermarkt.co.uk/central-coast-mariners_adelaide-united/index/spielbericht/4727266
[3588387] Failed to scrape lineup: https://www.transfermarkt.co.uk/hertha-bsc_borussia-dortmund/index/spielbericht/3588387
[3616367] Failed to scrape lineup: https://www.transfermarkt.co.uk/spielbericht/index/spielbericht/3616367
[4514400] Could not find attributes for tate johnson (Vancouver Whitecaps FC, 2024)
[4514400] Failed to build match row: Toronto FC vs Vancouver Whitecaps FC
[4366884] Could not find attributes for slavko bralic (HNK Gorica, 2024)
[4366884] Failed to build match row: HNK Gorica vs HNK Hajduk Split
[3592277] Failed to scrape lineup: https://www.transfermarkt.co.uk/norwich-city_west-ham-united/index/spielbericht/3592277
[3925925] Failed to scrape lineup: https://www.transfermarkt.co.uk/fc-khimki_fakel-voronezh/index/spielbericht/3925925
[3840278] Could not find attributes for Justin Kalumba (Angers Sporting Club de l'Ouest, 2022)
[3840278] Failed to build match row: Angers Sporting Club de l'Ouest vs Paris Saint-Germain Football Club
[3889554] Could not find attributes for sergey pesjakov (FK Rostov, 2022)
[3889554] Failed to build match row: FK Rostov vs PFK Krylya Sovetov Samara
[4446789] Could not find attributes for johannes brinkies (Kickers Offenbach, 2024)
Not enough players found for lineup: 0, 0.
[4446789] Failed to build match row: Kickers Offenbach vs Karlsruher SC
[4370232] Could not find attributes for franjo ivanovic (Royale Union Saint-Gilloise, 2024)
[4115642] Failed to scrape lineup: https://www.transfermarkt.co.uk/spielbericht/index/spielbericht/4115642
[4370232] Failed to build match row: Royal Antwerp Football Club vs Royale Union Saint-Gilloise
[4727267] Failed to scrape lineup: https://www.transfermarkt.co.uk/sydney-fc_melbourne-city-fc/index/spielbericht/4727267
[3497997] Failed to scrape lineup: https://www.transfermarkt.co.uk/spielbericht/index/spielbericht/3497997
[4514401] Failed to scrape lineup: https://www.transfermarkt.co.uk/colorado-rapids_charlotte-fc/index/spielbericht/4514401
[4395292] Could not find attributes for giannis anestis (Asociația Fotbal Club Botoșani, 2024)
[4395292] Failed to build match row: Fotbal Club Rapid 1923 SA vs Asociația Fotbal Club Botoșani
[4375338] Could not find attributes for furkan demir (Turn- und Sportverein Egger Glas Hartberg, 2024)
[4375338] Failed to build match row: Grazer Athletiksport Klub 1902 vs Turn- und Sportverein Egger Glas Hartberg
[3432098] Could not find attributes for srdjan babic (Futebol Clube de Famalicão, 2020)
[3432098] Failed to build match row: Futebol Clube de Famalicão vs SC Farense
[4641519] Could not find attributes for ringo meerveld (Sportclub Heerenveen, 2025)
[4641519] Failed to build match row: Sportclub Heerenveen vs Football Club Groningen
[4166265] Could not find attributes for daniil vaulin (Luki-Energia Velikie Luki, 2023)
[4166265] Failed to build match row: Luki-Energia Velikie Luki vs Dinamo St. Petersburg
[4648944] Could not find attributes for ely fernandes (Fotbal Club Metaloglobus București SA, 2025)
[4648944] Failed to build match row: Asociația Clubul Sportiv Campionii Fotbal Club Argeș vs Fotbal Club Metaloglobus București SA

Keepers & outfield error for **Atlético Astorga** in Atlético Astorga vs Sevilla Fútbol Club S.A.D.: Numbers: 2 and 9.
[4227808] Failed to build match row: Atlético Astorga vs Sevilla Fútbol Club S.A.D.
[4370233] Failed to scrape lineup: https://www.transfermarkt.co.uk/rsc-anderlecht_kvc-westerlo/index/spielbericht/4370233
[4514403] Failed to scrape lineup: https://www.transfermarkt.co.uk/d-c-united_columbus-crew/index/spielbericht/4514403
[3648367] Could not find attributes for nazar bayda (MFC Metalurg Zaporizhya, 2021)
[4727268] Failed to scrape lineup: https://www.transfermarkt.co.uk/melbourne-victory_macarthur-fc/index/spielbericht/4727268
[3648367] Failed to build match row: MFC Metalurg Zaporizhya vs Girnyk-Sport Gorishni Plavni
[3851347] Could not find attributes for vadis odjidja ofoe (Koninklijke Atletiek Associatie Gent, 2022)
[3415306] Could not find attributes for oleksandr filippov (St Truiden, 2020)
[4529883] Could not find attributes for thomas oude kotte (Football Club Anyang, 2024)
[3851347] Failed to build match row: Koninklijke Atletiek Associatie Gent vs Royale Union Saint-Gilloise
[3415306] Failed to build match row: St Truiden vs KV Kortrijk
[4529883] Failed to build match row: Football Club Anyang vs Foundation Coorperation Hana Financial Group Inc. Football Club
[3925926] Could not find attributes for egor baburin (Torpedo Moscow, 2022)
[3925926] Failed to build match row: Torpedo Moscow vs Футбольный клуб "Локомотив" Москва
[4665075] Could not find attributes for francisco tinaglini (Panserraikos Serres, 2025)
[4665075] Failed to build match row: Panserraikos Serres vs APS Atromitos Athinon
[4646190] Could not find attributes for denys marchenko (FK Obolon Kyiv, 2025)
[4646190] Failed to build match row: FK Obolon Kyiv vs FK Kryvbas Kryvyi Rig
[3889555] Could not find attributes for anton shunin (FK Dinamo Moskva, 2022)
[3889555] Failed to build match row: FK Dinamo Moskva vs AO FK Zenit Sankt-Peterburg

Keepers & outfield error for **Wolverhampton Wanderers Football Club** in Wolverhampton Wanderers Football Club vs Watford FC: Numbers: 0 and 11.
[3592279] Failed to build match row: Wolverhampton Wanderers Football Club vs Watford FC
[4129673] Could not find attributes for jakub slowik (Konyaspor, 2023)
[4129673] Failed to build match row: Konyaspor vs Hatayspor
[4227809] Failed to scrape lineup: https://www.transfermarkt.co.uk/spielbericht/index/spielbericht/4227809
[4366885] Could not find attributes for niko galesic (GNK Dinamo Zagreb, 2024)
[4366885] Failed to build match row: GNK Dinamo Zagreb vs NK Slaven Belupo Koprivnica

Keepers & outfield error for **Southampton FC** in Southampton FC vs Blackpool FC: Numbers: 2 and 9.
[4013655] Failed to build match row: Southampton FC vs Blackpool FC
[3869211] Failed to scrape lineup: https://www.transfermarkt.co.uk/sporting-cp_fc-porto/index/spielbericht/3869211
[4103751] Could not find attributes for nadir zortea (Frosinone Calcio, 2023)
[4129674] Failed to scrape lineup: https://www.transfermarkt.co.uk/sivasspor_pendikspor/index/spielbericht/4129674
[4103751] Failed to build match row: Unione Sportiva Sassuolo Calcio vs Frosinone Calcio
[3925927] Failed to scrape lineup: https://www.transfermarkt.co.uk/fc-krasnodar_akhmat-grozny/index/spielbericht/3925927
[4646191] Failed to scrape lineup: https://www.transfermarkt.co.uk/karpaty-lviv_fc-kudrivka/index/spielbericht/4646191
[4013656] Failed to scrape lineup: https://www.transfermarkt.co.uk/spielbericht/index/spielbericht/4013656
[3432099] Could not find attributes for abdeldjalil medioub (Clube Desportivo de Tondela, 2020)
[4395296] Could not find attributes for damjan djokovic (Fotbal Club CFR 1907 Cluj SA, 2024)
[4808375] Could not find attributes for lewis fensome (Macclesfield FC, 2025)
[4395296] Failed to build match row: ACSM Politehnica Iasi vs Fotbal Club CFR 1907 Cluj SA
[4808375] Failed to build match row: Macclesfield FC vs Brentford Football Club
[3432099] Failed to build match row: Clube Desportivo de Tondela vs CS Marítimo
[4514405] Could not find attributes for sam rogers (Chicago Fire Soccer Club, 2024)
[4363276] Could not find attributes for tadeas stoppen (SK Sigma Olomouc, a.s., 2024)
[4514405] Failed to build match row: Chicago Fire Soccer Club vs Club de Foot Montréal
[4115645] Could not find attributes for malte kiilerich (AC Horsens, 2023)
[4370234] Could not find attributes for takuma ominami (Oud-Heverlee Leuven, 2024)
[4363276] Failed to build match row: SK Slavia Praha, a.s. vs SK Sigma Olomouc, a.s.
[4366887] Could not find attributes for lovro majkic (NK Istra 1961, 2024)
[3889556] Could not find attributes for nikita goylo (FK Nizhny Novgorod, 2022)
[3497998] Could not find attributes for uros spajic (Feyenoord Rotterdam, 2020)
[3889556] Failed to build match row: FK Nizhny Novgorod vs FC Orenburg
[4366887] Failed to build match row: NK Istra 1961 vs NK Varazdin
[4370234] Failed to build match row: St Truiden vs Oud-Heverlee Leuven

[3497998] Failed to build match row: Feyenoord Rotterdam vs Heracles Almelo

Keepers & outfield error for **Futbol Club Barcelona** in Futbol Club Barcelona vs UD Las Palmas: Numbers: 0 and 11.
[4421092] Could not find attributes for aslanbek kumykov (Spartak Nalchik, 2024)
[4227810] Could not find attributes for nacho carus (Arosa SC, 2023)
[3588389] Could not find attributes for bastian oczipka (1. Fußballclub Union Berlin, 2021)
[4421092] Failed to build match row: Spartak Nalchik vs Dinamo Stavropol
[4227810] Failed to build match row: Arosa SC vs Valencia Club de Fútbol S. A. D.
[4407654] Failed to build match row: Futbol Club Barcelona vs UD Las Palmas
[3588389] Failed to build match row: VfL Bochum vs 1. Fußballclub Union Berlin
[3925928] Failed to scrape lineup: https://www.transfermarkt.co.uk/dynamo-moscow_fc-orenburg/index/spielbericht/3925928
[4103752] Failed to scrape lineup: https://www.transfermarkt.co.uk/atalanta-bc_acf-fiorentina/index/spielbericht/4103752

Keepers & outfield error for **St. Louis City Soccer Club** in St. Louis City Soccer Club vs Los Angeles Football Club: Numbers: 2 and 9.
[4587216] Failed to build match row: St. Louis City Soccer Club vs Los Angeles Football Club
[4529885] Could not find attributes for cesinha (Daegu FC, 2024)
[4529885] Failed to build match row: Daegu FC vs Suwon FC
[4665076] Could not find attributes for soualiho meite (Panthessalonikios Athlitikos Omilos Konstantinoupoliton, 2025)
[3869212] Could not find attributes for xadas (CS Marítimo, 2022)
[4665076] Failed to build match row: Panthessalonikios Athlitikos Omilos Konstantinoupoliton vs Panetolikos Agrinio
[3869212] Failed to build match row: CS Marítimo vs Sporting Clube de Braga
[3616368] Could not find attributes for nejc vidmar (NK Olimpija Ljubljana, 2021)
[3616368] Failed to build match row: NK Olimpija Ljubljana vs Birkirkara FC
[3415307] Could not find attributes for nordin jackers (SK Beveren, 2020)
[3415307] Failed to build match row: SK Beveren vs Koninklijke Racing Club Genk
[4810589] Failed to scrape lineup: https://www.transfermarkt.co.uk/nk-varazdin_hnk-gorica/index/spielbericht/4810589

Keepers & outfield error for **AFC Ajax Amsterdam** in AFC Ajax Amsterdam vs Nijmegen Eendracht Combinatie: Numbers: 2 and 9.
[4395298] Could not find attributes for israel puerto (ASFC Buzau (2016-2025), 2024)
[4395298] Failed to build match row: SC Oţelul Galaţi vs ASFC Buzau (2016-2025)
[4641520] Failed to build match row: AFC Ajax Amsterdam vs Nijmegen Eendracht Combinatie
[3497999] Could not find attributes for donis avdijaj (FC Emmen, 2020)
[3497999] Failed to build match row: FC Emmen vs Sportclub Heerenveen
[4129675] Could not find attributes for jackson porozo (Kasımpaşa A.Ş., 2023)
[4129675] Failed to build match row: Fenerbahçe Spor Kulübü vs Kasımpaşa A.Ş.
[3426682] Could not find attributes for munir el kajoui (Hatayspor, 2020)
[3426682] Failed to build match row: Hatayspor vs Kasımpaşa A.Ş.
[4094739] Could not find attributes for axel gueguin (Montpellier HSC, 2023)
[4166266] Could not find attributes for vladislav rusanov (Leon Saturn Ramenskoe, 2023)
[4514406] Failed to scrape lineup: https://www.transfermarkt.co.uk/fc-dallas_sporting-kansas-city/index/spielbericht/4514406
[4094739] Failed to build match row: Stade brestois 29 vs Montpellier HSC
[4166266] Failed to build match row: Leon Saturn Ramenskoe vs Khimik-August Vurnary (-2024)
[3889557] Could not find attributes for matvey safonov (FK Krasnodar, 2022)
[4624744] Could not find attributes for milan knobloch (FC Trinity Zlin, 2025)
[3889557] Failed to build match row: FK Krasnodar vs FC Khimki (-2025)
[4624744] Failed to build match row: FC Trinity Zlin vs FK Jablonec a.s.
[3869213] Could not find attributes for kiko bondoso (FC Vizela, 2022)
[3602296] Could not find attributes for vladyslav kucheruk (Chornomorets Odesa, 2021)
[3869213] Failed to build match row: FC Vizela vs GD Chaves
sna Chernigiv
[3925929] Could not find attributes for aleksandr soldatenkov (PFK Krylya Sovetov Samara, 2022)
[3925929] Failed to build match row: PFK Krylya Sovetov Samara vs FK Sochi
[3588390] Could not find attributes for jetro willems (SpVgg Greuther Fürth, 2021)
[4810590] Could not find attributes for davor matijas (HNK Gorica, 2025)
[3588390] Failed to build match row: SpVgg Greuther Fürth vs Fußball-Club Augsburg 1907
[4810590] Failed to build match row: HNK Gorica vs NK Varazdin
[4635151] Could not find attributes for senny mayulu (Paris Saint-Germain Football Club, 2025)
[4635151] Failed to build match row: Paris Saint-Germain Football Club vs Paris Football Club

Keepers & outfield error for **FC Empoli** in FC Empoli vs Bologna Football Club 1909: Numbers: 2 and 9.
[4103753] Failed to build match row: FC Empoli vs Bologna Football Club 1909
[4129676] Failed to scrape lineup: https://www.transfermarkt.co.uk/fatih-karagumruk_alanyaspor/index/spielbericht/4129676
[4665077] Could not find attributes for luka jovic (Athlitiki Enosi Konstantinoupoleos, 2025)
[4665077] Failed to build match row: Athlitiki Enosi Konstantinoupoleos vs Panathinaikos Athlitikos Omilos
[4094740] Failed to scrape lineup: https://www.transfermarkt.co.uk/paris-saint-germain_stade-brestois-29/index/spielbericht/4094740
[4727270] Could not find attributes for will mckay (Macarthur South West Sydney (A-League), 2025)
[4727270] Failed to build match row: Macarthur South West Sydney (A-League) vs Wellington Phoenix Football Club
[4395299] Could not find attributes for yohan roche (Fotbal Club Petrolul Ploiești, 2024)
[4395299] Failed to build match row: F.C.V. Farul Constanța SA vs Fotbal Club Petrolul Ploiești
[4646192] Failed to build match row: FC Oleksandriya vs FC Shakhtar Donetsk
[4709372] Could not find attributes for ismaila soro (Al-Riyadh Saudi Club, 2025)
[3588400] Failed to scrape lineup: https://www.transfermarkt.co.uk/bayern-munich_borussia-monchengladbach/index/spielbericht/3588400
[4709372] Failed to build match row: Al-Riyadh Saudi Club vs Al-Hazem Sport Club
[4227811] Could not find attributes for sokratis papastathopoulos (Real Betis Balompié S.A.D., 2023)
[4227811] Failed to build match row: CF Villanovense vs Real Betis Balompié S.A.D.
[4624745] Could not find attributes for matous trmal (FK Teplice, a.s., 2025)
[4624745] Failed to build match row: FC Viktoria Plzeň, a.s. vs FK Teplice, a.s.
[3616369] Could not find attributes for vsevolod ermakov (FC Ararat Yerevan, 2021)
[3616369] Failed to build match row: FC Ararat Yerevan vs Slask Wroclaw
[4370235] Could not find attributes for antoine colassin (Beerschot VA, 2024)
[3498000] Could not find attributes for timo letschert (Alkmaar Zaanstreek, 2020)
[4370235] Failed to build match row: Royal Charleroi Sporting Club vs Beerschot VA
[4635152] Failed to scrape lineup: https://www.transfermarkt.co.uk/as-monaco_olympique-lyon/index/spielbericht/4635152
[3498000] Failed to build match row: Alkmaar Zaanstreek vs AFC Ajax Amsterdam
[4097128] Could not find attributes for adam chicksen (Notts County, 2022)
[4097128] Failed to build match row: Notts County vs Lincoln City
[4363277] Could not find attributes for ludek nemecek (FK Teplice, a.s., 2024)
[4407656] Could not find attributes for matija nastasic (CD Leganés, 2024)
[3925930] Failed to scrape lineup: https://www.transfermarkt.co.uk/fc-pari-nizhniy-novgorod_zenit-st-petersburg/index/spielbericht/3925930
[4363277] Failed to build match row: FK Teplice, a.s. vs FC Slovan Liberec
[4407656] Failed to build match row: Alaves vs CD Leganés
[3592281] Failed to scrape lineup: https://www.transfermarkt.co.uk/wolverhampton-wanderers_brighton-amp-hove-albion/index/spielbericht/3592281
[4375342] Could not find attributes for martin hinteregger (SK Austria Klagenfurt, 2024)
[3869214] Could not find attributes for mexer (Grupo Desportivo Estoril Praia, 2022)
[4375342] Failed to build match row: SK Austria Klagenfurt vs Fußballclub Red Bull Salzburg
[3869214] Failed to build match row: Rio Ave Futebol Clube vs Grupo Desportivo Estoril Praia
[4115650] Could not find attributes for rasmus gronne jensen (BK Frem, 2023)

Keepers & outfield error for **Reading FC** in Manchester United Football Club vs Reading FC: Numbers: 2 and 9.
[3415308] Failed to scrape lineup: https://www.transfermarkt.co.uk/krc-genk_r-charleroi-sc/index/spielbericht/3415308
[4115650] Failed to build match row: BK Frem vs Naestved Boldklub
[4013657] Failed to build match row: Manchester United Football Club vs Reading FC
[4794652] Could not find attributes for vebjorn hoff (Molde Fotballklubb, 2025)
[4665078] Could not find attributes for panagiotis tsintotas (A.G.S Asteras Tripolis, 2025)
[4794652] Failed to build match row: Molde Fotballklubb vs Rosenborg Ballklub
[3616370] Failed to scrape lineup: https://www.transfermarkt.co.uk/spielbericht/index/spielbericht/3616370
[4624746] Failed to scrape lineup: https://www.transfermarkt.co.uk/fc-hradec-kralove_bohemians-prague-1905/index/spielbericht/4624746
[3889558] Could not find attributes for soslan dzhanaev (FK Sochi, 2022)
[4395301] Could not find attributes for florin tanase (SC Fotbal Club FCSB SA, 2024)

Keepers & outfield error for **Real Salt Lake** in Minnesota United FC vs Real Salt Lake: Numbers: 0 and 11.
[4529887] Could not find attributes for marko dugandzic (Football Club Seoul, 2024)
[4665078] Failed to build match row: A.G.S Asteras Tripolis vs Olympiakos Syndesmos Filathlon Peiraios
[4395301] Failed to build match row: SC Fotbal Club FCSB SA vs Fotbal Club CFR 1907 Cluj SA
[4529887] Failed to build match row: Football Club Seoul vs Football Club Anyang
[3450556] Could not find attributes for jan paul van hecke (Sportclub Heerenveen, 2020)
[4514407] Failed to build match row: Minnesota United FC vs Real Salt Lake
[3889558] Failed to build match row: FK Sochi vs Fakel Voronezh
[4587219] Could not find attributes for harbor miller (Los Angeles Galaxy, 2024)
[3450556] Failed to build match row: Sportclub Heerenveen vs FC Emmen
[4129677] Could not find attributes for shahrudin mahammadaliyev (Adana Demirspor, 2023)
[4587219] Failed to build match row: Los Angeles Galaxy vs Sporting Kansas City
[4097129] Failed to scrape lineup: https://www.transfermarkt.co.uk/spielbericht/index/spielbericht/4097129
[4129677] Failed to build match row: Trabzonspor Kulübü vs Adana Demirspor
[4103754] Could not find attributes for nadir zortea (Frosinone Calcio, 2023)
[4103754] Failed to build match row: Frosinone Calcio vs Società Sportiva Lazio S.p.A.
[4646193] Could not find attributes for andrey kozhukhar (NK Veres Rivne, 2025)
[4646193] Failed to build match row: NK Veres Rivne vs LNZ Cherkasy
b, 2025)
[4709373] Failed to build match row: Al-Okhdood Club vs Damac Football Club
[4641521] Could not find attributes for kasper boogaard (Alkmaar Zaanstreek, 2025)
[4641521] Failed to build match row: Alkmaar Zaanstreek vs Sparta Rotterdam
[4727271] Could not find attributes for jesse mantell (Central Coast Mariners Football Club, 2025)
[4727271] Failed to build match row: Newcastle United Jets Football Club vs Central Coast Mariners Football Club
[3602297] Could not find attributes for valentin cojocaru (SC Dnipro-1, 2021)
[3602297] Failed to build match row: SC Dnipro-1 vs Vorskla Poltava
[4370236] Could not find attributes for rob schoofs (Yellow-Red Koninklijke Voetbalclub Mechelen, 2024)
[3925931] Could not find attributes for kirill nababkin (PFK CSKA Moskva, 2022)
[3925931] Failed to build match row: PFK CSKA Moskva vs FK Spartak Moskva
[4370236] Failed to build match row: Koninklijke Atletiek Associatie Gent vs Yellow-Red Koninklijke Voetbalclub Mechelen
[3426683] Could not find attributes for enner valencia (Fenerbahçe Spor Kulübü, 2020)
[3415309] Could not find attributes for oleksandr filippov (St Truiden, 2020)
[3851349] Failed to scrape lineup: https://www.transfermarkt.co.uk/oud-heverlee-leuven_kv-mechelen/index/spielbericht/3851349
[3415309] Failed to build match row: Beerschot VA vs St Truiden
[3461719] Could not find attributes for matvey safonov (FK Krasnodar, 2020)
[4626161] Could not find attributes for yegor yarmolyuk (Brentford Football Club, 2025)
[4363278] Could not find attributes for matous trmal (FK Mladá Boleslav, a.s., 2024)
[3461719] Failed to build match row: Rennes vs FK Krasnodar
[3426683] Failed to build match row: Galatasaray Spor Kulübü vs Fenerbahçe Spor Kulübü
[3869215] Could not find attributes for goncalo ramos (Sport Lisboa e Benfica, 2022)
[4624747] Could not find attributes for matej chalus (FC Baník Ostrava a.s., 2025)
[4363278] Failed to build match row: FK Mladá Boleslav, a.s. vs SK Dynamo Ceske Budejovice
[4626161] Failed to build match row: Brentford Football Club vs Crystal Palace Football Club
l Club vs Liverpool Football Club: Numbers: 2 and 9.
[4624747] Failed to build match row: FC Baník Ostrava a.s. vs SK Slavia Praha, a.s.
[4013658] Failed to build match row: Brighton and Hove Albion Football Club vs Liverpool Football Club
[3869215] Failed to build match row: FC Paços de Ferreira vs Sport Lisboa e Benfica
[4166267] Could not find attributes for khazbulat khamkhoev (Amkar Perm, 2023)
[4587221] Could not find attributes for manu duah (San Diego Football Club, 2024)
[4166267] Failed to build match row: Amkar Perm vs FK Chelyabinsk
Not enough players found for lineup: 0, 0.
[4587221] Failed to build match row: San Diego Football Club vs San Jose Earthquakes
[4375343] Could not find attributes for chibuike nwaiwu (RZ Pellets Wolfsberger Athletiksport Club, 2024)
[3616372] Failed to scrape lineup: https://www.transfermarkt.co.uk/spielbericht/index/spielbericht/3616372
[4375343] Failed to build match row: Sportklub Rapid vs RZ Pellets Wolfsberger Athletiksport Club
[3889559] Could not find attributes for aleksandr selikhov (FK Spartak Moskva, 2022)
[3889559] Failed to build match row: FK Spartak Moskva vs Футбольный клуб "Локомотив" Москва
[4115651] Could not find attributes for henrik lindhard (Young Boys FD, 2023)
[4115651] Failed to build match row: Young Boys FD vs Vendsyssel FF
[3602298] Could not find attributes for yevgen volynets (FK Kolos Kovalivka, 2021)
[3602298] Failed to build match row: FK Kolos Kovalivka vs NK Veres Rivne
[4094741] Could not find attributes for shavy babicka (Toulouse Football Club, 2023)
[4094741] Failed to build match row: Toulouse Football Club vs Racing Club de Lens
[4514408] Could not find attributes for walker zimmerman (Nashville SC, 2024)
[4129678] Could not find attributes for florin nita (Gaziantep Futbol Kulübü A.Ş., 2023)
[4514408] Failed to build match row: Nashville SC vs Football Club Cincinnati
[4129678] Failed to build match row: Gaziantep Futbol Kulübü A.Ş. vs İstanbul Başakşehir Futbol Kulübü
[3498001] Could not find attributes for jay gorter (Go Ahead Eagles, 2020)
[3498001] Failed to build match row: VVV-Venlo vs Go Ahead Eagles
[4407657] Could not find attributes for justin smith (Espanol, 2024)
[4407657] Failed to build match row: Espanol vs Celta
[4363279] Failed to scrape lineup: https://www.transfermarkt.co.uk/fk-pardubice_1-fc-slovacko/index/spielbericht/4363279
[3851350] Failed to scrape lineup: https://www.transfermarkt.co.uk/kv-kortrijk_kas-eupen/index/spielbericht/3851350
[4097130] Could not find attributes for tyreik wright (Plymouth Argyle, 2022)
[4097130] Failed to build match row: Plymouth Argyle vs Leyton Orient
[3461720] Could not find attributes for mikhail kerzhakov (AO FK Zenit Sankt-Peterburg, 2020)
[3461720] Failed to build match row: AO FK Zenit Sankt-Peterburg vs Club Brugge Koninklijke Voetbalvereniging
[4646194] Could not find attributes for oleg bilyk (Epicentr Dunaivtsi, 2025)
[4646194] Failed to build match row: Epicentr Dunaivtsi vs FK Kolos Kovalivka
[4227812] Could not find attributes for franc carbonell (UD Barbastro, 2023)
[4227812] Failed to build match row: UD Barbastro vs UD Almería
[3700979] Could not find attributes for nestoras gekas (Anagennisi Karditsa, 2021)
[3700979] Failed to build match row: Anagennisi Karditsa vs AO Agios Nikolaos
[4370237] Could not find attributes for franjo ivanovic (Royale Union Saint-Gilloise, 2024)
[4370237] Failed to build match row: Royale Union Saint-Gilloise vs Koninklijke Racing Club Genk
[4514409] Failed to scrape lineup: https://www.transfermarkt.co.uk/los-angeles-galaxy_orlando-city-sc/index/spielbericht/4514409
[3602299] Could not find attributes for oleg bilyk (FC Oleksandriya, 2021)
[3432101] Could not find attributes for moatasem al musrati (Sporting Clube de Braga, 2020)
[3602299] Failed to build match row: FC Oleksandriya vs FC Zorya Lugansk
[3925942] Could not find attributes for nikita goylo (FK Nizhny Novgorod, 2022)
[3925942] Failed to build match row: FK Nizhny Novgorod vs FK Krasnodar
[3432101] Failed to build match row: Sporting Clube de Braga vs Moreirense Futebol Clube
[3450557] Could not find attributes for timo letschert (Alkmaar Zaanstreek, 2020)
[3450557] Failed to build match row: Heracles Almelo vs Alkmaar Zaanstreek
[4624748] Could not find attributes for jan hanus (FK Jablonec a.s., 2025)
[4794653] Could not find attributes for julius mar juliusson (Kristiansund Ballklubb, 2025)
[4624748] Failed to build match row: FK Jablonec a.s. vs FC Baník Ostrava a.s.
[4794653] Failed to build match row: Kristiansund Ballklubb vs Sportsklubben Brann
[3611497] Could not find attributes for bebe (Rayo Vallecano de Madrid S. A. D., 2021)
[3611497] Failed to build match row: Rayo Vallecano de Madrid S. A. D. vs Villarreal Club de Fútbol S.A.D.
[4709374] Could not find attributes for cristhoper zambrano (Al-Taawoun Football Club, 2025)
[4641522] Could not find attributes for ruud nijstad (Football Club Twente, 2025)
[4166268] Could not find attributes for vladislav kucheyko (Biolog-Novokubansk Progress, 2023)

Keepers & outfield error for **SC Oţelul Galaţi** in Asociația Futball Klub Csíkszereda Miercurea Ciuc vs SC Oţelul Galaţi: Numbers: 2 and 9.
[4709374] Failed to build match row: Al-Taawoun Football Club vs Al-Najma Sport Club
[4166268] Failed to build match row: Biolog-Novokubansk Progress vs Dinamo Stavropol
[4641522] Failed to build match row: Football Club Twente vs Football Club Groningen
[4648948] Failed to build match row: Asociația Futball Klub Csíkszereda Miercurea Ciuc vs SC Oţelul Galaţi
[4120576] Could not find attributes for kiril fesyun (FK Kolos Kovalivka, 2023)
[4626162] Could not find attributes for antonin kinsky (Tottenham Hotspur Football Club, 2025)
[4363280] Could not find attributes for milan knobloch (MFK Karvina, 2024)
[4120576] Failed to build match row: FK Kolos Kovalivka vs Chornomorets Odesa
[4227813] Could not find attributes for deiby ochoa (Arandina CF, 2023)
[4626162] Failed to build match row: Chelsea Football Club vs Tottenham Hotspur Football Club
[4227813] Failed to build match row: Arandina CF vs Cádiz CF
[4363280] Failed to build match row: FC Viktoria Plzeň, a.s. vs MFK Karvina
[3700980] Could not find attributes for lefteris choutesiotis (Ionikos Nikeas, 2021)
[4646195] Could not find attributes for oleg bilyk (Epicentr Dunaivtsi, 2025)
[3700980] Failed to build match row: Ionikos Nikeas vs PAS Lamia 1964
[4423377] Could not find attributes for antony iannarilli (US Avellino 1912, 2024)
[4646195] Failed to build match row: FC Shakhtar Donetsk vs Epicentr Dunaivtsi
[4423377] Failed to build match row: Udinese Calcio vs US Avellino 1912
[3925943] Could not find attributes for ilya svinov (Fakel Voronezh, 2022)

Keepers & outfield error for **Olympique de Marseille** in Olympique de Marseille vs Association sportive de Monaco Football Club: Numbers: 2 and 9.
[3925943] Failed to build match row: Fakel Voronezh vs FK Rostov
[3616373] Could not find attributes for virgil deen (Ajax Amateurs, 2021)
[4094742] Failed to build match row: Olympique de Marseille vs Association sportive de Monaco Football Club
[3616373] Failed to build match row: Ajax Amateurs vs EVV Echt
[4529896] Could not find attributes for gun hee kim (Gangwon Football Club, 2024)
[3415310] Could not find attributes for anthony musaba (Cercle Brugge Koninklijke Sportvereniging, 2020)
[4375344] Could not find attributes for steve noode (Sportclub Rheindorf Altach, 2024)
[4529896] Failed to build match row: Gangwon Football Club vs Football Club Seoul
[4366889] Could not find attributes for oliver zelenika (NK Varazdin, 2024)
letiksport Klub 1902
[3415310] Failed to build match row: Cercle Brugge Koninklijke Sportvereniging vs Koninklijke Atletiek Associatie Gent
[3432102] Could not find attributes for srdjan babic (Futebol Clube de Famalicão, 2020)
[4366889] Failed to build match row: NK Varazdin vs NK Osijek s.d.d.
[3432102] Failed to build match row: Clube Desportivo Nacional vs Futebol Clube de Famalicão
[3602300] Could not find attributes for yevgen galchuk (Ingulets Petrove, 2021)
[3461722] Could not find attributes for ilya zabarnyi (Futbolniy Klub Dynamo Kyiv, 2020)
[3869216] Could not find attributes for cassiano (Grupo Desportivo Estoril Praia, 2022)
[4635154] Could not find attributes for kenny quetant (Le Havre Athletic Club, 2025)
[3869216] Failed to build match row: Grupo Desportivo Estoril Praia vs FC Paços de Ferreira
[3602300] Failed to build match row: Ingulets Petrove vs FC Shakhtar Donetsk

Keepers & outfield error for **SK Slavia Praha, a.s.** in SK Slavia Praha, a.s. vs FC Viktoria Plzeň, a.s.: Numbers: 2 and 9.
[4635154] Failed to build match row: Le Havre Athletic Club vs Angers Sporting Club de l'Ouest
[3461722] Failed to build match row: Futbolniy Klub Dynamo Kyiv vs Juventus Football Club
[4624749] Failed to build match row: SK Slavia Praha, a.s. vs FC Viktoria Plzeň, a.s.
[3851352] Could not find attributes for amirhossein hosseinzadeh (Royal Charleroi Sporting Club, 2022)
ie Zwolle, 2025)
[4587222] Could not find attributes for snyder brunell (Seattle Sounders FC, 2024)
[4641523] Failed to build match row: Football Club Utrecht vs Prins Hendrik Ende Desespereert Nimmer Combinatie Zwolle
[3851352] Failed to build match row: Royal Charleroi Sporting Club vs Sportvereniging Zulte Waregem
[4587222] Failed to build match row: Seattle Sounders FC vs Vancouver Whitecaps FC
[3889613] Could not find attributes for artem odyntsov (Kisvárda FC, 2022)
[3889613] Failed to build match row: Molde Fotballklubb vs Kisvárda FC
[4166269] Could not find attributes for nikolay moskalenko (Forte Taganrog, 2023)
[4129679] Could not find attributes for sander van de streek (Antalyaspor, 2023)
[4166269] Failed to build match row: Forte Taganrog vs Salyut Belgorod
[3498002] Could not find attributes for jamal amofa (ADO Den Haag, 2020)

Keepers & outfield error for **Port Vale FC** in Port Vale FC vs Fleetwood Town: Numbers: 3 and 8.
[4129679] Failed to build match row: Galatasaray Spor Kulübü vs Antalyaspor
[3869217] Failed to scrape lineup: https://www.transfermarkt.co.uk/gil-vicente-fc_fc-vizela/index/spielbericht/3869217
[4363281] Could not find attributes for jakub markovic (FC Baník Ostrava a.s., 2024)
[3498002] Failed to build match row: Vitesse Arnhem vs ADO Den Haag
[4529897] Could not find attributes for sung yueng ki (Football Club Pohang Steelers, 2024)
[3602301] Failed to scrape lineup: https://www.transfermarkt.co.uk/fc-minaj_dynamo-kyiv/index/spielbericht/3602301
[4363281] Failed to build match row: FC Baník Ostrava a.s. vs FC Hradec Králové a.s.
[3450559] Failed to scrape lineup: https://www.transfermarkt.co.uk/vvv-venlo_twente-enschede-fc/index/spielbericht/3450559
[4097131] Failed to build match row: Port Vale FC vs Fleetwood Town
[4529897] Failed to build match row: Football Club Pohang Steelers vs Ulsan Hyundai Football Club

Keepers & outfield error for **Fatih Karagümrük Sportif Faaliyetler San. Tic. A.Ş.** in Fatih Karagümrük Sportif Faaliyetler San. Tic. A.Ş. vs İstanbul Başakşehir Futbol Kulübü: Numbers: 0 and 11.
[4727272] Could not find attributes for atiya waraga (Western Sydney Wanderers, 2025)

Keepers & outfield error for **Eintracht Frankfurt Fußball AG** in Eintracht Frankfurt Fußball AG vs Mönchengladbach: Numbers: 2 and 9.
[4094743] Could not find attributes for daler kuzyaev (Le Havre Athletic Club, 2023)
[4514410] Could not find attributes for artem smolyakov (Los Angeles Football Club, 2024)
[3426684] Failed to build match row: Fatih Karagümrük Sportif Faaliyetler San. Tic. A.Ş. vs İstanbul Başakşehir Futbol Kulübü
[4727272] Failed to build match row: Western Sydney Wanderers vs Melbourne Victory FC
[4407659] Could not find attributes for juma bah (Real Valladolid CF, 2024)
[4446794] Failed to build match row: Eintracht Frankfurt Fußball AG vs Mönchengladbach
[4094743] Failed to build match row: Football Club Lorient-Bretagne Sud vs Le Havre Athletic Club
[4514410] Failed to build match row: San Diego Football Club vs Los Angeles Football Club
[4366890] Could not find attributes for zvonimir subaric (NK Lokomotiva Zagreb, 2024)
[4407659] Failed to build match row: Real Valladolid CF vs Club Atlético de Madrid S.A.D.
[4366890] Failed to build match row: NK Lokomotiva Zagreb vs GNK Dinamo Zagreb
[4709376] Could not find attributes for matheus goncalves (Al-Ahli Saudi Football Club, 2025)
[4641524] Could not find attributes for gerald alders (Sportclub Telstar, 2025)
[4635155] Could not find attributes for yvon mvogo (Football Club Lorient-Bretagne Sud, 2025)
[4709376] Failed to build match row: Al-Ahli Saudi Football Club vs Al-Nassr Football Club
[4646196] Could not find attributes for valeriy voskonyan (SK Poltava, 2025)
[4635155] Failed to build match row: Football Club Lorient-Bretagne Sud vs Football Club de Metz
[4641524] Failed to build match row: Feyenoord Rotterdam vs Sportclub Telstar

Keepers & outfield error for **Genoa Cricket and Football Club** in Juventus Football Club vs Genoa Cricket and Football Club: Numbers: 0 and 11.
[4646196] Failed to build match row: SK Poltava vs FC Rukh Lviv
[4103757] Failed to build match row: Juventus Football Club vs Genoa Cricket and Football Club
[4648949] Could not find attributes for danel dongmo (Fotbal Club Petrolul Ploiești, 2025)
[4648949] Failed to build match row: F.C.V. Farul Constanța SA vs Fotbal Club Petrolul Ploiești
[4166270] Failed to scrape lineup: https://www.transfermarkt.co.uk/spielbericht/index/spielbericht/4166270
[4370239] Could not find attributes for andreas verstraeten (Royal Antwerp Football Club, 2024)
[4370239] Failed to build match row: KV Kortrijk vs Royal Antwerp Football Club
[4227814] Could not find attributes for jaouad erraji (Terrassa FC, 2023)
[3700981] Failed to scrape lineup: https://www.transfermarkt.co.uk/spielbericht/index/spielbericht/3700981
[4227814] Failed to build match row: Terrassa FC vs Alaves
[4624750] Could not find attributes for lukas hulka (Bohemians Praha 1905, a.s., 2025)
[4587223] Could not find attributes for idan toklomati (Charlotte Football Club, 2024)
[4587223] Failed to build match row: D.C. United vs Charlotte Football Club
[4624750] Failed to build match row: Bohemians Praha 1905, a.s. vs FC Trinity Zlin
[3869218] Could not find attributes for andre pereira (Rio Ave Futebol Clube, 2022)
[3869218] Failed to build match row: Futebol Clube do Porto vs Rio Ave Futebol Clube
[3602302] Could not find attributes for oleg bilyk (FC Oleksandriya, 2021)
[3602302] Failed to build match row: FC Oleksandriya vs FC Minaj
[3889614] Could not find attributes for artem odyntsov (Kisvárda FC, 2022)
[3889614] Failed to build match row: Kisvárda FC vs Molde Fotballklubb
[3840281] Could not find attributes for kiki kouyate (Montpellier HSC, 2022)
[3840281] Failed to build match row: Montpellier HSC vs Rennes
[4794654] Could not find attributes for rasmus eggen vinge (KFUM-Kameratene Oslo, 2025)
[4794654] Failed to build match row: KFUM-Kameratene Oslo vs Idrettsklubben Start
Not enough players found for lineup: 0, 0.
[3498003] Failed to scrape lineup: https://www.transfermarkt.co.uk/spielbericht/index/spielbericht/3498003
[3925944] Could not find attributes for tin jedvaj (Футбольный клуб "Локомотив" Москва, 2022)
[3925944] Failed to build match row: Футбольный клуб "Локомотив" Москва vs FK Dinamo Moskva
[4097132] Failed to scrape lineup: https://www.transfermarkt.co.uk/spielbericht/index/spielbericht/4097132

Keepers & outfield error for **Real Betis Balompié S.A.D.** in Real Sociedad de Fútbol S.A.D. vs Real Betis Balompié S.A.D.: Numbers: 0 and 11.
[4407660] Failed to build match row: Real Sociedad de Fútbol S.A.D. vs Real Betis Balompié S.A.D.
[3450560] Could not find attributes for jan paul van hecke (Sportclub Heerenveen, 2020)
[3450560] Failed to build match row: Sportclub Heerenveen vs VVV-Venlo
[3415312] Could not find attributes for xadas (Royal Excel Mouscron (-2022), 2020)
[3415312] Failed to build match row: Royal Excel Mouscron (-2022) vs KAS Eupen
[3616374] Could not find attributes for rene de jong (JOS Watergraafsmeer, 2021)
[4366891] Could not find attributes for ivan susak (NK Slaven Belupo Koprivnica, 2024)
[3616374] Failed to build match row: JOS Watergraafsmeer vs VV Ter Leede
[4366891] Failed to build match row: NK Slaven Belupo Koprivnica vs HNK Gorica
[4646197] Could not find attributes for yevgen volynets (FK Polissya Zhytomyr, 2025)
[4375348] Failed to build match row: Fußballklub Austria Wien vs Sportklub Rapid
[4646197] Failed to build match row: FK Polissya Zhytomyr vs FK Karpaty Lviv
[4641525] Failed to scrape lineup: https://www.transfermarkt.co.uk/fortuna-sittard_excelsior-rotterdam/index/spielbericht/4641525
[4648950] Failed to scrape lineup: https://www.transfermarkt.co.uk/fc-botosani_cs-universitatea-craiova/index/spielbericht/4648950
[4635156] Failed to scrape lineup: https://www.transfermarkt.co.uk/stade-brestois-29_aj-auxerre/index/spielbericht/4635156
[4423378] Could not find attributes for tommaso berti (Cesena FC, 2024)
[4423378] Failed to build match row: Verona Hellas Football Club vs Cesena FC
[4587224] Could not find attributes for harbor miller (Los Angeles Galaxy, 2024)
[4587224] Failed to build match row: FC Dallas vs Los Angeles Galaxy
[4709377] Could not find attributes for mikel villanueva (Al-Fayha FC, 2025)
[4709377] Failed to build match row: Al-Fayha FC vs Al-Kholood Club

Keepers & outfield error for **Sporting Clube de Portugal** in Sporting Clube de Portugal vs Futebol Clube do Porto: Numbers: 3 and 8.
[3498215] Failed to build match row: Sporting Clube de Portugal vs Futebol Clube do Porto
[4014365] Could not find attributes for athanasios garavelis (PAS Lamia 1964, 2022)
[4360814] Could not find attributes for yosuke furukawa (Klub Sportowy Górnik Zabrze Sportowa Spółka Akcyjna, 2024)
[3602303] Could not find attributes for valentin cojocaru (SC Dnipro-1, 2021)
[4360814] Failed to build match row: Klub Sportowy Górnik Zabrze Sportowa Spółka Akcyjna vs Stal Mielec
[4014365] Failed to build match row: PAS Lamia 1964 vs Panthessalonikios Athlitikos Omilos Konstantinoupoliton
[3602303] Failed to build match row: SC Dnipro-1 vs Chornomorets Odesa
[4363282] Could not find attributes for matus hruska (FK Dukla Praha a.s., 2024)
[4363282] Failed to build match row: FK Dukla Praha a.s. vs FK Jablonec a.s.
[3851353] Failed to scrape lineup: https://www.transfermarkt.co.uk/standard-liege_r-charleroi-sc/index/spielbericht/3851353
[4810877] Could not find attributes for viery (Grêmio Foot-Ball Porto Alegrense, 2025)
[4120577] Could not find attributes for ilya olkhovyi (FC Minaj, 2023)

Keepers & outfield error for **Leicester City** in Leicester City vs Fulham Football Club: Numbers: 0 and 11.
[4810877] Failed to build match row: Grêmio Foot-Ball Porto Alegrense vs Sport Club Corinthians Paulista
[3840282] Could not find attributes for antoine mendy (Olympique Gymnaste Club Nice Côte d'Azur, 2022)
[3838279] Failed to build match row: Leicester City vs Fulham Football Club
[4120577] Failed to build match row: FC Minaj vs LNZ Cherkasy
[4446795] Could not find attributes for alexis claude maurice (Fußball-Club Augsburg 1907, 2024)
[3840282] Failed to build match row: Olympique Gymnaste Club Nice Côte d'Azur vs Clermont Foot 63
Not enough players found for lineup: 0, 0.
[3426685] Could not find attributes for irfan can egribayat (Göztepe Sportif Yatırımlar A.Ş., 2020)
[3889617] Could not find attributes for ingvar jonsson (Víkingur Reykjavík, 2022)
 2025)
[4446795] Failed to build match row: Fußball-Club Augsburg 1907 vs FC Schalke 04
[3889617] Failed to build match row: Víkingur Reykjavík vs KKS Lech Poznań Spółka Akcyjna
[3616375] Failed to scrape lineup: https://www.transfermarkt.co.uk/spielbericht/index/spielbericht/3616375
[3925945] Could not find attributes for aleksey kenyaykin (FC Orenburg, 2022)
[3426685] Failed to build match row: Göztepe Sportif Yatırımlar A.Ş. vs Gaziantep Futbol Kulübü A.Ş.
[4727273] Failed to build match row: Perth Glory Football Club vs Brisbane Roar FC
[3432103] Could not find attributes for stanislav kritsyuk (B SAD, 2020)
[4097133] Could not find attributes for kellen fisher (Norwich City, 2022)

Keepers & outfield error for **Jeonbuk Hyundai Motors** in Jeonbuk Hyundai Motors vs Foundation Coorperation Hana Financial Group Inc. Football Club: Numbers: 0 and 11.

Keepers & outfield error for **Futbol Club Barcelona** in Futbol Club Barcelona vs Ferencvárosi TC: Numbers: 0 and 11.
[4097133] Failed to build match row: Queens Park Rangers vs Norwich City
[4366894] Could not find attributes for martin zlomislic (Hrvatski Nogometni Klub Rijeka, 2024)
[3432103] Failed to build match row: B SAD vs Clube Desportivo Nacional
[3461723] Failed to build match row: Futbol Club Barcelona vs Ferencvárosi TC
[3925945] Failed to build match row: FC Orenburg vs PFK CSKA Moskva
[4370240] Could not find attributes for loic mbe soh (Beerschot VA, 2024)
[4624751] Could not find attributes for matous trmal (FK Teplice, a.s., 2025)
[4366894] Failed to build match row: Hrvatski Nogometni Klub Rijeka vs NK Slaven Belupo Koprivnica
[4529898] Failed to build match row: Jeonbuk Hyundai Motors vs Foundation Coorperation Hana Financial Group Inc. Football Club
[4514411] Could not find attributes for reid roberts (San Jose Earthquakes, 2024)

Keepers & outfield error for **Wolverhampton Wanderers Football Club** in Wolverhampton Wanderers Football Club vs Manchester City Football Club: Numbers: 0 and 11.
[4370240] Failed to build match row: Beerschot VA vs Club Brugge Koninklijke Voetbalvereniging
[3450561] Could not find attributes for jan paul van hecke (Sportclub Heerenveen, 2020)
[4624751] Failed to build match row: FK Teplice, a.s. vs AC Sparta Praha, a. s.
[4514411] Failed to build match row: San Jose Earthquakes vs Seattle Sounders FC
[3592282] Failed to build match row: Wolverhampton Wanderers Football Club vs Manchester City Football Club
[3450561] Failed to build match row: Sportclub Heerenveen vs Fortuna Sittardia Combinatie
[4129680] Could not find attributes for moatasem al musrati (Beşiktaş Jimnastik Kulübü, 2023)
[4646198] Could not find attributes for vadym stashkiv (FK Obolon Kyiv, 2025)
[4646198] Failed to build match row: FK Obolon Kyiv vs TOV FK Metalist 1925 Kharkiv
[4129680] Failed to build match row: Istanbulspor vs Beşiktaş Jimnastik Kulübü
[4423481] Could not find attributes for kyrylo arkhypchuk (Skala 1911 Stryi, 2024)
[4635157] Could not find attributes for alexis vossah (Toulouse Football Club, 2025)
[4423481] Failed to build match row: Skala 1911 Stryi vs FC Minaj
[4375349] Could not find attributes for soumaila diabate (Fußballclub Blau-Weiß Linz, 2024)
[4635157] Failed to build match row: Toulouse Football Club vs Racing Club de Lens
[3498216] Could not find attributes for moatasem al musrati (Sporting Clube de Braga, 2020)
[3602304] Could not find attributes for igor lytovka (Desna Chernigiv, 2021)
[4375349] Failed to build match row: Fußballclub Blau-Weiß Linz vs Sportclub Rheindorf Altach

Keepers & outfield error for **Sarpsborg 08 Fotballforening** in Sarpsborg 08 Fotballforening vs Fotballklubben Bodø/Glimt: Numbers: 2 and 9.
[3498216] Failed to build match row: Sporting Clube de Braga vs Sport Lisboa e Benfica
[3602304] Failed to build match row: Desna Chernigiv vs FK Mariupol
[4794655] Failed to build match row: Sarpsborg 08 Fotballforening vs Fotballklubben Bodø/Glimt

Keepers & outfield error for **Al-Shabab Club** in Al-Fateh Club vs Al-Shabab Club: Numbers: 0 and 11.
[4709378] Failed to build match row: Al-Fateh Club vs Al-Shabab Club
[3851354] Could not find attributes for lior refaelov (Royal Sporting Club Anderlecht, 2022)
[3851354] Failed to build match row: Koninklijke Racing Club Genk vs Royal Sporting Club Anderlecht
[4363283] Could not find attributes for lukas hulka (Bohemians Praha 1905, a.s., 2024)
[4363283] Failed to build match row: Bohemians Praha 1905, a.s. vs AC Sparta Praha, a. s.
[4166271] Failed to build match row: Dinamo Bryansk vs FC Kaluga
[3889618] Could not find attributes for douglas bergqvist (Riga FC, 2022)
[3889618] Failed to build match row: Riga FC vs Gil Vicente Futebol Clube
[4727274] Could not find attributes for ben garuccio (Sydney Football Club, 2025)
[4727274] Failed to build match row: Sydney Football Club vs Auckland Football Club
[4120578] Could not find attributes for mykyta shevchenko (FC Oleksandriya, 2023)
[4120578] Failed to build match row: FC Oleksandriya vs TOV FK Metalist 1925 Kharkiv
[3432104] Could not find attributes for abdeldjalil medioub (Clube Desportivo de Tondela, 2020)
[3432104] Failed to build match row: Clube Desportivo de Tondela vs Clube Desportivo Santa Clara
[3616376] Could not find attributes for lazare kupatadze (Dinamo Batumi, 2021)
[3616376] Failed to build match row: Dinamo Batumi vs BATE Borisov
[4407661] Failed to scrape lineup: https://www.transfermarkt.co.uk/real-madrid_getafe-cf/index/spielbericht/4407661
[4665079] Could not find attributes for theocharis iliadis (Athlitiki Enosi Larisas, 2025)
[4665079] Failed to build match row: Athlitiki Enosi Larisas vs Aris Thessalonikis
[3925946] Could not find attributes for aleksandr selikhov (FK Spartak Moskva, 2022)
[3925946] Failed to build match row: FK Spartak Moskva vs FC Khimki (-2025)
[4103759] Failed to scrape lineup: https://www.transfermarkt.co.uk/as-roma_us-sassuolo/index/spielbericht/4103759
[4370241] Could not find attributes for emmanuel kakou (Cercle Brugge Koninklijke Sportvereniging, 2024)
[4360816] Could not find attributes for bujar pllana (Klub Sportowy Lechia Gdańsk, 2024)
[4370241] Failed to build match row: Cercle Brugge Koninklijke Sportvereniging vs Royal Sporting Club Anderlecht
[4360816] Failed to build match row: Klub Sportowy Lechia Gdańsk vs Legia Warszawa Spółka Akcyjna
[4129681] Could not find attributes for julian jeanvier (Kayserispor Kulübü, 2023)
[3602305] Could not find attributes for yuriy pankiv (FC Rukh Lviv, 2021)
[4648952] Could not find attributes for ely fernandes (Fotbal Club Metaloglobus București SA, 2025)
[4227815] Could not find attributes for louis booker (Orihuela CF, 2023)
[4014366] Failed to scrape lineup: https://www.transfermarkt.co.uk/spielbericht/index/spielbericht/4014366
[4646199] Could not find attributes for valentyn gorokh (NK Veres Rivne, 2025)
[4635158] Could not find attributes for tylel tati (Football Club de Nantes, 2025)
[4641526] Failed to scrape lineup: https://www.transfermarkt.co.uk/go-ahead-eagles_heracles-almelo/index/spielbericht/4641526
[4227815] Failed to build match row: Orihuela CF vs Girona Fútbol Club S. A. D.
[4129681] Failed to build match row: Kayserispor Kulübü vs MKE Ankaragücü
[3702003] Could not find attributes for dan crowley (Cheltenham Town, 2021)
[4648952] Failed to build match row: Asociația Fotbal Club Unirea 04 Slobozia vs Fotbal Club Metaloglobus București SA
[3602305] Failed to build match row: FC Rukh Lviv vs Vorskla Poltava
[4646199] Failed to build match row: Futbolniy Klub Dynamo Kyiv vs NK Veres Rivne
[3702003] Failed to build match row: Cheltenham Town vs Gillingham FC
[4635158] Failed to build match row: Olympique de Marseille vs Football Club de Nantes
[4363284] Could not find attributes for tadeas stoppen (SK Sigma Olomouc, a.s., 2024)
[3648368] Could not find attributes for dmytro fastov (MFK Mykolaiv, 2021)
[4363284] Failed to build match row: SK Sigma Olomouc, a.s. vs FK Mladá Boleslav, a.s.
[3648368] Failed to build match row: MFK Mykolaiv vs FK Vovchansk
[3869219] Could not find attributes for ponck (GD Chaves, 2022)
[3851355] Could not find attributes for gyrano kerk (Royal Antwerp Football Club, 2022)
[3426686] Could not find attributes for lewis baker (Trabzonspor Kulübü, 2020)
[3869219] Failed to build match row: GD Chaves vs Sporting Clube de Portugal
[3838280] Failed to scrape lineup: https://www.transfermarkt.co.uk/manchester-united_afc-bournemouth/index/spielbericht/3838280
[3851355] Failed to build match row: Royal Antwerp Football Club vs KV Kortrijk
[3889619] Could not find attributes for dominik takac (Spartak Trnava, 2022)

Keepers & outfield error for **Adelaide United Football Club** in Melbourne City Football Club vs Adelaide United Football Club: Numbers: 0 and 11.
[3426686] Failed to build match row: Trabzonspor Kulübü vs Yeni Malatyaspor
[4727275] Failed to build match row: Melbourne City Football Club vs Adelaide United Football Club
[3889619] Failed to build match row: Spartak Trnava vs RKS Raków Częstochowa SA

Keepers & outfield error for **ADO Den Haag** in ADO Den Haag vs Prins Hendrik Ende Desespereert Nimmer Combinatie Zwolle: Numbers: 2 and 9.
[3450563] Failed to build match row: ADO Den Haag vs Prins Hendrik Ende Desespereert Nimmer Combinatie Zwolle

Keepers & outfield error for **Wolverhampton Wanderers Football Club** in Wolverhampton Wanderers Football Club vs Fulham Football Club: Numbers: 0 and 11.
[4626167] Failed to build match row: Wolverhampton Wanderers Football Club vs Fulham Football Club
[4120579] Could not find attributes for yakiv kinareykin (SC Dnipro-1, 2023)
[4120579] Failed to build match row: SC Dnipro-1 vs FK Polissya Zhytomyr
[4794656] Could not find attributes for xander lambrix (Sandefjord Fotball, 2025)
[4794656] Failed to build match row: Vålerengens Idrettsforening vs Sandefjord Fotball
[3616378] Could not find attributes for johannes kreidl (Kuopion Palloseura, 2021)
[3616378] Failed to build match row: Kuopion Palloseura vs Vorskla Poltava
[4446796] Failed to scrape lineup: https://www.transfermarkt.co.uk/spielbericht/index/spielbericht/4446796

Keepers & outfield error for **Villarreal Club de Fútbol S.A.D.** in Villarreal Club de Fútbol S.A.D. vs Girona Fútbol Club S. A. D.: Numbers: 0 and 11.
[4407662] Failed to build match row: Villarreal Club de Fútbol S.A.D. vs Girona Fútbol Club S. A. D.
[4423482] Could not find attributes for andriy bobynets (PFC Prykarpattya Ivano-Frankivsk, 2024)
[4423482] Failed to build match row: PFC Prykarpattya Ivano-Frankivsk vs Bukovyna Chernivtsi
[4529899] Could not find attributes for kyung won kwon (Football Club Anyang, 2024)
[4529899] Failed to build match row: Football Club Anyang vs Jeju SK Football Club
[4395305] Failed to scrape lineup: https://www.transfermarkt.co.uk/sepsi-osk-sf-gheorghe_cfr-cluj/index/spielbericht/4395305
[4514413] Could not find attributes for blake gillingham (Houston Dynamo, 2024)
[4514413] Failed to build match row: Portland Timbers vs Houston Dynamo
[3925947] Could not find attributes for giorgiy shelia (RFK Akhmat Grozny, 2022)
[3925947] Failed to build match row: RFK Akhmat Grozny vs Torpedo Moscow

Keepers & outfield error for **Nooit Opgeven Altijd Doorzetten Aangenaam Door Vermaak En Nuttig Door Ontspanning Combinatie Breda** in Nooit Opgeven Altijd Doorzetten Aangenaam Door Vermaak En Nuttig Door Ontspanning Combinatie Breda vs Football Club Volendam: Numbers: 2 and 9.
[4587227] Failed to scrape lineup: https://www.transfermarkt.co.uk/new-york-red-bulls_fc-cincinnati/index/spielbericht/4587227
[4641527] Failed to build match row: Nooit Opgeven Altijd Doorzetten Aangenaam Door Vermaak En Nuttig Door Ontspanning Combinatie Breda vs Football Club Volendam
[4129682] Could not find attributes for dal varesanovic (Çaykur Rizespor Kulübü, 2023)
[4129682] Failed to build match row: Samsunspor vs Çaykur Rizespor Kulübü
[4624752] Failed to scrape lineup: https://www.transfermarkt.co.uk/1-fc-slovacko_fc-hradec-kralove/index/spielbericht/4624752
[3498238] Failed to scrape lineup: https://www.transfermarkt.co.uk/spielbericht/index/spielbericht/3498238
[4375351] Failed to scrape lineup: https://www.transfermarkt.co.uk/tsv-hartberg_sk-austria-klagenfurt/index/spielbericht/4375351
[4709379] Failed to scrape lineup: https://www.transfermarkt.co.uk/al-qadsiah-fc_al-riyadh-sc/index/spielbericht/4709379

Keepers & outfield error for **Adelaide United Football Club** in Adelaide United Football Club vs Sydney Football Club: Numbers: 0 and 11.
[4166272] Could not find attributes for ivan salnikov (Khimik Dzerzhinsk, 2023)
[3838281] Could not find attributes for serge aurier (Nottingham Forest Football Club, 2022)
[4166272] Failed to build match row: Khimik Dzerzhinsk vs FC Ryazan
[4727276] Failed to build match row: Adelaide United Football Club vs Sydney Football Club
[3838281] Failed to build match row: Southampton FC vs Nottingham Forest Football Club
[4646200] Could not find attributes for oleksiy palamarchuk (LNZ Cherkasy, 2025)
[3602306] Could not find attributes for denys sydorenko (TOV FK Metalist 1925 Kharkiv, 2021)
[4646200] Failed to build match row: LNZ Cherkasy vs FC Zorya Lugansk
[3889620] Could not find attributes for mihkel aksalu (Paide Linnameeskond, 2022)
[3602306] Failed to build match row: TOV FK Metalist 1925 Kharkiv vs FK Kolos Kovalivka
[3889620] Failed to build match row: Paide Linnameeskond vs Royal Sporting Club Anderlecht
[4395306] Could not find attributes for israel puerto (ASFC Buzau (2016-2025), 2024)

Keepers & outfield error for **Sevilla Fútbol Club S.A.D.** in Sevilla Fútbol Club S.A.D. vs Club Atlético Osasuna: Numbers: 0 and 11.
[4395306] Failed to build match row: ASFC Buzau (2016-2025) vs Asociația Fotbal Club UTA Arad
[4407663] Failed to build match row: Sevilla Fútbol Club S.A.D. vs Club Atlético Osasuna
[3432105] Failed to scrape lineup: https://www.transfermarkt.co.uk/fc-porto_cd-nacional/index/spielbericht/3432105
[3925948] Could not find attributes for ilya pomazun (Ural Yekaterinburg, 2022)
[4529900] Could not find attributes for cesinha (Daegu FC, 2024)
[3925948] Failed to build match row: Ural Yekaterinburg vs PFK Krylya Sovetov Samara
[3840286] Could not find attributes for kiki kouyate (Montpellier HSC, 2022)
[3840286] Failed to build match row: Association sportive de Monaco Football Club vs Montpellier HSC
[4641528] Could not find attributes for ringo meerveld (Sportclub Heerenveen, 2025)
[4641528] Failed to build match row: Eindhovense Voetbalvereniging Philips Sport Vereniging vs Sportclub Heerenveen
[4624753] Could not find attributes for jakub lapes (MFK Karvina, 2025)
[4624753] Failed to build match row: MFK Karvina vs FC Slovan Liberec
[4103760] Could not find attributes for konstantinos manolas (US Salernitana 1919, 2023)
[4103760] Failed to build match row: US Salernitana 1919 vs Unione Sportiva Lecce
[4094747] Could not find attributes for amadou kone (Stade Reims, 2023)
[4094747] Failed to build match row: Stade Reims vs Football Club de Nantes
[4370242] Could not find attributes for andres ferrari (St Truiden, 2024)
[4370242] Failed to build match row: St Truiden vs Yellow-Red Koninklijke Voetbalclub Mechelen

Keepers & outfield error for **Wolverhampton Wanderers Football Club** in Burnley Football Club vs Wolverhampton Wanderers Football Club: Numbers: 0 and 11.
[4810878] Could not find attributes for felipinho (Clube Atlético Paranaense, 2025)
[4709380] Could not find attributes for abdelmounaim boutouil (Al-Hazem Sport Club, 2025)
[4626169] Failed to build match row: Burnley Football Club vs Wolverhampton Wanderers Football Club
[4810878] Failed to build match row: Clube Atlético Paranaense vs Mirasol Futebol Clube
[4709380] Failed to build match row: Al-Hazem Sport Club vs Neom Sports Club
[4727277] Could not find attributes for dimitri valkanis (Brisbane Roar FC, 2025)
[4727277] Failed to build match row: Brisbane Roar FC vs Macarthur South West Sydney (A-League)
[4529901] Could not find attributes for si woo jin (Gwangju Football Club, 2024)
[4648953] Failed to scrape lineup: https://www.transfermarkt.co.uk/fc-rapid-1923_fcsb/index/spielbericht/4648953
[4529901] Failed to build match row: Suwon FC vs Gwangju Football Club

Keepers & outfield error for **SK Slavia Praha, a.s.** in SK Slavia Praha, a.s. vs Panathinaikos Athlitikos Omilos: Numbers: 2 and 9.
[3889621] Failed to build match row: SK Slavia Praha, a.s. vs Panathinaikos Athlitikos Omilos
[3602307] Could not find attributes for dmytro matsapura (FC Zorya Lugansk, 2021)
[3602307] Failed to build match row: FC Zorya Lugansk vs Ingulets Petrove
[3611502] Failed to scrape lineup: https://www.transfermarkt.co.uk/celta-de-vigo_elche-cf/index/spielbericht/3611502
[4514415] Failed to scrape lineup: https://www.transfermarkt.co.uk/real-salt-lake-city_los-angeles-galaxy/index/spielbericht/4514415
[3498240] Could not find attributes for ali simpson (Haddington Athletic FC, 2020)
[3498240] Failed to build match row: Haddington Athletic FC vs Formartine United FC
[4094748] Could not find attributes for ayyoub bouaddi (Lille Olympique Sporting Club, 2023)
[4094748] Failed to build match row: Montpellier HSC vs Lille Olympique Sporting Club
[4103761] Could not find attributes for sandi lovric (Udinese Calcio, 2023)
[4103761] Failed to build match row: Udinese Calcio vs Torino Calcio
[4360818] Could not find attributes for michal kaput (Radomiak S.A., 2024)
[4360818] Failed to build match row: Radomiak S.A. vs Puszcza Niepolomice
[4375353] Failed to scrape lineup: https://www.transfermarkt.co.uk/austria-vienna_red-bull-salzburg/index/spielbericht/4375353

Keepers & outfield error for **SC Oţelul Galaţi** in Asociația Clubul Sportiv Campionii Fotbal Club Argeș vs SC Oţelul Galaţi: Numbers: 2 and 9.
[4648954] Failed to build match row: Asociația Clubul Sportiv Campionii Fotbal Club Argeș vs SC Oţelul Galaţi
[4709381] Could not find attributes for bilal boutobba (Al-Najma Sport Club, 2025)
[4709381] Failed to build match row: Al-Najma Sport Club vs Al-Khaleej Club (Saihat)
[4395308] Could not find attributes for florin tanase (SC Fotbal Club FCSB SA, 2024)
[4395308] Failed to build match row: Fotbal Club Rapid 1923 SA vs SC Fotbal Club FCSB SA
[4646201] Failed to scrape lineup: https://www.transfermarkt.co.uk/fc-oleksandriya_fc-kudrivka/index/spielbericht/4646201
[3851357] Failed to scrape lineup: https://www.transfermarkt.co.uk/union-saint-gilloise_rfc-seraing/index/spielbericht/3851357
[3702004] Could not find attributes for harry boyes (Solihull Moors, 2021)
[3838454] Could not find attributes for oleg kovalev (FK Gomel, 2022)
[3702004] Failed to build match row: Solihull Moors vs Wigan Athletic
[3838454] Failed to build match row: FK Gomel vs Aris Thessalonikis
Not enough players found for lineup: 0, 0.
[3889622] Failed to scrape lineup: https://www.transfermarkt.co.uk/spielbericht/index/spielbericht/3889622
[3616379] Could not find attributes for alban hoxha (FK Partizani, 2021)
[4407664] Failed to scrape lineup: https://www.transfermarkt.co.uk/real-betis-balompie_celta-de-vigo/index/spielbericht/4407664
[3616379] Failed to build match row: FC Basel 1893 AG vs FK Partizani
[4514416] Could not find attributes for matthew edwards (Atlanta United Football Club, 2024)
[4514416] Failed to build match row: Atlanta United Football Club vs FC Dallas
[3588420] Failed to scrape lineup: https://www.transfermarkt.co.uk/1-fc-union-berlin_tsg-1899-hoffenheim/index/spielbericht/3588420
[3498906] Could not find attributes for fermin sobron (Haro Deportivo, 2020)
[3432106] Failed to scrape lineup: https://www.transfermarkt.co.uk/sl-benfica_cd-nacional/index/spielbericht/3432106
[3925949] Failed to scrape lineup: https://www.transfermarkt.co.uk/zenit-st-petersburg_fc-sochi/index/spielbericht/3925949
[3498906] Failed to build match row: Haro Deportivo vs Rayo Vallecano de Madrid S. A. D.
[4423483] Failed to build match row: Probiy Gorodenka vs FC Kulykiv-Bilka
[4370244] Could not find attributes for takuma ominami (Oud-Heverlee Leuven, 2024)
[4370244] Failed to build match row: FC Verbroedering Denderhoutem Denderleeuw Eendracht Hekelgem vs Oud-Heverlee Leuven
[4363285] Failed to scrape lineup: https://www.transfermarkt.co.uk/fc-slovan-liberec_fk-pardubice/index/spielbericht/4363285
[4587228] Could not find attributes for joran gerbet (Orlando City Soccer Club, 2024)
[4375354] Could not find attributes for soumaila diabate (Fußballclub Blau-Weiß Linz, 2024)
[4587228] Failed to build match row: Orlando City Soccer Club vs Columbus Crew
[4375354] Failed to build match row: Sportklub Puntigamer Sturm Graz vs Fußballclub Blau-Weiß Linz
[3840287] Could not find attributes for maximiliano caufriez (Clermont Foot 63, 2022)
[4103762] Could not find attributes for konstantinos manolas (US Salernitana 1919, 2023)
[4166273] Could not find attributes for denis eremeev (Volga Uljanovsk, 2023)
[3840287] Failed to build match row: Clermont Foot 63 vs Stade Reims
[4103762] Failed to build match row: Bologna Football Club 1909 vs US Salernitana 1919
[4166273] Failed to build match row: Volga Uljanovsk vs FK Ufa
[4709382] Could not find attributes for mateo borrell (Al-Okhdood Club, 2025)
[4709382] Failed to build match row: Al-Ettifaq Football Club vs Al-Okhdood Club
[3889631] Could not find attributes for pavels steinbors (FC RFS, 2022)
[3889631] Failed to build match row: FC RFS vs Hibernians FC
[4794657] Could not find attributes for emil engqvist (Aalesunds Fotballklubb, 2025)
[4366895] Could not find attributes for karlo ziger (HNK Gorica, 2024)
[4794657] Failed to build match row: Aalesunds Fotballklubb vs Lillestrøm Sportsklubb
[3461733] Could not find attributes for ze luis (Футбольный клуб "Локомотив" Москва, 2020)
[4366895] Failed to build match row: HNK Gorica vs NK Lokomotiva Zagreb
[4646202] Could not find attributes for volodymyr makhankov (FK Kryvbas Kryvyi Rig, 2025)
[3461733] Failed to build match row: Футбольный клуб "Локомотив" Москва vs FC Bayern München
[4646202] Failed to build match row: FK Kryvbas Kryvyi Rig vs FK Kolos Kovalivka
[4624754] Failed to scrape lineup: https://www.transfermarkt.co.uk/fk-pardubice_sk-sigma-olomouc/index/spielbericht/4624754
[4810879] Failed to scrape lineup: https://www.transfermarkt.co.uk/esporte-clube-bahia_botafogo-de-futebol-e-regatas/index/spielbericht/4810879
[4727278] Failed to scrape lineup: https://www.transfermarkt.co.uk/western-sydney-wanderers_melbourne-city-fc/index/spielbericht/4727278
[3616380] Could not find attributes for valentin antov (CSKA-Sofia, 2021)
[4626170] Failed to scrape lineup: https://www.transfermarkt.co.uk/crystal-palace_arsenal-fc/index/spielbericht/4626170
[3616380] Failed to build match row: CSKA-Sofia vs FK Liepaja
[4407665] Could not find attributes for allan nyom (Getafe Club de Fútbol S. A. D. Team Dubai, 2024)
[4097134] Could not find attributes for jj mckiernan (Morecambe FC, 2022)
[4227816] Could not find attributes for tiko iniesta (Yeclano Deportivo, 2023)
[3592286] Failed to scrape lineup: https://www.transfermarkt.co.uk/brighton-amp-hove-albion_aston-villa/index/spielbericht/3592286
[4097134] Failed to build match row: Rotherham United vs Morecambe FC
[3869220] Could not find attributes for beni mukendi (Casa Pia Atlético Clube, 2022)
[4407665] Failed to build match row: Getafe Club de Fútbol S. A. D. Team Dubai vs Girona Fútbol Club S. A. D.
[4665080] Could not find attributes for marios siampanis (Volou Neos Podosferikos Syllogos, 2025)
[4227816] Failed to build match row: Yeclano Deportivo vs Rayo Vallecano de Madrid S. A. D.
[4094749] Failed to scrape lineup: https://www.transfermarkt.co.uk/rc-strasbourg-alsace_paris-saint-germain/index/spielbericht/4094749
[3869220] Failed to build match row: Casa Pia Atlético Clube vs Vitória Sport Clube
[4665080] Failed to build match row: Volou Neos Podosferikos Syllogos vs APS Atromitos Athinon
[3840288] Could not find attributes for leny yoro (Lille Olympique Sporting Club, 2022)
[4587229] Could not find attributes for jovan lukic (Philadelphia Union, 2024)
[3840288] Failed to build match row: Lille Olympique Sporting Club vs AC Ajaccio
[3498907] Could not find attributes for martin mapisa (Zamora CF, 2020)
[4587229] Failed to build match row: Philadelphia Union vs New York City Football Club

Keepers & outfield error for **Nooit Opgeven Altijd Doorzetten Aangenaam Door Vermaak En Nuttig Door Ontspanning Combinatie Breda** in Football Club Groningen vs Nooit Opgeven Altijd Doorzetten Aangenaam Door Vermaak En Nuttig Door Ontspanning Combinatie Breda: Numbers: 2 and 9.
[3889634] Could not find attributes for enric saborit (Maccabi Tel Aviv, 2022)
[3498907] Failed to build match row: Zamora CF vs Villarreal Club de Fútbol S.A.D.
[3925960] Could not find attributes for aleksey kenyaykin (FC Orenburg, 2022)
[4641530] Failed to build match row: Football Club Groningen vs Nooit Opgeven Altijd Doorzetten Aangenaam Door Vermaak En Nuttig Door Ontspanning Combinatie Breda
[3889634] Failed to build match row: Maccabi Tel Aviv vs Aris Thessalonikis
[4709383] Could not find attributes for kewin (Damac Football Club, 2025)
[3925960] Failed to build match row: FC Orenburg vs Fakel Voronezh
[4395309] Failed to scrape lineup: https://www.transfermarkt.co.uk/universitatea-craiova_fcv-farul-constanta/index/spielbericht/4395309
[4166274] Could not find attributes for evgeniy archibasov (Dinamo Vladivostok, 2023)
[4709383] Failed to build match row: Damac Football Club vs Al-Hilal Saudi Football Club
[4166274] Failed to build match row: Dinamo Vladivostok vs Dinamo Barnaul
[3648369] Could not find attributes for anton osadchuk (FK Skoruk, 2021)
[3648369] Failed to build match row: FK Skoruk vs Metalist Kharkiv
[4120580] Could not find attributes for oleksandr saputin (FC Zorya Lugansk, 2023)
[3432107] Could not find attributes for cristian devenish (Boavista FC, 2020)
[3432107] Failed to build match row: Boavista FC vs Sporting Clube de Braga
g
[4363286] Could not find attributes for ludek nemecek (FK Teplice, a.s., 2024)
[3450564] Could not find attributes for ahmed touba (RKC Waalwijk, 2020)
[4363286] Failed to build match row: SK Slavia Praha, a.s. vs FK Teplice, a.s.
[4370246] Could not find attributes for andreas verstraeten (Royal Antwerp Football Club, 2024)
[3450564] Failed to build match row: Heracles Almelo vs RKC Waalwijk
[4366896] Could not find attributes for niko galesic (GNK Dinamo Zagreb, 2024)
[4727279] Could not find attributes for jason davidson (Melbourne Victory FC, 2025)
[4370246] Failed to build match row: Koninklijke Racing Club Genk vs Royal Antwerp Football Club
[4366896] Failed to build match row: GNK Dinamo Zagreb vs NK Varazdin
[3415316] Could not find attributes for nordin jackers (SK Beveren, 2020)
[4727279] Failed to build match row: Melbourne Victory FC vs Auckland Football Club
[3415316] Failed to build match row: SK Beveren vs KV Oostende
[3602308] Could not find attributes for oleksandr ilyushchenkov (PFK Lviv, 2021)
[4624755] Could not find attributes for jiri floder (FK Mladá Boleslav, a.s., 2025)
[4646203] Could not find attributes for oleksandr saputin (FC Zorya Lugansk, 2025)
[4624755] Failed to build match row: FK Mladá Boleslav, a.s. vs FK Dukla Praha a.s.
[3602308] Failed to build match row: FC Shakhtar Donetsk vs PFK Lviv
[4646203] Failed to build match row: FC Zorya Lugansk vs FC Shakhtar Donetsk
[4375356] Could not find attributes for djawal kaiba (Sportclub Rheindorf Altach, 2024)
[4375356] Failed to build match row: Sportclub Rheindorf Altach vs Turn- und Sportverein Egger Glas Hartberg
[3838455] Could not find attributes for hidajet hankic (Botev Plovdiv, 2022)
[3869221] Could not find attributes for xadas (CS Marítimo, 2022)
[3869221] Failed to build match row: Portimonense SC vs CS Marítimo
[4395310] Could not find attributes for giannis anestis (Asociația Fotbal Club Botoșani, 2024)
[3838455] Failed to build match row: Botev Plovdiv vs APOEL Nicosia
[4395310] Failed to build match row: Asociația Sportivă Fotbal Club Universitatea Cluj vs Asociația Fotbal Club Botoșani
[4360819] Could not find attributes for dimitrios keramitsis (Morski Klub Sportowy Pogoń Szczecin, 2024)
[4514418] Could not find attributes for peyton miller (New England Revolution, 2024)
[4360819] Failed to build match row: RKS Raków Częstochowa SA vs Morski Klub Sportowy Pogoń Szczecin
[4514418] Failed to build match row: Football Club Cincinnati vs New England Revolution

Keepers & outfield error for **Vitória Sport Clube** in Vitória Sport Clube vs Clube Desportivo Nacional: Numbers: 0 and 11.
[3432108] Failed to build match row: Vitória Sport Clube vs Clube Desportivo Nacional
[4016895] Could not find attributes for phoenix patterson (Fleetwood Town, 2022)
[4016895] Failed to build match row: Fleetwood Town vs Sheffield Wednesday
[3851359] Could not find attributes for yusuke matsuo (Koninklijke Voetbal Club Westerlo, 2022)
[3851359] Failed to build match row: Koninklijke Voetbal Club Westerlo vs Club Brugge Koninklijke Voetbalvereniging
[3889635] Could not find attributes for dmytro matsapura (FC Zorya Lugansk, 2022)
[3889635] Failed to build match row: FC Zorya Lugansk vs U Craiova 1948 Club Sportiv SA
[4366897] Could not find attributes for marko malenica (NK Osijek s.d.d., 2024)
[4366897] Failed to build match row: NK Osijek s.d.d. vs NK Istra 1961

Keepers & outfield error for **Sheffield Wednesday** in Sheffield Wednesday vs Stockport County: Numbers: 0 and 11.
[4097135] Failed to build match row: Sheffield Wednesday vs Stockport County
[4423484] Could not find attributes for maryan burmas (FC Mykolaiv, 2024)
[4423484] Failed to build match row: FC Mykolaiv vs Metalist Kharkiv
[4375357] Could not find attributes for chibuike nwaiwu (RZ Pellets Wolfsberger Athletiksport Club, 2024)
[4375357] Failed to build match row: Wattener Sportgemeinschaft Swarovski Tirol vs RZ Pellets Wolfsberger Athletiksport Club
[3415317] Could not find attributes for anthony musaba (Cercle Brugge Koninklijke Sportvereniging, 2020)
[3461734] Could not find attributes for zlatko junuzovic (Fußballclub Red Bull Salzburg, 2020)
[3415317] Failed to build match row: Cercle Brugge Koninklijke Sportvereniging vs Royal Excel Mouscron (-2022)
[3461734] Failed to build match row: Club Atlético de Madrid S.A.D. vs Fußballclub Red Bull Salzburg
Not enough players found for lineup: 0, 0.
[3648370] Failed to scrape lineup: https://www.transfermarkt.co.uk/spielbericht/index/spielbericht/3648370
[4727280] Could not find attributes for jaiden kucharski (Perth Glory Football Club, 2025)
[4360820] Could not find attributes for cezary polak (Jagiellonia-Bialystok Sportowa Spólka Akcyjna, 2024)
[4727280] Failed to build match row: Perth Glory Football Club vs Wellington Phoenix Football Club
[4360820] Failed to build match row: Zagłębie Lubin Spółka Akcyjna vs Jagiellonia-Bialystok Sportowa Spólka Akcyjna
[4167376] Could not find attributes for ilya pomazun (Ural Yekaterinburg, 2023)

Keepers & outfield error for **Genoa Cricket and Football Club** in Genoa Cricket and Football Club vs Frosinone Calcio: Numbers: 0 and 11.
[4167376] Failed to build match row: Ural Yekaterinburg vs RFK Akhmat Grozny
[3602309] Could not find attributes for roman miroshnyk (NK Veres Rivne, 2021)
[4103765] Failed to build match row: Genoa Cricket and Football Club vs Frosinone Calcio
[4624756] Could not find attributes for matej chalus (FC Baník Ostrava a.s., 2025)
[4624756] Failed to build match row: FC Baník Ostrava a.s. vs Bohemians Praha 1905, a.s.
[3602309] Failed to build match row: NK Veres Rivne vs Futbolniy Klub Dynamo Kyiv
[3869222] Could not find attributes for goncalo ramos (Sport Lisboa e Benfica, 2022)

Keepers & outfield error for **Stevenage FC** in Stevenage FC vs Milton Keynes Dons: Numbers: 0 and 11.
[3869222] Failed to build match row: Sport Lisboa e Benfica vs Boavista FC
[3702007] Failed to build match row: Stevenage FC vs Milton Keynes Dons
[4129683] Could not find attributes for dal varesanovic (Çaykur Rizespor Kulübü, 2023)

Keepers & outfield error for **Sporting Clube de Braga** in Sporting Clube de Braga vs FC Paços de Ferreira: Numbers: 0 and 11.
[4129683] Failed to build match row: Çaykur Rizespor Kulübü vs Kayserispor Kulübü
[3432109] Failed to build match row: Sporting Clube de Braga vs FC Paços de Ferreira
[4794658] Could not find attributes for salim laghzaoui (Fredrikstad Fotballklubb, 2025)
[4794658] Failed to build match row: Tromsø Idrettslag vs Fredrikstad Fotballklubb
[4514419] Could not find attributes for dylan chambost (Columbus Crew, 2024)
[4514419] Failed to build match row: Columbus Crew vs Club de Foot Montréal
[4635159] Could not find attributes for kenny quetant (Le Havre Athletic Club, 2025)
[4635159] Failed to build match row: Rennes vs Le Havre Athletic Club
[3838456] Could not find attributes for artem shabanov (Videoton FC, 2022)
[3838456] Failed to build match row: Videoton FC vs FK Qabala
[4363287] Failed to scrape lineup: https://www.transfermarkt.co.uk/fk-jablonec_ac-sparta-prague/index/spielbericht/4363287
[4375358] Could not find attributes for joane gadou (Fußballclub Red Bull Salzburg, 2024)
[3450565] Failed to scrape lineup: https://www.transfermarkt.co.uk/fortuna-sittard_sc-heerenveen/index/spielbericht/3450565

Keepers & outfield error for **Levante Unión Deportiva S.A.D.** in Levante Unión Deportiva S.A.D. vs Alaves: Numbers: 0 and 11.
[4375358] Failed to build match row: Fußballclub Red Bull Salzburg vs Sportklub Puntigamer Sturm Graz
[3611507] Failed to build match row: Levante Unión Deportiva S.A.D. vs Alaves
[4167377] Could not find attributes for artur nigmatullin (FK Nizhny Novgorod, 2023)
[4167377] Failed to build match row: FK Nizhny Novgorod vs FC Rubin Kazan

Keepers & outfield error for **FC Empoli** in Football Club Internazionale Milano S.p.A. vs FC Empoli: Numbers: 2 and 9.
[4103766] Failed to build match row: Football Club Internazionale Milano S.p.A. vs FC Empoli

Keepers & outfield error for **Manchester City Football Club** in Everton Football Club vs Manchester City Football Club: Numbers: 2 and 9.
[3592289] Failed to build match row: Everton Football Club vs Manchester City Football Club
[4624757] Could not find attributes for frantisek cech (FC Hradec Králové a.s., 2025)
[4624757] Failed to build match row: FC Hradec Králové a.s. vs SK Slavia Praha, a.s.
[4646204] Failed to scrape lineup: https://www.transfermarkt.co.uk/karpaty-lviv_obolon-kyiv/index/spielbericht/4646204
[3869223] Could not find attributes for kento misao (Clube Desportivo Santa Clara, 2022)
[4094751] Failed to scrape lineup: https://www.transfermarkt.co.uk/as-monaco_le-havre-ac/index/spielbericht/4094751
[3869223] Failed to build match row: Clube Desportivo Santa Clara vs Futebol Clube de Famalicão
Not enough players found for lineup: 0, 0.
[3648379] Failed to scrape lineup: https://www.transfermarkt.co.uk/spielbericht/index/spielbericht/3648379
[4727281] Could not find attributes for xavier bertoncello (Newcastle United Jets Football Club, 2025)
[4727281] Failed to build match row: Central Coast Mariners Football Club vs Newcastle United Jets Football Club
[4635160] Could not find attributes for fode ballo toure (Football Club de Metz, 2025)
[4635160] Failed to build match row: Racing Club de Strasbourg Alsace vs Football Club de Metz
[4129684] Could not find attributes for ali kaan guneren (MKE Ankaragücü, 2023)
[4129684] Failed to build match row: MKE Ankaragücü vs Istanbulspor
[4375360] Could not find attributes for djawal kaiba (Sportclub Rheindorf Altach, 2024)
[4363288] Could not find attributes for milan heca (1. FC Slovácko, 2024)
[4375360] Failed to build match row: Sportklub Rapid vs Sportclub Rheindorf Altach
[4363288] Failed to build match row: 1. FC Slovácko vs FC Baník Ostrava a.s.
[4370248] Could not find attributes for loic mbe soh (Beerschot VA, 2024)
[4370248] Failed to build match row: Beerschot VA vs Koninklijke Atletiek Associatie Gent
[3851360] Failed to scrape lineup: https://www.transfermarkt.co.uk/kas-eupen_zulte-waregem/index/spielbericht/3851360
[4097136] Could not find attributes for krisztian hegyi (Stevenage FC, 2022)
[4097136] Failed to build match row: Stevenage FC vs Watford FC
[3616381] Could not find attributes for wellington nascimento (Apollon Limassol, 2021)
[3616381] Failed to build match row: Apollon Limassol vs MSK Zilina
[4395312] Could not find attributes for yohan roche (Fotbal Club Petrolul Ploiești, 2024)
[3500127] Could not find attributes for max currie (Airdrieonians FC, 2020)
[4395312] Failed to build match row: ACSM Politehnica Iasi vs Fotbal Club Petrolul Ploiești
[4423485] Failed to scrape lineup: https://www.transfermarkt.co.uk/spielbericht/index/spielbericht/4423485
[3426687] Could not find attributes for angelo sagal (Denizlispor, 2020)
[3500127] Failed to build match row: Airdrieonians FC vs Edinburgh City FC
[3426687] Failed to build match row: Antalyaspor vs Denizlispor
[3450566] Could not find attributes for jan paul van hecke (Sportclub Heerenveen, 2020)
[4624758] Could not find attributes for stanislav dostal (FC Trinity Zlin, 2025)
[3450566] Failed to build match row: Sportclub Heerenveen vs Alkmaar Zaanstreek
[4624758] Failed to build match row: FC Trinity Zlin vs FK Teplice, a.s.
[3461735] Failed to scrape lineup: https://www.transfermarkt.co.uk/spielbericht/index/spielbericht/3461735
[4447440] Failed to scrape lineup: https://www.transfermarkt.co.uk/spielbericht/index/spielbericht/4447440
[4794659] Could not find attributes for sander moen foss (Lillestrøm Sportsklubb, 2025)
[4794659] Failed to build match row: Lillestrøm Sportsklubb vs Idrettsklubben Start
[4727282] Could not find attributes for jason davidson (Melbourne Victory FC, 2025)
[4727282] Failed to build match row: Melbourne Victory FC vs Newcastle United Jets Football Club
[3602310] Failed to scrape lineup: https://www.transfermarkt.co.uk/chornomorets-odesa_metalist-1925-kharkiv/index/spielbericht/3602310
[4129685] Could not find attributes for moatasem al musrati (Beşiktaş Jimnastik Kulübü, 2023)
[4129685] Failed to build match row: Beşiktaş Jimnastik Kulübü vs Galatasaray Spor Kulübü
[4370249] Could not find attributes for emmanuel kakou (Cercle Brugge Koninklijke Sportvereniging, 2024)
[4370249] Failed to build match row: Cercle Brugge Koninklijke Sportvereniging vs Royal Charleroi Sporting Club
[3702009] Could not find attributes for toby mullarkey (Altrincham FC, 2021)
[3702009] Failed to build match row: Altrincham FC vs Gateshead FC
[3889636] Could not find attributes for dominik kruzliak (DAC Dunajska Streda, 2022)
[3889636] Failed to build match row: DAC Dunajska Streda vs SC Fotbal Club FCSB SA
[3851361] Could not find attributes for nathaniel opoku (Oud-Heverlee Leuven, 2022)
[3851361] Failed to build match row: KV Oostende vs Oud-Heverlee Leuven
[4810880] Could not find attributes for marcelinho (Clube do Remo, 2025)
[4810880] Failed to build match row: Clube do Remo vs São Paulo Futebol Clube
[4103767] Could not find attributes for christos mandas (Società Sportiva Lazio S.p.A., 2023)
[4103767] Failed to build match row: Società Sportiva Lazio S.p.A. vs Juventus Football Club
[3432111] Failed to scrape lineup: https://www.transfermarkt.co.uk/sl-benfica_cd-tondela/index/spielbericht/3432111
[3648381] Could not find attributes for levi bouwense (ASWH Ambacht, 2021)
[3648381] Failed to build match row: ASWH Ambacht vs HV & CV Quick
[3838457] Failed to scrape lineup: https://www.transfermarkt.co.uk/spielbericht/index/spielbericht/3838457
[4447441] Could not find attributes for christos kumbulla (Ethnikos Piraeus, 2024)
[4367796] Failed to scrape lineup: https://www.transfermarkt.co.uk/fc-utrecht_willem-ii-tilburg/index/spielbericht/4367796
[4447441] Failed to build match row: Ethnikos Piraeus vs PAE Chania
[3588423] Failed to scrape lineup: https://www.transfermarkt.co.uk/1-fsv-mainz-05_vfl-bochum/index/spielbericht/3588423
[4167378] Could not find attributes for aleksandr soldatenkov (PFK Krylya Sovetov Samara, 2023)
[4167378] Failed to build match row: PFK Krylya Sovetov Samara vs Fakel Voronezh
[3925961] Failed to scrape lineup: https://www.transfermarkt.co.uk/dynamo-moscow_fc-khimki/index/spielbericht/3925961
[4665081] Failed to scrape lineup: https://www.transfermarkt.co.uk/panetolikos_levadiakos/index/spielbericht/4665081
[4120581] Failed to scrape lineup: https://www.transfermarkt.co.uk/obolon-kyiv_dynamo-kyiv/index/spielbericht/4120581
[4641531] Failed to scrape lineup: https://www.transfermarkt.co.uk/fc-twente-enschede_pec-zwolle/index/spielbericht/4641531
[4587230] Failed to scrape lineup: https://www.transfermarkt.co.uk/austin-fc_st-louis-city-sc/index/spielbericht/4587230
[4407666] Failed to scrape lineup: https://www.transfermarkt.co.uk/cd-leganes_sevilla-fc/index/spielbericht/4407666
[3840289] Failed to scrape lineup: https://www.transfermarkt.co.uk/olympique-marseille_aj-auxerre/index/spielbericht/3840289

Keepers & outfield error for **Asociația Fotbal Club Hermannstadt** in Asociația Fotbal Club Hermannstadt vs ASFC Buzau (2016-2025): Numbers: 2 and 9.
[4794660] Could not find attributes for julius mar juliusson (Kristiansund Ballklubb, 2025)
[4395314] Failed to build match row: Asociația Fotbal Club Hermannstadt vs ASFC Buzau (2016-2025)
[4794660] Failed to build match row: Tromsø Idrettslag vs Kristiansund Ballklubb
[4709384] Could not find attributes for victor hugo (Al-Taawoun Football Club, 2025)
[4709384] Failed to build match row: Al-Ittihad Football Club vs Al-Taawoun Football Club
[4626173] Failed to scrape lineup: https://www.transfermarkt.co.uk/manchester-city_aston-villa/index/spielbericht/4626173
[3602311] Could not find attributes for roman miroshnyk (NK Veres Rivne, 2021)
[3602311] Failed to build match row: NK Veres Rivne vs FC Rukh Lviv
[4103768] Could not find attributes for nikola krstovic (Unione Sportiva Lecce, 2023)
[4103768] Failed to build match row: Unione Sportiva Lecce vs Associazione Sportiva Roma
[3869224] Failed to scrape lineup: https://www.transfermarkt.co.uk/sc-braga_fc-arouca/index/spielbericht/3869224
[4094752] Failed to scrape lineup: https://www.transfermarkt.co.uk/losc-lille_clermont-foot-63/index/spielbericht/4094752
[4097137] Could not find attributes for sol sidibe (Stoke City, 2022)
[4514420] Could not find attributes for felipe carballo (Red Bull New York, 2024)
[4097137] Failed to build match row: Stoke City vs West Bromwich Albion
[4514420] Failed to build match row: Red Bull New York vs Chicago Fire Soccer Club
[4363289] Failed to scrape lineup: https://www.transfermarkt.co.uk/fc-hradec-kralove_fk-dukla-prague/index/spielbericht/4363289
[3838458] Could not find attributes for franz brorsson (Aris Limassol, 2022)
[3838458] Failed to build match row: Aris Limassol vs Neftchi Baku
Not enough players found for lineup: 0, 0.
[3648382] Failed to scrape lineup: https://www.transfermarkt.co.uk/spielbericht/index/spielbericht/3648382
[4529919] Failed to scrape lineup: https://www.transfermarkt.co.uk/jeonbuk-hyundai-motors_gimcheon-sangmu/index/spielbericht/4529919
[4648958] Failed to scrape lineup: https://www.transfermarkt.co.uk/fk-csikszereda-miercurea-ciuc_universitatea-craiova/index/spielbericht/4648958
[4167379] Could not find attributes for matvey safonov (FK Krasnodar, 2023)
[4624759] Could not find attributes for hugo sochurek (AC Sparta Praha, a. s., 2025)
[4167379] Failed to build match row: FK Krasnodar vs FK Spartak Moskva
[4624759] Failed to build match row: AC Sparta Praha, a. s. vs FK Jablonec a.s.
[3616389] Failed to scrape lineup: https://www.transfermarkt.co.uk/spielbericht/index/spielbericht/3616389
[3611509] Failed to scrape lineup: https://www.transfermarkt.co.uk/deportivo-alaves_cadiz-cf/index/spielbericht/3611509
[4407667] Could not find attributes for justin smith (Espanol, 2024)
[4407667] Failed to build match row: Espanol vs Valencia Club de Fútbol S. A. D.
[3500128] Failed to scrape lineup: https://www.transfermarkt.co.uk/spielbericht/index/spielbericht/3500128
[4423486] Failed to scrape lineup: https://www.transfermarkt.co.uk/spielbericht/index/spielbericht/4423486
[3426688] Could not find attributes for sokol cikalleshi (Konyaspor, 2020)
[3450567] Failed to scrape lineup: https://www.transfermarkt.co.uk/ajax-amsterdam_pec-zwolle/index/spielbericht/3450567
[3925962] Could not find attributes for giorgiy shelia (RFK Akhmat Grozny, 2022)
[4641532] Could not find attributes for mohamed ihattaren (Fortuna Sittardia Combinatie, 2025)
[3426688] Failed to build match row: Konyaspor vs Beşiktaş Jimnastik Kulübü
[4587231] Could not find attributes for sam rogers (Chicago Fire Soccer Club, 2024)
[4641532] Failed to build match row: Go Ahead Eagles vs Fortuna Sittardia Combinatie
[3925962] Failed to build match row: RFK Akhmat Grozny vs FK Rostov
[4587231] Failed to build match row: Chicago Fire Soccer Club vs Toronto FC
[4370250] Could not find attributes for takuma ominami (Oud-Heverlee Leuven, 2024)
[4360823] Failed to scrape lineup: https://www.transfermarkt.co.uk/lech-poznan_radomiak-radom/index/spielbericht/4360823
Not enough players found for lineup: 11, 0.
[4727283] Failed to scrape lineup: https://www.transfermarkt.co.uk/wellington-phoenix_western-sydney-wanderers/index/spielbericht/4727283
[4447442] Failed to scrape lineup: https://www.transfermarkt.co.uk/spielbericht/index/spielbericht/4447442
[4370250] Failed to build match row: Oud-Heverlee Leuven vs Club Brugge Koninklijke Voetbalvereniging
[4709385] Could not find attributes for kewin (Damac Football Club, 2025)

Keepers & outfield error for **Paris Saint-Germain Football Club** in Paris Saint-Germain Football Club vs Football Club Lorient-Bretagne Sud: Numbers: 2 and 9.
[4514422] Could not find attributes for blake gillingham (Houston Dynamo, 2024)

Keepers & outfield error for **Olympique de Marseille** in Olympique Lyonnais vs Olympique de Marseille: Numbers: 2 and 9.
[4514422] Failed to build match row: Houston Dynamo vs Los Angeles Football Club
[3840290] Failed to build match row: Paris Saint-Germain Football Club vs Football Club Lorient-Bretagne Sud
[4709385] Failed to build match row: Damac Football Club vs Al-Ahli Saudi Football Club
[4129686] Failed to scrape lineup: https://www.transfermarkt.co.uk/basaksehir-fk_samsunspor/index/spielbericht/4129686
[4094753] Failed to build match row: Olympique Lyonnais vs Olympique de Marseille
[3889637] Could not find attributes for ivan brkic (Neftchi Baku, 2022)
[4120582] Could not find attributes for dmytro ledviy (FC Rukh Lviv, 2023)
[3852566] Could not find attributes for mike van duinen (Excelsior Rotterdam, 2022)
[3602312] Could not find attributes for mykyta turbayevskyi (FK Mariupol, 2021)
[3889637] Failed to build match row: Neftchi Baku vs Sportklub Rapid
[3852566] Failed to build match row: Excelsior Rotterdam vs Football Club Utrecht
[3602312] Failed to build match row: FK Mariupol vs SC Dnipro-1
[4120582] Failed to build match row: FC Rukh Lviv vs Vorskla Poltava

Keepers & outfield error for **Futebol Clube do Porto** in Futebol Clube do Porto vs Olympiakos Syndesmos Filathlon Peiraios: Numbers: 2 and 9.
[3461737] Failed to build match row: Futebol Clube do Porto vs Olympiakos Syndesmos Filathlon Peiraios
Not enough players found for lineup: 11, 0.

Keepers & outfield error for **Futebol Clube de Famalicão** in Futebol Clube de Famalicão vs CS Marítimo: Numbers: 0 and 11.
[3648383] Failed to scrape lineup: https://www.transfermarkt.co.uk/spielbericht/index/spielbericht/3648383
[3869225] Failed to build match row: Futebol Clube de Famalicão vs CS Marítimo

Keepers & outfield error for **Manchester United Football Club** in Manchester United Football Club vs Watford FC: Numbers: 3 and 8.
[3592291] Failed to build match row: Manchester United Football Club vs Watford FC
[4407668] Could not find attributes for juma bah (Real Valladolid CF, 2024)
[4407668] Failed to build match row: Real Valladolid CF vs Athletic Club Bilbao
[3450568] Could not find attributes for zinedine machach (VVV-Venlo, 2020)
[3450568] Failed to build match row: VVV-Venlo vs ADO Den Haag
[4641533] Could not find attributes for eli dasa (Nijmegen Eendracht Combinatie, 2025)
[4641533] Failed to build match row: Nijmegen Eendracht Combinatie vs Football Club Utrecht
[4727284] Could not find attributes for dimitri valkanis (Brisbane Roar FC, 2025)
[4727284] Failed to build match row: Brisbane Roar FC vs Melbourne City Football Club
[4665082] Failed to scrape lineup: https://www.transfermarkt.co.uk/panserraikos_ae-kifisia/index/spielbericht/4665082
[3702012] Could not find attributes for connell rawlinson (Notts County, 2021)
[3702012] Failed to build match row: Notts County vs Rochdale AFC
[4167380] Could not find attributes for nikolay sysuev (FC Orenburg, 2023)
[4167380] Failed to build match row: FC Orenburg vs FK Sochi
[4423487] Could not find attributes for oleg mozil (TOV FK Metalist 1925 Kharkiv, 2024)
[4423487] Failed to build match row: TOV FK Metalist 1925 Kharkiv vs SK Poltava
[4129687] Failed to scrape lineup: https://www.transfermarkt.co.uk/antalyaspor_gaziantep-fk/index/spielbericht/4129687
[3450570] Failed to scrape lineup: https://www.transfermarkt.co.uk/fortuna-sittard_sparta-rotterdam/index/spielbericht/3450570
[4120583] Could not find attributes for yevgen past (NK Veres Rivne, 2023)
[4120583] Failed to build match row: NK Veres Rivne vs FC Shakhtar Donetsk

Keepers & outfield error for **Al-Taawoun Football Club** in Al-Taawoun Football Club vs Al-Hilal Saudi Football Club: Numbers: 2 and 9.

Keepers & outfield error for **FC Paços de Ferreira** in FC Paços de Ferreira vs Futebol Clube do Porto: Numbers: 0 and 11.
[3616390] Could not find attributes for dominik takac (Spartak Trnava, 2021)
[3889653] Could not find attributes for johannes kreidl (Kuopion Palloseura, 2022)
[4094754] Could not find attributes for shavy babicka (Toulouse Football Club, 2023)
[3616390] Failed to build match row: Spartak Trnava vs Sepsi OSK Sf. Gheorghe
[4709386] Failed to build match row: Al-Taawoun Football Club vs Al-Hilal Saudi Football Club
[4103770] Could not find attributes for sandi lovric (Udinese Calcio, 2023)
[3838459] Could not find attributes for nemanja andjelkovic (Zira FC, 2022)
[4094754] Failed to build match row: Stade Reims vs Toulouse Football Club
[3889653] Failed to build match row: Kuopion Palloseura vs Berner Sport Club Young Boys
[3869226] Failed to build match row: FC Paços de Ferreira vs Futebol Clube do Porto
[3838459] Failed to build match row: Zira FC vs Maccabi Tel Aviv
[3852567] Could not find attributes for remko pasveer (AFC Ajax Amsterdam, 2022)
[4103770] Failed to build match row: Unione Sportiva Sassuolo Calcio vs Udinese Calcio
[4375363] Could not find attributes for chibuike nwaiwu (RZ Pellets Wolfsberger Athletiksport Club, 2024)
[3852567] Failed to build match row: AFC Ajax Amsterdam vs Go Ahead Eagles
Not enough players found for lineup: 0, 0.
[4227817] Could not find attributes for izan lecumberri (CD Valle de Egüés, 2023)
Pellets Wolfsberger Athletiksport Club
[3648384] Failed to scrape lineup: https://www.transfermarkt.co.uk/spielbericht/index/spielbericht/3648384
[4370251] Could not find attributes for rob schoofs (Yellow-Red Koninklijke Voetbalclub Mechelen, 2024)
[4227817] Failed to build match row: CD Valle de Egüés vs Real Club Deportivo Mallorca S.A.D.
[4370251] Failed to build match row: Yellow-Red Koninklijke Voetbalclub Mechelen vs Royale Union Saint-Gilloise
[4529920] Failed to scrape lineup: https://www.transfermarkt.co.uk/daejeon-hana-citizen_daegu-fc/index/spielbericht/4529920

Keepers & outfield error for **Sport Club Internacional** in Red Bull Bragantino vs Sport Club Internacional: Numbers: 0 and 11.
[4648963] Failed to scrape lineup: https://www.transfermarkt.co.uk/uta-arad_fc-hermannstadt/index/spielbericht/4648963
[4810881] Failed to build match row: Red Bull Bragantino vs Sport Club Internacional
[4624760] Failed to scrape lineup: https://www.transfermarkt.co.uk/sk-sigma-olomouc_1-fc-slovacko/index/spielbericht/4624760
[4129688] Could not find attributes for shahrudin mahammadaliyev (Adana Demirspor, 2023)
[4646205] Could not find attributes for anton yashkov (FK Kudrivka-1, 2025)
[4129688] Failed to build match row: Adana Demirspor vs Fatih Karagümrük Sportif Faaliyetler San. Tic. A.Ş.
[4635163] Could not find attributes for alexis vossah (Toulouse Football Club, 2025)
[4646205] Failed to build match row: FK Kudrivka-1 vs FK Polissya Zhytomyr
[4635163] Failed to build match row: Toulouse Football Club vs Olympique Gymnaste Club Nice Côte d'Azur
[4363290] Could not find attributes for jakub lapes (MFK Karvina, 2024)
[4363290] Failed to build match row: MFK Karvina vs Bohemians Praha 1905, a.s.
[3611511] Could not find attributes for njegos petrovic (Granada CF, 2021)
[3611511] Failed to build match row: Granada CF vs Espanol
[3702013] Could not find attributes for mark kitching (Stockport County, 2021)
[3702013] Failed to build match row: Stockport County vs Bolton Wanderers
[3925963] Failed to scrape lineup: https://www.transfermarkt.co.uk/lokomotiv-moscow_cska-moscow/index/spielbericht/3925963
[4167381] Could not find attributes for ilya lantratov (Футбольный клуб "Локомотив" Москва, 2023)
[4167381] Failed to build match row: Футбольный клуб "Локомотив" Москва vs FK Baltika
[4587238] Could not find attributes for steven alzate (Atlanta United Football Club, 2024)
[3840291] Failed to scrape lineup: https://www.transfermarkt.co.uk/rc-strasbourg-alsace_olympique-lyon/index/spielbericht/3840291
[4587238] Failed to build match row: Atlanta United Football Club vs D.C. United
[3602313] Could not find attributes for bogdan shust (Ingulets Petrove, 2021)
[3602313] Failed to build match row: Ingulets Petrove vs Desna Chernigiv
[3432113] Could not find attributes for stanislav kritsyuk (B SAD, 2020)
[3432113] Failed to build match row: Clube Desportivo de Tondela vs B SAD
[4227818] Could not find attributes for fermin sobron (Zamora CF, 2023)

Keepers & outfield error for **Sarpsborg 08 Fotballforening** in Rosenborg Ballklub vs Sarpsborg 08 Fotballforening: Numbers: 3 and 8.
[3925964] Failed to scrape lineup: https://www.transfermarkt.co.uk/fc-sochi_ural-yekaterinburg/index/spielbericht/3925964
[4794662] Failed to build match row: Rosenborg Ballklub vs Sarpsborg 08 Fotballforening
[4227818] Failed to build match row: Zamora CF vs Villarreal Club de Fútbol S.A.D.
[4395317] Could not find attributes for giannis anestis (Asociația Fotbal Club Botoșani, 2024)
[3838460] Could not find attributes for bojan zogovic (KF Vllaznia, 2022)
[4810882] Could not find attributes for leo ortiz (Clube de Regatas do Flamengo, 2025)
[4395317] Failed to build match row: Asociația Fotbal Club Botoșani vs U Craiova 1948 Club Sportiv SA
[4810882] Failed to build match row: Clube de Regatas do Flamengo vs Coritiba Foot Ball Club
[3838460] Failed to build match row: KF Vllaznia vs U Craiova 1948 Club Sportiv SA
[4624761] Could not find attributes for hugo jan backovsky (FK Dukla Praha a.s., 2025)
[4094755] Could not find attributes for jean kevin duverne (Football Club de Nantes, 2023)
[3415320] Could not find attributes for sandy walsh (Yellow-Red Koninklijke Voetbalclub Mechelen, 2020)
[4624761] Failed to build match row: FK Dukla Praha a.s. vs MFK Karvina

Keepers & outfield error for **Futbol Club Barcelona** in Real Sociedad de Fútbol S.A.D. vs Futbol Club Barcelona: Numbers: 0 and 11.
[4094755] Failed to build match row: Football Club de Nantes vs Racing Club de Lens
[4646206] Could not find attributes for oleksandr kemkin (FK Kryvbas Kryvyi Rig, 2025)
[3415320] Failed to build match row: KAS Eupen vs Yellow-Red Koninklijke Voetbalclub Mechelen
[4407670] Failed to build match row: Real Sociedad de Fútbol S.A.D. vs Futbol Club Barcelona
[4646206] Failed to build match row: FK Kryvbas Kryvyi Rig vs Epicentr Dunaivtsi
[4709387] Could not find attributes for abdelmounaim boutouil (Al-Hazem Sport Club, 2025)
[4363291] Could not find attributes for vilem fendrich (SK Dynamo Ceske Budejovice, 2024)
[4363291] Failed to build match row: SK Dynamo Ceske Budejovice vs FC Viktoria Plzeň, a.s.
[4709387] Failed to build match row: Al-Hazem Sport Club vs Al-Ittihad Football Club
[4514424] Could not find attributes for tate johnson (Vancouver Whitecaps FC, 2024)
[4626176] Could not find attributes for antonin kinsky (Tottenham Hotspur Football Club, 2025)
[4514424] Failed to build match row: Vancouver Whitecaps FC vs Colorado Rapids
[4626176] Failed to build match row: Tottenham Hotspur Football Club vs Everton Football Club
[3426689] Failed to scrape lineup: https://www.transfermarkt.co.uk/buyuksehir-belediye-erzurumspor_caykur-rizespor/index/spielbericht/3426689
[4665083] Could not find attributes for soualiho meite (Panthessalonikios Athlitikos Omilos Konstantinoupoliton, 2025)
[4665083] Failed to build match row: Panthessalonikios Athlitikos Omilos Konstantinoupoliton vs Omilos Filathlon Irakliou FC
[4635164] Could not find attributes for tylel tati (Football Club de Nantes, 2025)
[4635164] Failed to build match row: Football Club de Nantes vs Paris Football Club
[3616398] Could not find attributes for fuad sule (Larne FC, 2021)
[3616398] Failed to build match row: Larne FC vs Aarhus Gymnastik Forening
[3702014] Could not find attributes for colin daniel (Exeter City, 2021)
[3702014] Failed to build match row: Exeter City vs Bradford City
[4727285] Could not find attributes for ben garuccio (Sydney Football Club, 2025)
[4727285] Failed to build match row: Sydney Football Club vs Perth Glory Football Club
[4794663] Could not find attributes for salim laghzaoui (Fredrikstad Fotballklubb, 2025)
[4794663] Failed to build match row: Fredrikstad Fotballklubb vs Vålerengens Idrettsforening
[3602314] Could not find attributes for oleksandr ilyushchenkov (PFK Lviv, 2021)
[3602314] Failed to build match row: PFK Lviv vs Vorskla Poltava
[3592293] Failed to scrape lineup: https://www.transfermarkt.co.uk/west-ham-united_wolverhampton-wanderers/index/spielbericht/3592293
[4587239] Could not find attributes for idan toklomati (Charlotte Football Club, 2024)
[4587239] Failed to build match row: Charlotte Football Club vs Philadelphia Union
[4529923] Could not find attributes for marko dugandzic (Football Club Seoul, 2024)
[4529923] Failed to build match row: Football Club Seoul vs Gwangju Football Club

Keepers & outfield error for **Vitória Sport Clube** in Vitória Sport Clube vs SC Farense: Numbers: 0 and 11.
[3432114] Failed to build match row: Vitória Sport Clube vs SC Farense
[3889654] Failed to scrape lineup: https://www.transfermarkt.co.uk/spielbericht/index/spielbericht/3889654
[3648385] Failed to scrape lineup: https://www.transfermarkt.co.uk/spielbericht/index/spielbericht/3648385
[3869227] Failed to scrape lineup: https://www.transfermarkt.co.uk/vitoria-guimaraes-sc_sporting-cp/index/spielbericht/3869227
[4120584] Failed to scrape lineup: https://www.transfermarkt.co.uk/chornomorets-odesa_obolon-kyiv/index/spielbericht/4120584
[4665084] Could not find attributes for luka jovic (Athlitiki Enosi Konstantinoupoleos, 2025)
[4665084] Failed to build match row: Athlitiki Enosi Konstantinoupoleos vs Olympiakos Syndesmos Filathlon Peiraios
[3925965] Could not find attributes for aleksandr soldatenkov (PFK Krylya Sovetov Samara, 2022)
[3925965] Failed to build match row: PFK Krylya Sovetov Samara vs FK Nizhny Novgorod
[4794664] Could not find attributes for vebjorn hoff (Molde Fotballklubb, 2025)
[4794664] Failed to build match row: Molde Fotballklubb vs Hamarkameratene
5 Kharkiv, 2025)
[4646207] Failed to build match row: TOV FK Metalist 1925 Kharkiv vs SK Poltava
[4641534] Could not find attributes for simon janssen (Excelsior Rotterdam, 2025)
[4641534] Failed to build match row: Eindhovense Voetbalvereniging Philips Sport Vereniging vs Excelsior Rotterdam
[4129689] Failed to scrape lineup: https://www.transfermarkt.co.uk/alanyaspor_trabzonspor/index/spielbericht/4129689
[4624762] Could not find attributes for luka kharatishvili (FK Pardubice, 2025)
)
[3616399] Failed to build match row: FK Velez Mostar vs Athlitiki Enosi Konstantinoupoleos
[4624762] Failed to build match row: FC Viktoria Plzeň, a.s. vs FK Pardubice
[4167382] Could not find attributes for igor akinfeev (PFK CSKA Moskva, 2023)
[4167382] Failed to build match row: PFK CSKA Moskva vs AO FK Zenit Sankt-Peterburg
[3592294] Could not find attributes for jacob lungi sorensen (Norwich City, 2021)
[3592294] Failed to build match row: Crystal Palace Football Club vs Norwich City
[3602315] Could not find attributes for yevgen volynets (FK Kolos Kovalivka, 2021)
[3602315] Failed to build match row: FK Kolos Kovalivka vs FC Minaj
[3426690] Could not find attributes for luka adzic (MKE Ankaragücü, 2020)
[3426690] Failed to build match row: MKE Ankaragücü vs Kayserispor Kulübü
[4016898] Could not find attributes for edouard michut (Sunderland Association Football Club, 2022)
[4016898] Failed to build match row: Sunderland Association Football Club vs Fulham Football Club
[4529924] Could not find attributes for sung yueng ki (Football Club Pohang Steelers, 2024)
[4529924] Failed to build match row: Football Club Pohang Steelers vs Jeju SK Football Club
[3838461] Could not find attributes for danil ustimenko (Kairat Almaty, 2022)
[3838461] Failed to build match row: Kairat Almaty vs Kisvárda FC

Keepers & outfield error for **FC Paços de Ferreira** in Clube Desportivo de Tondela vs FC Paços de Ferreira: Numbers: 2 and 9.
[3432115] Failed to build match row: Clube Desportivo de Tondela vs FC Paços de Ferreira
[3869228] Could not find attributes for andre pereira (Rio Ave Futebol Clube, 2022)
[3869228] Failed to build match row: Boavista FC vs Rio Ave Futebol Clube
[4624763] Could not find attributes for augustin drakpe (FC Slovan Liberec, 2025)
[4624763] Failed to build match row: FC Slovan Liberec vs FK Mladá Boleslav, a.s.
[4120585] Could not find attributes for kiril fesyun (FK Kolos Kovalivka, 2023)
[4120585] Failed to build match row: FK Kolos Kovalivka vs NK Veres Rivne
[3925966] Could not find attributes for aleksandr selikhov (FK Spartak Moskva, 2022)
[3925966] Failed to build match row: FK Spartak Moskva vs Torpedo Moscow
Not enough players found for lineup: 0, 0.
[4375366] Could not find attributes for martin hinteregger (SK Austria Klagenfurt, 2024)
[3648386] Failed to scrape lineup: https://www.transfermarkt.co.uk/spielbericht/index/spielbericht/3648386
[4375366] Failed to build match row: Fußballklub Austria Wien vs SK Austria Klagenfurt
[4727286] Could not find attributes for jesse mantell (Central Coast Mariners Football Club, 2025)
[4727286] Failed to build match row: Auckland Football Club vs Central Coast Mariners Football Club
[4646208] Could not find attributes for nazar makarenko (FC Oleksandriya, 2025)
[4646208] Failed to build match row: FC Oleksandriya vs Futbolniy Klub Dynamo Kyiv
[3432116] Could not find attributes for stanislav kritsyuk (B SAD, 2020)
[4395318] Could not find attributes for julian bonilla (SC Oţelul Galaţi, 2024)
[3432116] Failed to build match row: Rio Ave Futebol Clube vs B SAD
[4395318] Failed to build match row: SC Oţelul Galaţi vs Asociația Sportivă Fotbal Club Universitatea Cluj
[4514427] Failed to scrape lineup: https://www.transfermarkt.co.uk/inter-miami-cf_toronto-fc/index/spielbericht/4514427
[4129690] Could not find attributes for faouzi ghoulam (Hatayspor, 2023)
[4129690] Failed to build match row: Hatayspor vs Fenerbahçe Spor Kulübü
[4709388] Failed to scrape lineup: https://www.transfermarkt.co.uk/al-qadsiah-fc_al-ettifaq-fc/index/spielbericht/4709388
[4120586] Could not find attributes for andriy klishchuk (FK Kryvbas Kryvyi Rig, 2023)
[4120586] Failed to build match row: FK Kryvbas Kryvyi Rig vs LNZ Cherkasy
[4097138] Could not find attributes for jewison bennette (Sunderland Association Football Club, 2022)
[4097138] Failed to build match row: Sunderland Association Football Club vs Crewe Alexandra
[3602316] Could not find attributes for oleg bilyk (FC Oleksandriya, 2021)
[3602316] Failed to build match row: FC Oleksandriya vs FC Shakhtar Donetsk
[4810883] Failed to scrape lineup: https://www.transfermarkt.co.uk/clube-de-regatas-vasco-da-gama_clube-atletico-mineiro/index/spielbericht/4810883
[3588438] Failed to scrape lineup: https://www.transfermarkt.co.uk/bayer-04-leverkusen_fc-augsburg/index/spielbericht/3588438
[3840293] Failed to scrape lineup: https://www.transfermarkt.co.uk/stade-rennais-fc_angers-sco/index/spielbericht/3840293
[3616407] Could not find attributes for dmytro riznyk (Vorskla Poltava, 2021)
[3616407] Failed to build match row: Vorskla Poltava vs Kuopion Palloseura
[4375367] Could not find attributes for djawal kaiba (Sportclub Rheindorf Altach, 2024)
[4375367] Failed to build match row: Sportclub Rheindorf Altach vs Fußballclub Red Bull Salzburg
[4363292] Could not find attributes for ludek nemecek (FK Teplice, a.s., 2024)
[4587240] Failed to scrape lineup: https://www.transfermarkt.co.uk/fc-cincinnati_cf-montreal/index/spielbericht/4587240
[4363292] Failed to build match row: FK Teplice, a.s. vs MFK Karvina
[4635165] Could not find attributes for yvon mvogo (Football Club Lorient-Bretagne Sud, 2025)
[4635165] Failed to build match row: Association sportive de Monaco Football Club vs Football Club Lorient-Bretagne Sud
[4227819] Could not find attributes for mikel santamaria (CD Tudelano, 2023)
[4227819] Failed to build match row: CD Tudelano vs UD Las Palmas
Not enough players found for lineup: 0, 0.
[4709389] Failed to scrape lineup: https://www.transfermarkt.co.uk/al-shabab-fc_al-riyadh-sc/index/spielbericht/4709389
[4794665] Could not find attributes for philip aukland (Aalesunds Fotballklubb, 2025)
[3925967] Could not find attributes for matvey safonov (FK Krasnodar, 2022)
[4017420] Could not find attributes for abde ezzalzouli (Club Atlético Osasuna, 2022)
[3648387] Failed to scrape lineup: https://www.transfermarkt.co.uk/spielbericht/index/spielbericht/3648387
[3925967] Failed to build match row: FK Krasnodar vs AO FK Zenit Sankt-Peterburg
[4370253] Could not find attributes for andres ferrari (St Truiden, 2024)
[4017420] Failed to build match row: Club Atlético Osasuna vs Athletic Club Bilbao
[4727287] Failed to scrape lineup: https://www.transfermarkt.co.uk/adelaide-united_macarthur-fc/index/spielbericht/4727287
[4794665] Failed to build match row: Aalesunds Fotballklubb vs KFUM-Kameratene Oslo
[4370253] Failed to build match row: Club Brugge Koninklijke Voetbalvereniging vs St Truiden
[4665085] Could not find attributes for lefteris choutesiotis (APS Atromitos Athinon, 2025)
[3889655] Could not find attributes for novak micovic (Fudbalski klub Čukarički Beograd, 2022)
[4120587] Could not find attributes for oleksandr bandura (FC Minaj, 2023)
[4665085] Failed to build match row: APS Atromitos Athinon vs Omilos Filathlon Irakliou FC
[3889655] Failed to build match row: Fudbalski klub Čukarički Beograd vs Football Club Twente
[3869229] Could not find attributes for goncalo ramos (Sport Lisboa e Benfica, 2022)
[3869229] Failed to build match row: Sport Lisboa e Benfica vs Grupo Desportivo Estoril Praia
[4103773] Failed to scrape lineup: https://www.transfermarkt.co.uk/fc-empoli_torino-fc/index/spielbericht/4103773
[4635166] Could not find attributes for senny mayulu (Paris Saint-Germain Football Club, 2025)
[4635166] Failed to build match row: Paris Saint-Germain Football Club vs Lille Olympique Sporting Club
[3616415] Could not find attributes for mickael meira (FC Petrocub Hincesti, 2021)
[3616415] Failed to build match row: FC Petrocub Hincesti vs Sivasspor
[4227820] Could not find attributes for vicente sabater (CE Andratx, 2023)
[4227820] Failed to build match row: CE Andratx vs Real Sociedad de Fútbol S.A.D.
[4129691] Could not find attributes for jackson porozo (Kasımpaşa A.Ş., 2023)
[4129691] Failed to build match row: Kasımpaşa A.Ş. vs Sivasspor
[4167383] Failed to scrape lineup: https://www.transfermarkt.co.uk/fc-rostov_dynamo-moscow/index/spielbericht/4167383
[3611515] Could not find attributes for mikel vesga (Athletic Club Bilbao, 2021)
[3611515] Failed to build match row: Sevilla Fútbol Club S.A.D. vs Athletic Club Bilbao

Keepers & outfield error for **Al-Najma Sport Club** in Al-Najma Sport Club vs Al-Nassr Football Club: Numbers: 0 and 11.
[4709390] Failed to build match row: Al-Najma Sport Club vs Al-Nassr Football Club
[4624765] Could not find attributes for jesse bosch (GKS GieKSa Katowice Spółka Akcyjna, 2025)
[4624765] Failed to build match row: GKS GieKSa Katowice Spółka Akcyjna vs Morski Klub Sportowy Pogoń Szczecin
[3426691] Failed to scrape lineup: https://www.transfermarkt.co.uk/alanyaspor_hatayspor/index/spielbericht/3426691
[4587241] Could not find attributes for darlington nagbe (Columbus Crew, 2024)
[4587241] Failed to build match row: Columbus Crew vs Red Bull New York
[4665086] Could not find attributes for marios siampanis (Volou Neos Podosferikos Syllogos, 2025)
[4529925] Failed to scrape lineup: https://www.transfermarkt.co.uk/gangwon-fc_daejeon-hana-citizen/index/spielbericht/4529925
[4363293] Could not find attributes for matous trmal (FK Mladá Boleslav, a.s., 2024)
[3602317] Could not find attributes for dmytro matsapura (FC Zorya Lugansk, 2021)

Keepers & outfield error for **Adelaide United Football Club** in Adelaide United Football Club vs Perth Glory Football Club: Numbers: 0 and 11.
[4665086] Failed to build match row: Volou Neos Podosferikos Syllogos vs Athlitiki Enosi Larisas
[4363293] Failed to build match row: FK Mladá Boleslav, a.s. vs SK Slavia Praha, a.s.
[3602317] Failed to build match row: Futbolniy Klub Dynamo Kyiv vs FC Zorya Lugansk
[4727288] Failed to build match row: Adelaide United Football Club vs Perth Glory Football Club
[3838462] Failed to scrape lineup: https://www.transfermarkt.co.uk/spielbericht/index/spielbericht/3838462
[3415321] Failed to scrape lineup: https://www.transfermarkt.co.uk/kv-kortrijk_rsc-anderlecht/index/spielbericht/3415321

Keepers & outfield error for **Paris Saint-Germain Football Club** in Paris Saint-Germain Football Club vs Lille Olympique Sporting Club: Numbers: 2 and 9.
[4094758] Failed to build match row: Paris Saint-Germain Football Club vs Lille Olympique Sporting Club
[3840294] Could not find attributes for kevin keben (Toulouse Football Club, 2022)
[3840294] Failed to build match row: Toulouse Football Club vs Racing Club de Lens
[4103774] Could not find attributes for nadir zortea (Frosinone Calcio, 2023)
[4103774] Failed to build match row: Frosinone Calcio vs Bologna Football Club 1909
[4794666] Could not find attributes for fredrik pallesen knudsen (Sportsklubben Brann, 2025)
[3450571] Failed to scrape lineup: https://www.transfermarkt.co.uk/rkc-waalwijk_psv-eindhoven/index/spielbericht/3450571
[4794666] Failed to build match row: Sportsklubben Brann vs Sandefjord Fotball

Keepers & outfield error for **Athletic Club Bilbao** in CD Cayón vs Athletic Club Bilbao: Numbers: 2 and 9.
[4227821] Failed to build match row: CD Cayón vs Athletic Club Bilbao
[3889656] Could not find attributes for artem shabanov (Videoton FC, 2022)
[3889656] Failed to build match row: Videoton FC vs FC Petrocub Hincesti
[4360828] Failed to scrape lineup: https://www.transfermarkt.co.uk/slask-wroclaw_rakow-czestochowa/index/spielbericht/4360828
[4624766] Failed to scrape lineup: https://www.transfermarkt.co.uk/korona-kielce_cracovia/index/spielbericht/4624766
[4120588] Could not find attributes for pavlo isenko (Vorskla Poltava, 2023)
[4641535] Could not find attributes for nordin bakker (Sportclub Heerenveen, 2025)
[4120588] Failed to build match row: Vorskla Poltava vs FC Zorya Lugansk
[4641535] Failed to build match row: Sportclub Heerenveen vs Feyenoord Rotterdam
[4646209] Failed to scrape lineup: https://www.transfermarkt.co.uk/nk-veres-rivne_kolos-kovalivka/index/spielbericht/4646209
[3432117] Failed to scrape lineup: https://www.transfermarkt.co.uk/rio-ave-fc_sc-braga/index/spielbericht/3432117
[4395319] Failed to scrape lineup: https://www.transfermarkt.co.uk/cfr-cluj_petrolul-ploiesti/index/spielbericht/4395319
[4407672] Failed to scrape lineup: https://www.transfermarkt.co.uk/rayo-vallecano_ud-las-palmas/index/spielbericht/4407672
Not enough players found for lineup: 0, 0.
[4167971] Failed to scrape lineup: https://www.transfermarkt.co.uk/spielbericht/index/spielbericht/4167971
Not enough players found for lineup: 0, 0.
[3648388] Failed to scrape lineup: https://www.transfermarkt.co.uk/spielbericht/index/spielbericht/3648388
[4094759] Could not find attributes for shavy babicka (Toulouse Football Club, 2023)
[4094759] Failed to build match row: Toulouse Football Club vs Football Club de Nantes
[3592296] Failed to scrape lineup: https://www.transfermarkt.co.uk/leeds-united_aston-villa/index/spielbericht/3592296
[3704225] Could not find attributes for ruben junior (Queen of the South FC, 2021)
[3704225] Failed to build match row: Queen of the South FC vs Cove Rangers FC
[3611516] Failed to scrape lineup: https://www.transfermarkt.co.uk/valencia-cf_celta-de-vigo/index/spielbericht/3611516
[4129692] Could not find attributes for jakub slowik (Konyaspor, 2023)
[4129692] Failed to build match row: Pendikspor vs Konyaspor
[4097139] Failed to scrape lineup: https://www.transfermarkt.co.uk/spielbericht/index/spielbericht/4097139
[4447443] Failed to scrape lineup: https://www.transfermarkt.co.uk/spielbericht/index/spielbericht/4447443
[3450572] Could not find attributes for sven mijnans (Sparta Rotterdam, 2020)
[3450572] Failed to build match row: Sparta Rotterdam vs FC Emmen
[3588439] Failed to scrape lineup: https://www.transfermarkt.co.uk/borussia-monchengladbach_1-fc-union-berlin/index/spielbericht/3588439
[3852571] Could not find attributes for oguzhan ozyakup (Fortuna Sittardia Combinatie, 2022)
[3852571] Failed to build match row: Fortuna Sittardia Combinatie vs Football Club Volendam
[3869230] Failed to scrape lineup: https://www.transfermarkt.co.uk/cd-santa-clara_gd-chaves/index/spielbericht/3869230
[4227822] Failed to scrape lineup: https://www.transfermarkt.co.uk/spielbericht/index/spielbericht/4227822
[4120589] Could not find attributes for denys sydorenko (TOV FK Metalist 1925 Kharkiv, 2023)
[4120589] Failed to build match row: Futbolniy Klub Dynamo Kyiv vs TOV FK Metalist 1925 Kharkiv
[3602414] Could not find attributes for mikhail kerzhakov (AO FK Zenit Sankt-Peterburg, 2021)
[3602414] Failed to build match row: AO FK Zenit Sankt-Peterburg vs FK Krasnodar
[4624767] Failed to build match row: Klub Sportowy Lechia Gdańsk vs Termalica Bruk-Bet Nieciecza Klub Sportowy
[3500129] Could not find attributes for ricky little (Arbroath FC, 2020)
[3500129] Failed to build match row: Arbroath FC vs Falkirk Football & Athletic Club
[3925968] Failed to scrape lineup: https://www.transfermarkt.co.uk/fc-khimki_fc-orenburg/index/spielbericht/3925968

Keepers & outfield error for **Genoa Cricket and Football Club** in Verona Hellas Football Club vs Genoa Cricket and Football Club: Numbers: 0 and 11.
[4103775] Failed to build match row: Verona Hellas Football Club vs Genoa Cricket and Football Club

Keepers & outfield error for **Asociația Fotbal Club Unirea 04 Slobozia** in Asociația Fotbal Club Unirea 04 Slobozia vs ACSM Politehnica Iasi: Numbers: 2 and 9.
[4395320] Failed to build match row: Asociația Fotbal Club Unirea 04 Slobozia vs ACSM Politehnica Iasi
Not enough players found for lineup: 0, 0.
[3648389] Failed to scrape lineup: https://www.transfermarkt.co.uk/spielbericht/index/spielbericht/3648389
Not enough players found for lineup: 0, 11.
[4168262] Failed to scrape lineup: https://www.transfermarkt.co.uk/spielbericht/index/spielbericht/4168262
[3616416] Failed to scrape lineup: https://www.transfermarkt.co.uk/spielbericht/index/spielbericht/3616416
[3611517] Could not find attributes for bebe (Rayo Vallecano de Madrid S. A. D., 2021)
[3611517] Failed to build match row: Rayo Vallecano de Madrid S. A. D. vs Levante Unión Deportiva S.A.D.
[4094760] Could not find attributes for sadibou sane (Football Club de Metz, 2023)
[4094760] Failed to build match row: Olympique de Marseille vs Football Club de Metz
[4727289] Could not find attributes for ramy najjarine (Wellington Phoenix Football Club, 2025)
[4727289] Failed to build match row: Wellington Phoenix Football Club vs Auckland Football Club

Keepers & outfield error for **Northampton Town** in Swansea City vs Northampton Town: Numbers: 0 and 11.
[4097140] Failed to build match row: Swansea City vs Northampton Town
[3925969] Could not find attributes for nikolay zabolotnyi (FK Sochi, 2022)
[3925969] Failed to build match row: FK Sochi vs FK Spartak Moskva
[4709391] Failed to scrape lineup: https://www.transfermarkt.co.uk/al-fateh-sc_al-okhdood-club/index/spielbericht/4709391
[4423488] Failed to scrape lineup: https://www.transfermarkt.co.uk/spielbericht/index/spielbericht/4423488
[4529926] Failed to scrape lineup: https://www.transfermarkt.co.uk/gimcheon-sangmu_pohang-steelers/index/spielbericht/4529926
[3602415] Could not find attributes for artur nigmatullin (FK Nizhny Novgorod, 2021)
[3426692] Failed to scrape lineup: https://www.transfermarkt.co.uk/kasimpasa_galatasaray/index/spielbericht/3426692
[4810884] Could not find attributes for luan peres (Santos Futebol Clube, 2025)
[3450573] Could not find attributes for ahmed touba (RKC Waalwijk, 2020)
[3602415] Failed to build match row: FK Spartak Moskva vs FK Nizhny Novgorod
[3450573] Failed to build match row: Alkmaar Zaanstreek vs RKC Waalwijk
[4810884] Failed to build match row: Santos Futebol Clube vs Esporte Clube Vitória

Keepers & outfield error for **Villarreal Club de Fútbol S.A.D.** in Villarreal Club de Fútbol S.A.D. vs Alaves: Numbers: 0 and 11.
Not enough players found for lineup: 0, 0.
[4407673] Failed to build match row: Villarreal Club de Fútbol S.A.D. vs Alaves
[4665087] Failed to scrape lineup: https://www.transfermarkt.co.uk/levadiakos_asteras-aktor/index/spielbericht/4665087
[4447444] Failed to scrape lineup: https://www.transfermarkt.co.uk/spielbericht/index/spielbericht/4447444
[4587243] Could not find attributes for ilay feingold (New England Revolution, 2024)
[3838463] Could not find attributes for miroslav lobantsev (Qyzyljar Petropavlovsk, 2022)
[3838463] Failed to build match row: Qyzyljar Petropavlovsk vs NK Osijek s.d.d.
[4360829] Failed to scrape lineup: https://www.transfermarkt.co.uk/widzew-lodz_gornik-zabrze/index/spielbericht/4360829
[4395321] Could not find attributes for mark tamas (Sepsi OSK Sf. Gheorghe, 2024)
[4395321] Failed to build match row: Asociația Fotbal Club Unirea 04 Slobozia vs Sepsi OSK Sf. Gheorghe

Keepers & outfield error for **Gil Vicente Futebol Clube** in Portimonense SC vs Gil Vicente Futebol Clube: Numbers: 0 and 11.
[3889659] Failed to scrape lineup: https://www.transfermarkt.co.uk/spielbericht/index/spielbericht/3889659
[3869231] Failed to build match row: Portimonense SC vs Gil Vicente Futebol Clube
[4727290] Could not find attributes for ben garuccio (Sydney Football Club, 2025)
[4727290] Failed to build match row: Sydney Football Club vs Brisbane Roar FC
[4641536] Failed to scrape lineup: https://www.transfermarkt.co.uk/sparta-rotterdam_heracles-almelo/index/spielbericht/4641536
[4646210] Failed to scrape lineup: https://www.transfermarkt.co.uk/rukh-lviv_lnz-cherkasy/index/spielbericht/4646210

Keepers & outfield error for **Sociedade Esportiva Palmeiras** in Sociedade Esportiva Palmeiras vs Associação Chapecoense de Futebol: Numbers: 2 and 9.
[4635169] Failed to scrape lineup: https://www.transfermarkt.co.uk/aj-auxerre_paris-saint-germain/index/spielbericht/4635169
[4129693] Failed to scrape lineup: https://www.transfermarkt.co.uk/kayserispor_hatayspor/index/spielbericht/4129693
[4810885] Failed to build match row: Sociedade Esportiva Palmeiras vs Associação Chapecoense de Futebol
[4395322] Could not find attributes for yohan roche (Fotbal Club Petrolul Ploiești, 2024)
[4395322] Failed to build match row: SC Oţelul Galaţi vs Fotbal Club Petrolul Ploiești
[4227823] Could not find attributes for sabit abdulai (CD Lugo, 2023)
[4227823] Failed to build match row: CD Lugo vs CD Mirandés
[4017422] Failed to scrape lineup: https://www.transfermarkt.co.uk/spielbericht/index/spielbericht/4017422

Keepers & outfield error for **Manchester United Football Club** in Manchester United Football Club vs Burnley Football Club: Numbers: 2 and 9.
[3592298] Failed to build match row: Manchester United Football Club vs Burnley Football Club
[3852572] Failed to scrape lineup: https://www.transfermarkt.co.uk/nec-nijmegen_feyenoord-rotterdam/index/spielbericht/3852572
[3925970] Could not find attributes for ilya svinov (Fakel Voronezh, 2022)
[3925970] Failed to build match row: Fakel Voronezh vs FK Krasnodar
[3426693] Could not find attributes for enner valencia (Fenerbahçe Spor Kulübü, 2020)
[3426693] Failed to build match row: Fenerbahçe Spor Kulübü vs Fatih Karagümrük Sportif Faaliyetler San. Tic. A.Ş.
[3450574] Could not find attributes for ahmed touba (RKC Waalwijk, 2020)
[3450574] Failed to build match row: RKC Waalwijk vs Feyenoord Rotterdam

Keepers & outfield error for **Giresunspor** in Giresunspor vs Galatasaray Spor Kulübü: Numbers: 2 and 9.
[3415322] Failed to scrape lineup: https://www.transfermarkt.co.uk/kv-oostende-2024-_zulte-waregem/index/spielbericht/3415322
[3500130] Could not find attributes for jack murray (Buckie Thistle FC, 2020)
[3612833] Failed to build match row: Giresunspor vs Galatasaray Spor Kulübü
[3500130] Failed to build match row: Buckie Thistle FC vs Inverness Caledonian Thistle FC
[3840406] Could not find attributes for maximiliano caufriez (Clermont Foot 63, 2022)
[3840406] Failed to build match row: Association de la Jeunesse auxerroise vs Clermont Foot 63
[4665088] Could not find attributes for davide calabria (Panathinaikos Athlitikos Omilos, 2025)
[3616417] Could not find attributes for maksim podholjuzin (FCI Levadia, 2021)
[4665088] Failed to build match row: Panathinaikos Athlitikos Omilos vs Athlitiki Enosi Kifisias
[4794667] Could not find attributes for ole saeter (Vålerengens Idrettsforening, 2025)
[3616417] Failed to build match row: Dundalk FC vs FCI Levadia
[4794667] Failed to build match row: Vålerengens Idrettsforening vs Viking Fotballklubb
[4810886] Failed to scrape lineup: https://www.transfermarkt.co.uk/cruzeiro-esporte-clube_fluminense-football-club/index/spielbericht/4810886

Keepers & outfield error for **Toronto FC** in Toronto FC vs Orlando City Soccer Club: Numbers: 2 and 9.
[4587245] Failed to build match row: Toronto FC vs Orlando City Soccer Club
[3602416] Could not find attributes for fabian balbuena (FK Dinamo Moskva, 2021)
[4626738] Failed to scrape lineup: https://www.transfermarkt.co.uk/fc-nordsjaelland_brondby-if/index/spielbericht/4626738
[4407675] Failed to scrape lineup: https://www.transfermarkt.co.uk/celta-de-vigo_real-sociedad/index/spielbericht/4407675
[3602416] Failed to build match row: FK Dinamo Moskva vs PFK CSKA Moskva
[4395323] Failed to scrape lineup: https://www.transfermarkt.co.uk/fc-botosani_cfr-cluj/index/spielbericht/4395323
[4017423] Could not find attributes for abde ezzalzouli (Club Atlético Osasuna, 2022)
[4375368] Failed to scrape lineup: https://www.transfermarkt.co.uk/grazer-ak-1902_sk-sturm-graz/index/spielbericht/4375368
[4017423] Failed to build match row: Athletic Club Bilbao vs Club Atlético Osasuna
[3704226] Could not find attributes for aidan quinn (Montrose FC, 2021)
[3704226] Failed to build match row: Montrose FC vs Kelty Hearts FC
[4094762] Failed to scrape lineup: https://www.transfermarkt.co.uk/ogc-nice_as-monaco/index/spielbericht/4094762
t/3450575
[3852573] Failed to scrape lineup: https://www.transfermarkt.co.uk/rkc-waalwijk_sparta-rotterdam/index/spielbericht/3852573
[3592299] Failed to scrape lineup: https://www.transfermarkt.co.uk/southampton-fc_tottenham-hotspur/index/spielbericht/3592299

Keepers & outfield error for **Sport Lisboa e Benfica** in CS Marítimo vs Sport Lisboa e Benfica: Numbers: 2 and 9.
[3432119] Failed to build match row: CS Marítimo vs Sport Lisboa e Benfica
Not enough players found for lineup: 0, 0.
[3648390] Failed to scrape lineup: https://www.transfermarkt.co.uk/spielbericht/index/spielbericht/3648390

Keepers & outfield error for **AFC Ajax Amsterdam** in Sportclub Telstar vs AFC Ajax Amsterdam: Numbers: 2 and 9.
[4641537] Failed to build match row: Sportclub Telstar vs AFC Ajax Amsterdam
[4120590] Failed to scrape lineup: https://www.transfermarkt.co.uk/polissya-zhytomyr_rukh-lviv/index/spielbericht/4120590
[3612834] Failed to scrape lineup: https://www.transfermarkt.co.uk/fatih-karagumruk_gaziantep-fk/index/spielbericht/3612834
[3415323] Failed to scrape lineup: https://www.transfermarkt.co.uk/oud-heverlee-leuven_club-brugge-kv/index/spielbericht/3415323
[3500131] Failed to scrape lineup: https://www.transfermarkt.co.uk/spielbericht/index/spielbericht/3500131
[4665089] Could not find attributes for sebastian mladen (Panetolikos Agrinio, 2025)
[4665089] Failed to build match row: Panetolikos Agrinio vs Aris Thessalonikis
[4810887] Could not find attributes for leo ortiz (Clube de Regatas do Flamengo, 2025)
[4810887] Failed to build match row: Clube de Regatas do Flamengo vs Sociedade Esportiva Palmeiras
[4407676] Could not find attributes for allan nyom (Getafe Club de Fútbol S. A. D. Team Dubai, 2024)
[4407676] Failed to build match row: Getafe Club de Fútbol S. A. D. Team Dubai vs Real Club Deportivo Mallorca S.A.D.
[4423489] Could not find attributes for roman lyopka (FK Kudrivka-1, 2024)
[4423489] Failed to build match row: FK Kudrivka-1 vs Livyi Bereg Kyiv
[3925971] Could not find attributes for mikhail kerzhakov (AO FK Zenit Sankt-Peterburg, 2022)
[3925971] Failed to build match row: AO FK Zenit Sankt-Peterburg vs RFK Akhmat Grozny
[4709392] Could not find attributes for mikel villanueva (Al-Fayha FC, 2025)
[4709392] Failed to build match row: Al-Fayha FC vs Neom Sports Club

Keepers & outfield error for **Sporting Clube de Portugal** in Sporting Clube de Portugal vs Clube Desportivo Nacional: Numbers: 2 and 9.
[3432120] Failed to build match row: Sporting Clube de Portugal vs Clube Desportivo Nacional
[4370255] Could not find attributes for konstantinos karetsas (Koninklijke Racing Club Genk, 2024)
[3889660] Could not find attributes for nikolay mihaylov (Levski Sofia, 2022)
[4370255] Failed to build match row: Koninklijke Racing Club Genk vs Royal Charleroi Sporting Club
[3889660] Failed to build match row: Levski Sofia vs Hamrun Spartans
Not enough players found for lineup: 0, 0.
[4447447] Failed to scrape lineup: https://www.transfermarkt.co.uk/spielbericht/index/spielbericht/4447447
[4529930] Could not find attributes for thomas oude kotte (Football Club Anyang, 2024)
[4529930] Failed to build match row: Football Club Anyang vs Gwangju Football Club
[3925972] Could not find attributes for bruno fuchs (PFK CSKA Moskva, 2022)
[3925972] Failed to build match row: PFK CSKA Moskva vs FK Nizhny Novgorod
[4709393] Could not find attributes for anthony moris (Al-Khaleej Club (Saihat), 2025)
[4709393] Failed to build match row: Al-Khaleej Club (Saihat) vs Al-Kholood Club

Keepers & outfield error for **Sporting Clube de Portugal** in Sporting Clube de Portugal vs B SAD: Numbers: 3 and 8.
[3432121] Failed to build match row: Sporting Clube de Portugal vs B SAD
[4665090] Could not find attributes for alexandros tsompanidis (Panserraikos Serres, 2025)
[4665090] Failed to build match row: Panthessalonikios Athlitikos Omilos Konstantinoupoliton vs Panserraikos Serres
[3500132] Could not find attributes for brett long (East Fife FC, 2020)
[3500132] Failed to build match row: East Fife FC vs Tranent Juniors FC
Not enough players found for lineup: 0, 11.
[4447448] Failed to scrape lineup: https://www.transfermarkt.co.uk/spielbericht/index/spielbericht/4447448
[3602417] Failed to scrape lineup: https://www.transfermarkt.co.uk/fc-sochi_ural-yekaterinburg/index/spielbericht/3602417
[4514429] Failed to scrape lineup: https://www.transfermarkt.co.uk/atlanta-united-fc_new-england-revolution/index/spielbericht/4514429
[4587247] Failed to scrape lineup: https://www.transfermarkt.co.uk/sporting-kansas-city_houston-dynamo-fc/index/spielbericht/4587247
[4395324] Failed to scrape lineup: https://www.transfermarkt.co.uk/fc-universitatea-cluj_asfc-buzau-2016-2025-/index/spielbericht/4395324
[4168263] Could not find attributes for konstantinos mousiotitsas (Anagennisi Artas, 2023)
[4168263] Failed to build match row: Anagennisi Artas vs Apollon Paralimniou
[3840407] Failed to scrape lineup: https://www.transfermarkt.co.uk/angers-sco_as-monaco/index/spielbericht/3840407
[4407677] Failed to scrape lineup: https://www.transfermarkt.co.uk/girona-fc_real-valladolid-cf/index/spielbericht/4407677
[4727291] Could not find attributes for harrison delbridge (Melbourne City Football Club, 2025)
[4727291] Failed to build match row: Melbourne City Football Club vs Melbourne Victory FC
[4794668] Failed to scrape lineup: https://www.transfermarkt.co.uk/hamarkameratene_sk-brann/index/spielbericht/4794668
[4370256] Could not find attributes for andreas verstraeten (Royal Antwerp Football Club, 2024)
[4370256] Failed to build match row: Royal Antwerp Football Club vs FC Verbroedering Denderhoutem Denderleeuw Eendracht Hekelgem
[3925973] Could not find attributes for ilya pomazun (Ural Yekaterinburg, 2022)
[3925973] Failed to build match row: Ural Yekaterinburg vs Футбольный клуб "Локомотив" Москва
[4375370] Failed to scrape lineup: https://www.transfermarkt.co.uk/red-bull-salzburg_wolfsberger-ac/index/spielbericht/4375370
[4017955] Failed to scrape lineup: https://www.transfermarkt.co.uk/spielbericht/index/spielbericht/4017955
[4665091] Could not find attributes for luka jovic (Athlitiki Enosi Konstantinoupoleos, 2025)
[4665091] Failed to build match row: Athlitiki Enosi Konstantinoupoleos vs APS Atromitos Athinon
[3500133] Could not find attributes for matthew cooper (Elgin City FC, 2020)
[3500133] Failed to build match row: Elgin City FC vs Ayr United FC
Not enough players found for lineup: 0, 0.
[4227824] Could not find attributes for franck fomeyem (Antequera CF, 2023)
[4626739] Failed to scrape lineup: https://www.transfermarkt.co.uk/fc-midtjylland_sonderjyske-fodbold/index/spielbericht/4626739
[3616418] Failed to scrape lineup: https://www.transfermarkt.co.uk/spielbericht/index/spielbericht/3616418
[3838464] Could not find attributes for tomas svedkauskas (FK Suduva Marijampole, 2022)
[4097141] Could not find attributes for sam tickle (Wigan Athletic, 2022)
[4447622] Failed to scrape lineup: https://www.transfermarkt.co.uk/spielbericht/index/spielbericht/4447622
[4227824] Failed to build match row: Antequera CF vs SD Huesca
[3838464] Failed to build match row: FK Suduva Marijampole vs Viborg Fodsports Forening
[4097141] Failed to build match row: Wrexham AFC vs Wigan Athletic
[3432122] Could not find attributes for mansur (Clube Desportivo Santa Clara, 2020)
[3432122] Failed to build match row: SC Farense vs Clube Desportivo Santa Clara
[4395327] Could not find attributes for florin tanase (SC Fotbal Club FCSB SA, 2024)
[4103777] Failed to scrape lineup: https://www.transfermarkt.co.uk/ac-milan_us-lecce/index/spielbericht/4103777
[4395327] Failed to build match row: SC Fotbal Club FCSB SA vs Asociația Fotbal Club Hermannstadt

Keepers & outfield error for **Sevilla Fútbol Club S.A.D.** in Real Madrid Club de Fútbol vs Sevilla Fútbol Club S.A.D.: Numbers: 0 and 11.
[4407678] Failed to build match row: Real Madrid Club de Fútbol vs Sevilla Fútbol Club S.A.D.
[3704227] Failed to scrape lineup: https://www.transfermarkt.co.uk/spielbericht/index/spielbericht/3704227
[4641538] Failed to scrape lineup: https://www.transfermarkt.co.uk/ajax-amsterdam_sparta-rotterdam/index/spielbericht/4641538
[3450576] Failed to scrape lineup: https://www.transfermarkt.co.uk/az-alkmaar_vvv-venlo/index/spielbericht/3450576
[3612835] Failed to scrape lineup: https://www.transfermarkt.co.uk/besiktas-jk_caykur-rizespor/index/spielbericht/3612835
[4367799] Failed to scrape lineup: https://www.transfermarkt.co.uk/nec-nijmegen_heracles-almelo/index/spielbericht/4367799
[3415324] Failed to scrape lineup: https://www.transfermarkt.co.uk/r-charleroi-sc_kvrs-waasland-sk-beveren/index/spielbericht/3415324
[3648391] Failed to scrape lineup: https://www.transfermarkt.co.uk/spielbericht/index/spielbericht/3648391
[3592300] Failed to scrape lineup: https://www.transfermarkt.co.uk/watford-fc_west-ham-united/index/spielbericht/3592300
[4363294] Failed to scrape lineup: https://www.transfermarkt.co.uk/fk-pardubice_fc-hradec-kralove/index/spielbericht/4363294
[4120591] Failed to scrape lineup: https://www.transfermarkt.co.uk/shakhtar-donetsk_fc-oleksandriya/index/spielbericht/4120591
[4017956] Could not find attributes for aidan mcadams (Ayr United FC, 2022)
[3852574] Failed to scrape lineup: https://www.transfermarkt.co.uk/fc-groningen_rkc-waalwijk/index/spielbericht/3852574
[4017956] Failed to build match row: Ayr United FC vs Elgin City FC
[4624770] Failed to scrape lineup: https://www.transfermarkt.co.uk/radomiak-radom_gornik-zabrze/index/spielbericht/4624770
[3461741] Could not find attributes for matvey safonov (FK Krasnodar, 2020)
[3461741] Failed to build match row: FK Krasnodar vs Chelsea Football Club
Not enough players found for lineup: 11, 0.
[4168264] Failed to scrape lineup: https://www.transfermarkt.co.uk/spielbericht/index/spielbericht/4168264
[4424480] Failed to scrape lineup: https://www.transfermarkt.co.uk/spielbericht/index/spielbericht/4424480

Keepers & outfield error for **Manchester City Football Club** in Arsenal Football Club vs Manchester City Football Club: Numbers: 2 and 9.
[3592301] Failed to build match row: Arsenal Football Club vs Manchester City Football Club
[4094764] Failed to scrape lineup: https://www.transfermarkt.co.uk/rc-lens_rc-strasbourg-alsace/index/spielbericht/4094764
Not enough players found for lineup: 0, 0.
[4794669] Could not find attributes for julius mar juliusson (Kristiansund Ballklubb, 2025)
[4017957] Could not find attributes for daryll meggatt (Darvel FC, 2022)
[3648392] Failed to scrape lineup: https://www.transfermarkt.co.uk/spielbericht/index/spielbericht/3648392
[4794669] Failed to build match row: Kristiansund Ballklubb vs Fotballklubben Bodø/Glimt
[4017957] Failed to build match row: Darvel FC vs Falkirk Football & Athletic Club
[4587248] Could not find attributes for elijah wynder (Los Angeles Galaxy, 2024)
[4587248] Failed to build match row: Los Angeles Galaxy vs Minnesota United FC
Not enough players found for lineup: 0, 0.
[4447629] Failed to scrape lineup: https://www.transfermarkt.co.uk/spielbericht/index/spielbericht/4447629
[4529931] Failed to scrape lineup: https://www.transfermarkt.co.uk/jeju-sk_jeonbuk-hyundai-motors/index/spielbericht/4529931
[3415325] Could not find attributes for oleksandr filippov (St Truiden, 2020)
[3415325] Failed to build match row: St Truiden vs Royal Standard Club de Liège
[3889661] Could not find attributes for mads hedenstad (Lillestrøm Sportsklubb, 2022)
[3889661] Failed to build match row: Lillestrøm Sportsklubb vs Royal Antwerp Football Club
[4103778] Failed to scrape lineup: https://www.transfermarkt.co.uk/ac-monza_ssc-napoli/index/spielbericht/4103778
[4370257] Could not find attributes for emmanuel kakou (Cercle Brugge Koninklijke Sportvereniging, 2024)
[4370257] Failed to build match row: Royal Standard Club de Liège vs Cercle Brugge Koninklijke Sportvereniging
[4168265] Could not find attributes for nikolaos bakaoukas (AO Ypatou, 2023)

Keepers & outfield error for **Brentford Football Club** in Brentford Football Club vs Aston Villa Football Club: Numbers: 0 and 11.
[4168265] Failed to build match row: AO Ypatou vs Panargiakos
[3592302] Failed to build match row: Brentford Football Club vs Aston Villa Football Club
[4624771] Could not find attributes for quentin lecoeuche (Wisła Płock Spółka Akcyjna, 2025)
[3602418] Failed to scrape lineup: https://www.transfermarkt.co.uk/rubin-kazan_akhmat-grozny/index/spielbericht/3602418
[4514431] Failed to scrape lineup: https://www.transfermarkt.co.uk/orlando-city-sc_new-york-red-bulls/index/spielbericht/4514431
[4587249] Could not find attributes for manu duah (San Diego Football Club, 2024)
[4587249] Failed to build match row: Portland Timbers vs San Diego Football Club
[4624771] Failed to build match row: Wisła Płock Spółka Akcyjna vs KKS Lech Poznań Spółka Akcyjna
[4794670] Could not find attributes for vebjorn hoff (Molde Fotballklubb, 2025)
[4794670] Failed to build match row: Molde Fotballklubb vs Lillestrøm Sportsklubb
[4367800] Could not find attributes for nikolai hopland (Sportclub Heerenveen, 2024)
[4367800] Failed to build match row: Sportclub Heerenveen vs Football Club Groningen
[4727292] Failed to scrape lineup: https://www.transfermarkt.co.uk/central-coast-mariners_western-sydney-wanderers/index/spielbericht/4727292
[4709394] Could not find attributes for mansour camara (Al-Kholood Club, 2025)
[4709394] Failed to build match row: Al-Okhdood Club vs Al-Kholood Club
[3925974] Failed to scrape lineup: https://www.transfermarkt.co.uk/torpedo-moskau_krylya-sovetov-samara/index/spielbericht/3925974
[4407679] Could not find attributes for matija nastasic (CD Leganés, 2024)
[4407679] Failed to build match row: CD Leganés vs Villarreal Club de Fútbol S.A.D.
[3500134] Failed to scrape lineup: https://www.transfermarkt.co.uk/spielbericht/index/spielbericht/3500134
Not enough players found for lineup: 11, 0.
[4447630] Failed to scrape lineup: https://www.transfermarkt.co.uk/spielbericht/index/spielbericht/4447630
Not enough players found for lineup: 0, 11.
[4424481] Failed to scrape lineup: https://www.transfermarkt.co.uk/spielbericht/index/spielbericht/4424481

Keepers & outfield error for **Associazione Sportiva Roma** in Associazione Sportiva Roma vs Società Sportiva Lazio S.p.A.: Numbers: 2 and 9.
[4103779] Failed to build match row: Associazione Sportiva Roma vs Società Sportiva Lazio S.p.A.
[3838465] Failed to scrape lineup: https://www.transfermarkt.co.uk/spielbericht/index/spielbericht/3838465
[4626740] Failed to scrape lineup: https://www.transfermarkt.co.uk/fc-fredericia_fc-copenhagen/index/spielbericht/4626740
[3616426] Failed to scrape lineup: https://www.transfermarkt.co.uk/spielbericht/index/spielbericht/3616426
[4363295] Could not find attributes for tadeas stoppen (SK Sigma Olomouc, a.s., 2024)
pielbericht/4097142
[4363295] Failed to build match row: FC Viktoria Plzeň, a.s. vs SK Sigma Olomouc, a.s.
[4810888] Could not find attributes for robert renan (Club de Regatas Vasco da Gama, 2025)
[4810888] Failed to build match row: Club de Regatas Vasco da Gama vs Red Bull Bragantino
[3432123] Failed to scrape lineup: https://www.transfermarkt.co.uk/cd-santa-clara_portimonense-sc/index/spielbericht/3432123
[4514434] Could not find attributes for tate johnson (Vancouver Whitecaps FC, 2024)
[3705070] Failed to scrape lineup: https://www.transfermarkt.co.uk/spielbericht/index/spielbericht/3705070
[3602419] Could not find attributes for mikhail levashov (Arsenal Tula, 2021)
[4514434] Failed to build match row: Vancouver Whitecaps FC vs Austin FC
[3602419] Failed to build match row: Arsenal Tula vs PFK Krylya Sovetov Samara
[4641539] Failed to scrape lineup: https://www.transfermarkt.co.uk/az-alkmaar_heracles-almelo/index/spielbericht/4641539
[3450577] Failed to scrape lineup: https://www.transfermarkt.co.uk/twente-enschede-fc_fc-emmen/index/spielbericht/3450577
[3852575] Failed to scrape lineup: https://www.transfermarkt.co.uk/fc-volendam_ajax-amsterdam/index/spielbericht/3852575

Keepers & outfield error for **İstanbul Başakşehir Futbol Kulübü** in İstanbul Başakşehir Futbol Kulübü vs Göztepe Sportif Yatırımlar A.Ş.: Numbers: 2 and 9.
[3426694] Failed to build match row: İstanbul Başakşehir Futbol Kulübü vs Göztepe Sportif Yatırımlar A.Ş.
[4103780] Could not find attributes for konstantinos manolas (US Salernitana 1919, 2023)
[4103780] Failed to build match row: US Salernitana 1919 vs Unione Sportiva Sassuolo Calcio
[3925975] Could not find attributes for sergey pesjakov (FK Rostov, 2022)
[3925975] Failed to build match row: FK Rostov vs FK Dinamo Moskva
[4094765] Failed to scrape lineup: https://www.transfermarkt.co.uk/le-havre-ac_stade-rennais-fc/index/spielbericht/4094765

Keepers & outfield error for **Aberdeen Football Club** in Aberdeen Football Club vs Edinburgh City FC: Numbers: 2 and 9.
[3705072] Failed to build match row: Aberdeen Football Club vs Edinburgh City FC
[3616427] Could not find attributes for hamza ryahi (FC Santa Coloma, 2021)
[3616427] Failed to build match row: Hibernian Football Club vs FC Santa Coloma

Keepers & outfield error for **Futebol Clube de Arouca** in Futebol Clube de Arouca vs FC Vizela: Numbers: 2 and 9.
[4641540] Could not find attributes for ruud nijstad (Football Club Twente, 2025)
[3869232] Failed to build match row: Futebol Clube de Arouca vs FC Vizela
[4641540] Failed to build match row: Football Club Twente vs Football Club Utrecht
[4017958] Failed to scrape lineup: https://www.transfermarkt.co.uk/spielbericht/index/spielbericht/4017958
[4395330] Failed to scrape lineup: https://www.transfermarkt.co.uk/asfc-buzau-2016-2025-_fc-botosani/index/spielbericht/4395330
[3648393] Failed to scrape lineup: https://www.transfermarkt.co.uk/spielbericht/index/spielbericht/3648393
[3588444] Failed to scrape lineup: https://www.transfermarkt.co.uk/spvgg-greuther-furth_1-fsv-mainz-05/index/spielbericht/3588444
[3838466] Could not find attributes for adnan golubovic (FC Koper, 2022)
[4794671] Failed to scrape lineup: https://www.transfermarkt.co.uk/sarpsborg-08-ff_ik-start/index/spielbericht/4794671
[3838466] Failed to build match row: FC Koper vs FC Vaduz
[4529932] Failed to scrape lineup: https://www.transfermarkt.co.uk/gwangju-fc_daegu-fc/index/spielbericht/4529932
[3602420] Could not find attributes for aleksandr belenov (FK Ufa, 2021)
[3602420] Failed to build match row: FK Ufa vs Футбольный клуб "Локомотив" Москва
[3415326] Failed to scrape lineup: https://www.transfermarkt.co.uk/beerschot-va_oud-heverlee-leuven/index/spielbericht/3415326
[4665092] Failed to scrape lineup: https://www.transfermarkt.co.uk/asteras-aktor_levadiakos/index/spielbericht/4665092
[4375373] Failed to scrape lineup: https://www.transfermarkt.co.uk/rapid-vienna_grazer-ak-1902/index/spielbericht/4375373
[4646211] Could not find attributes for oleksiy palamarchuk (LNZ Cherkasy, 2025)
[4646211] Failed to build match row: LNZ Cherkasy vs FK Polissya Zhytomyr
[4120592] Could not find attributes for german penkov (LNZ Cherkasy, 2023)
[4120592] Failed to build match row: LNZ Cherkasy vs FK Polissya Zhytomyr
[4017959] Could not find attributes for fergus owens (Hamilton Academical FC, 2022)
[4017959] Failed to build match row: Hamilton Academical FC vs Heart of Midlothian Football Club
[3426695] Could not find attributes for lewis baker (Trabzonspor Kulübü, 2020)
[3426695] Failed to build match row: Gaziantep Futbol Kulübü A.Ş. vs Trabzonspor Kulübü
[3616435] Could not find attributes for alen sherri (KF Laçi, 2021)
[3616435] Failed to build match row: KF Laçi vs U Craiova 1948 Club Sportiv SA
[4370258] Failed to scrape lineup: https://www.transfermarkt.co.uk/oud-heverlee-leuven_union-saint-gilloise/index/spielbericht/4370258
[3461743] Failed to scrape lineup: https://www.transfermarkt.co.uk/spielbericht/index/spielbericht/3461743
[4624772] Failed to scrape lineup: https://www.transfermarkt.co.uk/zaglebie-lubin_jagiellonia-bialystok/index/spielbericht/4624772
[4587250] Failed to scrape lineup: https://www.transfermarkt.co.uk/san-jose-earthquakes_austin-fc/index/spielbericht/4587250
[4794672] Could not find attributes for jonas svensson (Rosenborg Ballklub, 2025)
[4794672] Failed to build match row: Tromsø Idrettslag vs Rosenborg Ballklub
[4375374] Could not find attributes for soumaila diabate (Fußballclub Blau-Weiß Linz, 2024)
[4375374] Failed to build match row: Fußballclub Blau-Weiß Linz vs Turn- und Sportverein Egger Glas Hartberg
[3602421] Could not find attributes for ilya lantratov (FC Khimki (-2025), 2021)
[3602421] Failed to build match row: FC Khimki (-2025) vs FK Rostov
[3415327] Could not find attributes for sandy walsh (Yellow-Red Koninklijke Voetbalclub Mechelen, 2020)
[3415327] Failed to build match row: Club Brugge Koninklijke Voetbalvereniging vs Yellow-Red Koninklijke Voetbalclub Mechelen
[4120593] Could not find attributes for oleg mozil (TOV FK Metalist 1925 Kharkiv, 2023)
[4120593] Failed to build match row: TOV FK Metalist 1925 Kharkiv vs FC Minaj
[4447640] Failed to scrape lineup: https://www.transfermarkt.co.uk/spielbericht/index/spielbericht/4447640
[4360885] Failed to scrape lineup: https://www.transfermarkt.co.uk/gks-katowice_korona-kielce/index/spielbericht/4360885
[4709395] Failed to scrape lineup: https://www.transfermarkt.co.uk/al-fateh-sc_al-riyadh-sc/index/spielbericht/4709395
[4648969] Failed to scrape lineup: https://www.transfermarkt.co.uk/cfr-cluj_acsc-fc-arges/index/spielbericht/4648969
[4424482] Failed to scrape lineup: https://www.transfermarkt.co.uk/spielbericht/index/spielbericht/4424482
[4370259] Could not find attributes for rob schoofs (Yellow-Red Koninklijke Voetbalclub Mechelen, 2024)
[4370259] Failed to build match row: Yellow-Red Koninklijke Voetbalclub Mechelen vs Beerschot VA
[4363296] Failed to scrape lineup: https://www.transfermarkt.co.uk/fc-banik-ostrava_fc-slovan-liberec/index/spielbericht/4363296
[4227826] Failed to scrape lineup: https://www.transfermarkt.co.uk/spielbericht/index/spielbericht/4227826
[4635170] Could not find attributes for daouda guindo (Stade brestois 29, 2025)
[4635170] Failed to build match row: Stade brestois 29 vs Toulouse Football Club
[3432124] Failed to scrape lineup: https://www.transfermarkt.co.uk/cd-nacional_sc-farense/index/spielbericht/3432124
Not enough players found for lineup: 0, 0.
[3648394] Failed to scrape lineup: https://www.transfermarkt.co.uk/spielbericht/index/spielbericht/3648394
[4529933] Could not find attributes for seok hyeon choi (Ulsan Hyundai Football Club, 2024)
[4529933] Failed to build match row: Gimcheon Sangmu Football Club vs Ulsan Hyundai Football Club
[3852576] Failed to scrape lineup: https://www.transfermarkt.co.uk/nec-nijmegen_excelsior-rotterdam/index/spielbericht/3852576
[4646212] Could not find attributes for danylo varakuta (TOV FK Metalist 1925 Kharkiv, 2025)
[4375375] Could not find attributes for philipp wiesinger (Fußballklub Austria Wien, 2024)
[4646212] Failed to build match row: TOV FK Metalist 1925 Kharkiv vs FC Oleksandriya
[3838467] Could not find attributes for nikolay mihaylov (Levski Sofia, 2022)
[4375375] Failed to build match row: Wattener Sportgemeinschaft Swarovski Tirol vs Fußballklub Austria Wien
[3838467] Failed to build match row: Levski Sofia vs Panthessalonikios Athlitikos Omilos Konstantinoupoliton
[4097824] Could not find attributes for leon maurice pohls (Shamrock Rovers, 2023)
[4097824] Failed to build match row: Shamrock Rovers vs Breidablik Kópavogur
[4709396] Could not find attributes for kewin (Damac Football Club, 2025)
[4709396] Failed to build match row: Damac Football Club vs Al-Ittihad Football Club
[4129694] Failed to scrape lineup: https://www.transfermarkt.co.uk/fenerbahce_pendikspor/index/spielbericht/4129694
[3500135] Could not find attributes for craig mckeown (Formartine United FC, 2020)
[3500135] Failed to build match row: Formartine United FC vs Annan Athletic FC
[4094767] Could not find attributes for tiemoue bakayoko (Football Club Lorient-Bretagne Sud, 2023)
[4094767] Failed to build match row: Racing Club de Strasbourg Alsace vs Football Club Lorient-Bretagne Sud
[4363297] Could not find attributes for matus hruska (FK Dukla Praha a.s., 2024)
[4363297] Failed to build match row: FK Dukla Praha a.s. vs SK Dynamo Ceske Budejovice
[4810889] Could not find attributes for alan franco (São Paulo Futebol Clube, 2025)
[4810889] Failed to build match row: São Paulo Futebol Clube vs S. A. F. Botafogo

Keepers & outfield error for **Società Sportiva Lazio S.p.A.** in Club Brugge Koninklijke Voetbalvereniging vs Società Sportiva Lazio S.p.A.: Numbers: 2 and 9.
[3925976] Failed to scrape lineup: https://www.transfermarkt.co.uk/fc-pari-nizhniy-novgorod_akhmat-grozny/index/spielbericht/3925976
[3461744] Failed to build match row: Club Brugge Koninklijke Voetbalvereniging vs Società Sportiva Lazio S.p.A.
Not enough players found for lineup: 0, 0.
[4529939] Failed to scrape lineup: https://www.transfermarkt.co.uk/daejeon-hana-citizen_jeju-sk/index/spielbericht/4529939
[4168266] Could not find attributes for anastasios chasiotis (Asteras Kesarianis, 2023)
[4168266] Failed to build match row: Asteras Kesarianis vs AE Mykonou
[4794673] Could not find attributes for philip aukland (Aalesunds Fotballklubb, 2025)
[4794673] Failed to build match row: Aalesunds Fotballklubb vs Fredrikstad Fotballklubb
[3869233] Failed to scrape lineup: https://www.transfermarkt.co.uk/casa-pia-ac_sc-braga/index/spielbericht/3869233
[4641541] Failed to scrape lineup: https://www.transfermarkt.co.uk/fc-volendam_fortuna-sittard/index/spielbericht/4641541
[3426696] Could not find attributes for semih kaya (Yeni Malatyaspor, 2020)
[4097825] Could not find attributes for anton ari einarsson (Breidablik Kópavogur, 2023)
[3426696] Failed to build match row: Yeni Malatyaspor vs Antalyaspor
[4097825] Failed to build match row: Breidablik Kópavogur vs Shamrock Rovers
[4709397] Could not find attributes for anthony moris (Al-Khaleej Club (Saihat), 2025)
[4709397] Failed to build match row: Al-Ettifaq Football Club vs Al-Khaleej Club (Saihat)
Not enough players found for lineup: 0, 11.
[4424483] Failed to scrape lineup: https://www.transfermarkt.co.uk/spielbericht/index/spielbericht/4424483
Not enough players found for lineup: 0, 0.
[3602430] Could not find attributes for yaroslav godzyur (Ural Yekaterinburg, 2021)
[4447643] Failed to scrape lineup: https://www.transfermarkt.co.uk/spielbericht/index/spielbericht/4447643
[3602430] Failed to build match row: FK Spartak Moskva vs Ural Yekaterinburg
Not enough players found for lineup: 0, 11.
[4375419] Failed to scrape lineup: https://www.transfermarkt.co.uk/spielbericht/index/spielbericht/4375419
[4810890] Could not find attributes for raniele (Sport Club Corinthians Paulista, 2025)
[4665093] Failed to scrape lineup: https://www.transfermarkt.co.uk/ae-larisa_panathinaikos/index/spielbericht/4665093
[4810890] Failed to build match row: Sport Club Corinthians Paulista vs Clube Atlético Mineiro
[4017960] Failed to scrape lineup: https://www.transfermarkt.co.uk/spielbericht/index/spielbericht/4017960
[4395332] Failed to scrape lineup: https://www.transfermarkt.co.uk/petrolul-ploiesti_fcsb/index/spielbericht/4395332

Keepers & outfield error for **CD Arenteiro** in CD Arenteiro vs Burgos CF: Numbers: 2 and 9.
[4227827] Failed to build match row: CD Arenteiro vs Burgos CF
[4646213] Could not find attributes for maksym korobov (Futbolniy Klub Dynamo Kyiv, 2025)
[4646213] Failed to build match row: Futbolniy Klub Dynamo Kyiv vs Epicentr Dunaivtsi

Keepers & outfield error for **Grupo Desportivo Estoril Praia** in Grupo Desportivo Estoril Praia vs Portimonense SC: Numbers: 2 and 9.
[4624775] Could not find attributes for mateusz klich (Klub Sportowy Cracovia Spółka Akcyjna, 2025)
[4624775] Failed to build match row: Klub Sportowy Cracovia Spółka Akcyjna vs KKS Lech Poznań Spółka Akcyjna
[3869234] Failed to build match row: Grupo Desportivo Estoril Praia vs Portimonense SC
[4709398] Could not find attributes for abdelmounaim boutouil (Al-Hazem Sport Club, 2025)
[4709398] Failed to build match row: Al-Hazem Sport Club vs Al-Najma Sport Club
Not enough players found for lineup: 0, 0.
[4447646] Failed to scrape lineup: https://www.transfermarkt.co.uk/spielbericht/index/spielbericht/4447646
[4360888] Could not find attributes for luquinhas (Legia Warszawa Spółka Akcyjna, 2024)
[4360888] Failed to build match row: Legia Warszawa Spółka Akcyjna vs Widzew Łódź Spółka Akcyjna
Not enough players found for lineup: 0, 11.
[4168267] Failed to scrape lineup: https://www.transfermarkt.co.uk/spielbericht/index/spielbericht/4168267
[3592306] Failed to scrape lineup: https://www.transfermarkt.co.uk/leeds-united_burnley-fc/index/spielbericht/3592306
[4626744] Failed to scrape lineup: https://www.transfermarkt.co.uk/aarhus-gf_fc-midtjylland/index/spielbericht/4626744
[3612836] Failed to scrape lineup: https://www.transfermarkt.co.uk/yeni-malatyaspor_trabzonspor/index/spielbericht/3612836

Keepers & outfield error for **Vitória Sport Clube** in Vitória Sport Clube vs Puskás Akadémia FC: Numbers: 0 and 11.
[3415328] Failed to scrape lineup: https://www.transfermarkt.co.uk/krc-genk_kas-eupen/index/spielbericht/3415328
[4120594] Failed to scrape lineup: https://www.transfermarkt.co.uk/nk-veres-rivne_vorskla-poltava/index/spielbericht/4120594
[3838468] Failed to build match row: Vitória Sport Clube vs Puskás Akadémia FC

Keepers & outfield error for **Asociația Fotbal Club Unirea 04 Slobozia** in Fotbal Club Rapid 1923 SA vs Asociația Fotbal Club Unirea 04 Slobozia: Numbers: 2 and 9.
[4395333] Failed to build match row: Fotbal Club Rapid 1923 SA vs Asociația Fotbal Club Unirea 04 Slobozia
[4370260] Failed to scrape lineup: https://www.transfermarkt.co.uk/kvc-westerlo_kv-kortrijk/index/spielbericht/4370260
[3432125] Failed to scrape lineup: https://www.transfermarkt.co.uk/cs-maritimo_cd-santa-clara/index/spielbericht/3432125
[4635171] Failed to scrape lineup: https://www.transfermarkt.co.uk/paris-fc_angers-sco/index/spielbericht/4635171
[4624776] Could not find attributes for tomas tavares (Wisła Płock Spółka Akcyjna, 2025)
[4624776] Failed to build match row: Miejski Klub Sportowy Korona Kielce Spółka Akcyjna vs Wisła Płock Spółka Akcyjna
[3602431] Could not find attributes for sergey pesjakov (FK Rostov, 2021)
erikos Syllogos, 2025)
[4665094] Failed to build match row: Volou Neos Podosferikos Syllogos vs Athlitiki Enosi Kifisias
[3602431] Failed to build match row: FK Rostov vs PFK CSKA Moskva
[3588454] Failed to scrape lineup: https://www.transfermarkt.co.uk/bayern-munich_rb-leipzig/index/spielbericht/3588454

Keepers & outfield error for **FC Dallas** in FC Dallas vs Seattle Sounders FC: Numbers: 2 and 9.
[4514435] Failed to build match row: FC Dallas vs Seattle Sounders FC
[4120595] Could not find attributes for yakiv kinareykin (SC Dnipro-1, 2023)
[4120595] Failed to build match row: SC Dnipro-1 vs FK Obolon Kyiv
Not enough players found for lineup: 0, 0.
[4424484] Failed to scrape lineup: https://www.transfermarkt.co.uk/spielbericht/index/spielbericht/4424484

Keepers & outfield error for **Futebol Clube de Famalicão** in Futebol Clube de Famalicão vs Vitória Sport Clube: Numbers: 0 and 11.
[3869235] Failed to build match row: Futebol Clube de Famalicão vs Vitória Sport Clube
[3426697] Could not find attributes for marvin bakalorz (Denizlispor, 2020)
[3426697] Failed to build match row: Denizlispor vs Konyaspor
[3415329] Could not find attributes for xadas (Royal Excel Mouscron (-2022), 2020)
Not enough players found for lineup: 11, 0.
[3415329] Failed to build match row: Royal Excel Mouscron (-2022) vs St Truiden
[4168268] Failed to scrape lineup: https://www.transfermarkt.co.uk/spielbericht/index/spielbericht/4168268
[4375420] Could not find attributes for morten munk (Görslev IF, 2024)
[4375420] Failed to build match row: Görslev IF vs Sundby Boldklub
[4129695] Failed to scrape lineup: https://www.transfermarkt.co.uk/istanbulspor_kasimpasa/index/spielbericht/4129695
[4587252] Failed to scrape lineup: https://www.transfermarkt.co.uk/vancouver-whitecaps-fc_fc-dallas/index/spielbericht/4587252
[4395334] Could not find attributes for damjan djokovic (Fotbal Club CFR 1907 Cluj SA, 2024)
[4395334] Failed to build match row: Fotbal Club CFR 1907 Cluj SA vs Asociația Fotbal Club Hermannstadt

Keepers & outfield error for **Al-Shabab Club** in Al-Shabab Club vs Neom Sports Club: Numbers: 0 and 11.
[4709399] Failed to build match row: Al-Shabab Club vs Neom Sports Club
[3925977] Failed to scrape lineup: https://www.transfermarkt.co.uk/ural-yekaterinburg_fakel-voronezh/index/spielbericht/3925977
[4363298] Failed to scrape lineup: https://www.transfermarkt.co.uk/bohemians-prague-1905_fk-jablonec/index/spielbericht/4363298
[3461745] Failed to scrape lineup: https://www.transfermarkt.co.uk/spielbericht/index/spielbericht/3461745
[3838469] Failed to build match row: Hrvatski Nogometni Klub Rijeka vs Djurgårdens Idrottsförening
[4529940] Failed to scrape lineup: https://www.transfermarkt.co.uk/jeonbuk-hyundai-motors_suwon-fc/index/spielbericht/4529940
[4103782] Failed to scrape lineup: https://www.transfermarkt.co.uk/atalanta-bc_hellas-verona/index/spielbericht/4103782

Keepers & outfield error for **Futbol Club Barcelona** in Futbol Club Barcelona vs Club Atlético de Madrid S.A.D.: Numbers: 0 and 11.
[4407681] Failed to build match row: Futbol Club Barcelona vs Club Atlético de Madrid S.A.D.
[4794674] Failed to scrape lineup: https://www.transfermarkt.co.uk/kfum-kameratene-oslo_sandefjord-fotball/index/spielbericht/4794674
[4635172] Could not find attributes for yvon mvogo (Football Club Lorient-Bretagne Sud, 2025)
[4635172] Failed to build match row: Rennes vs Football Club Lorient-Bretagne Sud
[4367801] Could not find attributes for thom haye (Almere City FC, 2024)
[4367801] Failed to build match row: Almere City FC vs Football Club Twente
[4641542] Failed to scrape lineup: https://www.transfermarkt.co.uk/feyenoord-rotterdam_excelsior-rotterdam/index/spielbericht/4641542
[4624777] Could not find attributes for matej rodin (Klub Sportowy Lechia Gdańsk, 2025)
[4624777] Failed to build match row: Klub Sportowy Lechia Gdańsk vs Klub Sportowy Górnik Zabrze Sportowa Spółka Akcyjna
[3602432] Could not find attributes for stanislav agkatsev (FK Krasnodar, 2021)
[3602432] Failed to build match row: FK Krasnodar vs Arsenal Tula
[3889663] Could not find attributes for darijan zarkov (Gzira United FC, 2022)
[3889663] Failed to build match row: RZ Pellets Wolfsberger Athletiksport Club vs Gzira United FC
[4120596] Could not find attributes for mykyta turbayevskyi (FC Zorya Lugansk, 2023)
[4587933] Could not find attributes for zisis karachalios (Omilos Filathlon Irakliou FC, 2024)

Keepers & outfield error for **Al-Hilal Saudi Football Club** in Al-Hilal Saudi Football Club vs Al-Nassr Football Club: Numbers: 0 and 11.
[4120596] Failed to build match row: FC Zorya Lugansk vs FC Oleksandriya
[4587933] Failed to build match row: Omilos Filathlon Irakliou FC vs Olympiakos Syndesmos Filathlon Peiraios
[4709400] Failed to build match row: Al-Hilal Saudi Football Club vs Al-Nassr Football Club
Not enough players found for lineup: 0, 0.
[4424486] Failed to scrape lineup: https://www.transfermarkt.co.uk/spielbericht/index/spielbericht/4424486
[4665095] Could not find attributes for kresimir krizmanic (Omilos Filathlon Irakliou FC, 2025)
[4665095] Failed to build match row: Olympiakos Syndesmos Filathlon Peiraios vs Omilos Filathlon Irakliou FC

Keepers & outfield error for **Real Salt Lake** in Nashville SC vs Real Salt Lake: Numbers: 0 and 11.
[4514436] Failed to build match row: Nashville SC vs Real Salt Lake
Not enough players found for lineup: 0, 11.
[4168333] Failed to scrape lineup: https://www.transfermarkt.co.uk/spielbericht/index/spielbericht/4168333
[4648972] Failed to scrape lineup: https://www.transfermarkt.co.uk/fcv-farul-constanta_fc-metaloglobus-bucharest/index/spielbericht/4648972
[4794675] Could not find attributes for lubomir belko (Viking Fotballklubb, 2025)
[4794675] Failed to build match row: Viking Fotballklubb vs Rosenborg Ballklub
[3648395] Could not find attributes for andre krul (VV Katwijk, 2021)
[3648395] Failed to build match row: VV Katwijk vs Harkemase Boys
Not enough players found for lineup: 0, 11.
[4646214] Could not find attributes for oleksandr kemkin (FK Kryvbas Kryvyi Rig, 2025)
[4375421] Failed to scrape lineup: https://www.transfermarkt.co.uk/spielbericht/index/spielbericht/4375421
[4646214] Failed to build match row: FK Kryvbas Kryvyi Rig vs FC Zorya Lugansk
[3612837] Failed to scrape lineup: https://www.transfermarkt.co.uk/antalyaspor_goztepe/index/spielbericht/3612837

Keepers & outfield error for **Galatasaray Spor Kulübü** in Berner Sport Club Young Boys vs Galatasaray Spor Kulübü: Numbers: 2 and 9.
[4424773] Failed to build match row: Berner Sport Club Young Boys vs Galatasaray Spor Kulübü
[4367802] Could not find attributes for in beom hwang (Feyenoord Rotterdam, 2024)
[3450578] Failed to scrape lineup: https://www.transfermarkt.co.uk/fc-groningen_rkc-waalwijk/index/spielbericht/3450578
[4367802] Failed to build match row: Feyenoord Rotterdam vs Nooit Opgeven Altijd Doorzetten Aangenaam Door Vermaak En Nuttig Door Ontspanning Combinatie Breda

Keepers & outfield error for **Nooit Opgeven Altijd Doorzetten Aangenaam Door Vermaak En Nuttig Door Ontspanning Combinatie Breda** in Go Ahead Eagles vs Nooit Opgeven Altijd Doorzetten Aangenaam Door Vermaak En Nuttig Door Ontspanning Combinatie Breda: Numbers: 2 and 9.
[4641543] Failed to build match row: Go Ahead Eagles vs Nooit Opgeven Altijd Doorzetten Aangenaam Door Vermaak En Nuttig Door Ontspanning Combinatie Breda
[4360889] Could not find attributes for dimitrios keramitsis (Morski Klub Sportowy Pogoń Szczecin, 2024)
[4360889] Failed to build match row: Motor Lublin Spółka Akcyjna vs Morski Klub Sportowy Pogoń Szczecin
[3705073] Could not find attributes for scott taggart (Alloa Athletic FC, 2021)
[3889664] Could not find attributes for kostadin zahov (Shkendija Tetovo, 2022)
[3588456] Could not find attributes for jetro willems (SpVgg Greuther Fürth, 2021)
[3705073] Failed to build match row: Alloa Athletic FC vs The Celtic Football Club
[3889664] Failed to build match row: Allmänna Idrottsklubben vs Shkendija Tetovo
[3588456] Failed to build match row: Verein für Leibesübungen Wolfsburg vs SpVgg Greuther Fürth
[4665096] Could not find attributes for francisco tinaglini (Panserraikos Serres, 2025)
[4665096] Failed to build match row: Panserraikos Serres vs Panetolikos Agrinio
[4626782] Failed to scrape lineup: https://www.transfermarkt.co.uk/spielbericht/index/spielbericht/4626782
Not enough players found for lineup: 11, 0.
[3616438] Could not find attributes for kire ristevski (AEL Limassol, 2021)
[3602433] Could not find attributes for ze luis (Футбольный клуб "Локомотив" Москва, 2021)
[4447650] Failed to scrape lineup: https://www.transfermarkt.co.uk/spielbericht/index/spielbericht/4447650
[3602433] Failed to build match row: Футбольный клуб "Локомотив" Москва vs AO FK Zenit Sankt-Peterburg
[3616438] Failed to build match row: AEL Limassol vs KF Vllaznia
[3838470] Could not find attributes for gjoko zajkov (Vorskla Poltava, 2022)
[3426698] Failed to scrape lineup: https://www.transfermarkt.co.uk/besiktas-jk_genclerbirligi-ankara/index/spielbericht/3426698
[3852581] Could not find attributes for oguzhan ozyakup (Fortuna Sittardia Combinatie, 2022)
[3838470] Failed to build match row: Allmänna Idrottsklubben vs Vorskla Poltava
[3852581] Failed to build match row: Vitesse Arnhem vs Fortuna Sittardia Combinatie
[4635174] Could not find attributes for kenny quetant (Le Havre Athletic Club, 2025)
[4635174] Failed to build match row: Le Havre Athletic Club vs Association sportive de Monaco Football Club
[4129696] Failed to scrape lineup: https://www.transfermarkt.co.uk/sivasspor_alanyaspor/index/spielbericht/4129696
[3500136] Could not find attributes for paul leask (Fraserburgh FC, 2020)
[4395335] Failed to scrape lineup: https://www.transfermarkt.co.uk/universitatea-craiova_fc-universitatea-cluj/index/spielbericht/4395335
[3925978] Failed to scrape lineup: https://www.transfermarkt.co.uk/krylya-sovetov-samara_fc-rostov/index/spielbericht/3925978
[3500136] Failed to build match row: Fraserburgh FC vs Banks O' Dee FC
[4810891] Could not find attributes for reinaldo (Mirasol Futebol Clube, 2025)
index/spielbericht/3461746
[4103783] Failed to scrape lineup: https://www.transfermarkt.co.uk/bologna-fc-1909_ac-monza/index/spielbericht/4103783
[4363299] Failed to scrape lineup: https://www.transfermarkt.co.uk/ac-sparta-prague_1-fc-slovacko/index/spielbericht/4363299
[4646215] Could not find attributes for denys marchenko (FK Obolon Kyiv, 2025)

Keepers & outfield error for **Galatasaray Spor Kulübü** in Galatasaray Spor Kulübü vs Berner Sport Club Young Boys: Numbers: 2 and 9.
[4646215] Failed to build match row: FK Obolon Kyiv vs FC Rukh Lviv
[4424774] Failed to build match row: Galatasaray Spor Kulübü vs Berner Sport Club Young Boys
[4367803] Could not find attributes for matteo dams (Eindhovense Voetbalvereniging Philips Sport Vereniging, 2024)
[4367803] Failed to build match row: Fortuna Sittardia Combinatie vs Eindhovense Voetbalvereniging Philips Sport Vereniging
[4094770] Failed to scrape lineup: https://www.transfermarkt.co.uk/losc-lille_le-havre-ac/index/spielbericht/4094770
[4407682] Failed to scrape lineup: https://www.transfermarkt.co.uk/valencia-cf_deportivo-alaves/index/spielbericht/4407682
[3432126] Failed to scrape lineup: https://www.transfermarkt.co.uk/sc-braga_b-sad/index/spielbericht/3432126
Not enough players found for lineup: 0, 0.
[4449617] Failed to scrape lineup: https://www.transfermarkt.co.uk/spielbericht/index/spielbericht/4449617
[4129697] Could not find attributes for jakub slowik (Konyaspor, 2023)
[4129697] Failed to build match row: Konyaspor vs Adana Demirspor
[4227828] Could not find attributes for borja granero (CD Castellón, 2023)
[4227828] Failed to build match row: CD Castellón vs Real Oviedo S.A.D.
[4530476] Could not find attributes for kosei tani (Zelvia, 2024)
[4530476] Failed to build match row: Zelvia vs Nagoya Grampus Eight
[4588078] Failed to scrape lineup: https://www.transfermarkt.co.uk/spielbericht/index/spielbericht/4588078
[4370262] Failed to scrape lineup: https://www.transfermarkt.co.uk/union-saint-gilloise_royal-antwerp-fc/index/spielbericht/4370262
[4709401] Failed to scrape lineup: https://www.transfermarkt.co.uk/al-ahli-sfc_al-taawoun-fc/index/spielbericht/4709401
[4635175] Could not find attributes for tylel tati (Football Club de Nantes, 2025)
[4635175] Failed to build match row: Football Club de Nantes vs Olympique Gymnaste Club Nice Côte d'Azur
[4514437] Failed to scrape lineup: https://www.transfermarkt.co.uk/colorado-rapids_san-diego-fc/index/spielbericht/4514437
[4626785] Could not find attributes for liridon berisha (FC Vaduz, 2025)
[4395336] Could not find attributes for kouya mabea (Asociația Fotbal Club UTA Arad, 2024)

Keepers & outfield error for **Genoa Cricket and Football Club** in Associazione Calcio Fiorentina vs Genoa Cricket and Football Club: Numbers: 0 and 11.
[4170421] Failed to scrape lineup: https://www.transfermarkt.co.uk/spielbericht/index/spielbericht/4170421
[4727294] Failed to scrape lineup: https://www.transfermarkt.co.uk/brisbane-roar_melbourne-victory/index/spielbericht/4727294
[4395336] Failed to build match row: ACSM Politehnica Iasi vs Asociația Fotbal Club UTA Arad
[4103784] Failed to build match row: Associazione Calcio Fiorentina vs Genoa Cricket and Football Club
[3592308] Failed to scrape lineup: https://www.transfermarkt.co.uk/manchester-united_wolverhampton-wanderers/index/spielbericht/3592308
[3889666] Failed to scrape lineup: https://www.transfermarkt.co.uk/spielbericht/index/spielbericht/3889666
[3648396] Failed to scrape lineup: https://www.transfermarkt.co.uk/spielbericht/index/spielbericht/3648396
[4360890] Failed to scrape lineup: https://www.transfermarkt.co.uk/puszcza-niepolomice_lech-poznan/index/spielbericht/4360890
[3450579] Failed to scrape lineup: https://www.transfermarkt.co.uk/ado-den-haag_fc-groningen/index/spielbericht/3450579
[3840410] Failed to scrape lineup: https://www.transfermarkt.co.uk/ogc-nice_stade-rennais-fc/index/spielbericht/3840410
[3705075] Failed to scrape lineup: https://www.transfermarkt.co.uk/spielbericht/index/spielbericht/3705075
[4641544] Failed to scrape lineup: https://www.transfermarkt.co.uk/pec-zwolle_fc-groningen/index/spielbericht/4641544
[4120597] Could not find attributes for oleksiy shevchenko (Chornomorets Odesa, 2023)
[3415331] Failed to scrape lineup: https://www.transfermarkt.co.uk/r-charleroi-sc_cercle-brugge/index/spielbericht/3415331
[3588457] Failed to scrape lineup: https://www.transfermarkt.co.uk/vfb-stuttgart_eintracht-frankfurt/index/spielbericht/3588457
[4120597] Failed to build match row: Chornomorets Odesa vs Futbolniy Klub Dynamo Kyiv
[4624779] Failed to scrape lineup: https://www.transfermarkt.co.uk/pogon-szczecin_radomiak-radom/index/spielbericht/4624779
[4129698] Could not find attributes for salvatore sirigu (Fatih Karagümrük Sportif Faaliyetler San. Tic. A.Ş., 2023)
[3432127] Could not find attributes for malang sarr (Futebol Clube do Porto, 2020)
[4097920] Failed to scrape lineup: https://www.transfermarkt.co.uk/sc-heerenveen_rkc-waalwijk/index/spielbericht/4097920
[4665097] Failed to scrape lineup: https://www.transfermarkt.co.uk/paok-thessaloniki_aris-thessaloniki/index/spielbericht/4665097
[3432127] Failed to build match row: Futebol Clube do Porto vs Clube Desportivo de Tondela
[4129698] Failed to build match row: Trabzonspor Kulübü vs Fatih Karagümrük Sportif Faaliyetler San. Tic. A.Ş.
[4588125] Could not find attributes for danylo kanevtsev (Bukovyna Chernivtsi, 2024)
[3616439] Failed to scrape lineup: https://www.transfermarkt.co.uk/spielbericht/index/spielbericht/3616439
[4514439] Could not find attributes for blake gillingham (Houston Dynamo, 2024)
[4588125] Failed to build match row: Bukovyna Chernivtsi vs Futbolniy Klub Dynamo Kyiv
[3426830] Failed to scrape lineup: https://www.transfermarkt.co.uk/hatayspor_buyuksehir-belediye-erzurumspor/index/spielbericht/3426830
[3838471] Failed to scrape lineup: https://www.transfermarkt.co.uk/spielbericht/index/spielbericht/3838471
[3869236] Could not find attributes for paulinho (CS Marítimo, 2022)
[4375422] Could not find attributes for nana opoku (Karlslunde IF, 2024)
[4514439] Failed to build match row: Los Angeles Galaxy vs Houston Dynamo
[3869236] Failed to build match row: CS Marítimo vs FC Paços de Ferreira
[4794676] Could not find attributes for simen vidtun nilsen (Sportsklubben Brann, 2025)
[4375422] Failed to build match row: Karlslunde IF vs Boldklubben af 1893
[4709402] Could not find attributes for nacho fernandez (Al-Qadsiah Saudi Football Club, 2025)
[4794676] Failed to build match row: Sportsklubben Brann vs Fredrikstad Fotballklubb
[4709402] Failed to build match row: Al-Qadsiah Saudi Football Club vs Al-Fayha FC
[3602434] Could not find attributes for giorgiy shelia (RFK Akhmat Grozny, 2021)

Keepers & outfield error for **Villarreal Club de Fútbol S.A.D.** in Athletic Club Bilbao vs Villarreal Club de Fútbol S.A.D.: Numbers: 0 and 11.
[3925979] Failed to scrape lineup: https://www.transfermarkt.co.uk/torpedo-moskau_zenit-st-petersburg/index/spielbericht/3925979
[3602434] Failed to build match row: RFK Akhmat Grozny vs FK Dinamo Moskva
[4646216] Failed to build match row: SK Poltava vs FK Kudrivka-1
rreal Club de Fútbol S.A.D.
[3852582] Could not find attributes for naoki maeda (Football Club Utrecht, 2022)
[3500137] Failed to scrape lineup: https://www.transfermarkt.co.uk/spielbericht/index/spielbericht/3500137
[3852582] Failed to build match row: Football Club Utrecht vs Alkmaar Zaanstreek
[4727295] Could not find attributes for ramy najjarine (Wellington Phoenix Football Club, 2025)
[4727295] Failed to build match row: Wellington Phoenix Football Club vs Adelaide United Football Club
[4363300] Failed to scrape lineup: https://www.transfermarkt.co.uk/fc-slovan-liberec_fc-viktoria-plzen/index/spielbericht/4363300
[4648974] Failed to scrape lineup: https://www.transfermarkt.co.uk/afc-unirea-04-slobozia_sc-otelul-galati/index/spielbericht/4648974
[4367804] Failed to scrape lineup: https://www.transfermarkt.co.uk/nec-nijmegen_pec-zwolle/index/spielbericht/4367804
[4360891] Could not find attributes for michal kaput (Radomiak S.A., 2024)
[4360891] Failed to build match row: Radomiak S.A. vs Gliwicki Klub Sportowy Piast Spółka Akcyjna
[3705077] Could not find attributes for aidan mcadams (Ayr United FC, 2021)
[3705077] Failed to build match row: Ayr United FC vs Saint Mirren Football Club
[4530479] Could not find attributes for akinori ichikawa (Yokohama FC, 2024)
[4530479] Failed to build match row: Yokohama FC vs Kyoto Purple Sanga
[4641545] Could not find attributes for deveron fonville (Nijmegen Eendracht Combinatie, 2025)
[3889667] Could not find attributes for anton ari einarsson (Breidablik Kópavogur, 2022)
[4641545] Failed to build match row: Eindhovense Voetbalvereniging Philips Sport Vereniging vs Nijmegen Eendracht Combinatie
[3889667] Failed to build match row: Breidablik Kópavogur vs İstanbul Başakşehir Futbol Kulübü
[4665098] Could not find attributes for petros mantalos (Athlitiki Enosi Konstantinoupoleos, 2025)

Keepers & outfield error for **Futebol Clube do Porto** in Rio Ave Futebol Clube vs Futebol Clube do Porto: Numbers: 3 and 8.
[3925980] Could not find attributes for daniil khudyakov (Футбольный клуб "Локомотив" Москва, 2022)
[4665098] Failed to build match row: Athlitiki Enosi Konstantinoupoleos vs Aris Thessalonikis
[4624780] Could not find attributes for jesse bosch (GKS GieKSa Katowice Spółka Akcyjna, 2025)
[3616440] Could not find attributes for kristijan naumovski (FC Shkupi, 2021)
[3925980] Failed to build match row: Футбольный клуб "Локомотив" Москва vs FK Spartak Moskva
[3432128] Failed to build match row: Rio Ave Futebol Clube vs Futebol Clube do Porto
[4120598] Could not find attributes for dmytro ledviy (FC Rukh Lviv, 2023)
[4624780] Failed to build match row: RKS Raków Częstochowa SA vs GKS GieKSa Katowice Spółka Akcyjna
[3616440] Failed to build match row: FC Shkupi vs Clube Desportivo Santa Clara
[4120598] Failed to build match row: FC Rukh Lviv vs FK Kolos Kovalivka
[4588126] Could not find attributes for oleg kudryk (FK Polissya Zhytomyr, 2024)
[3426831] Could not find attributes for yassine meriah (Çaykur Rizespor Kulübü, 2020)
[3426831] Failed to build match row: Çaykur Rizespor Kulübü vs MKE Ankaragücü
[4588126] Failed to build match row: FK Polissya Zhytomyr vs FC Shakhtar Donetsk
[4170422] Could not find attributes for georgios vlachavas (GAS Ialysos 1948, 2023)
[4363301] Could not find attributes for tadeas stoppen (SK Sigma Olomouc, a.s., 2024)
[4396230] Could not find attributes for vladimir ageev (Anri Vladivostok, 2024)
[3602435] Could not find attributes for soslan dzhanaev (FK Sochi, 2021)
[4170422] Failed to build match row: GAS Ialysos 1948 vs Ethnikos Piraeus

Keepers & outfield error for **FC Emmen** in FC Emmen vs Football Club Volendam: Numbers: 0 and 11.
[4396230] Failed to build match row: Anri Vladivostok vs Dinamo Vladivostok
[4363301] Failed to build match row: SK Sigma Olomouc, a.s. vs FC Baník Ostrava a.s.

Keepers & outfield error for **Sevilla Fútbol Club S.A.D.** in Club Atlético de Madrid S.A.D. vs Sevilla Fútbol Club S.A.D.: Numbers: 0 and 11.
[3450580] Could not find attributes for enzo cornelisse (Vitesse Arnhem, 2020)
[3500138] Could not find attributes for greg simpson (Keith FC, 2020)
[3852583] Failed to build match row: FC Emmen vs Football Club Volendam
[4227829] Could not find attributes for jeremie gnali (UD Melilla, 2023)
[3500138] Failed to build match row: Keith FC vs Clyde FC
[4375423] Could not find attributes for andreas fischer (Ringsted IF, 2024)
[4626786] Could not find attributes for steinthor mar audunsson (KA Akureyri, 2025)
[3450580] Failed to build match row: Vitesse Arnhem vs Fortuna Sittardia Combinatie
[4407685] Failed to build match row: Club Atlético de Madrid S.A.D. vs Sevilla Fútbol Club S.A.D.
[3705078] Could not find attributes for fraser hobday (Banks O' Dee FC, 2021)
[4425081] Could not find attributes for tomislav mrcela (Perth Glory Football Club, 2024)
[4626786] Failed to build match row: Silkeborg Idrætsforening vs KA Akureyri
[4227829] Failed to build match row: UD Melilla vs SD Eibar
[4375423] Failed to build match row: Ringsted IF vs Brönshöj Boldklub
[4425081] Failed to build match row: Perth Glory Football Club vs Macarthur South West Sydney (A-League)
[4360892] Could not find attributes for petros bagkalianis (Stal Mielec, 2024)
[3705078] Failed to build match row: Banks O' Dee FC vs Raith Rovers FC
[4360892] Failed to build match row: RKS Raków Częstochowa SA vs Stal Mielec
Not enough players found for lineup: 0, 0.
[4641546] Could not find attributes for ringo meerveld (Sportclub Heerenveen, 2025)
[3648397] Failed to scrape lineup: https://www.transfermarkt.co.uk/spielbericht/index/spielbericht/3648397
[4641546] Failed to build match row: Sportclub Heerenveen vs Sportclub Telstar

Keepers & outfield error for **Sporting Clube de Braga** in Sporting Clube de Braga vs Gil Vicente Futebol Clube: Numbers: 0 and 11.
[4094772] Could not find attributes for nampalys mendy (Racing Club de Lens, 2023)
[4129699] Could not find attributes for hamza gureler (İstanbul Başakşehir Futbol Kulübü, 2023)
[4129699] Failed to build match row: İstanbul Başakşehir Futbol Kulübü vs Antalyaspor
[4646217] Could not find attributes for nazar domchak (FK Karpaty Lviv, 2025)
[4094772] Failed to build match row: Stade Reims vs Racing Club de Lens
[3869237] Failed to build match row: Sporting Clube de Braga vs Gil Vicente Futebol Clube
[4810892] Could not find attributes for yannick bolasie (Associação Chapecoense de Futebol, 2025)
[4103786] Could not find attributes for christos mandas (Società Sportiva Lazio S.p.A., 2023)
[4810892] Failed to build match row: Cruzeiro Esporte Clube vs Associação Chapecoense de Futebol
[3925981] Could not find attributes for aleksey kenyaykin (FC Orenburg, 2022)
[4646217] Failed to build match row: FK Karpaty Lviv vs FK Kolos Kovalivka
[4103786] Failed to build match row: Società Sportiva Lazio S.p.A. vs US Salernitana 1919
[3925981] Failed to build match row: FC Orenburg vs FK Krasnodar
[4727296] Could not find attributes for besian kutleshi (Melbourne City Football Club, 2025)
[3415334] Could not find attributes for nordin jackers (SK Beveren, 2020)
[3415334] Failed to build match row: SK Beveren vs Koninklijke Atletiek Associatie Gent
[4727296] Failed to build match row: Central Coast Mariners Football Club vs Melbourne City Football Club
[4665099] Could not find attributes for issiaga sylla (A.G.S Asteras Tripolis, 2025)
[3616441] Could not find attributes for johannes vall (Valur Reykjavík, 2021)
[4120599] Could not find attributes for andriy klishchuk (FK Kryvbas Kryvyi Rig, 2023)
[4665099] Failed to build match row: A.G.S Asteras Tripolis vs Panetolikos Agrinio
[4120599] Failed to build match row: FK Kryvbas Kryvyi Rig vs FC Shakhtar Donetsk
[3616441] Failed to build match row: Valur Reykjavík vs Fotballklubben Bodø/Glimt
[4170605] Could not find attributes for bogdan kogut (NK Veres Rivne, 2023)
[4170605] Failed to build match row: NK Veres Rivne vs FC Shakhtar Donetsk
[3838485] Could not find attributes for hidajet hankic (Botev Plovdiv, 2022)
[4396231] Could not find attributes for nikolay zirikov (Broke Boys Moscow, 2024)
[3612841] Could not find attributes for mohammad naderi (Altay SK, 2021)
[3838485] Failed to build match row: APOEL Nicosia vs Botev Plovdiv
[4396231] Failed to build match row: Broke Boys Moscow vs Kvant Obninsk
[3612841] Failed to build match row: Altay SK vs Kayserispor Kulübü
[4514444] Could not find attributes for isaiah parente (Los Angeles Galaxy, 2024)
[4514444] Failed to build match row: Austin FC vs Los Angeles Galaxy
[3602436] Could not find attributes for silvije begic (FC Rubin Kazan, 2021)
[3461749] Could not find attributes for fedor smolov (Футбольный клуб "Локомотив" Москва, 2020)
[3461749] Failed to build match row: Футбольный клуб "Локомотив" Москва vs Club Atlético de Madrid S.A.D.
[3602436] Failed to build match row: FC Rubin Kazan vs PFK Krylya Sovetov Samara
[3705080] Could not find attributes for jamie donnelly (Clydebank FC, 2021)
[4641547] Could not find attributes for kasper boogaard (Alkmaar Zaanstreek, 2025)
[4129700] Could not find attributes for florin nita (Gaziantep Futbol Kulübü A.Ş., 2023)
[4530480] Could not find attributes for kota sanada (Shonan Bellmare, 2024)
[4129700] Failed to build match row: Gaziantep Futbol Kulübü A.Ş. vs Beşiktaş Jimnastik Kulübü
Not enough players found for lineup: 0, 0.
 Zaanstreek vs AFC Ajax Amsterdam
[3705080] Failed to build match row: Clydebank FC vs Annan Athletic FC
[4530480] Failed to build match row: Shonan Bellmare vs S-Pulse
[3648398] Failed to scrape lineup: https://www.transfermarkt.co.uk/spielbericht/index/spielbericht/3648398
[4794677] Could not find attributes for lars ranger (Lillestrøm Sportsklubb, 2025)
[3500139] Failed to build match row: Kelty Hearts FC vs Stranraer FC

Keepers & outfield error for **Inverness Caledonian Thistle FC** in Livingston Football Club vs Inverness Caledonian Thistle FC: Numbers: 0 and 11.
[4017961] Failed to build match row: Livingston Football Club vs Inverness Caledonian Thistle FC
[4794677] Failed to build match row: Lillestrøm Sportsklubb vs Sarpsborg 08 Fotballforening
[4626787] Failed to scrape lineup: https://www.transfermarkt.co.uk/spielbericht/index/spielbericht/4626787
[4363302] Could not find attributes for vaclav jindra (FK Pardubice, 2024)

Keepers & outfield error for **FC Empoli** in Unione Sportiva Lecce vs FC Empoli: Numbers: 2 and 9.
[4635179] Could not find attributes for senny mayulu (Paris Saint-Germain Football Club, 2025)
[4665100] Could not find attributes for nikolaos melissas (Athlitiki Enosi Larisas, 2025)
[4363302] Failed to build match row: SK Slavia Praha, a.s. vs FK Pardubice
[3889678] Could not find attributes for mattias lamhauge (B36 Tórshavn, 2022)
[4635179] Failed to build match row: Racing Club de Strasbourg Alsace vs Paris Saint-Germain Football Club
[3869238] Could not find attributes for andre pereira (Rio Ave Futebol Clube, 2022)
[3616442] Could not find attributes for azbe jug (NK Maribor, 2021)
[3889678] Failed to build match row: Viborg Fodsports Forening vs B36 Tórshavn
[4665100] Failed to build match row: Athlitiki Enosi Larisas vs Omilos Filathlon Irakliou FC
[3869238] Failed to build match row: Rio Ave Futebol Clube vs Casa Pia Atlético Clube
[3616442] Failed to build match row: NK Maribor vs Hammarby IF
[3612842] Could not find attributes for munir el kajoui (Hatayspor, 2021)
[3415335] Could not find attributes for anthony musaba (Cercle Brugge Koninklijke Sportvereniging, 2020)
[3925982] Could not find attributes for ilya lantratov (FC Khimki (-2025), 2022)
[4624782] Could not find attributes for mateusz klich (Klub Sportowy Cracovia Spółka Akcyjna, 2025)
[4727297] Could not find attributes for marcel tisserand (Sydney Football Club, 2025)
[3612842] Failed to build match row: Hatayspor vs Kasımpaşa A.Ş.
[3925982] Failed to build match row: FC Khimki (-2025) vs FK Sochi
[3415335] Failed to build match row: Cercle Brugge Koninklijke Sportvereniging vs Sportvereniging Zulte Waregem
[4624782] Failed to build match row: Termalica Bruk-Bet Nieciecza Klub Sportowy vs Klub Sportowy Cracovia Spółka Akcyjna
[4727297] Failed to build match row: Western Sydney Wanderers vs Sydney Football Club
[3450581] Could not find attributes for armando broja (Vitesse Arnhem, 2020)
[3450581] Failed to build match row: Vitesse Arnhem vs FC Emmen
[4514445] Could not find attributes for darlington nagbe (Columbus Crew, 2024)
[4514445] Failed to build match row: Columbus Crew vs Club Internacional de Fútbol Miami
[3602437] Could not find attributes for artur nigmatullin (FK Nizhny Novgorod, 2021)
[3602437] Failed to build match row: FK Nizhny Novgorod vs FK Ufa
[3432130] Could not find attributes for naoufel khacef (Clube Desportivo de Tondela, 2020)
[3432130] Failed to build match row: Clube Desportivo de Tondela vs Portimonense SC
[3461750] Could not find attributes for zlatko junuzovic (Fußballclub Red Bull Salzburg, 2020)

Keepers & outfield error for **Paris Saint-Germain Football Club** in ESTAC Troyes vs Paris Saint-Germain Football Club: Numbers: 2 and 9.
[3840414] Failed to build match row: ESTAC Troyes vs Paris Saint-Germain Football Club
[3461750] Failed to build match row: Fußballclub Red Bull Salzburg vs FC Bayern München
[4370263] Could not find attributes for rob schoofs (Yellow-Red Koninklijke Voetbalclub Mechelen, 2024)
[4425082] Could not find attributes for kazuki nagasawa (Wellington Phoenix Football Club, 2024)
[4425082] Failed to build match row: Wellington Phoenix Football Club vs Newcastle United Jets Football Club
[3852585] Could not find attributes for remko pasveer (AFC Ajax Amsterdam, 2022)
[4370263] Failed to build match row: KV Kortrijk vs Yellow-Red Koninklijke Voetbalclub Mechelen
[3852585] Failed to build match row: AFC Ajax Amsterdam vs Excelsior Rotterdam
[4646218] Could not find attributes for prosper obah (FC Shakhtar Donetsk, 2025)
[4646218] Failed to build match row: FC Shakhtar Donetsk vs NK Veres Rivne
[3426833] Could not find attributes for francois moubandje (Alanyaspor, 2020)
[3426833] Failed to build match row: Galatasaray Spor Kulübü vs Alanyaspor
[4794678] Could not find attributes for julius mar juliusson (Kristiansund Ballklubb, 2025)
[4794678] Failed to build match row: Kristiansund Ballklubb vs Hamarkameratene
[4360893] Could not find attributes for sylvester jasper (Slask Wroclaw, 2024)
[4360893] Failed to build match row: Zagłębie Lubin Spółka Akcyjna vs Slask Wroclaw
[3925983] Could not find attributes for anton shunin (FK Dinamo Moskva, 2022)
[3705083] Could not find attributes for gregor buchanan (Dumbarton FC, 2021)
[3500140] Could not find attributes for fraser dingwall (Nairn County FC, 2020)
[3925983] Failed to build match row: FK Dinamo Moskva vs PFK CSKA Moskva
[3705083] Failed to build match row: Dumbarton FC vs Dundee Football Club
[3500140] Failed to build match row: Nairn County FC vs Montrose FC
[4094774] Could not find attributes for sadibou sane (Football Club de Metz, 2023)
[4094774] Failed to build match row: Montpellier HSC vs Football Club de Metz
[4396232] Could not find attributes for danil subbotin (SSh Leningradets, 2024)
[4017962] Could not find attributes for jamie sneddon (Partick Thistle FC, 2022)
[4396232] Failed to build match row: SSh Leningradets vs Dinamo St. Petersburg
[4665101] Could not find attributes for marios siampanis (Volou Neos Podosferikos Syllogos, 2025)
[4665101] Failed to build match row: Volou Neos Podosferikos Syllogos vs APO Levadiakos Football Club
[4017962] Failed to build match row: Rangers Football Club vs Partick Thistle FC
[4103788] Could not find attributes for nadir zortea (Frosinone Calcio, 2023)
[4103788] Failed to build match row: Società Sportiva Calcio Napoli vs Frosinone Calcio
[4727298] Could not find attributes for xavier bertoncello (Newcastle United Jets Football Club, 2025)
[4514447] Could not find attributes for gennadiy synchuk (Club de Foot Montréal, 2024)
[4514447] Failed to build match row: Club de Foot Montréal vs Orlando City Soccer Club
[3889742] Could not find attributes for josip condric (HSK Zrinjski Mostar, 2022)
[4727298] Failed to build match row: Auckland Football Club vs Newcastle United Jets Football Club
[4530481] Failed to build match row: Albirex Niigata vs Hitachi Kashiwa Reysol
[4170606] Could not find attributes for igor potimkov (TOV FK Metalist 1925 Kharkiv, 2023)
[3889742] Failed to build match row: HSK Zrinjski Mostar vs Tobol Kostanay
[4363303] Failed to scrape lineup: https://www.transfermarkt.co.uk/fk-teplice_fk-mlada-boleslav/index/spielbericht/4363303

Keepers & outfield error for **Nottingham Forest Football Club** in Nottingham Forest Football Club vs Manchester City Football Club: Numbers: 2 and 9.
[4170606] Failed to build match row: TOV FK Metalist 1925 Kharkiv vs Vorskla Poltava
[4595353] Failed to build match row: Nottingham Forest Football Club vs Manchester City Football Club
[3450582] Could not find attributes for jan paul van hecke (Sportclub Heerenveen, 2020)
[3869239] Could not find attributes for ousmane diomande (Sporting Clube de Portugal, 2022)
[3616443] Could not find attributes for dani hatakka (FC Honka, 2021)
[4810893] Could not find attributes for viery (Grêmio Foot-Ball Porto Alegrense, 2025)
[3450582] Failed to build match row: Feyenoord Rotterdam vs Sportclub Heerenveen
[3869239] Failed to build match row: Sporting Clube de Portugal vs Futebol Clube de Arouca
[4375424] Could not find attributes for Simon Sommer (Solröd FC, 2024)
[3432131] Could not find attributes for ruben lameiras (Vitória Sport Clube, 2020)
[3616443] Failed to build match row: FC Honka vs NK Domzale
[4810893] Failed to build match row: Grêmio Foot-Ball Porto Alegrense vs Santos Futebol Clube
[4375424] Failed to build match row: Solröd FC vs FC Nakskov
[4370264] Could not find attributes for loic mbe soh (Beerschot VA, 2024)
[4646219] Could not find attributes for viktor dolgyi (FC Oleksandriya, 2025)
[4227830] Could not find attributes for jon rojo (Unionistas CF, 2023)
[4370264] Failed to build match row: Beerschot VA vs Cercle Brugge Koninklijke Sportvereniging
[3432131] Failed to build match row: Vitória Sport Clube vs Rio Ave Futebol Clube
[3602438] Failed to scrape lineup: https://www.transfermarkt.co.uk/krylya-sovetov-samara_fc-sochi/index/spielbericht/3602438
[4227830] Failed to build match row: Unionistas CF vs Sporting Gijón
[4646219] Failed to build match row: FC Oleksandriya vs FK Kolos Kovalivka
[3596976] Could not find attributes for mikhail kerzhakov (AO FK Zenit Sankt-Peterburg, 2021)
[4641549] Could not find attributes for ringo meerveld (Sportclub Heerenveen, 2025)
[4624783] Could not find attributes for borislav rupanov (Klub Sportowy Górnik Zabrze Sportowa Spółka Akcyjna, 2025)

Keepers & outfield error for **Fatih Karagümrük Sportif Faaliyetler San. Tic. A.Ş.** in Fatih Karagümrük Sportif Faaliyetler San. Tic. A.Ş. vs Kasımpaşa A.Ş.: Numbers: 0 and 11.
[4641549] Failed to build match row: Football Club Twente vs Sportclub Heerenveen
[3596976] Failed to build match row: AO FK Zenit Sankt-Peterburg vs Футбольный клуб "Локомотив" Москва
[3426834] Failed to build match row: Fatih Karagümrük Sportif Faaliyetler San. Tic. A.Ş. vs Kasımpaşa A.Ş.
[4624783] Failed to build match row: Klub Sportowy Górnik Zabrze Sportowa Spółka Akcyjna vs Gliwicki Klub Sportowy Piast Spółka Akcyjna
[3650363] Could not find attributes for nordin amrabat (Athlitiki Enosi Konstantinoupoleos, 2021)
[4794679] Could not find attributes for xander lambrix (Sandefjord Fotball, 2025)
[3650363] Failed to build match row: Athlitiki Enosi Konstantinoupoleos vs Ionikos Nikeas
[4794679] Failed to build match row: Sandefjord Fotball vs Aalesunds Fotballklubb
[4665102] Could not find attributes for lefteris choutesiotis (APS Atromitos Athinon, 2025)
[4665102] Failed to build match row: Olympiakos Syndesmos Filathlon Peiraios vs APS Atromitos Athinon
[3838486] Could not find attributes for salahat agayev (FK Qabala, 2022)
[3838486] Failed to build match row: FK Qabala vs Videoton FC
[4097925] Failed to scrape lineup: https://www.transfermarkt.co.uk/excelsior-rotterdam_ajax-amsterdam/index/spielbericht/4097925
[4727299] Could not find attributes for jaiden kucharski (Perth Glory Football Club, 2025)
[3852586] Failed to scrape lineup: https://www.transfermarkt.co.uk/fortuna-sittard_rkc-waalwijk/index/spielbericht/3852586
[4727299] Failed to build match row: Macarthur South West Sydney (A-League) vs Perth Glory Football Club
[3415337] Could not find attributes for nordin jackers (SK Beveren, 2020)
[4363304] Could not find attributes for milan heca (1. FC Slovácko, 2024)
[4363304] Failed to build match row: 1. FC Slovácko vs FK Jablonec a.s.
[3415337] Failed to build match row: KAS Eupen vs SK Beveren
[4170607] Failed to scrape lineup: https://www.transfermarkt.co.uk/spielbericht/index/spielbericht/4170607
[4407689] Failed to scrape lineup: https://www.transfermarkt.co.uk/cd-leganes_real-sociedad/index/spielbericht/4407689
[4635181] Could not find attributes for yvon mvogo (Football Club Lorient-Bretagne Sud, 2025)
[4635181] Failed to build match row: Football Club Lorient-Bretagne Sud vs Football Club de Nantes
[4514448] Could not find attributes for peyton miller (New England Revolution, 2024)
[4514448] Failed to build match row: New England Revolution vs New York City Football Club
[4370265] Failed to scrape lineup: https://www.transfermarkt.co.uk/oud-heverlee-leuven_rsc-anderlecht/index/spielbericht/4370265
[4396233] Could not find attributes for vladislav ushakov (SShOR-1 Kristall St. Petersburg, 2024)
[4396233] Failed to build match row: SShOR-1 Kristall St. Petersburg vs Zvezda St. Petersburg
[3500141] Could not find attributes for darren brownlie (Partick Thistle FC, 2020)
[4530483] Could not find attributes for junki kanayama (Fagiano Okayama Sports Club, 2024)
[3450583] Could not find attributes for zinedine machach (VVV-Venlo, 2020)
[3500141] Failed to build match row: Partick Thistle FC vs Cowdenbeath FC
[3705085] Could not find attributes for kyle gourlay (Cove Rangers FC, 2021)
[4530483] Failed to build match row: Fagiano Okayama Sports Club vs Urawa Red Diamonds
[3450583] Failed to build match row: VVV-Venlo vs Willem II Tilburg
[3869240] Could not find attributes for kiko bondoso (FC Vizela, 2022)
[3840416] Could not find attributes for maximiliano caufriez (Clermont Foot 63, 2022)
[3426835] Could not find attributes for irfan can egribayat (Göztepe Sportif Yatırımlar A.Ş., 2020)
[3705085] Failed to build match row: Hibernian Football Club vs Cove Rangers FC
[3840416] Failed to build match row: Clermont Foot 63 vs Olympique Lyonnais
[4646220] Could not find attributes for nazar domchak (FK Karpaty Lviv, 2025)
[3869240] Failed to build match row: FC Vizela vs Boavista FC
[4646220] Failed to build match row: FK Karpaty Lviv vs LNZ Cherkasy
[4363305] Could not find attributes for filip cihak (FC Hradec Králové a.s., 2024)
[3426835] Failed to build match row: Göztepe Sportif Yatırımlar A.Ş. vs Fenerbahçe Spor Kulübü
[4624784] Could not find attributes for matej rodin (Klub Sportowy Lechia Gdańsk, 2025)
[4665103] Could not find attributes for francisco tinaglini (Panserraikos Serres, 2025)
[4709404] Failed to scrape lineup: https://www.transfermarkt.co.uk/al-khaleej-fc_al-okhdood-club/index/spielbericht/4709404
[4363305] Failed to build match row: FC Hradec Králové a.s. vs AC Sparta Praha, a. s.
[3616603] Could not find attributes for krisjanis zviedris (FK Liepaja, 2021)
[4665103] Failed to build match row: Panserraikos Serres vs Panathinaikos Athlitikos Omilos
[3616603] Failed to build match row: FK Liepaja vs CSKA-Sofia
[4624784] Failed to build match row: KKS Lech Poznań Spółka Akcyjna vs Klub Sportowy Lechia Gdańsk
[3602439] Could not find attributes for giorgiy shelia (RFK Akhmat Grozny, 2021)

Keepers & outfield error for **Chicago Fire Soccer Club** in Chicago Fire Soccer Club vs Club Internacional de Fútbol Miami: Numbers: 2 and 9.
[4170608] Could not find attributes for danylo varakuta (Chornomorets Odesa, 2023)
[4514450] Could not find attributes for frankie westfield (Philadelphia Union, 2024)
[4595361] Failed to build match row: Chicago Fire Soccer Club vs Club Internacional de Fútbol Miami
[3602439] Failed to build match row: PFK CSKA Moskva vs RFK Akhmat Grozny
[4170608] Failed to build match row: Chornomorets Odesa vs FK Kryvbas Kryvyi Rig
[4514450] Failed to build match row: Philadelphia Union vs Atlanta United Football Club

Keepers & outfield error for **Futbol Club Barcelona** in Real Betis Balompié S.A.D. vs Futbol Club Barcelona: Numbers: 0 and 11.
[4407690] Failed to build match row: Real Betis Balompié S.A.D. vs Futbol Club Barcelona
[4375425] Failed to scrape lineup: https://www.transfermarkt.co.uk/spielbericht/index/spielbericht/4375425

Keepers & outfield error for **Giresunspor** in Kasımpaşa A.Ş. vs Giresunspor: Numbers: 2 and 9.
[3650364] Could not find attributes for lumor agbenyenu (Aris Thessalonikis, 2021)

Keepers & outfield error for **Fotbal Club Metaloglobus București SA** in Fotbal Club Metaloglobus București SA vs SC Dinamo 1948 SA: Numbers: 2 and 9.
[3612844] Failed to build match row: Kasımpaşa A.Ş. vs Giresunspor
[4648980] Failed to build match row: Fotbal Club Metaloglobus București SA vs SC Dinamo 1948 SA
[3838487] Could not find attributes for itamar nitzan (Maccabi Netanya, 2022)
[3650364] Failed to build match row: Aris Thessalonikis vs Omilos Filathlon Irakliou FC
[3461753] Could not find attributes for jose cholevas (Olympiakos Syndesmos Filathlon Peiraios, 2020)
[3838487] Failed to build match row: Maccabi Netanya vs İstanbul Başakşehir Futbol Kulübü
[3461753] Failed to build match row: Manchester City Football Club vs Olympiakos Syndesmos Filathlon Peiraios
[4709405] Could not find attributes for bilal boutobba (Al-Najma Sport Club, 2025)
[4360907] Could not find attributes for bujar pllana (Klub Sportowy Lechia Gdańsk, 2024)
[4709405] Failed to build match row: Al-Najma Sport Club vs Al-Fateh Club
[4360907] Failed to build match row: Miejski Klub Sportowy Korona Kielce Spółka Akcyjna vs Klub Sportowy Lechia Gdańsk
[4363306] Could not find attributes for jakub lapes (MFK Karvina, 2024)
[4363306] Failed to build match row: MFK Karvina vs FK Dukla Praha a.s.
[4646221] Could not find attributes for valentyn gorokh (NK Veres Rivne, 2025)

Keepers & outfield error for **Motherwell Football Club** in Motherwell Football Club vs Greenock Morton FC: Numbers: 0 and 11.
[4646221] Failed to build match row: NK Veres Rivne vs Epicentr Dunaivtsi
s Football Club, 2025)
[4727300] Failed to build match row: Newcastle United Jets Football Club vs Macarthur South West Sydney (A-League)
[3426836] Could not find attributes for lewis baker (Trabzonspor Kulübü, 2020)
[3705086] Failed to build match row: Motherwell Football Club vs Greenock Morton FC
[3426836] Failed to build match row: Trabzonspor Kulübü vs İstanbul Başakşehir Futbol Kulübü
[4227831] Could not find attributes for samu casado (Linares Deportivo, 2023)
[4227831] Failed to build match row: Linares Deportivo vs Elche Club de Fútbol S.A.D.
[3840417] Could not find attributes for kiki kouyate (Montpellier HSC, 2022)
[3840417] Failed to build match row: Montpellier HSC vs Football Club Lorient-Bretagne Sud
[4794680] Could not find attributes for omar jebali (Idrettsklubben Start, 2025)
[4794680] Failed to build match row: Idrettsklubben Start vs Tromsø Idrettslag
[3650365] Could not find attributes for boris kleyman (Volou Neos Podosferikos Syllogos, 2021)
[3650365] Failed to build match row: Volou Neos Podosferikos Syllogos vs PAS Lamia 1964
[4665104] Could not find attributes for soualiho meite (Panthessalonikios Athlitikos Omilos Konstantinoupoliton, 2025)
[4665104] Failed to build match row: Panthessalonikios Athlitikos Omilos Konstantinoupoliton vs Athlitiki Enosi Kifisias
[4170609] Could not find attributes for denys boyko (FK Polissya Zhytomyr, 2023)
[4626788] Could not find attributes for emanoel (Atlètic Club d'Escaldes, 2025)
[4170609] Failed to build match row: FK Polissya Zhytomyr vs SC Dnipro-1
[4626788] Failed to build match row: Atlètic Club d'Escaldes vs FC Dinamo City
[4103791] Could not find attributes for dean huijsen (Associazione Sportiva Roma, 2023)
[4120600] Failed to scrape lineup: https://www.transfermarkt.co.uk/lnz-cherkasy_metalist-1925-kharkiv/index/spielbericht/4120600

Keepers & outfield error for **Футбольный клуб "Локомотив" Москва** in Футбольный клуб "Локомотив" Москва vs FK Krasnodar: Numbers: 0 and 11.
[4103791] Failed to build match row: Udinese Calcio vs Associazione Sportiva Roma
[3616604] Could not find attributes for oscar carniello (Birkirkara FC, 2021)
[4530485] Could not find attributes for tomoki hayakawa (Kashima Antlers FC, 2024)
[4514451] Could not find attributes for kalani kossa rienzi (Seattle Sounders FC, 2024)
[4530485] Failed to build match row: Kashima Antlers FC vs Avispa Fukuoka
[3616604] Failed to build match row: Birkirkara FC vs NK Olimpija Ljubljana
[3602440] Failed to build match row: Футбольный клуб "Локомотив" Москва vs FK Krasnodar
[3432132] Failed to scrape lineup: https://www.transfermarkt.co.uk/cd-tondela_sporting-cp/index/spielbericht/3432132
[4514451] Failed to build match row: Seattle Sounders FC vs Nashville SC
[3612845] Could not find attributes for munir el kajoui (Hatayspor, 2021)
[3500142] Failed to scrape lineup: https://www.transfermarkt.co.uk/spielbericht/index/spielbericht/3500142
[4641551] Failed to scrape lineup: https://www.transfermarkt.co.uk/fortuna-sittard_sparta-rotterdam/index/spielbericht/4641551
[3612845] Failed to build match row: Galatasaray Spor Kulübü vs Hatayspor

Keepers & outfield error for **Al-Hilal Saudi Football Club** in Neom Sports Club vs Al-Hilal Saudi Football Club: Numbers: 0 and 11.
[3415339] Could not find attributes for sandy walsh (Yellow-Red Koninklijke Voetbalclub Mechelen, 2020)
[3415339] Failed to build match row: Yellow-Red Koninklijke Voetbalclub Mechelen vs Royal Charleroi Sporting Club
[3450585] Could not find attributes for moussa sylla (Football Club Utrecht, 2020)
[4396234] Could not find attributes for daniil avdyushkin (ZOV Moscow, 2024)
[3450585] Failed to build match row: Football Club Utrecht vs Fortuna Sittardia Combinatie
[4360908] Could not find attributes for luquinhas (Legia Warszawa Spółka Akcyjna, 2024)
[3838488] Could not find attributes for ivan brkic (Neftchi Baku, 2022)
[4396234] Failed to build match row: ZOV Moscow vs Torpedo Vladimir
[4360908] Failed to build match row: KKS Lech Poznań Spółka Akcyjna vs Legia Warszawa Spółka Akcyjna
[3838488] Failed to build match row: Neftchi Baku vs Aris Limassol
[4375426] Could not find attributes for oliver borner (Hellerup IK, 2024)
[3840418] Could not find attributes for justin kalumba (Angers Sporting Club de l'Ouest, 2022)
[4635183] Failed to scrape lineup: https://www.transfermarkt.co.uk/rc-lens_le-havre-ac/index/spielbericht/4635183
[3840418] Failed to build match row: Olympique de Marseille vs Angers Sporting Club de l'Ouest
[4375426] Failed to build match row: Hellerup IK vs FC Roskilde
[4363307] Could not find attributes for vilem fendrich (SK Dynamo Ceske Budejovice, 2024)
[4597363] Failed to scrape lineup: https://www.transfermarkt.co.uk/spielbericht/index/spielbericht/4597363
[4363307] Failed to build match row: SK Dynamo Ceske Budejovice vs Bohemians Praha 1905, a.s.
[4665105] Could not find attributes for luka jovic (Athlitiki Enosi Konstantinoupoleos, 2025)
[4665105] Failed to build match row: Athlitiki Enosi Konstantinoupoleos vs Omilos Filathlon Irakliou FC
[3869242] Could not find attributes for ponck (GD Chaves, 2022)
[3869242] Failed to build match row: GD Chaves vs Sport Lisboa e Benfica
[3500143] Could not find attributes for blair currie (Stirling Albion FC, 2020)
[4407691] Failed to scrape lineup: https://www.transfermarkt.co.uk/valencia-cf_rayo-vallecano/index/spielbericht/4407691

Keepers & outfield error for **SC Oţelul Galaţi** in SC Oţelul Galaţi vs Fotbal Club Rapid 1923 SA: Numbers: 2 and 9.
[3500143] Failed to build match row: Stirling Albion FC vs Raith Rovers FC
[4648982] Failed to build match row: SC Oţelul Galaţi vs Fotbal Club Rapid 1923 SA
[4170610] Could not find attributes for denys shelikhov (Viktoriya Sumy, 2023)
[4170610] Failed to build match row: Viktoriya Sumy vs FC Minaj
[4641552] Could not find attributes for giovanni van zwam (Go Ahead Eagles, 2025)
[4641552] Failed to build match row: Go Ahead Eagles vs Sportclub Telstar

Keepers & outfield error for **Futebol Clube do Porto** in Futebol Clube do Porto vs Gil Vicente Futebol Clube: Numbers: 0 and 11.
[4120601] Could not find attributes for nazariy fedorivskyi (FK Obolon Kyiv, 2023)
[4120601] Failed to build match row: FK Obolon Kyiv vs FK Kryvbas Kryvyi Rig
[4396642] Failed to build match row: Futebol Clube do Porto vs Gil Vicente Futebol Clube
[4530486] Could not find attributes for shusaku nishikawa (Urawa Red Diamonds, 2024)
[4530486] Failed to build match row: Urawa Red Diamonds vs Nagoya Grampus Eight
[3616605] Could not find attributes for johannes vall (Valur Reykjavík, 2021)
[3616605] Failed to build match row: Fotballklubben Bodø/Glimt vs Valur Reykjavík
[4597364] Could not find attributes for anton mitryushkin (Футбольный клуб "Локомотив" Москва, 2024)
[4597364] Failed to build match row: Футбольный клуб "Локомотив" Москва vs FK Rostov
[4363308] Could not find attributes for matous trmal (FK Mladá Boleslav, a.s., 2024)
[4363308] Failed to build match row: FK Mladá Boleslav, a.s. vs FC Slovan Liberec

Keepers & outfield error for **Chicago Fire Soccer Club** in Chicago Fire Soccer Club vs Football Club Cincinnati: Numbers: 2 and 9.
[4514452] Failed to build match row: Chicago Fire Soccer Club vs Football Club Cincinnati
[3612847] Could not find attributes for mohammad naderi (Altay SK, 2021)
[3612847] Failed to build match row: Alanyaspor vs Altay SK

Keepers & outfield error for **FC Empoli** in FC Empoli vs Società Sportiva Calcio Napoli: Numbers: 2 and 9.
[4103793] Failed to build match row: FC Empoli vs Società Sportiva Calcio Napoli
[4646222] Could not find attributes for bogdan redushko (Futbolniy Klub Dynamo Kyiv, 2025)
[4646222] Failed to build match row: Futbolniy Klub Dynamo Kyiv vs FC Shakhtar Donetsk
[4094778] Could not find attributes for shavy babicka (Toulouse Football Club, 2023)
[4094778] Failed to build match row: Toulouse Football Club vs Lille Olympique Sporting Club
[3926989] Could not find attributes for owen paterson (Strathspey Thistle FC, 2022)
[3926989] Failed to build match row: Strathspey Thistle FC vs Camelon Juniors FC
[4120602] Could not find attributes for mykyta shevchenko (FC Oleksandriya, 2023)
[4120602] Failed to build match row: FC Oleksandriya vs FK Polissya Zhytomyr
[4129702] Failed to scrape lineup: https://www.transfermarkt.co.uk/galatasaray_caykur-rizespor/index/spielbericht/4129702
[3889744] Could not find attributes for gustavo busatto (CSKA-Sofia, 2022)
[4624787] Could not find attributes for luquinhas (Radomiak S.A., 2025)
[4641553] Could not find attributes for eli dasa (Nijmegen Eendracht Combinatie, 2025)
[3889744] Failed to build match row: CSKA-Sofia vs St. Patrick's Athletic

Keepers & outfield error for **SC Farense** in SC Farense vs Sport Lisboa e Benfica: Numbers: 2 and 9.
[3869243] Could not find attributes for kiko bondoso (FC Vizela, 2022)
[4624787] Failed to build match row: Radomiak S.A. vs Morski Związkowy Klub Sportowy Arka Gdynia Spółka Akcyjna
[4641553] Failed to build match row: Nijmegen Eendracht Combinatie vs Heracles Almelo
[3432134] Failed to build match row: SC Farense vs Sport Lisboa e Benfica
[4626789] Could not find attributes for bukhuti putkaradze (FC Spaeri Tbilisi, 2025)
[3869243] Failed to build match row: FC Vizela vs CS Marítimo
[4170611] Could not find attributes for artem kychak (FK Obolon Kyiv, 2023)
[4626789] Failed to build match row: Fußballklub Austria Wien vs FC Spaeri Tbilisi
[4597365] Could not find attributes for aleksandr maksimenko (FK Spartak Moskva, 2024)
[4170611] Failed to build match row: FK Obolon Kyiv vs Futbolniy Klub Dynamo Kyiv
[3705087] Could not find attributes for darren jamieson (Kelty Hearts FC, 2021)
[4597365] Failed to build match row: FK Spartak Moskva vs FK Dinamo Moskva
[3705087] Failed to build match row: Kelty Hearts FC vs St. Johnstone FC
[3597807] Failed to scrape lineup: https://www.transfermarkt.co.uk/sparta-rotterdam_fortuna-sittard/index/spielbericht/3597807

Keepers & outfield error for **Genoa Cricket and Football Club** in Genoa Cricket and Football Club vs Società Sportiva Lazio S.p.A.: Numbers: 0 and 11.
[3461757] Could not find attributes for matvey safonov (FK Krasnodar, 2020)
[3927471] Could not find attributes for artem koveshnikov (Torpedo Vladimir, 2022)
[4103794] Failed to build match row: Genoa Cricket and Football Club vs Società Sportiva Lazio S.p.A.
[3927471] Failed to build match row: Torpedo Vladimir vs Akron Togliatti
[3461757] Failed to build match row: Sevilla Fútbol Club S.A.D. vs FK Krasnodar
[3501299] Failed to scrape lineup: https://www.transfermarkt.co.uk/spielbericht/index/spielbericht/3501299
[4363309] Could not find attributes for louis lurvink (FK Pardubice, 2024)
[4530487] Could not find attributes for kosei tani (Zelvia, 2024)
[4530487] Failed to build match row: Zelvia vs Cerezo Osaka
[4363309] Failed to build match row: FK Pardubice vs SK Sigma Olomouc, a.s.
[4120603] Could not find attributes for pavlo isenko (Vorskla Poltava, 2023)
[3616607] Could not find attributes for faton maloku (FC Drita, 2021)
[4794681] Could not find attributes for magnus grodem (KFUM-Kameratene Oslo, 2025)
[4120603] Failed to build match row: Vorskla Poltava vs Chornomorets Odesa
[4794681] Failed to build match row: Vålerengens Idrettsforening vs KFUM-Kameratene Oslo
[3616607] Failed to build match row: Feyenoord Rotterdam vs FC Drita
[4375427] Could not find attributes for niklas thomsen (FA 2000, 2024)
[4375427] Failed to build match row: FA 2000 vs HB Köge
aspor, 2020)
[3426837] Failed to build match row: Antalyaspor vs Gaziantep Futbol Kulübü A.Ş.
[3415341] Failed to scrape lineup: https://www.transfermarkt.co.uk/oud-heverlee-leuven_royal-excel-mouscron-2022-/index/spielbericht/3415341

Keepers & outfield error for **Stal Mielec** in Stal Mielec vs Puszcza Niepolomice: Numbers: 2 and 9.
[4360911] Failed to build match row: Stal Mielec vs Puszcza Niepolomice

Keepers & outfield error for **HNK Hajduk Split** in HNK Hajduk Split vs Vitória Sport Clube: Numbers: 0 and 11.
[3889745] Failed to build match row: HNK Hajduk Split vs Vitória Sport Clube

Keepers & outfield error for **Paris Saint-Germain Football Club** in Paris Saint-Germain Football Club vs AC Ajaccio: Numbers: 2 and 9.
[3840419] Failed to build match row: Paris Saint-Germain Football Club vs AC Ajaccio
[3432135] Could not find attributes for mansur (Clube Desportivo Santa Clara, 2020)

Keepers & outfield error for **Rio Ave Futebol Clube** in Rio Ave Futebol Clube vs FC Paços de Ferreira: Numbers: 2 and 9.
[4624788] Could not find attributes for kamil jozwiak (Jagiellonia-Bialystok Sportowa Spólka Akcyjna, 2025)
[3869244] Failed to build match row: Rio Ave Futebol Clube vs FC Paços de Ferreira
[4624788] Failed to build match row: Widzew Łódź Spółka Akcyjna vs Jagiellonia-Bialystok Sportowa Spólka Akcyjna
[3432135] Failed to build match row: Clube Desportivo Santa Clara vs B SAD
[4665106] Could not find attributes for konstantinos pomonis (A.G.S Asteras Tripolis, 2025)
[4665106] Failed to build match row: A.G.S Asteras Tripolis vs Aris Thessalonikis
[4407692] Failed to scrape lineup: https://www.transfermarkt.co.uk/ca-osasuna_deportivo-alaves/index/spielbericht/4407692
[4425083] Could not find attributes for luis felipe gallegos (Auckland Football Club, 2024)
[4425083] Failed to build match row: Central Coast Mariners Football Club vs Auckland Football Club
[3602441] Could not find attributes for anton kochenkov (Arsenal Tula, 2021)
[3602441] Failed to build match row: Arsenal Tula vs FK Spartak Moskva
[3927472] Could not find attributes for nikita kokarev (Rotor Volgograd, 2022)
[4646223] Failed to scrape lineup: https://www.transfermarkt.co.uk/rukh-lviv_zorya-lugansk/index/spielbericht/4646223
[3426838] Could not find attributes for semih kaya (Yeni Malatyaspor, 2020)
[3927472] Failed to build match row: Rotor Volgograd vs Shinnik Yaroslavl
[4094779] Failed to scrape lineup: https://www.transfermarkt.co.uk/olympique-marseille_montpellier-hsc/index/spielbericht/4094779
[3426838] Failed to build match row: Konyaspor vs Yeni Malatyaspor
[4727301] Could not find attributes for ben garuccio (Sydney Football Club, 2025)
[4396644] Failed to scrape lineup: https://www.transfermarkt.co.uk/sc-braga_cf-estrela-amadora/index/spielbericht/4396644
[4018741] Could not find attributes for hamdy fathy (Al Ahly FC, 2022)
[4018741] Failed to build match row: Seattle Sounders FC vs Al Ahly FC
[4727301] Failed to build match row: Sydney Football Club vs Auckland Football Club
[3588466] Failed to scrape lineup: https://www.transfermarkt.co.uk/1-fc-union-berlin_borussia-dortmund/index/spielbericht/3588466
[3838489] Could not find attributes for idan nachmias (Maccabi Tel Aviv, 2022)
[4360912] Failed to build match row: Slask Wroclaw vs Klub Sportowy Górnik Zabrze Sportowa Spółka Akcyjna
[3838489] Failed to build match row: Maccabi Tel Aviv vs Zira FC

Keepers & outfield error for **Vitória Sport Clube** in Gil Vicente Futebol Clube vs Vitória Sport Clube: Numbers: 0 and 11.
[4120604] Could not find attributes for oleksandr bandura (FC Minaj, 2023)
[4120604] Failed to build match row: FC Minaj vs FC Zorya Lugansk
[4170612] Could not find attributes for pavlo kravtsov (Feniks-Mariupol, 2023)
[3432136] Could not find attributes for jackson porozo (Boavista FC, 2020)
[3869245] Failed to build match row: Gil Vicente Futebol Clube vs Vitória Sport Clube
[3705088] Could not find attributes for zach hemming (Kilmarnock Football Club, 2021)
[4407693] Could not find attributes for allan nyom (Getafe Club de Fútbol S. A. D. Team Dubai, 2024)
[4170612] Failed to build match row: Feniks-Mariupol vs FC Zorya Lugansk
[3432136] Failed to build match row: Boavista FC vs Portimonense SC
[3705088] Failed to build match row: Kilmarnock Football Club vs Dundee United Football Club
[4129704] Could not find attributes for shahrudin mahammadaliyev (Adana Demirspor, 2023)
[4624789] Could not find attributes for quentin lecoeuche (Wisła Płock Spółka Akcyjna, 2025)
[4597388] Failed to scrape lineup: https://www.transfermarkt.co.uk/spielbericht/index/spielbericht/4597388
[4407693] Failed to build match row: Getafe Club de Fútbol S. A. D. Team Dubai vs Espanol
[4530488] Could not find attributes for william popp (Shonan Bellmare, 2024)
[4129704] Failed to build match row: Adana Demirspor vs Sivasspor
[4530488] Failed to build match row: Shonan Bellmare vs Tokyo Football Club
[3461759] Could not find attributes for mikhail kerzhakov (AO FK Zenit Sankt-Peterburg, 2020)
[4624789] Failed to build match row: Wisła Płock Spółka Akcyjna vs RKS Raków Częstochowa SA
[3461759] Failed to build match row: AO FK Zenit Sankt-Peterburg vs Società Sportiva Lazio S.p.A.
[3602442] Could not find attributes for artur nigmatullin (FK Nizhny Novgorod, 2021)
[4646224] Could not find attributes for danylo varakuta (TOV FK Metalist 1925 Kharkiv, 2025)
[3602442] Failed to build match row: FK Nizhny Novgorod vs FK Rostov
[4646224] Failed to build match row: TOV FK Metalist 1925 Kharkiv vs FK Polissya Zhytomyr
[3927473] Could not find attributes for davyd alekseev (Dinamo Vladivostok, 2022)
[3927473] Failed to build match row: Dinamo Vladivostok vs SKA Khabarovsk
[4635184] Could not find attributes for daouda guindo (Stade brestois 29, 2025)
25)
[4635184] Failed to build match row: Olympique Gymnaste Club Nice Côte d'Azur vs Stade brestois 29
[4794683] Failed to build match row: Fotballklubben Bodø/Glimt vs Aalesunds Fotballklubb
[4363310] Could not find attributes for nemanja micevic (FK Teplice, a.s., 2024)
[4363310] Failed to build match row: FC Viktoria Plzeň, a.s. vs FK Teplice, a.s.
[4727302] Could not find attributes for vinko stanisic (Adelaide United Football Club, 2025)
[4727302] Failed to build match row: Adelaide United Football Club vs Western Sydney Wanderers
[3889746] Could not find attributes for gabriel isik (FC Vaduz, 2022)
[3889746] Failed to build match row: FC Vaduz vs Konyaspor
[3612849] Failed to scrape lineup: https://www.transfermarkt.co.uk/konyaspor_basaksehir-fk/index/spielbericht/3612849
[4375428] Failed to scrape lineup: https://www.transfermarkt.co.uk/spielbericht/index/spielbericht/4375428
[3450586] Failed to scrape lineup: https://www.transfermarkt.co.uk/pec-zwolle_fc-utrecht/index/spielbericht/3450586
[4370266] Failed to scrape lineup: https://www.transfermarkt.co.uk/sint-truidense-vv_krc-genk/index/spielbericht/4370266
[4648985] Failed to scrape lineup: https://www.transfermarkt.co.uk/fk-csikszereda-miercurea-ciuc_cfr-cluj/index/spielbericht/4648985

Keepers & outfield error for **Casa Pia Atlético Clube** in Casa Pia Atlético Clube vs Boavista FC: Numbers: 0 and 11.
[4396645] Failed to build match row: Casa Pia Atlético Clube vs Boavista FC
[4097928] Failed to scrape lineup: https://www.transfermarkt.co.uk/twente-enschede-fc_pec-zwolle/index/spielbericht/4097928
[3838490] Could not find attributes for bojan zogovic (KF Vllaznia, 2022)
[4794684] Could not find attributes for xander lambrix (Sandefjord Fotball, 2025)
[3838490] Failed to build match row: U Craiova 1948 Club Sportiv SA vs KF Vllaznia
[4794684] Failed to build match row: Sandefjord Fotball vs Rosenborg Ballklub
[4451012] Could not find attributes for moses opondo (Fodbold Club Fredericia, 2024)

Keepers & outfield error for **CS Marítimo** in CS Marítimo vs Boavista FC: Numbers: 2 and 9.
[4425084] Failed to scrape lineup: https://www.transfermarkt.co.uk/sydney-fc_melbourne-victory/index/spielbericht/4425084
[3432137] Failed to build match row: CS Marítimo vs Boavista FC
[3650366] Could not find attributes for kenan piric (APS Atromitos Athinon, 2021)
[4451012] Failed to build match row: Fodbold Club Fredericia vs Aalborg BK
ombinatie, 2022)
[3852592] Failed to build match row: Feyenoord Rotterdam vs Fortuna Sittardia Combinatie
tos Athinon
[4635185] Could not find attributes for fode ballo toure (Football Club de Metz, 2025)
[4665107] Failed to scrape lineup: https://www.transfermarkt.co.uk/ae-larisa_atromitos-athens/index/spielbericht/4665107
[4635185] Failed to build match row: Angers Sporting Club de l'Ouest vs Football Club de Metz
[4367814] Failed to scrape lineup: https://www.transfermarkt.co.uk/sc-heerenveen_fc-utrecht/index/spielbericht/4367814
[4626790] Could not find attributes for artan iljazi (FC Ballkani, 2025)
[4626790] Failed to build match row: FC Ballkani vs Floriana FC
[4094780] Failed to scrape lineup: https://www.transfermarkt.co.uk/fc-lorient_fc-nantes/index/spielbericht/4094780
[4641554] Could not find attributes for jayden candelaria (Nooit Opgeven Altijd Doorzetten Aangenaam Door Vermaak En Nuttig Door Ontspanning Combinatie Breda, 2025)
[4641554] Failed to build match row: Nooit Opgeven Altijd Doorzetten Aangenaam Door Vermaak En Nuttig Door Ontspanning Combinatie Breda vs Excelsior Rotterdam
[4514453] Could not find attributes for femi awodesu (Houston Dynamo, 2024)
[4514453] Failed to build match row: Houston Dynamo vs Colorado Rapids
[4129705] Could not find attributes for salvatore sirigu (Fatih Karagümrük Sportif Faaliyetler San. Tic. A.Ş., 2023)
[4129705] Failed to build match row: Fatih Karagümrük Sportif Faaliyetler San. Tic. A.Ş. vs Konyaspor
[4018742] Could not find attributes for arsene zola (Wydad Casablanca, 2022)
[4018742] Failed to build match row: Wydad Casablanca vs Al-Hilal Saudi Football Club
[3602443] Could not find attributes for aleksandr belenov (FK Ufa, 2021)
[3602443] Failed to build match row: FK Ufa vs AO FK Zenit Sankt-Peterburg
Not enough players found for lineup: 0, 0.
[4375429] Failed to scrape lineup: https://www.transfermarkt.co.uk/spielbericht/index/spielbericht/4375429
[3597809] Failed to scrape lineup: https://www.transfermarkt.co.uk/nec-nijmegen_willem-ii-tilburg/index/spielbericht/3597809
[3426839] Could not find attributes for mattias johansson (Gençlerbirliği Spor Kulübü, 2020)
[3426839] Failed to build match row: Gençlerbirliği Spor Kulübü vs Denizlispor
[4727303] Could not find attributes for takeshi kanamori (Melbourne City Football Club, 2025)
[4727303] Failed to build match row: Melbourne City Football Club vs Perth Glory Football Club
[4227832] Could not find attributes for buba sangare (Levante Unión Deportiva S.A.D., 2023)
[4227832] Failed to build match row: Levante Unión Deportiva S.A.D. vs SD Amorebieta
[3616613] Could not find attributes for xavi puerto (FC Santa Coloma, 2021)
[4360913] Failed to scrape lineup: https://www.transfermarkt.co.uk/widzew-lodz_zaglebie-lubin/index/spielbericht/4360913
[3616613] Failed to build match row: FC Santa Coloma vs Hibernian Football Club
[3588467] Failed to scrape lineup: https://www.transfermarkt.co.uk/borussia-monchengladbach_fc-augsburg/index/spielbericht/3588467
[4635186] Could not find attributes for senny mayulu (Paris Saint-Germain Football Club, 2025)
[4635186] Failed to build match row: Paris Saint-Germain Football Club vs Olympique de Marseille
[4103796] Failed to scrape lineup: https://www.transfermarkt.co.uk/ac-milan_inter-milan/index/spielbericht/4103796
[4407694] Failed to scrape lineup: https://www.transfermarkt.co.uk/athletic-bilbao_real-betis-balompie/index/spielbericht/4407694
[3705089] Failed to scrape lineup: https://www.transfermarkt.co.uk/spielbericht/index/spielbericht/3705089
[3502078] Could not find attributes for lee ashcroft (Dundee Football Club, 2020)
[3502078] Failed to build match row: Dundee Football Club vs Bonnyrigg Rose FC
[4599224] Could not find attributes for cyrill may (FC St. Gallen 1879, 2024)
[4599224] Failed to build match row: FC St. Gallen 1879 vs FC Zürich
[4646225] Failed to scrape lineup: https://www.transfermarkt.co.uk/obolon-kyiv_fc-kudrivka/index/spielbericht/4646225
[4363311] Could not find attributes for jakub markovic (FC Baník Ostrava a.s., 2024)
[3461760] Failed to scrape lineup: https://www.transfermarkt.co.uk/spielbericht/index/spielbericht/3461760
[4363311] Failed to build match row: FC Baník Ostrava a.s. vs SK Slavia Praha, a.s.

Keepers & outfield error for **Rio Ave Futebol Clube** in Sporting Clube de Portugal vs Rio Ave Futebol Clube: Numbers: 0 and 11.
[3852593] Could not find attributes for remko pasveer (AFC Ajax Amsterdam, 2022)
[4641555] Could not find attributes for tristan gooijer (Prins Hendrik Ende Desespereert Nimmer Combinatie Zwolle, 2025)
[4396646] Failed to build match row: Sporting Clube de Portugal vs Rio Ave Futebol Clube
[3852593] Failed to build match row: RKC Waalwijk vs AFC Ajax Amsterdam
[3432138] Could not find attributes for bilel aouacheria (SC Farense, 2020)
[4665108] Could not find attributes for marios siampanis (Volou Neos Podosferikos Syllogos, 2025)
[4129706] Could not find attributes for aylton boa morte (Kayserispor Kulübü, 2023)
[4641555] Failed to build match row: Prins Hendrik Ende Desespereert Nimmer Combinatie Zwolle vs Football Club Volendam
[4665108] Failed to build match row: Volou Neos Podosferikos Syllogos vs Panetolikos Agrinio
[4129706] Failed to build match row: Alanyaspor vs Kayserispor Kulübü
[3432138] Failed to build match row: SC Farense vs Sporting Clube de Braga
[3426840] Could not find attributes for fabien farnolle (Erzurumspor FK, 2020)
[3869246] Failed to scrape lineup: https://www.transfermarkt.co.uk/fc-porto_fc-famalicao/index/spielbericht/3869246
Not enough players found for lineup: 0, 11.
[3426840] Failed to build match row: Erzurumspor FK vs Galatasaray Spor Kulübü
[3650367] Could not find attributes for yuriy lodygin (PAS Giannina, 2021)
[3650367] Failed to build match row: Panthessalonikios Athlitikos Omilos Konstantinoupoliton vs PAS Giannina
[4375430] Failed to scrape lineup: https://www.transfermarkt.co.uk/spielbericht/index/spielbericht/4375430
[4727304] Could not find attributes for jason davidson (Melbourne Victory FC, 2025)
[3927474] Failed to scrape lineup: https://www.transfermarkt.co.uk/spielbericht/index/spielbericht/3927474
[4810894] Could not find attributes for jp chermont (Coritiba Foot Ball Club, 2025)
[4727304] Failed to build match row: Melbourne Victory FC vs Wellington Phoenix Football Club
[3838491] Could not find attributes for artem odyntsov (Kisvárda FC, 2022)
[4514456] Failed to scrape lineup: https://www.transfermarkt.co.uk/real-salt-lake-city_toronto-fc/index/spielbericht/4514456
[4709407] Failed to scrape lineup: https://www.transfermarkt.co.uk/al-nassr-fc_al-shabab-fc/index/spielbericht/4709407
[4530491] Could not find attributes for gakuji ota (Kyoto Purple Sanga, 2024)
[4810894] Failed to build match row: Coritiba Foot Ball Club vs Esporte Clube Bahia
[4120605] Could not find attributes for taras mykhavko (Futbolniy Klub Dynamo Kyiv, 2023)
[4530491] Failed to build match row: Kyoto Purple Sanga vs Tokyo Verdy
[3889793] Could not find attributes for ingvar jonsson (Víkingur Reykjavík, 2022)
[4120605] Failed to build match row: Futbolniy Klub Dynamo Kyiv vs NK Veres Rivne
[4624791] Could not find attributes for serafin szota (Morski Związkowy Klub Sportowy Arka Gdynia Spółka Akcyjna, 2025)
[4425085] Could not find attributes for lucas herrington (Brisbane Roar FC, 2024)
[3889793] Failed to build match row: KKS Lech Poznań Spółka Akcyjna vs Víkingur Reykjavík
[4624791] Failed to build match row: Morski Związkowy Klub Sportowy Arka Gdynia Spółka Akcyjna vs Legia Warszawa Spółka Akcyjna
[4425085] Failed to build match row: Western United FC vs Brisbane Roar FC
[3415342] Could not find attributes for oleksandr filippov (St Truiden, 2020)
[3415342] Failed to build match row: St Truiden vs Koninklijke Racing Club Genk
[3705090] Could not find attributes for blair currie (Stirling Albion FC, 2021)
[3705090] Failed to build match row: Rangers Football Club vs Stirling Albion FC
[3450587] Could not find attributes for marko vejinovic (ADO Den Haag, 2020)
[3602444] Could not find attributes for dmitriy landakov (Ural Yekaterinburg, 2021)
[4363312] Could not find attributes for matus hruska (FK Dukla Praha a.s., 2024)
[4363312] Failed to build match row: FK Dukla Praha a.s. vs 1. FC Slovácko
[3450587] Failed to build match row: ADO Den Haag vs VVV-Venlo
[3602444] Failed to build match row: Ural Yekaterinburg vs FK Dinamo Moskva
[4665109] Could not find attributes for jakub pokorny (Athlitiki Enosi Kifisias, 2025)
[4665109] Failed to build match row: Olympiakos Syndesmos Filathlon Peiraios vs Athlitiki Enosi Kifisias
[4599225] Could not find attributes for stefanos kapino (Fussballclub Winterthur, 2024)
[4599225] Failed to build match row: Fussballclub Winterthur vs Yverdon Sport FC
[4626791] Could not find attributes for metod jurhar (FC Koper, 2025)
[3426841] Could not find attributes for zvonimir sarlija (MKE Ankaragücü, 2020)
[4626791] Failed to build match row: Viking Fotballklubb vs FC Koper
[3426841] Failed to build match row: MKE Ankaragücü vs Hatayspor

Keepers & outfield error for **Associazione Sportiva Roma** in Associazione Sportiva Roma vs Bologna Football Club 1909: Numbers: 2 and 9.
[4103798] Failed to build match row: Associazione Sportiva Roma vs Bologna Football Club 1909
[4727305] Could not find attributes for dimitri valkanis (Brisbane Roar FC, 2025)
[4727305] Failed to build match row: Central Coast Mariners Football Club vs Brisbane Roar FC
[4514457] Could not find attributes for igor jesus (Los Angeles Football Club, 2024)
[4514457] Failed to build match row: Portland Timbers vs Los Angeles Football Club
[4709408] Could not find attributes for ismaila soro (Al-Riyadh Saudi Club, 2025)
[4709408] Failed to build match row: Al-Riyadh Saudi Club vs Al-Taawoun Football Club
[4227833] Could not find attributes for keita balde (Espanol, 2023)
[4227833] Failed to build match row: Espanol vs Real Valladolid CF
[3838492] Could not find attributes for andrey kudravets (BATE Borisov, 2022)
[3838492] Failed to build match row: Konyaspor vs BATE Borisov
[3461761] Could not find attributes for ruslan neshcheret (Futbolniy Klub Dynamo Kyiv, 2020)
[3461761] Failed to build match row: Futbol Club Barcelona vs Futbolniy Klub Dynamo Kyiv
[4396647] Failed to scrape lineup: https://www.transfermarkt.co.uk/fc-arouca_vitoria-guimaraes-sc/index/spielbericht/4396647
[4103799] Could not find attributes for niccolo pierozzi (US Salernitana 1919, 2023)
[3415343] Could not find attributes for vadis odjidja ofoe (Koninklijke Atletiek Associatie Gent, 2020)
[4646226] Failed to scrape lineup: https://www.transfermarkt.co.uk/sc-poltava_kryvbas-kryvyi-rig/index/spielbericht/4646226
[3415343] Failed to build match row: Koninklijke Atletiek Associatie Gent vs Royal Sporting Club Anderlecht
[4103799] Failed to build match row: US Salernitana 1919 vs Associazione Calcio Fiorentina
[3852594] Failed to scrape lineup: https://www.transfermarkt.co.uk/sc-cambuur-leeuwarden_twente-enschede-fc/index/spielbericht/3852594
[4019302] Failed to scrape lineup: https://www.transfermarkt.co.uk/spielbericht/index/spielbericht/4019302

Keepers & outfield error for **Jagiellonia-Bialystok Sportowa Spólka Akcyjna** in Jagiellonia-Bialystok Sportowa Spólka Akcyjna vs Slask Wroclaw: Numbers: 2 and 9.
[3602445] Could not find attributes for ilya lantratov (FC Khimki (-2025), 2021)
[3889794] Could not find attributes for dunstan vella (Hibernians FC, 2022)
[3602445] Failed to build match row: FC Khimki (-2025) vs FC Rubin Kazan
[4120606] Could not find attributes for yuriy volodymyr gereta (FC Rukh Lviv, 2023)
[4665110] Could not find attributes for francisco tinaglini (Panserraikos Serres, 2025)
[4407696] Could not find attributes for allan nyom (Getafe Club de Fútbol S. A. D. Team Dubai, 2024)
[4641556] Failed to scrape lineup: https://www.transfermarkt.co.uk/ajax-amsterdam_fortuna-sittard/index/spielbericht/4641556
[4361217] Failed to build match row: Jagiellonia-Bialystok Sportowa Spólka Akcyjna vs Slask Wroclaw
[4129707] Failed to scrape lineup: https://www.transfermarkt.co.uk/pendikspor_istanbulspor/index/spielbericht/4129707
[3889794] Failed to build match row: Hibernians FC vs FC RFS
[3597811] Could not find attributes for vurnon anita (RKC Waalwijk, 2021)
[4407696] Failed to build match row: Celta vs Getafe Club de Fútbol S. A. D. Team Dubai
[3869247] Failed to scrape lineup: https://www.transfermarkt.co.uk/estoril-praia_casa-pia-ac/index/spielbericht/3869247
[4665110] Failed to build match row: Panserraikos Serres vs APO Levadiakos Football Club
[4120606] Failed to build match row: FC Rukh Lviv vs SC Dnipro-1
[4626792] Could not find attributes for petros mantalos (Athlitiki Enosi Konstantinoupoleos, 2025)

Keepers & outfield error for **Adelaide United Football Club** in Western Sydney Wanderers vs Adelaide United Football Club: Numbers: 0 and 11.
[4626792] Failed to build match row: Athlitiki Enosi Konstantinoupoleos vs Hapoel Beer Sheva
[3597811] Failed to build match row: RKC Waalwijk vs Vitesse Arnhem
[4375431] Could not find attributes for simon prebensen (AB Taarnby, 2024)
[4375431] Failed to build match row: AB Taarnby vs FC Helsingör
[3650368] Failed to scrape lineup: https://www.transfermarkt.co.uk/panathinaikos-fc_apollon-smyrnis/index/spielbericht/3650368
[4727306] Failed to build match row: Western Sydney Wanderers vs Adelaide United Football Club
[3432139] Failed to scrape lineup: https://www.transfermarkt.co.uk/fc-porto_b-sad/index/spielbericht/3432139
[4425086] Could not find attributes for kazuki nagasawa (Wellington Phoenix Football Club, 2024)
[4363313] Could not find attributes for jakub lapes (MFK Karvina, 2024)
ington Phoenix Football Club
[4363313] Failed to build match row: AC Sparta Praha, a. s. vs MFK Karvina

Keepers & outfield error for **Royal Sporting Club Anderlecht** in Royal Sporting Club Anderlecht vs Beerschot VA: Numbers: 2 and 9.
[4709409] Could not find attributes for ramzi solan (Al-Kholood Club, 2025)
hot VA
[4709409] Failed to build match row: Al-Kholood Club vs Al-Ahli Saudi Football Club
[4635188] Failed to scrape lineup: https://www.transfermarkt.co.uk/stade-brestois-29_fc-lorient/index/spielbericht/4635188
[3616614] Could not find attributes for brent lepistu (FCI Levadia, 2021)
[3616614] Failed to build match row: FCI Levadia vs Dundalk FC
[4367817] Failed to scrape lineup: https://www.transfermarkt.co.uk/rkc-waalwijk_fc-groningen/index/spielbericht/4367817
[4810895] Failed to scrape lineup: https://www.transfermarkt.co.uk/esporte-clube-vitoria_sport-club-internacional/index/spielbericht/4810895
[4530492] Failed to scrape lineup: https://www.transfermarkt.co.uk/vissel-kobe_yokohama-fc/index/spielbericht/4530492
[4451013] Could not find attributes for sebastian kristensen (Ishöj IF, 2024)

Keepers & outfield error for **Football Club Volendam** in Eindhovense Voetbalvereniging Philips Sport Vereniging vs Football Club Volendam: Numbers: 2 and 9.
[4451013] Failed to build match row: Ishöj IF vs Sønderjyske Fodbold
[4097932] Failed to build match row: Eindhovense Voetbalvereniging Philips Sport Vereniging vs Football Club Volendam

Keepers & outfield error for **FC Emmen** in Vitesse Arnhem vs FC Emmen: Numbers: 0 and 11.
[3852595] Failed to build match row: Vitesse Arnhem vs FC Emmen
[3840424] Failed to scrape lineup: https://www.transfermarkt.co.uk/fc-toulouse_fc-nantes/index/spielbericht/3840424
[4641557] Could not find attributes for irakli yegoian (Excelsior Rotterdam, 2025)
[4641557] Failed to build match row: Excelsior Rotterdam vs Alkmaar Zaanstreek
lo_fc-utrecht/index/spielbericht/3450588
[3426842] Failed to scrape lineup: https://www.transfermarkt.co.uk/sivasspor_caykur-rizespor/index/spielbericht/3426842
[4599226] Failed to scrape lineup: https://www.transfermarkt.co.uk/fc-sion_grasshopper-club-zurich/index/spielbericht/4599226
[3602446] Could not find attributes for mikhail kerzhakov (AO FK Zenit Sankt-Peterburg, 2021)
[3602446] Failed to build match row: AO FK Zenit Sankt-Peterburg vs PFK CSKA Moskva
[3616615] Could not find attributes for jakub kiwior (MSK Zilina, 2021)
[3616615] Failed to build match row: MSK Zilina vs Apollon Limassol
[4097933] Could not find attributes for robin propper (Football Club Twente, 2023)
[4097933] Failed to build match row: Football Club Twente vs Sportclub Heerenveen
[3461762] Could not find attributes for lasha dvali (Ferencvárosi TC, 2020)
[3502337] Failed to scrape lineup: https://www.transfermarkt.co.uk/spielbericht/index/spielbericht/3502337
[3461762] Failed to build match row: Ferencvárosi TC vs Juventus Football Club
[3432140] Could not find attributes for stanislav kritsyuk (B SAD, 2020)
[3432140] Failed to build match row: B SAD vs Vitória Sport Clube
[4635189] Could not find attributes for stephan zagadou (Le Havre Athletic Club, 2025)
[4635189] Failed to build match row: Le Havre Athletic Club vs Racing Club de Strasbourg Alsace

Keepers & outfield error for **KV Kortrijk** in Club Brugge Koninklijke Voetbalvereniging vs KV Kortrijk: Numbers: 0 and 11.
[3415345] Failed to build match row: Club Brugge Koninklijke Voetbalvereniging vs KV Kortrijk
[4709410] Could not find attributes for loreintz rosier (Al-Hazem Sport Club, 2025)
[4709410] Failed to build match row: Al-Hazem Sport Club vs Al-Qadsiah Saudi Football Club
[4514461] Failed to scrape lineup: https://www.transfermarkt.co.uk/fc-cincinnati_sporting-kansas-city/index/spielbericht/4514461
[4727308] Could not find attributes for dimitri valkanis (Brisbane Roar FC, 2025)
[4727308] Failed to build match row: Brisbane Roar FC vs Wellington Phoenix Football Club
[3838493] Failed to scrape lineup: https://www.transfermarkt.co.uk/spielbericht/index/spielbericht/3838493
[4648989] Failed to scrape lineup: https://www.transfermarkt.co.uk/fc-metaloglobus-bucharest_cfr-cluj/index/spielbericht/4648989
[4361219] Could not find attributes for bujar pllana (Klub Sportowy Lechia Gdańsk, 2024)
[4361219] Failed to build match row: Klub Sportowy Lechia Gdańsk vs Morski Klub Sportowy Pogoń Szczecin
[3426843] Could not find attributes for francois moubandje (Alanyaspor, 2020)
[3426843] Failed to build match row: Alanyaspor vs Fatih Karagümrük Sportif Faaliyetler San. Tic. A.Ş.
[4624793] Failed to scrape lineup: https://www.transfermarkt.co.uk/gornik-zabrze_lech-poznan/index/spielbericht/4624793
[4794685] Could not find attributes for lubomir belko (Viking Fotballklubb, 2025)
[4794685] Failed to build match row: Viking Fotballklubb vs Sportsklubben Brann
[4709411] Could not find attributes for mikel villanueva (Al-Fayha FC, 2025)
[3588470] Failed to scrape lineup: https://www.transfermarkt.co.uk/vfl-bochum_bayern-munich/index/spielbericht/3588470
[4709411] Failed to build match row: Al-Fayha FC vs Damac Football Club
[3705091] Could not find attributes for stephane omeonga (Livingston Football Club, 2021)
[3705091] Failed to build match row: Livingston Football Club vs Ross County FC
[4103800] Failed to scrape lineup: https://www.transfermarkt.co.uk/us-sassuolo_us-lecce/index/spielbericht/4103800
[4396648] Failed to scrape lineup: https://www.transfermarkt.co.uk/fc-famalicao_sl-benfica/index/spielbericht/4396648
[4646227] Failed to scrape lineup: https://www.transfermarkt.co.uk/obolon-kyiv_zorya-lugansk/index/spielbericht/4646227
[4019303] Failed to scrape lineup: https://www.transfermarkt.co.uk/spielbericht/index/spielbericht/4019303
[3852596] Could not find attributes for jan de boer (Football Club Groningen, 2022)
[3852596] Failed to build match row: Football Club Groningen vs Eindhovense Voetbalvereniging Philips Sport Vereniging
[4810896] Could not find attributes for marcelinho (Clube do Remo, 2025)
[4810896] Failed to build match row: Clube do Remo vs Clube Atlético Paranaense
[3415346] Could not find attributes for xadas (Royal Excel Mouscron (-2022), 2020)
[3415346] Failed to build match row: Koninklijke Racing Club Genk vs Royal Excel Mouscron (-2022)
[4129708] Failed to scrape lineup: https://www.transfermarkt.co.uk/kasimpasa_galatasaray/index/spielbericht/4129708
[3869248] Failed to scrape lineup: https://www.transfermarkt.co.uk/gd-chaves_fc-arouca/index/spielbericht/3869248
[4120607] Failed to scrape lineup: https://www.transfermarkt.co.uk/kolos-kovalivka_shakhtar-donetsk/index/spielbericht/4120607
[4665111] Failed to scrape lineup: https://www.transfermarkt.co.uk/paok-thessaloniki_panathinaikos/index/spielbericht/4665111
[4407697] Failed to scrape lineup: https://www.transfermarkt.co.uk/girona-fc_cd-leganes/index/spielbericht/4407697
[4626793] Failed to scrape lineup: https://www.transfermarkt.co.uk/spielbericht/index/spielbericht/4626793
[4425087] Failed to scrape lineup: https://www.transfermarkt.co.uk/brisbane-roar_central-coast-mariners/index/spielbericht/4425087
[4375432] Failed to scrape lineup: https://www.transfermarkt.co.uk/spielbericht/index/spielbericht/4375432
[3650369] Failed to scrape lineup: https://www.transfermarkt.co.uk/panetolikos-gfs_asteras-tripolis/index/spielbericht/3650369
[4363314] Failed to scrape lineup: https://www.transfermarkt.co.uk/bohemians-prague-1905_fc-hradec-kralove/index/spielbericht/4363314
[4370270] Failed to scrape lineup: https://www.transfermarkt.co.uk/krc-genk_kv-kortrijk/index/spielbericht/4370270
[4367818] Failed to scrape lineup: https://www.transfermarkt.co.uk/heracles-almelo_psv-eindhoven/index/spielbericht/4367818
[4451014] Failed to scrape lineup: https://www.transfermarkt.co.uk/spielbericht/index/spielbericht/4451014
[3705092] Could not find attributes for jamie sneddon (Partick Thistle FC, 2021)
[3705092] Failed to build match row: Partick Thistle FC vs Airdrieonians FC
[4646228] Could not find attributes for oleg bilyk (Epicentr Dunaivtsi, 2025)
[3840425] Failed to scrape lineup: https://www.transfermarkt.co.uk/ac-ajaccio_stade-rennais-fc/index/spielbericht/3840425
[4646228] Failed to build match row: Epicentr Dunaivtsi vs FK Kudrivka-1
[4794686] Could not find attributes for sander moen foss (Lillestrøm Sportsklubb, 2025)
[4810897] Could not find attributes for nonato (Fluminense Football Club, 2025)
[4794686] Failed to build match row: Vålerengens Idrettsforening vs Lillestrøm Sportsklubb
[3838494] Could not find attributes for tomas svedkauskas (FK Suduva Marijampole, 2022)
[3602447] Failed to scrape lineup: https://www.transfermarkt.co.uk/spartak-moscow_fc-sochi/index/spielbericht/3602447
[4810897] Failed to build match row: Fluminense Football Club vs São Paulo Futebol Clube
[3616616] Failed to scrape lineup: https://www.transfermarkt.co.uk/spielbericht/index/spielbericht/3616616
[4599228] Failed to scrape lineup: https://www.transfermarkt.co.uk/fc-lausanne-sport_fc-lugano/index/spielbericht/4599228
[3838494] Failed to build match row: Viborg Fodsports Forening vs FK Suduva Marijampole
[4227834] Failed to scrape lineup: https://www.transfermarkt.co.uk/spielbericht/index/spielbericht/4227834
[3461763] Failed to scrape lineup: https://www.transfermarkt.co.uk/spielbericht/index/spielbericht/3461763
[3502338] Failed to scrape lineup: https://www.transfermarkt.co.uk/spielbericht/index/spielbericht/3502338
[4129709] Could not find attributes for faouzi ghoulam (Hatayspor, 2023)
[4129709] Failed to build match row: Hatayspor vs Samsunspor

Keepers & outfield error for **Vitória Sport Clube** in Vitória Sport Clube vs Futebol Clube do Porto: Numbers: 0 and 11.
[4120608] Could not find attributes for denys boyko (FK Polissya Zhytomyr, 2023)
[3432141] Failed to build match row: Vitória Sport Clube vs Futebol Clube do Porto
[4120608] Failed to build match row: FK Polissya Zhytomyr vs FK Obolon Kyiv
[4425088] Could not find attributes for tomislav mrcela (Perth Glory Football Club, 2024)
[4363315] Could not find attributes for jakub martinec (FK Jablonec a.s., 2024)
[4514462] Failed to scrape lineup: https://www.transfermarkt.co.uk/toronto-fc_new-york-city-fc/index/spielbericht/4514462
[4425088] Failed to build match row: Perth Glory Football Club vs Western United FC
[4363315] Failed to build match row: FK Jablonec a.s. vs SK Dynamo Ceske Budejovice
[3426844] Could not find attributes for armin hodzic (Kasımpaşa A.Ş., 2020)
[3426844] Failed to build match row: Kasımpaşa A.Ş. vs Göztepe Sportif Yatırımlar A.Ş.
[4370271] Could not find attributes for andres ferrari (St Truiden, 2024)
[4370271] Failed to build match row: Koninklijke Atletiek Associatie Gent vs St Truiden
Not enough players found for lineup: 0, 11.
[4375433] Failed to scrape lineup: https://www.transfermarkt.co.uk/spielbericht/index/spielbericht/4375433
[4641559] Could not find attributes for bilal ould chikh (Football Club Volendam, 2025)
[4641559] Failed to build match row: Football Club Volendam vs Eindhovense Voetbalvereniging Philips Sport Vereniging
[3612850] Could not find attributes for muhammed gumuskaya (Fenerbahçe Spor Kulübü, 2021)
[3612850] Failed to build match row: Fenerbahçe Spor Kulübü vs Antalyaspor
[4530493] Could not find attributes for svend brodersen (Fagiano Okayama Sports Club, 2024)
[4530493] Failed to build match row: Fagiano Okayama Sports Club vs Hitachi Kashiwa Reysol
[3927475] Failed to scrape lineup: https://www.transfermarkt.co.uk/spielbericht/index/spielbericht/3927475
[4646229] Could not find attributes for oleksandr kemkin (FK Kryvbas Kryvyi Rig, 2025)
[4646229] Failed to build match row: FK Kryvbas Kryvyi Rig vs LNZ Cherkasy
[4648990] Failed to scrape lineup: https://www.transfermarkt.co.uk/fc-hermannstadt_afc-unirea-04-slobozia/index/spielbericht/4648990

Keepers & outfield error for **Paris Saint-Germain Football Club** in Association de la Jeunesse auxerroise vs Paris Saint-Germain Football Club: Numbers: 2 and 9.
[4709412] Failed to scrape lineup: https://www.transfermarkt.co.uk/neom-sc_al-ahli-sfc/index/spielbericht/4709412
[3840426] Failed to build match row: Association de la Jeunesse auxerroise vs Paris Saint-Germain Football Club
[3415348] Could not find attributes for oleksandr filippov (St Truiden, 2020)
[3415348] Failed to build match row: Oud-Heverlee Leuven vs St Truiden
[3502339] Could not find attributes for lazar samardzic (RasenBallsport Leipzig, 2020)
[3502339] Failed to build match row: RasenBallsport Leipzig vs VfL Bochum
[4599229] Could not find attributes for miroslav stevanovic (Servette Football Club 1890 SA, 2024)
[4599229] Failed to build match row: FC Luzern vs Servette Football Club 1890 SA
[4019304] Failed to scrape lineup: https://www.transfermarkt.co.uk/spielbericht/index/spielbericht/4019304
[4396649] Failed to scrape lineup: https://www.transfermarkt.co.uk/sc-farense_moreirense-fc/index/spielbericht/4396649
[4103801] Failed to scrape lineup: https://www.transfermarkt.co.uk/torino-fc_frosinone-calcio/index/spielbericht/4103801

Keepers & outfield error for **Stal Mielec** in Radomiak S.A. vs Stal Mielec: Numbers: 2 and 9.
[4626794] Could not find attributes for baba musah (Riga FC, 2025)
[4361222] Failed to build match row: Radomiak S.A. vs Stal Mielec
[4626794] Failed to build match row: Riga FC vs FC Dila Gori
[4171223] Failed to scrape lineup: https://www.transfermarkt.co.uk/spielbericht/index/spielbericht/4171223
[4635192] Could not find attributes for mathys silistrie (Rennes, 2025)
[4367819] Failed to scrape lineup: https://www.transfermarkt.co.uk/pec-zwolle_feyenoord-rotterdam/index/spielbericht/4367819
[4635192] Failed to build match row: Racing Club de Lens vs Rennes
[3588481] Failed to scrape lineup: https://www.transfermarkt.co.uk/bayern-munich_spvgg-greuther-furth/index/spielbericht/3588481
[4370272] Could not find attributes for dennis praet (Royal Antwerp Football Club, 2024)
[3650370] Could not find attributes for davino verhulst (Apollon Smyrnis, 2021)
[3426845] Could not find attributes for enner valencia (Fenerbahçe Spor Kulübü, 2020)
[3432142] Could not find attributes for adil rami (Boavista FC, 2020)
[4451015] Could not find attributes for berkant bayrak (HB Köge, 2024)
[3705096] Failed to scrape lineup: https://www.transfermarkt.co.uk/spielbericht/index/spielbericht/3705096
[3450591] Could not find attributes for remco balk (Football Club Groningen, 2020)
[4370272] Failed to build match row: Royal Antwerp Football Club vs Royal Charleroi Sporting Club
[4810898] Could not find attributes for alexander barboza (S. A. F. Botafogo, 2025)
[4451015] Failed to build match row: HB Köge vs Football Club København
[3426845] Failed to build match row: Fenerbahçe Spor Kulübü vs Trabzonspor Kulübü
[3432142] Failed to build match row: Boavista FC vs Sporting Clube de Portugal
[4120609] Could not find attributes for yevgen past (NK Veres Rivne, 2023)
[3450591] Failed to build match row: Football Club Groningen vs AFC Ajax Amsterdam
[3650370] Failed to build match row: Apollon Smyrnis vs Volou Neos Podosferikos Syllogos
[4810898] Failed to build match row: S. A. F. Botafogo vs Sport Club Corinthians Paulista
[4514463] Could not find attributes for felipe carballo (Red Bull New York, 2024)
[4120609] Failed to build match row: NK Veres Rivne vs Chornomorets Odesa
[4514463] Failed to build match row: Red Bull New York vs Club de Foot Montréal
[4646230] Could not find attributes for mykyta minchev (SK Poltava, 2025)
Not enough players found for lineup: 0, 0.
[4646230] Failed to build match row: SK Poltava vs FC Oleksandriya
[4709413] Could not find attributes for ismaila soro (Al-Riyadh Saudi Club, 2025)
[3616617] Could not find attributes for dominik takac (Spartak Trnava, 2021)
[4375434] Failed to scrape lineup: https://www.transfermarkt.co.uk/spielbericht/index/spielbericht/4375434
[4709413] Failed to build match row: Al-Riyadh Saudi Club vs Al-Hilal Saudi Football Club
[3616617] Failed to build match row: Sepsi OSK Sf. Gheorghe vs Spartak Trnava
[3597816] Failed to scrape lineup: https://www.transfermarkt.co.uk/ajax-amsterdam_sc-cambuur-leeuwarden/index/spielbericht/3597816

Keepers & outfield error for **Villarreal Club de Fútbol S.A.D.** in Villarreal Club de Fútbol S.A.D. vs Rayo Vallecano de Madrid S. A. D.: Numbers: 0 and 11.
[4599232] Could not find attributes for marley ake (Yverdon Sport FC, 2024)
[4407700] Failed to build match row: Villarreal Club de Fútbol S.A.D. vs Rayo Vallecano de Madrid S. A. D.
[4626795] Could not find attributes for lubomir belko (MSK Zilina, 2025)
[3461765] Could not find attributes for zlatko junuzovic (Fußballclub Red Bull Salzburg, 2020)
[4626795] Failed to build match row: RKS Raków Częstochowa SA vs MSK Zilina
[4599232] Failed to build match row: Yverdon Sport FC vs FC Zürich
[4794687] Could not find attributes for mame alassane niang (Hamarkameratene, 2025)
[3927476] Could not find attributes for daniil frolkin (Chernomorets Novorossijsk, 2022)
[3461765] Failed to build match row: FC Bayern München vs Fußballclub Red Bull Salzburg
[4129710] Could not find attributes for gustavo sauer (Çaykur Rizespor Kulübü, 2023)
[4794687] Failed to build match row: Hamarkameratene vs KFUM-Kameratene Oslo
[3602448] Could not find attributes for egor sorokin (FK Krasnodar, 2021)
[3602448] Failed to build match row: FK Krasnodar vs FC Rubin Kazan
[3927476] Failed to build match row: Chernomorets Novorossijsk vs Enisey Krasnoyarsk
[4227835] Could not find attributes for nais djouahra (CD Leganés, 2023)
[4129710] Failed to build match row: Çaykur Rizespor Kulübü vs Gaziantep Futbol Kulübü A.Ş.

Keepers & outfield error for **FC Empoli** in Atalanta Bergamasca Calcio S.p.a. vs FC Empoli: Numbers: 2 and 9.
[4227835] Failed to build match row: Racing Ferrol vs CD Leganés
[4103802] Failed to build match row: Atalanta Bergamasca Calcio S.p.a. vs FC Empoli
[4363316] Could not find attributes for marios pourzitidis (FC Slovan Liberec, 2024)
[4363316] Failed to build match row: FC Slovan Liberec vs Bohemians Praha 1905, a.s.
[4635193] Failed to scrape lineup: https://www.transfermarkt.co.uk/angers-sco_fc-toulouse/index/spielbericht/4635193
[3432143] Could not find attributes for kewin (Moreirense Futebol Clube, 2020)
[4370273] Could not find attributes for hasan kurucay (Oud-Heverlee Leuven, 2024)
[4370273] Failed to build match row: Royal Standard Club de Liège vs Oud-Heverlee Leuven
[3432143] Failed to build match row: Moreirense Futebol Clube vs Clube Desportivo Nacional
[3838496] Could not find attributes for gabriel isik (FC Vaduz, 2022)
[3889795] Could not find attributes for aleksandr mokin (Tobol Kostanay, 2022)
[3838496] Failed to build match row: FC Vaduz vs FC Koper
[3889795] Failed to build match row: Tobol Kostanay vs HSK Zrinjski Mostar
ańsk, 2025)
[4624796] Failed to build match row: Klub Sportowy Lechia Gdańsk vs Klub Sportowy Cracovia Spółka Akcyjna
[4641561] Could not find attributes for remko pasveer (Heracles Almelo, 2025)
[4641561] Failed to build match row: Heracles Almelo vs Nooit Opgeven Altijd Doorzetten Aangenaam Door Vermaak En Nuttig Door Ontspanning Combinatie Breda
[3415350] Could not find attributes for sandy walsh (Yellow-Red Koninklijke Voetbalclub Mechelen, 2020)
[3415350] Failed to build match row: Sportvereniging Zulte Waregem vs Yellow-Red Koninklijke Voetbalclub Mechelen
[4646231] Could not find attributes for maksym korobov (Futbolniy Klub Dynamo Kyiv, 2025)
[3461766] Could not find attributes for ze luis (Футбольный клуб "Локомотив" Москва, 2020)
[3461766] Failed to build match row: Club Atlético de Madrid S.A.D. vs Футбольный клуб "Локомотив" Москва
[4646231] Failed to build match row: Futbolniy Klub Dynamo Kyiv vs FK Karpaty Lviv
[4530494] Could not find attributes for keisuke osako (Sanfrecce Hiroshima, 2024)
[4530494] Failed to build match row: Sanfrecce Hiroshima vs Gamba Osaka
[3597817] Could not find attributes for vurnon anita (RKC Waalwijk, 2021)
[3597817] Failed to build match row: Football Club Utrecht vs RKC Waalwijk
[4599233] Could not find attributes for philip otele (FC Basel 1893 AG, 2024)
[4635194] Could not find attributes for fode ballo toure (Football Club de Metz, 2025)
[4599233] Failed to build match row: FC Basel 1893 AG vs FC Luzern
[4635194] Failed to build match row: Football Club de Metz vs Lille Olympique Sporting Club
[3602449] Could not find attributes for fabian balbuena (FK Dinamo Moskva, 2021)
[3840428] Could not find attributes for kiki kouyate (Montpellier HSC, 2022)
[3602449] Failed to build match row: FK Dinamo Moskva vs Футбольный клуб "Локомотив" Москва
[3616619] Could not find attributes for makis giannikoglou (FK Suduva Marijampole, 2021)
[3840428] Failed to build match row: Football Club de Nantes vs Montpellier HSC
[3616619] Failed to build match row: RKS Raków Częstochowa SA vs FK Suduva Marijampole
[3927477] Could not find attributes for egor lyubakov (FC Tyumen, 2022)
[3927477] Failed to build match row: FC Tyumen vs Volgar Astrakhan

Keepers & outfield error for **Western Sydney Wanderers** in Melbourne Victory FC vs Western Sydney Wanderers: Numbers: 2 and 9.
[4451016] Could not find attributes for nichlas vesterbaek (FC Roskilde, 2024)
[4129711] Could not find attributes for hamza gureler (İstanbul Başakşehir Futbol Kulübü, 2023)
[4794688] Could not find attributes for julius mar juliusson (Kristiansund Ballklubb, 2025)
[4425090] Failed to build match row: Melbourne Victory FC vs Western Sydney Wanderers
[4648991] Could not find attributes for Mariano Bettini (Asociația Futball Klub Csíkszereda Miercurea Ciuc, 2025)
[4451016] Failed to build match row: FC Roskilde vs Silkeborg Idrætsforening
[3432144] Could not find attributes for mansur (Clube Desportivo Santa Clara, 2020)
[3450592] Failed to scrape lineup: https://www.transfermarkt.co.uk/ajax-amsterdam_twente-enschede-fc/index/spielbericht/3450592
[3705508] Could not find attributes for mike williamson (Gateshead FC, 2021)
[4794688] Failed to build match row: Kristiansund Ballklubb vs Fredrikstad Fotballklubb
[4648991] Failed to build match row: Asociația Futball Klub Csíkszereda Miercurea Ciuc vs SC Fotbal Club FCSB SA
[4129711] Failed to build match row: MKE Ankaragücü vs İstanbul Başakşehir Futbol Kulübü
[3432144] Failed to build match row: Sport Lisboa e Benfica vs Clube Desportivo Santa Clara
[4396650] Could not find attributes for samuel granada (AVS Futebol SAD, 2024)
[4709414] Could not find attributes for ramzi solan (Al-Kholood Club, 2025)
[3705508] Failed to build match row: Gateshead FC vs Charlton Athletic
[4709414] Failed to build match row: Al-Kholood Club vs Al-Ettifaq Football Club

Keepers & outfield error for **Boavista FC** in Sporting Clube de Braga vs Boavista FC: Numbers: 2 and 9.
[4396650] Failed to build match row: AVS Futebol SAD vs Clube Desportivo Nacional
[4646232] Could not find attributes for yevgen volynets (FK Polissya Zhytomyr, 2025)
[3869249] Failed to build match row: Sporting Clube de Braga vs Boavista FC
[4641562] Could not find attributes for ringo meerveld (Sportclub Heerenveen, 2025)
[4641562] Failed to build match row: Sportclub Heerenveen vs Prins Hendrik Ende Desespereert Nimmer Combinatie Zwolle
[4370274] Could not find attributes for emmanuel kakou (Cercle Brugge Koninklijke Sportvereniging, 2024)
[4370274] Failed to build match row: Cercle Brugge Koninklijke Sportvereniging vs Royale Union Saint-Gilloise
[3852600] Failed to scrape lineup: https://www.transfermarkt.co.uk/fc-utrecht_sparta-rotterdam/index/spielbericht/3852600
[3503135] Failed to scrape lineup: https://www.transfermarkt.co.uk/spielbericht/index/spielbericht/3503135
[4514465] Failed to scrape lineup: https://www.transfermarkt.co.uk/orlando-city-sc_atlanta-united-fc/index/spielbericht/4514465
[4120610] Failed to scrape lineup: https://www.transfermarkt.co.uk/kolos-kovalivka_kryvbas-kryvyi-rig/index/spielbericht/4120610
[4599235] Could not find attributes for miroslav stevanovic (Servette Football Club 1890 SA, 2024)
[4599235] Failed to build match row: Servette Football Club 1890 SA vs Football Club Lausanne-Sport
[4361224] Could not find attributes for jaroslaw jach (Zagłębie Lubin Spółka Akcyjna, 2024)
[4361224] Failed to build match row: Zagłębie Lubin Spółka Akcyjna vs Motor Lublin Spółka Akcyjna
[4727310] Failed to scrape lineup: https://www.transfermarkt.co.uk/sydney-fc_newcastle-united-jets/index/spielbericht/4727310
[3927478] Could not find attributes for ilya sukhoruchenko (Dinamo Bryansk, 2022)
[3927478] Failed to build match row: Dinamo Bryansk vs Arsenal Tula
[3415351] Could not find attributes for nordin jackers (SK Beveren, 2020)
[3415351] Failed to build match row: SK Beveren vs Cercle Brugge Koninklijke Sportvereniging
[4227848] Failed to scrape lineup: https://www.transfermarkt.co.uk/spielbericht/index/spielbericht/4227848

Keepers & outfield error for **FC Shakhtar Donetsk** in Mönchengladbach vs FC Shakhtar Donetsk: Numbers: 0 and 11.
[3461767] Failed to build match row: Mönchengladbach vs FC Shakhtar Donetsk
[4665112] Could not find attributes for petros mantalos (Athlitiki Enosi Konstantinoupoleos, 2025)
[4665112] Failed to build match row: Athlitiki Enosi Konstantinoupoleos vs Athlitiki Enosi Kifisias
[4363317] Failed to scrape lineup: https://www.transfermarkt.co.uk/sk-sigma-olomouc_fk-dukla-prague/index/spielbericht/4363317
[4626797] Failed to scrape lineup: https://www.transfermarkt.co.uk/spielbericht/index/spielbericht/4626797
[3616620] Could not find attributes for fuad sule (Larne FC, 2021)
[3616620] Failed to build match row: Aarhus Gymnastik Forening vs Larne FC
[3852601] Could not find attributes for remko pasveer (AFC Ajax Amsterdam, 2022)
[4370275] Could not find attributes for rob schoofs (Yellow-Red Koninklijke Voetbalclub Mechelen, 2024)
[3602450] Could not find attributes for vitaliy gudiev (RFK Akhmat Grozny, 2021)
[3852601] Failed to build match row: AFC Ajax Amsterdam vs Vitesse Arnhem
helen vs Club Brugge Koninklijke Voetbalvereniging
[3602450] Failed to build match row: RFK Akhmat Grozny vs Arsenal Tula

Keepers & outfield error for **Sevilla Fútbol Club S.A.D.** in Sevilla Fútbol Club S.A.D. vs Real Sociedad de Fútbol S.A.D.: Numbers: 0 and 11.
[4624797] Failed to scrape lineup: https://www.transfermarkt.co.uk/piast-gliwice_wisla-plock/index/spielbericht/4624797
[4407702] Failed to build match row: Sevilla Fútbol Club S.A.D. vs Real Sociedad de Fútbol S.A.D.
[3889796] Failed to scrape lineup: https://www.transfermarkt.co.uk/spielbericht/index/spielbericht/3889796
[3838497] Failed to scrape lineup: https://www.transfermarkt.co.uk/spielbericht/index/spielbericht/3838497
[4641563] Could not find attributes for lushendry martes (Sparta Rotterdam, 2025)
[4641563] Failed to build match row: Sparta Rotterdam vs Nijmegen Eendracht Combinatie
[4530495] Failed to scrape lineup: https://www.transfermarkt.co.uk/kashiwa-reysol_urawa-red-diamonds/index/spielbericht/4530495

Keepers & outfield error for **Sarpsborg 08 Fotballforening** in Sarpsborg 08 Fotballforening vs Tromsø Idrettslag: Numbers: 2 and 9.
[4794689] Failed to build match row: Sarpsborg 08 Fotballforening vs Tromsø Idrettslag
[3432145] Could not find attributes for stanislav kritsyuk (B SAD, 2020)
[4646233] Could not find attributes for mykyta burda (FK Kolos Kovalivka, 2025)
[3432145] Failed to build match row: B SAD vs Sport Lisboa e Benfica
[4646233] Failed to build match row: FK Kolos Kovalivka vs TOV FK Metalist 1925 Kharkiv
[4120611] Could not find attributes for pavlo isenko (Vorskla Poltava, 2023)
[3840429] Failed to scrape lineup: https://www.transfermarkt.co.uk/losc-lille_olympique-marseille/index/spielbericht/3840429
[4129712] Could not find attributes for ramzi safuri (Antalyaspor, 2023)
[4120611] Failed to build match row: Vorskla Poltava vs FC Oleksandriya
[4129712] Failed to build match row: Beşiktaş Jimnastik Kulübü vs Antalyaspor
[4375435] Could not find attributes for eirik stedje (B1909 Odense, 2024)
[4375435] Failed to build match row: B1909 Odense vs Svendborg fB - Oure FA
[3616621] Could not find attributes for anton chichkan (BATE Borisov, 2021)
[3616621] Failed to build match row: BATE Borisov vs Dinamo Batumi
[4626798] Could not find attributes for oliver zelenika (NK Varazdin, 2025)
[4626798] Failed to build match row: NK Varazdin vs Clube Desportivo Santa Clara
[4709415] Could not find attributes for bilal boutobba (Al-Najma Sport Club, 2025)
[4709415] Failed to build match row: Al-Najma Sport Club vs Al-Qadsiah Saudi Football Club
[4094782] Could not find attributes for nampalys mendy (Racing Club de Lens, 2023)
[4094782] Failed to build match row: Racing Club de Lens vs Association sportive de Monaco Football Club
[4648992] Failed to scrape lineup: https://www.transfermarkt.co.uk/petrolul-ploiesti_fc-dinamo-1948/index/spielbericht/4648992
[3450593] Failed to scrape lineup: https://www.transfermarkt.co.uk/fc-groningen_willem-ii-tilburg/index/spielbericht/3450593
[3869250] Failed to scrape lineup: https://www.transfermarkt.co.uk/portimonense-sc_cd-santa-clara/index/spielbericht/3869250
[3503136] Failed to scrape lineup: https://www.transfermarkt.co.uk/spielbericht/index/spielbericht/3503136
[4396651] Could not find attributes for issiaka kamate (AVS Futebol SAD, 2024)
[4396651] Failed to build match row: AVS Futebol SAD vs Rio Ave Futebol Clube
[4641564] Could not find attributes for gerald alders (Sportclub Telstar, 2025)
[4641564] Failed to build match row: Sportclub Telstar vs Football Club Twente
[4514466] Failed to scrape lineup: https://www.transfermarkt.co.uk/charlotte-fc_new-england-revolution/index/spielbericht/4514466
[4727311] Failed to scrape lineup: https://www.transfermarkt.co.uk/perth-glory_melbourne-city-fc/index/spielbericht/4727311
[4794690] Failed to build match row: Idrettsklubben Start vs Molde Fotballklubb
[3705509] Could not find attributes for ben hinchliffe (Stockport County, 2021)
[3705509] Failed to build match row: Rotherham United vs Stockport County
[4646234] Could not find attributes for prosper obah (FC Shakhtar Donetsk, 2025)
[4646234] Failed to build match row: FC Shakhtar Donetsk vs FC Rukh Lviv
[4227992] Failed to scrape lineup: https://www.transfermarkt.co.uk/spielbericht/index/spielbericht/4227992
[3415352] Failed to scrape lineup: https://www.transfermarkt.co.uk/r-charleroi-sc_kaa-gent/index/spielbericht/3415352
[4361226] Could not find attributes for bujar pllana (Klub Sportowy Lechia Gdańsk, 2024)
[4361226] Failed to build match row: GKS GieKSa Katowice Spółka Akcyjna vs Klub Sportowy Lechia Gdańsk
[4425092] Could not find attributes for kavian rahmani (Melbourne City Football Club, 2024)
[4425092] Failed to build match row: Melbourne City Football Club vs Macarthur South West Sydney (A-League)
[4129713] Could not find attributes for faouzi ghoulam (Hatayspor, 2023)
[4129713] Failed to build match row: Galatasaray Spor Kulübü vs Hatayspor
[4097936] Could not find attributes for cisse sandra (Excelsior Rotterdam, 2023)
[4097936] Failed to build match row: Excelsior Rotterdam vs Sparta Rotterdam
[3838498] Could not find attributes for tamas markek (Puskás Akadémia FC, 2022)
[3838498] Failed to build match row: Puskás Akadémia FC vs Vitória Sport Clube
[3450594] Could not find attributes for uros spajic (Feyenoord Rotterdam, 2020)
[3450594] Failed to build match row: Feyenoord Rotterdam vs Sparta Rotterdam
[4727312] Could not find attributes for ramy najjarine (Wellington Phoenix Football Club, 2025)
[4727312] Failed to build match row: Wellington Phoenix Football Club vs Melbourne City Football Club
[3503137] Could not find attributes for vasilios athanasiou (PAS Giannina, 2020)
[3503137] Failed to build match row: PAS Giannina vs APS Atromitos Athinon
[3927479] Could not find attributes for nikita sukhonosov (Peresvet Domodedovo, 2022)
[3927479] Failed to build match row: Peresvet Domodedovo vs FK Baltika
[3852602] Failed to scrape lineup: https://www.transfermarkt.co.uk/az-alkmaar_fc-volendam/index/spielbericht/3852602
[4624798] Failed to scrape lineup: https://www.transfermarkt.co.uk/pogon-szczecin_bruk-bet-termalica-nieciecza/index/spielbericht/4624798

Keepers & outfield error for **Real Salt Lake** in San Diego Football Club vs Real Salt Lake: Numbers: 0 and 11.
[4514469] Failed to build match row: San Diego Football Club vs Real Salt Lake
[4363318] Failed to scrape lineup: https://www.transfermarkt.co.uk/sk-slavia-prague_fc-viktoria-plzen/index/spielbericht/4363318
[4407703] Failed to scrape lineup: https://www.transfermarkt.co.uk/fc-barcelona_rcd-espanyol-barcelona/index/spielbericht/4407703
[4794691] Could not find attributes for mame alassane niang (Hamarkameratene, 2025)
[4103805] Failed to scrape lineup: https://www.transfermarkt.co.uk/frosinone-calcio_us-salernitana-1919/index/spielbericht/4103805
[4794691] Failed to build match row: Hamarkameratene vs Vålerengens Idrettsforening
[3889797] Failed to scrape lineup: https://www.transfermarkt.co.uk/spielbericht/index/spielbericht/3889797
[4367822] Failed to scrape lineup: https://www.transfermarkt.co.uk/fc-groningen_nac-breda/index/spielbericht/4367822
[4227993] Could not find attributes for mo faal (Doncaster Rovers, 2023)
[4227993] Failed to build match row: Accrington Stanley vs Doncaster Rovers
[4361227] Could not find attributes for yosuke furukawa (Klub Sportowy Górnik Zabrze Sportowa Spółka Akcyjna, 2024)
[4648993] Could not find attributes for conrado (SC Oţelul Galaţi, 2025)
[4530499] Failed to scrape lineup: https://www.transfermarkt.co.uk/albirex-niigata_kashima-antlers/index/spielbericht/4530499
[4648993] Failed to build match row: SC Oţelul Galaţi vs Asociația Fotbal Club Botoșani
[4361227] Failed to build match row: Miejski Klub Sportowy Korona Kielce Spółka Akcyjna vs Klub Sportowy Górnik Zabrze Sportowa Spółka Akcyjna

Keepers & outfield error for **AFC Ajax Amsterdam** in AFC Ajax Amsterdam vs Football Club Twente: Numbers: 2 and 9.

Keepers & outfield error for **Adelaide United Football Club** in Adelaide United Football Club vs Brisbane Roar FC: Numbers: 2 and 9.
[4646235] Could not find attributes for llya karavashchenko (FK Kudrivka-1, 2025)
[4641565] Failed to build match row: AFC Ajax Amsterdam vs Football Club Twente
[4425093] Failed to build match row: Adelaide United Football Club vs Brisbane Roar FC
[4646235] Failed to build match row: FK Kudrivka-1 vs FK Kryvbas Kryvyi Rig
[3869251] Could not find attributes for goncalo ramos (Sport Lisboa e Benfica, 2022)
[4665113] Failed to scrape lineup: https://www.transfermarkt.co.uk/asteras-aktor_panathinaikos/index/spielbericht/4665113
[3869251] Failed to build match row: Sport Lisboa e Benfica vs Sporting Clube de Portugal
[4370278] Could not find attributes for sofiane boufal (Royale Union Saint-Gilloise, 2024)
ffenheim/index/spielbericht/3588483
[3503138] Could not find attributes for marios siampanis (Aris Thessalonikis, 2020)
[3503138] Failed to build match row: Aris Thessalonikis vs A.G.S Asteras Tripolis
[4370278] Failed to build match row: Royale Union Saint-Gilloise vs Koninklijke Voetbal Club Westerlo
[4094783] Failed to scrape lineup: https://www.transfermarkt.co.uk/le-havre-ac_stade-reims/index/spielbericht/4094783
[4120612] Failed to scrape lineup: https://www.transfermarkt.co.uk/sc-dnipro-1_lnz-cherkasy/index/spielbericht/4120612
[4363319] Could not find attributes for ludek nemecek (FK Teplice, a.s., 2024)
[4810899] Could not find attributes for benjamin rollheiser (Santos Futebol Clube, 2025)
[3838499] Could not find attributes for nediljko labrovic (Hrvatski Nogometni Klub Rijeka, 2022)
[4363319] Failed to build match row: FK Teplice, a.s. vs FC Baník Ostrava a.s.
[3616622] Failed to scrape lineup: https://www.transfermarkt.co.uk/spielbericht/index/spielbericht/3616622
[3838499] Failed to build match row: Djurgårdens Idrottsförening vs Hrvatski Nogometni Klub Rijeka
[4810899] Failed to build match row: Santos Futebol Clube vs Coritiba Foot Ball Club
[4624799] Could not find attributes for luquinhas (Radomiak S.A., 2025)
[4407704] Could not find attributes for allan nyom (Getafe Club de Fútbol S. A. D. Team Dubai, 2024)

Keepers & outfield error for **FC Emmen** in FC Emmen vs Football Club Groningen: Numbers: 0 and 11.
[4624799] Failed to build match row: RKS Raków Częstochowa SA vs Radomiak S.A.

Keepers & outfield error for **Sarpsborg 08 Fotballforening** in Sarpsborg 08 Fotballforening vs Fredrikstad Fotballklubb: Numbers: 2 and 9.
[3852603] Failed to build match row: FC Emmen vs Football Club Groningen
[4407704] Failed to build match row: Club Atlético de Madrid S.A.D. vs Getafe Club de Fútbol S. A. D. Team Dubai
[4794692] Failed to build match row: Sarpsborg 08 Fotballforening vs Fredrikstad Fotballklubb

Keepers & outfield error for **Genoa Cricket and Football Club** in Genoa Cricket and Football Club vs Cagliari Calcio: Numbers: 0 and 11.
[4626800] Could not find attributes for gabor vas (Paksi FC, 2025)
[4103806] Failed to build match row: Genoa Cricket and Football Club vs Cagliari Calcio
[3705510] Could not find attributes for theo richardson (Buxton FC, 2021)
[4626800] Failed to build match row: Paksi FC vs NK Maribor
[3705510] Failed to build match row: Buxton FC vs Morecambe FC
[4227994] Could not find attributes for beryly lubala (Burton Albion, 2023)
[4514470] Could not find attributes for femi awodesu (Houston Dynamo, 2024)
[4227994] Failed to build match row: Burton Albion vs Port Vale FC
[4514470] Failed to build match row: Houston Dynamo vs Austin FC
[3869252] Could not find attributes for goncalo ramos (Sport Lisboa e Benfica, 2022)
[3869252] Failed to build match row: Sport Lisboa e Benfica vs Clube Desportivo Santa Clara
[3415353] Could not find attributes for vaclav jemelka (Oud-Heverlee Leuven, 2020)
[3415353] Failed to build match row: Royal Antwerp Football Club vs Oud-Heverlee Leuven
[4375436] Could not find attributes for robert kakeeto (Middelfart Boldklub, 2024)
[4370279] Could not find attributes for emmanuel kakou (Cercle Brugge Koninklijke Sportvereniging, 2024)
[4375436] Failed to build match row: Middelfart Boldklub vs Odense Boldklub
[4370279] Failed to build match row: Koninklijke Atletiek Associatie Gent vs Cercle Brugge Koninklijke Sportvereniging
[4363320] Could not find attributes for matous trmal (FK Mladá Boleslav, a.s., 2024)
[3927480] Could not find attributes for egor skorobogatko (Avangard Kursk, 2022)
[4363320] Failed to build match row: FK Mladá Boleslav, a.s. vs FK Pardubice
[3927480] Failed to build match row: Avangard Kursk vs Dinamo Makhachkala
[4361228] Could not find attributes for michal kaput (Radomiak S.A., 2024)
[4361228] Failed to build match row: Motor Lublin Spółka Akcyjna vs Radomiak S.A.
[3450595] Failed to scrape lineup: https://www.transfermarkt.co.uk/feyenoord-rotterdam_twente-enschede-fc/index/spielbericht/3450595
[3616623] Could not find attributes for mickael meira (FC Petrocub Hincesti, 2021)
[4094784] Could not find attributes for sadibou sane (Football Club de Metz, 2023)
[4727313] Could not find attributes for brody burkitt (Adelaide United Football Club, 2025)
[4020739] Could not find attributes for gabriel barbosa (Clube de Regatas do Flamengo, 2022)
[4120613] Could not find attributes for oleksandr saputin (FC Zorya Lugansk, 2023)
[4020739] Failed to build match row: Clube de Regatas do Flamengo vs Al-Hilal Saudi Football Club
[4171230] Could not find attributes for nampalys mendy (Racing Club de Lens, 2023)
[4094784] Failed to build match row: Football Club de Metz vs Olympique Lyonnais
[3616623] Failed to build match row: Sivasspor vs FC Petrocub Hincesti
[4646236] Could not find attributes for mykyta minchev (SK Poltava, 2025)
[4727313] Failed to build match row: Adelaide United Football Club vs Macarthur South West Sydney (A-League)
[4120613] Failed to build match row: FC Zorya Lugansk vs Futbolniy Klub Dynamo Kyiv
[4171230] Failed to build match row: Sevilla Fútbol Club S.A.D. vs Racing Club de Lens
[4646236] Failed to build match row: SK Poltava vs FK Polissya Zhytomyr
[4794693] Could not find attributes for jonas svensson (Rosenborg Ballklub, 2025)
[4425094] Could not find attributes for chico geraldes (Wellington Phoenix Football Club, 2024)

Keepers & outfield error for **Sociedade Esportiva Palmeiras** in Sociedade Esportiva Palmeiras vs Cruzeiro Esporte Clube: Numbers: 2 and 9.
[3503139] Could not find attributes for ziga laci (Athlitiki Enosi Konstantinoupoleos, 2020)
[4794693] Failed to build match row: Rosenborg Ballklub vs Lillestrøm Sportsklubb
[3461770] Could not find attributes for malang sarr (Futebol Clube do Porto, 2020)
[3461770] Failed to build match row: Olympique de Marseille vs Futebol Clube do Porto

Keepers & outfield error for **Futbol Club Barcelona** in Futbol Club Barcelona vs CD Leganés: Numbers: 0 and 11.
[4810900] Failed to build match row: Sociedade Esportiva Palmeiras vs Cruzeiro Esporte Clube
[4425094] Failed to build match row: Western United FC vs Wellington Phoenix Football Club
[3838500] Could not find attributes for gustavo busatto (CSKA-Sofia, 2022)
[4626801] Could not find attributes for silviu smalenea (FC Petrocub Hincesti, 2025)
[3503139] Failed to build match row: Athlitiki Enosi Konstantinoupoleos vs Apollon Smyrnis
[4407705] Failed to build match row: Futbol Club Barcelona vs CD Leganés
[4626801] Failed to build match row: FC Petrocub Hincesti vs Sabah FK
[3838500] Failed to build match row: CSKA-Sofia vs Makedonija Gjorce Petrov
[3415354] Could not find attributes for vadis odjidja ofoe (Koninklijke Atletiek Associatie Gent, 2020)
[3415354] Failed to build match row: Koninklijke Atletiek Associatie Gent vs Sportvereniging Zulte Waregem
[4641567] Could not find attributes for deveron fonville (Nijmegen Eendracht Combinatie, 2025)
Not enough players found for lineup: 0, 0.
[4641567] Failed to build match row: Excelsior Rotterdam vs Nijmegen Eendracht Combinatie
[4375437] Failed to scrape lineup: https://www.transfermarkt.co.uk/spielbericht/index/spielbericht/4375437
[4363321] Could not find attributes for filip cihak (FC Hradec Králové a.s., 2024)
[4363321] Failed to build match row: FC Hradec Králové a.s. vs 1. FC Slovácko
[4727314] Could not find attributes for dimitri valkanis (Brisbane Roar FC, 2025)
[3705511] Failed to scrape lineup: https://www.transfermarkt.co.uk/spielbericht/index/spielbericht/3705511
[4727314] Failed to build match row: Newcastle United Jets Football Club vs Brisbane Roar FC
[3432146] Could not find attributes for stanislav kritsyuk (B SAD, 2020)
[4665114] Could not find attributes for lindsay rose (Aris Thessalonikis, 2025)
[3432146] Failed to build match row: FC Paços de Ferreira vs B SAD
[3889799] Could not find attributes for kostadin zahov (Shkendija Tetovo, 2022)
[4665114] Failed to build match row: Aris Thessalonikis vs Omilos Filathlon Irakliou FC
[3889799] Failed to build match row: Shkendija Tetovo vs Allmänna Idrottsklubben
[3869253] Failed to scrape lineup: https://www.transfermarkt.co.uk/sc-braga_fc-pacos-de-ferreira/index/spielbericht/3869253
[3450596] Could not find attributes for mario gotze (Eindhovense Voetbalvereniging Philips Sport Vereniging, 2020)
[3450596] Failed to build match row: Eindhovense Voetbalvereniging Philips Sport Vereniging vs Football Club Utrecht
[3927481] Could not find attributes for sergey chikildin (StavropolAgroSoyuz Nevinnomysk, 2022)
[3927481] Failed to build match row: StavropolAgroSoyuz Nevinnomysk vs Neftekhimik Nizhnekamsk
[4120614] Could not find attributes for dmytro ledviy (FC Rukh Lviv, 2023)
[4120614] Failed to build match row: FC Rukh Lviv vs TOV FK Metalist 1925 Kharkiv
[4451017] Could not find attributes for theis eskildsen (VSK Aarhus, 2024)
[4094785] Could not find attributes for tiemoue bakayoko (Football Club Lorient-Bretagne Sud, 2023)
[4451017] Failed to build match row: VSK Aarhus vs Aarhus Gymnastik Forening
[4530500] Could not find attributes for kennedy egbus mikuni (Nagoya Grampus Eight, 2024)
[4129715] Could not find attributes for onurcan piri (Kayserispor Kulübü, 2023)
[4530500] Failed to build match row: Nagoya Grampus Eight vs Kawasaki Frontale
[4646237] Could not find attributes for nazar domchak (FK Karpaty Lviv, 2025)
[4129715] Failed to build match row: Kayserispor Kulübü vs Kasımpaşa A.Ş.
[3503140] Could not find attributes for nikolaos melissas (Panetolikos Agrinio, 2020)
[4646237] Failed to build match row: FK Karpaty Lviv vs FC Oleksandriya
[3612852] Could not find attributes for aleksandar pesic (Fatih Karagümrük Sportif Faaliyetler San. Tic. A.Ş., 2021)
[4094785] Failed to build match row: Rennes vs Football Club Lorient-Bretagne Sud
[3597822] Could not find attributes for vurnon anita (RKC Waalwijk, 2021)
[3503140] Failed to build match row: Panetolikos Agrinio vs Olympiakos Syndesmos Filathlon Peiraios
[4794694] Could not find attributes for magnus grodem (KFUM-Kameratene Oslo, 2025)
[3612852] Failed to build match row: Çaykur Rizespor Kulübü vs Fatih Karagümrük Sportif Faaliyetler San. Tic. A.Ş.
[4794694] Failed to build match row: KFUM-Kameratene Oslo vs Viking Fotballklubb
[3597822] Failed to build match row: Fortuna Sittardia Combinatie vs RKC Waalwijk
[3852605] Could not find attributes for igor paixao (Feyenoord Rotterdam, 2022)
[3838501] Could not find attributes for aleksandr zarutskiy (FC Astana, 2022)
[3838501] Failed to build match row: FC Astana vs RKS Raków Częstochowa SA
[3852605] Failed to build match row: Feyenoord Rotterdam vs SC Cambuur Leeuwarden
[3426847] Could not find attributes for nouha dicko (Gaziantep Futbol Kulübü A.Ş., 2020)
[3426847] Failed to build match row: Gaziantep Futbol Kulübü A.Ş. vs Konyaspor
[3602451] Could not find attributes for aleksandr belenov (FK Ufa, 2021)
[4635197] Could not find attributes for soriba diaoune (Lille Olympique Sporting Club, 2025)
[3602451] Failed to build match row: FK Ufa vs PFK Krylya Sovetov Samara
[4635197] Failed to build match row: Lille Olympique Sporting Club vs Stade brestois 29
[4103808] Could not find attributes for kenan yildiz (Juventus Football Club, 2023)
[4227997] Could not find attributes for jamie andrews (Grimsby Town, 2023)
[3840432] Could not find attributes for maximiliano caufriez (Clermont Foot 63, 2022)
[4227997] Failed to build match row: Grimsby Town vs Slough Town
[4370281] Could not find attributes for loic mbe soh (Beerschot VA, 2024)
[4103808] Failed to build match row: Juventus Football Club vs Associazione Calcio Milan

Keepers & outfield error for **Vitória Sport Clube** in Vitória Sport Clube vs Clube Desportivo Santa Clara: Numbers: 0 and 11.
[3840432] Failed to build match row: Stade brestois 29 vs Clermont Foot 63
jovice, 2024)
[4370281] Failed to build match row: Beerschot VA vs Royal Standard Club de Liège
[3616624] Could not find attributes for josh cohen (Maccabi Haifa, 2021)
[3432147] Failed to build match row: Vitória Sport Clube vs Clube Desportivo Santa Clara
[3889800] Failed to build match row: Royal Sporting Club Anderlecht vs Paide Linnameeskond
[4363322] Failed to build match row: SK Dynamo Ceske Budejovice vs AC Sparta Praha, a. s.
[3616624] Failed to build match row: Maccabi Haifa vs Dinamo Tbilisi
Not enough players found for lineup: 0, 11.
[4727315] Could not find attributes for marcel tisserand (Sydney Football Club, 2025)
[4375438] Failed to scrape lineup: https://www.transfermarkt.co.uk/spielbericht/index/spielbericht/4375438
[3650371] Could not find attributes for jose luis valiente (A.G.S Asteras Tripolis, 2021)
[4727315] Failed to build match row: Sydney Football Club vs Western Sydney Wanderers
[4514472] Could not find attributes for sam rogers (Chicago Fire Soccer Club, 2024)
[3650371] Failed to build match row: A.G.S Asteras Tripolis vs Panthessalonikios Athlitikos Omilos Konstantinoupoliton
[4514472] Failed to build match row: Nashville SC vs Chicago Fire Soccer Club
[3927482] Could not find attributes for nikolay zirikov (Dinamo St. Petersburg, 2022)
[3927482] Failed to build match row: Dinamo St. Petersburg vs Alania Vladikavkaz

Keepers & outfield error for **Grupo Desportivo Estoril Praia** in Grupo Desportivo Estoril Praia vs CS Marítimo: Numbers: 2 and 9.
[3869254] Failed to build match row: Grupo Desportivo Estoril Praia vs CS Marítimo
[4451018] Could not find attributes for adrian kappenberger (Hilleröd Fodbold, 2024)
[4451018] Failed to build match row: Hilleröd Fodbold vs Fodbold Club Midtjylland
[4709416] Could not find attributes for burak ince (Al-Okhdood Club, 2025)
[4709416] Failed to build match row: Al-Ittihad Football Club vs Al-Okhdood Club
[4635198] Failed to scrape lineup: https://www.transfermarkt.co.uk/le-havre-ac_fc-toulouse/index/spielbericht/4635198
[4646238] Could not find attributes for valentyn gorokh (NK Veres Rivne, 2025)
[4646238] Failed to build match row: NK Veres Rivne vs FK Obolon Kyiv
[4641568] Could not find attributes for thijs kraaijeveld (Feyenoord Rotterdam, 2025)
[4641568] Failed to build match row: Football Club Volendam vs Feyenoord Rotterdam
[4120615] Could not find attributes for oleksandr bandura (FC Minaj, 2023)
[4120615] Failed to build match row: FC Minaj vs FC Shakhtar Donetsk
[4227998] Failed to scrape lineup: https://www.transfermarkt.co.uk/spielbericht/index/spielbericht/4227998
[3450598] Failed to scrape lineup: https://www.transfermarkt.co.uk/feyenoord-rotterdam_pec-zwolle/index/spielbericht/3450598
[4370282] Failed to scrape lineup: https://www.transfermarkt.co.uk/oud-heverlee-leuven_royal-charleroi-sc/index/spielbericht/4370282
[4514473] Failed to scrape lineup: https://www.transfermarkt.co.uk/colorado-rapids_seattle-sounders-fc/index/spielbericht/4514473
[4794695] Could not find attributes for xander lambrix (Sandefjord Fotball, 2025)
[4129716] Could not find attributes for florin nita (Gaziantep Futbol Kulübü A.Ş., 2023)
[4794695] Failed to build match row: Sandefjord Fotball vs Kristiansund Ballklubb
[4129716] Failed to build match row: Gaziantep Futbol Kulübü A.Ş. vs Alanyaspor

Keepers & outfield error for **KV Kortrijk** in KV Kortrijk vs KV Oostende: Numbers: 0 and 11.
[3415356] Failed to build match row: KV Kortrijk vs KV Oostende
[3616625] Could not find attributes for matan baltaxa (Maccabi Tel Aviv, 2021)
[3616625] Failed to build match row: Maccabi Tel Aviv vs FK Sutjeska Niksic

Keepers & outfield error for **Stal Mielec** in Stal Mielec vs Legia Warszawa Spółka Akcyjna: Numbers: 2 and 9.
[4626803] Could not find attributes for vladimir stojkovic (FK Radnički 1923 Kragujevac, 2025)
[4361231] Failed to build match row: Stal Mielec vs Legia Warszawa Spółka Akcyjna

Keepers & outfield error for **Giresunspor** in Giresunspor vs Trabzonspor Kulübü: Numbers: 2 and 9.
[4626803] Failed to build match row: FK Radnički 1923 Kragujevac vs KÍ Klaksvík
[3612853] Failed to build match row: Giresunspor vs Trabzonspor Kulübü
[4363323] Could not find attributes for jakub lapes (MFK Karvina, 2024)
[4641569] Could not find attributes for tristan gooijer (Prins Hendrik Ende Desespereert Nimmer Combinatie Zwolle, 2025)
[4363323] Failed to build match row: MFK Karvina vs FK Jablonec a.s.
[4641569] Failed to build match row: Go Ahead Eagles vs Prins Hendrik Ende Desespereert Nimmer Combinatie Zwolle
[4120616] Could not find attributes for danylo varakuta (Chornomorets Odesa, 2023)
[4120616] Failed to build match row: Chornomorets Odesa vs FK Polissya Zhytomyr

Keepers & outfield error for **Gil Vicente Futebol Clube** in Gil Vicente Futebol Clube vs Clube Desportivo Santa Clara: Numbers: 0 and 11.
[3426848] Failed to build match row: Yeni Malatyaspor vs Gençlerbirliği Spor Kulübü
Clara
[3602452] Could not find attributes for ilya pomazun (Ural Yekaterinburg, 2021)
[3602452] Failed to build match row: Ural Yekaterinburg vs FK Rostov
[3450599] Could not find attributes for ahmed touba (RKC Waalwijk, 2020)
[3450599] Failed to build match row: Football Club Utrecht vs RKC Waalwijk
[4709417] Could not find attributes for mikel villanueva (Al-Fayha FC, 2025)
[4646239] Could not find attributes for yuriy volodymyr gereta (FC Rukh Lviv, 2025)
[4709417] Failed to build match row: Al-Fayha FC vs Al-Fateh Club
[4646239] Failed to build match row: FC Rukh Lviv vs FK Kolos Kovalivka
[4425096] Could not find attributes for kota mizunuma (Newcastle United Jets Football Club, 2024)
[4425096] Failed to build match row: Newcastle United Jets Football Club vs Auckland Football Club
Not enough players found for lineup: 0, 11.
[4375439] Failed to scrape lineup: https://www.transfermarkt.co.uk/spielbericht/index/spielbericht/4375439
[4103809] Could not find attributes for christos mandas (Società Sportiva Lazio S.p.A., 2023)
[4103809] Failed to build match row: Società Sportiva Lazio S.p.A. vs Verona Hellas Football Club
[4514474] Could not find attributes for isaiah parente (Los Angeles Galaxy, 2024)
[4514474] Failed to build match row: Los Angeles Galaxy vs Portland Timbers
[4120617] Could not find attributes for andriy klishchuk (FK Kryvbas Kryvyi Rig, 2023)
[4120617] Failed to build match row: FK Kryvbas Kryvyi Rig vs NK Veres Rivne
[3602453] Could not find attributes for ilya lantratov (FC Khimki (-2025), 2021)
[3602453] Failed to build match row: FC Khimki (-2025) vs FK Nizhny Novgorod
[3415357] Could not find attributes for sandy walsh (Yellow-Red Koninklijke Voetbalclub Mechelen, 2020)
[4530501] Could not find attributes for jun ichimori (Gamba Osaka, 2024)
[4530501] Failed to build match row: Gamba Osaka vs Yokohama FC
[3415357] Failed to build match row: Yellow-Red Koninklijke Voetbalclub Mechelen vs Beerschot VA
[4641570] Could not find attributes for lushendry martes (Sparta Rotterdam, 2025)
[4641570] Failed to build match row: Nooit Opgeven Altijd Doorzetten Aangenaam Door Vermaak En Nuttig Door Ontspanning Combinatie Breda vs Sparta Rotterdam
[4709418] Could not find attributes for loreintz rosier (Al-Hazem Sport Club, 2025)
[4709418] Failed to build match row: Al-Hazem Sport Club vs Damac Football Club

Keepers & outfield error for **Futebol Clube do Porto** in Futebol Clube do Porto vs Sport Lisboa e Benfica: Numbers: 2 and 9.
[3432149] Failed to build match row: Futebol Clube do Porto vs Sport Lisboa e Benfica
[3503252] Could not find attributes for davino verhulst (Apollon Smyrnis, 2020)
[3503252] Failed to build match row: Apollon Smyrnis vs Panathinaikos Athlitikos Omilos
[4425097] Could not find attributes for kota mizunuma (Newcastle United Jets Football Club, 2024)
[4425097] Failed to build match row: Newcastle United Jets Football Club vs Brisbane Roar FC
[4646240] Could not find attributes for oleksiy palamarchuk (LNZ Cherkasy, 2025)
[4646240] Failed to build match row: LNZ Cherkasy vs FC Shakhtar Donetsk
[4171233] Could not find attributes for nampalys mendy (Racing Club de Lens, 2023)
[4171233] Failed to build match row: Arsenal Football Club vs Racing Club de Lens
[4648996] Could not find attributes for ely fernandes (Fotbal Club Metaloglobus București SA, 2025)
[4648996] Failed to build match row: Fotbal Club Metaloglobus București SA vs Fotbal Club Rapid 1923 SA
[4120618] Could not find attributes for mykyta shevchenko (FC Oleksandriya, 2023)
[4120618] Failed to build match row: FC Oleksandriya vs FC Minaj
[4103810] Could not find attributes for nikola krstovic (Unione Sportiva Lecce, 2023)
[4794696] Could not find attributes for omar jebali (Idrettsklubben Start, 2025)
[4103810] Failed to build match row: Unione Sportiva Lecce vs AC Monza
[4794696] Failed to build match row: Idrettsklubben Start vs Fotballklubben Bodø/Glimt
[4514475] Could not find attributes for igor jesus (Los Angeles Football Club, 2024)
[4514475] Failed to build match row: Los Angeles Football Club vs St. Louis City Soccer Club
[3616626] Could not find attributes for alban hoxha (FK Partizani, 2021)
[3616626] Failed to build match row: FK Partizani vs FC Basel 1893 AG
[4709419] Could not find attributes for anthony moris (Al-Khaleej Club (Saihat), 2025)
[4709419] Failed to build match row: Al-Khaleej Club (Saihat) vs Al-Shabab Club
[4367827] Could not find attributes for metinho (Sparta Rotterdam, 2024)
[4367827] Failed to build match row: Sparta Rotterdam vs Heracles Almelo
[3650372] Failed to scrape lineup: https://www.transfermarkt.co.uk/atromitos-athens_panetolikos-gfs/index/spielbericht/3650372
[3869255] Failed to scrape lineup: https://www.transfermarkt.co.uk/fc-porto_vitoria-guimaraes-sc/index/spielbericht/3869255
[4727316] Failed to scrape lineup: https://www.transfermarkt.co.uk/perth-glory_auckland-fc/index/spielbericht/4727316
[3927483] Failed to scrape lineup: https://www.transfermarkt.co.uk/spielbericht/index/spielbericht/3927483
[4425098] Could not find attributes for luis felipe gallegos (Auckland Football Club, 2024)
[4635199] Failed to scrape lineup: https://www.transfermarkt.co.uk/fc-metz_aj-auxerre/index/spielbericht/4635199
[4370283] Failed to scrape lineup: https://www.transfermarkt.co.uk/kv-mechelen_royal-antwerp-fc/index/spielbericht/4370283
[4363334] Failed to scrape lineup: https://www.transfermarkt.co.uk/fk-pardubice_fk-teplice/index/spielbericht/4363334
[4425098] Failed to build match row: Auckland Football Club vs Wellington Phoenix Football Club
[4227999] Failed to scrape lineup: https://www.transfermarkt.co.uk/spielbericht/index/spielbericht/4227999
[4396653] Failed to scrape lineup: https://www.transfermarkt.co.uk/fc-porto_sc-farense/index/spielbericht/4396653
[4094787] Failed to scrape lineup: https://www.transfermarkt.co.uk/as-monaco_paris-saint-germain/index/spielbericht/4094787
[4624804] Failed to scrape lineup: https://www.transfermarkt.co.uk/motor-lublin_lechia-gdansk/index/spielbericht/4624804
[4810901] Could not find attributes for henry mosquera (Red Bull Bragantino, 2025)
[4603345] Failed to scrape lineup: https://www.transfermarkt.co.uk/spielbericht/index/spielbericht/4603345
[3426849] Could not find attributes for marvin bakalorz (Denizlispor, 2020)
[3426849] Failed to build match row: Denizlispor vs Beşiktaş Jimnastik Kulübü
[4646241] Could not find attributes for mykyta turbayevskyi (FC Zorya Lugansk, 2025)
[4646241] Failed to build match row: FC Zorya Lugansk vs Epicentr Dunaivtsi
[3588488] Failed to scrape lineup: https://www.transfermarkt.co.uk/arminia-bielefeld_1-fc-union-berlin/index/spielbericht/3588488
[3450600] Could not find attributes for uros spajic (Feyenoord Rotterdam, 2020)
[3450600] Failed to build match row: Vitesse Arnhem vs Feyenoord Rotterdam
[4794697] Could not find attributes for vebjorn hoff (Molde Fotballklubb, 2025)
[3852607] Failed to scrape lineup: https://www.transfermarkt.co.uk/psv-eindhoven_nec-nijmegen/index/spielbericht/3852607
[4129717] Failed to scrape lineup: https://www.transfermarkt.co.uk/fenerbahce_adana-demirspor/index/spielbericht/4129717
[4794697] Failed to build match row: Tromsø Idrettslag vs Molde Fotballklubb
[3838593] Failed to scrape lineup: https://www.transfermarkt.co.uk/arsenal-fc_wolverhampton-wanderers/index/spielbericht/3838593
[3432151] Could not find attributes for matous trmal (Vitória Sport Clube, 2020)
[3432151] Failed to build match row: Vitória Sport Clube vs CS Marítimo
[3889801] Could not find attributes for anthony valencia (Royal Antwerp Football Club, 2022)
[3889801] Failed to build match row: Royal Antwerp Football Club vs Lillestrøm Sportsklubb
[3612854] Failed to scrape lineup: https://www.transfermarkt.co.uk/kasimpasa_galatasaray/index/spielbericht/3612854
[4370284] Failed to scrape lineup: https://www.transfermarkt.co.uk/sint-truidense-vv_rsc-anderlecht/index/spielbericht/4370284

Keepers & outfield error for **Bristol Rovers** in Bristol Rovers vs Sutton United: Numbers: 2 and 9.
[3705512] Failed to build match row: Bristol Rovers vs Sutton United
[3461773] Could not find attributes for evgeniy gorodov (FK Krasnodar, 2020)
[3461773] Failed to build match row: FK Krasnodar vs Sevilla Fútbol Club S.A.D.
[4363335] Could not find attributes for matous trmal (FK Mladá Boleslav, a.s., 2024)
[3650373] Could not find attributes for lefteris choutesiotis (Ionikos Nikeas, 2021)
[3650373] Failed to build match row: Ionikos Nikeas vs Aris Thessalonikis
[4363335] Failed to build match row: FC Viktoria Plzeň, a.s. vs FK Mladá Boleslav, a.s.
[4641572] Could not find attributes for ringo meerveld (Sportclub Heerenveen, 2025)
[3602454] Could not find attributes for dmitriy chistyakov (AO FK Zenit Sankt-Peterburg, 2021)
[4641572] Failed to build match row: Sportclub Heerenveen vs Heracles Almelo
[3602454] Failed to build match row: AO FK Zenit Sankt-Peterburg vs RFK Akhmat Grozny

Keepers & outfield error for **Al-Nassr Football Club** in Al-Nassr Football Club vs Al-Taawoun Football Club: Numbers: 0 and 11.
[4646242] Could not find attributes for danylo varakuta (TOV FK Metalist 1925 Kharkiv, 2025)
[4709420] Failed to build match row: Al-Nassr Football Club vs Al-Taawoun Football Club
[4646242] Failed to build match row: TOV FK Metalist 1925 Kharkiv vs Futbolniy Klub Dynamo Kyiv
[3616627] Could not find attributes for vsevolod ermakov (FC Ararat Yerevan, 2021)
[3616627] Failed to build match row: Slask Wroclaw vs FC Ararat Yerevan
[4375440] Failed to scrape lineup: https://www.transfermarkt.co.uk/spielbericht/index/spielbericht/4375440
[4396654] Could not find attributes for rafa soares (Futebol Clube de Famalicão, 2024)
[4396654] Failed to build match row: Futebol Clube de Famalicão vs Gil Vicente Futebol Clube
[4129718] Could not find attributes for achilleas poungouras (Sivasspor, 2023)
[4129718] Failed to build match row: Sivasspor vs Fatih Karagümrük Sportif Faaliyetler San. Tic. A.Ş.
[3432152] Could not find attributes for fahd moufi (Portimonense SC, 2020)
[3869256] Could not find attributes for kiko bondoso (FC Vizela, 2022)
[3432152] Failed to build match row: Portimonense SC vs Clube Desportivo Nacional
[3869256] Failed to build match row: FC Vizela vs Sporting Clube de Portugal
[4530502] Could not find attributes for koki fukui (Cerezo Osaka, 2024)
[4530502] Failed to build match row: Cerezo Osaka vs Rakuten Vissel Kobe
[3503253] Could not find attributes for mario mitaj (Athlitiki Enosi Konstantinoupoleos, 2020)
[3503253] Failed to build match row: Athlitiki Enosi Konstantinoupoleos vs Panetolikos Agrinio
[3450601] Could not find attributes for mario gotze (Eindhovense Voetbalvereniging Philips Sport Vereniging, 2020)
[3450601] Failed to build match row: Eindhovense Voetbalvereniging Philips Sport Vereniging vs ADO Den Haag
[3927484] Could not find attributes for timofey kashintsev (Tekstilshchik Ivanovo, 2022)
[3927484] Failed to build match row: Tekstilshchik Ivanovo vs Kuban Krasnodar
[4451019] Could not find attributes for asbjorn brinck larsen (Avarta, 2024)
[4709421] Could not find attributes for burak ince (Al-Okhdood Club, 2025)
[4451019] Failed to build match row: Avarta vs Esbjerg fB
[4709421] Failed to build match row: Al-Okhdood Club vs Al-Ahli Saudi Football Club

[3650374] Could not find attributes for praxitelis vouros (Omilos Filathlon Irakliou FC, 2021)
[4103812] Failed to build match row: Cagliari Calcio vs Unione Sportiva Lecce
[4794698] Could not find attributes for simen haram (Aalesunds Fotballklubb, 2025)
[4727317] Could not find attributes for jason davidson (Melbourne Victory FC, 2025)
[3432153] Could not find attributes for fahd moufi (Portimonense SC, 2020)
[3650374] Failed to build match row: Omilos Filathlon Irakliou FC vs Athlitiki Enosi Konstantinoupoleos
[4094788] Could not find attributes for nampalys mendy (Racing Club de Lens, 2023)
[4665115] Could not find attributes for marios siampanis (Volou Neos Podosferikos Syllogos, 2025)
[4794698] Failed to build match row: Aalesunds Fotballklubb vs Sportsklubben Brann
[3432153] Failed to build match row: Portimonense SC vs Futebol Clube de Famalicão
[4727317] Failed to build match row: Central Coast Mariners Football Club vs Melbourne Victory FC
[4646259] Could not find attributes for nazariy fedorivskyi (FK Obolon Kyiv, 2025)
[4094788] Failed to build match row: Olympique Lyonnais vs Racing Club de Lens
[4665115] Failed to build match row: Volou Neos Podosferikos Syllogos vs Panthessalonikios Athlitikos Omilos Konstantinoupoliton

Keepers & outfield error for **Sporting Clube de Braga** in Sporting Clube de Braga vs Vitória Sport Clube: Numbers: 0 and 11.
[4635200] Could not find attributes for yvon mvogo (Football Club Lorient-Bretagne Sud, 2025)
[3852609] Could not find attributes for oguzhan ozyakup (Fortuna Sittardia Combinatie, 2022)
[3616628] Could not find attributes for slavisa bogdanovic (FK Velez Mostar, 2021)
[4396655] Failed to build match row: Sporting Clube de Braga vs Vitória Sport Clube
[3869257] Could not find attributes for ponck (GD Chaves, 2022)
[3503254] Could not find attributes for gergely nagy (Athlitiki Enosi Larisas, 2020)
[4646259] Failed to build match row: FK Obolon Kyiv vs LNZ Cherkasy
[3869257] Failed to build match row: GD Chaves vs Boavista FC
[3852609] Failed to build match row: Sparta Rotterdam vs Fortuna Sittardia Combinatie
[4624805] Could not find attributes for serafin szota (Morski Związkowy Klub Sportowy Arka Gdynia Spółka Akcyjna, 2025)
[3616628] Failed to build match row: Athlitiki Enosi Konstantinoupoleos vs FK Velez Mostar
[3503254] Failed to build match row: Athlitiki Enosi Larisas vs PAS Giannina
[4129719] Could not find attributes for jakub slowik (Konyaspor, 2023)
[4624805] Failed to build match row: Morski Klub Sportowy Pogoń Szczecin vs Morski Związkowy Klub Sportowy Arka Gdynia Spółka Akcyjna
[4635200] Failed to build match row: Football Club Lorient-Bretagne Sud vs Angers Sporting Club de l'Ouest

Keepers & outfield error for **Central Coast Mariners Football Club** in Central Coast Mariners Football Club vs Western Sydney Wanderers: Numbers: 2 and 9.
[4530503] Could not find attributes for svend brodersen (Fagiano Okayama Sports Club, 2024)
[4129719] Failed to build match row: Konyaspor vs Trabzonspor Kulübü
[4020740] Could not find attributes for afsha (Al Ahly FC, 2022)
[4425099] Failed to build match row: Central Coast Mariners Football Club vs Western Sydney Wanderers
[3927485] Could not find attributes for andrey klimovich (Volga Uljanovsk, 2022)
[4530503] Failed to build match row: Fagiano Okayama Sports Club vs Shonan Bellmare
[4020740] Failed to build match row: Al Ahly FC vs Real Madrid Club de Fútbol
[3450602] Could not find attributes for sven mijnans (Sparta Rotterdam, 2020)
[3927485] Failed to build match row: Volga Uljanovsk vs FC Rubin Kazan
Not enough players found for lineup: 0, 11.
[4361232] Could not find attributes for krzysztof kurowski (Slask Wroclaw, 2024)
[3602455] Could not find attributes for ilya lantratov (FC Khimki (-2025), 2021)
[3450602] Failed to build match row: Sparta Rotterdam vs ADO Den Haag
[4361232] Failed to build match row: Slask Wroclaw vs Puszcza Niepolomice
[4375441] Failed to scrape lineup: https://www.transfermarkt.co.uk/spielbericht/index/spielbericht/4375441
[3602455] Failed to build match row: FK Spartak Moskva vs FC Khimki (-2025)
[3889803] Could not find attributes for mattias lamhauge (B36 Tórshavn, 2022)
[3889803] Failed to build match row: B36 Tórshavn vs Viborg Fodsports Forening
[3612855] Failed to scrape lineup: https://www.transfermarkt.co.uk/besiktas-jk_fatih-karagumruk/index/spielbericht/3612855
[4648998] Failed to scrape lineup: https://www.transfermarkt.co.uk/fc-universitatea-cluj_fc-dinamo-1948/index/spielbericht/4648998
[3426850] Failed to build match row: Fatih Karagümrük Sportif Faaliyetler San. Tic. A.Ş. vs Erzurumspor FK
[4641574] Could not find attributes for simon janssen (Excelsior Rotterdam, 2025)
[4641574] Failed to build match row: Excelsior Rotterdam vs Sportclub Heerenveen

Keepers & outfield error for **FC Empoli** in FC Empoli vs Frosinone Calcio: Numbers: 2 and 9.
[4103813] Failed to build match row: FC Empoli vs Frosinone Calcio
[4646260] Failed to scrape lineup: https://www.transfermarkt.co.uk/epicentr-kamyanets-podilskyi_sc-poltava/index/spielbericht/4646260
[3650375] Could not find attributes for yuriy lodygin (PAS Giannina, 2021)
[3650375] Failed to build match row: PAS Giannina vs Panathinaikos Athlitikos Omilos
[4022148] Failed to scrape lineup: https://www.transfermarkt.co.uk/spielbericht/index/spielbericht/4022148
[3852610] Failed to scrape lineup: https://www.transfermarkt.co.uk/ajax-amsterdam_psv-eindhoven/index/spielbericht/3852610
[4228114] Could not find attributes for sam freeman (Cray Valley Paper Mills, 2023)
[4228114] Failed to build match row: Cray Valley Paper Mills vs Charlton Athletic

Keepers & outfield error for **Melbourne Victory FC** in Melbourne Victory FC vs Melbourne City Football Club: Numbers: 2 and 9.
[4425100] Failed to build match row: Melbourne Victory FC vs Melbourne City Football Club
[4810902] Could not find attributes for tomas cuello (Clube Atlético Mineiro, 2025)
[3503255] Failed to scrape lineup: https://www.transfermarkt.co.uk/asteras-tripolis_olympiacos-piraeus/index/spielbericht/3503255
[4810902] Failed to build match row: Clube Atlético Mineiro vs Mirasol Futebol Clube

Keepers & outfield error for **Football Club Volendam** in Football Club Volendam vs Heracles Almelo: Numbers: 2 and 9.

Keepers & outfield error for **Gil Vicente Futebol Clube** in Gil Vicente Futebol Clube vs Casa Pia Atlético Clube: Numbers: 0 and 11.
[4097940] Failed to build match row: Football Club Volendam vs Heracles Almelo
[3869258] Failed to build match row: Gil Vicente Futebol Clube vs Casa Pia Atlético Clube
[4514476] Could not find attributes for aleksey miranchuk (Atlanta United Football Club, 2024)
[4514476] Failed to build match row: Atlanta United Football Club vs Nashville SC
[3602456] Could not find attributes for sergey pesjakov (FK Rostov, 2021)
[3602456] Failed to build match row: FK Rostov vs FK Krasnodar
[4604197] Could not find attributes for santeri haarala (Djurgårdens Idrottsförening, 2024)
[3432154] Could not find attributes for moatasem al musrati (Sporting Clube de Braga, 2020)
[4604197] Failed to build match row: Djurgårdens Idrottsförening vs Chelsea Football Club
[4396656] Could not find attributes for xeka (Grupo Desportivo Estoril Praia, 2024)
[3432154] Failed to build match row: Sporting Clube de Braga vs Sport Lisboa e Benfica
[4396656] Failed to build match row: Grupo Desportivo Estoril Praia vs Clube Desportivo Nacional
[4635201] Could not find attributes for francis coquelin (Football Club de Nantes, 2025)

Keepers & outfield error for **Eintracht Frankfurt Fußball AG** in Borussia Dortmund vs Eintracht Frankfurt Fußball AG: Numbers: 2 and 9.
[4129720] Could not find attributes for bakhtiyor zaynutdinov (Beşiktaş Jimnastik Kulübü, 2023)
[4635201] Failed to build match row: Association sportive de Monaco Football Club vs Football Club de Nantes
[4373054] Failed to build match row: Borussia Dortmund vs Eintracht Frankfurt Fußball AG
[4626804] Could not find attributes for zeljko samcovic (Fudbalski Klub Novi Pazar, 2025)
[4129720] Failed to build match row: İstanbul Başakşehir Futbol Kulübü vs Beşiktaş Jimnastik Kulübü
[4626804] Failed to build match row: Fudbalski Klub Novi Pazar vs Jagiellonia-Bialystok Sportowa Spólka Akcyjna
[3450603] Failed to scrape lineup: https://www.transfermarkt.co.uk/fc-utrecht_ado-den-haag/index/spielbericht/3450603
[4375442] Failed to scrape lineup: https://www.transfermarkt.co.uk/spielbericht/index/spielbericht/4375442
[3616631] Could not find attributes for ricardo delgado (F91 Dudelange, 2021)
[3426851] Could not find attributes for zvonimir sarlija (MKE Ankaragücü, 2020)
[3415360] Could not find attributes for oleksandr filippov (St Truiden, 2020)
[4646261] Could not find attributes for isaque (FC Shakhtar Donetsk, 2025)
[4665116] Could not find attributes for panagiotis liagas (APO Levadiakos Football Club, 2025)
[3616631] Failed to build match row: Bohemian Football Club vs F91 Dudelange
[3415360] Failed to build match row: St Truiden vs SK Beveren

Keepers & outfield error for **Villarreal Club de Fútbol S.A.D.** in Villarreal Club de Fútbol S.A.D. vs Real Betis Balompié S.A.D.: Numbers: 0 and 11.
[4665116] Failed to build match row: APO Levadiakos Football Club vs APS Atromitos Athinon
[4646261] Failed to build match row: FC Shakhtar Donetsk vs FK Kolos Kovalivka
[3426851] Failed to build match row: Galatasaray Spor Kulübü vs MKE Ankaragücü

Keepers & outfield error for **SC Oţelul Galaţi** in SC Oţelul Galaţi vs Fotbal Club CFR 1907 Cluj SA: Numbers: 2 and 9.
[4407709] Failed to build match row: Villarreal Club de Fútbol S.A.D. vs Real Betis Balompié S.A.D.
[4648999] Failed to build match row: SC Oţelul Galaţi vs Fotbal Club CFR 1907 Cluj SA
[3602457] Could not find attributes for roman evgenjev (FK Dinamo Moskva, 2021)
[3602457] Failed to build match row: FK Dinamo Moskva vs FK Nizhny Novgorod
[4361233] Failed to scrape lineup: https://www.transfermarkt.co.uk/widzew-lodz_rakow-czestochowa/index/spielbericht/4361233
[4624806] Could not find attributes for luquinhas (Radomiak S.A., 2025)
[3432155] Failed to scrape lineup: https://www.transfermarkt.co.uk/portimonense-sc_sl-benfica/index/spielbericht/3432155
[4624806] Failed to build match row: Radomiak S.A. vs Miejski Klub Sportowy Korona Kielce Spółka Akcyjna
Not enough players found for lineup: 11, 0.
[3461776] Could not find attributes for mikhail kerzhakov (AO FK Zenit Sankt-Peterburg, 2020)
[4810903] Could not find attributes for alexandro bernabei (Sport Club Internacional, 2025)
[3889804] Failed to scrape lineup: https://www.transfermarkt.co.uk/spielbericht/index/spielbericht/3889804
[3927486] Could not find attributes for Evgeniy Archibasov (Zenit Izhevsk, 2022)
[3461776] Failed to build match row: Società Sportiva Lazio S.p.A. vs AO FK Zenit Sankt-Peterburg
[4810903] Failed to build match row: Sport Club Internacional vs Club de Regatas Vasco da Gama
[3927486] Failed to build match row: Zenit Izhevsk vs KamAZ Naberezhnye Chelny
[4626805] Failed to scrape lineup: https://www.transfermarkt.co.uk/spielbericht/index/spielbericht/4626805
[4171236] Could not find attributes for nampalys mendy (Racing Club de Lens, 2023)
[3838597] Could not find attributes for serge aurier (Nottingham Forest Football Club, 2022)
[4171236] Failed to build match row: Eindhovense Voetbalvereniging Philips Sport Vereniging vs Racing Club de Lens
[3838597] Failed to build match row: Crystal Palace Football Club vs Nottingham Forest Football Club
[4094790] Could not find attributes for nabil bentaleb (Lille Olympique Sporting Club, 2023)
[4094790] Failed to build match row: Stade Reims vs Lille Olympique Sporting Club
[3415362] Failed to scrape lineup: https://www.transfermarkt.co.uk/club-brugge-kv_sint-truidense-vv/index/spielbericht/3415362
[3650376] Failed to scrape lineup: https://www.transfermarkt.co.uk/pas-lamia-1964_olympiacos-piraeus/index/spielbericht/3650376
[3597827] Failed to scrape lineup: https://www.transfermarkt.co.uk/fc-utrecht_feyenoord-rotterdam/index/spielbericht/3597827

Keepers & outfield error for **Futebol Clube de Arouca** in Futebol Clube de Arouca vs Sporting Clube de Portugal: Numbers: 2 and 9.
[4396657] Failed to build match row: Futebol Clube de Arouca vs Sporting Clube de Portugal
[4514477] Could not find attributes for peyton miller (New England Revolution, 2024)
[3869259] Failed to build match row: Rio Ave Futebol Clube vs Futebol Clube de Famalicão
[4530504] Could not find attributes for yuma obata (Avispa Fukuoka, 2024)
[4530504] Failed to build match row: Avispa Fukuoka vs S-Pulse
[4129721] Could not find attributes for ramzi safuri (Antalyaspor, 2023)
[4514477] Failed to build match row: Toronto FC vs New England Revolution
[3503256] Failed to scrape lineup: https://www.transfermarkt.co.uk/aris-thessaloniki_volos-nps/index/spielbericht/3503256
[4129721] Failed to build match row: Antalyaspor vs MKE Ankaragücü
[4709422] Could not find attributes for ramzi solan (Al-Kholood Club, 2025)

Keepers & outfield error for **Carlisle United** in Carlisle United vs Shrewsbury Town: Numbers: 0 and 11.
[4709422] Failed to build match row: Al-Kholood Club vs Al-Ittihad Football Club
[3705515] Failed to build match row: Carlisle United vs Shrewsbury Town
[4624807] Failed to scrape lineup: https://www.transfermarkt.co.uk/wisla-plock_widzew-lodz/index/spielbericht/4624807
[3432156] Failed to scrape lineup: https://www.transfermarkt.co.uk/cd-nacional_sl-benfica/index/spielbericht/3432156
[4363336] Failed to scrape lineup: https://www.transfermarkt.co.uk/fc-banik-ostrava_sk-dynamo-ceske-budejovice/index/spielbericht/4363336
[4171237] Could not find attributes for nampalys mendy (Racing Club de Lens, 2023)
[4171237] Failed to build match row: Racing Club de Lens vs Sevilla Fútbol Club S.A.D.
Not enough players found for lineup: 0, 11.
[4375443] Failed to scrape lineup: https://www.transfermarkt.co.uk/spielbericht/index/spielbericht/4375443
[4646262] Could not find attributes for eduard sarapiy (FK Polissya Zhytomyr, 2025)
[4646262] Failed to build match row: FK Polissya Zhytomyr vs FC Rukh Lviv
[4367830] Failed to scrape lineup: https://www.transfermarkt.co.uk/ajax-amsterdam_sc-heerenveen/index/spielbericht/4367830

Keepers & outfield error for **Sevilla Fútbol Club S.A.D.** in Sevilla Fútbol Club S.A.D. vs Celta: Numbers: 0 and 11.
[3616632] Could not find attributes for damir muminovic (Breidablik Kópavogur, 2021)
[4641576] Could not find attributes for mohamed ihattaren (Fortuna Sittardia Combinatie, 2025)
[4641576] Failed to build match row: Fortuna Sittardia Combinatie vs Sportclub Telstar
[3616632] Failed to build match row: Breidablik Kópavogur vs Fußballklub Austria Wien
[4407710] Failed to build match row: Sevilla Fútbol Club S.A.D. vs Celta
[3889805] Could not find attributes for anton ari einarsson (Breidablik Kópavogur, 2022)
[3889805] Failed to build match row: İstanbul Başakşehir Futbol Kulübü vs Breidablik Kópavogur

Keepers & outfield error for **Genoa Cricket and Football Club** in Associazione Calcio Milan vs Genoa Cricket and Football Club: Numbers: 0 and 11.
[4103815] Failed to build match row: Associazione Calcio Milan vs Genoa Cricket and Football Club
[4810904] Could not find attributes for felipinho (Clube Atlético Paranaense, 2025)
[4810904] Failed to build match row: Clube Atlético Paranaense vs Clube de Regatas do Flamengo
[3602458] Failed to scrape lineup: https://www.transfermarkt.co.uk/lokomotiv-moscow_krylya-sovetov-samara/index/spielbericht/3602458
[4097943] Could not find attributes for cisse sandra (Excelsior Rotterdam, 2023)
Not enough players found for lineup: 0, 0.
[3426852] Failed to scrape lineup: https://www.transfermarkt.co.uk/hatayspor_sivasspor/index/spielbericht/3426852
[3461777] Failed to scrape lineup: https://www.transfermarkt.co.uk/spielbericht/index/spielbericht/3461777
[3927711] Failed to scrape lineup: https://www.transfermarkt.co.uk/spielbericht/index/spielbericht/3927711
[4097943] Failed to build match row: Sportclub Heerenveen vs Excelsior Rotterdam
[4626806] Could not find attributes for davor taleski (Vardar Skopje, 2025)
[4626806] Failed to build match row: Vardar Skopje vs Football Club Lausanne-Sport
[4727318] Failed to scrape lineup: https://www.transfermarkt.co.uk/melbourne-victory_adelaide-united/index/spielbericht/4727318
[4171238] Could not find attributes for nampalys mendy (Racing Club de Lens, 2023)
[4171238] Failed to build match row: Racing Club de Lens vs Arsenal Football Club
[3840436] Could not find attributes for maximiliano caufriez (Clermont Foot 63, 2022)
[3840436] Failed to build match row: Clermont Foot 63 vs Football Club Lorient-Bretagne Sud
[4641577] Could not find attributes for ruud nijstad (Football Club Twente, 2025)
[4641577] Failed to build match row: Go Ahead Eagles vs Football Club Twente
[4530505] Could not find attributes for tomoki hayakawa (Kashima Antlers FC, 2024)
[4530505] Failed to build match row: Kashima Antlers FC vs Hitachi Kashiwa Reysol
[4367831] Failed to scrape lineup: https://www.transfermarkt.co.uk/willem-ii-tilburg_sparta-rotterdam/index/spielbericht/4367831
[3503257] Failed to scrape lineup: https://www.transfermarkt.co.uk/ofi-crete-fc_pas-lamia-1964/index/spielbericht/3503257
[3705516] Failed to scrape lineup: https://www.transfermarkt.co.uk/spielbericht/index/spielbericht/3705516

Keepers & outfield error for **Hertha BSC** in Sport-Club Freiburg vs Hertha BSC: Numbers: 0 and 11.
[3588494] Failed to build match row: Sport-Club Freiburg vs Hertha BSC
Not enough players found for lineup: 0, 11.
[4363337] Could not find attributes for matus hruska (FK Dukla Praha a.s., 2024)
[3651030] Failed to scrape lineup: https://www.transfermarkt.co.uk/spielbericht/index/spielbericht/3651030
[4363337] Failed to build match row: FK Dukla Praha a.s. vs FC Slovan Liberec
[4375444] Failed to scrape lineup: https://www.transfermarkt.co.uk/spielbericht/index/spielbericht/4375444
[4094793] Failed to scrape lineup: https://www.transfermarkt.co.uk/stade-brestois-29_le-havre-ac/index/spielbericht/4094793
[4022849] Could not find attributes for joao palhinha (Fulham Football Club, 2022)
[4022849] Failed to build match row: Fulham Football Club vs Leeds United Association Football Club
[3461778] Could not find attributes for ilya zabarnyi (Futbolniy Klub Dynamo Kyiv, 2020)
[3461778] Failed to build match row: Futbolniy Klub Dynamo Kyiv vs Futbol Club Barcelona
[3415364] Could not find attributes for vadis odjidja ofoe (Koninklijke Atletiek Associatie Gent, 2020)
[3415364] Failed to build match row: KV Oostende vs Koninklijke Atletiek Associatie Gent
[4103816] Could not find attributes for christos mandas (Società Sportiva Lazio S.p.A., 2023)
[4103816] Failed to build match row: AC Monza vs Società Sportiva Lazio S.p.A.
[4129722] Could not find attributes for ozcan sahan (Istanbulspor, 2023)
[4129722] Failed to build match row: Istanbulspor vs Çaykur Rizespor Kulübü
Not enough players found for lineup: 0, 0.
[3927712] Failed to scrape lineup: https://www.transfermarkt.co.uk/spielbericht/index/spielbericht/3927712
[4407712] Failed to scrape lineup: https://www.transfermarkt.co.uk/real-valladolid-cf_valencia-cf/index/spielbericht/4407712
[4727319] Could not find attributes for harrison delbridge (Melbourne City Football Club, 2025)
[4604198] Could not find attributes for reggie walsh (Chelsea Football Club, 2024)
[4709423] Could not find attributes for ismaila soro (Al-Riyadh Saudi Club, 2025)
[4361236] Could not find attributes for bujar pllana (Klub Sportowy Lechia Gdańsk, 2024)
a/index/spielbericht/3869260
[4665117] Could not find attributes for theodoros venetikidis (Athlitiki Enosi Larisas, 2025)
[4626807] Failed to scrape lineup: https://www.transfermarkt.co.uk/spielbericht/index/spielbericht/4626807
[4171239] Could not find attributes for nampalys mendy (Racing Club de Lens, 2023)
[3461779] Failed to scrape lineup: https://www.transfermarkt.co.uk/spielbericht/index/spielbericht/3461779
[4361236] Failed to build match row: Klub Sportowy Lechia Gdańsk vs Slask Wroclaw
[4604198] Failed to build match row: Chelsea Football Club vs Djurgårdens Idrottsförening
[4665117] Failed to build match row: Olympiakos Syndesmos Filathlon Peiraios vs Athlitiki Enosi Larisas
[4727319] Failed to build match row: Auckland Football Club vs Melbourne City Football Club
[4709423] Failed to build match row: Al-Riyadh Saudi Club vs Al-Fayha FC
[4171239] Failed to build match row: Racing Club de Lens vs Eindhovense Voetbalvereniging Philips Sport Vereniging
[4363338] Could not find attributes for lukas hulka (Bohemians Praha 1905, a.s., 2024)
[4514478] Failed to scrape lineup: https://www.transfermarkt.co.uk/columbus-crew_charlotte-fc/index/spielbericht/4514478
[4363338] Failed to build match row: Bohemians Praha 1905, a.s. vs SK Slavia Praha, a.s.
[4649000] Could not find attributes for fabinho (F.C.V. Farul Constanța SA, 2025)
[4649000] Failed to build match row: Asociația Fotbal Club Hermannstadt vs F.C.V. Farul Constanța SA
[4794699] Could not find attributes for lubomir belko (Viking Fotballklubb, 2025)
[3415365] Failed to scrape lineup: https://www.transfermarkt.co.uk/oud-heverlee-leuven_cercle-brugge/index/spielbericht/3415365
[4794699] Failed to build match row: Fredrikstad Fotballklubb vs Viking Fotballklubb
[4641578] Could not find attributes for remko pasveer (Heracles Almelo, 2025)
[4641578] Failed to build match row: Heracles Almelo vs Football Club Utrecht
[4373298] Failed to scrape lineup: https://www.transfermarkt.co.uk/fc-augsburg_sv-werder-bremen/index/spielbericht/4373298

Keepers & outfield error for **Paris Saint-Germain Football Club** in Paris Saint-Germain Football Club vs Stade Reims: Numbers: 2 and 9.
[3612859] Failed to scrape lineup: https://www.transfermarkt.co.uk/adana-demirspor_konyaspor/index/spielbericht/3612859
[4094794] Failed to build match row: Paris Saint-Germain Football Club vs Stade Reims
[3503258] Could not find attributes for dimitrios goutas (APS Atromitos Athinon, 2020)
[3503258] Failed to build match row: APS Atromitos Athinon vs Panthessalonikios Athlitikos Omilos Konstantinoupoliton

Keepers & outfield error for **Manchester United Football Club** in Berner Sport Club Young Boys vs Manchester United Football Club: Numbers: 2 and 9.
[3651031] Failed to build match row: Berner Sport Club Young Boys vs Manchester United Football Club
[4120619] Could not find attributes for yevgen volynets (SC Dnipro-1, 2023)
[4120619] Failed to build match row: SC Dnipro-1 vs FK Kolos Kovalivka
[4624809] Could not find attributes for serafin szota (Morski Związkowy Klub Sportowy Arka Gdynia Spółka Akcyjna, 2025)
[4624809] Failed to build match row: Morski Związkowy Klub Sportowy Arka Gdynia Spółka Akcyjna vs GKS GieKSa Katowice Spółka Akcyjna
[4810905] Failed to scrape lineup: https://www.transfermarkt.co.uk/esporte-clube-bahia_gremio-foot-ball-porto-alegrense/index/spielbericht/4810905
[3616633] Failed to scrape lineup: https://www.transfermarkt.co.uk/spielbericht/index/spielbericht/3616633
Not enough players found for lineup: 0, 11.
w.transfermarkt.co.uk/boavista-fc_cd-santa-clara/index/spielbericht/3432157
[4396660] Failed to scrape lineup: https://www.transfermarkt.co.uk/avs-futebol_fc-porto/index/spielbericht/4396660
richt/4635204
[4375445] Failed to scrape lineup: https://www.transfermarkt.co.uk/spielbericht/index/spielbericht/4375445
[3869261] Failed to scrape lineup: https://www.transfermarkt.co.uk/fc-porto_gil-vicente-fc/index/spielbericht/3869261
[3927713] Failed to scrape lineup: https://www.transfermarkt.co.uk/spielbericht/index/spielbericht/3927713
[3602459] Failed to scrape lineup: https://www.transfermarkt.co.uk/fc-sochi_fc-ufa/index/spielbericht/3602459
[3426853] Failed to scrape lineup: https://www.transfermarkt.co.uk/caykur-rizespor_kayserispor/index/spielbericht/3426853
[4604778] Could not find attributes for anton zhylkin (Ingulets Petrove, 2024)
[4604778] Failed to build match row: Ingulets Petrove vs Futbolniy Klub Dynamo Kyiv
[4451020] Could not find attributes for lukas kiilerich (Brönshöj Boldklub, 2024)
[3461780] Failed to scrape lineup: https://www.transfermarkt.co.uk/spielbericht/index/spielbericht/3461780

Keepers & outfield error for **Vitória Sport Clube** in Vitória Sport Clube vs HNK Hajduk Split: Numbers: 0 and 11.
[3889806] Failed to build match row: Vitória Sport Clube vs HNK Hajduk Split
[4451020] Failed to build match row: Brönshöj Boldklub vs BK Frem
[4514479] Could not find attributes for boris enow (D.C. United, 2024)
[4514479] Failed to build match row: D.C. United vs Colorado Rapids
[3597829] Failed to scrape lineup: https://www.transfermarkt.co.uk/heracles-almelo_nec-nijmegen/index/spielbericht/3597829
[4129723] Could not find attributes for shahrudin mahammadaliyev (Adana Demirspor, 2023)
[4129723] Failed to build match row: Adana Demirspor vs Kayserispor Kulübü
[3503259] Could not find attributes for christopher knett (Panetolikos Agrinio, 2020)
[3503259] Failed to build match row: Panetolikos Agrinio vs Olympiakos Syndesmos Filathlon Peiraios

Keepers & outfield error for **KV Kortrijk** in Royal Charleroi Sporting Club vs KV Kortrijk: Numbers: 0 and 11.
[3415366] Failed to build match row: Royal Charleroi Sporting Club vs KV Kortrijk

Keepers & outfield error for **Fleetwood Town** in Burnley Football Club vs Fleetwood Town: Numbers: 2 and 9.
[4022851] Failed to build match row: Burnley Football Club vs Fleetwood Town
[4810906] Could not find attributes for marcelinho (Clube do Remo, 2025)
[4810906] Failed to build match row: Associação Chapecoense de Futebol vs Clube do Remo
[3588495] Failed to scrape lineup: https://www.transfermarkt.co.uk/tsg-1899-hoffenheim_vfb-stuttgart/index/spielbericht/3588495
[3432158] Could not find attributes for bilel aouacheria (SC Farense, 2020)
[3432158] Failed to build match row: SC Farense vs CS Marítimo
[4363339] Could not find attributes for tadeas stoppen (SK Sigma Olomouc, a.s., 2024)
[4363339] Failed to build match row: AC Sparta Praha, a. s. vs SK Sigma Olomouc, a.s.
[4727320] Could not find attributes for kaito taniguchi (Central Coast Mariners Football Club, 2025)
[4624810] Could not find attributes for hussein ali (Morski Klub Sportowy Pogoń Szczecin, 2025)

Keepers & outfield error for **Futebol Clube de Arouca** in Futebol Clube de Arouca vs Casa Pia Atlético Clube: Numbers: 2 and 9.
[4727320] Failed to build match row: Central Coast Mariners Football Club vs Newcastle United Jets Football Club
[4624810] Failed to build match row: Klub Sportowy Górnik Zabrze Sportowa Spółka Akcyjna vs Morski Klub Sportowy Pogoń Szczecin
[3869262] Failed to build match row: Futebol Clube de Arouca vs Casa Pia Atlético Clube
Not enough players found for lineup: 0, 11.
[3840438] Could not find attributes for kiki kouyate (Montpellier HSC, 2022)
[4120620] Could not find attributes for oleg mozil (TOV FK Metalist 1925 Kharkiv, 2023)
[3840438] Failed to build match row: Montpellier HSC vs Olympique Gymnaste Club Nice Côte d'Azur
[4120620] Failed to build match row: TOV FK Metalist 1925 Kharkiv vs FC Zorya Lugansk
[4375446] Failed to scrape lineup: https://www.transfermarkt.co.uk/spielbericht/index/spielbericht/4375446
[4635206] Failed to scrape lineup: https://www.transfermarkt.co.uk/paris-saint-germain_fc-metz/index/spielbericht/4635206

Keepers & outfield error for **Associazione Sportiva Roma** in Associazione Sportiva Roma vs Juventus Football Club: Numbers: 2 and 9.
[3616634] Could not find attributes for bojan zogovic (KF Vllaznia, 2021)

[4103817] Failed to build match row: Associazione Sportiva Roma vs Juventus Football Club
[3616634] Failed to build match row: KF Vllaznia vs AEL Limassol
[4641579] Could not find attributes for deveron fonville (Nijmegen Eendracht Combinatie, 2025)
[3426854] Could not find attributes for irfan can egribayat (Göztepe Sportif Yatırımlar A.Ş., 2020)
[4530506] Could not find attributes for masato morishige (Tokyo Football Club, 2024)
[3852614] Could not find attributes for igor paixao (Feyenoord Rotterdam, 2022)
[4810907] Failed to scrape lineup: https://www.transfermarkt.co.uk/cr-flamengo_clube-de-regatas-vasco-da-gama/index/spielbericht/4810907
[4641579] Failed to build match row: Nijmegen Eendracht Combinatie vs Football Club Volendam
[4097944] Failed to build match row: Sparta Rotterdam vs Vitesse Arnhem
[4530506] Failed to build match row: Tokyo Football Club vs Urawa Red Diamonds
[4665118] Could not find attributes for apostolos apostolopoulos (Panetolikos Agrinio, 2025)
[3432159] Failed to scrape lineup: https://www.transfermarkt.co.uk/fc-porto_cs-maritimo/index/spielbericht/3432159
[3426854] Failed to build match row: Göztepe Sportif Yatırımlar A.Ş. vs Alanyaspor
[3415367] Could not find attributes for sandy walsh (Yellow-Red Koninklijke Voetbalclub Mechelen, 2020)
[3415367] Failed to build match row: Royal Standard Club de Liège vs Yellow-Red Koninklijke Voetbalclub Mechelen
[4665118] Failed to build match row: Panetolikos Agrinio vs Panserraikos Serres
[3852614] Failed to build match row: Football Club Volendam vs Feyenoord Rotterdam
[4709424] Could not find attributes for nacho fernandez (Al-Qadsiah Saudi Football Club, 2025)
[4727321] Failed to scrape lineup: https://www.transfermarkt.co.uk/brisbane-roar_perth-glory/index/spielbericht/4727321
[4624811] Failed to scrape lineup: https://www.transfermarkt.co.uk/jagiellonia-bialystok_radomiak-radom/index/spielbericht/4624811
[4709424] Failed to build match row: Al-Nassr Football Club vs Al-Qadsiah Saudi Football Club
[3838601] Could not find attributes for joao palhinha (Fulham Football Club, 2022)
[4794700] Could not find attributes for simen vidtun nilsen (Sportsklubben Brann, 2025)
[4361238] Could not find attributes for cezary polak (Jagiellonia-Bialystok Sportowa Spólka Akcyjna, 2024)
[3838601] Failed to build match row: Manchester United Football Club vs Fulham Football Club
[4361238] Failed to build match row: Puszcza Niepolomice vs Jagiellonia-Bialystok Sportowa Spólka Akcyjna
[4626808] Could not find attributes for mykyta shevchenko (FC Oleksandriya, 2025)
[4794700] Failed to build match row: Rosenborg Ballklub vs Sportsklubben Brann
[4626808] Failed to build match row: FC Oleksandriya vs Fudbalski Klub Partizan Beograd
[3612861] Could not find attributes for mohammad naderi (Altay SK, 2021)
[3612861] Failed to build match row: Altay SK vs Fenerbahçe Spor Kulübü
[4514481] Could not find attributes for frankie westfield (Philadelphia Union, 2024)
[4514481] Failed to build match row: Club de Foot Montréal vs Philadelphia Union
[4425101] Could not find attributes for yuto misao (Perth Glory Football Club, 2024)
[4425101] Failed to build match row: Perth Glory Football Club vs Sydney Football Club
[3927714] Could not find attributes for stefan kok (ASWH Ambacht, 2022)
[3927714] Failed to build match row: ASWH Ambacht vs Kozakken Boys
[4228797] Could not find attributes for luke daley (York City, 2023)
[4228797] Failed to build match row: York City vs Wigan Athletic
[3889808] Failed to scrape lineup: https://www.transfermarkt.co.uk/spielbericht/index/spielbericht/3889808
[4396661] Could not find attributes for sandro cruz (Gil Vicente Futebol Clube, 2024)
[4396661] Failed to build match row: Clube Desportivo Santa Clara vs Gil Vicente Futebol Clube
Not enough players found for lineup: 0, 11.
[4375447] Failed to scrape lineup: https://www.transfermarkt.co.uk/spielbericht/index/spielbericht/4375447
[3503260] Could not find attributes for amr warda (Panthessalonikios Athlitikos Omilos Konstantinoupoliton, 2020)
[3503260] Failed to build match row: Panthessalonikios Athlitikos Omilos Konstantinoupoliton vs Volou Neos Podosferikos Syllogos
[4608956] Failed to scrape lineup: https://www.transfermarkt.co.uk/spielbericht/index/spielbericht/4608956
[4022852] Could not find attributes for andre brooks (Sheffield United, 2022)
[4022852] Failed to build match row: Sheffield United vs Tottenham Hotspur Football Club
[4635207] Could not find attributes for daouda guindo (Stade brestois 29, 2025)
[4635207] Failed to build match row: Stade brestois 29 vs Olympique de Marseille
[4103818] Failed to scrape lineup: https://www.transfermarkt.co.uk/us-salernitana-1919_atalanta-bc/index/spielbericht/4103818
[4810908] Failed to scrape lineup: https://www.transfermarkt.co.uk/botafogo-de-futebol-e-regatas_clube-do-remo-pa-/index/spielbericht/4810908
[4094797] Failed to scrape lineup: https://www.transfermarkt.co.uk/fc-lorient_olympique-lyon/index/spielbericht/4094797
[4646263] Could not find attributes for andrey kozhukhar (NK Veres Rivne, 2025)
[4646263] Failed to build match row: NK Veres Rivne vs TOV FK Metalist 1925 Kharkiv
[3461782] Failed to scrape lineup: https://www.transfermarkt.co.uk/spielbericht/index/spielbericht/3461782
[4451021] Failed to scrape lineup: https://www.transfermarkt.co.uk/spielbericht/index/spielbericht/4451021
[3852615] Could not find attributes for oguzhan ozyakup (Fortuna Sittardia Combinatie, 2022)
[3612862] Failed to scrape lineup: https://www.transfermarkt.co.uk/hatayspor_alanyaspor/index/spielbericht/3612862
[4624812] Failed to scrape lineup: https://www.transfermarkt.co.uk/korona-kielce_lech-poznan/index/spielbericht/4624812
[3852615] Failed to build match row: Fortuna Sittardia Combinatie vs FC Emmen
[4129724] Failed to scrape lineup: https://www.transfermarkt.co.uk/hatayspor_istanbulspor/index/spielbericht/4129724
[3432160] Could not find attributes for felipe pires (Moreirense Futebol Clube, 2020)

Keepers & outfield error for **Adelaide United Football Club** in Western United FC vs Adelaide United Football Club: Numbers: 2 and 9.
[3432160] Failed to build match row: Futebol Clube do Porto vs Moreirense Futebol Clube
[4425102] Failed to build match row: Western United FC vs Adelaide United Football Club

Keepers & outfield error for **Grupo Desportivo Estoril Praia** in Grupo Desportivo Estoril Praia vs Futebol Clube de Arouca: Numbers: 0 and 11.
[4363340] Could not find attributes for haiderson hurtado (FK Jablonec a.s., 2024)
[4396662] Failed to build match row: Grupo Desportivo Estoril Praia vs Futebol Clube de Arouca
[4363340] Failed to build match row: FK Jablonec a.s. vs FC Hradec Králové a.s.

Keepers & outfield error for **Nooit Opgeven Altijd Doorzetten Aangenaam Door Vermaak En Nuttig Door Ontspanning Combinatie Breda** in Nooit Opgeven Altijd Doorzetten Aangenaam Door Vermaak En Nuttig Door Ontspanning Combinatie Breda vs Feyenoord Rotterdam: Numbers: 2 and 9.

Keepers & outfield error for **Futebol Clube de Famalicão** in Futebol Clube de Famalicão vs Portimonense SC: Numbers: 0 and 11.
[4373299] Could not find attributes for tiago tomas (Verein für Leibesübungen Wolfsburg, 2024)
[4641580] Failed to build match row: Nooit Opgeven Altijd Doorzetten Aangenaam Door Vermaak En Nuttig Door Ontspanning Combinatie Breda vs Feyenoord Rotterdam
[4373299] Failed to build match row: Verein für Leibesübungen Wolfsburg vs FC Bayern München
[3869263] Failed to build match row: Futebol Clube de Famalicão vs Portimonense SC
[4665119] Could not find attributes for issiaga sylla (A.G.S Asteras Tripolis, 2025)
[3503261] Could not find attributes for davino verhulst (Apollon Smyrnis, 2020)
[4665119] Failed to build match row: A.G.S Asteras Tripolis vs Volou Neos Podosferikos Syllogos
[3503261] Failed to build match row: Apollon Smyrnis vs A.G.S Asteras Tripolis

Keepers & outfield error for **Al-Fateh Club** in Neom Sports Club vs Al-Fateh Club: Numbers: 0 and 11.
[4709425] Failed to build match row: Neom Sports Club vs Al-Fateh Club
[3415369] Could not find attributes for nordin jackers (SK Beveren, 2020)
[3415369] Failed to build match row: SK Beveren vs Royal Excel Mouscron (-2022)
[4646264] Could not find attributes for maksym korobov (Futbolniy Klub Dynamo Kyiv, 2025)
[4646264] Failed to build match row: Futbolniy Klub Dynamo Kyiv vs FK Kudrivka-1
[3889809] Could not find attributes for dmytro matsapura (FC Zorya Lugansk, 2022)
[3889809] Failed to build match row: U Craiova 1948 Club Sportiv SA vs FC Zorya Lugansk
[4794701] Could not find attributes for vebjorn hoff (Molde Fotballklubb, 2025)
[4094798] Could not find attributes for nabil bentaleb (Lille Olympique Sporting Club, 2023)
Not enough players found for lineup: 0, 0.
[4794701] Failed to build match row: Molde Fotballklubb vs Vålerengens Idrettsforening
[4375448] Failed to scrape lineup: https://www.transfermarkt.co.uk/spielbericht/index/spielbericht/4375448
[4094798] Failed to build match row: Lille Olympique Sporting Club vs Rennes
[4635208] Could not find attributes for yvon mvogo (Football Club Lorient-Bretagne Sud, 2025)
[4635208] Failed to build match row: Olympique Gymnaste Club Nice Côte d'Azur vs Football Club Lorient-Bretagne Sud
[3426855] Failed to scrape lineup: https://www.transfermarkt.co.uk/trabzonspor_kasimpasa/index/spielbericht/3426855
[4530507] Failed to scrape lineup: https://www.transfermarkt.co.uk/tokyo-verdy_machida-zelvia/index/spielbericht/4530507
[4624813] Could not find attributes for matej rodin (Klub Sportowy Lechia Gdańsk, 2025)
[3651034] Failed to scrape lineup: https://www.transfermarkt.co.uk/spielbericht/index/spielbericht/3651034
[4624813] Failed to build match row: Klub Sportowy Lechia Gdańsk vs Zagłębie Lubin Spółka Akcyjna

Keepers & outfield error for **Villarreal Club de Fútbol S.A.D.** in Real Sociedad de Fútbol S.A.D. vs Villarreal Club de Fútbol S.A.D.: Numbers: 0 and 11.
[4407716] Failed to build match row: Real Sociedad de Fútbol S.A.D. vs Villarreal Club de Fútbol S.A.D.
[3503262] Could not find attributes for christos mandas (APS Atromitos Athinon, 2020)
[3503262] Failed to build match row: APS Atromitos Athinon vs Omilos Filathlon Irakliou FC
[4665120] Could not find attributes for epaminondas pantelakis (Athlitiki Enosi Larisas, 2025)
[4665120] Failed to build match row: Athlitiki Enosi Larisas vs Panetolikos Agrinio
[4228798] Could not find attributes for dwayne wiley (Alfreton Town, 2023)
[4228798] Failed to build match row: Alfreton Town vs Walsall FC
[4425103] Could not find attributes for kazuki nagasawa (Wellington Phoenix Football Club, 2024)
[4425103] Failed to build match row: Wellington Phoenix Football Club vs Brisbane Roar FC
[4626809] Could not find attributes for aiden zammit (Hibernians FC, 2025)
[4626809] Failed to build match row: Hibernians FC vs Spartak Trnava

Keepers & outfield error for **Stal Mielec** in Widzew Łódź Spółka Akcyjna vs Stal Mielec: Numbers: 2 and 9.

Keepers & outfield error for **FC Dallas** in San Diego Football Club vs FC Dallas: Numbers: 2 and 9.
[3927715] Failed to scrape lineup: https://www.transfermarkt.co.uk/spielbericht/index/spielbericht/3927715
[4514484] Failed to build match row: San Diego Football Club vs FC Dallas
[4727323] Could not find attributes for ramy najjarine (Wellington Phoenix Football Club, 2025)
[4727323] Failed to build match row: Wellington Phoenix Football Club vs Sydney Football Club

Keepers & outfield error for **Association Football Club Bournemouth** in Association Football Club Bournemouth vs Manchester United Football Club: Numbers: 0 and 11.
[3838603] Failed to build match row: Association Football Club Bournemouth vs Manchester United Football Club
[4646265] Could not find attributes for nazar domchak (FK Karpaty Lviv, 2025)
[4646265] Failed to build match row: FK Karpaty Lviv vs FC Zorya Lugansk
[4665121] Could not find attributes for noah fadiga (Aris Thessalonikis, 2025)
[4024690] Failed to scrape lineup: https://www.transfermarkt.co.uk/spielbericht/index/spielbericht/4024690
[3840439] Could not find attributes for valentin atangana (Stade Reims, 2022)
[4097946] Failed to scrape lineup: https://www.transfermarkt.co.uk/rkc-waalwijk_twente-enschede-fc/index/spielbericht/4097946
[4665121] Failed to build match row: Aris Thessalonikis vs Panthessaloni[3616635] Could not find attributes for ovidiu bic (U Craiova 1948 Club Sportiv SA, 2021)
[4451022] Failed to scrape lineup: https://www.transfermarkt.co.uk/spielbericht/index/spielbericht/4451022
[3616635] Failed to build match row: U Craiova 1948 Club Sportiv SA vs KF Laçi
[3450604] Could not find attributes for idrissa toure (Vitesse Arnhem, 2020)

Keepers & outfield error for **Sporting Clube de Braga** in Real Madrid Club de Fútbol vs Sporting Clube de Braga: Numbers: 0 and 11.
[3450604] Failed to build match row: Vitesse Arnhem vs Eindhovense Voetbalvereniging Philips Sport Vereniging
[4171252] Failed to build match row: Real Madrid Club de Fútbol vs Sporting Clube de Braga
[3415371] Could not find attributes for anthony musaba (Cercle Brugge Koninklijke Sportvereniging, 2020)
[3612863] Failed to scrape lineup: https://www.transfermarkt.co.uk/trabzonspor_galatasaray/index/spielbericht/3612863
[3415371] Failed to build match row: Cercle Brugge Koninklijke Sportvereniging vs KV Oostende
[3597832] Failed to scrape lineup: https://www.transfermarkt.co.uk/rkc-waalwijk_willem-ii-tilburg/index/spielbericht/3597832
[3651035] Could not find attributes for dmitriy chistyakov (AO FK Zenit Sankt-Peterburg, 2021)
[4129725] Failed to scrape lineup: https://www.transfermarkt.co.uk/alanyaspor_galatasaray/index/spielbericht/4129725
[3651035] Failed to build match row: Chelsea Football Club vs AO FK Zenit Sankt-Peterburg
[4727324] Could not find attributes for dimitri valkanis (Brisbane Roar FC, 2025)
[4727324] Failed to build match row: Brisbane Roar FC vs Melbourne City Football Club
[3503263] Could not find attributes for yohan mollo (Panathinaikos Athlitikos Omilos, 2020)
[3503263] Failed to build match row: Panathinaikos Athlitikos Omilos vs Athlitiki Enosi Larisas
[4530508] Could not find attributes for il gyu park (Yokohama Marinos, 2024)
maraes-sc_sl-benfica/index/spielbericht/3432161
[4530508] Failed to build match row: Yokohama Marinos vs Nagoya Grampus Eight
[3602460] Could not find attributes for ilya samoshnikov (FC Rubin Kazan, 2021)
[3602460] Failed to build match row: FC Rubin Kazan vs Ural Yekaterinburg
[4094800] Could not find attributes for nampalys mendy (Racing Club de Lens, 2023)
[4094800] Failed to build match row: Racing Club de Lens vs Stade brestois 29
[4363341] Failed to scrape lineup: https://www.transfermarkt.co.uk/1-fc-slovacko_mfk-karvina/index/spielbericht/4363341
[4367836] Failed to scrape lineup: https://www.transfermarkt.co.uk/fc-utrecht_twente-enschede-fc/index/spielbericht/4367836
[4641581] Failed to scrape lineup: https://www.transfermarkt.co.uk/psv-eindhoven_az-alkmaar/index/spielbericht/4641581
[3869264] Failed to scrape lineup: https://www.transfermarkt.co.uk/sporting-cp_estoril-praia/index/spielbericht/3869264
[4709426] Failed to scrape lineup: https://www.transfermarkt.co.uk/al-khaleej-fc_damac-fc/index/spielbericht/4709426
[4624814] Could not find attributes for rafal adamski (Legia Warszawa Spółka Akcyjna, 2025)
[4624814] Failed to build match row: Legia Warszawa Spółka Akcyjna vs Wisła Płock Spółka Akcyjna
[4810909] Could not find attributes for sabino (São Paulo Futebol Clube, 2025)
[4810909] Failed to build match row: São Paulo Futebol Clube vs Esporte Clube Bahia
[4794702] Failed to scrape lineup: https://www.transfermarkt.co.uk/hamarkameratene_ik-start/index/spielbericht/4794702

Keepers & outfield error for **FC Emmen** in FC Emmen vs AFC Ajax Amsterdam: Numbers: 0 and 11.
[3852619] Failed to build match row: FC Emmen vs AFC Ajax Amsterdam
[3426856] Failed to scrape lineup: https://www.transfermarkt.co.uk/antalyaspor_fenerbahce/index/spielbericht/3426856

Keepers & outfield error for **Portimonense SC** in Portimonense SC vs Académica Coimbra: Numbers: 0 and 11.
[4373300] Could not find attributes for rani khedira (1. Fußballclub Union Berlin, 2024)
[3616774] Failed to build match row: Portimonense SC vs Académica Coimbra
[4373300] Failed to build match row: 1. Fußball- und Sportverein Mainz 05 vs 1. Fußballclub Union Berlin
[4094801] Could not find attributes for daler kuzyaev (Le Havre Athletic Club, 2023)
[3450605] Could not find attributes for armando broja (Vitesse Arnhem, 2020)
[4094801] Failed to build match row: Le Havre Athletic Club vs Toulouse Football Club
[3450605] Failed to build match row: ADO Den Haag vs Vitesse Arnhem
[3838604] Failed to scrape lineup: https://www.transfermarkt.co.uk/brighton-amp-hove-albion_southampton-fc/index/spielbericht/3838604

Keepers & outfield error for **Perth Glory Football Club** in Perth Glory Football Club vs Melbourne Victory FC: Numbers: 0 and 11.

Keepers & outfield error for **Alaves** in Alaves vs Girona Fútbol Club S. A. D.: Numbers: 0 and 11.
[4361242] Failed to scrape lineup: https://www.transfermarkt.co.uk/zaglebie-lubin_legia-warszawa/index/spielbericht/4361242
[4727325] Failed to build match row: Perth Glory Football Club vs Melbourne Victory FC
[4375449] Could not find attributes for frederik norgaard (Odder IGF, 2024)
[3889810] Could not find attributes for spyros risvanis (DAC Dunajska Streda, 2022)
[4407718] Failed to build match row: Alaves vs Girona Fútbol Club S. A. D.

Keepers & outfield error for **Sporting Clube de Portugal** in Sport Lisboa e Benfica vs Sporting Clube de Portugal: Numbers: 3 and 8.
[4375449] Failed to build match row: Odder IGF vs VSK Aarhus
[3889810] Failed to build match row: SC Fotbal Club FCSB SA vs DAC Dunajska Streda
[3432162] Failed to build match row: Sport Lisboa e Benfica vs Sporting Clube de Portugal
[3602461] Could not find attributes for anton kochenkov (Arsenal Tula, 2021)
[4425104] Could not find attributes for lawrence wong (Melbourne City Football Club, 2024)
[4530509] Could not find attributes for william popp (Shonan Bellmare, 2024)
[3461784] Could not find attributes for matvey safonov (FK Krasnodar, 2020)
[3602461] Failed to build match row: Arsenal Tula vs PFK CSKA Moskva
[4530509] Failed to build match row: Shonan Bellmare vs Cerezo Osaka
[4425104] Failed to build match row: Adelaide United Football Club vs Melbourne City Football Club
[3461784] Failed to build match row: FK Krasnodar vs Rennes
[4635210] Failed to scrape lineup: https://www.transfermarkt.co.uk/fc-toulouse_paris-fc/index/spielbericht/4635210
[3612865] Could not find attributes for aleksandar pesic (Fatih Karagümrük Sportif Faaliyetler San. Tic. A.Ş., 2021)
[3612865] Failed to build match row: Fatih Karagümrük Sportif Faaliyetler San. Tic. A.Ş. vs Adana Demirspor

Keepers & outfield error for **Sporting Clube de Braga** in Sporting Clube de Braga vs Società Sportiva Calcio Napoli: Numbers: 0 and 11.
[4171254] Failed to build match row: Sporting Clube de Braga vs Società Sportiva Calcio Napoli
[3869265] Could not find attributes for andre pereira (Rio Ave Futebol Clube, 2022)
[3869265] Failed to build match row: Rio Ave Futebol Clube vs GD Chaves
[4097947] Failed to scrape lineup: https://www.transfermarkt.co.uk/pec-zwolle_az-alkmaar/index/spielbericht/4097947
[4665122] Failed to scrape lineup: https://www.transfermarkt.co.uk/ae-kifisia_atromitos-athens/index/spielbericht/4665122
[4024691] Failed to scrape lineup: https://www.transfermarkt.co.uk/spielbericht/index/spielbericht/4024691

Keepers & outfield error for **Manchester City Football Club** in Manchester City Football Club vs RasenBallsport Leipzig: Numbers: 2 and 9.
[3651037] Failed to build match row: Manchester City Football Club vs RasenBallsport Leipzig
[4624815] Could not find attributes for paskal meyer (Motor Lublin Spółka Akcyjna, 2025)
[4624815] Failed to build match row: Gliwicki Klub Sportowy Piast Spółka Akcyjna vs Motor Lublin Spółka Akcyjna
[3840441] Could not find attributes for tony strata (AC Ajaccio, 2022)
[3840441] Failed to build match row: Racing Club de Lens vs AC Ajaccio
[3597833] Failed to scrape lineup: https://www.transfermarkt.co.uk/go-ahead-eagles_psv-eindhoven/index/spielbericht/3597833
[4810910] Could not find attributes for luan peres (Santos Futebol Clube, 2025)
[4810910] Failed to build match row: Sociedade Esportiva Palmeiras vs Santos Futebol Clube
[3602462] Could not find attributes for silvije begic (PFK Krylya Sovetov Samara, 2021)
[3602462] Failed to build match row: PFK Krylya Sovetov Samara vs FK Rostov

Keepers & outfield error for **Sporting Clube de Braga** in Sporting Clube de Braga vs Real Madrid Club de Fútbol: Numbers: 0 and 11.
[4171255] Failed to build match row: Sporting Clube de Braga vs Real Madrid Club de Fútbol
[3503264] Failed to scrape lineup: https://www.transfermarkt.co.uk/pas-giannina_aris-thessaloniki/index/spielbericht/3503264

Keepers & outfield error for **Adelaide United Football Club** in Auckland Football Club vs Adelaide United Football Club: Numbers: 0 and 11.
[4407719] Could not find attributes for matija nastasic (CD Leganés, 2024)
[4727326] Failed to build match row: Auckland Football Club vs Adelaide United Football Club
[4407719] Failed to build match row: Espanol vs CD Leganés
[4363342] Failed to scrape lineup: https://www.transfermarkt.co.uk/fc-slovan-liberec_fk-jablonec/index/spielbericht/4363342
[4367837] Failed to scrape lineup: https://www.transfermarkt.co.uk/feyenoord-rotterdam_ajax-amsterdam/index/spielbericht/4367837

Keepers & outfield error for **Clube Desportivo de Tondela** in Clube Desportivo de Tondela vs Gil Vicente Futebol Clube: Numbers: 2 and 9.
[3616775] Failed to build match row: Clube Desportivo de Tondela vs Gil Vicente Futebol Clube
[4649003] Failed to scrape lineup: https://www.transfermarkt.co.uk/uta-arad_fk-csikszereda-miercurea-ciuc/index/spielbericht/4649003
[4635211] Could not find attributes for gaetan perrin (Lille Olympique Sporting Club, 2025)
[3415373] Could not find attributes for vadis odjidja ofoe (Koninklijke Atletiek Associatie Gent, 2020)
[4635211] Failed to build match row: Angers Sporting Club de l'Ouest vs Lille Olympique Sporting Club
[4641582] Failed to scrape lineup: https://www.transfermarkt.co.uk/sparta-rotterdam_pec-zwolle/index/spielbericht/4641582
[3450606] Could not find attributes for jan paul van hecke (Sportclub Heerenveen, 2020)
[3415373] Failed to build match row: Koninklijke Atletiek Associatie Gent vs Royal Standard Club de Liège
Not enough players found for lineup: 0, 0.
[3450606] Failed to build match row: Vitesse Arnhem vs Sportclub Heerenveen

Keepers & outfield error for **Paris Saint-Germain Football Club** in Club Brugge Koninklijke Voetbalvereniging vs Paris Saint-Germain Football Club: Numbers: 2 and 9.
[3927716] Failed to scrape lineup: https://www.transfermarkt.co.uk/spielbericht/index/spielbericht/3927716
[3651038] Failed to build match row: Club Brugge Koninklijke Voetbalvereniging vs Paris Saint-Germain Football Club
[4709427] Failed to scrape lineup: https://www.transfermarkt.co.uk/al-najma-sc_al-ettifaq-fc/index/spielbericht/4709427
[4626811] Failed to scrape lineup: https://www.transfermarkt.co.uk/spielbericht/index/spielbericht/4626811
[3588510] Could not find attributes for bastian oczipka (1. Fußballclub Union Berlin, 2021)
[3588510] Failed to build match row: Verein für Leibesübungen Wolfsburg vs 1. Fußballclub Union Berlin

Keepers & outfield error for **Sporting Clube de Braga** in Sporting Clube de Braga vs 1. Fußballclub Union Berlin: Numbers: 0 and 11.
[4171256] Failed to build match row: Sporting Clube de Braga vs 1. Fußballclub Union Berlin
[4363343] Could not find attributes for tadeas stoppen (SK Sigma Olomouc, a.s., 2024)
[4363343] Failed to build match row: SK Sigma Olomouc, a.s. vs Bohemians Praha 1905, a.s.

Keepers & outfield error for **Club Football Estrela da Amadora** in Club Football Estrela da Amadora vs FC Vizela: Numbers: 0 and 11.
[3616776] Failed to build match row: Club Football Estrela da Amadora vs FC Vizela
[4367838] Could not find attributes for suf podgoreanu (Heracles Almelo, 2024)
[4367838] Failed to build match row: Prins Hendrik Ende Desespereert Nimmer Combinatie Zwolle vs Heracles Almelo
[4514486] Could not find attributes for igor jesus (Los Angeles Football Club, 2024)
[4514486] Failed to build match row: Los Angeles Football Club vs Houston Dynamo
[4425105] Could not find attributes for tass mourdoukoutas (Perth Glory Football Club, 2024)
[4425105] Failed to build match row: Perth Glory Football Club vs Central Coast Mariners Football Club
[4373301] Failed to scrape lineup: https://www.transfermarkt.co.uk/fc-st-pauli_1-fc-heidenheim-1846/index/spielbericht/4373301
[3705521] Failed to scrape lineup: https://www.transfermarkt.co.uk/spielbericht/index/spielbericht/3705521
[3503265] Could not find attributes for devis epassy (PAS Lamia 1964, 2020)
[4361244] Could not find attributes for pyry hannola (Stal Mielec, 2024)
[4361244] Failed to build match row: GKS GieKSa Katowice Spółka Akcyjna vs Stal Mielec
[3503265] Failed to build match row: PAS Lamia 1964 vs Athlitiki Enosi Konstantinoupoleos
[4103823] Failed to scrape lineup: https://www.transfermarkt.co.uk/acf-fiorentina_ac-monza/index/spielbericht/4103823
[4094802] Failed to scrape lineup: https://www.transfermarkt.co.uk/fc-metz_clermont-foot-63/index/spielbericht/4094802
[4727327] Could not find attributes for xavier bertoncello (Newcastle United Jets Football Club, 2025)
[4727327] Failed to build match row: Newcastle United Jets Football Club vs Sydney Football Club
[3838605] Failed to scrape lineup: https://www.transfermarkt.co.uk/fulham-fc_crystal-palace/index/spielbericht/3838605
[4375450] Failed to scrape lineup: https://www.transfermarkt.co.uk/spielbericht/index/spielbericht/4375450
[3432163] Failed to scrape lineup: https://www.transfermarkt.co.uk/fc-porto_sporting-cp/index/spielbericht/3432163
[4120621] Failed to scrape lineup: https://www.transfermarkt.co.uk/dynamo-kyiv_vorskla-poltava/index/spielbericht/4120621
[4530510] Failed to scrape lineup: https://www.transfermarkt.co.uk/albirex-niigata_sanfrecce-hiroshima/index/spielbericht/4530510
[3461785] Failed to scrape lineup: https://www.transfermarkt.co.uk/spielbericht/index/spielbericht/3461785
[4452356] Failed to scrape lineup: https://www.transfermarkt.co.uk/spielbericht/index/spielbericht/4452356
[4228799] Could not find attributes for george fowler (Maidstone United, 2023)
[4228799] Failed to build match row: Maidstone United vs Barrow AFC
[3612866] Failed to scrape lineup: https://www.transfermarkt.co.uk/besiktas-jk_yeni-malatyaspor/index/spielbericht/3612866

Keepers & outfield error for **Al-Hilal Saudi Football Club** in Al-Hilal Saudi Football Club vs Al-Hazem Sport Club: Numbers: 0 and 11.
[4709428] Failed to build match row: Al-Hilal Saudi Football Club vs Al-Hazem Sport Club
[3869266] Failed to scrape lineup: https://www.transfermarkt.co.uk/fc-pacos-de-ferreira_boavista-fc/index/spielbericht/3869266
[4665123] Failed to scrape lineup: https://www.transfermarkt.co.uk/olympiacos-piraeus_panathinaikos/index/spielbericht/4665123
[3889811] Could not find attributes for nikolas sattlberger (Sportklub Rapid, 2022)
[3889811] Failed to build match row: Sportklub Rapid vs Neftchi Baku
[4024692] Could not find attributes for dylan easton (Raith Rovers FC, 2022)
[4024692] Failed to build match row: Rangers Football Club vs Raith Rovers FC
[4610788] Could not find attributes for rustam yatimov (FK Rostov, 2024)
[4610788] Failed to build match row: FK Rostov vs PFK CSKA Moskva
orting Clube de Portugal vs Clube Desportivo Santa Clara: Numbers: 3 and 8.
[3432164] Failed to build match row: Sporting Clube de Portugal vs Clube Desportivo Santa Clara
[4103824] Could not find attributes for nadir zortea (Frosinone Calcio, 2023)
[4103824] Failed to build match row: Frosinone Calcio vs Football Club Internazionale Milano S.p.A.
[4367839] Could not find attributes for matteo dams (Eindhovense Voetbalvereniging Philips Sport Vereniging, 2024)
[4367839] Failed to build match row: Eindhovense Voetbalvereniging Philips Sport Vereniging vs Go Ahead Eagles
[3450608] Could not find attributes for uros spajic (Feyenoord Rotterdam, 2020)
[3450608] Failed to build match row: Feyenoord Rotterdam vs Football Club Utrecht
[4407720] Failed to scrape lineup: https://www.transfermarkt.co.uk/rcd-mallorca_fc-barcelona/index/spielbericht/4407720

Keepers & outfield error for **Melbourne Victory FC** in Newcastle United Jets Football Club vs Melbourne Victory FC: Numbers: 2 and 9.
[4425106] Failed to build match row: Newcastle United Jets Football Club vs Melbourne Victory FC

Keepers & outfield error for **KV Kortrijk** in KV Kortrijk vs Oud-Heverlee Leuven: Numbers: 0 and 11.
[3415375] Failed to build match row: KV Kortrijk vs Oud-Heverlee Leuven
[4361245] Could not find attributes for yosuke furukawa (Klub Sportowy Górnik Zabrze Sportowa Spółka Akcyjna, 2024)
[4361245] Failed to build match row: Klub Sportowy Górnik Zabrze Sportowa Spółka Akcyjna vs Puszcza Niepolomice
[4635213] Could not find attributes for stephan zagadou (Le Havre Athletic Club, 2025)
[4635213] Failed to build match row: Le Havre Athletic Club vs Paris Saint-Germain Football Club
[4514487] Could not find attributes for beau leroux (San Jose Earthquakes, 2024)
[4514487] Failed to build match row: San Jose Earthquakes vs Portland Timbers

Keepers & outfield error for **Al-Taawoun Football Club** in Al-Taawoun Football Club vs Al-Shabab Club: Numbers: 2 and 9.
[4709429] Failed to build match row: Al-Taawoun Football Club vs Al-Shabab Club
[3927717] Failed to scrape lineup: https://www.transfermarkt.co.uk/spielbericht/index/spielbericht/3927717
[4626812] Failed to scrape lineup: https://www.transfermarkt.co.uk/spielbericht/index/spielbericht/4626812
[3588511] Failed to scrape lineup: https://www.transfermarkt.co.uk/vfb-stuttgart_borussia-monchengladbach/index/spielbericht/3588511

Keepers & outfield error for **Sporting Clube de Braga** in Sporting Clube de Braga vs Gil Vicente Futebol Clube: Numbers: 2 and 9.
[4665124] Could not find attributes for kresimir krizmanic (Omilos Filathlon Irakliou FC, 2025)
[4171257] Failed to scrape lineup: https://www.transfermarkt.co.uk/spielbericht/index/spielbericht/4171257
[4810911] Could not find attributes for igor formiga (Mirasol Futebol Clube, 2025)
[3432165] Failed to build match row: Sporting Clube de Braga vs Gil Vicente Futebol Clube
[4665124] Failed to build match row: Omilos Filathlon Irakliou FC vs APO Levadiakos Football Club
[4810911] Failed to build match row: Mirasol Futebol Clube vs Sport Club Corinthians Paulista

Keepers & outfield error for **Wycombe Wanderers** in Wycombe Wanderers vs Morecambe FC: Numbers: 0 and 11.
[4228800] Failed to build match row: Wycombe Wanderers vs Morecambe FC
[4363345] Could not find attributes for nemanja micevic (FK Teplice, a.s., 2024)
[4363345] Failed to build match row: FK Teplice, a.s. vs FK Dukla Praha a.s.
[4407721] Could not find attributes for juma bah (Real Valladolid CF, 2024)
[4129726] Failed to scrape lineup: https://www.transfermarkt.co.uk/besiktas-jk_samsunspor/index/spielbericht/4129726

Keepers & outfield error for **Genoa Cricket and Football Club** in Genoa Cricket and Football Club vs Unione Sportiva Sassuolo Calcio: Numbers: 0 and 11.
[4407721] Failed to build match row: Real Valladolid CF vs Real Betis Balompié S.A.D.
[4103825] Failed to build match row: Genoa Cricket and Football Club vs Unione Sportiva Sassuolo Calcio
[3597835] Failed to scrape lineup: https://www.transfermarkt.co.uk/nec-nijmegen_fc-utrecht/index/spielbericht/3597835
[4709430] Could not find attributes for matheus goncalves (Al-Ahli Saudi Football Club, 2025)
[4709430] Failed to build match row: Al-Ahli Saudi Football Club vs Al-Hazem Sport Club
[3852622] Failed to scrape lineup: https://www.transfermarkt.co.uk/feyenoord-rotterdam_excelsior-rotterdam/index/spielbericht/3852622
[3602463] Failed to scrape lineup: https://www.transfermarkt.co.uk/cska-moscow_spartak-moscow/index/spielbericht/3602463
[4373311] Failed to scrape lineup: https://www.transfermarkt.co.uk/bayer-04-leverkusen_rb-leipzig/index/spielbericht/4373311
[3616777] Could not find attributes for gwang in lee (CD Mafra, 2021)
[3616777] Failed to build match row: CD Mafra vs B SAD
[3503355] Failed to scrape lineup: https://www.transfermarkt.co.uk/spielbericht/index/spielbericht/3503355
[3838606] Failed to scrape lineup: https://www.transfermarkt.co.uk/liverpool-fc_aston-villa/index/spielbericht/3838606
[4641584] Failed to scrape lineup: https://www.transfermarkt.co.uk/fc-utrecht_go-ahead-eagles/index/spielbericht/4641584
[4794703] Could not find attributes for magnus grodem (KFUM-Kameratene Oslo, 2025)
[4794703] Failed to build match row: KFUM-Kameratene Oslo vs Sarpsborg 08 Fotballforening
[4635214] Could not find attributes for alexis vossah (Toulouse Football Club, 2025)
[4635214] Failed to build match row: Rennes vs Toulouse Football Club
[3612867] Could not find attributes for shapi suleymanov (Giresunspor, 2021)
[3612867] Failed to build match row: Alanyaspor vs Giresunspor
[4530511] Could not find attributes for togo umeda (S-Pulse, 2024)
[4530511] Failed to build match row: S-Pulse vs Yokohama FC
Not enough players found for lineup: 0, 0.
ww.transfermarkt.co.uk/lnz-cherkasy_rukh-lviv/index/spielbericht/4120622
[3927718] Failed to scrape lineup: https://www.transfermarkt.co.uk/spielbericht/index/spielbericht/3927718
[4452357] Could not find attributes for aleksandr stenyakin (Kuban Holding Pavlovskaya, 2024)
[4452357] Failed to build match row: Kuban Holding Pavlovskaya vs FK Sochi
[4646266] Could not find attributes for nazar makarenko (FC Oleksandriya, 2025)
[4727330] Could not find attributes for jason davidson (Melbourne Victory FC, 2025)
[4727330] Failed to build match row: Macarthur South West Sydney (A-League) vs Melbourne Victory FC
[4646266] Failed to build match row: FC Oleksandriya vs FK Kryvbas Kryvyi Rig
[4396663] Could not find attributes for rafa soares (Futebol Clube de Famalicão, 2024)
[4396663] Failed to build match row: Futebol Clube de Famalicão vs Sporting Clube de Portugal
[3461787] Could not find attributes for mikhail kerzhakov (AO FK Zenit Sankt-Peterburg, 2020)
[3461787] Failed to build match row: Club Brugge Koninklijke Voetbalvereniging vs AO FK Zenit Sankt-Peterburg
[3889812] Failed to scrape lineup: https://www.transfermarkt.co.uk/spielbericht/index/spielbericht/3889812
[4665125] Could not find attributes for alexandros tsompanidis (Panserraikos Serres, 2025)
[4665125] Failed to build match row: Panserraikos Serres vs Athlitiki Enosi Konstantinoupoleos
[4612540] Failed to scrape lineup: https://www.transfermarkt.co.uk/spielbericht/index/spielbericht/4612540
[3602464] Could not find attributes for vitaliy gudiev (RFK Akhmat Grozny, 2021)
[4097948] Failed to scrape lineup: https://www.transfermarkt.co.uk/fc-volendam_fc-utrecht/index/spielbericht/4097948
[4624816] Could not find attributes for milosz matysik (Termalica Bruk-Bet Nieciecza Klub Sportowy, 2025)
[3602464] Failed to build match row: RFK Akhmat Grozny vs FK Krasnodar
[4624816] Failed to build match row: RKS Raków Częstochowa SA vs Termalica Bruk-Bet Nieciecza Klub Sportowy

Keepers & outfield error for **Radomiak S.A.** in Jagiellonia-Bialystok Sportowa Spólka Akcyjna vs Radomiak S.A.: Numbers: 2 and 9.
[4425107] Failed to scrape lineup: https://www.transfermarkt.co.uk/sydney-fc_western-sydney-wanderers/index/spielbericht/4425107
[3415376] Failed to scrape lineup: https://www.transfermarkt.co.uk/kv-mechelen_kvrs-waasland-sk-beveren/index/spielbericht/3415376
[4361246] Failed to build match row: Jagiellonia-Bialystok Sportowa Spólka Akcyjna vs Radomiak S.A.
[4396664] Failed to scrape lineup: https://www.transfermarkt.co.uk/sc-braga_sc-farense/index/spielbericht/4396664
[4228802] Could not find attributes for bosun lawal (Fleetwood Town, 2023)
[3869267] Could not find attributes for alisson safira (Vitória Sport Clube, 2022)
[4363346] Failed to scrape lineup: https://www.transfermarkt.co.uk/fk-mlada-boleslav_fc-banik-ostrava/index/spielbericht/4363346
[4228802] Failed to build match row: Cambridge United vs Fleetwood Town
[3869267] Failed to build match row: Vitória Sport Clube vs Sporting Clube de Braga
Not enough players found for lineup: 0, 0.
[3927719] Failed to scrape lineup: https://www.transfermarkt.co.uk/spielbericht/index/spielbericht/3927719
[4452358] Failed to scrape lineup: https://www.transfermarkt.co.uk/spielbericht/index/spielbericht/4452358
[4103827] Failed to scrape lineup: https://www.transfermarkt.co.uk/juventus-fc_us-salernitana-1919/index/spielbericht/4103827
[4024693] Could not find attributes for brian kinnear (Falkirk Football & Athletic Club, 2022)
[4665126] Failed to scrape lineup: https://www.transfermarkt.co.uk/ae-larisa_asteras-aktor/index/spielbericht/4665126
Not enough players found for lineup: 0, 11.
[4024693] Failed to build match row: Falkirk Football & Athletic Club vs Ayr United FC
[4375452] Failed to scrape lineup: https://www.transfermarkt.co.uk/spielbericht/index/spielbericht/4375452
[3597837] Failed to scrape lineup: https://www.transfermarkt.co.uk/fc-groningen_vitesse-arnhem/index/spielbericht/3597837
[4425108] Failed to scrape lineup: https://www.transfermarkt.co.uk/macarthur-fc_western-united-fc/index/spielbericht/4425108
[4624817] Failed to scrape lineup: https://www.transfermarkt.co.uk/widzew-lodz_cracovia/index/spielbericht/4624817
[4094805] Could not find attributes for tiemoue bakayoko (Football Club Lorient-Bretagne Sud, 2023)
[3432166] Could not find attributes for Derik Lacerda (Moreirense Futebol Clube, 2020)
[4094805] Failed to build match row: Association sportive de Monaco Football Club vs Football Club Lorient-Bretagne Sud
[3432166] Failed to build match row: Moreirense Futebol Clube vs Clube Desportivo Santa Clara
[3852624] Failed to scrape lineup: https://www.transfermarkt.co.uk/nec-nijmegen_rkc-waalwijk/index/spielbericht/3852624
[3889813] Could not find attributes for gabriel isik (FC Vaduz, 2022)
[4514495] Could not find attributes for sam rogers (Chicago Fire Soccer Club, 2024)
[4129727] Could not find attributes for ali kaan guneren (MKE Ankaragücü, 2023)
[4794704] Could not find attributes for xander lambrix (Sandefjord Fotball, 2025)
[3450609] Could not find attributes for tibor halilovic (Sportclub Heerenveen, 2020)
[4129727] Failed to build match row: MKE Ankaragücü vs Gaziantep Futbol Kulübü A.Ş.
[4514495] Failed to build match row: Chicago Fire Soccer Club vs Atlanta United Football Club
[3889813] Failed to build match row: Konyaspor vs FC Vaduz
[3450609] Failed to build match row: Sportclub Heerenveen vs RKC Waalwijk
[4794704] Failed to build match row: Tromsø Idrettslag vs Sandefjord Fotball
[4727331] Could not find attributes for jaiden kucharski (Perth Glory Football Club, 2025)

Keepers & outfield error for **Sporting Clube de Braga** in 1. Fußballclub Union Berlin vs Sporting Clube de Braga: Numbers: 0 and 11.
[4727331] Failed to build match row: Perth Glory Football Club vs Western Sydney Wanderers
[4171259] Failed to build match row: 1. Fußballclub Union Berlin vs Sporting Clube de Braga

Keepers & outfield error for **Hertha BSC** in Hertha BSC vs Eintracht Frankfurt Fußball AG: Numbers: 0 and 11.
[4709431] Could not find attributes for nacho fernandez (Al-Qadsiah Saudi Football Club, 2025)
[4612541] Could not find attributes for franjo ivanovic (Sport Lisboa e Benfica, 2025)
[4649006] Could not find attributes for danel dongmo (Fotbal Club Petrolul Ploiești, 2025)
[4612541] Failed to build match row: Sport Lisboa e Benfica vs Clube Desportivo de Tondela
[4709431] Failed to build match row: Al-Qadsiah Saudi Football Club vs Al-Fateh Club
[3588513] Failed to build match row: Hertha BSC vs Eintracht Frankfurt Fußball AG
[4649006] Failed to build match row: Fotbal Club Petrolul Ploiești vs Fotbal Club Rapid 1923 SA
[4626813] Could not find attributes for vana alves (Aris Limassol, 2025)
[4626813] Failed to build match row: Aris Limassol vs Puskás Akadémia FC
[3503932] Could not find attributes for iker recio (Rayo Vallecano de Madrid S. A. D., 2020)
[4120623] Could not find attributes for irakli azarovi (FC Shakhtar Donetsk, 2023)
[3503932] Failed to build match row: Rayo Vallecano de Madrid S. A. D. vs Elche Club de Fútbol S.A.D.
[4120623] Failed to build match row: FC Shakhtar Donetsk vs FK Obolon Kyiv
[3415377] Could not find attributes for xadas (Royal Excel Mouscron (-2022), 2020)
[4363347] Could not find attributes for vaclav jindra (FK Pardubice, 2024)
[4363347] Failed to build match row: FC Viktoria Plzeň, a.s. vs FK Pardubice
[3415377] Failed to build match row: Royal Excel Mouscron (-2022) vs Beerschot VA
[4452359] Could not find attributes for vladislav yampolskiy (Volgar Astrakhan, 2024)
[4452359] Failed to build match row: Volgar Astrakhan vs FK Ufa
[4396665] Could not find attributes for bruno varela (Vitória Sport Clube, 2024)
[3869268] Could not find attributes for xadas (CS Marítimo, 2022)
[3869268] Failed to build match row: CS Marítimo vs Clube Desportivo Santa Clara
[4396665] Failed to build match row: Club Football Estrela da Amadora vs Vitória Sport Clube
[4641585] Could not find attributes for takehiro tomiyasu (AFC Ajax Amsterdam, 2025)
[4425109] Could not find attributes for chico geraldes (Wellington Phoenix Football Club, 2024)
[4641585] Failed to build match row: Feyenoord Rotterdam vs AFC Ajax Amsterdam
[4425109] Failed to build match row: Wellington Phoenix Football Club vs Melbourne City Football Club
[4103828] Could not find attributes for christos mandas (Società Sportiva Lazio S.p.A., 2023)
[4103828] Failed to build match row: Società Sportiva Lazio S.p.A. vs FC Empoli
[4665127] Could not find attributes for dimitrios stavropoulos (APS Atromitos Athinon, 2025)
[4094806] Could not find attributes for daler kuzyaev (Le Havre Athletic Club, 2023)
[4665127] Failed to build match row: APS Atromitos Athinon vs Athlitiki Enosi Konstantinoupoleos
[4094806] Failed to build match row: Clermont Foot 63 vs Le Havre Athletic Club
[4361247] Could not find attributes for gisli thordarson (KKS Lech Poznań Spółka Akcyjna, 2024)
[4361247] Failed to build match row: KKS Lech Poznań Spółka Akcyjna vs Widzew Łódź Spółka Akcyjna
[4727332] Could not find attributes for ramy najjarine (Wellington Phoenix Football Club, 2025)

Keepers & outfield error for **Al-Kholood Club** in Al-Kholood Club vs Al-Shabab Club: Numbers: 2 and 9.
[4709432] Failed to build match row: Al-Kholood Club vs Al-Shabab Club
[4727332] Failed to build match row: Auckland Football Club vs Wellington Phoenix Football Club
[3503933] Failed to build match row: Penya Deportiva Santa Eulalia vs Real Valladolid CF
[4097949] Failed to scrape lineup: https://www.transfermarkt.co.uk/sc-heerenveen_nec-nijmegen/index/spielbericht/4097949
[3616778] Could not find attributes for bruno almeida (CD Trofense, 2021)
[3616778] Failed to build match row: CD Trofense vs SC Covilhã
[3840446] Failed to scrape lineup: https://www.transfermarkt.co.uk/aj-auxerre_rc-lens/index/spielbericht/3840446
[3450610] Failed to scrape lineup: https://www.transfermarkt.co.uk/ado-den-haag_ajax-amsterdam/index/spielbericht/3450610
[3426857] Could not find attributes for adil demirbag (Konyaspor, 2020)
[3889814] Failed to scrape lineup: https://www.transfermarkt.co.uk/spielbericht/index/spielbericht/3889814
[3426857] Failed to build match row: Konyaspor vs İstanbul Başakşehir Futbol Kulübü
[3612869] Failed to scrape lineup: https://www.transfermarkt.co.uk/konyaspor_altay-sk/index/spielbericht/3612869

Keepers & outfield error for **Boavista FC** in Boavista FC vs Moreirense Futebol Clube: Numbers: 0 and 11.
[4396666] Failed to build match row: Boavista FC vs Moreirense Futebol Clube
[4228803] Could not find attributes for jonathan mitchell (Harrogate Town, 2023)
[4228803] Failed to build match row: Bolton Wanderers vs Harrogate Town
[3927720] Failed to scrape lineup: https://www.transfermarkt.co.uk/spielbericht/index/spielbericht/3927720

Keepers & outfield error for **Eintracht Frankfurt Fußball AG** in Eintracht Frankfurt Fußball AG vs Turn- und Sportgemeinschaft 1899 Hoffenheim Fußball-Spielbetriebs: Numbers: 2 and 9.
[4641586] Could not find attributes for ruud nijstad (Football Club Twente, 2025)
[3651043] Could not find attributes for danilo arboleda (FC Sheriff Tiraspol, 2021)
[4452360] Could not find attributes for ilya kuptsov (KamAZ Naberezhnye Chelny, 2024)
[4373314] Failed to build match row: Eintracht Frankfurt Fußball AG vs Turn- und Sportgemeinschaft 1899 Hoffenheim Fußball-Spielbetriebs
[3651043] Failed to build match row: FC Sheriff Tiraspol vs FC Shakhtar Donetsk
[3597838] Failed to scrape lineup: https://www.transfermarkt.co.uk/pec-zwolle_sparta-rotterdam/index/spielbericht/3597838
[4025319] Failed to scrape lineup: https://www.transfermarkt.co.uk/spielbericht/index/spielbericht/4025319
[4120624] Could not find attributes for oleksandr rybka (FK Obolon Kyiv, 2023)
[4452360] Failed to build match row: KamAZ Naberezhnye Chelny vs Torpedo Moscow
[4375453] Failed to scrape lineup: https://www.transfermarkt.co.uk/spielbericht/index/spielbericht/4375453

Keepers & outfield error for **Central Coast Mariners Football Club** in Central Coast Mariners Football Club vs Western United FC: Numbers: 0 and 11.
[4641586] Failed to build match row: Fortuna Sittardia Combinatie vs Football Club Twente
[4425110] Failed to build match row: Central Coast Mariners Football Club vs Western United FC
[4120624] Failed to build match row: FK Obolon Kyiv vs NK Veres Rivne
[4624818] Failed to scrape lineup: https://www.transfermarkt.co.uk/fortuna-sittard_go-ahead-eagles/index/spielbericht/4624818
[4530512] Failed to scrape lineup: https://www.transfermarkt.co.uk/gamba-osaka_kawasaki-frontale/index/spielbericht/4530512
[4810913] Could not find attributes for alexandro bernabei (Sport Club Internacional, 2025)
[4367842] Failed to scrape lineup: https://www.transfermarkt.co.uk/nac-breda_fortuna-sittard/index/spielbericht/4367842
[4810913] Failed to build match row: Sport Club Internacional vs Fluminense Football Club
[4635216] Failed to scrape lineup: https://www.transfermarkt.co.uk/fc-lorient_aj-auxerre/index/spielbericht/4635216
[3432167] Failed to scrape lineup: https://www.transfermarkt.co.uk/sporting-cp_vitoria-guimaraes-sc/index/spielbericht/3432167
[4129729] Could not find attributes for dal varesanovic (Çaykur Rizespor Kulübü, 2023)
[4129729] Failed to build match row: Çaykur Rizespor Kulübü vs Antalyaspor
[3461788] Could not find attributes for ilya zabarnyi (Futbolniy Klub Dynamo Kyiv, 2020)
[3869269] Failed to build match row: FC Vizela vs Sport Lisboa e Benfica
[3461788] Failed to build match row: Juventus Football Club vs Futbolniy Klub Dynamo Kyiv
[4727333] Could not find attributes for xavier bertoncello (Newcastle United Jets Football Club, 2025)
[4727333] Failed to build match row: Newcastle United Jets Football Club vs Melbourne City Football Club
[4363348] Could not find attributes for jakub lapes (MFK Karvina, 2024)
[4363348] Failed to build match row: MFK Karvina vs FC Hradec Králové a.s.
Not enough players found for lineup: 0, 0.
[3927721] Failed to scrape lineup: https://www.transfermarkt.co.uk/spielbericht/index/spielbericht/3927721
[3889815] Could not find attributes for omri glazer (Hapoel Beer Sheva, 2022)
[3889815] Failed to build match row: Hapoel Beer Sheva vs FC Lugano
[3426858] Could not find attributes for mattias johansson (Gençlerbirliği Spor Kulübü, 2020)
[3426858] Failed to build match row: Gençlerbirliği Spor Kulübü vs Gaziantep Futbol Kulübü A.Ş.
[3612870] Could not find attributes for muhammed gumuskaya (Fenerbahçe Spor Kulübü, 2021)
[4530513] Could not find attributes for svend brodersen (Fagiano Okayama Sports Club, 2024)
[4612543] Could not find attributes for joao moutinho (Sporting Clube de Braga, 2025)
[4665128] Failed to scrape lineup: https://www.transfermarkt.co.uk/ae-kifisia_volos-nfc/index/spielbericht/4665128
[4530513] Failed to build match row: Fagiano Okayama Sports Club vs Rakuten Vissel Kobe
[3612870] Failed to build match row: Fenerbahçe Spor Kulübü vs Sivasspor
[4120625] Could not find attributes for oleg mozil (TOV FK Metalist 1925 Kharkiv, 2023)
[4612543] Failed to build match row: Sporting Clube de Braga vs Clube Desportivo Santa Clara
[4120625] Failed to build match row: TOV FK Metalist 1925 Kharkiv vs FK Kolos Kovalivka
[4709433] Failed to scrape lineup: https://www.transfermarkt.co.uk/al-nassr-fc_al-ittihad-club/index/spielbericht/4709433
[3588515] Could not find attributes for jeff chabot (1. Fußball-Club Köln, 2021)
[4810914] Could not find attributes for felipinho (Clube Atlético Paranaense, 2025)
[3461789] Could not find attributes for abraham frimpong (Ferencvárosi TC, 2020)
[4373315] Could not find attributes for kevin muller (1. Fußballclub Heidenheim 1846, 2024)
[4810914] Failed to build match row: Clube Atlético Paranaense vs Grêmio Foot-Ball Porto Alegrense
[4094808] Could not find attributes for nampalys mendy (Racing Club de Lens, 2023)
[4373315] Failed to build match row: 1. Fußballclub Heidenheim 1846 vs Fußball-Club Augsburg 1907
[3588515] Failed to build match row: 1. Fußball-Club Köln vs Turn- und Sportgemeinschaft 1899 Hoffenheim Fußball-Spielbetriebs
[3461789] Failed to build match row: Ferencvárosi TC vs Futbol Club Barcelona
[4103829] Could not find attributes for nikola krstovic (Unione Sportiva Lecce, 2023)
[4626814] Could not find attributes for bradley banda (St Joseph's FC, 2025)
[4094808] Failed to build match row: Racing Club de Lens vs Olympique Gymnaste Club Nice Côte d'Azur
[4228804] Failed to scrape lineup: https://www.transfermarkt.co.uk/spielbericht/index/spielbericht/4228804
[3840447] Failed to scrape lineup: https://www.transfermarkt.co.uk/as-monaco_fc-toulouse/index/spielbericht/3840447
[4363349] Could not find attributes for vilem fendrich (SK Dynamo Ceske Budejovice, 2024)
[4626814] Failed to build match row: St Joseph's FC vs Shamrock Rovers
[4425111] Could not find attributes for luis felipe gallegos (Auckland Football Club, 2024)
[4103829] Failed to build match row: Unione Sportiva Lecce vs Udinese Calcio
[4363349] Failed to build match row: SK Dynamo Ceske Budejovice vs 1. FC Slovácko
[3432168] Could not find attributes for srdjan babic (Futebol Clube de Famalicão, 2020)
yetler San. Tic. A.Ş., 2023)
[4727334] Could not find attributes for marcel tisserand (Sydney Football Club, 2025)
[4425111] Failed to build match row: Auckland Football Club vs Adelaide United Football Club
[4727334] Failed to build match row: Central Coast Mariners Football Club vs Sydney Football Club

Keepers & outfield error for **Club Internacional de Fútbol Miami** in Minnesota United FC vs Club Internacional de Fútbol Miami: Numbers: 0 and 11.
[4641587] Could not find attributes for remko pasveer (Heracles Almelo, 2025)
[4129730] Failed to build match row: Fatih Karagümrük Sportif Faaliyetler San. Tic. A.Ş. vs Fenerbahçe Spor Kulübü
[3432168] Failed to build match row: Futebol Clube de Famalicão vs Clube Desportivo Santa Clara
[4514496] Failed to build match row: Minnesota United FC vs Club Internacional de Fútbol Miami
[3869270] Could not find attributes for mexer (Grupo Desportivo Estoril Praia, 2022)
[4025320] Could not find attributes for che nunnely (Sportclub Heerenveen, 2022)
[4649008] Failed to scrape lineup: https://www.transfermarkt.co.uk/fcv-farul-constanta_afc-unirea-04-slobozia/index/spielbericht/4649008
[3869270] Failed to build match row: Grupo Desportivo Estoril Praia vs FC Vizela
[4641587] Failed to build match row: Heracles Almelo vs Excelsior Rotterdam
[3450611] Could not find attributes for sven mijnans (Sparta Rotterdam, 2020)
[3838608] Failed to scrape lineup: https://www.transfermarkt.co.uk/newcastle-united_leicester-city/index/spielbericht/3838608
[4025320] Failed to build match row: Sportclub Heerenveen vs Feyenoord Rotterdam
[3602465] Could not find attributes for soslan dzhanaev (FK Sochi, 2021)
[4794705] Failed to scrape lineup: https://www.transfermarkt.co.uk/aalesunds-fk_kristiansund-bk/index/spielbericht/4794705
[3450611] Failed to build match row: Sparta Rotterdam vs Sportclub Heerenveen
[3602465] Failed to build match row: FK Sochi vs FK Dinamo Moskva
[4452361] Could not find attributes for nikolay rybikov (FK Chelyabinsk, 2024)
[4452361] Failed to build match row: FK Chelyabinsk vs FC Tyumen
Not enough players found for lineup: 0, 0.
[3616779] Could not find attributes for latyr fall (CD Feirense, 2021)
[3927722] Failed to scrape lineup: https://www.transfermarkt.co.uk/spielbericht/index/spielbericht/3927722
[4624819] Could not find attributes for stijn middendorp (Excelsior Rotterdam, 2025)
[4530514] Could not find attributes for yuma obata (Avispa Fukuoka, 2024)
[3616779] Failed to build match row: CD Feirense vs Futebol Clube de Famalicão
[4624819] Failed to build match row: Nijmegen Eendracht Combinatie vs Excelsior Rotterdam
[4530514] Failed to build match row: Avispa Fukuoka vs Kyoto Purple Sanga
[4665129] Could not find attributes for kresimir krizmanic (Omilos Filathlon Irakliou FC, 2025)
[4665129] Failed to build match row: Omilos Filathlon Irakliou FC vs Olympiakos Syndesmos Filathlon Peiraios
[3415380] Could not find attributes for anthony musaba (Cercle Brugge Koninklijke Sportvereniging, 2020)
[3415380] Failed to build match row: Beerschot VA vs Cercle Brugge Koninklijke Sportvereniging
[4709434] Could not find attributes for burak ince (Al-Okhdood Club, 2025)
[4120626] Could not find attributes for denys boyko (FK Polissya Zhytomyr, 2023)
[4709434] Failed to build match row: Al-Okhdood Club vs Al-Hilal Saudi Football Club
[4120626] Failed to build match row: FK Polissya Zhytomyr vs FC Minaj
[4407726] Failed to scrape lineup: https://www.transfermarkt.co.uk/rcd-espanyol-barcelona_real-valladolid-cf/index/spielbericht/4407726
[3461790] Failed to scrape lineup: https://www.transfermarkt.co.uk/spielbericht/index/spielbericht/3461790
[3426859] Could not find attributes for atiba hutchinson (Beşiktaş Jimnastik Kulübü, 2020)
[3426859] Failed to build match row: Beşiktaş Jimnastik Kulübü vs Yeni Malatyaspor
[4514497] Could not find attributes for boris enow (D.C. United, 2024)
[4514497] Failed to build match row: Toronto FC vs D.C. United
[4794706] Failed to scrape lineup: https://www.transfermarkt.co.uk/lillestrom-sk_fk-bodo-glimt/index/spielbericht/4794706
[4626815] Could not find attributes for otso virtanen (Ilves Tampere, 2025)
[4626815] Failed to build match row: Ilves Tampere vs Alkmaar Zaanstreek

Keepers & outfield error for **Paris Saint-Germain Football Club** in Paris Saint-Germain Football Club vs Manchester City Football Club: Numbers: 2 and 9.
[3651061] Failed to build match row: Paris Saint-Germain Football Club vs Manchester City Football Club
[4530515] Could not find attributes for tomoki hayakawa (Kashima Antlers FC, 2024)
[4530515] Failed to build match row: Kashima Antlers FC vs Shonan Bellmare
[4129731] Could not find attributes for djordje nikolic (Sivasspor, 2023)
[4129731] Failed to build match row: Trabzonspor Kulübü vs Sivasspor
[4097952] Could not find attributes for cisse sandra (Excelsior Rotterdam, 2023)
[4097952] Failed to build match row: Vitesse Arnhem vs Excelsior Rotterdam

Keepers & outfield error for **Gil Vicente Futebol Clube** in Gil Vicente Futebol Clube vs CS Marítimo: Numbers: 0 and 11.

Keepers & outfield error for **Adelaide United Football Club** in Adelaide United Football Club vs Brisbane Roar FC: Numbers: 0 and 11.
[4727335] Failed to build match row: Adelaide United Football Club vs Brisbane Roar FC
[3869271] Failed to build match row: Gil Vicente Futebol Clube vs CS Marítimo

Keepers & outfield error for **Sporting Clube de Portugal** in Sporting Clube de Portugal vs Moreirense Futebol Clube: Numbers: 2 and 9.
[3432169] Failed to build match row: Sporting Clube de Portugal vs Moreirense Futebol Clube
[4363350] Could not find attributes for jakub markovic (FC Baník Ostrava a.s., 2024)
[4363350] Failed to build match row: FC Baník Ostrava a.s. vs FC Viktoria Plzeň, a.s.
[4361249] Could not find attributes for jakub labojko (Motor Lublin Spółka Akcyjna, 2024)
[4361249] Failed to build match row: Motor Lublin Spółka Akcyjna vs Klub Sportowy Lechia Gdańsk
[4646267] Could not find attributes for valentyn gorokh (NK Veres Rivne, 2025)
[4646267] Failed to build match row: NK Veres Rivne vs FK Kryvbas Kryvyi Rig
[3415381] Could not find attributes for vadis odjidja ofoe (Koninklijke Atletiek Associatie Gent, 2020)
[3415381] Failed to build match row: Club Brugge Koninklijke Voetbalvereniging vs Koninklijke Atletiek Associatie Gent
[4649009] Could not find attributes for conrado (SC Oţelul Galaţi, 2025)
[4649009] Failed to build match row: SC Fotbal Club FCSB SA vs SC Oţelul Galaţi
[4452362] Could not find attributes for denis eremeev (Volga Uljanovsk, 2024)
[4452362] Failed to build match row: Volga Uljanovsk vs Rotor Volgograd
[3602466] Could not find attributes for ilya samoshnikov (FC Rubin Kazan, 2021)
[3602466] Failed to build match row: FC Rubin Kazan vs AO FK Zenit Sankt-Peterburg
[3612872] Could not find attributes for yannick bolasie (Çaykur Rizespor Kulübü, 2021)
[3612872] Failed to build match row: Çaykur Rizespor Kulübü vs Hatayspor

Keepers & outfield error for **FC Emmen** in Football Club Twente vs FC Emmen: Numbers: 0 and 11.
[4025321] Could not find attributes for sonny stevens (ADO Den Haag, 2022)
[4641588] Could not find attributes for darko nejasmic (Nijmegen Eendracht Combinatie, 2025)
[3852628] Failed to build match row: Football Club Twente vs FC Emmen
[4641588] Failed to build match row: Nijmegen Eendracht Combinatie vs Sportclub Heerenveen
[4025321] Failed to build match row: Eindhovense Voetbalvereniging Philips Sport Vereniging vs ADO Den Haag
[3889816] Could not find attributes for victor mudrac (FC Petrocub Hincesti, 2022)
[3889816] Failed to build match row: FC Petrocub Hincesti vs Videoton FC
Not enough players found for lineup: 0, 0.
[3927723] Failed to scrape lineup: https://www.transfermarkt.co.uk/spielbericht/index/spielbericht/3927723
[4709435] Could not find attributes for mikel villanueva (Al-Fayha FC, 2025)
[3426860] Could not find attributes for fabien farnolle (Erzurumspor FK, 2020)
[3426860] Failed to build match row: Erzurumspor FK vs Göztepe Sportif Yatırımlar A.Ş.
[4709435] Failed to build match row: Al-Fayha FC vs Al-Najma Sport Club
[3450612] Could not find attributes for emmanuel emegha (Sparta Rotterdam, 2020)
[4120627] Could not find attributes for mykyta shevchenko (FC Oleksandriya, 2023)
[3450612] Failed to build match row: Sparta Rotterdam vs Alkmaar Zaanstreek
[4120627] Failed to build match row: FC Oleksandriya vs Chornomorets Odesa

Keepers & outfield error for **Clube Desportivo Nacional** in Clube Desportivo Nacional vs Vitória Sport Clube: Numbers: 0 and 11.
[3432170] Failed to build match row: Clube Desportivo Nacional vs Vitória Sport Clube
[4727336] Could not find attributes for ramy najjarine (Wellington Phoenix Football Club, 2025)
[4727336] Failed to build match row: Wellington Phoenix Football Club vs Melbourne Victory FC
[4635217] Could not find attributes for bouna sarr (Football Club de Metz, 2025)
[4228805] Failed to scrape lineup: https://www.transfermarkt.co.uk/spielbericht/index/spielbericht/4228805
[4635217] Failed to build match row: Football Club de Metz vs Stade brestois 29
[3838609] Failed to scrape lineup: https://www.transfermarkt.co.uk/nottingham-forest_arsenal-fc/index/spielbericht/3838609
[4396668] Could not find attributes for luis esteves (Clube Desportivo Nacional, 2024)
[4396668] Failed to build match row: Casa Pia Atlético Clube vs Clube Desportivo Nacional
[3869272] Could not find attributes for ousmane diomande (Sporting Clube de Portugal, 2022)
[3869272] Failed to build match row: Portimonense SC vs Sporting Clube de Portugal
[4361250] Could not find attributes for jaroslaw jach (Zagłębie Lubin Spółka Akcyjna, 2024)
[4361250] Failed to build match row: Morski Klub Sportowy Pogoń Szczecin vs Zagłębie Lubin Spółka Akcyjna
[4646268] Could not find attributes for mykyta burda (FK Kolos Kovalivka, 2025)
[4646268] Failed to build match row: Futbolniy Klub Dynamo Kyiv vs FK Kolos Kovalivka

Keepers & outfield error for **KV Kortrijk** in Koninklijke Racing Club Genk vs KV Kortrijk: Numbers: 0 and 11.
[3415382] Failed to build match row: Koninklijke Racing Club Genk vs KV Kortrijk
[4641589] Could not find attributes for tristan gooijer (Prins Hendrik Ende Desespereert Nimmer Combinatie Zwolle, 2025)
[4641589] Failed to build match row: Prins Hendrik Ende Desespereert Nimmer Combinatie Zwolle vs Nooit Opgeven Altijd Doorzetten Aangenaam Door Vermaak En Nuttig Door Ontspanning Combinatie Breda
[4530516] Could not find attributes for masato morishige (Tokyo Football Club, 2024)
[4530516] Failed to build match row: Tokyo Football Club vs Tokyo Verdy
[4129732] Could not find attributes for jackson porozo (Kasımpaşa A.Ş., 2023)
[3602467] Could not find attributes for artur nigmatullin (FK Nizhny Novgorod, 2021)
[4129732] Failed to build match row: Kasımpaşa A.Ş. vs Konyaspor
[3602467] Failed to build match row: FK Nizhny Novgorod vs Arsenal Tula
[3612873] Could not find attributes for shapi suleymanov (Giresunspor, 2021)
[3612873] Failed to build match row: Giresunspor vs Konyaspor
[4626816] Could not find attributes for qismat aliyev (Zira FC, 2025)
[4373317] Could not find attributes for rani khedira (1. Fußballclub Union Berlin, 2024)
[4373317] Failed to build match row: 1. Fußballclub Union Berlin vs Fußball-Club St. Pauli von 1910
[4025322] Could not find attributes for hidde jurjus (De Graafschap Doetinchem, 2022)
[4025322] Failed to build match row: De Graafschap Doetinchem vs AFC Ajax Amsterdam
[4626816] Failed to build match row: Zira FC vs HNK Hajduk Split
[4727337] Could not find attributes for giovanni de abreu (Perth Glory Football Club, 2025)
[4794707] Could not find attributes for john olav norheim (Idrettsklubben Start, 2025)
[4794707] Failed to build match row: Idrettsklubben Start vs Aalesunds Fotballklubb
[4727337] Failed to build match row: Macarthur South West Sydney (A-League) vs Perth Glory Football Club

Keepers & outfield error for **AD Alcorcón** in AD Alcorcón vs Valencia Club de Fútbol S. A. D.: Numbers: 0 and 11.
[3889817] Could not find attributes for julian cuesta (Aris Thessalonikis, 2022)
[3503934] Failed to build match row: AD Alcorcón vs Valencia Club de Fútbol S. A. D.
Not enough players found for lineup: 0, 0.
[3889817] Failed to build match row: Aris Thessalonikis vs Maccabi Tel Aviv
[4375454] Failed to scrape lineup: https://www.transfermarkt.co.uk/spielbericht/index/spielbericht/4375454
[4635218] Could not find attributes for gaetan perrin (Lille Olympique Sporting Club, 2025)
[4452363] Could not find attributes for artem meshalkin (Composite Pavlovskiy Posad, 2024)
[4363351] Could not find attributes for matus hruska (FK Dukla Praha a.s., 2024)
[4452363] Failed to build match row: Composite Pavlovskiy Posad vs Neftekhimik Nizhnekamsk
[4363351] Failed to build match row: FK Dukla Praha a.s. vs FK Pardubice
[4635218] Failed to build match row: Lille Olympique Sporting Club vs Football Club de Nantes
[4094811] Could not find attributes for nabil bentaleb (Lille Olympique Sporting Club, 2023)
[4530525] Could not find attributes for tomoki hayakawa (Kashima Antlers FC, 2024)
[4094811] Failed to build match row: Stade brestois 29 vs Lille Olympique Sporting Club
[4120628] Could not find attributes for pavlo isenko (Vorskla Poltava, 2023)
[4530525] Failed to build match row: Kashima Antlers FC vs Fagiano Okayama Sports Club
[4120628] Failed to build match row: Vorskla Poltava vs FK Kryvbas Kryvyi Rig
[4646269] Could not find attributes for oleksiy palamarchuk (LNZ Cherkasy, 2025)
[4646269] Failed to build match row: LNZ Cherkasy vs SK Poltava
[4514499] Could not find attributes for felipe carballo (Red Bull New York, 2024)
[4514499] Failed to build match row: Red Bull New York vs Los Angeles Galaxy
[4361251] Could not find attributes for sylvester jasper (Slask Wroclaw, 2024)
[4361251] Failed to build match row: Slask Wroclaw vs Gliwicki Klub Sportowy Piast Spółka Akcyjna
[4129733] Could not find attributes for ramzi safuri (Antalyaspor, 2023)
[4129733] Failed to build match row: Antalyaspor vs Hatayspor
[4641590] Could not find attributes for lushendry martes (Sparta Rotterdam, 2025)
[4641590] Failed to build match row: Sparta Rotterdam vs Football Club Volendam
[4709436] Failed to scrape lineup: https://www.transfermarkt.co.uk/neom-sc_al-riyadh-sc/index/spielbericht/4709436
[4626817] Could not find attributes for anatoli gospodinov (Arda Kardzhali, 2025)
[4626817] Failed to build match row: Arda Kardzhali vs HJK Helsinki
[3432171] Failed to scrape lineup: https://www.transfermarkt.co.uk/b-sad_cs-maritimo/index/spielbericht/3432171
[3450614] Could not find attributes for mario gotze (Eindhovense Voetbalvereniging Philips Sport Vereniging, 2020)
[3450614] Failed to build match row: Eindhovense Voetbalvereniging Philips Sport Vereniging vs Willem II Tilburg
[4363352] Could not find attributes for lukas hulka (Bohemians Praha 1905, a.s., 2024)
[4363352] Failed to build match row: Bohemians Praha 1905, a.s. vs FK Mladá Boleslav, a.s.
[4794708] Could not find attributes for vebjorn hoff (Molde Fotballklubb, 2025)
[4097954] Could not find attributes for robin propper (Football Club Twente, 2023)
[4794708] Failed to build match row: Viking Fotballklubb vs Molde Fotballklubb
[4097954] Failed to build match row: Fortuna Sittardia Combinatie vs Football Club Twente
Not enough players found for lineup: 0, 0.
[4375455] Failed to scrape lineup: https://www.transfermarkt.co.uk/spielbericht/index/spielbericht/4375455
[4120629] Could not find attributes for mykyta turbayevskyi (FC Zorya Lugansk, 2023)
rad, 2022)
[4120629] Failed to build match row: FC Zorya Lugansk vs SC Dnipro-1
[3889818] Failed to build match row: Football Club Twente vs Fudbalski klub Čukarički Beograd
[4228806] Could not find attributes for macauley bonne (Gillingham FC, 2023)
[4228806] Failed to build match row: Gillingham FC vs Charlton Athletic
[4452364] Could not find attributes for khazbulat khamkhoev (Amkar Perm, 2024)
[4452364] Failed to build match row: Amkar Perm vs Chernomorets Novorossijsk
[4407728] Could not find attributes for matija nastasic (CD Leganés, 2024)
[4407728] Failed to build match row: CD Leganés vs Club Atlético de Madrid S.A.D.

Keepers & outfield error for **Melbourne Victory FC** in Brisbane Roar FC vs Melbourne Victory FC: Numbers: 2 and 9.
[3705522] Could not find attributes for luke wilkinson (Yeovil Town, 2021)
[4425112] Failed to build match row: Brisbane Roar FC vs Melbourne Victory FC
[3705522] Failed to build match row: Yeovil Town vs Stevenage FC
[4641591] Could not find attributes for gerald alders (Sportclub Telstar, 2025)
[4641591] Failed to build match row: Sportclub Telstar vs Eindhovense Voetbalvereniging Philips Sport Vereniging
[4727338] Could not find attributes for marcel tisserand (Sydney Football Club, 2025)
[4727338] Failed to build match row: Auckland Football Club vs Sydney Football Club
[4373319] Could not find attributes for tiago tomas (Verein für Leibesübungen Wolfsburg, 2024)
[4373319] Failed to build match row: Holstein Kiel vs Verein für Leibesübungen Wolfsburg
[4129735] Could not find attributes for florin nita (Gaziantep Futbol Kulübü A.Ş., 2023)
[4129735] Failed to build match row: Gaziantep Futbol Kulübü A.Ş. vs Kasımpaşa A.Ş.
[3426861] Could not find attributes for zvonimir sarlija (MKE Ankaragücü, 2020)
[3426861] Failed to build match row: MKE Ankaragücü vs Fatih Karagümrük Sportif Faaliyetler San. Tic. A.Ş.
[3612874] Could not find attributes for ryan donk (Kasımpaşa A.Ş., 2021)
[3927724] Failed to scrape lineup: https://www.transfermarkt.co.uk/spielbericht/index/spielbericht/3927724
[3612874] Failed to build match row: Kasımpaşa A.Ş. vs Trabzonspor Kulübü
[4665130] Could not find attributes for sotiris kontouris (Panathinaikos Athlitikos Omilos, 2025)
[3852631] Could not find attributes for oguzhan ozyakup (Fortuna Sittardia Combinatie, 2022)
[4794709] Could not find attributes for jonas svensson (Rosenborg Ballklub, 2025)
[3840449] Failed to scrape lineup: https://www.transfermarkt.co.uk/fc-nantes_angers-sco/index/spielbericht/3840449
[3597841] Failed to scrape lineup: https://www.transfermarkt.co.uk/pec-zwolle_heracles-almelo/index/spielbericht/3597841

Keepers & outfield error for **SK Slavia Praha, a.s.** in Panathinaikos Athlitikos Omilos vs SK Slavia Praha, a.s.: Numbers: 2 and 9.
[4665130] Failed to build match row: Panathinaikos Athlitikos Omilos vs Panetolikos Agrinio
[3852631] Failed to build match row: Fortuna Sittardia Combinatie vs Go Ahead Eagles
g
[4367843] Failed to scrape lineup: https://www.transfermarkt.co.uk/az-alkmaar_sc-heerenveen/index/spielbericht/4367843
[3889819] Failed to build match row: Panathinaikos Athlitikos Omilos vs SK Slavia Praha, a.s.
[4514501] Could not find attributes for joran gerbet (Orlando City Soccer Club, 2024)
[4514501] Failed to build match row: Orlando City Soccer Club vs New England Revolution
Not enough players found for lineup: 0, 11.
[4375456] Failed to scrape lineup: https://www.transfermarkt.co.uk/spielbericht/index/spielbericht/4375456
[4649011] Could not find attributes for tarek aggoun (Fotbal Club Metaloglobus București SA, 2025)
[4649011] Failed to build match row: Asociația Fotbal Club UTA Arad vs Fotbal Club Metaloglobus București SA
[3426862] Could not find attributes for robin yalcin (Sivasspor, 2020)
[3426862] Failed to build match row: Sivasspor vs Galatasaray Spor Kulübü

Keepers & outfield error for **Futbol Club Barcelona** in Getafe Club de Fútbol S. A. D. Team Dubai vs Futbol Club Barcelona: Numbers: 0 and 11.
[4407729] Failed to build match row: Getafe Club de Fútbol S. A. D. Team Dubai vs Futbol Club Barcelona
[4810915] Could not find attributes for emmanuel martinez (Esporte Clube Vitória, 2025)
[4810915] Failed to build match row: Esporte Clube Vitória vs Coritiba Foot Ball Club
[4665131] Could not find attributes for francisco tinaglini (Panserraikos Serres, 2025)
[4665131] Failed to build match row: Panserraikos Serres vs Aris Thessalonikis

Keepers & outfield error for **Académico Viseu FC** in Académico Viseu FC vs Casa Pia Atlético Clube: Numbers: 2 and 9.
[3616780] Failed to build match row: Académico Viseu FC vs Casa Pia Atlético Clube
[4514504] Could not find attributes for femi awodesu (Houston Dynamo, 2024)
[4794710] Could not find attributes for fredrik pallesen knudsen (Sportsklubben Brann, 2025)
[4709437] Failed to scrape lineup: https://www.transfermarkt.co.uk/al-taawoun-fc_al-khaleej-fc/index/spielbericht/4709437
[4620608] Failed to scrape lineup: https://www.transfermarkt.co.uk/gornik-zabrze_lechia-gdansk/index/spielbericht/4620608
[4794710] Failed to build match row: Sportsklubben Brann vs Tromsø Idrettslag
[4626818] Failed to scrape lineup: https://www.transfermarkt.co.uk/spielbericht/index/spielbericht/4626818
[4363353] Failed to scrape lineup: https://www.transfermarkt.co.uk/fk-jablonec_sk-slavia-prague/index/spielbericht/4363353
[4514504] Failed to build match row: Houston Dynamo vs Seattle Sounders FC
[3838612] Failed to scrape lineup: https://www.transfermarkt.co.uk/wolverhampton-wanderers_everton-fc/index/spielbericht/3838612
[4530526] Failed to build match row: Tokyo Football Club vs Yokohama FC
[4641592] Failed to build match row: Excelsior Rotterdam vs Go Ahead Eagles
[4027696] Failed to scrape lineup: https://www.transfermarkt.co.uk/spielbericht/index/spielbericht/4027696
Not enough players found for lineup: 0, 11.
[4375457] Failed to scrape lineup: https://www.transfermarkt.co.uk/spielbericht/index/spielbericht/4375457
[3426863] Could not find attributes for munir el kajoui (Hatayspor, 2020)
[3426863] Failed to build match row: Kayserispor Kulübü vs Hatayspor
[4727339] Could not find attributes for dimitri valkanis (Brisbane Roar FC, 2025)
[4727339] Failed to build match row: Brisbane Roar FC vs Central Coast Mariners Football Club
[3869273] Could not find attributes for ponck (GD Chaves, 2022)
[3869273] Failed to build match row: GD Chaves vs Futebol Clube do Porto
[4129736] Could not find attributes for deniz ertas (Konyaspor, 2023)
[4129736] Failed to build match row: Konyaspor vs Alanyaspor
[4367844] Could not find attributes for matteo dams (Eindhovense Voetbalvereniging Philips Sport Vereniging, 2024)
[4367844] Failed to build match row: Eindhovense Voetbalvereniging Philips Sport Vereniging vs Nijmegen Eendracht Combinatie
[3840450] Could not find attributes for antoine mendy (Olympique Gymnaste Club Nice Côte d'Azur, 2022)
[3840450] Failed to build match row: Olympique Gymnaste Club Nice Côte d'Azur vs Olympique Lyonnais
Not enough players found for lineup: 0, 0.
[3927725] Failed to scrape lineup: https://www.transfermarkt.co.uk/spielbericht/index/spielbericht/3927725
[4094813] Failed to scrape lineup: https://www.transfermarkt.co.uk/olympique-marseille_paris-saint-germain/index/spielbericht/4094813

Keepers & outfield error for **Villarreal Club de Fútbol S.A.D.** in Villarreal Club de Fútbol S.A.D. vs Real Club Deportivo Mallorca S.A.D.: Numbers: 0 and 11.
[4407730] Failed to build match row: Villarreal Club de Fútbol S.A.D. vs Real Club Deportivo Mallorca S.A.D.
[4120630] Failed to scrape lineup: https://www.transfermarkt.co.uk/lnz-cherkasy_dynamo-kyiv/index/spielbericht/4120630
[4452365] Failed to scrape lineup: https://www.transfermarkt.co.uk/spielbericht/index/spielbericht/4452365
[4361253] Failed to scrape lineup: https://www.transfermarkt.co.uk/lechia-gdansk_lech-poznan/index/spielbericht/4361253
[4373320] Failed to scrape lineup: https://www.transfermarkt.co.uk/rb-leipzig_1-fc-union-berlin/index/spielbericht/4373320
[4425113] Could not find attributes for daniel de silva (Macarthur South West Sydney (A-League), 2024)
[4103832] Failed to scrape lineup: https://www.transfermarkt.co.uk/bologna-fc-1909_juventus-fc/index/spielbericht/4103832
[4425113] Failed to build match row: Macarthur South West Sydney (A-League) vs Sydney Football Club
[3852633] Could not find attributes for igor paixao (Feyenoord Rotterdam, 2022)
[3852633] Failed to build match row: Football Club Utrecht vs Feyenoord Rotterdam
[4709438] Could not find attributes for kewin (Damac Football Club, 2025)
[4709438] Failed to build match row: Al-Ettifaq Football Club vs Damac Football Club
[4626819] Could not find attributes for nicolae cebotari (FC Zimbru Chisinau, 2025)
[4626819] Failed to build match row: FC Zimbru Chisinau vs FC Astana
[4129737] Could not find attributes for shahrudin mahammadaliyev (Adana Demirspor, 2023)
[4129737] Failed to build match row: Samsunspor vs Adana Demirspor
[3602468] Failed to scrape lineup: https://www.transfermarkt.co.uk/fc-ufa_fc-khimki/index/spielbericht/3602468
[4171265] Failed to scrape lineup: https://www.transfermarkt.co.uk/spielbericht/index/spielbericht/4171265
[4373321] Could not find attributes for kevin muller (1. Fußballclub Heidenheim 1846, 2024)
[4373321] Failed to build match row: Borussia Dortmund vs 1. Fußballclub Heidenheim 1846
[3889820] Failed to scrape lineup: https://www.transfermarkt.co.uk/spielbericht/index/spielbericht/3889820
[4649012] Failed to scrape lineup: https://www.transfermarkt.co.uk/fc-universitatea-cluj_fcsb/index/spielbericht/4649012
[4425114] Could not find attributes for yuto misao (Perth Glory Football Club, 2024)
[4425114] Failed to build match row: Western Sydney Wanderers vs Perth Glory Football Club
[3852634] Could not find attributes for remko pasveer (AFC Ajax Amsterdam, 2022)
[3852634] Failed to build match row: Nijmegen Eendracht Combinatie vs AFC Ajax Amsterdam
[4620609] Could not find attributes for efthymios koulouris (Morski Klub Sportowy Pogoń Szczecin, 2025)
[4620609] Failed to build match row: Radomiak S.A. vs Morski Klub Sportowy Pogoń Szczecin
Not enough players found for lineup: 0, 0.
[3927726] Failed to scrape lineup: https://www.transfermarkt.co.uk/spielbericht/index/spielbericht/3927726
[4624824] Failed to scrape lineup: https://www.transfermarkt.co.uk/ajax-amsterdam_sc-telstar/index/spielbericht/4624824
[3503936] Could not find attributes for ibrahima kebe (Girona Fútbol Club S. A. D., 2020)
[3503936] Failed to build match row: Girona Fútbol Club S. A. D. vs Cádiz CF
[4665132] Failed to scrape lineup: https://www.transfermarkt.co.uk/paok-thessaloniki_levadiakos/index/spielbericht/4665132

Keepers & outfield error for **Grupo Desportivo Estoril Praia** in SC Farense vs Grupo Desportivo Estoril Praia: Numbers: 0 and 11.
[3616781] Failed to scrape lineup: https://www.transfermarkt.co.uk/spielbericht/index/spielbericht/3616781
[4396669] Failed to build match row: SC Farense vs Grupo Desportivo Estoril Praia
[4810916] Could not find attributes for yannick bolasie (Associação Chapecoense de Futebol, 2025)

Keepers & outfield error for **Futebol Clube do Porto** in Futebol Clube do Porto vs Clube Desportivo Santa Clara: Numbers: 2 and 9.
[3840451] Failed to scrape lineup: https://www.transfermarkt.co.uk/paris-saint-germain_clermont-foot-63/index/spielbericht/3840451
[4094814] Failed to scrape lineup: https://www.transfermarkt.co.uk/fc-lorient_stade-brestois-29/index/spielbericht/4094814
[4129738] Could not find attributes for salvatore sirigu (Fatih Karagümrük Sportif Faaliyetler San. Tic. A.Ş., 2023)
[4363354] Failed to scrape lineup: https://www.transfermarkt.co.uk/ac-sparta-prague_fc-slovan-liberec/index/spielbericht/4363354
[3602469] Could not find attributes for ilya pomazun (Ural Yekaterinburg, 2021)
[4129738] Failed to build match row: Istanbulspor vs Fatih Karagümrük Sportif Faaliyetler San. Tic. A.Ş.
[4376342] Failed to scrape lineup: https://www.transfermarkt.co.uk/krylya-sovetov-samara_fc-rostov/index/spielbericht/4376342
[4810916] Failed to build match row: Associação Chapecoense de Futebol vs Red Bull Bragantino
[4709439] Could not find attributes for burak ince (Al-Okhdood Club, 2025)
[3612875] Could not find attributes for halil dervisoglu (Galatasaray Spor Kulübü, 2021)
[3432174] Failed to build match row: Futebol Clube do Porto vs Clube Desportivo Santa Clara
[3602469] Failed to build match row: Ural Yekaterinburg vs Футбольный клуб "Локомотив" Москва
[4641593] Failed to scrape lineup: https://www.transfermarkt.co.uk/fc-twente-enschede_feyenoord-rotterdam/index/spielbericht/4641593
[4530528] Failed to scrape lineup: https://www.transfermarkt.co.uk/shonan-bellmare_yokohama-f-marinos/index/spielbericht/4530528
[4709439] Failed to build match row: Al-Okhdood Club vs Al-Riyadh Saudi Club
[3612875] Failed to build match row: Galatasaray Spor Kulübü vs Alanyaspor
[4027697] Failed to scrape lineup: https://www.transfermarkt.co.uk/spielbericht/index/spielbericht/4027697
[4794711] Failed to scrape lineup: https://www.transfermarkt.co.uk/fredrikstad-fk_kfum-kameratene-oslo/index/spielbericht/4794711
[3426864] Failed to scrape lineup: https://www.transfermarkt.co.uk/alanyaspor_trabzonspor/index/spielbericht/3426864
[4727340] Failed to scrape lineup: https://www.transfermarkt.co.uk/western-sydney-wanderers_melbourne-city-fc/index/spielbericht/4727340
[3869274] Failed to scrape lineup: https://www.transfermarkt.co.uk/casa-pia-ac_fc-pacos-de-ferreira/index/spielbericht/3869274
[4649013] Could not find attributes for conrado (SC Oţelul Galaţi, 2025)
[4649013] Failed to build match row: Asociația Fotbal Club Hermannstadt vs SC Oţelul Galaţi
[4228808] Could not find attributes for lewis payne (Newport County, 2023)
[4228808] Failed to build match row: Newport County vs Barnet FC
[4646270] Could not find attributes for nikita fedotov (Epicentr Dunaivtsi, 2025)
[4103833] Failed to scrape lineup: https://www.transfermarkt.co.uk/acf-fiorentina_ssc-napoli/index/spielbericht/4103833
[3651066] Could not find attributes for tiago tomas (Sporting Clube de Portugal, 2021)
[4646270] Failed to build match row: Epicentr Dunaivtsi vs FK Polissya Zhytomyr
Not enough players found for lineup: 0, 0.
[3651066] Failed to build match row: Borussia Dortmund vs Sporting Clube de Portugal
[4361255] Could not find attributes for yosuke furukawa (Klub Sportowy Górnik Zabrze Sportowa Spółka Akcyjna, 2024)
[4361255] Failed to build match row: Morski Klub Sportowy Pogoń Szczecin vs Klub Sportowy Górnik Zabrze Sportowa Spółka Akcyjna
[3927727] Failed to scrape lineup: https://www.transfermarkt.co.uk/spielbericht/index/spielbericht/3927727
[3616782] Could not find attributes for silverio (FC Penafiel, 2021)
[3616782] Failed to build match row: FC Penafiel vs Moreirense Futebol Clube
[3705525] Could not find attributes for caleb richards (Kidderminster Harriers, 2021)
[4396670] Could not find attributes for sandro cruz (Gil Vicente Futebol Clube, 2024)
[4665133] Could not find attributes for lindsay rose (Aris Thessalonikis, 2025)
[4396670] Failed to build match row: Gil Vicente Futebol Clube vs Club Football Estrela da Amadora
[4665133] Failed to build match row: Aris Thessalonikis vs Athlitiki Enosi Larisas
[3705525] Failed to build match row: Kidderminster Harriers vs FC Halifax Town
[4120631] Could not find attributes for dmytro ledviy (FC Rukh Lviv, 2023)
[4120631] Failed to build match row: FC Rukh Lviv vs FC Shakhtar Donetsk
[4810917] Could not find attributes for hercules (Fluminense Football Club, 2025)
[4810917] Failed to build match row: Fluminense Football Club vs Associação Chapecoense de Futebol
[4171266] Failed to scrape lineup: https://www.transfermarkt.co.uk/spielbericht/index/spielbericht/4171266
[4363355] Could not find attributes for milan heca (1. FC Slovácko, 2024)
[4363355] Failed to build match row: 1. FC Slovácko vs FK Teplice, a.s.
[3869275] Could not find attributes for goncalo ramos (Sport Lisboa e Benfica, 2022)
[3869275] Failed to build match row: Sport Lisboa e Benfica vs Futebol Clube de Famalicão
[4373322] Failed to scrape lineup: https://www.transfermarkt.co.uk/tsg-1899-hoffenheim_bayer-04-leverkusen/index/spielbericht/4373322
[4514508] Could not find attributes for jansen miller (Sporting Kansas City, 2024)
[4514508] Failed to build match row: Portland Timbers vs Sporting Kansas City
[4649014] Could not find attributes for danel dongmo (Fotbal Club Petrolul Ploiești, 2025)
[3426865] Could not find attributes for armin hodzic (Kasımpaşa A.Ş., 2020)
[4094815] Could not find attributes for nabil bentaleb (Lille Olympique Sporting Club, 2023)
[3426865] Failed to build match row: Kasımpaşa A.Ş. vs Antalyaspor
[3602470] Could not find attributes for dmitriy chistyakov (AO FK Zenit Sankt-Peterburg, 2021)
[4649014] Failed to build match row: Fotbal Club Petrolul Ploiești vs Asociația Fotbal Club Botoșani

Keepers & outfield error for **Alaves** in Real Betis Balompié S.A.D. vs Alaves: Numbers: 0 and 11.
[4129739] Could not find attributes for aylton boa morte (Kayserispor Kulübü, 2023)
[3602470] Failed to build match row: AO FK Zenit Sankt-Peterburg vs PFK Krylya Sovetov Samara
[4094815] Failed to build match row: Lille Olympique Sporting Club vs Racing Club de Lens
[4407733] Failed to build match row: Real Betis Balompié S.A.D. vs Alaves
[4129739] Failed to build match row: Kayserispor Kulübü vs Trabzonspor Kulübü
[3415384] Could not find attributes for vaclav jemelka (Oud-Heverlee Leuven, 2020)
[3415384] Failed to build match row: Oud-Heverlee Leuven vs Yellow-Red Koninklijke Voetbalclub Mechelen
[3503937] Failed to build match row: Espanol vs Club Atlético Osasuna
[4530530] Could not find attributes for yuya oki (S-Pulse, 2024)
[4530530] Failed to build match row: S-Pulse vs Hitachi Kashiwa Reysol
[4810918] Could not find attributes for alexander barboza (S. A. F. Botafogo, 2025)
[4810918] Failed to build match row: S. A. F. Botafogo vs Sport Club Internacional
Not enough players found for lineup: 0, 0.
[3927728] Failed to scrape lineup: https://www.transfermarkt.co.uk/spielbericht/index/spielbericht/3927728
[4120632] Could not find attributes for yevgen past (NK Veres Rivne, 2023)
[4120632] Failed to build match row: NK Veres Rivne vs LNZ Cherkasy

Keepers & outfield error for **Al-Shabab Club** in Al-Shabab Club vs Al-Najma Sport Club: Numbers: 0 and 11.
[4709441] Failed to build match row: Al-Shabab Club vs Al-Najma Sport Club
[4363356] Could not find attributes for filip cihak (FC Hradec Králové a.s., 2024)
[4363356] Failed to build match row: FC Hradec Králové a.s. vs SK Sigma Olomouc, a.s.
[4376343] Failed to scrape lineup: https://www.transfermarkt.co.uk/fc-pari-nizhniy-novgorod_cska-moscow/index/spielbericht/4376343
Not enough players found for lineup: 0, 0.
[4641594] Failed to scrape lineup: https://www.transfermarkt.co.uk/fc-utrecht_az-alkmaar/index/spielbericht/4641594
[3432175] Failed to scrape lineup: https://www.transfermarkt.co.uk/sc-braga_cs-maritimo/index/spielbericht/3432175
[4028611] Failed to scrape lineup: https://www.transfermarkt.co.uk/spielbericht/index/spielbericht/4028611
[4361256] Could not find attributes for german barkovskiy (Puszcza Niepolomice, 2024)
[4361256] Failed to build match row: Puszcza Niepolomice vs Zagłębie Lubin Spółka Akcyjna
[4665134] Could not find attributes for lefteris choutesiotis (APS Atromitos Athinon, 2025)
[4665134] Failed to build match row: APS Atromitos Athinon vs A.G.S Asteras Tripolis
[3612876] Could not find attributes for burak bekaroglu (Fatih Karagümrük Sportif Faaliyetler San. Tic. A.Ş., 2021)
[4727341] Failed to scrape lineup: https://www.transfermarkt.co.uk/adelaide-united_newcastle-united-jets/index/spielbericht/4727341
[4626820] Could not find attributes for leon ujkaj (FK Decic Tuzi, 2025)
[3612876] Failed to build match row: Yeni Malatyaspor vs Fatih Karagümrük Sportif Faaliyetler San. Tic. A.Ş.
[4626820] Failed to build match row: FK Decic Tuzi vs Sportklub Rapid
[4367845] Could not find attributes for suf podgoreanu (Heracles Almelo, 2024)
[4514509] Could not find attributes for tate johnson (Vancouver Whitecaps FC, 2024)
[4514509] Failed to build match row: Vancouver Whitecaps FC vs Los Angeles Football Club
[4367845] Failed to build match row: Heracles Almelo vs Almere City FC
[4624826] Failed to scrape lineup: https://www.transfermarkt.co.uk/fc-utrecht_heracles-almelo/index/spielbericht/4624826
[3426866] Could not find attributes for enner valencia (Fenerbahçe Spor Kulübü, 2020)
[3852635] Could not find attributes for florent sanchez (Football Club Volendam, 2022)
[3426866] Failed to build match row: Fenerbahçe Spor Kulübü vs Konyaspor
[3852635] Failed to build match row: SC Cambuur Leeuwarden vs Football Club Volendam
[4103835] Could not find attributes for nikola krstovic (Unione Sportiva Lecce, 2023)
[4103835] Failed to build match row: Unione Sportiva Lecce vs Atalanta Bergamasca Calcio S.p.a.
[3450615] Could not find attributes for joel van kaam (Football Club Groningen, 2020)
[4530531] Could not find attributes for gakuji ota (Kyoto Purple Sanga, 2024)

Keepers & outfield error for **Football Club Volendam** in Fortuna Sittardia Combinatie vs Football Club Volendam: Numbers: 2 and 9.
[3450615] Failed to build match row: Football Club Groningen vs Vitesse Arnhem
[4129740] Could not find attributes for achilleas poungouras (Sivasspor, 2023)
[4129740] Failed to build match row: Sivasspor vs Fenerbahçe Spor Kulübü
[4097960] Failed to build match row: Fortuna Sittardia Combinatie vs Football Club Volendam
[4530531] Failed to build match row: Kyoto Purple Sanga vs Gamba Osaka
[4635222] Failed to scrape lineup: https://www.transfermarkt.co.uk/fc-toulouse_olympique-marseille/index/spielbericht/4635222
[4120633] Could not find attributes for kiril fesyun (FK Kolos Kovalivka, 2023)

Keepers & outfield error for **Rio Ave Futebol Clube** in Rio Ave Futebol Clube vs Futebol Clube de Famalicão: Numbers: 0 and 11.
[4514511] Failed to scrape lineup: https://www.transfermarkt.co.uk/cf-montreal_columbus-crew/index/spielbericht/4514511
[4396671] Failed to build match row: Rio Ave Futebol Clube vs Futebol Clube de Famalicão
[3588527] Failed to scrape lineup: https://www.transfermarkt.co.uk/eintracht-frankfurt_vfl-bochum/index/spielbericht/3588527
[4120633] Failed to build match row: FK Kolos Kovalivka vs FK Polissya Zhytomyr
[4367846] Failed to scrape lineup: https://www.transfermarkt.co.uk/ajax-amsterdam_fc-utrecht/index/spielbericht/4367846
[4810919] Could not find attributes for sabino (São Paulo Futebol Clube, 2025)

Keepers & outfield error for **Al-Fateh Club** in Al-Fateh Club vs Al-Kholood Club: Numbers: 0 and 11.
[4810919] Failed to build match row: São Paulo Futebol Clube vs Mirasol Futebol Clube
[4709442] Failed to build match row: Al-Fateh Club vs Al-Kholood Club
Not enough players found for lineup: 0, 0.
[4028612] Failed to scrape lineup: https://www.transfermarkt.co.uk/spielbericht/index/spielbericht/4028612
[3838616] Could not find attributes for serge aurier (Nottingham Forest Football Club, 2022)
[3838616] Failed to build match row: Chelsea Football Club vs Nottingham Forest Football Club

Keepers & outfield error for **Sporting Clube de Portugal** in Sporting Clube de Portugal vs Boavista FC: Numbers: 2 and 9.
[3869276] Failed to scrape lineup: https://www.transfermarkt.co.uk/sc-braga_rio-ave-fc/index/spielbericht/3869276
[3432176] Failed to build match row: Sporting Clube de Portugal vs Boavista FC
[4624827] Could not find attributes for serafin szota (Morski Związkowy Klub Sportowy Arka Gdynia Spółka Akcyjna, 2025)
[4624827] Failed to build match row: Morski Związkowy Klub Sportowy Arka Gdynia Spółka Akcyjna vs Klub Sportowy Lechia Gdańsk
[3602471] Could not find attributes for ruslan litvinov (FK Spartak Moskva, 2021)
[3602471] Failed to build match row: FK Spartak Moskva vs FK Ufa
[4665135] Could not find attributes for jakub pokorny (Athlitiki Enosi Kifisias, 2025)
[4665135] Failed to build match row: Athlitiki Enosi Kifisias vs Panserraikos Serres
[4649015] Failed to scrape lineup: https://www.transfermarkt.co.uk/fcv-farul-constanta_fk-csikszereda-miercurea-ciuc/index/spielbericht/4649015
[4361257] Could not find attributes for steve kingue (Radomiak S.A., 2024)
[4361257] Failed to build match row: Radomiak S.A. vs Slask Wroclaw
[4120634] Could not find attributes for oleksandr bandura (FC Minaj, 2023)
[4120634] Failed to build match row: FC Minaj vs FK Obolon Kyiv
[4530532] Could not find attributes for keisuke osako (Sanfrecce Hiroshima, 2024)
[3415386] Could not find attributes for xadas (Royal Excel Mouscron (-2022), 2020)
[4530532] Failed to build match row: Sanfrecce Hiroshima vs Nagoya Grampus Eight
[3415386] Failed to build match row: Royal Standard Club de Liège vs Royal Excel Mouscron (-2022)

Keepers & outfield error for **Melbourne Victory FC** in Melbourne Victory FC vs Wellington Phoenix Football Club: Numbers: 2 and 9.
[4425115] Failed to build match row: Melbourne Victory FC vs Wellington Phoenix Football Club
[4103836] Could not find attributes for nadir zortea (Frosinone Calcio, 2023)
[4103836] Failed to build match row: AC Monza vs Frosinone Calcio

Keepers & outfield error for **Varzim SC** in Varzim SC vs Rio Ave Futebol Clube: Numbers: 0 and 11.
[3616783] Failed to build match row: Varzim SC vs Rio Ave Futebol Clube

Keepers & outfield error for **Moreirense Futebol Clube** in Moreirense Futebol Clube vs Clube Desportivo Santa Clara: Numbers: 2 and 9.
[4396672] Failed to build match row: Moreirense Futebol Clube vs Clube Desportivo Santa Clara
[4709443] Could not find attributes for anthony moris (Al-Khaleej Club (Saihat), 2025)
[3461802] Could not find attributes for ze luis (Футбольный клуб "Локомотив" Москва, 2020)
[4363357] Failed to scrape lineup: https://www.transfermarkt.co.uk/mfk-karvina_sk-dynamo-ceske-budejovice/index/spielbericht/4363357
[3461802] Failed to build match row: Футбольный клуб "Локомотив" Москва vs Fußballclub Red Bull Salzburg
[4709443] Failed to build match row: Al-Ahli Saudi Football Club vs Al-Khaleej Club (Saihat)
Not enough players found for lineup: 0, 0.
[4376344] Failed to scrape lineup: https://www.transfermarkt.co.uk/dynamo-moscow_lokomotiv-moscow/index/spielbericht/4376344
[4646271] Could not find attributes for rostyslav baglay (FC Shakhtar Donetsk, 2025)
[3597843] Could not find attributes for nick bakker (Sportclub Heerenveen, 2021)
[4641595] Failed to scrape lineup: https://www.transfermarkt.co.uk/fc-volendam_fc-groningen/index/spielbericht/4641595
[4626821] Could not find attributes for igor malashchitskiy (Torpedo-BelAZ Zhodino, 2025)
[3597843] Failed to build match row: Football Club Utrecht vs Sportclub Heerenveen
[4646271] Failed to build match row: FC Shakhtar Donetsk vs FK Obolon Kyiv
[4626821] Failed to build match row: Torpedo-BelAZ Zhodino vs Maccabi Haifa

Keepers & outfield error for **FC Paços de Ferreira** in FC Paços de Ferreira vs Vitória Sport Clube: Numbers: 2 and 9.
[4635223] Could not find attributes for kenny quetant (Le Havre Athletic Club, 2025)
[4665136] Could not find attributes for panagiotis liagas (APO Levadiakos Football Club, 2025)
[4028613] Failed to scrape lineup: https://www.transfermarkt.co.uk/spielbericht/index/spielbericht/4028613
[3432177] Failed to build match row: FC Paços de Ferreira vs Vitória Sport Clube

Keepers & outfield error for **Association Football Club Bournemouth** in Crystal Palace Football Club vs Association Football Club Bournemouth: Numbers: 0 and 11.
[4665136] Failed to build match row: APO Levadiakos Football Club vs Panthessalonikios Athlitikos Omilos Konstantinoupoliton
[4635223] Failed to build match row: Stade brestois 29 vs Le Havre Athletic Club
[4727342] Failed to scrape lineup: https://www.transfermarkt.co.uk/brisbane-roar_auckland-fc/index/spielbericht/4727342
[3869277] Could not find attributes for kento misao (Clube Desportivo Santa Clara, 2022)
[4624828] Could not find attributes for milosz matysik (Termalica Bruk-Bet Nieciecza Klub Sportowy, 2025)
[3838617] Failed to build match row: Crystal Palace Football Club vs Association Football Club Bournemouth
[3869277] Failed to build match row: Clube Desportivo Santa Clara vs Vitória Sport Clube
[4624828] Failed to build match row: Termalica Bruk-Bet Nieciecza Klub Sportowy vs Radomiak S.A.

Keepers & outfield error for **Olympique Gymnaste Club Nice Côte d'Azur** in Olympique Gymnaste Club Nice Côte d'Azur vs Football Club de Nantes: Numbers: 2 and 9.
[4094817] Failed to build match row: Olympique Gymnaste Club Nice Côte d'Azur vs Football Club de Nantes
[4810920] Failed to scrape lineup: https://www.transfermarkt.co.uk/sport-club-corinthians-paulista_clube-de-regatas-vasco-da-gama/index/spielbericht/4810920
[3450616] Failed to scrape lineup: https://www.transfermarkt.co.uk/fc-emmen_willem-ii-tilburg/index/spielbericht/3450616
[3602472] Failed to scrape lineup: https://www.transfermarkt.co.uk/fc-rostov_akhmat-grozny/index/spielbericht/3602472
[4514512] Failed to scrape lineup: https://www.transfermarkt.co.uk/orlando-city-sc_charlotte-fc/index/spielbericht/4514512
[4097961] Failed to scrape lineup: https://www.transfermarkt.co.uk/heracles-almelo_fc-utrecht/index/spielbericht/4097961
[4129741] Failed to scrape lineup: https://www.transfermarkt.co.uk/besiktas-jk_mke-ankaragucu/index/spielbericht/4129741
[4120635] Could not find attributes for yevgen volynets (SC Dnipro-1, 2023)
[4120635] Failed to build match row: SC Dnipro-1 vs TOV FK Metalist 1925 Kharkiv
[3927729] Failed to scrape lineup: https://www.transfermarkt.co.uk/spielbericht/index/spielbericht/3927729
[4530533] Could not find attributes for yuma obata (Avispa Fukuoka, 2024)
[4530533] Failed to build match row: Avispa Fukuoka vs Rakuten Vissel Kobe

Keepers & outfield error for **CD Tenerife** in CD Tenerife vs Villarreal Club de Fútbol S.A.D.: Numbers: 0 and 11.

Keepers & outfield error for **Associazione Sportiva Roma** in Associazione Sportiva Roma vs Genoa Cricket and Football Club: Numbers: 2 and 9.
[3503938] Failed to build match row: CD Tenerife vs Villarreal Club de Fútbol S.A.D.
[4103837] Failed to build match row: Associazione Sportiva Roma vs Genoa Cricket and Football Club
[3852636] Failed to scrape lineup: https://www.transfermarkt.co.uk/excelsior-rotterdam_fc-groningen/index/spielbericht/3852636
[3426867] Failed to scrape lineup: https://www.transfermarkt.co.uk/basaksehir-fk_genclerbirligi-ankara/index/spielbericht/3426867

Keepers & outfield error for **FC Bayern München** in Club Atlético de Madrid S.A.D. vs FC Bayern München: Numbers: 2 and 9.
[3461803] Failed to build match row: Club Atlético de Madrid S.A.D. vs FC Bayern München
[4646272] Could not find attributes for anton yashkov (FK Kudrivka-1, 2025)
[4646272] Failed to build match row: FK Kudrivka-1 vs FC Rukh Lviv
[4367847] Failed to scrape lineup: https://www.transfermarkt.co.uk/willem-ii-tilburg_rkc-waalwijk/index/spielbericht/4367847
[4620626] Failed to scrape lineup: https://www.transfermarkt.co.uk/arka-gdynia_radomiak-radom/index/spielbericht/4620626
[4363361] Could not find attributes for marios pourzitidis (FC Slovan Liberec, 2024)
[4363361] Failed to build match row: FC Slovan Liberec vs 1. FC Slovácko
[4641596] Could not find attributes for remko pasveer (Heracles Almelo, 2025)
[4641596] Failed to build match row: Heracles Almelo vs Eindhovense Voetbalvereniging Philips Sport Vereniging
[3450617] Could not find attributes for jan paul van hecke (Sportclub Heerenveen, 2020)
[3450617] Failed to build match row: Sportclub Heerenveen vs Heracles Almelo
[4031348] Could not find attributes for oleksiy palamarchuk (Ingulets Petrove, 2022)
[4031348] Failed to build match row: Ingulets Petrove vs Metalist Kharkiv
[3869278] Could not find attributes for weverson (Futebol Clube de Arouca, 2022)
[3869278] Failed to build match row: Boavista FC vs Futebol Clube de Arouca
Not enough players found for lineup: 0, 0.
[3927730] Failed to scrape lineup: https://www.transfermarkt.co.uk/spielbericht/index/spielbericht/3927730
[4530534] Could not find attributes for shusaku nishikawa (Urawa Red Diamonds, 2024)
[4530534] Failed to build match row: Urawa Red Diamonds vs Cerezo Osaka
[4514513] Could not find attributes for frankie westfield (Philadelphia Union, 2024)
[4514513] Failed to build match row: Philadelphia Union vs Los Angeles Galaxy
[4129742] Could not find attributes for ousseynou ba (İstanbul Başakşehir Futbol Kulübü, 2023)
[4129742] Failed to build match row: İstanbul Başakşehir Futbol Kulübü vs Çaykur Rizespor Kulübü
[4361259] Could not find attributes for pyry hannola (Stal Mielec, 2024)
[4361259] Failed to build match row: Stal Mielec vs Jagiellonia-Bialystok Sportowa Spólka Akcyjna
[4425116] Failed to scrape lineup: https://www.transfermarkt.co.uk/melbourne-city-fc_perth-glory/index/spielbericht/4425116
[3415387] Failed to scrape lineup: https://www.transfermarkt.co.uk/zulte-waregem_sint-truidense-vv/index/spielbericht/3415387
[3612879] Could not find attributes for yannick bolasie (Çaykur Rizespor Kulübü, 2021)
[3612879] Failed to build match row: Adana Demirspor vs Çaykur Rizespor Kulübü
[3450618] Could not find attributes for richard ledezma (Eindhovense Voetbalvereniging Philips Sport Vereniging, 2020)
[3450618] Failed to build match row: Eindhovense Voetbalvereniging Philips Sport Vereniging vs Sparta Rotterdam

Keepers & outfield error for **Hertha BSC** in Mönchengladbach vs Hertha BSC: Numbers: 0 and 11.
[3588530] Failed to build match row: Mönchengladbach vs Hertha BSC
[4794712] Could not find attributes for sander moen foss (Lillestrøm Sportsklubb, 2025)
[4794712] Failed to build match row: Lillestrøm Sportsklubb vs Kristiansund Ballklubb

Keepers & outfield error for **Grupo Desportivo Estoril Praia** in Grupo Desportivo Estoril Praia vs Gil Vicente Futebol Clube: Numbers: 2 and 9.
[3869279] Failed to build match row: Grupo Desportivo Estoril Praia vs Gil Vicente Futebol Clube
[4094819] Could not find attributes for daler kuzyaev (Le Havre Athletic Club, 2023)
[4094819] Failed to build match row: Le Havre Athletic Club vs Montpellier HSC
[4171267] Failed to scrape lineup: https://www.transfermarkt.co.uk/spielbericht/index/spielbericht/4171267
[4641597] Could not find attributes for deveron fonville (Nijmegen Eendracht Combinatie, 2025)
[4641597] Failed to build match row: Nijmegen Eendracht Combinatie vs Fortuna Sittardia Combinatie
[4530536] Could not find attributes for kosei tani (Zelvia, 2024)
[4530536] Failed to build match row: Zelvia vs S-Pulse
[4228811] Could not find attributes for bailey clements (Eastleigh FC, 2023)
[4228811] Failed to build match row: Eastleigh FC vs Reading FC
[4709444] Failed to scrape lineup: https://www.transfermarkt.co.uk/al-hilal-sfc_al-fayha-fc/index/spielbericht/4709444
Not enough players found for lineup: 0, 0.
[3927731] Failed to scrape lineup: https://www.transfermarkt.co.uk/spielbericht/index/spielbericht/3927731
[3890027] Failed to scrape lineup: https://www.transfermarkt.co.uk/st-mirren-fc_motherwell-fc/index/spielbericht/3890027
[4376345] Failed to scrape lineup: https://www.transfermarkt.co.uk/rubin-kazan_zenit-st-petersburg/index/spielbericht/4376345
[4425117] Could not find attributes for luis felipe gallegos (Auckland Football Club, 2024)
[4425117] Failed to build match row: Western United FC vs Auckland Football Club
[3415388] Could not find attributes for nordin jackers (SK Beveren, 2020)
[3415388] Failed to build match row: SK Beveren vs Royal Antwerp Football Club
[3432178] Failed to scrape lineup: https://www.transfermarkt.co.uk/sc-braga_boavista-fc/index/spielbericht/3432178
[3597844] Failed to scrape lineup: https://www.transfermarkt.co.uk/rkc-waalwijk_sparta-rotterdam/index/spielbericht/3597844
[4649016] Could not find attributes for octavian valceanu (Fotbal Club CFR 1907 Cluj SA, 2025)
[4649016] Failed to build match row: SC Dinamo 1948 SA vs Fotbal Club CFR 1907 Cluj SA
[4727343] Failed to scrape lineup: https://www.transfermarkt.co.uk/melbourne-victory_western-sydney-wanderers/index/spielbericht/4727343
[4624829] Failed to scrape lineup: https://www.transfermarkt.co.uk/cracovia_piast-gliwice/index/spielbericht/4624829
[4129743] Could not find attributes for aylton boa morte (Kayserispor Kulübü, 2023)
[4665137] Failed to scrape lineup: https://www.transfermarkt.co.uk/ofi-crete_volos-nfc/index/spielbericht/4665137
[4129743] Failed to build match row: Pendikspor vs Kayserispor Kulübü
[4396674] Could not find attributes for bruno varela (Vitória Sport Clube, 2024)
[4396674] Failed to build match row: Vitória Sport Clube vs Boavista FC
[4635224] Failed to scrape lineup: https://www.transfermarkt.co.uk/ogc-nice_stade-rennais-fc/index/spielbericht/4635224
[4407737] Failed to scrape lineup: https://www.transfermarkt.co.uk/rayo-vallecano_sevilla-fc/index/spielbericht/4407737
[4120636] Failed to scrape lineup: https://www.transfermarkt.co.uk/chornomorets-odesa_zorya-lugansk/index/spielbericht/4120636
[4810921] Failed to scrape lineup: https://www.transfermarkt.co.uk/red-bull-bragantino_sociedade-esportiva-palmeiras/index/spielbericht/4810921
[3503939] Failed to scrape lineup: https://www.transfermarkt.co.uk/spielbericht/index/spielbericht/3503939
[3852637] Failed to scrape lineup: https://www.transfermarkt.co.uk/sc-heerenveen_az-alkmaar/index/spielbericht/3852637
[3461804] Failed to scrape lineup: https://www.transfermarkt.co.uk/spielbericht/index/spielbericht/3461804
[4514514] Could not find attributes for teenage hadebe (Football Club Cincinnati, 2024)
[4514514] Failed to build match row: Toronto FC vs Football Club Cincinnati
[3426868] Failed to scrape lineup: https://www.transfermarkt.co.uk/gaziantep-fk_besiktas-jk/index/spielbericht/3426868
[4641598] Could not find attributes for tristan gooijer (Prins Hendrik Ende Desespereert Nimmer Combinatie Zwolle, 2025)
[4641598] Failed to build match row: Prins Hendrik Ende Desespereert Nimmer Combinatie Zwolle vs AFC Ajax Amsterdam
[3616784] Could not find attributes for prince mendy (UD Vilafranquense, 2021)
[4425118] Could not find attributes for kota mizunuma (Newcastle United Jets Football Club, 2024)
[3616784] Failed to build match row: UD Vilafranquense vs Futebol Clube de Arouca
[4425118] Failed to build match row: Adelaide United Football Club vs Newcastle United Jets Football Club
[4620627] Failed to scrape lineup: https://www.transfermarkt.co.uk/lechia-gdansk_lech-poznan/index/spielbericht/4620627
[4646273] Failed to scrape lineup: https://www.transfermarkt.co.uk/metalist-1925-kharkiv_karpaty-lviv/index/spielbericht/4646273
[4367848] Failed to scrape lineup: https://www.transfermarkt.co.uk/sparta-rotterdam_go-ahead-eagles/index/spielbericht/4367848
[4794713] Could not find attributes for xander lambrix (Sandefjord Fotball, 2025)
[4794713] Failed to build match row: Sandefjord Fotball vs Sarpsborg 08 Fotballforening
[4363362] Failed to scrape lineup: https://www.transfermarkt.co.uk/sk-sigma-olomouc_fk-jablonec/index/spielbericht/4363362
[3852638] Could not find attributes for thijmen blokzijl (Football Club Groningen, 2022)
[3852638] Failed to build match row: Football Club Groningen vs Feyenoord Rotterdam
[4376346] Could not find attributes for aleksandr belenov (Fakel Voronezh, 2024)
[4376346] Failed to build match row: Fakel Voronezh vs Akron Togliatti
[4514515] Could not find attributes for matthew edwards (Atlanta United Football Club, 2024)
[4514515] Failed to build match row: Austin FC vs Atlanta United Football Club
[3450619] Could not find attributes for uros spajic (Feyenoord Rotterdam, 2020)
[3450619] Failed to build match row: Feyenoord Rotterdam vs Heracles Almelo
[4031349] Failed to scrape lineup: https://www.transfermarkt.co.uk/fc-minaj_fc-oleksandriya/index/spielbericht/4031349
[4425119] Could not find attributes for daniel de silva (Macarthur South West Sydney (A-League), 2024)
[4665138] Could not find attributes for davide calabria (Panathinaikos Athlitikos Omilos, 2025)
[4425119] Failed to build match row: Western Sydney Wanderers vs Macarthur South West Sydney (A-League)
[4665138] Failed to build match row: Panathinaikos Athlitikos Omilos vs Athlitiki Enosi Konstantinoupoleos
[4620628] Could not find attributes for efthymios koulouris (Morski Klub Sportowy Pogoń Szczecin, 2025)
[4620628] Failed to build match row: Morski Klub Sportowy Pogoń Szczecin vs Motor Lublin Spółka Akcyjna
[3432179] Could not find attributes for fahd moufi (Portimonense SC, 2020)
[3432179] Failed to build match row: Portimonense SC vs Vitória Sport Clube
[4646274] Could not find attributes for nazar makarenko (FC Oleksandriya, 2025)
[4646274] Failed to build match row: FC Oleksandriya vs FC Zorya Lugansk
[4367849] Could not find attributes for suf podgoreanu (Heracles Almelo, 2024)
[4367849] Failed to build match row: Heracles Almelo vs Sportclub Heerenveen
[4363363] Could not find attributes for matus hruska (FK Dukla Praha a.s., 2024)
[4097963] Failed to scrape lineup: https://www.transfermarkt.co.uk/twente-enschede-fc_ajax-amsterdam/index/spielbericht/4097963
[4363363] Failed to build match row: SK Slavia Praha, a.s. vs FK Dukla Praha a.s.
[4514516] Could not find attributes for junior urso (Houston Dynamo, 2024)
[4514516] Failed to build match row: Houston Dynamo vs Minnesota United FC
[4626822] Could not find attributes for cristian avram (Araz-Nakhchivan, 2025)
[4626822] Failed to build match row: Araz-Nakhchivan vs Aris Thessalonikis
[3869280] Failed to scrape lineup: https://www.transfermarkt.co.uk/fc-porto_portimonense-sc/index/spielbericht/3869280
[4530537] Could not find attributes for yuichi maruyama (Kawasaki Frontale, 2024)
[3705526] Failed to scrape lineup: https://www.transfermarkt.co.uk/spielbericht/index/spielbericht/3705526
[4228812] Could not find attributes for branden horton (Chesterfield FC, 2023)
[4373325] Could not find attributes for tiago tomas (Verein für Leibesübungen Wolfsburg, 2024)
[4530537] Failed to build match row: Kawasaki Frontale vs Kashima Antlers FC
[4396675] Could not find attributes for luis esteves (Clube Desportivo Nacional, 2024)
[3928806] Failed to scrape lineup: https://www.transfermarkt.co.uk/spielbericht/index/spielbericht/3928806
[4373325] Failed to build match row: Verein für Leibesübungen Wolfsburg vs Eintracht Frankfurt Fußball AG
[4228812] Failed to build match row: Chesterfield FC vs Leyton Orient
[4709445] Failed to scrape lineup: https://www.transfermarkt.co.uk/al-taawoun-fc_al-hazem-sc/index/spielbericht/4709445
[4376347] Could not find attributes for aleksandr filin (FC Khimki (-2025), 2024)
[4376347] Failed to build match row: FC Khimki (-2025) vs FK Spartak Moskva
[4396675] Failed to build match row: Clube Desportivo Nacional vs Sport Lisboa e Benfica
[3890028] Failed to scrape lineup: https://www.transfermarkt.co.uk/celtic-fc_aberdeen-fc/index/spielbericht/3890028
[4361260] Could not find attributes for nikodem stachowicz (Widzew Łódź Spółka Akcyjna, 2024)
[4361260] Failed to build match row: Widzew Łódź Spółka Akcyjna vs Klub Sportowy Cracovia Spółka Akcyjna
[3415389] Failed to scrape lineup: https://www.transfermarkt.co.uk/cercle-brugge-_r-charleroi-sc/index/spielbericht/3415389
[4097964] Could not find attributes for cisse sandra (Excelsior Rotterdam, 2023)
[4097964] Failed to build match row: Excelsior Rotterdam vs Almere City FC
[3450620] Could not find attributes for vincent schippers (Willem II Tilburg, 2020)
[3450620] Failed to build match row: Willem II Tilburg vs Feyenoord Rotterdam
[4425120] Could not find attributes for lucas herrington (Brisbane Roar FC, 2024)
[4425120] Failed to build match row: Brisbane Roar FC vs Western United FC
[4624830] Failed to scrape lineup: https://www.transfermarkt.co.uk/gks-katowice_gornik-zabrze/index/spielbericht/4624830
[4810922] Failed to scrape lineup: https://www.transfermarkt.co.uk/clube-atletico-mineiro_cr-flamengo/index/spielbericht/4810922
[4129744] Failed to scrape lineup: https://www.transfermarkt.co.uk/alanyaspor_istanbulspor/index/spielbericht/4129744
[3432180] Failed to build match row: Portimonense SC vs Sporting Clube de Portugal
[4646275] Could not find attributes for oleksandr kemkin (FK Kryvbas Kryvyi Rig, 2025)
[4646275] Failed to build match row: FK Kryvbas Kryvyi Rig vs FK Karpaty Lviv
[3426869] Failed to scrape lineup: https://www.transfermarkt.co.uk/yeni-malatyaspor_denizlispor/index/spielbericht/3426869
[3461805] Failed to scrape lineup: https://www.transfermarkt.co.uk/spielbericht/index/spielbericht/3461805
[3869281] Could not find attributes for alisson safira (Vitória Sport Clube, 2022)
[3869281] Failed to build match row: Vitória Sport Clube vs FC Paços de Ferreira
[4452366] Failed to scrape lineup: https://www.transfermarkt.co.uk/spielbericht/index/spielbericht/4452366
[4641599] Failed to scrape lineup: https://www.transfermarkt.co.uk/sc-heerenveen_sparta-rotterdam/index/spielbericht/4641599
[4514517] Could not find attributes for felipe carballo (Red Bull New York, 2024)
[4514517] Failed to build match row: Nashville SC vs Red Bull New York
[4407740] Could not find attributes for matija nastasic (CD Leganés, 2024)
[4407740] Failed to build match row: CD Leganés vs Getafe Club de Fútbol S. A. D. Team Dubai
[4376348] Could not find attributes for nikolay sysuev (FC Orenburg, 2024)
[4376348] Failed to build match row: FC Orenburg vs RFK Akhmat Grozny
[3840469] Failed to scrape lineup: https://www.transfermarkt.co.uk/spielbericht/index/spielbericht/3840469
[4794729] Failed to scrape lineup: https://www.transfermarkt.co.uk/sk-brann_kfum-kameratene-oslo/index/spielbericht/4794729
[4129745] Could not find attributes for shahrudin mahammadaliyev (Adana Demirspor, 2023)
[4129745] Failed to build match row: Adana Demirspor vs Galatasaray Spor Kulübü
[4530538] Could not find attributes for akinori ichikawa (Yokohama FC, 2024)
[4530538] Failed to build match row: Yokohama FC vs Yokohama Marinos

Keepers & outfield error for **Futebol Clube de Arouca** in Futebol Clube de Arouca vs AVS Futebol SAD: Numbers: 2 and 9.
[4396676] Failed to build match row: Futebol Clube de Arouca vs AVS Futebol SAD
[4635225] Failed to scrape lineup: https://www.transfermarkt.co.uk/olympique-lyon_paris-fc/index/spielbericht/4635225
[4031350] Failed to scrape lineup: https://www.transfermarkt.co.uk/zorya-lugansk_pfc-lviv/index/spielbericht/4031350
[4376349] Could not find attributes for stanislav agkatsev (FK Krasnodar, 2024)
[4376349] Failed to build match row: FK Krasnodar vs Dinamo Makhachkala
[4641600] Could not find attributes for gerald alders (Sportclub Telstar, 2025)
[4641600] Failed to build match row: Sportclub Telstar vs Nooit Opgeven Altijd Doorzetten Aangenaam Door Vermaak En Nuttig Door Ontspanning Combinatie Breda
[4727344] Failed to scrape lineup: https://www.transfermarkt.co.uk/macarthur-fc_sydney-fc/index/spielbericht/4727344
[3461806] Could not find attributes for malang sarr (Futebol Clube do Porto, 2020)
[3461806] Failed to build match row: Futebol Clube do Porto vs Manchester City Football Club
[4171271] Could not find attributes for arsen zakharyan (Real Sociedad de Fútbol S.A.D., 2023)
[4171271] Failed to build match row: Real Sociedad de Fútbol S.A.D. vs Fußballclub Red Bull Salzburg
[4452367] Could not find attributes for nikita shulkin (Khimik Dzerzhinsk, 2024)
[4452367] Failed to build match row: Khimik Dzerzhinsk vs Chayka Peschanokopskoye
[4367850] Could not find attributes for Terence Kongolo (Nooit Opgeven Altijd Doorzetten Aangenaam Door Vermaak En Nuttig Door Ontspanning Combinatie Breda, 2024)
[4367850] Failed to build match row: Football Club Twente vs Nooit Opgeven Altijd Doorzetten Aangenaam Door Vermaak En Nuttig Door Ontspanning Combinatie Breda
[4120637] Could not find attributes for oleksandr martynyuk (FC Oleksandriya, 2023)
[4120637] Failed to build match row: Futbolniy Klub Dynamo Kyiv vs FC Oleksandriya
lub, 2025)
[4709446] Failed to build match row: Al-Qadsiah Saudi Football Club vs Al-Ittihad Football Club
[3612880] Could not find attributes for muhammed gumuskaya (Fenerbahçe Spor Kulübü, 2021)
[3612880] Failed to build match row: İstanbul Başakşehir Futbol Kulübü vs Fenerbahçe Spor Kulübü
[4626823] Could not find attributes for senou coulibaly (Omonia Nicosia, 2025)
[4810923] Could not find attributes for viery (Grêmio Foot-Ball Porto Alegrense, 2025)
[4626823] Failed to build match row: Omonia Nicosia vs Torpedo Kutaisi
s Coritiba Foot Ball Club
[4129746] Could not find attributes for yasin ozcan (Kasımpaşa A.Ş., 2023)
[4129746] Failed to build match row: Kasımpaşa A.Ş. vs Samsunspor
[4649017] Could not find attributes for jekob jeno (Asociația Fotbal Club Unirea 04 Slobozia, 2025)
[4649017] Failed to build match row: Asociația Fotbal Club Unirea 04 Slobozia vs Asociația Clubul Sportiv Campionii Fotbal Club Argeș
[4425121] Could not find attributes for max vartuli (Adelaide United Football Club, 2024)
[4794730] Could not find attributes for mame alassane niang (Hamarkameratene, 2025)
[4425121] Failed to build match row: Adelaide United Football Club vs Wellington Phoenix Football Club
[4794730] Failed to build match row: Fredrikstad Fotballklubb vs Hamarkameratene
[3426870] Could not find attributes for lewis baker (Trabzonspor Kulübü, 2020)
[3450622] Could not find attributes for uros spajic (Feyenoord Rotterdam, 2020)
[3426870] Failed to build match row: Trabzonspor Kulübü vs Erzurumspor FK
[3450622] Failed to build match row: FC Emmen vs Feyenoord Rotterdam

Keepers & outfield error for **Sport Lisboa e Benfica** in Clube Desportivo de Tondela vs Sport Lisboa e Benfica: Numbers: 2 and 9.
[4407741] Could not find attributes for tamas nikitscher (Real Valladolid CF, 2024)
[3869282] Could not find attributes for kiko bondoso (FC Vizela, 2022)
[3432181] Failed to build match row: Clube Desportivo de Tondela vs Sport Lisboa e Benfica
[3869282] Failed to build match row: FC Vizela vs Casa Pia Atlético Clube
[4407741] Failed to build match row: Real Valladolid CF vs UD Las Palmas
[4635226] Could not find attributes for fode ballo toure (Football Club de Metz, 2025)
[4635226] Failed to build match row: Racing Club de Lens vs Football Club de Metz
[4624831] Failed to scrape lineup: https://www.transfermarkt.co.uk/jagiellonia-bialystok_legia-warszawa/index/spielbericht/4624831
[3503940] Could not find attributes for giorgi makaridze (UD Almería, 2020)
[3503940] Failed to build match row: UD Almería vs Alaves
[4727345] Could not find attributes for giovanni de abreu (Perth Glory Football Club, 2025)

Keepers & outfield error for **AFC Ajax Amsterdam** in AFC Ajax Amsterdam vs Football Club Volendam: Numbers: 2 and 9.
[3597846] Failed to scrape lineup: https://www.transfermarkt.co.uk/fc-groningen_az-alkmaar/index/spielbericht/3597846
[4641601] Failed to build match row: AFC Ajax Amsterdam vs Football Club Volendam
[4727345] Failed to build match row: Perth Glory Football Club vs Central Coast Mariners Football Club
[4376350] Could not find attributes for sergey volkov (Akron Togliatti, 2024)
[3602473] Could not find attributes for uros spajic (FK Krasnodar, 2021)
[4514518] Failed to scrape lineup: https://www.transfermarkt.co.uk/st-louis-city-sc_sporting-kansas-city/index/spielbericht/4514518
[4363364] Could not find attributes for lukas havel (FK Teplice, a.s., 2024)
[4376350] Failed to build match row: Akron Togliatti vs FK Dinamo Moskva
[3602473] Failed to build match row: FK Krasnodar vs FK Sochi
[4363364] Failed to build match row: FK Teplice, a.s. vs Bohemians Praha 1905, a.s.

Keepers & outfield error for **Melbourne Victory FC** in Melbourne Victory FC vs Auckland Football Club: Numbers: 2 and 9.
[4665139] Could not find attributes for charalampos mavrias (Panetolikos Agrinio, 2025)
[4425122] Failed to build match row: Melbourne Victory FC vs Auckland Football Club
[3842699] Failed to scrape lineup: https://www.transfermarkt.co.uk/fc-krasnodar_fakel-voronezh/index/spielbericht/3842699
[4373327] Failed to scrape lineup: https://www.transfermarkt.co.uk/borussia-monchengladbach_vfb-stuttgart/index/spielbericht/4373327
[4626824] Could not find attributes for plamen iliev (Cherno More Varna, 2025)

Keepers & outfield error for **Wolverhampton Wanderers Football Club** in Arsenal Football Club vs Wolverhampton Wanderers Football Club: Numbers: 0 and 11.
[3616785] Could not find attributes for jota (Clube Desportivo Nacional, 2021)
[4103838] Could not find attributes for niccolo pierozzi (US Salernitana 1919, 2023)
[3612881] Could not find attributes for mohammad naderi (Altay SK, 2021)
[4361263] Failed to build match row: Arsenal Football Club vs Wolverhampton Wanderers Football Club
[3616785] Failed to build match row: Clube Desportivo Nacional vs Grupo Desportivo Estoril Praia
s
[4626824] Failed to build match row: Cherno More Varna vs İstanbul Başakşehir Futbol Kulübü
[4103838] Failed to build match row: US Salernitana 1919 vs Verona Hellas Football Club
[4129747] Could not find attributes for taxiarchis fountas (Trabzonspor Kulübü, 2023)
[3612881] Failed to build match row: Altay SK vs Göztepe Sportif Yatırımlar A.Ş.
[4129747] Failed to build match row: Trabzonspor Kulübü vs Gaziantep Futbol Kulübü A.Ş.
[3415391] Failed to scrape lineup: https://www.transfermarkt.co.uk/kaa-gent_kvrs-waasland-sk-beveren/index/spielbericht/3415391
[3705527] Could not find attributes for gus mafuta (Boreham Wood FC, 2021)
[3705527] Failed to build match row: Boreham Wood FC vs St Albans City
[4228813] Could not find attributes for ollie harfield (Aldershot Town, 2023)
[4094821] Could not find attributes for yoram zague (Paris Saint-Germain Football Club, 2023)
[4228813] Failed to build match row: Aldershot Town vs Stockport County
[4094821] Failed to build match row: Paris Saint-Germain Football Club vs Clermont Foot 63
[4530540] Failed to scrape lineup: https://www.transfermarkt.co.uk/kyoto-sanga_albirex-niigata/index/spielbericht/4530540
[3426871] Could not find attributes for irfan can egribayat (Göztepe Sportif Yatırımlar A.Ş., 2020)
[4794731] Could not find attributes for sander moen foss (Lillestrøm Sportsklubb, 2025)
[3426871] Failed to build match row: Göztepe Sportif Yatırımlar A.Ş. vs MKE Ankaragücü
[4794731] Failed to build match row: Lillestrøm Sportsklubb vs Sandefjord Fotball
[4396677] Failed to scrape lineup: https://www.transfermarkt.co.uk/fc-porto_sc-braga/index/spielbericht/4396677
[4031351] Failed to scrape lineup: https://www.transfermarkt.co.uk/chornomorets-odesa_metalist-1925-kharkiv/index/spielbericht/4031351
[3852641] Could not find attributes for florent sanchez (Football Club Volendam, 2022)
[3852641] Failed to build match row: Football Club Volendam vs RKC Waalwijk
[3588534] Could not find attributes for jetro willems (SpVgg Greuther Fürth, 2021)
[3588534] Failed to build match row: SpVgg Greuther Fürth vs RasenBallsport Leipzig
[3461807] Failed to scrape lineup: https://www.transfermarkt.co.uk/spielbericht/index/spielbericht/3461807
[4171272] Failed to scrape lineup: https://www.transfermarkt.co.uk/spielbericht/index/spielbericht/4171272
[3928807] Failed to scrape lineup: https://www.transfermarkt.co.uk/spielbericht/index/spielbericht/3928807

Keepers & outfield error for **Real Salt Lake** in Real Salt Lake vs Portland Timbers: Numbers: 0 and 11.
[4452368] Failed to scrape lineup: https://www.transfermarkt.co.uk/spielbericht/index/spielbericht/4452368
[4709447] Failed to scrape lineup: https://www.transfermarkt.co.uk/damac-fc_al-nassr-fc/index/spielbericht/4709447
120638
[4367851] Failed to scrape lineup: https://www.transfermarkt.co.uk/nec-nijmegen_feyenoord-rotterdam/index/spielbericht/4367851
[3602474] Could not find attributes for fabian balbuena (FK Dinamo Moskva, 2021)
[4646276] Could not find attributes for yegor klymenko (FC Rukh Lviv, 2025)
[3602474] Failed to build match row: FK Dinamo Moskva vs FC Rubin Kazan
[4646276] Failed to build match row: FC Rukh Lviv vs NK Veres Rivne
[3612882] Could not find attributes for munir el kajoui (Hatayspor, 2021)
[3612882] Failed to build match row: Hatayspor vs Kayserispor Kulübü
[4097966] Could not find attributes for arjany martha (AFC Ajax Amsterdam, 2023)
[4097966] Failed to build match row: AFC Ajax Amsterdam vs Sportclub Heerenveen
[3450623] Could not find attributes for torino hunte (VVV-Venlo, 2020)
[3450623] Failed to build match row: VVV-Venlo vs Feyenoord Rotterdam
[3461809] Could not find attributes for zlatko junuzovic (Fußballclub Red Bull Salzburg, 2020)
[3461809] Failed to build match row: Fußballclub Red Bull Salzburg vs Club Atlético de Madrid S.A.D.
[3588544] Could not find attributes for bastian oczipka (1. Fußballclub Union Berlin, 2021)
[3588544] Failed to build match row: FC Bayern München vs 1. Fußballclub Union Berlin
Not enough players found for lineup: 11, 0.
[3928808] Failed to scrape lineup: https://www.transfermarkt.co.uk/spielbericht/index/spielbericht/3928808
[4709448] Could not find attributes for bilal boutobba (Al-Najma Sport Club, 2025)
[4709448] Failed to build match row: Al-Najma Sport Club vs Al-Riyadh Saudi Club
[3602475] Could not find attributes for artur nigmatullin (FK Nizhny Novgorod, 2021)
[3602475] Failed to build match row: FK Nizhny Novgorod vs PFK CSKA Moskva
[4514520] Could not find attributes for artem smolyakov (Los Angeles Football Club, 2024)
[3869283] Failed to scrape lineup: https://www.transfermarkt.co.uk/sporting-cp_cd-santa-clara/index/spielbericht/3869283
[4120639] Could not find attributes for irakli azarovi (FC Shakhtar Donetsk, 2023)
[4646277] Could not find attributes for mykyta burda (FK Kolos Kovalivka, 2025)
[4407742] Failed to scrape lineup: https://www.transfermarkt.co.uk/rcd-mallorca_deportivo-alaves/index/spielbericht/4407742
[4646277] Failed to build match row: FK Kolos Kovalivka vs FK Kudrivka-1
[4120639] Failed to build match row: FC Shakhtar Donetsk vs Vorskla Poltava
[3432182] Failed to scrape lineup: https://www.transfermarkt.co.uk/portimonense-sc_b-sad/index/spielbericht/3432182
[3838619] Failed to scrape lineup: https://www.transfermarkt.co.uk/leeds-united_newcastle-united/index/spielbericht/3838619
[4031352] Could not find attributes for vladyslav rybak (SC Dnipro-1, 2022)
[4031352] Failed to build match row: SC Dnipro-1 vs Futbolniy Klub Dynamo Kyiv
[3450624] Could not find attributes for tyronne ebuehi (Football Club Twente, 2020)
[3450624] Failed to build match row: Football Club Twente vs AFC Ajax Amsterdam
[4624832] Failed to scrape lineup: https://www.transfermarkt.co.uk/lech-poznan_rakow-czestochowa/index/spielbericht/4624832
[3503941] Failed to scrape lineup: https://www.transfermarkt.co.uk/spielbericht/index/spielbericht/3503941
[3890030] Failed to scrape lineup: https://www.transfermarkt.co.uk/dundee-united-fc_livingston-fc/index/spielbericht/3890030
[4635227] Failed to scrape lineup: https://www.transfermarkt.co.uk/losc-lille_fc-lorient/index/spielbericht/4635227
[3612883] Could not find attributes for ponck (İstanbul Başakşehir Futbol Kulübü, 2021)
[4810924] Could not find attributes for bruninho (Clube Atlético Paranaense, 2025)
[4727346] Failed to scrape lineup: https://www.transfermarkt.co.uk/wellington-phoenix_adelaide-united/index/spielbericht/4727346
[4641602] Failed to scrape lineup: https://www.transfermarkt.co.uk/fc-groningen_fortuna-sittard/index/spielbericht/4641602
[3612883] Failed to build match row: Gaziantep Futbol Kulübü A.Ş. vs İstanbul Başakşehir Futbol Kulübü
[4810924] Failed to build match row: Clube Atlético Paranaense vs Esporte Clube Vitória
[4363365] Failed to scrape lineup: https://www.transfermarkt.co.uk/fk-mlada-boleslav_mfk-karvina/index/spielbericht/4363365
[4514522] Could not find attributes for beau leroux (San Jose Earthquakes, 2024)
[4514522] Failed to build match row: San Jose Earthquakes vs Club Internacional de Fútbol Miami
[3928809] Could not find attributes for stefanos gounaridis (Makedonikos, 2022)
[4665140] Failed to scrape lineup: https://www.transfermarkt.co.uk/asteras-aktor_aek-athens/index/spielbericht/4665140
[4649019] Failed to scrape lineup: https://www.transfermarkt.co.uk/cfr-cluj_uta-arad/index/spielbericht/4649019
[3928809] Failed to build match row: Makedonikos vs Anagennisi Karditsa
[4425123] Failed to scrape lineup: https://www.transfermarkt.co.uk/western-sydney-wanderers_melbourne-city-fc/index/spielbericht/4425123
[4373328] Failed to scrape lineup: https://www.transfermarkt.co.uk/holstein-kiel_bayern-munich/index/spielbericht/4373328
[4103839] Failed to scrape lineup: https://www.transfermarkt.co.uk/us-sassuolo_cagliari-calcio/index/spielbericht/4103839
[3616786] Failed to scrape lineup: https://www.transfermarkt.co.uk/spielbericht/index/spielbericht/3616786
[4361264] Failed to scrape lineup: https://www.transfermarkt.co.uk/everton-fc_brighton-amp-hove-albion/index/spielbericht/4361264
[4094822] Failed to scrape lineup: https://www.transfermarkt.co.uk/fc-toulouse_rc-strasbourg-alsace/index/spielbericht/4094822
[3651068] Failed to scrape lineup: https://www.transfermarkt.co.uk/spielbericht/index/spielbericht/3651068
[4396678] Failed to scrape lineup: https://www.transfermarkt.co.uk/fc-porto_casa-pia-ac/index/spielbericht/4396678
[3426872] Failed to scrape lineup: https://www.transfermarkt.co.uk/fatih-karagumruk_sivasspor/index/spielbericht/3426872
[4228814] Failed to scrape lineup: https://www.transfermarkt.co.uk/spielbericht/index/spielbericht/4228814
[3842700] Failed to scrape lineup: https://www.transfermarkt.co.uk/cska-moscow_ural-yekaterinburg/index/spielbericht/3842700
[4452369] Could not find attributes for pavel zemskov (FC Orel, 2024)
[4452369] Failed to build match row: FC Orel vs Sokol Saratov
[4120640] Could not find attributes for oleksandr rybka (FK Obolon Kyiv, 2023)
[4120640] Failed to build match row: FK Obolon Kyiv vs TOV FK Metalist 1925 Kharkiv
[3415392] Failed to scrape lineup: https://www.transfermarkt.co.uk/kas-eupen_krc-genk/index/spielbericht/3415392
[4129748] Failed to scrape lineup: https://www.transfermarkt.co.uk/hatayspor_basaksehir-fk/index/spielbericht/4129748
[3852642] Failed to scrape lineup: https://www.transfermarkt.co.uk/vitesse-arnhem_nec-nijmegen/index/spielbericht/3852642
[4031353] Could not find attributes for yuriy pankiv (FC Rukh Lviv, 2022)
[4031353] Failed to build match row: FC Rukh Lviv vs FK Kolos Kovalivka
[3597848] Failed to scrape lineup: https://www.transfermarkt.co.uk/ajax-amsterdam_psv-eindhoven/index/spielbericht/3597848
[3503942] Could not find attributes for djakaridja traore (Córdoba CF, 2020)
[3503942] Failed to build match row: Córdoba CF vs Real Sociedad de Fútbol S.A.D.
[4171274] Could not find attributes for liam scales (The Celtic Football Club, 2023)
[4171274] Failed to build match row: Feyenoord Rotterdam vs The Celtic Football Club
[4665141] Could not find attributes for theocharis iliadis (Athlitiki Enosi Larisas, 2025)
[4665141] Failed to build match row: Athlitiki Enosi Larisas vs Panserraikos Serres
[3842701] Could not find attributes for anton shunin (FK Dinamo Moskva, 2022)
[3842701] Failed to build match row: FK Dinamo Moskva vs FK Rostov
[4530542] Could not find attributes for daiya maekawa (Rakuten Vissel Kobe, 2024)
[4530542] Failed to build match row: Rakuten Vissel Kobe vs Shonan Bellmare
[4373338] Could not find attributes for tiago tomas (Verein für Leibesübungen Wolfsburg, 2024)
[4626825] Failed to scrape lineup: https://www.transfermarkt.co.uk/spielbericht/index/spielbericht/4626825
[4373338] Failed to build match row: Bayer 04 Leverkusen Fußball vs Verein für Leibesübungen Wolfsburg
[3450626] Could not find attributes for ahmed touba (RKC Waalwijk, 2020)
[4097967] Failed to scrape lineup: https://www.transfermarkt.co.uk/rkc-waalwijk_feyenoord-rotterdam/index/spielbericht/4097967
[3461810] Failed to scrape lineup: https://www.transfermarkt.co.uk/spielbericht/index/spielbericht/3461810
[3450626] Failed to build match row: RKC Waalwijk vs Sparta Rotterdam

Keepers & outfield error for **KV Kortrijk** in KV Kortrijk vs Royal Standard Club de Liège: Numbers: 0 and 11.
[3415393] Failed to build match row: KV Kortrijk vs Royal Standard Club de Liège
[3588546] Could not find attributes for sardar azmoun (Bayer 04 Leverkusen Fußball, 2021)
[3588546] Failed to build match row: Verein für Leibesübungen Wolfsburg vs Bayer 04 Leverkusen Fußball
[4031354] Could not find attributes for bogdan kogut (NK Veres Rivne, 2022)
[4031354] Failed to build match row: NK Veres Rivne vs Vorskla Poltava
[3602476] Failed to scrape lineup: https://www.transfermarkt.co.uk/ural-yekaterinburg_arsenal-tula/index/spielbericht/3602476
[4367853] Failed to scrape lineup: https://www.transfermarkt.co.uk/willem-ii-tilburg_psv-eindhoven/index/spielbericht/4367853
[3869284] Failed to scrape lineup: https://www.transfermarkt.co.uk/rio-ave-fc_sl-benfica/index/spielbericht/3869284
[3432183] Failed to scrape lineup: https://www.transfermarkt.co.uk/rio-ave-fc_boavista-fc/index/spielbericht/3432183
[4514526] Could not find attributes for lazar stefanovic (Toronto FC, 2024)
[4514526] Failed to build match row: Club de Foot Montréal vs Toronto FC
[4620634] Failed to scrape lineup: https://www.transfermarkt.co.uk/piast-gliwice_gornik-zabrze/index/spielbericht/4620634
[4646278] Failed to scrape lineup: https://www.transfermarkt.co.uk/lnz-cherkasy_dynamo-kyiv/index/spielbericht/4646278
[4407743] Failed to scrape lineup: https://www.transfermarkt.co.uk/villarreal-cf_rcd-espanyol-barcelona/index/spielbericht/4407743
[4635228] Failed to scrape lineup: https://www.transfermarkt.co.uk/aj-auxerre_rc-strasbourg-alsace/index/spielbericht/4635228
[3890031] Failed to scrape lineup: https://www.transfermarkt.co.uk/hibernian-fc_heart-of-midlothian-fc/index/spielbericht/3890031
[4530543] Could not find attributes for svend brodersen (Fagiano Okayama Sports Club, 2024)
[4530543] Failed to build match row: Fagiano Okayama Sports Club vs Sanfrecce Hiroshima
[4727347] Failed to scrape lineup: https://www.transfermarkt.co.uk/melbourne-city-fc_newcastle-united-jets/index/spielbericht/4727347

Keepers & outfield error for **FC Empoli** in Udinese Calcio vs FC Empoli: Numbers: 2 and 9.
[4103841] Failed to build match row: Udinese Calcio vs FC Empoli
[3842702] Could not find attributes for daniil khudyakov (Футбольный клуб "Локомотив" Москва, 2022)
[3842702] Failed to build match row: Футбольный клуб "Локомотив" Москва vs FK Nizhny Novgorod
[3612884] Failed to scrape lineup: https://www.transfermarkt.co.uk/fatih-karagumruk_antalyaspor/index/spielbericht/3612884
[4228815] Could not find attributes for connor lemonheigh evans (AFC Wimbledon, 2023)
[4228815] Failed to build match row: AFC Wimbledon vs Ramsgate FC
[3928810] Failed to scrape lineup: https://www.transfermarkt.co.uk/spielbericht/index/spielbericht/3928810
[4649020] Failed to scrape lineup: https://www.transfermarkt.co.uk/acsc-fc-arges_fc-universitatea-cluj/index/spielbericht/4649020
[4097968] Could not find attributes for cisse sandra (Excelsior Rotterdam, 2023)
[4097968] Failed to build match row: Excelsior Rotterdam vs Alkmaar Zaanstreek

Keepers & outfield error for **Gil Vicente Futebol Clube** in Gil Vicente Futebol Clube vs Boavista FC: Numbers: 0 and 11.
[3432184] Failed to build match row: Gil Vicente Futebol Clube vs Boavista FC
[3602477] Could not find attributes for ilya lantratov (FC Khimki (-2025), 2021)
[3602477] Failed to build match row: FC Khimki (-2025) vs Футбольный клуб "Локомотив" Москва
[4094823] Failed to scrape lineup: https://www.transfermarkt.co.uk/as-monaco_stade-rennais-fc/index/spielbericht/4094823
[3426873] Failed to scrape lineup: https://www.transfermarkt.co.uk/galatasaray_kayserispor/index/spielbericht/3426873
[3616787] Failed to scrape lineup: https://www.transfermarkt.co.uk/spielbericht/index/spielbericht/3616787
[4396679] Failed to scrape lineup: https://www.transfermarkt.co.uk/sc-farense_cf-estrela-amadora/index/spielbericht/4396679
[3651069] Failed to scrape lineup: https://www.transfermarkt.co.uk/spielbericht/index/spielbericht/3651069
[4626827] Could not find attributes for denis agovic (FC UNA Strassen, 2025)
[4626827] Failed to build match row: FC UNA Strassen vs Dundee United Football Club
[4530544] Could not find attributes for shusaku nishikawa (Urawa Red Diamonds, 2024)
[4530544] Failed to build match row: Urawa Red Diamonds vs Avispa Fukuoka
[3852643] Failed to scrape lineup: https://www.transfermarkt.co.uk/fortuna-sittard_psv-eindhoven/index/spielbericht/3852643
[4129749] Failed to scrape lineup: https://www.transfermarkt.co.uk/fatih-karagumruk_antalyaspor/index/spielbericht/4129749
[4120641] Failed to scrape lineup: https://www.transfermarkt.co.uk/kryvbas-kryvyi-rig_chornomorets-odesa/index/spielbericht/4120641
[4727348] Could not find attributes for ruon tongyik (Western Sydney Wanderers, 2025)
[4727348] Failed to build match row: Western Sydney Wanderers vs Auckland Football Club
[3842703] Could not find attributes for vitaliy botnar (Torpedo Moscow, 2022)
[3842703] Failed to build match row: Torpedo Moscow vs FK Sochi
[4646279] Could not find attributes for denys marchenko (FK Obolon Kyiv, 2025)
[4646279] Failed to build match row: FK Obolon Kyiv vs Epicentr Dunaivtsi
[4624834] Could not find attributes for hussein ali (Morski Klub Sportowy Pogoń Szczecin, 2025)
[4624834] Failed to build match row: Morski Klub Sportowy Pogoń Szczecin vs Widzew Łódź Spółka Akcyjna
[4231133] Could not find attributes for stefanos souloukos (Athlitiki Enosi Larisas, 2023)
[4231133] Failed to build match row: Athlitiki Enosi Larisas vs APS Atromitos Athinon
Not enough players found for lineup: 0, 11.
[3928811] Failed to scrape lineup: https://www.transfermarkt.co.uk/spielbericht/index/spielbericht/3928811
[3503943] Failed to scrape lineup: https://www.transfermarkt.co.uk/spielbericht/index/spielbericht/3503943
[3597849] Failed to scrape lineup: https://www.transfermarkt.co.uk/ajax-amsterdam_fc-groningen/index/spielbericht/3597849
[4094824] Could not find attributes for nabil bentaleb (Lille Olympique Sporting Club, 2023)
[4094824] Failed to build match row: Lille Olympique Sporting Club vs Olympique de Marseille
[4665142] Failed to scrape lineup: https://www.transfermarkt.co.uk/aris-thessaloniki_levadiakos/index/spielbericht/4665142
[3707314] Failed to scrape lineup: https://www.transfermarkt.co.uk/spielbericht/index/spielbericht/3707314
[4794732] Failed to scrape lineup: https://www.transfermarkt.co.uk/molde-fk_kristiansund-bk/index/spielbericht/4794732
[3602478] Could not find attributes for dmitriy chistyakov (AO FK Zenit Sankt-Peterburg, 2021)
[4452370] Could not find attributes for danil ryazanov (Luki-Energia Velikie Luki, 2024)
[4452370] Failed to build match row: Luki-Energia Velikie Luki vs FK Baltika
[3602478] Failed to build match row: AO FK Zenit Sankt-Peterburg vs FK Sochi
[4367854] Could not find attributes for younes namli (Prins Hendrik Ende Desespereert Nimmer Combinatie Zwolle, 2024)
[4367854] Failed to build match row: Prins Hendrik Ende Desespereert Nimmer Combinatie Zwolle vs Almere City FC
[4120642] Could not find attributes for german penkov (LNZ Cherkasy, 2023)
[3426874] Could not find attributes for munir el kajoui (Hatayspor, 2020)
[3842704] Could not find attributes for giorgiy shelia (RFK Akhmat Grozny, 2022)
[4120642] Failed to build match row: LNZ Cherkasy vs FC Oleksandriya
[3426874] Failed to build match row: Hatayspor vs Çaykur Rizespor Kulübü
[3842704] Failed to build match row: RFK Akhmat Grozny vs FK Spartak Moskva

Keepers & outfield error for **Moreirense Futebol Clube** in Rio Ave Futebol Clube vs Moreirense Futebol Clube: Numbers: 2 and 9.
[3450627] Failed to scrape lineup: https://www.transfermarkt.co.uk/pec-zwolle_willem-ii-tilburg/index/spielbericht/3450627
[4373339] Failed to scrape lineup: https://www.transfermarkt.co.uk/vfb-stuttgart_borussia-dortmund/index/spielbericht/4373339
[3461811] Failed to scrape lineup: https://www.transfermarkt.co.uk/spielbericht/index/spielbericht/3461811
[4425124] Could not find attributes for chris ikonomidis (Macarthur South West Sydney (A-League), 2024)
[4396680] Failed to build match row: Rio Ave Futebol Clube vs Moreirense Futebol Clube
[3415394] Failed to scrape lineup: https://www.transfermarkt.co.uk/royal-excel-mouscron-2022-_oud-heverlee-leuven/index/spielbericht/3415394
[4031355] Failed to scrape lineup: https://www.transfermarkt.co.uk/kryvbas-kryvyi-rig_shakhtar-donetsk/index/spielbericht/4031355
[4425124] Failed to build match row: Central Coast Mariners Football Club vs Macarthur South West Sydney (A-League)
[3617773] Could not find attributes for steve borg (Gzira United FC, 2021)

Keepers & outfield error for **Wolverhampton Wanderers Football Club** in Manchester United Football Club vs Wolverhampton Wanderers Football Club: Numbers: 2 and 9.
[3503944] Could not find attributes for albert estelles (UE Cornellà, 2020)
[3617773] Failed to build match row: Gzira United FC vs Hrvatski Nogometni Klub Rijeka
[4376351] Failed to scrape lineup: https://www.transfermarkt.co.uk/zenit-st-petersburg_fc-rostov/index/spielbericht/4376351
[3503944] Failed to build match row: UE Cornellà vs Futbol Club Barcelona
[3838621] Failed to build match row: Manchester United Football Club vs Wolverhampton Wanderers Football Club
[4727349] Could not find attributes for marcel tisserand (Sydney Football Club, 2025)
[4727349] Failed to build match row: Newcastle United Jets Football Club vs Sydney Football Club
[3869285] Failed to scrape lineup: https://www.transfermarkt.co.uk/cs-maritimo_boavista-fc/index/spielbericht/3869285
[4231134] Could not find attributes for stefan stojanovic (APO Levadiakos Football Club, 2023)
[4514528] Failed to scrape lineup: https://www.transfermarkt.co.uk/columbus-crew_fc-cincinnati/index/spielbericht/4514528
[4231134] Failed to build match row: APO Levadiakos Football Club vs Niki Volou
[4649022] Could not find attributes for ely fernandes (Fotbal Club Metaloglobus București SA, 2025)
[4171277] Could not find attributes for liam scales (The Celtic Football Club, 2023)
[4649022] Failed to build match row: Asociația Futball Klub Csíkszereda Miercurea Ciuc vs Fotbal Club Metaloglobus București SA
[4171277] Failed to build match row: Club Atlético de Madrid S.A.D. vs The Celtic Football Club
[4407744] Failed to scrape lineup: https://www.transfermarkt.co.uk/athletic-bilbao_cd-leganes/index/spielbericht/4407744
[4635229] Failed to scrape lineup: https://www.transfermarkt.co.uk/fc-nantes_angers-sco/index/spielbericht/4635229
[3890032] Failed to scrape lineup: https://www.transfermarkt.co.uk/motherwell-fc_st-johnstone-fc/index/spielbericht/3890032
[4665143] Could not find attributes for lefteris choutesiotis (APS Atromitos Athinon, 2025)
[4665143] Failed to build match row: APS Atromitos Athinon vs Panathinaikos Athlitikos Omilos
[3602479] Could not find attributes for egor sorokin (FK Krasnodar, 2021)
[3602479] Failed to build match row: PFK CSKA Moskva vs FK Krasnodar
[4452371] Could not find attributes for evgeniy archibasov (Dinamo Vladivostok, 2024)
[4452371] Failed to build match row: Dinamo Vladivostok vs Shinnik Yaroslavl
[4794733] Could not find attributes for simen haram (Aalesunds Fotballklubb, 2025)
[4794733] Failed to build match row: Rosenborg Ballklub vs Aalesunds Fotballklubb
[4103844] Could not find attributes for mattia destro (FC Empoli, 2023)
[3432185] Failed to scrape lineup: https://www.transfermarkt.co.uk/portimonense-sc_sc-farense/index/spielbericht/3432185
[4103844] Failed to build match row: FC Empoli vs Associazione Sportiva Roma
[3842705] Could not find attributes for evgeniy goshev (FC Orenburg, 2022)
[3707315] Could not find attributes for brais pereiro (Bergantiños FC, 2021)
[3842705] Failed to build match row: FC Orenburg vs PFK Krylya Sovetov Samara
[3707315] Failed to build match row: Bergantiños FC vs Rayo Vallecano de Madrid S. A. D.
[3503945] Could not find attributes for german parreno (UD Ibiza, 2020)
[3503945] Failed to build match row: UD Ibiza vs Athletic Club Bilbao
[4626828] Failed to scrape lineup: https://www.transfermarkt.co.uk/spielbericht/index/spielbericht/4626828
[3588548] Failed to scrape lineup: https://www.transfermarkt.co.uk/1-fsv-mainz-05_arminia-bielefeld/index/spielbericht/3588548
[4514529] Could not find attributes for matthew edwards (Atlanta United Football Club, 2024)
[4514529] Failed to build match row: Atlanta United Football Club vs Philadelphia Union
[4530545] Failed to scrape lineup: https://www.transfermarkt.co.uk/fc-tokyo_yokohama-f-marinos/index/spielbericht/4530545
[4129750] Failed to scrape lineup: https://www.transfermarkt.co.uk/fenerbahce_besiktas-jk/index/spielbericht/4129750
[3928812] Could not find attributes for alexandros athanasopoulos (Diagoras Rodou, 2022)
[3928812] Failed to build match row: Diagoras Rodou vs Apollon Pontou
[4727350] Could not find attributes for takeshi kanamori (Melbourne City Football Club, 2025)
[4727350] Failed to build match row: Melbourne City Football Club vs Melbourne Victory FC

Keepers & outfield error for **Villarreal Club de Fútbol S.A.D.** in Club Atlético de Madrid S.A.D. vs Villarreal Club de Fútbol S.A.D.: Numbers: 0 and 11.
[4094826] Could not find attributes for daler kuzyaev (Le Havre Athletic Club, 2023)
[4407745] Failed to build match row: Club Atlético de Madrid S.A.D. vs Villarreal Club de Fútbol S.A.D.
[4094826] Failed to build match row: Racing Club de Lens vs Le Havre Athletic Club
[3838622] Could not find attributes for joao palhinha (Fulham Football Club, 2022)
[3838622] Failed to build match row: Southampton FC vs Fulham Football Club
[4646280] Failed to scrape lineup: https://www.transfermarkt.co.uk/sc-poltava_shakhtar-donetsk/index/spielbericht/4646280
[4665144] Could not find attributes for diamantis chouchoumis (Athlitiki Enosi Kifisias, 2025)
[4665144] Failed to build match row: Athlitiki Enosi Kifisias vs Panthessalonikios Athlitikos Omilos Konstantinoupoliton
[3842706] Could not find attributes for ilya lantratov (FC Khimki (-2025), 2022)
[3842706] Failed to build match row: FC Khimki (-2025) vs AO FK Zenit Sankt-Peterburg

Keepers & outfield error for **SC Farense** in SC Farense vs Clube Desportivo de Tondela: Numbers: 2 and 9.
[3432186] Failed to build match row: SC Farense vs Clube Desportivo de Tondela
[3602480] Could not find attributes for fabian balbuena (FK Dinamo Moskva, 2021)
[3602480] Failed to build match row: FK Dinamo Moskva vs PFK Krylya Sovetov Samara
[4031356] Could not find attributes for giorgi gocholeishvili (FC Shakhtar Donetsk, 2022)
[4031356] Failed to build match row: FC Shakhtar Donetsk vs FC Rukh Lviv
[3461812] Could not find attributes for yuto nagatomo (Olympique de Marseille, 2020)
[3461812] Failed to build match row: Manchester City Football Club vs Olympique de Marseille
Not enough players found for lineup: 0, 11.
[4452382] Failed to scrape lineup: https://www.transfermarkt.co.uk/spielbericht/index/spielbericht/4452382
[4514530] Could not find attributes for sam rogers (Chicago Fire Soccer Club, 2024)
[4514530] Failed to build match row: Charlotte Football Club vs Chicago Fire Soccer Club
[3597852] Could not find attributes for vurnon anita (RKC Waalwijk, 2021)
[3597852] Failed to build match row: Heracles Almelo vs RKC Waalwijk

Keepers & outfield error for **Association Football Club Bournemouth** in Association Football Club Bournemouth vs Chelsea Football Club: Numbers: 0 and 11.
[4097970] Failed to scrape lineup: https://www.transfermarkt.co.uk/heracles-almelo_psv-eindhoven/index/spielbericht/4097970
[3838623] Failed to build match row: Association Football Club Bournemouth vs Chelsea Football Club
[3651071] Failed to scrape lineup: https://www.transfermarkt.co.uk/spielbericht/index/spielbericht/3651071
[4129751] Could not find attributes for dal varesanovic (Çaykur Rizespor Kulübü, 2023)
[4129751] Failed to build match row: Çaykur Rizespor Kulübü vs MKE Ankaragücü
[4367855] Failed to scrape lineup: https://www.transfermarkt.co.uk/fc-groningen_go-ahead-eagles/index/spielbericht/4367855
[4231135] Could not find attributes for maksym imerekov (APS Atromitos Athinon, 2023)
[4231135] Failed to build match row: APS Atromitos Athinon vs Athlitiki Enosi Larisas
[3612887] Failed to scrape lineup: https://www.transfermarkt.co.uk/alanyaspor_kasimpasa/index/spielbericht/3612887
[3852644] Could not find attributes for tesfaldet tekie (Go Ahead Eagles, 2022)
[3852644] Failed to build match row: Go Ahead Eagles vs Football Club Utrecht
[3426875] Failed to scrape lineup: https://www.transfermarkt.co.uk/antalyaspor_alanyaspor/index/spielbericht/3426875
[4120643] Failed to scrape lineup: https://www.transfermarkt.co.uk/kolos-kovalivka_vorskla-poltava/index/spielbericht/4120643
[4646281] Could not find attributes for yevgen volynets (FK Polissya Zhytomyr, 2025)
[4646281] Failed to build match row: FK Polissya Zhytomyr vs FC Oleksandriya

Keepers & outfield error for **Perth Glory Football Club** in Perth Glory Football Club vs Adelaide United Football Club: Numbers: 0 and 11.
[4727351] Failed to build match row: Perth Glory Football Club vs Adelaide United Football Club
[3450628] Failed to scrape lineup: https://www.transfermarkt.co.uk/fortuna-sittard_feyenoord-rotterdam/index/spielbericht/3450628
[3415395] Failed to scrape lineup: https://www.transfermarkt.co.uk/rsc-anderlecht_kv-oostende-2024-/index/spielbericht/3415395
[4396681] Failed to scrape lineup: https://www.transfermarkt.co.uk/sporting-cp_cd-santa-clara/index/spielbericht/4396681
[3842707] Could not find attributes for daniil odoevskiy (AO FK Zenit Sankt-Peterburg, 2022)
[3504750] Could not find attributes for yuto nagatomo (Olympique de Marseille, 2020)
[3842707] Failed to build match row: AO FK Zenit Sankt-Peterburg vs PFK Krylya Sovetov Samara
[3504750] Failed to build match row: Paris Saint-Germain Football Club vs Olympique de Marseille
[4624835] Could not find attributes for kyriakos savvidis (Wisła Płock Spółka Akcyjna, 2025)
[4624835] Failed to build match row: Zagłębie Lubin Spółka Akcyjna vs Wisła Płock Spółka Akcyjna
[4373340] Failed to scrape lineup: https://www.transfermarkt.co.uk/eintracht-frankfurt_borussia-monchengladbach/index/spielbericht/4373340
[4665145] Could not find attributes for nikolaos grammatikakis (Volou Neos Podosferikos Syllogos, 2025)
[4665145] Failed to build match row: Olympiakos Syndesmos Filathlon Peiraios vs Volou Neos Podosferikos Syllogos
[3617774] Failed to scrape lineup: https://www.transfermarkt.co.uk/spielbericht/index/spielbericht/3617774
[3869286] Failed to scrape lineup: https://www.transfermarkt.co.uk/gd-chaves_sc-braga/index/spielbericht/3869286
[4376352] Failed to scrape lineup: https://www.transfermarkt.co.uk/rubin-kazan_fc-khimki/index/spielbericht/4376352
[4641603] Could not find attributes for ruud nijstad (Football Club Twente, 2025)
[4649023] Failed to scrape lineup: https://www.transfermarkt.co.uk/afc-unirea-04-slobozia_petrolul-ploiesti/index/spielbericht/4649023
[4031357] Could not find attributes for maksym dyachuk (Futbolniy Klub Dynamo Kyiv, 2022)
[4031357] Failed to build match row: Futbolniy Klub Dynamo Kyiv vs FC Zorya Lugansk
[3461813] Could not find attributes for jose cholevas (Olympiakos Syndesmos Filathlon Peiraios, 2020)
[3461813] Failed to build match row: Olympiakos Syndesmos Filathlon Peiraios vs Futebol Clube do Porto
[4361270] Failed to scrape lineup: https://www.transfermarkt.co.uk/leicester-city_tottenham-hotspur/index/spielbericht/4361270
[4794734] Failed to scrape lineup: https://www.transfermarkt.co.uk/viking-fk_ik-start/index/spielbericht/4794734
[3602481] Could not find attributes for sergey pesjakov (FK Rostov, 2021)
[4709450] Could not find attributes for nacho fernandez (Al-Qadsiah Saudi Football Club, 2025)
[3602481] Failed to build match row: Футбольный клуб "Локомотив" Москва vs FK Rostov
[4709450] Failed to build match row: Al-Qadsiah Saudi Football Club vs Al-Hilal Saudi Football Club

Keepers & outfield error for **Manchester United Football Club** in Manchester United Football Club vs Villarreal Club de Fútbol S.A.D.: Numbers: 3 and 8.

Keepers & outfield error for **Morski Związkowy Klub Sportowy Arka Gdynia Spółka Akcyjna** in Legia Warszawa Spółka Akcyjna vs Morski Związkowy Klub Sportowy Arka Gdynia Spółka Akcyjna: Numbers: 2 and 9.
[3651072] Failed to build match row: Manchester United Football Club vs Villarreal Club de Fútbol S.A.D.
[4620637] Failed to build match row: Legia Warszawa Spółka Akcyjna vs Morski Związkowy Klub Sportowy Arka Gdynia Spółka Akcyjna
[4626830] Could not find attributes for declan dunne (Dungannon Swifts FC, 2025)
[4626830] Failed to build match row: Dungannon Swifts FC vs FC Vaduz
[4120644] Could not find attributes for yevgen volynets (SC Dnipro-1, 2023)
[4120644] Failed to build match row: SC Dnipro-1 vs NK Veres Rivne
[3426876] Could not find attributes for adil demirbag (Konyaspor, 2020)
[3426876] Failed to build match row: Konyaspor vs Kasımpaşa A.Ş.
Not enough players found for lineup: 0, 11.
[4452383] Failed to scrape lineup: https://www.transfermarkt.co.uk/spielbericht/index/spielbericht/4452383
[4530547] Failed to scrape lineup: https://www.transfermarkt.co.uk/machida-zelvia_fagiano-okayama/index/spielbericht/4530547
[4363366] Could not find attributes for vaclav jindra (FK Pardubice, 2024)

Keepers & outfield error for **FC Emmen** in FC Emmen vs SC Cambuur Leeuwarden: Numbers: 0 and 11.
[4363366] Failed to build match row: FK Pardubice vs FC Baník Ostrava a.s.
[4231136] Could not find attributes for athanasios garavelis (Niki Volou, 2023)
[3852645] Failed to build match row: FC Emmen vs SC Cambuur Leeuwarden
[4231136] Failed to build match row: Niki Volou vs APO Levadiakos Football Club
[4373341] Could not find attributes for kevin muller (1. Fußballclub Heidenheim 1846, 2024)
[4171279] Failed to scrape lineup: https://www.transfermarkt.co.uk/spielbericht/index/spielbericht/4171279
[4373341] Failed to build match row: 1. Fußballclub Heidenheim 1846 vs Sport-Club Freiburg
[4665146] Could not find attributes for kresimir krizmanic (Omilos Filathlon Irakliou FC, 2025)
[3450629] Could not find attributes for marko vejinovic (ADO Den Haag, 2020)
[4665146] Failed to build match row: Omilos Filathlon Irakliou FC vs Panetolikos Agrinio
[3450629] Failed to build match row: ADO Den Haag vs FC Emmen

Keepers & outfield error for **Futebol Clube de Famalicão** in Futebol Clube de Famalicão vs Futebol Clube de Arouca: Numbers: 0 and 11.
[3869287] Failed to build match row: Futebol Clube de Famalicão vs Futebol Clube de Arouca
[4641604] Could not find attributes for lushendry martes (Sparta Rotterdam, 2025)
[4641604] Failed to build match row: Football Club Utrecht vs Sparta Rotterdam
[4635231] Could not find attributes for mathieu acapandie (Football Club de Nantes, 2025)
[4635231] Failed to build match row: Paris Saint-Germain Football Club vs Football Club de Nantes
[3602482] Could not find attributes for vitaliy gudiev (RFK Akhmat Grozny, 2021)

Keepers & outfield error for **Al-Fateh Club** in Al-Fateh Club vs Al-Ittihad Football Club: Numbers: 0 and 11.
[3602482] Failed to build match row: RFK Akhmat Grozny vs FK Spartak Moskva
[4709451] Failed to build match row: Al-Fateh Club vs Al-Ittihad Football Club
[4514531] Failed to scrape lineup: https://www.transfermarkt.co.uk/new-england-revolution_san-jose-earthquakes/index/spielbericht/4514531
[4097971] Failed to scrape lineup: https://www.transfermarkt.co.uk/fc-utrecht_twente-enschede-fc/index/spielbericht/4097971
[3588550] Failed to scrape lineup: https://www.transfermarkt.co.uk/1-fc-koln_borussia-dortmund/index/spielbericht/3588550
[3597853] Failed to scrape lineup: https://www.transfermarkt.co.uk/feyenoord-rotterdam_nec-nijmegen/index/spielbericht/3597853
[4129752] Failed to scrape lineup: https://www.transfermarkt.co.uk/sivasspor_konyaspor/index/spielbericht/4129752

Keepers & outfield error for **Motherwell Football Club** in Aberdeen Football Club vs Motherwell Football Club: Numbers: 0 and 11.

Keepers & outfield error for **Alaves** in Alaves vs Celta: Numbers: 0 and 11.
[3890035] Failed to build match row: Aberdeen Football Club vs Motherwell Football Club
[4407748] Failed to build match row: Alaves vs Celta
[4367856] Could not find attributes for davy klaassen (AFC Ajax Amsterdam, 2024)
[4367856] Failed to build match row: RKC Waalwijk vs AFC Ajax Amsterdam
[4396682] Could not find attributes for chiheb labidi (Clube Desportivo Nacional, 2024)
[4646282] Failed to scrape lineup: https://www.transfermarkt.co.uk/zorya-lugansk_metalist-1925-kharkiv/index/spielbericht/4646282
[4396682] Failed to build match row: Clube Desportivo Nacional vs Boavista FC
[3432187] Failed to scrape lineup: https://www.transfermarkt.co.uk/sc-farense_fc-pacos-de-ferreira/index/spielbericht/3432187
[3461814] Could not find attributes for brian brobbey (AFC Ajax Amsterdam, 2020)
[3461814] Failed to build match row: AFC Ajax Amsterdam vs Atalanta Bergamasca Calcio S.p.a.
[4363368] Could not find attributes for vilem fendrich (SK Dynamo Ceske Budejovice, 2024)
[4363368] Failed to build match row: SK Dynamo Ceske Budejovice vs FC Hradec Králové a.s.
[4530550] Could not find attributes for yohei takeda (Nagoya Grampus Eight, 2024)
[3505136] Failed to scrape lineup: https://www.transfermarkt.co.uk/asteras-tripolis_panetolikos-gfs/index/spielbericht/3505136
[4094828] Failed to scrape lineup: https://www.transfermarkt.co.uk/montpellier-hsc_fc-lorient/index/spielbericht/4094828
[4649024] Failed to scrape lineup: https://www.transfermarkt.co.uk/fc-botosani_fcsb/index/spielbericht/4649024
[4530550] Failed to build match row: Nagoya Grampus Eight vs Kashima Antlers FC
_sc-dnipro-1/index/spielbericht/4031358
[3415396] Failed to scrape lineup: https://www.transfermarkt.co.uk/sint-truidense-vv_beerschot-va/index/spielbericht/3415396
[4376353] Failed to scrape lineup: https://www.transfermarkt.co.uk/cska-moscow_fc-orenburg/index/spielbericht/4376353
[3617775] Failed to scrape lineup: https://www.transfermarkt.co.uk/spielbericht/index/spielbericht/3617775
[3842708] Failed to scrape lineup: https://www.transfermarkt.co.uk/fc-krasnodar_spartak-moscow/index/spielbericht/3842708
[4624836] Failed to scrape lineup: https://www.transfermarkt.co.uk/korona-kielce_bruk-bet-termalica-nieciecza/index/spielbericht/4624836
[4361271] Failed to scrape lineup: https://www.transfermarkt.co.uk/afc-bournemouth_newcastle-united/index/spielbericht/4361271
[4810925] Could not find attributes for erick pulga (Esporte Clube Bahia, 2025)
[4646283] Could not find attributes for dmytro matsapura (FK Kolos Kovalivka, 2025)
[4810925] Failed to build match row: Esporte Clube Bahia vs Santos Futebol Clube
[4646283] Failed to build match row: FK Kolos Kovalivka vs FK Obolon Kyiv
[4514532] Could not find attributes for tate johnson (Vancouver Whitecaps FC, 2024)
[4514532] Failed to build match row: Austin FC vs Vancouver Whitecaps FC

Keepers & outfield error for **Sporting Clube de Braga** in AVS Futebol SAD vs Sporting Clube de Braga: Numbers: 0 and 11.
[4626831] Failed to scrape lineup: https://www.transfermarkt.co.uk/spielbericht/index/spielbericht/4626831
[4620638] Failed to scrape lineup: https://www.transfermarkt.co.uk/motor-lublin_jagiellonia-bialystok/index/spielbericht/4620638
[4396683] Failed to build match row: AVS Futebol SAD vs Sporting Clube de Braga
[4129753] Could not find attributes for florin nita (Gaziantep Futbol Kulübü A.Ş., 2023)

Keepers & outfield error for **Clube Desportivo Nacional** in Clube Desportivo Nacional vs Futebol Clube do Porto: Numbers: 0 and 11.
[3426877] Failed to scrape lineup: https://www.transfermarkt.co.uk/genclerbirligi-ankara_fenerbahce/index/spielbericht/3426877
[4129753] Failed to build match row: Gaziantep Futbol Kulübü A.Ş. vs Hatayspor
[3432188] Failed to build match row: Clube Desportivo Nacional vs Futebol Clube do Porto
[4363371] Could not find attributes for matus hruska (FK Dukla Praha a.s., 2024)
[3461815] Could not find attributes for caoimhin kelleher (Liverpool Football Club, 2020)
[4363371] Failed to build match row: FK Dukla Praha a.s. vs FK Mladá Boleslav, a.s.
[3461815] Failed to build match row: Fodbold Club Midtjylland vs Liverpool Football Club
[3602483] Could not find attributes for konstantin nizhegorodov (FC Rubin Kazan, 2021)
[3602483] Failed to build match row: FC Rubin Kazan vs FK Nizhny Novgorod
[3852646] Failed to scrape lineup: https://www.transfermarkt.co.uk/excelsior-rotterdam_fc-volendam/index/spielbericht/3852646
[4425125] Failed to scrape lineup: https://www.transfermarkt.co.uk/sydney-fc_newcastle-united-jets/index/spielbericht/4425125
[3617776] Could not find attributes for balazs toth (Puskás Akadémia FC, 2021)
[4233197] Failed to scrape lineup: https://www.transfermarkt.co.uk/spielbericht/index/spielbericht/4233197
[3617776] Failed to build match row: Puskás Akadémia FC vs FC RFS
[4171280] Failed to scrape lineup: https://www.transfermarkt.co.uk/spielbericht/index/spielbericht/4171280
[4665147] Failed to scrape lineup: https://www.transfermarkt.co.uk/aris-thessaloniki_olympiacos-piraeus/index/spielbericht/4665147
[4646284] Could not find attributes for anton yashkov (FK Kudrivka-1, 2025)
[4646284] Failed to build match row: FK Kudrivka-1 vs LNZ Cherkasy
[4514533] Could not find attributes for femi awodesu (Houston Dynamo, 2024)
[4514533] Failed to build match row: FC Dallas vs Houston Dynamo
[4031359] Could not find attributes for daniil yermolov (Metalist Kharkiv, 2022)
[4031359] Failed to build match row: Metalist Kharkiv vs FC Oleksandriya
Not enough players found for lineup: 0, 11.
[3928813] Failed to scrape lineup: https://www.transfermarkt.co.uk/spielbericht/index/spielbericht/3928813
[4635232] Failed to scrape lineup: https://www.transfermarkt.co.uk/fc-lorient_rc-lens/index/spielbericht/4635232
[3869288] Failed to scrape lineup: https://www.transfermarkt.co.uk/cd-santa-clara_fc-vizela/index/spielbericht/3869288
[4530551] Could not find attributes for jun ichimori (Gamba Osaka, 2024)
[4530551] Failed to build match row: Gamba Osaka vs Albirex Niigata
[3602484] Could not find attributes for anton kochenkov (Arsenal Tula, 2021)
[3602484] Failed to build match row: Arsenal Tula vs FC Khimki (-2025)
[3426878] Could not find attributes for atiba hutchinson (Beşiktaş Jimnastik Kulübü, 2020)
[3426878] Failed to build match row: Beşiktaş Jimnastik Kulübü vs İstanbul Başakşehir Futbol Kulübü
[4097972] Could not find attributes for iman griffith (Fortuna Sittardia Combinatie, 2023)
[4097972] Failed to build match row: Prins Hendrik Ende Desespereert Nimmer Combinatie Zwolle vs Fortuna Sittardia Combinatie
[3415397] Could not find attributes for sandy walsh (Yellow-Red Koninklijke Voetbalclub Mechelen, 2020)
[3415397] Failed to build match row: Yellow-Red Koninklijke Voetbalclub Mechelen vs Club Brugge Koninklijke Voetbalvereniging
[3842709] Could not find attributes for kirill nababkin (PFK CSKA Moskva, 2022)
[3842709] Failed to build match row: PFK CSKA Moskva vs FK Sochi
[4363372] Could not find attributes for lukas hulka (Bohemians Praha 1905, a.s., 2024)
[4363372] Failed to build match row: Bohemians Praha 1905, a.s. vs FK Pardubice
[4794736] Failed to scrape lineup: https://www.transfermarkt.co.uk/valerenga-fotball-elite_sarpsborg-08-ff/index/spielbericht/4794736
[4129754] Could not find attributes for sander van de streek (Antalyaspor, 2023)
[4129754] Failed to build match row: Antalyaspor vs Pendikspor
[3461816] Could not find attributes for tino anjorin (Chelsea Football Club, 2020)
[3461816] Failed to build match row: Chelsea Football Club vs FK Krasnodar

Keepers & outfield error for **Futebol Clube do Porto** in Futebol Clube do Porto vs Vitória Sport Clube: Numbers: 2 and 9.

Keepers & outfield error for **FC Emmen** in Nijmegen Eendracht Combinatie vs FC Emmen: Numbers: 0 and 11.
[3432189] Failed to build match row: Futebol Clube do Porto vs Vitória Sport Clube
[3852647] Failed to build match row: Nijmegen Eendracht Combinatie vs FC Emmen
[4396684] Could not find attributes for bruno varela (Vitória Sport Clube, 2024)
[4396684] Failed to build match row: Vitória Sport Clube vs Gil Vicente Futebol Clube
[4709452] Failed to scrape lineup: https://www.transfermarkt.co.uk/al-fayha-fc_al-khaleej-fc/index/spielbericht/4709452
[4452384] Could not find attributes for ilias kyritsis (AO Egaleo, 2024)
[4452384] Failed to build match row: AO Egaleo vs Iraklis Thessaloniki
[4171281] Could not find attributes for liam scales (The Celtic Football Club, 2023)
[4171281] Failed to build match row: The Celtic Football Club vs Feyenoord Rotterdam

Keepers & outfield error for **Colorado Rapids** in Colorado Rapids vs Real Salt Lake: Numbers: 0 and 11.
[4665148] Could not find attributes for lefteris choutesiotis (APS Atromitos Athinon, 2025)
[4514536] Failed to build match row: Colorado Rapids vs Real Salt Lake
[4665148] Failed to build match row: APS Atromitos Athinon vs Panthessalonikios Athlitikos Omilos Konstantinoupoliton
[3450630] Could not find attributes for jan arie van der heijden (Willem II Tilburg, 2020)
[3450630] Failed to build match row: Fortuna Sittardia Combinatie vs Willem II Tilburg
[3612889] Failed to scrape lineup: https://www.transfermarkt.co.uk/konyaspor_trabzonspor/index/spielbericht/3612889
[4367858] Could not find attributes for lars mol (Nooit Opgeven Altijd Doorzetten Aangenaam Door Vermaak En Nuttig Door Ontspanning Combinatie Breda, 2024)
[4367858] Failed to build match row: Nooit Opgeven Altijd Doorzetten Aangenaam Door Vermaak En Nuttig Door Ontspanning Combinatie Breda vs Nijmegen Eendracht Combinatie
[4530552] Could not find attributes for koki fukui (Cerezo Osaka, 2024)
[4530552] Failed to build match row: Cerezo Osaka vs Kyoto Purple Sanga
[4646285] Could not find attributes for yaroslav protsenko (TOV FK Metalist 1925 Kharkiv, 2025)
[4646285] Failed to build match row: TOV FK Metalist 1925 Kharkiv vs Epicentr Dunaivtsi
[4103845] Failed to scrape lineup: https://www.transfermarkt.co.uk/frosinone-calcio_udinese-calcio/index/spielbericht/4103845
[3602485] Could not find attributes for aleksandr belenov (FK Ufa, 2021)
[3602485] Failed to build match row: FK Ufa vs Ural Yekaterinburg
[4363373] Could not find attributes for jakub markovic (FC Baník Ostrava a.s., 2024)
[4363373] Failed to build match row: AC Sparta Praha, a. s. vs FC Baník Ostrava a.s.
[4031360] Could not find attributes for pavlo isenko (Vorskla Poltava, 2022)
[4031360] Failed to build match row: Vorskla Poltava vs TOV FK Metalist 1925 Kharkiv
[4233198] Could not find attributes for darragh oconnor (Greenock Morton FC, 2023)
[4233198] Failed to build match row: Greenock Morton FC vs Montrose FC
[3505137] Failed to scrape lineup: https://www.transfermarkt.co.uk/ae-larisa_apollon-smyrnis/index/spielbericht/3505137
[4635233] Could not find attributes for stephan zagadou (Le Havre Athletic Club, 2025)
[4635233] Failed to build match row: Le Havre Athletic Club vs Olympique Lyonnais
[4171282] Could not find attributes for liam scales (The Celtic Football Club, 2023)
[4171282] Failed to build match row: The Celtic Football Club vs Club Atlético de Madrid S.A.D.
[4794737] Could not find attributes for simen vidtun nilsen (Sportsklubben Brann, 2025)
[4794737] Failed to build match row: Fotballklubben Bodø/Glimt vs Sportsklubben Brann
[4129755] Could not find attributes for ousseynou ba (İstanbul Başakşehir Futbol Kulübü, 2023)
[4129755] Failed to build match row: İstanbul Başakşehir Futbol Kulübü vs Kasımpaşa A.Ş.
[3426879] Could not find attributes for marvin bakalorz (Denizlispor, 2020)
[3597854] Could not find attributes for aaron meijers (Sparta Rotterdam, 2021)
[4094829] Failed to scrape lineup: https://www.transfermarkt.co.uk/stade-brestois-29_fc-metz/index/spielbericht/4094829
[4376354] Failed to scrape lineup: https://www.transfermarkt.co.uk/fakel-voronezh_fc-krasnodar/index/spielbericht/4376354
[3597854] Failed to build match row: Sparta Rotterdam vs SC Cambuur Leeuwarden
[4624837] Failed to scrape lineup: https://www.transfermarkt.co.uk/lechia-gdansk_jagiellonia-bialystok/index/spielbericht/4624837
[4727352] Could not find attributes for ramy najjarine (Wellington Phoenix Football Club, 2025)
[4727352] Failed to build match row: Wellington Phoenix Football Club vs Central Coast Mariners Football Club
[4361272] Failed to scrape lineup: https://www.transfermarkt.co.uk/aston-villa_arsenal-fc/index/spielbericht/4361272
[3890037] Failed to scrape lineup: https://www.transfermarkt.co.uk/kilmarnock-fc_celtic-fc/index/spielbericht/3890037
[4810926] Failed to scrape lineup: https://www.transfermarkt.co.uk/clube-do-remo-pa-_cruzeiro-esporte-clube/index/spielbericht/4810926
[3588552] Failed to scrape lineup: https://www.transfermarkt.co.uk/spvgg-greuther-furth_sc-freiburg/index/spielbericht/3588552
[4373344] Failed to scrape lineup: https://www.transfermarkt.co.uk/1-fc-union-berlin_tsg-1899-hoffenheim/index/spielbericht/4373344
[4649025] Failed to scrape lineup: https://www.transfermarkt.co.uk/fc-dinamo-1948_fcv-farul-constanta/index/spielbericht/4649025
[4665149] Could not find attributes for jakub pokorny (Athlitiki Enosi Kifisias, 2025)
[4665149] Failed to build match row: Athlitiki Enosi Kifisias vs A.G.S Asteras Tripolis
[4626832] Could not find attributes for mantas bertasius (FK Banga Gargzdai, 2025)
[4626832] Failed to build match row: FK Banga Gargzdai vs Rosenborg Ballklub

Keepers & outfield error for **Giresunspor** in Fenerbahçe Spor Kulübü vs Giresunspor: Numbers: 2 and 9.
[3612890] Failed to build match row: Fenerbahçe Spor Kulübü vs Giresunspor
[3869289] Could not find attributes for yuki soma (Casa Pia Atlético Clube, 2022)
[3869289] Failed to build match row: Casa Pia Atlético Clube vs Sporting Clube de Portugal

Keepers & outfield error for **CD Palencia Cristo Atlético** in CD Palencia Cristo Atlético vs Espanol: Numbers: 0 and 11.
[3707316] Failed to build match row: CD Palencia Cristo Atlético vs Espanol

Keepers & outfield error for **Adelaide United Football Club** in Adelaide United Football Club vs Macarthur South West Sydney (A-League): Numbers: 2 and 9.
[4367859] Could not find attributes for thom haye (Almere City FC, 2024)
[4425126] Failed to build match row: Adelaide United Football Club vs Macarthur South West Sydney (A-League)
[4367859] Failed to build match row: Almere City FC vs Willem II Tilburg
[3602486] Could not find attributes for ruslan litvinov (FK Spartak Moskva, 2021)
[3602486] Failed to build match row: FK Spartak Moskva vs FK Dinamo Moskva
Not enough players found for lineup: 0, 11.
[3651075] Could not find attributes for yaroslav rakitskyi (AO FK Zenit Sankt-Peterburg, 2021)
[3928814] Failed to scrape lineup: https://www.transfermarkt.co.uk/spielbericht/index/spielbericht/3928814
[4794738] Could not find attributes for mame alassane niang (Hamarkameratene, 2025)
[3651075] Failed to build match row: AO FK Zenit Sankt-Peterburg vs Malmö Fotbollförening
[4233199] Could not find attributes for cammy mackay (Inverness Caledonian Thistle FC, 2023)
[4794738] Failed to build match row: Hamarkameratene vs Lillestrøm Sportsklubb
[4233199] Failed to build match row: Inverness Caledonian Thistle FC vs BSC Glasgow
[4171283] Could not find attributes for liam scales (The Celtic Football Club, 2023)

Keepers & outfield error for **Olympiakos Syndesmos Filathlon Peiraios** in Olympiakos Syndesmos Filathlon Peiraios vs PAS Giannina: Numbers: 0 and 11.
[4171283] Failed to build match row: The Celtic Football Club vs Società Sportiva Lazio S.p.A.
[3505138] Failed to build match row: Olympiakos Syndesmos Filathlon Peiraios vs PAS Giannina

Keepers & outfield error for **Football Club Volendam** in Nijmegen Eendracht Combinatie vs Football Club Volendam: Numbers: 2 and 9.
[4097973] Failed to build match row: Nijmegen Eendracht Combinatie vs Football Club Volendam
[4120645] Failed to scrape lineup: https://www.transfermarkt.co.uk/polissya-zhytomyr_dynamo-kyiv/index/spielbericht/4120645
[4376355] Could not find attributes for giorgiy shelia (RFK Akhmat Grozny, 2024)
[4376355] Failed to build match row: RFK Akhmat Grozny vs Футбольный клуб "Локомотив" Москва
[4624838] Could not find attributes for mateusz klich (Klub Sportowy Cracovia Spółka Akcyjna, 2025)
[4624838] Failed to build match row: Legia Warszawa Spółka Akcyjna vs Klub Sportowy Cracovia Spółka Akcyjna
[4665150] Could not find attributes for panagiotis liagas (APO Levadiakos Football Club, 2025)
[4649026] Could not find attributes for conrado (SC Oţelul Galaţi, 2025)
[3838625] Could not find attributes for joao palhinha (Fulham Football Club, 2022)
[4665150] Failed to build match row: APO Levadiakos Football Club vs Athlitiki Enosi Larisas
[4649026] Failed to build match row: SC Oţelul Galaţi vs U Craiova 1948 Club Sportiv SA
[3838625] Failed to build match row: Fulham Football Club vs Leicester City
ht/index/spielbericht/4452385
[4396685] Failed to scrape lineup: https://www.transfermarkt.co.uk/fc-arouca_sl-benfica/index/spielbericht/4396685
[3612891] Failed to build match row: Göztepe Sportif Yatırımlar A.Ş. vs Hatayspor
[3869290] Could not find attributes for andre pereira (Rio Ave Futebol Clube, 2022)
[3869290] Failed to build match row: Portimonense SC vs Rio Ave Futebol Clube
[3602487] Could not find attributes for uros spajic (FK Krasnodar, 2021)
[3602487] Failed to build match row: FK Krasnodar vs FK Ufa
[4425127] Could not find attributes for chico geraldes (Wellington Phoenix Football Club, 2024)
[4425127] Failed to build match row: Sydney Football Club vs Wellington Phoenix Football Club
[3415398] Could not find attributes for sandy walsh (Yellow-Red Koninklijke Voetbalclub Mechelen, 2020)
[3842710] Failed to build match row: FK Dinamo Moskva vs Torpedo Moscow
[3415398] Failed to build match row: Yellow-Red Koninklijke Voetbalclub Mechelen vs Royal Excel Mouscron (-2022)
[4367860] Could not find attributes for nikolai hopland (Sportclub Heerenveen, 2024)
[4367860] Failed to build match row: Sportclub Heerenveen vs Prins Hendrik Ende Desespereert Nimmer Combinatie Zwolle
[4635235] Could not find attributes for bouna sarr (Football Club de Metz, 2025)
[4635235] Failed to build match row: Football Club de Metz vs Toulouse Football Club
[4727353] Could not find attributes for matt dench (Brisbane Roar FC, 2025)
[4727353] Failed to build match row: Macarthur South West Sydney (A-League) vs Brisbane Roar FC
[3505139] Could not find attributes for boris kleyman (Volou Neos Podosferikos Syllogos, 2020)
[4530553] Failed to scrape lineup: https://www.transfermarkt.co.uk/vissel-kobe_shimizu-s-pulse/index/spielbericht/4530553
[3505139] Failed to build match row: Volou Neos Podosferikos Syllogos vs PAS Lamia 1964
[3450631] Failed to scrape lineup: https://www.transfermarkt.co.uk/psv-eindhoven_fortuna-sittard/index/spielbericht/3450631
Not enough players found for lineup: 0, 0.
[3929288] Failed to scrape lineup: https://www.transfermarkt.co.uk/spielbericht/index/spielbericht/3929288
[4031361] Failed to scrape lineup: https://www.transfermarkt.co.uk/kolos-kovalivka_fc-minaj/index/spielbericht/4031361
[4363374] Failed to scrape lineup: https://www.transfermarkt.co.uk/fk-jablonec_fk-teplice/index/spielbericht/4363374
[3426880] Could not find attributes for mitchell donald (Erzurumspor FK, 2020)
[3426880] Failed to build match row: Erzurumspor FK vs Antalyaspor
[3588563] Could not find attributes for jetro willems (SpVgg Greuther Fürth, 2021)
[3588563] Failed to build match row: Eintracht Frankfurt Fußball AG vs SpVgg Greuther Fürth
[4376356] Could not find attributes for david volk (Dinamo Makhachkala, 2024)
[4376356] Failed to build match row: Dinamo Makhachkala vs FK Nizhny Novgorod

Keepers & outfield error for **Grupo Desportivo Estoril Praia** in Grupo Desportivo Estoril Praia vs Futebol Clube de Famalicão: Numbers: 0 and 11.
[3619400] Could not find attributes for marcus sorensen (Boldklubben Marienlyst, 2021)
[4129756] Failed to scrape lineup: https://www.transfermarkt.co.uk/mke-ankaragucu_alanyaspor/index/spielbericht/4129756
[4396686] Failed to build match row: Grupo Desportivo Estoril Praia vs Futebol Clube de Famalicão
[3619400] Failed to build match row: Boldklubben Marienlyst vs FC Sydvest 05
[4514539] Failed to scrape lineup: https://www.transfermarkt.co.uk/inter-miami-cf_orlando-city-sc/index/spielbericht/4514539
[4727354] Failed to scrape lineup: https://www.transfermarkt.co.uk/melbourne-city-fc_central-coast-mariners/index/spielbericht/4727354
[3612892] Could not find attributes for yannick bolasie (Çaykur Rizespor Kulübü, 2021)
[3612892] Failed to build match row: Çaykur Rizespor Kulübü vs Altay SK
[4810927] Failed to scrape lineup: https://www.transfermarkt.co.uk/cr-flamengo_esporte-clube-bahia/index/spielbericht/4810927
[4530554] Failed to scrape lineup: https://www.transfermarkt.co.uk/avispa-fukuoka_sanfrecce-hiroshima/index/spielbericht/4530554
Not enough players found for lineup: 0, 11.

Keepers & outfield error for **Sporting Clube de Braga** in Sporting Clube de Braga vs Grupo Desportivo Estoril Praia: Numbers: 0 and 11.
[4452386] Failed to scrape lineup: https://www.transfermarkt.co.uk/spielbericht/index/spielbericht/4452386
[3869291] Failed to build match row: Sporting Clube de Braga vs Grupo Desportivo Estoril Praia
[3450632] Failed to scrape lineup: https://www.transfermarkt.co.uk/willem-ii-tilburg_fc-groningen/index/spielbericht/3450632
[3842711] Could not find attributes for daniil khudyakov (Футбольный клуб "Локомотив" Москва, 2022)
[4626833] Failed to scrape lineup: https://www.transfermarkt.co.uk/spielbericht/index/spielbericht/4626833
[3842711] Failed to build match row: Футбольный клуб "Локомотив" Москва vs FK Rostov
[3602488] Could not find attributes for silvije begic (PFK Krylya Sovetov Samara, 2021)
[3602488] Failed to build match row: PFK Krylya Sovetov Samara vs FK Nizhny Novgorod
[3707317] Failed to scrape lineup: https://www.transfermarkt.co.uk/spielbericht/index/spielbericht/3707317
[4363375] Could not find attributes for milan heca (1. FC Slovácko, 2024)
[4363375] Failed to build match row: 1. FC Slovácko vs FC Viktoria Plzeň, a.s.
[4620641] Failed to scrape lineup: https://www.transfermarkt.co.uk/cracovia_lechia-gdansk/index/spielbericht/4620641
[3432190] Could not find attributes for cristian devenish (Boavista FC, 2020)
[3432190] Failed to build match row: Boavista FC vs Moreirense Futebol Clube
[3505140] Could not find attributes for boy waterman (Omilos Filathlon Irakliou FC, 2020)
[3505140] Failed to build match row: Omilos Filathlon Irakliou FC vs Panthessalonikios Athlitikos Omilos Konstantinoupoliton
[4709453] Could not find attributes for mansour camara (Al-Kholood Club, 2025)
[4709453] Failed to build match row: Al-Kholood Club vs Al-Nassr Football Club

Keepers & outfield error for **Manchester City Football Club** in Club Brugge Koninklijke Voetbalvereniging vs Manchester City Football Club: Numbers: 2 and 9.
[3651077] Failed to build match row: Club Brugge Koninklijke Voetbalvereniging vs Manchester City Football Club
[4810928] Failed to scrape lineup: https://www.transfermarkt.co.uk/clube-de-regatas-vasco-da-gama_sao-paulo-futebol-clube/index/spielbericht/4810928
[3426881] Could not find attributes for zvonimir sarlija (MKE Ankaragücü, 2020)
[3426881] Failed to build match row: MKE Ankaragücü vs Trabzonspor Kulübü
[4129757] Could not find attributes for shahrudin mahammadaliyev (Adana Demirspor, 2023)
[4129757] Failed to build match row: Istanbulspor vs Adana Demirspor
[4031362] Could not find attributes for oleksiy palamarchuk (Ingulets Petrove, 2022)
[4031362] Failed to build match row: Ingulets Petrove vs Chornomorets Odesa
[4376357] Could not find attributes for aleksandr maksimenko (FK Spartak Moskva, 2024)
[4376357] Failed to build match row: FK Spartak Moskva vs PFK Krylya Sovetov Samara
[3842712] Could not find attributes for giorgiy shelia (RFK Akhmat Grozny, 2022)
[3842712] Failed to build match row: RFK Akhmat Grozny vs Fakel Voronezh
[4452387] Could not find attributes for vasilios xenopoulos (Athlitiki Enosi Kifisias, 2024)
[4452387] Failed to build match row: Athlitiki Enosi Kifisias vs Ethnikos Neou Keramidiou

Keepers & outfield error for **Boavista FC** in Boavista FC vs Vitória Sport Clube: Numbers: 2 and 9.
[3869292] Failed to build match row: Boavista FC vs Vitória Sport Clube
[4514540] Could not find attributes for igor jesus (Los Angeles Football Club, 2024)
[4514540] Failed to build match row: Los Angeles Galaxy vs Los Angeles Football Club
[4649027] Failed to scrape lineup: https://www.transfermarkt.co.uk/uta-arad_sc-otelul-galati/index/spielbericht/4649027
[4794739] Could not find attributes for magnus grodem (KFUM-Kameratene Oslo, 2025)
[4794739] Failed to build match row: KFUM-Kameratene Oslo vs Rosenborg Ballklub
[3432191] Could not find attributes for bilel aouacheria (SC Farense, 2020)
[3432191] Failed to build match row: SC Farense vs Vitória Sport Clube
[3612893] Could not find attributes for shapi suleymanov (Giresunspor, 2021)
[4665151] Failed to scrape lineup: https://www.transfermarkt.co.uk/ofi-crete_panserraikos/index/spielbericht/4665151
[3612893] Failed to build match row: Giresunspor vs Kayserispor Kulübü
[4626834] Could not find attributes for bukhuti putkaradze (FC Spaeri Tbilisi, 2025)
[4626834] Failed to build match row: FC Spaeri Tbilisi vs Fußballklub Austria Wien
[3602489] Could not find attributes for soslan dzhanaev (FK Sochi, 2021)
[3602489] Failed to build match row: FK Sochi vs FK Rostov
[4103848] Failed to scrape lineup: https://www.transfermarkt.co.uk/juventus-fc_ac-monza/index/spielbericht/4103848

Keepers & outfield error for **Paris Saint-Germain Football Club** in Paris Saint-Germain Football Club vs RasenBallsport Leipzig: Numbers: 2 and 9.
[3651078] Failed to build match row: Paris Saint-Germain Football Club vs RasenBallsport Leipzig

Keepers & outfield error for **Rayo Vallecano de Madrid S. A. D.** in Futbol Club Barcelona vs Rayo Vallecano de Madrid S. A. D.: Numbers: 2 and 9.
[4407755] Failed to build match row: Futbol Club Barcelona vs Rayo Vallecano de Madrid S. A. D.
[3505141] Could not find attributes for marios siampanis (Aris Thessalonikis, 2020)
[3505141] Failed to build match row: Aris Thessalonikis vs Panathinaikos Athlitikos Omilos
[4376358] Could not find attributes for nikita medvedev (FK Nizhny Novgorod, 2024)
[4376358] Failed to build match row: FK Nizhny Novgorod vs FC Khimki (-2025)
[3842713] Could not find attributes for evgeniy goshev (FC Orenburg, 2022)
[3842713] Failed to build match row: FC Orenburg vs Ural Yekaterinburg
[4031363] Could not find attributes for oleksandr rybka (PFK Lviv, 2022)
[4031363] Failed to build match row: PFK Lviv vs FK Kryvbas Kryvyi Rig
[4129758] Could not find attributes for aylton boa morte (Kayserispor Kulübü, 2023)
[4129758] Failed to build match row: Kayserispor Kulübü vs Fatih Karagümrük Sportif Faaliyetler San. Tic. A.Ş.
[4396687] Failed to scrape lineup: https://www.transfermarkt.co.uk/cd-santa-clara_vitoria-guimaraes-sc/index/spielbericht/4396687

Keepers & outfield error for **Newcastle United Football Club** in Newcastle United Football Club vs Arsenal Football Club: Numbers: 2 and 9.
[3838628] Failed to build match row: Newcastle United Football Club vs Arsenal Football Club
[3612894] Could not find attributes for ryan donk (Kasımpaşa A.Ş., 2021)
[3612894] Failed to build match row: Kasımpaşa A.Ş. vs Konyaspor
[4120646] Failed to scrape lineup: https://www.transfermarkt.co.uk/rukh-lviv_fc-minaj/index/spielbericht/4120646
[4665152] Could not find attributes for davide calabria (Panathinaikos Athlitikos Omilos, 2025)
[4665152] Failed to build match row: Panathinaikos Athlitikos Omilos vs Volou Neos Podosferikos Syllogos
[3450634] Could not find attributes for uros spajic (Feyenoord Rotterdam, 2020)
[3450634] Failed to build match row: Feyenoord Rotterdam vs Football Club Groningen
[4624839] Failed to scrape lineup: https://www.transfermarkt.co.uk/motor-lublin_gornik-zabrze/index/spielbericht/4624839
[3602490] Could not find attributes for ilya samoshnikov (FC Rubin Kazan, 2021)
[3602490] Failed to build match row: FC Rubin Kazan vs Футбольный клуб "Локомотив" Москва
[4363376] Could not find attributes for tomas petrasek (FC Hradec Králové a.s., 2024)
[3415400] Failed to scrape lineup: https://www.transfermarkt.co.uk/club-brugge-kv_kas-eupen/index/spielbericht/3415400
[4363376] Failed to build match row: FC Hradec Králové a.s. vs SK Slavia Praha, a.s.
[4425129] Failed to scrape lineup: https://www.transfermarkt.co.uk/perth-glory_brisbane-roar/index/spielbericht/4425129
[3597857] Failed to scrape lineup: https://www.transfermarkt.co.uk/fc-utrecht_pec-zwolle/index/spielbericht/3597857

Keepers & outfield error for **Unione Sportiva Sassuolo Calcio** in Società Sportiva Lazio S.p.A. vs Unione Sportiva Sassuolo Calcio: Numbers: 0 and 11.
[3707318] Failed to scrape lineup: https://www.transfermarkt.co.uk/spielbericht/index/spielbericht/3707318
[4103849] Failed to build match row: Società Sportiva Lazio S.p.A. vs Unione Sportiva Sassuolo Calcio
[4794740] Could not find attributes for julius mar juliusson (Kristiansund Ballklubb, 2025)
[3432192] Could not find attributes for moatasem al musrati (Sporting Clube de Braga, 2020)
[3432192] Failed to build match row: Sporting Clube de Braga vs Vitória Sport Clube
[4794740] Failed to build match row: Kristiansund Ballklubb vs Viking Fotballklubb
[4530557] Could not find attributes for sota miura (Kawasaki Frontale, 2024)
[4530557] Failed to build match row: Kawasaki Frontale vs Tokyo Football Club
[4097976] Failed to scrape lineup: https://www.transfermarkt.co.uk/psv-eindhoven_go-ahead-eagles/index/spielbericht/4097976
[4709454] Could not find attributes for moustapha sembene (Al-Taawoun Football Club, 2025)
[4709454] Failed to build match row: Al-Taawoun Football Club vs Al-Okhdood Club
[4665153] Could not find attributes for christos sielis (Panetolikos Agrinio, 2025)
[4665153] Failed to build match row: Panetolikos Agrinio vs Athlitiki Enosi Konstantinoupoleos
[3450635] Could not find attributes for jan arie van der heijden (Willem II Tilburg, 2020)
[4376359] Could not find attributes for rustam yatimov (FK Rostov, 2024)
[3450635] Failed to build match row: Willem II Tilburg vs Sparta Rotterdam
[4376359] Failed to build match row: FK Rostov vs FC Rubin Kazan
[3602491] Could not find attributes for anton kochenkov (Arsenal Tula, 2021)
[3602491] Failed to build match row: Arsenal Tula vs AO FK Zenit Sankt-Peterburg
[4396688] Could not find attributes for rafa soares (Futebol Clube de Famalicão, 2024)
[3612895] Could not find attributes for halil dervisoglu (Galatasaray Spor Kulübü, 2021)
[3612895] Failed to build match row: Galatasaray Spor Kulübü vs Göztepe Sportif Yatırımlar A.Ş.
[4396688] Failed to build match row: Futebol Clube de Famalicão vs Futebol Clube de Arouca
[3842714] Could not find attributes for ilya lantratov (FC Khimki (-2025), 2022)
[3842714] Failed to build match row: FC Khimki (-2025) vs FK Nizhny Novgorod
[4103850] Could not find attributes for triantafyllos pasalidis (US Salernitana 1919, 2023)
[4103850] Failed to build match row: Associazione Calcio Milan vs US Salernitana 1919
[4452388] Could not find attributes for angelos brantitsas (AO Trikala, 2024)
[4452388] Failed to build match row: AO Trikala vs Panargiakos
[3619402] Could not find attributes for jens emil fjendsbo (Holstebro Boldklub, 2021)
[3619402] Failed to build match row: Holstebro Boldklub vs IF Lyseng
[4120647] Could not find attributes for oleksandr saputin (FC Zorya Lugansk, 2023)
[4120647] Failed to build match row: FC Zorya Lugansk vs FC Shakhtar Donetsk
[4709455] Could not find attributes for kewin (Damac Football Club, 2025)
[4709455] Failed to build match row: Neom Sports Club vs Damac Football Club
[3707319] Failed to scrape lineup: https://www.transfermarkt.co.uk/spielbericht/index/spielbericht/3707319
[3597858] Failed to scrape lineup: https://www.transfermarkt.co.uk/feyenoord-rotterdam_rkc-waalwijk/index/spielbericht/3597858
[4363377] Could not find attributes for jakub lapes (MFK Karvina, 2024)
[4363377] Failed to build match row: MFK Karvina vs SK Sigma Olomouc, a.s.
[4810929] Failed to scrape lineup: https://www.transfermarkt.co.uk/santos-fc_fluminense-football-club/index/spielbericht/4810929
[4620644] Could not find attributes for efthymios koulouris (Morski Klub Sportowy Pogoń Szczecin, 2025)
[4620644] Failed to build match row: Morski Związkowy Klub Sportowy Arka Gdynia Spółka Akcyjna vs Morski Klub Sportowy Pogoń Szczecin
[4794741] Could not find attributes for xander lambrix (Sandefjord Fotball, 2025)
[4794741] Failed to build match row: Sandefjord Fotball vs Fredrikstad Fotballklubb
Not enough players found for lineup: 0, 0.
[3929289] Failed to scrape lineup: https://www.transfermarkt.co.uk/spielbericht/index/spielbericht/3929289
[3890041] Could not find attributes for adam devine (Rangers Football Club, 2022)
[4626835] Failed to scrape lineup: https://www.transfermarkt.co.uk/spielbericht/index/spielbericht/4626835
[3890041] Failed to build match row: Aberdeen Football Club vs Rangers Football Club
[4171287] Failed to scrape lineup: https://www.transfermarkt.co.uk/spielbericht/index/spielbericht/4171287

Keepers & outfield error for **Wellington Phoenix Football Club** in Western Sydney Wanderers vs Wellington Phoenix Football Club: Numbers: 2 and 9.
[4425130] Could not find attributes for luis felipe gallegos (Auckland Football Club, 2024)
[4727356] Failed to build match row: Western Sydney Wanderers vs Wellington Phoenix Football Club
[4425130] Failed to build match row: Auckland Football Club vs Central Coast Mariners Football Club

Keepers & outfield error for **Futebol Clube de Famalicão** in FC Paços de Ferreira vs Futebol Clube de Famalicão: Numbers: 0 and 11.
[3450636] Could not find attributes for tyronne ebuehi (Football Club Twente, 2020)
[3869293] Failed to build match row: FC Paços de Ferreira vs Futebol Clube de Famalicão
Philips Sport Vereniging
[3505142] Could not find attributes for ziga laci (Athlitiki Enosi Konstantinoupoleos, 2020)
[3505142] Failed to build match row: Athlitiki Enosi Konstantinoupoleos vs APS Atromitos Athinon
[3842770] Could not find attributes for aleksandr mokin (Tobol Kostanay, 2022)
[3842770] Failed to build match row: Ferencvárosi TC vs Tobol Kostanay
[4376360] Could not find attributes for ilya lantratov (Футбольный клуб "Локомотив" Москва, 2024)
[4646286] Could not find attributes for oleksandr kemkin (FK Kryvbas Kryvyi Rig, 2025)
[4376360] Failed to build match row: Футбольный клуб "Локомотив" Москва vs Dinamo Makhachkala
[4646286] Failed to build match row: FK Kryvbas Kryvyi Rig vs FC Shakhtar Donetsk
[4129760] Could not find attributes for jakub slowik (Konyaspor, 2023)
[4367861] Failed to scrape lineup: https://www.transfermarkt.co.uk/psv-eindhoven_sparta-rotterdam/index/spielbericht/4367861
[4129760] Failed to build match row: Konyaspor vs Fenerbahçe Spor Kulübü
[4624841] Could not find attributes for luquinhas (Radomiak S.A., 2025)
[4624841] Failed to build match row: Radomiak S.A. vs GKS GieKSa Katowice Spółka Akcyjna
[4709456] Could not find attributes for loreintz rosier (Al-Hazem Sport Club, 2025)
[4709456] Failed to build match row: Al-Hazem Sport Club vs Al-Shabab Club
[4103851] Could not find attributes for nikola krstovic (Unione Sportiva Lecce, 2023)

Keepers & outfield error for **Sarpsborg 08 Fotballforening** in Sarpsborg 08 Fotballforening vs Molde Fotballklubb: Numbers: 2 and 9.
[3707320] Could not find attributes for dragan rosic (Albacete Balompié, 2021)
[3707320] Failed to build match row: Albacete Balompié vs Cádiz CF
[4103851] Failed to build match row: Società Sportiva Calcio Napoli vs Unione Sportiva Lecce
[4794742] Failed to build match row: Sarpsborg 08 Fotballforening vs Molde Fotballklubb
[4361279] Could not find attributes for abdoulaye doucoure (Everton Football Club, 2024)
[4361279] Failed to build match row: Tottenham Hotspur Football Club vs Everton Football Club
[4669572] Could not find attributes for samuele massolo (LR Vicenza, 2025)
[4669572] Failed to build match row: Genoa Cricket and Football Club vs LR Vicenza
[4363378] Could not find attributes for martin janacek (SK Dynamo Ceske Budejovice, 2024)
[3461821] Could not find attributes for ilya zabarnyi (Futbolniy Klub Dynamo Kyiv, 2020)
[4363378] Failed to build match row: SK Dynamo Ceske Budejovice vs FC Slovan Liberec
[3461821] Failed to build match row: Futbolniy Klub Dynamo Kyiv vs Ferencvárosi TC
[3597859] Could not find attributes for nick bakker (Sportclub Heerenveen, 2021)
[3597859] Failed to build match row: Sportclub Heerenveen vs AFC Ajax Amsterdam
[4727357] Could not find attributes for giovanni de abreu (Perth Glory Football Club, 2025)
[4727357] Failed to build match row: Perth Glory Football Club vs Newcastle United Jets Football Club

Keepers & outfield error for **Moreirense Futebol Clube** in Moreirense Futebol Clube vs Gil Vicente Futebol Clube: Numbers: 2 and 9.
[4396689] Failed to build match row: Moreirense Futebol Clube vs Gil Vicente Futebol Clube
[3415401] Failed to scrape lineup: https://www.transfermarkt.co.uk/krc-genk_kvrs-waasland-sk-beveren/index/spielbericht/3415401

Keepers & outfield error for **Sociedade Esportiva Palmeiras** in Sociedade Esportiva Palmeiras vs Clube Atlético Paranaense: Numbers: 2 and 9.
[4810930] Failed to build match row: Sociedade Esportiva Palmeiras vs Clube Atlético Paranaense
[3842859] Could not find attributes for oliver ekroth (Víkingur Reykjavík, 2022)
[3842859] Failed to build match row: Víkingur Reykjavík vs Inter Club d'Escaldes
[4641606] Could not find attributes for giovanni van zwam (Go Ahead Eagles, 2025)
[4641606] Failed to build match row: Go Ahead Eagles vs Sportclub Heerenveen
[4425131] Failed to scrape lineup: https://www.transfermarkt.co.uk/newcastle-united-jets_western-united-fc/index/spielbericht/4425131
[4646287] Could not find attributes for yegor klymenko (FC Rukh Lviv, 2025)
[4646287] Failed to build match row: FC Rukh Lviv vs FC Oleksandriya
t Sankt-Peterburg, 2024)
[4376361] Failed to build match row: AO FK Zenit Sankt-Peterburg vs FK Dinamo Moskva
[4094831] Failed to scrape lineup: https://www.transfermarkt.co.uk/stade-rennais-fc_fc-toulouse/index/spielbericht/4094831
[4530561] Failed to scrape lineup: https://www.transfermarkt.co.uk/kyoto-sanga_shimizu-s-pulse/index/spielbericht/4530561
Not enough players found for lineup: 0, 11.
[3929290] Failed to scrape lineup: https://www.transfermarkt.co.uk/spielbericht/index/spielbericht/3929290
[4407758] Could not find attributes for maroan sannadi (Athletic Club Bilbao, 2024)
[4407758] Failed to build match row: Espanol vs Athletic Club Bilbao
[4233200] Could not find attributes for maciej dabrowski (Raith Rovers FC, 2023)
[3588567] Failed to scrape lineup: https://www.transfermarkt.co.uk/sc-freiburg_bayern-munich/index/spielbericht/3588567
[3651080] Failed to scrape lineup: https://www.transfermarkt.co.uk/spielbericht/index/spielbericht/3651080
[4233200] Failed to build match row: Livingston Football Club vs Raith Rovers FC
[3505143] Could not find attributes for antonis tsiftsis (A.G.S Asteras Tripolis, 2020)
[3505143] Failed to build match row: A.G.S Asteras Tripolis vs Athlitiki Enosi Larisas
[3602492] Failed to scrape lineup: https://www.transfermarkt.co.uk/ural-yekaterinburg_cska-moscow/index/spielbericht/3602492
[4129761] Could not find attributes for achilleas poungouras (Sivasspor, 2023)
[4129761] Failed to build match row: Galatasaray Spor Kulübü vs Sivasspor
[4626836] Could not find attributes for metod jurhar (FC Koper, 2025)
[4626836] Failed to build match row: FC Koper vs Viking Fotballklubb
[4794743] Could not find attributes for omar jebali (Idrettsklubben Start, 2025)
[4794743] Failed to build match row: Idrettsklubben Start vs Vålerengens Idrettsforening
[4031386] Failed to scrape lineup: https://www.transfermarkt.co.uk/spielbericht/index/spielbericht/4031386
[4514542] Failed to scrape lineup: https://www.transfermarkt.co.uk/san-diego-fc_los-angeles-galaxy/index/spielbericht/4514542
[4171288] Failed to scrape lineup: https://www.transfermarkt.co.uk/spielbericht/index/spielbericht/4171288

Keepers & outfield error for **Sporting Clube de Braga** in Clube Desportivo de Tondela vs Sporting Clube de Braga: Numbers: 0 and 11.
[3432193] Failed to build match row: Clube Desportivo de Tondela vs Sporting Clube de Braga
[4727358] Could not find attributes for jason davidson (Melbourne Victory FC, 2025)
[4727358] Failed to build match row: Melbourne Victory FC vs Brisbane Roar FC

Keepers & outfield error for **İstanbul Başakşehir Futbol Kulübü** in Paris Saint-Germain Football Club vs İstanbul Başakşehir Futbol Kulübü: Numbers: 2 and 9.
[3461822] Failed to build match row: Paris Saint-Germain Football Club vs İstanbul Başakşehir Futbol Kulübü
[4120648] Failed to scrape lineup: https://www.transfermarkt.co.uk/chornomorets-odesa_fc-minaj/index/spielbericht/4120648
[4635236] Failed to scrape lineup: https://www.transfermarkt.co.uk/stade-rennais-fc_losc-lille/index/spielbericht/4635236
[3415402] Could not find attributes for vaclav jemelka (Oud-Heverlee Leuven, 2020)
[3415402] Failed to build match row: Oud-Heverlee Leuven vs KV Oostende
[4376362] Could not find attributes for nikolay sysuev (FC Orenburg, 2024)
[4376362] Failed to build match row: FC Orenburg vs Akron Togliatti
[4363380] Could not find attributes for jakub markovic (FC Baník Ostrava a.s., 2024)
[4363380] Failed to build match row: FC Baník Ostrava a.s. vs FK Dukla Praha a.s.
[4641607] Could not find attributes for eli dasa (Nijmegen Eendracht Combinatie, 2025)
[4641607] Failed to build match row: Nijmegen Eendracht Combinatie vs Prins Hendrik Ende Desespereert Nimmer Combinatie Zwolle
[3505144] Could not find attributes for davino verhulst (Apollon Smyrnis, 2020)
[3505144] Failed to build match row: Apollon Smyrnis vs Aris Thessalonikis

Keepers & outfield error for **Futebol Clube de Arouca** in Futebol Clube de Arouca vs CS Marítimo: Numbers: 2 and 9.
[3869294] Failed to build match row: Futebol Clube de Arouca vs CS Marítimo
[3852651] Could not find attributes for thijmen blokzijl (Football Club Groningen, 2022)
[3852651] Failed to build match row: Sportclub Heerenveen vs Football Club Groningen
[3450637] Failed to scrape lineup: https://www.transfermarkt.co.uk/willem-ii-tilburg_vitesse-arnhem/index/spielbericht/3450637
Not enough players found for lineup: 0, 11.
[3931796] Failed to scrape lineup: https://www.transfermarkt.co.uk/spielbericht/index/spielbericht/3931796
[4646288] Could not find attributes for oleksandr saputin (FC Zorya Lugansk, 2025)
[4646288] Failed to build match row: FC Zorya Lugansk vs FK Polissya Zhytomyr
[4425132] Could not find attributes for chris ikonomidis (Macarthur South West Sydney (A-League), 2024)
[4530562] Could not find attributes for koki fukui (Cerezo Osaka, 2024)
[4624842] Failed to scrape lineup: https://www.transfermarkt.co.uk/rakow-czestochowa_pogon-szczecin/index/spielbericht/4624842
[4425132] Failed to build match row: Macarthur South West Sydney (A-League) vs Newcastle United Jets Football Club
[4367862] Failed to scrape lineup: https://www.transfermarkt.co.uk/fc-utrecht_rkc-waalwijk/index/spielbericht/4367862
[4620646] Failed to scrape lineup: https://www.transfermarkt.co.uk/lechia-gdansk_motor-lublin/index/spielbericht/4620646
[4530562] Failed to build match row: Cerezo Osaka vs Hitachi Kashiwa Reysol
[4361280] Failed to scrape lineup: https://www.transfermarkt.co.uk/wolverhampton-wanderers_chelsea-fc/index/spielbericht/4361280
[4727359] Could not find attributes for marcel tisserand (Sydney Football Club, 2025)
[3426882] Failed to scrape lineup: https://www.transfermarkt.co.uk/sivasspor_goztepe/index/spielbericht/3426882
[3432194] Could not find attributes for adil rami (Boavista FC, 2020)
[3588569] Failed to scrape lineup: https://www.transfermarkt.co.uk/fc-augsburg_vfl-wolfsburg/index/spielbericht/3588569
[4376363] Failed to scrape lineup: https://www.transfermarkt.co.uk/fc-krasnodar_cska-moscow/index/spielbericht/4376363
[4407759] Failed to scrape lineup: https://www.transfermarkt.co.uk/girona-fc_getafe-cf/index/spielbericht/4407759
[4727359] Failed to build match row: Sydney Football Club vs Adelaide United Football Club
[4396690] Failed to scrape lineup: https://www.transfermarkt.co.uk/gd-estoril-praia_avs-futebol/index/spielbericht/4396690
[4709458] Could not find attributes for anthony moris (Al-Khaleej Club (Saihat), 2025)
[4514545] Could not find attributes for artem smolyakov (Los Angeles Football Club, 2024)
[3432194] Failed to build match row: Boavista FC vs CS Marítimo
[3838632] Could not find attributes for serge aurier (Nottingham Forest Football Club, 2022)
[4709458] Failed to build match row: Al-Khaleej Club (Saihat) vs Al-Qadsiah Saudi Football Club
[4120649] Could not find attributes for denys sydorenko (TOV FK Metalist 1925 Kharkiv, 2023)
[3844088] Could not find attributes for clement grenier (Real Club Deportivo Mallorca S.A.D., 2022)
[4514545] Failed to build match row: Club de Foot Montréal vs Los Angeles Football Club
[3838632] Failed to build match row: Nottingham Forest Football Club vs Southampton FC
[4120649] Failed to build match row: TOV FK Metalist 1925 Kharkiv vs FK Kryvbas Kryvyi Rig
[3844088] Failed to build match row: Athletic Club Bilbao vs Real Club Deportivo Mallorca S.A.D.
[3612898] Failed to scrape lineup: https://www.transfermarkt.co.uk/sivasspor_fatih-karagumruk/index/spielbericht/3612898
[3505145] Could not find attributes for yohan mollo (Panathinaikos Athlitikos Omilos, 2020)
[4363381] Could not find attributes for lukas hulka (Bohemians Praha 1905, a.s., 2024)
[3505145] Failed to build match row: Panathinaikos Athlitikos Omilos vs Omilos Filathlon Irakliou FC
[4363381] Failed to build match row: FC Viktoria Plzeň, a.s. vs Bohemians Praha 1905, a.s.
[4233201] Could not find attributes for Georgie Gent (Motherwell Football Club, 2023)
[4233201] Failed to build match row: Motherwell Football Club vs Alloa Athletic FC
[3890043] Failed to scrape lineup: https://www.transfermarkt.co.uk/dundee-united-fc_hibernian-fc/index/spielbericht/3890043
[3602493] Failed to scrape lineup: https://www.transfermarkt.co.uk/fc-khimki_akhmat-grozny/index/spielbericht/3602493
[4031388] Could not find attributes for abner (Real Betis Balompié S.A.D., 2022)
[4031388] Failed to build match row: Manchester United Football Club vs Real Betis Balompié S.A.D.
[4097979] Failed to scrape lineup: https://www.transfermarkt.co.uk/feyenoord-rotterdam_almere-city-fc/index/spielbericht/4097979
[4626837] Failed to scrape lineup: https://www.transfermarkt.co.uk/spielbericht/index/spielbericht/4626837
[3450638] Could not find attributes for eliano reijnders (Prins Hendrik Ende Desespereert Nimmer Combinatie Zwolle, 2020)
[3450638] Failed to build match row: Willem II Tilburg vs Prins Hendrik Ende Desespereert Nimmer Combinatie Zwolle
[4425133] Could not find attributes for kazuki nagasawa (Wellington Phoenix Football Club, 2024)
[4425133] Failed to build match row: Wellington Phoenix Football Club vs Western Sydney Wanderers
[4649029] Could not find attributes for maks celic (Asociația Futball Klub Csíkszereda Miercurea Ciuc, 2025)
[4649029] Failed to build match row: Asociația Fotbal Club Hermannstadt vs Asociația Futball Klub Csíkszereda Miercurea Ciuc
[4794744] Could not find attributes for simen haram (Aalesunds Fotballklubb, 2025)
[4794744] Failed to build match row: Tromsø Idrettslag vs Aalesunds Fotballklubb
Not enough players found for lineup: 11, 0.
[4709459] Could not find attributes for ismaila soro (Al-Riyadh Saudi Club, 2025)
[4646289] Could not find attributes for mykyta minchev (SK Poltava, 2025)
[3932253] Failed to scrape lineup: https://www.transfermarkt.co.uk/spielbericht/index/spielbericht/3932253
[4530563] Could not find attributes for keisuke osako (Sanfrecce Hiroshima, 2024)
[4530563] Failed to build match row: Sanfrecce Hiroshima vs Rakuten Vissel Kobe
[4646289] Failed to build match row: SK Poltava vs Futbolniy Klub Dynamo Kyiv
[4709459] Failed to build match row: Al-Riyadh Saudi Club vs Al-Nassr Football Club
[4376364] Could not find attributes for sergey pesjakov (PFK Krylya Sovetov Samara, 2024)
[4624843] Could not find attributes for veljko ilic (Widzew Łódź Spółka Akcyjna, 2025)
[4376364] Failed to build match row: PFK Krylya Sovetov Samara vs Fakel Voronezh

Keepers & outfield error for **Associazione Sportiva Roma** in Associazione Sportiva Roma vs Real Sociedad de Fútbol S.A.D.: Numbers: 0 and 11.
[4624843] Failed to build match row: Widzew Łódź Spółka Akcyjna vs KKS Lech Poznań Spółka Akcyjna
[4031389] Failed to build match row: Associazione Sportiva Roma vs Real Sociedad de Fútbol S.A.D.
[4407760] Could not find attributes for tamas nikitscher (Real Valladolid CF, 2024)
[3852653] Could not find attributes for igor paixao (Feyenoord Rotterdam, 2022)

Keepers & outfield error for **Футбольный клуб "Локомотив" Москва** in FC Bayern München vs Футбольный клуб "Локомотив" Москва: Numbers: 0 and 11.
[4233202] Could not find attributes for jamie sneddon (Partick Thistle FC, 2023)
[4407760] Failed to build match row: Real Valladolid CF vs Sevilla Fútbol Club S.A.D.
[3852653] Failed to build match row: Feyenoord Rotterdam vs AFC Ajax Amsterdam
[4129762] Could not find attributes for dal varesanovic (Çaykur Rizespor Kulübü, 2023)
[3461824] Failed to build match row: FC Bayern München vs Футбольный клуб "Локомотив" Москва
[4233202] Failed to build match row: Ross County FC vs Partick Thistle FC
[4396691] Could not find attributes for luis esteves (Clube Desportivo Nacional, 2024)
[3450639] Could not find attributes for timo letschert (Alkmaar Zaanstreek, 2020)
[4396691] Failed to build match row: Club Football Estrela da Amadora vs Clube Desportivo Nacional
[4129762] Failed to build match row: Beşiktaş Jimnastik Kulübü vs Çaykur Rizespor Kulübü

Keepers & outfield error for **Fatih Karagümrük Sportif Faaliyetler San. Tic. A.Ş.** in Kayserispor Kulübü vs Fatih Karagümrük Sportif Faaliyetler San. Tic. A.Ş.: Numbers: 0 and 11.
[4367863] Could not find attributes for in beom hwang (Feyenoord Rotterdam, 2024)
[3450639] Failed to build match row: Alkmaar Zaanstreek vs Willem II Tilburg
[3869295] Could not find attributes for goncalo ramos (Sport Lisboa e Benfica, 2022)
[4367863] Failed to build match row: Feyenoord Rotterdam vs Football Club Twente
[3426883] Failed to build match row: Kayserispor Kulübü vs Fatih Karagümrük Sportif Faaliyetler San. Tic. A.Ş.
[3869295] Failed to build match row: Sport Lisboa e Benfica vs Futebol Clube do Porto
[4363382] Could not find attributes for nemanja micevic (FK Teplice, a.s., 2024)
[4363382] Failed to build match row: FK Teplice, a.s. vs SK Dynamo Ceske Budejovice
[4104070] Could not find attributes for haki bedzeti (Hellerup IK, 2023)
[4104070] Failed to build match row: Hellerup IK vs BK Fremad Amager
[4094832] Failed to scrape lineup: https://www.transfermarkt.co.uk/olympique-marseille_ogc-nice/index/spielbericht/4094832

Keepers & outfield error for **Saint Mirren Football Club** in Heart of Midlothian Football Club vs Saint Mirren Football Club: Numbers: 2 and 9.
[3890044] Failed to build match row: Heart of Midlothian Football Club vs Saint Mirren Football Club
[4669574] Could not find attributes for davide giannini (Delfino Pescara 1936, 2025)
[3602494] Could not find attributes for dmitriy chistyakov (AO FK Zenit Sankt-Peterburg, 2021)
[4669574] Failed to build match row: Parma Calcio 1913 vs Delfino Pescara 1936
[3602494] Failed to build match row: AO FK Zenit Sankt-Peterburg vs FK Spartak Moskva
[4120650] Could not find attributes for sergiy loginov (FC Oleksandriya, 2023)
[3619403] Could not find attributes for rasmus nielsen (Skovshoved IF, 2021)
[3619403] Failed to build match row: Skovshoved IF vs Hilleröd Fodbold
a

Keepers & outfield error for **Villarreal Club de Fútbol S.A.D.** in Villarreal Club de Fútbol S.A.D. vs Valencia Club de Fútbol S. A. D.: Numbers: 0 and 11.
[4407761] Failed to build match row: Villarreal Club de Fútbol S.A.D. vs Valencia Club de Fútbol S. A. D.
[4641609] Failed to scrape lineup: https://www.transfermarkt.co.uk/sc-telstar_az-alkmaar/index/spielbericht/4641609
[3505146] Failed to scrape lineup: https://www.transfermarkt.co.uk/atromitos-athens_olympiacos-piraeus/index/spielbericht/3505146
[3651084] Could not find attributes for dumitru celeadnic (FC Sheriff Tiraspol, 2021)
[3432196] Could not find attributes for fahd moufi (Portimonense SC, 2020)
[3651084] Failed to build match row: Football Club Internazionale Milano S.p.A. vs FC Sheriff Tiraspol
[3432196] Failed to build match row: Portimonense SC vs Sporting Clube de Braga
[4129763] Failed to scrape lineup: https://www.transfermarkt.co.uk/fenerbahce_kayserispor/index/spielbericht/4129763
[4376365] Could not find attributes for aleksandr maksimenko (FK Spartak Moskva, 2024)
[4376365] Failed to build match row: FK Spartak Moskva vs RFK Akhmat Grozny
[4794745] Could not find attributes for simen vidtun nilsen (Sportsklubben Brann, 2025)
[3462135] Could not find attributes for robin van der meer (Excelsior Rotterdam, 2020)
[4794745] Failed to build match row: Sportsklubben Brann vs Sarpsborg 08 Fotballforening
[3462135] Failed to build match row: Excelsior Rotterdam vs Helmond Sport

Keepers & outfield error for **Newcastle United Football Club** in Newcastle United Football Club vs Southampton FC: Numbers: 2 and 9.
[3838639] Failed to build match row: Newcastle United Football Club vs Southampton FC
[4649030] Failed to scrape lineup: https://www.transfermarkt.co.uk/petrolul-ploiesti_cfr-cluj/index/spielbericht/4649030
[3612899] Could not find attributes for yunus akgun (Adana Demirspor, 2021)
[3612899] Failed to build match row: Adana Demirspor vs Gaziantep Futbol Kulübü A.Ş.
[4094833] Could not find attributes for tiemoue bakayoko (Football Club Lorient-Bretagne Sud, 2023)
[3450640] Could not find attributes for eliano reijnders (Prins Hendrik Ende Desespereert Nimmer Combinatie Zwolle, 2020)
[4094833] Failed to build match row: Football Club Lorient-Bretagne Sud vs Paris Saint-Germain Football Club
[3450640] Failed to build match row: Prins Hendrik Ende Desespereert Nimmer Combinatie Zwolle vs Heracles Almelo
[3707321] Could not find attributes for luca ferrone (CD Atlético Baleares, 2021)
[3707321] Failed to build match row: CD Atlético Baleares vs Getafe Club de Fútbol S. A. D. Team Dubai
[4810931] Could not find attributes for vinicinho (Red Bull Bragantino, 2025)
[4810931] Failed to build match row: Red Bull Bragantino vs Clube do Remo
[3932263] Failed to scrape lineup: https://www.transfermarkt.co.uk/spielbericht/index/spielbericht/3932263
[4373369] Failed to scrape lineup: https://www.transfermarkt.co.uk/sc-freiburg_fc-st-pauli/index/spielbericht/4373369
[4646290] Failed to scrape lineup: https://www.transfermarkt.co.uk/karpaty-lviv_nk-veres-rivne/index/spielbericht/4646290
[4624844] Could not find attributes for marin karamarko (Wisła Płock Spółka Akcyjna, 2025)
[4624844] Failed to build match row: Wisła Płock Spółka Akcyjna vs Morski Związkowy Klub Sportowy Arka Gdynia Spółka Akcyjna
[4376366] Could not find attributes for andrey lunev (FK Dinamo Moskva, 2024)
[4376366] Failed to build match row: FK Dinamo Moskva vs PFK Krylya Sovetov Samara
[4635237] Could not find attributes for kail boudache (Olympique Gymnaste Club Nice Côte d'Azur, 2025)
[4635237] Failed to build match row: Angers Sporting Club de l'Ouest vs Olympique Gymnaste Club Nice Côte d'Azur
[4031390] Could not find attributes for dmytro kryskiv (FC Shakhtar Donetsk, 2022)
[4031390] Failed to build match row: FC Shakhtar Donetsk vs Feyenoord Rotterdam
[4094834] Could not find attributes for nabil bentaleb (Lille Olympique Sporting Club, 2023)
[4094834] Failed to build match row: Association sportive de Monaco Football Club vs Lille Olympique Sporting Club
[4649031] Could not find attributes for boban nikolov (F.C.V. Farul Constanța SA, 2025)
[4649031] Failed to build match row: F.C.V. Farul Constanța SA vs Asociația Clubul Sportiv Campionii Fotbal Club Argeș
[4514547] Failed to scrape lineup: https://www.transfermarkt.co.uk/philadelphia-union_inter-miami-cf/index/spielbericht/4514547
[4363383] Failed to scrape lineup: https://www.transfermarkt.co.uk/fk-mlada-boleslav_ac-sparta-prague/index/spielbericht/4363383
[4361283] Failed to scrape lineup: https://www.transfermarkt.co.uk/gornik-zabrze_radomiak-radom/index/spielbericht/4361283
[4367864] Failed to scrape lineup: https://www.transfermarkt.co.uk/ajax-amsterdam_fc-groningen/index/spielbericht/4367864
[4646338] Could not find attributes for luccas claro (Eyüp Spor Kulübü, 2025)
[4620649] Failed to scrape lineup: https://www.transfermarkt.co.uk/rakow-czestochowa_zaglebie-lubin/index/spielbericht/4620649
[4396692] Failed to scrape lineup: https://www.transfermarkt.co.uk/casa-pia-ac_sc-farense/index/spielbericht/4396692

[4646338] Failed to build match row: Eyüp Spor Kulübü vs Konyaspor

Keepers & outfield error for **Real Betis Balompié S.A.D.** in Real Betis Balompié S.A.D. vs Elche Club de Fútbol S.A.D.: Numbers: 0 and 11.
[3844090] Failed to build match row: Real Betis Balompié S.A.D. vs Elche Club de Fútbol S.A.D.
[4407763] Could not find attributes for matija nastasic (CD Leganés, 2024)
[4407763] Failed to build match row: CD Leganés vs Alaves
[4794746] Failed to scrape lineup: https://www.transfermarkt.co.uk/fredrikstad-fk_ik-start/index/spielbericht/4794746
[4530567] Could not find attributes for jesiel (Kawasaki Frontale, 2024)
[4530567] Failed to build match row: Kawasaki Frontale vs S-Pulse
[4709460] Could not find attributes for jefferson ramos (Al-Fateh Club, 2025)
[4709460] Failed to build match row: Al-Fateh Club vs Al-Hazem Sport Club
[3602495] Failed to scrape lineup: https://www.transfermarkt.co.uk/fc-rostov_arsenal-tula/index/spielbericht/3602495
[4669575] Failed to scrape lineup: https://www.transfermarkt.co.uk/spielbericht/index/spielbericht/4669575
[4120651] Failed to scrape lineup: https://www.transfermarkt.co.uk/vorskla-poltava_polissya-zhytomyr/index/spielbericht/4120651
[4641610] Failed to scrape lineup: https://www.transfermarkt.co.uk/az-alkmaar_nec-nijmegen/index/spielbericht/4641610
[3505147] Failed to scrape lineup: https://www.transfermarkt.co.uk/panetolikos-gfs_pas-lamia-1964/index/spielbericht/3505147
[4171292] Failed to scrape lineup: https://www.transfermarkt.co.uk/spielbericht/index/spielbericht/4171292
[3432197] Failed to scrape lineup: https://www.transfermarkt.co.uk/cd-tondela_vitoria-guimaraes-sc/index/spielbericht/3432197
[4129764] Failed to scrape lineup: https://www.transfermarkt.co.uk/trabzonspor_istanbulspor/index/spielbericht/4129764
[4031391] Could not find attributes for ismail yuksek (Fenerbahçe Spor Kulübü, 2022)
[4031391] Failed to build match row: Fenerbahçe Spor Kulübü vs Sevilla Fútbol Club S.A.D.
[4376367] Could not find attributes for rustam yatimov (FK Rostov, 2024)
[4376367] Failed to build match row: FK Rostov vs FC Orenburg
[4709461] Could not find attributes for kewin (Damac Football Club, 2025)
[4709461] Failed to build match row: Damac Football Club vs Al-Kholood Club
[3462136] Failed to scrape lineup: https://www.transfermarkt.co.uk/spielbericht/index/spielbericht/3462136
[3852654] Could not find attributes for stipe radic (Fortuna Sittardia Combinatie, 2022)
[3597864] Failed to scrape lineup: https://www.transfermarkt.co.uk/nec-nijmegen_vitesse-arnhem/index/spielbericht/3597864
[3588581] Failed to scrape lineup: https://www.transfermarkt.co.uk/rb-leipzig_tsg-1899-hoffenheim/index/spielbericht/3588581
[3838640] Failed to scrape lineup: https://www.transfermarkt.co.uk/manchester-united_aston-villa/index/spielbericht/3838640
[3612900] Failed to scrape lineup: https://www.transfermarkt.co.uk/basaksehir-fk_caykur-rizespor/index/spielbericht/3612900
[3852654] Failed to build match row: Alkmaar Zaanstreek vs Fortuna Sittardia Combinatie
[3890046] Failed to scrape lineup: https://www.transfermarkt.co.uk/ross-county-fc_motherwell-fc/index/spielbericht/3890046
[4425135] Failed to scrape lineup: https://www.transfermarkt.co.uk/melbourne-victory_adelaide-united/index/spielbericht/4425135
[4624845] Could not find attributes for serafin szota (Morski Związkowy Klub Sportowy Arka Gdynia Spółka Akcyjna, 2025)
[4635238] Could not find attributes for daouda guindo (Stade brestois 29, 2025)
[4373370] Failed to scrape lineup: https://www.transfermarkt.co.uk/vfl-wolfsburg_vfb-stuttgart/index/spielbericht/4373370
[4452389] Could not find attributes for pedro lucas (Makedonikos, 2024)
[3619404] Could not find attributes for mathias glintborg (Tarup-Paarup IF, 2021)
[4363384] Failed to scrape lineup: https://www.transfermarkt.co.uk/sk-sigma-olomouc_1-fc-slovacko/index/spielbericht/4363384
[4635238] Failed to build match row: Association sportive de Monaco Football Club vs Stade brestois 29
[3619404] Failed to build match row: Tarup-Paarup IF vs Slagelse B&I
[4624845] Failed to build match row: Morski Związkowy Klub Sportowy Arka Gdynia Spółka Akcyjna vs Widzew Łódź Spółka Akcyjna
[4810932] Failed to scrape lineup: https://www.transfermarkt.co.uk/cruzeiro-esporte-clube_gremio-foot-ball-porto-alegrense/index/spielbericht/4810932
[4452389] Failed to build match row: Makedonikos vs Athlitiki Enosi Larisas
[4794747] Could not find attributes for magnus grodem (KFUM-Kameratene Oslo, 2025)
[4367865] Could not find attributes for suf podgoreanu (Heracles Almelo, 2024)
[4794747] Failed to build match row: KFUM-Kameratene Oslo vs Tromsø Idrettslag
[4367865] Failed to build match row: Go Ahead Eagles vs Heracles Almelo
[4641611] Could not find attributes for irakli yegoian (Excelsior Rotterdam, 2025)
[4641611] Failed to build match row: Excelsior Rotterdam vs AFC Ajax Amsterdam
[4120652] Could not find attributes for oleksandr rybka (FK Obolon Kyiv, 2023)
[3602496] Could not find attributes for silvije begic (PFK Krylya Sovetov Samara, 2021)
[4120652] Failed to build match row: FK Obolon Kyiv vs FC Zorya Lugansk
[3602496] Failed to build match row: PFK CSKA Moskva vs PFK Krylya Sovetov Samara
[4709462] Could not find attributes for bilal boutobba (Al-Najma Sport Club, 2025)
[4709462] Failed to build match row: Al-Ittihad Football Club vs Al-Najma Sport Club
[4626839] Could not find attributes for davit kereselidze (FC Dila Gori, 2025)
[4626839] Failed to build match row: FC Dila Gori vs Riga FC
[3462157] Could not find attributes for zinedine machach (VVV-Venlo, 2020)
[3462157] Failed to build match row: VVV-Venlo vs FC Den Bosch

Keepers & outfield error for **FC Emmen** in FC Emmen vs Eindhovense Voetbalvereniging Philips Sport Vereniging: Numbers: 0 and 11.
[3852655] Failed to build match row: FC Emmen vs Eindhovense Voetbalvereniging Philips Sport Vereniging
[3612901] Could not find attributes for mohammad naderi (Altay SK, 2021)
[3612901] Failed to build match row: Altay SK vs Beşiktaş Jimnastik Kulübü
[4670216] Could not find attributes for karl andre vallner (FCI Levadia, 2025)
[4670216] Failed to build match row: FCI Levadia vs Iberia 1999 Tbilisi
[3869297] Failed to scrape lineup: https://www.transfermarkt.co.uk/cs-maritimo_vitoria-guimaraes-sc/index/spielbericht/3869297
[4649033] Could not find attributes for tarek aggoun (Fotbal Club Metaloglobus București SA, 2025)
[4649033] Failed to build match row: Fotbal Club Metaloglobus București SA vs SC Fotbal Club FCSB SA
[3619405] Could not find attributes for gregers arndal (Hellerup IK, 2021)
[4794749] Could not find attributes for vebjorn hoff (Molde Fotballklubb, 2025)
[4641612] Could not find attributes for giovanni van zwam (Go Ahead Eagles, 2025)
[3619405] Failed to build match row: Hellerup IK vs Boldklubben af 1893
[4794749] Failed to build match row: Molde Fotballklubb vs Sandefjord Fotball
[4641612] Failed to build match row: Football Club Volendam vs Go Ahead Eagles
[4171293] Failed to scrape lineup: https://www.transfermarkt.co.uk/spielbericht/index/spielbericht/4171293
[3432198] Failed to scrape lineup: https://www.transfermarkt.co.uk/cs-maritimo_fc-pacos-de-ferreira/index/spielbericht/3432198
[4097981] Could not find attributes for robin propper (Football Club Twente, 2023)
[3505148] Failed to scrape lineup: https://www.transfermarkt.co.uk/pas-giannina_volos-nps/index/spielbericht/3505148
[4097981] Failed to build match row: Football Club Twente vs Vitesse Arnhem
[4363385] Could not find attributes for dominik plechaty (FC Slovan Liberec, 2024)
[4129765] Failed to scrape lineup: https://www.transfermarkt.co.uk/fatih-karagumruk_galatasaray/index/spielbericht/4129765
[4376368] Could not find attributes for edgardo farina (FC Khimki (-2025), 2024)
[4373371] Could not find attributes for kevin muller (1. Fußballclub Heidenheim 1846, 2024)
[4624846] Could not find attributes for milosz matysik (Termalica Bruk-Bet Nieciecza Klub Sportowy, 2025)
[4363385] Failed to build match row: FC Slovan Liberec vs FC Hradec Králové a.s.
[4376368] Failed to build match row: FC Khimki (-2025) vs AO FK Zenit Sankt-Peterburg
[4373371] Failed to build match row: 1. Fußball- und Sportverein Mainz 05 vs 1. Fußballclub Heidenheim 1846
[4626840] Could not find attributes for lubomir belko (MSK Zilina, 2025)
[3934683] Could not find attributes for tom mchale (Elgin City FC, 2022)
[4120653] Could not find attributes for yevgen volynets (SC Dnipro-1, 2023)
[4624846] Failed to build match row: Termalica Bruk-Bet Nieciecza Klub Sportowy vs Motor Lublin Spółka Akcyjna
[4120653] Failed to build match row: Futbolniy Klub Dynamo Kyiv vs SC Dnipro-1
[4626840] Failed to build match row: MSK Zilina vs RKS Raków Częstochowa SA

Keepers & outfield error for **Manchester United Football Club** in Manchester United Football Club vs Atalanta Bergamasca Calcio S.p.a.: Numbers: 2 and 9.
[3934683] Failed to build match row: Elgin City FC vs Camelon Juniors FC
[3651088] Failed to build match row: Manchester United Football Club vs Atalanta Bergamasca Calcio S.p.a.
[4094837] Could not find attributes for daler kuzyaev (Le Havre Athletic Club, 2023)
[3602497] Could not find attributes for fabian balbuena (FK Dinamo Moskva, 2021)
[3602497] Failed to build match row: FK Dinamo Moskva vs FC Khimki (-2025)
[4367867] Could not find attributes for nikolai hopland (Sportclub Heerenveen, 2024)
[4094837] Failed to build match row: Le Havre Athletic Club vs Football Club de Nantes
[4367867] Failed to build match row: Sportclub Heerenveen vs RKC Waalwijk

Keepers & outfield error for **Sporting Clube de Braga** in Sporting Clube de Braga vs Sporting Clube de Portugal: Numbers: 0 and 11.
[4396693] Failed to build match row: Sporting Clube de Braga vs Sporting Clube de Portugal
[4670217] Could not find attributes for giorgi makaridze (Iberia 1999 Tbilisi, 2025)
[4670217] Failed to build match row: Iberia 1999 Tbilisi vs FCI Levadia
[4709463] Could not find attributes for khaled narey (Al-Okhdood Club, 2025)
[4709463] Failed to build match row: Al-Okhdood Club vs Neom Sports Club
[4031392] Failed to scrape lineup: https://www.transfermarkt.co.uk/spielbericht/index/spielbericht/4031392
[3588582] Failed to scrape lineup: https://www.transfermarkt.co.uk/vfl-wolfsburg_arminia-bielefeld/index/spielbericht/3588582

Keepers & outfield error for **Sport Club Internacional** in Sport Club Internacional vs Mirasol Futebol Clube: Numbers: 0 and 11.
[4810933] Failed to build match row: Sport Club Internacional vs Mirasol Futebol Clube

Keepers & outfield error for **Gil Vicente Futebol Clube** in Gil Vicente Futebol Clube vs Moreirense Futebol Clube: Numbers: 0 and 11.
[3432199] Failed to build match row: Gil Vicente Futebol Clube vs Moreirense Futebol Clube
[3505149] Could not find attributes for amr warda (Panthessalonikios Athlitikos Omilos Konstantinoupoliton, 2020)
[3505149] Failed to build match row: Panthessalonikios Athlitikos Omilos Konstantinoupoliton vs Athlitiki Enosi Konstantinoupoleos
[4425136] Failed to scrape lineup: https://www.transfermarkt.co.uk/central-coast-mariners_perth-glory/index/spielbericht/4425136
[4129766] Could not find attributes for jakub slowik (Konyaspor, 2023)
[4129766] Failed to build match row: Konyaspor vs Samsunspor
[4233203] Could not find attributes for efe ambrose (Queen of the South FC, 2023)
[4233203] Failed to build match row: Saint Mirren Football Club vs Queen of the South FC
[3462158] Could not find attributes for redouan el yaakoubi (Sportclub Telstar, 2020)
[4727984] Could not find attributes for evgeniy zamerets (KamAZ Naberezhnye Chelny, 2025)
[3462158] Failed to build match row: Heracles Almelo vs Sportclub Telstar
[3415405] Could not find attributes for anthony musaba (Cercle Brugge Koninklijke Sportvereniging, 2020)
[4727984] Failed to build match row: KamAZ Naberezhnye Chelny vs Spartak Kostroma
[3415405] Failed to build match row: Sportvereniging Zulte Waregem vs Cercle Brugge Koninklijke Sportvereniging
[4649034] Could not find attributes for jayson papeau (Asociația Fotbal Club Unirea 04 Slobozia, 2025)
[4649034] Failed to build match row: U Craiova 1948 Club Sportiv SA vs Asociația Fotbal Club Unirea 04 Slobozia
[4452390] Could not find attributes for alexandros kulloli (Thyella Kamariou, 2024)
[4620651] Failed to scrape lineup: https://www.transfermarkt.co.uk/piast-gliwice_lech-poznan/index/spielbericht/4620651
[4407766] Could not find attributes for tamas nikitscher (Real Valladolid CF, 2024)
[3426884] Could not find attributes for yassine meriah (Çaykur Rizespor Kulübü, 2020)
[4407766] Failed to build match row: Rayo Vallecano de Madrid S. A. D. vs Real Valladolid CF
[3426884] Failed to build match row: Çaykur Rizespor Kulübü vs Galatasaray Spor Kulübü
[4452390] Failed to build match row: Thyella Kamariou vs Diagoras Rodou
[4641613] Could not find attributes for remko pasveer (Heracles Almelo, 2025)
[4641613] Failed to build match row: Heracles Almelo vs Fortuna Sittardia Combinatie
[3852657] Could not find attributes for tesfaldet tekie (Go Ahead Eagles, 2022)
[3852657] Failed to build match row: Go Ahead Eagles vs Alkmaar Zaanstreek
[4646340] Could not find attributes for wagner pina (Trabzonspor Kulübü, 2025)
[4646340] Failed to build match row: Trabzonspor Kulübü vs Kocaelispor Kulübü
[4129767] Could not find attributes for shahrudin mahammadaliyev (Adana Demirspor, 2023)
[3612902] Failed to scrape lineup: https://www.transfermarkt.co.uk/hatayspor_fenerbahce/index/spielbericht/3612902
[4129767] Failed to build match row: Adana Demirspor vs Gaziantep Futbol Kulübü A.Ş.
[3838642] Failed to scrape lineup: https://www.transfermarkt.co.uk/leicester-city_everton-fc/index/spielbericht/3838642

Keepers & outfield error for **Футбольный клуб "Локомотив" Москва** in Футбольный клуб "Локомотив" Москва vs FK Sochi: Numbers: 0 and 11.
[3602498] Failed to build match row: Футбольный клуб "Локомотив" Москва vs FK Sochi

Keepers & outfield error for **Futebol Clube do Porto** in Sport Lisboa e Benfica vs Futebol Clube do Porto: Numbers: 0 and 11.
[4396694] Failed to build match row: Sport Lisboa e Benfica vs Futebol Clube do Porto
[3505314] Could not find attributes for daniel davari (Rot-Weiss Essen, 2020)
[3505314] Failed to build match row: Rot-Weiss Essen vs Bayer 04 Leverkusen Fußball

Keepers & outfield error for **CS Marítimo** in Sport Lisboa e Benfica vs CS Marítimo: Numbers: 2 and 9.
[4727985] Could not find attributes for amir fattakhov (Znamya Truda Orekhovo-Zuevo, 2025)
[3432200] Failed to build match row: Sport Lisboa e Benfica vs CS Marítimo
[4727985] Failed to build match row: Znamya Truda Orekhovo-Zuevo vs Chayka Peschanokopskoye

Keepers & outfield error for **Villarreal Club de Fútbol S.A.D.** in UD Las Palmas vs Villarreal Club de Fútbol S.A.D.: Numbers: 0 and 11.
[4407767] Failed to build match row: UD Las Palmas vs Villarreal Club de Fútbol S.A.D.
[4794750] Failed to scrape lineup: https://www.transfermarkt.co.uk/rosenborg-bk_fk-bodo-glimt/index/spielbericht/4794750
[3838643] Failed to scrape lineup: https://www.transfermarkt.co.uk/fulham-fc_manchester-city/index/spielbericht/3838643
[4097982] Failed to scrape lineup: https://www.transfermarkt.co.uk/ajax-amsterdam_fc-volendam/index/spielbericht/4097982
[3707322] Could not find attributes for adri herrera (Zamora CF, 2021)
[3612903] Could not find attributes for mohammad naderi (Altay SK, 2021)
[3707322] Failed to build match row: Zamora CF vs Real Sociedad de Fútbol S.A.D.
[3612903] Failed to build match row: Gaziantep Futbol Kulübü A.Ş. vs Altay SK
[4361284] Failed to scrape lineup: https://www.transfermarkt.co.uk/jagiellonia-bialystok_motor-lublin/index/spielbericht/4361284

Keepers & outfield error for **Nooit Opgeven Altijd Doorzetten Aangenaam Door Vermaak En Nuttig Door Ontspanning Combinatie Breda** in Nooit Opgeven Altijd Doorzetten Aangenaam Door Vermaak En Nuttig Door Ontspanning Combinatie Breda vs Football Club Twente: Numbers: 2 and 9.
[4641614] Failed to build match row: Nooit Opgeven Altijd Doorzetten Aangenaam Door Vermaak En Nuttig Door Ontspanning Combinatie Breda vs Football Club Twente
[3588583] Failed to scrape lineup: https://www.transfermarkt.co.uk/eintracht-frankfurt_sc-freiburg/index/spielbericht/3588583
[4709464] Failed to scrape lineup: https://www.transfermarkt.co.uk/al-shabab-fc_al-fayha-fc/index/spielbericht/4709464
[4635240] Failed to scrape lineup: https://www.transfermarkt.co.uk/olympique-lyon_as-monaco/index/spielbericht/4635240
[4031393] Failed to scrape lineup: https://www.transfermarkt.co.uk/spielbericht/index/spielbericht/4031393
[4425137] Failed to scrape lineup: https://www.transfermarkt.co.uk/brisbane-roar_auckland-fc/index/spielbericht/4425137
[4670218] Could not find attributes for yuriy kendysh (FK Zalgiris Vilnius, 2025)
[3426885] Failed to build match row: Alanyaspor vs Konyaspor
[4670218] Failed to build match row: FK Zalgiris Vilnius vs Linfield FC
[3934684] Could not find attributes for joe barbour (Fraserburgh FC, 2022)
[4233204] Failed to scrape lineup: https://www.transfermarkt.co.uk/spielbericht/index/spielbericht/4233204
[3934684] Failed to build match row: Fraserburgh FC vs Stranraer FC

Keepers & outfield error for **UD Almería** in UD Almería vs Real Madrid Club de Fútbol: Numbers: 0 and 11.
[4727986] Could not find attributes for artem tsygulev (FC Irkutsk, 2025)
[4104071] Could not find attributes for jonathan villadsen (Greve Fodbold, 2023)

Keepers & outfield error for **Boavista FC** in Boavista FC vs Rio Ave Futebol Clube: Numbers: 0 and 11.
[4452391] Could not find attributes for giannis veloutsos (Egeas Plomariou, 2024)
[3844094] Failed to build match row: UD Almería vs Real Madrid Club de Fútbol
[3415406] Failed to scrape lineup: https://www.transfermarkt.co.uk/kv-kortrijk_kaa-gent/index/spielbericht/3415406
[4094838] Could not find attributes for sadibou sane (Football Club de Metz, 2023)

Keepers & outfield error for **Futebol Clube do Porto** in Futebol Clube do Porto vs Rio Ave Futebol Clube: Numbers: 2 and 9.
[3602499] Could not find attributes for giorgiy shelia (RFK Akhmat Grozny, 2021)
[4104071] Failed to build match row: Greve Fodbold vs Nyköbing FC
[3869299] Could not find attributes for ponck (GD Chaves, 2022)
[4396695] Failed to build match row: Boavista FC vs Rio Ave Futebol Clube
bice_fk-jablonec/index/spielbericht/4363386
[4620653] Could not find attributes for quentin lecoeuche (Wisła Płock Spółka Akcyjna, 2025)
[4452391] Failed to build match row: Egeas Plomariou vs AO Kavala
g Club de Lens
[3869299] Failed to build match row: GD Chaves vs Casa Pia Atlético Clube
[3432201] Failed to build match row: Futebol Clube do Porto vs Rio Ave Futebol Clube
[3602499] Failed to build match row: RFK Akhmat Grozny vs Ural Yekaterinburg
[4620653] Failed to build match row: Wisła Płock Spółka Akcyjna vs Legia Warszawa Spółka Akcyjna
[4794751] Could not find attributes for julius mar juliusson (Kristiansund Ballklubb, 2025)
[4794751] Failed to build match row: Vålerengens Idrettsforening vs Kristiansund Ballklubb
[4709465] Could not find attributes for victor hugo (Al-Taawoun Football Club, 2025)
[4626841] Could not find attributes for palmi rafn arinbjornsson (Víkingur Reykjavík, 2025)
[4709465] Failed to build match row: Al-Ettifaq Football Club vs Al-Taawoun Football Club
[4626841] Failed to build match row: Víkingur Reykjavík vs KF Vllaznia
[3450641] Could not find attributes for ismail azzaoui (Heracles Almelo, 2020)
[4810934] Could not find attributes for victor hugo (Clube Atlético Mineiro, 2025)
[3450641] Failed to build match row: Fortuna Sittardia Combinatie vs Heracles Almelo
[4810934] Failed to build match row: Coritiba Foot Ball Club vs Clube Atlético Mineiro
[4641615] Could not find attributes for tristan gooijer (Prins Hendrik Ende Desespereert Nimmer Combinatie Zwolle, 2025)
[4641615] Failed to build match row: Prins Hendrik Ende Desespereert Nimmer Combinatie Zwolle vs Sportclub Telstar
[4129768] Failed to scrape lineup: https://www.transfermarkt.co.uk/sivasspor_basaksehir-fk/index/spielbericht/4129768
[3890049] Failed to scrape lineup: https://www.transfermarkt.co.uk/hibernian-fc_rangers-fc/index/spielbericht/3890049
[4624847] Failed to scrape lineup: https://www.transfermarkt.co.uk/cracovia_wisla-plock/index/spielbericht/4624847
[4635241] Could not find attributes for daouda guindo (Stade brestois 29, 2025)
[4635241] Failed to build match row: Association de la Jeunesse auxerroise vs Stade brestois 29

Keepers & outfield error for **Paris Saint-Germain Football Club** in Paris Saint-Germain Football Club vs Olympique Lyonnais: Numbers: 2 and 9.
[4094839] Failed to build match row: Paris Saint-Germain Football Club vs Olympique Lyonnais

Keepers & outfield error for **Colorado Rapids** in Colorado Rapids vs St. Louis City Soccer Club: Numbers: 0 and 11.
[4514551] Failed to build match row: Colorado Rapids vs St. Louis City Soccer Club
[4396696] Could not find attributes for bruno varela (Vitória Sport Clube, 2024)
[3602500] Could not find attributes for artur anisimov (FK Nizhny Novgorod, 2021)
[4396696] Failed to build match row: Vitória Sport Clube vs AVS Futebol SAD
[3602500] Failed to build match row: FK Nizhny Novgorod vs FK Krasnodar
[3619406] Could not find attributes for henrik lindhard (Brabrand IF, 2021)
[3619406] Failed to build match row: Brabrand IF vs Hobro IK
[4376369] Could not find attributes for igor akinfeev (PFK CSKA Moskva, 2024)
[4376369] Failed to build match row: PFK CSKA Moskva vs Футбольный клуб "Локомотив" Москва

Keepers & outfield error for **Olympique de Marseille** in Toulouse Football Club vs Olympique de Marseille: Numbers: 2 and 9.
[4129769] Could not find attributes for yasin ozcan (Kasımpaşa A.Ş., 2023)
[4094840] Failed to build match row: Toulouse Football Club vs Olympique de Marseille
[4635242] Could not find attributes for bouna sarr (Football Club de Metz, 2025)
[4129769] Failed to build match row: Kasımpaşa A.Ş. vs Antalyaspor
[4635242] Failed to build match row: Rennes vs Football Club de Metz
[3934685] Could not find attributes for lenny wilson (Brechin City FC, 2022)
[3934685] Failed to build match row: Brechin City FC vs Stirling Albion FC
[4373372] Could not find attributes for rani khedira (1. Fußballclub Union Berlin, 2024)
[4373372] Failed to build match row: Mönchengladbach vs 1. Fußballclub Union Berlin
[4363387] Could not find attributes for jakub lapes (MFK Karvina, 2024)
[4363387] Failed to build match row: SK Slavia Praha, a.s. vs MFK Karvina
[4233205] Could not find attributes for craig howie (Clyde FC, 2023)
[4233205] Failed to build match row: Clyde FC vs Aberdeen Football Club
[4120654] Failed to scrape lineup: https://www.transfermarkt.co.uk/nk-veres-rivne_rukh-lviv/index/spielbericht/4120654
[4635243] Could not find attributes for tylel tati (Football Club de Nantes, 2025)
[4635243] Failed to build match row: Football Club de Nantes vs Racing Club de Strasbourg Alsace
[3602501] Could not find attributes for aleksandr belenov (FK Ufa, 2021)
[3602501] Failed to build match row: FK Ufa vs FC Rubin Kazan
[3426886] Failed to scrape lineup: https://www.transfermarkt.co.uk/kasimpasa_genclerbirligi-ankara/index/spielbericht/3426886
[3852659] Failed to scrape lineup: https://www.transfermarkt.co.uk/fortuna-sittard_sc-heerenveen/index/spielbericht/3852659
[4367870] Failed to scrape lineup: https://www.transfermarkt.co.uk/feyenoord-rotterdam_fortuna-sittard/index/spielbericht/4367870
[4031394] Failed to scrape lineup: https://www.transfermarkt.co.uk/spielbericht/index/spielbericht/4031394
[3934686] Could not find attributes for graeme williamson (Wick Academy FC, 2022)
[4425138] Failed to scrape lineup: https://www.transfermarkt.co.uk/melbourne-city-fc_brisbane-roar/index/spielbericht/4425138
[3588584] Failed to scrape lineup: https://www.transfermarkt.co.uk/vfb-stuttgart_borussia-dortmund/index/spielbericht/3588584
[3934686] Failed to build match row: Wick Academy FC vs Benburb FC
Not enough players found for lineup: 0, 0.
[3619407] Failed to scrape lineup: https://www.transfermarkt.co.uk/spielbericht/index/spielbericht/3619407
[3506295] Failed to scrape lineup: https://www.transfermarkt.co.uk/spielbericht/index/spielbericht/3506295
[4376370] Could not find attributes for aleksandr maksimenko (FK Spartak Moskva, 2024)
[4376370] Failed to build match row: FK Spartak Moskva vs Fakel Voronezh
[3869300] Failed to scrape lineup: https://www.transfermarkt.co.uk/fc-vizela_fc-pacos-de-ferreira/index/spielbericht/3869300
[3432202] Failed to scrape lineup: https://www.transfermarkt.co.uk/sporting-cp_rio-ave-fc/index/spielbericht/3432202
[4794752] Failed to scrape lineup: https://www.transfermarkt.co.uk/aalesunds-fk_hamarkameratene/index/spielbericht/4794752
[3707323] Could not find attributes for salva de la cruz (Unionistas CF, 2021)
[3707323] Failed to build match row: Unionistas CF vs Elche Club de Fútbol S.A.D.
[4646342] Could not find attributes for muhammed kadioglu (Fatih Karagümrük Sportif Faaliyetler San. Tic. A.Ş., 2025)
[4646342] Failed to build match row: Fatih Karagümrük Sportif Faaliyetler San. Tic. A.Ş. vs İstanbul Başakşehir Futbol Kulübü
[3597867] Failed to scrape lineup: https://www.transfermarkt.co.uk/az-alkmaar_pec-zwolle/index/spielbericht/3597867
[4649036] Could not find attributes for conrado (SC Oţelul Galaţi, 2025)
[4649036] Failed to build match row: SC Oţelul Galaţi vs Asociația Sportivă Fotbal Club Universitatea Cluj
[3450642] Failed to scrape lineup: https://www.transfermarkt.co.uk/fc-groningen_fc-utrecht/index/spielbericht/3450642
[4810935] Failed to scrape lineup: https://www.transfermarkt.co.uk/esporte-clube-vitoria_sport-club-corinthians-paulista/index/spielbericht/4810935
[4641616] Failed to scrape lineup: https://www.transfermarkt.co.uk/psv-eindhoven_feyenoord-rotterdam/index/spielbericht/4641616
[4727987] Could not find attributes for islam imamov (SKA Khabarovsk, 2025)
[4727987] Failed to build match row: SKA Khabarovsk vs Rodina Moscow
[4530569] Could not find attributes for akito fukumori (Yokohama FC, 2024)
[4624848] Failed to scrape lineup: https://www.transfermarkt.co.uk/gks-katowice_lechia-gdansk/index/spielbericht/4624848
[3890050] Failed to scrape lineup: https://www.transfermarkt.co.uk/motherwell-fc_livingston-fc/index/spielbericht/3890050
[4530569] Failed to build match row: Yokohama FC vs Nagoya Grampus Eight
[4514553] Failed to scrape lineup: https://www.transfermarkt.co.uk/san-jose-earthquakes_houston-dynamo-fc/index/spielbericht/4514553
[4233206] Could not find attributes for andy munro (Forfar Athletic FC, 2023)
[4233206] Failed to build match row: Forfar Athletic FC vs Hibernian Football Club

Keepers & outfield error for **Club Atlético de Madrid S.A.D.** in Getafe Club de Fútbol S. A. D. Team Dubai vs Club Atlético de Madrid S.A.D.: Numbers: 2 and 9.
[4670219] Could not find attributes for ethan mcgee (Linfield FC, 2025)
[3844095] Failed to build match row: Getafe Club de Fútbol S. A. D. Team Dubai vs Club Atlético de Madrid S.A.D.
[4670219] Failed to build match row: Linfield FC vs FK Zalgiris Vilnius
[4120655] Could not find attributes for german penkov (LNZ Cherkasy, 2023)
[4425139] Could not find attributes for kazuki nagasawa (Wellington Phoenix Football Club, 2024)
[4120655] Failed to build match row: FC Shakhtar Donetsk vs LNZ Cherkasy
[4425139] Failed to build match row: Wellington Phoenix Football Club vs Melbourne Victory FC
Not enough players found for lineup: 0, 11.
[3934687] Failed to scrape lineup: https://www.transfermarkt.co.uk/spielbericht/index/spielbericht/3934687
[4452392] Could not find attributes for andreas kolovouris (Panachaiki GE, 2024)
[3838645] Failed to scrape lineup: https://www.transfermarkt.co.uk/brighton-amp-hove-albion_wolverhampton-wanderers/index/spielbericht/3838645
[4396697] Failed to scrape lineup: https://www.transfermarkt.co.uk/boavista-fc_fc-famalicao/index/spielbericht/4396697
[4452392] Failed to build match row: Panachaiki GE vs PS Kalamata
[4794783] Could not find attributes for lars ranger (Lillestrøm Sportsklubb, 2025)
[4794783] Failed to build match row: Tromsø Idrettslag vs Lillestrøm Sportsklubb
[4031395] Could not find attributes for ousmane diomande (Sporting Clube de Portugal, 2022)
[4031395] Failed to build match row: Arsenal Football Club vs Sporting Clube de Portugal
Not enough players found for lineup: 0, 11.
[3619410] Failed to scrape lineup: https://www.transfermarkt.co.uk/spielbericht/index/spielbericht/3619410
[3506452] Could not find attributes for gaku shibasaki (CD Leganés, 2020)
[3506452] Failed to build match row: CD Leganés vs Sevilla Fútbol Club S.A.D.
[4530570] Could not find attributes for kota sanada (Shonan Bellmare, 2024)
[4530570] Failed to build match row: Shonan Bellmare vs Kyoto Purple Sanga
[4363388] Failed to scrape lineup: https://www.transfermarkt.co.uk/sk-sigma-olomouc_fc-slovan-liberec/index/spielbericht/4363388
[4514554] Could not find attributes for sam rogers (Chicago Fire Soccer Club, 2024)
[4097984] Could not find attributes for joel voelkerling persson (Vitesse Arnhem, 2023)
[4514554] Failed to build match row: New York City Football Club vs Chicago Fire Soccer Club

Keepers & outfield error for **Galatasaray Spor Kulübü** in Gaziantep Futbol Kulübü A.Ş. vs Galatasaray Spor Kulübü: Numbers: 2 and 9.
[4097984] Failed to build match row: Feyenoord Rotterdam vs Vitesse Arnhem
[4646343] Failed to build match row: Gaziantep Futbol Kulübü A.Ş. vs Galatasaray Spor Kulübü
[3602502] Failed to scrape lineup: https://www.transfermarkt.co.uk/zenit-st-petersburg_dynamo-moscow/index/spielbericht/3602502
[4641617] Could not find attributes for ringo meerveld (Sportclub Heerenveen, 2025)
[4641617] Failed to build match row: Sportclub Heerenveen vs Football Club Utrecht
[4635244] Could not find attributes for lanroy machine (Angers Sporting Club de l'Ouest, 2025)
[4635244] Failed to build match row: Racing Club de Lens vs Angers Sporting Club de l'Ouest
[4120656] Could not find attributes for german penkov (LNZ Cherkasy, 2023)
[4367871] Failed to scrape lineup: https://www.transfermarkt.co.uk/pec-zwolle_sparta-rotterdam/index/spielbericht/4367871
[4120656] Failed to build match row: LNZ Cherkasy vs FK Obolon Kyiv
[3588585] Failed to scrape lineup: https://www.transfermarkt.co.uk/hertha-bsc_1-fc-union-berlin/index/spielbericht/3588585
[4376371] Failed to scrape lineup: https://www.transfermarkt.co.uk/fc-krasnodar_fc-pari-nizhniy-novgorod/index/spielbericht/4376371
[4425140] Could not find attributes for luis felipe gallegos (Auckland Football Club, 2024)
[4425140] Failed to build match row: Sydney Football Club vs Auckland Football Club
[4794798] Could not find attributes for simen vidtun nilsen (Sportsklubben Brann, 2025)
[4794798] Failed to build match row: Tromsø Idrettslag vs Sportsklubben Brann
[3838646] Could not find attributes for serge aurier (Nottingham Forest Football Club, 2022)
[3838646] Failed to build match row: Brentford Football Club vs Nottingham Forest Football Club
[4129771] Failed to scrape lineup: https://www.transfermarkt.co.uk/hatayspor_mke-ankaragucu/index/spielbericht/4129771
[3432203] Failed to scrape lineup: https://www.transfermarkt.co.uk/sporting-cp_sc-braga/index/spielbericht/3432203
[4094842] Failed to scrape lineup: https://www.transfermarkt.co.uk/ogc-nice_fc-lorient/index/spielbericht/4094842
[3869301] Failed to scrape lineup: https://www.transfermarkt.co.uk/sporting-cp_fc-famalicao/index/spielbericht/3869301
[3651091] Failed to scrape lineup: https://www.transfermarkt.co.uk/spielbericht/index/spielbericht/3651091
[4649038] Could not find attributes for maks celic (Asociația Futball Klub Csíkszereda Miercurea Ciuc, 2025)
[4649038] Failed to build match row: Asociația Futball Klub Csíkszereda Miercurea Ciuc vs Fotbal Club Petrolul Ploiești
[4031396] Could not find attributes for abner (Real Betis Balompié S.A.D., 2022)
[4031396] Failed to build match row: Real Betis Balompié S.A.D. vs Manchester United Football Club
Not enough players found for lineup: 11, 0.
[4452393] Failed to scrape lineup: https://www.transfermarkt.co.uk/spielbericht/index/spielbericht/4452393
[4530573] Could not find attributes for svend brodersen (Fagiano Okayama Sports Club, 2024)
[4530573] Failed to build match row: Fagiano Okayama Sports Club vs Cerezo Osaka
[3707324] Failed to scrape lineup: https://www.transfermarkt.co.uk/spielbericht/index/spielbericht/3707324
[4407772] Failed to scrape lineup: https://www.transfermarkt.co.uk/valencia-cf_cd-leganes/index/spielbericht/4407772

Keepers & outfield error for **Málaga CF** in Málaga CF vs Granada CF: Numbers: 4 and 7.
[3506749] Failed to build match row: Málaga CF vs Granada CF
[4727988] Could not find attributes for pavel panev (PSK Dinskaya, 2025)
[3450643] Failed to scrape lineup: https://www.transfermarkt.co.uk/sc-heerenveen_psv-eindhoven/index/spielbericht/3450643
[4727988] Failed to build match row: PSK Dinskaya vs Ural Yekaterinburg
[4363389] Could not find attributes for jakub lapes (MFK Karvina, 2024)
[3852660] Failed to scrape lineup: https://www.transfermarkt.co.uk/fc-utrecht_excelsior-rotterdam/index/spielbericht/3852660
[4363389] Failed to build match row: MFK Karvina vs FK Pardubice
[4514555] Could not find attributes for matthew edwards (Atlanta United Football Club, 2024)
[4514555] Failed to build match row: Atlanta United Football Club vs Football Club Cincinnati
[4670220] Could not find attributes for miomir djurickovic (Buducnost Podgorica, 2025)
[3651092] Failed to scrape lineup: https://www.transfermarkt.co.uk/spielbericht/index/spielbericht/3651092

Keepers & outfield error for **Football Club Volendam** in RKC Waalwijk vs Football Club Volendam: Numbers: 2 and 9.
[4624849] Failed to scrape lineup: https://www.transfermarkt.co.uk/gornik-zabrze_rakow-czestochowa/index/spielbericht/4624849
[4097985] Failed to build match row: RKC Waalwijk vs Football Club Volendam
[4373384] Failed to scrape lineup: https://www.transfermarkt.co.uk/vfb-stuttgart_tsg-1899-hoffenheim/index/spielbericht/4373384
[4670220] Failed to build match row: Buducnost Podgorica vs FC Milsami Orhei
[3869302] Failed to scrape lineup: https://www.transfermarkt.co.uk/gil-vicente-fc_sl-benfica/index/spielbericht/3869302
[3432204] Failed to scrape lineup: https://www.transfermarkt.co.uk/moreirense-fc_vitoria-guimaraes-sc/index/spielbericht/3432204
[4620658] Could not find attributes for efthymios koulouris (Morski Klub Sportowy Pogoń Szczecin, 2025)
[4620658] Failed to build match row: Morski Klub Sportowy Pogoń Szczecin vs Klub Sportowy Górnik Zabrze Sportowa Spółka Akcyjna
[4641618] Could not find attributes for lushendry martes (Sparta Rotterdam, 2025)
[4641618] Failed to build match row: Sparta Rotterdam vs Football Club Groningen

Keepers & outfield error for **Girona Fútbol Club S. A. D.** in Valencia Club de Fútbol S. A. D. vs Girona Fútbol Club S. A. D.: Numbers: 0 and 11.
[4120657] Could not find attributes for oleksandr bandura (FC Minaj, 2023)
[3844097] Failed to build match row: Valencia Club de Fútbol S. A. D. vs Girona Fútbol Club S. A. D.
[4120657] Failed to build match row: FC Minaj vs NK Veres Rivne
[3602503] Could not find attributes for ruslan litvinov (FK Spartak Moskva, 2021)
[4233207] Could not find attributes for sean crighton (Dumbarton FC, 2023)
[3602503] Failed to build match row: FK Spartak Moskva vs FK Rostov
[4233207] Failed to build match row: Dumbarton FC vs Rangers Football Club
[4626842] Could not find attributes for kamo hovhannisyan (FC Ararat-Armenia, 2025)
[4626842] Failed to build match row: Asociația Sportivă Fotbal Club Universitatea Cluj vs FC Ararat-Armenia
[3934688] Failed to scrape lineup: https://www.transfermarkt.co.uk/spielbericht/index/spielbericht/3934688
[3612904] Could not find attributes for burak bekaroglu (Fatih Karagümrük Sportif Faaliyetler San. Tic. A.Ş., 2021)
[3612904] Failed to build match row: Fatih Karagümrük Sportif Faaliyetler San. Tic. A.Ş. vs İstanbul Başakşehir Futbol Kulübü
[4097986] Failed to scrape lineup: https://www.transfermarkt.co.uk/psv-eindhoven_fortuna-sittard/index/spielbericht/4097986
[4646344] Could not find attributes for uchenna ogundu (Alanyaspor, 2025)
[4646344] Failed to build match row: Fenerbahçe Spor Kulübü vs Alanyaspor
[4624850] Failed to scrape lineup: https://www.transfermarkt.co.uk/jagiellonia-bialystok_piast-gliwice/index/spielbericht/4624850
[4620659] Failed to scrape lineup: https://www.transfermarkt.co.uk/cracovia_widzew-lodz/index/spielbericht/4620659
[3507074] Failed to scrape lineup: https://www.transfermarkt.co.uk/ofi-crete-fc_asteras-tripolis/index/spielbericht/3507074
[4407773] Failed to scrape lineup: https://www.transfermarkt.co.uk/real-sociedad_rcd-espanyol-barcelona/index/spielbericht/4407773
[3619412] Failed to scrape lineup: https://www.transfermarkt.co.uk/spielbericht/index/spielbericht/3619412
[4670221] Failed to scrape lineup: https://www.transfermarkt.co.uk/spielbericht/index/spielbericht/4670221
[3852661] Failed to scrape lineup: https://www.transfermarkt.co.uk/feyenoord-rotterdam_nec-nijmegen/index/spielbericht/3852661
[4514558] Failed to scrape lineup: https://www.transfermarkt.co.uk/d-c-united_new-england-revolution/index/spielbericht/4514558
[3588586] Could not find attributes for jeff chabot (1. Fußball-Club Köln, 2021)
[3588586] Failed to build match row: 1. Fußball-Club Köln vs 1. Fußball- und Sportverein Mainz 05
[4641619] Failed to scrape lineup: https://www.transfermarkt.co.uk/psv-eindhoven_fortuna-sittard/index/spielbericht/4641619

Keepers & outfield error for **Association Football Club Bournemouth** in Association Football Club Bournemouth vs Leeds United Association Football Club: Numbers: 0 and 11.
[3838647] Failed to build match row: Association Football Club Bournemouth vs Leeds United Association Football Club
[4120658] Failed to scrape lineup: https://www.transfermarkt.co.uk/vorskla-poltava_metalist-1925-kharkiv/index/spielbericht/4120658
[3707326] Could not find attributes for hassane adamou (Atlético Sanluqueño CF, 2021)
[3707326] Failed to build match row: Atlético Sanluqueño CF vs Villarreal Club de Fútbol S.A.D.
[4376372] Could not find attributes for sergey volkov (Akron Togliatti, 2024)
[4376372] Failed to build match row: Akron Togliatti vs FC Rubin Kazan
[4626843] Failed to scrape lineup: https://www.transfermarkt.co.uk/spielbericht/index/spielbericht/4626843
[3934689] Failed to scrape lineup: https://www.transfermarkt.co.uk/spielbericht/index/spielbericht/3934689
[4363390] Could not find attributes for martin janacek (SK Dynamo Ceske Budejovice, 2024)
[4363390] Failed to build match row: SK Dynamo Ceske Budejovice vs SK Slavia Praha, a.s.
[4794801] Failed to scrape lineup: https://www.transfermarkt.co.uk/fk-bodo-glimt_ik-start/index/spielbericht/4794801
[3651093] Failed to scrape lineup: https://www.transfermarkt.co.uk/spielbericht/index/spielbericht/3651093
[4727989] Could not find attributes for denis davydov (Tekstilshchik Ivanovo, 2025)
[4727989] Failed to build match row: Tekstilshchik Ivanovo vs Fakel Voronezh
[4097987] Failed to scrape lineup: https://www.transfermarkt.co.uk/az-alkmaar_sc-heerenveen/index/spielbericht/4097987
[4646345] Failed to scrape lineup: https://www.transfermarkt.co.uk/caykur-rizespor_goztepe/index/spielbericht/4646345

Keepers & outfield error for **Manchester City Football Club** in Manchester City Football Club vs Fudbalski klub Crvena zvezda Beograd: Numbers: 0 and 11.
[4171305] Failed to build match row: Manchester City Football Club vs Fudbalski klub Crvena zvezda Beograd
[3619414] Failed to scrape lineup: https://www.transfermarkt.co.uk/spielbericht/index/spielbericht/3619414
[4396698] Could not find attributes for jeremy livolant (Casa Pia Atlético Clube, 2024)
[4396698] Failed to build match row: Clube Desportivo Santa Clara vs Casa Pia Atlético Clube
[4407774] Failed to scrape lineup: https://www.transfermarkt.co.uk/atletico-de-madrid_rcd-mallorca/index/spielbericht/4407774
[4514559] Failed to scrape lineup: https://www.transfermarkt.co.uk/inter-miami-cf_cf-montreal/index/spielbericht/4514559
[3588587] Failed to scrape lineup: https://www.transfermarkt.co.uk/vfl-bochum_bayer-04-leverkusen/index/spielbericht/3588587
[3507075] Could not find attributes for marios siampanis (Aris Thessalonikis, 2020)
[3597868] Failed to scrape lineup: https://www.transfermarkt.co.uk/heracles-almelo_ajax-amsterdam/index/spielbericht/3597868
[3507075] Failed to build match row: Aris Thessalonikis vs Athlitiki Enosi Larisas
[3602504] Could not find attributes for egor sorokin (FK Krasnodar, 2021)
[3602504] Failed to build match row: FK Krasnodar vs PFK Krylya Sovetov Samara
[4367872] Could not find attributes for matteo dams (Eindhovense Voetbalvereniging Philips Sport Vereniging, 2024)
[4367872] Failed to build match row: Football Club Utrecht vs Eindhovense Voetbalvereniging Philips Sport Vereniging
[4376373] Failed to scrape lineup: https://www.transfermarkt.co.uk/dinamo-makhachkala_akhmat-grozny/index/spielbericht/4376373
[3935071] Failed to scrape lineup: https://www.transfermarkt.co.uk/spielbericht/index/spielbericht/3935071
[3707327] Failed to scrape lineup: https://www.transfermarkt.co.uk/spielbericht/index/spielbericht/3707327
[3415408] Could not find attributes for anthony musaba (Cercle Brugge Koninklijke Sportvereniging, 2020)
[3415408] Failed to build match row: Cercle Brugge Koninklijke Sportvereniging vs Royal Standard Club de Liège
[4363391] Failed to scrape lineup: https://www.transfermarkt.co.uk/1-fc-slovacko_fk-mlada-boleslav/index/spielbericht/4363391
[4798248] Failed to scrape lineup: https://www.transfermarkt.co.uk/ca-aldosivi_defensa-y-justicia/index/spielbericht/4798248
[3426887] Could not find attributes for atiba hutchinson (Beşiktaş Jimnastik Kulübü, 2020)
[3426887] Failed to build match row: Fenerbahçe Spor Kulübü vs Beşiktaş Jimnastik Kulübü
[3651094] Failed to scrape lineup: https://www.transfermarkt.co.uk/spielbericht/index/spielbericht/3651094
[3619419] Failed to scrape lineup: https://www.transfermarkt.co.uk/spielbericht/index/spielbericht/3619419
[4709466] Could not find attributes for nabil dunga (Al-Najma Sport Club, 2025)
[4709466] Failed to build match row: Al-Najma Sport Club vs Al-Kholood Club
[4129772] Could not find attributes for altin zeqiri (Çaykur Rizespor Kulübü, 2023)
[4129772] Failed to build match row: Pendikspor vs Çaykur Rizespor Kulübü
[4810936] Could not find attributes for yannick bolasie (Associação Chapecoense de Futebol, 2025)
[4452937] Failed to scrape lineup: https://www.transfermarkt.co.uk/spielbericht/index/spielbericht/4452937
[4810936] Failed to build match row: Associação Chapecoense de Futebol vs S. A. F. Botafogo
[4425141] Could not find attributes for kota mizunuma (Newcastle United Jets Football Club, 2024)
[4425141] Failed to build match row: Newcastle United Jets Football Club vs Central Coast Mariners Football Club
[3597869] Failed to scrape lineup: https://www.transfermarkt.co.uk/go-ahead-eagles_fortuna-sittard/index/spielbericht/3597869

Keepers & outfield error for **Associazione Sportiva Roma** in Real Sociedad de Fútbol S.A.D. vs Associazione Sportiva Roma: Numbers: 0 and 11.
[4376374] Failed to scrape lineup: https://www.transfermarkt.co.uk/rubin-kazan_dinamo-makhachkala/index/spielbericht/4376374
[4031397] Failed to build match row: Real Sociedad de Fútbol S.A.D. vs Associazione Sportiva Roma
[3450644] Could not find attributes for armando broja (Vitesse Arnhem, 2020)
[3450644] Failed to build match row: Vitesse Arnhem vs Football Club Groningen
[4361286] Failed to scrape lineup: https://www.transfermarkt.co.uk/legia-warszawa_puszcza-niepolomice/index/spielbericht/4361286
[3602505] Failed to scrape lineup: https://www.transfermarkt.co.uk/rubin-kazan_cska-moscow/index/spielbericht/3602505
[3426888] Failed to scrape lineup: https://www.transfermarkt.co.uk/basaksehir-fk_denizlispor/index/spielbericht/3426888
[3935072] Failed to scrape lineup: https://www.transfermarkt.co.uk/spielbericht/index/spielbericht/3935072
[4798249] Failed to scrape lineup: https://www.transfermarkt.co.uk/ca-boca-juniors_club-deportivo-riestra/index/spielbericht/4798249
[4363392] Failed to scrape lineup: https://www.transfermarkt.co.uk/fk-jablonec_fc-banik-ostrava/index/spielbericht/4363392
[4670222] Could not find attributes for harrison mcgahey (The New Saints, 2025)
[4670222] Failed to build match row: The New Saints vs FC Differdange 03
[3651095] Failed to scrape lineup: https://www.transfermarkt.co.uk/spielbericht/index/spielbericht/3651095
[3619420] Failed to scrape lineup: https://www.transfermarkt.co.uk/spielbericht/index/spielbericht/3619420
[4624852] Failed to scrape lineup: https://www.transfermarkt.co.uk/radomiak-radom_legia-warszawa/index/spielbericht/4624852
[3707328] Could not find attributes for brimah razak (Linares Deportivo, 2021)
[4129773] Failed to scrape lineup: https://www.transfermarkt.co.uk/besiktas-jk_hatayspor/index/spielbericht/4129773
[3707328] Failed to build match row: Linares Deportivo vs Alaves
[4452938] Failed to scrape lineup: https://www.transfermarkt.co.uk/spielbericht/index/spielbericht/4452938
[4094844] Failed to scrape lineup: https://www.transfermarkt.co.uk/rc-lens_clermont-foot-63/index/spielbericht/4094844
[4709467] Failed to scrape lineup: https://www.transfermarkt.co.uk/al-hazem-sc_al-okhdood-club/index/spielbericht/4709467

Keepers & outfield error for **Sporting Clube de Portugal** in Sporting Clube de Portugal vs SC Farense: Numbers: 0 and 11.
[4810937] Failed to scrape lineup: https://www.transfermarkt.co.uk/fluminense-football-club_cr-flamengo/index/spielbericht/4810937
[4396699] Failed to build match row: Sporting Clube de Portugal vs SC Farense
[4104073] Could not find attributes for tobias christiansen (Alleröd FK, 2023)
[4104073] Failed to build match row: Alleröd FK vs Vanlöse IF
[4425142] Could not find attributes for yuto misao (Perth Glory Football Club, 2024)
[4425142] Failed to build match row: Perth Glory Football Club vs Adelaide United Football Club
[3852662] Could not find attributes for thijmen blokzijl (Football Club Groningen, 2022)

Keepers & outfield error for **Gil Vicente Futebol Clube** in Gil Vicente Futebol Clube vs Sporting Clube de Braga: Numbers: 0 and 11.
[3852662] Failed to build match row: Football Club Groningen vs SC Cambuur Leeuwarden
[3432205] Failed to build match row: Gil Vicente Futebol Clube vs Sporting Clube de Braga
[4367873] Could not find attributes for suf podgoreanu (Heracles Almelo, 2024)
[4367873] Failed to build match row: Alkmaar Zaanstreek vs Heracles Almelo
[4530574] Could not find attributes for keisuke osako (Sanfrecce Hiroshima, 2024)
[4626845] Could not find attributes for azbe jug (NK Maribor, 2025)
[4530574] Failed to build match row: Sanfrecce Hiroshima vs Tokyo Football Club
[4626845] Failed to build match row: NK Maribor vs Paksi FC

Keepers & outfield error for **Futebol Clube do Porto** in Futebol Clube do Porto vs Boavista FC: Numbers: 0 and 11.
[3869303] Failed to build match row: Futebol Clube do Porto vs Boavista FC
[3507076] Could not find attributes for boris kleyman (Volou Neos Podosferikos Syllogos, 2020)
[3507076] Failed to build match row: Volou Neos Podosferikos Syllogos vs Panathinaikos Athlitikos Omilos
[4514560] Could not find attributes for mohammed sofo (Red Bull New York, 2024)
[4120659] Could not find attributes for andriy klishchuk (FK Kryvbas Kryvyi Rig, 2023)
[4514560] Failed to build match row: Red Bull New York vs Charlotte Football Club
[4120659] Failed to build match row: FK Kryvbas Kryvyi Rig vs SC Dnipro-1
[3612906] Could not find attributes for munir el kajoui (Hatayspor, 2021)
[3612906] Failed to build match row: Yeni Malatyaspor vs Hatayspor

Keepers & outfield error for **Manchester City Football Club** in RasenBallsport Leipzig vs Manchester City Football Club: Numbers: 0 and 11.
[4171307] Failed to build match row: RasenBallsport Leipzig vs Manchester City Football Club
[4727990] Failed to scrape lineup: https://www.transfermarkt.co.uk/spielbericht/index/spielbericht/4727990
[3415409] Could not find attributes for osman bukari (Koninklijke Atletiek Associatie Gent, 2020)
[3415409] Failed to build match row: Koninklijke Atletiek Associatie Gent vs Royal Antwerp Football Club
[4361287] Failed to scrape lineup: https://www.transfermarkt.co.uk/stal-mielec_pogon-szczecin/index/spielbericht/4361287
[4635246] Could not find attributes for seny koumbassa (Toulouse Football Club, 2025)
[4635246] Failed to build match row: Toulouse Football Club vs Football Club Lorient-Bretagne Sud
[3426889] Failed to scrape lineup: https://www.transfermarkt.co.uk/gaziantep-fk_yeni-malatyaspor/index/spielbericht/3426889
[4031398] Could not find attributes for dmytro kryskiv (FC Shakhtar Donetsk, 2022)
[4031398] Failed to build match row: Feyenoord Rotterdam vs FC Shakhtar Donetsk
[4376375] Could not find attributes for igor akinfeev (PFK CSKA Moskva, 2024)
[4376375] Failed to build match row: PFK CSKA Moskva vs Akron Togliatti
[3602506] Could not find attributes for anton kochenkov (Arsenal Tula, 2021)
[3602506] Failed to build match row: Arsenal Tula vs FK Sochi

Keepers & outfield error for **Manchester United Football Club** in Atalanta Bergamasca Calcio S.p.a. vs Manchester United Football Club: Numbers: 2 and 9.
[3651096] Failed to build match row: Atalanta Bergamasca Calcio S.p.a. vs Manchester United Football Club
[4620684] Failed to scrape lineup: https://www.transfermarkt.co.uk/atalanta-bc_pisa-sporting-club/index/spielbericht/4620684
[4171316] Failed to scrape lineup: https://www.transfermarkt.co.uk/spielbericht/index/spielbericht/4171316

Keepers & outfield error for **Club Atlético Independiente de Avellaneda** in Club Atlético Independiente de Avellaneda vs Club Estudiantes de La Plata: Numbers: 2 and 9.
[3426890] Failed to scrape lineup: https://www.transfermarkt.co.uk/konyaspor_buyuksehir-belediye-erzurumspor/index/spielbericht/3426890
[4798250] Failed to build match row: Club Atlético Independiente de Avellaneda vs Club Estudiantes de La Plata
[4709468] Could not find attributes for kewin (Damac Football Club, 2025)
[4635247] Could not find attributes for senny mayulu (Paris Saint-Germain Football Club, 2025)
[4635247] Failed to build match row: Olympique Gymnaste Club Nice Côte d'Azur vs Paris Saint-Germain Football Club
[4709468] Failed to build match row: Damac Football Club vs Al-Taawoun Football Club
[4810938] Could not find attributes for alexander barboza (S. A. F. Botafogo, 2025)
[4810938] Failed to build match row: S. A. F. Botafogo vs Coritiba Foot Ball Club
[3450645] Could not find attributes for donis avdijaj (FC Emmen, 2020)
[3450645] Failed to build match row: FC Emmen vs Vitesse Arnhem
[4120660] Could not find attributes for mykyta turbayevskyi (FC Zorya Lugansk, 2023)
[4120660] Failed to build match row: FC Zorya Lugansk vs FK Polissya Zhytomyr
[4233208] Could not find attributes for colin williamson (Brora Rangers FC, 2023)
[4233208] Failed to build match row: Brora Rangers FC vs Cove Rangers FC

Keepers & outfield error for **Grupo Desportivo Estoril Praia** in Grupo Desportivo Estoril Praia vs Clube Desportivo Santa Clara: Numbers: 2 and 9.
[3869304] Failed to build match row: Grupo Desportivo Estoril Praia vs Clube Desportivo Santa Clara

Keepers & outfield error for **Real Betis Balompié S.A.D.** in Real Betis Balompié S.A.D. vs Valencia Club de Fútbol S. A. D.: Numbers: 2 and 9.
[3844549] Failed to build match row: Real Betis Balompié S.A.D. vs Valencia Club de Fútbol S. A. D.

Keepers & outfield error for **Nooit Opgeven Altijd Doorzetten Aangenaam Door Vermaak En Nuttig Door Ontspanning Combinatie Breda** in Nooit Opgeven Altijd Doorzetten Aangenaam Door Vermaak En Nuttig Door Ontspanning Combinatie Breda vs Go Ahead Eagles: Numbers: 2 and 9.
[4641621] Failed to build match row: Nooit Opgeven Altijd Doorzetten Aangenaam Door Vermaak En Nuttig Door Ontspanning Combinatie Breda vs Go Ahead Eagles
[3597870] Failed to scrape lineup: https://www.transfermarkt.co.uk/sc-heerenveen_vitesse-arnhem/index/spielbericht/3597870
[4361288] Could not find attributes for assad al hamlawi (Slask Wroclaw, 2024)
[4361288] Failed to build match row: Slask Wroclaw vs Widzew Łódź Spółka Akcyjna
[4514561] Could not find attributes for femi awodesu (Houston Dynamo, 2024)
[4514561] Failed to build match row: New York City Football Club vs Houston Dynamo
[3432206] Could not find attributes for moatasem al musrati (Sporting Clube de Braga, 2020)
Not enough players found for lineup: 10, 11.
[3432206] Failed to build match row: Sporting Clube de Braga vs Futebol Clube do Porto
[4104075] Failed to scrape lineup: https://www.transfermarkt.co.uk/spielbericht/index/spielbericht/4104075
[3507077] Could not find attributes for Muamer Tankovic (Athlitiki Enosi Konstantinoupoleos, 2020)
[3507077] Failed to build match row: Athlitiki Enosi Konstantinoupoleos vs PAS Giannina
[3852663] Could not find attributes for florent sanchez (Football Club Volendam, 2022)
[3935073] Failed to scrape lineup: https://www.transfermarkt.co.uk/spielbericht/index/spielbericht/3935073
[3612907] Could not find attributes for yunus akgun (Adana Demirspor, 2021)
[3852663] Failed to build match row: AFC Ajax Amsterdam vs Football Club Volendam
[3612907] Failed to build match row: Antalyaspor vs Adana Demirspor
[4396700] Could not find attributes for sandro cruz (Gil Vicente Futebol Clube, 2024)
[4396700] Failed to build match row: Gil Vicente Futebol Clube vs Grupo Desportivo Estoril Praia
[4120661] Could not find attributes for kiril fesyun (FK Kolos Kovalivka, 2023)
[4425144] Could not find attributes for lucas herrington (Brisbane Roar FC, 2024)
[4530576] Could not find attributes for ryosuke kojima (Hitachi Kashiwa Reysol, 2024)
[3890054] Failed to scrape lineup: https://www.transfermarkt.co.uk/dundee-united-fc_celtic-fc/index/spielbericht/3890054
[4530576] Failed to build match row: Hitachi Kashiwa Reysol vs Yokohama FC
[4425144] Failed to build match row: Brisbane Roar FC vs Macarthur South West Sydney (A-League)
[4094846] Could not find attributes for daler kuzyaev (Le Havre Athletic Club, 2023)
[4120661] Failed to build match row: FK Kolos Kovalivka vs Futbolniy Klub Dynamo Kyiv
[4641622] Could not find attributes for remko pasveer (AFC Ajax Amsterdam, 2025)
[4361289] Could not find attributes for jaroslaw jach (Zagłębie Lubin Spółka Akcyjna, 2024)
[4094846] Failed to build match row: Le Havre Athletic Club vs Football Club de Metz
[4641622] Failed to build match row: AFC Ajax Amsterdam vs Sportclub Heerenveen
[4361289] Failed to build match row: Zagłębie Lubin Spółka Akcyjna vs Klub Sportowy Lechia Gdańsk
[4376376] Could not find attributes for evgeniy latyshonok (AO FK Zenit Sankt-Peterburg, 2024)
[4376376] Failed to build match row: AO FK Zenit Sankt-Peterburg vs FK Spartak Moskva
[4514562] Could not find attributes for frankie westfield (Philadelphia Union, 2024)
[4514562] Failed to build match row: Toronto FC vs Philadelphia Union
[3432207] Could not find attributes for mansur (Clube Desportivo Santa Clara, 2020)
[3432207] Failed to build match row: Clube Desportivo Santa Clara vs Boavista FC
[4104078] Could not find attributes for frederik norgaard (Odder IGF, 2023)
[4104078] Failed to build match row: Odder IGF vs Skive IK
[4367875] Could not find attributes for davy klaassen (AFC Ajax Amsterdam, 2024)
[4031399] Failed to scrape lineup: https://www.transfermarkt.co.uk/spielbericht/index/spielbericht/4031399
[4367875] Failed to build match row: Nijmegen Eendracht Combinatie vs AFC Ajax Amsterdam
[3602507] Failed to scrape lineup: https://www.transfermarkt.co.uk/fc-nizhniy-novgorod_lokomotiv-moscow/index/spielbericht/3602507
[3651097] Failed to scrape lineup: https://www.transfermarkt.co.uk/spielbericht/index/spielbericht/3651097
[4620685] Failed to scrape lineup: https://www.transfermarkt.co.uk/cagliari-calcio_acf-fiorentina/index/spielbericht/4620685
[4646346] Could not find attributes for dorukhan tokoz (Kayserispor Kulübü, 2025)
[4646346] Failed to build match row: Kayserispor Kulübü vs Beşiktaş Jimnastik Kulübü
[4727991] Could not find attributes for aleksandr kasyanenko (Broke Boys Moscow, 2025)
[4727991] Failed to build match row: Broke Boys Moscow vs Sokol Saratov
[4129775] Failed to scrape lineup: https://www.transfermarkt.co.uk/caykur-rizespor_kasimpasa/index/spielbericht/4129775
[4171317] Failed to scrape lineup: https://www.transfermarkt.co.uk/spielbericht/index/spielbericht/4171317
[3426891] Failed to scrape lineup: https://www.transfermarkt.co.uk/antalyaspor_mke-ankaragucu/index/spielbericht/3426891
[4798251] Failed to scrape lineup: https://www.transfermarkt.co.uk/ca-talleres_ca-newells-old-boys/index/spielbericht/4798251

Keepers & outfield error for **Club Football Estrela da Amadora** in Club Football Estrela da Amadora vs Sport Lisboa e Benfica: Numbers: 2 and 9.
[4425145] Could not find attributes for luis felipe gallegos (Auckland Football Club, 2024)
[4396701] Failed to build match row: Club Football Estrela da Amadora vs Sport Lisboa e Benfica
[4425145] Failed to build match row: Auckland Football Club vs Western Sydney Wanderers
[4635248] Failed to scrape lineup: https://www.transfermarkt.co.uk/olympique-marseille_losc-lille/index/spielbericht/4635248
[3869306] Could not find attributes for paulinho (CS Marítimo, 2022)
[3869306] Failed to build match row: CS Marítimo vs Rio Ave Futebol Clube
[4709469] Failed to scrape lineup: https://www.transfermarkt.co.uk/al-ittihad-club_al-fayha-fc/index/spielbericht/4709469
[3619421] Failed to scrape lineup: https://www.transfermarkt.co.uk/spielbericht/index/spielbericht/3619421
[4670223] Failed to scrape lineup: https://www.transfermarkt.co.uk/spielbericht/index/spielbericht/4670223
[3838650] Failed to scrape lineup: https://www.transfermarkt.co.uk/southampton-fc_afc-bournemouth/index/spielbericht/3838650
[4810939] Failed to scrape lineup: https://www.transfermarkt.co.uk/santos-fc_clube-atletico-mineiro/index/spielbericht/4810939
[4452939] Could not find attributes for nick van den dam (VV DOVO Veenendaal, 2024)
[4452939] Failed to build match row: VV DOVO Veenendaal vs SVV Scheveningen
[4120662] Could not find attributes for dmytro ledviy (FC Rukh Lviv, 2023)
[4120662] Failed to build match row: FC Rukh Lviv vs FC Oleksandriya
[3462159] Could not find attributes for lars hutten (TOP Oss, 2020)
[3462159] Failed to build match row: Sportclub Heerenveen vs TOP Oss
[4367876] Could not find attributes for thom haye (Almere City FC, 2024)
[4367876] Failed to build match row: Almere City FC vs Nijmegen Eendracht Combinatie
[4646347] Could not find attributes for wagner pina (Trabzonspor Kulübü, 2025)
[4646347] Failed to build match row: Kasımpaşa A.Ş. vs Trabzonspor Kulübü
[3844550] Failed to scrape lineup: https://www.transfermarkt.co.uk/rcd-mallorca_rayo-vallecano/index/spielbericht/3844550
[4530580] Could not find attributes for togo umeda (S-Pulse, 2024)
[4530580] Failed to build match row: S-Pulse vs Tokyo Verdy
[4727992] Could not find attributes for aleksandr stenyakin (Kuban Holding Pavlovskaya, 2025)
[4727992] Failed to build match row: Kuban Holding Pavlovskaya vs Volga Uljanovsk
[4034841] Could not find attributes for giorgiy shelia (RFK Akhmat Grozny, 2022)
[4034841] Failed to build match row: RFK Akhmat Grozny vs FK Krasnodar
[4171319] Could not find attributes for omri glazer (Fudbalski klub Crvena zvezda Beograd, 2023)
[4171319] Failed to build match row: RasenBallsport Leipzig vs Fudbalski klub Crvena zvezda Beograd
[3426892] Could not find attributes for lewis baker (Trabzonspor Kulübü, 2020)
[3426892] Failed to build match row: Trabzonspor Kulübü vs Sivasspor
[3602508] Could not find attributes for aleksandr belenov (FK Ufa, 2021)
[3602508] Failed to build match row: FK Ufa vs RFK Akhmat Grozny
[3507078] Failed to scrape lineup: https://www.transfermarkt.co.uk/pas-lamia-1964_apollon-smyrnis/index/spielbericht/3507078
[3415411] Failed to scrape lineup: https://www.transfermarkt.co.uk/kv-oostende-2024-_kv-kortrijk/index/spielbericht/3415411
[3450646] Could not find attributes for jari vlak (FC Emmen, 2020)
[3707329] Could not find attributes for eudald verges (FC Andorra, 2021)
[3935074] Failed to scrape lineup: https://www.transfermarkt.co.uk/spielbericht/index/spielbericht/3935074
[3707329] Failed to build match row: FC Andorra vs Celta
[3612908] Failed to scrape lineup: https://www.transfermarkt.co.uk/kayserispor_trabzonspor/index/spielbericht/3612908
[3450646] Failed to build match row: FC Emmen vs Eindhovense Voetbalvereniging Philips Sport Vereniging
[3852664] Failed to scrape lineup: https://www.transfermarkt.co.uk/rkc-waalwijk_fc-emmen/index/spielbericht/3852664
[3588591] Failed to scrape lineup: https://www.transfermarkt.co.uk/1-fc-union-berlin_eintracht-frankfurt/index/spielbericht/3588591
[3462160] Could not find attributes for xander lambrix (Roda JC Kerkrade, 2020)
[3462160] Failed to build match row: Roda JC Kerkrade vs Fortuna Sittardia Combinatie
[4641623] Failed to scrape lineup: https://www.transfermarkt.co.uk/sc-telstar_excelsior-rotterdam/index/spielbericht/4641623
[4233209] Could not find attributes for paddy martin (Bonnyrigg Rose FC, 2023)
[4361290] Failed to scrape lineup: https://www.transfermarkt.co.uk/arsenal-fc_brighton-amp-hove-albion/index/spielbericht/4361290
[4097989] Could not find attributes for yannick leliendal (Football Club Utrecht, 2023)
[4233209] Failed to build match row: Bonnyrigg Rose FC vs Falkirk Football & Athletic Club
[4097989] Failed to build match row: Football Club Utrecht vs AFC Ajax Amsterdam

Keepers & outfield error for **Al-Shabab Club** in Al-Shabab Club vs Al-Ahli Saudi Football Club: Numbers: 0 and 11.
[4376377] Failed to scrape lineup: https://www.transfermarkt.co.uk/fakel-voronezh_fc-orenburg/index/spielbericht/4376377
[4709470] Failed to build match row: Al-Shabab Club vs Al-Ahli Saudi Football Club
[4514565] Failed to scrape lineup: https://www.transfermarkt.co.uk/seattle-sounders-fc_san-diego-fc/index/spielbericht/4514565
[4626848] Could not find attributes for sebastian john (KÍ Klaksvík, 2025)
[4649039] Failed to scrape lineup: https://www.transfermarkt.co.uk/cfr-cluj_fcv-farul-constanta/index/spielbericht/4649039
[4626848] Failed to build match row: KÍ Klaksvík vs FK Radnički 1923 Kragujevac
[4810940] Could not find attributes for raniele (Sport Club Corinthians Paulista, 2025)
[4810940] Failed to build match row: Sport Club Corinthians Paulista vs Sociedade Esportiva Palmeiras
[3432208] Failed to scrape lineup: https://www.transfermarkt.co.uk/cd-santa-clara_moreirense-fc/index/spielbericht/3432208
[3597872] Failed to scrape lineup: https://www.transfermarkt.co.uk/sparta-rotterdam_feyenoord-rotterdam/index/spielbericht/3597872
[4373385] Failed to scrape lineup: https://www.transfermarkt.co.uk/eintracht-frankfurt_bayern-munich/index/spielbericht/4373385
[4452940] Could not find attributes for maarten de fockert (VV SteDoCo, 2024)
[4452940] Failed to build match row: VV SteDoCo vs VV IJsselmeervogels

Keepers & outfield error for **Newcastle United Football Club** in Everton Football Club vs Newcastle United Football Club: Numbers: 2 and 9.
[3838652] Failed to build match row: Everton Football Club vs Newcastle United Football Club
[4624854] Could not find attributes for mateusz klich (Klub Sportowy Cracovia Spółka Akcyjna, 2025)
[4097990] Could not find attributes for robin propper (Football Club Twente, 2023)
[4624854] Failed to build match row: Klub Sportowy Cracovia Spółka Akcyjna vs GKS GieKSa Katowice Spółka Akcyjna
[4097990] Failed to build match row: Heracles Almelo vs Football Club Twente
[4727993] Could not find attributes for renat malomusov (FC Astrakhan, 2025)
[4727993] Failed to build match row: FC Astrakhan vs Chernomorets Novorossijsk
[3450647] Could not find attributes for ahmed touba (RKC Waalwijk, 2020)
[3450647] Failed to build match row: RKC Waalwijk vs Sportclub Heerenveen

Keepers & outfield error for **Colorado Rapids** in Portland Timbers vs Colorado Rapids: Numbers: 0 and 11.
[4514568] Failed to build match row: Portland Timbers vs Colorado Rapids
[4810941] Could not find attributes for reinaldo (Mirasol Futebol Clube, 2025)
[4810941] Failed to build match row: Mirasol Futebol Clube vs Esporte Clube Bahia
[4646348] Failed to scrape lineup: https://www.transfermarkt.co.uk/konyaspor_gaziantep-fk/index/spielbericht/4646348
[3890056] Failed to scrape lineup: https://www.transfermarkt.co.uk/kilmarnock-fc_motherwell-fc/index/spielbericht/3890056
[3844551] Failed to scrape lineup: https://www.transfermarkt.co.uk/real-sociedad_sevilla-fc/index/spielbericht/3844551
[4120663] Failed to scrape lineup: https://www.transfermarkt.co.uk/chornomorets-odesa_shakhtar-donetsk/index/spielbericht/4120663
[4635249] Failed to scrape lineup: https://www.transfermarkt.co.uk/as-monaco_olympique-marseille/index/spielbericht/4635249
[3869307] Failed to scrape lineup: https://www.transfermarkt.co.uk/fc-pacos-de-ferreira_sporting-cp/index/spielbericht/3869307
[4396702] Failed to scrape lineup: https://www.transfermarkt.co.uk/moreirense-fc_sc-braga/index/spielbericht/4396702
[4361292] Failed to scrape lineup: https://www.transfermarkt.co.uk/chelsea-fc_crystal-palace/index/spielbericht/4361292
Not enough players found for lineup: 11, 0.
[4452941] Failed to scrape lineup: https://www.transfermarkt.co.uk/spielbericht/index/spielbericht/4452941
[4373386] Could not find attributes for kevin muller (1. Fußballclub Heidenheim 1846, 2024)
[4373386] Failed to build match row: 1. Fußballclub Heidenheim 1846 vs RasenBallsport Leipzig
[4624855] Could not find attributes for serafin szota (Morski Związkowy Klub Sportowy Arka Gdynia Spółka Akcyjna, 2025)
[4624855] Failed to build match row: Miejski Klub Sportowy Korona Kielce Spółka Akcyjna vs Morski Związkowy Klub Sportowy Arka Gdynia Spółka Akcyjna
[4034842] Failed to scrape lineup: https://www.transfermarkt.co.uk/spielbericht/index/spielbericht/4034842
[3426893] Failed to scrape lineup: https://www.transfermarkt.co.uk/goztepe_kayserispor/index/spielbericht/3426893
[4171320] Failed to scrape lineup: https://www.transfermarkt.co.uk/spielbericht/index/spielbericht/4171320
[4425147] Failed to scrape lineup: https://www.transfermarkt.co.uk/western-united-fc_perth-glory/index/spielbericht/4425147
[4097991] Could not find attributes for cisse sandra (Excelsior Rotterdam, 2023)
[4097991] Failed to build match row: Excelsior Rotterdam vs Prins Hendrik Ende Desespereert Nimmer Combinatie Zwolle
[3619425] Could not find attributes for patrick johansen (Avarta, 2021)
[3619425] Failed to build match row: Avarta vs FA 2000
[3450648] Could not find attributes for jamal amofa (ADO Den Haag, 2020)
[3450648] Failed to build match row: ADO Den Haag vs Heracles Almelo
[3707330] Could not find attributes for philip osei (CF Rayo Majadahonda, 2021)
[3707330] Failed to build match row: CF Rayo Majadahonda vs Málaga CF
[3602509] Failed to scrape lineup: https://www.transfermarkt.co.uk/fc-khimki_ural-yekaterinburg/index/spielbericht/3602509
[3507079] Failed to scrape lineup: https://www.transfermarkt.co.uk/olympiacos-piraeus_paok-thessaloniki/index/spielbericht/3507079
[4709471] Could not find attributes for matija gluscevic (Al-Ettifaq Football Club, 2025)
[4709471] Failed to build match row: Al-Hilal Saudi Football Club vs Al-Ettifaq Football Club
[4670224] Could not find attributes for matevz dajcar (NK Olimpija Ljubljana, 2025)
[4670224] Failed to build match row: NK Olimpija Ljubljana vs Inter Club d'Escaldes
[4646349] Could not find attributes for jonas svensson (Beşiktaş Jimnastik Kulübü, 2025)
[4646349] Failed to build match row: Beşiktaş Jimnastik Kulübü vs Eyüp Spor Kulübü

Keepers & outfield error for **Vitória Sport Clube** in Vitória Sport Clube vs FC Vizela: Numbers: 0 and 11.
[3869308] Failed to build match row: Vitória Sport Clube vs FC Vizela
[3852665] Could not find attributes for tesfaldet tekie (Go Ahead Eagles, 2022)
[3852665] Failed to build match row: Eindhovense Voetbalvereniging Philips Sport Vereniging vs Go Ahead Eagles
[4514569] Could not find attributes for tate johnson (Vancouver Whitecaps FC, 2024)
[4396703] Could not find attributes for andreas ntoi (Rio Ave Futebol Clube, 2024)
[4367878] Failed to scrape lineup: https://www.transfermarkt.co.uk/nac-breda_rkc-waalwijk/index/spielbericht/4367878
[4514569] Failed to build match row: Vancouver Whitecaps FC vs Minnesota United FC
[4396703] Failed to build match row: Rio Ave Futebol Clube vs Futebol Clube do Porto
[4233210] Failed to scrape lineup: https://www.transfermarkt.co.uk/spielbericht/index/spielbericht/4233210
[4641624] Failed to scrape lineup: https://www.transfermarkt.co.uk/heracles-almelo_pec-zwolle/index/spielbericht/4641624
[4376378] Failed to scrape lineup: https://www.transfermarkt.co.uk/akhmat-grozny_fc-khimki/index/spielbericht/4376378
[3838654] Could not find attributes for serge aurier (Nottingham Forest Football Club, 2022)

Keepers & outfield error for **Fatih Karagümrük Sportif Faaliyetler San. Tic. A.Ş.** in Fatih Karagümrük Sportif Faaliyetler San. Tic. A.Ş. vs Çaykur Rizespor Kulübü: Numbers: 0 and 11.
[3426894] Failed to build match row: Fatih Karagümrük Sportif Faaliyetler San. Tic. A.Ş. vs Çaykur Rizespor Kulübü
[3838654] Failed to build match row: Nottingham Forest Football Club vs Brighton and Hove Albion Football Club
[4425148] Could not find attributes for Max Vartuli (Adelaide United Football Club, 2024)
[4425148] Failed to build match row: Adelaide United Football Club vs Sydney Football Club
[4363393] Failed to scrape lineup: https://www.transfermarkt.co.uk/fc-hradec-kralove_fc-viktoria-plzen/index/spielbericht/4363393
[3432209] Failed to scrape lineup: https://www.transfermarkt.co.uk/sl-benfica_fc-porto/index/spielbericht/3432209
[4626849] Failed to scrape lineup: https://www.transfermarkt.co.uk/spielbericht/index/spielbericht/4626849
[4120664] Could not find attributes for oleg mozil (TOV FK Metalist 1925 Kharkiv, 2023)
[4120664] Failed to build match row: TOV FK Metalist 1925 Kharkiv vs Chornomorets Odesa
[3602510] Could not find attributes for ruslan litvinov (FK Spartak Moskva, 2021)
[3507080] Could not find attributes for christopher knett (Panetolikos Agrinio, 2020)
[3415412] Could not find attributes for xadas (Royal Excel Mouscron (-2022), 2020)
[3507080] Failed to build match row: Panetolikos Agrinio vs APS Atromitos Athinon
[3602510] Failed to build match row: FK Spartak Moskva vs Футбольный клуб "Локомотив" Москва
[3462161] Failed to scrape lineup: https://www.transfermarkt.co.uk/spielbericht/index/spielbericht/3462161
[3415412] Failed to build match row: Royal Excel Mouscron (-2022) vs Koninklijke Racing Club Genk

Keepers & outfield error for **Al-Fateh Club** in Al-Fateh Club vs Al-Nassr Football Club: Numbers: 0 and 11.
[4624856] Could not find attributes for milosz matysik (Termalica Bruk-Bet Nieciecza Klub Sportowy, 2025)
[4709472] Failed to build match row: Al-Fateh Club vs Al-Nassr Football Club
[3597875] Could not find attributes for vurnon anita (RKC Waalwijk, 2021)
[4624856] Failed to build match row: KKS Lech Poznań Spółka Akcyjna vs Termalica Bruk-Bet Nieciecza Klub Sportowy
[3597875] Failed to build match row: RKC Waalwijk vs SC Cambuur Leeuwarden
[3612910] Failed to scrape lineup: https://www.transfermarkt.co.uk/fenerbahce_kasimpasa/index/spielbericht/3612910
[4104082] Could not find attributes for nichlas naybin (Viby IF, 2023)
[4641625] Could not find attributes for ruud nijstad (Football Club Twente, 2025)
[4104082] Failed to build match row: Viby IF vs Holstebro Boldklub
[4641625] Failed to build match row: Football Club Groningen vs Football Club Twente
[4171321] Could not find attributes for omri glazer (Fudbalski klub Crvena zvezda Beograd, 2023)
[4727994] Could not find attributes for dmitriy seleznev (Kristall-MEZT Borisoglebsk, 2025)
[4171321] Failed to build match row: Fudbalski klub Crvena zvezda Beograd vs Manchester City Football Club
[4129777] Could not find attributes for ramzi safuri (Antalyaspor, 2023)
[4649041] Failed to scrape lineup: https://www.transfermarkt.co.uk/fc-rapid-1923_afc-unirea-04-slobozia/index/spielbericht/4649041
[3935075] Failed to scrape lineup: https://www.transfermarkt.co.uk/spielbericht/index/spielbericht/3935075
[4727994] Failed to build match row: Kristall-MEZT Borisoglebsk vs Torpedo Moscow
[4034843] Could not find attributes for dmitriy chistyakov (AO FK Zenit Sankt-Peterburg, 2022)
[4129777] Failed to build match row: Antalyaspor vs Adana Demirspor
[4097992] Failed to scrape lineup: https://www.transfermarkt.co.uk/go-ahead-eagles_sparta-rotterdam/index/spielbericht/4097992
[3651100] Could not find attributes for dmitriy chistyakov (AO FK Zenit Sankt-Peterburg, 2021)
[4034843] Failed to build match row: AO FK Zenit Sankt-Peterburg vs FK Dinamo Moskva
[3651100] Failed to build match row: Juventus Football Club vs AO FK Zenit Sankt-Peterburg
[4376379] Could not find attributes for roman evgenjev (PFK Krylya Sovetov Samara, 2024)
[4376379] Failed to build match row: PFK Krylya Sovetov Samara vs FK Nizhny Novgorod
[3619427] Failed to scrape lineup: https://www.transfermarkt.co.uk/spielbericht/index/spielbericht/3619427
[4396704] Could not find attributes for luis esteves (Clube Desportivo Nacional, 2024)
Not enough players found for lineup: 0, 0.
[4396704] Failed to build match row: Clube Desportivo Nacional vs Futebol Clube de Arouca
[4635251] Could not find attributes for lanroy machine (Angers Sporting Club de l'Ouest, 2025)
[4452942] Failed to scrape lineup: https://www.transfermarkt.co.uk/spielbericht/index/spielbericht/4452942
[4635251] Failed to build match row: Angers Sporting Club de l'Ouest vs Olympique Lyonnais
[4626850] Could not find attributes for aleix cistero (FC Santa Coloma, 2025)
[4626850] Failed to build match row: FC Santa Coloma vs FK Polissya Zhytomyr
[3869309] Could not find attributes for tchamba (Casa Pia Atlético Clube, 2022)
[3869309] Failed to build match row: Casa Pia Atlético Clube vs Portimonense SC
[4171322] Could not find attributes for omri glazer (Fudbalski klub Crvena zvezda Beograd, 2023)
[4171322] Failed to build match row: Fudbalski klub Crvena zvezda Beograd vs RasenBallsport Leipzig

Keepers & outfield error for **Manchester City Football Club** in Manchester City Football Club vs Club Brugge Koninklijke Voetbalvereniging: Numbers: 2 and 9.
[3651101] Failed to build match row: Manchester City Football Club vs Club Brugge Koninklijke Voetbalvereniging
[3426895] Failed to scrape lineup: https://www.transfermarkt.co.uk/galatasaray_hatayspor/index/spielbericht/3426895
[4104305] Could not find attributes for oleg mozil (TOV FK Metalist 1925 Kharkiv, 2023)
[4104305] Failed to build match row: TOV FK Metalist 1925 Kharkiv vs FC Shakhtar Donetsk
[4425149] Failed to scrape lineup: https://www.transfermarkt.co.uk/newcastle-united-jets_wellington-phoenix/index/spielbericht/4425149
[3612911] Could not find attributes for shapi suleymanov (Giresunspor, 2021)
[3612911] Failed to build match row: Göztepe Sportif Yatırımlar A.Ş. vs Giresunspor
[4363394] Failed to scrape lineup: https://www.transfermarkt.co.uk/ac-sparta-prague_fk-teplice/index/spielbericht/4363394
[4530582] Failed to scrape lineup: https://www.transfermarkt.co.uk/kyoto-sanga_kashima-antlers/index/spielbericht/4530582
[4120665] Failed to scrape lineup: https://www.transfermarkt.co.uk/lnz-cherkasy_kolos-kovalivka/index/spielbericht/4120665
[3432210] Failed to scrape lineup: https://www.transfermarkt.co.uk/fc-pacos-de-ferreira_cs-maritimo/index/spielbericht/3432210
[4034844] Could not find attributes for sergey volkov (Akron Togliatti, 2022)
[4624857] Could not find attributes for natan lawa (Morski Klub Sportowy Pogoń Szczecin, 2025)
[4094850] Failed to scrape lineup: https://www.transfermarkt.co.uk/stade-rennais-fc_stade-brestois-29/index/spielbericht/4094850
[4034844] Failed to build match row: Akron Togliatti vs Футбольный клуб "Локомотив" Москва
Not enough players found for lineup: 0, 11.
[4649042] Could not find attributes for tarek aggoun (Fotbal Club Metaloglobus București SA, 2025)
[4624857] Failed to build match row: Klub Sportowy Lechia Gdańsk vs Morski Klub Sportowy Pogoń Szczecin
[3935076] Failed to scrape lineup: https://www.transfermarkt.co.uk/spielbericht/index/spielbericht/3935076
[4649042] Failed to build match row: Fotbal Club Metaloglobus București SA vs U Craiova 1948 Club Sportiv SA

Keepers & outfield error for **Paris Saint-Germain Football Club** in RasenBallsport Leipzig vs Paris Saint-Germain Football Club: Numbers: 2 and 9.
[3651102] Failed to build match row: RasenBallsport Leipzig vs Paris Saint-Germain Football Club

Keepers & outfield error for **Villarreal Club de Fútbol S.A.D.** in Villarreal Club de Fútbol S.A.D. vs Real Valladolid CF: Numbers: 0 and 11.
[4407778] Failed to build match row: Villarreal Club de Fútbol S.A.D. vs Real Valladolid CF
[4171323] Could not find attributes for omri glazer (Fudbalski klub Crvena zvezda Beograd, 2023)
[4171323] Failed to build match row: Fudbalski klub Crvena zvezda Beograd vs Berner Sport Club Young Boys
[3462162] Failed to scrape lineup: https://www.transfermarkt.co.uk/spielbericht/index/spielbericht/3462162
[4709473] Failed to scrape lineup: https://www.transfermarkt.co.uk/al-riyadh-sc_al-khaleej-fc/index/spielbericht/4709473
[4810942] Could not find attributes for fagner (Cruzeiro Esporte Clube, 2025)
[4810942] Failed to build match row: Cruzeiro Esporte Clube vs Red Bull Bragantino
[4514570] Could not find attributes for joseph zalinsky (St. Louis City Soccer Club, 2024)
[4514570] Failed to build match row: St. Louis City Soccer Club vs San Jose Earthquakes
[4425150] Could not find attributes for kazuki nagasawa (Wellington Phoenix Football Club, 2024)
[4425150] Failed to build match row: Wellington Phoenix Football Club vs Perth Glory Football Club
[4798253] Could not find attributes for eugenio raggio (Club Atlético Platense, 2025)
[4373388] Failed to scrape lineup: https://www.transfermarkt.co.uk/fc-augsburg_borussia-monchengladbach/index/spielbericht/4373388
[4236037] Failed to scrape lineup: https://www.transfermarkt.co.uk/spielbericht/index/spielbericht/4236037
[3844554] Failed to scrape lineup: https://www.transfermarkt.co.uk/real-valladolid-cf_getafe-cf/index/spielbericht/3844554
[4798253] Failed to build match row: Club Atlético Unión vs Club Atlético Platense
[3426896] Could not find attributes for mattias johansson (Gençlerbirliği Spor Kulübü, 2020)
[3426896] Failed to build match row: Gençlerbirliği Spor Kulübü vs Alanyaspor
[4363395] Could not find attributes for lukas hulka (Bohemians Praha 1905, a.s., 2024)
[4363395] Failed to build match row: Bohemians Praha 1905, a.s. vs FK Dukla Praha a.s.
[4376380] Failed to scrape lineup: https://www.transfermarkt.co.uk/dynamo-moscow_fc-krasnodar/index/spielbericht/4376380
[4129778] Failed to scrape lineup: https://www.transfermarkt.co.uk/gaziantep-fk_fatih-karagumruk/index/spielbericht/4129778
[4727995] Failed to scrape lineup: https://www.transfermarkt.co.uk/spielbericht/index/spielbericht/4727995
[4396705] Failed to scrape lineup: https://www.transfermarkt.co.uk/cf-estrela-amadora_casa-pia-ac/index/spielbericht/4396705
[4635252] Failed to scrape lineup: https://www.transfermarkt.co.uk/fc-metz_fc-nantes/index/spielbericht/4635252
[4626851] Failed to scrape lineup: https://www.transfermarkt.co.uk/spielbericht/index/spielbericht/4626851
[4094851] Failed to build match row: Olympique de Marseille vs Racing Club de Lens
[3619428] Could not find attributes for mads dalby (B1908 Amager, 2021)
[3619428] Failed to build match row: B1908 Amager vs Nyköbing FC
[4624858] Could not find attributes for rafal adamski (Legia Warszawa Spółka Akcyjna, 2025)
[4034847] Could not find attributes for roman evgenjev (PFK Krylya Sovetov Samara, 2022)
[4624858] Failed to build match row: Legia Warszawa Spółka Akcyjna vs RKS Raków Częstochowa SA

Keepers & outfield error for **Futebol Clube do Porto** in Associazione Calcio Milan vs Futebol Clube do Porto: Numbers: 0 and 11.
[4034847] Failed to build match row: PFK Krylya Sovetov Samara vs PFK CSKA Moskva
[3651103] Failed to build match row: Associazione Calcio Milan vs Futebol Clube do Porto
[4709474] Could not find attributes for nacho fernandez (Al-Qadsiah Saudi Football Club, 2025)
[4709474] Failed to build match row: Al-Qadsiah Saudi Football Club vs Neom Sports Club
[4810943] Could not find attributes for alexandro bernabei (Sport Club Internacional, 2025)
[3507081] Could not find attributes for vladimir bajic (Athlitiki Enosi Larisas, 2020)
[4810943] Failed to build match row: Sport Club Internacional vs Grêmio Foot-Ball Porto Alegrense
[3507081] Failed to build match row: Athlitiki Enosi Larisas vs Volou Neos Podosferikos Syllogos
[3935077] Could not find attributes for nordin bakker (Almere City FC, 2022)
[3869310] Failed to scrape lineup: https://www.transfermarkt.co.uk/cd-santa-clara_gil-vicente-fc/index/spielbericht/3869310
[3935077] Failed to build match row: Almere City FC vs TOP Oss
[3415413] Could not find attributes for sandy walsh (Yellow-Red Koninklijke Voetbalclub Mechelen, 2020)
[3415413] Failed to build match row: Royal Charleroi Sporting Club vs Yellow-Red Koninklijke Voetbalclub Mechelen
[4514572] Could not find attributes for teenage hadebe (Football Club Cincinnati, 2024)
[4514572] Failed to build match row: Football Club Cincinnati vs D.C. United
[4104306] Failed to scrape lineup: https://www.transfermarkt.co.uk/rukh-lviv_zorya-lugansk/index/spielbericht/4104306
[3844555] Could not find attributes for theo bongonda (Cádiz CF, 2022)
[4530583] Failed to scrape lineup: https://www.transfermarkt.co.uk/cerezo-osaka_kawasaki-frontale/index/spielbericht/4530583
[4407779] Could not find attributes for matija nastasic (CD Leganés, 2024)
[3844555] Failed to build match row: Elche Club de Fútbol S.A.D. vs Cádiz CF
[4727996] Could not find attributes for vsevolod ermakov (Volgar Astrakhan, 2025)
[4407779] Failed to build match row: CD Leganés vs Rayo Vallecano de Madrid S. A. D.
[4727996] Failed to build match row: Volgar Astrakhan vs Neftekhimik Nizhnekamsk
[4670225] Could not find attributes for joseba muguruza (Inter Club d'Escaldes, 2025)
[4120666] Failed to scrape lineup: https://www.transfermarkt.co.uk/polissya-zhytomyr_kryvbas-kryvyi-rig/index/spielbericht/4120666
[4670225] Failed to build match row: Inter Club d'Escaldes vs NK Olimpija Ljubljana
[3432211] Failed to scrape lineup: https://www.transfermarkt.co.uk/moreirense-fc_portimonense-sc/index/spielbericht/3432211
[4129779] Could not find attributes for ousseynou ba (İstanbul Başakşehir Futbol Kulübü, 2023)
[4649044] Could not find attributes for maks celic (Asociația Futball Klub Csíkszereda Miercurea Ciuc, 2025)
[4097994] Failed to scrape lineup: https://www.transfermarkt.co.uk/almere-city-fc_pec-zwolle/index/spielbericht/4097994
[4361296] Failed to scrape lineup: https://www.transfermarkt.co.uk/manchester-united_liverpool-fc/index/spielbericht/4361296
[4129779] Failed to build match row: İstanbul Başakşehir Futbol Kulübü vs Trabzonspor Kulübü
[4641627] Failed to scrape lineup: https://www.transfermarkt.co.uk/fc-utrecht_nec-nijmegen/index/spielbericht/4641627
[4649044] Failed to build match row: Asociația Futball Klub Csíkszereda Miercurea Ciuc vs Asociația Sportivă Fotbal Club Universitatea Cluj
[4367879] Could not find attributes for matteo dams (Eindhovense Voetbalvereniging Philips Sport Vereniging, 2024)
[4367879] Failed to build match row: Eindhovense Voetbalvereniging Philips Sport Vereniging vs Prins Hendrik Ende Desespereert Nimmer Combinatie Zwolle
[4425151] Could not find attributes for bailey brandtman (Central Coast Mariners Football Club, 2024)
[3602511] Could not find attributes for sergey pesjakov (FK Rostov, 2021)
[4425151] Failed to build match row: Central Coast Mariners Football Club vs Brisbane Roar FC
[3602511] Failed to build match row: FK Rostov vs FC Rubin Kazan
[4396706] Failed to scrape lineup: https://www.transfermarkt.co.uk/cd-nacional_sc-farense/index/spielbericht/4396706
[3462163] Could not find attributes for ravel morrison (ADO Den Haag, 2020)
[3462163] Failed to build match row: ADO Den Haag vs Sparta Rotterdam
[3612914] Could not find attributes for shapi suleymanov (Giresunspor, 2021)
[3612914] Failed to build match row: Giresunspor vs Çaykur Rizespor Kulübü
[3507082] Could not find attributes for antonis tsiftsis (A.G.S Asteras Tripolis, 2020)
[3507082] Failed to build match row: A.G.S Asteras Tripolis vs Aris Thessalonikis
[3450649] Could not find attributes for ismail azzaoui (Heracles Almelo, 2020)
[3450649] Failed to build match row: Heracles Almelo vs Football Club Groningen
[4363396] Could not find attributes for dominik pech (SK Slavia Praha, a.s., 2024)
)
[4104307] Could not find attributes for sergiy sydorchuk (Futbolniy Klub Dynamo Kyiv, 2023)
[4363396] Failed to build match row: SK Slavia Praha, a.s. vs FC Slovan Liberec
[4104307] Failed to build match row: Futbolniy Klub Dynamo Kyiv vs FC Minaj
[4514576] Failed to build match row: Orlando City Soccer Club vs Chicago Fire Soccer Club
[4635254] Could not find attributes for yvon mvogo (Football Club Lorient-Bretagne Sud, 2025)
[4635254] Failed to build match row: Football Club Lorient-Bretagne Sud vs Paris Football Club
[4238561] Could not find attributes for eduardo vargas (Chile, 2025)
[4238561] Failed to build match row: Peru vs Chile
[3597880] Could not find attributes for nick bakker (Sportclub Heerenveen, 2021)
[4626852] Could not find attributes for bjarti mork (HB Tórshavn, 2025)
[3597880] Failed to build match row: Nijmegen Eendracht Combinatie vs Sportclub Heerenveen
[4626852] Failed to build match row: Brøndby Idrætsforening vs HB Tórshavn
[3619436] Could not find attributes for brandon onkony (FC Helsingör, 2021)
[4624860] Could not find attributes for luquinhas (Radomiak S.A., 2025)
[3619436] Failed to build match row: FC Helsingör vs HB Köge
[4624860] Failed to build match row: Gliwicki Klub Sportowy Piast Spółka Akcyjna vs Radomiak S.A.
[3602512] Could not find attributes for silvije begic (PFK Krylya Sovetov Samara, 2021)
[3462164] Could not find attributes for tyronne ebuehi (Football Club Twente, 2020)
[4120667] Could not find attributes for oleksandr bandura (FC Minaj, 2023)
[4530584] Failed to scrape lineup: https://www.transfermarkt.co.uk/avispa-fukuoka_shonan-bellmare/index/spielbericht/4530584
[3602512] Failed to build match row: PFK Krylya Sovetov Samara vs FC Khimki (-2025)
[4120667] Failed to build match row: FC Minaj vs Vorskla Poltava
[3462164] Failed to build match row: Football Club Twente vs De Graafschap Doetinchem
[4094852] Failed to scrape lineup: https://www.transfermarkt.co.uk/fc-lorient_fc-toulouse/index/spielbericht/4094852
[3415414] Could not find attributes for vaclav jemelka (Oud-Heverlee Leuven, 2020)
[3415414] Failed to build match row: St Truiden vs Oud-Heverlee Leuven

Keepers & outfield error for **Hertha BSC** in Fußball-Club Augsburg 1907 vs Hertha BSC: Numbers: 0 and 11.
[3844557] Could not find attributes for abde ezzalzouli (Club Atlético Osasuna, 2022)
[3588596] Failed to build match row: Fußball-Club Augsburg 1907 vs Hertha BSC
[3844557] Failed to build match row: Club Atlético Osasuna vs Girona Fútbol Club S. A. D.
[3507083] Could not find attributes for yohan mollo (Panathinaikos Athlitikos Omilos, 2020)
[3450650] Could not find attributes for mario gotze (Eindhovense Voetbalvereniging Philips Sport Vereniging, 2020)
[3507083] Failed to build match row: Panathinaikos Athlitikos Omilos vs PAS Lamia 1964
[3450650] Failed to build match row: Prins Hendrik Ende Desespereert Nimmer Combinatie Zwolle vs Eindhovense Voetbalvereniging Philips Sport Vereniging
[4396707] Could not find attributes for bruno varela (Vitória Sport Clube, 2024)

Keepers & outfield error for **UD San Sebastián de los Reyes** in UD San Sebastián de los Reyes vs CF Fuenlabrada: Numbers: 2 and 9.
[4367880] Could not find attributes for nikolai hopland (Sportclub Heerenveen, 2024)
[4727997] Could not find attributes for mikhail karamyshev (FC Cherepovets, 2025)
[3707331] Failed to build match row: UD San Sebastián de los Reyes vs CF Fuenlabrada
[4727997] Failed to build match row: FC Cherepovets vs Shinnik Yaroslavl
[4367880] Failed to build match row: Sportclub Heerenveen vs Sparta Rotterdam
[4641628] Could not find attributes for ringo meerveld (Sportclub Heerenveen, 2025)
[3426897] Failed to scrape lineup: https://www.transfermarkt.co.uk/besiktas-jk_kasimpasa/index/spielbericht/3426897
[4641628] Failed to build match row: Alkmaar Zaanstreek vs Sportclub Heerenveen
[4514577] Could not find attributes for lazar stefanovic (Toronto FC, 2024)
[4376381] Failed to scrape lineup: https://www.transfermarkt.co.uk/lokomotiv-moscow_fc-rostov/index/spielbericht/4376381
[4363397] Could not find attributes for nemanja micevic (FK Teplice, a.s., 2024)
[3612915] Could not find attributes for ryan donk (Kasımpaşa A.Ş., 2021)
[4514577] Failed to build match row: Toronto FC vs Charlotte Football Club
[4363397] Failed to build match row: FK Teplice, a.s. vs SK Sigma Olomouc, a.s.
[3612915] Failed to build match row: Kasımpaşa A.Ş. vs Göztepe Sportif Yatırımlar A.Ş.
[4530585] Failed to scrape lineup: https://www.transfermarkt.co.uk/shonan-bellmare_tokyo-verdy/index/spielbericht/4530585
[4425152] Could not find attributes for yonatan cohen (Melbourne City Football Club, 2024)

Keepers & outfield error for **Clube Atlético Paranaense** in Clube Atlético Paranaense vs Associação Chapecoense de Futebol: Numbers: 2 and 9.
[3869311] Failed to scrape lineup: https://www.transfermarkt.co.uk/fc-arouca_fc-porto/index/spielbericht/3869311
[4425152] Failed to build match row: Melbourne City Football Club vs Sydney Football Club
[4810944] Failed to build match row: Clube Atlético Paranaense vs Associação Chapecoense de Futebol
[3935078] Could not find attributes for Mitchel Michaelis (Koninklijke HFC Haarlem, 2022)
[3935078] Failed to build match row: Koninklijke HFC Haarlem vs Sportclub Telstar
[4129781] Could not find attributes for djordje nikolic (Sivasspor, 2023)
[4129781] Failed to build match row: Istanbulspor vs Sivasspor
[4646352] Could not find attributes for rhaldney (Göztepe Sportif Yatırımlar A.Ş., 2025)
[4646352] Failed to build match row: Göztepe Sportif Yatırımlar A.Ş. vs Fenerbahçe Spor Kulübü
[4620693] Could not find attributes for jesper karlstrom (Udinese Calcio, 2025)
[4620693] Failed to build match row: Udinese Calcio vs Verona Hellas Football Club
[3620412] Failed to scrape lineup: https://www.transfermarkt.co.uk/spielbericht/index/spielbericht/3620412
[3602513] Could not find attributes for fabian balbuena (FK Dinamo Moskva, 2021)
[3602513] Failed to build match row: FK Dinamo Moskva vs FK Krasnodar
[4376382] Could not find attributes for edgardo farina (FC Khimki (-2025), 2024)
[4367881] Could not find attributes for in beom hwang (Feyenoord Rotterdam, 2024)
[4376382] Failed to build match row: FC Khimki (-2025) vs PFK CSKA Moskva
[4396708] Failed to scrape lineup: https://www.transfermarkt.co.uk/cd-santa-clara_avs-futebol/index/spielbericht/4396708
[4367881] Failed to build match row: Football Club Utrecht vs Feyenoord Rotterdam
[4120668] Could not find attributes for yakiv kinareykin (SC Dnipro-1, 2023)
[4120668] Failed to build match row: SC Dnipro-1 vs FC Oleksandriya
[3507084] Could not find attributes for boy waterman (Omilos Filathlon Irakliou FC, 2020)
[3507084] Failed to build match row: Omilos Filathlon Irakliou FC vs Athlitiki Enosi Konstantinoupoleos

Keepers & outfield error for **FC Dallas** in FC Dallas vs Philadelphia Union: Numbers: 2 and 9.
[4626853] Could not find attributes for marko milosevic (Fudbalski Klub Partizan Beograd, 2025)
[4514578] Failed to build match row: FC Dallas vs Philadelphia Union
[4727998] Could not find attributes for maksim shvagirev (Amkal Moscow, 2025)
[3612916] Could not find attributes for halil dervisoglu (Galatasaray Spor Kulübü, 2021)
[4727998] Failed to build match row: Amkal Moscow vs Enisey Krasnoyarsk
[4626853] Failed to build match row: Fudbalski Klub Partizan Beograd vs FC Oleksandriya
[3462167] Could not find attributes for ruud swinkels (FC Eindhoven, 2020)
[3612916] Failed to build match row: Galatasaray Spor Kulübü vs Konyaspor
[3462167] Failed to build match row: FC Emmen vs FC Eindhoven
[4530586] Could not find attributes for tomoki hayakawa (Kashima Antlers FC, 2024)
[4530586] Failed to build match row: Kashima Antlers FC vs Gamba Osaka
[4452943] Could not find attributes for milan standaert (HSV Hoek, 2024)
[4452943] Failed to build match row: HSV Hoek vs SDC Putten
Not enough players found for lineup: 0, 0.
[3450651] Could not find attributes for tyronne ebuehi (Football Club Twente, 2020)
[3935079] Failed to scrape lineup: https://www.transfermarkt.co.uk/spielbericht/index/spielbericht/3935079
[3450651] Failed to build match row: Eindhovense Voetbalvereniging Philips Sport Vereniging vs Football Club Twente
[3426898] Could not find attributes for marvin bakalorz (Denizlispor, 2020)
[3426898] Failed to build match row: Denizlispor vs Fenerbahçe Spor Kulübü
[4104308] Could not find attributes for pavlo isenko (Vorskla Poltava, 2023)
[4649046] Could not find attributes for danel dongmo (Fotbal Club Petrolul Ploiești, 2025)
[4104308] Failed to build match row: Vorskla Poltava vs SC Dnipro-1
[4649046] Failed to build match row: Asociația Clubul Sportiv Campionii Fotbal Club Argeș vs Fotbal Club Petrolul Ploiești
[3869312] Could not find attributes for goncalo ramos (Sport Lisboa e Benfica, 2022)
[3890059] Could not find attributes for dan casey (Motherwell Football Club, 2022)
[4624862] Could not find attributes for kyriakos savvidis (Wisła Płock Spółka Akcyjna, 2025)
[3869312] Failed to build match row: Sport Lisboa e Benfica vs Sporting Clube de Braga
[4624862] Failed to build match row: Jagiellonia-Bialystok Sportowa Spólka Akcyjna vs Wisła Płock Spółka Akcyjna
[4097997] Could not find attributes for cisse sandra (Excelsior Rotterdam, 2023)
[3890059] Failed to build match row: Hibernian Football Club vs Motherwell Football Club
[4425153] Could not find attributes for luis felipe gallegos (Auckland Football Club, 2024)
[4097997] Failed to build match row: Heracles Almelo vs Excelsior Rotterdam
[4425153] Failed to build match row: Western United FC vs Auckland Football Club
[4363398] Could not find attributes for matus hruska (FK Dukla Praha a.s., 2024)

Keepers & outfield error for **Rio Ave Futebol Clube** in Rio Ave Futebol Clube vs Futebol Clube de Arouca: Numbers: 0 and 11.
[3415415] Could not find attributes for nordin jackers (SK Beveren, 2020)
[4363398] Failed to build match row: FK Dukla Praha a.s. vs AC Sparta Praha, a. s.
[4396709] Failed to build match row: Rio Ave Futebol Clube vs Futebol Clube de Arouca
[3415415] Failed to build match row: SK Beveren vs Sportvereniging Zulte Waregem
[4238562] Could not find attributes for rodrigo echeverria (Chile, 2025)
[4238562] Failed to build match row: Chile vs Argentina
[4120669] Could not find attributes for bogdan kogut (NK Veres Rivne, 2023)
[4129782] Could not find attributes for onurcan piri (Kayserispor Kulübü, 2023)
[4120669] Failed to build match row: NK Veres Rivne vs FC Zorya Lugansk
[4641630] Could not find attributes for ruud nijstad (Football Club Twente, 2025)
[4129782] Failed to build match row: Kayserispor Kulübü vs Konyaspor
[3507085] Could not find attributes for christopher knett (Panetolikos Agrinio, 2020)
[4641630] Failed to build match row: Football Club Twente vs Football Club Volendam
[3507085] Failed to build match row: Panthessalonikios Athlitikos Omilos Konstantinoupoliton vs Panetolikos Agrinio
[3462256] Could not find attributes for gustavo busatto (CSKA-Sofia, 2020)

Keepers & outfield error for **Galatasaray Spor Kulübü** in Galatasaray Spor Kulübü vs Fatih Karagümrük Sportif Faaliyetler San. Tic. A.Ş.: Numbers: 2 and 9.
[3462256] Failed to build match row: CSKA-Sofia vs Fotbal Club CFR 1907 Cluj SA
[4646353] Failed to build match row: Galatasaray Spor Kulübü vs Fatih Karagümrük Sportif Faaliyetler San. Tic. A.Ş.
[4626854] Could not find attributes for ziga frelih (Spartak Trnava, 2025)
[4626854] Failed to build match row: Spartak Trnava vs Hibernians FC
[4034848] Failed to scrape lineup: https://www.transfermarkt.co.uk/spielbericht/index/spielbericht/4034848
[4376383] Could not find attributes for nikita medvedev (FK Nizhny Novgorod, 2024)
[4376383] Failed to build match row: FK Nizhny Novgorod vs AO FK Zenit Sankt-Peterburg

Keepers & outfield error for **Alaves** in Futbol Club Barcelona vs Alaves: Numbers: 0 and 11.
[4407783] Failed to build match row: Futbol Club Barcelona vs Alaves
[4094854] Could not find attributes for amadou kone (Stade Reims, 2023)
[4094854] Failed to build match row: Clermont Foot 63 vs Stade Reims

Keepers & outfield error for **Manchester City Football Club** in Berner Sport Club Young Boys vs Manchester City Football Club: Numbers: 0 and 11.
[4171324] Failed to build match row: Berner Sport Club Young Boys vs Manchester City Football Club
Not enough players found for lineup: 0, 0.
[4452944] Failed to scrape lineup: https://www.transfermarkt.co.uk/spielbericht/index/spielbericht/4452944
[3852671] Could not find attributes for florent sanchez (Football Club Volendam, 2022)
[4709560] Could not find attributes for matteo onofri (Spezia Calcio, 2025)
[3852671] Failed to build match row: Football Club Volendam vs Football Club Groningen
[4709560] Failed to build match row: Parma Calcio 1913 vs Spezia Calcio
[3426899] Could not find attributes for semih kaya (Yeni Malatyaspor, 2020)
[3432212] Failed to scrape lineup: https://www.transfermarkt.co.uk/sc-farense_gil-vicente-fc/index/spielbericht/3432212
[3426899] Failed to build match row: Yeni Malatyaspor vs İstanbul Başakşehir Futbol Kulübü
[3602514] Could not find attributes for giorgiy shelia (RFK Akhmat Grozny, 2021)
[4120670] Could not find attributes for dmytro ledviy (FC Rukh Lviv, 2023)
[4407784] Failed to scrape lineup: https://www.transfermarkt.co.uk/athletic-bilbao_rcd-mallorca/index/spielbericht/4407784
[4120670] Failed to build match row: FC Rukh Lviv vs FK Obolon Kyiv
[3602514] Failed to build match row: RFK Akhmat Grozny vs FK Nizhny Novgorod

Keepers & outfield error for **Boavista FC** in Boavista FC vs Grupo Desportivo Estoril Praia: Numbers: 2 and 9.
[3869313] Failed to build match row: Boavista FC vs Grupo Desportivo Estoril Praia
[4425154] Could not find attributes for chris ikonomidis (Macarthur South West Sydney (A-League), 2024)
[4425154] Failed to build match row: Macarthur South West Sydney (A-League) vs Western Sydney Wanderers
[4530587] Could not find attributes for shusaku nishikawa (Urawa Red Diamonds, 2024)
[4530587] Failed to build match row: Urawa Red Diamonds vs Rakuten Vissel Kobe
[3935080] Could not find attributes for rody de boer (Roda JC Kerkrade, 2022)
[3507086] Could not find attributes for yuriy lodygin (PAS Giannina, 2020)
[3507086] Failed to build match row: PAS Giannina vs APS Atromitos Athinon
[3935080] Failed to build match row: Roda JC Kerkrade vs Heracles Almelo
[4129783] Could not find attributes for djordje nikolic (Sivasspor, 2023)
[3450652] Could not find attributes for ahmed touba (RKC Waalwijk, 2020)
[4373389] Could not find attributes for rani khedira (1. Fußballclub Union Berlin, 2024)
[4129783] Failed to build match row: Sivasspor vs Kayserispor Kulübü
[3450652] Failed to build match row: Eindhovense Voetbalvereniging Philips Sport Vereniging vs RKC Waalwijk
[4514579] Could not find attributes for femi awodesu (Houston Dynamo, 2024)
[4094855] Could not find attributes for sadibou sane (Football Club de Metz, 2023)
[4361301] Failed to scrape lineup: https://www.transfermarkt.co.uk/korona-kielce_slask-wroclaw/index/spielbericht/4361301
[4514579] Failed to build match row: Houston Dynamo vs Sporting Kansas City
[4373389] Failed to build match row: 1. Fußballclub Union Berlin vs Borussia Dortmund
[4094855] Failed to build match row: Football Club de Metz vs Lille Olympique Sporting Club
[3432213] Failed to scrape lineup: https://www.transfermarkt.co.uk/cs-maritimo_fc-porto/index/spielbericht/3432213
[4104309] Failed to build match row: FC Oleksandriya vs FK Kryvbas Kryvyi Rig
[4363399] Could not find attributes for haiderson hurtado (FK Jablonec a.s., 2024)
[4635256] Could not find attributes for seny koumbassa (Toulouse Football Club, 2025)
[4363399] Failed to build match row: FC Viktoria Plzeň, a.s. vs FK Jablonec a.s.
[4635256] Failed to build match row: Paris Saint-Germain Football Club vs Toulouse Football Club
[4624864] Failed to scrape lineup: https://www.transfermarkt.co.uk/bruk-bet-termalica-nieciecza_piast-gliwice/index/spielbericht/4624864
[3597882] Could not find attributes for nigel lonwijk (Fortuna Sittardia Combinatie, 2021)
[3597882] Failed to build match row: Fortuna Sittardia Combinatie vs Eindhovense Voetbalvereniging Philips Sport Vereniging
[4396710] Could not find attributes for sandro cruz (Gil Vicente Futebol Clube, 2024)
[4367883] Could not find attributes for suf podgoreanu (Heracles Almelo, 2024)
[4367883] Failed to build match row: Football Club Twente vs Heracles Almelo
[4396710] Failed to build match row: Gil Vicente Futebol Clube vs Sporting Clube de Braga
[4376384] Could not find attributes for aleksandr maksimenko (FK Spartak Moskva, 2024)
[4376384] Failed to build match row: FK Spartak Moskva vs FC Rubin Kazan
[3838658] Could not find attributes for joao palhinha (Fulham Football Club, 2022)
[3838658] Failed to build match row: Aston Villa Football Club vs Fulham Football Club
[4514580] Failed to scrape lineup: https://www.transfermarkt.co.uk/vancouver-whitecaps-fc_portland-timbers/index/spielbericht/4514580
[3602515] Could not find attributes for nikolay zabolotnyi (FK Sochi, 2021)
[3602515] Failed to build match row: FK Sochi vs PFK CSKA Moskva
[4727999] Could not find attributes for vladimir frolkin (Fankom Kirov, 2025)
[4727999] Failed to build match row: Fankom Kirov vs FK Ufa
Not enough players found for lineup: 0, 0.
[4452945] Failed to scrape lineup: https://www.transfermarkt.co.uk/spielbericht/index/spielbericht/4452945
[4120671] Could not find attributes for irakli azarovi (FC Shakhtar Donetsk, 2023)
[3426900] Could not find attributes for fabien farnolle (Erzurumspor FK, 2020)
[4376385] Failed to scrape lineup: https://www.transfermarkt.co.uk/akhmat-grozny_akron-tolyatti/index/spielbericht/4376385
[4530589] Could not find attributes for ryuga tashiro (Albirex Niigata, 2024)
[4120671] Failed to build match row: Futbolniy Klub Dynamo Kyiv vs FC Shakhtar Donetsk
[4530589] Failed to build match row: Albirex Niigata vs Fagiano Okayama Sports Club
[3426900] Failed to build match row: Erzurumspor FK vs Gençlerbirliği Spor Kulübü
[3450653] Could not find attributes for marko vejinovic (ADO Den Haag, 2020)
[4649048] Could not find attributes for conrado (SC Oţelul Galaţi, 2025)
[4361302] Could not find attributes for gisli thordarson (KKS Lech Poznań Spółka Akcyjna, 2024)
[3450653] Failed to build match row: Football Club Groningen vs ADO Den Haag
[4361302] Failed to build match row: KKS Lech Poznań Spółka Akcyjna vs Zagłębie Lubin Spółka Akcyjna
[3852672] Could not find attributes for oguzhan ozyakup (Fortuna Sittardia Combinatie, 2022)
[4649048] Failed to build match row: SC Oţelul Galaţi vs Fotbal Club Metaloglobus București SA
[3852672] Failed to build match row: SC Cambuur Leeuwarden vs Fortuna Sittardia Combinatie
[4363400] Could not find attributes for lukas hulka (Bohemians Praha 1905, a.s., 2024)
[3507087] Could not find attributes for davino verhulst (Apollon Smyrnis, 2020)
[4104310] Could not find attributes for nazariy fedorivskyi (FK Obolon Kyiv, 2023)
[4104310] Failed to build match row: FK Obolon Kyiv vs FK Kolos Kovalivka
[3432214] Could not find attributes for fahd moufi (Portimonense SC, 2020)
[4363400] Failed to build match row: Bohemians Praha 1905, a.s. vs 1. FC Slovácko
[4098000] Failed to scrape lineup: https://www.transfermarkt.co.uk/fc-volendam_twente-enschede-fc/index/spielbericht/4098000
[3507087] Failed to build match row: Apollon Smyrnis vs Olympiakos Syndesmos Filathlon Peiraios
[4171326] Failed to scrape lineup: https://www.transfermarkt.co.uk/spielbericht/index/spielbericht/4171326

Keepers & outfield error for **Melbourne Victory FC** in Melbourne Victory FC vs Newcastle United Jets Football Club: Numbers: 2 and 9.
[3432214] Failed to build match row: Futebol Clube de Famalicão vs Portimonense SC
[4425155] Failed to build match row: Melbourne Victory FC vs Newcastle United Jets Football Club
[3462257] Could not find attributes for fabian rieder (Berner Sport Club Young Boys, 2020)
[3462257] Failed to build match row: Berner Sport Club Young Boys vs Associazione Sportiva Roma
[3651107] Failed to scrape lineup: https://www.transfermarkt.co.uk/spielbericht/index/spielbericht/3651107
nham Hotspur Football Club: Numbers: 2 and 9.
[3707332] Could not find attributes for edu frias (Cultural Leonesa, 2021)
[3869314] Failed to scrape lineup: https://www.transfermarkt.co.uk/fc-famalicao_gd-chaves/index/spielbericht/3869314
[3707332] Failed to build match row: Cultural Leonesa vs CD Leganés
[4373390] Could not find attributes for tiago tomas (Verein für Leibesübungen Wolfsburg, 2024)
[3838665] Failed to build match row: Newcastle United Football Club vs Tottenham Hotspur Football Club
[4373390] Failed to build match row: VfL Bochum vs Verein für Leibesübungen Wolfsburg
[4367884] Could not find attributes for davy klaassen (AFC Ajax Amsterdam, 2024)
[4367884] Failed to build match row: AFC Ajax Amsterdam vs Willem II Tilburg
[4514582] Could not find attributes for igor jesus (Los Angeles Football Club, 2024)
[3602516] Could not find attributes for anton kochenkov (Arsenal Tula, 2021)
[4514582] Failed to build match row: Los Angeles Football Club vs Colorado Rapids
[4649049] Could not find attributes for jekob jeno (Asociația Fotbal Club Unirea 04 Slobozia, 2025)

Keepers & outfield error for **Club Atlético de Madrid S.A.D.** in Villarreal Club de Fútbol S.A.D. vs Club Atlético de Madrid S.A.D.: Numbers: 2 and 9.
[3602516] Failed to build match row: Arsenal Tula vs FK Ufa
[4649049] Failed to build match row: Asociația Fotbal Club Unirea 04 Slobozia vs SC Dinamo 1948 SA
[3844558] Failed to build match row: Villarreal Club de Fútbol S.A.D. vs Club Atlético de Madrid S.A.D.
[4376386] Could not find attributes for bogdan moskvichev (FC Orenburg, 2024)
[4376386] Failed to build match row: FC Orenburg vs FK Dinamo Moskva
[4798255] Could not find attributes for fermin antonini (Club Atlético Gimnasia y Esgrima de Mendoza, 2025)
[4798255] Failed to build match row: Club Atlético Central Córdoba vs Club Atlético Gimnasia y Esgrima de Mendoza
[4129784] Failed to scrape lineup: https://www.transfermarkt.co.uk/fenerbahce_istanbulspor/index/spielbericht/4129784
[4238564] Could not find attributes for uriel antuna (Mexico, 2025)
[4238564] Failed to build match row: Mexico vs Jamaica
Not enough players found for lineup: 0, 11.
[4452946] Failed to scrape lineup: https://www.transfermarkt.co.uk/spielbericht/index/spielbericht/4452946
[3426901] Could not find attributes for zvonimir sarlija (MKE Ankaragücü, 2020)
[3426901] Failed to build match row: MKE Ankaragücü vs Konyaspor
Not enough players found for lineup: 0, 11.
[4732718] Failed to scrape lineup: https://www.transfermarkt.co.uk/spielbericht/index/spielbericht/4732718

Keepers & outfield error for **KV Kortrijk** in KV Kortrijk vs Cercle Brugge Koninklijke Sportvereniging: Numbers: 0 and 11.
[3415418] Failed to build match row: KV Kortrijk vs Cercle Brugge Koninklijke Sportvereniging
[4670226] Could not find attributes for denis shpakovskiy (Dinamo Minsk, 2025)
[3890060] Could not find attributes for orestis kiomourtzoglou (Heart of Midlothian Football Club, 2022)
[3890060] Failed to build match row: Kilmarnock Football Club vs Heart of Midlothian Football Club
[4670226] Failed to build match row: Dinamo Minsk vs KF Egnatia
[4363401] Could not find attributes for matous trmal (FK Mladá Boleslav, a.s., 2024)
[4363401] Failed to build match row: FK Mladá Boleslav, a.s. vs FC Hradec Králové a.s.
[4361303] Could not find attributes for bujar pllana (Klub Sportowy Lechia Gdańsk, 2024)
[4361303] Failed to build match row: Klub Sportowy Lechia Gdańsk vs Puszcza Niepolomice
[3597883] Failed to scrape lineup: https://www.transfermarkt.co.uk/fc-groningen_rkc-waalwijk/index/spielbericht/3597883
[4407786] Failed to scrape lineup: https://www.transfermarkt.co.uk/real-betis-balompie_ud-las-palmas/index/spielbericht/4407786
[4624865] Failed to scrape lineup: https://www.transfermarkt.co.uk/gks-katowice_wisla-plock/index/spielbericht/4624865

Keepers & outfield error for **Boavista FC** in Boavista FC vs Grupo Desportivo Estoril Praia: Numbers: 0 and 11.
[4396712] Failed to build match row: Boavista FC vs Grupo Desportivo Estoril Praia
[3869315] Could not find attributes for paulinho (CS Marítimo, 2022)
[3869315] Failed to build match row: CS Marítimo vs FC Vizela
[4530590] Could not find attributes for togo umeda (S-Pulse, 2024)
[4530590] Failed to build match row: S-Pulse vs Tokyo Football Club
[4376387] Could not find attributes for sergey pesjakov (PFK Krylya Sovetov Samara, 2024)
[4376387] Failed to build match row: PFK Krylya Sovetov Samara vs Dinamo Makhachkala
[4649050] Failed to scrape lineup: https://www.transfermarkt.co.uk/fcsb_universitatea-craiova/index/spielbericht/4649050
[4171327] Could not find attributes for irakli azarovi (FC Shakhtar Donetsk, 2023)
[4238565] Could not find attributes for nahuel ferraresi (Venezuela, 2025)
[4171327] Failed to build match row: Royal Antwerp Football Club vs FC Shakhtar Donetsk
[4238565] Failed to build match row: Ecuador vs Venezuela
[4129785] Could not find attributes for jakub slowik (Konyaspor, 2023)
[4635258] Could not find attributes for bouna sarr (Football Club de Metz, 2025)
[4129785] Failed to build match row: Konyaspor vs Galatasaray Spor Kulübü
[4514584] Could not find attributes for kalani kossa rienzi (Seattle Sounders FC, 2024)
Not enough players found for lineup: 0, 0.
[4452947] Failed to scrape lineup: https://www.transfermarkt.co.uk/spielbericht/index/spielbericht/4452947
[4635258] Failed to build match row: Olympique de Marseille vs Football Club de Metz
[4514584] Failed to build match row: Seattle Sounders FC vs Minnesota United FC
[3651108] Could not find attributes for danilo arboleda (FC Sheriff Tiraspol, 2021)
[3450654] Failed to scrape lineup: https://www.transfermarkt.co.uk/az-alkmaar_sparta-rotterdam/index/spielbericht/3450654
[4810945] Could not find attributes for emmanuel martinez (Esporte Clube Vitória, 2025)
[3612918] Could not find attributes for fredrik ulvestad (Sivasspor, 2021)
[4104311] Failed to scrape lineup: https://www.transfermarkt.co.uk/lnz-cherkasy_chornomorets-odesa/index/spielbericht/4104311
[3651108] Failed to build match row: FC Sheriff Tiraspol vs Football Club Internazionale Milano S.p.A.
[4810945] Failed to build match row: Esporte Clube Vitória vs São Paulo Futebol Clube
[3612918] Failed to build match row: Sivasspor vs Antalyaspor
[3426902] Could not find attributes for robin yalcin (Sivasspor, 2020)
[3602517] Could not find attributes for ilya pomazun (Ural Yekaterinburg, 2021)
[3426902] Failed to build match row: Sivasspor vs Antalyaspor
[3415419] Could not find attributes for sandy walsh (Yellow-Red Koninklijke Voetbalclub Mechelen, 2020)
[3602517] Failed to build match row: Ural Yekaterinburg vs AO FK Zenit Sankt-Peterburg
[3415419] Failed to build match row: Yellow-Red Koninklijke Voetbalclub Mechelen vs KAS Eupen
[4120672] Could not find attributes for denys boyko (FK Polissya Zhytomyr, 2023)
[4094858] Failed to scrape lineup: https://www.transfermarkt.co.uk/as-monaco_clermont-foot-63/index/spielbericht/4094858
[4120672] Failed to build match row: FK Polissya Zhytomyr vs TOV FK Metalist 1925 Kharkiv
[4530591] Failed to scrape lineup: https://www.transfermarkt.co.uk/nagoya-grampus_cerezo-osaka/index/spielbericht/4530591
[4376388] Failed to scrape lineup: https://www.transfermarkt.co.uk/lokomotiv-moscow_fc-krasnodar/index/spielbericht/4376388
Not enough players found for lineup: 0, 11.
[4425156] Could not find attributes for chris ikonomidis (Macarthur South West Sydney (A-League), 2024)
[4407787] Could not find attributes for matija nastasic (CD Leganés, 2024)
[4732724] Failed to scrape lineup: https://www.transfermarkt.co.uk/spielbericht/index/spielbericht/4732724
[4407787] Failed to build match row: Celta vs CD Leganés
[4425156] Failed to build match row: Macarthur South West Sydney (A-League) vs Melbourne Victory FC
[4626856] Could not find attributes for ebrima jarju (Paide Linnameeskond, 2025)
[4626856] Failed to build match row: Paide Linnameeskond vs Allmänna Idrottsklubben
[4034849] Could not find attributes for ilya pomazun (Ural Yekaterinburg, 2022)
[4363402] Could not find attributes for jakub markovic (FC Baník Ostrava a.s., 2024)
[4034849] Failed to build match row: Ural Yekaterinburg vs FK Spartak Moskva
[4363402] Failed to build match row: FC Baník Ostrava a.s. vs MFK Karvina
[4620697] Could not find attributes for jesper karlstrom (Udinese Calcio, 2025)
[4620697] Failed to build match row: Football Club Internazionale Milano S.p.A. vs Udinese Calcio
[4649051] Could not find attributes for arpad tordai (Asociația Fotbal Club UTA Arad, 2025)

Keepers & outfield error for **FC Paços de Ferreira** in FC Paços de Ferreira vs Rio Ave Futebol Clube: Numbers: 2 and 9.
[4649051] Failed to build match row: Asociația Fotbal Club UTA Arad vs Asociația Fotbal Club Botoșani
[3869316] Failed to build match row: FC Paços de Ferreira vs Rio Ave Futebol Clube
[4172061] Could not find attributes for alexandros paschalakis (Olympiakos Syndesmos Filathlon Peiraios, 2023)
[3838667] Failed to scrape lineup: https://www.transfermarkt.co.uk/liverpool-fc_nottingham-forest/index/spielbericht/3838667
[4172061] Failed to build match row: West Ham United Football Club vs Olympiakos Syndesmos Filathlon Peiraios

Keepers & outfield error for **Club Atlético de Madrid S.A.D.** in Club Atlético de Madrid S.A.D. vs Villarreal Club de Fútbol S.A.D.: Numbers: 2 and 9.
[3852675] Failed to scrape lineup: https://www.transfermarkt.co.uk/fc-emmen_fortuna-sittard/index/spielbericht/3852675
[4530593] Failed to scrape lineup: https://www.transfermarkt.co.uk/sanfrecce-hiroshima_machida-zelvia/index/spielbericht/4530593
[3450655] Could not find attributes for marko vejinovic (ADO Den Haag, 2020)
[3844594] Failed to build match row: Club Atlético de Madrid S.A.D. vs Villarreal Club de Fútbol S.A.D.
[4098002] Could not find attributes for joel voelkerling persson (Vitesse Arnhem, 2023)
[3426903] Failed to scrape lineup: https://www.transfermarkt.co.uk/kayserispor_trabzonspor/index/spielbericht/3426903
[3450655] Failed to build match row: ADO Den Haag vs Football Club Utrecht
[4129786] Could not find attributes for nazim sangare (Fatih Karagümrük Sportif Faaliyetler San. Tic. A.Ş., 2023)
[4098002] Failed to build match row: Vitesse Arnhem vs Prins Hendrik Ende Desespereert Nimmer Combinatie Zwolle
[4361304] Could not find attributes for jakub labojko (Motor Lublin Spółka Akcyjna, 2024)

Keepers & outfield error for **CS Marítimo** in Rio Ave Futebol Clube vs CS Marítimo: Numbers: 2 and 9.
[4129786] Failed to build match row: Fatih Karagümrük Sportif Faaliyetler San. Tic. A.Ş. vs Samsunspor
[4361304] Failed to build match row: Motor Lublin Spółka Akcyjna vs GKS GieKSa Katowice Spółka Akcyjna
[3432215] Failed to build match row: Rio Ave Futebol Clube vs CS Marítimo
[4104312] Could not find attributes for yevgen past (NK Veres Rivne, 2023)
[3707333] Could not find attributes for kevin sibille (CD Castellón, 2021)
[4363403] Could not find attributes for louis lurvink (FK Pardubice, 2024)
[4094859] Could not find attributes for nabil bentaleb (Lille Olympique Sporting Club, 2023)
[4120673] Could not find attributes for kiril fesyun (FK Kolos Kovalivka, 2023)
[3612919] Could not find attributes for yunus akgun (Adana Demirspor, 2021)
[3707333] Failed to build match row: CD Castellón vs FC Cartagena
[4104312] Failed to build match row: NK Veres Rivne vs FK Polissya Zhytomyr
[4120673] Failed to build match row: FK Kolos Kovalivka vs FC Minaj
[4094859] Failed to build match row: Lille Olympique Sporting Club vs Olympique Lyonnais
[4034850] Could not find attributes for vladislav torop (PFK CSKA Moskva, 2022)
[3612919] Failed to build match row: Adana Demirspor vs Yeni Malatyaspor
[4363403] Failed to build match row: FK Pardubice vs SK Dynamo Ceske Budejovice
Not enough players found for lineup: 0, 11.
[4034850] Failed to build match row: PFK CSKA Moskva vs PFK Krylya Sovetov Samara
[4732725] Failed to scrape lineup: https://www.transfermarkt.co.uk/spielbericht/index/spielbericht/4732725
[4670227] Could not find attributes for eljon sota (KF Egnatia, 2025)
[4670227] Failed to build match row: KF Egnatia vs Dinamo Minsk
[4425157] Could not find attributes for lucas herrington (Brisbane Roar FC, 2024)
[4425157] Failed to build match row: Brisbane Roar FC vs Wellington Phoenix Football Club
[3415420] Could not find attributes for vaclav jemelka (Oud-Heverlee Leuven, 2020)
[3415420] Failed to build match row: Oud-Heverlee Leuven vs Koninklijke Atletiek Associatie Gent
[4376389] Could not find attributes for maksim osipenko (FK Rostov, 2024)
[4376389] Failed to build match row: FK Rostov vs Fakel Voronezh
[4635259] Failed to scrape lineup: https://www.transfermarkt.co.uk/olympique-lyon_fc-lorient/index/spielbericht/4635259
[4517185] Failed to scrape lineup: https://www.transfermarkt.co.uk/spielbericht/index/spielbericht/4517185
[3507766] Could not find attributes for medhi benatia (Al-Duhail SC, 2020)
[3507766] Failed to build match row: Al-Duhail SC vs Al Ahly FC
[4530595] Could not find attributes for tomoki hayakawa (Kashima Antlers FC, 2024)
[4530595] Failed to build match row: Kashima Antlers FC vs Yokohama FC
[3852676] Could not find attributes for florent sanchez (Football Club Volendam, 2022)
[3852676] Failed to build match row: Football Club Twente vs Football Club Volendam
[4363404] Could not find attributes for jan koutny (SK Sigma Olomouc, a.s., 2024)
[4363404] Failed to build match row: SK Sigma Olomouc, a.s. vs SK Slavia Praha, a.s.
[4361305] Could not find attributes for pyry hannola (Stal Mielec, 2024)
[4361305] Failed to build match row: Gliwicki Klub Sportowy Piast Spółka Akcyjna vs Stal Mielec
[3890061] Could not find attributes for loick ayina (Dundee United Football Club, 2022)
[3890061] Failed to build match row: Rangers Football Club vs Dundee United Football Club
[4624866] Could not find attributes for beno selan (Klub Sportowy Cracovia Spółka Akcyjna, 2025)
[4624866] Failed to build match row: Klub Sportowy Górnik Zabrze Sportowa Spółka Akcyjna vs Klub Sportowy Cracovia Spółka Akcyjna
[4626857] Could not find attributes for filip jovic (FK Sarajevo, 2025)

Keepers & outfield error for **Sporting Clube de Portugal** in Sporting Clube de Portugal vs CS Marítimo: Numbers: 2 and 9.
[4120674] Could not find attributes for mykyta shevchenko (FC Oleksandriya, 2023)
[4238566] Could not find attributes for luis haquin (Bolivia, 2025)
[4367886] Could not find attributes for davy klaassen (AFC Ajax Amsterdam, 2024)
[4530596] Could not find attributes for ryosuke kojima (Hitachi Kashiwa Reysol, 2024)
[4626857] Failed to build match row: U Craiova 1948 Club Sportiv SA vs FK Sarajevo
[4129787] Could not find attributes for endri cekici (Pendikspor, 2023)
[3426904] Could not find attributes for yassine meriah (Çaykur Rizespor Kulübü, 2020)
[4129787] Failed to build match row: Pendikspor vs Gaziantep Futbol Kulübü A.Ş.
[4646357] Could not find attributes for marcos felipe (Eyüp Spor Kulübü, 2025)
[4238566] Failed to build match row: United States vs Bolivia
[4120674] Failed to build match row: FC Oleksandriya vs NK Veres Rivne
[4376571] Could not find attributes for lawrence shankland (Heart of Midlothian Football Club, 2024)
[4407789] Could not find attributes for tamas nikitscher (Real Valladolid CF, 2024)
[4530596] Failed to build match row: Hitachi Kashiwa Reysol vs Nagoya Grampus Eight
[3432216] Failed to build match row: Sporting Clube de Portugal vs CS Marítimo
[4367886] Failed to build match row: Alkmaar Zaanstreek vs AFC Ajax Amsterdam
[3426904] Failed to build match row: Çaykur Rizespor Kulübü vs Göztepe Sportif Yatırımlar A.Ş.
[4620698] Could not find attributes for fallou cham (Verona Hellas Football Club, 2025)
[4641631] Failed to scrape lineup: https://www.transfermarkt.co.uk/fc-utrecht_sc-telstar/index/spielbericht/4641631
[4670228] Could not find attributes for maksim belov (Neman Grodno, 2025)
[4646357] Failed to build match row: Eyüp Spor Kulübü vs Alanyaspor
[4172063] Could not find attributes for nikola simic (Fudbalski klub TSC Bačka Topola, 2023)
[4407789] Failed to build match row: Valencia Club de Fútbol S. A. D. vs Real Valladolid CF
Not enough players found for lineup: 0, 11.
[4620698] Failed to build match row: Società Sportiva Lazio S.p.A. vs Verona Hellas Football Club
la
[4670228] Failed to build match row: Neman Grodno vs FC Kosice
[4732729] Failed to scrape lineup: https://www.transfermarkt.co.uk/spielbericht/index/spielbericht/4732729
[4361306] Could not find attributes for steve kingue (Radomiak S.A., 2024)
[3612920] Failed to scrape lineup: https://www.transfermarkt.co.uk/basaksehir-fk_besiktas-jk/index/spielbericht/3612920
[4094860] Failed to scrape lineup: https://www.transfermarkt.co.uk/ogc-nice_paris-saint-germain/index/spielbericht/4094860
[4635260] Could not find attributes for lanroy machine (Angers Sporting Club de l'Ouest, 2025)
[4035007] Failed to scrape lineup: https://www.transfermarkt.co.uk/spielbericht/index/spielbericht/4035007
[4361306] Failed to build match row: Radomiak S.A. vs Legia Warszawa Spółka Akcyjna
[4635260] Failed to build match row: Rennes vs Angers Sporting Club de l'Ouest
[4452948] Could not find attributes for sergae kogeldans (SV Huizen, 2024)
[4452948] Failed to build match row: SV Huizen vs Excelsior Maassluis
[4425158] Could not find attributes for kota mizunuma (Newcastle United Jets Football Club, 2024)

Keepers & outfield error for **Vitória Sport Clube** in Vitória Sport Clube vs Gil Vicente Futebol Clube: Numbers: 0 and 11.
[3588610] Failed to scrape lineup: https://www.transfermarkt.co.uk/eintracht-frankfurt_tsg-1899-hoffenheim/index/spielbericht/3588610
[4425158] Failed to build match row: Newcastle United Jets Football Club vs Western Sydney Wanderers
[3869317] Failed to build match row: Vitória Sport Clube vs Gil Vicente Futebol Clube
[3838669] Could not find attributes for joao palhinha (Fulham Football Club, 2022)
[4709561] Could not find attributes for fallou cham (Verona Hellas Football Club, 2025)
[3838669] Failed to build match row: Fulham Football Club vs Leeds United Association Football Club
[3597886] Could not find attributes for vurnon anita (RKC Waalwijk, 2021)
[3450656] Could not find attributes for ismail azzaoui (Heracles Almelo, 2020)
[3597886] Failed to build match row: RKC Waalwijk vs Go Ahead Eagles
[4709561] Failed to build match row: Verona Hellas Football Club vs Venezia FC
[3450656] Failed to build match row: Heracles Almelo vs Sportclub Heerenveen
[4517186] Could not find attributes for romero antonioli (VV Noordwijk, 2024)
[4517186] Failed to build match row: VV Noordwijk vs BVV Barendrecht
[4810946] Failed to scrape lineup: https://www.transfermarkt.co.uk/clube-do-remo-pa-_clube-de-regatas-vasco-da-gama/index/spielbericht/4810946
[3602518] Failed to scrape lineup: https://www.transfermarkt.co.uk/zenit-st-petersburg_fc-nizhniy-novgorod/index/spielbericht/3602518
[4238567] Could not find attributes for sergio rochet (Uruguay, 2025)
[3620415] Failed to scrape lineup: https://www.transfermarkt.co.uk/spielbericht/index/spielbericht/3620415
[4530598] Failed to scrape lineup: https://www.transfermarkt.co.uk/machida-zelvia_fc-tokyo/index/spielbericht/4530598
[4238567] Failed to build match row: Uruguay vs Panama
[3415421] Failed to scrape lineup: https://www.transfermarkt.co.uk/rsc-anderlecht_kvrs-waasland-sk-beveren/index/spielbericht/3415421
[4649052] Could not find attributes for andrei coubis (Asociația Sportivă Fotbal Club Universitatea Cluj, 2025)
[4649052] Failed to build match row: Asociația Sportivă Fotbal Club Universitatea Cluj vs Asociația Futball Klub Csíkszereda Miercurea Ciuc

Keepers & outfield error for **Moreirense Futebol Clube** in Moreirense Futebol Clube vs Futebol Clube do Porto: Numbers: 2 and 9.
[3432217] Failed to build match row: Moreirense Futebol Clube vs Futebol Clube do Porto
[4363405] Failed to build match row: FC Slovan Liberec vs FK Teplice, a.s.
[4098004] Failed to scrape lineup: https://www.transfermarkt.co.uk/sc-heerenveen_heracles-almelo/index/spielbericht/4098004

Keepers & outfield error for **Girona Fútbol Club S. A. D.** in SD Huesca vs Girona Fútbol Club S. A. D.: Numbers: 3 and 8.
[3707334] Failed to build match row: SD Huesca vs Girona Fútbol Club S. A. D.
[4120675] Could not find attributes for artem kychak (FK Obolon Kyiv, 2023)
[3869318] Failed to scrape lineup: https://www.transfermarkt.co.uk/fc-famalicao_fc-porto/index/spielbericht/3869318
[4120675] Failed to build match row: FK Obolon Kyiv vs Vorskla Poltava
[3612921] Could not find attributes for mohammad naderi (Altay SK, 2021)
[3612921] Failed to build match row: Altay SK vs Fatih Karagümrük Sportif Faaliyetler San. Tic. A.Ş.

Keepers & outfield error for **Nooit Opgeven Altijd Doorzetten Aangenaam Door Vermaak En Nuttig Door Ontspanning Combinatie Breda** in Fortuna Sittardia Combinatie vs Nooit Opgeven Altijd Doorzetten Aangenaam Door Vermaak En Nuttig Door Ontspanning Combinatie Breda: Numbers: 2 and 9.
[4641632] Failed to build match row: Fortuna Sittardia Combinatie vs Nooit Opgeven Altijd Doorzetten Aangenaam Door Vermaak En Nuttig Door Ontspanning Combinatie Breda
Not enough players found for lineup: 0, 0.
[4452949] Failed to scrape lineup: https://www.transfermarkt.co.uk/spielbericht/index/spielbericht/4452949
[4626858] Could not find attributes for patrizio stronati (Puskás Akadémia FC, 2025)
[3426905] Could not find attributes for munir el kajoui (Hatayspor, 2020)
[4172064] Could not find attributes for alexandros paschalakis (Olympiakos Syndesmos Filathlon Peiraios, 2023)
[3426905] Failed to build match row: Hatayspor vs Fatih Karagümrük Sportif Faaliyetler San. Tic. A.Ş.
[4172064] Failed to build match row: Olympiakos Syndesmos Filathlon Peiraios vs West Ham United Football Club
[4361307] Could not find attributes for yosuke furukawa (Klub Sportowy Górnik Zabrze Sportowa Spółka Akcyjna, 2024)
[4626858] Failed to build match row: Puskás Akadémia FC vs Aris Limassol
[4810947] Could not find attributes for leo ortiz (Clube de Regatas do Flamengo, 2025)
[3432218] Could not find attributes for fahd moufi (Portimonense SC, 2020)
[4361307] Failed to build match row: RKS Raków Częstochowa SA vs Klub Sportowy Górnik Zabrze Sportowa Spółka Akcyjna
[3602519] Could not find attributes for sergey pesjakov (FK Rostov, 2021)
[3432218] Failed to build match row: Portimonense SC vs Futebol Clube do Porto
[4810947] Failed to build match row: Clube de Regatas do Flamengo vs Santos Futebol Clube
[3602519] Failed to build match row: FK Rostov vs FK Ufa
[4530599] Could not find attributes for jesiel (Kawasaki Frontale, 2024)
[4530599] Failed to build match row: Kawasaki Frontale vs Fagiano Okayama Sports Club
[4798257] Could not find attributes for alexis steimbach (Club de Gimnasia y Esgrima La Plata, 2025)
[4798257] Failed to build match row: Club de Gimnasia y Esgrima La Plata vs Racing Club Asociación Civil de Avellaneda
[3620640] Could not find attributes for anatoliy malashenko (Dinamo Stavropol, 2021)
[3620640] Failed to build match row: Dinamo Stavropol vs Kuban Holding Pavlovskaya
[4635261] Could not find attributes for ally samatta (Le Havre Athletic Club, 2025)
[4635261] Failed to build match row: Olympique Gymnaste Club Nice Côte d'Azur vs Le Havre Athletic Club
[4517187] Could not find attributes for matteo dams (Eindhovense Voetbalvereniging Philips Sport Vereniging, 2024)
[4517187] Failed to build match row: Eindhovense Voetbalvereniging Philips Sport Vereniging vs Excelsior Rotterdam
[4120676] Failed to scrape lineup: https://www.transfermarkt.co.uk/zorya-lugansk_lnz-cherkasy/index/spielbericht/4120676
[4363406] Could not find attributes for martin janacek (SK Dynamo Ceske Budejovice, 2024)
[4363406] Failed to build match row: SK Dynamo Ceske Budejovice vs FK Mladá Boleslav, a.s.
[3869319] Could not find attributes for tchamba (Casa Pia Atlético Clube, 2022)
[3869319] Failed to build match row: Casa Pia Atlético Clube vs Grupo Desportivo Estoril Praia
[3588612] Failed to scrape lineup: https://www.transfermarkt.co.uk/hertha-bsc_vfb-stuttgart/index/spielbericht/3588612
[4425159] Could not find attributes for yonatan cohen (Melbourne City Football Club, 2024)
[4425159] Failed to build match row: Melbourne City Football Club vs Adelaide United Football Club
[4129788] Could not find attributes for edouard michut (Adana Demirspor, 2023)
[4129788] Failed to build match row: Adana Demirspor vs İstanbul Başakşehir Futbol Kulübü
[3507998] Could not find attributes for radu dragusin (Juventus Football Club, 2020)
[3507998] Failed to build match row: Juventus Football Club vs SPAL
[4626859] Failed to scrape lineup: https://www.transfermarkt.co.uk/spielbericht/index/spielbericht/4626859
[4172065] Failed to scrape lineup: https://www.transfermarkt.co.uk/spielbericht/index/spielbericht/4172065
[4452950] Failed to scrape lineup: https://www.transfermarkt.co.uk/spielbericht/index/spielbericht/4452950
[3450657] Could not find attributes for jurrien timber (AFC Ajax Amsterdam, 2020)
[3432219] Failed to scrape lineup: https://www.transfermarkt.co.uk/cd-tondela_boavista-fc/index/spielbericht/3432219
[3450657] Failed to build match row: AFC Ajax Amsterdam vs Football Club Groningen
[3612922] Could not find attributes for munir el kajoui (Hatayspor, 2021)
[3651111] Failed to scrape lineup: https://www.transfermarkt.co.uk/spielbericht/index/spielbericht/3651111
[4373391] Failed to scrape lineup: https://www.transfermarkt.co.uk/fc-st-pauli_1-fsv-mainz-05/index/spielbericht/4373391
[3612922] Failed to build match row: Hatayspor vs Gaziantep Futbol Kulübü A.Ş.
[4641633] Could not find attributes for remko pasveer (Heracles Almelo, 2025)
[3602520] Failed to scrape lineup: https://www.transfermarkt.co.uk/fc-krasnodar_spartak-moscow/index/spielbericht/3602520
[4641633] Failed to build match row: Heracles Almelo vs AFC Ajax Amsterdam
[4624867] Could not find attributes for eryk kozlowski (Jagiellonia-Bialystok Sportowa Spólka Akcyjna, 2025)
[4624867] Failed to build match row: Jagiellonia-Bialystok Sportowa Spólka Akcyjna vs KKS Lech Poznań Spółka Akcyjna
[3890062] Could not find attributes for dylan smith (Ross County FC, 2022)
[3890062] Failed to build match row: Ross County FC vs The Celtic Football Club
[3620642] Failed to scrape lineup: https://www.transfermarkt.co.uk/spielbericht/index/spielbericht/3620642
[4035008] Failed to scrape lineup: https://www.transfermarkt.co.uk/spielbericht/index/spielbericht/4035008
[4670230] Failed to scrape lineup: https://www.transfermarkt.co.uk/spielbericht/index/spielbericht/4670230
[4709641] Failed to scrape lineup: https://www.transfermarkt.co.uk/spielbericht/index/spielbericht/4709641
[4396713] Could not find attributes for vasco sousa (Futebol Clube do Porto, 2024)
[3707335] Could not find attributes for srdjan babic (UD Almería, 2021)
[4396713] Failed to build match row: Sporting Clube de Portugal vs Futebol Clube do Porto
[3707335] Failed to build match row: SD Amorebieta vs UD Almería

Keepers & outfield error for **SC Cambuur Leeuwarden** in Nijmegen Eendracht Combinatie vs SC Cambuur Leeuwarden: Numbers: 2 and 9.
[3852677] Failed to build match row: Nijmegen Eendracht Combinatie vs SC Cambuur Leeuwarden

Keepers & outfield error for **Villarreal Club de Fútbol S.A.D.** in Alaves vs Villarreal Club de Fútbol S.A.D.: Numbers: 0 and 11.
[4517188] Failed to scrape lineup: https://www.transfermarkt.co.uk/spielbericht/index/spielbericht/4517188

Keepers & outfield error for **Colombia** in Colombia vs Paraguay: Numbers: 0 and 11.
Not enough players found for lineup: 0, 11.
[4407790] Failed to build match row: Alaves vs Villarreal Club de Fútbol S.A.D.
[4094862] Could not find attributes for nampalys mendy (Racing Club de Lens, 2023)
[4238568] Failed to build match row: Colombia vs Paraguay
[4094862] Failed to build match row: Racing Club de Lens vs Football Club Lorient-Bretagne Sud
[4732730] Failed to scrape lineup: https://www.transfermarkt.co.uk/spielbericht/index/spielbericht/4732730
[3432220] Failed to scrape lineup: https://www.transfermarkt.co.uk/cs-maritimo_moreirense-fc/index/spielbericht/3432220
[4361308] Could not find attributes for polydefkis volanakis (Widzew Łódź Spółka Akcyjna, 2024)
[4098006] Could not find attributes for iman griffith (Fortuna Sittardia Combinatie, 2023)
[3507999] Failed to scrape lineup: https://www.transfermarkt.co.uk/spielbericht/index/spielbericht/3507999
[3462261] Could not find attributes for ohad levita (Hapoel Beer Sheva, 2020)
[4361308] Failed to build match row: Widzew Łódź Spółka Akcyjna vs Morski Klub Sportowy Pogoń Szczecin
[4530600] Could not find attributes for kota sanada (Shonan Bellmare, 2024)
[4098006] Failed to build match row: Fortuna Sittardia Combinatie vs Football Club Utrecht
[4810948] Could not find attributes for robert renan (Club de Regatas Vasco da Gama, 2025)
[4530600] Failed to build match row: Shonan Bellmare vs Albirex Niigata
[3462261] Failed to build match row: Hapoel Beer Sheva vs SK Slavia Praha, a.s.
[4810948] Failed to build match row: Club de Regatas Vasco da Gama vs S. A. F. Botafogo
[3450658] Failed to scrape lineup: https://www.transfermarkt.co.uk/ado-den-haag_psv-eindhoven/index/spielbericht/3450658
[3651112] Failed to scrape lineup: https://www.transfermarkt.co.uk/spielbericht/index/spielbericht/3651112
[4626860] Failed to scrape lineup: https://www.transfermarkt.co.uk/spielbericht/index/spielbericht/4626860
[3620643] Failed to scrape lineup: https://www.transfermarkt.co.uk/spielbericht/index/spielbericht/3620643
[3588613] Failed to scrape lineup: https://www.transfermarkt.co.uk/1-fc-koln_arminia-bielefeld/index/spielbericht/3588613
[4624868] Failed to scrape lineup: https://www.transfermarkt.co.uk/lechia-gdansk_korona-kielce/index/spielbericht/4624868
[4172066] Failed to scrape lineup: https://www.transfermarkt.co.uk/spielbericht/index/spielbericht/4172066
t/3612923
[3597889] Failed to scrape lineup: https://www.transfermarkt.co.uk/fortuna-sittard_nec-nijmegen/index/spielbericht/3597889
[3890063] Failed to scrape lineup: https://www.transfermarkt.co.uk/st-johnstone-fc_aberdeen-fc/index/spielbericht/3890063
[4035009] Failed to scrape lineup: https://www.transfermarkt.co.uk/spielbericht/index/spielbericht/4035009
[4396714] Failed to scrape lineup: https://www.transfermarkt.co.uk/rio-ave-fc_avs-futebol/index/spielbericht/4396714
[4425160] Failed to scrape lineup: https://www.transfermarkt.co.uk/auckland-fc_perth-glory/index/spielbericht/4425160
[4517189] Failed to scrape lineup: https://www.transfermarkt.co.uk/spielbericht/index/spielbericht/4517189
[4635262] Could not find attributes for raphael le guen (Stade brestois 29, 2025)
[4635262] Failed to build match row: Stade brestois 29 vs Racing Club de Strasbourg Alsace

Keepers & outfield error for **Eintracht Frankfurt Fußball AG** in Bayer 04 Leverkusen Fußball vs Eintracht Frankfurt Fußball AG: Numbers: 2 and 9.
[4373401] Failed to build match row: Bayer 04 Leverkusen Fußball vs Eintracht Frankfurt Fußball AG
[3852678] Failed to scrape lineup: https://www.transfermarkt.co.uk/psv-eindhoven_fc-groningen/index/spielbericht/3852678
[3432221] Failed to scrape lineup: https://www.transfermarkt.co.uk/portimonense-sc_boavista-fc/index/spielbericht/3432221
[3415424] Failed to scrape lineup: https://www.transfermarkt.co.uk/sint-truidense-vv_royal-excel-mouscron-2022-/index/spielbericht/3415424
[4626861] Failed to scrape lineup: https://www.transfermarkt.co.uk/spielbericht/index/spielbericht/4626861
[4129789] Could not find attributes for ramzi safuri (Antalyaspor, 2023)
Not enough players found for lineup: 0, 11.
[4129789] Failed to build match row: Alanyaspor vs Antalyaspor
[4452951] Failed to scrape lineup: https://www.transfermarkt.co.uk/spielbericht/index/spielbericht/4452951
[4367889] Failed to build match row: Heracles Almelo vs Fortuna Sittardia Combinatie
[4810949] Failed to scrape lineup: https://www.transfermarkt.co.uk/sao-paulo-futebol-clube_cruzeiro-esporte-clube/index/spielbericht/4810949
[3602521] Could not find attributes for silvije begic (PFK Krylya Sovetov Samara, 2021)
[3602521] Failed to build match row: PFK Krylya Sovetov Samara vs Ural Yekaterinburg
[3838673] Failed to scrape lineup: https://www.transfermarkt.co.uk/afc-bournemouth_west-ham-united/index/spielbericht/3838673
[3890064] Failed to scrape lineup: https://www.transfermarkt.co.uk/st-mirren-fc_livingston-fc/index/spielbericht/3890064
[4172067] Failed to scrape lineup: https://www.transfermarkt.co.uk/spielbericht/index/spielbericht/4172067
[3612924] Failed to scrape lineup: https://www.transfermarkt.co.uk/gaziantep-fk_giresunspor/index/spielbericht/3612924
[4649053] Could not find attributes for bozhidar chorbadzhiyski (Asociația Fotbal Club Hermannstadt, 2025)
[4649053] Failed to build match row: Asociația Fotbal Club Hermannstadt vs Fotbal Club CFR 1907 Cluj SA

Keepers & outfield error for **Alanyaspor** in Alanyaspor vs Beşiktaş Jimnastik Kulübü: Numbers: 2 and 9.
[4452952] Failed to scrape lineup: https://www.transfermarkt.co.uk/spielbericht/index/spielbericht/4452952
[3426906] Failed to build match row: Alanyaspor vs Beşiktaş Jimnastik Kulübü
[4098007] Could not find attributes for robin propper (Football Club Twente, 2023)
[4129790] Failed to scrape lineup: https://www.transfermarkt.co.uk/kasimpasa_besiktas-jk/index/spielbericht/4129790
[4675369] Could not find attributes for bogdan stepanenko (Fazenda Chernivtsi, 2025)
[4098007] Failed to build match row: Football Club Twente vs Feyenoord Rotterdam
[4675369] Failed to build match row: Fazenda Chernivtsi vs Medeya - Nevytskyi Zamok Onokivska TG
[3588614] Failed to scrape lineup: https://www.transfermarkt.co.uk/vfl-bochum_fc-augsburg/index/spielbericht/3588614
[4238569] Failed to scrape lineup: https://www.transfermarkt.co.uk/spielbericht/index/spielbericht/4238569
[3838674] Failed to scrape lineup: https://www.transfermarkt.co.uk/arsenal-fc_southampton-fc/index/spielbericht/3838674
[4530601] Failed to scrape lineup: https://www.transfermarkt.co.uk/shimizu-s-pulse_cerezo-osaka/index/spielbericht/4530601
[4120677] Could not find attributes for andriy klishchuk (FK Kryvbas Kryvyi Rig, 2023)
[4120677] Failed to build match row: FK Kryvbas Kryvyi Rig vs Futbolniy Klub Dynamo Kyiv
[3852679] Failed to scrape lineup: https://www.transfermarkt.co.uk/sc-heerenveen_feyenoord-rotterdam/index/spielbericht/3852679
[3432222] Failed to scrape lineup: https://www.transfermarkt.co.uk/cd-tondela_fc-famalicao/index/spielbericht/3432222
[4709642] Could not find attributes for lorran (Pisa Sporting Club, 2025)
[4626862] Failed to scrape lineup: https://www.transfermarkt.co.uk/spielbericht/index/spielbericht/4626862
[4709642] Failed to build match row: Torino Calcio vs Pisa Sporting Club
[3450659] Could not find attributes for timo letschert (Alkmaar Zaanstreek, 2020)
[3450659] Failed to build match row: Alkmaar Zaanstreek vs Football Club Twente
[3612925] Could not find attributes for burak bekaroglu (Fatih Karagümrük Sportif Faaliyetler San. Tic. A.Ş., 2021)
[3612925] Failed to build match row: Fatih Karagümrük Sportif Faaliyetler San. Tic. A.Ş. vs Hatayspor
[4172068] Could not find attributes for alexandros paschalakis (Olympiakos Syndesmos Filathlon Peiraios, 2023)
[4172068] Failed to build match row: Sport-Club Freiburg vs Olympiakos Syndesmos Filathlon Peiraios
[3508006] Failed to scrape lineup: https://www.transfermarkt.co.uk/spielbericht/index/spielbericht/3508006
[4361309] Could not find attributes for yosuke furukawa (Klub Sportowy Górnik Zabrze Sportowa Spółka Akcyjna, 2024)
[4361309] Failed to build match row: Klub Sportowy Górnik Zabrze Sportowa Spółka Akcyjna vs Klub Sportowy Cracovia Spółka Akcyjna
[3651113] Failed to scrape lineup: https://www.transfermarkt.co.uk/spielbericht/index/spielbericht/3651113
[3707336] Could not find attributes for alvaro santamaria (Sporting Gijón, 2021)
[3707336] Failed to build match row: Sporting Gijón vs AD Alcorcón
s Paulista, 2025)
[4810950] Failed to build match row: Sport Club Corinthians Paulista vs Sport Club Internacional
[3588615] Could not find attributes for jetro willems (SpVgg Greuther Fürth, 2021)
[3588615] Failed to build match row: SpVgg Greuther Fürth vs Bayer 04 Leverkusen Fußball
[4094863] Failed to scrape lineup: https://www.transfermarkt.co.uk/le-havre-ac_rc-strasbourg-alsace/index/spielbericht/4094863

Keepers & outfield error for **Newcastle United Football Club** in Aston Villa Football Club vs Newcastle United Football Club: Numbers: 2 and 9.
[3838675] Failed to build match row: Aston Villa Football Club vs Newcastle United Football Club
Not enough players found for lineup: 0, 0.
[4452953] Failed to scrape lineup: https://www.transfermarkt.co.uk/spielbericht/index/spielbericht/4452953
[3620644] Failed to scrape lineup: https://www.transfermarkt.co.uk/spielbericht/index/spielbericht/3620644
[3597891] Failed to scrape lineup: https://www.transfermarkt.co.uk/sc-cambuur-leeuwarden_az-alkmaar/index/spielbericht/3597891
[4373403] Failed to scrape lineup: https://www.transfermarkt.co.uk/borussia-dortmund_fc-st-pauli/index/spielbericht/4373403
[4238570] Failed to scrape lineup: https://www.transfermarkt.co.uk/spielbericht/index/spielbericht/4238570

Keepers & outfield error for **Football Club Volendam** in Football Club Volendam vs Excelsior Rotterdam: Numbers: 2 and 9.
[4798259] Failed to scrape lineup: https://www.transfermarkt.co.uk/club-atletico-tigre_aa-estudiantes-rio-cuarto-/index/spielbericht/4798259
[4098008] Failed to build match row: Football Club Volendam vs Excelsior Rotterdam
Not enough players found for lineup: 0, 11.
[4732731] Failed to scrape lineup: https://www.transfermarkt.co.uk/spielbericht/index/spielbericht/4732731
[3426907] Could not find attributes for feyzi yildirim (Kasımpaşa A.Ş., 2020)
[3426907] Failed to build match row: Kasımpaşa A.Ş. vs Denizlispor
[4129791] Could not find attributes for ali kaan guneren (MKE Ankaragücü, 2023)
[4624869] Could not find attributes for benjamin mendy (Morski Klub Sportowy Pogoń Szczecin, 2025)
[4624869] Failed to build match row: Morski Klub Sportowy Pogoń Szczecin vs Legia Warszawa Spółka Akcyjna
[4129791] Failed to build match row: Trabzonspor Kulübü vs MKE Ankaragücü
[4646358] Could not find attributes for devrim sahin (Beşiktaş Jimnastik Kulübü, 2025)
[4646358] Failed to build match row: Konyaspor vs Beşiktaş Jimnastik Kulübü
[3602522] Could not find attributes for ilya lantratov (FC Khimki (-2025), 2021)

Keepers & outfield error for **Portimonense SC** in Portimonense SC vs Boavista FC: Numbers: 0 and 11.
[3602522] Failed to build match row: PFK CSKA Moskva vs FC Khimki (-2025)
[4109286] Failed to build match row: Portimonense SC vs Boavista FC

Keepers & outfield error for **Southampton FC** in Southampton FC vs Arsenal Football Club: Numbers: 0 and 11.
[3621347] Failed to scrape lineup: https://www.transfermarkt.co.uk/sporting-cp_fc-vizela/index/spielbericht/3621347
[3508007] Failed to build match row: Southampton FC vs Arsenal Football Club
[4641634] Could not find attributes for eli dasa (Nijmegen Eendracht Combinatie, 2025)
[4641634] Failed to build match row: Nijmegen Eendracht Combinatie vs Feyenoord Rotterdam
[4810951] Could not find attributes for reinaldo (Mirasol Futebol Clube, 2025)
[4810951] Failed to build match row: Mirasol Futebol Clube vs Red Bull Bragantino

Keepers & outfield error for **Rayo Vallecano de Madrid S. A. D.** in Real Madrid Club de Fútbol vs Rayo Vallecano de Madrid S. A. D.: Numbers: 2 and 9.
[4407793] Failed to build match row: Real Madrid Club de Fútbol vs Rayo Vallecano de Madrid S. A. D.
[4129792] Could not find attributes for chandrel massanga (Hatayspor, 2023)
[3426908] Could not find attributes for semih kaya (Yeni Malatyaspor, 2020)
[4129792] Failed to build match row: Hatayspor vs Çaykur Rizespor Kulübü
[3426908] Failed to build match row: Fenerbahçe Spor Kulübü vs Yeni Malatyaspor
[4675370] Could not find attributes for andriy marchuk (Girnyk Novoyavorivsk, 2025)
[3935081] Could not find attributes for jop van der avert (FC Dordrecht, 2022)
[4675370] Failed to build match row: Girnyk Novoyavorivsk vs Naftovyk Dolyna
[3935081] Failed to build match row: FC Dordrecht vs Football Club Groningen
[4624870] Could not find attributes for luquinhas (Radomiak S.A., 2025)
Not enough players found for lineup: 0, 0.
[4452954] Failed to scrape lineup: https://www.transfermarkt.co.uk/spielbericht/index/spielbericht/4452954
[4624870] Failed to build match row: Radomiak S.A. vs Motor Lublin Spółka Akcyjna
[4646359] Could not find attributes for wagner pina (Trabzonspor Kulübü, 2025)
[4646359] Failed to build match row: Trabzonspor Kulübü vs Antalyaspor
[3602523] Could not find attributes for fabian balbuena (FK Dinamo Moskva, 2021)
[3602523] Failed to build match row: FK Dinamo Moskva vs Arsenal Tula
[4361310] Could not find attributes for cezary polak (Jagiellonia-Bialystok Sportowa Spólka Akcyjna, 2024)
[4361310] Failed to build match row: Jagiellonia-Bialystok Sportowa Spólka Akcyjna vs GKS GieKSa Katowice Spółka Akcyjna

Keepers & outfield error for **Sport Lisboa e Benfica** in KKS Lech Poznań Spółka Akcyjna vs Sport Lisboa e Benfica: Numbers: 2 and 9.
[3462263] Failed to build match row: KKS Lech Poznań Spółka Akcyjna vs Sport Lisboa e Benfica
[4408214] Could not find attributes for maksim osipenko (FK Rostov, 2024)

Keepers & outfield error for **SC Farense** in Futebol Clube do Porto vs SC Farense: Numbers: 2 and 9.
[4408214] Failed to build match row: FK Rostov vs Akron Togliatti
[4109287] Failed to build match row: Futebol Clube do Porto vs SC Farense
[4035609] Failed to scrape lineup: https://www.transfermarkt.co.uk/spielbericht/index/spielbericht/4035609
[4810952] Could not find attributes for victor hugo (Clube Atlético Mineiro, 2025)
[4810952] Failed to build match row: Clube Atlético Mineiro vs Clube Atlético Paranaense
[3450660] Could not find attributes for ahmed touba (RKC Waalwijk, 2020)
[3450660] Failed to build match row: Prins Hendrik Ende Desespereert Nimmer Combinatie Zwolle vs RKC Waalwijk
[3935082] Could not find attributes for niels kornelis (De Treffers, 2022)
[3935082] Failed to build match row: De Treffers vs RKC Waalwijk
[4425162] Could not find attributes for yonatan cohen (Melbourne City Football Club, 2024)
[4361311] Could not find attributes for assad al hamlawi (Slask Wroclaw, 2024)
[4425162] Failed to build match row: Brisbane Roar FC vs Melbourne City Football Club
[3621348] Could not find attributes for bruno costa (Futebol Clube do Porto, 2021)
[3602524] Failed to scrape lineup: https://www.transfermarkt.co.uk/lokomotiv-moscow_akhmat-grozny/index/spielbericht/3602524
[3651115] Failed to scrape lineup: https://www.transfermarkt.co.uk/spielbericht/index/spielbericht/3651115
[3508009] Failed to scrape lineup: https://www.transfermarkt.co.uk/spielbericht/index/spielbericht/3508009
[4361311] Failed to build match row: Legia Warszawa Spółka Akcyjna vs Slask Wroclaw
[3621348] Failed to build match row: Futebol Clube do Porto vs B SAD
[4709783] Failed to scrape lineup: https://www.transfermarkt.co.uk/spielbericht/index/spielbericht/4709783
[4626863] Failed to scrape lineup: https://www.transfermarkt.co.uk/spielbericht/index/spielbericht/4626863
[4094865] Could not find attributes for jean kevin duverne (Football Club de Nantes, 2023)
[4238571] Could not find attributes for roderick miller (Panama, 2025)
s** in Asociación Atlética Argentinos Juniors vs Club Atlético Sarmiento: Numbers: 0 and 11.
[4094865] Failed to build match row: Stade brestois 29 vs Football Club de Nantes
[4641635] Failed to scrape lineup: https://www.transfermarkt.co.uk/pec-zwolle_excelsior-rotterdam/index/spielbericht/4641635
[4238571] Failed to build match row: Panama vs United States
[4635264] Could not find attributes for seny koumbassa (Toulouse Football Club, 2025)
[4798260] Failed to build match row: Asociación Atlética Argentinos Juniors vs Club Atlético Sarmiento
[3844599] Could not find attributes for clement grenier (Real Club Deportivo Mallorca S.A.D., 2022)
[4635264] Failed to build match row: Toulouse Football Club vs Lille Olympique Sporting Club
[3844599] Failed to build match row: Real Club Deportivo Mallorca S.A.D. vs Real Betis Balompié S.A.D.
[3612926] Could not find attributes for mohammad naderi (Altay SK, 2021)
[4098011] Could not find attributes for cisse sandra (Excelsior Rotterdam, 2023)
[4098011] Failed to build match row: Sparta Rotterdam vs Excelsior Rotterdam
[3588626] Could not find attributes for sardar azmoun (Bayer 04 Leverkusen Fußball, 2021)
[3588626] Failed to build match row: Bayer 04 Leverkusen Fußball vs Eintracht Frankfurt Fußball AG
[4810953] Could not find attributes for viery (Grêmio Foot-Ball Porto Alegrense, 2025)
[3450661] Could not find attributes for jari vlak (FC Emmen, 2020)
besübungen Wolfsburg, 2024)
[4810953] Failed to build match row: Grêmio Foot-Ball Porto Alegrense vs Clube do Remo
[3450661] Failed to build match row: FC Emmen vs RKC Waalwijk
[4373406] Failed to build match row: Verein für Leibesübungen Wolfsburg vs Sportverein Werder Bremen von 1899
[3935083] Could not find attributes for pepijn vonk (USV Hercules, 2022)
[3935083] Failed to build match row: USV Hercules vs Nooit Opgeven Altijd Doorzetten Aangenaam Door Vermaak En Nuttig Door Ontspanning Combinatie Breda
[4363407] Failed to scrape lineup: https://www.transfermarkt.co.uk/1-fc-slovacko_fk-pardubice/index/spielbericht/4363407
[3869320] Failed to scrape lineup: https://www.transfermarkt.co.uk/fc-arouca_gd-chaves/index/spielbericht/3869320
[4376577] Failed to scrape lineup: https://www.transfermarkt.co.uk/aberdeen-fc_st-mirren-fc/index/spielbericht/4376577
[3602525] Could not find attributes for nikolay zabolotnyi (FK Sochi, 2021)
[3602525] Failed to build match row: FK Sochi vs FC Rubin Kazan

Keepers & outfield error for **CS Marítimo** in CS Marítimo vs Sporting Clube de Braga: Numbers: 2 and 9.
[3462264] Could not find attributes for mario gotze (Eindhovense Voetbalvereniging Philips Sport Vereniging, 2020)
[3432223] Failed to build match row: CS Marítimo vs Sporting Clube de Braga
[3462264] Failed to build match row: Eindhovense Voetbalvereniging Philips Sport Vereniging vs Granada CF
[4129939] Could not find attributes for federico marchetti (Hamrun Spartans, 2023)
[4129939] Failed to build match row: Hamrun Spartans vs Dinamo Tbilisi
[4452955] Failed to scrape lineup: https://www.transfermarkt.co.uk/spielbericht/index/spielbericht/4452955
[4635265] Could not find attributes for francis coquelin (Football Club de Nantes, 2025)
[4635265] Failed to build match row: Association de la Jeunesse auxerroise vs Football Club de Nantes
[4646360] Could not find attributes for godfried frimpong (Kasımpaşa A.Ş., 2025)
[4094866] Could not find attributes for yoram zague (Paris Saint-Germain Football Club, 2023)
[4238572] Could not find attributes for sergio rochet (Uruguay, 2025)
[4094866] Failed to build match row: Paris Saint-Germain Football Club vs Toulouse Football Club
[4238572] Failed to build match row: Uruguay vs Bolivia
[4646360] Failed to build match row: Samsunspor vs Kasımpaşa A.Ş.
[4367890] Failed to scrape lineup: https://www.transfermarkt.co.uk/psv-eindhoven_fc-twente-enschede/index/spielbericht/4367890
[4620701] Failed to scrape lineup: https://www.transfermarkt.co.uk/parma-calcio-1913_atalanta-bc/index/spielbericht/4620701
[4675371] Could not find attributes for bogdan petrychenko (Kolos Polonne, 2025)
[4675371] Failed to build match row: Kolos Polonne vs Agron Velyki Gai OTG
[4035610] Failed to scrape lineup: https://www.transfermarkt.co.uk/spielbericht/index/spielbericht/4035610
[3707337] Could not find attributes for pape diop (UD Ibiza, 2021)
[4408215] Failed to scrape lineup: https://www.transfermarkt.co.uk/fc-krasnodar_zenit-st-petersburg/index/spielbericht/4408215
[3838678] Failed to scrape lineup: https://www.transfermarkt.co.uk/tottenham-hotspur_afc-bournemouth/index/spielbericht/3838678
[3426909] Could not find attributes for okechukwu azubuike (İstanbul Başakşehir Futbol Kulübü, 2020)
[3707337] Failed to build match row: SD Ponferradina vs UD Ibiza
[3597893] Failed to scrape lineup: https://www.transfermarkt.co.uk/psv-eindhoven_sparta-rotterdam/index/spielbericht/3597893
[3426909] Failed to build match row: İstanbul Başakşehir Futbol Kulübü vs Gaziantep Futbol Kulübü A.Ş.

Keepers & outfield error for **Boavista FC** in Boavista FC vs Sporting Clube de Braga: Numbers: 2 and 9.
[3869321] Failed to build match row: Boavista FC vs Sporting Clube de Braga
Not enough players found for lineup: 0, 11.
[3935084] Failed to scrape lineup: https://www.transfermarkt.co.uk/spielbericht/index/spielbericht/3935084
[3432224] Could not find attributes for fahd moufi (Portimonense SC, 2020)
[3588627] Could not find attributes for jetro willems (SpVgg Greuther Fürth, 2021)
Not enough players found for lineup: 0, 11.
[3432224] Failed to build match row: FC Paços de Ferreira vs Portimonense SC
[4376578] Could not find attributes for lawrence shankland (Heart of Midlothian Football Club, 2024)
[4732732] Failed to scrape lineup: https://www.transfermarkt.co.uk/spielbericht/index/spielbericht/4732732
[3588627] Failed to build match row: 1. Fußballclub Union Berlin vs SpVgg Greuther Fürth

Keepers & outfield error for **Girona Fútbol Club S. A. D.** in Girona Fútbol Club S. A. D. vs Getafe Club de Fútbol S. A. D. Team Dubai: Numbers: 0 and 11.
[4129940] Could not find attributes for marquinhos (Ferencvárosi TC, 2023)
[3844600] Failed to build match row: Girona Fútbol Club S. A. D. vs Getafe Club de Fútbol S. A. D. Team Dubai
[4376578] Failed to build match row: Dundee Football Club vs Heart of Midlothian Football Club
[4129940] Failed to build match row: Ferencvárosi TC vs Shamrock Rovers
[4641637] Could not find attributes for remko pasveer (AFC Ajax Amsterdam, 2025)
[4635266] Could not find attributes for senny mayulu (Paris Saint-Germain Football Club, 2025)
[4641637] Failed to build match row: AFC Ajax Amsterdam vs Excelsior Rotterdam
[4635266] Failed to build match row: Racing Club de Lens vs Paris Saint-Germain Football Club
[3602526] Could not find attributes for mikhail kerzhakov (AO FK Zenit Sankt-Peterburg, 2021)
[4363408] Could not find attributes for jakub lapes (MFK Karvina, 2024)
[4649054] Could not find attributes for danel dongmo (Fotbal Club Petrolul Ploiești, 2025)
Not enough players found for lineup: 0, 0.
[4649054] Failed to build match row: Fotbal Club Petrolul Ploiești vs Asociația Clubul Sportiv Campionii Fotbal Club Argeș
[4452956] Failed to scrape lineup: https://www.transfermarkt.co.uk/spielbericht/index/spielbericht/4452956
[3602526] Failed to build match row: PFK CSKA Moskva vs AO FK Zenit Sankt-Peterburg
[4363408] Failed to build match row: MFK Karvina vs FC Viktoria Plzeň, a.s.
[3462265] Could not find attributes for michael luftner (Omonia Nicosia, 2020)
[4626864] Could not find attributes for branimir kalaica (FC Astana, 2025)
[3462265] Failed to build match row: Panthessalonikios Athlitikos Omilos Konstantinoupoliton vs Omonia Nicosia
[4626864] Failed to build match row: FC Astana vs FC Zimbru Chisinau
[4675372] Could not find attributes for bogdan synytskyi (SC Korosten Agro-Nyva, 2025)
[4675372] Failed to build match row: SC Korosten Agro-Nyva vs Lutsksantekhmontazh №536 Lutsk
[3415425] Could not find attributes for ante palaversa (KV Kortrijk, 2020)
[3415425] Failed to build match row: Beerschot VA vs KV Kortrijk
[4120678] Could not find attributes for danylo varakuta (Chornomorets Odesa, 2023)
[4120678] Failed to build match row: Chornomorets Odesa vs FC Rukh Lviv
[4094867] Could not find attributes for sadibou sane (Football Club de Metz, 2023)
[4094867] Failed to build match row: Racing Club de Strasbourg Alsace vs Football Club de Metz
[3838679] Failed to scrape lineup: https://www.transfermarkt.co.uk/southampton-fc_crystal-palace/index/spielbericht/3838679
[4810954] Could not find attributes for felipe jonatan (Coritiba Foot Ball Club, 2025)
[4810954] Failed to build match row: Coritiba Foot Ball Club vs Fluminense Football Club
[3852684] Could not find attributes for thijmen blokzijl (Football Club Groningen, 2022)
[3852684] Failed to build match row: Football Club Groningen vs FC Emmen
[4238573] Could not find attributes for damian bobadilla (Paraguay, 2025)
[4361313] Could not find attributes for german barkovskiy (Puszcza Niepolomice, 2024)
[4238573] Failed to build match row: Paraguay vs Brazil
[4396715] Could not find attributes for sidoine fogning (Boavista FC, 2024)
[4361313] Failed to build match row: Puszcza Niepolomice vs Motor Lublin Spółka Akcyjna
[4709784] Could not find attributes for jid okeke (Stockport County, 2025)
[3426910] Could not find attributes for atiba hutchinson (Beşiktaş Jimnastik Kulübü, 2020)
[4517190] Could not find attributes for wesley zonneveld (Rijnsburgse Boys, 2024)
[4396715] Failed to build match row: Boavista FC vs Club Football Estrela da Amadora
[4709784] Failed to build match row: Wigan Athletic vs Stockport County
[3426910] Failed to build match row: Beşiktaş Jimnastik Kulübü vs Erzurumspor FK

Keepers & outfield error for **Sporting Clube de Braga** in GD Chaves vs Sporting Clube de Braga: Numbers: 0 and 11.
[4530606] Could not find attributes for shusaku nishikawa (Urawa Red Diamonds, 2024)
[4517190] Failed to build match row: Rijnsburgse Boys vs Feyenoord Rotterdam
[4109288] Failed to build match row: GD Chaves vs Sporting Clube de Braga
[3612928] Could not find attributes for yunus akgun (Adana Demirspor, 2021)
[3612928] Failed to build match row: Sivasspor vs Adana Demirspor
[4530606] Failed to build match row: Urawa Red Diamonds vs Kawasaki Frontale
[3432225] Could not find attributes for abdeldjalil medioub (Clube Desportivo de Tondela, 2020)
[3432225] Failed to build match row: Clube Desportivo de Tondela vs Futebol Clube do Porto

Keepers & outfield error for **Clube Desportivo Santa Clara** in Clube Desportivo Santa Clara vs Portimonense SC: Numbers: 2 and 9.
[4408216] Could not find attributes for aleksandr soldatenkov (PFK Krylya Sovetov Samara, 2024)
[4408216] Failed to build match row: PFK Krylya Sovetov Samara vs FC Khimki (-2025)
[3869322] Failed to build match row: Clube Desportivo Santa Clara vs Portimonense SC
[4373408] Could not find attributes for kevin muller (1. Fußballclub Heidenheim 1846, 2024)
[4646361] Could not find attributes for rhaldney (Göztepe Sportif Yatırımlar A.Ş., 2025)

Keepers & outfield error for **Football Club Utrecht** in Alkmaar Zaanstreek vs Football Club Utrecht: Numbers: 0 and 11.
[4635267] Could not find attributes for yvon mvogo (Football Club Lorient-Bretagne Sud, 2025)
[4373408] Failed to build match row: Mönchengladbach vs 1. Fußballclub Heidenheim 1846

Keepers & outfield error for **Real Zaragoza** in Real Zaragoza vs Burgos CF: Numbers: 0 and 11.
[3450662] Failed to build match row: Alkmaar Zaanstreek vs Football Club Utrecht
[4646361] Failed to build match row: Fatih Karagümrük Sportif Faaliyetler San. Tic. A.Ş. vs Göztepe Sportif Yatırımlar A.Ş.

Keepers & outfield error for **Manchester City Football Club** in Manchester City Football Club vs Paris Saint-Germain Football Club: Numbers: 2 and 9.
[3707338] Failed to build match row: Real Zaragoza vs Burgos CF
[4635267] Failed to build match row: Football Club Lorient-Bretagne Sud vs Olympique de Marseille
[3935085] Could not find attributes for tesfaldet tekie (Go Ahead Eagles, 2022)
[4172070] Could not find attributes for veljko ilic (Fudbalski klub TSC Bačka Topola, 2023)
[3651117] Failed to build match row: Manchester City Football Club vs Paris Saint-Germain Football Club
[4172070] Failed to build match row: Fudbalski klub TSC Bačka Topola vs West Ham United Football Club

Keepers & outfield error for **Motherwell Football Club** in Motherwell Football Club vs Dundee United Football Club: Numbers: 0 and 11.
[4129941] Could not find attributes for mattia migani (SP Tre Penne, 2023)
[3935085] Failed to build match row: Go Ahead Eagles vs Helmond Sport
[4129941] Failed to build match row: SP Tre Penne vs Valmiera FC
[3890068] Failed to build match row: Motherwell Football Club vs Dundee United Football Club
[4120679] Could not find attributes for yevgen volynets (SC Dnipro-1, 2023)
[4120679] Failed to build match row: FC Shakhtar Donetsk vs SC Dnipro-1
[4736143] Could not find attributes for nicolas trabucchi (Parma Calcio 1913, 2025)
[4736143] Failed to build match row: Bologna Football Club 1909 vs Parma Calcio 1913
[4810955] Could not find attributes for erick pulga (Esporte Clube Bahia, 2025)

Keepers & outfield error for **Mexico** in Mexico vs Ecuador: Numbers: 0 and 11.
[4810955] Failed to build match row: Esporte Clube Bahia vs Sociedade Esportiva Palmeiras
[4238574] Failed to build match row: Mexico vs Ecuador
[4036080] Could not find attributes for dmitriy nepogodov (Chornomorets Odesa, 2022)
[4036080] Failed to build match row: Chornomorets Odesa vs FC Shakhtar Donetsk
[4361314] Could not find attributes for steve kingue (Radomiak S.A., 2024)
[3450663] Could not find attributes for jan paul van hecke (Sportclub Heerenveen, 2020)
[3450663] Failed to build match row: Football Club Groningen vs Sportclub Heerenveen
[4361314] Failed to build match row: Radomiak S.A. vs Widzew Łódź Spółka Akcyjna
[3602527] Could not find attributes for vitaliy gudiev (RFK Akhmat Grozny, 2021)
[4373409] Could not find attributes for rani khedira (1. Fußballclub Union Berlin, 2024)

Keepers & outfield error for **SC Farense** in FC Paços de Ferreira vs SC Farense: Numbers: 2 and 9.
[3602527] Failed to build match row: RFK Akhmat Grozny vs FK Rostov
[3432226] Failed to build match row: FC Paços de Ferreira vs SC Farense
[4373409] Failed to build match row: Holstein Kiel vs 1. Fußballclub Union Berlin
[4675373] Could not find attributes for denys sabatyuk (Legiya Kyiv, 2025)
[4675373] Failed to build match row: Legiya Kyiv vs Polissya Stavky
[3844601] Could not find attributes for mamady diarra (Cádiz CF, 2022)
[3844601] Failed to build match row: Club Atlético Osasuna vs Cádiz CF
[3869323] Could not find attributes for ousmane diomande (Sporting Clube de Portugal, 2022)
[3869323] Failed to build match row: Sporting Clube de Portugal vs Sport Lisboa e Benfica
[4452957] Could not find attributes for figo eijgenraam (TOGB Berkel, 2024)
[4452957] Failed to build match row: TOGB Berkel vs VV Noordwijk

Keepers & outfield error for **Associazione Calcio Milan** in Società Sportiva Lazio S.p.A. vs Associazione Calcio Milan: Numbers: 2 and 9.
[4736144] Failed to build match row: Società Sportiva Lazio S.p.A. vs Associazione Calcio Milan
[4408217] Could not find attributes for igor akinfeev (PFK CSKA Moskva, 2024)
[4408217] Failed to build match row: PFK CSKA Moskva vs RFK Akhmat Grozny
[4810956] Could not find attributes for yannick bolasie (Associação Chapecoense de Futebol, 2025)
[3415426] Could not find attributes for strahinja pavlovic (Cercle Brugge Koninklijke Sportvereniging, 2020)
[4641639] Could not find attributes for ruud nijstad (Football Club Twente, 2025)
[4641639] Failed to build match row: Football Club Volendam vs Football Club Twente
[3415426] Failed to build match row: Cercle Brugge Koninklijke Sportvereniging vs Club Brugge Koninklijke Voetbalvereniging
[4810956] Failed to build match row: Associação Chapecoense de Futebol vs Esporte Clube Vitória
[3935086] Could not find attributes for dion vlak (SV Spakenburg, 2022)
[3935086] Failed to build match row: SV Spakenburg vs SV TEC Tiel
[4172071] Could not find attributes for veljko ilic (Fudbalski klub TSC Bačka Topola, 2023)
[4036081] Failed to scrape lineup: https://www.transfermarkt.co.uk/pfc-lviv_dynamo-kyiv/index/spielbericht/4036081
[4172071] Failed to build match row: Fudbalski klub TSC Bačka Topola vs Olympiakos Syndesmos Filathlon Peiraios
[3612929] Could not find attributes for ogulcan ulgun (Konyaspor, 2021)
[4120680] Could not find attributes for bogdan kogut (NK Veres Rivne, 2023)
[3612929] Failed to build match row: Konyaspor vs Kayserispor Kulübü
[4120680] Failed to build match row: NK Veres Rivne vs TOV FK Metalist 1925 Kharkiv
[4098013] Could not find attributes for mickey van der hart (Sportclub Heerenveen, 2023)
[3432227] Could not find attributes for fahd moufi (Portimonense SC, 2020)
[4098013] Failed to build match row: Sportclub Heerenveen vs Go Ahead Eagles
[4129942] Could not find attributes for marcel sgro (Atlètic Club d'Escaldes, 2023)
[3432227] Failed to build match row: Clube Desportivo Nacional vs Portimonense SC
[4129942] Failed to build match row: Atlètic Club d'Escaldes vs FK Partizani
[4425163] Could not find attributes for luis felipe gallegos (Auckland Football Club, 2024)

Keepers & outfield error for **Sport Lisboa e Benfica** in Moreirense Futebol Clube vs Sport Lisboa e Benfica: Numbers: 2 and 9.
[4367891] Could not find attributes for silvester van der water (RKC Waalwijk, 2024)

Keepers & outfield error for **Club Sportivo Independiente Rivadavia** in Club Sportivo Independiente Rivadavia vs Club Atlético Tucumán: Numbers: 0 and 11.
[4361315] Could not find attributes for bujar pllana (Klub Sportowy Lechia Gdańsk, 2024)
[4425163] Failed to build match row: Auckland Football Club vs Wellington Phoenix Football Club
[4798262] Failed to build match row: Club Sportivo Independiente Rivadavia vs Club Atlético Tucumán
[4367891] Failed to build match row: RKC Waalwijk vs Feyenoord Rotterdam
[3621351] Failed to build match row: Moreirense Futebol Clube vs Sport Lisboa e Benfica
[4361315] Failed to build match row: RKS Raków Częstochowa SA vs Klub Sportowy Lechia Gdańsk
[4709785] Could not find attributes for jaden mears (Stoke City, 2025)
[4736145] Could not find attributes for sandi lovric (Udinese Calcio, 2025)

Keepers & outfield error for **Sporting Clube de Braga** in Sporting Clube de Braga vs Athlitiki Enosi Konstantinoupoleos: Numbers: 0 and 11.
[4238575] Could not find attributes for jahmali waite (Jamaica, 2025)
[3869324] Could not find attributes for magrao (Rio Ave Futebol Clube, 2022)
[4736145] Failed to build match row: Juventus Football Club vs Udinese Calcio
[4238575] Failed to build match row: Jamaica vs Venezuela
[4530609] Could not find attributes for togo umeda (S-Pulse, 2024)
[3462268] Failed to build match row: Sporting Clube de Braga vs Athlitiki Enosi Konstantinoupoleos
[4624872] Could not find attributes for mateusz klich (Klub Sportowy Cracovia Spółka Akcyjna, 2025)
[4530609] Failed to build match row: S-Pulse vs Fagiano Okayama Sports Club
[4709785] Failed to build match row: Stoke City vs Bradford City
[3869324] Failed to build match row: Rio Ave Futebol Clube vs Vitória Sport Clube

Keepers & outfield error for **Vitória Sport Clube** in Vitória Sport Clube vs Gil Vicente Futebol Clube: Numbers: 0 and 11.
[4624872] Failed to build match row: Klub Sportowy Cracovia Spółka Akcyjna vs Morski Związkowy Klub Sportowy Arka Gdynia Spółka Akcyjna
[3426911] Could not find attributes for omurcan artan (Gençlerbirliği Spor Kulübü, 2020)
[4635268] Could not find attributes for amadou cisse (Racing Club de Strasbourg Alsace, 2025)
[4626865] Could not find attributes for leon ujkaj (FK Decic Tuzi, 2025)
[4810957] Could not find attributes for hercules (Fluminense Football Club, 2025)
[4109289] Failed to build match row: Vitória Sport Clube vs Gil Vicente Futebol Clube
[3426911] Failed to build match row: Gençlerbirliği Spor Kulübü vs MKE Ankaragücü
[4635268] Failed to build match row: Racing Club de Strasbourg Alsace vs Rennes
[4810957] Failed to build match row: Fluminense Football Club vs Sport Club Corinthians Paulista
[4626865] Failed to build match row: Sportklub Rapid vs FK Decic Tuzi

Keepers & outfield error for **RasenBallsport Leipzig** in Club Brugge Koninklijke Voetbalvereniging vs RasenBallsport Leipzig: Numbers: 0 and 11.
[4641640] Could not find attributes for eli dasa (Nijmegen Eendracht Combinatie, 2025)
[3415427] Could not find attributes for osman bukari (Koninklijke Atletiek Associatie Gent, 2020)
[3651118] Failed to build match row: Club Brugge Koninklijke Voetbalvereniging vs RasenBallsport Leipzig
[4408218] Could not find attributes for ilya lantratov (Футбольный клуб "Локомотив" Москва, 2024)
[4641640] Failed to build match row: Feyenoord Rotterdam vs Nijmegen Eendracht Combinatie
[4172072] Could not find attributes for veljko ilic (Fudbalski klub TSC Bačka Topola, 2023)
[4408218] Failed to build match row: Футбольный клуб "Локомотив" Москва vs FK Spartak Moskva
[3415427] Failed to build match row: Koninklijke Atletiek Associatie Gent vs St Truiden
[4172072] Failed to build match row: Fudbalski klub TSC Bačka Topola vs Sport-Club Freiburg
[3597897] Could not find attributes for tijjani noslin (Fortuna Sittardia Combinatie, 2021)
[4649056] Could not find attributes for moses abbey (Fotbal Club Metaloglobus București SA, 2025)
[4098014] Failed to scrape lineup: https://www.transfermarkt.co.uk/pec-zwolle_almere-city-fc/index/spielbericht/4098014
[4649056] Failed to build match row: Fotbal Club Metaloglobus București SA vs SC Oţelul Galaţi

Keepers & outfield error for **UD Almería** in Elche Club de Fútbol S.A.D. vs UD Almería: Numbers: 0 and 11.
[3597897] Failed to build match row: Heracles Almelo vs Fortuna Sittardia Combinatie
[3844602] Failed to build match row: Elche Club de Fútbol S.A.D. vs UD Almería

Keepers & outfield error for **Sporting Clube de Portugal** in Sporting Clube de Portugal vs SC Farense: Numbers: 3 and 8.
[3602528] Could not find attributes for georgiy zotov (FC Rubin Kazan, 2021)
[3432228] Failed to build match row: Sporting Clube de Portugal vs SC Farense
[3602528] Failed to build match row: FC Rubin Kazan vs FK Dinamo Moskva
[3462269] Could not find attributes for nampalys mendy (Leicester City, 2020)
[3462269] Failed to build match row: Leicester City vs FC Zorya Lugansk
[4363409] Could not find attributes for filip cihak (FC Hradec Králové a.s., 2024)
[4363409] Failed to build match row: FC Hradec Králové a.s. vs FC Baník Ostrava a.s.

Keepers & outfield error for **SC Farense** in SC Farense vs Futebol Clube do Porto: Numbers: 0 and 11.
[4675374] Could not find attributes for bogdan vinichenko (Karbon Cherkasy, 2025)
[4675374] Failed to build match row: Karbon Cherkasy vs Palmira Odesa
[4396716] Failed to build match row: SC Farense vs Futebol Clube do Porto
[4109290] Could not find attributes for mansur (Club Football Estrela da Amadora, 2023)
[4109290] Failed to build match row: Sport Lisboa e Benfica vs Club Football Estrela da Amadora

Keepers & outfield error for **CD Tenerife** in CD Tenerife vs SD Eibar: Numbers: 3 and 8.
[3508010] Failed to scrape lineup: https://www.transfermarkt.co.uk/spielbericht/index/spielbericht/3508010
[3707339] Failed to build match row: CD Tenerife vs SD Eibar
[4367892] Could not find attributes for marvin young (Sparta Rotterdam, 2024)
[4517191] Could not find attributes for rio hillen (De Graafschap Doetinchem, 2024)
[3935087] Could not find attributes for bryan janssen (Kozakken Boys, 2022)
[3426912] Could not find attributes for robin yalcin (Sivasspor, 2020)
[4367892] Failed to build match row: Sparta Rotterdam vs Nooit Opgeven Altijd Doorzetten Aangenaam Door Vermaak En Nuttig Door Ontspanning Combinatie Breda

Keepers & outfield error for **Boavista FC** in Gil Vicente Futebol Clube vs Boavista FC: Numbers: 3 and 8.
[3935087] Failed to build match row: Kozakken Boys vs Vitesse Arnhem
[3426912] Failed to build match row: Konyaspor vs Sivasspor
[3588632] Failed to scrape lineup: https://www.transfermarkt.co.uk/fc-augsburg_1-fc-koln/index/spielbericht/3588632
[3621352] Failed to build match row: Gil Vicente Futebol Clube vs Boavista FC
[4517191] Failed to build match row: De Graafschap Doetinchem vs Heracles Almelo

Keepers & outfield error for **Motherwell Football Club** in The Celtic Football Club vs Motherwell Football Club: Numbers: 0 and 11.
[3432229] Could not find attributes for stanislav kritsyuk (B SAD, 2020)
[3432229] Failed to build match row: B SAD vs Portimonense SC
[3890072] Failed to build match row: The Celtic Football Club vs Motherwell Football Club
[4626866] Could not find attributes for georgiy yermakov (Maccabi Haifa, 2025)
[4635269] Could not find attributes for nathan mbala (Football Club de Metz, 2025)
[4120681] Could not find attributes for oleksandr bandura (FC Minaj, 2023)
[4408219] Could not find attributes for aleksandr belenov (Fakel Voronezh, 2024)
[4626866] Failed to build match row: Maccabi Haifa vs Torpedo-BelAZ Zhodino
[4635269] Failed to build match row: Football Club de Metz vs Paris Football Club
[4810958] Could not find attributes for vitinho (S. A. F. Botafogo, 2025)
[4120681] Failed to build match row: FC Minaj vs FK Kryvbas Kryvyi Rig
[4452958] Could not find attributes for ardi luijendijk (FC 's-Gravenzande, 2024)
[4408219] Failed to build match row: Fakel Voronezh vs FC Rubin Kazan
[3597898] Could not find attributes for vurnon anita (RKC Waalwijk, 2021)
[4810958] Failed to build match row: S. A. F. Botafogo vs Mirasol Futebol Clube
[4363410] Could not find attributes for jakub martinec (FK Jablonec a.s., 2024)
[4094868] Could not find attributes for nampalys mendy (Racing Club de Lens, 2023)
[4452958] Failed to build match row: FC 's-Gravenzande vs RKAVV Leidschendam
[3597898] Failed to build match row: RKC Waalwijk vs AFC Ajax Amsterdam
[4129943] Could not find attributes for yevgeniy tsymbalyuk (FC Urartu Yerevan, 2023)
[4363410] Failed to build match row: FK Jablonec a.s. vs FK Dukla Praha a.s.
[4094868] Failed to build match row: Rennes vs Racing Club de Lens
[4129943] Failed to build match row: F.C.V. Farul Constanța SA vs FC Urartu Yerevan
[3602529] Could not find attributes for anton kochenkov (Arsenal Tula, 2021)
[3602529] Failed to build match row: Arsenal Tula vs Футбольный клуб "Локомотив" Москва

Keepers & outfield error for **Unione Sportiva Cremonese S.p.A.** in Associazione Calcio Fiorentina vs Unione Sportiva Cremonese S.p.A.: Numbers: 0 and 11.
[3844736] Failed to build match row: Associazione Calcio Fiorentina vs Unione Sportiva Cremonese S.p.A.
[3508011] Could not find attributes for adrian mariappa (Bristol City, 2020)
[3508011] Failed to build match row: Millwall FC vs Bristol City
[4649057] Could not find attributes for teodor lungu (Asociația Fotbal Club Unirea 04 Slobozia, 2025)
[4675375] Could not find attributes for mykhaylo pruglo (Olimpia Savyntsi, 2025)
[4649057] Failed to build match row: SC Dinamo 1948 SA vs Asociația Fotbal Club Unirea 04 Slobozia
[4675375] Failed to build match row: Olimpia Savyntsi vs NIKA SMK Bogodukhiv
[3462270] Failed to scrape lineup: https://www.transfermarkt.co.uk/spielbericht/index/spielbericht/3462270
[4109291] Could not find attributes for magrao (Rio Ave Futebol Clube, 2023)
[4530612] Could not find attributes for masaaki higashiguchi (Gamba Osaka, 2024)
[4109291] Failed to build match row: Grupo Desportivo Estoril Praia vs Rio Ave Futebol Clube
[4238576] Could not find attributes for wendell (Brazil, 2025)
[4238576] Failed to build match row: Brazil vs Colombia
[4036082] Failed to scrape lineup: https://www.transfermarkt.co.uk/zorya-lugansk_rukh-lviv/index/spielbericht/4036082
[4098015] Could not find attributes for jordy bruijn (Heracles Almelo, 2023)
 2024)
[3890073] Failed to scrape lineup: https://www.transfermarkt.co.uk/dundee-united-fc_st-johnstone-fc/index/spielbericht/3890073
[4425166] Failed to scrape lineup: https://www.transfermarkt.co.uk/central-coast-mariners_sydney-fc/index/spielbericht/4425166

Keepers & outfield error for **UD Las Palmas** in Real Valladolid CF vs UD Las Palmas: Numbers: 2 and 9.
[4098015] Failed to build match row: Eindhovense Voetbalvereniging Philips Sport Vereniging vs Heracles Almelo
[4367893] Failed to build match row: Willem II Tilburg vs Sportclub Heerenveen
[3707340] Failed to build match row: Real Valladolid CF vs UD Las Palmas
[3426913] Could not find attributes for sidney sam (Antalyaspor, 2020)
[4363411] Failed to scrape lineup: https://www.transfermarkt.co.uk/ac-sparta-prague_bohemians-prague-1905/index/spielbericht/4363411
[3426913] Failed to build match row: Antalyaspor vs Kayserispor Kulübü

Keepers & outfield error for **Clube Desportivo de Tondela** in Clube Desportivo de Tondela vs Clube Desportivo Santa Clara: Numbers: 2 and 9.
[3869326] Could not find attributes for ponck (GD Chaves, 2022)
[4646365] Could not find attributes for dorukhan tokoz (Kayserispor Kulübü, 2025)
[3588633] Could not find attributes for burak ince (Arminia Bielefeld, 2021)
[3621353] Failed to build match row: Clube Desportivo de Tondela vs Clube Desportivo Santa Clara
[4646365] Failed to build match row: Kayserispor Kulübü vs Galatasaray Spor Kulübü
[4120682] Could not find attributes for sergiy loginov (FC Oleksandriya, 2023)
[3588633] Failed to build match row: Arminia Bielefeld vs Hertha BSC
[4120682] Failed to build match row: FC Oleksandriya vs FK Obolon Kyiv
[3869326] Failed to build match row: GD Chaves vs FC Paços de Ferreira
[4373420] Failed to scrape lineup: https://www.transfermarkt.co.uk/rb-leipzig_sc-freiburg/index/spielbericht/4373420
[4635270] Could not find attributes for seny koumbassa (Toulouse Football Club, 2025)
[4129944] Could not find attributes for vedran kjosevski (Struga Trim & Lum, 2023)
[4635270] Failed to build match row: Racing Club de Lens vs Toulouse Football Club
[3602530] Could not find attributes for artur nigmatullin (FK Nizhny Novgorod, 2021)
[4129944] Failed to build match row: Struga Trim & Lum vs Buducnost Podgorica
[3602530] Failed to build match row: FK Nizhny Novgorod vs PFK Krylya Sovetov Samara
[3612932] Could not find attributes for yannick bolasie (Çaykur Rizespor Kulübü, 2021)
[4641643] Could not find attributes for ringo meerveld (Sportclub Heerenveen, 2025)
[3612932] Failed to build match row: Çaykur Rizespor Kulübü vs Kasımpaşa A.Ş.
[4641643] Failed to build match row: Sportclub Heerenveen vs Alkmaar Zaanstreek
[4238577] Could not find attributes for sergio rochet (Uruguay, 2025)
[4238577] Failed to build match row: United States vs Uruguay
[3415429] Could not find attributes for panagiotis armenakas (Sportvereniging Zulte Waregem, 2020)
[3415429] Failed to build match row: Koninklijke Racing Club Genk vs Sportvereniging Zulte Waregem
[4396717] Could not find attributes for sandro cruz (Gil Vicente Futebol Clube, 2024)
[4396717] Failed to build match row: Gil Vicente Futebol Clube vs Futebol Clube de Famalicão
[4367894] Could not find attributes for thom haye (Almere City FC, 2024)
[4367894] Failed to build match row: Sparta Rotterdam vs Almere City FC

Keepers & outfield error for **Futebol Clube de Famalicão** in Futebol Clube de Famalicão vs Moreirense Futebol Clube: Numbers: 0 and 11.
[4109292] Failed to build match row: Futebol Clube de Famalicão vs Moreirense Futebol Clube
[3935088] Could not find attributes for nick plomper (ADO '20 Heemskerk, 2022)
[4363412] Could not find attributes for matous trmal (FK Mladá Boleslav, a.s., 2024)
[3935088] Failed to build match row: ADO '20 Heemskerk vs FC Emmen
[4363412] Failed to build match row: FK Mladá Boleslav, a.s. vs SK Sigma Olomouc, a.s.
[4649058] Could not find attributes for monday etim (U Craiova 1948 Club Sportiv SA, 2025)
[4649058] Failed to build match row: U Craiova 1948 Club Sportiv SA vs SC Fotbal Club FCSB SA
[4452959] Failed to scrape lineup: https://www.transfermarkt.co.uk/spielbericht/index/spielbericht/4452959
[4408220] Failed to scrape lineup: https://www.transfermarkt.co.uk/fc-orenburg_fc-pari-nizhniy-novgorod/index/spielbericht/4408220
[4094869] Failed to scrape lineup: https://www.transfermarkt.co.uk/olympique-marseille_fc-lorient/index/spielbericht/4094869
[4736147] Could not find attributes for seid korac (Venezia FC, 2025)
[4036083] Could not find attributes for oleg mozil (TOV FK Metalist 1925 Kharkiv, 2022)
[3844737] Failed to scrape lineup: https://www.transfermarkt.co.uk/hellas-verona_ssc-napoli/index/spielbericht/3844737
[4736147] Failed to build match row: Football Club Internazionale Milano S.p.A. vs Venezia FC
[4373421] Could not find attributes for kevin muller (1. Fußballclub Heidenheim 1846, 2024)
lub, 2022)
[4530613] Could not find attributes for koki fukui (Cerezo Osaka, 2024)
[4120683] Could not find attributes for pavlo isenko (Vorskla Poltava, 2023)
[4530613] Failed to build match row: Cerezo Osaka vs Yokohama FC
[4373421] Failed to build match row: 1. Fußballclub Heidenheim 1846 vs Turn- und Sportgemeinschaft 1899 Hoffenheim Fußball-Spielbetriebs
[4120683] Failed to build match row: Vorskla Poltava vs LNZ Cherkasy
[3890074] Failed to build match row: Heart of Midlothian Football Club vs Rangers Football Club
[3612933] Could not find attributes for shapi suleymanov (Giresunspor, 2021)
[3869327] Could not find attributes for ousmane diomande (Sporting Clube de Portugal, 2022)
[3869327] Failed to build match row: Sporting Clube de Portugal vs CS Marítimo
[3612933] Failed to build match row: Giresunspor vs Antalyaspor
[3651120] Could not find attributes for tyler morton (Liverpool Football Club, 2021)
[4626867] Could not find attributes for lovro majkic (Aris Thessalonikis, 2025)
[3852689] Could not find attributes for oguzhan ozyakup (Fortuna Sittardia Combinatie, 2022)
[4626867] Failed to build match row: Aris Thessalonikis vs Araz-Nakhchivan
[3651120] Failed to build match row: Liverpool Football Club vs Futebol Clube do Porto
[3426914] Could not find attributes for lewis baker (Trabzonspor Kulübü, 2020)
[3426914] Failed to build match row: Trabzonspor Kulübü vs Çaykur Rizespor Kulübü
[4646366] Could not find attributes for godfried frimpong (Kasımpaşa A.Ş., 2025)
[4635271] Could not find attributes for ally samatta (Le Havre Athletic Club, 2025)
[4646366] Failed to build match row: Kasımpaşa A.Ş. vs Gaziantep Futbol Kulübü A.Ş.
[4635271] Failed to build match row: Angers Sporting Club de l'Ouest vs Le Havre Athletic Club
[3838683] Could not find attributes for joao palhinha (Fulham Football Club, 2022)
[3838683] Failed to build match row: Everton Football Club vs Fulham Football Club
[3508012] Could not find attributes for kell watts (Plymouth Argyle, 2020)
[3432230] Failed to scrape lineup: https://www.transfermarkt.co.uk/sporting-cp_portimonense-sc/index/spielbericht/3432230
[4620706] Could not find attributes for alvaro morata (Calcio Como, 2025)
[3508012] Failed to build match row: Sheffield United vs Plymouth Argyle
[4620706] Failed to build match row: Calcio Como vs Genoa Cricket and Football Club
[4363413] Failed to scrape lineup: https://www.transfermarkt.co.uk/fk-pardubice_fc-slovan-liberec/index/spielbericht/4363413
[3844738] Failed to scrape lineup: https://www.transfermarkt.co.uk/juventus-fc_us-sassuolo/index/spielbericht/3844738
[3462271] Failed to scrape lineup: https://www.transfermarkt.co.uk/spielbericht/index/spielbericht/3462271

Keepers & outfield error for **Stal Mielec** in Stal Mielec vs Miejski Klub Sportowy Korona Kielce Spółka Akcyjna: Numbers: 2 and 9.
[4367895] Failed to scrape lineup: https://www.transfermarkt.co.uk/az-alkmaar_psv-eindhoven/index/spielbericht/4367895
[4361316] Failed to build match row: Stal Mielec vs Miejski Klub Sportowy Korona Kielce Spółka Akcyjna
[4517192] Could not find attributes for lars jansen (Quick Boys, 2024)
[4517192] Failed to build match row: Quick Boys vs Sportclub Heerenveen
stantinoupoleos, 2023)
[4172075] Failed to build match row: AFC Ajax Amsterdam vs Athlitiki Enosi Konstantinoupoleos
[4425167] Failed to scrape lineup: https://www.transfermarkt.co.uk/melbourne-victory_perth-glory/index/spielbericht/4425167
[4098016] Failed to scrape lineup: https://www.transfermarkt.co.uk/ajax-amsterdam_nec-nijmegen/index/spielbericht/4098016
[4036084] Could not find attributes for daniil yermolov (Metalist Kharkiv, 2022)
[4036084] Failed to build match row: Metalist Kharkiv vs FK Kolos Kovalivka
[4530616] Could not find attributes for ryosuke kojima (Hitachi Kashiwa Reysol, 2024)
[4530616] Failed to build match row: Hitachi Kashiwa Reysol vs Sanfrecce Hiroshima
Not enough players found for lineup: 0, 11.
[4452960] Failed to scrape lineup: https://www.transfermarkt.co.uk/spielbericht/index/spielbericht/4452960
[4129952] Could not find attributes for igor plastun (Ludogorets Razgrad, 2023)
[4129952] Failed to build match row: Ludogorets Razgrad vs NK Olimpija Ljubljana
[4646367] Could not find attributes for julian cuesta (Antalyaspor, 2025)
[3602531] Failed to scrape lineup: https://www.transfermarkt.co.uk/fc-ufa_spartak-moscow/index/spielbericht/3602531
[4646367] Failed to build match row: Antalyaspor vs Fatih Karagümrük Sportif Faaliyetler San. Tic. A.Ş.
[4641644] Failed to scrape lineup: https://www.transfermarkt.co.uk/sparta-rotterdam_fortuna-sittard/index/spielbericht/4641644
[3426915] Could not find attributes for irfan can egribayat (Göztepe Sportif Yatırımlar A.Ş., 2020)
[3426915] Failed to build match row: Göztepe Sportif Yatırımlar A.Ş. vs Hatayspor
[4624874] Could not find attributes for damian rasak (GKS GieKSa Katowice Spółka Akcyjna, 2025)
[4624874] Failed to build match row: KKS Lech Poznań Spółka Akcyjna vs GKS GieKSa Katowice Spółka Akcyjna
[4367896] Could not find attributes for nikolai hopland (Sportclub Heerenveen, 2024)
[4367896] Failed to build match row: Nijmegen Eendracht Combinatie vs Sportclub Heerenveen
[3415431] Could not find attributes for xadas (Royal Excel Mouscron (-2022), 2020)
[3612934] Could not find attributes for ryan donk (Kasımpaşa A.Ş., 2021)
[3415431] Failed to build match row: Royal Excel Mouscron (-2022) vs Royal Sporting Club Anderlecht
[3612934] Failed to build match row: Kasımpaşa A.Ş. vs Yeni Malatyaspor
[4396718] Failed to scrape lineup: https://www.transfermarkt.co.uk/cd-nacional_gd-estoril-praia/index/spielbericht/4396718
[4098017] Could not find attributes for robin propper (Football Club Twente, 2023)
[4238578] Failed to scrape lineup: https://www.transfermarkt.co.uk/spielbericht/index/spielbericht/4238578
[4036085] Could not find attributes for mykyta shevchenko (FC Oleksandriya, 2022)
[3462272] Could not find attributes for enric saborit (Maccabi Tel Aviv, 2020)
[4098017] Failed to build match row: Football Club Twente vs Football Club Utrecht
[3462272] Failed to build match row: Maccabi Tel Aviv vs Qarabağ FK
[4736149] Could not find attributes for sergi roberto (Calcio Como, 2025)
[4736149] Failed to build match row: Associazione Calcio Fiorentina vs Calcio Como
[4798263] Could not find attributes for leonel di placido (Club Atlético Tucumán, 2025)
[4798263] Failed to build match row: Club Atlético Tucumán vs Club Atlético Central Córdoba
[4373422] Failed to scrape lineup: https://www.transfermarkt.co.uk/sv-werder-bremen_bayer-04-leverkusen/index/spielbericht/4373422
[3890075] Failed to scrape lineup: https://www.transfermarkt.co.uk/ross-county-fc_hibernian-fc/index/spielbericht/3890075
[4641645] Failed to scrape lineup: https://www.transfermarkt.co.uk/sc-telstar_fc-utrecht/index/spielbericht/4641645
[3602532] Failed to scrape lineup: https://www.transfermarkt.co.uk/ural-yekaterinburg_fc-sochi/index/spielbericht/3602532
[4408221] Could not find attributes for david volk (Dinamo Makhachkala, 2024)
[4408221] Failed to build match row: Dinamo Makhachkala vs FK Dinamo Moskva
[3450665] Failed to scrape lineup: https://www.transfermarkt.co.uk/twente-enschede-fc_vitesse-arnhem/index/spielbericht/3450665
[4530618] Could not find attributes for kota sanada (Shonan Bellmare, 2024)
[4530618] Failed to build match row: Shonan Bellmare vs Kawasaki Frontale
[4675548] Could not find attributes for viktor babichyn (IRON Zaporizhya, 2025)
[4675548] Failed to build match row: IRON Zaporizhya vs FC Novoukrainka
[4649059] Failed to scrape lineup: https://www.transfermarkt.co.uk/uta-arad_cfr-cluj/index/spielbericht/4649059
[4709787] Could not find attributes for jeremiah okine peters (Reading FC, 2025)
[4709787] Failed to build match row: Reading FC vs AFC Wimbledon
[3621354] Could not find attributes for china (CS Marítimo, 2021)
[3597901] Failed to scrape lineup: https://www.transfermarkt.co.uk/sc-heerenveen_willem-ii-tilburg/index/spielbericht/3597901
[3621354] Failed to build match row: CS Marítimo vs Sporting Clube de Braga
[4129953] Could not find attributes for matej senic (HSK Zrinjski Mostar, 2023)
[4129953] Failed to build match row: HSK Zrinjski Mostar vs Slovan Bratislava
[4626868] Could not find attributes for oto goshadze (Torpedo Kutaisi, 2025)
[3651121] Failed to scrape lineup: https://www.transfermarkt.co.uk/spielbericht/index/spielbericht/3651121
[4646368] Could not find attributes for wagner pina (Trabzonspor Kulübü, 2025)
[3852690] Failed to scrape lineup: https://www.transfermarkt.co.uk/sc-cambuur-leeuwarden_sc-heerenveen/index/spielbericht/3852690
[3869328] Failed to scrape lineup: https://www.transfermarkt.co.uk/fc-vizela_fc-famalicao/index/spielbericht/3869328
[4626868] Failed to build match row: Torpedo Kutaisi vs Omonia Nicosia
[3612935] Could not find attributes for halil dervisoglu (Galatasaray Spor Kulübü, 2021)
[4646368] Failed to build match row: Trabzonspor Kulübü vs Samsunspor
[3838684] Failed to scrape lineup: https://www.transfermarkt.co.uk/chelsea-fc_brighton-amp-hove-albion/index/spielbericht/3838684
[3612935] Failed to build match row: Galatasaray Spor Kulübü vs Gaziantep Futbol Kulübü A.Ş.
[4635272] Failed to scrape lineup: https://www.transfermarkt.co.uk/as-monaco_aj-auxerre/index/spielbericht/4635272

Keepers & outfield error for **Club Atlético Gimnasia y Esgrima de Mendoza** in Club Atlético Gimnasia y Esgrima de Mendoza vs Club Atlético San Lorenzo de Almagro: Numbers: 0 and 11.
[4798264] Failed to build match row: Club Atlético Gimnasia y Esgrima de Mendoza vs Club Atlético San Lorenzo de Almagro
[4109293] Could not find attributes for leonardo lelo (Casa Pia Atlético Clube, 2023)
[3602533] Could not find attributes for ilya lantratov (FC Khimki (-2025), 2021)
[4109293] Failed to build match row: Casa Pia Atlético Clube vs Sporting Clube de Portugal
[4361318] Could not find attributes for steve kingue (Radomiak S.A., 2024)
[4361318] Failed to build match row: Klub Sportowy Cracovia Spółka Akcyjna vs Radomiak S.A.
[4452961] Could not find attributes for nick meijboom (VV Heerjansdam, 2024)
[4363414] Failed to scrape lineup: https://www.transfermarkt.co.uk/fk-teplice_sk-slavia-prague/index/spielbericht/4363414
[3432231] Failed to scrape lineup: https://www.transfermarkt.co.uk/cd-santa-clara_sc-farense/index/spielbericht/3432231
[4620707] Failed to scrape lineup: https://www.transfermarkt.co.uk/acf-fiorentina_ssc-napoli/index/spielbericht/4620707
[3844739] Failed to scrape lineup: https://www.transfermarkt.co.uk/ss-lazio_bologna-fc-1909/index/spielbericht/3844739
[4452961] Failed to build match row: VV Heerjansdam vs Blauw Geel '38 / Jumbo
[3508013] Failed to scrape lineup: https://www.transfermarkt.co.uk/spielbericht/index/spielbericht/3508013
[4367897] Failed to scrape lineup: https://www.transfermarkt.co.uk/rkc-waalwijk_twente-enschede-fc/index/spielbericht/4367897
[3462273] Could not find attributes for jaume costa (Villarreal Club de Fútbol S.A.D., 2020)
[4408222] Failed to scrape lineup: https://www.transfermarkt.co.uk/zenit-st-petersburg_fc-orenburg/index/spielbericht/4408222
[3462273] Failed to build match row: Villarreal Club de Fútbol S.A.D. vs Sivasspor
[4373423] Could not find attributes for alexis claude maurice (Fußball-Club Augsburg 1907, 2024)
[4530619] Failed to scrape lineup: https://www.transfermarkt.co.uk/albirex-niigata_nagoya-grampus/index/spielbericht/4530619
[4373423] Failed to build match row: Fußball-Club Augsburg 1907 vs Borussia Dortmund
[4036086] Could not find attributes for oleksandr bandura (FC Minaj, 2022)
[4036086] Failed to build match row: FC Minaj vs Ingulets Petrove
[4521267] Failed to scrape lineup: https://www.transfermarkt.co.uk/d-c-united_chicago-fire-fc/index/spielbericht/4521267
[4094871] Failed to scrape lineup: https://www.transfermarkt.co.uk/clermont-foot-63_olympique-lyon/index/spielbericht/4094871

Keepers & outfield error for **Football Club Utrecht** in Football Club Utrecht vs Heracles Almelo: Numbers: 0 and 11.
[3450666] Failed to build match row: Football Club Utrecht vs Heracles Almelo
[4649060] Could not find attributes for andrei coubis (Asociația Sportivă Fotbal Club Universitatea Cluj, 2025)
[4649060] Failed to build match row: Asociația Sportivă Fotbal Club Universitatea Cluj vs Asociația Clubul Sportiv Campionii Fotbal Club Argeș
[4376583] Could not find attributes for lawrence shankland (Heart of Midlothian Football Club, 2024)
[4376583] Failed to build match row: Aberdeen Football Club vs Heart of Midlothian Football Club
[4396720] Failed to scrape lineup: https://www.transfermarkt.co.uk/sporting-cp_fc-arouca/index/spielbericht/4396720

Keepers & outfield error for **CD Lugo** in CD Lugo vs CD Mirandés: Numbers: 2 and 9.
[3707341] Failed to build match row: CD Lugo vs CD Mirandés
[3852691] Could not find attributes for oguzhan ozyakup (Fortuna Sittardia Combinatie, 2022)
[3852691] Failed to build match row: Fortuna Sittardia Combinatie vs Sparta Rotterdam
[4676359] Could not find attributes for malte kiilerich (Hvidovre IF, 2025)
[4676359] Failed to build match row: Hvidovre IF vs HB Köge
[4120684] Failed to scrape lineup: https://www.transfermarkt.co.uk/sc-dnipro-1_chornomorets-odesa/index/spielbericht/4120684
[4094872] Could not find attributes for nabil bentaleb (Lille Olympique Sporting Club, 2023)
[3621355] Failed to scrape lineup: https://www.transfermarkt.co.uk/fc-arouca_estoril-praia/index/spielbericht/3621355
[4094872] Failed to build match row: Football Club de Nantes vs Lille Olympique Sporting Club
[4646369] Could not find attributes for uchenna ogundu (Alanyaspor, 2025)
[4646369] Failed to build match row: Alanyaspor vs Beşiktaş Jimnastik Kulübü
[4129954] Could not find attributes for milan borjan (Slovan Bratislava, 2023)
[4129954] Failed to build match row: Slovan Bratislava vs HSK Zrinjski Mostar
[4098018] Could not find attributes for siemen voet (Fortuna Sittardia Combinatie, 2023)
[4098018] Failed to build match row: Fortuna Sittardia Combinatie vs Alkmaar Zaanstreek
[3426916] Failed to scrape lineup: https://www.transfermarkt.co.uk/fatih-karagumruk_galatasaray/index/spielbericht/3426916
[4624875] Failed to scrape lineup: https://www.transfermarkt.co.uk/legia-warszawa_gornik-zabrze/index/spielbericht/4624875
[4425168] Could not find attributes for corey brown (Brisbane Roar FC, 2024)
[4425168] Failed to build match row: Brisbane Roar FC vs Sydney Football Club
[3432232] Could not find attributes for bilel aouacheria (SC Farense, 2020)
[3432232] Failed to build match row: SC Farense vs Sporting Clube de Portugal
[3415432] Failed to scrape lineup: https://www.transfermarkt.co.uk/r-charleroi-sc_oud-heverlee-leuven/index/spielbericht/3415432
[4172077] Failed to scrape lineup: https://www.transfermarkt.co.uk/spielbericht/index/spielbericht/4172077

Keepers & outfield error for **Portimonense SC** in Portimonense SC vs Sport Lisboa e Benfica: Numbers: 2 and 9.
[3869329] Failed to build match row: Portimonense SC vs Sport Lisboa e Benfica
[3602534] Could not find attributes for mikhail kerzhakov (AO FK Zenit Sankt-Peterburg, 2021)
[3602534] Failed to build match row: AO FK Zenit Sankt-Peterburg vs FK Rostov
[4363415] Could not find attributes for haiderson hurtado (FK Jablonec a.s., 2024)
[4363415] Failed to build match row: AC Sparta Praha, a. s. vs FK Jablonec a.s.
[4635273] Could not find attributes for francis coquelin (Football Club de Nantes, 2025)
[4635273] Failed to build match row: Football Club de Nantes vs Stade brestois 29
[4736150] Failed to scrape lineup: https://www.transfermarkt.co.uk/spielbericht/index/spielbericht/4736150
[3890076] Failed to scrape lineup: https://www.transfermarkt.co.uk/st-mirren-fc_livingston-fc/index/spielbericht/3890076
[4641646] Failed to scrape lineup: https://www.transfermarkt.co.uk/sc-heerenveen_nac-breda/index/spielbericht/4641646
[4408223] Could not find attributes for aleksandr maksimenko (FK Spartak Moskva, 2024)
[4408223] Failed to build match row: FK Spartak Moskva vs FK Rostov
[4129955] Could not find attributes for matevz vidovsek (NK Olimpija Ljubljana, 2023)
[4129955] Failed to build match row: NK Olimpija Ljubljana vs Ludogorets Razgrad
[4810959] Could not find attributes for luan peres (Santos Futebol Clube, 2025)
[4810959] Failed to build match row: Santos Futebol Clube vs Clube do Remo
[3426917] Could not find attributes for angelo sagal (Denizlispor, 2020)
[3426917] Failed to build match row: Denizlispor vs Alanyaspor
[4646370] Could not find attributes for marcos felipe (Eyüp Spor Kulübü, 2025)
[4646370] Failed to build match row: İstanbul Başakşehir Futbol Kulübü vs Eyüp Spor Kulübü

Keepers & outfield error for **Sport Lisboa e Benfica** in Sport Lisboa e Benfica vs Futebol Clube de Arouca: Numbers: 3 and 8.
[3621356] Failed to build match row: Sport Lisboa e Benfica vs Futebol Clube de Arouca
[3602535] Could not find attributes for ruslan litvinov (FK Spartak Moskva, 2021)
[3602535] Failed to build match row: FK Spartak Moskva vs RFK Akhmat Grozny
[4120685] Could not find attributes for kiril fesyun (FK Kolos Kovalivka, 2023)
[4120685] Failed to build match row: FK Kolos Kovalivka vs FC Zorya Lugansk
[3588652] Could not find attributes for bastian oczipka (1. Fußballclub Union Berlin, 2021)
[3588652] Failed to build match row: Sport-Club Freiburg vs 1. Fußballclub Union Berlin

Keepers & outfield error for **Gil Vicente Futebol Clube** in Gil Vicente Futebol Clube vs Boavista FC: Numbers: 0 and 11.
[3869330] Failed to build match row: Gil Vicente Futebol Clube vs Boavista FC
[3597903] Could not find attributes for ringo meerveld (Willem II Tilburg, 2021)
[3597903] Failed to build match row: Willem II Tilburg vs SC Cambuur Leeuwarden
[4626869] Failed to scrape lineup: https://www.transfermarkt.co.uk/spielbericht/index/spielbericht/4626869
[4109294] Failed to scrape lineup: https://www.transfermarkt.co.uk/rio-ave-fc_gd-chaves/index/spielbericht/4109294
[4239502] Could not find attributes for laurie walker (Barnet FC, 2023)
[4361319] Failed to scrape lineup: https://www.transfermarkt.co.uk/gks-katowice_zaglebie-lubin/index/spielbericht/4361319
[3612936] Failed to scrape lineup: https://www.transfermarkt.co.uk/trabzonspor_caykur-rizespor/index/spielbericht/3612936
[4452962] Failed to scrape lineup: https://www.transfermarkt.co.uk/spielbericht/index/spielbericht/4452962
[3508014] Failed to scrape lineup: https://www.transfermarkt.co.uk/spielbericht/index/spielbericht/3508014
[4620708] Failed to scrape lineup: https://www.transfermarkt.co.uk/juventus-fc_inter-milan/index/spielbericht/4620708
[3844740] Failed to scrape lineup: https://www.transfermarkt.co.uk/us-lecce_inter-milan/index/spielbericht/3844740
[4239502] Failed to build match row: Barnet FC vs Newport County
[4036087] Failed to scrape lineup: https://www.transfermarkt.co.uk/nk-veres-rivne_kryvbas-kryvyi-rig/index/spielbericht/4036087
[3935089] Could not find attributes for norbert alblas (Excelsior Rotterdam, 2022)
[4367898] Failed to scrape lineup: https://www.transfermarkt.co.uk/go-ahead-eagles_feyenoord-rotterdam/index/spielbericht/4367898
[3462274] Failed to scrape lineup: https://www.transfermarkt.co.uk/spielbericht/index/spielbericht/3462274
[3935089] Failed to build match row: Excelsior Rotterdam vs MVV Maastricht
[3432233] Could not find attributes for ryotaro meshino (Rio Ave Futebol Clube, 2020)
[4624877] Could not find attributes for natan lawa (Morski Klub Sportowy Pogoń Szczecin, 2025)
[4624877] Failed to build match row: Gliwicki Klub Sportowy Piast Spółka Akcyjna vs Morski Klub Sportowy Pogoń Szczecin
[3432233] Failed to build match row: Rio Ave Futebol Clube vs Portimonense SC
[4810960] Could not find attributes for viery (Grêmio Foot-Ball Porto Alegrense, 2025)
[4363416] Could not find attributes for jakub markovic (FC Baník Ostrava a.s., 2024)
[3602536] Could not find attributes for silvije begic (PFK Krylya Sovetov Samara, 2021)
[4810960] Failed to build match row: Sociedade Esportiva Palmeiras vs Grêmio Foot-Ball Porto Alegrense
[4363416] Failed to build match row: FC Baník Ostrava a.s. vs 1. FC Slovácko
a
Not enough players found for lineup: 0, 0.
[4676360] Failed to scrape lineup: https://www.transfermarkt.co.uk/spielbericht/index/spielbericht/4676360
[4649061] Failed to scrape lineup: https://www.transfermarkt.co.uk/fc-hermannstadt_fc-rapid-1923/index/spielbericht/4649061

Keepers & outfield error for **Galatasaray Spor Kulübü** in Galatasaray Spor Kulübü vs Çaykur Rizespor Kulübü: Numbers: 2 and 9.
[4646372] Failed to build match row: Galatasaray Spor Kulübü vs Çaykur Rizespor Kulübü
[3588653] Could not find attributes for sardar azmoun (Bayer 04 Leverkusen Fußball, 2021)
[3588653] Failed to build match row: Turn- und Sportgemeinschaft 1899 Hoffenheim Fußball-Spielbetriebs vs Bayer 04 Leverkusen Fußball
[4530620] Could not find attributes for togo umeda (S-Pulse, 2024)
[4530620] Failed to build match row: S-Pulse vs Urawa Red Diamonds
[4396721] Failed to scrape lineup: https://www.transfermarkt.co.uk/vitoria-guimaraes-sc_sc-braga/index/spielbericht/4396721
[4376584] Failed to scrape lineup: https://www.transfermarkt.co.uk/dundee-fc_kilmarnock-fc/index/spielbericht/4376584
[4373425] Failed to scrape lineup: https://www.transfermarkt.co.uk/1-fc-union-berlin_eintracht-frankfurt/index/spielbericht/4373425
[4737017] Could not find attributes for christian nwoke (IF Lyseng, 2025)
[4737017] Failed to build match row: IF Lyseng vs Vejle Boldklub
[4425169] Failed to scrape lineup: https://www.transfermarkt.co.uk/wellington-phoenix_auckland-fc/index/spielbericht/4425169
[3710333] Failed to scrape lineup: https://www.transfermarkt.co.uk/spielbericht/index/spielbericht/3710333
[3597904] Failed to scrape lineup: https://www.transfermarkt.co.uk/twente-enschede-fc_rkc-waalwijk/index/spielbericht/3597904
[3852692] Failed to scrape lineup: https://www.transfermarkt.co.uk/fc-volendam_az-alkmaar/index/spielbericht/3852692
[4172078] Could not find attributes for domagoj vida (Athlitiki Enosi Konstantinoupoleos, 2023)
[4172078] Failed to build match row: Olympique de Marseille vs Athlitiki Enosi Konstantinoupoleos
[4094873] Failed to scrape lineup: https://www.transfermarkt.co.uk/montpellier-hsc_as-monaco/index/spielbericht/4094873
[3415433] Failed to scrape lineup: https://www.transfermarkt.co.uk/kvrs-waasland-sk-beveren_kv-mechelen/index/spielbericht/3415433

Keepers & outfield error for **Football Club Utrecht** in Football Club Utrecht vs Prins Hendrik Ende Desespereert Nimmer Combinatie Zwolle: Numbers: 0 and 11.
[3450667] Failed to build match row: Football Club Utrecht vs Prins Hendrik Ende Desespereert Nimmer Combinatie Zwolle
[3890077] Failed to scrape lineup: https://www.transfermarkt.co.uk/hibernian-fc_aberdeen-fc/index/spielbericht/3890077
/4521271
[3651124] Failed to scrape lineup: https://www.transfermarkt.co.uk/spielbericht/index/spielbericht/3651124

Keepers & outfield error for **Futebol Clube do Porto** in Futebol Clube do Porto vs Casa Pia Atlético Clube: Numbers: 0 and 11.
[3869331] Failed to build match row: Futebol Clube do Porto vs Casa Pia Atlético Clube
[4620710] Could not find attributes for jesper karlstrom (Udinese Calcio, 2025)
[4408224] Failed to scrape lineup: https://www.transfermarkt.co.uk/fc-krasnodar_fc-khimki/index/spielbericht/4408224
[4620710] Failed to build match row: Pisa Sporting Club vs Udinese Calcio
[4396722] Could not find attributes for jeremy livolant (Casa Pia Atlético Clube, 2024)
[4709789] Failed to scrape lineup: https://www.transfermarkt.co.uk/spielbericht/index/spielbericht/4709789
[3426918] Failed to scrape lineup: https://www.transfermarkt.co.uk/yeni-malatyaspor_kasimpasa/index/spielbericht/3426918
[3597905] Could not find attributes for nick bakker (Sportclub Heerenveen, 2021)
[4798265] Failed to scrape lineup: https://www.transfermarkt.co.uk/ca-lanus_ca-union-santa-fe-/index/spielbericht/4798265
[4396722] Failed to build match row: Moreirense Futebol Clube vs Casa Pia Atlético Clube
[3597905] Failed to build match row: Sportclub Heerenveen vs Sparta Rotterdam

Keepers & outfield error for **Hertha BSC** in Hertha BSC vs 1. Fußball- und Sportverein Mainz 05: Numbers: 0 and 11.
[4635275] Could not find attributes for senny mayulu (Paris Saint-Germain Football Club, 2025)
[3588654] Failed to build match row: Hertha BSC vs 1. Fußball- und Sportverein Mainz 05
[4530621] Could not find attributes for gakuji ota (Kyoto Purple Sanga, 2024)
[4635275] Failed to build match row: Paris Saint-Germain Football Club vs Olympique Lyonnais
[4530621] Failed to build match row: Kyoto Purple Sanga vs Zelvia
[4737018] Could not find attributes for lucas chang andersen (Brönshöj Boldklub, 2025)
[4737018] Failed to build match row: Brönshöj Boldklub vs Odense Boldklub
[4120686] Could not find attributes for yuriy volodymyr gereta (FC Rukh Lviv, 2023)
[4120686] Failed to build match row: Futbolniy Klub Dynamo Kyiv vs FC Rukh Lviv
[3621357] Failed to scrape lineup: https://www.transfermarkt.co.uk/sc-braga_sporting-cp/index/spielbericht/3621357
[4098019] Could not find attributes for anis hadj moussa (Vitesse Arnhem, 2023)
[4098019] Failed to build match row: Vitesse Arnhem vs Football Club Volendam
[4408225] Could not find attributes for andrey lunev (FK Dinamo Moskva, 2024)
[4408225] Failed to build match row: FK Dinamo Moskva vs PFK CSKA Moskva
[4626870] Failed to scrape lineup: https://www.transfermarkt.co.uk/spielbericht/index/spielbericht/4626870
[4239505] Could not find attributes for dwayne wiley (Alfreton Town, 2023)
[4109295] Failed to scrape lineup: https://www.transfermarkt.co.uk/sc-farense_casa-pia-ac/index/spielbericht/4109295
[4239505] Failed to build match row: Walsall FC vs Alfreton Town
[4649062] Could not find attributes for arian kabashi (Asociația Futball Klub Csíkszereda Miercurea Ciuc, 2025)
[4649062] Failed to build match row: Fotbal Club Metaloglobus București SA vs Asociația Futball Klub Csíkszereda Miercurea Ciuc
[4361320] Could not find attributes for german barkovskiy (Puszcza Niepolomice, 2024)
[4361320] Failed to build match row: Miejski Klub Sportowy Korona Kielce Spółka Akcyjna vs Puszcza Niepolomice
[4452963] Failed to scrape lineup: https://www.transfermarkt.co.uk/spielbericht/index/spielbericht/4452963
[4172079] Failed to scrape lineup: https://www.transfermarkt.co.uk/spielbericht/index/spielbericht/4172079
[3612937] Failed to scrape lineup: https://www.transfermarkt.co.uk/alanyaspor_goztepe/index/spielbericht/3612937
[3844741] Failed to scrape lineup: https://www.transfermarkt.co.uk/ac-milan_udinese-calcio/index/spielbericht/3844741
[4521272] Failed to scrape lineup: https://www.transfermarkt.co.uk/los-angeles-fc_toronto-fc/index/spielbericht/4521272
[3462275] Failed to scrape lineup: https://www.transfermarkt.co.uk/spielbericht/index/spielbericht/3462275
[4624878] Failed to scrape lineup: https://www.transfermarkt.co.uk/widzew-lodz_bruk-bet-termalica-nieciecza/index/spielbericht/4624878
[4036096] Failed to scrape lineup: https://www.transfermarkt.co.uk/shakhtar-donetsk_metalist-kharkiv/index/spielbericht/4036096
[4737019] Failed to scrape lineup: https://www.transfermarkt.co.uk/spielbericht/index/spielbericht/4737019
[4810961] Failed to scrape lineup: https://www.transfermarkt.co.uk/red-bull-bragantino_cr-flamengo/index/spielbericht/4810961
[3621358] Failed to scrape lineup: https://www.transfermarkt.co.uk/cd-santa-clara_moreirense-fc/index/spielbericht/3621358
[4373427] Failed to scrape lineup: https://www.transfermarkt.co.uk/fc-st-pauli_vfl-wolfsburg/index/spielbericht/4373427
[4120687] Could not find attributes for irakli azarovi (FC Shakhtar Donetsk, 2023)
[4120687] Failed to build match row: FC Shakhtar Donetsk vs FK Polissya Zhytomyr

Keepers & outfield error for **Vitória Sport Clube** in Vitória Sport Clube vs Moreirense Futebol Clube: Numbers: 0 and 11.
[4641648] Failed to scrape lineup: https://www.transfermarkt.co.uk/fc-volendam_heracles-almelo/index/spielbericht/4641648
[3432234] Failed to build match row: Vitória Sport Clube vs Moreirense Futebol Clube
[4363417] Failed to scrape lineup: https://www.transfermarkt.co.uk/fk-dukla-prague_fc-hradec-kralove/index/spielbericht/4363417
[4646373] Failed to scrape lineup: https://www.transfermarkt.co.uk/genclerbirligi-ankara_fenerbahce/index/spielbericht/4646373
[4425170] Failed to scrape lineup: https://www.transfermarkt.co.uk/central-coast-mariners_perth-glory/index/spielbericht/4425170
[3852693] Failed to scrape lineup: https://www.transfermarkt.co.uk/fc-emmen_vitesse-arnhem/index/spielbericht/3852693
[3710334] Failed to scrape lineup: https://www.transfermarkt.co.uk/spielbericht/index/spielbericht/3710334
[4798266] Could not find attributes for eugenio raggio (Club Atlético Platense, 2025)
[4798266] Failed to build match row: Club Atlético Platense vs Instituto Atlético Central Córdoba
[4396723] Could not find attributes for rafa soares (Futebol Clube de Famalicão, 2024)
[4408226] Failed to scrape lineup: https://www.transfermarkt.co.uk/lokomotiv-moscow_krylya-sovetov-samara/index/spielbericht/4408226
[4396723] Failed to build match row: Futebol Clube de Famalicão vs Futebol Clube do Porto
[4530622] Could not find attributes for jun ichimori (Gamba Osaka, 2024)
[4530622] Failed to build match row: Gamba Osaka vs Yokohama Marinos

Keepers & outfield error for **Paris Saint-Germain Football Club** in Paris Saint-Germain Football Club vs Club Brugge Koninklijke Voetbalvereniging: Numbers: 2 and 9.
[3651125] Failed to build match row: Paris Saint-Germain Football Club vs Club Brugge Koninklijke Voetbalvereniging
[4094874] Failed to scrape lineup: https://www.transfermarkt.co.uk/stade-brestois-29_stade-reims/index/spielbericht/4094874
[4109296] Failed to scrape lineup: https://www.transfermarkt.co.uk/sc-braga_fc-famalicao/index/spielbericht/4109296
[3415434] Failed to scrape lineup: https://www.transfermarkt.co.uk/royal-antwerp-fc_kvrs-waasland-sk-beveren/index/spielbericht/3415434
[3621359] Could not find attributes for bruno costa (Futebol Clube do Porto, 2021)
[3450668] Failed to scrape lineup: https://www.transfermarkt.co.uk/twente-enschede-fc_vvv-venlo/index/spielbericht/3450668
[3621359] Failed to build match row: Futebol Clube de Famalicão vs Futebol Clube do Porto
[4649063] Could not find attributes for danel dongmo (Fotbal Club Petrolul Ploiești, 2025)
[4649063] Failed to build match row: Fotbal Club Petrolul Ploiești vs Asociația Fotbal Club Unirea 04 Slobozia
[3935091] Failed to scrape lineup: https://www.transfermarkt.co.uk/spielbericht/index/spielbericht/3935091
[3844742] Failed to scrape lineup: https://www.transfermarkt.co.uk/ac-monza_torino-fc/index/spielbericht/3844742

Keepers & outfield error for **Cruzeiro Esporte Clube** in Cruzeiro Esporte Clube vs Esporte Clube Vitória: Numbers: 0 and 11.
[4376586] Failed to scrape lineup: https://www.transfermarkt.co.uk/rangers-fc_st-johnstone-fc/index/spielbericht/4376586
[4810962] Failed to build match row: Cruzeiro Esporte Clube vs Esporte Clube Vitória
[3869332] Could not find attributes for shaquil delos (Grupo Desportivo Estoril Praia, 2022)
[3869332] Failed to build match row: Grupo Desportivo Estoril Praia vs Futebol Clube de Arouca
[3602538] Could not find attributes for maksim nenakhov (Футбольный клуб "Локомотив" Москва, 2021)
[3602538] Failed to build match row: Футбольный клуб "Локомотив" Москва vs Ural Yekaterinburg

Keepers & outfield error for **Stal Mielec** in KKS Lech Poznań Spółka Akcyjna vs Stal Mielec: Numbers: 2 and 9.
[4361321] Failed to build match row: KKS Lech Poznań Spółka Akcyjna vs Stal Mielec
[4036097] Could not find attributes for maksym dyachuk (Futbolniy Klub Dynamo Kyiv, 2022)
[4036097] Failed to build match row: Futbolniy Klub Dynamo Kyiv vs FC Minaj
[4635277] Failed to scrape lineup: https://www.transfermarkt.co.uk/angers-sco_paris-saint-germain/index/spielbericht/4635277
[4367900] Failed to scrape lineup: https://www.transfermarkt.co.uk/fc-groningen_fc-utrecht/index/spielbericht/4367900
[4239506] Could not find attributes for ollie harfield (Aldershot Town, 2023)
[4239506] Failed to build match row: Stockport County vs Aldershot Town

Keepers & outfield error for **Livingston Football Club** in Livingston Football Club vs Kilmarnock Football Club: Numbers: 2 and 9.
[3597907] Could not find attributes for nigel lonwijk (Fortuna Sittardia Combinatie, 2021)
[3890078] Failed to build match row: Livingston Football Club vs Kilmarnock Football Club
[3597907] Failed to build match row: Prins Hendrik Ende Desespereert Nimmer Combinatie Zwolle vs Fortuna Sittardia Combinatie
[4521273] Could not find attributes for beau leroux (San Jose Earthquakes, 2024)
[4676362] Could not find attributes for tobias olesen (Brabrand IF, 2025)
[4530624] Could not find attributes for svend brodersen (Fagiano Okayama Sports Club, 2024)
[4676362] Failed to build match row: Brabrand IF vs Skive IK
[3588655] Failed to scrape lineup: https://www.transfermarkt.co.uk/1-fc-koln_vfl-wolfsburg/index/spielbericht/3588655
[3612938] Could not find attributes for burak bekaroglu (Fatih Karagümrük Sportif Faaliyetler San. Tic. A.Ş., 2021)
[4120688] Could not find attributes for denys boyko (FK Polissya Zhytomyr, 2023)
[4521273] Failed to build match row: Portland Timbers vs San Jose Earthquakes
[4363418] Could not find attributes for matej kadlec (Bohemians Praha 1905, a.s., 2024)
[4530624] Failed to build match row: Fagiano Okayama Sports Club vs Yokohama FC
[4120688] Failed to build match row: FK Polissya Zhytomyr vs NK Veres Rivne
[3612938] Failed to build match row: Kayserispor Kulübü vs Fatih Karagümrük Sportif Faaliyetler San. Tic. A.Ş.
[3508016] Failed to scrape lineup: https://www.transfermarkt.co.uk/spielbericht/index/spielbericht/3508016
[4363418] Failed to build match row: Bohemians Praha 1905, a.s. vs MFK Karvina

Keepers & outfield error for **Gil Vicente Futebol Clube** in Gil Vicente Futebol Clube vs Sporting Clube de Portugal: Numbers: 0 and 11.
[4130200] Could not find attributes for ryan astles (The New Saints, 2023)
[3432235] Failed to build match row: Gil Vicente Futebol Clube vs Sporting Clube de Portugal
 vs Club Atlético Talleres: Numbers: 2 and 9.
[4130200] Failed to build match row: The New Saints vs Swift Hesperange

Keepers & outfield error for **Futebol Clube do Porto** in Moreirense Futebol Clube vs Futebol Clube do Porto: Numbers: 0 and 11.
[4452964] Could not find attributes for joey dietz (RKVV DEM, 2024)
[4361322] Could not find attributes for bujar pllana (Klub Sportowy Lechia Gdańsk, 2024)
[4408227] Could not find attributes for aleksandr belenov (Fakel Voronezh, 2024)

Keepers & outfield error for **Associazione Sportiva Roma** in US Salernitana 1919 vs Associazione Sportiva Roma: Numbers: 0 and 11.
[4109297] Failed to build match row: Moreirense Futebol Clube vs Futebol Clube do Porto
[4361322] Failed to build match row: Klub Sportowy Lechia Gdańsk vs Klub Sportowy Górnik Zabrze Sportowa Spółka Akcyjna
[4798267] Failed to build match row: Club Atlético Vélez Sársfield vs Club Atlético Talleres
[4810963] Could not find attributes for alexandro bernabei (Sport Club Internacional, 2025)
[4452964] Failed to build match row: RKVV DEM vs Ajax Amateurs
[3450669] Could not find attributes for uros spajic (Feyenoord Rotterdam, 2020)
[3844743] Failed to build match row: US Salernitana 1919 vs Associazione Sportiva Roma
[3450669] Failed to build match row: Feyenoord Rotterdam vs Fortuna Sittardia Combinatie
[3462276] Could not find attributes for bakhtiyor zaynutdinov (PFK CSKA Moskva, 2020)
[4036098] Could not find attributes for andriy klishchuk (FK Kryvbas Kryvyi Rig, 2022)
[4810963] Failed to build match row: Sport Club Internacional vs São Paulo Futebol Clube
[3462276] Failed to build match row: RZ Pellets Wolfsberger Athletiksport Club vs PFK CSKA Moskva
[4408227] Failed to build match row: Fakel Voronezh vs Dinamo Makhachkala
[4624880] Could not find attributes for luquinhas (Radomiak S.A., 2025)
[4036098] Failed to build match row: FK Kryvbas Kryvyi Rig vs FC Zorya Lugansk
[4635278] Could not find attributes for ally samatta (Le Havre Athletic Club, 2025)
[4624880] Failed to build match row: Zagłębie Lubin Spółka Akcyjna vs Radomiak S.A.
[4635278] Failed to build match row: Le Havre Athletic Club vs Football Club de Metz
[4098020] Could not find attributes for oliver braude (Sportclub Heerenveen, 2023)
[4098020] Failed to build match row: Excelsior Rotterdam vs Sportclub Heerenveen
[3612939] Could not find attributes for ogulcan ulgun (Konyaspor, 2021)
[3612939] Failed to build match row: Konyaspor vs Fenerbahçe Spor Kulübü

Keepers & outfield error for **Futebol Clube do Porto** in Futebol Clube do Porto vs Club Atlético de Madrid S.A.D.: Numbers: 0 and 11.
[3710335] Could not find attributes for demeaco duhaney (Stoke City, 2021)
[3651127] Failed to build match row: Futebol Clube do Porto vs Club Atlético de Madrid S.A.D.
[3710335] Failed to build match row: Stoke City vs Leyton Orient
[4367901] Could not find attributes for suf podgoreanu (Heracles Almelo, 2024)
[4646374] Could not find attributes for abdulsamet burak (Kayserispor Kulübü, 2025)
[3869333] Failed to scrape lineup: https://www.transfermarkt.co.uk/fc-porto_estoril-praia/index/spielbericht/3869333
[4367901] Failed to build match row: Heracles Almelo vs AFC Ajax Amsterdam
[4646374] Failed to build match row: Kocaelispor Kulübü vs Kayserispor Kulübü
[4120689] Could not find attributes for danylo varakuta (Chornomorets Odesa, 2023)
[4521274] Could not find attributes for isaiah parente (Los Angeles Galaxy, 2024)
[4120689] Failed to build match row: Chornomorets Odesa vs LNZ Cherkasy
[4521274] Failed to build match row: St. Louis City Soccer Club vs Los Angeles Galaxy

Keepers & outfield error for **SC Farense** in SC Farense vs Futebol Clube do Porto: Numbers: 2 and 9.
[3432236] Failed to build match row: SC Farense vs Futebol Clube do Porto
Not enough players found for lineup: 0, 11.
[4676363] Failed to scrape lineup: https://www.transfermarkt.co.uk/spielbericht/index/spielbericht/4676363
[4361323] Could not find attributes for jakub labojko (Motor Lublin Spółka Akcyjna, 2024)
[4361323] Failed to build match row: Motor Lublin Spółka Akcyjna vs Legia Warszawa Spółka Akcyjna
[3612940] Could not find attributes for yunus akgun (Adana Demirspor, 2021)
[3612940] Failed to build match row: İstanbul Başakşehir Futbol Kulübü vs Adana Demirspor
[3450670] Could not find attributes for marko vejinovic (ADO Den Haag, 2020)
[3450670] Failed to build match row: Alkmaar Zaanstreek vs ADO Den Haag
[4646375] Could not find attributes for marcos felipe (Eyüp Spor Kulübü, 2025)
[4646375] Failed to build match row: Eyüp Spor Kulübü vs Galatasaray Spor Kulübü
Not enough players found for lineup: 0, 0.
[4120690] Could not find attributes for kiril fesyun (FK Kolos Kovalivka, 2023)
[4452965] Failed to scrape lineup: https://www.transfermarkt.co.uk/spielbericht/index/spielbericht/4452965
[4120690] Failed to build match row: FK Kolos Kovalivka vs FK Obolon Kyiv
[4641650] Could not find attributes for tristan gooijer (Prins Hendrik Ende Desespereert Nimmer Combinatie Zwolle, 2025)
[4641650] Failed to build match row: Prins Hendrik Ende Desespereert Nimmer Combinatie Zwolle vs Nijmegen Eendracht Combinatie
[4172081] Failed to scrape lineup: https://www.transfermarkt.co.uk/spielbericht/index/spielbericht/4172081

Keepers & outfield error for **Motherwell Football Club** in Motherwell Football Club vs Heart of Midlothian Football Club: Numbers: 0 and 11.
[4367902] Could not find attributes for younes namli (Prins Hendrik Ende Desespereert Nimmer Combinatie Zwolle, 2024)
[3651128] Could not find attributes for tyler morton (Liverpool Football Club, 2021)

Keepers & outfield error for **Association Football Club Bournemouth** in Leicester City vs Association Football Club Bournemouth: Numbers: 0 and 11.

Keepers & outfield error for **Portimonense SC** in Portimonense SC vs Moreirense Futebol Clube: Numbers: 2 and 9.
[4367902] Failed to build match row: Prins Hendrik Ende Desespereert Nimmer Combinatie Zwolle vs Nooit Opgeven Altijd Doorzetten Aangenaam Door Vermaak En Nuttig Door Ontspanning Combinatie Breda
[3890079] Failed to build match row: Motherwell Football Club vs Heart of Midlothian Football Club
[3651128] Failed to build match row: Associazione Calcio Milan vs Liverpool Football Club
[3432237] Failed to build match row: Portimonense SC vs Moreirense Futebol Clube
ournemouth
[3508017] Failed to scrape lineup: https://www.transfermarkt.co.uk/spielbericht/index/spielbericht/3508017
[4530626] Failed to scrape lineup: https://www.transfermarkt.co.uk/kashiwa-reysol_avispa-fukuoka/index/spielbericht/4530626
[3935093] Could not find attributes for jean paul van leeuwen (VV Katwijk, 2022)
[3935093] Failed to build match row: VV Katwijk vs DVS '33 Ermelo
[4130201] Failed to scrape lineup: https://www.transfermarkt.co.uk/spielbericht/index/spielbericht/4130201
[3426919] Could not find attributes for kevin mirallas (Gaziantep Futbol Kulübü A.Ş., 2020)
[3426919] Failed to build match row: Gaziantep Futbol Kulübü A.Ş. vs Fenerbahçe Spor Kulübü
[3869334] Could not find attributes for andre pereira (Rio Ave Futebol Clube, 2022)
[3869334] Failed to build match row: Rio Ave Futebol Clube vs Gil Vicente Futebol Clube
[4363419] Failed to scrape lineup: https://www.transfermarkt.co.uk/fc-viktoria-plzen_sk-dynamo-ceske-budejovice/index/spielbericht/4363419
[4172082] Could not find attributes for domagoj vida (Athlitiki Enosi Konstantinoupoleos, 2023)
[4172082] Failed to build match row: Athlitiki Enosi Konstantinoupoleos vs AFC Ajax Amsterdam
[4094876] Failed to scrape lineup: https://www.transfermarkt.co.uk/fc-lorient_clermont-foot-63/index/spielbericht/4094876
[4396725] Failed to scrape lineup: https://www.transfermarkt.co.uk/cf-estrela-amadora_fc-arouca/index/spielbericht/4396725
[4109298] Failed to scrape lineup: https://www.transfermarkt.co.uk/boavista-fc_sl-benfica/index/spielbericht/4109298
[3844744] Failed to scrape lineup: https://www.transfermarkt.co.uk/uc-sampdoria_atalanta-bc/index/spielbericht/3844744
[4737021] Could not find attributes for marius jacobsen (Hobro IK, 2025)
[4676364] Failed to scrape lineup: https://www.transfermarkt.co.uk/spielbericht/index/spielbericht/4676364
[4737021] Failed to build match row: Hobro IK vs Football Club København
[4240125] Failed to scrape lineup: https://www.transfermarkt.co.uk/spielbericht/index/spielbericht/4240125
[4798268] Could not find attributes for jeronimo gomez mattar (Club Atlético Newell’s Old Boys, 2025)
[4627234] Failed to scrape lineup: https://www.transfermarkt.co.uk/grasshopper-club-zurich_fc-luzern/index/spielbericht/4627234
[4425171] Could not find attributes for tristan vidackovic (Western Sydney Wanderers, 2024)
[4810964] Failed to scrape lineup: https://www.transfermarkt.co.uk/coritiba-foot-ball-club_clube-de-regatas-vasco-da-gama/index/spielbericht/4810964
[4646376] Could not find attributes for uchenna ogundu (Alanyaspor, 2025)
o-1_pfc-lviv/index/spielbericht/4036099
[3852696] Failed to scrape lineup: https://www.transfermarkt.co.uk/sc-cambuur-leeuwarden_ajax-amsterdam/index/spielbericht/3852696
[4408228] Failed to scrape lineup: https://www.transfermarkt.co.uk/rubin-kazan_akhmat-grozny/index/spielbericht/4408228
[4798268] Failed to build match row: Club Atlético Newell’s Old Boys vs Club Atlético Independiente de Avellaneda
[4624881] Failed to scrape lineup: https://www.transfermarkt.co.uk/arka-gdynia_jagiellonia-bialystok/index/spielbericht/4624881
[4646376] Failed to build match row: Konyaspor vs Alanyaspor
[4425171] Failed to build match row: Western Sydney Wanderers vs Adelaide United Football Club
[3462277] Failed to scrape lineup: https://www.transfermarkt.co.uk/spielbericht/index/spielbericht/3462277
Not enough players found for lineup: 0, 0.
[3935094] Failed to scrape lineup: https://www.transfermarkt.co.uk/spielbericht/index/spielbericht/3935094
[4530630] Could not find attributes for togo umeda (S-Pulse, 2024)
[4530630] Failed to build match row: S-Pulse vs Kashima Antlers FC
[4367903] Could not find attributes for matteo dams (Eindhovense Voetbalvereniging Philips Sport Vereniging, 2024)
[4367903] Failed to build match row: Eindhovense Voetbalvereniging Philips Sport Vereniging vs Football Club Groningen
[4131277] Could not find attributes for maryan burmas (FC Mykolaiv, 2023)
[4131277] Failed to build match row: FC Mykolaiv vs Fazenda Chernivtsi

Keepers & outfield error for **Gil Vicente Futebol Clube** in Gil Vicente Futebol Clube vs Futebol Clube do Porto: Numbers: 0 and 11.
[3432238] Failed to build match row: Gil Vicente Futebol Clube vs Futebol Clube do Porto
[4396726] Could not find attributes for jeremy livolant (Casa Pia Atlético Clube, 2024)
[4396726] Failed to build match row: Casa Pia Atlético Clube vs AVS Futebol SAD
[4172083] Could not find attributes for domagoj vida (Athlitiki Enosi Konstantinoupoleos, 2023)
[4172083] Failed to build match row: Athlitiki Enosi Konstantinoupoleos vs Olympique de Marseille
[3415436] Could not find attributes for xadas (Royal Excel Mouscron (-2022), 2020)

Keepers & outfield error for **Hertha BSC** in Borussia Dortmund vs Hertha BSC: Numbers: 0 and 11.
[3415436] Failed to build match row: KAS Eupen vs Royal Excel Mouscron (-2022)
[3588667] Failed to build match row: Borussia Dortmund vs Hertha BSC
[4649064] Could not find attributes for matei popa (SC Fotbal Club FCSB SA, 2025)
[4649064] Failed to build match row: SC Fotbal Club FCSB SA vs Asociația Fotbal Club Botoșani
[3602539] Failed to scrape lineup: https://www.transfermarkt.co.uk/fc-sochi_fc-krasnodar/index/spielbericht/3602539
[3890080] Could not find attributes for charlie mccann (Rangers Football Club, 2022)
[4361325] Could not find attributes for assad al hamlawi (Slask Wroclaw, 2024)
[3890080] Failed to build match row: Rangers Football Club vs Dundee United Football Club
[4098021] Could not find attributes for kodai sano (Nijmegen Eendracht Combinatie, 2023)
[4363450] Could not find attributes for vladimir neuman (MFK Karvina, 2024)

Keepers & outfield error for **Melbourne Victory FC** in Melbourne Victory FC vs Macarthur South West Sydney (A-League): Numbers: 2 and 9.
[4810965] Could not find attributes for erick pulga (Esporte Clube Bahia, 2025)
[4624882] Could not find attributes for milosz matysik (Termalica Bruk-Bet Nieciecza Klub Sportowy, 2025)
[4363450] Failed to build match row: MFK Karvina vs FK Teplice, a.s.
[4408229] Could not find attributes for sergey volkov (Akron Togliatti, 2024)
[4425172] Failed to build match row: Melbourne Victory FC vs Macarthur South West Sydney (A-League)
[4361325] Failed to build match row: Slask Wroclaw vs Morski Klub Sportowy Pogoń Szczecin
[4098021] Failed to build match row: Nijmegen Eendracht Combinatie vs Football Club Twente
[4810965] Failed to build match row: Esporte Clube Bahia vs Clube Atlético Paranaense
[4646377] Could not find attributes for rafa silva (Beşiktaş Jimnastik Kulübü, 2025)
[4408229] Failed to build match row: Akron Togliatti vs FK Nizhny Novgorod
[4624882] Failed to build match row: Termalica Bruk-Bet Nieciecza Klub Sportowy vs Wisła Płock Spółka Akcyjna
[4367904] Could not find attributes for thom haye (Almere City FC, 2024)
[3612942] Could not find attributes for munir el kajoui (Hatayspor, 2021)
[4036100] Could not find attributes for pavlo isenko (Vorskla Poltava, 2022)
[4737022] Could not find attributes for anton skipper (Esbjerg fB, 2025)
[4646377] Failed to build match row: Beşiktaş Jimnastik Kulübü vs İstanbul Başakşehir Futbol Kulübü
[4676365] Could not find attributes for mohammad hassan (Ishöj IF, 2025)
[3612942] Failed to build match row: Hatayspor vs Beşiktaş Jimnastik Kulübü
[4036100] Failed to build match row: Vorskla Poltava vs Ingulets Petrove
[4367904] Failed to build match row: Go Ahead Eagles vs Almere City FC
[4709791] Could not find attributes for theo carroll (Preston North End, 2025)
[4737022] Failed to build match row: Esbjerg fB vs Randers Fodbold Club
[4676365] Failed to build match row: Ishöj IF vs BK Fremad Amager

Keepers & outfield error for **Portimonense SC** in SC Farense vs Portimonense SC: Numbers: 2 and 9.
[4530633] Could not find attributes for koki fukui (Cerezo Osaka, 2024)
[4709791] Failed to build match row: Preston North End vs Wrexham AFC
[3450671] Could not find attributes for jari vlak (FC Emmen, 2020)
[3432239] Failed to build match row: SC Farense vs Portimonense SC
[4530633] Failed to build match row: Cerezo Osaka vs Sanfrecce Hiroshima

Keepers & outfield error for **Hertha BSC** in Hertha BSC vs 1.FC Kaiserslautern: Numbers: 2 and 9.
[3450671] Failed to build match row: Football Club Groningen vs FC Emmen
[3838698] Could not find attributes for joao palhinha (Fulham Football Club, 2022)
Not enough players found for lineup: 0, 0.
[4641651] Could not find attributes for ruud nijstad (Football Club Twente, 2025)
[4240126] Failed to build match row: Hertha BSC vs 1.FC Kaiserslautern
[3602540] Failed to scrape lineup: https://www.transfermarkt.co.uk/fc-nizhniy-novgorod_rubin-kazan/index/spielbericht/3602540
[3838698] Failed to build match row: Fulham Football Club vs West Ham United Football Club
[4641651] Failed to build match row: Football Club Twente vs AFC Ajax Amsterdam
[3852697] Could not find attributes for igor paixao (Feyenoord Rotterdam, 2022)
[3935095] Failed to scrape lineup: https://www.transfermarkt.co.uk/spielbericht/index/spielbericht/3935095
[3852697] Failed to build match row: Feyenoord Rotterdam vs Eindhovense Voetbalvereniging Philips Sport Vereniging
[4620713] Could not find attributes for roberto gagliardini (Verona Hellas Football Club, 2025)
[4620713] Failed to build match row: Verona Hellas Football Club vs Unione Sportiva Cremonese S.p.A.
[4635279] Failed to scrape lineup: https://www.transfermarkt.co.uk/paris-fc_losc-lille/index/spielbericht/4635279
[4452966] Failed to scrape lineup: https://www.transfermarkt.co.uk/spielbericht/index/spielbericht/4452966
[4094878] Failed to scrape lineup: https://www.transfermarkt.co.uk/losc-lille_ogc-nice/index/spielbericht/4094878
[4361326] Failed to scrape lineup: https://www.transfermarkt.co.uk/widzew-lodz_jagiellonia-bialystok/index/spielbericht/4361326
[4172084] Could not find attributes for domagoj vida (Athlitiki Enosi Konstantinoupoleos, 2023)
[4098022] Failed to scrape lineup: https://www.transfermarkt.co.uk/heracles-almelo_fc-volendam/index/spielbericht/4098022
[4810966] Could not find attributes for yannick bolasie (Associação Chapecoense de Futebol, 2025)
[4810966] Failed to build match row: Associação Chapecoense de Futebol vs Clube Atlético Mineiro
[4363451] Could not find attributes for matous trmal (FK Mladá Boleslav, a.s., 2024)
[4363451] Failed to build match row: SK Slavia Praha, a.s. vs FK Mladá Boleslav, a.s.
[3612943] Failed to scrape lineup: https://www.transfermarkt.co.uk/besiktas-jk_trabzonspor/index/spielbericht/3612943
[3426920] Could not find attributes for osman celik (Erzurumspor FK, 2020)
[3426920] Failed to build match row: Erzurumspor FK vs Denizlispor
[4530635] Failed to scrape lineup: https://www.transfermarkt.co.uk/kashiwa-reysol_shonan-bellmare/index/spielbericht/4530635
[3462278] Could not find attributes for jakub hromada (FC Slovan Liberec, 2020)

Keepers & outfield error for **Club Social y Deportivo Defensa y Justicia** in Asociación de Fomento Deportivo Riestra Barrio Colón vs Club Social y Deportivo Defensa y Justicia: Numbers: 0 and 11.
[3462278] Failed to build match row: FC Slovan Liberec vs Koninklijke Atletiek Associatie Gent
[4798270] Failed to build match row: Asociación de Fomento Deportivo Riestra Barrio Colón vs Club Social y Deportivo Defensa y Justicia
[3450672] Could not find attributes for jari vlak (FC Emmen, 2020)
[4624883] Could not find attributes for damian rasak (GKS GieKSa Katowice Spółka Akcyjna, 2025)
[3450672] Failed to build match row: FC Emmen vs Sparta Rotterdam
[3432240] Could not find attributes for adil rami (Boavista FC, 2020)
[4624883] Failed to build match row: GKS GieKSa Katowice Spółka Akcyjna vs Motor Lublin Spółka Akcyjna
[4109300] Could not find attributes for mansur (Club Football Estrela da Amadora, 2023)
[3432240] Failed to build match row: Boavista FC vs SC Farense
[3588668] Could not find attributes for micky van de ven (Verein für Leibesübungen Wolfsburg, 2021)
[4109300] Failed to build match row: Club Football Estrela da Amadora vs Vitória Sport Clube
[4635280] Could not find attributes for yvon mvogo (Football Club Lorient-Bretagne Sud, 2025)
[3602541] Could not find attributes for ilya lantratov (FC Khimki (-2025), 2021)
[3588668] Failed to build match row: Verein für Leibesübungen Wolfsburg vs FC Bayern München
[4635280] Failed to build match row: Football Club Lorient-Bretagne Sud vs Racing Club de Strasbourg Alsace
[4036101] Could not find attributes for mykyta shevchenko (FC Oleksandriya, 2022)
[3602541] Failed to build match row: FC Khimki (-2025) vs Arsenal Tula
Not enough players found for lineup: 0, 0.

Keepers & outfield error for **Newcastle United Football Club** in Brentford Football Club vs Newcastle United Football Club: Numbers: 2 and 9.
[3651130] Could not find attributes for tiago tomas (Sporting Clube de Portugal, 2021)
[4363452] Could not find attributes for filip cihak (FC Hradec Králové a.s., 2024)
[4036101] Failed to build match row: FC Oleksandriya vs Chornomorets Odesa
[3651130] Failed to build match row: AFC Ajax Amsterdam vs Sporting Clube de Portugal
[4452967] Failed to scrape lineup: https://www.transfermarkt.co.uk/spielbericht/index/spielbericht/4452967
[3838699] Failed to build match row: Brentford Football Club vs Newcastle United Football Club
[4363452] Failed to build match row: FC Hradec Králové a.s. vs FK Pardubice
[4425173] Failed to scrape lineup: https://www.transfermarkt.co.uk/western-united-fc_melbourne-city-fc/index/spielbericht/4425173
[4408230] Failed to scrape lineup: https://www.transfermarkt.co.uk/spartak-moscow_fc-krasnodar/index/spielbericht/4408230
[4737023] Could not find attributes for sofus johannesen (Fodbold Club Fredericia, 2025)
[4810967] Could not find attributes for hercules (Fluminense Football Club, 2025)
Not enough players found for lineup: 0, 11.
[3612944] Could not find attributes for ryan donk (Kasımpaşa A.Ş., 2021)
[4676366] Failed to scrape lineup: https://www.transfermarkt.co.uk/spielbericht/index/spielbericht/4676366
[4737023] Failed to build match row: Fodbold Club Fredericia vs Viborg Fodsports Forening
[3612944] Failed to build match row: Gaziantep Futbol Kulübü A.Ş. vs Kasımpaşa A.Ş.
[4810967] Failed to build match row: Fluminense Football Club vs Clube Atlético Mineiro
[4649066] Could not find attributes for monday etim (U Craiova 1948 Club Sportiv SA, 2025)
[4649066] Failed to build match row: U Craiova 1948 Club Sportiv SA vs SC Oţelul Galaţi
[4131278] Could not find attributes for anatoliy tymofeev (Olimpia Savyntsi, 2023)
[4367905] Failed to scrape lineup: https://www.transfermarkt.co.uk/feyenoord-rotterdam_sc-heerenveen/index/spielbericht/4367905
[4373438] Could not find attributes for rani khedira (1. Fußballclub Union Berlin, 2024)
[4373438] Failed to build match row: FC Bayern München vs 1. Fußballclub Union Berlin
[4131278] Failed to build match row: Olimpia Savyntsi vs FK Kudrivka (- 2024)
[4641653] Could not find attributes for irakli yegoian (Excelsior Rotterdam, 2025)
[3432241] Could not find attributes for moatasem al musrati (Sporting Clube de Braga, 2020)
[4641653] Failed to build match row: Go Ahead Eagles vs Excelsior Rotterdam
[3432241] Failed to build match row: Sporting Clube de Braga vs Clube Desportivo de Tondela
[4521275] Could not find attributes for darlington nagbe (Columbus Crew, 2024)
[4521275] Failed to build match row: Columbus Crew vs Vancouver Whitecaps FC

Keepers & outfield error for **Football Club Utrecht** in Football Club Utrecht vs Feyenoord Rotterdam: Numbers: 0 and 11.
[3450673] Failed to build match row: Football Club Utrecht vs Feyenoord Rotterdam
[4646378] Could not find attributes for julian cuesta (Antalyaspor, 2025)
[4646378] Failed to build match row: Samsunspor vs Antalyaspor
[4094879] Could not find attributes for rabby nzingoula (Racing Club de Strasbourg Alsace, 2023)
[4094879] Failed to build match row: Olympique Lyonnais vs Racing Club de Strasbourg Alsace
[3462279] Could not find attributes for nemanja milunovic (Fudbalski klub Crvena zvezda Beograd, 2020)
[3462279] Failed to build match row: Turn- und Sportgemeinschaft 1899 Hoffenheim Fußball-Spielbetriebs vs Fudbalski klub Crvena zvezda Beograd
[3935096] Could not find attributes for ischa bouwman (OFC Oostzaan, 2022)
[4810968] Could not find attributes for robert renan (Club de Regatas Vasco da Gama, 2025)
[3935096] Failed to build match row: OFC Oostzaan vs Sparta Rotterdam
[4810968] Failed to build match row: Club de Regatas Vasco da Gama vs Grêmio Foot-Ball Porto Alegrense

Keepers & outfield error for **B SAD** in B SAD vs CS Marítimo: Numbers: 0 and 11.
[3621360] Failed to build match row: B SAD vs CS Marítimo
[4172085] Could not find attributes for abde ezzalzouli (Real Betis Balompié S.A.D., 2023)
[4172085] Failed to build match row: Rangers Football Club vs Real Betis Balompié S.A.D.

Keepers & outfield error for **CS Marítimo** in CS Marítimo vs Rio Ave Futebol Clube: Numbers: 2 and 9.
[3432242] Failed to build match row: CS Marítimo vs Rio Ave Futebol Clube
[4036102] Could not find attributes for yevgen volynets (FK Kolos Kovalivka, 2022)
[4036102] Failed to build match row: FK Kolos Kovalivka vs TOV FK Metalist 1925 Kharkiv
[3852699] Could not find attributes for thijmen blokzijl (Football Club Groningen, 2022)
[3852699] Failed to build match row: Football Club Groningen vs Football Club Twente
[3612945] Could not find attributes for burak bekaroglu (Fatih Karagümrük Sportif Faaliyetler San. Tic. A.Ş., 2021)
[4363453] Could not find attributes for jan koutny (SK Sigma Olomouc, a.s., 2024)
[4363453] Failed to build match row: SK Sigma Olomouc, a.s. vs FC Viktoria Plzeň, a.s.
[3612945] Failed to build match row: Fatih Karagümrük Sportif Faaliyetler San. Tic. A.Ş. vs Galatasaray Spor Kulübü
[4120691] Could not find attributes for andriy klishchuk (FK Kryvbas Kryvyi Rig, 2023)
[4120691] Failed to build match row: FK Kryvbas Kryvyi Rig vs FC Oleksandriya
[4521277] Could not find attributes for jovan lukic (Philadelphia Union, 2024)
[4521277] Failed to build match row: Philadelphia Union vs Charlotte Football Club
[4624885] Could not find attributes for matej rodin (Klub Sportowy Lechia Gdańsk, 2025)
[4624885] Failed to build match row: Klub Sportowy Lechia Gdańsk vs Gliwicki Klub Sportowy Piast Spółka Akcyjna
[4810969] Could not find attributes for alan franco (São Paulo Futebol Clube, 2025)
[4810969] Failed to build match row: São Paulo Futebol Clube vs Sociedade Esportiva Palmeiras
[4798271] Failed to scrape lineup: https://www.transfermarkt.co.uk/ca-huracan_cs-independiente-rivadavia/index/spielbericht/4798271
[4094880] Could not find attributes for amadou kone (Stade Reims, 2023)
[4094880] Failed to build match row: Stade Reims vs Rennes
[3588670] Could not find attributes for bastian oczipka (1. Fußballclub Union Berlin, 2021)
[3588670] Failed to build match row: 1. Fußballclub Union Berlin vs VfL Bochum
[4376591] Could not find attributes for lawrence shankland (Heart of Midlothian Football Club, 2024)
[3462280] Could not find attributes for vitaliy vernydub (FC Zorya Lugansk, 2020)
[4376591] Failed to build match row: Heart of Midlothian Football Club vs Dundee United Football Club
[3462280] Failed to build match row: FC Zorya Lugansk vs Sporting Clube de Braga
[3450674] Could not find attributes for jari vlak (FC Emmen, 2020)
[3450674] Failed to build match row: FC Emmen vs Alkmaar Zaanstreek
[4646379] Could not find attributes for muhammed kadioglu (Fatih Karagümrük Sportif Faaliyetler San. Tic. A.Ş., 2025)
[4646379] Failed to build match row: Fatih Karagümrük Sportif Faaliyetler San. Tic. A.Ş. vs Kasımpaşa A.Ş.
[4396728] Could not find attributes for sandro cruz (Gil Vicente Futebol Clube, 2024)
[4396728] Failed to build match row: Gil Vicente Futebol Clube vs Clube Desportivo Nacional
[3432243] Could not find attributes for felipe pires (Moreirense Futebol Clube, 2020)
[4120692] Could not find attributes for yevgen volynets (SC Dnipro-1, 2023)
[3935097] Could not find attributes for Nick Borgman (HHC Hardenberg, 2022)
[3432243] Failed to build match row: Moreirense Futebol Clube vs Sporting Clube de Portugal
[4120692] Failed to build match row: SC Dnipro-1 vs Vorskla Poltava
[3935097] Failed to build match row: HHC Hardenberg vs Prins Hendrik Ende Desespereert Nimmer Combinatie Zwolle
[4530636] Could not find attributes for teppei oka (Tokyo Football Club, 2024)
[3651131] Failed to scrape lineup: https://www.transfermarkt.co.uk/spielbericht/index/spielbericht/3651131
[4094881] Could not find attributes for nampalys mendy (Racing Club de Lens, 2023)
[4408231] Failed to scrape lineup: https://www.transfermarkt.co.uk/akhmat-grozny_fakel-voronezh/index/spielbericht/4408231
[4530636] Failed to build match row: Tokyo Football Club vs Kashima Antlers FC
[4094881] Failed to build match row: Racing Club de Lens vs Montpellier HSC
[4676367] Failed to scrape lineup: https://www.transfermarkt.co.uk/spielbericht/index/spielbericht/4676367

Keepers & outfield error for **Motherwell Football Club** in Hibernian Football Club vs Motherwell Football Club: Numbers: 0 and 11.
[4620715] Failed to scrape lineup: https://www.transfermarkt.co.uk/us-cremonese_parma-calcio-1913/index/spielbericht/4620715
[3890084] Failed to build match row: Hibernian Football Club vs Motherwell Football Club
d/index/spielbericht/4649067
[3869336] Failed to scrape lineup: https://www.transfermarkt.co.uk/fc-famalicao_casa-pia-ac/index/spielbericht/3869336
[4624886] Could not find attributes for rafal adamski (Legia Warszawa Spółka Akcyjna, 2025)
[4624886] Failed to build match row: Legia Warszawa Spółka Akcyjna vs Zagłębie Lubin Spółka Akcyjna
[4367906] Failed to scrape lineup: https://www.transfermarkt.co.uk/heracles-almelo_rkc-waalwijk/index/spielbericht/4367906
[3415437] Failed to scrape lineup: https://www.transfermarkt.co.uk/kv-kortrijk_r-charleroi-sc/index/spielbericht/3415437
[3935992] Could not find attributes for ilias kyritsis (OF Ierapetras, 2022)
[3935992] Failed to build match row: OF Ierapetras vs Athlitiki Enosi Kifisias
[3651132] Could not find attributes for danilo arboleda (FC Sheriff Tiraspol, 2021)
[3651132] Failed to build match row: FC Shakhtar Donetsk vs FC Sheriff Tiraspol
[3462281] Could not find attributes for karim ansarifard (Athlitiki Enosi Konstantinoupoleos, 2020)
[3462281] Failed to build match row: Athlitiki Enosi Konstantinoupoleos vs Leicester City
[3450675] Could not find attributes for ahmed touba (RKC Waalwijk, 2020)
[3450675] Failed to build match row: RKC Waalwijk vs Fortuna Sittardia Combinatie
[4240128] Failed to scrape lineup: https://www.transfermarkt.co.uk/spielbericht/index/spielbericht/4240128
[4109302] Failed to scrape lineup: https://www.transfermarkt.co.uk/gil-vicente-fc_portimonense-sc/index/spielbericht/4109302

Keepers & outfield error for **Eintracht Frankfurt Fußball AG** in Eintracht Frankfurt Fußball AG vs VfL Bochum: Numbers: 2 and 9.
[3621361] Failed to scrape lineup: https://www.transfermarkt.co.uk/boavista-fc_fc-pacos-de-ferreira/index/spielbericht/3621361
[4373440] Failed to build match row: Eintracht Frankfurt Fußball AG vs VfL Bochum

Keepers & outfield error for **Sporting Clube de Portugal** in Sporting Clube de Portugal vs Sport Lisboa e Benfica: Numbers: 2 and 9.
[3432244] Failed to build match row: Sporting Clube de Portugal vs Sport Lisboa e Benfica
[4408232] Could not find attributes for evgeniy staver (FC Rubin Kazan, 2024)
[4408232] Failed to build match row: FC Rubin Kazan vs FK Dinamo Moskva
[4646380] Could not find attributes for tayyip talha sanuc (Gaziantep Futbol Kulübü A.Ş., 2025)
[4036103] Failed to scrape lineup: https://www.transfermarkt.co.uk/rukh-lviv_nk-veres-rivne/index/spielbericht/4036103
[4646380] Failed to build match row: Gaziantep Futbol Kulübü A.Ş. vs Kocaelispor Kulübü
[4737973] Failed to scrape lineup: https://www.transfermarkt.co.uk/spielbericht/index/spielbericht/4737973
[4676368] Could not find attributes for andreas fischer (Ringsted IF, 2025)
[3852700] Failed to scrape lineup: https://www.transfermarkt.co.uk/az-alkmaar_sc-cambuur-leeuwarden/index/spielbericht/3852700
[4676368] Failed to build match row: Ringsted IF vs Nyköbing FC
[4641655] Failed to scrape lineup: https://www.transfermarkt.co.uk/az-alkmaar_go-ahead-eagles/index/spielbericht/4641655
[3890085] Could not find attributes for orestis kiomourtzoglou (Heart of Midlothian Football Club, 2022)
[3890085] Failed to build match row: Kilmarnock Football Club vs Heart of Midlothian Football Club
[3415438] Could not find attributes for sandy walsh (Yellow-Red Koninklijke Voetbalclub Mechelen, 2020)
[3415438] Failed to build match row: Yellow-Red Koninklijke Voetbalclub Mechelen vs Koninklijke Racing Club Genk
[4624887] Could not find attributes for natan lawa (Morski Klub Sportowy Pogoń Szczecin, 2025)
[3612946] Failed to scrape lineup: https://www.transfermarkt.co.uk/yeni-malatyaspor_basaksehir-fk/index/spielbericht/3612946
[4624887] Failed to build match row: Morski Klub Sportowy Pogoń Szczecin vs KKS Lech Poznań Spółka Akcyjna
[4620716] Could not find attributes for sergi roberto (Calcio Como, 2025)
[4620716] Failed to build match row: Associazione Calcio Fiorentina vs Calcio Como
[4521278] Failed to scrape lineup: https://www.transfermarkt.co.uk/austin-fc_new-york-red-bulls/index/spielbericht/4521278
Not enough players found for lineup: 0, 0.
[4452969] Failed to scrape lineup: https://www.transfermarkt.co.uk/spielbericht/index/spielbericht/4452969
[4810970] Failed to scrape lineup: https://www.transfermarkt.co.uk/sport-club-corinthians-paulista_cr-flamengo/index/spielbericht/4810970

Keepers & outfield error for **Sport Lisboa e Benfica** in Sport Lisboa e Benfica vs Futbolniy Klub Dynamo Kyiv: Numbers: 2 and 9.
[3651133] Failed to build match row: Sport Lisboa e Benfica vs Futbolniy Klub Dynamo Kyiv
[4120693] Could not find attributes for oleksandr bandura (FC Minaj, 2023)
[4120693] Failed to build match row: FC Minaj vs Futbolniy Klub Dynamo Kyiv
[4131279] Could not find attributes for sergiy pogorilyi (Shturm Ivankiv (- 2024), 2023)
[4131279] Failed to build match row: Shturm Ivankiv (- 2024) vs UCSA Tarasivka
[4240388] Could not find attributes for pontus rodin (Silkeborg Idrætsforening, 2023)
[4240388] Failed to build match row: Silkeborg Idrætsforening vs Fodbold Club Fredericia
[3432245] Could not find attributes for felipe pires (Moreirense Futebol Clube, 2020)
[4361327] Failed to scrape lineup: https://www.transfermarkt.co.uk/gornik-zabrze_motor-lublin/index/spielbericht/4361327
[3432245] Failed to build match row: Moreirense Futebol Clube vs Clube Desportivo de Tondela
[4396729] Failed to scrape lineup: https://www.transfermarkt.co.uk/sc-braga_gd-estoril-praia/index/spielbericht/4396729
[4810971] Could not find attributes for henry mosquera (Red Bull Bragantino, 2025)
[4810971] Failed to build match row: Red Bull Bragantino vs S. A. F. Botafogo
[4172086] Could not find attributes for asger sorensen (AC Sparta Praha, a. s., 2023)
[4408233] Could not find attributes for nikita medvedev (FK Nizhny Novgorod, 2024)
[4408233] Failed to build match row: FK Nizhny Novgorod vs FK Rostov
[4172086] Failed to build match row: Rangers Football Club vs AC Sparta Praha, a. s.

Keepers & outfield error for **FC Emmen** in FC Emmen vs Go Ahead Eagles: Numbers: 0 and 11.
[3415439] Could not find attributes for vaclav jemelka (Oud-Heverlee Leuven, 2020)
[3852701] Failed to build match row: FC Emmen vs Go Ahead Eagles
[3415439] Failed to build match row: Oud-Heverlee Leuven vs Beerschot VA

Keepers & outfield error for **Livingston Football Club** in Livingston Football Club vs Ross County FC: Numbers: 2 and 9.
[3890086] Failed to build match row: Livingston Football Club vs Ross County FC
[4363454] Could not find attributes for tomas koubek (FC Slovan Liberec, 2024)
[4363454] Failed to build match row: FC Slovan Liberec vs FC Baník Ostrava a.s.
[4120694] Could not find attributes for oleksandr saputin (FC Zorya Lugansk, 2023)
[4120694] Failed to build match row: FC Zorya Lugansk vs FC Rukh Lviv
[4094882] Failed to scrape lineup: https://www.transfermarkt.co.uk/le-havre-ac_olympique-marseille/index/spielbericht/4094882
[4649068] Failed to scrape lineup: https://www.transfermarkt.co.uk/petrolul-ploiesti_fc-metaloglobus-bucharest/index/spielbericht/4649068
[3426921] Failed to scrape lineup: https://www.transfermarkt.co.uk/mke-ankaragucu_besiktas-jk/index/spielbericht/3426921

Keepers & outfield error for **FC Paços de Ferreira** in FC Paços de Ferreira vs Clube Desportivo Santa Clara: Numbers: 2 and 9.
[3869337] Failed to build match row: FC Paços de Ferreira vs Clube Desportivo Santa Clara
[4396730] Could not find attributes for bruno varela (Vitória Sport Clube, 2024)
[4396730] Failed to build match row: Sport Lisboa e Benfica vs Vitória Sport Clube
[3597912] Could not find attributes for nick bakker (Sportclub Heerenveen, 2021)
[3597912] Failed to build match row: Heracles Almelo vs Sportclub Heerenveen
[4425175] Could not find attributes for hideki ishige (Wellington Phoenix Football Club, 2024)
[4425175] Failed to build match row: Wellington Phoenix Football Club vs Adelaide United Football Club
[3935993] Failed to scrape lineup: https://www.transfermarkt.co.uk/spielbericht/index/spielbericht/3935993
[4109303] Failed to scrape lineup: https://www.transfermarkt.co.uk/fc-porto_fc-arouca/index/spielbericht/4109303
[3462282] Failed to scrape lineup: https://www.transfermarkt.co.uk/spielbericht/index/spielbericht/3462282
[4452986] Could not find attributes for jessy hommersom (ASWH Ambacht, 2024)
[4452986] Failed to build match row: ASWH Ambacht vs HHC Hardenberg
[4737974] Failed to scrape lineup: https://www.transfermarkt.co.uk/spielbericht/index/spielbericht/4737974
[4676369] Failed to scrape lineup: https://www.transfermarkt.co.uk/spielbericht/index/spielbericht/4676369
[4530640] Could not find attributes for makito ito (Yokohama FC, 2024)
[4641656] Failed to scrape lineup: https://www.transfermarkt.co.uk/excelsior-rotterdam_fc-groningen/index/spielbericht/4641656
[4530640] Failed to build match row: Yokohama FC vs Urawa Red Diamonds
[4624888] Failed to scrape lineup: https://www.transfermarkt.co.uk/radomiak-radom_widzew-lodz/index/spielbericht/4624888
[4094883] Could not find attributes for sadibou sane (Football Club de Metz, 2023)
[4094883] Failed to build match row: Football Club de Metz vs Paris Saint-Germain Football Club
[3415440] Could not find attributes for osman bukari (Koninklijke Atletiek Associatie Gent, 2020)
[4041600] Failed to scrape lineup: https://www.transfermarkt.co.uk/spielbericht/index/spielbericht/4041600
[3869338] Could not find attributes for xadas (CS Marítimo, 2022)
[3426922] Could not find attributes for robin yalcin (Sivasspor, 2020)

Keepers & outfield error for **Boavista FC** in Boavista FC vs SC Farense: Numbers: 0 and 11.
[3426922] Failed to build match row: Sivasspor vs Gençlerbirliği Spor Kulübü
[3869338] Failed to build match row: CS Marítimo vs Sport Lisboa e Benfica
[3415440] Failed to build match row: Royal Sporting Club Anderlecht vs Koninklijke Atletiek Associatie Gent
[4396731] Failed to build match row: Boavista FC vs SC Farense
Not enough players found for lineup: 11, 0.
[4373443] Could not find attributes for tiago tomas (Verein für Leibesübungen Wolfsburg, 2024)
[3935994] Failed to scrape lineup: https://www.transfermarkt.co.uk/spielbericht/index/spielbericht/3935994
[4425176] Could not find attributes for kavian rahmani (Melbourne City Football Club, 2024)
[3508021] Could not find attributes for admiral muskwe (Wycombe Wanderers, 2020)
[4425176] Failed to build match row: Melbourne City Football Club vs Brisbane Roar FC
[3508021] Failed to build match row: Wycombe Wanderers vs Tottenham Hotspur Football Club
[4373443] Failed to build match row: Verein für Leibesübungen Wolfsburg vs Fußball-Club Augsburg 1907

Keepers & outfield error for **Cruzeiro Esporte Clube** in Cruzeiro Esporte Clube vs Santos Futebol Clube: Numbers: 0 and 11.
[4810972] Failed to build match row: Cruzeiro Esporte Clube vs Santos Futebol Clube
[4376594] Could not find attributes for tawanda maswanhise (Motherwell Football Club, 2024)
[4363455] Failed to build match row: SK Dynamo Ceske Budejovice vs FK Dukla Praha a.s.
[4376594] Failed to build match row: St. Johnstone FC vs Motherwell Football Club
[4627236] Could not find attributes for miroslav stevanovic (Servette Football Club 1890 SA, 2025)
[4627236] Failed to build match row: Berner Sport Club Young Boys vs Servette Football Club 1890 SA
[3432246] Failed to scrape lineup: https://www.transfermarkt.co.uk/cd-nacional_rio-ave-fc/index/spielbericht/3432246
Not enough players found for lineup: 0, 0.
[4452987] Failed to scrape lineup: https://www.transfermarkt.co.uk/spielbericht/index/spielbericht/4452987
[3450676] Could not find attributes for christos donis (VVV-Venlo, 2020)

Keepers & outfield error for **Boavista FC** in Grupo Desportivo Estoril Praia vs Boavista FC: Numbers: 2 and 9.
[4649070] Could not find attributes for conrado (SC Oţelul Galaţi, 2025)
[4131280] Could not find attributes for andriy bobynets (PFC Prykarpattya Ivano-Frankivsk, 2023)
[3450676] Failed to build match row: Fortuna Sittardia Combinatie vs VVV-Venlo
[3710337] Could not find attributes for luke croll (Chesterfield FC, 2021)
[4649070] Failed to build match row: SC Dinamo 1948 SA vs SC Oţelul Galaţi
[3852702] Failed to scrape lineup: https://www.transfermarkt.co.uk/fc-groningen_excelsior-rotterdam/index/spielbericht/3852702
[4131280] Failed to build match row: PFC Prykarpattya Ivano-Frankivsk vs FK Karpaty Lviv
[4109304] Failed to build match row: Grupo Desportivo Estoril Praia vs Boavista FC
[3710337] Failed to build match row: Chelsea Football Club vs Chesterfield FC
[4737975] Could not find attributes for daniil frolkin (Fakel Voronezh, 2025)
[4120695] Could not find attributes for irakli azarovi (FC Shakhtar Donetsk, 2023)
[4737975] Failed to build match row: Fakel Voronezh vs Ural Yekaterinburg
[4624889] Could not find attributes for mateusz klich (Klub Sportowy Cracovia Spółka Akcyjna, 2025)
[3621363] Failed to scrape lineup: https://www.transfermarkt.co.uk/estoril-praia_vitoria-guimaraes-sc/index/spielbericht/3621363
[4120695] Failed to build match row: FC Shakhtar Donetsk vs TOV FK Metalist 1925 Kharkiv
[4098023] Could not find attributes for kristijan belic (Alkmaar Zaanstreek, 2023)

Keepers & outfield error for **Saint Mirren Football Club** in Rangers Football Club vs Saint Mirren Football Club: Numbers: 2 and 9.
[4624889] Failed to build match row: RKS Raków Częstochowa SA vs Klub Sportowy Cracovia Spółka Akcyjna
[4098023] Failed to build match row: Alkmaar Zaanstreek vs Prins Hendrik Ende Desespereert Nimmer Combinatie Zwolle
[4172087] Could not find attributes for slobodan urosevic (Aris Limassol, 2023)
[3890087] Failed to build match row: Rangers Football Club vs Saint Mirren Football Club
[3838700] Could not find attributes for cheikhou kouyate (Nottingham Forest Football Club, 2022)
[3588674] Could not find attributes for jetro willems (SpVgg Greuther Fürth, 2021)
[4172087] Failed to build match row: Rangers Football Club vs Aris Limassol
[3838700] Failed to build match row: Aston Villa Football Club vs Nottingham Forest Football Club
[3588674] Failed to build match row: Fußball-Club Augsburg 1907 vs SpVgg Greuther Fürth
[3602542] Could not find attributes for sergey pesjakov (FK Rostov, 2021)
[4521280] Could not find attributes for femi awodesu (Houston Dynamo, 2024)
[3602542] Failed to build match row: FK Rostov vs Ural Yekaterinburg
[4521280] Failed to build match row: Houston Dynamo vs Club de Foot Montréal
[4530641] Could not find attributes for kennedy egbus mikuni (Nagoya Grampus Eight, 2024)
[4376595] Could not find attributes for duktm (Aberdeen Football Club, 2024)
[4530641] Failed to build match row: Nagoya Grampus Eight vs Kyoto Purple Sanga
[3869339] Could not find attributes for ousmane diomande (Sporting Clube de Portugal, 2022)
[4376595] Failed to build match row: Aberdeen Football Club vs Dundee United Football Club
[3869339] Failed to build match row: Sporting Clube de Portugal vs Boavista FC
[4408234] Could not find attributes for bogdan moskvichev (FC Orenburg, 2024)
[4408234] Failed to build match row: FC Orenburg vs PFK Krylya Sovetov Samara
[3935995] Could not find attributes for georgios giagiozis (AO Agios Nikolaos, 2022)
[3935995] Failed to build match row: AO Agios Nikolaos vs Niki Volou
[3426923] Could not find attributes for adil demirbag (Konyaspor, 2020)
[3450677] Could not find attributes for eliano reijnders (Prins Hendrik Ende Desespereert Nimmer Combinatie Zwolle, 2020)

Keepers & outfield error for **Sport Club Internacional** in Sport Club Internacional vs Associação Chapecoense de Futebol: Numbers: 0 and 11.
[3426923] Failed to build match row: Kayserispor Kulübü vs Konyaspor
[4361330] Failed to scrape lineup: https://www.transfermarkt.co.uk/puszcza-niepolomice_piast-gliwice/index/spielbericht/4361330
[4641658] Failed to scrape lineup: https://www.transfermarkt.co.uk/fc-volendam_nec-nijmegen/index/spielbericht/4641658
[4363456] Could not find attributes for jakub martinec (FK Jablonec a.s., 2024)
ndex/spielbericht/3462284
[3612948] Could not find attributes for shapi suleymanov (Giresunspor, 2021)
[3450677] Failed to build match row: Prins Hendrik Ende Desespereert Nimmer Combinatie Zwolle vs Fortuna Sittardia Combinatie
Not enough players found for lineup: 0, 11.
[4810973] Failed to build match row: Sport Club Internacional vs Associação Chapecoense de Futebol
[4363456] Failed to build match row: FK Jablonec a.s. vs Bohemians Praha 1905, a.s.
[4676370] Failed to scrape lineup: https://www.transfermarkt.co.uk/spielbericht/index/spielbericht/4676370
[3612948] Failed to build match row: Sivasspor vs Giresunspor

Keepers & outfield error for **Sporting Clube de Portugal** in Rio Ave Futebol Clube vs Sporting Clube de Portugal: Numbers: 3 and 8.
[3432247] Failed to build match row: Rio Ave Futebol Clube vs Sporting Clube de Portugal
[3852703] Could not find attributes for oguzhan ozyakup (Fortuna Sittardia Combinatie, 2022)
[3852703] Failed to build match row: Fortuna Sittardia Combinatie vs Feyenoord Rotterdam
[3508188] Could not find attributes for colin williamson (Brora Rangers FC, 2020)
[3508188] Failed to build match row: Brora Rangers FC vs Heart of Midlothian Football Club
[4624890] Failed to scrape lineup: https://www.transfermarkt.co.uk/cracovia_pogon-szczecin/index/spielbericht/4624890
[3838701] Failed to scrape lineup: https://www.transfermarkt.co.uk/west-ham-united_southampton-fc/index/spielbericht/3838701
[3651138] Failed to scrape lineup: https://www.transfermarkt.co.uk/spielbericht/index/spielbericht/3651138
[3869340] Could not find attributes for kiko bondoso (FC Vizela, 2022)
[4408235] Could not find attributes for david volk (Dinamo Makhachkala, 2024)
[4376596] Failed to scrape lineup: https://www.transfermarkt.co.uk/dundee-fc_st-johnstone-fc/index/spielbericht/4376596
[4408235] Failed to build match row: Dinamo Makhachkala vs PFK CSKA Moskva
[3869340] Failed to build match row: FC Vizela vs Sporting Clube de Braga
[4635282] Failed to scrape lineup: https://www.transfermarkt.co.uk/fc-toulouse_as-monaco/index/spielbericht/4635282

Keepers & outfield error for **FC Vizela** in FC Vizela vs Clube Desportivo de Tondela: Numbers: 0 and 11.
[3415442] Failed to scrape lineup: https://www.transfermarkt.co.uk/sint-truidense-vv_cercle-brugge/index/spielbericht/3415442
[3621364] Failed to build match row: FC Vizela vs Clube Desportivo de Tondela
[4676371] Failed to scrape lineup: https://www.transfermarkt.co.uk/spielbericht/index/spielbericht/4676371
[4452988] Could not find attributes for max wolfs (ACV Assen, 2024)
[3602543] Could not find attributes for egor sorokin (FK Krasnodar, 2021)
[3432248] Could not find attributes for ryotaro meshino (Rio Ave Futebol Clube, 2020)
[4425178] Could not find attributes for tomislav mrcela (Perth Glory Football Club, 2024)
[3602543] Failed to build match row: FK Krasnodar vs FK Nizhny Novgorod
[3432248] Failed to build match row: Rio Ave Futebol Clube vs Clube Desportivo Santa Clara
[3426924] Could not find attributes for yassine meriah (Çaykur Rizespor Kulübü, 2020)
[4452988] Failed to build match row: ACV Assen vs VV IJsselmeervogels
[4361331] Could not find attributes for steve kingue (Radomiak S.A., 2024)
[3426924] Failed to build match row: Çaykur Rizespor Kulübü vs Antalyaspor
[3890088] Could not find attributes for sead haksabanovic (The Celtic Football Club, 2022)
[3838702] Failed to scrape lineup: https://www.transfermarkt.co.uk/nottingham-forest_wolverhampton-wanderers/index/spielbericht/3838702
[4425178] Failed to build match row: Perth Glory Football Club vs Auckland Football Club
[3612949] Failed to scrape lineup: https://www.transfermarkt.co.uk/adana-demirspor_hatayspor/index/spielbericht/3612949
[3890088] Failed to build match row: St. Johnstone FC vs The Celtic Football Club
[4041601] Failed to scrape lineup: https://www.transfermarkt.co.uk/spielbericht/index/spielbericht/4041601
[4737976] Could not find attributes for erving botaka (Arsenal Tula, 2025)
[4521281] Failed to scrape lineup: https://www.transfermarkt.co.uk/sporting-kansas-city_fc-dallas/index/spielbericht/4521281
597
[4624891] Failed to scrape lineup: https://www.transfermarkt.co.uk/jagiellonia-bialystok_gornik-zabrze/index/spielbericht/4624891
[4361331] Failed to build match row: Radomiak S.A. vs Klub Sportowy Lechia Gdańsk
[4810974] Could not find attributes for jp chermont (Coritiba Foot Ball Club, 2025)
Not enough players found for lineup: 11, 0.
[3450678] Failed to scrape lineup: https://www.transfermarkt.co.uk/psv-eindhoven_heracles-almelo/index/spielbericht/3450678
[4109305] Could not find attributes for ze carlos (Gil Vicente Futebol Clube, 2023)
[4737976] Failed to build match row: Arsenal Tula vs Sokol Saratov
pielbericht/index/spielbericht/3508190
[4646382] Could not find attributes for sekou koita (Gençlerbirliği Spor Kulübü, 2025)
[3935996] Failed to scrape lineup: https://www.transfermarkt.co.uk/spielbericht/index/spielbericht/3935996
[4646382] Failed to build match row: Çaykur Rizespor Kulübü vs Gençlerbirliği Spor Kulübü
[4810974] Failed to build match row: Clube Atlético Paranaense vs Coritiba Foot Ball Club
[4109305] Failed to build match row: FC Vizela vs Gil Vicente Futebol Clube
[4530642] Could not find attributes for jun ichimori (Gamba Osaka, 2024)
[4641659] Could not find attributes for tristan gooijer (Prins Hendrik Ende Desespereert Nimmer Combinatie Zwolle, 2025)
[4530642] Failed to build match row: Gamba Osaka vs Fagiano Okayama Sports Club
[3462285] Could not find attributes for shahrudin mahammadaliyev (Qarabağ FK, 2020)
[4641659] Failed to build match row: Feyenoord Rotterdam vs Prins Hendrik Ende Desespereert Nimmer Combinatie Zwolle
[3462285] Failed to build match row: Qarabağ FK vs Villarreal Club de Fútbol S.A.D.
[3869341] Could not find attributes for alisson safira (Vitória Sport Clube, 2022)
[4131281] Could not find attributes for dmytro fastov (Metalist Kharkiv, 2023)
[3869341] Failed to build match row: Vitória Sport Clube vs Futebol Clube de Arouca
[4131281] Failed to build match row: Metalist Kharkiv vs Epicentr Dunaivtsi
[4635283] Could not find attributes for daouda guindo (Stade brestois 29, 2025)
[4635283] Failed to build match row: Stade brestois 29 vs Racing Club de Lens
[4408236] Could not find attributes for sergey volkov (Akron Togliatti, 2024)
[4408236] Failed to build match row: Akron Togliatti vs AO FK Zenit Sankt-Peterburg

Keepers & outfield error for **Associazione Sportiva Roma** in Associazione Sportiva Roma vs Unione Sportiva Cremonese S.p.A.: Numbers: 0 and 11.
[3844751] Failed to build match row: Associazione Sportiva Roma vs Unione Sportiva Cremonese S.p.A.
[4363457] Could not find attributes for jiri borek (1. FC Slovácko, 2024)
[4363457] Failed to build match row: 1. FC Slovácko vs AC Sparta Praha, a. s.
[3602544] Failed to scrape lineup: https://www.transfermarkt.co.uk/krylya-sovetov-samara_rubin-kazan/index/spielbericht/3602544
[3415443] Failed to scrape lineup: https://www.transfermarkt.co.uk/kaa-gent_kas-eupen/index/spielbericht/3415443
[4620721] Failed to scrape lineup: https://www.transfermarkt.co.uk/torino-fc_atalanta-bc/index/spielbericht/4620721
[4624892] Could not find attributes for damian rasak (GKS GieKSa Katowice Spółka Akcyjna, 2025)
[4624892] Failed to build match row: Miejski Klub Sportowy Korona Kielce Spółka Akcyjna vs GKS GieKSa Katowice Spółka Akcyjna
[4530643] Failed to scrape lineup: https://www.transfermarkt.co.uk/cerezo-osaka_albirex-niigata/index/spielbericht/4530643
[3890089] Failed to scrape lineup: https://www.transfermarkt.co.uk/aberdeen-fc_heart-of-midlothian-fc/index/spielbericht/3890089
[4373445] Could not find attributes for kevin muller (1. Fußballclub Heidenheim 1846, 2024)
[4373445] Failed to build match row: Holstein Kiel vs 1. Fußballclub Heidenheim 1846
[4737977] Failed to scrape lineup: https://www.transfermarkt.co.uk/spielbericht/index/spielbericht/4737977

Keepers & outfield error for **Newcastle United Football Club** in Newcastle United Football Club vs Manchester United Football Club: Numbers: 2 and 9.
[3838703] Failed to build match row: Newcastle United Football Club vs Manchester United Football Club

Keepers & outfield error for **Football Club Utrecht** in Football Club Utrecht vs Sparta Rotterdam: Numbers: 0 and 11.
[3450679] Failed to build match row: Football Club Utrecht vs Sparta Rotterdam

Keepers & outfield error for **B SAD** in Sporting Clube de Portugal vs B SAD: Numbers: 0 and 11.
[4361332] Failed to scrape lineup: https://www.transfermarkt.co.uk/rakow-czestochowa_legia-warszawa/index/spielbericht/4361332
[3621365] Failed to build match row: Sporting Clube de Portugal vs B SAD
[4408237] Could not find attributes for nikita kokarev (FC Khimki (-2025), 2024)
[4408237] Failed to build match row: FC Khimki (-2025) vs Футбольный клуб "Локомотив" Москва
[3508191] Could not find attributes for nikolaos papadopoulos (A.G.S Asteras Tripolis, 2020)
[3508191] Failed to build match row: A.G.S Asteras Tripolis vs Aris Thessalonikis
[3432249] Failed to scrape lineup: https://www.transfermarkt.co.uk/fc-porto_sc-farense/index/spielbericht/3432249
Not enough players found for lineup: 0, 11.
[4676372] Failed to scrape lineup: https://www.transfermarkt.co.uk/spielbericht/index/spielbericht/4676372
Not enough players found for lineup: 0, 11.
Not enough players found for lineup: 0, 0.
[3612950] Could not find attributes for mergim berisha (Fenerbahçe Spor Kulübü, 2021)
[3426925] Could not find attributes for munir el kajoui (Hatayspor, 2020)
[3936666] Failed to scrape lineup: https://www.transfermarkt.co.uk/spielbericht/index/spielbericht/3936666
[4452989] Failed to scrape lineup: https://www.transfermarkt.co.uk/spielbericht/index/spielbericht/4452989
[3612950] Failed to build match row: Fenerbahçe Spor Kulübü vs Kayserispor Kulübü
[3426925] Failed to build match row: Hatayspor vs Trabzonspor Kulübü
[3651139] Could not find attributes for koni de winter (Juventus Football Club, 2021)
[3651139] Failed to build match row: Juventus Football Club vs Malmö Fotbollförening

Keepers & outfield error for **Association Football Club Bournemouth** in Brighton and Hove Albion Football Club vs Association Football Club Bournemouth: Numbers: 0 and 11.
[4095064] Failed to build match row: Brighton and Hove Albion Football Club vs Association Football Club Bournemouth
[3415444] Could not find attributes for stipe radic (Beerschot VA, 2020)

Keepers & outfield error for **Vitória Sport Clube** in Vitória Sport Clube vs Futebol Clube de Famalicão: Numbers: 2 and 9.
[3415444] Failed to build match row: Beerschot VA vs Royal Antwerp Football Club
[4624893] Could not find attributes for rafal adamski (Legia Warszawa Spółka Akcyjna, 2025)

Keepers & outfield error for **AVS Futebol SAD** in AVS Futebol SAD vs Futebol Clube de Famalicão: Numbers: 0 and 11.
[3869343] Failed to build match row: Vitória Sport Clube vs Futebol Clube de Famalicão
[4396732] Failed to build match row: AVS Futebol SAD vs Futebol Clube de Famalicão
[4363458] Could not find attributes for tomas koubek (FC Slovan Liberec, 2024)
[4624893] Failed to build match row: KKS Lech Poznań Spółka Akcyjna vs Legia Warszawa Spółka Akcyjna
[4620722] Could not find attributes for jesper karlstrom (Udinese Calcio, 2025)
[4641660] Failed to scrape lineup: https://www.transfermarkt.co.uk/fortuna-sittard_ajax-amsterdam/index/spielbericht/4641660
[4363458] Failed to build match row: FC Viktoria Plzeň, a.s. vs FC Slovan Liberec
[3602545] Could not find attributes for anton kochenkov (Arsenal Tula, 2021)
[3508192] Could not find attributes for gergely nagy (Athlitiki Enosi Larisas, 2020)
[4627239] Could not find attributes for miroslav stevanovic (Servette Football Club 1890 SA, 2025)
[3890090] Could not find attributes for sead haksabanovic (The Celtic Football Club, 2022)
[4620722] Failed to build match row: Udinese Calcio vs Associazione Calcio Milan
[4131282] Could not find attributes for denys zavgorodniy (Skala 1911 Stryi, 2023)
[3602545] Failed to build match row: PFK CSKA Moskva vs Arsenal Tula
[3508192] Failed to build match row: Athlitiki Enosi Larisas vs Panthessalonikios Athlitikos Omilos Konstantinoupoliton
[4627239] Failed to build match row: Servette Football Club 1890 SA vs FC St. Gallen 1879

Keepers & outfield error for **Eintracht Frankfurt Fußball AG** in Verein für Bewegungsspiele Stuttgart 1893 vs Eintracht Frankfurt Fußball AG: Numbers: 2 and 9.
[4131282] Failed to build match row: Skala 1911 Stryi vs FC Khust
[3890090] Failed to build match row: The Celtic Football Club vs Hibernian Football Club
[4373455] Failed to build match row: Verein für Bewegungsspiele Stuttgart 1893 vs Eintracht Frankfurt Fußball AG

Keepers & outfield error for **Western Sydney Wanderers** in Western Sydney Wanderers vs Newcastle United Jets Football Club: Numbers: 0 and 11.
[4425180] Failed to build match row: Western Sydney Wanderers vs Newcastle United Jets Football Club

Keepers & outfield error for **FC Girondins Bordeaux** in FC Girondins Bordeaux vs Clermont Foot 63: Numbers: 2 and 9.
[4635285] Could not find attributes for senny mayulu (Paris Saint-Germain Football Club, 2025)
Not enough players found for lineup: 0, 0.
[3588764] Failed to build match row: FC Girondins Bordeaux vs Clermont Foot 63
[4635285] Failed to build match row: Paris Saint-Germain Football Club vs Football Club Lorient-Bretagne Sud
[4452990] Failed to scrape lineup: https://www.transfermarkt.co.uk/spielbericht/index/spielbericht/4452990
[4240390] Could not find attributes for mikkel wohlgemuth (Fodbold Club Fredericia, 2023)
[4240390] Failed to build match row: Fodbold Club Fredericia vs Silkeborg Idrætsforening

Keepers & outfield error for **FC Paços de Ferreira** in FC Paços de Ferreira vs Grupo Desportivo Estoril Praia: Numbers: 0 and 11.
[4798273] Could not find attributes for martin garnerone (Asociación Atlética Estudiantes, 2025)
[4521282] Could not find attributes for wessel speel (Minnesota United FC, 2024)
[4798273] Failed to build match row: Asociación Atlética Estudiantes vs Asociación Atlética Argentinos Juniors
[3621366] Failed to build match row: FC Paços de Ferreira vs Grupo Desportivo Estoril Praia
[4530644] Failed to scrape lineup: https://www.transfermarkt.co.uk/sanfrecce-hiroshima_shimizu-s-pulse/index/spielbericht/4530644
[4521282] Failed to build match row: Minnesota United FC vs San Diego Football Club
[3415445] Could not find attributes for anthony musaba (Cercle Brugge Koninklijke Sportvereniging, 2020)
[3415445] Failed to build match row: Cercle Brugge Koninklijke Sportvereniging vs Yellow-Red Koninklijke Voetbalclub Mechelen
[3462287] Could not find attributes for andreas gruber (Linzer Athletik-Sport-Klub, 2020)
[3462287] Failed to build match row: Linzer Athletik-Sport-Klub vs Ludogorets Razgrad
[3852706] Could not find attributes for che nunnely (Sportclub Heerenveen, 2022)
[3852706] Failed to build match row: Sportclub Heerenveen vs RKC Waalwijk
[4363459] Could not find attributes for dominik holec (FC Baník Ostrava a.s., 2024)
[4363459] Failed to build match row: FC Baník Ostrava a.s. vs SK Sigma Olomouc, a.s.
Not enough players found for lineup: 0, 11.
[4676373] Failed to scrape lineup: https://www.transfermarkt.co.uk/spielbericht/index/spielbericht/4676373
[3602546] Could not find attributes for fabian balbuena (FK Dinamo Moskva, 2021)
[3602546] Failed to build match row: FK Dinamo Moskva vs AO FK Zenit Sankt-Peterburg
[4624894] Could not find attributes for matej rodin (Klub Sportowy Lechia Gdańsk, 2025)
[4624894] Failed to build match row: Klub Sportowy Lechia Gdańsk vs RKS Raków Częstochowa SA

Keepers & outfield error for **Livingston Football Club** in Livingston Football Club vs St. Johnstone FC: Numbers: 2 and 9.
[3890091] Failed to build match row: Livingston Football Club vs St. Johnstone FC
[4530649] Could not find attributes for akito fukumori (Yokohama FC, 2024)
[4530649] Failed to build match row: Yokohama FC vs Sanfrecce Hiroshima
[3426926] Could not find attributes for balazs megyeri (Göztepe Sportif Yatırımlar A.Ş., 2020)
[3426926] Failed to build match row: Galatasaray Spor Kulübü vs Göztepe Sportif Yatırımlar A.Ş.
[4646383] Could not find attributes for dorukhan tokoz (Kayserispor Kulübü, 2025)
[4646383] Failed to build match row: Kayserispor Kulübü vs Göztepe Sportif Yatırımlar A.Ş.
[3508193] Could not find attributes for jose cholevas (Olympiakos Syndesmos Filathlon Peiraios, 2020)
[3508193] Failed to build match row: Olympiakos Syndesmos Filathlon Peiraios vs Panetolikos Agrinio
[4367909] Could not find attributes for marvin young (Sparta Rotterdam, 2024)
[4367909] Failed to build match row: Sparta Rotterdam vs Alkmaar Zaanstreek
[4041603] Failed to scrape lineup: https://www.transfermarkt.co.uk/spielbericht/index/spielbericht/4041603

Keepers & outfield error for **Real Betis Balompié S.A.D.** in Real Betis Balompié S.A.D. vs Rangers Football Club: Numbers: 0 and 11.

Keepers & outfield error for **Melbourne Victory FC** in Melbourne Victory FC vs Brisbane Roar FC: Numbers: 2 and 9.
[4172088] Failed to build match row: Real Betis Balompié S.A.D. vs Rangers Football Club
[4408238] Could not find attributes for evgeniy latyshonok (AO FK Zenit Sankt-Peterburg, 2024)
am/index/spielbericht/3450680
[4408238] Failed to build match row: AO FK Zenit Sankt-Peterburg vs Dinamo Makhachkala
[4649075] Could not find attributes for arian kabashi (Asociația Futball Klub Csíkszereda Miercurea Ciuc, 2025)
[3462288] Could not find attributes for uros spajic (Feyenoord Rotterdam, 2020)
[4627241] Failed to scrape lineup: https://www.transfermarkt.co.uk/fc-basel-1893_grasshopper-club-zurich/index/spielbericht/4627241
[4649075] Failed to build match row: Asociația Futball Klub Csíkszereda Miercurea Ciuc vs Asociația Fotbal Club UTA Arad
[3838705] Failed to scrape lineup: https://www.transfermarkt.co.uk/everton-fc_tottenham-hotspur/index/spielbericht/3838705

Keepers & outfield error for **FC Vizela** in Vitória Sport Clube vs FC Vizela: Numbers: 0 and 11.
[3621367] Failed to build match row: Vitória Sport Clube vs FC Vizela
[4810975] Could not find attributes for emmanuel martinez (Esporte Clube Vitória, 2025)
[4709795] Could not find attributes for jack howland (Millwall FC, 2025)
[3651140] Failed to scrape lineup: https://www.transfermarkt.co.uk/spielbericht/index/spielbericht/3651140
[4810975] Failed to build match row: Esporte Clube Vitória vs Mirasol Futebol Clube
[4709795] Failed to build match row: Millwall FC vs Coventry City
[4737978] Could not find attributes for mikhail volkov (Torpedo Moscow, 2025)
[4120696] Could not find attributes for danylo varakuta (Chornomorets Odesa, 2023)
[4737978] Failed to build match row: Torpedo Moscow vs Veles Moscow
[4120696] Failed to build match row: Chornomorets Odesa vs FK Kolos Kovalivka
[3710338] Failed to scrape lineup: https://www.transfermarkt.co.uk/spielbericht/index/spielbericht/3710338
[4095066] Failed to scrape lineup: https://www.transfermarkt.co.uk/chelsea-fc_aston-villa/index/spielbericht/4095066
[4452991] Failed to scrape lineup: https://www.transfermarkt.co.uk/spielbericht/index/spielbericht/4452991
[4396733] Failed to scrape lineup: https://www.transfermarkt.co.uk/rio-ave-fc_casa-pia-ac/index/spielbericht/4396733
[3869344] Failed to scrape lineup: https://www.transfermarkt.co.uk/fc-pacos-de-ferreira_cs-maritimo/index/spielbericht/3869344
[4172089] Failed to scrape lineup: https://www.transfermarkt.co.uk/spielbericht/index/spielbericht/4172089
[4408239] Could not find attributes for stanislav agkatsev (FK Krasnodar, 2024)
[3844753] Failed to scrape lineup: https://www.transfermarkt.co.uk/us-sassuolo_us-lecce/index/spielbericht/3844753
[4408239] Failed to build match row: FK Krasnodar vs FC Orenburg
[4131283] Failed to scrape lineup: https://www.transfermarkt.co.uk/spielbericht/index/spielbericht/4131283
[3508194] Could not find attributes for nikolaos giannakopoulos (Apollon Smyrnis, 2020)
[3508194] Failed to build match row: Apollon Smyrnis vs Athlitiki Enosi Konstantinoupoleos
[4098026] Failed to scrape lineup: https://www.transfermarkt.co.uk/vitesse-arnhem_feyenoord-rotterdam/index/spielbericht/4098026
[3838706] Failed to scrape lineup: https://www.transfermarkt.co.uk/crystal-palace_leicester-city/index/spielbericht/3838706
[3432250] Could not find attributes for ruben lameiras (Vitória Sport Clube, 2020)
[3597917] Failed to scrape lineup: https://www.transfermarkt.co.uk/feyenoord-rotterdam_fortuna-sittard/index/spielbericht/3597917
[3426927] Failed to scrape lineup: https://www.transfermarkt.co.uk/alanyaspor_yeni-malatyaspor/index/spielbericht/3426927
[3432250] Failed to build match row: Vitória Sport Clube vs Clube Desportivo de Tondela
[3621368] Could not find attributes for raul silva (Sporting Clube de Braga, 2021)
[3621368] Failed to build match row: Moreirense Futebol Clube vs Sporting Clube de Braga
[4373456] Failed to scrape lineup: https://www.transfermarkt.co.uk/rb-leipzig_borussia-monchengladbach/index/spielbericht/4373456
[4798274] Failed to scrape lineup: https://www.transfermarkt.co.uk/club-atletico-belgrano_club-atletico-tigre/index/spielbericht/4798274
[3612952] Failed to scrape lineup: https://www.transfermarkt.co.uk/caykur-rizespor_alanyaspor/index/spielbericht/3612952
[4120697] Could not find attributes for german penkov (LNZ Cherkasy, 2023)
[4376601] Could not find attributes for duktm (Aberdeen Football Club, 2024)
[4363460] Failed to build match row: FK Pardubice vs SK Slavia Praha, a.s.
[4120697] Failed to build match row: LNZ Cherkasy vs FC Minaj
[4376601] Failed to build match row: Aberdeen Football Club vs Rangers Football Club
[3450681] Could not find attributes for jan paul van hecke (Sportclub Heerenveen, 2020)
[3450681] Failed to build match row: Alkmaar Zaanstreek vs Sportclub Heerenveen

Keepers & outfield error for **Grupo Desportivo Estoril Praia** in Futebol Clube do Porto vs Grupo Desportivo Estoril Praia: Numbers: 0 and 11.
[4396734] Failed to build match row: Futebol Clube do Porto vs Grupo Desportivo Estoril Praia
[4521284] Failed to scrape lineup: https://www.transfermarkt.co.uk/real-salt-lake-city_d-c-united/index/spielbericht/4521284
[4635287] Failed to scrape lineup: https://www.transfermarkt.co.uk/fc-metz_as-monaco/index/spielbericht/4635287
[3462289] Could not find attributes for bakhtiyor zaynutdinov (PFK CSKA Moskva, 2020)
[3890092] Failed to scrape lineup: https://www.transfermarkt.co.uk/motherwell-fc_rangers-fc/index/spielbericht/3890092
[4676374] Could not find attributes for carsten geipel (Odense KS, 2025)
[4810976] Could not find attributes for marcelinho (Clube do Remo, 2025)
[4530652] Failed to scrape lineup: https://www.transfermarkt.co.uk/cerezo-osaka_tokyo-verdy/index/spielbericht/4530652
[3426928] Could not find attributes for kevin varga (Kasımpaşa A.Ş., 2020)
[3462289] Failed to build match row: PFK CSKA Moskva vs GNK Dinamo Zagreb
[4810976] Failed to build match row: Clube do Remo vs Esporte Clube Bahia
[4676374] Failed to build match row: Odense KS vs Middelfart Boldklub
[3426928] Failed to build match row: Kasımpaşa A.Ş. vs Gaziantep Futbol Kulübü A.Ş.

Keepers & outfield error for **Sporting Clube de Braga** in Gil Vicente Futebol Clube vs Sporting Clube de Braga: Numbers: 0 and 11.
[3602547] Could not find attributes for maksim nenakhov (Футбольный клуб "Локомотив" Москва, 2021)
[3869345] Failed to build match row: Gil Vicente Futebol Clube vs Sporting Clube de Braga
[3602547] Failed to build match row: Футбольный клуб "Локомотив" Москва vs FK Ufa

Keepers & outfield error for **Sport Lisboa e Benfica** in Gil Vicente Futebol Clube vs Sport Lisboa e Benfica: Numbers: 2 and 9.
[4641662] Failed to scrape lineup: https://www.transfermarkt.co.uk/sc-heerenveen_psv-eindhoven/index/spielbericht/4641662
[3621369] Failed to build match row: Gil Vicente Futebol Clube vs Sport Lisboa e Benfica

Keepers & outfield error for **Gil Vicente Futebol Clube** in Gil Vicente Futebol Clube vs SC Farense: Numbers: 0 and 11.
[3415447] Failed to scrape lineup: https://www.transfermarkt.co.uk/kv-oostende-2024-_sint-truidense-vv/index/spielbericht/3415447
[4627242] Failed to scrape lineup: https://www.transfermarkt.co.uk/fc-thun_fc-lausanne-sport/index/spielbericht/4627242
[4408240] Could not find attributes for igor akinfeev (PFK CSKA Moskva, 2024)
[4361333] Failed to scrape lineup: https://www.transfermarkt.co.uk/stal-mielec_slask-wroclaw/index/spielbericht/4361333
[3432251] Failed to build match row: Gil Vicente Futebol Clube vs SC Farense
[3508195] Could not find attributes for christos mandas (APS Atromitos Athinon, 2020)
[3508195] Failed to build match row: APS Atromitos Athinon vs PAS Giannina
[4408240] Failed to build match row: PFK CSKA Moskva vs FK Spartak Moskva
[4095067] Failed to scrape lineup: https://www.transfermarkt.co.uk/crystal-palace_fulham-fc/index/spielbericht/4095067
[4120698] Could not find attributes for denys sydorenko (TOV FK Metalist 1925 Kharkiv, 2023)
[3612953] Could not find attributes for halil dervisoglu (Galatasaray Spor Kulübü, 2021)
[4373457] Could not find attributes for kevin muller (1. Fußballclub Heidenheim 1846, 2024)
[4620724] Failed to scrape lineup: https://www.transfermarkt.co.uk/cagliari-calcio_inter-milan/index/spielbericht/4620724
[4452992] Failed to scrape lineup: https://www.transfermarkt.co.uk/spielbericht/index/spielbericht/4452992
[4373457] Failed to build match row: 1. Fußballclub Heidenheim 1846 vs Verein für Leibesübungen Wolfsburg
[3612953] Failed to build match row: Galatasaray Spor Kulübü vs Fenerbahçe Spor Kulübü
[4646435] Could not find attributes for adem arous (Kasımpaşa A.Ş., 2025)
[4120698] Failed to build match row: TOV FK Metalist 1925 Kharkiv vs FC Oleksandriya
[4635288] Could not find attributes for ally samatta (Le Havre Athletic Club, 2025)
[4521285] Could not find attributes for dylan chambost (Columbus Crew, 2024)
[4646435] Failed to build match row: Kasımpaşa A.Ş. vs Fenerbahçe Spor Kulübü
[4172090] Failed to scrape lineup: https://www.transfermarkt.co.uk/spielbericht/index/spielbericht/4172090
[4635288] Failed to build match row: Lille Olympique Sporting Club vs Le Havre Athletic Club
[4131284] Failed to scrape lineup: https://www.transfermarkt.co.uk/spielbericht/index/spielbericht/4131284
[4521285] Failed to build match row: Columbus Crew vs Atlanta United Football Club

Keepers & outfield error for **Casa Pia Atlético Clube** in Casa Pia Atlético Clube vs Rio Ave Futebol Clube: Numbers: 0 and 11.
[3450682] Could not find attributes for jamal amofa (ADO Den Haag, 2020)
[3450682] Failed to build match row: ADO Den Haag vs RKC Waalwijk
[3869346] Failed to build match row: Casa Pia Atlético Clube vs Rio Ave Futebol Clube
[4810977] Could not find attributes for leo ortiz (Clube de Regatas do Flamengo, 2025)
[4810977] Failed to build match row: Clube de Regatas do Flamengo vs Clube do Remo
[4098027] Could not find attributes for shunsuke mito (Sparta Rotterdam, 2023)
[4240777] Could not find attributes for romarinho (Al-Ittihad Football Club, 2023)
[3462290] Could not find attributes for nemanja milunovic (Fudbalski klub Crvena zvezda Beograd, 2020)

Keepers & outfield error for **Nooit Opgeven Altijd Doorzetten Aangenaam Door Vermaak En Nuttig Door Ontspanning Combinatie Breda** in Sparta Rotterdam vs Nooit Opgeven Altijd Doorzetten Aangenaam Door Vermaak En Nuttig Door Ontspanning Combinatie Breda: Numbers: 2 and 9.
[4098027] Failed to build match row: Sparta Rotterdam vs Go Ahead Eagles
[3462290] Failed to build match row: Fudbalski klub Crvena zvezda Beograd vs FC Slovan Liberec
[4240777] Failed to build match row: Al-Ittihad Football Club vs Auckland City FC
[3597919] Could not find attributes for vurnon anita (RKC Waalwijk, 2021)
[4641663] Failed to build match row: Sparta Rotterdam vs Nooit Opgeven Altijd Doorzetten Aangenaam Door Vermaak En Nuttig Door Ontspanning Combinatie Breda
[3597919] Failed to build match row: RKC Waalwijk vs Nijmegen Eendracht Combinatie
Not enough players found for lineup: 0, 11.

Keepers & outfield error for **Clube Desportivo de Tondela** in Clube Desportivo de Tondela vs Portimonense SC: Numbers: 2 and 9.
[3621370] Failed to build match row: Clube Desportivo de Tondela vs Portimonense SC
[4676375] Failed to scrape lineup: https://www.transfermarkt.co.uk/spielbericht/index/spielbericht/4676375
[4361334] Could not find attributes for lubomir tupta (Widzew Łódź Spółka Akcyjna, 2024)
[4361334] Failed to build match row: Widzew Łódź Spółka Akcyjna vs GKS GieKSa Katowice Spółka Akcyjna
[3710340] Could not find attributes for phil jagielka (Derby County, 2021)
[3710340] Failed to build match row: Coventry City vs Derby County
[3612954] Could not find attributes for shapi suleymanov (Giresunspor, 2021)
[4798276] Could not find attributes for alexis steimbach (Club de Gimnasia y Esgrima La Plata, 2025)
[3612954] Failed to build match row: Giresunspor vs Yeni Malatyaspor
[4798276] Failed to build match row: Club Atlético River Plate vs Club de Gimnasia y Esgrima La Plata
[4367911] Could not find attributes for davy klaassen (AFC Ajax Amsterdam, 2024)
[4367911] Failed to build match row: AFC Ajax Amsterdam vs Prins Hendrik Ende Desespereert Nimmer Combinatie Zwolle
[3602548] Failed to scrape lineup: https://www.transfermarkt.co.uk/akhmat-grozny_fc-khimki/index/spielbericht/3602548
[3426929] Failed to scrape lineup: https://www.transfermarkt.co.uk/fenerbahce_basaksehir-fk/index/spielbericht/3426929
[4709797] Could not find attributes for george abbott (Wycombe Wanderers, 2025)
[3450683] Could not find attributes for ahmed touba (RKC Waalwijk, 2020)
[4709797] Failed to build match row: Bromley FC vs Wycombe Wanderers
Not enough players found for lineup: 0, 0.
[4120699] Could not find attributes for denys boyko (FK Polissya Zhytomyr, 2023)
[3450683] Failed to build match row: RKC Waalwijk vs Willem II Tilburg
[4120699] Failed to build match row: FK Polissya Zhytomyr vs SC Dnipro-1
[4041604] Could not find attributes for goncalo ramos (Sport Lisboa e Benfica, 2022)
[4098028] Could not find attributes for tristan gooijer (AFC Ajax Amsterdam, 2023)
[4376603] Could not find attributes for tawanda maswanhise (Motherwell Football Club, 2024)
[4041604] Failed to build match row: Football Club Internazionale Milano S.p.A. vs Sport Lisboa e Benfica
[4452993] Failed to scrape lineup: https://www.transfermarkt.co.uk/spielbericht/index/spielbericht/4452993
[4532770] Could not find attributes for josuha guilavogui (Leeds United Association Football Club, 2024)
[4098028] Failed to build match row: AFC Ajax Amsterdam vs RKC Waalwijk
[4376603] Failed to build match row: Dundee United Football Club vs Motherwell Football Club
[4532770] Failed to build match row: Leeds United Association Football Club vs Millwall FC
[3462291] Could not find attributes for osman bukari (Koninklijke Atletiek Associatie Gent, 2020)
[3462291] Failed to build match row: Koninklijke Atletiek Associatie Gent vs Turn- und Sportgemeinschaft 1899 Hoffenheim Fußball-Spielbetriebs
[4810978] Could not find attributes for robert renan (Club de Regatas Vasco da Gama, 2025)
[4810978] Failed to build match row: Club de Regatas Vasco da Gama vs Fluminense Football Club
[4396736] Failed to scrape lineup: https://www.transfermarkt.co.uk/cd-nacional_cd-santa-clara/index/spielbericht/4396736
[4649078] Could not find attributes for danel dongmo (Fotbal Club Petrolul Ploiești, 2025)
[4363461] Could not find attributes for marek suchy (FK Mladá Boleslav, a.s., 2024)
[4649078] Failed to build match row: Fotbal Club Rapid 1923 SA vs Fotbal Club Petrolul Ploiești
[4363461] Failed to build match row: FK Mladá Boleslav, a.s. vs FK Teplice, a.s.
[3432252] Failed to scrape lineup: https://www.transfermarkt.co.uk/boavista-fc_cd-tondela/index/spielbericht/3432252
[4131285] Could not find attributes for yaroslav protsenko (Girnyk-Sport Gorishni Plavni, 2023)
[4131285] Failed to build match row: Girnyk-Sport Gorishni Plavni vs SK Poltava
[3415448] Failed to scrape lineup: https://www.transfermarkt.co.uk/royal-excel-mouscron-2022-_kv-kortrijk/index/spielbericht/3415448
[4361335] Could not find attributes for josip corluka (Zagłębie Lubin Spółka Akcyjna, 2024)
[4361335] Failed to build match row: Zagłębie Lubin Spółka Akcyjna vs Miejski Klub Sportowy Korona Kielce Spółka Akcyjna
[3936692] Could not find attributes for mohammad mohamed ahmed (Ceuta 6 de Junio, 2022)
[3936692] Failed to build match row: Ceuta 6 de Junio vs CD l’Alcora
[3508335] Failed to scrape lineup: https://www.transfermarkt.co.uk/spielbericht/index/spielbericht/3508335
[4373458] Failed to scrape lineup: https://www.transfermarkt.co.uk/sv-werder-bremen_holstein-kiel/index/spielbericht/4373458
[4425184] Failed to scrape lineup: https://www.transfermarkt.co.uk/central-coast-mariners_wellington-phoenix/index/spielbericht/4425184
Not enough players found for lineup: 0, 0.
[4620725] Failed to scrape lineup: https://www.transfermarkt.co.uk/como-1907_us-cremonese/index/spielbericht/4620725
[4676376] Failed to scrape lineup: https://www.transfermarkt.co.uk/spielbericht/index/spielbericht/4676376

Keepers & outfield error for **Santos Futebol Clube** in Santos Futebol Clube vs Sport Club Internacional: Numbers: 0 and 11.
[4810979] Failed to build match row: Santos Futebol Clube vs Sport Club Internacional
[3651572] Could not find attributes for halil dervisoglu (Galatasaray Spor Kulübü, 2021)
[3852709] Failed to scrape lineup: https://www.transfermarkt.co.uk/ajax-amsterdam_nec-nijmegen/index/spielbericht/3852709
[4363462] Could not find attributes for jakub martinec (FK Jablonec a.s., 2024)
[3651572] Failed to build match row: Galatasaray Spor Kulübü vs Società Sportiva Lazio S.p.A.

Keepers & outfield error for **Boavista FC** in Boavista FC vs Clube Desportivo Santa Clara: Numbers: 2 and 9.
[3890094] Failed to scrape lineup: https://www.transfermarkt.co.uk/st-mirren-fc_kilmarnock-fc/index/spielbericht/3890094
[4367912] Could not find attributes for in beom hwang (Feyenoord Rotterdam, 2024)
[4646436] Failed to scrape lineup: https://www.transfermarkt.co.uk/antalyaspor_kayserispor/index/spielbericht/4646436
[3621371] Failed to build match row: Boavista FC vs Clube Desportivo Santa Clara
[4098029] Failed to build match row: RKC Waalwijk vs Nijmegen Eendracht Combinatie
[4363462] Failed to build match row: FK Jablonec a.s. vs 1. FC Slovácko
[4367912] Failed to build match row: Feyenoord Rotterdam vs Alkmaar Zaanstreek
[4521288] Failed to scrape lineup: https://www.transfermarkt.co.uk/toronto-fc_new-york-red-bulls/index/spielbericht/4521288
Not enough players found for lineup: 0, 0.
[3450684] Could not find attributes for tyronne ebuehi (Football Club Twente, 2020)
[4120700] Could not find attributes for andriy klishchuk (FK Kryvbas Kryvyi Rig, 2023)
[4452994] Failed to scrape lineup: https://www.transfermarkt.co.uk/spielbericht/index/spielbericht/4452994

Keepers & outfield error for **Unione Sportiva Cremonese S.p.A.** in Unione Sportiva Cremonese S.p.A. vs Torino Calcio: Numbers: 0 and 11.
[4635289] Failed to scrape lineup: https://www.transfermarkt.co.uk/rc-strasbourg-alsace_fc-toulouse/index/spielbericht/4635289
[3450684] Failed to build match row: Football Club Twente vs Willem II Tilburg
[4376604] Could not find attributes for lawrence shankland (Heart of Midlothian Football Club, 2024)
[4120700] Failed to build match row: FK Kryvbas Kryvyi Rig vs FC Zorya Lugansk
[3844756] Failed to build match row: Unione Sportiva Cremonese S.p.A. vs Torino Calcio
[4376604] Failed to build match row: Heart of Midlothian Football Club vs Kilmarnock Football Club
[4109306] Could not find attributes for nkanyiso shinga (Club Football Estrela da Amadora, 2023)
[3869347] Failed to scrape lineup: https://www.transfermarkt.co.uk/fc-arouca_sporting-cp/index/spielbericht/3869347
[3838709] Failed to scrape lineup: https://www.transfermarkt.co.uk/afc-bournemouth_fulham-fc/index/spielbericht/3838709
[4641664] Failed to scrape lineup: https://www.transfermarkt.co.uk/ajax-amsterdam_fc-groningen/index/spielbericht/4641664
[4172091] Failed to scrape lineup: https://www.transfermarkt.co.uk/spielbericht/index/spielbericht/4172091
[4240778] Failed to scrape lineup: https://www.transfermarkt.co.uk/spielbericht/index/spielbericht/4240778
[4109306] Failed to build match row: Portimonense SC vs Club Football Estrela da Amadora
[4737979] Could not find attributes for timofey mitrov (Shinnik Yaroslavl, 2025)
[4737979] Failed to build match row: Shinnik Yaroslavl vs Neftekhimik Nizhnekamsk
[4624895] Failed to scrape lineup: https://www.transfermarkt.co.uk/piast-gliwice_arka-gdynia/index/spielbericht/4624895
[3508439] Could not find attributes for gonzalo escalante (Società Sportiva Lazio S.p.A., 2020)
[3508439] Failed to build match row: Atalanta Bergamasca Calcio S.p.a. vs Società Sportiva Lazio S.p.A.
[4131286] Could not find attributes for valeriy voskonyan (Ingulets Petrove, 2023)
[3462292] Could not find attributes for gustavo busatto (CSKA-Sofia, 2020)
[4627244] Failed to scrape lineup: https://www.transfermarkt.co.uk/fc-sion_fc-lugano/index/spielbericht/4627244
[3462292] Failed to build match row: Associazione Sportiva Roma vs CSKA-Sofia
[4131286] Failed to build match row: Ingulets Petrove vs MFC Metalurg Zaporizhya
[4408242] Could not find attributes for ilya lantratov (Футбольный клуб "Локомотив" Москва, 2024)
[4408242] Failed to build match row: Футбольный клуб "Локомотив" Москва vs FC Rubin Kazan
[4521289] Could not find attributes for jovan lukic (Philadelphia Union, 2024)
[3588767] Failed to scrape lineup: https://www.transfermarkt.co.uk/as-monaco_fc-nantes/index/spielbericht/3588767
[3612955] Failed to scrape lineup: https://www.transfermarkt.co.uk/kasimpasa_fatih-karagumruk/index/spielbericht/3612955
[4098030] Could not find attributes for jordy bruijn (Heracles Almelo, 2023)
[4367913] Could not find attributes for suf podgoreanu (Heracles Almelo, 2024)
[3621372] Could not find attributes for xadas (CS Marítimo, 2021)
[4521289] Failed to build match row: Chicago Fire Soccer Club vs Philadelphia Union
[4098030] Failed to build match row: Heracles Almelo vs Vitesse Arnhem
[3621372] Failed to build match row: CS Marítimo vs Futebol Clube do Porto
[4367913] Failed to build match row: Heracles Almelo vs Nooit Opgeven Altijd Doorzetten Aangenaam Door Vermaak En Nuttig Door Ontspanning Combinatie Breda
[3426930] Failed to scrape lineup: https://www.transfermarkt.co.uk/yeni-malatyaspor_buyuksehir-belediye-erzurumspor/index/spielbericht/3426930
[4646437] Could not find attributes for wagner pina (Trabzonspor Kulübü, 2025)
[4373459] Could not find attributes for alexis claude maurice (Fußball-Club Augsburg 1907, 2024)
[4646437] Failed to build match row: Trabzonspor Kulübü vs Gaziantep Futbol Kulübü A.Ş.

Keepers & outfield error for **Футбольный клуб "Локомотив" Москва** in Футбольный клуб "Локомотив" Москва vs Olympique de Marseille: Numbers: 0 and 11.
[4373459] Failed to build match row: Fußball-Club Augsburg 1907 vs Turn- und Sportgemeinschaft 1899 Hoffenheim Fußball-Spielbetriebs
[4363463] Could not find attributes for filip cihak (FC Hradec Králové a.s., 2024)
[3890095] Could not find attributes for orestis kiomourtzoglou (Heart of Midlothian Football Club, 2022)
[3432253] Failed to scrape lineup: https://www.transfermarkt.co.uk/rio-ave-fc_sc-farense/index/spielbericht/3432253
[3651573] Failed to build match row: Футбольный клуб "Локомотив" Москва vs Olympique de Marseille
[4363463] Failed to build match row: AC Sparta Praha, a. s. vs FC Hradec Králové a.s.
[3890095] Failed to build match row: Heart of Midlothian Football Club vs The Celtic Football Club

Keepers & outfield error for **Manchester City Football Club** in Manchester City Football Club vs Nottingham Forest Football Club: Numbers: 0 and 11.
[4452995] Failed to scrape lineup: https://www.transfermarkt.co.uk/spielbericht/index/spielbericht/4452995
[4095070] Failed to build match row: Manchester City Football Club vs Nottingham Forest Football Club
[4120701] Could not find attributes for artem kychak (FK Obolon Kyiv, 2023)
Not enough players found for lineup: 11, 0.
[4120701] Failed to build match row: Futbolniy Klub Dynamo Kyiv vs FK Obolon Kyiv
[3450685] Could not find attributes for jan paul van hecke (Sportclub Heerenveen, 2020)
elbericht/3937512
[3450685] Failed to build match row: Sportclub Heerenveen vs AFC Ajax Amsterdam
[3415450] Could not find attributes for vaclav jemelka (Oud-Heverlee Leuven, 2020)
[3415450] Failed to build match row: Royal Standard Club de Liège vs Oud-Heverlee Leuven
[4627245] Could not find attributes for miroslav stevanovic (Servette Football Club 1890 SA, 2025)
[3869348] Failed to build match row: Boavista FC vs FC Vizela
[4627245] Failed to build match row: Servette Football Club 1890 SA vs Grasshopper Club Zürich

Keepers & outfield error for **Gil Vicente Futebol Clube** in Gil Vicente Futebol Clube vs Boavista FC: Numbers: 0 and 11.
[4649079] Failed to scrape lineup: https://www.transfermarkt.co.uk/fc-botosani_fc-metaloglobus-bucharest/index/spielbericht/4649079
[4396737] Failed to build match row: Gil Vicente Futebol Clube vs Boavista FC
[4532772] Failed to scrape lineup: https://www.transfermarkt.co.uk/spielbericht/index/spielbericht/4532772
[4521290] Could not find attributes for beau leroux (San Jose Earthquakes, 2024)
[3602549] Could not find attributes for danila prokhin (FK Sochi, 2021)
[4521290] Failed to build match row: FC Dallas vs San Jose Earthquakes
[3602549] Failed to build match row: FK Sochi vs FK Spartak Moskva
[4131287] Could not find attributes for mykhaylo abramov (Lokomotyv Kyiv, 2023)
[4131287] Failed to build match row: Lokomotyv Kyiv vs Dinaz Vyshgorod
[3597921] Could not find attributes for nigel lonwijk (Fortuna Sittardia Combinatie, 2021)
[3597921] Failed to build match row: Fortuna Sittardia Combinatie vs Football Club Utrecht
[4408243] Could not find attributes for giorgiy shelia (RFK Akhmat Grozny, 2024)
[4109307] Could not find attributes for leonardo lelo (Casa Pia Atlético Clube, 2023)
[4408243] Failed to build match row: RFK Akhmat Grozny vs FK Nizhny Novgorod
[4109307] Failed to build match row: Casa Pia Atlético Clube vs Rio Ave Futebol Clube

Keepers & outfield error for **Clube Desportivo Santa Clara** in Clube Desportivo Santa Clara vs Futebol Clube do Porto: Numbers: 0 and 11.

Keepers & outfield error for **Football Club Utrecht** in Football Club Utrecht vs Vitesse Arnhem: Numbers: 0 and 11.
[3869349] Failed to build match row: Clube Desportivo Santa Clara vs Futebol Clube do Porto
[3450686] Failed to build match row: Football Club Utrecht vs Vitesse Arnhem
[4363464] Could not find attributes for matus hruska (FK Dukla Praha a.s., 2024)
[4095071] Could not find attributes for wes foderingham (Sheffield United, 2023)
[4363464] Failed to build match row: FK Dukla Praha a.s. vs MFK Karvina
[4095071] Failed to build match row: Sheffield United vs Newcastle United Football Club
[4425185] Could not find attributes for luis canga (Perth Glory Football Club, 2024)

Keepers & outfield error for **Willem II Tilburg** in Willem II Tilburg vs Football Club Twente: Numbers: 2 and 9.
[4425185] Failed to build match row: Perth Glory Football Club vs Melbourne City Football Club
[4649080] Could not find attributes for teodor lungu (Asociația Fotbal Club Unirea 04 Slobozia, 2025)
[4635291] Could not find attributes for raphael le guen (Stade brestois 29, 2025)
[4649080] Failed to build match row: Asociația Fotbal Club Unirea 04 Slobozia vs F.C.V. Farul Constanța SA
[4367914] Failed to build match row: Willem II Tilburg vs Football Club Twente
[4635291] Failed to build match row: Paris Football Club vs Stade brestois 29
[3621374] Could not find attributes for bruno costa (Futebol Clube do Porto, 2021)
[3588768] Failed to scrape lineup: https://www.transfermarkt.co.uk/montpellier-hsc_olympique-marseille/index/spielbericht/3588768
[3508597] Could not find attributes for ibrahima kebe (Girona Fútbol Club S. A. D., 2020)
[3621374] Failed to build match row: Futebol Clube do Porto vs Futebol Clube de Arouca
[3508597] Failed to build match row: Girona Fútbol Club S. A. D. vs Villarreal Club de Fútbol S.A.D.
[4798277] Could not find attributes for joaquin novillo (Club Atlético Aldosivi, 2025)
Not enough players found for lineup: 0, 0.
[3651574] Could not find attributes for paulinho (Fodbold Club Midtjylland, 2021)
[3432254] Could not find attributes for abdeldjalil medioub (Clube Desportivo de Tondela, 2020)
[3432254] Failed to build match row: Clube Desportivo de Tondela vs SC Farense
[3415451] Could not find attributes for nordin jackers (SK Beveren, 2020)
[4798277] Failed to build match row: Club Atlético Aldosivi vs Club Atlético Barracas Central
[3852711] Could not find attributes for che nunnely (Sportclub Heerenveen, 2022)
[3651574] Failed to build match row: Fodbold Club Midtjylland vs Ludogorets Razgrad
[3415451] Failed to build match row: SK Beveren vs Club Brugge Koninklijke Voetbalvereniging
Not enough players found for lineup: 0, 0.
[4452996] Failed to scrape lineup: https://www.transfermarkt.co.uk/spielbericht/index/spielbericht/4452996
[3852711] Failed to build match row: Football Club Twente vs Sportclub Heerenveen
[4131288] Failed to scrape lineup: https://www.transfermarkt.co.uk/spielbericht/index/spielbericht/4131288
[4098031] Could not find attributes for robin maulun (Football Club Volendam, 2023)
[3426931] Could not find attributes for marvin bakalorz (Denizlispor, 2020)
[3941367] Could not find attributes for georgiy natabashvili (Alania Vladikavkaz, 2022)
[4098031] Failed to build match row: Football Club Volendam vs Eindhovense Voetbalvereniging Philips Sport Vereniging
[4810980] Could not find attributes for nahuel ferraresi (S. A. F. Botafogo, 2025)
[3602550] Could not find attributes for daniil odoevskiy (AO FK Zenit Sankt-Peterburg, 2021)
[3426931] Failed to build match row: Denizlispor vs MKE Ankaragücü
[3941367] Failed to build match row: Alania Vladikavkaz vs Volgar Astrakhan
[4810980] Failed to build match row: Sociedade Esportiva Palmeiras vs S. A. F. Botafogo
[4737980] Could not find attributes for ruslan yunusov (Enisey Krasnoyarsk, 2025)
[3602550] Failed to build match row: AO FK Zenit Sankt-Peterburg vs FC Rubin Kazan
[4521291] Could not find attributes for jansen miller (Sporting Kansas City, 2024)
[4521291] Failed to build match row: Sporting Kansas City vs Charlotte Football Club
[4737980] Failed to build match row: Enisey Krasnoyarsk vs FK Ufa
[4120702] Failed to scrape lineup: https://www.transfermarkt.co.uk/vorskla-poltava_rukh-lviv/index/spielbericht/4120702

Keepers & outfield error for **Futebol Clube de Famalicão** in Futebol Clube de Famalicão vs SC Farense: Numbers: 0 and 11.
[4109308] Failed to build match row: Futebol Clube de Famalicão vs SC Farense
[4709799] Could not find attributes for max dickov (Mansfield Town, 2025)
[4240811] Could not find attributes for ryan whitley (Scarborough Athletic, 2023)
[4240811] Failed to build match row: Scarborough Athletic vs Forest Green Rovers
[4709799] Failed to build match row: Everton Football Club vs Mansfield Town
[4408244] Could not find attributes for vitaliy gudiev (Fakel Voronezh, 2024)
[3450687] Could not find attributes for ismail azzaoui (Heracles Almelo, 2020)
[4408244] Failed to build match row: Fakel Voronezh vs FC Khimki (-2025)
[4624897] Could not find attributes for kyriakos savvidis (Wisła Płock Spółka Akcyjna, 2025)
[3450687] Failed to build match row: Alkmaar Zaanstreek vs Heracles Almelo
[4624897] Failed to build match row: Wisła Płock Spółka Akcyjna vs Radomiak S.A.
[3869350] Could not find attributes for goncalo ramos (Sport Lisboa e Benfica, 2022)
[3869350] Failed to build match row: Sport Lisboa e Benfica vs GD Chaves
[4367915] Could not find attributes for davy klaassen (AFC Ajax Amsterdam, 2024)
[4646438] Could not find attributes for cherif ndiaye (Samsunspor, 2025)
[4367915] Failed to build match row: AFC Ajax Amsterdam vs Eindhovense Voetbalvereniging Philips Sport Vereniging
[4646438] Failed to build match row: Samsunspor vs Fatih Karagümrük Sportif Faaliyetler San. Tic. A.Ş.
[4363465] Could not find attributes for lukas hulka (Bohemians Praha 1905, a.s., 2024)

Keepers & outfield error for **Associazione Sportiva Roma** in Juventus Football Club vs Associazione Sportiva Roma: Numbers: 0 and 11.
[4363465] Failed to build match row: Bohemians Praha 1905, a.s. vs SK Dynamo Ceske Budejovice
[3844759] Failed to build match row: Juventus Football Club vs Associazione Sportiva Roma
[4425186] Could not find attributes for lawrence wong (Melbourne City Football Club, 2024)
[4425186] Failed to build match row: Melbourne City Football Club vs Western United FC

Keepers & outfield error for **Association Football Club Bournemouth** in Aston Villa Football Club vs Association Football Club Bournemouth: Numbers: 0 and 11.
[4649081] Could not find attributes for conrado (SC Oţelul Galaţi, 2025)
[4649081] Failed to build match row: SC Oţelul Galaţi vs SC Fotbal Club FCSB SA
[3838712] Failed to build match row: Aston Villa Football Club vs Association Football Club Bournemouth

Keepers & outfield error for **Association Football Club Bournemouth** in Association Football Club Bournemouth vs Arsenal Football Club: Numbers: 0 and 11.
[4095136] Failed to build match row: Association Football Club Bournemouth vs Arsenal Football Club
[3415452] Could not find attributes for anthony musaba (Cercle Brugge Koninklijke Sportvereniging, 2020)
[3415452] Failed to build match row: Royal Antwerp Football Club vs Cercle Brugge Koninklijke Sportvereniging
[3597923] Could not find attributes for ringo meerveld (Willem II Tilburg, 2021)
[3597923] Failed to build match row: Alkmaar Zaanstreek vs Willem II Tilburg
[4810981] Could not find attributes for igor formiga (Mirasol Futebol Clube, 2025)
[4810981] Failed to build match row: Mirasol Futebol Clube vs Coritiba Foot Ball Club
[3710343] Could not find attributes for caleb richards (Kidderminster Harriers, 2021)
[3710343] Failed to build match row: Kidderminster Harriers vs Reading FC
[4120703] Could not find attributes for irakli azarovi (FC Shakhtar Donetsk, 2023)
[4120703] Failed to build match row: FC Shakhtar Donetsk vs NK Veres Rivne
[4532774] Could not find attributes for balazs toth (Blackburn Rovers, 2024)
[4532774] Failed to build match row: Blackburn Rovers vs Wolverhampton Wanderers Football Club

Keepers & outfield error for **Real Sociedad de Fútbol S.A.D.** in Real Betis Balompié S.A.D. vs Real Sociedad de Fútbol S.A.D.: Numbers: 0 and 11.
[3508598] Failed to build match row: Real Betis Balompié S.A.D. vs Real Sociedad de Fútbol S.A.D.
[4624898] Could not find attributes for milosz matysik (Termalica Bruk-Bet Nieciecza Klub Sportowy, 2025)
[4367916] Could not find attributes for nikolai hopland (Sportclub Heerenveen, 2024)
[3651575] Could not find attributes for marko gobeljic (Fudbalski klub Crvena zvezda Beograd, 2021)
[4624898] Failed to build match row: Zagłębie Lubin Spółka Akcyjna vs Termalica Bruk-Bet Nieciecza Klub Sportowy
[4367916] Failed to build match row: Fortuna Sittardia Combinatie vs Sportclub Heerenveen
[4521292] Could not find attributes for wessel speel (Minnesota United FC, 2024)
[3651575] Failed to build match row: Fudbalski klub Crvena zvezda Beograd vs Sporting Clube de Braga
[4425187] Could not find attributes for lucas herrington (Brisbane Roar FC, 2024)
[3602551] Could not find attributes for ruslan litvinov (FK Spartak Moskva, 2021)
[4521292] Failed to build match row: Minnesota United FC vs Houston Dynamo
[4425187] Failed to build match row: Brisbane Roar FC vs Western Sydney Wanderers
Not enough players found for lineup: 0, 11.
[3602551] Failed to build match row: FK Spartak Moskva vs PFK CSKA Moskva
[4676377] Failed to scrape lineup: https://www.transfermarkt.co.uk/spielbericht/index/spielbericht/4676377
[3450688] Could not find attributes for uros spajic (Feyenoord Rotterdam, 2020)
[3450688] Failed to build match row: Feyenoord Rotterdam vs Alkmaar Zaanstreek
Not enough players found for lineup: 0, 0.
[4363466] Could not find attributes for dominik plechaty (FC Slovan Liberec, 2024)
[4646439] Could not find attributes for uchenna ogundu (Alanyaspor, 2025)
[3426932] Could not find attributes for atiba hutchinson (Beşiktaş Jimnastik Kulübü, 2020)
[4363466] Failed to build match row: FC Slovan Liberec vs FK Mladá Boleslav, a.s.
[4738045] Could not find attributes for oleksandr lytvynenko (Viktoriya Sumy, 2025)
[4453005] Failed to scrape lineup: https://www.transfermarkt.co.uk/spielbericht/index/spielbericht/4453005
[4646439] Failed to build match row: İstanbul Başakşehir Futbol Kulübü vs Alanyaspor
[3426932] Failed to build match row: Beşiktaş Jimnastik Kulübü vs Sivasspor
[4738045] Failed to build match row: Viktoriya Sumy vs Ingulets Petrove
[4408245] Could not find attributes for sergey volkov (Akron Togliatti, 2024)
[4408245] Failed to build match row: Akron Togliatti vs PFK Krylya Sovetov Samara
[4098032] Could not find attributes for kristijan belic (Alkmaar Zaanstreek, 2023)

Keepers & outfield error for **Club Social y Deportivo Defensa y Justicia** in Club Social y Deportivo Defensa y Justicia vs Club Estudiantes de La Plata: Numbers: 0 and 11.
[4172092] Failed to scrape lineup: https://www.transfermarkt.co.uk/spielbericht/index/spielbericht/4172092

Keepers & outfield error for **Aston Villa Football Club** in Aston Villa Football Club vs Brighton and Hove Albion Football Club: Numbers: 0 and 11.
[4098032] Failed to build match row: Almere City FC vs Alkmaar Zaanstreek
[4798279] Failed to build match row: Club Social y Deportivo Defensa y Justicia vs Club Estudiantes de La Plata
[4095137] Failed to build match row: Aston Villa Football Club vs Brighton and Hove Albion Football Club
[4810982] Could not find attributes for victor hugo (Clube Atlético Mineiro, 2025)

Keepers & outfield error for **Valencia Club de Fútbol S. A. D.** in Sevilla Fútbol Club S.A.D. vs Valencia Club de Fútbol S. A. D.: Numbers: 0 and 11.
[4810982] Failed to build match row: Clube Atlético Mineiro vs São Paulo Futebol Clube
[3508599] Failed to build match row: Sevilla Fútbol Club S.A.D. vs Valencia Club de Fútbol S. A. D.
[3612959] Could not find attributes for yannick bolasie (Çaykur Rizespor Kulübü, 2021)
[3612959] Failed to build match row: Konyaspor vs Çaykur Rizespor Kulübü

Keepers & outfield error for **Sport Lisboa e Benfica** in Sport Lisboa e Benfica vs Clube Desportivo de Tondela: Numbers: 2 and 9.
[3621375] Failed to build match row: Sport Lisboa e Benfica vs Clube Desportivo de Tondela

Keepers & outfield error for **Oxford United** in Oxford United vs Brighton and Hove Albion Football Club: Numbers: 2 and 9.
[4709801] Failed to build match row: Oxford United vs Brighton and Hove Albion Football Club
[4120704] Could not find attributes for nazariy fedorivskyi (FK Obolon Kyiv, 2023)
[3870235] Could not find attributes for nikki thompson (Saaby Fodbold, 2022)
[4240828] Failed to scrape lineup: https://www.transfermarkt.co.uk/spielbericht/index/spielbericht/4240828
[4120704] Failed to build match row: FK Obolon Kyiv vs Chornomorets Odesa
[3870235] Failed to build match row: Saaby Fodbold vs BK Frem
[4646440] Could not find attributes for rhaldney (Göztepe Sportif Yatırımlar A.Ş., 2025)
[3450689] Could not find attributes for jan paul van hecke (Sportclub Heerenveen, 2020)

Keepers & outfield error for **Colorado Rapids** in Colorado Rapids vs Los Angeles Galaxy: Numbers: 0 and 11.
[4646440] Failed to build match row: Göztepe Sportif Yatırımlar A.Ş. vs Beşiktaş Jimnastik Kulübü
[3450689] Failed to build match row: Sportclub Heerenveen vs Vitesse Arnhem
[3602552] Could not find attributes for sergey pesjakov (FK Rostov, 2021)
[4521294] Failed to build match row: Colorado Rapids vs Los Angeles Galaxy

Keepers & outfield error for **Bayer 04 Leverkusen Fußball** in Bayer 04 Leverkusen Fußball vs Royale Union Saint-Gilloise: Numbers: 2 and 9.
[3602552] Failed to build match row: FK Rostov vs PFK Krylya Sovetov Samara
[4041610] Failed to build match row: Bayer 04 Leverkusen Fußball vs Royale Union Saint-Gilloise
Not enough players found for lineup: 0, 0.
[4453006] Failed to scrape lineup: https://www.transfermarkt.co.uk/spielbericht/index/spielbericht/4453006
[4172093] Could not find attributes for asger sorensen (AC Sparta Praha, a. s., 2023)
[4172093] Failed to build match row: AC Sparta Praha, a. s. vs Aris Limassol
[3508600] Failed to scrape lineup: https://www.transfermarkt.co.uk/spielbericht/index/spielbericht/3508600
[4131289] Could not find attributes for oleksandr roshchynskyi (FC Chernigiv, 2023)

Keepers & outfield error for **Sporting Clube de Braga** in Sporting Clube de Braga vs Sporting Clube de Portugal: Numbers: 0 and 11.
[4131289] Failed to build match row: FC Chernigiv vs Livyi Bereg Kyiv
Not enough players found for lineup: 0, 11.
[3432255] Failed to build match row: Sporting Clube de Braga vs Sporting Clube de Portugal
[4676378] Failed to scrape lineup: https://www.transfermarkt.co.uk/spielbericht/index/spielbericht/4676378
[4810983] Could not find attributes for viery (Grêmio Foot-Ball Porto Alegrense, 2025)
[3426933] Could not find attributes for omurcan artan (Gençlerbirliği Spor Kulübü, 2020)
[3612960] Could not find attributes for fredrik ulvestad (Sivasspor, 2021)
[4641665] Could not find attributes for irakli yegoian (Excelsior Rotterdam, 2025)
[3462297] Could not find attributes for ohad levita (Hapoel Beer Sheva, 2020)
[3426933] Failed to build match row: Gençlerbirliği Spor Kulübü vs Kayserispor Kulübü
[3462297] Failed to build match row: Olympique Gymnaste Club Nice Côte d'Azur vs Hapoel Beer Sheva
[4408254] Could not find attributes for aleksandr maksimenko (FK Spartak Moskva, 2024)
[4641665] Failed to build match row: Excelsior Rotterdam vs Nooit Opgeven Altijd Doorzetten Aangenaam Door Vermaak En Nuttig Door Ontspanning Combinatie Breda
[3612960] Failed to build match row: İstanbul Başakşehir Futbol Kulübü vs Sivasspor
[4810983] Failed to build match row: Grêmio Foot-Ball Porto Alegrense vs Esporte Clube Vitória
[4408254] Failed to build match row: FK Spartak Moskva vs Akron Togliatti
[4120705] Could not find attributes for bogdan kogut (NK Veres Rivne, 2023)
[4635293] Could not find attributes for kail boudache (Olympique Gymnaste Club Nice Côte d'Azur, 2025)
[4635293] Failed to build match row: Olympique Gymnaste Club Nice Côte d'Azur vs Racing Club de Lens
[4120705] Failed to build match row: NK Veres Rivne vs FK Kolos Kovalivka
[3852712] Could not find attributes for zakaria labyad (Football Club Utrecht, 2022)
[4098033] Could not find attributes for shunsuke mito (Sparta Rotterdam, 2023)
[3852712] Failed to build match row: Football Club Utrecht vs Fortuna Sittardia Combinatie
[4098033] Failed to build match row: Feyenoord Rotterdam vs Sparta Rotterdam
[4798280] Could not find attributes for jeronimo gomez mattar (Club Atlético Newell’s Old Boys, 2025)
[4798280] Failed to build match row: Club Atlético Boca Juniors vs Club Atlético Newell’s Old Boys
[3941368] Could not find attributes for vitaliy sychev (Akron Togliatti, 2022)
[3941368] Failed to build match row: Akron Togliatti vs Peresvet Domodedovo
[3871409] Could not find attributes for shahrudin mahammadaliyev (Qarabağ FK, 2022)

Keepers & outfield error for **The Celtic Football Club** in Real Betis Balompié S.A.D. vs The Celtic Football Club: Numbers: 2 and 9.
[3871409] Failed to build match row: Qarabağ FK vs FC Zürich
[3651577] Failed to build match row: Real Betis Balompié S.A.D. vs The Celtic Football Club
[3621376] Could not find attributes for raul silva (Sporting Clube de Braga, 2021)
[4240829] Could not find attributes for deiby ochoa (Arandina CF, 2023)
[3621376] Failed to build match row: Sporting Clube de Braga vs Vitória Sport Clube
[4240829] Failed to build match row: Arandina CF vs Real Madrid Club de Fútbol
[4172094] Could not find attributes for slobodan urosevic (Aris Limassol, 2023)
[3415455] Could not find attributes for osman bukari (Koninklijke Atletiek Associatie Gent, 2020)
[3415455] Failed to build match row: Koninklijke Racing Club Genk vs Koninklijke Atletiek Associatie Gent
[4172094] Failed to build match row: Aris Limassol vs Rangers Football Club
[4363467] Failed to scrape lineup: https://www.transfermarkt.co.uk/sk-sigma-olomouc_fk-pardubice/index/spielbericht/4363467
[3602553] Could not find attributes for vyacheslav litvinov (FK Krasnodar, 2021)
[4367917] Could not find attributes for olivier aertssen (Prins Hendrik Ende Desespereert Nimmer Combinatie Zwolle, 2024)
[3602553] Failed to build match row: FK Krasnodar vs Футбольный клуб "Локомотив" Москва
[4396739] Could not find attributes for bruno varela (Vitória Sport Clube, 2024)
[4425188] Could not find attributes for louis verstraete (Auckland Football Club, 2024)
[4367917] Failed to build match row: Go Ahead Eagles vs Prins Hendrik Ende Desespereert Nimmer Combinatie Zwolle
[4425188] Failed to build match row: Auckland Football Club vs Macarthur South West Sydney (A-League)
[4396739] Failed to build match row: Vitória Sport Clube vs Moreirense Futebol Clube

Keepers & outfield error for **Associazione Sportiva Roma** in Feyenoord Rotterdam vs Associazione Sportiva Roma: Numbers: 0 and 11.
[4041611] Failed to build match row: Feyenoord Rotterdam vs Associazione Sportiva Roma
[3432256] Could not find attributes for abdeldjalil medioub (Clube Desportivo de Tondela, 2020)
[3432256] Failed to build match row: Rio Ave Futebol Clube vs Clube Desportivo de Tondela
[4738047] Could not find attributes for dmytro rudyk (Agrotekh Tyshkivka, 2025)
[4738047] Failed to build match row: Agrotekh Tyshkivka vs Feniks-Mariupol
Not enough players found for lineup: 11, 0.

Keepers & outfield error for **Futbol Club Barcelona** in Rayo Vallecano de Madrid S. A. D. vs Futbol Club Barcelona: Numbers: 0 and 11.
[4453007] Failed to scrape lineup: https://www.transfermarkt.co.uk/spielbericht/index/spielbericht/4453007
[4649082] Failed to scrape lineup: https://www.transfermarkt.co.uk/fc-dinamo-1948_cs-universitatea-craiova/index/spielbericht/4649082
[3508601] Failed to build match row: Rayo Vallecano de Madrid S. A. D. vs Futbol Club Barcelona
[4635294] Could not find attributes for senny mayulu (Paris Saint-Germain Football Club, 2025)
[3871410] Could not find attributes for petar mamic (FK Zalgiris Vilnius, 2022)
Not enough players found for lineup: 0, 0.
[4635294] Failed to build match row: Paris Saint-Germain Football Club vs Stade brestois 29
[3852713] Could not find attributes for florent sanchez (Football Club Volendam, 2022)
[3871410] Failed to build match row: FK Zalgiris Vilnius vs Malmö Fotbollförening
[4676379] Failed to scrape lineup: https://www.transfermarkt.co.uk/spielbericht/index/spielbericht/4676379
[4120706] Could not find attributes for yevgeniy kucherenko (LNZ Cherkasy, 2023)

Keepers & outfield error for **Cruzeiro Esporte Clube** in Clube Atlético Paranaense vs Cruzeiro Esporte Clube: Numbers: 0 and 11.
[4120706] Failed to build match row: LNZ Cherkasy vs FK Kryvbas Kryvyi Rig
[4810984] Failed to build match row: Clube Atlético Paranaense vs Cruzeiro Esporte Clube

Keepers & outfield error for **Sport Lisboa e Benfica** in Sport Lisboa e Benfica vs Royal Standard Club de Liège: Numbers: 2 and 9.
[3602554] Could not find attributes for giorgiy shelia (RFK Akhmat Grozny, 2021)
[3462298] Failed to build match row: Sport Lisboa e Benfica vs Royal Standard Club de Liège
[3602554] Failed to build match row: RFK Akhmat Grozny vs FK Ufa

Keepers & outfield error for **Leicester City** in Leicester City vs Watford FC: Numbers: 0 and 11.
[3710344] Failed to build match row: Leicester City vs Watford FC
[4532776] Could not find attributes for trey nyoni (Liverpool Football Club, 2024)
[4532776] Failed to build match row: Plymouth Argyle vs Liverpool Football Club
[4646441] Failed to scrape lineup: https://www.transfermarkt.co.uk/galatasaray_konyaspor/index/spielbericht/4646441
[4408255] Could not find attributes for rustam yatimov (FK Rostov, 2024)
aar_fortuna-sittard/index/spielbericht/3450690
[4408255] Failed to build match row: FK Rostov vs FC Khimki (-2025)
[3612961] Could not find attributes for yunus akgun (Adana Demirspor, 2021)
[3612961] Failed to build match row: Altay SK vs Adana Demirspor

Keepers & outfield error for **KV Kortrijk** in KV Kortrijk vs St Truiden: Numbers: 0 and 11.
[3415456] Failed to build match row: KV Kortrijk vs St Truiden
[4373461] Could not find attributes for rani khedira (1. Fußballclub Union Berlin, 2024)
[4373461] Failed to build match row: 1. Fußballclub Union Berlin vs Sport-Club Freiburg

Keepers & outfield error for **Futebol Clube de Arouca** in Futebol Clube de Arouca vs Sporting Clube de Braga: Numbers: 2 and 9.
[4396740] Failed to build match row: Futebol Clube de Arouca vs Sporting Clube de Braga
[3597926] Failed to scrape lineup: https://www.transfermarkt.co.uk/sc-cambuur-leeuwarden_sc-heerenveen/index/spielbericht/3597926
[4627250] Failed to scrape lineup: https://www.transfermarkt.co.uk/fc-lugano_fc-basel-1893/index/spielbericht/4627250
[3588772] Failed to scrape lineup: https://www.transfermarkt.co.uk/rc-strasbourg-alsace_angers-sco/index/spielbericht/3588772
[4131291] Failed to scrape lineup: https://www.transfermarkt.co.uk/spielbericht/index/spielbericht/4131291
[4641666] Failed to scrape lineup: https://www.transfermarkt.co.uk/fc-twente-enschede_az-alkmaar/index/spielbericht/4641666
[3426934] Failed to scrape lineup: https://www.transfermarkt.co.uk/konyaspor_caykur-rizespor/index/spielbericht/3426934
[3852714] Could not find attributes for thijmen blokzijl (Football Club Groningen, 2022)
[3852714] Failed to build match row: Feyenoord Rotterdam vs Football Club Groningen
Not enough players found for lineup: 0, 0.
[4453008] Failed to scrape lineup: https://www.transfermarkt.co.uk/spielbericht/index/spielbericht/4453008
[4120707] Could not find attributes for yevgen volynets (SC Dnipro-1, 2023)
[4810985] Could not find attributes for erick pulga (Esporte Clube Bahia, 2025)
[3651578] Failed to scrape lineup: https://www.transfermarkt.co.uk/spielbericht/index/spielbericht/3651578
[4120707] Failed to build match row: SC Dnipro-1 vs FC Minaj

Keepers & outfield error for **Mansfield Town** in Mansfield Town vs Middlesbrough FC: Numbers: 2 and 9.
[4709803] Failed to scrape lineup: https://www.transfermarkt.co.uk/spielbericht/index/spielbericht/4709803
[3621377] Failed to scrape lineup: https://www.transfermarkt.co.uk/cd-santa-clara_gil-vicente-fc/index/spielbericht/3621377
[4810985] Failed to build match row: Esporte Clube Bahia vs Red Bull Bragantino
[3710345] Failed to build match row: Mansfield Town vs Middlesbrough FC
[4240830] Failed to scrape lineup: https://www.transfermarkt.co.uk/spielbericht/index/spielbericht/4240830
[4521296] Failed to scrape lineup: https://www.transfermarkt.co.uk/vancouver-whitecaps-fc_san-diego-fc/index/spielbericht/4521296
[4172095] Failed to scrape lineup: https://www.transfermarkt.co.uk/spielbericht/index/spielbericht/4172095
ericht/4361356
[4363468] Could not find attributes for denis halinsky (FK Teplice, a.s., 2024)
[4041612] Failed to scrape lineup: https://www.transfermarkt.co.uk/spielbericht/index/spielbericht/4041612
[4367919] Could not find attributes for marvin young (Sparta Rotterdam, 2024)
[4532777] Could not find attributes for abdoulaye doucoure (Everton Football Club, 2024)
[4363468] Failed to build match row: FK Teplice, a.s. vs FC Viktoria Plzeň, a.s.
[4367919] Failed to build match row: Sparta Rotterdam vs Football Club Utrecht
[3612962] Could not find attributes for munir el kajoui (Hatayspor, 2021)
[3415457] Could not find attributes for sandy walsh (Yellow-Red Koninklijke Voetbalclub Mechelen, 2020)
[4532777] Failed to build match row: Everton Football Club vs Association Football Club Bournemouth
[3612962] Failed to build match row: Hatayspor vs Antalyaspor
[3432257] Failed to scrape lineup: https://www.transfermarkt.co.uk/cd-santa-clara_rio-ave-fc/index/spielbericht/3432257

Keepers & outfield error for **Vitória Sport Clube** in Sport Lisboa e Benfica vs Vitória Sport Clube: Numbers: 0 and 11.
[3415457] Failed to build match row: Yellow-Red Koninklijke Voetbalclub Mechelen vs Royal Standard Club de Liège
[4738048] Failed to scrape lineup: https://www.transfermarkt.co.uk/spielbericht/index/spielbericht/4738048
[4109310] Failed to build match row: Sport Lisboa e Benfica vs Vitória Sport Clube
[4641667] Could not find attributes for mohamed ihattaren (Fortuna Sittardia Combinatie, 2025)
[4641667] Failed to build match row: Fortuna Sittardia Combinatie vs Heracles Almelo
[3426935] Could not find attributes for sidney sam (Antalyaspor, 2020)
[3426935] Failed to build match row: Antalyaspor vs Hatayspor
[4798281] Could not find attributes for dilan godoy (Club Atlético Vélez Sársfield, 2025)
[4798281] Failed to build match row: Club Atlético Independiente de Avellaneda vs Club Atlético Vélez Sársfield
Not enough players found for lineup: 0, 0.
[4453009] Failed to scrape lineup: https://www.transfermarkt.co.uk/spielbericht/index/spielbericht/4453009
[3838716] Failed to scrape lineup: https://www.transfermarkt.co.uk/liverpool-fc_fulham-fc/index/spielbericht/3838716
[4408256] Failed to scrape lineup: https://www.transfermarkt.co.uk/krylya-sovetov-samara_cska-moscow/index/spielbericht/4408256
[3450691] Failed to scrape lineup: https://www.transfermarkt.co.uk/fortuna-sittard_fc-emmen/index/spielbericht/3450691
[4646442] Failed to scrape lineup: https://www.transfermarkt.co.uk/genclerbirligi-ankara_eyupspor/index/spielbericht/4646442
[4712078] Could not find attributes for dmitriy rebrov (Kosmos Dolgoprudnyi, 2025)
[4396741] Failed to scrape lineup: https://www.transfermarkt.co.uk/gd-estoril-praia_sc-farense/index/spielbericht/4396741
[4712078] Failed to build match row: Kosmos Dolgoprudnyi vs Veles Moscow
[4810986] Could not find attributes for yannick bolasie (Associação Chapecoense de Futebol, 2025)
[4810986] Failed to build match row: Associação Chapecoense de Futebol vs Sport Club Corinthians Paulista
[4676380] Could not find attributes for jonas storgaard (Boldklubben Marienlyst, 2025)
[3890099] Failed to scrape lineup: https://www.transfermarkt.co.uk/rangers-fc_livingston-fc/index/spielbericht/3890099
[4676380] Failed to build match row: Boldklubben Marienlyst vs Esbjerg fB
[4041613] Could not find attributes for ousmane diomande (Sporting Clube de Portugal, 2022)
[4363469] Could not find attributes for dominik holec (FC Baník Ostrava a.s., 2024)
[4363469] Failed to build match row: SK Slavia Praha, a.s. vs FC Baník Ostrava a.s.
[4041613] Failed to build match row: Sporting Clube de Portugal vs Juventus Football Club

Keepers & outfield error for **B SAD** in B SAD vs Moreirense Futebol Clube: Numbers: 0 and 11.
[3871412] Could not find attributes for sergio padt (Ludogorets Razgrad, 2022)
[4367920] Could not find attributes for silvester van der water (RKC Waalwijk, 2024)
[3621379] Failed to build match row: B SAD vs Moreirense Futebol Clube
[4367920] Failed to build match row: RKC Waalwijk vs Almere City FC
[3871412] Failed to build match row: Ludogorets Razgrad vs Shamrock Rovers
[3426936] Could not find attributes for lewis baker (Trabzonspor Kulübü, 2020)
[4131292] Failed to scrape lineup: https://www.transfermarkt.co.uk/spielbericht/index/spielbericht/4131292

Keepers & outfield error for **Club Atlético Talleres** in Club Atlético Talleres vs Club Atlético Platense: Numbers: 2 and 9.
[4627251] Failed to scrape lineup: https://www.transfermarkt.co.uk/fc-basel-1893_bsc-young-boys/index/spielbericht/4627251
[4635295] Failed to scrape lineup: https://www.transfermarkt.co.uk/le-havre-ac_olympique-marseille/index/spielbericht/4635295
[4798282] Failed to build match row: Club Atlético Talleres vs Club Atlético Platense
[3426936] Failed to build match row: Trabzonspor Kulübü vs Galatasaray Spor Kulübü
[4172096] Could not find attributes for slobodan urosevic (Aris Limassol, 2023)
[4172096] Failed to build match row: Aris Limassol vs AC Sparta Praha, a. s.
[3508602] Could not find attributes for roberto soldado (Granada CF, 2020)
[4649085] Could not find attributes for teodor lungu (Asociația Fotbal Club Unirea 04 Slobozia, 2025)
[3508602] Failed to build match row: CDA Navalcarnero vs Granada CF
[4649085] Failed to build match row: Asociația Sportivă Fotbal Club Universitatea Cluj vs Asociația Fotbal Club Unirea 04 Slobozia
[4738049] Failed to build match row: FC Chernigiv vs FC Lisne

Keepers & outfield error for **Olympique Lyonnais** in Angers Sporting Club de l'Ouest vs Olympique Lyonnais: Numbers: 2 and 9.
[3588781] Failed to build match row: Angers Sporting Club de l'Ouest vs Olympique Lyonnais
[4376608] Could not find attributes for oluwaseun adewumi (Dundee Football Club, 2024)
[4376608] Failed to build match row: Dundee Football Club vs Rangers Football Club
[4408257] Could not find attributes for fabian balbuena (FK Dinamo Moskva, 2024)
[4408257] Failed to build match row: FK Dinamo Moskva vs FK Nizhny Novgorod
Not enough players found for lineup: 0, 0.
[4453010] Failed to scrape lineup: https://www.transfermarkt.co.uk/spielbericht/index/spielbericht/4453010
[4712079] Could not find attributes for dmitriy seleznev (Kristall-MEZT Borisoglebsk, 2025)
[4712079] Failed to build match row: Kristall-MEZT Borisoglebsk vs Spartak Tambov
[3450692] Could not find attributes for idrissa toure (Vitesse Arnhem, 2020)
[3450692] Failed to build match row: Vitesse Arnhem vs RKC Waalwijk
[4532779] Could not find attributes for bashir humphreys (Burnley Football Club, 2024)
[4532779] Failed to build match row: Southampton FC vs Burnley Football Club
[4373473] Could not find attributes for kevin muller (1. Fußballclub Heidenheim 1846, 2024)

Keepers & outfield error for **Saint Mirren Football Club** in Saint Mirren Football Club vs Dundee United Football Club: Numbers: 2 and 9.
[4367921] Could not find attributes for suf podgoreanu (Heracles Almelo, 2024)

Keepers & outfield error for **Bayer 04 Leverkusen Fußball** in Royale Union Saint-Gilloise vs Bayer 04 Leverkusen Fußball: Numbers: 2 and 9.

Keepers & outfield error for **SC Cambuur Leeuwarden** in SC Cambuur Leeuwarden vs Go Ahead Eagles: Numbers: 2 and 9.
[3890100] Failed to build match row: Saint Mirren Football Club vs Dundee United Football Club
[4367921] Failed to build match row: Football Club Utrecht vs Heracles Almelo
[4373473] Failed to build match row: Bayer 04 Leverkusen Fußball vs 1. Fußballclub Heidenheim 1846
[4041614] Failed to build match row: Royale Union Saint-Gilloise vs Bayer 04 Leverkusen Fußball
[4641668] Could not find attributes for giovanni van zwam (Go Ahead Eagles, 2025)
[3852716] Failed to build match row: SC Cambuur Leeuwarden vs Go Ahead Eagles
[4641668] Failed to build match row: Go Ahead Eagles vs Football Club Utrecht
[3941369] Could not find attributes for mikhail filippov (Shinnik Yaroslavl, 2022)
[3941369] Failed to build match row: Shinnik Yaroslavl vs Kuban Krasnodar
[3710346] Could not find attributes for dujon sterling (Blackpool FC, 2021)
[3597929] Could not find attributes for vurnon anita (RKC Waalwijk, 2021)
[3710346] Failed to build match row: Hartlepool United vs Blackpool FC
[3597929] Failed to build match row: RKC Waalwijk vs Eindhovense Voetbalvereniging Philips Sport Vereniging
Not enough players found for lineup: 0, 11.
[4810987] Could not find attributes for hercules (Fluminense Football Club, 2025)
[4676381] Failed to scrape lineup: https://www.transfermarkt.co.uk/spielbericht/index/spielbericht/4676381
[4810987] Failed to build match row: Fluminense Football Club vs Clube Atlético Paranaense
[3871413] Could not find attributes for kristijan naumovski (FC Shkupi, 2022)
[3871413] Failed to build match row: GNK Dinamo Zagreb vs FC Shkupi
[3426937] Could not find attributes for balazs megyeri (Göztepe Sportif Yatırımlar A.Ş., 2020)
[3426937] Failed to build match row: Göztepe Sportif Yatırımlar A.Ş. vs Fatih Karagümrük Sportif Faaliyetler San. Tic. A.Ş.
[4635296] Could not find attributes for alexis vossah (Toulouse Football Club, 2025)
[4635296] Failed to build match row: Toulouse Football Club vs Olympique Lyonnais
[3651675] Could not find attributes for luquinhas (Legia Warszawa Spółka Akcyjna, 2021)
[3651675] Failed to build match row: FK Spartak Moskva vs Legia Warszawa Spółka Akcyjna
[3432259] Could not find attributes for fahd moufi (Portimonense SC, 2020)
[3432259] Failed to build match row: Portimonense SC vs Rio Ave Futebol Clube
[3508603] Could not find attributes for primi ferriz (CD Alcoyano, 2020)
[3508603] Failed to build match row: CD Alcoyano vs Athletic Club Bilbao
[4120708] Failed to scrape lineup: https://www.transfermarkt.co.uk/zorya-lugansk_vorskla-poltava/index/spielbericht/4120708
[4131293] Could not find attributes for pavlo isenko (Vorskla Poltava, 2023)
[4131293] Failed to build match row: Vorskla Poltava vs FC Dila Gori
t Football Club, 2022)
[3838718] Failed to build match row: Nottingham Forest Football Club vs Newcastle United Football Club
[4627252] Could not find attributes for miroslav stevanovic (Servette Football Club 1890 SA, 2025)
[4627252] Failed to build match row: FC Sion vs Servette Football Club 1890 SA
[4532780] Could not find attributes for ethan ennis (Doncaster Rovers, 2024)
[4532780] Failed to build match row: Doncaster Rovers vs Crystal Palace Football Club
[4396742] Could not find attributes for sandro cruz (Gil Vicente Futebol Clube, 2024)
[4396742] Failed to build match row: Club Football Estrela da Amadora vs Gil Vicente Futebol Clube
[3602555] Could not find attributes for danila prokhin (FK Sochi, 2021)
[4646443] Failed to scrape lineup: https://www.transfermarkt.co.uk/kocaelispor_caykur-rizespor/index/spielbericht/4646443

Keepers & outfield error for **Club Internacional de Fútbol Miami** in Club Internacional de Fútbol Miami vs Atlanta United Football Club: Numbers: 0 and 11.
[4425191] Failed to scrape lineup: https://www.transfermarkt.co.uk/perth-glory_melbourne-victory/index/spielbericht/4425191
[3602555] Failed to build match row: FK Sochi vs Arsenal Tula
[4620731] Failed to scrape lineup: https://www.transfermarkt.co.uk/pisa-sporting-club_acf-fiorentina/index/spielbericht/4620731
[4521298] Failed to build match row: Club Internacional de Fútbol Miami vs Atlanta United Football Club
[4361358] Failed to scrape lineup: https://www.transfermarkt.co.uk/tottenham-hotspur_arsenal-fc/index/spielbericht/4361358

Keepers & outfield error for **Associazione Sportiva Roma** in Associazione Sportiva Roma vs Feyenoord Rotterdam: Numbers: 0 and 11.
[3450693] Could not find attributes for christos donis (VVV-Venlo, 2020)
[3415458] Could not find attributes for xadas (Royal Excel Mouscron (-2022), 2020)
[4367922] Could not find attributes for marvin young (Sparta Rotterdam, 2024)
[3415458] Failed to build match row: Royal Excel Mouscron (-2022) vs SK Beveren
[4041615] Failed to build match row: Associazione Sportiva Roma vs Feyenoord Rotterdam
[3450693] Failed to build match row: VVV-Venlo vs Vitesse Arnhem
[4367922] Failed to build match row: Football Club Groningen vs Sparta Rotterdam
[4641669] Could not find attributes for eli dasa (Nijmegen Eendracht Combinatie, 2025)
[4363470] Failed to scrape lineup: https://www.transfermarkt.co.uk/1-fc-slovacko_fk-dukla-prague/index/spielbericht/4363470
[4641669] Failed to build match row: Nijmegen Eendracht Combinatie vs Sparta Rotterdam
Not enough players found for lineup: 0, 11.
[4676382] Failed to scrape lineup: https://www.transfermarkt.co.uk/spielbericht/index/spielbericht/4676382
[4635297] Could not find attributes for mathieu acapandie (Football Club de Nantes, 2025)
[4635297] Failed to build match row: Racing Club de Lens vs Football Club de Nantes
[4649086] Could not find attributes for andre duarte (SC Fotbal Club FCSB SA, 2025)
[4712080] Could not find attributes for timur zaynullin (Zenit Penza, 2025)
[4649086] Failed to build match row: SC Fotbal Club FCSB SA vs Fotbal Club CFR 1907 Cluj SA
[4712080] Failed to build match row: Zenit Penza vs Volgar Astrakhan
[3432260] Could not find attributes for fahd moufi (Portimonense SC, 2020)
[3432260] Failed to build match row: Portimonense SC vs Clube Desportivo de Tondela
[4624899] Could not find attributes for michal rzuchowski (Morski Związkowy Klub Sportowy Arka Gdynia Spółka Akcyjna, 2025)
[4131294] Could not find attributes for yevgeniy kucherenko (FC Dila Gori, 2023)
[4624899] Failed to build match row: Morski Związkowy Klub Sportowy Arka Gdynia Spółka Akcyjna vs Klub Sportowy Górnik Zabrze Sportowa Spółka Akcyjna
[4131294] Failed to build match row: FC Dila Gori vs Vorskla Poltava
[4240831] Failed to build match row: CD Lugo vs Club Atlético de Madrid S.A.D.
[3462300] Could not find attributes for michael luftner (Omonia Nicosia, 2020)
[3462300] Failed to build match row: Omonia Nicosia vs Eindhovense Voetbalvereniging Philips Sport Vereniging
[4738050] Failed to scrape lineup: https://www.transfermarkt.co.uk/spielbericht/index/spielbericht/4738050
[4376609] Failed to scrape lineup: https://www.transfermarkt.co.uk/hibernian-fc_aberdeen-fc/index/spielbericht/4376609
[4453011] Failed to scrape lineup: https://www.transfermarkt.co.uk/spielbericht/index/spielbericht/4453011
elbericht/4408258
[3852718] Could not find attributes for thijmen blokzijl (Football Club Groningen, 2022)
[3852718] Failed to build match row: Alkmaar Zaanstreek vs Football Club Groningen
[3890101] Failed to scrape lineup: https://www.transfermarkt.co.uk/aberdeen-fc_dundee-united-fc/index/spielbericht/3890101
[3602556] Could not find attributes for artur nigmatullin (FK Nizhny Novgorod, 2021)
[4641670] Could not find attributes for tristan gooijer (Prins Hendrik Ende Desespereert Nimmer Combinatie Zwolle, 2025)
[3710347] Failed to scrape lineup: https://www.transfermarkt.co.uk/spielbericht/index/spielbericht/3710347
[4646728] Could not find attributes for marcos felipe (Eyüp Spor Kulübü, 2025)
[4810988] Failed to scrape lineup: https://www.transfermarkt.co.uk/botafogo-de-futebol-e-regatas_cr-flamengo/index/spielbericht/4810988
[3602556] Failed to build match row: FK Nizhny Novgorod vs Ural Yekaterinburg
[4641670] Failed to build match row: Prins Hendrik Ende Desespereert Nimmer Combinatie Zwolle vs Sportclub Heerenveen
[4521299] Could not find attributes for brandan craig (Club de Foot Montréal, 2024)
[3450694] Could not find attributes for tyronne ebuehi (Football Club Twente, 2020)
[4363471] Could not find attributes for vladimir neuman (MFK Karvina, 2024)
[3426938] Failed to scrape lineup: https://www.transfermarkt.co.uk/gaziantep-fk_alanyaspor/index/spielbericht/3426938
[3432261] Could not find attributes for mansur (Clube Desportivo Santa Clara, 2020)
[3871434] Failed to scrape lineup: https://www.transfermarkt.co.uk/spielbericht/index/spielbericht/3871434
[4646728] Failed to build match row: Eyüp Spor Kulübü vs Göztepe Sportif Yatırımlar A.Ş.
[3450694] Failed to build match row: Football Club Groningen vs Football Club Twente
[3432261] Failed to build match row: Clube Desportivo Santa Clara vs Clube Desportivo de Tondela
[4521299] Failed to build match row: Club de Foot Montréal vs New York City Football Club
[3612964] Could not find attributes for aleksandar pesic (Fatih Karagümrük Sportif Faaliyetler San. Tic. A.Ş., 2021)
[4172098] Failed to scrape lineup: https://www.transfermarkt.co.uk/spielbericht/index/spielbericht/4172098
[4363471] Failed to build match row: MFK Karvina vs AC Sparta Praha, a. s.
[4712081] Could not find attributes for denis davydov (Tekstilshchik Ivanovo, 2025)
[4798284] Failed to scrape lineup: https://www.transfermarkt.co.uk/ca-union-santa-fe-_gimnasia-y-esgrima-de-mendoza/index/spielbericht/4798284
[3612964] Failed to build match row: Fatih Karagümrük Sportif Faaliyetler San. Tic. A.Ş. vs Trabzonspor Kulübü
[4712081] Failed to build match row: Tekstilshchik Ivanovo vs Dinamo Vologda
[3651676] Failed to scrape lineup: https://www.transfermarkt.co.uk/spielbericht/index/spielbericht/3651676
[4098035] Could not find attributes for cisse sandra (Excelsior Rotterdam, 2023)
[4367923] Could not find attributes for olivier aertssen (Prins Hendrik Ende Desespereert Nimmer Combinatie Zwolle, 2024)
[4098035] Failed to build match row: Excelsior Rotterdam vs Football Club Twente
[4367923] Failed to build match row: Prins Hendrik Ende Desespereert Nimmer Combinatie Zwolle vs Fortuna Sittardia Combinatie

Keepers & outfield error for **Granada CF** in Granada CF vs Panthessalonikios Athlitikos Omilos Konstantinoupoliton: Numbers: 0 and 11.
[3462301] Failed to build match row: Granada CF vs Panthessalonikios Athlitikos Omilos Konstantinoupoliton
[3509551] Failed to scrape lineup: https://www.transfermarkt.co.uk/spielbericht/index/spielbericht/3509551
[3838719] Failed to scrape lineup: https://www.transfermarkt.co.uk/southampton-fc_tottenham-hotspur/index/spielbericht/3838719
[4120709] Failed to scrape lineup: https://www.transfermarkt.co.uk/metalist-1925-kharkiv_dynamo-kyiv/index/spielbericht/4120709
[3588783] Failed to scrape lineup: https://www.transfermarkt.co.uk/clermont-foot-63_estac-troyes/index/spielbericht/3588783
[4132453] Could not find attributes for sebastian agachi (FC Zimbru Chisinau, 2023)
[4132453] Failed to build match row: Fenerbahçe Spor Kulübü vs FC Zimbru Chisinau
[4376610] Could not find attributes for tawanda maswanhise (Motherwell Football Club, 2024)
[4376610] Failed to build match row: Kilmarnock Football Club vs Motherwell Football Club
Not enough players found for lineup: 0, 0.
[4453012] Failed to scrape lineup: https://www.transfermarkt.co.uk/spielbericht/index/spielbericht/4453012
[4408259] Could not find attributes for giorgiy shelia (RFK Akhmat Grozny, 2024)
[4408259] Failed to build match row: RFK Akhmat Grozny vs AO FK Zenit Sankt-Peterburg
[3450695] Could not find attributes for sven mijnans (Sparta Rotterdam, 2020)
[4396743] Failed to scrape lineup: https://www.transfermarkt.co.uk/fc-famalicao_rio-ave-fc/index/spielbericht/4396743
[3621381] Failed to scrape lineup: https://www.transfermarkt.co.uk/estoril-praia_cs-maritimo/index/spielbericht/3621381
[3415460] Could not find attributes for panagiotis armenakas (Sportvereniging Zulte Waregem, 2020)
[4361359] Failed to scrape lineup: https://www.transfermarkt.co.uk/wolverhampton-wanderers_newcastle-united/index/spielbericht/4361359
[3871435] Could not find attributes for shahrudin mahammadaliyev (Qarabağ FK, 2022)
[3450695] Failed to build match row: Sparta Rotterdam vs Prins Hendrik Ende Desespereert Nimmer Combinatie Zwolle
[4810989] Could not find attributes for luan peres (Santos Futebol Clube, 2025)
[3415460] Failed to build match row: Sportvereniging Zulte Waregem vs Oud-Heverlee Leuven
[3871435] Failed to build match row: FC Zürich vs Qarabağ FK
[4810989] Failed to build match row: Santos Futebol Clube vs Sport Club Corinthians Paulista
[3597931] Could not find attributes for andreas samaris (Fortuna Sittardia Combinatie, 2021)
[3597931] Failed to build match row: Fortuna Sittardia Combinatie vs Sportclub Heerenveen
[4098036] Could not find attributes for siemen voet (Fortuna Sittardia Combinatie, 2023)
[4373475] Failed to scrape lineup: https://www.transfermarkt.co.uk/bayern-munich_fc-augsburg/index/spielbericht/4373475
[3426939] Could not find attributes for armin hodzic (Kasımpaşa A.Ş., 2020)
[4098036] Failed to build match row: Football Club Utrecht vs Fortuna Sittardia Combinatie
[3426939] Failed to build match row: İstanbul Başakşehir Futbol Kulübü vs Kasımpaşa A.Ş.
[4649087] Failed to scrape lineup: https://www.transfermarkt.co.uk/fc-hermannstadt_fc-dinamo-1948/index/spielbericht/4649087
[4120710] Could not find attributes for dmytro ledviy (FC Rukh Lviv, 2023)
[4120710] Failed to build match row: FC Rukh Lviv vs FK Polissya Zhytomyr
[4363472] Could not find attributes for filip cihak (FC Hradec Králové a.s., 2024)
[4363472] Failed to build match row: FC Hradec Králové a.s. vs Bohemians Praha 1905, a.s.
[4676383] Could not find attributes for nichlas vesterbaek (Alleröd FK, 2025)
[4712082] Could not find attributes for oleg smirnov (Volna Kovernino, 2025)
[4676383] Failed to build match row: Alleröd FK vs Brönshöj Boldklub
[4712082] Failed to build match row: Volna Kovernino vs FC Tyumen

Keepers & outfield error for **Real Sociedad de Fútbol S.A.D.** in Real Sociedad de Fútbol S.A.D. vs Società Sportiva Calcio Napoli: Numbers: 0 and 11.
[3462302] Failed to build match row: Real Sociedad de Fútbol S.A.D. vs Società Sportiva Calcio Napoli
[4627255] Could not find attributes for renato steffen (FC Lugano, 2025)
[4627255] Failed to build match row: FC Lugano vs Football Club Lausanne-Sport
[4620733] Failed to scrape lineup: https://www.transfermarkt.co.uk/us-sassuolo_udinese-calcio/index/spielbericht/4620733
[4408260] Could not find attributes for evgeniy staver (FC Rubin Kazan, 2024)
[4408260] Failed to build match row: FC Rubin Kazan vs FK Krasnodar
[3890102] Failed to scrape lineup: https://www.transfermarkt.co.uk/celtic-fc_ross-county-fc/index/spielbericht/3890102
[4425192] Could not find attributes for wellissol (Newcastle United Jets Football Club, 2024)
[4425192] Failed to build match row: Macarthur South West Sydney (A-League) vs Newcastle United Jets Football Club

Keepers & outfield error for **FC Vizela** in FC Vizela vs Boavista FC: Numbers: 0 and 11.
ex/spielbericht/3602557
[3621382] Failed to build match row: FC Vizela vs Boavista FC
[4042701] Could not find attributes for eli dasa (FK Dinamo Moskva, 2022)

Keepers & outfield error for **Atalanta Bergamasca Calcio S.p.a.** in Atalanta Bergamasca Calcio S.p.a. vs Torino Calcio: Numbers: 2 and 9.
[4042701] Failed to build match row: FK Dinamo Moskva vs FK Sochi
[3844766] Failed to build match row: Atalanta Bergamasca Calcio S.p.a. vs Torino Calcio
[4646730] Could not find attributes for rafa silva (Beşiktaş Jimnastik Kulübü, 2025)
[4646730] Failed to build match row: Beşiktaş Jimnastik Kulübü vs Kocaelispor Kulübü
[3426940] Could not find attributes for fabien farnolle (Erzurumspor FK, 2020)
[3426940] Failed to build match row: Erzurumspor FK vs Gaziantep Futbol Kulübü A.Ş.
[3871436] Failed to scrape lineup: https://www.transfermarkt.co.uk/spielbericht/index/spielbericht/3871436
[4676384] Could not find attributes for nicolaj soberg (Ledöje-Smörum Fodbold, 2025)
[4676384] Failed to build match row: Ledöje-Smörum Fodbold vs BK Frem
[4363473] Could not find attributes for colin andrew (SK Dynamo Ceske Budejovice, 2024)
[4521301] Failed to scrape lineup: https://www.transfermarkt.co.uk/new-york-red-bulls_minnesota-united-fc/index/spielbericht/4521301
[4635299] Failed to scrape lineup: https://www.transfermarkt.co.uk/stade-rennais-fc_paris-fc/index/spielbericht/4635299
[3612965] Failed to scrape lineup: https://www.transfermarkt.co.uk/besiktas-jk_giresunspor/index/spielbericht/3612965
[4798285] Failed to scrape lineup: https://www.transfermarkt.co.uk/ca-san-lorenzo-de-almagro_ca-central-cordoba-sde-/index/spielbericht/4798285
[4363473] Failed to build match row: SK Dynamo Ceske Budejovice vs FK Jablonec a.s.
[4620737] Could not find attributes for lorenzo bernasconi (Atalanta Bergamasca Calcio S.p.a., 2025)
bericht/4367924
[4109311] Could not find attributes for cafu phete (GD Chaves, 2023)
[4620737] Failed to build match row: Atalanta Bergamasca Calcio S.p.a. vs Calcio Como
[4109311] Failed to build match row: GD Chaves vs Moreirense Futebol Clube
[3941370] Could not find attributes for andrey golubev (Neftekhimik Nizhnekamsk, 2022)
[3509552] Failed to scrape lineup: https://www.transfermarkt.co.uk/spielbericht/index/spielbericht/3509552
[3941370] Failed to build match row: Neftekhimik Nizhnekamsk vs Volga Uljanovsk
[4240832] Could not find attributes for einar galilea (Málaga CF, 2023)
[4376611] Could not find attributes for barry douglas (St. Johnstone FC, 2024)
[4240832] Failed to build match row: Málaga CF vs Real Sociedad de Fútbol S.A.D.
[4376611] Failed to build match row: St. Johnstone FC vs Heart of Midlothian Football Club

Keepers & outfield error for **Fulham Football Club** in Bristol City vs Fulham Football Club: Numbers: 2 and 9.
[4738051] Failed to scrape lineup: https://www.transfermarkt.co.uk/spielbericht/index/spielbericht/4738051
[4453039] Failed to scrape lineup: https://www.transfermarkt.co.uk/spielbericht/index/spielbericht/4453039
[3710348] Failed to build match row: Bristol City vs Fulham Football Club
[4810990] Could not find attributes for reinaldo (Mirasol Futebol Clube, 2025)
[3432262] Could not find attributes for bilel aouacheria (SC Farense, 2020)
[4810990] Failed to build match row: Sociedade Esportiva Palmeiras vs Mirasol Futebol Clube

Keepers & outfield error for **Association Football Club Bournemouth** in Association Football Club Bournemouth vs Liverpool Football Club: Numbers: 0 and 11.
[3838721] Failed to build match row: Association Football Club Bournemouth vs Liverpool Football Club
[4540704] Failed to scrape lineup: https://www.transfermarkt.co.uk/spielbericht/index/spielbericht/4540704
[3432262] Failed to build match row: CS Marítimo vs SC Farense
[4408261] Could not find attributes for david volk (Dinamo Makhachkala, 2024)
[3602558] Could not find attributes for mikhail kerzhakov (AO FK Zenit Sankt-Peterburg, 2021)
[4425193] Could not find attributes for bailey brandtman (Central Coast Mariners Football Club, 2024)
[3602558] Failed to build match row: AO FK Zenit Sankt-Peterburg vs FK Ufa
[4408261] Failed to build match row: Dinamo Makhachkala vs FC Orenburg
[3621383] Could not find attributes for bruno costa (Futebol Clube do Porto, 2021)
[3621383] Failed to build match row: Sporting Clube de Portugal vs Futebol Clube do Porto
[3890103] Could not find attributes for orestis kiomourtzoglou (Heart of Midlothian Football Club, 2022)
[4425193] Failed to build match row: Adelaide United Football Club vs Central Coast Mariners Football Club

Keepers & outfield error for **Eintracht Frankfurt Fußball AG** in Eintracht Frankfurt Fußball AG vs Sportverein Werder Bremen von 1899: Numbers: 2 and 9.
[3890103] Failed to build match row: Heart of Midlothian Football Club vs Livingston Football Club
[4042702] Could not find attributes for artur nigmatullin (FK Nizhny Novgorod, 2022)
[4361360] Failed to scrape lineup: https://www.transfermarkt.co.uk/aston-villa_wolverhampton-wanderers/index/spielbericht/4361360
[4373477] Failed to build match row: Eintracht Frankfurt Fußball AG vs Sportverein Werder Bremen von 1899
[4132464] Could not find attributes for gentian selmani (KF Tirana, 2023)
[4042702] Failed to build match row: FK Nizhny Novgorod vs Футбольный клуб "Локомотив" Москва
[4132464] Failed to build match row: KF Tirana vs Beşiktaş Jimnastik Kulübü
[4646731] Could not find attributes for uchenna ogundu (Alanyaspor, 2025)
[3415462] Could not find attributes for stipe radic (Beerschot VA, 2020)
[4646731] Failed to build match row: Alanyaspor vs Galatasaray Spor Kulübü
[3415462] Failed to build match row: Beerschot VA vs Yellow-Red Koninklijke Voetbalclub Mechelen
[4396744] Failed to scrape lineup: https://www.transfermarkt.co.uk/cd-santa-clara_moreirense-fc/index/spielbericht/4396744
[3462303] Could not find attributes for hrvoje smolcic (Hrvatski Nogometni Klub Rijeka, 2020)
[3462303] Failed to build match row: Alkmaar Zaanstreek vs Hrvatski Nogometni Klub Rijeka
[3941371] Could not find attributes for erving botaka (FK Ufa, 2022)
[4649088] Failed to scrape lineup: https://www.transfermarkt.co.uk/sc-otelul-galati_fk-csikszereda-miercurea-ciuc/index/spielbericht/4649088
[4798286] Could not find attributes for alexis steimbach (Club de Gimnasia y Esgrima La Plata, 2025)
[3941371] Failed to build match row: FK Ufa vs Dinamo Bryansk
[4798286] Failed to build match row: Club de Gimnasia y Esgrima La Plata vs Club Atlético Aldosivi
[4712083] Could not find attributes for stepan masalskikh (Temp Barnaul, 2025)
[4712083] Failed to build match row: Temp Barnaul vs Znamya Truda Orekhovo-Zuevo
[3426941] Could not find attributes for zvonimir sarlija (MKE Ankaragücü, 2020)
[3426941] Failed to build match row: MKE Ankaragücü vs Yeni Malatyaspor
[4540705] Could not find attributes for matija nastasic (CD Leganés, 2024)
[4540705] Failed to build match row: CD Leganés vs Real Madrid Club de Fútbol
[4676385] Could not find attributes for nicolaj rohde (Holstebro Boldklub, 2025)
[4676385] Failed to build match row: Holstebro Boldklub vs Odder IGF

Keepers & outfield error for **Sporting Clube de Braga** in Moreirense Futebol Clube vs Sporting Clube de Braga: Numbers: 0 and 11.
[4109312] Failed to build match row: Moreirense Futebol Clube vs Sporting Clube de Braga
[3415463] Could not find attributes for strahinja pavlovic (Cercle Brugge Koninklijke Sportvereniging, 2020)
[3432263] Could not find attributes for abdeldjalil medioub (Clube Desportivo de Tondela, 2020)
[3415463] Failed to build match row: Cercle Brugge Koninklijke Sportvereniging vs Royal Sporting Club Anderlecht
[3432263] Failed to build match row: Clube Desportivo de Tondela vs Moreirense Futebol Clube
[4810991] Could not find attributes for henry mosquera (Red Bull Bragantino, 2025)
[4810991] Failed to build match row: Red Bull Bragantino vs São Paulo Futebol Clube
[4738052] Could not find attributes for arsen belimenko (Lokomotyv Kyiv, 2025)
[4738052] Failed to build match row: Lokomotyv Kyiv vs Nyva Vinnytsya
[4408262] Could not find attributes for evgeniy latyshonok (AO FK Zenit Sankt-Peterburg, 2024)
[4408262] Failed to build match row: AO FK Zenit Sankt-Peterburg vs Akron Togliatti
[4627257] Failed to scrape lineup: https://www.transfermarkt.co.uk/fc-thun_grasshopper-club-zurich/index/spielbericht/4627257
[3509553] Failed to scrape lineup: https://www.transfermarkt.co.uk/spielbericht/index/spielbericht/3509553
[4712084] Could not find attributes for dmitriy saganovich (Mashuk-KMV Pyatigorsk, 2025)
[3844767] Failed to scrape lineup: https://www.transfermarkt.co.uk/bologna-fc-1909_us-salernitana-1919/index/spielbericht/3844767
[4367925] Could not find attributes for silvester van der water (RKC Waalwijk, 2024)
[4425194] Could not find attributes for yonatan cohen (Melbourne City Football Club, 2024)
[4042703] Could not find attributes for aleksandr selikhov (FK Spartak Moskva, 2022)
[4712084] Failed to build match row: Mashuk-KMV Pyatigorsk vs Kuban Holding Pavlovskaya
[4363474] Failed to scrape lineup: https://www.transfermarkt.co.uk/bohemians-prague-1905_fc-slovan-liberec/index/spielbericht/4363474
[4396745] Could not find attributes for jeremy livolant (Casa Pia Atlético Clube, 2024)
[4425194] Failed to build match row: Melbourne City Football Club vs Melbourne Victory FC
[4649089] Could not find attributes for danel dongmo (Fotbal Club Petrolul Ploiești, 2025)
[4042703] Failed to build match row: FK Spartak Moskva vs RFK Akhmat Grozny
[4367925] Failed to build match row: RKC Waalwijk vs Nijmegen Eendracht Combinatie
[4396745] Failed to build match row: Casa Pia Atlético Clube vs Sporting Clube de Portugal
[4649089] Failed to build match row: Fotbal Club Petrolul Ploiești vs F.C.V. Farul Constanța SA
[4240833] Could not find attributes for hector nespral (Unionistas CF, 2023)
[4635300] Could not find attributes for bouna sarr (Football Club de Metz, 2025)
[3426942] Could not find attributes for robin yalcin (Sivasspor, 2020)
[4635300] Failed to build match row: Football Club de Metz vs Football Club Lorient-Bretagne Sud
[3426942] Failed to build match row: Sivasspor vs Denizlispor
[4240833] Failed to build match row: Unionistas CF vs Villarreal Club de Fútbol S.A.D.
[4376612] Failed to scrape lineup: https://www.transfermarkt.co.uk/st-mirren-fc_ross-county-fc/index/spielbericht/4376612
[4521302] Could not find attributes for teenage hadebe (Football Club Cincinnati, 2024)
[4521302] Failed to build match row: Orlando City Soccer Club vs Football Club Cincinnati

Keepers & outfield error for **Olympique de Marseille** in Olympique de Marseille vs FC Girondins Bordeaux: Numbers: 2 and 9.
[4641673] Could not find attributes for ruud nijstad (Football Club Twente, 2025)
[4641673] Failed to build match row: Football Club Twente vs Sportclub Telstar

Keepers & outfield error for **SC Farense** in SC Farense vs GD Chaves: Numbers: 2 and 9.
[4098037] Failed to scrape lineup: https://www.transfermarkt.co.uk/sc-heerenveen_ajax-amsterdam/index/spielbericht/4098037
[3588787] Failed to build match row: Olympique de Marseille vs FC Girondins Bordeaux
[4120711] Failed to scrape lineup: https://www.transfermarkt.co.uk/fc-oleksandriya_shakhtar-donetsk/index/spielbericht/4120711
[3871437] Could not find attributes for sergio padt (Ludogorets Razgrad, 2022)
[3871437] Failed to build match row: Shamrock Rovers vs Ludogorets Razgrad
[4109313] Failed to build match row: SC Farense vs GD Chaves
[3415464] Could not find attributes for xadas (Royal Excel Mouscron (-2022), 2020)
[3415464] Failed to build match row: Koninklijke Atletiek Associatie Gent vs Royal Excel Mouscron (-2022)
[4408263] Could not find attributes for aleksandr maksimenko (FK Spartak Moskva, 2024)
[4408263] Failed to build match row: FK Spartak Moskva vs FK Nizhny Novgorod
[3597934] Failed to scrape lineup: https://www.transfermarkt.co.uk/twente-enschede-fc_vitesse-arnhem/index/spielbericht/3597934
[3432264] Could not find attributes for cristian devenish (Boavista FC, 2020)
[3432264] Failed to build match row: Boavista FC vs Rio Ave Futebol Clube
[4373479] Could not find attributes for tiago tomas (Verein für Leibesübungen Wolfsburg, 2024)
[4373479] Failed to build match row: Verein für Leibesübungen Wolfsburg vs 1. Fußballclub Union Berlin
[3621385] Could not find attributes for mansur (Clube Desportivo Santa Clara, 2021)
[4363475] Could not find attributes for matus hruska (FK Dukla Praha a.s., 2024)
[4712085] Could not find attributes for maksim shvagirev (Amkal Moscow, 2025)
[3602559] Could not find attributes for sergey pesjakov (FK Rostov, 2021)
[4363475] Failed to build match row: FK Dukla Praha a.s. vs SK Sigma Olomouc, a.s.
[3621385] Failed to build match row: Clube Desportivo Santa Clara vs Sport Lisboa e Benfica
[4712085] Failed to build match row: Amkal Moscow vs Salyut Belgorod
[3602559] Failed to build match row: FK Rostov vs FK Sochi
[4042704] Could not find attributes for mikhail kerzhakov (AO FK Zenit Sankt-Peterburg, 2022)
[4042704] Failed to build match row: AO FK Zenit Sankt-Peterburg vs Ural Yekaterinburg

Keepers & outfield error for **Unione Sportiva Cremonese S.p.A.** in Football Club Internazionale Milano S.p.A. vs Unione Sportiva Cremonese S.p.A.: Numbers: 0 and 11.
[4620740] Failed to build match row: Football Club Internazionale Milano S.p.A. vs Unione Sportiva Cremonese S.p.A.
[4738724] Could not find attributes for davor matijas (HNK Gorica, 2025)
[3432697] Could not find attributes for enric saborit (Maccabi Tel Aviv, 2020)
[3432697] Failed to build match row: Maccabi Tel Aviv vs Dynamo Brest
[4738724] Failed to build match row: HNK Gorica vs NK Osijek s.d.d.

Keepers & outfield error for **Cruzeiro Esporte Clube** in Cruzeiro Esporte Clube vs Club de Regatas Vasco da Gama: Numbers: 0 and 11.
[4098038] Could not find attributes for siemen voet (Fortuna Sittardia Combinatie, 2023)
[4641674] Could not find attributes for irakli yegoian (Excelsior Rotterdam, 2025)
[4810992] Failed to build match row: Cruzeiro Esporte Clube vs Club de Regatas Vasco da Gama
[4641674] Failed to build match row: Excelsior Rotterdam vs Heracles Almelo
[4098038] Failed to build match row: Nijmegen Eendracht Combinatie vs Fortuna Sittardia Combinatie
[3852723] Could not find attributes for zakaria labyad (Football Club Utrecht, 2022)
[3852723] Failed to build match row: Nijmegen Eendracht Combinatie vs Football Club Utrecht
[3612968] Could not find attributes for fredrik ulvestad (Sivasspor, 2021)
[4454404] Could not find attributes for christoffer blond (Holbaek B&I, 2024)
[3612968] Failed to build match row: Sivasspor vs Hatayspor
[3941372] Could not find attributes for aleksey smirnov (KamAZ Naberezhnye Chelny, 2022)
[4454404] Failed to build match row: Holbaek B&I vs Holstebro Boldklub
[3941372] Failed to build match row: KamAZ Naberezhnye Chelny vs Enisey Krasnoyarsk
[4095144] Could not find attributes for wes foderingham (Sheffield United, 2023)
[4095144] Failed to build match row: West Ham United Football Club vs Sheffield United
[3509554] Could not find attributes for mattijs branderhorst (Nijmegen Eendracht Combinatie, 2020)
[3509554] Failed to build match row: Nijmegen Eendracht Combinatie vs VVV-Venlo
[4408264] Could not find attributes for rustam yatimov (FK Rostov, 2024)
[3871438] Could not find attributes for petar mamic (FK Zalgiris Vilnius, 2022)
[4408264] Failed to build match row: FK Rostov vs PFK Krylya Sovetov Samara
[3871438] Failed to build match row: Malmö Fotbollförening vs FK Zalgiris Vilnius
[4042705] Could not find attributes for ilya gaponov (PFK Krylya Sovetov Samara, 2022)
[4810993] Failed to scrape lineup: https://www.transfermarkt.co.uk/sport-club-internacional_esporte-clube-bahia/index/spielbericht/4810993
[4042705] Failed to build match row: PFK Krylya Sovetov Samara vs FC Orenburg

Keepers & outfield error for **Fotbal Club CFR 1907 Cluj SA** in Associazione Sportiva Roma vs Fotbal Club CFR 1907 Cluj SA: Numbers: 2 and 9.
[4635301] Could not find attributes for yaya dieme (Racing Club de Strasbourg Alsace, 2025)
[3462304] Failed to build match row: Associazione Sportiva Roma vs Fotbal Club CFR 1907 Cluj SA
[3612969] Could not find attributes for yunus akgun (Adana Demirspor, 2021)
[4635301] Failed to build match row: Angers Sporting Club de l'Ouest vs Racing Club de Strasbourg Alsace
[4620741] Could not find attributes for daniele rugani (Juventus Football Club, 2025)
[3612969] Failed to build match row: Adana Demirspor vs Kasımpaşa A.Ş.
 Calcio Milan

Keepers & outfield error for **Gliwicki Klub Sportowy Piast Spółka Akcyjna** in Miejski Klub Sportowy Korona Kielce Spółka Akcyjna vs Gliwicki Klub Sportowy Piast Spółka Akcyjna: Numbers: 0 and 11.
[3941373] Failed to scrape lineup: https://www.transfermarkt.co.uk/spielbericht/index/spielbericht/3941373
[4624901] Failed to build match row: Miejski Klub Sportowy Korona Kielce Spółka Akcyjna vs Gliwicki Klub Sportowy Piast Spółka Akcyjna
[3597935] Could not find attributes for joeri de kamps (Sparta Rotterdam, 2021)
[3597935] Failed to build match row: Feyenoord Rotterdam vs Sparta Rotterdam
[4712086] Could not find attributes for vladislav rusanov (Leon Saturn Ramenskoe, 2025)
[4712086] Failed to build match row: Leon Saturn Ramenskoe vs Broke Boys Moscow
[4649090] Failed to scrape lineup: https://www.transfermarkt.co.uk/cs-universitatea-craiova_fc-botosani/index/spielbericht/4649090

Keepers & outfield error for **Nooit Opgeven Altijd Doorzetten Aangenaam Door Vermaak En Nuttig Door Ontspanning Combinatie Breda** in Football Club Volendam vs Nooit Opgeven Altijd Doorzetten Aangenaam Door Vermaak En Nuttig Door Ontspanning Combinatie Breda: Numbers: 2 and 9.
[4641675] Failed to build match row: Football Club Volendam vs Nooit Opgeven Altijd Doorzetten Aangenaam Door Vermaak En Nuttig Door Ontspanning Combinatie Breda
[4738974] Could not find attributes for austin sime (Auchinleck Talbot FC, 2025)
[4738974] Failed to build match row: Auchinleck Talbot FC vs Gretna FC 2008
[4132465] Could not find attributes for denys dedechko (FC Zimbru Chisinau, 2023)
[4095145] Failed to scrape lineup: https://www.transfermarkt.co.uk/wolverhampton-wanderers_manchester-city/index/spielbericht/4095145
[4363476] Could not find attributes for amar memic (FC Viktoria Plzeň, a.s., 2024)
[4132465] Failed to build match row: FC Zimbru Chisinau vs Fenerbahçe Spor Kulübü
[4363476] Failed to build match row: FC Viktoria Plzeň, a.s. vs SK Slavia Praha, a.s.
[4376613] Failed to scrape lineup: https://www.transfermarkt.co.uk/aberdeen-fc_motherwell-fc/index/spielbericht/4376613
[4676386] Could not find attributes for benjamin clemmensen (Vendsyssel FF, 2025)
[3710352] Failed to scrape lineup: https://www.transfermarkt.co.uk/spielbericht/index/spielbericht/3710352
[3588789] Failed to scrape lineup: https://www.transfermarkt.co.uk/paris-saint-germain_rc-strasbourg-alsace/index/spielbericht/3588789
[4109314] Failed to scrape lineup: https://www.transfermarkt.co.uk/rio-ave-fc_fc-porto/index/spielbericht/4109314
[4646732] Could not find attributes for nikoloz ugrekhelidze (Fatih Karagümrük Sportif Faaliyetler San. Tic. A.Ş., 2025)
[4646732] Failed to build match row: Fatih Karagümrük Sportif Faaliyetler San. Tic. A.Ş. vs Trabzonspor Kulübü
[4676386] Failed to build match row: Vendsyssel FF vs Aalborg BK
[4810994] Failed to scrape lineup: https://www.transfermarkt.co.uk/coritiba-foot-ball-club_clube-do-remo-pa-/index/spielbericht/4810994
[3612970] Failed to scrape lineup: https://www.transfermarkt.co.uk/basaksehir-fk_altay-sk/index/spielbericht/3612970
[4240835] Could not find attributes for matija nastasic (Real Club Deportivo Mallorca S.A.D., 2023)
[3941374] Failed to scrape lineup: https://www.transfermarkt.co.uk/spielbericht/index/spielbericht/3941374
[4240835] Failed to build match row: Burgos CF vs Real Club Deportivo Mallorca S.A.D.

Keepers & outfield error for **SC Cambuur Leeuwarden** in Eindhovense Voetbalvereniging Philips Sport Vereniging vs SC Cambuur Leeuwarden: Numbers: 2 and 9.
[4396746] Could not find attributes for sidoine fogning (Boavista FC, 2024)
[3852724] Failed to build match row: Eindhovense Voetbalvereniging Philips Sport Vereniging vs SC Cambuur Leeuwarden
[4396746] Failed to build match row: Boavista FC vs Vitória Sport Clube
[4521304] Could not find attributes for sam rogers (Chicago Fire Soccer Club, 2024)
[4361364] Could not find attributes for abdoulaye doucoure (Everton Football Club, 2024)
[4521304] Failed to build match row: Chicago Fire Soccer Club vs Charlotte Football Club
[4373481] Failed to scrape lineup: https://www.transfermarkt.co.uk/holstein-kiel_1-fsv-mainz-05/index/spielbericht/4373481
[4361364] Failed to build match row: Leicester City vs Everton Football Club
[4542364] Could not find attributes for suf podgoreanu (Heracles Almelo, 2024)
[4363477] Failed to scrape lineup: https://www.transfermarkt.co.uk/fc-banik-ostrava_fk-teplice/index/spielbericht/4363477
[4042706] Could not find attributes for vitaliy gudiev (FC Khimki (-2025), 2022)
[4542364] Failed to build match row: Heracles Almelo vs Football Club Utrecht
[4132466] Failed to scrape lineup: https://www.transfermarkt.co.uk/spielbericht/index/spielbericht/4132466
[4042706] Failed to build match row: FC Khimki (-2025) vs FK Krasnodar
[3871450] Could not find attributes for gregor sikosek (NK Maribor, 2022)
[3871450] Failed to build match row: NK Maribor vs FC Sheriff Tiraspol
[3450696] Could not find attributes for gianni zuiverloon (ADO Den Haag, 2020)
[4641676] Could not find attributes for mohamed ihattaren (Fortuna Sittardia Combinatie, 2025)
[4641676] Failed to build match row: Fortuna Sittardia Combinatie vs Sportclub Heerenveen
[3450696] Failed to build match row: ADO Den Haag vs Willem II Tilburg

Keepers & outfield error for **Futebol Clube de Famalicão** in Sporting Clube de Portugal vs Futebol Clube de Famalicão: Numbers: 0 and 11.
[4109315] Failed to build match row: Sporting Clube de Portugal vs Futebol Clube de Famalicão
[4649091] Could not find attributes for conrado (SC Oţelul Galaţi, 2025)
[4454405] Could not find attributes for hjalte dalsgaard (BK Fremad Amager, 2024)
[4676387] Failed to scrape lineup: https://www.transfermarkt.co.uk/spielbericht/index/spielbericht/4676387
[4646733] Failed to scrape lineup: https://www.transfermarkt.co.uk/gaziantep-fk_samsunspor/index/spielbericht/4646733
[4240836] Failed to scrape lineup: https://www.transfermarkt.co.uk/spielbericht/index/spielbericht/4240836
[4649091] Failed to build match row: SC Oţelul Galaţi vs Asociația Fotbal Club UTA Arad
[4454405] Failed to build match row: BK Fremad Amager vs Fodbold Club Nordsjælland
[3852725] Could not find attributes for che nunnely (Sportclub Heerenveen, 2022)
[3852725] Failed to build match row: Sportclub Heerenveen vs AFC Ajax Amsterdam
[4373491] Failed to scrape lineup: https://www.transfermarkt.co.uk/rb-leipzig_vfl-wolfsburg/index/spielbericht/4373491
[4712087] Could not find attributes for magomed deni tsutsulaev (Luki-Energia Velikie Luki, 2025)
[4396747] Could not find attributes for chiheb labidi (Clube Desportivo Nacional, 2024)
[4712087] Failed to build match row: Luki-Energia Velikie Luki vs FC Cherepovets
[4396747] Failed to build match row: Sport Lisboa e Benfica vs Clube Desportivo Nacional

Keepers & outfield error for **Manchester City Football Club** in Arsenal Football Club vs Manchester City Football Club: Numbers: 0 and 11.
[4095146] Failed to build match row: Arsenal Football Club vs Manchester City Football Club
[4132640] Failed to scrape lineup: https://www.transfermarkt.co.uk/spielbericht/index/spielbericht/4132640
[3462308] Failed to scrape lineup: https://www.transfermarkt.co.uk/spielbericht/index/spielbericht/3462308
[3432698] Could not find attributes for eldar civic (Ferencvárosi TC, 2020)
[3432698] Failed to build match row: Ferencvárosi TC vs GNK Dinamo Zagreb
[3450697] Failed to scrape lineup: https://www.transfermarkt.co.uk/az-alkmaar_feyenoord-rotterdam/index/spielbericht/3450697
[4240837] Failed to scrape lineup: https://www.transfermarkt.co.uk/spielbericht/index/spielbericht/4240837
[4649092] Failed to scrape lineup: https://www.transfermarkt.co.uk/fc-botosani_fc-universitatea-cluj/index/spielbericht/4649092
[3852726] Failed to scrape lineup: https://www.transfermarkt.co.uk/sparta-rotterdam_vitesse-arnhem/index/spielbericht/3852726
[3602560] Could not find attributes for aleksandr martynovich (FK Krasnodar, 2021)
[3602560] Failed to build match row: FK Krasnodar vs Ural Yekaterinburg
[4373492] Failed to scrape lineup: https://www.transfermarkt.co.uk/borussia-dortmund_bayern-munich/index/spielbericht/4373492
[3651681] Could not find attributes for borna barisic (Rangers Football Club, 2021)
[3651681] Failed to build match row: AC Sparta Praha, a. s. vs Rangers Football Club
[4363478] Failed to scrape lineup: https://www.transfermarkt.co.uk/fk-pardubice_fk-mlada-boleslav/index/spielbericht/4363478

Keepers & outfield error for **Houston Dynamo** in Houston Dynamo vs St. Louis City Soccer Club: Numbers: 2 and 9.
[4042707] Could not find attributes for ilya svinov (Fakel Voronezh, 2022)
[4376614] Could not find attributes for lawrence shankland (Heart of Midlothian Football Club, 2024)
[4635304] Failed to scrape lineup: https://www.transfermarkt.co.uk/fc-lorient_le-havre-ac/index/spielbericht/4635304
[3621386] Could not find attributes for yohan tavares (B SAD, 2021)
[4521306] Failed to build match row: Houston Dynamo vs St. Louis City Soccer Club
[4376614] Failed to build match row: The Celtic Football Club vs Heart of Midlothian Football Club
[4172102] Could not find attributes for ante crnac (RKS Raków Częstochowa SA, 2023)
[3621386] Failed to build match row: Vitória Sport Clube vs B SAD
[4042707] Failed to build match row: Fakel Voronezh vs PFK CSKA Moskva
[4172102] Failed to build match row: Sporting Clube de Portugal vs RKS Raków Częstochowa SA
[4810995] Could not find attributes for emmanuel martinez (Esporte Clube Vitória, 2025)
[3942776] Could not find attributes for djibril sidibe (Athlitiki Enosi Konstantinoupoleos, 2022)
[4624903] Failed to scrape lineup: https://www.transfermarkt.co.uk/motor-lublin_lech-poznan/index/spielbericht/4624903
[3942776] Failed to build match row: Athlitiki Enosi Konstantinoupoleos vs PAS Giannina
[4810995] Failed to build match row: Esporte Clube Vitória vs Clube Atlético Mineiro
[3871451] Could not find attributes for razak abalora (FC Sheriff Tiraspol, 2022)
[3871451] Failed to build match row: FC Sheriff Tiraspol vs NK Maribor
[4738975] Could not find attributes for daniel hoban (Banks O' Dee FC, 2025)
[4738975] Failed to build match row: Banks O' Dee FC vs Fraserburgh FC
[3852727] Failed to scrape lineup: https://www.transfermarkt.co.uk/ajax-amsterdam_feyenoord-rotterdam/index/spielbericht/3852727

Keepers & outfield error for **Vitória Sport Clube** in Vitória Sport Clube vs FC Vizela: Numbers: 0 and 11.
[4109316] Failed to build match row: Vitória Sport Clube vs FC Vizela
[3588814] Failed to scrape lineup: https://www.transfermarkt.co.uk/fc-girondins-bordeaux_angers-sco/index/spielbericht/3588814
[4646734] Could not find attributes for julian cuesta (Antalyaspor, 2025)
[4373493] Could not find attributes for kevin muller (1. Fußballclub Heidenheim 1846, 2024)
[4646734] Failed to build match row: Fenerbahçe Spor Kulübü vs Antalyaspor
[4712088] Could not find attributes for vladimir frolkin (Fankom Kirov, 2025)
[4376615] Failed to scrape lineup: https://www.transfermarkt.co.uk/dundee-united-fc_rangers-fc/index/spielbericht/4376615
[4373493] Failed to build match row: 1. Fußballclub Heidenheim 1846 vs Eintracht Frankfurt Fußball AG
[4367926] Could not find attributes for thom haye (Almere City FC, 2024)
[4712088] Failed to build match row: Fankom Kirov vs Khimik Dzerzhinsk
[4367926] Failed to build match row: Almere City FC vs Feyenoord Rotterdam
[3838727] Could not find attributes for serge aurier (Nottingham Forest Football Club, 2022)
[3838727] Failed to build match row: Tottenham Hotspur Football Club vs Nottingham Forest Football Club
[4361366] Failed to scrape lineup: https://www.transfermarkt.co.uk/manchester-city_arsenal-fc/index/spielbericht/4361366

Keepers & outfield error for **AVS Futebol SAD** in AVS Futebol SAD vs Futebol Clube de Arouca: Numbers: 0 and 11.
[4396748] Failed to build match row: AVS Futebol SAD vs Futebol Clube de Arouca
[4132641] Could not find attributes for pavels steinbors (FC RFS, 2023)
[3602561] Could not find attributes for aleksandr soldatenkov (PFK Krylya Sovetov Samara, 2021)
[4132641] Failed to build match row: FC RFS vs Sabah FK
[3602561] Failed to build match row: PFK Krylya Sovetov Samara vs Arsenal Tula
[4521308] Could not find attributes for artem smolyakov (Los Angeles Football Club, 2024)
[4521308] Failed to build match row: Los Angeles Football Club vs Vancouver Whitecaps FC
[4542366] Could not find attributes for romero antonioli (VV Noordwijk, 2024)
[4641678] Could not find attributes for remko pasveer (AFC Ajax Amsterdam, 2025)
[4363479] Could not find attributes for milan heca (1. FC Slovácko, 2024)
[4641678] Failed to build match row: Football Club Utrecht vs AFC Ajax Amsterdam
[4363479] Failed to build match row: 1. FC Slovácko vs FC Hradec Králové a.s.
[4542366] Failed to build match row: Go Ahead Eagles vs VV Noordwijk

Keepers & outfield error for **Olympique Lyonnais** in Olympique Lyonnais vs Brøndby Idrætsforening: Numbers: 2 and 9.
[3651682] Failed to build match row: Olympique Lyonnais vs Brøndby Idrætsforening
[4649093] Could not find attributes for arian kabashi (Asociația Futball Klub Csíkszereda Miercurea Ciuc, 2025)
[3450699] Could not find attributes for zinedine machach (VVV-Venlo, 2020)
[3426943] Could not find attributes for atiba hutchinson (Beşiktaş Jimnastik Kulübü, 2020)
[4649093] Failed to build match row: Asociația Futball Klub Csíkszereda Miercurea Ciuc vs Asociația Fotbal Club Hermannstadt
[3450699] Failed to build match row: VVV-Venlo vs Football Club Groningen

Keepers & outfield error for **SC Cambuur Leeuwarden** in Excelsior Rotterdam vs SC Cambuur Leeuwarden: Numbers: 2 and 9.
[3426943] Failed to build match row: Kayserispor Kulübü vs Beşiktaş Jimnastik Kulübü
[3852728] Failed to build match row: Excelsior Rotterdam vs SC Cambuur Leeuwarden
[4042708] Could not find attributes for sergey pesjakov (FK Rostov, 2022)
[4396749] Failed to scrape lineup: https://www.transfermarkt.co.uk/sc-braga_fc-porto/index/spielbericht/4396749
[4042708] Failed to build match row: FK Rostov vs Torpedo Moscow
[3621387] Could not find attributes for paulinho (Moreirense Futebol Clube, 2021)
[3621387] Failed to build match row: Moreirense Futebol Clube vs Futebol Clube de Famalicão
[4425195] Could not find attributes for luis canga (Perth Glory Football Club, 2024)
[4425195] Failed to build match row: Perth Glory Football Club vs Wellington Phoenix Football Club
[3512280] Failed to scrape lineup: https://www.transfermarkt.co.uk/spielbericht/index/spielbericht/3512280
[3612973] Failed to scrape lineup: https://www.transfermarkt.co.uk/giresunspor_fatih-karagumruk/index/spielbericht/3612973

Keepers & outfield error for **Newcastle United Football Club** in Newcastle United Football Club vs Wolverhampton Wanderers Football Club: Numbers: 2 and 9.
[3838728] Failed to build match row: Newcastle United Football Club vs Wolverhampton Wanderers Football Club
[4624904] Could not find attributes for natan lawa (Morski Klub Sportowy Pogoń Szczecin, 2025)
[4624904] Failed to build match row: Morski Klub Sportowy Pogoń Szczecin vs Wisła Płock Spółka Akcyjna
[4641679] Failed to scrape lineup: https://www.transfermarkt.co.uk/az-alkmaar_psv-eindhoven/index/spielbericht/4641679
[3597937] Could not find attributes for jizz hornkamp (Willem II Tilburg, 2021)
[3597937] Failed to build match row: Willem II Tilburg vs RKC Waalwijk
[3602562] Could not find attributes for artur nigmatullin (FK Nizhny Novgorod, 2021)
[3602562] Failed to build match row: PFK CSKA Moskva vs FK Nizhny Novgorod
[4810996] Could not find attributes for yannick bolasie (Associação Chapecoense de Futebol, 2025)
[4810996] Failed to build match row: Associação Chapecoense de Futebol vs Grêmio Foot-Ball Porto Alegrense
[4635305] Could not find attributes for raphael le guen (Stade brestois 29, 2025)
[4635305] Failed to build match row: Stade brestois 29 vs Angers Sporting Club de l'Ouest
[3432699] Could not find attributes for miralem sulejmani (Berner Sport Club Young Boys, 2020)
[3432699] Failed to build match row: Fodbold Club Midtjylland vs Berner Sport Club Young Boys

Keepers & outfield error for **Fotbal Club Petrolul Ploiești** in Fotbal Club CFR 1907 Cluj SA vs Fotbal Club Petrolul Ploiești: Numbers: 2 and 9.
[3621388] Failed to scrape lineup: https://www.transfermarkt.co.uk/gil-vicente-fc_fc-vizela/index/spielbericht/3621388
[3415465] Failed to scrape lineup: https://www.transfermarkt.co.uk/oud-heverlee-leuven_kv-kortrijk/index/spielbericht/3415465
[4521309] Could not find attributes for beau leroux (San Jose Earthquakes, 2024)
[4649094] Failed to build match row: Fotbal Club CFR 1907 Cluj SA vs Fotbal Club Petrolul Ploiești
[4109317] Could not find attributes for ze carlos (Gil Vicente Futebol Clube, 2023)
[4109317] Failed to build match row: Gil Vicente Futebol Clube vs Sport Lisboa e Benfica

Keepers & outfield error for **Real Sociedad de Fútbol S.A.D.** in Real Sociedad de Fútbol S.A.D. vs Association sportive de Monaco Football Club: Numbers: 2 and 9.
[4521309] Failed to build match row: San Jose Earthquakes vs Los Angeles Galaxy
[3651683] Failed to build match row: Real Sociedad de Fútbol S.A.D. vs Association sportive de Monaco Football Club
[4646735] Could not find attributes for godfried frimpong (Kasımpaşa A.Ş., 2025)
[4646735] Failed to build match row: Çaykur Rizespor Kulübü vs Kasımpaşa A.Ş.
[3597938] Failed to scrape lineup: https://www.transfermarkt.co.uk/ajax-amsterdam_heracles-almelo/index/spielbericht/3597938
[3450700] Could not find attributes for jari vlak (FC Emmen, 2020)
[3450700] Failed to build match row: FC Emmen vs Prins Hendrik Ende Desespereert Nimmer Combinatie Zwolle
[4396750] Could not find attributes for luis esteves (Clube Desportivo Nacional, 2024)
[4396750] Failed to build match row: Futebol Clube de Famalicão vs Clube Desportivo Nacional
[4367927] Could not find attributes for davy klaassen (AFC Ajax Amsterdam, 2024)
[4635306] Failed to scrape lineup: https://www.transfermarkt.co.uk/losc-lille_aj-auxerre/index/spielbericht/4635306
[4367927] Failed to build match row: Football Club Twente vs AFC Ajax Amsterdam

Keepers & outfield error for **SD Huesca** in SD Huesca vs Rayo Vallecano de Madrid S. A. D.: Numbers: 2 and 9.
[3602563] Could not find attributes for fabian balbuena (FK Dinamo Moskva, 2021)
[4240839] Failed to build match row: SD Huesca vs Rayo Vallecano de Madrid S. A. D.
[3602563] Failed to build match row: FK Dinamo Moskva vs FK Spartak Moskva
[3426944] Could not find attributes for yassine meriah (Çaykur Rizespor Kulübü, 2020)
[3512436] Failed to scrape lineup: https://www.transfermarkt.co.uk/spielbericht/index/spielbericht/3512436
[3426944] Failed to build match row: Çaykur Rizespor Kulübü vs Gençlerbirliği Spor Kulübü
[4542367] Could not find attributes for lars jansen (Quick Boys, 2024)
[4120712] Could not find attributes for denys boyko (FK Polissya Zhytomyr, 2023)
[3612974] Could not find attributes for ryan donk (Kasımpaşa A.Ş., 2021)
[3651684] Failed to scrape lineup: https://www.transfermarkt.co.uk/spielbericht/index/spielbericht/3651684
[4542367] Failed to build match row: Alkmaar Zaanstreek vs Quick Boys
[4120712] Failed to build match row: FK Polissya Zhytomyr vs LNZ Cherkasy
[3612974] Failed to build match row: Kasımpaşa A.Ş. vs Beşiktaş Jimnastik Kulübü
[4132642] Failed to scrape lineup: https://www.transfermarkt.co.uk/spielbericht/index/spielbericht/4132642
[4646736] Failed to scrape lineup: https://www.transfermarkt.co.uk/kayserispor_genclerbirligi-ankara/index/spielbericht/4646736

Keepers & outfield error for **Boavista FC** in Boavista FC vs Casa Pia Atlético Clube: Numbers: 2 and 9.
[4620745] Could not find attributes for jesper karlstrom (Udinese Calcio, 2025)
[4109318] Failed to build match row: Boavista FC vs Casa Pia Atlético Clube
[4620745] Failed to build match row: Udinese Calcio vs Cagliari Calcio
[4095148] Could not find attributes for vitinho (Burnley Football Club, 2023)
[4095148] Failed to build match row: Burnley Football Club vs Chelsea Football Club
[4810997] Could not find attributes for leo ortiz (Clube de Regatas do Flamengo, 2025)
[4810997] Failed to build match row: Clube de Regatas do Flamengo vs Cruzeiro Esporte Clube
[4367928] Failed to scrape lineup: https://www.transfermarkt.co.uk/sc-heerenveen_go-ahead-eagles/index/spielbericht/4367928
[3710354] Could not find attributes for brahima diarra (Harrogate Town, 2021)

Not enough players found for lineup: 11, 0.
[3710354] Failed to build match row: Luton Town vs Harrogate Town
[4396751] Failed to build match row: AVS Futebol SAD vs SC Farense
[4676388] Failed to scrape lineup: https://www.transfermarkt.co.uk/spielbericht/index/spielbericht/4676388
[4042709] Failed to scrape lineup: https://www.transfermarkt.co.uk/torpedo-moskau_fakel-voronezh/index/spielbericht/4042709
[3942777] Could not find attributes for dimitrios tairis (PS Kalamata, 2022)
[4738976] Could not find attributes for pele hagger (Bo'ness Athletic FC, 2025)
[3588816] Failed to scrape lineup: https://www.transfermarkt.co.uk/olympique-lyon_clermont-foot-63/index/spielbericht/3588816
[3838729] Failed to scrape lineup: https://www.transfermarkt.co.uk/manchester-united_southampton-fc/index/spielbericht/3838729
[4738976] Failed to build match row: Bo'ness Athletic FC vs Linlithgow Rose FC
[3942777] Failed to build match row: PS Kalamata vs Panetolikos Agrinio
[4624905] Failed to scrape lineup: https://www.transfermarkt.co.uk/radomiak-radom_lechia-gdansk/index/spielbericht/4624905
[4641680] Failed to scrape lineup: https://www.transfermarkt.co.uk/nec-nijmegen_fc-groningen/index/spielbericht/4641680
[4120713] Failed to scrape lineup: https://www.transfermarkt.co.uk/fc-minaj_metalist-1925-kharkiv/index/spielbericht/4120713
[3651685] Failed to scrape lineup: https://www.transfermarkt.co.uk/spielbericht/index/spielbericht/3651685
[3450701] Could not find attributes for sven mijnans (Sparta Rotterdam, 2020)
[4367929] Failed to scrape lineup: https://www.transfermarkt.co.uk/az-alkmaar_willem-ii-tilburg/index/spielbericht/4367929
[3450701] Failed to build match row: Sparta Rotterdam vs Eindhovense Voetbalvereniging Philips Sport Vereniging
[4647830] Could not find attributes for godfried frimpong (Kasımpaşa A.Ş., 2025)
[3426945] Could not find attributes for munir el kajoui (Hatayspor, 2020)
[3426945] Failed to build match row: Hatayspor vs Konyaspor
[4647830] Failed to build match row: Kasımpaşa A.Ş. vs Konyaspor
[3871639] Could not find attributes for guram kashia (Slovan Bratislava, 2022)
[4408265] Could not find attributes for stanislav agkatsev (FK Krasnodar, 2024)
[4620746] Could not find attributes for roberto gagliardini (Verona Hellas Football Club, 2025)
[3597940] Could not find attributes for vurnon anita (RKC Waalwijk, 2021)
[3871639] Failed to build match row: Ferencvárosi TC vs Slovan Bratislava
клуб "Локомотив" Москва, 2021)
[3852730] Could not find attributes for thijmen blokzijl (Football Club Groningen, 2022)
[3612975] Could not find attributes for halil dervisoglu (Galatasaray Spor Kulübü, 2021)
[4408265] Failed to build match row: FK Krasnodar vs Футбольный клуб "Локомотив" Москва
[4620746] Failed to build match row: Verona Hellas Football Club vs Unione Sportiva Sassuolo Calcio
[3597940] Failed to build match row: Prins Hendrik Ende Desespereert Nimmer Combinatie Zwolle vs RKC Waalwijk
[3852730] Failed to build match row: Football Club Groningen vs Sportclub Heerenveen
[3612975] Failed to build match row: Galatasaray Spor Kulübü vs Altay SK
[3602564] Failed to build match row: Футбольный клуб "Локомотив" Москва vs FC Khimki (-2025)
[3415467] Failed to scrape lineup: https://www.transfermarkt.co.uk/standard-liege_royal-antwerp-fc/index/spielbericht/3415467
[4521310] Failed to scrape lineup: https://www.transfermarkt.co.uk/seattle-sounders-fc_austin-fc/index/spielbericht/4521310
[4120714] Failed to scrape lineup: https://www.transfermarkt.co.uk/vorskla-poltava_nk-veres-rivne/index/spielbericht/4120714
[3838730] Failed to scrape lineup: https://www.transfermarkt.co.uk/leicester-city_chelsea-fc/index/spielbericht/3838730
[4098040] Failed to scrape lineup: https://www.transfermarkt.co.uk/sc-heerenveen_fc-volendam/index/spielbericht/4098040
[4649096] Failed to scrape lineup: https://www.transfermarkt.co.uk/fc-rapid-1923_fc-dinamo-1948/index/spielbericht/4649096
[4042710] Failed to scrape lineup: https://www.transfermarkt.co.uk/akhmat-grozny_ural-yekaterinburg/index/spielbericht/4042710
[4810998] Could not find attributes for robert renan (Club de Regatas Vasco da Gama, 2025)
[4810998] Failed to build match row: Club de Regatas Vasco da Gama vs Sociedade Esportiva Palmeiras

Keepers & outfield error for **Boavista FC** in Boavista FC vs Portimonense SC: Numbers: 2 and 9.
[3621390] Failed to build match row: Boavista FC vs Portimonense SC
[4240841] Failed to scrape lineup: https://www.transfermarkt.co.uk/spielbericht/index/spielbericht/4240841
[4396752] Could not find attributes for vasco sousa (Futebol Clube do Porto, 2024)
[4396752] Failed to build match row: Futebol Clube do Porto vs Futebol Clube de Arouca
[4627262] Could not find attributes for olivier mambwa (Berner Sport Club Young Boys, 2025)
[4627262] Failed to build match row: Berner Sport Club Young Boys vs FC Lugano
[3890111] Failed to scrape lineup: https://www.transfermarkt.co.uk/rangers-fc_motherwell-fc/index/spielbericht/3890111
[3871949] Failed to scrape lineup: https://www.transfermarkt.co.uk/spielbericht/index/spielbericht/3871949
[4649097] Failed to scrape lineup: https://www.transfermarkt.co.uk/fcsb_fc-metaloglobus-bucharest/index/spielbericht/4649097
[3838731] Failed to scrape lineup: https://www.transfermarkt.co.uk/wolverhampton-wanderers_tottenham-hotspur/index/spielbericht/3838731
[4109320] Failed to scrape lineup: https://www.transfermarkt.co.uk/cf-estrela-amadora_gd-estoril-praia/index/spielbericht/4109320
[4042711] Failed to scrape lineup: https://www.transfermarkt.co.uk/spartak-moscow_dynamo-moscow/index/spielbericht/4042711
Not enough players found for lineup: 0, 0.
[3942778] Failed to scrape lineup: https://www.transfermarkt.co.uk/spielbericht/index/spielbericht/3942778
[4240842] Failed to scrape lineup: https://www.transfermarkt.co.uk/spielbericht/index/spielbericht/4240842
Not enough players found for lineup: 0, 0.
[4676389] Failed to scrape lineup: https://www.transfermarkt.co.uk/spielbericht/index/spielbericht/4676389

Keepers & outfield error for **Unione Sportiva Cremonese S.p.A.** in Football Club Internazionale Milano S.p.A. vs Unione Sportiva Cremonese S.p.A.: Numbers: 0 and 11.
[3844769] Failed to build match row: Football Club Internazionale Milano S.p.A. vs Unione Sportiva Cremonese S.p.A.
[3651686] Could not find attributes for ruslan litvinov (FK Spartak Moskva, 2021)
[3651686] Failed to build match row: Società Sportiva Calcio Napoli vs FK Spartak Moskva
[3432979] Could not find attributes for kyrylo zlotar (FK Kryvbas Kryvyi Rig, 2020)
[3432979] Failed to build match row: FK Kryvbas Kryvyi Rig vs Cherkaskyi Dnipro
[4367930] Could not find attributes for davy klaassen (AFC Ajax Amsterdam, 2024)
[4367930] Failed to build match row: AFC Ajax Amsterdam vs Almere City FC
[4095149] Failed to scrape lineup: https://www.transfermarkt.co.uk/crystal-palace_nottingham-forest/index/spielbericht/4095149
[3602565] Could not find attributes for giorgiy shelia (RFK Akhmat Grozny, 2021)
[3602565] Failed to build match row: RFK Akhmat Grozny vs FC Rubin Kazan
[3450702] Could not find attributes for jari vlak (FC Emmen, 2020)
[3450702] Failed to build match row: FC Emmen vs Football Club Groningen
[3426946] Could not find attributes for gokdeniz bayrakdar (Antalyaspor, 2020)
[4647831] Could not find attributes for julian cuesta (Antalyaspor, 2025)
[3426946] Failed to build match row: Galatasaray Spor Kulübü vs Antalyaspor
[4676390] Failed to scrape lineup: https://www.transfermarkt.co.uk/spielbericht/index/spielbericht/4676390
[4647831] Failed to build match row: Antalyaspor vs Çaykur Rizespor Kulübü
Not enough players found for lineup: 11, 0.
[3942779] Failed to scrape lineup: https://www.transfermarkt.co.uk/spielbericht/index/spielbericht/3942779
[4542608] Could not find attributes for Harry Stone (Ayr United FC, 2024)
[4542608] Failed to build match row: Ayr United FC vs Hibernian Football Club
[4624907] Could not find attributes for mateusz klich (Klub Sportowy Cracovia Spółka Akcyjna, 2025)
[4172105] Could not find attributes for ante crnac (RKS Raków Częstochowa SA, 2023)

Keepers & outfield error for **Boavista FC** in Clube Desportivo Santa Clara vs Boavista FC: Numbers: 0 and 11.
[4624907] Failed to build match row: Zagłębie Lubin Spółka Akcyjna vs Klub Sportowy Cracovia Spółka Akcyjna
[4172105] Failed to build match row: Sportklub Puntigamer Sturm Graz vs RKS Raków Częstochowa SA
[4396753] Failed to build match row: Clube Desportivo Santa Clara vs Boavista FC
[4620747] Could not find attributes for lorenzo bernasconi (Atalanta Bergamasca Calcio S.p.a., 2025)
[4620747] Failed to build match row: Atalanta Bergamasca Calcio S.p.a. vs Società Sportiva Lazio S.p.A.
[3612976] Could not find attributes for yunus akgun (Adana Demirspor, 2021)
[4454406] Could not find attributes for mathias ornskov (Brabrand IF, 2024)
[4810999] Could not find attributes for alan franco (São Paulo Futebol Clube, 2025)
[3612976] Failed to build match row: Trabzonspor Kulübü vs Adana Demirspor
[4454406] Failed to build match row: Brabrand IF vs Randers Fodbold Club
[4738977] Failed to scrape lineup: https://www.transfermarkt.co.uk/spielbericht/index/spielbericht/4738977
[4810999] Failed to build match row: São Paulo Futebol Clube vs Associação Chapecoense de Futebol
[4361368] Could not find attributes for fabio carvalho (Brentford Football Club, 2024)
mouth/index/spielbericht/4095150
[4361368] Failed to build match row: Tottenham Hotspur Football Club vs Brentford Football Club
[3415469] Failed to scrape lineup: https://www.transfermarkt.co.uk/kvrs-waasland-sk-beveren_kas-eupen/index/spielbericht/3415469
[4098042] Failed to scrape lineup: https://www.transfermarkt.co.uk/almere-city-fc_vitesse-arnhem/index/spielbericht/4098042
[3602566] Could not find attributes for egor sorokin (FK Krasnodar, 2021)
[3602566] Failed to build match row: FK Spartak Moskva vs FK Krasnodar
[3426947] Failed to scrape lineup: https://www.transfermarkt.co.uk/fatih-karagumruk_trabzonspor/index/spielbericht/3426947
[4042712] Could not find attributes for vanja drkusic (FK Sochi, 2022)
[4042712] Failed to build match row: FK Sochi vs PFK Krylya Sovetov Samara
[4120716] Could not find attributes for mykyta shevchenko (FC Oleksandriya, 2023)
[4120716] Failed to build match row: FC Oleksandriya vs FC Zorya Lugansk

Keepers & outfield error for **Leicester City** in Southampton FC vs Leicester City: Numbers: 0 and 11.
[3838732] Failed to build match row: Southampton FC vs Leicester City
[3621391] Failed to scrape lineup: https://www.transfermarkt.co.uk/cs-maritimo_fc-arouca/index/spielbericht/3621391
[3597941] Could not find attributes for tijjani noslin (Fortuna Sittardia Combinatie, 2021)
[3597941] Failed to build match row: Fortuna Sittardia Combinatie vs Football Club Groningen
[4642426] Could not find attributes for pepijn reulen (Nooit Opgeven Altijd Doorzetten Aangenaam Door Vermaak En Nuttig Door Ontspanning Combinatie Breda, 2025)
[3462310] Could not find attributes for mario gotze (Eindhovense Voetbalvereniging Philips Sport Vereniging, 2020)
[4642426] Failed to build match row: Alkmaar Zaanstreek vs Nooit Opgeven Altijd Doorzetten Aangenaam Door Vermaak En Nuttig Door Ontspanning Combinatie Breda
[3462310] Failed to build match row: Panthessalonikios Athlitikos Omilos Konstantinoupoliton vs Eindhovense Voetbalvereniging Philips Sport Vereniging

Keepers & outfield error for **Alaves** in Alaves vs Real Betis Balompié S.A.D.: Numbers: 0 and 11.
[4647832] Could not find attributes for wagner pina (Trabzonspor Kulübü, 2025)
[4240843] Failed to build match row: Alaves vs Real Betis Balompié S.A.D.
[4647832] Failed to build match row: Trabzonspor Kulübü vs Kayserispor Kulübü
[3871950] Failed to scrape lineup: https://www.transfermarkt.co.uk/spielbericht/index/spielbericht/3871950

Keepers & outfield error for **Sport Club Corinthians Paulista** in Sport Club Corinthians Paulista vs Coritiba Foot Ball Club: Numbers: 0 and 11.
[4811000] Failed to build match row: Sport Club Corinthians Paulista vs Coritiba Foot Ball Club
[4627264] Could not find attributes for miroslav stevanovic (Servette Football Club 1890 SA, 2025)
[4545860] Could not find attributes for oluwaseun adewumi (Dundee Football Club, 2024)
[4627264] Failed to build match row: FC Zürich vs Servette Football Club 1890 SA
[4545860] Failed to build match row: Dundee Football Club vs Airdrieonians FC
[4408266] Could not find attributes for andrey lunev (FK Dinamo Moskva, 2024)
[4408266] Failed to build match row: FK Dinamo Moskva vs FC Khimki (-2025)
[4454407] Could not find attributes for robert kakeeto (Middelfart Boldklub, 2024)
[4454407] Failed to build match row: Middelfart Boldklub vs Viborg Fodsports Forening
[3844770] Failed to scrape lineup: https://www.transfermarkt.co.uk/juventus-fc_spezia-calcio/index/spielbericht/3844770

Keepers & outfield error for **Asociación Atlética Argentinos Juniors** in Asociación Atlética Argentinos Juniors vs Club Atlético Belgrano: Numbers: 0 and 11.

Keepers & outfield error for **FC Dallas** in FC Dallas vs Minnesota United FC: Numbers: 2 and 9.

Keepers & outfield error for **Club Football Estrela da Amadora** in Club Football Estrela da Amadora vs Moreirense Futebol Clube: Numbers: 2 and 9.
Not enough players found for lineup: 0, 0.
[4042714] Could not find attributes for matvey safonov (FK Krasnodar, 2022)
[4798289] Failed to build match row: Asociación Atlética Argentinos Juniors vs Club Atlético Belgrano
[4521313] Failed to build match row: FC Dallas vs Minnesota United FC
[4396754] Failed to build match row: Club Football Estrela da Amadora vs Moreirense Futebol Clube
[4676391] Failed to scrape lineup: https://www.transfermarkt.co.uk/spielbericht/index/spielbericht/4676391
[4042714] Failed to build match row: FK Krasnodar vs FK Nizhny Novgorod
[4647833] Failed to scrape lineup: https://www.transfermarkt.co.uk/samsunspor_fenerbahce/index/spielbericht/4647833
[4098043] Could not find attributes for robin propper (Football Club Twente, 2023)
[4095151] Could not find attributes for wes foderingham (Sheffield United, 2023)
[4109322] Could not find attributes for magrao (Rio Ave Futebol Clube, 2023)
[4098043] Failed to build match row: Sparta Rotterdam vs Football Club Twente
[4095151] Failed to build match row: Fulham Football Club vs Sheffield United
[4109322] Failed to build match row: Sporting Clube de Portugal vs Rio Ave Futebol Clube
[3602567] Could not find attributes for mateo barac (PFK Krylya Sovetov Samara, 2021)
[3602567] Failed to build match row: PFK Krylya Sovetov Samara vs AO FK Zenit Sankt-Peterburg
[4712089] Could not find attributes for artem tsygulev (FC Irkutsk, 2025)
[4635307] Could not find attributes for kail boudache (Olympique Gymnaste Club Nice Côte d'Azur, 2025)
[4712089] Failed to build match row: FC Irkutsk vs KDV Tomsk
[3462311] Could not find attributes for michael luftner (Omonia Nicosia, 2020)
[4425196] Could not find attributes for luis felipe gallegos (Auckland Football Club, 2024)
[4120717] Could not find attributes for taras mykhavko (Futbolniy Klub Dynamo Kyiv, 2023)
[4635307] Failed to build match row: Olympique Gymnaste Club Nice Côte d'Azur vs Football Club de Metz
[4172106] Could not find attributes for tommaso del lungo (Atalanta Bergamasca Calcio S.p.a., 2023)
[4120717] Failed to build match row: Futbolniy Klub Dynamo Kyiv vs Chornomorets Odesa
[4425196] Failed to build match row: Auckland Football Club vs Sydney Football Club
[3462311] Failed to build match row: Omonia Nicosia vs Granada CF
[3838733] Could not find attributes for serge aurier (Nottingham Forest Football Club, 2022)
[3621392] Failed to build match row: Sporting Clube de Portugal vs CS Marítimo
[4172106] Failed to build match row: RKS Raków Częstochowa SA vs Atalanta Bergamasca Calcio S.p.a.
[3838733] Failed to build match row: Nottingham Forest Football Club vs Everton Football Club
[4624908] Could not find attributes for milosz matysik (Termalica Bruk-Bet Nieciecza Klub Sportowy, 2025)
[4545861] Could not find attributes for jerome prior (Livingston Football Club, 2024)
[4454448] Failed to scrape lineup: https://www.transfermarkt.co.uk/spielbericht/index/spielbericht/4454448
[4624908] Failed to build match row: Termalica Bruk-Bet Nieciecza Klub Sportowy vs Legia Warszawa Spółka Akcyjna
[3852732] Could not find attributes for zakaria labyad (Football Club Utrecht, 2022)
[4545861] Failed to build match row: Livingston Football Club vs Cove Rangers FC
[3852732] Failed to build match row: Football Club Utrecht vs Go Ahead Eagles
[4811001] Could not find attributes for reinaldo (Mirasol Futebol Clube, 2025)
[4811001] Failed to build match row: Mirasol Futebol Clube vs Santos Futebol Clube
[4647834] Failed to scrape lineup: https://www.transfermarkt.co.uk/fatih-karagumruk_gaziantep-fk/index/spielbericht/4647834
[4098044] Failed to scrape lineup: https://www.transfermarkt.co.uk/heracles-almelo_feyenoord-rotterdam/index/spielbericht/4098044

Keepers & outfield error for **Grupo Desportivo Estoril Praia** in Grupo Desportivo Estoril Praia vs Sporting Clube de Portugal: Numbers: 0 and 11.
[4396755] Failed to build match row: Grupo Desportivo Estoril Praia vs Sporting Clube de Portugal
[3450703] Could not find attributes for wesley spieringhs (Willem II Tilburg, 2020)
[3450703] Failed to build match row: Willem II Tilburg vs Alkmaar Zaanstreek
[4798290] Could not find attributes for martin garnerone (Asociación Atlética Estudiantes, 2025)
[3415471] Could not find attributes for vaclav jemelka (Oud-Heverlee Leuven, 2020)
a Estudiantes
Not enough players found for lineup: 0, 0.
[3415471] Failed to build match row: Club Brugge Koninklijke Voetbalvereniging vs Oud-Heverlee Leuven
[4676392] Failed to scrape lineup: https://www.transfermarkt.co.uk/spielbericht/index/spielbericht/4676392
[4620749] Could not find attributes for alvaro morata (Calcio Como, 2025)
[4627265] Could not find attributes for renato steffen (FC Lugano, 2025)

Keepers & outfield error for **Futebol Clube do Porto** in Futebol Clube do Porto vs Gil Vicente Futebol Clube: Numbers: 0 and 11.
[4627265] Failed to build match row: FC St. Gallen 1879 vs FC Lugano
[4620749] Failed to build match row: Calcio Como vs Juventus Football Club
[4109323] Failed to build match row: Futebol Clube do Porto vs Gil Vicente Futebol Clube
[4738978] Could not find attributes for sean burns (Camelon Juniors FC, 2025)
[4738978] Failed to build match row: Camelon Juniors FC vs Johnstone Burgh FC
[4042715] Could not find attributes for ilya lantratov (Футбольный клуб "Локомотив" Москва, 2022)
[4042715] Failed to build match row: Футбольный клуб "Локомотив" Москва vs AO FK Zenit Sankt-Peterburg

Keepers & outfield error for **FC Paços de Ferreira** in FC Paços de Ferreira vs B SAD: Numbers: 2 and 9.
[3621393] Failed to build match row: FC Paços de Ferreira vs B SAD
[3462312] Could not find attributes for darko velkovski (Hrvatski Nogometni Klub Rijeka, 2020)
[4635308] Could not find attributes for samir chergui (Paris Football Club, 2025)
[3462312] Failed to build match row: Hrvatski Nogometni Klub Rijeka vs Società Sportiva Calcio Napoli
[4635308] Failed to build match row: Paris Football Club vs Paris Saint-Germain Football Club
[4642428] Could not find attributes for bilal ould chikh (Football Club Volendam, 2025)
[4642428] Failed to build match row: Football Club Volendam vs Sportclub Telstar
[3512439] Could not find attributes for aitor bunuel (UD Almería, 2020)
[4172107] Could not find attributes for ante crnac (RKS Raków Częstochowa SA, 2023)
[3512439] Failed to build match row: UD Almería vs Sevilla Fútbol Club S.A.D.
[4172107] Failed to build match row: RKS Raków Częstochowa SA vs Sporting Clube de Portugal
[4120718] Could not find attributes for kiril fesyun (FK Kolos Kovalivka, 2023)
[4120718] Failed to build match row: FK Kolos Kovalivka vs FC Rukh Lviv
[4624909] Could not find attributes for mateusz klich (Klub Sportowy Cracovia Spółka Akcyjna, 2025)
[4521315] Could not find attributes for tate johnson (Vancouver Whitecaps FC, 2024)
[4624909] Failed to build match row: Klub Sportowy Cracovia Spółka Akcyjna vs Radomiak S.A.
[4521315] Failed to build match row: Los Angeles Galaxy vs Vancouver Whitecaps FC
[3612980] Could not find attributes for mergim berisha (Fenerbahçe Spor Kulübü, 2021)
[3612980] Failed to build match row: Fenerbahçe Spor Kulübü vs Çaykur Rizespor Kulübü
[4241256] Failed to scrape lineup: https://www.transfermarkt.co.uk/spielbericht/index/spielbericht/4241256
[3651688] Failed to scrape lineup: https://www.transfermarkt.co.uk/spielbericht/index/spielbericht/3651688
[4109324] Could not find attributes for ponck (Moreirense Futebol Clube, 2023)
[4109324] Failed to build match row: Moreirense Futebol Clube vs SC Farense
[4454776] Could not find attributes for philip gejl (Naesby Boldklub, 2024)
[3890114] Could not find attributes for sead haksabanovic (The Celtic Football Club, 2022)
[4454776] Failed to build match row: Naesby Boldklub vs Boldklubben af 1893
[4811002] Could not find attributes for victor hugo (Clube Atlético Mineiro, 2025)
[3890114] Failed to build match row: The Celtic Football Club vs Dundee United Football Club
[3942780] Failed to scrape lineup: https://www.transfermarkt.co.uk/spielbericht/index/spielbericht/3942780
[3871951] Failed to scrape lineup: https://www.transfermarkt.co.uk/spielbericht/index/spielbericht/3871951
[4811002] Failed to build match row: Clube Atlético Mineiro vs Sport Club Internacional
[4545862] Could not find attributes for daniels balodis (St. Johnstone FC, 2024)
[4676393] Failed to scrape lineup: https://www.transfermarkt.co.uk/spielbericht/index/spielbericht/4676393
[4545862] Failed to build match row: St. Johnstone FC vs Hamilton Academical FC
[4132643] Could not find attributes for javi duro (Inter Club d'Escaldes, 2023)
[4132643] Failed to build match row: Inter Club d'Escaldes vs Hibernian Football Club

Keepers & outfield error for **Club Sportivo Independiente Rivadavia** in Club Sportivo Independiente Rivadavia vs Club Atlético Sarmiento: Numbers: 0 and 11.
[4798291] Failed to build match row: Club Sportivo Independiente Rivadavia vs Club Atlético Sarmiento
[4425197] Could not find attributes for oliver lavale (Western United FC, 2024)
[4425197] Failed to build match row: Western United FC vs Western Sydney Wanderers
[3462313] Could not find attributes for robin yalcin (Sivasspor, 2020)
[4363480] Could not find attributes for patrik vydra (AC Sparta Praha, a. s., 2024)
[3462313] Failed to build match row: Sivasspor vs Qarabağ FK
[4363480] Failed to build match row: AC Sparta Praha, a. s. vs SK Dynamo Ceske Budejovice
[4635309] Could not find attributes for mathys silistrie (Rennes, 2025)
[4635309] Failed to build match row: Olympique de Marseille vs Rennes
[4373496] Could not find attributes for alexis claude maurice (Fußball-Club Augsburg 1907, 2024)
[3426948] Failed to scrape lineup: https://www.transfermarkt.co.uk/alanyaspor_basaksehir-fk/index/spielbericht/3426948
[4373496] Failed to build match row: Fußball-Club Augsburg 1907 vs VfL Bochum
[4242329] Could not find attributes for igor akinfeev (PFK CSKA Moskva, 2023)
[4242329] Failed to build match row: PFK CSKA Moskva vs FC Orenburg
[4120719] Could not find attributes for andriy klishchuk (FK Kryvbas Kryvyi Rig, 2023)
[4120719] Failed to build match row: FC Shakhtar Donetsk vs FK Kryvbas Kryvyi Rig
[3621394] Could not find attributes for mansur (Clube Desportivo Santa Clara, 2021)
[3621394] Failed to build match row: Clube Desportivo Santa Clara vs Sporting Clube de Braga

Keepers & outfield error for **Futebol Clube de Famalicão** in Futebol Clube de Famalicão vs Futebol Clube de Arouca: Numbers: 0 and 11.
[4109325] Failed to build match row: Futebol Clube de Famalicão vs Futebol Clube de Arouca
[4712090] Could not find attributes for arseniy abzalilov (FC Astrakhan, 2025)
[4712090] Failed to build match row: FC Astrakhan vs Legion-Dinamo Makhachkala
[3871952] Could not find attributes for jules diouf (F91 Dudelange, 2022)
[3871952] Failed to build match row: F91 Dudelange vs FC Pyunik Yerevan
[4042716] Could not find attributes for nikolay sysuev (FC Orenburg, 2022)
[4042716] Failed to build match row: FC Orenburg vs FK Rostov

Keepers & outfield error for **Olympique de Marseille** in Olympique Gymnaste Club Nice Côte d'Azur vs Olympique de Marseille: Numbers: 2 and 9.
[3588820] Failed to build match row: Olympique Gymnaste Club Nice Côte d'Azur vs Olympique de Marseille
[4738979] Could not find attributes for rorie macleod (Clachnacuddin FC, 2025)
[4455995] Could not find attributes for oleksiy palamarchuk (Ingulets Petrove, 2024)
[4798292] Could not find attributes for leonel di placido (Club Atlético Tucumán, 2025)
[4455995] Failed to build match row: Ingulets Petrove vs Chornomorets Odesa
[4132644] Could not find attributes for vsevolod ermakov (FC Ararat-Armenia, 2023)
[4798292] Failed to build match row: Club Atlético Tucumán vs Club Atlético Huracán
[4738979] Failed to build match row: Clachnacuddin FC vs Sauchie Juniors FC
[4132644] Failed to build match row: FC Ararat-Armenia vs Aris Thessalonikis

Keepers & outfield error for **Unione Sportiva Cremonese S.p.A.** in Unione Sportiva Cremonese S.p.A. vs Udinese Calcio: Numbers: 0 and 11.
[4620750] Failed to build match row: Unione Sportiva Cremonese S.p.A. vs Udinese Calcio
[4361372] Could not find attributes for fabio carvalho (Brentford Football Club, 2024)
Not enough players found for lineup: 0, 11.
[4361372] Failed to build match row: Brentford Football Club vs West Ham United Football Club
[4811003] Could not find attributes for viery (Grêmio Foot-Ball Porto Alegrense, 2025)
[4676620] Failed to scrape lineup: https://www.transfermarkt.co.uk/spielbericht/index/spielbericht/4676620
[4811003] Failed to build match row: Grêmio Foot-Ball Porto Alegrense vs Red Bull Bragantino
[3844771] Could not find attributes for giuseppe pezzella (Unione Sportiva Lecce, 2022)
[3844771] Failed to build match row: Società Sportiva Calcio Napoli vs Unione Sportiva Lecce

Keepers & outfield error for **Portimonense SC** in Portimonense SC vs Sport Lisboa e Benfica: Numbers: 0 and 11.
[4050040] Could not find attributes for giorgi gocholeishvili (FC Shakhtar Donetsk, 2022)
[4050040] Failed to build match row: FC Shakhtar Donetsk vs PFK Lviv
[4109326] Failed to build match row: Portimonense SC vs Sport Lisboa e Benfica
[4363481] Could not find attributes for jakub martinec (FK Jablonec a.s., 2024)

Keepers & outfield error for **Central Coast Mariners Football Club** in Central Coast Mariners Football Club vs Adelaide United Football Club: Numbers: 0 and 11.
[4425198] Failed to build match row: Central Coast Mariners Football Club vs Adelaide United Football Club
[4363481] Failed to build match row: FK Jablonec a.s. vs MFK Karvina
[3612982] Could not find attributes for munir el kajoui (Hatayspor, 2021)
[3602568] Could not find attributes for mark mampassi (Футбольный клуб "Локомотив" Москва, 2021)
[3426949] Could not find attributes for armin hodzic (Kasımpaşa A.Ş., 2020)
[3612982] Failed to build match row: Hatayspor vs İstanbul Başakşehir Futbol Kulübü
[3602568] Failed to build match row: Футбольный клуб "Локомотив" Москва vs PFK CSKA Moskva
[3426949] Failed to build match row: Kasımpaşa A.Ş. vs Fenerbahçe Spor Kulübü
[3871953] Could not find attributes for guram kashia (Slovan Bratislava, 2022)
[3415473] Could not find attributes for stipe radic (Beerschot VA, 2020)
[3871953] Failed to build match row: Slovan Bratislava vs Ferencvárosi TC
[4649098] Could not find attributes for teodor lungu (Asociația Fotbal Club Unirea 04 Slobozia, 2025)
[3415473] Failed to build match row: Koninklijke Racing Club Genk vs Beerschot VA

Keepers & outfield error for **Футбольный клуб "Локомотив" Москва** in Società Sportiva Lazio S.p.A. vs Футбольный клуб "Локомотив" Москва: Numbers: 0 and 11.
[4521317] Could not find attributes for sam rogers (Chicago Fire Soccer Club, 2024)
[4649098] Failed to build match row: Asociația Fotbal Club Unirea 04 Slobozia vs U Craiova 1948 Club Sportiv SA
[4642430] Could not find attributes for deveron fonville (Nijmegen Eendracht Combinatie, 2025)
[3942781] Could not find attributes for nikolaos papadopoulos (A.G.S Asteras Tripolis, 2022)
[4242330] Could not find attributes for denis adamov (AO FK Zenit Sankt-Peterburg, 2023)
[3651689] Failed to build match row: Società Sportiva Lazio S.p.A. vs Футбольный клуб "Локомотив" Москва
[4642430] Failed to build match row: Nijmegen Eendracht Combinatie vs Go Ahead Eagles
[3942781] Failed to build match row: A.G.S Asteras Tripolis vs APS Atromitos Athinon
[4242330] Failed to build match row: AO FK Zenit Sankt-Peterburg vs FK Spartak Moskva
[4521317] Failed to build match row: Football Club Cincinnati vs Chicago Fire Soccer Club
[4712091] Could not find attributes for pavel panev (PSK Dinskaya, 2025)
[4712091] Failed to build match row: PSK Dinskaya vs Dinamo Stavropol
[4120720] Could not find attributes for yaroslav protsenko (TOV FK Metalist 1925 Kharkiv, 2023)
[4120720] Failed to build match row: TOV FK Metalist 1925 Kharkiv vs LNZ Cherkasy
[4050041] Could not find attributes for yuriy pankiv (FC Rukh Lviv, 2022)
[4050041] Failed to build match row: FC Rukh Lviv vs Futbolniy Klub Dynamo Kyiv
[4455996] Could not find attributes for nazariy fedorivskyi (FK Obolon Kyiv, 2024)
[4455996] Failed to build match row: FK Obolon Kyiv vs FC Oleksandriya
[4367934] Could not find attributes for faissal al mazyani (RKC Waalwijk, 2024)
[4425199] Could not find attributes for kazuki nagasawa (Wellington Phoenix Football Club, 2024)
[4425199] Failed to build match row: Wellington Phoenix Football Club vs Macarthur South West Sydney (A-League)
[4367934] Failed to build match row: Fortuna Sittardia Combinatie vs RKC Waalwijk
[4109327] Could not find attributes for leonardo lelo (Casa Pia Atlético Clube, 2023)
[4109327] Failed to build match row: Casa Pia Atlético Clube vs Vitória Sport Clube
[4363482] Could not find attributes for matous trmal (FK Teplice, a.s., 2024)
[4363482] Failed to build match row: FK Teplice, a.s. vs FK Pardubice

Keepers & outfield error for **Associazione Sportiva Roma** in Associazione Sportiva Roma vs AC Monza: Numbers: 0 and 11.
[3844772] Failed to build match row: Associazione Sportiva Roma vs AC Monza
[3512637] Could not find attributes for lee ashcroft (Dundee Football Club, 2020)
[3512637] Failed to build match row: Dundee Football Club vs St. Johnstone FC
[4811004] Could not find attributes for alexander barboza (S. A. F. Botafogo, 2025)
[4811004] Failed to build match row: Clube Atlético Paranaense vs S. A. F. Botafogo
[3462314] Could not find attributes for anton nedyalkov (Ludogorets Razgrad, 2020)
[4545863] Could not find attributes for lewis stevenson (Raith Rovers FC, 2024)
[3852736] Failed to scrape lineup: https://www.transfermarkt.co.uk/az-alkmaar_sc-heerenveen/index/spielbericht/3852736
[3462314] Failed to build match row: Ludogorets Razgrad vs Tottenham Hotspur Football Club
[4545863] Failed to build match row: The Celtic Football Club vs Raith Rovers FC
[3602569] Could not find attributes for silvije begic (FC Rubin Kazan, 2021)
[4712526] Failed to scrape lineup: https://www.transfermarkt.co.uk/wisla-plock_pogon-szczecin/index/spielbericht/4712526
[3602569] Failed to build match row: FC Rubin Kazan vs FK Rostov
Not enough players found for lineup: 0, 11.
[4676621] Failed to scrape lineup: https://www.transfermarkt.co.uk/spielbericht/index/spielbericht/4676621
[4624911] Could not find attributes for jacek czaplinski (Morski Klub Sportowy Pogoń Szczecin, 2025)
[4373498] Could not find attributes for rani khedira (1. Fußballclub Union Berlin, 2024)
[4624911] Failed to build match row: Jagiellonia-Bialystok Sportowa Spólka Akcyjna vs Morski Klub Sportowy Pogoń Szczecin
[4373498] Failed to build match row: 1. Fußballclub Union Berlin vs Bayer 04 Leverkusen Fußball
[4738980] Could not find attributes for owen stott (Clydebank FC, 2025)
[4521318] Could not find attributes for boris enow (D.C. United, 2024)
[4738980] Failed to build match row: Clydebank FC vs East Stirlingshire FC

Keepers & outfield error for **Olympique de Marseille** in Olympique de Marseille vs Galatasaray Spor Kulübü: Numbers: 2 and 9.
[4521318] Failed to build match row: D.C. United vs Atlanta United Football Club
[3651690] Failed to build match row: Olympique de Marseille vs Galatasaray Spor Kulübü
[3621396] Could not find attributes for paulinho (Moreirense Futebol Clube, 2021)
[3621396] Failed to build match row: Moreirense Futebol Clube vs Futebol Clube de Arouca

Keepers & outfield error for **İstanbul Başakşehir Futbol Kulübü** in İstanbul Başakşehir Futbol Kulübü vs Erzurumspor FK: Numbers: 2 and 9.
[3597946] Could not find attributes for nick bakker (Sportclub Heerenveen, 2021)
[3426950] Failed to build match row: İstanbul Başakşehir Futbol Kulübü vs Erzurumspor FK
[3597946] Failed to build match row: Sportclub Heerenveen vs Eindhovense Voetbalvereniging Philips Sport Vereniging
[4242331] Could not find attributes for giorgiy shelia (RFK Akhmat Grozny, 2023)
[4242331] Failed to build match row: RFK Akhmat Grozny vs Ural Yekaterinburg
[4367935] Could not find attributes for marvin young (Sparta Rotterdam, 2024)
[4367935] Failed to build match row: Nijmegen Eendracht Combinatie vs Sparta Rotterdam
[4172110] Could not find attributes for maksym taloverov (Linzer Athletik-Sport-Klub, 2023)

Keepers & outfield error for **Racing Club de Lens** in Olympique Lyonnais vs Racing Club de Lens: Numbers: 0 and 11.
[4172110] Failed to build match row: Liverpool Football Club vs Linzer Athletik-Sport-Klub
[4363483] Failed to scrape lineup: https://www.transfermarkt.co.uk/fk-mlada-boleslav_fc-viktoria-plzen/index/spielbericht/4363483
[4635311] Failed to build match row: Olympique Lyonnais vs Racing Club de Lens
[3450704] Could not find attributes for jurrien timber (AFC Ajax Amsterdam, 2020)
[3450704] Failed to build match row: AFC Ajax Amsterdam vs Feyenoord Rotterdam
[4811005] Failed to scrape lineup: https://www.transfermarkt.co.uk/esporte-clube-bahia_esporte-clube-vitoria/index/spielbericht/4811005
[4521319] Failed to scrape lineup: https://www.transfermarkt.co.uk/cf-montreal_inter-miami-cf/index/spielbericht/4521319
[4132661] Could not find attributes for mattias lamhauge (B36 Tórshavn, 2023)
[4132661] Failed to build match row: B36 Tórshavn vs Haverfordwest County
[4361374] Could not find attributes for abdoulaye doucoure (Everton Football Club, 2024)
Not enough players found for lineup: 0, 0.
[4361374] Failed to build match row: Everton Football Club vs Crystal Palace Football Club
[3942782] Failed to scrape lineup: https://www.transfermarkt.co.uk/spielbericht/index/spielbericht/3942782
[4627269] Could not find attributes for flavius daniliuc (FC Basel 1893 AG, 2025)
[4624912] Failed to scrape lineup: https://www.transfermarkt.co.uk/lech-poznan_arka-gdynia/index/spielbericht/4624912
[3651691] Failed to scrape lineup: https://www.transfermarkt.co.uk/spielbericht/index/spielbericht/3651691
[4050042] Could not find attributes for oleksandr saputin (FC Zorya Lugansk, 2022)
[4627269] Failed to build match row: FC Basel 1893 AG vs FC Luzern
[4109328] Could not find attributes for mansur (Club Football Estrela da Amadora, 2023)
[4109328] Failed to build match row: GD Chaves vs Club Football Estrela da Amadora
Not enough players found for lineup: 0, 11.
[4545864] Could not find attributes for ewan otoo (Dunfermline Athletic FC, 2024)
[3602570] Could not find attributes for anton kochenkov (Arsenal Tula, 2021)
[4456939] Failed to scrape lineup: https://www.transfermarkt.co.uk/spielbericht/index/spielbericht/4456939
[3602570] Failed to build match row: Arsenal Tula vs FK Dinamo Moskva
[4545864] Failed to build match row: Aberdeen Football Club vs Dunfermline Athletic FC
[3621397] Could not find attributes for ziga frelih (Gil Vicente Futebol Clube, 2021)
[3621397] Failed to build match row: Gil Vicente Futebol Clube vs Futebol Clube do Porto
[3710359] Could not find attributes for james connolly (Bristol Rovers, 2021)
[3710359] Failed to build match row: Peterborough United vs Bristol Rovers
[3872413] Could not find attributes for nevres fejzic (FK Tuzla City, 2022)
[4642431] Could not find attributes for gernot trauner (Feyenoord Rotterdam, 2025)
[3872413] Failed to build match row: Alkmaar Zaanstreek vs FK Tuzla City
Not enough players found for lineup: 0, 11.
[4642431] Failed to build match row: Prins Hendrik Ende Desespereert Nimmer Combinatie Zwolle vs Feyenoord Rotterdam
[4242332] Could not find attributes for matvey safonov (FK Krasnodar, 2023)

Keepers & outfield error for **Sporting Clube de Braga** in Sporting Clube de Braga vs Rio Ave Futebol Clube: Numbers: 0 and 11.
[4676622] Failed to scrape lineup: https://www.transfermarkt.co.uk/spielbericht/index/spielbericht/4676622
[4242332] Failed to build match row: FK Krasnodar vs FC Rubin Kazan
[4396756] Failed to build match row: Sporting Clube de Braga vs Rio Ave Futebol Clube
[3942783] Failed to scrape lineup: https://www.transfermarkt.co.uk/spielbericht/index/spielbericht/3942783
[4363484] Could not find attributes for dominik pech (SK Slavia Praha, a.s., 2024)
[4363484] Failed to build match row: SK Slavia Praha, a.s. vs Bohemians Praha 1905, a.s.
[3415474] Failed to scrape lineup: https://www.transfermarkt.co.uk/kv-mechelen_kaa-gent/index/spielbericht/3415474

Keepers & outfield error for **Fotbal Club Metaloglobus București SA** in Fotbal Club Metaloglobus București SA vs Asociația Sportivă Fotbal Club Universitatea Cluj: Numbers: 2 and 9.
[4637882] Failed to build match row: Fotbal Club Metaloglobus București SA vs Asociația Sportivă Fotbal Club Universitatea Cluj
[3852738] Failed to scrape lineup: https://www.transfermarkt.co.uk/fc-utrecht_fc-volendam/index/spielbericht/3852738
[4425201] Could not find attributes for lucas herrington (Brisbane Roar FC, 2024)
[4425201] Failed to build match row: Western Sydney Wanderers vs Brisbane Roar FC
[4649100] Could not find attributes for tarek aggoun (Fotbal Club Metaloglobus București SA, 2025)
[4649100] Failed to build match row: Fotbal Club Metaloglobus București SA vs Asociația Fotbal Club Unirea 04 Slobozia
[4109329] Failed to scrape lineup: https://www.transfermarkt.co.uk/gd-estoril-praia_fc-vizela/index/spielbericht/4109329
[3872421] Failed to scrape lineup: https://www.transfermarkt.co.uk/spielbericht/index/spielbericht/3872421
[4242333] Failed to scrape lineup: https://www.transfermarkt.co.uk/fc-pari-nizhniy-novgorod_fakel-voronezh/index/spielbericht/4242333
[3890117] Failed to scrape lineup: https://www.transfermarkt.co.uk/ross-county-fc_st-mirren-fc/index/spielbericht/3890117
[4545865] Could not find attributes for will tizzard (Queen's Park FC, 2024)
[4545865] Failed to build match row: Rangers Football Club vs Queen's Park FC
[4363485] Could not find attributes for tomas koubek (FC Slovan Liberec, 2024)
[4363485] Failed to build match row: FC Slovan Liberec vs FK Dukla Praha a.s.
[4712527] Failed to scrape lineup: https://www.transfermarkt.co.uk/bruk-bet-termalica-nieciecza_gks-katowice/index/spielbericht/4712527
[4642432] Could not find attributes for ruud nijstad (Football Club Twente, 2025)
[4642432] Failed to build match row: Eindhovense Voetbalvereniging Philips Sport Vereniging vs Football Club Twente
[4109330] Failed to scrape lineup: https://www.transfermarkt.co.uk/gil-vicente-fc_casa-pia-ac/index/spielbericht/4109330

Keepers & outfield error for **Saint Mirren Football Club** in Hamilton Academical FC vs Saint Mirren Football Club: Numbers: 2 and 9.
[3512638] Failed to build match row: Hamilton Academical FC vs Saint Mirren Football Club
[3450705] Could not find attributes for christos donis (VVV-Venlo, 2020)
[4627271] Could not find attributes for miroslav stevanovic (Servette Football Club 1890 SA, 2025)
[3450705] Failed to build match row: Feyenoord Rotterdam vs VVV-Venlo
[4456940] Failed to scrape lineup: https://www.transfermarkt.co.uk/spielbericht/index/spielbericht/4456940

Keepers & outfield error for **Gliwicki Klub Sportowy Piast Spółka Akcyjna** in Gliwicki Klub Sportowy Piast Spółka Akcyjna vs GKS GieKSa Katowice Spółka Akcyjna: Numbers: 0 and 11.
[4627271] Failed to build match row: Servette Football Club 1890 SA vs Fussballclub Winterthur
[4408267] Could not find attributes for mikhail oparin (RFK Akhmat Grozny, 2024)
[4624913] Failed to build match row: Gliwicki Klub Sportowy Piast Spółka Akcyjna vs GKS GieKSa Katowice Spółka Akcyjna
[4408267] Failed to build match row: RFK Akhmat Grozny vs FC Orenburg

Keepers & outfield error for **Sporting Clube de Braga** in Sporting Clube de Braga vs Fodbold Club Midtjylland: Numbers: 2 and 9.
[3651692] Failed to build match row: Sporting Clube de Braga vs Fodbold Club Midtjylland
[4361376] Failed to scrape lineup: https://www.transfermarkt.co.uk/manchester-united_tottenham-hotspur/index/spielbericht/4361376
[4095155] Failed to scrape lineup: https://www.transfermarkt.co.uk/wolverhampton-wanderers_aston-villa/index/spielbericht/4095155
[4376621] Could not find attributes for lawrence shankland (Heart of Midlothian Football Club, 2024)
[4376621] Failed to build match row: Heart of Midlothian Football Club vs Aberdeen Football Club
spielbericht/3433190
[3602571] Could not find attributes for aleksandr belenov (FK Ufa, 2021)
[3602571] Failed to build match row: FK Ufa vs FK Nizhny Novgorod
[4098045] Could not find attributes for arjany martha (AFC Ajax Amsterdam, 2023)
[4098045] Failed to build match row: AFC Ajax Amsterdam vs Prins Hendrik Ende Desespereert Nimmer Combinatie Zwolle
[3852739] Could not find attributes for oguzhan ozyakup (Fortuna Sittardia Combinatie, 2022)
[3872552] Could not find attributes for darijan zarkov (Gzira United FC, 2022)
[3852739] Failed to build match row: Fortuna Sittardia Combinatie vs Football Club Groningen
[3872552] Failed to build match row: Gzira United FC vs Fudbalski Klub Radnički Niš
[4798295] Failed to scrape lineup: https://www.transfermarkt.co.uk/gimnasia-y-esgrima-de-mendoza_instituto-acc/index/spielbericht/4798295

Keepers & outfield error for **Leeds United Association Football Club** in West Ham United Football Club vs Leeds United Association Football Club: Numbers: 2 and 9.
[4521320] Failed to scrape lineup: https://www.transfermarkt.co.uk/austin-fc_los-angeles-fc/index/spielbericht/4521320
[3612984] Failed to scrape lineup: https://www.transfermarkt.co.uk/fatih-karagumruk_konyaspor/index/spielbericht/3612984
[3710360] Failed to build match row: West Ham United Football Club vs Leeds United Association Football Club
[4132662] Failed to scrape lineup: https://www.transfermarkt.co.uk/spielbericht/index/spielbericht/4132662
[3838738] Failed to scrape lineup: https://www.transfermarkt.co.uk/brentford-fc_fulham-fc/index/spielbericht/3838738
[4050043] Could not find attributes for daniil yermolov (Metalist Kharkiv, 2022)
[4050043] Failed to build match row: Metalist Kharkiv vs NK Veres Rivne
[4456941] Failed to scrape lineup: https://www.transfermarkt.co.uk/spielbericht/index/spielbericht/4456941
[3415475] Could not find attributes for xadas (Royal Excel Mouscron (-2022), 2020)
[3415475] Failed to build match row: Royal Excel Mouscron (-2022) vs Cercle Brugge Koninklijke Sportvereniging
[3450706] Failed to scrape lineup: https://www.transfermarkt.co.uk/pec-zwolle_ajax-amsterdam/index/spielbericht/3450706
[4361377] Failed to scrape lineup: https://www.transfermarkt.co.uk/newcastle-united_manchester-city/index/spielbericht/4361377
[4095156] Failed to scrape lineup: https://www.transfermarkt.co.uk/afc-bournemouth_wolverhampton-wanderers/index/spielbericht/4095156
[3462316] Failed to scrape lineup: https://www.transfermarkt.co.uk/spielbericht/index/spielbericht/3462316
[4649102] Failed to scrape lineup: https://www.transfermarkt.co.uk/sc-otelul-galati_acsc-fc-arges/index/spielbericht/4649102

[4363486] Could not find attributes for colin andrew (SK Dynamo Ceske Budejovice, 2024)
[4363486] Failed to build match row: SK Dynamo Ceske Budejovice vs FC Baník Ostrava a.s.
[4647835] Failed to scrape lineup: https://www.transfermarkt.co.uk/goztepe_basaksehir-fk/index/spielbericht/4647835
[4676623] Could not find attributes for simon prebensen (Taarnby FF, 2025)
[4676623] Failed to build match row: Taarnby FF vs FA 2000
[4242334] Could not find attributes for igor leshchuk (FK Dinamo Moskva, 2023)
[4242334] Failed to build match row: FK Dinamo Moskva vs Футбольный клуб "Локомотив" Москва
[3710361] Failed to scrape lineup: https://www.transfermarkt.co.uk/spielbericht/index/spielbericht/3710361
[3890119] Failed to scrape lineup: https://www.transfermarkt.co.uk/dundee-united-fc_kilmarnock-fc/index/spielbericht/3890119
[3872554] Failed to scrape lineup: https://www.transfermarkt.co.uk/spielbericht/index/spielbericht/3872554
[3942784] Failed to scrape lineup: https://www.transfermarkt.co.uk/spielbericht/index/spielbericht/3942784
[3621399] Failed to scrape lineup: https://www.transfermarkt.co.uk/boavista-fc_estoril-praia/index/spielbericht/3621399
[4172111] Failed to scrape lineup: https://www.transfermarkt.co.uk/spielbericht/index/spielbericht/4172111
[3602572] Could not find attributes for ilya pomazun (Ural Yekaterinburg, 2021)
[3602572] Failed to build match row: Ural Yekaterinburg vs RFK Akhmat Grozny
[4095157] Failed to scrape lineup: https://www.transfermarkt.co.uk/aston-villa_west-ham-united/index/spielbericht/4095157
[4647836] Could not find attributes for rafa silva (Beşiktaş Jimnastik Kulübü, 2025)
[4647836] Failed to build match row: Galatasaray Spor Kulübü vs Beşiktaş Jimnastik Kulübü
[4050044] Could not find attributes for yevgen past (Chornomorets Odesa, 2022)
[4050044] Failed to build match row: Chornomorets Odesa vs Vorskla Poltava
[4367937] Failed to scrape lineup: https://www.transfermarkt.co.uk/pec-zwolle_willem-ii-tilburg/index/spielbericht/4367937
[4627273] Failed to scrape lineup: https://www.transfermarkt.co.uk/bsc-young-boys_fc-thun/index/spielbericht/4627273
[3621400] Failed to scrape lineup: https://www.transfermarkt.co.uk/portimonense-sc_fc-vizela/index/spielbericht/3621400
Not enough players found for lineup: 0, 11.
[4676624] Failed to scrape lineup: https://www.transfermarkt.co.uk/spielbericht/index/spielbericht/4676624
[4642433] Could not find attributes for ringo meerveld (Sportclub Heerenveen, 2025)
[4642433] Failed to build match row: Sportclub Heerenveen vs AFC Ajax Amsterdam
[3415476] Could not find attributes for ante palaversa (KV Kortrijk, 2020)
[3415476] Failed to build match row: Royal Sporting Club Anderlecht vs KV Kortrijk
[4408268] Could not find attributes for vitaliy gudiev (Fakel Voronezh, 2024)
[4408268] Failed to build match row: Fakel Voronezh vs PFK CSKA Moskva

Keepers & outfield error for **Alkmaar Zaanstreek** in Alkmaar Zaanstreek vs Eindhovense Voetbalvereniging Philips Sport Vereniging: Numbers: 2 and 9.
[4098046] Failed to build match row: Alkmaar Zaanstreek vs Eindhovense Voetbalvereniging Philips Sport Vereniging
[4456971] Could not find attributes for yevgeniy kucherenko (LNZ Cherkasy, 2024)
[4242335] Could not find attributes for sergey pesjakov (FK Rostov, 2023)

Keepers & outfield error for **Club Atlético Talleres** in Club Atlético Lanús vs Club Atlético Talleres: Numbers: 2 and 9.
[4624915] Could not find attributes for matej rodin (Klub Sportowy Lechia Gdańsk, 2025)
[4242335] Failed to build match row: FK Rostov vs PFK Krylya Sovetov Samara
[4363487] Could not find attributes for jan koutny (SK Sigma Olomouc, a.s., 2024)
[4798296] Failed to build match row: Club Atlético Lanús vs Club Atlético Talleres
[4456971] Failed to build match row: LNZ Cherkasy vs FK Kolos Kovalivka
[4624915] Failed to build match row: Widzew Łódź Spółka Akcyjna vs Klub Sportowy Lechia Gdańsk
[4363487] Failed to build match row: SK Sigma Olomouc, a.s. vs AC Sparta Praha, a. s.
[3651693] Could not find attributes for liel abada (The Celtic Football Club, 2021)
[3651693] Failed to build match row: The Celtic Football Club vs Bayer 04 Leverkusen Fußball
[3415477] Failed to scrape lineup: https://www.transfermarkt.co.uk/zulte-waregem_standard-liege/index/spielbericht/3415477
[3597948] Could not find attributes for vurnon anita (RKC Waalwijk, 2021)
[3597948] Failed to build match row: RKC Waalwijk vs Fortuna Sittardia Combinatie
[4676625] Failed to scrape lineup: https://www.transfermarkt.co.uk/spielbericht/index/spielbericht/4676625
[3602573] Could not find attributes for ilya lantratov (FC Khimki (-2025), 2021)
[3602573] Failed to build match row: FC Khimki (-2025) vs FK Sochi

Keepers & outfield error for **Unione Sportiva Cremonese S.p.A.** in Unione Sportiva Cremonese S.p.A. vs Unione Sportiva Sassuolo Calcio: Numbers: 0 and 11.
[3844776] Failed to build match row: Unione Sportiva Cremonese S.p.A. vs Unione Sportiva Sassuolo Calcio
[4367938] Could not find attributes for nikolai hopland (Sportclub Heerenveen, 2024)
[4367938] Failed to build match row: Sportclub Heerenveen vs Eindhovense Voetbalvereniging Philips Sport Vereniging
[4396757] Could not find attributes for sandro cruz (Gil Vicente Futebol Clube, 2024)
[4396757] Failed to build match row: Sport Lisboa e Benfica vs Gil Vicente Futebol Clube
[4098047] Failed to scrape lineup: https://www.transfermarkt.co.uk/excelsior-rotterdam_feyenoord-rotterdam/index/spielbericht/4098047
[4361379] Failed to scrape lineup: https://www.transfermarkt.co.uk/wolverhampton-wanderers_liverpool-fc/index/spielbericht/4361379
[3612985] Failed to scrape lineup: https://www.transfermarkt.co.uk/besiktas-jk_kayserispor/index/spielbericht/3612985
[4521321] Failed to scrape lineup: https://www.transfermarkt.co.uk/nashville-sc_philadelphia-union/index/spielbericht/4521321
[3462318] Could not find attributes for marc albrighton (Leicester City, 2020)
[3462318] Failed to build match row: Leicester City vs Sporting Clube de Braga
[3872555] Could not find attributes for tornike megrelishvili (Iberia 1999 Tbilisi, 2022)
[3872555] Failed to build match row: Iberia 1999 Tbilisi vs SC Fotbal Club FCSB SA
[4050045] Could not find attributes for oleksandr bandura (FC Minaj, 2022)
[4050045] Failed to build match row: FC Minaj vs FK Kryvbas Kryvyi Rig
[4676626] Failed to scrape lineup: https://www.transfermarkt.co.uk/spielbericht/index/spielbericht/4676626
[3415478] Failed to scrape lineup: https://www.transfermarkt.co.uk/kvrs-waasland-sk-beveren_r-charleroi-sc/index/spielbericht/3415478
[3844777] Failed to scrape lineup: https://www.transfermarkt.co.uk/acf-fiorentina_juventus-fc/index/spielbericht/3844777
[4811006] Could not find attributes for alef manga (Clube do Remo, 2025)
[4811006] Failed to build match row: Clube do Remo vs Fluminense Football Club
[4132843] Could not find attributes for keffel (SC União Torreense, 2023)

Keepers & outfield error for **Futebol Clube do Porto** in Futebol Clube do Porto vs Moreirense Futebol Clube: Numbers: 0 and 11.
[4132843] Failed to build match row: SC União Torreense vs CD Mafra
[3621401] Failed to build match row: Futebol Clube do Porto vs Moreirense Futebol Clube
[4361380] Failed to scrape lineup: https://www.transfermarkt.co.uk/arsenal-fc_southampton-fc/index/spielbericht/4361380
[3890120] Failed to scrape lineup: https://www.transfermarkt.co.uk/hibernian-fc_ross-county-fc/index/spielbericht/3890120
[4408269] Could not find attributes for david volk (Dinamo Makhachkala, 2024)
[4408269] Failed to build match row: Dinamo Makhachkala vs FC Rubin Kazan
[3602574] Could not find attributes for mikhail kerzhakov (AO FK Zenit Sankt-Peterburg, 2021)
[3844778] Failed to scrape lineup: https://www.transfermarkt.co.uk/hellas-verona_uc-sampdoria/index/spielbericht/3844778
[3602574] Failed to build match row: AO FK Zenit Sankt-Peterburg vs Arsenal Tula
[3415479] Failed to scrape lineup: https://www.transfermarkt.co.uk/beerschot-va_royal-excel-mouscron-2022-/index/spielbericht/3415479
[3942785] Could not find attributes for konstantinos theodoropoulos (Athlitiki Enosi Larisas, 2022)
[3942785] Failed to build match row: Athlitiki Enosi Larisas vs APO Levadiakos Football Club
[4396758] Could not find attributes for bruno varela (Vitória Sport Clube, 2024)

Keepers & outfield error for **Charlton Athletic** in Charlton Athletic vs Norwich City: Numbers: 0 and 11.
[4095158] Failed to scrape lineup: https://www.transfermarkt.co.uk/brentford-fc_burnley-fc/index/spielbericht/4095158
[4396758] Failed to build match row: Casa Pia Atlético Clube vs Vitória Sport Clube
[4242336] Could not find attributes for evgeniy latyshonok (FK Baltika, 2023)
[4242336] Failed to build match row: FK Baltika vs FK Sochi
[4521323] Could not find attributes for peyton miller (New England Revolution, 2024)
[4521323] Failed to build match row: Portland Timbers vs New England Revolution
[4132844] Failed to scrape lineup: https://www.transfermarkt.co.uk/spielbericht/index/spielbericht/4132844
[3852742] Failed to scrape lineup: https://www.transfermarkt.co.uk/rkc-waalwijk_vitesse-arnhem/index/spielbericht/3852742
[3621402] Failed to scrape lineup: https://www.transfermarkt.co.uk/sl-benfica_boavista-fc/index/spielbericht/3621402
[4637886] Failed to scrape lineup: https://www.transfermarkt.co.uk/sc-otelul-galati_petrolul-ploiesti/index/spielbericht/4637886
[4361381] Failed to scrape lineup: https://www.transfermarkt.co.uk/aston-villa_manchester-united/index/spielbericht/4361381
[4811009] Could not find attributes for luan peres (Santos Futebol Clube, 2025)
[4811009] Failed to build match row: Santos Futebol Clube vs Club de Regatas Vasco da Gama
[3512639] Could not find attributes for rhys breen (Queen of the South FC, 2020)
[3512639] Failed to build match row: Queen of the South FC vs Hibernian Football Club
[3890121] Failed to scrape lineup: https://www.transfermarkt.co.uk/livingston-fc_aberdeen-fc/index/spielbericht/3890121
[3597950] Failed to scrape lineup: https://www.transfermarkt.co.uk/az-alkmaar_sc-cambuur-leeuwarden/index/spielbericht/3597950
[4647837] Failed to scrape lineup: https://www.transfermarkt.co.uk/genclerbirligi-ankara_alanyaspor/index/spielbericht/4647837
[4738981] Could not find attributes for harry broun (Cumbernauld Colts FC, 2025)
[4367939] Could not find attributes for thom haye (Almere City FC, 2024)
[4738981] Failed to build match row: Cumbernauld Colts FC vs Bonnyrigg Rose FC
[4367939] Failed to build match row: Almere City FC vs Heracles Almelo
[3433191] Could not find attributes for matteo darmian (Parma Calcio 1913, 2020)
[3433191] Failed to build match row: Parma Calcio 1913 vs Società Sportiva Calcio Napoli
[4798297] Could not find attributes for eugenio raggio (Club Atlético Platense, 2025)
[4798297] Failed to build match row: Club Atlético Platense vs Club Atlético Independiente de Avellaneda
[3872556] Could not find attributes for omri glazer (Hapoel Beer Sheva, 2022)
[3872556] Failed to build match row: Hapoel Beer Sheva vs Dinamo Minsk
[4363488] Could not find attributes for filip cihak (FC Hradec Králové a.s., 2024)
[4363488] Failed to build match row: FC Hradec Králové a.s. vs FK Jablonec a.s.
[4642434] Failed to scrape lineup: https://www.transfermarkt.co.uk/sparta-rotterdam_excelsior-rotterdam/index/spielbericht/4642434
[4376623] Could not find attributes for tawanda maswanhise (Motherwell Football Club, 2024)
[4376623] Failed to build match row: Motherwell Football Club vs Hibernian Football Club
[4521324] Failed to scrape lineup: https://www.transfermarkt.co.uk/san-diego-fc_houston-dynamo-fc/index/spielbericht/4521324
[4095159] Failed to scrape lineup: https://www.transfermarkt.co.uk/chelsea-fc_arsenal-fc/index/spielbericht/4095159
[4132845] Failed to scrape lineup: https://www.transfermarkt.co.uk/spielbericht/index/spielbericht/4132845
[4361382] Failed to scrape lineup: https://www.transfermarkt.co.uk/brentford-fc_wolverhampton-wanderers/index/spielbericht/4361382
[4457565] Could not find attributes for vasilios xenopoulos (Athlitiki Enosi Kifisias, 2024)
[4457565] Failed to build match row: Athlitiki Enosi Kifisias vs PAS Lamia 1964
[4120721] Could not find attributes for andriy klishchuk (FK Kryvbas Kryvyi Rig, 2023)
[4120721] Failed to build match row: FK Kryvbas Kryvyi Rig vs FK Obolon Kyiv
[3426951] Could not find attributes for zvonimir sarlija (MKE Ankaragücü, 2020)
[3426951] Failed to build match row: Gaziantep Futbol Kulübü A.Ş. vs MKE Ankaragücü
[4098048] Could not find attributes for robin propper (Football Club Twente, 2023)
[4098048] Failed to build match row: Football Club Twente vs Eindhovense Voetbalvereniging Philips Sport Vereniging
[4109331] Failed to scrape lineup: https://www.transfermarkt.co.uk/vitoria-guimaraes-sc_gd-estoril-praia/index/spielbericht/4109331
[4050046] Could not find attributes for denys sydorenko (TOV FK Metalist 1925 Kharkiv, 2022)
[4050046] Failed to build match row: TOV FK Metalist 1925 Kharkiv vs FC Oleksandriya
[4624916] Failed to scrape lineup: https://www.transfermarkt.co.uk/wisla-plock_motor-lublin/index/spielbericht/4624916
[3450707] Failed to scrape lineup: https://www.transfermarkt.co.uk/twente-enschede-fc_sc-heerenveen/index/spielbericht/3450707

Keepers & outfield error for **SC Cambuur Leeuwarden** in SC Cambuur Leeuwarden vs FC Emmen: Numbers: 2 and 9.
[3852743] Failed to build match row: SC Cambuur Leeuwarden vs FC Emmen
[3512640] Could not find attributes for stuart mckenzie (Cove Rangers FC, 2020)
[4373510] Could not find attributes for rani khedira (1. Fußballclub Union Berlin, 2024)
[3512640] Failed to build match row: Rangers Football Club vs Cove Rangers FC
[4676627] Failed to scrape lineup: https://www.transfermarkt.co.uk/spielbericht/index/spielbericht/4676627
[4373510] Failed to build match row: Verein für Bewegungsspiele Stuttgart 1893 vs 1. Fußballclub Union Berlin
[3597951] Could not find attributes for nick bakker (Sportclub Heerenveen, 2021)

Keepers & outfield error for **Club Atlético Vélez Sársfield** in Club Atlético Vélez Sársfield vs Club Atlético Boca Juniors: Numbers: 2 and 9.
[3602575] Failed to scrape lineup: https://www.transfermarkt.co.uk/cska-moscow_rubin-kazan/index/spielbericht/3602575
[3597951] Failed to build match row: Sportclub Heerenveen vs Prins Hendrik Ende Desespereert Nimmer Combinatie Zwolle
[4798298] Failed to build match row: Club Atlético Vélez Sársfield vs Club Atlético Boca Juniors
[4647838] Could not find attributes for marcos felipe (Eyüp Spor Kulübü, 2025)
[4408270] Failed to scrape lineup: https://www.transfermarkt.co.uk/zenit-st-petersburg_krylya-sovetov-samara/index/spielbericht/4408270
[4647838] Failed to build match row: Kocaelispor Kulübü vs Eyüp Spor Kulübü
[4627274] Failed to scrape lineup: https://www.transfermarkt.co.uk/fc-zurich_fc-st-gallen-1879/index/spielbericht/4627274

Keepers & outfield error for **Associazione Calcio Milan** in Associazione Calcio Milan vs Associazione Calcio Fiorentina: Numbers: 2 and 9.
[4457566] Could not find attributes for stefanos souloukos (Athlitiki Enosi Larisas, 2024)
[4457566] Failed to build match row: Athlitiki Enosi Larisas vs Panserraikos Serres
[4620753] Failed to build match row: Associazione Calcio Milan vs Associazione Calcio Fiorentina
[3426952] Could not find attributes for semih kaya (Yeni Malatyaspor, 2020)
[3426952] Failed to build match row: Yeni Malatyaspor vs Sivasspor

Keepers & outfield error for **Portimonense SC** in FC Vizela vs Portimonense SC: Numbers: 0 and 11.
[4109332] Failed to build match row: FC Vizela vs Portimonense SC
[3942786] Could not find attributes for stathis syriopoulos (Panelefsiniakos AO, 2022)
[4242570] Could not find attributes for oliver casey (Blackpool FC, 2023)
[3942786] Failed to build match row: Panelefsiniakos AO vs Apollon Pontou
[3588830] Failed to scrape lineup: https://www.transfermarkt.co.uk/angers-sco_stade-rennais-fc/index/spielbericht/3588830
[4242570] Failed to build match row: Blackpool FC vs Forest Green Rovers
[4050047] Could not find attributes for oleksiy palamarchuk (Ingulets Petrove, 2022)
[4050047] Failed to build match row: Ingulets Petrove vs FK Kolos Kovalivka
[3513602] Could not find attributes for devis epassy (PAS Lamia 1964, 2020)
[3513602] Failed to build match row: PAS Lamia 1964 vs Athlitiki Enosi Larisas
[3872557] Failed to scrape lineup: https://www.transfermarkt.co.uk/spielbericht/index/spielbericht/3872557
[4396759] Could not find attributes for bruno varela (Vitória Sport Clube, 2024)
[4098049] Could not find attributes for oliver braude (Sportclub Heerenveen, 2023)
[4396759] Failed to build match row: AVS Futebol SAD vs Vitória Sport Clube
[4098049] Failed to build match row: Sportclub Heerenveen vs Fortuna Sittardia Combinatie
[3602576] Failed to scrape lineup: https://www.transfermarkt.co.uk/dynamo-moscow_fc-rostov/index/spielbericht/3602576
[4361384] Failed to scrape lineup: https://www.transfermarkt.co.uk/chelsea-fc_nottingham-forest/index/spielbericht/4361384
[4367940] Could not find attributes for miliano jonathans (Football Club Utrecht, 2024)
[4367940] Failed to build match row: Football Club Utrecht vs Alkmaar Zaanstreek
[4376624] Failed to scrape lineup: https://www.transfermarkt.co.uk/st-johnstone-fc_rangers-fc/index/spielbericht/4376624
[4408271] Failed to scrape lineup: https://www.transfermarkt.co.uk/fc-rostov_fc-pari-nizhniy-novgorod/index/spielbericht/4408271
[4624917] Could not find attributes for michal rzuchowski (Morski Związkowy Klub Sportowy Arka Gdynia Spółka Akcyjna, 2025)
[4624917] Failed to build match row: Morski Związkowy Klub Sportowy Arka Gdynia Spółka Akcyjna vs Termalica Bruk-Bet Nieciecza Klub Sportowy
[4172114] Could not find attributes for maksym taloverov (Linzer Athletik-Sport-Klub, 2023)
[4172114] Failed to build match row: Linzer Athletik-Sport-Klub vs Royale Union Saint-Gilloise
[3513603] Could not find attributes for dimitrios goutas (APS Atromitos Athinon, 2020)
[3513603] Failed to build match row: APS Atromitos Athinon vs Panathinaikos Athlitikos Omilos
[3838739] Failed to scrape lineup: https://www.transfermarkt.co.uk/aston-villa_crystal-palace/index/spielbericht/3838739
[4120722] Failed to scrape lineup: https://www.transfermarkt.co.uk/polissya-zhytomyr_fc-oleksandriya/index/spielbericht/4120722
[3433192] Could not find attributes for fabrizio caligara (Cagliari Calcio, 2020)
[3433192] Failed to build match row: Unione Sportiva Sassuolo Calcio vs Cagliari Calcio

Keepers & outfield error for **AFC Ajax Amsterdam** in AFC Ajax Amsterdam vs Football Club Utrecht: Numbers: 2 and 9.
[4642435] Failed to build match row: AFC Ajax Amsterdam vs Football Club Utrecht

Keepers & outfield error for **Boavista FC** in Futebol Clube de Famalicão vs Boavista FC: Numbers: 0 and 11.
[4396760] Failed to build match row: Futebol Clube de Famalicão vs Boavista FC
[3943418] Could not find attributes for georgios giagiozis (AO Agios Nikolaos, 2022)
[3943418] Failed to build match row: AO Agios Nikolaos vs Almyros Gaziou
[4647839] Could not find attributes for marcos felipe (Eyüp Spor Kulübü, 2025)
[3852744] Could not find attributes for igor paixao (Feyenoord Rotterdam, 2022)
[4647839] Failed to build match row: Eyüp Spor Kulübü vs Kasımpaşa A.Ş.
[4109333] Could not find attributes for magrao (Rio Ave Futebol Clube, 2023)
[3426953] Could not find attributes for marvin bakalorz (Denizlispor, 2020)
[3852744] Failed to build match row: Sparta Rotterdam vs Feyenoord Rotterdam
[4109333] Failed to build match row: Rio Ave Futebol Clube vs Moreirense Futebol Clube
[3426953] Failed to build match row: Denizlispor vs Kayserispor Kulübü
[4738982] Could not find attributes for matt mclean (Formartine United FC, 2025)
[4738982] Failed to build match row: Formartine United FC vs Buckie Thistle FC
[4624918] Failed to scrape lineup: https://www.transfermarkt.co.uk/gks-katowice_jagiellonia-bialystok/index/spielbericht/4624918
[3710372] Could not find attributes for ruslan litvinov (FK Spartak Moskva, 2021)
[3710372] Failed to build match row: FK Spartak Moskva vs Società Sportiva Calcio Napoli
[4408272] Could not find attributes for stanislav agkatsev (FK Krasnodar, 2024)
[4408272] Failed to build match row: FK Krasnodar vs FK Spartak Moskva
Not enough players found for lineup: 0, 11.
[3872558] Could not find attributes for vsevolod ermakov (FC Ararat-Armenia, 2022)
[3872558] Failed to build match row: FC Ararat-Armenia vs Paide Linnameeskond
[4676628] Failed to scrape lineup: https://www.transfermarkt.co.uk/spielbericht/index/spielbericht/4676628
[3513604] Failed to scrape lineup: https://www.transfermarkt.co.uk/paok-thessaloniki_apollon-smyrnis/index/spielbericht/3513604
[3621404] Could not find attributes for china (CS Marítimo, 2021)
[3621404] Failed to build match row: Futebol Clube de Famalicão vs CS Marítimo
[4132846] Could not find attributes for witi (Clube Desportivo Nacional, 2023)
[4363489] Could not find attributes for jakub lapes (MFK Karvina, 2024)
[4132846] Failed to build match row: Clube Desportivo Nacional vs FC Penafiel
[4363489] Failed to build match row: MFK Karvina vs 1. FC Slovácko

Keepers & outfield error for **Pisa Sporting Club** in Pisa Sporting Club vs Verona Hellas Football Club: Numbers: 2 and 9.
[4620754] Failed to build match row: Pisa Sporting Club vs Verona Hellas Football Club
[4373511] Could not find attributes for kevin muller (1. Fußballclub Heidenheim 1846, 2024)
[4373511] Failed to build match row: FC Bayern München vs 1. Fußballclub Heidenheim 1846
[4425202] Could not find attributes for luis canga (Perth Glory Football Club, 2024)
[4425202] Failed to build match row: Perth Glory Football Club vs Newcastle United Jets Football Club
[3651880] Could not find attributes for bastian oczipka (1. Fußballclub Union Berlin, 2021)
[3651880] Failed to build match row: SV Waldhof Mannheim vs 1. Fußballclub Union Berlin
[3415480] Could not find attributes for strahinja pavlovic (Cercle Brugge Koninklijke Sportvereniging, 2020)
[3415480] Failed to build match row: Cercle Brugge Koninklijke Sportvereniging vs SK Beveren
[4457567] Could not find attributes for konstantinos musta (APS Zakynthos, 2024)
[4457567] Failed to build match row: APS Zakynthos vs Panargiakos
[4363490] Failed to scrape lineup: https://www.transfermarkt.co.uk/fk-jablonec_fc-slovan-liberec/index/spielbericht/4363490
[3872559] Could not find attributes for krisjanis zviedris (FK Liepaja, 2022)
[3872559] Failed to build match row: FK Liepaja vs Berner Sport Club Young Boys

Keepers & outfield error for **Go Ahead Eagles** in Go Ahead Eagles vs Football Club Groningen: Numbers: 0 and 11.
[4367941] Failed to build match row: Go Ahead Eagles vs Football Club Groningen
[4798299] Could not find attributes for jeronimo gomez mattar (Club Atlético Newell’s Old Boys, 2025)
[4798299] Failed to build match row: Club Atlético Newell’s Old Boys vs Club Social y Deportivo Defensa y Justicia
[4373512] Failed to scrape lineup: https://www.transfermarkt.co.uk/eintracht-frankfurt_fc-augsburg/index/spielbericht/4373512
[3612989] Could not find attributes for yunus akgun (Adana Demirspor, 2021)
[3612989] Failed to build match row: Adana Demirspor vs Giresunspor
[3415481] Failed to scrape lineup: https://www.transfermarkt.co.uk/kaa-gent_club-brugge-kv/index/spielbericht/3415481

Keepers & outfield error for **Association Football Club Bournemouth** in Arsenal Football Club vs Association Football Club Bournemouth: Numbers: 0 and 11.
[4361386] Could not find attributes for abdoulaye doucoure (Everton Football Club, 2024)
[3838740] Failed to build match row: Arsenal Football Club vs Association Football Club Bournemouth
[4361386] Failed to build match row: Everton Football Club vs Newcastle United Football Club
[4545866] Could not find attributes for lawrence shankland (Heart of Midlothian Football Club, 2024)
[3944820] Could not find attributes for dmitriy nepogodov (Chornomorets Odesa, 2022)
[4545866] Failed to build match row: Saint Mirren Football Club vs Heart of Midlothian Football Club
[3713810] Could not find attributes for tom carroll (Ipswich Town, 2021)
[3426954] Could not find attributes for yassine meriah (Çaykur Rizespor Kulübü, 2020)
[3944820] Failed to build match row: Chornomorets Odesa vs FC Zorya Lugansk
[3426954] Failed to build match row: Beşiktaş Jimnastik Kulübü vs Çaykur Rizespor Kulübü
[3713810] Failed to build match row: Barrow AFC vs Ipswich Town
[3621405] Could not find attributes for yohan tavares (B SAD, 2021)
[4120723] Could not find attributes for danylo varakuta (Chornomorets Odesa, 2023)
[4408273] Could not find attributes for igor akinfeev (PFK CSKA Moskva, 2024)
[3513605] Could not find attributes for boris kleyman (Volou Neos Podosferikos Syllogos, 2020)
[4373513] Failed to scrape lineup: https://www.transfermarkt.co.uk/tsg-1899-hoffenheim_sc-freiburg/index/spielbericht/4373513
[3621405] Failed to build match row: B SAD vs Gil Vicente Futebol Clube
[3513605] Failed to build match row: Volou Neos Podosferikos Syllogos vs A.G.S Asteras Tripolis
[4642436] Could not find attributes for irakli yegoian (Excelsior Rotterdam, 2025)
[4408273] Failed to build match row: PFK CSKA Moskva vs FC Rubin Kazan
[4642436] Failed to build match row: Excelsior Rotterdam vs Football Club Volendam
[3852745] Could not find attributes for florian grillitsch (AFC Ajax Amsterdam, 2022)
[4376625] Could not find attributes for duktm (Aberdeen Football Club, 2024)
[4624920] Failed to scrape lineup: https://www.transfermarkt.co.uk/lechia-gdansk_legia-warszawa/index/spielbericht/4624920
[4120723] Failed to build match row: Chornomorets Odesa vs Vorskla Poltava
[3450710] Could not find attributes for tyronne ebuehi (Football Club Twente, 2020)
[3852745] Failed to build match row: AFC Ajax Amsterdam vs Fortuna Sittardia Combinatie
[4376625] Failed to build match row: Aberdeen Football Club vs The Celtic Football Club
[4712528] Could not find attributes for matej rodin (Klub Sportowy Lechia Gdańsk, 2025)
[4363491] Could not find attributes for lukas hulka (Bohemians Praha 1905, a.s., 2024)
[3450710] Failed to build match row: Football Club Twente vs ADO Den Haag
[4363491] Failed to build match row: Bohemians Praha 1905, a.s. vs SK Sigma Olomouc, a.s.
[4712528] Failed to build match row: Klub Sportowy Lechia Gdańsk vs Radomiak S.A.
[4425203] Could not find attributes for yonatan cohen (Melbourne City Football Club, 2024)
[4457568] Could not find attributes for athanasios garavelis (APO Levadiakos Football Club, 2024)
[4425203] Failed to build match row: Melbourne City Football Club vs Auckland Football Club
[4647840] Could not find attributes for karol linetty (Kocaelispor Kulübü, 2025)
[4647840] Failed to build match row: Konyaspor vs Kocaelispor Kulübü
[4457568] Failed to build match row: APO Levadiakos Football Club vs APS Atromitos Athinon
[4521325] Could not find attributes for beau leroux (San Jose Earthquakes, 2024)
[4172115] Could not find attributes for maksym taloverov (Linzer Athletik-Sport-Klub, 2023)
[4521325] Failed to build match row: San Jose Earthquakes vs Red Bull New York
[4172115] Failed to build match row: Linzer Athletik-Sport-Klub vs Toulouse Football Club
[4546258] Failed to scrape lineup: https://www.transfermarkt.co.uk/spielbericht/index/spielbericht/4546258
[3426955] Could not find attributes for mattias johansson (Gençlerbirliği Spor Kulübü, 2020)
[3426955] Failed to build match row: Gençlerbirliği Spor Kulübü vs Hatayspor
[3844779] Failed to scrape lineup: https://www.transfermarkt.co.uk/ss-lazio_ssc-napoli/index/spielbericht/3844779
[3621406] Failed to scrape lineup: https://www.transfermarkt.co.uk/portimonense-sc_cd-santa-clara/index/spielbericht/3621406
Not enough players found for lineup: 0, 11.
[4676629] Failed to scrape lineup: https://www.transfermarkt.co.uk/spielbericht/index/spielbericht/4676629
[4642437] Failed to scrape lineup: https://www.transfermarkt.co.uk/fc-groningen_nec-nijmegen/index/spielbericht/4642437
[3612990] Could not find attributes for ryan donk (Kasımpaşa A.Ş., 2021)
[3612990] Failed to build match row: İstanbul Başakşehir Futbol Kulübü vs Kasımpaşa A.Ş.
[4620756] Failed to scrape lineup: https://www.transfermarkt.co.uk/torino-fc_ssc-napoli/index/spielbericht/4620756
[4243186] Could not find attributes for jhon arias (Fluminense Football Club, 2023)
[3415482] Could not find attributes for ante palaversa (KV Kortrijk, 2020)
[4243186] Failed to build match row: Fluminense Football Club vs Al Ahly FC
[3415482] Failed to build match row: KV Kortrijk vs Sportvereniging Zulte Waregem

Keepers & outfield error for **FC Zürich** in Grasshopper Club Zürich vs FC Zürich: Numbers: 2 and 9.

Keepers & outfield error for **SC Farense** in SC Farense vs Sporting Clube de Portugal: Numbers: 2 and 9.
[3433193] Could not find attributes for mamadou coulibaly (Udinese Calcio, 2020)
[4109335] Failed to build match row: SC Farense vs Sporting Clube de Portugal
[3433193] Failed to build match row: Udinese Calcio vs Spezia Calcio
[4627277] Failed to build match row: Grasshopper Club Zürich vs FC Zürich
[3462319] Could not find attributes for mykyta shevchenko (FC Zorya Lugansk, 2020)
[4457569] Could not find attributes for vasilios athanasiou (PAS Giannina, 2024)
[4457569] Failed to build match row: PAS Giannina vs Panachaiki GE
[3462319] Failed to build match row: FC Zorya Lugansk vs Athlitiki Enosi Konstantinoupoleos

Keepers & outfield error for **Association Football Club Bournemouth** in Association Football Club Bournemouth vs Manchester City Football Club: Numbers: 0 and 11.
[3838741] Failed to build match row: Association Football Club Bournemouth vs Manchester City Football Club
[4120724] Could not find attributes for oleksandr saputin (FC Zorya Lugansk, 2023)
[4120724] Failed to build match row: FC Zorya Lugansk vs FC Minaj

Keepers & outfield error for **Unione Sportiva Cremonese S.p.A.** in Unione Sportiva Cremonese S.p.A. vs Atalanta Bergamasca Calcio S.p.a.: Numbers: 0 and 11.
[4620757] Failed to build match row: Unione Sportiva Cremonese S.p.A. vs Atalanta Bergamasca Calcio S.p.a.
[4373514] Could not find attributes for tiago tomas (Verein für Leibesübungen Wolfsburg, 2024)
[4373514] Failed to build match row: Verein für Leibesübungen Wolfsburg vs 1. Fußball- und Sportverein Mainz 05
[4132847] Could not find attributes for fernando fonseca (AVS Futebol SAD, 2023)
[4132847] Failed to build match row: AVS Futebol SAD vs GD Chaves
[3944821] Could not find attributes for nazariy muravskyi (PFK Lviv, 2022)
[3944821] Failed to build match row: PFK Lviv vs NK Veres Rivne
[4798301] Could not find attributes for leonel di placido (Club Atlético Tucumán, 2025)
[4798301] Failed to build match row: Club Atlético Sarmiento vs Club Atlético Tucumán
[4243187] Could not find attributes for shusaku nishikawa (Urawa Red Diamonds, 2023)
[4243187] Failed to build match row: Urawa Red Diamonds vs Manchester City Football Club
[4647841] Could not find attributes for jonas svensson (Beşiktaş Jimnastik Kulübü, 2025)
[4647841] Failed to build match row: Beşiktaş Jimnastik Kulübü vs Gençlerbirliği Spor Kulübü
Not enough players found for lineup: 0, 0.
[4521326] Could not find attributes for kalani kossa rienzi (Seattle Sounders FC, 2024)
[4676630] Failed to scrape lineup: https://www.transfermarkt.co.uk/spielbericht/index/spielbericht/4676630
[4521326] Failed to build match row: Seattle Sounders FC vs Columbus Crew
[3612991] Could not find attributes for mohammad naderi (Altay SK, 2021)
[3612991] Failed to build match row: Altay SK vs Hatayspor
[4642438] Could not find attributes for ruud nijstad (Football Club Twente, 2025)
[4642438] Failed to build match row: Football Club Twente vs Sparta Rotterdam

Keepers & outfield error for **Atalanta Bergamasca Calcio S.p.a.** in AC Monza vs Atalanta Bergamasca Calcio S.p.a.: Numbers: 2 and 9.
[3844781] Failed to build match row: AC Monza vs Atalanta Bergamasca Calcio S.p.a.
[4376626] Failed to scrape lineup: https://www.transfermarkt.co.uk/dundee-fc_motherwell-fc/index/spielbericht/4376626
[4624921] Failed to scrape lineup: https://www.transfermarkt.co.uk/motor-lublin_cracovia/index/spielbericht/4624921
[3450711] Failed to scrape lineup: https://www.transfermarkt.co.uk/sc-heerenveen_feyenoord-rotterdam/index/spielbericht/3450711
[4457570] Could not find attributes for ilias kyritsis (AO Egaleo, 2024)
[4457570] Failed to build match row: AO Egaleo vs Kampaniakos
[3714012] Could not find attributes for petar bockaj (GNK Dinamo Zagreb, 2021)
[4363492] Failed to scrape lineup: https://www.transfermarkt.co.uk/ac-sparta-prague_sk-slavia-prague/index/spielbericht/4363492
[3714012] Failed to build match row: Sevilla Fútbol Club S.A.D. vs GNK Dinamo Zagreb

Keepers & outfield error for **Olympique de Marseille** in Olympique de Marseille vs AS Saint-Étienne: Numbers: 2 and 9.
[3651882] Failed to scrape lineup: https://www.transfermarkt.co.uk/spielbericht/index/spielbericht/3651882
[3588834] Failed to build match row: Olympique de Marseille vs AS Saint-Étienne
[4098051] Could not find attributes for arjany martha (AFC Ajax Amsterdam, 2023)
[4098051] Failed to build match row: AFC Ajax Amsterdam vs Vitesse Arnhem
[3597954] Could not find attributes for cuco martina (Go Ahead Eagles, 2021)
[3597954] Failed to build match row: Heracles Almelo vs Go Ahead Eagles
[4712530] Could not find attributes for mateusz klich (Klub Sportowy Cracovia Spółka Akcyjna, 2025)
[4712530] Failed to build match row: Klub Sportowy Cracovia Spółka Akcyjna vs Zagłębie Lubin Spółka Akcyjna

Keepers & outfield error for **FC Vizela** in FC Vizela vs FC Paços de Ferreira: Numbers: 0 and 11.
[3621408] Failed to build match row: FC Vizela vs FC Paços de Ferreira
[3426956] Failed to scrape lineup: https://www.transfermarkt.co.uk/konyaspor_galatasaray/index/spielbericht/3426956
[4647842] Could not find attributes for uchenna ogundu (Alanyaspor, 2025)
[4647842] Failed to build match row: Alanyaspor vs Göztepe Sportif Yatırımlar A.Ş.
iras vs Fluminense Football Club: Numbers: 0 and 11.
[4425204] Failed to scrape lineup: https://www.transfermarkt.co.uk/melbourne-victory_sydney-fc/index/spielbericht/4425204
[4811010] Failed to build match row: Sociedade Esportiva Palmeiras vs Fluminense Football Club
[4521328] Could not find attributes for idan toklomati (Charlotte Football Club, 2024)
[4521328] Failed to build match row: Charlotte Football Club vs New York City Football Club
[3944822] Could not find attributes for oleg bilyk (FC Oleksandriya, 2022)
[4738983] Could not find attributes for calum mackay (Nairn County FC, 2025)
[4738983] Failed to build match row: Nairn County FC vs Turriff United FC
[3944822] Failed to build match row: FC Oleksandriya vs FK Kryvbas Kryvyi Rig
[4649105] Could not find attributes for saeed issah (Asociația Fotbal Club Hermannstadt, 2025)

Keepers & outfield error for **Futebol Clube do Porto** in Futebol Clube do Porto vs Arsenal Football Club: Numbers: 0 and 11.
[4649105] Failed to build match row: Asociația Fotbal Club Hermannstadt vs Fotbal Club Petrolul Ploiești

Keepers & outfield error for **Gliwicki Klub Sportowy Piast Spółka Akcyjna** in Gliwicki Klub Sportowy Piast Spółka Akcyjna vs RKS Raków Częstochowa SA: Numbers: 0 and 11.
[4243688] Failed to build match row: Futebol Clube do Porto vs Arsenal Football Club
[3415483] Failed to scrape lineup: https://www.transfermarkt.co.uk/kv-oostende-2024-_kv-mechelen/index/spielbericht/3415483
[4624922] Failed to build match row: Gliwicki Klub Sportowy Piast Spółka Akcyjna vs RKS Raków Częstochowa SA

Keepers & outfield error for **Olympiakos Syndesmos Filathlon Peiraios** in Atalanta Bergamasca Calcio S.p.a. vs Olympiakos Syndesmos Filathlon Peiraios: Numbers: 2 and 9.
[4109336] Failed to scrape lineup: https://www.transfermarkt.co.uk/fc-arouca_gd-chaves/index/spielbericht/4109336
[4363493] Failed to build match row: FK Dukla Praha a.s. vs FK Teplice, a.s.
[3714013] Failed to build match row: Atalanta Bergamasca Calcio S.p.a. vs Olympiakos Syndesmos Filathlon Peiraios
[4050048] Could not find attributes for maksym dyachuk (Futbolniy Klub Dynamo Kyiv, 2022)
[3852746] Could not find attributes for mexx meerdink (Alkmaar Zaanstreek, 2022)
[4050048] Failed to build match row: Futbolniy Klub Dynamo Kyiv vs FC Shakhtar Donetsk
[4408274] Failed to scrape lineup: https://www.transfermarkt.co.uk/lokomotiv-moscow_fc-khimki/index/spielbericht/4408274
[4798302] Could not find attributes for francisco romero (Asociación Atlética Estudiantes, 2025)
[3852746] Failed to build match row: Alkmaar Zaanstreek vs Sparta Rotterdam
[3890126] Failed to build match row: Dundee United Football Club vs Heart of Midlothian Football Club
[4798302] Failed to build match row: Asociación Atlética Estudiantes vs Club Sportivo Independiente Rivadavia
[4457571] Could not find attributes for apostolos tsilingiris (Diagoras Rodou, 2024)
[4457571] Failed to build match row: Diagoras Rodou vs Athens Kallithea
[3426957] Could not find attributes for gokdeniz bayrakdar (Antalyaspor, 2020)

Keepers & outfield error for **Olympique Lyonnais** in Football Club de Nantes vs Olympique Lyonnais: Numbers: 2 and 9.
[3513606] Could not find attributes for athanasios androutsos (Olympiakos Syndesmos Filathlon Peiraios, 2020)
[4373516] Failed to scrape lineup: https://www.transfermarkt.co.uk/vfl-bochum_sv-werder-bremen/index/spielbericht/4373516
[3588835] Failed to build match row: Football Club de Nantes vs Olympique Lyonnais
[3426957] Failed to build match row: Antalyaspor vs Fatih Karagümrük Sportif Faaliyetler San. Tic. A.Ş.
[3513606] Failed to build match row: Olympiakos Syndesmos Filathlon Peiraios vs Omilos Filathlon Irakliou FC
[4425205] Could not find attributes for kazuki nagasawa (Wellington Phoenix Football Club, 2024)
[4425205] Failed to build match row: Wellington Phoenix Football Club vs Central Coast Mariners Football Club
[4095163] Failed to scrape lineup: https://www.transfermarkt.co.uk/nottingham-forest_luton-town/index/spielbericht/4095163
[4172117] Failed to scrape lineup: https://www.transfermarkt.co.uk/spielbericht/index/spielbericht/4172117
[3450712] Could not find attributes for devyne rensch (AFC Ajax Amsterdam, 2020)
[3602577] Could not find attributes for vitaliy gudiev (RFK Akhmat Grozny, 2021)
[3450712] Failed to build match row: AFC Ajax Amsterdam vs VVV-Venlo
[3602577] Failed to build match row: RFK Akhmat Grozny vs Футбольный клуб "Локомотив" Москва
[3838743] Failed to scrape lineup: https://www.transfermarkt.co.uk/everton-fc_aston-villa/index/spielbericht/3838743
[4367943] Failed to scrape lineup: https://www.transfermarkt.co.uk/nac-breda_twente-enschede-fc/index/spielbericht/4367943
[3944823] Could not find attributes for valeriy yurchuk (SC Dnipro-1, 2022)
[3944823] Failed to build match row: SC Dnipro-1 vs Ingulets Petrove
[4649106] Could not find attributes for monday etim (U Craiova 1948 Club Sportiv SA, 2025)
[4649106] Failed to build match row: U Craiova 1948 Club Sportiv SA vs Asociația Futball Klub Csíkszereda Miercurea Ciuc
[3872561] Could not find attributes for ville tikkanen (SJK Seinäjoki, 2022)
[3872561] Failed to build match row: SJK Seinäjoki vs Lillestrøm Sportsklubb
[4376627] Failed to scrape lineup: https://www.transfermarkt.co.uk/hibernian-fc_dundee-united-fc/index/spielbericht/4376627
[4521329] Could not find attributes for dylan chambost (Columbus Crew, 2024)
[4363494] Could not find attributes for dominik holec (FC Baník Ostrava a.s., 2024)

Keepers & outfield error for **Real Sociedad de Fútbol S.A.D.** in RasenBallsport Leipzig vs Real Sociedad de Fútbol S.A.D.: Numbers: 2 and 9.
[3714014] Failed to build match row: RasenBallsport Leipzig vs Real Sociedad de Fútbol S.A.D.
[4521329] Failed to build match row: Football Club Cincinnati vs Columbus Crew
[4363494] Failed to build match row: FC Baník Ostrava a.s. vs FK Mladá Boleslav, a.s.
[4811011] Failed to scrape lineup: https://www.transfermarkt.co.uk/red-bull-bragantino_club-athletico-paranaense/index/spielbericht/4811011

Keepers & outfield error for **Galatasaray Spor Kulübü** in İstanbul Başakşehir Futbol Kulübü vs Galatasaray Spor Kulübü: Numbers: 2 and 9.
[3612993] Failed to scrape lineup: https://www.transfermarkt.co.uk/fenerbahce_besiktas-jk/index/spielbericht/3612993
[4647843] Failed to build match row: İstanbul Başakşehir Futbol Kulübü vs Galatasaray Spor Kulübü
[4798303] Failed to scrape lineup: https://www.transfermarkt.co.uk/club-atletico-belgrano_ca-banfield/index/spielbericht/4798303
[4120725] Failed to scrape lineup: https://www.transfermarkt.co.uk/nk-veres-rivne_dynamo-kyiv/index/spielbericht/4120725
[4620758] Failed to scrape lineup: https://www.transfermarkt.co.uk/acf-fiorentina_bologna-fc-1909/index/spielbericht/4620758
[4627278] Failed to scrape lineup: https://www.transfermarkt.co.uk/fc-lausanne-sport_bsc-young-boys/index/spielbericht/4627278
[3588836] Failed to scrape lineup: https://www.transfermarkt.co.uk/ogc-nice_fc-girondins-bordeaux/index/spielbericht/3588836
[4172118] Failed to scrape lineup: https://www.transfermarkt.co.uk/spielbericht/index/spielbericht/4172118
[4408275] Could not find attributes for giorgiy shelia (RFK Akhmat Grozny, 2024)
[4637899] Failed to scrape lineup: https://www.transfermarkt.co.uk/spielbericht/index/spielbericht/4637899
[3426958] Failed to scrape lineup: https://www.transfermarkt.co.uk/trabzonspor_goztepe/index/spielbericht/3426958
[4676661] Failed to scrape lineup: https://www.transfermarkt.co.uk/spielbericht/index/spielbericht/4676661
[4408275] Failed to build match row: RFK Akhmat Grozny vs FK Dinamo Moskva
[3415484] Could not find attributes for vaclav jemelka (Oud-Heverlee Leuven, 2020)
[3415484] Failed to build match row: Oud-Heverlee Leuven vs Royal Antwerp Football Club
[4396763] Could not find attributes for vasco sousa (Futebol Clube do Porto, 2024)
[4396763] Failed to build match row: Futebol Clube do Porto vs Rio Ave Futebol Clube
[4373517] Failed to scrape lineup: https://www.transfermarkt.co.uk/holstein-kiel_rb-leipzig/index/spielbericht/4373517
[4425206] Could not find attributes for lucas herrington (Brisbane Roar FC, 2024)
[4132848] Failed to scrape lineup: https://www.transfermarkt.co.uk/spielbericht/index/spielbericht/4132848
[3450713] Could not find attributes for zinedine machach (VVV-Venlo, 2020)
[4425206] Failed to build match row: Brisbane Roar FC vs Adelaide United Football Club
[3450713] Failed to build match row: VVV-Venlo vs Sportclub Heerenveen
[3597956] Could not find attributes for aaron meijers (Sparta Rotterdam, 2021)
[3602578] Could not find attributes for soslan dzhanaev (FK Sochi, 2021)

Keepers & outfield error for **Futebol Clube do Porto** in Sport Lisboa e Benfica vs Futebol Clube do Porto: Numbers: 0 and 11.
[3597956] Failed to build match row: Sparta Rotterdam vs Football Club Utrecht
[3602578] Failed to build match row: FK Sochi vs PFK Krylya Sovetov Samara
[4109337] Failed to build match row: Sport Lisboa e Benfica vs Futebol Clube do Porto
[4712532] Could not find attributes for kamil jozwiak (Jagiellonia-Bialystok Sportowa Spólka Akcyjna, 2025)
[4712532] Failed to build match row: Jagiellonia-Bialystok Sportowa Spólka Akcyjna vs RKS Raków Częstochowa SA
[4095164] Could not find attributes for wes foderingham (Sheffield United, 2023)
[4095164] Failed to build match row: Sheffield United vs Manchester United Football Club
[3838744] Could not find attributes for joao palhinha (Fulham Football Club, 2022)
[3838744] Failed to build match row: Fulham Football Club vs Wolverhampton Wanderers Football Club
[4363495] Could not find attributes for louis lurvink (FK Pardubice, 2024)
[4363495] Failed to build match row: FK Pardubice vs FC Viktoria Plzeň, a.s.

Keepers & outfield error for **Alkmaar Zaanstreek** in Alkmaar Zaanstreek vs Football Club Volendam: Numbers: 2 and 9.
[4098053] Failed to build match row: Alkmaar Zaanstreek vs Football Club Volendam
[4546260] Could not find attributes for harrison reed (Fulham Football Club, 2024)
[4546260] Failed to build match row: Wigan Athletic vs Fulham Football Club
[4120726] Could not find attributes for yevgen volynets (SC Dnipro-1, 2023)
[4120726] Failed to build match row: SC Dnipro-1 vs FC Rukh Lviv
[4811012] Failed to scrape lineup: https://www.transfermarkt.co.uk/cruzeiro-esporte-clube_sport-club-corinthians-paulista/index/spielbericht/4811012
[3462321] Failed to scrape lineup: https://www.transfermarkt.co.uk/spielbericht/index/spielbericht/3462321
[3433195] Could not find attributes for matteo darmian (Parma Calcio 1913, 2020)
[4627279] Could not find attributes for miroslav stevanovic (Servette Football Club 1890 SA, 2025)
[3433195] Failed to build match row: Bologna Football Club 1909 vs Parma Calcio 1913
[4627279] Failed to build match row: Servette Football Club 1890 SA vs FC Basel 1893 AG
[3426959] Could not find attributes for enner valencia (Fenerbahçe Spor Kulübü, 2020)
[3426959] Failed to build match row: Fenerbahçe Spor Kulübü vs Alanyaspor
[3602579] Could not find attributes for artur nigmatullin (FK Nizhny Novgorod, 2021)
[3602579] Failed to build match row: FK Nizhny Novgorod vs FK Spartak Moskva
[3944824] Failed to scrape lineup: https://www.transfermarkt.co.uk/vorskla-poltava_rukh-lviv/index/spielbericht/3944824
[3513607] Could not find attributes for ziga laci (Athlitiki Enosi Konstantinoupoleos, 2020)
[3513607] Failed to build match row: Athlitiki Enosi Konstantinoupoleos vs Aris Thessalonikis
[4363496] Could not find attributes for filip cihak (FC Hradec Králové a.s., 2024)
[4363496] Failed to build match row: FC Hradec Králové a.s. vs MFK Karvina
[4457572] Could not find attributes for stavros platsiotas (Apollon Kryas Vrysis, 2024)
[4457572] Failed to build match row: Apollon Kryas Vrysis vs Volou Neos Podosferikos Syllogos
[3651884] Failed to build match row: Hannover 96 vs Fortuna Düsseldorf
[3450714] Could not find attributes for gianni zuiverloon (ADO Den Haag, 2020)
[3612994] Could not find attributes for shapi suleymanov (Giresunspor, 2021)
[3450714] Failed to build match row: ADO Den Haag vs Fortuna Sittardia Combinatie

Keepers & outfield error for **Asociación Atlética Argentinos Juniors** in Racing Club Asociación Civil de Avellaneda vs Asociación Atlética Argentinos Juniors: Numbers: 0 and 11.
[3612994] Failed to build match row: Giresunspor vs Altay SK
[4798304] Failed to build match row: Racing Club Asociación Civil de Avellaneda vs Asociación Atlética Argentinos Juniors
[4367945] Could not find attributes for nikolai hopland (Sportclub Heerenveen, 2024)
[3462322] Could not find attributes for jaume costa (Villarreal Club de Fútbol S.A.D., 2020)

Keepers & outfield error for **Grupo Desportivo Estoril Praia** in Grupo Desportivo Estoril Praia vs Gil Vicente Futebol Clube: Numbers: 0 and 11.
[4120727] Could not find attributes for kiril fesyun (FK Kolos Kovalivka, 2023)
[4120727] Failed to build match row: FC Shakhtar Donetsk vs FK Kolos Kovalivka
[3462322] Failed to build match row: Villarreal Club de Fútbol S.A.D. vs Maccabi Tel Aviv
[4367945] Failed to build match row: Sportclub Heerenveen vs AFC Ajax Amsterdam
[4396764] Failed to build match row: Grupo Desportivo Estoril Praia vs Gil Vicente Futebol Clube
[4050049] Could not find attributes for yevgen volynets (FK Kolos Kovalivka, 2022)
[4050049] Failed to build match row: FK Kolos Kovalivka vs FC Zorya Lugansk
[3602580] Could not find attributes for aleksandr belenov (FK Ufa, 2021)
[3602580] Failed to build match row: FK Ufa vs FK Krasnodar
[4408276] Could not find attributes for david volk (Dinamo Makhachkala, 2024)
[4408276] Failed to build match row: Dinamo Makhachkala vs Fakel Voronezh
[3426960] Could not find attributes for fabien farnolle (Erzurumspor FK, 2020)
[3426960] Failed to build match row: Erzurumspor FK vs Fenerbahçe Spor Kulübü

Keepers & outfield error for **Leicester City** in Leicester City vs Arsenal Football Club: Numbers: 0 and 11.
[3838746] Failed to build match row: Leicester City vs Arsenal Football Club
[4647844] Could not find attributes for tayyip talha sanuc (Gaziantep Futbol Kulübü A.Ş., 2025)
[4647844] Failed to build match row: Gaziantep Futbol Kulübü A.Ş. vs Antalyaspor
[3944825] Could not find attributes for oleg mozil (TOV FK Metalist 1925 Kharkiv, 2022)
[3944825] Failed to build match row: TOV FK Metalist 1925 Kharkiv vs FC Minaj
[3450715] Could not find attributes for tyronne ebuehi (Football Club Twente, 2020)
[3450715] Failed to build match row: Football Club Twente vs Feyenoord Rotterdam
[3621410] Failed to scrape lineup: https://www.transfermarkt.co.uk/sporting-cp_vitoria-guimaraes-sc/index/spielbericht/3621410
[4811013] Could not find attributes for viery (Grêmio Foot-Ball Porto Alegrense, 2025)
[4811013] Failed to build match row: Grêmio Foot-Ball Porto Alegrense vs Clube Atlético Mineiro
[3462323] Could not find attributes for andreas gruber (Linzer Athletik-Sport-Klub, 2020)
[3462323] Failed to build match row: Royal Antwerp Football Club vs Linzer Athletik-Sport-Klub
[4521330] Failed to scrape lineup: https://www.transfermarkt.co.uk/inter-miami-cf_nashville-sc/index/spielbericht/4521330
[4363497] Could not find attributes for milan heca (1. FC Slovácko, 2024)
[4363497] Failed to build match row: 1. FC Slovácko vs SK Dynamo Ceske Budejovice
[4637900] Could not find attributes for yuriy oshchepkov (Ilpar Ilyinsky, 2025)
[4637900] Failed to build match row: Ilpar Ilyinsky vs Nosta Novotroitsk
[3513608] Could not find attributes for christopher knett (Panetolikos Agrinio, 2020)
[3513608] Failed to build match row: Panetolikos Agrinio vs PAS Giannina
[3944826] Failed to scrape lineup: https://www.transfermarkt.co.uk/shakhtar-donetsk_kolos-kovalivka/index/spielbericht/3944826
[3714016] Could not find attributes for mikhail kerzhakov (AO FK Zenit Sankt-Peterburg, 2021)
[3714016] Failed to build match row: AO FK Zenit Sankt-Peterburg vs Real Betis Balompié S.A.D.
[4425207] Failed to scrape lineup: https://www.transfermarkt.co.uk/newcastle-united-jets_perth-glory/index/spielbericht/4425207
[3450716] Could not find attributes for mario gotze (Eindhovense Voetbalvereniging Philips Sport Vereniging, 2020)
[4408277] Could not find attributes for aleksandr vasyutin (Akron Togliatti, 2024)
[3450716] Failed to build match row: Fortuna Sittardia Combinatie vs Eindhovense Voetbalvereniging Philips Sport Vereniging
[3612995] Could not find attributes for ryan donk (Kasımpaşa A.Ş., 2021)
[4408277] Failed to build match row: Akron Togliatti vs FC Orenburg
[3612995] Failed to build match row: Kasımpaşa A.Ş. vs Sivasspor
[4172120] Could not find attributes for maksym taloverov (Linzer Athletik-Sport-Klub, 2023)
[4172120] Failed to build match row: Toulouse Football Club vs Linzer Athletik-Sport-Klub
[4050050] Failed to build match row: SC Dnipro-1 vs FC Rukh Lviv

Keepers & outfield error for **Sporting Clube de Braga** in Sporting Clube de Braga vs Moreirense Futebol Clube: Numbers: 0 and 11.
[4396765] Failed to build match row: Sporting Clube de Braga vs Moreirense Futebol Clube
[4649108] Could not find attributes for tarek aggoun (Fotbal Club Metaloglobus București SA, 2025)
[4649108] Failed to build match row: Asociația Sportivă Fotbal Club Universitatea Cluj vs Fotbal Club Metaloglobus București SA
[3513609] Could not find attributes for antonis tsiftsis (A.G.S Asteras Tripolis, 2020)
[3513609] Failed to build match row: A.G.S Asteras Tripolis vs PAS Lamia 1964
[4738984] Could not find attributes for euan greig (Tranent Juniors FC, 2025)
[4738984] Failed to build match row: Tranent Juniors FC vs Dundee North End FC
[4095166] Could not find attributes for vitinho (Burnley Football Club, 2023)
[4095166] Failed to build match row: Association Football Club Bournemouth vs Burnley Football Club
[3944827] Could not find attributes for kostyantyn vivcharenko (Futbolniy Klub Dynamo Kyiv, 2022)
[3944827] Failed to build match row: Futbolniy Klub Dynamo Kyiv vs Metalist Kharkiv
[3602581] Could not find attributes for ilya pomazun (Ural Yekaterinburg, 2021)
[3602581] Failed to build match row: Ural Yekaterinburg vs FC Khimki (-2025)
[4811014] Could not find attributes for felipe jonatan (Coritiba Foot Ball Club, 2025)

Keepers & outfield error for **Associazione Sportiva Roma** in Udinese Calcio vs Associazione Sportiva Roma: Numbers: 0 and 11.
[4811014] Failed to build match row: Coritiba Foot Ball Club vs São Paulo Futebol Clube
[3844785] Failed to build match row: Udinese Calcio vs Associazione Sportiva Roma
[4425208] Could not find attributes for lawrence wong (Melbourne City Football Club, 2024)
[4712534] Could not find attributes for veljko ilic (Widzew Łódź Spółka Akcyjna, 2025)
[4425208] Failed to build match row: Macarthur South West Sydney (A-League) vs Melbourne City Football Club
[4712534] Failed to build match row: Widzew Łódź Spółka Akcyjna vs Legia Warszawa Spółka Akcyjna
[4373528] Failed to scrape lineup: https://www.transfermarkt.co.uk/borussia-dortmund_tsg-1899-hoffenheim/index/spielbericht/4373528
[4363498] Could not find attributes for amar memic (FC Viktoria Plzeň, a.s., 2024)
[4363498] Failed to build match row: FC Viktoria Plzeň, a.s. vs FC Baník Ostrava a.s.
[3890128] Failed to scrape lineup: https://www.transfermarkt.co.uk/motherwell-fc_kilmarnock-fc/index/spielbericht/3890128
[3651885] Failed to scrape lineup: https://www.transfermarkt.co.uk/spielbericht/index/spielbericht/3651885
[4642439] Could not find attributes for gernot trauner (Feyenoord Rotterdam, 2025)
[3513610] Could not find attributes for davino verhulst (Apollon Smyrnis, 2020)
[4642439] Failed to build match row: Feyenoord Rotterdam vs Alkmaar Zaanstreek
[3513610] Failed to build match row: Apollon Smyrnis vs APS Atromitos Athinon
[4798305] Failed to scrape lineup: https://www.transfermarkt.co.uk/ca-river-plate_club-atletico-tigre/index/spielbericht/4798305
[4647846] Could not find attributes for wagner pina (Trabzonspor Kulübü, 2025)
[4457573] Could not find attributes for antonios flokos (AO Neas Ionias, 2024)
[4647846] Failed to build match row: Çaykur Rizespor Kulübü vs Trabzonspor Kulübü
[4457573] Failed to build match row: AO Neas Ionias vs Panionios Athens
[4132849] Could not find attributes for kelechi john (UD Oliveirense, 2023)
[4120728] Failed to scrape lineup: https://www.transfermarkt.co.uk/obolon-kyiv_polissya-zhytomyr/index/spielbericht/4120728

Keepers & outfield error for **Futebol Clube do Porto** in Futebol Clube do Porto vs Boavista FC: Numbers: 0 and 11.
[4132849] Failed to build match row: UD Oliveirense vs Gil Vicente Futebol Clube
[3621411] Failed to build match row: Futebol Clube do Porto vs Boavista FC
[3890129] Could not find attributes for adam devine (Rangers Football Club, 2022)
[3890129] Failed to build match row: Ross County FC vs Rangers Football Club
[4050051] Could not find attributes for pavlo isenko (Vorskla Poltava, 2022)
[4050051] Failed to build match row: Vorskla Poltava vs Metalist Kharkiv

Keepers & outfield error for **Western Sydney Wanderers** in Western Sydney Wanderers vs Auckland Football Club: Numbers: 2 and 9.
[4425209] Failed to build match row: Western Sydney Wanderers vs Auckland Football Club

Keepers & outfield error for **Paris Saint-Germain Football Club** in Stade Reims vs Paris Saint-Germain Football Club: Numbers: 2 and 9.
[3588837] Failed to build match row: Stade Reims vs Paris Saint-Germain Football Club
[4798306] Could not find attributes for joaquin novillo (Club Atlético Aldosivi, 2025)
[4798306] Failed to build match row: Club Atlético Aldosivi vs Club Atlético Rosario Central
[3944828] Could not find attributes for oleksandr bandura (FC Minaj, 2022)
[3944828] Failed to build match row: FC Minaj vs FC Shakhtar Donetsk
[4408278] Could not find attributes for evgeniy latyshonok (AO FK Zenit Sankt-Peterburg, 2024)
[4811016] Could not find attributes for marcelinho (Clube do Remo, 2025)
[4408278] Failed to build match row: AO FK Zenit Sankt-Peterburg vs FC Rubin Kazan
[4811016] Failed to build match row: Clube do Remo vs Sport Club Internacional

Keepers & outfield error for **Unione Sportiva Cremonese S.p.A.** in Atalanta Bergamasca Calcio S.p.a. vs Unione Sportiva Cremonese S.p.A.: Numbers: 0 and 11.
[3844786] Failed to build match row: Atalanta Bergamasca Calcio S.p.a. vs Unione Sportiva Cremonese S.p.A.
[4714978] Could not find attributes for temirlan anarbekov (Kairat Almaty, 2025)
[4714978] Failed to build match row: Football Club Internazionale Milano S.p.A. vs Kairat Almaty
[3872562] Failed to scrape lineup: https://www.transfermarkt.co.uk/spielbericht/index/spielbericht/3872562
[3597957] Failed to scrape lineup: https://www.transfermarkt.co.uk/vitesse-arnhem_pec-zwolle/index/spielbericht/3597957
[4109338] Failed to scrape lineup: https://www.transfermarkt.co.uk/boavista-fc_fc-famalicao/index/spielbericht/4109338
[4376628] Failed to scrape lineup: https://www.transfermarkt.co.uk/rangers-fc_kilmarnock-fc/index/spielbericht/4376628
[3462324] Could not find attributes for bartol franjic (GNK Dinamo Zagreb, 2020)
[3462324] Failed to build match row: GNK Dinamo Zagreb vs RZ Pellets Wolfsberger Athletiksport Club
[4521331] Failed to scrape lineup: https://www.transfermarkt.co.uk/orlando-city-sc_cf-montreal/index/spielbericht/4521331
[4627280] Could not find attributes for marvin martins (Fussballclub Winterthur, 2025)

Keepers & outfield error for **Futebol Clube de Arouca** in Futebol Clube de Arouca vs Clube Desportivo Nacional: Numbers: 3 and 8.
[4627280] Failed to build match row: Fussballclub Winterthur vs FC Lugano
[4396767] Failed to build match row: Futebol Clube de Arouca vs Clube Desportivo Nacional
[3714017] Failed to scrape lineup: https://www.transfermarkt.co.uk/spielbericht/index/spielbericht/3714017
[4637902] Failed to scrape lineup: https://www.transfermarkt.co.uk/spielbericht/index/spielbericht/4637902
[4050052] Could not find attributes for vadym yushchyshyn (NK Veres Rivne, 2022)
[4050052] Failed to build match row: NK Veres Rivne vs FC Minaj
[3450717] Could not find attributes for piet velthuizen (Fortuna Sittardia Combinatie, 2020)
[3450717] Failed to build match row: Football Club Groningen vs Fortuna Sittardia Combinatie
[4373529] Could not find attributes for kevin muller (1. Fußballclub Heidenheim 1846, 2024)
[4373529] Failed to build match row: 1. Fußballclub Heidenheim 1846 vs Verein für Bewegungsspiele Stuttgart 1893
[4457574] Could not find attributes for bressan (Omilos Filathlon Irakliou FC, 2024)
[4457574] Failed to build match row: Omilos Filathlon Irakliou FC vs Panetolikos Agrinio
[3462325] Could not find attributes for uros spajic (Feyenoord Rotterdam, 2020)
[3462325] Failed to build match row: Feyenoord Rotterdam vs PFK CSKA Moskva
[3838748] Failed to scrape lineup: https://www.transfermarkt.co.uk/newcastle-united_brighton-amp-hove-albion/index/spielbericht/3838748
[4642440] Failed to scrape lineup: https://www.transfermarkt.co.uk/fortuna-sittard_pec-zwolle/index/spielbericht/4642440
[3651887] Failed to scrape lineup: https://www.transfermarkt.co.uk/spielbericht/index/spielbericht/3651887
[3944829] Failed to scrape lineup: https://www.transfermarkt.co.uk/fc-oleksandriya_pfc-lviv/index/spielbericht/3944829
[3513611] Failed to scrape lineup: https://www.transfermarkt.co.uk/aris-thessaloniki_panetolikos-gfs/index/spielbericht/3513611
[4547602] Failed to scrape lineup: https://www.transfermarkt.co.uk/spielbericht/index/spielbericht/4547602
[4649110] Could not find attributes for jerome onguene (Fotbal Club Petrolul Ploiești, 2025)
[3621412] Failed to build match row: Sporting Clube de Braga vs Portimonense SC
[4649110] Failed to build match row: Fotbal Club Petrolul Ploiești vs SC Oţelul Galaţi

Keepers & outfield error for **SC Cambuur Leeuwarden** in Football Club Twente vs SC Cambuur Leeuwarden: Numbers: 2 and 9.
[4095167] Failed to scrape lineup: https://www.transfermarkt.co.uk/arsenal-fc_sheffield-united/index/spielbericht/4095167
[3852749] Failed to build match row: Football Club Twente vs SC Cambuur Leeuwarden

Keepers & outfield error for **Fluminense Football Club** in Fluminense Football Club vs S. A. F. Botafogo: Numbers: 0 and 11.
[4811017] Failed to build match row: Fluminense Football Club vs S. A. F. Botafogo
[4120729] Could not find attributes for danylo varakuta (Chornomorets Odesa, 2023)
[4120729] Failed to build match row: Chornomorets Odesa vs NK Veres Rivne
[3602582] Could not find attributes for sergey pesjakov (FK Rostov, 2021)
[3602582] Failed to build match row: FK Rostov vs FK Nizhny Novgorod
[4396768] Could not find attributes for sandro cruz (Gil Vicente Futebol Clube, 2024)
[4396768] Failed to build match row: Gil Vicente Futebol Clube vs Casa Pia Atlético Clube
[4172121] Could not find attributes for bertug yildirim (Rennes, 2023)
[4172121] Failed to build match row: Villarreal Club de Fútbol S.A.D. vs Rennes
[4798307] Failed to scrape lineup: https://www.transfermarkt.co.uk/ca-barracas-central_club-de-gimnasia-y-esgrima-la-plata/index/spielbericht/4798307
[4647847] Could not find attributes for youssef ait bennasser (Kayserispor Kulübü, 2025)
[4647847] Failed to build match row: Kayserispor Kulübü vs Samsunspor
[3415488] Failed to scrape lineup: https://www.transfermarkt.co.uk/royal-antwerp-fc_kv-kortrijk/index/spielbericht/3415488
[4363499] Failed to scrape lineup: https://www.transfermarkt.co.uk/fk-pardubice_fk-dukla-prague/index/spielbericht/4363499
[3450718] Could not find attributes for gianni zuiverloon (ADO Den Haag, 2020)
[3450718] Failed to build match row: ADO Den Haag vs Feyenoord Rotterdam
[4627281] Could not find attributes for flavius daniliuc (FC Basel 1893 AG, 2025)
[4627281] Failed to build match row: FC Basel 1893 AG vs Fussballclub Winterthur
[4098055] Could not find attributes for metinho (Sparta Rotterdam, 2023)
[4098055] Failed to build match row: Sparta Rotterdam vs Football Club Utrecht
[4050053] Could not find attributes for mykyta shevchenko (FC Oleksandriya, 2022)
[3513612] Could not find attributes for vladimir bajic (Athlitiki Enosi Larisas, 2020)
[4050053] Failed to build match row: FC Oleksandriya vs Ingulets Petrove
[3513612] Failed to build match row: Athlitiki Enosi Larisas vs Athlitiki Enosi Konstantinoupoleos
[3426961] Failed to scrape lineup: https://www.transfermarkt.co.uk/mke-ankaragucu_basaksehir-fk/index/spielbericht/3426961
[4624923] Could not find attributes for luquinhas (Radomiak S.A., 2025)
[4624923] Failed to build match row: Radomiak S.A. vs KKS Lech Poznań Spółka Akcyjna
[4637903] Could not find attributes for yuriy stroganov (Anri Vladivostok, 2025)
[4637903] Failed to build match row: Anri Vladivostok vs KDV Tomsk
[4738985] Could not find attributes for louis hancock (Wick Academy FC, 2025)
[4738985] Failed to build match row: Wick Academy FC vs Benburb FC
[4172122] Failed to scrape lineup: https://www.transfermarkt.co.uk/spielbericht/index/spielbericht/4172122

Keepers & outfield error for **Aston Villa Football Club** in Aston Villa Football Club vs Luton Town: Numbers: 0 and 11.
[4095168] Failed to build match row: Aston Villa Football Club vs Luton Town
[4647849] Failed to scrape lineup: https://www.transfermarkt.co.uk/kasimpasa_besiktas-jk/index/spielbericht/4647849
[4373530] Could not find attributes for tiago tomas (Verein für Leibesübungen Wolfsburg, 2024)
[4373530] Failed to build match row: Sport-Club Freiburg vs Verein für Leibesübungen Wolfsburg
[4367946] Could not find attributes for patrick van aanholt (Sparta Rotterdam, 2024)
[3597958] Failed to scrape lineup: https://www.transfermarkt.co.uk/az-alkmaar_fc-groningen/index/spielbericht/3597958
[4109339] Failed to scrape lineup: https://www.transfermarkt.co.uk/moreirense-fc_vitoria-guimaraes-sc/index/spielbericht/4109339
[4714979] Failed to scrape lineup: https://www.transfermarkt.co.uk/spielbericht/index/spielbericht/4714979
[4361391] Failed to scrape lineup: https://www.transfermarkt.co.uk/fulham-fc_aston-villa/index/spielbericht/4361391
[4367946] Failed to build match row: Sparta Rotterdam vs RKC Waalwijk
[4627282] Failed to scrape lineup: https://www.transfermarkt.co.uk/fc-thun_servette-fc/index/spielbericht/4627282
[4098056] Failed to scrape lineup: https://www.transfermarkt.co.uk/feyenoord-rotterdam_fc-volendam/index/spielbericht/4098056
[4363500] Failed to scrape lineup: https://www.transfermarkt.co.uk/fk-mlada-boleslav_bohemians-prague-1905/index/spielbericht/4363500
[4547603] Failed to scrape lineup: https://www.transfermarkt.co.uk/spielbericht/index/spielbericht/4547603
[3621413] Failed to scrape lineup: https://www.transfermarkt.co.uk/moreirense-fc_fc-pacos-de-ferreira/index/spielbericht/3621413
[4425210] Failed to scrape lineup: https://www.transfermarkt.co.uk/western-sydney-wanderers_central-coast-mariners/index/spielbericht/4425210

Keepers & outfield error for **Rio Ave Futebol Clube** in Rio Ave Futebol Clube vs Grupo Desportivo Estoril Praia: Numbers: 0 and 11.

Keepers & outfield error for **FC Girondins Bordeaux** in FC Girondins Bordeaux vs Racing Club de Lens: Numbers: 2 and 9.
[4408279] Could not find attributes for stanislav agkatsev (FK Krasnodar, 2024)
[4396769] Failed to build match row: Rio Ave Futebol Clube vs Grupo Desportivo Estoril Praia
[3588840] Failed to build match row: FC Girondins Bordeaux vs Racing Club de Lens
[4408279] Failed to build match row: FK Krasnodar vs Fakel Voronezh
[3450719] Could not find attributes for tyronne ebuehi (Football Club Twente, 2020)
[4811018] Failed to scrape lineup: https://www.transfermarkt.co.uk/clube-de-regatas-vasco-da-gama_esporte-clube-bahia/index/spielbericht/4811018
[3944830] Failed to scrape lineup: https://www.transfermarkt.co.uk/metalist-kharkiv_sc-dnipro-1/index/spielbericht/3944830
[4120730] Failed to scrape lineup: https://www.transfermarkt.co.uk/kryvbas-kryvyi-rig_kolos-kovalivka/index/spielbericht/4120730

Keepers & outfield error for **Associazione Sportiva Roma** in FC Empoli vs Associazione Sportiva Roma: Numbers: 0 and 11.
[3450719] Failed to build match row: Football Club Twente vs Heracles Almelo
[3844788] Failed to build match row: FC Empoli vs Associazione Sportiva Roma
[4376630] Could not find attributes for lawrence shankland (Heart of Midlothian Football Club, 2024)
[4376630] Failed to build match row: Saint Mirren Football Club vs Heart of Midlothian Football Club
[3651888] Could not find attributes for lewis holtby (Holstein Kiel, 2021)
[3651888] Failed to build match row: Turn- und Sportgemeinschaft 1899 Hoffenheim Fußball-Spielbetriebs vs Holstein Kiel
[4050054] Could not find attributes for bogdan sarnavskyi (FK Kryvbas Kryvyi Rig, 2022)
[4050054] Failed to build match row: FK Kryvbas Kryvyi Rig vs Chornomorets Odesa
[4373531] Failed to scrape lineup: https://www.transfermarkt.co.uk/fc-augsburg_bayer-04-leverkusen/index/spielbericht/4373531
[4109340] Failed to scrape lineup: https://www.transfermarkt.co.uk/rio-ave-fc_boavista-fc/index/spielbericht/4109340
[3462326] Could not find attributes for lukas hasalik (FC Slovan Liberec, 2020)
[4647850] Failed to scrape lineup: https://www.transfermarkt.co.uk/antalyaspor_basaksehir-fk/index/spielbericht/4647850
[4521337] Could not find attributes for beau leroux (San Jose Earthquakes, 2024)
[4649112] Could not find attributes for maks celic (Asociația Futball Klub Csíkszereda Miercurea Ciuc, 2025)
[3462326] Failed to build match row: Turn- und Sportgemeinschaft 1899 Hoffenheim Fußball-Spielbetriebs vs FC Slovan Liberec
[4649112] Failed to build match row: SC Dinamo 1948 SA vs Asociația Futball Klub Csíkszereda Miercurea Ciuc
[4172123] Could not find attributes for bart schenkeveld (Panathinaikos Athlitikos Omilos, 2023)
[4172123] Failed to build match row: Villarreal Club de Fútbol S.A.D. vs Panathinaikos Athlitikos Omilos
[3602583] Failed to scrape lineup: https://www.transfermarkt.co.uk/fc-krasnodar_dynamo-moscow/index/spielbericht/3602583
[4425211] Could not find attributes for luis felipe gallegos (Auckland Football Club, 2024)
[4425211] Failed to build match row: Auckland Football Club vs Melbourne City Football Club

Keepers & outfield error for **Football Club Utrecht** in Football Club Utrecht vs VVV-Venlo: Numbers: 0 and 11.
[4361392] Could not find attributes for abdoulaye doucoure (Everton Football Club, 2024)
[3450720] Failed to build match row: Football Club Utrecht vs VVV-Venlo
[4361392] Failed to build match row: Ipswich Town vs Everton Football Club
[4132850] Could not find attributes for igor stefanovic (Leixões SC, 2023)
[4132850] Failed to build match row: Leixões SC vs CD Feirense
[3433200] Failed to scrape lineup: https://www.transfermarkt.co.uk/as-roma_juventus-fc/index/spielbericht/3433200
[4620760] Failed to scrape lineup: https://www.transfermarkt.co.uk/ac-milan_pisa-sporting-club/index/spielbericht/4620760
[3651889] Failed to scrape lineup: https://www.transfermarkt.co.uk/spielbericht/index/spielbericht/3651889
[3872563] Could not find attributes for aymen mouelhi (St Joseph's FC, 2022)
[3872563] Failed to build match row: St Joseph's FC vs SK Slavia Praha, a.s.
[4050055] Failed to scrape lineup: https://www.transfermarkt.co.uk/pfc-lviv_metalist-1925-kharkiv/index/spielbericht/4050055
[4637904] Could not find attributes for stepan masalskikh (Temp Barnaul, 2025)
[4637904] Failed to build match row: Temp Barnaul vs Uralets-TS Nizhniy Tagil
[3944831] Could not find attributes for bogdan kogut (NK Veres Rivne, 2022)
[3944831] Failed to build match row: NK Veres Rivne vs FC Zorya Lugansk

Keepers & outfield error for **Nooit Opgeven Altijd Doorzetten Aangenaam Door Vermaak En Nuttig Door Ontspanning Combinatie Breda** in Nooit Opgeven Altijd Doorzetten Aangenaam Door Vermaak En Nuttig Door Ontspanning Combinatie Breda vs Sportclub Heerenveen: Numbers: 2 and 9.
[4642442] Failed to build match row: Nooit Opgeven Altijd Doorzetten Aangenaam Door Vermaak En Nuttig Door Ontspanning Combinatie Breda vs Sportclub Heerenveen
[3513613] Could not find attributes for apostolos diamantis (Omilos Filathlon Irakliou FC, 2020)

Keepers & outfield error for **FC Zürich** in FC Lugano vs FC Zürich: Numbers: 2 and 9.
[3513613] Failed to build match row: Omilos Filathlon Irakliou FC vs Volou Neos Podosferikos Syllogos
[4627283] Failed to build match row: FC Lugano vs FC Zürich
[4811019] Could not find attributes for sabino (São Paulo Futebol Clube, 2025)
[4408280] Failed to scrape lineup: https://www.transfermarkt.co.uk/krylya-sovetov-samara_lokomotiv-moscow/index/spielbericht/4408280
[4120731] Failed to scrape lineup: https://www.transfermarkt.co.uk/fc-oleksandriya_vorskla-poltava/index/spielbericht/4120731
[4811019] Failed to build match row: São Paulo Futebol Clube vs Grêmio Foot-Ball Porto Alegrense
[3852750] Could not find attributes for igor paixao (Feyenoord Rotterdam, 2022)
fc-famalicao/index/spielbericht/4396770
[3852750] Failed to build match row: Feyenoord Rotterdam vs RKC Waalwijk
[3462327] Failed to scrape lineup: https://www.transfermarkt.co.uk/spielbericht/index/spielbericht/3462327

Keepers & outfield error for **Futebol Clube do Porto** in Futebol Clube do Porto vs Grupo Desportivo Estoril Praia: Numbers: 0 and 11.
[4109341] Failed to build match row: Futebol Clube do Porto vs Grupo Desportivo Estoril Praia
[4676663] Could not find attributes for hendrik bonmann (Ludogorets Razgrad, 2025)
[4714982] Failed to scrape lineup: https://www.transfermarkt.co.uk/spielbericht/index/spielbericht/4714982
[4676663] Failed to build match row: Ludogorets Razgrad vs Ferencvárosi TC
[4798308] Could not find attributes for alexis steimbach (Club de Gimnasia y Esgrima La Plata, 2025)
[4624924] Could not find attributes for quentin lecoeuche (Wisła Płock Spółka Akcyjna, 2025)
[4798308] Failed to build match row: Club de Gimnasia y Esgrima La Plata vs Club Estudiantes de La Plata
[4459812] Could not find attributes for christos kumbulla (Ethnikos Piraeus, 2024)
[4624924] Failed to build match row: Wisła Płock Spółka Akcyjna vs Klub Sportowy Górnik Zabrze Sportowa Spółka Akcyjna
[4459812] Failed to build match row: Ethnikos Piraeus vs Aris Thessalonikis
[4098057] Could not find attributes for robin propper (Football Club Twente, 2023)
[3426962] Could not find attributes for robin yalcin (Sivasspor, 2020)
[4098057] Failed to build match row: Football Club Twente vs Excelsior Rotterdam
[3426962] Failed to build match row: Sivasspor vs Gaziantep Futbol Kulübü A.Ş.
[4367948] Could not find attributes for davy klaassen (AFC Ajax Amsterdam, 2024)
[4367948] Failed to build match row: AFC Ajax Amsterdam vs RKC Waalwijk
[4172124] Could not find attributes for mahamadou nagida (Rennes, 2023)
[4172124] Failed to build match row: Rennes vs Villarreal Club de Fútbol S.A.D.
[3450721] Failed to scrape lineup: https://www.transfermarkt.co.uk/pec-zwolle_twente-enschede-fc/index/spielbericht/3450721
[3872564] Failed to scrape lineup: https://www.transfermarkt.co.uk/spielbericht/index/spielbericht/3872564
[4425212] Could not find attributes for lucas herrington (Brisbane Roar FC, 2024)
[4425212] Failed to build match row: Sydney Football Club vs Brisbane Roar FC
[4637905] Could not find attributes for pavel panev (PSK Dinskaya, 2025)
[4637905] Failed to build match row: PSK Dinskaya vs Druzhba Maikop

Keepers & outfield error for **FC Vizela** in Futebol Clube de Famalicão vs FC Vizela: Numbers: 0 and 11.
[3944832] Could not find attributes for yuriy pankiv (FC Rukh Lviv, 2022)
[3621414] Failed to build match row: Futebol Clube de Famalicão vs FC Vizela
[3944832] Failed to build match row: FC Rukh Lviv vs TOV FK Metalist 1925 Kharkiv
[3714018] Could not find attributes for stjepan radeljic (FC Sheriff Tiraspol, 2021)
[3714018] Failed to build match row: FC Sheriff Tiraspol vs Sporting Clube de Braga
[4408281] Could not find attributes for igor akinfeev (PFK CSKA Moskva, 2024)
[4408281] Failed to build match row: PFK CSKA Moskva vs Dinamo Makhachkala
[3415491] Could not find attributes for vaclav jemelka (Oud-Heverlee Leuven, 2020)
[3415491] Failed to build match row: KAS Eupen vs Oud-Heverlee Leuven
[4738986] Could not find attributes for scot rough (Stranraer FC, 2025)
[4738986] Failed to build match row: Stranraer FC vs Glenafton Athletic FC
[4647851] Could not find attributes for wagner pina (Trabzonspor Kulübü, 2025)
[4647851] Failed to build match row: Trabzonspor Kulübü vs Eyüp Spor Kulübü
[4649113] Could not find attributes for jayson papeau (Asociația Fotbal Club Unirea 04 Slobozia, 2025)
[4649113] Failed to build match row: Asociația Fotbal Club Unirea 04 Slobozia vs Fotbal Club CFR 1907 Cluj SA
[4396771] Could not find attributes for issiaka kamate (AVS Futebol SAD, 2024)
[4396771] Failed to build match row: Sporting Clube de Portugal vs AVS Futebol SAD
[3602584] Could not find attributes for aleksandr soldatenkov (PFK Krylya Sovetov Samara, 2021)
[4547604] Failed to scrape lineup: https://www.transfermarkt.co.uk/spielbericht/index/spielbericht/4547604
[3602584] Failed to build match row: PFK Krylya Sovetov Samara vs FK Ufa
[3462328] Could not find attributes for gustavo busatto (CSKA-Sofia, 2020)
[3462328] Failed to build match row: CSKA-Sofia vs Berner Sport Club Young Boys
[3872565] Could not find attributes for bardur a reynatrod (Víkingur Gøta, 2022)
[3872565] Failed to build match row: Víkingur Gøta vs DAC Dunajska Streda

Keepers & outfield error for **Club Atlético Newell’s Old Boys** in Asociación de Fomento Deportivo Riestra Barrio Colón vs Club Atlético Newell’s Old Boys: Numbers: 2 and 9.
[4798309] Failed to build match row: Asociación de Fomento Deportivo Riestra Barrio Colón vs Club Atlético Newell’s Old Boys
[3426963] Could not find attributes for semih kaya (Yeni Malatyaspor, 2020)
[3944833] Could not find attributes for sergiy sydorchuk (Futbolniy Klub Dynamo Kyiv, 2022)
[3426963] Failed to build match row: Kayserispor Kulübü vs Yeni Malatyaspor
[4098058] Could not find attributes for oliver braude (Sportclub Heerenveen, 2023)
[3944833] Failed to build match row: Futbolniy Klub Dynamo Kyiv vs Vorskla Poltava
[4811020] Could not find attributes for raniele (Sport Club Corinthians Paulista, 2025)
[4098058] Failed to build match row: Eindhovense Voetbalvereniging Philips Sport Vereniging vs Sportclub Heerenveen
[4811020] Failed to build match row: Sport Club Corinthians Paulista vs Red Bull Bragantino
[4172125] Could not find attributes for bertug yildirim (Rennes, 2023)
[4172125] Failed to build match row: Rennes vs Maccabi Haifa
[4408282] Could not find attributes for andrey lunev (FK Dinamo Moskva, 2024)
[4408282] Failed to build match row: FK Dinamo Moskva vs FC Orenburg
[3597960] Could not find attributes for vurnon anita (RKC Waalwijk, 2021)
[4460822] Could not find attributes for oleksiy palamarchuk (Ingulets Petrove, 2024)
[3597960] Failed to build match row: Sparta Rotterdam vs RKC Waalwijk
[4367949] Could not find attributes for thom haye (Almere City FC, 2024)
[4361393] Failed to scrape lineup: https://www.transfermarkt.co.uk/liverpool-fc_chelsea-fc/index/spielbericht/4361393
[4460822] Failed to build match row: Ingulets Petrove vs NK Veres Rivne
[4367949] Failed to build match row: Football Club Groningen vs Almere City FC
[3621415] Could not find attributes for yohan tavares (B SAD, 2021)
[3621415] Failed to build match row: B SAD vs Clube Desportivo Santa Clara
[3426964] Could not find attributes for yassine meriah (Çaykur Rizespor Kulübü, 2020)
[3426964] Failed to build match row: Çaykur Rizespor Kulübü vs Denizlispor
[4053055] Failed to scrape lineup: https://www.transfermarkt.co.uk/cska-moscow_fc-khimki/index/spielbericht/4053055

Keepers & outfield error for **AFC Ajax Amsterdam** in AFC Ajax Amsterdam vs Eindhovense Voetbalvereniging Philips Sport Vereniging: Numbers: 2 and 9.
[4642444] Failed to build match row: AFC Ajax Amsterdam vs Eindhovense Voetbalvereniging Philips Sport Vereniging
[3602585] Could not find attributes for ilya pomazun (Ural Yekaterinburg, 2021)
[3602585] Failed to build match row: PFK CSKA Moskva vs Ural Yekaterinburg
[4521343] Failed to scrape lineup: https://www.transfermarkt.co.uk/atlanta-united-fc_chicago-fire-fc/index/spielbericht/4521343
[4714983] Failed to scrape lineup: https://www.transfermarkt.co.uk/spielbericht/index/spielbericht/4714983
[4120732] Failed to scrape lineup: https://www.transfermarkt.co.uk/lnz-cherkasy_sc-dnipro-1/index/spielbericht/4120732
[3513614] Failed to scrape lineup: https://www.transfermarkt.co.uk/panathinaikos-fc_olympiacos-piraeus/index/spielbericht/3513614
[4676664] Failed to scrape lineup: https://www.transfermarkt.co.uk/spielbericht/index/spielbericht/4676664

Keepers & outfield error for **SC Farense** in SC Farense vs Futebol Clube de Arouca: Numbers: 0 and 11.
[4109342] Failed to scrape lineup: https://www.transfermarkt.co.uk/sporting-cp_cf-estrela-amadora/index/spielbericht/4109342
[4396772] Failed to build match row: SC Farense vs Futebol Clube de Arouca
[4172126] Could not find attributes for bart schenkeveld (Panathinaikos Athlitikos Omilos, 2023)
[4172126] Failed to build match row: Rennes vs Panathinaikos Athlitikos Omilos
[3415492] Could not find attributes for strahinja pavlovic (Cercle Brugge Koninklijke Sportvereniging, 2020)
[3415492] Failed to build match row: Koninklijke Racing Club Genk vs Cercle Brugge Koninklijke Sportvereniging
[4624925] Failed to scrape lineup: https://www.transfermarkt.co.uk/zaglebie-lubin_pogon-szczecin/index/spielbericht/4624925
[4373533] Failed to scrape lineup: https://www.transfermarkt.co.uk/borussia-monchengladbach_holstein-kiel/index/spielbericht/4373533
[3612997] Could not find attributes for munir el kajoui (Hatayspor, 2021)
[3450722] Failed to scrape lineup: https://www.transfermarkt.co.uk/psv-eindhoven_feyenoord-rotterdam/index/spielbericht/3450722
[3612997] Failed to build match row: Trabzonspor Kulübü vs Hatayspor
[4647853] Could not find attributes for abdulsamet burak (Kayserispor Kulübü, 2025)
[4647853] Failed to build match row: Fatih Karagümrük Sportif Faaliyetler San. Tic. A.Ş. vs Kayserispor Kulübü
[4637906] Failed to scrape lineup: https://www.transfermarkt.co.uk/spielbericht/index/spielbericht/4637906
[3890133] Failed to scrape lineup: https://www.transfermarkt.co.uk/kilmarnock-fc_st-mirren-fc/index/spielbericht/3890133

Keepers & outfield error for **Alkmaar Zaanstreek** in Alkmaar Zaanstreek vs Almere City FC: Numbers: 2 and 9.
[4098060] Failed to build match row: Alkmaar Zaanstreek vs Almere City FC
[4396773] Could not find attributes for luis esteves (Clube Desportivo Nacional, 2024)
[4396773] Failed to build match row: Clube Desportivo Nacional vs Sporting Clube de Braga
[4172127] Could not find attributes for sharif kaiuf (Maccabi Haifa, 2023)
[4172127] Failed to build match row: Maccabi Haifa vs Villarreal Club de Fútbol S.A.D.
[4738987] Failed to scrape lineup: https://www.transfermarkt.co.uk/spielbericht/index/spielbericht/4738987
[4624926] Could not find attributes for matej rodin (Klub Sportowy Lechia Gdańsk, 2025)
[4624926] Failed to build match row: Termalica Bruk-Bet Nieciecza Klub Sportowy vs Klub Sportowy Lechia Gdańsk
[4620762] Failed to scrape lineup: https://www.transfermarkt.co.uk/parma-calcio-1913_como-1907/index/spielbericht/4620762
[4373534] Could not find attributes for rani khedira (1. Fußballclub Union Berlin, 2024)
[4373534] Failed to build match row: 1. Fußballclub Union Berlin vs VfL Bochum
[4637907] Could not find attributes for dmitriy landakov (2DROTS Moskau, 2025)
[4637907] Failed to build match row: 2DROTS Moskau vs Torpedo Vladimir
[3597961] Could not find attributes for nick bakker (Sportclub Heerenveen, 2021)
[3597961] Failed to build match row: Sportclub Heerenveen vs Feyenoord Rotterdam
[4408283] Failed to scrape lineup: https://www.transfermarkt.co.uk/akhmat-grozny_spartak-moscow/index/spielbericht/4408283
[3944834] Failed to scrape lineup: https://www.transfermarkt.co.uk/kryvbas-kryvyi-rig_ingulets-petrove/index/spielbericht/3944834
[4676666] Could not find attributes for hendrik bonmann (Ludogorets Razgrad, 2025)
[4676666] Failed to build match row: Ferencvárosi TC vs Ludogorets Razgrad
[3513615] Could not find attributes for yuriy lodygin (PAS Giannina, 2020)
[3513615] Failed to build match row: PAS Giannina vs Panthessalonikios Athlitikos Omilos Konstantinoupoliton
[4624927] Could not find attributes for mateusz klich (Klub Sportowy Cracovia Spółka Akcyjna, 2025)
[4624927] Failed to build match row: Klub Sportowy Cracovia Spółka Akcyjna vs Miejski Klub Sportowy Korona Kielce Spółka Akcyjna
[4172128] Could not find attributes for sharif kaiuf (Maccabi Haifa, 2023)
[4172128] Failed to build match row: Maccabi Haifa vs Rennes
[3612998] Could not find attributes for yunus akgun (Adana Demirspor, 2021)

Keepers & outfield error for **Club Internacional de Fútbol Miami** in Football Club Cincinnati vs Club Internacional de Fútbol Miami: Numbers: 0 and 11.

Keepers & outfield error for **Club Football Estrela da Amadora** in Clube Desportivo Santa Clara vs Club Football Estrela da Amadora: Numbers: 2 and 9.
[3612998] Failed to build match row: Alanyaspor vs Adana Demirspor
[3651891] Failed to scrape lineup: https://www.transfermarkt.co.uk/spielbericht/index/spielbericht/3651891
[3872567] Could not find attributes for mattias lamhauge (B36 Tórshavn, 2022)
[4521345] Failed to build match row: Football Club Cincinnati vs Club Internacional de Fútbol Miami
[4396774] Failed to build match row: Clube Desportivo Santa Clara vs Club Football Estrela da Amadora
[4132852] Could not find attributes for bakary konate (Länk FC Vilaverdense, 2023)
[3872567] Failed to build match row: B36 Tórshavn vs Tre Fiori FC
[4132852] Failed to build match row: Länk FC Vilaverdense vs Casa Pia Atlético Clube

Keepers & outfield error for **Motherwell Football Club** in Livingston Football Club vs Motherwell Football Club: Numbers: 0 and 11.
[3890134] Failed to build match row: Livingston Football Club vs Motherwell Football Club
[4363501] Could not find attributes for david moses (SK Slavia Praha, a.s., 2024)
[4363501] Failed to build match row: SK Slavia Praha, a.s. vs FK Jablonec a.s.
[4243693] Failed to scrape lineup: https://www.transfermarkt.co.uk/spielbericht/index/spielbericht/4243693
icht/3621416
[4627294] Failed to build match row: Fussballclub Winterthur vs FC Luzern
[4461903] Failed to scrape lineup: https://www.transfermarkt.co.uk/spielbericht/index/spielbericht/4461903
[3513616] Could not find attributes for christos mandas (APS Atromitos Athinon, 2020)
[3513616] Failed to build match row: APS Atromitos Athinon vs Athlitiki Enosi Larisas
[4054230] Failed to scrape lineup: https://www.transfermarkt.co.uk/spielbericht/index/spielbericht/4054230
[3426965] Failed to scrape lineup: https://www.transfermarkt.co.uk/hatayspor_besiktas-jk/index/spielbericht/3426965
[3602586] Failed to scrape lineup: https://www.transfermarkt.co.uk/lokomotiv-moscow_spartak-moscow/index/spielbericht/3602586
[4649115] Failed to scrape lineup: https://www.transfermarkt.co.uk/uta-arad_fc-universitatea-cluj/index/spielbericht/4649115
[4547618] Failed to scrape lineup: https://www.transfermarkt.co.uk/spielbericht/index/spielbericht/4547618
[4642445] Failed to scrape lineup: https://www.transfermarkt.co.uk/az-alkmaar_fc-twente-enschede/index/spielbericht/4642445
[4172129] Could not find attributes for sharif kaiuf (Maccabi Haifa, 2023)
[4172129] Failed to build match row: Maccabi Haifa vs Panathinaikos Athlitikos Omilos
[4521346] Could not find attributes for mohammed sofo (Red Bull New York, 2024)
[4521346] Failed to build match row: Red Bull New York vs New England Revolution
[4120733] Failed to scrape lineup: https://www.transfermarkt.co.uk/dynamo-kyiv_zorya-lugansk/index/spielbericht/4120733
[4109343] Failed to scrape lineup: https://www.transfermarkt.co.uk/sc-farense_fc-arouca/index/spielbericht/4109343

Keepers & outfield error for **Olympique de Marseille** in Association sportive de Monaco Football Club vs Olympique de Marseille: Numbers: 2 and 9.
[3588845] Failed to build match row: Association sportive de Monaco Football Club vs Olympique de Marseille
[3415493] Failed to scrape lineup: https://www.transfermarkt.co.uk/royal-excel-mouscron-2022-_standard-liege/index/spielbericht/3415493
[3944835] Could not find attributes for yevgen volynets (FK Kolos Kovalivka, 2022)
[4624928] Could not find attributes for luquinhas (Radomiak S.A., 2025)
[3944835] Failed to build match row: FK Kolos Kovalivka vs Chornomorets Odesa
[4624928] Failed to build match row: Klub Sportowy Górnik Zabrze Sportowa Spółka Akcyjna vs Radomiak S.A.
[4408284] Could not find attributes for aleksandr vasyutin (Akron Togliatti, 2024)
[4408284] Failed to build match row: Akron Togliatti vs FK Rostov
[4396775] Could not find attributes for bruno varela (Vitória Sport Clube, 2024)
[4396775] Failed to build match row: Vitória Sport Clube vs Futebol Clube do Porto
[4647854] Failed to scrape lineup: https://www.transfermarkt.co.uk/gaziantep-fk_fenerbahce/index/spielbericht/4647854
[4547619] Could not find attributes for moatasem al musrati (Association sportive de Monaco Football Club, 2024)
[4547619] Failed to build match row: Association sportive de Monaco Football Club vs Sport Lisboa e Benfica
[4642446] Could not find attributes for irakli yegoian (Excelsior Rotterdam, 2025)
[4425214] Failed to scrape lineup: https://www.transfermarkt.co.uk/adelaide-united_melbourne-victory/index/spielbericht/4425214
[4642446] Failed to build match row: Football Club Groningen vs Excelsior Rotterdam
[4649116] Could not find attributes for tarek aggoun (Fotbal Club Metaloglobus București SA, 2025)
[4649116] Failed to build match row: Fotbal Club Metaloglobus București SA vs Asociația Fotbal Club Hermannstadt

Keepers & outfield error for **Manchester City Football Club** in Football Club København vs Manchester City Football Club: Numbers: 0 and 11.
[4243694] Failed to build match row: Football Club København vs Manchester City Football Club
[3844791] Failed to scrape lineup: https://www.transfermarkt.co.uk/ss-lazio_hellas-verona/index/spielbericht/3844791
[4120734] Could not find attributes for yaroslav protsenko (TOV FK Metalist 1925 Kharkiv, 2023)
[4120734] Failed to build match row: TOV FK Metalist 1925 Kharkiv vs FC Rukh Lviv
[4376632] Could not find attributes for lawrence shankland (Heart of Midlothian Football Club, 2024)
[4376632] Failed to build match row: Heart of Midlothian Football Club vs Ross County FC

Keepers & outfield error for **Olympiakos Syndesmos Filathlon Peiraios** in Olympiakos Syndesmos Filathlon Peiraios vs Atalanta Bergamasca Calcio S.p.a.: Numbers: 2 and 9.
[3714021] Failed to build match row: Olympiakos Syndesmos Filathlon Peiraios vs Atalanta Bergamasca Calcio S.p.a.
[3513617] Could not find attributes for ziga laci (Athlitiki Enosi Konstantinoupoleos, 2020)
[3513617] Failed to build match row: Athlitiki Enosi Konstantinoupoleos vs A.G.S Asteras Tripolis
[3462330] Could not find attributes for moatasem al musrati (Sporting Clube de Braga, 2020)
[3462330] Failed to build match row: Sporting Clube de Braga vs Leicester City
[3852754] Failed to scrape lineup: https://www.transfermarkt.co.uk/ajax-amsterdam_fc-emmen/index/spielbericht/3852754
[3597963] Could not find attributes for ringo meerveld (Willem II Tilburg, 2021)
[3597963] Failed to build match row: Willem II Tilburg vs Nijmegen Eendracht Combinatie
[3415494] Could not find attributes for sandy walsh (Yellow-Red Koninklijke Voetbalclub Mechelen, 2020)
[3415494] Failed to build match row: Royal Sporting Club Anderlecht vs Yellow-Red Koninklijke Voetbalclub Mechelen

Keepers & outfield error for **Galatasaray Spor Kulübü** in Galatasaray Spor Kulübü vs Royale Union Saint-Gilloise: Numbers: 2 and 9.
[4714986] Failed to build match row: Galatasaray Spor Kulübü vs Royale Union Saint-Gilloise

Keepers & outfield error for **Galatasaray Spor Kulübü** in Galatasaray Spor Kulübü vs Göztepe Sportif Yatırımlar A.Ş.: Numbers: 2 and 9.
[4647855] Failed to build match row: Galatasaray Spor Kulübü vs Göztepe Sportif Yatırımlar A.Ş.

Keepers & outfield error for **Nooit Opgeven Altijd Doorzetten Aangenaam Door Vermaak En Nuttig Door Ontspanning Combinatie Breda** in Football Club Utrecht vs Nooit Opgeven Altijd Doorzetten Aangenaam Door Vermaak En Nuttig Door Ontspanning Combinatie Breda: Numbers: 2 and 9.
[4642447] Failed to build match row: Football Club Utrecht vs Nooit Opgeven Altijd Doorzetten Aangenaam Door Vermaak En Nuttig Door Ontspanning Combinatie Breda

Keepers & outfield error for **SC Fotbal Club FCSB SA** in SC Fotbal Club FCSB SA vs Fotbal Club Petrolul Ploiești: Numbers: 2 and 9.
[4649117] Failed to build match row: SC Fotbal Club FCSB SA vs Fotbal Club Petrolul Ploiești
[3433202] Failed to scrape lineup: https://www.transfermarkt.co.uk/spezia-calcio_us-sassuolo/index/spielbericht/3433202
[3714022] Failed to scrape lineup: https://www.transfermarkt.co.uk/spielbericht/index/spielbericht/3714022
[4120735] Could not find attributes for irakli azarovi (FC Shakhtar Donetsk, 2023)
[4120735] Failed to build match row: FC Shakhtar Donetsk vs FC Minaj
[4680794] Failed to scrape lineup: https://www.transfermarkt.co.uk/spielbericht/index/spielbericht/4680794
[4132853] Could not find attributes for chima akas (CF Os Belenenses, 2023)
[4132853] Failed to build match row: CF Os Belenenses vs Futebol Clube de Famalicão
[3462331] Could not find attributes for muamer tankovic (Athlitiki Enosi Konstantinoupoleos, 2020)
[4738988] Could not find attributes for bob wilson (Musselburgh Athletic FC, 2025)
[3462331] Failed to build match row: Athlitiki Enosi Konstantinoupoleos vs FC Zorya Lugansk
[4738988] Failed to build match row: Musselburgh Athletic FC vs Forfar Athletic FC
[3651892] Failed to scrape lineup: https://www.transfermarkt.co.uk/spielbericht/index/spielbericht/3651892
[3612999] Failed to scrape lineup: https://www.transfermarkt.co.uk/kayserispor_gaziantep-fk/index/spielbericht/3612999
[3872569] Could not find attributes for laurit krasniqi (Royal Antwerp Football Club, 2022)
[3872569] Failed to build match row: Royal Antwerp Football Club vs FC Drita
[4396776] Failed to scrape lineup: https://www.transfermarkt.co.uk/boavista-fc_sl-benfica/index/spielbericht/4396776
[4363502] Failed to scrape lineup: https://www.transfermarkt.co.uk/fc-slovan-liberec_ac-sparta-prague/index/spielbericht/4363502
[4649118] Could not find attributes for conrado (SC Oţelul Galaţi, 2025)
[4649118] Failed to build match row: SC Oţelul Galaţi vs F.C.V. Farul Constanța SA
[4408285] Could not find attributes for nikita kokarev (FC Khimki (-2025), 2024)
[4408285] Failed to build match row: FC Khimki (-2025) vs FK Nizhny Novgorod
[4798310] Failed to scrape lineup: https://www.transfermarkt.co.uk/defensa-y-justicia_ca-velez-sarsfield/index/spielbericht/4798310
[3426966] Could not find attributes for mattias johansson (Gençlerbirliği Spor Kulübü, 2020)
[4120736] Could not find attributes for denys boyko (FK Polissya Zhytomyr, 2023)
[3450723] Failed to scrape lineup: https://www.transfermarkt.co.uk/ajax-amsterdam_ado-den-haag/index/spielbericht/3450723
[3426966] Failed to build match row: Galatasaray Spor Kulübü vs Gençlerbirliği Spor Kulübü
[4120736] Failed to build match row: FK Polissya Zhytomyr vs Chornomorets Odesa
[4425215] Could not find attributes for kazuki nagasawa (Wellington Phoenix Football Club, 2024)
[4425215] Failed to build match row: Macarthur South West Sydney (A-League) vs Wellington Phoenix Football Club

Keepers & outfield error for **Futebol Clube do Porto** in Arsenal Football Club vs Futebol Clube do Porto: Numbers: 0 and 11.
[3602587] Failed to scrape lineup: https://www.transfermarkt.co.uk/fc-sochi_zenit-st-petersburg/index/spielbericht/3602587
[4172130] Failed to scrape lineup: https://www.transfermarkt.co.uk/spielbericht/index/spielbericht/4172130
[4243696] Failed to build match row: Arsenal Football Club vs Futebol Clube do Porto

Keepers & outfield error for **Manchester City Football Club** in Manchester United Football Club vs Manchester City Football Club: Numbers: 0 and 11.
[4095173] Failed to build match row: Manchester United Football Club vs Manchester City Football Club

Keepers & outfield error for **Portimonense SC** in Portimonense SC vs Club Football Estrela da Amadora: Numbers: 0 and 11.
[4132854] Failed to build match row: Portimonense SC vs Club Football Estrela da Amadora
[3513618] Could not find attributes for boris kleyman (Volou Neos Podosferikos Syllogos, 2020)
[3513618] Failed to build match row: Volou Neos Podosferikos Syllogos vs Apollon Smyrnis
[3621418] Failed to scrape lineup: https://www.transfermarkt.co.uk/fc-arouca_cd-tondela/index/spielbericht/3621418
[4624929] Could not find attributes for jakub ligocki (Zagłębie Lubin Spółka Akcyjna, 2025)
[4624929] Failed to build match row: Jagiellonia-Bialystok Sportowa Spólka Akcyjna vs Zagłębie Lubin Spółka Akcyjna
[3944836] Could not find attributes for yegor nazaryna (FC Shakhtar Donetsk, 2022)
[3944836] Failed to build match row: FC Shakhtar Donetsk vs FC Oleksandriya
[3890135] Failed to scrape lineup: https://www.transfermarkt.co.uk/rangers-fc_celtic-fc/index/spielbericht/3890135
[4547620] Failed to scrape lineup: https://www.transfermarkt.co.uk/spielbericht/index/spielbericht/4547620
[4425216] Could not find attributes for luis canga (Perth Glory Football Club, 2024)
[4425216] Failed to build match row: Perth Glory Football Club vs Western United FC
[4054231] Failed to scrape lineup: https://www.transfermarkt.co.uk/spielbericht/index/spielbericht/4054231
[3844792] Failed to scrape lineup: https://www.transfermarkt.co.uk/us-lecce_ac-monza/index/spielbericht/3844792
[3415496] Could not find attributes for amine khammas (SK Beveren, 2020)
[3415496] Failed to build match row: SK Beveren vs Beerschot VA
[4647857] Could not find attributes for karol linetty (Kocaelispor Kulübü, 2025)
[4647857] Failed to build match row: Kocaelispor Kulübü vs Alanyaspor

Keepers & outfield error for **Real Betis Balompié S.A.D.** in Real Betis Balompié S.A.D. vs AO FK Zenit Sankt-Peterburg: Numbers: 0 and 11.
[3714024] Failed to build match row: Real Betis Balompié S.A.D. vs AO FK Zenit Sankt-Peterburg
[4367952] Failed to scrape lineup: https://www.transfermarkt.co.uk/fortuna-sittard_go-ahead-eagles/index/spielbericht/4367952
[4637908] Could not find attributes for vitaliy ushakov (Amkal Moscow, 2025)
[4637908] Failed to build match row: Amkal Moscow vs Kvant Obninsk
[4521348] Could not find attributes for jovan lukic (Philadelphia Union, 2024)
[4521348] Failed to build match row: Philadelphia Union vs Club de Foot Montréal
[4680795] Failed to scrape lineup: https://www.transfermarkt.co.uk/spielbericht/index/spielbericht/4680795
[3621419] Failed to scrape lineup: https://www.transfermarkt.co.uk/fc-porto_fc-pacos-de-ferreira/index/spielbericht/3621419
[4363503] Could not find attributes for matous trmal (FK Teplice, a.s., 2024)
[4363503] Failed to build match row: FK Teplice, a.s. vs 1. FC Slovácko
[4054232] Failed to scrape lineup: https://www.transfermarkt.co.uk/spielbericht/index/spielbericht/4054232
[4095174] Failed to scrape lineup: https://www.transfermarkt.co.uk/west-ham-united_everton-fc/index/spielbericht/4095174
[4425217] Failed to scrape lineup: https://www.transfermarkt.co.uk/newcastle-united-jets_central-coast-mariners/index/spielbericht/4425217
[4120737] Failed to scrape lineup: https://www.transfermarkt.co.uk/nk-veres-rivne_kryvbas-kryvyi-rig/index/spielbericht/4120737
[4642448] Failed to scrape lineup: https://www.transfermarkt.co.uk/fc-volendam_sc-heerenveen/index/spielbericht/4642448
[3513619] Could not find attributes for amr warda (Panthessalonikios Athlitikos Omilos Konstantinoupoliton, 2020)
[3513619] Failed to build match row: Panthessalonikios Athlitikos Omilos Konstantinoupoliton vs PAS Lamia 1964
[3450724] Failed to scrape lineup: https://www.transfermarkt.co.uk/feyenoord-rotterdam_psv-eindhoven/index/spielbericht/3450724
[4376635] Failed to scrape lineup: https://www.transfermarkt.co.uk/rangers-fc_hibernian-fc/index/spielbericht/4376635
[3602588] Failed to scrape lineup: https://www.transfermarkt.co.uk/rubin-kazan_fc-khimki/index/spielbericht/3602588
[4172131] Failed to scrape lineup: https://www.transfermarkt.co.uk/spielbericht/index/spielbericht/4172131
[4798311] Failed to scrape lineup: https://www.transfermarkt.co.uk/ca-boca-juniors_club-atletico-platense/index/spielbericht/4798311
[4396777] Failed to scrape lineup: https://www.transfermarkt.co.uk/vitoria-guimaraes-sc_gd-estoril-praia/index/spielbericht/4396777
[4637909] Failed to scrape lineup: https://www.transfermarkt.co.uk/spielbericht/index/spielbericht/4637909
[4521351] Could not find attributes for walker zimmerman (Nashville SC, 2024)
[4521351] Failed to build match row: Nashville SC vs Columbus Crew
[3588847] Failed to scrape lineup: https://www.transfermarkt.co.uk/fc-nantes_ogc-nice/index/spielbericht/3588847
[4363504] Could not find attributes for tadeas stoppen (SK Sigma Olomouc, a.s., 2024)
[4363504] Failed to build match row: SK Sigma Olomouc, a.s. vs FC Hradec Králové a.s.
[3944837] Could not find attributes for sergiy sydorchuk (Futbolniy Klub Dynamo Kyiv, 2022)
[3944837] Failed to build match row: Futbolniy Klub Dynamo Kyiv vs FK Kryvbas Kryvyi Rig
[4120738] Could not find attributes for oleksandr kemkin (FC Minaj, 2023)
[4120738] Failed to build match row: FC Minaj vs FC Oleksandriya
[3714025] Could not find attributes for borna barisic (Rangers Football Club, 2021)
[3714025] Failed to build match row: Rangers Football Club vs Borussia Dortmund
[4624930] Could not find attributes for quentin lecoeuche (Wisła Płock Spółka Akcyjna, 2025)
[4624930] Failed to build match row: KKS Lech Poznań Spółka Akcyjna vs Wisła Płock Spółka Akcyjna
[4367953] Could not find attributes for marvin young (Sparta Rotterdam, 2024)
[4367953] Failed to build match row: Heracles Almelo vs Sparta Rotterdam
[4408286] Failed to scrape lineup: https://www.transfermarkt.co.uk/spartak-moscow_lokomotiv-moscow/index/spielbericht/4408286
[4738989] Failed to scrape lineup: https://www.transfermarkt.co.uk/spielbericht/index/spielbericht/4738989
[3621421] Failed to scrape lineup: https://www.transfermarkt.co.uk/sc-braga_boavista-fc/index/spielbericht/3621421
[3462333] Failed to scrape lineup: https://www.transfermarkt.co.uk/spielbericht/index/spielbericht/3462333
[4642449] Failed to scrape lineup: https://www.transfermarkt.co.uk/fortuna-sittard_feyenoord-rotterdam/index/spielbericht/4642449
[4055000] Failed to scrape lineup: https://www.transfermarkt.co.uk/spielbericht/index/spielbericht/4055000
[3426967] Failed to scrape lineup: https://www.transfermarkt.co.uk/fatih-karagumruk_konyaspor/index/spielbericht/3426967
[4714989] Failed to scrape lineup: https://www.transfermarkt.co.uk/spielbericht/index/spielbericht/4714989
[3450725] Could not find attributes for devyne rensch (AFC Ajax Amsterdam, 2020)
[3450725] Failed to build match row: AFC Ajax Amsterdam vs Football Club Utrecht
[3597965] Failed to scrape lineup: https://www.transfermarkt.co.uk/ajax-amsterdam_fortuna-sittard/index/spielbericht/3597965
[4396778] Failed to scrape lineup: https://www.transfermarkt.co.uk/rio-ave-fc_sc-farense/index/spielbericht/4396778
[4798312] Failed to scrape lineup: https://www.transfermarkt.co.uk/ca-independiente_ca-lanus/index/spielbericht/4798312
[3513620] Failed to scrape lineup: https://www.transfermarkt.co.uk/pas-giannina_ofi-crete-fc/index/spielbericht/3513620

Keepers & outfield error for **Wolverhampton Wanderers Football Club** in Wolverhampton Wanderers Football Club vs Manchester City Football Club: Numbers: 0 and 11.
[4361399] Failed to build match row: Wolverhampton Wanderers Football Club vs Manchester City Football Club
[4425218] Could not find attributes for corey brown (Brisbane Roar FC, 2024)
[4425218] Failed to build match row: Brisbane Roar FC vs Adelaide United Football Club
[4637910] Could not find attributes for ivan zirikov (Broke Boys Moscow, 2025)
[4637910] Failed to build match row: Broke Boys Moscow vs FC Orel
[3613001] Could not find attributes for burak bekaroglu (Fatih Karagümrük Sportif Faaliyetler San. Tic. A.Ş., 2021)
[3613001] Failed to build match row: Göztepe Sportif Yatırımlar A.Ş. vs Fatih Karagümrük Sportif Faaliyetler San. Tic. A.Ş.
[3944838] Could not find attributes for oleg mozil (TOV FK Metalist 1925 Kharkiv, 2022)
[3944838] Failed to build match row: TOV FK Metalist 1925 Kharkiv vs FC Zorya Lugansk

Keepers & outfield error for **Paris Saint-Germain Football Club** in Paris Saint-Germain Football Club vs Clermont Foot 63: Numbers: 2 and 9.
[3588848] Failed to build match row: Paris Saint-Germain Football Club vs Clermont Foot 63

Keepers & outfield error for **Vitória Sport Clube** in Futebol Clube de Famalicão vs Vitória Sport Clube: Numbers: 0 and 11.
[3602589] Could not find attributes for anton kochenkov (Arsenal Tula, 2021)
[3621422] Failed to build match row: Futebol Clube de Famalicão vs Vitória Sport Clube
[3602589] Failed to build match row: Arsenal Tula vs RFK Akhmat Grozny
[4363505] Could not find attributes for martin janacek (SK Dynamo Ceske Budejovice, 2024)
[4363505] Failed to build match row: SK Dynamo Ceske Budejovice vs MFK Karvina
[3462334] Could not find attributes for eitan tibi (Maccabi Tel Aviv, 2020)
[3462334] Failed to build match row: Maccabi Tel Aviv vs Villarreal Club de Fútbol S.A.D.
[3415497] Failed to scrape lineup: https://www.transfermarkt.co.uk/beerschot-va_kaa-gent/index/spielbericht/3415497
[3714026] Could not find attributes for vitinha (Sporting Clube de Braga, 2021)
[3714026] Failed to build match row: Sporting Clube de Braga vs FC Sheriff Tiraspol
[4647858] Failed to scrape lineup: https://www.transfermarkt.co.uk/eyupspor_kayserispor/index/spielbericht/4647858
[4680796] Failed to scrape lineup: https://www.transfermarkt.co.uk/spielbericht/index/spielbericht/4680796
[4055001] Could not find attributes for william clem (Football Club København, 2022)
[3513621] Could not find attributes for jose cholevas (Olympiakos Syndesmos Filathlon Peiraios, 2020)
[3513621] Failed to build match row: Olympiakos Syndesmos Filathlon Peiraios vs Aris Thessalonikis
[4055001] Failed to build match row: Fodbold Club Nordsjælland vs Football Club København
[3426968] Could not find attributes for irfan can egribayat (Göztepe Sportif Yatırımlar A.Ş., 2020)
[3838753] Could not find attributes for joao palhinha (Fulham Football Club, 2022)
[3426968] Failed to build match row: Göztepe Sportif Yatırımlar A.Ş. vs Antalyaspor
tball Club

Keepers & outfield error for **Club Atlético Talleres** in Club Atlético Talleres vs Club Atlético Gimnasia y Esgrima de Mendoza: Numbers: 2 and 9.
[4798313] Failed to build match row: Club Atlético Talleres vs Club Atlético Gimnasia y Esgrima de Mendoza
[3433204] Could not find attributes for matteo lovato (Verona Hellas Football Club, 2020)
[3433204] Failed to build match row: Verona Hellas Football Club vs Udinese Calcio
[3621423] Could not find attributes for yohan tavares (B SAD, 2021)
[3621423] Failed to build match row: B SAD vs Clube Desportivo de Tondela
[3602590] Could not find attributes for nikita chernov (FK Spartak Moskva, 2021)

Keepers & outfield error for **Gil Vicente Futebol Clube** in Gil Vicente Futebol Clube vs AVS Futebol SAD: Numbers: 0 and 11.
[3602590] Failed to build match row: FK Spartak Moskva vs Arsenal Tula
[4396779] Failed to build match row: Gil Vicente Futebol Clube vs AVS Futebol SAD
[3450726] Could not find attributes for marko vejinovic (ADO Den Haag, 2020)
[3450726] Failed to build match row: Fortuna Sittardia Combinatie vs ADO Den Haag
[3944839] Could not find attributes for max walef (SC Dnipro-1, 2022)
[3944839] Failed to build match row: SC Dnipro-1 vs Chornomorets Odesa
[3462335] Could not find attributes for shahrudin mahammadaliyev (Qarabağ FK, 2020)
[3462335] Failed to build match row: Qarabağ FK vs Sivasspor
[4624931] Could not find attributes for jakub zewlakow (Legia Warszawa Spółka Akcyjna, 2025)
[4624931] Failed to build match row: Legia Warszawa Spółka Akcyjna vs Motor Lublin Spółka Akcyjna
[3513622] Could not find attributes for nikolaos melissas (Panetolikos Agrinio, 2020)
[3513622] Failed to build match row: Panetolikos Agrinio vs Panathinaikos Athlitikos Omilos
[3651933] Failed to scrape lineup: https://www.transfermarkt.co.uk/spielbericht/index/spielbericht/3651933
[3602591] Could not find attributes for sergey pesjakov (FK Rostov, 2021)
[3602591] Failed to build match row: FK Rostov vs Футбольный клуб "Локомотив" Москва

Keepers & outfield error for **Futebol Clube de Arouca** in Moreirense Futebol Clube vs Futebol Clube de Arouca: Numbers: 2 and 9.
[4396780] Failed to build match row: Moreirense Futebol Clube vs Futebol Clube de Arouca
[4637911] Could not find attributes for kirill barchugov (Real World Challenge St. Petersburg, 2025)
[4637911] Failed to build match row: Real World Challenge St. Petersburg vs Zvezda St. Petersburg
[3462336] Could not find attributes for andreas gruber (Linzer Athletik-Sport-Klub, 2020)

Keepers & outfield error for **Aalborg BK** in Aalborg BK vs Silkeborg Idrætsforening: Numbers: 3 and 8.
[3462336] Failed to build match row: Linzer Athletik-Sport-Klub vs Royal Antwerp Football Club
[4055002] Failed to build match row: Aalborg BK vs Silkeborg Idrætsforening
[3450727] Could not find attributes for tyronne ebuehi (Football Club Twente, 2020)
[3714027] Could not find attributes for bruno costa (Futebol Clube do Porto, 2021)
[4642450] Failed to scrape lineup: https://www.transfermarkt.co.uk/nec-nijmegen_sc-telstar/index/spielbericht/4642450
[3597966] Could not find attributes for andre onana (AFC Ajax Amsterdam, 2021)
[4098062] Could not find attributes for arjany martha (AFC Ajax Amsterdam, 2023)
[4367954] Could not find attributes for nikolai hopland (Sportclub Heerenveen, 2024)
[4095176] Failed to scrape lineup: https://www.transfermarkt.co.uk/brentford-fc_west-ham-united/index/spielbericht/4095176
[3450727] Failed to build match row: Sparta Rotterdam vs Football Club Twente
[3597966] Failed to build match row: AFC Ajax Amsterdam vs Feyenoord Rotterdam
[3714027] Failed to build match row: Società Sportiva Lazio S.p.A. vs Futebol Clube do Porto
[4367954] Failed to build match row: Nooit Opgeven Altijd Doorzetten Aangenaam Door Vermaak En Nuttig Door Ontspanning Combinatie Breda vs Sportclub Heerenveen
[4098062] Failed to build match row: AFC Ajax Amsterdam vs Sparta Rotterdam
[3852758] Failed to scrape lineup: https://www.transfermarkt.co.uk/fortuna-sittard_az-alkmaar/index/spielbericht/3852758
[4647860] Could not find attributes for tayyip talha sanuc (Gaziantep Futbol Kulübü A.Ş., 2025)
[3621424] Could not find attributes for china (CS Marítimo, 2021)

Keepers & outfield error for **FC Zürich** in FC Zürich vs Berner Sport Club Young Boys: Numbers: 2 and 9.
[3621424] Failed to build match row: CS Marítimo vs Moreirense Futebol Clube
[4647860] Failed to build match row: Beşiktaş Jimnastik Kulübü vs Gaziantep Futbol Kulübü A.Ş.
[4627296] Failed to build match row: FC Zürich vs Berner Sport Club Young Boys
[4425220] Could not find attributes for kazuki nagasawa (Wellington Phoenix Football Club, 2024)
[4425220] Failed to build match row: Wellington Phoenix Football Club vs Melbourne Victory FC
[3944840] Could not find attributes for oleksandr ilyushchenkov (PFK Lviv, 2022)
[3890138] Failed to scrape lineup: https://www.transfermarkt.co.uk/hibernian-fc_aberdeen-fc/index/spielbericht/3890138

Keepers & outfield error for **San Diego Football Club** in San Diego Football Club vs Toronto FC: Numbers: 0 and 11.
[3944840] Failed to build match row: PFK Lviv vs Metalist Kharkiv
[4521355] Failed to build match row: San Diego Football Club vs Toronto FC
[3602592] Could not find attributes for giorgiy shelia (RFK Akhmat Grozny, 2021)
[3602592] Failed to build match row: RFK Akhmat Grozny vs AO FK Zenit Sankt-Peterburg
[4738990] Could not find attributes for shay kelly (Dumbarton FC, 2025)
[4738990] Failed to build match row: Dumbarton FC vs Tayport FC

Keepers & outfield error for **Boavista FC** in Boavista FC vs Sporting Clube de Braga: Numbers: 0 and 11.
[4396781] Failed to build match row: Boavista FC vs Sporting Clube de Braga
[4624932] Could not find attributes for benjamin mendy (Morski Klub Sportowy Pogoń Szczecin, 2025)
[4624932] Failed to build match row: Morski Klub Sportowy Pogoń Szczecin vs GKS GieKSa Katowice Spółka Akcyjna
[4120739] Could not find attributes for kiril fesyun (FK Kolos Kovalivka, 2023)
[4120739] Failed to build match row: FK Kolos Kovalivka vs SC Dnipro-1
[3450728] Could not find attributes for devyne rensch (AFC Ajax Amsterdam, 2020)
[3450728] Failed to build match row: AFC Ajax Amsterdam vs Alkmaar Zaanstreek
[4363506] Could not find attributes for milan heca (1. FC Slovácko, 2024)
[4095177] Could not find attributes for vitinho (Burnley Football Club, 2023)
[4649120] Could not find attributes for jayson papeau (Asociația Fotbal Club Unirea 04 Slobozia, 2025)
[4363506] Failed to build match row: 1. FC Slovácko vs FC Slovan Liberec
[4637912] Could not find attributes for danil subbotin (SSh Leningradets, 2025)
[4095177] Failed to build match row: Burnley Football Club vs Crystal Palace Football Club
[4649120] Failed to build match row: Asociația Futball Klub Csíkszereda Miercurea Ciuc vs Asociația Fotbal Club Unirea 04 Slobozia
[4637912] Failed to build match row: SSh Leningradets vs FC Cherepovets
[4172132] Could not find attributes for bart schenkeveld (Panathinaikos Athlitikos Omilos, 2023)
[4172132] Failed to build match row: Panathinaikos Athlitikos Omilos vs Maccabi Haifa
[4376637] Could not find attributes for oluwaseun adewumi (Dundee Football Club, 2024)
[3714214] Failed to scrape lineup: https://www.transfermarkt.co.uk/spielbericht/index/spielbericht/3714214
[4376637] Failed to build match row: Dundee Football Club vs The Celtic Football Club
[4098063] Failed to scrape lineup: https://www.transfermarkt.co.uk/fortuna-sittard_rkc-waalwijk/index/spielbericht/4098063
[4109344] Failed to scrape lineup: https://www.transfermarkt.co.uk/gd-chaves_sl-benfica/index/spielbericht/4109344
[4647861] Could not find attributes for uchenna ogundu (Alanyaspor, 2025)
[3433205] Could not find attributes for gabriele zappa (Cagliari Calcio, 2020)
[3415498] Could not find attributes for anthony musaba (Cercle Brugge Koninklijke Sportvereniging, 2020)
[4620765] Failed to scrape lineup: https://www.transfermarkt.co.uk/udinese-calcio_us-lecce/index/spielbericht/4620765
[4647861] Failed to build match row: Alanyaspor vs Antalyaspor
[4627297] Could not find attributes for flavius daniliuc (FC Basel 1893 AG, 2025)
[3433205] Failed to build match row: Atalanta Bergamasca Calcio S.p.a. vs Cagliari Calcio
[3415498] Failed to build match row: Cercle Brugge Koninklijke Sportvereniging vs KAS Eupen
[4627297] Failed to build match row: Football Club Lausanne-Sport vs FC Basel 1893 AG
[4408287] Could not find attributes for aleksandr soldatenkov (PFK Krylya Sovetov Samara, 2024)
[3462337] Failed to scrape lineup: https://www.transfermarkt.co.uk/spielbericht/index/spielbericht/3462337
[3890139] Failed to scrape lineup: https://www.transfermarkt.co.uk/livingston-fc_heart-of-midlothian-fc/index/spielbericht/3890139
[4408287] Failed to build match row: PFK Krylya Sovetov Samara vs RFK Akhmat Grozny
[3944841] Could not find attributes for gjoko zajkov (Vorskla Poltava, 2022)
[3944841] Failed to build match row: Vorskla Poltava vs FC Minaj
[3426969] Failed to scrape lineup: https://www.transfermarkt.co.uk/alanyaspor_kasimpasa/index/spielbericht/3426969
[4521356] Could not find attributes for reid roberts (San Jose Earthquakes, 2024)
[4521356] Failed to build match row: San Jose Earthquakes vs FC Dallas
[4425221] Could not find attributes for luis felipe gallegos (Auckland Football Club, 2024)
[4811021] Could not find attributes for reinaldo (Mirasol Futebol Clube, 2025)
[4425221] Failed to build match row: Macarthur South West Sydney (A-League) vs Auckland Football Club
[4811021] Failed to build match row: Mirasol Futebol Clube vs Cruzeiro Esporte Clube
[4098064] Could not find attributes for giovanni van zwam (Vitesse Arnhem, 2023)
[4098064] Failed to build match row: Vitesse Arnhem vs Heracles Almelo
[3513623] Failed to scrape lineup: https://www.transfermarkt.co.uk/apollon-smyrnis_ofi-crete-fc/index/spielbericht/3513623
[3597967] Failed to scrape lineup: https://www.transfermarkt.co.uk/twente-enschede-fc_pec-zwolle/index/spielbericht/3597967
[4624933] Failed to scrape lineup: https://www.transfermarkt.co.uk/rakow-czestochowa_arka-gdynia/index/spielbericht/4624933
[4363507] Could not find attributes for jakub martinec (FK Jablonec a.s., 2024)

Keepers & outfield error for **Associazione Sportiva Roma** in Associazione Sportiva Roma vs SK Slavia Praha, a.s.: Numbers: 2 and 9.
[3944842] Could not find attributes for oleksiy palamarchuk (Ingulets Petrove, 2022)
[3872571] Could not find attributes for johannes kreidl (Kuopion Palloseura, 2022)
[4172133] Failed to build match row: Associazione Sportiva Roma vs SK Slavia Praha, a.s.
[3944842] Failed to build match row: Ingulets Petrove vs FC Rukh Lviv
[4363507] Failed to build match row: FK Jablonec a.s. vs SK Sigma Olomouc, a.s.
[3872571] Failed to build match row: Kuopion Palloseura vs FC Milsami Orhei
[4408288] Could not find attributes for igor akinfeev (PFK CSKA Moskva, 2024)
[4408288] Failed to build match row: PFK CSKA Moskva vs FK Rostov

Keepers & outfield error for **Futebol Clube de Famalicão** in Futebol Clube de Famalicão vs Gil Vicente Futebol Clube: Numbers: 0 and 11.
[3651934] Failed to scrape lineup: https://www.transfermarkt.co.uk/spielbericht/index/spielbericht/3651934
[4109345] Failed to build match row: Futebol Clube de Famalicão vs Gil Vicente Futebol Clube
[4521368] Could not find attributes for jun ichimori (Gamba Osaka, 2024)
[4714993] Could not find attributes for joao palhinha (Tottenham Hotspur Football Club, 2025)
[4396783] Could not find attributes for vasco sousa (Futebol Clube do Porto, 2024)
[4098065] Failed to scrape lineup: https://www.transfermarkt.co.uk/rkc-waalwijk_heracles-almelo/index/spielbericht/4098065
[4462253] Could not find attributes for tarik muharemovic (Unione Sportiva Sassuolo Calcio, 2024)
[4811022] Could not find attributes for victor hugo (Clube Atlético Mineiro, 2025)
[4462253] Failed to build match row: Associazione Calcio Milan vs Unione Sportiva Sassuolo Calcio
[4396783] Failed to build match row: Clube Desportivo Santa Clara vs Futebol Clube do Porto
[4521368] Failed to build match row: Gamba Osaka vs Cerezo Osaka
[4627298] Could not find attributes for miroslav stevanovic (Servette Football Club 1890 SA, 2025)
[4425222] Could not find attributes for luis canga (Perth Glory Football Club, 2024)

Keepers & outfield error for **KV Kortrijk** in KV Kortrijk vs Koninklijke Racing Club Genk: Numbers: 0 and 11.
[4120740] Could not find attributes for oleksandr saputin (FC Zorya Lugansk, 2023)
[4811022] Failed to build match row: Clube Atlético Mineiro vs Clube do Remo
[4714993] Failed to build match row: Tottenham Hotspur Football Club vs SK Slavia Praha, a.s.
[4425222] Failed to build match row: Adelaide United Football Club vs Perth Glory Football Club
[4627298] Failed to build match row: Servette Football Club 1890 SA vs FC Lugano
[3415499] Failed to build match row: KV Kortrijk vs Koninklijke Racing Club Genk
[3462338] Could not find attributes for bakhtiyor zaynutdinov (PFK CSKA Moskva, 2020)
[4120740] Failed to build match row: FC Zorya Lugansk vs TOV FK Metalist 1925 Kharkiv
[3462338] Failed to build match row: PFK CSKA Moskva vs Feyenoord Rotterdam
[4055003] Failed to scrape lineup: https://www.transfermarkt.co.uk/spielbericht/index/spielbericht/4055003
[4367955] Failed to scrape lineup: https://www.transfermarkt.co.uk/pec-zwolle_nec-nijmegen/index/spielbericht/4367955

Keepers & outfield error for **Manchester City Football Club** in Sporting Clube de Portugal vs Manchester City Football Club: Numbers: 2 and 9.
[3714215] Failed to build match row: Sporting Clube de Portugal vs Manchester City Football Club
[3621425] Failed to scrape lineup: https://www.transfermarkt.co.uk/estoril-praia_gil-vicente-fc/index/spielbericht/3621425

Keepers & outfield error for **Olympique de Marseille** in Olympique de Marseille vs Rennes: Numbers: 2 and 9.
[3588915] Failed to build match row: Olympique de Marseille vs Rennes

Keepers & outfield error for **Gliwicki Klub Sportowy Piast Spółka Akcyjna** in Widzew Łódź Spółka Akcyjna vs Gliwicki Klub Sportowy Piast Spółka Akcyjna: Numbers: 0 and 11.
[4624934] Failed to build match row: Widzew Łódź Spółka Akcyjna vs Gliwicki Klub Sportowy Piast Spółka Akcyjna
[4373546] Failed to scrape lineup: https://www.transfermarkt.co.uk/vfb-stuttgart_fc-st-pauli/index/spielbericht/4373546
[3944843] Could not find attributes for yevgen volynets (FK Kolos Kovalivka, 2022)
[3944843] Failed to build match row: FK Kolos Kovalivka vs NK Veres Rivne
[4680797] Could not find attributes for willard mwanza (Zambia, 2025)
[4680797] Failed to build match row: Zambia vs Morocco
[4462376] Failed to scrape lineup: https://www.transfermarkt.co.uk/spielbericht/index/spielbericht/4462376
[4095178] Failed to scrape lineup: https://www.transfermarkt.co.uk/everton-fc_brighton-amp-hove-albion/index/spielbericht/4095178
[3613003] Failed to scrape lineup: https://www.transfermarkt.co.uk/gaziantep-fk_alanyaspor/index/spielbericht/3613003
[4363508] Could not find attributes for matus hruska (FK Dukla Praha a.s., 2024)
[3415500] Could not find attributes for sandy walsh (Yellow-Red Koninklijke Voetbalclub Mechelen, 2020)
[4408289] Could not find attributes for vitaliy gudiev (Fakel Voronezh, 2024)
[4363508] Failed to build match row: FK Dukla Praha a.s. vs SK Slavia Praha, a.s.
[4521370] Could not find attributes for kosei tani (Zelvia, 2024)
[4425223] Could not find attributes for luis felipe gallegos (Auckland Football Club, 2024)
[3415500] Failed to build match row: Yellow-Red Koninklijke Voetbalclub Mechelen vs Royal Antwerp Football Club
[4408289] Failed to build match row: Fakel Voronezh vs FK Dinamo Moskva
[4120741] Could not find attributes for pavlo isenko (Vorskla Poltava, 2023)
[4425223] Failed to build match row: Auckland Football Club vs Newcastle United Jets Football Club
[4521370] Failed to build match row: Zelvia vs Sanfrecce Hiroshima
[4620766] Failed to scrape lineup: https://www.transfermarkt.co.uk/hellas-verona_cagliari-calcio/index/spielbericht/4620766
[4811023] Could not find attributes for alexandro bernabei (Sport Club Internacional, 2025)

Keepers & outfield error for **Associazione Sportiva Roma** in Associazione Sportiva Roma vs FC Sheriff Tiraspol: Numbers: 2 and 9.
[4098066] Could not find attributes for shunsuke mito (Sparta Rotterdam, 2023)
[4098066] Failed to build match row: Fortuna Sittardia Combinatie vs Sparta Rotterdam
[4120741] Failed to build match row: Vorskla Poltava vs Futbolniy Klub Dynamo Kyiv
[4172134] Failed to build match row: Associazione Sportiva Roma vs FC Sheriff Tiraspol
[4649122] Could not find attributes for monday etim (U Craiova 1948 Club Sportiv SA, 2025)
[4811023] Failed to build match row: Sport Club Internacional vs Sociedade Esportiva Palmeiras
[3872578] Could not find attributes for ivan krajcirik (MFK Ruzomberok, 2022)

Keepers & outfield error for **Leicester City** in Manchester United Football Club vs Leicester City: Numbers: 0 and 11.
[4649122] Failed to build match row: Asociația Clubul Sportiv Campionii Fotbal Club Argeș vs U Craiova 1948 Club Sportiv SA
[3838756] Failed to build match row: Manchester United Football Club vs Leicester City
[3872578] Failed to build match row: MFK Ruzomberok vs Riga FC

Keepers & outfield error for **Manchester City Football Club** in Manchester City Football Club vs Football Club København: Numbers: 0 and 11.
[4625255] Could not find attributes for marko malenica (NK Osijek s.d.d., 2025)
[4243702] Failed to build match row: Manchester City Football Club vs Football Club København
[4625255] Failed to build match row: NK Osijek s.d.d. vs GNK Dinamo Zagreb
[3462339] Could not find attributes for taras kacharaba (FC Slovan Liberec, 2020)
[3462339] Failed to build match row: FC Slovan Liberec vs Turn- und Sportgemeinschaft 1899 Hoffenheim Fußball-Spielbetriebs

Keepers & outfield error for **Unione Sportiva Cremonese S.p.A.** in Unione Sportiva Cremonese S.p.A. vs Società Sportiva Lazio S.p.A.: Numbers: 0 and 11.
[3844797] Failed to build match row: Unione Sportiva Cremonese S.p.A. vs Società Sportiva Lazio S.p.A.

Keepers & outfield error for **FC Vizela** in FC Vizela vs Clube Desportivo Santa Clara: Numbers: 0 and 11.
[4738992] Failed to build match row: Caledonian Braves FC vs Stirling Albion FC
[3621426] Failed to build match row: FC Vizela vs Clube Desportivo Santa Clara
[3450729] Could not find attributes for urby emanuelson (Football Club Utrecht, 2020)

Keepers & outfield error for **Fulham Football Club** in Fulham Football Club vs Manchester United Football Club: Numbers: 2 and 9.
[4055280] Could not find attributes for ilya gaponov (PFK Krylya Sovetov Samara, 2022)
[3450729] Failed to build match row: Football Club Utrecht vs Eindhovense Voetbalvereniging Philips Sport Vereniging
[4095179] Failed to build match row: Fulham Football Club vs Manchester United Football Club
[4055280] Failed to build match row: PFK Krylya Sovetov Samara vs FC Khimki (-2025)

Keepers & outfield error for **SC Cambuur Leeuwarden** in SC Cambuur Leeuwarden vs Feyenoord Rotterdam: Numbers: 2 and 9.
[3944844] Could not find attributes for dmytro kryskiv (FC Shakhtar Donetsk, 2022)
[3852761] Failed to build match row: SC Cambuur Leeuwarden vs Feyenoord Rotterdam
[3513624] Failed to scrape lineup: https://www.transfermarkt.co.uk/asteras-tripolis_paok-thessaloniki/index/spielbericht/3513624
[3944844] Failed to build match row: FC Shakhtar Donetsk vs Ingulets Petrove
[3651935] Could not find attributes for jerome boateng (Olympique Lyonnais, 2021)
[3651935] Failed to build match row: AC Sparta Praha, a. s. vs Olympique Lyonnais
[3613004] Could not find attributes for burak bekaroglu (Fatih Karagümrük Sportif Faaliyetler San. Tic. A.Ş., 2021)
[3613004] Failed to build match row: Fatih Karagümrük Sportif Faaliyetler San. Tic. A.Ş. vs Fenerbahçe Spor Kulübü
[3602593] Could not find attributes for egor teslenko (FC Rubin Kazan, 2021)
[3602593] Failed to build match row: FC Rubin Kazan vs FK Krasnodar
[4109346] Failed to scrape lineup: https://www.transfermarkt.co.uk/sc-braga_portimonense-sc/index/spielbericht/4109346
[4132855] Could not find attributes for pawel kieszek (União de Leiria, 2023)
[4396785] Could not find attributes for luis esteves (Clube Desportivo Nacional, 2024)
[4132855] Failed to build match row: Boavista FC vs União de Leiria
[4396785] Failed to build match row: Clube Desportivo Nacional vs Sporting Clube de Portugal
[4363509] Could not find attributes for lukas hulka (Bohemians Praha 1905, a.s., 2024)
[4363509] Failed to build match row: Bohemians Praha 1905, a.s. vs FK Teplice, a.s.
[3426970] Could not find attributes for eren elmali (Kasımpaşa A.Ş., 2020)
[3433208] Could not find attributes for gianluca scamacca (Genoa Cricket and Football Club, 2020)
[3426970] Failed to build match row: Kasımpaşa A.Ş. vs Erzurumspor FK
[3433208] Failed to build match row: Genoa Cricket and Football Club vs Torino Calcio
[4408290] Could not find attributes for evgeniy staver (FC Rubin Kazan, 2024)
[4408290] Failed to build match row: FC Rubin Kazan vs Akron Togliatti
[4098067] Could not find attributes for robin propper (Football Club Twente, 2023)
[4098067] Failed to build match row: Football Club Twente vs Alkmaar Zaanstreek
[3450730] Could not find attributes for jari vlak (FC Emmen, 2020)
[3450730] Failed to build match row: FC Emmen vs Sportclub Heerenveen
[4120742] Could not find attributes for dmytro ledviy (FC Rukh Lviv, 2023)
[4120742] Failed to build match row: FC Rukh Lviv vs LNZ Cherkasy
[4620767] Could not find attributes for lorenzo bernasconi (Atalanta Bergamasca Calcio S.p.a., 2025)
[4620767] Failed to build match row: Atalanta Bergamasca Calcio S.p.a. vs Associazione Calcio Milan
[4638185] Could not find attributes for tom ritzy hulsmann (Turn- und Sportverein Egger Glas Hartberg, 2025)
[3597969] Could not find attributes for cuco martina (Go Ahead Eagles, 2021)
[4638185] Failed to build match row: Wattener Sportgemeinschaft Swarovski Tirol vs Turn- und Sportverein Egger Glas Hartberg

Keepers & outfield error for **Paris Saint-Germain Football Club** in Paris Saint-Germain Football Club vs Olympique Lyonnais: Numbers: 2 and 9.
[3597969] Failed to build match row: Go Ahead Eagles vs SC Cambuur Leeuwarden
[3588917] Failed to build match row: Paris Saint-Germain Football Club vs Olympique Lyonnais
[4642452] Could not find attributes for giannino vianello (Sparta Rotterdam, 2025)
[4642452] Failed to build match row: Sparta Rotterdam vs Go Ahead Eagles
[4680798] Could not find attributes for yannick pandor (Comoros, 2025)
[4680798] Failed to build match row: Comoros vs Mali

Keepers & outfield error for **Liverpool Football Club** in Newcastle United Football Club vs Liverpool Football Club: Numbers: 2 and 9.

Keepers & outfield error for **Manchester United Football Club** in Club Atlético de Madrid S.A.D. vs Manchester United Football Club: Numbers: 2 and 9.
[3838757] Failed to build match row: Newcastle United Football Club vs Liverpool Football Club
[3602594] Could not find attributes for artur nigmatullin (FK Nizhny Novgorod, 2021)
[3714218] Failed to build match row: Club Atlético de Madrid S.A.D. vs Manchester United Football Club
[4811024] Could not find attributes for luan peres (Santos Futebol Clube, 2025)

Keepers & outfield error for **Eintracht Frankfurt Fußball AG** in Eintracht Frankfurt Fußball AG vs 1. Fußball- und Sportverein Mainz 05: Numbers: 0 and 11.
[3602594] Failed to build match row: FK Nizhny Novgorod vs FK Dinamo Moskva
[3462340] Could not find attributes for osman bukari (Koninklijke Atletiek Associatie Gent, 2020)
[4811024] Failed to build match row: Clube Atlético Paranaense vs Santos Futebol Clube

Keepers & outfield error for **Saint Mirren Football Club** in Saint Mirren Football Club vs Motherwell Football Club: Numbers: 2 and 9.
[3462340] Failed to build match row: Koninklijke Atletiek Associatie Gent vs Fudbalski klub Crvena zvezda Beograd
[4373548] Failed to build match row: Eintracht Frankfurt Fußball AG vs 1. Fußball- und Sportverein Mainz 05
[3890142] Failed to build match row: Saint Mirren Football Club vs Motherwell Football Club
[4625256] Could not find attributes for martin zlomislic (Hrvatski Nogometni Klub Rijeka, 2025)
[4649123] Could not find attributes for danel dongmo (Fotbal Club Petrolul Ploiești, 2025)
[3872580] Could not find attributes for rihards matrevics (Valmiera FC, 2022)
[4367957] Could not find attributes for jorthy mokio (AFC Ajax Amsterdam, 2024)
[4625256] Failed to build match row: Hrvatski Nogometni Klub Rijeka vs NK Slaven Belupo Koprivnica
[4649123] Failed to build match row: Asociația Fotbal Club UTA Arad vs Fotbal Club Petrolul Ploiești
[3872580] Failed to build match row: Valmiera FC vs Shkendija Tetovo

Keepers & outfield error for **Clube Desportivo Santa Clara** in Clube Desportivo Santa Clara vs Clube Desportivo de Tondela: Numbers: 2 and 9.
[4367957] Failed to build match row: AFC Ajax Amsterdam vs Go Ahead Eagles
[4361402] Failed to scrape lineup: https://www.transfermarkt.co.uk/brentford-fc_ipswich-town/index/spielbericht/4361402

Keepers & outfield error for **Sporting Clube de Portugal** in Borussia Dortmund vs Sporting Clube de Portugal: Numbers: 0 and 11.
[4396786] Could not find attributes for xeka (Grupo Desportivo Estoril Praia, 2024)
[4547626] Failed to build match row: Borussia Dortmund vs Sporting Clube de Portugal
[3944845] Could not find attributes for dmitriy nepogodov (Chornomorets Odesa, 2022)
[4132856] Failed to build match row: Clube Desportivo Santa Clara vs Clube Desportivo de Tondela
[3944845] Failed to build match row: Chornomorets Odesa vs Futbolniy Klub Dynamo Kyiv
[4396786] Failed to build match row: Grupo Desportivo Estoril Praia vs Vitória Sport Clube
[3513625] Could not find attributes for julian cuesta (Aris Thessalonikis, 2020)
[3651936] Could not find attributes for borna barisic (Rangers Football Club, 2021)
[3513625] Failed to build match row: Aris Thessalonikis vs APS Atromitos Athinon
[3651936] Failed to build match row: Rangers Football Club vs Brøndby Idrætsforening
[3450731] Could not find attributes for ahmed touba (RKC Waalwijk, 2020)
[3597970] Could not find attributes for joeri de kamps (Sparta Rotterdam, 2021)
[4642453] Could not find attributes for irakli yegoian (Excelsior Rotterdam, 2025)
[4098068] Could not find attributes for oliver braude (Sportclub Heerenveen, 2023)
[3597970] Failed to build match row: Nijmegen Eendracht Combinatie vs Sparta Rotterdam
[3450731] Failed to build match row: Sparta Rotterdam vs RKC Waalwijk
[4642453] Failed to build match row: Excelsior Rotterdam vs Football Club Utrecht
[4098068] Failed to build match row: Prins Hendrik Ende Desespereert Nimmer Combinatie Zwolle vs Sportclub Heerenveen
[4408291] Could not find attributes for nikita medvedev (FK Nizhny Novgorod, 2024)
[4408291] Failed to build match row: FK Nizhny Novgorod vs Dinamo Makhachkala
[4120743] Could not find attributes for artem kychak (FK Obolon Kyiv, 2023)
[3415502] Could not find attributes for vaclav jemelka (Oud-Heverlee Leuven, 2020)
[3415502] Failed to build match row: Oud-Heverlee Leuven vs Royal Sporting Club Anderlecht
[4120743] Failed to build match row: FK Obolon Kyiv vs FC Shakhtar Donetsk
[3426971] Could not find attributes for enner valencia (Fenerbahçe Spor Kulübü, 2020)

Keepers & outfield error for **Associazione Sportiva Roma** in SK Slavia Praha, a.s. vs Associazione Sportiva Roma: Numbers: 2 and 9.
[3426971] Failed to build match row: Fenerbahçe Spor Kulübü vs MKE Ankaragücü

Keepers & outfield error for **Atalanta Bergamasca Calcio S.p.a.** in Atalanta Bergamasca Calcio S.p.a. vs Cesena FC: Numbers: 0 and 11.

Keepers & outfield error for **Villarreal Club de Fútbol S.A.D.** in Villarreal Club de Fútbol S.A.D. vs Football Club København: Numbers: 0 and 11.
[4462868] Failed to build match row: Atalanta Bergamasca Calcio S.p.a. vs Cesena FC
[4172136] Failed to build match row: SK Slavia Praha, a.s. vs Associazione Sportiva Roma
[4714996] Failed to build match row: Villarreal Club de Fútbol S.A.D. vs Football Club København
[4363510] Could not find attributes for jakub lapes (MFK Karvina, 2024)
[4363510] Failed to build match row: MFK Karvina vs FK Mladá Boleslav, a.s.
[4625257] Could not find attributes for oliver zelenika (NK Varazdin, 2025)

Keepers & outfield error for **Association Football Club Bournemouth** in Wolverhampton Wanderers Football Club vs Association Football Club Bournemouth: Numbers: 0 and 11.
[4625257] Failed to build match row: NK Varazdin vs HNK Gorica
[4649124] Could not find attributes for tarek aggoun (Fotbal Club Metaloglobus București SA, 2025)
[3838758] Failed to build match row: Wolverhampton Wanderers Football Club vs Association Football Club Bournemouth
[4649124] Failed to build match row: Fotbal Club Metaloglobus București SA vs F.C.V. Farul Constanța SA

Keepers & outfield error for **Associazione Sportiva Roma** in Feyenoord Rotterdam vs Associazione Sportiva Roma: Numbers: 2 and 9.

Keepers & outfield error for **Saint Mirren Football Club** in Aberdeen Football Club vs Saint Mirren Football Club: Numbers: 2 and 9.
[3602595] Could not find attributes for aleksandr belenov (FK Ufa, 2021)

Keepers & outfield error for **SC Farense** in SC Farense vs Rio Ave Futebol Clube: Numbers: 0 and 11.
[4243710] Failed to build match row: Feyenoord Rotterdam vs Associazione Sportiva Roma
[3890143] Failed to build match row: Aberdeen Football Club vs Saint Mirren Football Club
[4396787] Failed to build match row: SC Farense vs Rio Ave Futebol Clube
[3602595] Failed to build match row: FK Ufa vs FK Sochi
[4521374] Could not find attributes for naoto kamifukumoto (Shonan Bellmare, 2024)
[4521374] Failed to build match row: Shonan Bellmare vs Kashima Antlers FC
[4367958] Could not find attributes for marvin young (Sparta Rotterdam, 2024)
[3450732] Could not find attributes for jurrien timber (AFC Ajax Amsterdam, 2020)
[4367958] Failed to build match row: Alkmaar Zaanstreek vs Sparta Rotterdam
[3450732] Failed to build match row: Feyenoord Rotterdam vs AFC Ajax Amsterdam
[3944846] Could not find attributes for dmytro matsapura (FC Zorya Lugansk, 2022)
[4811025] Could not find attributes for dudu (Esporte Clube Vitória, 2025)
[4363511] Could not find attributes for dominik holec (FC Baník Ostrava a.s., 2024)
[3597971] Could not find attributes for nigel lonwijk (Fortuna Sittardia Combinatie, 2021)
[3944846] Failed to build match row: FC Zorya Lugansk vs Metalist Kharkiv
[4363511] Failed to build match row: FC Baník Ostrava a.s. vs FK Pardubice
[4811025] Failed to build match row: Esporte Clube Vitória vs Clube de Regatas do Flamengo
[4408292] Could not find attributes for nikolay sysuev (FC Orenburg, 2024)
[3597971] Failed to build match row: Eindhovense Voetbalvereniging Philips Sport Vereniging vs Fortuna Sittardia Combinatie
[4408292] Failed to build match row: FC Orenburg vs AO FK Zenit Sankt-Peterburg
[4642454] Could not find attributes for ruud nijstad (Football Club Twente, 2025)
[4642454] Failed to build match row: Football Club Twente vs Nijmegen Eendracht Combinatie
[4625258] Could not find attributes for branimir mlacic (HNK Hajduk Split, 2025)

Keepers & outfield error for **İstanbul Başakşehir Futbol Kulübü** in İstanbul Başakşehir Futbol Kulübü vs Sivasspor: Numbers: 2 and 9.
[3426972] Failed to build match row: İstanbul Başakşehir Futbol Kulübü vs Sivasspor
[4625258] Failed to build match row: HNK Hajduk Split vs NK Istra 1961
[4373550] Could not find attributes for rani khedira (1. Fußballclub Union Berlin, 2024)

Keepers & outfield error for **Nigeria** in Nigeria vs Tanzania: Numbers: 0 and 11.
[4373550] Failed to build match row: Sportverein Werder Bremen von 1899 vs 1. Fußballclub Union Berlin
[4680799] Failed to build match row: Nigeria vs Tanzania

Keepers & outfield error for **Football Club Internazionale Milano S.p.A.** in Football Club Internazionale Milano S.p.A. vs Udinese Calcio: Numbers: 0 and 11.

Keepers & outfield error for **Wolverhampton Wanderers Football Club** in Brighton and Hove Albion Football Club vs Wolverhampton Wanderers Football Club: Numbers: 0 and 11.
[4521375] Could not find attributes for daiya maekawa (Rakuten Vissel Kobe, 2024)
[4361403] Failed to build match row: Brighton and Hove Albion Football Club vs Wolverhampton Wanderers Football Club
[4462960] Failed to build match row: Football Club Internazionale Milano S.p.A. vs Udinese Calcio
[4172137] Could not find attributes for maksym koval (FC Sheriff Tiraspol, 2023)
[3415503] Could not find attributes for nordin jackers (SK Beveren, 2020)
[4647862] Could not find attributes for yigit efe demir (Fenerbahçe Spor Kulübü, 2025)
[4172137] Failed to build match row: SK Slavia Praha, a.s. vs FC Sheriff Tiraspol
[3415503] Failed to build match row: Royal Standard Club de Liège vs SK Beveren
[4521375] Failed to build match row: Rakuten Vissel Kobe vs Urawa Red Diamonds
[4647862] Failed to build match row: İstanbul Başakşehir Futbol Kulübü vs Fenerbahçe Spor Kulübü

Keepers & outfield error for **AVS Futebol SAD** in AVS Futebol SAD vs Gil Vicente Futebol Clube: Numbers: 0 and 11.
[4367959] Could not find attributes for nikolai hopland (Sportclub Heerenveen, 2024)
[4367959] Failed to build match row: Football Club Groningen vs Sportclub Heerenveen
[4396788] Failed to build match row: AVS Futebol SAD vs Gil Vicente Futebol Clube
[3602596] Could not find attributes for ilya pomazun (Ural Yekaterinburg, 2021)

Keepers & outfield error for **Real Sociedad de Fútbol S.A.D.** in Sportklub Puntigamer Sturm Graz vs Real Sociedad de Fútbol S.A.D.: Numbers: 2 and 9.
[3602596] Failed to build match row: Ural Yekaterinburg vs PFK Krylya Sovetov Samara
[3872582] Could not find attributes for simone venturini (La Fiorita 1967, 2022)
[3450733] Could not find attributes for wesley spieringhs (Willem II Tilburg, 2020)
[3450733] Failed to build match row: Feyenoord Rotterdam vs Willem II Tilburg
[3651938] Failed to build match row: Sportklub Puntigamer Sturm Graz vs Real Sociedad de Fútbol S.A.D.
[3597972] Could not find attributes for nick bakker (Sportclub Heerenveen, 2021)
[3872582] Failed to build match row: La Fiorita 1967 vs FC Ballkani
[4408293] Could not find attributes for nikita kokarev (FC Khimki (-2025), 2024)
[4133440] Could not find attributes for bence varga (Kecskeméti TE, 2023)
[4408293] Failed to build match row: FC Khimki (-2025) vs FK Krasnodar
[3597972] Failed to build match row: Sportclub Heerenveen vs Heracles Almelo
[4133440] Failed to build match row: Kecskeméti TE vs Riga FC

Keepers & outfield error for **FC Girondins Bordeaux** in AS Saint-Étienne vs FC Girondins Bordeaux: Numbers: 2 and 9.
[3944847] Could not find attributes for max walef (SC Dnipro-1, 2022)
[4642455] Could not find attributes for gernot trauner (Feyenoord Rotterdam, 2025)
[3944847] Failed to build match row: SC Dnipro-1 vs FC Minaj
[3588919] Failed to build match row: AS Saint-Étienne vs FC Girondins Bordeaux
[4109347] Could not find attributes for leonardo lelo (Casa Pia Atlético Clube, 2023)
[3844801] Failed to scrape lineup: https://www.transfermarkt.co.uk/as-roma_atalanta-bc/index/spielbericht/3844801
[4109347] Failed to build match row: Casa Pia Atlético Clube vs FC Vizela
oningen
[4425224] Failed to scrape lineup: https://www.transfermarkt.co.uk/melbourne-city-fc_western-sydney-wanderers/index/spielbericht/4425224
[4363512] Could not find attributes for patrik vydra (AC Sparta Praha, a. s., 2024)
[4627299] Could not find attributes for flavius daniliuc (FC Basel 1893 AG, 2025)
[4363512] Failed to build match row: AC Sparta Praha, a. s. vs FC Viktoria Plzeň, a.s.
[3433211] Could not find attributes for jeff chabot (Spezia Calcio, 2020)

Keepers & outfield error for **Manchester City Football Club** in Manchester City Football Club vs Association Football Club Bournemouth: Numbers: 0 and 11.
[4120744] Could not find attributes for yevgen past (NK Veres Rivne, 2023)
[4627299] Failed to build match row: FC Basel 1893 AG vs FC Zürich
[4095181] Failed to build match row: Manchester City Football Club vs Association Football Club Bournemouth
[4120744] Failed to build match row: NK Veres Rivne vs FK Obolon Kyiv
[3433211] Failed to build match row: Associazione Calcio Milan vs Spezia Calcio
[3838760] Could not find attributes for serge aurier (Nottingham Forest Football Club, 2022)
[3838760] Failed to build match row: Nottingham Forest Football Club vs Manchester City Football Club

Keepers & outfield error for **Paris Saint-Germain Football Club** in Paris Saint-Germain Football Club vs Real Madrid Club de Fútbol: Numbers: 2 and 9.
[3714221] Failed to build match row: Paris Saint-Germain Football Club vs Real Madrid Club de Fútbol

Keepers & outfield error for **Club Atlético Rosario Central** in Club Atlético Rosario Central vs Club Atlético Barracas Central: Numbers: 2 and 9.
[3426973] Could not find attributes for kevin mirallas (Gaziantep Futbol Kulübü A.Ş., 2020)
[4798316] Failed to build match row: Club Atlético Rosario Central vs Club Atlético Barracas Central
[3426973] Failed to build match row: Gaziantep Futbol Kulübü A.Ş. vs Kayserispor Kulübü
[4521378] Could not find attributes for tomoki hayakawa (Kashima Antlers FC, 2024)
[4521378] Failed to build match row: Kashima Antlers FC vs Tokyo Verdy
[3944848] Could not find attributes for gjoko zajkov (Vorskla Poltava, 2022)
[3944848] Failed to build match row: Vorskla Poltava vs PFK Lviv

Keepers & outfield error for **Futebol Clube de Arouca** in Futebol Clube de Arouca vs Moreirense Futebol Clube: Numbers: 2 and 9.
[3872583] Could not find attributes for ingvar jonsson (Víkingur Reykjavík, 2022)
[4396789] Failed to build match row: Futebol Clube de Arouca vs Moreirense Futebol Clube
[3872583] Failed to build match row: Víkingur Reykjavík vs The New Saints
[4649126] Could not find attributes for conrado (SC Oţelul Galaţi, 2025)
[4649126] Failed to build match row: SC Oţelul Galaţi vs Asociația Fotbal Club Unirea 04 Slobozia
[4642456] Failed to scrape lineup: https://www.transfermarkt.co.uk/go-ahead-eagles_az-alkmaar/index/spielbericht/4642456
[3844802] Failed to scrape lineup: https://www.transfermarkt.co.uk/us-salernitana-1919_us-lecce/index/spielbericht/3844802
[3450734] Could not find attributes for ahmed touba (RKC Waalwijk, 2020)
[3450734] Failed to build match row: RKC Waalwijk vs AFC Ajax Amsterdam

Keepers & outfield error for **Melbourne Victory FC** in Western United FC vs Melbourne Victory FC: Numbers: 2 and 9.
[4098070] Failed to build match row: Football Club Volendam vs Almere City FC
[4425225] Failed to build match row: Western United FC vs Melbourne Victory FC
[4547628] Could not find attributes for zepiqueno redmond (Feyenoord Rotterdam, 2024)
[3714222] Failed to scrape lineup: https://www.transfermarkt.co.uk/spielbericht/index/spielbericht/3714222
[4547628] Failed to build match row: Associazione Calcio Milan vs Feyenoord Rotterdam
[4714999] Failed to scrape lineup: https://www.transfermarkt.co.uk/spielbericht/index/spielbericht/4714999
[3588920] Could not find attributes for nicolas de preville (Football Club de Metz, 2021)
[4625259] Could not find attributes for denis kolinger (NK Lokomotiva Zagreb, 2025)
[4361405] Failed to scrape lineup: https://www.transfermarkt.co.uk/everton-fc_fulham-fc/index/spielbericht/4361405
[3588920] Failed to build match row: Racing Club de Strasbourg Alsace vs Football Club de Metz
[4625259] Failed to build match row: NK Lokomotiva Zagreb vs HNK Vukovar 1991
[4463030] Could not find attributes for paolo vismara (UC Sampdoria, 2024)
[3513626] Failed to scrape lineup: https://www.transfermarkt.co.uk/ae-larisa_panetolikos-gfs/index/spielbericht/3513626
[4120745] Could not find attributes for kiril fesyun (FK Kolos Kovalivka, 2023)
[4109348] Could not find attributes for magrao (Rio Ave Futebol Clube, 2023)
[4463030] Failed to build match row: Associazione Sportiva Roma vs UC Sampdoria
[4120745] Failed to build match row: FK Kolos Kovalivka vs TOV FK Metalist 1925 Kharkiv
[3890146] Failed to scrape lineup: https://www.transfermarkt.co.uk/kilmarnock-fc_dundee-united-fc/index/spielbericht/3890146
[4109348] Failed to build match row: Rio Ave Futebol Clube vs Futebol Clube de Famalicão
[4680800] Could not find attributes for aymen dahmen (Tunisia, 2025)
[3415504] Could not find attributes for xadas (Royal Excel Mouscron (-2022), 2020)
[4680800] Failed to build match row: Tunisia vs Uganda
[4811027] Could not find attributes for leo ortiz (Clube de Regatas do Flamengo, 2025)
[3415504] Failed to build match row: Sportvereniging Zulte Waregem vs Royal Excel Mouscron (-2022)
[4811027] Failed to build match row: Clube de Regatas do Flamengo vs Sport Club Internacional
[4627300] Failed to scrape lineup: https://www.transfermarkt.co.uk/grasshopper-club-zurich_bsc-young-boys/index/spielbericht/4627300
[4408294] Could not find attributes for sergey pesjakov (PFK Krylya Sovetov Samara, 2024)
[3602597] Could not find attributes for ilya lantratov (FC Khimki (-2025), 2021)
[4408294] Failed to build match row: PFK Krylya Sovetov Samara vs Akron Togliatti
[3621430] Could not find attributes for mansur (Clube Desportivo Santa Clara, 2021)
[3602597] Failed to build match row: FC Khimki (-2025) vs PFK CSKA Moskva
[3621430] Failed to build match row: Clube Desportivo Santa Clara vs Futebol Clube de Famalicão
[4396790] Failed to scrape lineup: https://www.transfermarkt.co.uk/fc-porto_cd-santa-clara/index/spielbericht/4396790
[4425226] Failed to scrape lineup: https://www.transfermarkt.co.uk/macarthur-fc_brisbane-roar/index/spielbericht/4425226
[4373552] Failed to build match row: VfL Bochum vs 1. Fußballclub Heidenheim 1846
[4243712] Failed to scrape lineup: https://www.transfermarkt.co.uk/spielbericht/index/spielbericht/4243712
[3651939] Failed to scrape lineup: https://www.transfermarkt.co.uk/spielbericht/index/spielbericht/3651939
[3426974] Could not find attributes for semih kaya (Yeni Malatyaspor, 2020)
[3426974] Failed to build match row: Yeni Malatyaspor vs Çaykur Rizespor Kulübü
[3714223] Failed to scrape lineup: https://www.transfermarkt.co.uk/spielbericht/index/spielbericht/3714223
[3462341] Failed to scrape lineup: https://www.transfermarkt.co.uk/spielbericht/index/spielbericht/3462341
[4715000] Failed to scrape lineup: https://www.transfermarkt.co.uk/spielbericht/index/spielbericht/4715000
[4376640] Could not find attributes for tawanda maswanhise (Motherwell Football Club, 2024)
[3433212] Could not find attributes for matteo lovato (Verona Hellas Football Club, 2020)
[4376640] Failed to build match row: Motherwell Football Club vs Dundee United Football Club
[3433212] Failed to build match row: Parma Calcio 1913 vs Verona Hellas Football Club
[4642457] Could not find attributes for remko pasveer (Heracles Almelo, 2025)
[4642457] Failed to build match row: Heracles Almelo vs Football Club Volendam
4_pas-giannina/index/spielbericht/3513627
[4463311] Failed to scrape lineup: https://www.transfermarkt.co.uk/spielbericht/index/spielbericht/4463311
[4521379] Could not find attributes for ryosuke kojima (Hitachi Kashiwa Reysol, 2024)
[4627301] Failed to scrape lineup: https://www.transfermarkt.co.uk/fc-lausanne-sport_servette-fc/index/spielbericht/4627301
[4521379] Failed to build match row: Hitachi Kashiwa Reysol vs Kawasaki Frontale
[3597973] Could not find attributes for vurnon anita (RKC Waalwijk, 2021)
[4638189] Could not find attributes for tom ritzy hulsmann (Turn- und Sportverein Egger Glas Hartberg, 2025)
[4638189] Failed to build match row: Fußballclub Blau-Weiß Linz vs Turn- und Sportverein Egger Glas Hartberg
[4172139] Could not find attributes for maksym koval (FC Sheriff Tiraspol, 2023)
[3597973] Failed to build match row: Vitesse Arnhem vs RKC Waalwijk
[4811028] Failed to scrape lineup: https://www.transfermarkt.co.uk/clube-de-regatas-vasco-da-gama_associacao-chapecoense-de-futebol/index/spielbericht/4811028
[4172139] Failed to build match row: FC Sheriff Tiraspol vs Associazione Sportiva Roma
[4740850] Could not find attributes for andre harriman annous (Arsenal Football Club, 2025)
[3450735] Could not find attributes for wesley spieringhs (Willem II Tilburg, 2020)
[4055281] Could not find attributes for anton shunin (FK Dinamo Moskva, 2022)
[4120746] Could not find attributes for oleksandr kemkin (FC Minaj, 2023)
[4055281] Failed to build match row: FK Dinamo Moskva vs FK Nizhny Novgorod
[4740850] Failed to build match row: Arsenal Football Club vs Brighton and Hove Albion Football Club
[4120746] Failed to build match row: FC Minaj vs FK Polissya Zhytomyr
[4133441] Could not find attributes for petar bosancic (Riga FC, 2023)
[4109349] Could not find attributes for ze carlos (Gil Vicente Futebol Clube, 2023)
[4133441] Failed to build match row: Riga FC vs Kecskeméti TE
[4625260] Could not find attributes for marino bulat (HNK Vukovar 1991, 2025)
[4109349] Failed to build match row: Gil Vicente Futebol Clube vs Grupo Desportivo Estoril Praia
[4625260] Failed to build match row: GNK Dinamo Zagreb vs HNK Vukovar 1991
[3621431] Failed to scrape lineup: https://www.transfermarkt.co.uk/vitoria-guimaraes-sc_cs-maritimo/index/spielbericht/3621431
[4425227] Failed to scrape lineup: https://www.transfermarkt.co.uk/adelaide-united_sydney-fc/index/spielbericht/4425227
[3651940] Failed to scrape lineup: https://www.transfermarkt.co.uk/spielbericht/index/spielbericht/3651940

Keepers & outfield error for **Motherwell Football Club** in Motherwell Football Club vs St. Johnstone FC: Numbers: 0 and 11.
[3890147] Failed to build match row: Motherwell Football Club vs St. Johnstone FC

Keepers & outfield error for **Asociación Atlética Argentinos Juniors** in Asociación Atlética Argentinos Juniors vs Club Atlético River Plate: Numbers: 0 and 11.
[4798318] Failed to build match row: Asociación Atlética Argentinos Juniors vs Club Atlético River Plate
[4715002] Failed to scrape lineup: https://www.transfermarkt.co.uk/spielbericht/index/spielbericht/4715002
[3433213] Failed to scrape lineup: https://www.transfermarkt.co.uk/us-sassuolo_fc-crotone/index/spielbericht/3433213
[4098072] Failed to scrape lineup: https://www.transfermarkt.co.uk/vitesse-arnhem_fc-utrecht/index/spielbericht/4098072

Keepers & outfield error for **Nigeria** in Nigeria vs Tunisia: Numbers: 0 and 11.
[4680801] Failed to build match row: Nigeria vs Tunisia
[4463341] Failed to scrape lineup: https://www.transfermarkt.co.uk/spielbericht/index/spielbericht/4463341
[4521381] Failed to scrape lineup: https://www.transfermarkt.co.uk/yokohama-fc_fagiano-okayama/index/spielbericht/4521381
[3513628] Failed to scrape lineup: https://www.transfermarkt.co.uk/panathinaikos-fc_aek-athens/index/spielbericht/3513628
[4638190] Failed to scrape lineup: https://www.transfermarkt.co.uk/scr-altach_sv-ried/index/spielbericht/4638190
[4367961] Failed to scrape lineup: https://www.transfermarkt.co.uk/feyenoord-rotterdam_almere-city-fc/index/spielbericht/4367961
[4627302] Failed to scrape lineup: https://www.transfermarkt.co.uk/fc-lugano_fc-luzern/index/spielbericht/4627302
[4811029] Failed to scrape lineup: https://www.transfermarkt.co.uk/santos-fc_sao-paulo-futebol-clube/index/spielbericht/4811029
[4740851] Failed to scrape lineup: https://www.transfermarkt.co.uk/spielbericht/index/spielbericht/4740851
spielbericht/4120747

Keepers & outfield error for **Aston Villa Football Club** in Nottingham Forest Football Club vs Aston Villa Football Club: Numbers: 0 and 11.
[4095183] Failed to build match row: Nottingham Forest Football Club vs Aston Villa Football Club
[4135093] Failed to scrape lineup: https://www.transfermarkt.co.uk/spielbericht/index/spielbericht/4135093
[3872584] Could not find attributes for aleksandr mokin (Tobol Kostanay, 2022)
[3872584] Failed to build match row: Tobol Kostanay vs Lincoln Red Imps FC
[4396792] Could not find attributes for lazar carevic (Futebol Clube de Famalicão, 2024)
[4798319] Failed to scrape lineup: https://www.transfermarkt.co.uk/ca-banfield_racing-club/index/spielbericht/4798319
[4715003] Failed to scrape lineup: https://www.transfermarkt.co.uk/spielbericht/index/spielbericht/4715003
[4396792] Failed to build match row: Futebol Clube de Famalicão vs Club Football Estrela da Amadora
[3433214] Failed to scrape lineup: https://www.transfermarkt.co.uk/udinese-calcio_as-roma/index/spielbericht/3433214
[4521382] Failed to scrape lineup: https://www.transfermarkt.co.uk/shimizu-s-pulse_albirex-niigata/index/spielbericht/4521382
[3513629] Failed to scrape lineup: https://www.transfermarkt.co.uk/volos-nps_olympiacos-piraeus/index/spielbericht/3513629
[4627303] Failed to scrape lineup: https://www.transfermarkt.co.uk/fc-sion_fc-st-gallen-1879/index/spielbericht/4627303
[4620769] Failed to scrape lineup: https://www.transfermarkt.co.uk/cagliari-calcio_us-sassuolo/index/spielbericht/4620769
[4120748] Failed to scrape lineup: https://www.transfermarkt.co.uk/kryvbas-kryvyi-rig_vorskla-poltava/index/spielbericht/4120748
[4740852] Failed to scrape lineup: https://www.transfermarkt.co.uk/spielbericht/index/spielbericht/4740852
[4095184] Failed to scrape lineup: https://www.transfermarkt.co.uk/sheffield-united_wolverhampton-wanderers/index/spielbericht/4095184
[4135094] Failed to scrape lineup: https://www.transfermarkt.co.uk/spielbericht/index/spielbericht/4135094
[3872585] Failed to scrape lineup: https://www.transfermarkt.co.uk/spielbericht/index/spielbericht/3872585
[4798320] Failed to scrape lineup: https://www.transfermarkt.co.uk/cs-independiente-rivadavia_club-atletico-belgrano/index/spielbericht/4798320
[4396793] Failed to scrape lineup: https://www.transfermarkt.co.uk/sc-braga_boavista-fc/index/spielbericht/4396793
[4363513] Could not find attributes for filip cihak (FC Hradec Králové a.s., 2024)
[3602598] Could not find attributes for mikhail kerzhakov (AO FK Zenit Sankt-Peterburg, 2021)
[4715004] Failed to scrape lineup: https://www.transfermarkt.co.uk/spielbericht/index/spielbericht/4715004
[3602598] Failed to build match row: AO FK Zenit Sankt-Peterburg vs Ural Yekaterinburg
[4363513] Failed to build match row: FC Hradec Králové a.s. vs SK Dynamo Ceske Budejovice
[3450736] Could not find attributes for jurrien timber (AFC Ajax Amsterdam, 2020)
[4521383] Failed to scrape lineup: https://www.transfermarkt.co.uk/nagoya-grampus_vissel-kobe/index/spielbericht/4521383
[3450736] Failed to build match row: AFC Ajax Amsterdam vs FC Emmen
[3513630] Failed to scrape lineup: https://www.transfermarkt.co.uk/ofi-crete-fc_ae-larisa/index/spielbericht/3513630
[4627304] Failed to scrape lineup: https://www.transfermarkt.co.uk/fc-thun_fc-winterthur/index/spielbericht/4627304
[3597974] Could not find attributes for dan crowley (Willem II Tilburg, 2021)
[3597974] Failed to build match row: Willem II Tilburg vs Alkmaar Zaanstreek

Keepers & outfield error for **AFC Ajax Amsterdam** in Nooit Opgeven Altijd Doorzetten Aangenaam Door Vermaak En Nuttig Door Ontspanning Combinatie Breda vs AFC Ajax Amsterdam: Numbers: 2 and 9.
[4642458] Failed to build match row: Nooit Opgeven Altijd Doorzetten Aangenaam Door Vermaak En Nuttig Door Ontspanning Combinatie Breda vs AFC Ajax Amsterdam
[4373553] Could not find attributes for alexis claude maurice (Fußball-Club Augsburg 1907, 2024)
[4373553] Failed to build match row: Holstein Kiel vs Fußball-Club Augsburg 1907
[4367962] Could not find attributes for olivier aertssen (Prins Hendrik Ende Desespereert Nimmer Combinatie Zwolle, 2024)
[4367962] Failed to build match row: Fortuna Sittardia Combinatie vs Prins Hendrik Ende Desespereert Nimmer Combinatie Zwolle
[3714224] Could not find attributes for andre onana (AFC Ajax Amsterdam, 2021)
[3714224] Failed to build match row: AFC Ajax Amsterdam vs Sport Lisboa e Benfica
[4811030] Could not find attributes for ze marcos (Esporte Clube Vitória, 2025)
[4055282] Could not find attributes for vanja drkusic (FK Sochi, 2022)
[4055282] Failed to build match row: FK Sochi vs FK Krasnodar
[4811030] Failed to build match row: Sociedade Esportiva Palmeiras vs Esporte Clube Vitória
[4425228] Could not find attributes for luis felipe gallegos (Auckland Football Club, 2024)
[4425228] Failed to build match row: Auckland Football Club vs Western United FC
[4172140] Could not find attributes for maksym koval (FC Sheriff Tiraspol, 2023)
[4172140] Failed to build match row: FC Sheriff Tiraspol vs SK Slavia Praha, a.s.
[4647863] Could not find attributes for efkan bekiroglu (Göztepe Sportif Yatırımlar A.Ş., 2025)
[4647863] Failed to build match row: Göztepe Sportif Yatırımlar A.Ş. vs Trabzonspor Kulübü
[3415506] Could not find attributes for damjan pavlovic (Royal Standard Club de Liège, 2020)
[3415506] Failed to build match row: Koninklijke Racing Club Genk vs Royal Standard Club de Liège
[4798321] Could not find attributes for leonel di placido (Club Atlético Tucumán, 2025)

Keepers & outfield error for **Wolverhampton Wanderers Football Club** in Wolverhampton Wanderers Football Club vs Chelsea Football Club: Numbers: 0 and 11.
[4798321] Failed to build match row: Club Atlético Tucumán vs Asociación Atlética Estudiantes
[4740853] Failed to build match row: Wolverhampton Wanderers Football Club vs Chelsea Football Club
[4120749] Could not find attributes for yevgen volynets (SC Dnipro-1, 2023)
[4120749] Failed to build match row: SC Dnipro-1 vs FC Zorya Lugansk
[4055283] Could not find attributes for ilya pomazun (Ural Yekaterinburg, 2022)
[4055283] Failed to build match row: Ural Yekaterinburg vs PFK CSKA Moskva
[4680802] Could not find attributes for denis onyango (Uganda, 2025)
[4620770] Could not find attributes for roberto gagliardini (Verona Hellas Football Club, 2025)
[4680802] Failed to build match row: Uganda vs Tanzania
[4625261] Could not find attributes for franko kolic (NK Istra 1961, 2025)
[4620770] Failed to build match row: Calcio Como vs Verona Hellas Football Club
[3852766] Failed to scrape lineup: https://www.transfermarkt.co.uk/fc-volendam_sc-cambuur-leeuwarden/index/spielbericht/3852766
[4363514] Could not find attributes for marek suchy (FK Mladá Boleslav, a.s., 2024)
[4625261] Failed to build match row: NK Istra 1961 vs NK Lokomotiva Zagreb
[4363514] Failed to build match row: FK Mladá Boleslav, a.s. vs FK Dukla Praha a.s.
[4811031] Could not find attributes for henry mosquera (Red Bull Bragantino, 2025)
[4811031] Failed to build match row: Red Bull Bragantino vs Clube Atlético Mineiro
[4649129] Could not find attributes for saeed issah (Asociația Fotbal Club Hermannstadt, 2025)
[4649129] Failed to build match row: Asociația Sportivă Fotbal Club Universitatea Cluj vs Asociația Fotbal Club Hermannstadt
[4425229] Could not find attributes for lucas herrington (Brisbane Roar FC, 2024)
[4425229] Failed to build match row: Brisbane Roar FC vs Perth Glory Football Club
[3462342] Could not find attributes for melih ibrahimoglu (Sportklub Rapid, 2020)
[3462342] Failed to build match row: Dundalk FC vs Sportklub Rapid
[4638191] Could not find attributes for beres owusu (Grazer Athletiksport Klub 1902, 2025)
[4638191] Failed to build match row: Fußballclub Red Bull Salzburg vs Grazer Athletiksport Klub 1902
[4521384] Could not find attributes for gakuji ota (Kyoto Purple Sanga, 2024)
[4367963] Could not find attributes for suf podgoreanu (Heracles Almelo, 2024)
[4521384] Failed to build match row: Kyoto Purple Sanga vs Urawa Red Diamonds
[4367963] Failed to build match row: Heracles Almelo vs Football Club Utrecht

Keepers & outfield error for **FC Lugano** in FC Lugano vs FC St. Gallen 1879: Numbers: 2 and 9.
[4627305] Failed to build match row: FC Lugano vs FC St. Gallen 1879

Keepers & outfield error for **Galatasaray Spor Kulübü** in Galatasaray Spor Kulübü vs Samsunspor: Numbers: 2 and 9.
[4647864] Failed to build match row: Galatasaray Spor Kulübü vs Samsunspor
[4408295] Could not find attributes for igor akinfeev (PFK CSKA Moskva, 2024)
[4408295] Failed to build match row: PFK CSKA Moskva vs FC Khimki (-2025)

Keepers & outfield error for **Sporting Clube de Portugal** in Sporting Clube de Portugal vs Clube Desportivo Nacional: Numbers: 0 and 11.
[4396794] Failed to build match row: Sporting Clube de Portugal vs Clube Desportivo Nacional
[4098074] Could not find attributes for oliver braude (Sportclub Heerenveen, 2023)
[4098074] Failed to build match row: Sportclub Heerenveen vs Almere City FC

Keepers & outfield error for **Fodbold Club Midtjylland** in Brøndby Idrætsforening vs Fodbold Club Midtjylland: Numbers: 2 and 9.
[4463558] Failed to build match row: Brøndby Idrætsforening vs Fodbold Club Midtjylland
[4055284] Could not find attributes for egor baburin (Torpedo Moscow, 2022)
[4363515] Could not find attributes for louis lurvink (FK Pardubice, 2024)
[3872586] Could not find attributes for lazare kupatadze (Dinamo Batumi, 2022)
[4055284] Failed to build match row: Torpedo Moscow vs FK Spartak Moskva
[4376642] Could not find attributes for bozo mikulic (St. Johnstone FC, 2024)
[4363515] Failed to build match row: FK Pardubice vs Bohemians Praha 1905, a.s.
[3872586] Failed to build match row: KKS Lech Poznań Spółka Akcyjna vs Dinamo Batumi
[4376642] Failed to build match row: St. Johnstone FC vs Saint Mirren Football Club
[4172141] Could not find attributes for maksym koval (FC Sheriff Tiraspol, 2023)
[4172141] Failed to build match row: FC Sheriff Tiraspol vs Servette Football Club 1890 SA
[3415507] Could not find attributes for stipe radic (Beerschot VA, 2020)
[3415507] Failed to build match row: Beerschot VA vs Royal Charleroi Sporting Club
[3613007] Could not find attributes for ryan donk (Kasımpaşa A.Ş., 2021)
[3613007] Failed to build match row: Antalyaspor vs Kasımpaşa A.Ş.
[4740854] Could not find attributes for antonin kinsky (Tottenham Hotspur Football Club, 2025)
[4120750] Could not find attributes for yevgeniy kucherenko (LNZ Cherkasy, 2023)
[4740854] Failed to build match row: Newcastle United Football Club vs Tottenham Hotspur Football Club
[4120750] Failed to build match row: Futbolniy Klub Dynamo Kyiv vs LNZ Cherkasy
[4680803] Could not find attributes for denis onyango (Uganda, 2025)
[4680803] Failed to build match row: Uganda vs Nigeria
[4642460] Could not find attributes for ringo meerveld (Sportclub Heerenveen, 2025)
[4396795] Failed to scrape lineup: https://www.transfermarkt.co.uk/gd-estoril-praia_fc-porto/index/spielbericht/4396795
[4642460] Failed to build match row: Sportclub Heerenveen vs Fortuna Sittardia Combinatie

Keepers & outfield error for **Atalanta Bergamasca Calcio S.p.a.** in Eintracht Frankfurt Fußball AG vs Atalanta Bergamasca Calcio S.p.a.: Numbers: 2 and 9.
[4715005] Failed to build match row: Eintracht Frankfurt Fußball AG vs Atalanta Bergamasca Calcio S.p.a.
[3602599] Could not find attributes for nikita chernov (FK Spartak Moskva, 2021)
[3602599] Failed to build match row: FK Spartak Moskva vs FC Rubin Kazan

Keepers & outfield error for **Liverpool Football Club** in Liverpool Football Club vs Everton Football Club: Numbers: 2 and 9.
[3838764] Failed to build match row: Liverpool Football Club vs Everton Football Club

Keepers & outfield error for **Association Football Club Bournemouth** in Association Football Club Bournemouth vs Newcastle United Football Club: Numbers: 0 and 11.
[4098075] Could not find attributes for metinho (Sparta Rotterdam, 2023)
[4095186] Failed to build match row: Association Football Club Bournemouth vs Newcastle United Football Club
[4098075] Failed to build match row: Heracles Almelo vs Sparta Rotterdam
[3597976] Could not find attributes for cuco martina (Go Ahead Eagles, 2021)
[3597976] Failed to build match row: Football Club Twente vs Go Ahead Eagles
[4172142] Failed to scrape lineup: https://www.transfermarkt.co.uk/spielbericht/index/spielbericht/4172142
[3462343] Could not find attributes for ohad levita (Hapoel Beer Sheva, 2020)

Keepers & outfield error for **Melbourne Victory FC** in Melbourne Victory FC vs Melbourne City Football Club: Numbers: 2 and 9.

Keepers & outfield error for **Manchester United Football Club** in Manchester United Football Club vs Club Atlético de Madrid S.A.D.: Numbers: 3 and 8.
[4425230] Failed to build match row: Melbourne Victory FC vs Melbourne City Football Club
[3462343] Failed to build match row: Bayer 04 Leverkusen Fußball vs Hapoel Beer Sheva
[3714226] Failed to build match row: Manchester United Football Club vs Club Atlético de Madrid S.A.D.
[3852767] Could not find attributes for igor paixao (Feyenoord Rotterdam, 2022)
[3852767] Failed to build match row: Feyenoord Rotterdam vs Football Club Utrecht
[4521385] Could not find attributes for jun ichimori (Gamba Osaka, 2024)
[4521385] Failed to build match row: Gamba Osaka vs Avispa Fukuoka
[4408296] Could not find attributes for fabian balbuena (FK Dinamo Moskva, 2024)
[4408296] Failed to build match row: FK Dinamo Moskva vs Dinamo Makhachkala
[4095187] Failed to scrape lineup: https://www.transfermarkt.co.uk/arsenal-fc_burnley-fc/index/spielbericht/4095187

Keepers & outfield error for **Leicester City** in Leicester City vs Tottenham Hotspur Football Club: Numbers: 0 and 11.
[4363516] Could not find attributes for dominik holec (FC Baník Ostrava a.s., 2024)
[3838765] Failed to build match row: Leicester City vs Tottenham Hotspur Football Club
[4363516] Failed to build match row: FC Baník Ostrava a.s. vs AC Sparta Praha, a. s.
[4625263] Could not find attributes for osman hadzikic (NK Slaven Belupo Koprivnica, 2025)

Keepers & outfield error for **Sporting Clube de Braga** in Sporting Clube de Braga vs Qarabağ FK: Numbers: 0 and 11.
[4625263] Failed to build match row: NK Slaven Belupo Koprivnica vs NK Varazdin
[4243715] Failed to build match row: Sporting Clube de Braga vs Qarabağ FK
[4642461] Could not find attributes for giannino vianello (Sparta Rotterdam, 2025)
[4055285] Could not find attributes for nikolay sysuev (FC Orenburg, 2022)
[4642461] Failed to build match row: Sportclub Telstar vs Sparta Rotterdam
[4055285] Failed to build match row: FC Orenburg vs Футбольный клуб "Локомотив" Москва
[4408297] Failed to scrape lineup: https://www.transfermarkt.co.uk/lokomotiv-moscow_akhmat-grozny/index/spielbericht/4408297

Keepers & outfield error for **Club Football Estrela da Amadora** in Club Football Estrela da Amadora vs Sporting Clube de Portugal: Numbers: 0 and 11.
[4396796] Failed to build match row: Club Football Estrela da Amadora vs Sporting Clube de Portugal
[4135095] Could not find attributes for sverre nypan (Rosenborg Ballklub, 2023)
[4135095] Failed to build match row: Rosenborg Ballklub vs Crusaders FC
[4811032] Could not find attributes for joao marcelo (Cruzeiro Esporte Clube, 2025)
[4811032] Failed to build match row: Cruzeiro Esporte Clube vs Coritiba Foot Ball Club
[4647865] Could not find attributes for ricardo velho (Gençlerbirliği Spor Kulübü, 2025)
[4425231] Could not find attributes for kazuki nagasawa (Wellington Phoenix Football Club, 2024)
[4425231] Failed to build match row: Western Sydney Wanderers vs Wellington Phoenix Football Club
[4647865] Failed to build match row: Gençlerbirliği Spor Kulübü vs Fatih Karagümrük Sportif Faaliyetler San. Tic. A.Ş.
[4098076] Could not find attributes for zach booth (Football Club Volendam, 2023)
[4120751] Could not find attributes for irakli azarovi (FC Shakhtar Donetsk, 2023)
[4098076] Failed to build match row: Football Club Volendam vs Prins Hendrik Ende Desespereert Nimmer Combinatie Zwolle
[4120751] Failed to build match row: FC Shakhtar Donetsk vs FC Rukh Lviv
[4373564] Could not find attributes for almugera kabar (Borussia Dortmund, 2024)
[4373564] Failed to build match row: Borussia Dortmund vs Bayer 04 Leverkusen Fußball
[4095188] Failed to scrape lineup: https://www.transfermarkt.co.uk/aston-villa_fulham-fc/index/spielbericht/4095188
[4367965] Failed to scrape lineup: https://www.transfermarkt.co.uk/rkc-waalwijk_willem-ii-tilburg/index/spielbericht/4367965
[3890149] Could not find attributes for james furlong (Motherwell Football Club, 2022)
[3890149] Failed to build match row: Aberdeen Football Club vs Motherwell Football Club
[4638192] Failed to scrape lineup: https://www.transfermarkt.co.uk/wsg-tirol_lask/index/spielbericht/4638192
[4243716] Failed to scrape lineup: https://www.transfermarkt.co.uk/spielbericht/index/spielbericht/4243716
[4642886] Could not find attributes for tom ritzy hulsmann (Turn- und Sportverein Egger Glas Hartberg, 2025)
[4642886] Failed to build match row: Turn- und Sportverein Egger Glas Hartberg vs Fußballclub Red Bull Salzburg
[3602600] Could not find attributes for aleksandr soldatenkov (PFK Krylya Sovetov Samara, 2021)
[3602600] Failed to build match row: PFK Krylya Sovetov Samara vs FK Krasnodar
[4680804] Could not find attributes for hussein masalanga (Tanzania, 2025)
[4680804] Failed to build match row: Tanzania vs Tunisia
[4620773] Failed to scrape lineup: https://www.transfermarkt.co.uk/juventus-fc_udinese-calcio/index/spielbericht/4620773
[4647866] Failed to scrape lineup: https://www.transfermarkt.co.uk/kocaelispor_kasimpasa/index/spielbericht/4647866
[4098077] Failed to scrape lineup: https://www.transfermarkt.co.uk/fortuna-sittard_vitesse-arnhem/index/spielbericht/4098077
[4055286] Could not find attributes for ilya svinov (Fakel Voronezh, 2022)
[4625264] Could not find attributes for marko malenica (NK Osijek s.d.d., 2025)
[3513631] Failed to scrape lineup: https://www.transfermarkt.co.uk/atromitos-athens_asteras-tripolis/index/spielbericht/3513631
[4055286] Failed to build match row: Fakel Voronezh vs RFK Akhmat Grozny
[4625264] Failed to build match row: NK Osijek s.d.d. vs Hrvatski Nogometni Klub Rijeka
[4642887] Failed to scrape lineup: https://www.transfermarkt.co.uk/grazer-ak-1902_wsg-tirol/index/spielbericht/4642887
[3613009] Could not find attributes for yunus akgun (Adana Demirspor, 2021)
[3613009] Failed to build match row: Adana Demirspor vs Galatasaray Spor Kulübü
[4120752] Could not find attributes for yevgeniy kucherenko (LNZ Cherkasy, 2023)

Keepers & outfield error for **Olympique de Marseille** in Società Sportiva Lazio S.p.A. vs Olympique de Marseille: Numbers: 2 and 9.
[4120752] Failed to build match row: LNZ Cherkasy vs NK Veres Rivne
[3651942] Failed to build match row: Società Sportiva Lazio S.p.A. vs Olympique de Marseille
[3944849] Could not find attributes for oleg bilyk (FC Oleksandriya, 2022)
[4095189] Could not find attributes for wes foderingham (Sheffield United, 2023)
[3944849] Failed to build match row: FC Oleksandriya vs FK Kolos Kovalivka
[4095189] Failed to build match row: Brighton and Hove Albion Football Club vs Sheffield United
[3602601] Could not find attributes for fabian balbuena (FK Dinamo Moskva, 2021)
[4098078] Failed to scrape lineup: https://www.transfermarkt.co.uk/rkc-waalwijk_excelsior-rotterdam/index/spielbericht/4098078
[3415509] Could not find attributes for strahinja pavlovic (Cercle Brugge Koninklijke Sportvereniging, 2020)
[3415509] Failed to build match row: Koninklijke Atletiek Associatie Gent vs Cercle Brugge Koninklijke Sportvereniging
[3602601] Failed to build match row: FK Dinamo Moskva vs RFK Akhmat Grozny
[4521386] Could not find attributes for shinnosuke hatanaka (Cerezo Osaka, 2024)
[4521386] Failed to build match row: Cerezo Osaka vs Shonan Bellmare
[4243717] Could not find attributes for irakli azarovi (FC Shakhtar Donetsk, 2023)
[4243717] Failed to build match row: FC Shakhtar Donetsk vs Olympique de Marseille
[4715007] Could not find attributes for neofytos michail (Pafos FC, 2025)
[4715007] Failed to build match row: Juventus Football Club vs Pafos FC
[4172143] Failed to scrape lineup: https://www.transfermarkt.co.uk/spielbericht/index/spielbericht/4172143
[4425232] Could not find attributes for daniel de silva (Macarthur South West Sydney (A-League), 2024)
[4425232] Failed to build match row: Macarthur South West Sydney (A-League) vs Central Coast Mariners Football Club
[3433216] Could not find attributes for milos vulic (FC Crotone, 2020)
[4625265] Failed to scrape lineup: https://www.transfermarkt.co.uk/hnk-rijeka_gnk-dinamo-zagreb/index/spielbericht/4625265
[3433216] Failed to build match row: FC Crotone vs Juventus Football Club
[4109350] Failed to scrape lineup: https://www.transfermarkt.co.uk/sporting-cp_moreirense-fc/index/spielbericht/4109350
[4408298] Could not find attributes for aleksandr belenov (Fakel Voronezh, 2024)
[4408298] Failed to build match row: Fakel Voronezh vs AO FK Zenit Sankt-Peterburg
[4647867] Could not find attributes for adem arous (Kasımpaşa A.Ş., 2025)
[3613010] Failed to scrape lineup: https://www.transfermarkt.co.uk/basaksehir-fk_giresunspor/index/spielbericht/3613010
[4647867] Failed to build match row: Kasımpaşa A.Ş. vs Gençlerbirliği Spor Kulübü
[3621432] Could not find attributes for ziga frelih (Gil Vicente Futebol Clube, 2021)
[3621432] Failed to build match row: Gil Vicente Futebol Clube vs Sporting Clube de Braga
[4627308] Could not find attributes for marvin martins (Fussballclub Winterthur, 2025)

Keepers & outfield error for **Association Football Club Bournemouth** in Association Football Club Bournemouth vs Newcastle United Football Club: Numbers: 0 and 11.
[4363517] Could not find attributes for matous trmal (FK Teplice, a.s., 2024)
[4373565] Could not find attributes for tiago tomas (Verein für Leibesübungen Wolfsburg, 2024)
[4243718] Failed to scrape lineup: https://www.transfermarkt.co.uk/spielbericht/index/spielbericht/4243718
[4627308] Failed to build match row: Fussballclub Winterthur vs Servette Football Club 1890 SA
[4363517] Failed to build match row: FK Teplice, a.s. vs FK Jablonec a.s.
[3838767] Failed to build match row: Association Football Club Bournemouth vs Newcastle United Football Club
[4373565] Failed to build match row: Turn- und Sportgemeinschaft 1899 Hoffenheim Fußball-Spielbetriebs vs Verein für Leibesübungen Wolfsburg
[4055287] Could not find attributes for sergey pesjakov (FK Rostov, 2022)
[3513632] Could not find attributes for yuriy lodygin (PAS Giannina, 2020)
[4055287] Failed to build match row: FK Rostov vs AO FK Zenit Sankt-Peterburg
[3513632] Failed to build match row: PAS Giannina vs Panathinaikos Athlitikos Omilos
[4811033] Failed to scrape lineup: https://www.transfermarkt.co.uk/gremio-foot-ball-porto-alegrense_botafogo-de-futebol-e-regatas/index/spielbericht/4811033
[4408299] Failed to scrape lineup: https://www.transfermarkt.co.uk/rubin-kazan_spartak-moscow/index/spielbericht/4408299

Keepers & outfield error for **Manchester City Football Club** in Chelsea Football Club vs Manchester City Football Club: Numbers: 0 and 11.

Keepers & outfield error for **Sport Lisboa e Benfica** in Rangers Football Club vs Sport Lisboa e Benfica: Numbers: 2 and 9.
[4095190] Failed to build match row: Chelsea Football Club vs Manchester City Football Club
[3462346] Failed to build match row: Rangers Football Club vs Sport Lisboa e Benfica
[3602602] Could not find attributes for soslan dzhanaev (FK Sochi, 2021)
[3602602] Failed to build match row: FK Sochi vs Футбольный клуб "Локомотив" Москва
[4521387] Could not find attributes for keisuke osako (Sanfrecce Hiroshima, 2024)
[4521387] Failed to build match row: Sanfrecce Hiroshima vs Yokohama Marinos
[4120753] Could not find attributes for oleg kudryk (FK Polissya Zhytomyr, 2023)
[4120753] Failed to build match row: FK Polissya Zhytomyr vs FK Kolos Kovalivka

Keepers & outfield error for **Club Atlético Rosario Central** in Club Atlético Rosario Central vs Club Atlético Talleres: Numbers: 2 and 9.
[4798325] Failed to build match row: Club Atlético Rosario Central vs Club Atlético Talleres
[3944850] Could not find attributes for yuriy pankiv (FC Rukh Lviv, 2022)
[3944850] Failed to build match row: FC Rukh Lviv vs FK Kryvbas Kryvyi Rig
[4547633] Could not find attributes for ayyoub bouaddi (Lille Olympique Sporting Club, 2024)
[4547633] Failed to build match row: Borussia Dortmund vs Lille Olympique Sporting Club
[4363518] Failed to scrape lineup: https://www.transfermarkt.co.uk/fc-viktoria-plzen_1-fc-slovacko/index/spielbericht/4363518
[4647868] Failed to scrape lineup: https://www.transfermarkt.co.uk/antalyaspor_galatasaray/index/spielbericht/4647868
[4055297] Failed to scrape lineup: https://www.transfermarkt.co.uk/spielbericht/index/spielbericht/4055297
[3838768] Failed to scrape lineup: https://www.transfermarkt.co.uk/crystal-palace_brighton-amp-hove-albion/index/spielbericht/3838768
[4172144] Could not find attributes for maksym koval (FC Sheriff Tiraspol, 2023)
[4172144] Failed to build match row: Servette Football Club 1890 SA vs FC Sheriff Tiraspol
[4425233] Could not find attributes for bailey brandtman (Central Coast Mariners Football Club, 2024)
[4425233] Failed to build match row: Central Coast Mariners Football Club vs Melbourne City Football Club
[4373566] Could not find attributes for kevin muller (1. Fußballclub Heidenheim 1846, 2024)
[4373566] Failed to build match row: 1. Fußballclub Heidenheim 1846 vs 1. Fußballclub Union Berlin
[4743095] Could not find attributes for jay van lieshout (VV Gemert, 2025)
[4743095] Failed to build match row: VV Gemert vs Fortuna Sittardia Combinatie
[3852769] Could not find attributes for jorrel hato (AFC Ajax Amsterdam, 2022)
[4811034] Failed to scrape lineup: https://www.transfermarkt.co.uk/club-athletico-paranaense_sport-club-corinthians-paulista/index/spielbericht/4811034
[3852769] Failed to build match row: Eindhovense Voetbalvereniging Philips Sport Vereniging vs AFC Ajax Amsterdam
[4649132] Could not find attributes for tarek aggoun (Fotbal Club Metaloglobus București SA, 2025)
[4649132] Failed to build match row: SC Dinamo 1948 SA vs Fotbal Club Metaloglobus București SA
[4376645] Could not find attributes for lawrence shankland (Heart of Midlothian Football Club, 2024)
[4376645] Failed to build match row: Heart of Midlothian Football Club vs St. Johnstone FC
[4625266] Could not find attributes for oliver zelenika (NK Varazdin, 2025)
[4625266] Failed to build match row: NK Varazdin vs NK Osijek s.d.d.
[3462347] Failed to scrape lineup: https://www.transfermarkt.co.uk/spielbericht/index/spielbericht/3462347
[3602603] Failed to scrape lineup: https://www.transfermarkt.co.uk/arsenal-tula_fc-rostov/index/spielbericht/3602603

Keepers & outfield error for **Verona Hellas Football Club** in Verona Hellas Football Club vs Udinese Calcio: Numbers: 2 and 9.
[3844808] Failed to build match row: Verona Hellas Football Club vs Udinese Calcio
[4373567] Failed to scrape lineup: https://www.transfermarkt.co.uk/sc-freiburg_holstein-kiel/index/spielbericht/4373567
[4463559] Failed to scrape lineup: https://www.transfermarkt.co.uk/spielbericht/index/spielbericht/4463559
[3852770] Failed to scrape lineup: https://www.transfermarkt.co.uk/sc-heerenveen_fc-emmen/index/spielbericht/3852770
[4172145] Could not find attributes for andrey lunev (Qarabağ FK, 2023)
[4172145] Failed to build match row: Bayer 04 Leverkusen Fußball vs Qarabağ FK
[4680805] Could not find attributes for mohamed el shenawy (Egypt, 2025)
[4680805] Failed to build match row: Egypt vs Zimbabwe

Keepers & outfield error for **Olympiakos Syndesmos Filathlon Peiraios** in Olympiakos Syndesmos Filathlon Peiraios vs PAS Lamia 1964: Numbers: 0 and 11.
[4521394] Could not find attributes for daiya maekawa (Rakuten Vissel Kobe, 2024)
[4521394] Failed to build match row: Rakuten Vissel Kobe vs Albirex Niigata
[3513633] Failed to build match row: Olympiakos Syndesmos Filathlon Peiraios vs PAS Lamia 1964

Keepers & outfield error for **Futebol Clube do Porto** in Clube Desportivo de Tondela vs Futebol Clube do Porto: Numbers: 0 and 11.
[3621433] Failed to build match row: Clube Desportivo de Tondela vs Futebol Clube do Porto
[4367966] Could not find attributes for elijah dijkstra (Alkmaar Zaanstreek, 2024)
[4367966] Failed to build match row: Alkmaar Zaanstreek vs RKC Waalwijk
[4627309] Could not find attributes for flavius daniliuc (FC Basel 1893 AG, 2025)
[3450737] Could not find attributes for timo letschert (Alkmaar Zaanstreek, 2020)
[4627309] Failed to build match row: Berner Sport Club Young Boys vs FC Basel 1893 AG
[3450737] Failed to build match row: Alkmaar Zaanstreek vs Eindhovense Voetbalvereniging Philips Sport Vereniging
[4625267] Could not find attributes for osman hadzikic (NK Slaven Belupo Koprivnica, 2025)
[4638756] Failed to scrape lineup: https://www.transfermarkt.co.uk/kilmarnock-fc_livingston-fc/index/spielbericht/4638756
[4625267] Failed to build match row: HNK Hajduk Split vs NK Slaven Belupo Koprivnica
[3944851] Could not find attributes for denys sydorenko (TOV FK Metalist 1925 Kharkiv, 2022)
[3944851] Failed to build match row: TOV FK Metalist 1925 Kharkiv vs NK Veres Rivne

Keepers & outfield error for **SC Farense** in SC Farense vs Sporting Clube de Braga: Numbers: 2 and 9.
[4109351] Failed to build match row: SC Farense vs Sporting Clube de Braga
[4408300] Could not find attributes for nikita medvedev (FK Nizhny Novgorod, 2024)
[4120754] Could not find attributes for oleksandr rybka (FK Obolon Kyiv, 2023)
[4120754] Failed to build match row: FK Obolon Kyiv vs FC Minaj
[4408300] Failed to build match row: FK Nizhny Novgorod vs FK Krasnodar
[4425234] Could not find attributes for luis felipe gallegos (Auckland Football Club, 2024)
[4425234] Failed to build match row: Auckland Football Club vs Melbourne Victory FC
[4647870] Could not find attributes for cherif ndiaye (Samsunspor, 2025)
[4647870] Failed to build match row: Samsunspor vs İstanbul Başakşehir Futbol Kulübü
[4135096] Could not find attributes for matthew clarke (Linfield FC, 2023)
[4135096] Failed to build match row: Morski Klub Sportowy Pogoń Szczecin vs Linfield FC
[4361411] Failed to scrape lineup: https://www.transfermarkt.co.uk/fulham-fc_brentford-fc/index/spielbericht/4361411
[4098080] Failed to scrape lineup: https://www.transfermarkt.co.uk/nec-nijmegen_ajax-amsterdam/index/spielbericht/4098080
[4363519] Could not find attributes for jakub markovic (SK Slavia Praha, a.s., 2024)
[4363519] Failed to build match row: SK Slavia Praha, a.s. vs FC Hradec Králové a.s.
[4811035] Could not find attributes for erick pulga (Esporte Clube Bahia, 2025)
[4811035] Failed to build match row: Esporte Clube Bahia vs Fluminense Football Club
[3602604] Could not find attributes for artur nigmatullin (FK Nizhny Novgorod, 2021)
[3602604] Failed to build match row: FK Nizhny Novgorod vs FC Khimki (-2025)
[4649133] Could not find attributes for jayson papeau (Asociația Fotbal Club Unirea 04 Slobozia, 2025)
[4649133] Failed to build match row: Asociația Fotbal Club Unirea 04 Slobozia vs SC Fotbal Club FCSB SA
[4056025] Could not find attributes for yevgen volynets (FK Kolos Kovalivka, 2022)
[4056025] Failed to build match row: FK Kolos Kovalivka vs FC Shakhtar Donetsk
[4373568] Could not find attributes for alexis claude maurice (Fußball-Club Augsburg 1907, 2024)
[4373568] Failed to build match row: Fußball-Club Augsburg 1907 vs Verein für Bewegungsspiele Stuttgart 1893
[3838769] Failed to scrape lineup: https://www.transfermarkt.co.uk/fulham-fc_nottingham-forest/index/spielbericht/3838769
[4463560] Could not find attributes for mathias ornskov (Brabrand IF, 2024)
[4743096] Failed to scrape lineup: https://www.transfermarkt.co.uk/spielbericht/index/spielbericht/4743096
[3433218] Failed to scrape lineup: https://www.transfermarkt.co.uk/ssc-napoli_atalanta-bc/index/spielbericht/3433218
[4396797] Could not find attributes for luis esteves (Clube Desportivo Nacional, 2024)

Keepers & outfield error for **Boavista FC** in Boavista FC vs B SAD: Numbers: 2 and 9.
[4463560] Failed to build match row: Brabrand IF vs Fodbold Club Nordsjælland
[3621434] Failed to build match row: Boavista FC vs B SAD
[4396797] Failed to build match row: Clube Desportivo Santa Clara vs Clube Desportivo Nacional
[3450738] Could not find attributes for ismail azzaoui (Heracles Almelo, 2020)
[4363520] Could not find attributes for jan koutny (SK Sigma Olomouc, a.s., 2024)
[3450738] Failed to build match row: Heracles Almelo vs Prins Hendrik Ende Desespereert Nimmer Combinatie Zwolle
[4363520] Failed to build match row: SK Sigma Olomouc, a.s. vs MFK Karvina
[3426975] Failed to scrape lineup: https://www.transfermarkt.co.uk/denizlispor_hatayspor/index/spielbericht/3426975

Keepers & outfield error for **FC Zürich** in FC Zürich vs Football Club Lausanne-Sport: Numbers: 2 and 9.
[4627310] Failed to build match row: FC Zürich vs Football Club Lausanne-Sport

Keepers & outfield error for **Football Club Internazionale Milano S.p.A.** in Feyenoord Rotterdam vs Football Club Internazionale Milano S.p.A.: Numbers: 0 and 11.

Keepers & outfield error for **Associazione Sportiva Roma** in Football Club Internazionale Milano S.p.A. vs Associazione Sportiva Roma: Numbers: 0 and 11.
[4547635] Failed to build match row: Feyenoord Rotterdam vs Football Club Internazionale Milano S.p.A.
[3844809] Failed to build match row: Football Club Internazionale Milano S.p.A. vs Associazione Sportiva Roma
[4638757] Could not find attributes for jack butland (Rangers Football Club, 2025)
[4638757] Failed to build match row: Motherwell Football Club vs Rangers Football Club
[3947332] Could not find attributes for jamie barclay (Cumnock Juniors FC, 2022)
[3947332] Failed to build match row: Cumnock Juniors FC vs Dumbarton FC
[3513634] Could not find attributes for nikolaos melissas (Panetolikos Agrinio, 2020)
[4811036] Could not find attributes for alef manga (Clube do Remo, 2025)
[3513634] Failed to build match row: Panetolikos Agrinio vs Volou Neos Podosferikos Syllogos
[4811036] Failed to build match row: Clube do Remo vs Mirasol Futebol Clube
[4680806] Failed to scrape lineup: https://www.transfermarkt.co.uk/spielbericht/index/spielbericht/4680806
[4120755] Failed to scrape lineup: https://www.transfermarkt.co.uk/metalist-1925-kharkiv_sc-dnipro-1/index/spielbericht/4120755
[4109352] Failed to scrape lineup: https://www.transfermarkt.co.uk/vitoria-guimaraes-sc_portimonense-sc/index/spielbericht/4109352
[4135634] Could not find attributes for veljko ilic (Fudbalski klub TSC Bačka Topola, 2023)
[3651944] Failed to scrape lineup: https://www.transfermarkt.co.uk/spielbericht/index/spielbericht/3651944
[4521398] Could not find attributes for tomoki hayakawa (Kashima Antlers FC, 2024)
[4135634] Failed to build match row: Sporting Clube de Braga vs Fudbalski klub TSC Bačka Topola
[4521398] Failed to build match row: Kashima Antlers FC vs Albirex Niigata

Keepers & outfield error for **Paris Saint-Germain Football Club** in Real Madrid Club de Fútbol vs Paris Saint-Germain Football Club: Numbers: 2 and 9.
[3714229] Failed to build match row: Real Madrid Club de Fútbol vs Paris Saint-Germain Football Club
[4172146] Could not find attributes for fredrik gulbrandsen (Molde Fotballklubb, 2023)
[4172146] Failed to build match row: Bayer 04 Leverkusen Fußball vs Molde Fotballklubb

Keepers & outfield error for **Club Social y Deportivo Defensa y Justicia** in Club Social y Deportivo Defensa y Justicia vs Club Atlético Belgrano: Numbers: 0 and 11.
[4649134] Could not find attributes for conrado (SC Oţelul Galaţi, 2025)
[4098081] Could not find attributes for robin propper (Football Club Twente, 2023)
[4798327] Failed to build match row: Club Social y Deportivo Defensa y Justicia vs Club Atlético Belgrano
[4649134] Failed to build match row: Fotbal Club Rapid 1923 SA vs SC Oţelul Galaţi
[4098081] Failed to build match row: Go Ahead Eagles vs Football Club Twente
[4408301] Could not find attributes for nikolay sysuev (FC Orenburg, 2024)
[4647871] Could not find attributes for karol linetty (Kocaelispor Kulübü, 2025)
[4408301] Failed to build match row: FC Orenburg vs FK Rostov
[4647871] Failed to build match row: Fatih Karagümrük Sportif Faaliyetler San. Tic. A.Ş. vs Kocaelispor Kulübü
[4627311] Could not find attributes for flavius daniliuc (FC Basel 1893 AG, 2025)
[3602605] Could not find attributes for aleksandr belenov (FK Ufa, 2021)
[4627311] Failed to build match row: FC Basel 1893 AG vs FC Lugano
[3602605] Failed to build match row: FK Ufa vs PFK CSKA Moskva
[3597979] Could not find attributes for tijjani noslin (Fortuna Sittardia Combinatie, 2021)
[3597979] Failed to build match row: Fortuna Sittardia Combinatie vs Sparta Rotterdam
[3852772] Could not find attributes for jorrel hato (AFC Ajax Amsterdam, 2022)
[3852772] Failed to build match row: AFC Ajax Amsterdam vs Alkmaar Zaanstreek

Keepers & outfield error for **Motherwell Football Club** in Motherwell Football Club vs Sligo Rovers: Numbers: 0 and 11.
[3872587] Failed to build match row: Motherwell Football Club vs Sligo Rovers
[3613011] Could not find attributes for mohammad naderi (Altay SK, 2021)
[3613011] Failed to build match row: Altay SK vs Trabzonspor Kulübü
[4363521] Could not find attributes for tomas koubek (FC Slovan Liberec, 2024)
[4363521] Failed to build match row: FC Slovan Liberec vs SK Dynamo Ceske Budejovice
[3426976] Could not find attributes for atiba hutchinson (Beşiktaş Jimnastik Kulübü, 2020)
[3426976] Failed to build match row: Beşiktaş Jimnastik Kulübü vs Galatasaray Spor Kulübü

Keepers & outfield error for **Grupo Desportivo Estoril Praia** in Portimonense SC vs Grupo Desportivo Estoril Praia: Numbers: 2 and 9.
[3621435] Failed to build match row: Portimonense SC vs Grupo Desportivo Estoril Praia
[3513635] Could not find attributes for amr warda (Panthessalonikios Athlitikos Omilos Konstantinoupoliton, 2020)
[3513635] Failed to build match row: Panthessalonikios Athlitikos Omilos Konstantinoupoliton vs Aris Thessalonikis
[4120756] Could not find attributes for oleksandr saputin (FC Zorya Lugansk, 2023)
[4120756] Failed to build match row: FC Zorya Lugansk vs Chornomorets Odesa
Not enough players found for lineup: 0, 0.
[3947333] Failed to scrape lineup: https://www.transfermarkt.co.uk/spielbericht/index/spielbericht/3947333
[3651945] Could not find attributes for paulinho (Fodbold Club Midtjylland, 2021)
[3651945] Failed to build match row: Fodbold Club Midtjylland vs Fudbalski klub Crvena zvezda Beograd
[3613012] Failed to scrape lineup: https://www.transfermarkt.co.uk/hatayspor_konyaspor/index/spielbericht/3613012
[4811037] Could not find attributes for nonato (Fluminense Football Club, 2025)
[4811037] Failed to build match row: Fluminense Football Club vs Grêmio Foot-Ball Porto Alegrense
[4680807] Could not find attributes for mohamed el shenawy (Egypt, 2025)
[4680807] Failed to build match row: Egypt vs South Africa
[4743097] Could not find attributes for menno bergsen (Helmond Sport, 2025)
[3844811] Failed to scrape lineup: https://www.transfermarkt.co.uk/ss-lazio_spezia-calcio/index/spielbericht/3844811
[4627312] Could not find attributes for florent mollet (Football Club Lausanne-Sport, 2025)
[4743097] Failed to build match row: Helmond Sport vs Prins Hendrik Ende Desespereert Nimmer Combinatie Zwolle
[4627312] Failed to build match row: Football Club Lausanne-Sport vs FC Sion
[3426977] Failed to scrape lineup: https://www.transfermarkt.co.uk/genclerbirligi-ankara_fatih-karagumruk/index/spielbericht/3426977
[4056026] Could not find attributes for daniil yermolov (Metalist Kharkiv, 2022)
[3602606] Could not find attributes for sergey pesjakov (FK Rostov, 2021)
[4056026] Failed to build match row: Metalist Kharkiv vs Futbolniy Klub Dynamo Kyiv
[4715010] Could not find attributes for senny mayulu (Paris Saint-Germain Football Club, 2025)
[3602606] Failed to build match row: FK Rostov vs FK Spartak Moskva
[4715010] Failed to build match row: Futbol Club Barcelona vs Paris Saint-Germain Football Club
[4408302] Could not find attributes for evgeniy latyshonok (AO FK Zenit Sankt-Peterburg, 2024)
[4408302] Failed to build match row: AO FK Zenit Sankt-Peterburg vs PFK CSKA Moskva
[4120757] Failed to scrape lineup: https://www.transfermarkt.co.uk/fc-oleksandriya_dynamo-kyiv/index/spielbericht/4120757
[4521399] Could not find attributes for ryosuke kojima (Hitachi Kashiwa Reysol, 2024)
[4521399] Failed to build match row: Hitachi Kashiwa Reysol vs Cerezo Osaka

Keepers & outfield error for **Leicester City** in Aston Villa Football Club vs Leicester City: Numbers: 0 and 11.
[3838771] Failed to build match row: Aston Villa Football Club vs Leicester City
[4367968] Could not find attributes for in beom hwang (Feyenoord Rotterdam, 2024)
[3852773] Could not find attributes for igor paixao (Feyenoord Rotterdam, 2022)
[4367968] Failed to build match row: Feyenoord Rotterdam vs Football Club Groningen
[3852773] Failed to build match row: Excelsior Rotterdam vs Feyenoord Rotterdam
[3872588] Could not find attributes for jarlath orourke (Crusaders FC, 2022)
[3872588] Failed to build match row: FC Basel 1893 AG vs Crusaders FC
[3450739] Failed to scrape lineup: https://www.transfermarkt.co.uk/fc-utrecht_fc-emmen/index/spielbericht/3450739
[4396798] Could not find attributes for korede osundina (Casa Pia Atlético Clube, 2024)
[4396798] Failed to build match row: Casa Pia Atlético Clube vs Rio Ave Futebol Clube

Keepers & outfield error for **FC Vizela** in FC Vizela vs Sport Lisboa e Benfica: Numbers: 0 and 11.
[3621436] Failed to build match row: FC Vizela vs Sport Lisboa e Benfica
[4521400] Failed to scrape lineup: https://www.transfermarkt.co.uk/fc-tokyo_nagoya-grampus/index/spielbericht/4521400

Keepers & outfield error for **Real Betis Balompié S.A.D.** in Real Betis Balompié S.A.D. vs Bayer 04 Leverkusen Fußball: Numbers: 0 and 11.
[3651946] Failed to build match row: Real Betis Balompié S.A.D. vs Bayer 04 Leverkusen Fußball

Keepers & outfield error for **Unione Sportiva Cremonese S.p.A.** in Unione Sportiva Lecce vs Unione Sportiva Cremonese S.p.A.: Numbers: 0 and 11.
[3844812] Failed to build match row: Unione Sportiva Lecce vs Unione Sportiva Cremonese S.p.A.
[3613013] Could not find attributes for shapi suleymanov (Giresunspor, 2021)
[3613013] Failed to build match row: Giresunspor vs Hatayspor
[4363522] Could not find attributes for matus hruska (FK Dukla Praha a.s., 2024)
[4363522] Failed to build match row: FK Dukla Praha a.s. vs FC Baník Ostrava a.s.
[3513636] Could not find attributes for ziga laci (Athlitiki Enosi Konstantinoupoleos, 2020)
[3513636] Failed to build match row: Athlitiki Enosi Konstantinoupoleos vs Apollon Smyrnis
[3714418] Could not find attributes for bubacarr sanneh (Sønderjyske Fodbold, 2021)
[3714418] Failed to build match row: Sønderjyske Fodbold vs Odense Boldklub

Keepers & outfield error for **Saint Mirren Football Club** in Saint Mirren Football Club vs Hibernian Football Club: Numbers: 2 and 9.
[4098082] Could not find attributes for yannick leliendal (Football Club Utrecht, 2023)
[4811038] Could not find attributes for alexander barboza (S. A. F. Botafogo, 2025)
[3890154] Failed to build match row: Saint Mirren Football Club vs Hibernian Football Club
[4098082] Failed to build match row: Football Club Utrecht vs Alkmaar Zaanstreek
[4811038] Failed to build match row: S. A. F. Botafogo vs Cruzeiro Esporte Clube
[3597980] Could not find attributes for vurnon anita (RKC Waalwijk, 2021)
[3597980] Failed to build match row: Nijmegen Eendracht Combinatie vs RKC Waalwijk
[3426978] Could not find attributes for sokol cikalleshi (Konyaspor, 2020)
[3426978] Failed to build match row: Konyaspor vs Göztepe Sportif Yatırımlar A.Ş.
[4627313] Could not find attributes for miroslav stevanovic (Servette Football Club 1890 SA, 2025)
[4376649] Could not find attributes for tawanda maswanhise (Motherwell Football Club, 2024)
[4627313] Failed to build match row: Servette Football Club 1890 SA vs FC Thun
[4120758] Could not find attributes for dmytro ledviy (FC Rukh Lviv, 2023)
[4376649] Failed to build match row: The Celtic Football Club vs Motherwell Football Club
[4120758] Failed to build match row: FC Rukh Lviv vs FK Kryvbas Kryvyi Rig
[3714419] Failed to scrape lineup: https://www.transfermarkt.co.uk/spielbericht/index/spielbericht/3714419
[4135636] Could not find attributes for nikola simic (Fudbalski klub TSC Bačka Topola, 2023)
[4056027] Could not find attributes for oleksandr saputin (FC Zorya Lugansk, 2022)
[3597981] Failed to scrape lineup: https://www.transfermarkt.co.uk/pec-zwolle_fc-groningen/index/spielbericht/3597981
[4056027] Failed to build match row: FC Zorya Lugansk vs Chornomorets Odesa
[4408303] Could not find attributes for aleksandr maksimenko (FK Spartak Moskva, 2024)
[4408303] Failed to build match row: FK Spartak Moskva vs FC Orenburg
[4649136] Could not find attributes for danel dongmo (Fotbal Club Petrolul Ploiești, 2025)
[4396799] Could not find attributes for sidoine fogning (Boavista FC, 2024)
[4649136] Failed to build match row: Fotbal Club Petrolul Ploiești vs Asociația Sportivă Fotbal Club Universitatea Cluj
[4367969] Could not find attributes for suf podgoreanu (Heracles Almelo, 2024)
[4396799] Failed to build match row: Boavista FC vs Gil Vicente Futebol Clube
[4367969] Failed to build match row: Fortuna Sittardia Combinatie vs Heracles Almelo
[4521403] Could not find attributes for naoto kamifukumoto (Shonan Bellmare, 2024)

Keepers & outfield error for **Boavista FC** in Boavista FC vs GD Chaves: Numbers: 2 and 9.
[4521403] Failed to build match row: Shonan Bellmare vs Urawa Red Diamonds
[4109354] Failed to build match row: Boavista FC vs GD Chaves
[4642892] Failed to scrape lineup: https://www.transfermarkt.co.uk/red-bull-salzburg_lask/index/spielbericht/4642892
[3602607] Could not find attributes for vyacheslav litvinov (FK Krasnodar, 2021)
[3602607] Failed to build match row: FK Krasnodar vs AO FK Zenit Sankt-Peterburg

Keepers & outfield error for **Southampton FC** in Brentford Football Club vs Southampton FC: Numbers: 2 and 9.
[3426979] Could not find attributes for gokdeniz bayrakdar (Antalyaspor, 2020)
[3838772] Failed to build match row: Brentford Football Club vs Southampton FC
[3426979] Failed to build match row: Antalyaspor vs Trabzonspor Kulübü
[3513637] Could not find attributes for gergely nagy (Athlitiki Enosi Larisas, 2020)
[3513637] Failed to build match row: Athlitiki Enosi Larisas vs Olympiakos Syndesmos Filathlon Peiraios

Keepers & outfield error for **Clube Desportivo de Tondela** in Sporting Clube de Portugal vs Clube Desportivo de Tondela: Numbers: 2 and 9.
[3613014] Could not find attributes for ryan donk (Kasımpaşa A.Ş., 2021)
[4715012] Failed to scrape lineup: https://www.transfermarkt.co.uk/spielbericht/index/spielbericht/4715012
[3621437] Failed to build match row: Sporting Clube de Portugal vs Clube Desportivo de Tondela
[3613014] Failed to build match row: Kasımpaşa A.Ş. vs Altay SK
[4620776] Failed to scrape lineup: https://www.transfermarkt.co.uk/as-roma_parma-calcio-1913/index/spielbericht/4620776
[4811039] Could not find attributes for sabino (São Paulo Futebol Clube, 2025)
[4811039] Failed to build match row: São Paulo Futebol Clube vs Clube de Regatas do Flamengo
[4363523] Could not find attributes for lukas hulka (Bohemians Praha 1905, a.s., 2024)
[4363523] Failed to build match row: Bohemians Praha 1905, a.s. vs FC Viktoria Plzeň, a.s.
[4625268] Could not find attributes for tino jukic (NK Lokomotiva Zagreb, 2025)
[4625268] Failed to build match row: NK Lokomotiva Zagreb vs HNK Gorica

Keepers & outfield error for **Club Sportivo Independiente Rivadavia** in Club Sportivo Independiente Rivadavia vs Club Atlético Independiente de Avellaneda: Numbers: 0 and 11.

Keepers & outfield error for **Go Ahead Eagles** in Nijmegen Eendracht Combinatie vs Go Ahead Eagles: Numbers: 0 and 11.
56
[4642893] Failed to scrape lineup: https://www.transfermarkt.co.uk/fc-blau-weiss-linz_sv-ried/index/spielbericht/4642893
[4367970] Failed to build match row: Nijmegen Eendracht Combinatie vs Go Ahead Eagles
[4798330] Failed to build match row: Club Sportivo Independiente Rivadavia vs Club Atlético Independiente de Avellaneda
[3433221] Could not find attributes for jeff chabot (Spezia Calcio, 2020)
[3433221] Failed to build match row: Spezia Calcio vs Associazione Calcio Fiorentina
[4743098] Could not find attributes for ischa bouwman (Sparta Nijkerk, 2025)
[4743098] Failed to build match row: Sparta Nijkerk vs Almere City FC
[3602608] Could not find attributes for fabian balbuena (FK Dinamo Moskva, 2021)
[3602608] Failed to build match row: PFK CSKA Moskva vs FK Dinamo Moskva
[4056028] Could not find attributes for oleg bilyk (Ingulets Petrove, 2022)
[4056028] Failed to build match row: Ingulets Petrove vs SC Dnipro-1
[3613015] Could not find attributes for halil dervisoglu (Galatasaray Spor Kulübü, 2021)
[3613015] Failed to build match row: Galatasaray Spor Kulübü vs Antalyaspor
[4638761] Failed to scrape lineup: https://www.transfermarkt.co.uk/heart-of-midlothian-fc_aberdeen-fc/index/spielbericht/4638761

Keepers & outfield error for **Futebol Clube do Porto** in Futebol Clube do Porto vs Vitória Sport Clube: Numbers: 0 and 11.
[3621438] Failed to build match row: Futebol Clube do Porto vs Vitória Sport Clube
[3947334] Could not find attributes for cameron murray (Glasgow University FC, 2022)
[3947334] Failed to build match row: Glasgow University FC vs Albion Rovers FC
[4172148] Could not find attributes for andrey lunev (Qarabağ FK, 2023)
[4172148] Failed to build match row: Qarabağ FK vs Bayer 04 Leverkusen Fußball
[4811040] Could not find attributes for raniele (Sport Club Corinthians Paulista, 2025)
[3450740] Could not find attributes for yorbe vertessen (Eindhovense Voetbalvereniging Philips Sport Vereniging, 2020)
[4811040] Failed to build match row: Sport Club Corinthians Paulista vs Esporte Clube Bahia
[3450740] Failed to build match row: Eindhovense Voetbalvereniging Philips Sport Vereniging vs Vitesse Arnhem
[4649137] Could not find attributes for maks celic (Asociația Futball Klub Csíkszereda Miercurea Ciuc, 2025)
[4649137] Failed to build match row: Fotbal Club CFR 1907 Cluj SA vs Asociația Futball Klub Csíkszereda Miercurea Ciuc
[3597982] Could not find attributes for thom haye (Sportclub Heerenveen, 2021)
[3597982] Failed to build match row: Eindhovense Voetbalvereniging Philips Sport Vereniging vs Sportclub Heerenveen
[3415510] Could not find attributes for zinho gano (KV Kortrijk, 2020)
[4120759] Could not find attributes for pavlo isenko (Vorskla Poltava, 2023)
[4376650] Could not find attributes for oluwaseun adewumi (Dundee Football Club, 2024)
[3415510] Failed to build match row: KAS Eupen vs KV Kortrijk
[4120759] Failed to build match row: Vorskla Poltava vs FC Shakhtar Donetsk
[4376650] Failed to build match row: Dundee Football Club vs Ross County FC
[4408304] Could not find attributes for rustam yatimov (FK Rostov, 2024)
[4408304] Failed to build match row: FK Rostov vs FK Dinamo Moskva
[4109355] Could not find attributes for leonardo lelo (Casa Pia Atlético Clube, 2023)
[4109355] Failed to build match row: Futebol Clube de Arouca vs Casa Pia Atlético Clube
[4625269] Could not find attributes for marino bulat (HNK Vukovar 1991, 2025)
[3872589] Failed to scrape lineup: https://www.transfermarkt.co.uk/spielbericht/index/spielbericht/3872589

Keepers & outfield error for **Association Football Club Bournemouth** in Brighton and Hove Albion Football Club vs Association Football Club Bournemouth: Numbers: 0 and 11.
[4625269] Failed to build match row: HNK Vukovar 1991 vs NK Istra 1961
[3602609] Could not find attributes for mark mampassi (Футбольный клуб "Локомотив" Москва, 2021)
[3838773] Failed to build match row: Brighton and Hove Albion Football Club vs Association Football Club Bournemouth
[3844814] Could not find attributes for manolo gabbiadini (UC Sampdoria, 2022)
[3602609] Failed to build match row: Футбольный клуб "Локомотив" Москва vs FK Nizhny Novgorod
[3844814] Failed to build match row: UC Sampdoria vs AC Monza

Keepers & outfield error for **Racing Club de Lens** in Sport-Club Freiburg vs Racing Club de Lens: Numbers: 2 and 9.

Keepers & outfield error for **Torino Calcio** in Torino Calcio vs Cagliari Calcio: Numbers: 2 and 9.
[4243720] Failed to build match row: Sport-Club Freiburg vs Racing Club de Lens
[3433222] Failed to build match row: Torino Calcio vs Cagliari Calcio
[4367971] Could not find attributes for marvin young (Sparta Rotterdam, 2024)
[4367971] Failed to build match row: Nooit Opgeven Altijd Doorzetten Aangenaam Door Vermaak En Nuttig Door Ontspanning Combinatie Breda vs Sparta Rotterdam
[3513638] Could not find attributes for davino verhulst (Apollon Smyrnis, 2020)
[3513638] Failed to build match row: Apollon Smyrnis vs Panetolikos Agrinio
[4376651] Could not find attributes for lawrence shankland (Heart of Midlothian Football Club, 2024)
[4376651] Failed to build match row: Heart of Midlothian Football Club vs Hibernian Football Club
[3714420] Could not find attributes for mihajlo ivancevic (Odense Boldklub, 2021)
[3714420] Failed to build match row: Odense Boldklub vs Sønderjyske Fodbold
[4811041] Could not find attributes for reinaldo (Mirasol Futebol Clube, 2025)
[4811041] Failed to build match row: Mirasol Futebol Clube vs Club de Regatas Vasco da Gama
[3426980] Could not find attributes for adolphe teikeu (Erzurumspor FK, 2020)
[3426980] Failed to build match row: Erzurumspor FK vs Alanyaspor
[4649138] Failed to scrape lineup: https://www.transfermarkt.co.uk/fc-hermannstadt_universitatea-craiova/index/spielbericht/4649138
[4396801] Could not find attributes for lazar carevic (Futebol Clube de Famalicão, 2024)
[4396801] Failed to build match row: Futebol Clube de Famalicão vs AVS Futebol SAD
[4627314] Could not find attributes for malamine efekele (FC St. Gallen 1879, 2025)
[4627314] Failed to build match row: FC St. Gallen 1879 vs Berner Sport Club Young Boys
[4408305] Could not find attributes for stanislav agkatsev (FK Krasnodar, 2024)
[3588931] Failed to scrape lineup: https://www.transfermarkt.co.uk/fc-lorient_ogc-nice/index/spielbericht/3588931
[4408305] Failed to build match row: FK Krasnodar vs PFK Krylya Sovetov Samara
[3597983] Could not find attributes for dan crowley (Willem II Tilburg, 2021)
[3597983] Failed to build match row: Willem II Tilburg vs AFC Ajax Amsterdam
[3450741] Could not find attributes for uros spajic (Feyenoord Rotterdam, 2020)
[4547640] Could not find attributes for ayyoub bouaddi (Lille Olympique Sporting Club, 2024)
[3450741] Failed to build match row: Feyenoord Rotterdam vs RKC Waalwijk
[4547640] Failed to build match row: Lille Olympique Sporting Club vs Borussia Dortmund
[4120760] Could not find attributes for oleg mozil (TOV FK Metalist 1925 Kharkiv, 2023)
[4367972] Failed to scrape lineup: https://www.transfermarkt.co.uk/pec-zwolle_ajax-amsterdam/index/spielbericht/4367972
[4120760] Failed to build match row: TOV FK Metalist 1925 Kharkiv vs FK Obolon Kyiv
[3602610] Could not find attributes for vanja drkusic (FK Sochi, 2021)
[3602610] Failed to build match row: FK Sochi vs RFK Akhmat Grozny
[4172149] Could not find attributes for andrey lunev (Qarabağ FK, 2023)
[4172149] Failed to build match row: Qarabağ FK vs Molde Fotballklubb
[4625270] Could not find attributes for bruno goda (GNK Dinamo Zagreb, 2025)
[4625270] Failed to build match row: GNK Dinamo Zagreb vs NK Istra 1961
[3513639] Could not find attributes for julian cuesta (Aris Thessalonikis, 2020)
[3513639] Failed to build match row: Aris Thessalonikis vs Omilos Filathlon Irakliou FC
[3844815] Could not find attributes for emil konradsen ceide (Unione Sportiva Sassuolo Calcio, 2022)
[4363524] Could not find attributes for denis donat (FK Mladá Boleslav, a.s., 2024)
[3844815] Failed to build match row: Unione Sportiva Sassuolo Calcio vs US Salernitana 1919
[4363524] Failed to build match row: AC Sparta Praha, a. s. vs FK Mladá Boleslav, a.s.
[4811042] Could not find attributes for victor hugo (Clube Atlético Mineiro, 2025)
[4811042] Failed to build match row: Clube Atlético Mineiro vs Sociedade Esportiva Palmeiras
[4647872] Failed to scrape lineup: https://www.transfermarkt.co.uk/gaziantep-fk_goztepe/index/spielbericht/4647872
[4638763] Could not find attributes for james brown (Kilmarnock Football Club, 2025)
[4638763] Failed to build match row: Dundee United Football Club vs Kilmarnock Football Club
[4521404] Could not find attributes for yuya oki (S-Pulse, 2024)

Keepers & outfield error for **Udinese Calcio** in Udinese Calcio vs Parma Calcio 1913: Numbers: 0 and 11.
[4521404] Failed to build match row: S-Pulse vs Sanfrecce Hiroshima
[3433223] Failed to build match row: Udinese Calcio vs Parma Calcio 1913
[4098084] Could not find attributes for robin propper (Football Club Twente, 2023)
[4098084] Failed to build match row: Football Club Twente vs RKC Waalwijk
[3415511] Could not find attributes for sandy walsh (Yellow-Red Koninklijke Voetbalclub Mechelen, 2020)
[3415511] Failed to build match row: Yellow-Red Koninklijke Voetbalclub Mechelen vs Oud-Heverlee Leuven
[3621439] Could not find attributes for raul silva (Sporting Clube de Braga, 2021)
[3838774] Could not find attributes for joao palhinha (Fulham Football Club, 2022)
[3621439] Failed to build match row: Sporting Clube de Braga vs FC Vizela
[3838774] Failed to build match row: Chelsea Football Club vs Fulham Football Club
[3652550] Could not find attributes for oleksiy bashtanenko (FK Nikopol, 2021)
[3652550] Failed to build match row: FK Nikopol vs SK Tavriya Simferopol ( - 2022)
[4743099] Could not find attributes for elber evora (GVVV Veenendaal, 2025)
[4743099] Failed to build match row: GVVV Veenendaal vs De Graafschap Doetinchem
[4367973] Could not find attributes for nikolai hopland (Sportclub Heerenveen, 2024)
[4367973] Failed to build match row: Eindhovense Voetbalvereniging Philips Sport Vereniging vs Sportclub Heerenveen
[4680808] Failed to scrape lineup: https://www.transfermarkt.co.uk/spielbericht/index/spielbericht/4680808
[4396802] Could not find attributes for bruno varela (Vitória Sport Clube, 2024)
[4396802] Failed to build match row: Moreirense Futebol Clube vs Vitória Sport Clube
[4642895] Could not find attributes for beres owusu (Grazer Athletiksport Klub 1902, 2025)
[4642895] Failed to build match row: Sportclub Rheindorf Altach vs Grazer Athletiksport Klub 1902
[3597984] Could not find attributes for ringo meerveld (Willem II Tilburg, 2021)
[4376652] Could not find attributes for duktm (Aberdeen Football Club, 2024)
[3597984] Failed to build match row: Prins Hendrik Ende Desespereert Nimmer Combinatie Zwolle vs Willem II Tilburg
[4376652] Failed to build match row: Kilmarnock Football Club vs Aberdeen Football Club
[4172150] Could not find attributes for andrey lunev (Qarabağ FK, 2023)
[4625272] Could not find attributes for osman hadzikic (NK Slaven Belupo Koprivnica, 2025)
[4172150] Failed to build match row: Qarabağ FK vs BK Häcken
[4625272] Failed to build match row: NK Slaven Belupo Koprivnica vs NK Lokomotiva Zagreb
[3872590] Could not find attributes for anton ari einarsson (Breidablik Kópavogur, 2022)
[3872590] Failed to build match row: Breidablik Kópavogur vs Buducnost Podgorica
[4638764] Could not find attributes for alexander schwolow (Heart of Midlothian Football Club, 2025)
[4638764] Failed to build match row: Heart of Midlothian Football Club vs Falkirk Football & Athletic Club
[4521406] Failed to scrape lineup: https://www.transfermarkt.co.uk/fagiano-okayama_gamba-osaka/index/spielbericht/4521406
[3844816] Could not find attributes for manolo gabbiadini (UC Sampdoria, 2022)
[4363525] Could not find attributes for jakub martinec (FK Jablonec a.s., 2024)
[3844816] Failed to build match row: Bologna Football Club 1909 vs UC Sampdoria
[4363525] Failed to build match row: FK Jablonec a.s. vs FK Pardubice
[4408306] Could not find attributes for giorgiy shelia (RFK Akhmat Grozny, 2024)
[4408306] Failed to build match row: RFK Akhmat Grozny vs FC Rubin Kazan
[4811043] Could not find attributes for alexandro bernabei (Sport Club Internacional, 2025)
[4811043] Failed to build match row: Sport Club Internacional vs Clube Atlético Paranaense
[3513640] Could not find attributes for antonis tsiftsis (A.G.S Asteras Tripolis, 2020)
[3513640] Failed to build match row: A.G.S Asteras Tripolis vs PAS Giannina
[4649139] Could not find attributes for teodor lungu (Asociația Fotbal Club Unirea 04 Slobozia, 2025)
[3426981] Could not find attributes for zvonimir sarlija (MKE Ankaragücü, 2020)
[4649139] Failed to build match row: Asociația Fotbal Club Unirea 04 Slobozia vs Asociația Fotbal Club UTA Arad
[3426981] Failed to build match row: MKE Ankaragücü vs Kasımpaşa A.Ş.
[4425235] Could not find attributes for jesse cameron (Western Sydney Wanderers, 2024)
[4425235] Failed to build match row: Western Sydney Wanderers vs Macarthur South West Sydney (A-League)
[3890158] Could not find attributes for dan casey (Motherwell Football Club, 2022)
[3890158] Failed to build match row: Kilmarnock Football Club vs Motherwell Football Club
[4120761] Could not find attributes for danylo varakuta (Chornomorets Odesa, 2023)
[4120761] Failed to build match row: Chornomorets Odesa vs FK Kryvbas Kryvyi Rig
[4373582] Failed to scrape lineup: https://www.transfermarkt.co.uk/vfb-stuttgart_rb-leipzig/index/spielbericht/4373582
[4463561] Could not find attributes for jonas mortensen (Esbjerg fB, 2024)
[4463561] Failed to build match row: Esbjerg fB vs Aalborg BK
[3613017] Could not find attributes for aleksandar pesic (Fatih Karagümrük Sportif Faaliyetler San. Tic. A.Ş., 2021)
[3613017] Failed to build match row: Alanyaspor vs Fatih Karagümrük Sportif Faaliyetler San. Tic. A.Ş.
[3602611] Could not find attributes for egor teslenko (FC Rubin Kazan, 2021)
[3602611] Failed to build match row: FC Rubin Kazan vs Arsenal Tula
[3714421] Could not find attributes for max meyer (Fodbold Club Midtjylland, 2021)
[3714421] Failed to build match row: Fodbold Club Midtjylland vs Vejle Boldklub
[3621440] Could not find attributes for paulinho (Moreirense Futebol Clube, 2021)
[3621440] Failed to build match row: Moreirense Futebol Clube vs Gil Vicente Futebol Clube
[4376653] Could not find attributes for bozo mikulic (St. Johnstone FC, 2024)
[4408307] Could not find attributes for nikita medvedev (FK Nizhny Novgorod, 2024)
[4376653] Failed to build match row: St. Johnstone FC vs Dundee United Football Club
[4408307] Failed to build match row: FK Nizhny Novgorod vs Akron Togliatti

Keepers & outfield error for **Futebol Clube do Porto** in Club Football Estrela da Amadora vs Futebol Clube do Porto: Numbers: 0 and 11.

Keepers & outfield error for **Associazione Calcio Milan** in Associazione Calcio Milan vs Associazione Sportiva Roma: Numbers: 2 and 9.
[4109356] Failed to build match row: Club Football Estrela da Amadora vs Futebol Clube do Porto
[4625273] Could not find attributes for marko malenica (NK Osijek s.d.d., 2025)
[3433224] Could not find attributes for matteo lovato (Verona Hellas Football Club, 2020)
[4743100] Could not find attributes for jorick maats (HHC Hardenberg, 2025)
[4625273] Failed to build match row: NK Osijek s.d.d. vs HNK Hajduk Split
[3433224] Failed to build match row: Verona Hellas Football Club vs Genoa Cricket and Football Club
[4620780] Failed to build match row: Associazione Calcio Milan vs Associazione Sportiva Roma
[4098085] Could not find attributes for mickey van der hart (Sportclub Heerenveen, 2023)
[4743100] Failed to build match row: HHC Hardenberg vs TOP Oss

Keepers & outfield error for **Olympique Lyonnais** in Olympique Lyonnais vs ESTAC Troyes: Numbers: 2 and 9.
[4098085] Failed to build match row: Fortuna Sittardia Combinatie vs Sportclub Heerenveen
[4521407] Could not find attributes for yuma obata (Avispa Fukuoka, 2024)
[3588932] Failed to build match row: Olympique Lyonnais vs ESTAC Troyes
[4521407] Failed to build match row: Avispa Fukuoka vs Kawasaki Frontale
[4798332] Could not find attributes for leonel di placido (Club Atlético Tucumán, 2025)
[4798332] Failed to build match row: Instituto Atlético Central Córdoba vs Club Atlético Tucumán
[4627315] Could not find attributes for marvin martins (Fussballclub Winterthur, 2025)
[3426982] Could not find attributes for robin yalcin (Sivasspor, 2020)
[3947335] Could not find attributes for dominic boland (Kilwinning Rangers FC, 2022)
[4627315] Failed to build match row: Fussballclub Winterthur vs Grasshopper Club Zürich
[3947335] Failed to build match row: Kilwinning Rangers FC vs Forfar Athletic FC
[3426982] Failed to build match row: Sivasspor vs Fenerbahçe Spor Kulübü
[4642896] Could not find attributes for furkan demir (Sportklub Rapid, 2025)
[4642896] Failed to build match row: RZ Pellets Wolfsberger Athletiksport Club vs Sportklub Rapid
[4649140] Could not find attributes for ely fernandes (Fotbal Club Metaloglobus București SA, 2025)
[4638765] Could not find attributes for mahamadou susoho (Livingston Football Club, 2025)
[4649140] Failed to build match row: Fotbal Club Rapid 1923 SA vs Fotbal Club Metaloglobus București SA
[4638765] Failed to build match row: Livingston Football Club vs Rangers Football Club
[3890159] Could not find attributes for arnaud djoum (Dundee United Football Club, 2022)
[4120762] Could not find attributes for mykyta shevchenko (FC Oleksandriya, 2023)
[4120762] Failed to build match row: FC Oleksandriya vs LNZ Cherkasy
[3890159] Failed to build match row: Ross County FC vs Dundee United Football Club
[4811044] Could not find attributes for henry mosquera (Red Bull Bragantino, 2025)
[4811044] Failed to build match row: Coritiba Foot Ball Club vs Red Bull Bragantino
[4056029] Could not find attributes for yuriy pankiv (FC Rukh Lviv, 2022)
[4056029] Failed to build match row: FC Rukh Lviv vs Vorskla Poltava
[4095196] Could not find attributes for saman ghoddos (Brentford Football Club, 2023)
[4095196] Failed to build match row: Brentford Football Club vs Arsenal Football Club
[3513641] Could not find attributes for boris kleyman (Volou Neos Podosferikos Syllogos, 2020)
[3513641] Failed to build match row: Volou Neos Podosferikos Syllogos vs Athlitiki Enosi Konstantinoupoleos
[4243723] Could not find attributes for andrey lunev (Qarabağ FK, 2023)
[4243723] Failed to build match row: Qarabağ FK vs Sporting Clube de Braga
[3872592] Could not find attributes for vladan giljen (FK Sutjeska Niksic, 2022)
[3872592] Failed to build match row: FK Sutjeska Niksic vs KÍ Klaksvík
[3462348] Could not find attributes for roberto soldado (Granada CF, 2020)
[3462348] Failed to build match row: Granada CF vs Omonia Nicosia
[4367975] Could not find attributes for davy klaassen (AFC Ajax Amsterdam, 2024)
[4367975] Failed to build match row: AFC Ajax Amsterdam vs Feyenoord Rotterdam
[3652865] Could not find attributes for fraser hobday (Banks O' Dee FC, 2021)
[3652865] Failed to build match row: Banks O' Dee FC vs Turriff United FC
[3602612] Could not find attributes for ilya pomazun (Ural Yekaterinburg, 2021)
[3602612] Failed to build match row: Ural Yekaterinburg vs FK Ufa
[4647874] Could not find attributes for marcos felipe (Eyüp Spor Kulübü, 2025)
[4647874] Failed to build match row: Çaykur Rizespor Kulübü vs Eyüp Spor Kulübü
[4408308] Could not find attributes for david volk (Dinamo Makhachkala, 2024)
[4408308] Failed to build match row: Dinamo Makhachkala vs Футбольный клуб "Локомотив" Москва

Keepers & outfield error for **Paris Saint-Germain Football Club** in Football Club de Metz vs Paris Saint-Germain Football Club: Numbers: 2 and 9.
[3588933] Failed to build match row: Football Club de Metz vs Paris Saint-Germain Football Club
[4680809] Could not find attributes for nurio fortuna (Angola, 2025)
[4680809] Failed to build match row: Angola vs Egypt
[4625274] Could not find attributes for martin zlomislic (Hrvatski Nogometni Klub Rijeka, 2025)
[3852776] Could not find attributes for jorg schreuders (Football Club Groningen, 2022)
[4625274] Failed to build match row: Hrvatski Nogometni Klub Rijeka vs NK Varazdin
[3852776] Failed to build match row: Go Ahead Eagles vs Football Club Groningen
[4642897] Could not find attributes for tom ritzy hulsmann (Turn- und Sportverein Egger Glas Hartberg, 2025)
[4642897] Failed to build match row: Fußballklub Austria Wien vs Turn- und Sportverein Egger Glas Hartberg
[4098086] Could not find attributes for tristan gooijer (AFC Ajax Amsterdam, 2023)
[4098086] Failed to build match row: AFC Ajax Amsterdam vs Eindhovense Voetbalvereniging Philips Sport Vereniging
[4620781] Could not find attributes for alvaro morata (Calcio Como, 2025)

Keepers & outfield error for **FC Zürich** in FC Zürich vs FC Luzern: Numbers: 2 and 9.
[4620781] Failed to build match row: Società Sportiva Calcio Napoli vs Calcio Como
[4627316] Failed to build match row: FC Zürich vs FC Luzern
[4798333] Could not find attributes for francisco romero (Asociación Atlética Estudiantes, 2025)
[4095197] Could not find attributes for vitinho (Burnley Football Club, 2023)
[4798333] Failed to build match row: Club Atlético San Lorenzo de Almagro vs Asociación Atlética Estudiantes
[3947336] Could not find attributes for Gary Thom (Linlithgow Rose FC, 2022)
[4095197] Failed to build match row: Burnley Football Club vs West Ham United Football Club
[3947336] Failed to build match row: Linlithgow Rose FC vs The Spartans FC
[4120763] Could not find attributes for pavlo isenko (Vorskla Poltava, 2023)

Keepers & outfield error for **Unione Sportiva Cremonese S.p.A.** in Unione Sportiva Cremonese S.p.A. vs Società Sportiva Calcio Napoli: Numbers: 0 and 11.
[4120763] Failed to build match row: Vorskla Poltava vs FK Kolos Kovalivka

Keepers & outfield error for **İstanbul Başakşehir Futbol Kulübü** in Kayserispor Kulübü vs İstanbul Başakşehir Futbol Kulübü: Numbers: 2 and 9.
[3844817] Failed to build match row: Unione Sportiva Cremonese S.p.A. vs Società Sportiva Calcio Napoli
[4811045] Could not find attributes for ze marcos (Esporte Clube Vitória, 2025)
[3426983] Failed to build match row: Kayserispor Kulübü vs İstanbul Başakşehir Futbol Kulübü
[3462349] Could not find attributes for hrvoje smolcic (Hrvatski Nogometni Klub Rijeka, 2020)
[4811045] Failed to build match row: Esporte Clube Vitória vs Clube do Remo
[3462349] Failed to build match row: Società Sportiva Calcio Napoli vs Hrvatski Nogometni Klub Rijeka
[3513642] Could not find attributes for yohan mollo (Panathinaikos Athlitikos Omilos, 2020)
[3513642] Failed to build match row: Panathinaikos Athlitikos Omilos vs Panthessalonikios Athlitikos Omilos Konstantinoupoliton
[4243724] Could not find attributes for asger sorensen (AC Sparta Praha, a. s., 2023)

Keepers & outfield error for **Saint Mirren Football Club** in St. Johnstone FC vs Saint Mirren Football Club: Numbers: 2 and 9.
[4243724] Failed to build match row: AC Sparta Praha, a. s. vs Galatasaray Spor Kulübü
[3872593] Could not find attributes for dunstan vella (Hibernians FC, 2022)
[4647875] Could not find attributes for youssef ait bennasser (Kayserispor Kulübü, 2025)
[3890160] Failed to build match row: St. Johnstone FC vs Saint Mirren Football Club
[3872593] Failed to build match row: Hibernians FC vs FCI Levadia
[4647875] Failed to build match row: Kayserispor Kulübü vs Alanyaspor
[4363526] Could not find attributes for jiri borek (1. FC Slovácko, 2024)
[4743101] Could not find attributes for nick borgman (VV Hoogeveen, 2025)
[4363526] Failed to build match row: 1. FC Slovácko vs SK Sigma Olomouc, a.s.
[4408309] Could not find attributes for nikita kokarev (FC Khimki (-2025), 2024)
[3602613] Could not find attributes for ilya lantratov (FC Khimki (-2025), 2021)
[4743101] Failed to build match row: VV Hoogeveen vs FC Emmen
[4367976] Could not find attributes for thom haye (Almere City FC, 2024)
[4408309] Failed to build match row: FC Khimki (-2025) vs Fakel Voronezh
[3602613] Failed to build match row: FC Khimki (-2025) vs PFK Krylya Sovetov Samara
[4367976] Failed to build match row: Almere City FC vs RKC Waalwijk
[4098087] Could not find attributes for kodai sano (Nijmegen Eendracht Combinatie, 2023)
[4098087] Failed to build match row: Nijmegen Eendracht Combinatie vs Heracles Almelo
[3415514] Could not find attributes for nordin jackers (SK Beveren, 2020)
[3415514] Failed to build match row: SK Beveren vs St Truiden
[4547642] Could not find attributes for aymen sliti (Feyenoord Rotterdam, 2024)
[4547642] Failed to build match row: Football Club Internazionale Milano S.p.A. vs Feyenoord Rotterdam
[4625275] Could not find attributes for oliver zelenika (NK Varazdin, 2025)
[4625275] Failed to build match row: NK Varazdin vs GNK Dinamo Zagreb

Keepers & outfield error for **SC Farense** in SC Farense vs FC Vizela: Numbers: 2 and 9.
[4109357] Failed to build match row: SC Farense vs FC Vizela
[4521408] Failed to scrape lineup: https://www.transfermarkt.co.uk/kashima-antlers_fc-tokyo/index/spielbericht/4521408

Keepers & outfield error for **Club Atlético Gimnasia y Esgrima de Mendoza** in Club Atlético Gimnasia y Esgrima de Mendoza vs Club de Gimnasia y Esgrima La Plata: Numbers: 0 and 11.
[4798334] Failed to build match row: Club Atlético Gimnasia y Esgrima de Mendoza vs Club de Gimnasia y Esgrima La Plata
[4361419] Failed to scrape lineup: https://www.transfermarkt.co.uk/wolverhampton-wanderers_crystal-palace/index/spielbericht/4361419

Keepers & outfield error for **Associação Chapecoense de Futebol** in Associação Chapecoense de Futebol vs Santos Futebol Clube: Numbers: 2 and 9.
[4811046] Failed to build match row: Associação Chapecoense de Futebol vs Santos Futebol Clube
[3613019] Could not find attributes for konrad michalak (Konyaspor, 2021)
[3613019] Failed to build match row: Konyaspor vs Beşiktaş Jimnastik Kulübü
[4425236] Could not find attributes for lucas herrington (Brisbane Roar FC, 2024)
[4425236] Failed to build match row: Brisbane Roar FC vs Newcastle United Jets Football Club
[4172152] Failed to scrape lineup: https://www.transfermarkt.co.uk/spielbericht/index/spielbericht/4172152
[3513643] Could not find attributes for devis epassy (PAS Lamia 1964, 2020)
[3513643] Failed to build match row: PAS Lamia 1964 vs APS Atromitos Athinon
[3415515] Could not find attributes for vadis odjidja ofoe (Koninklijke Atletiek Associatie Gent, 2020)
[3415515] Failed to build match row: Royal Standard Club de Liège vs Koninklijke Atletiek Associatie Gent
[4120764] Could not find attributes for bogdan kogut (NK Veres Rivne, 2023)
[4120764] Failed to build match row: NK Veres Rivne vs SC Dnipro-1
[4056030] Could not find attributes for oleksandr bandura (FC Minaj, 2022)
[4056030] Failed to build match row: FC Minaj vs TOV FK Metalist 1925 Kharkiv
[4680810] Could not find attributes for washington arubi (Zimbabwe, 2025)
[4680810] Failed to build match row: Zimbabwe vs South Africa
[3602614] Could not find attributes for mikhail kerzhakov (AO FK Zenit Sankt-Peterburg, 2021)
[3602614] Failed to build match row: AO FK Zenit Sankt-Peterburg vs Футбольный клуб "Локомотив" Москва
[4363527] Could not find attributes for filip cihak (FC Hradec Králové a.s., 2024)
[4363527] Failed to build match row: FC Hradec Králové a.s. vs FC Slovan Liberec
[4647876] Could not find attributes for adem arous (Kasımpaşa A.Ş., 2025)
[4647876] Failed to build match row: Kasımpaşa A.Ş. vs İstanbul Başakşehir Futbol Kulübü

Keepers & outfield error for **Boavista FC** in Futebol Clube do Porto vs Boavista FC: Numbers: 0 and 11.
[4396805] Failed to build match row: Futebol Clube do Porto vs Boavista FC
[3597987] Could not find attributes for vurnon anita (RKC Waalwijk, 2021)
[3597987] Failed to build match row: Go Ahead Eagles vs RKC Waalwijk
[4463562] Could not find attributes for ebube duru (Sønderjyske Fodbold, 2024)
[4463562] Failed to build match row: Sønderjyske Fodbold vs Football Club København

Keepers & outfield error for **Football Club København** in Football Club København vs Kairat Almaty: Numbers: 2 and 9.
[3852778] Could not find attributes for deron payne (Football Club Volendam, 2022)
[4715017] Failed to build match row: Football Club København vs Kairat Almaty
[3852778] Failed to build match row: RKC Waalwijk vs Football Club Volendam

Keepers & outfield error for **Liverpool Football Club** in Wolverhampton Wanderers Football Club vs Liverpool Football Club: Numbers: 2 and 9.
[3838777] Failed to build match row: Wolverhampton Wanderers Football Club vs Liverpool Football Club
[4243725] Could not find attributes for irakli azarovi (FC Shakhtar Donetsk, 2023)
[4811047] Could not find attributes for nonato (Fluminense Football Club, 2025)
[3415516] Could not find attributes for strahinja pavlovic (Cercle Brugge Koninklijke Sportvereniging, 2020)
[4811047] Failed to build match row: Fluminense Football Club vs Esporte Clube Vitória
[4243725] Failed to build match row: Olympique de Marseille vs FC Shakhtar Donetsk
[3415516] Failed to build match row: Cercle Brugge Koninklijke Sportvereniging vs Beerschot VA
[3426984] Could not find attributes for abdullah durak (Çaykur Rizespor Kulübü, 2020)
[3426984] Failed to build match row: Çaykur Rizespor Kulübü vs Gaziantep Futbol Kulübü A.Ş.

Keepers & outfield error for **Grupo Desportivo Estoril Praia** in Grupo Desportivo Estoril Praia vs Sport Lisboa e Benfica: Numbers: 0 and 11.
[4425237] Could not find attributes for tomislav mrcela (Perth Glory Football Club, 2024)

Keepers & outfield error for **Real Sociedad de Fútbol S.A.D.** in Alkmaar Zaanstreek vs Real Sociedad de Fútbol S.A.D.: Numbers: 0 and 11.
[4408310] Could not find attributes for evgeniy latyshonok (AO FK Zenit Sankt-Peterburg, 2024)
[4109358] Failed to build match row: Grupo Desportivo Estoril Praia vs Sport Lisboa e Benfica
[3433227] Could not find attributes for gabriele zappa (Cagliari Calcio, 2020)
[4425237] Failed to build match row: Sydney Football Club vs Perth Glory Football Club
[3433227] Failed to build match row: Cagliari Calcio vs FC Crotone
[4408310] Failed to build match row: AO FK Zenit Sankt-Peterburg vs FK Krasnodar
[3462350] Failed to build match row: Alkmaar Zaanstreek vs Real Sociedad de Fútbol S.A.D.
[3872594] Could not find attributes for visar bekaj (KF Tirana, 2022)
[4120765] Could not find attributes for taras mykhavko (Futbolniy Klub Dynamo Kyiv, 2023)
[4120765] Failed to build match row: Futbolniy Klub Dynamo Kyiv vs FK Polissya Zhytomyr
[3872594] Failed to build match row: KF Tirana vs HSK Zrinjski Mostar
[4172153] Could not find attributes for fredrik gulbrandsen (Molde Fotballklubb, 2023)
[4172153] Failed to build match row: Molde Fotballklubb vs BK Häcken
[4373585] Could not find attributes for kevin muller (1. Fußballclub Heidenheim 1846, 2024)
[4649143] Could not find attributes for octavian valceanu (Fotbal Club CFR 1907 Cluj SA, 2025)
[4373585] Failed to build match row: Sportverein Werder Bremen von 1899 vs 1. Fußballclub Heidenheim 1846
[3602615] Could not find attributes for ruslan litvinov (FK Spartak Moskva, 2021)
[4649143] Failed to build match row: Fotbal Club CFR 1907 Cluj SA vs SC Oţelul Galaţi
[3602615] Failed to build match row: FK Spartak Moskva vs PFK Krylya Sovetov Samara
[4396806] Could not find attributes for luis esteves (Clube Desportivo Nacional, 2024)
[4396806] Failed to build match row: Rio Ave Futebol Clube vs Clube Desportivo Nacional
[3947337] Could not find attributes for connor kelly (Sauchie Juniors FC, 2022)
[3613021] Could not find attributes for yunus akgun (Adana Demirspor, 2021)
[4715018] Could not find attributes for senny mayulu (Paris Saint-Germain Football Club, 2025)
[3947337] Failed to build match row: Sauchie Juniors FC vs Bonnyrigg Rose FC
[3613021] Failed to build match row: Göztepe Sportif Yatırımlar A.Ş. vs Adana Demirspor
[4363528] Could not find attributes for jakub lapes (MFK Karvina, 2024)
[4715018] Failed to build match row: Bayer 04 Leverkusen Fußball vs Paris Saint-Germain Football Club

Keepers & outfield error for **SC Cambuur Leeuwarden** in SC Cambuur Leeuwarden vs Football Club Utrecht: Numbers: 2 and 9.
[4463563] Could not find attributes for philip gejl (Naesby Boldklub, 2024)
[4363528] Failed to build match row: MFK Karvina vs SK Slavia Praha, a.s.
[4243779] Could not find attributes for guram kashia (Slovan Bratislava, 2023)
[3852779] Failed to build match row: SC Cambuur Leeuwarden vs Football Club Utrecht
[4463563] Failed to build match row: Naesby Boldklub vs Viborg Fodsports Forening
[4243779] Failed to build match row: Sportklub Puntigamer Sturm Graz vs Slovan Bratislava
[4425238] Could not find attributes for tomislav mrcela (Perth Glory Football Club, 2024)
[4425238] Failed to build match row: Perth Glory Football Club vs Western Sydney Wanderers

Keepers & outfield error for **Tottenham Hotspur Football Club** in Tottenham Hotspur Football Club vs Ludogorets Razgrad: Numbers: 0 and 11.
[3462351] Failed to build match row: Tottenham Hotspur Football Club vs Ludogorets Razgrad
[4120766] Could not find attributes for oleksandr kemkin (FC Minaj, 2023)
[4120766] Failed to build match row: FC Minaj vs FC Rukh Lviv
[4376655] Failed to scrape lineup: https://www.transfermarkt.co.uk/celtic-fc_st-johnstone-fc/index/spielbericht/4376655
[4136838] Could not find attributes for geoffrey franzoni (FC Differdange 03, 2023)
[4647877] Could not find attributes for samet karakoc (Antalyaspor, 2025)
[4136838] Failed to build match row: FC Differdange 03 vs NK Maribor
[4647877] Failed to build match row: Antalyaspor vs Göztepe Sportif Yatırımlar A.Ş.
[3872597] Could not find attributes for milos dragojevic (Buducnost Podgorica, 2022)
[3872597] Failed to build match row: Buducnost Podgorica vs Breidablik Kópavogur

Keepers & outfield error for **FC Girondins Bordeaux** in Montpellier HSC vs FC Girondins Bordeaux: Numbers: 2 and 9.
[3588935] Failed to build match row: Montpellier HSC vs FC Girondins Bordeaux
[4642899] Could not find attributes for joao tornich (Linzer Athletik-Sport-Klub, 2025)
[4642899] Failed to build match row: Linzer Athletik-Sport-Klub vs Sportvereinigung Ried 1912
[3602616] Could not find attributes for egor sorokin (FK Krasnodar, 2021)
[3602616] Failed to build match row: FK Krasnodar vs FK Rostov
[4620785] Could not find attributes for jesper karlstrom (Udinese Calcio, 2025)
[4620785] Failed to build match row: Udinese Calcio vs Atalanta Bergamasca Calcio S.p.a.
[4463564] Could not find attributes for christoffer blond (Holbaek B&I, 2024)
[4463564] Failed to build match row: Holbaek B&I vs Silkeborg Idrætsforening
[3462352] Could not find attributes for nassim hnid (Athlitiki Enosi Konstantinoupoleos, 2020)
[3844820] Failed to scrape lineup: https://www.transfermarkt.co.uk/ac-monza_spezia-calcio/index/spielbericht/3844820
[3462352] Failed to build match row: Athlitiki Enosi Konstantinoupoleos vs Sporting Clube de Braga
[4373586] Failed to scrape lineup: https://www.transfermarkt.co.uk/vfl-wolfsburg_borussia-monchengladbach/index/spielbericht/4373586

Keepers & outfield error for **Udinese Calcio** in Associazione Calcio Fiorentina vs Udinese Calcio: Numbers: 0 and 11.
[3433228] Failed to build match row: Associazione Calcio Fiorentina vs Udinese Calcio
[3652866] Could not find attributes for jamie pyper (Berwick Rangers FC, 2021)
[3652866] Failed to build match row: Berwick Rangers FC vs Gretna FC 2008

Keepers & outfield error for **Ivory Coast** in Ivory Coast vs Mozambique: Numbers: 2 and 9.
[4680811] Failed to build match row: Ivory Coast vs Mozambique
[4396807] Could not find attributes for lazar carevic (Futebol Clube de Famalicão, 2024)
[3450742] Could not find attributes for jari vlak (FC Emmen, 2020)
[4396807] Failed to build match row: Futebol Clube de Famalicão vs Clube Desportivo Santa Clara
[3450742] Failed to build match row: FC Emmen vs Heracles Almelo
[4361421] Could not find attributes for jahmai simpson pusey (Manchester City Football Club, 2024)
[4361421] Failed to build match row: Brighton and Hove Albion Football Club vs Manchester City Football Club
[3872598] Failed to scrape lineup: https://www.transfermarkt.co.uk/spielbericht/index/spielbericht/3872598
[4243780] Failed to scrape lineup: https://www.transfermarkt.co.uk/spielbericht/index/spielbericht/4243780
[4811048] Could not find attributes for robert renan (Club de Regatas Vasco da Gama, 2025)
[4811048] Failed to build match row: Club de Regatas Vasco da Gama vs Clube Atlético Paranaense
[4647878] Could not find attributes for wagner pina (Trabzonspor Kulübü, 2025)
[4647878] Failed to build match row: Trabzonspor Kulübü vs Konyaspor
[3415518] Could not find attributes for zinho gano (KV Kortrijk, 2020)
[3415518] Failed to build match row: KV Kortrijk vs Club Brugge Koninklijke Voetbalvereniging
[3838780] Failed to scrape lineup: https://www.transfermarkt.co.uk/newcastle-united_west-ham-united/index/spielbericht/3838780
[3515967] Could not find attributes for medhi benatia (Al-Duhail SC, 2020)
[3515967] Failed to build match row: Ulsan Hyundai Football Club vs Al-Duhail SC
[4425239] Could not find attributes for kazuki nagasawa (Wellington Phoenix Football Club, 2024)
[4425239] Failed to build match row: Wellington Phoenix Football Club vs Sydney Football Club
[3426985] Could not find attributes for rayane aabid (Hatayspor, 2020)
[3426985] Failed to build match row: Hatayspor vs Yeni Malatyaspor
[4620786] Could not find attributes for roberto gagliardini (Verona Hellas Football Club, 2025)
[4620786] Failed to build match row: Verona Hellas Football Club vs Football Club Internazionale Milano S.p.A.
[4363529] Could not find attributes for martin janacek (SK Dynamo Ceske Budejovice, 2024)
[4363529] Failed to build match row: SK Dynamo Ceske Budejovice vs FK Teplice, a.s.
[4642900] Could not find attributes for beres owusu (Grazer Athletiksport Klub 1902, 2025)
[4642900] Failed to build match row: Grazer Athletiksport Klub 1902 vs Sportklub Puntigamer Sturm Graz
[4638769] Could not find attributes for mahamadou susoho (Livingston Football Club, 2025)
[4638769] Failed to build match row: Hibernian Football Club vs Livingston Football Club
[4098089] Could not find attributes for jayden addai (Alkmaar Zaanstreek, 2023)
[4098089] Failed to build match row: Alkmaar Zaanstreek vs Feyenoord Rotterdam
[4715019] Failed to scrape lineup: https://www.transfermarkt.co.uk/spielbericht/index/spielbericht/4715019
[3602617] Failed to scrape lineup: https://www.transfermarkt.co.uk/dynamo-moscow_ural-yekaterinburg/index/spielbericht/3602617
[4649145] Could not find attributes for arian kabashi (Asociația Futball Klub Csíkszereda Miercurea Ciuc, 2025)
[3415519] Failed to build match row: KV Oostende vs SK Beveren
[4649145] Failed to build match row: Asociația Futball Klub Csíkszereda Miercurea Ciuc vs Asociația Fotbal Club Botoșani

Keepers & outfield error for **Associazione Sportiva Roma** in Associazione Sportiva Roma vs Unione Sportiva Lecce: Numbers: 0 and 11.
[3844821] Failed to build match row: Associazione Sportiva Roma vs Unione Sportiva Lecce
[4464000] Could not find attributes for andrey khodanovich (Chayka Peschanokopskoye, 2024)
[4464000] Failed to build match row: Chayka Peschanokopskoye vs Znamya Truda Orekhovo-Zuevo
[4109359] Failed to scrape lineup: https://www.transfermarkt.co.uk/sporting-cp_fc-arouca/index/spielbericht/4109359
[3613023] Could not find attributes for halil dervisoglu (Galatasaray Spor Kulübü, 2021)
[3613023] Failed to build match row: Galatasaray Spor Kulübü vs Giresunspor
[4136839] Could not find attributes for ajdin mulalic (FK Zeljeznicar Sarajevo, 2023)
[4136839] Failed to build match row: FK Zeljeznicar Sarajevo vs Neftchi Baku
[3426986] Failed to build match row: Galatasaray Spor Kulübü vs Denizlispor
[3450743] Could not find attributes for jari vlak (FC Emmen, 2020)
[3450743] Failed to build match row: Feyenoord Rotterdam vs FC Emmen
[4408311] Could not find attributes for aleksandr maksimenko (FK Spartak Moskva, 2024)
[4243781] Could not find attributes for heinz lindner (Royale Union Saint-Gilloise, 2023)
[4408311] Failed to build match row: FK Spartak Moskva vs Dinamo Makhachkala
[4243781] Failed to build match row: Royale Union Saint-Gilloise vs Eintracht Frankfurt Fußball AG
[4647879] Could not find attributes for cherif ndiaye (Samsunspor, 2025)
[4811049] Could not find attributes for benjamin rollheiser (Santos Futebol Clube, 2025)
[4811049] Failed to build match row: Santos Futebol Clube vs Red Bull Bragantino
[4647879] Failed to build match row: Samsunspor vs Alanyaspor
[4638770] Could not find attributes for james brown (Kilmarnock Football Club, 2025)
[4638770] Failed to build match row: Kilmarnock Football Club vs Heart of Midlothian Football Club
[3872599] Could not find attributes for jarlath orourke (Crusaders FC, 2022)
[4464001] Could not find attributes for timur zaynullin (Amkar Perm, 2024)
[3872599] Failed to build match row: Crusaders FC vs FC Basel 1893 AG

Keepers & outfield error for **CS Marítimo** in CS Marítimo vs FC Paços de Ferreira: Numbers: 0 and 11.
[4464001] Failed to build match row: Amkar Perm vs Composite Pavlovskiy Posad
[4521409] Could not find attributes for shusaku nishikawa (Urawa Red Diamonds, 2024)
[4649146] Could not find attributes for danel dongmo (Fotbal Club Petrolul Ploiești, 2025)
[3621443] Failed to build match row: CS Marítimo vs FC Paços de Ferreira
[4521409] Failed to build match row: Urawa Red Diamonds vs Hitachi Kashiwa Reysol
[4649146] Failed to build match row: Fotbal Club Petrolul Ploiești vs U Craiova 1948 Club Sportiv SA
[3515968] Could not find attributes for badr benoun (Al Ahly FC, 2020)
[3715527] Could not find attributes for derek gaston (Arbroath FC, 2021)
[3515968] Failed to build match row: Al Ahly FC vs FC Bayern München
[3715527] Failed to build match row: Arbroath FC vs Darvel FC

Keepers & outfield error for **Atalanta Bergamasca Calcio S.p.a.** in Atalanta Bergamasca Calcio S.p.a. vs Unione Sportiva Sassuolo Calcio: Numbers: 2 and 9.
[4620792] Failed to build match row: Atalanta Bergamasca Calcio S.p.a. vs Unione Sportiva Sassuolo Calcio
[4642901] Could not find attributes for tom ritzy hulsmann (Turn- und Sportverein Egger Glas Hartberg, 2025)
[4642901] Failed to build match row: Turn- und Sportverein Egger Glas Hartberg vs Sportklub Rapid
[4098090] Could not find attributes for shunsuke mito (Sparta Rotterdam, 2023)
[4425240] Could not find attributes for louis verstraete (Auckland Football Club, 2024)
[4098090] Failed to build match row: Sparta Rotterdam vs Prins Hendrik Ende Desespereert Nimmer Combinatie Zwolle
[4425240] Failed to build match row: Adelaide United Football Club vs Auckland Football Club
[4120767] Could not find attributes for irakli azarovi (FC Shakhtar Donetsk, 2023)
[4396809] Could not find attributes for bruno varela (Vitória Sport Clube, 2024)
[3947338] Could not find attributes for conor brennan (Stenhousemuir FC, 2022)
[3415520] Could not find attributes for vaclav jemelka (Oud-Heverlee Leuven, 2020)
[4396809] Failed to build match row: SC Farense vs Vitória Sport Clube
[4120767] Failed to build match row: FC Shakhtar Donetsk vs FC Zorya Lugansk
[3947338] Failed to build match row: Stenhousemuir FC vs East Fife FC
[3415520] Failed to build match row: Oud-Heverlee Leuven vs Koninklijke Racing Club Genk

Keepers & outfield error for **Association Football Club Bournemouth** in Association Football Club Bournemouth vs Nottingham Forest Football Club: Numbers: 0 and 11.
[3597990] Could not find attributes for aaron meijers (Sparta Rotterdam, 2021)
[3838782] Failed to build match row: Association Football Club Bournemouth vs Nottingham Forest Football Club
[3602618] Could not find attributes for giorgiy shelia (RFK Akhmat Grozny, 2021)
[3597990] Failed to build match row: SC Cambuur Leeuwarden vs Sparta Rotterdam
[4172154] Could not find attributes for srdjan hrstic (BK Häcken, 2023)
[3613024] Could not find attributes for burak bekaroglu (Fatih Karagümrük Sportif Faaliyetler San. Tic. A.Ş., 2021)
[4172154] Failed to build match row: BK Häcken vs Bayer 04 Leverkusen Fußball
[3602618] Failed to build match row: RFK Akhmat Grozny vs PFK CSKA Moskva
[3613024] Failed to build match row: Gaziantep Futbol Kulübü A.Ş. vs Fatih Karagümrük Sportif Faaliyetler San. Tic. A.Ş.
[4743102] Could not find attributes for stan van bladeren (VV Katwijk, 2025)
[3890165] Could not find attributes for dan casey (Motherwell Football Club, 2022)

Keepers & outfield error for **Manchester City Football Club** in Manchester City Football Club vs Liverpool Football Club: Numbers: 0 and 11.
[4743102] Failed to build match row: VV Katwijk vs Vitesse Arnhem
[4243782] Could not find attributes for abde ezzalzouli (Real Betis Balompié S.A.D., 2023)
[4243782] Failed to build match row: Real Betis Balompié S.A.D. vs GNK Dinamo Zagreb
[4056031] Could not find attributes for andriy klishchuk (FK Kryvbas Kryvyi Rig, 2022)
[3426987] Could not find attributes for alparslan erdem (Fatih Karagümrük Sportif Faaliyetler San. Tic. A.Ş., 2020)
[4811050] Could not find attributes for raniele (Sport Club Corinthians Paulista, 2025)
[3890165] Failed to build match row: Ross County FC vs Motherwell Football Club
[4408312] Could not find attributes for giorgiy shelia (RFK Akhmat Grozny, 2024)
[4625276] Could not find attributes for branimir mlacic (HNK Hajduk Split, 2025)
[4095201] Failed to build match row: Manchester City Football Club vs Liverpool Football Club
[4056031] Failed to build match row: FK Kryvbas Kryvyi Rig vs FC Oleksandriya
[3426987] Failed to build match row: Fatih Karagümrük Sportif Faaliyetler San. Tic. A.Ş. vs Beşiktaş Jimnastik Kulübü
[4811050] Failed to build match row: Sport Club Corinthians Paulista vs São Paulo Futebol Clube
[4625276] Failed to build match row: HNK Hajduk Split vs Hrvatski Nogometni Klub Rijeka
[3852782] Could not find attributes for jorg schreuders (Football Club Groningen, 2022)
[4408312] Failed to build match row: RFK Akhmat Grozny vs FK Rostov
[3852782] Failed to build match row: Football Club Groningen vs AFC Ajax Amsterdam
[4109360] Could not find attributes for ponck (Moreirense Futebol Clube, 2023)
[3872600] Could not find attributes for mario dajsinani (KF Laçi, 2022)

Keepers & outfield error for **Grupo Desportivo Estoril Praia** in Grupo Desportivo Estoril Praia vs Clube Desportivo Santa Clara: Numbers: 0 and 11.
[4109360] Failed to build match row: Moreirense Futebol Clube vs Boavista FC
[3872600] Failed to build match row: KF Laçi vs FC Petrocub Hincesti
[4464002] Could not find attributes for evgeniy goshev (FC Tyumen, 2024)
[3621444] Failed to build match row: Grupo Desportivo Estoril Praia vs Clube Desportivo Santa Clara
[4464002] Failed to build match row: FC Tyumen vs Alania Vladikavkaz

Keepers & outfield error for **Verona Hellas Football Club** in US Salernitana 1919 vs Verona Hellas Football Club: Numbers: 2 and 9.
[3844822] Failed to build match row: US Salernitana 1919 vs Verona Hellas Football Club
[4373587] Could not find attributes for rani khedira (1. Fußballclub Union Berlin, 2024)
[4373587] Failed to build match row: 1. Fußballclub Union Berlin vs Fußball-Club Augsburg 1907
[4136840] Could not find attributes for ivan brkic (Neftchi Baku, 2023)
[4136840] Failed to build match row: Neftchi Baku vs FK Zeljeznicar Sarajevo
[4120768] Could not find attributes for oleksandr kemkin (FC Minaj, 2023)
[4120768] Failed to build match row: FC Minaj vs Chornomorets Odesa
[3597991] Could not find attributes for nick bakker (Sportclub Heerenveen, 2021)
[3597991] Failed to build match row: Football Club Twente vs Sportclub Heerenveen
[4627317] Could not find attributes for maximilian ullmann (Grasshopper Club Zürich, 2025)
[3433230] Could not find attributes for matteo lovato (Verona Hellas Football Club, 2020)
[4627317] Failed to build match row: Grasshopper Club Zürich vs FC Basel 1893 AG
[3433230] Failed to build match row: Juventus Football Club vs Verona Hellas Football Club
[4625277] Could not find attributes for denis kolinger (NK Lokomotiva Zagreb, 2025)
[4172155] Could not find attributes for andrey lunev (Qarabağ FK, 2023)
[4172155] Failed to build match row: BK Häcken vs Qarabağ FK
Osijek s.d.d.

Keepers & outfield error for **Gil Vicente Futebol Clube** in Futebol Clube de Arouca vs Gil Vicente Futebol Clube: Numbers: 0 and 11.
[4363530] Could not find attributes for michal hlavaty (FC Slovan Liberec, 2024)
[4396810] Failed to build match row: Futebol Clube de Arouca vs Gil Vicente Futebol Clube
[4243783] Could not find attributes for alexandros paschalakis (Olympiakos Syndesmos Filathlon Peiraios, 2023)
[4363530] Failed to build match row: FC Slovan Liberec vs MFK Karvina
[4243783] Failed to build match row: Olympiakos Syndesmos Filathlon Peiraios vs Ferencvárosi TC
[4056032] Could not find attributes for vadym yushchyshyn (NK Veres Rivne, 2022)
[4464003] Could not find attributes for oleg baklov (FK Ufa, 2024)
[4056032] Failed to build match row: NK Veres Rivne vs PFK Lviv
[4464003] Failed to build match row: FK Ufa vs Shinnik Yaroslavl
[4811051] Could not find attributes for reinaldo (Mirasol Futebol Clube, 2025)
[4811051] Failed to build match row: Mirasol Futebol Clube vs Associação Chapecoense de Futebol
[3715874] Could not find attributes for christos kourfalidis (Cagliari Calcio, 2021)
[4109361] Could not find attributes for leonardo lelo (Casa Pia Atlético Clube, 2023)
[4109361] Failed to build match row: Casa Pia Atlético Clube vs Club Football Estrela da Amadora
[4647881] Could not find attributes for tayyip talha sanuc (Gaziantep Futbol Kulübü A.Ş., 2025)
[4647881] Failed to build match row: Gaziantep Futbol Kulübü A.Ş. vs Eyüp Spor Kulübü

Keepers & outfield error for **Saint Mirren Football Club** in Saint Mirren Football Club vs The Celtic Football Club: Numbers: 2 and 9.
[4408313] Could not find attributes for evgeniy staver (FC Rubin Kazan, 2024)
[3890166] Failed to build match row: Saint Mirren Football Club vs The Celtic Football Club
[4098091] Could not find attributes for zach booth (Football Club Volendam, 2023)
[4408313] Failed to build match row: FC Rubin Kazan vs Футбольный клуб "Локомотив" Москва
[4098091] Failed to build match row: Football Club Utrecht vs Football Club Volendam

Keepers & outfield error for **Go Ahead Eagles** in Go Ahead Eagles vs Football Club Twente: Numbers: 0 and 11.
[4367977] Failed to build match row: Go Ahead Eagles vs Football Club Twente
[4638772] Could not find attributes for jack butland (Rangers Football Club, 2025)
[3844823] Could not find attributes for emil konradsen ceide (Unione Sportiva Sassuolo Calcio, 2022)
[3517360] Could not find attributes for daniel davari (Rot-Weiss Essen, 2020)
[3844823] Failed to build match row: Unione Sportiva Sassuolo Calcio vs Football Club Internazionale Milano S.p.A.
[4638772] Failed to build match row: Rangers Football Club vs Dundee United Football Club
[3517360] Failed to build match row: Rot-Weiss Essen vs Holstein Kiel
[3602619] Could not find attributes for egor teslenko (FC Rubin Kazan, 2021)
[3602619] Failed to build match row: FC Rubin Kazan vs FK Sochi
[4376658] Could not find attributes for tawanda maswanhise (Motherwell Football Club, 2024)
[4627318] Could not find attributes for miroslav stevanovic (Servette Football Club 1890 SA, 2025)
[3652870] Could not find attributes for jack brown (Caledonian Braves FC, 2021)
 Club
Not enough players found for lineup: 0, 0.
[4627318] Failed to build match row: FC Luzern vs Servette Football Club 1890 SA
[3652870] Failed to build match row: Caledonian Braves FC vs University of Stirling FC
[3947339] Failed to scrape lineup: https://www.transfermarkt.co.uk/spielbericht/index/spielbericht/3947339
[3588937] Could not find attributes for saif eddine khaoui (Clermont Foot 63, 2021)
[4172156] Could not find attributes for fredrik gulbrandsen (Molde Fotballklubb, 2023)

Keepers & outfield error for **Società Sportiva Lazio S.p.A.** in Società Sportiva Lazio S.p.A. vs Bologna Football Club 1909: Numbers: 2 and 9.
[3588937] Failed to build match row: Rennes vs Clermont Foot 63
[4136841] Could not find attributes for azbe jug (NK Maribor, 2023)
[4743103] Could not find attributes for trevor doornbusch (VVV-Venlo, 2025)
[4172156] Failed to build match row: BK Häcken vs Molde Fotballklubb
[3433231] Failed to build match row: Società Sportiva Lazio S.p.A. vs Bologna Football Club 1909

Keepers & outfield error for **Atalanta Bergamasca Calcio S.p.a.** in Olympique de Marseille vs Atalanta Bergamasca Calcio S.p.a.: Numbers: 2 and 9.
[3426988] Could not find attributes for irfan can egribayat (Göztepe Sportif Yatırımlar A.Ş., 2020)
[4136841] Failed to build match row: NK Maribor vs FC Differdange 03
[4715022] Failed to build match row: Olympique de Marseille vs Atalanta Bergamasca Calcio S.p.a.
[4743103] Failed to build match row: VVV-Venlo vs Sportclub Heerenveen
[3426988] Failed to build match row: Göztepe Sportif Yatırımlar A.Ş. vs Gençlerbirliği Spor Kulübü
[3597992] Could not find attributes for andreas samaris (Fortuna Sittardia Combinatie, 2021)
[4363531] Could not find attributes for jan koutny (SK Sigma Olomouc, a.s., 2024)
[3597992] Failed to build match row: Fortuna Sittardia Combinatie vs Alkmaar Zaanstreek
[4363531] Failed to build match row: SK Sigma Olomouc, a.s. vs SK Dynamo Ceske Budejovice

Keepers & outfield error for **Southampton FC** in Southampton FC vs Aston Villa Football Club: Numbers: 2 and 9.
[4464004] Could not find attributes for mikhail volkov (Torpedo Moscow, 2024)
[3838784] Failed to build match row: Southampton FC vs Aston Villa Football Club
[4464004] Failed to build match row: Torpedo Moscow vs FK Baltika

Keepers & outfield error for **Futebol Clube de Famalicão** in Futebol Clube de Famalicão vs Vitória Sport Clube: Numbers: 0 and 11.
[4109362] Failed to build match row: Futebol Clube de Famalicão vs Vitória Sport Clube
[4425242] Could not find attributes for kavian rahmani (Melbourne City Football Club, 2024)

Keepers & outfield error for **Galatasaray Spor Kulübü** in Fenerbahçe Spor Kulübü vs Galatasaray Spor Kulübü: Numbers: 2 and 9.
[4647882] Failed to build match row: Fenerbahçe Spor Kulübü vs Galatasaray Spor Kulübü
[4425242] Failed to build match row: Melbourne City Football Club vs Newcastle United Jets Football Club
[4521410] Could not find attributes for kaito chida (Tokyo Verdy, 2024)
[4521410] Failed to build match row: Tokyo Verdy vs Gamba Osaka
[4056033] Could not find attributes for oleksandr bandura (FC Minaj, 2022)
[4056033] Failed to build match row: FC Shakhtar Donetsk vs FC Minaj
[4408314] Could not find attributes for vadim lukyanov (FK Nizhny Novgorod, 2024)
[4408314] Failed to build match row: FK Nizhny Novgorod vs FK Dinamo Moskva
[4120769] Failed to scrape lineup: https://www.transfermarkt.co.uk/kryvbas-kryvyi-rig_metalist-1925-kharkiv/index/spielbericht/4120769
[3602620] Failed to scrape lineup: https://www.transfermarkt.co.uk/arsenal-tula_fc-nizhniy-novgorod/index/spielbericht/3602620
[3450745] Failed to scrape lineup: https://www.transfermarkt.co.uk/fc-groningen_sparta-rotterdam/index/spielbericht/3450745
[3613025] Could not find attributes for emirhan ilkhan (Beşiktaş Jimnastik Kulübü, 2021)

Keepers & outfield error for **FC Zürich** in FC Sion vs FC Zürich: Numbers: 2 and 9.
[4627319] Failed to build match row: FC Sion vs FC Zürich
[4243784] Could not find attributes for tristan gooijer (AFC Ajax Amsterdam, 2023)
[3613025] Failed to build match row: Çaykur Rizespor Kulübü vs Beşiktaş Jimnastik Kulübü

Keepers & outfield error for **Sporting Clube de Braga** in Sporting Clube de Braga vs Casa Pia Atlético Clube: Numbers: 0 and 11.
[4243784] Failed to build match row: AFC Ajax Amsterdam vs Fotballklubben Bodø/Glimt
[4396811] Failed to build match row: Sporting Clube de Braga vs Casa Pia Atlético Clube
[3872601] Could not find attributes for dayle coleing (Lincoln Red Imps FC, 2022)
[3872601] Failed to build match row: Lincoln Red Imps FC vs Tobol Kostanay
[3652871] Could not find attributes for eachainn miller (Clachnacuddin FC, 2021)
[3652871] Failed to build match row: Clachnacuddin FC vs Dunipace FC
[3597993] Could not find attributes for nick bakker (Sportclub Heerenveen, 2021)
[3597993] Failed to build match row: Alkmaar Zaanstreek vs Sportclub Heerenveen
[4649149] Could not find attributes for ely fernandes (Fotbal Club Metaloglobus București SA, 2025)
[4649149] Failed to build match row: Fotbal Club CFR 1907 Cluj SA vs Fotbal Club Metaloglobus București SA

Keepers & outfield error for **Eintracht Frankfurt Fußball AG** in Club Atlético de Madrid S.A.D. vs Eintracht Frankfurt Fußball AG: Numbers: 0 and 11.
[4715023] Failed to build match row: Club Atlético de Madrid S.A.D. vs Eintracht Frankfurt Fußball AG
[4425243] Failed to scrape lineup: https://www.transfermarkt.co.uk/central-coast-mariners_melbourne-victory/index/spielbericht/4425243

Keepers & outfield error for **FC Girondins Bordeaux** in FC Girondins Bordeaux vs Rennes: Numbers: 2 and 9.
[3589097] Failed to build match row: FC Girondins Bordeaux vs Rennes
[4098092] Could not find attributes for andy visser (Vitesse Arnhem, 2023)
[4098092] Failed to build match row: Prins Hendrik Ende Desespereert Nimmer Combinatie Zwolle vs Vitesse Arnhem

Keepers & outfield error for **Ross County FC** in Ross County FC vs Heart of Midlothian Football Club: Numbers: 0 and 11.
[4376659] Failed to build match row: Ross County FC vs Heart of Midlothian Football Club
[4464005] Could not find attributes for nikolay zabolotnyi (FK Sochi, 2024)
[4464005] Failed to build match row: FK Sochi vs Volga Uljanovsk
[4095204] Could not find attributes for wes foderingham (Sheffield United, 2023)
[4095204] Failed to build match row: Sheffield United vs Association Football Club Bournemouth
[4120770] Could not find attributes for kiril fesyun (FK Kolos Kovalivka, 2023)
[4120770] Failed to build match row: FK Kolos Kovalivka vs FC Oleksandriya
[4056034] Could not find attributes for pavlo isenko (Vorskla Poltava, 2022)
[4056034] Failed to build match row: Vorskla Poltava vs Futbolniy Klub Dynamo Kyiv
[4547647] Failed to scrape lineup: https://www.transfermarkt.co.uk/spielbericht/index/spielbericht/4547647
[4172230] Could not find attributes for matevz vidovsek (NK Olimpija Ljubljana, 2023)
[4172230] Failed to build match row: Lille Olympique Sporting Club vs NK Olimpija Ljubljana

Keepers & outfield error for **Futebol Clube de Arouca** in Futebol Clube de Arouca vs Boavista FC: Numbers: 2 and 9.
[4625278] Failed to scrape lineup: https://www.transfermarkt.co.uk/hnk-vukovar-1991_slaven-belupo-koprivnica/index/spielbericht/4625278
[3621445] Failed to build match row: Futebol Clube de Arouca vs Boavista FC
[3517361] Could not find attributes for scott kennedy (SSV Jahn Regensburg, 2020)
[3517361] Failed to build match row: SSV Jahn Regensburg vs Sportverein Werder Bremen von 1899

Keepers & outfield error for **Grupo Desportivo Estoril Praia** in Grupo Desportivo Estoril Praia vs Moreirense Futebol Clube: Numbers: 0 and 11.

Keepers & outfield error for **Atalanta Bergamasca Calcio S.p.a.** in Udinese Calcio vs Atalanta Bergamasca Calcio S.p.a.: Numbers: 0 and 11.
[3844825] Failed to build match row: Udinese Calcio vs Atalanta Bergamasca Calcio S.p.a.
[4396812] Failed to build match row: Grupo Desportivo Estoril Praia vs Moreirense Futebol Clube
[4743104] Could not find attributes for lars jansen (Quick Boys, 2025)
[4743104] Failed to build match row: Quick Boys vs Football Club Volendam

Keepers & outfield error for **Rio Ave Futebol Clube** in Sporting Clube de Braga vs Rio Ave Futebol Clube: Numbers: 2 and 9.
[4425244] Could not find attributes for luis felipe gallegos (Auckland Football Club, 2024)
[3715876] Could not find attributes for giorgio scalvini (Atalanta Bergamasca Calcio S.p.a., 2021)
[4109363] Failed to build match row: Sporting Clube de Braga vs Rio Ave Futebol Clube
[3715876] Failed to build match row: Atalanta Bergamasca Calcio S.p.a. vs Venezia FC
[4425244] Failed to build match row: Auckland Football Club vs Brisbane Roar FC
[3890168] Failed to scrape lineup: https://www.transfermarkt.co.uk/celtic-fc_kilmarnock-fc/index/spielbericht/3890168
[3450746] Failed to scrape lineup: https://www.transfermarkt.co.uk/rkc-waalwijk_fc-utrecht/index/spielbericht/3450746
[3433233] Could not find attributes for jeff chabot (Spezia Calcio, 2020)
[3602621] Failed to scrape lineup: https://www.transfermarkt.co.uk/fc-khimki_fc-ufa/index/spielbericht/3602621
[4627320] Could not find attributes for malamine efekele (FC St. Gallen 1879, 2025)
[3433233] Failed to build match row: Parma Calcio 1913 vs Spezia Calcio
[4363532] Could not find attributes for vasil kusej (SK Slavia Praha, a.s., 2024)
[4627320] Failed to build match row: FC St. Gallen 1879 vs Football Club Lausanne-Sport
[4363532] Failed to build match row: SK Slavia Praha, a.s. vs 1. FC Slovácko
[4098093] Could not find attributes for metinho (Sparta Rotterdam, 2023)
[4098093] Failed to build match row: RKC Waalwijk vs Sparta Rotterdam
[4464006] Could not find attributes for aleksandr koryakin (Rodina Moscow, 2024)
[4464006] Failed to build match row: Rodina Moscow vs Spartak Kostroma
[4376660] Could not find attributes for oluwaseun adewumi (Dundee Football Club, 2024)
[3415521] Could not find attributes for hamdi harbaoui (Royal Excel Mouscron (-2022), 2020)
[3415521] Failed to build match row: Royal Charleroi Sporting Club vs Royal Excel Mouscron (-2022)
[4376660] Failed to build match row: Saint Mirren Football Club vs Dundee Football Club
[4811052] Could not find attributes for tomas cuello (Clube Atlético Mineiro, 2025)
[4811052] Failed to build match row: Clube Atlético Mineiro vs S. A. F. Botafogo
[4521411] Could not find attributes for sung ryong jung (Kawasaki Frontale, 2024)
[4521411] Failed to build match row: Kawasaki Frontale vs Kyoto Purple Sanga
[4243785] Could not find attributes for fredrik gulbrandsen (Molde Fotballklubb, 2023)
[4243785] Failed to build match row: Molde Fotballklubb vs Legia Warszawa Spółka Akcyjna
[4367979] Could not find attributes for suf podgoreanu (Heracles Almelo, 2024)
[4056035] Could not find attributes for oleksandr saputin (FC Zorya Lugansk, 2022)
[3947340] Failed to scrape lineup: https://www.transfermarkt.co.uk/spielbericht/index/spielbericht/3947340
[4367979] Failed to build match row: Nooit Opgeven Altijd Doorzetten Aangenaam Door Vermaak En Nuttig Door Ontspanning Combinatie Breda vs Heracles Almelo
[4056035] Failed to build match row: FC Zorya Lugansk vs NK Veres Rivne
[3589098] Could not find attributes for nicolas de preville (Football Club de Metz, 2021)
[4625279] Could not find attributes for franko kolic (NK Istra 1961, 2025)
[4625279] Failed to build match row: NK Istra 1961 vs HNK Gorica
 Club de Metz
[4136852] Could not find attributes for kenan haxhihamza (KF Dukagjini, 2023)
[4136852] Failed to build match row: KF Dukagjini vs Hrvatski Nogometni Klub Rijeka

Keepers & outfield error for **Nooit Opgeven Altijd Doorzetten Aangenaam Door Vermaak En Nuttig Door Ontspanning Combinatie Breda** in Nooit Opgeven Altijd Doorzetten Aangenaam Door Vermaak En Nuttig Door Ontspanning Combinatie Breda vs Heracles Almelo: Numbers: 2 and 9.
[4743105] Failed to build match row: Nooit Opgeven Altijd Doorzetten Aangenaam Door Vermaak En Nuttig Door Ontspanning Combinatie Breda vs Heracles Almelo

Keepers & outfield error for **Boavista FC** in Sporting Clube de Portugal vs Boavista FC: Numbers: 0 and 11.
[4396813] Failed to build match row: Sporting Clube de Portugal vs Boavista FC
[3715877] Could not find attributes for manolo portanova (Genoa Cricket and Football Club, 2021)
[3715877] Failed to build match row: Associazione Calcio Milan vs Genoa Cricket and Football Club
[4649150] Could not find attributes for teodor lungu (Asociația Fotbal Club Unirea 04 Slobozia, 2025)
[4649150] Failed to build match row: Asociația Fotbal Club Unirea 04 Slobozia vs Asociația Fotbal Club Hermannstadt
[4098094] Failed to scrape lineup: https://www.transfermarkt.co.uk/psv-eindhoven_almere-city-fc/index/spielbericht/4098094
[4095205] Failed to scrape lineup: https://www.transfermarkt.co.uk/tottenham-hotspur_aston-villa/index/spielbericht/4095205
[3844826] Failed to scrape lineup: https://www.transfermarkt.co.uk/atalanta-bc_us-sassuolo/index/spielbericht/3844826

Keepers & outfield error for **Sport Lisboa e Benfica** in Sport Lisboa e Benfica vs FC Paços de Ferreira: Numbers: 0 and 11.
[3621446] Failed to build match row: Sport Lisboa e Benfica vs FC Paços de Ferreira
[3426989] Could not find attributes for lewis baker (Trabzonspor Kulübü, 2020)
[3426989] Failed to build match row: Trabzonspor Kulübü vs Konyaspor
[4425245] Could not find attributes for wellissol (Newcastle United Jets Football Club, 2024)
[4425245] Failed to build match row: Newcastle United Jets Football Club vs Melbourne City Football Club
[4680812] Could not find attributes for alex moucketou moussounda (Gabon, 2025)
[4642906] Could not find attributes for tom ritzy hulsmann (Turn- und Sportverein Egger Glas Hartberg, 2025)
[4680812] Failed to build match row: Cameroon vs Gabon
[3602622] Could not find attributes for daniil odoevskiy (AO FK Zenit Sankt-Peterburg, 2021)
[4642906] Failed to build match row: Sportvereinigung Ried 1912 vs Turn- und Sportverein Egger Glas Hartberg
[4647883] Could not find attributes for taylan antalyali (Çaykur Rizespor Kulübü, 2025)
[4120771] Could not find attributes for oleg kudryk (FK Polissya Zhytomyr, 2023)
[3602622] Failed to build match row: AO FK Zenit Sankt-Peterburg vs FC Khimki (-2025)
[4120771] Failed to build match row: FK Polissya Zhytomyr vs Vorskla Poltava
[4647883] Failed to build match row: Çaykur Rizespor Kulübü vs Kayserispor Kulübü
[4056036] Failed to scrape lineup: https://www.transfermarkt.co.uk/sc-dnipro-1_metalist-kharkiv/index/spielbericht/4056036
[4172231] Could not find attributes for nabil bentaleb (Lille Olympique Sporting Club, 2023)

Keepers & outfield error for **Torino Calcio** in Unione Sportiva Sassuolo Calcio vs Torino Calcio: Numbers: 2 and 9.
[3433234] Failed to build match row: Unione Sportiva Sassuolo Calcio vs Torino Calcio
[3872602] Could not find attributes for genis soldevila (Inter Club d'Escaldes, 2022)
[4363533] Could not find attributes for matous trmal (FK Teplice, a.s., 2024)
[4363533] Failed to build match row: FK Teplice, a.s. vs FC Hradec Králové a.s.
[3872602] Failed to build match row: Inter Club d'Escaldes vs Fotbal Club CFR 1907 Cluj SA
[4811053] Could not find attributes for viery (Grêmio Foot-Ball Porto Alegrense, 2025)
[4811053] Failed to build match row: Grêmio Foot-Ball Porto Alegrense vs Clube de Regatas do Flamengo
[4620794] Could not find attributes for alvaro morata (Calcio Como, 2025)
[4361428] Could not find attributes for abdoulaye doucoure (Everton Football Club, 2024)
[4361428] Failed to build match row: West Ham United Football Club vs Everton Football Club
[4620794] Failed to build match row: Calcio Como vs Cagliari Calcio
[3652873] Could not find attributes for dom mclaren (Cumbernauld Colts FC, 2021)

Keepers & outfield error for **Futebol Clube do Porto** in Futebol Clube do Porto vs Portimonense SC: Numbers: 0 and 11.
[4109364] Failed to build match row: Futebol Clube do Porto vs Portimonense SC
[3652873] Failed to build match row: Cumbernauld Colts FC vs Buckie Thistle FC
[4243786] Could not find attributes for sharif kaiuf (Maccabi Haifa, 2023)
[4243786] Failed to build match row: Maccabi Haifa vs Koninklijke Atletiek Associatie Gent

Keepers & outfield error for **Liverpool Football Club** in Liverpool Football Club vs Chelsea Football Club: Numbers: 2 and 9.
[4408315] Could not find attributes for bogdan moskvichev (FC Orenburg, 2024)

Keepers & outfield error for **Grupo Desportivo Estoril Praia** in Grupo Desportivo Estoril Praia vs Casa Pia Atlético Clube: Numbers: 0 and 11.
[3838786] Failed to build match row: Liverpool Football Club vs Chelsea Football Club
[4408315] Failed to build match row: FC Orenburg vs PFK CSKA Moskva
[4396814] Failed to build match row: Grupo Desportivo Estoril Praia vs Casa Pia Atlético Clube
[4120772] Could not find attributes for mykyta turbayevskyi (FC Zorya Lugansk, 2023)
[4120772] Failed to build match row: FC Zorya Lugansk vs FK Obolon Kyiv
[4625280] Could not find attributes for davor matijas (HNK Gorica, 2025)
[4625280] Failed to build match row: GNK Dinamo Zagreb vs HNK Gorica

Keepers & outfield error for **Aston Villa Football Club** in Association Football Club Bournemouth vs Aston Villa Football Club: Numbers: 0 and 11.
[4095206] Failed to build match row: Association Football Club Bournemouth vs Aston Villa Football Club
[4376661] Could not find attributes for duktm (Aberdeen Football Club, 2024)
[4172232] Could not find attributes for milan borjan (Slovan Bratislava, 2023)
[4376661] Failed to build match row: Aberdeen Football Club vs Ross County FC
[4137111] Could not find attributes for matteo pisseri (Cesena FC, 2023)
[4172232] Failed to build match row: Slovan Bratislava vs Lille Olympique Sporting Club
[4137111] Failed to build match row: Cesena FC vs Virtus Entella
[4243787] Could not find attributes for milan borjan (Slovan Bratislava, 2023)
[4243787] Failed to build match row: Slovan Bratislava vs Sportklub Puntigamer Sturm Graz
[3589099] Failed to scrape lineup: https://www.transfermarkt.co.uk/clermont-foot-63_as-monaco/index/spielbericht/3589099
[4649151] Failed to scrape lineup: https://www.transfermarkt.co.uk/fk-csikszereda-miercurea-ciuc_fcsb/index/spielbericht/4649151
[4056037] Failed to build match row: PFK Lviv vs FC Oleksandriya
[4521412] Could not find attributes for il gyu park (Yokohama Marinos, 2024)
[4521412] Failed to build match row: Yokohama Marinos vs Shonan Bellmare
[3426990] Could not find attributes for francois moubandje (Alanyaspor, 2020)

Keepers & outfield error for **Wolverhampton Wanderers Football Club** in Wolverhampton Wanderers Football Club vs Southampton FC: Numbers: 0 and 11.
[4464007] Could not find attributes for timur kraykov (Sokol Saratov, 2024)
[4361429] Failed to build match row: Wolverhampton Wanderers Football Club vs Southampton FC
[3426990] Failed to build match row: Alanyaspor vs MKE Ankaragücü
[3715879] Could not find attributes for kristjan asllani (FC Empoli, 2021)
[4464007] Failed to build match row: Sokol Saratov vs Ural Yekaterinburg
[3715879] Failed to build match row: Football Club Internazionale Milano S.p.A. vs FC Empoli
[4425246] Could not find attributes for tristan vidackovic (Western Sydney Wanderers, 2024)
[4425246] Failed to build match row: Western Sydney Wanderers vs Sydney Football Club
[4367980] Could not find attributes for olivier aertssen (Prins Hendrik Ende Desespereert Nimmer Combinatie Zwolle, 2024)
[4627322] Could not find attributes for marvin martins (Fussballclub Winterthur, 2025)
[4367980] Failed to build match row: Prins Hendrik Ende Desespereert Nimmer Combinatie Zwolle vs Football Club Utrecht
[3597995] Could not find attributes for arno verschueren (Sparta Rotterdam, 2021)
[4627322] Failed to build match row: Berner Sport Club Young Boys vs Fussballclub Winterthur
[3597995] Failed to build match row: Football Club Twente vs Sparta Rotterdam

Keepers & outfield error for **Leicester City** in Leicester City vs Brighton and Hove Albion Football Club: Numbers: 0 and 11.
[3433235] Could not find attributes for gabriele zappa (Cagliari Calcio, 2020)
[3838787] Failed to build match row: Leicester City vs Brighton and Hove Albion Football Club
[3433235] Failed to build match row: Bologna Football Club 1909 vs Cagliari Calcio
[4109365] Could not find attributes for ze carlos (Gil Vicente Futebol Clube, 2023)
[4109365] Failed to build match row: GD Chaves vs Gil Vicente Futebol Clube

Keepers & outfield error for **Motherwell Football Club** in Motherwell Football Club vs Hibernian Football Club: Numbers: 0 and 11.
[3890170] Failed to build match row: Motherwell Football Club vs Hibernian Football Club
[3947341] Could not find attributes for sam gormley (Gretna FC 2008, 2022)
[3947341] Failed to build match row: Gretna FC 2008 vs Drumchapel United FC
[4625281] Could not find attributes for osman hadzikic (NK Slaven Belupo Koprivnica, 2025)
[4625281] Failed to build match row: NK Slaven Belupo Koprivnica vs NK Istra 1961
[4811054] Could not find attributes for felipe jonatan (Coritiba Foot Ball Club, 2025)
[4811054] Failed to build match row: Coritiba Foot Ball Club vs Sport Club Internacional
[3415523] Could not find attributes for sandy walsh (Yellow-Red Koninklijke Voetbalclub Mechelen, 2020)
[3415523] Failed to build match row: St Truiden vs Yellow-Red Koninklijke Voetbalclub Mechelen
[4363534] Could not find attributes for denis donat (FK Mladá Boleslav, a.s., 2024)
[4363534] Failed to build match row: FK Mladá Boleslav, a.s. vs FK Jablonec a.s.
[4120773] Could not find attributes for yevgen volynets (SC Dnipro-1, 2023)
[4120773] Failed to build match row: SC Dnipro-1 vs Futbolniy Klub Dynamo Kyiv
[4056038] Could not find attributes for oleg bilyk (Ingulets Petrove, 2022)
[4521414] Could not find attributes for yohei takeda (Nagoya Grampus Eight, 2024)
[4056038] Failed to build match row: Ingulets Petrove vs FK Kryvbas Kryvyi Rig
[4521414] Failed to build match row: Nagoya Grampus Eight vs Zelvia
[4376662] Could not find attributes for oluwaseun adewumi (Dundee Football Club, 2024)
[4408316] Could not find attributes for aleksandr vasyutin (Akron Togliatti, 2024)
[4425247] Could not find attributes for kazuki nagasawa (Wellington Phoenix Football Club, 2024)
[4376662] Failed to build match row: Dundee Football Club vs Dundee United Football Club
[3872603] Could not find attributes for mikheil alavidze (Dinamo Batumi, 2022)
[4408316] Failed to build match row: Akron Togliatti vs Fakel Voronezh
[4425247] Failed to build match row: Wellington Phoenix Football Club vs Western United FC
[3872603] Failed to build match row: Dinamo Batumi vs KKS Lech Poznań Spółka Akcyjna
[3433236] Could not find attributes for milos vulic (FC Crotone, 2020)
[4647884] Could not find attributes for karol linetty (Kocaelispor Kulübü, 2025)
[3433236] Failed to build match row: FC Crotone vs Atalanta Bergamasca Calcio S.p.a.
[4396816] Could not find attributes for luis esteves (Clube Desportivo Nacional, 2024)
[3597996] Could not find attributes for pontus almqvist (Football Club Utrecht, 2021)
[4647884] Failed to build match row: Kocaelispor Kulübü vs Gençlerbirliği Spor Kulübü
[3597996] Failed to build match row: Feyenoord Rotterdam vs Football Club Utrecht
[4396816] Failed to build match row: Clube Desportivo Nacional vs Moreirense Futebol Clube
[3652874] Could not find attributes for james connelly (Deveronvale FC, 2021)
[4172233] Could not find attributes for milan borjan (Slovan Bratislava, 2023)

Keepers & outfield error for **Verona Hellas Football Club** in Verona Hellas Football Club vs Associazione Calcio Milan: Numbers: 2 and 9.
[3652874] Failed to build match row: Deveronvale FC vs Haddington Athletic FC
[4172233] Failed to build match row: Slovan Bratislava vs NK Olimpija Ljubljana
[3844828] Failed to build match row: Verona Hellas Football Club vs Associazione Calcio Milan

Keepers & outfield error for **Fotbal Club Petrolul Ploiești** in SC Dinamo 1948 SA vs Fotbal Club Petrolul Ploiești: Numbers: 2 and 9.
[4649152] Failed to build match row: SC Dinamo 1948 SA vs Fotbal Club Petrolul Ploiești
[4243788] Could not find attributes for noah sonko sundberg (Ludogorets Razgrad, 2023)
[4243788] Failed to build match row: Ludogorets Razgrad vs Servette Football Club 1890 SA
[3602623] Could not find attributes for mateo barac (PFK Krylya Sovetov Samara, 2021)
[4627323] Could not find attributes for flavius daniliuc (FC Basel 1893 AG, 2025)
[3602623] Failed to build match row: PFK Krylya Sovetov Samara vs FK Dinamo Moskva
[4627323] Failed to build match row: FC Basel 1893 AG vs FC St. Gallen 1879
[4625282] Could not find attributes for marko malenica (NK Osijek s.d.d., 2025)
[4625282] Failed to build match row: NK Osijek s.d.d. vs HNK Vukovar 1991
[4521415] Could not find attributes for daiya maekawa (Rakuten Vissel Kobe, 2024)
[3415524] Could not find attributes for sandy walsh (Yellow-Red Koninklijke Voetbalclub Mechelen, 2020)
[4363535] Could not find attributes for louis lurvink (FK Pardubice, 2024)
[3415524] Failed to build match row: Yellow-Red Koninklijke Voetbalclub Mechelen vs Sportvereniging Zulte Waregem
[4363535] Failed to build match row: FK Pardubice vs AC Sparta Praha, a. s.
[4521415] Failed to build match row: Rakuten Vissel Kobe vs Avispa Fukuoka
[3621448] Could not find attributes for mansur (Clube Desportivo Santa Clara, 2021)
[3621448] Failed to build match row: Clube Desportivo Santa Clara vs Sporting Clube de Portugal
[4120774] Could not find attributes for dmytro ledviy (FC Rukh Lviv, 2023)
[4120774] Failed to build match row: FC Rukh Lviv vs NK Veres Rivne
[3613028] Could not find attributes for konrad michalak (Konyaspor, 2021)
[4811055] Could not find attributes for erick pulga (Esporte Clube Bahia, 2025)
[4811055] Failed to build match row: Esporte Clube Bahia vs Cruzeiro Esporte Clube
[3613028] Failed to build match row: Konyaspor vs Sivasspor

Keepers & outfield error for **Grupo Desportivo Estoril Praia** in Grupo Desportivo Estoril Praia vs GD Chaves: Numbers: 0 and 11.
[4798337] Could not find attributes for ignacio pais (Club Atlético Banfield, 2025)
[4798337] Failed to build match row: Club Atlético Banfield vs Club Atlético Newell’s Old Boys
[4408317] Could not find attributes for nikita kokarev (FC Khimki (-2025), 2024)
[4408317] Failed to build match row: FC Khimki (-2025) vs PFK Krylya Sovetov Samara
[4743106] Could not find attributes for michael wensing (HSC '21 Haaksbergen, 2025)
[3852786] Could not find attributes for igor paixao (Feyenoord Rotterdam, 2022)
[4743106] Failed to build match row: HSC '21 Haaksbergen vs Koninklijke HFC Haarlem
[3852786] Failed to build match row: Feyenoord Rotterdam vs Go Ahead Eagles
[3838789] Could not find attributes for joao palhinha (Fulham Football Club, 2022)
[4647885] Could not find attributes for adem arous (Kasımpaşa A.Ş., 2025)
[4647885] Failed to build match row: Kasımpaşa A.Ş. vs Göztepe Sportif Yatırımlar A.Ş.
[3597997] Could not find attributes for tijjani noslin (Fortuna Sittardia Combinatie, 2021)
[3838789] Failed to build match row: Fulham Football Club vs Tottenham Hotspur Football Club
[3597997] Failed to build match row: Fortuna Sittardia Combinatie vs Go Ahead Eagles
[4376663] Could not find attributes for tawanda maswanhise (Motherwell Football Club, 2024)
[4376663] Failed to build match row: Heart of Midlothian Football Club vs Motherwell Football Club
[4649153] Could not find attributes for conrado (SC Oţelul Galaţi, 2025)
[4649153] Failed to build match row: Asociația Fotbal Club Botoșani vs SC Oţelul Galaţi
[3462353] Could not find attributes for andrejs ciganiks (FC Zorya Lugansk, 2020)
[3462353] Failed to build match row: FC Zorya Lugansk vs Leicester City
[3947342] Could not find attributes for michael mcfarlane (Dunbar United FC, 2022)
[3947342] Failed to build match row: Dunbar United FC vs University of Stirling FC
[4172234] Could not find attributes for milan borjan (Slovan Bratislava, 2023)
[4172234] Failed to build match row: Slovan Bratislava vs KÍ Klaksvík
[4625283] Could not find attributes for martin zlomislic (Hrvatski Nogometni Klub Rijeka, 2025)
[4625283] Failed to build match row: Hrvatski Nogometni Klub Rijeka vs NK Lokomotiva Zagreb
[4638778] Could not find attributes for james brown (Kilmarnock Football Club, 2025)
[4638778] Failed to build match row: Kilmarnock Football Club vs The Celtic Football Club
[4521418] Could not find attributes for shusaku nishikawa (Urawa Red Diamonds, 2024)
[4521418] Failed to build match row: Urawa Red Diamonds vs Fagiano Okayama Sports Club
[3652876] Could not find attributes for ross connelly (East Stirlingshire FC, 2021)
[3602624] Could not find attributes for vanja drkusic (FK Sochi, 2021)
[3652876] Failed to build match row: East Stirlingshire FC vs Fort William FC
[3621449] Could not find attributes for yohan tavares (B SAD, 2021)
[3602624] Failed to build match row: PFK CSKA Moskva vs FK Sochi
[4363536] Could not find attributes for amar memic (FC Viktoria Plzeň, a.s., 2024)
[3621449] Failed to build match row: B SAD vs Futebol Clube de Arouca
[4363536] Failed to build match row: FC Viktoria Plzeň, a.s. vs FK Dukla Praha a.s.
[4620797] Could not find attributes for daniele rugani (Juventus Football Club, 2025)
[4620797] Failed to build match row: Juventus Football Club vs Torino Calcio
[4425248] Could not find attributes for luis canga (Perth Glory Football Club, 2024)
[4425248] Failed to build match row: Macarthur South West Sydney (A-League) vs Perth Glory Football Club

Keepers & outfield error for **Eintracht Frankfurt Fußball AG** in Eintracht Frankfurt Fußball AG vs Royale Union Saint-Gilloise: Numbers: 2 and 9.
[4396817] Could not find attributes for bruno varela (Vitória Sport Clube, 2024)
[4243789] Failed to build match row: Eintracht Frankfurt Fußball AG vs Royale Union Saint-Gilloise
[4367981] Failed to build match row: Sportclub Heerenveen vs Fortuna Sittardia Combinatie
[4396817] Failed to build match row: Rio Ave Futebol Clube vs Vitória Sport Clube
[3415525] Could not find attributes for stipe radic (Beerschot VA, 2020)
[4056039] Could not find attributes for yevgen past (Chornomorets Odesa, 2022)
[3415525] Failed to build match row: Beerschot VA vs KV Oostende
[4056039] Failed to build match row: Chornomorets Odesa vs FK Kolos Kovalivka

Keepers & outfield error for **Lille Olympique Sporting Club** in Lille Olympique Sporting Club vs AC Sparta Praha, a. s.: Numbers: 2 and 9.
[4811056] Could not find attributes for marcelinho (Clube do Remo, 2025)
[4373594] Could not find attributes for kevin muller (1. Fußballclub Heidenheim 1846, 2024)
[3462354] Failed to build match row: Lille Olympique Sporting Club vs AC Sparta Praha, a. s.

Keepers & outfield error for **Saint Mirren Football Club** in Saint Mirren Football Club vs Heart of Midlothian Football Club: Numbers: 2 and 9.
[4811056] Failed to build match row: Clube do Remo vs Sociedade Esportiva Palmeiras
[3890172] Failed to build match row: Saint Mirren Football Club vs Heart of Midlothian Football Club
[4373594] Failed to build match row: 1. Fußballclub Heidenheim 1846 vs Fußball-Club St. Pauli von 1910
[4120775] Could not find attributes for yevgeniy kucherenko (LNZ Cherkasy, 2023)
[4095208] Could not find attributes for saman ghoddos (Brentford Football Club, 2023)
[3433237] Could not find attributes for botond balogh (Parma Calcio 1913, 2020)
[4095208] Failed to build match row: Brentford Football Club vs Luton Town
[4120775] Failed to build match row: LNZ Cherkasy vs FC Shakhtar Donetsk
[4466371] Could not find attributes for bob wilson (Musselburgh Athletic FC, 2024)
[3872604] Could not find attributes for josip condric (HSK Zrinjski Mostar, 2022)
[3433237] Failed to build match row: Football Club Internazionale Milano S.p.A. vs Parma Calcio 1913
[4466371] Failed to build match row: Musselburgh Athletic FC vs Caledonian Braves FC
[3872604] Failed to build match row: HSK Zrinjski Mostar vs KF Tirana
[3613029] Could not find attributes for yunus akgun (Adana Demirspor, 2021)
[4638779] Could not find attributes for jack butland (Rangers Football Club, 2025)
[3613029] Failed to build match row: Fenerbahçe Spor Kulübü vs Adana Demirspor
[4638779] Failed to build match row: Rangers Football Club vs Heart of Midlothian Football Club
[3589100] Could not find attributes for jerome boateng (Olympique Lyonnais, 2021)
[4408318] Failed to build match row: FK Rostov vs FK Spartak Moskva
[4743107] Could not find attributes for mark spenkelink (RKC Waalwijk, 2025)
[3589100] Failed to build match row: Olympique Lyonnais vs Football Club Lorient-Bretagne Sud

Keepers & outfield error for **Newcastle United Football Club** in Crystal Palace Football Club vs Newcastle United Football Club: Numbers: 2 and 9.
[4625284] Could not find attributes for oliver zelenika (NK Varazdin, 2025)
[4743107] Failed to build match row: RKC Waalwijk vs SC Cambuur Leeuwarden
[3838790] Failed to build match row: Crystal Palace Football Club vs Newcastle United Football Club
[4625284] Failed to build match row: NK Varazdin vs HNK Hajduk Split

Keepers & outfield error for **Portimonense SC** in Portimonense SC vs Futebol Clube de Famalicão: Numbers: 0 and 11.
[4109367] Failed to build match row: Portimonense SC vs Futebol Clube de Famalicão
[4363537] Could not find attributes for dominik holec (FC Baník Ostrava a.s., 2024)
[4363537] Failed to build match row: FC Baník Ostrava a.s. vs Bohemians Praha 1905, a.s.
�омотив" Москва, 2021)
[3602625] Failed to build match row: Футбольный клуб "Локомотив" Москва vs FC Rubin Kazan
[3621450] Could not find attributes for ziga frelih (Gil Vicente Futebol Clube, 2021)
[3621450] Failed to build match row: Gil Vicente Futebol Clube vs Vitória Sport Clube
[4367982] Could not find attributes for marvin young (Sparta Rotterdam, 2024)
[4367982] Failed to build match row: Sparta Rotterdam vs Football Club Groningen
[4521419] Could not find attributes for ryosuke kojima (Hitachi Kashiwa Reysol, 2024)
[4056040] Could not find attributes for denys sydorenko (TOV FK Metalist 1925 Kharkiv, 2022)
[4056040] Failed to build match row: TOV FK Metalist 1925 Kharkiv vs FC Rukh Lviv
[4627324] Could not find attributes for rodolfo lippo (Football Club Lausanne-Sport, 2025)
[4627324] Failed to build match row: Football Club Lausanne-Sport vs FC Thun

Keepers & outfield error for **Bristol City** in Sheffield United vs Bristol City: Numbers: 2 and 9.
[3517366] Failed to build match row: Sheffield United vs Bristol City
[4361433] Could not find attributes for abdoulaye doucoure (Everton Football Club, 2024)
[4680814] Could not find attributes for guelor kanga (Gabon, 2025)
[4361433] Failed to build match row: Everton Football Club vs Brentford Football Club
[4680814] Failed to build match row: Gabon vs Mozambique
[4172235] Could not find attributes for denis pintol (NK Olimpija Ljubljana, 2023)
[4172235] Failed to build match row: NK Olimpija Ljubljana vs Lille Olympique Sporting Club
[3426992] Could not find attributes for enner valencia (Fenerbahçe Spor Kulübü, 2020)
[3426992] Failed to build match row: Fenerbahçe Spor Kulübü vs Kayserispor Kulübü
[3947343] Could not find attributes for mark sideserf (Pollok FC, 2022)
[3947343] Failed to build match row: Pollok FC vs Annan Athletic FC
[4095209] Could not find attributes for vitinho (Burnley Football Club, 2023)
[4095209] Failed to build match row: Burnley Football Club vs Sheffield United
[4373595] Could not find attributes for alexis claude maurice (Fußball-Club Augsburg 1907, 2024)
[4373595] Failed to build match row: Sportverein Werder Bremen von 1899 vs Fußball-Club Augsburg 1907
[3597999] Could not find attributes for vurnon anita (RKC Waalwijk, 2021)
[3597999] Failed to build match row: RKC Waalwijk vs Prins Hendrik Ende Desespereert Nimmer Combinatie Zwolle
[4620798] Could not find attributes for roberto gagliardini (Verona Hellas Football Club, 2025)
[4620798] Failed to build match row: Unione Sportiva Lecce vs Verona Hellas Football Club
[4408319] Could not find attributes for stanislav agkatsev (FK Krasnodar, 2024)
[4408319] Failed to build match row: FK Krasnodar vs Akron Togliatti
[4243790] Could not find attributes for kevin theophile catherine (GNK Dinamo Zagreb, 2023)
[4243790] Failed to build match row: GNK Dinamo Zagreb vs Real Betis Balompié S.A.D.
[3415526] Could not find attributes for strahinja pavlovic (Cercle Brugge Koninklijke Sportvereniging, 2020)
[3415526] Failed to build match row: Cercle Brugge Koninklijke Sportvereniging vs Oud-Heverlee Leuven
[4642908] Could not find attributes for beres owusu (Grazer Athletiksport Klub 1902, 2025)
[4642908] Failed to build match row: Fußballclub Blau-Weiß Linz vs Grazer Athletiksport Klub 1902
[4625285] Could not find attributes for bruno goda (GNK Dinamo Zagreb, 2025)
[3652877] Could not find attributes for balint demus (Formartine United FC, 2021)
[3652877] Failed to build match row: Formartine United FC vs Cumnock Juniors FC
[4625285] Failed to build match row: HNK Hajduk Split vs GNK Dinamo Zagreb
[4137112] Could not find attributes for tomislav papazov (Foggia Calcio, 2023)
[4120776] Could not find attributes for artem kychak (FK Obolon Kyiv, 2023)
[4137112] Failed to build match row: US Catanzaro vs Foggia Calcio
[4120776] Failed to build match row: FK Obolon Kyiv vs LNZ Cherkasy
[3716577] Could not find attributes for mikel vesga (Athletic Club Bilbao, 2021)
[3716577] Failed to build match row: Atlético Mancha Real vs Athletic Club Bilbao
[4098096] Could not find attributes for jordy bruijn (Heracles Almelo, 2023)

Keepers & outfield error for **Willem II Tilburg** in Willem II Tilburg vs Alkmaar Zaanstreek: Numbers: 2 and 9.

Keepers & outfield error for **Boavista FC** in Boavista FC vs Clube Desportivo de Tondela: Numbers: 2 and 9.
[3621451] Failed to build match row: Boavista FC vs Clube Desportivo de Tondela
[4367983] Failed to build match row: Willem II Tilburg vs Alkmaar Zaanstreek
[4647887] Could not find attributes for wagner pina (Trabzonspor Kulübü, 2025)

Keepers & outfield error for **Wolverhampton Wanderers Football Club** in Fulham Football Club vs Wolverhampton Wanderers Football Club: Numbers: 0 and 11.
[4647887] Failed to build match row: Trabzonspor Kulübü vs Alanyaspor

Keepers & outfield error for **Olympique de Marseille** in Olympique de Marseille vs Racing Club de Lens: Numbers: 2 and 9.
[4361434] Failed to build match row: Fulham Football Club vs Wolverhampton Wanderers Football Club
[3872605] Could not find attributes for brent lepistu (FCI Levadia, 2022)
[3589101] Failed to build match row: Olympique de Marseille vs Racing Club de Lens
[4620799] Failed to scrape lineup: https://www.transfermarkt.co.uk/parma-calcio-1913_ac-milan/index/spielbericht/4620799
[4649156] Could not find attributes for matei popa (SC Fotbal Club FCSB SA, 2025)
[3852788] Could not find attributes for che nunnely (Sportclub Heerenveen, 2022)
[4172236] Could not find attributes for matevz vidovsek (NK Olimpija Ljubljana, 2023)
[3872605] Failed to build match row: FCI Levadia vs Hibernians FC
[3852788] Failed to build match row: Sportclub Heerenveen vs Excelsior Rotterdam
[4649156] Failed to build match row: SC Fotbal Club FCSB SA vs Asociația Sportivă Fotbal Club Universitatea Cluj

Keepers & outfield error for **Brighton and Hove Albion Football Club** in Leicester City vs Brighton and Hove Albion Football Club: Numbers: 0 and 11.
[4172236] Failed to build match row: NK Olimpija Ljubljana vs Slovan Bratislava
[3426993] Could not find attributes for yassine meriah (Çaykur Rizespor Kulübü, 2020)
[3517367] Failed to build match row: Leicester City vs Brighton and Hove Albion Football Club
[3426993] Failed to build match row: İstanbul Başakşehir Futbol Kulübü vs Çaykur Rizespor Kulübü
[4743108] Could not find attributes for milan standaert (HSV Hoek, 2025)
[4743108] Failed to build match row: HSV Hoek vs FC Eindhoven
[4056155] Could not find attributes for leo andrade (FC Khimki (-2025), 2022)
[4056155] Failed to build match row: FC Khimki (-2025) vs Torpedo Moscow
[4367984] Could not find attributes for thom haye (Almere City FC, 2024)
[4367984] Failed to build match row: Almere City FC vs Sportclub Heerenveen

Keepers & outfield error for **Association Football Club Bournemouth** in Brentford Football Club vs Association Football Club Bournemouth: Numbers: 0 and 11.
[3838792] Failed to build match row: Brentford Football Club vs Association Football Club Bournemouth
[3450747] Could not find attributes for devyne rensch (AFC Ajax Amsterdam, 2020)
[3450747] Failed to build match row: Alkmaar Zaanstreek vs AFC Ajax Amsterdam

Keepers & outfield error for **Atalanta Bergamasca Calcio S.p.a.** in Atalanta Bergamasca Calcio S.p.a. vs Spezia Calcio: Numbers: 2 and 9.
[3947767] Failed to build match row: Atalanta Bergamasca Calcio S.p.a. vs Spezia Calcio
[3890174] Could not find attributes for bobby wales (Kilmarnock Football Club, 2022)
[3890174] Failed to build match row: Heart of Midlothian Football Club vs Kilmarnock Football Club

Keepers & outfield error for **CS Marítimo** in Portimonense SC vs CS Marítimo: Numbers: 0 and 11.
[3621452] Failed to build match row: Portimonense SC vs CS Marítimo
[4642909] Could not find attributes for joao tornich (Linzer Athletik-Sport-Klub, 2025)
[3462356] Could not find attributes for shahrudin mahammadaliyev (Qarabağ FK, 2020)
rt-Klub
[4367985] Failed to scrape lineup: https://www.transfermarkt.co.uk/az-alkmaar_twente-enschede-fc/index/spielbericht/4367985
[3462356] Failed to build match row: Qarabağ FK vs Maccabi Tel Aviv
[4376666] Could not find attributes for bozo mikulic (St. Johnstone FC, 2024)
[4376666] Failed to build match row: St. Johnstone FC vs Hibernian Football Club

Keepers & outfield error for **Club Football Estrela da Amadora** in Club Football Estrela da Amadora vs Boavista FC: Numbers: 0 and 11.
[4680815] Could not find attributes for francois bekale (Gabon, 2025)
[4627326] Could not find attributes for pajtim kasami (Fussballclub Winterthur, 2025)
[4680815] Failed to build match row: Gabon vs Ivory Coast
[4466372] Could not find attributes for scott davidson (Sauchie Juniors FC, 2024)
[4109368] Failed to build match row: Club Football Estrela da Amadora vs Boavista FC
[4120777] Could not find attributes for vadym yushchyshyn (NK Veres Rivne, 2023)
[4466372] Failed to build match row: Sauchie Juniors FC vs Buckie Thistle FC
[4627326] Failed to build match row: FC Luzern vs Fussballclub Winterthur
[4120777] Failed to build match row: NK Veres Rivne vs FC Minaj

Keepers & outfield error for **SC Cambuur Leeuwarden** in Vitesse Arnhem vs SC Cambuur Leeuwarden: Numbers: 2 and 9.
[4408320] Could not find attributes for sergey pesjakov (PFK Krylya Sovetov Samara, 2024)
[3852789] Failed to build match row: Vitesse Arnhem vs SC Cambuur Leeuwarden
[4408320] Failed to build match row: PFK Krylya Sovetov Samara vs FC Rubin Kazan

Keepers & outfield error for **Paris Saint-Germain Football Club** in Paris Saint-Germain Football Club vs Montpellier HSC: Numbers: 2 and 9.
[3589102] Failed to build match row: Paris Saint-Germain Football Club vs Montpellier HSC
[3613031] Could not find attributes for mohammad naderi (Altay SK, 2021)
[3613031] Failed to build match row: Kayserispor Kulübü vs Altay SK
[4172237] Could not find attributes for denis pintol (NK Olimpija Ljubljana, 2023)
[4172237] Failed to build match row: NK Olimpija Ljubljana vs KÍ Klaksvík
[4396820] Failed to scrape lineup: https://www.transfermarkt.co.uk/sc-braga_fc-famalicao/index/spielbericht/4396820
[4095212] Failed to scrape lineup: https://www.transfermarkt.co.uk/manchester-city_tottenham-hotspur/index/spielbericht/4095212
[3433240] Failed to scrape lineup: https://www.transfermarkt.co.uk/uc-sampdoria_genoa-cfc/index/spielbericht/3433240
[4056156] Could not find attributes for ilya svinov (Fakel Voronezh, 2022)
[4056156] Failed to build match row: Fakel Voronezh vs FC Orenburg
[3517369] Failed to scrape lineup: https://www.transfermarkt.co.uk/spielbericht/index/spielbericht/3517369
[4466373] Could not find attributes for blair carswell (The Spartans FC, 2024)
[3652878] Could not find attributes for stuart knight (Forres Mechanics FC, 2021)
[4466373] Failed to build match row: The Spartans FC vs Cowdenbeath FC
[3652878] Failed to build match row: Forres Mechanics FC vs Bonnyrigg Rose FC
[3872606] Could not find attributes for mathias rosenorn (KÍ Klaksvík, 2022)
[3872606] Failed to build match row: KÍ Klaksvík vs FK Sutjeska Niksic
[4120778] Could not find attributes for oleg mozil (TOV FK Metalist 1925 Kharkiv, 2023)
[3426994] Could not find attributes for munir el kajoui (Hatayspor, 2020)
[4120778] Failed to build match row: TOV FK Metalist 1925 Kharkiv vs Vorskla Poltava
[4408321] Could not find attributes for igor akinfeev (PFK CSKA Moskva, 2024)
[3426994] Failed to build match row: Gaziantep Futbol Kulübü A.Ş. vs Hatayspor
[4408321] Failed to build match row: PFK CSKA Moskva vs FK Dinamo Moskva

Keepers & outfield error for **Grupo Desportivo Estoril Praia** in Grupo Desportivo Estoril Praia vs Futebol Clube do Porto: Numbers: 0 and 11.
[3621453] Failed to build match row: Grupo Desportivo Estoril Praia vs Futebol Clube do Porto
[3598000] Could not find attributes for sekou sylla (SC Cambuur Leeuwarden, 2021)
[3598000] Failed to build match row: SC Cambuur Leeuwarden vs Eindhovense Voetbalvereniging Philips Sport Vereniging
[4243791] Could not find attributes for marquinhos (Ferencvárosi TC, 2023)
[4243791] Failed to build match row: Ferencvárosi TC vs Olympiakos Syndesmos Filathlon Peiraios
[4428850] Could not find attributes for freddie anderson (Stoke City, 2023)
[4428850] Failed to build match row: Carlisle United vs Stoke City
[3844833] Failed to scrape lineup: https://www.transfermarkt.co.uk/uc-sampdoria_as-roma/index/spielbericht/3844833
[3947768] Could not find attributes for daniele montevago (UC Sampdoria, 2022)
[3947768] Failed to build match row: Associazione Calcio Fiorentina vs UC Sampdoria
[4137113] Could not find attributes for alessandro plizzari (Delfino Pescara 1936, 2023)
[4137113] Failed to build match row: AC Reggiana 1919 vs Delfino Pescara 1936
[3433241] Could not find attributes for jeff chabot (Spezia Calcio, 2020)
[3433241] Failed to build match row: Spezia Calcio vs Juventus Football Club
[3450748] Could not find attributes for jurrien timber (AFC Ajax Amsterdam, 2020)
[3450748] Failed to build match row: AFC Ajax Amsterdam vs Willem II Tilburg
[3716578] Failed to scrape lineup: https://www.transfermarkt.co.uk/spielbericht/index/spielbericht/3716578
[3426995] Failed to scrape lineup: https://www.transfermarkt.co.uk/yeni-malatyaspor_galatasaray/index/spielbericht/3426995
[4715029] Failed to scrape lineup: https://www.transfermarkt.co.uk/spielbericht/index/spielbericht/4715029
[4627327] Could not find attributes for miroslav stevanovic (Servette Football Club 1890 SA, 2025)
[4627327] Failed to build match row: Servette Football Club 1890 SA vs Berner Sport Club Young Boys
[3621454] Failed to scrape lineup: https://www.transfermarkt.co.uk/fc-vizela_moreirense-fc/index/spielbericht/3621454
[3852790] Could not find attributes for jorrel hato (AFC Ajax Amsterdam, 2022)
[3852790] Failed to build match row: AFC Ajax Amsterdam vs Football Club Utrecht
[3433242] Failed to scrape lineup: https://www.transfermarkt.co.uk/torino-fc_ss-lazio/index/spielbericht/3433242
[4361437] Failed to scrape lineup: https://www.transfermarkt.co.uk/manchester-city_tottenham-hotspur/index/spielbericht/4361437
[3426996] Failed to scrape lineup: https://www.transfermarkt.co.uk/denizlispor_fatih-karagumruk/index/spielbericht/3426996

Keepers & outfield error for **FC Zürich** in FC Zürich vs Grasshopper Club Zürich: Numbers: 2 and 9.
[4627328] Failed to build match row: FC Zürich vs Grasshopper Club Zürich
[3872607] Could not find attributes for daniel redmond (The New Saints, 2022)
[3872607] Failed to build match row: The New Saints vs Víkingur Reykjavík

Keepers & outfield error for **Futebol Clube do Porto** in Futebol Clube do Porto vs Casa Pia Atlético Clube: Numbers: 0 and 11.
[3517370] Could not find attributes for herbie kane (Barnsley FC, 2020)
[4109369] Failed to build match row: Futebol Clube do Porto vs Casa Pia Atlético Clube
[3517370] Failed to build match row: Barnsley FC vs Chelsea Football Club
[3433243] Failed to scrape lineup: https://www.transfermarkt.co.uk/udinese-calcio_ac-milan/index/spielbericht/3433243
[4625286] Could not find attributes for tino jukic (NK Lokomotiva Zagreb, 2025)
[4625286] Failed to build match row: NK Lokomotiva Zagreb vs NK Varazdin
[4408322] Could not find attributes for anton mitryushkin (Футбольный клуб "Локомотив" Москва, 2024)
[4408322] Failed to build match row: Футбольный клуб "Локомотив" Москва vs AO FK Zenit Sankt-Peterburg
[3872608] Could not find attributes for douglas bergqvist (Riga FC, 2022)
[3462357] Could not find attributes for robin yalcin (Sivasspor, 2020)
[4638782] Could not find attributes for nikolaj moller (Dundee United Football Club, 2025)
[3872608] Failed to build match row: Riga FC vs MFK Ruzomberok
[3462357] Failed to build match row: Sivasspor vs Villarreal Club de Fútbol S.A.D.
[4638782] Failed to build match row: Dundee United Football Club vs Livingston Football Club
[4466374] Could not find attributes for aidan glavin (Elgin City FC, 2024)
[4620801] Could not find attributes for jesper karlstrom (Udinese Calcio, 2025)
[4620801] Failed to build match row: Associazione Sportiva Roma vs Udinese Calcio
[3598001] Could not find attributes for jizz hornkamp (Willem II Tilburg, 2021)
[3598001] Failed to build match row: Willem II Tilburg vs Vitesse Arnhem
[4627329] Could not find attributes for maximilian ullmann (Grasshopper Club Zürich, 2025)
[4627329] Failed to build match row: Grasshopper Club Zürich vs Servette Football Club 1890 SA
[4521422] Could not find attributes for kazuki fujita (Albirex Niigata, 2024)
[4521422] Failed to build match row: Albirex Niigata vs Tokyo Verdy
[4098097] Could not find attributes for oliver braude (Sportclub Heerenveen, 2023)
[3852791] Could not find attributes for igor paixao (Feyenoord Rotterdam, 2022)
[4098097] Failed to build match row: Sportclub Heerenveen vs Alkmaar Zaanstreek
[3852791] Failed to build match row: FC Emmen vs Feyenoord Rotterdam
[4680816] Could not find attributes for ivane urrubal (Mozambique, 2025)
[4680816] Failed to build match row: Mozambique vs Cameroon
[3462358] Failed to scrape lineup: https://www.transfermarkt.co.uk/spielbericht/index/spielbericht/3462358
[3426997] Could not find attributes for atiba hutchinson (Beşiktaş Jimnastik Kulübü, 2020)
[3426997] Failed to build match row: Beşiktaş Jimnastik Kulübü vs Göztepe Sportif Yatırımlar A.Ş.
[3415527] Failed to scrape lineup: https://www.transfermarkt.co.uk/kaa-gent_r-charleroi-sc/index/spielbericht/3415527
[4625287] Could not find attributes for marino bulat (HNK Vukovar 1991, 2025)
[4625287] Failed to build match row: HNK Vukovar 1991 vs Hrvatski Nogometni Klub Rijeka
[4428851] Could not find attributes for nathaniel mapengu (Stockport County, 2023)
[4428851] Failed to build match row: Stockport County vs Blackburn Rovers
[4137114] Could not find attributes for vladimir golemic (LR Vicenza, 2023)
[4137114] Failed to build match row: Feralpisalò vs LR Vicenza
[3890175] Could not find attributes for loick ayina (Dundee United Football Club, 2022)
[3890175] Failed to build match row: Livingston Football Club vs Dundee United Football Club
[4098098] Failed to scrape lineup: https://www.transfermarkt.co.uk/go-ahead-eagles_nec-nijmegen/index/spielbericht/4098098
[4243792] Could not find attributes for patrick berg (Fotballklubben Bodø/Glimt, 2023)
[4638783] Could not find attributes for jack butland (Rangers Football Club, 2025)
[4095215] Failed to scrape lineup: https://www.transfermarkt.co.uk/west-ham-united_crystal-palace/index/spielbericht/4095215
[4243792] Failed to build match row: Fotballklubben Bodø/Glimt vs AFC Ajax Amsterdam
[4638783] Failed to build match row: Falkirk Football & Athletic Club vs Rangers Football Club

Keepers & outfield error for **CD Alcoyano** in CD Alcoyano vs Real Madrid Club de Fútbol: Numbers: 2 and 9.
[3716579] Failed to build match row: CD Alcoyano vs Real Madrid Club de Fútbol
[4642911] Could not find attributes for joao tornich (Linzer Athletik-Sport-Klub, 2025)
[3621455] Could not find attributes for ilija vukotic (Boavista FC, 2021)
[3621455] Failed to build match row: Sporting Clube de Portugal vs Boavista FC
[4642911] Failed to build match row: Linzer Athletik-Sport-Klub vs Fußballclub Blau-Weiß Linz
[3426998] Failed to scrape lineup: https://www.transfermarkt.co.uk/genclerbirligi-ankara_trabzonspor/index/spielbericht/3426998
[4625288] Failed to scrape lineup: https://www.transfermarkt.co.uk/nk-istra-1961_nk-osijek/index/spielbericht/4625288
[3852792] Could not find attributes for stipe radic (Fortuna Sittardia Combinatie, 2022)
[3852792] Failed to build match row: Excelsior Rotterdam vs Fortuna Sittardia Combinatie

Keepers & outfield error for **Galatasaray Spor Kulübü** in Galatasaray Spor Kulübü vs Juventus Football Club: Numbers: 2 and 9.
[4814096] Failed to build match row: Galatasaray Spor Kulübü vs Juventus Football Club

Keepers & outfield error for **Racing Club de Strasbourg Alsace** in Montpellier HSC vs Racing Club de Strasbourg Alsace: Numbers: 0 and 11.
[4363744] Failed to build match row: Montpellier HSC vs Racing Club de Strasbourg Alsace
[3426999] Failed to scrape lineup: https://www.transfermarkt.co.uk/konyaspor_antalyaspor/index/spielbericht/3426999
[3621456] Failed to scrape lineup: https://www.transfermarkt.co.uk/fc-porto_sc-braga/index/spielbericht/3621456
[4521423] Could not find attributes for gakuji ota (Kyoto Purple Sanga, 2024)
[3872609] Could not find attributes for oscar schwartau (Brøndby Idrætsforening, 2022)
[4521423] Failed to build match row: Kyoto Purple Sanga vs Avispa Fukuoka
[3872609] Failed to build match row: Brøndby Idrætsforening vs Morski Klub Sportowy Pogoń Szczecin
[3602626] Could not find attributes for mikhail levashov (Arsenal Tula, 2021)
[3602626] Failed to build match row: Arsenal Tula vs FK Krasnodar
[4715031] Could not find attributes for lorenzo bernasconi (Atalanta Bergamasca Calcio S.p.a., 2025)
[4715031] Failed to build match row: Atalanta Bergamasca Calcio S.p.a. vs Club Brugge Koninklijke Voetbalvereniging
[4625289] Could not find attributes for davor matijas (HNK Gorica, 2025)
[4625289] Failed to build match row: HNK Gorica vs NK Slaven Belupo Koprivnica

Keepers & outfield error for **FC Vizela** in FC Vizela vs Sporting Clube de Braga: Numbers: 2 and 9.
[4109370] Failed to build match row: FC Vizela vs Sporting Clube de Braga
[3450749] Could not find attributes for armando broja (Vitesse Arnhem, 2020)
[3450749] Failed to build match row: Vitesse Arnhem vs ADO Den Haag
[4649157] Could not find attributes for conrado (SC Oţelul Galaţi, 2025)
[4649157] Failed to build match row: SC Oţelul Galaţi vs Asociația Fotbal Club Hermannstadt
[4376668] Could not find attributes for lawrence shankland (Heart of Midlothian Football Club, 2024)
[4376668] Failed to build match row: Heart of Midlothian Football Club vs The Celtic Football Club

Keepers & outfield error for **Sport Lisboa e Benfica** in Sport Lisboa e Benfica vs Real Madrid Club de Fútbol: Numbers: 2 and 9.
[4814097] Failed to build match row: Sport Lisboa e Benfica vs Real Madrid Club de Fútbol
[4680817] Could not find attributes for goitseone phoko (Botswana, 2025)
[4680817] Failed to build match row: Senegal vs Botswana
[4642912] Could not find attributes for tom ritzy hulsmann (Turn- und Sportverein Egger Glas Hartberg, 2025)
[4642912] Failed to build match row: Turn- und Sportverein Egger Glas Hartberg vs RZ Pellets Wolfsberger Athletiksport Club
[3427000] Could not find attributes for adolphe teikeu (Erzurumspor FK, 2020)
[3427000] Failed to build match row: Erzurumspor FK vs MKE Ankaragücü
[3433244] Could not find attributes for matteo lovato (Verona Hellas Football Club, 2020)
[3433244] Failed to build match row: Verona Hellas Football Club vs Benevento Calcio
[4627332] Failed to scrape lineup: https://www.transfermarkt.co.uk/fc-st-gallen-1879_fc-zurich/index/spielbericht/4627332
[4638784] Could not find attributes for alexander schwolow (Heart of Midlothian Football Club, 2025)
[4638784] Failed to build match row: Heart of Midlothian Football Club vs Hibernian Football Club
[3613033] Could not find attributes for emirhan ilkhan (Beşiktaş Jimnastik Kulübü, 2021)
[3613033] Failed to build match row: Beşiktaş Jimnastik Kulübü vs Gaziantep Futbol Kulübü A.Ş.
[3872610] Could not find attributes for dominik kruzliak (DAC Dunajska Streda, 2022)
[3872610] Failed to build match row: DAC Dunajska Streda vs Víkingur Gøta
[4098099] Could not find attributes for robin propper (Football Club Twente, 2023)
[3890176] Could not find attributes for dan casey (Motherwell Football Club, 2022)

Keepers & outfield error for **Aston Villa Football Club** in Aston Villa Football Club vs Manchester City Football Club: Numbers: 0 and 11.
[4098099] Failed to build match row: Feyenoord Rotterdam vs Football Club Twente
[3890176] Failed to build match row: Motherwell Football Club vs Saint Mirren Football Club
[4095216] Failed to build match row: Aston Villa Football Club vs Manchester City Football Club
[4521424] Could not find attributes for jun ichimori (Gamba Osaka, 2024)
[4521424] Failed to build match row: Gamba Osaka vs S-Pulse
[4680818] Could not find attributes for chancel mbemba (Democratic Republic of the Congo, 2025)
[4680818] Failed to build match row: Democratic Republic of the Congo vs Benin

Keepers & outfield error for **FC Paços de Ferreira** in FC Paços de Ferreira vs Gil Vicente Futebol Clube: Numbers: 2 and 9.
[3621457] Failed to build match row: FC Paços de Ferreira vs Gil Vicente Futebol Clube
[3716580] Could not find attributes for brimah razak (Linares Deportivo, 2021)
[3602627] Could not find attributes for nikita goylo (FK Nizhny Novgorod, 2021)
[3716580] Failed to build match row: Linares Deportivo vs Futbol Club Barcelona
[3602627] Failed to build match row: FK Nizhny Novgorod vs RFK Akhmat Grozny
[4466375] Could not find attributes for lewis elder (Hill of Beath Hawthorn, 2024)
[4466375] Failed to build match row: Hill of Beath Hawthorn vs Bo'ness United FC
[4243793] Could not find attributes for steve kapuadi (Legia Warszawa Spółka Akcyjna, 2023)
[4243793] Failed to build match row: Legia Warszawa Spółka Akcyjna vs Molde Fotballklubb
[4620805] Failed to scrape lineup: https://www.transfermarkt.co.uk/inter-milan_ac-milan/index/spielbericht/4620805
[3415529] Could not find attributes for jarne steuckers (St Truiden, 2020)
[4647888] Failed to build match row: Samsunspor vs Eyüp Spor Kulübü
[3415529] Failed to build match row: Koninklijke Racing Club Genk vs St Truiden
[4814098] Could not find attributes for luca reggiani (Borussia Dortmund, 2025)
[3427001] Could not find attributes for francois moubandje (Alanyaspor, 2020)
[4625290] Could not find attributes for bruno goda (GNK Dinamo Zagreb, 2025)
[4814098] Failed to build match row: Borussia Dortmund vs Atalanta Bergamasca Calcio S.p.a.
[4625290] Failed to build match row: GNK Dinamo Zagreb vs NK Slaven Belupo Koprivnica
[3462359] Could not find attributes for vladislav stoyanov (Ludogorets Razgrad, 2020)
[3462359] Failed to build match row: Royal Antwerp Football Club vs Ludogorets Razgrad
[4638785] Could not find attributes for james brown (Kilmarnock Football Club, 2025)
[4638785] Failed to build match row: Kilmarnock Football Club vs Saint Mirren Football Club

Keepers & outfield error for **Giresunspor** in Giresunspor vs Kasımpaşa A.Ş.: Numbers: 2 and 9.
[3613034] Failed to build match row: Giresunspor vs Kasımpaşa A.Ş.

Keepers & outfield error for **Villarreal Club de Fútbol S.A.D.** in Villarreal Club de Fútbol S.A.D. vs Manchester City Football Club: Numbers: 0 and 11.
[4715034] Failed to build match row: Villarreal Club de Fútbol S.A.D. vs Manchester City Football Club
[3450750] Could not find attributes for wesley spieringhs (Willem II Tilburg, 2020)
[3450750] Failed to build match row: Willem II Tilburg vs ADO Den Haag
[3602628] Could not find attributes for anton chichkan (FK Ufa, 2021)
[3602628] Failed to build match row: FK Ufa vs FK Rostov
[3872611] Could not find attributes for emil timbur (FC Milsami Orhei, 2022)
[3872611] Failed to build match row: FC Milsami Orhei vs Kuopion Palloseura
[4109371] Could not find attributes for ze carlos (Gil Vicente Futebol Clube, 2023)
[4109371] Failed to build match row: Gil Vicente Futebol Clube vs Moreirense Futebol Clube

Keepers & outfield error for **Atalanta Bergamasca Calcio S.p.a.** in Atalanta Bergamasca Calcio S.p.a. vs Società Sportiva Lazio S.p.A.: Numbers: 0 and 11.
[3844836] Failed to build match row: Atalanta Bergamasca Calcio S.p.a. vs Società Sportiva Lazio S.p.A.
[3415530] Failed to scrape lineup: https://www.transfermarkt.co.uk/royal-excel-mouscron-2022-_royal-antwerp-fc/index/spielbericht/3415530
[4120779] Could not find attributes for yevgen volynets (SC Dnipro-1, 2023)
[4120779] Failed to build match row: SC Dnipro-1 vs FK Kryvbas Kryvyi Rig
[4521425] Could not find attributes for shinnosuke hatanaka (Cerezo Osaka, 2024)
[4521425] Failed to build match row: Cerezo Osaka vs Nagoya Grampus Eight

Keepers & outfield error for **Stade Reims** in Stade Reims vs Football Club de Nantes: Numbers: 2 and 9.
[4428852] Could not find attributes for ruari paton (Port Vale FC, 2023)
[3589103] Failed to build match row: Stade Reims vs Football Club de Nantes
[4428852] Failed to build match row: Barrow AFC vs Port Vale FC

Keepers & outfield error for **Club Atlético Talleres** in Club Atlético Central Córdoba vs Club Atlético Talleres: Numbers: 2 and 9.
[3652879] Could not find attributes for bryan hay (Fraserburgh FC, 2021)
[4798340] Failed to build match row: Club Atlético Central Córdoba vs Club Atlético Talleres
[3652879] Failed to build match row: Fraserburgh FC vs Sauchie Juniors FC
[4680819] Could not find attributes for chancel mbemba (Democratic Republic of the Congo, 2025)

Keepers & outfield error for **Vitória Sport Clube** in Vitória Sport Clube vs Clube Desportivo de Tondela: Numbers: 0 and 11.
[3621458] Failed to build match row: Vitória Sport Clube vs Clube Desportivo de Tondela
[4680819] Failed to build match row: Senegal vs Democratic Republic of the Congo
[4095217] Could not find attributes for saman ghoddos (Brentford Football Club, 2023)
[3433245] Could not find attributes for matteo ruggeri (Atalanta Bergamasca Calcio S.p.a., 2020)
[4095217] Failed to build match row: Brighton and Hove Albion Football Club vs Brentford Football Club
[3433245] Failed to build match row: Atalanta Bergamasca Calcio S.p.a. vs Football Club Internazionale Milano S.p.A.
[4373611] Failed to scrape lineup: https://www.transfermarkt.co.uk/sc-freiburg_bayern-munich/index/spielbericht/4373611
[3518102] Failed to scrape lineup: https://www.transfermarkt.co.uk/spielbericht/index/spielbericht/3518102

Keepers & outfield error for **Football Club Volendam** in Football Club Volendam vs Fortuna Sittardia Combinatie: Numbers: 2 and 9.
[4098100] Failed to build match row: Football Club Volendam vs Fortuna Sittardia Combinatie
[3872612] Failed to scrape lineup: https://www.transfermarkt.co.uk/spielbericht/index/spielbericht/3872612
[3415531] Failed to scrape lineup: https://www.transfermarkt.co.uk/rsc-anderlecht_club-brugge-kv/index/spielbericht/3415531
[4396821] Could not find attributes for sandro cruz (Gil Vicente Futebol Clube, 2024)
[4396821] Failed to build match row: SC Farense vs Gil Vicente Futebol Clube
ssociatie Gent, 2023)
[4627334] Could not find attributes for bafode dansoko (Fussballclub Winterthur, 2025)
[4243794] Failed to build match row: Koninklijke Atletiek Associatie Gent vs Maccabi Haifa
[4408323] Could not find attributes for vitaliy gudiev (Fakel Voronezh, 2024)
[4627334] Failed to build match row: Fussballclub Winterthur vs FC Basel 1893 AG
[4408323] Failed to build match row: Fakel Voronezh vs RFK Akhmat Grozny
[4625291] Could not find attributes for marko malenica (NK Osijek s.d.d., 2025)

Keepers & outfield error for **Rio Ave Futebol Clube** in Futebol Clube de Arouca vs Rio Ave Futebol Clube: Numbers: 2 and 9.
[4625291] Failed to build match row: NK Osijek s.d.d. vs HNK Gorica
[4521426] Could not find attributes for sung ryong jung (Kawasaki Frontale, 2024)
[4109372] Failed to build match row: Futebol Clube de Arouca vs Rio Ave Futebol Clube
[4521426] Failed to build match row: Kawasaki Frontale vs Yokohama Marinos
[4363745] Could not find attributes for adrien thomasson (Racing Club de Lens, 2024)
[4363745] Failed to build match row: Angers Sporting Club de l'Ouest vs Racing Club de Lens
[3613035] Could not find attributes for halil dervisoglu (Galatasaray Spor Kulübü, 2021)
[3613035] Failed to build match row: Hatayspor vs Galatasaray Spor Kulübü
[3427002] Could not find attributes for anton maglica (Kayserispor Kulübü, 2020)
[3427002] Failed to build match row: Kasımpaşa A.Ş. vs Kayserispor Kulübü
[3602629] Could not find attributes for ilya pomazun (Ural Yekaterinburg, 2021)
[3602629] Failed to build match row: Ural Yekaterinburg vs FK Spartak Moskva
[4120780] Could not find attributes for oleg kudryk (FK Polissya Zhytomyr, 2023)
[4120780] Failed to build match row: FK Polissya Zhytomyr vs FC Zorya Lugansk
[4376671] Failed to scrape lineup: https://www.transfermarkt.co.uk/st-johnstone-fc_kilmarnock-fc/index/spielbericht/4376671
[4547655] Failed to scrape lineup: https://www.transfermarkt.co.uk/spielbericht/index/spielbericht/4547655
[4056157] Could not find attributes for mikhail kerzhakov (AO FK Zenit Sankt-Peterburg, 2022)
[4056157] Failed to build match row: AO FK Zenit Sankt-Peterburg vs FK Dinamo Moskva
[3890177] Could not find attributes for adam devine (Rangers Football Club, 2022)
[3890177] Failed to build match row: Rangers Football Club vs Hibernian Football Club
[3947773] Failed to scrape lineup: https://www.transfermarkt.co.uk/spielbericht/index/spielbericht/3947773
[4642915] Could not find attributes for beres owusu (Grazer Athletiksport Klub 1902, 2025)
[4642915] Failed to build match row: Grazer Athletiksport Klub 1902 vs Sportklub Rapid
[3433246] Could not find attributes for jeff chabot (Spezia Calcio, 2020)
[3433246] Failed to build match row: Benevento Calcio vs Spezia Calcio
[4647889] Could not find attributes for utku eris (Konyaspor, 2025)
[4647889] Failed to build match row: Fatih Karagümrük Sportif Faaliyetler San. Tic. A.Ş. vs Konyaspor
[4373612] Could not find attributes for alexis claude maurice (Fußball-Club Augsburg 1907, 2024)
[4373612] Failed to build match row: Fußball-Club Augsburg 1907 vs 1. Fußballclub Heidenheim 1846
[4466376] Could not find attributes for sean fagan (East Kilbride FC, 2024)
[4466376] Failed to build match row: East Kilbride FC vs Bonnyrigg Rose FC
[4408324] Could not find attributes for nikita medvedev (FK Nizhny Novgorod, 2024)
[3598005] Could not find attributes for charlison benschop (Fortuna Sittardia Combinatie, 2021)
[4408324] Failed to build match row: FK Nizhny Novgorod vs FC Orenburg
[3598005] Failed to build match row: Fortuna Sittardia Combinatie vs Willem II Tilburg
[3415532] Could not find attributes for nordin jackers (SK Beveren, 2020)
[3415532] Failed to build match row: SK Beveren vs KV Kortrijk

Keepers & outfield error for **SC Farense** in Sport Lisboa e Benfica vs SC Farense: Numbers: 2 and 9.
[4109373] Failed to build match row: Sport Lisboa e Benfica vs SC Farense

Keepers & outfield error for **Football Club de Nantes** in Toulouse Football Club vs Football Club de Nantes: Numbers: 2 and 9.
[4363746] Failed to build match row: Toulouse Football Club vs Football Club de Nantes
[4521427] Could not find attributes for daiya maekawa (Rakuten Vissel Kobe, 2024)
[3621459] Could not find attributes for paulinho (Moreirense Futebol Clube, 2021)
[4743109] Could not find attributes for ramon beens (SC Genemuiden, 2025)
[4521427] Failed to build match row: Rakuten Vissel Kobe vs Sanfrecce Hiroshima
[3872613] Could not find attributes for ilir blakcori (FC Drita, 2022)
[4814099] Could not find attributes for joni montiel (Qarabağ FK, 2025)
[4743109] Failed to build match row: SC Genemuiden vs RKSV Halsteren
[3621459] Failed to build match row: Moreirense Futebol Clube vs Portimonense SC
[3872613] Failed to build match row: FC Drita vs Royal Antwerp Football Club

Keepers & outfield error for **Sporting Clube de Portugal** in Rio Ave Futebol Clube vs Sporting Clube de Portugal: Numbers: 0 and 11.
[4814099] Failed to build match row: Qarabağ FK vs Newcastle United Football Club
[4627335] Could not find attributes for flavius daniliuc (FC Basel 1893 AG, 2025)
[4396822] Failed to build match row: Rio Ave Futebol Clube vs Sporting Clube de Portugal
[4627335] Failed to build match row: FC Basel 1893 AG vs Football Club Lausanne-Sport
[4625292] Could not find attributes for martin zlomislic (Hrvatski Nogometni Klub Rijeka, 2025)
[3716581] Could not find attributes for luca ferrone (CD Atlético Baleares, 2021)

Keepers & outfield error for **Atalanta Bergamasca Calcio S.p.a.** in Società Sportiva Calcio Napoli vs Atalanta Bergamasca Calcio S.p.a.: Numbers: 2 and 9.
[3716581] Failed to build match row: CD Atlético Baleares vs Celta
[3602630] Could not find attributes for ruslan litvinov (FK Spartak Moskva, 2021)
[4625292] Failed to build match row: Hrvatski Nogometni Klub Rijeka vs NK Istra 1961
[3602630] Failed to build match row: FK Spartak Moskva vs AO FK Zenit Sankt-Peterburg
[4620807] Failed to build match row: Società Sportiva Calcio Napoli vs Atalanta Bergamasca Calcio S.p.a.
[4098102] Could not find attributes for oliver braude (Sportclub Heerenveen, 2023)
[3462360] Could not find attributes for bakhtiyor zaynutdinov (PFK CSKA Moskva, 2020)
[4367987] Could not find attributes for terence kongolo (Nooit Opgeven Altijd Doorzetten Aangenaam Door Vermaak En Nuttig Door Ontspanning Combinatie Breda, 2024)
[4649158] Could not find attributes for danel dongmo (Fotbal Club Petrolul Ploiești, 2025)
[4098102] Failed to build match row: Vitesse Arnhem vs Sportclub Heerenveen
[3462360] Failed to build match row: PFK CSKA Moskva vs RZ Pellets Wolfsberger Athletiksport Club
[4649158] Failed to build match row: Asociația Fotbal Club Botoșani vs Fotbal Club Petrolul Ploiești
[4367987] Failed to build match row: Go Ahead Eagles vs Nooit Opgeven Altijd Doorzetten Aangenaam Door Vermaak En Nuttig Door Ontspanning Combinatie Breda
[3838797] Could not find attributes for serge aurier (Nottingham Forest Football Club, 2022)
[3613036] Could not find attributes for ozkan yigiter (Sivasspor, 2021)
[3838797] Failed to build match row: Nottingham Forest Football Club vs Leicester City
[3613036] Failed to build match row: Sivasspor vs Trabzonspor Kulübü
[3519510] Could not find attributes for yasser ibrahim (Al Ahly FC, 2020)
[3519510] Failed to build match row: Al Ahly FC vs Sociedade Esportiva Palmeiras

Keepers & outfield error for **Associazione Sportiva Roma** in Associazione Sportiva Roma vs Genoa Cricket and Football Club: Numbers: 0 and 11.
[3947774] Failed to build match row: Associazione Sportiva Roma vs Genoa Cricket and Football Club
[4373613] Could not find attributes for tiago tomas (Verein für Leibesübungen Wolfsburg, 2024)
[4373613] Failed to build match row: Verein für Leibesübungen Wolfsburg vs Holstein Kiel
[4056158] Could not find attributes for ilya pomazun (Ural Yekaterinburg, 2022)
[4056158] Failed to build match row: Ural Yekaterinburg vs FK Rostov
[4638787] Could not find attributes for nikolaj moller (Dundee United Football Club, 2025)
[4638787] Failed to build match row: Dundee United Football Club vs Saint Mirren Football Club
[4680820] Could not find attributes for marcel dandjinou (Benin, 2025)
[4680820] Failed to build match row: Benin vs Botswana
[3450751] Could not find attributes for meritan shabani (VVV-Venlo, 2020)
[4642916] Could not find attributes for tom ritzy hulsmann (Turn- und Sportverein Egger Glas Hartberg, 2025)
[3450751] Failed to build match row: VVV-Venlo vs Fortuna Sittardia Combinatie
d Sportverein Egger Glas Hartberg
[4408325] Could not find attributes for timur magomedov (Dinamo Makhachkala, 2024)
[3844837] Could not find attributes for giuseppe pezzella (Unione Sportiva Lecce, 2022)
[4408325] Failed to build match row: Dinamo Makhachkala vs FC Khimki (-2025)
[3844837] Failed to build match row: Bologna Football Club 1909 vs Unione Sportiva Lecce
[4120781] Could not find attributes for kiril fesyun (FK Kolos Kovalivka, 2023)
[4120781] Failed to build match row: Futbolniy Klub Dynamo Kyiv vs FK Kolos Kovalivka
[4798341] Could not find attributes for lautaro petruchi (Club Atlético Gimnasia y Esgrima de Mendoza, 2025)
[3652880] Could not find attributes for cameron yuill (Golspie Sutherland FC, 2021)
[3652880] Failed to build match row: Golspie Sutherland FC vs Civil Service Strollers FC
[4798341] Failed to build match row: Club Atlético Gimnasia y Esgrima de Mendoza vs Club Atlético Independiente de Avellaneda
[4620808] Failed to scrape lineup: https://www.transfermarkt.co.uk/us-sassuolo_pisa-sporting-club/index/spielbericht/4620808
[4521428] Could not find attributes for tomoki hayakawa (Kashima Antlers FC, 2024)
[4521428] Failed to build match row: Kashima Antlers FC vs Nagoya Grampus Eight
[4627336] Could not find attributes for miroslav stevanovic (Servette Football Club 1890 SA, 2025)
[4627336] Failed to build match row: FC Lugano vs Servette Football Club 1890 SA
[4547667] Could not find attributes for david grof (Ferencvárosi TC, 2024)
[4547667] Failed to build match row: Ferencvárosi TC vs FC Viktoria Plzeň, a.s.

Keepers & outfield error for **Vitória Sport Clube** in Vitória Sport Clube vs Sporting Clube de Portugal: Numbers: 0 and 11.
[4109374] Failed to build match row: Vitória Sport Clube vs Sporting Clube de Portugal
[3947819] Could not find attributes for bogdan kogut (NK Veres Rivne, 2022)
[3462361] Could not find attributes for uros spajic (Feyenoord Rotterdam, 2020)
[3947819] Failed to build match row: NK Veres Rivne vs FC Shakhtar Donetsk
[3462361] Failed to build match row: Feyenoord Rotterdam vs GNK Dinamo Zagreb
[3433248] Could not find attributes for gabriele zappa (Cagliari Calcio, 2020)
[3433248] Failed to build match row: Cagliari Calcio vs UC Sampdoria
[4625293] Could not find attributes for oliver zelenika (NK Varazdin, 2025)
[4625293] Failed to build match row: NK Varazdin vs HNK Vukovar 1991
[3852797] Could not find attributes for ben rienstra (SC Cambuur Leeuwarden, 2022)
[3852797] Failed to build match row: Sparta Rotterdam vs SC Cambuur Leeuwarden
[4396823] Could not find attributes for sandro cruz (Gil Vicente Futebol Clube, 2024)
[4396823] Failed to build match row: Gil Vicente Futebol Clube vs Futebol Clube do Porto
[3598007] Failed to scrape lineup: https://www.transfermarkt.co.uk/pec-zwolle_feyenoord-rotterdam/index/spielbericht/3598007
[3621461] Failed to scrape lineup: https://www.transfermarkt.co.uk/b-sad_estoril-praia/index/spielbericht/3621461
[4408326] Could not find attributes for evgeniy latyshonok (AO FK Zenit Sankt-Peterburg, 2024)
[4408326] Failed to build match row: AO FK Zenit Sankt-Peterburg vs FC Khimki (-2025)
[4367988] Could not find attributes for suf podgoreanu (Heracles Almelo, 2024)
[4367988] Failed to build match row: Heracles Almelo vs Football Club Groningen
[4098104] Failed to scrape lineup: https://www.transfermarkt.co.uk/rkc-waalwijk_go-ahead-eagles/index/spielbericht/4098104
[4244599] Could not find attributes for shusaku nishikawa (Urawa Red Diamonds, 2023)
[4244599] Failed to build match row: Urawa Red Diamonds vs Al Ahly FC
[3613037] Could not find attributes for mohammad naderi (Altay SK, 2021)
[3613037] Failed to build match row: Altay SK vs Alanyaspor
[3716583] Could not find attributes for srdjan babic (UD Almería, 2021)
[3716583] Failed to build match row: UD Almería vs Elche Club de Fútbol S.A.D.
[4743110] Could not find attributes for swen verswijveren (FC Lisse, 2025)
[3462362] Failed to scrape lineup: https://www.transfermarkt.co.uk/spielbericht/index/spielbericht/3462362
[4627337] Could not find attributes for maximilian ullmann (Grasshopper Club Zürich, 2025)
[4743110] Failed to build match row: FC Lisse vs Sportclub Telstar
[4627337] Failed to build match row: FC Sion vs Grasshopper Club Zürich
[4521430] Could not find attributes for ryosuke kojima (Hitachi Kashiwa Reysol, 2024)
[4521430] Failed to build match row: Hitachi Kashiwa Reysol vs Albirex Niigata
[4396824] Failed to scrape lineup: https://www.transfermarkt.co.uk/cd-santa-clara_gd-estoril-praia/index/spielbericht/4396824
[3427003] Could not find attributes for enner valencia (Fenerbahçe Spor Kulübü, 2020)
[3427003] Failed to build match row: Fenerbahçe Spor Kulübü vs Çaykur Rizespor Kulübü
[4466377] Could not find attributes for allan fleming (East Fife FC, 2024)
[4466377] Failed to build match row: East Fife FC vs Banks O' Dee FC
[4649159] Could not find attributes for wilhelm loeper (Asociația Futball Klub Csíkszereda Miercurea Ciuc, 2025)

Keepers & outfield error for **Pisa Sporting Club** in Frosinone Calcio vs Pisa Sporting Club: Numbers: 0 and 11.
[4649159] Failed to build match row: Asociația Futball Klub Csíkszereda Miercurea Ciuc vs F.C.V. Farul Constanța SA
[4363747] Could not find attributes for yunis abdelhamid (AS Saint-Étienne, 2024)
[4137124] Failed to build match row: Frosinone Calcio vs Pisa Sporting Club
[4363747] Failed to build match row: Association sportive de Monaco Football Club vs AS Saint-Étienne
[3602631] Could not find attributes for sergey pesjakov (FK Rostov, 2021)
[4428854] Could not find attributes for nick akoto (Burton Albion, 2023)
[4428854] Failed to build match row: Burton Albion vs Blackpool FC
[3602631] Failed to build match row: FK Rostov vs FC Khimki (-2025)

Keepers & outfield error for **Newcastle United Football Club** in Newcastle United Football Club vs Fulham Football Club: Numbers: 2 and 9.
[3598008] Could not find attributes for vurnon anita (RKC Waalwijk, 2021)
[4638789] Could not find attributes for alexander schwolow (Heart of Midlothian Football Club, 2025)
[4642918] Could not find attributes for beres owusu (Grazer Athletiksport Klub 1902, 2025)
[3433249] Could not find attributes for gianluca scamacca (Genoa Cricket and Football Club, 2020)
[4638789] Failed to build match row: Heart of Midlothian Football Club vs The Celtic Football Club
[3598008] Failed to build match row: RKC Waalwijk vs Sportclub Heerenveen

Keepers & outfield error for **CS Marítimo** in CS Marítimo vs Clube Desportivo Santa Clara: Numbers: 0 and 11.
[4620809] Could not find attributes for alvaro morata (Calcio Como, 2025)

Keepers & outfield error for **Manchester City Football Club** in Manchester City Football Club vs Fluminense Football Club: Numbers: 0 and 11.
[3433249] Failed to build match row: Genoa Cricket and Football Club vs Associazione Sportiva Roma
[3838798] Failed to build match row: Newcastle United Football Club vs Fulham Football Club
[4244600] Failed to build match row: Manchester City Football Club vs Fluminense Football Club
[3621462] Failed to build match row: CS Marítimo vs Clube Desportivo Santa Clara
[4620809] Failed to build match row: Torino Calcio vs Calcio Como
[4642918] Failed to build match row: Sportvereinigung Ried 1912 vs Grazer Athletiksport Klub 1902
[4376674] Failed to scrape lineup: https://www.transfermarkt.co.uk/dundee-united-fc_heart-of-midlothian-fc/index/spielbericht/4376674
[3450752] Could not find attributes for slobodan tedic (Prins Hendrik Ende Desespereert Nimmer Combinatie Zwolle, 2020)
[3450752] Failed to build match row: Prins Hendrik Ende Desespereert Nimmer Combinatie Zwolle vs ADO Den Haag
[4680821] Could not find attributes for marcel dandjinou (Benin, 2025)
[4680821] Failed to build match row: Benin vs Senegal

Keepers & outfield error for **Football Club Volendam** in Football Club Volendam vs Sparta Rotterdam: Numbers: 2 and 9.
[4547669] Could not find attributes for ousseynou niang (Royale Union Saint-Gilloise, 2024)
[4098105] Failed to build match row: Football Club Volendam vs Sparta Rotterdam
[3613038] Could not find attributes for yunus akgun (Adana Demirspor, 2021)
[4120782] Could not find attributes for mykyta shevchenko (FC Oleksandriya, 2023)
[3613038] Failed to build match row: Adana Demirspor vs Kayserispor Kulübü
[4547669] Failed to build match row: Royale Union Saint-Gilloise vs AFC Ajax Amsterdam
[3852798] Could not find attributes for jorg schreuders (Football Club Groningen, 2022)
[4120782] Failed to build match row: FC Oleksandriya vs FC Rukh Lviv
[4647891] Could not find attributes for youssef ait bennasser (Kayserispor Kulübü, 2025)
[3852798] Failed to build match row: Vitesse Arnhem vs Football Club Groningen
[4647891] Failed to build match row: Fenerbahçe Spor Kulübü vs Kayserispor Kulübü
[3652881] Could not find attributes for kyle dalling (Huntly FC, 2021)
[3716584] Could not find attributes for bebe (Rayo Vallecano de Madrid S. A. D., 2021)
[3652881] Failed to build match row: Huntly FC vs Hill of Beath Hawthorn
[4466571] Failed to scrape lineup: https://www.transfermarkt.co.uk/spielbericht/index/spielbericht/4466571
[3716584] Failed to build match row: CD Mirandés vs Rayo Vallecano de Madrid S. A. D.
[3947820] Could not find attributes for sergiy sydorchuk (Futbolniy Klub Dynamo Kyiv, 2022)
[3947820] Failed to build match row: Futbolniy Klub Dynamo Kyiv vs FC Oleksandriya
[4408327] Could not find attributes for stanislav agkatsev (FK Krasnodar, 2024)
[4408327] Failed to build match row: FK Krasnodar vs RFK Akhmat Grozny
[4095219] Failed to scrape lineup: https://www.transfermarkt.co.uk/fulham-fc_nottingham-forest/index/spielbericht/4095219
[3462363] Could not find attributes for radovan pankov (Fudbalski klub Crvena zvezda Beograd, 2020)
[3462363] Failed to build match row: Fudbalski klub Crvena zvezda Beograd vs Turn- und Sportgemeinschaft 1899 Hoffenheim Fußball-Spielbetriebs

Keepers & outfield error for **Boavista FC** in Boavista FC vs Casa Pia Atlético Clube: Numbers: 0 and 11.
[4396825] Failed to build match row: Boavista FC vs Casa Pia Atlético Clube
[4798343] Failed to scrape lineup: https://www.transfermarkt.co.uk/club-atletico-platense_defensa-y-justicia/index/spielbericht/4798343
[4137125] Failed to scrape lineup: https://www.transfermarkt.co.uk/spielbericht/index/spielbericht/4137125
[3872614] Could not find attributes for lumbardh dellova (FC Ballkani, 2022)
[3872614] Failed to build match row: FC Ballkani vs La Fiorita 1967
[4642919] Could not find attributes for joao tornich (Linzer Athletik-Sport-Klub, 2025)
[4642919] Failed to build match row: RZ Pellets Wolfsberger Athletiksport Club vs Linzer Athletik-Sport-Klub
[3598009] Could not find attributes for andre onana (AFC Ajax Amsterdam, 2021)
[3598009] Failed to build match row: SC Cambuur Leeuwarden vs AFC Ajax Amsterdam
[4367990] Could not find attributes for faissal al mazyani (RKC Waalwijk, 2024)
[4367990] Failed to build match row: RKC Waalwijk vs Prins Hendrik Ende Desespereert Nimmer Combinatie Zwolle
[3947821] Could not find attributes for oleksiy palamarchuk (Ingulets Petrove, 2022)
[3947821] Failed to build match row: Ingulets Petrove vs FC Zorya Lugansk

Keepers & outfield error for **Everton Football Club** in Crystal Palace Football Club vs Everton Football Club: Numbers: 0 and 11.
[4246466] Failed to build match row: Crystal Palace Football Club vs Everton Football Club
[3450753] Could not find attributes for ismail azzaoui (Heracles Almelo, 2020)
[3450753] Failed to build match row: Heracles Almelo vs AFC Ajax Amsterdam
[3415534] Could not find attributes for xadas (Royal Excel Mouscron (-2022), 2020)
[3415534] Failed to build match row: Club Brugge Koninklijke Voetbalvereniging vs Royal Excel Mouscron (-2022)
[3613039] Could not find attributes for konrad michalak (Konyaspor, 2021)
[3613039] Failed to build match row: İstanbul Başakşehir Futbol Kulübü vs Konyaspor
[4098106] Could not find attributes for robin propper (Football Club Twente, 2023)
[4098106] Failed to build match row: Football Club Twente vs Nijmegen Eendracht Combinatie
[4120783] Could not find attributes for irakli azarovi (FC Shakhtar Donetsk, 2023)
[4120783] Failed to build match row: FC Shakhtar Donetsk vs Chornomorets Odesa
[4680822] Could not find attributes for goitseone phoko (Botswana, 2025)
[4521431] Could not find attributes for taishi brandon nozawa (Tokyo Football Club, 2024)
[4680822] Failed to build match row: Botswana vs Democratic Republic of the Congo
[4743111] Could not find attributes for kevin ringeling (Excelsior Maassluis, 2025)
[4521431] Failed to build match row: Tokyo Football Club vs Gamba Osaka

Keepers & outfield error for **Galatasaray Spor Kulübü** in Alkmaar Zaanstreek vs Galatasaray Spor Kulübü: Numbers: 2 and 9.
[4547670] Failed to build match row: Alkmaar Zaanstreek vs Galatasaray Spor Kulübü
[4743111] Failed to build match row: Excelsior Maassluis vs Excelsior Rotterdam
[4396826] Could not find attributes for lazar carevic (Futebol Clube de Famalicão, 2024)
[3947822] Failed to scrape lineup: https://www.transfermarkt.co.uk/kolos-kovalivka_sc-dnipro-1/index/spielbericht/3947822
[4396826] Failed to build match row: Sport Lisboa e Benfica vs Futebol Clube de Famalicão
schede-fc/index/spielbericht/3450754
[4408328] Could not find attributes for igor akinfeev (PFK CSKA Moskva, 2024)
[4408328] Failed to build match row: PFK CSKA Moskva vs PFK Krylya Sovetov Samara

Keepers & outfield error for **FC Empoli** in FC Empoli vs AS Cittadella: Numbers: 2 and 9.
[4137126] Failed to build match row: FC Empoli vs AS Cittadella
[3613040] Failed to scrape lineup: https://www.transfermarkt.co.uk/antalyaspor_fenerbahce/index/spielbericht/3613040

Keepers & outfield error for **Fotbal Club CFR 1907 Cluj SA** in Fotbal Club CFR 1907 Cluj SA vs CSKA-Sofia: Numbers: 2 and 9.
[4056159] Failed to scrape lineup: https://www.transfermarkt.co.uk/fc-pari-nizhniy-novgorod_krylya-sovetov-samara/index/spielbericht/4056159
[3427004] Failed to scrape lineup: https://www.transfermarkt.co.uk/basaksehir-fk_hatayspor/index/spielbericht/3427004
[3462364] Failed to build match row: Fotbal Club CFR 1907 Cluj SA vs CSKA-Sofia
[3415535] Could not find attributes for zinho gano (KV Kortrijk, 2020)
[3415535] Failed to build match row: KV Kortrijk vs Yellow-Red Koninklijke Voetbalclub Mechelen
[4743112] Failed to scrape lineup: https://www.transfermarkt.co.uk/spielbericht/index/spielbericht/4743112
[4547671] Failed to scrape lineup: https://www.transfermarkt.co.uk/spielbericht/index/spielbericht/4547671
[4172238] Could not find attributes for odmar faero (KÍ Klaksvík, 2023)
[4361445] Failed to scrape lineup: https://www.transfermarkt.co.uk/manchester-united_everton-fc/index/spielbericht/4361445
[4172238] Failed to build match row: KÍ Klaksvík vs Lille Olympique Sporting Club
[4649161] Could not find attributes for teodor lungu (Asociația Fotbal Club Unirea 04 Slobozia, 2025)
[4649161] Failed to build match row: Asociația Clubul Sportiv Campionii Fotbal Club Argeș vs Asociația Fotbal Club Unirea 04 Slobozia
[3598010] Could not find attributes for joeri de kamps (Sparta Rotterdam, 2021)
[3598010] Failed to build match row: Sparta Rotterdam vs Go Ahead Eagles
[3716585] Could not find attributes for jerome prior (FC Cartagena, 2021)
[3716585] Failed to build match row: FC Cartagena vs Valencia Club de Fútbol S. A. D.
[4638791] Could not find attributes for jack butland (Rangers Football Club, 2025)
[4638791] Failed to build match row: Rangers Football Club vs Kilmarnock Football Club

Keepers & outfield error for **Ross County FC** in Kilmarnock Football Club vs Ross County FC: Numbers: 0 and 11.
[4376676] Failed to build match row: Kilmarnock Football Club vs Ross County FC
[3621463] Could not find attributes for omri altman (Futebol Clube de Arouca, 2021)
[3621463] Failed to build match row: Futebol Clube de Arouca vs FC Vizela

Keepers & outfield error for **Sporting Clube de Braga** in Club Football Estrela da Amadora vs Sporting Clube de Braga: Numbers: 0 and 11.
[4396827] Failed to build match row: Club Football Estrela da Amadora vs Sporting Clube de Braga
[4521432] Could not find attributes for kaito chida (Tokyo Verdy, 2024)
[4521432] Failed to build match row: Tokyo Verdy vs Cerezo Osaka
[3602632] Failed to scrape lineup: https://www.transfermarkt.co.uk/fc-krasnodar_cska-moscow/index/spielbericht/3602632
[4814102] Failed to scrape lineup: https://www.transfermarkt.co.uk/spielbericht/index/spielbericht/4814102
[3519645] Could not find attributes for nemanja cavnic (BK Fremad Amager, 2020)
[3519645] Failed to build match row: BK Fremad Amager vs Sønderjyske Fodbold
[4428855] Could not find attributes for dajaune brown (Derby County, 2023)
[4428855] Failed to build match row: Derby County vs Chesterfield FC

Keepers & outfield error for **Southampton FC** in Everton Football Club vs Southampton FC: Numbers: 2 and 9.

Keepers & outfield error for **FC Zürich** in FC Zürich vs Fussballclub Winterthur: Numbers: 2 and 9.
[3838800] Failed to build match row: Everton Football Club vs Southampton FC
[4627340] Failed to build match row: FC Zürich vs Fussballclub Winterthur
[4367991] Could not find attributes for marvin young (Sparta Rotterdam, 2024)
[4367991] Failed to build match row: Sparta Rotterdam vs AFC Ajax Amsterdam
[4620810] Failed to scrape lineup: https://www.transfermarkt.co.uk/udinese-calcio_bologna-fc-1909/index/spielbericht/4620810
[4120784] Could not find attributes for danylo varakuta (Chornomorets Odesa, 2023)
[4120784] Failed to build match row: Chornomorets Odesa vs TOV FK Metalist 1925 Kharkiv
[4376677] Failed to scrape lineup: https://www.transfermarkt.co.uk/motherwell-fc_aberdeen-fc/index/spielbericht/4376677
[4466572] Could not find attributes for luke gillies (Auchinleck Talbot FC, 2024)
[4109377] Failed to scrape lineup: https://www.transfermarkt.co.uk/sporting-cp_gil-vicente-fc/index/spielbericht/4109377
[4466572] Failed to build match row: Auchinleck Talbot FC vs Broxburn Athletic FC
[4095221] Could not find attributes for wes foderingham (Sheffield United, 2023)
[4547672] Could not find attributes for yusuf akcicek (Fenerbahçe Spor Kulübü, 2024)
[4056160] Could not find attributes for giorgiy shelia (RFK Akhmat Grozny, 2022)
[4056160] Failed to build match row: RFK Akhmat Grozny vs FK Sochi
[3427005] Could not find attributes for kevin mirallas (Gaziantep Futbol Kulübü A.Ş., 2020)
[4547672] Failed to build match row: Fenerbahçe Spor Kulübü vs Royal Sporting Club Anderlecht
[4095221] Failed to build match row: Sheffield United vs Liverpool Football Club

Keepers & outfield error for **SC Cambuur Leeuwarden** in SC Cambuur Leeuwarden vs RKC Waalwijk: Numbers: 2 and 9.
[3852800] Failed to build match row: SC Cambuur Leeuwarden vs RKC Waalwijk
[3427005] Failed to build match row: Gaziantep Futbol Kulübü A.Ş. vs Galatasaray Spor Kulübü

Keepers & outfield error for **Sporting Gijón** in Sporting Gijón vs Villarreal Club de Fútbol S.A.D.: Numbers: 2 and 9.
[3589107] Could not find attributes for nicolas de preville (Football Club de Metz, 2021)
[3716586] Failed to build match row: Sporting Gijón vs Villarreal Club de Fútbol S.A.D.
[4647892] Could not find attributes for ricardo velho (Gençlerbirliği Spor Kulübü, 2025)
[3589107] Failed to build match row: Angers Sporting Club de l'Ouest vs Football Club de Metz
[3598011] Could not find attributes for vurnon anita (RKC Waalwijk, 2021)
[4647892] Failed to build match row: Gençlerbirliği Spor Kulübü vs İstanbul Başakşehir Futbol Kulübü
[3433251] Could not find attributes for matteo lovato (Verona Hellas Football Club, 2020)
[3433251] Failed to build match row: Associazione Calcio Milan vs Verona Hellas Football Club
[3462365] Could not find attributes for riccardo calafiori (Associazione Sportiva Roma, 2020)
[3598011] Failed to build match row: Alkmaar Zaanstreek vs RKC Waalwijk
[3462365] Failed to build match row: Associazione Sportiva Roma vs Berner Sport Club Young Boys

Keepers & outfield error for **Club Atlético Newell’s Old Boys** in Club Atlético Newell’s Old Boys vs Club Estudiantes de La Plata: Numbers: 2 and 9.
[4798345] Failed to build match row: Club Atlético Newell’s Old Boys vs Club Estudiantes de La Plata
[4363749] Failed to scrape lineup: https://www.transfermarkt.co.uk/aj-auxerre_ogc-nice/index/spielbericht/4363749

Keepers & outfield error for **Associazione Sportiva Roma** in Associazione Sportiva Roma vs Società Sportiva Calcio Napoli: Numbers: 0 and 11.

Keepers & outfield error for **Heart of Midlothian Football Club** in Dundee United Football Club vs Heart of Midlothian Football Club: Numbers: 2 and 9.
[3844842] Failed to build match row: Associazione Sportiva Roma vs Società Sportiva Calcio Napoli
[4638792] Failed to build match row: Dundee United Football Club vs Heart of Midlothian Football Club
[4098107] Failed to scrape lineup: https://www.transfermarkt.co.uk/almere-city-fc_ajax-amsterdam/index/spielbericht/4098107
[4521434] Could not find attributes for gakuji ota (Kyoto Purple Sanga, 2024)
[4521434] Failed to build match row: Kyoto Purple Sanga vs Yokohama FC
[3415536] Could not find attributes for mamadou thiam (KV Oostende, 2020)
[3415536] Failed to build match row: KV Oostende vs Cercle Brugge Koninklijke Sportvereniging

Keepers & outfield error for **Fulham Football Club** in Fulham Football Club vs Rotherham United: Numbers: 2 and 9.
[4246468] Failed to build match row: Fulham Football Club vs Rotherham United
[4376678] Could not find attributes for bozo mikulic (St. Johnstone FC, 2024)
[4376678] Failed to build match row: St. Johnstone FC vs Dundee Football Club
[4627341] Could not find attributes for flavius daniliuc (FC Basel 1893 AG, 2025)
[4627341] Failed to build match row: FC Luzern vs FC Basel 1893 AG

Keepers & outfield error for **SC Farense** in Moreirense Futebol Clube vs SC Farense: Numbers: 0 and 11.
[4172239] Failed to scrape lineup: https://www.transfermarkt.co.uk/spielbericht/index/spielbericht/4172239
[4396828] Failed to build match row: Moreirense Futebol Clube vs SC Farense
[4649163] Could not find attributes for matei popa (SC Fotbal Club FCSB SA, 2025)
[3613042] Could not find attributes for burak bekaroglu (Fatih Karagümrük Sportif Faaliyetler San. Tic. A.Ş., 2021)
[3613042] Failed to build match row: Fatih Karagümrük Sportif Faaliyetler San. Tic. A.Ş. vs Çaykur Rizespor Kulübü
[4649163] Failed to build match row: Asociația Fotbal Club UTA Arad vs SC Fotbal Club FCSB SA
[4680823] Could not find attributes for baghdad bounedjah (Algeria, 2025)
[4680823] Failed to build match row: Algeria vs Sudan

Keepers & outfield error for **Rio Ave Futebol Clube** in Rio Ave Futebol Clube vs Club Football Estrela da Amadora: Numbers: 2 and 9.
[4547673] Could not find attributes for soualiho meite (Panthessalonikios Athlitikos Omilos Konstantinoupoliton, 2024)
[4109378] Failed to build match row: Rio Ave Futebol Clube vs Club Football Estrela da Amadora
[4547673] Failed to build match row: Panthessalonikios Athlitikos Omilos Konstantinoupoliton vs SC Fotbal Club FCSB SA
[3415537] Could not find attributes for mousa tamari (Oud-Heverlee Leuven, 2020)
[3415537] Failed to build match row: Oud-Heverlee Leuven vs SK Beveren
[4428856] Failed to scrape lineup: https://www.transfermarkt.co.uk/spielbericht/index/spielbericht/4428856
[3519646] Failed to scrape lineup: https://www.transfermarkt.co.uk/spielbericht/index/spielbericht/3519646
[4798346] Could not find attributes for francisco romero (Asociación Atlética Estudiantes, 2025)
[3872615] Could not find attributes for henry cowans (Newtown AFC, 2022)
[4798346] Failed to build match row: Asociación Atlética Estudiantes vs Club Atlético Huracán
[3872615] Failed to build match row: Newtown AFC vs Spartak Trnava
[3652882] Could not find attributes for kieran adams (Inverurie Loco Works FC, 2021)
[3652882] Failed to build match row: Inverurie Loco Works FC vs Jeanfield Swifts FC
[4396829] Could not find attributes for bruno varela (Vitória Sport Clube, 2024)
[4396829] Failed to build match row: Vitória Sport Clube vs Futebol Clube de Arouca
[3890179] Could not find attributes for orestis kiomourtzoglou (Heart of Midlothian Football Club, 2022)
[3890179] Failed to build match row: Aberdeen Football Club vs Heart of Midlothian Football Club
[4367992] Could not find attributes for lefteris lyratzis (Nijmegen Eendracht Combinatie, 2024)
[4367992] Failed to build match row: Willem II Tilburg vs Nijmegen Eendracht Combinatie
[4625294] Could not find attributes for denis kolinger (NK Lokomotiva Zagreb, 2025)
[4625294] Failed to build match row: HNK Hajduk Split vs NK Lokomotiva Zagreb
[4246469] Could not find attributes for vitinho (Burnley Football Club, 2023)
[4246469] Failed to build match row: Tottenham Hotspur Football Club vs Burnley Football Club
[4120785] Failed to scrape lineup: https://www.transfermarkt.co.uk/kolos-kovalivka_lnz-cherkasy/index/spielbericht/4120785
[3621465] Failed to scrape lineup: https://www.transfermarkt.co.uk/fc-porto_sl-benfica/index/spielbericht/3621465
[3450755] Failed to scrape lineup: https://www.transfermarkt.co.uk/rkc-waalwijk_heracles-almelo/index/spielbericht/3450755
[4647893] Failed to scrape lineup: https://www.transfermarkt.co.uk/kocaelispor_galatasaray/index/spielbericht/4647893
[3427006] Failed to scrape lineup: https://www.transfermarkt.co.uk/yeni-malatyaspor_fatih-karagumruk/index/spielbericht/3427006

Keepers & outfield error for **SC Farense** in SC Farense vs Vitória Sport Clube: Numbers: 2 and 9.
[4642920] Could not find attributes for dominik reiter (Fußballclub Blau-Weiß Linz, 2025)
[4109379] Failed to build match row: SC Farense vs Vitória Sport Clube
[4642920] Failed to build match row: Fußballclub Blau-Weiß Linz vs Sportclub Rheindorf Altach
[3613043] Could not find attributes for shapi suleymanov (Giresunspor, 2021)
[3613043] Failed to build match row: Trabzonspor Kulübü vs Giresunspor
[4627342] Could not find attributes for miroslav stevanovic (Servette Football Club 1890 SA, 2025)
[4627342] Failed to build match row: Servette Football Club 1890 SA vs Football Club Lausanne-Sport
[4098108] Failed to scrape lineup: https://www.transfermarkt.co.uk/feyenoord-rotterdam_az-alkmaar/index/spielbericht/4098108
[4625295] Could not find attributes for tino jukic (NK Lokomotiva Zagreb, 2025)
[4625295] Failed to build match row: NK Lokomotiva Zagreb vs GNK Dinamo Zagreb
[3598013] Could not find attributes for thom haye (Sportclub Heerenveen, 2021)
[4396830] Could not find attributes for luis esteves (Clube Desportivo Nacional, 2024)
[4396830] Failed to build match row: Clube Desportivo Nacional vs AVS Futebol SAD
[3598013] Failed to build match row: AFC Ajax Amsterdam vs Sportclub Heerenveen
[4743114] Could not find attributes for timo lutters (Sportlust '46, 2025)
[4743114] Failed to build match row: Sportlust '46 vs BVV Barendrecht
[3872616] Could not find attributes for connor peters (St Joseph's FC, 2022)
[3872616] Failed to build match row: SK Slavia Praha, a.s. vs St Joseph's FC

Keepers & outfield error for **Olympique de Marseille** in Lille Olympique Sporting Club vs Olympique de Marseille: Numbers: 2 and 9.
[4798347] Could not find attributes for leonel di placido (Club Atlético Tucumán, 2025)
[4798347] Failed to build match row: Club Atlético Belgrano vs Club Atlético Tucumán
[3589109] Failed to build match row: Lille Olympique Sporting Club vs Olympique de Marseille
[3852803] Could not find attributes for jan de boer (Football Club Groningen, 2022)
[3852803] Failed to build match row: Football Club Groningen vs Sparta Rotterdam
[4376680] Could not find attributes for oluwaseun adewumi (Dundee Football Club, 2024)
[4376680] Failed to build match row: Dundee Football Club vs Kilmarnock Football Club
[3613044] Could not find attributes for halil dervisoglu (Galatasaray Spor Kulübü, 2021)
[3613044] Failed to build match row: Galatasaray Spor Kulübü vs Kasımpaşa A.Ş.

Keepers & outfield error for **FC Paços de Ferreira** in FC Paços de Ferreira vs Clube Desportivo Santa Clara: Numbers: 0 and 11.
[3621466] Failed to build match row: FC Paços de Ferreira vs Clube Desportivo Santa Clara
[3415539] Could not find attributes for stipe radic (Beerschot VA, 2020)
[4649164] Could not find attributes for andrei coubis (Asociația Sportivă Fotbal Club Universitatea Cluj, 2025)
[4172240] Could not find attributes for vegard forren (KÍ Klaksvík, 2023)

Keepers & outfield error for **Football Club Utrecht** in Football Club Utrecht vs Willem II Tilburg: Numbers: 0 and 11.
[4649164] Failed to build match row: Asociația Sportivă Fotbal Club Universitatea Cluj vs SC Oţelul Galaţi
[3450756] Failed to build match row: Football Club Utrecht vs Willem II Tilburg
[4098109] Could not find attributes for yannick leliendal (Football Club Utrecht, 2023)
[4098109] Failed to build match row: Football Club Utrecht vs Excelsior Rotterdam
[4172240] Failed to build match row: KÍ Klaksvík vs NK Olimpija Ljubljana

Keepers & outfield error for **Fodbold Club Midtjylland** in Odense Boldklub vs Fodbold Club Midtjylland: Numbers: 2 and 9.
[3519647] Failed to build match row: Odense Boldklub vs Fodbold Club Midtjylland
[4246470] Could not find attributes for connor lemonheigh evans (AFC Wimbledon, 2023)
[4246470] Failed to build match row: AFC Wimbledon vs Ipswich Town

Keepers & outfield error for **Olympique Lyonnais** in Rennes vs Olympique Lyonnais: Numbers: 0 and 11.
[4363751] Failed to build match row: Rennes vs Olympique Lyonnais
[4647894] Could not find attributes for marcos felipe (Eyüp Spor Kulübü, 2025)
[4647894] Failed to build match row: Eyüp Spor Kulübü vs Antalyaspor
[4638795] Could not find attributes for jack butland (Rangers Football Club, 2025)
[4638795] Failed to build match row: Rangers Football Club vs Dundee Football Club
[3947823] Could not find attributes for orest kostyk (Metalist Kharkiv, 2022)
[3947823] Failed to build match row: Metalist Kharkiv vs TOV FK Metalist 1925 Kharkiv
[3652884] Failed to scrape lineup: https://www.transfermarkt.co.uk/spielbericht/index/spielbericht/3652884
[4408329] Could not find attributes for andrey lunev (FK Dinamo Moskva, 2024)
[4408329] Failed to build match row: FK Dinamo Moskva vs FC Rubin Kazan
[4521435] Could not find attributes for masaaki murakami (Avispa Fukuoka, 2024)
[4521435] Failed to build match row: Avispa Fukuoka vs Fagiano Okayama Sports Club
[3519648] Could not find attributes for denis kolinger (Vejle Boldklub, 2020)
[3519648] Failed to build match row: Vejle Boldklub vs Randers Fodbold Club
[4680824] Could not find attributes for issoufou dayo (Burkina Faso, 2025)
[4680824] Failed to build match row: Burkina Faso vs Equatorial Guinea
[4120786] Failed to scrape lineup: https://www.transfermarkt.co.uk/kryvbas-kryvyi-rig_polissya-zhytomyr/index/spielbericht/4120786
[4649165] Could not find attributes for bozhidar chorbadzhiyski (Asociația Fotbal Club Hermannstadt, 2025)

Keepers & outfield error for **Wolverhampton Wanderers Football Club** in Wolverhampton Wanderers Football Club vs Association Football Club Bournemouth: Numbers: 0 and 11.
[4649165] Failed to build match row: Asociația Fotbal Club Hermannstadt vs Asociația Fotbal Club Botoșani
[4361449] Failed to build match row: Wolverhampton Wanderers Football Club vs Association Football Club Bournemouth
[4625296] Could not find attributes for matej markovic (HNK Vukovar 1991, 2025)
[4625296] Failed to build match row: HNK Vukovar 1991 vs HNK Hajduk Split
[4172241] Could not find attributes for omri gandelman (Koninklijke Atletiek Associatie Gent, 2023)
[4172241] Failed to build match row: Koninklijke Atletiek Associatie Gent vs Maccabi Tel Aviv

Keepers & outfield error for **Vitória Sport Clube** in Vitória Sport Clube vs Boavista FC: Numbers: 0 and 11.
[3621467] Failed to build match row: Vitória Sport Clube vs Boavista FC
[3716587] Failed to scrape lineup: https://www.transfermarkt.co.uk/spielbericht/index/spielbericht/3716587
[4647895] Could not find attributes for cherif ndiaye (Samsunspor, 2025)
[4647895] Failed to build match row: Konyaspor vs Samsunspor
[3427007] Could not find attributes for angelo sagal (Denizlispor, 2020)
[3427007] Failed to build match row: Denizlispor vs Göztepe Sportif Yatırımlar A.Ş.
[4627344] Could not find attributes for bafode dansoko (Fussballclub Winterthur, 2025)
[4627344] Failed to build match row: Fussballclub Winterthur vs FC Thun
[3872617] Could not find attributes for matko obradovic (NS Mura, 2022)
[3872617] Failed to build match row: NS Mura vs St. Patrick's Athletic
[4521436] Could not find attributes for il gyu park (Yokohama Marinos, 2024)
[4814103] Failed to scrape lineup: https://www.transfermarkt.co.uk/spielbericht/index/spielbericht/4814103
[4521436] Failed to build match row: Yokohama Marinos vs S-Pulse
[4120787] Could not find attributes for pavlo isenko (Vorskla Poltava, 2023)
[4120787] Failed to build match row: Vorskla Poltava vs FC Minaj
[3947824] Could not find attributes for bogdan sarnavskyi (FK Kryvbas Kryvyi Rig, 2022)
[3947824] Failed to build match row: FK Kryvbas Kryvyi Rig vs Vorskla Poltava
[4408330] Could not find attributes for anton mitryushkin (Футбольный клуб "Локомотив" Москва, 2024)
[4408330] Failed to build match row: Футбольный клуб "Локомотив" Москва vs FK Nizhny Novgorod
[4172242] Could not find attributes for noah fadiga (Koninklijke Atletiek Associatie Gent, 2023)
[4172242] Failed to build match row: Koninklijke Atletiek Associatie Gent vs FC Zorya Lugansk
[4396831] Failed to scrape lineup: https://www.transfermarkt.co.uk/fc-famalicao_sc-farense/index/spielbericht/4396831
[4428857] Could not find attributes for luca barrington (Grimsby Town, 2023)
[4428857] Failed to build match row: Grimsby Town vs Bradford City
[4647896] Could not find attributes for rafa silva (Beşiktaş Jimnastik Kulübü, 2025)
[4647896] Failed to build match row: Beşiktaş Jimnastik Kulübü vs Fenerbahçe Spor Kulübü
[3613045] Could not find attributes for burak bekaroglu (Fatih Karagümrük Sportif Faaliyetler San. Tic. A.Ş., 2021)
[3613045] Failed to build match row: Fatih Karagümrük Sportif Faaliyetler San. Tic. A.Ş. vs Beşiktaş Jimnastik Kulübü
[3519649] Could not find attributes for tosin kehinde (Randers Fodbold Club, 2020)
[3519649] Failed to build match row: Randers Fodbold Club vs Vejle Boldklub

Keepers & outfield error for **Club Sportivo Independiente Rivadavia** in Racing Club Asociación Civil de Avellaneda vs Club Sportivo Independiente Rivadavia: Numbers: 0 and 11.
[4466573] Could not find attributes for matty allan (Forfar Athletic FC, 2024)
[4466573] Failed to build match row: Forfar Athletic FC vs Berwick Rangers FC
[4798348] Failed to build match row: Racing Club Asociación Civil de Avellaneda vs Club Sportivo Independiente Rivadavia
[4680825] Could not find attributes for samir chergui (Algeria, 2025)
[4680825] Failed to build match row: Algeria vs Burkina Faso
[4625297] Could not find attributes for franko kolic (NK Istra 1961, 2025)
[4625297] Failed to build match row: NK Istra 1961 vs NK Varazdin
[3598014] Could not find attributes for youri regeer (AFC Ajax Amsterdam, 2021)
[3598014] Failed to build match row: AFC Ajax Amsterdam vs Prins Hendrik Ende Desespereert Nimmer Combinatie Zwolle
[3890180] Failed to scrape lineup: https://www.transfermarkt.co.uk/celtic-fc_hibernian-fc/index/spielbericht/3890180
[3852805] Could not find attributes for jorrel hato (AFC Ajax Amsterdam, 2022)
[3852805] Failed to build match row: Football Club Twente vs AFC Ajax Amsterdam
[4627345] Could not find attributes for maximilian ullmann (Grasshopper Club Zürich, 2025)
[3621468] Could not find attributes for paulinho (Moreirense Futebol Clube, 2021)
[3621468] Failed to build match row: Moreirense Futebol Clube vs Grupo Desportivo Estoril Praia
[4649166] Could not find attributes for danel dongmo (Fotbal Club Petrolul Ploiești, 2025)
[4627345] Failed to build match row: Berner Sport Club Young Boys vs Grasshopper Club Zürich
[4649166] Failed to build match row: Fotbal Club Petrolul Ploiești vs Asociația Futball Klub Csíkszereda Miercurea Ciuc
[3427008] Could not find attributes for atiba hutchinson (Beşiktaş Jimnastik Kulübü, 2020)
[3427008] Failed to build match row: Beşiktaş Jimnastik Kulübü vs Trabzonspor Kulübü

Keepers & outfield error for **Torino Calcio** in Torino Calcio vs FC Crotone: Numbers: 2 and 9.
[3433254] Failed to build match row: Torino Calcio vs FC Crotone
[4120788] Could not find attributes for mykyta shevchenko (FC Oleksandriya, 2023)
[4120788] Failed to build match row: FC Oleksandriya vs SC Dnipro-1
[4137130] Could not find attributes for costantino favasuli (Ternana Calcio, 2023)
[4137130] Failed to build match row: US Salernitana 1919 vs Ternana Calcio

Keepers & outfield error for **Galatasaray Spor Kulübü** in Juventus Football Club vs Galatasaray Spor Kulübü: Numbers: 2 and 9.
[4814104] Failed to build match row: Juventus Football Club vs Galatasaray Spor Kulübü
[4408331] Could not find attributes for vitaliy gudiev (Fakel Voronezh, 2024)
[3652885] Could not find attributes for logan ross (Lossiemouth FC, 2021)
[3652885] Failed to build match row: Lossiemouth FC vs Preston Athletic FC
[4408331] Failed to build match row: Fakel Voronezh vs FK Rostov
[4367993] Failed to scrape lineup: https://www.transfermarkt.co.uk/ajax-amsterdam_nac-breda/index/spielbericht/4367993
[3947825] Failed to build match row: FC Minaj vs Chornomorets Odesa
[4647897] Could not find attributes for uchenna ogundu (Alanyaspor, 2025)
[4647897] Failed to build match row: Alanyaspor vs Gaziantep Futbol Kulübü A.Ş.

Keepers & outfield error for **FC Girondins Bordeaux** in Association sportive de Monaco Football Club vs FC Girondins Bordeaux: Numbers: 2 and 9.

Keepers & outfield error for **Racing Club de Strasbourg Alsace** in Racing Club de Strasbourg Alsace vs Rennes: Numbers: 0 and 11.
[4363753] Failed to build match row: Racing Club de Strasbourg Alsace vs Rennes
[3589111] Failed to build match row: Association sportive de Monaco Football Club vs FC Girondins Bordeaux

Keepers & outfield error for **Sporting Clube de Braga** in Clube Desportivo Santa Clara vs Sporting Clube de Braga: Numbers: 0 and 11.
[4396832] Failed to build match row: Clube Desportivo Santa Clara vs Sporting Clube de Braga
[4172243] Could not find attributes for omri gandelman (Koninklijke Atletiek Associatie Gent, 2023)
[4172243] Failed to build match row: Koninklijke Atletiek Associatie Gent vs Breidablik Kópavogur
[3872618] Could not find attributes for matevz vidovsek (NK Olimpija Ljubljana, 2022)
[3872618] Failed to build match row: NK Olimpija Ljubljana vs Sepsi OSK Sf. Gheorghe
[4680826] Could not find attributes for marvin anieboh (Equatorial Guinea, 2025)
[4680826] Failed to build match row: Equatorial Guinea vs Sudan
[4743115] Could not find attributes for jari van ginkel (De Treffers, 2025)
[4743115] Failed to build match row: De Treffers vs MVV Maastricht
[4098111] Failed to scrape lineup: https://www.transfermarkt.co.uk/excelsior-rotterdam_heracles-almelo/index/spielbericht/4098111
[4408332] Could not find attributes for bogdan moskvichev (FC Orenburg, 2024)
[4408332] Failed to build match row: FC Orenburg vs Dinamo Makhachkala
[3621469] Could not find attributes for yohan tavares (B SAD, 2021)
[4715051] Failed to scrape lineup: https://www.transfermarkt.co.uk/spielbericht/index/spielbericht/4715051
[3621469] Failed to build match row: Futebol Clube de Famalicão vs B SAD
[4620811] Could not find attributes for roberto gagliardini (Verona Hellas Football Club, 2025)
[4620811] Failed to build match row: Verona Hellas Football Club vs Parma Calcio 1913
[3427009] Could not find attributes for gokdeniz bayrakdar (Antalyaspor, 2020)
[3427009] Failed to build match row: Gençlerbirliği Spor Kulübü vs Antalyaspor

Keepers & outfield error for **CF Fuenlabrada** in CF Fuenlabrada vs Cádiz CF: Numbers: 2 and 9.
[3716588] Failed to build match row: CF Fuenlabrada vs Cádiz CF

Keepers & outfield error for **Verona Hellas Football Club** in Unione Sportiva Sassuolo Calcio vs Verona Hellas Football Club: Numbers: 2 and 9.
[3844844] Failed to build match row: Unione Sportiva Sassuolo Calcio vs Verona Hellas Football Club
[3415540] Could not find attributes for vadis odjidja ofoe (Koninklijke Atletiek Associatie Gent, 2020)
[3415540] Failed to build match row: Sportvereniging Zulte Waregem vs Koninklijke Atletiek Associatie Gent
[3890181] Could not find attributes for loick ayina (Dundee United Football Club, 2022)
[3890181] Failed to build match row: Dundee United Football Club vs Saint Mirren Football Club
[3433255] Could not find attributes for milos vulic (FC Crotone, 2020)
[3433255] Failed to build match row: FC Crotone vs Società Sportiva Lazio S.p.A.
[4521437] Could not find attributes for daiya maekawa (Rakuten Vissel Kobe, 2024)
[4521437] Failed to build match row: Rakuten Vissel Kobe vs Kawasaki Frontale
[4367994] Could not find attributes for thom haye (Almere City FC, 2024)
[4367994] Failed to build match row: Almere City FC vs Prins Hendrik Ende Desespereert Nimmer Combinatie Zwolle
[4428858] Could not find attributes for callum marshall (Huddersfield Town, 2023)
[4428858] Failed to build match row: Huddersfield Town vs Morecambe FC
[4649167] Failed to scrape lineup: https://www.transfermarkt.co.uk/fcv-farul-constanta_cfr-cluj/index/spielbericht/4649167
[4627346] Failed to scrape lineup: https://www.transfermarkt.co.uk/fc-zurich_fc-lugano/index/spielbericht/4627346
[4647898] Could not find attributes for karol linetty (Kocaelispor Kulübü, 2025)
[4647898] Failed to build match row: İstanbul Başakşehir Futbol Kulübü vs Kocaelispor Kulübü
[4642923] Failed to scrape lineup: https://www.transfermarkt.co.uk/lask_tsv-hartberg/index/spielbericht/4642923
[3519650] Could not find attributes for japhet sery larsen (Fodbold Club Midtjylland, 2020)
[4408333] Could not find attributes for aleksandr vasyutin (Akron Togliatti, 2024)
[4408333] Failed to build match row: Akron Togliatti vs FK Spartak Moskva
[4625298] Could not find attributes for davor matijas (HNK Gorica, 2025)
ldklub
[4625298] Failed to build match row: HNK Gorica vs Hrvatski Nogometni Klub Rijeka
[3602633] Could not find attributes for artem karpukas (Футбольный клуб "Локомотив" Москва, 2021)
[3602633] Failed to build match row: Футбольный клуб "Локомотив" Москва vs FK Dinamo Moskva
[4109380] Could not find attributes for leonardo lelo (Casa Pia Atlético Clube, 2023)
[4109380] Failed to build match row: Casa Pia Atlético Clube vs Portimonense SC
[4172244] Could not find attributes for nir bitton (Maccabi Tel Aviv, 2023)
[4172244] Failed to build match row: Maccabi Tel Aviv vs Koninklijke Atletiek Associatie Gent

Keepers & outfield error for **Clube Desportivo de Tondela** in Clube Desportivo de Tondela vs Gil Vicente Futebol Clube: Numbers: 2 and 9.

Keepers & outfield error for **1. Fußball- und Sportverein Mainz 05** in VfL Bochum vs 1. Fußball- und Sportverein Mainz 05: Numbers: 2 and 9.
[3621470] Failed to build match row: Clube Desportivo de Tondela vs Gil Vicente Futebol Clube
[3839031] Failed to build match row: VfL Bochum vs 1. Fußball- und Sportverein Mainz 05

Keepers & outfield error for **Atalanta Bergamasca Calcio S.p.a.** in Atalanta Bergamasca Calcio S.p.a. vs Associazione Calcio Fiorentina: Numbers: 2 and 9.

Keepers & outfield error for **FC Emmen** in Football Club Utrecht vs FC Emmen: Numbers: 0 and 11.
[4620812] Failed to build match row: Atalanta Bergamasca Calcio S.p.a. vs Associazione Calcio Fiorentina
[4396833] Could not find attributes for jeremy livolant (Casa Pia Atlético Clube, 2024)
[3852806] Failed to build match row: Football Club Utrecht vs FC Emmen
[4396833] Failed to build match row: Casa Pia Atlético Clube vs Futebol Clube de Arouca
[4408334] Could not find attributes for aleksandr maksimenko (FK Spartak Moskva, 2024)
[4408334] Failed to build match row: FK Spartak Moskva vs PFK CSKA Moskva
[4627347] Could not find attributes for flavius daniliuc (FC Basel 1893 AG, 2025)
[4056161] Failed to scrape lineup: https://www.transfermarkt.co.uk/cska-moscow_lokomotiv-moscow/index/spielbericht/4056161
[4627347] Failed to build match row: FC Basel 1893 AG vs Servette Football Club 1890 SA
[4625299] Could not find attributes for osman hadzikic (NK Slaven Belupo Koprivnica, 2025)
[4625299] Failed to build match row: NK Slaven Belupo Koprivnica vs NK Osijek s.d.d.
[4120789] Failed to scrape lineup: https://www.transfermarkt.co.uk/zorya-lugansk_nk-veres-rivne/index/spielbericht/4120789

Keepers & outfield error for **CD Leganés** in CD Leganés vs Real Sociedad de Fútbol S.A.D.: Numbers: 2 and 9.
[3450758] Could not find attributes for wesley spieringhs (Willem II Tilburg, 2020)
[3716589] Failed to build match row: CD Leganés vs Real Sociedad de Fútbol S.A.D.
[3450758] Failed to build match row: Willem II Tilburg vs Sportclub Heerenveen
[3602634] Could not find attributes for giorgiy shelia (RFK Akhmat Grozny, 2021)
[3602634] Failed to build match row: RFK Akhmat Grozny vs PFK Krylya Sovetov Samara
[4814105] Failed to scrape lineup: https://www.transfermarkt.co.uk/spielbericht/index/spielbericht/4814105
[4647899] Could not find attributes for rhaldney (Göztepe Sportif Yatırımlar A.Ş., 2025)
[4647899] Failed to build match row: Göztepe Sportif Yatırımlar A.Ş. vs Gençlerbirliği Spor Kulübü
[3519651] Could not find attributes for simon rossil (Boldklubben af 1893, 2020)
[3519651] Failed to build match row: Boldklubben af 1893 vs Aarhus Gymnastik Forening
[3652887] Failed to scrape lineup: https://www.transfermarkt.co.uk/spielbericht/index/spielbericht/3652887
[4363754] Failed to scrape lineup: https://www.transfermarkt.co.uk/fc-nantes_aj-auxerre/index/spielbericht/4363754
[4521440] Could not find attributes for kosei tani (Zelvia, 2024)
[4638798] Failed to scrape lineup: https://www.transfermarkt.co.uk/celtic-fc_livingston-fc/index/spielbericht/4638798
[3613046] Could not find attributes for mehdi zeffane (Yeni Malatyaspor, 2021)
[4521440] Failed to build match row: Zelvia vs Hitachi Kashiwa Reysol
[3589112] Failed to scrape lineup: https://www.transfermarkt.co.uk/montpellier-hsc_rc-strasbourg-alsace/index/spielbericht/3589112
[3613046] Failed to build match row: Gaziantep Futbol Kulübü A.Ş. vs Yeni Malatyaspor
[4408335] Could not find attributes for maksim osipenko (FK Rostov, 2024)
[4408335] Failed to build match row: FK Rostov vs Футбольный клуб "Локомотив" Москва
[3872619] Failed to scrape lineup: https://www.transfermarkt.co.uk/spielbericht/index/spielbericht/3872619
[3427010] Could not find attributes for ahmet oguz (Sivasspor, 2020)
[3427010] Failed to build match row: Sivasspor vs Erzurumspor FK
[4547675] Could not find attributes for amar memic (FC Viktoria Plzeň, a.s., 2024)
[4547675] Failed to build match row: FC Viktoria Plzeň, a.s. vs Ferencvárosi TC
[4466574] Could not find attributes for ronan mcmurchie (Jeanfield Swifts FC, 2024)
[4466574] Failed to build match row: Jeanfield Swifts FC vs Edinburgh City FC
[4098112] Could not find attributes for robin propper (Football Club Twente, 2023)
[4098112] Failed to build match row: Football Club Twente vs Football Club Volendam
[4680827] Failed to scrape lineup: https://www.transfermarkt.co.uk/spielbericht/index/spielbericht/4680827
[4743116] Failed to scrape lineup: https://www.transfermarkt.co.uk/spielbericht/index/spielbericht/4743116
[3852807] Could not find attributes for mike van duinen (Excelsior Rotterdam, 2022)
[3852807] Failed to build match row: Football Club Volendam vs Excelsior Rotterdam

Keepers & outfield error for **Boavista FC** in Boavista FC vs AVS Futebol SAD: Numbers: 0 and 11.
[4396834] Failed to build match row: Boavista FC vs AVS Futebol SAD
[3621471] Failed to scrape lineup: https://www.transfermarkt.co.uk/cs-maritimo_fc-vizela/index/spielbericht/3621471
[3839032] Could not find attributes for michael gregoritsch (Sport-Club Freiburg, 2022)
[3839032] Failed to build match row: Fußball-Club Augsburg 1907 vs Sport-Club Freiburg
[4095223] Failed to scrape lineup: https://www.transfermarkt.co.uk/wolverhampton-wanderers_burnley-fc/index/spielbericht/4095223
[3890182] Failed to scrape lineup: https://www.transfermarkt.co.uk/kilmarnock-fc_st-johnstone-fc/index/spielbericht/3890182
[3462367] Failed to scrape lineup: https://www.transfermarkt.co.uk/spielbericht/index/spielbericht/3462367
[4376682] Failed to scrape lineup: https://www.transfermarkt.co.uk/rangers-fc_st-johnstone-fc/index/spielbericht/4376682
[4715052] Failed to scrape lineup: https://www.transfermarkt.co.uk/spielbericht/index/spielbericht/4715052
[4120790] Failed to scrape lineup: https://www.transfermarkt.co.uk/obolon-kyiv_rukh-lviv/index/spielbericht/4120790
[3947826] Failed to scrape lineup: https://www.transfermarkt.co.uk/pfc-lviv_rukh-lviv/index/spielbericht/3947826
[3519652] Failed to scrape lineup: https://www.transfermarkt.co.uk/spielbericht/index/spielbericht/3519652
[4056162] Failed to scrape lineup: https://www.transfermarkt.co.uk/spartak-moscow_fc-krasnodar/index/spielbericht/4056162

Keepers & outfield error for **FC Bayern München** in FC Bayern München vs Borussia Dortmund: Numbers: 2 and 9.
[4627348] Could not find attributes for maximilian ullmann (Grasshopper Club Zürich, 2025)
[3416338] Failed to build match row: FC Bayern München vs Borussia Dortmund
[4625300] Failed to scrape lineup: https://www.transfermarkt.co.uk/gnk-dinamo-zagreb_nk-osijek/index/spielbericht/4625300
[4627348] Failed to build match row: Grasshopper Club Zürich vs FC St. Gallen 1879
[4521459] Failed to scrape lineup: https://www.transfermarkt.co.uk/kashiwa-reysol_fagiano-okayama/index/spielbericht/4521459
[4638799] Failed to scrape lineup: https://www.transfermarkt.co.uk/dundee-united-fc_aberdeen-fc/index/spielbericht/4638799
[4172245] Failed to build match row: Maccabi Tel Aviv vs FC Zorya Lugansk
[3589113] Failed to scrape lineup: https://www.transfermarkt.co.uk/fc-nantes_estac-troyes/index/spielbericht/3589113
[4547676] Failed to scrape lineup: https://www.transfermarkt.co.uk/spielbericht/index/spielbericht/4547676
[3433256] Failed to scrape lineup: https://www.transfermarkt.co.uk/acf-fiorentina_benevento-calcio/index/spielbericht/3433256
[4098113] Failed to scrape lineup: https://www.transfermarkt.co.uk/fc-utrecht_sparta-rotterdam/index/spielbericht/4098113
[4396835] Failed to scrape lineup: https://www.transfermarkt.co.uk/moreirense-fc_fc-porto/index/spielbericht/4396835
[4367995] Failed to scrape lineup: https://www.transfermarkt.co.uk/az-alkmaar_feyenoord-rotterdam/index/spielbericht/4367995
[4095224] Failed to scrape lineup: https://www.transfermarkt.co.uk/crystal-palace_afc-bournemouth/index/spielbericht/4095224
[4428859] Could not find attributes for zico asare (Harrogate Town, 2023)
[4428859] Failed to build match row: Lincoln City vs Harrogate Town
[4642925] Could not find attributes for dominik reiter (Fußballclub Blau-Weiß Linz, 2025)
[4642925] Failed to build match row: Fußballklub Austria Wien vs Fußballclub Blau-Weiß Linz

Keepers & outfield error for **Galatasaray Spor Kulübü** in Galatasaray Spor Kulübü vs Trabzonspor Kulübü: Numbers: 2 and 9.
[4647900] Failed to build match row: Galatasaray Spor Kulübü vs Trabzonspor Kulübü

Keepers & outfield error for **Ross County FC** in Ross County FC vs The Celtic Football Club: Numbers: 0 and 11.
[4376683] Failed to build match row: Ross County FC vs The Celtic Football Club
[3598017] Failed to build match row: Football Club Groningen vs Willem II Tilburg

Keepers & outfield error for **FC Vizela** in GD Chaves vs FC Vizela: Numbers: 2 and 9.
[4363755] Could not find attributes for yunis abdelhamid (AS Saint-Étienne, 2024)
[4109381] Failed to build match row: GD Chaves vs FC Vizela
[4363755] Failed to build match row: AS Saint-Étienne vs Le Havre Athletic Club
[4408336] Could not find attributes for sergey pesjakov (PFK Krylya Sovetov Samara, 2024)
[4408336] Failed to build match row: PFK Krylya Sovetov Samara vs FC Orenburg
[4627349] Could not find attributes for florent mollet (Football Club Lausanne-Sport, 2025)
[4627349] Failed to build match row: Football Club Lausanne-Sport vs FC Luzern
[4743117] Could not find attributes for indy groothuizen (SV Spakenburg, 2025)
[4743117] Failed to build match row: SV Spakenburg vs VV DOVO Veenendaal
[4098114] Could not find attributes for siemen voet (Fortuna Sittardia Combinatie, 2023)
[4098114] Failed to build match row: Fortuna Sittardia Combinatie vs Eindhovense Voetbalvereniging Philips Sport Vereniging
[4715053] Failed to scrape lineup: https://www.transfermarkt.co.uk/spielbericht/index/spielbericht/4715053
[4620813] Failed to scrape lineup: https://www.transfermarkt.co.uk/bologna-fc-1909_us-cremonese/index/spielbericht/4620813
[4649170] Could not find attributes for monday etim (U Craiova 1948 Club Sportiv SA, 2025)
[4649170] Failed to build match row: U Craiova 1948 Club Sportiv SA vs Fotbal Club Metaloglobus București SA
[3949448] Could not find attributes for michael gregoritsch (Sport-Club Freiburg, 2022)
[4814106] Could not find attributes for lorenzo bernasconi (Atalanta Bergamasca Calcio S.p.a., 2025)
[3949448] Failed to build match row: SV Sandhausen vs Sport-Club Freiburg
[3652888] Could not find attributes for liam mccathie (Newtongrange Star FC, 2021)
[4056338] Could not find attributes for anton shunin (FK Dinamo Moskva, 2022)
[3652888] Failed to build match row: Newtongrange Star FC vs Dalbeattie Star FC
[4814106] Failed to build match row: Atalanta Bergamasca Calcio S.p.a. vs Borussia Dortmund
[4172246] Could not find attributes for roi mishpati (Maccabi Tel Aviv, 2023)
[4625301] Could not find attributes for osman hadzikic (NK Slaven Belupo Koprivnica, 2025)
[3427011] Could not find attributes for sokol cikalleshi (Konyaspor, 2020)

Keepers & outfield error for **Futebol Clube de Arouca** in Futebol Clube de Arouca vs Sporting Clube de Braga: Numbers: 2 and 9.
[3427011] Failed to build match row: Konyaspor vs Gençlerbirliği Spor Kulübü
[4625301] Failed to build match row: NK Slaven Belupo Koprivnica vs Hrvatski Nogometni Klub Rijeka
[3621472] Failed to build match row: Futebol Clube de Arouca vs Sporting Clube de Braga
[4172246] Failed to build match row: Maccabi Tel Aviv vs Breidablik Kópavogur
[3716590] Could not find attributes for biel farres (Girona Fútbol Club S. A. D., 2021)
[3716590] Failed to build match row: Girona Fútbol Club S. A. D. vs Club Atlético Osasuna

Keepers & outfield error for **Grupo Desportivo Estoril Praia** in Sporting Clube de Braga vs Grupo Desportivo Estoril Praia: Numbers: 0 and 11.

Keepers & outfield error for **Club Football Estrela da Amadora** in Club Football Estrela da Amadora vs Rio Ave Futebol Clube: Numbers: 2 and 9.
[3872621] Could not find attributes for tornike megrelishvili (Iberia 1999 Tbilisi, 2022)
[4109382] Failed to build match row: Sporting Clube de Braga vs Grupo Desportivo Estoril Praia
[4396836] Failed to build match row: Club Football Estrela da Amadora vs Rio Ave Futebol Clube
[3872621] Failed to build match row: SC Fotbal Club FCSB SA vs Iberia 1999 Tbilisi
[4098115] Could not find attributes for kristijan belic (Alkmaar Zaanstreek, 2023)

Keepers & outfield error for **Atalanta Bergamasca Calcio S.p.a.** in FC Empoli vs Atalanta Bergamasca Calcio S.p.a.: Numbers: 2 and 9.
[4098115] Failed to build match row: Go Ahead Eagles vs Alkmaar Zaanstreek
[3844847] Failed to build match row: FC Empoli vs Atalanta Bergamasca Calcio S.p.a.
[4547677] Could not find attributes for jorthy mokio (AFC Ajax Amsterdam, 2024)
[4680828] Could not find attributes for mohamed kasri hakeem (Sudan, 2025)
[4547677] Failed to build match row: AFC Ajax Amsterdam vs Royale Union Saint-Gilloise
[4680828] Failed to build match row: Sudan vs Burkina Faso
[4373628] Failed to scrape lineup: https://www.transfermarkt.co.uk/bayern-munich_holstein-kiel/index/spielbericht/4373628
[3520046] Could not find attributes for mario mitaj (Athlitiki Enosi Konstantinoupoleos, 2020)
[3520046] Failed to build match row: Athlitiki Enosi Konstantinoupoleos vs Volou Neos Podosferikos Syllogos
[4521460] Could not find attributes for go hatano (Tokyo Football Club, 2024)
[4521460] Failed to build match row: Tokyo Football Club vs Rakuten Vissel Kobe
[4408337] Failed to build match row: FK Dinamo Moskva vs AO FK Zenit Sankt-Peterburg
[4647901] Failed to scrape lineup: https://www.transfermarkt.co.uk/caykur-rizespor_fatih-karagumruk/index/spielbericht/4647901
[3598018] Failed to scrape lineup: https://www.transfermarkt.co.uk/ajax-amsterdam_sparta-rotterdam/index/spielbericht/3598018
[4376684] Failed to scrape lineup: https://www.transfermarkt.co.uk/st-mirren-fc_dundee-united-fc/index/spielbericht/4376684
[3613048] Could not find attributes for ozkan yigiter (Sivasspor, 2021)
[3613048] Failed to build match row: Göztepe Sportif Yatırımlar A.Ş. vs Sivasspor
[4367996] Failed to scrape lineup: https://www.transfermarkt.co.uk/fc-groningen_psv-eindhoven/index/spielbericht/4367996
[4625302] Could not find attributes for davor matijas (HNK Gorica, 2025)
[4625302] Failed to build match row: HNK Gorica vs NK Varazdin
[4172247] Could not find attributes for mykyta turbayevskyi (FC Zorya Lugansk, 2023)
[4172247] Failed to build match row: FC Zorya Lugansk vs Koninklijke Atletiek Associatie Gent
[3949449] Could not find attributes for bashir humphreys (SC Paderborn 07, 2022)
[3949449] Failed to build match row: SC Paderborn 07 vs Verein für Bewegungsspiele Stuttgart 1893

Keepers & outfield error for **Paris Saint-Germain Football Club** in Rennes vs Paris Saint-Germain Football Club: Numbers: 2 and 9.
[3589115] Failed to build match row: Rennes vs Paris Saint-Germain Football Club
[3602635] Could not find attributes for vanja drkusic (FK Sochi, 2021)
[3602635] Failed to build match row: FK Sochi vs FK Nizhny Novgorod

Keepers & outfield error for **Futebol Clube de Famalicão** in Futebol Clube de Famalicão vs Futebol Clube do Porto: Numbers: 0 and 11.
[4109383] Failed to build match row: Futebol Clube de Famalicão vs Futebol Clube do Porto
[3520047] Could not find attributes for amr warda (Panthessalonikios Athlitikos Omilos Konstantinoupoliton, 2020)
[3520047] Failed to build match row: Panthessalonikios Athlitikos Omilos Konstantinoupoliton vs PAS Lamia 1964
[4680829] Could not find attributes for yannick pandor (Comoros, 2025)
[4680829] Failed to build match row: Morocco vs Comoros
[4647902] Could not find attributes for dorukhan tokoz (Kayserispor Kulübü, 2025)
[4647902] Failed to build match row: Kayserispor Kulübü vs Kasımpaşa A.Ş.

Keepers & outfield error for **Real Zaragoza** in Real Zaragoza vs Sevilla Fútbol Club S.A.D.: Numbers: 0 and 11.
[4361453] Could not find attributes for abdoulaye doucoure (Everton Football Club, 2024)
[4620814] Failed to scrape lineup: https://www.transfermarkt.co.uk/como-1907_us-sassuolo/index/spielbericht/4620814
[4361453] Failed to build match row: Everton Football Club vs Wolverhampton Wanderers Football Club
[3716591] Failed to build match row: Real Zaragoza vs Sevilla Fútbol Club S.A.D.
[4120791] Could not find attributes for irakli azarovi (FC Shakhtar Donetsk, 2023)
[4120791] Failed to build match row: FC Shakhtar Donetsk vs Futbolniy Klub Dynamo Kyiv
[4408338] Could not find attributes for evgeniy staver (FC Rubin Kazan, 2024)
[4408338] Failed to build match row: FC Rubin Kazan vs Fakel Voronezh

Keepers & outfield error for **Eintracht Frankfurt Fußball AG** in Eintracht Frankfurt Fußball AG vs Verein für Leibesübungen Wolfsburg: Numbers: 2 and 9.
[4642927] Could not find attributes for beres owusu (Grazer Athletiksport Klub 1902, 2025)
[4642927] Failed to build match row: Grazer Athletiksport Klub 1902 vs RZ Pellets Wolfsberger Athletiksport Club
[4373629] Failed to build match row: Eintracht Frankfurt Fußball AG vs Verein für Leibesübungen Wolfsburg
[3854845] Could not find attributes for arthur masuaku (Beşiktaş Jimnastik Kulübü, 2022)
[3854845] Failed to build match row: Beşiktaş Jimnastik Kulübü vs Kayserispor Kulübü
[4625303] Could not find attributes for franko kolic (NK Istra 1961, 2025)
[4625303] Failed to build match row: NK Istra 1961 vs HNK Hajduk Split
[4743118] Could not find attributes for wouter beukers (VV Eemdijk, 2025)
[4743118] Failed to build match row: VV Eemdijk vs AFC Amsterdam

Keepers & outfield error for **Associazione Sportiva Roma** in Verona Hellas Football Club vs Associazione Sportiva Roma: Numbers: 0 and 11.
[3844848] Failed to build match row: Verona Hellas Football Club vs Associazione Sportiva Roma
[4798349] Could not find attributes for joaquin freitas (Club Atlético River Plate, 2025)
[4798349] Failed to build match row: Club Atlético River Plate vs Club Atlético Banfield
[3598019] Could not find attributes for sekou sylla (SC Cambuur Leeuwarden, 2021)
[3598019] Failed to build match row: SC Cambuur Leeuwarden vs Willem II Tilburg
[4396837] Could not find attributes for bruno varela (Vitória Sport Clube, 2024)
[4396837] Failed to build match row: Vitória Sport Clube vs Clube Desportivo Nacional
[4098116] Could not find attributes for kodai sano (Nijmegen Eendracht Combinatie, 2023)
[4098116] Failed to build match row: Nijmegen Eendracht Combinatie vs Feyenoord Rotterdam
[3462371] Failed to scrape lineup: https://www.transfermarkt.co.uk/spielbericht/index/spielbericht/3462371
[4638801] Failed to scrape lineup: https://www.transfermarkt.co.uk/heart-of-midlothian-fc_motherwell-fc/index/spielbericht/4638801

Keepers & outfield error for **Galatasaray Spor Kulübü** in Galatasaray Spor Kulübü vs Alkmaar Zaanstreek: Numbers: 2 and 9.
[3652889] Failed to scrape lineup: https://www.transfermarkt.co.uk/spielbericht/index/spielbericht/3652889
[4547678] Failed to build match row: Galatasaray Spor Kulübü vs Alkmaar Zaanstreek
[3589116] Could not find attributes for jerome boateng (Olympique Lyonnais, 2021)
[3589116] Failed to build match row: AS Saint-Étienne vs Olympique Lyonnais
[4521461] Could not find attributes for hiroto taniguchi (Tokyo Verdy, 2024)
[4521461] Failed to build match row: Tokyo Verdy vs Shonan Bellmare
[4172248] Could not find attributes for mykyta turbayevskyi (FC Zorya Lugansk, 2023)
[4172248] Failed to build match row: FC Zorya Lugansk vs Maccabi Tel Aviv
[4373630] Could not find attributes for kevin muller (1. Fußballclub Heidenheim 1846, 2024)
[3416983] Failed to scrape lineup: https://www.transfermarkt.co.uk/spielbericht/index/spielbericht/3416983
[4373630] Failed to build match row: 1. Fußballclub Heidenheim 1846 vs Borussia Dortmund
[3520048] Could not find attributes for jose cholevas (Olympiakos Syndesmos Filathlon Peiraios, 2020)
[3520048] Failed to build match row: Olympiakos Syndesmos Filathlon Peiraios vs Aris Thessalonikis
[4361454] Could not find attributes for harry wilson (Fulham Football Club, 2024)
[4620815] Could not find attributes for roberto gagliardini (Verona Hellas Football Club, 2025)
[4361454] Failed to build match row: Fulham Football Club vs Brighton and Hove Albion Football Club
[4363758] Could not find attributes for adrien thomasson (Racing Club de Lens, 2024)
[4620815] Failed to build match row: Genoa Cricket and Football Club vs Verona Hellas Football Club
[4363758] Failed to build match row: Racing Club de Lens vs Stade brestois 29
[4408339] Could not find attributes for nikita medvedev (FK Nizhny Novgorod, 2024)
[4408339] Failed to build match row: FK Nizhny Novgorod vs RFK Akhmat Grozny
[3844849] Could not find attributes for manolo gabbiadini (UC Sampdoria, 2022)
[3844849] Failed to build match row: Football Club Internazionale Milano S.p.A. vs UC Sampdoria
[4625304] Failed to scrape lineup: https://www.transfermarkt.co.uk/hnk-vukovar-1991_nk-lokomotiva-zagreb/index/spielbericht/4625304
[4649172] Failed to scrape lineup: https://www.transfermarkt.co.uk/fc-hermannstadt_fc-metaloglobus-bucharest/index/spielbericht/4649172
[4642928] Failed to scrape lineup: https://www.transfermarkt.co.uk/red-bull-salzburg_scr-altach/index/spielbericht/4642928

Keepers & outfield error for **SD Ponferradina** in SD Ponferradina vs Espanol: Numbers: 3 and 8.
[3716592] Failed to build match row: SD Ponferradina vs Espanol

Keepers & outfield error for **Go Ahead Eagles** in Go Ahead Eagles vs Football Club Utrecht: Numbers: 0 and 11.
[4367998] Failed to build match row: Go Ahead Eagles vs Football Club Utrecht
[3613049] Failed to scrape lineup: https://www.transfermarkt.co.uk/konyaspor_adana-demirspor/index/spielbericht/3613049
[4376685] Failed to scrape lineup: https://www.transfermarkt.co.uk/aberdeen-fc_st-mirren-fc/index/spielbericht/4376685
[4056339] Could not find attributes for roman evgenjev (PFK Krylya Sovetov Samara, 2022)
[4056339] Failed to build match row: PFK Krylya Sovetov Samara vs AO FK Zenit Sankt-Peterburg
[4798350] Could not find attributes for joaquin novillo (Club Atlético Aldosivi, 2025)
[4798350] Failed to build match row: Club Atlético Aldosivi vs Asociación Atlética Argentinos Juniors
[3520049] Could not find attributes for yuriy lodygin (PAS Giannina, 2020)
[3520049] Failed to build match row: PAS Giannina vs Panathinaikos Athlitikos Omilos
[4715057] Could not find attributes for joao palhinha (Tottenham Hotspur Football Club, 2025)
[4715057] Failed to build match row: Association sportive de Monaco Football Club vs Tottenham Hotspur Football Club
[4172249] Could not find attributes for oleksandr saputin (FC Zorya Lugansk, 2023)
[4172249] Failed to build match row: FC Zorya Lugansk vs Breidablik Kópavogur
[3890184] Failed to scrape lineup: https://www.transfermarkt.co.uk/motherwell-fc_rangers-fc/index/spielbericht/3890184
[4627350] Failed to scrape lineup: https://www.transfermarkt.co.uk/fc-lugano_bsc-young-boys/index/spielbericht/4627350
[4137131] Could not find attributes for federico zuccon (Cosenza Calcio, 2023)
[4521464] Could not find attributes for yuya oki (S-Pulse, 2024)
[4137131] Failed to build match row: Cosenza Calcio vs Unione Sportiva Sassuolo Calcio
[4521464] Failed to build match row: S-Pulse vs Zelvia
[4376686] Could not find attributes for oluwaseun adewumi (Dundee Football Club, 2024)

Keepers & outfield error for **Grupo Desportivo Estoril Praia** in Sport Lisboa e Benfica vs Grupo Desportivo Estoril Praia: Numbers: 0 and 11.

Keepers & outfield error for **Bayer 04 Leverkusen Fußball** in Bayer 04 Leverkusen Fußball vs Fußball-Club Augsburg 1907: Numbers: 2 and 9.
[3839053] Failed to build match row: Bayer 04 Leverkusen Fußball vs Fußball-Club Augsburg 1907

Keepers & outfield error for **Club Football Estrela da Amadora** in Club Football Estrela da Amadora vs Moreirense Futebol Clube: Numbers: 0 and 11.
[4396838] Failed to build match row: Sport Lisboa e Benfica vs Grupo Desportivo Estoril Praia
[4376686] Failed to build match row: The Celtic Football Club vs Dundee Football Club
[3427012] Could not find attributes for gokdeniz bayrakdar (Antalyaspor, 2020)
[4625305] Could not find attributes for marino bulat (HNK Vukovar 1991, 2025)

Keepers & outfield error for **Aston Villa Football Club** in Aston Villa Football Club vs Arsenal Football Club: Numbers: 0 and 11.
[3427012] Failed to build match row: Antalyaspor vs Beşiktaş Jimnastik Kulübü
[4109384] Failed to build match row: Club Football Estrela da Amadora vs Moreirense Futebol Clube

Keepers & outfield error for **SC Fotbal Club FCSB SA** in Fotbal Club Petrolul Ploiești vs SC Fotbal Club FCSB SA: Numbers: 2 and 9.
[4647903] Could not find attributes for marcos felipe (Eyüp Spor Kulübü, 2025)
[4095226] Failed to build match row: Aston Villa Football Club vs Arsenal Football Club
[4172250] Failed to scrape lineup: https://www.transfermarkt.co.uk/spielbericht/index/spielbericht/4172250
[4649173] Failed to build match row: Fotbal Club Petrolul Ploiești vs SC Fotbal Club FCSB SA
[4642929] Could not find attributes for joao tornich (Linzer Athletik-Sport-Klub, 2025)
[4625305] Failed to build match row: HNK Vukovar 1991 vs GNK Dinamo Zagreb
[4647903] Failed to build match row: Eyüp Spor Kulübü vs Fatih Karagümrük Sportif Faaliyetler San. Tic. A.Ş.
[4642929] Failed to build match row: Sportklub Rapid vs Linzer Athletik-Sport-Klub

Keepers & outfield error for **Olympique Lyonnais** in Olympique Lyonnais vs Association sportive de Monaco Football Club: Numbers: 0 and 11.
[4120792] Could not find attributes for oleg mozil (TOV FK Metalist 1925 Kharkiv, 2023)
[4363759] Failed to build match row: Olympique Lyonnais vs Association sportive de Monaco Football Club
[4120792] Failed to build match row: TOV FK Metalist 1925 Kharkiv vs FK Polissya Zhytomyr
[3872622] Could not find attributes for henry bonello (Hamrun Spartans, 2022)

Keepers & outfield error for **Società Sportiva Lazio S.p.A.** in Società Sportiva Lazio S.p.A. vs US Salernitana 1919: Numbers: 2 and 9.
[3872622] Failed to build match row: Hamrun Spartans vs FK Velez Mostar
[3844850] Failed to build match row: Società Sportiva Lazio S.p.A. vs US Salernitana 1919
[4056340] Could not find attributes for giorgiy shelia (RFK Akhmat Grozny, 2022)
[4056340] Failed to build match row: RFK Akhmat Grozny vs PFK CSKA Moskva
[3854847] Could not find attributes for bahadir gungordu (MKE Ankaragücü, 2022)
[3854847] Failed to build match row: MKE Ankaragücü vs Konyaspor
[4814107] Could not find attributes for dani bolt (Qarabağ FK, 2025)
[4814107] Failed to build match row: Newcastle United Football Club vs Qarabağ FK

Keepers & outfield error for **Olympique Lyonnais** in Olympique Lyonnais vs FC Bayern München: Numbers: 2 and 9.
[3418670] Failed to build match row: Olympique Lyonnais vs FC Bayern München
[4620816] Could not find attributes for joseph liteta (Cagliari Calcio, 2025)
[4620816] Failed to build match row: Juventus Football Club vs Cagliari Calcio
[3433258] Could not find attributes for gabriele zappa (Cagliari Calcio, 2020)
[3433258] Failed to build match row: Juventus Football Club vs Cagliari Calcio
[3716650] Could not find attributes for mansur (Clube Desportivo Santa Clara, 2021)
[3716650] Failed to build match row: Sporting Clube de Portugal vs Clube Desportivo Santa Clara
[3450759] Could not find attributes for christos donis (VVV-Venlo, 2020)
[3450759] Failed to build match row: VVV-Venlo vs Sparta Rotterdam

Keepers & outfield error for **Gil Vicente Futebol Clube** in Gil Vicente Futebol Clube vs Sporting Clube de Portugal: Numbers: 0 and 11.
[4627351] Could not find attributes for pajtim kasami (Fussballclub Winterthur, 2025)
[4396839] Failed to build match row: Gil Vicente Futebol Clube vs Sporting Clube de Portugal
[3652890] Could not find attributes for kevin waugh (The Spartans FC, 2021)
[4627351] Failed to build match row: FC Sion vs Fussballclub Winterthur
[4095227] Could not find attributes for vitinho (Burnley Football Club, 2023)
[4743119] Could not find attributes for gijs blanke (RKSV ROHDA Raalte, 2025)
[4095227] Failed to build match row: Brighton and Hove Albion Football Club vs Burnley Football Club
[3652890] Failed to build match row: The Spartans FC vs Gala Fairydean Rovers FC
[4743119] Failed to build match row: RKSV ROHDA Raalte vs Football Club Twente
[4521466] Could not find attributes for jun ichimori (Gamba Osaka, 2024)
[3602636] Could not find attributes for anton chichkan (FK Ufa, 2021)
[4466575] Could not find attributes for louis amann (Inverurie Loco Works FC, 2024)
[3602636] Failed to build match row: FK Ufa vs Arsenal Tula
[4521466] Failed to build match row: Gamba Osaka vs Sanfrecce Hiroshima
rth End FC
[4246472] Could not find attributes for george fowler (Maidstone United, 2023)
[4246472] Failed to build match row: Maidstone United vs Stevenage FC
[4625306] Could not find attributes for tino jukic (NK Lokomotiva Zagreb, 2025)
[4625306] Failed to build match row: NK Lokomotiva Zagreb vs NK Istra 1961
[4367999] Failed to scrape lineup: https://www.transfermarkt.co.uk/rkc-waalwijk_heracles-almelo/index/spielbericht/4367999
[4172251] Failed to scrape lineup: https://www.transfermarkt.co.uk/spielbericht/index/spielbericht/4172251
[3462372] Failed to scrape lineup: https://www.transfermarkt.co.uk/spielbericht/index/spielbericht/3462372

Keepers & outfield error for **Sporting Clube de Braga** in Sport Lisboa e Benfica vs Sporting Clube de Braga: Numbers: 2 and 9.
[4798351] Failed to scrape lineup: https://www.transfermarkt.co.uk/ca-barracas-central_club-atletico-tigre/index/spielbericht/4798351
[3621473] Failed to build match row: Sport Lisboa e Benfica vs Sporting Clube de Braga

Keepers & outfield error for **Stade Reims** in Olympique de Marseille vs Stade Reims: Numbers: 2 and 9.
[4056341] Could not find attributes for aleksandr selikhov (FK Spartak Moskva, 2022)
[4363760] Failed to build match row: Olympique de Marseille vs Stade Reims
[4056341] Failed to build match row: FK Spartak Moskva vs FK Rostov
[4120793] Could not find attributes for oleksandr kemkin (FC Minaj, 2023)
[4120793] Failed to build match row: FC Minaj vs FK Kolos Kovalivka
[3427013] Could not find attributes for lewis baker (Trabzonspor Kulübü, 2020)
[3427013] Failed to build match row: Trabzonspor Kulübü vs Denizlispor
[3890185] Failed to scrape lineup: https://www.transfermarkt.co.uk/dundee-united-fc_motherwell-fc/index/spielbericht/3890185
[3450760] Could not find attributes for jan paul van hecke (Sportclub Heerenveen, 2020)
[3602637] Could not find attributes for ilya pomazun (Ural Yekaterinburg, 2021)
[3450760] Failed to build match row: Sportclub Heerenveen vs Football Club Utrecht
[4638803] Failed to scrape lineup: https://www.transfermarkt.co.uk/st-mirren-fc_rangers-fc/index/spielbericht/4638803
[3602637] Failed to build match row: Ural Yekaterinburg vs FC Rubin Kazan
[3652892] Could not find attributes for graeme williamson (Wick Academy FC, 2021)

Keepers & outfield error for **FC Zürich** in FC Thun vs FC Zürich: Numbers: 2 and 9.
 SAD: Numbers: 0 and 11.
[3652892] Failed to build match row: Wick Academy FC vs Bo'ness United FC
[4396840] Failed to build match row: Futebol Clube do Porto vs AVS Futebol SAD
[4627352] Failed to build match row: FC Thun vs FC Zürich
[4521467] Could not find attributes for koki fukui (Cerezo Osaka, 2024)
[4521467] Failed to build match row: Cerezo Osaka vs Yokohama Marinos
[3462373] Could not find attributes for michael luftner (Omonia Nicosia, 2020)
[3462373] Failed to build match row: Omonia Nicosia vs Panthessalonikios Athlitikos Omilos Konstantinoupoliton
[3419679] Could not find attributes for lewis brass (Connah's Quay Nomads, 2020)
[4172252] Could not find attributes for anton ari einarsson (Breidablik Kópavogur, 2023)
[4625308] Could not find attributes for oliver zelenika (NK Varazdin, 2025)
[4625308] Failed to build match row: NK Varazdin vs NK Slaven Belupo Koprivnica
[3419679] Failed to build match row: Connah's Quay Nomads vs FK Sarajevo
[4172252] Failed to build match row: Breidablik Kópavogur vs FC Zorya Lugansk
[4098118] Could not find attributes for oliver braude (Sportclub Heerenveen, 2023)
[4368000] Could not find attributes for nikolai hopland (Sportclub Heerenveen, 2024)
[3854848] Failed to build match row: İstanbul Başakşehir Futbol Kulübü vs Kasımpaşa A.Ş.
[4098118] Failed to build match row: Sportclub Heerenveen vs Vitesse Arnhem
[4368000] Failed to build match row: Sportclub Heerenveen vs Willem II Tilburg
[4647905] Failed to scrape lineup: https://www.transfermarkt.co.uk/besiktas-jk_samsunspor/index/spielbericht/4647905
[4743261] Failed to scrape lineup: https://www.transfermarkt.co.uk/spielbericht/index/spielbericht/4743261
[3589118] Failed to scrape lineup: https://www.transfermarkt.co.uk/stade-brestois-29_stade-reims/index/spielbericht/3589118
[4056342] Could not find attributes for matvey safonov (FK Krasnodar, 2022)
[4056342] Failed to build match row: FK Krasnodar vs Ural Yekaterinburg

Keepers & outfield error for **Saint Mirren Football Club** in Hibernian Football Club vs Saint Mirren Football Club: Numbers: 2 and 9.
[3890186] Failed to build match row: Hibernian Football Club vs Saint Mirren Football Club
[3520050] Could not find attributes for boris kleyman (Volou Neos Podosferikos Syllogos, 2020)
[3520050] Failed to build match row: Volou Neos Podosferikos Syllogos vs Athlitiki Enosi Konstantinoupoleos
a Lazio S.p.A.: Numbers: 2 and 9.
[4620818] Failed to build match row: Associazione Calcio Milan vs Società Sportiva Lazio S.p.A.
[3839055] Could not find attributes for michael gregoritsch (Sport-Club Freiburg, 2022)
[3839055] Failed to build match row: Sport-Club Freiburg vs Borussia Dortmund
[4798352] Could not find attributes for alexis steimbach (Club de Gimnasia y Esgrima La Plata, 2025)
[4798352] Failed to build match row: Club de Gimnasia y Esgrima La Plata vs Club Atlético Rosario Central
[4428860] Could not find attributes for nazariy rusyn (Sunderland Association Football Club, 2023)
[4428860] Failed to build match row: Preston North End vs Sunderland Association Football Club
[4627353] Could not find attributes for flavius daniliuc (FC Basel 1893 AG, 2025)
[4627353] Failed to build match row: FC Basel 1893 AG vs FC Sion
[3427014] Could not find attributes for irfan can egribayat (Göztepe Sportif Yatırımlar A.Ş., 2020)
[3427014] Failed to build match row: Göztepe Sportif Yatırımlar A.Ş. vs Yeni Malatyaspor
[4368001] Could not find attributes for marvin young (Sparta Rotterdam, 2024)
[4368001] Failed to build match row: Sparta Rotterdam vs Nijmegen Eendracht Combinatie
[4680830] Could not find attributes for djigui diarra (Mali, 2025)
[4680830] Failed to build match row: Mali vs Senegal
[4095230] Failed to scrape lineup: https://www.transfermarkt.co.uk/fulham-fc_west-ham-united/index/spielbericht/4095230
[3844853] Failed to scrape lineup: https://www.transfermarkt.co.uk/ssc-napoli_us-sassuolo/index/spielbericht/3844853
[4172253] Could not find attributes for bruno petkovic (GNK Dinamo Zagreb, 2023)
[4172253] Failed to build match row: GNK Dinamo Zagreb vs FC Astana
[4408340] Could not find attributes for timur magomedov (Dinamo Makhachkala, 2024)
[4408340] Failed to build match row: Dinamo Makhachkala vs FK Krasnodar
[4137133] Could not find attributes for federico papini (FC Crotone, 2023)
[4137133] Failed to build match row: Unione Sportiva Cremonese S.p.A. vs FC Crotone
[4466576] Failed to scrape lineup: https://www.transfermarkt.co.uk/spielbericht/index/spielbericht/4466576
[4246474] Could not find attributes for nazariy rusyn (Sunderland Association Football Club, 2023)
[4246474] Failed to build match row: Sunderland Association Football Club vs Newcastle United Football Club
[4647906] Could not find attributes for adem arous (Kasımpaşa A.Ş., 2025)
[4647906] Failed to build match row: Alanyaspor vs Kasımpaşa A.Ş.
[4098119] Could not find attributes for robin maulun (Football Club Volendam, 2023)
[4098119] Failed to build match row: Football Club Volendam vs Feyenoord Rotterdam

Keepers & outfield error for **1. Fußball- und Sportverein Mainz 05** in 1. Fußball- und Sportverein Mainz 05 vs FC Bayern München: Numbers: 2 and 9.
[3419680] Could not find attributes for matjaz rozman (NK Celje, 2020)
[4373632] Failed to scrape lineup: https://www.transfermarkt.co.uk/1-fc-union-berlin_rb-leipzig/index/spielbericht/4373632
[3419680] Failed to build match row: NK Celje vs Dundalk FC
[3949453] Failed to build match row: 1. Fußball- und Sportverein Mainz 05 vs FC Bayern München
[3520051] Could not find attributes for konstantinos theodoropoulos (PAS Lamia 1964, 2020)
[3520051] Failed to build match row: PAS Lamia 1964 vs Panthessalonikios Athlitikos Omilos Konstantinoupoliton

Keepers & outfield error for **1. Fußball- und Sportverein Mainz 05** in 1. Fußball- und Sportverein Mainz 05 vs 1. Fußballclub Union Berlin: Numbers: 2 and 9.
[3872623] Could not find attributes for filip dujmovic (Fudbalski Klub Radnički Niš, 2022)

Keepers & outfield error for **Olympique Lyonnais** in Olympique Lyonnais vs Racing Club de Strasbourg Alsace: Numbers: 0 and 11.
[3839056] Failed to build match row: 1. Fußball- und Sportverein Mainz 05 vs 1. Fußballclub Union Berlin
[4363762] Failed to build match row: Olympique Lyonnais vs Racing Club de Strasbourg Alsace
[3872623] Failed to build match row: Fudbalski Klub Radnički Niš vs Gzira United FC
[3621475] Could not find attributes for mansur (Clube Desportivo Santa Clara, 2021)
[3621475] Failed to build match row: Clube Desportivo Santa Clara vs Futebol Clube do Porto
[4743262] Could not find attributes for paco sanin (SD Negreira, 2025)
[4743262] Failed to build match row: SD Negreira vs Real Sociedad de Fútbol S.A.D.

Keepers & outfield error for **Club Atlético Newell’s Old Boys** in Club Atlético Newell’s Old Boys vs Club Atlético Rosario Central: Numbers: 2 and 9.
[4798353] Failed to build match row: Club Atlético Newell’s Old Boys vs Club Atlético Rosario Central

Keepers & outfield error for **Sporting Clube de Portugal** in Sporting Clube de Portugal vs Futebol Clube de Famalicão: Numbers: 0 and 11.
[4396841] Failed to build match row: Sporting Clube de Portugal vs Futebol Clube de Famalicão
[4109385] Failed to scrape lineup: https://www.transfermarkt.co.uk/portimonense-sc_gd-chaves/index/spielbericht/4109385
[4627354] Failed to build match row: Grasshopper Club Zürich vs FC Thun

Keepers & outfield error for **Livingston Football Club** in Livingston Football Club vs The Celtic Football Club: Numbers: 0 and 11.
[3890187] Failed to build match row: Livingston Football Club vs The Celtic Football Club
[4056343] Could not find attributes for nikolay sysuev (FC Orenburg, 2022)
[4056343] Failed to build match row: FC Orenburg vs FK Nizhny Novgorod
[3433262] Could not find attributes for tommaso pobega (Spezia Calcio, 2020)
 vs Manchester City Football Club: Numbers: 0 and 11.
[4680831] Could not find attributes for abde ezzalzouli (Morocco, 2025)
[4095231] Failed to build match row: Luton Town vs Manchester City Football Club
[3433262] Failed to build match row: Spezia Calcio vs Atalanta Bergamasca Calcio S.p.a.
[4680831] Failed to build match row: Cameroon vs Morocco
[4172254] Could not find attributes for bruno petkovic (GNK Dinamo Zagreb, 2023)
[4172254] Failed to build match row: GNK Dinamo Zagreb vs FC Ballkani
[4466577] Could not find attributes for derek gaston (Stirling Albion FC, 2024)
[4466577] Failed to build match row: Stirling Albion FC vs Bo'ness Athletic FC
[3419681] Could not find attributes for nemanja milunovic (Fudbalski klub Crvena zvezda Beograd, 2020)
[3419681] Failed to build match row: Fudbalski klub Crvena zvezda Beograd vs Europa FC

Keepers & outfield error for **Almere City FC** in RKC Waalwijk vs Almere City FC: Numbers: 0 and 11.
[4098120] Failed to build match row: RKC Waalwijk vs Almere City FC
[3427015] Could not find attributes for kevin mirallas (Gaziantep Futbol Kulübü A.Ş., 2020)
[4363763] Could not find attributes for yunis abdelhamid (AS Saint-Étienne, 2024)
[3427015] Failed to build match row: Fatih Karagümrük Sportif Faaliyetler San. Tic. A.Ş. vs Gaziantep Futbol Kulübü A.Ş.
[4620819] Could not find attributes for jesper karlstrom (Udinese Calcio, 2025)
[4363763] Failed to build match row: Stade brestois 29 vs AS Saint-Étienne
[4620819] Failed to build match row: Parma Calcio 1913 vs Udinese Calcio
[3450761] Could not find attributes for zinedine machach (VVV-Venlo, 2020)

Keepers & outfield error for **Vitória Sport Clube** in Vitória Sport Clube vs Moreirense Futebol Clube: Numbers: 0 and 11.
[3450761] Failed to build match row: VVV-Venlo vs Eindhovense Voetbalvereniging Philips Sport Vereniging
[3621476] Failed to build match row: Vitória Sport Clube vs Moreirense Futebol Clube
[4368002] Failed to scrape lineup: https://www.transfermarkt.co.uk/ajax-amsterdam_heracles-almelo/index/spielbericht/4368002
[3520052] Failed to build match row: Aris Thessalonikis vs Olympiakos Syndesmos Filathlon Peiraios

Keepers & outfield error for **Real Sociedad de Fútbol S.A.D.** in Real Sociedad de Fútbol S.A.D. vs Hrvatski Nogometni Klub Rijeka: Numbers: 0 and 11.
[3462375] Failed to build match row: Real Sociedad de Fútbol S.A.D. vs Hrvatski Nogometni Klub Rijeka
[4627355] Could not find attributes for renato steffen (FC Lugano, 2025)
[4627355] Failed to build match row: FC Luzern vs FC Lugano
[3872624] Could not find attributes for egor khatkevich (Dinamo Minsk, 2022)
[3872624] Failed to build match row: Dinamo Minsk vs Hapoel Beer Sheva
[4396842] Could not find attributes for sandro cruz (Gil Vicente Futebol Clube, 2024)
[4396842] Failed to build match row: Gil Vicente Futebol Clube vs Clube Desportivo Santa Clara
[3433263] Could not find attributes for gianluca scamacca (Genoa Cricket and Football Club, 2020)

Keepers & outfield error for **Nigeria** in Algeria vs Nigeria: Numbers: 0 and 11.
[3433263] Failed to build match row: Udinese Calcio vs Genoa Cricket and Football Club
[4680832] Failed to build match row: Algeria vs Nigeria
[3844854] Failed to scrape lineup: https://www.transfermarkt.co.uk/spezia-calcio_acf-fiorentina/index/spielbericht/3844854
[4246475] Could not find attributes for andrew moran (Blackburn Rovers, 2023)
[4246475] Failed to build match row: Blackburn Rovers vs Cambridge United
[3716651] Failed to scrape lineup: https://www.transfermarkt.co.uk/pas-lamia-1964_ionikos-nikeas/index/spielbericht/3716651

Keepers & outfield error for **Royal Sporting Club Anderlecht** in Royal Sporting Club Anderlecht vs Fenerbahçe Spor Kulübü: Numbers: 3 and 8.
[4056344] Could not find attributes for vanja drkusic (FK Sochi, 2022)
[4547680] Failed to build match row: Royal Sporting Club Anderlecht vs Fenerbahçe Spor Kulübü
[3839057] Could not find attributes for dennis geiger (Turn- und Sportgemeinschaft 1899 Hoffenheim Fußball-Spielbetriebs, 2022)
[4056344] Failed to build match row: FK Sochi vs Torpedo Moscow
[3839057] Failed to build match row: Turn- und Sportgemeinschaft 1899 Hoffenheim Fußball-Spielbetriebs vs VfL Bochum
[4373634] Could not find attributes for alexis claude maurice (Fußball-Club Augsburg 1907, 2024)
[4373634] Failed to build match row: Fußball-Club St. Pauli von 1910 vs Fußball-Club Augsburg 1907
[4120794] Failed to scrape lineup: https://www.transfermarkt.co.uk/nk-veres-rivne_fc-oleksandriya/index/spielbericht/4120794
[4647907] Failed to scrape lineup: https://www.transfermarkt.co.uk/basaksehir-fk_trabzonspor/index/spielbericht/4647907
[4814354] Failed to scrape lineup: https://www.transfermarkt.co.uk/spielbericht/index/spielbericht/4814354
[4246476] Failed to scrape lineup: https://www.transfermarkt.co.uk/spielbericht/index/spielbericht/4246476
[4625309] Could not find attributes for martin zlomislic (Hrvatski Nogometni Klub Rijeka, 2025)
[4625309] Failed to build match row: Hrvatski Nogometni Klub Rijeka vs NK Osijek s.d.d.
[4428861] Could not find attributes for filip marschall (Crewe Alexandra, 2023)
[4428861] Failed to build match row: Rotherham United vs Crewe Alexandra
[4547681] Failed to scrape lineup: https://www.transfermarkt.co.uk/spielbericht/index/spielbericht/4547681
[4649179] Could not find attributes for nuraly alip (AO FK Zenit Sankt-Peterburg, 2025)
[4649179] Failed to build match row: AO FK Zenit Sankt-Peterburg vs FK Dinamo Moskva
[4680833] Could not find attributes for mohamed el shenawy (Egypt, 2025)
[4680833] Failed to build match row: Egypt vs Ivory Coast

Keepers & outfield error for **Futebol Clube de Arouca** in Futebol Clube de Arouca vs Grupo Desportivo Estoril Praia: Numbers: 2 and 9.
[4396843] Failed to build match row: Futebol Clube de Arouca vs Grupo Desportivo Estoril Praia
[3427016] Could not find attributes for okechukwu azubuike (İstanbul Başakşehir Futbol Kulübü, 2020)

Keepers & outfield error for **Verona Hellas Football Club** in Verona Hellas Football Club vs Unione Sportiva Sassuolo Calcio: Numbers: 2 and 9.
[3433264] Failed to build match row: Verona Hellas Football Club vs Unione Sportiva Sassuolo Calcio
[3427016] Failed to build match row: Galatasaray Spor Kulübü vs İstanbul Başakşehir Futbol Kulübü
[3716652] Could not find attributes for davino verhulst (Apollon Smyrnis, 2021)
[3716652] Failed to build match row: Apollon Smyrnis vs Aris Thessalonikis
[3598023] Could not find attributes for andre onana (AFC Ajax Amsterdam, 2021)
[3598023] Failed to build match row: AFC Ajax Amsterdam vs RKC Waalwijk

Keepers & outfield error for **Puerto de Vega CF** in Puerto de Vega CF vs Celta: Numbers: 0 and 11.
[4743263] Failed to build match row: Puerto de Vega CF vs Celta
[4056345] Could not find attributes for ilya lantratov (Футбольный клуб "Локомотив" Москва, 2022)
[4680834] Failed to scrape lineup: https://www.transfermarkt.co.uk/spielbericht/index/spielbericht/4680834
[3450762] Could not find attributes for jan paul van hecke (Sportclub Heerenveen, 2020)
[4056345] Failed to build match row: Футбольный клуб "Локомотив" Москва vs FC Khimki (-2025)
[3450762] Failed to build match row: Sportclub Heerenveen vs ADO Den Haag
[3890189] Could not find attributes for orestis kiomourtzoglou (Heart of Midlothian Football Club, 2022)
[3890189] Failed to build match row: Ross County FC vs Heart of Midlothian Football Club

Keepers & outfield error for **Fenerbahçe Spor Kulübü** in Fenerbahçe Spor Kulübü vs Altay SK: Numbers: 0 and 11.
[3589120] Could not find attributes for jerome boateng (Olympique Lyonnais, 2021)
[3613051] Failed to build match row: Fenerbahçe Spor Kulübü vs Altay SK
[3589120] Failed to build match row: Olympique Lyonnais vs Association sportive de Monaco Football Club
[4137134] Could not find attributes for simone giordano (UC Sampdoria, 2023)
[4137134] Failed to build match row: UC Sampdoria vs FC Südtirol
[3602638] Could not find attributes for stanislav agkatsev (FK Krasnodar, 2021)
[3602638] Failed to build match row: FK Krasnodar vs RFK Akhmat Grozny
[3520053] Could not find attributes for younousse sankhare (Panathinaikos Athlitikos Omilos, 2020)
[3520053] Failed to build match row: Panathinaikos Athlitikos Omilos vs PAS Giannina

Keepers & outfield error for **Galatasaray Spor Kulübü** in Galatasaray Spor Kulübü vs Liverpool Football Club: Numbers: 2 and 9.
[3621477] Could not find attributes for ziga frelih (Gil Vicente Futebol Clube, 2021)
[4814355] Failed to build match row: Galatasaray Spor Kulübü vs Liverpool Football Club
[4627356] Could not find attributes for miroslav stevanovic (Servette Football Club 1890 SA, 2025)
[3462376] Could not find attributes for gustavo busatto (CSKA-Sofia, 2020)
[3652894] Failed to scrape lineup: https://www.transfermarkt.co.uk/spielbericht/index/spielbericht/3652894
[3621477] Failed to build match row: Gil Vicente Futebol Clube vs Futebol Clube de Arouca
[4627356] Failed to build match row: Servette Football Club 1890 SA vs FC Zürich

Keepers & outfield error for **FC Viktoria Plzeň, a.s.** in FC Viktoria Plzeň, a.s. vs FC Astana: Numbers: 0 and 11.
[3462376] Failed to build match row: CSKA-Sofia vs Associazione Sportiva Roma
[4120795] Could not find attributes for pavlo isenko (Vorskla Poltava, 2023)
[4625310] Could not find attributes for bruno goda (GNK Dinamo Zagreb, 2025)
[4172256] Failed to build match row: FC Viktoria Plzeň, a.s. vs FC Astana
[4120795] Failed to build match row: Vorskla Poltava vs FK Obolon Kyiv
[4098121] Could not find attributes for siem de moes (Excelsior Rotterdam, 2023)
[4647908] Could not find attributes for efkan bekiroglu (Göztepe Sportif Yatırımlar A.Ş., 2025)
[4625310] Failed to build match row: GNK Dinamo Zagreb vs Hrvatski Nogometni Klub Rijeka
[4098121] Failed to build match row: Excelsior Rotterdam vs Eindhovense Voetbalvereniging Philips Sport Vereniging
[4647908] Failed to build match row: Göztepe Sportif Yatırımlar A.Ş. vs Kocaelispor Kulübü
[3433265] Could not find attributes for matteo lovato (Verona Hellas Football Club, 2020)

Keepers & outfield error for **Club Social y Deportivo Defensa y Justicia** in Club Social y Deportivo Defensa y Justicia vs Club Atlético Lanús: Numbers: 0 and 11.
[3433265] Failed to build match row: Atalanta Bergamasca Calcio S.p.a. vs Verona Hellas Football Club
[4798356] Failed to build match row: Club Social y Deportivo Defensa y Justicia vs Club Atlético Lanús
[4649180] Could not find attributes for aleksandr maksimenko (FK Spartak Moskva, 2025)
[4649180] Failed to build match row: FK Spartak Moskva vs FC Orenburg

Keepers & outfield error for **Heart of Midlothian Football Club** in Livingston Football Club vs Heart of Midlothian Football Club: Numbers: 2 and 9.
[4638807] Failed to build match row: Livingston Football Club vs Heart of Midlothian Football Club
[3716653] Could not find attributes for triantafyllos pasalidis (Omilos Filathlon Irakliou FC, 2021)
[3716653] Failed to build match row: Panthessalonikios Athlitikos Omilos Konstantinoupoliton vs Omilos Filathlon Irakliou FC
[3427017] Could not find attributes for munir el kajoui (Hatayspor, 2020)
[3427017] Failed to build match row: Hatayspor vs Fenerbahçe Spor Kulübü
[3522816] Could not find attributes for josip condric (Rotor Volgograd, 2020)
[3522816] Failed to build match row: Rotor Volgograd vs FC Khimki (-2025)
[3450763] Could not find attributes for tyronne ebuehi (Football Club Twente, 2020)
[3450763] Failed to build match row: Football Club Twente vs Football Club Utrecht
[3602639] Could not find attributes for bogdan ovsyannikov (PFK Krylya Sovetov Samara, 2021)
[3602639] Failed to build match row: PFK Krylya Sovetov Samara vs Футбольный клуб "Локомотив" Москва
[4056346] Could not find attributes for leo andrade (FC Khimki (-2025), 2022)
[4056346] Failed to build match row: FC Khimki (-2025) vs FK Dinamo Moskva

Keepers & outfield error for **Olympique de Marseille** in Olympique de Marseille vs Football Club Lorient-Bretagne Sud: Numbers: 2 and 9.
[3589121] Failed to build match row: Olympique de Marseille vs Football Club Lorient-Bretagne Sud
[4095233] Could not find attributes for wes foderingham (Sheffield United, 2023)
[4095233] Failed to build match row: Sheffield United vs Brentford Football Club

Keepers & outfield error for **Paris Saint-Germain Football Club** in Paris Saint-Germain Football Club vs Tottenham Hotspur Football Club: Numbers: 2 and 9.
[4715060] Failed to build match row: Paris Saint-Germain Football Club vs Tottenham Hotspur Football Club
[4680835] Could not find attributes for djigui diarra (Mali, 2025)
[4680835] Failed to build match row: Mali vs Tunisia
[4246478] Could not find attributes for lewis payne (Newport County, 2023)
[4246478] Failed to build match row: Newport County vs Eastleigh FC
[3872625] Could not find attributes for mihkel aksalu (Paide Linnameeskond, 2022)
[3872625] Failed to build match row: Paide Linnameeskond vs FC Ararat-Armenia

Keepers & outfield error for **Clube Desportivo de Tondela** in Clube Desportivo de Tondela vs CS Marítimo: Numbers: 2 and 9.
[3621478] Failed to build match row: Clube Desportivo de Tondela vs CS Marítimo
[4396844] Failed to scrape lineup: https://www.transfermarkt.co.uk/moreirense-fc_boavista-fc/index/spielbericht/4396844
[4547683] Could not find attributes for amar memic (FC Viktoria Plzeň, a.s., 2024)
[4547683] Failed to build match row: FC Viktoria Plzeň, a.s. vs Società Sportiva Lazio S.p.A.
[4625311] Could not find attributes for marko malenica (NK Osijek s.d.d., 2025)
[4625311] Failed to build match row: NK Osijek s.d.d. vs NK Varazdin

Keepers & outfield error for **Atalanta Bergamasca Calcio S.p.a.** in Atalanta Bergamasca Calcio S.p.a. vs Società Sportiva Calcio Napoli: Numbers: 2 and 9.
[3844856] Failed to build match row: Atalanta Bergamasca Calcio S.p.a. vs Società Sportiva Calcio Napoli
[4428862] Could not find attributes for matthew young (Salford City, 2023)
[4428862] Failed to build match row: Salford City vs Doncaster Rovers
[4798357] Could not find attributes for lautaro petruchi (Club Atlético Gimnasia y Esgrima de Mendoza, 2025)
[4798357] Failed to build match row: Club Atlético Boca Juniors vs Club Atlético Gimnasia y Esgrima de Mendoza
[4521468] Could not find attributes for tomoki hayakawa (Kashima Antlers FC, 2024)
[4521468] Failed to build match row: Kashima Antlers FC vs Sanfrecce Hiroshima
[4098122] Failed to scrape lineup: https://www.transfermarkt.co.uk/sc-heerenveen_twente-enschede-fc/index/spielbericht/4098122
[4642933] Failed to scrape lineup: https://www.transfermarkt.co.uk/grazer-ak-1902_tsv-hartberg/index/spielbericht/4642933

Keepers & outfield error for **FC Vizela** in FC Vizela vs Futebol Clube de Famalicão: Numbers: 2 and 9.
[3450764] Could not find attributes for slobodan tedic (Prins Hendrik Ende Desespereert Nimmer Combinatie Zwolle, 2020)
[3450764] Failed to build match row: Prins Hendrik Ende Desespereert Nimmer Combinatie Zwolle vs Football Club Groningen
[4109386] Failed to build match row: FC Vizela vs Futebol Clube de Famalicão
[3602640] Could not find attributes for egor baburin (FK Rostov, 2021)
[3602640] Failed to build match row: PFK CSKA Moskva vs FK Rostov
[3589122] Could not find attributes for jemerson (Football Club de Metz, 2021)
[3589122] Failed to build match row: Football Club de Metz vs Rennes
[3890190] Failed to scrape lineup: https://www.transfermarkt.co.uk/st-johnstone-fc_kilmarnock-fc/index/spielbericht/3890190
[3598024] Could not find attributes for sekou sylla (SC Cambuur Leeuwarden, 2021)
[3598024] Failed to build match row: Football Club Groningen vs SC Cambuur Leeuwarden
[3613053] Could not find attributes for halil dervisoglu (Galatasaray Spor Kulübü, 2021)
[3613053] Failed to build match row: Galatasaray Spor Kulübü vs Trabzonspor Kulübü
[4363766] Could not find attributes for adrien thomasson (Racing Club de Lens, 2024)
[4363766] Failed to build match row: Association sportive de Monaco Football Club vs Racing Club de Lens
[4056347] Could not find attributes for egor baburin (Torpedo Moscow, 2022)
[4056347] Failed to build match row: Torpedo Moscow vs RFK Akhmat Grozny
[4172257] Could not find attributes for enea kolici (FC Ballkani, 2023)
[4172257] Failed to build match row: FC Viktoria Plzeň, a.s. vs FC Ballkani
[3427018] Could not find attributes for yassine meriah (Çaykur Rizespor Kulübü, 2020)
[3427018] Failed to build match row: Çaykur Rizespor Kulübü vs Kasımpaşa A.Ş.

Keepers & outfield error for **Grupo Desportivo Estoril Praia** in Grupo Desportivo Estoril Praia vs Casa Pia Atlético Clube: Numbers: 0 and 11.
[4109387] Failed to build match row: Grupo Desportivo Estoril Praia vs Casa Pia Atlético Clube
[4814356] Failed to scrape lineup: https://www.transfermarkt.co.uk/spielbericht/index/spielbericht/4814356
[4396845] Could not find attributes for bruno varela (Vitória Sport Clube, 2024)
[4396845] Failed to build match row: Vitória Sport Clube vs Club Football Estrela da Amadora
[3433267] Could not find attributes for milos vulic (FC Crotone, 2020)
[3433267] Failed to build match row: Bologna Football Club 1909 vs FC Crotone
[4680836] Could not find attributes for abde ezzalzouli (Morocco, 2025)
[4680836] Failed to build match row: Morocco vs Tanzania
[4627358] Could not find attributes for olivier mambwa (Berner Sport Club Young Boys, 2025)
[4627358] Failed to build match row: Berner Sport Club Young Boys vs Football Club Lausanne-Sport
[3872626] Could not find attributes for mads hedenstad (Lillestrøm Sportsklubb, 2022)
[3872626] Failed to build match row: Lillestrøm Sportsklubb vs SJK Seinäjoki
[3598025] Could not find attributes for cuco martina (Go Ahead Eagles, 2021)
[3598025] Failed to build match row: Go Ahead Eagles vs AFC Ajax Amsterdam
[3653067] Could not find attributes for marcel hoffmeier (Preußen Münster, 2021)
[3653067] Failed to build match row: Preußen Münster vs Hertha BSC
[4246479] Could not find attributes for adam forshaw (Norwich City, 2023)
[4246479] Failed to build match row: Norwich City vs Bristol Rovers
[4649181] Failed to scrape lineup: https://www.transfermarkt.co.uk/fc-rostov_dinamo-makhachkala/index/spielbericht/4649181
[4408341] Could not find attributes for nikita kokarev (FC Khimki (-2025), 2024)
[4408341] Failed to build match row: FC Khimki (-2025) vs Akron Togliatti

Keepers & outfield error for **Club Atlético de Madrid S.A.D.** in Club Atlético de Madrid S.A.D. vs Real Madrid Club de Fútbol: Numbers: 2 and 9.
[3858320] Failed to build match row: Club Atlético de Madrid S.A.D. vs Real Madrid Club de Fútbol

Keepers & outfield error for **Galatasaray Spor Kulübü** in Galatasaray Spor Kulübü vs Gençlerbirliği Spor Kulübü: Numbers: 2 and 9.
[4647909] Failed to build match row: Galatasaray Spor Kulübü vs Gençlerbirliği Spor Kulübü
[3450765] Failed to scrape lineup: https://www.transfermarkt.co.uk/fortuna-sittard_fc-utrecht/index/spielbericht/3450765
[4361459] Failed to scrape lineup: https://www.transfermarkt.co.uk/southampton-fc_chelsea-fc/index/spielbericht/4361459
[4625312] Could not find attributes for tomislav bozic (NK Slaven Belupo Koprivnica, 2025)
[4625312] Failed to build match row: NK Slaven Belupo Koprivnica vs HNK Hajduk Split
[3602641] Could not find attributes for fabian balbuena (FK Dinamo Moskva, 2021)
[3602641] Failed to build match row: FK Dinamo Moskva vs FK Sochi
[4056348] Could not find attributes for sergey pesjakov (FK Rostov, 2022)
[4056348] Failed to build match row: FK Rostov vs Fakel Voronezh
[3522817] Failed to scrape lineup: https://www.transfermarkt.co.uk/fc-rostov_fc-sochi/index/spielbericht/3522817
[3433268] Could not find attributes for gabriele zappa (Cagliari Calcio, 2020)
[3433268] Failed to build match row: Cagliari Calcio vs Spezia Calcio
[4120796] Could not find attributes for german penkov (LNZ Cherkasy, 2023)
[4120796] Failed to build match row: LNZ Cherkasy vs FC Zorya Lugansk
[3450766] Could not find attributes for marko vejinovic (ADO Den Haag, 2020)
[3450766] Failed to build match row: ADO Den Haag vs Sparta Rotterdam
[3427019] Could not find attributes for anton maglica (Kayserispor Kulübü, 2020)
[3427019] Failed to build match row: Kayserispor Kulübü vs Alanyaspor
[4368004] Could not find attributes for faissal al mazyani (RKC Waalwijk, 2024)
[4368004] Failed to build match row: Football Club Twente vs RKC Waalwijk
[4172258] Could not find attributes for aleksandr marochkin (FC Astana, 2023)
[4814357] Could not find attributes for lorenzo bernasconi (Atalanta Bergamasca Calcio S.p.a., 2025)
[4172258] Failed to build match row: FC Astana vs GNK Dinamo Zagreb
[4814357] Failed to build match row: Atalanta Bergamasca Calcio S.p.a. vs FC Bayern München
[4649182] Could not find attributes for stanislav agkatsev (FK Krasnodar, 2025)
[4649182] Failed to build match row: FK Krasnodar vs FC Rubin Kazan
[3890191] Could not find attributes for yuki kobayashi (The Celtic Football Club, 2022)
[3890191] Failed to build match row: The Celtic Football Club vs Saint Mirren Football Club
[4642935] Could not find attributes for joao tornich (Linzer Athletik-Sport-Klub, 2025)
[4642935] Failed to build match row: Linzer Athletik-Sport-Klub vs Grazer Athletiksport Klub 1902
[3613055] Could not find attributes for yunus akgun (Adana Demirspor, 2021)
[3613055] Failed to build match row: Adana Demirspor vs Fatih Karagümrük Sportif Faaliyetler San. Tic. A.Ş.
[4743264] Could not find attributes for miguel prado (Ourense CF, 2025)
[4627359] Failed to scrape lineup: https://www.transfermarkt.co.uk/fc-lausanne-sport_grasshopper-club-zurich/index/spielbericht/4627359
[4743264] Failed to build match row: Ourense CF vs Real Oviedo S.A.D.
[4428863] Could not find attributes for tommi oreilly (Shrewsbury Town, 2023)
[4428863] Failed to build match row: Shrewsbury Town vs Notts County
[3598026] Could not find attributes for andreas samaris (Fortuna Sittardia Combinatie, 2021)
[4638808] Failed to scrape lineup: https://www.transfermarkt.co.uk/motherwell-fc_kilmarnock-fc/index/spielbericht/4638808
[3598026] Failed to build match row: Fortuna Sittardia Combinatie vs Vitesse Arnhem
[4625313] Could not find attributes for davor matijas (HNK Gorica, 2025)
[4625313] Failed to build match row: HNK Gorica vs NK Lokomotiva Zagreb
[4649183] Could not find attributes for vladislav torop (PFK CSKA Moskva, 2025)
[4649183] Failed to build match row: PFK CSKA Moskva vs PFK Krylya Sovetov Samara
[3419682] Could not find attributes for shahrudin mahammadaliyev (Qarabağ FK, 2020)
[3419682] Failed to build match row: Qarabağ FK vs Sileks Kratovo
[3653135] Could not find attributes for matija boben (Ternana Calcio, 2021)
[3653135] Failed to build match row: Venezia FC vs Ternana Calcio
[4408342] Could not find attributes for igor akinfeev (PFK CSKA Moskva, 2024)
[4408342] Failed to build match row: PFK CSKA Moskva vs FK Krasnodar
[3872627] Failed to scrape lineup: https://www.transfermarkt.co.uk/spielbericht/index/spielbericht/3872627
[4521470] Could not find attributes for hiroto taniguchi (Tokyo Verdy, 2024)
[4521470] Failed to build match row: Tokyo Verdy vs Hitachi Kashiwa Reysol
[4638809] Could not find attributes for jack butland (Rangers Football Club, 2025)
[4638809] Failed to build match row: Rangers Football Club vs The Celtic Football Club
[3716654] Could not find attributes for jeronimo barrales (A.G.S Asteras Tripolis, 2021)
[3716654] Failed to build match row: A.G.S Asteras Tripolis vs Volou Neos Podosferikos Syllogos
[4361460] Failed to scrape lineup: https://www.transfermarkt.co.uk/aston-villa_southampton-fc/index/spielbericht/4361460
[3433269] Could not find attributes for gianluca scamacca (Genoa Cricket and Football Club, 2020)
[3621480] Failed to scrape lineup: https://www.transfermarkt.co.uk/portimonense-sc_b-sad/index/spielbericht/3621480
[3433269] Failed to build match row: Genoa Cricket and Football Club vs Parma Calcio 1913

Keepers & outfield error for **SC Farense** in SC Farense vs Sporting Clube de Braga: Numbers: 2 and 9.
[4396846] Failed to build match row: SC Farense vs Sporting Clube de Braga
[4120797] Failed to scrape lineup: https://www.transfermarkt.co.uk/dynamo-kyiv_kryvbas-kryvyi-rig/index/spielbericht/4120797
[3602642] Could not find attributes for nikita medvedev (FC Rubin Kazan, 2021)
[3858321] Failed to scrape lineup: https://www.transfermarkt.co.uk/fc-barcelona_elche-cf/index/spielbericht/3858321
[4649184] Could not find attributes for giorgiy shelia (RFK Akhmat Grozny, 2025)
[3602642] Failed to build match row: FC Rubin Kazan vs FK Ufa
[3598027] Could not find attributes for tijjani noslin (Fortuna Sittardia Combinatie, 2021)
[4466578] Failed to scrape lineup: https://www.transfermarkt.co.uk/spielbericht/index/spielbericht/4466578
[4625314] Could not find attributes for franko kolic (NK Istra 1961, 2025)
[4649184] Failed to build match row: RFK Akhmat Grozny vs FK Sochi
[3598027] Failed to build match row: Football Club Utrecht vs Fortuna Sittardia Combinatie
[4625314] Failed to build match row: NK Istra 1961 vs HNK Vukovar 1991
[3613056] Could not find attributes for mehdi zeffane (Yeni Malatyaspor, 2021)
[3613056] Failed to build match row: Yeni Malatyaspor vs Beşiktaş Jimnastik Kulübü
[4627360] Could not find attributes for renato steffen (FC Lugano, 2025)
[4627360] Failed to build match row: FC Lugano vs Fussballclub Winterthur
[4368005] Failed to scrape lineup: https://www.transfermarkt.co.uk/go-ahead-eagles_sparta-rotterdam/index/spielbericht/4368005
[3419683] Could not find attributes for luquinhas (Legia Warszawa Spółka Akcyjna, 2020)
[3419683] Failed to build match row: Legia Warszawa Spółka Akcyjna vs Linfield FC
[4109388] Could not find attributes for kiko (Gil Vicente Futebol Clube, 2023)
[4109388] Failed to build match row: Gil Vicente Futebol Clube vs Rio Ave Futebol Clube
[4642936] Could not find attributes for furkan demir (Sportklub Rapid, 2025)
[4642936] Failed to build match row: Sportvereinigung Ried 1912 vs Sportklub Rapid
[4680837] Could not find attributes for ronwen williams (South Africa, 2025)
[4680837] Failed to build match row: South Africa vs Cameroon
[4361461] Could not find attributes for fabio carvalho (Brentford Football Club, 2024)
[4361461] Failed to build match row: Brentford Football Club vs Newcastle United Football Club
[3450767] Could not find attributes for ahmed touba (RKC Waalwijk, 2020)
[3450767] Failed to build match row: RKC Waalwijk vs FC Emmen
[3522818] Could not find attributes for yaroslav godzyur (Ural Yekaterinburg, 2020)
[3522818] Failed to build match row: Ural Yekaterinburg vs FK Ufa
[4620820] Failed to scrape lineup: https://www.transfermarkt.co.uk/pisa-sporting-club_inter-milan/index/spielbericht/4620820
[3602643] Could not find attributes for mikhail levashov (Arsenal Tula, 2021)
[3602643] Failed to build match row: Arsenal Tula vs Ural Yekaterinburg

Keepers & outfield error for **Real Betis Balompié S.A.D.** in Real Betis Balompié S.A.D. vs Girona Fútbol Club S. A. D.: Numbers: 0 and 11.
[3427020] Failed to scrape lineup: https://www.transfermarkt.co.uk/buyuksehir-belediye-erzurumspor_kayserispor/index/spielbericht/3427020
[3858322] Failed to build match row: Real Betis Balompié S.A.D. vs Girona Fútbol Club S. A. D.
[4098125] Failed to scrape lineup: https://www.transfermarkt.co.uk/heracles-almelo_az-alkmaar/index/spielbericht/4098125
[3598028] Could not find attributes for andreas samaris (Fortuna Sittardia Combinatie, 2021)
[3613057] Could not find attributes for shapi suleymanov (Giresunspor, 2021)
[3598028] Failed to build match row: Football Club Groningen vs Fortuna Sittardia Combinatie
[3613057] Failed to build match row: Giresunspor vs Alanyaspor
[4649185] Could not find attributes for nikita medvedev (FK Nizhny Novgorod, 2025)
[3716655] Could not find attributes for nordin amrabat (Athlitiki Enosi Konstantinoupoleos, 2021)
[4120798] Could not find attributes for dmytro ledviy (FC Rukh Lviv, 2023)
[3716655] Failed to build match row: Athlitiki Enosi Konstantinoupoleos vs Panetolikos Agrinio
[4649185] Failed to build match row: FK Nizhny Novgorod vs FK Baltika
[4120798] Failed to build match row: FC Rukh Lviv vs Chornomorets Odesa
[4680838] Could not find attributes for mohamed el shenawy (Egypt, 2025)
[4680838] Failed to build match row: Egypt vs Benin

Keepers & outfield error for **SC Farense** in Boavista FC vs SC Farense: Numbers: 2 and 9.
[4109389] Failed to build match row: Boavista FC vs SC Farense
[4640717] Could not find attributes for dragan rosic (Fudbalski Klub Vojvodina, 2025)
[4640717] Failed to build match row: Fudbalski Klub Vojvodina vs Fudbalski Klub Javor Matis Ivanjica
[4396847] Could not find attributes for andreas ntoi (Rio Ave Futebol Clube, 2024)
[4396847] Failed to build match row: Rio Ave Futebol Clube vs Sport Lisboa e Benfica

Keepers & outfield error for **Valencia Club de Fútbol S. A. D.** in Valencia Club de Fútbol S. A. D. vs Celta: Numbers: 2 and 9.
[3858323] Failed to build match row: Valencia Club de Fútbol S. A. D. vs Celta
[3462377] Could not find attributes for miralem sulejmani (Berner Sport Club Young Boys, 2020)
[3462377] Failed to build match row: Berner Sport Club Young Boys vs Fotbal Club CFR 1907 Cluj SA
[4098126] Could not find attributes for anis hadj moussa (Vitesse Arnhem, 2023)
[4098126] Failed to build match row: Vitesse Arnhem vs Sparta Rotterdam
[4627362] Could not find attributes for miroslav stevanovic (Servette Football Club 1890 SA, 2025)
[4627362] Failed to build match row: FC St. Gallen 1879 vs Servette Football Club 1890 SA
[3419684] Could not find attributes for sergey ignatovich (Dynamo Brest, 2020)
[3419684] Failed to build match row: Dynamo Brest vs FC Astana
[3598029] Could not find attributes for tijjani noslin (Fortuna Sittardia Combinatie, 2021)
[3598029] Failed to build match row: Fortuna Sittardia Combinatie vs Feyenoord Rotterdam
[3839080] Could not find attributes for dennis geiger (Turn- und Sportgemeinschaft 1899 Hoffenheim Fußball-Spielbetriebs, 2022)
[3839080] Failed to build match row: Bayer 04 Leverkusen Fußball vs Turn- und Sportgemeinschaft 1899 Hoffenheim Fußball-Spielbetriebs
[4408343] Failed to scrape lineup: https://www.transfermarkt.co.uk/dynamo-moscow_spartak-moscow/index/spielbericht/4408343
[4363768] Failed to scrape lineup: https://www.transfermarkt.co.uk/stade-reims_stade-rennais-fc/index/spielbericht/4363768
[4428864] Could not find attributes for zak bradshaw (Tranmere Rovers, 2023)
[4649186] Could not find attributes for vitaliy gudiev (Akron Togliatti, 2025)
[4649186] Failed to build match row: Akron Togliatti vs Футбольный клуб "Локомотив" Москва
[4428864] Failed to build match row: Tranmere Rovers vs Accrington Stanley
[4642938] Could not find attributes for tom ritzy hulsmann (Turn- und Sportverein Egger Glas Hartberg, 2025)
[4642938] Failed to build match row: Sportclub Rheindorf Altach vs Turn- und Sportverein Egger Glas Hartberg

Keepers & outfield error for **Nigeria** in Nigeria vs Mozambique: Numbers: 0 and 11.
Sporting Clube de Braga: Numbers: 0 and 11.
[4680839] Failed to build match row: Nigeria vs Mozambique
[4109390] Failed to build match row: Futebol Clube de Arouca vs Sporting Clube de Braga
[4368006] Could not find attributes for thom haye (Almere City FC, 2024)
[4368006] Failed to build match row: Nijmegen Eendracht Combinatie vs Almere City FC
[3602644] Could not find attributes for nikita goylo (FK Nizhny Novgorod, 2021)
[3602644] Failed to build match row: FK Nizhny Novgorod vs AO FK Zenit Sankt-Peterburg
[3522819] Could not find attributes for anton shunin (FK Dinamo Moskva, 2020)
[4640718] Could not find attributes for veljko ilic (Fudbalski klub TSC Bačka Topola, 2025)
[3522819] Failed to build match row: FK Dinamo Moskva vs PFK Tambov (-2021)
[4640718] Failed to build match row: Fudbalski klub TSC Bačka Topola vs Omladinski fudbalski klub Beograd
[4120799] Could not find attributes for yevgen volynets (SC Dnipro-1, 2023)
[4376689] Could not find attributes for george robesten (Ross County FC, 2024)
[4120799] Failed to build match row: SC Dnipro-1 vs FC Shakhtar Donetsk
[4376689] Failed to build match row: Ross County FC vs Hibernian Football Club
[4396848] Could not find attributes for luis esteves (Clube Desportivo Nacional, 2024)
[4396848] Failed to build match row: Clube Desportivo Nacional vs Casa Pia Atlético Clube
[4361463] Could not find attributes for abdoulaye doucoure (Everton Football Club, 2024)
[4361463] Failed to build match row: Everton Football Club vs Liverpool Football Club
[4172259] Could not find attributes for zarko tomasevic (FC Astana, 2023)
[4172259] Failed to build match row: FC Astana vs FC Viktoria Plzeň, a.s.
[4521478] Failed to scrape lineup: https://www.transfermarkt.co.uk/kashima-antlers_urawa-red-diamonds/index/spielbericht/4521478
[3653136] Failed to scrape lineup: https://www.transfermarkt.co.uk/spielbericht/index/spielbericht/3653136
[3598030] Could not find attributes for andre onana (AFC Ajax Amsterdam, 2021)
[3598030] Failed to build match row: Football Club Groningen vs AFC Ajax Amsterdam
[3890193] Failed to scrape lineup: https://www.transfermarkt.co.uk/hibernian-fc_dundee-united-fc/index/spielbericht/3890193
[3884478] Could not find attributes for boris santen (JOS Watergraafsmeer, 2022)
[3884478] Failed to build match row: JOS Watergraafsmeer vs HSV Hoek
[3433270] Failed to scrape lineup: https://www.transfermarkt.co.uk/ss-lazio_udinese-calcio/index/spielbericht/3433270
[3419685] Could not find attributes for beitir olafsson (KR Reykjavík, 2020)
[4649187] Could not find attributes for stanislav agkatsev (FK Krasnodar, 2025)
[3419685] Failed to build match row: The Celtic Football Club vs KR Reykjavík
[4649187] Failed to build match row: FK Krasnodar vs RFK Akhmat Grozny
[3716656] Could not find attributes for giannis kotsiras (Panathinaikos Athlitikos Omilos, 2021)
[3949566] Could not find attributes for allan mateu (CD l’Alcora, 2022)
[3716656] Failed to build match row: Panathinaikos Athlitikos Omilos vs Olympiakos Syndesmos Filathlon Peiraios
[3949566] Failed to build match row: CD l’Alcora vs Elche Club de Fútbol S.A.D.
[4625315] Failed to scrape lineup: https://www.transfermarkt.co.uk/nk-istra-1961_gnk-dinamo-zagreb/index/spielbericht/4625315
[4814359] Failed to scrape lineup: https://www.transfermarkt.co.uk/spielbericht/index/spielbericht/4814359
[4408344] Could not find attributes for vitaliy gudiev (Fakel Voronezh, 2024)
[4408344] Failed to build match row: Fakel Voronezh vs Футбольный клуб "Локомотив" Москва
[4743265] Could not find attributes for kike fanjul (Caudal Deportivo, 2025)

Keepers & outfield error for **Fortuna Sittardia Combinatie** in Fortuna Sittardia Combinatie vs Nijmegen Eendracht Combinatie: Numbers: 0 and 11.
[4743265] Failed to build match row: Caudal Deportivo vs Sporting Gijón
[4098127] Failed to build match row: Fortuna Sittardia Combinatie vs Nijmegen Eendracht Combinatie
[4521480] Could not find attributes for kosei tani (Zelvia, 2024)
[4521480] Failed to build match row: Zelvia vs Albirex Niigata
[4640719] Could not find attributes for sasa stamenkovic (Fudbalski Klub Mladost Lučani, 2025)
[4640719] Failed to build match row: Fudbalski Klub Mladost Lučani vs Fudbalski klub Crvena zvezda Beograd
[3602645] Could not find attributes for ilya lantratov (FC Khimki (-2025), 2021)
[3602645] Failed to build match row: FC Khimki (-2025) vs FK Spartak Moskva
[4547684] Could not find attributes for gelson martins (Olympiakos Syndesmos Filathlon Peiraios, 2024)
[4547684] Failed to build match row: Fotballklubben Bodø/Glimt vs Olympiakos Syndesmos Filathlon Peiraios
[4680840] Could not find attributes for chancel mbemba (Democratic Republic of the Congo, 2025)
[4680840] Failed to build match row: Algeria vs Democratic Republic of the Congo
[4095238] Could not find attributes for saman ghoddos (Brentford Football Club, 2023)
[4095238] Failed to build match row: Brentford Football Club vs Aston Villa Football Club
[3450768] Failed to scrape lineup: https://www.transfermarkt.co.uk/fortuna-sittard_twente-enschede-fc/index/spielbericht/3450768
[4172260] Could not find attributes for aleksa amanovic (FC Astana, 2023)
[4172260] Failed to build match row: FC Astana vs FC Ballkani
[4649188] Could not find attributes for igor akinfeev (PFK CSKA Moskva, 2025)
[4649188] Failed to build match row: PFK CSKA Moskva vs FK Spartak Moskva
[4647911] Failed to scrape lineup: https://www.transfermarkt.co.uk/kayserispor_gaziantep-fk/index/spielbericht/4647911
[3613058] Failed to scrape lineup: https://www.transfermarkt.co.uk/kasimpasa_kayserispor/index/spielbericht/3613058
[4625317] Could not find attributes for tino jukic (NK Lokomotiva Zagreb, 2025)
[3716657] Could not find attributes for vasilios soulis (PAS Giannina, 2021)
[4625317] Failed to build match row: NK Lokomotiva Zagreb vs NK Slaven Belupo Koprivnica
[3716657] Failed to build match row: PAS Giannina vs APS Atromitos Athinon
[4521481] Could not find attributes for il gyu park (Yokohama Marinos, 2024)
[4408345] Could not find attributes for evgeniy staver (FC Rubin Kazan, 2024)
[4521481] Failed to build match row: Yokohama Marinos vs Gamba Osaka
[4408345] Failed to build match row: FC Rubin Kazan vs FK Rostov
[4627363] Failed to scrape lineup: https://www.transfermarkt.co.uk/fc-thun_bsc-young-boys/index/spielbericht/4627363
[4095239] Could not find attributes for vitinho (Burnley Football Club, 2023)
[4095239] Failed to build match row: Burnley Football Club vs Everton Football Club
[4246481] Failed to scrape lineup: https://www.transfermarkt.co.uk/spielbericht/index/spielbericht/4246481
[3427021] Could not find attributes for aliou badji (MKE Ankaragücü, 2020)
Not enough players found for lineup: 0, 0.
[3427021] Failed to build match row: MKE Ankaragücü vs Sivasspor
[3884479] Failed to scrape lineup: https://www.transfermarkt.co.uk/spielbericht/index/spielbericht/3884479
[4056349] Failed to scrape lineup: https://www.transfermarkt.co.uk/fc-pari-nizhniy-novgorod_ural-yekaterinburg/index/spielbericht/4056349
[3522820] Failed to scrape lineup: https://www.transfermarkt.co.uk/spartak-moscow_fc-krasnodar/index/spielbericht/3522820
[3621481] Failed to scrape lineup: https://www.transfermarkt.co.uk/fc-vizela_estoril-praia/index/spielbericht/3621481
Almagro: Numbers: 2 and 9.
[4649189] Could not find attributes for andrey lunev (FK Dinamo Moskva, 2025)
[4172261] Could not find attributes for enea kolici (FC Ballkani, 2023)
[4798359] Failed to build match row: Club Atlético Talleres vs Club Atlético San Lorenzo de Almagro
[4649189] Failed to build match row: FK Dinamo Moskva vs Футбольный клуб "Локомотив" Москва
[4172261] Failed to build match row: FC Ballkani vs GNK Dinamo Zagreb
[3419745] Could not find attributes for pedro munoz (UE Engordany, 2020)
[3419745] Failed to build match row: UE Engordany vs FK Zeta Golubovac
[4361464] Failed to scrape lineup: https://www.transfermarkt.co.uk/fulham-fc_arsenal-fc/index/spielbericht/4361464
[3589126] Failed to scrape lineup: https://www.transfermarkt.co.uk/estac-troyes_ogc-nice/index/spielbericht/3589126
[4376690] Failed to scrape lineup: https://www.transfermarkt.co.uk/st-johnstone-fc_motherwell-fc/index/spielbericht/4376690
[4396849] Could not find attributes for lazar carevic (Futebol Clube de Famalicão, 2024)
[4396849] Failed to build match row: Futebol Clube de Arouca vs Futebol Clube de Famalicão
[3653137] Failed to scrape lineup: https://www.transfermarkt.co.uk/spielbericht/index/spielbericht/3653137
[3890194] Failed to scrape lineup: https://www.transfermarkt.co.uk/kilmarnock-fc_rangers-fc/index/spielbericht/3890194
[4625318] Could not find attributes for branimir mlacic (HNK Hajduk Split, 2025)
[4625318] Failed to build match row: HNK Hajduk Split vs NK Osijek s.d.d.
[4368008] Could not find attributes for olivier aertssen (Prins Hendrik Ende Desespereert Nimmer Combinatie Zwolle, 2024)
[4368008] Failed to build match row: Prins Hendrik Ende Desespereert Nimmer Combinatie Zwolle vs Sportclub Heerenveen
[3427022] Could not find attributes for francois moubandje (Alanyaspor, 2020)
[3427022] Failed to build match row: Alanyaspor vs Çaykur Rizespor Kulübü
[4095240] Could not find attributes for djordje petrovic (Chelsea Football Club, 2023)
[4095240] Failed to build match row: Chelsea Football Club vs Sheffield United
[3462380] Could not find attributes for abdallah sima (SK Slavia Praha, a.s., 2020)
[3462380] Failed to build match row: Bayer 04 Leverkusen Fußball vs SK Slavia Praha, a.s.
[4627364] Could not find attributes for chris kablan (FC Zürich, 2025)
[4627364] Failed to build match row: FC Zürich vs FC Basel 1893 AG
[4428865] Could not find attributes for joe hugill (Wigan Athletic, 2023)
[4428865] Failed to build match row: Wigan Athletic vs Barnsley FC
[4521483] Could not find attributes for naoto kamifukumoto (Shonan Bellmare, 2024)
[4521483] Failed to build match row: Shonan Bellmare vs Rakuten Vissel Kobe
[3858325] Failed to scrape lineup: https://www.transfermarkt.co.uk/real-sociedad_rcd-espanyol-barcelona/index/spielbericht/3858325
[4408346] Could not find attributes for nikita medvedev (FK Nizhny Novgorod, 2024)
[4408346] Failed to build match row: FK Nizhny Novgorod vs PFK Krylya Sovetov Samara
Not enough players found for lineup: 0, 0.
[4137208] Failed to scrape lineup: https://www.transfermarkt.co.uk/spielbericht/index/spielbericht/4137208
[3603054] Could not find attributes for liel abada (The Celtic Football Club, 2021)
[4680841] Could not find attributes for saidou simpore (Burkina Faso, 2025)
[3603054] Failed to build match row: Heart of Midlothian Football Club vs The Celtic Football Club
[4680841] Failed to build match row: Ivory Coast vs Burkina Faso
[4098129] Could not find attributes for robin maulun (Football Club Volendam, 2023)
[4098129] Failed to build match row: Football Club Volendam vs RKC Waalwijk
Not enough players found for lineup: 0, 0.
[3884480] Failed to scrape lineup: https://www.transfermarkt.co.uk/spielbericht/index/spielbericht/3884480
[3716659] Could not find attributes for praxitelis vouros (Omilos Filathlon Irakliou FC, 2021)
[4547685] Failed to scrape lineup: https://www.transfermarkt.co.uk/spielbericht/index/spielbericht/4547685
[3716659] Failed to build match row: Omilos Filathlon Irakliou FC vs Panetolikos Agrinio
[3427023] Failed to scrape lineup: https://www.transfermarkt.co.uk/kasimpasa_hatayspor/index/spielbericht/3427023
[3419746] Could not find attributes for ezequiel rojas (St Joseph's FC, 2020)
[3419746] Failed to build match row: St Joseph's FC vs B36 Tórshavn
[4396850] Could not find attributes for sandro cruz (Gil Vicente Futebol Clube, 2024)
[4396850] Failed to build match row: Gil Vicente Futebol Clube vs Moreirense Futebol Clube
[4408347] Could not find attributes for nikolay sysuev (FC Orenburg, 2024)
[4408347] Failed to build match row: FC Orenburg vs FC Khimki (-2025)
[4172262] Could not find attributes for enea kolici (FC Ballkani, 2023)
[3598031] Could not find attributes for aaron meijers (Sparta Rotterdam, 2021)
[4172262] Failed to build match row: FC Ballkani vs FC Viktoria Plzeň, a.s.
[3598031] Failed to build match row: Football Club Groningen vs Sparta Rotterdam
Not enough players found for lineup: 0, 0.
[4137210] Failed to scrape lineup: https://www.transfermarkt.co.uk/spielbericht/index/spielbericht/4137210
[3589127] Could not find attributes for jemerson (Football Club de Metz, 2021)
[3589127] Failed to build match row: Racing Club de Lens vs Football Club de Metz
[3949567] Could not find attributes for ndiogou sene (Velarde Camargo CF, 2022)
[3949567] Failed to build match row: Velarde Camargo CF vs Sevilla Fútbol Club S.A.D.
Not enough players found for lineup: 0, 0.
[4627365] Could not find attributes for flavius daniliuc (FC Basel 1893 AG, 2025)
[4627365] Failed to build match row: FC Basel 1893 AG vs FC Thun
[3884481] Failed to scrape lineup: https://www.transfermarkt.co.uk/spielbericht/index/spielbericht/3884481
[4625319] Could not find attributes for oliver zelenika (NK Varazdin, 2025)
[4625319] Failed to build match row: NK Varazdin vs Hrvatski Nogometni Klub Rijeka
[4647912] Failed to scrape lineup: https://www.transfermarkt.co.uk/eyupspor_fenerbahce/index/spielbericht/4647912
[4376691] Could not find attributes for oluwaseun adewumi (Dundee Football Club, 2024)
[4376691] Failed to build match row: Dundee Football Club vs Heart of Midlothian Football Club
[4642941] Could not find attributes for furkan demir (Sportklub Rapid, 2025)
[3621483] Could not find attributes for raul silva (Sporting Clube de Braga, 2021)
[4642941] Failed to build match row: Sportklub Rapid vs Sportklub Puntigamer Sturm Graz
[3621483] Failed to build match row: Sporting Clube de Braga vs Grupo Desportivo Estoril Praia
[3613059] Failed to scrape lineup: https://www.transfermarkt.co.uk/altay-sk_konyaspor/index/spielbericht/3613059
[4620833] Failed to scrape lineup: https://www.transfermarkt.co.uk/us-cremonese_us-lecce/index/spielbericht/4620833
[4814361] Failed to scrape lineup: https://www.transfermarkt.co.uk/spielbericht/index/spielbericht/4814361
[3716660] Could not find attributes for lefteris choutesiotis (Ionikos Nikeas, 2021)
[3716660] Failed to build match row: Ionikos Nikeas vs Panathinaikos Athlitikos Omilos
[3858327] Failed to scrape lineup: https://www.transfermarkt.co.uk/rcd-mallorca_ud-almeria/index/spielbericht/3858327
[4172263] Could not find attributes for enea kolici (FC Ballkani, 2023)
[4172263] Failed to build match row: FC Ballkani vs FC Astana
Not enough players found for lineup: 0, 0.
[3884482] Failed to scrape lineup: https://www.transfermarkt.co.uk/spielbericht/index/spielbericht/3884482
[3450769] Failed to scrape lineup: https://www.transfermarkt.co.uk/sc-heerenveen_sparta-rotterdam/index/spielbericht/3450769
[4056350] Failed to scrape lineup: https://www.transfermarkt.co.uk/cska-moscow_fc-orenburg/index/spielbericht/4056350
[3522821] Failed to scrape lineup: https://www.transfermarkt.co.uk/arsenal-tula_lokomotiv-moscow/index/spielbericht/3522821
Not enough players found for lineup: 0, 11.
[4649190] Could not find attributes for aleksey tataev (FC Orenburg, 2025)
[4137211] Failed to scrape lineup: https://www.transfermarkt.co.uk/spielbericht/index/spielbericht/4137211
[4649190] Failed to build match row: FC Orenburg vs FK Rostov
[4098130] Could not find attributes for mickey van der hart (Sportclub Heerenveen, 2023)
[4098130] Failed to build match row: Sportclub Heerenveen vs Football Club Utrecht
[4547687] Could not find attributes for maroan sannadi (Athletic Club Bilbao, 2024)
[4547687] Failed to build match row: Associazione Sportiva Roma vs Athletic Club Bilbao
[4642942] Could not find attributes for tom ritzy hulsmann (Turn- und Sportverein Egger Glas Hartberg, 2025)
[4642942] Failed to build match row: Turn- und Sportverein Egger Glas Hartberg vs Fußballklub Austria Wien
[3716661] Could not find attributes for marios siampanis (Aris Thessalonikis, 2021)
[3716661] Failed to build match row: Aris Thessalonikis vs PAS Lamia 1964
[4172265] Could not find attributes for patrick berg (Fotballklubben Bodø/Glimt, 2023)

Keepers & outfield error for **Torino Calcio** in Torino Calcio vs UC Sampdoria: Numbers: 2 and 9.
[3433274] Failed to build match row: Torino Calcio vs UC Sampdoria
[4172265] Failed to build match row: Club Brugge Koninklijke Voetbalvereniging vs Fotballklubben Bodø/Glimt
[4396851] Could not find attributes for xeka (Grupo Desportivo Estoril Praia, 2024)
[4396851] Failed to build match row: AVS Futebol SAD vs Grupo Desportivo Estoril Praia
[3450770] Could not find attributes for armando broja (Vitesse Arnhem, 2020)
[3450770] Failed to build match row: Feyenoord Rotterdam vs Vitesse Arnhem
[4625320] Could not find attributes for oliver zelenika (NK Varazdin, 2025)
[4625320] Failed to build match row: GNK Dinamo Zagreb vs NK Varazdin
[4408348] Could not find attributes for timur magomedov (Dinamo Makhachkala, 2024)
[4680842] Could not find attributes for mohamed el shenawy (Egypt, 2025)
[4408348] Failed to build match row: Dinamo Makhachkala vs AO FK Zenit Sankt-Peterburg
[4680842] Failed to build match row: Senegal vs Egypt
[3613060] Could not find attributes for ozkan yigiter (Sivasspor, 2021)
[3613060] Failed to build match row: Sivasspor vs Fenerbahçe Spor Kulübü
[4798361] Could not find attributes for alexis steimbach (Club de Gimnasia y Esgrima La Plata, 2025)
[4798361] Failed to build match row: Club Atlético Tigre vs Club de Gimnasia y Esgrima La Plata

Keepers & outfield error for **Vitória Sport Clube** in FC Paços de Ferreira vs Vitória Sport Clube: Numbers: 0 and 11.
[3621484] Failed to build match row: FC Paços de Ferreira vs Vitória Sport Clube
[3653138] Could not find attributes for samir ujkani (FC Empoli, 2021)
[3653138] Failed to build match row: Verona Hellas Football Club vs FC Empoli
[3522822] Could not find attributes for yuriy dyupin (FC Rubin Kazan, 2020)
[3522822] Failed to build match row: FC Rubin Kazan vs AO FK Zenit Sankt-Peterburg
[3884483] Could not find attributes for jorick maats (VV Staphorst, 2022)
[3884483] Failed to build match row: VV Staphorst vs TOGB Berkel
[4056351] Could not find attributes for mikhail kerzhakov (AO FK Zenit Sankt-Peterburg, 2022)
[4056351] Failed to build match row: AO FK Zenit Sankt-Peterburg vs FK Spartak Moskva
[4396852] Could not find attributes for bruno varela (Vitória Sport Clube, 2024)
[4620834] Could not find attributes for alvaro morata (Calcio Como, 2025)
[4396852] Failed to build match row: Vitória Sport Clube vs Clube Desportivo Santa Clara
[4620834] Failed to build match row: Football Club Internazionale Milano S.p.A. vs Calcio Como
[4649191] Could not find attributes for evgeniy staver (FC Rubin Kazan, 2025)
[4649191] Failed to build match row: FC Rubin Kazan vs PFK Krylya Sovetov Samara

Keepers & outfield error for **Nigeria** in Nigeria vs Morocco: Numbers: 0 and 11.
[4680843] Failed to build match row: Nigeria vs Morocco
[4098131] Could not find attributes for siem de moes (Excelsior Rotterdam, 2023)
[4098131] Failed to build match row: Prins Hendrik Ende Desespereert Nimmer Combinatie Zwolle vs Excelsior Rotterdam
[4625321] Could not find attributes for martin zlomislic (Hrvatski Nogometni Klub Rijeka, 2025)
[4625321] Failed to build match row: Hrvatski Nogometni Klub Rijeka vs HNK Hajduk Split
[3716662] Could not find attributes for stefanos stroungis (APS Atromitos Athinon, 2021)
[3716662] Failed to build match row: APS Atromitos Athinon vs Athlitiki Enosi Konstantinoupoleos
[4547688] Could not find attributes for florin tanase (SC Fotbal Club FCSB SA, 2024)
[4547688] Failed to build match row: SC Fotbal Club FCSB SA vs Olympique Lyonnais

Keepers & outfield error for **Galatasaray Spor Kulübü** in Liverpool Football Club vs Galatasaray Spor Kulübü: Numbers: 2 and 9.
[4814363] Failed to build match row: Liverpool Football Club vs Galatasaray Spor Kulübü
Not enough players found for lineup: 0, 11.
[4137212] Failed to scrape lineup: https://www.transfermarkt.co.uk/spielbericht/index/spielbericht/4137212
[3603056] Failed to scrape lineup: https://www.transfermarkt.co.uk/ross-county-fc_st-johnstone-fc/index/spielbericht/3603056
[3589130] Failed to scrape lineup: https://www.transfermarkt.co.uk/olympique-marseille_paris-saint-germain/index/spielbericht/3589130
[4466579] Could not find attributes for dean currie (Irvine Meadow XI FC, 2024)
[4466579] Failed to build match row: Irvine Meadow XI FC vs Civil Service Strollers FC
[3621485] Could not find attributes for mansur (Clube Desportivo Santa Clara, 2021)
[4361466] Failed to scrape lineup: https://www.transfermarkt.co.uk/manchester-united_nottingham-forest/index/spielbericht/4361466
[3621485] Failed to build match row: Clube Desportivo Santa Clara vs Futebol Clube de Arouca
[4547689] Could not find attributes for yusuf akcicek (Fenerbahçe Spor Kulübü, 2024)
[4547689] Failed to build match row: Fenerbahçe Spor Kulübü vs Rangers Football Club
[4120800] Failed to scrape lineup: https://www.transfermarkt.co.uk/kryvbas-kryvyi-rig_fc-minaj/index/spielbericht/4120800
[3858328] Failed to scrape lineup: https://www.transfermarkt.co.uk/ca-osasuna_getafe-cf/index/spielbericht/3858328
[4627366] Could not find attributes for renato steffen (FC Lugano, 2025)
[4627366] Failed to build match row: Grasshopper Club Zürich vs FC Lugano
[4649192] Could not find attributes for maksim borisko (FK Baltika, 2025)
[4056352] Could not find attributes for matvey safonov (FK Krasnodar, 2022)
[4649192] Failed to build match row: FK Baltika vs Dinamo Makhachkala
[4137214] Failed to scrape lineup: https://www.transfermarkt.co.uk/spielbericht/index/spielbericht/4137214
[4056352] Failed to build match row: FK Krasnodar vs PFK Krylya Sovetov Samara
[4172266] Could not find attributes for demir ege tiknaz (Beşiktaş Jimnastik Kulübü, 2023)
[3522823] Could not find attributes for ilya pomazun (PFK CSKA Moskva, 2020)
[3522823] Failed to build match row: PFK CSKA Moskva vs RFK Akhmat Grozny
ing vs Beşiktaş Jimnastik Kulübü
[3653139] Could not find attributes for christos kourfalidis (Cagliari Calcio, 2021)
[3653139] Failed to build match row: Cagliari Calcio vs AS Cittadella
[3949568] Failed to scrape lineup: https://www.transfermarkt.co.uk/spielbericht/index/spielbericht/3949568
[4625322] Could not find attributes for marko malenica (NK Osijek s.d.d., 2025)
[4625322] Failed to build match row: NK Osijek s.d.d. vs NK Lokomotiva Zagreb
[4428866] Could not find attributes for sydie peck (Sheffield United, 2023)
[4428866] Failed to build match row: Sheffield United vs Wrexham AFC
[4396853] Could not find attributes for luis esteves (Clube Desportivo Nacional, 2024)
[4396853] Failed to build match row: Clube Desportivo Nacional vs Club Football Estrela da Amadora
[3716663] Could not find attributes for boris kleyman (Volou Neos Podosferikos Syllogos, 2021)
[3716663] Failed to build match row: Volou Neos Podosferikos Syllogos vs Panthessalonikios Athlitikos Omilos Konstantinoupoliton
[3621486] Failed to scrape lineup: https://www.transfermarkt.co.uk/gil-vicente-fc_fc-famalicao/index/spielbericht/3621486
[4246482] Failed to scrape lineup: https://www.transfermarkt.co.uk/spielbericht/index/spielbericht/4246482
[3839085] Failed to scrape lineup: https://www.transfermarkt.co.uk/vfl-bochum_bayern-munich/index/spielbericht/3839085
[4647913] Failed to scrape lineup: https://www.transfermarkt.co.uk/konyaspor_kayserispor/index/spielbericht/4647913
[3598033] Could not find attributes for aaron meijers (Sparta Rotterdam, 2021)
[3598033] Failed to build match row: Heracles Almelo vs Sparta Rotterdam
[4098132] Could not find attributes for kristijan belic (Alkmaar Zaanstreek, 2023)
[4098132] Failed to build match row: Eindhovense Voetbalvereniging Philips Sport Vereniging vs Alkmaar Zaanstreek
[4680844] Could not find attributes for oufa shobeir (Egypt, 2025)
[4642944] Could not find attributes for joao tornich (Linzer Athletik-Sport-Klub, 2025)
[4642944] Failed to build match row: Fußballclub Blau-Weiß Linz vs Linzer Athletik-Sport-Klub
[4056353] Could not find attributes for ilya lantratov (Футбольный клуб "Локомотив" Москва, 2022)
[4680844] Failed to build match row: Egypt vs Nigeria
[4056353] Failed to build match row: Футбольный клуб "Локомотив" Москва vs FK Sochi
Not enough players found for lineup: 0, 0.
[4137216] Failed to scrape lineup: https://www.transfermarkt.co.uk/spielbericht/index/spielbericht/4137216
[4625323] Could not find attributes for tomislav bozic (NK Slaven Belupo Koprivnica, 2025)
[4625323] Failed to build match row: NK Slaven Belupo Koprivnica vs HNK Vukovar 1991

Keepers & outfield error for **Olympiakos Syndesmos Filathlon Peiraios** in Olympiakos Syndesmos Filathlon Peiraios vs PAS Giannina: Numbers: 2 and 9.
[3433276] Could not find attributes for eldor shomurodov (Genoa Cricket and Football Club, 2020)
[3716664] Failed to build match row: Olympiakos Syndesmos Filathlon Peiraios vs PAS Giannina
[3433276] Failed to build match row: Associazione Calcio Fiorentina vs Genoa Cricket and Football Club

Keepers & outfield error for **Aberdeen Football Club** in Aberdeen Football Club vs Dundee United Football Club: Numbers: 2 and 9.
[3522851] Could not find attributes for ilya lantratov (FC Khimki (-2025), 2020)
[3603057] Failed to build match row: Aberdeen Football Club vs Dundee United Football Club
[4798363] Could not find attributes for ignacio pais (Club Atlético Banfield, 2025)
[4649193] Could not find attributes for aleksandr vasyutin (Akron Togliatti, 2025)
[3522851] Failed to build match row: FC Khimki (-2025) vs FK Rostov
[4798363] Failed to build match row: Club Atlético Banfield vs Club Atlético Aldosivi
[4649193] Failed to build match row: Akron Togliatti vs AO FK Zenit Sankt-Peterburg
[3462381] Could not find attributes for raz rahamim (Hapoel Beer Sheva, 2020)
[3462381] Failed to build match row: Hapoel Beer Sheva vs Olympique Gymnaste Club Nice Côte d'Azur
[3621487] Failed to scrape lineup: https://www.transfermarkt.co.uk/cd-tondela_moreirense-fc/index/spielbericht/3621487
[3589131] Failed to scrape lineup: https://www.transfermarkt.co.uk/as-monaco_montpellier-hsc/index/spielbericht/3589131
[4373647] Failed to scrape lineup: https://www.transfermarkt.co.uk/tsg-1899-hoffenheim_1-fc-union-berlin/index/spielbericht/4373647
[4640720] Could not find attributes for nenad tomovic (Fudbalski klub Čukarički Beograd, 2025)
[4640720] Failed to build match row: Fudbalski klub Čukarički Beograd vs Fudbalski Klub Spartak Ždrepčeva krv
[4428867] Could not find attributes for tyrell sellars fleming (Hull City, 2023)
[4428867] Failed to build match row: Hull City vs Sheffield Wednesday
[4098133] Could not find attributes for kodai sano (Nijmegen Eendracht Combinatie, 2023)
[4098133] Failed to build match row: Vitesse Arnhem vs Nijmegen Eendracht Combinatie

Keepers & outfield error for **Atlético Tordesillas** in Atlético Tordesillas vs Burgos CF: Numbers: 3 and 8.
[4743266] Failed to build match row: Atlético Tordesillas vs Burgos CF
[4466587] Could not find attributes for murray addison (Keith FC, 2024)

Keepers & outfield error for **Willem II Tilburg** in Willem II Tilburg vs Football Club Groningen: Numbers: 2 and 9.
[4466587] Failed to build match row: Keith FC vs Clydebank FC
[4368010] Failed to build match row: Willem II Tilburg vs Football Club Groningen
[4120801] Could not find attributes for artem kychak (FK Obolon Kyiv, 2023)
[4547691] Could not find attributes for amar memic (FC Viktoria Plzeň, a.s., 2024)
[4547691] Failed to build match row: Società Sportiva Lazio S.p.A. vs FC Viktoria Plzeň, a.s.
[4056354] Could not find attributes for ilya pomazun (Ural Yekaterinburg, 2022)
[4056354] Failed to build match row: Ural Yekaterinburg vs FC Orenburg
[3522852] Could not find attributes for yaroslav godzyur (Ural Yekaterinburg, 2020)
[3522852] Failed to build match row: Ural Yekaterinburg vs Rotor Volgograd
[3716665] Could not find attributes for jeronimo barrales (A.G.S Asteras Tripolis, 2021)
[3716665] Failed to build match row: A.G.S Asteras Tripolis vs Apollon Smyrnis

Keepers & outfield error for **Club Sportivo Independiente Rivadavia** in Club Sportivo Independiente Rivadavia vs Club Atlético River Plate: Numbers: 0 and 11.
[4798364] Failed to build match row: Club Sportivo Independiente Rivadavia vs Club Atlético River Plate
[3621488] Could not find attributes for ilija vukotic (Boavista FC, 2021)
[3621488] Failed to build match row: Boavista FC vs CS Marítimo
[4640721] Could not find attributes for zeljko samcovic (Fudbalski Klub Novi Pazar, 2025)
[4640721] Failed to build match row: Fudbalski Klub Novi Pazar vs Fudbalski klub Radnik Surdulica
[3419747] Could not find attributes for tordur thomsen (NSÍ Runavík, 2020)
[3419747] Failed to build match row: NSÍ Runavík vs Barry Town United
[4396855] Could not find attributes for andreas ntoi (Rio Ave Futebol Clube, 2024)
[4396855] Failed to build match row: Rio Ave Futebol Clube vs Boavista FC
[4172268] Could not find attributes for patrick berg (Fotballklubben Bodø/Glimt, 2023)
[4172268] Failed to build match row: Fotballklubben Bodø/Glimt vs Club Brugge Koninklijke Voetbalvereniging

Keepers & outfield error for **Vitória Sport Clube** in Vitória Sport Clube vs Futebol Clube do Porto: Numbers: 0 and 11.
[4109392] Failed to build match row: Vitória Sport Clube vs Futebol Clube do Porto
[3598035] Failed to scrape lineup: https://www.transfermarkt.co.uk/go-ahead-eagles_feyenoord-rotterdam/index/spielbericht/3598035
[4246484] Could not find attributes for branden horton (Chesterfield FC, 2023)
[4246484] Failed to build match row: Watford FC vs Chesterfield FC
[4368011] Could not find attributes for olivier aertssen (Prins Hendrik Ende Desespereert Nimmer Combinatie Zwolle, 2024)
[4056355] Could not find attributes for leo andrade (FC Khimki (-2025), 2022)
[4368011] Failed to build match row: Alkmaar Zaanstreek vs Prins Hendrik Ende Desespereert Nimmer Combinatie Zwolle
[4056355] Failed to build match row: FC Khimki (-2025) vs FK Spartak Moskva
[3653140] Could not find attributes for alessandro vogliacco (Benevento Calcio, 2021)
[3839086] Failed to scrape lineup: https://www.transfermarkt.co.uk/fc-augsburg_1-fsv-mainz-05/index/spielbericht/3839086
[3653140] Failed to build match row: Associazione Calcio Fiorentina vs Benevento Calcio
[4466588] Could not find attributes for joe barbour (Fraserburgh FC, 2024)

Keepers & outfield error for **Girona Fútbol Club S. A. D.** in Girona Fútbol Club S. A. D. vs Celta: Numbers: 0 and 11.
[4466588] Failed to build match row: Fraserburgh FC vs Turriff United FC
[3885842] Failed to build match row: Girona Fútbol Club S. A. D. vs Celta
[4547692] Could not find attributes for gelson martins (Olympiakos Syndesmos Filathlon Peiraios, 2024)
[4137217] Could not find attributes for jelle macare (CSV Apeldoorn, 2023)
[4547692] Failed to build match row: Olympiakos Syndesmos Filathlon Peiraios vs Fotballklubben Bodø/Glimt
[4137217] Failed to build match row: CSV Apeldoorn vs ODIN '59 Heemskerk

Keepers & outfield error for **Futebol Clube do Porto** in Portimonense SC vs Futebol Clube do Porto: Numbers: 0 and 11.
[3621489] Failed to build match row: Portimonense SC vs Futebol Clube do Porto
[3419748] Could not find attributes for aleix cistero (FC Santa Coloma, 2020)
[3419748] Failed to build match row: FC Santa Coloma vs FK Iskra Danilovgrad
[4814365] Could not find attributes for lorenzo bernasconi (Atalanta Bergamasca Calcio S.p.a., 2025)
[4814365] Failed to build match row: FC Bayern München vs Atalanta Bergamasca Calcio S.p.a.

Keepers & outfield error for **Almere City FC** in Go Ahead Eagles vs Almere City FC: Numbers: 0 and 11.
[4098134] Failed to build match row: Go Ahead Eagles vs Almere City FC
[4056356] Could not find attributes for mikhail kerzhakov (AO FK Zenit Sankt-Peterburg, 2022)
[4056356] Failed to build match row: AO FK Zenit Sankt-Peterburg vs FK Krasnodar

Keepers & outfield error for **Torino Calcio** in Juventus Football Club vs Torino Calcio: Numbers: 2 and 9.
[3433278] Failed to build match row: Juventus Football Club vs Torino Calcio
[4368012] Failed to scrape lineup: https://www.transfermarkt.co.uk/fc-groningen_nec-nijmegen/index/spielbericht/4368012
[4172269] Could not find attributes for patrick berg (Fotballklubben Bodø/Glimt, 2023)
[4172269] Failed to build match row: Fotballklubben Bodø/Glimt vs Beşiktaş Jimnastik Kulübü
[3613061] Failed to scrape lineup: https://www.transfermarkt.co.uk/basaksehir-fk_goztepe/index/spielbericht/3613061
[3890197] Could not find attributes for hyeon gyu oh (The Celtic Football Club, 2022)
[3890197] Failed to build match row: The Celtic Football Club vs Aberdeen Football Club
[4640722] Could not find attributes for zoran popovic (Železničar Pančevo, 2025)
[4640722] Failed to build match row: Železničar Pančevo vs Fudbalski Klub Radnički Niš

Keepers & outfield error for **Sporting Clube de Portugal** in Sporting Clube de Portugal vs Sporting Clube de Braga: Numbers: 0 and 11.
[4396856] Failed to build match row: Sporting Clube de Portugal vs Sporting Clube de Braga
[3716692] Could not find attributes for bojan saranov (PAS Lamia 1964, 2021)
[3839087] Could not find attributes for michael gregoritsch (Sport-Club Freiburg, 2022)
[3716692] Failed to build match row: PAS Lamia 1964 vs Omilos Filathlon Irakliou FC
[3839087] Failed to build match row: Verein für Bewegungsspiele Stuttgart 1893 vs Sport-Club Freiburg
[3589132] Failed to scrape lineup: https://www.transfermarkt.co.uk/fc-nantes_clermont-foot-63/index/spielbericht/3589132
[3844862] Failed to scrape lineup: https://www.transfermarkt.co.uk/as-roma_ss-lazio/index/spielbericht/3844862
[4361468] Failed to scrape lineup: https://www.transfermarkt.co.uk/west-ham-united_wolverhampton-wanderers/index/spielbericht/4361468
[3450771] Failed to scrape lineup: https://www.transfermarkt.co.uk/heracles-almelo_sparta-rotterdam/index/spielbericht/3450771
[4246485] Could not find attributes for djordje petrovic (Chelsea Football Club, 2023)
[4246485] Failed to build match row: Chelsea Football Club vs Preston North End
[4376694] Could not find attributes for tawanda maswanhise (Motherwell Football Club, 2024)
[4376694] Failed to build match row: Motherwell Football Club vs The Celtic Football Club
[4098135] Could not find attributes for robin propper (Football Club Twente, 2023)
[4098135] Failed to build match row: Football Club Twente vs Fortuna Sittardia Combinatie
[3419749] Could not find attributes for caolan marron (Glentoran FC, 2020)
[3419749] Failed to build match row: Glentoran FC vs HB Tórshavn
[4056357] Could not find attributes for milan gajic (PFK CSKA Moskva, 2022)
[3433279] Failed to scrape lineup: https://www.transfermarkt.co.uk/parma-calcio-1913_benevento-calcio/index/spielbericht/3433279
[4056357] Failed to build match row: PFK CSKA Moskva vs Torpedo Moscow
[4172270] Could not find attributes for patrick berg (Fotballklubben Bodø/Glimt, 2023)
[4172270] Failed to build match row: Fotballklubben Bodø/Glimt vs FC Lugano
[3598036] Could not find attributes for cuco martina (Go Ahead Eagles, 2021)
[3598036] Failed to build match row: Go Ahead Eagles vs Willem II Tilburg

Keepers & outfield error for **FC Vizela** in FC Vizela vs B SAD: Numbers: 0 and 11.
[3621490] Failed to build match row: FC Vizela vs B SAD

Keepers & outfield error for **Real Betis Balompié S.A.D.** in Real Betis Balompié S.A.D. vs Club Atlético Osasuna: Numbers: 0 and 11.
[3885843] Failed to build match row: Real Betis Balompié S.A.D. vs Club Atlético Osasuna
[4120802] Could not find attributes for kirill samoylenko (LNZ Cherkasy, 2023)

Keepers & outfield error for **Motherwell Football Club** in Motherwell Football Club vs Hibernian Football Club: Numbers: 0 and 11.
[3603058] Failed to build match row: Motherwell Football Club vs Hibernian Football Club
[4120802] Failed to build match row: LNZ Cherkasy vs Vorskla Poltava
[4109393] Failed to scrape lineup: https://www.transfermarkt.co.uk/sc-braga_moreirense-fc/index/spielbericht/4109393
[4625324] Could not find attributes for davor matijas (HNK Gorica, 2025)
[4625324] Failed to build match row: HNK Gorica vs NK Istra 1961
[4642945] Could not find attributes for beres owusu (Grazer Athletiksport Klub 1902, 2025)
[4642945] Failed to build match row: Grazer Athletiksport Klub 1902 vs Sportclub Rheindorf Altach

Keepers & outfield error for **Galatasaray Spor Kulübü** in Manchester City Football Club vs Galatasaray Spor Kulübü: Numbers: 2 and 9.
[4715094] Failed to build match row: Manchester City Football Club vs Galatasaray Spor Kulübü
[4368013] Could not find attributes for thom haye (Almere City FC, 2024)
[3858515] Could not find attributes for ahmed iljazovski (Hvidovre IF, 2022)
[4368013] Failed to build match row: Football Club Utrecht vs Almere City FC
[3858515] Failed to build match row: Hvidovre IF vs FC Helsingör

Keepers & outfield error for **Associazione Calcio Milan** in Torino Calcio vs Associazione Calcio Milan: Numbers: 2 and 9.
[4620839] Failed to build match row: Torino Calcio vs Associazione Calcio Milan
21)
[3890198] Could not find attributes for loick ayina (Dundee United Football Club, 2022)
[3589133] Could not find attributes for jerome boateng (Olympique Lyonnais, 2021)
[3890198] Failed to build match row: Dundee United Football Club vs St. Johnstone FC
[3589133] Failed to build match row: Olympique Gymnaste Club Nice Côte d'Azur vs Olympique Lyonnais
[4396857] Could not find attributes for jeremy livolant (Casa Pia Atlético Clube, 2024)
[4396857] Failed to build match row: SC Farense vs Casa Pia Atlético Clube
[3522853] Could not find attributes for egor shamov (Arsenal Tula, 2020)
[3522853] Failed to build match row: Arsenal Tula vs PFK CSKA Moskva
[4521486] Could not find attributes for keisuke osako (Sanfrecce Hiroshima, 2024)
[4521486] Failed to build match row: Sanfrecce Hiroshima vs Hitachi Kashiwa Reysol
[4547693] Could not find attributes for jorthy mokio (AFC Ajax Amsterdam, 2024)
[4547693] Failed to build match row: Eintracht Frankfurt Fußball AG vs AFC Ajax Amsterdam
[4428870] Could not find attributes for kai whitmore (Newport County, 2023)
[4428870] Failed to build match row: Leyton Orient vs Newport County
[4373648] Could not find attributes for kevin muller (1. Fußballclub Heidenheim 1846, 2024)
[4373648] Failed to build match row: Sport-Club Freiburg vs 1. Fußballclub Heidenheim 1846
[4466589] Could not find attributes for shane sutherland (Brora Rangers FC, 2024)
[4466589] Failed to build match row: Brora Rangers FC vs Formartine United FC
[3653141] Could not find attributes for nicolo bertola (Spezia Calcio, 2021)
[3653141] Failed to build match row: Spezia Calcio vs Unione Sportiva Lecce
[3949569] Could not find attributes for lasly (CD Rincón, 2022)
[3949569] Failed to build match row: CD Rincón vs Espanol
[4798365] Could not find attributes for leonel di placido (Club Atlético Tucumán, 2025)
[4798365] Failed to build match row: Club Atlético Tucumán vs Racing Club Asociación Civil de Avellaneda
[4376695] Could not find attributes for george robesten (Ross County FC, 2024)
[4376695] Failed to build match row: Rangers Football Club vs Ross County FC
[4056358] Could not find attributes for roman evgenjev (PFK Krylya Sovetov Samara, 2022)
[4056358] Failed to build match row: PFK Krylya Sovetov Samara vs Футбольный клуб "Локомотив" Москва

Keepers & outfield error for **CS Marítimo** in Sport Lisboa e Benfica vs CS Marítimo: Numbers: 0 and 11.
[3621491] Failed to build match row: Sport Lisboa e Benfica vs CS Marítimo
[4373649] Failed to scrape lineup: https://www.transfermarkt.co.uk/vfl-wolfsburg_bayer-04-leverkusen/index/spielbericht/4373649
[4466590] Failed to scrape lineup: https://www.transfermarkt.co.uk/spielbericht/index/spielbericht/4466590
[3598037] Could not find attributes for cuco martina (Go Ahead Eagles, 2021)
[3598037] Failed to build match row: Go Ahead Eagles vs Alkmaar Zaanstreek
[3450773] Could not find attributes for enzo cornelisse (Vitesse Arnhem, 2020)
[3450773] Failed to build match row: Vitesse Arnhem vs Alkmaar Zaanstreek
[3603059] Could not find attributes for liel abada (The Celtic Football Club, 2021)
[3603059] Failed to build match row: The Celtic Football Club vs Dundee Football Club
[4743267] Could not find attributes for oier del cura (Club Portugalete, 2025)
[4363772] Could not find attributes for adrien thomasson (Racing Club de Lens, 2024)
[4408349] Could not find attributes for aleksandr vasyutin (Akron Togliatti, 2024)
[4363772] Failed to build match row: Racing Club de Lens vs Olympique Lyonnais
[4743267] Failed to build match row: Club Portugalete vs Real Valladolid CF
[4408349] Failed to build match row: Akron Togliatti vs RFK Akhmat Grozny

Keepers & outfield error for **Middlesbrough FC** in Middlesbrough FC vs Aston Villa Football Club: Numbers: 2 and 9.
[4640723] Could not find attributes for milos krunic (Fudbalski Klub Partizan Beograd, 2025)
[4649194] Could not find attributes for yuriy dyupin (FK Sochi, 2025)
[3613062] Could not find attributes for kahraba (Hatayspor, 2021)
[4640723] Failed to build match row: Fudbalski Klub Partizan Beograd vs Fudbalski Klub IMT Novi Beograd
[4246486] Failed to build match row: Middlesbrough FC vs Aston Villa Football Club
[4649194] Failed to build match row: FK Sochi vs FK Nizhny Novgorod
[3419750] Could not find attributes for gareth deane (Coleraine FC, 2020)
[4098136] Could not find attributes for metinho (Sparta Rotterdam, 2023)
[4376696] Could not find attributes for bozo mikulic (St. Johnstone FC, 2024)
[4056359] Could not find attributes for anton shunin (FK Dinamo Moskva, 2022)
[4056359] Failed to build match row: FK Dinamo Moskva vs RFK Akhmat Grozny
[4098136] Failed to build match row: Sparta Rotterdam vs Heracles Almelo
[3419750] Failed to build match row: Coleraine FC vs La Fiorita 1967
eportivo Mallorca S.A.D.: Numbers: 4 and 7.
[3613062] Failed to build match row: Hatayspor vs Çaykur Rizespor Kulübü
024)
[4376696] Failed to build match row: Saint Mirren Football Club vs St. Johnstone FC
[4137218] Could not find attributes for jaimy schaap (VV IJsselmeervogels, 2023)
[4120803] Could not find attributes for danylo varakuta (Chornomorets Odesa, 2023)
[3949570] Failed to build match row: CD Autol vs Real Club Deportivo Mallorca S.A.D.
[4368014] Failed to build match row: Feyenoord Rotterdam vs Sparta Rotterdam
[4120803] Failed to build match row: Chornomorets Odesa vs SC Dnipro-1
[4137218] Failed to build match row: VV IJsselmeervogels vs TOGB Berkel
 Jimnastik Kulübü, 2023)
[4172271] Failed to build match row: Beşiktaş Jimnastik Kulübü vs Club Brugge Koninklijke Voetbalvereniging
[3589134] Could not find attributes for adil rami (ESTAC Troyes, 2021)
[3589134] Failed to build match row: Stade Reims vs ESTAC Troyes
[4396858] Could not find attributes for jeremy livolant (Casa Pia Atlético Clube, 2024)
[3653142] Could not find attributes for riccardo ciervo (UC Sampdoria, 2021)
[4396858] Failed to build match row: Casa Pia Atlético Clube vs Club Football Estrela da Amadora
[3653142] Failed to build match row: UC Sampdoria vs Torino Calcio

Keepers & outfield error for **SC Farense** in GD Chaves vs SC Farense: Numbers: 2 and 9.
[3427024] Could not find attributes for enner valencia (Fenerbahçe Spor Kulübü, 2020)
[4109394] Failed to build match row: GD Chaves vs SC Farense
[3427024] Failed to build match row: Fenerbahçe Spor Kulübü vs Galatasaray Spor Kulübü
[4408350] Could not find attributes for evgeniy latyshonok (AO FK Zenit Sankt-Peterburg, 2024)
[4647917] Could not find attributes for rhaldney (Göztepe Sportif Yatırımlar A.Ş., 2025)
[4408350] Failed to build match row: AO FK Zenit Sankt-Peterburg vs FK Nizhny Novgorod
[4647917] Failed to build match row: Göztepe Sportif Yatırımlar A.Ş. vs Samsunspor
Not enough players found for lineup: 0, 0.
[3450774] Could not find attributes for tibor halilovic (Sportclub Heerenveen, 2020)
[4466591] Failed to scrape lineup: https://www.transfermarkt.co.uk/spielbericht/index/spielbericht/4466591
[3522854] Could not find attributes for yaroslav rakitskyi (AO FK Zenit Sankt-Peterburg, 2020)

Keepers & outfield error for **Football Club de Nantes** in Football Club de Nantes vs Stade Reims: Numbers: 2 and 9.
[3450774] Failed to build match row: Sportclub Heerenveen vs Football Club Groningen
[4363773] Failed to build match row: Football Club de Nantes vs Stade Reims
[3522854] Failed to build match row: AO FK Zenit Sankt-Peterburg vs RFK Akhmat Grozny
[4640724] Could not find attributes for luka lijeskic (FK Radnički 1923 Kragujevac, 2025)
[3621492] Could not find attributes for raul silva (Sporting Clube de Braga, 2021)
[4640724] Failed to build match row: FK Radnički 1923 Kragujevac vs Fudbalski klub Napredak Kruševac
[4642947] Could not find attributes for joao tornich (Linzer Athletik-Sport-Klub, 2025)
[4642947] Failed to build match row: Linzer Athletik-Sport-Klub vs Sportclub Rheindorf Altach
[3613063] Could not find attributes for konrad michalak (Konyaspor, 2021)
[4373650] Could not find attributes for alexis claude maurice (Fußball-Club Augsburg 1907, 2024)
[4172272] Could not find attributes for bakhtiyor zaynutdinov (Beşiktaş Jimnastik Kulübü, 2023)
[3613063] Failed to build match row: Konyaspor vs Giresunspor
[4373650] Failed to build match row: 1. Fußball- und Sportverein Mainz 05 vs Fußball-Club Augsburg 1907
[4172272] Failed to build match row: Beşiktaş Jimnastik Kulübü vs Fotballklubben Bodø/Glimt
[3603060] Could not find attributes for borna barisic (Rangers Football Club, 2021)
[3603060] Failed to build match row: Dundee United Football Club vs Rangers Football Club
Not enough players found for lineup: 0, 0.
[4137219] Failed to scrape lineup: https://www.transfermarkt.co.uk/spielbericht/index/spielbericht/4137219
[4056360] Could not find attributes for vanja drkusic (FK Sochi, 2022)

Keepers & outfield error for **Rayo Vallecano de Madrid S. A. D.** in Rayo Vallecano de Madrid S. A. D. vs Real Club Deportivo Mallorca S.A.D.: Numbers: 2 and 9.
[4056360] Failed to build match row: FK Sochi vs FK Rostov
[3885845] Failed to build match row: Rayo Vallecano de Madrid S. A. D. vs Real Club Deportivo Mallorca S.A.D.
[4368015] Could not find attributes for jorthy mokio (AFC Ajax Amsterdam, 2024)
[4368015] Failed to build match row: Fortuna Sittardia Combinatie vs AFC Ajax Amsterdam

Keepers & outfield error for **Galatasaray Spor Kulübü** in Association sportive de Monaco Football Club vs Galatasaray Spor Kulübü: Numbers: 2 and 9.
[3419751] Could not find attributes for mattia migani (SP Tre Penne, 2020)
[4715096] Failed to build match row: Association sportive de Monaco Football Club vs Galatasaray Spor Kulübü
[3654449] Could not find attributes for ruslan yefanov (Alyans Lypova Dolyna, 2021)
[4361471] Could not find attributes for abdoulaye doucoure (Everton Football Club, 2024)
[3419751] Failed to build match row: SP Tre Penne vs SC Gjilani
[3654449] Failed to build match row: Alyans Lypova Dolyna vs FC Minaj
[4361471] Failed to build match row: Arsenal Football Club vs Everton Football Club
[4649195] Could not find attributes for aleksandr maksimenko (FK Spartak Moskva, 2025)
[4649195] Failed to build match row: FK Spartak Moskva vs PFK Krylya Sovetov Samara

Keepers & outfield error for **Futebol Clube de Famalicão** in Futebol Clube de Famalicão vs Sporting Clube de Portugal: Numbers: 0 and 11.
[4120804] Could not find attributes for dmytro matsapura (FC Zorya Lugansk, 2023)
[4109395] Failed to build match row: Futebol Clube de Famalicão vs Sporting Clube de Portugal
[3858617] Could not find attributes for viktor anker (Boldklubben af 1893, 2022)
[4120804] Failed to build match row: FC Zorya Lugansk vs FK Kolos Kovalivka

Keepers & outfield error for **SC Farense** in SC Farense vs Clube Desportivo Nacional: Numbers: 0 and 11.
[4396859] Failed to build match row: SC Farense vs Clube Desportivo Nacional
[3858617] Failed to build match row: Boldklubben af 1893 vs FC Roskilde
[4547695] Could not find attributes for maroan sannadi (Athletic Club Bilbao, 2024)
[4814367] Failed to scrape lineup: https://www.transfermarkt.co.uk/spielbericht/index/spielbericht/4814367
[3522855] Could not find attributes for anton shunin (FK Dinamo Moskva, 2020)
[4547695] Failed to build match row: Athletic Club Bilbao vs Associazione Sportiva Roma
[3522855] Failed to build match row: FK Dinamo Moskva vs FK Spartak Moskva
[4408352] Could not find attributes for stanislav agkatsev (FK Krasnodar, 2024)
[4408352] Failed to build match row: FK Krasnodar vs FC Rubin Kazan
[4640725] Could not find attributes for djordje skoko (Fudbalski Klub Javor Matis Ivanjica, 2025)
[4640725] Failed to build match row: Fudbalski Klub Javor Matis Ivanjica vs Fudbalski Klub Vojvodina
[4625325] Could not find attributes for davor matijas (HNK Gorica, 2025)
[4625325] Failed to build match row: HNK Gorica vs GNK Dinamo Zagreb
[4246487] Could not find attributes for djeidi gassama (Sheffield Wednesday, 2023)
[4246487] Failed to build match row: Sheffield Wednesday vs Cardiff City
[4172273] Could not find attributes for alex oxlade chamberlain (Beşiktaş Jimnastik Kulübü, 2023)
[4172273] Failed to build match row: Beşiktaş Jimnastik Kulübü vs FC Lugano
[4468330] Could not find attributes for marko bakic (Omilos Filathlon Irakliou FC, 2024)
[4468330] Failed to build match row: Omilos Filathlon Irakliou FC vs Volou Neos Podosferikos Syllogos
[4627368] Could not find attributes for miroslav stevanovic (Servette Football Club 1890 SA, 2025)
[4627368] Failed to build match row: Servette Football Club 1890 SA vs FC Sion
[3450775] Could not find attributes for sven mijnans (Sparta Rotterdam, 2020)
[3450775] Failed to build match row: Sparta Rotterdam vs Vitesse Arnhem
[4098138] Could not find attributes for jordy bruijn (Heracles Almelo, 2023)
[4098138] Failed to build match row: Feyenoord Rotterdam vs Heracles Almelo
[3433282] Could not find attributes for jeff chabot (Spezia Calcio, 2020)
[3433282] Failed to build match row: Spezia Calcio vs Società Sportiva Lazio S.p.A.

Keepers & outfield error for **Eintracht Frankfurt Fußball AG** in Mönchengladbach vs Eintracht Frankfurt Fußball AG: Numbers: 2 and 9.
[4373651] Failed to build match row: Mönchengladbach vs Eintracht Frankfurt Fußball AG
[4647918] Could not find attributes for godfried frimpong (Kasımpaşa A.Ş., 2025)
[4647918] Failed to build match row: Galatasaray Spor Kulübü vs Kasımpaşa A.Ş.
[3654450] Could not find attributes for dmytro fastov (MFK Mykolaiv, 2021)
[3654450] Failed to build match row: MFK Mykolaiv vs FC Rukh Lviv
[4056361] Could not find attributes for ilya svinov (Fakel Voronezh, 2022)
[4056361] Failed to build match row: Fakel Voronezh vs FK Nizhny Novgorod
[4368016] Could not find attributes for suf podgoreanu (Heracles Almelo, 2024)
[4368016] Failed to build match row: Heracles Almelo vs Go Ahead Eagles
[4408353] Could not find attributes for sergey pesjakov (PFK Krylya Sovetov Samara, 2024)
[4408353] Failed to build match row: PFK Krylya Sovetov Samara vs FK Dinamo Moskva
[3522856] Could not find attributes for aleksandr belenov (FK Ufa, 2020)
[3522856] Failed to build match row: FK Ufa vs FC Rubin Kazan

Keepers & outfield error for **Náxara CD** in Náxara CD vs SD Eibar: Numbers: 0 and 11.
[3419778] Could not find attributes for eldar civic (Ferencvárosi TC, 2020)
[4428872] Could not find attributes for callum reynolds (Bromley FC, 2023)
[4428872] Failed to build match row: Bromley FC vs AFC Wimbledon

Keepers & outfield error for **Manchester City Football Club** in Manchester City Football Club vs Crystal Palace Football Club: Numbers: 0 and 11.
[4743268] Failed to build match row: Náxara CD vs SD Eibar
[3419778] Failed to build match row: Ferencvárosi TC vs Djurgårdens Idrottsförening
[4095242] Failed to build match row: Manchester City Football Club vs Crystal Palace Football Club
Not enough players found for lineup: 0, 0.

Keepers & outfield error for **UD Almería** in UD Almería vs Sevilla Fútbol Club S.A.D.: Numbers: 0 and 11.
[4137220] Failed to scrape lineup: https://www.transfermarkt.co.uk/spielbericht/index/spielbericht/4137220
[4376699] Could not find attributes for lawrence shankland (Heart of Midlothian Football Club, 2024)
[3598040] Could not find attributes for thom haye (Sportclub Heerenveen, 2021)
[3885846] Failed to build match row: UD Almería vs Sevilla Fútbol Club S.A.D.
[4376699] Failed to build match row: Heart of Midlothian Football Club vs Rangers Football Club
[3598040] Failed to build match row: Sportclub Heerenveen vs Go Ahead Eagles
[4640726] Could not find attributes for balsa popovic (Omladinski fudbalski klub Beograd, 2025)
[3839098] Could not find attributes for michael gregoritsch (Sport-Club Freiburg, 2022)
[4640726] Failed to build match row: Omladinski fudbalski klub Beograd vs Fudbalski klub TSC Bačka Topola
[3839098] Failed to build match row: Sport-Club Freiburg vs VfL Bochum
[4649196] Could not find attributes for stanislav agkatsev (FK Krasnodar, 2025)
[3844868] Could not find attributes for ibrahim sulemana (Verona Hellas Football Club, 2022)
[4649196] Failed to build match row: FK Krasnodar vs AO FK Zenit Sankt-Peterburg
[4396860] Could not find attributes for lazar carevic (Futebol Clube de Famalicão, 2024)
[3844868] Failed to build match row: Verona Hellas Football Club vs Juventus Football Club
[4627369] Could not find attributes for pajtim kasami (Fussballclub Winterthur, 2025)
[4120805] Could not find attributes for dmytro ledviy (FC Rukh Lviv, 2023)
[4627369] Failed to build match row: Fussballclub Winterthur vs Football Club Lausanne-Sport
[4396860] Failed to build match row: Futebol Clube de Famalicão vs Vitória Sport Clube
[4120805] Failed to build match row: FC Rukh Lviv vs Futbolniy Klub Dynamo Kyiv
[4642949] Could not find attributes for tom ritzy hulsmann (Turn- und Sportverein Egger Glas Hartberg, 2025)
[4642949] Failed to build match row: RZ Pellets Wolfsberger Athletiksport Club vs Turn- und Sportverein Egger Glas Hartberg
[4715099] Could not find attributes for lorenzo bernasconi (Atalanta Bergamasca Calcio S.p.a., 2025)
[4715099] Failed to build match row: Royale Union Saint-Gilloise vs Atalanta Bergamasca Calcio S.p.a.
[4521487] Failed to scrape lineup: https://www.transfermarkt.co.uk/avispa-fukuoka_fc-tokyo/index/spielbericht/4521487
[4056362] Could not find attributes for ilya lantratov (Футбольный клуб "Локомотив" Москва, 2022)
[4056362] Failed to build match row: Футбольный клуб "Локомотив" Москва vs Fakel Voronezh
[4647919] Could not find attributes for ricardo velho (Gençlerbirliği Spor Kulübü, 2025)
[4647919] Failed to build match row: Gençlerbirliği Spor Kulübü vs Trabzonspor Kulübü
[4627370] Could not find attributes for chris kablan (FC Zürich, 2025)
[4627370] Failed to build match row: Berner Sport Club Young Boys vs FC Zürich
[4246488] Could not find attributes for yannick bolasie (Swansea City, 2023)
[4246488] Failed to build match row: Swansea City vs Morecambe FC
[4376700] Could not find attributes for daniels balodis (St. Johnstone FC, 2024)
[4376700] Failed to build match row: Kilmarnock Football Club vs St. Johnstone FC

Keepers & outfield error for **Clube Desportivo Santa Clara** in Clube Desportivo Santa Clara vs Vitória Sport Clube: Numbers: 0 and 11.
[3433284] Could not find attributes for gabriele zappa (Cagliari Calcio, 2020)
[3621493] Failed to build match row: Clube Desportivo Santa Clara vs Vitória Sport Clube
[3522857] Could not find attributes for vitaliy sychev (PFK Tambov (-2021), 2020)
[3433284] Failed to build match row: Verona Hellas Football Club vs Cagliari Calcio
[3522857] Failed to build match row: PFK Tambov (-2021) vs FK Krasnodar
[3598041] Could not find attributes for andreas samaris (Fortuna Sittardia Combinatie, 2021)

Keepers & outfield error for **Getafe Club de Fútbol S. A. D. Team Dubai** in Getafe Club de Fútbol S. A. D. Team Dubai vs Villarreal Club de Fútbol S.A.D.: Numbers: 2 and 9.

Keepers & outfield error for **Galatasaray Spor Kulübü** in Alanyaspor vs Galatasaray Spor Kulübü: Numbers: 0 and 11.
[3885847] Failed to build match row: Getafe Club de Fútbol S. A. D. Team Dubai vs Villarreal Club de Fútbol S.A.D.
[3613065] Failed to build match row: Alanyaspor vs Galatasaray Spor Kulübü
[4408354] Could not find attributes for anton mitryushkin (Футбольный клуб "Локомотив" Москва, 2024)
[4468331] Could not find attributes for alexei koselev (APS Atromitos Athinon, 2024)
[4098140] Could not find attributes for robin maulun (Football Club Volendam, 2023)
[4373652] Failed to build match row: Holstein Kiel vs VfL Bochum
Not enough players found for lineup: 0, 11.
ольный клуб "Локомотив" Москва vs FC Orenburg
[4468331] Failed to build match row: APS Atromitos Athinon vs Panathinaikos Athlitikos Omilos
s Football Club Volendam
[4137221] Failed to scrape lineup: https://www.transfermarkt.co.uk/spielbericht/index/spielbericht/4137221
[4056363] Could not find attributes for egor baburin (Torpedo Moscow, 2022)
[4056363] Failed to build match row: Torpedo Moscow vs FK Dinamo Moskva
[3450776] Could not find attributes for ismail azzaoui (Heracles Almelo, 2020)
[3450776] Failed to build match row: Heracles Almelo vs Feyenoord Rotterdam
[4647920] Could not find attributes for karol linetty (Kocaelispor Kulübü, 2025)
[4647920] Failed to build match row: Kocaelispor Kulübü vs Antalyaspor
[4640727] Could not find attributes for rade krunic (Fudbalski klub Crvena zvezda Beograd, 2025)
[4640727] Failed to build match row: Fudbalski klub Crvena zvezda Beograd vs Fudbalski Klub Mladost Lučani
[4428873] Could not find attributes for brandon njoku (Cambridge United, 2023)
[4428873] Failed to build match row: Cambridge United vs Queens Park Rangers
[3419779] Failed to scrape lineup: https://www.transfermarkt.co.uk/spielbericht/index/spielbericht/3419779
[4649197] Could not find attributes for artem kasimov (FC Orenburg, 2025)
[4649197] Failed to build match row: FC Orenburg vs FK Dinamo Moskva
[4620840] Could not find attributes for jesper karlstrom (Udinese Calcio, 2025)
[4620840] Failed to build match row: Udinese Calcio vs Genoa Cricket and Football Club
[3716694] Could not find attributes for giannis kotsiras (Panathinaikos Athlitikos Omilos, 2021)
[3716694] Failed to build match row: Panathinaikos Athlitikos Omilos vs A.G.S Asteras Tripolis
[4120806] Failed to scrape lineup: https://www.transfermarkt.co.uk/polissya-zhytomyr_shakhtar-donetsk/index/spielbericht/4120806
[4396861] Failed to scrape lineup: https://www.transfermarkt.co.uk/fc-arouca_rio-ave-fc/index/spielbericht/4396861
[3621494] Could not find attributes for ziga frelih (Gil Vicente Futebol Clube, 2021)
[3621494] Failed to build match row: Gil Vicente Futebol Clube vs Sporting Clube de Portugal
[3450777] Could not find attributes for tibor halilovic (Sportclub Heerenveen, 2020)
[3450777] Failed to build match row: Prins Hendrik Ende Desespereert Nimmer Combinatie Zwolle vs Sportclub Heerenveen
[3522858] Could not find attributes for maksim mukhin (Футбольный клуб "Локомотив" Москва, 2020)

Keepers & outfield error for **1. Fußball- und Sportverein Mainz 05** in 1. Fußball- und Sportverein Mainz 05 vs Bayer 04 Leverkusen Fußball: Numbers: 2 and 9.
[3522858] Failed to build match row: Футбольный клуб "Локомотив" Москва vs FK Sochi
[3839100] Failed to build match row: 1. Fußball- und Sportverein Mainz 05 vs Bayer 04 Leverkusen Fußball
[4521488] Failed to scrape lineup: https://www.transfermarkt.co.uk/kashima-antlers_machida-zelvia/index/spielbericht/4521488

Keepers & outfield error for **Società Sportiva Lazio S.p.A.** in Società Sportiva Lazio S.p.A. vs AC Monza: Numbers: 2 and 9.
[3613066] Could not find attributes for mehdi zeffane (Yeni Malatyaspor, 2021)
[3844870] Failed to build match row: Società Sportiva Lazio S.p.A. vs AC Monza
[4798367] Could not find attributes for francisco romero (Asociación Atlética Estudiantes, 2025)
[4098141] Could not find attributes for kodai sano (Nijmegen Eendracht Combinatie, 2023)
[3613066] Failed to build match row: Fatih Karagümrük Sportif Faaliyetler San. Tic. A.Ş. vs Yeni Malatyaspor
[4098141] Failed to build match row: Nijmegen Eendracht Combinatie vs Sportclub Heerenveen
[4647921] Could not find attributes for jerome onguene (Eyüp Spor Kulübü, 2025)
[4798367] Failed to build match row: Club Atlético Sarmiento vs Asociación Atlética Estudiantes
[4647921] Failed to build match row: Konyaspor vs Eyüp Spor Kulübü

Keepers & outfield error for **Verona Hellas Football Club** in Verona Hellas Football Club vs Atalanta Bergamasca Calcio S.p.a.: Numbers: 2 and 9.
[4620841] Failed to build match row: Verona Hellas Football Club vs Atalanta Bergamasca Calcio S.p.a.
Not enough players found for lineup: 0, 11.
[4137222] Failed to scrape lineup: https://www.transfermarkt.co.uk/spielbericht/index/spielbericht/4137222
[4376701] Could not find attributes for kieran phillips (Ross County FC, 2024)
[4376701] Failed to build match row: Motherwell Football Club vs Ross County FC
[3419780] Could not find attributes for milos dragojevic (Buducnost Podgorica, 2020)
[3419780] Failed to build match row: Buducnost Podgorica vs Ludogorets Razgrad
[4408355] Could not find attributes for giorgiy shelia (RFK Akhmat Grozny, 2024)
[4408355] Failed to build match row: RFK Akhmat Grozny vs PFK CSKA Moskva

Keepers & outfield error for **Deportes Tolima** in Deportes Tolima vs Deportivo Pereira: Numbers: 2 and 9.
[4684693] Failed to build match row: Deportes Tolima vs Deportivo Pereira
[4649198] Could not find attributes for nikita medvedev (FK Nizhny Novgorod, 2025)
[4649198] Failed to build match row: FK Nizhny Novgorod vs RFK Akhmat Grozny
[4715102] Could not find attributes for senny mayulu (Paris Saint-Germain Football Club, 2025)
[4715102] Failed to build match row: Sporting Clube de Portugal vs Paris Saint-Germain Football Club
[3603063] Failed to scrape lineup: https://www.transfermarkt.co.uk/st-mirren-fc_heart-of-midlothian-fc/index/spielbericht/3603063
[4640728] Could not find attributes for marin dulic (Fudbalski Klub Spartak Ždrepčeva krv, 2025)
[4640728] Failed to build match row: Fudbalski Klub Spartak Ždrepčeva krv vs Fudbalski klub Čukarički Beograd

Keepers & outfield error for **AVS Futebol SAD** in AVS Futebol SAD vs Clube Desportivo Santa Clara: Numbers: 0 and 11.
[4396862] Failed to build match row: AVS Futebol SAD vs Clube Desportivo Santa Clara
[3462384] Could not find attributes for richard ledezma (Eindhovense Voetbalvereniging Philips Sport Vereniging, 2020)
[4056364] Could not find attributes for nikolay sysuev (FC Orenburg, 2022)
[3462384] Failed to build match row: Eindhovense Voetbalvereniging Philips Sport Vereniging vs Omonia Nicosia
[4056364] Failed to build match row: FC Orenburg vs AO FK Zenit Sankt-Peterburg
[4363775] Failed to scrape lineup: https://www.transfermarkt.co.uk/rc-strasbourg-alsace_angers-sco/index/spielbericht/4363775
[4373662] Failed to scrape lineup: https://www.transfermarkt.co.uk/bayer-04-leverkusen_bayern-munich/index/spielbericht/4373662
[4468332] Failed to scrape lineup: https://www.transfermarkt.co.uk/spielbericht/index/spielbericht/4468332
[4647922] Could not find attributes for adem arous (Kasımpaşa A.Ş., 2025)
[4647922] Failed to build match row: Kasımpaşa A.Ş. vs Antalyaspor
[4408356] Could not find attributes for aleksandr vasyutin (Akron Togliatti, 2024)
[4408356] Failed to build match row: Akron Togliatti vs Dinamo Makhachkala
[4120807] Could not find attributes for oleg mozil (TOV FK Metalist 1925 Kharkiv, 2023)
[4120807] Failed to build match row: TOV FK Metalist 1925 Kharkiv vs NK Veres Rivne
[4428874] Could not find attributes for raheem conte (Cardiff City, 2023)
[4428874] Failed to build match row: Cardiff City vs Bristol Rovers
[3427025] Could not find attributes for okechukwu azubuike (İstanbul Başakşehir Futbol Kulübü, 2020)
[3427025] Failed to build match row: İstanbul Başakşehir Futbol Kulübü vs Fatih Karagümrük Sportif Faaliyetler San. Tic. A.Ş.
[4098142] Could not find attributes for anis hadj moussa (Vitesse Arnhem, 2023)
[4098142] Failed to build match row: RKC Waalwijk vs Vitesse Arnhem

Keepers & outfield error for **Willem II Tilburg** in Eindhovense Voetbalvereniging Philips Sport Vereniging vs Willem II Tilburg: Numbers: 2 and 9.
[4368017] Failed to build match row: Eindhovense Voetbalvereniging Philips Sport Vereniging vs Willem II Tilburg
[3949571] Could not find attributes for marcos briz (CD Fuentes, 2022)
[3949571] Failed to build match row: CD Fuentes vs Club Atlético Osasuna
[3419781] Could not find attributes for sergiy vakulenko (FC Ararat-Armenia, 2020)
[3419781] Failed to build match row: FC Ararat-Armenia vs Omonia Nicosia
[4743269] Could not find attributes for angel cervero (Atlético Astorga, 2025)
[4743269] Failed to build match row: Atlético Astorga vs CD Mirandés
[4521489] Could not find attributes for shusaku nishikawa (Urawa Red Diamonds, 2024)
[4521489] Failed to build match row: Urawa Red Diamonds vs Tokyo Verdy
[3858620] Could not find attributes for deniz yukcu (Hellerup IK, 2022)
[3858620] Failed to build match row: Hellerup IK vs Nyköbing FC

Keepers & outfield error for **Bologna Football Club 1909** in Bologna Football Club 1909 vs Associazione Sportiva Roma: Numbers: 0 and 11.
[3433286] Failed to build match row: Bologna Football Club 1909 vs Associazione Sportiva Roma
[3462385] Could not find attributes for lefteris lyratzis (Panthessalonikios Athlitikos Omilos Konstantinoupoliton, 2020)
[3462385] Failed to build match row: Panthessalonikios Athlitikos Omilos Konstantinoupoliton vs Granada CF
[4363776] Could not find attributes for yunis abdelhamid (AS Saint-Étienne, 2024)
[4363776] Failed to build match row: AS Saint-Étienne vs Lille Olympique Sporting Club
[4620842] Could not find attributes for lorenzo bernasconi (Atalanta Bergamasca Calcio S.p.a., 2025)

Keepers & outfield error for **Futebol Clube do Porto** in Futebol Clube do Porto vs Rio Ave Futebol Clube: Numbers: 0 and 11.
[4109396] Failed to build match row: Futebol Clube do Porto vs Rio Ave Futebol Clube
[4620842] Failed to build match row: Atalanta Bergamasca Calcio S.p.a. vs Cagliari Calcio
[4649199] Could not find attributes for maksim borisko (FK Baltika, 2025)
[4649199] Failed to build match row: FK Baltika vs FK Rostov
Not enough players found for lineup: 0, 0.
[4137223] Failed to scrape lineup: https://www.transfermarkt.co.uk/spielbericht/index/spielbericht/4137223
[4640729] Could not find attributes for sadick abubakar (Fudbalski klub Radnik Surdulica, 2025)
[4640729] Failed to build match row: Fudbalski klub Radnik Surdulica vs Fudbalski Klub Novi Pazar
[4056365] Could not find attributes for giorgiy shelia (RFK Akhmat Grozny, 2022)
[4056365] Failed to build match row: RFK Akhmat Grozny vs FC Khimki (-2025)
[3621496] Could not find attributes for paulinho (Moreirense Futebol Clube, 2021)
[3621496] Failed to build match row: Boavista FC vs Moreirense Futebol Clube
bü A.Ş., 2020)
[3427026] Failed to build match row: Gaziantep Futbol Kulübü A.Ş. vs Göztepe Sportif Yatırımlar A.Ş.
[3522859] Failed to scrape lineup: https://www.transfermarkt.co.uk/rotor-volgograd_fc-rostov/index/spielbericht/3522859
[3839101] Failed to scrape lineup: https://www.transfermarkt.co.uk/tsg-1899-hoffenheim_fc-augsburg/index/spielbericht/3839101
[4627418] Failed to scrape lineup: https://www.transfermarkt.co.uk/zulte-waregem_kv-mechelen/index/spielbericht/4627418
[4468333] Could not find attributes for vasilios xenopoulos (Athlitiki Enosi Kifisias, 2024)
[4468333] Failed to build match row: Athlitiki Enosi Kifisias vs Panachaiki GE
[4373663] Could not find attributes for tiago tomas (Verein für Leibesübungen Wolfsburg, 2024)
[4373663] Failed to build match row: Verein für Bewegungsspiele Stuttgart 1893 vs Verein für Leibesübungen Wolfsburg
[3419782] Could not find attributes for ini etim akpan (Floriana FC, 2020)
[3419782] Failed to build match row: Floriana FC vs Fotbal Club CFR 1907 Cluj SA
[3716695] Could not find attributes for nikolaos melissas (Panetolikos Agrinio, 2021)
[3433287] Could not find attributes for gabriele zappa (Cagliari Calcio, 2020)
[3716695] Failed to build match row: Panetolikos Agrinio vs Aris Thessalonikis
[3433287] Failed to build match row: Cagliari Calcio vs Football Club Internazionale Milano S.p.A.
[4368018] Could not find attributes for faissal al mazyani (RKC Waalwijk, 2024)
[3890201] Could not find attributes for dan casey (Motherwell Football Club, 2022)
[4368018] Failed to build match row: RKC Waalwijk vs Nooit Opgeven Altijd Doorzetten Aangenaam Door Vermaak En Nuttig Door Ontspanning Combinatie Breda
[4642950] Could not find attributes for beres owusu (Grazer Athletiksport Klub 1902, 2025)
[4642950] Failed to build match row: Fußballklub Austria Wien vs Grazer Athletiksport Klub 1902
[4098143] Could not find attributes for tristan gooijer (AFC Ajax Amsterdam, 2023)
[4098143] Failed to build match row: AFC Ajax Amsterdam vs Fortuna Sittardia Combinatie
[3427027] Could not find attributes for semih kaya (Yeni Malatyaspor, 2020)
[3427027] Failed to build match row: Yeni Malatyaspor vs Trabzonspor Kulübü
[3890201] Failed to build match row: Motherwell Football Club vs Heart of Midlothian Football Club
[4109397] Could not find attributes for ze carlos (Gil Vicente Futebol Clube, 2023)
[4715104] Could not find attributes for joni montiel (Qarabağ FK, 2025)
 Futebol Clube
[4715104] Failed to build match row: Liverpool Football Club vs Qarabağ FK

Keepers & outfield error for **Olympique Lyonnais** in Olympique Lyonnais vs SC Fotbal Club FCSB SA: Numbers: 0 and 11.
[4547696] Failed to build match row: Olympique Lyonnais vs SC Fotbal Club FCSB SA
[4647923] Could not find attributes for karol linetty (Kocaelispor Kulübü, 2025)
[4647923] Failed to build match row: Kocaelispor Kulübü vs Trabzonspor Kulübü
[4798368] Could not find attributes for facundo cobos (Asociación Atlética Estudiantes, 2025)
[4798368] Failed to build match row: Asociación Atlética Estudiantes vs Instituto Atlético Central Córdoba
[4468334] Could not find attributes for giannis gelios (Athens Kallithea, 2024)
[4468334] Failed to build match row: Athens Kallithea vs Olympiakos Syndesmos Filathlon Peiraios
[4649200] Could not find attributes for david volk (Dinamo Makhachkala, 2025)
[4649200] Failed to build match row: Dinamo Makhachkala vs Футбольный клуб "Локомотив" Москва
[4640730] Could not find attributes for strahinja manojlovic (Fudbalski Klub Radnički Niš, 2025)
[4640730] Failed to build match row: Fudbalski Klub Radnički Niš vs Železničar Pančevo
[3522860] Could not find attributes for vitaliy gudiev (RFK Akhmat Grozny, 2020)
[3522860] Failed to build match row: RFK Akhmat Grozny vs Arsenal Tula
[4376704] Could not find attributes for tawanda maswanhise (Motherwell Football Club, 2024)

Keepers & outfield error for **Associazione Sportiva Roma** in Unione Sportiva Sassuolo Calcio vs Associazione Sportiva Roma: Numbers: 0 and 11.
[4376704] Failed to build match row: Dundee United Football Club vs Motherwell Football Club
[3844873] Failed to build match row: Unione Sportiva Sassuolo Calcio vs Associazione Sportiva Roma
Not enough players found for lineup: 0, 0.
[4137225] Failed to scrape lineup: https://www.transfermarkt.co.uk/spielbericht/index/spielbericht/4137225
[4368019] Could not find attributes for nikolai hopland (Sportclub Heerenveen, 2024)
[4368019] Failed to build match row: Sportclub Heerenveen vs Football Club Twente
[4625326] Could not find attributes for franko kolic (NK Istra 1961, 2025)
[4625326] Failed to build match row: NK Istra 1961 vs NK Slaven Belupo Koprivnica
[4246522] Could not find attributes for oliver casey (Blackpool FC, 2023)
[4246522] Failed to build match row: Nottingham Forest Football Club vs Blackpool FC
[3419783] Could not find attributes for enric saborit (Maccabi Tel Aviv, 2020)
[3419783] Failed to build match row: Maccabi Tel Aviv vs Riga FC
[4798369] Failed to scrape lineup: https://www.transfermarkt.co.uk/ca-union-santa-fe-_ca-talleres/index/spielbericht/4798369

Keepers & outfield error for **Real Sociedad de Fútbol S.A.D.** in Società Sportiva Calcio Napoli vs Real Sociedad de Fútbol S.A.D.: Numbers: 0 and 11.
[3462386] Failed to build match row: Società Sportiva Calcio Napoli vs Real Sociedad de Fútbol S.A.D.

Keepers & outfield error for **Eintracht Frankfurt Fußball AG** in Eintracht Frankfurt Fußball AG vs Holstein Kiel: Numbers: 2 and 9.
[4373664] Failed to build match row: Eintracht Frankfurt Fußball AG vs Holstein Kiel
[3522861] Could not find attributes for bakhtiyor zaynutdinov (PFK CSKA Moskva, 2020)
[3522861] Failed to build match row: PFK CSKA Moskva vs AO FK Zenit Sankt-Peterburg
[4408357] Failed to scrape lineup: https://www.transfermarkt.co.uk/fc-khimki_fc-rostov/index/spielbericht/4408357
[4396863] Could not find attributes for marvin elimbi (Gil Vicente Futebol Clube, 2024)
[3858621] Failed to scrape lineup: https://www.transfermarkt.co.uk/spielbericht/index/spielbericht/3858621
[4396863] Failed to build match row: Sporting Clube de Braga vs Gil Vicente Futebol Clube
[3450778] Failed to scrape lineup: https://www.transfermarkt.co.uk/vitesse-arnhem_ajax-amsterdam/index/spielbericht/3450778
[4547697] Could not find attributes for yusuf akcicek (Fenerbahçe Spor Kulübü, 2024)
[4547697] Failed to build match row: Rangers Football Club vs Fenerbahçe Spor Kulübü
[4056366] Failed to scrape lineup: https://www.transfermarkt.co.uk/krylya-sovetov-samara_ural-yekaterinburg/index/spielbericht/4056366
[3885850] Failed to scrape lineup: https://www.transfermarkt.co.uk/cadiz-cf_athletic-bilbao/index/spielbericht/3885850
[3716696] Could not find attributes for yuriy lodygin (PAS Giannina, 2021)
[3716696] Failed to build match row: PAS Giannina vs Apollon Smyrnis
[4098144] Could not find attributes for robin propper (Football Club Twente, 2023)
[4172275] Could not find attributes for patrick berg (Fotballklubben Bodø/Glimt, 2023)
[4098144] Failed to build match row: Football Club Twente vs Sparta Rotterdam
[4172275] Failed to build match row: FC Lugano vs Fotballklubben Bodø/Glimt
[3419784] Could not find attributes for roin kvaskhvadze (Dinamo Tbilisi, 2020)
[3621497] Could not find attributes for wilinton aponza (Portimonense SC, 2021)

Keepers & outfield error for **Motherwell Football Club** in Dundee Football Club vs Motherwell Football Club: Numbers: 0 and 11.
[4368020] Could not find attributes for Davy Klaassen (AFC Ajax Amsterdam, 2024)
[3621497] Failed to build match row: Portimonense SC vs Futebol Clube de Arouca
[3654451] Could not find attributes for arseniy korkodym (Volyn Lutsk, 2021)
[3654451] Failed to build match row: Volyn Lutsk vs FK Mariupol
[3419784] Failed to build match row: Dinamo Tbilisi vs KF Tirana
[4625327] Could not find attributes for marino bulat (HNK Vukovar 1991, 2025)
[3427028] Could not find attributes for angelo sagal (Denizlispor, 2020)
[4368020] Failed to build match row: AFC Ajax Amsterdam vs Sparta Rotterdam
[4743270] Could not find attributes for ivan fernandez (SD Logroñés, 2025)
[3522862] Could not find attributes for aleksandr belenov (FK Ufa, 2020)
[3427028] Failed to build match row: Denizlispor vs Antalyaspor
[3522862] Failed to build match row: FK Ufa vs Футбольный клуб "Локомотив" Москва
[4627419] Failed to scrape lineup: https://www.transfermarkt.co.uk/raal-la-louviere_standard-liege/index/spielbericht/4627419
[4625327] Failed to build match row: HNK Vukovar 1991 vs NK Osijek s.d.d.
[4120849] Failed to build match row: Dundee Football Club vs Motherwell Football Club
[4743270] Failed to build match row: SD Logroñés vs Racing Santander
[4468335] Could not find attributes for anthony martial (Athlitiki Enosi Konstantinoupoleos, 2024)
[4468335] Failed to build match row: Athlitiki Enosi Konstantinoupoleos vs Aris Thessalonikis
[4056367] Could not find attributes for aleksandr selikhov (FK Spartak Moskva, 2022)
[4056367] Failed to build match row: FK Spartak Moskva vs PFK CSKA Moskva
[4642952] Could not find attributes for joao tornich (Linzer Athletik-Sport-Klub, 2025)
Not enough players found for lineup: 0, 0.
[4642952] Failed to build match row: Sportklub Puntigamer Sturm Graz vs Linzer Athletik-Sport-Klub
[4137226] Failed to scrape lineup: https://www.transfermarkt.co.uk/spielbericht/index/spielbericht/4137226
[4640731] Could not find attributes for kadir gicic (Fudbalski Klub IMT Novi Beograd, 2025)
[4640731] Failed to build match row: Fudbalski Klub IMT Novi Beograd vs Fudbalski Klub Partizan Beograd
[3433288] Failed to scrape lineup: https://www.transfermarkt.co.uk/fc-crotone_spezia-calcio/index/spielbericht/3433288
[4620843] Failed to scrape lineup: https://www.transfermarkt.co.uk/bologna-fc-1909_juventus-fc/index/spielbericht/4620843

Keepers & outfield error for **Club Atlético Independiente de Avellaneda** in Club Atlético San Lorenzo de Almagro vs Club Atlético Independiente de Avellaneda: Numbers: 2 and 9.
[4798370] Failed to build match row: Club Atlético San Lorenzo de Almagro vs Club Atlético Independiente de Avellaneda
[4408358] Could not find attributes for evgeniy latyshonok (AO FK Zenit Sankt-Peterburg, 2024)
[4408358] Failed to build match row: AO FK Zenit Sankt-Peterburg vs RFK Akhmat Grozny
2025)
[4647924] Failed to build match row: Gençlerbirliği Spor Kulübü vs Samsunspor
[4428876] Could not find attributes for owura edwards (Colchester United, 2023)
[4428876] Failed to build match row: Colchester United vs Reading FC
[3716697] Could not find attributes for darko jevtic (Athlitiki Enosi Konstantinoupoleos, 2021)
[3716697] Failed to build match row: Athlitiki Enosi Konstantinoupoleos vs Volou Neos Podosferikos Syllogos
[3890202] Could not find attributes for simon murray (Ross County FC, 2022)
[3890202] Failed to build match row: Saint Mirren Football Club vs Ross County FC
[3450779] Could not find attributes for mario gotze (Eindhovense Voetbalvereniging Philips Sport Vereniging, 2020)
[3450779] Failed to build match row: Eindhovense Voetbalvereniging Philips Sport Vereniging vs Football Club Groningen
[4468336] Could not find attributes for panagiotis katsikas (Panserraikos Serres, 2024)
[4468336] Failed to build match row: Panserraikos Serres vs Panionios Athens
[4109398] Could not find attributes for robson bambu (Futebol Clube de Arouca, 2023)
[4109398] Failed to build match row: Portimonense SC vs Futebol Clube de Arouca
[4361474] Could not find attributes for harry wilson (Fulham Football Club, 2024)
[4361474] Failed to build match row: Liverpool Football Club vs Fulham Football Club
[3433289] Could not find attributes for gianluca scamacca (Genoa Cricket and Football Club, 2020)
[3433289] Failed to build match row: Genoa Cricket and Football Club vs Juventus Football Club
[4172276] Could not find attributes for bakhtiyor zaynutdinov (Beşiktaş Jimnastik Kulübü, 2023)
[4172276] Failed to build match row: FC Lugano vs Beşiktaş Jimnastik Kulübü

Keepers & outfield error for **Verona Hellas Football Club** in Associazione Calcio Fiorentina vs Verona Hellas Football Club: Numbers: 2 and 9.
[4620844] Failed to build match row: Associazione Calcio Fiorentina vs Verona Hellas Football Club

Keepers & outfield error for **Olympiakos Syndesmos Filathlon Peiraios** in Panthessalonikios Athlitikos Omilos Konstantinoupoliton vs Olympiakos Syndesmos Filathlon Peiraios: Numbers: 2 and 9.
[3716698] Failed to build match row: Panthessalonikios Athlitikos Omilos Konstantinoupoliton vs Olympiakos Syndesmos Filathlon Peiraios
[3949572] Failed to scrape lineup: https://www.transfermarkt.co.uk/spielbericht/index/spielbericht/3949572
[3462387] Failed to scrape lineup: https://www.transfermarkt.co.uk/spielbericht/index/spielbericht/3462387
Not enough players found for lineup: 0, 11.
[4640732] Could not find attributes for vladimir savic (Fudbalski klub Napredak Kruševac, 2025)
[4137227] Failed to scrape lineup: https://www.transfermarkt.co.uk/spielbericht/index/spielbericht/4137227
[4649201] Failed to scrape lineup: https://www.transfermarkt.co.uk/akron-tolyatti_rubin-kazan/index/spielbericht/4649201
[4373665] Failed to scrape lineup: https://www.transfermarkt.co.uk/1-fc-heidenheim-1846_1-fsv-mainz-05/index/spielbericht/4373665
[4120850] Could not find attributes for danny armstrong (Kilmarnock Football Club, 2023)
[4640732] Failed to build match row: Fudbalski klub Napredak Kruševac vs FK Radnički 1923 Kragujevac
[4120850] Failed to build match row: Kilmarnock Football Club vs Rangers Football Club
[3419785] Could not find attributes for otso virtanen (Kuopion Palloseura, 2020)
[4246523] Could not find attributes for jadel katongo (Peterborough United, 2023)
[4521490] Could not find attributes for daisuke yoshimitsu (Albirex Niigata, 2024)
 Football Club
[4521490] Failed to build match row: Albirex Niigata vs Tokyo Football Club
[4408359] Could not find attributes for aleksandr maksimenko (FK Spartak Moskva, 2024)
[4408359] Failed to build match row: FK Spartak Moskva vs FC Khimki (-2025)
[3598043] Could not find attributes for vurnon anita (RKC Waalwijk, 2021)
[3598043] Failed to build match row: RKC Waalwijk vs Football Club Twente
[3885851] Failed to scrape lineup: https://www.transfermarkt.co.uk/valencia-cf_atletico-de-madrid/index/spielbericht/3885851
[4547698] Failed to scrape lineup: https://www.transfermarkt.co.uk/spielbericht/index/spielbericht/4547698
[3613067] Could not find attributes for emirhan ilkhan (Beşiktaş Jimnastik Kulübü, 2021)
[3613067] Failed to build match row: Beşiktaş Jimnastik Kulübü vs Antalyaspor
[4649202] Could not find attributes for yuriy dyupin (FK Sochi, 2025)
[4649202] Failed to build match row: FK Sochi vs PFK CSKA Moskva
[4396865] Could not find attributes for xeka (Grupo Desportivo Estoril Praia, 2024)
[4396865] Failed to build match row: Grupo Desportivo Estoril Praia vs Boavista FC
[3890204] Could not find attributes for yuki kobayashi (The Celtic Football Club, 2022)
[3890204] Failed to build match row: Kilmarnock Football Club vs The Celtic Football Club
[4684694] Could not find attributes for emmanuel olivera (Independiente Santa Fe, 2025)
[4684694] Failed to build match row: Atlético Nacional vs Independiente Santa Fe
[4109399] Could not find attributes for leonardo lelo (Casa Pia Atlético Clube, 2023)
[4109399] Failed to build match row: Casa Pia Atlético Clube vs Boavista FC
[4368021] Could not find attributes for thom haye (Almere City FC, 2024)
[4368021] Failed to build match row: Almere City FC vs Go Ahead Eagles
[3654452] Could not find attributes for sergiy chernobay (Epicentr Dunaivtsi, 2021)
[3654452] Failed to build match row: Epicentr Dunaivtsi vs TOV FK Metalist 1925 Kharkiv

Keepers & outfield error for **FC Viktoria Plzeň, a.s.** in GNK Dinamo Zagreb vs FC Viktoria Plzeň, a.s.: Numbers: 0 and 11.
[4428877] Could not find attributes for cameron bragg (Crawley Town, 2023)
, a.s.
[4428877] Failed to build match row: Crawley Town vs Swindon Town

Keepers & outfield error for **Società Sportiva Lazio S.p.A.** in Società Sportiva Lazio S.p.A. vs Verona Hellas Football Club: Numbers: 2 and 9.
[3716699] Could not find attributes for antonis tsiftsis (A.G.S Asteras Tripolis, 2021)
[3433290] Failed to build match row: Società Sportiva Lazio S.p.A. vs Verona Hellas Football Club
[3716699] Failed to build match row: A.G.S Asteras Tripolis vs PAS Giannina
[4627420] Failed to scrape lineup: https://www.transfermarkt.co.uk/rsc-anderlecht_kvc-westerlo/index/spielbericht/4627420
[4625328] Failed to scrape lineup: https://www.transfermarkt.co.uk/nk-lokomotiva-zagreb_hnk-rijeka/index/spielbericht/4625328

Keepers & outfield error for **Livingston Football Club** in Livingston Football Club vs Aberdeen Football Club: Numbers: 2 and 9.
[4120851] Failed to build match row: Livingston Football Club vs Aberdeen Football Club
[4743271] Failed to scrape lineup: https://www.transfermarkt.co.uk/spielbericht/index/spielbericht/4743271
[4640733] Could not find attributes for djordje skoko (Fudbalski Klub Javor Matis Ivanjica, 2025)
[4640733] Failed to build match row: Fudbalski Klub Javor Matis Ivanjica vs Fudbalski klub Crvena zvezda Beograd
[4521491] Could not find attributes for yuya oki (S-Pulse, 2024)
[4056368] Failed to scrape lineup: https://www.transfermarkt.co.uk/fc-krasnodar_fc-rostov/index/spielbericht/4056368
[4642953] Failed to scrape lineup: https://www.transfermarkt.co.uk/red-bull-salzburg_wsg-tirol/index/spielbericht/4642953
[4521491] Failed to build match row: S-Pulse vs Nagoya Grampus Eight
[3844875] Could not find attributes for daniele montevago (UC Sampdoria, 2022)
[3844875] Failed to build match row: Torino Calcio vs UC Sampdoria

Keepers & outfield error for **Olympique Lyonnais** in Olympique Lyonnais vs Olympique de Marseille: Numbers: 0 and 11.
[4363779] Failed to build match row: Olympique Lyonnais vs Olympique de Marseille

Keepers & outfield error for **Wolverhampton Wanderers Football Club** in West Ham United Football Club vs Wolverhampton Wanderers Football Club: Numbers: 2 and 9.
[4095245] Failed to build match row: West Ham United Football Club vs Wolverhampton Wanderers Football Club
[4647925] Could not find attributes for muhammed kadioglu (Fatih Karagümrük Sportif Faaliyetler San. Tic. A.Ş., 2025)
[4647925] Failed to build match row: İstanbul Başakşehir Futbol Kulübü vs Fatih Karagümrük Sportif Faaliyetler San. Tic. A.Ş.
[4715107] Failed to scrape lineup: https://www.transfermarkt.co.uk/spielbericht/index/spielbericht/4715107
[4368022] Could not find attributes for terence kongolo (Nooit Opgeven Altijd Doorzetten Aangenaam Door Vermaak En Nuttig Door Ontspanning Combinatie Breda, 2024)
[4368022] Failed to build match row: Alkmaar Zaanstreek vs Nooit Opgeven Altijd Doorzetten Aangenaam Door Vermaak En Nuttig Door Ontspanning Combinatie Breda

Keepers & outfield error for **Sporting Clube de Portugal** in Futebol Clube do Porto vs Sporting Clube de Portugal: Numbers: 0 and 11.
[4396866] Failed to build match row: Futebol Clube do Porto vs Sporting Clube de Portugal
[3949573] Could not find attributes for rober nuevo (CD Cazalegas, 2022)
[3949573] Failed to build match row: CD Cazalegas vs Real Sociedad de Fútbol S.A.D.
[3450780] Failed to scrape lineup: https://www.transfermarkt.co.uk/heracles-almelo_vvv-venlo/index/spielbericht/3450780

Keepers & outfield error for **Motherwell Football Club** in St. Johnstone FC vs Motherwell Football Club: Numbers: 0 and 11.
[3603064] Failed to build match row: St. Johnstone FC vs Motherwell Football Club
[4468337] Failed to scrape lineup: https://www.transfermarkt.co.uk/spielbericht/index/spielbericht/4468337
[3589139] Failed to scrape lineup: https://www.transfermarkt.co.uk/stade-brestois-29_as-monaco/index/spielbericht/3589139
[4056369] Could not find attributes for artur nigmatullin (FK Nizhny Novgorod, 2022)
[4625329] Could not find attributes for branimir mlacic (HNK Hajduk Split, 2025)
[4625329] Failed to build match row: HNK Hajduk Split vs NK Varazdin
[4056369] Failed to build match row: FK Nizhny Novgorod vs FK Sochi
[4684695] Could not find attributes for dario denis (Boyacá Chicó FC, 2025)
[4684695] Failed to build match row: Boyacá Chicó FC vs Asociación Deportivo Pasto
[4649203] Could not find attributes for evgeniy latyshonok (AO FK Zenit Sankt-Peterburg, 2025)
[4620845] Failed to scrape lineup: https://www.transfermarkt.co.uk/genoa-cfc_inter-milan/index/spielbericht/4620845
[4649203] Failed to build match row: AO FK Zenit Sankt-Peterburg vs PFK CSKA Moskva

Keepers & outfield error for **Atalanta Bergamasca Calcio S.p.a.** in Atalanta Bergamasca Calcio S.p.a. vs Football Club Internazionale Milano S.p.A.: Numbers: 2 and 9.
[3844876] Failed to build match row: Atalanta Bergamasca Calcio S.p.a. vs Football Club Internazionale Milano S.p.A.

Keepers & outfield error for **Girona Fútbol Club S. A. D.** in Real Club Deportivo Mallorca S.A.D. vs Girona Fútbol Club S. A. D.: Numbers: 0 and 11.
[3885854] Failed to build match row: Real Club Deportivo Mallorca S.A.D. vs Girona Fútbol Club S. A. D.

Keepers & outfield error for **Aberdeen Football Club** in Aberdeen Football Club vs St. Johnstone FC: Numbers: 2 and 9.
[3603065] Failed to build match row: Aberdeen Football Club vs St. Johnstone FC
[3450781] Could not find attributes for eliano reijnders (Prins Hendrik Ende Desespereert Nimmer Combinatie Zwolle, 2020)
[3450781] Failed to build match row: Prins Hendrik Ende Desespereert Nimmer Combinatie Zwolle vs VVV-Venlo
[3890206] Could not find attributes for dan casey (Motherwell Football Club, 2022)
[3890206] Failed to build match row: Motherwell Football Club vs Dundee United Football Club

Keepers & outfield error for **Aston Villa Football Club** in Aston Villa Football Club vs Sheffield United: Numbers: 0 and 11.
[3462388] Failed to scrape lineup: https://www.transfermarkt.co.uk/spielbericht/index/spielbericht/3462388
[4095246] Failed to build match row: Aston Villa Football Club vs Sheffield United
[4468338] Could not find attributes for alexei koselev (APS Atromitos Athinon, 2024)
021)
[4640734] Could not find attributes for marin dulic (Fudbalski Klub Spartak Ždrepčeva krv, 2025)
[3621498] Failed to build match row: Grupo Desportivo Estoril Praia vs Futebol Clube de Famalicão
[4468338] Failed to build match row: Panathinaikos Athlitikos Omilos vs APS Atromitos Athinon
lski klub Beograd
[4376707] Failed to scrape lineup: https://www.transfermarkt.co.uk/ross-county-fc_dundee-fc/index/spielbericht/4376707
[4642954] Could not find attributes for beres owusu (Grazer Athletiksport Klub 1902, 2025)
[4642954] Failed to build match row: Sportklub Rapid vs Grazer Athletiksport Klub 1902
[4373666] Failed to scrape lineup: https://www.transfermarkt.co.uk/sv-werder-bremen_tsg-1899-hoffenheim/index/spielbericht/4373666
[4137228] Failed to scrape lineup: https://www.transfermarkt.co.uk/spielbericht/index/spielbericht/4137228
[3654453] Could not find attributes for kostyantyn makhnovskyi (VPK-Agro, 2021)
[3654453] Failed to build match row: VPK-Agro vs SC Dnipro-1
[4408360] Failed to scrape lineup: https://www.transfermarkt.co.uk/fc-krasnodar_dynamo-moscow/index/spielbericht/4408360
[4368023] Could not find attributes for suf podgoreanu (Heracles Almelo, 2024)
[4368023] Failed to build match row: Football Club Groningen vs Heracles Almelo

Keepers & outfield error for **SC Farense** in SC Farense vs Futebol Clube de Famalicão: Numbers: 2 and 9.
[4396867] Failed to build match row: SC Farense vs Futebol Clube de Famalicão
[4361476] Failed to scrape lineup: https://www.transfermarkt.co.uk/newcastle-united_leicester-city/index/spielbericht/4361476

Keepers & outfield error for **FC Vizela** in FC Vizela vs Futebol Clube do Porto: Numbers: 0 and 11.
[4798372] Could not find attributes for fermin antonini (Club Atlético Gimnasia y Esgrima de Mendoza, 2025)
[3621499] Failed to build match row: FC Vizela vs Futebol Clube do Porto
[4798372] Failed to build match row: Club Atlético Gimnasia y Esgrima de Mendoza vs Club Social y Deportivo Defensa y Justicia
[4376708] Could not find attributes for daniels balodis (St. Johnstone FC, 2024)
[4376708] Failed to build match row: St. Johnstone FC vs Heart of Midlothian Football Club
[4056370] Could not find attributes for leo andrade (FC Khimki (-2025), 2022)
[4056370] Failed to build match row: FC Khimki (-2025) vs Ural Yekaterinburg
[3462389] Could not find attributes for nassim hnid (Athlitiki Enosi Konstantinoupoleos, 2020)
[3462389] Failed to build match row: Leicester City vs Athlitiki Enosi Konstantinoupoleos
[4428878] Failed to scrape lineup: https://www.transfermarkt.co.uk/spielbericht/index/spielbericht/4428878
[3433291] Failed to scrape lineup: https://www.transfermarkt.co.uk/ac-milan_parma-calcio-1913/index/spielbericht/3433291
[3427030] Failed to scrape lineup: https://www.transfermarkt.co.uk/caykur-rizespor_buyuksehir-belediye-erzurumspor/index/spielbericht/3427030

Keepers & outfield error for **Real Betis Balompié S.A.D.** in Real Madrid Club de Fútbol vs Real Betis Balompié S.A.D.: Numbers: 0 and 11.
[3598045] Failed to scrape lineup: https://www.transfermarkt.co.uk/psv-eindhoven_nec-nijmegen/index/spielbericht/3598045
[3885855] Failed to build match row: Real Madrid Club de Fútbol vs Real Betis Balompié S.A.D.
[3859109] Could not find attributes for victor smedsrud (Skovshoved IF, 2022)
[3859109] Failed to build match row: Skovshoved IF vs HB Köge
[4521493] Failed to scrape lineup: https://www.transfermarkt.co.uk/gamba-osaka_shonan-bellmare/index/spielbericht/4521493
[4246524] Could not find attributes for arthur okonkwo (Wrexham AFC, 2023)
[4547796] Failed to scrape lineup: https://www.transfermarkt.co.uk/spielbericht/index/spielbericht/4547796
[4246524] Failed to build match row: Shrewsbury Town vs Wrexham AFC
[4363780] Failed to scrape lineup: https://www.transfermarkt.co.uk/ogc-nice_as-saint-etienne/index/spielbericht/4363780

Keepers & outfield error for **Saint Mirren Football Club** in Rangers Football Club vs Saint Mirren Football Club: Numbers: 2 and 9.
[3890207] Failed to build match row: Rangers Football Club vs Saint Mirren Football Club
[4408361] Could not find attributes for igor akinfeev (PFK CSKA Moskva, 2024)
[4647926] Failed to scrape lineup: https://www.transfermarkt.co.uk/galatasaray_gaziantep-fk/index/spielbericht/4647926
[4408361] Failed to build match row: PFK CSKA Moskva vs FK Nizhny Novgorod
[4715108] Failed to scrape lineup: https://www.transfermarkt.co.uk/spielbericht/index/spielbericht/4715108
[4642955] Could not find attributes for tom ritzy hulsmann (Turn- und Sportverein Egger Glas Hartberg, 2025)
[4642955] Failed to build match row: Turn- und Sportverein Egger Glas Hartberg vs Sportvereinigung Ried 1912

Keepers & outfield error for **Futebol Clube de Arouca** in Futebol Clube de Arouca vs Casa Pia Atlético Clube: Numbers: 0 and 11.
[4396868] Failed to build match row: Futebol Clube de Arouca vs Casa Pia Atlético Clube
[4098145] Failed to scrape lineup: https://www.transfermarkt.co.uk/az-alkmaar_excelsior-rotterdam/index/spielbericht/4098145
[3589140] Failed to scrape lineup: https://www.transfermarkt.co.uk/clermont-foot-63_olympique-marseille/index/spielbericht/3589140
[3621500] Failed to build match row: FC Vizela vs Sporting Clube de Portugal
[3613069] Failed to scrape lineup: https://www.transfermarkt.co.uk/caykur-rizespor_adana-demirspor/index/spielbericht/3613069
[3522863] Could not find attributes for ivan konovalov (Ural Yekaterinburg, 2020)
[3522863] Failed to build match row: FK Spartak Moskva vs Ural Yekaterinburg
[4625332] Failed to scrape lineup: https://www.transfermarkt.co.uk/gnk-dinamo-zagreb_hnk-hajduk-split/index/spielbericht/4625332

Keepers & outfield error for **Stade Reims** in Stade Reims vs Paris Saint-Germain Football Club: Numbers: 2 and 9.
[3716700] Could not find attributes for vahid selimovic (Omilos Filathlon Irakliou FC, 2021)
[4684696] Failed to scrape lineup: https://www.transfermarkt.co.uk/once-caldas_junior-fc/index/spielbericht/4684696
[4521494] Could not find attributes for keisuke osako (Sanfrecce Hiroshima, 2024)
[3839105] Could not find attributes for dennis geiger (Turn- und Sportgemeinschaft 1899 Hoffenheim Fußball-Spielbetriebs, 2022)
[4363781] Failed to build match row: Stade Reims vs Paris Saint-Germain Football Club
[3716700] Failed to build match row: Omilos Filathlon Irakliou FC vs Panathinaikos Athlitikos Omilos
[3839105] Failed to build match row: Borussia Dortmund vs Turn- und Sportgemeinschaft 1899 Hoffenheim Fußball-Spielbetriebs
[4521494] Failed to build match row: Sanfrecce Hiroshima vs Avispa Fukuoka
[4547797] Could not find attributes for maroan sannadi (Athletic Club Bilbao, 2024)
[4547797] Failed to build match row: Rangers Football Club vs Athletic Club Bilbao
[3890208] Could not find attributes for dylan smith (Ross County FC, 2022)
[3844877] Failed to scrape lineup: https://www.transfermarkt.co.uk/bologna-fc-1909_us-sassuolo/index/spielbericht/3844877
[4649204] Failed to scrape lineup: https://www.transfermarkt.co.uk/fc-rostov_krylya-sovetov-samara/index/spielbericht/4649204

Keepers & outfield error for **Club Atlético de Madrid S.A.D.** in Real Sociedad de Fútbol S.A.D. vs Club Atlético de Madrid S.A.D.: Numbers: 2 and 9.
[3890208] Failed to build match row: Ross County FC vs Aberdeen Football Club
[3885856] Failed to build match row: Real Sociedad de Fútbol S.A.D. vs Club Atlético de Madrid S.A.D.
[4640735] Failed to scrape lineup: https://www.transfermarkt.co.uk/fk-radnik-surdulica_fk-vojvodina-novi-sad/index/spielbericht/4640735
[4468339] Failed to scrape lineup: https://www.transfermarkt.co.uk/spielbericht/index/spielbericht/4468339
[4408362] Could not find attributes for vitaliy gudiev (Fakel Voronezh, 2024)
[4408362] Failed to build match row: Fakel Voronezh vs PFK Krylya Sovetov Samara
[4246525] Could not find attributes for pipa (West Bromwich Albion, 2023)
[4246525] Failed to build match row: West Bromwich Albion vs Aldershot Town
[4798373] Could not find attributes for yoshan valois (Club Atlético Lanús, 2025)
[4798373] Failed to build match row: Club Atlético Lanús vs Asociación de Fomento Deportivo Riestra Barrio Colón
[4373667] Failed to scrape lineup: https://www.transfermarkt.co.uk/fc-augsburg_rb-leipzig/index/spielbericht/4373667
[3949574] Could not find attributes for alejandro ocampo (UD Barbadás, 2022)
[3949574] Failed to build match row: UD Barbadás vs Real Valladolid CF
[3839106] Failed to scrape lineup: https://www.transfermarkt.co.uk/bayer-04-leverkusen_sc-freiburg/index/spielbericht/3839106
[4684697] Could not find attributes for wuilker farinez (Rionegro Águilas, 2025)
[4137230] Failed to scrape lineup: https://www.transfermarkt.co.uk/spielbericht/index/spielbericht/4137230
[4684697] Failed to build match row: CD América de Cali vs Rionegro Águilas
[3654454] Failed to scrape lineup: https://www.transfermarkt.co.uk/spielbericht/index/spielbericht/3654454
[4743273] Could not find attributes for eder larrea (UD Logroñés, 2025)
[3420272] Failed to scrape lineup: https://www.transfermarkt.co.uk/spielbericht/index/spielbericht/3420272
[4743273] Failed to build match row: UD Logroñés vs SD Ponferradina
[4098146] Could not find attributes for robin maulun (Football Club Volendam, 2023)
[4098146] Failed to build match row: Excelsior Rotterdam vs Football Club Volendam

Keepers & outfield error for **Koninklijke Atletiek Associatie Gent** in St Truiden vs Koninklijke Atletiek Associatie Gent: Numbers: 2 and 9.
[4627423] Failed to build match row: St Truiden vs Koninklijke Atletiek Associatie Gent

Keepers & outfield error for **AVS Futebol SAD** in AVS Futebol SAD vs Boavista FC: Numbers: 0 and 11.
[4715110] Could not find attributes for joni montiel (Qarabağ FK, 2025)
[4396869] Failed to build match row: AVS Futebol SAD vs Boavista FC
[4715110] Failed to build match row: Qarabağ FK vs Eintracht Frankfurt Fußball AG
[4625333] Failed to scrape lineup: https://www.transfermarkt.co.uk/nk-varazdin_nk-lokomotiva-zagreb/index/spielbericht/4625333
[4120854] Could not find attributes for duktm (Aberdeen Football Club, 2023)
[4120854] Failed to build match row: Aberdeen Football Club vs The Celtic Football Club
[3716701] Failed to scrape lineup: https://www.transfermarkt.co.uk/olympiacos-piraeus_panetolikos-gfs/index/spielbericht/3716701
[3621501] Could not find attributes for yohan tavares (B SAD, 2021)
[3621501] Failed to build match row: B SAD vs Futebol Clube do Porto
[4376709] Failed to scrape lineup: https://www.transfermarkt.co.uk/celtic-fc_aberdeen-fc/index/spielbericht/4376709
[3613070] Could not find attributes for mergim berisha (Fenerbahçe Spor Kulübü, 2021)
[3613070] Failed to build match row: Fenerbahçe Spor Kulübü vs İstanbul Başakşehir Futbol Kulübü
[3859110] Could not find attributes for laurits rasmussen (Alleröd FK, 2022)

Keepers & outfield error for **Saint Mirren Football Club** in Hibernian Football Club vs Saint Mirren Football Club: Numbers: 2 and 9.
[4428879] Could not find attributes for jaden warner (Norwich City, 2023)
[3427031] Failed to scrape lineup: https://www.transfermarkt.co.uk/kayserispor_mke-ankaragucu/index/spielbericht/3427031
[4640736] Failed to scrape lineup: https://www.transfermarkt.co.uk/fk-radnicki-nis_fk-tsc-backa-topola/index/spielbericht/4640736
[3859110] Failed to build match row: Alleröd FK vs Roskilde KFUM
[4428879] Failed to build match row: Norwich City vs Stevenage FC
[3603067] Failed to build match row: Hibernian Football Club vs Saint Mirren Football Club
[4095248] Failed to scrape lineup: https://www.transfermarkt.co.uk/fulham-fc_burnley-fc/index/spielbericht/4095248
[3462390] Failed to scrape lineup: https://www.transfermarkt.co.uk/spielbericht/index/spielbericht/3462390
[4368025] Failed to scrape lineup: https://www.transfermarkt.co.uk/feyenoord-rotterdam_pec-zwolle/index/spielbericht/4368025
[3450782] Could not find attributes for wassim essanoussi (VVV-Venlo, 2020)
[3522864] Could not find attributes for nikolay zabolotnyi (FK Sochi, 2020)
[3450782] Failed to build match row: VVV-Venlo vs FC Emmen
[3522864] Failed to build match row: FK Sochi vs PFK Tambov (-2021)
[4547798] Could not find attributes for thiago almada (Olympique Lyonnais, 2024)
[4547798] Failed to build match row: Olympique Lyonnais vs Manchester United Football Club
[4649205] Could not find attributes for stanislav agkatsev (FK Krasnodar, 2025)
[4649205] Failed to build match row: FK Krasnodar vs FK Dinamo Moskva
[4056371] Failed to scrape lineup: https://www.transfermarkt.co.uk/torpedo-moskau_fc-orenburg/index/spielbericht/4056371
[3427032] Could not find attributes for munir el kajoui (Hatayspor, 2020)
[3427032] Failed to build match row: Hatayspor vs Alanyaspor
[4109400] Failed to scrape lineup: https://www.transfermarkt.co.uk/fc-vizela_vitoria-guimaraes-sc/index/spielbericht/4109400
[4647927] Could not find attributes for uchenna ogundu (Alanyaspor, 2025)

Keepers & outfield error for **Lille Olympique Sporting Club** in The Celtic Football Club vs Lille Olympique Sporting Club: Numbers: 2 and 9.
[4647927] Failed to build match row: Alanyaspor vs Fenerbahçe Spor Kulübü
[4625334] Could not find attributes for martin zlomislic (Hrvatski Nogometni Klub Rijeka, 2025)
[3462391] Failed to build match row: The Celtic Football Club vs Lille Olympique Sporting Club
[4798374] Could not find attributes for eros mancuso (Club Estudiantes de La Plata, 2025)
[4625334] Failed to build match row: Hrvatski Nogometni Klub Rijeka vs HNK Vukovar 1991
[4798374] Failed to build match row: Club Atlético Platense vs Club Estudiantes de La Plata
[3589141] Could not find attributes for jerome boateng (Olympique Lyonnais, 2021)
[4640737] Could not find attributes for bojan brac (Fudbalski Klub IMT Novi Beograd, 2025)
[3589141] Failed to build match row: Olympique Lyonnais vs Racing Club de Lens

Keepers & outfield error for **Verona Hellas Football Club** in Verona Hellas Football Club vs Spezia Calcio: Numbers: 2 and 9.
[4640737] Failed to build match row: Fudbalski Klub IMT Novi Beograd vs Fudbalski Klub Mladost Lučani
[3844879] Failed to build match row: Verona Hellas Football Club vs Spezia Calcio
[4056372] Could not find attributes for stanislav agkatsev (FK Krasnodar, 2022)
[4056372] Failed to build match row: FK Krasnodar vs PFK CSKA Moskva
[4684698] Could not find attributes for andres tovar (Envigado FC, 2025)
[4684698] Failed to build match row: Envigado FC vs Internacional de Bogotá
Not enough players found for lineup: 11, 0.
[4137231] Failed to scrape lineup: https://www.transfermarkt.co.uk/spielbericht/index/spielbericht/4137231
[4649206] Could not find attributes for evgeniy staver (FC Rubin Kazan, 2025)
[4649206] Failed to build match row: FC Rubin Kazan vs FK Sochi
[4408363] Failed to scrape lineup: https://www.transfermarkt.co.uk/rubin-kazan_fc-orenburg/index/spielbericht/4408363
[4373668] Failed to scrape lineup: https://www.transfermarkt.co.uk/1-fc-union-berlin_borussia-monchengladbach/index/spielbericht/4373668

Keepers & outfield error for **Torino Calcio** in Torino Calcio vs Udinese Calcio: Numbers: 2 and 9.
[3433294] Failed to build match row: Torino Calcio vs Udinese Calcio
[3589142] Could not find attributes for jemerson (Football Club de Metz, 2021)
[3462392] Could not find attributes for eitan tibi (Maccabi Tel Aviv, 2020)
[3589142] Failed to build match row: Football Club de Metz vs AS Saint-Étienne
[3462392] Failed to build match row: Maccabi Tel Aviv vs Sivasspor
[4640738] Could not find attributes for vladimir savic (Fudbalski klub Napredak Kruševac, 2025)
[4640738] Failed to build match row: Fudbalski klub Napredak Kruševac vs Fudbalski klub Čukarički Beograd
[3654455] Failed to scrape lineup: https://www.transfermarkt.co.uk/spielbericht/index/spielbericht/3654455
[4098147] Failed to scrape lineup: https://www.transfermarkt.co.uk/fortuna-sittard_feyenoord-rotterdam/index/spielbericht/4098147
[4743274] Failed to scrape lineup: https://www.transfermarkt.co.uk/spielbericht/index/spielbericht/4743274
[4627474] Failed to scrape lineup: https://www.transfermarkt.co.uk/kv-mechelen_club-brugge-kv/index/spielbericht/4627474
[4056373] Could not find attributes for nikolay zabolotnyi (FK Sochi, 2022)
[4056373] Failed to build match row: FK Sochi vs AO FK Zenit Sankt-Peterburg
Not enough players found for lineup: 0, 0.
[4137233] Failed to scrape lineup: https://www.transfermarkt.co.uk/spielbericht/index/spielbericht/4137233
[3716702] Failed to scrape lineup: https://www.transfermarkt.co.uk/aris-thessaloniki_aek-athens/index/spielbericht/3716702
[3621502] Failed to scrape lineup: https://www.transfermarkt.co.uk/fc-famalicao_fc-pacos-de-ferreira/index/spielbericht/3621502
[4396870] Failed to scrape lineup: https://www.transfermarkt.co.uk/fc-porto_moreirense-fc/index/spielbericht/4396870
[3598048] Failed to scrape lineup: https://www.transfermarkt.co.uk/feyenoord-rotterdam_willem-ii-tilburg/index/spielbericht/3598048
[4246528] Could not find attributes for martial godo (Wigan Athletic, 2023)
[4246528] Failed to build match row: Wigan Athletic vs Manchester United Football Club
[4373669] Could not find attributes for tom krauss (VfL Bochum, 2024)
[3859111] Failed to scrape lineup: https://www.transfermarkt.co.uk/spielbericht/index/spielbericht/3859111
[4373669] Failed to build match row: VfL Bochum vs Borussia Dortmund

Keepers & outfield error for **Tottenham Hotspur Football Club** in Tottenham Hotspur Football Club vs Royal Antwerp Football Club: Numbers: 0 and 11.
[3462394] Failed to build match row: Tottenham Hotspur Football Club vs Royal Antwerp Football Club
[4640739] Failed to build match row: FK Radnički 1923 Kragujevac vs Fudbalski Klub Novi Pazar
[4120855] Could not find attributes for danny armstrong (Kilmarnock Football Club, 2023)
[3885858] Failed to scrape lineup: https://www.transfermarkt.co.uk/ca-osasuna_rayo-vallecano/index/spielbericht/3885858
[4120855] Failed to build match row: Heart of Midlothian Football Club vs Kilmarnock Football Club
[4684699] Could not find attributes for joaquin mattalia (Unión Magdalena, 2025)
[4684699] Failed to build match row: Unión Magdalena vs Independiente Medellín
[3949575] Could not find attributes for enric puiggros (CFJ Mollerussa, 2022)
[3949575] Failed to build match row: CFJ Mollerussa vs Rayo Vallecano de Madrid S. A. D.
[4056374] Could not find attributes for aleksandr selikhov (FK Spartak Moskva, 2022)
[4056374] Failed to build match row: FK Spartak Moskva vs FK Nizhny Novgorod
[4642958] Failed to scrape lineup: https://www.transfermarkt.co.uk/lask_rapid-vienna/index/spielbericht/4642958
[3450783] Failed to scrape lineup: https://www.transfermarkt.co.uk/psv-eindhoven_pec-zwolle/index/spielbericht/3450783
[4468340] Could not find attributes for nikolaos baxevanos (Panachaiki GE, 2024)
[3522865] Failed to scrape lineup: https://www.transfermarkt.co.uk/rubin-kazan_fc-khimki/index/spielbericht/3522865
[4468340] Failed to build match row: Panachaiki GE vs Athlitiki Enosi Kifisias
[3603068] Failed to scrape lineup: https://www.transfermarkt.co.uk/livingston-fc_celtic-fc/index/spielbericht/3603068

Keepers & outfield error for **Società Sportiva Lazio S.p.A.** in Juventus Football Club vs Società Sportiva Lazio S.p.A.: Numbers: 2 and 9.
[3844880] Failed to build match row: Juventus Football Club vs Società Sportiva Lazio S.p.A.
[4640740] Could not find attributes for marko milosevic (Fudbalski Klub Partizan Beograd, 2025)
[4640740] Failed to build match row: Fudbalski Klub Partizan Beograd vs Železničar Pančevo
[3433295] Could not find attributes for gonzalo escalante (Società Sportiva Lazio S.p.A., 2020)
[3433295] Failed to build match row: Benevento Calcio vs Società Sportiva Lazio S.p.A.
[3839108] Failed to scrape lineup: https://www.transfermarkt.co.uk/borussia-monchengladbach_1-fsv-mainz-05/index/spielbericht/3839108
[3420393] Could not find attributes for vasiliy pinchuk (FC Leningradets, 2020)
[3420393] Failed to build match row: FC Leningradets vs FK Dolgoprudnyi
[3427033] Failed to scrape lineup: https://www.transfermarkt.co.uk/galatasaray_kasimpasa/index/spielbericht/3427033
[4376711] Failed to scrape lineup: https://www.transfermarkt.co.uk/heart-of-midlothian-fc_st-mirren-fc/index/spielbericht/4376711
[4428881] Failed to scrape lineup: https://www.transfermarkt.co.uk/spielbericht/index/spielbericht/4428881
[3859113] Could not find attributes for viktor hojbjerg (Herlev IF, 2022)
[4647929] Could not find attributes for youssef ait bennasser (Kayserispor Kulübü, 2025)
[4647929] Failed to build match row: Beşiktaş Jimnastik Kulübü vs Kayserispor Kulübü
[3859113] Failed to build match row: Herlev IF vs Vanlöse IF
[4368027] Could not find attributes for faissal al mazyani (RKC Waalwijk, 2024)
[4368027] Failed to build match row: RKC Waalwijk vs Football Club Utrecht
[3716703] Could not find attributes for symeon papadopoulos (Volou Neos Podosferikos Syllogos, 2021)
[3716703] Failed to build match row: Volou Neos Podosferikos Syllogos vs Ionikos Nikeas
[3621503] Could not find attributes for wilinton aponza (Portimonense SC, 2021)
[3621503] Failed to build match row: Portimonense SC vs Vitória Sport Clube
[3522866] Could not find attributes for egor baburin (FK Krasnodar, 2020)
[4798375] Failed to scrape lineup: https://www.transfermarkt.co.uk/ca-velez-sarsfield_ca-newells-old-boys/index/spielbericht/4798375
[4625335] Failed to scrape lineup: https://www.transfermarkt.co.uk/nk-osijek_nk-istra-1961/index/spielbericht/4625335
[3522866] Failed to build match row: FK Krasnodar vs FK Dinamo Moskva

Keepers & outfield error for **Manchester City Football Club** in Manchester City Football Club vs Brentford Football Club: Numbers: 0 and 11.
[4095251] Failed to build match row: Manchester City Football Club vs Brentford Football Club
[4547800] Failed to scrape lineup: https://www.transfermarkt.co.uk/spielbericht/index/spielbericht/4547800
[3613072] Failed to scrape lineup: https://www.transfermarkt.co.uk/kayserispor_hatayspor/index/spielbericht/3613072
[4620851] Failed to scrape lineup: https://www.transfermarkt.co.uk/udinese-calcio_ssc-napoli/index/spielbericht/4620851
[3420394] Could not find attributes for vladislav yampolskiy (FC Kolomna, 2020)
[3420394] Failed to build match row: FC Kolomna vs Rodina Moscow
[4468341] Could not find attributes for andreas ntoi (Olympiakos Syndesmos Filathlon Peiraios, 2024)
[4468341] Failed to build match row: Olympiakos Syndesmos Filathlon Peiraios vs Athens Kallithea
[4642959] Could not find attributes for tom ritzy hulsmann (Turn- und Sportverein Egger Glas Hartberg, 2025)
[4642959] Failed to build match row: Turn- und Sportverein Egger Glas Hartberg vs Sportklub Puntigamer Sturm Graz
[3603069] Could not find attributes for borna barisic (Rangers Football Club, 2021)
[3603069] Failed to build match row: Rangers Football Club vs Motherwell Football Club
[4649207] Failed to scrape lineup: https://www.transfermarkt.co.uk/fc-pari-nizhniy-novgorod_lokomotiv-moscow/index/spielbericht/4649207
[3890210] Failed to scrape lineup: https://www.transfermarkt.co.uk/celtic-fc_rangers-fc/index/spielbericht/3890210
[4408364] Failed to scrape lineup: https://www.transfermarkt.co.uk/dinamo-makhachkala_fc-rostov/index/spielbericht/4408364
[4640741] Could not find attributes for milos veljkovic (Fudbalski klub Crvena zvezda Beograd, 2025)
[3522867] Could not find attributes for yaroslav rakitskyi (AO FK Zenit Sankt-Peterburg, 2020)
[4640741] Failed to build match row: Fudbalski klub Crvena zvezda Beograd vs Fudbalski Klub Javor Matis Ivanjica
[3522867] Failed to build match row: AO FK Zenit Sankt-Peterburg vs FC Khimki (-2025)
[3450784] Could not find attributes for armando broja (Vitesse Arnhem, 2020)
[3450784] Failed to build match row: Vitesse Arnhem vs Football Club Twente
[3621504] Could not find attributes for paulinho (Moreirense Futebol Clube, 2021)
[3621504] Failed to build match row: Sport Lisboa e Benfica vs Moreirense Futebol Clube
[4363783] Could not find attributes for haris belkebla (Angers Sporting Club de l'Ouest, 2024)
[4363783] Failed to build match row: Angers Sporting Club de l'Ouest vs Football Club de Nantes
[4743275] Failed to scrape lineup: https://www.transfermarkt.co.uk/spielbericht/index/spielbericht/4743275

Keepers & outfield error for **Paris Saint-Germain Football Club** in Paris Saint-Germain Football Club vs Lille Olympique Sporting Club: Numbers: 2 and 9.
[4396872] Could not find attributes for andreas ntoi (Rio Ave Futebol Clube, 2024)
[3589144] Failed to build match row: Paris Saint-Germain Football Club vs Lille Olympique Sporting Club
[4396872] Failed to build match row: Rio Ave Futebol Clube vs Club Football Estrela da Amadora
[3890211] Could not find attributes for loick ayina (Dundee United Football Club, 2022)
[3890211] Failed to build match row: Dundee United Football Club vs Hibernian Football Club
[4649208] Could not find attributes for maksim borisko (FK Baltika, 2025)
[4649208] Failed to build match row: FK Baltika vs FC Orenburg
[4249375] Failed to scrape lineup: https://www.transfermarkt.co.uk/spielbericht/index/spielbericht/4249375

Keepers & outfield error for **İstanbul Başakşehir Futbol Kulübü** in İstanbul Başakşehir Futbol Kulübü vs Gaziantep Futbol Kulübü A.Ş.: Numbers: 2 and 9.
[3613073] Failed to build match row: İstanbul Başakşehir Futbol Kulübü vs Gaziantep Futbol Kulübü A.Ş.
[3598049] Failed to scrape lineup: https://www.transfermarkt.co.uk/nec-nijmegen_fortuna-sittard/index/spielbericht/3598049
[3462395] Failed to scrape lineup: https://www.transfermarkt.co.uk/spielbericht/index/spielbericht/3462395
[3949576] Failed to scrape lineup: https://www.transfermarkt.co.uk/spielbericht/index/spielbericht/3949576
[3885859] Failed to scrape lineup: https://www.transfermarkt.co.uk/athletic-bilbao_rcd-espanyol-barcelona/index/spielbericht/3885859
[4109401] Could not find attributes for nilton (Club Football Estrela da Amadora, 2023)
[4684700] Failed to scrape lineup: https://www.transfermarkt.co.uk/fortaleza-ceif_alianza-fc/index/spielbericht/4684700

Keepers & outfield error for **Motherwell Football Club** in Motherwell Football Club vs Hibernian Football Club: Numbers: 0 and 11.

Keepers & outfield error for **Boavista FC** in Boavista FC vs Gil Vicente Futebol Clube: Numbers: 2 and 9.
[4056375] Failed to scrape lineup: https://www.transfermarkt.co.uk/dynamo-moscow_lokomotiv-moscow/index/spielbericht/4056375
[4109401] Failed to build match row: Grupo Desportivo Estoril Praia vs Club Football Estrela da Amadora
[3654456] Could not find attributes for andriy novak (PFC Prykarpattya Ivano-Frankivsk, 2021)
[4137234] Failed to scrape lineup: https://www.transfermarkt.co.uk/spielbericht/index/spielbericht/4137234
[4120856] Failed to build match row: Motherwell Football Club vs Hibernian Football Club
[3654456] Failed to build match row: PFC Prykarpattya Ivano-Frankivsk vs Chornomorets Odesa
[3621505] Failed to build match row: Boavista FC vs Gil Vicente Futebol Clube
[4819275] Failed to scrape lineup: https://www.transfermarkt.co.uk/spielbericht/index/spielbericht/4819275
[3522868] Could not find attributes for sergey pesjakov (FK Rostov, 2020)
[4640742] Failed to build match row: Omladinski fudbalski klub Beograd vs Fudbalski Klub Spartak Ždrepčeva krv
[3522868] Failed to build match row: FK Rostov vs FK Spartak Moskva
[4647930] Could not find attributes for wagner pina (Trabzonspor Kulübü, 2025)
[3716704] Could not find attributes for davino verhulst (Apollon Smyrnis, 2021)
[4647930] Failed to build match row: Trabzonspor Kulübü vs Kasımpaşa A.Ş.
[3716704] Failed to build match row: Apollon Smyrnis vs Panthessalonikios Athlitikos Omilos Konstantinoupoliton

Keepers & outfield error for **Aston Villa Football Club** in Alkmaar Zaanstreek vs Aston Villa Football Club: Numbers: 0 and 11.
[4172278] Failed to build match row: Alkmaar Zaanstreek vs Aston Villa Football Club
[3427034] Failed to scrape lineup: https://www.transfermarkt.co.uk/fatih-karagumruk_fenerbahce/index/spielbericht/3427034

Keepers & outfield error for **Saint Mirren Football Club** in Heart of Midlothian Football Club vs Saint Mirren Football Club: Numbers: 2 and 9.
[3890212] Failed to build match row: Heart of Midlothian Football Club vs Saint Mirren Football Club
[3654457] Could not find attributes for nazariy fedorivskyi (FK Obolon Kyiv, 2021)
[4368028] Failed to scrape lineup: https://www.transfermarkt.co.uk/sc-heerenveen_nec-nijmegen/index/spielbericht/4368028
[3654457] Failed to build match row: FK Obolon Kyiv vs NK Veres Rivne
[3716705] Could not find attributes for dimitrios chatziisaias (APS Atromitos Athinon, 2021)
[3716705] Failed to build match row: APS Atromitos Athinon vs PAS Lamia 1964
[3462396] Could not find attributes for dario vizinger (RZ Pellets Wolfsberger Athletiksport Club, 2020)
[3462396] Failed to build match row: RZ Pellets Wolfsberger Athletiksport Club vs Feyenoord Rotterdam
[3522869] Could not find attributes for matvey safonov (FK Krasnodar, 2020)
[3522869] Failed to build match row: FK Krasnodar vs RFK Akhmat Grozny
[4647931] Could not find attributes for nazim sangare (Gaziantep Futbol Kulübü A.Ş., 2025)
[4647931] Failed to build match row: Gaziantep Futbol Kulübü A.Ş. vs Konyaspor
[4056376] Could not find attributes for ilya svinov (Fakel Voronezh, 2022)
[4056376] Failed to build match row: Fakel Voronezh vs PFK Krylya Sovetov Samara

Keepers & outfield error for **Antalyaspor** in Antalyaspor vs Fatih Karagümrük Sportif Faaliyetler San. Tic. A.Ş.: Numbers: 0 and 11.
[4625336] Failed to scrape lineup: https://www.transfermarkt.co.uk/slaven-belupo-koprivnica_hnk-gorica/index/spielbericht/4625336
[4798376] Failed to scrape lineup: https://www.transfermarkt.co.uk/club-atletico-belgrano_ca-sarmiento-junin-/index/spielbericht/4798376
[3613074] Failed to build match row: Antalyaspor vs Fatih Karagümrük Sportif Faaliyetler San. Tic. A.Ş.
[4095252] Failed to scrape lineup: https://www.transfermarkt.co.uk/nottingham-forest_afc-bournemouth/index/spielbericht/4095252
[4373689] Failed to scrape lineup: https://www.transfermarkt.co.uk/bayern-munich_eintracht-frankfurt/index/spielbericht/4373689
[4361477] Failed to scrape lineup: https://www.transfermarkt.co.uk/nottingham-forest_aston-villa/index/spielbericht/4361477
[4547801] Failed to scrape lineup: https://www.transfermarkt.co.uk/spielbericht/index/spielbericht/4547801
[4521495] Could not find attributes for kota takai (Kawasaki Frontale, 2024)
[4521495] Failed to build match row: Kawasaki Frontale vs Yokohama FC
[3433297] Failed to scrape lineup: https://www.transfermarkt.co.uk/genoa-cfc_ac-milan/index/spielbericht/3433297
[4620852] Failed to scrape lineup: https://www.transfermarkt.co.uk/cagliari-calcio_pisa-sporting-club/index/spielbericht/4620852
Not enough players found for lineup: 0, 0.
[4137236] Failed to scrape lineup: https://www.transfermarkt.co.uk/spielbericht/index/spielbericht/4137236
[3621506] Could not find attributes for mansur (Clube Desportivo Santa Clara, 2021)
[3621506] Failed to build match row: Clube Desportivo Santa Clara vs Clube Desportivo de Tondela
[3603070] Failed to scrape lineup: https://www.transfermarkt.co.uk/ross-county-fc_heart-of-midlothian-fc/index/spielbericht/3603070
[4408365] Failed to scrape lineup: https://www.transfermarkt.co.uk/akron-tolyatti_lokomotiv-moscow/index/spielbericht/4408365
[4715112] Failed to scrape lineup: https://www.transfermarkt.co.uk/spielbericht/index/spielbericht/4715112
[3427035] Could not find attributes for irfan can egribayat (Göztepe Sportif Yatırımlar A.Ş., 2020)
[3427035] Failed to build match row: Göztepe Sportif Yatırımlar A.Ş. vs İstanbul Başakşehir Futbol Kulübü
[3890213] Could not find attributes for dan casey (Motherwell Football Club, 2022)
[3890213] Failed to build match row: Motherwell Football Club vs Livingston Football Club
[3450785] Failed to scrape lineup: https://www.transfermarkt.co.uk/vvv-venlo_rkc-waalwijk/index/spielbericht/3450785
[4368029] Could not find attributes for nikolai hopland (Sportclub Heerenveen, 2024)
[4368029] Failed to build match row: Football Club Utrecht vs Sportclub Heerenveen
[4120857] Could not find attributes for cyriel dessers (Rangers Football Club, 2023)
[4120857] Failed to build match row: Rangers Football Club vs Livingston Football Club
[4376713] Failed to scrape lineup: https://www.transfermarkt.co.uk/motherwell-fc_dundee-fc/index/spielbericht/4376713
Not enough players found for lineup: 0, 11.
[4137362] Failed to scrape lineup: https://www.transfermarkt.co.uk/spielbericht/index/spielbericht/4137362
[4647932] Could not find attributes for jerome onguene (Eyüp Spor Kulübü, 2025)
[4647932] Failed to build match row: Eyüp Spor Kulübü vs Beşiktaş Jimnastik Kulübü
[4098148] Failed to scrape lineup: https://www.transfermarkt.co.uk/psv-eindhoven_vitesse-arnhem/index/spielbericht/4098148
/www.transfermarkt.co.uk/kvc-westerlo_zulte-waregem/index/spielbericht/4627475
[4547802] Failed to build match row: Manchester United Football Club vs Olympique Lyonnais
[4743276] Failed to scrape lineup: https://www.transfermarkt.co.uk/spielbericht/index/spielbericht/4743276
[3839110] Failed to scrape lineup: https://www.transfermarkt.co.uk/vfl-wolfsburg_1-fc-koln/index/spielbericht/3839110
[4428883] Failed to scrape lineup: https://www.transfermarkt.co.uk/spielbericht/index/spielbericht/4428883

Keepers & outfield error for **Alkmaar Zaanstreek** in Alkmaar Zaanstreek vs HSK Zrinjski Mostar: Numbers: 2 and 9.
[4172280] Failed to build match row: Alkmaar Zaanstreek vs HSK Zrinjski Mostar
[4396873] Failed to scrape lineup: https://www.transfermarkt.co.uk/cd-nacional_vitoria-guimaraes-sc/index/spielbericht/4396873
[3859118] Could not find attributes for kasper sondergaard (Varde IF, 2022)
[3859118] Failed to build match row: Varde IF vs Tarup-Paarup IF
[4249677] Failed to scrape lineup: https://www.transfermarkt.co.uk/spielbericht/index/spielbericht/4249677
[3420395] Could not find attributes for mikhail borodjko (FC Kaluga, 2020)
[3420395] Failed to build match row: FC Kaluga vs Salyut Belgorod
[4649209] Failed to scrape lineup: https://www.transfermarkt.co.uk/dinamo-makhachkala_akhmat-grozny/index/spielbericht/4649209
[3949577] Failed to scrape lineup: https://www.transfermarkt.co.uk/spielbericht/index/spielbericht/3949577
[3598050] Failed to scrape lineup: https://www.transfermarkt.co.uk/feyenoord-rotterdam_psv-eindhoven/index/spielbericht/3598050
[3885860] Failed to scrape lineup: https://www.transfermarkt.co.uk/villarreal-cf_elche-cf/index/spielbericht/3885860
[4109402] Failed to scrape lineup: https://www.transfermarkt.co.uk/sl-benfica_boavista-fc/index/spielbericht/4109402
[4376714] Could not find attributes for daniels balodis (St. Johnstone FC, 2024)
[4376714] Failed to build match row: St. Johnstone FC vs Ross County FC

Keepers & outfield error for **Grupo Desportivo Estoril Praia** in Grupo Desportivo Estoril Praia vs Sport Lisboa e Benfica: Numbers: 0 and 11.

Keepers & outfield error for **Aston Villa Football Club** in Aston Villa Football Club vs Alkmaar Zaanstreek: Numbers: 0 and 11.
[4396874] Failed to build match row: Grupo Desportivo Estoril Praia vs Sport Lisboa e Benfica
[4819606] Could not find attributes for eli dasa (Nijmegen Eendracht Combinatie, 2025)
[4819606] Failed to build match row: Nijmegen Eendracht Combinatie vs Eindhovense Voetbalvereniging Philips Sport Vereniging
[4649210] Could not find attributes for vitaliy gudiev (Akron Togliatti, 2025)
[3844882] Failed to scrape lineup: https://www.transfermarkt.co.uk/ac-monza_us-salernitana-1919/index/spielbericht/3844882
[4649210] Failed to build match row: Akron Togliatti vs FK Spartak Moskva
[4684701] Could not find attributes for guzman corujo (Deportivo Cali, 2025)
[4684701] Failed to build match row: Atlético Bucaramanga vs Deportivo Cali
[4468342] Failed to scrape lineup: https://www.transfermarkt.co.uk/spielbericht/index/spielbericht/4468342
[4647934] Could not find attributes for youssef ait bennasser (Kayserispor Kulübü, 2025)
[4647934] Failed to build match row: Kayserispor Kulübü vs İstanbul Başakşehir Futbol Kulübü
[4642960] Failed to scrape lineup: https://www.transfermarkt.co.uk/sv-ried_wolfsberger-ac/index/spielbericht/4642960
[3621507] Could not find attributes for gorby (Sporting Clube de Braga, 2021)
[3621507] Failed to build match row: Sporting Clube de Braga vs CS Marítimo
[3654458] Failed to scrape lineup: https://www.transfermarkt.co.uk/spielbericht/index/spielbericht/3654458
[3716841] Failed to scrape lineup: https://www.transfermarkt.co.uk/spielbericht/index/spielbericht/3716841
[3420396] Could not find attributes for dmitriy kudinov (Znamya Noginsk, 2020)
[3420396] Failed to build match row: Znamya Noginsk vs Sokol Saratov
[4640743] Failed to scrape lineup: https://www.transfermarkt.co.uk/fk-vojvodina-novi-sad_fk-radnik-surdulica/index/spielbericht/4640743
[3522870] Failed to scrape lineup: https://www.transfermarkt.co.uk/dynamo-moscow_fc-ufa/index/spielbericht/3522870
[3890214] Could not find attributes for zak rudden (St. Johnstone FC, 2022)
[3890214] Failed to build match row: St. Johnstone FC vs Ross County FC
[3613075] Failed to scrape lineup: https://www.transfermarkt.co.uk/adana-demirspor_besiktas-jk/index/spielbericht/3613075
[3462397] Failed to scrape lineup: https://www.transfermarkt.co.uk/spielbericht/index/spielbericht/3462397

Keepers & outfield error for **Getafe Club de Fútbol S. A. D. Team Dubai** in Valencia Club de Fútbol S. A. D. vs Getafe Club de Fútbol S. A. D. Team Dubai: Numbers: 2 and 9.
[3885861] Failed to build match row: Valencia Club de Fútbol S. A. D. vs Getafe Club de Fútbol S. A. D. Team Dubai
[4361478] Failed to scrape lineup: https://www.transfermarkt.co.uk/southampton-fc_tottenham-hotspur/index/spielbericht/4361478
[4521496] Failed to scrape lineup: https://www.transfermarkt.co.uk/yokohama-f-marinos_kashiwa-reysol/index/spielbericht/4521496
[3433298] Failed to scrape lineup: https://www.transfermarkt.co.uk/inter-milan_ssc-napoli/index/spielbericht/3433298
[4620853] Failed to scrape lineup: https://www.transfermarkt.co.uk/como-1907_ac-milan/index/spielbericht/4620853
Not enough players found for lineup: 0, 0.
[3859119] Failed to scrape lineup: https://www.transfermarkt.co.uk/spielbericht/index/spielbericht/3859119
[4056377] Failed to scrape lineup: https://www.transfermarkt.co.uk/fc-rostov_akhmat-grozny/index/spielbericht/4056377

Keepers & outfield error for **Sporting Clube de Portugal** in Sporting Clube de Portugal vs Gil Vicente Futebol Clube: Numbers: 0 and 11.
[4396875] Failed to build match row: Sporting Clube de Portugal vs Gil Vicente Futebol Clube
[4649211] Could not find attributes for nuraly alip (AO FK Zenit Sankt-Peterburg, 2025)
[4649211] Failed to build match row: AO FK Zenit Sankt-Peterburg vs FC Orenburg
[3603071] Failed to scrape lineup: https://www.transfermarkt.co.uk/dundee-fc_aberdeen-fc/index/spielbericht/3603071
[4408366] Failed to scrape lineup: https://www.transfermarkt.co.uk/fc-rostov_zenit-st-petersburg/index/spielbericht/4408366
[4715113] Failed to scrape lineup: https://www.transfermarkt.co.uk/spielbericht/index/spielbericht/4715113
[3427036] Failed to scrape lineup: https://www.transfermarkt.co.uk/trabzonspor_gaziantep-fk/index/spielbericht/3427036
[3450786] Failed to scrape lineup: https://www.transfermarkt.co.uk/vvv-venlo_az-alkmaar/index/spielbericht/3450786
[4368030] Failed to scrape lineup: https://www.transfermarkt.co.uk/feyenoord-rotterdam_go-ahead-eagles/index/spielbericht/4368030
[4120858] Failed to scrape lineup: https://www.transfermarkt.co.uk/ross-county-fc_st-johnstone-fc/index/spielbericht/4120858
[4396876] Could not find attributes for jeremy livolant (Casa Pia Atlético Clube, 2024)
[4396876] Failed to build match row: Casa Pia Atlético Clube vs Grupo Desportivo Estoril Praia
[4798378] Failed to scrape lineup: https://www.transfermarkt.co.uk/ca-river-plate_club-atletico-tucuman/index/spielbericht/4798378
[4521497] Could not find attributes for daiya maekawa (Rakuten Vissel Kobe, 2024)
[4521497] Failed to build match row: Rakuten Vissel Kobe vs Fagiano Okayama Sports Club
[4627476] Failed to scrape lineup: https://www.transfermarkt.co.uk/standard-liege_fcv-dender-eh/index/spielbericht/4627476
[4408367] Could not find attributes for sergey pesjakov (PFK Krylya Sovetov Samara, 2024)
[4408367] Failed to build match row: PFK Krylya Sovetov Samara vs FK Spartak Moskva
[3522871] Could not find attributes for vitaliy sychev (PFK Tambov (-2021), 2020)
[4098149] Failed to scrape lineup: https://www.transfermarkt.co.uk/almere-city-fc_sparta-rotterdam/index/spielbericht/4098149
[3522871] Failed to build match row: PFK Tambov (-2021) vs PFK CSKA Moskva
[4428884] Failed to scrape lineup: https://www.transfermarkt.co.uk/spielbericht/index/spielbericht/4428884
[4743277] Failed to scrape lineup: https://www.transfermarkt.co.uk/spielbericht/index/spielbericht/4743277
[4620854] Could not find attributes for jesper karlstrom (Udinese Calcio, 2025)
[4649212] Could not find attributes for aleksandr maksimenko (FK Spartak Moskva, 2025)
[4649212] Failed to build match row: FK Spartak Moskva vs FK Nizhny Novgorod
[4620854] Failed to build match row: Associazione Calcio Fiorentina vs Udinese Calcio
[4376716] Could not find attributes for oluwaseun adewumi (Dundee Football Club, 2024)
[4376716] Failed to build match row: Dundee United Football Club vs Dundee Football Club
[4368031] Could not find attributes for marvin young (Sparta Rotterdam, 2024)
[4368031] Failed to build match row: Fortuna Sittardia Combinatie vs Sparta Rotterdam
[3598051] Failed to scrape lineup: https://www.transfermarkt.co.uk/fortuna-sittard_pec-zwolle/index/spielbericht/3598051

Keepers & outfield error for **Associazione Sportiva Roma** in Associazione Sportiva Roma vs Torino Calcio: Numbers: 0 and 11.
[3844884] Failed to build match row: Associazione Sportiva Roma vs Torino Calcio
[3654696] Could not find attributes for silverio (FC Penafiel, 2021)
[3654696] Failed to build match row: Futebol Clube de Famalicão vs FC Penafiel
[3450787] Could not find attributes for jan paul van hecke (Sportclub Heerenveen, 2020)
[4408368] Could not find attributes for andrey lunev (FK Dinamo Moskva, 2024)
[3450787] Failed to build match row: Sportclub Heerenveen vs Prins Hendrik Ende Desespereert Nimmer Combinatie Zwolle
[4408368] Failed to build match row: FK Dinamo Moskva vs Akron Togliatti
[3420397] Could not find attributes for fedor dyachenko (Kuban Holding Pavlovskaya, 2020)
[3420397] Failed to build match row: Kuban Holding Pavlovskaya vs Dinamo Stavropol

Keepers & outfield error for **Club Atlético Aldosivi** in Club Atlético Aldosivi vs Club Sportivo Independiente Rivadavia: Numbers: 2 and 9.
[4798379] Failed to build match row: Club Atlético Aldosivi vs Club Sportivo Independiente Rivadavia
[4098150] Could not find attributes for kodai sano (Nijmegen Eendracht Combinatie, 2023)
[4819607] Failed to scrape lineup: https://www.transfermarkt.co.uk/spielbericht/index/spielbericht/4819607
[4172282] Failed to scrape lineup: https://www.transfermarkt.co.uk/spielbericht/index/spielbericht/4172282
[4137600] Could not find attributes for anton polorotov (FC Irkutsk, 2023)
[4137600] Failed to build match row: FC Irkutsk vs Dinamo Vladivostok
[4521499] Could not find attributes for akinori ichikawa (Yokohama FC, 2024)
[4098150] Failed to build match row: Nijmegen Eendracht Combinatie vs Prins Hendrik Ende Desespereert Nimmer Combinatie Zwolle
[3522872] Could not find attributes for yuriy dyupin (FC Rubin Kazan, 2020)
[4521499] Failed to build match row: Yokohama FC vs Kashima Antlers FC
[3522872] Failed to build match row: FC Rubin Kazan vs FK Sochi
[4649213] Could not find attributes for rustam yatimov (FK Rostov, 2025)
[4649213] Failed to build match row: FK Rostov vs FK Krasnodar
[4684702] Failed to scrape lineup: https://www.transfermarkt.co.uk/millonarios-fc_llaneros-fc/index/spielbericht/4684702
[4468343] Failed to scrape lineup: https://www.transfermarkt.co.uk/spielbericht/index/spielbericht/4468343
[3949578] Could not find attributes for kaiser (UD Alzira, 2022)
[3949578] Failed to build match row: UD Alzira vs Athletic Club Bilbao
[4368032] Could not find attributes for suf podgoreanu (Heracles Almelo, 2024)
[4368032] Failed to build match row: Heracles Almelo vs Football Club Twente
[4647935] Failed to scrape lineup: https://www.transfermarkt.co.uk/fenerbahce_goztepe/index/spielbericht/4647935
[4376717] Could not find attributes for lawrence shankland (Heart of Midlothian Football Club, 2024)
[4376717] Failed to build match row: Heart of Midlothian Football Club vs Ross County FC
[4642961] Failed to scrape lineup: https://www.transfermarkt.co.uk/austria-vienna_wsg-tirol/index/spielbericht/4642961
[3844885] Could not find attributes for manolo gabbiadini (UC Sampdoria, 2022)
[3844885] Failed to build match row: UC Sampdoria vs Unione Sportiva Lecce
[3420398] Could not find attributes for roman kalyuzhnyi (Mashuk-KMV Pyatigorsk, 2020)
[3420398] Failed to build match row: Mashuk-KMV Pyatigorsk vs Legion-Dinamo Makhachkala
[4640744] Failed to scrape lineup: https://www.transfermarkt.co.uk/fk-tsc-backa-topola_fk-radnicki-nis/index/spielbericht/4640744
[4250679] Could not find attributes for tobias van der kleij (Excelsior Maassluis, 2023)
[4250679] Failed to build match row: Excelsior Maassluis vs ADO Den Haag
[3890215] Failed to scrape lineup: https://www.transfermarkt.co.uk/aberdeen-fc_rangers-fc/index/spielbericht/3890215

Keepers & outfield error for **UD Almería** in Real Valladolid CF vs UD Almería: Numbers: 0 and 11.
[3885862] Failed to build match row: Real Valladolid CF vs UD Almería
[3462398] Could not find attributes for milan knobloch (FC Slovan Liberec, 2020)
[3462398] Failed to build match row: FC Slovan Liberec vs Fudbalski klub Crvena zvezda Beograd
[4137608] Could not find attributes for artan iljazi (FC Shkupi, 2023)
[4137608] Failed to build match row: FC Shkupi vs Levski Sofia
[4373690] Could not find attributes for kevin muller (1. Fußballclub Heidenheim 1846, 2024)
[4373690] Failed to build match row: RasenBallsport Leipzig vs 1. Fußballclub Heidenheim 1846
[3522873] Could not find attributes for josip condric (Rotor Volgograd, 2020)
[3522873] Failed to build match row: Rotor Volgograd vs Футбольный клуб "Локомотив" Москва
[4095254] Failed to scrape lineup: https://www.transfermarkt.co.uk/west-ham-united_manchester-united/index/spielbericht/4095254
[3613076] Failed to scrape lineup: https://www.transfermarkt.co.uk/sivasspor_yeni-malatyaspor/index/spielbericht/3613076
[4172283] Could not find attributes for leander dendoncker (Aston Villa Football Club, 2023)
[4172283] Failed to build match row: Aston Villa Football Club vs HSK Zrinjski Mostar
[4625337] Could not find attributes for tomislav bozic (NK Slaven Belupo Koprivnica, 2025)
[4625337] Failed to build match row: NK Slaven Belupo Koprivnica vs GNK Dinamo Zagreb
[4547804] Could not find attributes for maroan sannadi (Athletic Club Bilbao, 2024)
[4547804] Failed to build match row: Athletic Club Bilbao vs Manchester United Football Club
[3427037] Failed to scrape lineup: https://www.transfermarkt.co.uk/antalyaspor_yeni-malatyaspor/index/spielbericht/3427037
[4098151] Could not find attributes for dave kwakman (Alkmaar Zaanstreek, 2023)
[4098151] Failed to build match row: Alkmaar Zaanstreek vs RKC Waalwijk
[3420399] Could not find attributes for semen morozov (Volga Uljanovsk, 2020)
[3420399] Failed to build match row: Volga Uljanovsk vs KamAZ Naberezhnye Chelny
[3589146] Could not find attributes for adil rami (ESTAC Troyes, 2021)
[4120859] Failed to scrape lineup: https://www.transfermarkt.co.uk/st-mirren-fc_dundee-fc/index/spielbericht/4120859

Keepers & outfield error for **Turn- und Sportgemeinschaft 1899 Hoffenheim Fußball-Spielbetriebs** in Turn- und Sportgemeinschaft 1899 Hoffenheim Fußball-Spielbetriebs vs Koninklijke Atletiek Associatie Gent: Numbers: 2 and 9.
[3462399] Failed to build match row: Turn- und Sportgemeinschaft 1899 Hoffenheim Fußball-Spielbetriebs vs Koninklijke Atletiek Associatie Gent
[4396877] Failed to scrape lineup: https://www.transfermarkt.co.uk/cf-estrela-amadora_fc-porto/index/spielbericht/4396877

Keepers & outfield error for **Motherwell Football Club** in Motherwell Football Club vs The Celtic Football Club: Numbers: 0 and 11.
[3603073] Failed to build match row: Motherwell Football Club vs The Celtic Football Club
[3859122] Could not find attributes for noah larsen (Slagelse B&I, 2022)
[3859122] Failed to build match row: Slagelse B&I vs Sønderjyske Fodbold
[3886285] Could not find attributes for theo bongonda (Cádiz CF, 2022)
[3886285] Failed to build match row: Cádiz CF vs Villarreal Club de Fútbol S.A.D.
[4408369] Failed to scrape lineup: https://www.transfermarkt.co.uk/lokomotiv-moscow_cska-moscow/index/spielbericht/4408369
[3603074] Could not find attributes for borna barisic (Rangers Football Club, 2021)
[3603074] Failed to build match row: Rangers Football Club vs Heart of Midlothian Football Club
[3654697] Failed to scrape lineup: https://www.transfermarkt.co.uk/spielbericht/index/spielbericht/3654697
[3450788] Failed to scrape lineup: https://www.transfermarkt.co.uk/psv-eindhoven_ajax-amsterdam/index/spielbericht/3450788
[4098152] Could not find attributes for mickey van der hart (Sportclub Heerenveen, 2023)
[4098152] Failed to build match row: Heracles Almelo vs Sportclub Heerenveen
[3621509] Could not find attributes for alvaro sofrimento (B SAD, 2021)
[3621509] Failed to build match row: B SAD vs Sporting Clube de Portugal
[3464135] Could not find attributes for mikhail kerzhakov (AO FK Zenit Sankt-Peterburg, 2020)
[3464135] Failed to build match row: AO FK Zenit Sankt-Peterburg vs FK Sochi
[4521501] Failed to scrape lineup: https://www.transfermarkt.co.uk/nagoya-grampus_kashiwa-reysol/index/spielbericht/4521501
[4798380] Failed to scrape lineup: https://www.transfermarkt.co.uk/ca-barracas-central_ca-banfield/index/spielbericht/4798380
[4824523] Failed to scrape lineup: https://www.transfermarkt.co.uk/spielbericht/index/spielbericht/4824523
[4649214] Failed to scrape lineup: https://www.transfermarkt.co.uk/krylya-sovetov-samara_dynamo-moscow/index/spielbericht/4649214
[4120860] Could not find attributes for liam scales (The Celtic Football Club, 2023)
[4120860] Failed to build match row: The Celtic Football Club vs St. Johnstone FC
[4137609] Could not find attributes for plamen andreev (Levski Sofia, 2023)
[4547806] Could not find attributes for maroan sannadi (Athletic Club Bilbao, 2024)
[4137609] Failed to build match row: Levski Sofia vs FC Shkupi
[4547806] Failed to build match row: Manchester United Football Club vs Athletic Club Bilbao
[4690164] Failed to scrape lineup: https://www.transfermarkt.co.uk/spielbericht/index/spielbericht/4690164
[4368033] Failed to scrape lineup: https://www.transfermarkt.co.uk/nec-nijmegen_az-alkmaar/index/spielbericht/4368033
[4647936] Failed to scrape lineup: https://www.transfermarkt.co.uk/fatih-karagumruk_galatasaray/index/spielbericht/4647936
[4468413] Failed to scrape lineup: https://www.transfermarkt.co.uk/spielbericht/index/spielbericht/4468413
[4376718] Failed to scrape lineup: https://www.transfermarkt.co.uk/kilmarnock-fc_hibernian-fc/index/spielbericht/4376718
[4743278] Could not find attributes for alex pons (CD Sant Jordi, 2025)
[4743278] Failed to build match row: CD Sant Jordi vs Club Atlético Osasuna
[3598052] Could not find attributes for thomas beelen (Prins Hendrik Ende Desespereert Nimmer Combinatie Zwolle, 2021)
[3598052] Failed to build match row: Prins Hendrik Ende Desespereert Nimmer Combinatie Zwolle vs Eindhovense Voetbalvereniging Philips Sport Vereniging
[4640745] Failed to scrape lineup: https://www.transfermarkt.co.uk/fk-mladost-lucani_fk-imt-belgrad/index/spielbericht/4640745

Keepers & outfield error for **Grupo Desportivo Estoril Praia** in Grupo Desportivo Estoril Praia vs FC Paços de Ferreira: Numbers: 2 and 9.
[3621510] Failed to build match row: Grupo Desportivo Estoril Praia vs FC Paços de Ferreira
[4824553] Could not find attributes for sergi roberto (Calcio Como, 2025)
[4824553] Failed to build match row: Calcio Como vs Football Club Internazionale Milano S.p.A.
[4428885] Could not find attributes for kornel szucs (Plymouth Argyle, 2023)
[4428885] Failed to build match row: Plymouth Argyle vs Cheltenham Town
[4647937] Failed to scrape lineup: https://www.transfermarkt.co.uk/antalyaspor_genclerbirligi-ankara/index/spielbericht/4647937
[4373691] Failed to scrape lineup: https://www.transfermarkt.co.uk/borussia-dortmund_1-fc-union-berlin/index/spielbericht/4373691
[3890216] Failed to scrape lineup: https://www.transfermarkt.co.uk/celtic-fc_motherwell-fc/index/spielbericht/3890216
[4095255] Failed to scrape lineup: https://www.transfermarkt.co.uk/wolverhampton-wanderers_chelsea-fc/index/spielbericht/4095255
[3522874] Failed to scrape lineup: https://www.transfermarkt.co.uk/ural-yekaterinburg_arsenal-tula/index/spielbericht/3522874
[3613077] Failed to scrape lineup: https://www.transfermarkt.co.uk/kasimpasa_alanyaspor/index/spielbericht/3613077
[3949579] Could not find attributes for santi maidana (CD San Roque de Lepe, 2022)
[3949579] Failed to build match row: CD San Roque de Lepe vs Getafe Club de Fútbol S. A. D. Team Dubai

Keepers & outfield error for **Espanol** in Espanol vs Valencia Club de Fútbol S. A. D.: Numbers: 0 and 11.
[3886286] Failed to build match row: Espanol vs Valencia Club de Fútbol S. A. D.
[4172284] Failed to scrape lineup: https://www.transfermarkt.co.uk/spielbericht/index/spielbericht/4172284
[3433300] Failed to scrape lineup: https://www.transfermarkt.co.uk/parma-calcio-1913_cagliari-calcio/index/spielbericht/3433300
[4468896] Could not find attributes for wesley zonneveld (Rijnsburgse Boys, 2024)
[4625339] Failed to scrape lineup: https://www.transfermarkt.co.uk/nk-istra-1961_hnk-rijeka/index/spielbericht/4625339
[4468896] Failed to build match row: Rijnsburgse Boys vs Roda JC Kerkrade
[4620855] Could not find attributes for lorenzo bernasconi (Atalanta Bergamasca Calcio S.p.a., 2025)
[4620855] Failed to build match row: Genoa Cricket and Football Club vs Atalanta Bergamasca Calcio S.p.a.
[3420400] Failed to scrape lineup: https://www.transfermarkt.co.uk/spielbericht/index/spielbericht/3420400
[3844886] Failed to scrape lineup: https://www.transfermarkt.co.uk/us-cremonese_juventus-fc/index/spielbericht/3844886
[3598053] Failed to scrape lineup: https://www.transfermarkt.co.uk/rkc-waalwijk_heracles-almelo/index/spielbericht/3598053
[4640746] Failed to scrape lineup: https://www.transfermarkt.co.uk/fk-cukaricki_fk-napredak-krusevac/index/spielbericht/4640746
[3464136] Could not find attributes for sergey pesjakov (FK Rostov, 2020)
[3464136] Failed to build match row: FK Rostov vs RFK Akhmat Grozny
[4824554] Failed to scrape lineup: https://www.transfermarkt.co.uk/spielbericht/index/spielbericht/4824554
[3890217] Failed to scrape lineup: https://www.transfermarkt.co.uk/dundee-united-fc_livingston-fc/index/spielbericht/3890217
[4373692] Failed to scrape lineup: https://www.transfermarkt.co.uk/tsg-1899-hoffenheim_vfb-stuttgart/index/spielbericht/4373692
[4468897] Failed to scrape lineup: https://www.transfermarkt.co.uk/spielbericht/index/spielbericht/4468897
[4137896] Could not find attributes for ivan rogac (Tobol Kostanay, 2023)

Keepers & outfield error for **Associazione Sportiva Roma** in Associazione Sportiva Roma vs UC Sampdoria: Numbers: 0 and 11.
[3718405] Failed to build match row: Associazione Sportiva Roma vs UC Sampdoria
[4137896] Failed to build match row: FC Basel 1893 AG vs Tobol Kostanay
[3589166] Failed to scrape lineup: https://www.transfermarkt.co.uk/fc-girondins-bordeaux_paris-saint-germain/index/spielbericht/3589166
[4798381] Could not find attributes for alexis steimbach (Club de Gimnasia y Esgrima La Plata, 2025)
[4798381] Failed to build match row: Club de Gimnasia y Esgrima La Plata vs Asociación Atlética Argentinos Juniors

Keepers & outfield error for **FC Vizela** in FC Vizela vs Vitória Sport Clube: Numbers: 0 and 11.
[3621511] Failed to build match row: FC Vizela vs Vitória Sport Clube

Keepers & outfield error for **Galatasaray Spor Kulübü** in Galatasaray Spor Kulübü vs Kayserispor Kulübü: Numbers: 0 and 11.
[3613078] Failed to build match row: Galatasaray Spor Kulübü vs Kayserispor Kulübü
[4373693] Failed to scrape lineup: https://www.transfermarkt.co.uk/sc-freiburg_sv-werder-bremen/index/spielbericht/4373693
[3420417] Failed to scrape lineup: https://www.transfermarkt.co.uk/spielbericht/index/spielbericht/3420417
[4620856] Failed to scrape lineup: https://www.transfermarkt.co.uk/inter-milan_us-lecce/index/spielbericht/4620856
[3890218] Failed to scrape lineup: https://www.transfermarkt.co.uk/heart-of-midlothian-fc_ross-county-fc/index/spielbericht/3890218
[4824555] Failed to scrape lineup: https://www.transfermarkt.co.uk/spielbericht/index/spielbericht/4824555
[4625340] Could not find attributes for marino bulat (HNK Vukovar 1991, 2025)
[4625340] Failed to build match row: HNK Vukovar 1991 vs NK Varazdin
[3859125] Failed to scrape lineup: https://www.transfermarkt.co.uk/spielbericht/index/spielbericht/3859125
[4468898] Failed to scrape lineup: https://www.transfermarkt.co.uk/spielbericht/index/spielbericht/4468898
[4098154] Could not find attributes for robin propper (Football Club Twente, 2023)
[4098154] Failed to build match row: AFC Ajax Amsterdam vs Football Club Twente
[3718646] Failed to scrape lineup: https://www.transfermarkt.co.uk/hellas-verona_acf-fiorentina/index/spielbericht/3718646
[3464137] Could not find attributes for matvey safonov (FK Krasnodar, 2020)
[3464137] Failed to build match row: FK Krasnodar vs FC Rubin Kazan
[4798382] Failed to scrape lineup: https://www.transfermarkt.co.uk/ca-rosario-central_club-atletico-tigre/index/spielbericht/4798382
[4649215] Could not find attributes for igor akinfeev (PFK CSKA Moskva, 2025)
[4649215] Failed to build match row: PFK CSKA Moskva vs FK Baltika
[4640747] Could not find attributes for zeljko samcovic (Fudbalski Klub Novi Pazar, 2025)
[4640747] Failed to build match row: Fudbalski Klub Novi Pazar vs FK Radnički 1923 Kragujevac
[4715116] Could not find attributes for franjo ivanovic (Sport Lisboa e Benfica, 2025)
[4715116] Failed to build match row: Sport Lisboa e Benfica vs Società Sportiva Calcio Napoli
[4172285] Could not find attributes for steve kapuadi (Legia Warszawa Spółka Akcyjna, 2023)
[4172285] Failed to build match row: Legia Warszawa Spółka Akcyjna vs Aston Villa Football Club
[3420424] Failed to scrape lineup: https://www.transfermarkt.co.uk/spielbericht/index/spielbericht/3420424
[4250680] Failed to scrape lineup: https://www.transfermarkt.co.uk/spielbericht/index/spielbericht/4250680
[3859126] Failed to scrape lineup: https://www.transfermarkt.co.uk/spielbericht/index/spielbericht/3859126
[4468899] Failed to scrape lineup: https://www.transfermarkt.co.uk/spielbericht/index/spielbericht/4468899
[4824556] Failed to scrape lineup: https://www.transfermarkt.co.uk/spielbericht/index/spielbericht/4824556
[4396878] Could not find attributes for yan maranhao (Moreirense Futebol Clube, 2024)
[4396878] Failed to build match row: Moreirense Futebol Clube vs Clube Desportivo Nacional
[4521503] Failed to scrape lineup: https://www.transfermarkt.co.uk/cerezo-osaka_machida-zelvia/index/spielbericht/4521503
[4120861] Failed to scrape lineup: https://www.transfermarkt.co.uk/dundee-fc_heart-of-midlothian-fc/index/spielbericht/4120861
[4798383] Failed to scrape lineup: https://www.transfermarkt.co.uk/club-deportivo-riestra_gimnasia-y-esgrima-de-mendoza/index/spielbericht/4798383
[4056378] Failed to scrape lineup: https://www.transfermarkt.co.uk/spielbericht/index/spielbericht/4056378
[4368034] Failed to scrape lineup: https://www.transfermarkt.co.uk/nac-breda_fc-groningen/index/spielbericht/4368034
[4743279] Failed to scrape lineup: https://www.transfermarkt.co.uk/spielbericht/index/spielbericht/4743279
[4109404] Could not find attributes for leonardo lelo (Casa Pia Atlético Clube, 2023)
[4109404] Failed to build match row: Casa Pia Atlético Clube vs SC Farense
[4521505] Failed to scrape lineup: https://www.transfermarkt.co.uk/sanfrecce-hiroshima_albirex-niigata/index/spielbericht/4521505
[4396879] Failed to scrape lineup: https://www.transfermarkt.co.uk/boavista-fc_sporting-cp/index/spielbericht/4396879
[4798384] Failed to scrape lineup: https://www.transfermarkt.co.uk/defensa-y-justicia_ca-central-cordoba-sde-/index/spielbericht/4798384
[3598055] Could not find attributes for andreas samaris (Fortuna Sittardia Combinatie, 2021)
[3598055] Failed to build match row: SC Cambuur Leeuwarden vs Fortuna Sittardia Combinatie
[4056379] Could not find attributes for dmitriy chistyakov (AO FK Zenit Sankt-Peterburg, 2022)
[4056379] Failed to build match row: AO FK Zenit Sankt-Peterburg vs Fakel Voronezh
[4363786] Could not find attributes for adrien thomasson (Racing Club de Lens, 2024)
[4363786] Failed to build match row: Rennes vs Racing Club de Lens
[4430398] Failed to scrape lineup: https://www.transfermarkt.co.uk/spielbericht/index/spielbericht/4430398
[3522875] Failed to scrape lineup: https://www.transfermarkt.co.uk/fc-rostov_rubin-kazan/index/spielbericht/3522875
[3886287] Failed to scrape lineup: https://www.transfermarkt.co.uk/girona-fc_real-sociedad/index/spielbericht/3886287
[3654698] Could not find attributes for alhassane sylla (Rio Ave Futebol Clube, 2021)
[3654698] Failed to build match row: Rio Ave Futebol Clube vs Clube Desportivo Santa Clara
[4798385] Failed to scrape lineup: https://www.transfermarkt.co.uk/ca-boca-juniors_ca-san-lorenzo-de-almagro/index/spielbericht/4798385
[3598056] Failed to scrape lineup: https://www.transfermarkt.co.uk/rkc-waalwijk_feyenoord-rotterdam/index/spielbericht/3598056
[3859127] Could not find attributes for kenneth qvist (Hedensted IF, 2022)
[3859127] Failed to build match row: Hedensted IF vs Dalum IF
[3522876] Failed to scrape lineup: https://www.transfermarkt.co.uk/cska-moscow_rotor-volgograd/index/spielbericht/3522876

Keepers & outfield error for **Livingston Football Club** in Hibernian Football Club vs Livingston Football Club: Numbers: 2 and 9.
[4120862] Failed to build match row: Hibernian Football Club vs Livingston Football Club
[4368035] Could not find attributes for olivier aertssen (Prins Hendrik Ende Desespereert Nimmer Combinatie Zwolle, 2024)
[4368035] Failed to build match row: Prins Hendrik Ende Desespereert Nimmer Combinatie Zwolle vs RKC Waalwijk
[4642963] Failed to scrape lineup: https://www.transfermarkt.co.uk/grazer-ak-1902_fc-blau-weiss-linz/index/spielbericht/4642963
[4361483] Failed to scrape lineup: https://www.transfermarkt.co.uk/everton-fc_chelsea-fc/index/spielbericht/4361483
[4521506] Could not find attributes for yuichi maruyama (Kawasaki Frontale, 2024)
[4521506] Failed to build match row: Kawasaki Frontale vs Urawa Red Diamonds
[4691922] Failed to scrape lineup: https://www.transfermarkt.co.uk/spielbericht/index/spielbericht/4691922
[4798386] Failed to scrape lineup: https://www.transfermarkt.co.uk/ca-independiente_ca-union-santa-fe-/index/spielbericht/4798386
[4468900] Could not find attributes for nick van den dam (VV DOVO Veenendaal, 2024)
[4468900] Failed to build match row: VV DOVO Veenendaal vs Football Club Volendam
[3464138] Could not find attributes for bakhtiyor zaynutdinov (PFK CSKA Moskva, 2020)
[3464138] Failed to build match row: PFK CSKA Moskva vs FK Dinamo Moskva
[3654699] Could not find attributes for ilija vukotic (Boavista FC, 2021)
[3621512] Failed to scrape lineup: https://www.transfermarkt.co.uk/sc-braga_moreirense-fc/index/spielbericht/3621512
[3654699] Failed to build match row: FC Paços de Ferreira vs Boavista FC
[3433302] Could not find attributes for jeff chabot (Spezia Calcio, 2020)
[3433302] Failed to build match row: Spezia Calcio vs Bologna Football Club 1909
[3598057] Failed to scrape lineup: https://www.transfermarkt.co.uk/fortuna-sittard_heracles-almelo/index/spielbericht/3598057
[3613079] Failed to scrape lineup: https://www.transfermarkt.co.uk/trabzonspor_konyaspor/index/spielbericht/3613079
[3522877] Failed to scrape lineup: https://www.transfermarkt.co.uk/dynamo-moscow_ural-yekaterinburg/index/spielbericht/3522877
[4376720] Could not find attributes for daniels balodis (St. Johnstone FC, 2024)
[4376720] Failed to build match row: St. Johnstone FC vs Aberdeen Football Club
[3839116] Could not find attributes for michael gregoritsch (Sport-Club Freiburg, 2022)
[3839116] Failed to build match row: Sport-Club Freiburg vs Mönchengladbach
[4056380] Could not find attributes for evgeniy frolov (PFK Krylya Sovetov Samara, 2022)
[4056380] Failed to build match row: PFK Krylya Sovetov Samara vs FK Spartak Moskva
[4120863] Failed to scrape lineup: https://www.transfermarkt.co.uk/motherwell-fc_kilmarnock-fc/index/spielbericht/4120863
[4361484] Failed to scrape lineup: https://www.transfermarkt.co.uk/fulham-fc_southampton-fc/index/spielbericht/4361484
[4373694] Failed to scrape lineup: https://www.transfermarkt.co.uk/vfl-wolfsburg_vfl-bochum/index/spielbericht/4373694
[3890219] Failed to scrape lineup: https://www.transfermarkt.co.uk/st-johnstone-fc_hibernian-fc/index/spielbericht/3890219
[4625341] Failed to scrape lineup: https://www.transfermarkt.co.uk/nk-lokomotiva-zagreb_hnk-hajduk-split/index/spielbericht/4625341
[4521509] Failed to scrape lineup: https://www.transfermarkt.co.uk/kashima-antlers_vissel-kobe/index/spielbericht/4521509
[3589167] Could not find attributes for adil rami (ESTAC Troyes, 2021)
[4098155] Failed to scrape lineup: https://www.transfermarkt.co.uk/almere-city-fc_nec-nijmegen/index/spielbericht/4098155
[3844888] Failed to scrape lineup: https://www.transfermarkt.co.uk/inter-milan_ssc-napoli/index/spielbericht/3844888
[3589167] Failed to build match row: Racing Club de Lens vs ESTAC Troyes
[4649216] Could not find attributes for anton mitryushkin (Футбольный клуб "Локомотив" Москва, 2025)
[4649216] Failed to build match row: Футбольный клуб "Локомотив" Москва vs FC Rubin Kazan
[3522878] Failed to scrape lineup: https://www.transfermarkt.co.uk/lokomotiv-moscow_spartak-moscow/index/spielbericht/3522878
[4640748] Failed to scrape lineup: https://www.transfermarkt.co.uk/fk-zeleznicar-pancevo_fk-partizan-belgrade/index/spielbericht/4640748
[4368036] Could not find attributes for davy klaassen (AFC Ajax Amsterdam, 2024)
[4376721] Failed to scrape lineup: https://www.transfermarkt.co.uk/celtic-fc_aberdeen-fc/index/spielbericht/4376721
[4368036] Failed to build match row: Eindhovense Voetbalvereniging Philips Sport Vereniging vs AFC Ajax Amsterdam
[4642964] Could not find attributes for beres owusu (Grazer Athletiksport Klub 1902, 2025)
[4642964] Failed to build match row: Sportklub Puntigamer Sturm Graz vs Grazer Athletiksport Klub 1902
[4056381] Failed to scrape lineup: https://www.transfermarkt.co.uk/cska-moscow_fc-rostov/index/spielbericht/4056381
[3603075] Failed to scrape lineup: https://www.transfermarkt.co.uk/ross-county-fc_st-mirren-fc/index/spielbericht/3603075
[4250681] Failed to scrape lineup: https://www.transfermarkt.co.uk/spielbericht/index/spielbericht/4250681
[4373695] Failed to scrape lineup: https://www.transfermarkt.co.uk/1-fsv-mainz-05_fc-st-pauli/index/spielbericht/4373695
[4625342] Failed to scrape lineup: https://www.transfermarkt.co.uk/gnk-dinamo-zagreb_nk-lokomotiva-zagreb/index/spielbericht/4625342
[3844889] Failed to scrape lineup: https://www.transfermarkt.co.uk/us-lecce_ss-lazio/index/spielbericht/3844889
[4649217] Failed to scrape lineup: https://www.transfermarkt.co.uk/akhmat-grozny_akron-tolyatti/index/spielbericht/4649217
[4640749] Failed to scrape lineup: https://www.transfermarkt.co.uk/ofk-beograd_fk-javor-matis-ivanjica/index/spielbericht/4640749

Keepers & outfield error for **Giresunspor** in Giresunspor vs Fenerbahçe Spor Kulübü: Numbers: 2 and 9.
[3613080] Failed to build match row: Giresunspor vs Fenerbahçe Spor Kulübü
[4691923] Could not find attributes for milos veljkovic (Fudbalski klub Crvena zvezda Beograd, 2025)

Keepers & outfield error for **Futebol Clube do Porto** in Futebol Clube do Porto vs Moreirense Futebol Clube: Numbers: 0 and 11.
[4691923] Failed to build match row: KKS Lech Poznań Spółka Akcyjna vs Fudbalski klub Crvena zvezda Beograd
[4109405] Failed to build match row: Futebol Clube do Porto vs Moreirense Futebol Clube
[4376722] Failed to scrape lineup: https://www.transfermarkt.co.uk/dundee-united-fc_hibernian-fc/index/spielbericht/4376722
[3603076] Failed to scrape lineup: https://www.transfermarkt.co.uk/st-johnstone-fc_livingston-fc/index/spielbericht/3603076
[4368037] Failed to scrape lineup: https://www.transfermarkt.co.uk/willem-ii-tilburg_almere-city-fc/index/spielbericht/4368037
[4250682] Failed to scrape lineup: https://www.transfermarkt.co.uk/spielbericht/index/spielbericht/4250682

Keepers & outfield error for **Saint Mirren Football Club** in Saint Mirren Football Club vs Kilmarnock Football Club: Numbers: 2 and 9.
[3890220] Failed to build match row: Saint Mirren Football Club vs Kilmarnock Football Club
[4649218] Failed to scrape lineup: https://www.transfermarkt.co.uk/dinamo-makhachkala_fc-sochi/index/spielbericht/4649218
[3464139] Could not find attributes for fedor smolov (Футбольный клуб "Локомотив" Москва, 2020)
[3464139] Failed to build match row: Футбольный клуб "Локомотив" Москва vs FK Ufa
[3613081] Failed to scrape lineup: https://www.transfermarkt.co.uk/hatayspor_goztepe/index/spielbericht/3613081
[3886288] Failed to scrape lineup: https://www.transfermarkt.co.uk/sevilla-fc_atletico-de-madrid/index/spielbericht/3886288
[3427038] Could not find attributes for sokol cikalleshi (Konyaspor, 2020)
[4376723] Failed to scrape lineup: https://www.transfermarkt.co.uk/heart-of-midlothian-fc_st-mirren-fc/index/spielbericht/4376723
[4368038] Failed to scrape lineup: https://www.transfermarkt.co.uk/almere-city-fc_ajax-amsterdam/index/spielbericht/4368038
[3603077] Failed to scrape lineup: https://www.transfermarkt.co.uk/aberdeen-fc_hibernian-fc/index/spielbericht/3603077
[3427038] Failed to build match row: Konyaspor vs Denizlispor
[3718924] Failed to scrape lineup: https://www.transfermarkt.co.uk/spielbericht/index/spielbericht/3718924
[4250694] Failed to scrape lineup: https://www.transfermarkt.co.uk/spielbericht/index/spielbericht/4250694
[4120864] Could not find attributes for cyriel dessers (Rangers Football Club, 2023)
[4120864] Failed to build match row: Ross County FC vs Rangers Football Club
[3522879] Could not find attributes for nikolay zabolotnyi (FK Sochi, 2020)
[3522879] Failed to build match row: FK Sochi vs AO FK Zenit Sankt-Peterburg
[4172286] Could not find attributes for steve kapuadi (Legia Warszawa Spółka Akcyjna, 2023)
[4172286] Failed to build match row: Legia Warszawa Spółka Akcyjna vs HSK Zrinjski Mostar
[4640750] Could not find attributes for dragan rosic (Fudbalski Klub Vojvodina, 2025)
[4640750] Failed to build match row: Fudbalski Klub Vojvodina vs Fudbalski klub Crvena zvezda Beograd
[3859129] Could not find attributes for anders sonderby (Vejgaard B, 2022)
[3859129] Failed to build match row: Vejgaard B vs Hobro IK
[3427039] Failed to scrape lineup: https://www.transfermarkt.co.uk/genclerbirligi-ankara_besiktas-jk/index/spielbericht/3427039
[4368039] Failed to scrape lineup: https://www.transfermarkt.co.uk/fc-groningen_fc-twente-enschede/index/spielbericht/4368039
[3603078] Failed to scrape lineup: https://www.transfermarkt.co.uk/celtic-fc_st-johnstone-fc/index/spielbericht/3603078
[4056382] Could not find attributes for ilya lantratov (Футбольный клуб "Локомотив" Москва, 2022)
[4056382] Failed to build match row: Футбольный клуб "Локомотив" Москва vs Torpedo Moscow
[4250695] Failed to scrape lineup: https://www.transfermarkt.co.uk/spielbericht/index/spielbericht/4250695
[4373696] Could not find attributes for alexis claude maurice (Fußball-Club Augsburg 1907, 2024)
[4373696] Failed to build match row: Mönchengladbach vs Fußball-Club Augsburg 1907
[4798389] Failed to scrape lineup: https://www.transfermarkt.co.uk/ca-banfield_club-de-gimnasia-y-esgrima-la-plata/index/spielbericht/4798389
[3654700] Failed to scrape lineup: https://www.transfermarkt.co.uk/spielbericht/index/spielbericht/3654700
[3433303] Failed to scrape lineup: https://www.transfermarkt.co.uk/udinese-calcio_fc-crotone/index/spielbericht/3433303
[4430399] Could not find attributes for ante matej juric (Brescia Calcio, 2024)
[4430399] Failed to build match row: AC Monza vs Brescia Calcio
[4649219] Could not find attributes for aleksandr maksimenko (FK Spartak Moskva, 2025)
[4649219] Failed to build match row: FK Spartak Moskva vs AO FK Zenit Sankt-Peterburg
[3427040] Could not find attributes for adolphe teikeu (Erzurumspor FK, 2020)
[3427040] Failed to build match row: Erzurumspor FK vs Hatayspor
[4120865] Could not find attributes for duktm (Aberdeen Football Club, 2023)
[4120865] Failed to build match row: Saint Mirren Football Club vs Aberdeen Football Club
[3450789] Could not find attributes for wesley spieringhs (Willem II Tilburg, 2020)
[3450789] Failed to build match row: Willem II Tilburg vs Football Club Utrecht
[3420425] Could not find attributes for ilion lika (KF Tirana, 2020)
[3420425] Failed to build match row: KF Tirana vs Fudbalski klub Crvena zvezda Beograd
[4647938] Could not find attributes for karol linetty (Kocaelispor Kulübü, 2025)
[4098157] Failed to scrape lineup: https://www.transfermarkt.co.uk/fc-volendam_go-ahead-eagles/index/spielbericht/4098157
[4647938] Failed to build match row: Samsunspor vs Kocaelispor Kulübü
[3654701] Failed to scrape lineup: https://www.transfermarkt.co.uk/spielbericht/index/spielbericht/3654701
[3890701] Could not find attributes for semuel pizzignacco (Feralpisalò, 2022)
[4640751] Could not find attributes for veljko ilic (Fudbalski klub TSC Bačka Topola, 2025)
[3890701] Failed to build match row: Udinese Calcio vs Feralpisalò
[4640751] Failed to build match row: Fudbalski klub TSC Bačka Topola vs Fudbalski Klub Spartak Ždrepčeva krv
[3464140] Could not find attributes for egor shamov (Arsenal Tula, 2020)
[4172287] Could not find attributes for slobodan jakovljevic (HSK Zrinjski Mostar, 2023)
[4642965] Failed to scrape lineup: https://www.transfermarkt.co.uk/rapid-vienna_sv-ried/index/spielbericht/4642965
[3464140] Failed to build match row: Arsenal Tula vs Ural Yekaterinburg
[4172287] Failed to build match row: HSK Zrinjski Mostar vs Alkmaar Zaanstreek
[4430400] Failed to scrape lineup: https://www.transfermarkt.co.uk/spielbericht/index/spielbericht/4430400
[4827504] Could not find attributes for yegor yarmolyuk (Brentford Football Club, 2025)
[4827504] Failed to build match row: West Ham United Football Club vs Brentford Football Club
[3427041] Could not find attributes for yassine meriah (Çaykur Rizespor Kulübü, 2020)
[3427041] Failed to build match row: MKE Ankaragücü vs Çaykur Rizespor Kulübü
[4468901] Could not find attributes for giovanni malawau (FC Winterswijk, 2024)
[3839118] Could not find attributes for dennis geiger (Turn- und Sportgemeinschaft 1899 Hoffenheim Fußball-Spielbetriebs, 2022)
[4468901] Failed to build match row: FC Winterswijk vs Heracles Almelo
[3839118] Failed to build match row: Turn- und Sportgemeinschaft 1899 Hoffenheim Fußball-Spielbetriebs vs 1. Fußball- und Sportverein Mainz 05

Keepers & outfield error for **Club Sportivo Independiente Rivadavia** in Club Sportivo Independiente Rivadavia vs Club Atlético Barracas Central: Numbers: 0 and 11.
[4798390] Failed to build match row: Club Sportivo Independiente Rivadavia vs Club Atlético Barracas Central
[4620859] Failed to scrape lineup: https://www.transfermarkt.co.uk/ssc-napoli_parma-calcio-1913/index/spielbericht/4620859
[3844890] Failed to scrape lineup: https://www.transfermarkt.co.uk/as-roma_bologna-fc-1909/index/spielbericht/3844890
[3450790] Could not find attributes for mario gotze (Eindhovense Voetbalvereniging Philips Sport Vereniging, 2020)
[3450790] Failed to build match row: Eindhovense Voetbalvereniging Philips Sport Vereniging vs Sportclub Heerenveen
[3613082] Could not find attributes for yannick bolasie (Çaykur Rizespor Kulübü, 2021)
[3613082] Failed to build match row: Altay SK vs Çaykur Rizespor Kulübü
[4649220] Could not find attributes for stanislav agkatsev (FK Krasnodar, 2025)
[4691924] Failed to scrape lineup: https://www.transfermarkt.co.uk/spielbericht/index/spielbericht/4691924
[4649220] Failed to build match row: FK Krasnodar vs FK Sochi
[4743280] Could not find attributes for hasier iriarte (CD Valle de Egüés, 2025)
[4743280] Failed to build match row: CD Valle de Egüés vs FC Andorra
[4408370] Could not find attributes for vadim ulyanov (RFK Akhmat Grozny, 2024)
[4408370] Failed to build match row: RFK Akhmat Grozny vs Dinamo Makhachkala
[4521511] Could not find attributes for taishi brandon nozawa (Tokyo Football Club, 2024)
[4172288] Could not find attributes for slobodan jakovljevic (HSK Zrinjski Mostar, 2023)

Keepers & outfield error for **Fulham Football Club** in Association Football Club Bournemouth vs Fulham Football Club: Numbers: 2 and 9.

Keepers & outfield error for **Wolverhampton Wanderers Football Club** in Leicester City vs Wolverhampton Wanderers Football Club: Numbers: 0 and 11.
[4625343] Failed to scrape lineup: https://www.transfermarkt.co.uk/hnk-hajduk-split_hnk-vukovar-1991/index/spielbericht/4625343
[4521511] Failed to build match row: Tokyo Football Club vs Kawasaki Frontale
[3890888] Could not find attributes for emil konradsen ceide (Unione Sportiva Sassuolo Calcio, 2022)
[4172288] Failed to build match row: HSK Zrinjski Mostar vs Aston Villa Football Club
[4095256] Failed to build match row: Association Football Club Bournemouth vs Fulham Football Club
[4647939] Could not find attributes for jerome onguene (Eyüp Spor Kulübü, 2025)
[4361486] Failed to build match row: Leicester City vs Wolverhampton Wanderers Football Club
[3722200] Could not find attributes for julian cuesta (Aris Thessalonikis, 2021)
[3890888] Failed to build match row: Modena FC vs Unione Sportiva Sassuolo Calcio
[3427042] Could not find attributes for robin yalcin (Sivasspor, 2020)
[4109406] Could not find attributes for nuno santos (Vitória Sport Clube, 2023)
[4647939] Failed to build match row: Alanyaspor vs Eyüp Spor Kulübü
[3722200] Failed to build match row: Aris Thessalonikis vs PAS Lamia 1964
[4640752] Could not find attributes for sasa stamenkovic (Fudbalski Klub Mladost Lučani, 2025)
[3427042] Failed to build match row: Sivasspor vs Kayserispor Kulübü
[4109406] Failed to build match row: Vitória Sport Clube vs Club Football Estrela da Amadora
[3522880] Failed to scrape lineup: https://www.transfermarkt.co.uk/arsenal-tula_fc-krasnodar/index/spielbericht/3522880
[4640752] Failed to build match row: Fudbalski Klub Mladost Lučani vs Fudbalski klub Radnik Surdulica
[4120866] Could not find attributes for duktm (Aberdeen Football Club, 2023)
[4430401] Could not find attributes for salvatore sirigu (Palermo FC, 2024)
[4120866] Failed to build match row: Aberdeen Football Club vs Hibernian Football Club
[4430401] Failed to build match row: Società Sportiva Calcio Napoli vs Palermo FC
[3450791] Could not find attributes for ahmed touba (RKC Waalwijk, 2020)
[3450791] Failed to build match row: RKC Waalwijk vs Football Club Groningen
Not enough players found for lineup: 0, 11.
[4468902] Failed to scrape lineup: https://www.transfermarkt.co.uk/spielbericht/index/spielbericht/4468902

Keepers & outfield error for **Real Betis Balompié S.A.D.** in Celta vs Real Betis Balompié S.A.D.: Numbers: 0 and 11.
[3886290] Failed to build match row: Celta vs Real Betis Balompié S.A.D.

Keepers & outfield error for **Go Ahead Eagles** in Go Ahead Eagles vs Eindhovense Voetbalvereniging Philips Sport Vereniging: Numbers: 0 and 11.
[4368042] Failed to build match row: Go Ahead Eagles vs Eindhovense Voetbalvereniging Philips Sport Vereniging
[3603079] Failed to scrape lineup: https://www.transfermarkt.co.uk/dundee-united-fc_motherwell-fc/index/spielbericht/3603079
[3464141] Could not find attributes for josip condric (Rotor Volgograd, 2020)
[3464141] Failed to build match row: Rotor Volgograd vs PFK Tambov (-2021)

Keepers & outfield error for **Olympique de Marseille** in Olympique de Marseille vs Football Club de Metz: Numbers: 2 and 9.
[3589170] Failed to build match row: Olympique de Marseille vs Football Club de Metz
[4373697] Failed to build match row: Holstein Kiel vs Bayer 04 Leverkusen Fußball
[3859130] Could not find attributes for david kaa (Kjellerup IF, 2022)
[3859130] Failed to build match row: Kjellerup IF vs Young Boys FD
[4056383] Could not find attributes for giorgiy shelia (RFK Akhmat Grozny, 2022)
[4056383] Failed to build match row: RFK Akhmat Grozny vs FK Krasnodar
[4691925] Could not find attributes for baboucarr gaye (Shkendija Tetovo, 2025)
[4691925] Failed to build match row: Shkendija Tetovo vs Qarabağ FK
[4363789] Failed to scrape lineup: https://www.transfermarkt.co.uk/paris-saint-germain_stade-rennais-fc/index/spielbericht/4363789

Keepers & outfield error for **Verona Hellas Football Club** in Verona Hellas Football Club vs Bologna Football Club 1909: Numbers: 2 and 9.
[4620861] Failed to build match row: Verona Hellas Football Club vs Bologna Football Club 1909
[4649221] Could not find attributes for maksim osipenko (FK Dinamo Moskva, 2025)
[4468903] Could not find attributes for Mitchel Michaelis (Koninklijke HFC Haarlem, 2024)
[4649221] Failed to build match row: FK Dinamo Moskva vs PFK CSKA Moskva
[3839120] Failed to scrape lineup: https://www.transfermarkt.co.uk/hertha-bsc_bayer-04-leverkusen/index/spielbericht/3839120
[4098159] Failed to scrape lineup: https://www.transfermarkt.co.uk/heracles-almelo_fortuna-sittard/index/spielbericht/4098159
[4408371] Could not find attributes for nikita medvedev (FK Nizhny Novgorod, 2024)
[4468903] Failed to build match row: Koninklijke HFC Haarlem vs FC Emmen
[4408371] Failed to build match row: FK Nizhny Novgorod vs Fakel Voronezh
[3427043] Could not find attributes for francois moubandje (Alanyaspor, 2020)
[3427043] Failed to build match row: Alanyaspor vs Galatasaray Spor Kulübü
[3844892] Could not find attributes for manolo gabbiadini (UC Sampdoria, 2022)
[3844892] Failed to build match row: Unione Sportiva Sassuolo Calcio vs UC Sampdoria
[4172289] Could not find attributes for slobodan jakovljevic (HSK Zrinjski Mostar, 2023)
[4172289] Failed to build match row: HSK Zrinjski Mostar vs Legia Warszawa Spółka Akcyjna
[4625344] Could not find attributes for oliver zelenika (NK Varazdin, 2025)
[4625344] Failed to build match row: NK Varazdin vs NK Istra 1961
[4430438] Could not find attributes for sergio rochet (Uruguay, 2025)
[4430438] Failed to build match row: Uruguay vs Colombia
[3839121] Failed to scrape lineup: https://www.transfermarkt.co.uk/fc-schalke-04_vfl-bochum/index/spielbericht/3839121
[3621513] Failed to scrape lineup: https://www.transfermarkt.co.uk/sl-benfica_gil-vicente-fc/index/spielbericht/3621513
[4640753] Could not find attributes for lazar stojanovic (Fudbalski klub Čukarički Beograd, 2025)
[4640753] Failed to build match row: Fudbalski klub Čukarički Beograd vs Fudbalski Klub Radnički Niš
[3722201] Could not find attributes for darko jevtic (Athlitiki Enosi Konstantinoupoleos, 2021)
[3522881] Could not find attributes for aleksandr belenov (FK Ufa, 2020)
[3722201] Failed to build match row: Panthessalonikios Athlitikos Omilos Konstantinoupoliton vs Athlitiki Enosi Konstantinoupoleos
[3522881] Failed to build match row: FK Ufa vs RFK Akhmat Grozny
[3613083] Could not find attributes for bilal bayazit (Kayserispor Kulübü, 2021)
[4798391] Could not find attributes for ezequiel ham (Club Atlético Tucumán, 2025)
[3613083] Failed to build match row: Kayserispor Kulübü vs Giresunspor
[4798391] Failed to build match row: Club Atlético Tucumán vs Club Atlético Aldosivi
[4396880] Could not find attributes for bruno varela (Vitória Sport Clube, 2024)
[4396880] Failed to build match row: Vitória Sport Clube vs Rio Ave Futebol Clube
[4095258] Could not find attributes for saman ghoddos (Brentford Football Club, 2023)
[4056384] Could not find attributes for aleksey kenyaykin (FC Orenburg, 2022)
[3420427] Could not find attributes for matjaz rozman (NK Celje, 2020)
[4095258] Failed to build match row: Brentford Football Club vs Wolverhampton Wanderers Football Club
[4056384] Failed to build match row: FC Orenburg vs FK Dinamo Moskva
[3420427] Failed to build match row: NK Celje vs Molde Fotballklubb
[4649222] Could not find attributes for giorgiy shelia (RFK Akhmat Grozny, 2025)
[4649222] Failed to build match row: RFK Akhmat Grozny vs PFK Krylya Sovetov Samara
[4691926] Could not find attributes for jack butland (Rangers Football Club, 2025)

Keepers & outfield error for **Motherwell Football Club** in Heart of Midlothian Football Club vs Motherwell Football Club: Numbers: 0 and 11.
[3427044] Could not find attributes for armin hodzic (Kasımpaşa A.Ş., 2020)
[3433306] Could not find attributes for eldor shomurodov (Genoa Cricket and Football Club, 2020)
[4691926] Failed to build match row: Rangers Football Club vs FC Viktoria Plzeň, a.s.
[4120867] Failed to build match row: Heart of Midlothian Football Club vs Motherwell Football Club
[3427044] Failed to build match row: Kasımpaşa A.Ş. vs Fatih Karagümrük Sportif Faaliyetler San. Tic. A.Ş.
[3433306] Failed to build match row: Benevento Calcio vs Genoa Cricket and Football Club
[4647941] Could not find attributes for julian cuesta (Antalyaspor, 2025)
[4647941] Failed to build match row: Antalyaspor vs Trabzonspor Kulübü
[4137897] Could not find attributes for ivan rogac (Tobol Kostanay, 2023)
[4368043] Could not find attributes for suf podgoreanu (Heracles Almelo, 2024)
[4137897] Failed to build match row: Tobol Kostanay vs FC Basel 1893 AG
[4368043] Failed to build match row: Heracles Almelo vs Prins Hendrik Ende Desespereert Nimmer Combinatie Zwolle
[4408372] Could not find attributes for nikolay sysuev (FC Orenburg, 2024)
[4408372] Failed to build match row: FC Orenburg vs FK Krasnodar

Keepers & outfield error for **Futebol Clube de Famalicão** in Futebol Clube de Famalicão vs Sporting Clube de Braga: Numbers: 0 and 11.
[4109407] Failed to build match row: Futebol Clube de Famalicão vs Sporting Clube de Braga
[4798392] Failed to scrape lineup: https://www.transfermarkt.co.uk/ca-huracan_ca-river-plate/index/spielbericht/4798392
[4095259] Failed to scrape lineup: https://www.transfermarkt.co.uk/brighton-amp-hove-albion_tottenham-hotspur/index/spielbericht/4095259
[4468904] Could not find attributes for ronald koeman jr  (Sportclub Telstar, 2024)
[4468904] Failed to build match row: Sportclub Telstar vs Helmond Sport
[3464142] Could not find attributes for ilya lantratov (FC Khimki (-2025), 2020)
[3464142] Failed to build match row: FC Khimki (-2025) vs FK Spartak Moskva
[4056385] Failed to scrape lineup: https://www.transfermarkt.co.uk/fc-pari-nizhniy-novgorod_fc-khimki/index/spielbericht/4056385
[3420428] Failed to scrape lineup: https://www.transfermarkt.co.uk/spielbericht/index/spielbericht/3420428

Keepers & outfield error for **Pisa Sporting Club** in Pisa Sporting Club vs Cesena FC: Numbers: 0 and 11.
[4430647] Failed to build match row: Pisa Sporting Club vs Cesena FC
[3427045] Failed to scrape lineup: https://www.transfermarkt.co.uk/fenerbahce_goztepe/index/spielbericht/3427045
[4640754] Could not find attributes for zeljko samcovic (Fudbalski Klub Novi Pazar, 2025)
[3522882] Could not find attributes for ilya lantratov (FC Khimki (-2025), 2020)
[3522882] Failed to build match row: FC Khimki (-2025) vs PFK Tambov (-2021)
[4640754] Failed to build match row: Fudbalski Klub Novi Pazar vs Fudbalski Klub IMT Novi Beograd
[4625345] Could not find attributes for martin zlomislic (Hrvatski Nogometni Klub Rijeka, 2025)
[4625345] Failed to build match row: Hrvatski Nogometni Klub Rijeka vs HNK Gorica
[3621514] Could not find attributes for wilinton aponza (Portimonense SC, 2021)
[3621514] Failed to build match row: Portimonense SC vs Clube Desportivo de Tondela
[4547819] Could not find attributes for damjan vuklisevic (NK Celje, 2024)
[4547819] Failed to build match row: NK Celje vs Associazione Calcio Fiorentina
[4396881] Could not find attributes for lazar carevic (Futebol Clube de Famalicão, 2024)
[3433307] Could not find attributes for gabriele zappa (Cagliari Calcio, 2020)
[3886292] Could not find attributes for abde ezzalzouli (Club Atlético Osasuna, 2022)
[3433307] Failed to build match row: Cagliari Calcio vs Udinese Calcio
[3886292] Failed to build match row: Real Madrid Club de Fútbol vs Club Atlético Osasuna
[4363791] Could not find attributes for adrien thomasson (Racing Club de Lens, 2024)
[4396881] Failed to build match row: Futebol Clube de Famalicão vs Sporting Clube de Braga
[3603080] Could not find attributes for barrie mckay (Heart of Midlothian Football Club, 2021)
'Azur
[3603080] Failed to build match row: Heart of Midlothian Football Club vs Dundee Football Club
[4250696] Could not find attributes for pepijn vonk (USV Hercules, 2023)
[4056386] Failed to scrape lineup: https://www.transfermarkt.co.uk/ural-yekaterinburg_fc-sochi/index/spielbericht/4056386
[4250696] Failed to build match row: USV Hercules vs SC Cambuur Leeuwarden
[3464266] Could not find attributes for anton shunin (FK Dinamo Moskva, 2020)

Keepers & outfield error for **Grupo Desportivo Estoril Praia** in Grupo Desportivo Estoril Praia vs Futebol Clube de Arouca: Numbers: 0 and 11.
[3464266] Failed to build match row: FK Dinamo Moskva vs FK Sochi
[4109408] Failed to build match row: Grupo Desportivo Estoril Praia vs Futebol Clube de Arouca
[4743281] Could not find attributes for eloi goni (UD Mutilvera, 2025)
[3722202] Could not find attributes for gerasimos bakadimas (Panetolikos Agrinio, 2021)
[4743281] Failed to build match row: UD Mutilvera vs Real Zaragoza
[3613084] Could not find attributes for ryan donk (Kasımpaşa A.Ş., 2021)
[3722202] Failed to build match row: Panetolikos Agrinio vs Olympiakos Syndesmos Filathlon Peiraios
[3420429] Could not find attributes for krunoslav hendija (NK Lokomotiva Zagreb, 2020)
[3427046] Failed to scrape lineup: https://www.transfermarkt.co.uk/basaksehir-fk_trabzonspor/index/spielbericht/3427046
[3613084] Failed to build match row: Konyaspor vs Kasımpaşa A.Ş.
[3420429] Failed to build match row: NK Lokomotiva Zagreb vs Sportklub Rapid
[4095260] Could not find attributes for vitinho (Burnley Football Club, 2023)
[4368044] Could not find attributes for redouan el yaakoubi (RKC Waalwijk, 2024)
[3450792] Could not find attributes for clint essers (Fortuna Sittardia Combinatie, 2020)
[4095260] Failed to build match row: Burnley Football Club vs Liverpool Football Club
[4368044] Failed to build match row: RKC Waalwijk vs Fortuna Sittardia Combinatie
[4430648] Could not find attributes for tarik muharemovic (Unione Sportiva Sassuolo Calcio, 2024)
[3450792] Failed to build match row: Willem II Tilburg vs Fortuna Sittardia Combinatie
[4430648] Failed to build match row: Unione Sportiva Lecce vs Unione Sportiva Sassuolo Calcio
[4625346] Could not find attributes for marko malenica (NK Osijek s.d.d., 2025)
[4625346] Failed to build match row: NK Osijek s.d.d. vs NK Slaven Belupo Koprivnica
[4408373] Could not find attributes for nikita kokarev (FC Khimki (-2025), 2024)
[4408373] Failed to build match row: FC Khimki (-2025) vs FC Rubin Kazan

Keepers & outfield error for **Atalanta Bergamasca Calcio S.p.a.** in Atalanta Bergamasca Calcio S.p.a. vs Football Club Internazionale Milano S.p.A.: Numbers: 2 and 9.
[4620862] Failed to build match row: Atalanta Bergamasca Calcio S.p.a. vs Football Club Internazionale Milano S.p.A.
[4172290] Could not find attributes for ismail aaneba (Ferencvárosi TC, 2023)
[4172290] Failed to build match row: Ferencvárosi TC vs Associazione Calcio Fiorentina
[4396882] Failed to scrape lineup: https://www.transfermarkt.co.uk/gil-vicente-fc_sc-farense/index/spielbericht/4396882
[3522883] Could not find attributes for aleksandr belenov (FK Ufa, 2020)
[3522883] Failed to build match row: FK Spartak Moskva vs FK Ufa
[4468905] Could not find attributes for bas schol (VV Noordwijk, 2024)
[4468905] Failed to build match row: VV Noordwijk vs FC Dordrecht
[4640755] Could not find attributes for zoran popovic (Železničar Pančevo, 2025)
[4640755] Failed to build match row: Železničar Pančevo vs Fudbalski klub Napredak Kruševac
[3844894] Could not find attributes for ibrahim sulemana (Verona Hellas Football Club, 2022)
[3844894] Failed to build match row: Torino Calcio vs Verona Hellas Football Club
[4649223] Could not find attributes for evgeniy staver (FC Rubin Kazan, 2025)
[4649223] Failed to build match row: FC Rubin Kazan vs FK Rostov
[4647942] Could not find attributes for godfried frimpong (Kasımpaşa A.Ş., 2025)
[4647942] Failed to build match row: Kasımpaşa A.Ş. vs Samsunspor
[4361489] Failed to scrape lineup: https://www.transfermarkt.co.uk/west-ham-united_brighton-amp-hove-albion/index/spielbericht/4361489
[3621515] Could not find attributes for mansur (Clube Desportivo Santa Clara, 2021)
[3621515] Failed to build match row: Clube Desportivo Santa Clara vs Boavista FC
, 2021)
[4172291] Failed to scrape lineup: https://www.transfermarkt.co.uk/spielbericht/index/spielbericht/4172291
[4547820] Could not find attributes for luquinhas (Legia Warszawa Spółka Akcyjna, 2024)
[3603081] Failed to build match row: Ross County FC vs Livingston Football Club
[4547820] Failed to build match row: Legia Warszawa Spółka Akcyjna vs Chelsea Football Club
[3450793] Could not find attributes for sven mijnans (Sparta Rotterdam, 2020)
[3464267] Could not find attributes for mikhail kerzhakov (AO FK Zenit Sankt-Peterburg, 2020)
[3450793] Failed to build match row: Sparta Rotterdam vs VVV-Venlo
[4408390] Could not find attributes for evgeniy latyshonok (AO FK Zenit Sankt-Peterburg, 2024)
[3464267] Failed to build match row: AO FK Zenit Sankt-Peterburg vs FC Rubin Kazan

Keepers & outfield error for **UD Almería** in Athletic Club Bilbao vs UD Almería: Numbers: 0 and 11.
[4827505] Could not find attributes for lucas akins (Mansfield Town, 2025)
[4056454] Could not find attributes for jorrel hato (AFC Ajax Amsterdam, 2022)
[4408390] Failed to build match row: AO FK Zenit Sankt-Peterburg vs Fakel Voronezh
[3886293] Failed to build match row: Athletic Club Bilbao vs UD Almería

Keepers & outfield error for **Football Club de Nantes** in Football Club de Nantes vs AS Saint-Étienne: Numbers: 2 and 9.
[4095261] Could not find attributes for djordje petrovic (Chelsea Football Club, 2023)
[4827505] Failed to build match row: Mansfield Town vs Arsenal Football Club
[4056454] Failed to build match row: AFC Ajax Amsterdam vs Eindhovense Voetbalvereniging Philips Sport Vereniging
[4363792] Failed to build match row: Football Club de Nantes vs AS Saint-Étienne
[4137919] Could not find attributes for filip kljajic (Torpedo Kutaisi, 2023)
[4095261] Failed to build match row: Chelsea Football Club vs Crystal Palace Football Club
[3522884] Could not find attributes for matvey safonov (FK Krasnodar, 2020)
[3522884] Failed to build match row: FK Krasnodar vs AO FK Zenit Sankt-Peterburg
[4137919] Failed to build match row: Torpedo Kutaisi vs FK Aktobe
[3613085] Could not find attributes for halil dervisoglu (Galatasaray Spor Kulübü, 2021)
[3613085] Failed to build match row: Göztepe Sportif Yatırımlar A.Ş. vs Galatasaray Spor Kulübü
[4625347] Could not find attributes for marko malenica (NK Osijek s.d.d., 2025)
[4625347] Failed to build match row: NK Osijek s.d.d. vs GNK Dinamo Zagreb
[3427047] Could not find attributes for kevin mirallas (Gaziantep Futbol Kulübü A.Ş., 2020)
[3427047] Failed to build match row: Gaziantep Futbol Kulübü A.Ş. vs Antalyaspor
[4368045] Could not find attributes for nikolai hopland (Sportclub Heerenveen, 2024)
[4368045] Failed to build match row: Sportclub Heerenveen vs Alkmaar Zaanstreek
[3621516] Could not find attributes for bruno costa (Futebol Clube do Porto, 2021)
[3621516] Failed to build match row: Futebol Clube do Porto vs CS Marítimo
[4172292] Could not find attributes for marquinhos (Ferencvárosi TC, 2023)
[4172292] Failed to build match row: Ferencvárosi TC vs Fudbalski klub Čukarički Beograd
[4649224] Could not find attributes for nikita medvedev (FK Nizhny Novgorod, 2025)
[4649224] Failed to build match row: FK Nizhny Novgorod vs Dinamo Makhachkala
[3859133] Failed to build match row: VSK Aarhus vs Vendsyssel FF
[3886294] Failed to scrape lineup: https://www.transfermarkt.co.uk/girona-fc_real-valladolid-cf/index/spielbericht/3886294
[4098160] Could not find attributes for robin propper (Football Club Twente, 2023)
[3603082] Could not find attributes for borna barisic (Rangers Football Club, 2021)
[3433309] Could not find attributes for ardian ismajli (Spezia Calcio, 2020)
[4098160] Failed to build match row: Prins Hendrik Ende Desespereert Nimmer Combinatie Zwolle vs Football Club Twente
[3433309] Failed to build match row: Football Club Internazionale Milano S.p.A. vs Spezia Calcio
[3603082] Failed to build match row: Saint Mirren Football Club vs Rangers Football Club
[3598059] Failed to scrape lineup: https://www.transfermarkt.co.uk/nec-nijmegen_go-ahead-eagles/index/spielbericht/3598059
[4408391] Could not find attributes for aleksandr maksimenko (FK Spartak Moskva, 2024)
[4408391] Failed to build match row: FK Spartak Moskva vs FK Dinamo Moskva
[3464268] Could not find attributes for matvey safonov (FK Krasnodar, 2020)
[3464268] Failed to build match row: FK Krasnodar vs FK Spartak Moskva
[4373709] Failed to scrape lineup: https://www.transfermarkt.co.uk/eintracht-frankfurt_bayer-04-leverkusen/index/spielbericht/4373709
[4172293] Failed to scrape lineup: https://www.transfermarkt.co.uk/spielbericht/index/spielbericht/4172293
[3450794] Could not find attributes for ahmed touba (RKC Waalwijk, 2020)
[3450794] Failed to build match row: RKC Waalwijk vs Football Club Twente
[3589174] Could not find attributes for jerome boateng (Olympique Lyonnais, 2021)
[3589174] Failed to build match row: Rennes vs Olympique Lyonnais

Keepers & outfield error for **AVS Futebol SAD** in Sport Lisboa e Benfica vs AVS Futebol SAD: Numbers: 0 and 11.
[4396884] Failed to build match row: Sport Lisboa e Benfica vs AVS Futebol SAD
[4057488] Could not find attributes for konstantinos koulierakis (Panthessalonikios Athlitikos Omilos Konstantinoupoliton, 2022)
[4057488] Failed to build match row: Athlitiki Enosi Konstantinoupoleos vs Panthessalonikios Athlitikos Omilos Konstantinoupoliton
[3420430] Failed to scrape lineup: https://www.transfermarkt.co.uk/spielbericht/index/spielbericht/3420430
[4743282] Could not find attributes for alvaro meseguer (Utebo FC, 2025)
[4743282] Failed to build match row: Utebo FC vs SD Huesca
[4642966] Could not find attributes for tom ritzy hulsmann (Turn- und Sportverein Egger Glas Hartberg, 2025)
[3433310] Could not find attributes for gonzalo escalante (Società Sportiva Lazio S.p.A., 2020)
[4642966] Failed to build match row: Turn- und Sportverein Egger Glas Hartberg vs Linzer Athletik-Sport-Klub
[3433310] Failed to build match row: Società Sportiva Lazio S.p.A. vs Società Sportiva Calcio Napoli

Keepers & outfield error for **Valencia Club de Fútbol S. A. D.** in Rayo Vallecano de Madrid S. A. D. vs Valencia Club de Fútbol S. A. D.: Numbers: 2 and 9.
[3886295] Failed to build match row: Rayo Vallecano de Madrid S. A. D. vs Valencia Club de Fútbol S. A. D.
[4547821] Could not find attributes for santeri haarala (Djurgårdens Idrottsförening, 2024)
[4547821] Failed to build match row: Djurgårdens Idrottsförening vs Sportklub Rapid
[4625348] Could not find attributes for martin zlomislic (Hrvatski Nogometni Klub Rijeka, 2025)
[4625348] Failed to build match row: Hrvatski Nogometni Klub Rijeka vs NK Slaven Belupo Koprivnica
[4137920] Could not find attributes for stas pokatilov (FK Aktobe, 2023)
[4137920] Failed to build match row: FK Aktobe vs Torpedo Kutaisi
[4430776] Failed to scrape lineup: https://www.transfermarkt.co.uk/spielbericht/index/spielbericht/4430776
[3522885] Could not find attributes for vitaliy gudiev (RFK Akhmat Grozny, 2020)
[3522885] Failed to build match row: RFK Akhmat Grozny vs FC Khimki (-2025)
[4827507] Failed to scrape lineup: https://www.transfermarkt.co.uk/spielbericht/index/spielbericht/4827507
[4408392] Failed to build match row: FK Rostov vs Dinamo Makhachkala
[4368046] Could not find attributes for marvin young (Sparta Rotterdam, 2024)
[4368046] Failed to build match row: Sparta Rotterdam vs Willem II Tilburg
[3598060] Could not find attributes for cuco martina (Go Ahead Eagles, 2021)
[3598060] Failed to build match row: Go Ahead Eagles vs Football Club Utrecht

Keepers & outfield error for **Футбольный клуб "Локомотив" Москва** in Футбольный клуб "Локомотив" Москва vs Rotor Volgograd: Numbers: 0 and 11.
[3464269] Failed to build match row: Футбольный клуб "Локомотив" Москва vs Rotor Volgograd
[4649225] Could not find attributes for maksim borisko (FK Baltika, 2025)
[4649225] Failed to build match row: FK Baltika vs Футбольный клуб "Локомотив" Москва
[4373710] Could not find attributes for kevin muller (1. Fußballclub Heidenheim 1846, 2024)
[4373710] Failed to build match row: 1. Fußballclub Heidenheim 1846 vs Mönchengladbach
[4640756] Could not find attributes for marko milosevic (Fudbalski Klub Partizan Beograd, 2025)
[4640756] Failed to build match row: Fudbalski Klub Partizan Beograd vs FK Radnički 1923 Kragujevac

Keepers & outfield error for **1. Fußball- und Sportverein Mainz 05** in 1. Fußball- und Sportverein Mainz 05 vs Hertha BSC: Numbers: 2 and 9.
[3839135] Failed to build match row: 1. Fußball- und Sportverein Mainz 05 vs Hertha BSC
[4627484] Could not find attributes for moncef zekri (Yellow-Red Koninklijke Voetbalclub Mechelen, 2025)
[4627484] Failed to build match row: Koninklijke Voetbal Club Westerlo vs Yellow-Red Koninklijke Voetbalclub Mechelen

Keepers & outfield error for **Futebol Clube do Porto** in Futebol Clube do Porto vs Sporting Clube de Portugal: Numbers: 0 and 11.
[3621518] Failed to build match row: Futebol Clube do Porto vs Sporting Clube de Portugal

Keepers & outfield error for **Aberdeen Football Club** in Aberdeen Football Club vs Saint Mirren Football Club: Numbers: 2 and 9.
[3603083] Failed to build match row: Aberdeen Football Club vs Saint Mirren Football Club
[3598061] Could not find attributes for youri regeer (AFC Ajax Amsterdam, 2021)
[3450795] Could not find attributes for yorbe vertessen (Eindhovense Voetbalvereniging Philips Sport Vereniging, 2020)
[3450795] Failed to build match row: Willem II Tilburg vs Eindhovense Voetbalvereniging Philips Sport Vereniging
[4396885] Could not find attributes for luis esteves (Clube Desportivo Nacional, 2024)
[4396885] Failed to build match row: Clube Desportivo Nacional vs Futebol Clube do Porto
[4137957] Could not find attributes for lubomir belko (MSK Zilina, 2023)
[4137957] Failed to build match row: Koninklijke Atletiek Associatie Gent vs MSK Zilina
[3613086] Failed to scrape lineup: https://www.transfermarkt.co.uk/alanyaspor_trabzonspor/index/spielbericht/3613086
[4408393] Could not find attributes for giorgiy shelia (RFK Akhmat Grozny, 2024)
[4408393] Failed to build match row: RFK Akhmat Grozny vs PFK Krylya Sovetov Samara
[4468906] Could not find attributes for wouter vermeer (BVV Barendrecht, 2024)
[4468906] Failed to build match row: BVV Barendrecht vs Nooit Opgeven Altijd Doorzetten Aangenaam Door Vermaak En Nuttig Door Ontspanning Combinatie Breda
[3839136] Could not find attributes for dennis geiger (Turn- und Sportgemeinschaft 1899 Hoffenheim Fußball-Spielbetriebs, 2022)
[3603084] Failed to scrape lineup: https://www.transfermarkt.co.uk/dundee-united-fc_celtic-fc/index/spielbericht/3603084
burg
[4640757] Could not find attributes for zeljko samcovic (Fudbalski Klub Novi Pazar, 2025)

Keepers & outfield error for **Espanol** in Espanol vs Sevilla Fútbol Club S.A.D.: Numbers: 0 and 11.
[4640757] Failed to build match row: Fudbalski Klub Novi Pazar vs Fudbalski Klub Javor Matis Ivanjica

Keepers & outfield error for **Football Club København** in Football Club København vs Malmö Fotbollförening: Numbers: 2 and 9.
[4691927] Failed to build match row: Football Club København vs Malmö Fotbollförening
[3886296] Failed to build match row: Espanol vs Sevilla Fútbol Club S.A.D.
[3464270] Could not find attributes for ilya pomazun (Ural Yekaterinburg, 2020)

Keepers & outfield error for **AFC Ajax Amsterdam** in AFC Ajax Amsterdam vs Alkmaar Zaanstreek: Numbers: 0 and 11.
[3897453] Could not find attributes for ange yoan bonny (Parma Calcio 1913, 2022)
[3464270] Failed to build match row: Ural Yekaterinburg vs PFK Tambov (-2021)
[4368047] Failed to build match row: AFC Ajax Amsterdam vs Alkmaar Zaanstreek
[3897453] Failed to build match row: Parma Calcio 1913 vs SSC Bari
[4430777] Could not find attributes for tommaso barbieri (Unione Sportiva Cremonese S.p.A., 2024)
[4430777] Failed to build match row: Cagliari Calcio vs Unione Sportiva Cremonese S.p.A.
[4798394] Could not find attributes for facundo cobos (Asociación Atlética Estudiantes, 2025)
[4798394] Failed to build match row: Asociación Atlética Estudiantes vs Club Atlético Belgrano
[3522886] Could not find attributes for fedor smolov (Футбольный клуб "Локомотив" Москва, 2020)
[3522886] Failed to build match row: Футбольный клуб "Локомотив" Москва vs FK Rostov
[4649226] Could not find attributes for vitaliy gudiev (Akron Togliatti, 2025)
[4649226] Failed to build match row: Akron Togliatti vs FC Orenburg
[4098162] Could not find attributes for metinho (Sparta Rotterdam, 2023)
[4098162] Failed to build match row: Sparta Rotterdam vs Sportclub Heerenveen
[4408394] Could not find attributes for evgeniy staver (FC Rubin Kazan, 2024)
[4408394] Failed to build match row: FC Rubin Kazan vs PFK CSKA Moskva
[3613087] Could not find attributes for mehdi zeffane (Yeni Malatyaspor, 2021)
[3613087] Failed to build match row: Yeni Malatyaspor vs Antalyaspor
[4256791] Could not find attributes for christos mandas (Società Sportiva Lazio S.p.A., 2023)
[4256791] Failed to build match row: Società Sportiva Lazio S.p.A. vs Associazione Sportiva Roma
[3654702] Failed to build match row: Clube Desportivo Santa Clara vs Futebol Clube do Porto
[3621519] Could not find attributes for vitinha (Sporting Clube de Braga, 2021)
[3621519] Failed to build match row: Sporting Clube de Braga vs FC Paços de Ferreira
[3450796] Could not find attributes for sven mijnans (Sparta Rotterdam, 2020)
Calcio Milan vs Verona Hellas Football Club: Numbers: 2 and 9.
[4620866] Failed to build match row: Associazione Calcio Milan vs Verona Hellas Football Club
[4647943] Could not find attributes for efkan bekiroglu (Göztepe Sportif Yatırımlar A.Ş., 2025)
[4647943] Failed to build match row: Göztepe Sportif Yatırımlar A.Ş. vs Fatih Karagümrük Sportif Faaliyetler San. Tic. A.Ş.
[3949580] Could not find attributes for kain amoud (CD Quintanar del Rey, 2022)
[3949580] Failed to build match row: CD Quintanar del Rey vs Girona Fútbol Club S. A. D.
[4743283] Could not find attributes for vicente sabater (UD Poblense, 2025)
[4743283] Failed to build match row: UD Poblense vs CE Sabadell FC

Keepers & outfield error for **Motherwell Football Club** in Hibernian Football Club vs Motherwell Football Club: Numbers: 0 and 11.
[3464271] Could not find attributes for sergey pesjakov (FK Rostov, 2020)
[3464271] Failed to build match row: FK Rostov vs FC Khimki (-2025)
[3603085] Failed to build match row: Hibernian Football Club vs Motherwell Football Club
[4430795] Could not find attributes for Simon Sommer (Solröd FC, 2024)
[4547824] Could not find attributes for luquinhas (Legia Warszawa Spółka Akcyjna, 2024)
[4430795] Failed to build match row: Solröd FC vs Sønderjyske Fodbold
[4547824] Failed to build match row: Chelsea Football Club vs Legia Warszawa Spółka Akcyjna

Keepers & outfield error for **Club Atlético Newell’s Old Boys** in Club Atlético Newell’s Old Boys vs Club Atlético Platense: Numbers: 3 and 8.
[4798395] Failed to build match row: Club Atlético Newell’s Old Boys vs Club Atlético Platense
[4691928] Could not find attributes for dominik takac (Slovan Bratislava, 2025)
[4691928] Failed to build match row: Slovan Bratislava vs Kairat Almaty
[4468907] Could not find attributes for romain matthys (MVV Maastricht, 2024)
[4640758] Could not find attributes for zoran popovic (Železničar Pančevo, 2025)
[4468907] Failed to build match row: MVV Maastricht vs FC Den Bosch
[4640758] Failed to build match row: Železničar Pančevo vs Fudbalski klub Čukarički Beograd
[4257499] Could not find attributes for kenan yildiz (Juventus Football Club, 2023)
[4257499] Failed to build match row: Juventus Football Club vs Frosinone Calcio
[4373712] Could not find attributes for alexis claude maurice (Fußball-Club Augsburg 1907, 2024)
[4373712] Failed to build match row: Fußball-Club Augsburg 1907 vs Sport-Club Freiburg
[4649227] Could not find attributes for strahinja erakovic (AO FK Zenit Sankt-Peterburg, 2025)
[4649227] Failed to build match row: AO FK Zenit Sankt-Peterburg vs Dinamo Makhachkala
[3613088] Could not find attributes for burak bekaroglu (Fatih Karagümrük Sportif Faaliyetler San. Tic. A.Ş., 2021)
[3598063] Could not find attributes for aaron meijers (Sparta Rotterdam, 2021)
[3598063] Failed to build match row: Sparta Rotterdam vs Prins Hendrik Ende Desespereert Nimmer Combinatie Zwolle
[3613088] Failed to build match row: Fatih Karagümrük Sportif Faaliyetler San. Tic. A.Ş. vs Sivasspor
[3621520] Could not find attributes for mansur (Clube Desportivo Santa Clara, 2021)
[3621520] Failed to build match row: Sport Lisboa e Benfica vs Clube Desportivo Santa Clara
[4120868] Could not find attributes for danny armstrong (Kilmarnock Football Club, 2023)
[4120868] Failed to build match row: Kilmarnock Football Club vs Ross County FC

Keepers & outfield error for **Sporting Clube de Portugal** in Sporting Clube de Portugal vs Futebol Clube de Famalicão: Numbers: 0 and 11.
[3654703] Failed to build match row: Sporting Clube de Portugal vs Futebol Clube de Famalicão
[4098164] Could not find attributes for cisse sandra (Excelsior Rotterdam, 2023)
[4098164] Failed to build match row: Excelsior Rotterdam vs Vitesse Arnhem
[4647944] Could not find attributes for ricardo velho (Gençlerbirliği Spor Kulübü, 2025)
[4647944] Failed to build match row: Gençlerbirliği Spor Kulübü vs Gaziantep Futbol Kulübü A.Ş.

Keepers & outfield error for **Club Atlético de Madrid S.A.D.** in SD Almazán vs Club Atlético de Madrid S.A.D.: Numbers: 2 and 9.
[3949581] Failed to build match row: SD Almazán vs Club Atlético de Madrid S.A.D.
[3464272] Could not find attributes for giorgiy shelia (RFK Akhmat Grozny, 2020)
[3464272] Failed to build match row: RFK Akhmat Grozny vs FK Ufa
[3603086] Could not find attributes for stephane omeonga (Livingston Football Club, 2021)
[3420432] Could not find attributes for shahrudin mahammadaliyev (Qarabağ FK, 2020)
[4642968] Could not find attributes for dominik reiter (Fußballclub Blau-Weiß Linz, 2025)
[4468908] Could not find attributes for mathijs swaneveld (Sparta Nijkerk, 2024)
[4642968] Failed to build match row: Fußballclub Blau-Weiß Linz vs Fußballclub Red Bull Salzburg
[4468908] Failed to build match row: Sparta Nijkerk vs VV Capelle
art of Midlothian Football Club
[3420432] Failed to build match row: Qarabağ FK vs FC Sheriff Tiraspol

Keepers & outfield error for **Boavista FC** in Boavista FC vs Futebol Clube de Arouca: Numbers: 0 and 11.
[4396887] Failed to build match row: Boavista FC vs Futebol Clube de Arouca
[4691929] Could not find attributes for milos veljkovic (Fudbalski klub Crvena zvezda Beograd, 2025)
[4691929] Failed to build match row: Fudbalski klub Crvena zvezda Beograd vs KKS Lech Poznań Spółka Akcyjna
[4373713] Could not find attributes for rani khedira (1. Fußballclub Union Berlin, 2024)
[4373713] Failed to build match row: 1. Fußballclub Union Berlin vs Holstein Kiel
[4376728] Could not find attributes for lawrence shankland (Heart of Midlothian Football Club, 2024)
[4376728] Failed to build match row: The Celtic Football Club vs Heart of Midlothian Football Club
[3427048] Could not find attributes for semih kaya (Yeni Malatyaspor, 2020)
[3427048] Failed to build match row: Yeni Malatyaspor vs Konyaspor
[4649228] Could not find attributes for sergey pesjakov (PFK Krylya Sovetov Samara, 2025)
[4640759] Could not find attributes for marko milosevic (Fudbalski Klub Partizan Beograd, 2025)
[4649228] Failed to build match row: PFK Krylya Sovetov Samara vs FK Krasnodar

Keepers & outfield error for **Livingston Football Club** in Livingston Football Club vs Saint Mirren Football Club: Numbers: 2 and 9.
[4640759] Failed to build match row: Fudbalski Klub Partizan Beograd vs Fudbalski Klub Mladost Lučani
[4120869] Failed to build match row: Livingston Football Club vs Saint Mirren Football Club
[3613089] Could not find attributes for yunus akgun (Adana Demirspor, 2021)
[3613089] Failed to build match row: Gaziantep Futbol Kulübü A.Ş. vs Adana Demirspor
[3839138] Could not find attributes for nikola soldo (1. Fußball-Club Köln, 2022)
[3839138] Failed to build match row: VfL Bochum vs 1. Fußball-Club Köln
[3522887] Could not find attributes for nikolay zabolotnyi (FK Sochi, 2020)
[3522887] Failed to build match row: FK Sochi vs PFK CSKA Moskva
[3886297] Could not find attributes for momo mbaye (Cádiz CF, 2022)
[3886297] Failed to build match row: Cádiz CF vs Futbol Club Barcelona
[3621521] Could not find attributes for yohan tavares (B SAD, 2021)
[3621521] Failed to build match row: B SAD vs Vitória Sport Clube
[4396888] Could not find attributes for xeka (Grupo Desportivo Estoril Praia, 2024)
[3722203] Could not find attributes for nestoras gekas (Anagennisi Karditsa, 2021)
[3450797] Failed to scrape lineup: https://www.transfermarkt.co.uk/rkc-waalwijk_az-alkmaar/index/spielbericht/3450797
[3722203] Failed to build match row: Anagennisi Karditsa vs Panathinaikos Athlitikos Omilos

Keepers & outfield error for **Sport Lisboa e Benfica** in Sport Lisboa e Benfica vs SC Covilhã: Numbers: 2 and 9.
[4396888] Failed to build match row: Club Football Estrela da Amadora vs Grupo Desportivo Estoril Praia
[3654704] Failed to build match row: Sport Lisboa e Benfica vs SC Covilhã
[3897455] Could not find attributes for andrea magrassi (AS Cittadella, 2022)
[3897455] Failed to build match row: Torino Calcio vs AS Cittadella
[4647945] Could not find attributes for karol linetty (Kocaelispor Kulübü, 2025)
[4647945] Failed to build match row: Kocaelispor Kulübü vs Fenerbahçe Spor Kulübü
[3464273] Could not find attributes for bakhtiyor zaynutdinov (PFK CSKA Moskva, 2020)
[3464273] Failed to build match row: PFK CSKA Moskva vs Arsenal Tula
[3427049] Could not find attributes for angelo sagal (Denizlispor, 2020)
[3427049] Failed to build match row: Denizlispor vs Gençlerbirliği Spor Kulübü
[4408395] Could not find attributes for nikita medvedev (FK Nizhny Novgorod, 2024)
[4408395] Failed to build match row: FK Nizhny Novgorod vs Футбольный клуб "Локомотив" Москва
[3589203] Could not find attributes for jerome boateng (Olympique Lyonnais, 2021)
[3589203] Failed to build match row: Olympique Lyonnais vs Olympique de Marseille

Keepers & outfield error for **Associazione Sportiva Roma** in Associazione Calcio Milan vs Associazione Sportiva Roma: Numbers: 0 and 11.
[3844901] Failed to build match row: Associazione Calcio Milan vs Associazione Sportiva Roma
[4060797] Failed to scrape lineup: https://www.transfermarkt.co.uk/spielbericht/index/spielbericht/4060797
[3949582] Could not find attributes for xavi ginard (CD Manacor, 2022)
[4376729] Could not find attributes for oluwaseun adewumi (Dundee Football Club, 2024)
[4376729] Failed to build match row: Dundee Football Club vs Rangers Football Club
[3522888] Could not find attributes for egor shamov (Arsenal Tula, 2020)
[4832714] Could not find attributes for kieran ngwenya (Dunfermline Athletic FC, 2025)
[4649229] Could not find attributes for igor akinfeev (PFK CSKA Moskva, 2025)
[3420433] Could not find attributes for sergey ignatovich (Dynamo Brest, 2020)
[4649229] Failed to build match row: PFK CSKA Moskva vs Akron Togliatti
[3522888] Failed to build match row: Arsenal Tula vs PFK Tambov (-2021)
[3420433] Failed to build match row: Dynamo Brest vs FK Sarajevo
[4832714] Failed to build match row: Dunfermline Athletic FC vs Aberdeen Football Club
[3598064] Failed to scrape lineup: https://www.transfermarkt.co.uk/sc-heerenveen_fc-utrecht/index/spielbericht/3598064

Keepers & outfield error for **İstanbul Başakşehir Futbol Kulübü** in Çaykur Rizespor Kulübü vs İstanbul Başakşehir Futbol Kulübü: Numbers: 2 and 9.
[3613090] Failed to build match row: Çaykur Rizespor Kulübü vs İstanbul Başakşehir Futbol Kulübü
[4373714] Could not find attributes for tom krauss (VfL Bochum, 2024)
[4640760] Could not find attributes for luka lijeskic (FK Radnički 1923 Kragujevac, 2025)
[4640760] Failed to build match row: FK Radnički 1923 Kragujevac vs Fudbalski klub TSC Bačka Topola
[4373714] Failed to build match row: VfL Bochum vs Turn- und Sportgemeinschaft 1899 Hoffenheim Fußball-Spielbetriebs
[3450798] Could not find attributes for jan paul van hecke (Sportclub Heerenveen, 2020)
[3621522] Could not find attributes for paulinho (Moreirense Futebol Clube, 2021)
[3450798] Failed to build match row: Sportclub Heerenveen vs Football Club Twente
[3621522] Failed to build match row: Futebol Clube de Famalicão vs Moreirense Futebol Clube
[4109410] Could not find attributes for kiko (Gil Vicente Futebol Clube, 2023)
[4109410] Failed to build match row: Portimonense SC vs Gil Vicente Futebol Clube
[4468909] Could not find attributes for yusuf koroma (KVV Quick '20 Oldenzaal, 2024)
[4468909] Failed to build match row: KVV Quick '20 Oldenzaal vs ASWH Ambacht
[4361495] Could not find attributes for abdoulaye doucoure (Everton Football Club, 2024)
[4361495] Failed to build match row: Manchester City Football Club vs Everton Football Club
[4647946] Could not find attributes for taylan antalyali (Çaykur Rizespor Kulübü, 2025)
[4647946] Failed to build match row: İstanbul Başakşehir Futbol Kulübü vs Çaykur Rizespor Kulübü
[4715121] Failed to scrape lineup: https://www.transfermarkt.co.uk/spielbericht/index/spielbericht/4715121
[4430796] Could not find attributes for zamir aliji (BK Frem, 2024)
[4430796] Failed to build match row: BK Frem vs Lyngby Boldklub
[3420434] Could not find attributes for luquinhas (Legia Warszawa Spółka Akcyjna, 2020)
[3420434] Failed to build match row: Legia Warszawa Spółka Akcyjna vs Omonia Nicosia
[4832715] Could not find attributes for jack butland (Rangers Football Club, 2025)
[3464274] Could not find attributes for yuriy dyupin (FC Rubin Kazan, 2020)
[4832715] Failed to build match row: Rangers Football Club vs The Celtic Football Club
[3464274] Failed to build match row: FC Rubin Kazan vs Arsenal Tula
[4098165] Failed to scrape lineup: https://www.transfermarkt.co.uk/rkc-waalwijk_fortuna-sittard/index/spielbericht/4098165
[4640761] Could not find attributes for lazar balevic (Fudbalski klub Napredak Kruševac, 2025)
[3722204] Could not find attributes for bojan saranov (PAS Lamia 1964, 2021)
[4640761] Failed to build match row: Fudbalski klub Napredak Kruševac vs Fudbalski Klub Vojvodina
[3722204] Failed to build match row: PAS Lamia 1964 vs Aris Thessalonikis
[4408396] Could not find attributes for aleksandr vasyutin (Akron Togliatti, 2024)
[4408396] Failed to build match row: Akron Togliatti vs FK Krasnodar
[4120871] Could not find attributes for cyriel dessers (Rangers Football Club, 2023)
[4120871] Failed to build match row: Rangers Football Club vs The Celtic Football Club
[3427050] Could not find attributes for adolphe teikeu (Erzurumspor FK, 2020)
[4109411] Could not find attributes for Nkanyiso Shinga (Club Football Estrela da Amadora, 2023)
[3427050] Failed to build match row: Galatasaray Spor Kulübü vs Erzurumspor FK
[4109411] Failed to build match row: Club Football Estrela da Amadora vs Futebol Clube de Arouca

Keepers & outfield error for **Manchester City Football Club** in Everton Football Club vs Manchester City Football Club: Numbers: 0 and 11.

Keepers & outfield error for **Olympique Lyonnais** in Toulouse Football Club vs Olympique Lyonnais: Numbers: 0 and 11.
[4095262] Failed to build match row: Everton Football Club vs Manchester City Football Club
[4363794] Failed to build match row: Toulouse Football Club vs Olympique Lyonnais
[3603087] Failed to scrape lineup: https://www.transfermarkt.co.uk/rangers-fc_dundee-fc/index/spielbericht/3603087
[4691930] Failed to scrape lineup: https://www.transfermarkt.co.uk/spielbericht/index/spielbericht/4691930
[4376730] Could not find attributes for daniels balodis (St. Johnstone FC, 2024)
[3589204] Could not find attributes for nicolas de preville (Football Club de Metz, 2021)
[4376730] Failed to build match row: Hibernian Football Club vs St. Johnstone FC
[3589204] Failed to build match row: Football Club de Metz vs FC Girondins Bordeaux
[3450799] Could not find attributes for ahmed touba (RKC Waalwijk, 2020)
[3450799] Failed to build match row: Willem II Tilburg vs RKC Waalwijk
[4640762] Could not find attributes for bojan brac (Fudbalski Klub IMT Novi Beograd, 2025)
[4640762] Failed to build match row: Fudbalski Klub IMT Novi Beograd vs Omladinski fudbalski klub Beograd
[4137958] Could not find attributes for didier desprez (F91 Dudelange, 2023)
[4137958] Failed to build match row: Gzira United FC vs F91 Dudelange
[4120872] Could not find attributes for liam scales (The Celtic Football Club, 2023)
[4120872] Failed to build match row: The Celtic Football Club vs Dundee Football Club

Keepers & outfield error for **Galatasaray Spor Kulübü** in Galatasaray Spor Kulübü vs Kayserispor Kulübü: Numbers: 2 and 9.
[4647947] Failed to build match row: Galatasaray Spor Kulübü vs Kayserispor Kulübü
[4376731] Could not find attributes for kieran phillips (Ross County FC, 2024)
[4376731] Failed to build match row: Ross County FC vs Dundee United Football Club
[3420435] Could not find attributes for eldar civic (Ferencvárosi TC, 2020)
[3420435] Failed to build match row: The Celtic Football Club vs Ferencvárosi TC

Keepers & outfield error for **Villarreal Club de Fútbol S.A.D.** in Borussia Dortmund vs Villarreal Club de Fútbol S.A.D.: Numbers: 0 and 11.
[4715122] Failed to build match row: Borussia Dortmund vs Villarreal Club de Fútbol S.A.D.
[3464275] Could not find attributes for giorgiy shelia (RFK Akhmat Grozny, 2020)
[3464275] Failed to build match row: RFK Akhmat Grozny vs FK Krasnodar
[3722205] Could not find attributes for nordin amrabat (Athlitiki Enosi Konstantinoupoleos, 2021)
[3722205] Failed to build match row: Athlitiki Enosi Konstantinoupoleos vs Panthessalonikios Athlitikos Omilos Konstantinoupoliton
[3598066] Could not find attributes for cuco martina (Go Ahead Eagles, 2021)
[3654705] Failed to scrape lineup: https://www.transfermarkt.co.uk/spielbericht/index/spielbericht/3654705
[3598066] Failed to build match row: Prins Hendrik Ende Desespereert Nimmer Combinatie Zwolle vs Go Ahead Eagles
[3427051] Could not find attributes for munir el kajoui (Hatayspor, 2020)
2024)
[4396889] Failed to scrape lineup: https://www.transfermarkt.co.uk/moreirense-fc_avs-futebol/index/spielbericht/4396889
[4408397] Failed to build match row: FC Khimki (-2025) vs FC Orenburg
[3859134] Could not find attributes for morten pless (Odder IGF, 2022)
[3859134] Failed to build match row: Odder IGF vs Brabrand IF
[3450800] Could not find attributes for armando broja (Vitesse Arnhem, 2020)
[3450800] Failed to build match row: Vitesse Arnhem vs VVV-Venlo
[3844902] Failed to scrape lineup: https://www.transfermarkt.co.uk/ac-monza_inter-milan/index/spielbericht/3844902
[3613091] Could not find attributes for kerem kalafat (Beşiktaş Jimnastik Kulübü, 2021)
[3613091] Failed to build match row: Beşiktaş Jimnastik Kulübü vs Altay SK
[4095263] Could not find attributes for leander dendoncker (Aston Villa Football Club, 2023)
[4095263] Failed to build match row: Manchester United Football Club vs Aston Villa Football Club
[4172295] Could not find attributes for luka subotic (Fudbalski klub Čukarički Beograd, 2023)
[4172295] Failed to build match row: Associazione Calcio Fiorentina vs Fudbalski klub Čukarički Beograd
[3522889] Failed to scrape lineup: https://www.transfermarkt.co.uk/rotor-volgograd_dynamo-moscow/index/spielbericht/3522889
[3427052] Could not find attributes for yassine meriah (Çaykur Rizespor Kulübü, 2020)
[3427052] Failed to build match row: Çaykur Rizespor Kulübü vs Sivasspor
[4625350] Could not find attributes for marino skelin (HNK Hajduk Split, 2025)
[4625350] Failed to build match row: HNK Hajduk Split vs NK Istra 1961
[4109413] Could not find attributes for kiko (Gil Vicente Futebol Clube, 2023)
[4109413] Failed to build match row: Gil Vicente Futebol Clube vs Boavista FC
[3420436] Could not find attributes for artem kychak (Olimpik Donetsk, 2020)
[3420436] Failed to build match row: Olimpik Donetsk vs Futbolniy Klub Dynamo Kyiv
[4468910] Could not find attributes for pascal kuiper (Excelsior Rotterdam, 2024)
[4468910] Failed to build match row: Excelsior Rotterdam vs VVV-Venlo
[3621523] Failed to scrape lineup: https://www.transfermarkt.co.uk/fc-vizela_gil-vicente-fc/index/spielbericht/3621523
[4120873] Could not find attributes for duktm (Aberdeen Football Club, 2023)
[4120873] Failed to build match row: Heart of Midlothian Football Club vs Aberdeen Football Club
[3654706] Could not find attributes for raul silva (Sporting Clube de Braga, 2021)
[3654706] Failed to build match row: Boavista FC vs Sporting Clube de Braga
[3450801] Could not find attributes for enzo cornelisse (Vitesse Arnhem, 2020)
[3450801] Failed to build match row: Vitesse Arnhem vs Prins Hendrik Ende Desespereert Nimmer Combinatie Zwolle
portif Faaliyetler San. Tic. A.Ş. vs Alanyaspor: Numbers: 0 and 11.
[3427053] Failed to build match row: Fatih Karagümrük Sportif Faaliyetler San. Tic. A.Ş. vs Alanyaspor

Keepers & outfield error for **FC Vizela** in FC Vizela vs Moreirense Futebol Clube: Numbers: 2 and 9.
[4832716] Failed to scrape lineup: https://www.transfermarkt.co.uk/spielbericht/index/spielbericht/4832716
[4109414] Failed to build match row: FC Vizela vs Moreirense Futebol Clube
[3420437] Could not find attributes for yevgen volynets (FK Kolos Kovalivka, 2020)
[3420437] Failed to build match row: FC Shakhtar Donetsk vs FK Kolos Kovalivka
[4098166] Failed to scrape lineup: https://www.transfermarkt.co.uk/fc-volendam_sc-heerenveen/index/spielbericht/4098166
[4642971] Failed to scrape lineup: https://www.transfermarkt.co.uk/tsv-hartberg_wsg-tirol/index/spielbericht/4642971
[3621524] Could not find attributes for david bruno (Grupo Desportivo Estoril Praia, 2021)
[3621524] Failed to build match row: Grupo Desportivo Estoril Praia vs Clube Desportivo de Tondela
[4649230] Failed to scrape lineup: https://www.transfermarkt.co.uk/dynamo-moscow_fc-pari-nizhniy-novgorod/index/spielbericht/4649230

Keepers & outfield error for **Associazione Sportiva Roma** in Associazione Sportiva Roma vs Bayer 04 Leverkusen Fußball: Numbers: 0 and 11.
[4061719] Failed to build match row: Associazione Sportiva Roma vs Bayer 04 Leverkusen Fußball
[3898452] Could not find attributes for nunzio lella (Cagliari Calcio, 2022)
[3898452] Failed to build match row: Bologna Football Club 1909 vs Cagliari Calcio
[4368048] Could not find attributes for thom haye (Almere City FC, 2024)
[3598067] Could not find attributes for vurnon anita (RKC Waalwijk, 2021)
[4368048] Failed to build match row: Almere City FC vs Nooit Opgeven Altijd Doorzetten Aangenaam Door Vermaak En Nuttig Door Ontspanning Combinatie Breda
[3598067] Failed to build match row: RKC Waalwijk vs Football Club Groningen
[4521513] Failed to scrape lineup: https://www.transfermarkt.co.uk/shimizu-s-pulse_shonan-bellmare/index/spielbericht/4521513
[4691931] Failed to scrape lineup: https://www.transfermarkt.co.uk/spielbericht/index/spielbericht/4691931
[4625351] Could not find attributes for denis kolinger (NK Lokomotiva Zagreb, 2025)
[4625351] Failed to build match row: NK Lokomotiva Zagreb vs HNK Vukovar 1991
[3450802] Could not find attributes for enzo cornelisse (Vitesse Arnhem, 2020)
[3450802] Failed to build match row: Vitesse Arnhem vs Willem II Tilburg
Not enough players found for lineup: 11, 0.
[4468911] Failed to scrape lineup: https://www.transfermarkt.co.uk/spielbericht/index/spielbericht/4468911
[4647948] Failed to scrape lineup: https://www.transfermarkt.co.uk/gaziantep-fk_kasimpasa/index/spielbericht/4647948
[4376732] Failed to scrape lineup: https://www.transfermarkt.co.uk/st-mirren-fc_kilmarnock-fc/index/spielbericht/4376732
[3450803] Could not find attributes for sven mijnans (Sparta Rotterdam, 2020)
[3450803] Failed to build match row: Sparta Rotterdam vs Football Club Utrecht
[3603088] Could not find attributes for lars dendoncker (St. Johnstone FC, 2021)
[3603088] Failed to build match row: St. Johnstone FC vs Ross County FC
[4715123] Failed to scrape lineup: https://www.transfermarkt.co.uk/spielbericht/index/spielbericht/4715123
[4430797] Could not find attributes for soren sorensen (Brönshöj Boldklub, 2024)
[4430797] Failed to build match row: Brönshöj Boldklub vs Vejle Boldklub
[3464276] Failed to scrape lineup: https://www.transfermarkt.co.uk/spartak-moscow_fc-rostov/index/spielbericht/3464276
[3722206] Failed to scrape lineup: https://www.transfermarkt.co.uk/spielbericht/index/spielbericht/3722206
[3433314] Failed to scrape lineup: https://www.transfermarkt.co.uk/torino-fc_bologna-fc-1909/index/spielbericht/3433314
[4408406] Failed to scrape lineup: https://www.transfermarkt.co.uk/fc-krasnodar_fc-rostov/index/spielbericht/4408406
[4396890] Failed to scrape lineup: https://www.transfermarkt.co.uk/gil-vicente-fc_rio-ave-fc/index/spielbericht/4396890

Keepers & outfield error for **Real Betis Balompié S.A.D.** in Real Betis Balompié S.A.D. vs Villarreal Club de Fútbol S.A.D.: Numbers: 0 and 11.
[3886302] Failed to build match row: Real Betis Balompié S.A.D. vs Villarreal Club de Fútbol S.A.D.
�ив" Москва, 2025)
[4649231] Failed to build match row: Футбольный клуб "Локомотив" Москва vs FK Rostov
[4361498] Failed to scrape lineup: https://www.transfermarkt.co.uk/southampton-fc_west-ham-united/index/spielbericht/4361498
[3859139] Failed to scrape lineup: https://www.transfermarkt.co.uk/spielbericht/index/spielbericht/3859139
[4376733] Could not find attributes for oluwaseun adewumi (Dundee Football Club, 2024)
[4376733] Failed to build match row: Dundee Football Club vs Saint Mirren Football Club
[4691932] Could not find attributes for baboucarr gaye (Shkendija Tetovo, 2025)
[4691932] Failed to build match row: Qarabağ FK vs Shkendija Tetovo
[3844904] Could not find attributes for manolo gabbiadini (UC Sampdoria, 2022)
[3844904] Failed to build match row: UC Sampdoria vs Società Sportiva Calcio Napoli
[4640763] Could not find attributes for dusan pavlovic (Fudbalski Klub Radnički Niš, 2025)
[4640763] Failed to build match row: Fudbalski Klub Radnički Niš vs Fudbalski klub Crvena zvezda Beograd
[4363796] Failed to scrape lineup: https://www.transfermarkt.co.uk/angers-sco_stade-reims/index/spielbericht/4363796
[3613092] Failed to scrape lineup: https://www.transfermarkt.co.uk/fenerbahce_hatayspor/index/spielbericht/3613092
[3949583] Could not find attributes for hector alonso (CF Vimenor, 2022)
[3949583] Failed to build match row: CF Vimenor vs CD Mirandés
[4430798] Could not find attributes for morten munk (Görslev IF, 2024)
[4430798] Failed to build match row: Görslev IF vs Hvidovre IF
[3522890] Failed to scrape lineup: https://www.transfermarkt.co.uk/ural-yekaterinburg_rubin-kazan/index/spielbericht/3522890
[4373726] Could not find attributes for tom krauss (VfL Bochum, 2024)
[4373726] Failed to build match row: FC Bayern München vs VfL Bochum
[3433315] Could not find attributes for angelo da costa (Bologna Football Club 1909, 2020)
[3433315] Failed to build match row: Bologna Football Club 1909 vs Atalanta Bergamasca Calcio S.p.a.
[3839150] Failed to scrape lineup: https://www.transfermarkt.co.uk/bayern-munich_bayer-04-leverkusen/index/spielbericht/3839150
[4468912] Could not find attributes for loran schouten (VV Kolping Boys Oudorp, 2024)

Keepers & outfield error for **Wolverhampton Wanderers Football Club** in Wolverhampton Wanderers Football Club vs Manchester United Football Club: Numbers: 0 and 11.
[4468912] Failed to build match row: VV Kolping Boys Oudorp vs Football Club Groningen
[4361499] Failed to build match row: Wolverhampton Wanderers Football Club vs Manchester United Football Club
[4120874] Failed to scrape lineup: https://www.transfermarkt.co.uk/kilmarnock-fc_hibernian-fc/index/spielbericht/4120874
[4137959] Could not find attributes for suad licina (FK Sutjeska Niksic, 2023)
[3722207] Could not find attributes for zvonimir sarlija (Panathinaikos Athlitikos Omilos, 2021)
[4137959] Failed to build match row: FK Sutjeska Niksic vs FC Santa Coloma
[3722207] Failed to build match row: Panathinaikos Athlitikos Omilos vs Anagennisi Karditsa
[4396891] Could not find attributes for bruno varela (Vitória Sport Clube, 2024)
[4408407] Could not find attributes for igor akinfeev (PFK CSKA Moskva, 2024)
[4396891] Failed to build match row: Vitória Sport Clube vs Sporting Clube de Portugal
[4408407] Failed to build match row: PFK CSKA Moskva vs AO FK Zenit Sankt-Peterburg

Keepers & outfield error for **UD Almería** in UD Almería vs Club Atlético Osasuna: Numbers: 0 and 11.
[3886303] Failed to build match row: UD Almería vs Club Atlético Osasuna
[3427054] Failed to scrape lineup: https://www.transfermarkt.co.uk/goztepe_kasimpasa/index/spielbericht/3427054

Keepers & outfield error for **Olympique Lyonnais** in Olympique Lyonnais vs Football Club de Nantes: Numbers: 0 and 11.
[4363797] Failed to build match row: Olympique Lyonnais vs Football Club de Nantes
[3613093] Could not find attributes for mohammad naderi (Altay SK, 2021)
[3613093] Failed to build match row: Altay SK vs Gaziantep Futbol Kulübü A.Ş.
[3420438] Failed to scrape lineup: https://www.transfermarkt.co.uk/pfc-lviv_fc-minaj/index/spielbericht/3420438
[4109415] Failed to scrape lineup: https://www.transfermarkt.co.uk/casa-pia-ac_sc-braga/index/spielbericht/4109415
[4642972] Failed to scrape lineup: https://www.transfermarkt.co.uk/sv-ried_scr-altach/index/spielbericht/4642972
[4098167] Failed to scrape lineup: https://www.transfermarkt.co.uk/fc-utrecht_heracles-almelo/index/spielbericht/4098167
[3621525] Failed to scrape lineup: https://www.transfermarkt.co.uk/portimonense-sc_boavista-fc/index/spielbericht/3621525
[4627488] Failed to scrape lineup: https://www.transfermarkt.co.uk/standard-liege_krc-genk/index/spielbericht/4627488
[4743284] Failed to scrape lineup: https://www.transfermarkt.co.uk/spielbericht/index/spielbericht/4743284
[4061720] Failed to scrape lineup: https://www.transfermarkt.co.uk/spielbericht/index/spielbericht/4061720
[3898453] Failed to scrape lineup: https://www.transfermarkt.co.uk/spielbericht/index/spielbericht/3898453
[3598068] Failed to scrape lineup: https://www.transfermarkt.co.uk/pec-zwolle_fc-utrecht/index/spielbericht/3598068
[4521514] Failed to scrape lineup: https://www.transfermarkt.co.uk/nagoya-grampus_yokohama-fc/index/spielbericht/4521514
[4625352] Failed to scrape lineup: https://www.transfermarkt.co.uk/gnk-dinamo-zagreb_hnk-vukovar-1991/index/spielbericht/4625352
[4547825] Failed to scrape lineup: https://www.transfermarkt.co.uk/spielbericht/index/spielbericht/4547825
[4798396] Failed to scrape lineup: https://www.transfermarkt.co.uk/club-atletico-tigre_ca-velez-sarsfield/index/spielbericht/4798396
[4373727] Could not find attributes for alexis claude maurice (Fußball-Club Augsburg 1907, 2024)
[4259181] Could not find attributes for alvaro gomez (Unionistas CF, 2023)
[4373727] Failed to build match row: Borussia Dortmund vs Fußball-Club Augsburg 1907
[4620871] Failed to scrape lineup: https://www.transfermarkt.co.uk/udinese-calcio_ss-lazio/index/spielbericht/4620871
[4259181] Failed to build match row: Unionistas CF vs Futbol Club Barcelona
[4430799] Could not find attributes for laurits rasmussen (Alleröd FK, 2024)
[4430799] Failed to build match row: Alleröd FK vs HB Köge
[4649232] Could not find attributes for danila khotulev (FC Orenburg, 2025)
[4649232] Failed to build match row: FC Orenburg vs RFK Akhmat Grozny
Combinatie, 2023)
[4098168] Failed to build match row: Nijmegen Eendracht Combinatie vs Sparta Rotterdam

Keepers & outfield error for **Aberdeen Football Club** in Aberdeen Football Club vs Motherwell Football Club: Numbers: 2 and 9.
[3603089] Failed to build match row: Aberdeen Football Club vs Motherwell Football Club

Keepers & outfield error for **Associazione Calcio Fiorentina** in Real Betis Balompié S.A.D. vs Associazione Calcio Fiorentina: Numbers: 0 and 11.
[4547827] Failed to build match row: Real Betis Balompié S.A.D. vs Associazione Calcio Fiorentina
[3450960] Failed to scrape lineup: https://www.transfermarkt.co.uk/deportivo-alaves_elche-cf/index/spielbericht/3450960

Keepers & outfield error for **Club Atlético de Madrid S.A.D.** in Club Atlético de Madrid S.A.D. vs Girona Fútbol Club S. A. D.: Numbers: 2 and 9.
[3886304] Failed to build match row: Club Atlético de Madrid S.A.D. vs Girona Fútbol Club S. A. D.
[4715124] Failed to scrape lineup: https://www.transfermarkt.co.uk/spielbericht/index/spielbericht/4715124
[3603090] Failed to scrape lineup: https://www.transfermarkt.co.uk/dundee-fc_celtic-fc/index/spielbericht/3603090
[4642973] Failed to scrape lineup: https://www.transfermarkt.co.uk/austria-vienna_sk-sturm-graz/index/spielbericht/4642973
[4627489] Failed to scrape lineup: https://www.transfermarkt.co.uk/royal-antwerp-fc_oud-heverlee-leuven/index/spielbericht/4627489
[4743285] Failed to scrape lineup: https://www.transfermarkt.co.uk/spielbericht/index/spielbericht/4743285
[4468913] Could not find attributes for gevero markiet (AFC Amsterdam, 2024)
[4172296] Could not find attributes for marquinhos (Ferencvárosi TC, 2023)
[4468913] Failed to build match row: AFC Amsterdam vs Blauw Geel '38 / Jumbo
[4172296] Failed to build match row: Koninklijke Racing Club Genk vs Ferencvárosi TC
[3433316] Could not find attributes for milos vulic (FC Crotone, 2020)
[3433316] Failed to build match row: FC Crotone vs Parma Calcio 1913
[3464277] Could not find attributes for emanuel mammana (FK Sochi, 2020)
[3464277] Failed to build match row: FK Sochi vs Футбольный клуб "Локомотив" Москва
[3844905] Failed to scrape lineup: https://www.transfermarkt.co.uk/spezia-calcio_us-lecce/index/spielbericht/3844905
[4640764] Failed to scrape lineup: https://www.transfermarkt.co.uk/fk-radnik-surdulica_fk-spartak-subotica/index/spielbericht/4640764
[4647949] Could not find attributes for igor lichnovsky (Fatih Karagümrük Sportif Faaliyetler San. Tic. A.Ş., 2025)
[4368050] Failed to scrape lineup: https://www.transfermarkt.co.uk/twente-enschede-fc_feyenoord-rotterdam/index/spielbericht/4368050
[4647949] Failed to build match row: Fatih Karagümrük Sportif Faaliyetler San. Tic. A.Ş. vs Antalyaspor

Keepers & outfield error for **CD Tenerife** in CD Tenerife vs Real Club Deportivo Mallorca S.A.D.: Numbers: 3 and 8.
[4259182] Failed to build match row: CD Tenerife vs Real Club Deportivo Mallorca S.A.D.
[4649233] Could not find attributes for evgeniy staver (FC Rubin Kazan, 2025)
[4649233] Failed to build match row: FC Rubin Kazan vs FK Spartak Moskva
[3654707] Could not find attributes for vitinha (FC Penafiel, 2021)
[3654707] Failed to build match row: FC Penafiel vs Sporting Clube de Portugal
[4642974] Could not find attributes for dominik reiter (Fußballclub Blau-Weiß Linz, 2025)
[4642974] Failed to build match row: Fußballclub Blau-Weiß Linz vs Sportklub Rapid

Keepers & outfield error for **Motherwell Football Club** in Motherwell Football Club vs Saint Mirren Football Club: Numbers: 0 and 11.
[4120875] Failed to build match row: Motherwell Football Club vs Saint Mirren Football Club

Keepers & outfield error for **Sporting Clube de Braga** in Sport Lisboa e Benfica vs Sporting Clube de Braga: Numbers: 0 and 11.
[4396892] Failed to build match row: Sport Lisboa e Benfica vs Sporting Clube de Braga
[4408408] Could not find attributes for andrey lunev (FK Dinamo Moskva, 2024)
[4408408] Failed to build match row: FK Dinamo Moskva vs RFK Akhmat Grozny
[4640765] Could not find attributes for djordje skoko (Fudbalski Klub Javor Matis Ivanjica, 2025)
[4620872] Could not find attributes for lorenzo bernasconi (Atalanta Bergamasca Calcio S.p.a., 2025)
[4640765] Failed to build match row: Fudbalski Klub Javor Matis Ivanjica vs Fudbalski Klub Partizan Beograd
[4620872] Failed to build match row: Atalanta Bergamasca Calcio S.p.a. vs Associazione Sportiva Roma
[4430800] Could not find attributes for rasmus steuch (Vanlöse IF, 2024)
[4430800] Failed to build match row: Vanlöse IF vs FC Roskilde
[4137960] Could not find attributes for ofir marciano (Hapoel Beer Sheva, 2023)
[4137960] Failed to build match row: Hapoel Beer Sheva vs FK Panevezys
[3427055] Could not find attributes for djaniny (Trabzonspor Kulübü, 2020)
[3427055] Failed to build match row: Trabzonspor Kulübü vs Fenerbahçe Spor Kulübü
[4368051] Could not find attributes for lefteris lyratzis (Nijmegen Eendracht Combinatie, 2024)
[4647950] Could not find attributes for cherif ndiaye (Samsunspor, 2025)
dracht Combinatie
[4692602] Failed to build match row: Lincoln Red Imps FC vs FC Noah Yerevan
[4647950] Failed to build match row: Samsunspor vs Trabzonspor Kulübü
[3655377] Failed to scrape lineup: https://www.transfermarkt.co.uk/spielbericht/index/spielbericht/3655377
[4120876] Failed to scrape lineup: https://www.transfermarkt.co.uk/ross-county-fc_livingston-fc/index/spielbericht/4120876
[4627490] Failed to scrape lineup: https://www.transfermarkt.co.uk/oud-heverlee-leuven_krc-genk/index/spielbericht/4627490
[4396893] Failed to scrape lineup: https://www.transfermarkt.co.uk/casa-pia-ac_fc-famalicao/index/spielbericht/4396893
[4468914] Failed to scrape lineup: https://www.transfermarkt.co.uk/spielbericht/index/spielbericht/4468914
[4095265] Failed to scrape lineup: https://www.transfermarkt.co.uk/sheffield-united_luton-town/index/spielbericht/4095265
[4172297] Failed to scrape lineup: https://www.transfermarkt.co.uk/spielbericht/index/spielbericht/4172297
[3433318] Failed to scrape lineup: https://www.transfermarkt.co.uk/ac-milan_ss-lazio/index/spielbericht/3433318
[4642975] Failed to scrape lineup: https://www.transfermarkt.co.uk/grazer-ak-1902_lask/index/spielbericht/4642975
[4098169] Failed to scrape lineup: https://www.transfermarkt.co.uk/almere-city-fc_feyenoord-rotterdam/index/spielbericht/4098169
[4376736] Failed to scrape lineup: https://www.transfermarkt.co.uk/rangers-fc_hibernian-fc/index/spielbericht/4376736
[4408409] Could not find attributes for aleksandr belenov (Fakel Voronezh, 2024)
[4408409] Failed to build match row: Fakel Voronezh vs FK Nizhny Novgorod
[4743286] Could not find attributes for ulrich taffertshofer (CD Atlético Baleares, 2025)
[4743286] Failed to build match row: CD Atlético Baleares vs Gimnàstic de Tarragona
[4620873] Failed to scrape lineup: https://www.transfermarkt.co.uk/cagliari-calcio_ac-milan/index/spielbericht/4620873
[3898454] Failed to scrape lineup: https://www.transfermarkt.co.uk/spielbericht/index/spielbericht/3898454
[3598069] Failed to scrape lineup: https://www.transfermarkt.co.uk/willem-ii-tilburg_fc-utrecht/index/spielbericht/3598069
[4521516] Failed to scrape lineup: https://www.transfermarkt.co.uk/fagiano-okayama_yokohama-f-marinos/index/spielbericht/4521516
[4137961] Failed to scrape lineup: https://www.transfermarkt.co.uk/spielbericht/index/spielbericht/4137961
[3589206] Failed to scrape lineup: https://www.transfermarkt.co.uk/paris-saint-germain_fc-nantes/index/spielbericht/3589206
[4547829] Failed to scrape lineup: https://www.transfermarkt.co.uk/spielbericht/index/spielbericht/4547829
spielbericht/4625353
[3860182] Failed to scrape lineup: https://www.transfermarkt.co.uk/fatih-karagumruk_mke-ankaragucu/index/spielbericht/3860182
[4640766] Could not find attributes for luka lijeskic (FK Radnički 1923 Kragujevac, 2025)
[3949586] Failed to scrape lineup: https://www.transfermarkt.co.uk/spielbericht/index/spielbericht/3949586
[3603091] Could not find attributes for barrie mckay (Heart of Midlothian Football Club, 2021)
[4640766] Failed to build match row: FK Radnički 1923 Kragujevac vs Železničar Pančevo
[3603091] Failed to build match row: Heart of Midlothian Football Club vs Dundee United Football Club

Keepers & outfield error for **Sevilla Fútbol Club S.A.D.** in Getafe Club de Fútbol S. A. D. Team Dubai vs Sevilla Fútbol Club S.A.D.: Numbers: 0 and 11.
[4798397] Failed to scrape lineup: https://www.transfermarkt.co.uk/club-estudiantes-de-la-plata_ca-lanus/index/spielbericht/4798397
[4259183] Failed to build match row: Getafe Club de Fútbol S. A. D. Team Dubai vs Sevilla Fútbol Club S.A.D.
[4373728] Failed to scrape lineup: https://www.transfermarkt.co.uk/eintracht-frankfurt_1-fc-union-berlin/index/spielbericht/4373728
[3427056] Failed to scrape lineup: https://www.transfermarkt.co.uk/antalyaspor_basaksehir-fk/index/spielbericht/3427056
[4743287] Failed to scrape lineup: https://www.transfermarkt.co.uk/spielbericht/index/spielbericht/4743287
[3464278] Could not find attributes for aleksandr belenov (FK Ufa, 2020)
[4408410] Failed to scrape lineup: https://www.transfermarkt.co.uk/rubin-kazan_krylya-sovetov-samara/index/spielbericht/4408410
[4363800] Failed to scrape lineup: https://www.transfermarkt.co.uk/as-saint-etienne_aj-auxerre/index/spielbericht/4363800
[3464278] Failed to build match row: FK Ufa vs Ural Yekaterinburg
[4376737] Could not find attributes for kieran phillips (Ross County FC, 2024)
[4376737] Failed to build match row: Ross County FC vs Aberdeen Football Club
[4521524] Could not find attributes for jun ichimori (Gamba Osaka, 2024)
[4521524] Failed to build match row: Gamba Osaka vs Kashima Antlers FC
[4396894] Could not find attributes for luis esteves (Clube Desportivo Nacional, 2024)
[4396894] Failed to build match row: Clube Desportivo Nacional vs Futebol Clube de Famalicão
[4120877] Failed to scrape lineup: https://www.transfermarkt.co.uk/st-johnstone-fc_rangers-fc/index/spielbericht/4120877
[4692603] Failed to scrape lineup: https://www.transfermarkt.co.uk/spielbericht/index/spielbericht/4692603
[4647951] Failed to scrape lineup: https://www.transfermarkt.co.uk/besiktas-jk_alanyaspor/index/spielbericht/4647951
[4368052] Failed to scrape lineup: https://www.transfermarkt.co.uk/go-ahead-eagles_willem-ii-tilburg/index/spielbericht/4368052
[3886305] Failed to scrape lineup: https://www.transfermarkt.co.uk/fc-barcelona_celta-de-vigo/index/spielbericht/3886305
[3860183] Failed to scrape lineup: https://www.transfermarkt.co.uk/besiktas-jk_sivasspor/index/spielbericht/3860183
[3598070] Could not find attributes for vurnon anita (RKC Waalwijk, 2021)
[3598070] Failed to build match row: RKC Waalwijk vs Football Club Utrecht
[3603092] Could not find attributes for stephane omeonga (Livingston Football Club, 2021)
[3603092] Failed to build match row: Livingston Football Club vs Hibernian Football Club
[4839821] Could not find attributes for isak dahlqvist (Fußballclub Blau-Weiß Linz, 2025)
[3723433] Could not find attributes for milos kosanovic (Al-Jazira Club, 2021)
[4839821] Failed to build match row: Sportclub Rheindorf Altach vs Fußballclub Blau-Weiß Linz
[3723433] Failed to build match row: Al-Jazira Club vs AS Pirae
[3839152] Failed to scrape lineup: https://www.transfermarkt.co.uk/sc-freiburg_1-fsv-mainz-05/index/spielbericht/3839152
[3450961] Failed to scrape lineup: https://www.transfermarkt.co.uk/athletic-bilbao_levante-ud/index/spielbericht/3450961
[4137962] Could not find attributes for eldin latik (FC Progrès Niederkorn, 2023)
[4137962] Failed to build match row: Fodbold Club Midtjylland vs FC Progrès Niederkorn
Not enough players found for lineup: 0, 0.
[3655380] Failed to scrape lineup: https://www.transfermarkt.co.uk/spielbericht/index/spielbericht/3655380

Keepers & outfield error for **Torino Calcio** in Società Sportiva Calcio Napoli vs Torino Calcio: Numbers: 2 and 9.
[3433319] Failed to build match row: Società Sportiva Calcio Napoli vs Torino Calcio
[4172298] Could not find attributes for nenad filipovic (Fudbalski klub Čukarički Beograd, 2023)
[4172298] Failed to build match row: Koninklijke Racing Club Genk vs Fudbalski klub Čukarički Beograd
[4625354] Could not find attributes for davor matijas (HNK Gorica, 2025)
[4625354] Failed to build match row: HNK Gorica vs HNK Hajduk Split
[4259184] Could not find attributes for arsen zakharyan (Real Sociedad de Fútbol S.A.D., 2023)
[4259184] Failed to build match row: Club Atlético Osasuna vs Real Sociedad de Fútbol S.A.D.
[4649234] Could not find attributes for yuriy dyupin (FK Sochi, 2025)
[4649234] Failed to build match row: FK Sochi vs FK Baltika

Keepers & outfield error for **SC Farense** in SC Farense vs AVS Futebol SAD: Numbers: 0 and 11.
[4396895] Failed to build match row: SC Farense vs AVS Futebol SAD
[4468915] Could not find attributes for pepijn vonk (USV Hercules, 2024)
[4468915] Failed to build match row: USV Hercules vs Sparta Rotterdam
[3949587] Could not find attributes for edu frias (Penya Deportiva Santa Eulalia, 2022)
[3949587] Failed to build match row: Penya Deportiva Santa Eulalia vs Málaga CF

Keepers & outfield error for **Aston Villa Football Club** in Aston Villa Football Club vs Burnley Football Club: Numbers: 0 and 11.
[4095266] Failed to build match row: Aston Villa Football Club vs Burnley Football Club
[4373729] Could not find attributes for kevin muller (1. Fußballclub Heidenheim 1846, 2024)
[4373729] Failed to build match row: Turn- und Sportgemeinschaft 1899 Hoffenheim Fußball-Spielbetriebs vs 1. Fußballclub Heidenheim 1846
[4259185] Could not find attributes for yarek gasiorowski (Valencia Club de Fútbol S. A. D., 2023)
[4259185] Failed to build match row: Valencia Club de Fútbol S. A. D. vs Celta
[4368053] Could not find attributes for redouan el yaakoubi (RKC Waalwijk, 2024)
[4368053] Failed to build match row: RKC Waalwijk vs Eindhovense Voetbalvereniging Philips Sport Vereniging
[4120878] Could not find attributes for duktm (Aberdeen Football Club, 2023)
[3898907] Could not find attributes for zeca (Football Club København, 2022)

[4120878] Failed to build match row: Aberdeen Football Club vs Ross County FC
[3433320] Failed to build match row: Associazione Sportiva Roma vs Cagliari Calcio
[3898907] Failed to build match row: Football Club København vs Trabzonspor Kulübü

Keepers & outfield error for **Portimonense SC** in Portimonense SC vs Sporting Clube de Portugal: Numbers: 0 and 11.
[4109416] Failed to build match row: Portimonense SC vs Sporting Clube de Portugal
[4468916] Failed to scrape lineup: https://www.transfermarkt.co.uk/spielbericht/index/spielbericht/4468916
[3464279] Failed to scrape lineup: https://www.transfermarkt.co.uk/fc-khimki_zenit-st-petersburg/index/spielbericht/3464279
[4715127] Failed to scrape lineup: https://www.transfermarkt.co.uk/spielbericht/index/spielbericht/4715127
[4620874] Failed to scrape lineup: https://www.transfermarkt.co.uk/como-1907_udinese-calcio/index/spielbericht/4620874
[4137963] Could not find attributes for johannes kreidl (Kuopion Palloseura, 2023)
[3589207] Failed to scrape lineup: https://www.transfermarkt.co.uk/stade-rennais-fc_montpellier-hsc/index/spielbericht/3589207
[4137963] Failed to build match row: Derry City vs Kuopion Palloseura
[4368054] Could not find attributes for nikolai hopland (Sportclub Heerenveen, 2024)
[4798398] Failed to scrape lineup: https://www.transfermarkt.co.uk/club-atletico-belgrano_ca-talleres/index/spielbericht/4798398
[4368054] Failed to build match row: Sportclub Heerenveen vs Heracles Almelo
[4640767] Failed to scrape lineup: https://www.transfermarkt.co.uk/fk-napredak-krusevac_fk-novi-pazar/index/spielbericht/4640767

Keepers & outfield error for **CS Marítimo** in Futebol Clube de Arouca vs CS Marítimo: Numbers: 0 and 11.
[3621526] Failed to build match row: Futebol Clube de Arouca vs CS Marítimo

Keepers & outfield error for **Bayer 04 Leverkusen Fußball** in Bayer 04 Leverkusen Fußball vs Associazione Sportiva Roma: Numbers: 2 and 9.
[4061721] Failed to build match row: Bayer 04 Leverkusen Fußball vs Associazione Sportiva Roma
[4627492] Failed to scrape lineup: https://www.transfermarkt.co.uk/kv-mechelen_kaa-gent/index/spielbericht/4627492

Keepers & outfield error for **Vitória Sport Clube** in Vitória Sport Clube vs Rio Ave Futebol Clube: Numbers: 0 and 11.
[4109417] Failed to build match row: Vitória Sport Clube vs Rio Ave Futebol Clube
[4625355] Could not find attributes for osman hadzikic (NK Slaven Belupo Koprivnica, 2025)
[4743288] Failed to scrape lineup: https://www.transfermarkt.co.uk/spielbericht/index/spielbericht/4743288
[4408411] Failed to scrape lineup: https://www.transfermarkt.co.uk/fc-orenburg_lokomotiv-moscow/index/spielbericht/4408411
[4625355] Failed to build match row: NK Slaven Belupo Koprivnica vs NK Varazdin

Keepers & outfield error for **Futebol Clube do Porto** in Futebol Clube de Arouca vs Futebol Clube do Porto: Numbers: 0 and 11.
[3898908] Could not find attributes for zeca (Football Club København, 2022)
[4396896] Failed to build match row: Futebol Clube de Arouca vs Futebol Clube do Porto
[3898908] Failed to build match row: Trabzonspor Kulübü vs Football Club København

Keepers & outfield error for **Athletic Club Bilbao** in Athletic Club Bilbao vs Alaves: Numbers: 2 and 9.
[4259186] Failed to build match row: Athletic Club Bilbao vs Alaves
[4642977] Failed to scrape lineup: https://www.transfermarkt.co.uk/sk-sturm-graz_sv-ried/index/spielbericht/4642977
[3844908] Failed to scrape lineup: https://www.transfermarkt.co.uk/fc-empoli_uc-sampdoria/index/spielbericht/3844908
[4376738] Failed to scrape lineup: https://www.transfermarkt.co.uk/st-johnstone-fc_celtic-fc/index/spielbericht/4376738
[3464280] Could not find attributes for josip condric (Rotor Volgograd, 2020)
[3464280] Failed to build match row: Rotor Volgograd vs PFK CSKA Moskva
[4468917] Could not find attributes for lars jansen (Quick Boys, 2024)
[4468917] Failed to build match row: Quick Boys vs Almere City FC
[4647952] Failed to scrape lineup: https://www.transfermarkt.co.uk/eyupspor_basaksehir-fk/index/spielbericht/4647952
[4692604] Failed to scrape lineup: https://www.transfermarkt.co.uk/spielbericht/index/spielbericht/4692604
[4550387] Failed to scrape lineup: https://www.transfermarkt.co.uk/aik_ifk-varnamo/index/spielbericht/4550387
[3860184] Failed to scrape lineup: https://www.transfermarkt.co.uk/trabzonspor_galatasaray/index/spielbericht/3860184
[3603093] Failed to scrape lineup: https://www.transfermarkt.co.uk/rangers-fc_ross-county-fc/index/spielbericht/3603093
[3886308] Failed to build match row: Cádiz CF vs Espanol
[3598071] Failed to scrape lineup: https://www.transfermarkt.co.uk/sparta-rotterdam_psv-eindhoven/index/spielbericht/3598071
[3727220] Failed to scrape lineup: https://www.transfermarkt.co.uk/spielbericht/index/spielbericht/3727220
[4839822] Failed to scrape lineup: https://www.transfermarkt.co.uk/grazer-ak-1902_wolfsberger-ac/index/spielbericht/4839822
[3839153] Failed to scrape lineup: https://www.transfermarkt.co.uk/1-fc-koln_borussia-dortmund/index/spielbericht/3839153
[4137973] Could not find attributes for lubomir belko (MSK Zilina, 2023)
[4137973] Failed to build match row: MSK Zilina vs Koninklijke Atletiek Associatie Gent

Keepers & outfield error for **Futebol Clube de Famalicão** in Sport Lisboa e Benfica vs Futebol Clube de Famalicão: Numbers: 0 and 11.
[4109418] Failed to build match row: Sport Lisboa e Benfica vs Futebol Clube de Famalicão
Not enough players found for lineup: 11, 0.
[3655381] Failed to scrape lineup: https://www.transfermarkt.co.uk/spielbericht/index/spielbericht/3655381
[3450962] Failed to scrape lineup: https://www.transfermarkt.co.uk/celta-de-vigo_atletico-de-madrid/index/spielbericht/3450962
[4120879] Could not find attributes for danny armstrong (Kilmarnock Football Club, 2023)
[4120879] Failed to build match row: Dundee Football Club vs Kilmarnock Football Club
[4062325] Could not find attributes for yevgen past (Chornomorets Odesa, 2022)
[4062325] Failed to build match row: Chornomorets Odesa vs SC Dnipro-1
2024)
[4408412] Failed to build match row: Dinamo Makhachkala vs FK Spartak Moskva
[4137974] Could not find attributes for dominik takac (Spartak Trnava, 2023)
[4137974] Failed to build match row: Spartak Trnava vs FK Auda
[3420439] Failed to scrape lineup: https://www.transfermarkt.co.uk/desna-chernigiv_zorya-lugansk/index/spielbericht/3420439

Keepers & outfield error for **Pisa Sporting Club** in Genoa Cricket and Football Club vs Pisa Sporting Club: Numbers: 2 and 9.
[4368055] Could not find attributes for marvin young (Sparta Rotterdam, 2024)
[4620876] Failed to build match row: Genoa Cricket and Football Club vs Pisa Sporting Club
mer Combinatie Zwolle

Keepers & outfield error for **İstanbul Başakşehir Futbol Kulübü** in İstanbul Başakşehir Futbol Kulübü vs Fatih Karagümrük Sportif Faaliyetler San. Tic. A.Ş.: Numbers: 2 and 9.
[3613094] Failed to build match row: İstanbul Başakşehir Futbol Kulübü vs Fatih Karagümrük Sportif Faaliyetler San. Tic. A.Ş.
[3621527] Could not find attributes for bruno costa (Futebol Clube do Porto, 2021)
[3621527] Failed to build match row: Futebol Clube de Arouca vs Futebol Clube do Porto

Keepers & outfield error for **Football Club København** in Qarabağ FK vs Football Club København: Numbers: 2 and 9.
[4373730] Failed to scrape lineup: https://www.transfermarkt.co.uk/sc-freiburg_rb-leipzig/index/spielbericht/4373730
[4715128] Failed to build match row: Qarabağ FK vs Football Club København
[4363802] Failed to scrape lineup: https://www.transfermarkt.co.uk/olympique-marseille_angers-sco/index/spielbericht/4363802
[3433322] Failed to scrape lineup: https://www.transfermarkt.co.uk/spezia-calcio_genoa-cfc/index/spielbericht/3433322
[3420440] Failed to scrape lineup: https://www.transfermarkt.co.uk/fc-oleksandriya_fk-mariupol/index/spielbericht/3420440
[4172299] Failed to scrape lineup: https://www.transfermarkt.co.uk/spielbericht/index/spielbericht/4172299
[3613095] Failed to scrape lineup: https://www.transfermarkt.co.uk/sivasspor_besiktas-jk/index/spielbericht/3613095
[4521527] Failed to scrape lineup: https://www.transfermarkt.co.uk/avispa-fukuoka_tokyo-verdy/index/spielbericht/4521527
[3839155] Failed to scrape lineup: https://www.transfermarkt.co.uk/vfl-wolfsburg_vfb-stuttgart/index/spielbericht/3839155
[4642978] Failed to scrape lineup: https://www.transfermarkt.co.uk/lask_wsg-tirol/index/spielbericht/4642978
[4120880] Failed to scrape lineup: https://www.transfermarkt.co.uk/hibernian-fc_st-johnstone-fc/index/spielbericht/4120880
[4625356] Failed to scrape lineup: https://www.transfermarkt.co.uk/nk-osijek_hnk-rijeka/index/spielbericht/4625356
[3522891] Failed to scrape lineup: https://www.transfermarkt.co.uk/zenit-st-petersburg_rotor-volgograd/index/spielbericht/3522891
[4430801] Could not find attributes for oliver veggerby (Hörsholm Usseröd IK, 2024)
[3898919] Failed to scrape lineup: https://www.transfermarkt.co.uk/spielbericht/index/spielbericht/3898919
[4430801] Failed to build match row: Hörsholm Usseröd IK vs Avarta
[4647953] Could not find attributes for filip krastev (Göztepe Sportif Yatırımlar A.Ş., 2025)
[4647953] Failed to build match row: Konyaspor vs Göztepe Sportif Yatırımlar A.Ş.
[4640768] Failed to scrape lineup: https://www.transfermarkt.co.uk/fk-imt-belgrad_fk-cukaricki/index/spielbericht/4640768
[3603094] Failed to scrape lineup: https://www.transfermarkt.co.uk/st-johnstone-fc_st-mirren-fc/index/spielbericht/3603094
[4468918] Failed to scrape lineup: https://www.transfermarkt.co.uk/spielbericht/index/spielbericht/4468918
[3589209] Failed to scrape lineup: https://www.transfermarkt.co.uk/estac-troyes_as-saint-etienne/index/spielbericht/3589209
[4373731] Could not find attributes for tiago tomas (Verein für Leibesübungen Wolfsburg, 2024)
[4373731] Failed to build match row: Verein für Leibesübungen Wolfsburg vs Fußball-Club St. Pauli von 1910
[4715129] Failed to scrape lineup: https://www.transfermarkt.co.uk/spielbericht/index/spielbericht/4715129
[3420441] Failed to scrape lineup: https://www.transfermarkt.co.uk/ingulets-petrove_sc-dnipro-1/index/spielbericht/3420441
[3613096] Could not find attributes for munir el kajoui (Hatayspor, 2021)
[3613096] Failed to build match row: Hatayspor vs Yeni Malatyaspor
[4642979] Could not find attributes for tom ritzy hulsmann (Turn- und Sportverein Egger Glas Hartberg, 2025)
[4550388] Failed to scrape lineup: https://www.transfermarkt.co.uk/if-brommapojkarna_bk-hacken/index/spielbericht/4550388
[4692605] Failed to scrape lineup: https://www.transfermarkt.co.uk/spielbericht/index/spielbericht/4692605
[4642979] Failed to build match row: Sportklub Rapid vs Turn- und Sportverein Egger Glas Hartberg
[3727221] Could not find attributes for bebe (Rayo Vallecano de Madrid S. A. D., 2021)
por/index/spielbericht/3860185
[3727221] Failed to build match row: Girona Fútbol Club S. A. D. vs Rayo Vallecano de Madrid S. A. D.
[3886309] Could not find attributes for abde ezzalzouli (Club Atlético Osasuna, 2022)
[3886309] Failed to build match row: Club Atlético Osasuna vs Valencia Club de Fútbol S. A. D.
Not enough players found for lineup: 0, 11.

Keepers & outfield error for **Vitória Sport Clube** in Vitória Sport Clube vs Sporting Clube de Braga: Numbers: 0 and 11.
[4138008] Could not find attributes for geordan dupire (Swift Hesperange, 2023)
[4627494] Failed to scrape lineup: https://www.transfermarkt.co.uk/fcv-dender-eh_rsc-anderlecht/index/spielbericht/4627494
[4430802] Failed to scrape lineup: https://www.transfermarkt.co.uk/spielbericht/index/spielbericht/4430802
[3621529] Failed to build match row: Vitória Sport Clube vs Sporting Clube de Braga
[4138008] Failed to build match row: Swift Hesperange vs The New Saints
[4109419] Failed to scrape lineup: https://www.transfermarkt.co.uk/gd-estoril-praia_sc-farense/index/spielbericht/4109419

Keepers & outfield error for **FC Girondins Bordeaux** in FC Girondins Bordeaux vs Stade brestois 29: Numbers: 2 and 9.
[3655382] Failed to scrape lineup: https://www.transfermarkt.co.uk/spielbericht/index/spielbericht/3655382
[3589222] Failed to build match row: FC Girondins Bordeaux vs Stade brestois 29
[3427057] Could not find attributes for amar rahmanovic (Konyaspor, 2020)
[3427057] Failed to build match row: Konyaspor vs Gaziantep Futbol Kulübü A.Ş.
[3450963] Could not find attributes for miguel atienza (SD Eibar, 2020)
[3450963] Failed to build match row: SD Eibar vs Club Atlético Osasuna
[3613097] Could not find attributes for yunus akgun (Adana Demirspor, 2021)
[3613097] Failed to build match row: Adana Demirspor vs Antalyaspor
[4550389] Could not find attributes for oskar agren (Göteborgs Atlet- och Idrottssällskap, 2024)
[4550389] Failed to build match row: Göteborgs Atlet- och Idrottssällskap vs IFK Norrköping
[4095267] Could not find attributes for saman ghoddos (Brentford Football Club, 2023)
[4095267] Failed to build match row: Crystal Palace Football Club vs Brentford Football Club

Keepers & outfield error for **Sporting Gijón** in Sporting Gijón vs Cádiz CF: Numbers: 2 and 9.
[3727222] Failed to build match row: Sporting Gijón vs Cádiz CF
[4743289] Could not find attributes for nacho amo (Atlético Palma del Río CF, 2025)
[4743289] Failed to build match row: Atlético Palma del Río CF vs Real Betis Balompié S.A.D.
[4062326] Failed to scrape lineup: https://www.transfermarkt.co.uk/metalist-kharkiv_pfc-lviv/index/spielbericht/4062326
[4408413] Failed to scrape lineup: https://www.transfermarkt.co.uk/akron-togliatti_fc-khimki/index/spielbericht/4408413

Keepers & outfield error for **Gil Vicente Futebol Clube** in Gil Vicente Futebol Clube vs Clube Desportivo Santa Clara: Numbers: 0 and 11.
[3621530] Failed to build match row: Gil Vicente Futebol Clube vs Clube Desportivo Santa Clara
Not enough players found for lineup: 0, 11.
[4430803] Failed to scrape lineup: https://www.transfermarkt.co.uk/spielbericht/index/spielbericht/4430803
[4363804] Could not find attributes for adrien thomasson (Racing Club de Lens, 2024)
[4363804] Failed to build match row: Racing Club de Strasbourg Alsace vs Racing Club de Lens
[4109420] Could not find attributes for nuno santos (Vitória Sport Clube, 2023)
[3949588] Could not find attributes for eloi amagat (UE Olot, 2022)
[4109420] Failed to build match row: Vitória Sport Clube vs Futebol Clube de Arouca
[3949588] Failed to build match row: UE Olot vs Levante Unión Deportiva S.A.D.
[3655383] Failed to scrape lineup: https://www.transfermarkt.co.uk/spielbericht/index/spielbericht/3655383
[4839823] Could not find attributes for damir redzic (Fußballclub Red Bull Salzburg, 2025)
[4839823] Failed to build match row: Fußballclub Red Bull Salzburg vs Sportklub Rapid
[4640769] Could not find attributes for strahinja manojlovic (Fudbalski Klub Radnički Niš, 2025)
[4640769] Failed to build match row: Fudbalski Klub Radnički Niš vs Fudbalski Klub Mladost Lučani
[3886310] Could not find attributes for alex sola (Real Sociedad de Fútbol S.A.D., 2022)
[3886310] Failed to build match row: Real Sociedad de Fútbol S.A.D. vs Villarreal Club de Fútbol S.A.D.
[4692606] Could not find attributes for toni sunjic (HSK Zrinjski Mostar, 2025)
[4692606] Failed to build match row: HSK Zrinjski Mostar vs Breidablik Kópavogur
[4408478] Could not find attributes for evgeniy latyshonok (AO FK Zenit Sankt-Peterburg, 2024)
[4408478] Failed to build match row: AO FK Zenit Sankt-Peterburg vs Футбольный клуб "Локомотив" Москва
[3427058] Could not find attributes for mattias johansson (Gençlerbirliği Spor Kulübü, 2020)
[3427058] Failed to build match row: Gençlerbirliği Spor Kulübü vs Yeni Malatyaspor
Not enough players found for lineup: 0, 0.
[3655384] Failed to scrape lineup: https://www.transfermarkt.co.uk/spielbericht/index/spielbericht/3655384
[3844910] Could not find attributes for giuseppe pezzella (Unione Sportiva Lecce, 2022)
[3844910] Failed to build match row: Unione Sportiva Lecce vs Associazione Calcio Milan
[4172300] Failed to scrape lineup: https://www.transfermarkt.co.uk/spielbericht/index/spielbericht/4172300
[4521531] Failed to scrape lineup: https://www.transfermarkt.co.uk/albirex-niigata_yokohama-fc/index/spielbericht/4521531
[3839156] Failed to scrape lineup: https://www.transfermarkt.co.uk/hertha-bsc_tsg-1899-hoffenheim/index/spielbericht/3839156
[4625357] Failed to scrape lineup: https://www.transfermarkt.co.uk/hnk-rijeka_gnk-dinamo-zagreb/index/spielbericht/4625357
[4120881] Failed to scrape lineup: https://www.transfermarkt.co.uk/livingston-fc_celtic-fc/index/spielbericht/4120881
[4642980] Failed to scrape lineup: https://www.transfermarkt.co.uk/wolfsberger-ac_grazer-ak-1902/index/spielbericht/4642980
[3522892] Failed to scrape lineup: https://www.transfermarkt.co.uk/spartak-moscow_cska-moscow/index/spielbericht/3522892
[4692607] Could not find attributes for faton maloku (FC Drita, 2025)
[3898920] Failed to scrape lineup: https://www.transfermarkt.co.uk/spielbericht/index/spielbericht/3898920
[4259188] Failed to scrape lineup: https://www.transfermarkt.co.uk/spielbericht/index/spielbericht/4259188
[4408479] Could not find attributes for hidajet hankic (FK Rostov, 2024)
[3598072] Failed to scrape lineup: https://www.transfermarkt.co.uk/twente-enschede-fc_fc-groningen/index/spielbericht/3598072
[4692607] Failed to build match row: SC Fotbal Club FCSB SA vs FC Drita
[4408479] Failed to build match row: FK Rostov vs RFK Akhmat Grozny
[3621532] Could not find attributes for paulinho (Moreirense Futebol Clube, 2021)
[3621532] Failed to build match row: Moreirense Futebol Clube vs B SAD
[4468919] Failed to scrape lineup: https://www.transfermarkt.co.uk/spielbericht/index/spielbericht/4468919
[3603095] Failed to scrape lineup: https://www.transfermarkt.co.uk/aberdeen-fc_ross-county-fc/index/spielbericht/3603095

Keepers & outfield error for **UD Almería** in UD Almería vs Rayo Vallecano de Madrid S. A. D.: Numbers: 0 and 11.
[3886311] Failed to build match row: UD Almería vs Rayo Vallecano de Madrid S. A. D.
[3420442] Failed to scrape lineup: https://www.transfermarkt.co.uk/vorskla-poltava_rukh-lviv/index/spielbericht/3420442

Keepers & outfield error for **Elche Club de Fútbol S.A.D.** in Elche Club de Fútbol S.A.D. vs Real Madrid Club de Fútbol: Numbers: 0 and 11.
[3727223] Failed to build match row: Elche Club de Fútbol S.A.D. vs Real Madrid Club de Fútbol
Not enough players found for lineup: 11, 0.
[3655385] Failed to scrape lineup: https://www.transfermarkt.co.uk/spielbericht/index/spielbericht/3655385
[4172301] Could not find attributes for luka subotic (Fudbalski klub Čukarički Beograd, 2023)
[4172301] Failed to build match row: Fudbalski klub Čukarički Beograd vs Koninklijke Racing Club Genk
[4376741] Could not find attributes for daniels balodis (St. Johnstone FC, 2024)
[4376741] Failed to build match row: Dundee United Football Club vs St. Johnstone FC
[3860186] Failed to scrape lineup: https://www.transfermarkt.co.uk/adana-demirspor_umraniyespor/index/spielbericht/3860186

Keepers & outfield error for **FC Paços de Ferreira** in FC Paços de Ferreira vs Portimonense SC: Numbers: 2 and 9.
[3621533] Failed to build match row: FC Paços de Ferreira vs Portimonense SC
[4408480] Could not find attributes for roman evgenjev (PFK Krylya Sovetov Samara, 2024)
[4408480] Failed to build match row: PFK Krylya Sovetov Samara vs FK Krasnodar
[4627495] Failed to scrape lineup: https://www.transfermarkt.co.uk/sint-truidense-vv_raal-la-louviere/index/spielbericht/4627495
[3589223] Failed to scrape lineup: https://www.transfermarkt.co.uk/rc-lens_angers-sco/index/spielbericht/3589223

Keepers & outfield error for **Club Social y Deportivo Defensa y Justicia** in Club Atlético San Lorenzo de Almagro vs Club Social y Deportivo Defensa y Justicia: Numbers: 0 and 11.
[4798401] Failed to build match row: Club Atlético San Lorenzo de Almagro vs Club Social y Deportivo Defensa y Justicia
[3420443] Could not find attributes for oleksandr bandura (FC Rukh Lviv, 2020)
[3420443] Failed to build match row: FC Rukh Lviv vs FC Shakhtar Donetsk
[3450964] Failed to scrape lineup: https://www.transfermarkt.co.uk/getafe-cf_fc-barcelona/index/spielbericht/3450964
[4550390] Failed to scrape lineup: https://www.transfermarkt.co.uk/ifk-goteborg_hammarby-if/index/spielbericht/4550390
[4095268] Failed to scrape lineup: https://www.transfermarkt.co.uk/fulham-fc_arsenal-fc/index/spielbericht/4095268
[3613098] Failed to scrape lineup: https://www.transfermarkt.co.uk/trabzonspor_kayserispor/index/spielbericht/3613098
[4692608] Could not find attributes for joao moutinho (Sporting Clube de Braga, 2025)
[4692608] Failed to build match row: Fotbal Club CFR 1907 Cluj SA vs Sporting Clube de Braga
[3522893] Could not find attributes for sergey pesjakov (FK Rostov, 2020)
[3522893] Failed to build match row: FK Rostov vs Arsenal Tula
[4368058] Failed to scrape lineup: https://www.transfermarkt.co.uk/heracles-almelo_az-alkmaar/index/spielbericht/4368058
[4062327] Failed to scrape lineup: https://www.transfermarkt.co.uk/fc-oleksandriya_shakhtar-donetsk/index/spielbericht/4062327

Keepers & outfield error for **CS Marítimo** in CS Marítimo vs Grupo Desportivo Estoril Praia: Numbers: 0 and 11.
[3621534] Failed to build match row: CS Marítimo vs Grupo Desportivo Estoril Praia
[4743290] Failed to scrape lineup: https://www.transfermarkt.co.uk/spielbericht/index/spielbericht/4743290
[4430804] Failed to scrape lineup: https://www.transfermarkt.co.uk/spielbericht/index/spielbericht/4430804
[4627496] Could not find attributes for yuto tsunashima (Royal Antwerp Football Club, 2025)
[4627496] Failed to build match row: Royal Charleroi Sporting Club vs Royal Antwerp Football Club
[4363805] Failed to scrape lineup: https://www.transfermarkt.co.uk/stade-reims_montpellier-hsc/index/spielbericht/4363805

Keepers & outfield error for **Sevilla Fútbol Club S.A.D.** in Real Betis Balompié S.A.D. vs Sevilla Fútbol Club S.A.D.: Numbers: 0 and 11.
[3727225] Failed to build match row: Real Betis Balompié S.A.D. vs Sevilla Fútbol Club S.A.D.

Keepers & outfield error for **Sevilla Fútbol Club S.A.D.** in Sevilla Fútbol Club S.A.D. vs Athletic Club Bilbao: Numbers: 2 and 9.
[3886312] Failed to build match row: Sevilla Fútbol Club S.A.D. vs Athletic Club Bilbao
[4138009] Could not find attributes for andre fausto (Balzan FC, 2023)
[4138009] Failed to build match row: Balzan FC vs Neman Grodno
[4640770] Failed to scrape lineup: https://www.transfermarkt.co.uk/fk-radnik-surdulica_fk-tsc-backa-topola/index/spielbericht/4640770
[4109421] Failed to scrape lineup: https://www.transfermarkt.co.uk/fc-vizela_boavista-fc/index/spielbericht/4109421
[3433325] Failed to scrape lineup: https://www.transfermarkt.co.uk/atalanta-bc_us-sassuolo/index/spielbericht/3433325
[4839824] Failed to scrape lineup: https://www.transfermarkt.co.uk/austria-vienna_sk-sturm-graz/index/spielbericht/4839824
[4468920] Could not find attributes for ties wieggers (De Graafschap Doetinchem, 2024)
[4468920] Failed to build match row: De Graafschap Doetinchem vs TOP Oss
[4098171] Could not find attributes for robin propper (Football Club Twente, 2023)
[4098171] Failed to build match row: Football Club Twente vs Go Ahead Eagles

Keepers & outfield error for **Verona Hellas Football Club** in Verona Hellas Football Club vs Torino Calcio: Numbers: 2 and 9.
[4620881] Failed to build match row: Verona Hellas Football Club vs Torino Calcio
[4715133] Failed to scrape lineup: https://www.transfermarkt.co.uk/spielbericht/index/spielbericht/4715133
[4373744] Failed to scrape lineup: https://www.transfermarkt.co.uk/rb-leipzig_borussia-dortmund/index/spielbericht/4373744
[3427059] Failed to scrape lineup: https://www.transfermarkt.co.uk/besiktas-jk_denizlispor/index/spielbericht/3427059
[4640771] Could not find attributes for luka subotic (Fudbalski Klub Spartak Ždrepčeva krv, 2025)
[4640771] Failed to build match row: Fudbalski Klub Spartak Ždrepčeva krv vs Fudbalski Klub Vojvodina
[3727226] Could not find attributes for mikel vesga (Athletic Club Bilbao, 2021)
[3727226] Failed to build match row: Athletic Club Bilbao vs Futbol Club Barcelona
[3464281] Failed to scrape lineup: https://www.transfermarkt.co.uk/pfk-tambov_dynamo-moscow/index/spielbericht/3464281
[3844911] Failed to scrape lineup: https://www.transfermarkt.co.uk/ssc-napoli_juventus-fc/index/spielbericht/3844911
[4521538] Failed to scrape lineup: https://www.transfermarkt.co.uk/urawa-red-diamonds_yokohama-f-marinos/index/spielbericht/4521538

Keepers & outfield error for **Real Betis Balompié S.A.D.** in Real Valladolid CF vs Real Betis Balompié S.A.D.: Numbers: 0 and 11.
[3886313] Failed to build match row: Real Valladolid CF vs Real Betis Balompié S.A.D.
[4625358] Failed to scrape lineup: https://www.transfermarkt.co.uk/nk-varazdin_nk-osijek/index/spielbericht/4625358
[4120882] Failed to scrape lineup: https://www.transfermarkt.co.uk/rangers-fc_motherwell-fc/index/spielbericht/4120882
[4368059] Could not find attributes for lefteris lyratzis (Nijmegen Eendracht Combinatie, 2024)
[4368059] Failed to build match row: Nijmegen Eendracht Combinatie vs RKC Waalwijk
[3450965] Could not find attributes for roberto soldado (Granada CF, 2020)
[3450965] Failed to build match row: Granada CF vs Sevilla Fútbol Club S.A.D.
[4109422] Could not find attributes for kiko (Gil Vicente Futebol Clube, 2023)
[4109422] Failed to build match row: Gil Vicente Futebol Clube vs Club Football Estrela da Amadora
[3898921] Failed to scrape lineup: https://www.transfermarkt.co.uk/spielbericht/index/spielbericht/3898921
[4642981] Failed to scrape lineup: https://www.transfermarkt.co.uk/scr-altach_fc-blau-weiss-linz/index/spielbericht/4642981
[3598073] Failed to scrape lineup: https://www.transfermarkt.co.uk/sc-heerenveen_nec-nijmegen/index/spielbericht/3598073
[4649235] Failed to scrape lineup: https://www.transfermarkt.co.uk/fc-rostov_fc-pari-nizhniy-novgorod/index/spielbericht/4649235
[4647954] Could not find attributes for taylan antalyali (Çaykur Rizespor Kulübü, 2025)
[3522894] Could not find attributes for anton shunin (FK Dinamo Moskva, 2020)
[4647954] Failed to build match row: Çaykur Rizespor Kulübü vs Galatasaray Spor Kulübü
[3522894] Failed to build match row: FK Dinamo Moskva vs FC Khimki (-2025)
[4468921] Could not find attributes for swen verswijveren (FC Lisse, 2024)
[4468921] Failed to build match row: FC Lisse vs Football Club Utrecht
[3655386] Failed to scrape lineup: https://www.transfermarkt.co.uk/spielbericht/index/spielbericht/3655386
[4640772] Could not find attributes for veljko milosavljevic (Fudbalski klub Crvena zvezda Beograd, 2025)
[4172302] Failed to scrape lineup: https://www.transfermarkt.co.uk/spielbericht/index/spielbericht/4172302
[4640772] Failed to build match row: Fudbalski klub Crvena zvezda Beograd vs Omladinski fudbalski klub Beograd
[4376742] Failed to scrape lineup: https://www.transfermarkt.co.uk/hibernian-fc_dundee-fc/index/spielbericht/4376742
[4620882] Could not find attributes for lorenzo bernasconi (Atalanta Bergamasca Calcio S.p.a., 2025)

Keepers & outfield error for **FC Vizela** in Boavista FC vs FC Vizela: Numbers: 0 and 11.

Keepers & outfield error for **Associazione Sportiva Roma** in Associazione Sportiva Roma vs Associazione Calcio Fiorentina: Numbers: 0 and 11.
[4620882] Failed to build match row: Bologna Football Club 1909 vs Atalanta Bergamasca Calcio S.p.a.
[3621535] Failed to build match row: Boavista FC vs FC Vizela
[3844912] Failed to build match row: Associazione Sportiva Roma vs Associazione Calcio Fiorentina

Keepers & outfield error for **Club Atlético de Madrid S.A.D.** in Athletic Club Bilbao vs Club Atlético de Madrid S.A.D.: Numbers: 2 and 9.
[3886319] Failed to build match row: Athletic Club Bilbao vs Club Atlético de Madrid S.A.D.

Keepers & outfield error for **Go Ahead Eagles** in Nooit Opgeven Altijd Doorzetten Aangenaam Door Vermaak En Nuttig Door Ontspanning Combinatie Breda vs Go Ahead Eagles: Numbers: 0 and 11.
[4368060] Failed to build match row: Nooit Opgeven Altijd Doorzetten Aangenaam Door Vermaak En Nuttig Door Ontspanning Combinatie Breda vs Go Ahead Eagles
[4649236] Could not find attributes for sergey pesjakov (PFK Krylya Sovetov Samara, 2025)
[4649236] Failed to build match row: PFK Krylya Sovetov Samara vs FK Baltika
[4259457] Could not find attributes for romelle donovan (Birmingham City, 2023)
[4259457] Failed to build match row: Birmingham City vs Hull City
[3949589] Could not find attributes for victor oliver (Yeclano Deportivo, 2022)
[3598074] Could not find attributes for vurnon anita (RKC Waalwijk, 2021)
[3949589] Failed to build match row: Yeclano Deportivo vs Granada CF
[3598074] Failed to build match row: Eindhovense Voetbalvereniging Philips Sport Vereniging vs RKC Waalwijk
[4408481] Failed to scrape lineup: https://www.transfermarkt.co.uk/cska-moscow_fakel-voronezh/index/spielbericht/4408481
[4642982] Could not find attributes for tom ritzy hulsmann (Turn- und Sportverein Egger Glas Hartberg, 2025)
[4642982] Failed to build match row: Turn- und Sportverein Egger Glas Hartberg vs Sportclub Rheindorf Altach
[4625359] Could not find attributes for osman hadzikic (NK Slaven Belupo Koprivnica, 2025)
[4625359] Failed to build match row: HNK Hajduk Split vs NK Slaven Belupo Koprivnica
[3522895] Could not find attributes for vitaliy sychev (PFK Tambov (-2021), 2020)
[3613100] Could not find attributes for uros spajic (Kasımpaşa A.Ş., 2021)
[3522895] Failed to build match row: PFK Tambov (-2021) vs Футбольный клуб "Локомотив" Москва
[4470660] Could not find attributes for pavlo isenko (Vorskla Poltava, 2024)
[4470660] Failed to build match row: Vorskla Poltava vs FK Polissya Zhytomyr
[3613100] Failed to build match row: Kasımpaşa A.Ş. vs Fenerbahçe Spor Kulübü
[4627521] Could not find attributes for seiji kimura (Koninklijke Voetbal Club Westerlo, 2025)
[4627521] Failed to build match row: Club Brugge Koninklijke Voetbalvereniging vs Koninklijke Voetbal Club Westerlo
[3420444] Failed to scrape lineup: https://www.transfermarkt.co.uk/dynamo-kyiv_desna-chernigiv/index/spielbericht/3420444
[4798402] Failed to scrape lineup: https://www.transfermarkt.co.uk/ca-central-cordoba-sde-_club-deportivo-riestra/index/spielbericht/4798402

Keepers & outfield error for **Eintracht Frankfurt Fußball AG** in Eintracht Frankfurt Fußball AG vs HJK Helsinki: Numbers: 2 and 9.
[4172303] Failed to build match row: Eintracht Frankfurt Fußball AG vs HJK Helsinki
Not enough players found for lineup: 11, 0.
[3655387] Failed to scrape lineup: https://www.transfermarkt.co.uk/spielbericht/index/spielbericht/3655387
[4640773] Could not find attributes for djordje skoko (Fudbalski Klub Javor Matis Ivanjica, 2025)
[4640773] Failed to build match row: Fudbalski Klub Javor Matis Ivanjica vs Fudbalski Klub IMT Novi Beograd
[3860188] Could not find attributes for miha zajc (Fenerbahçe Spor Kulübü, 2022)
[3860188] Failed to build match row: Konyaspor vs Fenerbahçe Spor Kulübü
[4368061] Could not find attributes for olivier aertssen (Prins Hendrik Ende Desespereert Nimmer Combinatie Zwolle, 2024)
[4368061] Failed to build match row: Prins Hendrik Ende Desespereert Nimmer Combinatie Zwolle vs Football Club Twente
[4649237] Could not find attributes for igor akinfeev (PFK CSKA Moskva, 2025)
[4649237] Failed to build match row: PFK CSKA Moskva vs FC Rubin Kazan
[4376743] Could not find attributes for tawanda maswanhise (Motherwell Football Club, 2024)
[4376743] Failed to build match row: Motherwell Football Club vs Heart of Midlothian Football Club
[3598075] Could not find attributes for nick bakker (Sportclub Heerenveen, 2021)
[3598075] Failed to build match row: Sportclub Heerenveen vs SC Cambuur Leeuwarden
[4361503] Could not find attributes for abdoulaye doucoure (Everton Football Club, 2024)
[4361503] Failed to build match row: Everton Football Club vs Nottingham Forest Football Club
[4625360] Could not find attributes for denis kolinger (NK Lokomotiva Zagreb, 2025)
[4625360] Failed to build match row: NK Lokomotiva Zagreb vs HNK Gorica

Keepers & outfield error for **Motherwell Football Club** in Motherwell Football Club vs Dundee Football Club: Numbers: 0 and 11.
[3603098] Failed to build match row: Motherwell Football Club vs Dundee Football Club
[3949590] Could not find attributes for javier ablanque (CD Guadalajara, 2022)
[3949590] Failed to build match row: CD Guadalajara vs SD Ponferradina
[4408482] Could not find attributes for nikita medvedev (FK Nizhny Novgorod, 2024)
[4408482] Failed to build match row: FK Nizhny Novgorod vs FK Spartak Moskva
[3522896] Could not find attributes for yuriy dyupin (FC Rubin Kazan, 2020)
[3522896] Failed to build match row: FC Rubin Kazan vs FK Krasnodar
[4095270] Could not find attributes for djordje petrovic (Chelsea Football Club, 2023)
[4095270] Failed to build match row: Luton Town vs Chelsea Football Club
[4368062] Could not find attributes for thom haye (Almere City FC, 2024)
[4368062] Failed to build match row: Eindhovense Voetbalvereniging Philips Sport Vereniging vs Almere City FC
[4649238] Could not find attributes for anton mitryushkin (Футбольный клуб "Локомотив" Москва, 2025)
[4649238] Failed to build match row: Футбольный клуб "Локомотив" Москва vs FK Spartak Moskva
[4640774] Could not find attributes for strahinja manojlovic (Fudbalski Klub Radnički Niš, 2025)
[4640774] Failed to build match row: Fudbalski Klub Radnički Niš vs Fudbalski klub Napredak Kruševac
[4098172] Failed to scrape lineup: https://www.transfermarkt.co.uk/az-alkmaar_ajax-amsterdam/index/spielbericht/4098172
[4743291] Could not find attributes for nader ghabbour (CD Toledo, 2025)
[4743291] Failed to build match row: CD Toledo vs Sevilla Fútbol Club S.A.D.
[4363807] Failed to scrape lineup: https://www.transfermarkt.co.uk/fc-toulouse_angers-sco/index/spielbericht/4363807
[3427060] Failed to scrape lineup: https://www.transfermarkt.co.uk/buyuksehir-belediye-erzurumspor_fatih-karagumruk/index/spielbericht/3427060
[4373745] Failed to scrape lineup: https://www.transfermarkt.co.uk/1-fc-heidenheim-1846_holstein-kiel/index/spielbericht/4373745
[3860189] Could not find attributes for campanharo (Kayserispor Kulübü, 2022)
[3860189] Failed to build match row: Kayserispor Kulübü vs Giresunspor
[3598076] Could not find attributes for sekou sylla (SC Cambuur Leeuwarden, 2021)
[3598076] Failed to build match row: SC Cambuur Leeuwarden vs RKC Waalwijk
[3727227] Failed to scrape lineup: https://www.transfermarkt.co.uk/spielbericht/index/spielbericht/3727227
[4430805] Could not find attributes for jeppe rasmussen (Nyköbing FC, 2024)
[4430805] Failed to build match row: Nyköbing FC vs BK Fremad Amager
[3464282] Failed to scrape lineup: https://www.transfermarkt.co.uk/fc-sochi_fc-ufa/index/spielbericht/3464282
[4521539] Failed to scrape lineup: https://www.transfermarkt.co.uk/kawasaki-frontale_tokyo-verdy/index/spielbericht/4521539
[4368063] Could not find attributes for marvin young (Sparta Rotterdam, 2024)
[4368063] Failed to build match row: Sparta Rotterdam vs Sportclub Heerenveen
[4649239] Could not find attributes for giorgiy shelia (RFK Akhmat Grozny, 2025)
[4649239] Failed to build match row: RFK Akhmat Grozny vs AO FK Zenit Sankt-Peterburg
[4120883] Failed to scrape lineup: https://www.transfermarkt.co.uk/st-mirren-fc_heart-of-midlothian-fc/index/spielbericht/4120883
[4138010] Could not find attributes for pano qirko (FK Partizani, 2023)
[4640775] Could not find attributes for david stojanovic (Fudbalski klub Radnik Surdulica, 2025)
[4138010] Failed to build match row: FK Partizani vs Atlètic Club d'Escaldes
[4640775] Failed to build match row: Fudbalski klub Radnik Surdulica vs FK Radnički 1923 Kragujevac
[4109423] Failed to scrape lineup: https://www.transfermarkt.co.uk/fc-porto_sc-braga/index/spielbericht/4109423
[3898922] Failed to scrape lineup: https://www.transfermarkt.co.uk/spielbericht/index/spielbericht/3898922
[4396898] Failed to scrape lineup: https://www.transfermarkt.co.uk/boavista-fc_cd-santa-clara/index/spielbericht/4396898

Keepers & outfield error for **Manchester City Football Club** in Manchester City Football Club vs Sheffield United: Numbers: 0 and 11.
[4095271] Failed to build match row: Manchester City Football Club vs Sheffield United
[4550391] Could not find attributes for kingsley gyamfi (Östers IF, 2024)
[4550391] Failed to build match row: Östers IF vs Halmstads BK
[4647955] Failed to scrape lineup: https://www.transfermarkt.co.uk/fenerbahce_genclerbirligi-ankara/index/spielbericht/4647955

Keepers & outfield error for **Olympique Lyonnais** in Le Havre Athletic Club vs Olympique Lyonnais: Numbers: 0 and 11.
[4363808] Failed to build match row: Le Havre Athletic Club vs Olympique Lyonnais
[4715135] Failed to scrape lineup: https://www.transfermarkt.co.uk/spielbericht/index/spielbericht/4715135
[4521541] Could not find attributes for naoto kamifukumoto (Shonan Bellmare, 2024)
[4521541] Failed to build match row: Shonan Bellmare vs Hitachi Kashiwa Reysol
[3603099] Could not find attributes for robby mccrorie (Rangers Football Club, 2021)
[3603099] Failed to build match row: Rangers Football Club vs The Celtic Football Club
[3621536] Failed to scrape lineup: https://www.transfermarkt.co.uk/vitoria-guimaraes-sc_sporting-cp/index/spielbericht/3621536
[3886320] Failed to scrape lineup: https://www.transfermarkt.co.uk/celta-de-vigo_real-sociedad/index/spielbericht/3886320
[4839825] Could not find attributes for gizo mamageishvili (Sportklub Puntigamer Sturm Graz, 2025)
[4839825] Failed to build match row: Sportklub Puntigamer Sturm Graz vs Fußballclub Red Bull Salzburg
[3860190] Could not find attributes for bahadir gungordu (MKE Ankaragücü, 2022)
[3464283] Could not find attributes for ilya pomazun (Ural Yekaterinburg, 2020)
[3464283] Failed to build match row: Ural Yekaterinburg vs FK Spartak Moskva
[3860190] Failed to build match row: Alanyaspor vs MKE Ankaragücü
[4620884] Failed to scrape lineup: https://www.transfermarkt.co.uk/ss-lazio_acf-fiorentina/index/spielbericht/4620884
[4259459] Failed to scrape lineup: https://www.transfermarkt.co.uk/spielbericht/index/spielbericht/4259459
[4098174] Failed to scrape lineup: https://www.transfermarkt.co.uk/go-ahead-eagles_excelsior-rotterdam/index/spielbericht/4098174
[4715136] Failed to scrape lineup: https://www.transfermarkt.co.uk/spielbericht/index/spielbericht/4715136
[3589226] Failed to scrape lineup: https://www.transfermarkt.co.uk/olympique-marseille_estac-troyes/index/spielbericht/3589226
[3450966] Could not find attributes for javi ontiveros (SD Huesca, 2020)
[3450966] Failed to build match row: SD Huesca vs Real Valladolid CF
[4642983] Failed to scrape lineup: https://www.transfermarkt.co.uk/sv-ried_lask/index/spielbericht/4642983
[4376744] Failed to scrape lineup: https://www.transfermarkt.co.uk/st-mirren-fc_ross-county-fc/index/spielbericht/4376744
[4430806] Failed to scrape lineup: https://www.transfermarkt.co.uk/spielbericht/index/spielbericht/4430806
[3613101] Failed to scrape lineup: https://www.transfermarkt.co.uk/giresunspor_goztepe/index/spielbericht/3613101
[4521542] Failed to scrape lineup: https://www.transfermarkt.co.uk/albirex-niigata_kyoto-sanga/index/spielbericht/4521542
[4649240] Could not find attributes for danila khotulev (FC Orenburg, 2025)
[4649240] Failed to build match row: FC Orenburg vs FK Krasnodar
[4625361] Failed to scrape lineup: https://www.transfermarkt.co.uk/hnk-vukovar-1991_nk-istra-1961/index/spielbericht/4625361
[3603100] Failed to scrape lineup: https://www.transfermarkt.co.uk/st-mirren-fc_st-johnstone-fc/index/spielbericht/3603100
[4472028] Failed to scrape lineup: https://www.transfermarkt.co.uk/spielbericht/index/spielbericht/4472028
[4627522] Failed to scrape lineup: https://www.transfermarkt.co.uk/standard-liege_cercle-brugge/index/spielbericht/4627522
[3420445] Failed to scrape lineup: https://www.transfermarkt.co.uk/zorya-lugansk_fk-mariupol/index/spielbericht/3420445
[3886321] Failed to scrape lineup: https://www.transfermarkt.co.uk/rcd-mallorca_sevilla-fc/index/spielbericht/3886321
[4408483] Failed to scrape lineup: https://www.transfermarkt.co.uk/fc-orenburg_rubin-kazan/index/spielbericht/4408483
[4798403] Failed to scrape lineup: https://www.transfermarkt.co.uk/gimnasia-y-esgrima-de-mendoza_club-estudiantes-de-la-plata/index/spielbericht/4798403
[4647956] Could not find attributes for dorukhan tokoz (Kayserispor Kulübü, 2025)
[4647956] Failed to build match row: Kayserispor Kulübü vs Kocaelispor Kulübü
[3655388] Failed to scrape lineup: https://www.transfermarkt.co.uk/spielbericht/index/spielbericht/3655388
[3621537] Failed to build match row: Boavista FC vs Futebol Clube do Porto
[4550393] Could not find attributes for simon sandberg (IK Sirius, 2024)
[4550393] Failed to build match row: IK Sirius vs Malmö Fotbollförening
[4172305] Failed to scrape lineup: https://www.transfermarkt.co.uk/spielbericht/index/spielbericht/4172305
[3464284] Could not find attributes for artur nigmatullin (Arsenal Tula, 2020)
[3464284] Failed to build match row: Arsenal Tula vs Rotor Volgograd
[4259460] Could not find attributes for bailey clements (Eastleigh FC, 2023)
[4062328] Could not find attributes for andriy klishchuk (FK Kryvbas Kryvyi Rig, 2022)
[4259460] Failed to build match row: Eastleigh FC vs Newport County
[4062328] Failed to build match row: FK Kryvbas Kryvyi Rig vs Futbolniy Klub Dynamo Kyiv
[4138011] Could not find attributes for djordjije pavlicic (Buducnost Podgorica, 2023)
[4138011] Failed to build match row: Buducnost Podgorica vs Struga Trim & Lum
[4361504] Could not find attributes for harry wilson (Fulham Football Club, 2024)
[4368064] Could not find attributes for jens mathijsen (Willem II Tilburg, 2024)
[4368064] Failed to build match row: Willem II Tilburg vs AFC Ajax Amsterdam
[4361504] Failed to build match row: Fulham Football Club vs Association Football Club Bournemouth
[4640776] Could not find attributes for nemanja milunovic (Fudbalski Klub Spartak Ždrepčeva krv, 2025)
[3949591] Could not find attributes for ekhi senar (CD Alfaro, 2022)
timonense-sc_sc-braga/index/spielbericht/3621538
[3949591] Failed to build match row: CD Alfaro vs FC Cartagena
[4640776] Failed to build match row: Fudbalski Klub Spartak Ždrepčeva krv vs Fudbalski Klub Partizan Beograd
[4625362] Could not find attributes for franko kolic (NK Istra 1961, 2025)
[4625362] Failed to build match row: GNK Dinamo Zagreb vs NK Istra 1961
[4649241] Could not find attributes for timur magomedov (Dinamo Makhachkala, 2025)
[4472056] Could not find attributes for konstantinos musta (APS Zakynthos, 2024)
[4649241] Failed to build match row: Dinamo Makhachkala vs Akron Togliatti

Keepers & outfield error for **Almere City FC** in Almere City FC vs Football Club Volendam: Numbers: 0 and 11.
[4098175] Failed to build match row: Almere City FC vs Football Club Volendam
[4472056] Failed to build match row: APS Zakynthos vs A.G.S Asteras Tripolis
[4647957] Could not find attributes for jerome onguene (Eyüp Spor Kulübü, 2025)
[4396899] Could not find attributes for xeka (Grupo Desportivo Estoril Praia, 2024)
[4647957] Failed to build match row: Galatasaray Spor Kulübü vs Eyüp Spor Kulübü
[4396899] Failed to build match row: Sporting Clube de Portugal vs Grupo Desportivo Estoril Praia
[4373747] Could not find attributes for alexis claude maurice (Fußball-Club Augsburg 1907, 2024)
[4373747] Failed to build match row: Fußball-Club Augsburg 1907 vs Verein für Leibesübungen Wolfsburg
[4550394] Could not find attributes for matvei igonen (Degerfors IF, 2024)

Keepers & outfield error for **Real Sociedad de Fútbol S.A.D.** in Real Betis Balompié S.A.D. vs Real Sociedad de Fútbol S.A.D.: Numbers: 0 and 11.
[4550394] Failed to build match row: Degerfors IF vs Djurgårdens Idrottsförening
[4062329] Failed to scrape lineup: https://www.transfermarkt.co.uk/fc-minaj_vorskla-poltava/index/spielbericht/4062329
[3450967] Failed to build match row: Real Betis Balompié S.A.D. vs Real Sociedad de Fútbol S.A.D.

Keepers & outfield error for **Galatasaray Spor Kulübü** in Galatasaray Spor Kulübü vs Çaykur Rizespor Kulübü: Numbers: 0 and 11.
[3613102] Failed to build match row: Galatasaray Spor Kulübü vs Çaykur Rizespor Kulübü
[3522897] Could not find attributes for aleksey chernov (FK Ufa, 2020)

Keepers & outfield error for **Grupo Desportivo Estoril Praia** in Grupo Desportivo Estoril Praia vs Moreirense Futebol Clube: Numbers: 0 and 11.

Keepers & outfield error for **Bayer 04 Leverkusen Fußball** in Bayer 04 Leverkusen Fußball vs FC Schalke 04: Numbers: 2 and 9.
[3839160] Failed to build match row: Bayer 04 Leverkusen Fußball vs FC Schalke 04
[3522897] Failed to build match row: FK Ufa vs FK Sochi
[3464285] Could not find attributes for sergey ryzhikov (PFK Tambov (-2021), 2020)
[4109425] Failed to build match row: Grupo Desportivo Estoril Praia vs Moreirense Futebol Clube
[3464285] Failed to build match row: PFK Tambov (-2021) vs RFK Akhmat Grozny
[4408484] Could not find attributes for david volk (Dinamo Makhachkala, 2024)
[4839827] Could not find attributes for dominik reiter (Fußballclub Blau-Weiß Linz, 2025)
[4715137] Could not find attributes for neofytos michail (Pafos FC, 2025)
[4839827] Failed to build match row: Fußballclub Blau-Weiß Linz vs Sportvereinigung Ried 1912
[4408484] Failed to build match row: Dinamo Makhachkala vs Akron Togliatti
[4715137] Failed to build match row: Pafos FC vs FC Bayern München
[3420446] Could not find attributes for yevgen volynets (FK Kolos Kovalivka, 2020)
[3420446] Failed to build match row: FK Kolos Kovalivka vs PFK Lviv
[4368065] Could not find attributes for davy klaassen (AFC Ajax Amsterdam, 2024)
[4368065] Failed to build match row: AFC Ajax Amsterdam vs Nijmegen Eendracht Combinatie
[3860192] Could not find attributes for arthur masuaku (Beşiktaş Jimnastik Kulübü, 2022)
[3860192] Failed to build match row: Beşiktaş Jimnastik Kulübü vs İstanbul Başakşehir Futbol Kulübü
[3589228] Could not find attributes for jerome boateng (Olympique Lyonnais, 2021)
[3589228] Failed to build match row: Montpellier HSC vs Olympique Lyonnais
[4376746] Could not find attributes for oluwaseun adewumi (Dundee Football Club, 2024)
[4376746] Failed to build match row: Dundee Football Club vs St. Johnstone FC
[4798405] Failed to scrape lineup: https://www.transfermarkt.co.uk/club-atletico-platense_ca-velez-sarsfield/index/spielbericht/4798405
[4430807] Could not find attributes for martin lauritzen (B1913 Odense, 2024)
[4430807] Failed to build match row: B1913 Odense vs Randers Fodbold Club

Keepers & outfield error for **FC Paços de Ferreira** in FC Paços de Ferreira vs Moreirense Futebol Clube: Numbers: 0 and 11.
[3898924] Could not find attributes for shahrudin mahammadaliyev (Qarabağ FK, 2022)
[3621539] Failed to build match row: FC Paços de Ferreira vs Moreirense Futebol Clube
[4649242] Could not find attributes for vyacheslav litvinov (FK Sochi, 2025)
[3898924] Failed to build match row: FC Viktoria Plzeň, a.s. vs Qarabağ FK
[4649242] Failed to build match row: FK Sochi vs FK Dinamo Moskva
Not enough players found for lineup: 0, 0.
[4521543] Could not find attributes for yuya oki (S-Pulse, 2024)
[3655391] Failed to scrape lineup: https://www.transfermarkt.co.uk/spielbericht/index/spielbericht/3655391
[4172306] Could not find attributes for rafa soares (Panthessalonikios Athlitikos Omilos Konstantinoupoliton, 2023)

Keepers & outfield error for **Cádiz CF** in Real Madrid Club de Fútbol vs Cádiz CF: Numbers: 2 and 9.

Keepers & outfield error for **Alanyaspor** in Alanyaspor vs Konyaspor: Numbers: 0 and 11.
[4521543] Failed to build match row: S-Pulse vs Avispa Fukuoka
[3450968] Failed to build match row: Real Madrid Club de Fútbol vs Cádiz CF
[4647958] Failed to build match row: Alanyaspor vs Konyaspor
[4172306] Failed to build match row: Panthessalonikios Athlitikos Omilos Konstantinoupoliton vs HJK Helsinki
[4368066] Failed to scrape lineup: https://www.transfermarkt.co.uk/almere-city-fc_sparta-rotterdam/index/spielbericht/4368066
[4625363] Could not find attributes for davor matijas (HNK Gorica, 2025)
[4620886] Failed to scrape lineup: https://www.transfermarkt.co.uk/ac-milan_genoa-cfc/index/spielbericht/4620886
[3420447] Failed to scrape lineup: https://www.transfermarkt.co.uk/fc-minaj_fc-oleksandriya/index/spielbericht/3420447
[4715138] Failed to scrape lineup: https://www.transfermarkt.co.uk/spielbericht/index/spielbericht/4715138
[4625363] Failed to build match row: HNK Gorica vs HNK Vukovar 1991
[4138012] Could not find attributes for kenan piric (AEK Larnaca, 2023)
[4138012] Failed to build match row: AEK Larnaca vs Torpedo-BelAZ Zhodino
[4642985] Could not find attributes for dominik reiter (Fußballclub Blau-Weiß Linz, 2025)
[4839828] Could not find attributes for beres owusu (Grazer Athletiksport Klub 1902, 2025)
[4642985] Failed to build match row: Fußballclub Blau-Weiß Linz vs RZ Pellets Wolfsberger Athletiksport Club
[4098176] Could not find attributes for kristijan belic (Alkmaar Zaanstreek, 2023)
[4062330] Could not find attributes for yuriy pankiv (FC Rukh Lviv, 2022)

Keepers & outfield error for **1. Fußball- und Sportverein Mainz 05** in 1. Fußball- und Sportverein Mainz 05 vs RasenBallsport Leipzig: Numbers: 2 and 9.
[4120885] Could not find attributes for danny armstrong (Kilmarnock Football Club, 2023)
[4839828] Failed to build match row: Wattener Sportgemeinschaft Swarovski Tirol vs Grazer Athletiksport Klub 1902
[4062330] Failed to build match row: FC Rukh Lviv vs Ingulets Petrove
[4098176] Failed to build match row: Alkmaar Zaanstreek vs Vitesse Arnhem
[3522898] Could not find attributes for yaroslav godzyur (Ural Yekaterinburg, 2020)
[4120885] Failed to build match row: Kilmarnock Football Club vs Saint Mirren Football Club
[3839161] Failed to build match row: 1. Fußball- und Sportverein Mainz 05 vs RasenBallsport Leipzig
[3522898] Failed to build match row: Ural Yekaterinburg vs RFK Akhmat Grozny
[3860193] Could not find attributes for charilaos charisis (Sivasspor, 2022)
[4376747] Could not find attributes for lawrence shankland (Heart of Midlothian Football Club, 2024)
[4376747] Failed to build match row: Hibernian Football Club vs Heart of Midlothian Football Club
[4640777] Could not find attributes for nair tiknizyan (Fudbalski klub Crvena zvezda Beograd, 2025)
[4627524] Could not find attributes for yuto tsunashima (Royal Antwerp Football Club, 2025)
[3589229] Could not find attributes for jemerson (Football Club de Metz, 2021)
[4640777] Failed to build match row: Fudbalski klub Crvena zvezda Beograd vs Železničar Pančevo
[3589229] Failed to build match row: Olympique Gymnaste Club Nice Côte d'Azur vs Football Club de Metz
[4627524] Failed to build match row: Royal Antwerp Football Club vs Yellow-Red Koninklijke Voetbalclub Mechelen
[4550395] Could not find attributes for adrian lahdo (Hammarby IF, 2024)
[3898925] Could not find attributes for joel mvuka (Fotballklubben Bodø/Glimt, 2022)
[4649243] Could not find attributes for rustam yatimov (FK Rostov, 2025)
[3898925] Failed to build match row: GNK Dinamo Zagreb vs Fotballklubben Bodø/Glimt
[4550395] Failed to build match row: Hammarby IF vs Allmänna Idrottsklubben
[4649243] Failed to build match row: FK Rostov vs PFK CSKA Moskva
Not enough players found for lineup: 0, 0.
[3655392] Failed to scrape lineup: https://www.transfermarkt.co.uk/spielbericht/index/spielbericht/3655392
[4373749] Could not find attributes for rani khedira (1. Fußballclub Union Berlin, 2024)
[4373749] Failed to build match row: 1. Fußballclub Union Berlin vs FC Bayern München

Keepers & outfield error for **Valencia Club de Fútbol S. A. D.** in Valencia Club de Fútbol S. A. D. vs Elche Club de Fútbol S.A.D.: Numbers: 2 and 9.
[3420448] Could not find attributes for bogdan sarnavskyi (SC Dnipro-1, 2020)
[3886324] Failed to build match row: Valencia Club de Fútbol S. A. D. vs Elche Club de Fútbol S.A.D.
[4715139] Could not find attributes for lorenzo bernasconi (Atalanta Bergamasca Calcio S.p.a., 2025)
[3420448] Failed to build match row: SC Dnipro-1 vs Olimpik Donetsk
[4715139] Failed to build match row: Atalanta Bergamasca Calcio S.p.a. vs SK Slavia Praha, a.s.
[4172307] Could not find attributes for abdul rahman baba (Panthessalonikios Athlitikos Omilos Konstantinoupoliton, 2023)
[4172307] Failed to build match row: Panthessalonikios Athlitikos Omilos Konstantinoupoliton vs Aberdeen Football Club
[3598078] Failed to scrape lineup: https://www.transfermarkt.co.uk/fc-utrecht_az-alkmaar/index/spielbericht/3598078

Keepers & outfield error for **Football Club de Nantes** in Football Club de Nantes vs Olympique Gymnaste Club Nice Côte d'Azur: Numbers: 2 and 9.
[4363809] Failed to build match row: Football Club de Nantes vs Olympique Gymnaste Club Nice Côte d'Azur
[4692610] Could not find attributes for zlatan alomerovic (AEK Larnaca, 2025)
[4692610] Failed to build match row: AEK Larnaca vs Legia Warszawa Spółka Akcyjna
[3949592] Could not find attributes for adrian crespo (Recreativo Huelva, 2022)
[3949592] Failed to build match row: Recreativo Huelva vs Burgos CF

Keepers & outfield error for **Rio Ave Futebol Clube** in Sport Lisboa e Benfica vs Rio Ave Futebol Clube: Numbers: 2 and 9.
[4109427] Failed to build match row: Sport Lisboa e Benfica vs Rio Ave Futebol Clube
[4640778] Could not find attributes for balsa popovic (Omladinski fudbalski klub Beograd, 2025)
[4521547] Could not find attributes for svend brodersen (Fagiano Okayama Sports Club, 2024)
[3522900] Could not find attributes for yaroslav rakitskyi (AO FK Zenit Sankt-Peterburg, 2020)
[4521547] Failed to build match row: Fagiano Okayama Sports Club vs Kashima Antlers FC
[3522900] Failed to build match row: AO FK Zenit Sankt-Peterburg vs Футбольный клуб "Локомотив" Москва
[4640778] Failed to build match row: Omladinski fudbalski klub Beograd vs Fudbalski Klub Novi Pazar
[4138013] Could not find attributes for didier desprez (F91 Dudelange, 2023)
[4138013] Failed to build match row: F91 Dudelange vs Gzira United FC
[4798406] Could not find attributes for francisco romero (Asociación Atlética Estudiantes, 2025)
[4798406] Failed to build match row: Racing Club Asociación Civil de Avellaneda vs Asociación Atlética Estudiantes
[3898926] Could not find attributes for strahinja erakovic (Fudbalski klub Crvena zvezda Beograd, 2022)
[3898926] Failed to build match row: Fudbalski klub Crvena zvezda Beograd vs Maccabi Haifa
[3433327] Could not find attributes for gabriele zappa (Cagliari Calcio, 2020)
[4368068] Could not find attributes for miliano jonathans (Football Club Utrecht, 2024)
[4649244] Could not find attributes for stanislav agkatsev (FK Krasnodar, 2025)
[3433327] Failed to build match row: Cagliari Calcio vs Società Sportiva Calcio Napoli
[4368068] Failed to build match row: Football Club Twente vs Football Club Utrecht
[4649244] Failed to build match row: FK Krasnodar vs Akron Togliatti
[4472057] Could not find attributes for dino grozdanic (A.G.S Asteras Tripolis, 2024)
[4839829] Could not find attributes for tom ritzy hulsmann (Turn- und Sportverein Egger Glas Hartberg, 2025)
[4839829] Failed to build match row: Turn- und Sportverein Egger Glas Hartberg vs Fußballklub Austria Wien
[4396900] Could not find attributes for andreas ntoi (Rio Ave Futebol Clube, 2024)
[4396900] Failed to build match row: Rio Ave Futebol Clube vs Sporting Clube de Braga
[4620887] Failed to scrape lineup: https://www.transfermarkt.co.uk/ssc-napoli_hellas-verona/index/spielbericht/4620887
[3450969] Failed to scrape lineup: https://www.transfermarkt.co.uk/villarreal-cf_valencia-cf/index/spielbericht/3450969
[3621540] Could not find attributes for osama rashid (FC Vizela, 2021)
[3621540] Failed to build match row: FC Vizela vs Futebol Clube de Famalicão
[4172308] Could not find attributes for niki maenpaa (HJK Helsinki, 2023)
[4172308] Failed to build match row: HJK Helsinki vs Eintracht Frankfurt Fußball AG
[4647960] Could not find attributes for julian cuesta (Antalyaspor, 2025)
[4647960] Failed to build match row: Antalyaspor vs Samsunspor
[4098177] Could not find attributes for mickey van der hart (Sportclub Heerenveen, 2023)
[4098177] Failed to build match row: RKC Waalwijk vs Sportclub Heerenveen
[3598079] Could not find attributes for nick bakker (Sportclub Heerenveen, 2021)
[3598079] Failed to build match row: Sportclub Heerenveen vs Football Club Groningen
[3420449] Failed to scrape lineup: https://www.transfermarkt.co.uk/vorskla-poltava_ingulets-petrove/index/spielbericht/3420449
[4692611] Could not find attributes for soualiho meite (Panthessalonikios Athlitikos Omilos Konstantinoupoliton, 2025)
[4692611] Failed to build match row: Panthessalonikios Athlitikos Omilos Konstantinoupoliton vs RZ Pellets Wolfsberger Athletiksport Club
[4743292] Could not find attributes for jose alonso lara (Orihuela CF, 2025)
[4430808] Could not find attributes for anders hoff (AC Horsens, 2024)
Not enough players found for lineup: 0, 0.
[4743292] Failed to build match row: Orihuela CF vs Levante Unión Deportiva S.A.D.
[4430808] Failed to build match row: AC Horsens vs Viborg Fodsports Forening
[3655393] Failed to scrape lineup: https://www.transfermarkt.co.uk/spielbericht/index/spielbericht/3655393
[4550397] Could not find attributes for oskar agren (Göteborgs Atlet- och Idrottssällskap, 2024)
[4550397] Failed to build match row: Göteborgs Atlet- och Idrottssällskap vs Djurgårdens Idrottsförening
[4640779] Could not find attributes for dragan rosic (Fudbalski Klub Vojvodina, 2025)
[4640779] Failed to build match row: Fudbalski Klub Vojvodina vs Fudbalski klub Čukarički Beograd

Keepers & outfield error for **Association Football Club Bournemouth** in Association Football Club Bournemouth vs Liverpool Football Club: Numbers: 0 and 11.
[4095276] Failed to build match row: Association Football Club Bournemouth vs Liverpool Football Club
[4062331] Could not find attributes for bogdan kogut (NK Veres Rivne, 2022)
[4062331] Failed to build match row: NK Veres Rivne vs FK Kolos Kovalivka
[4376749] Could not find attributes for kieran phillips (Ross County FC, 2024)
[4376749] Failed to build match row: Ross County FC vs Kilmarnock Football Club
[4647961] Could not find attributes for adem arous (Kasımpaşa A.Ş., 2025)
[4647961] Failed to build match row: Kasımpaşa A.Ş. vs Fatih Karagümrük Sportif Faaliyetler San. Tic. A.Ş.

Keepers & outfield error for **Clube Desportivo Santa Clara** in Clube Desportivo Santa Clara vs B SAD: Numbers: 0 and 11.
[3621541] Failed to build match row: Clube Desportivo Santa Clara vs B SAD
[4839830] Could not find attributes for joao tornich (Linzer Athletik-Sport-Klub, 2025)
[4839830] Failed to build match row: Sportklub Rapid vs Linzer Athletik-Sport-Klub
[3420450] Could not find attributes for mykyta shevchenko (FC Zorya Lugansk, 2020)
[3420450] Failed to build match row: FC Zorya Lugansk vs FC Shakhtar Donetsk

Keepers & outfield error for **Girona Fútbol Club S. A. D.** in Girona Fútbol Club S. A. D. vs Cádiz CF: Numbers: 0 and 11.
Not enough players found for lineup: 11, 0.
útbol Club S. A. D. vs Cádiz CF
[3655395] Failed to scrape lineup: https://www.transfermarkt.co.uk/spielbericht/index/spielbericht/3655395
[3603101] Could not find attributes for josh mulligan (Dundee Football Club, 2021)
[3603101] Failed to build match row: The Celtic Football Club vs Dundee Football Club
[4715141] Could not find attributes for sherkhan kalmurza (Kairat Almaty, 2025)
[4715141] Failed to build match row: Kairat Almaty vs Real Madrid Club de Fútbol
[4692612] Could not find attributes for miroslav stevanovic (Servette Football Club 1890 SA, 2025)
[4692612] Failed to build match row: Servette Football Club 1890 SA vs Football Club Utrecht
[4649245] Could not find attributes for sergey pesjakov (PFK Krylya Sovetov Samara, 2025)
[4649245] Failed to build match row: PFK Krylya Sovetov Samara vs FK Sochi
[4368069] Could not find attributes for in beom hwang (Feyenoord Rotterdam, 2024)
[4368069] Failed to build match row: Feyenoord Rotterdam vs Eindhovense Voetbalvereniging Philips Sport Vereniging

Keepers & outfield error for **Wolverhampton Wanderers Football Club** in Tottenham Hotspur Football Club vs Wolverhampton Wanderers Football Club: Numbers: 0 and 11.
[4361508] Failed to build match row: Tottenham Hotspur Football Club vs Wolverhampton Wanderers Football Club
Not enough players found for lineup: 0, 11.
[4430809] Failed to scrape lineup: https://www.transfermarkt.co.uk/spielbericht/index/spielbericht/4430809
[4625364] Failed to scrape lineup: https://www.transfermarkt.co.uk/slaven-belupo-koprivnica_nk-lokomotiva-zagreb/index/spielbericht/4625364
[3613104] Failed to scrape lineup: https://www.transfermarkt.co.uk/caykur-rizespor_giresunspor/index/spielbericht/3613104
[4647962] Could not find attributes for karol linetty (Kocaelispor Kulübü, 2025)
[4647962] Failed to build match row: Kocaelispor Kulübü vs Gaziantep Futbol Kulübü A.Ş.
[3898927] Could not find attributes for goncalo ramos (Sport Lisboa e Benfica, 2022)
[4109428] Could not find attributes for leonardo lelo (Casa Pia Atlético Clube, 2023)
[4109428] Failed to build match row: Casa Pia Atlético Clube vs Futebol Clube de Famalicão
[3898927] Failed to build match row: Sport Lisboa e Benfica vs Futbolniy Klub Dynamo Kyiv
[4172309] Could not find attributes for niki maenpaa (HJK Helsinki, 2023)
[4172309] Failed to build match row: HJK Helsinki vs Panthessalonikios Athlitikos Omilos Konstantinoupoliton
[4550398] Could not find attributes for felix eriksson (Idrottsföreningen Kamraterna Göteborg, 2024)
[4120886] Failed to scrape lineup: https://www.transfermarkt.co.uk/motherwell-fc_celtic-fc/index/spielbericht/4120886
[4550398] Failed to build match row: Idrottsföreningen Kamraterna Göteborg vs Mjällby Almänna Idrottsförening
[3839162] Could not find attributes for dennis geiger (Turn- und Sportgemeinschaft 1899 Hoffenheim Fußball-Spielbetriebs, 2022)
[3839162] Failed to build match row: Turn- und Sportgemeinschaft 1899 Hoffenheim Fußball-Spielbetriebs vs Sportverein Werder Bremen von 1899
[3621542] Could not find attributes for ziga frelih (Gil Vicente Futebol Clube, 2021)
[3621542] Failed to build match row: Gil Vicente Futebol Clube vs CS Marítimo
[4098179] Could not find attributes for kodai sano (Nijmegen Eendracht Combinatie, 2023)
[4098179] Failed to build match row: Nijmegen Eendracht Combinatie vs Eindhovense Voetbalvereniging Philips Sport Vereniging
[4368070] Could not find attributes for terence kongolo (Nooit Opgeven Altijd Doorzetten Aangenaam Door Vermaak En Nuttig Door Ontspanning Combinatie Breda, 2024)
[4368070] Failed to build match row: Fortuna Sittardia Combinatie vs Nooit Opgeven Altijd Doorzetten Aangenaam Door Vermaak En Nuttig Door Ontspanning Combinatie Breda
Not enough players found for lineup: 0, 0.
[3655396] Failed to scrape lineup: https://www.transfermarkt.co.uk/spielbericht/index/spielbericht/3655396
[4363811] Could not find attributes for ayyoub bouaddi (Lille Olympique Sporting Club, 2024)
[4363811] Failed to build match row: Association sportive de Monaco Football Club vs Lille Olympique Sporting Club
[3949593] Failed to scrape lineup: https://www.transfermarkt.co.uk/spielbericht/index/spielbericht/3949593
[4640780] Could not find attributes for nikola simic (Fudbalski klub TSC Bačka Topola, 2025)
[4138023] Could not find attributes for andriy markovych (FC Santa Coloma, 2023)
[4640780] Failed to build match row: Fudbalski klub TSC Bačka Topola vs Fudbalski Klub Mladost Lučani
[3522901] Failed to scrape lineup: https://www.transfermarkt.co.uk/fc-rostov_pfk-tambov/index/spielbericht/3522901
[4138023] Failed to build match row: FC Santa Coloma vs FK Sutjeska Niksic
[4062332] Could not find attributes for oleksandr saputin (FC Zorya Lugansk, 2022)
[4062332] Failed to build match row: FC Zorya Lugansk vs TOV FK Metalist 1925 Kharkiv
[4647963] Could not find attributes for wagner pina (Trabzonspor Kulübü, 2025)
[4647963] Failed to build match row: Trabzonspor Kulübü vs Fenerbahçe Spor Kulübü
[4098180] Could not find attributes for robin propper (Football Club Twente, 2023)
[4098180] Failed to build match row: Football Club Twente vs Heracles Almelo
[3613105] Could not find attributes for ryan donk (Kasımpaşa A.Ş., 2021)
[3613105] Failed to build match row: Göztepe Sportif Yatırımlar A.Ş. vs Kasımpaşa A.Ş.
[3603102] Could not find attributes for ross graham (Dundee United Football Club, 2021)
[3433328] Failed to scrape lineup: https://www.transfermarkt.co.uk/acf-fiorentina_bologna-fc-1909/index/spielbericht/3433328
[3603102] Failed to build match row: Dundee United Football Club vs Rangers Football Club
[4472348] Failed to scrape lineup: https://www.transfermarkt.co.uk/spielbericht/index/spielbericht/4472348
[4363812] Could not find attributes for yunis abdelhamid (AS Saint-Étienne, 2024)
[4363812] Failed to build match row: AS Saint-Étienne vs Racing Club de Lens
[3427061] Could not find attributes for zvonimir sarlija (MKE Ankaragücü, 2020)
[3427061] Failed to build match row: MKE Ankaragücü vs Galatasaray Spor Kulübü
[4408485] Could not find attributes for nikita kokarev (FC Khimki (-2025), 2024)
[4408485] Failed to build match row: FC Khimki (-2025) vs FK Dinamo Moskva
Not enough players found for lineup: 0, 11.
[3621543] Could not find attributes for raul silva (Grupo Desportivo Estoril Praia, 2021)
[3621543] Failed to build match row: Sport Lisboa e Benfica vs Grupo Desportivo Estoril Praia
[4430810] Failed to scrape lineup: https://www.transfermarkt.co.uk/spielbericht/index/spielbericht/4430810
[4095277] Failed to scrape lineup: https://www.transfermarkt.co.uk/arsenal-fc_crystal-palace/index/spielbericht/4095277
[3949594] Could not find attributes for koldo berasaluze (Gernika Club, 2022)
[3949594] Failed to build match row: Gernika Club vs CD Leganés

Keepers & outfield error for **Everton Football Club** in Everton Football Club vs Crystal Palace Football Club: Numbers: 0 and 11.
[4259463] Failed to build match row: Everton Football Club vs Crystal Palace Football Club
[3464286] Could not find attributes for ilya lantratov (FC Khimki (-2025), 2020)
[3464286] Failed to build match row: FC Khimki (-2025) vs FC Rubin Kazan
[4715144] Could not find attributes for temirlan anarbekov (Kairat Almaty, 2025)
[4550399] Could not find attributes for adrian svanback (BK Häcken, 2024)
[4715144] Failed to build match row: Kairat Almaty vs Pafos FC
[4550399] Failed to build match row: BK Häcken vs IK Sirius
[4642987] Could not find attributes for beres owusu (Grazer Athletiksport Klub 1902, 2025)
[4642987] Failed to build match row: Grazer Athletiksport Klub 1902 vs Fußballclub Red Bull Salzburg
[3886327] Failed to scrape lineup: https://www.transfermarkt.co.uk/villarreal-cf_ca-osasuna/index/spielbericht/3886327
[4625365] Could not find attributes for nikola curcija (NK Osijek s.d.d., 2025)
[3420451] Failed to scrape lineup: https://www.transfermarkt.co.uk/dynamo-kyiv_pfc-lviv/index/spielbericht/3420451
[3729269] Could not find attributes for connor stevens (Boreham Wood FC, 2021)
[4625365] Failed to build match row: NK Osijek s.d.d. vs HNK Hajduk Split
[3729269] Failed to build match row: Association Football Club Bournemouth vs Boreham Wood FC
[4692613] Failed to scrape lineup: https://www.transfermarkt.co.uk/spielbericht/index/spielbericht/4692613
[4120887] Could not find attributes for cyriel dessers (Rangers Football Club, 2023)
[4361509] Failed to scrape lineup: https://www.transfermarkt.co.uk/west-ham-united_liverpool-fc/index/spielbericht/4361509
[4120887] Failed to build match row: Rangers Football Club vs Aberdeen Football Club
[3427062] Could not find attributes for robin yalcin (Sivasspor, 2020)
[3427062] Failed to build match row: Sivasspor vs Hatayspor
[4373750] Failed to scrape lineup: https://www.transfermarkt.co.uk/vfl-bochum_eintracht-frankfurt/index/spielbericht/4373750
[4408486] Could not find attributes for aleksandr maksimenko (FK Spartak Moskva, 2024)
[4408486] Failed to build match row: FK Spartak Moskva vs AO FK Zenit Sankt-Peterburg
[4109429] Failed to scrape lineup: https://www.transfermarkt.co.uk/vitoria-guimaraes-sc_gd-chaves/index/spielbericht/4109429
[4172310] Failed to scrape lineup: https://www.transfermarkt.co.uk/spielbericht/index/spielbericht/4172310
[4430811] Could not find attributes for anders sonderby (Vejgaard B, 2024)
[4430811] Failed to build match row: Vejgaard B vs Esbjerg fB
[4625366] Could not find attributes for martin zlomislic (Hrvatski Nogometni Klub Rijeka, 2025)
[4625366] Failed to build match row: Hrvatski Nogometni Klub Rijeka vs NK Varazdin
[3464287] Could not find attributes for bakhtiyor zaynutdinov (PFK CSKA Moskva, 2020)
[4649247] Failed to scrape lineup: https://www.transfermarkt.co.uk/akhmat-grozny_lokomotiv-moscow/index/spielbericht/4649247
[3464287] Failed to build match row: PFK CSKA Moskva vs FK Rostov
[4368071] Failed to scrape lineup: https://www.transfermarkt.co.uk/pec-zwolle_go-ahead-eagles/index/spielbericht/4368071
[4715145] Could not find attributes for neofytos michail (Pafos FC, 2025)
[4715145] Failed to build match row: Pafos FC vs Villarreal Club de Fútbol S.A.D.
[4408487] Could not find attributes for rustam yatimov (FK Rostov, 2024)
[4408487] Failed to build match row: FK Rostov vs FK Krasnodar
[3427063] Could not find attributes for anton maglica (Kayserispor Kulübü, 2020)
[4839832] Failed to scrape lineup: https://www.transfermarkt.co.uk/wsg-tirol_wolfsberger-ac/index/spielbericht/4839832
[3427063] Failed to build match row: Kayserispor Kulübü vs Çaykur Rizespor Kulübü

Keepers & outfield error for **Portimonense SC** in Portimonense SC vs Grupo Desportivo Estoril Praia: Numbers: 0 and 11.
[4109430] Failed to build match row: Portimonense SC vs Grupo Desportivo Estoril Praia
[4172311] Could not find attributes for duktm (Aberdeen Football Club, 2023)
[4172311] Failed to build match row: Aberdeen Football Club vs Eintracht Frankfurt Fußball AG
[4550400] Could not find attributes for abdoulie tamba (IFK Norrköping, 2024)
[4550400] Failed to build match row: IFK Norrköping vs Malmö Fotbollförening
[3621544] Could not find attributes for nino galovic (Futebol Clube de Arouca, 2021)
[3621544] Failed to build match row: Clube Desportivo de Tondela vs Futebol Clube de Arouca
[4692614] Could not find attributes for filip djuricic (Panathinaikos Athlitikos Omilos, 2025)
[4692614] Failed to build match row: Panathinaikos Athlitikos Omilos vs FC Shakhtar Donetsk

Keepers & outfield error for **Real Betis Balompié S.A.D.** in Real Betis Balompié S.A.D. vs UD Almería: Numbers: 0 and 11.
Not enough players found for lineup: 0, 11.
[3886328] Failed to build match row: Real Betis Balompié S.A.D. vs UD Almería
[4430812] Failed to scrape lineup: https://www.transfermarkt.co.uk/spielbericht/index/spielbericht/4430812
[4647964] Failed to scrape lineup: https://www.transfermarkt.co.uk/genclerbirligi-ankara_caykur-rizespor/index/spielbericht/4647964
[4640781] Failed to scrape lineup: https://www.transfermarkt.co.uk/fk-javor-matis-ivanjica_fk-radnicki-1923-kragujevac/index/spielbericht/4640781
[4376752] Failed to scrape lineup: https://www.transfermarkt.co.uk/dundee-united-fc_st-johnstone-fc/index/spielbericht/4376752
[3420452] Could not find attributes for volodymyr krynskyi (Ingulets Petrove, 2020)
[4062341] Failed to scrape lineup: https://www.transfermarkt.co.uk/ingulets-petrove_shakhtar-donetsk/index/spielbericht/4062341
[4138024] Failed to scrape lineup: https://www.transfermarkt.co.uk/spielbericht/index/spielbericht/4138024
[3613106] Failed to scrape lineup: https://www.transfermarkt.co.uk/konyaspor_galatasaray/index/spielbericht/3613106
[3464288] Could not find attributes for mikhail kerzhakov (AO FK Zenit Sankt-Peterburg, 2020)
[3522902] Failed to scrape lineup: https://www.transfermarkt.co.uk/fc-krasnodar_fc-sochi/index/spielbericht/3522902
[3464288] Failed to build match row: AO FK Zenit Sankt-Peterburg vs FK Krasnodar
[4798407] Failed to scrape lineup: https://www.transfermarkt.co.uk/ca-river-plate_ca-sarmiento-junin-/index/spielbericht/4798407
[3420452] Failed to build match row: Ingulets Petrove vs Desna Chernigiv
[3598080] Failed to scrape lineup: https://www.transfermarkt.co.uk/sc-cambuur-leeuwarden_nec-nijmegen/index/spielbericht/3598080
[3844916] Failed to scrape lineup: https://www.transfermarkt.co.uk/bologna-fc-1909_us-cremonese/index/spielbericht/3844916
[3603104] Could not find attributes for stephane omeonga (Livingston Football Club, 2021)
[3603104] Failed to build match row: Livingston Football Club vs Saint Mirren Football Club
[4743293] Could not find attributes for manu molina (Ciudad Lucena, 2025)
[4743293] Failed to build match row: Ciudad Lucena vs Villarreal Club de Fútbol S.A.D.
[4642988] Could not find attributes for gizo mamageishvili (Sportklub Puntigamer Sturm Graz, 2025)
[4642988] Failed to build match row: Sportklub Puntigamer Sturm Graz vs Fußballclub Blau-Weiß Linz
[3729270] Could not find attributes for jamal blackman (Huddersfield Town, 2021)
[3729270] Failed to build match row: Huddersfield Town vs Barnsley FC
[4363813] Failed to scrape lineup: https://www.transfermarkt.co.uk/stade-brestois-29_stade-rennais-fc/index/spielbericht/4363813
[3655447] Could not find attributes for georgiy klimov (Girnyk-Sport Gorishni Plavni, 2021)

Keepers & outfield error for **Rio Ave Futebol Clube** in Rio Ave Futebol Clube vs SC Farense: Numbers: 2 and 9.
[3655447] Failed to build match row: Girnyk-Sport Gorishni Plavni vs PFK Lviv
[4109431] Failed to build match row: Rio Ave Futebol Clube vs SC Farense

Keepers & outfield error for **Paris Saint-Germain Football Club** in AS Saint-Étienne vs Paris Saint-Germain Football Club: Numbers: 2 and 9.
[3589231] Failed to build match row: AS Saint-Étienne vs Paris Saint-Germain Football Club
[4649248] Could not find attributes for evgeniy staver (FC Rubin Kazan, 2025)
[4649248] Failed to build match row: FC Rubin Kazan vs Dinamo Makhachkala
[4627538] Failed to scrape lineup: https://www.transfermarkt.co.uk/cercle-brugge-_sint-truidense-vv/index/spielbericht/4627538
[3899237] Failed to scrape lineup: https://www.transfermarkt.co.uk/spielbericht/index/spielbericht/3899237
Not enough players found for lineup: 0, 11.
[4430813] Failed to scrape lineup: https://www.transfermarkt.co.uk/spielbericht/index/spielbericht/4430813

Keepers & outfield error for **Futebol Clube do Porto** in Moreirense Futebol Clube vs Futebol Clube do Porto: Numbers: 0 and 11.
[3621545] Failed to build match row: Moreirense Futebol Clube vs Futebol Clube do Porto
[4620889] Could not find attributes for francesco coppola (Pisa Sporting Club, 2025)
[4620889] Failed to build match row: Pisa Sporting Club vs Calcio Como
[4640782] Could not find attributes for lazar balevic (Fudbalski klub Napredak Kruševac, 2025)
[4640782] Failed to build match row: Fudbalski klub Napredak Kruševac vs Fudbalski Klub Partizan Beograd
[4839833] Could not find attributes for beres owusu (Grazer Athletiksport Klub 1902, 2025)
[3949595] Failed to scrape lineup: https://www.transfermarkt.co.uk/spielbericht/index/spielbericht/3949595
[4839833] Failed to build match row: Grazer Athletiksport Klub 1902 vs Fußballclub Blau-Weiß Linz
[4625385] Could not find attributes for oliver zelenika (NK Varazdin, 2025)
[3420453] Could not find attributes for oleksandr bandura (FC Rukh Lviv, 2020)
[4625385] Failed to build match row: NK Varazdin vs GNK Dinamo Zagreb
[3420453] Failed to build match row: FC Rukh Lviv vs FK Kolos Kovalivka

Keepers & outfield error for **Rayo Vallecano de Madrid S. A. D.** in Club Atlético de Madrid S.A.D. vs Rayo Vallecano de Madrid S. A. D.: Numbers: 2 and 9.
[3886329] Failed to build match row: Club Atlético de Madrid S.A.D. vs Rayo Vallecano de Madrid S. A. D.
[4062342] Could not find attributes for maksym dyachuk (Futbolniy Klub Dynamo Kyiv, 2022)
[4062342] Failed to build match row: Futbolniy Klub Dynamo Kyiv vs Chornomorets Odesa
[4627539] Could not find attributes for moncef zekri (Yellow-Red Koninklijke Voetbalclub Mechelen, 2025)
[4627539] Failed to build match row: Yellow-Red Koninklijke Voetbalclub Mechelen vs RAAL La Louvière
[4649249] Could not find attributes for nikita medvedev (FK Nizhny Novgorod, 2025)
[4649249] Failed to build match row: FK Nizhny Novgorod vs FC Orenburg
[4692615] Could not find attributes for ognjen cancarevic (FC Noah Yerevan, 2025)
[3839167] Could not find attributes for michael gregoritsch (Sport-Club Freiburg, 2022)
[4396901] Failed to scrape lineup: https://www.transfermarkt.co.uk/gil-vicente-fc_sl-benfica/index/spielbericht/4396901
[4692615] Failed to build match row: FC Noah Yerevan vs Lincoln Red Imps FC
[3839167] Failed to build match row: Hertha BSC vs Sport-Club Freiburg
[4642989] Could not find attributes for joao tornich (Linzer Athletik-Sport-Klub, 2025)
[4642989] Failed to build match row: Linzer Athletik-Sport-Klub vs Fußballclub Red Bull Salzburg
[4361510] Failed to scrape lineup: https://www.transfermarkt.co.uk/afc-bournemouth_everton-fc/index/spielbericht/4361510

Keepers & outfield error for **Boavista FC** in Boavista FC vs Sport Lisboa e Benfica: Numbers: 2 and 9.
[3621546] Failed to build match row: Boavista FC vs Sport Lisboa e Benfica

Keepers & outfield error for **Club Atlético Aldosivi** in Club Atlético Aldosivi vs Club Atlético Huracán: Numbers: 0 and 11.
[4798408] Failed to build match row: Club Atlético Aldosivi vs Club Atlético Huracán
[3899270] Could not find attributes for hector yuste (Omonia Nicosia, 2022)
[3899270] Failed to build match row: Koninklijke Atletiek Associatie Gent vs Omonia Nicosia
[3598081] Could not find attributes for joeri de kamps (Sparta Rotterdam, 2021)
[3464289] Could not find attributes for roman evgenjev (FK Dinamo Moskva, 2020)
[4363814] Failed to scrape lineup: https://www.transfermarkt.co.uk/paris-saint-germain_rc-strasbourg-alsace/index/spielbericht/4363814
[3598081] Failed to build match row: Sparta Rotterdam vs Willem II Tilburg
[3464289] Failed to build match row: FK Dinamo Moskva vs Футбольный клуб "Локомотив" Москва
[3522903] Could not find attributes for aleksandr belenov (FK Ufa, 2020)
[3522903] Failed to build match row: PFK CSKA Moskva vs FK Ufa

Keepers & outfield error for **Motherwell Football Club** in Motherwell Football Club vs Aberdeen Football Club: Numbers: 0 and 11.
[3655616] Could not find attributes for henrik lindhard (Brabrand IF, 2021)
[3655616] Failed to build match row: Brabrand IF vs Kolding IF
[3603105] Failed to build match row: Motherwell Football Club vs Aberdeen Football Club
[4109432] Could not find attributes for ze carlos (Gil Vicente Futebol Clube, 2023)
[4109432] Failed to build match row: Gil Vicente Futebol Clube vs Sporting Clube de Braga

Keepers & outfield error for **Villarreal Club de Fútbol S.A.D.** in Futbol Club Barcelona vs Villarreal Club de Fútbol S.A.D.: Numbers: 2 and 9.
[3886330] Failed to build match row: Futbol Club Barcelona vs Villarreal Club de Fútbol S.A.D.
[4120889] Could not find attributes for sven sprangler (St. Johnstone FC, 2023)
[4627540] Could not find attributes for seiji kimura (Koninklijke Voetbal Club Westerlo, 2025)
[4120889] Failed to build match row: St. Johnstone FC vs Livingston Football Club
[4627540] Failed to build match row: Koninklijke Voetbal Club Westerlo vs Royal Antwerp Football Club
[4368072] Failed to scrape lineup: https://www.transfermarkt.co.uk/rkc-waalwijk_sc-heerenveen/index/spielbericht/4368072
[4649250] Could not find attributes for maksim borisko (FK Baltika, 2025)
[4649250] Failed to build match row: FK Baltika vs AO FK Zenit Sankt-Peterburg
[4472349] Could not find attributes for kiko carmona (UD San Pedro, 2024)
[4472349] Failed to build match row: UD San Pedro vs Celta
[4062343] Could not find attributes for daniil yermolov (Metalist Kharkiv, 2022)
[4062343] Failed to build match row: Metalist Kharkiv vs FC Zorya Lugansk
[3427064] Failed to scrape lineup: https://www.transfermarkt.co.uk/alanyaspor_goztepe/index/spielbericht/3427064
[4408488] Failed to scrape lineup: https://www.transfermarkt.co.uk/lokomotiv-moscow_dynamo-moscow/index/spielbericht/4408488
[3613107] Could not find attributes for cenk gonen (Kayserispor Kulübü, 2021)
[3613107] Failed to build match row: Kayserispor Kulübü vs Alanyaspor
[4376754] Could not find attributes for tawanda maswanhise (Motherwell Football Club, 2024)
[4376754] Failed to build match row: Motherwell Football Club vs Heart of Midlothian Football Club
[4647965] Could not find attributes for filip krastev (Göztepe Sportif Yatırımlar A.Ş., 2025)
[4647965] Failed to build match row: Göztepe Sportif Yatırımlar A.Ş. vs Kayserispor Kulübü
[4261021] Could not find attributes for christos mandas (Società Sportiva Lazio S.p.A., 2023)
[4261021] Failed to build match row: Juventus Football Club vs Società Sportiva Lazio S.p.A.
[4172312] Could not find attributes for rafa soares (Panthessalonikios Athlitikos Omilos Konstantinoupoliton, 2023)
[4550403] Could not find attributes for etrit berisha (BK Häcken, 2024)
[4550403] Failed to build match row: Allmänna Idrottsklubben vs BK Häcken
[4172312] Failed to build match row: Aberdeen Football Club vs Panthessalonikios Athlitikos Omilos Konstantinoupoliton
[4692616] Could not find attributes for martin zlomislic (Hrvatski Nogometni Klub Rijeka, 2025)
[4692616] Failed to build match row: Shelbourne FC vs Hrvatski Nogometni Klub Rijeka
[3464290] Could not find attributes for anton shunin (FK Dinamo Moskva, 2020)
[3464290] Failed to build match row: FK Spartak Moskva vs FK Dinamo Moskva
[4798409] Could not find attributes for ezequiel ham (Club Atlético Tucumán, 2025)
[4798409] Failed to build match row: Club Atlético Barracas Central vs Club Atlético Tucumán
[4373761] Failed to scrape lineup: https://www.transfermarkt.co.uk/bayer-04-leverkusen_vfl-bochum/index/spielbericht/4373761
[4120890] Could not find attributes for duktm (Aberdeen Football Club, 2023)
[4120890] Failed to build match row: Aberdeen Football Club vs St. Johnstone FC
[3839177] Could not find attributes for michael gregoritsch (Sport-Club Freiburg, 2022)
[4620891] Could not find attributes for jesper karlstrom (Udinese Calcio, 2025)
[4649251] Could not find attributes for aleksandr maksimenko (FK Spartak Moskva, 2025)
[4620891] Failed to build match row: Torino Calcio vs Udinese Calcio
Freiburg
[4649251] Failed to build match row: FK Spartak Moskva vs FK Rostov
[4521549] Could not find attributes for naoki hayashi (Tokyo Verdy, 2024)
[4521549] Failed to build match row: Tokyo Verdy vs Tokyo Football Club
[4368073] Could not find attributes for suf podgoreanu (Heracles Almelo, 2024)
[4368073] Failed to build match row: Willem II Tilburg vs Heracles Almelo
[4363816] Could not find attributes for adrien thomasson (Racing Club de Lens, 2024)
[4363816] Failed to build match row: Racing Club de Lens vs Lille Olympique Sporting Club
[3598082] Could not find attributes for aaron meijers (Sparta Rotterdam, 2021)
[3522904] Could not find attributes for yuriy dyupin (FC Rubin Kazan, 2020)
[3598082] Failed to build match row: Sparta Rotterdam vs Alkmaar Zaanstreek
[3522904] Failed to build match row: FC Rubin Kazan vs FK Dinamo Moskva
[4062344] Could not find attributes for oleksandr bandura (FC Minaj, 2022)
[4062344] Failed to build match row: FC Minaj vs SC Dnipro-1
[4743294] Could not find attributes for bruno herrera (CD Roda, 2025)
[4743294] Failed to build match row: CD Roda vs Granada CF
[3420454] Failed to scrape lineup: https://www.transfermarkt.co.uk/fc-oleksandriya_vorskla-poltava/index/spielbericht/3420454
[4798410] Could not find attributes for alexis steimbach (Club de Gimnasia y Esgrima La Plata, 2025)
[4798410] Failed to build match row: Club de Gimnasia y Esgrima La Plata vs Club Sportivo Independiente Rivadavia
[4550405] Could not find attributes for ezekiel alladoh (Idrottsföreningen  Brommapojkarna, 2024)
[4839834] Failed to scrape lineup: https://www.transfermarkt.co.uk/lask_austria-vienna/index/spielbericht/4839834
[4625386] Failed to scrape lineup: https://www.transfermarkt.co.uk/hnk-hajduk-split_hnk-rijeka/index/spielbericht/4625386
[4640783] Failed to scrape lineup: https://www.transfermarkt.co.uk/fk-imt-belgrad_fk-zeleznicar-pancevo/index/spielbericht/4640783
[4550405] Failed to build match row: Idrottsföreningen  Brommapojkarna vs Göteborgs Atlet- och Idrottssällskap
[3427065] Could not find attributes for kevin varga (Kasımpaşa A.Ş., 2020)
[4715147] Failed to scrape lineup: https://www.transfermarkt.co.uk/spielbericht/index/spielbericht/4715147
[3427065] Failed to build match row: Kasımpaşa A.Ş. vs Trabzonspor Kulübü
[4172313] Could not find attributes for duktm (Aberdeen Football Club, 2023)
[4172313] Failed to build match row: Aberdeen Football Club vs HJK Helsinki
[4120891] Could not find attributes for liam scales (The Celtic Football Club, 2023)
[4120891] Failed to build match row: The Celtic Football Club vs Kilmarnock Football Club
[4649252] Could not find attributes for sergey pesjakov (PFK Krylya Sovetov Samara, 2025)
[4649252] Failed to build match row: PFK Krylya Sovetov Samara vs FC Orenburg
[3522905] Could not find attributes for egor shamov (Arsenal Tula, 2020)
[3598083] Could not find attributes for thom haye (Sportclub Heerenveen, 2021)
[3522905] Failed to build match row: Arsenal Tula vs FK Spartak Moskva
[3598083] Failed to build match row: Vitesse Arnhem vs Sportclub Heerenveen

Keepers & outfield error for **Sevilla Fútbol Club S.A.D.** in Sevilla Fútbol Club S.A.D. vs Valencia Club de Fútbol S. A. D.: Numbers: 2 and 9.
[3886332] Failed to build match row: Sevilla Fútbol Club S.A.D. vs Valencia Club de Fútbol S. A. D.
[4620892] Could not find attributes for lorenzo bernasconi (Atalanta Bergamasca Calcio S.p.a., 2025)
[4642990] Failed to scrape lineup: https://www.transfermarkt.co.uk/rapid-vienna_wolfsberger-ac/index/spielbericht/4642990
[4620892] Failed to build match row: Atalanta Bergamasca Calcio S.p.a. vs Torino Calcio
[4625387] Could not find attributes for tino jukic (NK Lokomotiva Zagreb, 2025)
[4625387] Failed to build match row: NK Lokomotiva Zagreb vs NK Osijek s.d.d.
[4396902] Failed to scrape lineup: https://www.transfermarkt.co.uk/vitoria-guimaraes-sc_casa-pia-ac/index/spielbericht/4396902

Keepers & outfield error for **Futbol Club Barcelona** in Futbol Club Barcelona vs Real Madrid Club de Fútbol: Numbers: 0 and 11.

Keepers & outfield error for **Futebol Clube do Porto** in FC Vizela vs Futebol Clube do Porto: Numbers: 0 and 11.
[3450971] Failed to build match row: Futbol Club Barcelona vs Real Madrid Club de Fútbol
[4109434] Failed to build match row: FC Vizela vs Futebol Clube do Porto
[4098181] Could not find attributes for metinho (Sparta Rotterdam, 2023)
[4098181] Failed to build match row: Sparta Rotterdam vs Fortuna Sittardia Combinatie
[4550406] Could not find attributes for ivan kricak (Östers IF, 2024)
[4550406] Failed to build match row: Östers IF vs Degerfors IF

Keepers & outfield error for **Fenerbahçe Spor Kulübü** in Fenerbahçe Spor Kulübü vs Antalyaspor: Numbers: 2 and 9.
[3427066] Failed to build match row: Fenerbahçe Spor Kulübü vs Antalyaspor
[4172314] Could not find attributes for simon sluga (Ludogorets Razgrad, 2023)
[4172314] Failed to build match row: Fenerbahçe Spor Kulübü vs Ludogorets Razgrad
[4062345] Could not find attributes for oleksandr rybka (PFK Lviv, 2022)
[3621547] Failed to scrape lineup: https://www.transfermarkt.co.uk/cd-tondela_sc-braga/index/spielbericht/3621547
[4062345] Failed to build match row: PFK Lviv vs Vorskla Poltava
[3420455] Could not find attributes for bogdan sarnavskyi (SC Dnipro-1, 2020)
[3420455] Failed to build match row: SC Dnipro-1 vs FK Mariupol
[3844918] Failed to scrape lineup: https://www.transfermarkt.co.uk/hellas-verona_us-lecce/index/spielbericht/3844918
[3464291] Could not find attributes for evgeniy gorodov (FK Krasnodar, 2020)
[3464291] Failed to build match row: FK Krasnodar vs PFK Tambov (-2021)
[3899381] Failed to scrape lineup: https://www.transfermarkt.co.uk/spielbericht/index/spielbericht/3899381
[3655617] Failed to scrape lineup: https://www.transfermarkt.co.uk/spielbericht/index/spielbericht/3655617
[3603106] Could not find attributes for tony gallacher (St. Johnstone FC, 2021)
[3603106] Failed to build match row: St. Johnstone FC vs Heart of Midlothian Football Club
[4743295] Could not find attributes for david guerrero (CD Cieza, 2025)
[4743295] Failed to build match row: CD Cieza vs Córdoba CF
[4472350] Could not find attributes for alejandro puente (Ontiñena CF, 2024)
[4472350] Failed to build match row: Ontiñena CF vs UD Las Palmas
[4642991] Could not find attributes for tom ritzy hulsmann (Turn- und Sportverein Egger Glas Hartberg, 2025)
[4642991] Failed to build match row: Turn- und Sportverein Egger Glas Hartberg vs Grazer Athletiksport Klub 1902

Keepers & outfield error for **UD Almería** in UD Almería vs Girona Fútbol Club S. A. D.: Numbers: 0 and 11.
[3886333] Failed to build match row: UD Almería vs Girona Fútbol Club S. A. D.
[4649253] Could not find attributes for kurban rasulov (FK Dinamo Moskva, 2025)
[4649253] Failed to build match row: FK Dinamo Moskva vs RFK Akhmat Grozny
[3621548] Could not find attributes for china (CS Marítimo, 2021)
[3621548] Failed to build match row: CS Marítimo vs Futebol Clube de Famalicão
[4062346] Could not find attributes for yevgen volynets (FK Kolos Kovalivka, 2022)
[4062346] Failed to build match row: FK Kolos Kovalivka vs FC Oleksandriya
[3949596] Could not find attributes for manu martin (CD Diocesano, 2022)
[3949596] Failed to build match row: CD Diocesano vs Real Zaragoza
arma-calcio-1913_torino-fc/index/spielbericht/3433332
[3464292] Could not find attributes for vitaliy gudiev (RFK Akhmat Grozny, 2020)
[4361512] Failed to scrape lineup: https://www.transfermarkt.co.uk/brighton-amp-hove-albion_arsenal-fc/index/spielbericht/4361512
[3464292] Failed to build match row: RFK Akhmat Grozny vs AO FK Zenit Sankt-Peterburg
[3589259] Could not find attributes for jerome boateng (Olympique Lyonnais, 2021)
[3729273] Could not find attributes for thierry small (Southampton FC, 2021)
[3589259] Failed to build match row: Olympique Lyonnais vs Stade Reims

Keepers & outfield error for **Cádiz CF** in Cádiz CF vs Villarreal Club de Fútbol S.A.D.: Numbers: 2 and 9.
[3613108] Failed to scrape lineup: https://www.transfermarkt.co.uk/antalyaspor_sivasspor/index/spielbericht/3613108
[4408489] Failed to scrape lineup: https://www.transfermarkt.co.uk/rubin-kazan_fc-pari-nizhniy-novgorod/index/spielbericht/4408489
[3729273] Failed to build match row: Southampton FC vs Coventry City
[3450972] Failed to build match row: Cádiz CF vs Villarreal Club de Fútbol S.A.D.
[4396903] Could not find attributes for jeremy livolant (Casa Pia Atlético Clube, 2024)
[4396903] Failed to build match row: Casa Pia Atlético Clube vs Gil Vicente Futebol Clube
[4647966] Failed to scrape lineup: https://www.transfermarkt.co.uk/fenerbahce_kasimpasa/index/spielbericht/4647966
[4172315] Could not find attributes for dominik takac (Spartak Trnava, 2023)
[4172315] Failed to build match row: Fenerbahçe Spor Kulübü vs Spartak Trnava
[4625388] Could not find attributes for denis pintol (HNK Vukovar 1991, 2025)
[4625388] Failed to build match row: HNK Vukovar 1991 vs NK Slaven Belupo Koprivnica
[4550407] Could not find attributes for adrian lahdo (Hammarby IF, 2024)
[4261022] Failed to scrape lineup: https://www.transfermarkt.co.uk/spielbericht/index/spielbericht/4261022
[4550407] Failed to build match row: Malmö Fotbollförening vs Hammarby IF

Keepers & outfield error for **Olympique Lyonnais** in Olympique Lyonnais vs Association de la Jeunesse auxerroise: Numbers: 0 and 11.
[3420456] Could not find attributes for artem kychak (Olimpik Donetsk, 2020)
[3420456] Failed to build match row: Olimpik Donetsk vs FC Minaj
tion de la Jeunesse auxerroise
[4692617] Failed to scrape lineup: https://www.transfermarkt.co.uk/spielbericht/index/spielbericht/4692617

Keepers & outfield error for **Fortuna Sittardia Combinatie** in Fortuna Sittardia Combinatie vs Go Ahead Eagles: Numbers: 2 and 9.
[4098182] Failed to build match row: Fortuna Sittardia Combinatie vs Go Ahead Eagles
[3899382] Could not find attributes for simon sluga (Ludogorets Razgrad, 2022)
[3899382] Failed to build match row: Ludogorets Razgrad vs FK Zalgiris Vilnius
 2022)
[4062347] Failed to build match row: FK Kryvbas Kryvyi Rig vs FC Rukh Lviv
[3655618] Could not find attributes for oliver borner (Akademisk Boldklub, 2021)
[3655618] Failed to build match row: Akademisk Boldklub vs Fodbold Club Fredericia
[4095280] Failed to scrape lineup: https://www.transfermarkt.co.uk/burnley-fc_luton-town/index/spielbericht/4095280
[4521550] Failed to scrape lineup: https://www.transfermarkt.co.uk/kawasaki-frontale_shonan-bellmare/index/spielbericht/4521550
[4649254] Could not find attributes for anton mitryushkin (Футбольный клуб "Локомотив" Москва, 2025)
[4649254] Failed to build match row: Футбольный клуб "Локомотив" Москва vs PFK CSKA Moskva
[4368074] Failed to scrape lineup: https://www.transfermarkt.co.uk/ajax-amsterdam_fc-twente-enschede/index/spielbericht/4368074
[4839835] Could not find attributes for tom ritzy hulsmann (Turn- und Sportverein Egger Glas Hartberg, 2025)
[4839835] Failed to build match row: Turn- und Sportverein Egger Glas Hartberg vs Fußballclub Red Bull Salzburg

Keepers & outfield error for **Atalanta Bergamasca Calcio S.p.a.** in Juventus Football Club vs Atalanta Bergamasca Calcio S.p.a.: Numbers: 2 and 9.
[3844920] Failed to build match row: Juventus Football Club vs Atalanta Bergamasca Calcio S.p.a.

Keepers & outfield error for **Club Atlético Rosario Central** in Club Atlético Rosario Central vs Club Atlético Banfield: Numbers: 2 and 9.
[4798411] Failed to build match row: Club Atlético Rosario Central vs Club Atlético Banfield
[4625389] Could not find attributes for franko kolic (NK Istra 1961, 2025)

Keepers & outfield error for **Gil Vicente Futebol Clube** in Gil Vicente Futebol Clube vs B SAD: Numbers: 0 and 11.
[4625389] Failed to build match row: NK Istra 1961 vs HNK Gorica
[3621549] Failed to build match row: Gil Vicente Futebol Clube vs B SAD
[4550408] Could not find attributes for abdullah iqbal (Mjällby Almänna Idrottsförening, 2024)
[4261503] Could not find attributes for eray ozbek (Kayserispor Kulübü, 2023)
[4550408] Failed to build match row: Mjällby Almänna Idrottsförening vs IFK Norrköping
[4261503] Failed to build match row: Galatasaray Spor Kulübü vs Kayserispor Kulübü
[4109436] Could not find attributes for leonardo lelo (Casa Pia Atlético Clube, 2023)
[4109436] Failed to build match row: Sport Lisboa e Benfica vs Casa Pia Atlético Clube
[3450973] Could not find attributes for antonio barragan (Elche Club de Fútbol S.A.D., 2020)
[3450973] Failed to build match row: Elche Club de Fútbol S.A.D. vs Valencia Club de Fútbol S. A. D.
[3522906] Failed to scrape lineup: https://www.transfermarkt.co.uk/rotor-volgograd_akhmat-grozny/index/spielbericht/3522906
[4640784] Failed to scrape lineup: https://www.transfermarkt.co.uk/fk-radnicki-nis_fk-novi-pazar/index/spielbericht/4640784
[4062348] Could not find attributes for bogdan kogut (NK Veres Rivne, 2022)
[3464293] Could not find attributes for bakhtiyor zaynutdinov (PFK CSKA Moskva, 2020)
[3464293] Failed to build match row: PFK CSKA Moskva vs FK Sochi
[4062348] Failed to build match row: NK Veres Rivne vs TOV FK Metalist 1925 Kharkiv
[4098183] Could not find attributes for oliver braude (Sportclub Heerenveen, 2023)
[4098183] Failed to build match row: Almere City FC vs Sportclub Heerenveen
[4521551] Could not find attributes for akinori ichikawa (Yokohama FC, 2024)
[4521551] Failed to build match row: Yokohama FC vs Rakuten Vissel Kobe

Keepers & outfield error for **Grupo Desportivo Estoril Praia** in Grupo Desportivo Estoril Praia vs Rio Ave Futebol Clube: Numbers: 0 and 11.
[4396904] Failed to build match row: Grupo Desportivo Estoril Praia vs Rio Ave Futebol Clube
[3589260] Could not find attributes for jemerson (Football Club de Metz, 2021)
[3589260] Failed to build match row: Football Club de Metz vs Montpellier HSC

Keepers & outfield error for **Società Sportiva Lazio S.p.A.** in Società Sportiva Lazio S.p.A. vs Associazione Calcio Milan: Numbers: 2 and 9.
[3844921] Failed to build match row: Società Sportiva Lazio S.p.A. vs Associazione Calcio Milan
[4408490] Could not find attributes for bogdan moskvichev (FC Orenburg, 2024)
[4408490] Failed to build match row: FC Orenburg vs Fakel Voronezh
[4138025] Could not find attributes for giorgi loria (Dinamo Tbilisi, 2023)
[4138025] Failed to build match row: Dinamo Tbilisi vs Hamrun Spartans
[4363819] Could not find attributes for yael mouanga (Montpellier HSC, 2024)
[4363819] Failed to build match row: Montpellier HSC vs Toulouse Football Club

Keepers & outfield error for **İstanbul Başakşehir Futbol Kulübü** in İstanbul Başakşehir Futbol Kulübü vs Konyaspor: Numbers: 2 and 9.
[3427067] Failed to build match row: İstanbul Başakşehir Futbol Kulübü vs Konyaspor

Keepers & outfield error for **Granada CF** in Getafe Club de Fútbol S. A. D. Team Dubai vs Granada CF: Numbers: 0 and 11.
[3450974] Failed to build match row: Getafe Club de Fútbol S. A. D. Team Dubai vs Granada CF
[4095281] Could not find attributes for djordje petrovic (Chelsea Football Club, 2023)
[4095281] Failed to build match row: Chelsea Football Club vs Fulham Football Club
[3655619] Could not find attributes for frederik schram (Lyngby Boldklub, 2021)
[3655619] Failed to build match row: Lyngby Boldklub vs Aalborg BK
[4692618] Could not find attributes for roi mishpati (Maccabi Tel Aviv, 2025)
[4692618] Failed to build match row: Maccabi Tel Aviv vs Hamrun Spartans
[4396905] Could not find attributes for lazar carevic (Futebol Clube de Famalicão, 2024)
[4642994] Could not find attributes for tom ritzy hulsmann (Turn- und Sportverein Egger Glas Hartberg, 2025)
[4396905] Failed to build match row: Futebol Clube de Famalicão vs Moreirense Futebol Clube
[4642994] Failed to build match row: Fußballclub Red Bull Salzburg vs Turn- und Sportverein Egger Glas Hartberg
[4647967] Could not find attributes for dorukhan tokoz (Kayserispor Kulübü, 2025)
[4647967] Failed to build match row: Kayserispor Kulübü vs Antalyaspor
[4408491] Could not find attributes for timur magomedov (Dinamo Makhachkala, 2024)
[3464294] Could not find attributes for ze luis (Футбольный клуб "Локомотив" Москва, 2020)
[4627566] Could not find attributes for moncef zekri (Yellow-Red Koninklijke Voetbalclub Mechelen, 2025)
[3464294] Failed to build match row: Футбольный клуб "Локомотив" Москва vs Arsenal Tula
[4138026] Failed to scrape lineup: https://www.transfermarkt.co.uk/spielbericht/index/spielbericht/4138026
[4408491] Failed to build match row: Dinamo Makhachkala vs PFK Krylya Sovetov Samara
[4627566] Failed to build match row: Royal Standard Club de Liège vs Yellow-Red Koninklijke Voetbalclub Mechelen
[3433333] Failed to scrape lineup: https://www.transfermarkt.co.uk/as-roma_uc-sampdoria/index/spielbericht/3433333
[4095282] Failed to scrape lineup: https://www.transfermarkt.co.uk/everton-fc_aston-villa/index/spielbericht/4095282

Keepers & outfield error for **Football Club de Nantes** in Racing Club de Strasbourg Alsace vs Football Club de Nantes: Numbers: 3 and 8.
[4363820] Failed to build match row: Racing Club de Strasbourg Alsace vs Football Club de Nantes
[4692619] Could not find attributes for anton ari einarsson (Breidablik Kópavogur, 2025)
[3899383] Could not find attributes for anton bratkov (FC Pyunik Yerevan, 2022)

Keepers & outfield error for **Livingston Football Club** in Livingston Football Club vs Motherwell Football Club: Numbers: 2 and 9.
[3886335] Could not find attributes for momo mbaye (Cádiz CF, 2022)
[4692619] Failed to build match row: Breidablik Kópavogur vs HSK Zrinjski Mostar
[3899383] Failed to build match row: FC Pyunik Yerevan vs FC Sheriff Tiraspol
[3886335] Failed to build match row: Cádiz CF vs Real Betis Balompié S.A.D.
[3729275] Could not find attributes for caleb richards (Kidderminster Harriers, 2021)
[4120894] Failed to build match row: Livingston Football Club vs Motherwell Football Club
[4625391] Could not find attributes for davor matijas (HNK Gorica, 2025)
[3729275] Failed to build match row: Kidderminster Harriers vs West Ham United Football Club
[4472351] Could not find attributes for antonio jose benitez (Chiclana CF, 2024)
[4368075] Could not find attributes for thom haye (Almere City FC, 2024)
[4472351] Failed to build match row: Chiclana CF vs Club Atlético Osasuna
[4368075] Failed to build match row: Alkmaar Zaanstreek vs Almere City FC
[4625391] Failed to build match row: GNK Dinamo Zagreb vs HNK Gorica
[4839836] Could not find attributes for luca weinhandl (Sportklub Puntigamer Sturm Graz, 2025)
[4839836] Failed to build match row: Sportklub Rapid vs Sportklub Puntigamer Sturm Graz
[3949597] Could not find attributes for gerrit stoeten (Juventud Torremolinos CF, 2022)
[3949597] Failed to build match row: Juventud Torremolinos CF vs SD Huesca
[3464295] Could not find attributes for yuriy dyupin (FC Rubin Kazan, 2020)
[3464295] Failed to build match row: FC Rubin Kazan vs FK Rostov
[4627567] Failed to scrape lineup: https://www.transfermarkt.co.uk/zulte-waregem_oud-heverlee-leuven/index/spielbericht/4627567
[4408492] Could not find attributes for sergey volkov (Akron Togliatti, 2024)
[3433334] Failed to scrape lineup: https://www.transfermarkt.co.uk/spezia-calcio_hellas-verona/index/spielbericht/3433334
[4408492] Failed to build match row: Akron Togliatti vs PFK CSKA Moskva
[4715177] Could not find attributes for francis okoronkwo (Lincoln City, 2025)
[4715177] Failed to build match row: Burton Albion vs Lincoln City
[4098184] Could not find attributes for kristijan belic (Alkmaar Zaanstreek, 2023)
[4098184] Failed to build match row: Alkmaar Zaanstreek vs Football Club Twente
[4430814] Could not find attributes for nicolai vistisen (Young Boys FD, 2024)
[4430814] Failed to build match row: Young Boys FD vs Holstebro Boldklub
[4363821] Failed to scrape lineup: https://www.transfermarkt.co.uk/stade-rennais-fc_le-havre-ac/index/spielbericht/4363821
[3598086] Could not find attributes for joeri de kamps (Sparta Rotterdam, 2021)
[3598086] Failed to build match row: Sparta Rotterdam vs Sportclub Heerenveen
[4109437] Could not find attributes for mansur (Club Football Estrela da Amadora, 2023)
[4109437] Failed to build match row: Club Football Estrela da Amadora vs Futebol Clube de Famalicão
[4625392] Failed to scrape lineup: https://www.transfermarkt.co.uk/slaven-belupo-koprivnica_nk-istra-1961/index/spielbericht/4625392
[3899400] Could not find attributes for hector yuste (Omonia Nicosia, 2022)
[4649255] Could not find attributes for evgeniy staver (FC Rubin Kazan, 2025)
[4649255] Failed to build match row: FC Rubin Kazan vs FK Baltika
[3899400] Failed to build match row: Omonia Nicosia vs Koninklijke Atletiek Associatie Gent
[4839837] Could not find attributes for joao tornich (Linzer Athletik-Sport-Klub, 2025)
[4839837] Failed to build match row: Fußballclub Red Bull Salzburg vs Linzer Athletik-Sport-Klub
[4373765] Could not find attributes for alexis claude maurice (Fußball-Club Augsburg 1907, 2024)
[4373765] Failed to build match row: Turn- und Sportgemeinschaft 1899 Hoffenheim Fußball-Spielbetriebs vs Fußball-Club Augsburg 1907
[4408493] Could not find attributes for nikita kokarev (FC Khimki (-2025), 2024)
[4408493] Failed to build match row: FC Khimki (-2025) vs RFK Akhmat Grozny
[4363822] Failed to scrape lineup: https://www.transfermarkt.co.uk/angers-sco_as-saint-etienne/index/spielbericht/4363822
[4642996] Failed to scrape lineup: https://www.transfermarkt.co.uk/austria-vienna_lask/index/spielbericht/4642996
[4620896] Failed to scrape lineup: https://www.transfermarkt.co.uk/inter-milan_ssc-napoli/index/spielbericht/4620896
[4098185] Could not find attributes for metinho (Sparta Rotterdam, 2023)
[4647968] Could not find attributes for tayyip talha sanuc (Gaziantep Futbol Kulübü A.Ş., 2025)
[4098185] Failed to build match row: Eindhovense Voetbalvereniging Philips Sport Vereniging vs Sparta Rotterdam

Keepers & outfield error for **SC Farense** in Futebol Clube de Arouca vs SC Farense: Numbers: 0 and 11.
[4647968] Failed to build match row: Gaziantep Futbol Kulübü A.Ş. vs Trabzonspor Kulübü
[4396906] Failed to build match row: Futebol Clube de Arouca vs SC Farense
[4138027] Could not find attributes for vytautas cerniauskas (FK Panevezys, 2023)
[4138027] Failed to build match row: FK Panevezys vs Hapoel Beer Sheva

Keepers & outfield error for **Vitória Sport Clube** in GD Chaves vs Vitória Sport Clube: Numbers: 0 and 11.
[4109438] Failed to build match row: GD Chaves vs Vitória Sport Clube

Keepers & outfield error for **Manchester United Football Club** in Manchester United Football Club vs Middlesbrough FC: Numbers: 2 and 9.
[3729276] Failed to build match row: Manchester United Football Club vs Middlesbrough FC
[3655620] Could not find attributes for nicolai johansen (Vanlöse IF, 2021)
[3655620] Failed to build match row: Vanlöse IF vs Vejle Boldklub
[3433336] Failed to scrape lineup: https://www.transfermarkt.co.uk/bologna-fc-1909_udinese-calcio/index/spielbericht/3433336
[4408829] Failed to scrape lineup: https://www.transfermarkt.co.uk/athens-kallithea_olympiacos-piraeus/index/spielbericht/4408829
[4172316] Could not find attributes for joshua king (Fenerbahçe Spor Kulübü, 2023)
[4172316] Failed to build match row: Fenerbahçe Spor Kulübü vs Fodbold Club Nordsjælland
[4363823] Failed to scrape lineup: https://www.transfermarkt.co.uk/stade-reims_stade-brestois-29/index/spielbericht/4363823
[4642997] Could not find attributes for isak dahlqvist (Fußballclub Blau-Weiß Linz, 2025)
[4642997] Failed to build match row: Fußballclub Blau-Weiß Linz vs Wattener Sportgemeinschaft Swarovski Tirol
[3464296] Could not find attributes for josip condric (Rotor Volgograd, 2020)
[3464296] Failed to build match row: Rotor Volgograd vs Ural Yekaterinburg
[4647969] Could not find attributes for igor lichnovsky (Fatih Karagümrük Sportif Faaliyetler San. Tic. A.Ş., 2025)
[4647969] Failed to build match row: Fatih Karagümrük Sportif Faaliyetler San. Tic. A.Ş. vs Samsunspor

Keepers & outfield error for **AVS Futebol SAD** in AVS Futebol SAD vs Sporting Clube de Portugal: Numbers: 0 and 11.
[4396907] Failed to build match row: AVS Futebol SAD vs Sporting Clube de Portugal
[4839839] Could not find attributes for beres owusu (Grazer Athletiksport Klub 1902, 2025)
[4839839] Failed to build match row: Sportclub Rheindorf Altach vs Grazer Athletiksport Klub 1902
[4361513] Could not find attributes for tom cairney (Fulham Football Club, 2024)
[4361513] Failed to build match row: Fulham Football Club vs Ipswich Town
[4373766] Could not find attributes for rani khedira (1. Fußballclub Union Berlin, 2024)
[4368077] Could not find attributes for suf podgoreanu (Heracles Almelo, 2024)
[4373766] Failed to build match row: Sport-Club Freiburg vs 1. Fußballclub Union Berlin
[4368077] Failed to build match row: Heracles Almelo vs Nijmegen Eendracht Combinatie
[4649256] Could not find attributes for nikita medvedev (FK Nizhny Novgorod, 2025)
[4649256] Failed to build match row: FK Nizhny Novgorod vs Akron Togliatti
[3621550] Could not find attributes for mansur (Clube Desportivo Santa Clara, 2021)
[4430815] Could not find attributes for rasmus jepsen jacob (Middelfart Boldklub, 2024)
[3621550] Failed to build match row: Clube Desportivo Santa Clara vs Portimonense SC
[4625393] Could not find attributes for marko malenica (NK Osijek s.d.d., 2025)
[4430815] Failed to build match row: Middelfart Boldklub vs Hobro IK
[4625393] Failed to build match row: NK Osijek s.d.d. vs HNK Vukovar 1991
[3464297] Could not find attributes for aleksandr belenov (FK Ufa, 2020)
[3464297] Failed to build match row: FK Ufa vs FC Khimki (-2025)

Keepers & outfield error for **Bayer 04 Leverkusen Fußball** in Eintracht Frankfurt Fußball AG vs Bayer 04 Leverkusen Fußball: Numbers: 2 and 9.
[3839181] Failed to build match row: Eintracht Frankfurt Fußball AG vs Bayer 04 Leverkusen Fußball

Keepers & outfield error for **Sporting Clube de Braga** in Sporting Clube de Braga vs Gil Vicente Futebol Clube: Numbers: 0 and 11.
[4109439] Failed to build match row: Sporting Clube de Braga vs Gil Vicente Futebol Clube
[3598088] Could not find attributes for dan crowley (Willem II Tilburg, 2021)
[3598088] Failed to build match row: Willem II Tilburg vs Heracles Almelo
[4172317] Could not find attributes for simon sluga (Ludogorets Razgrad, 2023)
[4172317] Failed to build match row: Ludogorets Razgrad vs Fenerbahçe Spor Kulübü
[3433337] Could not find attributes for gabriele zappa (Cagliari Calcio, 2020)
[4261504] Could not find attributes for faouzi ghoulam (Hatayspor, 2023)
[3433337] Failed to build match row: Cagliari Calcio vs Benevento Calcio
[4261504] Failed to build match row: Hatayspor vs Pendikspor
[4396908] Could not find attributes for luis esteves (Clube Desportivo Nacional, 2024)
[3949598] Could not find attributes for joritz landeta (Arenas Club, 2022)
[3949598] Failed to build match row: Arenas Club vs CD Lugo
[4396908] Failed to build match row: Sporting Clube de Braga vs Clube Desportivo Nacional

Keepers & outfield error for **Manchester City Football Club** in Newcastle United Football Club vs Manchester City Football Club: Numbers: 0 and 11.
[4095284] Failed to build match row: Newcastle United Football Club vs Manchester City Football Club
[4839840] Could not find attributes for dominik reiter (Fußballclub Blau-Weiß Linz, 2025)
[4839840] Failed to build match row: Fußballclub Blau-Weiß Linz vs Wattener Sportgemeinschaft Swarovski Tirol
[4138028] Could not find attributes for yusif imanov (Sabah FK, 2023)
[4649257] Could not find attributes for timur magomedov (Dinamo Makhachkala, 2025)
[4138028] Failed to build match row: Sabah FK vs FC RFS

Keepers & outfield error for **Alanyaspor** in Alanyaspor vs İstanbul Başakşehir Futbol Kulübü: Numbers: 0 and 11.
[4649257] Failed to build match row: Dinamo Makhachkala vs FK Krasnodar
[4647970] Failed to build match row: Alanyaspor vs İstanbul Başakşehir Futbol Kulübü
[3886338] Could not find attributes for abde ezzalzouli (Club Atlético Osasuna, 2022)
[4798414] Could not find attributes for dilan godoy (Club Atlético Vélez Sársfield, 2025)
[3886338] Failed to build match row: Club Atlético Osasuna vs Espanol
[4798414] Failed to build match row: Club Atlético Vélez Sársfield vs Club Atlético Lanús
[4625394] Could not find attributes for martin zlomislic (Hrvatski Nogometni Klub Rijeka, 2025)
[4625394] Failed to build match row: Hrvatski Nogometni Klub Rijeka vs NK Lokomotiva Zagreb
[3621551] Could not find attributes for david bruno (Grupo Desportivo Estoril Praia, 2021)
[3621551] Failed to build match row: Sporting Clube de Portugal vs Grupo Desportivo Estoril Praia

Keepers & outfield error for **Real Sociedad de Fútbol S.A.D.** in Real Sociedad de Fútbol S.A.D. vs SD Huesca: Numbers: 0 and 11.
[3450977] Failed to build match row: Real Sociedad de Fútbol S.A.D. vs SD Huesca
[4692620] Could not find attributes for faton maloku (FC Drita, 2025)
[4692620] Failed to build match row: FC Drita vs SC Fotbal Club FCSB SA
[4640785] Could not find attributes for sadick abubakar (Fudbalski klub Radnik Surdulica, 2025)
[4640785] Failed to build match row: Fudbalski klub Radnik Surdulica vs Fudbalski klub Čukarički Beograd
[4373767] Could not find attributes for tiago tomas (Verein für Leibesübungen Wolfsburg, 2024)
[4373767] Failed to build match row: Verein für Leibesübungen Wolfsburg vs 1. Fußballclub Heidenheim 1846
[4368078] Failed to scrape lineup: https://www.transfermarkt.co.uk/nac-breda_willem-ii-tilburg/index/spielbericht/4368078
[4715271] Could not find attributes for valeriy skydan (Kolos Polonne, 2025)
[4715271] Failed to build match row: Kolos Polonne vs TOV FK Metalist 1925 Kharkiv
[4472352] Could not find attributes for adrian almendros (CP Parla Escuela - Fair Play, 2024)
[4472352] Failed to build match row: CP Parla Escuela - Fair Play vs Valencia Club de Fútbol S. A. D.
[4642998] Could not find attributes for daniel nunoo (Sportklub Rapid, 2025)
[4642998] Failed to build match row: Sportclub Rheindorf Altach vs Sportklub Rapid
[4627568] Failed to scrape lineup: https://www.transfermarkt.co.uk/fcv-dender-eh_union-saint-gilloise/index/spielbericht/4627568
[4109440] Failed to scrape lineup: https://www.transfermarkt.co.uk/gd-estoril-praia_portimonense-sc/index/spielbericht/4109440
[4430816] Could not find attributes for jonatan bro christensen (VSK Aarhus, 2024)
[4430816] Failed to build match row: VSK Aarhus vs Aarhus Fremad
[4120895] Could not find attributes for zak lovelace (Rangers Football Club, 2023)
[4138029] Failed to scrape lineup: https://www.transfermarkt.co.uk/spielbericht/index/spielbericht/4138029
[4649258] Failed to scrape lineup: https://www.transfermarkt.co.uk/fc-sochi_zenit-st-petersburg/index/spielbericht/4649258
[4120895] Failed to build match row: Saint Mirren Football Club vs Rangers Football Club
[3464298] Could not find attributes for josip condric (Rotor Volgograd, 2020)
[3464298] Failed to build match row: FK Spartak Moskva vs Rotor Volgograd
[4839841] Could not find attributes for luca weinhandl (Sportklub Puntigamer Sturm Graz, 2025)
[4839841] Failed to build match row: Sportklub Puntigamer Sturm Graz vs Turn- und Sportverein Egger Glas Hartberg
[3603107] Could not find attributes for liel abada (The Celtic Football Club, 2021)
[3603107] Failed to build match row: The Celtic Football Club vs Saint Mirren Football Club
[3844924] Failed to scrape lineup: https://www.transfermarkt.co.uk/uc-sampdoria_udinese-calcio/index/spielbericht/3844924
[3598090] Could not find attributes for joeri de kamps (Sparta Rotterdam, 2021)
[3598090] Failed to build match row: Vitesse Arnhem vs Sparta Rotterdam
[4798415] Failed to scrape lineup: https://www.transfermarkt.co.uk/ca-newells-old-boys_gimnasia-y-esgrima-de-mendoza/index/spielbericht/4798415
[4692621] Could not find attributes for joao moutinho (Sporting Clube de Braga, 2025)
[4692621] Failed to build match row: Sporting Clube de Braga vs Fotbal Club CFR 1907 Cluj SA
[4172318] Could not find attributes for simon sluga (Ludogorets Razgrad, 2023)
[4172318] Failed to build match row: Ludogorets Razgrad vs Spartak Trnava
[4363824] Failed to scrape lineup: https://www.transfermarkt.co.uk/aj-auxerre_stade-rennais-fc/index/spielbericht/4363824
[4408830] Could not find attributes for julian cuesta (Aris Thessalonikis, 2024)
[4408830] Failed to build match row: Aris Thessalonikis vs Panserraikos Serres
[4640786] Failed to scrape lineup: https://www.transfermarkt.co.uk/fk-spartak-subotica_fk-mladost-lucani/index/spielbericht/4640786
[4368079] Could not find attributes for younes namli (Prins Hendrik Ende Desespereert Nimmer Combinatie Zwolle, 2024)
[4368079] Failed to build match row: Prins Hendrik Ende Desespereert Nimmer Combinatie Zwolle vs Football Club Groningen
[4625395] Could not find attributes for oliver zelenika (NK Varazdin, 2025)
[4625395] Failed to build match row: NK Varazdin vs HNK Hajduk Split

Keepers & outfield error for **Real Valladolid CF** in Real Valladolid CF vs Alaves: Numbers: 2 and 9.
[4620900] Could not find attributes for jesper karlstrom (Udinese Calcio, 2025)
[3450978] Failed to build match row: Real Valladolid CF vs Alaves

Keepers & outfield error for **Sevilla Fútbol Club S.A.D.** in Real Madrid Club de Fútbol vs Sevilla Fútbol Club S.A.D.: Numbers: 2 and 9.
[4098188] Could not find attributes for zach booth (Football Club Volendam, 2023)
[4620900] Failed to build match row: Udinese Calcio vs Pisa Sporting Club
[3886361] Failed to build match row: Real Madrid Club de Fútbol vs Sevilla Fútbol Club S.A.D.
[4642999] Could not find attributes for beres owusu (Grazer Athletiksport Klub 1902, 2025)
[4649259] Could not find attributes for strahinja erakovic (AO FK Zenit Sankt-Peterburg, 2025)

Keepers & outfield error for **FC Paços de Ferreira** in FC Paços de Ferreira vs FC Vizela: Numbers: 2 and 9.
[4839842] Failed to scrape lineup: https://www.transfermarkt.co.uk/austria-vienna_rapid-vienna/index/spielbericht/4839842
[3860197] Failed to scrape lineup: https://www.transfermarkt.co.uk/konyaspor_hatayspor/index/spielbericht/3860197
[4642999] Failed to build match row: Grazer Athletiksport Klub 1902 vs Sportvereinigung Ried 1912
[4649259] Failed to build match row: AO FK Zenit Sankt-Peterburg vs FK Nizhny Novgorod
[3621552] Failed to build match row: FC Paços de Ferreira vs FC Vizela
[3899402] Failed to scrape lineup: https://www.transfermarkt.co.uk/spielbericht/index/spielbericht/3899402
[4647971] Could not find attributes for filip krastev (Göztepe Sportif Yatırımlar A.Ş., 2025)
[4647971] Failed to build match row: Beşiktaş Jimnastik Kulübü vs Göztepe Sportif Yatırımlar A.Ş.
[4109441] Could not find attributes for adrien silva (Rio Ave Futebol Clube, 2023)
[4109441] Failed to build match row: SC Farense vs Rio Ave Futebol Clube
[4396910] Could not find attributes for bruno varela (Vitória Sport Clube, 2024)
[4396910] Failed to build match row: Futebol Clube do Porto vs Vitória Sport Clube

Keepers & outfield error for **FC Shakhtar Donetsk** in FC Shakhtar Donetsk vs Olimpik Donetsk: Numbers: 0 and 11.
[3420457] Failed to build match row: FC Shakhtar Donetsk vs Olimpik Donetsk
[4408831] Could not find attributes for lefteris choutesiotis (APS Atromitos Athinon, 2024)
[4408831] Failed to build match row: APS Atromitos Athinon vs Omilos Filathlon Irakliou FC
[4172319] Could not find attributes for noah sonko sundberg (Ludogorets Razgrad, 2023)
[4172319] Failed to build match row: Ludogorets Razgrad vs Fodbold Club Nordsjælland
[4715272] Failed to scrape lineup: https://www.transfermarkt.co.uk/spielbericht/index/spielbericht/4715272
[3839183] Failed to scrape lineup: https://www.transfermarkt.co.uk/vfb-stuttgart_vfl-bochum/index/spielbericht/3839183
[4521553] Failed to scrape lineup: https://www.transfermarkt.co.uk/nagoya-grampus_yokohama-f-marinos/index/spielbericht/4521553
[4640787] Could not find attributes for omri glazer (Fudbalski klub Crvena zvezda Beograd, 2025)
[4640787] Failed to build match row: Fudbalski klub Crvena zvezda Beograd vs Fudbalski klub TSC Bačka Topola
[4095285] Could not find attributes for wes foderingham (Sheffield United, 2023)
[4095285] Failed to build match row: Sheffield United vs West Ham United Football Club
[3598091] Could not find attributes for dan crowley (Willem II Tilburg, 2021)
[3464299] Could not find attributes for egor baburin (FK Rostov, 2020)
[3598091] Failed to build match row: Willem II Tilburg vs Sportclub Heerenveen
[3464299] Failed to build match row: FK Rostov vs FK Dinamo Moskva

Keepers & outfield error for **Cardiff City** in Liverpool Football Club vs Cardiff City: Numbers: 2 and 9.
[3729278] Failed to build match row: Liverpool Football Club vs Cardiff City
[3886362] Could not find attributes for abde ezzalzouli (Club Atlético Osasuna, 2022)
[3886362] Failed to build match row: Girona Fútbol Club S. A. D. vs Club Atlético Osasuna
[4261505] Failed to scrape lineup: https://www.transfermarkt.co.uk/mke-ankaragucu_kasimpasa/index/spielbericht/4261505
[4649260] Could not find attributes for aleksandr maksimenko (FK Spartak Moskva, 2025)
[4643000] Could not find attributes for luca weinhandl (Sportklub Puntigamer Sturm Graz, 2025)

Keepers & outfield error for **Associazione Sportiva Roma** in Spezia Calcio vs Associazione Sportiva Roma: Numbers: 0 and 11.
[3860198] Could not find attributes for arif kocaman (Kayserispor Kulübü, 2022)
[4649260] Failed to build match row: FK Spartak Moskva vs FK Sochi
[4627570] Could not find attributes for yuto tsunashima (Royal Antwerp Football Club, 2025)
[4643000] Failed to build match row: Sportklub Puntigamer Sturm Graz vs Sportclub Rheindorf Altach
[3860198] Failed to build match row: Kayserispor Kulübü vs Antalyaspor
[3844925] Failed to build match row: Spezia Calcio vs Associazione Sportiva Roma
[4627570] Failed to build match row: Royal Antwerp Football Club vs Koninklijke Atletiek Associatie Gent
[4472353] Could not find attributes for guillem baixauli (Manises CF, 2024)
[3433339] Could not find attributes for gonzalo escalante (Società Sportiva Lazio S.p.A., 2020)
[4120896] Could not find attributes for mohamad sylla (Dundee Football Club, 2023)
[4066656] Could not find attributes for giorgi gocholeishvili (FC Shakhtar Donetsk, 2022)
[4472353] Failed to build match row: Manises CF vs Getafe Club de Fútbol S. A. D. Team Dubai
[3433339] Failed to build match row: Società Sportiva Lazio S.p.A. vs Associazione Calcio Fiorentina
[4120896] Failed to build match row: Aberdeen Football Club vs Dundee Football Club
[4066656] Failed to build match row: FC Shakhtar Donetsk vs NK Veres Rivne
[4798416] Could not find attributes for eros mancuso (Club Estudiantes de La Plata, 2025)
[4798416] Failed to build match row: Club Estudiantes de La Plata vs Club Atlético Central Córdoba

Keepers & outfield error for **Stade Reims** in Toulouse Football Club vs Stade Reims: Numbers: 2 and 9.
[4550410] Could not find attributes for filip schyberg (Halmstads BK, 2024)
[4550410] Failed to build match row: Halmstads BK vs Idrottsföreningen Kamraterna Göteborg

Keepers & outfield error for **SD Eibar** in Sevilla Fútbol Club S.A.D. vs SD Eibar: Numbers: 2 and 9.
[4839844] Could not find attributes for beres owusu (Grazer Athletiksport Klub 1902, 2025)
[3450979] Failed to build match row: Sevilla Fútbol Club S.A.D. vs SD Eibar
[4839844] Failed to build match row: Grazer Athletiksport Klub 1902 vs Sportvereinigung Ried 1912
[4620901] Could not find attributes for roberto gagliardini (Verona Hellas Football Club, 2025)
[4620901] Failed to build match row: Verona Hellas Football Club vs Società Sportiva Lazio S.p.A.
[3603109] Failed to scrape lineup: https://www.transfermarkt.co.uk/heart-of-midlothian-fc_aberdeen-fc/index/spielbericht/3603109
[4098189] Could not find attributes for kodai sano (Nijmegen Eendracht Combinatie, 2023)
[3839184] Failed to scrape lineup: https://www.transfermarkt.co.uk/fc-schalke-04_tsg-1899-hoffenheim/index/spielbericht/3839184
[3464300] Failed to scrape lineup: https://www.transfermarkt.co.uk/akhmat-grozny_lokomotiv-moscow/index/spielbericht/3464300
[3522907] Could not find attributes for ilya lantratov (FC Khimki (-2025), 2020)

Keepers & outfield error for **Vitória Sport Clube** in Vitória Sport Clube vs Futebol Clube de Arouca: Numbers: 0 and 11.
[4715273] Could not find attributes for georgiy klimov (MFC Metalurg Zaporizhya, 2025)
[4098189] Failed to build match row: Excelsior Rotterdam vs Nijmegen Eendracht Combinatie
[3621553] Failed to build match row: Vitória Sport Clube vs Futebol Clube de Arouca
[3522907] Failed to build match row: FC Khimki (-2025) vs Ural Yekaterinburg
[3655621] Could not find attributes for emil peter jorgensen (B1913 Odense, 2021)
[4715273] Failed to build match row: MFC Metalurg Zaporizhya vs Feniks-Mariupol
[4368080] Could not find attributes for mark spenkelink (RKC Waalwijk, 2024)
[4368080] Failed to build match row: RKC Waalwijk vs Go Ahead Eagles
[3655621] Failed to build match row: B1913 Odense vs Sønderjyske Fodbold

Keepers & outfield error for **Galatasaray Spor Kulübü** in Konyaspor vs Galatasaray Spor Kulübü: Numbers: 2 and 9.
[4647972] Failed to build match row: Konyaspor vs Galatasaray Spor Kulübü
[4066657] Could not find attributes for mykyta shevchenko (FC Oleksandriya, 2022)
[4066657] Failed to build match row: FC Oleksandriya vs Futbolniy Klub Dynamo Kyiv
[4172320] Could not find attributes for dominik takac (Spartak Trnava, 2023)
[4172320] Failed to build match row: Spartak Trnava vs Fenerbahçe Spor Kulübü
[3899403] Could not find attributes for kipras kazukolovas (FK Zalgiris Vilnius, 2022)
[3899403] Failed to build match row: FK Zalgiris Vilnius vs Ludogorets Razgrad

Keepers & outfield error for **Olympique de Marseille** in Football Club de Nantes vs Olympique de Marseille: Numbers: 2 and 9.
[3589261] Failed to build match row: Football Club de Nantes vs Olympique de Marseille

Keepers & outfield error for **Futebol Clube do Porto** in Futebol Clube do Porto vs FC Vizela: Numbers: 0 and 11.
[4109443] Failed to build match row: Futebol Clube do Porto vs FC Vizela
[4408832] Could not find attributes for alexios kalogeropoulos (Volou Neos Podosferikos Syllogos, 2024)
[4408832] Failed to build match row: Volou Neos Podosferikos Syllogos vs A.G.S Asteras Tripolis
[3613109] Failed to scrape lineup: https://www.transfermarkt.co.uk/yeni-malatyaspor_adana-demirspor/index/spielbericht/3613109
[4138030] Could not find attributes for johannes kreidl (Kuopion Palloseura, 2023)
[4138030] Failed to build match row: Kuopion Palloseura vs Derry City
[4261506] Could not find attributes for ousseynou ba (İstanbul Başakşehir Futbol Kulübü, 2023)
[4261506] Failed to build match row: İstanbul Başakşehir Futbol Kulübü vs Alanyaspor

Keepers & outfield error for **FC Paços de Ferreira** in FC Paços de Ferreira vs Sport Lisboa e Benfica: Numbers: 2 and 9.
[3621554] Failed to build match row: FC Paços de Ferreira vs Sport Lisboa e Benfica
[3427068] Could not find attributes for kevin mirallas (Gaziantep Futbol Kulübü A.Ş., 2020)
[3427068] Failed to build match row: Gaziantep Futbol Kulübü A.Ş. vs Gençlerbirliği Spor Kulübü
[4647973] Could not find attributes for jerome onguene (Eyüp Spor Kulübü, 2025)
[4647973] Failed to build match row: Eyüp Spor Kulübü vs Gençlerbirliği Spor Kulübü
[4649261] Could not find attributes for rustam yatimov (FK Rostov, 2025)
[4649261] Failed to build match row: FK Rostov vs RFK Akhmat Grozny
[4376760] Could not find attributes for lawrence shankland (Heart of Midlothian Football Club, 2024)
[4376760] Failed to build match row: Heart of Midlothian Football Club vs Dundee Football Club

Keepers & outfield error for **Paris Saint-Germain Football Club** in Paris Saint-Germain Football Club vs Olympique Gymnaste Club Nice Côte d'Azur: Numbers: 2 and 9.
[3589262] Failed to build match row: Paris Saint-Germain Football Club vs Olympique Gymnaste Club Nice Côte d'Azur
[4109444] Could not find attributes for ponck (Moreirense Futebol Clube, 2023)
[4109444] Failed to build match row: Moreirense Futebol Clube vs Futebol Clube de Arouca
[4550413] Could not find attributes for oskar agren (Göteborgs Atlet- och Idrottssällskap, 2024)
[4550413] Failed to build match row: Göteborgs Atlet- och Idrottssällskap vs Östers IF
[4715274] Could not find attributes for maksym mekhaniv (Livyi Bereg Kyiv, 2025)
[4715274] Failed to build match row: Livyi Bereg Kyiv vs Viktoriya Sumy

Keepers & outfield error for **1. Fußball- und Sportverein Mainz 05** in Sportverein Werder Bremen von 1899 vs 1. Fußball- und Sportverein Mainz 05: Numbers: 2 and 9.
[3839185] Failed to build match row: Sportverein Werder Bremen von 1899 vs 1. Fußball- und Sportverein Mainz 05
[3949599] Could not find attributes for mateusz bogusz (UD Ibiza, 2022)
[4408833] Could not find attributes for athanasios garavelis (APO Levadiakos Football Club, 2024)
[4408833] Failed to build match row: APO Levadiakos Football Club vs Panathinaikos Athlitikos Omilos
[3949599] Failed to build match row: CD Palencia Cristo Atlético vs UD Ibiza
[4430817] Failed to scrape lineup: https://www.transfermarkt.co.uk/spielbericht/index/spielbericht/4430817
[4647974] Failed to scrape lineup: https://www.transfermarkt.co.uk/caykur-rizespor_kocaelispor/index/spielbericht/4647974
[4095286] Failed to scrape lineup: https://www.transfermarkt.co.uk/aston-villa_newcastle-united/index/spielbericht/4095286

Keepers & outfield error for **Alaves** in Alaves vs Futbol Club Barcelona: Numbers: 2 and 9.
[3450980] Failed to build match row: Alaves vs Futbol Club Barcelona
[3655622] Could not find attributes for rasmus jepsen jacob (Kjellerup IF, 2021)
[4363826] Could not find attributes for haris belkebla (Angers Sporting Club de l'Ouest, 2024)
[3655622] Failed to build match row: Kjellerup IF vs Fodbold Club Midtjylland
[4363826] Failed to build match row: Association sportive de Monaco Football Club vs Angers Sporting Club de l'Ouest
[4376761] Failed to scrape lineup: https://www.transfermarkt.co.uk/ross-county-fc_rangers-fc/index/spielbericht/4376761
[4373768] Could not find attributes for tiago pereira cardoso (Mönchengladbach, 2024)
[3522908] Failed to scrape lineup: https://www.transfermarkt.co.uk/spartak-moscow_fc-khimki/index/spielbericht/3522908
[4373768] Failed to build match row: Mönchengladbach vs RasenBallsport Leipzig
[4649262] Could not find attributes for igor akinfeev (PFK CSKA Moskva, 2025)
[4640788] Failed to scrape lineup: https://www.transfermarkt.co.uk/ofk-beograd_fk-vojvodina-novi-sad/index/spielbericht/4640788
[4649262] Failed to build match row: PFK CSKA Moskva vs FK Krasnodar
[3464301] Failed to scrape lineup: https://www.transfermarkt.co.uk/rubin-kazan_cska-moscow/index/spielbericht/3464301
[3598093] Failed to scrape lineup: https://www.transfermarkt.co.uk/rsc-anderlecht_union-saint-gilloise/index/spielbericht/3598093
[3433341] Could not find attributes for ardian ismajli (Spezia Calcio, 2020)
[3844926] Could not find attributes for manolo gabbiadini (UC Sampdoria, 2022)
[3433341] Failed to build match row: Società Sportiva Calcio Napoli vs Spezia Calcio
[3844926] Failed to build match row: Atalanta Bergamasca Calcio S.p.a. vs UC Sampdoria
[4643001] Could not find attributes for joao tornich (Linzer Athletik-Sport-Klub, 2025)
[4261507] Could not find attributes for adolfo gaich (Çaykur Rizespor Kulübü, 2023)
[4643001] Failed to build match row: Linzer Athletik-Sport-Klub vs RZ Pellets Wolfsberger Athletiksport Club
[4261507] Failed to build match row: Çaykur Rizespor Kulübü vs Adana Demirspor
[3420458] Could not find attributes for maksym lopyryonok (FC Minaj, 2020)
[4839845] Could not find attributes for david djuric (RZ Pellets Wolfsberger Athletiksport Club, 2025)
[3420458] Failed to build match row: FC Minaj vs Futbolniy Klub Dynamo Kyiv
[4839845] Failed to build match row: RZ Pellets Wolfsberger Athletiksport Club vs Fußballclub Blau-Weiß Linz
[4066658] Could not find attributes for oleksandr saputin (FC Zorya Lugansk, 2022)
[4066658] Failed to build match row: FC Zorya Lugansk vs Ingulets Petrove
** in Club Social y Deportivo Defensa y Justicia vs Club Atlético Unión: Numbers: 0 and 11.
[4798418] Failed to build match row: Club Social y Deportivo Defensa y Justicia vs Club Atlético Unión
[4521559] Failed to scrape lineup: https://www.transfermarkt.co.uk/kashiwa-reysol_shimizu-s-pulse/index/spielbericht/4521559
[3427069] Could not find attributes for karim hafez (Yeni Malatyaspor, 2020)
[3427069] Failed to build match row: Yeni Malatyaspor vs Beşiktaş Jimnastik Kulübü

Keepers & outfield error for **Fodbold Club Midtjylland** in Fodbold Club Midtjylland vs Slovan Bratislava: Numbers: 2 and 9.
[4431083] Failed to build match row: Fodbold Club Midtjylland vs Slovan Bratislava
[4408834] Could not find attributes for nikola stajic (Panetolikos Agrinio, 2024)
[4408834] Failed to build match row: Panetolikos Agrinio vs Panthessalonikios Athlitikos Omilos Konstantinoupoliton
[4138031] Could not find attributes for oleksandr safronov (Zalaegerszegi TE FC, 2023)
[4109445] Failed to scrape lineup: https://www.transfermarkt.co.uk/casa-pia-ac_sl-benfica/index/spielbericht/4109445
[4138031] Failed to build match row: Zalaegerszegi TE FC vs NK Osijek s.d.d.

[4625397] Failed to build match row: HNK Hajduk Split vs GNK Dinamo Zagreb
[3613111] Failed to scrape lineup: https://www.transfermarkt.co.uk/fatih-karagumruk_altay-sk/index/spielbericht/3613111
[3860199] Could not find attributes for arthur masuaku (Beşiktaş Jimnastik Kulübü, 2022)
[3450981] Failed to scrape lineup: https://www.transfermarkt.co.uk/athletic-bilbao_sevilla-fc/index/spielbericht/3450981
[3522909] Failed to scrape lineup: https://www.transfermarkt.co.uk/akhmat-grozny_pfk-tambov/index/spielbericht/3522909
[4472354] Failed to scrape lineup: https://www.transfermarkt.co.uk/spielbericht/index/spielbericht/4472354
[3860199] Failed to build match row: Alanyaspor vs Beşiktaş Jimnastik Kulübü
[3729279] Could not find attributes for joe bennett (Wigan Athletic, 2021)
[4368081] Could not find attributes for hristiyan petrov (Sportclub Heerenveen, 2024)
[4368081] Failed to build match row: Sportclub Heerenveen vs Feyenoord Rotterdam
[3729279] Failed to build match row: Stoke City vs Wigan Athletic

Keepers & outfield error for **Real Betis Balompié S.A.D.** in Real Betis Balompié S.A.D. vs Club Atlético de Madrid S.A.D.: Numbers: 0 and 11.
[3886364] Failed to build match row: Real Betis Balompié S.A.D. vs Club Atlético de Madrid S.A.D.
[4640789] Could not find attributes for nikola simic (Fudbalski klub TSC Bačka Topola, 2025)
[4640789] Failed to build match row: Fudbalski klub TSC Bačka Topola vs Fudbalski Klub Javor Matis Ivanjica
[4120897] Could not find attributes for liam scales (The Celtic Football Club, 2023)
[4120897] Failed to build match row: Heart of Midlothian Football Club vs The Celtic Football Club
[3464302] Could not find attributes for egor shamov (Arsenal Tula, 2020)
[3464302] Failed to build match row: Arsenal Tula vs AO FK Zenit Sankt-Peterburg
[4066659] Failed to scrape lineup: https://www.transfermarkt.co.uk/sc-dnipro-1_kolos-kovalivka/index/spielbericht/4066659
[4521560] Failed to scrape lineup: https://www.transfermarkt.co.uk/tokyo-verdy_yokohama-fc/index/spielbericht/4521560
[4373769] Failed to scrape lineup: https://www.transfermarkt.co.uk/holstein-kiel_sv-werder-bremen/index/spielbericht/4373769
[3427070] Failed to scrape lineup: https://www.transfermarkt.co.uk/goztepe_buyuksehir-belediye-erzurumspor/index/spielbericht/3427070
[4643002] Could not find attributes for daniel nunoo (Sportklub Rapid, 2025)
[4643002] Failed to build match row: Sportklub Rapid vs Fußballclub Red Bull Salzburg
[3901489] Could not find attributes for aleksandr mamenko (Amkal Moscow, 2022)
[3901489] Failed to build match row: Amkal Moscow vs Zorkiy Krasnogorsk
[4098191] Could not find attributes for robin maulun (Football Club Volendam, 2023)
[4550415] Could not find attributes for simon sandberg (IK Sirius, 2024)
[4098191] Failed to build match row: Football Club Volendam vs Nijmegen Eendracht Combinatie
[4550415] Failed to build match row: IFK Norrköping vs IK Sirius
[4261508] Could not find attributes for bakhtiyor zaynutdinov (Beşiktaş Jimnastik Kulübü, 2023)
[4261508] Failed to build match row: Beşiktaş Jimnastik Kulübü vs Fatih Karagümrük Sportif Faaliyetler San. Tic. A.Ş.
[4715275] Could not find attributes for anton zhylkin (Ingulets Petrove, 2025)
[4715275] Failed to build match row: Ingulets Petrove vs Podillya Khmelnytskyi
[4431084] Could not find attributes for dominik takac (Slovan Bratislava, 2024)
[4431084] Failed to build match row: Slovan Bratislava vs Fodbold Club Midtjylland

Keepers & outfield error for **Bayer 04 Leverkusen Fußball** in Bayer 04 Leverkusen Fußball vs Verein für Leibesübungen Wolfsburg: Numbers: 2 and 9.
[3839196] Failed to build match row: Bayer 04 Leverkusen Fußball vs Verein für Leibesübungen Wolfsburg
[4109446] Failed to scrape lineup: https://www.transfermarkt.co.uk/fc-famalicao_cf-estrela-amadora/index/spielbericht/4109446
[3621555] Failed to scrape lineup: https://www.transfermarkt.co.uk/portimonense-sc_sporting-cp/index/spielbericht/3621555
[3522910] Failed to scrape lineup: https://www.transfermarkt.co.uk/cska-moscow_fc-krasnodar/index/spielbericht/3522910
[4363827] Could not find attributes for nikola maksimovic (Montpellier HSC, 2024)
[4363827] Failed to build match row: Le Havre Athletic Club vs Montpellier HSC
[4647975] Could not find attributes for filip krastev (Göztepe Sportif Yatırımlar A.Ş., 2025)
[4647975] Failed to build match row: Göztepe Sportif Yatırımlar A.Ş. vs Eyüp Spor Kulübü
[3613112] Could not find attributes for munir el kajoui (Hatayspor, 2021)
[3613112] Failed to build match row: Gaziantep Futbol Kulübü A.Ş. vs Hatayspor
[4138032] Could not find attributes for gustavo busatto (CSKA-Sofia, 2023)
[4138032] Failed to build match row: Sepsi OSK Sf. Gheorghe vs CSKA-Sofia
[4066660] Failed to scrape lineup: https://www.transfermarkt.co.uk/metalist-1925-kharkiv_metalist-kharkiv/index/spielbericht/4066660
[3464303] Could not find attributes for aleksandr belenov (FK Ufa, 2020)
[3464303] Failed to build match row: FK Ufa vs PFK Tambov (-2021)
[4521561] Could not find attributes for kosei tani (Zelvia, 2024)
[4521561] Failed to build match row: Zelvia vs Kyoto Purple Sanga
[4692623] Could not find attributes for zlatan alomerovic (AEK Larnaca, 2025)
[4692623] Failed to build match row: Legia Warszawa Spółka Akcyjna vs AEK Larnaca

Keepers & outfield error for **CD Estepona FS** in CD Estepona FS vs Málaga CF: Numbers: 2 and 9.
[4649263] Could not find attributes for ilya lantratov (Футбольный клуб "Локомотив" Москва, 2025)
[4649263] Failed to build match row: Футбольный клуб "Локомотив" Москва vs PFK Krylya Sovetov Samara
[4743296] Failed to build match row: CD Estepona FS vs Málaga CF
[4550416] Could not find attributes for filip schyberg (Halmstads BK, 2024)
[4550416] Failed to build match row: Halmstads BK vs Idrottsföreningen  Brommapojkarna

Keepers & outfield error for **Fatih Karagümrük Sportif Faaliyetler San. Tic. A.Ş.** in Fatih Karagümrük Sportif Faaliyetler San. Tic. A.Ş. vs MKE Ankaragücü: Numbers: 0 and 11.
[3522911] Failed to scrape lineup: https://www.transfermarkt.co.uk/lokomotiv-moscow_dynamo-moscow/index/spielbericht/3522911
[3621556] Failed to scrape lineup: https://www.transfermarkt.co.uk/cs-maritimo_sporting-cp/index/spielbericht/3621556
[3839197] Could not find attributes for michael gregoritsch (Sport-Club Freiburg, 2022)
[3427071] Failed to build match row: Fatih Karagümrük Sportif Faaliyetler San. Tic. A.Ş. vs MKE Ankaragücü
[3839197] Failed to build match row: Sport-Club Freiburg vs Sportverein Werder Bremen von 1899

Keepers & outfield error for **Club Atlético Talleres** in Club Atlético Independiente de Avellaneda vs Club Atlético Talleres: Numbers: 2 and 9.
[4798420] Failed to build match row: Club Atlético Independiente de Avellaneda vs Club Atlético Talleres
[4647976] Failed to scrape lineup: https://www.transfermarkt.co.uk/basaksehir-fk_konyaspor/index/spielbericht/4647976

Keepers & outfield error for **Football Club de Nantes** in Football Club de Nantes vs Olympique de Marseille: Numbers: 2 and 9.
[4363828] Failed to build match row: Football Club de Nantes vs Olympique de Marseille
[4138033] Failed to scrape lineup: https://www.transfermarkt.co.uk/spielbericht/index/spielbericht/4138033
[3464304] Failed to scrape lineup: https://www.transfermarkt.co.uk/ural-yekaterinburg_fc-sochi/index/spielbericht/3464304
[4066661] Failed to scrape lineup: https://www.transfermarkt.co.uk/vorskla-poltava_kryvbas-kryvyi-rig/index/spielbericht/4066661
[4376762] Could not find attributes for jair tavares (Motherwell Football Club, 2024)
[4376762] Failed to build match row: Saint Mirren Football Club vs Motherwell Football Club
[4261509] Could not find attributes for ramzi safuri (Antalyaspor, 2023)
[4261509] Failed to build match row: Antalyaspor vs Trabzonspor Kulübü
[4643003] Could not find attributes for tom ritzy hulsmann (Turn- und Sportverein Egger Glas Hartberg, 2025)
[4643003] Failed to build match row: Turn- und Sportverein Egger Glas Hartberg vs Fußballclub Blau-Weiß Linz
[3598096] Failed to scrape lineup: https://www.transfermarkt.co.uk/kv-kortrijk_rfc-seraing/index/spielbericht/3598096
[4368082] Could not find attributes for marvin young (Sparta Rotterdam, 2024)
[4368082] Failed to build match row: Sparta Rotterdam vs Eindhovense Voetbalvereniging Philips Sport Vereniging
[4649264] Failed to scrape lineup: https://www.transfermarkt.co.uk/fc-orenburg_rubin-kazan/index/spielbericht/4649264
[3949600] Failed to scrape lineup: https://www.transfermarkt.co.uk/spielbericht/index/spielbericht/3949600
[4640790] Could not find attributes for sasa stamenkovic (Fudbalski Klub Mladost Lučani, 2025)
[4640790] Failed to build match row: Fudbalski Klub Mladost Lučani vs Fudbalski Klub Vojvodina
[3901490] Failed to build match row: FK Essentuki (-2023) vs StavropolAgroSoyuz Nevinnomysk
[4798421] Failed to scrape lineup: https://www.transfermarkt.co.uk/ca-banfield_club-atletico-tigre/index/spielbericht/4798421
[4692624] Could not find attributes for soualiho meite (Panthessalonikios Athlitikos Omilos Konstantinoupoliton, 2025)
[4692624] Failed to build match row: RZ Pellets Wolfsberger Athletiksport Club vs Panthessalonikios Athlitikos Omilos Konstantinoupoliton
[3420459] Could not find attributes for sergiy litovchenko (PFK Lviv, 2020)
[3420459] Failed to build match row: PFK Lviv vs FC Zorya Lugansk
[4373779] Could not find attributes for kosta nedeljkovic (RasenBallsport Leipzig, 2024)
[4373779] Failed to build match row: RasenBallsport Leipzig vs Turn- und Sportgemeinschaft 1899 Hoffenheim Fußball-Spielbetriebs
[3522912] Could not find attributes for nikolay zabolotnyi (FK Sochi, 2020)
[3522912] Failed to build match row: FK Sochi vs Rotor Volgograd
[4647977] Could not find attributes for karol linetty (Kocaelispor Kulübü, 2025)
[4647977] Failed to build match row: Kocaelispor Kulübü vs Beşiktaş Jimnastik Kulübü

Keepers & outfield error for **Leicester City** in Nottingham Forest Football Club vs Leicester City: Numbers: 0 and 11.
[3729280] Failed to build match row: Nottingham Forest Football Club vs Leicester City

Keepers & outfield error for **Olympique Lyonnais** in Lille Olympique Sporting Club vs Olympique Lyonnais: Numbers: 0 and 11.
[4363829] Failed to build match row: Lille Olympique Sporting Club vs Olympique Lyonnais
[4625398] Could not find attributes for tino jukic (NK Lokomotiva Zagreb, 2025)
[4625398] Failed to build match row: NK Lokomotiva Zagreb vs NK Varazdin
[4138034] Could not find attributes for senou coulibaly (Omonia Nicosia, 2023)
[4261510] Could not find attributes for florin nita (Gaziantep Futbol Kulübü A.Ş., 2023)
[3464305] Could not find attributes for ilya lantratov (FC Khimki (-2025), 2020)
[4261510] Failed to build match row: Gaziantep Futbol Kulübü A.Ş. vs Fenerbahçe Spor Kulübü
[4368083] Could not find attributes for thom haye (Almere City FC, 2024)
[4138034] Failed to build match row: Omonia Nicosia vs FK Qabala
[4120898] Could not find attributes for danny armstrong (Kilmarnock Football Club, 2023)
[3464305] Failed to build match row: FC Khimki (-2025) vs FK Krasnodar
[4368083] Failed to build match row: Almere City FC vs Fortuna Sittardia Combinatie
[4649265] Could not find attributes for david volk (Dinamo Makhachkala, 2025)
[4120898] Failed to build match row: Kilmarnock Football Club vs Livingston Football Club
[4649265] Failed to build match row: Dinamo Makhachkala vs FK Dinamo Moskva
[4472355] Could not find attributes for pius quer (UE Vic, 2024)
[4472355] Failed to build match row: UE Vic vs Club Atlético de Madrid S.A.D.
[3433343] Could not find attributes for gianluca scamacca (Genoa Cricket and Football Club, 2020)
[3433343] Failed to build match row: Unione Sportiva Sassuolo Calcio vs Genoa Cricket and Football Club
[4839847] Could not find attributes for tom ritzy hulsmann (Turn- und Sportverein Egger Glas Hartberg, 2025)
[4839847] Failed to build match row: Turn- und Sportverein Egger Glas Hartberg vs Sportklub Rapid
[4692625] Could not find attributes for miroslav stevanovic (Servette Football Club 1890 SA, 2025)
[4692625] Failed to build match row: Football Club Utrecht vs Servette Football Club 1890 SA
[4715276] Could not find attributes for yuriy volodymyr gereta (FC Rukh Lviv, 2025)
[4715276] Failed to build match row: FC Rukh Lviv vs FK Polissya Zhytomyr
[4431085] Could not find attributes for uros spajic (Fudbalski klub Crvena zvezda Beograd, 2024)
[4431085] Failed to build match row: Fudbalski klub Crvena zvezda Beograd vs Fotballklubben Bodø/Glimt
[3621557] Could not find attributes for paulinho (Moreirense Futebol Clube, 2021)
[3522913] Could not find attributes for egor shamov (Arsenal Tula, 2020)

Keepers & outfield error for **1. Fußball- und Sportverein Mainz 05** in 1. Fußball- und Sportverein Mainz 05 vs 1. Fußball-Club Köln: Numbers: 2 and 9.
[3522913] Failed to build match row: Arsenal Tula vs FC Rubin Kazan
ting Clube de Portugal
[3839198] Failed to build match row: 1. Fußball- und Sportverein Mainz 05 vs 1. Fußball-Club Köln

Keepers & outfield error for **Galatasaray Spor Kulübü** in Galatasaray Spor Kulübü vs Beşiktaş Jimnastik Kulübü: Numbers: 0 and 11.
[3613113] Failed to build match row: Galatasaray Spor Kulübü vs Beşiktaş Jimnastik Kulübü

Keepers & outfield error for **Real Sociedad de Fútbol S.A.D.** in Celta vs Real Sociedad de Fútbol S.A.D.: Numbers: 0 and 11.
[4521563] Could not find attributes for kennedy egbus mikuni (Nagoya Grampus Eight, 2024)
[4066662] Could not find attributes for yevgen past (Chornomorets Odesa, 2022)
[3450982] Failed to build match row: Celta vs Real Sociedad de Fútbol S.A.D.
[4066662] Failed to build match row: Chornomorets Odesa vs FC Minaj
[4521563] Failed to build match row: Nagoya Grampus Eight vs Fagiano Okayama Sports Club
[3598097] Could not find attributes for vini souza (Yellow-Red Koninklijke Voetbalclub Mechelen, 2021)
[3598097] Failed to build match row: Yellow-Red Koninklijke Voetbalclub Mechelen vs Royal Antwerp Football Club
[4261511] Could not find attributes for rey manaj (Sivasspor, 2023)
[4261511] Failed to build match row: Samsunspor vs Sivasspor
[4376763] Could not find attributes for duktm (Aberdeen Football Club, 2024)
[4625399] Could not find attributes for denis pintol (HNK Vukovar 1991, 2025)
[4376763] Failed to build match row: Aberdeen Football Club vs Dundee Football Club
[3464306] Could not find attributes for yaroslav rakitskyi (AO FK Zenit Sankt-Peterburg, 2020)
[4625399] Failed to build match row: HNK Vukovar 1991 vs Hrvatski Nogometni Klub Rijeka
[3464306] Failed to build match row: AO FK Zenit Sankt-Peterburg vs Ural Yekaterinburg
[4138035] Could not find attributes for eldin latik (FC Progrès Niederkorn, 2023)
[4138035] Failed to build match row: FC Progrès Niederkorn vs Fodbold Club Midtjylland
[4368084] Could not find attributes for jorthy mokio (AFC Ajax Amsterdam, 2024)

Keepers & outfield error for **Galatasaray Spor Kulübü** in Galatasaray Spor Kulübü vs Alanyaspor: Numbers: 2 and 9.
[4647978] Failed to build match row: Galatasaray Spor Kulübü vs Alanyaspor
[3420460] Could not find attributes for yevgen past (Desna Chernigiv, 2020)
[3901491] Could not find attributes for aleksandr dyachkov (Dinamo Stavropol, 2022)
[3420460] Failed to build match row: Desna Chernigiv vs FC Rukh Lviv
[4550418] Could not find attributes for rufai mohammed (IFK Värnamo, 2024)
[3901491] Failed to build match row: Dinamo Stavropol vs Torpedo Armavir
[4640791] Could not find attributes for nenad tomovic (Fudbalski klub Čukarički Beograd, 2025)
[4550418] Failed to build match row: IFK Värnamo vs Mjällby Almänna Idrottsförening
[4640791] Failed to build match row: Fudbalski klub Čukarički Beograd vs Omladinski fudbalski klub Beograd

Keepers & outfield error for **Club Sportivo Independiente Rivadavia** in Club Sportivo Independiente Rivadavia vs Club Atlético Rosario Central: Numbers: 0 and 11.
[4798422] Failed to build match row: Club Sportivo Independiente Rivadavia vs Club Atlético Rosario Central
[4098194] Failed to scrape lineup: https://www.transfermarkt.co.uk/heracles-almelo_almere-city-fc/index/spielbericht/4098194
[4373780] Could not find attributes for kevin muller (1. Fußballclub Heidenheim 1846, 2024)
[3839199] Could not find attributes for dennis geiger (Turn- und Sportgemeinschaft 1899 Hoffenheim Fußball-Spielbetriebs, 2022)
[3839199] Failed to build match row: Turn- und Sportgemeinschaft 1899 Hoffenheim Fußball-Spielbetriebs vs FC Bayern München
[4376764] Failed to scrape lineup: https://www.transfermarkt.co.uk/dundee-united-fc_ross-county-fc/index/spielbericht/4376764
[3621558] Could not find attributes for vitinha (Sporting Clube de Braga, 2021)
[4620904] Could not find attributes for roberto gagliardini (Verona Hellas Football Club, 2025)
[4431086] Could not find attributes for nasser djiga (Fudbalski klub Crvena zvezda Beograd, 2024)

Keepers & outfield error for **SD Eibar** in SD Eibar vs Cádiz CF: Numbers: 2 and 9.
[4373780] Failed to build match row: 1. Fußballclub Heidenheim 1846 vs Bayer 04 Leverkusen Fußball
[3522914] Could not find attributes for aleksandr belenov (FK Ufa, 2020)
[4408835] Could not find attributes for alvaro raton (PAS Lamia 1964, 2024)
[4620904] Failed to build match row: Unione Sportiva Cremonese S.p.A. vs Verona Hellas Football Club
[4431086] Failed to build match row: Fotballklubben Bodø/Glimt vs Fudbalski klub Crvena zvezda Beograd
[3621558] Failed to build match row: Futebol Clube de Famalicão vs Sporting Clube de Braga
[3613114] Could not find attributes for muhammed gumuskaya (Giresunspor, 2021)
[3522914] Failed to build match row: FK Ufa vs AO FK Zenit Sankt-Peterburg
[4408835] Failed to build match row: PAS Lamia 1964 vs Athlitiki Enosi Konstantinoupoleos
[3613114] Failed to build match row: Giresunspor vs Gaziantep Futbol Kulübü A.Ş.
[3464307] Could not find attributes for egor baburin (FK Rostov, 2020)
[3464307] Failed to build match row: FK Rostov vs FK Ufa
[4120899] Could not find attributes for cyriel dessers (Rangers Football Club, 2023)
[4120899] Failed to build match row: Rangers Football Club vs Hibernian Football Club
[4625400] Could not find attributes for franko kolic (NK Istra 1961, 2025)
[4647979] Could not find attributes for igor lichnovsky (Fatih Karagümrük Sportif Faaliyetler San. Tic. A.Ş., 2025)
[4647979] Failed to build match row: Trabzonspor Kulübü vs Fatih Karagümrük Sportif Faaliyetler San. Tic. A.Ş.
[3420461] Could not find attributes for yevgen volynets (FK Kolos Kovalivka, 2020)
[3420461] Failed to build match row: FK Kolos Kovalivka vs Ingulets Petrove
[4715277] Could not find attributes for roman pazenko (Polissya Stavky, 2025)
[4715277] Failed to build match row: Polissya Stavky vs FC Shakhtar Donetsk
[3949601] Could not find attributes for adria pladevall (Club Lleida Esportiu, 2022)
[3949601] Failed to build match row: Club Lleida Esportiu vs Alaves
[4649266] Could not find attributes for vitaliy gudiev (Akron Togliatti, 2025)
[4649266] Failed to build match row: Akron Togliatti vs FK Baltika
[4066663] Could not find attributes for yuriy pankiv (FC Rukh Lviv, 2022)
[4066663] Failed to build match row: FC Rukh Lviv vs PFK Lviv
[3860203] Could not find attributes for bahadir gungordu (MKE Ankaragücü, 2022)
[3860203] Failed to build match row: Gaziantep Futbol Kulübü A.Ş. vs MKE Ankaragücü
[4098195] Could not find attributes for shunsuke mito (Sparta Rotterdam, 2023)
[4550423] Could not find attributes for ivan kricak (Östers IF, 2024)
[4647980] Could not find attributes for tayyip talha sanuc (Gaziantep Futbol Kulübü A.Ş., 2025)
[4098195] Failed to build match row: Sparta Rotterdam vs Alkmaar Zaanstreek
[4550423] Failed to build match row: Östers IF vs Djurgårdens Idrottsförening
[4647980] Failed to build match row: Samsunspor vs Gaziantep Futbol Kulübü A.Ş.
[4408836] Could not find attributes for anthony martial (Athlitiki Enosi Konstantinoupoleos, 2024)
[4640792] Could not find attributes for zeljko samcovic (Fudbalski Klub Novi Pazar, 2025)

Keepers & outfield error for **Granada CF** in Granada CF vs Levante Unión Deportiva S.A.D.: Numbers: 0 and 11.
[4408836] Failed to build match row: Athlitiki Enosi Konstantinoupoleos vs APO Levadiakos Football Club

Keepers & outfield error for **Società Sportiva Lazio S.p.A.** in Società Sportiva Lazio S.p.A. vs Associazione Calcio Fiorentina: Numbers: 2 and 9.
[3450984] Failed to build match row: Granada CF vs Levante Unión Deportiva S.A.D.
[4640792] Failed to build match row: Fudbalski Klub Novi Pazar vs Fudbalski klub Crvena zvezda Beograd
[3844931] Failed to build match row: Società Sportiva Lazio S.p.A. vs Associazione Calcio Fiorentina
[4839848] Could not find attributes for vasilije markovic (Fußballklub Austria Wien, 2025)
[3464308] Could not find attributes for matvey safonov (FK Krasnodar, 2020)
[4798423] Could not find attributes for ezequiel ham (Club Atlético Tucumán, 2025)
[4839848] Failed to build match row: Fußballklub Austria Wien vs Fußballclub Red Bull Salzburg

Keepers & outfield error for **FC Shakhtar Donetsk** in FC Shakhtar Donetsk vs Panathinaikos Athlitikos Omilos: Numbers: 2 and 9.
[4625401] Could not find attributes for davor matijas (HNK Gorica, 2025)
[4798423] Failed to build match row: Club Atlético Tucumán vs Club de Gimnasia y Esgrima La Plata
[4138036] Could not find attributes for orel dgani (Beitar Jerusalem, 2023)
[4692627] Failed to build match row: FC Shakhtar Donetsk vs Panathinaikos Athlitikos Omilos
[4363832] Could not find attributes for adrien thomasson (Racing Club de Lens, 2024)
[4138036] Failed to build match row: Beitar Jerusalem vs Panthessalonikios Athlitikos Omilos Konstantinoupoliton
[4363832] Failed to build match row: Paris Saint-Germain Football Club vs Racing Club de Lens
[4625401] Failed to build match row: HNK Gorica vs NK Slaven Belupo Koprivnica
[4649267] Could not find attributes for nuraly alip (AO FK Zenit Sankt-Peterburg, 2025)
[4649267] Failed to build match row: AO FK Zenit Sankt-Peterburg vs Футбольный клуб "Локомотив" Москва
[4715278] Could not find attributes for dmytro rudyk (Agrotekh Tyshkivka, 2025)
[4715278] Failed to build match row: Agrotekh Tyshkivka vs Chornomorets Odesa
[3949602] Could not find attributes for alvaro coque (CD Guijuelo, 2022)
[3949602] Failed to build match row: CD Guijuelo vs Deportivo de La Coruña
[4521564] Could not find attributes for takumi nagaishi (Avispa Fukuoka, 2024)
[4521564] Failed to build match row: Avispa Fukuoka vs Kashima Antlers FC
[4066664] Could not find attributes for oleksandr saputin (FC Zorya Lugansk, 2022)
[4066664] Failed to build match row: FC Zorya Lugansk vs FC Shakhtar Donetsk
[4647981] Could not find attributes for julian cuesta (Antalyaspor, 2025)
[4647981] Failed to build match row: Antalyaspor vs Fenerbahçe Spor Kulübü
[4098196] Could not find attributes for anis hadj moussa (Vitesse Arnhem, 2023)
[4098196] Failed to build match row: Vitesse Arnhem vs Football Club Twente
[3522915] Could not find attributes for yaroslav godzyur (Ural Yekaterinburg, 2020)
[3522915] Failed to build match row: Ural Yekaterinburg vs FK Rostov
[4627573] Could not find attributes for seiji kimura (Koninklijke Voetbal Club Westerlo, 2025)
[4627573] Failed to build match row: St Truiden vs Koninklijke Voetbal Club Westerlo
[3427072] Could not find attributes for robin yalcin (Sivasspor, 2020)
[3427072] Failed to build match row: Galatasaray Spor Kulübü vs Sivasspor
[4640793] Could not find attributes for zoran popovic (Železničar Pančevo, 2025)

Keepers & outfield error for **Motherwell Football Club** in Livingston Football Club vs Motherwell Football Club: Numbers: 0 and 11.
[4839849] Could not find attributes for joao tornich (Linzer Athletik-Sport-Klub, 2025)
[3603110] Failed to build match row: Livingston Football Club vs Motherwell Football Club
čeva krv
[4839849] Failed to build match row: Linzer Athletik-Sport-Klub vs Sportklub Puntigamer Sturm Graz
[4109447] Could not find attributes for robson bambu (Futebol Clube de Arouca, 2023)
[4109447] Failed to build match row: Futebol Clube de Arouca vs Futebol Clube do Porto
[4138037] Could not find attributes for lazar carevic (Fudbalski Klub Vojvodina, 2023)
[4138037] Failed to build match row: Fudbalski Klub Vojvodina vs APOEL Nicosia
[4550424] Could not find attributes for andrej djuric (Malmö Fotbollförening, 2024)
[4550424] Failed to build match row: Malmö Fotbollförening vs Göteborgs Atlet- och Idrottssällskap
[3433347] Could not find attributes for eldor shomurodov (Genoa Cricket and Football Club, 2020)
[3433347] Failed to build match row: Genoa Cricket and Football Club vs Bologna Football Club 1909
[4649268] Could not find attributes for rustam yatimov (FK Rostov, 2025)
[4647982] Could not find attributes for adem arous (Kasımpaşa A.Ş., 2025)
[4649268] Failed to build match row: FK Rostov vs Akron Togliatti
[3427073] Could not find attributes for munir el kajoui (Hatayspor, 2020)
[4647982] Failed to build match row: Kasımpaşa A.Ş. vs Çaykur Rizespor Kulübü
[3427073] Failed to build match row: Hatayspor vs Kayserispor Kulübü
[3464309] Could not find attributes for mario fernandes (PFK CSKA Moskva, 2020)
[3464309] Failed to build match row: PFK CSKA Moskva vs FC Khimki (-2025)
[4376767] Could not find attributes for tawanda maswanhise (Motherwell Football Club, 2024)
[4066665] Could not find attributes for yevgen volynets (FK Kolos Kovalivka, 2022)
[3613115] Could not find attributes for munir el kajoui (Hatayspor, 2021)
[4098197] Could not find attributes for tristan gooijer (AFC Ajax Amsterdam, 2023)
[4066665] Failed to build match row: FK Kolos Kovalivka vs Futbolniy Klub Dynamo Kyiv
[3613115] Failed to build match row: Hatayspor vs Fatih Karagümrük Sportif Faaliyetler San. Tic. A.Ş.
[4376767] Failed to build match row: Motherwell Football Club vs St. Johnstone FC
[4098197] Failed to build match row: AFC Ajax Amsterdam vs Football Club Utrecht
[4692726] Could not find attributes for brayan montano (Internacional de Bogotá, 2025)
[4692726] Failed to build match row: Internacional de Bogotá vs Unión Magdalena
[3901493] Could not find attributes for maksim bogatyrev (Electron Velikiy Novgorod, 2022)
[3901493] Failed to build match row: Electron Velikiy Novgorod vs SSh-7 Karelia
[3949603] Could not find attributes for ayoze placeres (CD Atlético Paso, 2022)
[3949603] Failed to build match row: CD Atlético Paso vs Real Murcia CF

Keepers & outfield error for **Club Atlético Osasuna** in Club Atlético Osasuna vs Club Atlético de Madrid S.A.D.: Numbers: 2 and 9.
[4839850] Could not find attributes for dominik reiter (Fußballclub Blau-Weiß Linz, 2025)
[4627617] Could not find attributes for evgeniy latyshonok (AO FK Zenit Sankt-Peterburg, 2025)
[3450985] Failed to build match row: Club Atlético Osasuna vs Club Atlético de Madrid S.A.D.
[4839850] Failed to build match row: Fußballclub Blau-Weiß Linz vs RZ Pellets Wolfsberger Athletiksport Club
[4556205] Could not find attributes for will tizzard (Queen's Park FC, 2024)
[4556205] Failed to build match row: Aberdeen Football Club vs Queen's Park FC
[4627617] Failed to build match row: AO FK Zenit Sankt-Peterburg vs FK Rostov
[3433348] Failed to scrape lineup: https://www.transfermarkt.co.uk/juventus-fc_us-sassuolo/index/spielbericht/3433348
[3844932] Could not find attributes for giuseppe pezzella (Unione Sportiva Lecce, 2022)
[4625402] Could not find attributes for osman hadzikic (NK Slaven Belupo Koprivnica, 2025)
[4625402] Failed to build match row: GNK Dinamo Zagreb vs NK Slaven Belupo Koprivnica
[3844932] Failed to build match row: Unione Sportiva Lecce vs US Salernitana 1919
[4138038] Could not find attributes for robin propper (Football Club Twente, 2023)
[4396911] Could not find attributes for sidoine fogning (Boavista FC, 2024)
[4138038] Failed to build match row: Hammarby IF vs Football Club Twente
[4640794] Could not find attributes for marko milosevic (Fudbalski Klub Partizan Beograd, 2025)
[4396911] Failed to build match row: Sport Lisboa e Benfica vs Boavista FC

Keepers & outfield error for **Olympique Lyonnais** in Olympique Lyonnais vs AS Saint-Étienne: Numbers: 0 and 11.
[4120901] Could not find attributes for sven sprangler (St. Johnstone FC, 2023)
[4640794] Failed to build match row: Fudbalski Klub Partizan Beograd vs Fudbalski klub Radnik Surdulica
[4120901] Failed to build match row: St. Johnstone FC vs Motherwell Football Club
[4363834] Failed to build match row: Olympique Lyonnais vs AS Saint-Étienne
[4649269] Could not find attributes for stanislav agkatsev (FK Krasnodar, 2025)
[4649269] Failed to build match row: FK Krasnodar vs FK Spartak Moskva
[4261512] Could not find attributes for deniz ertas (Konyaspor, 2023)
[4261512] Failed to build match row: Istanbulspor vs Konyaspor
[4098198] Could not find attributes for mickey van der hart (Sportclub Heerenveen, 2023)
[4098198] Failed to build match row: Sportclub Heerenveen vs Prins Hendrik Ende Desespereert Nimmer Combinatie Zwolle
[3427074] Could not find attributes for lewis baker (Trabzonspor Kulübü, 2020)
[3427074] Failed to build match row: Trabzonspor Kulübü vs Alanyaspor
[3729282] Failed to scrape lineup: https://www.transfermarkt.co.uk/spielbericht/index/spielbericht/3729282
[4373783] Could not find attributes for alexis claude maurice (Fußball-Club Augsburg 1907, 2024)
[3613116] Could not find attributes for mehdi zeffane (Yeni Malatyaspor, 2021)
[4373783] Failed to build match row: Fußball-Club Augsburg 1907 vs FC Bayern München
[3613116] Failed to build match row: Altay SK vs Yeni Malatyaspor
[4376768] Could not find attributes for lawrence shankland (Heart of Midlothian Football Club, 2024)
[3522916] Could not find attributes for maksim rudakov (FK Rostov, 2020)
[3522916] Failed to build match row: FK Rostov vs FK Krasnodar
[4376768] Failed to build match row: Rangers Football Club vs Heart of Midlothian Football Club
[4647983] Could not find attributes for ricardo velho (Gençlerbirliği Spor Kulübü, 2025)
[4715279] Could not find attributes for yaroslav poberezhets (Nyva Vinnytsya, 2025)
[4647983] Failed to build match row: Gençlerbirliği Spor Kulübü vs Kayserispor Kulübü
[4715279] Failed to build match row: Nyva Vinnytsya vs Girnyk-Sport Gorishni Plavni
[3901494] Could not find attributes for aleksandr ryabinkin (FC Kolomna, 2022)
[3901494] Failed to build match row: FC Kolomna vs Leon Saturn Ramenskoe
[3860205] Could not find attributes for hasan emre yesilyurt (Kasımpaşa A.Ş., 2022)
[3860205] Failed to build match row: Kasımpaşa A.Ş. vs Fenerbahçe Spor Kulübü

Keepers & outfield error for **Sporting Clube de Braga** in Sporting Clube de Braga vs Sport Lisboa e Benfica: Numbers: 0 and 11.
[3621560] Failed to build match row: Sporting Clube de Braga vs Sport Lisboa e Benfica
[3420462] Failed to scrape lineup: https://www.transfermarkt.co.uk/fc-oleksandriya_sc-dnipro-1/index/spielbericht/3420462
[4627618] Could not find attributes for aleksandr maksimenko (FK Spartak Moskva, 2025)
[4627618] Failed to build match row: FK Spartak Moskva vs Dinamo Makhachkala
[4472356] Could not find attributes for denis lopez (San Tirso SD, 2024)
[4066666] Could not find attributes for vladyslav rybak (SC Dnipro-1, 2022)
[4472356] Failed to build match row: San Tirso SD vs Espanol
[4649270] Could not find attributes for vladislav torop (PFK CSKA Moskva, 2025)
[4408837] Could not find attributes for konstantinos triantafyllopoulos (A.G.S Asteras Tripolis, 2024)
[4066666] Failed to build match row: SC Dnipro-1 vs Vorskla Poltava
[4408837] Failed to build match row: A.G.S Asteras Tripolis vs Aris Thessalonikis
[4363835] Could not find attributes for nikola maksimovic (Montpellier HSC, 2024)
[4120902] Could not find attributes for liam scales (The Celtic Football Club, 2023)
[4363835] Failed to build match row: Montpellier HSC vs Stade brestois 29
[4120902] Failed to build match row: Hibernian Football Club vs The Celtic Football Club
[4396912] Could not find attributes for lazar carevic (Futebol Clube de Famalicão, 2024)
[4640795] Could not find attributes for luka lijeskic (FK Radnički 1923 Kragujevac, 2025)
[4625403] Could not find attributes for marko malenica (NK Osijek s.d.d., 2025)
[4396912] Failed to build match row: Futebol Clube do Porto vs Futebol Clube de Famalicão
[3464310] Could not find attributes for anton shunin (FK Dinamo Moskva, 2020)
[4625403] Failed to build match row: NK Osijek s.d.d. vs HNK Gorica
Fudbalski Klub Radnički Niš
[3464310] Failed to build match row: FK Dinamo Moskva vs Arsenal Tula
[3655623] Could not find attributes for jacob hansen niklassen (VSK Aarhus, 2021)
[3655623] Failed to build match row: VSK Aarhus vs Fodbold Club Nordsjælland

Keepers & outfield error for **Associazione Sportiva Roma** in Associazione Sportiva Roma vs Unione Sportiva Lecce: Numbers: 0 and 11.
[3621561] Could not find attributes for ilija vukotic (Boavista FC, 2021)
[3730148] Failed to build match row: Associazione Sportiva Roma vs Unione Sportiva Lecce
[3621561] Failed to build match row: Boavista FC vs Sporting Clube de Portugal
[3901495] Could not find attributes for vladislav trubitsyn (Sakhalinets Moscow, 2022)

Keepers & outfield error for **İstanbul Başakşehir Futbol Kulübü** in İstanbul Başakşehir Futbol Kulübü vs Antalyaspor: Numbers: 2 and 9.

Keepers & outfield error for **Fortuna Sittardia Combinatie** in Fortuna Sittardia Combinatie vs Excelsior Rotterdam: Numbers: 0 and 11.
[4715280] Could not find attributes for vladyslav rybak (Metalist Kharkiv, 2025)

Keepers & outfield error for **FC Girondins Bordeaux** in Racing Club de Strasbourg Alsace vs FC Girondins Bordeaux: Numbers: 2 and 9.
[4098199] Failed to build match row: Fortuna Sittardia Combinatie vs Excelsior Rotterdam
[3901495] Failed to build match row: Sakhalinets Moscow vs FC Balashikha
[3613117] Failed to build match row: İstanbul Başakşehir Futbol Kulübü vs Antalyaspor
[3427075] Could not find attributes for sidney sam (Antalyaspor, 2020)
[4263306] Could not find attributes for panagiotis katsikas (Panserraikos Serres, 2023)
[4715280] Failed to build match row: Metalist Kharkiv vs LNZ Cherkasy
[3427075] Failed to build match row: Antalyaspor vs Kasımpaşa A.Ş.
[3589264] Failed to build match row: Racing Club de Strasbourg Alsace vs FC Girondins Bordeaux
Konstantinoupoliton
[4647984] Could not find attributes for godfried frimpong (Kasımpaşa A.Ş., 2025)
[4647984] Failed to build match row: Konyaspor vs Kasımpaşa A.Ş.
[3450986] Could not find attributes for antonio barragan (Elche Club de Fútbol S.A.D., 2020)
[3450986] Failed to build match row: Real Betis Balompié S.A.D. vs Elche Club de Fútbol S.A.D.
[4627619] Could not find attributes for andrey lunev (FK Dinamo Moskva, 2025)
[4627619] Failed to build match row: FK Dinamo Moskva vs FK Baltika
[3420463] Could not find attributes for dmytro riznyk (Vorskla Poltava, 2020)
[3420463] Failed to build match row: Vorskla Poltava vs FK Mariupol
[4556276] Could not find attributes for lawrence shankland (Heart of Midlothian Football Club, 2024)
[4556276] Failed to build match row: Heart of Midlothian Football Club vs Dundee Football Club
[4368086] Could not find attributes for marvin young (Sparta Rotterdam, 2024)
[4368086] Failed to build match row: Football Club Utrecht vs Sparta Rotterdam
[3522917] Could not find attributes for giorgiy shelia (RFK Akhmat Grozny, 2020)
[3522917] Failed to build match row: RFK Akhmat Grozny vs FK Spartak Moskva

Keepers & outfield error for **Club Atlético Aldosivi** in Club Atlético Sarmiento vs Club Atlético Aldosivi: Numbers: 0 and 11.
[4798425] Failed to build match row: Club Atlético Sarmiento vs Club Atlético Aldosivi
[4839851] Could not find attributes for rassa rahmani (Sportclub Rheindorf Altach, 2025)
[4120903] Could not find attributes for danny armstrong (Kilmarnock Football Club, 2023)
aft Swarovski Tirol
[3603113] Could not find attributes for barrie mckay (Heart of Midlothian Football Club, 2021)
[4120903] Failed to build match row: Kilmarnock Football Club vs Aberdeen Football Club
[4408838] Could not find attributes for gelson martins (Olympiakos Syndesmos Filathlon Peiraios, 2024)
[3603113] Failed to build match row: Dundee Football Club vs Heart of Midlothian Football Club
[4408838] Failed to build match row: Olympiakos Syndesmos Filathlon Peiraios vs PAS Lamia 1964
[4625404] Could not find attributes for martin zlomislic (Hrvatski Nogometni Klub Rijeka, 2025)
[4625404] Failed to build match row: Hrvatski Nogometni Klub Rijeka vs NK Istra 1961
[4373785] Could not find attributes for rani khedira (1. Fußballclub Union Berlin, 2024)
[4373785] Failed to build match row: 1. Fußballclub Union Berlin vs Verein für Leibesübungen Wolfsburg

Keepers & outfield error for **Utebo FC** in Utebo FC vs Mérida AD: Numbers: 0 and 11.
[3949604] Failed to build match row: Utebo FC vs Mérida AD
[4268845] Could not find attributes for praxitelis vouros (Omilos Filathlon Irakliou FC, 2023)
[4268845] Failed to build match row: Omilos Filathlon Irakliou FC vs Panetolikos Agrinio
[4066667] Could not find attributes for andriy klishchuk (FK Kryvbas Kryvyi Rig, 2022)
[4066667] Failed to build match row: FK Kryvbas Kryvyi Rig vs Metalist Kharkiv
[3860207] Could not find attributes for campanharo (Kayserispor Kulübü, 2022)
[3860207] Failed to build match row: Kayserispor Kulübü vs Istanbulspor

Keepers & outfield error for **Wolverhampton Wanderers Football Club** in Wolverhampton Wanderers Football Club vs Nottingham Forest Football Club: Numbers: 0 and 11.
[4361519] Failed to build match row: Wolverhampton Wanderers Football Club vs Nottingham Forest Football Club
[4138039] Could not find attributes for romeo vermant (Club Brugge Koninklijke Voetbalvereniging, 2023)
[4138039] Failed to build match row: Aarhus Gymnastik Forening vs Club Brugge Koninklijke Voetbalvereniging
[3613118] Could not find attributes for yunus akgun (Adana Demirspor, 2021)
[3613118] Failed to build match row: Adana Demirspor vs Sivasspor
[4368087] Could not find attributes for mark spenkelink (RKC Waalwijk, 2024)
[4368087] Failed to build match row: Feyenoord Rotterdam vs RKC Waalwijk
[3598102] Could not find attributes for vini souza (Yellow-Red Koninklijke Voetbalclub Mechelen, 2021)
[3427076] Could not find attributes for adil demirbag (Konyaspor, 2020)
[3598102] Failed to build match row: Koninklijke Atletiek Associatie Gent vs Yellow-Red Koninklijke Voetbalclub Mechelen
[3427076] Failed to build match row: Konyaspor vs Fenerbahçe Spor Kulübü
[3420588] Could not find attributes for orest kostyk (PFK Lviv, 2020)
[3522918] Could not find attributes for roman evgenjev (FK Dinamo Moskva, 2020)
[3420588] Failed to build match row: FC Shakhtar Donetsk vs PFK Lviv
[3522918] Failed to build match row: FK Dinamo Moskva vs PFK CSKA Moskva
[3450987] Could not find attributes for javi ontiveros (SD Huesca, 2020)
[4625405] Failed to scrape lineup: https://www.transfermarkt.co.uk/nk-varazdin_hnk-vukovar-1991/index/spielbericht/4625405
[3450987] Failed to build match row: Real Madrid Club de Fútbol vs SD Huesca

Keepers & outfield error for **Torino Calcio** in Associazione Calcio Milan vs Torino Calcio: Numbers: 2 and 9.
[3433349] Failed to build match row: Associazione Calcio Milan vs Torino Calcio
[4649271] Could not find attributes for danila khotulev (FC Orenburg, 2025)
[4649271] Failed to build match row: FC Orenburg vs FK Sochi
[4408839] Could not find attributes for marko bakic (Omilos Filathlon Irakliou FC, 2024)
[4408839] Failed to build match row: Omilos Filathlon Irakliou FC vs Volou Neos Podosferikos Syllogos
[4640796] Could not find attributes for lazar balevic (Fudbalski klub Napredak Kruševac, 2025)
[4640796] Failed to build match row: Fudbalski klub Napredak Kruševac vs Fudbalski Klub IMT Novi Beograd

Keepers & outfield error for **Futebol Clube do Porto** in FC Paços de Ferreira vs Futebol Clube do Porto: Numbers: 0 and 11.
[3621562] Failed to build match row: FC Paços de Ferreira vs Futebol Clube do Porto
[4798426] Could not find attributes for francisco romero (Asociación Atlética Estudiantes, 2025)
[4692727] Could not find attributes for freddy espinal (Asociación Deportivo Pasto, 2025)
[4798426] Failed to build match row: Asociación Atlética Estudiantes vs Club Atlético River Plate
[4692727] Failed to build match row: Asociación Deportivo Pasto vs Envigado FC
[3655624] Could not find attributes for marcus sorensen (Boldklubben Marienlyst, 2021)
[3655624] Failed to build match row: Boldklubben Marienlyst vs Middelfart Boldklub
[4647985] Could not find attributes for taylan antalyali (Çaykur Rizespor Kulübü, 2025)
[4647985] Failed to build match row: Çaykur Rizespor Kulübü vs Antalyaspor
[4172321] Could not find attributes for dominik takac (Spartak Trnava, 2023)
[4172321] Failed to build match row: Spartak Trnava vs Ludogorets Razgrad
[4066668] Could not find attributes for oleksandr bandura (FC Minaj, 2022)
[4066668] Failed to build match row: FC Minaj vs FC Rukh Lviv
[3464311] Could not find attributes for maksim mukhin (Футбольный клуб "Локомотив" Москва, 2020)
[3464311] Failed to build match row: Футбольный клуб "Локомотив" Москва vs FC Rubin Kazan

Keepers & outfield error for **1. Fußball- und Sportverein Mainz 05** in FC Bayern München vs 1. Fußball- und Sportverein Mainz 05: Numbers: 2 and 9.
[3839213] Failed to build match row: FC Bayern München vs 1. Fußball- und Sportverein Mainz 05

Keepers & outfield error for **Associazione Calcio Milan** in Associazione Calcio Milan vs Unione Sportiva Lecce: Numbers: 2 and 9.
[4620906] Failed to build match row: Associazione Calcio Milan vs Unione Sportiva Lecce
[4715281] Could not find attributes for mykhaylo pruglo (Olimpia Savyntsi, 2025)
[4715281] Failed to build match row: Olimpia Savyntsi vs FC Lisne
[4095293] Could not find attributes for vini souza (Sheffield United, 2023)
[4095293] Failed to build match row: Crystal Palace Football Club vs Sheffield United

Keepers & outfield error for **Livingston Football Club** in Livingston Football Club vs Dundee Football Club: Numbers: 2 and 9.
[4120904] Failed to build match row: Livingston Football Club vs Dundee Football Club
[3427077] Could not find attributes for mattias johansson (Gençlerbirliği Spor Kulübü, 2020)
[3427077] Failed to build match row: Gençlerbirliği Spor Kulübü vs İstanbul Başakşehir Futbol Kulübü
[4627620] Could not find attributes for anton mitryushkin (Футбольный клуб "Локомотив" Москва, 2025)
[4625406] Could not find attributes for dario maresic (HNK Hajduk Split, 2025)
[4627620] Failed to build match row: Футбольный клуб "Локомотив" Москва vs FK Sochi
[4625406] Failed to build match row: HNK Hajduk Split vs NK Lokomotiva Zagreb
[4377051] Could not find attributes for alessio castellini (Catania FC, 2024)
[4377051] Failed to build match row: Carrarese Calcio 1908 vs Catania FC

Keepers & outfield error for **AVS Futebol SAD** in AVS Futebol SAD vs Casa Pia Atlético Clube: Numbers: 0 and 11.
[4396914] Failed to build match row: AVS Futebol SAD vs Casa Pia Atlético Clube
[4556277] Could not find attributes for jerome prior (Livingston Football Club, 2024)
[4408840] Could not find attributes for bernabe barragan (Athens Kallithea, 2024)
[4556277] Failed to build match row: Livingston Football Club vs St. Johnstone FC
[4268880] Could not find attributes for tonny vilhena (Panathinaikos Athlitikos Omilos, 2023)
[4408840] Failed to build match row: Panathinaikos Athlitikos Omilos vs Athens Kallithea
[4268880] Failed to build match row: Panathinaikos Athlitikos Omilos vs APS Atromitos Athinon
[3420589] Could not find attributes for oleksandr bandura (FC Rukh Lviv, 2020)
[3420589] Failed to build match row: FC Rukh Lviv vs Futbolniy Klub Dynamo Kyiv

Keepers & outfield error for **FC Girondins Bordeaux** in FC Girondins Bordeaux vs Olympique Lyonnais: Numbers: 2 and 9.
[3589272] Failed to build match row: FC Girondins Bordeaux vs Olympique Lyonnais
[4373786] Could not find attributes for tom krauss (VfL Bochum, 2024)
[4373786] Failed to build match row: VfL Bochum vs Verein für Bewegungsspiele Stuttgart 1893
[4649272] Could not find attributes for evgeniy staver (FC Rubin Kazan, 2025)
[4649272] Failed to build match row: FC Rubin Kazan vs FK Dinamo Moskva
[4647986] Could not find attributes for dorukhan tokoz (Kayserispor Kulübü, 2025)
[4647986] Failed to build match row: Kayserispor Kulübü vs Trabzonspor Kulübü
[4138040] Could not find attributes for emir dilaver (Hrvatski Nogometni Klub Rijeka, 2023)
[4138040] Failed to build match row: Hrvatski Nogometni Klub Rijeka vs KF Dukagjini
[4066669] Could not find attributes for bogdan kogut (NK Veres Rivne, 2022)
[4066669] Failed to build match row: NK Veres Rivne vs FC Oleksandriya
[3427078] Could not find attributes for atiba hutchinson (Beşiktaş Jimnastik Kulübü, 2020)
[4095294] Could not find attributes for djordje petrovic (Chelsea Football Club, 2023)
[3427078] Failed to build match row: Beşiktaş Jimnastik Kulübü vs Gaziantep Futbol Kulübü A.Ş.
[4095294] Failed to build match row: Liverpool Football Club vs Chelsea Football Club
[3464312] Could not find attributes for sergey ryzhikov (PFK Tambov (-2021), 2020)
[3464312] Failed to build match row: FK Spartak Moskva vs PFK Tambov (-2021)
[4521566] Could not find attributes for hiroki iikura (Yokohama Marinos, 2024)
[4521566] Failed to build match row: Yokohama Marinos vs Tokyo Football Club
[3949605] Could not find attributes for samu gomis (CP Cacereño, 2022)
[3949605] Failed to build match row: CP Cacereño vs Córdoba CF
[4408841] Could not find attributes for luka gugeshashvili (Panserraikos Serres, 2024)
[4408841] Failed to build match row: Panserraikos Serres vs Panetolikos Agrinio

Keepers & outfield error for **Sporting Clube de Portugal** in Sporting Clube de Portugal vs Moreirense Futebol Clube: Numbers: 0 and 11.
[4396915] Failed to build match row: Sporting Clube de Portugal vs Moreirense Futebol Clube
[4431103] Could not find attributes for robert zulj (Linzer Athletik-Sport-Klub, 2024)
[4431103] Failed to build match row: Linzer Athletik-Sport-Klub vs SC Fotbal Club FCSB SA
[3655625] Could not find attributes for jannich storch (Nyköbing FC, 2021)
[3655625] Failed to build match row: Nyköbing FC vs Football Club København

Keepers & outfield error for **Associazione Sportiva Roma** in Società Sportiva Calcio Napoli vs Associazione Sportiva Roma: Numbers: 0 and 11.
[3844934] Failed to build match row: Società Sportiva Calcio Napoli vs Associazione Sportiva Roma
[4172322] Failed to build match row: Spartak Trnava vs Fodbold Club Nordsjælland
[4363838] Could not find attributes for adrien thomasson (Racing Club de Lens, 2024)
[4363838] Failed to build match row: Racing Club de Lens vs Football Club de Nantes

Keepers & outfield error for **Astur CF** in Astur CF vs Real Valladolid CF: Numbers: 2 and 9.
[4472357] Failed to build match row: Astur CF vs Real Valladolid CF

Keepers & outfield error for **Motherwell Football Club** in Motherwell Football Club vs Ross County FC: Numbers: 0 and 11.
[4120905] Failed to build match row: Motherwell Football Club vs Ross County FC
[4373787] Could not find attributes for tiago pereira cardoso (Mönchengladbach, 2024)
[3420590] Could not find attributes for mykyta shevchenko (FC Zorya Lugansk, 2020)
[4098200] Could not find attributes for robin propper (Football Club Twente, 2023)
[4373787] Failed to build match row: Fußball-Club St. Pauli von 1910 vs Mönchengladbach
[4098200] Failed to build match row: Football Club Twente vs Almere City FC
[3420590] Failed to build match row: FC Zorya Lugansk vs FK Kolos Kovalivka
[4743297] Could not find attributes for marko perovic (UD Almería, 2025)
[4743297] Failed to build match row: CF Lorca Deportiva vs UD Almería
[4625407] Could not find attributes for tino jukic (NK Lokomotiva Zagreb, 2025)
[4625407] Failed to build match row: NK Lokomotiva Zagreb vs GNK Dinamo Zagreb
[3603115] Could not find attributes for stephane omeonga (Livingston Football Club, 2021)
[3603115] Failed to build match row: Livingston Football Club vs Ross County FC

Keepers & outfield error for **Real Betis Balompié S.A.D.** in Real Betis Balompié S.A.D. vs Real Sociedad de Fútbol S.A.D.: Numbers: 2 and 9.
[4645487] Failed to build match row: Real Betis Balompié S.A.D. vs Real Sociedad de Fútbol S.A.D.
[3522919] Could not find attributes for aleksandr silyanov (Футбольный клуб "Локомотив" Москва, 2020)
[3522919] Failed to build match row: Футбольный клуб "Локомотив" Москва vs Ural Yekaterinburg
[4138041] Could not find attributes for javi duro (Inter Club d'Escaldes, 2023)
[4138041] Failed to build match row: Hibernian Football Club vs Inter Club d'Escaldes
[4066670] Could not find attributes for oleksiy palamarchuk (Ingulets Petrove, 2022)
[4066670] Failed to build match row: Ingulets Petrove vs TOV FK Metalist 1925 Kharkiv
[4640797] Could not find attributes for djordje skoko (Fudbalski Klub Javor Matis Ivanjica, 2025)
[4640797] Failed to build match row: Fudbalski Klub Javor Matis Ivanjica vs Fudbalski Klub Radnički Niš

Keepers & outfield error for **Sport Lisboa e Benfica** in Sport Lisboa e Benfica vs Futebol Clube do Porto: Numbers: 2 and 9.

Keepers & outfield error for **Manchester City Football Club** in Manchester City Football Club vs Burnley Football Club: Numbers: 0 and 11.
[3621564] Failed to build match row: Sport Lisboa e Benfica vs Futebol Clube do Porto
[4095295] Failed to build match row: Manchester City Football Club vs Burnley Football Club
[3598104] Could not find attributes for aske sampers (Cercle Brugge Koninklijke Sportvereniging, 2021)
[3598104] Failed to build match row: Cercle Brugge Koninklijke Sportvereniging vs Royal Sporting Club Anderlecht
[3464313] Could not find attributes for emanuel mammana (FK Sochi, 2020)
[3464313] Failed to build match row: FK Sochi vs RFK Akhmat Grozny

Keepers & outfield error for **Gil Vicente Futebol Clube** in Gil Vicente Futebol Clube vs FC Vizela: Numbers: 0 and 11.

Keepers & outfield error for **Cádiz CF** in Club Atlético de Madrid S.A.D. vs Cádiz CF: Numbers: 2 and 9.

Keepers & outfield error for **Valencia Club de Fútbol S. A. D.** in Valencia Club de Fútbol S. A. D. vs Real Club Deportivo Mallorca S.A.D.: Numbers: 2 and 9.
[4109449] Failed to build match row: Gil Vicente Futebol Clube vs FC Vizela
[3450990] Failed to build match row: Club Atlético de Madrid S.A.D. vs Cádiz CF
[3886366] Failed to build match row: Valencia Club de Fútbol S. A. D. vs Real Club Deportivo Mallorca S.A.D.
[4431104] Could not find attributes for edvin kurtulus (Ludogorets Razgrad, 2024)
[4431104] Failed to build match row: Ludogorets Razgrad vs FC Petrocub Hincesti
[4361522] Could not find attributes for abdoulaye doucoure (Everton Football Club, 2024)
[3844935] Could not find attributes for ibrahim sulemana (Verona Hellas Football Club, 2022)
[4521567] Could not find attributes for daiya maekawa (Rakuten Vissel Kobe, 2024)
[4839852] Could not find attributes for jussef nasrawe (Sportvereinigung Ried 1912, 2025)
[3844935] Failed to build match row: Udinese Calcio vs Verona Hellas Football Club
[4839852] Failed to build match row: Sportvereinigung Ried 1912 vs Grazer Athletiksport Klub 1902
[4361522] Failed to build match row: Everton Football Club vs Aston Villa Football Club
[4396916] Could not find attributes for andreas ntoi (Rio Ave Futebol Clube, 2024)
[4408842] Could not find attributes for lefteris choutesiotis (APS Atromitos Athinon, 2024)
[4396916] Failed to build match row: Rio Ave Futebol Clube vs Clube Desportivo Santa Clara
[4408842] Failed to build match row: Panthessalonikios Athlitikos Omilos Konstantinoupoliton vs APS Atromitos Athinon
[4172323] Could not find attributes for yusuf akcicek (Fenerbahçe Spor Kulübü, 2023)
[4373797] Could not find attributes for rani khedira (1. Fußballclub Union Berlin, 2024)

Keepers & outfield error for **Elche Club de Fútbol S.A.D.** in Elche Club de Fútbol S.A.D. vs Real Oviedo S.A.D.: Numbers: 0 and 11.
[4172323] Failed to build match row: Fodbold Club Nordsjælland vs Fenerbahçe Spor Kulübü
[4373797] Failed to build match row: Bayer 04 Leverkusen Fußball vs 1. Fußballclub Union Berlin
[4120906] Failed to build match row: Rangers Football Club vs Heart of Midlothian Football Club
[4645488] Failed to build match row: Elche Club de Fútbol S.A.D. vs Real Oviedo S.A.D.
[3420591] Could not find attributes for bogdan sarnavskyi (SC Dnipro-1, 2020)
[3420591] Failed to build match row: SC Dnipro-1 vs Desna Chernigiv
[4647988] Could not find attributes for tayyip talha sanuc (Gaziantep Futbol Kulübü A.Ş., 2025)
[4625408] Could not find attributes for denis pintol (HNK Vukovar 1991, 2025)
[4647988] Failed to build match row: Gaziantep Futbol Kulübü A.Ş. vs Fatih Karagümrük Sportif Faaliyetler San. Tic. A.Ş.
[4625408] Failed to build match row: HNK Vukovar 1991 vs HNK Hajduk Split
[4620909] Could not find attributes for francesco coppola (Pisa Sporting Club, 2025)
[3433352] Could not find attributes for jeff chabot (Spezia Calcio, 2020)
[3433352] Failed to build match row: Spezia Calcio vs UC Sampdoria
[4620909] Failed to build match row: Pisa Sporting Club vs Atalanta Bergamasca Calcio S.p.a.
[4627621] Could not find attributes for giorgiy shelia (RFK Akhmat Grozny, 2025)
[3464321] Could not find attributes for dejan lovren (AO FK Zenit Sankt-Peterburg, 2020)
[4692728] Could not find attributes for fabian viafara (Deportivo Cali, 2025)
[3464321] Failed to build match row: AO FK Zenit Sankt-Peterburg vs FK Dinamo Moskva
[4692728] Failed to build match row: Deportivo Cali vs Llaneros FC
[3655626] Could not find attributes for marcus mlynikowski (BK Fremad Amager, 2021)
[4627621] Failed to build match row: RFK Akhmat Grozny vs FC Rubin Kazan
[3655626] Failed to build match row: BK Fremad Amager vs Randers Fodbold Club
[4138042] Could not find attributes for julian cuesta (Aris Thessalonikis, 2023)
[4138042] Failed to build match row: Aris Thessalonikis vs FC Ararat-Armenia
[4098202] Could not find attributes for mickey van der hart (Sportclub Heerenveen, 2023)
[4066671] Could not find attributes for ilya olkhovyi (PFK Lviv, 2022)
[4098202] Failed to build match row: Sportclub Heerenveen vs Eindhovense Voetbalvereniging Philips Sport Vereniging
[4066671] Failed to build match row: PFK Lviv vs Chornomorets Odesa
[3839216] Could not find attributes for nikola soldo (1. Fußball-Club Köln, 2022)
[3839216] Failed to build match row: 1. Fußball-Club Köln vs Turn- und Sportgemeinschaft 1899 Hoffenheim Fußball-Spielbetriebs

Keepers & outfield error for **Motherwell Football Club** in Motherwell Football Club vs St. Johnstone FC: Numbers: 0 and 11.
[3603116] Failed to build match row: Motherwell Football Club vs St. Johnstone FC
[3860219] Could not find attributes for tayyip talha sanuc (Beşiktaş Jimnastik Kulübü, 2022)
[3860219] Failed to build match row: Beşiktaş Jimnastik Kulübü vs Trabzonspor Kulübü
[4268990] Could not find attributes for djordje petrovic (Chelsea Football Club, 2023)
[4268990] Failed to build match row: Chelsea Football Club vs Aston Villa Football Club
[4363840] Could not find attributes for ayyoub bouaddi (Lille Olympique Sporting Club, 2024)
[4363840] Failed to build match row: Olympique Gymnaste Club Nice Côte d'Azur vs Lille Olympique Sporting Club
[4431105] Could not find attributes for silviu smalenea (FC Petrocub Hincesti, 2024)
[4431105] Failed to build match row: FC Petrocub Hincesti vs Ludogorets Razgrad
[4640798] Could not find attributes for david stojanovic (Fudbalski klub Radnik Surdulica, 2025)
[4408843] Could not find attributes for bernabe barragan (Athens Kallithea, 2024)
[4640798] Failed to build match row: Fudbalski klub Radnik Surdulica vs Fudbalski Klub IMT Novi Beograd
[4408843] Failed to build match row: Athens Kallithea vs PAS Lamia 1964
[4120907] Could not find attributes for sven sprangler (St. Johnstone FC, 2023)
[4120907] Failed to build match row: Saint Mirren Football Club vs St. Johnstone FC
[4172324] Could not find attributes for noah sonko sundberg (Ludogorets Razgrad, 2023)
[4172324] Failed to build match row: Fodbold Club Nordsjælland vs Ludogorets Razgrad
[4839853] Could not find attributes for vasilije markovic (Fußballklub Austria Wien, 2025)
[4839853] Failed to build match row: Fußballclub Red Bull Salzburg vs Fußballklub Austria Wien

Keepers & outfield error for **CS Marítimo** in CS Marítimo vs Sport Lisboa e Benfica: Numbers: 0 and 11.
[3420593] Could not find attributes for maksym lopyryonok (FC Minaj, 2020)
[3420593] Failed to build match row: FC Minaj vs FK Mariupol
[3621565] Failed to build match row: CS Marítimo vs Sport Lisboa e Benfica
[4743298] Could not find attributes for facundo ackermann (UCAM Murcia CF, 2025)
[4743298] Failed to build match row: UCAM Murcia CF vs Cádiz CF

Keepers & outfield error for **Levante Unión Deportiva S.A.D.** in Girona Fútbol Club S. A. D. vs Levante Unión Deportiva S.A.D.: Numbers: 0 and 11.
[4645489] Failed to build match row: Girona Fútbol Club S. A. D. vs Levante Unión Deportiva S.A.D.
[4627622] Could not find attributes for aleksey tataev (FC Orenburg, 2025)
[3522920] Could not find attributes for rodion syamuk (PFK Tambov (-2021), 2020)
[4627622] Failed to build match row: FC Orenburg vs PFK CSKA Moskva
[3522920] Failed to build match row: PFK Tambov (-2021) vs AO FK Zenit Sankt-Peterburg

Keepers & outfield error for **Paris Saint-Germain Football Club** in Racing Club de Lens vs Paris Saint-Germain Football Club: Numbers: 2 and 9.
[3589273] Failed to build match row: Racing Club de Lens vs Paris Saint-Germain Football Club
[4625409] Could not find attributes for franko kolic (NK Istra 1961, 2025)
[4625409] Failed to build match row: NK Istra 1961 vs NK Varazdin
[4109450] Could not find attributes for leonardo lelo (Casa Pia Atlético Clube, 2023)
[4109450] Failed to build match row: Rio Ave Futebol Clube vs Casa Pia Atlético Clube
[4396917] Could not find attributes for luis esteves (Clube Desportivo Nacional, 2024)
[4396917] Failed to build match row: Clube Desportivo Nacional vs Gil Vicente Futebol Clube
[4839854] Could not find attributes for tom ritzy hulsmann (Turn- und Sportverein Egger Glas Hartberg, 2025)
[4839854] Failed to build match row: Sportklub Rapid vs Turn- und Sportverein Egger Glas Hartberg
[4431106] Could not find attributes for florin tanase (SC Fotbal Club FCSB SA, 2024)
[4431106] Failed to build match row: SC Fotbal Club FCSB SA vs Linzer Athletik-Sport-Klub
[4363841] Could not find attributes for haris belkebla (Angers Sporting Club de l'Ouest, 2024)
[4363841] Failed to build match row: Angers Sporting Club de l'Ouest vs Paris Saint-Germain Football Club
[4098203] Could not find attributes for kodai sano (Nijmegen Eendracht Combinatie, 2023)
Not enough players found for lineup: 11, 0.
[4098203] Failed to build match row: Nijmegen Eendracht Combinatie vs Alkmaar Zaanstreek
[4472358] Could not find attributes for pep payeras (UD Poblense, 2024)
[4472358] Failed to build match row: UD Poblense vs Villarreal Club de Fútbol S.A.D.
[4138043] Failed to scrape lineup: https://www.transfermarkt.co.uk/spielbericht/index/spielbericht/4138043
[4692729] Could not find attributes for yeison suarez (Junior FC, 2025)
[4692729] Failed to build match row: Junior FC vs Boyacá Chicó FC
[3901496] Failed to scrape lineup: https://www.transfermarkt.co.uk/spielbericht/index/spielbericht/3901496

Keepers & outfield error for **Club Social y Deportivo Defensa y Justicia** in Instituto Atlético Central Córdoba vs Club Social y Deportivo Defensa y Justicia: Numbers: 0 and 11.
[4798430] Failed to build match row: Instituto Atlético Central Córdoba vs Club Social y Deportivo Defensa y Justicia
[3860220] Could not find attributes for Görkem Sağlam (Giresunspor, 2022)
[3860220] Failed to build match row: Sivasspor vs Giresunspor
[4522562] Could not find attributes for emil holten (Fredrikstad Fotballklubb, 2024)
[4522562] Failed to build match row: Fredrikstad Fotballklubb vs Sportsklubben Brann
[4408844] Could not find attributes for julian cuesta (Aris Thessalonikis, 2024)
[4120908] Could not find attributes for liam scales (The Celtic Football Club, 2023)
[4408844] Failed to build match row: Aris Thessalonikis vs Omilos Filathlon Irakliou FC
[4120908] Failed to build match row: The Celtic Football Club vs Saint Mirren Football Club
[4625410] Could not find attributes for davor matijas (HNK Gorica, 2025)
[4625410] Failed to build match row: HNK Gorica vs Hrvatski Nogometni Klub Rijeka
[3621566] Could not find attributes for nino galovic (Futebol Clube de Arouca, 2021)
[3621566] Failed to build match row: Futebol Clube de Arouca vs FC Paços de Ferreira
[4640799] Could not find attributes for marin dulic (Fudbalski Klub Spartak Ždrepčeva krv, 2025)
[4640799] Failed to build match row: Fudbalski Klub Spartak Ždrepčeva krv vs Fudbalski klub Napredak Kruševac
[4645490] Could not find attributes for jose gaya (Valencia Club de Fútbol S. A. D., 2025)
[4645490] Failed to build match row: Valencia Club de Fútbol S. A. D. vs Athletic Club Bilbao
[4268991] Could not find attributes for djeidi gassama (Sheffield Wednesday, 2023)
[4268991] Failed to build match row: Sheffield Wednesday vs Coventry City
[4627623] Could not find attributes for nikita medvedev (FK Nizhny Novgorod, 2025)
[4715282] Could not find attributes for denys starchenko (Dengoff Denykhivka, 2025)
[4627623] Failed to build match row: FK Nizhny Novgorod vs FK Krasnodar
[3420594] Could not find attributes for artem kychak (Olimpik Donetsk, 2020)
[4715282] Failed to build match row: Dengoff Denykhivka vs Agrobiznes Volochysk
[3420594] Failed to build match row: Olimpik Donetsk vs Vorskla Poltava

Keepers & outfield error for **Manchester City Football Club** in Brentford Football Club vs Manchester City Football Club: Numbers: 0 and 11.
[4095298] Failed to build match row: Brentford Football Club vs Manchester City Football Club
[4172325] Could not find attributes for dominik takac (Spartak Trnava, 2023)

Keepers & outfield error for **Villarreal Club de Fútbol S.A.D.** in Villarreal Club de Fútbol S.A.D. vs UD Almería: Numbers: 2 and 9.
[3886369] Failed to build match row: Villarreal Club de Fútbol S.A.D. vs UD Almería
[4172325] Failed to build match row: Fodbold Club Nordsjælland vs Spartak Trnava
[3433354] Could not find attributes for matteo lovato (Verona Hellas Football Club, 2020)

Keepers & outfield error for **Grupo Desportivo Estoril Praia** in Grupo Desportivo Estoril Praia vs Sporting Clube de Braga: Numbers: 0 and 11.
[3433354] Failed to build match row: Verona Hellas Football Club vs FC Crotone
[4396918] Failed to build match row: Grupo Desportivo Estoril Praia vs Sporting Clube de Braga
[4109451] Could not find attributes for nilton (Club Football Estrela da Amadora, 2023)
[4109451] Failed to build match row: Club Football Estrela da Amadora vs Portimonense SC
[3731378] Could not find attributes for marios siampanis (Aris Thessalonikis, 2021)
[3731378] Failed to build match row: Aris Thessalonikis vs Volou Neos Podosferikos Syllogos
[3450992] Could not find attributes for antonio barragan (Elche Club de Fútbol S.A.D., 2020)
[3450992] Failed to build match row: Elche Club de Fútbol S.A.D. vs Celta
[4839855] Could not find attributes for joao tornich (Linzer Athletik-Sport-Klub, 2025)
[4839855] Failed to build match row: Sportklub Puntigamer Sturm Graz vs Linzer Athletik-Sport-Klub

Keepers & outfield error for **Go Ahead Eagles** in Eindhovense Voetbalvereniging Philips Sport Vereniging vs Go Ahead Eagles: Numbers: 0 and 11.
[4559305] Failed to build match row: Eindhovense Voetbalvereniging Philips Sport Vereniging vs Go Ahead Eagles
[3522921] Could not find attributes for yuriy dyupin (FC Rubin Kazan, 2020)
[3522921] Failed to build match row: FC Rubin Kazan vs Rotor Volgograd
[4743299] Could not find attributes for antonio fernandez (Club Atlético Antoniano, 2025)
[4743299] Failed to build match row: Club Atlético Antoniano vs CD Castellón
[4067106] Could not find attributes for brian kinnear (Falkirk Football & Athletic Club, 2022)
[4640800] Could not find attributes for nair tiknizyan (Fudbalski klub Crvena zvezda Beograd, 2025)
[4408845] Could not find attributes for lefteris choutesiotis (APS Atromitos Athinon, 2024)

Keepers & outfield error for **Società Sportiva Lazio S.p.A.** in Verona Hellas Football Club vs Società Sportiva Lazio S.p.A.: Numbers: 2 and 9.
[4067106] Failed to build match row: Falkirk Football & Athletic Club vs Inverness Caledonian Thistle FC
[4640800] Failed to build match row: Fudbalski klub Crvena zvezda Beograd vs FK Radnički 1923 Kragujevac
[4408845] Failed to build match row: APS Atromitos Athinon vs A.G.S Asteras Tripolis
[3731379] Could not find attributes for nikolaos melissas (Panetolikos Agrinio, 2021)
[4120909] Could not find attributes for mohamad sylla (Dundee Football Club, 2023)
[4625411] Could not find attributes for osman hadzikic (NK Slaven Belupo Koprivnica, 2025)
[3844938] Failed to build match row: Verona Hellas Football Club vs Società Sportiva Lazio S.p.A.
[3731379] Failed to build match row: Panetolikos Agrinio vs PAS Giannina
[4120909] Failed to build match row: Dundee Football Club vs Rangers Football Club
[4839856] Could not find attributes for isak dahlqvist (Fußballclub Blau-Weiß Linz, 2025)

Keepers & outfield error for **Galatasaray Spor Kulübü** in Beşiktaş Jimnastik Kulübü vs Galatasaray Spor Kulübü: Numbers: 2 and 9.
[4627624] Could not find attributes for vitaliy gudiev (Akron Togliatti, 2025)
[4625411] Failed to build match row: NK Slaven Belupo Koprivnica vs NK Osijek s.d.d.
[3860221] Could not find attributes for gokhan akkan (MKE Ankaragücü, 2022)
[4620911] Could not find attributes for jesper karlstrom (Udinese Calcio, 2025)
[4839856] Failed to build match row: Fußballclub Blau-Weiß Linz vs Sportclub Rheindorf Altach
[4647990] Failed to build match row: Beşiktaş Jimnastik Kulübü vs Galatasaray Spor Kulübü
Not enough players found for lineup: 0, 11.
[4627624] Failed to build match row: Akron Togliatti vs PFK Krylya Sovetov Samara
[4396919] Could not find attributes for bruno varela (Vitória Sport Clube, 2024)
[4620911] Failed to build match row: Udinese Calcio vs Football Club Internazionale Milano S.p.A.
[3860221] Failed to build match row: MKE Ankaragücü vs Fenerbahçe Spor Kulübü
[4373800] Could not find attributes for kevin muller (1. Fußballclub Heidenheim 1846, 2024)
[4396919] Failed to build match row: Vitória Sport Clube vs Sport Lisboa e Benfica
[3901497] Could not find attributes for anton trubin (Temp Barnaul, 2022)
icht/index/spielbericht/4172544
[4373800] Failed to build match row: Eintracht Frankfurt Fußball AG vs 1. Fußballclub Heidenheim 1846

Keepers & outfield error for **Go Ahead Eagles** in Go Ahead Eagles vs Sportclub Heerenveen: Numbers: 0 and 11.
[4368088] Failed to build match row: Go Ahead Eagles vs Sportclub Heerenveen
[4715283] Could not find attributes for maksym tatarenko (FC Chernigiv, 2025)
[4715283] Failed to build match row: FC Chernigiv vs FK Kryvbas Kryvyi Rig
[3603118] Could not find attributes for kieran offord (Saint Mirren Football Club, 2021)
[3901497] Failed to build match row: Temp Barnaul vs Dinamo Barnaul
[3420595] Could not find attributes for igor lytovka (Desna Chernigiv, 2020)
[3603118] Failed to build match row: Saint Mirren Football Club vs The Celtic Football Club

Keepers & outfield error for **SC Farense** in SC Farense vs Futebol Clube de Famalicão: Numbers: 2 and 9.
[3420595] Failed to build match row: Desna Chernigiv vs FC Shakhtar Donetsk
[4109452] Failed to build match row: SC Farense vs Futebol Clube de Famalicão
[3433355] Could not find attributes for eldor shomurodov (Genoa Cricket and Football Club, 2020)
[3433355] Failed to build match row: Atalanta Bergamasca Calcio S.p.a. vs Genoa Cricket and Football Club
[3522922] Could not find attributes for aleksandr belenov (FK Ufa, 2020)
[4559306] Could not find attributes for suf podgoreanu (Heracles Almelo, 2024)
[4559306] Failed to build match row: Heracles Almelo vs Alkmaar Zaanstreek

Keepers & outfield error for **Deportes Tolima** in Deportes Tolima vs Atlético Nacional: Numbers: 2 and 9.
[4692730] Failed to build match row: Deportes Tolima vs Atlético Nacional
[3427079] Could not find attributes for muris mesanovic (Denizlispor, 2020)
[3427079] Failed to build match row: Denizlispor vs Yeni Malatyaspor
[3613119] Could not find attributes for bilal bayazit (Kayserispor Kulübü, 2021)
[3613119] Failed to build match row: Kayserispor Kulübü vs Konyaspor
[4625412] Could not find attributes for bruno goda (GNK Dinamo Zagreb, 2025)
[4625412] Failed to build match row: GNK Dinamo Zagreb vs NK Osijek s.d.d.

Keepers & outfield error for **Sporting Clube de Portugal** in Sporting Clube de Portugal vs Clube Desportivo Santa Clara: Numbers: 0 and 11.
[3621568] Failed to build match row: Sporting Clube de Portugal vs Clube Desportivo Santa Clara

Keepers & outfield error for **SC Farense** in SC Farense vs Boavista FC: Numbers: 3 and 8.
[4396920] Failed to build match row: SC Farense vs Boavista FC
[4095300] Could not find attributes for vitinho (Burnley Football Club, 2023)
[4095300] Failed to build match row: Burnley Football Club vs Fulham Football Club
[3731380] Could not find attributes for darko jevtic (Athlitiki Enosi Konstantinoupoleos, 2021)
[3731380] Failed to build match row: Athlitiki Enosi Konstantinoupoleos vs Apollon Smyrnis
[4625413] Failed to scrape lineup: https://www.transfermarkt.co.uk/slaven-belupo-koprivnica_hnk-rijeka/index/spielbericht/4625413
[4839857] Could not find attributes for beres owusu (Grazer Athletiksport Klub 1902, 2025)

Keepers & outfield error for **Atalanta Bergamasca Calcio S.p.a.** in Atalanta Bergamasca Calcio S.p.a. vs Parma Calcio 1913: Numbers: 2 and 9.
[4640801] Could not find attributes for balsa popovic (Omladinski fudbalski klub Beograd, 2025)
[4620913] Failed to build match row: Atalanta Bergamasca Calcio S.p.a. vs Parma Calcio 1913
[4363843] Could not find attributes for hamzat ojediran (Racing Club de Lens, 2024)
[4839857] Failed to build match row: RZ Pellets Wolfsberger Athletiksport Club vs Grazer Athletiksport Klub 1902
[4522563] Could not find attributes for henrik bjordal (Vålerengens Idrettsforening, 2024)
[4640801] Failed to build match row: Omladinski fudbalski klub Beograd vs Fudbalski Klub Partizan Beograd
[4522563] Failed to build match row: Vålerengens Idrettsforening vs Viking Fotballklubb

Keepers & outfield error for **Alanyaspor** in Alanyaspor vs Gençlerbirliği Spor Kulübü: Numbers: 0 and 11.
[4363843] Failed to build match row: Racing Club de Lens vs Olympique de Marseille
[4647991] Failed to build match row: Alanyaspor vs Gençlerbirliği Spor Kulübü

Keepers & outfield error for **Sporting Clube de Braga** in Sporting Clube de Portugal vs Sporting Clube de Braga: Numbers: 0 and 11.
[3603119] Could not find attributes for liel abada (The Celtic Football Club, 2021)
[3603119] Failed to build match row: The Celtic Football Club vs Ross County FC
[4172893] Could not find attributes for panagiotis tsintotas (APS Atromitos Athinon, 2023)
[4109453] Failed to build match row: Sporting Clube de Portugal vs Sporting Clube de Braga
[4172893] Failed to build match row: APS Atromitos Athinon vs Olympiakos Syndesmos Filathlon Peiraios
[4627625] Could not find attributes for aleksandr maksimenko (FK Spartak Moskva, 2025)
[4431111] Could not find attributes for kevin muller (1. Fußballclub Heidenheim 1846, 2024)
[4627625] Failed to build match row: FK Spartak Moskva vs FK Baltika
[4431111] Failed to build match row: 1. Fußballclub Heidenheim 1846 vs BK Häcken
[4098205] Could not find attributes for cisse sandra (Excelsior Rotterdam, 2023)
[4098205] Failed to build match row: AFC Ajax Amsterdam vs Excelsior Rotterdam
[4361526] Could not find attributes for harry wilson (Fulham Football Club, 2024)
[4361526] Failed to build match row: West Ham United Football Club vs Fulham Football Club

Keepers & outfield error for **Verona Hellas Football Club** in Bologna Football Club 1909 vs Verona Hellas Football Club: Numbers: 2 and 9.
[3433356] Failed to build match row: Bologna Football Club 1909 vs Verona Hellas Football Club
[3839220] Could not find attributes for michael gregoritsch (Sport-Club Freiburg, 2022)
[3839220] Failed to build match row: FC Schalke 04 vs Sport-Club Freiburg

Keepers & outfield error for **Espanol** in Real Madrid Club de Fútbol vs Espanol: Numbers: 2 and 9.
[4645493] Failed to build match row: Real Madrid Club de Fútbol vs Espanol
[4692731] Could not find attributes for emmanuel olivera (Independiente Santa Fe, 2025)
[4692731] Failed to build match row: Independiente Santa Fe vs CD América de Cali
[4377052] Could not find attributes for andrea zaccagno (SEF Torres 1903, 2024)
[4377052] Failed to build match row: SEF Torres 1903 vs Mantova 1911

Keepers & outfield error for **SD Eibar** in SD Huesca vs SD Eibar: Numbers: 2 and 9.
[3450994] Failed to build match row: SD Huesca vs SD Eibar
[3427080] Could not find attributes for adolphe teikeu (Erzurumspor FK, 2020)
[3427080] Failed to build match row: Erzurumspor FK vs Trabzonspor Kulübü
[3420596] Could not find attributes for ilya zabarnyi (Futbolniy Klub Dynamo Kyiv, 2020)
[3420596] Failed to build match row: Futbolniy Klub Dynamo Kyiv vs FC Zorya Lugansk

Keepers & outfield error for **CF Rayo Majadahonda** in CD Ibiza Islas Pitiusas vs CF Rayo Majadahonda: Numbers: 0 and 11.
[4408846] Could not find attributes for kyriakos aslanidis (Volou Neos Podosferikos Syllogos, 2024)
[3949606] Failed to build match row: CD Ibiza Islas Pitiusas vs CF Rayo Majadahonda
[4408846] Failed to build match row: Volou Neos Podosferikos Syllogos vs Athlitiki Enosi Konstantinoupoleos

Keepers & outfield error for **Club Atlético Osasuna** in Club Atlético Osasuna vs Real Valladolid CF: Numbers: 2 and 9.
[3886386] Failed to build match row: Club Atlético Osasuna vs Real Valladolid CF
[3464322] Could not find attributes for evgeniy gorodov (FK Krasnodar, 2020)

Keepers & outfield error for **SC Farense** in Club Football Estrela da Amadora vs SC Farense: Numbers: 3 and 8.
[3464322] Failed to build match row: FK Krasnodar vs Футбольный клуб "Локомотив" Москва
[4396921] Failed to build match row: Club Football Estrela da Amadora vs SC Farense
[3860222] Could not find attributes for adi mehremic (Istanbulspor, 2022)
[3860222] Failed to build match row: İstanbul Başakşehir Futbol Kulübü vs Istanbulspor
[4647992] Could not find attributes for jerome onguene (Eyüp Spor Kulübü, 2025)
[4647992] Failed to build match row: Eyüp Spor Kulübü vs Kocaelispor Kulübü
[4649273] Could not find attributes for maksim borisko (FK Baltika, 2025)
[4743300] Could not find attributes for alagy oliveira (Torrent CF, 2025)
[4095301] Could not find attributes for djordje petrovic (Chelsea Football Club, 2023)
[4743300] Failed to build match row: Torrent CF vs Juventud Torremolinos CF
[4109454] Could not find attributes for nuno santos (Vitória Sport Clube, 2023)
[4138044] Could not find attributes for daniel naumov (CSKA 1948, 2023)
[4649273] Failed to build match row: FK Baltika vs RFK Akhmat Grozny
[4640802] Could not find attributes for dragan rosic (Fudbalski Klub Vojvodina, 2025)
[4095301] Failed to build match row: Chelsea Football Club vs Wolverhampton Wanderers Football Club
[4172924] Could not find attributes for milan borjan (Slovan Bratislava, 2023)
[3522923] Could not find attributes for ilya lantratov (FC Khimki (-2025), 2020)
[3901498] Could not find attributes for nikita merzlyuk (FShM Moskau, 2022)
[4109454] Failed to build match row: Vitória Sport Clube vs Sport Lisboa e Benfica
[4138044] Failed to build match row: SC Fotbal Club FCSB SA vs CSKA 1948

Keepers & outfield error for **Sportvereinigung Ried 1912** in Wattener Sportgemeinschaft Swarovski Tirol vs Sportvereinigung Ried 1912: Numbers: 2 and 9.
[3522923] Failed to build match row: FC Khimki (-2025) vs FK Sochi
[4640802] Failed to build match row: Fudbalski Klub Vojvodina vs Železničar Pančevo
[4625415] Could not find attributes for franko kolic (NK Istra 1961, 2025)
[4172924] Failed to build match row: Lille Olympique Sporting Club vs Slovan Bratislava

Keepers & outfield error for **Olympique de Marseille** in Olympique de Marseille vs Stade brestois 29: Numbers: 2 and 9.
[3901498] Failed to build match row: FShM Moskau vs Khimik Dzerzhinsk
[4625415] Failed to build match row: NK Istra 1961 vs HNK Hajduk Split
[3589276] Failed to build match row: Olympique de Marseille vs Stade brestois 29
[4839858] Failed to build match row: Wattener Sportgemeinschaft Swarovski Tirol vs Sportvereinigung Ried 1912
[3731381] Could not find attributes for lefteris choutesiotis (Ionikos Nikeas, 2021)
[3731381] Failed to build match row: Ionikos Nikeas vs Olympiakos Syndesmos Filathlon Peiraios
[3844940] Could not find attributes for manolo gabbiadini (UC Sampdoria, 2022)
[4627626] Could not find attributes for stanislav agkatsev (FK Krasnodar, 2025)


Keepers & outfield error for **Villarreal Club de Fútbol S.A.D.** in Villarreal Club de Fútbol S.A.D. vs Club Atlético Osasuna: Numbers: 0 and 11.
[4715284] Could not find attributes for mykyta bezuglyi (Bukovyna Chernivtsi, 2025)
[3427081] Could not find attributes for zvonimir sarlija (MKE Ankaragücü, 2020)
[4098206] Failed to build match row: Vitesse Arnhem vs Fortuna Sittardia Combinatie
[4645494] Failed to build match row: Villarreal Club de Fútbol S.A.D. vs Club Atlético Osasuna
[3844940] Failed to build match row: AC Monza vs UC Sampdoria
[4627626] Failed to build match row: FK Krasnodar vs Футбольный клуб "Локомотив" Москва
[3433357] Could not find attributes for gabriele zappa (Cagliari Calcio, 2020)
ımlar A.Ş.
[4715284] Failed to build match row: Bukovyna Chernivtsi vs FK Karpaty Lviv
[3433357] Failed to build match row: Cagliari Calcio vs Associazione Calcio Milan
[4377053] Could not find attributes for tommaso berti (Cesena FC, 2024)
[4377053] Failed to build match row: Cesena FC vs Calcio Padova
[4368089] Could not find attributes for kento shiogai (Nijmegen Eendracht Combinatie, 2024)
[3420597] Could not find attributes for yevgen volynets (FK Kolos Kovalivka, 2020)
[4368089] Failed to build match row: Nijmegen Eendracht Combinatie vs Nooit Opgeven Altijd Doorzetten Aangenaam Door Vermaak En Nuttig Door Ontspanning Combinatie Breda
[3420597] Failed to build match row: FK Kolos Kovalivka vs FK Mariupol
[4408847] Could not find attributes for athanasios garavelis (APO Levadiakos Football Club, 2024)
[4408847] Failed to build match row: APO Levadiakos Football Club vs Panserraikos Serres

Keepers & outfield error for **UD Almería** in UD Almería vs Celta: Numbers: 0 and 11.
[3886387] Failed to build match row: UD Almería vs Celta
[3655627] Could not find attributes for isak taannander (BK Frem, 2021)
[3655627] Failed to build match row: BK Frem vs Aarhus Gymnastik Forening
[4649274] Could not find attributes for timur magomedov (Dinamo Makhachkala, 2025)
[4649274] Failed to build match row: Dinamo Makhachkala vs PFK Krylya Sovetov Samara
[3464323] Could not find attributes for giorgiy shelia (RFK Akhmat Grozny, 2020)
[3464323] Failed to build match row: RFK Akhmat Grozny vs FK Rostov
[4522565] Could not find attributes for daniel schneider (KFUM-Kameratene Oslo, 2024)
[4522565] Failed to build match row: KFUM-Kameratene Oslo vs Sandefjord Fotball
[4396922] Could not find attributes for andreas ntoi (Rio Ave Futebol Clube, 2024)
[4472359] Could not find attributes for manu rivas (SD Compostela, 2024)
[4396922] Failed to build match row: Moreirense Futebol Clube vs Rio Ave Futebol Clube
[4472359] Failed to build match row: SD Compostela vs Alaves

Keepers & outfield error for **Motherwell Football Club** in Motherwell Football Club vs Aberdeen Football Club: Numbers: 0 and 11.
[4120912] Failed to build match row: Motherwell Football Club vs Aberdeen Football Club
[4098207] Could not find attributes for metinho (Sparta Rotterdam, 2023)
[4098207] Failed to build match row: Sparta Rotterdam vs Football Club Volendam
[4647993] Could not find attributes for adem arous (Kasımpaşa A.Ş., 2025)
[4647993] Failed to build match row: Kasımpaşa A.Ş. vs Eyüp Spor Kulübü
[3589277] Could not find attributes for jemerson (Football Club de Metz, 2021)
[3433358] Could not find attributes for milos vulic (FC Crotone, 2020)
[3589277] Failed to build match row: Association sportive de Monaco Football Club vs Football Club de Metz
[3433358] Failed to build match row: FC Crotone vs Benevento Calcio
[4070615] Could not find attributes for dmytro kryskiv (FC Shakhtar Donetsk, 2022)
[4363845] Could not find attributes for yunis abdelhamid (AS Saint-Étienne, 2024)
[4627627] Could not find attributes for sergey pesjakov (PFK Krylya Sovetov Samara, 2025)
[4070615] Failed to build match row: FC Shakhtar Donetsk vs SC Dnipro-1
[4627627] Failed to build match row: PFK Krylya Sovetov Samara vs FK Nizhny Novgorod
[4363845] Failed to build match row: AS Saint-Étienne vs Montpellier HSC
[4138045] Could not find attributes for nikola cetkovic (FK Borac Banja Luka, 2023)
[4138045] Failed to build match row: FK Borac Banja Luka vs Fußballklub Austria Wien
[3613122] Could not find attributes for ryan donk (Kasımpaşa A.Ş., 2021)
[3613122] Failed to build match row: Kasımpaşa A.Ş. vs Çaykur Rizespor Kulübü
[4522567] Failed to scrape lineup: https://www.transfermarkt.co.uk/tromso-il_fk-haugesund/index/spielbericht/4522567

Keepers & outfield error for **Associazione Sportiva Roma** in Associazione Sportiva Roma vs FC Empoli: Numbers: 0 and 11.
[3844941] Failed to build match row: Associazione Sportiva Roma vs FC Empoli
[4368090] Could not find attributes for suf podgoreanu (Heracles Almelo, 2024)
[3886388] Could not find attributes for momo mbaye (Cádiz CF, 2022)
[4625416] Could not find attributes for marino bulat (HNK Vukovar 1991, 2025)
[4368090] Failed to build match row: Eindhovense Voetbalvereniging Philips Sport Vereniging vs Heracles Almelo
[3886388] Failed to build match row: Cádiz CF vs Club Atlético de Madrid S.A.D.
[4625416] Failed to build match row: HNK Vukovar 1991 vs NK Lokomotiva Zagreb

Keepers & outfield error for **Wolverhampton Wanderers Football Club** in Newcastle United Football Club vs Wolverhampton Wanderers Football Club: Numbers: 0 and 11.
[4377054] Could not find attributes for antony iannarilli (US Avellino 1912, 2024)
[3420598] Could not find attributes for artem kychak (Olimpik Donetsk, 2020)
[4361528] Failed to build match row: Newcastle United Football Club vs Wolverhampton Wanderers Football Club
[3420598] Failed to build match row: Olimpik Donetsk vs FC Oleksandriya
[4377054] Failed to build match row: US Avellino 1912 vs SS Juve Stabia
[4798432] Could not find attributes for eros mancuso (Club Estudiantes de La Plata, 2025)
[4798432] Failed to build match row: Club Atlético San Lorenzo de Almagro vs Club Estudiantes de La Plata
[3427082] Failed to build match row: Sivasspor vs Fatih Karagümrük Sportif Faaliyetler San. Tic. A.Ş.
[4120913] Could not find attributes for sven sprangler (St. Johnstone FC, 2023)
[4120913] Failed to build match row: St. Johnstone FC vs Kilmarnock Football Club
[4715285] Could not find attributes for arsen belimenko (Lokomotyv Kyiv, 2025)
[4715285] Failed to build match row: Lokomotyv Kyiv vs NK Veres Rivne

Keepers & outfield error for **Sporting Clube de Portugal** in Clube Desportivo Santa Clara vs Sporting Clube de Portugal: Numbers: 0 and 11.
[4396923] Failed to build match row: Clube Desportivo Santa Clara vs Sporting Clube de Portugal

Keepers & outfield error for **Real Sociedad de Fútbol S.A.D.** in Real Sociedad de Fútbol S.A.D. vs Granada CF: Numbers: 0 and 11.
[3450996] Failed to build match row: Real Sociedad de Fútbol S.A.D. vs Granada CF

Keepers & outfield error for **Bayer 04 Leverkusen Fußball** in Bayer 04 Leverkusen Fußball vs 1. Fußballclub Union Berlin: Numbers: 2 and 9.
[3839232] Failed to build match row: Bayer 04 Leverkusen Fußball vs 1. Fußballclub Union Berlin
[4070616] Could not find attributes for maksym dyachuk (Futbolniy Klub Dynamo Kyiv, 2022)

Keepers & outfield error for **Moreirense Futebol Clube** in Moreirense Futebol Clube vs GD Chaves: Numbers: 2 and 9.
[4070616] Failed to build match row: Futbolniy Klub Dynamo Kyiv vs NK Veres Rivne
[4109455] Failed to build match row: Moreirense Futebol Clube vs GD Chaves
[4627628] Could not find attributes for igor akinfeev (PFK CSKA Moskva, 2025)
Not enough players found for lineup: 0, 0.
[4627628] Failed to build match row: PFK CSKA Moskva vs RFK Akhmat Grozny
[4431114] Could not find attributes for vytautas cerniauskas (FK Panevezys, 2024)
ex/spielbericht/4173712
[4431114] Failed to build match row: FK Panevezys vs The New Saints
[3901499] Could not find attributes for evgeniy sergeev (Peresvet-Trekhgorka Domodedovo, 2022)
[4363846] Could not find attributes for ayyoub bouaddi (Lille Olympique Sporting Club, 2024)
[3901499] Failed to build match row: Peresvet-Trekhgorka Domodedovo vs Kosmos Dolgoprudnyi
[4363846] Failed to build match row: Lille Olympique Sporting Club vs Rennes
[4522568] Could not find attributes for jan de boer (Bryne FK, 2024)
[4522568] Failed to build match row: Bryne FK vs Fotballklubben Bodø/Glimt
[3613123] Could not find attributes for muhammed gumuskaya (Giresunspor, 2021)
[3613123] Failed to build match row: Antalyaspor vs Giresunspor
[4562596] Could not find attributes for nasser djiga (Wolverhampton Wanderers Football Club, 2024)
[4562596] Failed to build match row: Association Football Club Bournemouth vs Wolverhampton Wanderers Football Club
[4640803] Could not find attributes for nikola simic (Fudbalski klub TSC Bačka Topola, 2025)
[4640803] Failed to build match row: Fudbalski klub TSC Bačka Topola vs Fudbalski Klub Novi Pazar
[4070617] Failed to scrape lineup: https://www.transfermarkt.co.uk/fc-oleksandriya_zorya-lugansk/index/spielbericht/4070617
[4396924] Could not find attributes for jeremy livolant (Casa Pia Atlético Clube, 2024)
[4396924] Failed to build match row: Casa Pia Atlético Clube vs Futebol Clube do Porto
[3655628] Could not find attributes for david kruse (AC Horsens, 2021)
[3655628] Failed to build match row: AC Horsens vs Silkeborg Idrætsforening
[4120914] Could not find attributes for duktm (Aberdeen Football Club, 2023)
[4647994] Could not find attributes for serdar dursun (Kocaelispor Kulübü, 2025)
[4647994] Failed to build match row: Kocaelispor Kulübü vs Konyaspor
[4120914] Failed to build match row: Aberdeen Football Club vs Livingston Football Club
[3731383] Could not find attributes for athanasios garavelis (PAS Lamia 1964, 2021)
[3860225] Failed to scrape lineup: https://www.transfermarkt.co.uk/kayserispor_galatasaray/index/spielbericht/3860225
[3598111] Could not find attributes for lior refaelov (Royal Sporting Club Anderlecht, 2021)

Keepers & outfield error for **Valencia Club de Fútbol S. A. D.** in Valencia Club de Fútbol S. A. D. vs Futbol Club Barcelona: Numbers: 2 and 9.
[3731383] Failed to build match row: PAS Lamia 1964 vs A.G.S Asteras Tripolis
[3598111] Failed to build match row: Royal Sporting Club Anderlecht vs RFC Seraing
[3886389] Failed to build match row: Valencia Club de Fútbol S. A. D. vs Futbol Club Barcelona
[3523356] Could not find attributes for armando broja (Vitesse Arnhem, 2020)

[3523356] Failed to build match row: Vitesse Arnhem vs VVV-Venlo
[4627629] Failed to build match row: FK Dinamo Moskva vs FK Rostov
[4715286] Could not find attributes for ilya olkhovyi (Nyva Ternopil, 2025)
urg, 2022)
[3839233] Failed to build match row: Sport-Club Freiburg vs 1. Fußball-Club Köln
[4715286] Failed to build match row: Nyva Ternopil vs SK Poltava
Not enough players found for lineup: 11, 0.
[4396925] Failed to scrape lineup: https://www.transfermarkt.co.uk/boavista-fc_cd-nacional/index/spielbericht/4396925
[4173717] Failed to scrape lineup: https://www.transfermarkt.co.uk/spielbericht/index/spielbericht/4173717
[4649275] Could not find attributes for aleksandr maksimenko (FK Spartak Moskva, 2025)
[4368091] Could not find attributes for younes namli (Prins Hendrik Ende Desespereert Nimmer Combinatie Zwolle, 2024)
[4620917] Could not find attributes for francesco coppola (Pisa Sporting Club, 2025)
[4649275] Failed to build match row: FK Spartak Moskva vs PFK CSKA Moskva
[4368091] Failed to build match row: Willem II Tilburg vs Prins Hendrik Ende Desespereert Nimmer Combinatie Zwolle

Keepers & outfield error for **Real Valladolid CF** in Real Valladolid CF vs Athletic Club Bilbao: Numbers: 2 and 9.

Keepers & outfield error for **Motherwell Football Club** in Motherwell Football Club vs Aberdeen Football Club: Numbers: 0 and 11.
[3450997] Failed to build match row: Real Valladolid CF vs Athletic Club Bilbao
[4620917] Failed to build match row: Football Club Internazionale Milano S.p.A. vs Pisa Sporting Club
[4640804] Could not find attributes for sasa stamenkovic (Fudbalski Klub Mladost Lučani, 2025)
[3603122] Failed to build match row: Motherwell Football Club vs Aberdeen Football Club
[4640804] Failed to build match row: Fudbalski Klub Mladost Lučani vs Fudbalski klub Čukarički Beograd
[4645496] Could not find attributes for grady diangana (Elche Club de Fútbol S.A.D., 2025)
[4645496] Failed to build match row: Elche Club de Fútbol S.A.D. vs Real Madrid Club de Fútbol
[3621569] Could not find attributes for mansur (Clube Desportivo Santa Clara, 2021)
[3621569] Failed to build match row: Futebol Clube de Famalicão vs Clube Desportivo Santa Clara
[4138046] Could not find attributes for kristijan jajalo (KA Akureyri, 2023)
[4138046] Failed to build match row: Dundalk FC vs KA Akureyri
[3523357] Failed to scrape lineup: https://www.transfermarkt.co.uk/spielbericht/index/spielbericht/3523357
[3731384] Failed to scrape lineup: https://www.transfermarkt.co.uk/atromitos-athens_ofi-crete-fc/index/spielbericht/3731384
[3427084] Failed to scrape lineup: https://www.transfermarkt.co.uk/caykur-rizespor_hatayspor/index/spielbericht/3427084
[3860235] Failed to scrape lineup: https://www.transfermarkt.co.uk/antalyaspor_kasimpasa/index/spielbericht/3860235
[3613124] Could not find attributes for mehdi zeffane (Yeni Malatyaspor, 2021)
[3613124] Failed to build match row: Yeni Malatyaspor vs Kasımpaşa A.Ş.

Keepers & outfield error for **Football Club de Nantes** in Football Club de Nantes vs Le Havre Athletic Club: Numbers: 2 and 9.
[4363847] Failed to build match row: Football Club de Nantes vs Le Havre Athletic Club
[3949607] Could not find attributes for andriu (Coruxo FC, 2022)
[3949607] Failed to build match row: Coruxo FC vs CD Eldense
[4070618] Could not find attributes for daniil yermolov (Metalist Kharkiv, 2022)
[4070618] Failed to build match row: Metalist Kharkiv vs FC Minaj
[3655629] Could not find attributes for nichlas vesterbaek (Alleröd FK, 2021)
[3655629] Failed to build match row: Alleröd FK vs Brøndby Idrætsforening
[3450998] Could not find attributes for ante budimir (Club Atlético Osasuna, 2020)
[3450998] Failed to build match row: Sevilla Fútbol Club S.A.D. vs Club Atlético Osasuna
[3420599] Could not find attributes for bogdan sarnavskyi (SC Dnipro-1, 2020)
[3420599] Failed to build match row: SC Dnipro-1 vs Vorskla Poltava
Not enough players found for lineup: 0, 11.
[4562597] Could not find attributes for vitor reis (Manchester City Football Club, 2024)
[4715559] Failed to scrape lineup: https://www.transfermarkt.co.uk/spielbericht/index/spielbericht/4715559
[4562597] Failed to build match row: Manchester City Football Club vs Plymouth Argyle
[3731385] Could not find attributes for davino verhulst (Apollon Smyrnis, 2021)
[3731385] Failed to build match row: Apollon Smyrnis vs Panetolikos Agrinio

Keepers & outfield error for **Fortuna Sittardia Combinatie** in Fortuna Sittardia Combinatie vs Prins Hendrik Ende Desespereert Nimmer Combinatie Zwolle: Numbers: 0 and 11.
[4098209] Failed to build match row: Fortuna Sittardia Combinatie vs Prins Hendrik Ende Desespereert Nimmer Combinatie Zwolle
[4627630] Could not find attributes for aleksey tataev (FC Orenburg, 2025)
[4522569] Could not find attributes for abubacarr sedi kinteh (Tromsø Idrettslag, 2024)
[4522569] Failed to build match row: Fotballklubben Bodø/Glimt vs Tromsø Idrettslag
[4627630] Failed to build match row: FC Orenburg vs Dinamo Makhachkala
[4649276] Could not find attributes for sergey pesjakov (PFK Krylya Sovetov Samara, 2025)
[4649276] Failed to build match row: PFK Krylya Sovetov Samara vs FK Rostov
[4640805] Could not find attributes for djordje skoko (Fudbalski Klub Javor Matis Ivanjica, 2025)

Keepers & outfield error for **Club Atlético Newell’s Old Boys** in Club Atlético Central Córdoba vs Club Atlético Newell’s Old Boys: Numbers: 2 and 9.
[4640805] Failed to build match row: Fudbalski Klub Javor Matis Ivanjica vs Fudbalski klub Čukarički Beograd
[4798433] Failed to build match row: Club Atlético Central Córdoba vs Club Atlético Newell’s Old Boys

Keepers & outfield error for **Real Betis Balompié S.A.D.** in Real Sociedad de Fútbol S.A.D. vs Real Betis Balompié S.A.D.: Numbers: 0 and 11.
[4625417] Could not find attributes for marino bulat (HNK Vukovar 1991, 2025)
[3886390] Failed to build match row: Real Sociedad de Fútbol S.A.D. vs Real Betis Balompié S.A.D.
[3901500] Could not find attributes for ignat soromytko (Ocean Nakhodka, 2022)
[4625417] Failed to build match row: HNK Vukovar 1991 vs GNK Dinamo Zagreb
[4361531] Could not find attributes for tom cairney (Fulham Football Club, 2024)
[3901500] Failed to build match row: Ocean Nakhodka vs Dinamo Vladivostok
[4361531] Failed to build match row: Fulham Football Club vs Manchester City Football Club

Keepers & outfield error for **Atalanta Bergamasca Calcio S.p.a.** in Unione Sportiva Sassuolo Calcio vs Atalanta Bergamasca Calcio S.p.a.: Numbers: 2 and 9.
[4396927] Failed to scrape lineup: https://www.transfermarkt.co.uk/fc-famalicao_gd-estoril-praia/index/spielbericht/4396927
Not enough players found for lineup: 0, 11.
portiva Sassuolo Calcio vs Atalanta Bergamasca Calcio S.p.a.
[4173718] Failed to scrape lineup: https://www.transfermarkt.co.uk/spielbericht/index/spielbericht/4173718
[3427085] Could not find attributes for francois moubandje (Alanyaspor, 2020)
[4647995] Failed to build match row: Gençlerbirliği Spor Kulübü vs Beşiktaş Jimnastik Kulübü
[3427085] Failed to build match row: Alanyaspor vs Antalyaspor
[4408849] Could not find attributes for epaminondas pantelakis (Panetolikos Agrinio, 2024)
[4431115] Could not find attributes for adrien thomasson (Racing Club de Lens, 2024)
[4431115] Failed to build match row: Racing Club de Lens vs Panathinaikos Athlitikos Omilos
[4408849] Failed to build match row: Panetolikos Agrinio vs Olympiakos Syndesmos Filathlon Peiraios

Keepers & outfield error for **Olympiakos Syndesmos Filathlon Peiraios** in Olympiakos Syndesmos Filathlon Peiraios vs Arsenal Football Club: Numbers: 0 and 11.
[3528462] Failed to build match row: Olympiakos Syndesmos Filathlon Peiraios vs Arsenal Football Club
[3656060] Could not find attributes for jonas elkjaer (FA 2000, 2021)
[3656060] Failed to build match row: FA 2000 vs Hvidovre IF

Keepers & outfield error for **1. Fußball- und Sportverein Mainz 05** in 1. Fußball- und Sportverein Mainz 05 vs Verein für Leibesübungen Wolfsburg: Numbers: 2 and 9.
[3731386] Could not find attributes for antonis tsiftsis (A.G.S Asteras Tripolis, 2021)
[3731386] Failed to build match row: A.G.S Asteras Tripolis vs Ionikos Nikeas
[3839234] Failed to build match row: 1. Fußball- und Sportverein Mainz 05 vs Verein für Leibesübungen Wolfsburg

Keepers & outfield error for **Vitória Sport Clube** in Vitória Sport Clube vs Futebol Clube do Porto: Numbers: 0 and 11.
[3621570] Failed to build match row: Vitória Sport Clube vs Futebol Clube do Porto
[4368092] Could not find attributes for davy klaassen (AFC Ajax Amsterdam, 2024)
[4368092] Failed to build match row: Football Club Utrecht vs AFC Ajax Amsterdam

Keepers & outfield error for **Salerm Puente Genil FC** in Salerm Puente Genil FC vs FC Cartagena: Numbers: 2 and 9.
[4743301] Failed to build match row: Salerm Puente Genil FC vs FC Cartagena
[4640806] Could not find attributes for sasa stamenkovic (Fudbalski Klub Mladost Lučani, 2025)
[4640806] Failed to build match row: Fudbalski Klub Mladost Lučani vs Fudbalski Klub Novi Pazar
[4120916] Could not find attributes for danny armstrong (Kilmarnock Football Club, 2023)
[4120916] Failed to build match row: Kilmarnock Football Club vs Motherwell Football Club
[3427086] Could not find attributes for sokol cikalleshi (Konyaspor, 2020)
[3427086] Failed to build match row: Kasımpaşa A.Ş. vs Konyaspor

Keepers & outfield error for **Club Atlético Gimnasia y Esgrima de Mendoza** in Club Atlético Gimnasia y Esgrima de Mendoza vs Club Atlético Vélez Sársfield: Numbers: 0 and 11.
[4798434] Failed to build match row: Club Atlético Gimnasia y Esgrima de Mendoza vs Club Atlético Vélez Sársfield
[3949608] Could not find attributes for leo ramirez (Atlético Saguntino, 2022)
[3949608] Failed to build match row: Atlético Saguntino vs SD Amorebieta
[4408850] Could not find attributes for bernabe barragan (Athens Kallithea, 2024)
[4408850] Failed to build match row: Athens Kallithea vs Volou Neos Podosferikos Syllogos
[4625418] Could not find attributes for tino jukic (NK Lokomotiva Zagreb, 2025)
[4625418] Failed to build match row: NK Lokomotiva Zagreb vs NK Istra 1961
[4472360] Could not find attributes for santiago lagreca (Las Rozas CF, 2024)
[4472360] Failed to build match row: Las Rozas CF vs Sevilla Fútbol Club S.A.D.

Keepers & outfield error for **Saint Mirren Football Club** in Saint Mirren Football Club vs Dundee United Football Club: Numbers: 2 and 9.
[3603124] Failed to build match row: Saint Mirren Football Club vs Dundee United Football Club
[4363849] Could not find attributes for haris belkebla (Angers Sporting Club de l'Ouest, 2024)
[4363849] Failed to build match row: Association de la Jeunesse auxerroise vs Angers Sporting Club de l'Ouest
[3731387] Could not find attributes for praxitelis vouros (Omilos Filathlon Irakliou FC, 2021)
[3731387] Failed to build match row: Omilos Filathlon Irakliou FC vs Volou Neos Podosferikos Syllogos
[4431116] Could not find attributes for matous trmal (FK Mladá Boleslav, a.s., 2024)
[3839235] Could not find attributes for dennis geiger (Turn- und Sportgemeinschaft 1899 Hoffenheim Fußball-Spielbetriebs, 2022)
[4431116] Failed to build match row: FK Mladá Boleslav, a.s. vs Paksi FC
[3839235] Failed to build match row: Turn- und Sportgemeinschaft 1899 Hoffenheim Fußball-Spielbetriebs vs RasenBallsport Leipzig
[4640807] Could not find attributes for nikola simic (Fudbalski klub TSC Bačka Topola, 2025)
[4640807] Failed to build match row: Fudbalski klub TSC Bačka Topola vs Železničar Pančevo
[4120917] Could not find attributes for sven sprangler (St. Johnstone FC, 2023)
[4120917] Failed to build match row: Rangers Football Club vs St. Johnstone FC
[3528463] Could not find attributes for abdallah sima (SK Slavia Praha, a.s., 2020)
[3528463] Failed to build match row: SK Slavia Praha, a.s. vs Rangers Football Club
[3420600] Could not find attributes for oleksandr bandura (FC Rukh Lviv, 2020)
[3420600] Failed to build match row: FC Rukh Lviv vs PFK Lviv
[4692732] Could not find attributes for yuber quinones (Deportivo Pereira, 2025)
[4692732] Failed to build match row: Deportivo Pereira vs Once Caldas
[4649277] Could not find attributes for andrey lunev (FK Dinamo Moskva, 2025)
[4649277] Failed to build match row: FK Dinamo Moskva vs Dinamo Makhachkala
[4627631] Could not find attributes for evgeniy staver (FC Rubin Kazan, 2025)
[4627631] Failed to build match row: FC Rubin Kazan vs AO FK Zenit Sankt-Peterburg
[4645499] Could not find attributes for leander dendoncker (Real Oviedo S.A.D., 2025)
[4645499] Failed to build match row: Real Oviedo S.A.D. vs Rayo Vallecano de Madrid S. A. D.
[4396928] Could not find attributes for sandro cruz (Gil Vicente Futebol Clube, 2024)
[4408851] Could not find attributes for julian cuesta (Aris Thessalonikis, 2024)
[4396928] Failed to build match row: Gil Vicente Futebol Clube vs Vitória Sport Clube
Glas Hartberg, 2025)
[4839860] Failed to build match row: Turn- und Sportverein Egger Glas Hartberg vs Linzer Athletik-Sport-Klub
[4408851] Failed to build match row: Aris Thessalonikis vs Panthessalonikios Athlitikos Omilos Konstantinoupoliton
[3731388] Could not find attributes for dimitrios chatziisaias (APS Atromitos Athinon, 2021)
[3731388] Failed to build match row: Panthessalonikios Athlitikos Omilos Konstantinoupoliton vs APS Atromitos Athinon
[4098211] Could not find attributes for kodai sano (Nijmegen Eendracht Combinatie, 2023)
[4098211] Failed to build match row: Football Club Utrecht vs Nijmegen Eendracht Combinatie
[3621571] Could not find attributes for vitinha (Sporting Clube de Braga, 2021)
[3621571] Failed to build match row: Sporting Clube de Portugal vs Sporting Clube de Braga
[4798435] Could not find attributes for yoshan valois (Club Atlético Lanús, 2025)
[4368093] Could not find attributes for nikolai hopland (Sportclub Heerenveen, 2024)

Keepers & outfield error for **Fenerbahçe Spor Kulübü** in Fenerbahçe Spor Kulübü vs Gençlerbirliği Spor Kulübü: Numbers: 2 and 9.
[4798435] Failed to build match row: Club Atlético Lanús vs Club Atlético Platense
[4368093] Failed to build match row: Sportclub Heerenveen vs Almere City FC
[3427087] Failed to build match row: Fenerbahçe Spor Kulübü vs Gençlerbirliği Spor Kulübü

Keepers & outfield error for **Olympique Lyonnais** in Stade Reims vs Olympique Lyonnais: Numbers: 0 and 11.
[4363850] Failed to build match row: Stade Reims vs Olympique Lyonnais

Keepers & outfield error for **Alanyaspor** in Göztepe Sportif Yatırımlar A.Ş. vs Alanyaspor: Numbers: 0 and 11.
[4647996] Failed to build match row: Göztepe Sportif Yatırımlar A.Ş. vs Alanyaspor
[4373802] Could not find attributes for kosta nedeljkovic (RasenBallsport Leipzig, 2024)
[4373802] Failed to build match row: Verein für Leibesübungen Wolfsburg vs RasenBallsport Leipzig
[3901510] Could not find attributes for ismail yuksek (Fenerbahçe Spor Kulübü, 2022)
[3901510] Failed to build match row: Fußballklub Austria Wien vs Fenerbahçe Spor Kulübü
[4625419] Could not find attributes for dario maresic (HNK Hajduk Split, 2025)
[4625419] Failed to build match row: HNK Hajduk Split vs HNK Gorica
[3433363] Could not find attributes for daan dierckx (Parma Calcio 1913, 2020)
[3433363] Failed to build match row: Unione Sportiva Sassuolo Calcio vs Parma Calcio 1913
[4640808] Could not find attributes for dragan rosic (Fudbalski Klub Vojvodina, 2025)
[4640808] Failed to build match row: Fudbalski Klub Vojvodina vs Fudbalski Klub Partizan Beograd
[3420601] Could not find attributes for volodymyr krynskyi (Ingulets Petrove, 2020)
[3420601] Failed to build match row: Ingulets Petrove vs FC Minaj
[4173719] Could not find attributes for daniel mair (University AFC, 2023)
[4173719] Failed to build match row: University AFC vs Dunbar United FC
[4408852] Could not find attributes for lefteris choutesiotis (APS Atromitos Athinon, 2024)
[4408852] Failed to build match row: APS Atromitos Athinon vs Olympiakos Syndesmos Filathlon Peiraios
[3621572] Could not find attributes for yohan tavares (B SAD, 2021)
[4715560] Could not find attributes for jordy borgman (VV DZOH Emmen, 2025)
[4098212] Could not find attributes for anis hadj moussa (Vitesse Arnhem, 2023)
[4098212] Failed to build match row: Vitesse Arnhem vs Almere City FC
[3621572] Failed to build match row: B SAD vs FC Paços de Ferreira
[4715560] Failed to build match row: VV DZOH Emmen vs Excelsior '31 Rijssen
[3731389] Could not find attributes for bojan saranov (PAS Lamia 1964, 2021)
[3731389] Failed to build match row: Panathinaikos Athlitikos Omilos vs PAS Lamia 1964
[3949609] Could not find attributes for salva torreno (CE Manresa, 2022)
[3949609] Failed to build match row: CE Manresa vs Pontevedra CF

Keepers & outfield error for **Go Ahead Eagles** in Go Ahead Eagles vs Alkmaar Zaanstreek: Numbers: 0 and 11.

Keepers & outfield error for **İstanbul Başakşehir Futbol Kulübü** in İstanbul Başakşehir Futbol Kulübü vs Beşiktaş Jimnastik Kulübü: Numbers: 2 and 9.
[4368094] Failed to build match row: Go Ahead Eagles vs Alkmaar Zaanstreek

Keepers & outfield error for **Galatasaray Spor Kulübü** in Galatasaray Spor Kulübü vs İstanbul Başakşehir Futbol Kulübü: Numbers: 2 and 9.
[3656061] Could not find attributes for jacob bertel (Aalborg Freja IK, 2021)
[4647997] Failed to build match row: Galatasaray Spor Kulübü vs İstanbul Başakşehir Futbol Kulübü
[3427088] Failed to build match row: İstanbul Başakşehir Futbol Kulübü vs Beşiktaş Jimnastik Kulübü
[3656061] Failed to build match row: Aalborg Freja IK vs IF Lyseng
[4373803] Could not find attributes for tiago pereira cardoso (Mönchengladbach, 2024)
[4373803] Failed to build match row: Mönchengladbach vs Sport-Club Freiburg
[3420603] Failed to scrape lineup: https://www.transfermarkt.co.uk/dynamo-kyiv_fc-oleksandriya/index/spielbericht/3420603
[4120918] Could not find attributes for liam scales (The Celtic Football Club, 2023)
[4120918] Failed to build match row: Ross County FC vs The Celtic Football Club

Keepers & outfield error for **Football Club Internazionale Milano S.p.A.** in Associazione Calcio Milan vs Football Club Internazionale Milano S.p.A.: Numbers: 0 and 11.
[4567627] Failed to build match row: Associazione Calcio Milan vs Football Club Internazionale Milano S.p.A.
[3433364] Could not find attributes for jeff chabot (Spezia Calcio, 2020)
[3433364] Failed to build match row: Torino Calcio vs Spezia Calcio
[4408853] Failed to scrape lineup: https://www.transfermarkt.co.uk/levadiakos_asteras-aktor/index/spielbericht/4408853
[4363851] Could not find attributes for adrien thomasson (Racing Club de Lens, 2024)
[4363851] Failed to build match row: Stade Reims vs Racing Club de Lens
[4627632] Could not find attributes for maksim rudakov (FK Sochi, 2025)
[4627632] Failed to build match row: FK Sochi vs Akron Togliatti
[3613126] Could not find attributes for papiss demba cisse (Çaykur Rizespor Kulübü, 2021)
[3613126] Failed to build match row: Çaykur Rizespor Kulübü vs Trabzonspor Kulübü

Keepers & outfield error for **Hibernian Football Club** in Hibernian Football Club vs Saint Mirren Football Club: Numbers: 0 and 11.
[3603126] Failed to build match row: Hibernian Football Club vs Saint Mirren Football Club
[4098213] Could not find attributes for jordy bruijn (Heracles Almelo, 2023)
[4098213] Failed to build match row: Heracles Almelo vs Go Ahead Eagles
[4839861] Could not find attributes for gizo mamageishvili (Sportklub Puntigamer Sturm Graz, 2025)
[4839861] Failed to build match row: Sportklub Puntigamer Sturm Graz vs Fußballklub Austria Wien
[4109457] Failed to scrape lineup: https://www.transfermarkt.co.uk/gd-estoril-praia_fc-porto/index/spielbericht/4109457

Keepers & outfield error for **AVS Futebol SAD** in Sporting Clube de Braga vs AVS Futebol SAD: Numbers: 0 and 11.
[4396929] Failed to build match row: Sporting Clube de Braga vs AVS Futebol SAD

Keepers & outfield error for **Associazione Calcio Fiorentina** in Associazione Calcio Fiorentina vs Puskás Akadémia FC: Numbers: 0 and 11.
[4431117] Failed to build match row: Associazione Calcio Fiorentina vs Puskás Akadémia FC
[4625420] Could not find attributes for oliver zelenika (NK Varazdin, 2025)
[4625420] Failed to build match row: NK Varazdin vs NK Slaven Belupo Koprivnica
[4368095] Could not find attributes for marvin young (Sparta Rotterdam, 2024)
[4368095] Failed to build match row: Sparta Rotterdam vs Football Club Twente
[4647998] Could not find attributes for julian cuesta (Antalyaspor, 2025)
[4647998] Failed to build match row: Antalyaspor vs Gaziantep Futbol Kulübü A.Ş.
[4640809] Could not find attributes for balsa popovic (Omladinski fudbalski klub Beograd, 2025)
[4640809] Failed to build match row: Omladinski fudbalski klub Beograd vs FK Radnički 1923 Kragujevac
[4408854] Could not find attributes for domagoj vida (Athlitiki Enosi Konstantinoupoleos, 2024)
[4408854] Failed to build match row: Panathinaikos Athlitikos Omilos vs Athlitiki Enosi Konstantinoupoleos
[3839237] Could not find attributes for julian baumgartlinger (Fußball-Club Augsburg 1907, 2022)
[3886392] Could not find attributes for adnan januzaj (Sevilla Fútbol Club S.A.D., 2022)
[3839237] Failed to build match row: Fußball-Club Augsburg 1907 vs Eintracht Frankfurt Fußball AG
[3886392] Failed to build match row: Sevilla Fútbol Club S.A.D. vs Rayo Vallecano de Madrid S. A. D.
[4363852] Could not find attributes for yunis abdelhamid (AS Saint-Étienne, 2024)
[4649278] Could not find attributes for anton mitryushkin (Футбольный клуб "Локомотив" Москва, 2025)
[4363852] Failed to build match row: Rennes vs AS Saint-Étienne
[4649278] Failed to build match row: Футбольный клуб "Локомотив" Москва vs FK Krasnodar
[3603127] Could not find attributes for stephane omeonga (Livingston Football Club, 2021)

Keepers & outfield error for **Torino Calcio** in Benevento Calcio vs Torino Calcio: Numbers: 2 and 9.
[4098214] Could not find attributes for mickey van der hart (Sportclub Heerenveen, 2023)
[4647999] Failed to scrape lineup: https://www.transfermarkt.co.uk/fatih-karagumruk_fenerbahce/index/spielbericht/4647999
[3433365] Failed to build match row: Benevento Calcio vs Torino Calcio
[4098214] Failed to build match row: Sportclub Heerenveen vs Feyenoord Rotterdam
[3603127] Failed to build match row: Livingston Football Club vs Aberdeen Football Club
[4645502] Could not find attributes for jose gaya (Valencia Club de Fútbol S. A. D., 2025)
[3528464] Could not find attributes for ilya zabarnyi (Futbolniy Klub Dynamo Kyiv, 2020)
[4645502] Failed to build match row: Valencia Club de Fútbol S. A. D. vs Levante Unión Deportiva S.A.D.

Keepers & outfield error for **SC Farense** in SC Farense vs Clube Desportivo Santa Clara: Numbers: 3 and 8.
[3528464] Failed to build match row: Futbolniy Klub Dynamo Kyiv vs Villarreal Club de Fútbol S.A.D.
[4396930] Failed to build match row: SC Farense vs Clube Desportivo Santa Clara
[4368096] Could not find attributes for suf podgoreanu (Heracles Almelo, 2024)
[4625421] Could not find attributes for martin zlomislic (Hrvatski Nogometni Klub Rijeka, 2025)
[4368096] Failed to build match row: Heracles Almelo vs Feyenoord Rotterdam
[3589288] Failed to scrape lineup: https://www.transfermarkt.co.uk/stade-brestois-29_montpellier-hsc/index/spielbericht/3589288
[4625421] Failed to build match row: Hrvatski Nogometni Klub Rijeka vs NK Osijek s.d.d.
Not enough players found for lineup: 0, 0.
[3660436] Failed to scrape lineup: https://www.transfermarkt.co.uk/spielbericht/index/spielbericht/3660436
[4715561] Failed to scrape lineup: https://www.transfermarkt.co.uk/spielbericht/index/spielbericht/4715561
[3839238] Failed to scrape lineup: https://www.transfermarkt.co.uk/hertha-bsc_bayern-munich/index/spielbericht/3839238
[3621574] Failed to scrape lineup: https://www.transfermarkt.co.uk/b-sad_sc-braga/index/spielbericht/3621574
[4798437] Failed to scrape lineup: https://www.transfermarkt.co.uk/ca-aldosivi_aa-estudiantes-rio-cuarto-/index/spielbericht/4798437
[3427089] Could not find attributes for nouha dicko (Gaziantep Futbol Kulübü A.Ş., 2020)
[3427089] Failed to build match row: Gaziantep Futbol Kulübü A.Ş. vs Denizlispor
[4640810] Could not find attributes for omri glazer (Fudbalski klub Crvena zvezda Beograd, 2025)
[4640810] Failed to build match row: Fudbalski klub Crvena zvezda Beograd vs Fudbalski klub Napredak Kruševac
[3613128] Could not find attributes for burak bekaroglu (Fatih Karagümrük Sportif Faaliyetler San. Tic. A.Ş., 2021)
[3613128] Failed to build match row: Fatih Karagümrük Sportif Faaliyetler San. Tic. A.Ş. vs Kayserispor Kulübü
[4268993] Failed to scrape lineup: https://www.transfermarkt.co.uk/spielbericht/index/spielbericht/4268993
[4363853] Could not find attributes for haris belkebla (Angers Sporting Club de l'Ouest, 2024)
[4839863] Could not find attributes for jussef nasrawe (Sportvereinigung Ried 1912, 2025)
[4363853] Failed to build match row: Le Havre Athletic Club vs Angers Sporting Club de l'Ouest
[4839863] Failed to build match row: Sportvereinigung Ried 1912 vs Fußballclub Blau-Weiß Linz
[4649279] Could not find attributes for danila khotulev (FC Orenburg, 2025)

Keepers & outfield error for **Futebol Clube de Arouca** in Futebol Clube de Arouca vs Boavista FC: Numbers: 0 and 11.
[3420604] Could not find attributes for vitaliy vernydub (FC Zorya Lugansk, 2020)
[4109458] Could not find attributes for leonel bucca (Club Football Estrela da Amadora, 2023)
[4649279] Failed to build match row: FC Orenburg vs FK Baltika
[4396931] Failed to build match row: Futebol Clube de Arouca vs Boavista FC
[4109458] Failed to build match row: Club Football Estrela da Amadora vs Sporting Clube de Portugal
[4373804] Failed to build match row: VfL Bochum vs Fußball-Club Augsburg 1907
Not enough players found for lineup: 0, 11.
[4173720] Failed to scrape lineup: https://www.transfermarkt.co.uk/spielbericht/index/spielbericht/4173720
[4377072] Could not find attributes for giacomo cavallini (AC Reggiana 1919, 2024)
[4377072] Failed to build match row: Genoa Cricket and Football Club vs AC Reggiana 1919
[3621575] Failed to scrape lineup: https://www.transfermarkt.co.uk/cd-santa-clara_fc-pacos-de-ferreira/index/spielbericht/3621575
[4743302] Could not find attributes for manu molina (CD Eldense, 2025)
[4743302] Failed to build match row: Real Jaén CF vs CD Eldense

Keepers & outfield error for **CD Coria** in CD Coria vs CF Fuenlabrada: Numbers: 2 and 9.
[3949610] Failed to build match row: CD Coria vs CF Fuenlabrada
[3660437] Could not find attributes for marko gobeljic (Fudbalski klub Crvena zvezda Beograd, 2021)
[3660437] Failed to build match row: Fudbalski klub Crvena zvezda Beograd vs Fodbold Club Midtjylland
[4408855] Could not find attributes for sebastian mladen (Panetolikos Agrinio, 2024)
[4408855] Failed to build match row: Panetolikos Agrinio vs Omilos Filathlon Irakliou FC
[3589289] Could not find attributes for jerome boateng (Olympique Lyonnais, 2021)
[3589289] Failed to build match row: Lille Olympique Sporting Club vs Olympique Lyonnais
[4630638] Could not find attributes for tommaso vitali (Ternana Calcio, 2025)
[4630638] Failed to build match row: Virtus Entella vs Ternana Calcio

Keepers & outfield error for **Everton Football Club** in Everton Football Club vs Luton Town: Numbers: 0 and 11.
[4268994] Failed to build match row: Everton Football Club vs Luton Town
[4625422] Could not find attributes for bruno goda (GNK Dinamo Zagreb, 2025)

Keepers & outfield error for **Football Club Internazionale Milano S.p.A.** in Football Club Internazionale Milano S.p.A. vs Associazione Calcio Milan: Numbers: 0 and 11.
[4567628] Failed to build match row: Football Club Internazionale Milano S.p.A. vs Associazione Calcio Milan
[4625422] Failed to build match row: GNK Dinamo Zagreb vs Hrvatski Nogometni Klub Rijeka
Not enough players found for lineup: 0, 0.
[4715562] Failed to scrape lineup: https://www.transfermarkt.co.uk/spielbericht/index/spielbericht/4715562
[4472361] Could not find attributes for moussa gueye (CD Extremadura 1924, 2024)
[4472361] Failed to build match row: CD Extremadura 1924 vs Girona Fútbol Club S. A. D.

Keepers & outfield error for **Villarreal Club de Fútbol S.A.D.** in Villarreal Club de Fútbol S.A.D. vs Real Club Deportivo Mallorca S.A.D.: Numbers: 0 and 11.
[4645503] Failed to build match row: Villarreal Club de Fútbol S.A.D. vs Real Club Deportivo Mallorca S.A.D.
[3598115] Could not find attributes for vini souza (Yellow-Red Koninklijke Voetbalclub Mechelen, 2021)
[3598115] Failed to build match row: Yellow-Red Koninklijke Voetbalclub Mechelen vs KAS Eupen

Keepers & outfield error for **Vitória Sport Clube** in Vitória Sport Clube vs Moreirense Futebol Clube: Numbers: 0 and 11.
[4109459] Failed to build match row: Vitória Sport Clube vs Moreirense Futebol Clube

Keepers & outfield error for **AVS Futebol SAD** in AVS Futebol SAD vs Moreirense Futebol Clube: Numbers: 0 and 11.
[4396932] Failed to build match row: AVS Futebol SAD vs Moreirense Futebol Clube
[3949611] Failed to scrape lineup: https://www.transfermarkt.co.uk/spielbericht/index/spielbericht/3949611
[4839864] Failed to build match row: Grazer Athletiksport Klub 1902 vs Wattener Sportgemeinschaft Swarovski Tirol

Keepers & outfield error for **Motherwell Football Club** in Motherwell Football Club vs The Celtic Football Club: Numbers: 0 and 11.
[3603128] Failed to build match row: Motherwell Football Club vs The Celtic Football Club

Keepers & outfield error for **AC Monza** in AC Monza vs FC Südtirol: Numbers: 0 and 11.
[4377073] Failed to build match row: AC Monza vs FC Südtirol
[3528467] Could not find attributes for jurrien timber (AFC Ajax Amsterdam, 2020)
[3528467] Failed to build match row: AFC Ajax Amsterdam vs Berner Sport Club Young Boys
[4408856] Could not find attributes for luka gugeshashvili (Panserraikos Serres, 2024)
[4408856] Failed to build match row: Panserraikos Serres vs PAS Lamia 1964
Not enough players found for lineup: 11, 0.
[4173721] Failed to scrape lineup: https://www.transfermarkt.co.uk/spielbericht/index/spielbericht/4173721
[4649280] Could not find attributes for evgeniy staver (FC Rubin Kazan, 2025)
[4649280] Failed to build match row: FC Rubin Kazan vs RFK Akhmat Grozny
[3427090] Could not find attributes for gokdeniz bayrakdar (Antalyaspor, 2020)
[3427090] Failed to build match row: Antalyaspor vs Erzurumspor FK
[4522571] Could not find attributes for jan de boer (Bryne FK, 2024)
[4522571] Failed to build match row: Bryne FK vs KFUM-Kameratene Oslo
[4120919] Could not find attributes for rory whittaker (Hibernian Football Club, 2023)
[4625423] Could not find attributes for marko malenica (NK Osijek s.d.d., 2025)
[4120919] Failed to build match row: Saint Mirren Football Club vs Hibernian Football Club
[4625423] Failed to build match row: NK Osijek s.d.d. vs NK Varazdin
[4109460] Failed to scrape lineup: https://www.transfermarkt.co.uk/fc-arouca_sc-farense/index/spielbericht/4109460
[3603129] Could not find attributes for barrie mckay (Heart of Midlothian Football Club, 2021)
[3603129] Failed to build match row: Rangers Football Club vs Heart of Midlothian Football Club
[4377074] Failed to scrape lineup: https://www.transfermarkt.co.uk/spielbericht/index/spielbericht/4377074
[3433366] Failed to scrape lineup: https://www.transfermarkt.co.uk/acf-fiorentina_fc-crotone/index/spielbericht/3433366
[4839865] Could not find attributes for joao tornich (Linzer Athletik-Sport-Klub, 2025)
[4839865] Failed to build match row: Linzer Athletik-Sport-Klub vs Sportklub Rapid
[3464324] Could not find attributes for bakhtiyor zaynutdinov (PFK CSKA Moskva, 2020)
[3464324] Failed to build match row: PFK CSKA Moskva vs Ural Yekaterinburg
[4368098] Could not find attributes for younes namli (Prins Hendrik Ende Desespereert Nimmer Combinatie Zwolle, 2024)
[4368098] Failed to build match row: Nooit Opgeven Altijd Doorzetten Aangenaam Door Vermaak En Nuttig Door Ontspanning Combinatie Breda vs Prins Hendrik Ende Desespereert Nimmer Combinatie Zwolle

Keepers & outfield error for **Olympiakos Syndesmos Filathlon Peiraios** in Olympiakos Syndesmos Filathlon Peiraios vs Athlitiki Enosi Konstantinoupoleos: Numbers: 2 and 9.
Not enough players found for lineup: 0, 0.
[3731390] Failed to build match row: Olympiakos Syndesmos Filathlon Peiraios vs Athlitiki Enosi Konstantinoupoleos
[4173723] Failed to scrape lineup: https://www.transfermarkt.co.uk/spielbericht/index/spielbericht/4173723
[4625424] Could not find attributes for osman hadzikic (NK Slaven Belupo Koprivnica, 2025)
[4649281] Failed to build match row: FK Nizhny Novgorod vs AO FK Zenit Sankt-Peterburg
[3420606] Could not find attributes for vladyslav kucheruk (FK Kolos Kovalivka, 2020)
[3420606] Failed to build match row: FK Kolos Kovalivka vs FC Minaj
[4625424] Failed to build match row: NK Slaven Belupo Koprivnica vs HNK Hajduk Split
[4120920] Could not find attributes for liam scales (The Celtic Football Club, 2023)
[4120920] Failed to build match row: The Celtic Football Club vs Aberdeen Football Club

Keepers & outfield error for **Futebol Clube do Porto** in Sporting Clube de Braga vs Futebol Clube do Porto: Numbers: 0 and 11.
[3621577] Failed to build match row: Sporting Clube de Braga vs Futebol Clube do Porto
[3433367] Could not find attributes for eldor shomurodov (Genoa Cricket and Football Club, 2020)
[3433367] Failed to build match row: Genoa Cricket and Football Club vs Cagliari Calcio
[4408857] Could not find attributes for petros mantalos (Athlitiki Enosi Konstantinoupoleos, 2024)
[4408857] Failed to build match row: Athlitiki Enosi Konstantinoupoleos vs Athens Kallithea
[4648000] Could not find attributes for taylan antalyali (Çaykur Rizespor Kulübü, 2025)
[4648000] Failed to build match row: Trabzonspor Kulübü vs Çaykur Rizespor Kulübü
[4839866] Could not find attributes for tom ritzy hulsmann (Turn- und Sportverein Egger Glas Hartberg, 2025)
[4839866] Failed to build match row: Fußballklub Austria Wien vs Turn- und Sportverein Egger Glas Hartberg
[3528469] Could not find attributes for roberto soldado (Granada CF, 2020)
[3528469] Failed to build match row: Granada CF vs Molde Fotballklubb
[4798440] Could not find attributes for ezequiel ham (Club Atlético Tucumán, 2025)
[4798440] Failed to build match row: Club Atlético Rosario Central vs Club Atlético Tucumán
[4630639] Could not find attributes for thomas sandon (LR Vicenza, 2025)
[4630639] Failed to build match row: Calcio Padova vs LR Vicenza
Not enough players found for lineup: 0, 0.
[4715563] Failed to scrape lineup: https://www.transfermarkt.co.uk/spielbericht/index/spielbericht/4715563

Keepers & outfield error for **Sporting Clube de Braga** in Portimonense SC vs Sporting Clube de Braga: Numbers: 0 and 11.
[4109461] Failed to build match row: Portimonense SC vs Sporting Clube de Braga
[4368099] Could not find attributes for mark spenkelink (RKC Waalwijk, 2024)
[4368099] Failed to build match row: Football Club Groningen vs RKC Waalwijk
[3427091] Could not find attributes for djaniny (Trabzonspor Kulübü, 2020)

Keepers & outfield error for **Clube Desportivo Nacional** in Futebol Clube do Porto vs Clube Desportivo Nacional: Numbers: 0 and 11.
[3427091] Failed to build match row: Trabzonspor Kulübü vs MKE Ankaragücü
[3603130] Could not find attributes for ross graham (Dundee United Football Club, 2021)
[4396933] Failed to build match row: Futebol Clube do Porto vs Clube Desportivo Nacional
[4649282] Could not find attributes for vitaliy gudiev (Akron Togliatti, 2025)
[4649282] Failed to build match row: Akron Togliatti vs FK Sochi
[3603130] Failed to build match row: St. Johnstone FC vs Dundee United Football Club
[3949612] Could not find attributes for asier goni (CA Cirbonero, 2022)
[3949612] Failed to build match row: CA Cirbonero vs CF Intercity
[4625425] Could not find attributes for davor matijas (HNK Gorica, 2025)
[4625425] Failed to build match row: HNK Gorica vs NK Lokomotiva Zagreb
[3731391] Could not find attributes for yuriy lodygin (PAS Giannina, 2021)
[3731391] Failed to build match row: PAS Giannina vs Aris Thessalonikis
Not enough players found for lineup: 0, 0.
[4522572] Could not find attributes for emil holten (Fredrikstad Fotballklubb, 2024)
[4173724] Failed to scrape lineup: https://www.transfermarkt.co.uk/spielbericht/index/spielbericht/4173724
[4522572] Failed to build match row: Fredrikstad Fotballklubb vs Vålerengens Idrettsforening
[4373815] Could not find attributes for kosta nedeljkovic (RasenBallsport Leipzig, 2024)
[4098215] Could not find attributes for robin propper (Football Club Twente, 2023)
[4373815] Failed to build match row: RasenBallsport Leipzig vs Holstein Kiel
[4098215] Failed to build match row: Eindhovense Voetbalvereniging Philips Sport Vereniging vs Football Club Twente

Keepers & outfield error for **Real Sociedad de Fútbol S.A.D.** in Cádiz CF vs Real Sociedad de Fútbol S.A.D.: Numbers: 0 and 11.
[3451003] Failed to build match row: Cádiz CF vs Real Sociedad de Fútbol S.A.D.
[3464325] Could not find attributes for sergey ryzhikov (PFK Tambov (-2021), 2020)
[3464325] Failed to build match row: PFK Tambov (-2021) vs FC Rubin Kazan
[3660438] Could not find attributes for vitinha (Sporting Clube de Braga, 2021)
[3660438] Failed to build match row: Sporting Clube de Braga vs Ludogorets Razgrad
[3420607] Could not find attributes for orest kostyk (PFK Lviv, 2020)
[3420607] Failed to build match row: PFK Lviv vs SC Dnipro-1
[4839867] Could not find attributes for gizo mamageishvili (Sportklub Puntigamer Sturm Graz, 2025)
[4839867] Failed to build match row: Fußballclub Red Bull Salzburg vs Sportklub Puntigamer Sturm Graz
[4396934] Failed to scrape lineup: https://www.transfermarkt.co.uk/fc-famalicao_casa-pia-ac/index/spielbericht/4396934
[4692734] Could not find attributes for eder chaux (Independiente Medellín, 2025)
[4692734] Failed to build match row: Independiente Medellín vs Millonarios FC

Keepers & outfield error for **Associazione Calcio Milan** in Associazione Sportiva Roma vs Associazione Calcio Milan: Numbers: 2 and 9.
[4620920] Failed to build match row: Associazione Sportiva Roma vs Associazione Calcio Milan
[4472362] Could not find attributes for adam lachehab (Jove Español San Vicente, 2024)
[4472362] Failed to build match row: Jove Español San Vicente vs Real Sociedad de Fútbol S.A.D.
[4649283] Could not find attributes for sergey pesjakov (PFK Krylya Sovetov Samara, 2025)
[3528470] Could not find attributes for jose cholevas (Olympiakos Syndesmos Filathlon Peiraios, 2020)
[4649283] Failed to build match row: PFK Krylya Sovetov Samara vs AO FK Zenit Sankt-Peterburg
[3528470] Failed to build match row: Arsenal Football Club vs Olympiakos Syndesmos Filathlon Peiraios
[3860238] Could not find attributes for charilaos charisis (Sivasspor, 2022)
[3860238] Failed to build match row: Sivasspor vs Fatih Karagümrük Sportif Faaliyetler San. Tic. A.Ş.
[4408858] Could not find attributes for federico alvarez (A.G.S Asteras Tripolis, 2024)
[4408858] Failed to build match row: A.G.S Asteras Tripolis vs Panetolikos Agrinio
[3839250] Failed to scrape lineup: https://www.transfermarkt.co.uk/rb-leipzig_sc-freiburg/index/spielbericht/3839250
[4431118] Could not find attributes for miroslav stevanovic (Servette Football Club 1890 SA, 2024)
[4431118] Failed to build match row: Chelsea Football Club vs Servette Football Club 1890 SA
[4138047] Could not find attributes for oscar borg (Haverfordwest County, 2023)
[4138047] Failed to build match row: Haverfordwest County vs B36 Tórshavn
[4839868] Failed to scrape lineup: https://www.transfermarkt.co.uk/scr-altach_wolfsberger-ac/index/spielbericht/4839868
[4640811] Could not find attributes for dimitrije minic (Fudbalski Klub Spartak Ždrepčeva krv, 2025)
[4640811] Failed to build match row: Fudbalski Klub Spartak Ždrepčeva krv vs Fudbalski Klub IMT Novi Beograd
[4070619] Could not find attributes for pavlo isenko (Vorskla Poltava, 2022)
[4070619] Failed to build match row: Vorskla Poltava vs FK Kolos Kovalivka
[4120922] Could not find attributes for danny armstrong (Kilmarnock Football Club, 2023)
[4120922] Failed to build match row: Hibernian Football Club vs Kilmarnock Football Club
[4648001] Could not find attributes for denis makarov (Kayserispor Kulübü, 2025)
[4648001] Failed to build match row: Samsunspor vs Kayserispor Kulübü
[4472363] Failed to scrape lineup: https://www.transfermarkt.co.uk/spielbericht/index/spielbericht/4472363
[3528471] Failed to scrape lineup: https://www.transfermarkt.co.uk/spielbericht/index/spielbericht/3528471

Keepers & outfield error for **SD Eibar** in SD Eibar vs Getafe Club de Fútbol S. A. D. Team Dubai: Numbers: 3 and 8.
[3451004] Failed to build match row: SD Eibar vs Getafe Club de Fútbol S. A. D. Team Dubai
[3621578] Could not find attributes for emilijus zubas (Futebol Clube de Arouca, 2021)
[4138048] Failed to scrape lineup: https://www.transfermarkt.co.uk/spielbericht/index/spielbericht/4138048
[3621578] Failed to build match row: Futebol Clube de Arouca vs B SAD
[4368100] Could not find attributes for lefteris lyratzis (Nijmegen Eendracht Combinatie, 2024)
[4368100] Failed to build match row: Nijmegen Eendracht Combinatie vs Willem II Tilburg
zio S.p.A. vs Unione Sportiva Sassuolo Calcio: Numbers: 2 and 9.
[3433369] Failed to build match row: Società Sportiva Lazio S.p.A. vs Unione Sportiva Sassuolo Calcio
[4839870] Could not find attributes for jussef nasrawe (Sportvereinigung Ried 1912, 2025)
[4839870] Failed to build match row: Sportvereinigung Ried 1912 vs RZ Pellets Wolfsberger Athletiksport Club
[3660439] Could not find attributes for halil dervisoglu (Galatasaray Spor Kulübü, 2021)
[3660439] Failed to build match row: Galatasaray Spor Kulübü vs Футбольный клуб "Локомотив" Москва
[3603131] Could not find attributes for liel abada (The Celtic Football Club, 2021)
[3603131] Failed to build match row: The Celtic Football Club vs Dundee United Football Club
[4408859] Could not find attributes for gelson martins (Olympiakos Syndesmos Filathlon Peiraios, 2024)
[4408859] Failed to build match row: Olympiakos Syndesmos Filathlon Peiraios vs Aris Thessalonikis
[3860239] Could not find attributes for bahadir gungordu (MKE Ankaragücü, 2022)
[3860239] Failed to build match row: MKE Ankaragücü vs Beşiktaş Jimnastik Kulübü
[3839251] Could not find attributes for julian baumgartlinger (Fußball-Club Augsburg 1907, 2022)
[4095310] Failed to scrape lineup: https://www.transfermarkt.co.uk/aston-villa_manchester-united/index/spielbericht/4095310
[3839251] Failed to build match row: 1. Fußballclub Union Berlin vs Fußball-Club Augsburg 1907
[4692735] Could not find attributes for wuilker farinez (Rionegro Águilas, 2025)
[4692735] Failed to build match row: Rionegro Águilas vs Fortaleza CEIF
[4363856] Could not find attributes for nikola maksimovic (Montpellier HSC, 2024)
[4363856] Failed to build match row: Montpellier HSC vs Lille Olympique Sporting Club
[3464326] Could not find attributes for emanuel mammana (FK Sochi, 2020)
[3464326] Failed to build match row: FK Sochi vs FK Spartak Moskva
[4098216] Could not find attributes for robin maulun (Football Club Volendam, 2023)
[4098216] Failed to build match row: Football Club Volendam vs Alkmaar Zaanstreek
[4070620] Could not find attributes for ilya olkhovyi (PFK Lviv, 2022)
[4070620] Failed to build match row: PFK Lviv vs Ingulets Petrove
[4431119] Could not find attributes for andriy klishchuk (FK Kryvbas Kryvyi Rig, 2024)
[4431119] Failed to build match row: FK Kryvbas Kryvyi Rig vs Real Betis Balompié S.A.D.
[3427092] Could not find attributes for irfan can egribayat (Göztepe Sportif Yatırımlar A.Ş., 2020)
[3427092] Failed to build match row: Göztepe Sportif Yatırımlar A.Ş. vs Sivasspor
[3901514] Could not find attributes for ismail yuksek (Fenerbahçe Spor Kulübü, 2022)
[3901514] Failed to build match row: Fenerbahçe Spor Kulübü vs Fußballklub Austria Wien
[3420608] Could not find attributes for bogdan shust (Ingulets Petrove, 2020)
[4649284] Could not find attributes for kurban rasulov (FK Dinamo Moskva, 2025)
[4649284] Failed to build match row: FK Dinamo Moskva vs Akron Togliatti
[3420608] Failed to build match row: Ingulets Petrove vs FK Mariupol
Not enough players found for lineup: 0, 0.
[4173725] Failed to scrape lineup: https://www.transfermarkt.co.uk/spielbericht/index/spielbericht/4173725

Keepers & outfield error for **Granada CF** in Granada CF vs Real Valladolid CF: Numbers: 0 and 11.
[3451005] Failed to build match row: Granada CF vs Real Valladolid CF

Keepers & outfield error for **Livingston Football Club** in Livingston Football Club vs Rangers Football Club: Numbers: 2 and 9.
[4120923] Failed to build match row: Livingston Football Club vs Rangers Football Club

Keepers & outfield error for **Wolverhampton Wanderers Football Club** in Wolverhampton Wanderers Football Club vs Brentford Football Club: Numbers: 0 and 11.
[4361539] Failed to build match row: Wolverhampton Wanderers Football Club vs Brentford Football Club
[4839871] Could not find attributes for isak dahlqvist (Fußballclub Blau-Weiß Linz, 2025)
[4839871] Failed to build match row: Wattener Sportgemeinschaft Swarovski Tirol vs Fußballclub Blau-Weiß Linz

Keepers & outfield error for **FC Vizela** in FC Vizela vs Casa Pia Atlético Clube: Numbers: 2 and 9.
[4109462] Failed to build match row: FC Vizela vs Casa Pia Atlético Clube

Keepers & outfield error for **Boavista FC** in Boavista FC vs Vitória Sport Clube: Numbers: 3 and 8.
[4648002] Could not find attributes for adem arous (Kasımpaşa A.Ş., 2025)
[4620922] Could not find attributes for roberto gagliardini (Verona Hellas Football Club, 2025)
[3839252] Could not find attributes for nikola soldo (1. Fußball-Club Köln, 2022)
[3839252] Failed to build match row: 1. Fußball-Club Köln vs Bayer 04 Leverkusen Fußball
[3621579] Failed to build match row: Boavista FC vs Vitória Sport Clube
[4648002] Failed to build match row: Beşiktaş Jimnastik Kulübü vs Kasımpaşa A.Ş.
[4620922] Failed to build match row: Verona Hellas Football Club vs Udinese Calcio
[4138049] Could not find attributes for bekkhan shayzada (Ordabasy Shymkent, 2023)
[3528472] Could not find attributes for ilya zabarnyi (Futbolniy Klub Dynamo Kyiv, 2020)
[4625426] Could not find attributes for franko kolic (NK Istra 1961, 2025)
[4138049] Failed to build match row: Legia Warszawa Spółka Akcyjna vs Ordabasy Shymkent
[3528472] Failed to build match row: Villarreal Club de Fútbol S.A.D. vs Futbolniy Klub Dynamo Kyiv
[4625426] Failed to build match row: NK Istra 1961 vs HNK Vukovar 1991
[4095311] Could not find attributes for djordje petrovic (Chelsea Football Club, 2023)
[4095311] Failed to build match row: Crystal Palace Football Club vs Chelsea Football Club

Keepers & outfield error for **Olympique de Marseille** in Olympique de Marseille vs Società Sportiva Lazio S.p.A.: Numbers: 2 and 9.

Keepers & outfield error for **Football Club de Nantes** in Paris Saint-Germain Football Club vs Football Club de Nantes: Numbers: 2 and 9.
[4645505] Could not find attributes for grady diangana (Elche Club de Fútbol S.A.D., 2025)
[3660440] Failed to build match row: Olympique de Marseille vs Società Sportiva Lazio S.p.A.
[4363857] Failed to build match row: Paris Saint-Germain Football Club vs Football Club de Nantes
[4645505] Failed to build match row: Alaves vs Elche Club de Fútbol S.A.D.
[4098217] Could not find attributes for metinho (Sparta Rotterdam, 2023)
[4098217] Failed to build match row: Sparta Rotterdam vs AFC Ajax Amsterdam
[4373817] Could not find attributes for kevin muller (1. Fußballclub Heidenheim 1846, 2024)
[3613130] Could not find attributes for yunus akgun (Adana Demirspor, 2021)
[4373817] Failed to build match row: 1. Fußballclub Heidenheim 1846 vs FC Bayern München
[3613130] Failed to build match row: Adana Demirspor vs İstanbul Başakşehir Futbol Kulübü
[4070621] Could not find attributes for yevgen past (Chornomorets Odesa, 2022)
[3589290] Could not find attributes for nicolas de preville (Football Club de Metz, 2021)
[4070621] Failed to build match row: Chornomorets Odesa vs FC Rukh Lviv
[3589290] Failed to build match row: Football Club de Metz vs Football Club Lorient-Bretagne Sud
[4109463] Failed to scrape lineup: https://www.transfermarkt.co.uk/gil-vicente-fc_fc-famalicao/index/spielbericht/4109463
[4649285] Could not find attributes for anton mitryushkin (Футбольный клуб "Локомотив" Москва, 2025)
[4693216] Could not find attributes for joaquin mattalia (Unión Magdalena, 2025)
[4649285] Failed to build match row: Футбольный клуб "Локомотив" Москва vs FC Orenburg
[4693216] Failed to build match row: Unión Magdalena vs Asociación Deportivo Pasto
[4640812] Could not find attributes for uros filipovic (Fudbalski klub Radnik Surdulica, 2025)
[4640812] Failed to build match row: Fudbalski klub Radnik Surdulica vs Fudbalski Klub Radnički Niš

Keepers & outfield error for **Sporting Clube de Portugal** in Sporting Clube de Portugal vs Vitória Sport Clube: Numbers: 0 and 11.
[4396936] Failed to build match row: Sporting Clube de Portugal vs Vitória Sport Clube
[4648003] Could not find attributes for julian cuesta (Antalyaspor, 2025)
[4648003] Failed to build match row: İstanbul Başakşehir Futbol Kulübü vs Antalyaspor
[4625427] Could not find attributes for franko kolic (NK Istra 1961, 2025)
[4431120] Could not find attributes for jordan marshall (The New Saints, 2024)
[4625427] Failed to build match row: NK Istra 1961 vs GNK Dinamo Zagreb
[4431120] Failed to build match row: The New Saints vs FK Panevezys
[3598120] Could not find attributes for lior refaelov (Royal Sporting Club Anderlecht, 2021)
[3598120] Failed to build match row: Royal Sporting Club Anderlecht vs Yellow-Red Koninklijke Voetbalclub Mechelen

Keepers & outfield error for **Club Sportivo Independiente Rivadavia** in Club Atlético Tigre vs Club Sportivo Independiente Rivadavia: Numbers: 0 and 11.
[4798441] Failed to build match row: Club Atlético Tigre vs Club Sportivo Independiente Rivadavia
[3451006] Could not find attributes for antonio barragan (Elche Club de Fútbol S.A.D., 2020)
[3451006] Failed to build match row: Levante Unión Deportiva S.A.D. vs Elche Club de Fútbol S.A.D.
[4268995] Could not find attributes for ashley phillips (Plymouth Argyle, 2023)
[4268995] Failed to build match row: Leeds United Association Football Club vs Plymouth Argyle
[4408860] Could not find attributes for marko bakic (Omilos Filathlon Irakliou FC, 2024)
[4408860] Failed to build match row: Omilos Filathlon Irakliou FC vs APO Levadiakos Football Club
[4373818] Could not find attributes for tom krauss (VfL Bochum, 2024)
[4373818] Failed to build match row: Sportverein Werder Bremen von 1899 vs VfL Bochum
Not enough players found for lineup: 0, 11.
[4173729] Failed to scrape lineup: https://www.transfermarkt.co.uk/spielbericht/index/spielbericht/4173729
[4839872] Could not find attributes for beres owusu (Grazer Athletiksport Klub 1902, 2025)
[4839872] Failed to build match row: Grazer Athletiksport Klub 1902 vs Sportclub Rheindorf Altach

Keepers & outfield error for **Motherwell Football Club** in Motherwell Football Club vs Heart of Midlothian Football Club: Numbers: 0 and 11.
[4120924] Failed to build match row: Motherwell Football Club vs Heart of Midlothian Football Club
[3839253] Could not find attributes for dennis geiger (Turn- und Sportgemeinschaft 1899 Hoffenheim Fußball-Spielbetriebs, 2022)
[3839253] Failed to build match row: Eintracht Frankfurt Fußball AG vs Turn- und Sportgemeinschaft 1899 Hoffenheim Fußball-Spielbetriebs
[3621580] Could not find attributes for osama rashid (FC Vizela, 2021)
[3621580] Failed to build match row: FC Vizela vs Sporting Clube de Braga
[3613131] Could not find attributes for fredrik ulvestad (Sivasspor, 2021)
[3613131] Failed to build match row: Sivasspor vs Altay SK

Keepers & outfield error for **Fodbold Club Midtjylland** in Fodbold Club Nordsjælland vs Fodbold Club Midtjylland: Numbers: 2 and 9.
[4368435] Failed to build match row: Fodbold Club Nordsjælland vs Fodbold Club Midtjylland
[3420609] Could not find attributes for georgiy sudakov (FC Shakhtar Donetsk, 2020)
[3420609] Failed to build match row: FC Shakhtar Donetsk vs FK Mariupol
[4693217] Could not find attributes for dario denis (Boyacá Chicó FC, 2025)
[4693217] Failed to build match row: Boyacá Chicó FC vs Internacional de Bogotá
[4649286] Could not find attributes for giorgiy shelia (RFK Akhmat Grozny, 2025)
[4625428] Could not find attributes for marino bulat (HNK Vukovar 1991, 2025)

Keepers & outfield error for **Go Ahead Eagles** in Alkmaar Zaanstreek vs Go Ahead Eagles: Numbers: 0 and 11.

Keepers & outfield error for **Fatih Karagümrük Sportif Faaliyetler San. Tic. A.Ş.** in Fatih Karagümrük Sportif Faaliyetler San. Tic. A.Ş. vs Kayserispor Kulübü: Numbers: 0 and 11.
[4649286] Failed to build match row: RFK Akhmat Grozny vs FK Spartak Moskva
[3427093] Failed to build match row: Fatih Karagümrük Sportif Faaliyetler San. Tic. A.Ş. vs Kayserispor Kulübü
[4625428] Failed to build match row: HNK Vukovar 1991 vs HNK Gorica
[4569731] Failed to build match row: Alkmaar Zaanstreek vs Go Ahead Eagles

Keepers & outfield error for **Fulham Football Club** in Fulham Football Club vs Association Football Club Bournemouth: Numbers: 2 and 9.
[4095312] Failed to build match row: Fulham Football Club vs Association Football Club Bournemouth
[4798442] Could not find attributes for ignacio pais (Club Atlético Banfield, 2025)
[4648004] Could not find attributes for marcos felipe (Eyüp Spor Kulübü, 2025)
[4648004] Failed to build match row: Eyüp Spor Kulübü vs Trabzonspor Kulübü
[4798442] Failed to build match row: Asociación Atlética Argentinos Juniors vs Club Atlético Banfield
[3901516] Could not find attributes for charilaos charisis (Sivasspor, 2022)
[3451007] Could not find attributes for ante budimir (Club Atlético Osasuna, 2020)
[4070622] Could not find attributes for oleg mozil (TOV FK Metalist 1925 Kharkiv, 2022)
[3451007] Failed to build match row: Club Atlético Osasuna vs SD Huesca
[3901516] Failed to build match row: Sivasspor vs Malmö Fotbollförening
[4070622] Failed to build match row: TOV FK Metalist 1925 Kharkiv vs FK Kryvbas Kryvyi Rig
[3528475] Could not find attributes for miralem sulejmani (Berner Sport Club Young Boys, 2020)
[3528475] Failed to build match row: Berner Sport Club Young Boys vs AFC Ajax Amsterdam
[4396937] Could not find attributes for andreas ntoi (Rio Ave Futebol Clube, 2024)
[4396937] Failed to build match row: Rio Ave Futebol Clube vs Gil Vicente Futebol Clube
[3860241] Could not find attributes for campanharo (Kayserispor Kulübü, 2022)
[3860241] Failed to build match row: Fenerbahçe Spor Kulübü vs Kayserispor Kulübü
[4839873] Could not find attributes for joao tornich (Linzer Athletik-Sport-Klub, 2025)
[4839873] Failed to build match row: Linzer Athletik-Sport-Klub vs Fußballclub Red Bull Salzburg
[4098684] Could not find attributes for florjan smakiqi (FC Drita, 2023)
[4098684] Failed to build match row: FC Drita vs FC Viktoria Plzeň, a.s.
[4408861] Could not find attributes for luka gugeshashvili (Panserraikos Serres, 2024)
[4408861] Failed to build match row: Panserraikos Serres vs Panathinaikos Athlitikos Omilos

Keepers & outfield error for **Girona Fútbol Club S. A. D.** in Girona Fútbol Club S. A. D. vs Valencia Club de Fútbol S. A. D.: Numbers: 2 and 9.
[4645507] Failed to build match row: Girona Fútbol Club S. A. D. vs Valencia Club de Fútbol S. A. D.

Keepers & outfield error for **Futebol Clube do Porto** in Futebol Clube do Porto vs Clube Desportivo Santa Clara: Numbers: 0 and 11.
Not enough players found for lineup: 0, 0.
[3621581] Failed to build match row: Futebol Clube do Porto vs Clube Desportivo Santa Clara
[3613132] Failed to build match row: Beşiktaş Jimnastik Kulübü vs Hatayspor

Keepers & outfield error for **Club Atlético Osasuna** in Celta vs Club Atlético Osasuna: Numbers: 2 and 9.
[4173730] Failed to scrape lineup: https://www.transfermarkt.co.uk/spielbericht/index/spielbericht/4173730
[3886410] Failed to build match row: Celta vs Club Atlético Osasuna
[3660442] Failed to build match row: Royal Antwerp Football Club vs Fenerbahçe Spor Kulübü
[4070623] Could not find attributes for pavlo isenko (Vorskla Poltava, 2022)
[4070623] Failed to build match row: Vorskla Poltava vs FC Shakhtar Donetsk
[3420610] Could not find attributes for bogdan sarnavskyi (SC Dnipro-1, 2020)
[4431121] Could not find attributes for adrien thomasson (Racing Club de Lens, 2024)
[3420610] Failed to build match row: SC Dnipro-1 vs Futbolniy Klub Dynamo Kyiv
[3844948] Failed to scrape lineup: https://www.transfermarkt.co.uk/hellas-verona_us-salernitana-1919/index/spielbericht/3844948
[4431121] Failed to build match row: Panathinaikos Athlitikos Omilos vs Racing Club de Lens

Keepers & outfield error for **Olympique Lyonnais** in Olympique Lyonnais vs Olympique Gymnaste Club Nice Côte d'Azur: Numbers: 0 and 11.
[3433372] Could not find attributes for jeff chabot (Spezia Calcio, 2020)
[4363859] Failed to build match row: Olympique Lyonnais vs Olympique Gymnaste Club Nice Côte d'Azur
[4649287] Could not find attributes for nikita medvedev (FK Nizhny Novgorod, 2025)
[3433372] Failed to build match row: Associazione Sportiva Roma vs Spezia Calcio
[4649287] Failed to build match row: FK Nizhny Novgorod vs FC Rubin Kazan
[4625429] Could not find attributes for tino jukic (NK Lokomotiva Zagreb, 2025)
[4138050] Could not find attributes for balazs megyeri (Debreceni VSC, 2023)
[4625429] Failed to build match row: NK Lokomotiva Zagreb vs NK Slaven Belupo Koprivnica
[4138050] Failed to build match row: Debreceni VSC vs Alashkert Yerevan FC

Keepers & outfield error for **Real Betis Balompié S.A.D.** in Real Betis Balompié S.A.D. vs Girona Fútbol Club S. A. D.: Numbers: 0 and 11.
[4361546] Failed to build match row: Real Betis Balompié S.A.D. vs Girona Fútbol Club S. A. D.
[4648005] Could not find attributes for taylan antalyali (Çaykur Rizespor Kulübü, 2025)
[4648005] Failed to build match row: Çaykur Rizespor Kulübü vs Samsunspor

Keepers & outfield error for **FC Vizela** in FC Vizela vs SC Farense: Numbers: 2 and 9.
[4109465] Failed to build match row: FC Vizela vs SC Farense
[4640813] Could not find attributes for sasa stamenkovic (Fudbalski Klub Mladost Lučani, 2025)
[4640813] Failed to build match row: Fudbalski Klub Mladost Lučani vs Fudbalski Klub Javor Matis Ivanjica

Keepers & outfield error for **Club Sportivo Independiente Rivadavia** in Club Sportivo Independiente Rivadavia vs Asociación Atlética Argentinos Juniors: Numbers: 0 and 11.
[4798443] Failed to build match row: Club Sportivo Independiente Rivadavia vs Asociación Atlética Argentinos Juniors
Not enough players found for lineup: 0, 11.
[4715564] Failed to scrape lineup: https://www.transfermarkt.co.uk/spielbericht/index/spielbericht/4715564

Keepers & outfield error for **Paris Saint-Germain Football Club** in Paris Saint-Germain Football Club vs Association sportive de Monaco Football Club: Numbers: 2 and 9.
[3589292] Failed to build match row: Paris Saint-Germain Football Club vs Association sportive de Monaco Football Club
Not enough players found for lineup: 0, 0.
[4173731] Failed to scrape lineup: https://www.transfermarkt.co.uk/spielbericht/index/spielbericht/4173731
[4363860] Could not find attributes for yael nandjou (Olympique Gymnaste Club Nice Côte d'Azur, 2024)
[4363860] Failed to build match row: Olympique Gymnaste Club Nice Côte d'Azur vs Le Havre Athletic Club
[4625430] Could not find attributes for dario maresic (HNK Hajduk Split, 2025)
[4625430] Failed to build match row: HNK Hajduk Split vs NK Osijek s.d.d.
[3621582] Could not find attributes for paulinho (Moreirense Futebol Clube, 2021)
[4408862] Could not find attributes for marios siampanis (Volou Neos Podosferikos Syllogos, 2024)
[4408862] Failed to build match row: Panthessalonikios Athlitikos Omilos Konstantinoupoliton vs Volou Neos Podosferikos Syllogos
[4120927] Could not find attributes for liam scales (The Celtic Football Club, 2023)
[4120927] Failed to build match row: The Celtic Football Club vs Motherwell Football Club
[3427094] Could not find attributes for ismail koybasi (Çaykur Rizespor Kulübü, 2020)
[3427094] Failed to build match row: Galatasaray Spor Kulübü vs Çaykur Rizespor Kulübü
[4630640] Failed to scrape lineup: https://www.transfermarkt.co.uk/spielbericht/index/spielbericht/4630640
[3451009] Failed to scrape lineup: https://www.transfermarkt.co.uk/villarreal-cf_real-madrid/index/spielbericht/3451009
[4363861] Failed to scrape lineup: https://www.transfermarkt.co.uk/aj-auxerre_paris-saint-germain/index/spielbericht/4363861
[4625431] Could not find attributes for oliver zelenika (NK Varazdin, 2025)
[4625431] Failed to build match row: NK Varazdin vs Hrvatski Nogometni Klub Rijeka
[4377078] Failed to scrape lineup: https://www.transfermarkt.co.uk/spielbericht/index/spielbericht/4377078
[3420611] Could not find attributes for bogdan shust (Ingulets Petrove, 2020)
[3420611] Failed to build match row: Ingulets Petrove vs FC Zorya Lugansk
[4648006] Could not find attributes for youssef ait bennasser (Kayserispor Kulübü, 2025)
[4648006] Failed to build match row: Kayserispor Kulübü vs Fatih Karagümrük Sportif Faaliyetler San. Tic. A.Ş.
[4630641] Failed to scrape lineup: https://www.transfermarkt.co.uk/spielbericht/index/spielbericht/4630641
[4693218] Could not find attributes for jeison osorio (Alianza FC, 2025)
[4693218] Failed to build match row: Atlético Nacional vs Alianza FC
[3660443] Could not find attributes for luquinhas (Legia Warszawa Spółka Akcyjna, 2021)
[3660443] Failed to build match row: Legia Warszawa Spółka Akcyjna vs Società Sportiva Calcio Napoli
[4648007] Failed to scrape lineup: https://www.transfermarkt.co.uk/fenerbahce_gaziantep-fk/index/spielbericht/4648007
[4640814] Could not find attributes for lazar kalicanin (Fudbalski klub Čukarički Beograd, 2025)
[4640814] Failed to build match row: Fudbalski klub Čukarički Beograd vs Fudbalski klub TSC Bačka Topola
[3613134] Could not find attributes for uros spajic (Kasımpaşa A.Ş., 2021)
[3613134] Failed to build match row: Kasımpaşa A.Ş. vs Gaziantep Futbol Kulübü A.Ş.

Keepers & outfield error for **Sporting Clube de Braga** in Sporting Clube de Braga vs Clube Desportivo Santa Clara: Numbers: 2 and 9.
[3621583] Failed to build match row: Sporting Clube de Braga vs Clube Desportivo Santa Clara
[4693219] Failed to scrape lineup: https://www.transfermarkt.co.uk/millonarios-fc_deportivo-cali/index/spielbericht/4693219
[4095314] Could not find attributes for wes foderingham (Sheffield United, 2023)
[4095314] Failed to build match row: Luton Town vs Sheffield United
[3733605] Could not find attributes for roy kuijpers (RKC Waalwijk, 2021)
[3733605] Failed to build match row: RKC Waalwijk vs ADO Den Haag
[3660444] Could not find attributes for ruslan litvinov (FK Spartak Moskva, 2021)
[4648008] Could not find attributes for efkan bekiroglu (Göztepe Sportif Yatırımlar A.Ş., 2025)
[4648008] Failed to build match row: Göztepe Sportif Yatırımlar A.Ş. vs Galatasaray Spor Kulübü
[3613135] Failed to scrape lineup: https://www.transfermarkt.co.uk/galatasaray_fatih-karagumruk/index/spielbericht/3613135
Not enough players found for lineup: 0, 11.
[4715565] Failed to scrape lineup: https://www.transfermarkt.co.uk/spielbericht/index/spielbericht/4715565
[3451010] Could not find attributes for raul navas (Club Atlético Osasuna, 2020)

Keepers & outfield error for **Villarreal Club de Fútbol S.A.D.** in Villarreal Club de Fútbol S.A.D. vs Club Atlético de Madrid S.A.D.: Numbers: 0 and 11.
[4373820] Could not find attributes for alexis claude maurice (Fußball-Club Augsburg 1907, 2024)
[3451010] Failed to build match row: Futbol Club Barcelona vs Club Atlético Osasuna
[4361549] Failed to build match row: Villarreal Club de Fútbol S.A.D. vs Club Atlético de Madrid S.A.D.
[4373820] Failed to build match row: Fußball-Club Augsburg 1907 vs Eintracht Frankfurt Fußball AG
[3420612] Could not find attributes for yuriy pankiv (FC Oleksandriya, 2020)
[4363862] Could not find attributes for yunis abdelhamid (AS Saint-Étienne, 2024)
[4640815] Could not find attributes for zeljko samcovic (Fudbalski Klub Novi Pazar, 2025)
[4363862] Failed to build match row: AS Saint-Étienne vs Olympique de Marseille
[3420612] Failed to build match row: FC Oleksandriya vs Desna Chernigiv

Keepers & outfield error for **Atalanta Bergamasca Calcio S.p.a.** in Società Sportiva Lazio S.p.A. vs Atalanta Bergamasca Calcio S.p.a.: Numbers: 2 and 9.
[4640815] Failed to build match row: Fudbalski Klub Novi Pazar vs Fudbalski Klub Vojvodina
[3844950] Failed to build match row: Società Sportiva Lazio S.p.A. vs Atalanta Bergamasca Calcio S.p.a.

Keepers & outfield error for **Manchester City Football Club** in Manchester City Football Club vs Everton Football Club: Numbers: 0 and 11.
[4095315] Failed to build match row: Manchester City Football Club vs Everton Football Club
[4109466] Could not find attributes for zanocelo (Grupo Desportivo Estoril Praia, 2023)
[4693220] Could not find attributes for wuilker farinez (Rionegro Águilas, 2025)
[4693220] Failed to build match row: Once Caldas vs Rionegro Águilas
[4109466] Failed to build match row: Sport Lisboa e Benfica vs Grupo Desportivo Estoril Praia
[3598123] Could not find attributes for mousa tamari (Oud-Heverlee Leuven, 2021)
[3598123] Failed to build match row: Oud-Heverlee Leuven vs KV Kortrijk
[4648009] Could not find attributes for ricardo velho (Gençlerbirliği Spor Kulübü, 2025)
[4648009] Failed to build match row: Konyaspor vs Gençlerbirliği Spor Kulübü
[4570630] Could not find attributes for kosta nedeljkovic (RasenBallsport Leipzig, 2024)
[4570630] Failed to build match row: Verein für Bewegungsspiele Stuttgart 1893 vs RasenBallsport Leipzig

Keepers & outfield error for **Verona Hellas Football Club** in Verona Hellas Football Club vs Società Sportiva Calcio Napoli: Numbers: 2 and 9.
[3433374] Failed to build match row: Verona Hellas Football Club vs Società Sportiva Calcio Napoli
[3613136] Failed to scrape lineup: https://www.transfermarkt.co.uk/basaksehir-fk_yeni-malatyaspor/index/spielbericht/3613136
[4715566] Failed to scrape lineup: https://www.transfermarkt.co.uk/spielbericht/index/spielbericht/4715566
[3621584] Could not find attributes for xadas (CS Marítimo, 2021)
[3621584] Failed to build match row: CS Marítimo vs Vitória Sport Clube
[3901560] Could not find attributes for arsen siukaev (Spartak Nalchik, 2022)
[3901560] Failed to build match row: Spartak Nalchik vs Mashuk-KMV Pyatigorsk

Keepers & outfield error for **Fulham Football Club** in Fulham Football Club vs Newcastle United Football Club: Numbers: 2 and 9.
[4268998] Failed to build match row: Fulham Football Club vs Newcastle United Football Club
[4373821] Failed to scrape lineup: https://www.transfermarkt.co.uk/1-fsv-mainz-05_vfl-wolfsburg/index/spielbericht/4373821

Keepers & outfield error for **1. Fußball- und Sportverein Mainz 05** in FC Schalke 04 vs 1. Fußball- und Sportverein Mainz 05: Numbers: 2 and 9.
[3839257] Failed to build match row: FC Schalke 04 vs 1. Fußball- und Sportverein Mainz 05
[3451011] Failed to scrape lineup: https://www.transfermarkt.co.uk/celta-de-vigo_granada-cf/index/spielbericht/3451011
[3844951] Failed to scrape lineup: https://www.transfermarkt.co.uk/us-lecce_as-roma/index/spielbericht/3844951
[4640816] Could not find attributes for zoran popovic (Železničar Pančevo, 2025)
[4640816] Failed to build match row: Železničar Pančevo vs Omladinski fudbalski klub Beograd
[3598124] Failed to scrape lineup: https://www.transfermarkt.co.uk/rfc-seraing_standard-liege/index/spielbericht/3598124
[4631307] Could not find attributes for bogdan popov (FC Empoli, 2025)
[4631307] Failed to build match row: FC Empoli vs AC Reggiana 1919
[4693221] Could not find attributes for juan jose mera (Deportes Tolima, 2025)
[4693221] Failed to build match row: CD América de Cali vs Deportes Tolima

Keepers & outfield error for **Alanyaspor** in Alanyaspor vs Kocaelispor Kulübü: Numbers: 0 and 11.
[4648010] Failed to build match row: Alanyaspor vs Kocaelispor Kulübü
[4373822] Failed to scrape lineup: https://www.transfermarkt.co.uk/1-fc-union-berlin_vfb-stuttgart/index/spielbericht/4373822

Keepers & outfield error for **Valencia Club de Fútbol S. A. D.** in Real Sociedad de Fútbol S.A.D. vs Valencia Club de Fútbol S. A. D.: Numbers: 2 and 9.
[3733606] Could not find attributes for tarik evre (DVS '33 Ermelo, 2021)
[3886411] Failed to build match row: Real Sociedad de Fútbol S.A.D. vs Valencia Club de Fútbol S. A. D.
[3733606] Failed to build match row: Vitesse Arnhem vs DVS '33 Ermelo
[4649288] Failed to scrape lineup: https://www.transfermarkt.co.uk/baltika-kaliningrad_fc-krasnodar/index/spielbericht/4649288
[3839258] Failed to scrape lineup: https://www.transfermarkt.co.uk/bayer-04-leverkusen_vfb-stuttgart/index/spielbericht/3839258
[3844952] Failed to scrape lineup: https://www.transfermarkt.co.uk/ac-milan_torino-fc/index/spielbericht/3844952
[3901561] Could not find attributes for daniil frolkin (Chernomorets Novorossijsk, 2022)
[3901561] Failed to build match row: Chernomorets Novorossijsk vs Druzhba Maikop
[4472364] Could not find attributes for arturo peralta (CD Cuarte, 2024)
[4472364] Failed to build match row: CD Cuarte vs Racing Ferrol
[4640817] Could not find attributes for marko milosevic (Fudbalski Klub Partizan Beograd, 2025)
[4640817] Failed to build match row: Fudbalski Klub Partizan Beograd vs Fudbalski klub Crvena zvezda Beograd
[4522573] Could not find attributes for ilir kukleci (FK Haugesund, 2024)
[4522573] Failed to build match row: FK Haugesund vs Sarpsborg 08 Fotballforening

Keepers & outfield error for **Real Sociedad de Fútbol S.A.D.** in Real Sociedad de Fútbol S.A.D. vs Sportklub Puntigamer Sturm Graz: Numbers: 2 and 9.
[3660445] Failed to build match row: Real Sociedad de Fútbol S.A.D. vs Sportklub Puntigamer Sturm Graz
[4798444] Failed to scrape lineup: https://www.transfermarkt.co.uk/club-atletico-tucuman_club-atletico-tigre/index/spielbericht/4798444
[4120930] Could not find attributes for danny armstrong (Kilmarnock Football Club, 2023)
[4693222] Failed to scrape lineup: https://www.transfermarkt.co.uk/atletico-bucaramanga_independiente-santa-fe/index/spielbericht/4693222
[4120930] Failed to build match row: Ross County FC vs Kilmarnock Football Club
[4363863] Failed to build match row: Angers Sporting Club de l'Ouest vs Olympique Lyonnais
[3433376] Failed to scrape lineup: https://www.transfermarkt.co.uk/torino-fc_acf-fiorentina/index/spielbericht/3433376
[4648011] Could not find attributes for marcos felipe (Eyüp Spor Kulübü, 2025)
[4173733] Failed to scrape lineup: https://www.transfermarkt.co.uk/spielbericht/index/spielbericht/4173733
[4648011] Failed to build match row: Antalyaspor vs Eyüp Spor Kulübü
[4377079] Could not find attributes for fabio borini (UC Sampdoria, 2024)
[4377079] Failed to build match row: UC Sampdoria vs Calcio Como
[4373823] Failed to scrape lineup: https://www.transfermarkt.co.uk/fc-st-pauli_bayer-04-leverkusen/index/spielbericht/4373823
[3886412] Failed to scrape lineup: https://www.transfermarkt.co.uk/rayo-vallecano_real-madrid/index/spielbericht/3886412
[3603133] Could not find attributes for barrie mckay (Heart of Midlothian Football Club, 2021)
[3603133] Failed to build match row: Heart of Midlothian Football Club vs Livingston Football Club
[3844953] Failed to scrape lineup: https://www.transfermarkt.co.uk/ssc-napoli_us-cremonese/index/spielbericht/3844953
[3589295] Failed to scrape lineup: https://www.transfermarkt.co.uk/rc-strasbourg-alsace_olympique-marseille/index/spielbericht/3589295
[4839875] Failed to scrape lineup: https://www.transfermarkt.co.uk/tsv-hartberg_sk-sturm-graz/index/spielbericht/4839875
[3660446] Failed to scrape lineup: https://www.transfermarkt.co.uk/spielbericht/index/spielbericht/3660446
[3901562] Could not find attributes for nikolay moskalenko (Forte Taganrog, 2022)
[3901562] Failed to build match row: Forte Taganrog vs SKVO Rostov-na-Donu
[4070624] Failed to scrape lineup: https://www.transfermarkt.co.uk/metalist-1925-kharkiv_dynamo-kyiv/index/spielbericht/4070624
[4798445] Failed to scrape lineup: https://www.transfermarkt.co.uk/ca-huracan_ca-rosario-central/index/spielbericht/4798445
[4363864] Failed to scrape lineup: https://www.transfermarkt.co.uk/losc-lille_stade-brestois-29/index/spielbericht/4363864
[4640818] Could not find attributes for luka lijeskic (FK Radnički 1923 Kragujevac, 2025)
[3598126] Failed to scrape lineup: https://www.transfermarkt.co.uk/beerschot-va_sint-truidense-vv/index/spielbericht/3598126
[4693223] Failed to scrape lineup: https://www.transfermarkt.co.uk/envigado-fc_junior-fc/index/spielbericht/4693223
[3433377] Failed to scrape lineup: https://www.transfermarkt.co.uk/fc-crotone_genoa-cfc/index/spielbericht/3433377
[4640818] Failed to build match row: FK Radnički 1923 Kragujevac vs Fudbalski Klub Spartak Ždrepčeva krv
[4109468] Failed to scrape lineup: https://www.transfermarkt.co.uk/boavista-fc_moreirense-fc/index/spielbericht/4109468
[4173735] Failed to scrape lineup: https://www.transfermarkt.co.uk/spielbericht/index/spielbericht/4173735
[4377080] Failed to scrape lineup: https://www.transfermarkt.co.uk/spielbericht/index/spielbericht/4377080
[4648012] Failed to scrape lineup: https://www.transfermarkt.co.uk/samsunspor_konyaspor/index/spielbericht/4648012
[4620924] Failed to scrape lineup: https://www.transfermarkt.co.uk/cagliari-calcio_hellas-verona/index/spielbericht/4620924
[3844954] Failed to scrape lineup: https://www.transfermarkt.co.uk/uc-sampdoria_inter-milan/index/spielbericht/3844954
[3603134] Failed to scrape lineup: https://www.transfermarkt.co.uk/hibernian-fc_st-johnstone-fc/index/spielbericht/3603134

Keepers & outfield error for **Vitória Sport Clube** in Vitória Sport Clube vs NK Celje: Numbers: 0 and 11.
[4138051] Failed to build match row: Vitória Sport Clube vs NK Celje
[3660447] Failed to scrape lineup: https://www.transfermarkt.co.uk/spielbericht/index/spielbericht/3660447
[4798446] Failed to scrape lineup: https://www.transfermarkt.co.uk/ca-sarmiento-junin-_club-de-gimnasia-y-esgrima-la-plata/index/spielbericht/4798446
[4070625] Failed to scrape lineup: https://www.transfermarkt.co.uk/fc-minaj_zorya-lugansk/index/spielbericht/4070625
[4570631] Could not find attributes for felix hagmann (Arminia Bielefeld, 2024)
[4570631] Failed to build match row: Arminia Bielefeld vs Bayer 04 Leverkusen Fußball
[3613138] Failed to scrape lineup: https://www.transfermarkt.co.uk/giresunspor_sivasspor/index/spielbericht/3613138
[4109469] Failed to scrape lineup: https://www.transfermarkt.co.uk/cf-estrela-amadora_casa-pia-ac/index/spielbericht/4109469
[4363865] Could not find attributes for adrien thomasson (Racing Club de Lens, 2024)
[4363865] Failed to build match row: Racing Club de Lens vs Montpellier HSC
[4472365] Could not find attributes for asier sansi (SD Beasain, 2024)
[4472365] Failed to build match row: SD Beasain vs FC Cartagena
[3660448] Failed to scrape lineup: https://www.transfermarkt.co.uk/spielbericht/index/spielbericht/3660448

Keepers & outfield error for **CD Arnedo** in CD Arnedo vs CD Atlético Baleares: Numbers: 0 and 11.
[3949613] Failed to build match row: CD Arnedo vs CD Atlético Baleares
[4431122] Failed to scrape lineup: https://www.transfermarkt.co.uk/spielbericht/index/spielbericht/4431122
[4140349] Could not find attributes for fernando fonseca (AVS Futebol SAD, 2023)

Keepers & outfield error for **Motherwell Football Club** in Motherwell Football Club vs Ross County FC: Numbers: 0 and 11.
[4140349] Failed to build match row: AVS Futebol SAD vs FC Vizela
[3603135] Failed to build match row: Motherwell Football Club vs Ross County FC
[4070626] Failed to scrape lineup: https://www.transfermarkt.co.uk/sc-dnipro-1_kryvbas-kryvyi-rig/index/spielbericht/4070626
[4839877] Could not find attributes for dominik reiter (Fußballclub Blau-Weiß Linz, 2025)
[4839877] Failed to build match row: Fußballclub Blau-Weiß Linz vs Grazer Athletiksport Klub 1902
[4798447] Could not find attributes for facundo cobos (Asociación Atlética Estudiantes, 2025)
[4798447] Failed to build match row: Asociación Atlética Estudiantes vs Club Atlético Barracas Central
[4109470] Failed to scrape lineup: https://www.transfermarkt.co.uk/vitoria-guimaraes-sc_fc-famalicao/index/spielbericht/4109470
[3420613] Could not find attributes for vladyslav kucheruk (FK Kolos Kovalivka, 2020)
[3420613] Failed to build match row: FK Kolos Kovalivka vs Olimpik Donetsk
[3839259] Could not find attributes for michael gregoritsch (Sport-Club Freiburg, 2022)
[3839259] Failed to build match row: Sport-Club Freiburg vs 1. Fußballclub Union Berlin
[4363866] Failed to scrape lineup: https://www.transfermarkt.co.uk/rc-strasbourg-alsace_stade-reims/index/spielbericht/4363866
[3598128] Failed to scrape lineup: https://www.transfermarkt.co.uk/krc-genk_rsc-anderlecht/index/spielbericht/3598128
[4648014] Failed to scrape lineup: https://www.transfermarkt.co.uk/gaziantep-fk_alanyaspor/index/spielbericht/4648014
[4472366] Failed to scrape lineup: https://www.transfermarkt.co.uk/spielbericht/index/spielbericht/4472366
[3660449] Failed to scrape lineup: https://www.transfermarkt.co.uk/spielbericht/index/spielbericht/3660449
[3433379] Could not find attributes for matteo ruggeri (Atalanta Bergamasca Calcio S.p.a., 2020)
[3433379] Failed to build match row: Atalanta Bergamasca Calcio S.p.a. vs Società Sportiva Lazio S.p.A.
[4649289] Could not find attributes for timur magomedov (Dinamo Makhachkala, 2025)
[4649289] Failed to build match row: Dinamo Makhachkala vs PFK CSKA Moskva
[3844956] Failed to scrape lineup: https://www.transfermarkt.co.uk/atalanta-bc_us-lecce/index/spielbericht/3844956
[4640819] Could not find attributes for lazar balevic (Fudbalski klub Napredak Kruševac, 2025)
[4839878] Failed to scrape lineup: https://www.transfermarkt.co.uk/scr-altach_sv-ried/index/spielbericht/4839878
[4640819] Failed to build match row: Fudbalski klub Napredak Kruševac vs Fudbalski klub Radnik Surdulica

Keepers & outfield error for **Fortaleza CEIF** in Fortaleza CEIF vs Deportivo Pereira: Numbers: 3 and 8.
[4693224] Failed to build match row: Fortaleza CEIF vs Deportivo Pereira
[4120932] Failed to scrape lineup: https://www.transfermarkt.co.uk/hibernian-fc_aberdeen-fc/index/spielbericht/4120932
[4798448] Could not find attributes for joaquin novillo (Club Atlético Aldosivi, 2025)
[4798448] Failed to build match row: Club Atlético Belgrano vs Club Atlético Aldosivi
[3420614] Could not find attributes for orest kostyk (PFK Lviv, 2020)
[3420614] Failed to build match row: PFK Lviv vs Vorskla Poltava
�ball-Club Augsburg 1907, 2024)
[4373833] Failed to build match row: Bayer 04 Leverkusen Fußball vs Fußball-Club Augsburg 1907
[3613139] Could not find attributes for munir el kajoui (Hatayspor, 2021)
[3613139] Failed to build match row: Hatayspor vs Adana Demirspor

Keepers & outfield error for **1. Fußball- und Sportverein Mainz 05** in 1. Fußball- und Sportverein Mainz 05 vs Eintracht Frankfurt Fußball AG: Numbers: 2 and 9.
[3839260] Failed to build match row: 1. Fußball- und Sportverein Mainz 05 vs Eintracht Frankfurt Fußball AG
[4648015] Failed to scrape lineup: https://www.transfermarkt.co.uk/kocaelispor_basaksehir-fk/index/spielbericht/4648015
[3598129] Failed to scrape lineup: https://www.transfermarkt.co.uk/kaa-gent_club-brugge-kv/index/spielbericht/3598129
[3733607] Could not find attributes for cuco martina (Go Ahead Eagles, 2021)
[3733607] Failed to build match row: Sportclub Heerenveen vs Go Ahead Eagles

Keepers & outfield error for **Football Club de Nantes** in Football Club de Nantes vs Rennes: Numbers: 2 and 9.
[4363867] Failed to build match row: Football Club de Nantes vs Rennes
[4570633] Could not find attributes for andrey kozhukhar (NK Veres Rivne, 2024)
[4570633] Failed to build match row: NK Veres Rivne vs FK Kolos Kovalivka
[4649290] Could not find attributes for aleksandr soldatenkov (FK Sochi, 2025)
[4649290] Failed to build match row: FK Sochi vs FK Rostov
[4377081] Could not find attributes for matteo cichella (Frosinone Calcio, 2024)
[4377081] Failed to build match row: Frosinone Calcio vs Pisa Sporting Club

Keepers & outfield error for **SC Farense** in SC Farense vs UD Oliveirense: Numbers: 2 and 9.
[4140350] Failed to build match row: SC Farense vs UD Oliveirense
[3886414] Failed to scrape lineup: https://www.transfermarkt.co.uk/real-valladolid-cf_elche-cf/index/spielbericht/3886414
[4120933] Could not find attributes for danny armstrong (Kilmarnock Football Club, 2023)
[4120933] Failed to build match row: Kilmarnock Football Club vs Heart of Midlothian Football Club
[4373834] Could not find attributes for kevin muller (1. Fußballclub Heidenheim 1846, 2024)
[3839261] Failed to scrape lineup: https://www.transfermarkt.co.uk/tsg-1899-hoffenheim_vfl-wolfsburg/index/spielbericht/3839261
[4373834] Failed to build match row: Verein für Bewegungsspiele Stuttgart 1893 vs 1. Fußballclub Heidenheim 1846

Keepers & outfield error for **Aberdeen Football Club** in Saint Mirren Football Club vs Aberdeen Football Club: Numbers: 2 and 9.
[3603136] Failed to build match row: Saint Mirren Football Club vs Aberdeen Football Club
[3598130] Could not find attributes for mousa tamari (Oud-Heverlee Leuven, 2021)
[3598130] Failed to build match row: Royal Antwerp Football Club vs Oud-Heverlee Leuven
[4648016] Could not find attributes for ricardo velho (Gençlerbirliği Spor Kulübü, 2025)
[4648016] Failed to build match row: Gençlerbirliği Spor Kulübü vs Göztepe Sportif Yatırımlar A.Ş.
[4631309] Could not find attributes for giacomo stabile (SS Juve Stabia, 2025)
[4631309] Failed to build match row: Unione Sportiva Lecce vs SS Juve Stabia
[4109471] Could not find attributes for adrien silva (Rio Ave Futebol Clube, 2023)
[4109471] Failed to build match row: Rio Ave Futebol Clube vs Sporting Clube de Braga
[4070627] Could not find attributes for daniil yermolov (Metalist Kharkiv, 2022)
[4070627] Failed to build match row: Metalist Kharkiv vs Chornomorets Odesa
[4693225] Could not find attributes for miguel ortega (Llaneros FC, 2025)
[4693225] Failed to build match row: Llaneros FC vs Independiente Medellín
[3886415] Failed to scrape lineup: https://www.transfermarkt.co.uk/villarreal-cf_rcd-mallorca/index/spielbericht/3886415
[4408863] Failed to scrape lineup: https://www.transfermarkt.co.uk/pas-lamia-1964_atromitos-athens/index/spielbericht/4408863
[4373835] Failed to scrape lineup: https://www.transfermarkt.co.uk/bayern-munich_1-fsv-mainz-05/index/spielbericht/4373835
[3603137] Failed to scrape lineup: https://www.transfermarkt.co.uk/dundee-united-fc_aberdeen-fc/index/spielbericht/3603137
[4648017] Failed to scrape lineup: https://www.transfermarkt.co.uk/trabzonspor_galatasaray/index/spielbericht/4648017
[3427095] Failed to scrape lineup: https://www.transfermarkt.co.uk/konyaspor_alanyaspor/index/spielbericht/3427095
[4631310] Failed to scrape lineup: https://www.transfermarkt.co.uk/spielbericht/index/spielbericht/4631310
[4109472] Failed to scrape lineup: https://www.transfermarkt.co.uk/portimonense-sc_fc-porto/index/spielbericht/4109472
[4070628] Failed to scrape lineup: https://www.transfermarkt.co.uk/rukh-lviv_fc-oleksandriya/index/spielbericht/4070628
[3886416] Failed to scrape lineup: https://www.transfermarkt.co.uk/getafe-cf_cadiz-cf/index/spielbericht/3886416
[4408864] Failed to scrape lineup: https://www.transfermarkt.co.uk/asteras-aktor_pas-lamia-1964/index/spielbericht/4408864
[3860248] Could not find attributes for gokhan akkan (MKE Ankaragücü, 2022)
[3860248] Failed to build match row: MKE Ankaragücü vs Sivasspor
[3433381] Failed to scrape lineup: https://www.transfermarkt.co.uk/ssc-napoli_parma-calcio-1913/index/spielbericht/3433381
[4373836] Failed to scrape lineup: https://www.transfermarkt.co.uk/eintracht-frankfurt_rb-leipzig/index/spielbericht/4373836
[4387034] Failed to scrape lineup: https://www.transfermarkt.co.uk/spielbericht/index/spielbericht/4387034
[3839263] Failed to scrape lineup: https://www.transfermarkt.co.uk/fc-augsburg_vfl-bochum/index/spielbericht/3839263

Keepers & outfield error for **Fodbold Club Midtjylland** in Lyngby Boldklub vs Fodbold Club Midtjylland: Numbers: 2 and 9.
[4368440] Failed to build match row: Lyngby Boldklub vs Fodbold Club Midtjylland

Keepers & outfield error for **Sporting Clube de Portugal** in Sport Lisboa e Benfica vs Sporting Clube de Portugal: Numbers: 0 and 11.
[4396939] Failed to build match row: Sport Lisboa e Benfica vs Sporting Clube de Portugal
[4839879] Could not find attributes for luca weinhandl (Sportklub Puntigamer Sturm Graz, 2025)
[4648018] Could not find attributes for igor lichnovsky (Fatih Karagümrük Sportif Faaliyetler San. Tic. A.Ş., 2025)
[4648018] Failed to build match row: Fatih Karagümrük Sportif Faaliyetler San. Tic. A.Ş. vs Çaykur Rizespor Kulübü
[4472367] Could not find attributes for carlos moratalla (CD Cortes, 2024)
[4472367] Failed to build match row: CD Cortes vs Granada CF

Keepers & outfield error for **Vitória Sport Clube** in Vitória Sport Clube vs Clube Desportivo Santa Clara: Numbers: 0 and 11.
[3621585] Failed to build match row: Vitória Sport Clube vs Clube Desportivo Santa Clara
[4070629] Failed to scrape lineup: https://www.transfermarkt.co.uk/nk-veres-rivne_ingulets-petrove/index/spielbericht/4070629
[4095316] Failed to scrape lineup: https://www.transfermarkt.co.uk/nottingham-forest_newcastle-united/index/spielbericht/4095316
[4649291] Could not find attributes for nuraly alip (AO FK Zenit Sankt-Peterburg, 2025)
[4649291] Failed to build match row: AO FK Zenit Sankt-Peterburg vs Akron Togliatti
[3886417] Failed to scrape lineup: https://www.transfermarkt.co.uk/fc-barcelona_ud-almeria/index/spielbericht/3886417
[4363869] Could not find attributes for haris belkebla (Angers Sporting Club de l'Ouest, 2024)
[4363869] Failed to build match row: Rennes vs Angers Sporting Club de l'Ouest
[4640820] Could not find attributes for bojan brac (Fudbalski Klub IMT Novi Beograd, 2025)
[4640820] Failed to build match row: Fudbalski Klub IMT Novi Beograd vs Fudbalski Klub Radnički Niš
[4396940] Failed to scrape lineup: https://www.transfermarkt.co.uk/cd-nacional_rio-ave-fc/index/spielbericht/4396940
[4839880] Could not find attributes for damir redzic (Fußballclub Red Bull Salzburg, 2025)
[4839880] Failed to build match row: Fußballclub Red Bull Salzburg vs Turn- und Sportverein Egger Glas Hartberg

Keepers & outfield error for **Paris Saint-Germain Football Club** in Football Club Lorient-Bretagne Sud vs Paris Saint-Germain Football Club: Numbers: 2 and 9.
[3589304] Failed to build match row: Football Club Lorient-Bretagne Sud vs Paris Saint-Germain Football Club
Not enough players found for lineup: 0, 0.
[4173738] Failed to scrape lineup: https://www.transfermarkt.co.uk/spielbericht/index/spielbericht/4173738
[3464327] Could not find attributes for josip condric (Rotor Volgograd, 2020)
[3464327] Failed to build match row: Rotor Volgograd vs FK Ufa
[3860250] Failed to scrape lineup: https://www.transfermarkt.co.uk/istanbulspor_besiktas-jk/index/spielbericht/3860250

Keepers & outfield error for **Gil Vicente Futebol Clube** in Gil Vicente Futebol Clube vs GD Chaves: Numbers: 0 and 11.
[3613141] Could not find attributes for ogulcan ulgun (Konyaspor, 2021)
[3613141] Failed to build match row: Konyaspor vs Göztepe Sportif Yatırımlar A.Ş.
[4109473] Failed to build match row: Gil Vicente Futebol Clube vs GD Chaves
[4649292] Could not find attributes for aleksandr maksimenko (FK Spartak Moskva, 2025)
[4649292] Failed to build match row: FK Spartak Moskva vs FK Dinamo Moskva
024)
[3427096] Could not find attributes for mattias johansson (Gençlerbirliği Spor Kulübü, 2020)
[4431123] Failed to build match row: Puskás Akadémia FC vs Associazione Calcio Fiorentina
[3427096] Failed to build match row: Gençlerbirliği Spor Kulübü vs Kasımpaşa A.Ş.
[4363870] Failed to scrape lineup: https://www.transfermarkt.co.uk/le-havre-ac_rc-strasbourg-alsace/index/spielbericht/4363870
[4640821] Failed to scrape lineup: https://www.transfermarkt.co.uk/fk-javor-matis-ivanjica_ofk-beograd/index/spielbericht/4640821

Keepers & outfield error for **Trabzonspor Kulübü** in Trabzonspor Kulübü vs MFK Ruzomberok: Numbers: 2 and 9.
[4387036] Failed to build match row: Trabzonspor Kulübü vs MFK Ruzomberok
[4408865] Could not find attributes for bernabe barragan (Athens Kallithea, 2024)
[4408865] Failed to build match row: Athens Kallithea vs Aris Thessalonikis
[3949614] Could not find attributes for pablo rojo (AD Unión Adarve, 2022)
[3949614] Failed to build match row: AD Unión Adarve vs Linares Deportivo
[3839265] Failed to scrape lineup: https://www.transfermarkt.co.uk/fc-schalke-04_bayern-munich/index/spielbericht/3839265
[3598132] Failed to scrape lineup: https://www.transfermarkt.co.uk/cercle-brugge-_sint-truidense-vv/index/spielbericht/3598132
[3464328] Could not find attributes for ilya lantratov (FC Khimki (-2025), 2020)
[3464328] Failed to build match row: FC Khimki (-2025) vs Arsenal Tula
[3613142] Failed to scrape lineup: https://www.transfermarkt.co.uk/alanyaspor_caykur-rizespor/index/spielbericht/3613142
[4363871] Failed to scrape lineup: https://www.transfermarkt.co.uk/stade-reims_as-monaco/index/spielbericht/4363871
[3621586] Failed to build match row: Grupo Desportivo Estoril Praia vs Sporting Clube de Braga

Keepers & outfield error for **Futebol Clube de Famalicão** in Futebol Clube de Famalicão vs GD Chaves: Numbers: 0 and 11.
[4109474] Failed to build match row: Futebol Clube de Famalicão vs GD Chaves
[3603139] Failed to scrape lineup: https://www.transfermarkt.co.uk/motherwell-fc_heart-of-midlothian-fc/index/spielbericht/3603139
Not enough players found for lineup: 0, 0.
[4173740] Failed to scrape lineup: https://www.transfermarkt.co.uk/spielbericht/index/spielbericht/4173740
[4631311] Could not find attributes for sergi roberto (Calcio Como, 2025)
[4631311] Failed to build match row: Calcio Como vs FC Südtirol
[3949615] Failed to scrape lineup: https://www.transfermarkt.co.uk/spielbericht/index/spielbericht/3949615
[4387037] Failed to scrape lineup: https://www.transfermarkt.co.uk/spielbericht/index/spielbericht/4387037
[4408866] Could not find attributes for athanasios garavelis (APO Levadiakos Football Club, 2024)
[4408866] Failed to build match row: APO Levadiakos Football Club vs Olympiakos Syndesmos Filathlon Peiraios
[3427097] Could not find attributes for atiba hutchinson (Beşiktaş Jimnastik Kulübü, 2020)
[3427097] Failed to build match row: Beşiktaş Jimnastik Kulübü vs Fenerbahçe Spor Kulübü

Keepers & outfield error for **Motherwell Football Club** in Motherwell Football Club vs Dundee Football Club: Numbers: 0 and 11.
[4120935] Failed to build match row: Motherwell Football Club vs Dundee Football Club
[4648019] Could not find attributes for adem arous (Kasımpaşa A.Ş., 2025)
[4648019] Failed to build match row: Kasımpaşa A.Ş. vs Kayserispor Kulübü
[4361555] Failed to scrape lineup: https://www.transfermarkt.co.uk/celta-de-vigo_valencia-cf/index/spielbericht/4361555
[4715567] Could not find attributes for thijmen de koning (SVV Scheveningen, 2025)
[4715567] Failed to build match row: SVV Scheveningen vs VV Staphorst
[4693226] Could not find attributes for fabian viafara (Deportivo Cali, 2025)
[4693226] Failed to build match row: Deportivo Cali vs Unión Magdalena
[4140351] Failed to scrape lineup: https://www.transfermarkt.co.uk/spielbericht/index/spielbericht/4140351
[4109475] Could not find attributes for leonardo lelo (Casa Pia Atlético Clube, 2023)
[4109475] Failed to build match row: Moreirense Futebol Clube vs Casa Pia Atlético Clube
[4387038] Failed to scrape lineup: https://www.transfermarkt.co.uk/spielbericht/index/spielbericht/4387038
[4070630] Could not find attributes for yevgen volynets (FK Kolos Kovalivka, 2022)
[4070630] Failed to build match row: FK Kolos Kovalivka vs PFK Lviv
[4368441] Could not find attributes for lirim qamili (Sønderjyske Fodbold, 2024)
[4645511] Failed to scrape lineup: https://www.transfermarkt.co.uk/rcd-espanyol-barcelona_real-betis-balompie/index/spielbericht/4645511
[4368441] Failed to build match row: Randers Fodbold Club vs Sønderjyske Fodbold
[4396941] Could not find attributes for rafa soares (Futebol Clube de Famalicão, 2024)
[4396941] Failed to build match row: Clube Desportivo Santa Clara vs Futebol Clube de Famalicão
[3949616] Could not find attributes for deiby ochoa (Racing Rioja CF (-2024), 2022)
[4839881] Could not find attributes for joao tornich (Linzer Athletik-Sport-Klub, 2025)
[3949616] Failed to build match row: Racing Rioja CF (-2024) vs Gimnàstic de Tarragona
[4839881] Failed to build match row: Fußballklub Austria Wien vs Linzer Athletik-Sport-Klub
[4361556] Failed to scrape lineup: https://www.transfermarkt.co.uk/getafe-cf_rayo-vallecano/index/spielbericht/4361556
[3589305] Could not find attributes for jerome boateng (Olympique Lyonnais, 2021)
[4625432] Could not find attributes for josip silic (NK Varazdin, 2025)
[3589305] Failed to build match row: Olympique Lyonnais vs Football Club de Metz
[4625432] Failed to build match row: GNK Dinamo Zagreb vs NK Varazdin
[4649293] Could not find attributes for rustam yatimov (FK Rostov, 2025)
[4649293] Failed to build match row: FK Rostov vs FC Rubin Kazan
[4140352] Could not find attributes for igor stefanovic (Leixões SC, 2023)
[4140352] Failed to build match row: Leixões SC vs Portimonense SC
[4387778] Could not find attributes for emirhan basyigit (Sivasspor, 2024)
[4387778] Failed to build match row: Sivasspor vs Trabzonspor Kulübü
[3451012] Could not find attributes for antonio barragan (Elche Club de Fútbol S.A.D., 2020)
[3451012] Failed to build match row: Elche Club de Fútbol S.A.D. vs Cádiz CF
[3603140] Could not find attributes for borna barisic (Rangers Football Club, 2021)
[3603140] Failed to build match row: Rangers Football Club vs St. Johnstone FC
[3660450] Could not find attributes for liel abada (The Celtic Football Club, 2021)

Keepers & outfield error for **Club Football Estrela da Amadora** in Club Football Estrela da Amadora vs AVS Futebol SAD: Numbers: 0 and 11.
[4396942] Failed to build match row: Club Football Estrela da Amadora vs AVS Futebol SAD
[3949617] Failed to scrape lineup: https://www.transfermarkt.co.uk/spielbericht/index/spielbericht/3949617
[4640822] Could not find attributes for nair tiknizyan (Fudbalski klub Crvena zvezda Beograd, 2025)
[4640822] Failed to build match row: Fudbalski klub Crvena zvezda Beograd vs Fudbalski Klub Vojvodina
[3733608] Failed to scrape lineup: https://www.transfermarkt.co.uk/spielbericht/index/spielbericht/3733608
[4839900] Failed to scrape lineup: https://www.transfermarkt.co.uk/spielbericht/index/spielbericht/4839900
[3901563] Failed to scrape lineup: https://www.transfermarkt.co.uk/spielbericht/index/spielbericht/3901563
[4522574] Could not find attributes for samukele kabini (Molde Fotballklubb, 2024)
[4522574] Failed to build match row: Molde Fotballklubb vs Hamarkameratene
[4649294] Could not find attributes for stanislav agkatsev (FK Krasnodar, 2025)
[4649294] Failed to build match row: FK Krasnodar vs PFK CSKA Moskva
[4743303] Could not find attributes for sekou djanbou (Real Murcia CF, 2025)
[4743303] Failed to build match row: Real Murcia CF vs Antequera CF
[4120936] Could not find attributes for cyriel dessers (Rangers Football Club, 2023)
[3839276] Could not find attributes for arne engels (Fußball-Club Augsburg 1907, 2022)
[3451013] Failed to scrape lineup: https://www.transfermarkt.co.uk/getafe-cf_athletic-bilbao/index/spielbericht/3451013
[4120936] Failed to build match row: Rangers Football Club vs Saint Mirren Football Club
[3839276] Failed to build match row: Borussia Dortmund vs Fußball-Club Augsburg 1907

Keepers & outfield error for **Associazione Sportiva Roma** in Associazione Sportiva Roma vs Verona Hellas Football Club: Numbers: 0 and 11.
[3844960] Failed to build match row: Associazione Sportiva Roma vs Verona Hellas Football Club
[4396943] Could not find attributes for sidoine fogning (Boavista FC, 2024)

Keepers & outfield error for **Getafe Club de Fútbol S. A. D. Team Dubai** in Club Atlético Osasuna vs Getafe Club de Fútbol S. A. D. Team Dubai: Numbers: 2 and 9.
[4396943] Failed to build match row: Boavista FC vs Futebol Clube do Porto
[4645512] Failed to build match row: Club Atlético Osasuna vs Getafe Club de Fútbol S. A. D. Team Dubai
[4408867] Could not find attributes for zeca (Panathinaikos Athlitikos Omilos, 2024)
[4408867] Failed to build match row: Panathinaikos Athlitikos Omilos vs Omilos Filathlon Irakliou FC
[4693227] Could not find attributes for jean colorado (Internacional de Bogotá, 2025)
[4693227] Failed to build match row: Internacional de Bogotá vs Llaneros FC
[4640823] Could not find attributes for marin dulic (Fudbalski Klub Spartak Ždrepčeva krv, 2025)
[4640823] Failed to build match row: Fudbalski Klub Spartak Ždrepčeva krv vs Fudbalski klub TSC Bačka Topola
[4743304] Failed to scrape lineup: https://www.transfermarkt.co.uk/spielbericht/index/spielbericht/4743304

Keepers & outfield error for **Villarreal Club de Fútbol S.A.D.** in Sevilla Fútbol Club S.A.D. vs Villarreal Club de Fútbol S.A.D.: Numbers: 0 and 11.
[4361558] Failed to build match row: Sevilla Fútbol Club S.A.D. vs Villarreal Club de Fútbol S.A.D.
[3901564] Could not find attributes for bogdan kuzmenko (Spartak Kostroma, 2022)
[3949618] Could not find attributes for markel etxeberria (Sestao River, 2022)
[3901564] Failed to build match row: Spartak Kostroma vs Dinamo Vologda
[3949618] Failed to build match row: Sestao River vs Racing Ferrol
[4140353] Could not find attributes for pawel kieszek (União de Leiria, 2023)
[4140353] Failed to build match row: União de Leiria vs Clube Desportivo Nacional
2)
[4070772] Failed to build match row: Real Madrid Club de Fútbol vs Club Atlético Osasuna

Keepers & outfield error for **Grupo Desportivo Estoril Praia** in Sporting Clube de Portugal vs Grupo Desportivo Estoril Praia: Numbers: 0 and 11.
[4109476] Failed to build match row: Sporting Clube de Portugal vs Grupo Desportivo Estoril Praia
[4645513] Failed to scrape lineup: https://www.transfermarkt.co.uk/real-oviedo_levante-ud/index/spielbericht/4645513
[4408868] Failed to scrape lineup: https://www.transfermarkt.co.uk/panetolikos_atromitos-athens/index/spielbericht/4408868
[4120937] Could not find attributes for liam scales (The Celtic Football Club, 2023)
[4120937] Failed to build match row: St. Johnstone FC vs The Celtic Football Club
[4839901] Could not find attributes for nikita kokarev (PFK Krylya Sovetov Samara, 2025)
[4839901] Failed to build match row: PFK Krylya Sovetov Samara vs Футбольный клуб "Локомотив" Москва
[4693228] Failed to scrape lineup: https://www.transfermarkt.co.uk/rionegro-aguilas_boyaca-chico-fc/index/spielbericht/4693228
[4640824] Failed to scrape lineup: https://www.transfermarkt.co.uk/fk-radnik-surdulica_fk-mladost-lucani/index/spielbericht/4640824
[4576005] Could not find attributes for nuraly alip (AO FK Zenit Sankt-Peterburg, 2024)
[4576005] Failed to build match row: AO FK Zenit Sankt-Peterburg vs FK Rostov

Keepers & outfield error for **Olympique de Marseille** in Olympique de Marseille vs Stade Reims: Numbers: 2 and 9.
[3589306] Failed to build match row: Olympique de Marseille vs Stade Reims
[4522575] Could not find attributes for mikkel konradsen ceide (Rosenborg Ballklub, 2024)
[4522575] Failed to build match row: Rosenborg Ballklub vs Kristiansund Ballklubb
[3949619] Failed to scrape lineup: https://www.transfermarkt.co.uk/spielbericht/index/spielbericht/3949619
[4140354] Failed to scrape lineup: https://www.transfermarkt.co.uk/spielbericht/index/spielbericht/4140354
Not enough players found for lineup: 11, 0.
[4715568] Failed to scrape lineup: https://www.transfermarkt.co.uk/spielbericht/index/spielbericht/4715568
[3901565] Could not find attributes for artem koveshnikov (Torpedo Vladimir, 2022)
[3901565] Failed to build match row: Torpedo Vladimir vs Znamya Truda Orekhovo-Zuevo

Keepers & outfield error for **Rio Ave Futebol Clube** in Rio Ave Futebol Clube vs Portimonense SC: Numbers: 2 and 9.
[4109477] Failed to build match row: Rio Ave Futebol Clube vs Portimonense SC
[3886448] Failed to scrape lineup: https://www.transfermarkt.co.uk/rcd-espanyol-barcelona_villarreal-cf/index/spielbericht/3886448
[4839967] Could not find attributes for jacob devaney (Saint Mirren Football Club, 2025)
[4839967] Failed to build match row: The Celtic Football Club vs Saint Mirren Football Club

Keepers & outfield error for **Real Betis Balompié S.A.D.** in Real Betis Balompié S.A.D. vs FK Kryvbas Kryvyi Rig: Numbers: 0 and 11.
[4431125] Failed to build match row: Real Betis Balompié S.A.D. vs FK Kryvbas Kryvyi Rig

Keepers & outfield error for **Fodbold Club Nordsjælland** in Silkeborg Idrætsforening vs Fodbold Club Nordsjælland: Numbers: 2 and 9.
[4368442] Failed to build match row: Silkeborg Idrætsforening vs Fodbold Club Nordsjælland
[3661859] Could not find attributes for praxitelis vouros (Omilos Filathlon Irakliou FC, 2021)
[3661859] Failed to build match row: Omilos Filathlon Irakliou FC vs A.G.S Asteras Tripolis
[3420615] Could not find attributes for maksym lopyryonok (FC Minaj, 2020)
[3420615] Failed to build match row: FC Minaj vs FC Rukh Lviv
[3528477] Could not find attributes for emil breivik (Molde Fotballklubb, 2020)
[3528477] Failed to build match row: Molde Fotballklubb vs Granada CF
[4173741] Could not find attributes for kelby mason (Tranent Juniors FC, 2023)
[4173741] Failed to build match row: Tranent Juniors FC vs Lothian Thistle Hutchison Vale FC

Keepers & outfield error for **Real Betis Balompié S.A.D.** in Alaves vs Real Betis Balompié S.A.D.: Numbers: 0 and 11.
[4361559] Failed to build match row: Alaves vs Real Betis Balompié S.A.D.

Keepers & outfield error for **UD Almería** in UD Almería vs Getafe Club de Fútbol S. A. D. Team Dubai: Numbers: 0 and 11.
[3886449] Failed to build match row: UD Almería vs Getafe Club de Fútbol S. A. D. Team Dubai
[4431126] Failed to scrape lineup: https://www.transfermarkt.co.uk/spielbericht/index/spielbericht/4431126
[3468601] Could not find attributes for mathias cordua (Avarta, 2020)
[3468601] Failed to build match row: Avarta vs Football Club København
[4798450] Failed to scrape lineup: https://www.transfermarkt.co.uk/ca-lanus_ca-banfield/index/spielbericht/4798450
[3420663] Failed to scrape lineup: https://www.transfermarkt.co.uk/dynamo-kyiv_shakhtar-donetsk/index/spielbericht/3420663
[4408869] Could not find attributes for luka gugeshashvili (Panserraikos Serres, 2024)
[4408869] Failed to build match row: Panserraikos Serres vs Volou Neos Podosferikos Syllogos
[4120938] Could not find attributes for duktm (Aberdeen Football Club, 2023)
[4120938] Failed to build match row: Aberdeen Football Club vs Kilmarnock Football Club
[4522576] Could not find attributes for zinedin smajlovic (Sandefjord Fotball, 2024)
[4522576] Failed to build match row: Sandefjord Fotball vs Viking Fotballklubb
[3530774] Could not find attributes for egor shamov (Arsenal Tula, 2020)
[3603141] Could not find attributes for liel abada (The Celtic Football Club, 2021)
[3530774] Failed to build match row: Arsenal Tula vs PFK CSKA Moskva
[3603141] Failed to build match row: Ross County FC vs The Celtic Football Club
[3468602] Could not find attributes for nicklas ullum (Aarhus Fremad, 2020)
[3468602] Failed to build match row: Aarhus Fremad vs Randers Fodbold Club
[4109478] Could not find attributes for kiko (Gil Vicente Futebol Clube, 2023)
[4109478] Failed to build match row: SC Farense vs Gil Vicente Futebol Clube
[4648020] Could not find attributes for efkan bekiroglu (Göztepe Sportif Yatırımlar A.Ş., 2025)
[4648020] Failed to build match row: Göztepe Sportif Yatırımlar A.Ş. vs Kasımpaşa A.Ş.

Keepers & outfield error for **Fortaleza CEIF** in Atlético Nacional vs Fortaleza CEIF: Numbers: 4 and 7.
[4693229] Failed to build match row: Atlético Nacional vs Fortaleza CEIF
[4074869] Could not find attributes for tomoki iwata (The Celtic Football Club, 2022)
[4120939] Could not find attributes for liam scales (The Celtic Football Club, 2023)
[4074869] Failed to build match row: The Celtic Football Club vs Inverness Caledonian Thistle FC
[3733609] Could not find attributes for thom haye (Nooit Opgeven Altijd Doorzetten Aangenaam Door Vermaak En Nuttig Door Ontspanning Combinatie Breda, 2021)
[4120939] Failed to build match row: The Celtic Football Club vs Hibernian Football Club
[4743305] Could not find attributes for nico carrillo (CD Yuncos, 2025)
[4743305] Failed to build match row: CD Yuncos vs Rayo Vallecano de Madrid S. A. D.
[3733609] Failed to build match row: Nooit Opgeven Altijd Doorzetten Aangenaam Door Vermaak En Nuttig Door Ontspanning Combinatie Breda vs Prins Hendrik Ende Desespereert Nimmer Combinatie Zwolle

Keepers & outfield error for **Olympiakos Syndesmos Filathlon Peiraios** in Olympiakos Syndesmos Filathlon Peiraios vs Apollon Smyrnis: Numbers: 2 and 9.
Not enough players found for lineup: 11, 0.
[4269000] Could not find attributes for jayden meghoma (Southampton FC, 2023)
[3661860] Failed to build match row: Olympiakos Syndesmos Filathlon Peiraios vs Apollon Smyrnis
[4715569] Failed to scrape lineup: https://www.transfermarkt.co.uk/spielbericht/index/spielbericht/4715569
[4363872] Could not find attributes for adrien thomasson (Racing Club de Lens, 2024)
[4269000] Failed to build match row: Watford FC vs Southampton FC
[4363872] Failed to build match row: Association de la Jeunesse auxerroise vs Racing Club de Lens
[4839968] Could not find attributes for kieran ngwenya (Dunfermline Athletic FC, 2025)
[4839968] Failed to build match row: Dunfermline Athletic FC vs Falkirk Football & Athletic Club
[3468604] Could not find attributes for anders kjeldgaard (VSK Aarhus, 2020)
[3468604] Failed to build match row: VSK Aarhus vs AC Horsens
[4648021] Could not find attributes for julian cuesta (Antalyaspor, 2025)

Keepers & outfield error for **FC Paços de Ferreira** in Gil Vicente Futebol Clube vs FC Paços de Ferreira: Numbers: 2 and 9.
[4648021] Failed to build match row: Beşiktaş Jimnastik Kulübü vs Antalyaspor
[3901566] Could not find attributes for vladimir mukhin (Zvezda St. Petersburg, 2022)
[3621587] Failed to build match row: Gil Vicente Futebol Clube vs FC Paços de Ferreira
[3901566] Failed to build match row: Zvezda St. Petersburg vs Yadro St. Petersburg
[3420664] Could not find attributes for mykyta shevchenko (FC Zorya Lugansk, 2020)
[3420664] Failed to build match row: FC Zorya Lugansk vs Vorskla Poltava
[3433382] Could not find attributes for gabriele zappa (Cagliari Calcio, 2020)
[3433382] Failed to build match row: Cagliari Calcio vs Unione Sportiva Sassuolo Calcio
[4408870] Could not find attributes for domagoj vida (Athlitiki Enosi Konstantinoupoleos, 2024)
[4408870] Failed to build match row: Panthessalonikios Athlitikos Omilos Konstantinoupoliton vs Athlitiki Enosi Konstantinoupoleos
[4522578] Could not find attributes for mikkel konradsen ceide (Rosenborg Ballklub, 2024)
[4120940] Could not find attributes for mohamad sylla (Dundee Football Club, 2023)
[4522578] Failed to build match row: Sportsklubben Brann vs Rosenborg Ballklub
[4120940] Failed to build match row: Dundee Football Club vs Livingston Football Club
[4715570] Could not find attributes for jeremy de witte (RKSV Halsteren, 2025)
[4715570] Failed to build match row: RKSV Halsteren vs ACV Assen
[3949620] Could not find attributes for alex del rio (CD Utrera, 2022)
[3949620] Failed to build match row: CD Utrera vs AD Ceuta FC

Keepers & outfield error for **Villarreal Club de Fútbol S.A.D.** in Villarreal Club de Fútbol S.A.D. vs Girona Fútbol Club S. A. D.: Numbers: 0 and 11.
[4645516] Failed to build match row: Villarreal Club de Fútbol S.A.D. vs Girona Fútbol Club S. A. D.
[4109479] Could not find attributes for nkanyiso shinga (Club Football Estrela da Amadora, 2023)
[4109479] Failed to build match row: Club Football Estrela da Amadora vs FC Vizela
[3860252] Could not find attributes for arif kocaman (Kayserispor Kulübü, 2022)
[3860252] Failed to build match row: Hatayspor vs Kayserispor Kulübü
[3420665] Failed to scrape lineup: https://www.transfermarkt.co.uk/desna-chernigiv_fc-minaj/index/spielbericht/3420665
[4472368] Could not find attributes for vitalie pentelei (CE L'Hospitalet, 2024)
[4472368] Failed to build match row: CE L'Hospitalet vs Real Zaragoza
[4798451] Could not find attributes for eugenio raggio (Club Atlético Platense, 2025)
[4798451] Failed to build match row: Club Atlético Platense vs Club Atlético Gimnasia y Esgrima de Mendoza
[4408871] Could not find attributes for domagoj vida (Athlitiki Enosi Konstantinoupoleos, 2024)
[4408871] Failed to build match row: Athlitiki Enosi Konstantinoupoleos vs Panetolikos Agrinio
[4431128] Could not find attributes for daniels balodis (FC RFS, 2024)
[4431128] Failed to build match row: FC RFS vs APOEL Nicosia
[4842282] Could not find attributes for eli dasa (Nijmegen Eendracht Combinatie, 2025)
[4842282] Failed to build match row: Alkmaar Zaanstreek vs Nijmegen Eendracht Combinatie
[4396944] Could not find attributes for bruno varela (Vitória Sport Clube, 2024)
[4396944] Failed to build match row: Vitória Sport Clube vs SC Farense
[3950048] Could not find attributes for ayrton sonkur (Albion Rovers FC, 2022)
[3950048] Failed to build match row: Albion Rovers FC vs University of Stirling FC

Keepers & outfield error for **Fulham Football Club** in Fulham Football Club vs Aston Villa Football Club: Numbers: 2 and 9.
[4095323] Failed to build match row: Fulham Football Club vs Aston Villa Football Club
[3420666] Could not find attributes for bogdan sarnavskyi (SC Dnipro-1, 2020)
[3420666] Failed to build match row: SC Dnipro-1 vs FK Kolos Kovalivka
[4363873] Could not find attributes for yunis abdelhamid (AS Saint-Étienne, 2024)
[4363873] Failed to build match row: Toulouse Football Club vs AS Saint-Étienne

Keepers & outfield error for **Alanyaspor** in Alanyaspor vs Trabzonspor Kulübü: Numbers: 0 and 11.
[4648022] Failed to build match row: Alanyaspor vs Trabzonspor Kulübü
[4408872] Could not find attributes for konstantinos triantafyllopoulos (A.G.S Asteras Tripolis, 2024)
[4408872] Failed to build match row: A.G.S Asteras Tripolis vs Athens Kallithea
[3468605] Could not find attributes for patrick johansen (Ballerup Skovlunde Fodbold, 2020)
[3468605] Failed to build match row: Ballerup Skovlunde Fodbold vs Odense Boldklub
[4798452] Could not find attributes for dilan godoy (Club Atlético Vélez Sársfield, 2025)
[4798452] Failed to build match row: Club Atlético Vélez Sársfield vs Club Atlético Central Córdoba
[4522579] Could not find attributes for jan de boer (Bryne FK, 2024)
[4522579] Failed to build match row: Bryne FK vs Molde Fotballklubb
[4649295] Failed to scrape lineup: https://www.transfermarkt.co.uk/akhmat-grozny_fc-orenburg/index/spielbericht/4649295
[4269001] Could not find attributes for james mcconnell (Liverpool Football Club, 2023)
[4269001] Failed to build match row: Liverpool Football Club vs Norwich City
[3613144] Could not find attributes for shapi suleymanov (Giresunspor, 2021)
[3613144] Failed to build match row: Yeni Malatyaspor vs Giresunspor
[4387783] Could not find attributes for luccas claro (Eyüp Spor Kulübü, 2024)
[3950049] Could not find attributes for aidan mcadams (Ayr United FC, 2022)
[4387783] Failed to build match row: Alanyaspor vs Eyüp Spor Kulübü
[3950049] Failed to build match row: Ayr United FC vs Pollok FC
[4363874] Could not find attributes for nikola maksimovic (Montpellier HSC, 2024)
[4363874] Failed to build match row: Montpellier HSC vs Olympique Gymnaste Club Nice Côte d'Azur
[4648023] Could not find attributes for marcos felipe (Eyüp Spor Kulübü, 2025)
[4648023] Failed to build match row: Eyüp Spor Kulübü vs Samsunspor
[3420667] Could not find attributes for yuriy pankiv (FC Oleksandriya, 2020)
[3420667] Failed to build match row: FC Oleksandriya vs PFK Lviv
[3901567] Could not find attributes for nikita turkin (Luki-Energia Velikie Luki, 2022)
[3901567] Failed to build match row: Luki-Energia Velikie Luki vs Dinamo St. Petersburg
[4408873] Could not find attributes for marios siampanis (Volou Neos Podosferikos Syllogos, 2024)
[4408873] Failed to build match row: Volou Neos Podosferikos Syllogos vs APS Atromitos Athinon
[4649296] Could not find attributes for maksim borisko (FK Baltika, 2025)
[4649296] Failed to build match row: FK Baltika vs PFK Krylya Sovetov Samara
[4743306] Could not find attributes for jaime duran (CD Azuaga, 2025)
[4743306] Failed to build match row: CD Azuaga vs CD Leganés

Keepers & outfield error for **Boavista FC** in Boavista FC vs Sporting Clube de Braga: Numbers: 2 and 9.
[3621588] Failed to build match row: Boavista FC vs Sporting Clube de Braga
[3613145] Could not find attributes for burak bekaroglu (Fatih Karagümrük Sportif Faaliyetler San. Tic. A.Ş., 2021)
[3613145] Failed to build match row: Fatih Karagümrük Sportif Faaliyetler San. Tic. A.Ş. vs Kasımpaşa A.Ş.
[3589311] Could not find attributes for adil rami (ESTAC Troyes, 2021)

Keepers & outfield error for **Elche Club de Fútbol S.A.D.** in Club Atlético de Madrid S.A.D. vs Elche Club de Fútbol S.A.D.: Numbers: 0 and 11.
[3589311] Failed to build match row: ESTAC Troyes vs Stade brestois 29
[4645518] Failed to build match row: Club Atlético de Madrid S.A.D. vs Elche Club de Fútbol S.A.D.
[3860254] Could not find attributes for campanharo (Kayserispor Kulübü, 2022)
[4408874] Could not find attributes for gelson martins (Olympiakos Syndesmos Filathlon Peiraios, 2024)
[3530775] Could not find attributes for vitaliy gudiev (RFK Akhmat Grozny, 2020)
[3530775] Failed to build match row: RFK Akhmat Grozny vs FK Ufa
[4408874] Failed to build match row: Olympiakos Syndesmos Filathlon Peiraios vs Panathinaikos Athlitikos Omilos
[4431129] Could not find attributes for roi mishpati (Maccabi Tel Aviv, 2024)
[4431129] Failed to build match row: Maccabi Tel Aviv vs Fudbalski klub TSC Bačka Topola

Keepers & outfield error for **Motherwell Football Club** in Ross County FC vs Motherwell Football Club: Numbers: 0 and 11.
[4120942] Failed to build match row: Ross County FC vs Motherwell Football Club

Keepers & outfield error for **Club Atlético Newell’s Old Boys** in Club Atlético Newell’s Old Boys vs Club Atlético San Lorenzo de Almagro: Numbers: 2 and 9.
[4798453] Failed to build match row: Club Atlético Newell’s Old Boys vs Club Atlético San Lorenzo de Almagro
[3433383] Could not find attributes for jeff chabot (Spezia Calcio, 2020)
[3433383] Failed to build match row: Spezia Calcio vs Udinese Calcio
Not enough players found for lineup: 0, 11.
[4844114] Could not find attributes for philip billing (Fodbold Club Midtjylland, 2025)
[3468606] Failed to scrape lineup: https://www.transfermarkt.co.uk/spielbericht/index/spielbericht/3468606
[4844114] Failed to build match row: Football Club København vs Fodbold Club Midtjylland
[4620925] Failed to scrape lineup: https://www.transfermarkt.co.uk/como-1907_atalanta-bc/index/spielbericht/4620925
[4472369] Could not find attributes for javi martin (UD Lanzarote, 2024)
[4472369] Failed to build match row: UD Lanzarote vs Racing Santander
[4077919] Failed to scrape lineup: https://www.transfermarkt.co.uk/spielbericht/index/spielbericht/4077919
[4396945] Could not find attributes for marvin elimbi (Gil Vicente Futebol Clube, 2024)

Keepers & outfield error for **Football Club de Nantes** in Stade brestois 29 vs Football Club de Nantes: Numbers: 2 and 9.
[4396945] Failed to build match row: Gil Vicente Futebol Clube vs Futebol Clube de Arouca
[4363875] Failed to build match row: Stade brestois 29 vs Football Club de Nantes

Keepers & outfield error for **Manchester City Football Club** in Manchester City Football Club vs Chelsea Football Club: Numbers: 0 and 11.
[4095325] Failed to build match row: Manchester City Football Club vs Chelsea Football Club
[4648024] Could not find attributes for igor lichnovsky (Fatih Karagümrük Sportif Faaliyetler San. Tic. A.Ş., 2025)
[4648024] Failed to build match row: Konyaspor vs Fatih Karagümrük Sportif Faaliyetler San. Tic. A.Ş.
[3661861] Could not find attributes for branko vrgoc (Panetolikos Agrinio, 2021)
[3661861] Failed to build match row: Panetolikos Agrinio vs Panthessalonikios Athlitikos Omilos Konstantinoupoliton

Keepers & outfield error for **Sporting Clube de Braga** in Sporting Clube de Braga vs Vitória Sport Clube: Numbers: 0 and 11.

Keepers & outfield error for **Verona Hellas Football Club** in Associazione Sportiva Roma vs Verona Hellas Football Club: Numbers: 2 and 9.
[3433384] Failed to build match row: Associazione Sportiva Roma vs Verona Hellas Football Club
[4109481] Failed to build match row: Sporting Clube de Braga vs Vitória Sport Clube
[4408875] Could not find attributes for bressan (Omilos Filathlon Irakliou FC, 2024)
[4408875] Failed to build match row: Omilos Filathlon Irakliou FC vs Panserraikos Serres

Keepers & outfield error for **Società Sportiva Lazio S.p.A.** in US Salernitana 1919 vs Società Sportiva Lazio S.p.A.: Numbers: 2 and 9.
[3844961] Failed to build match row: US Salernitana 1919 vs Società Sportiva Lazio S.p.A.
[3420668] Could not find attributes for artem kychak (Olimpik Donetsk, 2020)
[3420668] Failed to build match row: Olimpik Donetsk vs FK Mariupol
[3603142] Could not find attributes for stephane omeonga (Livingston Football Club, 2021)
[3603142] Failed to build match row: Saint Mirren Football Club vs Livingston Football Club
[3530776] Could not find attributes for bogdan ovsyannikov (PFK Krylya Sovetov Samara, 2020)
[4269003] Could not find attributes for andrew moran (Blackburn Rovers, 2023)
[3530776] Failed to build match row: PFK Krylya Sovetov Samara vs FK Dinamo Moskva
[4269003] Failed to build match row: Blackburn Rovers vs Wrexham AFC
[4095326] Failed to scrape lineup: https://www.transfermarkt.co.uk/newcastle-united_afc-bournemouth/index/spielbericht/4095326
[3901568] Could not find attributes for pavel veselov (Zenit Penza, 2022)
[3901568] Failed to build match row: Zenit Penza vs Sokol Saratov
[3661862] Failed to scrape lineup: https://www.transfermarkt.co.uk/aek-athens_pas-lamia-1964/index/spielbericht/3661862
[4576006] Failed to scrape lineup: https://www.transfermarkt.co.uk/spielbericht/index/spielbericht/4576006

Keepers & outfield error for **Boavista FC** in Boavista FC vs Futebol Clube do Porto: Numbers: 2 and 9.
[3468607] Could not find attributes for frederik fisker nielsen (Skive IK, 2020)
[4109482] Failed to build match row: Boavista FC vs Futebol Clube do Porto
[3598140] Failed to scrape lineup: https://www.transfermarkt.co.uk/rfc-seraing_kv-mechelen/index/spielbericht/3598140
[4648025] Failed to scrape lineup: https://www.transfermarkt.co.uk/caykur-rizespor_gaziantep-fk/index/spielbericht/4648025
[4408876] Could not find attributes for athanasios garavelis (APO Levadiakos Football Club, 2024)
[4408876] Failed to build match row: Panthessalonikios Athlitikos Omilos Konstantinoupoliton vs APO Levadiakos Football Club
[3844962] Could not find attributes for manolo gabbiadini (UC Sampdoria, 2022)
[3844962] Failed to build match row: UC Sampdoria vs Bologna Football Club 1909
[3733611] Could not find attributes for fode fofana (Eindhovense Voetbalvereniging Philips Sport Vereniging, 2021)
[3733611] Failed to build match row: Eindhovense Voetbalvereniging Philips Sport Vereniging vs Sportclub Telstar
[4798454] Could not find attributes for eros mancuso (Club Estudiantes de La Plata, 2025)
[4798454] Failed to build match row: Club Estudiantes de La Plata vs Club Atlético Unión
[4648026] Failed to scrape lineup: https://www.transfermarkt.co.uk/kayserispor_fenerbahce/index/spielbericht/4648026
[4095327] Failed to scrape lineup: https://www.transfermarkt.co.uk/nottingham-forest_west-ham-united/index/spielbericht/4095327
[3433386] Failed to scrape lineup: https://www.transfermarkt.co.uk/ss-lazio_cagliari-calcio/index/spielbericht/3433386
[4577185] Could not find attributes for lawrence shankland (Heart of Midlothian Football Club, 2024)
[4577185] Failed to build match row: Heart of Midlothian Football Club vs Aberdeen Football Club
[3661863] Could not find attributes for julian cuesta (Aris Thessalonikis, 2021)
[3661863] Failed to build match row: Aris Thessalonikis vs Panathinaikos Athlitikos Omilos
[3530777] Could not find attributes for denis adamov (FK Sochi, 2020)
[3530777] Failed to build match row: FK Sochi vs Футбольный клуб "Локомотив" Москва
[3613148] Could not find attributes for kenan piric (Göztepe Sportif Yatırımlar A.Ş., 2021)
[3613148] Failed to build match row: Göztepe Sportif Yatırımlar A.Ş. vs Kayserispor Kulübü
[4522581] Could not find attributes for igor jelicic (Kristiansund Ballklubb, 2024)
[4522581] Failed to build match row: Kristiansund Ballklubb vs Fredrikstad Fotballklubb
[3621589] Could not find attributes for geny catamo (Vitória Sport Clube, 2021)
[3621589] Failed to build match row: Vitória Sport Clube vs Gil Vicente Futebol Clube
[4387785] Could not find attributes for jonas svensson (Beşiktaş Jimnastik Kulübü, 2024)
[4387785] Failed to build match row: Samsunspor vs Beşiktaş Jimnastik Kulübü
[3733612] Could not find attributes for youri regeer (AFC Ajax Amsterdam, 2021)
[3733612] Failed to build match row: AFC Ajax Amsterdam vs Excelsior Maassluis
[4396946] Could not find attributes for jeremy livolant (Casa Pia Atlético Clube, 2024)
[4396946] Failed to build match row: Casa Pia Atlético Clube vs Sporting Clube de Braga

Keepers & outfield error for **Deportes Tolima** in Deportes Tolima vs Millonarios FC: Numbers: 2 and 9.
[4693231] Failed to build match row: Deportes Tolima vs Millonarios FC
[4640825] Could not find attributes for dusan pavlovic (Fudbalski Klub Radnički Niš, 2025)
[4640825] Failed to build match row: Fudbalski Klub Radnički Niš vs Fudbalski klub Čukarički Beograd
[4095328] Could not find attributes for wes foderingham (Sheffield United, 2023)
[4095328] Failed to build match row: Sheffield United vs Brighton and Hove Albion Football Club
Not enough players found for lineup: 0, 0.
[3531041] Failed to scrape lineup: https://www.transfermarkt.co.uk/spielbericht/index/spielbericht/3531041
[3950050] Could not find attributes for neil parry (Clyde FC, 2022)
[3950050] Failed to build match row: Clyde FC vs Dumbarton FC
[3433387] Could not find attributes for milos vulic (FC Crotone, 2020)
[3433387] Failed to build match row: Associazione Calcio Milan vs FC Crotone

Keepers & outfield error for **Aberdeen Football Club** in Aberdeen Football Club vs The Celtic Football Club: Numbers: 2 and 9.
[3603143] Failed to build match row: Aberdeen Football Club vs The Celtic Football Club
[3420669] Could not find attributes for oleksandr bandura (FC Rukh Lviv, 2020)
[3420669] Failed to build match row: FC Rukh Lviv vs Ingulets Petrove
[4269410] Failed to scrape lineup: https://www.transfermarkt.co.uk/spielbericht/index/spielbericht/4269410
[4577186] Could not find attributes for daniels balodis (St. Johnstone FC, 2024)
[3661864] Could not find attributes for lefteris choutesiotis (Ionikos Nikeas, 2021)
[3589321] Could not find attributes for nabil bentaleb (Angers Sporting Club de l'Ouest, 2021)
[3661864] Failed to build match row: Ionikos Nikeas vs PAS Giannina

Keepers & outfield error for **Olympique Lyonnais** in Paris Saint-Germain Football Club vs Olympique Lyonnais: Numbers: 0 and 11.
[3589321] Failed to build match row: Angers Sporting Club de l'Ouest vs AS Saint-Étienne
[4620928] Failed to scrape lineup: https://www.transfermarkt.co.uk/ssc-napoli_acf-fiorentina/index/spielbericht/4620928
[4363877] Failed to build match row: Paris Saint-Germain Football Club vs Olympique Lyonnais

Keepers & outfield error for **Grupo Desportivo Estoril Praia** in Moreirense Futebol Clube vs Grupo Desportivo Estoril Praia: Numbers: 0 and 11.
[4143027] Failed to build match row: UCSA Tarasivka vs FK Kudrivka-1
[4396947] Failed to build match row: Moreirense Futebol Clube vs Grupo Desportivo Estoril Praia
[3901569] Could not find attributes for ilya zhurin (Znamya Noginsk, 2022)
[3901569] Failed to build match row: Znamya Noginsk vs Peresvet Domodedovo
[4368444] Failed to scrape lineup: https://www.transfermarkt.co.uk/aalborg-bk_brondby-if/index/spielbericht/4368444

Keepers & outfield error for **Real Sociedad de Fútbol S.A.D.** in Real Sociedad de Fútbol S.A.D. vs Villarreal Club de Fútbol S.A.D.: Numbers: 0 and 11.
[3451017] Failed to build match row: Real Sociedad de Fútbol S.A.D. vs Villarreal Club de Fútbol S.A.D.
[3613149] Could not find attributes for papiss demba cisse (Çaykur Rizespor Kulübü, 2021)
[3613149] Failed to build match row: Çaykur Rizespor Kulübü vs Konyaspor
[3950051] Could not find attributes for stuart mckenzie (Cove Rangers FC, 2022)
[3427098] Could not find attributes for marvin bakalorz (Denizlispor, 2020)
[3950051] Failed to build match row: Cove Rangers FC vs Dunipace FC
[3427098] Failed to build match row: Denizlispor vs İstanbul Başakşehir Futbol Kulübü
[4408877] Could not find attributes for alvaro raton (PAS Lamia 1964, 2024)
[4408877] Failed to build match row: PAS Lamia 1964 vs Aris Thessalonikis
[4522582] Could not find attributes for evangelos patoulidis (Sandefjord Fotball, 2024)
[4522582] Failed to build match row: Sandefjord Fotball vs Vålerengens Idrettsforening
[3420670] Failed to scrape lineup: https://www.transfermarkt.co.uk/shakhtar-donetsk_fc-oleksandriya/index/spielbericht/3420670
[4578313] Failed to scrape lineup: https://www.transfermarkt.co.uk/scr-altach_lask/index/spielbericht/4578313
[4648027] Could not find attributes for ricardo velho (Gençlerbirliği Spor Kulübü, 2025)
[4648027] Failed to build match row: İstanbul Başakşehir Futbol Kulübü vs Gençlerbirliği Spor Kulübü
[4715571] Could not find attributes for fabian te kolste (RKSV ROHDA Raalte, 2025)
[4715571] Failed to build match row: RKSV ROHDA Raalte vs HVV Hollandia
[4798456] Failed to scrape lineup: https://www.transfermarkt.co.uk/defensa-y-justicia_ca-talleres/index/spielbericht/4798456
[4844308] Failed to scrape lineup: https://www.transfermarkt.co.uk/spielbericht/index/spielbericht/4844308
[3661865] Failed to build match row: Volou Neos Podosferikos Syllogos vs APS Atromitos Athinon
[3901570] Failed to scrape lineup: https://www.transfermarkt.co.uk/spielbericht/index/spielbericht/3901570
[3468608] Could not find attributes for nikolaj lyngo (Jammerbugt FC, 2020)
[3468608] Failed to build match row: Jammerbugt FC vs Holstebro Boldklub

Keepers & outfield error for **Manchester City Football Club** in Association Football Club Bournemouth vs Manchester City Football Club: Numbers: 0 and 11.
[4095330] Failed to build match row: Association Football Club Bournemouth vs Manchester City Football Club

Keepers & outfield error for **FC Girondins Bordeaux** in FC Girondins Bordeaux vs Olympique de Marseille: Numbers: 2 and 9.
[3589322] Failed to build match row: FC Girondins Bordeaux vs Olympique de Marseille
[4143028] Could not find attributes for maryan burmas (FC Mykolaiv, 2023)
[4143028] Failed to build match row: FC Mykolaiv vs Bukovyna Chernivtsi
[3531100] Could not find attributes for andriy artym (Agrobiznes Volochysk, 2020)
[3531100] Failed to build match row: Agrobiznes Volochysk vs Futbolniy Klub Dynamo Kyiv

Keepers & outfield error for **Real Valladolid CF** in Real Valladolid CF vs Levante Unión Deportiva S.A.D.: Numbers: 2 and 9.
[3451018] Failed to build match row: Real Valladolid CF vs Levante Unión Deportiva S.A.D.

Keepers & outfield error for **Oud-Heverlee Leuven** in Oud-Heverlee Leuven vs Royal Antwerp Football Club: Numbers: 0 and 11.
[4098771] Failed to build match row: Oud-Heverlee Leuven vs Royal Antwerp Football Club
[4078189] Could not find attributes for hassan al haydos (Qatar, 2024)
[4078189] Failed to build match row: Qatar vs Lebanon
[3427099] Failed to scrape lineup: https://www.transfermarkt.co.uk/yeni-malatyaspor_gaziantep-fk/index/spielbericht/3427099
[4408878] Could not find attributes for domagoj vida (Athlitiki Enosi Konstantinoupoleos, 2024)
[3621590] Could not find attributes for raul silva (Grupo Desportivo Estoril Praia, 2021)
[4408878] Failed to build match row: Athlitiki Enosi Konstantinoupoleos vs Olympiakos Syndesmos Filathlon Peiraios
[3621590] Failed to build match row: Grupo Desportivo Estoril Praia vs Moreirense Futebol Clube
[3420671] Failed to scrape lineup: https://www.transfermarkt.co.uk/ingulets-petrove_dynamo-kyiv/index/spielbericht/3420671
[3839278] Could not find attributes for dennis geiger (Turn- und Sportgemeinschaft 1899 Hoffenheim Fußball-Spielbetriebs, 2022)
[3839278] Failed to build match row: 1. Fußballclub Union Berlin vs Turn- und Sportgemeinschaft 1899 Hoffenheim Fußball-Spielbetriebs
[4625433] Could not find attributes for martin zlomislic (Hrvatski Nogometni Klub Rijeka, 2025)

Keepers & outfield error for **Galatasaray Spor Kulübü** in Galatasaray Spor Kulübü vs Kocaelispor Kulübü: Numbers: 2 and 9.
[4625433] Failed to build match row: Hrvatski Nogometni Klub Rijeka vs HNK Hajduk Split
[4648028] Failed to build match row: Galatasaray Spor Kulübü vs Kocaelispor Kulübü
[3661866] Could not find attributes for giannis kotsiras (Panathinaikos Athlitikos Omilos, 2021)
[3661866] Failed to build match row: Panathinaikos Athlitikos Omilos vs Volou Neos Podosferikos Syllogos

Keepers & outfield error for **Leeds United Association Football Club** in West Ham United Football Club vs Leeds United Association Football Club: Numbers: 0 and 11.
[4844309] Failed to build match row: West Ham United Football Club vs Leeds United Association Football Club

Keepers & outfield error for **Futebol Clube do Porto** in Sporting Clube de Portugal vs Futebol Clube do Porto: Numbers: 0 and 11.
[4396948] Failed to build match row: Sporting Clube de Portugal vs Futebol Clube do Porto
[4373840] Could not find attributes for tom krauss (VfL Bochum, 2024)

Keepers & outfield error for **Stade brestois 29** in Stade brestois 29 vs Olympique Gymnaste Club Nice Côte d'Azur: Numbers: 2 and 9.
[4373840] Failed to build match row: VfL Bochum vs 1. Fußballclub Union Berlin
[3589323] Failed to build match row: Stade brestois 29 vs Olympique Gymnaste Club Nice Côte d'Azur

Keepers & outfield error for **Associazione Calcio Milan** in Associazione Calcio Milan vs SSC Bari: Numbers: 2 and 9.
[3860258] Failed to scrape lineup: https://www.transfermarkt.co.uk/istanbulspor_mke-ankaragucu/index/spielbericht/3860258
[3844964] Failed to scrape lineup: https://www.transfermarkt.co.uk/spezia-calcio_juventus-fc/index/spielbericht/3844964
[4631315] Failed to build match row: Associazione Calcio Milan vs SSC Bari
[4269417] Could not find attributes for rafa soares (Panthessalonikios Athlitikos Omilos Konstantinoupoliton, 2023)
[4472370] Could not find attributes for victor rodriguez (CD Móstoles URJC, 2024)
[4269417] Failed to build match row: Panthessalonikios Athlitikos Omilos Konstantinoupoliton vs Panserraikos Serres
[4472370] Failed to build match row: CD Móstoles URJC vs Burgos CF
[4408879] Could not find attributes for alexios kalogeropoulos (Volou Neos Podosferikos Syllogos, 2024)
[4408879] Failed to build match row: Volou Neos Podosferikos Syllogos vs Aris Thessalonikis
[3603145] Could not find attributes for barrie mckay (Heart of Midlothian Football Club, 2021)
[3603145] Failed to build match row: Heart of Midlothian Football Club vs Motherwell Football Club
[4625434] Failed to scrape lineup: https://www.transfermarkt.co.uk/nk-osijek_nk-lokomotiva-zagreb/index/spielbericht/4625434

Keepers & outfield error for **Associazione Sportiva Roma** in Football Club Internazionale Milano S.p.A. vs Associazione Sportiva Roma: Numbers: 0 and 11.
[3735636] Failed to build match row: Football Club Internazionale Milano S.p.A. vs Associazione Sportiva Roma
[4846680] Could not find attributes for danylo varakuta (TOV FK Metalist 1925 Kharkiv, 2025)
[4846680] Failed to build match row: TOV FK Metalist 1925 Kharkiv vs FC Chernigiv
[4522583] Could not find attributes for menno koch (Sarpsborg 08 Fotballforening, 2024)
[4640826] Could not find attributes for bojan brac (Fudbalski Klub IMT Novi Beograd, 2025)
[4522583] Failed to build match row: Sarpsborg 08 Fotballforening vs Hamarkameratene
[4640826] Failed to build match row: Fudbalski Klub IMT Novi Beograd vs Fudbalski Klub Novi Pazar

Keepers & outfield error for **Aston Villa Football Club** in Aston Villa Football Club vs Nottingham Forest Football Club: Numbers: 0 and 11.
[4095332] Failed to build match row: Aston Villa Football Club vs Nottingham Forest Football Club
[3531101] Could not find attributes for yuriy pankiv (FC Oleksandriya, 2020)
[3661867] Could not find attributes for bojan saranov (PAS Lamia 1964, 2021)

Keepers & outfield error for **Real Sociedad de Fútbol S.A.D.** in Alaves vs Real Sociedad de Fútbol S.A.D.: Numbers: 0 and 11.
[3531101] Failed to build match row: FC Oleksandriya vs FC Zorya Lugansk
[3661867] Failed to build match row: PAS Lamia 1964 vs Panetolikos Agrinio
[3451020] Failed to build match row: Alaves vs Real Sociedad de Fútbol S.A.D.
[4387786] Could not find attributes for ali aytemur (Bodrum FK, 2024)
[4387786] Failed to build match row: Bodrum FK vs Gaziantep Futbol Kulübü A.Ş.
[3901571] Could not find attributes for egor melekhin (Strogino Moscow, 2022)
[3901571] Failed to build match row: Strogino Moscow vs FC Kaluga
[3427100] Could not find attributes for aatif chahechouhe (Erzurumspor FK, 2020)
[3427100] Failed to build match row: Erzurumspor FK vs Konyaspor
[4743307] Could not find attributes for fermin aleman (UD San Fernando, 2025)
[3621591] Could not find attributes for ziga frelih (Gil Vicente Futebol Clube, 2021)
[3621591] Failed to build match row: Gil Vicente Futebol Clube vs Moreirense Futebol Clube
[4743307] Failed to build match row: UD San Fernando vs Albacete Balompié
[4269418] Could not find attributes for antonis stergiakis (Panetolikos Agrinio, 2023)
[4648029] Could not find attributes for igor lichnovsky (Fatih Karagümrük Sportif Faaliyetler San. Tic. A.Ş., 2025)
[4269418] Failed to build match row: Panetolikos Agrinio vs Omilos Filathlon Irakliou FC
[4648029] Failed to build match row: Fatih Karagümrük Sportif Faaliyetler San. Tic. A.Ş. vs Eyüp Spor Kulübü
[4715572] Could not find attributes for hicham azzanagui (SV Walcheren Vlissingen, 2025)
[3603146] Could not find attributes for stephane omeonga (Livingston Football Club, 2021)
[3603146] Failed to build match row: Livingston Football Club vs Saint Mirren Football Club
[4715572] Failed to build match row: SV Walcheren Vlissingen vs VV Noordwijk

Keepers & outfield error for **Futebol Clube do Porto** in Futebol Clube do Porto vs Futbol Club Barcelona: Numbers: 0 and 11.
[4625435] Could not find attributes for osman hadzikic (NK Slaven Belupo Koprivnica, 2025)
[4174055] Failed to build match row: Futebol Clube do Porto vs Futbol Club Barcelona
[4625435] Failed to build match row: NK Slaven Belupo Koprivnica vs HNK Vukovar 1991
[3420672] Could not find attributes for artem kychak (Olimpik Donetsk, 2020)
[3420672] Failed to build match row: Olimpik Donetsk vs FC Zorya Lugansk

Keepers & outfield error for **Valencia Club de Fútbol S. A. D.** in Valencia Club de Fútbol S. A. D. vs Real Betis Balompié S.A.D.: Numbers: 2 and 9.
[3886452] Failed to build match row: Valencia Club de Fútbol S. A. D. vs Real Betis Balompié S.A.D.
[4693232] Could not find attributes for walmer pacheco (Deportivo Pereira, 2025)
[4408880] Could not find attributes for athanasios garavelis (APO Levadiakos Football Club, 2024)
[4693232] Failed to build match row: Deportivo Pereira vs CD América de Cali
[4408880] Failed to build match row: APO Levadiakos Football Club vs APS Atromitos Athinon

Keepers & outfield error for **Bayer 04 Leverkusen Fußball** in Mönchengladbach vs Bayer 04 Leverkusen Fußball: Numbers: 2 and 9.
[3621592] Could not find attributes for paulinho (Moreirense Futebol Clube, 2021)
[3839280] Failed to build match row: Mönchengladbach vs Bayer 04 Leverkusen Fußball
[3621592] Failed to build match row: Moreirense Futebol Clube vs Vitória Sport Clube
[4645519] Failed to scrape lineup: https://www.transfermarkt.co.uk/ca-osasuna_valencia-cf/index/spielbericht/4645519
[3427101] Could not find attributes for endri cekici (MKE Ankaragücü, 2020)
[3427101] Failed to build match row: MKE Ankaragücü vs Antalyaspor
[4269419] Could not find attributes for panagiotis tsintotas (APS Atromitos Athinon, 2023)
[3735937] Could not find attributes for mikel vesga (Athletic Club Bilbao, 2021)
[4269419] Failed to build match row: APS Atromitos Athinon vs Panathinaikos Athlitikos Omilos

Keepers & outfield error for **Olympique Lyonnais** in Olympique Lyonnais vs Montpellier HSC: Numbers: 0 and 11.
[4363879] Failed to build match row: Olympique Lyonnais vs Montpellier HSC

Keepers & outfield error for **Real Betis Balompié S.A.D.** in Real Betis Balompié S.A.D. vs Getafe Club de Fútbol S. A. D. Team Dubai: Numbers: 0 and 11.
[3661868] Could not find attributes for jose luis valiente (A.G.S Asteras Tripolis, 2021)
[3661868] Failed to build match row: A.G.S Asteras Tripolis vs Olympiakos Syndesmos Filathlon Peiraios
[4361564] Failed to build match row: Real Betis Balompié S.A.D. vs Getafe Club de Fútbol S. A. D. Team Dubai
[3468609] Could not find attributes for eddi gomes (HB Köge, 2020)
[4631317] Could not find attributes for jesper karlstrom (Udinese Calcio, 2025)
[4846681] Could not find attributes for mykyta bezuglyi (Bukovyna Chernivtsi, 2025)
[3468609] Failed to build match row: HB Köge vs Fodbold Club Midtjylland
[3860259] Could not find attributes for ismail yuksek (Fenerbahçe Spor Kulübü, 2022)
[4846681] Failed to build match row: Bukovyna Chernivtsi vs Futbolniy Klub Dynamo Kyiv

Keepers & outfield error for **Sporting Clube de Braga** in Sporting Clube de Braga vs Vitória Sport Clube: Numbers: 0 and 11.
[4631317] Failed to build match row: Udinese Calcio vs Carrarese Calcio 1908
[4174065] Could not find attributes for irakli azarovi (FC Shakhtar Donetsk, 2023)
[4522584] Could not find attributes for vegard solheim (FK Haugesund, 2024)
[3860259] Failed to build match row: Fenerbahçe Spor Kulübü vs Fatih Karagümrük Sportif Faaliyetler San. Tic. A.Ş.
[4397426] Failed to build match row: Sporting Clube de Braga vs Vitória Sport Clube
[4174065] Failed to build match row: Futbol Club Barcelona vs FC Shakhtar Donetsk
[4522584] Failed to build match row: FK Haugesund vs Viking Fotballklubb
[4095334] Could not find attributes for djordje petrovic (Chelsea Football Club, 2023)
Not enough players found for lineup: 0, 11.
[4095334] Failed to build match row: Chelsea Football Club vs Tottenham Hotspur Football Club
[4640827] Failed to scrape lineup: https://www.transfermarkt.co.uk/fk-napredak-krusevac_fk-zeleznicar-pancevo/index/spielbericht/4640827
[4693233] Could not find attributes for jermein pena (Junior FC, 2025)
[4693233] Failed to build match row: Junior FC vs Atlético Bucaramanga
[3621593] Could not find attributes for vitinha (Sporting Clube de Braga, 2021)
[3621593] Failed to build match row: Sporting Clube de Braga vs Gil Vicente Futebol Clube
[4143029] Could not find attributes for andriy sledzevskyi (FK Kudrivka (- 2024), 2023)
[4645520] Could not find attributes for leander dendoncker (Real Oviedo S.A.D., 2025)
[4645520] Failed to build match row: Real Oviedo S.A.D. vs Real Madrid Club de Fútbol
[4143029] Failed to build match row: FK Kudrivka (- 2024) vs Kremin Kremenchuk
[3901572] Could not find attributes for dmitriy vyalov (Spartak Tambov, 2022)
[3901572] Failed to build match row: Spartak Tambov vs Salyut Belgorod
[3427102] Could not find attributes for robin yalcin (Sivasspor, 2020)
[3427102] Failed to build match row: Sivasspor vs Trabzonspor Kulübü
[4363880] Could not find attributes for adrien thomasson (Racing Club de Lens, 2024)
[4363880] Failed to build match row: Racing Club de Lens vs Toulouse Football Club
[4743308] Could not find attributes for samu hurtado (CD Extremadura 1924, 2025)
[4743308] Failed to build match row: CD Extremadura 1924 vs UD Las Palmas

Keepers & outfield error for **Moreirense Futebol Clube** in Futebol Clube do Porto vs Moreirense Futebol Clube: Numbers: 2 and 9.

Keepers & outfield error for **Futebol Clube do Porto** in Royal Antwerp Football Club vs Futebol Clube do Porto: Numbers: 0 and 11.
[3433392] Could not find attributes for leo sena (Spezia Calcio, 2020)
[4397824] Failed to build match row: Futebol Clube do Porto vs Moreirense Futebol Clube
[3420673] Could not find attributes for yevgen past (Desna Chernigiv, 2020)
[3433392] Failed to build match row: Unione Sportiva Sassuolo Calcio vs Spezia Calcio
[3860260] Could not find attributes for gorkem saglam (Giresunspor, 2022)
[4174066] Failed to build match row: Royal Antwerp Football Club vs Futebol Clube do Porto
[4120945] Could not find attributes for danny armstrong (Kilmarnock Football Club, 2023)

Keepers & outfield error for **Club Atlético Osasuna** in Girona Fútbol Club S. A. D. vs Club Atlético Osasuna: Numbers: 2 and 9.
[3860260] Failed to build match row: Giresunspor vs Beşiktaş Jimnastik Kulübü
[4120945] Failed to build match row: Kilmarnock Football Club vs The Celtic Football Club
[4640828] Could not find attributes for luka lijeskic (FK Radnički 1923 Kragujevac, 2025)
[4361565] Failed to build match row: Girona Fútbol Club S. A. D. vs Club Atlético Osasuna
[4640828] Failed to build match row: FK Radnički 1923 Kragujevac vs Fudbalski Klub Partizan Beograd
[3427103] Could not find attributes for irfan can egribayat (Göztepe Sportif Yatırımlar A.Ş., 2020)
[3427103] Failed to build match row: Kayserispor Kulübü vs Göztepe Sportif Yatırımlar A.Ş.
[3468610] Could not find attributes for jannich storch (Nyköbing FC, 2020)
[3468610] Failed to build match row: Nyköbing FC vs Esbjerg fB

Keepers & outfield error for **Shamrock Rovers** in Panthessalonikios Athlitikos Omilos Konstantinoupoliton vs Shamrock Rovers: Numbers: 0 and 11.
[4625436] Could not find attributes for davor matijas (HNK Gorica, 2025)
[4847888] Could not find attributes for andrey lunev (FK Dinamo Moskva, 2025)
[4431130] Failed to build match row: Panthessalonikios Athlitikos Omilos Konstantinoupoliton vs Shamrock Rovers
[4625436] Failed to build match row: HNK Gorica vs NK Istra 1961
[4847888] Failed to build match row: FK Dinamo Moskva vs FK Krasnodar
[4522585] Could not find attributes for mikkel konradsen ceide (Rosenborg Ballklub, 2024)
[4144707] Could not find attributes for daniels balodis (Valmiera FC, 2023)
[3901573] Could not find attributes for nikita reshetnyak (Amkar Perm, 2022)
[4373851] Could not find attributes for kosta nedeljkovic (RasenBallsport Leipzig, 2024)
[4144707] Failed to build match row: Valmiera FC vs SP Tre Penne
[4373851] Failed to build match row: RasenBallsport Leipzig vs FC Bayern München
[4408881] Could not find attributes for marko bakic (Omilos Filathlon Irakliou FC, 2024)

Keepers & outfield error for **Stade Reims** in Clermont Foot 63 vs Stade Reims: Numbers: 2 and 9.
[3901573] Failed to build match row: Amkar Perm vs Zenit Izhevsk

Keepers & outfield error for **Associazione Sportiva Roma** in Unione Sportiva Cremonese S.p.A. vs Associazione Sportiva Roma: Numbers: 0 and 11.
[4408881] Failed to build match row: Omilos Filathlon Irakliou FC vs PAS Lamia 1964
[3844967] Failed to build match row: Unione Sportiva Cremonese S.p.A. vs Associazione Sportiva Roma
[3589324] Failed to build match row: Clermont Foot 63 vs Stade Reims
[4649297] Could not find attributes for timur magomedov (Dinamo Makhachkala, 2025)
[3621594] Could not find attributes for bruno costa (Futebol Clube do Porto, 2021)
[4649297] Failed to build match row: Dinamo Makhachkala vs FK Nizhny Novgorod
[3621594] Failed to build match row: Futebol Clube do Porto vs Futebol Clube de Famalicão

Keepers & outfield error for **Asociación Deportivo Pasto** in Asociación Deportivo Pasto vs Independiente Medellín: Numbers: 2 and 9.
[4472371] Could not find attributes for sergi serrano (UE Sant Andreu, 2024)
[4648030] Could not find attributes for julian cuesta (Antalyaspor, 2025)
[4472371] Failed to build match row: UE Sant Andreu vs CD Mirandés
[4693234] Failed to build match row: Asociación Deportivo Pasto vs Independiente Medellín
[4648030] Failed to build match row: Antalyaspor vs Konyaspor
[4120946] Could not find attributes for rory whittaker (Hibernian Football Club, 2023)
[3427104] Could not find attributes for ismail koybasi (Çaykur Rizespor Kulübü, 2020)
[4269420] Could not find attributes for athanasios garavelis (Niki Volou, 2023)
[4120946] Failed to build match row: Livingston Football Club vs Hibernian Football Club

Keepers & outfield error for **CDA Navalcarnero** in CDA Navalcarnero vs Mérida AD: Numbers: 2 and 9.
[3427104] Failed to build match row: Çaykur Rizespor Kulübü vs Fatih Karagümrük Sportif Faaliyetler San. Tic. A.Ş.
[4269420] Failed to build match row: Niki Volou vs Aris Thessalonikis
[4743309] Failed to build match row: CDA Navalcarnero vs Mérida AD

Keepers & outfield error for **Boavista FC** in Boavista FC vs Sporting Clube de Braga: Numbers: 0 and 11.
[4109483] Failed to build match row: Boavista FC vs Sporting Clube de Braga
[4578314] Failed to build match row: Grazer Athletiksport Klub 1902 vs Wattener Sportgemeinschaft Swarovski Tirol
[3661869] Could not find attributes for darko jevtic (Athlitiki Enosi Konstantinoupoleos, 2021)
[3661869] Failed to build match row: Panthessalonikios Athlitikos Omilos Konstantinoupoliton vs Athlitiki Enosi Konstantinoupoleos
[4397825] Could not find attributes for luis esteves (Clube Desportivo Nacional, 2024)
[4397825] Failed to build match row: Sporting Clube de Portugal vs Clube Desportivo Nacional
[3433393] Could not find attributes for matteo ruggeri (Atalanta Bergamasca Calcio S.p.a., 2020)
[3433393] Failed to build match row: Atalanta Bergamasca Calcio S.p.a. vs Torino Calcio
[4640829] Could not find attributes for djordje skoko (Fudbalski Klub Javor Matis Ivanjica, 2025)
[4640829] Failed to build match row: Fudbalski Klub Javor Matis Ivanjica vs Železničar Pančevo

Keepers & outfield error for **Club Atlético Independiente de Avellaneda** in Club Atlético Boca Juniors vs Club Atlético Independiente de Avellaneda: Numbers: 2 and 9.
[4798457] Failed to build match row: Club Atlético Boca Juniors vs Club Atlético Independiente de Avellaneda
[3420674] Could not find attributes for oleksandr tkachenko (Vorskla Poltava, 2020)
[3420674] Failed to build match row: Vorskla Poltava vs FK Kolos Kovalivka
[4387819] Could not find attributes for lionel carole (Kayserispor Kulübü, 2024)
[4625437] Could not find attributes for davor matijas (HNK Gorica, 2025)
[4387819] Failed to build match row: Kayserispor Kulübü vs Sivasspor
[4625437] Failed to build match row: HNK Gorica vs GNK Dinamo Zagreb
[4847889] Could not find attributes for nikita kokarev (PFK Krylya Sovetov Samara, 2025)
[4847889] Failed to build match row: PFK Krylya Sovetov Samara vs PFK CSKA Moskva
[3468611] Could not find attributes for jonathan fischer (Akademisk Boldklub, 2020)
[3468611] Failed to build match row: Akademisk Boldklub vs Aalborg BK
[3603147] Could not find attributes for borna barisic (Rangers Football Club, 2021)
[3603147] Failed to build match row: Rangers Football Club vs Hibernian Football Club
[4693235] Could not find attributes for emmanuel olivera (Independiente Santa Fe, 2025)
[4693235] Failed to build match row: Independiente Santa Fe vs Envigado FC

Keepers & outfield error for **Vitória Sport Clube** in Sport Lisboa e Benfica vs Vitória Sport Clube: Numbers: 0 and 11.
[3661870] Could not find attributes for yuriy lodygin (PAS Giannina, 2021)
[3621595] Failed to build match row: Sport Lisboa e Benfica vs Vitória Sport Clube
[4578315] Could not find attributes for furkan demir (Turn- und Sportverein Egger Glas Hartberg, 2024)
[3427105] Could not find attributes for munir el kajoui (Hatayspor, 2020)
iou FC
[4578315] Failed to build match row: Turn- und Sportverein Egger Glas Hartberg vs SK Austria Klagenfurt
[3427105] Failed to build match row: Hatayspor vs Galatasaray Spor Kulübü
[4120947] Could not find attributes for georgie gent (Motherwell Football Club, 2023)
[4120947] Failed to build match row: Motherwell Football Club vs St. Johnstone FC

Keepers & outfield error for **Sevilla Fútbol Club S.A.D.** in Sevilla Fútbol Club S.A.D. vs Real Sociedad de Fútbol S.A.D.: Numbers: 2 and 9.
[3886455] Failed to build match row: Sevilla Fútbol Club S.A.D. vs Real Sociedad de Fútbol S.A.D.
[4373852] Could not find attributes for tiago tomas (Verein für Leibesübungen Wolfsburg, 2024)

Keepers & outfield error for **Real Valladolid CF** in Club Atlético de Madrid S.A.D. vs Real Valladolid CF: Numbers: 2 and 9.
[4625438] Could not find attributes for franko kolic (NK Istra 1961, 2025)
[3451022] Failed to build match row: Club Atlético de Madrid S.A.D. vs Real Valladolid CF
[4373852] Failed to build match row: Borussia Dortmund vs Verein für Leibesübungen Wolfsburg
[4625438] Failed to build match row: NK Istra 1961 vs NK Slaven Belupo Koprivnica
[4847890] Could not find attributes for evgeniy latyshonok (AO FK Zenit Sankt-Peterburg, 2025)
[4847890] Failed to build match row: AO FK Zenit Sankt-Peterburg vs FK Spartak Moskva
[3603148] Could not find attributes for lars dendoncker (St. Johnstone FC, 2021)

Keepers & outfield error for **Levante Unión Deportiva S.A.D.** in Levante Unión Deportiva S.A.D. vs Futbol Club Barcelona: Numbers: 0 and 11.
[3603148] Failed to build match row: St. Johnstone FC vs Dundee Football Club
[4645522] Failed to build match row: Levante Unión Deportiva S.A.D. vs Futbol Club Barcelona
[3420675] Could not find attributes for maksym lopyryonok (FC Minaj, 2020)
[3901574] Could not find attributes for egor lyubakov (FC Tyumen, 2022)
[3420675] Failed to build match row: FC Minaj vs SC Dnipro-1
[3901574] Failed to build match row: FC Tyumen vs Nosta Novotroitsk
[4578316] Could not find attributes for chibuike nwaiwu (RZ Pellets Wolfsberger Athletiksport Club, 2024)

Keepers & outfield error for **Gil Vicente Futebol Clube** in Sporting Clube de Portugal vs Gil Vicente Futebol Clube: Numbers: 0 and 11.
[4578316] Failed to build match row: RZ Pellets Wolfsberger Athletiksport Club vs Sportklub Puntigamer Sturm Graz
[3621596] Failed to build match row: Sporting Clube de Portugal vs Gil Vicente Futebol Clube

Keepers & outfield error for **Club Atlético Independiente de Avellaneda** in Club Atlético Independiente de Avellaneda vs Club Social y Deportivo Defensa y Justicia: Numbers: 2 and 9.
[4798459] Failed to build match row: Club Atlético Independiente de Avellaneda vs Club Social y Deportivo Defensa y Justicia
[4640830] Could not find attributes for zeljko samcovic (Fudbalski Klub Novi Pazar, 2025)
[4640830] Failed to build match row: Fudbalski Klub Novi Pazar vs Fudbalski Klub Partizan Beograd
[4387820] Could not find attributes for luccas claro (Eyüp Spor Kulübü, 2024)
[4387820] Failed to build match row: Eyüp Spor Kulübü vs Bodrum FK
[4522587] Could not find attributes for jan de boer (Bryne FK, 2024)
[4522587] Failed to build match row: Sportsklubben Brann vs Bryne FK
[3468612] Could not find attributes for michael sobye (Brabrand IF, 2020)
[3468612] Failed to build match row: Brabrand IF vs Vejle Boldklub
[4098778] Could not find attributes for abdoulaye sissako (KV Kortrijk, 2023)
[4098778] Failed to build match row: KV Kortrijk vs KAS Eupen
[3427106] Could not find attributes for francois moubandje (Alanyaspor, 2020)
[3427106] Failed to build match row: Alanyaspor vs Gençlerbirliği Spor Kulübü
[4847891] Could not find attributes for stanislav agkatsev (FK Krasnodar, 2025)
[4847891] Failed to build match row: FK Krasnodar vs FK Dinamo Moskva
[3860261] Could not find attributes for kerim alici (Hatayspor, 2022)
[3860261] Failed to build match row: Hatayspor vs Alanyaspor
[4095337] Could not find attributes for omari forson (Manchester United Football Club, 2023)
[4095337] Failed to build match row: Manchester United Football Club vs Fulham Football Club
[3950052] Could not find attributes for blair lochhead (Drumchapel United FC, 2022)
[3950052] Failed to build match row: Drumchapel United FC vs Edinburgh City FC
[3613150] Could not find attributes for fredrik ulvestad (Sivasspor, 2021)
[3613150] Failed to build match row: Sivasspor vs İstanbul Başakşehir Futbol Kulübü
[3433395] Could not find attributes for gabriele zappa (Cagliari Calcio, 2020)
[3433395] Failed to build match row: Cagliari Calcio vs Atalanta Bergamasca Calcio S.p.a.
[3420676] Could not find attributes for oleksandr bandura (FC Rukh Lviv, 2020)

Keepers & outfield error for **Vitória Sport Clube** in Vitória Sport Clube vs Futebol Clube de Famalicão: Numbers: 0 and 11.
[3420676] Failed to build match row: FC Rukh Lviv vs FK Mariupol
[3621597] Failed to build match row: Vitória Sport Clube vs Futebol Clube de Famalicão
[4431131] Could not find attributes for filip manojlovic (FK Borac Banja Luka, 2024)

Keepers & outfield error for **Asociación de Fomento Deportivo Riestra Barrio Colón** in Club Atlético Talleres vs Asociación de Fomento Deportivo Riestra Barrio Colón: Numbers: 2 and 9.

Keepers & outfield error for **Futebol Clube do Porto** in Futebol Clube do Porto vs Royal Antwerp Football Club: Numbers: 0 and 11.
[4431131] Failed to build match row: Ferencvárosi TC vs FK Borac Banja Luka
[4798460] Failed to build match row: Club Atlético Talleres vs Asociación de Fomento Deportivo Riestra Barrio Colón
[4174068] Failed to build match row: Futebol Clube do Porto vs Royal Antwerp Football Club
[4145193] Could not find attributes for niks sliede (Valmiera FC, 2023)
[4145193] Failed to build match row: Valmiera FC vs FK Partizani
[3427107] Could not find attributes for kevin varga (Kasımpaşa A.Ş., 2020)
[4522588] Could not find attributes for vegard solheim (FK Haugesund, 2024)
[4620932] Could not find attributes for jesper karlstrom (Udinese Calcio, 2025)
[4522588] Failed to build match row: FK Haugesund vs Fredrikstad Fotballklubb
[3427107] Failed to build match row: Kasımpaşa A.Ş. vs Beşiktaş Jimnastik Kulübü
[4620932] Failed to build match row: Udinese Calcio vs Associazione Sportiva Roma
[4408882] Could not find attributes for epaminondas pantelakis (Panetolikos Agrinio, 2024)
[4578317] Could not find attributes for soumaila diabate (Fußballclub Blau-Weiß Linz, 2024)
[4408882] Failed to build match row: Panathinaikos Athlitikos Omilos vs Panetolikos Agrinio
[4578317] Failed to build match row: Fußballclub Blau-Weiß Linz vs Fußballklub Austria Wien
[4472372] Could not find attributes for manuel guanini (CF Badalona Futur, 2024)
[4472372] Failed to build match row: CF Badalona Futur vs SD Huesca

Keepers & outfield error for **SD Eibar** in SD Eibar vs Valencia Club de Fútbol S. A. D.: Numbers: 2 and 9.
[3451024] Failed to build match row: SD Eibar vs Valencia Club de Fútbol S. A. D.

Keepers & outfield error for **Espanol** in Real Sociedad de Fútbol S.A.D. vs Espanol: Numbers: 2 and 9.
[4645524] Failed to build match row: Real Sociedad de Fútbol S.A.D. vs Espanol
[3603149] Could not find attributes for ross graham (Dundee United Football Club, 2021)
[4625439] Could not find attributes for antonio djakovic (HNK Vukovar 1991, 2025)
[3603149] Failed to build match row: Dundee United Football Club vs Heart of Midlothian Football Club
[4625439] Failed to build match row: HNK Vukovar 1991 vs NK Osijek s.d.d.
[4648032] Could not find attributes for adem arous (Kasımpaşa A.Ş., 2025)
[4648032] Failed to build match row: Kasımpaşa A.Ş. vs Alanyaspor
[4387821] Could not find attributes for jonas svensson (Beşiktaş Jimnastik Kulübü, 2024)
[4387821] Failed to build match row: Beşiktaş Jimnastik Kulübü vs Antalyaspor

Keepers & outfield error for **Oud-Heverlee Leuven** in Oud-Heverlee Leuven vs KV Kortrijk: Numbers: 0 and 11.
[4098779] Failed to build match row: Oud-Heverlee Leuven vs KV Kortrijk
[4640831] Could not find attributes for vladan carapic (Fudbalski klub Čukarički Beograd, 2025)
[4640831] Failed to build match row: Fudbalski klub Čukarički Beograd vs FK Radnički 1923 Kragujevac
[3860262] Could not find attributes for gorkem saglam (Giresunspor, 2022)
[3860262] Failed to build match row: Alanyaspor vs Giresunspor

Keepers & outfield error for **Villarreal Club de Fútbol S.A.D.** in Villarreal Club de Fútbol S.A.D. vs Celta: Numbers: 0 and 11.
[4361569] Failed to build match row: Villarreal Club de Fútbol S.A.D. vs Celta

Keepers & outfield error for **Espanol** in Futbol Club Barcelona vs Espanol: Numbers: 0 and 11.
[3886464] Failed to build match row: Futbol Club Barcelona vs Espanol
[3613151] Could not find attributes for yunus akgun (Adana Demirspor, 2021)
[3613151] Failed to build match row: Adana Demirspor vs Altay SK
[3420733] Could not find attributes for valeriy yurchuk (SC Dnipro-1, 2020)
[3420733] Failed to build match row: SC Dnipro-1 vs FC Shakhtar Donetsk
[4174069] Could not find attributes for irakli azarovi (FC Shakhtar Donetsk, 2023)
[4174069] Failed to build match row: FC Shakhtar Donetsk vs Royal Antwerp Football Club
[4109484] Could not find attributes for marios vrousai (Rio Ave Futebol Clube, 2023)
[4109484] Failed to build match row: Rio Ave Futebol Clube vs Sporting Clube de Portugal
[3427108] Could not find attributes for enner valencia (Fenerbahçe Spor Kulübü, 2020)
[3427108] Failed to build match row: Fenerbahçe Spor Kulübü vs Denizlispor

Keepers & outfield error for **Granada CF** in Granada CF vs SD Huesca: Numbers: 0 and 11.
[3451025] Failed to build match row: Granada CF vs SD Huesca

Keepers & outfield error for **Philadelphia Union** in Toronto FC vs Philadelphia Union: Numbers: 0 and 11.
[3468613] Could not find attributes for lukas olesen (Slagelse B&I, 2020)
[4850694] Failed to build match row: Toronto FC vs Philadelphia Union
[4120948] Could not find attributes for cyriel dessers (Rangers Football Club, 2023)
[3468613] Failed to build match row: Slagelse B&I vs Lyngby Boldklub
[4431132] Could not find attributes for lawrence shankland (Heart of Midlothian Football Club, 2024)
[4431132] Failed to build match row: FC Viktoria Plzeň, a.s. vs Heart of Midlothian Football Club
[4120948] Failed to build match row: Rangers Football Club vs Dundee Football Club
[4648033] Could not find attributes for wagner pina (Trabzonspor Kulübü, 2025)
[3860263] Could not find attributes for adi mehremic (Istanbulspor, 2022)
[3589326] Could not find attributes for baptiste mouazan (Football Club Lorient-Bretagne Sud, 2021)
[4648033] Failed to build match row: Trabzonspor Kulübü vs İstanbul Başakşehir Futbol Kulübü
[3860263] Failed to build match row: Fatih Karagümrük Sportif Faaliyetler San. Tic. A.Ş. vs Istanbulspor
[3589326] Failed to build match row: Lille Olympique Sporting Club vs Football Club Lorient-Bretagne Sud
[4640832] Could not find attributes for sasa stamenkovic (Fudbalski Klub Mladost Lučani, 2025)
[3420734] Could not find attributes for ilya zabarnyi (Futbolniy Klub Dynamo Kyiv, 2020)
[3613152] Could not find attributes for munir el kajoui (Hatayspor, 2021)
[4640832] Failed to build match row: Fudbalski Klub Mladost Lučani vs Fudbalski klub Napredak Kruševac
[3613152] Failed to build match row: Antalyaspor vs Hatayspor
[3420734] Failed to build match row: Futbolniy Klub Dynamo Kyiv vs Vorskla Poltava
[3427109] Could not find attributes for tolga cigerci (İstanbul Başakşehir Futbol Kulübü, 2020)
[3661871] Could not find attributes for jordy tutuarima (Apollon Smyrnis, 2021)
[3661871] Failed to build match row: Apollon Smyrnis vs Ionikos Nikeas
[3839281] Could not find attributes for soichiro kozuki (FC Schalke 04, 2022)
[3427109] Failed to build match row: İstanbul Başakşehir Futbol Kulübü vs Yeni Malatyaspor
[4431133] Could not find attributes for renato steffen (FC Lugano, 2024)
[3621598] Failed to scrape lineup: https://www.transfermarkt.co.uk/b-sad_fc-famalicao/index/spielbericht/3621598
[4850695] Could not find attributes for adri mehmeti (Red Bull New York, 2025)
[3839281] Failed to build match row: Eintracht Frankfurt Fußball AG vs FC Schalke 04
[4431133] Failed to build match row: FC Lugano vs Beşiktaş Jimnastik Kulübü
[3534272] Could not find attributes for bartol franjic (GNK Dinamo Zagreb, 2020)

Keepers & outfield error for **Hibernian Football Club** in Hibernian Football Club vs St. Johnstone FC: Numbers: 0 and 11.
[3534272] Failed to build match row: GNK Dinamo Zagreb vs Tottenham Hotspur Football Club
[4145194] Failed to scrape lineup: https://www.transfermarkt.co.uk/spielbericht/index/spielbericht/4145194
[3901575] Could not find attributes for nikita talalikhin (Zhasmin Mikhaylovsk, 2022)

Keepers & outfield error for **UD San Sebastián de los Reyes** in UD San Sebastián de los Reyes vs UD Almería: Numbers: 0 and 11.
[4620939] Failed to scrape lineup: https://www.transfermarkt.co.uk/atalanta-bc_us-cremonese/index/spielbericht/4620939

Keepers & outfield error for **Club Atlético Newell’s Old Boys** in Club Atlético Unión vs Club Atlético Newell’s Old Boys: Numbers: 2 and 9.
[3901575] Failed to build match row: Zhasmin Mikhaylovsk vs FK Chelyabinsk
mería
[3603150] Failed to build match row: Hibernian Football Club vs St. Johnstone FC
[4640833] Could not find attributes for nikola simic (Fudbalski klub TSC Bačka Topola, 2025)
[4798462] Failed to build match row: Club Atlético Unión vs Club Atlético Newell’s Old Boys

Keepers & outfield error for **Getafe Club de Fútbol S. A. D. Team Dubai** in Getafe Club de Fútbol S. A. D. Team Dubai vs Real Club Deportivo Mallorca S.A.D.: Numbers: 2 and 9.
[3589327] Could not find attributes for jerome boateng (Olympique Lyonnais, 2021)
[3860264] Could not find attributes for tayyip talha sanuc (Beşiktaş Jimnastik Kulübü, 2022)
[4640833] Failed to build match row: Fudbalski klub TSC Bačka Topola vs Fudbalski Klub IMT Novi Beograd
[3886466] Failed to build match row: Getafe Club de Fútbol S. A. D. Team Dubai vs Real Club Deportivo Mallorca S.A.D.
[3589327] Failed to build match row: Olympique Lyonnais vs Paris Saint-Germain Football Club
[3860264] Failed to build match row: Beşiktaş Jimnastik Kulübü vs Fenerbahçe Spor Kulübü
[3420735] Could not find attributes for mislav matic (FC Minaj, 2020)
[3420735] Failed to build match row: FC Minaj vs FC Zorya Lugansk
[4522589] Could not find attributes for mustapha isah (Kristiansund Ballklubb, 2024)
[4522589] Failed to build match row: Kristiansund Ballklubb vs Vålerengens Idrettsforening
[3451027] Could not find attributes for ante budimir (Club Atlético Osasuna, 2020)
[3451027] Failed to build match row: Club Atlético Osasuna vs Real Betis Balompié S.A.D.
[3839282] Could not find attributes for michael gregoritsch (Sport-Club Freiburg, 2022)
[3839282] Failed to build match row: Verein für Leibesübungen Wolfsburg vs Sport-Club Freiburg

Keepers & outfield error for **Vitória Sport Clube** in Clube Desportivo de Tondela vs Vitória Sport Clube: Numbers: 0 and 11.
[3621599] Failed to build match row: Clube Desportivo de Tondela vs Vitória Sport Clube

Keepers & outfield error for **Barnet FC** in Barnet FC vs Newport County: Numbers: 0 and 11.
[4363882] Could not find attributes for haris belkebla (Angers Sporting Club de l'Ouest, 2024)
[4363882] Failed to build match row: Angers Sporting Club de l'Ouest vs Stade brestois 29
[4634016] Failed to build match row: Barnet FC vs Newport County
[3844971] Failed to scrape lineup: https://www.transfermarkt.co.uk/ss-lazio_uc-sampdoria/index/spielbericht/3844971
[3468614] Could not find attributes for mike vestergard (Kolding IF, 2020)
[3427110] Could not find attributes for mattias johansson (Gençlerbirliği Spor Kulübü, 2020)
[4431134] Could not find attributes for fedor lapoukhov (Dinamo Minsk, 2024)
[3468614] Failed to build match row: Kolding IF vs Aarhus Gymnastik Forening
[3427110] Failed to build match row: Gençlerbirliği Spor Kulübü vs Erzurumspor FK
[4431134] Failed to build match row: Royal Sporting Club Anderlecht vs Dinamo Minsk

Keepers & outfield error for **Futebol Clube do Porto** in Futebol Clube do Porto vs FC Shakhtar Donetsk: Numbers: 0 and 11.
[4174085] Failed to build match row: Futebol Clube do Porto vs FC Shakhtar Donetsk
[4270170] Could not find attributes for antal yaakobishvili (Girona Fútbol Club S. A. D., 2023)
[4270170] Failed to build match row: Real Club Deportivo Mallorca S.A.D. vs Girona Fútbol Club S. A. D.
[4120949] Failed to scrape lineup: https://www.transfermarkt.co.uk/st-mirren-fc_ross-county-fc/index/spielbericht/4120949
[3661872] Failed to build match row: APS Atromitos Athinon vs Aris Thessalonikis

Keepers & outfield error for **Club Atlético Vélez Sársfield** in Club Atlético San Lorenzo de Almagro vs Club Atlético Vélez Sársfield: Numbers: 2 and 9.
[4408883] Could not find attributes for luka gugeshashvili (Panserraikos Serres, 2024)
[4798463] Failed to build match row: Club Atlético San Lorenzo de Almagro vs Club Atlético Vélez Sársfield
[4408883] Failed to build match row: Panserraikos Serres vs Athens Kallithea
[4145195] Could not find attributes for pano qirko (FK Partizani, 2023)
[4145195] Failed to build match row: FK Partizani vs Valmiera FC
[4098781] Failed to scrape lineup: https://www.transfermarkt.co.uk/kv-mechelen_kas-eupen/index/spielbericht/4098781
[4522590] Could not find attributes for zinedin smajlovic (Sandefjord Fotball, 2024)
[4361751] Could not find attributes for osman hadzikic (FK Velez Mostar, 2024)
[4522590] Failed to build match row: Sandefjord Fotball vs Hamarkameratene
[3598147] Could not find attributes for lior refaelov (Royal Sporting Club Anderlecht, 2021)
[3598147] Failed to build match row: Royal Sporting Club Anderlecht vs Koninklijke Atletiek Associatie Gent
[3613153] Failed to scrape lineup: https://www.transfermarkt.co.uk/konyaspor_gaziantep-fk/index/spielbericht/3613153
[4578320] Could not find attributes for zeteny jano (Grazer Athletiksport Klub 1902, 2024)
[4634017] Could not find attributes for theo carroll (Preston North End, 2025)
[4578320] Failed to build match row: Linzer Athletik-Sport-Klub vs Grazer Athletiksport Klub 1902
[3420736] Could not find attributes for yevgen volynets (FK Kolos Kovalivka, 2020)
[4634017] Failed to build match row: Barrow AFC vs Preston North End
[3589328] Could not find attributes for jemerson (Football Club de Metz, 2021)
[3420736] Failed to build match row: FK Kolos Kovalivka vs Desna Chernigiv
[4095339] Could not find attributes for vini souza (Sheffield United, 2023)
[3589328] Failed to build match row: Football Club de Metz vs Racing Club de Strasbourg Alsace
[4095339] Failed to build match row: Wolverhampton Wanderers Football Club vs Sheffield United
[4640834] Could not find attributes for dragan rosic (Fudbalski Klub Vojvodina, 2025)

Keepers & outfield error for **Gil Vicente Futebol Clube** in Gil Vicente Futebol Clube vs Futebol Clube do Porto: Numbers: 0 and 11.
[3427111] Could not find attributes for sokol cikalleshi (Konyaspor, 2020)
[4640834] Failed to build match row: Fudbalski Klub Vojvodina vs Fudbalski Klub Radnički Niš
[4109485] Failed to build match row: Gil Vicente Futebol Clube vs Futebol Clube do Porto
[3427111] Failed to build match row: Konyaspor vs MKE Ankaragücü
[3661873] Could not find attributes for matic kotnik (Volou Neos Podosferikos Syllogos, 2021)
[3661873] Failed to build match row: Volou Neos Podosferikos Syllogos vs A.G.S Asteras Tripolis
[3860265] Could not find attributes for kerim alici (Hatayspor, 2022)
[3860265] Failed to build match row: Sivasspor vs Hatayspor
[3735939] Failed to scrape lineup: https://www.transfermarkt.co.uk/spielbericht/index/spielbericht/3735939
[4715573] Could not find attributes for martijn koelewijn (FC Aalsmeer, 2025)
[4715573] Failed to build match row: FC Aalsmeer vs HZVV Hoogeveen
[4850697] Could not find attributes for dor turgeman (New England Revolution, 2025)
[4850697] Failed to build match row: Atlanta United Football Club vs New England Revolution
[4522591] Could not find attributes for menno koch (Sarpsborg 08 Fotballforening, 2024)
[3451029] Could not find attributes for antonio barragan (Elche Club de Fútbol S.A.D., 2020)
[4522591] Failed to build match row: Sarpsborg 08 Fotballforening vs Strømsgodset IF

Keepers & outfield error for **Villarreal Club de Fútbol S.A.D.** in Celta vs Villarreal Club de Fútbol S.A.D.: Numbers: 0 and 11.
[3451029] Failed to build match row: Villarreal Club de Fútbol S.A.D. vs Elche Club de Fútbol S.A.D.
[4649298] Could not find attributes for aleksandr soldatenkov (FK Sochi, 2025)
[4645528] Failed to build match row: Celta vs Villarreal Club de Fútbol S.A.D.
[4649298] Failed to build match row: FK Sochi vs Футбольный клуб "Локомотив" Москва
[4368448] Could not find attributes for jeppe simonsen (Sønderjyske Fodbold, 2024)
[4368448] Failed to build match row: Sønderjyske Fodbold vs Viborg Fodsports Forening

Keepers & outfield error for **CD Estepona FS** in CD Estepona FS vs Málaga CF: Numbers: 4 and 7.
[4472374] Failed to build match row: CD Estepona FS vs Málaga CF
[3613154] Could not find attributes for burak bekaroglu (Fatih Karagümrük Sportif Faaliyetler San. Tic. A.Ş., 2021)
[4145196] Could not find attributes for geordan dupire (Swift Hesperange, 2023)
[3613154] Failed to build match row: Trabzonspor Kulübü vs Fatih Karagümrük Sportif Faaliyetler San. Tic. A.Ş.
[4145196] Failed to build match row: Swift Hesperange vs Struga Trim & Lum
[3534563] Could not find attributes for japhet sery larsen (Fodbold Club Midtjylland, 2020)
[3661874] Could not find attributes for julian cuesta (Aris Thessalonikis, 2021)
[3589329] Could not find attributes for adil rami (ESTAC Troyes, 2021)
[3661874] Failed to build match row: Aris Thessalonikis vs Apollon Smyrnis
[3534563] Failed to build match row: Fodbold Club Midtjylland vs Sønderjyske Fodbold
[3589329] Failed to build match row: Montpellier HSC vs ESTAC Troyes
[4693236] Could not find attributes for dario denis (Boyacá Chicó FC, 2025)
[4693236] Failed to build match row: Boyacá Chicó FC vs Deportivo Cali
[3860266] Could not find attributes for gokhan akkan (MKE Ankaragücü, 2022)
[3860266] Failed to build match row: MKE Ankaragücü vs İstanbul Başakşehir Futbol Kulübü
[4109486] Could not find attributes for robson bambu (Futebol Clube de Arouca, 2023)
[4109486] Failed to build match row: Futebol Clube de Arouca vs Futebol Clube de Famalicão

Keepers & outfield error for **Galatasaray Spor Kulübü** in Konyaspor vs Galatasaray Spor Kulübü: Numbers: 2 and 9.
[4387822] Failed to build match row: Konyaspor vs Galatasaray Spor Kulübü
[3901577] Could not find attributes for moses usor (SK Slavia Praha, a.s., 2022)
[3901577] Failed to build match row: RKS Raków Częstochowa SA vs SK Slavia Praha, a.s.
[4095340] Could not find attributes for djordje petrovic (Chelsea Football Club, 2023)
[4095340] Failed to build match row: Brentford Football Club vs Chelsea Football Club

Keepers & outfield error for **Atalanta Bergamasca Calcio S.p.a.** in Associazione Calcio Milan vs Atalanta Bergamasca Calcio S.p.a.: Numbers: 2 and 9.
[3844973] Failed to build match row: Associazione Calcio Milan vs Atalanta Bergamasca Calcio S.p.a.
[3427112] Could not find attributes for sidney sam (Antalyaspor, 2020)
[3427112] Failed to build match row: Antalyaspor vs Sivasspor
[4363883] Failed to scrape lineup: https://www.transfermarkt.co.uk/losc-lille_fc-nantes/index/spielbericht/4363883
[3621600] Failed to scrape lineup: https://www.transfermarkt.co.uk/vitoria-guimaraes-sc_fc-pacos-de-ferreira/index/spielbericht/3621600
[3468615] Could not find attributes for magnus fredslund (Hvidovre IF, 2020)
[3420737] Could not find attributes for yuriy pankiv (FC Oleksandriya, 2020)
[3468615] Failed to build match row: Hvidovre IF vs Fodbold Club Nordsjælland
[4649299] Could not find attributes for aleksandr maksimenko (FK Spartak Moskva, 2025)
[3420737] Failed to build match row: FC Oleksandriya vs FC Rukh Lviv
[4649299] Failed to build match row: FK Spartak Moskva vs Akron Togliatti
[4640835] Could not find attributes for balsa popovic (Omladinski fudbalski klub Beograd, 2025)
Not enough players found for lineup: 0, 11.
[4373853] Could not find attributes for kevin muller (1. Fußballclub Heidenheim 1846, 2024)
[4578321] Could not find attributes for martin hinteregger (SK Austria Klagenfurt, 2024)
[4798464] Could not find attributes for eugenio raggio (Club Atlético Platense, 2025)
[4640835] Failed to build match row: Omladinski fudbalski klub Beograd vs Fudbalski klub Radnik Surdulica
[4715574] Failed to scrape lineup: https://www.transfermarkt.co.uk/spielbericht/index/spielbericht/4715574
[4625440] Could not find attributes for denis kolinger (NK Lokomotiva Zagreb, 2025)
[4578321] Failed to build match row: SK Austria Klagenfurt vs Sportclub Rheindorf Altach
[4798464] Failed to build match row: Club Atlético Central Córdoba vs Club Atlético Platense
[4373853] Failed to build match row: 1. Fußballclub Heidenheim 1846 vs VfL Bochum
[4625440] Failed to build match row: NK Lokomotiva Zagreb vs Hrvatski Nogometni Klub Rijeka
[3613155] Could not find attributes for shapi suleymanov (Giresunspor, 2021)
[4648034] Failed to scrape lineup: https://www.transfermarkt.co.uk/kocaelispor_goztepe/index/spielbericht/4648034
[4408884] Could not find attributes for jiri pavlenka (Panthessalonikios Athlitikos Omilos Konstantinoupoliton, 2024)
[4145197] Could not find attributes for tonny vilhena (Panathinaikos Athlitikos Omilos, 2023)
[3613155] Failed to build match row: Giresunspor vs Beşiktaş Jimnastik Kulübü
[4120950] Failed to scrape lineup: https://www.transfermarkt.co.uk/celtic-fc_heart-of-midlothian-fc/index/spielbericht/4120950
[4408884] Failed to build match row: Panthessalonikios Athlitikos Omilos Konstantinoupoliton vs A.G.S Asteras Tripolis
[4693237] Could not find attributes for miguel ortega (Llaneros FC, 2025)
[4693237] Failed to build match row: Llaneros FC vs Asociación Deportivo Pasto
[4145197] Failed to build match row: Panathinaikos Athlitikos Omilos vs Olympique de Marseille
[3534564] Could not find attributes for kamil grabara (Aarhus Gymnastik Forening, 2020)
[3534564] Failed to build match row: Aarhus Gymnastik Forening vs Randers Fodbold Club

Keepers & outfield error for **SC Farense** in SC Farense vs Moreirense Futebol Clube: Numbers: 2 and 9.
[4109487] Failed to build match row: SC Farense vs Moreirense Futebol Clube
[3661875] Could not find attributes for kenan piric (APS Atromitos Athinon, 2021)
[4398169] Could not find attributes for marquinhos (Ferencvárosi TC, 2024)

Keepers & outfield error for **Elche Club de Fútbol S.A.D.** in Elche Club de Fútbol S.A.D. vs Levante Unión Deportiva S.A.D.: Numbers: 0 and 11.
[3661875] Failed to build match row: APS Atromitos Athinon vs PAS Giannina
[4398169] Failed to build match row: Ferencvárosi TC vs The New Saints
[4645529] Failed to build match row: Elche Club de Fútbol S.A.D. vs Levante Unión Deportiva S.A.D.
[4361752] Could not find attributes for owen spiteri (Floriana FC, 2024)
[4361752] Failed to build match row: Floriana FC vs SP Tre Penne
[4095341] Could not find attributes for vitinho (Burnley Football Club, 2023)
[4095341] Failed to build match row: Burnley Football Club vs Association Football Club Bournemouth

Keepers & outfield error for **Boavista FC** in Clube Desportivo de Tondela vs Boavista FC: Numbers: 3 and 8.
[3621601] Failed to build match row: Clube Desportivo de Tondela vs Boavista FC
[3427113] Could not find attributes for lewis baker (Trabzonspor Kulübü, 2020)
[3427113] Failed to build match row: Trabzonspor Kulübü vs Kayserispor Kulübü
[4743310] Could not find attributes for juan duran (CF Rayo Majadahonda, 2025)
[4743310] Failed to build match row: CF Rayo Majadahonda vs CF Talavera de la Reina
[3603151] Could not find attributes for stephane omeonga (Livingston Football Club, 2021)
[3603151] Failed to build match row: Livingston Football Club vs The Celtic Football Club
[4640836] Could not find attributes for strahinja erakovic (Fudbalski klub Crvena zvezda Beograd, 2025)
[4640836] Failed to build match row: Fudbalski klub Crvena zvezda Beograd vs Fudbalski Klub Spartak Ždrepčeva krv
[4398170] Could not find attributes for chete (UE Santa Coloma, 2024)
[4398170] Failed to build match row: UE Santa Coloma vs Fodbold Club Midtjylland
[4625441] Could not find attributes for dario maresic (HNK Hajduk Split, 2025)
[4625441] Failed to build match row: HNK Hajduk Split vs NK Varazdin
[3613156] Could not find attributes for halil dervisoglu (Galatasaray Spor Kulübü, 2021)
[3613156] Failed to build match row: Galatasaray Spor Kulübü vs Yeni Malatyaspor
[3661876] Could not find attributes for branko vrgoc (Panetolikos Agrinio, 2021)

Keepers & outfield error for **1. Fußball- und Sportverein Mainz 05** in Verein für Bewegungsspiele Stuttgart 1893 vs 1. Fußball- und Sportverein Mainz 05: Numbers: 2 and 9.
[3661876] Failed to build match row: Panetolikos Agrinio vs Athlitiki Enosi Konstantinoupoleos
[3839284] Failed to build match row: Verein für Bewegungsspiele Stuttgart 1893 vs 1. Fußball- und Sportverein Mainz 05

Keepers & outfield error for **Fodbold Club Midtjylland** in Silkeborg Idrætsforening vs Fodbold Club Midtjylland: Numbers: 2 and 9.
[4693238] Could not find attributes for eder chaux (Independiente Medellín, 2025)
[4368450] Failed to build match row: Silkeborg Idrætsforening vs Fodbold Club Midtjylland
[4693238] Failed to build match row: Independiente Medellín vs Internacional de Bogotá
[4648035] Could not find attributes for ricardo velho (Gençlerbirliği Spor Kulübü, 2025)
[4648035] Failed to build match row: Gençlerbirliği Spor Kulübü vs Galatasaray Spor Kulübü

Keepers & outfield error for **Fodbold Club Midtjylland** in Sønderjyske Fodbold vs Fodbold Club Midtjylland: Numbers: 2 and 9.
[3534565] Failed to build match row: Sønderjyske Fodbold vs Fodbold Club Midtjylland
[4743311] Could not find attributes for kike bartual (CD Quintanar del Rey, 2025)
[4743311] Failed to build match row: CD Quintanar del Rey vs UD Ibiza
[4271738] Could not find attributes for callum fordyce (Airdrieonians FC, 2023)
[4271738] Failed to build match row: Airdrieonians FC vs St. Johnstone FC
[4649300] Could not find attributes for rustam yatimov (FK Rostov, 2025)
[4649300] Failed to build match row: FK Rostov vs FK Baltika
[3598150] Could not find attributes for mousa tamari (Oud-Heverlee Leuven, 2021)
[3598150] Failed to build match row: Oud-Heverlee Leuven vs KAS Eupen
[3901599] Failed to scrape lineup: https://www.transfermarkt.co.uk/spielbericht/index/spielbericht/3901599

Keepers & outfield error for **Futebol Clube do Porto** in FC Shakhtar Donetsk vs Futebol Clube do Porto: Numbers: 0 and 11.
[3420738] Could not find attributes for orest kostyk (PFK Lviv, 2020)
be do Porto
[3420738] Failed to build match row: PFK Lviv vs FK Mariupol
[4373855] Could not find attributes for alexis claude maurice (Fußball-Club Augsburg 1907, 2024)
[4373855] Failed to build match row: Fußball-Club Augsburg 1907 vs Holstein Kiel
[4078190] Could not find attributes for wai tsun dai (China, 2024)
[4078190] Failed to build match row: China vs Tajikistan
[3427114] Could not find attributes for irfan can egribayat (Göztepe Sportif Yatırımlar A.Ş., 2020)
[3427114] Failed to build match row: Göztepe Sportif Yatırımlar A.Ş. vs Çaykur Rizespor Kulübü
[4145198] Could not find attributes for tonny vilhena (Panathinaikos Athlitikos Omilos, 2023)
[4145198] Failed to build match row: Olympique de Marseille vs Panathinaikos Athlitikos Omilos
[3661877] Could not find attributes for vahid selimovic (Omilos Filathlon Irakliou FC, 2021)
[3661877] Failed to build match row: Omilos Filathlon Irakliou FC vs Panthessalonikios Athlitikos Omilos Konstantinoupoliton
[4271739] Could not find attributes for danny armstrong (Kilmarnock Football Club, 2023)
[4271739] Failed to build match row: Kilmarnock Football Club vs Dundee Football Club
[4850699] Could not find attributes for zakaria taifi (Orlando City Soccer Club, 2025)
[4850699] Failed to build match row: Orlando City Soccer Club vs Charlotte Football Club
[3839294] Could not find attributes for nikola soldo (1. Fußball-Club Köln, 2022)
[3839294] Failed to build match row: FC Bayern München vs 1. Fußball-Club Köln

Keepers & outfield error for **Eintracht Frankfurt Fußball AG** in 1. Fußball- und Sportverein Mainz 05 vs Eintracht Frankfurt Fußball AG: Numbers: 2 and 9.
[4078192] Failed to scrape lineup: https://www.transfermarkt.co.uk/spielbericht/index/spielbericht/4078192
[4640837] Could not find attributes for djordje skoko (Fudbalski Klub Javor Matis Ivanjica, 2025)
[4373856] Failed to build match row: 1. Fußball- und Sportverein Mainz 05 vs Eintracht Frankfurt Fußball AG
[4109489] Could not find attributes for nuno santos (Vitória Sport Clube, 2023)
[4640837] Failed to build match row: Fudbalski Klub Javor Matis Ivanjica vs Fudbalski Klub Spartak Ždrepčeva krv
[4109489] Failed to build match row: Vitória Sport Clube vs Casa Pia Atlético Clube
[4649301] Could not find attributes for sergey pesjakov (PFK Krylya Sovetov Samara, 2025)
[4649301] Failed to build match row: PFK Krylya Sovetov Samara vs Dinamo Makhachkala
[3860267] Failed to scrape lineup: https://www.transfermarkt.co.uk/adana-demirspor_galatasaray/index/spielbericht/3860267
[4387825] Failed to scrape lineup: https://www.transfermarkt.co.uk/basaksehir-fk_alanyaspor/index/spielbericht/4387825
[4408885] Failed to scrape lineup: https://www.transfermarkt.co.uk/aek-athens_atromitos-athens/index/spielbericht/4408885
[4522592] Could not find attributes for thomas kinn (Viking Fotballklubb, 2024)
[4522592] Failed to build match row: Viking Fotballklubb vs Tromsø Idrettslag
[4145199] Could not find attributes for yakiv kinareykin (SC Dnipro-1, 2023)
[4145199] Failed to build match row: SK Slavia Praha, a.s. vs SC Dnipro-1
[4398171] Could not find attributes for roi mishpati (Maccabi Tel Aviv, 2024)
[4398171] Failed to build match row: SC Fotbal Club FCSB SA vs Maccabi Tel Aviv
[4271740] Could not find attributes for duktm (Aberdeen Football Club, 2023)
[4271740] Failed to build match row: Aberdeen Football Club vs Bonnyrigg Rose FC
[4645530] Failed to scrape lineup: https://www.transfermarkt.co.uk/rcd-espanyol-barcelona_ca-osasuna/index/spielbericht/4645530
[4078193] Failed to scrape lineup: https://www.transfermarkt.co.uk/spielbericht/index/spielbericht/4078193

Keepers & outfield error for **Fatih Karagümrük Sportif Faaliyetler San. Tic. A.Ş.** in Fatih Karagümrük Sportif Faaliyetler San. Tic. A.Ş. vs Hatayspor: Numbers: 0 and 11.
[3950053] Could not find attributes for shaun byrne (Dundee Football Club, 2022)
[3427115] Failed to build match row: Fatih Karagümrük Sportif Faaliyetler San. Tic. A.Ş. vs Hatayspor
[3950053] Failed to build match row: Dundee Football Club vs Airdrieonians FC
[3736633] Could not find attributes for welat cagro (Nooit Opgeven Altijd Doorzetten Aangenaam Door Vermaak En Nuttig Door Ontspanning Combinatie Breda, 2021)
[3736633] Failed to build match row: Eindhovense Voetbalvereniging Philips Sport Vereniging vs Nooit Opgeven Altijd Doorzetten Aangenaam Door Vermaak En Nuttig Door Ontspanning Combinatie Breda
[4398172] Failed to scrape lineup: https://www.transfermarkt.co.uk/spielbericht/index/spielbericht/4398172
[4798465] Could not find attributes for fermin antonini (Club Atlético Gimnasia y Esgrima de Mendoza, 2025)
[4798465] Failed to build match row: Club Atlético Gimnasia y Esgrima de Mendoza vs Club Atlético Lanús
[3661878] Could not find attributes for lefteris choutesiotis (Ionikos Nikeas, 2021)
[3661878] Failed to build match row: Ionikos Nikeas vs PAS Lamia 1964

Keepers & outfield error for **Fodbold Club Midtjylland** in Fodbold Club Midtjylland vs Aalborg BK: Numbers: 2 and 9.
[4368452] Failed to build match row: Fodbold Club Midtjylland vs Aalborg BK

Keepers & outfield error for **Motherwell Football Club** in Motherwell Football Club vs Dundee Football Club: Numbers: 0 and 11.
[3603152] Failed to build match row: Motherwell Football Club vs Dundee Football Club
[4387826] Could not find attributes for samba camara (Sivasspor, 2024)
[4387826] Failed to build match row: Sivasspor vs Eyüp Spor Kulübü
[4109490] Could not find attributes for nilton (Club Football Estrela da Amadora, 2023)
[4109490] Failed to build match row: Club Football Estrela da Amadora vs GD Chaves
[4578323] Could not find attributes for joane gadou (Fußballclub Red Bull Salzburg, 2024)
[4578323] Failed to build match row: Fußballclub Red Bull Salzburg vs Fußballclub Blau-Weiß Linz
[3420739] Could not find attributes for volodymyr krynskyi (Ingulets Petrove, 2020)
[3420739] Failed to build match row: Ingulets Petrove vs Olimpik Donetsk
[3613158] Could not find attributes for munir el kajoui (Hatayspor, 2021)
[3613158] Failed to build match row: Hatayspor vs Sivasspor
[4648036] Could not find attributes for taylan antalyali (Çaykur Rizespor Kulübü, 2025)
[4648036] Failed to build match row: Fenerbahçe Spor Kulübü vs Çaykur Rizespor Kulübü
[3534566] Could not find attributes for tosin kehinde (Randers Fodbold Club, 2020)
[3534566] Failed to build match row: Randers Fodbold Club vs Aarhus Gymnastik Forening
Not enough players found for lineup: 0, 11.
[4715575] Failed to scrape lineup: https://www.transfermarkt.co.uk/spielbericht/index/spielbericht/4715575
[4743312] Could not find attributes for chete (RSD Alcalá, 2025)
[4743312] Failed to build match row: RSD Alcalá vs CD Tenerife
[4625442] Could not find attributes for marko zebic (GNK Dinamo Zagreb, 2025)
[4625442] Failed to build match row: GNK Dinamo Zagreb vs HNK Hajduk Split
[3950054] Could not find attributes for sam fisher (Dunfermline Athletic FC, 2022)
[3950054] Failed to build match row: Dunfermline Athletic FC vs Forfar Athletic FC
[3661879] Could not find attributes for zvonimir sarlija (Panathinaikos Athlitikos Omilos, 2021)
[3661879] Failed to build match row: Olympiakos Syndesmos Filathlon Peiraios vs Panathinaikos Athlitikos Omilos
[4120952] Could not find attributes for danny armstrong (Kilmarnock Football Club, 2023)
[4120952] Failed to build match row: Livingston Football Club vs Kilmarnock Football Club

Keepers & outfield error for **Fredrikstad Fotballklubb** in Fredrikstad Fotballklubb vs Fotballklubben Bodø/Glimt: Numbers: 2 and 9.
[4522593] Failed to build match row: Fredrikstad Fotballklubb vs Fotballklubben Bodø/Glimt
Not enough players found for lineup: 0, 0.

Keepers & outfield error for **Real Betis Balompié S.A.D.** in Real Betis Balompié S.A.D. vs Athletic Club Bilbao: Numbers: 0 and 11.
[3886468] Failed to build match row: Real Betis Balompié S.A.D. vs Athletic Club Bilbao
[3613159] Could not find attributes for ryan donk (Kasımpaşa A.Ş., 2021)
[3613159] Failed to build match row: Kasımpaşa A.Ş. vs Adana Demirspor
[3860269] Could not find attributes for strahil popov (Ümraniyespor, 2022)
[3860269] Failed to build match row: Konyaspor vs Ümraniyespor
[3736634] Could not find attributes for roy kuijpers (RKC Waalwijk, 2021)
[3736634] Failed to build match row: RKC Waalwijk vs Alkmaar Zaanstreek
[3427116] Could not find attributes for atiba hutchinson (Beşiktaş Jimnastik Kulübü, 2020)
[3427116] Failed to build match row: Beşiktaş Jimnastik Kulübü vs Alanyaspor
[4398173] Could not find attributes for tjay de barr (Lincoln Red Imps FC, 2024)
[4398173] Failed to build match row: Lincoln Red Imps FC vs Qarabağ FK
[4640838] Could not find attributes for adem avdic (Fudbalski klub Crvena zvezda Beograd, 2025)
[3603153] Could not find attributes for borna barisic (Rangers Football Club, 2021)
[4640838] Failed to build match row: Fudbalski klub Crvena zvezda Beograd vs Fudbalski klub Radnik Surdulica
[3603153] Failed to build match row: Rangers Football Club vs Aberdeen Football Club
[4648037] Could not find attributes for jadel katongo (Kayserispor Kulübü, 2025)
[4648037] Failed to build match row: Gaziantep Futbol Kulübü A.Ş. vs Kayserispor Kulübü
[4625443] Could not find attributes for josip silic (NK Varazdin, 2025)
[4625443] Failed to build match row: NK Varazdin vs NK Lokomotiva Zagreb
[3663114] Could not find attributes for jack murray (Buckie Thistle FC, 2021)
[3663114] Failed to build match row: Buckie Thistle FC vs Cumbernauld Colts FC
[4578324] Could not find attributes for philipp wiesinger (Fußballklub Austria Wien, 2024)
[4578324] Failed to build match row: Fußballklub Austria Wien vs RZ Pellets Wolfsberger Athletiksport Club
[3613160] Could not find attributes for mohammad naderi (Altay SK, 2021)
[3613160] Failed to build match row: Altay SK vs İstanbul Başakşehir Futbol Kulübü
Not enough players found for lineup: 11, 0.
[4715576] Failed to scrape lineup: https://www.transfermarkt.co.uk/spielbericht/index/spielbericht/4715576
[3535921] Could not find attributes for yuriy lodygin (PAS Giannina, 2020)
[3535921] Failed to build match row: PAS Giannina vs Olympiakos Syndesmos Filathlon Peiraios
[4640839] Could not find attributes for balsa popovic (Omladinski fudbalski klub Beograd, 2025)
[4640839] Failed to build match row: Omladinski fudbalski klub Beograd vs Fudbalski Klub Radnički Niš
[4078194] Failed to scrape lineup: https://www.transfermarkt.co.uk/spielbericht/index/spielbericht/4078194
[4578326] Failed to scrape lineup: https://www.transfermarkt.co.uk/grazer-ak-1902_scr-altach/index/spielbericht/4578326
[4472375] Could not find attributes for dan ojog (CD Atlético Paso, 2024)
[4472375] Failed to build match row: CD Atlético Paso vs CD Eldense
[4798467] Failed to scrape lineup: https://www.transfermarkt.co.uk/ca-barracas-central_club-atletico-belgrano/index/spielbericht/4798467
[3860270] Could not find attributes for campanharo (Kayserispor Kulübü, 2022)
[3860270] Failed to build match row: Kayserispor Kulübü vs Trabzonspor Kulübü

Keepers & outfield error for **Shamrock Rovers** in Shamrock Rovers vs AC Sparta Praha, a. s.: Numbers: 0 and 11.
[4398174] Failed to build match row: Shamrock Rovers vs AC Sparta Praha, a. s.
[4373858] Could not find attributes for rani khedira (1. Fußballclub Union Berlin, 2024)
[4373858] Failed to build match row: 1. Fußballclub Union Berlin vs Sportverein Werder Bremen von 1899
[4620943] Failed to scrape lineup: https://www.transfermarkt.co.uk/juventus-fc_ss-lazio/index/spielbericht/4620943
[3598153] Could not find attributes for vini souza (Yellow-Red Koninklijke Voetbalclub Mechelen, 2021)
[4645532] Could not find attributes for leander dendoncker (Real Oviedo S.A.D., 2025)
[3598153] Failed to build match row: Yellow-Red Koninklijke Voetbalclub Mechelen vs Royale Union Saint-Gilloise
[4645532] Failed to build match row: Real Oviedo S.A.D. vs Real Sociedad de Fútbol S.A.D.
[3433399] Failed to scrape lineup: https://www.transfermarkt.co.uk/ssc-napoli_juventus-fc/index/spielbericht/3433399
[4120954] Could not find attributes for sven sprangler (St. Johnstone FC, 2023)
[4120954] Failed to build match row: St. Johnstone FC vs Aberdeen Football Club
[4743313] Could not find attributes for dani gallardo (CD Guadalajara, 2025)
[4743313] Failed to build match row: CD Guadalajara vs CP Cacereño
[4648038] Could not find attributes for adem arous (Kasımpaşa A.Ş., 2025)
[4648038] Failed to build match row: İstanbul Başakşehir Futbol Kulübü vs Kasımpaşa A.Ş.
[3839296] Failed to scrape lineup: https://www.transfermarkt.co.uk/sc-freiburg_eintracht-frankfurt/index/spielbericht/3839296
[3427117] Could not find attributes for marvin bakalorz (Denizlispor, 2020)
[3427117] Failed to build match row: Denizlispor vs Kasımpaşa A.Ş.
[4640840] Could not find attributes for dragan rosic (Fudbalski Klub Vojvodina, 2025)
[4640840] Failed to build match row: Fudbalski Klub Vojvodina vs Fudbalski Klub IMT Novi Beograd
[4174423] Could not find attributes for anton shunin (FK Dinamo Moskva, 2023)
[4174423] Failed to build match row: FK Dinamo Moskva vs FK Nizhny Novgorod
[4361753] Failed to scrape lineup: https://www.transfermarkt.co.uk/spielbericht/index/spielbericht/4361753
[4431136] Could not find attributes for jonas svensson (Beşiktaş Jimnastik Kulübü, 2024)
[4431136] Failed to build match row: Beşiktaş Jimnastik Kulübü vs FC Lugano
[3535922] Could not find attributes for amr warda (Panthessalonikios Athlitikos Omilos Konstantinoupoliton, 2020)
[3535922] Failed to build match row: Panthessalonikios Athlitikos Omilos Konstantinoupoliton vs Athlitiki Enosi Konstantinoupoleos

Keepers & outfield error for **Club Atlético Osasuna** in Real Sociedad de Fútbol S.A.D. vs Club Atlético Osasuna: Numbers: 2 and 9.
[3886469] Failed to build match row: Real Sociedad de Fútbol S.A.D. vs Club Atlético Osasuna

Keepers & outfield error for **Fulham Football Club** in Fulham Football Club vs Brighton and Hove Albion Football Club: Numbers: 2 and 9.
[4095343] Failed to build match row: Fulham Football Club vs Brighton and Hove Albion Football Club
[4109491] Could not find attributes for sava petrov (FC Vizela, 2023)
[4109491] Failed to build match row: FC Vizela vs Grupo Desportivo Estoril Praia

Keepers & outfield error for **Trabzonspor Kulübü** in Trabzonspor Kulübü vs Kayserispor Kulübü: Numbers: 2 and 9.
[4387827] Failed to build match row: Trabzonspor Kulübü vs Kayserispor Kulübü
[3950055] Could not find attributes for ewen macdonald (Formartine United FC, 2022)
[3950055] Failed to build match row: Formartine United FC vs Stenhousemuir FC
[3451034] Failed to scrape lineup: https://www.transfermarkt.co.uk/sd-huesca_deportivo-alaves/index/spielbericht/3451034
[4522594] Failed to scrape lineup: https://www.transfermarkt.co.uk/hamarkameratene_kfum-kameratene-oslo/index/spielbericht/4522594
[4368454] Failed to scrape lineup: https://www.transfermarkt.co.uk/silkeborg-if_viborg-ff/index/spielbericht/4368454
[3736636] Could not find attributes for cuco martina (Go Ahead Eagles, 2021)

Keepers & outfield error for **Shamrock Rovers** in AC Sparta Praha, a. s. vs Shamrock Rovers: Numbers: 0 and 11.
[4472376] Could not find attributes for kike royo (UD Logroñés, 2024)
[3736636] Failed to build match row: Nijmegen Eendracht Combinatie vs Go Ahead Eagles
[4398252] Failed to build match row: AC Sparta Praha, a. s. vs Shamrock Rovers
[4472376] Failed to build match row: UD Logroñés vs SD Eibar
[4798468] Could not find attributes for alexis steimbach (Club de Gimnasia y Esgrima La Plata, 2025)
[3901600] Could not find attributes for pavels steinbors (FC RFS, 2022)
[4798468] Failed to build match row: Club de Gimnasia y Esgrima La Plata vs Asociación Atlética Estudiantes
[3901600] Failed to build match row: FC RFS vs Linfield FC
[3613161] Could not find attributes for kenan piric (Göztepe Sportif Yatırımlar A.Ş., 2021)
Not enough players found for lineup: 0, 11.
[3613161] Failed to build match row: Fenerbahçe Spor Kulübü vs Göztepe Sportif Yatırımlar A.Ş.
[4120955] Could not find attributes for georgie gent (Motherwell Football Club, 2023)
[4715577] Failed to scrape lineup: https://www.transfermarkt.co.uk/spielbericht/index/spielbericht/4715577
[4120955] Failed to build match row: Saint Mirren Football Club vs Motherwell Football Club
[3468616] Could not find attributes for nicolaj bjerregaard (Ledöje-Smörum Fodbold, 2020)
[3468616] Failed to build match row: Ledöje-Smörum Fodbold vs Brøndby Idrætsforening

Keepers & outfield error for **1. Fußball- und Sportverein Mainz 05** in 1. Fußball- und Sportverein Mainz 05 vs Borussia Dortmund: Numbers: 2 and 9.
[3839297] Failed to build match row: 1. Fußball- und Sportverein Mainz 05 vs Borussia Dortmund
[4625444] Failed to scrape lineup: https://www.transfermarkt.co.uk/hnk-rijeka_hnk-vukovar-1991/index/spielbericht/4625444
[4620944] Could not find attributes for jesper karlstrom (Udinese Calcio, 2025)
[4408886] Could not find attributes for marios vichos (APO Levadiakos Football Club, 2024)
[4620944] Failed to build match row: Unione Sportiva Lecce vs Udinese Calcio
salonikis

Keepers & outfield error for **Aston Villa Football Club** in Luton Town vs Aston Villa Football Club: Numbers: 0 and 11.
[4095344] Failed to build match row: Luton Town vs Aston Villa Football Club
[4798469] Failed to scrape lineup: https://www.transfermarkt.co.uk/ca-rosario-central_ca-sarmiento-junin-/index/spielbericht/4798469
[4693239] Could not find attributes for bleiner agron (Envigado FC, 2025)
[4693239] Failed to build match row: Envigado FC vs Deportivo Pereira
[3433401] Could not find attributes for ardian ismajli (Spezia Calcio, 2020)
[3433401] Failed to build match row: Spezia Calcio vs Associazione Calcio Milan
[3535923] Could not find attributes for jose cholevas (Olympiakos Syndesmos Filathlon Peiraios, 2020)
[3535923] Failed to build match row: Olympiakos Syndesmos Filathlon Peiraios vs PAS Giannina
[4578327] Failed to scrape lineup: https://www.transfermarkt.co.uk/tsv-hartberg_lask/index/spielbericht/4578327
[3469006] Could not find attributes for athanasios garavelis (Volou Neos Podosferikos Syllogos, 2020)
[3469006] Failed to build match row: Volou Neos Podosferikos Syllogos vs PAS Giannina
[4398253] Could not find attributes for chete (UE Santa Coloma, 2024)
[4398253] Failed to build match row: Fodbold Club Midtjylland vs UE Santa Coloma
[3950056] Could not find attributes for joe barbour (Fraserburgh FC, 2022)

Keepers & outfield error for **Associazione Calcio Milan** in Associazione Calcio Milan vs Calcio Como: Numbers: 2 and 9.
[3950056] Failed to build match row: Fraserburgh FC vs Arbroath FC
[4620945] Failed to build match row: Associazione Calcio Milan vs Calcio Como
[4649302] Could not find attributes for igor akinfeev (PFK CSKA Moskva, 2025)
[4649302] Failed to build match row: PFK CSKA Moskva vs FK Dinamo Moskva
[4522596] Could not find attributes for anders bondhus (FK Haugesund, 2024)
[4522596] Failed to build match row: Molde Fotballklubb vs FK Haugesund
[3603155] Failed to scrape lineup: https://www.transfermarkt.co.uk/dundee-fc_ross-county-fc/index/spielbericht/3603155
[3589331] Could not find attributes for nabil bentaleb (Angers Sporting Club de l'Ouest, 2021)
[3589331] Failed to build match row: Football Club Lorient-Bretagne Sud vs Angers Sporting Club de l'Ouest
[4743314] Failed to scrape lineup: https://www.transfermarkt.co.uk/spielbericht/index/spielbericht/4743314
[3663115] Could not find attributes for dale cornet (Haddington Athletic FC, 2021)
[3663115] Failed to build match row: Haddington Athletic FC vs Deveronvale FC
[3427118] Failed to scrape lineup: https://www.transfermarkt.co.uk/yeni-malatyaspor_fenerbahce/index/spielbericht/3427118
[4271741] Could not find attributes for jeremiah chilokoa mullen (Inverness Caledonian Thistle FC, 2023)
[4271741] Failed to build match row: Inverness Caledonian Thistle FC vs Hibernian Football Club

Keepers & outfield error for **Oud-Heverlee Leuven** in KAS Eupen vs Oud-Heverlee Leuven: Numbers: 0 and 11.
[4098789] Failed to build match row: KAS Eupen vs Oud-Heverlee Leuven
[4625445] Could not find attributes for nikola curcija (NK Osijek s.d.d., 2025)

Keepers & outfield error for **Futebol Clube do Porto** in Futebol Clube do Porto vs Clube Desportivo de Tondela: Numbers: 0 and 11.
[3536491] Could not find attributes for dmytro riznyk (Vorskla Poltava, 2020)
[3621603] Failed to build match row: Futebol Clube do Porto vs Clube Desportivo de Tondela

Keepers & outfield error for **Fortaleza CEIF** in Fortaleza CEIF vs Independiente Santa Fe: Numbers: 4 and 7.
[4625445] Failed to build match row: NK Osijek s.d.d. vs NK Istra 1961
[3536491] Failed to build match row: Vorskla Poltava vs FC Shakhtar Donetsk
[4640841] Failed to scrape lineup: https://www.transfermarkt.co.uk/fk-tsc-backa-topola_fk-napredak-krusevac/index/spielbericht/4640841
[4174424] Failed to scrape lineup: https://www.transfermarkt.co.uk/cska-moscow_krylya-sovetov-samara/index/spielbericht/4174424
[4693240] Failed to build match row: Fortaleza CEIF vs Independiente Santa Fe
[4431137] Failed to scrape lineup: https://www.transfermarkt.co.uk/spielbericht/index/spielbericht/4431137
[4373870] Could not find attributes for alexis claude maurice (Fußball-Club Augsburg 1907, 2024)
[4361754] Could not find attributes for gustas baliutavicius (FA Siauliai, 2024)
 Fußball-Club Augsburg 1907
[3613162] Could not find attributes for yannick bolasie (Çaykur Rizespor Kulübü, 2021)
[4361754] Failed to build match row: FA Siauliai vs FCI Levadia
[3613162] Failed to build match row: Kayserispor Kulübü vs Çaykur Rizespor Kulübü
[4472377] Could not find attributes for noel carbonell (CE Europa, 2024)
[4472377] Failed to build match row: CE Europa vs Albacete Balompié
[4120956] Could not find attributes for liam scales (The Celtic Football Club, 2023)
[4120956] Failed to build match row: The Celtic Football Club vs Livingston Football Club
[3739470] Could not find attributes for frankie musonda (Raith Rovers FC, 2021)
[3739470] Failed to build match row: The Celtic Football Club vs Raith Rovers FC
[3860273] Could not find attributes for arthur masuaku (Beşiktaş Jimnastik Kulübü, 2022)
[3860273] Failed to build match row: Beşiktaş Jimnastik Kulübü vs Fatih Karagümrük Sportif Faaliyetler San. Tic. A.Ş.
Not enough players found for lineup: 0, 0.
[4398254] Could not find attributes for roi mishpati (Maccabi Tel Aviv, 2024)
[4398254] Failed to build match row: Maccabi Tel Aviv vs SC Fotbal Club FCSB SA
[4715578] Failed to scrape lineup: https://www.transfermarkt.co.uk/spielbericht/index/spielbericht/4715578
[3839298] Failed to scrape lineup: https://www.transfermarkt.co.uk/tsg-1899-hoffenheim_vfb-stuttgart/index/spielbericht/3839298
[4578328] Could not find attributes for keanan bennetts (SK Austria Klagenfurt, 2024)
[4578328] Failed to build match row: Wattener Sportgemeinschaft Swarovski Tirol vs SK Austria Klagenfurt
[4648039] Could not find attributes for musah mohammed (Göztepe Sportif Yatırımlar A.Ş., 2025)
[4649303] Could not find attributes for anton mitryushkin (Футбольный клуб "Локомотив" Москва, 2025)
[4649303] Failed to build match row: Футбольный клуб "Локомотив" Москва vs RFK Akhmat Grozny
[4648039] Failed to build match row: Göztepe Sportif Yatırımlar A.Ş. vs Antalyaspor
[3427119] Could not find attributes for kevin mirallas (Gaziantep Futbol Kulübü A.Ş., 2020)

Keepers & outfield error for **Real Sociedad de Fútbol S.A.D.** in Real Sociedad de Fútbol S.A.D. vs SD Eibar: Numbers: 0 and 11.
[3427119] Failed to build match row: Gaziantep Futbol Kulübü A.Ş. vs İstanbul Başakşehir Futbol Kulübü
[3451037] Failed to build match row: Real Sociedad de Fútbol S.A.D. vs SD Eibar
[4693241] Could not find attributes for danovis banguero (Millonarios FC, 2025)
[3469007] Could not find attributes for zacharie boucher (Aris Thessalonikis, 2020)
[4693241] Failed to build match row: Millonarios FC vs Junior FC
[3469007] Failed to build match row: Aris Thessalonikis vs Apollon Smyrnis
[4174425] Could not find attributes for giorgiy shelia (RFK Akhmat Grozny, 2023)
[4120957] Could not find attributes for mohamad sylla (Dundee Football Club, 2023)
[4174425] Failed to build match row: RFK Akhmat Grozny vs FK Krasnodar
[4120957] Failed to build match row: Dundee Football Club vs Aberdeen Football Club
[4095345] Failed to scrape lineup: https://www.transfermarkt.co.uk/manchester-city_manchester-united/index/spielbericht/4095345
[4408887] Failed to scrape lineup: https://www.transfermarkt.co.uk/ofi-crete-fc_asteras-aktor/index/spielbericht/4408887
[4798470] Failed to scrape lineup: https://www.transfermarkt.co.uk/club-atletico-tigre_ca-huracan/index/spielbericht/4798470
[3536492] Could not find attributes for igor lytovka (Desna Chernigiv, 2020)
[3536492] Failed to build match row: Desna Chernigiv vs Olimpik Donetsk
[3739472] Could not find attributes for barrie mckay (Heart of Midlothian Football Club, 2021)
[3621604] Could not find attributes for nino galovic (Futebol Clube de Arouca, 2021)
[3739472] Failed to build match row: Heart of Midlothian Football Club vs Livingston Football Club
[3621604] Failed to build match row: Futebol Clube de Arouca vs Gil Vicente Futebol Clube
[3420824] Could not find attributes for nampalys mendy (Leicester City, 2020)
[3420824] Failed to build match row: West Bromwich Albion vs Leicester City
[3613163] Could not find attributes for burak bekaroglu (Fatih Karagümrük Sportif Faaliyetler San. Tic. A.Ş., 2021)
[3613163] Failed to build match row: Fatih Karagümrük Sportif Faaliyetler San. Tic. A.Ş. vs Giresunspor
[4431138] Could not find attributes for veljko ilic (Fudbalski klub TSC Bačka Topola, 2024)
[4431138] Failed to build match row: Fudbalski klub TSC Bačka Topola vs Maccabi Tel Aviv
[4271742] Could not find attributes for liam scales (The Celtic Football Club, 2023)
[4578329] Could not find attributes for joane gadou (Fußballclub Red Bull Salzburg, 2024)
[4271742] Failed to build match row: Saint Mirren Football Club vs The Celtic Football Club
[3844978] Could not find attributes for giuseppe pezzella (Unione Sportiva Lecce, 2022)
[4578329] Failed to build match row: Fußballclub Red Bull Salzburg vs Sportklub Puntigamer Sturm Graz
[3844978] Failed to build match row: Football Club Internazionale Milano S.p.A. vs Unione Sportiva Lecce
[4850701] Could not find attributes for antonio carlos (Houston Dynamo, 2025)
[4850701] Failed to build match row: Houston Dynamo vs San Diego Football Club
[3433402] Failed to scrape lineup: https://www.transfermarkt.co.uk/hellas-verona_parma-calcio-1913/index/spielbericht/3433402
[4640842] Could not find attributes for sasa stamenkovic (Fudbalski Klub Mladost Lučani, 2025)
[4640842] Failed to build match row: Fudbalski Klub Mladost Lučani vs FK Radnički 1923 Kragujevac
[4145200] Could not find attributes for mario pavelic (FK Zalgiris Vilnius, 2023)

Keepers & outfield error for **CS Marítimo** in CS Marítimo vs B SAD: Numbers: 0 and 11.
[3621605] Failed to build match row: CS Marítimo vs B SAD
[4145200] Failed to build match row: FK Zalgiris Vilnius vs BK Häcken
[4648040] Could not find attributes for wagner pina (Trabzonspor Kulübü, 2025)
[4648040] Failed to build match row: Konyaspor vs Trabzonspor Kulübü
[4078196] Failed to scrape lineup: https://www.transfermarkt.co.uk/spielbericht/index/spielbericht/4078196
Not enough players found for lineup: 0, 0.
[4715579] Failed to scrape lineup: https://www.transfermarkt.co.uk/spielbericht/index/spielbericht/4715579
[3839299] Could not find attributes for arne engels (Fußball-Club Augsburg 1907, 2022)
[3839299] Failed to build match row: Fußball-Club Augsburg 1907 vs Mönchengladbach
[4522599] Could not find attributes for menno koch (Sarpsborg 08 Fotballforening, 2024)
[4522599] Failed to build match row: Viking Fotballklubb vs Sarpsborg 08 Fotballforening
[4271743] Could not find attributes for jamie sneddon (Partick Thistle FC, 2023)
[3886470] Failed to scrape lineup: https://www.transfermarkt.co.uk/real-valladolid-cf_real-madrid/index/spielbericht/3886470
[3589332] Failed to scrape lineup: https://www.transfermarkt.co.uk/olympique-marseille_losc-lille/index/spielbericht/3589332
[3901602] Failed to scrape lineup: https://www.transfermarkt.co.uk/spielbericht/index/spielbericht/3901602
[3469008] Could not find attributes for jose cholevas (Olympiakos Syndesmos Filathlon Peiraios, 2020)
[4109492] Failed to scrape lineup: https://www.transfermarkt.co.uk/sc-braga_sl-benfica/index/spielbericht/4109492
[4271743] Failed to build match row: Partick Thistle FC vs Livingston Football Club
[4649304] Could not find attributes for jhon alex palacios (FC Orenburg, 2025)
[3469008] Failed to build match row: Olympiakos Syndesmos Filathlon Peiraios vs APS Atromitos Athinon
[4649304] Failed to build match row: FC Orenburg vs AO FK Zenit Sankt-Peterburg
[4398255] Could not find attributes for mustapha yahaya (Lincoln Red Imps FC, 2024)

Keepers & outfield error for **Deportes Tolima** in Once Caldas vs Deportes Tolima: Numbers: 2 and 9.
[4398255] Failed to build match row: Qarabağ FK vs Lincoln Red Imps FC

Keepers & outfield error for **Real Valladolid CF** in Real Valladolid CF vs Club Atlético Osasuna: Numbers: 2 and 9.
[4693242] Failed to build match row: Once Caldas vs Deportes Tolima
[3451038] Failed to build match row: Real Valladolid CF vs Club Atlético Osasuna
[4174427] Could not find attributes for evgeniy latyshonok (FK Baltika, 2023)

Keepers & outfield error for **Gil Vicente Futebol Clube** in Gil Vicente Futebol Clube vs Clube Desportivo de Tondela: Numbers: 0 and 11.
[3613164] Could not find attributes for uros spajic (Kasımpaşa A.Ş., 2021)
[4174427] Failed to build match row: FK Baltika vs FK Rostov
[3621606] Failed to build match row: Gil Vicente Futebol Clube vs Clube Desportivo de Tondela
[4640843] Failed to scrape lineup: https://www.transfermarkt.co.uk/fk-cukaricki_fk-partizan-belgrade/index/spielbericht/4640843
[4098790] Failed to scrape lineup: https://www.transfermarkt.co.uk/kv-kortrijk_standard-liege/index/spielbericht/4098790
[3613164] Failed to build match row: Beşiktaş Jimnastik Kulübü vs Kasımpaşa A.Ş.
[4146551] Could not find attributes for domagoj vida (Athlitiki Enosi Konstantinoupoleos, 2023)
[3663116] Could not find attributes for aidan berry (Cumnock Juniors FC, 2021)
[3663116] Failed to build match row: Cumnock Juniors FC vs Formartine United FC
[4146551] Failed to build match row: Athlitiki Enosi Konstantinoupoleos vs GNK Dinamo Zagreb
[4798472] Could not find attributes for ignacio pais (Club Atlético Banfield, 2025)
[4798472] Failed to build match row: Club Atlético Banfield vs Club Sportivo Independiente Rivadavia

Keepers & outfield error for **Motherwell Football Club** in Motherwell Football Club vs Saint Mirren Football Club: Numbers: 0 and 11.
[3603158] Failed to build match row: Motherwell Football Club vs Saint Mirren Football Club
[4373871] Failed to scrape lineup: https://www.transfermarkt.co.uk/bayern-munich_borussia-monchengladbach/index/spielbericht/4373871
[4431139] Could not find attributes for marc mcnulty (Shamrock Rovers, 2024)
[4431139] Failed to build match row: Shamrock Rovers vs Panthessalonikios Athlitikos Omilos Konstantinoupoliton

Keepers & outfield error for **Villarreal Club de Fútbol S.A.D.** in Villarreal Club de Fútbol S.A.D. vs Valencia Club de Fútbol S. A. D.: Numbers: 2 and 9.
[3886471] Failed to build match row: Villarreal Club de Fútbol S.A.D. vs Valencia Club de Fútbol S. A. D.
[4578330] Could not find attributes for andrija radulovic (Sportklub Rapid, 2024)
[3860274] Failed to scrape lineup: https://www.transfermarkt.co.uk/sivasspor_alanyaspor/index/spielbericht/3860274

Keepers & outfield error for **Futebol Clube do Porto** in Sporting Clube de Portugal vs Futebol Clube do Porto: Numbers: 0 and 11.
[4578330] Failed to build match row: Sportklub Rapid vs Fußballklub Austria Wien
[4109493] Failed to build match row: Sporting Clube de Portugal vs Futebol Clube do Porto

Keepers & outfield error for **Alanyaspor** in Alanyaspor vs Samsunspor: Numbers: 0 and 11.
[4648041] Failed to build match row: Alanyaspor vs Samsunspor
[4271744] Could not find attributes for darragh oconnor (Greenock Morton FC, 2023)
[4271744] Failed to build match row: Greenock Morton FC vs Motherwell Football Club
[3469009] Could not find attributes for boy waterman (Omilos Filathlon Irakliou FC, 2020)
[3469009] Failed to build match row: Omilos Filathlon Irakliou FC vs Panathinaikos Athlitikos Omilos
[4693243] Could not find attributes for joaquin mattalia (Unión Magdalena, 2025)
[4693243] Failed to build match row: Unión Magdalena vs Alianza FC
[4850702] Could not find attributes for sergi solans (Real Salt Lake, 2025)
[3621607] Could not find attributes for nino galovic (Futebol Clube de Arouca, 2021)
[4850702] Failed to build match row: Real Salt Lake vs Club Internacional de Fútbol Miami
[3621607] Failed to build match row: Futebol Clube de Arouca vs Moreirense Futebol Clube
[4640844] Could not find attributes for zeljko samcovic (Fudbalski Klub Novi Pazar, 2025)
[4640844] Failed to build match row: Fudbalski Klub Novi Pazar vs Železničar Pančevo
[4645538] Could not find attributes for jose gaya (Valencia Club de Fútbol S. A. D., 2025)
[4522600] Could not find attributes for mikkel konradsen ceide (Rosenborg Ballklub, 2024)
[4645538] Failed to build match row: Espanol vs Valencia Club de Fútbol S. A. D.
[4522600] Failed to build match row: Rosenborg Ballklub vs Bryne FK
[4634021] Failed to scrape lineup: https://www.transfermarkt.co.uk/spielbericht/index/spielbericht/4634021
[4398256] Could not find attributes for vytautas cerniauskas (FK Panevezys, 2024)
[4398256] Failed to build match row: Jagiellonia-Bialystok Sportowa Spólka Akcyjna vs FK Panevezys
Not enough players found for lineup: 0, 0.
[3901603] Failed to scrape lineup: https://www.transfermarkt.co.uk/spielbericht/index/spielbericht/3901603
[3886472] Could not find attributes for theo bongonda (Cádiz CF, 2022)
[3886472] Failed to build match row: Cádiz CF vs UD Almería
[4361755] Could not find attributes for nathan peate (Bala Town, 2024)
[4361755] Failed to build match row: Bala Town vs Paide Linnameeskond
[4743315] Could not find attributes for nico baleani (CE Constància, 2025)
[4743315] Failed to build match row: CE Constància vs Girona Fútbol Club S. A. D.
[4693244] Failed to scrape lineup: https://www.transfermarkt.co.uk/cd-america-de-cali_atletico-nacional/index/spielbericht/4693244

Keepers & outfield error for **Football Club de Nantes** in Football Club de Nantes vs Association sportive de Monaco Football Club: Numbers: 2 and 9.
[4368457] Failed to scrape lineup: https://www.transfermarkt.co.uk/vejle-boldklub_fc-nordsjaelland/index/spielbericht/4368457
[4363888] Failed to build match row: Football Club de Nantes vs Association sportive de Monaco Football Club

Keepers & outfield error for **Club Sportivo Independiente Rivadavia** in Club Sportivo Independiente Rivadavia vs Club Atlético Gimnasia y Esgrima de Mendoza: Numbers: 0 and 11.
[4798473] Failed to build match row: Club Sportivo Independiente Rivadavia vs Club Atlético Gimnasia y Esgrima de Mendoza
[3451040] Could not find attributes for javi ontiveros (SD Huesca, 2020)
[3451040] Failed to build match row: Athletic Club Bilbao vs SD Huesca
[3739473] Failed to scrape lineup: https://www.transfermarkt.co.uk/spielbericht/index/spielbericht/3739473

Keepers & outfield error for **Aberdeen Football Club** in Rangers Football Club vs Aberdeen Football Club: Numbers: 2 and 9.
[3603159] Failed to build match row: Rangers Football Club vs Aberdeen Football Club
 2023)
[4095347] Failed to build match row: Nottingham Forest Football Club vs Liverpool Football Club
[4431140] Could not find attributes for filip manojlovic (FK Borac Banja Luka, 2024)
[4431140] Failed to build match row: FK Borac Banja Luka vs Ferencvárosi TC
[4522601] Could not find attributes for daniel schneider (KFUM-Kameratene Oslo, 2024)
[4522601] Failed to build match row: KFUM-Kameratene Oslo vs Sarpsborg 08 Fotballforening
[3901604] Could not find attributes for aldin skenderovic (F91 Dudelange, 2022)
[3901604] Failed to build match row: KKS Lech Poznań Spółka Akcyjna vs F91 Dudelange

Keepers & outfield error for **Levante Unión Deportiva S.A.D.** in Levante Unión Deportiva S.A.D. vs Real Madrid Club de Fútbol: Numbers: 0 and 11.
[4645539] Failed to build match row: Levante Unión Deportiva S.A.D. vs Real Madrid Club de Fútbol
[4648042] Could not find attributes for igor lichnovsky (Fatih Karagümrük Sportif Faaliyetler San. Tic. A.Ş., 2025)
[4648042] Failed to build match row: Beşiktaş Jimnastik Kulübü vs Fatih Karagümrük Sportif Faaliyetler San. Tic. A.Ş.
[4120959] Failed to scrape lineup: https://www.transfermarkt.co.uk/kilmarnock-fc_st-johnstone-fc/index/spielbericht/4120959
[3663117] Failed to build match row: Dalbeattie Star FC vs Newtongrange Star FC
[4620947] Failed to scrape lineup: https://www.transfermarkt.co.uk/us-sassuolo_inter-milan/index/spielbericht/4620947
[4640845] Could not find attributes for dimitrije minic (Fudbalski Klub Spartak Ždrepčeva krv, 2025)
[4640845] Failed to build match row: Fudbalski Klub Spartak Ždrepčeva krv vs Fudbalski Klub Javor Matis Ivanjica
[3739474] Could not find attributes for jamie sneddon (Partick Thistle FC, 2021)
[3739474] Failed to build match row: Partick Thistle FC vs Dundee United Football Club
[4408888] Failed to scrape lineup: https://www.transfermarkt.co.uk/panathinaikos-fc_volos-nfc/index/spielbericht/4408888
[4798474] Could not find attributes for yoshan valois (Club Atlético Lanús, 2025)
[4398257] Could not find attributes for rory holden (The New Saints, 2024)
[4798474] Failed to build match row: Club Atlético Lanús vs Club Atlético Central Córdoba
[4693245] Could not find attributes for wuilker farinez (Rionegro Águilas, 2025)
[4693245] Failed to build match row: Atlético Bucaramanga vs Rionegro Águilas
[4398257] Failed to build match row: The New Saints vs Ferencvárosi TC
[3886480] Could not find attributes for abde ezzalzouli (Club Atlético Osasuna, 2022)
[3886480] Failed to build match row: Athletic Club Bilbao vs Club Atlético Osasuna
[4363889] Could not find attributes for ayyoub bouaddi (Lille Olympique Sporting Club, 2024)
[4578331] Could not find attributes for modou keba cisse (Linzer Athletik-Sport-Klub, 2024)
[4363889] Failed to build match row: Association de la Jeunesse auxerroise vs Lille Olympique Sporting Club
[4578331] Failed to build match row: Linzer Athletik-Sport-Klub vs Wattener Sportgemeinschaft Swarovski Tirol
[4472378] Could not find attributes for chiqui (Pontevedra CF, 2024)
[4472378] Failed to build match row: Pontevedra CF vs Levante Unión Deportiva S.A.D.
[4648043] Could not find attributes for luccas claro (Eyüp Spor Kulübü, 2025)
[4648043] Failed to build match row: Eyüp Spor Kulübü vs Gaziantep Futbol Kulübü A.Ş.
[4361756] Could not find attributes for gianluca vivan (La Fiorita 1967, 2024)
[4361756] Failed to build match row: La Fiorita 1967 vs Isloch Minsk Region
[4649305] Failed to scrape lineup: https://www.transfermarkt.co.uk/rubin-kazan_fc-krasnodar/index/spielbericht/4649305
[4620948] Could not find attributes for sandi lovric (Verona Hellas Football Club, 2025)
[4620948] Failed to build match row: Verona Hellas Football Club vs Pisa Sporting Club
Not enough players found for lineup: 0, 0.
[4640846] Could not find attributes for sadick abubakar (Fudbalski klub Radnik Surdulica, 2025)
[4715580] Failed to scrape lineup: https://www.transfermarkt.co.uk/spielbericht/index/spielbericht/4715580
[4640846] Failed to build match row: Fudbalski klub Radnik Surdulica vs Fudbalski klub Crvena zvezda Beograd
[3537799] Could not find attributes for ansgar knauff (Borussia Dortmund, 2020)
[4146552] Failed to scrape lineup: https://www.transfermarkt.co.uk/spielbericht/index/spielbericht/4146552
[3613165] Failed to scrape lineup: https://www.transfermarkt.co.uk/altay-sk_galatasaray/index/spielbericht/3613165
[3537799] Failed to build match row: Manchester City Football Club vs Borussia Dortmund

Keepers & outfield error for **Aston Villa Football Club** in Manchester City Football Club vs Aston Villa Football Club: Numbers: 0 and 11.
[3420829] Failed to build match row: Manchester City Football Club vs Aston Villa Football Club
[4431142] Could not find attributes for mathias ornskov (Brabrand IF, 2024)
[4431142] Failed to build match row: Brabrand IF vs Thisted FC
[4078197] Could not find attributes for ahmad madanieh (Syria, 2024)
[4078197] Failed to build match row: Syria vs Australia

Keepers & outfield error for **Eintracht Frankfurt Fußball AG** in Eintracht Frankfurt Fußball AG vs Fußball-Club St. Pauli von 1910: Numbers: 2 and 9.
[4109494] Failed to scrape lineup: https://www.transfermarkt.co.uk/fc-famalicao_gd-estoril-praia/index/spielbericht/4109494
[4373872] Failed to build match row: Eintracht Frankfurt Fußball AG vs Fußball-Club St. Pauli von 1910
[4408889] Could not find attributes for sebastian mladen (Panetolikos Agrinio, 2024)
[4408889] Failed to build match row: Panetolikos Agrinio vs Athens Kallithea
[4743316] Could not find attributes for hector oliva (CD Unión Malacitano, 2025)
[3469010] Failed to scrape lineup: https://www.transfermarkt.co.uk/ae-larisa_asteras-tripolis/index/spielbericht/3469010
[4743316] Failed to build match row: CD Unión Malacitano vs AD Ceuta FC
[4098792] Failed to scrape lineup: https://www.transfermarkt.co.uk/kvc-westerlo_kv-mechelen/index/spielbericht/4098792
[3860275] Failed to scrape lineup: https://www.transfermarkt.co.uk/basaksehir-fk_kayserispor/index/spielbericht/3860275
[4095348] Could not find attributes for vini souza (Sheffield United, 2023)
[4095348] Failed to build match row: Sheffield United vs Arsenal Football Club
[3739475] Could not find attributes for darren jamieson (Kelty Hearts FC, 2021)
[3739475] Failed to build match row: Saint Mirren Football Club vs Kelty Hearts FC
[3613166] Could not find attributes for yunus akgun (Adana Demirspor, 2021)
[3613166] Failed to build match row: Adana Demirspor vs Trabzonspor Kulübü
[4398454] Could not find attributes for lovro stubljar (NK Celje, 2024)
[4398454] Failed to build match row: NK Celje vs Slovan Bratislava

Keepers & outfield error for **Royal Antwerp Football Club** in Royal Antwerp Football Club vs Royal Sporting Club Anderlecht: Numbers: 2 and 9.
[3598157] Failed to build match row: Royal Antwerp Football Club vs Royal Sporting Club Anderlecht

Keepers & outfield error for **Club Atlético de Madrid S.A.D.** in Club Atlético de Madrid S.A.D. vs Futbol Club Barcelona: Numbers: 2 and 9.
[3886481] Failed to build match row: Club Atlético de Madrid S.A.D. vs Futbol Club Barcelona

Keepers & outfield error for **SC Farense** in SC Farense vs Club Football Estrela da Amadora: Numbers: 2 and 9.
[4109495] Failed to build match row: SC Farense vs Club Football Estrela da Amadora
[4373873] Could not find attributes for kosta nedeljkovic (RasenBallsport Leipzig, 2024)
[4373873] Failed to build match row: Sportverein Werder Bremen von 1899 vs RasenBallsport Leipzig
[4408890] Could not find attributes for panagiotis katsikas (Panserraikos Serres, 2024)
[4408890] Failed to build match row: Panserraikos Serres vs Olympiakos Syndesmos Filathlon Peiraios
[3839301] Failed to scrape lineup: https://www.transfermarkt.co.uk/fc-schalke-04_rb-leipzig/index/spielbericht/3839301
[4649306] Could not find attributes for nikita medvedev (FK Nizhny Novgorod, 2025)
[4649306] Failed to build match row: FK Nizhny Novgorod vs FK Sochi
Not enough players found for lineup: 11, 0.
[4715581] Failed to scrape lineup: https://www.transfermarkt.co.uk/spielbericht/index/spielbericht/4715581
[4398455] Could not find attributes for dominik takac (Slovan Bratislava, 2024)
[4398455] Failed to build match row: Slovan Bratislava vs NK Celje
[4522602] Failed to scrape lineup: https://www.transfermarkt.co.uk/tromso-il_kristiansund-bk/index/spielbericht/4522602

Keepers & outfield error for **Associazione Sportiva Roma** in Associazione Sportiva Roma vs Juventus Football Club: Numbers: 0 and 11.
[4109496] Failed to scrape lineup: https://www.transfermarkt.co.uk/moreirense-fc_portimonense-sc/index/spielbericht/4109496
[3844981] Failed to build match row: Associazione Sportiva Roma vs Juventus Football Club
[4146772] Could not find attributes for milan borjan (Slovan Bratislava, 2023)
[4146772] Failed to build match row: Slovan Bratislava vs Maccabi Haifa

Keepers & outfield error for **Club Atlético Vélez Sársfield** in Club Atlético Vélez Sársfield vs Club Atlético Unión: Numbers: 2 and 9.
[4798476] Failed to build match row: Club Atlético Vélez Sársfield vs Club Atlético Unión
[4408891] Could not find attributes for alvaro raton (PAS Lamia 1964, 2024)
[4408891] Failed to build match row: Panthessalonikios Athlitikos Omilos Konstantinoupoliton vs PAS Lamia 1964
[3537800] Failed to scrape lineup: https://www.transfermarkt.co.uk/spielbericht/index/spielbericht/3537800
[4693246] Failed to scrape lineup: https://www.transfermarkt.co.uk/deportivo-cali_independiente-medellin/index/spielbericht/4693246
[4634023] Failed to scrape lineup: https://www.transfermarkt.co.uk/spielbericht/index/spielbericht/4634023
[3901605] Failed to scrape lineup: https://www.transfermarkt.co.uk/spielbericht/index/spielbericht/3901605
[4363891] Could not find attributes for adrien thomasson (Racing Club de Lens, 2024)
[4363891] Failed to build match row: Le Havre Athletic Club vs Racing Club de Lens
[4387828] Failed to scrape lineup: https://www.transfermarkt.co.uk/caykur-rizespor_fenerbahce/index/spielbericht/4387828
[3451041] Could not find attributes for john donald (Elche Club de Fútbol S.A.D., 2020)
[3589335] Failed to scrape lineup: https://www.transfermarkt.co.uk/paris-saint-germain_stade-brestois-29/index/spielbericht/3589335
[3451041] Failed to build match row: Club Atlético de Madrid S.A.D. vs Elche Club de Fútbol S.A.D.
[4120960] Failed to scrape lineup: https://www.transfermarkt.co.uk/motherwell-fc_rangers-fc/index/spielbericht/4120960
[3613167] Could not find attributes for fredrik ulvestad (Sivasspor, 2021)
[3613167] Failed to build match row: Sivasspor vs Alanyaspor
[3621608] Could not find attributes for achraf lazaar (Portimonense SC, 2021)
[3621608] Failed to build match row: CS Marítimo vs Portimonense SC

Keepers & outfield error for **Rio Ave Futebol Clube** in Rio Ave Futebol Clube vs FC Vizela: Numbers: 2 and 9.
[4109497] Failed to build match row: Rio Ave Futebol Clube vs FC Vizela
[4634024] Failed to scrape lineup: https://www.transfermarkt.co.uk/spielbericht/index/spielbericht/4634024
[4522605] Could not find attributes for emil holten (Fredrikstad Fotballklubb, 2024)
[4522605] Failed to build match row: Fredrikstad Fotballklubb vs Sandefjord Fotball
[4408892] Could not find attributes for diamantis chouchoumis (A.G.S Asteras Tripolis, 2024)
[4408892] Failed to build match row: A.G.S Asteras Tripolis vs Athlitiki Enosi Konstantinoupoleos
[3739476] Could not find attributes for matty douglas (Annan Athletic FC, 2021)
[4645541] Failed to scrape lineup: https://www.transfermarkt.co.uk/getafe-cf_deportivo-alaves/index/spielbericht/4645541
[3739476] Failed to build match row: Annan Athletic FC vs Rangers Football Club

Keepers & outfield error for **Club Atlético Newell’s Old Boys** in Club Atlético Newell’s Old Boys vs Instituto Atlético Central Córdoba: Numbers: 2 and 9.
[4798477] Failed to build match row: Club Atlético Newell’s Old Boys vs Instituto Atlético Central Córdoba
[4649307] Could not find attributes for nuraly alip (AO FK Zenit Sankt-Peterburg, 2025)
[4649307] Failed to build match row: AO FK Zenit Sankt-Peterburg vs FC Rubin Kazan
[4850704] Could not find attributes for jack jasinski (San Jose Earthquakes, 2025)
[4850704] Failed to build match row: San Jose Earthquakes vs Austin FC
[4361757] Could not find attributes for phil mooney (Caernarfon Town, 2024)
[4361757] Failed to build match row: Caernarfon Town vs Crusaders FC
[3860277] Could not find attributes for miha zajc (Fenerbahçe Spor Kulübü, 2022)
[4625446] Could not find attributes for osman hadzikic (NK Slaven Belupo Koprivnica, 2025)
[3860277] Failed to build match row: Fenerbahçe Spor Kulübü vs Adana Demirspor
[4640847] Failed to scrape lineup: https://www.transfermarkt.co.uk/fk-radnicki-nis_ofk-beograd/index/spielbericht/4640847
[4625446] Failed to build match row: NK Slaven Belupo Koprivnica vs HNK Gorica
[4398481] Could not find attributes for silviu smalenea (FC Petrocub Hincesti, 2024)

Keepers & outfield error for **Stade Reims** in Stade Reims vs Football Club de Metz: Numbers: 2 and 9.
[4398481] Failed to build match row: APOEL Nicosia vs FC Petrocub Hincesti
[3950057] Could not find attributes for jack baird (Greenock Morton FC, 2022)
[3589336] Failed to build match row: Stade Reims vs Football Club de Metz
[3950057] Failed to build match row: Greenock Morton FC vs Queen of the South FC

Keepers & outfield error for **Clube Desportivo de Tondela** in Clube Desportivo de Tondela vs B SAD: Numbers: 2 and 9.
[3621609] Failed to build match row: Clube Desportivo de Tondela vs B SAD
[4271745] Could not find attributes for robbie mutch (Ayr United FC, 2023)
[4271745] Failed to build match row: Rangers Football Club vs Ayr United FC

Keepers & outfield error for **Espanol** in Espanol vs Girona Fútbol Club S. A. D.: Numbers: 0 and 11.
[3886483] Failed to build match row: Espanol vs Girona Fútbol Club S. A. D.
[4109498] Could not find attributes for leonardo lelo (Casa Pia Atlético Clube, 2023)
[4109498] Failed to build match row: GD Chaves vs Casa Pia Atlético Clube
[4368460] Failed to scrape lineup: https://www.transfermarkt.co.uk/fc-nordsjaelland_lyngby-boldklub/index/spielbericht/4368460
[4749493] Could not find attributes for mark weir (Edinburgh City FC, 2025)
[4749493] Failed to build match row: Edinburgh City FC vs University of Stirling FC
[4363892] Could not find attributes for haris belkebla (Angers Sporting Club de l'Ouest, 2024)
[4363892] Failed to build match row: Montpellier HSC vs Angers Sporting Club de l'Ouest
[4472379] Could not find attributes for andres pinillos (CD Alfaro, 2024)
[3739477] Could not find attributes for derek gaston (Arbroath FC, 2021)
[4472379] Failed to build match row: CD Alfaro vs CD Tenerife
[3739477] Failed to build match row: Arbroath FC vs Hibernian Football Club
[4798478] Could not find attributes for eros mancuso (Club Estudiantes de La Plata, 2025)
[4798478] Failed to build match row: Club Estudiantes de La Plata vs Club Atlético Talleres
[4649308] Could not find attributes for rustam yatimov (FK Rostov, 2025)
[3598158] Failed to scrape lineup: https://www.transfermarkt.co.uk/oud-heverlee-leuven_kv-oostende-2024-/index/spielbericht/3598158
[4431143] Could not find attributes for malte sjorslev (Holbaek B&I, 2024)
[4649308] Failed to build match row: FK Rostov vs Футбольный клуб "Локомотив" Москва
[3663118] Could not find attributes for stuart hunter (Bo'ness United FC, 2021)
[4431143] Failed to build match row: Holbaek B&I vs Akademisk Boldklub
[4715582] Could not find attributes for ramon ten hove (Kozakken Boys, 2025)
[3663118] Failed to build match row: Bo'ness United FC vs Wick Academy FC
[4408893] Could not find attributes for giannis gelios (Athens Kallithea, 2024)
[4715582] Failed to build match row: Kozakken Boys vs SV Kampong Utrecht
[4645542] Could not find attributes for leander dendoncker (Real Oviedo S.A.D., 2025)
[4398482] Could not find attributes for mark jensen (KÍ Klaksvík, 2024)
[4645542] Failed to build match row: Real Oviedo S.A.D. vs Futbol Club Barcelona
[4625447] Could not find attributes for osman hadzikic (NK Slaven Belupo Koprivnica, 2025)
[4625447] Failed to build match row: NK Slaven Belupo Koprivnica vs GNK Dinamo Zagreb
[4408893] Failed to build match row: Athens Kallithea vs Omilos Filathlon Irakliou FC
[4398482] Failed to build match row: Malmö Fotbollförening vs KÍ Klaksvík

Keepers & outfield error for **FC Girondins Bordeaux** in Rennes vs FC Girondins Bordeaux: Numbers: 2 and 9.
[3469011] Could not find attributes for nassim hnid (Athlitiki Enosi Konstantinoupoleos, 2020)
[3469011] Failed to build match row: Athlitiki Enosi Konstantinoupoleos vs Panthessalonikios Athlitikos Omilos Konstantinoupoliton
[3589337] Failed to build match row: Rennes vs FC Girondins Bordeaux
[4648045] Could not find attributes for jadel katongo (Kayserispor Kulübü, 2025)
[3739479] Could not find attributes for brett long (Peterhead FC, 2021)
[4648045] Failed to build match row: Kayserispor Kulübü vs Çaykur Rizespor Kulübü

Keepers & outfield error for **Gil Vicente Futebol Clube** in Futebol Clube de Arouca vs Gil Vicente Futebol Clube: Numbers: 0 and 11.
[3739479] Failed to build match row: Peterhead FC vs Dundee Football Club
[4109499] Failed to build match row: Futebol Clube de Arouca vs Gil Vicente Futebol Clube
[4078198] Could not find attributes for utkir yusupov (Uzbekistan, 2024)

Keepers & outfield error for **Olympique Lyonnais** in Stade brestois 29 vs Olympique Lyonnais: Numbers: 0 and 11.
[4078198] Failed to build match row: India vs Uzbekistan
[4363893] Failed to build match row: Stade brestois 29 vs Olympique Lyonnais
[3427120] Could not find attributes for bogdan butko (Erzurumspor FK, 2020)
[3427120] Failed to build match row: Erzurumspor FK vs Beşiktaş Jimnastik Kulübü

Keepers & outfield error for **Club Atlético Independiente de Avellaneda** in Asociación de Fomento Deportivo Riestra Barrio Colón vs Club Atlético Independiente de Avellaneda: Numbers: 2 and 9.
[4798479] Failed to build match row: Asociación de Fomento Deportivo Riestra Barrio Colón vs Club Atlético Independiente de Avellaneda

Keepers & outfield error for **UD Almería** in UD Almería vs Real Sociedad de Fútbol S.A.D.: Numbers: 0 and 11.
[3886484] Failed to build match row: UD Almería vs Real Sociedad de Fútbol S.A.D.
[3598159] Could not find attributes for abdelkahar kadri (KV Kortrijk, 2021)
[3598159] Failed to build match row: KV Kortrijk vs Beerschot VA
[4361758] Could not find attributes for oskari forsman (Kalev Tallinn, 2024)
[4361758] Failed to build match row: Kalev Tallinn vs FC Urartu Yerevan
[4146773] Failed to scrape lineup: https://www.transfermarkt.co.uk/spielbericht/index/spielbericht/4146773
[4649309] Could not find attributes for stanislav agkatsev (FK Krasnodar, 2025)
[3901606] Failed to scrape lineup: https://www.transfermarkt.co.uk/spielbericht/index/spielbericht/3901606
[4649309] Failed to build match row: FK Krasnodar vs PFK Krylya Sovetov Samara
[4850708] Could not find attributes for emilio aristizabal (Toronto FC, 2025)
[4850708] Failed to build match row: Toronto FC vs Atlanta United Football Club
[3537803] Could not find attributes for ansgar knauff (Borussia Dortmund, 2020)
[3537803] Failed to build match row: Borussia Dortmund vs Manchester City Football Club
[4120962] Could not find attributes for georgie gent (Motherwell Football Club, 2023)
[4120962] Failed to build match row: Aberdeen Football Club vs Motherwell Football Club
[4431145] Could not find attributes for vladyslav felipovych (Probiy Gorodenka, 2024)
[4431145] Failed to build match row: Probiy Gorodenka vs Ingulets Petrove
[4098794] Failed to scrape lineup: https://www.transfermarkt.co.uk/rwd-molenbeek_union-saint-gilloise/index/spielbericht/4098794
[4174428] Failed to scrape lineup: https://www.transfermarkt.co.uk/ural-yekaterinburg_fakel-voronezh/index/spielbericht/4174428

Keepers & outfield error for **Cádiz CF** in Cádiz CF vs Getafe Club de Fútbol S. A. D. Team Dubai: Numbers: 2 and 9.
[3451044] Failed to build match row: Cádiz CF vs Getafe Club de Fútbol S. A. D. Team Dubai
[3950058] Could not find attributes for dario zanatta (Hamilton Academical FC, 2022)
[3469012] Could not find attributes for devis epassy (PAS Lamia 1964, 2020)
[3950058] Failed to build match row: Hamilton Academical FC vs East Kilbride FC
[3469012] Failed to build match row: PAS Lamia 1964 vs Panetolikos Agrinio
Not enough players found for lineup: 11, 0.
[4715583] Failed to scrape lineup: https://www.transfermarkt.co.uk/spielbericht/index/spielbericht/4715583
[4648046] Could not find attributes for ricardo velho (Gençlerbirliği Spor Kulübü, 2025)
[4648046] Failed to build match row: Gençlerbirliği Spor Kulübü vs Kocaelispor Kulübü

Keepers & outfield error for **Club Social y Deportivo Defensa y Justicia** in Club Social y Deportivo Defensa y Justicia vs Club Atlético Boca Juniors: Numbers: 0 and 11.
[4798480] Failed to build match row: Club Social y Deportivo Defensa y Justicia vs Club Atlético Boca Juniors

Keepers & outfield error for **Aston Villa Football Club** in Aston Villa Football Club vs Tottenham Hotspur Football Club: Numbers: 0 and 11.
[3598160] Could not find attributes for darko lemajic (Koninklijke Atletiek Associatie Gent, 2021)
[4095352] Failed to build match row: Aston Villa Football Club vs Tottenham Hotspur Football Club
[3598160] Failed to build match row: RFC Seraing vs Koninklijke Atletiek Associatie Gent

Keepers & outfield error for **Boavista FC** in Boavista FC vs Vitória Sport Clube: Numbers: 2 and 9.
[4109500] Failed to build match row: Boavista FC vs Vitória Sport Clube
[3603160] Failed to scrape lineup: https://www.transfermarkt.co.uk/st-johnstone-fc_heart-of-midlothian-fc/index/spielbericht/3603160

Keepers & outfield error for **Real Betis Balompié S.A.D.** in Rayo Vallecano de Madrid S. A. D. vs Real Betis Balompié S.A.D.: Numbers: 0 and 11.
[3886485] Failed to build match row: Rayo Vallecano de Madrid S. A. D. vs Real Betis Balompié S.A.D.
[3427121] Could not find attributes for zvonimir sarlija (MKE Ankaragücü, 2020)
[3427121] Failed to build match row: MKE Ankaragücü vs Gençlerbirliği Spor Kulübü
[4649310] Could not find attributes for igor akinfeev (PFK CSKA Moskva, 2025)
[4649310] Failed to build match row: PFK CSKA Moskva vs FC Orenburg
[4146774] Could not find attributes for cyriel dessers (Rangers Football Club, 2023)
[4146774] Failed to build match row: Rangers Football Club vs Servette Football Club 1890 SA
[3664099] Could not find attributes for nick buxton (University AFC, 2021)
[3664099] Failed to build match row: University AFC vs Lothian Thistle Hutchison Vale FC
[4120963] Could not find attributes for liam scales (The Celtic Football Club, 2023)
[4120963] Failed to build match row: Dundee Football Club vs The Celtic Football Club
[4620958] Failed to scrape lineup: https://www.transfermarkt.co.uk/inter-milan_juventus-fc/index/spielbericht/4620958

Keepers & outfield error for **Futebol Clube do Porto** in Chelsea Football Club vs Futebol Clube do Porto: Numbers: 2 and 9.
[3537804] Failed to build match row: Chelsea Football Club vs Futebol Clube do Porto
[3860278] Failed to scrape lineup: https://www.transfermarkt.co.uk/giresunspor_kasimpasa/index/spielbericht/3860278
[3839312] Failed to scrape lineup: https://www.transfermarkt.co.uk/bayern-munich_eintracht-frankfurt/index/spielbericht/3839312
[4640848] Failed to scrape lineup: https://www.transfermarkt.co.uk/fk-imt-belgrad_fk-vojvodina-novi-sad/index/spielbericht/4640848
[4078199] Could not find attributes for utkir yusupov (Uzbekistan, 2024)
[4078199] Failed to build match row: Australia vs Uzbekistan
[4361759] Could not find attributes for frederik schram (Valur Reykjavík, 2024)
[4625448] Could not find attributes for davor matijas (HNK Gorica, 2025)
[4408894] Could not find attributes for julian cuesta (Aris Thessalonikis, 2024)
[4373875] Failed to scrape lineup: https://www.transfermarkt.co.uk/1-fc-union-berlin_1-fc-heidenheim-1846/index/spielbericht/4373875
[4408894] Failed to build match row: Aris Thessalonikis vs Panetolikos Agrinio
[4625448] Failed to build match row: HNK Gorica vs NK Osijek s.d.d.
[4361759] Failed to build match row: Valur Reykjavík vs KF Vllaznia

Keepers & outfield error for **SD Eibar** in SD Eibar vs Real Madrid Club de Fútbol: Numbers: 2 and 9.
[3451045] Failed to build match row: SD Eibar vs Real Madrid Club de Fútbol
[3433406] Could not find attributes for milos vulic (FC Crotone, 2020)
[4634026] Could not find attributes for dovydas sasnauskas (Sheffield United, 2025)
[3621610] Failed to scrape lineup: https://www.transfermarkt.co.uk/fc-pacos-de-ferreira_cd-tondela/index/spielbericht/3621610
[4174429] Could not find attributes for yuriy dyupin (FC Rubin Kazan, 2023)
[4522609] Failed to scrape lineup: https://www.transfermarkt.co.uk/rosenborg-bk_fredrikstad-fk/index/spielbericht/4522609
[4578332] Could not find attributes for ousmane diawara (Sportclub Rheindorf Altach, 2024)
[4648047] Could not find attributes for jadel katongo (Kayserispor Kulübü, 2025)
x/spielbericht/4271746
[3433406] Failed to build match row: Juventus Football Club vs FC Crotone
[4578332] Failed to build match row: Sportclub Rheindorf Altach vs Turn- und Sportverein Egger Glas Hartberg
[4648047] Failed to build match row: Kayserispor Kulübü vs Eyüp Spor Kulübü
[4645544] Failed to build match row: Club Atlético Osasuna vs Elche Club de Fútbol S.A.D.
[4174429] Failed to build match row: FC Rubin Kazan vs AO FK Zenit Sankt-Peterburg
[4634026] Failed to build match row: Birmingham City vs Sheffield United
[4693247] Could not find attributes for didier palacios (Envigado FC, 2025)
[4649311] Could not find attributes for vadim ulyanov (RFK Akhmat Grozny, 2025)
[4649311] Failed to build match row: RFK Akhmat Grozny vs FK Dinamo Moskva
Not enough players found for lineup: 0, 0.
[4750159] Failed to scrape lineup: https://www.transfermarkt.co.uk/al-hilal-sfc_al-najma-sc/index/spielbericht/4750159
[4693247] Failed to build match row: Atlético Nacional vs Envigado FC
[4715584] Failed to scrape lineup: https://www.transfermarkt.co.uk/spielbericht/index/spielbericht/4715584
[3427122] Could not find attributes for robin yalcin (Sivasspor, 2020)
[3427122] Failed to build match row: Sivasspor vs Konyaspor
[3474570] Could not find attributes for gergely nagy (Athlitiki Enosi Larisas, 2020)
[3474570] Failed to build match row: Athlitiki Enosi Larisas vs Aris Thessalonikis
[3613169] Failed to scrape lineup: https://www.transfermarkt.co.uk/yeni-malatyaspor_konyaspor/index/spielbericht/3613169
[4387830] Failed to scrape lineup: https://www.transfermarkt.co.uk/galatasaray_gaziantep-fk/index/spielbericht/4387830
[4408895] Could not find attributes for lefteris choutesiotis (APS Atromitos Athinon, 2024)
[4408895] Failed to build match row: APS Atromitos Athinon vs Panserraikos Serres
[4078200] Could not find attributes for ahmad madanieh (Syria, 2024)
[4078200] Failed to build match row: Syria vs India
[4109501] Could not find attributes for leonardo lelo (Casa Pia Atlético Clube, 2023)
[4109501] Failed to build match row: Casa Pia Atlético Clube vs Gil Vicente Futebol Clube
[4095353] Could not find attributes for divock origi (Nottingham Forest Football Club, 2023)
[4095353] Failed to build match row: Brighton and Hove Albion Football Club vs Nottingham Forest Football Club
[4625449] Could not find attributes for franko kolic (NK Istra 1961, 2025)
[4625449] Failed to build match row: NK Istra 1961 vs Hrvatski Nogometni Klub Rijeka
[4431146] Could not find attributes for bogdan chuev (FC Minaj, 2024)
[4431146] Failed to build match row: FC Minaj vs Viktoriya Sumy
[4146775] Could not find attributes for asger sorensen (AC Sparta Praha, a. s., 2023)
[4146775] Failed to build match row: Football Club København vs AC Sparta Praha, a. s.
[3603162] Could not find attributes for barrie mckay (Heart of Midlothian Football Club, 2021)
[4373876] Could not find attributes for tom krauss (VfL Bochum, 2024)
[3598162] Could not find attributes for vini souza (Yellow-Red Koninklijke Voetbalclub Mechelen, 2021)
[3603162] Failed to build match row: Heart of Midlothian Football Club vs The Celtic Football Club
[4373876] Failed to build match row: VfL Bochum vs 1. Fußball- und Sportverein Mainz 05
[3598162] Failed to build match row: Yellow-Red Koninklijke Voetbalclub Mechelen vs St Truiden
[3474571] Could not find attributes for amr warda (Panthessalonikios Athlitikos Omilos Konstantinoupoliton, 2020)
[4174430] Could not find attributes for ilya lantratov (Футбольный клуб "Локомотив" Москва, 2023)
[4640849] Could not find attributes for lazar balevic (Fudbalski klub Napredak Kruševac, 2025)
lympiakos Syndesmos Filathlon Peiraios
[3451046] Could not find attributes for roberto soldado (Granada CF, 2020)
[3621611] Could not find attributes for yohan tavares (B SAD, 2021)
[4640849] Failed to build match row: Fudbalski klub Napredak Kruševac vs Fudbalski klub TSC Bačka Topola
[3621611] Failed to build match row: Sport Lisboa e Benfica vs B SAD
[4174430] Failed to build match row: Футбольный клуб "Локомотив" Москва vs FC Orenburg
[3451046] Failed to build match row: Granada CF vs Real Betis Balompié S.A.D.
[4578333] Could not find attributes for martin hinteregger (SK Austria Klagenfurt, 2024)
[4578333] Failed to build match row: SK Austria Klagenfurt vs Grazer Athletiksport Klub 1902
[4645545] Could not find attributes for leander dendoncker (Real Oviedo S.A.D., 2025)

Keepers & outfield error for **Al-Kholood Club** in Al-Kholood Club vs Al-Qadsiah Saudi Football Club: Numbers: 2 and 9.
[3950059] Could not find attributes for stuart hall (Hill of Beath Hawthorn, 2022)
[4645545] Failed to build match row: Athletic Club Bilbao vs Real Oviedo S.A.D.
[3950059] Failed to build match row: Hill of Beath Hawthorn vs Elgin City FC
[4620959] Could not find attributes for lorenzo bernasconi (Atalanta Bergamasca Calcio S.p.a., 2025)
[4363894] Failed to scrape lineup: https://www.transfermarkt.co.uk/paris-saint-germain_as-saint-etienne/index/spielbericht/4363894
[4272764] Could not find attributes for aleksandr maksimenko (FK Spartak Moskva, 2023)
[4620959] Failed to build match row: Società Sportiva Lazio S.p.A. vs Atalanta Bergamasca Calcio S.p.a.
[4750160] Failed to build match row: Al-Kholood Club vs Al-Qadsiah Saudi Football Club
[4272764] Failed to build match row: FK Spartak Moskva vs Fakel Voronezh
[4361760] Could not find attributes for kevagn ronco (FC Bruno's Magpies, 2024)
[4361760] Failed to build match row: FC Bruno's Magpies vs Derry City

Keepers & outfield error for **Gil Vicente Futebol Clube** in Alkmaar Zaanstreek vs Gil Vicente Futebol Clube: Numbers: 0 and 11.
[3901609] Failed to build match row: Alkmaar Zaanstreek vs Gil Vicente Futebol Clube
[4850709] Failed to scrape lineup: https://www.transfermarkt.co.uk/minnesota-united-fc_los-angeles-fc/index/spielbericht/4850709
[4368465] Could not find attributes for jeppe simonsen (Sønderjyske Fodbold, 2024)
[4368465] Failed to build match row: Brøndby Idrætsforening vs Sønderjyske Fodbold
[4649312] Could not find attributes for maksim borisko (FK Baltika, 2025)
[3613170] Could not find attributes for yannick bolasie (Çaykur Rizespor Kulübü, 2021)
[4649312] Failed to build match row: FK Baltika vs FK Spartak Moskva
[3589340] Could not find attributes for adil rami (ESTAC Troyes, 2021)
[3613170] Failed to build match row: Çaykur Rizespor Kulübü vs Fenerbahçe Spor Kulübü
[3589340] Failed to build match row: ESTAC Troyes vs Olympique Lyonnais
[4625450] Could not find attributes for antonio djakovic (HNK Vukovar 1991, 2025)
[4431147] Failed to build match row: FK Karpaty Lviv vs Chornomorets Odesa
[4625450] Failed to build match row: HNK Vukovar 1991 vs NK Varazdin

Keepers & outfield error for **Motherwell Football Club** in Motherwell Football Club vs Hibernian Football Club: Numbers: 0 and 11.
[4634027] Could not find attributes for jaden mears (Stoke City, 2025)
[4798481] Could not find attributes for ignacio pais (Club Atlético Banfield, 2025)
[4408896] Could not find attributes for alexios kalogeropoulos (Volou Neos Podosferikos Syllogos, 2024)
[3603163] Failed to build match row: Motherwell Football Club vs Hibernian Football Club
[4634027] Failed to build match row: Stoke City vs Walsall FC
[3420839] Could not find attributes for trezeguet (Aston Villa Football Club, 2020)
ld
[4398483] Failed to scrape lineup: https://www.transfermarkt.co.uk/spielbericht/index/spielbericht/4398483
[4408896] Failed to build match row: Volou Neos Podosferikos Syllogos vs APO Levadiakos Football Club
[4109502] Could not find attributes for zanocelo (Grupo Desportivo Estoril Praia, 2023)
[3420839] Failed to build match row: Aston Villa Football Club vs Sheffield United
[4095354] Could not find attributes for djordje petrovic (Chelsea Football Club, 2023)
[4109502] Failed to build match row: Grupo Desportivo Estoril Praia vs Vitória Sport Clube
[4095354] Failed to build match row: Chelsea Football Club vs Newcastle United Football Club
[4174431] Could not find attributes for bogdan ovsyannikov (PFK Krylya Sovetov Samara, 2023)
[3664412] Could not find attributes for aristidis vlachos (PAS Acheron Kanalakiou, 2021)
[4174431] Failed to build match row: PFK Krylya Sovetov Samara vs FK Sochi
[3664412] Failed to build match row: PAS Acheron Kanalakiou vs Olympiakos Volou
[3537805] Failed to scrape lineup: https://www.transfermarkt.co.uk/spielbericht/index/spielbericht/3537805
[3950060] Could not find attributes for blair currie (Stirling Albion FC, 2022)
[3950060] Failed to build match row: Inverness Caledonian Thistle FC vs Stirling Albion FC
[3741198] Could not find attributes for luka krajnc (Hannover 96, 2021)
[4649313] Could not find attributes for vitaliy gudiev (Akron Togliatti, 2025)

Keepers & outfield error for **Levante Unión Deportiva S.A.D.** in Club Atlético de Madrid S.A.D. vs Levante Unión Deportiva S.A.D.: Numbers: 0 and 11.
[3741198] Failed to build match row: Hannover 96 vs RasenBallsport Leipzig
[3621612] Could not find attributes for yohan tavares (B SAD, 2021)
[4649313] Failed to build match row: Akron Togliatti vs FK Nizhny Novgorod
[3427123] Could not find attributes for sidney sam (Antalyaspor, 2020)
[4645546] Failed to build match row: Club Atlético de Madrid S.A.D. vs Levante Unión Deportiva S.A.D.
[3621612] Failed to build match row: B SAD vs Boavista FC

Keepers & outfield error for **Al-Shabab Club** in Al-Ettifaq Football Club vs Al-Shabab Club: Numbers: 0 and 11.
[3589350] Could not find attributes for nabil bentaleb (Angers Sporting Club de l'Ouest, 2021)
[3427123] Failed to build match row: Kayserispor Kulübü vs Antalyaspor
[4750161] Failed to build match row: Al-Ettifaq Football Club vs Al-Shabab Club
[4146787] Could not find attributes for asger sorensen (AC Sparta Praha, a. s., 2023)
[3589350] Failed to build match row: Angers Sporting Club de l'Ouest vs ESTAC Troyes
[3844985] Failed to scrape lineup: https://www.transfermarkt.co.uk/torino-fc_bologna-fc-1909/index/spielbericht/3844985
[4272765] Could not find attributes for sergey pesjakov (FK Rostov, 2023)
[4146787] Failed to build match row: AC Sparta Praha, a. s. vs Football Club København
[4272765] Failed to build match row: FK Rostov vs FK Krasnodar

Keepers & outfield error for **Real Sociedad de Fútbol S.A.D.** in Levante Unión Deportiva S.A.D. vs Real Sociedad de Fútbol S.A.D.: Numbers: 0 and 11.
[4578335] Could not find attributes for soumaila diabate (Fußballclub Blau-Weiß Linz, 2024)

Keepers & outfield error for **Valencia Club de Fútbol S. A. D.** in Valencia Club de Fútbol S. A. D. vs Cádiz CF: Numbers: 2 and 9.
[3451047] Failed to build match row: Levante Unión Deportiva S.A.D. vs Real Sociedad de Fútbol S.A.D.
[4431148] Could not find attributes for roman mysak (FK Kolos Kovalivka, 2024)
club Blau-Weiß Linz
[3886488] Failed to build match row: Valencia Club de Fútbol S. A. D. vs Cádiz CF
[4431148] Failed to build match row: FK Kolos Kovalivka vs FK Obolon Kyiv
[4715585] Failed to scrape lineup: https://www.transfermarkt.co.uk/spielbericht/index/spielbericht/4715585
[4408897] Could not find attributes for gelson martins (Olympiakos Syndesmos Filathlon Peiraios, 2024)

Keepers & outfield error for **Villarreal Club de Fútbol S.A.D.** in Villarreal Club de Fútbol S.A.D. vs HNK Hajduk Split: Numbers: 2 and 9.
[3839315] Could not find attributes for michael gregoritsch (Sport-Club Freiburg, 2022)
[4640850] Could not find attributes for luka lijeskic (FK Radnički 1923 Kragujevac, 2025)
[4408897] Failed to build match row: Olympiakos Syndesmos Filathlon Peiraios vs Panthessalonikios Athlitikos Omilos Konstantinoupoliton
[3901610] Failed to build match row: Villarreal Club de Fútbol S.A.D. vs HNK Hajduk Split
[3839315] Failed to build match row: Sport-Club Freiburg vs Fußball-Club Augsburg 1907
Not enough players found for lineup: 0, 11.
[4640850] Failed to build match row: FK Radnički 1923 Kragujevac vs Fudbalski Klub Mladost Lučani
[3664414] Failed to scrape lineup: https://www.transfermarkt.co.uk/spielbericht/index/spielbericht/3664414
[4120966] Could not find attributes for cyriel dessers (Rangers Football Club, 2023)
[4120966] Failed to build match row: Rangers Football Club vs Ross County FC
[3860280] Could not find attributes for adi mehremic (Istanbulspor, 2022)
[3860280] Failed to build match row: Antalyaspor vs Istanbulspor
[4398500] Could not find attributes for mark jensen (KÍ Klaksvík, 2024)
[4398500] Failed to build match row: KÍ Klaksvík vs Malmö Fotbollförening

Keepers & outfield error for **FC Vizela** in Portimonense SC vs FC Vizela: Numbers: 2 and 9.
[4272766] Could not find attributes for yuriy gorshkov (PFK Krylya Sovetov Samara, 2023)
[4109503] Failed to build match row: Portimonense SC vs FC Vizela
[4272766] Failed to build match row: PFK Krylya Sovetov Samara vs PFK CSKA Moskva

Keepers & outfield error for **Panathinaikos Athlitikos Omilos** in Panathinaikos Athlitikos Omilos vs Volou Neos Podosferikos Syllogos: Numbers: 2 and 9.
[3603164] Could not find attributes for borna barisic (Rangers Football Club, 2021)

Keepers & outfield error for **FC Girondins Bordeaux** in FC Girondins Bordeaux vs Racing Club de Strasbourg Alsace: Numbers: 2 and 9.
[4625451] Could not find attributes for tino jukic (NK Lokomotiva Zagreb, 2025)
[3474572] Failed to build match row: Panathinaikos Athlitikos Omilos vs Volou Neos Podosferikos Syllogos
[3603164] Failed to build match row: Rangers Football Club vs Livingston Football Club
[4625451] Failed to build match row: NK Lokomotiva Zagreb vs HNK Hajduk Split
[3589351] Failed to build match row: FC Girondins Bordeaux vs Racing Club de Strasbourg Alsace
[4174432] Could not find attributes for evgeniy latyshonok (FK Baltika, 2023)
[4649314] Could not find attributes for aleksandr soldatenkov (FK Sochi, 2025)
[4174432] Failed to build match row: FK Baltika vs RFK Akhmat Grozny
[3621613] Could not find attributes for paulinho (Moreirense Futebol Clube, 2021)
[3621613] Failed to build match row: Portimonense SC vs Moreirense Futebol Clube

Keepers & outfield error for **Elche Club de Fútbol S.A.D.** in Elche Club de Fútbol S.A.D. vs Real Sociedad de Fútbol S.A.D.: Numbers: 0 and 11.
[4645547] Failed to build match row: Elche Club de Fútbol S.A.D. vs Real Sociedad de Fútbol S.A.D.
[4750162] Could not find attributes for anthony moris (Al-Khaleej Club (Saihat), 2025)
[4750162] Failed to build match row: Al-Khaleej Club (Saihat) vs Al-Hazem Sport Club

Keepers & outfield error for **Verona Hellas Football Club** in Parma Calcio 1913 vs Verona Hellas Football Club: Numbers: 2 and 9.
[4620961] Failed to build match row: Parma Calcio 1913 vs Verona Hellas Football Club
Not enough players found for lineup: 0, 0.
[4715586] Failed to scrape lineup: https://www.transfermarkt.co.uk/spielbericht/index/spielbericht/4715586

Keepers & outfield error for **Deportes Tolima** in Deportes Tolima vs Fortaleza CEIF: Numbers: 2 and 9.
[3451048] Could not find attributes for ante budimir (Club Atlético Osasuna, 2020)
[4693249] Failed to build match row: Deportes Tolima vs Fortaleza CEIF
[4120967] Could not find attributes for danny armstrong (Kilmarnock Football Club, 2023)
[3598165] Could not find attributes for mousa tamari (Oud-Heverlee Leuven, 2021)
[3451048] Failed to build match row: Club Atlético Osasuna vs Villarreal Club de Fútbol S.A.D.
[4398501] Could not find attributes for silviu smalenea (FC Petrocub Hincesti, 2024)
[4120967] Failed to build match row: Saint Mirren Football Club vs Kilmarnock Football Club
[3598165] Failed to build match row: Royal Standard Club de Liège vs Oud-Heverlee Leuven
[3860281] Could not find attributes for strahil popov (Ümraniyespor, 2022)
[4398501] Failed to build match row: FC Petrocub Hincesti vs APOEL Nicosia
[3860281] Failed to build match row: Ümraniyespor vs Fatih Karagümrük Sportif Faaliyetler San. Tic. A.Ş.

Keepers & outfield error for **Villarreal Club de Fútbol S.A.D.** in Villarreal Club de Fútbol S.A.D. vs Real Madrid Club de Fútbol: Numbers: 2 and 9.
[3886489] Failed to build match row: Villarreal Club de Fútbol S.A.D. vs Real Madrid Club de Fútbol
[3621614] Could not find attributes for nino galovic (Futebol Clube de Arouca, 2021)
[3537809] Could not find attributes for marc albrighton (Leicester City, 2020)
[3537809] Failed to build match row: Leicester City vs Manchester United Football Club

Keepers & outfield error for **Espanol** in Espanol vs Villarreal Club de Fútbol S.A.D.: Numbers: 2 and 9.
[3621614] Failed to build match row: Futebol Clube de Arouca vs Clube Desportivo Santa Clara
[4645548] Failed to build match row: Espanol vs Villarreal Club de Fútbol S.A.D.
[3950061] Failed to build match row: Linlithgow Rose FC vs Sauchie Juniors FC
[3744277] Could not find attributes for milos kosanovic (Al-Jazira Club, 2021)
[3744277] Failed to build match row: Al-Hilal Saudi Football Club vs Al-Jazira Club
[4634029] Failed to scrape lineup: https://www.transfermarkt.co.uk/spielbericht/index/spielbericht/4634029
[4272767] Could not find attributes for igor leshchuk (FK Dinamo Moskva, 2023)
[4272767] Failed to build match row: FK Dinamo Moskva vs RFK Akhmat Grozny
[4146788] Could not find attributes for steeve yago (Aris Limassol, 2023)

Keepers & outfield error for **Sporting Clube de Braga** in Sporting Clube de Braga vs Club Football Estrela da Amadora: Numbers: 0 and 11.
[4146788] Failed to build match row: Aris Limassol vs RKS Raków Częstochowa SA

Keepers & outfield error for **Pisa Sporting Club** in Pisa Sporting Club vs Associazione Calcio Milan: Numbers: 0 and 11.
[4109504] Failed to build match row: Sporting Clube de Braga vs Club Football Estrela da Amadora
[4620962] Failed to build match row: Pisa Sporting Club vs Associazione Calcio Milan
Not enough players found for lineup: 0, 0.
[4174433] Could not find attributes for aleksandr selikhov (FK Spartak Moskva, 2023)
[4174433] Failed to build match row: FK Spartak Moskva vs FK Dinamo Moskva
[4120968] Could not find attributes for duktm (Aberdeen Football Club, 2023)
[4715587] Failed to scrape lineup: https://www.transfermarkt.co.uk/spielbericht/index/spielbericht/4715587
[4120968] Failed to build match row: Aberdeen Football Club vs Saint Mirren Football Club
[4798484] Could not find attributes for facundo cobos (Asociación Atlética Estudiantes, 2025)
[4798484] Failed to build match row: Asociación Atlética Estudiantes vs Club Atlético Rosario Central
[4398502] Could not find attributes for fedor lapoukhov (Dinamo Minsk, 2024)
[4398502] Failed to build match row: Dinamo Minsk vs Ludogorets Razgrad
[3537810] Could not find attributes for phil jagielka (Sheffield United, 2020)
[3537810] Failed to build match row: Chelsea Football Club vs Sheffield United
[4850710] Could not find attributes for noah streit (Club de Foot Montréal, 2025)
[3844986] Failed to scrape lineup: https://www.transfermarkt.co.uk/bologna-fc-1909_ss-lazio/index/spielbericht/3844986
[4850710] Failed to build match row: Club de Foot Montréal vs New York City Football Club
[3621615] Failed to build match row: CS Marítimo vs Clube Desportivo de Tondela
[4648048] Could not find attributes for taylan antalyali (Çaykur Rizespor Kulübü, 2025)
[4648048] Failed to build match row: Çaykur Rizespor Kulübü vs Konyaspor
[4431149] Failed to scrape lineup: https://www.transfermarkt.co.uk/spielbericht/index/spielbericht/4431149
[3603165] Could not find attributes for nadir ciftci (St. Johnstone FC, 2021)
[3603165] Failed to build match row: St. Johnstone FC vs Dundee Football Club
[4472380] Could not find attributes for isi ros (Águilas FC, 2024)
[4472380] Failed to build match row: Águilas FC vs CD Castellón
[4578336] Failed to scrape lineup: https://www.transfermarkt.co.uk/austria-vienna_red-bull-salzburg/index/spielbericht/4578336
[4408898] Failed to scrape lineup: https://www.transfermarkt.co.uk/pas-lamia-1964_panathinaikos-fc/index/spielbericht/4408898
[3433410] Failed to scrape lineup: https://www.transfermarkt.co.uk/ss-lazio_uc-sampdoria/index/spielbericht/3433410

Keepers & outfield error for **Manchester City Football Club** in Liverpool Football Club vs Manchester City Football Club: Numbers: 0 and 11.
[4120969] Could not find attributes for liam scales (The Celtic Football Club, 2023)

Keepers & outfield error for **Alaves** in Alaves vs SD Eibar: Numbers: 2 and 9.
[4095356] Failed to build match row: Liverpool Football Club vs Manchester City Football Club
[4120969] Failed to build match row: The Celtic Football Club vs Rangers Football Club
[3451050] Failed to build match row: Alaves vs SD Eibar
[3839316] Failed to scrape lineup: https://www.transfermarkt.co.uk/1-fsv-mainz-05_vfl-bochum/index/spielbericht/3839316
[4640851] Failed to scrape lineup: https://www.transfermarkt.co.uk/fk-partizan-belgrade_fk-cukaricki/index/spielbericht/4640851
[4363897] Could not find attributes for adrien thomasson (Racing Club de Lens, 2024)
[4174434] Could not find attributes for artur nigmatullin (FK Nizhny Novgorod, 2023)
[4363897] Failed to build match row: Racing Club de Lens vs Paris Saint-Germain Football Club
[4174434] Failed to build match row: FK Nizhny Novgorod vs FC Orenburg
[4522612] Could not find attributes for ismael petcho camara (FK Haugesund, 2024)
[4522612] Failed to build match row: FK Haugesund vs Strømsgodset IF
[4398503] Could not find attributes for daniels balodis (FC RFS, 2024)
[4398503] Failed to build match row: FC RFS vs Fotballklubben Bodø/Glimt
[4798485] Could not find attributes for alexis steimbach (Club de Gimnasia y Esgrima La Plata, 2025)
[3538204] Could not find attributes for jurrien timber (AFC Ajax Amsterdam, 2020)
[3860283] Could not find attributes for charilaos charisis (Sivasspor, 2022)
[3538204] Failed to build match row: AFC Ajax Amsterdam vs Associazione Sportiva Roma
[4798485] Failed to build match row: Club Atlético Belgrano vs Club de Gimnasia y Esgrima La Plata
[4649315] Could not find attributes for vyacheslav karavaev (AO FK Zenit Sankt-Peterburg, 2025)
[4649315] Failed to build match row: AO FK Zenit Sankt-Peterburg vs RFK Akhmat Grozny

Keepers & outfield error for **Fodbold Club Midtjylland** in Fodbold Club Midtjylland vs Football Club København: Numbers: 2 and 9.
[3860283] Failed to build match row: Trabzonspor Kulübü vs Sivasspor
[4368469] Failed to build match row: Fodbold Club Midtjylland vs Football Club København
[4850711] Could not find attributes for adri mehmeti (Red Bull New York, 2025)
[4850711] Failed to build match row: Football Club Cincinnati vs Red Bull New York
[4648049] Could not find attributes for nazim sangare (Gaziantep Futbol Kulübü A.Ş., 2025)
[4648049] Failed to build match row: Gaziantep Futbol Kulübü A.Ş. vs Beşiktaş Jimnastik Kulübü
[4431150] Could not find attributes for mykhaylo pruglo (Olimpia Savyntsi, 2024)
[4431150] Failed to build match row: Olimpia Savyntsi vs FC Zorya Lugansk
[3950062] Could not find attributes for aaron lennox (Montrose FC, 2022)
[3950062] Failed to build match row: Montrose FC vs Darvel FC
[4272768] Could not find attributes for ilya lantratov (Футбольный клуб "Локомотив" Москва, 2023)
[4109505] Could not find attributes for ponck (Moreirense Futebol Clube, 2023)
[4272768] Failed to build match row: Футбольный клуб "Локомотив" Москва vs FK Sochi
[4109505] Failed to build match row: Moreirense Futebol Clube vs Rio Ave Futebol Clube
[3744999] Could not find attributes for ayman ashraf (Al Ahly FC, 2021)
[3744999] Failed to build match row: Al Ahly FC vs Sociedade Esportiva Palmeiras
[4578337] Could not find attributes for ousmane diawara (Sportclub Rheindorf Altach, 2024)
[4578337] Failed to build match row: Wattener Sportgemeinschaft Swarovski Tirol vs Sportclub Rheindorf Altach
[4408899] Could not find attributes for domagoj vida (Athlitiki Enosi Konstantinoupoleos, 2024)
[4408899] Failed to build match row: Athlitiki Enosi Konstantinoupoleos vs Panserraikos Serres
[4634030] Could not find attributes for george mccormick (Middlesbrough FC, 2025)
[4634030] Failed to build match row: Middlesbrough FC vs Doncaster Rovers
[4387832] Could not find attributes for burak ingenc (Antalyaspor, 2024)
amo-zagreb_nk-lokomotiva-zagreb/index/spielbericht/4625452
[4640852] Could not find attributes for zoran popovic (Železničar Pančevo, 2025)
[4640852] Failed to build match row: Železničar Pančevo vs Fudbalski Klub Novi Pazar
[4387832] Failed to build match row: Antalyaspor vs Hatayspor
[3451051] Could not find attributes for antonio barragan (Elche Club de Fútbol S.A.D., 2020)
[3451051] Failed to build match row: Elche Club de Fútbol S.A.D. vs Club Atlético Osasuna

Keepers & outfield error for **Independiente Santa Fe** in Independiente Santa Fe vs Once Caldas: Numbers: 0 and 11.
[4693250] Failed to build match row: Independiente Santa Fe vs Once Caldas

Keepers & outfield error for **Futebol Clube do Porto** in Futebol Clube do Porto vs Gil Vicente Futebol Clube: Numbers: 0 and 11.
[4715588] Could not find attributes for abel roelofs (VV Heino, 2025)
[3621616] Failed to build match row: Futebol Clube do Porto vs Gil Vicente Futebol Clube
[4715588] Failed to build match row: VV Heino vs RKSV Groene Ster
[3901612] Failed to scrape lineup: https://www.transfermarkt.co.uk/spielbericht/index/spielbericht/3901612
[4174435] Could not find attributes for mikhail kerzhakov (AO FK Zenit Sankt-Peterburg, 2023)
[4620964] Could not find attributes for jesper karlstrom (Udinese Calcio, 2025)
[4174435] Failed to build match row: AO FK Zenit Sankt-Peterburg vs Футбольный клуб "Локомотив" Москва
[4620964] Failed to build match row: Udinese Calcio vs Unione Sportiva Sassuolo Calcio
[3474573] Could not find attributes for nikolaos papadopoulos (A.G.S Asteras Tripolis, 2020)
[4398536] Could not find attributes for michael newberry (Cliftonville FC, 2024)
[3474573] Failed to build match row: A.G.S Asteras Tripolis vs Omilos Filathlon Irakliou FC
[4398536] Failed to build match row: Cliftonville FC vs FK Auda
[4648050] Could not find attributes for julian cuesta (Antalyaspor, 2025)
[4648050] Failed to build match row: Antalyaspor vs Alanyaspor
[4272769] Could not find attributes for yuriy dyupin (FC Rubin Kazan, 2023)
[4431151] Could not find attributes for maryan burmas (FC Mykolaiv, 2024)
[4850712] Could not find attributes for micael (Club Internacional de Fútbol Miami, 2025)
[4272769] Failed to build match row: FC Rubin Kazan vs FK Nizhny Novgorod
[4431151] Failed to build match row: FC Mykolaiv vs Bukovyna Chernivtsi
[4850712] Failed to build match row: Club Internacional de Fútbol Miami vs New England Revolution

Keepers & outfield error for **SC Farense** in Sporting Clube de Portugal vs SC Farense: Numbers: 2 and 9.
[4109506] Failed to build match row: Sporting Clube de Portugal vs SC Farense

Keepers & outfield error for **Aberdeen Football Club** in Saint Mirren Football Club vs Aberdeen Football Club: Numbers: 2 and 9.
[4120971] Could not find attributes for danny armstrong (Kilmarnock Football Club, 2023)
[4120971] Failed to build match row: Kilmarnock Football Club vs Dundee Football Club
[3603166] Failed to build match row: Saint Mirren Football Club vs Aberdeen Football Club
[3427124] Failed to scrape lineup: https://www.transfermarkt.co.uk/caykur-rizespor_trabzonspor/index/spielbericht/3427124
[4750164] Failed to scrape lineup: https://www.transfermarkt.co.uk/al-taawoun-fc_al-fateh-sc/index/spielbericht/4750164
[4640853] Could not find attributes for strahinja manojlovic (Fudbalski Klub Radnički Niš, 2025)
[4625453] Could not find attributes for dario maresic (HNK Hajduk Split, 2025)
[4625453] Failed to build match row: HNK Hajduk Split vs HNK Vukovar 1991
lski Klub Javor Matis Ivanjica
[4649316] Could not find attributes for rustam yatimov (FK Rostov, 2025)
[4522613] Could not find attributes for alioune ndour (Kristiansund Ballklubb, 2024)
[4649316] Failed to build match row: FK Rostov vs FC Orenburg
[4522613] Failed to build match row: Kristiansund Ballklubb vs Bryne FK

Keepers & outfield error for **Olympique Lyonnais** in Olympique Lyonnais vs Toulouse Football Club: Numbers: 0 and 11.
[4408900] Could not find attributes for julian cuesta (Aris Thessalonikis, 2024)
[4363899] Failed to build match row: Olympique Lyonnais vs Toulouse Football Club
[4408900] Failed to build match row: Aris Thessalonikis vs Panathinaikos Athlitikos Omilos
[4174436] Could not find attributes for sergey pesjakov (FK Rostov, 2023)
[4174436] Failed to build match row: FK Rostov vs PFK CSKA Moskva
[4373889] Failed to scrape lineup: https://www.transfermarkt.co.uk/tsg-1899-hoffenheim_bayern-munich/index/spielbericht/4373889
[4146789] Failed to scrape lineup: https://www.transfermarkt.co.uk/spielbericht/index/spielbericht/4146789
[4095358] Could not find attributes for vitinho (Burnley Football Club, 2023)
[4095358] Failed to build match row: West Ham United Football Club vs Burnley Football Club
[3598167] Failed to scrape lineup: https://www.transfermarkt.co.uk/union-saint-gilloise_rfc-seraing/index/spielbericht/3598167

Keepers & outfield error for **Fodbold Club Midtjylland** in Fodbold Club Midtjylland vs Viborg Fodsports Forening: Numbers: 2 and 9.
[4368471] Failed to build match row: Fodbold Club Midtjylland vs Viborg Fodsports Forening
[4078201] Could not find attributes for abdalla ramadan (United Arab Emirates, 2024)
[4078201] Failed to build match row: United Arab Emirates vs Hong Kong
[4098800] Failed to scrape lineup: https://www.transfermarkt.co.uk/kas-eupen_club-brugge-kv/index/spielbericht/4098800
[4120972] Could not find attributes for georgie gent (Motherwell Football Club, 2023)
[4120972] Failed to build match row: Motherwell Football Club vs Livingston Football Club
[3451053] Could not find attributes for javi ontiveros (SD Huesca, 2020)
[3451053] Failed to build match row: SD Huesca vs Levante Unión Deportiva S.A.D.
[4272770] Could not find attributes for ilya pomazun (Ural Yekaterinburg, 2023)
[4272770] Failed to build match row: Ural Yekaterinburg vs AO FK Zenit Sankt-Peterburg

Keepers & outfield error for **Verona Hellas Football Club** in Verona Hellas Football Club vs AC Monza: Numbers: 2 and 9.
[3844989] Failed to build match row: Verona Hellas Football Club vs AC Monza

Keepers & outfield error for **Al-Nassr Football Club** in Al-Nassr Football Club vs Neom Sports Club: Numbers: 0 and 11.
[4750165] Failed to build match row: Al-Nassr Football Club vs Neom Sports Club
[3950063] Could not find attributes for kirk broadfoot (BSC Glasgow, 2022)
[3950063] Failed to build match row: BSC Glasgow vs Alloa Athletic FC
[4109507] Could not find attributes for robson bambu (Futebol Clube de Arouca, 2023)
[4625454] Could not find attributes for oliver zelenika (NK Varazdin, 2025)
[4634032] Failed to build match row: Bolton Wanderers vs Sheffield Wednesday
[4109507] Failed to build match row: GD Chaves vs Futebol Clube de Arouca
[4625454] Failed to build match row: NK Varazdin vs NK Istra 1961

Keepers & outfield error for **Olympique de Marseille** in Racing Club de Lens vs Olympique de Marseille: Numbers: 2 and 9.
[3589354] Failed to build match row: Racing Club de Lens vs Olympique de Marseille
[4522614] Could not find attributes for evangelos patoulidis (Sandefjord Fotball, 2024)
[4522614] Failed to build match row: Sandefjord Fotball vs Molde Fotballklubb
[3420843] Failed to scrape lineup: https://www.transfermarkt.co.uk/leicester-city_burnley-fc/index/spielbericht/3420843
[4649317] Could not find attributes for stanislav agkatsev (FK Krasnodar, 2025)
[4649317] Failed to build match row: FK Krasnodar vs Dinamo Makhachkala
[4174437] Could not find attributes for matvey safonov (FK Krasnodar, 2023)
[4174437] Failed to build match row: FK Krasnodar vs Ural Yekaterinburg
Not enough players found for lineup: 0, 11.
[3664415] Failed to scrape lineup: https://www.transfermarkt.co.uk/spielbericht/index/spielbericht/3664415
[3538205] Failed to scrape lineup: https://www.transfermarkt.co.uk/spielbericht/index/spielbericht/3538205
[4798486] Failed to scrape lineup: https://www.transfermarkt.co.uk/racing-club_ca-barracas-central/index/spielbericht/4798486
[4620966] Could not find attributes for jesper karlstrom (Udinese Calcio, 2025)
[4620966] Failed to build match row: Bologna Football Club 1909 vs Udinese Calcio
[3844990] Could not find attributes for manolo gabbiadini (UC Sampdoria, 2022)
[3844990] Failed to build match row: Juventus Football Club vs UC Sampdoria
[3860284] Failed to scrape lineup: https://www.transfermarkt.co.uk/adana-demirspor_konyaspor/index/spielbericht/3860284
[4750166] Could not find attributes for kewin (Damac Football Club, 2025)

Keepers & outfield error for **Boavista FC** in FC Paços de Ferreira vs Boavista FC: Numbers: 2 and 9.
[4361761] Could not find attributes for pano qirko (FK Partizani, 2024)
[4750166] Failed to build match row: Damac Football Club vs Al-Riyadh Saudi Club
[3621617] Failed to build match row: FC Paços de Ferreira vs Boavista FC
[4361761] Failed to build match row: FK Partizani vs Marsaxlokk FC
[3950064] Could not find attributes for jamie sneddon (Partick Thistle FC, 2022)
2, 2024)

Keepers & outfield error for **Cádiz CF** in Real Betis Balompié S.A.D. vs Cádiz CF: Numbers: 2 and 9.
[4578338] Failed to build match row: Grazer Athletiksport Klub 1902 vs Turn- und Sportverein Egger Glas Hartberg
[3451054] Failed to build match row: Real Betis Balompié S.A.D. vs Cádiz CF
[3950064] Failed to build match row: Partick Thistle FC vs Kelty Hearts FC
[4387834] Could not find attributes for ali aytemur (Bodrum FK, 2024)

Keepers & outfield error for **Futebol Clube do Porto** in Futebol Clube do Porto vs Sport Lisboa e Benfica: Numbers: 0 and 11.
[4645552] Could not find attributes for jose gaya (Valencia Club de Fútbol S. A. D., 2025)
[4109508] Failed to build match row: Futebol Clube do Porto vs Sport Lisboa e Benfica
[4645552] Failed to build match row: Valencia Club de Fútbol S. A. D. vs Real Betis Balompié S.A.D.
[4648052] Could not find attributes for wagner pina (Trabzonspor Kulübü, 2025)
[3598169] Could not find attributes for robert bauer (St Truiden, 2021)
[4693251] Failed to scrape lineup: https://www.transfermarkt.co.uk/junior-fc_llaneros-fc/index/spielbericht/4693251
[4648052] Failed to build match row: Trabzonspor Kulübü vs Göztepe Sportif Yatırımlar A.Ş.
[4850713] Could not find attributes for sekou bangoura (Columbus Crew, 2025)
[3598169] Failed to build match row: St Truiden vs Royal Sporting Club Anderlecht
[4272771] Could not find attributes for nikolay sysuev (FC Orenburg, 2023)
[4850713] Failed to build match row: Columbus Crew vs Philadelphia Union
[4272771] Failed to build match row: FC Orenburg vs FK Baltika
[4373891] Could not find attributes for alexis claude maurice (Fußball-Club Augsburg 1907, 2024)
[4373891] Failed to build match row: Fußball-Club Augsburg 1907 vs 1. Fußballclub Union Berlin
[3901613] Failed to scrape lineup: https://www.transfermarkt.co.uk/spielbericht/index/spielbericht/3901613
[4715589] Failed to scrape lineup: https://www.transfermarkt.co.uk/spielbericht/index/spielbericht/4715589

Keepers & outfield error for **Valencia Club de Fútbol S. A. D.** in Real Madrid Club de Fútbol vs Valencia Club de Fútbol S. A. D.: Numbers: 2 and 9.
[3886492] Failed to build match row: Real Madrid Club de Fútbol vs Valencia Club de Fútbol S. A. D.
[4120973] Could not find attributes for franciszek franczak (St. Johnstone FC, 2023)
[4120973] Failed to build match row: St. Johnstone FC vs Hibernian Football Club
[3474574] Failed to scrape lineup: https://www.transfermarkt.co.uk/apollon-smyrnis_pas-lamia-1964/index/spielbericht/3474574
[4398756] Could not find attributes for daniels balodis (FC RFS, 2024)
[4398756] Failed to build match row: Fotballklubben Bodø/Glimt vs FC RFS
[3621618] Could not find attributes for paulinho (Moreirense Futebol Clube, 2021)
[4174438] Could not find attributes for aleksandr belenov (Fakel Voronezh, 2023)
[4174438] Failed to build match row: Fakel Voronezh vs FC Rubin Kazan
[3621618] Failed to build match row: Moreirense Futebol Clube vs Boavista FC
[4431152] Could not find attributes for roman lyopka (FK Kudrivka-1, 2024)
[4750167] Could not find attributes for burak ince (Al-Okhdood Club, 2025)
[4431152] Failed to build match row: FK Kudrivka-1 vs UCSA Tarasivka
[4750167] Failed to build match row: Al-Okhdood Club vs Al-Fayha FC
[3451055] Could not find attributes for roberto soldado (Granada CF, 2020)
[4578339] Could not find attributes for martin hinteregger (SK Austria Klagenfurt, 2024)
[3451055] Failed to build match row: Real Madrid Club de Fútbol vs Granada CF
[4578339] Failed to build match row: SK Austria Klagenfurt vs Linzer Athletik-Sport-Klub
[4361762] Could not find attributes for krisjanis zviedris (FK Auda, 2024)
[4361762] Failed to build match row: FK Auda vs B36 Tórshavn
[3950065] Could not find attributes for tom ritchie (Peterhead FC, 2022)
[3950065] Failed to build match row: Peterhead FC vs Queen's Park FC
[4693252] Could not find attributes for wuilker farinez (Rionegro Águilas, 2025)
[3427125] Failed to scrape lineup: https://www.transfermarkt.co.uk/hatayspor_goztepe/index/spielbericht/3427125
[4272772] Could not find attributes for mikhail kerzhakov (AO FK Zenit Sankt-Peterburg, 2023)
[4363900] Could not find attributes for djylian nguessan (AS Saint-Étienne, 2024)
[4693252] Failed to build match row: Rionegro Águilas vs Millonarios FC
[4272772] Failed to build match row: AO FK Zenit Sankt-Peterburg vs FC Rubin Kazan
[4363900] Failed to build match row: AS Saint-Étienne vs Football Club de Nantes
[3603167] Failed to scrape lineup: https://www.transfermarkt.co.uk/aberdeen-fc_hibernian-fc/index/spielbericht/3603167
[4648053] Could not find attributes for cherif ndiaye (Samsunspor, 2025)
[4472381] Could not find attributes for ibrahim doumbia (Real Ávila CF, 2024)
[4648053] Failed to build match row: Samsunspor vs Galatasaray Spor Kulübü
[3860285] Could not find attributes for campanharo (Kayserispor Kulübü, 2022)
[4472381] Failed to build match row: Real Ávila CF vs Real Oviedo S.A.D.
[3860285] Failed to build match row: Kasımpaşa A.Ş. vs Kayserispor Kulübü
[4640854] Failed to scrape lineup: https://www.transfermarkt.co.uk/fk-imt-belgrad_fk-radnik-surdulica/index/spielbericht/4640854
[3538206] Could not find attributes for iyayi atiemwen (GNK Dinamo Zagreb, 2020)
[3538206] Failed to build match row: GNK Dinamo Zagreb vs Villarreal Club de Fútbol S.A.D.

Keepers & outfield error for **Manchester City Football Club** in Newcastle United Football Club vs Manchester City Football Club: Numbers: 2 and 9.
[4798808] Failed to build match row: Newcastle United Football Club vs Manchester City Football Club

Keepers & outfield error for **Getafe Club de Fútbol S. A. D. Team Dubai** in Real Club Deportivo Mallorca S.A.D. vs Getafe Club de Fútbol S. A. D. Team Dubai: Numbers: 2 and 9.
[4645553] Failed to build match row: Real Club Deportivo Mallorca S.A.D. vs Getafe Club de Fútbol S. A. D. Team Dubai
[4522616] Could not find attributes for thomas kinn (Viking Fotballklubb, 2024)
[4522616] Failed to build match row: Viking Fotballklubb vs KFUM-Kameratene Oslo
[4408901] Failed to scrape lineup: https://www.transfermarkt.co.uk/atromitos-athens_athens-kallithea/index/spielbericht/4408901
[4095359] Failed to scrape lineup: https://www.transfermarkt.co.uk/wolverhampton-wanderers_fulham-fc/index/spielbericht/4095359
[4146790] Failed to scrape lineup: https://www.transfermarkt.co.uk/spielbericht/index/spielbericht/4146790
[3621619] Could not find attributes for david bruno (Grupo Desportivo Estoril Praia, 2021)
[3621619] Failed to build match row: Grupo Desportivo Estoril Praia vs Portimonense SC
[4750168] Could not find attributes for ramzi solan (Al-Kholood Club, 2025)

Keepers & outfield error for **Real Sociedad de Fútbol S.A.D.** in Real Sociedad de Fútbol S.A.D. vs Club Atlético de Madrid S.A.D.: Numbers: 0 and 11.
[3598170] Could not find attributes for vini souza (Yellow-Red Koninklijke Voetbalclub Mechelen, 2021)
[4750168] Failed to build match row: Al-Kholood Club vs Al-Okhdood Club
[3451056] Failed to build match row: Real Sociedad de Fútbol S.A.D. vs Club Atlético de Madrid S.A.D.
[3613172] Could not find attributes for munir el kajoui (Hatayspor, 2021)
[3598170] Failed to build match row: Beerschot VA vs Yellow-Red Koninklijke Voetbalclub Mechelen
[3613172] Failed to build match row: İstanbul Başakşehir Futbol Kulübü vs Hatayspor
[3839319] Failed to scrape lineup: https://www.transfermarkt.co.uk/fc-schalke-04_1-fc-koln/index/spielbericht/3839319
[4578340] Could not find attributes for joane gadou (Fußballclub Red Bull Salzburg, 2024)

Keepers & outfield error for **UD Almería** in UD Almería vs Club Atlético de Madrid S.A.D.: Numbers: 0 and 11.
[4098801] Failed to scrape lineup: https://www.transfermarkt.co.uk/r-charleroi-sc_standard-liege/index/spielbericht/4098801
[4578340] Failed to build match row: Fußballclub Red Bull Salzburg vs RZ Pellets Wolfsberger Athletiksport Club
[3886493] Failed to build match row: UD Almería vs Club Atlético de Madrid S.A.D.

Keepers & outfield error for **Fatih Karagümrük Sportif Faaliyetler San. Tic. A.Ş.** in Galatasaray Spor Kulübü vs Fatih Karagümrük Sportif Faaliyetler San. Tic. A.Ş.: Numbers: 0 and 11.
[4363901] Could not find attributes for yael mouanga (Montpellier HSC, 2024)
[3427126] Failed to build match row: Galatasaray Spor Kulübü vs Fatih Karagümrük Sportif Faaliyetler San. Tic. A.Ş.
[4363901] Failed to build match row: Montpellier HSC vs Association sportive de Monaco Football Club
[4373893] Could not find attributes for kevin muller (1. Fußballclub Heidenheim 1846, 2024)
[3860286] Could not find attributes for ismail yuksek (Fenerbahçe Spor Kulübü, 2022)
[4373893] Failed to build match row: 1. Fußballclub Heidenheim 1846 vs Sportverein Werder Bremen von 1899
[3664416] Could not find attributes for dimitrios klingopoulos (AE Karaiskakis Artas, 2021)
[3860286] Failed to build match row: Fenerbahçe Spor Kulübü vs İstanbul Başakşehir Futbol Kulübü
[3538207] Could not find attributes for roberto soldado (Granada CF, 2020)
[3664416] Failed to build match row: AE Karaiskakis Artas vs AO Xanthi
[3538207] Failed to build match row: Granada CF vs Manchester United Football Club
[4078202] Could not find attributes for alireza beiranvand (Iran, 2024)
[3474575] Could not find attributes for lefteris choutesiotis (PAS Giannina, 2020)
[3474575] Failed to build match row: PAS Giannina vs Athlitiki Enosi Konstantinoupoleos
[4078202] Failed to build match row: Iran vs Palestine
[4399060] Could not find attributes for damjan siskovski (FK Borac Banja Luka, 2024)
[4634033] Failed to scrape lineup: https://www.transfermarkt.co.uk/spielbericht/index/spielbericht/4634033
[4368472] Could not find attributes for leon klassen (Lyngby Boldklub, 2024)
[4399060] Failed to build match row: Panthessalonikios Athlitikos Omilos Konstantinoupoliton vs FK Borac Banja Luka
[4368472] Failed to build match row: Lyngby Boldklub vs Silkeborg Idrætsforening
[3433411] Could not find attributes for jeff chabot (Spezia Calcio, 2020)
[4522617] Could not find attributes for menno koch (Sarpsborg 08 Fotballforening, 2024)
[4522617] Failed to build match row: Fotballklubben Bodø/Glimt vs Sarpsborg 08 Fotballforening
[3433411] Failed to build match row: Associazione Calcio Fiorentina vs Spezia Calcio
[4408902] Could not find attributes for kyriakos aslanidis (Volou Neos Podosferikos Syllogos, 2024)
[4408902] Failed to build match row: Volou Neos Podosferikos Syllogos vs Panetolikos Agrinio
[4120974] Could not find attributes for mohamad sylla (Dundee Football Club, 2023)
[4649318] Failed to scrape lineup: https://www.transfermarkt.co.uk/krylya-sovetov-samara_lokomotiv-moscow/index/spielbericht/4649318
[4120974] Failed to build match row: Dundee Football Club vs St. Johnstone FC
[4648054] Could not find attributes for igor lichnovsky (Fatih Karagümrük Sportif Faaliyetler San. Tic. A.Ş., 2025)
[3589355] Failed to scrape lineup: https://www.transfermarkt.co.uk/olympique-lyon_as-saint-etienne/index/spielbericht/3589355
[4648054] Failed to build match row: Fatih Karagümrük Sportif Faaliyetler San. Tic. A.Ş. vs Gençlerbirliği Spor Kulübü

Keepers & outfield error for **Futebol Clube de Famalicão** in Futebol Clube de Famalicão vs Boavista FC: Numbers: 0 and 11.
[4272773] Could not find attributes for matvey safonov (FK Krasnodar, 2023)
[4109509] Failed to build match row: Futebol Clube de Famalicão vs Boavista FC

Keepers & outfield error for **Real Valladolid CF** in Real Valladolid CF vs Futbol Club Barcelona: Numbers: 2 and 9.
[4640855] Could not find attributes for lazar balevic (Fudbalski klub Napredak Kruševac, 2025)
[4272773] Failed to build match row: FK Krasnodar vs FK Baltika
[3451057] Failed to build match row: Real Valladolid CF vs Futbol Club Barcelona
[4640855] Failed to build match row: Fudbalski klub Napredak Kruševac vs Fudbalski Klub Spartak Ždrepčeva krv
[4361763] Could not find attributes for sindri thor ingimarsson (Stjarnan Gardabaer, 2024)
[4361763] Failed to build match row: Stjarnan Gardabaer vs Linfield FC
[4578341] Could not find attributes for soumaila diabate (Fußballclub Blau-Weiß Linz, 2024)
[4578341] Failed to build match row: Fußballclub Blau-Weiß Linz vs Sportklub Rapid
[4620967] Failed to scrape lineup: https://www.transfermarkt.co.uk/cagliari-calcio_ss-lazio/index/spielbericht/4620967
[4693253] Could not find attributes for dario denis (Boyacá Chicó FC, 2025)
[4693253] Failed to build match row: Boyacá Chicó FC vs Unión Magdalena
[3427127] Could not find attributes for francois moubandje (Alanyaspor, 2020)
[3427127] Failed to build match row: Alanyaspor vs Denizlispor
[3538209] Could not find attributes for jakub hromada (SK Slavia Praha, a.s., 2020)
[3538209] Failed to build match row: SK Slavia Praha, a.s. vs Arsenal Football Club
[3474576] Could not find attributes for dimitrios goutas (APS Atromitos Athinon, 2020)
[3745001] Could not find attributes for thulani serero (Al-Jazira Club, 2021)
[3745001] Failed to build match row: Club de Fútbol Monterrey Rayados A.C. vs Al-Jazira Club
[3474576] Failed to build match row: APS Atromitos Athinon vs Panetolikos Agrinio
[4399061] Could not find attributes for damjan siskovski (FK Borac Banja Luka, 2024)

Keepers & outfield error for **Futebol Clube do Porto** in Futebol Clube do Porto vs Grupo Desportivo Estoril Praia: Numbers: 0 and 11.
[4399061] Failed to build match row: FK Borac Banja Luka vs Panthessalonikios Athlitikos Omilos Konstantinoupoliton
[4095360] Could not find attributes for djordje petrovic (Chelsea Football Club, 2023)
[4095360] Failed to build match row: Arsenal Football Club vs Chelsea Football Club
[4649319] Could not find attributes for kurban rasulov (FK Dinamo Moskva, 2025)
[4649319] Failed to build match row: FK Dinamo Moskva vs FK Sochi
[4408903] Could not find attributes for gelson martins (Olympiakos Syndesmos Filathlon Peiraios, 2024)
[4146791] Could not find attributes for matevz vidovsek (NK Olimpija Ljubljana, 2023)
[4146791] Failed to build match row: NK Olimpija Ljubljana vs Galatasaray Spor Kulübü

Keepers & outfield error for **Atalanta Bergamasca Calcio S.p.a.** in Società Sportiva Calcio Napoli vs Atalanta Bergamasca Calcio S.p.a.: Numbers: 2 and 9.
[3433412] Could not find attributes for gabriele zappa (Cagliari Calcio, 2020)

Keepers & outfield error for **Fleetwood Town** in Barnsley FC vs Fleetwood Town: Numbers: 2 and 9.
[4120975] Could not find attributes for rory whittaker (Hibernian Football Club, 2023)
[3433412] Failed to build match row: Cagliari Calcio vs Torino Calcio
[3844993] Failed to build match row: Società Sportiva Calcio Napoli vs Atalanta Bergamasca Calcio S.p.a.
[4120975] Failed to build match row: Hibernian Football Club vs Motherwell Football Club
[4634034] Failed to build match row: Barnsley FC vs Fleetwood Town
[4640856] Could not find attributes for luka lijeskic (FK Radnički 1923 Kragujevac, 2025)
[4640856] Failed to build match row: FK Radnički 1923 Kragujevac vs Fudbalski klub Crvena zvezda Beograd
[4648055] Could not find attributes for adem arous (Kasımpaşa A.Ş., 2025)
[4174439] Failed to scrape lineup: https://www.transfermarkt.co.uk/fc-rostov_ural-yekaterinburg/index/spielbericht/4174439
[4648055] Failed to build match row: Kasımpaşa A.Ş. vs Kocaelispor Kulübü
[4431663] Failed to scrape lineup: https://www.transfermarkt.co.uk/spielbericht/index/spielbericht/4431663

Keepers & outfield error for **Pisa Sporting Club** in Associazione Calcio Fiorentina vs Pisa Sporting Club: Numbers: 0 and 11.
[4620968] Failed to build match row: Associazione Calcio Fiorentina vs Pisa Sporting Club

Keepers & outfield error for **Futebol Clube de Famalicão** in Futebol Clube de Famalicão vs Rio Ave Futebol Clube: Numbers: 0 and 11.
[4522618] Could not find attributes for zinedin smajlovic (Sandefjord Fotball, 2024)
[4522618] Failed to build match row: Sportsklubben Brann vs Sandefjord Fotball
[4109510] Failed to build match row: Futebol Clube de Famalicão vs Rio Ave Futebol Clube
[4363903] Could not find attributes for haris belkebla (Angers Sporting Club de l'Ouest, 2024)
[4363903] Failed to build match row: Angers Sporting Club de l'Ouest vs Association de la Jeunesse auxerroise

Keepers & outfield error for **FC Paços de Ferreira** in FC Paços de Ferreira vs CS Marítimo: Numbers: 2 and 9.
[3621621] Failed to build match row: FC Paços de Ferreira vs CS Marítimo

Keepers & outfield error for **Manchester City Football Club** in Brighton and Hove Albion Football Club vs Manchester City Football Club: Numbers: 0 and 11.
[4095361] Failed to build match row: Brighton and Hove Albion Football Club vs Manchester City Football Club
[4272774] Could not find attributes for igor akinfeev (PFK CSKA Moskva, 2023)
[3603168] Failed to scrape lineup: https://www.transfermarkt.co.uk/celtic-fc_ross-county-fc/index/spielbericht/3603168
[4272774] Failed to build match row: PFK CSKA Moskva vs FK Spartak Moskva
[4693254] Could not find attributes for jean colorado (Internacional de Bogotá, 2025)
[4693254] Failed to build match row: Internacional de Bogotá vs Asociación Deportivo Pasto
[4578342] Could not find attributes for philipp wiesinger (Fußballklub Austria Wien, 2024)
[4578342] Failed to build match row: Fußballklub Austria Wien vs Sportklub Puntigamer Sturm Graz
[4640857] Could not find attributes for marko milosevic (Fudbalski Klub Partizan Beograd, 2025)
[4798809] Failed to scrape lineup: https://www.transfermarkt.co.uk/spielbericht/index/spielbericht/4798809
[4640857] Failed to build match row: Fudbalski Klub Partizan Beograd vs Omladinski fudbalski klub Beograd
[4146792] Could not find attributes for matevz vidovsek (NK Olimpija Ljubljana, 2023)
[4146792] Failed to build match row: Galatasaray Spor Kulübü vs NK Olimpija Ljubljana
[4750169] Failed to scrape lineup: https://www.transfermarkt.co.uk/al-najma-sc_al-hazem-sc/index/spielbericht/4750169
[3839320] Failed to scrape lineup: https://www.transfermarkt.co.uk/sv-werder-bremen_vfl-wolfsburg/index/spielbericht/3839320
[3474585] Could not find attributes for davino verhulst (Apollon Smyrnis, 2020)
[3474585] Failed to build match row: Olympiakos Syndesmos Filathlon Peiraios vs Apollon Smyrnis
[3538211] Could not find attributes for roberto soldado (Granada CF, 2020)
[4174440] Could not find attributes for nikolay sysuev (FC Orenburg, 2023)
[3538211] Failed to build match row: Manchester United Football Club vs Granada CF
[3664417] Could not find attributes for lefteris astras (Apollon Larisas, 2021)
[4368473] Could not find attributes for ebube duru (Sønderjyske Fodbold, 2024)
[3748331] Could not find attributes for mikel vesga (Athletic Club Bilbao, 2021)
[4174440] Failed to build match row: FC Orenburg vs AO FK Zenit Sankt-Peterburg
[4368473] Failed to build match row: Aalborg BK vs Sønderjyske Fodbold
[3664417] Failed to build match row: Apollon Larisas vs Athlitiki Enosi Larisas
[3748331] Failed to build match row: Athletic Club Bilbao vs Valencia Club de Fútbol S. A. D.
[4522619] Could not find attributes for jan de boer (Bryne FK, 2024)
[4649320] Could not find attributes for evgeniy staver (FC Rubin Kazan, 2025)
[4522619] Failed to build match row: Bryne FK vs Hamarkameratene
[4078203] Could not find attributes for michel termanini (Palestine, 2024)
[4649320] Failed to build match row: FC Rubin Kazan vs PFK CSKA Moskva
[4078203] Failed to build match row: Palestine vs United Arab Emirates
[3860287] Failed to scrape lineup: https://www.transfermarkt.co.uk/giresunspor_mke-ankaragucu/index/spielbericht/3860287
[3886496] Could not find attributes for abner (Real Betis Balompié S.A.D., 2022)
[4399311] Could not find attributes for aleksandr svirskiy (Isloch Minsk Region, 2024)
[3886496] Failed to build match row: Real Betis Balompié S.A.D. vs Futbol Club Barcelona
[4648056] Could not find attributes for ricardo velho (Gençlerbirliği Spor Kulübü, 2025)
[4095362] Could not find attributes for vitinho (Burnley Football Club, 2023)
[4648056] Failed to build match row: Gençlerbirliği Spor Kulübü vs Kasımpaşa A.Ş.
[4095362] Failed to build match row: Burnley Football Club vs Brentford Football Club
[4361764] Could not find attributes for tsotne nadaraia (Torpedo Kutaisi, 2024)
[4361764] Failed to build match row: Torpedo Kutaisi vs KF Tirana
[4472382] Could not find attributes for albert torras (UE Olot, 2024)
[4098804] Could not find attributes for noah fadiga (Koninklijke Atletiek Associatie Gent, 2023)
[4472382] Failed to build match row: UE Olot vs Córdoba CF
[4098804] Failed to build match row: Royal Standard Club de Liège vs Koninklijke Atletiek Associatie Gent
[4109511] Could not find attributes for zanocelo (Grupo Desportivo Estoril Praia, 2023)
[3420912] Could not find attributes for oleg dopilka (FC Minaj, 2020)

Keepers & outfield error for **Real Sociedad de Fútbol S.A.D.** in Athletic Club Bilbao vs Real Sociedad de Fútbol S.A.D.: Numbers: 0 and 11.
[3420912] Failed to build match row: FC Shakhtar Donetsk vs FC Minaj
[3451060] Failed to build match row: Athletic Club Bilbao vs Real Sociedad de Fútbol S.A.D.
[4109511] Failed to build match row: Grupo Desportivo Estoril Praia vs Gil Vicente Futebol Clube
[4272775] Could not find attributes for giorgiy shelia (RFK Akhmat Grozny, 2023)
[4640858] Could not find attributes for zoran popovic (Železničar Pančevo, 2025)
[4578344] Could not find attributes for modou keba cisse (Linzer Athletik-Sport-Klub, 2024)
[4272775] Failed to build match row: RFK Akhmat Grozny vs FK Sochi
[4640858] Failed to build match row: Železničar Pančevo vs Fudbalski Klub Vojvodina
[4578344] Failed to build match row: Linzer Athletik-Sport-Klub vs SK Austria Klagenfurt
[3950067] Could not find attributes for graeme williamson (Wick Academy FC, 2022)
[3950067] Failed to build match row: Wick Academy FC vs Falkirk Football & Athletic Club

Keepers & outfield error for **Al-Taawoun Football Club** in Al-Taawoun Football Club vs Al-Ahli Saudi Football Club: Numbers: 2 and 9.
[4120977] Could not find attributes for cyriel dessers (Rangers Football Club, 2023)
[4120977] Failed to build match row: Rangers Football Club vs Kilmarnock Football Club
[3433414] Could not find attributes for matteo lovato (Verona Hellas Football Club, 2020)
[4750170] Failed to build match row: Al-Taawoun Football Club vs Al-Ahli Saudi Football Club
[3433414] Failed to build match row: Genoa Cricket and Football Club vs Verona Hellas Football Club
[3474586] Could not find attributes for dimitrios goutas (APS Atromitos Athinon, 2020)
[3474586] Failed to build match row: APS Atromitos Athinon vs PAS Giannina
[3538212] Could not find attributes for riccardo calafiori (Associazione Sportiva Roma, 2020)
[3538212] Failed to build match row: Associazione Sportiva Roma vs AFC Ajax Amsterdam
[3427128] Failed to scrape lineup: https://www.transfermarkt.co.uk/kasimpasa_yeni-malatyaspor/index/spielbericht/3427128
[3598182] Could not find attributes for mousa tamari (Oud-Heverlee Leuven, 2021)
[3860288] Could not find attributes for ze luis (Hatayspor, 2022)
[3598182] Failed to build match row: Club Brugge Koninklijke Voetbalvereniging vs Oud-Heverlee Leuven
[3860288] Failed to build match row: Hatayspor vs Beşiktaş Jimnastik Kulübü
[4693255] Could not find attributes for walmer pacheco (Deportivo Pereira, 2025)
[4693255] Failed to build match row: Deportivo Pereira vs Atlético Bucaramanga
[3613174] Failed to scrape lineup: https://www.transfermarkt.co.uk/konyaspor_fatih-karagumruk/index/spielbericht/3613174
[4649321] Could not find attributes for nikita medvedev (FK Nizhny Novgorod, 2025)
[4649321] Failed to build match row: FK Nizhny Novgorod vs FK Spartak Moskva
[4715842] Failed to scrape lineup: https://www.transfermarkt.co.uk/spielbericht/index/spielbericht/4715842
[4174441] Could not find attributes for ilya lantratov (Футбольный клуб "Локомотив" Москва, 2023)
[4174441] Failed to build match row: Футбольный клуб "Локомотив" Москва vs FK Nizhny Novgorod
[4522620] Could not find attributes for emil holten (Fredrikstad Fotballklubb, 2024)
[4522620] Failed to build match row: Fredrikstad Fotballklubb vs Tromsø Idrettslag
[4645556] Could not find attributes for leander dendoncker (Real Oviedo S.A.D., 2025)
[4645556] Failed to build match row: Girona Fútbol Club S. A. D. vs Real Oviedo S.A.D.
[3886497] Could not find attributes for abde ezzalzouli (Club Atlético Osasuna, 2022)
[4850714] Could not find attributes for keisuke kurokawa (D.C. United, 2025)
[4363905] Could not find attributes for ayyoub bouaddi (Lille Olympique Sporting Club, 2024)
[4363905] Failed to build match row: Racing Club de Strasbourg Alsace vs Lille Olympique Sporting Club
[4850714] Failed to build match row: D.C. United vs Orlando City Soccer Club
[3886497] Failed to build match row: Club Atlético Osasuna vs Real Club Deportivo Mallorca S.A.D.
[3901615] Could not find attributes for gustavo busatto (CSKA-Sofia, 2022)
[4387838] Could not find attributes for luccas claro (Eyüp Spor Kulübü, 2024)
[3901615] Failed to build match row: CSKA-Sofia vs FC Basel 1893 AG
[4625455] Could not find attributes for aleksa todorovic (Hrvatski Nogometni Klub Rijeka, 2025)
[3420913] Could not find attributes for oleg kudryk (FK Mariupol, 2020)
[4387838] Failed to build match row: Eyüp Spor Kulübü vs Trabzonspor Kulübü
[4640859] Could not find attributes for zeljko samcovic (Fudbalski Klub Novi Pazar, 2025)
[4578346] Could not find attributes for chibuike nwaiwu (RZ Pellets Wolfsberger Athletiksport Club, 2024)

Keepers & outfield error for **Associazione Sportiva Roma** in Associazione Sportiva Roma vs Unione Sportiva Sassuolo Calcio: Numbers: 0 and 11.
[3420913] Failed to build match row: FK Mariupol vs Futbolniy Klub Dynamo Kyiv
[4578346] Failed to build match row: RZ Pellets Wolfsberger Athletiksport Club vs Fußballclub Red Bull Salzburg
[4640859] Failed to build match row: Fudbalski Klub Novi Pazar vs Fudbalski klub TSC Bačka Topola
[3844994] Failed to build match row: Associazione Sportiva Roma vs Unione Sportiva Sassuolo Calcio
[3474587] Could not find attributes for athanasios garavelis (Volou Neos Podosferikos Syllogos, 2020)
[3474587] Failed to build match row: Volou Neos Podosferikos Syllogos vs Athlitiki Enosi Larisas
[4146793] Could not find attributes for vegard forren (KÍ Klaksvík, 2023)
[4399567] Could not find attributes for ziga frelih (Spartak Trnava, 2024)
[4078204] Could not find attributes for hung fai yapp (Hong Kong, 2024)
[4399567] Failed to build match row: Spartak Trnava vs FK Sarajevo
[4361765] Could not find attributes for gabri cardozo (St Joseph's FC, 2024)
[4361765] Failed to build match row: Shelbourne FC vs St Joseph's FC
[4078204] Failed to build match row: Hong Kong vs Iran
Pierikos Katerini, 2021)
[4146793] Failed to build match row: Molde Fotballklubb vs KÍ Klaksvík
[3664418] Failed to build match row: Pierikos Katerini vs Iraklis Thessaloniki
[3613175] Could not find attributes for emirhan ilkhan (Beşiktaş Jimnastik Kulübü, 2021)
[4693256] Could not find attributes for johan caicedo (Asociación Deportivo Pasto, 2025)
[3613175] Failed to build match row: Kayserispor Kulübü vs Beşiktaş Jimnastik Kulübü
[4431664] Could not find attributes for ingvar jonsson (Víkingur Reykjavík, 2024)
[4272776] Could not find attributes for artur nigmatullin (FK Nizhny Novgorod, 2023)
[4693256] Failed to build match row: Asociación Deportivo Pasto vs Boyacá Chicó FC
[4431664] Failed to build match row: Víkingur Reykjavík vs UE Santa Coloma
[4272776] Failed to build match row: FK Nizhny Novgorod vs Футбольный клуб "Локомотив" Москва

Keepers & outfield error for **Moreirense Futebol Clube** in Moreirense Futebol Clube vs Sporting Clube de Portugal: Numbers: 2 and 9.
[4109512] Failed to build match row: Moreirense Futebol Clube vs Sporting Clube de Portugal

Keepers & outfield error for **Al-Nassr Football Club** in Al-Nassr Football Club vs Al-Hilal Saudi Football Club: Numbers: 0 and 11.
[4750171] Failed to build match row: Al-Nassr Football Club vs Al-Hilal Saudi Football Club
[4799311] Could not find attributes for davide calabria (Panathinaikos Athlitikos Omilos, 2025)
[4799311] Failed to build match row: Panathinaikos Athlitikos Omilos vs Aris Thessalonikis
[4578348] Could not find attributes for philipp wiesinger (Fußballklub Austria Wien, 2024)
[4578348] Failed to build match row: Sportklub Puntigamer Sturm Graz vs Fußballklub Austria Wien
[3474588] Could not find attributes for konstantinos theodoropoulos (PAS Lamia 1964, 2020)
[3474588] Failed to build match row: PAS Lamia 1964 vs Panathinaikos Athlitikos Omilos
[3950323] Could not find attributes for myles boney (South Shields FC, 2022)
[3950323] Failed to build match row: South Shields FC vs Forest Green Rovers

Keepers & outfield error for **FC Vizela** in FC Vizela vs CS Marítimo: Numbers: 0 and 11.
[3621622] Failed to build match row: FC Vizela vs CS Marítimo

Keepers & outfield error for **SD Eibar** in Futbol Club Barcelona vs SD Eibar: Numbers: 2 and 9.
[3451062] Failed to build match row: Futbol Club Barcelona vs SD Eibar
[3901616] Could not find attributes for enric saborit (Maccabi Tel Aviv, 2022)
[4146794] Could not find attributes for shahrudin mahammadaliyev (Qarabağ FK, 2023)

Keepers & outfield error for **Southampton FC** in Association Football Club Bournemouth vs Southampton FC: Numbers: 0 and 11.
[4640860] Could not find attributes for djordje nikolic (Fudbalski klub Čukarički Beograd, 2025)
[3538214] Failed to build match row: Association Football Club Bournemouth vs Southampton FC
[3901616] Failed to build match row: Maccabi Tel Aviv vs Olympique Gymnaste Club Nice Côte d'Azur
[4146794] Failed to build match row: Qarabağ FK vs HJK Helsinki
[4640860] Failed to build match row: Fudbalski klub Čukarički Beograd vs Fudbalski Klub Mladost Lučani
[3420914] Could not find attributes for vitaliy vernydub (FC Zorya Lugansk, 2020)
[3420914] Failed to build match row: FC Zorya Lugansk vs SC Dnipro-1
[4078205] Could not find attributes for alireza beiranvand (Iran, 2024)
[4361766] Could not find attributes for mateo barac (FK Aktobe, 2024)
[4078205] Failed to build match row: Iran vs United Arab Emirates

Keepers & outfield error for **Paris Saint-Germain Football Club** in Paris Saint-Germain Football Club vs Stade Reims: Numbers: 2 and 9.

Keepers & outfield error for **Getafe Club de Fútbol S. A. D. Team Dubai** in Getafe Club de Fútbol S. A. D. Team Dubai vs Espanol: Numbers: 2 and 9.
[4361766] Failed to build match row: FK Aktobe vs FK Sarajevo
[3886498] Failed to build match row: Getafe Club de Fútbol S. A. D. Team Dubai vs Espanol
[3589359] Failed to build match row: Paris Saint-Germain Football Club vs Stade Reims
[4399606] Could not find attributes for emil rockov (FK Sarajevo, 2024)
[4368476] Could not find attributes for ebube duru (Sønderjyske Fodbold, 2024)
[4399606] Failed to build match row: FK Sarajevo vs Spartak Trnava
[4431665] Could not find attributes for aleksandr marochkin (FC Astana, 2024)
[4368476] Failed to build match row: Sønderjyske Fodbold vs Vejle Boldklub
[4431665] Failed to build match row: Sportsklubben Brann vs FC Astana
[4645558] Could not find attributes for jose gaya (Valencia Club de Fútbol S. A. D., 2025)
[4693257] Could not find attributes for walmer pacheco (Deportivo Pereira, 2025)
[4625456] Could not find attributes for matej grahovac (NK Osijek s.d.d., 2025)
[4645558] Failed to build match row: Valencia Club de Fútbol S. A. D. vs Villarreal Club de Fútbol S.A.D.
[4693257] Failed to build match row: Once Caldas vs Deportivo Pereira
[4363906] Could not find attributes for herba guirassy (Football Club de Nantes, 2024)
[4578357] Could not find attributes for martin hinteregger (SK Austria Klagenfurt, 2024)
[3433417] Could not find attributes for milos vulic (FC Crotone, 2020)
e Lyonnais
[4408904] Could not find attributes for nikolaos marinakis (Omilos Filathlon Irakliou FC, 2024)

Keepers & outfield error for **SC Farense** in Sporting Clube de Braga vs SC Farense: Numbers: 2 and 9.
[3433417] Failed to build match row: FC Crotone vs Cagliari Calcio
[4578357] Failed to build match row: Grazer Athletiksport Klub 1902 vs SK Austria Klagenfurt
[4408904] Failed to build match row: Omilos Filathlon Irakliou FC vs Panthessalonikios Athlitikos Omilos Konstantinoupoliton
[4634036] Failed to build match row: Coventry City vs Luton Town
[4109513] Failed to build match row: Sporting Clube de Braga vs SC Farense
[4120979] Could not find attributes for liam scales (The Celtic Football Club, 2023)
[4120979] Failed to build match row: Saint Mirren Football Club vs The Celtic Football Club
[3598183] Could not find attributes for hamza rafia (Royal Standard Club de Liège, 2021)
[3598183] Failed to build match row: Royal Standard Club de Liège vs St Truiden
[4522621] Could not find attributes for knut andre skjaerstein (Kristiansund Ballklubb, 2024)
[4522621] Failed to build match row: FK Haugesund vs Kristiansund Ballklubb
[3901617] Could not find attributes for omri glazer (Hapoel Beer Sheva, 2022)
[4850715] Could not find attributes for puso dithejane (Chicago Fire Soccer Club, 2025)
[3474589] Could not find attributes for marios siampanis (Aris Thessalonikis, 2020)
[3901617] Failed to build match row: U Craiova 1948 Club Sportiv SA vs Hapoel Beer Sheva
[3474589] Failed to build match row: Aris Thessalonikis vs A.G.S Asteras Tripolis
[4850715] Failed to build match row: Chicago Fire Soccer Club vs Sporting Kansas City
[3664419] Could not find attributes for vasilios dimoulas (Thiseas Agrias, 2021)
[3420915] Could not find attributes for yevgen past (Desna Chernigiv, 2020)
[3664419] Failed to build match row: Thiseas Agrias vs Panserraikos Serres
[3538215] Could not find attributes for jurrien timber (AFC Ajax Amsterdam, 2020)
[3538215] Failed to build match row: AFC Ajax Amsterdam vs Vitesse Arnhem
[3420915] Failed to build match row: Desna Chernigiv vs Vorskla Poltava
[3451063] Could not find attributes for javi ontiveros (SD Huesca, 2020)
[3451063] Failed to build match row: Celta vs SD Huesca
[4098808] Could not find attributes for ryotaro tsunoda (KV Kortrijk, 2023)
[4098808] Failed to build match row: KV Kortrijk vs RWD Molenbeek
[4408905] Could not find attributes for alvaro raton (PAS Lamia 1964, 2024)
[4408905] Failed to build match row: PAS Lamia 1964 vs APO Levadiakos Football Club
[3613176] Could not find attributes for yusuf karagoz (Alanyaspor, 2021)
[3613176] Failed to build match row: Alanyaspor vs Yeni Malatyaspor
[4387839] Failed to scrape lineup: https://www.transfermarkt.co.uk/besiktas-jk_sivasspor/index/spielbericht/4387839
[4120980] Could not find attributes for liam scales (The Celtic Football Club, 2023)
[4120980] Failed to build match row: The Celtic Football Club vs Ross County FC
[4578359] Could not find attributes for robert zulj (Linzer Athletik-Sport-Klub, 2024)
[4578359] Failed to build match row: Wattener Sportgemeinschaft Swarovski Tirol vs Linzer Athletik-Sport-Klub
[4620972] Failed to scrape lineup: https://www.transfermarkt.co.uk/ac-milan_parma-calcio-1913/index/spielbericht/4620972

Keepers & outfield error for **AC Monza** in FC Empoli vs AC Monza: Numbers: 0 and 11.
[4373907] Failed to build match row: FC Empoli vs AC Monza
[3901618] Could not find attributes for max walef (SC Dnipro-1, 2022)
[3621623] Could not find attributes for xadas (CS Marítimo, 2021)
[4715845] Could not find attributes for trey nyoni (Liverpool Football Club, 2025)
[4272777] Failed to scrape lineup: https://www.transfermarkt.co.uk/fakel-voronezh_krylya-sovetov-samara/index/spielbericht/4272777
[3621623] Failed to build match row: Moreirense Futebol Clube vs CS Marítimo
[3901618] Failed to build match row: SC Dnipro-1 vs AEK Larnaca
[4715845] Failed to build match row: Liverpool Football Club vs Southampton FC
[4078206] Could not find attributes for ka wing tse (Hong Kong, 2024)
[4361767] Could not find attributes for matija orbanic (NK Bravo, 2024)
[4078206] Failed to build match row: Hong Kong vs Palestine
[4361767] Failed to build match row: NK Bravo vs Connah's Quay Nomads
[3539327] Could not find attributes for colin williamson (Brora Rangers FC, 2020)
[3539327] Failed to build match row: Brora Rangers FC vs Stranraer FC
[3420916] Could not find attributes for yevgen volynets (FK Kolos Kovalivka, 2020)
[3420916] Failed to build match row: FK Kolos Kovalivka vs FC Oleksandriya
[4578360] Could not find attributes for soumaila diabate (Fußballclub Blau-Weiß Linz, 2024)
[4431666] Could not find attributes for qismat aliyev (Zira FC, 2024)
[4578360] Failed to build match row: Fußballclub Blau-Weiß Linz vs Sportklub Puntigamer Sturm Graz
[4431666] Failed to build match row: Zira FC vs Omonia Nicosia
[4750172] Could not find attributes for yassine benzia (Al-Fayha FC, 2025)
[4750172] Failed to build match row: Al-Fayha FC vs Al-Qadsiah Saudi Football Club
[4799312] Failed to scrape lineup: https://www.transfermarkt.co.uk/spielbericht/index/spielbericht/4799312
[3589360] Could not find attributes for hatem ben arfa (Lille Olympique Sporting Club, 2021)
[3589360] Failed to build match row: Lille Olympique Sporting Club vs Paris Saint-Germain Football Club
[4408906] Could not find attributes for panagiotis tsintotas (A.G.S Asteras Tripolis, 2024)
[4408906] Failed to build match row: A.G.S Asteras Tripolis vs Panserraikos Serres
[3427129] Failed to scrape lineup: https://www.transfermarkt.co.uk/fenerbahce_gaziantep-fk/index/spielbericht/3427129
[3860289] Could not find attributes for bahadir gungordu (MKE Ankaragücü, 2022)
[3860289] Failed to build match row: Antalyaspor vs MKE Ankaragücü
[4693259] Could not find attributes for miguel ortega (Llaneros FC, 2025)
inklijke Sportvereniging, 2023)
[4146795] Failed to scrape lineup: https://www.transfermarkt.co.uk/spielbericht/index/spielbericht/4146795
[4098809] Failed to build match row: Cercle Brugge Koninklijke Sportvereniging vs Yellow-Red Koninklijke Voetbalclub Mechelen
[4387840] Could not find attributes for nikola boranijasevic (Konyaspor, 2024)
[4648058] Failed to scrape lineup: https://www.transfermarkt.co.uk/besiktas-jk_trabzonspor/index/spielbericht/4648058
[4387840] Failed to build match row: Konyaspor vs Kayserispor Kulübü
[4368477] Could not find attributes for leon klassen (Lyngby Boldklub, 2024)
[4368477] Failed to build match row: Lyngby Boldklub vs Aarhus Gymnastik Forening
[4850716] Could not find attributes for morrison agyemang (Charlotte Football Club, 2025)
[4850716] Failed to build match row: Nashville SC vs Charlotte Football Club
Not enough players found for lineup: 0, 11.
[3664420] Failed to scrape lineup: https://www.transfermarkt.co.uk/spielbericht/index/spielbericht/3664420
[3433419] Could not find attributes for filippo melegoni (Genoa Cricket and Football Club, 2020)
[3433419] Failed to build match row: Football Club Internazionale Milano S.p.A. vs Genoa Cricket and Football Club
[4625576] Could not find attributes for luka dumancic (FK Zalgiris Vilnius, 2025)
[4272778] Could not find attributes for ilya pomazun (Ural Yekaterinburg, 2023)
[4272778] Failed to build match row: Ural Yekaterinburg vs FK Rostov
[4625576] Failed to build match row: FK Zalgiris Vilnius vs Hamrun Spartans
[3589361] Could not find attributes for sambou soumano (Football Club Lorient-Bretagne Sud, 2021)
[3474590] Could not find attributes for christopher knett (Panetolikos Agrinio, 2020)
[3589361] Failed to build match row: Football Club Lorient-Bretagne Sud vs Racing Club de Lens
[3474590] Failed to build match row: Panetolikos Agrinio vs Panthessalonikios Athlitikos Omilos Konstantinoupoliton
[4578361] Could not find attributes for andrija radulovic (Sportklub Rapid, 2024)
[4578361] Failed to build match row: Sportklub Rapid vs RZ Pellets Wolfsberger Athletiksport Club
[4399797] Failed to scrape lineup: https://www.transfermarkt.co.uk/spielbericht/index/spielbericht/4399797
[3598184] Failed to scrape lineup: https://www.transfermarkt.co.uk/krc-genk_rfc-seraing/index/spielbericht/3598184
[4715846] Failed to build match row: Huddersfield Town vs Manchester City Football Club
[4098810] Could not find attributes for sergiy sydorchuk (Koninklijke Voetbal Club Westerlo, 2023)
[4098810] Failed to build match row: Koninklijke Voetbal Club Westerlo vs Royal Charleroi Sporting Club

Keepers & outfield error for **Sport Lisboa e Benfica** in Sport Lisboa e Benfica vs Futebol Clube de Famalicão: Numbers: 2 and 9.
[3621624] Failed to build match row: Sport Lisboa e Benfica vs Futebol Clube de Famalicão
[3420917] Could not find attributes for betim halimi (Olimpik Donetsk, 2020)
[3420917] Failed to build match row: Olimpik Donetsk vs FC Rukh Lviv
[3860290] Could not find attributes for strahil popov (Ümraniyespor, 2022)
[3860290] Failed to build match row: Ümraniyespor vs İstanbul Başakşehir Futbol Kulübü
[4648059] Could not find attributes for cherif ndiaye (Samsunspor, 2025)
[4648059] Failed to build match row: İstanbul Başakşehir Futbol Kulübü vs Samsunspor
[4431667] Could not find attributes for branimir kalaica (FC Astana, 2024)
[4431667] Failed to build match row: FC Astana vs Sportsklubben Brann
[3451064] Failed to scrape lineup: https://www.transfermarkt.co.uk/cadiz-cf_real-valladolid-cf/index/spielbericht/3451064
[3901619] Could not find attributes for anastasios avlonitis (Apollon Limassol, 2022)
[3901619] Failed to build match row: Apollon Limassol vs Olympiakos Syndesmos Filathlon Peiraios
[4363908] Failed to scrape lineup: https://www.transfermarkt.co.uk/fc-toulouse_montpellier-hsc/index/spielbericht/4363908
[4408907] Could not find attributes for giannis gelios (Athens Kallithea, 2024)

Keepers & outfield error for **Strømsgodset IF** in Strømsgodset IF vs Vålerengens Idrettsforening: Numbers: 0 and 11.
[4578362] Could not find attributes for joane gadou (Fußballclub Red Bull Salzburg, 2024)
[4408907] Failed to build match row: Athens Kallithea vs Panthessalonikios Athlitikos Omilos Konstantinoupoliton
[4522624] Failed to build match row: Strømsgodset IF vs Vålerengens Idrettsforening
[4578362] Failed to build match row: Fußballclub Red Bull Salzburg vs Fußballklub Austria Wien
[4272779] Could not find attributes for nikolay sysuev (FC Orenburg, 2023)
[3613178] Could not find attributes for fredrik ulvestad (Sivasspor, 2021)
[4272779] Failed to build match row: FC Orenburg vs FK Dinamo Moskva
[3613178] Failed to build match row: Galatasaray Spor Kulübü vs Sivasspor
[3427130] Could not find attributes for angelo sagal (Denizlispor, 2020)
ll Club, 2023)
[3427130] Failed to build match row: Denizlispor vs Erzurumspor FK
[4120982] Failed to build match row: Kilmarnock Football Club vs Hibernian Football Club
[4078208] Could not find attributes for ernando ari (Indonesia, 2024)
[3433420] Could not find attributes for matteo lovato (Verona Hellas Football Club, 2020)
[4078208] Failed to build match row: Indonesia vs Iraq
[4146796] Could not find attributes for maksym koval (FC Sheriff Tiraspol, 2023)
[3433420] Failed to build match row: Verona Hellas Football Club vs Juventus Football Club
[4146796] Failed to build match row: FC Sheriff Tiraspol vs BATE Borisov
[4109514] Could not find attributes for abdul awudu (FC Vizela, 2023)
[4109514] Failed to build match row: Sport Lisboa e Benfica vs FC Vizela
[4431668] Could not find attributes for chete (UE Santa Coloma, 2024)
[4431668] Failed to build match row: UE Santa Coloma vs Víkingur Reykjavík
[3539328] Could not find attributes for robbie mutch (Falkirk Football & Athletic Club, 2020)
[3539328] Failed to build match row: The Celtic Football Club vs Falkirk Football & Athletic Club
[4361768] Could not find attributes for vladislavs kurakins (FK Liepaja, 2024)

Keepers & outfield error for **Olympique de Marseille** in Olympique de Marseille vs Angers Sporting Club de l'Ouest: Numbers: 2 and 9.
[4361768] Failed to build match row: FK Liepaja vs Víkingur Gøta
[3589362] Failed to build match row: Olympique de Marseille vs Angers Sporting Club de l'Ouest
[4625577] Could not find attributes for johannes kreidl (Kuopion Palloseura, 2025)
[4625577] Failed to build match row: Kuopion Palloseura vs FC Milsami Orhei
[4799313] Failed to scrape lineup: https://www.transfermarkt.co.uk/spielbericht/index/spielbericht/4799313

Keepers & outfield error for **Verona Hellas Football Club** in Unione Sportiva Sassuolo Calcio vs Verona Hellas Football Club: Numbers: 2 and 9.
[4620974] Failed to build match row: Unione Sportiva Sassuolo Calcio vs Verona Hellas Football Club
[3664421] Could not find attributes for pantelis panagiotopoulos (Panagriniakos, 2021)
[3664421] Failed to build match row: Panagriniakos vs AO Trikala
[4648060] Could not find attributes for mahamadou susoho (Kocaelispor Kulübü, 2025)
[4648060] Failed to build match row: Kocaelispor Kulübü vs Fatih Karagümrük Sportif Faaliyetler San. Tic. A.Ş.
[3420918] Could not find attributes for orest kostyk (PFK Lviv, 2020)
[3621625] Could not find attributes for ilija vukotic (Boavista FC, 2021)

Keepers & outfield error for **Fodbold Club Midtjylland** in Randers Fodbold Club vs Fodbold Club Midtjylland: Numbers: 2 and 9.
[3420918] Failed to build match row: PFK Lviv vs Ingulets Petrove
[4368479] Failed to build match row: Randers Fodbold Club vs Fodbold Club Midtjylland
[3621625] Failed to build match row: Futebol Clube de Famalicão vs Boavista FC
[3427131] Could not find attributes for atiba hutchinson (Beşiktaş Jimnastik Kulübü, 2020)
[3427131] Failed to build match row: Beşiktaş Jimnastik Kulübü vs MKE Ankaragücü
[4693260] Failed to scrape lineup: https://www.transfermarkt.co.uk/union-magdalena_junior-fc/index/spielbericht/4693260
[3603170] Could not find attributes for barrie mckay (Heart of Midlothian Football Club, 2021)
[3603170] Failed to build match row: Heart of Midlothian Football Club vs Livingston Football Club
[3451065] Could not find attributes for antonio barragan (Elche Club de Fútbol S.A.D., 2020)
[3451065] Failed to build match row: Elche Club de Fútbol S.A.D. vs Real Madrid Club de Fútbol
[4272780] Could not find attributes for aleksandr maksimenko (FK Spartak Moskva, 2023)
[4272780] Failed to build match row: FK Spartak Moskva vs Ural Yekaterinburg
[3886500] Failed to scrape lineup: https://www.transfermarkt.co.uk/athletic-bilbao_real-madrid/index/spielbericht/3886500
[4578363] Could not find attributes for joane gadou (Fußballclub Red Bull Salzburg, 2024)
[4578363] Failed to build match row: Sportklub Puntigamer Sturm Graz vs Fußballclub Red Bull Salzburg
[4387842] Could not find attributes for malcom bokele (Göztepe Sportif Yatırımlar A.Ş., 2024)
[4387842] Failed to build match row: Göztepe Sportif Yatırımlar A.Ş. vs Bodrum FK
[4648061] Failed to scrape lineup: https://www.transfermarkt.co.uk/goztepe_gaziantep-fk/index/spielbericht/4648061
[3474591] Failed to scrape lineup: https://www.transfermarkt.co.uk/aek-athens_ofi-crete-fc/index/spielbericht/3474591
[4146797] Could not find attributes for aleksandr marochkin (FC Astana, 2023)
[3950325] Failed to scrape lineup: https://www.transfermarkt.co.uk/spielbericht/index/spielbericht/3950325
[4146797] Failed to build match row: FC Astana vs Ludogorets Razgrad
[3427132] Could not find attributes for mattias johansson (Gençlerbirliği Spor Kulübü, 2020)
[3598185] Failed to scrape lineup: https://www.transfermarkt.co.uk/kaa-gent_cercle-brugge/index/spielbericht/3598185
[3427132] Failed to build match row: Gençlerbirliği Spor Kulübü vs Sivasspor
[4408908] Could not find attributes for julian cuesta (Aris Thessalonikis, 2024)
[4408908] Failed to build match row: Aris Thessalonikis vs Athlitiki Enosi Konstantinoupoleos
[3603171] Could not find attributes for tony gallacher (St. Johnstone FC, 2021)
[3603171] Failed to build match row: St. Johnstone FC vs Motherwell Football Club
[3589363] Could not find attributes for jerome boateng (Olympique Lyonnais, 2021)
[3589363] Failed to build match row: Association sportive de Monaco Football Club vs Olympique Lyonnais
[4272781] Could not find attributes for aleksandr soldatenkov (PFK Krylya Sovetov Samara, 2023)
[4109515] Could not find attributes for leonardo lelo (Casa Pia Atlético Clube, 2023)
rburg
[4109515] Failed to build match row: Casa Pia Atlético Clube vs Futebol Clube de Arouca
[4640861] Failed to scrape lineup: https://www.transfermarkt.co.uk/fk-zeleznicar-pancevo_fk-javor-matis-ivanjica/index/spielbericht/4640861

Keepers & outfield error for **Fulham Football Club** in Fulham Football Club vs Tottenham Hotspur Football Club: Numbers: 2 and 9.
[4095365] Failed to build match row: Fulham Football Club vs Tottenham Hotspur Football Club
[4649322] Could not find attributes for ivan kukushkin (FK Baltika, 2025)
[4649322] Failed to build match row: FK Baltika vs Akron Togliatti
[4174442] Could not find attributes for yuriy dyupin (FC Rubin Kazan, 2023)
[4174442] Failed to build match row: FC Rubin Kazan vs FK Krasnodar
[3420920] Could not find attributes for yevgen volynets (FK Kolos Kovalivka, 2020)
[3420920] Failed to build match row: Futbolniy Klub Dynamo Kyiv vs FK Kolos Kovalivka
[4120983] Could not find attributes for shaun donnellan (Livingston Football Club, 2023)
[4120983] Failed to build match row: Livingston Football Club vs Dundee Football Club
/index/spielbericht/3839332
[4693261] Could not find attributes for danovis banguero (Millonarios FC, 2025)
[3451066] Could not find attributes for roberto soldado (Granada CF, 2020)
[3451066] Failed to build match row: Granada CF vs Valencia Club de Fútbol S. A. D.
[4693261] Failed to build match row: Millonarios FC vs Independiente Santa Fe
[4373910] Could not find attributes for juan cabal (Juventus Football Club, 2024)
[4373910] Failed to build match row: Juventus Football Club vs Calcio Como
[4625578] Could not find attributes for harrison mcgahey (The New Saints, 2025)
[4625578] Failed to build match row: The New Saints vs Shkendija Tetovo
[4750174] Failed to scrape lineup: https://www.transfermarkt.co.uk/al-riyadh-sc_al-fateh-sc/index/spielbericht/4750174

Keepers & outfield error for **Giresunspor** in Giresunspor vs Adana Demirspor: Numbers: 2 and 9.
[3613179] Failed to build match row: Giresunspor vs Adana Demirspor
[4387843] Could not find attributes for burak ingenc (Antalyaspor, 2024)
[4387843] Failed to build match row: İstanbul Başakşehir Futbol Kulübü vs Antalyaspor
[4078209] Could not find attributes for rebin sulaka (Iraq, 2024)
[4078209] Failed to build match row: Iraq vs Japan
[4361769] Could not find attributes for ognjen cancarevic (FC Noah Yerevan, 2024)
[4361769] Failed to build match row: FC Noah Yerevan vs Shkendija Tetovo
[4578365] Could not find attributes for modou keba cisse (Linzer Athletik-Sport-Klub, 2024)
[4578365] Failed to build match row: Linzer Athletik-Sport-Klub vs Turn- und Sportverein Egger Glas Hartberg
[4640862] Could not find attributes for marko milosevic (Fudbalski Klub Partizan Beograd, 2025)
[4640862] Failed to build match row: Fudbalski Klub Partizan Beograd vs Fudbalski Klub Novi Pazar
[4272782] Could not find attributes for igor leshchuk (FK Dinamo Moskva, 2023)
[4272782] Failed to build match row: FK Dinamo Moskva vs FK Rostov
[3901620] Failed to scrape lineup: https://www.transfermarkt.co.uk/spielbericht/index/spielbericht/3901620
[3427133] Could not find attributes for adil demirbag (Konyaspor, 2020)
[3427133] Failed to build match row: Konyaspor vs Kayserispor Kulübü
[4750175] Could not find attributes for kewin (Damac Football Club, 2025)
[4750175] Failed to build match row: Al-Ittihad Football Club vs Damac Football Club
[4109516] Could not find attributes for cafu phete (GD Chaves, 2023)
[4109516] Failed to build match row: GD Chaves vs Boavista FC
[4399798] Could not find attributes for domi berlanga (Inter Club d'Escaldes, 2024)
[4399798] Failed to build match row: Inter Club d'Escaldes vs Athlitiki Enosi Konstantinoupoleos
[4625579] Could not find attributes for giorgi makaridze (Iberia 1999 Tbilisi, 2025)
[4625579] Failed to build match row: Iberia 1999 Tbilisi vs Malmö Fotbollförening
[4098813] Could not find attributes for sergiy sydorchuk (Koninklijke Voetbal Club Westerlo, 2023)
[4098813] Failed to build match row: Royal Antwerp Football Club vs Koninklijke Voetbal Club Westerlo

Keepers & outfield error for **Associazione Calcio Milan** in Unione Sportiva Cremonese S.p.A. vs Associazione Calcio Milan: Numbers: 2 and 9.
[4620976] Failed to build match row: Unione Sportiva Cremonese S.p.A. vs Associazione Calcio Milan
[4120984] Could not find attributes for georgie gent (Motherwell Football Club, 2023)
[4120984] Failed to build match row: St. Johnstone FC vs Motherwell Football Club

Keepers & outfield error for **Espanol** in Espanol vs Elche Club de Fútbol S.A.D.: Numbers: 2 and 9.
[4645563] Failed to build match row: Espanol vs Elche Club de Fútbol S.A.D.
[3664422] Could not find attributes for markos vellidis (Veria NPS, 2021)
[3664422] Failed to build match row: Veria NPS vs Anagennisi Karditsa

Keepers & outfield error for **Atalanta Bergamasca Calcio S.p.a.** in Atalanta Bergamasca Calcio S.p.a. vs FC Empoli: Numbers: 2 and 9.
[3844996] Failed to build match row: Atalanta Bergamasca Calcio S.p.a. vs FC Empoli
[4109517] Could not find attributes for nuno santos (Vitória Sport Clube, 2023)
[4109517] Failed to build match row: Portimonense SC vs Vitória Sport Clube
[3839333] Could not find attributes for soichiro kozuki (FC Schalke 04, 2022)
[3839333] Failed to build match row: Mönchengladbach vs FC Schalke 04
[4693262] Could not find attributes for didier palacios (Envigado FC, 2025)
[4693262] Failed to build match row: Envigado FC vs Rionegro Águilas
[4174443] Could not find attributes for igor akinfeev (PFK CSKA Moskva, 2023)
[4174443] Failed to build match row: PFK CSKA Moskva vs FK Baltika
[4640863] Could not find attributes for vladimir stojkovic (FK Radnički 1923 Kragujevac, 2025)
[4640863] Failed to build match row: FK Radnički 1923 Kragujevac vs Fudbalski klub Čukarički Beograd
[4648063] Could not find attributes for luccas claro (Eyüp Spor Kulübü, 2025)
[4648063] Failed to build match row: Eyüp Spor Kulübü vs Çaykur Rizespor Kulübü
[4472383] Could not find attributes for petr kudakovskiy (CD Numancia, 2024)
[4472383] Failed to build match row: CD Numancia vs Sporting Gijón
[3901621] Could not find attributes for kenan piric (AEK Larnaca, 2022)
[3901621] Failed to build match row: AEK Larnaca vs SC Dnipro-1
Not enough players found for lineup: 0, 11.
[4431679] Failed to scrape lineup: https://www.transfermarkt.co.uk/spielbericht/index/spielbericht/4431679
[4146798] Failed to scrape lineup: https://www.transfermarkt.co.uk/spielbericht/index/spielbericht/4146798
[3621627] Could not find attributes for vitinha (Sporting Clube de Braga, 2021)
[3621627] Failed to build match row: Sporting Clube de Braga vs Futebol Clube de Arouca
[4272783] Could not find attributes for ilya lantratov (Футбольный клуб "Локомотив" Москва, 2023)
[4272783] Failed to build match row: Футбольный клуб "Локомотив" Москва vs FK Krasnodar
[4363910] Could not find attributes for mathis amougou (AS Saint-Étienne, 2024)
[4363910] Failed to build match row: Association de la Jeunesse auxerroise vs AS Saint-Étienne
[3860293] Could not find attributes for tayyip talha sanuc (Beşiktaş Jimnastik Kulübü, 2022)
[3860293] Failed to build match row: Gaziantep Futbol Kulübü A.Ş. vs Beşiktaş Jimnastik Kulübü
[3420921] Could not find attributes for yuriy pankiv (FC Oleksandriya, 2020)
[3420921] Failed to build match row: FC Oleksandriya vs FC Zorya Lugansk
[4174444] Could not find attributes for aleksandr belenov (Fakel Voronezh, 2023)
[4174444] Failed to build match row: Fakel Voronezh vs FK Sochi
[4388083] Could not find attributes for tomas fruhwald (MFK Ruzomberok, 2024)
[4388083] Failed to build match row: MFK Ruzomberok vs Trabzonspor Kulübü
[3427134] Could not find attributes for ismail koybasi (Çaykur Rizespor Kulübü, 2020)
[3427134] Failed to build match row: Antalyaspor vs Çaykur Rizespor Kulübü
[4120985] Could not find attributes for cyriel dessers (Rangers Football Club, 2023)
[4120985] Failed to build match row: Saint Mirren Football Club vs Rangers Football Club
[4625580] Could not find attributes for karl andre vallner (FCI Levadia, 2025)
[4625580] Failed to build match row: FCI Levadia vs FC RFS
[4078210] Could not find attributes for hoang viet anh bui (Vietnam, 2024)
[4078210] Failed to build match row: Vietnam vs Indonesia
[4649323] Failed to scrape lineup: https://www.transfermarkt.co.uk/zenit-st-petersburg_fc-krasnodar/index/spielbericht/4649323
[3950326] Could not find attributes for connor hampson (Curzon Ashton, 2022)
[3613180] Could not find attributes for ryan donk (Kasımpaşa A.Ş., 2021)
[3950326] Failed to build match row: Curzon Ashton vs Cambridge United
[3613180] Failed to build match row: Kasımpaşa A.Ş. vs İstanbul Başakşehir Futbol Kulübü

Keepers & outfield error for **Levante Unión Deportiva S.A.D.** in Real Club Deportivo Mallorca S.A.D. vs Levante Unión Deportiva S.A.D.: Numbers: 0 and 11.
[4645564] Failed to build match row: Real Club Deportivo Mallorca S.A.D. vs Levante Unión Deportiva S.A.D.
[3475968] Could not find attributes for lukas billick (1.FC Schweinfurt 05, 2020)
[3475968] Failed to build match row: 1.FC Schweinfurt 05 vs FC Schalke 04
[3451067] Failed to scrape lineup: https://www.transfermarkt.co.uk/levante-ud_real-betis-balompie/index/spielbericht/3451067
[4373911] Failed to scrape lineup: https://www.transfermarkt.co.uk/ss-lazio_venezia-fc/index/spielbericht/4373911

Keepers & outfield error for **Futebol Clube do Porto** in Futebol Clube do Porto vs Club Football Estrela da Amadora: Numbers: 0 and 11.

Keepers & outfield error for **CD América de Cali** in CD América de Cali vs Deportivo Cali: Numbers: 0 and 11.
[4109518] Failed to build match row: Futebol Clube do Porto vs Club Football Estrela da Amadora
[4693263] Failed to build match row: CD América de Cali vs Deportivo Cali
[3427135] Could not find attributes for lewis baker (Trabzonspor Kulübü, 2020)
[3427135] Failed to build match row: Trabzonspor Kulübü vs Hatayspor
[4649324] Could not find attributes for rustam yatimov (FK Rostov, 2025)
[4649324] Failed to build match row: FK Rostov vs FK Spartak Moskva
[4640864] Could not find attributes for vladimir savic (Fudbalski klub Napredak Kruševac, 2025)
[4640864] Failed to build match row: Fudbalski klub Napredak Kruševac vs Fudbalski Klub Mladost Lučani
[3901625] Could not find attributes for sven karic (NK Maribor, 2022)
[3901625] Failed to build match row: Fotbal Club CFR 1907 Cluj SA vs NK Maribor
[3451068] Could not find attributes for ante budimir (Club Atlético Osasuna, 2020)
[3451068] Failed to build match row: Club Atlético Osasuna vs Alaves
[4750176] Failed to scrape lineup: https://www.transfermarkt.co.uk/neom-sc_al-shabab-fc/index/spielbericht/4750176
[4272784] Could not find attributes for nikolay zabolotnyi (FK Sochi, 2023)
[4272784] Failed to build match row: FK Sochi vs PFK CSKA Moskva
[4620978] Could not find attributes for joseph liteta (Cagliari Calcio, 2025)
[4620978] Failed to build match row: Parma Calcio 1913 vs Cagliari Calcio
[3539329] Could not find attributes for morgyn neill (Dumbarton FC, 2020)
[3539329] Failed to build match row: Dumbarton FC vs Aberdeen Football Club

Keepers & outfield error for **Fatih Karagümrük Sportif Faaliyetler San. Tic. A.Ş.** in Adana Demirspor vs Fatih Karagümrük Sportif Faaliyetler San. Tic. A.Ş.: Numbers: 0 and 11.
[3860294] Failed to build match row: Adana Demirspor vs Fatih Karagümrük Sportif Faaliyetler San. Tic. A.Ş.
[3420922] Could not find attributes for yevgen past (Desna Chernigiv, 2020)
[3420922] Failed to build match row: Desna Chernigiv vs FK Mariupol
[4120986] Could not find attributes for mohamad sylla (Dundee Football Club, 2023)
[4361770] Failed to scrape lineup: https://www.transfermarkt.co.uk/spielbericht/index/spielbericht/4361770
[4399799] Failed to scrape lineup: https://www.transfermarkt.co.uk/spielbericht/index/spielbericht/4399799
[4120986] Failed to build match row: Hibernian Football Club vs Dundee Football Club
[4850717] Failed to scrape lineup: https://www.transfermarkt.co.uk/st-louis-city-sc_san-jose-earthquakes/index/spielbericht/4850717
[4625581] Could not find attributes for faton maloku (FC Drita, 2025)
[4625581] Failed to build match row: FC Drita vs FC Differdange 03
[4098815] Could not find attributes for mark mampassi (KV Kortrijk, 2023)
[4098815] Failed to build match row: Cercle Brugge Koninklijke Sportvereniging vs KV Kortrijk
[3589366] Could not find attributes for youcef belaili (Stade brestois 29, 2021)
[3589366] Failed to build match row: Rennes vs Stade brestois 29
[4373912] Failed to scrape lineup: https://www.transfermarkt.co.uk/us-lecce_atalanta-bc/index/spielbericht/4373912
[4393142] Failed to build match row: Sivasspor vs Gaziantep Futbol Kulübü A.Ş.
[4363911] Could not find attributes for adrien thomasson (Racing Club de Lens, 2024)
[4363911] Failed to build match row: Racing Club de Lens vs Angers Sporting Club de l'Ouest
[4146799] Failed to scrape lineup: https://www.transfermarkt.co.uk/spielbericht/index/spielbericht/4146799
[3664424] Failed to scrape lineup: https://www.transfermarkt.co.uk/spielbericht/index/spielbericht/3664424
[4640865] Could not find attributes for bojan brac (Fudbalski Klub IMT Novi Beograd, 2025)
[4649325] Could not find attributes for sergey pesjakov (PFK Krylya Sovetov Samara, 2025)
[4640865] Failed to build match row: Fudbalski Klub IMT Novi Beograd vs Fudbalski klub TSC Bačka Topola
[4799314] Could not find attributes for petros mantalos (Athlitiki Enosi Konstantinoupoleos, 2025)
[4799314] Failed to build match row: Athlitiki Enosi Konstantinoupoleos vs Omilos Filathlon Irakliou FC
[4174445] Could not find attributes for bogdan ovsyannikov (PFK Krylya Sovetov Samara, 2023)
[4174445] Failed to build match row: PFK Krylya Sovetov Samara vs FK Spartak Moskva
[4361771] Failed to scrape lineup: https://www.transfermarkt.co.uk/spielbericht/index/spielbericht/4361771
[4120987] Failed to scrape lineup: https://www.transfermarkt.co.uk/kilmarnock-fc_aberdeen-fc/index/spielbericht/4120987
[4399800] Failed to scrape lineup: https://www.transfermarkt.co.uk/spielbericht/index/spielbericht/4399800
[4648064] Failed to scrape lineup: https://www.transfermarkt.co.uk/alanyaspor_kayserispor/index/spielbericht/4648064
[4625582] Failed to scrape lineup: https://www.transfermarkt.co.uk/spielbericht/index/spielbericht/4625582
[3598189] Failed to scrape lineup: https://www.transfermarkt.co.uk/r-charleroi-sc_kv-mechelen/index/spielbericht/3598189
[4645566] Failed to scrape lineup: https://www.transfermarkt.co.uk/atletico-de-madrid_villarreal-cf/index/spielbericht/4645566
[4649326] Failed to scrape lineup: https://www.transfermarkt.co.uk/cska-moscow_fc-sochi/index/spielbericht/4649326
[4799989] Failed to scrape lineup: https://www.transfermarkt.co.uk/spielbericht/index/spielbericht/4799989
[4174446] Failed to scrape lineup: https://www.transfermarkt.co.uk/akhmat-grozny_dynamo-moscow/index/spielbericht/4174446
[4361772] Failed to scrape lineup: https://www.transfermarkt.co.uk/spielbericht/index/spielbericht/4361772
[4399968] Failed to scrape lineup: https://www.transfermarkt.co.uk/spielbericht/index/spielbericht/4399968
[4120988] Failed to scrape lineup: https://www.transfermarkt.co.uk/motherwell-fc_celtic-fc/index/spielbericht/4120988
[3539330] Could not find attributes for darren brownlie (Partick Thistle FC, 2020)
[3539330] Failed to build match row: Dundee United Football Club vs Partick Thistle FC
[4693264] Could not find attributes for eder chaux (Independiente Medellín, 2025)
[4693264] Failed to build match row: Independiente Medellín vs Atlético Nacional
index/spielbericht/3844999
[3901626] Could not find attributes for chris shields (Linfield FC, 2022)
[3901626] Failed to build match row: Linfield FC vs FC RFS
[4272785] Could not find attributes for yuriy dyupin (FC Rubin Kazan, 2023)
[4272785] Failed to build match row: FC Rubin Kazan vs RFK Akhmat Grozny
[4750177] Could not find attributes for matheus goncalves (Al-Ahli Saudi Football Club, 2025)
[4750177] Failed to build match row: Al-Riyadh Saudi Club vs Al-Ahli Saudi Football Club
[4645567] Failed to scrape lineup: https://www.transfermarkt.co.uk/fc-barcelona_valencia-cf/index/spielbericht/4645567
[4649327] Failed to scrape lineup: https://www.transfermarkt.co.uk/lokomotiv-moscow_dinamo-makhachkala/index/spielbericht/4649327
[4799990] Failed to scrape lineup: https://www.transfermarkt.co.uk/spielbericht/index/spielbericht/4799990
[4361777] Failed to scrape lineup: https://www.transfermarkt.co.uk/spielbericht/index/spielbericht/4361777
[4120989] Failed to scrape lineup: https://www.transfermarkt.co.uk/rangers-fc_heart-of-midlothian-fc/index/spielbericht/4120989
[4620979] Could not find attributes for francesco coppola (Pisa Sporting Club, 2025)
[4620979] Failed to build match row: Pisa Sporting Club vs Bologna Football Club 1909
[4693265] Failed to scrape lineup: https://www.transfermarkt.co.uk/fortaleza-ceif_internacional-de-bogota/index/spielbericht/4693265
[3950327] Could not find attributes for zico asare (Maidenhead United, 2022)
[3950327] Failed to build match row: Maidenhead United vs Dagenham & Redbridge FC
[3748333] Failed to scrape lineup: https://www.transfermarkt.co.uk/spielbericht/index/spielbericht/3748333
[3427136] Could not find attributes for irfan can egribayat (Göztepe Sportif Yatırımlar A.Ş., 2020)
[3427136] Failed to build match row: Göztepe Sportif Yatırımlar A.Ş. vs Galatasaray Spor Kulübü
[3613181] Could not find attributes for munir el kajoui (Hatayspor, 2021)
[3613181] Failed to build match row: Hatayspor vs Altay SK
[3420923] Could not find attributes for oleksandr bandura (FC Rukh Lviv, 2020)
[3420923] Failed to build match row: FC Rukh Lviv vs SC Dnipro-1

Keepers & outfield error for **Club Atlético de Madrid S.A.D.** in Club Atlético de Madrid S.A.D. vs Real Valladolid CF: Numbers: 2 and 9.
[3886501] Failed to build match row: Club Atlético de Madrid S.A.D. vs Real Valladolid CF
[4640866] Could not find attributes for dusan pavlovic (Fudbalski Klub Radnički Niš, 2025)
[4640866] Failed to build match row: Fudbalski Klub Radnički Niš vs Fudbalski Klub Vojvodina
[4120990] Failed to scrape lineup: https://www.transfermarkt.co.uk/ross-county-fc_livingston-fc/index/spielbericht/4120990
[4634039] Failed to scrape lineup: https://www.transfermarkt.co.uk/spielbericht/index/spielbericht/4634039
[3860295] Could not find attributes for charilaos charisis (Sivasspor, 2022)
[4368480] Failed to scrape lineup: https://www.transfermarkt.co.uk/viborg-ff_fc-nordsjaelland/index/spielbericht/4368480
[3860295] Failed to build match row: Kasımpaşa A.Ş. vs Sivasspor

Keepers & outfield error for **Alaves** in Alaves vs Club Atlético de Madrid S.A.D.: Numbers: 2 and 9.
[3451070] Failed to build match row: Alaves vs Club Atlético de Madrid S.A.D.
[4648065] Could not find attributes for yigit efe demir (Fenerbahçe Spor Kulübü, 2025)
[4648065] Failed to build match row: Fenerbahçe Spor Kulübü vs Eyüp Spor Kulübü
[3613182] Failed to scrape lineup: https://www.transfermarkt.co.uk/goztepe_caykur-rizespor/index/spielbericht/3613182
[4693266] Could not find attributes for wuilker farinez (Rionegro Águilas, 2025)
[4693266] Failed to build match row: Rionegro Águilas vs Independiente Medellín
[3598190] Could not find attributes for lior refaelov (Royal Sporting Club Anderlecht, 2021)
[3598190] Failed to build match row: KV Oostende vs Royal Sporting Club Anderlecht
[3621628] Failed to scrape lineup: https://www.transfermarkt.co.uk/moreirense-fc_fc-vizela/index/spielbericht/3621628
[3886502] Failed to scrape lineup: https://www.transfermarkt.co.uk/fc-barcelona_getafe-cf/index/spielbericht/3886502
[4098817] Failed to scrape lineup: https://www.transfermarkt.co.uk/sint-truidense-vv_r-charleroi-sc/index/spielbericht/4098817
[4625583] Could not find attributes for eljon sota (KF Egnatia, 2025)
[4625583] Failed to build match row: KF Egnatia vs Breidablik Kópavogur

Keepers & outfield error for **Boavista FC** in Boavista FC vs Portimonense SC: Numbers: 2 and 9.
[4109520] Failed to build match row: Boavista FC vs Portimonense SC
[4522625] Could not find attributes for menno koch (Sarpsborg 08 Fotballforening, 2024)
[4522625] Failed to build match row: Sportsklubben Brann vs Sarpsborg 08 Fotballforening
[3539331] Could not find attributes for brett long (East Fife FC, 2020)
[3539331] Failed to build match row: East Fife FC vs Greenock Morton FC
[3860296] Failed to scrape lineup: https://www.transfermarkt.co.uk/konyaspor_alanyaspor/index/spielbericht/3860296
[4648066] Failed to scrape lineup: https://www.transfermarkt.co.uk/kayserispor_konyaspor/index/spielbericht/4648066

Keepers & outfield error for **Real Betis Balompié S.A.D.** in Real Betis Balompié S.A.D. vs Elche Club de Fútbol S.A.D.: Numbers: 2 and 9.
[4799991] Failed to build match row: Real Betis Balompié S.A.D. vs Elche Club de Fútbol S.A.D.
[3613183] Failed to scrape lineup: https://www.transfermarkt.co.uk/besiktas-jk_fenerbahce/index/spielbericht/3613183
[3621629] Failed to scrape lineup: https://www.transfermarkt.co.uk/fc-arouca_portimonense-sc/index/spielbericht/3621629
[4098818] Failed to scrape lineup: https://www.transfermarkt.co.uk/kas-eupen_union-saint-gilloise/index/spielbericht/4098818
[4272786] Could not find attributes for evgeniy latyshonok (FK Baltika, 2023)
[4272786] Failed to build match row: FK Baltika vs FK Nizhny Novgorod

Keepers & outfield error for **Al-Shabab Club** in Al-Shabab Club vs Al-Hilal Saudi Football Club: Numbers: 0 and 11.
[4750178] Failed to build match row: Al-Shabab Club vs Al-Hilal Saudi Football Club
[4146800] Could not find attributes for niki maenpaa (HJK Helsinki, 2023)
[4146800] Failed to build match row: HJK Helsinki vs Qarabağ FK
[3748472] Could not find attributes for lefteris choutesiotis (Ionikos Nikeas, 2021)
[3748472] Failed to build match row: Ionikos Nikeas vs Omilos Filathlon Irakliou FC
[3613184] Failed to scrape lineup: https://www.transfermarkt.co.uk/altay-sk_giresunspor/index/spielbericht/3613184
[3420924] Could not find attributes for betim halimi (Olimpik Donetsk, 2020)
[3420924] Failed to build match row: Olimpik Donetsk vs PFK Lviv
[4408909] Could not find attributes for alexei koselev (APS Atromitos Athinon, 2024)
[4408909] Failed to build match row: APS Atromitos Athinon vs Panathinaikos Athlitikos Omilos
[4649328] Could not find attributes for evgeniy staver (FC Rubin Kazan, 2025)
[4649328] Failed to build match row: FC Rubin Kazan vs FC Orenburg
[4648067] Could not find attributes for taylan antalyali (Çaykur Rizespor Kulübü, 2025)
[4648067] Failed to build match row: Çaykur Rizespor Kulübü vs Beşiktaş Jimnastik Kulübü
[3860297] Could not find attributes for ze luis (Hatayspor, 2022)
[3860297] Failed to build match row: Hatayspor vs Giresunspor
[3427137] Could not find attributes for karim hafez (Yeni Malatyaspor, 2020)
[3427137] Failed to build match row: Yeni Malatyaspor vs Alanyaspor
[4361778] Could not find attributes for marcel sgro (Atlètic Club d'Escaldes, 2024)
[4361778] Failed to build match row: Atlètic Club d'Escaldes vs F91 Dudelange
[4522626] Could not find attributes for emil holten (Fredrikstad Fotballklubb, 2024)
[4522626] Failed to build match row: Fredrikstad Fotballklubb vs KFUM-Kameratene Oslo

Keepers & outfield error for **Clube Desportivo Santa Clara** in Clube Desportivo Santa Clara vs Grupo Desportivo Estoril Praia: Numbers: 0 and 11.
[4750179] Could not find attributes for anthony moris (Al-Khaleej Club (Saihat), 2025)
[4120991] Could not find attributes for adama sidibeh (St. Johnstone FC, 2023)
[3621630] Failed to build match row: Clube Desportivo Santa Clara vs Grupo Desportivo Estoril Praia
[4120991] Failed to build match row: Saint Mirren Football Club vs St. Johnstone FC
[4750179] Failed to build match row: Al-Ittihad Football Club vs Al-Khaleej Club (Saihat)
[4175301] Could not find attributes for grigoris syrakas (AO Acharnaikos, 2023)
[4175301] Failed to build match row: AO Acharnaikos vs Panachaiki GE
[4693267] Could not find attributes for yeison suarez (Junior FC, 2025)
[4693267] Failed to build match row: Junior FC vs Internacional de Bogotá
[4098820] Failed to scrape lineup: https://www.transfermarkt.co.uk/krc-genk_oud-heverlee-leuven/index/spielbericht/4098820
[3845002] Could not find attributes for manolo gabbiadini (UC Sampdoria, 2022)
[3603173] Failed to scrape lineup: https://www.transfermarkt.co.uk/celtic-fc_aberdeen-fc/index/spielbericht/3603173
[3845002] Failed to build match row: UC Sampdoria vs Verona Hellas Football Club
[3860298] Failed to scrape lineup: https://www.transfermarkt.co.uk/alanyaspor_gaziantep-fk/index/spielbericht/3860298
[3427138] Failed to scrape lineup: https://www.transfermarkt.co.uk/gaziantep-fk_kasimpasa/index/spielbericht/3427138
[3598191] Could not find attributes for lior refaelov (Royal Sporting Club Anderlecht, 2021)
[3598191] Failed to build match row: Royal Standard Club de Liège vs Royal Sporting Club Anderlecht
[3451071] Could not find attributes for antonio barragan (Elche Club de Fútbol S.A.D., 2020)
[3451071] Failed to build match row: Athletic Club Bilbao vs Elche Club de Fútbol S.A.D.
[4625584] Could not find attributes for alex passaniti (AC Virtus Acquaviva, 2025)
[4625584] Failed to build match row: AC Virtus Acquaviva vs HSK Zrinjski Mostar
[4640867] Could not find attributes for david stojanovic (Fudbalski klub Radnik Surdulica, 2025)
[4640867] Failed to build match row: Fudbalski klub Radnik Surdulica vs Omladinski fudbalski klub Beograd

Keepers & outfield error for **SC Farense** in SC Farense vs Futebol Clube do Porto: Numbers: 2 and 9.
[4109521] Failed to build match row: SC Farense vs Futebol Clube do Porto
[3621631] Failed to scrape lineup: https://www.transfermarkt.co.uk/sl-benfica_fc-vizela/index/spielbericht/3621631
[4120992] Failed to scrape lineup: https://www.transfermarkt.co.uk/dundee-fc_kilmarnock-fc/index/spielbericht/4120992
[4522627] Failed to scrape lineup: https://www.transfermarkt.co.uk/molde-fk_kristiansund-bk/index/spielbericht/4522627
[3613185] Could not find attributes for ozkan yigiter (Sivasspor, 2021)
[3613185] Failed to build match row: Sivasspor vs Kasımpaşa A.Ş.
[4095366] Could not find attributes for divock origi (Nottingham Forest Football Club, 2023)
[4095366] Failed to build match row: Luton Town vs Nottingham Forest Football Club
[3748473] Could not find attributes for dimitrios chatziisaias (APS Atromitos Athinon, 2021)
[3748473] Failed to build match row: APS Atromitos Athinon vs A.G.S Asteras Tripolis
[3589369] Could not find attributes for adil rami (ESTAC Troyes, 2021)
[3589369] Failed to build match row: ESTAC Troyes vs Football Club de Metz

Keepers & outfield error for **Espanol** in Espanol vs Real Club Deportivo Mallorca S.A.D.: Numbers: 2 and 9.
[4645569] Failed to build match row: Espanol vs Real Club Deportivo Mallorca S.A.D.
[4634040] Could not find attributes for charlie wellens (Leyton Orient, 2025)
[4634040] Failed to build match row: Leyton Orient vs Wycombe Wanderers
[4625585] Failed to scrape lineup: https://www.transfermarkt.co.uk/spielbericht/index/spielbericht/4625585
[3860299] Could not find attributes for emre tasdemir (Galatasaray Spor Kulübü, 2022)
[4408910] Could not find attributes for bressan (Omilos Filathlon Irakliou FC, 2024)
A.Ş. vs Galatasaray Spor Kulübü
[4408910] Failed to build match row: Olympiakos Syndesmos Filathlon Peiraios vs Omilos Filathlon Irakliou FC
[3621632] Failed to scrape lineup: https://www.transfermarkt.co.uk/gil-vicente-fc_estoril-praia/index/spielbericht/3621632
[3433423] Could not find attributes for ardian ismajli (Spezia Calcio, 2020)
[3433423] Failed to build match row: Spezia Calcio vs Parma Calcio 1913
[4146801] Could not find attributes for brynjar atli bragason (Breidablik Kópavogur, 2023)
[4146801] Failed to build match row: Breidablik Kópavogur vs HSK Zrinjski Mostar
[4649329] Could not find attributes for ivan kukushkin (FK Baltika, 2025)
[4649329] Failed to build match row: FK Baltika vs FK Nizhny Novgorod
[3427139] Could not find attributes for tolga cigerci (İstanbul Başakşehir Futbol Kulübü, 2020)
[3427139] Failed to build match row: İstanbul Başakşehir Futbol Kulübü vs Fenerbahçe Spor Kulübü

Keepers & outfield error for **Motherwell Football Club** in Dundee Football Club vs Motherwell Football Club: Numbers: 0 and 11.
[3603174] Failed to build match row: Dundee Football Club vs Motherwell Football Club
[4645570] Could not find attributes for leander dendoncker (Real Oviedo S.A.D., 2025)
[4645570] Failed to build match row: Getafe Club de Fútbol S. A. D. Team Dubai vs Real Oviedo S.A.D.
[4640868] Could not find attributes for luka subotic (Fudbalski Klub Spartak Ždrepčeva krv, 2025)
[4640868] Failed to build match row: Fudbalski Klub Spartak Ždrepčeva krv vs Fudbalski klub Crvena zvezda Beograd
[4522630] Could not find attributes for abubacarr sedi kinteh (Tromsø Idrettslag, 2024)
[4522630] Failed to build match row: Tromsø Idrettslag vs Fotballklubben Bodø/Glimt
[4715850] Could not find attributes for joe emery (Sheffield Wednesday, 2025)
[4715850] Failed to build match row: Sheffield Wednesday vs Grimsby Town
[4399969] Could not find attributes for frederik schram (Valur Reykjavík, 2024)
[4620981] Could not find attributes for lorenzo bernasconi (Atalanta Bergamasca Calcio S.p.a., 2025)
[4399969] Failed to build match row: Valur Reykjavík vs Saint Mirren Football Club
[4620981] Failed to build match row: Unione Sportiva Sassuolo Calcio vs Atalanta Bergamasca Calcio S.p.a.
[3839336] Could not find attributes for dennis geiger (Turn- und Sportgemeinschaft 1899 Hoffenheim Fußball-Spielbetriebs, 2022)
[3839336] Failed to build match row: VfL Bochum vs Turn- und Sportgemeinschaft 1899 Hoffenheim Fußball-Spielbetriebs
[3420925] Could not find attributes for dmytro riznyk (Vorskla Poltava, 2020)
[3420925] Failed to build match row: Vorskla Poltava vs FC Minaj
[4408911] Could not find attributes for epaminondas pantelakis (Panetolikos Agrinio, 2024)
[4408911] Failed to build match row: Panetolikos Agrinio vs APO Levadiakos Football Club
[4648068] Could not find attributes for ahmed traore (Fatih Karagümrük Sportif Faaliyetler San. Tic. A.Ş., 2025)
[4648068] Failed to build match row: Fatih Karagümrük Sportif Faaliyetler San. Tic. A.Ş. vs Alanyaspor
[4625586] Could not find attributes for ognjen cancarevic (FC Noah Yerevan, 2025)
[4625586] Failed to build match row: FC Noah Yerevan vs Buducnost Podgorica
[3589379] Could not find attributes for nabil bentaleb (Angers Sporting Club de l'Ouest, 2021)
[3589379] Failed to build match row: Angers Sporting Club de l'Ouest vs Racing Club de Strasbourg Alsace
[3860300] Could not find attributes for tayyip talha sanuc (Beşiktaş Jimnastik Kulübü, 2022)
[3748474] Could not find attributes for diamantis chouchoumis (Panetolikos Agrinio, 2021)
[3748474] Failed to build match row: Panetolikos Agrinio vs Panathinaikos Athlitikos Omilos
[4640869] Could not find attributes for marko milosevic (Fudbalski Klub Partizan Beograd, 2025)
[4640869] Failed to build match row: Fudbalski Klub Partizan Beograd vs Fudbalski Klub Javor Matis Ivanjica
[3420926] Failed to scrape lineup: https://www.transfermarkt.co.uk/kolos-kovalivka_shakhtar-donetsk/index/spielbericht/3420926
[4368482] Could not find attributes for lirim qamili (Sønderjyske Fodbold, 2024)
[4368482] Failed to build match row: Fodbold Club Midtjylland vs Sønderjyske Fodbold
[3613186] Could not find attributes for efe arda koyuncu (İstanbul Başakşehir Futbol Kulübü, 2021)
[3613186] Failed to build match row: İstanbul Başakşehir Futbol Kulübü vs Galatasaray Spor Kulübü
[3839337] Could not find attributes for arne engels (Fußball-Club Augsburg 1907, 2022)
[3839337] Failed to build match row: Fußball-Club Augsburg 1907 vs Bayer 04 Leverkusen Fußball
[4693268] Could not find attributes for santiago cordoba (Fortaleza CEIF, 2025)
[4693268] Failed to build match row: Fortaleza CEIF vs CD América de Cali
[4078211] Could not find attributes for yuta nakayama (Japan, 2024)
[4078211] Failed to build match row: Japan vs Indonesia

Keepers & outfield error for **Real Sociedad de Fútbol S.A.D.** in Athletic Club Bilbao vs Real Sociedad de Fútbol S.A.D.: Numbers: 2 and 9.
[3603175] Could not find attributes for barrie mckay (Heart of Midlothian Football Club, 2021)
[3476206] Failed to build match row: Athletic Club Bilbao vs Real Sociedad de Fútbol S.A.D.
[3598193] Could not find attributes for darko lemajic (Koninklijke Atletiek Associatie Gent, 2021)
[4095367] Could not find attributes for wes foderingham (Sheffield United, 2023)
[3603175] Failed to build match row: Heart of Midlothian Football Club vs Saint Mirren Football Club
[4095367] Failed to build match row: Manchester United Football Club vs Sheffield United
[3598193] Failed to build match row: KV Kortrijk vs Koninklijke Atletiek Associatie Gent
[4098823] Could not find attributes for mark mampassi (KV Kortrijk, 2023)
[4098823] Failed to build match row: Royale Union Saint-Gilloise vs KV Kortrijk
[4649330] Could not find attributes for vitaliy gudiev (Akron Togliatti, 2025)
[4649330] Failed to build match row: Akron Togliatti vs FK Dinamo Moskva
[4522631] Could not find attributes for zinedin smajlovic (Sandefjord Fotball, 2024)
[4522631] Failed to build match row: Viking Fotballklubb vs Sandefjord Fotball
[3589380] Could not find attributes for youcef belaili (Stade brestois 29, 2021)
[3589380] Failed to build match row: Stade brestois 29 vs ESTAC Troyes
[4175302] Could not find attributes for georgios kaskantamis (Panthrakikos Komotini, 2023)
[4175302] Failed to build match row: Panthrakikos Komotini vs Ethnikos Piraeus

Keepers & outfield error for **Nottingham Forest Football Club** in Swansea City vs Nottingham Forest Football Club: Numbers: 0 and 11.
[4146802] Could not find attributes for vyacheslav dergachev (BATE Borisov, 2023)
b
[4146802] Failed to build match row: BATE Borisov vs FC Sheriff Tiraspol
[3621633] Could not find attributes for ziga frelih (Gil Vicente Futebol Clube, 2021)
[3621633] Failed to build match row: Futebol Clube de Famalicão vs Gil Vicente Futebol Clube
[4648069] Could not find attributes for nazim sangare (Gaziantep Futbol Kulübü A.Ş., 2025)
[4648069] Failed to build match row: Gaziantep Futbol Kulübü A.Ş. vs İstanbul Başakşehir Futbol Kulübü

Keepers & outfield error for **SD Eibar** in SD Eibar vs Granada CF: Numbers: 2 and 9.
[4408912] Could not find attributes for dimitrios chantakias (PAS Lamia 1964, 2024)
[3451072] Failed to build match row: SD Eibar vs Granada CF
[4408912] Failed to build match row: PAS Lamia 1964 vs Volou Neos Podosferikos Syllogos
[3427140] Failed to scrape lineup: https://www.transfermarkt.co.uk/buyuksehir-belediye-erzurumspor_yeni-malatyaspor/index/spielbericht/3427140
[4640870] Could not find attributes for zoran popovic (Železničar Pančevo, 2025)
[3748475] Could not find attributes for boris kleyman (Volou Neos Podosferikos Syllogos, 2021)
[3748475] Failed to build match row: Volou Neos Podosferikos Syllogos vs Olympiakos Syndesmos Filathlon Peiraios
[4640870] Failed to build match row: Železničar Pančevo vs FK Radnički 1923 Kragujevac
Not enough players found for lineup: 0, 0.
[3621634] Could not find attributes for david bruno (Grupo Desportivo Estoril Praia, 2021)
[3664425] Failed to scrape lineup: https://www.transfermarkt.co.uk/spielbericht/index/spielbericht/3664425
[3621634] Failed to build match row: Grupo Desportivo Estoril Praia vs B SAD
[4625587] Failed to build match row: Ludogorets Razgrad vs Dinamo Minsk
[4649331] Could not find attributes for maksim glushenkov (AO FK Zenit Sankt-Peterburg, 2025)
[4649331] Failed to build match row: AO FK Zenit Sankt-Peterburg vs FK Baltika
[3613187] Could not find attributes for munir el kajoui (Hatayspor, 2021)
[4146803] Could not find attributes for simon sluga (Ludogorets Razgrad, 2023)
[3613187] Failed to build match row: Hatayspor vs Trabzonspor Kulübü
[4146803] Failed to build match row: Ludogorets Razgrad vs FC Astana
[4640871] Could not find attributes for zeljko samcovic (Fudbalski Klub Novi Pazar, 2025)
[4640871] Failed to build match row: Fudbalski Klub Novi Pazar vs Fudbalski klub Napredak Kruševac
[4715852] Could not find attributes for antonin kinsky (Tottenham Hotspur Football Club, 2025)
[4715852] Failed to build match row: Tottenham Hotspur Football Club vs Doncaster Rovers
[3603176] Could not find attributes for Stephane Omeonga (Livingston Football Club, 2021)
[3603176] Failed to build match row: Livingston Football Club vs Rangers Football Club
[4175303] Could not find attributes for konstantinos musta (APS Zakynthos, 2023)
[4175303] Failed to build match row: APS Zakynthos vs Niki Volou
[4850718] Could not find attributes for agustin resch (Houston Dynamo, 2025)
[4850718] Failed to build match row: Austin FC vs Houston Dynamo
[3427141] Could not find attributes for zvonimir sarlija (MKE Ankaragücü, 2020)
[3427141] Failed to build match row: MKE Ankaragücü vs Denizlispor
[3748476] Could not find attributes for nordin amrabat (Athlitiki Enosi Konstantinoupoleos, 2021)
[4373917] Could not find attributes for juan cabal (Juventus Football Club, 2024)
[3748476] Failed to build match row: Athlitiki Enosi Konstantinoupoleos vs PAS Giannina
[4399970] Could not find attributes for morgan owen (Caernarfon Town, 2024)
[4373917] Failed to build match row: Verona Hellas Football Club vs Juventus Football Club
[4078212] Could not find attributes for ahmed basil fadhil (Iraq, 2024)
[4399970] Failed to build match row: Caernarfon Town vs Legia Warszawa Spółka Akcyjna
[4078212] Failed to build match row: Iraq vs Vietnam
[3420927] Could not find attributes for artem besedin (Futbolniy Klub Dynamo Kyiv, 2020)
[3420927] Failed to build match row: Futbolniy Klub Dynamo Kyiv vs Olimpik Donetsk
[3901627] Could not find attributes for aldin skenderovic (F91 Dudelange, 2022)
[3901627] Failed to build match row: F91 Dudelange vs KKS Lech Poznań Spółka Akcyjna
[3621635] Could not find attributes for ziga frelih (Gil Vicente Futebol Clube, 2021)
[3621635] Failed to build match row: Gil Vicente Futebol Clube vs Portimonense SC

Keepers & outfield error for **Real Valladolid CF** in Getafe Club de Fútbol S. A. D. Team Dubai vs Real Valladolid CF: Numbers: 2 and 9.
[3451073] Failed to build match row: Getafe Club de Fútbol S. A. D. Team Dubai vs Real Valladolid CF
[4522632] Could not find attributes for vegar hedenstad (Vålerengens Idrettsforening, 2024)

Keepers & outfield error for **Levante Unión Deportiva S.A.D.** in Levante Unión Deportiva S.A.D. vs Real Betis Balompié S.A.D.: Numbers: 0 and 11.
[4522632] Failed to build match row: Vålerengens Idrettsforening vs Hamarkameratene
[4645573] Failed to build match row: Levante Unión Deportiva S.A.D. vs Real Betis Balompié S.A.D.
[4095368] Failed to scrape lineup: https://www.transfermarkt.co.uk/west-ham-united_aston-villa/index/spielbericht/4095368
[4625593] Could not find attributes for henry bonello (Hamrun Spartans, 2025)
[4625593] Failed to build match row: Hamrun Spartans vs FK Zalgiris Vilnius
[4120993] Could not find attributes for liam scales (The Celtic Football Club, 2023)
[4120993] Failed to build match row: Heart of Midlothian Football Club vs The Celtic Football Club
Not enough players found for lineup: 0, 0.
[3664428] Failed to scrape lineup: https://www.transfermarkt.co.uk/spielbericht/index/spielbericht/3664428
[4648071] Could not find attributes for adem arous (Kasımpaşa A.Ş., 2025)
[4648071] Failed to build match row: Kasımpaşa A.Ş. vs Galatasaray Spor Kulübü
[4146804] Could not find attributes for alexandros paschalakis (Olympiakos Syndesmos Filathlon Peiraios, 2023)
[4146804] Failed to build match row: Koninklijke Racing Club Genk vs Olympiakos Syndesmos Filathlon Peiraios
[4098825] Could not find attributes for bakary haidara (Koninklijke Voetbal Club Westerlo, 2023)
[4098825] Failed to build match row: Koninklijke Voetbal Club Westerlo vs St Truiden
[4640872] Could not find attributes for lazar kalicanin (Fudbalski klub Čukarički Beograd, 2025)
[4640872] Failed to build match row: Fudbalski klub Čukarički Beograd vs Fudbalski Klub IMT Novi Beograd
[3860302] Could not find attributes for gokhan akkan (MKE Ankaragücü, 2022)
[3860302] Failed to build match row: MKE Ankaragücü vs Hatayspor
[4522634] Could not find attributes for jan de boer (Bryne FK, 2024)
[4522634] Failed to build match row: KFUM-Kameratene Oslo vs Bryne FK
[3845007] Failed to scrape lineup: https://www.transfermarkt.co.uk/us-cremonese_atalanta-bc/index/spielbericht/3845007
[4408990] Failed to scrape lineup: https://www.transfermarkt.co.uk/slaven-belupo-koprivnica_hnk-sibenik/index/spielbericht/4408990
[4272787] Could not find attributes for aleksandr belenov (Fakel Voronezh, 2023)
[4098826] Failed to scrape lineup: https://www.transfermarkt.co.uk/kas-eupen_rwd-molenbeek/index/spielbericht/4098826
[4146805] Failed to scrape lineup: https://www.transfermarkt.co.uk/spielbericht/index/spielbericht/4146805
Not enough players found for lineup: 11, 0.
[4272787] Failed to build match row: Fakel Voronezh vs FC Orenburg

Keepers & outfield error for **Elche Club de Fútbol S.A.D.** in Sevilla Fútbol Club S.A.D. vs Elche Club de Fútbol S.A.D.: Numbers: 0 and 11.
[4645574] Failed to build match row: Sevilla Fútbol Club S.A.D. vs Elche Club de Fútbol S.A.D.
[3664429] Failed to scrape lineup: https://www.transfermarkt.co.uk/spielbericht/index/spielbericht/3664429
[3427142] Could not find attributes for robin yalcin (Sivasspor, 2020)
[3748477] Could not find attributes for julian cuesta (Aris Thessalonikis, 2021)
[3427142] Failed to build match row: Sivasspor vs Beşiktaş Jimnastik Kulübü
[3748477] Failed to build match row: Aris Thessalonikis vs Panthessalonikios Athlitikos Omilos Konstantinoupoliton
[3451074] Could not find attributes for javi ontiveros (SD Huesca, 2020)
[3451074] Failed to build match row: SD Huesca vs Futbol Club Barcelona
[4715853] Could not find attributes for george abbott (Wycombe Wanderers, 2025)
[4715853] Failed to build match row: Wigan Athletic vs Wycombe Wanderers

Keepers & outfield error for **Sporting Clube de Braga** in Sporting Clube de Braga vs Sportklub Rapid: Numbers: 0 and 11.
[4640873] Failed to scrape lineup: https://www.transfermarkt.co.uk/fk-mladost-lucani_fk-radnicki-nis/index/spielbericht/4640873
[4432874] Failed to build match row: Sporting Clube de Braga vs Sportklub Rapid
[3860303] Failed to build match row: İstanbul Başakşehir Futbol Kulübü vs Giresunspor
[4634042] Failed to scrape lineup: https://www.transfermarkt.co.uk/spielbericht/index/spielbericht/4634042
[4393145] Failed to scrape lineup: https://www.transfermarkt.co.uk/antalyaspor_adana-demirspor/index/spielbericht/4393145
[4522635] Could not find attributes for knut andre skjaerstein (Kristiansund Ballklubb, 2024)
[4522635] Failed to build match row: Kristiansund Ballklubb vs Fotballklubben Bodø/Glimt
[4648072] Could not find attributes for wagner pina (Trabzonspor Kulübü, 2025)
[4648072] Failed to build match row: Trabzonspor Kulübü vs Gençlerbirliği Spor Kulübü
[3839348] Could not find attributes for pierre kunde (VfL Bochum, 2022)
[3839348] Failed to build match row: FC Bayern München vs VfL Bochum
[4408992] Failed to scrape lineup: https://www.transfermarkt.co.uk/hnk-rijeka_nk-varazdin/index/spielbericht/4408992
[3427143] Failed to scrape lineup: https://www.transfermarkt.co.uk/kayserispor_genclerbirligi-ankara/index/spielbericht/3427143
[4146923] Failed to scrape lineup: https://www.transfermarkt.co.uk/spielbericht/index/spielbericht/4146923

Keepers & outfield error for **Espanol** in Espanol vs Real Betis Balompié S.A.D.: Numbers: 0 and 11.
[3886505] Failed to build match row: Espanol vs Real Betis Balompié S.A.D.
Not enough players found for lineup: 0, 0.
[3664430] Failed to scrape lineup: https://www.transfermarkt.co.uk/spielbericht/index/spielbericht/3664430
[4272788] Could not find attributes for mikhail kerzhakov (AO FK Zenit Sankt-Peterburg, 2023)
[4272788] Failed to build match row: AO FK Zenit Sankt-Peterburg vs FK Baltika
[4715854] Failed to scrape lineup: https://www.transfermarkt.co.uk/spielbericht/index/spielbericht/4715854
[4432875] Failed to scrape lineup: https://www.transfermarkt.co.uk/spielbericht/index/spielbericht/4432875
[3621636] Could not find attributes for david bruno (Grupo Desportivo Estoril Praia, 2021)
[3621636] Failed to build match row: Grupo Desportivo Estoril Praia vs Boavista FC
[4393146] Could not find attributes for lionel carole (Kayserispor Kulübü, 2024)
[3476207] Could not find attributes for matheus serrano (Real Titánico, 2020)

Keepers & outfield error for **Millonarios FC** in Alianza FC vs Millonarios FC: Numbers: 3 and 8.
[4393146] Failed to build match row: Kayserispor Kulübü vs Eyüp Spor Kulübü
[3476207] Failed to build match row: Real Titánico vs Anaitasuna FT
[4693269] Failed to build match row: Alianza FC vs Millonarios FC

Keepers & outfield error for **Association Football Club Bournemouth** in Wolverhampton Wanderers Football Club vs Association Football Club Bournemouth: Numbers: 2 and 9.
[4095369] Failed to build match row: Wolverhampton Wanderers Football Club vs Association Football Club Bournemouth
[3420928] Could not find attributes for vitaliy vernydub (FC Zorya Lugansk, 2020)
[3420928] Failed to build match row: FC Zorya Lugansk vs Desna Chernigiv
[4361779] Could not find attributes for stefan tasev (Tikves Kavadarci, 2024)
[4645575] Could not find attributes for jose gaya (Valencia Club de Fútbol S. A. D., 2025)
[4361779] Failed to build match row: Tikves Kavadarci vs Breidablik Kópavogur
[3901628] Failed to scrape lineup: https://www.transfermarkt.co.uk/spielbericht/index/spielbericht/3901628
[3433425] Failed to scrape lineup: https://www.transfermarkt.co.uk/cagliari-calcio_bologna-fc-1909/index/spielbericht/3433425
[3845008] Could not find attributes for giuseppe pezzella (Unione Sportiva Lecce, 2022)
[4645575] Failed to build match row: Valencia Club de Fútbol S. A. D. vs Real Oviedo S.A.D.
[3845008] Failed to build match row: FC Empoli vs Unione Sportiva Lecce
[3613188] Could not find attributes for ismail cokcalis (Adana Demirspor, 2021)
[3613188] Failed to build match row: Adana Demirspor vs Alanyaspor
[4399971] Could not find attributes for frederik schram (Valur Reykjavík, 2024)
[4399971] Failed to build match row: Saint Mirren Football Club vs Valur Reykjavík
[3860304] Could not find attributes for adi mehremic (Istanbulspor, 2022)
[3860304] Failed to build match row: Istanbulspor vs Fenerbahçe Spor Kulübü
[4640874] Could not find attributes for nikola simic (Fudbalski klub TSC Bačka Topola, 2025)
[4640874] Failed to build match row: Fudbalski klub TSC Bačka Topola vs Fudbalski klub Radnik Surdulica
[4578369] Could not find attributes for djawal kaiba (Sportclub Rheindorf Altach, 2024)
[4578369] Failed to build match row: Sportclub Rheindorf Altach vs SK Austria Klagenfurt
[4648073] Could not find attributes for mahamadou susoho (Kocaelispor Kulübü, 2025)
[4648073] Failed to build match row: Antalyaspor vs Kocaelispor Kulübü
[4625594] Failed to scrape lineup: https://www.transfermarkt.co.uk/spielbericht/index/spielbericht/4625594
[3950328] Could not find attributes for baba fernandes (Accrington Stanley, 2022)
[3950328] Failed to build match row: Crawley Town vs Accrington Stanley
[3420929] Failed to scrape lineup: https://www.transfermarkt.co.uk/fk-mariupol_fc-oleksandriya/index/spielbericht/3420929
[4750180] Could not find attributes for nacho fernandez (Al-Qadsiah Saudi Football Club, 2025)
[4750180] Failed to build match row: Al-Qadsiah Saudi Football Club vs Al-Taawoun Football Club
[3748478] Could not find attributes for athanasios garavelis (PAS Lamia 1964, 2021)
rispor/index/spielbericht/3613189
[4522637] Could not find attributes for menno koch (Sarpsborg 08 Fotballforening, 2024)
[3748478] Failed to build match row: PAS Lamia 1964 vs Apollon Smyrnis

Keepers & outfield error for **Olympique Lyonnais** in Olympique Lyonnais vs Olympique Gymnaste Club Nice Côte d'Azur: Numbers: 2 and 9.
[4522637] Failed to build match row: Sarpsborg 08 Fotballforening vs FK Haugesund
[3427144] Could not find attributes for ismail koybasi (Çaykur Rizespor Kulübü, 2020)
[3427144] Failed to build match row: Çaykur Rizespor Kulübü vs Konyaspor
[3603178] Could not find attributes for lars dendoncker (St. Johnstone FC, 2021)
[3589383] Failed to build match row: Olympique Lyonnais vs Olympique Gymnaste Club Nice Côte d'Azur

Keepers & outfield error for **Oxford United** in Oxford United vs Colchester United: Numbers: 2 and 9.
[3603178] Failed to build match row: St. Johnstone FC vs Hibernian Football Club
[4648074] Failed to scrape lineup: https://www.transfermarkt.co.uk/goztepe_konyaspor/index/spielbericht/4648074
[4634043] Failed to build match row: Oxford United vs Colchester United
[4272789] Could not find attributes for sergey pesjakov (FK Rostov, 2023)
[4393147] Could not find attributes for riechedly bazoer (Konyaspor, 2024)
[4272789] Failed to build match row: FK Rostov vs FK Sochi
[4393147] Failed to build match row: Samsunspor vs Konyaspor
[4472384] Could not find attributes for samu manchon (CD Coria, 2024)
[3476208] Could not find attributes for xabi barace (Racing Rioja CF (-2024), 2020)
[4472384] Failed to build match row: CD Coria vs Elche Club de Fútbol S.A.D.
[3476208] Failed to build match row: Racing Rioja CF (-2024) vs CD Colegios Diocesanos
[3427145] Failed to scrape lineup: https://www.transfermarkt.co.uk/hatayspor_antalyaspor/index/spielbericht/3427145
[4175304] Could not find attributes for manolis kalogerakis (PAE Chania, 2023)
[4175304] Failed to build match row: PAE Chania vs Apollon Pontou

Keepers & outfield error for **AC Monza** in AC Monza vs Genoa Cricket and Football Club: Numbers: 0 and 11.
[4373919] Failed to build match row: AC Monza vs Genoa Cricket and Football Club
[4400048] Could not find attributes for akos kinyik (Paksi FC, 2024)
[4400048] Failed to build match row: Paksi FC vs AEK Larnaca
[4850720] Could not find attributes for thomas muller (Vancouver Whitecaps FC, 2025)
[4578370] Could not find attributes for zeteny jano (Grazer Athletiksport Klub 1902, 2024)
[4578370] Failed to build match row: Grazer Athletiksport Klub 1902 vs Linzer Athletik-Sport-Klub
[4648283] Failed to scrape lineup: https://www.transfermarkt.co.uk/fc-copenhagen_aarhus-gf/index/spielbericht/4648283
[4634045] Failed to scrape lineup: https://www.transfermarkt.co.uk/spielbericht/index/spielbericht/4634045
[4625595] Could not find attributes for baboucarr gaye (Shkendija Tetovo, 2025)
[4625595] Failed to build match row: Shkendija Tetovo vs The New Saints
[4120995] Could not find attributes for cyriel dessers (Rangers Football Club, 2023)
[4120995] Failed to build match row: Rangers Football Club vs Motherwell Football Club
[3664432] Could not find attributes for georgios kollias (AO Giouchtas, 2021)
[3664432] Failed to build match row: AO Giouchtas vs AO Agios Nikolaos
[3839350] Could not find attributes for michael gregoritsch (Sport-Club Freiburg, 2022)
[3839350] Failed to build match row: Sport-Club Freiburg vs Verein für Bewegungsspiele Stuttgart 1893
[4098828] Failed to build match row: Koninklijke Atletiek Associatie Gent vs Koninklijke Voetbal Club Westerlo
[3420930] Could not find attributes for valeriy yurchuk (SC Dnipro-1, 2020)
[3420930] Failed to build match row: SC Dnipro-1 vs Ingulets Petrove
[3748479] Could not find attributes for jose luis valiente (A.G.S Asteras Tripolis, 2021)
[3748479] Failed to build match row: A.G.S Asteras Tripolis vs Aris Thessalonikis
[3901629] Could not find attributes for guram kashia (Slovan Bratislava, 2022)
[3901629] Failed to build match row: Slovan Bratislava vs HSK Zrinjski Mostar
[4272790] Could not find attributes for igor akinfeev (PFK CSKA Moskva, 2023)
[4272790] Failed to build match row: PFK CSKA Moskva vs Fakel Voronezh

Keepers & outfield error for **Trabzonspor Kulübü** in Trabzonspor Kulübü vs Beşiktaş Jimnastik Kulübü: Numbers: 2 and 9.
[4393148] Failed to build match row: Trabzonspor Kulübü vs Beşiktaş Jimnastik Kulübü
[3613190] Could not find attributes for konrad michalak (Konyaspor, 2021)
[3613190] Failed to build match row: Antalyaspor vs Konyaspor
[3433426] Failed to scrape lineup: https://www.transfermarkt.co.uk/atalanta-bc_fc-crotone/index/spielbericht/3433426
[3950329] Could not find attributes for ryan boot (Solihull Moors, 2022)
[3950329] Failed to build match row: Solihull Moors vs Hartlepool United
[3621637] Could not find attributes for alisson safira (B SAD, 2021)
[3621637] Failed to build match row: B SAD vs Portimonense SC
[3886507] Could not find attributes for momo mbaye (Cádiz CF, 2022)
[4578371] Could not find attributes for furkan demir (Turn- und Sportverein Egger Glas Hartberg, 2024)
[4432877] Could not find attributes for tjay de barr (Lincoln Red Imps FC, 2024)
[4578371] Failed to build match row: Turn- und Sportverein Egger Glas Hartberg vs Wattener Sportgemeinschaft Swarovski Tirol
[3886507] Failed to build match row: Sevilla Fútbol Club S.A.D. vs Cádiz CF
[4432877] Failed to build match row: Lincoln Red Imps FC vs Larne FC
[4120996] Could not find attributes for sven sprangler (St. Johnstone FC, 2023)
[4078214] Could not find attributes for lavere corbin ong (Malaysia, 2024)
[4078214] Failed to build match row: Malaysia vs Jordan
[4120996] Failed to build match row: St. Johnstone FC vs Livingston Football Club
[4146924] Could not find attributes for ilya trunin (FC Murom, 2023)
io, 2025)
[4620983] Failed to build match row: Udinese Calcio vs Associazione Calcio Fiorentina
[4146924] Failed to build match row: FC Murom vs 2DROTS Moskau
[3539332] Could not find attributes for aaron muirhead (Ayr United FC, 2020)
[3539332] Failed to build match row: Ayr United FC vs Clyde FC
[4472385] Could not find attributes for oscar arroyo (UD Barbastro, 2024)
[4098829] Could not find attributes for ryotaro tsunoda (KV Kortrijk, 2023)
[3860306] Could not find attributes for campanharo (Kayserispor Kulübü, 2022)
[3420931] Could not find attributes for oleksandr bandura (FC Rukh Lviv, 2020)
[4098829] Failed to build match row: KV Kortrijk vs Oud-Heverlee Leuven

Keepers & outfield error for **Burgos CF** in Burgos CF vs Valencia Club de Fútbol S. A. D.: Numbers: 0 and 11.
[3589384] Could not find attributes for louis mafouta (Football Club de Metz, 2021)
[3420931] Failed to build match row: FC Rukh Lviv vs Vorskla Poltava
[3860306] Failed to build match row: Kayserispor Kulübü vs Adana Demirspor
[4472385] Failed to build match row: UD Barbastro vs SD Amorebieta
[3748480] Could not find attributes for diamantis chouchoumis (Panetolikos Agrinio, 2021)
[4799994] Failed to build match row: Burgos CF vs Valencia Club de Fútbol S. A. D.
[3589384] Failed to build match row: Football Club de Metz vs Olympique de Marseille
[3748480] Failed to build match row: Panetolikos Agrinio vs Volou Neos Podosferikos Syllogos
[4625596] Could not find attributes for giorgi makaridze (Iberia 1999 Tbilisi, 2025)
[4408993] Could not find attributes for matthew steenvoorden (HNK Gorica, 2024)
[4625596] Failed to build match row: Malmö Fotbollförening vs Iberia 1999 Tbilisi
[4408993] Failed to build match row: HNK Gorica vs NK Istra 1961
[4272791] Could not find attributes for ilya pomazun (Ural Yekaterinburg, 2023)
[4272791] Failed to build match row: Ural Yekaterinburg vs PFK Krylya Sovetov Samara

Keepers & outfield error for **Galatasaray Spor Kulübü** in Galatasaray Spor Kulübü vs Çaykur Rizespor Kulübü: Numbers: 2 and 9.
[4393149] Failed to build match row: Galatasaray Spor Kulübü vs Çaykur Rizespor Kulübü
[3901631] Could not find attributes for gustavo busatto (CSKA-Sofia, 2022)
[3901631] Failed to build match row: FC Basel 1893 AG vs CSKA-Sofia
[3603181] Could not find attributes for barrie mckay (Heart of Midlothian Football Club, 2021)
[3603181] Failed to build match row: Heart of Midlothian Football Club vs Ross County FC
[3621638] Could not find attributes for david bruno (Grupo Desportivo Estoril Praia, 2021)
[3621638] Failed to build match row: Futebol Clube de Famalicão vs Grupo Desportivo Estoril Praia
[4649332] Could not find attributes for stanislav agkatsev (FK Krasnodar, 2025)
[4649332] Failed to build match row: FK Krasnodar vs FK Rostov
[4620984] Could not find attributes for roberto gagliardini (Verona Hellas Football Club, 2025)
[4620984] Failed to build match row: Verona Hellas Football Club vs Società Sportiva Calcio Napoli
[4578372] Could not find attributes for chibuike nwaiwu (RZ Pellets Wolfsberger Athletiksport Club, 2024)
[4578372] Failed to build match row: RZ Pellets Wolfsberger Athletiksport Club vs Fußballklub Austria Wien
[4432878] Could not find attributes for sergiy vakulenko (FC Pyunik Yerevan, 2024)
[4432878] Failed to build match row: FC Pyunik Yerevan vs NK Celje
[4400049] Could not find attributes for zlatan alomerovic (AEK Larnaca, 2024)

Keepers & outfield error for **Aston Villa Football Club** in Aston Villa Football Club vs Wolverhampton Wanderers Football Club: Numbers: 0 and 11.
[4400049] Failed to build match row: AEK Larnaca vs Paksi FC
[4095371] Failed to build match row: Aston Villa Football Club vs Wolverhampton Wanderers Football Club
[3476209] Could not find attributes for omar balde (CF Montañesa, 2020)
[3476209] Failed to build match row: CF Montañesa vs CD Cantolagua
[4750181] Could not find attributes for aboubacar bah (Al-Hazem Sport Club, 2025)
[4750181] Failed to build match row: Al-Hazem Sport Club vs Al-Ettifaq Football Club
[4175306] Could not find attributes for leonidas moustakas (AO Chaniotis, 2023)
[4175306] Failed to build match row: AO Chaniotis vs Tilykratis Lefkadas

Keepers & outfield error for **Rio Ave Futebol Clube** in Rio Ave Futebol Clube vs Grupo Desportivo Estoril Praia: Numbers: 2 and 9.
[4109523] Failed to build match row: Rio Ave Futebol Clube vs Grupo Desportivo Estoril Praia
[3539333] Could not find attributes for craig mckeown (Formartine United FC, 2020)
[3613191] Failed to scrape lineup: https://www.transfermarkt.co.uk/fatih-karagumruk_goztepe/index/spielbericht/3613191
[3539333] Failed to build match row: Formartine United FC vs Motherwell Football Club
[4120997] Could not find attributes for duktm (Aberdeen Football Club, 2023)

Keepers & outfield error for **Motherwell Football Club** in Motherwell Football Club vs Livingston Football Club: Numbers: 0 and 11.
[4120997] Failed to build match row: Saint Mirren Football Club vs Aberdeen Football Club
[3427146] Could not find attributes for lewis baker (Trabzonspor Kulübü, 2020)
[3420932] Could not find attributes for mislav matic (FC Minaj, 2020)
[4098830] Could not find attributes for hakim sahabo (Royal Standard Club de Liège, 2023)
[3603182] Failed to build match row: Motherwell Football Club vs Livingston Football Club
[3427146] Failed to build match row: Galatasaray Spor Kulübü vs Trabzonspor Kulübü
[3748481] Could not find attributes for lefteris choutesiotis (Ionikos Nikeas, 2021)
[3420932] Failed to build match row: FC Minaj vs PFK Lviv
[3748481] Failed to build match row: Panthessalonikios Athlitikos Omilos Konstantinoupoliton vs Ionikos Nikeas

Keepers & outfield error for **Valencia Club de Fútbol S. A. D.** in Valencia Club de Fútbol S. A. D. vs UD Almería: Numbers: 2 and 9.
[4098830] Failed to build match row: Cercle Brugge Koninklijke Sportvereniging vs Royal Standard Club de Liège
[4272792] Could not find attributes for igor leshchuk (FK Dinamo Moskva, 2023)
[3886508] Failed to build match row: Valencia Club de Fútbol S. A. D. vs UD Almería
[3839352] Could not find attributes for renato veiga (Fußball-Club Augsburg 1907, 2022)
[4272792] Failed to build match row: FK Dinamo Moskva vs FK Spartak Moskva
[3839352] Failed to build match row: 1. Fußball- und Sportverein Mainz 05 vs Fußball-Club Augsburg 1907
[4408994] Could not find attributes for niko galesic (GNK Dinamo Zagreb, 2024)
[4408994] Failed to build match row: GNK Dinamo Zagreb vs NK Osijek s.d.d.
[4522640] Could not find attributes for elias hagen (Vålerengens Idrettsforening, 2024)
[4522640] Failed to build match row: Vålerengens Idrettsforening vs Fredrikstad Fotballklubb
[4393150] Could not find attributes for ali aytemur (Bodrum FK, 2024)
[4393150] Failed to build match row: Bodrum FK vs İstanbul Başakşehir Futbol Kulübü
[3901632] Could not find attributes for gabriel isik (FC Vaduz, 2022)
[3901632] Failed to build match row: Sportklub Rapid vs FC Vaduz

Keepers & outfield error for **Olympique Lyonnais** in Olympique de Marseille vs Olympique Lyonnais: Numbers: 0 and 11.
[4363914] Failed to build match row: Olympique de Marseille vs Olympique Lyonnais
[4620985] Could not find attributes for lorenzo bernasconi (Atalanta Bergamasca Calcio S.p.a., 2025)
[4620985] Failed to build match row: Atalanta Bergamasca Calcio S.p.a. vs Udinese Calcio
[4578373] Could not find attributes for nikolaus wurmbrand (Sportklub Rapid, 2024)
[4578373] Failed to build match row: Sportklub Rapid vs Sportklub Puntigamer Sturm Graz
[4625597] Could not find attributes for ziga lipuscek (FC RFS, 2025)
[4625597] Failed to build match row: FC RFS vs FCI Levadia

Keepers & outfield error for **Al-Fateh Club** in Al-Fateh Club vs Damac Football Club: Numbers: 0 and 11.
[4750182] Failed to build match row: Al-Fateh Club vs Damac Football Club
[4361791] Could not find attributes for kenan bajric (Slovan Bratislava, 2024)
[4146925] Failed to scrape lineup: https://www.transfermarkt.co.uk/spielbericht/index/spielbericht/4146925
[4361791] Failed to build match row: Slovan Bratislava vs Struga Trim & Lum
[4649333] Could not find attributes for andrey lunev (FK Dinamo Moskva, 2025)
[4649333] Failed to build match row: FK Dinamo Moskva vs PFK Krylya Sovetov Samara
[3589385] Could not find attributes for sambou soumano (Football Club Lorient-Bretagne Sud, 2021)

Keepers & outfield error for **Alaves** in Alaves vs Rayo Vallecano de Madrid S. A. D.: Numbers: 0 and 11.
[3589385] Failed to build match row: Association sportive de Monaco Football Club vs Football Club Lorient-Bretagne Sud
[4799997] Failed to build match row: Alaves vs Rayo Vallecano de Madrid S. A. D.
[3621639] Could not find attributes for ilija vukotic (Boavista FC, 2021)
[3621639] Failed to build match row: Boavista FC vs Futebol Clube de Arouca
[3603183] Could not find attributes for borna barisic (Rangers Football Club, 2021)
[3603183] Failed to build match row: Rangers Football Club vs Saint Mirren Football Club
Not enough players found for lineup: 11, 0.
[3476210] Failed to scrape lineup: https://www.transfermarkt.co.uk/spielbericht/index/spielbericht/3476210
[4522641] Could not find attributes for emil holten (Fredrikstad Fotballklubb, 2024)
[4522641] Failed to build match row: Hamarkameratene vs Fredrikstad Fotballklubb
[4393151] Could not find attributes for christopher lungoyi (Gaziantep Futbol Kulübü A.Ş., 2024)
[4393151] Failed to build match row: Gaziantep Futbol Kulübü A.Ş. vs Trabzonspor Kulübü
[4432879] Could not find attributes for mark jensen (KÍ Klaksvík, 2024)
[4432879] Failed to build match row: KÍ Klaksvík vs HJK Helsinki
[4693270] Could not find attributes for jhon gamboa (Envigado FC, 2025)
[4693270] Failed to build match row: Once Caldas vs Envigado FC
[4146926] Could not find attributes for aleksandr bazhenov (Spartak Tambov, 2023)
[4146926] Failed to build match row: Spartak Tambov vs Dinamo Bryansk
[4109524] Could not find attributes for mansur (Club Football Estrela da Amadora, 2023)
[4109524] Failed to build match row: Club Football Estrela da Amadora vs Sport Lisboa e Benfica
[4368491] Could not find attributes for leon klassen (Lyngby Boldklub, 2024)
[4625598] Failed to scrape lineup: https://www.transfermarkt.co.uk/spielbericht/index/spielbericht/4625598
[3839353] Could not find attributes for dennis geiger (Turn- und Sportgemeinschaft 1899 Hoffenheim Fußball-Spielbetriebs, 2022)
[4368491] Failed to build match row: Lyngby Boldklub vs Viborg Fodsports Forening
[3839353] Failed to build match row: Turn- und Sportgemeinschaft 1899 Hoffenheim Fußball-Spielbetriebs vs Bayer 04 Leverkusen Fußball
[4373923] Failed to scrape lineup: https://www.transfermarkt.co.uk/torino-fc_atalanta-bc/index/spielbericht/4373923
[3433429] Failed to scrape lineup: https://www.transfermarkt.co.uk/acf-fiorentina_as-roma/index/spielbericht/3433429
[4272793] Could not find attributes for giorgiy shelia (RFK Akhmat Grozny, 2023)
[4272793] Failed to build match row: RFK Akhmat Grozny vs Футбольный клуб "Локомотив" Москва
[3476211] Could not find attributes for javi apolinar (UD Tomares, 2020)
[3476211] Failed to build match row: UD Tomares vs CP Chinato
[3901633] Could not find attributes for moses usor (SK Slavia Praha, a.s., 2022)
[3901633] Failed to build match row: SK Slavia Praha, a.s. vs RKS Raków Częstochowa SA
[4361792] Could not find attributes for josh pask (The New Saints, 2024)
[4361792] Failed to build match row: The New Saints vs FK Decic Tuzi
[4715917] Could not find attributes for philip billing (Fodbold Club Midtjylland, 2025)
[4715917] Failed to build match row: Associazione Sportiva Roma vs Fodbold Club Midtjylland
[4649334] Could not find attributes for anton mitryushkin (Футбольный клуб "Локомотив" Москва, 2025)
[4649334] Failed to build match row: Футбольный клуб "Локомотив" Москва vs FK Nizhny Novgorod
[4098831] Could not find attributes for philipe sampaio (RWD Molenbeek, 2023)
[4098831] Failed to build match row: Yellow-Red Koninklijke Voetbalclub Mechelen vs RWD Molenbeek
[4095373] Could not find attributes for djordje petrovic (Chelsea Football Club, 2023)
[4095373] Failed to build match row: Chelsea Football Club vs Burnley Football Club

Keepers & outfield error for **Villarreal Club de Fútbol S.A.D.** in Villarreal Club de Fútbol S.A.D. vs Girona Fútbol Club S. A. D.: Numbers: 2 and 9.
[3886509] Failed to build match row: Villarreal Club de Fútbol S.A.D. vs Girona Fútbol Club S. A. D.
[3420933] Could not find attributes for oleksandr bandura (FC Rukh Lviv, 2020)
[4400056] Could not find attributes for gianluca vivan (La Fiorita 1967, 2024)
[3420933] Failed to build match row: FC Shakhtar Donetsk vs FC Rukh Lviv
[4400056] Failed to build match row: İstanbul Başakşehir Futbol Kulübü vs La Fiorita 1967
[3621640] Could not find attributes for paulinho (Moreirense Futebol Clube, 2021)
[3621640] Failed to build match row: Moreirense Futebol Clube vs Clube Desportivo de Tondela
[4120998] Could not find attributes for duktm (Aberdeen Football Club, 2023)
[4522643] Could not find attributes for samukele kabini (Molde Fotballklubb, 2024)
[4120998] Failed to build match row: Aberdeen Football Club vs Hibernian Football Club
[4522643] Failed to build match row: Molde Fotballklubb vs Strømsgodset IF
[4393152] Could not find attributes for malcom bokele (Göztepe Sportif Yatırımlar A.Ş., 2024)
[4393152] Failed to build match row: Göztepe Sportif Yatırımlar A.Ş. vs Kayserispor Kulübü
Not enough players found for lineup: 0, 0.
[3476212] Failed to scrape lineup: https://www.transfermarkt.co.uk/spielbericht/index/spielbericht/3476212
[3664433] Failed to scrape lineup: https://www.transfermarkt.co.uk/spielbericht/index/spielbericht/3664433
[4620986] Could not find attributes for roberto gagliardini (Verona Hellas Football Club, 2025)
[4715918] Failed to scrape lineup: https://www.transfermarkt.co.uk/spielbericht/index/spielbericht/4715918
[4620986] Failed to build match row: Bologna Football Club 1909 vs Verona Hellas Football Club
[3427147] Could not find attributes for serhat ahmetoglu (Fatih Karagümrük Sportif Faaliyetler San. Tic. A.Ş., 2020)
[3603184] Could not find attributes for lars dendoncker (St. Johnstone FC, 2021)
[4363916] Could not find attributes for andy delort (Montpellier HSC, 2024)
[4409000] Could not find attributes for marley ake (Yverdon Sport FC, 2024)
[3427147] Failed to build match row: Fatih Karagümrük Sportif Faaliyetler San. Tic. A.Ş. vs Göztepe Sportif Yatırımlar A.Ş.
[4625599] Could not find attributes for ethan britto (Lincoln Red Imps FC, 2025)
[3603184] Failed to build match row: St. Johnstone FC vs The Celtic Football Club
[4363916] Failed to build match row: Montpellier HSC vs Racing Club de Lens
[4409000] Failed to build match row: Berner Sport Club Young Boys vs Yverdon Sport FC
[4175307] Could not find attributes for konstantinos liakopoulos (Panargiakos, 2023)
[4472386] Could not find attributes for geovanni barba (Xerez CD, 2024)
ta
[4175307] Failed to build match row: Panargiakos vs PAO Vardas

Keepers & outfield error for **Futebol Clube de Famalicão** in Moreirense Futebol Clube vs Futebol Clube de Famalicão: Numbers: 0 and 11.
[4272794] Could not find attributes for artur nigmatullin (FK Nizhny Novgorod, 2023)
[3839354] Failed to scrape lineup: https://www.transfermarkt.co.uk/hertha-bsc_borussia-monchengladbach/index/spielbericht/3839354
[4109525] Failed to build match row: Moreirense Futebol Clube vs Futebol Clube de Famalicão
bucaramanga/index/spielbericht/4693271
[4472386] Failed to build match row: Xerez CD vs AD Ceuta FC
[4272794] Failed to build match row: FK Nizhny Novgorod vs FK Krasnodar
[3420934] Failed to scrape lineup: https://www.transfermarkt.co.uk/desna-chernigiv_dynamo-kyiv/index/spielbericht/3420934
[4361793] Could not find attributes for damjan siskovski (FK Borac Banja Luka, 2024)
[4361793] Failed to build match row: FK Borac Banja Luka vs KF Egnatia
[4146927] Could not find attributes for artem meshalkin (Dinamo St. Petersburg, 2023)
[4146927] Failed to build match row: Dinamo St. Petersburg vs Zvezda St. Petersburg

Keepers & outfield error for **Società Sportiva Lazio S.p.A.** in AC Monza vs Società Sportiva Lazio S.p.A.: Numbers: 2 and 9.
[3845011] Failed to build match row: AC Monza vs Società Sportiva Lazio S.p.A.
[3748482] Could not find attributes for fotis kitsos (Olympiakos Syndesmos Filathlon Peiraios, 2021)
[4649335] Could not find attributes for vadim ulyanov (RFK Akhmat Grozny, 2025)
[3748482] Failed to build match row: Olympiakos Syndesmos Filathlon Peiraios vs Omilos Filathlon Irakliou FC
[4649335] Failed to build match row: RFK Akhmat Grozny vs PFK CSKA Moskva
[4640875] Could not find attributes for dragan rosic (Fudbalski Klub Vojvodina, 2025)
[4640875] Failed to build match row: Fudbalski Klub Vojvodina vs Fudbalski Klub Spartak Ždrepčeva krv
[4432882] Could not find attributes for kamil broda (Wisla Kraków, 2024)
[4432882] Failed to build match row: Wisla Kraków vs Cercle Brugge Koninklijke Sportvereniging
[4800935] Could not find attributes for noah saviolo (Vitória Sport Clube, 2025)
[4800935] Failed to build match row: Vitória Sport Clube vs Sporting Clube de Braga
[3950330] Could not find attributes for curtis weston (AFC Fylde, 2022)
[3950330] Failed to build match row: AFC Fylde vs Gillingham FC

Keepers & outfield error for **Futebol Clube do Porto** in Futebol Clube do Porto vs Rangers Football Club: Numbers: 0 and 11.
[4715919] Failed to build match row: Futebol Clube do Porto vs Rangers Football Club
[3621641] Could not find attributes for mohammad mohebi (Clube Desportivo Santa Clara, 2021)
[3621641] Failed to build match row: Clube Desportivo Santa Clara vs FC Vizela
[4109526] Failed to scrape lineup: https://www.transfermarkt.co.uk/gil-vicente-fc_vitoria-guimaraes-sc/index/spielbericht/4109526
[4361794] Failed to scrape lineup: https://www.transfermarkt.co.uk/spielbericht/index/spielbericht/4361794
[4175308] Could not find attributes for matic kotnik (Ionikos Nikeas, 2023)
[4175308] Failed to build match row: Ionikos Nikeas vs Athens Kallithea
[3886510] Could not find attributes for momo mbaye (Cádiz CF, 2022)
[3886510] Failed to build match row: Cádiz CF vs Real Club Deportivo Mallorca S.A.D.
[4620987] Could not find attributes for joseph liteta (Cagliari Calcio, 2025)
[4620987] Failed to build match row: Cagliari Calcio vs Calcio Como
Not enough players found for lineup: 0, 11.
[4578374] Could not find attributes for fabio varesi strauss (Fußballclub Blau-Weiß Linz, 2024)
[3476213] Failed to scrape lineup: https://www.transfermarkt.co.uk/spielbericht/index/spielbericht/3476213
[4578374] Failed to build match row: Fußballclub Blau-Weiß Linz vs Fußballclub Red Bull Salzburg
Not enough players found for lineup: 0, 0.
[3665356] Failed to scrape lineup: https://www.transfermarkt.co.uk/spielbericht/index/spielbericht/3665356
[4368493] Could not find attributes for ebube duru (Sønderjyske Fodbold, 2024)
[4368493] Failed to build match row: Sønderjyske Fodbold vs Fodbold Club Midtjylland
[3860309] Could not find attributes for tayyip talha sanuc (Beşiktaş Jimnastik Kulübü, 2022)
[3860309] Failed to build match row: Beşiktaş Jimnastik Kulübü vs Antalyaspor
025)
[4693272] Failed to build match row: Independiente Santa Fe vs Unión Magdalena
[3451077] Failed to scrape lineup: https://www.transfermarkt.co.uk/real-sociedad_ca-osasuna/index/spielbericht/3451077
[3845012] Failed to scrape lineup: https://www.transfermarkt.co.uk/ssc-napoli_ac-milan/index/spielbericht/3845012
[4098833] Could not find attributes for youssuf sylla (Royal Charleroi Sporting Club, 2023)

Keepers & outfield error for **Paris Saint-Germain Football Club** in Paris Saint-Germain Football Club vs Rennes: Numbers: 2 and 9.
[4098833] Failed to build match row: Royal Charleroi Sporting Club vs Club Brugge Koninklijke Voetbalvereniging
[4625600] Could not find attributes for anton ari einarsson (Breidablik Kópavogur, 2025)
[4272795] Could not find attributes for nikolay sysuev (FC Orenburg, 2023)
[3589388] Failed to build match row: Paris Saint-Germain Football Club vs Rennes
[4272795] Failed to build match row: FC Orenburg vs FC Rubin Kazan
[4625600] Failed to build match row: Breidablik Kópavogur vs KF Egnatia
[3901634] Could not find attributes for besard sabovic (Djurgårdens Idrottsförening, 2022)
[3901634] Failed to build match row: APOEL Nicosia vs Djurgårdens Idrottsförening
[4522644] Could not find attributes for zinedin smajlovic (Sandefjord Fotball, 2024)
[4522644] Failed to build match row: Sandefjord Fotball vs Kristiansund Ballklubb
[4120999] Could not find attributes for liam scales (The Celtic Football Club, 2023)
[4120999] Failed to build match row: The Celtic Football Club vs Kilmarnock Football Club
[4802349] Could not find attributes for facundo almada (Mazatlán Futbol Club, 2025)
[4802349] Failed to build match row: Mazatlán Futbol Club vs Fútbol Club Juárez
[4649336] Could not find attributes for jhon alex palacios (FC Orenburg, 2025)
[4649336] Failed to build match row: FC Orenburg vs Akron Togliatti
[4146928] Could not find attributes for nikita dubrovskiy (Universitet Uljanovsk, 2023)
[4146928] Failed to build match row: Universitet Uljanovsk vs Volga Uljanovsk
[4432883] Could not find attributes for luquinhas (Legia Warszawa Spółka Akcyjna, 2024)
[4432883] Failed to build match row: Legia Warszawa Spółka Akcyjna vs FC Drita
[4361795] Could not find attributes for chete (UE Santa Coloma, 2024)
[4361795] Failed to build match row: UE Santa Coloma vs FC Ballkani
[3665357] Failed to scrape lineup: https://www.transfermarkt.co.uk/spielbericht/index/spielbericht/3665357

Keepers & outfield error for **Galatasaray Spor Kulübü** in Fenerbahçe Spor Kulübü vs Galatasaray Spor Kulübü: Numbers: 2 and 9.
[4393154] Failed to build match row: Fenerbahçe Spor Kulübü vs Galatasaray Spor Kulübü
Not enough players found for lineup: 0, 11.
[3476214] Failed to scrape lineup: https://www.transfermarkt.co.uk/spielbericht/index/spielbericht/3476214
[4634049] Could not find attributes for tylon smith (Queens Park Rangers, 2025)
[3451078] Failed to scrape lineup: https://www.transfermarkt.co.uk/valencia-cf_cadiz-cf/index/spielbericht/3451078

Keepers & outfield error for **Al-Qadsiah Saudi Football Club** in Al-Qadsiah Saudi Football Club vs Al-Fayha FC: Numbers: 2 and 9.
[4634049] Failed to build match row: Plymouth Argyle vs Queens Park Rangers
[4410745] Failed to build match row: Al-Qadsiah Saudi Football Club vs Al-Fayha FC

Keepers & outfield error for **Futebol Clube do Porto** in Futebol Clube do Porto vs Fudbalski klub Crvena zvezda Beograd: Numbers: 0 and 11.
[4715920] Failed to build match row: Futebol Clube do Porto vs Fudbalski klub Crvena zvezda Beograd
[4109527] Could not find attributes for leonardo lelo (Casa Pia Atlético Clube, 2023)
[4109527] Failed to build match row: Sporting Clube de Portugal vs Casa Pia Atlético Clube
[4272796] Could not find attributes for nikolay zabolotnyi (FK Sochi, 2023)
[4272796] Failed to build match row: FK Sochi vs FK Spartak Moskva
[4578377] Could not find attributes for modou keba cisse (Linzer Athletik-Sport-Klub, 2024)
[4648289] Could not find attributes for philip billing (Fodbold Club Midtjylland, 2025)
[4648289] Failed to build match row: Fodbold Club Midtjylland vs Vejle Boldklub
[4850721] Could not find attributes for ran binyamin (FC Dallas, 2025)
[4578377] Failed to build match row: Linzer Athletik-Sport-Klub vs Sportclub Rheindorf Altach
[4693273] Could not find attributes for fabian viafara (Deportivo Cali, 2025)
[4850721] Failed to build match row: Seattle Sounders FC vs FC Dallas
[4693273] Failed to build match row: Deportivo Cali vs Asociación Deportivo Pasto

Keepers & outfield error for **Football Club de Nantes** in Stade Reims vs Football Club de Nantes: Numbers: 2 and 9.
[4363918] Failed to build match row: Stade Reims vs Football Club de Nantes
Not enough players found for lineup: 0, 0.
[4175310] Failed to scrape lineup: https://www.transfermarkt.co.uk/spielbericht/index/spielbericht/4175310
[3420935] Could not find attributes for yevgen galchuk (FK Mariupol, 2020)
[3420935] Failed to build match row: FK Mariupol vs FC Zorya Lugansk
[3621642] Failed to scrape lineup: https://www.transfermarkt.co.uk/cd-santa-clara_cs-maritimo/index/spielbericht/3621642
[3860310] Failed to scrape lineup: https://www.transfermarkt.co.uk/sivasspor_umraniyespor/index/spielbericht/3860310
[4432884] Failed to scrape lineup: https://www.transfermarkt.co.uk/spielbericht/index/spielbericht/4432884

Keepers & outfield error for **Futebol Clube do Porto** in Futebol Clube do Porto vs Olympique Gymnaste Club Nice Côte d'Azur: Numbers: 0 and 11.
[4393155] Could not find attributes for riechedly bazoer (Konyaspor, 2024)
[4393155] Failed to build match row: Konyaspor vs Sivasspor

Keepers & outfield error for **Futebol Clube do Porto** in Futebol Clube do Porto vs Sporting Clube de Portugal: Numbers: 0 and 11.
[4715921] Failed to build match row: Futebol Clube do Porto vs Olympique Gymnaste Club Nice Côte d'Azur
[4634050] Failed to scrape lineup: https://www.transfermarkt.co.uk/spielbericht/index/spielbericht/4634050
[4109528] Failed to build match row: Futebol Clube do Porto vs Sporting Clube de Portugal
[4410746] Could not find attributes for dimitrios kourbelis (Al-Khaleej Club (Saihat), 2024)
[4410746] Failed to build match row: Al-Fateh Club vs Al-Khaleej Club (Saihat)
[4645578] Failed to scrape lineup: https://www.transfermarkt.co.uk/real-betis-balompie_ca-osasuna/index/spielbericht/4645578
[4802350] Could not find attributes for aldo rocha (Club de Futbol Rojinegros S.A. de C.V., 2025)
[4802350] Failed to build match row: Club de Futbol Rojinegros S.A. de C.V. vs Club de Futbol Puebla de La Franja
[4625601] Could not find attributes for euan east (Linfield FC, 2025)

Keepers & outfield error for **Associazione Sportiva Roma** in Associazione Sportiva Roma vs UC Sampdoria: Numbers: 0 and 11.
[4121000] Could not find attributes for mohamad sylla (Dundee Football Club, 2023)
[4625601] Failed to build match row: Linfield FC vs Shelbourne FC
[4400057] Could not find attributes for stas pokatilov (Tobol Kostanay, 2024)
[3845013] Failed to build match row: Associazione Sportiva Roma vs UC Sampdoria
[4121000] Failed to build match row: Dundee Football Club vs Ross County FC
[4400057] Failed to build match row: FC St. Gallen 1879 vs Tobol Kostanay
[4578378] Could not find attributes for martin hinteregger (SK Austria Klagenfurt, 2024)
[3451079] Could not find attributes for yeremy pino (Villarreal Club de Fútbol S.A.D., 2020)
[4578378] Failed to build match row: SK Austria Klagenfurt vs Turn- und Sportverein Egger Glas Hartberg
[3451079] Failed to build match row: Villarreal Club de Fútbol S.A.D. vs Levante Unión Deportiva S.A.D.
[4175311] Could not find attributes for stefanos gounaridis (Makedonikos, 2023)
[4175311] Failed to build match row: Makedonikos vs AO Egaleo
Not enough players found for lineup: 0, 0.
[3665358] Failed to scrape lineup: https://www.transfermarkt.co.uk/spielbericht/index/spielbericht/3665358
[4432885] Could not find attributes for mason melia (St. Patrick's Athletic, 2024)
[4432885] Failed to build match row: St. Patrick's Athletic vs İstanbul Başakşehir Futbol Kulübü
[4522645] Could not find attributes for menno koch (Sarpsborg 08 Fotballforening, 2024)
[4522645] Failed to build match row: Sarpsborg 08 Fotballforening vs Rosenborg Ballklub
[3901635] Could not find attributes for omri glazer (Hapoel Beer Sheva, 2022)
[3901635] Failed to build match row: Hapoel Beer Sheva vs U Craiova 1948 Club Sportiv SA

Keepers & outfield error for **Levante Unión Deportiva S.A.D.** in Getafe Club de Fútbol S. A. D. Team Dubai vs Levante Unión Deportiva S.A.D.: Numbers: 0 and 11.
[4645579] Failed to build match row: Getafe Club de Fútbol S. A. D. Team Dubai vs Levante Unión Deportiva S.A.D.
[4410747] Could not find attributes for gaetan coucke (Al-Orobah FC, 2024)
[4410747] Failed to build match row: Al-Orobah FC vs Al-Ittihad Football Club
[4648290] Failed to scrape lineup: https://www.transfermarkt.co.uk/fc-nordsjaelland_randers-fc/index/spielbericht/4648290
[4121001] Could not find attributes for georgie gent (Motherwell Football Club, 2023)
[4121001] Failed to build match row: Heart of Midlothian Football Club vs Motherwell Football Club
[4472387] Could not find attributes for joserra de diego (CP Cacereño, 2024)

Keepers & outfield error for **Olympique Lyonnais** in Racing Club de Lens vs Olympique Lyonnais: Numbers: 2 and 9.
[4472387] Failed to build match row: CP Cacereño vs Gimnástica Segoviana CF
[3589399] Failed to build match row: Racing Club de Lens vs Olympique Lyonnais
[4625602] Could not find attributes for joseba muguruza (Inter Club d'Escaldes, 2025)
[3860311] Failed to scrape lineup: https://www.transfermarkt.co.uk/mke-ankaragucu_trabzonspor/index/spielbericht/3860311
[4625602] Failed to build match row: Inter Club d'Escaldes vs SC Fotbal Club FCSB SA
[3420936] Could not find attributes for orest kostyk (PFK Lviv, 2020)
[3420936] Failed to build match row: PFK Lviv vs FK Kolos Kovalivka
[3476215] Failed to scrape lineup: https://www.transfermarkt.co.uk/spielbericht/index/spielbericht/3476215
[3621643] Failed to scrape lineup: https://www.transfermarkt.co.uk/fc-vizela_portimonense-sc/index/spielbericht/3621643
[4850722] Could not find attributes for aiden hezarkhani (Real Salt Lake, 2025)
[4850722] Failed to build match row: Los Angeles Galaxy vs Real Salt Lake

Keepers & outfield error for **Futebol Clube do Porto** in Futebol Clube do Porto vs Malmö Fotbollförening: Numbers: 0 and 11.
[4715922] Failed to build match row: Futebol Clube do Porto vs Malmö Fotbollförening

Keepers & outfield error for **UD Almería** in UD Almería vs Espanol: Numbers: 0 and 11.
[3886512] Failed to build match row: UD Almería vs Espanol
[4400058] Could not find attributes for stas pokatilov (Tobol Kostanay, 2024)
[4400058] Failed to build match row: Tobol Kostanay vs FC St. Gallen 1879
[4098834] Could not find attributes for milan smits (Royal Antwerp Football Club, 2023)
[4098834] Failed to build match row: KAS Eupen vs Royal Antwerp Football Club
[3950331] Could not find attributes for ephron mason clark (Peterborough United, 2022)
[3950331] Failed to build match row: Peterborough United vs Salford City
[4410748] Could not find attributes for odion ighalo (Al-Wehda FC, 2024)
[4410748] Failed to build match row: Al-Wehda FC vs Damac Football Club
[4802351] Could not find attributes for jackson porozo (Club Tijuana Xoloitzcuintles de Caliente, 2025)
[4802351] Failed to build match row: Club Tijuana Xoloitzcuintles de Caliente vs Club de Futbol América S. A. de C. V.
[4368495] Could not find attributes for juho lahteenmaki (Fodbold Club Nordsjælland, 2024)
[4368495] Failed to build match row: Fodbold Club Nordsjælland vs Sønderjyske Fodbold
[4578379] Could not find attributes for zeteny jano (Grazer Athletiksport Klub 1902, 2024)
[4578379] Failed to build match row: Wattener Sportgemeinschaft Swarovski Tirol vs Grazer Athletiksport Klub 1902
[4620990] Could not find attributes for francesco coppola (Pisa Sporting Club, 2025)
[4620990] Failed to build match row: Juventus Football Club vs Pisa Sporting Club
[4850723] Could not find attributes for emilio aristizabal (Toronto FC, 2025)
[4850723] Failed to build match row: Toronto FC vs San Jose Earthquakes
[4522646] Could not find attributes for abubacarr sedi kinteh (Tromsø Idrettslag, 2024)
[4522646] Failed to build match row: Tromsø Idrettslag vs Bryne FK
[4363919] Failed to scrape lineup: https://www.transfermarkt.co.uk/angers-sco_le-havre-ac/index/spielbericht/4363919
Not enough players found for lineup: 0, 11.
[4272797] Failed to scrape lineup: https://www.transfermarkt.co.uk/fc-krasnodar_zenit-st-petersburg/index/spielbericht/4272797
[3665361] Failed to scrape lineup: https://www.transfermarkt.co.uk/spielbericht/index/spielbericht/3665361
[3589400] Could not find attributes for louis mafouta (Football Club de Metz, 2021)
[3613192] Could not find attributes for baris basdas (Yeni Malatyaspor, 2021)
[3476394] Could not find attributes for guglielmo vicario (Cagliari Calcio, 2020)
[4361796] Could not find attributes for evert grunvald (FC Flora Tallinn, 2024)
[3613192] Failed to build match row: Yeni Malatyaspor vs Çaykur Rizespor Kulübü
[4361796] Failed to build match row: FC Flora Tallinn vs NK Celje
[3476394] Failed to build match row: Cagliari Calcio vs Verona Hellas Football Club
e Metz
[4625603] Could not find attributes for hrvoje barisic (HSK Zrinjski Mostar, 2025)
[3621645] Could not find attributes for raul silva (Grupo Desportivo Estoril Praia, 2021)
[3621645] Failed to build match row: Grupo Desportivo Estoril Praia vs FC Vizela
[4715923] Could not find attributes for jack butland (Rangers Football Club, 2025)
[4715923] Failed to build match row: Rangers Football Club vs Associazione Sportiva Roma
[4368496] Could not find attributes for leon klassen (Lyngby Boldklub, 2024)
[4368496] Failed to build match row: Lyngby Boldklub vs Randers Fodbold Club
[4578380] Could not find attributes for joane gadou (Fußballclub Red Bull Salzburg, 2024)
[4578380] Failed to build match row: Fußballclub Red Bull Salzburg vs Sportklub Rapid
[4750183] Could not find attributes for mikel villanueva (Al-Fayha FC, 2025)
[4750183] Failed to build match row: Al-Fayha FC vs Al-Nassr Football Club
[3839355] Failed to scrape lineup: https://www.transfermarkt.co.uk/fc-schalke-04_vfl-wolfsburg/index/spielbericht/3839355
[3950332] Could not find attributes for freddie grant (Farnborough FC, 2022)
[3950332] Failed to build match row: Sutton United vs Farnborough FC
[4802352] Could not find attributes for richard ledezma (Club Deportivo Guadalajara S. A. de C. V., 2025)
[4400063] Could not find attributes for rasmus peetson (FCI Levadia, 2024)
[4802352] Failed to build match row: Club Deportivo Guadalajara S. A. de C. V. vs Promotora del Club Pachuca S. A. de C. V.
[4400063] Failed to build match row: FCI Levadia vs NK Osijek s.d.d.
[4175312] Could not find attributes for anastasios karagiozis (FS Kozani, 2023)
[4175312] Failed to build match row: FS Kozani vs Iraklis Thessaloniki
[3860312] Could not find attributes for emre tasdemir (Galatasaray Spor Kulübü, 2022)
[4432887] Could not find attributes for kostas pileas (Pafos FC, 2024)
[3539334] Could not find attributes for hamish thomson (Forfar Athletic FC, 2020)
[3539334] Failed to build match row: Forfar Athletic FC vs Edinburgh City FC
[4432887] Failed to build match row: Fotbal Club CFR 1907 Cluj SA vs Pafos FC
[3589401] Could not find attributes for sambou soumano (Football Club Lorient-Bretagne Sud, 2021)
[3860312] Failed to build match row: İstanbul Başakşehir Futbol Kulübü vs Galatasaray Spor Kulübü
[4578382] Could not find attributes for chibuike nwaiwu (RZ Pellets Wolfsberger Athletiksport Club, 2024)
[4578382] Failed to build match row: Sportklub Puntigamer Sturm Graz vs RZ Pellets Wolfsberger Athletiksport Club
[3589401] Failed to build match row: Football Club Lorient-Bretagne Sud vs Montpellier HSC
[4648291] Failed to scrape lineup: https://www.transfermarkt.co.uk/brondby-if_aarhus-gf/index/spielbericht/4648291
[3433430] Could not find attributes for eldor shomurodov (Genoa Cricket and Football Club, 2020)

Keepers & outfield error for **Fodbold Club Nordsjælland** in Fodbold Club Nordsjælland vs Odense Boldklub: Numbers: 0 and 11.
[3433430] Failed to build match row: Genoa Cricket and Football Club vs UC Sampdoria
[3666967] Failed to build match row: Fodbold Club Nordsjælland vs Odense Boldklub
[4121002] Could not find attributes for tete yengi (Livingston Football Club, 2023)
[4272798] Could not find attributes for aleksandr soldatenkov (PFK Krylya Sovetov Samara, 2023)
[4272798] Failed to build match row: PFK Krylya Sovetov Samara vs FC Rubin Kazan
[4121002] Failed to build match row: Livingston Football Club vs Saint Mirren Football Club
[4715924] Could not find attributes for jack butland (Rangers Football Club, 2025)
[4715924] Failed to build match row: Rangers Football Club vs Sporting Clube de Braga
[4361797] Could not find attributes for mark jensen (KÍ Klaksvík, 2024)
[4361797] Failed to build match row: KÍ Klaksvík vs FC Differdange 03
[4109529] Could not find attributes for zanocelo (Grupo Desportivo Estoril Praia, 2023)
[4625604] Could not find attributes for aleksandr zarutskiy (Kairat Almaty, 2025)
[4625604] Failed to build match row: Kairat Almaty vs NK Olimpija Ljubljana
l Clube de Famalicão
[3901637] Failed to scrape lineup: https://www.transfermarkt.co.uk/spielbericht/index/spielbericht/3901637
[4410749] Failed to scrape lineup: https://www.transfermarkt.co.uk/al-hilal-sfc_al-ettifaq-fc/index/spielbericht/4410749
[4432888] Could not find attributes for nihad mujakic (Fudbalski Klub Partizan Beograd, 2024)
[4432888] Failed to build match row: Fudbalski Klub Partizan Beograd vs Koninklijke Atletiek Associatie Gent
[4393158] Could not find attributes for ali aytemur (Bodrum FK, 2024)
[4393158] Failed to build match row: Hatayspor vs Bodrum FK
[4098836] Could not find attributes for hakim sahabo (Royal Standard Club de Liège, 2023)
[4098836] Failed to build match row: Koninklijke Racing Club Genk vs Royal Standard Club de Liège

Keepers & outfield error for **Atalanta Bergamasca Calcio S.p.a.** in Atalanta Bergamasca Calcio S.p.a. vs Bologna Football Club 1909: Numbers: 2 and 9.
[3845016] Failed to build match row: Atalanta Bergamasca Calcio S.p.a. vs Bologna Football Club 1909
[3539335] Could not find attributes for paul leask (Fraserburgh FC, 2020)
[3613194] Could not find attributes for burak bekaroglu (Fatih Karagümrük Sportif Faaliyetler San. Tic. A.Ş., 2021)
[4522647] Failed to scrape lineup: https://www.transfermarkt.co.uk/viking-fk_fk-bodo-glimt/index/spielbericht/4522647
[3539335] Failed to build match row: Fraserburgh FC vs Montrose FC
[3613194] Failed to build match row: Fenerbahçe Spor Kulübü vs Fatih Karagümrük Sportif Faaliyetler San. Tic. A.Ş.
[3860313] Could not find attributes for ze luis (Hatayspor, 2022)
[4400064] Could not find attributes for nikola cavlina (NK Osijek s.d.d., 2024)
[3476396] Failed to scrape lineup: https://www.transfermarkt.co.uk/spielbericht/index/spielbericht/3476396
[4400064] Failed to build match row: NK Osijek s.d.d. vs FCI Levadia
[3886514] Failed to scrape lineup: https://www.transfermarkt.co.uk/ca-osasuna_atletico-de-madrid/index/spielbericht/3886514
[3860313] Failed to build match row: Istanbulspor vs Hatayspor
ón Fútbol Club, 2025)
[4361798] Could not find attributes for emil timbur (FK Panevezys, 2024)
�tbol Cruz Azul S.A. de C.V.
[4361798] Failed to build match row: FK Panevezys vs HJK Helsinki

Keepers & outfield error for **Al-Kholood Club** in Neom Sports Club vs Al-Kholood Club: Numbers: 2 and 9.
[4750184] Failed to build match row: Neom Sports Club vs Al-Kholood Club
[4648292] Could not find attributes for villads westh (Silkeborg Idrætsforening, 2025)
[4648292] Failed to build match row: Silkeborg Idrætsforening vs Football Club København

Keepers & outfield error for **Aberdeen Football Club** in Aberdeen Football Club vs St. Johnstone FC: Numbers: 2 and 9.
[3603185] Failed to build match row: Aberdeen Football Club vs St. Johnstone FC
[3666968] Could not find attributes for jacob bertel (Aalborg Freja IK, 2021)
[4098837] Could not find attributes for ryotaro tsunoda (KV Kortrijk, 2023)
[3666968] Failed to build match row: Aalborg Freja IK vs Brøndby Idrætsforening
[3839366] Could not find attributes for tolga cigerci (Hertha BSC, 2022)
[4098837] Failed to build match row: KV Kortrijk vs Royal Antwerp Football Club
[3839366] Failed to build match row: Borussia Dortmund vs Hertha BSC
[4272799] Could not find attributes for ilya lantratov (Футбольный клуб "Локомотив" Москва, 2023)
[4272799] Failed to build match row: Футбольный клуб "Локомотив" Москва vs PFK CSKA Moskva
[4649337] Could not find attributes for david volk (Dinamo Makhachkala, 2025)
[4649337] Failed to build match row: Dinamo Makhachkala vs FC Rubin Kazan
[3433431] Could not find attributes for leo sena (Spezia Calcio, 2020)
[3433431] Failed to build match row: Juventus Football Club vs Spezia Calcio
[4109530] Could not find attributes for mansur (Club Football Estrela da Amadora, 2023)
[4109530] Failed to build match row: Club Football Estrela da Amadora vs SC Farense
[4078215] Could not find attributes for nizar al rashdan (Jordan, 2024)
[4078215] Failed to build match row: Jordan vs South Korea
[4693274] Could not find attributes for omar albornoz (Deportivo Pereira, 2025)
[4693274] Failed to build match row: Deportivo Pereira vs Llaneros FC
[3901638] Could not find attributes for henry bonello (Hamrun Spartans, 2022)
[3901638] Failed to build match row: Hamrun Spartans vs Fudbalski Klub Partizan Beograd
[3860314] Could not find attributes for miha zajc (Fenerbahçe Spor Kulübü, 2022)
[3860314] Failed to build match row: Fenerbahçe Spor Kulübü vs Giresunspor
[4648293] Could not find attributes for sofus johannesen (Fodbold Club Fredericia, 2025)
[4648293] Failed to build match row: Sønderjyske Fodbold vs Fodbold Club Fredericia
[3420937] Failed to scrape lineup: https://www.transfermarkt.co.uk/fc-oleksandriya_fc-minaj/index/spielbericht/3420937
[3589402] Failed to scrape lineup: https://www.transfermarkt.co.uk/olympique-marseille_clermont-foot-63/index/spielbericht/3589402
[4802354] Could not find attributes for ricardo monreal (Impulsora del Deportivo Necaxa S.A. de C.V., 2025)
[4432889] Could not find attributes for ognjen cancarevic (FC Noah Yerevan, 2024)
[4802354] Failed to build match row: Club Santos Laguna S. A. de C. V. vs Impulsora del Deportivo Necaxa S.A. de C.V.
[4432889] Failed to build match row: FC Noah Yerevan vs MFK Ruzomberok
[4750185] Could not find attributes for nabil dunga (Al-Najma Sport Club, 2025)
[4175313] Could not find attributes for konstantinos peristeridis (Ilioupoli, 2023)
[4121003] Could not find attributes for adama sidibeh (St. Johnstone FC, 2023)
[4750185] Failed to build match row: Al-Najma Sport Club vs Al-Okhdood Club
[4625605] Could not find attributes for ilya serikov (Buducnost Podgorica, 2025)
[4175313] Failed to build match row: Ilioupoli vs APO Levadiakos Football Club
[4121003] Failed to build match row: St. Johnstone FC vs Rangers Football Club
[4625605] Failed to build match row: Buducnost Podgorica vs FC Noah Yerevan
[4715925] Could not find attributes for jack butland (Rangers Football Club, 2025)
[4715925] Failed to build match row: Rangers Football Club vs Ludogorets Razgrad
[4373928] Failed to scrape lineup: https://www.transfermarkt.co.uk/inter-milan_atalanta-bc/index/spielbericht/4373928

Keepers & outfield error for **Associazione Calcio Milan** in Associazione Calcio Milan vs Football Club Internazionale Milano S.p.A.: Numbers: 2 and 9.
[4620993] Failed to build match row: Associazione Calcio Milan vs Football Club Internazionale Milano S.p.A.
[3476397] Could not find attributes for eldor shomurodov (Genoa Cricket and Football Club, 2020)
[3476397] Failed to build match row: UC Sampdoria vs Genoa Cricket and Football Club

Keepers & outfield error for **Cádiz CF** in Cádiz CF vs Alaves: Numbers: 2 and 9.
[3451082] Failed to build match row: Cádiz CF vs Alaves
[4649338] Could not find attributes for aleksandr soldatenkov (FK Sochi, 2025)
[4649338] Failed to build match row: FK Sochi vs FK Spartak Moskva
[4640876] Could not find attributes for nedeljko stojisic (Omladinski fudbalski klub Beograd, 2025)
[4640876] Failed to build match row: Omladinski fudbalski klub Beograd vs Fudbalski klub Crvena zvezda Beograd

Keepers & outfield error for **Deportes Tolima** in Deportes Tolima vs Boyacá Chicó FC: Numbers: 2 and 9.
[4693275] Failed to build match row: Deportes Tolima vs Boyacá Chicó FC
[3748483] Could not find attributes for nordin amrabat (Athlitiki Enosi Konstantinoupoleos, 2021)

Keepers & outfield error for **Società Sportiva Lazio S.p.A.** in Società Sportiva Lazio S.p.A. vs Torino Calcio: Numbers: 2 and 9.
[3748483] Failed to build match row: Panathinaikos Athlitikos Omilos vs Athlitiki Enosi Konstantinoupoleos
[3433432] Failed to build match row: Società Sportiva Lazio S.p.A. vs Torino Calcio
[4272800] Could not find attributes for giorgiy shelia (RFK Akhmat Grozny, 2023)
[4272800] Failed to build match row: RFK Akhmat Grozny vs FK Baltika
[4098838] Could not find attributes for christ makosso (RWD Molenbeek, 2023)
[4098838] Failed to build match row: RWD Molenbeek vs Royal Sporting Club Anderlecht

Keepers & outfield error for **Verona Hellas Football Club** in Verona Hellas Football Club vs Unione Sportiva Sassuolo Calcio: Numbers: 2 and 9.
[3845018] Failed to build match row: Verona Hellas Football Club vs Unione Sportiva Sassuolo Calcio

Keepers & outfield error for **Futebol Clube do Porto** in Futebol Clube do Porto vs FC Vizela: Numbers: 0 and 11.
[3621646] Failed to build match row: Futebol Clube do Porto vs FC Vizela
[4715926] Could not find attributes for jack butland (Rangers Football Club, 2025)

Keepers & outfield error for **Paris Saint-Germain Football Club** in Football Club de Nantes vs Paris Saint-Germain Football Club: Numbers: 2 and 9.
[4715926] Failed to build match row: Rangers Football Club vs Koninklijke Racing Club Genk
[3589403] Failed to build match row: Football Club de Nantes vs Paris Saint-Germain Football Club
[3666969] Could not find attributes for soren reese (Sønderjyske Fodbold, 2021)
[3666969] Failed to build match row: Aarhus Gymnastik Forening vs Sønderjyske Fodbold

Keepers & outfield error for **Sporting Clube de Braga** in Sport Lisboa e Benfica vs Sporting Clube de Braga: Numbers: 0 and 11.
[4109531] Failed to build match row: Sport Lisboa e Benfica vs Sporting Clube de Braga
[4640877] Could not find attributes for djordje skoko (Fudbalski Klub Javor Matis Ivanjica, 2025)
[4640877] Failed to build match row: Fudbalski Klub Javor Matis Ivanjica vs Fudbalski klub Radnik Surdulica
[4649339] Could not find attributes for aleksandr maksimenko (FK Spartak Moskva, 2025)
[4649339] Failed to build match row: FK Spartak Moskva vs FK Krasnodar
[4373929] Could not find attributes for juan cabal (Juventus Football Club, 2024)
[4373929] Failed to build match row: Juventus Football Club vs Associazione Sportiva Roma
[3860315] Could not find attributes for campanharo (Kayserispor Kulübü, 2022)
[3860315] Failed to build match row: Kayserispor Kulübü vs Konyaspor
[3539336] Could not find attributes for jay emmanuel thomas (Livingston Football Club, 2020)
[3539336] Failed to build match row: Livingston Football Club vs Raith Rovers FC
[4272801] Could not find attributes for aleksandr belenov (Fakel Voronezh, 2023)
[4272801] Failed to build match row: Fakel Voronezh vs FK Rostov
[4634125] Failed to scrape lineup: https://www.transfermarkt.co.uk/borussia-monchengladbach_hamburger-sv/index/spielbericht/4634125
[4368499] Failed to scrape lineup: https://www.transfermarkt.co.uk/aarhus-gf_aalborg-bk/index/spielbericht/4368499
[4582030] Failed to scrape lineup: https://www.transfermarkt.co.uk/fluminense-football-club_santos-fc/index/spielbericht/4582030
[3589404] Could not find attributes for nabil bentaleb (Angers Sporting Club de l'Ouest, 2021)
[4121004] Could not find attributes for sven sprangler (St. Johnstone FC, 2023)
 Angers Sporting Club de l'Ouest
[3666970] Could not find attributes for casper radza (Middelfart Boldklub, 2021)
[4432890] Could not find attributes for azbe jug (NK Maribor, 2024)
[4432890] Failed to build match row: Djurgårdens Idrottsförening vs NK Maribor
[4121004] Failed to build match row: Aberdeen Football Club vs St. Johnstone FC
[3666970] Failed to build match row: Middelfart Boldklub vs Randers Fodbold Club
[4363923] Could not find attributes for rafik messali (Toulouse Football Club, 2024)
[3950334] Failed to scrape lineup: https://www.transfermarkt.co.uk/spielbericht/index/spielbericht/3950334
[4400067] Could not find attributes for matteo zavoli (La Fiorita 1967, 2024)
[4363923] Failed to build match row: Association de la Jeunesse auxerroise vs Toulouse Football Club
[4400067] Failed to build match row: La Fiorita 1967 vs İstanbul Başakşehir Futbol Kulübü
[4802355] Could not find attributes for gerardo arteaga (Club de Fútbol Monterrey Rayados A.C., 2025)
[4802355] Failed to build match row: Club de Fútbol Monterrey Rayados A.C. vs Deportivo Toluca Futbol Club, S. A. de C. V.
[4645582] Failed to scrape lineup: https://www.transfermarkt.co.uk/villarreal-cf_athletic-bilbao/index/spielbericht/4645582
[3613195] Failed to scrape lineup: https://www.transfermarkt.co.uk/goztepe_besiktas-jk/index/spielbericht/3613195
[4522649] Failed to scrape lineup: https://www.transfermarkt.co.uk/fk-bodo-glimt_viking-fk/index/spielbericht/4522649
[4361799] Failed to scrape lineup: https://www.transfermarkt.co.uk/spielbericht/index/spielbericht/4361799
[3839367] Failed to scrape lineup: https://www.transfermarkt.co.uk/bayer-04-leverkusen_1-fsv-mainz-05/index/spielbericht/3839367
[4272802] Could not find attributes for ilya pomazun (Ural Yekaterinburg, 2023)
[4272802] Failed to build match row: Ural Yekaterinburg vs FK Dinamo Moskva
[4750186] Could not find attributes for mansour camara (Al-Kholood Club, 2025)
[4750186] Failed to build match row: Al-Kholood Club vs Al-Riyadh Saudi Club
[4098839] Failed to scrape lineup: https://www.transfermarkt.co.uk/union-saint-gilloise_kaa-gent/index/spielbericht/4098839
[4693276] Could not find attributes for bruno larregui (Deportes Tolima, 2025)
index/spielbericht/3901640
[4648294] Failed to scrape lineup: https://www.transfermarkt.co.uk/viborg-ff_odense-boldklub/index/spielbericht/4648294

Keepers & outfield error for **Fodbold Club Midtjylland** in Brøndby Idrætsforening vs Fodbold Club Midtjylland: Numbers: 2 and 9.
[4693276] Failed to build match row: Atlético Bucaramanga vs Deportes Tolima
[4368500] Failed to build match row: Brøndby Idrætsforening vs Fodbold Club Midtjylland
[4640878] Failed to scrape lineup: https://www.transfermarkt.co.uk/fk-spartak-subotica_fk-radnicki-nis/index/spielbericht/4640878
[4625606] Could not find attributes for denis shpakovskiy (Dinamo Minsk, 2025)
[4625606] Failed to build match row: Dinamo Minsk vs Ludogorets Razgrad
[4095377] Could not find attributes for divock origi (Nottingham Forest Football Club, 2023)
[4095377] Failed to build match row: Nottingham Forest Football Club vs Crystal Palace Football Club
[4634126] Could not find attributes for rani khedira (1. Fußballclub Union Berlin, 2025)
[4634126] Failed to build match row: 1. Fußballclub Union Berlin vs Verein für Bewegungsspiele Stuttgart 1893

Keepers & outfield error for **Football Club de Nantes** in Football Club de Nantes vs Stade brestois 29: Numbers: 2 and 9.
[4363924] Failed to build match row: Football Club de Nantes vs Stade brestois 29
[4649340] Could not find attributes for vladislav torop (PFK CSKA Moskva, 2025)
[4649340] Failed to build match row: PFK CSKA Moskva vs FK Rostov
[4175314] Could not find attributes for georgios tsamis (Asteras Stavrou, 2023)
[4802356] Could not find attributes for adalberto carrasquilla (Club Universidad Nacional A. C., 2025)
[4175314] Failed to build match row: Asteras Stavrou vs AO Giouchtas
[3666971] Could not find attributes for oskar moller (Kolding IF, 2021)
[4802356] Failed to build match row: Club Universidad Nacional A. C. vs Querétaro Fútbol Club
[3666971] Failed to build match row: Kolding IF vs Nyköbing FC
[3451083] Could not find attributes for antonio barragan (Elche Club de Fútbol S.A.D., 2020)
[3451083] Failed to build match row: Elche Club de Fútbol S.A.D. vs Getafe Club de Fútbol S. A. D. Team Dubai
[3950335] Could not find attributes for haydn hollis (Ebbsfleet United, 2022)
[3950335] Failed to build match row: Ebbsfleet United vs FC Halifax Town
[4620995] Could not find attributes for sergi roberto (Calcio Como, 2025)
[4620995] Failed to build match row: Calcio Como vs Associazione Sportiva Roma
[4400068] Could not find attributes for azbe jug (NK Maribor, 2024)
[4400068] Failed to build match row: NK Maribor vs U Craiova 1948 Club Sportiv SA
[4361800] Could not find attributes for ingvar jonsson (Víkingur Reykjavík, 2024)
[3860317] Could not find attributes for strahil popov (Ümraniyespor, 2022)
[4361800] Failed to build match row: Víkingur Reykjavík vs Shamrock Rovers
[3860317] Failed to build match row: Ümraniyespor vs Hatayspor
[3420938] Could not find attributes for andriy chekotun (Olimpik Donetsk, 2020)
[3420938] Failed to build match row: Olimpik Donetsk vs SC Dnipro-1
[3613196] Could not find attributes for cenk gonen (Kayserispor Kulübü, 2021)
[3613196] Failed to build match row: Kayserispor Kulübü vs Yeni Malatyaspor

Keepers & outfield error for **Real Betis Balompié S.A.D.** in Getafe Club de Fútbol S. A. D. Team Dubai vs Real Betis Balompié S.A.D.: Numbers: 0 and 11.
[3886516] Failed to build match row: Getafe Club de Fútbol S. A. D. Team Dubai vs Real Betis Balompié S.A.D.
[3476398] Could not find attributes for caleb okoli (SPAL, 2020)
[3476398] Failed to build match row: SPAL vs AC Monza

Keepers & outfield error for **Elche Club de Fútbol S.A.D.** in Elche Club de Fútbol S.A.D. vs Celta: Numbers: 0 and 11.
[4645583] Failed to build match row: Elche Club de Fútbol S.A.D. vs Celta
[3748484] Could not find attributes for vasilios vitlis (Apollon Smyrnis, 2021)
[3748484] Failed to build match row: Apollon Smyrnis vs APS Atromitos Athinon
[4432891] Could not find attributes for levi ives (Larne FC, 2024)
[4582031] Could not find attributes for philippe coutinho (Club de Regatas Vasco da Gama, 2024)
[4432891] Failed to build match row: Larne FC vs Lincoln Red Imps FC
[4582031] Failed to build match row: Club de Regatas Vasco da Gama vs Sport Club do Recife
[4640879] Could not find attributes for adem avdic (Fudbalski klub Crvena zvezda Beograd, 2025)
[3603186] Could not find attributes for liel abada (The Celtic Football Club, 2021)
[4640879] Failed to build match row: Fudbalski klub Crvena zvezda Beograd vs Fudbalski Klub IMT Novi Beograd
[3603186] Failed to build match row: The Celtic Football Club vs Dundee United Football Club

Keepers & outfield error for **FC Shakhtar Donetsk** in FC Shakhtar Donetsk vs Ilves Tampere: Numbers: 2 and 9.
[4625612] Failed to build match row: FC Shakhtar Donetsk vs Ilves Tampere
[4272803] Could not find attributes for nikolay sysuev (FC Orenburg, 2023)
[4272803] Failed to build match row: FC Orenburg vs FK Nizhny Novgorod

Keepers & outfield error for **CD América de Cali** in CD América de Cali vs Once Caldas: Numbers: 0 and 11.
[4693277] Failed to build match row: CD América de Cali vs Once Caldas
[4109532] Could not find attributes for taichi fukui (Portimonense SC, 2023)
[4109532] Failed to build match row: Portimonense SC vs Moreirense Futebol Clube
[3901641] Could not find attributes for filip nguyen (1. FC Slovácko, 2022)
[3901641] Failed to build match row: Allmänna Idrottsklubben vs 1. FC Slovácko
[4146929] Could not find attributes for bogdan karyukin (Dinamo Barnaul, 2023)
[4649341] Could not find attributes for nicolas marichal (FK Dinamo Moskva, 2025)
[4146929] Failed to build match row: Dinamo Barnaul vs Sibir Novosibirsk
[4649341] Failed to build match row: FK Dinamo Moskva vs FC Rubin Kazan
[4363925] Could not find attributes for andy delort (Montpellier HSC, 2024)

Keepers & outfield error for **Aalborg BK** in Fodbold Club Midtjylland vs Aalborg BK: Numbers: 2 and 9.
[4363925] Failed to build match row: Racing Club de Strasbourg Alsace vs Montpellier HSC
[3666972] Failed to build match row: Fodbold Club Midtjylland vs Aalborg BK
[4361801] Could not find attributes for alex passaniti (AC Virtus Acquaviva, 2024)
[3860318] Could not find attributes for bahadir gungordu (MKE Ankaragücü, 2022)
[4361801] Failed to build match row: AC Virtus Acquaviva vs SC Fotbal Club FCSB SA
[3589405] Could not find attributes for youcef belaili (Stade brestois 29, 2021)
[4121005] Could not find attributes for liam scales (The Celtic Football Club, 2023)
[3860318] Failed to build match row: Galatasaray Spor Kulübü vs MKE Ankaragücü
[4095378] Could not find attributes for vini souza (Sheffield United, 2023)
[3589405] Failed to build match row: Stade Reims vs Stade brestois 29
[4095378] Failed to build match row: Sheffield United vs Fulham Football Club
[3476399] Could not find attributes for angelo da costa (Bologna Football Club 1909, 2020)
[3621647] Could not find attributes for nino galovic (Futebol Clube de Arouca, 2021)

[3539337] Could not find attributes for callum yeats (Stenhousemuir FC, 2020)
[3539337] Failed to build match row: Stenhousemuir FC vs Kilmarnock Football Club
[3621647] Failed to build match row: Sporting Clube de Portugal vs Futebol Clube de Arouca
[3476399] Failed to build match row: Bologna Football Club 1909 vs Spezia Calcio

Keepers & outfield error for **Girona Fútbol Club S. A. D.** in Girona Fútbol Club S. A. D. vs Espanol: Numbers: 2 and 9.
[3420939] Could not find attributes for artem malysh (Ingulets Petrove, 2020)
[3950336] Could not find attributes for paul huntington (Carlisle United, 2022)
[3420939] Failed to build match row: Ingulets Petrove vs Vorskla Poltava
[4645584] Failed to build match row: Girona Fútbol Club S. A. D. vs Espanol
[3950336] Failed to build match row: Carlisle United vs Tranmere Rovers
[4693278] Could not find attributes for jhon gamboa (Envigado FC, 2025)
[3748485] Could not find attributes for yuriy lodygin (PAS Giannina, 2021)
[3748485] Failed to build match row: PAS Giannina vs PAS Lamia 1964
[4693278] Failed to build match row: Envigado FC vs Alianza FC
[4400069] Could not find attributes for azbe jug (NK Maribor, 2024)
[4400069] Failed to build match row: U Craiova 1948 Club Sportiv SA vs NK Maribor
[3451084] Could not find attributes for roberto soldado (Granada CF, 2020)
[3451084] Failed to build match row: Granada CF vs Futbol Club Barcelona
[4640880] Could not find attributes for balsa popovic (Omladinski fudbalski klub Beograd, 2025)
[4640880] Failed to build match row: Omladinski fudbalski klub Beograd vs Fudbalski klub Napredak Kruševac
[3476400] Failed to scrape lineup: https://www.transfermarkt.co.uk/spielbericht/index/spielbericht/3476400
[4625613] Could not find attributes for otso virtanen (Ilves Tampere, 2025)
[4625613] Failed to build match row: Ilves Tampere vs FC Shakhtar Donetsk
[4750187] Could not find attributes for mateo borrell (Al-Okhdood Club, 2025)
[4750187] Failed to build match row: Al-Okhdood Club vs Al-Qadsiah Saudi Football Club

Keepers & outfield error for **Gil Vicente Futebol Clube** in Gil Vicente Futebol Clube vs Futebol Clube de Arouca: Numbers: 0 and 11.
[4109533] Failed to build match row: Gil Vicente Futebol Clube vs Futebol Clube de Arouca
[4272804] Could not find attributes for mikhail kerzhakov (AO FK Zenit Sankt-Peterburg, 2023)
[4272804] Failed to build match row: AO FK Zenit Sankt-Peterburg vs FC Orenburg
[4582032] Could not find attributes for weverton (Sociedade Esportiva Palmeiras, 2024)
[4582032] Failed to build match row: Sociedade Esportiva Palmeiras vs Sport Club Corinthians Paulista
[3839370] Failed to scrape lineup: https://www.transfermarkt.co.uk/eintracht-frankfurt_sv-werder-bremen/index/spielbericht/3839370
[3589406] Could not find attributes for adil rami (ESTAC Troyes, 2021)

Keepers & outfield error for **Parma Calcio 1913** in Società Sportiva Calcio Napoli vs Parma Calcio 1913: Numbers: 2 and 9.
[3589406] Failed to build match row: Rennes vs ESTAC Troyes
[4373932] Failed to build match row: Società Sportiva Calcio Napoli vs Parma Calcio 1913
[4850725] Failed to build match row: Real Salt Lake vs Portland Timbers
[3666973] Could not find attributes for david kruse (AC Horsens, 2021)
[4146930] Could not find attributes for oleg suvorov (Mashuk-KMV Pyatigorsk, 2023)
[3666973] Failed to build match row: AC Horsens vs Vejle Boldklub
[4146930] Failed to build match row: Mashuk-KMV Pyatigorsk vs Biolog-Novokubansk Progress
[3451085] Could not find attributes for javi ontiveros (SD Huesca, 2020)
[4432892] Could not find attributes for matjaz rozman (NK Celje, 2024)
[4432892] Failed to build match row: NK Celje vs FC Pyunik Yerevan
[3451085] Failed to build match row: SD Huesca vs Real Betis Balompié S.A.D.
[3420940] Could not find attributes for vitaliy vernydub (FC Zorya Lugansk, 2020)
[3420940] Failed to build match row: FC Shakhtar Donetsk vs FC Zorya Lugansk
[3748486] Could not find attributes for nordin amrabat (Athlitiki Enosi Konstantinoupoleos, 2021)
[3748486] Failed to build match row: Athlitiki Enosi Konstantinoupoleos vs A.G.S Asteras Tripolis
[4361802] Could not find attributes for olivier verdon (Ludogorets Razgrad, 2024)
[4361802] Failed to build match row: Ludogorets Razgrad vs Dinamo Batumi
[4634128] Could not find attributes for vini souza (Verein für Leibesübungen Wolfsburg, 2025)
[4393159] Could not find attributes for jonas svensson (Beşiktaş Jimnastik Kulübü, 2024)
[4693279] Could not find attributes for miguel ortega (Llaneros FC, 2025)
[4634128] Failed to build match row: 1. Fußballclub Heidenheim 1846 vs Verein für Leibesübungen Wolfsburg
[4393159] Failed to build match row: Beşiktaş Jimnastik Kulübü vs Eyüp Spor Kulübü
[4693279] Failed to build match row: Llaneros FC vs Rionegro Águilas
[3613198] Could not find attributes for papiss demba cisse (Çaykur Rizespor Kulübü, 2021)
[4180925] Could not find attributes for lubambo musonda (Silkeborg Idrætsforening, 2023)
[3613198] Failed to build match row: Çaykur Rizespor Kulübü vs Sivasspor
[4180925] Failed to build match row: Thisted FC vs Silkeborg Idrætsforening
[4078216] Could not find attributes for ebrahim lutfalla (Bahrain, 2024)

Keepers & outfield error for **Gil Vicente Futebol Clube** in Gil Vicente Futebol Clube vs Alkmaar Zaanstreek: Numbers: 0 and 11.
[3433436] Could not find attributes for ardian ismajli (Spezia Calcio, 2020)
[3860319] Could not find attributes for gorkem saglam (Giresunspor, 2022)
[3886518] Could not find attributes for darwin machis (Real Valladolid CF, 2022)
[4078216] Failed to build match row: Bahrain vs Malaysia
[3901642] Failed to build match row: Gil Vicente Futebol Clube vs Alkmaar Zaanstreek
[3433436] Failed to build match row: Spezia Calcio vs Benevento Calcio
[4640881] Could not find attributes for dragan rosic (Fudbalski Klub Vojvodina, 2025)
[3860319] Failed to build match row: Trabzonspor Kulübü vs Giresunspor
[4522653] Could not find attributes for aksel baran potur (Hamarkameratene, 2024)
[4640881] Failed to build match row: Fudbalski Klub Vojvodina vs FK Radnički 1923 Kragujevac
[3886518] Failed to build match row: Real Valladolid CF vs Valencia Club de Fútbol S. A. D.
[4522653] Failed to build match row: KFUM-Kameratene Oslo vs Hamarkameratene
[4109534] Could not find attributes for nuno santos (Vitória Sport Clube, 2023)
[3668170] Could not find attributes for denys sydorenko (TOV FK Metalist 1925 Kharkiv, 2021)
[3668170] Failed to build match row: TOV FK Metalist 1925 Kharkiv vs FC Oleksandriya
[4109534] Failed to build match row: Vitória Sport Clube vs Boavista FC

Keepers & outfield error for **Al-Taawoun Football Club** in Al-Taawoun Football Club vs Al-Fayha FC: Numbers: 2 and 9.
[4750188] Failed to build match row: Al-Taawoun Football Club vs Al-Fayha FC
[4582033] Could not find attributes for lucas villalba (Cruzeiro Esporte Clube, 2024)
[4582033] Failed to build match row: São Paulo Futebol Clube vs Cruzeiro Esporte Clube
[4625614] Could not find attributes for soumaila magassouba (FC Sheriff Tiraspol, 2025)
[4625614] Failed to build match row: FC Sheriff Tiraspol vs FC Prishtina
[3427149] Could not find attributes for kevin varga (Kasımpaşa A.Ş., 2020)
[3427149] Failed to build match row: Kasımpaşa A.Ş. vs İstanbul Başakşehir Futbol Kulübü
[3950337] Could not find attributes for ethan burden (Bracknell Town, 2022)
[3950337] Failed to build match row: Bracknell Town vs Ipswich Town
[4361803] Could not find attributes for sergey ignatovich (Ordabasy Shymkent, 2024)
[4361803] Failed to build match row: Ordabasy Shymkent vs FC Petrocub Hincesti
[4272805] Could not find attributes for sergey pesjakov (FK Rostov, 2023)
[4272805] Failed to build match row: FK Rostov vs FK Spartak Moskva
[4850726] Could not find attributes for micael (Club Internacional de Fútbol Miami, 2025)
[4850726] Failed to build match row: Club Internacional de Fútbol Miami vs Orlando City Soccer Club
[4620997] Could not find attributes for lorenzo bernasconi (Atalanta Bergamasca Calcio S.p.a., 2025)
[4620997] Failed to build match row: Football Club Internazionale Milano S.p.A. vs Atalanta Bergamasca Calcio S.p.a.

Keepers & outfield error for **Club de Futbol Puebla de La Franja** in Club de Futbol Puebla de La Franja vs Mazatlán Futbol Club: Numbers: 0 and 11.
[4802358] Failed to build match row: Club de Futbol Puebla de La Franja vs Mazatlán Futbol Club
[4121007] Could not find attributes for danny armstrong (Kilmarnock Football Club, 2023)
[4121007] Failed to build match row: Kilmarnock Football Club vs Rangers Football Club
[4393160] Could not find attributes for samuel moutoussamy (Sivasspor, 2024)
[4393160] Failed to build match row: Sivasspor vs İstanbul Başakşehir Futbol Kulübü
[4582034] Failed to scrape lineup: https://www.transfermarkt.co.uk/red-bull-bragantino_botafogo-de-futebol-e-regatas/index/spielbericht/4582034
[3845023] Could not find attributes for manolo gabbiadini (UC Sampdoria, 2022)
[3845023] Failed to build match row: UC Sampdoria vs Unione Sportiva Cremonese S.p.A.
[4410750] Could not find attributes for norbert gyomber (Al-Kholood Club, 2024)
[4432893] Could not find attributes for mark jensen (KÍ Klaksvík, 2024)
[3420941] Could not find attributes for orest kostyk (PFK Lviv, 2020)
[4432893] Failed to build match row: HJK Helsinki vs KÍ Klaksvík
[4410750] Failed to build match row: Al-Kholood Club vs Al-Shabab Club
[4146931] Could not find attributes for valeriy orekhov (Druzhba Maikop, 2023)
[3420941] Failed to build match row: PFK Lviv vs Futbolniy Klub Dynamo Kyiv
[3748487] Could not find attributes for julian cuesta (Aris Thessalonikis, 2021)
[4146931] Failed to build match row: Druzhba Maikop vs Kuban Holding Pavlovskaya
[3748487] Failed to build match row: Aris Thessalonikis vs Olympiakos Syndesmos Filathlon Peiraios

Keepers & outfield error for **Elche Club de Fútbol S.A.D.** in Futbol Club Barcelona vs Elche Club de Fútbol S.A.D.: Numbers: 0 and 11.
[3603188] Could not find attributes for liam shaw (Motherwell Football Club, 2021)
[4645586] Failed to build match row: Futbol Club Barcelona vs Elche Club de Fútbol S.A.D.
[3603188] Failed to build match row: Heart of Midlothian Football Club vs Motherwell Football Club
[3668171] Could not find attributes for danylo kanevtsev (Metalist Kharkiv, 2021)
[3668171] Failed to build match row: Metalist Kharkiv vs FK Kolos Kovalivka
[4640882] Could not find attributes for nikola simic (Fudbalski klub TSC Bačka Topola, 2025)
[4640882] Failed to build match row: Fudbalski klub TSC Bačka Topola vs Fudbalski Klub Partizan Beograd
[4715928] Failed to scrape lineup: https://www.transfermarkt.co.uk/spielbericht/index/spielbericht/4715928
998
[3613199] Could not find attributes for halil dervisoglu (Galatasaray Spor Kulübü, 2021)
[3613199] Failed to build match row: Galatasaray Spor Kulübü vs Adana Demirspor
[3845024] Failed to scrape lineup: https://www.transfermarkt.co.uk/torino-fc_as-roma/index/spielbericht/3845024
[4393161] Failed to scrape lineup: https://www.transfermarkt.co.uk/alanyaspor_caykur-rizespor/index/spielbericht/4393161
[4109535] Could not find attributes for leonardo lelo (Casa Pia Atlético Clube, 2023)
[4078217] Could not find attributes for young woo seol (South Korea, 2024)
[4109535] Failed to build match row: Casa Pia Atlético Clube vs GD Chaves
[4078217] Failed to build match row: South Korea vs Malaysia
[4522654] Could not find attributes for samukele kabini (Molde Fotballklubb, 2024)
[4522654] Failed to build match row: Molde Fotballklubb vs Tromsø Idrettslag
[3839372] Could not find attributes for michael gregoritsch (Sport-Club Freiburg, 2022)
[3839372] Failed to build match row: VfL Bochum vs Sport-Club Freiburg
[4693280] Could not find attributes for johan caicedo (Asociación Deportivo Pasto, 2025)
[4693280] Failed to build match row: Asociación Deportivo Pasto vs Independiente Santa Fe
[3427150] Could not find attributes for nouha dicko (Gaziantep Futbol Kulübü A.Ş., 2020)
[3427150] Failed to build match row: Gaziantep Futbol Kulübü A.Ş. vs Erzurumspor FK
[3613200] Failed to scrape lineup: https://www.transfermarkt.co.uk/giresunspor_basaksehir-fk/index/spielbericht/3613200

Keepers & outfield error for **FC Vizela** in FC Vizela vs Futebol Clube de Arouca: Numbers: 0 and 11.
[3621648] Failed to build match row: FC Vizela vs Futebol Clube de Arouca
[4393162] Failed to scrape lineup: https://www.transfermarkt.co.uk/kayserispor_besiktas-jk/index/spielbericht/4393162
[3845025] Failed to scrape lineup: https://www.transfermarkt.co.uk/udinese-calcio_ac-monza/index/spielbericht/3845025
Not enough players found for lineup: 0, 11.
[3476911] Failed to scrape lineup: https://www.transfermarkt.co.uk/spielbericht/index/spielbericht/3476911
[3589418] Could not find attributes for nabil bentaleb (Angers Sporting Club de l'Ouest, 2021)
[3589418] Failed to build match row: Angers Sporting Club de l'Ouest vs Racing Club de Lens
[3839373] Failed to scrape lineup: https://www.transfermarkt.co.uk/fc-augsburg_tsg-1899-hoffenheim/index/spielbericht/3839373

Keepers & outfield error for **Utebo FC** in Utebo FC vs Unionistas CF: Numbers: 2 and 9.
[4361804] Could not find attributes for fedor lapoukhov (Dinamo Minsk, 2024)
[4472388] Failed to build match row: Utebo FC vs Unionistas CF
[4361804] Failed to build match row: Dinamo Minsk vs FC Pyunik Yerevan
[4363927] Could not find attributes for pierre cornud (AS Saint-Étienne, 2024)
[4363927] Failed to build match row: AS Saint-Étienne vs Rennes
[4802359] Could not find attributes for lorenzo faravelli (Impulsora del Deportivo Necaxa S.A. de C.V., 2025)
[4649342] Could not find attributes for anton mitryushkin (Футбольный клуб "Локомотив" Москва, 2025)
[4802359] Failed to build match row: Impulsora del Deportivo Necaxa S.A. de C.V. vs Club de Fútbol Monterrey Rayados A.C.
terburg
[3420942] Could not find attributes for yevgen past (Desna Chernigiv, 2020)
[3420942] Failed to build match row: Desna Chernigiv vs Ingulets Petrove
[3603189] Could not find attributes for stephane omeonga (Livingston Football Club, 2021)
[3603189] Failed to build match row: Hibernian Football Club vs Livingston Football Club

Keepers & outfield error for **Venezia FC** in Venezia FC vs Torino Calcio: Numbers: 2 and 9.
[4373934] Failed to build match row: Venezia FC vs Torino Calcio
[3668172] Could not find attributes for artem kychak (NK Veres Rivne, 2021)
[3668172] Failed to build match row: NK Veres Rivne vs Vorskla Poltava
[4368503] Could not find attributes for ebube duru (Sønderjyske Fodbold, 2024)
[4368503] Failed to build match row: Sønderjyske Fodbold vs Fodbold Club Nordsjælland

Keepers & outfield error for **Clube Atlético Mineiro** in Clube Atlético Mineiro vs Esporte Clube Vitória: Numbers: 0 and 11.
[4582035] Failed to build match row: Clube Atlético Mineiro vs Esporte Clube Vitória
[3845026] Failed to scrape lineup: https://www.transfermarkt.co.uk/bologna-fc-1909_ac-milan/index/spielbericht/3845026
[3481578] Failed to scrape lineup: https://www.transfermarkt.co.uk/asteras-tripolis_volos-nps/index/spielbericht/3481578

Keepers & outfield error for **Al-Fateh Club** in Al-Ettifaq Football Club vs Al-Fateh Club: Numbers: 0 and 11.
[4750190] Failed to build match row: Al-Ettifaq Football Club vs Al-Fateh Club
[3860321] Failed to scrape lineup: https://www.transfermarkt.co.uk/adana-demirspor_istanbulspor/index/spielbericht/3860321
[4522655] Could not find attributes for mikkel konradsen ceide (Rosenborg Ballklub, 2024)
[4522655] Failed to build match row: Rosenborg Ballklub vs Sandefjord Fotball
[4121008] Could not find attributes for tete yengi (Livingston Football Club, 2023)
[3589419] Failed to scrape lineup: https://www.transfermarkt.co.uk/stade-brestois-29_fc-lorient/index/spielbericht/3589419
[4121008] Failed to build match row: Livingston Football Club vs Motherwell Football Club

Keepers & outfield error for **Villarreal Club de Fútbol S.A.D.** in Villarreal Club de Fútbol S.A.D. vs Rayo Vallecano de Madrid S. A. D.: Numbers: 2 and 9.
[3886519] Failed to build match row: Villarreal Club de Fútbol S.A.D. vs Rayo Vallecano de Madrid S. A. D.
[4146932] Could not find attributes for vladislav kraynov (Znamya Truda Orekhovo-Zuevo, 2023)
[4146932] Failed to build match row: Znamya Truda Orekhovo-Zuevo vs Zorkiy Krasnogorsk
[4361805] Failed to scrape lineup: https://www.transfermarkt.co.uk/spielbericht/index/spielbericht/4361805
[4472389] Failed to scrape lineup: https://www.transfermarkt.co.uk/spielbericht/index/spielbericht/4472389

Keepers & outfield error for **SD Eibar** in Levante Unión Deportiva S.A.D. vs SD Eibar: Numbers: 2 and 9.
[3451086] Failed to build match row: Levante Unión Deportiva S.A.D. vs SD Eibar
[4393163] Could not find attributes for oleksandr petrusenko (Antalyaspor, 2024)
rangers-fc/index/spielbericht/3603190
[4368504] Failed to scrape lineup: https://www.transfermarkt.co.uk/randers-fc_lyngby-boldklub/index/spielbericht/4368504
[4373935] Failed to scrape lineup: https://www.transfermarkt.co.uk/atalanta-bc_acf-fiorentina/index/spielbericht/4373935
[4393163] Failed to build match row: Antalyaspor vs Fenerbahçe Spor Kulübü
[3845027] Failed to scrape lineup: https://www.transfermarkt.co.uk/us-cremonese_fc-empoli/index/spielbericht/3845027
[4693281] Could not find attributes for joider micolta (Internacional de Bogotá, 2025)
[4693281] Failed to build match row: Internacional de Bogotá vs Deportivo Cali

Keepers & outfield error for **Clube Desportivo de Tondela** in Clube Desportivo de Tondela vs FC Vizela: Numbers: 2 and 9.
[3621649] Failed to build match row: Clube Desportivo de Tondela vs FC Vizela

Keepers & outfield error for **Rio Ave Futebol Clube** in FC Vizela vs Rio Ave Futebol Clube: Numbers: 2 and 9.
[4109536] Failed to build match row: FC Vizela vs Rio Ave Futebol Clube
[4802360] Could not find attributes for oussama idrissi (Promotora del Club Pachuca S. A. de C. V., 2025)
[4802360] Failed to build match row: Promotora del Club Pachuca S. A. de C. V. vs Club León Fútbol Club
[4095382] Failed to scrape lineup: https://www.transfermarkt.co.uk/brentford-fc_brighton-amp-hove-albion/index/spielbericht/4095382
[4361806] Failed to scrape lineup: https://www.transfermarkt.co.uk/spielbericht/index/spielbericht/4361806
[3589420] Failed to scrape lineup: https://www.transfermarkt.co.uk/clermont-foot-63_fc-girondins-bordeaux/index/spie[4121009] Failed to scrape lineup: https://www.transfermarkt.co.uk/ross-county-fc_st-mirren-fc/index/spielbericht/4121009
[3668173] Could not find attributes for danylo varakuta (Chornomorets Odesa, 2021)
[4472390] Failed to scrape lineup: https://www.transfermarkt.co.uk/spielbericht/index/spielbericht/4472390
[3668173] Failed to build match row: Chornomorets Odesa vs FC Shakhtar Donetsk
[3427151] Could not find attributes for semih kaya (Yeni Malatyaspor, 2020)
[3427151] Failed to build match row: Yeni Malatyaspor vs MKE Ankaragücü
[3839374] Could not find attributes for nikola soldo (1. Fußball-Club Köln, 2022)
[3839374] Failed to build match row: Verein für Bewegungsspiele Stuttgart 1893 vs 1. Fußball-Club Köln
[3420943] Could not find attributes for yevgen volynets (FK Kolos Kovalivka, 2020)
[3420943] Failed to build match row: FK Kolos Kovalivka vs FC Rukh Lviv
[4649343] Could not find attributes for vadim ulyanov (RFK Akhmat Grozny, 2025)
[4693282] Failed to scrape lineup: https://www.transfermarkt.co.uk/millonarios-fc_fortaleza-ceif/index/spielbericht/4693282
[4649343] Failed to build match row: RFK Akhmat Grozny vs FK Baltika

Keepers & outfield error for **Grêmio Foot-Ball Porto Alegrense** in Grêmio Foot-Ball Porto Alegrense vs Clube de Regatas do Flamengo: Numbers: 0 and 11.
[4582036] Failed to build match row: Grêmio Foot-Ball Porto Alegrense vs Clube de Regatas do Flamengo
[4109537] Failed to scrape lineup: https://www.transfermarkt.co.uk/fc-arouca_boavista-fc/index/spielbericht/4109537

Keepers & outfield error for **Pisa Sporting Club** in Pisa Sporting Club vs Cagliari Calcio: Numbers: 0 and 11.
[4621000] Failed to build match row: Pisa Sporting Club vs Cagliari Calcio
[3950338] Could not find attributes for will richards (Chippenham Town, 2022)
[3950338] Failed to build match row: Chippenham Town vs Lincoln City
[3481579] Could not find attributes for lefteris choutesiotis (PAS Giannina, 2020)
[3481579] Failed to build match row: PAS Giannina vs Panetolikos Agrinio
[4121010] Failed to scrape lineup: https://www.transfermarkt.co.uk/aberdeen-fc_ross-county-fc/index/spielbericht/4121010
[4098840] Could not find attributes for islam slimani (Yellow-Red Koninklijke Voetbalclub Mechelen, 2023)
[4098840] Failed to build match row: Yellow-Red Koninklijke Voetbalclub Mechelen vs Koninklijke Voetbal Club Westerlo
[4750191] Could not find attributes for kewin (Damac Football Club, 2025)
[4750191] Failed to build match row: Damac Football Club vs Al-Shabab Club
[3420944] Failed to scrape lineup: https://www.transfermarkt.co.uk/vorskla-poltava_fc-oleksandriya/index/spielbericht/3420944
[3668174] Could not find attributes for oleksandr bandura (FC Rukh Lviv, 2021)
[3668174] Failed to build match row: FC Rukh Lviv vs FC Zorya Lugansk
[3886520] Could not find attributes for momo mbaye (Cádiz CF, 2022)
[3886520] Failed to build match row: Athletic Club Bilbao vs Cádiz CF
[3748488] Failed to scrape lineup: https://www.transfermarkt.co.uk/atromitos-athens_panathinaikos-fc/index/spielbericht/3748488
[4582037] Failed to scrape lineup: https://www.transfermarkt.co.uk/esporte-clube-bahia_mirassol-futebol-clube-sp-/index/spielbericht/4582037

Keepers & outfield error for **Aberdeen Football Club** in Aberdeen Football Club vs Livingston Football Club: Numbers: 2 and 9.
[3603191] Failed to build match row: Aberdeen Football Club vs Livingston Football Club
[4645588] Failed to scrape lineup: https://www.transfermarkt.co.uk/getafe-cf_girona-fc/index/spielbericht/4645588
[4368506] Failed to scrape lineup: https://www.transfermarkt.co.uk/fc-copenhagen_lyngby-boldklub/index/spielbericht/4368506
[3451088] Failed to scrape lineup: https://www.transfermarkt.co.uk/real-valladolid-cf_valencia-cf/index/spielbericht/3451088

Keepers & outfield error for **Fatih Karagümrük Sportif Faaliyetler San. Tic. A.Ş.** in Kayserispor Kulübü vs Fatih Karagümrük Sportif Faaliyetler San. Tic. A.Ş.: Numbers: 0 and 11.
[3860324] Failed to build match row: Kayserispor Kulübü vs Fatih Karagümrük Sportif Faaliyetler San. Tic. A.Ş.
[3886521] Failed to scrape lineup: https://www.transfermarkt.co.uk/atletico-de-madrid_getafe-cf/index/spielbericht/3886521
[4693283] Could not find attributes for Joaquín Mattalia (Unión Magdalena, 2025)
[4693283] Failed to build match row: Unión Magdalena vs Atlético Nacional

Keepers & outfield error for **Olympique Lyonnais** in Olympique Lyonnais vs Lille Olympique Sporting Club: Numbers: 2 and 9.
[3589421] Failed to build match row: Olympique Lyonnais vs Lille Olympique Sporting Club
[3901645] Could not find attributes for enric saborit (Maccabi Tel Aviv, 2022)
[3901645] Failed to build match row: Olympique Gymnaste Club Nice Côte d'Azur vs Maccabi Tel Aviv
[3748489] Could not find attributes for boris kleyman (Volou Neos Podosferikos Syllogos, 2021)
[3748489] Failed to build match row: Volou Neos Podosferikos Syllogos vs PAS Giannina
[3539338] Could not find attributes for leo hjelde (Ross County FC, 2020)
[3539338] Failed to build match row: Ross County FC vs Inverness Caledonian Thistle FC

Keepers & outfield error for **Olympique Lyonnais** in Olympique Lyonnais vs Stade Reims: Numbers: 0 and 11.
[4363929] Failed to build match row: Olympique Lyonnais vs Stade Reims
[4649344] Could not find attributes for jhon alex palacios (FC Orenburg, 2025)
[4634137] Failed to scrape lineup: https://www.transfermarkt.co.uk/borussia-dortmund_1-fc-union-berlin/index/spielbericht/4634137
[4649344] Failed to build match row: FC Orenburg vs FK Nizhny Novgorod
[4640883] Could not find attributes for sasa stamenkovic (Fudbalski Klub Mladost Lučani, 2025)
[4640883] Failed to build match row: Fudbalski Klub Mladost Lučani vs Železničar Pančevo
[3613202] Could not find attributes for ogulcan ulgun (Konyaspor, 2021)
[3613202] Failed to build match row: Konyaspor vs Hatayspor
[4146933] Could not find attributes for semen bobrov (Dinamo Vologda, 2023)
[4146933] Failed to build match row: Dinamo Vologda vs Spartak Kostroma
[4098841] Could not find attributes for parfait guiagon (Royal Charleroi Sporting Club, 2023)
[4098841] Failed to build match row: Royal Charleroi Sporting Club vs Cercle Brugge Koninklijke Sportvereniging
[4393164] Could not find attributes for malcom bokele (Göztepe Sportif Yatırımlar A.Ş., 2024)
[4393164] Failed to build match row: Samsunspor vs Göztepe Sportif Yatırımlar A.Ş.
[3668175] Could not find attributes for maksym lopyryonok (LNZ Cherkasy, 2021)
[3668175] Failed to build match row: LNZ Cherkasy vs SC Dnipro-1
[4522656] Could not find attributes for henry sletsjoe (Kristiansund Ballklubb, 2024)
[4361807] Could not find attributes for zamiq aliyev (KF Egnatia, 2024)
[4361807] Failed to build match row: KF Egnatia vs FK Borac Banja Luka
[4522656] Failed to build match row: Sarpsborg 08 Fotballforening vs Kristiansund Ballklubb
[3886522] Failed to scrape lineup: https://www.transfermarkt.co.uk/fc-barcelona_sevilla-fc/index/spielbericht/3886522

Keepers & outfield error for **Al-Nassr Football Club** in Al-Nassr Football Club vs Al-Hazem Sport Club: Numbers: 0 and 11.
[4750192] Failed to build match row: Al-Nassr Football Club vs Al-Hazem Sport Club

Keepers & outfield error for **Panathinaikos Athlitikos Omilos** in Panathinaikos Athlitikos Omilos vs APS Atromitos Athinon: Numbers: 2 and 9.
[3540999] Failed to scrape lineup: https://www.transfermarkt.co.uk/spielbericht/index/spielbericht/3540999
[3481580] Failed to build match row: Panathinaikos Athlitikos Omilos vs APS Atromitos Athinon
[4645589] Could not find attributes for jose gaya (Valencia Club de Fútbol S. A. D., 2025)

Keepers & outfield error for **Fodbold Club Midtjylland** in Fodbold Club Midtjylland vs Silkeborg Idrætsforening: Numbers: 2 and 9.
[4078218] Could not find attributes for feras shelbaieh (Jordan, 2024)
[4368507] Failed to build match row: Fodbold Club Midtjylland vs Silkeborg Idrætsforening
1)
[4078218] Failed to build match row: Jordan vs Bahrain
[4645589] Failed to build match row: Real Madrid Club de Fútbol vs Valencia Club de Fútbol S. A. D.

Keepers & outfield error for **Real Sociedad de Fútbol S.A.D.** in Sevilla Fútbol Club S.A.D. vs Real Sociedad de Fútbol S.A.D.: Numbers: 0 and 11.
[3603192] Failed to build match row: The Celtic Football Club vs Heart of Midlothian Football Club
[3451089] Failed to build match row: Sevilla Fútbol Club S.A.D. vs Real Sociedad de Fútbol S.A.D.
[4121011] Could not find attributes for macaulay tait (Heart of Midlothian Football Club, 2023)
[4121011] Failed to build match row: Heart of Midlothian Football Club vs Kilmarnock Football Club
[3613203] Failed to scrape lineup: https://www.transfermarkt.co.uk/hatayspor_giresunspor/index/spielbericht/3613203
[4098842] Failed to scrape lineup: https://www.transfermarkt.co.uk/kas-eupen_sint-truidense-vv/index/spielbericht/4098842
[4582038] Could not find attributes for gustavo mancha (Fortaleza Esporte Clube, 2024)
[4582038] Failed to build match row: Fortaleza Esporte Clube vs Sport Club Internacional
[3621650] Could not find attributes for xadas (CS Marítimo, 2021)
[3621650] Failed to build match row: CS Marítimo vs Boavista FC
[4361808] Failed to scrape lineup: https://www.transfermarkt.co.uk/spielbericht/index/spielbericht/4361808
[3886523] Failed to scrape lineup: https://www.transfermarkt.co.uk/real-betis-balompie_celta-de-vigo/index/spielbericht/3886523
[4522658] Could not find attributes for abubacarr sedi kinteh (Tromsø Idrettslag, 2024)
[4522658] Failed to build match row: Hamarkameratene vs Tromsø Idrettslag
[3427152] Could not find attributes for abdulkadir sunger (Denizlispor, 2020)
[3427152] Failed to build match row: Denizlispor vs Sivasspor
[3950340] Failed to scrape lineup: https://www.transfermarkt.co.uk/spielbericht/index/spielbericht/3950340
[3589422] Could not find attributes for jemerson (Football Club de Metz, 2021)
[3589422] Failed to build match row: Football Club de Metz vs Football Club de Nantes
[4802361] Could not find attributes for sebastian jurado (Fútbol Club Juárez, 2025)
[4802361] Failed to build match row: Fútbol Club Juárez vs Club Deportivo Guadalajara S. A. de C. V.
[3481581] Failed to scrape lineup: https://www.transfermarkt.co.uk/ofi-crete-fc_olympiacos-piraeus/index/spielbericht/3481581
[3603193] Failed to scrape lineup: https://www.transfermarkt.co.uk/dundee-fc_st-johnstone-fc/index/spielbericht/3603193
[3845030] Failed to scrape lineup: https://www.transfermarkt.co.uk/us-lecce_uc-sampdoria/index/spielbericht/3845030
[4098843] Failed to scrape lineup: https://www.transfermarkt.co.uk/rsc-anderlecht_kv-kortrijk/index/spielbericht/4098843
[3621651] Failed to scrape lineup: https://www.transfermarkt.co.uk/fc-porto_portimonense-sc/index/spielbericht/3621651
[4373938] Failed to scrape lineup: https://www.transfermarkt.co.uk/fc-empoli_juventus-fc/index/spielbericht/4373938
[4693284] Could not find attributes for eder chaux (Independiente Medellín, 2025)
[4693284] Failed to build match row: Independiente Medellín vs Junior FC
[4640884] Could not find attributes for lazar kalicanin (Fudbalski klub Čukarički Beograd, 2025)
[4640884] Failed to build match row: Fudbalski klub Čukarički Beograd vs Fudbalski Klub Novi Pazar
[4146934] Could not find attributes for vitaliy yakovlev (Kvant Obninsk, 2023)
[4146934] Failed to build match row: Kvant Obninsk vs FC Kaluga
[3950341] Failed to scrape lineup: https://www.transfermarkt.co.uk/spielbericht/index/spielbericht/3950341
[3420945] Failed to scrape lineup: https://www.transfermarkt.co.uk/fk-mariupol_sc-dnipro-1/index/spielbericht/3420945
[4363930] Could not find attributes for haris belkebla (Angers Sporting Club de l'Ouest, 2024)
[4363930] Failed to build match row: Angers Sporting Club de l'Ouest vs Olympique de Marseille
[3668176] Could not find attributes for mykyta turbayevskyi (FK Mariupol, 2021)
[3668176] Failed to build match row: FK Mariupol vs Futbolniy Klub Dynamo Kyiv

Keepers & outfield error for **Kasımpaşa A.Ş.** in Altay SK vs Kasımpaşa A.Ş.: Numbers: 2 and 9.
[3613204] Failed to build match row: Altay SK vs Kasımpaşa A.Ş.

Keepers & outfield error for **Southampton FC** in Leicester City vs Southampton FC: Numbers: 0 and 11.
[3541000] Failed to build match row: Leicester City vs Southampton FC
[4802362] Failed to scrape lineup: https://www.transfermarkt.co.uk/cd-cruz-azul_atlas-guadalajara/index/spielbericht/4802362
[3481582] Failed to scrape lineup: https://www.transfermarkt.co.uk/ae-larisa_pas-lamia-1964/index/spielbericht/3481582
[4368509] Failed to scrape lineup: https://www.transfermarkt.co.uk/aalborg-bk_viborg-ff/index/spielbericht/4368509
[4121012] Could not find attributes for tete yengi (Livingston Football Club, 2023)
[4121012] Failed to build match row: Livingston Football Club vs The Celtic Football Club
[3603194] Could not find attributes for borna barisic (Rangers Football Club, 2021)

Keepers & outfield error for **Fatih Karagümrük Sportif Faaliyetler San. Tic. A.Ş.** in Fatih Karagümrük Sportif Faaliyetler San. Tic. A.Ş. vs Konyaspor: Numbers: 0 and 11.
[3603194] Failed to build match row: Hibernian Football Club vs Rangers Football Club
[3860326] Failed to build match row: Fatih Karagümrük Sportif Faaliyetler San. Tic. A.Ş. vs Konyaspor
[4098844] Failed to scrape lineup: https://www.transfermarkt.co.uk/standard-liege_kas-eupen/index/spielbericht/4098844
[4750193] Could not find attributes for anthony moris (Al-Khaleej Club (Saihat), 2025)
[4750193] Failed to build match row: Al-Khaleej Club (Saihat) vs Neom Sports Club
[4373939] Failed to scrape lineup: https://www.transfermarkt.co.uk/genoa-cfc_as-roma/index/spielbericht/4373939

Keepers & outfield error for **HNK Hajduk Split** in HNK Hajduk Split vs Villarreal Club de Fútbol S.A.D.: Numbers: 0 and 11.
[3901646] Failed to build match row: HNK Hajduk Split vs Villarreal Club de Fútbol S.A.D.
[3748490] Could not find attributes for lefteris choutesiotis (Ionikos Nikeas, 2021)
[4693285] Could not find attributes for dario denis (Boyacá Chicó FC, 2025)
[3748490] Failed to build match row: Ionikos Nikeas vs Panetolikos Agrinio
[4693285] Failed to build match row: Boyacá Chicó FC vs Deportivo Pereira
[4648298] Failed to scrape lineup: https://www.transfermarkt.co.uk/odense-boldklub_fc-nordsjaelland/index/spielbericht/4648298
[3613205] Failed to scrape lineup: https://www.transfermarkt.co.uk/antalyaspor_galatasaray/index/spielbericht/3613205
[3839386] Could not find attributes for michael gregoritsch (Sport-Club Freiburg, 2022)
[3481583] Failed to scrape lineup: https://www.transfermarkt.co.uk/apollon-smyrnis_paok-thessaloniki/index/spielbericht/3481583
[3839386] Failed to build match row: Sport-Club Freiburg vs Bayer 04 Leverkusen Fußball
[4368510] Failed to scrape lineup: https://www.transfermarkt.co.uk/fc-nordsjaelland_aarhus-gf/index/spielbericht/4368510
[3433437] Failed to scrape lineup: https://www.transfermarkt.co.uk/ssc-napoli_bologna-fc-1909/index/spielbericht/3433437

Keepers & outfield error for **Strømsgodset IF** in KFUM-Kameratene Oslo vs Strømsgodset IF: Numbers: 0 and 11.
[4522659] Failed to build match row: KFUM-Kameratene Oslo vs Strømsgodset IF
[4582039] Could not find attributes for felipinho (Esporte Clube Juventude, 2024)
[4361809] Could not find attributes for enea kolici (FC Ballkani, 2024)
[4582039] Failed to build match row: Esporte Clube Juventude vs Ceará Sporting Club
[4361809] Failed to build match row: FC Ballkani vs UE Santa Coloma
[4363931] Could not find attributes for adrien thomasson (Racing Club de Lens, 2024)
[4363931] Failed to build match row: Olympique Gymnaste Club Nice Côte d'Azur vs Racing Club de Lens
[3621652] Could not find attributes for yohan tavares (B SAD, 2021)
[3621652] Failed to build match row: B SAD vs FC Vizela
[4078219] Could not find attributes for patiwat khammai (Thailand, 2024)
[4078219] Failed to build match row: Thailand vs Kyrgyzstan

Keepers & outfield error for **Real Sociedad de Fútbol S.A.D.** in Futbol Club Barcelona vs Real Sociedad de Fútbol S.A.D.: Numbers: 0 and 11.
[3451091] Failed to build match row: Futbol Club Barcelona vs Real Sociedad de Fútbol S.A.D.
[4625615] Could not find attributes for agron kolaj (FC Prishtina, 2025)
[4625615] Failed to build match row: FC Prishtina vs FC Sheriff Tiraspol
[4400129] Could not find attributes for viorel lica (Corvinul Hunedoara, 2024)
[4400129] Failed to build match row: Corvinul Hunedoara vs Hrvatski Nogometni Klub Rijeka
[3481584] Failed to scrape lineup: https://www.transfermarkt.co.uk/aris-thessaloniki_aek-athens/index/spielbericht/3481584
[4368511] Failed to scrape lineup: https://www.transfermarkt.co.uk/sonderjyske-fodbold_brondby-if/index/spielbericht/4368511
[3839387] Failed to scrape lineup: https://www.transfermarkt.co.uk/1-fc-koln_vfl-wolfsburg/index/spielbericht/3839387
[4121013] Could not find attributes for georgie gent (Motherwell Football Club, 2023)
[4121013] Failed to build match row: Motherwell Football Club vs Saint Mirren Football Club

Keepers & outfield error for **Motherwell Football Club** in Motherwell Football Club vs Dundee United Football Club: Numbers: 0 and 11.
[3603195] Failed to build match row: Motherwell Football Club vs Dundee United Football Club
[4582040] Failed to scrape lineup: https://www.transfermarkt.co.uk/cr-flamengo_esporte-clube-vitoria/index/spielbericht/4582040
[4109538] Could not find attributes for kiko (Gil Vicente Futebol Clube, 2023)
[4109538] Failed to build match row: Gil Vicente Futebol Clube vs Sporting Clube de Portugal
[4361810] Could not find attributes for matjaz rozman (NK Celje, 2024)
[4361810] Failed to build match row: NK Celje vs FC Flora Tallinn
[3623630] Failed to scrape lineup: https://www.transfermarkt.co.uk/spielbericht/index/spielbericht/3623630
[4625616] Failed to scrape lineup: https://www.transfermarkt.co.uk/spielbericht/index/spielbericht/4625616
[4648300] Failed to scrape lineup: https://www.transfermarkt.co.uk/brondby-if_fc-midtjylland/index/spielbericht/4648300
[3481585] Could not find attributes for devis epassy (PAS Lamia 1964, 2020)
[3481585] Failed to build match row: PAS Lamia 1964 vs A.G.S Asteras Tripolis
[4098845] Could not find attributes for parfait guiagon (Royal Charleroi Sporting Club, 2023)
[4098845] Failed to build match row: Koninklijke Atletiek Associatie Gent vs Royal Charleroi Sporting Club
[4802363] Could not find attributes for michael carcelen (Querétaro Fútbol Club, 2025)
[4625617] Failed to scrape lineup: https://www.transfermarkt.co.uk/spielbericht/index/spielbericht/4625617
[4109539] Failed to scrape lineup: https://www.transfermarkt.co.uk/cf-estrela-amadora_rio-ave-fc/index/spielbericht/4109539
[4802363] Failed to build match row: Querétaro Fútbol Club vs Club Tijuana Xoloitzcuintles de Caliente
[4648301] Failed to scrape lineup: https://www.transfermarkt.co.uk/fc-nordsjaelland_fc-copenhagen/index/spielbericht/4648301
[4750194] Could not find attributes for nabil dunga (Al-Najma Sport Club, 2025)
[4693286] Could not find attributes for dario denis (Boyacá Chicó FC, 2025)
[4750194] Failed to build match row: Al-Ahli Saudi Football Club vs Al-Najma Sport Club
[4693286] Failed to build match row: Once Caldas vs Boyacá Chicó FC
[4361811] Failed to scrape lineup: https://www.transfermarkt.co.uk/spielbericht/index/spielbericht/4361811
[4410751] Failed to scrape lineup: https://www.transfermarkt.co.uk/al-ahli-sfc_al-raed-sfc/index/spielbericht/4410751
[4146935] Could not find attributes for daniil vaulin (Luki-Energia Velikie Luki, 2023)
[4146935] Failed to build match row: Luki-Energia Velikie Luki vs FC Tver
[4121014] Failed to scrape lineup: https://www.transfermarkt.co.uk/rangers-fc_hibernian-fc/index/spielbericht/4121014
[4272806] Could not find attributes for matvey safonov (FK Krasnodar, 2023)
[4272806] Failed to build match row: FK Krasnodar vs Fakel Voronezh
[3481586] Failed to scrape lineup: https://www.transfermarkt.co.uk/atromitos-athens_apollon-smyrnis/index/spielbericht/3481586
[4522660] Could not find attributes for knut andre skjaerstein (Kristiansund Ballklubb, 2024)
[4522660] Failed to build match row: Kristiansund Ballklubb vs Rosenborg Ballklub
[4802364] Failed to scrape lineup: https://www.transfermarkt.co.uk/cf-america_atletico-de-san-luis/index/spielbericht/4802364
[4750195] Failed to scrape lineup: https://www.transfermarkt.co.uk/al-nassr-fc_al-najma-sc/index/spielbericht/4750195
[4146936] Failed to scrape lineup: https://www.transfermarkt.co.uk/spielbericht/index/spielbericht/4146936
[4693287] Failed to scrape lineup: https://www.transfermarkt.co.uk/fortaleza-ceif_atletico-bucaramanga/index/spielbericht/4693287
[4121015] Failed to scrape lineup: https://www.transfermarkt.co.uk/st-johnstone-fc_dundee-fc/index/spielbericht/4121015
[4272807] Failed to scrape lineup: https://www.transfermarkt.co.uk/cska-moscow_akhmat-grozny/index/spielbericht/4272807

Keepers & outfield error for **Venezia FC** in Associazione Calcio Milan vs Venezia FC: Numbers: 2 and 9.
[4373941] Failed to build match row: Associazione Calcio Milan vs Venezia FC
[3860327] Could not find attributes for tayyip talha sanuc (Beşiktaş Jimnastik Kulübü, 2022)
[3860327] Failed to build match row: Beşiktaş Jimnastik Kulübü vs Kasımpaşa A.Ş.

Keepers & outfield error for **Levante Unión Deportiva S.A.D.** in Levante Unión Deportiva S.A.D. vs Celta: Numbers: 0 and 11.
[4645591] Failed to build match row: Levante Unión Deportiva S.A.D. vs Celta

Keepers & outfield error for **Cádiz CF** in Cádiz CF vs Levante Unión Deportiva S.A.D.: Numbers: 2 and 9.
[3451092] Failed to build match row: Cádiz CF vs Levante Unión Deportiva S.A.D.
[4095383] Could not find attributes for vitinho (Burnley Football Club, 2023)
[4095383] Failed to build match row: Burnley Football Club vs Wolverhampton Wanderers Football Club
[3613207] Could not find attributes for burak bekaroglu (Fatih Karagümrük Sportif Faaliyetler San. Tic. A.Ş., 2021)
[3613207] Failed to build match row: Fatih Karagümrük Sportif Faaliyetler San. Tic. A.Ş. vs Alanyaspor
[4621003] Could not find attributes for jesper karlstrom (Udinese Calcio, 2025)
[3748491] Could not find attributes for vahid selimovic (Omilos Filathlon Irakliou FC, 2021)
[4621003] Failed to build match row: Udinese Calcio vs Juventus Football Club
[3748491] Failed to build match row: Omilos Filathlon Irakliou FC vs Apollon Smyrnis
[3623631] Could not find attributes for antony iannarilli (Ternana Calcio, 2021)
[3623631] Failed to build match row: Ternana Calcio vs US Avellino 1912
[3902054] Could not find attributes for oleg mozil (TOV FK Metalist 1925 Kharkiv, 2022)
[3902054] Failed to build match row: FC Shakhtar Donetsk vs TOV FK Metalist 1925 Kharkiv
[3668177] Could not find attributes for yaroslav vazhynskyi (Alyans Lypova Dolyna, 2021)
[3668177] Failed to build match row: Alyans Lypova Dolyna vs PFK Lviv
[4432894] Could not find attributes for toni sunjic (HSK Zrinjski Mostar, 2024)
[4625618] Could not find attributes for stas pokatilov (Sabah FK, 2025)
[4432894] Failed to build match row: HSK Zrinjski Mostar vs Vitória Sport Clube
[4582041] Could not find attributes for philippe coutinho (Club de Regatas Vasco da Gama, 2024)
[4121016] Could not find attributes for mohamad sylla (Dundee Football Club, 2023)
[4625618] Failed to build match row: Sabah FK vs NK Celje
[4582041] Failed to build match row: Club de Regatas Vasco da Gama vs Sport Club Corinthians Paulista
[4121016] Failed to build match row: Dundee Football Club vs Motherwell Football Club
[4109540] Could not find attributes for ponck (Moreirense Futebol Clube, 2023)
[4109540] Failed to build match row: Sport Lisboa e Benfica vs Moreirense Futebol Clube
[4522661] Could not find attributes for zinedin smajlovic (Sandefjord Fotball, 2024)
[4522661] Failed to build match row: Sandefjord Fotball vs FK Haugesund
[4180927] Could not find attributes for con ouzounidis (Esbjerg fB, 2023)
[4180927] Failed to build match row: Esbjerg fB vs Viborg Fodsports Forening
[4361812] Could not find attributes for emil timbur (FK Panevezys, 2024)
[4361812] Failed to build match row: HJK Helsinki vs FK Panevezys

Keepers & outfield error for **Associazione Sportiva Roma** in Associazione Sportiva Roma vs Udinese Calcio: Numbers: 0 and 11.
[3845032] Failed to build match row: Associazione Sportiva Roma vs Udinese Calcio
[4802365] Could not find attributes for adalberto carrasquilla (Club Universidad Nacional A. C., 2025)
[4802365] Failed to build match row: Club Tigres UANL Sinergia Deportiva S.A. de C.V. vs Club Universidad Nacional A. C.
[4645592] Could not find attributes for leander dendoncker (Real Oviedo S.A.D., 2025)
[4645592] Failed to build match row: Real Oviedo S.A.D. vs Club Atlético Osasuna
[3748492] Could not find attributes for athanasios garavelis (PAS Lamia 1964, 2021)
[3748492] Failed to build match row: PAS Lamia 1964 vs Panthessalonikios Athlitikos Omilos Konstantinoupoliton
[4621004] Could not find attributes for roberto gagliardini (Verona Hellas Football Club, 2025)
[4621004] Failed to build match row: Verona Hellas Football Club vs Genoa Cricket and Football Club
[4750196] Could not find attributes for loreintz rosier (Al-Hazem Sport Club, 2025)
[4750196] Failed to build match row: Al-Ittihad Football Club vs Al-Hazem Sport Club

Keepers & outfield error for **Fodbold Club Midtjylland** in Fodbold Club Midtjylland vs Aarhus Gymnastik Forening: Numbers: 2 and 9.
[4368513] Failed to build match row: Fodbold Club Midtjylland vs Aarhus Gymnastik Forening

Keepers & outfield error for **Paris Saint-Germain Football Club** in Paris Saint-Germain Football Club vs AS Saint-Étienne: Numbers: 2 and 9.

Keepers & outfield error for **Fulham Football Club** in Nottingham Forest Football Club vs Fulham Football Club: Numbers: 2 and 9.
[4095384] Failed to build match row: Nottingham Forest Football Club vs Fulham Football Club
[3589425] Failed to build match row: Paris Saint-Germain Football Club vs AS Saint-Étienne
[4582042] Could not find attributes for weverton (Sociedade Esportiva Palmeiras, 2024)
[4582042] Failed to build match row: Sociedade Esportiva Palmeiras vs Sport Club do Recife
[3420946] Could not find attributes for oleksiy kovtun (FC Minaj, 2020)
[3420946] Failed to build match row: FC Minaj vs Olimpik Donetsk
[4634141] Could not find attributes for vini souza (Verein für Leibesübungen Wolfsburg, 2025)
[4634141] Failed to build match row: Verein für Leibesübungen Wolfsburg vs 1. Fußball- und Sportverein Mainz 05
[4693288] Could not find attributes for yuber quinones (Deportivo Pereira, 2025)
[4693288] Failed to build match row: Deportivo Pereira vs Unión Magdalena
[3860328] Could not find attributes for bahadir gungordu (MKE Ankaragücü, 2022)
[3860328] Failed to build match row: MKE Ankaragücü vs Kayserispor Kulübü
[4649345] Could not find attributes for vitaliy gudiev (Akron Togliatti, 2025)
[4649345] Failed to build match row: Akron Togliatti vs Dinamo Makhachkala
[4715929] Failed to scrape lineup: https://www.transfermarkt.co.uk/spielbericht/index/spielbericht/4715929
[4121017] Could not find attributes for Adama Sidibeh (St. Johnstone FC, 2023)

Keepers & outfield error for **Olympiakos Syndesmos Filathlon Peiraios** in Olympiakos Syndesmos Filathlon Peiraios vs Panathinaikos Athlitikos Omilos: Numbers: 0 and 11.
[4121017] Failed to build match row: Hibernian Football Club vs St. Johnstone FC
[3481587] Failed to build match row: Olympiakos Syndesmos Filathlon Peiraios vs Panathinaikos Athlitikos Omilos
[4410752] Could not find attributes for faycal fajr (Al-Taawoun Football Club, 2024)
[4410752] Failed to build match row: Al-Taawoun Football Club vs Al-Okhdood Club

Keepers & outfield error for **Aberdeen Football Club** in Aberdeen Football Club vs Rangers Football Club: Numbers: 2 and 9.
[3603197] Failed to build match row: Aberdeen Football Club vs Rangers Football Club
[4522663] Could not find attributes for emil holten (Fredrikstad Fotballklubb, 2024)
[3481588] Failed to scrape lineup: https://www.transfermarkt.co.uk/aek-athens_ae-larisa/index/spielbericht/3481588
[4522663] Failed to build match row: Viking Fotballklubb vs Fredrikstad Fotballklubb
[4363933] Could not find attributes for pierre cornud (AS Saint-Étienne, 2024)
[4363933] Failed to build match row: Olympique de Marseille vs AS Saint-Étienne
[4715930] Could not find attributes for davide calabria (Panathinaikos Athlitikos Omilos, 2025)
[4715930] Failed to build match row: Feyenoord Rotterdam vs Panathinaikos Athlitikos Omilos
[4625619] Could not find attributes for damjan vuklisevic (NK Celje, 2025)
[4625619] Failed to build match row: NK Celje vs Sabah FK
[4121018] Could not find attributes for danny armstrong (Kilmarnock Football Club, 2023)
[4121018] Failed to build match row: Kilmarnock Football Club vs Ross County FC
[3420947] Could not find attributes for betim halimi (Olimpik Donetsk, 2020)
[3420947] Failed to build match row: Olimpik Donetsk vs FC Shakhtar Donetsk
[4393165] Failed to scrape lineup: https://www.transfermarkt.co.uk/trabzonspor_konyaspor/index/spielbericht/4393165
[4472391] Could not find attributes for sergio diaz (Juventud Torremolinos CF, 2024)
[4472391] Failed to build match row: Juventud Torremolinos CF vs Zamora CF

Keepers & outfield error for **Vitória Sport Clube** in Vitória Sport Clube vs SC Farense: Numbers: 0 and 11.
[4109541] Failed to build match row: Vitória Sport Clube vs SC Farense

Keepers & outfield error for **Villarreal Club de Fútbol S.A.D.** in Villarreal Club de Fútbol S.A.D. vs Rayo Vallecano de Madrid S. A. D.: Numbers: 0 and 11.
[4645593] Failed to build match row: Villarreal Club de Fútbol S.A.D. vs Rayo Vallecano de Madrid S. A. D.
[4410753] Could not find attributes for milan borjan (Al-Riyadh Saudi Club, 2024)
[4410753] Failed to build match row: Al-Riyadh Saudi Club vs Al-Nassr Football Club
[3603198] Could not find attributes for liel abada (The Celtic Football Club, 2021)
[3603198] Failed to build match row: The Celtic Football Club vs Hibernian Football Club
[4180928] Could not find attributes for berkant bayrak (HB Köge, 2023)
[4180928] Failed to build match row: HB Köge vs Lyngby Boldklub
[4272808] Could not find attributes for nikolay zabolotnyi (FK Sochi, 2023)
[4272808] Failed to build match row: FK Sochi vs Ural Yekaterinburg

Keepers & outfield error for **Villarreal Club de Fútbol S.A.D.** in Elche Club de Fútbol S.A.D. vs Villarreal Club de Fútbol S.A.D.: Numbers: 2 and 9.
[3886524] Failed to build match row: Elche Club de Fútbol S.A.D. vs Villarreal Club de Fútbol S.A.D.

Keepers & outfield error for **Deportivo Toluca Futbol Club, S. A. de C. V.** in Deportivo Toluca Futbol Club, S. A. de C. V. vs Club Santos Laguna S. A. de C. V.: Numbers: 0 and 11.
[4802366] Failed to build match row: Deportivo Toluca Futbol Club, S. A. de C. V. vs Club Santos Laguna S. A. de C. V.
Not enough players found for lineup: 11, 0.
[3589427] Could not find attributes for adil rami (ESTAC Troyes, 2021)
[4750197] Failed to scrape lineup: https://www.transfermarkt.co.uk/al-okhdood-club_al-fateh-sc/index/spielbericht/4750197
[4121019] Could not find attributes for tete yengi (Livingston Football Club, 2023)
[3589427] Failed to build match row: ESTAC Troyes vs Olympique de Marseille
[4121019] Failed to build match row: Livingston Football Club vs Aberdeen Football Club
[3845033] Could not find attributes for tommaso barbieri (Juventus Football Club, 2022)
[4432895] Could not find attributes for azbe jug (NK Maribor, 2024)
vs Juventus Football Club
[4432895] Failed to build match row: NK Maribor vs Djurgårdens Idrottsförening
[4095386] Could not find attributes for djordje petrovic (Chelsea Football Club, 2023)
[4363934] Could not find attributes for yael mouanga (Montpellier HSC, 2024)
[4095386] Failed to build match row: Chelsea Football Club vs Manchester United Football Club
[4363934] Failed to build match row: Montpellier HSC vs Olympique Lyonnais
[3950342] Could not find attributes for warren clarke (Buxton FC, 2022)
[3950342] Failed to build match row: Buxton FC vs Merthyr Town FC
[4850727] Could not find attributes for juan mina (Red Bull New York, 2025)
[4373943] Failed to scrape lineup: https://www.transfermarkt.co.uk/parma-calcio-1913_udinese-calcio/index/spielbericht/4373943
[4850727] Failed to build match row: Red Bull New York vs FC Dallas
[4410754] Could not find attributes for gaetan coucke (Al-Orobah FC, 2024)
[4410754] Failed to build match row: Al-Orobah FC vs Al-Okhdood Club
[3420948] Could not find attributes for ilya zabarnyi (Futbolniy Klub Dynamo Kyiv, 2020)
[3420948] Failed to build match row: Futbolniy Klub Dynamo Kyiv vs FC Minaj
[4272809] Could not find attributes for yuriy dyupin (FC Rubin Kazan, 2023)
[4272809] Failed to build match row: FC Rubin Kazan vs Футбольный клуб "Локомотив" Москва
[4368515] Could not find attributes for leon klassen (Lyngby Boldklub, 2024)
[4368515] Failed to build match row: Vejle Boldklub vs Lyngby Boldklub
[3427154] Could not find attributes for metehan mert (Gençlerbirliği Spor Kulübü, 2020)
[3427154] Failed to build match row: Gençlerbirliği Spor Kulübü vs Çaykur Rizespor Kulübü
[4648304] Failed to scrape lineup: https://www.transfermarkt.co.uk/viborg-ff_silkeborg-if/index/spielbericht/4648304
[3623632] Could not find attributes for gabriele angella (AC Perugia Calcio, 2021)

Keepers & outfield error for **Galatasaray Spor Kulübü** in Galatasaray Spor Kulübü vs Kasımpaşa A.Ş.: Numbers: 2 and 9.
[3623632] Failed to build match row: AC Perugia Calcio vs FC Südtirol
[3749760] Failed to scrape lineup: https://www.transfermarkt.co.uk/spielbericht/index/spielbericht/3749760
[4393166] Failed to build match row: Galatasaray Spor Kulübü vs Kasımpaşa A.Ş.
[4621005] Failed to scrape lineup: https://www.transfermarkt.co.uk/atalanta-bc_hellas-verona/index/spielbericht/4621005
[4361813] Could not find attributes for levi ives (Larne FC, 2024)
[4649346] Could not find attributes for vyacheslav litvinov (FK Sochi, 2025)
[4649346] Failed to build match row: FK Sochi vs PFK Krylya Sovetov Samara
[4802367] Could not find attributes for facundo almada (Mazatlán Futbol Club, 2025)
[4802367] Failed to build match row: Mazatlán Futbol Club vs Club de Fútbol Monterrey Rayados A.C.
[4582043] Could not find attributes for nahuel ferraresi (São Paulo Futebol Clube, 2024)
[3589428] Could not find attributes for ike ugbo (ESTAC Troyes, 2021)
[4582043] Failed to build match row: São Paulo Futebol Clube vs Clube Atlético Mineiro
[3589428] Failed to build match row: FC Girondins Bordeaux vs ESTAC Troyes
[4109542] Could not find attributes for zanocelo (Grupo Desportivo Estoril Praia, 2023)
[4109542] Failed to build match row: Grupo Desportivo Estoril Praia vs Sporting Clube de Braga
[4400210] Could not find attributes for evert grunvald (FC Flora Tallinn, 2024)
[4400210] Failed to build match row: FC Flora Tallinn vs AC Virtus Acquaviva
[4121020] Could not find attributes for cyriel dessers (Rangers Football Club, 2023)
[4121020] Failed to build match row: Rangers Football Club vs The Celtic Football Club
[4363935] Could not find attributes for adrien thomasson (Racing Club de Lens, 2024)
[4363935] Failed to build match row: Racing Club de Lens vs Racing Club de Strasbourg Alsace
[4750198] Could not find attributes for abdoulaye doucoure (Neom Sports Club, 2025)
[4750198] Failed to build match row: Neom Sports Club vs Al-Fayha FC
2023)
[4146937] Failed to build match row: Torpedo Miass vs Amkar Perm

Keepers & outfield error for **SD Eibar** in SD Eibar vs Club Atlético de Madrid S.A.D.: Numbers: 2 and 9.
[3451093] Failed to build match row: SD Eibar vs Club Atlético de Madrid S.A.D.
[3420949] Could not find attributes for vitaliy vernydub (FC Zorya Lugansk, 2020)
[3420949] Failed to build match row: FC Zorya Lugansk vs PFK Lviv
[3545307] Could not find attributes for guy melamed (St. Johnstone FC, 2020)
[3545307] Failed to build match row: St. Johnstone FC vs Clyde FC
[4472392] Failed to scrape lineup: https://www.transfermarkt.co.uk/spielbericht/index/spielbericht/4472392
[3749761] Could not find attributes for marley ake (Juventus Football Club, 2021)
[3613208] Could not find attributes for mehmet albayrak (Sivasspor, 2021)
[3613208] Failed to build match row: Sivasspor vs Kayserispor Kulübü
[3749761] Failed to build match row: Associazione Calcio Fiorentina vs Juventus Football Club
[3427155] Could not find attributes for amar rahmanovic (Konyaspor, 2020)
[3427155] Failed to build match row: Konyaspor vs Hatayspor
[4078220] Failed to scrape lineup: https://www.transfermarkt.co.uk/spielbericht/index/spielbericht/4078220
[4625620] Could not find attributes for nemanja andjelkovic (FK Aktobe, 2025)

Keepers & outfield error for **Al-Nassr Football Club** in Al-Hilal Saudi Football Club vs Al-Nassr Football Club: Numbers: 0 and 11.
[4410755] Failed to build match row: Al-Hilal Saudi Football Club vs Al-Nassr Football Club
[4625620] Failed to build match row: Legia Warszawa Spółka Akcyjna vs FK Aktobe
[3603199] Failed to scrape lineup: https://www.transfermarkt.co.uk/dundee-united-fc_st-mirren-fc/index/spielbericht/3603199
[3623633] Could not find attributes for gianmarco vannucchi (Calcio Padova, 2021)
[4098847] Failed to scrape lineup: https://www.transfermarkt.co.uk/oud-heverlee-leuven_kv-mechelen/index/spielbericht/4098847
[3623633] Failed to build match row: Calcio Padova vs US Alessandria Calcio 1912
l Club, 2023)
[3481589] Failed to scrape lineup: https://www.transfermarkt.co.uk/panetolikos-gfs_aris-thessaloniki/index/spielbericht/3481589
[4121021] Failed to build match row: Saint Mirren Football Club vs Heart of Midlothian Football Club
[4522664] Failed to scrape lineup: https://www.transfermarkt.co.uk/valerenga-fotball-elite_molde-fk/index/spielbericht/4522664
[4180929] Failed to scrape lineup: https://www.transfermarkt.co.uk/spielbericht/index/spielbericht/4180929
[4400211] Could not find attributes for taras kacharaba (DAC Dunajska Streda, 2024)
[3886525] Failed to scrape lineup: https://www.transfermarkt.co.uk/rcd-mallorca_real-madrid/index/spielbericht/3886525
[4400211] Failed to build match row: DAC Dunajska Streda vs Zira FC

Keepers & outfield error for **Shamrock Rovers** in Shamrock Rovers vs Víkingur Reykjavík: Numbers: 0 and 11.
[4361814] Failed to build match row: Shamrock Rovers vs Víkingur Reykjavík
[4750199] Could not find attributes for matheus goncalves (Al-Ahli Saudi Football Club, 2025)
[4750199] Failed to build match row: Al-Ahli Saudi Football Club vs Damac Football Club
[4432896] Failed to scrape lineup: https://www.transfermarkt.co.uk/spielbericht/index/spielbericht/4432896
[3845034] Failed to scrape lineup: https://www.transfermarkt.co.uk/spezia-calcio_ss-lazio/index/spielbericht/3845034
[4472393] Failed to scrape lineup: https://www.transfermarkt.co.uk/spielbericht/index/spielbericht/4472393
[4095387] Failed to scrape lineup: https://www.transfermarkt.co.uk/newcastle-united_everton-fc/index/spielbericht/4095387
[3613209] Failed to scrape lineup: https://www.transfermarkt.co.uk/besiktas-jk_konyaspor/index/spielbericht/3613209
[4078221] Failed to scrape lineup: https://www.transfermarkt.co.uk/spielbericht/index/spielbericht/4078221
[3481590] Failed to scrape lineup: https://www.transfermarkt.co.uk/paok-thessaloniki_pas-giannina/index/spielbericht/3481590
[4098848] Failed to scrape lineup: https://www.transfermarkt.co.uk/cercle-brugge-_rwd-molenbeek/index/spielbericht/4098848
[4625621] Failed to scrape lineup: https://www.transfermarkt.co.uk/spielbericht/index/spielbericht/4625621
[4410756] Failed to scrape lineup: https://www.transfermarkt.co.uk/al-wehda-fc_al-shabab-fc/index/spielbericht/4410756
[4522665] Failed to scrape lineup: https://www.transfermarkt.co.uk/fk-bodo-glimt_bryne-fk/index/spielbericht/4522665
[4640885] Could not find attributes for dusan ristic (Fudbalski Klub Javor Matis Ivanjica, 2025)
[4640885] Failed to build match row: Fudbalski Klub Javor Matis Ivanjica vs Fudbalski klub TSC Bačka Topola
[4121022] Could not find attributes for duktm (Aberdeen Football Club, 2023)
[4121022] Failed to build match row: Aberdeen Football Club vs Dundee Football Club
[4361815] Failed to scrape lineup: https://www.transfermarkt.co.uk/spielbericht/index/spielbericht/4361815
[3845035] Failed to scrape lineup: https://www.transfermarkt.co.uk/torino-fc_us-salernitana-1919/index/spielbericht/3845035

Keepers & outfield error for **Espanol** in Espanol vs Club Atlético Osasuna: Numbers: 0 and 11.

Keepers & outfield error for **Al-Taawoun Football Club** in Al-Hilal Saudi Football Club vs Al-Taawoun Football Club: Numbers: 2 and 9.
[4750200] Failed to build match row: Al-Hilal Saudi Football Club vs Al-Taawoun Football Club
[3886526] Failed to build match row: Espanol vs Club Atlético Osasuna
[4180930] Could not find attributes for nicklas dannevang (Naestved Boldklub, 2023)
[3545308] Could not find attributes for devante cole (Motherwell Football Club, 2020)
[3545308] Failed to build match row: Motherwell Football Club vs Greenock Morton FC
[4400212] Could not find attributes for qismat aliyev (Zira FC, 2024)
[4400212] Failed to build match row: Zira FC vs DAC Dunajska Streda
[4095388] Failed to scrape lineup: https://www.transfermarkt.co.uk/liverpool-fc_sheffield-united/index/spielbericht/4095388
[3902055] Could not find attributes for dmitriy nepogodov (Chornomorets Odesa, 2022)
[3902055] Failed to build match row: Chornomorets Odesa vs NK Veres Rivne

Keepers & outfield error for **Philadelphia Union** in Philadelphia Union vs Nashville SC: Numbers: 0 and 11.
[4850729] Failed to build match row: Philadelphia Union vs Nashville SC
[4078223] Failed to scrape lineup: https://www.transfermarkt.co.uk/spielbericht/index/spielbericht/4078223
[4625622] Failed to scrape lineup: https://www.transfermarkt.co.uk/spielbericht/index/spielbericht/4625622
[4802368] Could not find attributes for lorenzo faravelli (Impulsora del Deportivo Necaxa S.A. de C.V., 2025)
[4802368] Failed to build match row: Impulsora del Deportivo Necaxa S.A. de C.V. vs Club de Futbol Rojinegros S.A. de C.V.
[3481591] Could not find attributes for athanasios garavelis (Volou Neos Podosferikos Syllogos, 2020)
[4121023] Failed to scrape lineup: https://www.transfermarkt.co.uk/celtic-fc_st-mirren-fc/index/spielbericht/4121023
[3481591] Failed to build match row: Volou Neos Podosferikos Syllogos vs Omilos Filathlon Irakliou FC
[3845036] Failed to scrape lineup: https://www.transfermarkt.co.uk/atalanta-bc_as-roma/index/spielbericht/3845036
[4640886] Could not find attributes for dragan rosic (Fudbalski Klub Vojvodina, 2025)
[4640886] Failed to build match row: Fudbalski Klub Vojvodina vs Fudbalski Klub Mladost Lučani
[4410757] Could not find attributes for milan borjan (Al-Riyadh Saudi Club, 2024)
[4410757] Failed to build match row: Al-Riyadh Saudi Club vs Damac Football Club
[4400213] Failed to scrape lineup: https://www.transfermarkt.co.uk/spielbericht/index/spielbericht/4400213
[3886527] Failed to scrape lineup: https://www.transfermarkt.co.uk/real-sociedad_real-valladolid-cf/index/spielbericht/3886527

Keepers & outfield error for **Aberdeen Football Club** in Aberdeen Football Club vs Livingston Football Club: Numbers: 0 and 11.
[3545309] Failed to build match row: Aberdeen Football Club vs Livingston Football Club
[4850730] Failed to scrape lineup: https://www.transfermarkt.co.uk/new-england-revolution_charlotte-fc/index/spielbericht/4850730
[3420950] Could not find attributes for maksym bilyi (FC Rukh Lviv, 2020)
[3420950] Failed to build match row: FC Rukh Lviv vs Desna Chernigiv
[4095389] Failed to scrape lineup: https://www.transfermarkt.co.uk/manchester-city_aston-villa/index/spielbericht/4095389
[3902056] Failed to scrape lineup: https://www.transfermarkt.co.uk/kolos-kovalivka_kryvbas-kryvyi-rig/index/spielbericht/3902056
[4078230] Failed to scrape lineup: https://www.transfermarkt.co.uk/spielbericht/index/spielbericht/4078230
[4121024] Failed to scrape lineup: https://www.transfermarkt.co.uk/heart-of-midlothian-fc_livingston-fc/index/spielbericht/4121024
[4625623] Failed to scrape lineup: https://www.transfermarkt.co.uk/spielbericht/index/spielbericht/4625623
[3482811] Failed to scrape lineup: https://www.transfermarkt.co.uk/spielbericht/index/spielbericht/3482811
[4098850] Failed to scrape lineup: https://www.transfermarkt.co.uk/kvc-westerlo_krc-genk/index/spielbericht/4098850
[4522666] Could not find attributes for nana kwame boakye (Sportsklubben Brann, 2024)
[4522666] Failed to build match row: Sportsklubben Brann vs KFUM-Kameratene Oslo
[3589429] Failed to scrape lineup: https://www.transfermarkt.co.uk/rc-lens_stade-brestois-29/index/spielbericht/3589429
[4410758] Failed to scrape lineup: https://www.transfermarkt.co.uk/al-kholood-club_al-taawoun-fc/index/spielbericht/4410758
[4640887] Could not find attributes for balsa popovic (Omladinski fudbalski klub Beograd, 2025)
[4640887] Failed to build match row: Omladinski fudbalski klub Beograd vs Fudbalski klub Čukarički Beograd
[3886528] Failed to scrape lineup: https://www.transfermarkt.co.uk/girona-fc_valencia-cf/index/spielbericht/3886528
[4363936] Failed to scrape lineup: https://www.transfermarkt.co.uk/stade-brestois-29_aj-auxerre/index/spielbericht/4363936
[4400320] Could not find attributes for jakub markovic (FC Baník Ostrava a.s., 2024)
[4400320] Failed to build match row: FC Baník Ostrava a.s. vs FC Urartu Yerevan
[4625624] Failed to scrape lineup: https://www.transfermarkt.co.uk/spielbericht/index/spielbericht/4625624
[4078394] Failed to scrape lineup: https://www.transfermarkt.co.uk/spielbericht/index/spielbericht/4078394
[3902057] Failed to scrape lineup: https://www.transfermarkt.co.uk/fc-minaj_pfc-lviv/index/spielbericht/3902057
[4095390] Failed to scrape lineup: https://www.transfermarkt.co.uk/aston-villa_brentford-fc/index/spielbericht/4095390
[4121025] Failed to scrape lineup: https://www.transfermarkt.co.uk/motherwell-fc_hibernian-fc/index/spielbericht/4121025
[3950343] Could not find attributes for paul white (Coalville Town, 2022)
[3950343] Failed to build match row: Charlton Athletic vs Coalville Town
[3420951] Could not find attributes for artem malysh (Ingulets Petrove, 2020)
[3420951] Failed to build match row: Ingulets Petrove vs FK Kolos Kovalivka
[4640888] Could not find attributes for milos veljkovic (Fudbalski klub Crvena zvezda Beograd, 2025)
[4640888] Failed to build match row: Fudbalski klub Crvena zvezda Beograd vs Fudbalski Klub Novi Pazar
[4400321] Failed to scrape lineup: https://www.transfermarkt.co.uk/spielbericht/index/spielbericht/4400321
[3613210] Could not find attributes for baris basdas (Yeni Malatyaspor, 2021)
[3613210] Failed to build match row: Yeni Malatyaspor vs Fenerbahçe Spor Kulübü
[4098851] Failed to scrape lineup: https://www.transfermarkt.co.uk/club-brugge-kv_kv-kortrijk/index/spielbericht/4098851
[4080529] Failed to scrape lineup: https://www.transfermarkt.co.uk/spielbericht/index/spielbericht/4080529
[3902058] Failed to scrape lineup: https://www.transfermarkt.co.uk/rukh-lviv_metalist-kharkiv/index/spielbericht/3902058
[3545310] Could not find attributes for ross meechan (Forfar Athletic FC, 2020)
[3545310] Failed to build match row: Forfar Athletic FC vs Dundee United Football Club
[4625625] Could not find attributes for marko milosevic (Fudbalski Klub Partizan Beograd, 2025)
[4625625] Failed to build match row: Fudbalski Klub Partizan Beograd vs AEK Larnaca
[4180931] Could not find attributes for thor hoholt (Nyköbing FC, 2023)
[4180931] Failed to build match row: Nyköbing FC vs Aarhus Gymnastik Forening
[4715932] Could not find attributes for soualiho meite (Panthessalonikios Athlitikos Omilos Konstantinoupoliton, 2025)
[4715932] Failed to build match row: Lille Olympique Sporting Club vs Panthessalonikios Athlitikos Omilos Konstantinoupoliton
[4400544] Failed to scrape lineup: https://www.transfermarkt.co.uk/spielbericht/index/spielbericht/4400544
[4693289] Could not find attributes for eyder restrepo (Llaneros FC, 2025)
[4693289] Failed to build match row: Alianza FC vs Llaneros FC
[3613211] Could not find attributes for ismail cokcalis (Adana Demirspor, 2021)
[3613211] Failed to build match row: Adana Demirspor vs Göztepe Sportif Yatırımlar A.Ş.
[4082955] Failed to scrape lineup: https://www.transfermarkt.co.uk/spielbericht/index/spielbericht/4082955
[4621009] Failed to scrape lineup: https://www.transfermarkt.co.uk/acf-fiorentina_inter-milan/index/spielbericht/4621009
[3902059] Could not find attributes for vladyslav rybak (SC Dnipro-1, 2022)
[3902059] Failed to build match row: SC Dnipro-1 vs FC Oleksandriya
[4180932] Failed to scrape lineup: https://www.transfermarkt.co.uk/spielbericht/index/spielbericht/4180932
lbericht/4095392
[3839390] Could not find attributes for tolga cigerci (Hertha BSC, 2022)
[3839390] Failed to build match row: Hertha BSC vs Fußball-Club Augsburg 1907
[4850732] Could not find attributes for mbekezeli mbokazi (Chicago Fire Soccer Club, 2025)
[4850732] Failed to build match row: Chicago Fire Soccer Club vs Football Club Cincinnati
[3626231] Could not find attributes for denys prytykovskyi (FK Karpaty Lviv, 2021)
[3626231] Failed to build match row: FK Karpaty Lviv vs AFSK Kyiv
[4640889] Could not find attributes for nikola grujic (Fudbalski Klub Spartak Ždrepčeva krv, 2025)
[4640889] Failed to build match row: Fudbalski Klub Spartak Ždrepčeva krv vs Železničar Pančevo
[4361816] Could not find attributes for mamuka kobakhidze (Dinamo Batumi, 2024)
[4361816] Failed to build match row: Dinamo Batumi vs Ludogorets Razgrad
[4693290] Failed to scrape lineup: https://www.transfermarkt.co.uk/deportes-tolima_independiente-medellin/index/spielbericht/4693290
[3845037] Failed to scrape lineup: https://www.transfermarkt.co.uk/fc-empoli_inter-milan/index/spielbericht/3845037
[4400545] Could not find attributes for kevagn ronco (FC Bruno's Magpies, 2024)
[4400545] Failed to build match row: Football Club København vs FC Bruno's Magpies
[3589430] Could not find attributes for hatem ben arfa (Lille Olympique Sporting Club, 2021)
[3589430] Failed to build match row: Lille Olympique Sporting Club vs Clermont Foot 63
[4095393] Failed to scrape lineup: https://www.transfermarkt.co.uk/everton-fc_burnley-fc/index/spielbericht/4095393
[4180933] Could not find attributes for oskar moller (Hellerup IK, 2023)
[4180933] Failed to build match row: Hellerup IK vs Brøndby Idrætsforening
[4621010] Could not find attributes for jesper karlstrom (Udinese Calcio, 2025)
[4621010] Failed to build match row: Genoa Cricket and Football Club vs Udinese Calcio
[3902060] Could not find attributes for dmytro matsapura (FC Zorya Lugansk, 2022)
[3902060] Failed to build match row: FC Zorya Lugansk vs Vorskla Poltava
[4850733] Failed to scrape lineup: https://www.transfermarkt.co.uk/houston-dynamo-fc_colorado-rapids/index/spielbericht/4850733
[3626232] Failed to scrape lineup: https://www.transfermarkt.co.uk/spielbericht/index/spielbericht/3626232
[4361817] Failed to scrape lineup: https://www.transfermarkt.co.uk/spielbericht/index/spielbericht/4361817
[4634147] Failed to scrape lineup: https://www.transfermarkt.co.uk/bayer-04-leverkusen_eintracht-frankfurt/index/spielbericht/4634147
[4640890] Could not find attributes for david stojanovic (Fudbalski klub Radnik Surdulica, 2025)
[4640890] Failed to build match row: Fudbalski klub Radnik Surdulica vs Fudbalski Klub Partizan Beograd
[4432897] Could not find attributes for faton maloku (FC Drita, 2024)
[4432897] Failed to build match row: FC Drita vs Legia Warszawa Spółka Akcyjna

Keepers & outfield error for **Millonarios FC** in Atlético Nacional vs Millonarios FC: Numbers: 3 and 8.
[4693291] Failed to build match row: Atlético Nacional vs Millonarios FC
[4522667] Could not find attributes for einar boe fauskanger (FK Haugesund, 2024)
[4522667] Failed to build match row: FK Haugesund vs Molde Fotballklubb
[3845038] Failed to scrape lineup: https://www.transfermarkt.co.uk/hellas-verona_bologna-fc-1909/index/spielbericht/3845038
[4400546] Failed to scrape lineup: https://www.transfermarkt.co.uk/spielbericht/index/spielbericht/4400546
[4410759] Could not find attributes for unai hernandez (Al-Ittihad Football Club, 2024)
[4410759] Failed to build match row: Al-Ahli Saudi Football Club vs Al-Ittihad Football Club
[3886529] Failed to scrape lineup: https://www.transfermarkt.co.uk/rayo-vallecano_ud-almeria/index/spielbericht/3886529

Keepers & outfield error for **Fulham Football Club** in Fulham Football Club vs Newcastle United Football Club: Numbers: 2 and 9.
[4095394] Failed to build match row: Fulham Football Club vs Newcastle United Football Club
[4180934] Failed to scrape lineup: https://www.transfermarkt.co.uk/spielbericht/index/spielbericht/4180934
[4850734] Failed to scrape lineup: https://www.transfermarkt.co.uk/san-diego-fc_los-angeles-fc/index/spielbericht/4850734
[4361818] Failed to scrape lineup: https://www.transfermarkt.co.uk/spielbericht/index/spielbericht/4361818
[4634148] Failed to scrape lineup: https://www.transfermarkt.co.uk/sc-freiburg_vfb-stuttgart/index/spielbericht/4634148
[3839392] Could not find attributes for pierre kunde (VfL Bochum, 2022)
[3839392] Failed to build match row: Sportverein Werder Bremen von 1899 vs VfL Bochum
[4640891] Failed to scrape lineup: https://www.transfermarkt.co.uk/fk-radnicki-nis_fk-radnicki-1923-kragujevac/index/spielbericht/4640891
[4522668] Failed to scrape lineup: https://www.transfermarkt.co.uk/kristiansund-bk_stromsgodset-if/index/spielbericht/4522668
[3845039] Failed to scrape lineup: https://www.transfermarkt.co.uk/juventus-fc_ssc-napoli/index/spielbericht/3845039
[4625626] Could not find attributes for gabor vas (Paksi FC, 2025)
[4625626] Failed to build match row: Paksi FC vs Fotbal Club CFR 1907 Cluj SA
[4802369] Could not find attributes for richard ledezma (Club Deportivo Guadalajara S. A. de C. V., 2025)
[4802369] Failed to build match row: Club Deportivo Guadalajara S. A. de C. V. vs Querétaro Fútbol Club
[4400547] Could not find attributes for taron voskanyan (FC Pyunik Yerevan, 2024)
[4400547] Failed to build match row: FC Pyunik Yerevan vs Struga Trim & Lum
[4410760] Could not find attributes for gabriel vareta (Al-Fayha FC, 2024)
cht/index/spielbericht/4180935
[3420952] Could not find attributes for valeriy yurchuk (SC Dnipro-1, 2020)
[3420952] Failed to build match row: SC Dnipro-1 vs FC Oleksandriya
[4410760] Failed to build match row: Al-Fayha FC vs Al-Fateh Club
[4850735] Failed to scrape lineup: https://www.transfermarkt.co.uk/los-angeles-galaxy_vancouver-whitecaps-fc/index/spielbericht/4850735
[4098852] Could not find attributes for hakim sahabo (Royal Standard Club de Liège, 2023)
[4098852] Failed to build match row: Royal Standard Club de Liège vs Royal Antwerp Football Club
[4146938] Could not find attributes for vladimir zadiraka (Chertanovo Moscow, 2023)
[4146938] Failed to build match row: Chertanovo Moscow vs Dinamo Kirov
[3839393] Failed to scrape lineup: https://www.transfermarkt.co.uk/borussia-dortmund_rb-leipzig/index/spielbericht/3839393
[4522669] Failed to scrape lineup: https://www.transfermarkt.co.uk/rosenborg-bk_valerenga-fotball-elite/index/spielbericht/4522669
[4625627] Failed to scrape lineup: https://www.transfermarkt.co.uk/spielbericht/index/spielbericht/4625627
[4802370] Failed to scrape lineup: https://www.transfermarkt.co.uk/tigres-uanl_deportivo-toluca/index/spielbericht/4802370

Keepers & outfield error for **Società Sportiva Lazio S.p.A.** in Società Sportiva Lazio S.p.A. vs Torino Calcio: Numbers: 2 and 9.
[3845040] Failed to build match row: Società Sportiva Lazio S.p.A. vs Torino Calcio
[4410761] Failed to scrape lineup: https://www.transfermarkt.co.uk/al-qadsiah-fc_al-ettifaq-fc/index/spielbericht/4410761
[3420953] Failed to scrape lineup: https://www.transfermarkt.co.uk/fk-mariupol_vorskla-poltava/index/spielbericht/3420953
[4850736] Failed to scrape lineup: https://www.transfermarkt.co.uk/new-york-city-fc_d-c-united/index/spielbericht/4850736

Keepers & outfield error for **Olympique Lyonnais** in Football Club Lorient-Bretagne Sud vs Olympique Lyonnais: Numbers: 2 and 9.
[3589431] Failed to build match row: Football Club Lorient-Bretagne Sud vs Olympique Lyonnais
[4400548] Could not find attributes for henry bonello (Hamrun Spartans, 2024)
[4400548] Failed to build match row: Hamrun Spartans vs FC Ballkani
[3839394] Failed to scrape lineup: https://www.transfermarkt.co.uk/bayer-04-leverkusen_hertha-bsc/index/spielbericht/3839394
[4373944] Could not find attributes for ante rebic (Unione Sportiva Lecce, 2024)
[4373944] Failed to build match row: Torino Calcio vs Unione Sportiva Lecce
[4522670] Failed to scrape lineup: https://www.transfermarkt.co.uk/sandefjord-fotball_tromso-il/index/spielbericht/4522670
[4147903] Could not find attributes for dominik takac (Spartak Trnava, 2023)
[4147903] Failed to build match row: KKS Lech Poznań Spółka Akcyjna vs Spartak Trnava
[3845041] Failed to scrape lineup: https://www.transfermarkt.co.uk/ac-milan_us-lecce/index/spielbericht/3845041
[4802371] Could not find attributes for andres gudino (Club de Fútbol Cruz Azul S.A. de C.V., 2025)
[4802371] Failed to build match row: Club de Fútbol Cruz Azul S.A. de C.V. vs Club de Futbol Puebla de La Franja
[4472394] Could not find attributes for onofre riera (CD Ibiza Islas Pitiusas, 2024)
[4472394] Failed to build match row: CD Ibiza Islas Pitiusas vs Gimnàstic de Tarragona
[3420954] Failed to scrape lineup: https://www.transfermarkt.co.uk/shakhtar-donetsk_desna-chernigiv/index/spielbericht/3420954
[4850737] Failed to scrape lineup: https://www.transfermarkt.co.uk/austin-fc_st-louis-city-sc/index/spielbericht/4850737
[4180936] Could not find attributes for melvin yndeheim (FA 2000, 2023)
[4180936] Failed to build match row: FA 2000 vs Akademisk Boldklub
[3839395] Failed to scrape lineup: https://www.transfermarkt.co.uk/1-fc-union-berlin_1-fc-koln/index/spielbericht/3839395
[4095396] Could not find attributes for willy kambwala (Manchester United Football Club, 2023)
[4095396] Failed to build match row: Manchester United Football Club vs Liverpool Football Club
[4272810] Failed to scrape lineup: https://www.transfermarkt.co.uk/baltika-kaliningrad_krylya-sovetov-samara/index/spielbericht/4272810
[3589432] Failed to scrape lineup: https://www.transfermarkt.co.uk/olympique-marseille_as-monaco/index/spielbericht/3589432
[4098854] Failed to scrape lineup: https://www.transfermarkt.co.uk/union-saint-gilloise_rwd-molenbeek/index/spielbericht/4098854
[4400549] Failed to scrape lineup: https://www.transfermarkt.co.uk/spielbericht/index/spielbericht/4400549
[4368516] Could not find attributes for ebube duru (Sønderjyske Fodbold, 2024)
[4368516] Failed to build match row: Viborg Fodsports Forening vs Sønderjyske Fodbold
[4648305] Failed to scrape lineup: https://www.transfermarkt.co.uk/randers-fc_brondby-if/index/spielbericht/4648305
[3433441] Failed to scrape lineup: https://www.transfermarkt.co.uk/hellas-verona_ac-milan/index/spielbericht/3433441
[4393167] Could not find attributes for luccas claro (Eyüp Spor Kulübü, 2024)
[4649347] Could not find attributes for aleksandr maksimenko (FK Spartak Moskva, 2025)
[4393167] Failed to build match row: Eyüp Spor Kulübü vs Gaziantep Futbol Kulübü A.Ş.
[4649347] Failed to build match row: FK Spartak Moskva vs RFK Akhmat Grozny
[4147904] Failed to scrape lineup: https://www.transfermarkt.co.uk/spielbericht/index/spielbericht/4147904
[4522672] Could not find attributes for aksel baran potur (Hamarkameratene, 2024)
[4522672] Failed to build match row: Viking Fotballklubb vs Hamarkameratene
[4109543] Failed to scrape lineup: https://www.transfermarkt.co.uk/fc-porto_fc-famalicao/index/spielbericht/4109543
[4180937] Failed to scrape lineup: https://www.transfermarkt.co.uk/spielbericht/index/spielbericht/4180937
[4095397] Failed to scrape lineup: https://www.transfermarkt.co.uk/sheffield-united_chelsea-fc/index/spielbericht/4095397
[3845042] Failed to scrape lineup: https://www.transfermarkt.co.uk/ac-monza_acf-fiorentina/index/spielbericht/3845042
[4272811] Could not find attributes for artur nigmatullin (FK Nizhny Novgorod, 2023)
[3589433] Failed to scrape lineup: https://www.transfermarkt.co.uk/fc-nantes_montpellier-hsc/index/spielbericht/3589433
[4272811] Failed to build match row: FK Nizhny Novgorod vs FK Dinamo Moskva
[3626233] Could not find attributes for anton sytnykov (Livyi Bereg Kyiv, 2021)
[3626233] Failed to build match row: Livyi Bereg Kyiv vs SK Poltava
[4648306] Failed to scrape lineup: https://www.transfermarkt.co.uk/odense-boldklub_aarhus-gf/index/spielbericht/4648306
[4850738] Failed to scrape lineup: https://www.transfermarkt.co.uk/toronto-fc_inter-miami-cf/index/spielbericht/4850738
[3420955] Failed to scrape lineup: https://www.transfermarkt.co.uk/zorya-lugansk_dynamo-kyiv/index/spielbericht/3420955
[4645595] Failed to scrape lineup: https://www.transfermarkt.co.uk/deportivo-alaves_valencia-cf/index/spielbericht/4645595
[4649348] Failed to scrape lineup: https://www.transfermarkt.co.uk/fc-rostov_fc-sochi/index/spielbericht/4649348
[3433442] Failed to scrape lineup: https://www.transfermarkt.co.uk/acf-fiorentina_parma-calcio-1913/index/spielbericht/3433442
[3839396] Failed to scrape lineup: https://www.transfermarkt.co.uk/1-fsv-mainz-05_tsg-1899-hoffenheim/index/spielbericht/3839396
[4802372] Could not find attributes for jackson porozo (Club Tijuana Xoloitzcuintles de Caliente, 2025)
[4802372] Failed to build match row: Club Tijuana Xoloitzcuintles de Caliente vs Club Atlético de San Luis
[4393168] Could not find attributes for ali aytemur (Bodrum FK, 2024)
[4522673] Failed to scrape lineup: https://www.transfermarkt.co.uk/fk-bodo-glimt_fk-haugesund/index/spielbericht/4522673
[4393168] Failed to build match row: Bodrum FK vs Adana Demirspor
[3451094] Could not find attributes for javi ontiveros (SD Huesca, 2020)
[3451094] Failed to build match row: Getafe Club de Fútbol S. A. D. Team Dubai vs SD Huesca
[4148145] Could not find attributes for andriy markovych (FC Santa Coloma, 2023)
[4148145] Failed to build match row: FC Santa Coloma vs Alkmaar Zaanstreek

Keepers & outfield error for **Getafe Club de Fútbol S. A. D. Team Dubai** in Getafe Club de Fútbol S. A. D. Team Dubai vs Rayo Vallecano de Madrid S. A. D.: Numbers: 2 and 9.
[3886530] Failed to build match row: Getafe Club de Fútbol S. A. D. Team Dubai vs Rayo Vallecano de Madrid S. A. D.
[4109544] Could not find attributes for sava petrov (FC Vizela, 2023)
[4109544] Failed to build match row: FC Vizela vs GD Chaves
[3902061] Could not find attributes for oleksiy palamarchuk (Ingulets Petrove, 2022)
[3950344] Could not find attributes for zaki oualah (Weymouth FC, 2022)
[3902061] Failed to build match row: Ingulets Petrove vs Futbolniy Klub Dynamo Kyiv
[3950344] Failed to build match row: Weymouth FC vs AFC Wimbledon
[4361820] Could not find attributes for svetozar markovic (Fudbalski Klub Partizan Beograd, 2024)
[4095398] Failed to scrape lineup: https://www.transfermarkt.co.uk/tottenham-hotspur_nottingham-forest/index/spielbericht/4095398
[4180938] Could not find attributes for rody de boer (Aalborg BK, 2023)
[4361820] Failed to build match row: Futbolniy Klub Dynamo Kyiv vs Fudbalski Klub Partizan Beograd
[4180938] Failed to build match row: Aalborg BK vs Fodbold Club Fredericia
[3613212] Could not find attributes for luka stankovski (Gaziantep Futbol Kulübü A.Ş., 2021)
[3613212] Failed to build match row: Gaziantep Futbol Kulübü A.Ş. vs Çaykur Rizespor Kulübü
[3420956] Failed to scrape lineup: https://www.transfermarkt.co.uk/fk-mariupol_kolos-kovalivka/index/spielbericht/3420956

Keepers & outfield error for **Football Club København** in Football Club København vs Odense Boldklub: Numbers: 2 and 9.
[4648307] Failed to build match row: Football Club København vs Odense Boldklub
[4645596] Failed to scrape lineup: https://www.transfermarkt.co.uk/atletico-de-madrid_ca-osasuna/index/spielbericht/4645596
[3670032] Could not find attributes for ryan adamson (Annan Athletic FC, 2021)
[3670032] Failed to build match row: Annan Athletic FC vs Jeanfield Swifts FC

Keepers & outfield error for **CD América de Cali** in CD América de Cali vs Envigado FC: Numbers: 0 and 11.
[4621013] Failed to scrape lineup: https://www.transfermarkt.co.uk/parma-calcio-1913_us-cremonese/index/spielbericht/4621013
[4693292] Failed to build match row: CD América de Cali vs Envigado FC
[4802373] Failed to scrape lineup: https://www.transfermarkt.co.uk/unam-pumas_club-leon-fc/index/spielbericht/4802373
[4715934] Could not find attributes for maxima goffi (Lille Olympique Sporting Club, 2025)
[4715934] Failed to build match row: Lille Olympique Sporting Club vs Sportsklubben Brann
[3451095] Failed to scrape lineup: https://www.transfermarkt.co.uk/real-betis-balompie_celta-de-vigo/index/spielbericht/3451095
[3886531] Failed to scrape lineup: https://www.transfermarkt.co.uk/cadiz-cf_girona-fc/index/spielbericht/3886531
[4148146] Could not find attributes for andriy markovych (FC Santa Coloma, 2023)
[4148146] Failed to build match row: Alkmaar Zaanstreek vs FC Santa Coloma
[4180939] Failed to scrape lineup: https://www.transfermarkt.co.uk/spielbericht/index/spielbericht/4180939
[3613213] Failed to scrape lineup: https://www.transfermarkt.co.uk/spielbericht/index/spielbericht/3613213
[4432898] Could not find attributes for matevz vidovsek (NK Olimpija Ljubljana, 2024)

Keepers & outfield error for **Atalanta Bergamasca Calcio S.p.a.** in Atalanta Bergamasca Calcio S.p.a. vs Calcio Como: Numbers: 2 and 9.
[4634150] Failed to scrape lineup: https://www.transfermarkt.co.uk/borussia-monchengladbach_sv-werder-bremen/index/spielbericht/4634150
[4432898] Failed to build match row: NK Olimpija Ljubljana vs Hrvatski Nogometni Klub Rijeka
[3420957] Failed to scrape lineup: https://www.transfermarkt.co.uk/fc-oleksandriya_olimpik-donetsk/index/spielbericht/3420957
[4373945] Failed to build match row: Atalanta Bergamasca Calcio S.p.a. vs Calcio Como
[4109545] Could not find attributes for taichi fukui (Portimonense SC, 2023)
[4109545] Failed to build match row: Portimonense SC vs Casa Pia Atlético Clube
[4582044] Could not find attributes for vanderlan (Red Bull Bragantino, 2024)
[4582044] Failed to build match row: Red Bull Bragantino vs Fluminense Football Club
[4802374] Failed to scrape lineup: https://www.transfermarkt.co.uk/santos-laguna_fc-juarez/index/spielbericht/4802374
[3670033] Could not find attributes for fraser hobday (Banks O' Dee FC, 2021)
[3670033] Failed to build match row: Banks O' Dee FC vs Nairn County FC

Keepers & outfield error for **Girona Fútbol Club S. A. D.** in Futbol Club Barcelona vs Girona Fútbol Club S. A. D.: Numbers: 2 and 9.
[4645597] Failed to build match row: Futbol Club Barcelona vs Girona Fútbol Club S. A. D.
[4715935] Could not find attributes for bruno goda (GNK Dinamo Zagreb, 2025)
[4715935] Failed to build match row: GNK Dinamo Zagreb vs Real Betis Balompié S.A.D.
[3886532] Failed to scrape lineup: https://www.transfermarkt.co.uk/rcd-espanyol-barcelona_real-sociedad/index/spielbericht/3886532
[4750201] Failed to scrape lineup: https://www.transfermarkt.co.uk/al-kholood-club_al-khaleej-fc/index/spielbericht/4750201
[4522677] Could not find attributes for zinedin smajlovic (Sandefjord Fotball, 2024)
[4522677] Failed to build match row: Sandefjord Fotball vs Bryne FK
[4148147] Failed to scrape lineup: https://www.transfermarkt.co.uk/spielbericht/index/spielbericht/4148147
[3613214] Failed to scrape lineup: https://www.transfermarkt.co.uk/spielbericht/index/spielbericht/3613214
[4085971] Failed to scrape lineup: https://www.transfermarkt.co.uk/spielbericht/index/spielbericht/4085971
[4181021] Could not find attributes for stefanos souloukos (Athlitiki Enosi Larisas, 2023)
[4181021] Failed to build match row: Athlitiki Enosi Larisas vs Tilykratis Lefkadas
[4410762] Could not find attributes for yousri bouzok (Al-Raed SFC, 2024)
[4410762] Failed to build match row: Al-Raed SFC vs Al-Khaleej Club (Saihat)
[4432899] Failed to scrape lineup: https://www.transfermarkt.co.uk/spielbericht/index/spielbericht/4432899
[4634151] Failed to scrape lineup: https://www.transfermarkt.co.uk/vfl-wolfsburg_1-fc-koln/index/spielbericht/4634151
[4109546] Failed to scrape lineup: https://www.transfermarkt.co.uk/gd-chaves_gd-estoril-praia/index/spielbericht/4109546
[3420958] Failed to scrape lineup: https://www.transfermarkt.co.uk/vorskla-poltava_sc-dnipro-1/index/spielbericht/3420958
[3670034] Failed to scrape lineup: https://www.transfermarkt.co.uk/spielbericht/index/spielbericht/3670034
[4645598] Failed to scrape lineup: https://www.transfermarkt.co.uk/celta-de-vigo_real-sociedad/index/spielbericht/4645598
[4621015] Failed to scrape lineup: https://www.transfermarkt.co.uk/us-cremonese_bologna-fc-1909/index/spielbericht/4621015
[4272812] Could not find attributes for aleksandr maksimenko (FK Spartak Moskva, 2023)
[4272812] Failed to build match row: FK Spartak Moskva vs Футбольный клуб "Локомотив" Москва
[4582045] Could not find attributes for lucas villalba (Cruzeiro Esporte Clube, 2024)
[4582045] Failed to build match row: Cruzeiro Esporte Clube vs Sport Club Internacional
[4802375] Could not find attributes for oussama idrissi (Promotora del Club Pachuca S. A. de C. V., 2025)
[4095400] Could not find attributes for willy kambwala (Manchester United Football Club, 2023)
[4802375] Failed to build match row: Promotora del Club Pachuca S. A. de C. V. vs Club de Futbol América S. A. de C. V.
[4095400] Failed to build match row: Association Football Club Bournemouth vs Manchester United Football Club
[4361822] Could not find attributes for svetozar markovic (Fudbalski Klub Partizan Beograd, 2024)
[4361822] Failed to build match row: Fudbalski Klub Partizan Beograd vs Futbolniy Klub Dynamo Kyiv
[4625628] Could not find attributes for euan east (Linfield FC, 2025)
[4625628] Failed to build match row: Shelbourne FC vs Linfield FC
[4715936] Could not find attributes for bruno goda (GNK Dinamo Zagreb, 2025)
[4715936] Failed to build match row: GNK Dinamo Zagreb vs Fenerbahçe Spor Kulübü
[4121026] Could not find attributes for cyriel dessers (Rangers Football Club, 2023)
[4121026] Failed to build match row: Ross County FC vs Rangers Football Club

Keepers & outfield error for **Al-Shabab Club** in Al-Riyadh Saudi Club vs Al-Shabab Club: Numbers: 0 and 11.
[4750202] Failed to build match row: Al-Riyadh Saudi Club vs Al-Shabab Club

Keepers & outfield error for **Real Valladolid CF** in Real Valladolid CF vs Elche Club de Fútbol S.A.D.: Numbers: 2 and 9.

Keepers & outfield error for **UD Almería** in UD Almería vs Real Betis Balompié S.A.D.: Numbers: 0 and 11.
[4393169] Could not find attributes for samba camara (Sivasspor, 2024)
 Kharkiv, 2022)
[3902062] Failed to build match row: TOV FK Metalist 1925 Kharkiv vs Chornomorets Odesa
[3886533] Failed to build match row: UD Almería vs Real Betis Balompié S.A.D.
[3451097] Failed to build match row: Real Valladolid CF vs Elche Club de Fútbol S.A.D.
[4393169] Failed to build match row: Göztepe Sportif Yatırımlar A.Ş. vs Sivasspor
[3613215] Could not find attributes for vasil bozhikov (Slovan Bratislava, 2021)
[4410763] Failed to scrape lineup: https://www.transfermarkt.co.uk/damac-fc_al-wehda-fc/index/spielbericht/4410763
[3613215] Failed to build match row: Slovan Bratislava vs Berner Sport Club Young Boys
[4109547] Failed to scrape lineup: https://www.transfermarkt.co.uk/boavista-fc_cf-estrela-amadora/index/spielbericht/4109547
[3433444] Failed to scrape lineup: https://www.transfermarkt.co.uk/fc-crotone_torino-fc/index/spielbericht/3433444
[3420959] Failed to scrape lineup: https://www.transfermarkt.co.uk/pfc-lviv_rukh-lviv/index/spielbericht/3420959
[3603200] Could not find attributes for barrie mckay (Heart of Midlothian Football Club, 2021)
[3603200] Failed to build match row: Heart of Midlothian Football Club vs St. Johnstone FC
[3626234] Could not find attributes for igor vartsaba (FK Skoruk, 2021)
[4645599] Failed to scrape lineup: https://www.transfermarkt.co.uk/getafe-cf_real-madrid/index/spielbericht/4645599
[3626234] Failed to build match row: FK Skoruk vs FC Trostyanets
[4272813] Failed to scrape lineup: https://www.transfermarkt.co.uk/fc-rostov_fc-orenburg/index/spielbericht/4272813
[4634152] Could not find attributes for rani khedira (1. Fußballclub Union Berlin, 2025)
[4634152] Failed to build match row: 1. Fußballclub Union Berlin vs Turn- und Sportgemeinschaft 1899 Hoffenheim Fußball-Spielbetriebs
[4361823] Failed to scrape lineup: https://www.transfermarkt.co.uk/spielbericht/index/spielbericht/4361823
[4095401] Failed to scrape lineup: https://www.transfermarkt.co.uk/arsenal-fc_aston-villa/index/spielbericht/4095401
[4802652] Failed to scrape lineup: https://www.transfermarkt.co.uk/djurgardens-if_kalmar-ff/index/spielbericht/4802652

Keepers & outfield error for **Associazione Calcio Fiorentina** in Associazione Calcio Fiorentina vs Società Sportiva Lazio S.p.A.: Numbers: 0 and 11.
[4373947] Failed to build match row: Associazione Calcio Fiorentina vs Società Sportiva Lazio S.p.A.
[3845044] Could not find attributes for manolo gabbiadini (UC Sampdoria, 2022)
[3845044] Failed to build match row: UC Sampdoria vs Spezia Calcio
[3670035] Could not find attributes for iain davidson (Brechin City FC, 2021)
[3670035] Failed to build match row: Brechin City FC vs Haddington Athletic FC
[3545311] Could not find attributes for youssouf mulumbu (Kilmarnock Football Club, 2020)
[3545311] Failed to build match row: Kilmarnock Football Club vs Montrose FC
[4715937] Could not find attributes for bruno goda (GNK Dinamo Zagreb, 2025)
[4715937] Failed to build match row: GNK Dinamo Zagreb vs SC Fotbal Club FCSB SA
[3451098] Failed to scrape lineup: https://www.transfermarkt.co.uk/valencia-cf_ca-osasuna/index/spielbericht/3451098
[4850739] Could not find attributes for adri mehmeti (Red Bull New York, 2025)
[4850739] Failed to build match row: Chicago Fire Soccer Club vs Red Bull New York
[3613224] Could not find attributes for vasil bozhikov (Slovan Bratislava, 2021)
[4750203] Could not find attributes for nacho fernandez (Al-Qadsiah Saudi Football Club, 2025)
[3613224] Failed to build match row: Berner Sport Club Young Boys vs Slovan Bratislava
[4750203] Failed to build match row: Al-Ettifaq Football Club vs Al-Qadsiah Saudi Football Club
[4368518] Could not find attributes for leon klassen (Lyngby Boldklub, 2024)
[4368518] Failed to build match row: Brøndby Idrætsforening vs Lyngby Boldklub
[3902063] Failed to scrape lineup: https://www.transfermarkt.co.uk/kolos-kovalivka_rukh-lviv/index/spielbericht/3902063
[4432902] Failed to scrape lineup: https://www.transfermarkt.co.uk/spielbericht/index/spielbericht/4432902
[4649349] Could not find attributes for stanislav agkatsev (FK Krasnodar, 2025)
[4649349] Failed to build match row: FK Krasnodar vs FK Baltika
[3420960] Could not find attributes for oleksiy kovtun (FC Minaj, 2020)
[3420960] Failed to build match row: FC Minaj vs Ingulets Petrove
[3545312] Failed to scrape lineup: https://www.transfermarkt.co.uk/spielbericht/index/spielbericht/3545312
[4087201] Could not find attributes for victor maffeo (Atlètic Club d'Escaldes, 2023)
[4645600] Failed to scrape lineup: https://www.transfermarkt.co.uk/levante-ud_rayo-vallecano/index/spielbericht/4645600
[4087201] Failed to build match row: Atlètic Club d'Escaldes vs Buducnost Podgorica
[3845045] Failed to scrape lineup: https://www.transfermarkt.co.uk/udinese-calcio_us-cremonese/index/spielbericht/3845045
[4148148] Could not find attributes for mikhail kovalenko (FC Pyunik Yerevan, 2023)
[4582046] Failed to build match row: Grêmio Foot-Ball Porto Alegrense vs Ceará Sporting Club
[4373948] Failed to scrape lineup: https://www.transfermarkt.co.uk/hellas-verona_torino-fc/index/spielbericht/4373948
[4148148] Failed to build match row: FC Pyunik Yerevan vs Fotballklubben Bodø/Glimt
[4181022] Could not find attributes for georgios paligeorgos (Asteras Kesarianis, 2023)
[3451099] Failed to scrape lineup: https://www.transfermarkt.co.uk/villarreal-cf_granada-cf/index/spielbericht/3451099
[4802653] Failed to scrape lineup: https://www.transfermarkt.co.uk/ifk-goteborg_bk-hacken/index/spielbericht/4802653
[4181022] Failed to build match row: Asteras Kesarianis vs Apollon Paralimniou
[4393170] Could not find attributes for emre tasdemir (Gaziantep Futbol Kulübü A.Ş., 2024)
[4393170] Failed to build match row: Gaziantep Futbol Kulübü A.Ş. vs Beşiktaş Jimnastik Kulübü
[4121027] Could not find attributes for adama sidibeh (St. Johnstone FC, 2023)
[4368519] Failed to scrape lineup: https://www.transfermarkt.co.uk/fc-midtjylland_fc-nordsjaelland/index/spielbericht/4368519
[4649350] Failed to scrape lineup: https://www.transfermarkt.co.uk/krylya-sovetov-samara_cska-moscow/index/spielbericht/4649350
[4432903] Failed to scrape lineup: https://www.transfermarkt.co.uk/spielbericht/index/spielbericht/4432903
[4121027] Failed to build match row: St. Johnstone FC vs Kilmarnock Football Club
[3626235] Could not find attributes for Oleksiy Kazakov (Olimpia Savyntsi, 2021)
[3626235] Failed to build match row: Olimpia Savyntsi vs Lyubomyr Stavyshche
[4109548] Could not find attributes for leonardo lelo (Casa Pia Atlético Clube, 2023)
[4109548] Failed to build match row: Casa Pia Atlético Clube vs Futebol Clube do Porto
Fútbol S. A. D. vs Athletic Club Bilbao: Numbers: 2 and 9.
[3886534] Failed to build match row: Valencia Club de Fútbol S. A. D. vs Athletic Club Bilbao
[4715938] Could not find attributes for bruno goda (GNK Dinamo Zagreb, 2025)
[3427157] Could not find attributes for lewis baker (Trabzonspor Kulübü, 2020)
[4625629] Could not find attributes for joseba muguruza (Inter Club d'Escaldes, 2025)
[3427157] Failed to build match row: Trabzonspor Kulübü vs Fatih Karagümrük Sportif Faaliyetler San. Tic. A.Ş.
[4715938] Failed to build match row: GNK Dinamo Zagreb vs Celta
[4625629] Failed to build match row: SC Fotbal Club FCSB SA vs Inter Club d'Escaldes
[3902064] Could not find attributes for oleg bilyk (FC Oleksandriya, 2022)
[3613225] Could not find attributes for liam walker (Lincoln Red Imps FC, 2021)
[3902064] Failed to build match row: FC Oleksandriya vs FC Minaj
[4272814] Could not find attributes for aleksandr soldatenkov (PFK Krylya Sovetov Samara, 2023)
[3613225] Failed to build match row: Fotbal Club CFR 1907 Cluj SA vs Lincoln Red Imps FC
[4272814] Failed to build match row: PFK Krylya Sovetov Samara vs FK Krasnodar
[3839400] Failed to scrape lineup: https://www.transfermarkt.co.uk/fc-augsburg_sv-werder-bremen/index/spielbericht/3839400
[4148149] Failed to scrape lineup: https://www.transfermarkt.co.uk/spielbericht/index/spielbericht/4148149

Keepers & outfield error for **Elche Club de Fútbol S.A.D.** in Elche Club de Fútbol S.A.D. vs Athletic Club Bilbao: Numbers: 0 and 11.
[3749945] Failed to scrape lineup: https://www.transfermarkt.co.uk/spielbericht/index/spielbericht/3749945
[4645601] Failed to build match row: Elche Club de Fútbol S.A.D. vs Athletic Club Bilbao
[4582047] Could not find attributes for luisao (Santos Futebol Clube, 2024)
[4582047] Failed to build match row: Esporte Clube Bahia vs Santos Futebol Clube
[4363937] Could not find attributes for mousa tamari (Rennes, 2024)
[4363937] Failed to build match row: Rennes vs Lille Olympique Sporting Club
[4095403] Failed to scrape lineup: https://www.transfermarkt.co.uk/burnley-fc_brighton-amp-hove-albion/index/spielbericht/4095403

Keepers & outfield error for **Stockport County** in Stockport County vs Swindon Town: Numbers: 2 and 9.
[3950346] Failed to build match row: Stockport County vs Swindon Town
[4649351] Failed to scrape lineup: https://www.transfermarkt.co.uk/fc-orenburg_lokomotiv-moscow/index/spielbericht/4649351
[4368520] Failed to scrape lineup: https://www.transfermarkt.co.uk/aalborg-bk_fc-copenhagen/index/spielbericht/4368520
[4121028] Failed to scrape lineup: https://www.transfermarkt.co.uk/aberdeen-fc_celtic-fc/index/spielbericht/4121028
[3670036] Could not find attributes for jamie smith (BSC Glasgow, 2021)

Keepers & outfield error for **Mjällby Almänna Idrottsförening** in Mjällby Almänna Idrottsförening vs Örgryte IS: Numbers: 2 and 9.
[3670036] Failed to build match row: BSC Glasgow vs Tranent Juniors FC
rætsforening, 2025)
[4850740] Could not find attributes for justin ellis (Orlando City Soccer Club, 2025)
[4802654] Failed to build match row: Mjällby Almänna Idrottsförening vs Örgryte IS
[4850740] Failed to build match row: Club de Foot Montréal vs Orlando City Soccer Club
[4648310] Failed to build match row: Sønderjyske Fodbold vs Brøndby Idrætsforening

Keepers & outfield error for **Galatasaray Spor Kulübü** in Galatasaray Spor Kulübü vs Alanyaspor: Numbers: 2 and 9.
[4432904] Could not find attributes for tomas fruhwald (MFK Ruzomberok, 2024)
[4181023] Could not find attributes for vasilios tsimopoulos (AO Egaleo, 2023)
[4393171] Failed to build match row: Galatasaray Spor Kulübü vs Alanyaspor
[4432904] Failed to build match row: MFK Ruzomberok vs FC Noah Yerevan
[4272815] Could not find attributes for anton shunin (FK Dinamo Moskva, 2023)
[4181023] Failed to build match row: AO Egaleo vs Diagoras Rodou
[4272815] Failed to build match row: FK Dinamo Moskva vs AO FK Zenit Sankt-Peterburg
[3839401] Failed to scrape lineup: https://www.transfermarkt.co.uk/vfb-stuttgart_bayern-munich/index/spielbericht/3839401
[4400550] Could not find attributes for enea kolici (FC Ballkani, 2024)
[4645602] Failed to scrape lineup: https://www.transfermarkt.co.uk/villarreal-cf_real-betis-balompie/index/spielbericht/4645602
[3613226] Could not find attributes for edvinas gertmonas (FK Zalgiris Vilnius, 2021)
[3749946] Failed to scrape lineup: https://www.transfermarkt.co.uk/spielbericht/index/spielbericht/3749946
[3845047] Failed to scrape lineup: https://www.transfermarkt.co.uk/us-cremonese_hellas-verona/index/spielbericht/3845047
[3902065] Could not find attributes for sergiy yavorskyi (Vorskla Poltava, 2022)
[4400550] Failed to build match row: FC Ballkani vs Hamrun Spartans
akşehir Futbol Kulübü, 2020)
[3613226] Failed to build match row: FK Zalgiris Vilnius vs Ferencvárosi TC

Keepers & outfield error for **Sporting Clube de Braga** in Sporting Clube de Braga vs FC Vizela: Numbers: 0 and 11.
[3902065] Failed to build match row: Vorskla Poltava vs NK Veres Rivne
[4625635] Could not find attributes for joao palhinha (Tottenham Hotspur Football Club, 2025)
[3427158] Failed to build match row: İstanbul Başakşehir Futbol Kulübü vs Alanyaspor
[4109549] Failed to build match row: Sporting Clube de Braga vs FC Vizela

Keepers & outfield error for **Al-Kholood Club** in Al-Ittihad Football Club vs Al-Kholood Club: Numbers: 2 and 9.
[4625635] Failed to build match row: Paris Saint-Germain Football Club vs Tottenham Hotspur Football Club
[4750204] Failed to build match row: Al-Ittihad Football Club vs Al-Kholood Club
[4363938] Could not find attributes for haris belkebla (Angers Sporting Club de l'Ouest, 2024)
[4363938] Failed to build match row: Stade Reims vs Angers Sporting Club de l'Ouest

Keepers & outfield error for **Real Betis Balompié S.A.D.** in Real Betis Balompié S.A.D. vs Feyenoord Rotterdam: Numbers: 2 and 9.
[4522681] Could not find attributes for jan de boer (Bryne FK, 2024)
[4715939] Failed to build match row: Real Betis Balompié S.A.D. vs Feyenoord Rotterdam
[4522681] Failed to build match row: Bryne FK vs Fredrikstad Fotballklubb
be, 2024)
[4582048] Failed to build match row: Fortaleza Esporte Clube vs Mirasol Futebol Clube
[4095404] Could not find attributes for djordje petrovic (Chelsea Football Club, 2023)
[4095404] Failed to build match row: Chelsea Football Club vs Everton Football Club
[3950347] Failed to scrape lineup: https://www.transfermarkt.co.uk/spielbericht/index/spielbericht/3950347
[4148150] Could not find attributes for yusif imanov (Sabah FK, 2023)
[4148150] Failed to build match row: Sabah FK vs Fudbalski Klub Partizan Beograd
[4693293] Could not find attributes for wuilker farinez (Rionegro Águilas, 2025)
[4087202] Could not find attributes for mattia migani (SP Tre Penne, 2023)
[4693293] Failed to build match row: Rionegro Águilas vs Deportivo Cali
[4087202] Failed to build match row: SP Tre Penne vs Breidablik Kópavogur
[4649352] Could not find attributes for evgeniy staver (FC Rubin Kazan, 2025)
[4649352] Failed to build match row: FC Rubin Kazan vs Akron Togliatti
[3670037] Could not find attributes for colin williamson (Brora Rangers FC, 2021)
[3670037] Failed to build match row: Brora Rangers FC vs Albion Rovers FC
[4621019] Could not find attributes for lorenzo bernasconi (Atalanta Bergamasca Calcio S.p.a., 2025)
[4393172] Failed to scrape lineup: https://www.transfermarkt.co.uk/basaksehir-fk_kayserispor/index/spielbericht/4393172
[4621019] Failed to build match row: Unione Sportiva Lecce vs Atalanta Bergamasca Calcio S.p.a.
[3627548] Could not find attributes for borna barisic (Rangers Football Club, 2021)
[3627548] Failed to build match row: Malmö Fotbollförening vs Rangers Football Club
[3751543] Failed to scrape lineup: https://www.transfermarkt.co.uk/spielbericht/index/spielbericht/3751543
[4472395] Could not find attributes for quadri liameed (Club Lleida Esportiu, 2024)
[4472395] Failed to build match row: Club Lleida Esportiu vs Barakaldo CF
[4802655] Failed to scrape lineup: https://www.transfermarkt.co.uk/malmo-ff_gais/index/spielbericht/4802655
[4625645] Failed to scrape lineup: https://www.transfermarkt.co.uk/spielbericht/index/spielbericht/4625645
[4850741] Could not find attributes for morrison agyemang (Charlotte Football Club, 2025)
[4850741] Failed to build match row: Charlotte Football Club vs Football Club Cincinnati
[3845048] Could not find attributes for manolo gabbiadini (UC Sampdoria, 2022)
[3845048] Failed to build match row: Associazione Calcio Fiorentina vs UC Sampdoria
[4645603] Could not find attributes for leander dendoncker (Real Oviedo S.A.D., 2025)
[4645603] Failed to build match row: Real Oviedo S.A.D. vs Espanol
[4750205] Could not find attributes for matheus goncalves (Al-Ahli Saudi Football Club, 2025)
[4750205] Failed to build match row: Al-Ahli Saudi Football Club vs Al-Okhdood Club
[3902066] Could not find attributes for oleksandr rybka (Metalist Kharkiv, 2022)
[4272816] Could not find attributes for giorgiy shelia (RFK Akhmat Grozny, 2023)
[4272816] Failed to build match row: RFK Akhmat Grozny vs FK Nizhny Novgorod
[3902066] Failed to build match row: Metalist Kharkiv vs Ingulets Petrove

Keepers & outfield error for **Futebol Clube de Famalicão** in Futebol Clube de Famalicão vs Portimonense SC: Numbers: 0 and 11.
[3839411] Could not find attributes for julian baumgartlinger (Fußball-Club Augsburg 1907, 2022)
[4522682] Could not find attributes for mikkel konradsen ceide (Rosenborg Ballklub, 2024)
[4109550] Failed to build match row: Futebol Clube de Famalicão vs Portimonense SC
[3839411] Failed to build match row: FC Bayern München vs Fußball-Club Augsburg 1907
[4522682] Failed to build match row: Fotballklubben Bodø/Glimt vs Rosenborg Ballklub

Keepers & outfield error for **Manchester City Football Club** in Manchester City Football Club vs Sevilla Fútbol Club S.A.D.: Numbers: 0 and 11.
[4087203] Failed to build match row: Manchester City Football Club vs Sevilla Fútbol Club S.A.D.
[4582049] Could not find attributes for wilker angel (Esporte Clube Juventude, 2024)
[4582049] Failed to build match row: Esporte Clube Juventude vs S. A. F. Botafogo
[4181024] Could not find attributes for makis giannikoglou (PS Kalamata, 2023)
Not enough players found for lineup: 0, 0.
[3427159] Could not find attributes for enner valencia (Fenerbahçe Spor Kulübü, 2020)
[4434813] Failed to scrape lineup: https://www.transfermarkt.co.uk/spielbericht/index/spielbericht/4434813
[4181024] Failed to build match row: PS Kalamata vs Athens Kallithea
[3427159] Failed to build match row: Fenerbahçe Spor Kulübü vs Kasımpaşa A.Ş.
[4693294] Could not find attributes for emmanuel olivera (Independiente Santa Fe, 2025)
[3670038] Could not find attributes for jamie donnelly (Clydebank FC, 2021)
[4693294] Failed to build match row: Independiente Santa Fe vs Internacional de Bogotá
[4850742] Could not find attributes for dor turgeman (New England Revolution, 2025)
[3670038] Failed to build match row: Clydebank FC vs Elgin City FC
[4850742] Failed to build match row: New England Revolution vs Philadelphia Union
[4649353] Could not find attributes for nikita medvedev (FK Nizhny Novgorod, 2025)

Keepers & outfield error for **Football Club de Nantes** in Association sportive de Monaco Football Club vs Football Club de Nantes: Numbers: 2 and 9.
[4649353] Failed to build match row: FK Nizhny Novgorod vs FK Dinamo Moskva
[4363940] Failed to build match row: Association sportive de Monaco Football Club vs Football Club de Nantes

Keepers & outfield error for **Real Betis Balompié S.A.D.** in Real Betis Balompié S.A.D. vs Olympique Lyonnais: Numbers: 2 and 9.
[4634156] Failed to scrape lineup: https://www.transfermarkt.co.uk/eintracht-frankfurt_1-fc-union-berlin/index/spielbericht/4634156
[4715940] Failed to build match row: Real Betis Balompié S.A.D. vs Olympique Lyonnais
[4272817] Could not find attributes for maksim rudakov (FK Sochi, 2023)
[4095406] Failed to scrape lineup: https://www.transfermarkt.co.uk/manchester-city_luton-town/index/spielbericht/4095406
[4272817] Failed to build match row: FK Sochi vs Fakel Voronezh

Keepers & outfield error for **Club Atlético de Madrid S.A.D.** in Celta vs Club Atlético de Madrid S.A.D.: Numbers: 2 and 9.
[3484178] Could not find attributes for calvin miller (Harrogate Town, 2020)
[3886535] Failed to build match row: Celta vs Club Atlético de Madrid S.A.D.

Keepers & outfield error for **Al-Shabab Club** in Al-Shabab Club vs Al-Taawoun Football Club: Numbers: 0 and 11.
[3484178] Failed to build match row: Harrogate Town vs Skelmersdale United
[4750206] Failed to build match row: Al-Shabab Club vs Al-Taawoun Football Club
[3902067] Could not find attributes for oleksandr ilyushchenkov (PFK Lviv, 2022)
[3902067] Failed to build match row: PFK Lviv vs FC Zorya Lugansk
[4148210] Could not find attributes for enea kolici (FC Ballkani, 2023)

Keepers & outfield error for **Motherwell Football Club** in Motherwell Football Club vs Hibernian Football Club: Numbers: 0 and 11.
[3751544] Failed to build match row: Motherwell Football Club vs Hibernian Football Club
[4181025] Could not find attributes for grigoris syrakas (AO Acharnaikos, 2023)
[4181025] Failed to build match row: AO Acharnaikos vs Pierikos Katerini
[3603201] Could not find attributes for stephane omeonga (Livingston Football Club, 2021)
[3603201] Failed to build match row: Livingston Football Club vs Dundee Football Club
[4693295] Could not find attributes for jermein pena (Junior FC, 2025)
[4373950] Could not find attributes for nicolo savona (Juventus Football Club, 2024)
[4098856] Could not find attributes for noah fadiga (Koninklijke Atletiek Associatie Gent, 2023)
[4693295] Failed to build match row: Junior FC vs Asociación Deportivo Pasto
[3484179] Failed to scrape lineup: https://www.transfermarkt.co.uk/spielbericht/index/spielbericht/3484179
[4363941] Could not find attributes for mousa tamari (Rennes, 2024)
[4272818] Could not find attributes for yuriy dyupin (FC Rubin Kazan, 2023)
[4098856] Failed to build match row: St Truiden vs Koninklijke Atletiek Associatie Gent
[4363941] Failed to build match row: Rennes vs Stade Reims
[4272818] Failed to build match row: FC Rubin Kazan vs Ural Yekaterinburg

Keepers & outfield error for **Levante Unión Deportiva S.A.D.** in Alaves vs Levante Unión Deportiva S.A.D.: Numbers: 0 and 11.
[4373950] Failed to build match row: Juventus Football Club vs Società Sportiva Calcio Napoli
[4645605] Failed to build match row: Alaves vs Levante Unión Deportiva S.A.D.
[4368522] Could not find attributes for matti olsen (Sønderjyske Fodbold, 2024)
[4368522] Failed to build match row: Sønderjyske Fodbold vs Silkeborg Idrætsforening

Keepers & outfield error for **Villarreal Club de Fútbol S.A.D.** in Villarreal Club de Fútbol S.A.D. vs Futbol Club Barcelona: Numbers: 2 and 9.
[3886536] Failed to build match row: Villarreal Club de Fútbol S.A.D. vs Futbol Club Barcelona
[3839413] Could not find attributes for michael gregoritsch (Sport-Club Freiburg, 2022)
[3839413] Failed to build match row: Sport-Club Freiburg vs Turn- und Sportgemeinschaft 1899 Hoffenheim Fußball-Spielbetriebs
[4750207] Could not find attributes for yassine benzia (Al-Fayha FC, 2025)
[4750207] Failed to build match row: Al-Fayha FC vs Al-Riyadh Saudi Club
[4435694] Could not find attributes for vitaliy gudiev (Fakel Voronezh, 2024)
[4435694] Failed to build match row: Fakel Voronezh vs FK Spartak Moskva

Keepers & outfield error for **Paris Saint-Germain Football Club** in Olympique Gymnaste Club Nice Côte d'Azur vs Paris Saint-Germain Football Club: Numbers: 2 and 9.
[3589434] Failed to build match row: Olympique Gymnaste Club Nice Côte d'Azur vs Paris Saint-Germain Football Club
[3427160] Could not find attributes for petrus boumal (Erzurumspor FK, 2020)
[3427160] Failed to build match row: Erzurumspor FK vs İstanbul Başakşehir Futbol Kulübü
[4121030] Failed to scrape lineup: https://www.transfermarkt.co.uk/hibernian-fc_st-mirren-fc/index/spielbericht/4121030
[4148211] Could not find attributes for evert grunvald (FC Flora Tallinn, 2023)
[4148211] Failed to build match row: FC Flora Tallinn vs F.C.V. Farul Constanța SA
[4400551] Could not find attributes for filip dujmovic (Struga Trim & Lum, 2024)
[4400551] Failed to build match row: Struga Trim & Lum vs FC Pyunik Yerevan
[4181478] Could not find attributes for nichlas naybin (Viby IF, 2023)
[4181478] Failed to build match row: Viby IF vs Hvidovre IF
[3670039] Could not find attributes for kane oconnor (Cowdenbeath FC, 2021)
[3670039] Failed to build match row: Cowdenbeath FC vs Civil Service Strollers FC
[4693296] Failed to scrape lineup: https://www.transfermarkt.co.uk/deportivo-cali_deportivo-pereira/index/spielbericht/4693296
[4634157] Could not find attributes for vini souza (Verein für Leibesübungen Wolfsburg, 2025)
[4634157] Failed to build match row: Borussia Dortmund vs Verein für Leibesübungen Wolfsburg

Keepers & outfield error for **Motherwell Football Club** in Ross County FC vs Motherwell Football Club: Numbers: 0 and 11.
[3603202] Failed to build match row: Ross County FC vs Motherwell Football Club
[3546675] Could not find attributes for kieran millar (Stranraer FC, 2020)
[4649354] Could not find attributes for david volk (Dinamo Makhachkala, 2025)
[4368523] Failed to scrape lineup: https://www.transfermarkt.co.uk/viborg-ff_vejle-boldklub/index/spielbericht/4368523
[4850744] Could not find attributes for ran binyamin (FC Dallas, 2025)
[3546675] Failed to build match row: Stranraer FC vs Hibernian Football Club
[4649354] Failed to build match row: Dinamo Makhachkala vs AO FK Zenit Sankt-Peterburg
[4850744] Failed to build match row: FC Dallas vs Real Salt Lake
[3614472] Could not find attributes for egor smirnov (FC Leningradets, 2021)
[3614472] Failed to build match row: FC Leningradets vs Dinamo St. Petersburg
[4435730] Failed to scrape lineup: https://www.transfermarkt.co.uk/shakhtar-donetsk_livyi-bereg-kyiv/index/spielbericht/4435730
[3902068] Could not find attributes for mykyta kravchenko (Futbolniy Klub Dynamo Kyiv, 2022)

Keepers & outfield error for **SD Eibar** in Celta vs SD Eibar: Numbers: 2 and 9.
[3427161] Failed to scrape lineup: https://www.transfermarkt.co.uk/mke-ankaragucu_gaziantep-fk/index/spielbericht/3427161
[3902068] Failed to build match row: Futbolniy Klub Dynamo Kyiv vs SC Dnipro-1
[3589435] Failed to scrape lineup: https://www.transfermarkt.co.uk/stade-reims_rc-strasbourg-alsace/index/spielbericht/3589435
[4522683] Could not find attributes for samukele kabini (Molde Fotballklubb, 2024)
[3451103] Failed to build match row: Celta vs SD Eibar
[4522683] Failed to build match row: Hamarkameratene vs Molde Fotballklubb
[4400553] Failed to scrape lineup: https://www.transfermarkt.co.uk/spielbericht/index/spielbericht/4400553
[3433448] Could not find attributes for gabriele zappa (Cagliari Calcio, 2020)
[3433448] Failed to build match row: Cagliari Calcio vs Juventus Football Club
[4373951] Could not find attributes for ante rebic (Unione Sportiva Lecce, 2024)
[4373951] Failed to build match row: Unione Sportiva Lecce vs Parma Calcio 1913
[3670040] Could not find attributes for michael mcfarlane (Dunbar United FC, 2021)
[3670040] Failed to build match row: Dunbar United FC vs Lothian Thistle Hutchison Vale FC
[4098857] Could not find attributes for sergiy sydorchuk (Koninklijke Voetbal Club Westerlo, 2023)
[4098857] Failed to build match row: Koninklijke Voetbal Club Westerlo vs Cercle Brugge Koninklijke Sportvereniging
[4634158] Failed to scrape lineup: https://www.transfermarkt.co.uk/rb-leipzig_1-fc-koln/index/spielbericht/4634158
[4649355] Failed to scrape lineup: https://www.transfermarkt.co.uk/zenit-st-petersburg_spartak-moscow/index/spielbericht/4649355
[4368524] Failed to scrape lineup: https://www.transfermarkt.co.uk/brondby-if_silkeborg-if/index/spielbericht/4368524
[3614473] Failed to scrape lineup: https://www.transfermarkt.co.uk/spielbericht/index/spielbericht/3614473
[4272819] Could not find attributes for evgeniy latyshonok (FK Baltika, 2023)
[4272819] Failed to build match row: FK Baltika vs PFK CSKA Moskva
[4693297] Could not find attributes for bleiner agron (Envigado FC, 2025)
[4693297] Failed to build match row: Envigado FC vs Atlético Bucaramanga

Keepers & outfield error for **Aberdeen Football Club** in Aberdeen Football Club vs Dundee United Football Club: Numbers: 2 and 9.
[3603203] Failed to build match row: Aberdeen Football Club vs Dundee United Football Club
[4850745] Could not find attributes for keisuke kurokawa (D.C. United, 2025)
[4850745] Failed to build match row: Nashville SC vs D.C. United
[4181745] Could not find attributes for vladislav rusanov (Leon Saturn Ramenskoe, 2023)
[4109551] Could not find attributes for ponck (Moreirense Futebol Clube, 2023)
[4181745] Failed to build match row: Leon Saturn Ramenskoe vs Arsenal Tula
[3886538] Failed to scrape lineup: https://www.transfermarkt.co.uk/sevilla-fc_rcd-mallorca/index/spielbericht/3886538
[4109551] Failed to build match row: Moreirense Futebol Clube vs Gil Vicente Futebol Clube
[3902069] Failed to scrape lineup: https://www.transfermarkt.co.uk/shakhtar-donetsk_kryvbas-kryvyi-rig/index/spielbericht/3902069
[3427162] Failed to scrape lineup: https://www.transfermarkt.co.uk/sivasspor_yeni-malatyaspor/index/spielbericht/3427162
[3451104] Could not find attributes for antonio barragan (Elche Club de Fútbol S.A.D., 2020)
[3451104] Failed to build match row: Elche Club de Fútbol S.A.D. vs Futbol Club Barcelona
[3589436] Could not find attributes for nabil bentaleb (Angers Sporting Club de l'Ouest, 2021)
[3589436] Failed to build match row: Rennes vs Angers Sporting Club de l'Ouest
[3670041] Failed to scrape lineup: https://www.transfermarkt.co.uk/spielbericht/index/spielbericht/3670041

Keepers & outfield error for **Espanol** in Espanol vs Club Atlético de Madrid S.A.D.: Numbers: 2 and 9.
[4645607] Failed to build match row: Espanol vs Club Atlético de Madrid S.A.D.
[3751546] Could not find attributes for ross graham (Dundee United Football Club, 2021)
[4649356] Could not find attributes for rustam yatimov (FK Rostov, 2025)
porting Club, 2023)
[4649356] Failed to build match row: FK Rostov vs FK Dinamo Moskva
[3751546] Failed to build match row: Dundee United Football Club vs The Celtic Football Club
[4098858] Failed to build match row: Royal Charleroi Sporting Club vs KAS Eupen
[3627550] Could not find attributes for luquinhas (Legia Warszawa Spółka Akcyjna, 2021)
[3627550] Failed to build match row: GNK Dinamo Zagreb vs Legia Warszawa Spółka Akcyjna
[3549023] Could not find attributes for vitaliy gudiev (RFK Akhmat Grozny, 2020)
[4148212] Could not find attributes for bojan mladjovic (Tobol Kostanay, 2023)
[3549023] Failed to build match row: RFK Akhmat Grozny vs PFK Krylya Sovetov Samara
[4148212] Failed to build match row: Derry City vs Tobol Kostanay
[4272820] Could not find attributes for matvey safonov (FK Krasnodar, 2023)
[4272820] Failed to build match row: FK Krasnodar vs RFK Akhmat Grozny

Keepers & outfield error for **Fulham Football Club** in West Ham United Football Club vs Fulham Football Club: Numbers: 2 and 9.
[4095409] Failed to build match row: West Ham United Football Club vs Fulham Football Club
[3603204] Could not find attributes for josh mulligan (Dundee Football Club, 2021)
[3603204] Failed to build match row: Dundee Football Club vs Livingston Football Club
[3902070] Failed to scrape lineup: https://www.transfermarkt.co.uk/kryvbas-kryvyi-rig_pfc-lviv/index/spielbericht/3902070
[4109552] Failed to scrape lineup: https://www.transfermarkt.co.uk/rio-ave-fc_fc-arouca/index/spielbericht/4109552
[4436222] Could not find attributes for vimal yoganathan (Barnsley FC, 2023)
[4436222] Failed to build match row: Barnsley FC vs Sheffield United
[3451105] Could not find attributes for javi ontiveros (SD Huesca, 2020)
[3451105] Failed to build match row: SD Huesca vs Villarreal Club de Fútbol S.A.D.
[3886539] Could not find attributes for darwin machis (Real Valladolid CF, 2022)
[3886539] Failed to build match row: Real Valladolid CF vs Club Atlético Osasuna
[3427163] Could not find attributes for abdulkadir sunger (Denizlispor, 2020)
[3433450] Failed to scrape lineup: https://www.transfermarkt.co.uk/parma-calcio-1913_as-roma/index/spielbericht/3433450
[3427163] Failed to build match row: Kayserispor Kulübü vs Denizlispor
[4181746] Could not find attributes for khazbulat khamkhoev (Amkar Perm, 2023)
[4181746] Failed to build match row: Amkar Perm vs Kuban Krasnodar
[3589437] Could not find attributes for louis mafouta (Football Club de Metz, 2021)
[3589437] Failed to build match row: AS Saint-Étienne vs Football Club de Metz
[3670042] Could not find attributes for ross connelly (East Stirlingshire FC, 2021)
[3670042] Failed to build match row: East Stirlingshire FC vs Bonnyrigg Rose FC
[4649357] Could not find attributes for evgeniy staver (FC Rubin Kazan, 2025)
[4649357] Failed to build match row: FC Rubin Kazan vs Футбольный клуб "Локомотив" Москва
[4363943] Could not find attributes for ayyoub bouaddi (Lille Olympique Sporting Club, 2024)
[4363943] Failed to build match row: Lille Olympique Sporting Club vs Association sportive de Monaco Football Club
[4621023] Could not find attributes for jesper karlstrom (Udinese Calcio, 2025)
[4621023] Failed to build match row: Udinese Calcio vs Calcio Como

Keepers & outfield error for **Real Betis Balompié S.A.D.** in Real Betis Balompié S.A.D. vs Football Club Utrecht: Numbers: 3 and 8.
[4715942] Failed to build match row: Real Betis Balompié S.A.D. vs Football Club Utrecht
[4109553] Failed to scrape lineup: https://www.transfermarkt.co.uk/sc-farense_sl-benfica/index/spielbericht/4109553
[4750208] Could not find attributes for kewin (Damac Football Club, 2025)
[4750208] Failed to build match row: Damac Football Club vs Al-Khaleej Club (Saihat)
[4148213] Could not find attributes for plamen andreev (Levski Sofia, 2023)
[4148213] Failed to build match row: Levski Sofia vs Hapoel Beer Sheva

Keepers & outfield error for **Aston Villa Football Club** in Aston Villa Football Club vs Association Football Club Bournemouth: Numbers: 0 and 11.
[4095410] Failed to build match row: Aston Villa Football Club vs Association Football Club Bournemouth

Keepers & outfield error for **Real Valladolid CF** in Levante Unión Deportiva S.A.D. vs Real Valladolid CF: Numbers: 2 and 9.
[3451106] Failed to build match row: Levante Unión Deportiva S.A.D. vs Real Valladolid CF
[3427164] Failed to scrape lineup: https://www.transfermarkt.co.uk/caykur-rizespor_besiktas-jk/index/spielbericht/3427164
[3670043] Failed to scrape lineup: https://www.transfermarkt.co.uk/spielbericht/index/spielbericht/3670043
[4645609] Failed to scrape lineup: https://www.transfermarkt.co.uk/elche-cf_real-betis-balompie/index/spielbericht/4645609
[3886549] Could not find attributes for theo bongonda (Cádiz CF, 2022)
[3886549] Failed to build match row: Futbol Club Barcelona vs Cádiz CF
[4621024] Failed to scrape lineup: https://www.transfermarkt.co.uk/hellas-verona_acf-fiorentina/index/spielbericht/4621024
[4649358] Could not find attributes for nikita medvedev (FK Nizhny Novgorod, 2025)
[4649358] Failed to build match row: FK Nizhny Novgorod vs PFK Krylya Sovetov Samara
[3603205] Could not find attributes for liel abada (The Celtic Football Club, 2021)

Keepers & outfield error for **Futebol Clube do Porto** in Fußballclub Red Bull Salzburg vs Futebol Clube do Porto: Numbers: 0 and 11.
[3603205] Failed to build match row: Hibernian Football Club vs The Celtic Football Club
[4715943] Failed to build match row: Fußballclub Red Bull Salzburg vs Futebol Clube do Porto
[4272821] Could not find attributes for igor akinfeev (PFK CSKA Moskva, 2023)
[4272821] Failed to build match row: PFK CSKA Moskva vs FC Rubin Kazan
[4750209] Could not find attributes for nabil dunga (Al-Najma Sport Club, 2025)
[4750209] Failed to build match row: Al-Ettifaq Football Club vs Al-Najma Sport Club
[4368526] Could not find attributes for oskar buur (Lyngby Boldklub, 2024)
[4368526] Failed to build match row: Lyngby Boldklub vs Fodbold Club Nordsjælland

Keepers & outfield error for **Vitória Sport Clube** in Sporting Clube de Portugal vs Vitória Sport Clube: Numbers: 0 and 11.
[4109554] Failed to build match row: Sporting Clube de Portugal vs Vitória Sport Clube
[4121031] Could not find attributes for Georgie Gent (Motherwell Football Club, 2023)
[4121031] Failed to build match row: Motherwell Football Club vs Kilmarnock Football Club
[4436223] Could not find attributes for neo eccleston (Barrow AFC, 2023)
[4436223] Failed to build match row: Barrow AFC vs Derby County
[3427165] Failed to scrape lineup: https://www.transfermarkt.co.uk/hatayspor_genclerbirligi-ankara/index/spielbericht/3427165
[4095411] Could not find attributes for djordje petrovic (Chelsea Football Club, 2023)
[4095411] Failed to build match row: Brighton and Hove Albion Football Club vs Chelsea Football Club
[4645610] Failed to scrape lineup: https://www.transfermarkt.co.uk/real-madrid_ca-osasuna/index/spielbericht/4645610
[3433452] Failed to scrape lineup: https://www.transfermarkt.co.uk/atalanta-bc_spezia-calcio/index/spielbericht/3433452
[4621025] Failed to scrape lineup: https://www.transfermarkt.co.uk/atalanta-bc_juventus-fc/index/spielbericht/4621025
[3451107] Could not find attributes for ante budimir (Club Atlético Osasuna, 2020)
[4400556] Failed to scrape lineup: https://www.transfermarkt.co.uk/spielbericht/index/spielbericht/4400556
[3451107] Failed to build match row: Club Atlético Osasuna vs Granada CF
[4363945] Failed to scrape lineup: https://www.transfermarkt.co.uk/fc-nantes_rc-lens/index/spielbericht/4363945

Keepers & outfield error for **US Salernitana 1919** in Udinese Calcio vs US Salernitana 1919: Numbers: 2 and 9.
[3751557] Failed to build match row: Udinese Calcio vs US Salernitana 1919
[3886550] Could not find attributes for abner (Real Betis Balompié S.A.D., 2022)
[3484180] Could not find attributes for ben tollitt (AFC Fylde, 2020)
[3886550] Failed to build match row: Real Betis Balompié S.A.D. vs Real Valladolid CF
[3484180] Failed to build match row: Exeter City vs AFC Fylde
[4715944] Failed to scrape lineup: https://www.transfermarkt.co.uk/spielbericht/index/spielbericht/4715944
[4649359] Failed to scrape lineup: https://www.transfermarkt.co.uk/baltika-kaliningrad_cska-moscow/index/spielbericht/4649359

Keepers & outfield error for **Motherwell Football Club** in Rangers Football Club vs Motherwell Football Club: Numbers: 0 and 11.
[3902071] Could not find attributes for dmitriy nepogodov (Chornomorets Odesa, 2022)
[3603206] Failed to build match row: Rangers Football Club vs Motherwell Football Club
[3902071] Failed to build match row: Chornomorets Odesa vs Ingulets Petrove
[4272822] Could not find attributes for igor leshchuk (FK Dinamo Moskva, 2023)
[4272822] Failed to build match row: FK Dinamo Moskva vs FK Sochi
[3549024] Could not find attributes for maksim mukhin (Футбольный клуб "Локомотив" Москва, 2020)
[3549024] Failed to build match row: Футбольный клуб "Локомотив" Москва vs PFK CSKA Moskva
[3589439] Could not find attributes for nabil bentaleb (Angers Sporting Club de l'Ouest, 2021)
[3589439] Failed to build match row: Angers Sporting Club de l'Ouest vs Stade Reims
[3433453] Failed to scrape lineup: https://www.transfermarkt.co.uk/genoa-cfc_udinese-calcio/index/spielbericht/3433453

Keepers & outfield error for **Venezia FC** in Venezia FC vs Genoa Cricket and Football Club: Numbers: 2 and 9.
[4373954] Failed to build match row: Venezia FC vs Genoa Cricket and Football Club
[4645611] Could not find attributes for jose gaya (Valencia Club de Fútbol S. A. D., 2025)
[4645611] Failed to build match row: Valencia Club de Fútbol S. A. D. vs Real Sociedad de Fútbol S.A.D.

Keepers & outfield error for **Real Sociedad de Fútbol S.A.D.** in Real Sociedad de Fútbol S.A.D. vs Real Betis Balompié S.A.D.: Numbers: 0 and 11.
[3451108] Failed to build match row: Real Sociedad de Fútbol S.A.D. vs Real Betis Balompié S.A.D.
[3427166] Could not find attributes for adil demirbag (Konyaspor, 2020)
[4109555] Could not find attributes for taichi fukui (Portimonense SC, 2023)
[3427166] Failed to build match row: Galatasaray Spor Kulübü vs Konyaspor
[4109555] Failed to build match row: GD Chaves vs Portimonense SC
[3757957] Could not find attributes for strahinja erakovic (Fudbalski klub Crvena zvezda Beograd, 2021)
[3757957] Failed to build match row: Rangers Football Club vs Fudbalski klub Crvena zvezda Beograd

Keepers & outfield error for **Espanol** in Elche Club de Fútbol S.A.D. vs Espanol: Numbers: 0 and 11.
[4850748] Failed to scrape lineup: https://www.transfermarkt.co.uk/san-jose-earthquakes_vancouver-whitecaps-fc/index/spielbericht/4850748
[3886551] Failed to build match row: Elche Club de Fútbol S.A.D. vs Espanol
[4400557] Could not find attributes for igor nikic (FK Decic Tuzi, 2024)
[4715945] Could not find attributes for flavius daniliuc (FC Basel 1893 AG, 2025)
[4400557] Failed to build match row: FK Decic Tuzi vs Dinamo Batumi
[4715945] Failed to build match row: Fußballclub Red Bull Salzburg vs FC Basel 1893 AG
[4750210] Could not find attributes for nacho fernandez (Al-Qadsiah Saudi Football Club, 2025)
[4272823] Could not find attributes for ilya lantratov (Футбольный клуб "Локомотив" Москва, 2023)
[4750210] Failed to build match row: Al-Qadsiah Saudi Football Club vs Al-Nassr Football Club
[3552987] Failed to scrape lineup: https://www.transfermarkt.co.uk/spielbericht/index/spielbericht/3552987
[3902072] Could not find attributes for oleksandr bandura (FC Minaj, 2022)
[4272823] Failed to build match row: Футбольный клуб "Локомотив" Москва vs FK Rostov
[3603207] Could not find attributes for tony gallacher (St. Johnstone FC, 2021)
[3902072] Failed to build match row: FC Minaj vs FK Kolos Kovalivka
[3603207] Failed to build match row: Ross County FC vs St. Johnstone FC
[4098861] Failed to scrape lineup: https://www.transfermarkt.co.uk/royal-antwerp-fc_kv-mechelen/index/spielbericht/4098861
[3670044] Could not find attributes for ewen macdonald (Formartine United FC, 2021)
[3670044] Failed to build match row: Formartine United FC vs Forfar Athletic FC
[3589440] Could not find attributes for youcef belaili (Stade brestois 29, 2021)
[3589440] Failed to build match row: Stade brestois 29 vs Olympique de Marseille

Keepers & outfield error for **Villarreal Club de Fútbol S.A.D.** in Villarreal Club de Fútbol S.A.D. vs Real Oviedo S.A.D.: Numbers: 0 and 11.
[4645612] Failed to build match row: Villarreal Club de Fútbol S.A.D. vs Real Oviedo S.A.D.

Keepers & outfield error for **Atalanta Bergamasca Calcio S.p.a.** in Bologna Football Club 1909 vs Atalanta Bergamasca Calcio S.p.a.: Numbers: 2 and 9.
[4373955] Failed to build match row: Bologna Football Club 1909 vs Atalanta Bergamasca Calcio S.p.a.

Keepers & outfield error for **Cádiz CF** in Sevilla Fútbol Club S.A.D. vs Cádiz CF: Numbers: 2 and 9.
[3451109] Failed to build match row: Sevilla Fútbol Club S.A.D. vs Cádiz CF
[3427167] Could not find attributes for serhat ahmetoglu (Fatih Karagümrük Sportif Faaliyetler San. Tic. A.Ş., 2020)
[3427167] Failed to build match row: Fatih Karagümrük Sportif Faaliyetler San. Tic. A.Ş. vs Antalyaspor
[3950348] Could not find attributes for jevon mills (Gateshead FC, 2022)
[3950348] Failed to build match row: Gateshead FC vs Stevenage FC
[4148214] Could not find attributes for federico marchetti (Hamrun Spartans, 2023)
[4148214] Failed to build match row: Ferencvárosi TC vs Hamrun Spartans
[3552988] Failed to scrape lineup: https://www.transfermarkt.co.uk/spielbericht/index/spielbericht/3552988
[4750211] Could not find attributes for loreintz rosier (Al-Hazem Sport Club, 2025)
[4750211] Failed to build match row: Al-Hazem Sport Club vs Al-Hilal Saudi Football Club
[4272824] Could not find attributes for artur nigmatullin (FK Nizhny Novgorod, 2023)
[4272824] Failed to build match row: FK Nizhny Novgorod vs FK Spartak Moskva
[3757958] Failed to scrape lineup: https://www.transfermarkt.co.uk/spielbericht/index/spielbericht/3757958
[3886552] Failed to scrape lineup: https://www.transfermarkt.co.uk/rcd-mallorca_villarreal-cf/index/spielbericht/3886552
[4400558] Could not find attributes for bekkhan shayzada (Ordabasy Shymkent, 2024)
[4400558] Failed to build match row: Ordabasy Shymkent vs FC Differdange 03
[3603208] Failed to scrape lineup: https://www.transfermarkt.co.uk/st-mirren-fc_heart-of-midlothian-fc/index/spielbericht/3603208
[4121032] Could not find attributes for Shaun Donnellan (Livingston Football Club, 2023)
[4121032] Failed to build match row: Rangers Football Club vs Livingston Football Club
[4373956] Failed to scrape lineup: https://www.transfermarkt.co.uk/como-1907_hellas-verona/index/spielbericht/4373956

Keepers & outfield error for **Futebol Clube de Famalicão** in Futebol Clube de Famalicão vs FC Vizela: Numbers: 0 and 11.
[4109556] Failed to build match row: Futebol Clube de Famalicão vs FC Vizela
[3433455] Could not find attributes for matteo lovato (Verona Hellas Football Club, 2020)
[3433455] Failed to build match row: Verona Hellas Football Club vs Atalanta Bergamasca Calcio S.p.a.
[3427168] Could not find attributes for irfan can egribayat (Göztepe Sportif Yatırımlar A.Ş., 2020)
[3427168] Failed to build match row: Göztepe Sportif Yatırımlar A.Ş. vs Trabzonspor Kulübü
[3484181] Could not find attributes for giorgio rasulo (Banbury United, 2020)
[3484181] Failed to build match row: Banbury United vs Canvey Island FC
[3839417] Could not find attributes for tolga cigerci (Hertha BSC, 2022)
[3839417] Failed to build match row: Hertha BSC vs 1. Fußball- und Sportverein Mainz 05

Keepers & outfield error for **Fleetwood Town** in Fleetwood Town vs Oxford City: Numbers: 2 and 9.
[4393173] Could not find attributes for oleksandr petrusenko (Antalyaspor, 2024)
[3902073] Could not find attributes for oleg mozil (TOV FK Metalist 1925 Kharkiv, 2022)
[3950349] Failed to build match row: Fleetwood Town vs Oxford City
[3902073] Failed to build match row: TOV FK Metalist 1925 Kharkiv vs Vorskla Poltava
[4393173] Failed to build match row: Çaykur Rizespor Kulübü vs Antalyaspor

Keepers & outfield error for **Futebol Clube do Porto** in Futebol Clube do Porto vs Olympique Lyonnais: Numbers: 0 and 11.
[3603209] Could not find attributes for liel abada (The Celtic Football Club, 2021)
[3757959] Failed to build match row: Futebol Clube do Porto vs Olympique Lyonnais
[4148215] Could not find attributes for enric saborit (Maccabi Tel Aviv, 2023)
[3603209] Failed to build match row: The Celtic Football Club vs Rangers Football Club
[4148215] Failed to build match row: Maccabi Tel Aviv vs AEK Larnaca
[4121033] Could not find attributes for franciszek franczak (St. Johnstone FC, 2023)
[4121033] Failed to build match row: Ross County FC vs St. Johnstone FC
[3589442] Could not find attributes for hatem ben arfa (Lille Olympique Sporting Club, 2021)

Keepers & outfield error for **Cádiz CF** in Cádiz CF vs Club Atlético de Madrid S.A.D.: Numbers: 2 and 9.
[3589442] Failed to build match row: Lille Olympique Sporting Club vs AS Saint-Étienne
[3451111] Failed to build match row: Cádiz CF vs Club Atlético de Madrid S.A.D.
[4625646] Could not find attributes for oto goshadze (Torpedo Kutaisi, 2025)
[4625646] Failed to build match row: Torpedo Kutaisi vs Ordabasy Shymkent
[4649360] Could not find attributes for david volk (Dinamo Makhachkala, 2025)
[4649360] Failed to build match row: Dinamo Makhachkala vs FC Orenburg
[4582050] Could not find attributes for bruno henrique (Clube de Regatas do Flamengo, 2024)
[4582050] Failed to build match row: Clube de Regatas do Flamengo vs Esporte Clube Bahia
[4109557] Could not find attributes for leonardo lelo (Casa Pia Atlético Clube, 2023)

Keepers & outfield error for **Getafe Club de Fútbol S. A. D. Team Dubai** in Getafe Club de Fútbol S. A. D. Team Dubai vs Valencia Club de Fútbol S. A. D.: Numbers: 2 and 9.
[4522685] Could not find attributes for zinedin smajlovic (Sandefjord Fotball, 2024)
[4109557] Failed to build match row: Casa Pia Atlético Clube vs Grupo Desportivo Estoril Praia
[3886553] Failed to build match row: Getafe Club de Fútbol S. A. D. Team Dubai vs Valencia Club de Fútbol S. A. D.
[4522685] Failed to build match row: Sandefjord Fotball vs Strømsgodset IF
[4272825] Could not find attributes for aleksandr belenov (Fakel Voronezh, 2023)
[4098863] Could not find attributes for ryotaro tsunoda (KV Kortrijk, 2023)
[3670045] Could not find attributes for darren jamieson (Kelty Hearts FC, 2021)
[4272825] Failed to build match row: Fakel Voronezh vs AO FK Zenit Sankt-Peterburg
[4400789] Could not find attributes for johannes kreidl (Kuopion Palloseura, 2024)
[4098863] Failed to build match row: KV Kortrijk vs Royale Union Saint-Gilloise
[3670045] Failed to build match row: Kelty Hearts FC vs Buckie Thistle FC
[4400789] Failed to build match row: Kuopion Palloseura vs Tromsø Idrettslag
[4802656] Could not find attributes for andreas troelsen (Idrottsföreningen  Brommapojkarna, 2025)
[4802656] Failed to build match row: Idrottsföreningen  Brommapojkarna vs Allmänna Idrottsklubben
[3603210] Could not find attributes for ross graham (Dundee United Football Club, 2021)
[3603210] Failed to build match row: Dundee Football Club vs Dundee United Football Club

Keepers & outfield error for **Fulham Football Club** in Fulham Football Club vs Liverpool Football Club: Numbers: 2 and 9.
[4095414] Failed to build match row: Fulham Football Club vs Liverpool Football Club

Keepers & outfield error for **SD Eibar** in SD Eibar vs Sevilla Fútbol Club S.A.D.: Numbers: 2 and 9.
[3451112] Failed to build match row: SD Eibar vs Sevilla Fútbol Club S.A.D.

Keepers & outfield error for **Associazione Calcio Fiorentina** in FC Empoli vs Associazione Calcio Fiorentina: Numbers: 0 and 11.

Keepers & outfield error for **Olympique Lyonnais** in Olympique Lyonnais vs Rennes: Numbers: 2 and 9.
[4373957] Failed to build match row: FC Empoli vs Associazione Calcio Fiorentina
[3589443] Failed to build match row: Olympique Lyonnais vs Rennes
[4181747] Could not find attributes for oleg baklov (FK Ufa, 2023)
[4181747] Failed to build match row: FK Ufa vs Torpedo Moscow
[4087236] Could not find attributes for tristan loiseaux (Yellow-Red Koninklijke Voetbalclub Mechelen, 2023)
[4087236] Failed to build match row: Royal Antwerp Football Club vs Yellow-Red Koninklijke Voetbalclub Mechelen
[4621026] Could not find attributes for massimo pessina (Bologna Football Club 1909, 2025)
[4621026] Failed to build match row: Bologna Football Club 1909 vs Unione Sportiva Lecce
[4436225] Could not find attributes for richard kone (Wycombe Wanderers, 2023)
[4436225] Failed to build match row: Swansea City vs Wycombe Wanderers
[4582051] Could not find attributes for cuiabano (S. A. F. Botafogo, 2024)
[4582051] Failed to build match row: S. A. F. Botafogo vs Sport Club Internacional
[4109558] Could not find attributes for ponck (Moreirense Futebol Clube, 2023)
[4109558] Failed to build match row: Moreirense Futebol Clube vs Club Football Estrela da Amadora
[4121034] Could not find attributes for sven sprangler (St. Johnstone FC, 2023)
[4121034] Failed to build match row: The Celtic Football Club vs St. Johnstone FC
[3886554] Could not find attributes for abde ezzalzouli (Club Atlético Osasuna, 2022)
[3886554] Failed to build match row: Club Atlético Osasuna vs Real Madrid Club de Fútbol
[3433458] Could not find attributes for ardian ismajli (Spezia Calcio, 2020)
[3433458] Failed to build match row: Spezia Calcio vs Cagliari Calcio
[4522686] Could not find attributes for menno koch (Sarpsborg 08 Fotballforening, 2024)
[4522686] Failed to build match row: Sarpsborg 08 Fotballforening vs Tromsø Idrettslag
[3950350] Could not find attributes for kieran morphew (Needham Market FC, 2022)
[3950350] Failed to build match row: Burton Albion vs Needham Market FC
[4472396] Could not find attributes for raul bernabeu (UB Conquense, 2024)
[4472396] Failed to build match row: UB Conquense vs UD Ibiza
[4148216] Could not find attributes for abdul rahman baba (Panthessalonikios Athlitikos Omilos Konstantinoupoliton, 2023)
[4272826] Could not find attributes for ilya pomazun (Ural Yekaterinburg, 2023)
[4148216] Failed to build match row: Panthessalonikios Athlitikos Omilos Konstantinoupoliton vs HNK Hajduk Split
[4272826] Failed to build match row: Ural Yekaterinburg vs FK Baltika
[4400790] Could not find attributes for giorgi makaridze (Iberia 1999 Tbilisi, 2024)
[4400790] Failed to build match row: Iberia 1999 Tbilisi vs FK Partizani

Keepers & outfield error for **Alaves** in Getafe Club de Fútbol S. A. D. Team Dubai vs Alaves: Numbers: 2 and 9.
[3451113] Failed to build match row: Getafe Club de Fútbol S. A. D. Team Dubai vs Alaves

Keepers & outfield error for **Hibernian Football Club** in Hibernian Football Club vs Heart of Midlothian Football Club: Numbers: 0 and 11.
[3603211] Failed to build match row: Hibernian Football Club vs Heart of Midlothian Football Club
[4715948] Could not find attributes for roi mishpati (Maccabi Tel Aviv, 2025)
[4715948] Failed to build match row: Aston Villa Football Club vs Maccabi Tel Aviv
[3484182] Could not find attributes for josh lillis (Barrow AFC, 2020)
[3484182] Failed to build match row: Barrow AFC vs AFC Wimbledon
[4582052] Could not find attributes for weverton (Sociedade Esportiva Palmeiras, 2024)
[4582052] Failed to build match row: Sociedade Esportiva Palmeiras vs São Paulo Futebol Clube
[4087924] Could not find attributes for vitinho (Burnley Football Club, 2023)
[4087924] Failed to build match row: Burnley Football Club vs Manchester City Football Club

Keepers & outfield error for **Sevilla Fútbol Club S.A.D.** in Rayo Vallecano de Madrid S. A. D. vs Sevilla Fútbol Club S.A.D.: Numbers: 2 and 9.
[3886555] Failed to build match row: Rayo Vallecano de Madrid S. A. D. vs Sevilla Fútbol Club S.A.D.
[4109559] Could not find attributes for marios vrousai (Rio Ave Futebol Clube, 2023)
[4109559] Failed to build match row: Rio Ave Futebol Clube vs Gil Vicente Futebol Clube
[4121035] Could not find attributes for mohamad sylla (Dundee Football Club, 2023)
[4121035] Failed to build match row: Dundee Football Club vs Rangers Football Club
[3589444] Could not find attributes for jemerson (Football Club de Metz, 2021)
[3589444] Failed to build match row: Football Club de Metz vs Racing Club de Lens

Keepers & outfield error for **Bayer 04 Leverkusen Fußball** in Sportverein Werder Bremen von 1899 vs Bayer 04 Leverkusen Fußball: Numbers: 2 and 9.
[3839419] Failed to build match row: Sportverein Werder Bremen von 1899 vs Bayer 04 Leverkusen Fußball
[4393175] Could not find attributes for riechedly bazoer (Konyaspor, 2024)
[4393175] Failed to build match row: Konyaspor vs Eyüp Spor Kulübü

Keepers & outfield error for **Granada CF** in Granada CF vs Celta: Numbers: 0 and 11.
[3451114] Failed to build match row: Granada CF vs Celta
[4582053] Could not find attributes for aderlan (Santos Futebol Clube, 2024)
[4582053] Failed to build match row: Santos Futebol Clube vs Ceará Sporting Club
[4802657] Could not find attributes for mohamed soumah (IK Sirius, 2025)
[4802657] Failed to build match row: IK Sirius vs Hammarby IF
[3614474] Could not find attributes for dmitriy gorbunov (Ilpar Ilyinsky, 2021)
[3902074] Failed to scrape lineup: https://www.transfermarkt.co.uk/fc-oleksandriya_metalist-kharkiv/index/spielbericht/3902074
[3614474] Failed to build match row: Ilpar Ilyinsky vs Zenit Izhevsk
[4272827] Could not find attributes for nikolay sysuev (FC Orenburg, 2023)
[4272827] Failed to build match row: FC Orenburg vs PFK Krylya Sovetov Samara
[4368528] Failed to scrape lineup: https://www.transfermarkt.co.uk/viborg-ff_fc-copenhagen/index/spielbericht/4368528
[4363946] Could not find attributes for djylian nguessan (AS Saint-Étienne, 2024)
[4363946] Failed to build match row: AS Saint-Étienne vs Angers Sporting Club de l'Ouest
[4436226] Could not find attributes for callum maycock (AFC Wimbledon, 2023)
[4436226] Failed to build match row: AFC Wimbledon vs Ipswich Town
[4625647] Failed to scrape lineup: https://www.transfermarkt.co.uk/spielbericht/index/spielbericht/4625647

Keepers & outfield error for **Galatasaray Spor Kulübü** in Futbol Club Barcelona vs Galatasaray Spor Kulübü: Numbers: 0 and 11.
[4522687] Could not find attributes for vegard solheim (FK Haugesund, 2024)
[4181748] Could not find attributes for sergey evtushenko (Dinamo Bryansk, 2023)
[4522687] Failed to build match row: FK Haugesund vs Sportsklubben Brann
[3757962] Failed to build match row: Futbol Club Barcelona vs Galatasaray Spor Kulübü
[3603212] Could not find attributes for stephane omeonga (Livingston Football Club, 2021)
[4148217] Could not find attributes for paulinho (Fodbold Club Midtjylland, 2023)
[4181748] Failed to build match row: Dinamo Bryansk vs Shinnik Yaroslavl
[3603212] Failed to build match row: Livingston Football Club vs St. Johnstone FC
[4095417] Could not find attributes for vini souza (Sheffield United, 2023)
[4148217] Failed to build match row: Fodbold Club Midtjylland vs Omonia Nicosia

Keepers & outfield error for **Club Atlético de Madrid S.A.D.** in Club Atlético de Madrid S.A.D. vs Athletic Club Bilbao: Numbers: 2 and 9.
[4095417] Failed to build match row: Sheffield United vs Burnley Football Club
[3886556] Failed to build match row: Club Atlético de Madrid S.A.D. vs Athletic Club Bilbao
[4098864] Failed to scrape lineup: https://www.transfermarkt.co.uk/cercle-brugge-_club-brugge-kv/index/spielbericht/4098864
[3902075] Could not find attributes for max walef (SC Dnipro-1, 2022)
[3902075] Failed to build match row: SC Dnipro-1 vs NK Veres Rivne
[4272828] Could not find attributes for mikhail kerzhakov (AO FK Zenit Sankt-Peterburg, 2023)
[4634164] Failed to scrape lineup: https://www.transfermarkt.co.uk/bayern-munich_sv-werder-bremen/index/spielbericht/4634164
[4272828] Failed to build match row: AO FK Zenit Sankt-Peterburg vs PFK CSKA Moskva
[4373958] Failed to scrape lineup: https://www.transfermarkt.co.uk/genoa-cfc_juventus-fc/index/spielbericht/4373958
[4621027] Failed to scrape lineup: https://www.transfermarkt.co.uk/cagliari-calcio_us-cremonese/index/spielbericht/4621027
[3427169] Failed to scrape lineup: https://www.transfermarkt.co.uk/alanyaspor_fenerbahce/index/spielbericht/3427169
[4522688] Could not find attributes for vegar hedenstad (Vålerengens Idrettsforening, 2024)
[4522688] Failed to build match row: KFUM-Kameratene Oslo vs Vålerengens Idrettsforening
[4400791] Failed to scrape lineup: https://www.transfermarkt.co.uk/spielbericht/index/spielbericht/4400791
[4148218] Could not find attributes for sergiy sydorchuk (Futbolniy Klub Dynamo Kyiv, 2023)
[4148218] Failed to build match row: Futbolniy Klub Dynamo Kyiv vs Aris Thessalonikis

Keepers & outfield error for **Al-Fateh Club** in Al-Fateh Club vs Neom Sports Club: Numbers: 0 and 11.
[4750212] Failed to build match row: Al-Fateh Club vs Neom Sports Club
[3950351] Failed to scrape lineup: https://www.transfermarkt.co.uk/spielbericht/index/spielbericht/3950351
[4472397] Could not find attributes for dominique mendy (UD Llanera, 2024)
[4850751] Failed to scrape lineup: https://www.transfermarkt.co.uk/minnesota-united-fc_austin-fc/index/spielbericht/4850751
[4472397] Failed to build match row: UD Llanera vs Cultural Leonesa
[4645762] Could not find attributes for jose gaya (Valencia Club de Fútbol S. A. D., 2025)
[3614475] Failed to scrape lineup: https://www.transfermarkt.co.uk/spielbericht/index/spielbericht/3614475
[4645762] Failed to build match row: Rayo Vallecano de Madrid S. A. D. vs Valencia Club de Fútbol S. A. D.
[3886557] Failed to scrape lineup: https://www.transfermarkt.co.uk/real-sociedad_celta-de-vigo/index/spielbericht/3886557

Keepers & outfield error for **Manchester City Football Club** in Tottenham Hotspur Football Club vs Manchester City Football Club: Numbers: 0 and 11.
[4095418] Failed to build match row: Tottenham Hotspur Football Club vs Manchester City Football Club

Keepers & outfield error for **Aberdeen Football Club** in Ross County FC vs Aberdeen Football Club: Numbers: 2 and 9.
[3603213] Failed to build match row: Ross County FC vs Aberdeen Football Club
[4373959] Could not find attributes for ante rebic (Unione Sportiva Lecce, 2024)
[4373959] Failed to build match row: Associazione Calcio Milan vs Unione Sportiva Lecce
[4649361] Could not find attributes for ignat terekhovskiy (Akron Togliatti, 2025)
[4649361] Failed to build match row: Akron Togliatti vs RFK Akhmat Grozny
[4181749] Could not find attributes for vadim guskov (SKVO Rostov-na-Donu, 2023)
[4272829] Could not find attributes for aleksandr maksimenko (FK Spartak Moskva, 2023)
[4522691] Could not find attributes for emil holten (Fredrikstad Fotballklubb, 2024)
[4582054] Could not find attributes for jemmes (Mirasol Futebol Clube, 2024)
[4181749] Failed to build match row: SKVO Rostov-na-Donu vs Neftekhimik Nizhnekamsk
[4098865] Could not find attributes for sergiy sydorchuk (Koninklijke Voetbal Club Westerlo, 2023)
[4582054] Failed to build match row: Mirasol Futebol Clube vs Sport Club Corinthians Paulista
[4272829] Failed to build match row: FK Spartak Moskva vs FK Krasnodar
[4098865] Failed to build match row: Koninklijke Voetbal Club Westerlo vs Royal Standard Club de Liège
[4363947] Failed to scrape lineup: https://www.transfermarkt.co.uk/aj-auxerre_olympique-marseille/index/spielbericht/4363947
[4436228] Could not find attributes for kornel szucs (Plymouth Argyle, 2023)
[4436228] Failed to build match row: Watford FC vs Plymouth Argyle

Keepers & outfield error for **Real Valladolid CF** in Real Valladolid CF vs SD Huesca: Numbers: 2 and 9.
[3451117] Failed to build match row: Real Valladolid CF vs SD Huesca
[3670046] Could not find attributes for ryan muir (Dalbeattie Star FC, 2021)
[3670046] Failed to build match row: Dalbeattie Star FC vs Rothes FC
[4802658] Could not find attributes for elis jager (Västerås Sportklubb FK, 2025)
[4802658] Failed to build match row: Västerås Sportklubb FK vs Idrottsföreningen Elfsborg

Keepers & outfield error for **Villarreal Club de Fútbol S.A.D.** in Real Sociedad de Fútbol S.A.D. vs Villarreal Club de Fútbol S.A.D.: Numbers: 0 and 11.
[4645763] Failed to build match row: Real Sociedad de Fútbol S.A.D. vs Villarreal Club de Fútbol S.A.D.

Keepers & outfield error for **UD Almería** in Girona Fútbol Club S. A. D. vs UD Almería: Numbers: 0 and 11.
[3886558] Failed to build match row: Girona Fútbol Club S. A. D. vs UD Almería

Keepers & outfield error for **Paris Saint-Germain Football Club** in Paris Saint-Germain Football Club vs FC Girondins Bordeaux: Numbers: 2 and 9.
[3589446] Failed to build match row: Paris Saint-Germain Football Club vs FC Girondins Bordeaux
[3603214] Could not find attributes for liam shaw (Motherwell Football Club, 2021)
[3603214] Failed to build match row: Saint Mirren Football Club vs Motherwell Football Club
[4393176] Failed to scrape lineup: https://www.transfermarkt.co.uk/kasimpasa_bodrum-fk/index/spielbericht/4393176
[4850752] Could not find attributes for antonio carlos (Houston Dynamo, 2025)
[4850752] Failed to build match row: Los Angeles Football Club vs Houston Dynamo
[3902076] Could not find attributes for dmytro matsapura (FC Zorya Lugansk, 2022)
[3902076] Failed to build match row: FC Zorya Lugansk vs Futbolniy Klub Dynamo Kyiv
[4109561] Could not find attributes for danny namaso (Futebol Clube do Porto, 2023)
[4109561] Failed to build match row: Futebol Clube do Porto vs Vitória Sport Clube
[3757965] Could not find attributes for strahinja erakovic (Fudbalski klub Crvena zvezda Beograd, 2021)
[3757965] Failed to build match row: Fudbalski klub Crvena zvezda Beograd vs Rangers Football Club
[4148219] Could not find attributes for stas pokatilov (FK Aktobe, 2023)
[4148219] Failed to build match row: FK Aktobe vs Sepsi OSK Sf. Gheorghe
[3614476] Could not find attributes for nodari kalichava (Irtysh Omsk, 2021)
[3614476] Failed to build match row: Irtysh Omsk vs Dinamo Barnaul

Keepers & outfield error for **Wolverhampton Wanderers Football Club** in Wolverhampton Wanderers Football Club vs Arsenal Football Club: Numbers: 0 and 11.
[4095419] Failed to build match row: Wolverhampton Wanderers Football Club vs Arsenal Football Club
[4522692] Could not find attributes for mustapha isah (Kristiansund Ballklubb, 2024)
[4272830] Could not find attributes for aleksandr soldatenkov (PFK Krylya Sovetov Samara, 2023)
[4522692] Failed to build match row: Sportsklubben Brann vs Kristiansund Ballklubb
[4272830] Failed to build match row: PFK Krylya Sovetov Samara vs RFK Akhmat Grozny
[4625648] Failed to scrape lineup: https://www.transfermarkt.co.uk/spielbericht/index/spielbericht/4625648

Keepers & outfield error for **Clube Atlético Mineiro** in Clube Atlético Mineiro vs Fluminense Football Club: Numbers: 0 and 11.
[4363948] Could not find attributes for yael mouanga (Montpellier HSC, 2024)
[4582055] Failed to build match row: Clube Atlético Mineiro vs Fluminense Football Club
[4363948] Failed to build match row: Olympique Gymnaste Club Nice Côte d'Azur vs Montpellier HSC

Keepers & outfield error for **Trabzonspor Kulübü** in Hatayspor vs Trabzonspor Kulübü: Numbers: 2 and 9.
[4393177] Failed to build match row: Hatayspor vs Trabzonspor Kulübü
[4181750] Could not find attributes for sergey samok (Rotor Volgograd, 2023)
[4181750] Failed to build match row: Rotor Volgograd vs Alania Vladikavkaz
24)
[4368529] Failed to build match row: Sønderjyske Fodbold vs Aalborg BK
[4621028] Could not find attributes for sergi roberto (Calcio Como, 2025)
[4621028] Failed to build match row: Calcio Como vs Football Club Internazionale Milano S.p.A.
[3451118] Could not find attributes for antonio barragan (Elche Club de Fútbol S.A.D., 2020)
[3451118] Failed to build match row: Valencia Club de Fútbol S. A. D. vs Elche Club de Fútbol S.A.D.

Keepers & outfield error for **Aberdeen Football Club** in Aberdeen Football Club vs Heart of Midlothian Football Club: Numbers: 2 and 9.
[3603215] Failed to build match row: Aberdeen Football Club vs Heart of Midlothian Football Club
[4625649] Failed to scrape lineup: https://www.transfermarkt.co.uk/spielbericht/index/spielbericht/4625649
[3484184] Could not find attributes for jamal fyfield (Boreham Wood FC, 2020)
[3484184] Failed to build match row: Boreham Wood FC vs Southend United
[4693298] Could not find attributes for joaquin mattalia (Unión Magdalena, 2025)
[4693298] Failed to build match row: Unión Magdalena vs Rionegro Águilas
[3427170] Failed to scrape lineup: https://www.transfermarkt.co.uk/fenerbahce_buyuksehir-belediye-erzurumspor/index/spielbericht/3427170
[4393178] Failed to scrape lineup: https://www.transfermarkt.co.uk/besiktas-jk_konyaspor/index/spielbericht/4393178
[4802659] Could not find attributes for erko tougjas (Halmstads BK, 2025)
[4802659] Failed to build match row: Halmstads BK vs Degerfors IF
[3902077] Could not find attributes for yuriy pankiv (FC Rukh Lviv, 2022)
[3902077] Failed to build match row: FC Rukh Lviv vs FC Shakhtar Donetsk
[3433459] Could not find attributes for eldor shomurodov (Genoa Cricket and Football Club, 2020)
[3433459] Failed to build match row: Parma Calcio 1913 vs Genoa Cricket and Football Club
[4400792] Could not find attributes for mihail cioban (FC Milsami Orhei, 2024)
[4400792] Failed to build match row: FC Milsami Orhei vs FC Astana
[4850753] Could not find attributes for morrison agyemang (Charlotte Football Club, 2025)
[4850753] Failed to build match row: Charlotte Football Club vs New York City Football Club

Keepers & outfield error for **Sporting Clube de Braga** in Sporting Clube de Braga vs Futebol Clube de Arouca: Numbers: 0 and 11.
[4693299] Could not find attributes for miguel ortega (Llaneros FC, 2025)
[4109562] Failed to build match row: Sporting Clube de Braga vs Futebol Clube de Arouca
[4693299] Failed to build match row: Llaneros FC vs Fortaleza CEIF
[4181751] Could not find attributes for aleksandr dyachkov (Biolog-Novokubansk Progress, 2023)
[4181751] Failed to build match row: Biolog-Novokubansk Progress vs Chernomorets Novorossijsk
[4472398] Could not find attributes for david iglesias (SD Ejea, 2024)
[4472398] Failed to build match row: SD Ejea vs Hércules CF
[4522693] Could not find attributes for jan de boer (Bryne FK, 2024)
[4522693] Failed to build match row: Bryne FK vs Sandefjord Fotball
[4582056] Could not find attributes for vinicinho (Red Bull Bragantino, 2024)
[4582056] Failed to build match row: Grêmio Foot-Ball Porto Alegrense vs Red Bull Bragantino
[3603216] Could not find attributes for liel abada (The Celtic Football Club, 2021)
[3603216] Failed to build match row: The Celtic Football Club vs Livingston Football Club
[4649362] Could not find attributes for vyacheslav litvinov (FK Sochi, 2025)
[4649362] Failed to build match row: FK Sochi vs FK Krasnodar
[4621029] Could not find attributes for daniele rugani (Associazione Calcio Fiorentina, 2025)
[4621029] Failed to build match row: Associazione Calcio Fiorentina vs Società Sportiva Lazio S.p.A.
[4393179] Could not find attributes for samba camara (Sivasspor, 2024)
[4393179] Failed to build match row: Sivasspor vs Hatayspor

Keepers & outfield error for **Real Sociedad de Fútbol S.A.D.** in Villarreal Club de Fútbol S.A.D. vs Real Sociedad de Fútbol S.A.D.: Numbers: 0 and 11.
[3451119] Failed to build match row: Villarreal Club de Fútbol S.A.D. vs Real Sociedad de Fútbol S.A.D.
[4109563] Failed to scrape lineup: https://www.transfermarkt.co.uk/sc-farense_boavista-fc/index/spielbericht/4109563

Keepers & outfield error for **Association Football Club Bournemouth** in Association Football Club Bournemouth vs Brighton and Hove Albion Football Club: Numbers: 2 and 9.
[4095420] Failed to build match row: Association Football Club Bournemouth vs Brighton and Hove Albion Football Club
[3670047] Could not find attributes for jamie newman (Preston Athletic FC, 2021)
[3670047] Failed to build match row: Preston Athletic FC vs Auchinleck Talbot FC
[4850754] Could not find attributes for dor turgeman (New England Revolution, 2025)
[4850754] Failed to build match row: New England Revolution vs Nashville SC

Keepers & outfield error for **Olympique Lyonnais** in Olympique Lyonnais vs Paris Saint-Germain Football Club: Numbers: 0 and 11.
[4363949] Failed to build match row: Olympique Lyonnais vs Paris Saint-Germain Football Club

Keepers & outfield error for **Olympique Lyonnais** in Olympique Lyonnais vs Futebol Clube do Porto: Numbers: 2 and 9.
[3757967] Failed to build match row: Olympique Lyonnais vs Futebol Clube do Porto
[3603217] Failed to scrape lineup: https://www.transfermarkt.co.uk/dundee-united-fc_st-johnstone-fc/index/spielbericht/3603217
[4272831] Could not find attributes for maksim rudakov (FK Sochi, 2023)
[4272831] Failed to build match row: FK Sochi vs FK Nizhny Novgorod

Keepers & outfield error for **Al-Taawoun Football Club** in Al-Taawoun Football Club vs Al-Ittihad Football Club: Numbers: 2 and 9.
[4750213] Failed to build match row: Al-Taawoun Football Club vs Al-Ittihad Football Club

Keepers & outfield error for **Levante Unión Deportiva S.A.D.** in Levante Unión Deportiva S.A.D. vs Athletic Club Bilbao: Numbers: 0 and 11.
[4645765] Failed to build match row: Levante Unión Deportiva S.A.D. vs Athletic Club Bilbao
[4715950] Failed to scrape lineup: https://www.transfermarkt.co.uk/spielbericht/index/spielbericht/4715950
[4098868] Failed to scrape lineup: https://www.transfermarkt.co.uk/royal-antwerp-fc_krc-genk/index/spielbericht/4098868
[3451128] Failed to scrape lineup: https://www.transfermarkt.co.uk/deportivo-alaves_real-valladolid-cf/index/spielbericht/3451128
[3902078] Could not find attributes for andriy klishchuk (FK Kryvbas Kryvyi Rig, 2022)
[3902078] Failed to build match row: FK Kryvbas Kryvyi Rig vs NK Veres Rivne
[3670048] Failed to scrape lineup: https://www.transfermarkt.co.uk/spielbericht/index/spielbericht/3670048
[4363950] Failed to scrape lineup: https://www.transfermarkt.co.uk/paris-saint-germain_losc-lille/index/spielbericht/4363950
[3757968] Failed to scrape lineup: https://www.transfermarkt.co.uk/spielbericht/index/spielbericht/3757968
[3839432] Could not find attributes for michael gregoritsch (Sport-Club Freiburg, 2022)
[3839432] Failed to build match row: 1. Fußball- und Sportverein Mainz 05 vs Sport-Club Freiburg
[3603218] Failed to scrape lineup: https://www.transfermarkt.co.uk/motherwell-fc_rangers-fc/index/spielbericht/3603218
[3589448] Could not find attributes for ike ugbo (ESTAC Troyes, 2021)
[3589448] Failed to build match row: ESTAC Troyes vs Football Club de Nantes
[4436229] Could not find attributes for maximilian kilman (West Ham United Football Club, 2023)
[4436229] Failed to build match row: West Ham United Football Club vs Association Football Club Bournemouth

Keepers & outfield error for **Eintracht Frankfurt Fußball AG** in Mönchengladbach vs Eintracht Frankfurt Fußball AG: Numbers: 0 and 11.
[4522694] Could not find attributes for einar boe fauskanger (FK Haugesund, 2024)
[4634167] Failed to build match row: Mönchengladbach vs Eintracht Frankfurt Fußball AG
[4522694] Failed to build match row: FK Haugesund vs Fotballklubben Bodø/Glimt
[3670049] Failed to scrape lineup: https://www.transfermarkt.co.uk/spielbericht/index/spielbericht/3670049
[4363951] Failed to scrape lineup: https://www.transfermarkt.co.uk/olympique-marseille_fc-nantes/index/spielbericht/4363951
[3757969] Failed to scrape lineup: https://www.transfermarkt.co.uk/spielbericht/index/spielbericht/3757969
[3589456] Could not find attributes for nabil bentaleb (Angers Sporting Club de l'Ouest, 2021)
[3589456] Failed to build match row: Angers Sporting Club de l'Ouest vs Stade brestois 29
[4634168] Failed to scrape lineup: https://www.transfermarkt.co.uk/vfl-wolfsburg_rb-leipzig/index/spielbericht/4634168
[4693300] Could not find attributes for washington aguerre (Independiente Medellín, 2025)
[4693300] Failed to build match row: Independiente Medellín vs Independiente Santa Fe
[4649363] Could not find attributes for stanislav agkatsev (FK Krasnodar, 2025)
[4649363] Failed to build match row: FK Krasnodar vs FK Nizhny Novgorod

Keepers & outfield error for **Futebol Clube de Famalicão** in GD Chaves vs Futebol Clube de Famalicão: Numbers: 0 and 11.
[3670050] Failed to scrape lineup: https://www.transfermarkt.co.uk/spielbericht/index/spielbericht/3670050
[4109564] Failed to build match row: GD Chaves vs Futebol Clube de Famalicão
[4625650] Could not find attributes for michele nardi (Tre Fiori FC, 2025)
[4625650] Failed to build match row: Tre Fiori FC vs FC Pyunik Yerevan
[3757970] Failed to scrape lineup: https://www.transfermarkt.co.uk/spielbericht/index/spielbericht/3757970
[4363952] Failed to scrape lineup: https://www.transfermarkt.co.uk/olympique-lyon_stade-brestois-29/index/spielbericht/4363952
[4368532] Could not find attributes for juho lahteenmaki (Fodbold Club Nordsjælland, 2024)
[4368532] Failed to build match row: Aalborg BK vs Fodbold Club Nordsjælland
[4634169] Failed to scrape lineup: https://www.transfermarkt.co.uk/1-fc-union-berlin_hamburger-sv/index/spielbericht/4634169
[4582057] Could not find attributes for lucas halter (Esporte Clube Vitória, 2024)
[4582057] Failed to build match row: Esporte Clube Vitória vs Club de Regatas Vasco da Gama
[4181752] Could not find attributes for vladimir sugrobov (SKA Khabarovsk, 2023)
[4181752] Failed to build match row: SKA Khabarovsk vs Sokol Saratov

Keepers & outfield error for **Association Football Club Bournemouth** in Association Football Club Bournemouth vs West Ham United Football Club: Numbers: 0 and 11.
[4693301] Failed to scrape lineup: https://www.transfermarkt.co.uk/asociacion-deportivo-pasto_alianza-fc/index/spielbericht/4693301
[4087926] Failed to build match row: Association Football Club Bournemouth vs West Ham United Football Club
[4472399] Failed to scrape lineup: https://www.transfermarkt.co.uk/spielbericht/index/spielbericht/4472399
[3757972] Failed to scrape lineup: https://www.transfermarkt.co.uk/spielbericht/index/spielbericht/3757972
[3614477] Could not find attributes for daniil lyasov (Spartak Tuymazy, 2021)
[3614477] Failed to build match row: Spartak Tuymazy vs Volga Uljanovsk
[3427171] Could not find attributes for tolga cigerci (İstanbul Başakşehir Futbol Kulübü, 2020)
[3427171] Failed to build match row: İstanbul Başakşehir Futbol Kulübü vs MKE Ankaragücü
[4272832] Could not find attributes for yuriy dyupin (FC Rubin Kazan, 2023)
[4272832] Failed to build match row: FC Rubin Kazan vs FK Rostov

Keepers & outfield error for **Oud-Heverlee Leuven** in Oud-Heverlee Leuven vs Koninklijke Voetbal Club Westerlo: Numbers: 0 and 11.
[4098869] Failed to build match row: Oud-Heverlee Leuven vs Koninklijke Voetbal Club Westerlo
[4522697] Could not find attributes for zinedin smajlovic (Sandefjord Fotball, 2024)
[4522697] Failed to build match row: Fotballklubben Bodø/Glimt vs Sandefjord Fotball
[4400793] Could not find attributes for nikolas panagiotou (Omonia Nicosia, 2024)

Keepers & outfield error for **Getafe Club de Fútbol S. A. D. Team Dubai** in Getafe Club de Fútbol S. A. D. Team Dubai vs Elche Club de Fútbol S.A.D.: Numbers: 2 and 9.
[4400793] Failed to build match row: Omonia Nicosia vs Torpedo Kutaisi
[4645767] Failed to build match row: Getafe Club de Fútbol S. A. D. Team Dubai vs Elche Club de Fútbol S.A.D.

Keepers & outfield error for **Associazione Calcio Milan** in Associazione Calcio Milan vs Udinese Calcio: Numbers: 2 and 9.
[4621031] Failed to build match row: Associazione Calcio Milan vs Udinese Calcio

Keepers & outfield error for **Al-Nassr Football Club** in Al-Nassr Football Club vs Al-Ahli Saudi Football Club: Numbers: 0 and 11.
82058
[4368533] Failed to scrape lineup: https://www.transfermarkt.co.uk/sonderjyske-fodbold_aarhus-gf/index/spielbericht/4368533
[4750214] Failed to build match row: Al-Nassr Football Club vs Al-Ahli Saudi Football Club
[4393181] Could not find attributes for oleksandr petrusenko (Antalyaspor, 2024)
[4393181] Failed to build match row: Antalyaspor vs Galatasaray Spor Kulübü
[4087927] Failed to scrape lineup: https://www.transfermarkt.co.uk/brighton-amp-hove-albion_luton-town/index/spielbericht/4087927
[4693302] Failed to scrape lineup: https://www.transfermarkt.co.uk/junior-fc_deportes-tolima/index/spielbericht/4693302
[4373962] Failed to scrape lineup: https://www.transfermarkt.co.uk/as-roma_venezia-fc/index/spielbericht/4373962
[4363953] Could not find attributes for andy delort (Montpellier HSC, 2024)
[4363953] Failed to build match row: Montpellier HSC vs Rennes
[4109565] Could not find attributes for zanocelo (Grupo Desportivo Estoril Praia, 2023)
[4109565] Failed to build match row: Grupo Desportivo Estoril Praia vs Sporting Clube de Portugal
[3614487] Failed to scrape lineup: https://www.transfermarkt.co.uk/spielbericht/index/spielbericht/3614487
[3427172] Failed to scrape lineup: https://www.transfermarkt.co.uk/gaziantep-fk_sivasspor/index/spielbericht/3427172
[4121036] Could not find attributes for tete yengi (Livingston Football Club, 2023)
[4121036] Failed to build match row: Hibernian Football Club vs Livingston Football Club
[4649364] Could not find attributes for sergey pesjakov (PFK Krylya Sovetov Samara, 2025)
[4649364] Failed to build match row: PFK Krylya Sovetov Samara vs FC Rubin Kazan
[3451130] Failed to scrape lineup: https://www.transfermarkt.co.uk/atletico-de-madrid_celta-de-vigo/index/spielbericht/3451130
[4802660] Could not find attributes for oliver jordan hagen (Hammarby IF, 2025)
[4802660] Failed to build match row: Hammarby IF vs Halmstads BK
[4634171] Failed to scrape lineup: https://www.transfermarkt.co.uk/1-fc-heidenheim-1846_fc-augsburg/index/spielbericht/4634171
[4368534] Failed to scrape lineup: https://www.transfermarkt.co.uk/randers-fc_fc-copenhagen/index/spielbericht/4368534
[4087928] Failed to scrape lineup: https://www.transfermarkt.co.uk/everton-fc_fulham-fc/index/spielbericht/4087928
82
[4373963] Failed to scrape lineup: https://www.transfermarkt.co.uk/torino-fc_ss-lazio/index/spielbericht/4373963
[3886561] Could not find attributes for theo bongonda (Cádiz CF, 2022)
[3886561] Failed to build match row: Cádiz CF vs Rayo Vallecano de Madrid S. A. D.
[4715952] Could not find attributes for yigit efe demir (Fenerbahçe Spor Kulübü, 2025)
[4715952] Failed to build match row: Fenerbahçe Spor Kulübü vs Ferencvárosi TC
[3950353] Could not find attributes for mark halstead (Torquay United, 2022)
[3950353] Failed to build match row: Torquay United vs Derby County
[3670051] Could not find attributes for luke scullion (Stranraer FC, 2021)
[3670051] Failed to build match row: Stranraer FC vs Darvel FC
[3589457] Could not find attributes for danylo ignatenko (FC Girondins Bordeaux, 2021)
[3589457] Failed to build match row: FC Girondins Bordeaux vs Montpellier HSC
[4181753] Could not find attributes for nikolay moskalenko (Forte Taganrog, 2023)
[4181753] Failed to build match row: Forte Taganrog vs Dinamo Makhachkala
[4634172] Failed to scrape lineup: https://www.transfermarkt.co.uk/1-fc-koln_vfb-stuttgart/index/spielbericht/4634172
[4400794] Could not find attributes for vincent decker (F91 Dudelange, 2024)

Keepers & outfield error for **Al-Shabab Club** in Al-Shabab Club vs Al-Fateh Club: Numbers: 0 and 11.
[4400794] Failed to build match row: F91 Dudelange vs BK Häcken
[4750215] Failed to build match row: Al-Shabab Club vs Al-Fateh Club
[3427173] Could not find attributes for semih kaya (Yeni Malatyaspor, 2020)
[3427173] Failed to build match row: Yeni Malatyaspor vs Kayserispor Kulübü
[4693303] Could not find attributes for dario denis (Boyacá Chicó FC, 2025)
[4693303] Failed to build match row: Boyacá Chicó FC vs Atlético Nacional
[4582059] Could not find attributes for joao silva (Sport Club do Recife, 2024)
[4368535] Failed to scrape lineup: https://www.transfermarkt.co.uk/fc-midtjylland_lyngby-boldklub/index/spielbericht/4368535
[4582059] Failed to build match row: Sport Club do Recife vs Cruzeiro Esporte Clube
[4098870] Could not find attributes for mark mampassi (KV Kortrijk, 2023)
[4098870] Failed to build match row: RWD Molenbeek vs KV Kortrijk
gelmann, 2025)
[4625651] Failed to build match row: St. Patrick's Athletic vs FC Hegelmann
[3758670] Failed to scrape lineup: https://www.transfermarkt.co.uk/spielbericht/index/spielbericht/3758670
[3614505] Could not find attributes for kevin bonifazi (Bologna Football Club 1909, 2021)
[4148221] Could not find attributes for ivan brkic (Neftchi Baku, 2023)
[3614505] Failed to build match row: Bologna Football Club 1909 vs US Salernitana 1919
[4148221] Failed to build match row: Neftchi Baku vs Beşiktaş Jimnastik Kulübü
[4645768] Could not find attributes for leander dendoncker (Real Oviedo S.A.D., 2025)
[4645768] Failed to build match row: Club Atlético de Madrid S.A.D. vs Real Oviedo S.A.D.
[3839433] Could not find attributes for dennis geiger (Turn- und Sportgemeinschaft 1899 Hoffenheim Fußball-Spielbetriebs, 2022)
[4121037] Could not find attributes for danny armstrong (Kilmarnock Football Club, 2023)
[4649365] Failed to build match row: PFK CSKA Moskva vs Dinamo Makhachkala
[3839433] Failed to build match row: Turn- und Sportgemeinschaft 1899 Hoffenheim Fußball-Spielbetriebs vs Hertha BSC
[4121037] Failed to build match row: Kilmarnock Football Club vs Saint Mirren Football Club
[4373965] Failed to scrape lineup: https://www.transfermarkt.co.uk/atalanta-bc_genoa-cfc/index/spielbericht/4373965
[4472400] Could not find attributes for eric ruiz (Salamanca CF UDS, 2024)
[4472400] Failed to build match row: Salamanca CF UDS vs AD Alcorcón
[4087929] Could not find attributes for wes foderingham (Sheffield United, 2023)
[4087929] Failed to build match row: Sheffield United vs Crystal Palace Football Club
[3553565] Could not find attributes for tosin kehinde (Randers Fodbold Club, 2020)
[3553565] Failed to build match row: Randers Fodbold Club vs Sønderjyske Fodbold
[4272833] Failed to scrape lineup: https://www.transfermarkt.co.uk/baltika-kaliningrad_dynamo-moscow/index/spielbericht/4272833
[4582060] Could not find attributes for bruno henrique (Clube de Regatas do Flamengo, 2024)
[4582060] Failed to build match row: Clube de Regatas do Flamengo vs Sport Club Internacional

Keepers & outfield error for **Trabzonspor Kulübü** in Trabzonspor Kulübü vs İstanbul Başakşehir Futbol Kulübü: Numbers: 2 and 9.
[4393184] Failed to build match row: Trabzonspor Kulübü vs İstanbul Başakşehir Futbol Kulübü
48222

Keepers & outfield error for **Espanol** in Espanol vs Real Club Deportivo Mallorca S.A.D.: Numbers: 0 and 11.
[3886562] Failed to build match row: Espanol vs Real Club Deportivo Mallorca S.A.D.
[4181754] Could not find attributes for dmitriy sychev (2DROTS Moskau, 2023)
[4181754] Failed to build match row: 2DROTS Moskau vs FC Khimki (-2025)
[4109566] Could not find attributes for taichi fukui (Portimonense SC, 2023)
[4109566] Failed to build match row: Portimonense SC vs Rio Ave Futebol Clube
[3427174] Could not find attributes for abdulkadir sunger (Denizlispor, 2020)
[3427174] Failed to build match row: Denizlispor vs Çaykur Rizespor Kulübü
[3950355] Failed to scrape lineup: https://www.transfermarkt.co.uk/spielbericht/index/spielbericht/3950355
[4393185] Failed to scrape lineup: https://www.transfermarkt.co.uk/eyupspor_goztepe/index/spielbericht/4393185
[3451131] Could not find attributes for jaume costa (Villarreal Club de Fútbol S.A.D., 2020)
[3451131] Failed to build match row: Elche Club de Fútbol S.A.D. vs Villarreal Club de Fútbol S.A.D.
[4109567] Failed to scrape lineup: https://www.transfermarkt.co.uk/gil-vicente-fc_sc-farense/index/spielbericht/4109567
[3886563] Failed to scrape lineup: https://www.transfermarkt.co.uk/ud-almeria_fc-barcelona/index/spielbericht/3886563
[4634173] Could not find attributes for rani khedira (1. Fußballclub Union Berlin, 2025)
[4634173] Failed to build match row: Bayer 04 Leverkusen Fußball vs 1. Fußballclub Union Berlin
[4802661] Could not find attributes for blessing asumang (Göteborgs Atlet- och Idrottssällskap, 2025)
[4802661] Failed to build match row: Göteborgs Atlet- och Idrottssällskap vs Mjällby Almänna Idrottsförening
[4750216] Could not find attributes for guga (Al-Kholood Club, 2025)
mirren-fc_dundee-fc/index/spielbericht/3603220
[4750216] Failed to build match row: Al-Kholood Club vs Al-Fayha FC

Keepers & outfield error for **Aston Villa Football Club** in Newcastle United Football Club vs Aston Villa Football Club: Numbers: 0 and 11.
[4087930] Failed to build match row: Newcastle United Football Club vs Aston Villa Football Club
[4393186] Failed to scrape lineup: https://www.transfermarkt.co.uk/bodrum-fk_caykur-rizespor/index/spielbericht/4393186
[4109568] Failed to scrape lineup: https://www.transfermarkt.co.uk/casa-pia-ac_moreirense-fc/index/spielbericht/4109568
[4625652] Could not find attributes for leon ujkaj (FK Decic Tuzi, 2025)
[4625652] Failed to build match row: FK Decic Tuzi vs Sileks Kratovo
[4634174] Failed to scrape lineup: https://www.transfermarkt.co.uk/eintracht-frankfurt_bayern-munich/index/spielbericht/4634174
[4400795] Could not find attributes for ilir avdyli (KF Llapi, 2024)
[4400795] Failed to build match row: Brøndby Idrætsforening vs KF Llapi
[4621034] Failed to scrape lineup: https://www.transfermarkt.co.uk/torino-fc_hellas-verona/index/spielbericht/4621034
[4750217] Failed to scrape lineup: https://www.transfermarkt.co.uk/al-hilal-sfc_damac-fc/index/spielbericht/4750217
[4098872] Failed to scrape lineup: https://www.transfermarkt.co.uk/union-saint-gilloise_club-brugge-kv/index/spielbericht/4098872
[3603221] Failed to scrape lineup: https://www.transfermarkt.co.uk/celtic-fc_motherwell-fc/index/spielbericht/3603221

Keepers & outfield error for **Olympique Gymnaste Club Nice Côte d'Azur** in Fenerbahçe Spor Kulübü vs Olympique Gymnaste Club Nice Côte d'Azur: Numbers: 2 and 9.
[4715953] Failed to build match row: Fenerbahçe Spor Kulübü vs Olympique Gymnaste Club Nice Côte d'Azur
[3484185] Failed to scrape lineup: https://www.transfermarkt.co.uk/spielbericht/index/spielbericht/3484185
[4368537] Failed to scrape lineup: https://www.transfermarkt.co.uk/lyngby-boldklub_sonderjyske-fodbold/index/spielbericht/4368537

Keepers & outfield error for **Club Atlético de Madrid S.A.D.** in Real Madrid Club de Fútbol vs Club Atlético de Madrid S.A.D.: Numbers: 2 and 9.

Keepers & outfield error for **Motherwell Football Club** in Motherwell Football Club vs Aberdeen Football Club: Numbers: 0 and 11.
[4121038] Failed to build match row: Motherwell Football Club vs Aberdeen Football Club
[3886564] Failed to build match row: Real Madrid Club de Fútbol vs Club Atlético de Madrid S.A.D.
[4649366] Could not find attributes for kurban rasulov (FK Dinamo Moskva, 2025)
[4649366] Failed to build match row: FK Dinamo Moskva vs AO FK Zenit Sankt-Peterburg
[4148223] Could not find attributes for niko galesic (Hrvatski Nogometni Klub Rijeka, 2023)
[4148223] Failed to build match row: Hrvatski Nogometni Klub Rijeka vs B36 Tórshavn
[4181755] Could not find attributes for daniil vaulin (Luki-Energia Velikie Luki, 2023)
[4181755] Failed to build match row: Luki-Energia Velikie Luki vs Enisey Krasnoyarsk
[3484186] Failed to scrape lineup: https://www.transfermarkt.co.uk/spielbericht/index/spielbericht/3484186
[4715954] Failed to scrape lineup: https://www.transfermarkt.co.uk/spielbericht/index/spielbericht/4715954
[4098873] Failed to scrape lineup: https://www.transfermarkt.co.uk/sint-truidense-vv_kas-eupen/index/spielbericht/4098873
[4272834] Could not find attributes for aleksandr belenov (Fakel Voronezh, 2023)
[4363955] Could not find attributes for adrien thomasson (Racing Club de Lens, 2024)
[4272834] Failed to build match row: Fakel Voronezh vs Ural Yekaterinburg
[4363955] Failed to build match row: Racing Club de Lens vs Le Havre Athletic Club
[4368538] Failed to scrape lineup: https://www.transfermarkt.co.uk/silkeborg-if_aarhus-gf/index/spielbericht/4368538
[3553767] Failed to scrape lineup: https://www.transfermarkt.co.uk/spielbericht/index/spielbericht/3553767

Keepers & outfield error for **SD Huesca** in SD Huesca vs Real Madrid Club de Fútbol: Numbers: 0 and 11.
[3451132] Failed to build match row: SD Huesca vs Real Madrid Club de Fútbol
[4393187] Could not find attributes for malcom bokele (Göztepe Sportif Yatırımlar A.Ş., 2024)
[4393187] Failed to build match row: Göztepe Sportif Yatırımlar A.Ş. vs Trabzonspor Kulübü
[3886565] Could not find attributes for abner (Real Betis Balompié S.A.D., 2022)
[3886565] Failed to build match row: Elche Club de Fútbol S.A.D. vs Real Betis Balompié S.A.D.
[4750218] Could not find attributes for mateo borrell (Al-Okhdood Club, 2025)
[3758671] Could not find attributes for jonathan howson (Middlesbrough FC, 2021)
[4750218] Failed to build match row: Al-Okhdood Club vs Al-Ettifaq Football Club
[3758671] Failed to build match row: Middlesbrough FC vs Tottenham Hotspur Football Club
[4625653] Could not find attributes for vladan giljen (FK Sutjeska Niksic, 2025)
[4625653] Failed to build match row: FK Sutjeska Niksic vs Dynamo Brest
[3950356] Could not find attributes for jayson leutwiler (Oldham Athletic, 2022)
[3950356] Failed to build match row: Wrexham AFC vs Oldham Athletic
[4850755] Failed to scrape lineup: https://www.transfermarkt.co.uk/cf-montreal_portland-timbers/index/spielbericht/4850755
[3839435] Failed to scrape lineup: https://www.transfermarkt.co.uk/vfl-bochum_rb-leipzig/index/spielbericht/3839435
[4363956] Failed to scrape lineup: https://www.transfermarkt.co.uk/aj-auxerre_rc-strasbourg-alsace/index/spielbericht/4363956
[4148224] Could not find attributes for yevgeniy kucherenko (FC Dila Gori, 2023)
[4181756] Failed to scrape lineup: https://www.transfermarkt.co.uk/spielbericht/index/spielbericht/4181756
[3589460] Failed to scrape lineup: https://www.transfermarkt.co.uk/olympique-marseille_ogc-nice/index/spielbericht/3589460
[4098874] Failed to scrape lineup: https://www.transfermarkt.co.uk/r-charleroi-sc_kaa-gent/index/spielbericht/4098874
[4148224] Failed to build match row: APOEL Nicosia vs FC Dila Gori
ejle-boldklub_fc-midtjylland/index/spielbericht/4368539
[3427175] Failed to scrape lineup: https://www.transfermarkt.co.uk/besiktas-jk_hatayspor/index/spielbericht/3427175
[3553930] Failed to scrape lineup: https://www.transfermarkt.co.uk/spielbericht/index/spielbericht/3553930
[4272835] Failed to scrape lineup: https://www.transfermarkt.co.uk/fc-orenburg_lokomotiv-moscow/index/spielbericht/4272835

Keepers & outfield error for **Espanol** in Celta vs Espanol: Numbers: 2 and 9.
[4645769] Failed to build match row: Celta vs Espanol
[3451133] Failed to scrape lineup: https://www.transfermarkt.co.uk/levante-ud_granada-cf/index/spielbericht/3451133
[4715955] Could not find attributes for joao moutinho (Sporting Clube de Braga, 2025)
[4715955] Failed to build match row: Sporting Clube de Braga vs Feyenoord Rotterdam
[4121040] Could not find attributes for liam scales (The Celtic Football Club, 2023)
[4121040] Failed to build match row: Hibernian Football Club vs The Celtic Football Club
[4750219] Could not find attributes for nacho fernandez (Al-Qadsiah Saudi Football Club, 2025)
[4750219] Failed to build match row: Al-Riyadh Saudi Club vs Al-Qadsiah Saudi Football Club
[4393188] Could not find attributes for christopher lungoyi (Gaziantep Futbol Kulübü A.Ş., 2024)
[4393188] Failed to build match row: Gaziantep Futbol Kulübü A.Ş. vs Konyaspor
[4522699] Could not find attributes for axel kryger (Bryne FK, 2024)
[4522699] Failed to build match row: Bryne FK vs Vålerengens Idrettsforening

Keepers & outfield error for **FC Vizela** in FC Vizela vs Club Football Estrela da Amadora: Numbers: 2 and 9.
[4109569] Failed to build match row: FC Vizela vs Club Football Estrela da Amadora
[3603222] Could not find attributes for stephane omeonga (Livingston Football Club, 2021)
[3603222] Failed to build match row: Dundee United Football Club vs Livingston Football Club
[4472401] Could not find attributes for aimar martiarena (CD Tudelano, 2024)
[4472401] Failed to build match row: CD Tudelano vs Deportiva Minera
[3839436] Failed to scrape lineup: https://www.transfermarkt.co.uk/fc-augsburg_fc-schalke-04/index/spielbericht/3839436
[3433465] Failed to scrape lineup: https://www.transfermarkt.co.uk/ssc-napoli_fc-crotone/index/spielbericht/3433465
[4368540] Failed to scrape lineup: https://www.transfermarkt.co.uk/viborg-ff_randers-fc/index/spielbericht/4368540
[4363957] Failed to scrape lineup: https://www.transfermarkt.co.uk/as-monaco_stade-reims/index/spielbericht/4363957
[3902079] Failed to scrape lineup: https://www.transfermarkt.co.uk/ingulets-petrove_fc-minaj/index/spielbericht/3902079
[4436230] Failed to scrape lineup: https://www.transfermarkt.co.uk/spielbericht/index/spielbericht/4436230

Keepers & outfield error for **Getafe Club de Fútbol S. A. D. Team Dubai** in Villarreal Club de Fútbol S.A.D. vs Getafe Club de Fútbol S. A. D. Team Dubai: Numbers: 2 and 9.
[3886566] Failed to build match row: Villarreal Club de Fútbol S.A.D. vs Getafe Club de Fútbol S. A. D. Team Dubai
[4087933] Failed to scrape lineup: https://www.transfermarkt.co.uk/manchester-united_wolverhampton-wanderers/index/spielbericht/4087933
[4715956] Failed to scrape lineup: https://www.transfermarkt.co.uk/spielbericht/index/spielbericht/4715956
[4121041] Failed to scrape lineup: https://www.transfermarkt.co.uk/kilmarnock-fc_livingston-fc/index/spielbericht/4121041
[4181757] Failed to scrape lineup: https://www.transfermarkt.co.uk/spielbericht/index/spielbericht/4181757
[3589461] Failed to scrape lineup: https://www.transfermarkt.co.uk/as-monaco_paris-saint-germain/index/spielbericht/3589461
[3484187] Could not find attributes for adam may (Cambridge United, 2020)
[4649367] Could not find attributes for anton mitryushkin (Футбольный клуб "Локомотив" Москва, 2025)
[3484187] Failed to build match row: Cambridge United vs Shrewsbury Town
[4649367] Failed to build match row: Футбольный клуб "Локомотив" Москва vs Akron Togliatti
[4750220] Could not find attributes for loreintz rosier (Al-Hazem Sport Club, 2025)
[4148225] Failed to scrape lineup: https://www.transfermarkt.co.uk/spielbericht/index/spielbericht/4148225
[4750220] Failed to build match row: Neom Sports Club vs Al-Hazem Sport Club
[3603223] Failed to scrape lineup: https://www.transfermarkt.co.uk/heart-of-midlothian-fc_rangers-fc/index/spielbericht/3603223
[3902080] Failed to scrape lineup: https://www.transfermarkt.co.uk/kolos-kovalivka_metalist-kharkiv/index/spielbericht/3902080
[4363958] Failed to scrape lineup: https://www.transfermarkt.co.uk/angers-sco_fc-toulouse/index/spielbericht/4363958
[3886567] Failed to scrape lineup: https://www.transfermarkt.co.uk/sevilla-fc_ca-osasuna/index/spielbericht/3886567
[4802662] Could not find attributes for hampus gustafsson (Örgryte IS, 2025)
[4802662] Failed to build match row: Örgryte IS vs Idrottsföreningen  Brommapojkarna
[4715957] Failed to scrape lineup: https://www.transfermarkt.co.uk/spielbericht/index/spielbericht/4715957
[4087934] Failed to scrape lineup: https://www.transfermarkt.co.uk/aston-villa_everton-fc/index/spielbericht/4087934
[4121042] Could not find attributes for georgie gent (Motherwell Football Club, 2023)
[4121042] Failed to build match row: Motherwell Football Club vs Ross County FC
[3484188] Failed to scrape lineup: https://www.transfermarkt.co.uk/spielbericht/index/spielbericht/3484188
[3589462] Failed to scrape lineup: https://www.transfermarkt.co.uk/fc-nantes_losc-lille/index/spielbericht/3589462
[4649368] Could not find attributes for vadim ulyanov (RFK Akhmat Grozny, 2025)
[4649368] Failed to build match row: RFK Akhmat Grozny vs FK Rostov
[3553943] Could not find attributes for guy melamed (St. Johnstone FC, 2020)
[3553943] Failed to build match row: Rangers Football Club vs St. Johnstone FC
[3902081] Failed to scrape lineup: https://www.transfermarkt.co.uk/sc-dnipro-1_metalist-1925-kharkiv/index/spielbericht/3902081
[4582061] Could not find attributes for paulinho paula (Club de Regatas Vasco da Gama, 2024)
[4582061] Failed to build match row: Club de Regatas Vasco da Gama vs Santos Futebol Clube
[4148226] Could not find attributes for petar bosancic (Riga FC, 2023)
[4148226] Failed to build match row: Riga FC vs Football Club Twente
[4368542] Failed to scrape lineup: https://www.transfermarkt.co.uk/aarhus-gf_lyngby-boldklub/index/spielbericht/4368542
[3451134] Could not find attributes for ante budimir (Club Atlético Osasuna, 2020)
[3451134] Failed to build match row: Club Atlético Osasuna vs SD Eibar
[4121043] Failed to scrape lineup: https://www.transfermarkt.co.uk/rangers-fc_aberdeen-fc/index/spielbericht/4121043
[4181758] Could not find attributes for daniil stratan (Znamya Truda Orekhovo-Zuevo, 2023)
[4181758] Failed to build match row: Znamya Truda Orekhovo-Zuevo vs Volgar Astrakhan
[3554787] Failed to scrape lineup: https://www.transfermarkt.co.uk/spielbericht/index/spielbericht/3554787
[4625654] Could not find attributes for rohan ferguson (Larne FC, 2025)
[4625654] Failed to build match row: Larne FC vs FK Auda
[4621037] Failed to scrape lineup: https://www.transfermarkt.co.uk/juventus-fc_bologna-fc-1909/index/spielbericht/4621037
[3902082] Failed to scrape lineup: https://www.transfermarkt.co.uk/rukh-lviv_zorya-lugansk/index/spielbericht/3902082
[4400796] Could not find attributes for owen spiteri (Floriana FC, 2024)
[4400796] Failed to build match row: Floriana FC vs Vitória Sport Clube
[3433466] Could not find attributes for gianluca scamacca (Genoa Cricket and Football Club, 2020)
[3433466] Failed to build match row: Genoa Cricket and Football Club vs Associazione Calcio Fiorentina
[4522700] Could not find attributes for emil holten (Fredrikstad Fotballklubb, 2024)
[4522700] Failed to build match row: Fredrikstad Fotballklubb vs Molde Fotballklubb
[4363960] Failed to scrape lineup: https://www.transfermarkt.co.uk/stade-reims_aj-auxerre/index/spielbericht/4363960
[4582062] Failed to scrape lineup: https://www.transfermarkt.co.uk/sociedade-esportiva-palmeiras_botafogo-de-futebol-e-regatas/index/spielbericht/4582062
[3451135] Failed to scrape lineup: https://www.transfermarkt.co.uk/real-betis-balompie_fc-barcelona/index/spielbericht/3451135
[4121044] Could not find attributes for franciszek franczak (St. Johnstone FC, 2023)
[4121044] Failed to build match row: St. Johnstone FC vs Heart of Midlothian Football Club
[4850756] Could not find attributes for micael (Club Internacional de Fútbol Miami, 2025)
[4850756] Failed to build match row: Football Club Cincinnati vs Club Internacional de Fútbol Miami
[4181759] Could not find attributes for aleksandr grigorjev (Tekstilshchik Ivanovo, 2023)
[4181759] Failed to build match row: Tekstilshchik Ivanovo vs Rodina Moscow
[3484189] Could not find attributes for ellis chapman (Cheltenham Town, 2020)
[3555538] Failed to scrape lineup: https://www.transfermarkt.co.uk/spielbericht/index/spielbericht/3555538
[3484189] Failed to build match row: Cheltenham Town vs South Shields FC
[4098875] Failed to scrape lineup: https://www.transfermarkt.co.uk/rsc-anderlecht_rwd-molenbeek/index/spielbericht/4098875
[3902083] Failed to scrape lineup: https://www.transfermarkt.co.uk/dynamo-kyiv_pfc-lviv/index/spielbericht/3902083
[4400798] Failed to scrape lineup: https://www.transfermarkt.co.uk/spielbericht/index/spielbericht/4400798
[3433467] Failed to scrape lineup: https://www.transfermarkt.co.uk/bologna-fc-1909_inter-milan/index/spielbericht/3433467
[4522702] Failed to scrape lineup: https://www.transfermarkt.co.uk/kristiansund-bk_sarpsborg-08-ff/index/spielbericht/4522702
[4363961] Failed to scrape lineup: https://www.transfermarkt.co.uk/fc-nantes_rc-strasbourg-alsace/index/spielbericht/4363961
[4625655] Could not find attributes for dunstan vella (Floriana FC, 2025)
[4625655] Failed to build match row: Floriana FC vs Haverfordwest County
[4368543] Could not find attributes for julius lorents (Silkeborg Idrætsforening, 2024)
[4368543] Failed to build match row: Football Club København vs Silkeborg Idrætsforening
[4582063] Failed to scrape lineup: https://www.transfermarkt.co.uk/sao-paulo-futebol-clube_sport-club-do-recife/index/spielbericht/4582063

Keepers & outfield error for **Real Sociedad de Fútbol S.A.D.** in Real Sociedad de Fútbol S.A.D. vs Cádiz CF: Numbers: 0 and 11.
[3451136] Failed to build match row: Real Sociedad de Fútbol S.A.D. vs Cádiz CF
[4850757] Failed to scrape lineup: https://www.transfermarkt.co.uk/orlando-city-sc_philadelphia-union/index/spielbericht/4850757
[3427176] Could not find attributes for mattias johansson (Gençlerbirliği Spor Kulübü, 2020)
[3427176] Failed to build match row: Gençlerbirliği Spor Kulübü vs Galatasaray Spor Kulübü
[3555566] Failed to scrape lineup: https://www.transfermarkt.co.uk/spielbericht/index/spielbericht/3555566

Keepers & outfield error for **Association Football Club Bournemouth** in Liverpool Football Club vs Association Football Club Bournemouth: Numbers: 0 and 11.
[4087937] Failed to build match row: Liverpool Football Club vs Association Football Club Bournemouth
[4098876] Failed to scrape lineup: https://www.transfermarkt.co.uk/standard-liege_krc-genk/index/spielbericht/4098876
[4400799] Failed to scrape lineup: https://www.transfermarkt.co.uk/spielbericht/index/spielbericht/4400799
[4621039] Failed to scrape lineup: https://www.transfermarkt.co.uk/ssc-napoli_ss-lazio/index/spielbericht/4621039
[3902084] Could not find attributes for dmitriy nepogodov (Chornomorets Odesa, 2022)
fc/index/spielbericht/3433468
[3902084] Failed to build match row: FC Shakhtar Donetsk vs Chornomorets Odesa
[4363962] Could not find attributes for rafik messali (Toulouse Football Club, 2024)
[4363962] Failed to build match row: Toulouse Football Club vs Association sportive de Monaco Football Club
[4582064] Failed to scrape lineup: https://www.transfermarkt.co.uk/red-bull-bragantino_ceara-sporting-club/index/spielbericht/4582064
[4625656] Could not find attributes for igor malashchitskiy (Torpedo-BelAZ Zhodino, 2025)
[4625656] Failed to build match row: Torpedo-BelAZ Zhodino vs Rabotnicki Skopje
[4126774] Failed to scrape lineup: https://www.transfermarkt.co.uk/kayserispor_galatasaray/index/spielbericht/4126774
[4850758] Failed to scrape lineup: https://www.transfermarkt.co.uk/red-bull-new-york_columbus-crew/index/spielbericht/4850758
[4109570] Could not find attributes for robson bambu (Futebol Clube de Arouca, 2023)
[4109570] Failed to build match row: Sport Lisboa e Benfica vs Futebol Clube de Arouca
[4087938] Failed to scrape lineup: https://www.transfermarkt.co.uk/luton-town_burnley-fc/index/spielbericht/4087938
[4715958] Could not find attributes for joao moutinho (Sporting Clube de Braga, 2025)
[4715958] Failed to build match row: Sporting Clube de Braga vs Koninklijke Racing Club Genk
[3427177] Could not find attributes for amar rahmanovic (Konyaspor, 2020)
[4098877] Could not find attributes for omri gandelman (Koninklijke Atletiek Associatie Gent, 2023)

Keepers & outfield error for **Saint Mirren Football Club** in Saint Mirren Football Club vs St. Johnstone FC: Numbers: 2 and 9.
[3427177] Failed to build match row: Konyaspor vs Fatih Karagümrük Sportif Faaliyetler San. Tic. A.Ş.
[4098877] Failed to build match row: Koninklijke Atletiek Associatie Gent vs Royale Union Saint-Gilloise
[3557674] Failed to build match row: Saint Mirren Football Club vs St. Johnstone FC
[4645770] Could not find attributes for grady diangana (Elche Club de Fútbol S.A.D., 2025)
[4272836] Could not find attributes for aleksandr maksimenko (FK Spartak Moskva, 2023)
[4400800] Failed to scrape lineup: https://www.transfermarkt.co.uk/spielbericht/index/spielbericht/4400800
[4645770] Failed to build match row: Elche Club de Fútbol S.A.D. vs Girona Fútbol Club S. A. D.
[4272836] Failed to build match row: FK Spartak Moskva vs FC Rubin Kazan
[4363963] Failed to scrape lineup: https://www.transfermarkt.co.uk/ogc-nice_olympique-lyon/index/spielbericht/4363963
[4522703] Could not find attributes for aslak witry (Rosenborg Ballklub, 2024)
[4522703] Failed to build match row: Rosenborg Ballklub vs Hamarkameratene

Keepers & outfield error for **Club Atlético de Madrid S.A.D.** in Club Atlético de Madrid S.A.D. vs Sevilla Fútbol Club S.A.D.: Numbers: 2 and 9.
[3886569] Failed to build match row: Club Atlético de Madrid S.A.D. vs Sevilla Fútbol Club S.A.D.
[3902085] Could not find attributes for gjoko zajkov (Vorskla Poltava, 2022)
[3902085] Failed to build match row: Vorskla Poltava vs FC Oleksandriya
[3451146] Could not find attributes for ilaix moriba (Futbol Club Barcelona, 2020)
[3451146] Failed to build match row: Futbol Club Barcelona vs Alaves
[4802663] Could not find attributes for theodor lundbergh (Malmö Fotbollförening, 2025)
[4802663] Failed to build match row: Malmö Fotbollförening vs IK Sirius
[4436231] Could not find attributes for cameron bragg (Crawley Town, 2023)
[4436231] Failed to build match row: Brighton and Hove Albion Football Club vs Crawley Town

Keepers & outfield error for **Manchester City Football Club** in Manchester City Football Club vs Newcastle United Football Club: Numbers: 0 and 11.
[4087939] Failed to build match row: Manchester City Football Club vs Newcastle United Football Club
[4750221] Failed to scrape lineup: https://www.transfermarkt.co.uk/al-khaleej-fc_al-najma-sc/index/spielbericht/4750221
[4363964] Could not find attributes for haris belkebla (Angers Sporting Club de l'Ouest, 2024)
[4363964] Failed to build match row: Stade brestois 29 vs Angers Sporting Club de l'Ouest
[4645771] Failed to scrape lineup: https://www.transfermarkt.co.uk/rcd-espanyol-barcelona_rayo-vallecano/index/spielbericht/4645771
[3433470] Failed to scrape lineup: https://www.transfermarkt.co.uk/us-sassuolo_as-roma/index/spielbericht/3433470
[3427178] Failed to scrape lineup: https://www.transfermarkt.co.uk/antalyaspor_goztepe/index/spielbericht/3427178
[4625657] Could not find attributes for sergio funez (FC Bruno's Magpies, 2025)
[4625657] Failed to build match row: FC Bruno's Magpies vs Paide Linnameeskond
[4621041] Failed to scrape lineup: https://www.transfermarkt.co.uk/as-roma_atalanta-bc/index/spielbericht/4621041
[4272837] Could not find attributes for nikita medvedev (FK Rostov, 2023)
[4272837] Failed to build match row: FK Rostov vs FK Baltika
[4436232] Failed to scrape lineup: https://www.transfermarkt.co.uk/spielbericht/index/spielbericht/4436232
[4126776] Failed to scrape lineup: https://www.transfermarkt.co.uk/kasimpasa_mke-ankaragucu/index/spielbericht/4126776
[3614509] Could not find attributes for yayah kallon (Genoa Cricket and Football Club, 2021)
[4715959] Could not find attributes for milos veljkovic (Fudbalski klub Crvena zvezda Beograd, 2025)
[4098879] Failed to scrape lineup: https://www.transfermarkt.co.uk/kv-kortrijk_kv-mechelen/index/spielbericht/4098879
[3614509] Failed to build match row: Football Club Internazionale Milano S.p.A. vs Genoa Cricket and Football Club
[4715959] Failed to build match row: Fudbalski klub Crvena zvezda Beograd vs Lille Olympique Sporting Club

Keepers & outfield error for **Fodbold Club Midtjylland** in Fodbold Club Midtjylland vs Brøndby Idrætsforening: Numbers: 2 and 9.
[4400801] Could not find attributes for luka lijeskic (FK Radnički 1923 Kragujevac, 2024)
[4368546] Failed to build match row: Fodbold Club Midtjylland vs Brøndby Idrætsforening
[4400801] Failed to build match row: FK Radnički 1923 Kragujevac vs FK Mornar Bar

Keepers & outfield error for **Aberdeen Football Club** in St. Johnstone FC vs Aberdeen Football Club: Numbers: 2 and 9.

Keepers & outfield error for **Vitória Sport Clube** in Vitória Sport Clube vs Sporting Clube de Braga: Numbers: 0 and 11.
[4582065] Could not find attributes for walace (Cruzeiro Esporte Clube, 2024)
[4522704] Could not find attributes for alie conteh (Strømsgodset IF, 2024)
[4087940] Could not find attributes for wes foderingham (Sheffield United, 2023)
[4582065] Failed to build match row: Cruzeiro Esporte Clube vs Mirasol Futebol Clube
[3603225] Failed to build match row: St. Johnstone FC vs Aberdeen Football Club
[4109571] Failed to build match row: Vitória Sport Clube vs Sporting Clube de Braga
[4522704] Failed to build match row: Strømsgodset IF vs Tromsø Idrettslag
[4087940] Failed to build match row: Nottingham Forest Football Club vs Sheffield United
[4272838] Could not find attributes for igor leshchuk (FK Dinamo Moskva, 2023)
[3902086] Could not find attributes for bogdan kogut (NK Veres Rivne, 2022)
[4272838] Failed to build match row: FK Dinamo Moskva vs PFK Krylya Sovetov Samara
[3560009] Failed to scrape lineup: https://www.transfermarkt.co.uk/spielbericht/index/spielbericht/3560009

Keepers & outfield error for **Galatasaray Spor Kulübü** in Galatasaray Spor Kulübü vs Beşiktaş Jimnastik Kulübü: Numbers: 2 and 9.
[4621042] Could not find attributes for alvaro morata (Calcio Como, 2025)

Keepers & outfield error for **Associazione Calcio Fiorentina** in Associazione Calcio Fiorentina vs Associazione Calcio Milan: Numbers: 0 and 11.
[4393189] Failed to build match row: Galatasaray Spor Kulübü vs Beşiktaş Jimnastik Kulübü
[4621042] Failed to build match row: Unione Sportiva Sassuolo Calcio vs Calcio Como
[3484190] Could not find attributes for bayleigh passant (Marine FC, 2020)
[3484190] Failed to build match row: Colchester United vs Marine FC
[4373967] Failed to build match row: Associazione Calcio Fiorentina vs Associazione Calcio Milan
[4363965] Could not find attributes for ayyoub bouaddi (Lille Olympique Sporting Club, 2024)
[4363965] Failed to build match row: Lille Olympique Sporting Club vs Montpellier HSC
[4472402] Could not find attributes for adrian torre (UP Langreo, 2024)
[4472402] Failed to build match row: UP Langreo vs Orihuela CF
[4181760] Could not find attributes for pavel polyakov (FC Ryazan, 2023)
[4181760] Failed to build match row: FC Ryazan vs Akron Togliatti
[4087941] Failed to scrape lineup: https://www.transfermarkt.co.uk/tottenham-hotspur_manchester-united/index/spielbericht/4087941
[3433472] Failed to scrape lineup: https://www.transfermarkt.co.uk/ss-lazio_spezia-calcio/index/spielbericht/3433472
[4368547] Could not find attributes for ebube duru (Sønderjyske Fodbold, 2024)
[4802664] Could not find attributes for max larsson (Djurgårdens Idrottsförening, 2025)
[4802664] Failed to build match row: Idrottsföreningen Elfsborg vs Djurgårdens Idrottsförening
[4436233] Could not find attributes for raheem conte (Cardiff City, 2023)
[4436233] Failed to build match row: Cardiff City vs Southampton FC
[4272839] Could not find attributes for ilya lantratov (Футбольный клуб "Локомотив" Москва, 2023)
[4272839] Failed to build match row: Футбольный клуб "Локомотив" Москва vs Fakel Voronezh

Keepers & outfield error for **Fredrikstad Fotballklubb** in Fotballklubben Bodø/Glimt vs Fredrikstad Fotballklubb: Numbers: 2 and 9.
[4522705] Failed to build match row: Fotballklubben Bodø/Glimt vs Fredrikstad Fotballklubb
[4850759] Could not find attributes for nikola markovic (D.C. United, 2025)
[4850759] Failed to build match row: D.C. United vs Chicago Fire Soccer Club

Keepers & outfield error for **Olympique Lyonnais** in Stade Reims vs Olympique Lyonnais: Numbers: 2 and 9.
[3589463] Failed to build match row: Stade Reims vs Olympique Lyonnais

Keepers & outfield error for **Grêmio Foot-Ball Porto Alegrense** in Grêmio Foot-Ball Porto Alegrense vs Clube Atlético Mineiro: Numbers: 0 and 11.
[4582066] Failed to build match row: Grêmio Foot-Ball Porto Alegrense vs Clube Atlético Mineiro

Keepers & outfield error for **Cádiz CF** in Cádiz CF vs Athletic Club Bilbao: Numbers: 2 and 9.
[3451148] Failed to build match row: Cádiz CF vs Athletic Club Bilbao
[3902087] Could not find attributes for oleg mozil (TOV FK Metalist 1925 Kharkiv, 2022)
[3902087] Failed to build match row: TOV FK Metalist 1925 Kharkiv vs FK Kolos Kovalivka
[4126778] Failed to scrape lineup: https://www.transfermarkt.co.uk/adana-demirspor_caykur-rizespor/index/spielbericht/4126778
[4634176] Failed to scrape lineup: https://www.transfermarkt.co.uk/sv-werder-bremen_fc-st-pauli/index/spielbericht/4634176
[4715960] Could not find attributes for milos veljkovic (Fudbalski klub Crvena zvezda Beograd, 2025)
[4715960] Failed to build match row: Fudbalski klub Crvena zvezda Beograd vs The Celtic Football Club
[4363966] Could not find attributes for kader meite (Rennes, 2024)

Keepers & outfield error for **Venezia FC** in Verona Hellas Football Club vs Venezia FC: Numbers: 2 and 9.
[4363966] Failed to build match row: Rennes vs Paris Saint-Germain Football Club
[4393190] Failed to build match row: İstanbul Başakşehir Futbol Kulübü vs Eyüp Spor Kulübü
[4373968] Failed to build match row: Verona Hellas Football Club vs Venezia FC
�, 2025)
[4693304] Failed to build match row: Internacional de Bogotá vs Once Caldas
[4621043] Could not find attributes for jesper karlstrom (Udinese Calcio, 2025)
[4098881] Failed to scrape lineup: https://www.transfermarkt.co.uk/sint-truidense-vv_royal-antwerp-fc/index/spielbericht/4098881
[4621043] Failed to build match row: Udinese Calcio vs Parma Calcio 1913
[4368548] Failed to scrape lineup: https://www.transfermarkt.co.uk/aarhus-gf_fc-copenhagen/index/spielbericht/4368548
ubai vs Girona Fútbol Club S. A. D.: Numbers: 2 and 9.
[3886572] Failed to build match row: Getafe Club de Fútbol S. A. D. Team Dubai vs Girona Fútbol Club S. A. D.

Keepers & outfield error for **Futebol Clube do Porto** in Futebol Clube do Porto vs Boavista FC: Numbers: 0 and 11.
[4109572] Failed to build match row: Futebol Clube do Porto vs Boavista FC
[4400802] Could not find attributes for ingvar jonsson (Víkingur Reykjavík, 2024)
[4400802] Failed to build match row: Víkingur Reykjavík vs KF Egnatia
[4750222] Could not find attributes for burak ince (Al-Okhdood Club, 2025)
[4750222] Failed to build match row: Al-Okhdood Club vs Al-Khaleej Club (Saihat)
[4478413] Could not find attributes for egor lyubakov (FK Baltika, 2024)
[4478413] Failed to build match row: FK Baltika vs Ural Yekaterinburg
[4182474] Could not find attributes for aleksandr selikhov (FK Spartak Moskva, 2023)
[4182474] Failed to build match row: FK Spartak Moskva vs FK Sochi
[3560075] Could not find attributes for jose cholevas (Olympiakos Syndesmos Filathlon Peiraios, 2020)
[3560075] Failed to build match row: Olympiakos Syndesmos Filathlon Peiraios vs Panthessalonikios Athlitikos Omilos Konstantinoupoliton

Keepers & outfield error for **Associazione Sportiva Roma** in Associazione Sportiva Roma vs Associazione Calcio Fiorentina: Numbers: 0 and 11.
[3614511] Failed to build match row: Associazione Sportiva Roma vs Associazione Calcio Fiorentina
[3484191] Could not find attributes for elliot justham (Dagenham & Redbridge FC, 2020)
[3484191] Failed to build match row: Dagenham & Redbridge FC vs Grimsby Town
[4126779] Failed to scrape lineup: https://www.transfermarkt.co.uk/fatih-karagumruk_besiktas-jk/index/spielbericht/4126779
[4693305] Failed to scrape lineup: https://www.transfermarkt.co.uk/millonarios-fc_cd-america-de-cali/index/spielbericht/4693305
[4363967] Failed to scrape lineup: https://www.transfermarkt.co.uk/olympique-marseille_rc-lens/index/spielbericht/4363967
[4850760] Could not find attributes for ran binyamin (FC Dallas, 2025)

Keepers & outfield error for **SD Eibar** in SD Eibar vs Real Valladolid CF: Numbers: 2 and 9.
[4850760] Failed to build match row: FC Dallas vs Vancouver Whitecaps FC
[3451149] Failed to build match row: SD Eibar vs Real Valladolid CF
[4098882] Could not find attributes for parfait guiagon (Royal Charleroi Sporting Club, 2023)
[4582067] Failed to scrape lineup: https://www.transfermarkt.co.uk/esporte-clube-bahia_sport-club-corinthians-paulista/index/spielbericht/4582067
[4098882] Failed to build match row: Royal Charleroi Sporting Club vs Koninklijke Voetbal Club Westerlo
[3672352] Could not find attributes for brice ntambwe (Oldham Athletic, 2020)
[3672352] Failed to build match row: Association Football Club Bournemouth vs Oldham Athletic
[4393191] Could not find attributes for samba camara (Sivasspor, 2024)
[4393191] Failed to build match row: Adana Demirspor vs Sivasspor

Keepers & outfield error for **Southampton FC** in Southampton FC vs West Ham United Football Club: Numbers: 0 and 11.
[3758673] Failed to build match row: Southampton FC vs West Ham United Football Club
[3589464] Could not find attributes for jemerson (Football Club de Metz, 2021)
[3589464] Failed to build match row: Rennes vs Football Club de Metz
[4715961] Could not find attributes for milos veljkovic (Fudbalski klub Crvena zvezda Beograd, 2025)
[4715961] Failed to build match row: Fudbalski klub Crvena zvezda Beograd vs SC Fotbal Club FCSB SA
[4272840] Could not find attributes for mikhail oparin (RFK Akhmat Grozny, 2023)
[4272840] Failed to build match row: RFK Akhmat Grozny vs AO FK Zenit Sankt-Peterburg
[4478414] Could not find attributes for timofey mitrov (Shinnik Yaroslavl, 2024)
[4478414] Failed to build match row: Shinnik Yaroslavl vs Chayka Peschanokopskoye
[4182907] Could not find attributes for anastasios karagiozis (FS Kozani, 2023)
[4182907] Failed to build match row: FS Kozani vs PAE Chania
[3950358] Could not find attributes for laurie walker (Barnet FC, 2022)
[3484192] Failed to scrape lineup: https://www.transfermarkt.co.uk/spielbericht/index/spielbericht/3484192
[4522706] Could not find attributes for denzel de roeve (Sportsklubben Brann, 2024)
[3950358] Failed to build match row: Barnet FC vs Chelmsford City
[4522706] Failed to build match row: Sportsklubben Brann vs Hamarkameratene

Keepers & outfield error for **Al-Taawoun Football Club** in Al-Taawoun Football Club vs Al-Riyadh Saudi Club: Numbers: 2 and 9.
[4802665] Could not find attributes for samba diatara (Degerfors IF, 2025)
[4750223] Failed to build match row: Al-Taawoun Football Club vs Al-Riyadh Saudi Club
[4436235] Failed to scrape lineup: https://www.transfermarkt.co.uk/spielbericht/index/spielbericht/4436235
[4802665] Failed to build match row: Degerfors IF vs Allmänna Idrottsklubben
[3839450] Could not find attributes for tolga cigerci (Hertha BSC, 2022)
[3839450] Failed to build match row: Sport-Club Freiburg vs Hertha BSC

Keepers & outfield error for **UD Almería** in UD Almería vs Villarreal Club de Fútbol S.A.D.: Numbers: 0 and 11.

Keepers & outfield error for **Aberdeen Football Club** in Aberdeen Football Club vs The Celtic Football Club: Numbers: 2 and 9.
[4625658] Could not find attributes for luis cordova (Birkirkara FC, 2025)
[3886573] Failed to build match row: UD Almería vs Villarreal Club de Fútbol S.A.D.
�tbol S. A. D. Team Dubai vs Real Sociedad de Fútbol S.A.D.: Numbers: 0 and 11.
[3451150] Failed to build match row: Getafe Club de Fútbol S. A. D. Team Dubai vs Real Sociedad de Fútbol S.A.D.
[4625658] Failed to build match row: Birkirkara FC vs FC Petrocub Hincesti
[3603227] Failed to build match row: Aberdeen Football Club vs The Celtic Football Club
[4621044] Could not find attributes for roberto gagliardini (Verona Hellas Football Club, 2025)
[4693306] Could not find attributes for bleiner agron (Envigado FC, 2025)
[4621044] Failed to build match row: Verona Hellas Football Club vs Associazione Calcio Milan
[4693306] Failed to build match row: Deportes Tolima vs Envigado FC
[3433473] Could not find attributes for jayden braaf (Udinese Calcio, 2020)
[3433473] Failed to build match row: Atalanta Bergamasca Calcio S.p.a. vs Udinese Calcio
[3589465] Could not find attributes for ike ugbo (ESTAC Troyes, 2021)
[3589465] Failed to build match row: AS Saint-Étienne vs ESTAC Troyes
[4715962] Could not find attributes for milos veljkovic (Fudbalski klub Crvena zvezda Beograd, 2025)
[4715962] Failed to build match row: Fudbalski klub Crvena zvezda Beograd vs Celta
[4522707] Could not find attributes for einar boe fauskanger (FK Haugesund, 2024)
[4522707] Failed to build match row: FK Haugesund vs Bryne FK
[4400803] Could not find attributes for Gudmundur Kristjánsson (Stjarnan Gardabaer, 2024)
[4400803] Failed to build match row: Stjarnan Gardabaer vs Paide Linnameeskond
[4373970] Could not find attributes for nicolo savona (Juventus Football Club, 2024)
[4373970] Failed to build match row: Juventus Football Club vs Cagliari Calcio
[4750224] Could not find attributes for ramzi solan (Al-Kholood Club, 2025)
[4393192] Could not find attributes for oleksandr petrusenko (Antalyaspor, 2024)
[4750224] Failed to build match row: Al-Ahli Saudi Football Club vs Al-Kholood Club
[4393192] Failed to build match row: Alanyaspor vs Antalyaspor
[3563783] Could not find attributes for yeremy pino (Villarreal Club de Fútbol S.A.D., 2020)
[4478415] Could not find attributes for stanislav kritsyuk (FC Tyumen, 2024)
[3758675] Could not find attributes for connor stevens (Boreham Wood FC, 2021)
[4693307] Could not find attributes for washington aguerre (Independiente Medellín, 2025)
[3563783] Failed to build match row: Villarreal Club de Fútbol S.A.D. vs Manchester United Football Club
[4478415] Failed to build match row: FC Tyumen vs Amkar Perm
[3758675] Failed to build match row: Everton Football Club vs Boreham Wood FC
[4693307] Failed to build match row: Once Caldas vs Independiente Medellín

Keepers & outfield error for **Hull City** in Hull City vs Fleetwood Town: Numbers: 2 and 9.
[4272841] Could not find attributes for maksim rudakov (FK Sochi, 2023)
[4802666] Could not find attributes for elis jager (Västerås Sportklubb FK, 2025)
[4272841] Failed to build match row: FK Sochi vs FK Krasnodar
[3484193] Failed to build match row: Hull City vs Fleetwood Town
[4802666] Failed to build match row: Västerås Sportklubb FK vs BK Häcken
[3427179] Could not find attributes for kevin varga (Kasımpaşa A.Ş., 2020)

Keepers & outfield error for **Granada CF** in Granada CF vs Club Atlético de Madrid S.A.D.: Numbers: 0 and 11.
[3451151] Failed to build match row: Granada CF vs Club Atlético de Madrid S.A.D.
[3433474] Could not find attributes for gabriele zappa (Cagliari Calcio, 2020)
[3433474] Failed to build match row: Cagliari Calcio vs Verona Hellas Football Club
[4582068] Could not find attributes for emmanuel martinez (Fortaleza Esporte Clube, 2024)
[3672419] Could not find attributes for oliver olsen (Fodbold Club Fredericia, 2021)
[4582068] Failed to build match row: Fortaleza Esporte Clube vs Fluminense Football Club
[3672419] Failed to build match row: Fodbold Club Fredericia vs Hvidovre IF
[4363970] Could not find attributes for andy delort (Montpellier HSC, 2024)
[4400804] Failed to scrape lineup: https://www.transfermarkt.co.uk/spielbericht/index/spielbericht/4400804
[4363970] Failed to build match row: Montpellier HSC vs AS Saint-Étienne
[3589471] Could not find attributes for saif eddine khaoui (Clermont Foot 63, 2021)

Keepers & outfield error for **Association Football Club Bournemouth** in Association Football Club Bournemouth vs Tottenham Hotspur Football Club: Numbers: 0 and 11.
[3589471] Failed to build match row: Clermont Foot 63 vs Football Club de Nantes
[4087944] Failed to build match row: Association Football Club Bournemouth vs Tottenham Hotspur Football Club
[3902088] Could not find attributes for dmitriy nepogodov (Chornomorets Odesa, 2022)
[4522708] Could not find attributes for henry sletsjoe (Kristiansund Ballklubb, 2024)
[3902088] Failed to build match row: Chornomorets Odesa vs FC Oleksandriya
[4522708] Failed to build match row: Kristiansund Ballklubb vs Tromsø Idrettslag
[3603228] Could not find attributes for ross graham (Dundee United Football Club, 2021)
[3603228] Failed to build match row: Dundee United Football Club vs Motherwell Football Club
[4098884] Could not find attributes for sergiy sydorchuk (Koninklijke Voetbal Club Westerlo, 2023)
[4693308] Could not find attributes for brayan montano (Internacional de Bogotá, 2025)
[4109573] Could not find attributes for joao valido (Futebol Clube de Arouca, 2023)
[4098884] Failed to build match row: Koninklijke Racing Club Genk vs Koninklijke Voetbal Club Westerlo
[4693308] Failed to build match row: CD América de Cali vs Internacional de Bogotá
[4109573] Failed to build match row: Futebol Clube de Arouca vs Club Football Estrela da Amadora
[4272842] Could not find attributes for artur nigmatullin (FK Nizhny Novgorod, 2023)
[4272842] Failed to build match row: FK Nizhny Novgorod vs PFK CSKA Moskva
[3758676] Could not find attributes for jamal blackman (Huddersfield Town, 2021)
[3758676] Failed to build match row: Nottingham Forest Football Club vs Huddersfield Town
[4148227] Could not find attributes for sverre nypan (Rosenborg Ballklub, 2023)
[4148227] Failed to build match row: Heart of Midlothian Football Club vs Rosenborg Ballklub
[4478416] Could not find attributes for nikolay zabolotnyi (FK Sochi, 2024)
[4393193] Could not find attributes for bedirhan cetin (Samsunspor, 2024)
[4478416] Failed to build match row: FK Sochi vs Spartak Kostroma
[3886575] Failed to scrape lineup: https://www.transfermarkt.co.uk/ca-osasuna_celta-de-vigo/index/spielbericht/3886575
[4393193] Failed to build match row: Kasımpaşa A.Ş. vs Samsunspor
[4400805] Could not find attributes for johannes kreidl (Kuopion Palloseura, 2024)
[4400805] Failed to build match row: Tromsø Idrettslag vs Kuopion Palloseura
[4582069] Could not find attributes for marcao (Esporte Clube Juventude, 2024)
[4582069] Failed to build match row: Esporte Clube Juventude vs Esporte Clube Vitória
Not enough players found for lineup: 0, 0.
[3672420] Failed to scrape lineup: https://www.transfermarkt.co.uk/spielbericht/index/spielbericht/3672420
[3427180] Failed to scrape lineup: https://www.transfermarkt.co.uk/buyuksehir-belediye-erzurumspor_kasimpasa/index/spielbericht/3427180
[3950359] Could not find attributes for josh casey (Woking FC, 2022)
[3950359] Failed to build match row: Woking FC vs Oxford United
[4522709] Could not find attributes for mikkel konradsen ceide (Rosenborg Ballklub, 2024)
[4522709] Failed to build match row: Rosenborg Ballklub vs Strømsgodset IF
[4363971] Could not find attributes for hiroki sekine (Stade Reims, 2024)
[4363971] Failed to build match row: Stade brestois 29 vs Stade Reims

Keepers & outfield error for **AC Monza** in AC Monza vs Associazione Sportiva Roma: Numbers: 0 and 11.
[4373972] Failed to build match row: AC Monza vs Associazione Sportiva Roma
[4582070] Failed to scrape lineup: https://www.transfermarkt.co.uk/cr-flamengo_botafogo-de-futebol-e-regatas/index/spielbericht/4582070
[4368552] Could not find attributes for ebube duru (Sønderjyske Fodbold, 2024)
[3761904] Could not find attributes for cuco martina (Go Ahead Eagles, 2021)
[4368552] Failed to build match row: Vejle Boldklub vs Sønderjyske Fodbold
[3761904] Failed to build match row: Go Ahead Eagles vs Eindhovense Voetbalvereniging Philips Sport Vereniging
[4393194] Could not find attributes for lionel carole (Kayserispor Kulübü, 2024)
[3589472] Could not find attributes for danylo ignatenko (FC Girondins Bordeaux, 2021)
[3603229] Could not find attributes for barrie mckay (Heart of Midlothian Football Club, 2021)
[4634179] Could not find attributes for vini souza (Verein für Leibesübungen Wolfsburg, 2025)
[4393194] Failed to build match row: Hatayspor vs Kayserispor Kulübü
[3589472] Failed to build match row: Lille Olympique Sporting Club vs FC Girondins Bordeaux
[3603229] Failed to build match row: Heart of Midlothian Football Club vs Dundee Football Club
[4634179] Failed to build match row: Fußball-Club Augsburg 1907 vs Verein für Leibesübungen Wolfsburg
[4272843] Could not find attributes for ilya pomazun (Ural Yekaterinburg, 2023)
[4272843] Failed to build match row: Ural Yekaterinburg vs FC Orenburg
[3565111] Could not find attributes for lesley ugochukwu (Rennes, 2020)
[3565111] Failed to build match row: Rennes vs Paris Saint-Germain Football Club
Not enough players found for lineup: 0, 11.
[3672421] Failed to scrape lineup: https://www.transfermarkt.co.uk/spielbericht/index/spielbericht/3672421
[4750226] Could not find attributes for nacho fernandez (Al-Qadsiah Saudi Football Club, 2025)
[4802667] Could not find attributes for jakob kindberg (Kalmar Fotbollförening, 2025)
[3902089] Could not find attributes for roman pidkivka (Ingulets Petrove, 2022)
[4750226] Failed to build match row: Al-Qadsiah Saudi Football Club vs Al-Hazem Sport Club
[4802667] Failed to build match row: Kalmar Fotbollförening vs Idrottsföreningen Kamraterna Göteborg
[4400806] Could not find attributes for matias melluso (Pafos FC, 2024)
[3902089] Failed to build match row: Ingulets Petrove vs Vorskla Poltava
[3761905] Could not find attributes for andre onana (AFC Ajax Amsterdam, 2021)
[4400806] Failed to build match row: Pafos FC vs FK Zalgiris Vilnius
[3761905] Failed to build match row: Alkmaar Zaanstreek vs AFC Ajax Amsterdam
[3589473] Could not find attributes for jerome boateng (Olympique Lyonnais, 2021)
[3589473] Failed to build match row: Olympique Lyonnais vs Angers Sporting Club de l'Ouest
[3427181] Could not find attributes for zvonimir sarlija (MKE Ankaragücü, 2020)
[3427181] Failed to build match row: MKE Ankaragücü vs Fenerbahçe Spor Kulübü
[4621047] Could not find attributes for daniele rugani (Associazione Calcio Fiorentina, 2025)
[4621047] Failed to build match row: Associazione Calcio Fiorentina vs Unione Sportiva Sassuolo Calcio
[4363972] Could not find attributes for thiago almada (Olympique Lyonnais, 2024)
[4363972] Failed to build match row: Olympique Lyonnais vs Le Havre Athletic Club
[3950360] Could not find attributes for darren oldaker (Chesterfield FC, 2022)
[3950360] Failed to build match row: Chesterfield FC vs Northampton Town
[4148229] Could not find attributes for noah fadiga (Koninklijke Atletiek Associatie Gent, 2023)
[4148229] Failed to build match row: Morski Klub Sportowy Pogoń Szczecin vs Koninklijke Atletiek Associatie Gent
[4436236] Could not find attributes for olaf kobacki (Sheffield Wednesday, 2023)
[4582071] Could not find attributes for philippe coutinho (Club de Regatas Vasco da Gama, 2024)
[4436236] Failed to build match row: Grimsby Town vs Sheffield Wednesday
[4582071] Failed to build match row: Club de Regatas Vasco da Gama vs Fortaleza Esporte Clube
[4272844] Could not find attributes for denis adamov (AO FK Zenit Sankt-Peterburg, 2023)
[4272844] Failed to build match row: AO FK Zenit Sankt-Peterburg vs FK Rostov
[3886577] Could not find attributes for theo bongonda (Cádiz CF, 2022)
[3886577] Failed to build match row: Real Sociedad de Fútbol S.A.D. vs Cádiz CF
[3484194] Could not find attributes for brett mcgavin (Ipswich Town, 2020)
[3484194] Failed to build match row: Ipswich Town vs Portsmouth FC

Keepers & outfield error for **SD Huesca** in Sevilla Fútbol Club S.A.D. vs SD Huesca: Numbers: 0 and 11.
[3451154] Failed to build match row: Sevilla Fútbol Club S.A.D. vs SD Huesca
[4393195] Could not find attributes for ali aytemur (Bodrum FK, 2024)
[4393195] Failed to build match row: Fenerbahçe Spor Kulübü vs Bodrum FK
[4373974] Could not find attributes for ante rebic (Unione Sportiva Lecce, 2024)
[4373974] Failed to build match row: Udinese Calcio vs Unione Sportiva Lecce
[3614515] Could not find attributes for valeriy matveenkov (Leon Saturn Ramenskoe, 2021)
[3614515] Failed to build match row: Leon Saturn Ramenskoe vs Znamya Noginsk
[3839453] Failed to scrape lineup: https://www.transfermarkt.co.uk/vfl-wolfsburg_fc-augsburg/index/spielbericht/3839453
[4480627] Failed to scrape lineup: https://www.transfermarkt.co.uk/spielbericht/index/spielbericht/4480627

Keepers & outfield error for **Espanol** in Real Valladolid CF vs Espanol: Numbers: 0 and 11.
[3886578] Failed to build match row: Real Valladolid CF vs Espanol
[4693309] Could not find attributes for emmanuel olivera (Independiente Santa Fe, 2025)
[4272845] Could not find attributes for matvey safonov (FK Krasnodar, 2023)
[4693309] Failed to build match row: Independiente Santa Fe vs Llaneros FC
[4272845] Failed to build match row: FK Krasnodar vs FK Dinamo Moskva
[3902090] Could not find attributes for artem vovkun (PFK Lviv, 2022)
[4363973] Could not find attributes for juma bah (Racing Club de Lens, 2024)
[3902090] Failed to build match row: PFK Lviv vs SC Dnipro-1
[3603231] Could not find attributes for stephane omeonga (Livingston Football Club, 2021)
[4363973] Failed to build match row: Racing Club de Lens vs Rennes
[3603231] Failed to build match row: Ross County FC vs Livingston Football Club
[3672423] Could not find attributes for paraskevas nomikos (Proodeftiki Neolea, 2021)
[3672423] Failed to build match row: Proodeftiki Neolea vs AO Xanthi

Keepers & outfield error for **Al-Fateh Club** in Al-Fateh Club vs Al-Najma Sport Club: Numbers: 0 and 11.
[4750228] Failed to build match row: Al-Fateh Club vs Al-Najma Sport Club
[4368554] Could not find attributes for frederik damkjer (Viborg Fodsports Forening, 2024)
[4368554] Failed to build match row: Aarhus Gymnastik Forening vs Viborg Fodsports Forening
[4148230] Could not find attributes for azbe jug (NK Maribor, 2023)
[4148230] Failed to build match row: NK Maribor vs Fenerbahçe Spor Kulübü
[3589474] Could not find attributes for jemerson (Football Club de Metz, 2021)
[3589474] Failed to build match row: Football Club de Metz vs Association sportive de Monaco Football Club
[4582072] Could not find attributes for maycon (Sport Club Corinthians Paulista, 2024)
[4582072] Failed to build match row: Sport Club Corinthians Paulista vs Santos Futebol Clube
[4187154] Could not find attributes for athanasios bisa (PAO Vardas, 2023)
[4187154] Failed to build match row: PAO Vardas vs Niki Volou
[4522713] Failed to scrape lineup: https://www.transfermarkt.co.uk/bryne-fk_viking-fk/index/spielbericht/4522713
[4480628] Failed to scrape lineup: https://www.transfermarkt.co.uk/spielbericht/index/spielbericht/4480628
[4750229] Could not find attributes for kewin (Damac Football Club, 2025)
[4750229] Failed to build match row: Damac Football Club vs Al-Fayha FC
[3575344] Could not find attributes for youssoufa moukoko (Borussia Dortmund, 2021)
[3575344] Failed to build match row: Borussia Dortmund vs FC Bayern München
[4400807] Failed to scrape lineup: https://www.transfermarkt.co.uk/spielbericht/index/spielbericht/4400807
[4368555] Could not find attributes for lirim qamili (Sønderjyske Fodbold, 2024)
ex/spielbericht/3484195
[4621048] Failed to scrape lineup: https://www.transfermarkt.co.uk/genoa-cfc_como-1907/index/spielbericht/4621048
[4368555] Failed to build match row: Football Club København vs Sønderjyske Fodbold
[3902091] Failed to scrape lineup: https://www.transfermarkt.co.uk/zorya-lugansk_kryvbas-kryvyi-rig/index/spielbericht/3902091
[3427182] Failed to scrape lineup: https://www.transfermarkt.co.uk/sivasspor_basaksehir-fk/index/spielbericht/3427182
[4272846] Could not find attributes for aleksandr soldatenkov (PFK Krylya Sovetov Samara, 2023)
[4272846] Failed to build match row: PFK Krylya Sovetov Samara vs FK Nizhny Novgorod
[3839455] Could not find attributes for dennis geiger (Turn- und Sportgemeinschaft 1899 Hoffenheim Fußball-Spielbetriebs, 2022)
[3603232] Could not find attributes for tony gallacher (St. Johnstone FC, 2021)
[3839455] Failed to build match row: Sportverein Werder Bremen von 1899 vs Turn- und Sportgemeinschaft 1899 Hoffenheim Fußball-Spielbetriebs
[3603232] Failed to build match row: Saint Mirren Football Club vs St. Johnstone FC
[4693310] Could not find attributes for joaquin mattalia (Unión Magdalena, 2025)
[4693310] Failed to build match row: Atlético Bucaramanga vs Unión Magdalena
[3950361] Failed to scrape lineup: https://www.transfermarkt.co.uk/spielbericht/index/spielbericht/3950361
[4582073] Could not find attributes for robert arboleda (São Paulo Futebol Clube, 2024)
[4582073] Failed to build match row: São Paulo Futebol Clube vs Grêmio Foot-Ball Porto Alegrense
[4625659] Could not find attributes for domi berlanga (Atlètic Club d'Escaldes, 2025)
[4625659] Failed to build match row: Atlètic Club d'Escaldes vs F91 Dudelange
[4373975] Failed to scrape lineup: https://www.transfermarkt.co.uk/cagliari-calcio_torino-fc/index/spielbericht/4373975

Keepers & outfield error for **Moreirense Futebol Clube** in Moreirense Futebol Clube vs FC Vizela: Numbers: 2 and 9.
[4436238] Could not find attributes for kayden hughes (Fleetwood Town, 2023)
[4187557] Could not find attributes for boris kleyman (PAS Giannina, 2023)
[4109575] Failed to build match row: Moreirense Futebol Clube vs FC Vizela
[4436238] Failed to build match row: Fleetwood Town vs Rotherham United

Keepers & outfield error for **Football Club de Nantes** in Football Club de Nantes vs Lille Olympique Sporting Club: Numbers: 2 and 9.
[4187557] Failed to build match row: PAS Giannina vs Volou Neos Podosferikos Syllogos
[4272847] Could not find attributes for igor akinfeev (PFK CSKA Moskva, 2023)
[4363975] Failed to build match row: Football Club de Nantes vs Lille Olympique Sporting Club
[4272847] Failed to build match row: PFK CSKA Moskva vs Ural Yekaterinburg

Keepers & outfield error for **Fredrikstad Fotballklubb** in Fredrikstad Fotballklubb vs Strømsgodset IF: Numbers: 2 and 9.
[4522714] Failed to build match row: Fredrikstad Fotballklubb vs Strømsgodset IF

Keepers & outfield error for **Eintracht Frankfurt Fußball AG** in Sport-Club Freiburg vs Eintracht Frankfurt Fußball AG: Numbers: 0 and 11.
[4393197] Could not find attributes for samuel moutoussamy (Sivasspor, 2024)
[4634183] Failed to build match row: Sport-Club Freiburg vs Eintracht Frankfurt Fußball AG
[4393197] Failed to build match row: Sivasspor vs Çaykur Rizespor Kulübü
[3427183] Could not find attributes for nouha dicko (Gaziantep Futbol Kulübü A.Ş., 2020)
[3427183] Failed to build match row: Kayserispor Kulübü vs Gaziantep Futbol Kulübü A.Ş.

Keepers & outfield error for **Oud-Heverlee Leuven** in Oud-Heverlee Leuven vs Royal Standard Club de Liège: Numbers: 0 and 11.
[4098885] Failed to build match row: Oud-Heverlee Leuven vs Royal Standard Club de Liège
[3603233] Could not find attributes for liel abada (The Celtic Football Club, 2021)
[3603233] Failed to build match row: The Celtic Football Club vs Saint Mirren Football Club
[4148231] Could not find attributes for marko malenica (NK Osijek s.d.d., 2023)
[4148231] Failed to build match row: NK Osijek s.d.d. vs Adana Demirspor

Keepers & outfield error for **Al-Shabab Club** in Al-Shabab Club vs Al-Nassr Football Club: Numbers: 0 and 11.
[4750230] Failed to build match row: Al-Shabab Club vs Al-Nassr Football Club
[3902092] Could not find attributes for oleksandr bandura (FC Minaj, 2022)
[3902092] Failed to build match row: FC Minaj vs Futbolniy Klub Dynamo Kyiv
[4582074] Could not find attributes for vinicinho (Red Bull Bragantino, 2024)
[4582074] Failed to build match row: Red Bull Bragantino vs Sociedade Esportiva Palmeiras
[4693311] Could not find attributes for wuilker farinez (Rionegro Águilas, 2025)
[4693311] Failed to build match row: Rionegro Águilas vs Asociación Deportivo Pasto

Keepers & outfield error for **Hibernian Football Club** in Dundee Football Club vs Hibernian Football Club: Numbers: 0 and 11.
[3603234] Failed to build match row: Dundee Football Club vs Hibernian Football Club
[4625660] Could not find attributes for frederik schram (Valur Reykjavík, 2025)
[4625660] Failed to build match row: Valur Reykjavík vs FC Flora Tallinn
[3614516] Could not find attributes for vadim ulyanov (Kairat Moscow ( -2022), 2021)
[4363976] Could not find attributes for haris belkebla (Angers Sporting Club de l'Ouest, 2024)
[3614516] Failed to build match row: Kairat Moscow ( -2022) vs FC Kaluga
�, 2024)
[4363976] Failed to build match row: Angers Sporting Club de l'Ouest vs Association sportive de Monaco Football Club
[4393198] Failed to build match row: Kayserispor Kulübü vs Adana Demirspor
[3427184] Could not find attributes for yassine meriah (Çaykur Rizespor Kulübü, 2020)
[3427184] Failed to build match row: Çaykur Rizespor Kulübü vs Yeni Malatyaspor
[3580162] Could not find attributes for paulinho (Fodbold Club Midtjylland, 2021)
[3580162] Failed to build match row: Fodbold Club Midtjylland vs Odense Boldklub
[4272848] Could not find attributes for yuriy dyupin (FC Rubin Kazan, 2023)
[4272848] Failed to build match row: FC Rubin Kazan vs FK Sochi

Keepers & outfield error for **Sporting Clube de Braga** in Sporting Clube de Braga vs Casa Pia Atlético Clube: Numbers: 0 and 11.
[4109576] Failed to build match row: Sporting Clube de Braga vs Casa Pia Atlético Clube
[4621049] Failed to scrape lineup: https://www.transfermarkt.co.uk/ss-lazio_udinese-calcio/index/spielbericht/4621049
[4148232] Could not find attributes for steinthor mar audunsson (KA Akureyri, 2023)
[4148232] Failed to build match row: KA Akureyri vs Club Brugge Koninklijke Voetbalvereniging
[3902093] Failed to build match row: Metalist Kharkiv vs FC Shakhtar Donetsk
[3614517] Could not find attributes for vitaliy shilnikov (Dinamo Vladivostok, 2021)
[3614517] Failed to build match row: Dinamo Vladivostok vs Chertanovo Moscow
[4393199] Could not find attributes for riechedly bazoer (Konyaspor, 2024)
[4393199] Failed to build match row: Konyaspor vs İstanbul Başakşehir Futbol Kulübü
[4188958] Could not find attributes for jamie todd (Musselburgh Athletic FC, 2023)
[4188958] Failed to build match row: Musselburgh Athletic FC vs Clyde FC
[4582075] Could not find attributes for lucas villalba (Cruzeiro Esporte Clube, 2024)
[4582075] Failed to build match row: Cruzeiro Esporte Clube vs Clube Atlético Mineiro
[3603235] Could not find attributes for barrie mckay (Heart of Midlothian Football Club, 2021)
[3603235] Failed to build match row: Heart of Midlothian Football Club vs Aberdeen Football Club

Keepers & outfield error for **Associazione Calcio Milan** in Associazione Calcio Milan vs Juventus Football Club: Numbers: 2 and 9.
[4621050] Failed to build match row: Associazione Calcio Milan vs Juventus Football Club
[4693312] Could not find attributes for yeison suarez (Junior FC, 2025)
[4693312] Failed to build match row: Alianza FC vs Junior FC
[4373976] Failed to scrape lineup: https://www.transfermarkt.co.uk/como-1907_parma-calcio-1913/index/spielbericht/4373976
[4480630] Failed to scrape lineup: https://www.transfermarkt.co.uk/spielbericht/index/spielbericht/4480630
[3451157] Failed to scrape lineup: https://www.transfermarkt.co.uk/atletico-de-madrid_levante-ud/index/spielbericht/3451157
[4625661] Could not find attributes for ilir avdyli (FC Malisheva, 2025)
[4625661] Failed to build match row: FC Malisheva vs Víkingur Reykjavík
[4363977] Could not find attributes for haris belkebla (Angers Sporting Club de l'Ouest, 2024)
[4363977] Failed to build match row: Angers Sporting Club de l'Ouest vs Rennes
[4272849] Could not find attributes for evgeniy latyshonok (FK Baltika, 2023)
[4272849] Failed to build match row: FK Baltika vs Футбольный клуб "Локомотив" Москва
[3614518] Could not find attributes for giorgio scalvini (Atalanta Bergamasca Calcio S.p.a., 2021)
[3614518] Failed to build match row: Atalanta Bergamasca Calcio S.p.a. vs Torino Calcio
[4750231] Failed to scrape lineup: https://www.transfermarkt.co.uk/al-najma-sc_al-taawoun-fc/index/spielbericht/4750231
[4098886] Failed to scrape lineup: https://www.transfermarkt.co.uk/kv-kortrijk_cercle-brugge/index/spielbericht/4098886
[3427185] Could not find attributes for munir el kajoui (Hatayspor, 2020)
[3427185] Failed to build match row: Hatayspor vs Denizlispor

Keepers & outfield error for **Futebol Clube do Porto** in GD Chaves vs Futebol Clube do Porto: Numbers: 0 and 11.
[4109577] Failed to build match row: GD Chaves vs Futebol Clube do Porto
[4522715] Failed to scrape lineup: https://www.transfermarkt.co.uk/fk-haugesund_hamarkameratene/index/spielbericht/4522715
[3950392] Could not find attributes for morten bank (Nyköbing FC, 2022)
[3950392] Failed to build match row: Nyköbing FC vs Sønderjyske Fodbold

Keepers & outfield error for **Trabzonspor Kulübü** in Trabzonspor Kulübü vs Fenerbahçe Spor Kulübü: Numbers: 2 and 9.
[4393200] Failed to build match row: Trabzonspor Kulübü vs Fenerbahçe Spor Kulübü
[3603236] Could not find attributes for stephane omeonga (Livingston Football Club, 2021)
[3603236] Failed to build match row: Livingston Football Club vs Dundee United Football Club
[4850764] Could not find attributes for jack jasinski (San Jose Earthquakes, 2025)
[4850764] Failed to build match row: Seattle Sounders FC vs San Jose Earthquakes
[3903987] Could not find attributes for maksim aktisov (FC Tver, 2022)
[3903987] Failed to build match row: FC Tver vs Amkal Moscow
[4148233] Could not find attributes for balazs megyeri (Debreceni VSC, 2023)
[4148233] Failed to build match row: Debreceni VSC vs Sportklub Rapid
[3950393] Could not find attributes for casper radza (Middelfart Boldklub, 2022)
[3950393] Failed to build match row: Middelfart Boldklub vs Aalborg BK
[4393201] Could not find attributes for oleksandr petrusenko (Antalyaspor, 2024)
[4393201] Failed to build match row: Samsunspor vs Antalyaspor
[4750232] Could not find attributes for mikel villanueva (Al-Fayha FC, 2025)
[4750232] Failed to build match row: Al-Fayha FC vs Al-Ahli Saudi Football Club
[4715964] Could not find attributes for remi himbert (Olympique Lyonnais, 2025)
[4715964] Failed to build match row: Olympique Lyonnais vs Panthessalonikios Athlitikos Omilos Konstantinoupoliton
[4272850] Could not find attributes for aleksandr belenov (Fakel Voronezh, 2023)
[4272850] Failed to build match row: Fakel Voronezh vs RFK Akhmat Grozny
[4109578] Could not find attributes for taichi fukui (Portimonense SC, 2023)
[4109578] Failed to build match row: Sporting Clube de Portugal vs Portimonense SC
[3484198] Could not find attributes for ross barrows (King's Lynn Town, 2020)
[3484198] Failed to build match row: Port Vale FC vs King's Lynn Town
[4393202] Could not find attributes for luccas claro (Eyüp Spor Kulübü, 2024)
[4393202] Failed to build match row: Eyüp Spor Kulübü vs Hatayspor
[4850765] Could not find attributes for kieran sargeant (San Diego Football Club, 2025)
[4850765] Failed to build match row: San Diego Football Club vs Austin FC
[3427186] Could not find attributes for atiba hutchinson (Beşiktaş Jimnastik Kulübü, 2020)
[3427186] Failed to build match row: Galatasaray Spor Kulübü vs Beşiktaş Jimnastik Kulübü
[4272851] Could not find attributes for nikolay sysuev (FC Orenburg, 2023)
[4272851] Failed to build match row: FC Orenburg vs FK Spartak Moskva
[4522716] Could not find attributes for knut andre skjaerstein (Kristiansund Ballklubb, 2024)
is-29/index/spielbericht/3589475
[4522716] Failed to build match row: Kristiansund Ballklubb vs KFUM-Kameratene Oslo
[4802668] Could not find attributes for amel mujanic (Allmänna Idrottsklubben, 2025)
[4802668] Failed to build match row: Allmänna Idrottsklubben vs Halmstads BK
[4750233] Could not find attributes for nacho fernandez (Al-Qadsiah Saudi Football Club, 2025)
[4750233] Failed to build match row: Al-Qadsiah Saudi Football Club vs Al-Shabab Club
[3950394] Could not find attributes for can dursun (Aarhus Fremad, 2022)
[3672424] Could not find attributes for vladimir bajic (Niki Volou, 2021)
[4087953] Could not find attributes for wes foderingham (Sheffield United, 2023)
[3950394] Failed to build match row: Aarhus Fremad vs BK Fremad Amager
[3672424] Failed to build match row: Niki Volou vs GS Ergotelis
[4087953] Failed to build match row: Sheffield United vs Manchester City Football Club
[4148234] Could not find attributes for konstantin rudenok (Neman Grodno, 2023)
[4148234] Failed to build match row: Neman Grodno vs NK Celje
[4363980] Failed to scrape lineup: https://www.transfermarkt.co.uk/rc-strasbourg-alsace_olympique-lyon/index/spielbericht/4363980
[3614521] Failed to scrape lineup: https://www.transfermarkt.co.uk/juventus-fc_ssc-napoli/index/spielbericht/3614521
[4522719] Failed to scrape lineup: https://www.transfermarkt.co.uk/fk-bodo-glimt_valerenga-fotball-elite/index/spielbericht/4522719
[3762377] Could not find attributes for nikita chernov (FK Spartak Moskva, 2021)
[3762377] Failed to build match row: PFK CSKA Moskva vs FK Spartak Moskva
[4625662] Could not find attributes for romain ruffier (Racing FC Union Luxembourg, 2025)
[4625662] Failed to build match row: Racing FC Union Luxembourg vs FC Dila Gori
[3451158] Failed to scrape lineup: https://www.transfermarkt.co.uk/fc-barcelona_cadiz-cf/index/spielbericht/3451158
[3904548] Could not find attributes for ilya eremenko (Irtysh Omsk, 2022)
[3904548] Failed to build match row: Irtysh Omsk vs Temp Barnaul
[4368556] Failed to scrape lineup: https://www.transfermarkt.co.uk/fc-nordsjaelland_vejle-boldklub/index/spielbericht/4368556
[4087954] Failed to scrape lineup: https://www.transfermarkt.co.uk/arsenal-fc_manchester-united/index/spielbericht/4087954
[3950395] Failed to scrape lineup: https://www.transfermarkt.co.uk/spielbericht/index/spielbericht/3950395
[4750234] Failed to scrape lineup: https://www.transfermarkt.co.uk/al-hilal-sfc_al-kholood-club/index/spielbericht/4750234
[3886584] Could not find attributes for theo bongonda (Cádiz CF, 2022)
[4634184] Failed to scrape lineup: https://www.transfermarkt.co.uk/1-fsv-mainz-05_bayer-04-leverkusen/index/spielbericht/4634184
[3886584] Failed to build match row: Cádiz CF vs Getafe Club de Fútbol S. A. D. Team Dubai
[4393203] Could not find attributes for christopher lungoyi (Gaziantep Futbol Kulübü A.Ş., 2024)
ht/4522720
[3614522] Failed to scrape lineup: https://www.transfermarkt.co.uk/ss-lazio_fc-empoli/index/spielbericht/3614522
[4393203] Failed to build match row: Gaziantep Futbol Kulübü A.Ş. vs Göztepe Sportif Yatırımlar A.Ş.
[4188959] Could not find attributes for jordan longmuir (Pollok FC, 2023)
Not enough players found for lineup: 0, 11.
[3839467] Failed to scrape lineup: https://www.transfermarkt.co.uk/sc-freiburg_bayern-munich/index/spielbericht/3839467
[4188959] Failed to build match row: Pollok FC vs Gala Fairydean Rovers FC
[3672425] Failed to scrape lineup: https://www.transfermarkt.co.uk/spielbericht/index/spielbericht/3672425

Keepers & outfield error for **Motherwell Football Club** in Motherwell Football Club vs Ross County FC: Numbers: 0 and 11.
[3603237] Failed to build match row: Motherwell Football Club vs Ross County FC
[4373979] Failed to scrape lineup: https://www.transfermarkt.co.uk/hellas-verona_ac-monza/index/spielbericht/4373979
[4621054] Failed to scrape lineup: https://www.transfermarkt.co.uk/hellas-verona_us-lecce/index/spielbericht/4621054
[4368557] Failed to scrape lineup: https://www.transfermarkt.co.uk/aalborg-bk_fc-midtjylland/index/spielbericht/4368557
[3614523] Failed to scrape lineup: https://www.transfermarkt.co.uk/ac-milan_as-roma/index/spielbericht/3614523

Keepers & outfield error for **Club Atlético de Madrid S.A.D.** in Girona Fútbol Club S. A. D. vs Club Atlético de Madrid S.A.D.: Numbers: 2 and 9.
[4522723] Failed to scrape lineup: https://www.transfermarkt.co.uk/hamarkameratene_valerenga-fotball-elite/index/spielbericht/4522723
[4098888] Could not find attributes for parfait guiagon (Royal Charleroi Sporting Club, 2023)
[4098888] Failed to build match row: Royale Union Saint-Gilloise vs Royal Charleroi Sporting Club
[3886585] Failed to build match row: Girona Fútbol Club S. A. D. vs Club Atlético de Madrid S.A.D.
[3580165] Could not find attributes for zeca (Football Club København, 2021)
[3580165] Failed to build match row: Football Club København vs Aalborg BK

Keepers & outfield error for **Rio Ave Futebol Clube** in Rio Ave Futebol Clube vs Vitória Sport Clube: Numbers: 2 and 9.
[4109579] Failed to build match row: Rio Ave Futebol Clube vs Vitória Sport Clube
[4715965] Could not find attributes for flavius daniliuc (FC Basel 1893 AG, 2025)
[4715965] Failed to build match row: Olympique Lyonnais vs FC Basel 1893 AG
[4363981] Could not find attributes for rafik messali (Toulouse Football Club, 2024)
[4363981] Failed to build match row: Toulouse Football Club vs Stade brestois 29
[4625663] Could not find attributes for kristi qarri (KF Vllaznia, 2025)
[4625663] Failed to build match row: KF Vllaznia vs BFC Daugavpils

Keepers & outfield error for **Fatih Karagümrük Sportif Faaliyetler San. Tic. A.Ş.** in Fatih Karagümrük Sportif Faaliyetler San. Tic. A.Ş. vs Gençlerbirliği Spor Kulübü: Numbers: 0 and 11.
[3427187] Failed to build match row: Fatih Karagümrük Sportif Faaliyetler San. Tic. A.Ş. vs Gençlerbirliği Spor Kulübü

Keepers & outfield error for **Association Football Club Bournemouth** in Brentford Football Club vs Association Football Club Bournemouth: Numbers: 0 and 11.
[4087955] Failed to build match row: Brentford Football Club vs Association Football Club Bournemouth
[4373980] Failed to scrape lineup: https://www.transfermarkt.co.uk/juventus-fc_ss-lazio/index/spielbericht/4373980
[4368558] Failed to scrape lineup: https://www.transfermarkt.co.uk/randers-fc_brondby-if/index/spielbericht/4368558

Keepers & outfield error for **Atalanta Bergamasca Calcio S.p.a.** in Atalanta Bergamasca Calcio S.p.a. vs Genoa Cricket and Football Club: Numbers: 2 and 9.
[4621058] Failed to build match row: Atalanta Bergamasca Calcio S.p.a. vs Genoa Cricket and Football Club
[4436241] Failed to scrape lineup: https://www.transfermarkt.co.uk/spielbericht/index/spielbericht/4436241
[3614524] Failed to scrape lineup: https://www.transfermarkt.co.uk/us-salernitana-1919_venezia-fc/index/spielbericht/3614524
[3950396] Could not find attributes for laurits bust (Thisted FC, 2022)
[4098889] Failed to scrape lineup: https://www.transfermarkt.co.uk/kv-mechelen_royal-antwerp-fc/index/spielbericht/4098889
[3950396] Failed to build match row: Thisted FC vs Football Club København
[3886586] Failed to scrape lineup: https://www.transfermarkt.co.uk/villarreal-cf_real-betis-balompie/index/spielbericht/3886586
[3904812] Could not find attributes for dmitriy sychev (2DROTS Moskau, 2022)
[3580166] Failed to scrape lineup: https://www.transfermarkt.co.uk/aarhus-gf_brondby-if/index/spielbericht/3580166
[3904812] Failed to build match row: 2DROTS Moskau vs Chertanovo Moscow
[4480631] Could not find attributes for jack wadham (Worthing FC, 2024)
[4480631] Failed to build match row: Worthing FC vs Morecambe FC
[4715966] Failed to scrape lineup: https://www.transfermarkt.co.uk/spielbericht/index/spielbericht/4715966
[4087956] Failed to scrape lineup: https://www.transfermarkt.co.uk/brighton-amp-hove-albion_newcastle-united/index/spielbericht/4087956
[3427188] Failed to scrape lineup: https://www.transfermarkt.co.uk/goztepe_konyaspor/index/spielbericht/3427188
[4188961] Failed to scrape lineup: https://www.transfermarkt.co.uk/spielbericht/index/spielbericht/4188961
[4625664] Failed to scrape lineup: https://www.transfermarkt.co.uk/spielbericht/index/spielbericht/4625664
[3603238] Could not find attributes for tony gallacher (St. Johnstone FC, 2021)
[3603238] Failed to build match row: St. Johnstone FC vs Rangers Football Club
[4368559] Failed to scrape lineup: https://www.transfermarkt.co.uk/silkeborg-if_lyngby-boldklub/index/spielbericht/4368559
[4393204] Could not find attributes for ali aytemur (Bodrum FK, 2024)
[4393204] Failed to build match row: Bodrum FK vs Alanyaspor
[4436242] Failed to scrape lineup: https://www.transfermarkt.co.uk/spielbericht/index/spielbericht/4436242
[4582076] Failed to scrape lineup: https://www.transfermarkt.co.uk/sport-club-internacional_mirassol-futebol-clube-sp-/index/spielbericht/4582076
[4098890] Failed to scrape lineup: https://www.transfermarkt.co.uk/kas-eupen_rsc-anderlecht/index/spielbericht/4098890
[3950397] Failed to scrape lineup: https://www.transfermarkt.co.uk/spielbericht/index/spielbericht/3950397
[3904814] Failed to scrape lineup: https://www.transfermarkt.co.uk/spielbericht/index/spielbericht/3904814
[4480632] Failed to scrape lineup: https://www.transfermarkt.co.uk/spielbericht/index/spielbericht/4480632
[4087957] Failed to scrape lineup: https://www.transfermarkt.co.uk/burnley-fc_tottenham-hotspur/index/spielbericht/4087957
[3427189] Failed to scrape lineup: https://www.transfermarkt.co.uk/trabzonspor_antalyaspor/index/spielbericht/3427189
[4188962] Failed to scrape lineup: https://www.transfermarkt.co.uk/spielbericht/index/spielbericht/4188962
[4625665] Could not find attributes for aldayr hernandez (FK Kauno Zalgiris, 2025)
[4625665] Failed to build match row: FK Kauno Zalgiris vs Penybont FC
[4582077] Failed to scrape lineup: https://www.transfermarkt.co.uk/esporte-clube-bahia_esporte-clube-vitoria/index/spielbericht/4582077

Keepers & outfield error for **Paris Saint-Germain Football Club** in Paris Saint-Germain Football Club vs Football Club Lorient-Bretagne Sud: Numbers: 2 and 9.
[3589477] Failed to build match row: Paris Saint-Germain Football Club vs Football Club Lorient-Bretagne Sud
[4148235] Could not find attributes for enea kolici (FC Ballkani, 2023)
[4148235] Failed to build match row: FC Ballkani vs Lincoln Red Imps FC
[3950398] Failed to scrape lineup: https://www.transfermarkt.co.uk/spielbericht/index/spielbericht/3950398
[4098891] Failed to scrape lineup: https://www.transfermarkt.co.uk/standard-liege_rsc-anderlecht/index/spielbericht/4098891
[4522724] Could not find attributes for daniel schneider (KFUM-Kameratene Oslo, 2024)
[4522724] Failed to build match row: KFUM-Kameratene Oslo vs Kristiansund Ballklubb
[4480633] Failed to scrape lineup: https://www.transfermarkt.co.uk/spielbericht/index/spielbericht/4480633
[4400808] Could not find attributes for aleksandr marochkin (FC Astana, 2024)
[4400808] Failed to build match row: FC Astana vs FC Milsami Orhei
[4087958] Failed to scrape lineup: https://www.transfermarkt.co.uk/chelsea-fc_nottingham-forest/index/spielbericht/4087958
[4363983] Failed to scrape lineup: https://www.transfermarkt.co.uk/stade-reims_olympique-marseille/index/spielbericht/4363983
[3433476] Failed to scrape lineup: https://www.transfermarkt.co.uk/as-roma_bologna-fc-1909/index/spielbericht/3433476
[4368716] Could not find attributes for artem shabanov (FC Oleksandriya, 2024)
[4368716] Failed to build match row: FC Oleksandriya vs Futbolniy Klub Dynamo Kyiv
[4148236] Failed to scrape lineup: https://www.transfermarkt.co.uk/spielbericht/index/spielbericht/4148236
[3950399] Failed to scrape lineup: https://www.transfermarkt.co.uk/spielbericht/index/spielbericht/3950399
[4373981] Could not find attributes for ante rebic (Unione Sportiva Lecce, 2024)
[4373981] Failed to build match row: Unione Sportiva Lecce vs Associazione Calcio Fiorentina
[4522725] Failed to scrape lineup: https://www.transfermarkt.co.uk/molde-fk_sandefjord-fotball/index/spielbericht/4522725
[4480634] Failed to scrape lineup: https://www.transfermarkt.co.uk/spielbericht/index/spielbericht/4480634
[4087959] Failed to scrape lineup: https://www.transfermarkt.co.uk/crystal-palace_wolverhampton-wanderers/index/spielbericht/4087959
[4621059] Could not find attributes for massimo pessina (Bologna Football Club 1909, 2025)
[4621059] Failed to build match row: Bologna Football Club 1909 vs Cagliari Calcio

Keepers & outfield error for **Futebol Clube de Famalicão** in Futebol Clube de Famalicão vs Sport Lisboa e Benfica: Numbers: 0 and 11.
[4109580] Failed to build match row: Futebol Clube de Famalicão vs Sport Lisboa e Benfica
[4400809] Could not find attributes for pano qirko (FK Partizani, 2024)
[4400809] Failed to build match row: FK Partizani vs Iberia 1999 Tbilisi
[4393205] Could not find attributes for malcom bokele (Göztepe Sportif Yatırımlar A.Ş., 2024)
[4393205] Failed to build match row: Göztepe Sportif Yatırımlar A.Ş. vs Konyaspor
[4148237] Failed to scrape lineup: https://www.transfermarkt.co.uk/spielbericht/index/spielbericht/4148237
[4368717] Failed to scrape lineup: https://www.transfermarkt.co.uk/vorskla-poltava_shakhtar-donetsk/index/spielbericht/4368717
[4480635] Failed to scrape lineup: https://www.transfermarkt.co.uk/spielbericht/index/spielbericht/4480635
[3904815] Could not find attributes for oleg suvorov (Biolog-Novokubansk Progress, 2022)
[3904815] Failed to build match row: Biolog-Novokubansk Progress vs Dinamo Stavropol
[3484199] Could not find attributes for tolaji bola (Rochdale AFC, 2020)
[3484199] Failed to build match row: Rochdale AFC vs Stockport County
[4715967] Could not find attributes for soualiho meite (Panthessalonikios Athlitikos Omilos Konstantinoupoliton, 2025)
[4715967] Failed to build match row: Panthessalonikios Athlitikos Omilos Konstantinoupoliton vs Real Betis Balompié S.A.D.
[4109581] Failed to scrape lineup: https://www.transfermarkt.co.uk/sc-farense_gd-estoril-praia/index/spielbericht/4109581
[4368718] Failed to scrape lineup: https://www.transfermarkt.co.uk/kryvbas-kryvyi-rig_chornomorets-odesa/index/spielbericht/4368718
[4148238] Failed to scrape lineup: https://www.transfermarkt.co.uk/spielbericht/index/spielbericht/4148238
[4393206] Failed to scrape lineup: https://www.transfermarkt.co.uk/galatasaray_samsunspor/index/spielbericht/4393206
[4625666] Could not find attributes for davor taleski (Vardar Skopje, 2025)
[4436243] Could not find attributes for zico asare (Harrogate Town, 2023)
[4436243] Failed to build match row: Harrogate Town vs Preston North End
[4625666] Failed to build match row: Vardar Skopje vs La Fiorita 1967
[3433477] Could not find attributes for guglielmo vicario (Cagliari Calcio, 2020)
[3433477] Failed to build match row: Football Club Internazionale Milano S.p.A. vs Cagliari Calcio

Keepers & outfield error for **Olympique de Marseille** in AS Saint-Étienne vs Olympique de Marseille: Numbers: 2 and 9.
[3589478] Failed to build match row: AS Saint-Étienne vs Olympique de Marseille
[4522726] Could not find attributes for menno koch (Sarpsborg 08 Fotballforening, 2024)
[4522726] Failed to build match row: Sarpsborg 08 Fotballforening vs Fotballklubben Bodø/Glimt

Keepers & outfield error for **Boavista FC** in Boavista FC vs FC Vizela: Numbers: 0 and 11.
[4109582] Failed to build match row: Boavista FC vs FC Vizela

Keepers & outfield error for **Fortaleza CEIF** in Fortaleza CEIF vs Boyacá Chicó FC: Numbers: 4 and 7.
[4693313] Failed to build match row: Fortaleza CEIF vs Boyacá Chicó FC
[4393207] Failed to scrape lineup: https://www.transfermarkt.co.uk/basaksehir-fk_besiktas-jk/index/spielbericht/4393207
[4188963] Could not find attributes for craig mitchell (Luncarty FC, 2023)
[4188963] Failed to build match row: Luncarty FC vs Bo'ness United FC
[4368719] Could not find attributes for yevgeniy kucherenko (LNZ Cherkasy, 2024)
[4368719] Failed to build match row: LNZ Cherkasy vs Livyi Bereg Kyiv
[4363984] Could not find attributes for wesley said (Racing Club de Lens, 2024)
[4363984] Failed to build match row: Lille Olympique Sporting Club vs Racing Club de Lens
[4715968] Could not find attributes for soualiho meite (Panthessalonikios Athlitikos Omilos Konstantinoupoliton, 2025)
[4715968] Failed to build match row: Panthessalonikios Athlitikos Omilos Konstantinoupoliton vs Maccabi Tel Aviv
[3904816] Could not find attributes for nikita yavorskiy (Tekstilshchik Ivanovo, 2022)
[3904816] Failed to build match row: Tekstilshchik Ivanovo vs 2DROTS Moskau

Keepers & outfield error for **Aston Villa Football Club** in Liverpool Football Club vs Aston Villa Football Club: Numbers: 0 and 11.

Keepers & outfield error for **Espanol** in Real Madrid Club de Fútbol vs Espanol: Numbers: 0 and 11.
[4087960] Failed to build match row: Liverpool Football Club vs Aston Villa Football Club
[3886587] Failed to build match row: Real Madrid Club de Fútbol vs Espanol
[4400810] Could not find attributes for tsotne nadaraia (Torpedo Kutaisi, 2024)
[4400810] Failed to build match row: Torpedo Kutaisi vs Omonia Nicosia
[3762378] Could not find attributes for rostislav soldatenko (Alania Vladikavkaz, 2021)
[3762378] Failed to build match row: Alania Vladikavkaz vs AO FK Zenit Sankt-Peterburg
[4625667] Could not find attributes for bradley banda (St Joseph's FC, 2025)
[4625667] Failed to build match row: St Joseph's FC vs Cliftonville FC
[4109583] Could not find attributes for mansur (Club Football Estrela da Amadora, 2023)
[4109583] Failed to build match row: Club Football Estrela da Amadora vs Gil Vicente Futebol Clube
[4148239] Could not find attributes for federico marchetti (Hamrun Spartans, 2023)
[4148239] Failed to build match row: Hamrun Spartans vs Ferencvárosi TC
[3904817] Could not find attributes for egor smirnov (FC Leningradets, 2022)
[3904817] Failed to build match row: FC Leningradets vs Electron Velikiy Novgorod
[4522727] Could not find attributes for alie conteh (Strømsgodset IF, 2024)
[4522727] Failed to build match row: Strømsgodset IF vs Fredrikstad Fotballklubb
[3839469] Could not find attributes for dennis geiger (Turn- und Sportgemeinschaft 1899 Hoffenheim Fußball-Spielbetriebs, 2022)
[3433478] Could not find attributes for ardian ismajli (Spezia Calcio, 2020)
[3839469] Failed to build match row: Turn- und Sportgemeinschaft 1899 Hoffenheim Fußball-Spielbetriebs vs FC Schalke 04
[3433478] Failed to build match row: Spezia Calcio vs FC Crotone
[4436244] Could not find attributes for callum marshall (Huddersfield Town, 2023)
[4480636] Could not find attributes for marcus dewhurst (Aldershot Town, 2024)
[4480636] Failed to build match row: Bradford City vs Aldershot Town
[4436244] Failed to build match row: Walsall FC vs Huddersfield Town

Keepers & outfield error for **Oud-Heverlee Leuven** in Oud-Heverlee Leuven vs St Truiden: Numbers: 0 and 11.
[4098893] Failed to build match row: Oud-Heverlee Leuven vs St Truiden
[4715969] Could not find attributes for soualiho meite (Panthessalonikios Athlitikos Omilos Konstantinoupoliton, 2025)
[4715969] Failed to build match row: Panthessalonikios Athlitikos Omilos Konstantinoupoliton vs Berner Sport Club Young Boys
[3762379] Could not find attributes for mikhail oparin (Enisey Krasnoyarsk, 2021)
[3762379] Failed to build match row: Enisey Krasnoyarsk vs FC Rubin Kazan

Keepers & outfield error for **Valencia Club de Fútbol S. A. D.** in Valencia Club de Fútbol S. A. D. vs Club Atlético Osasuna: Numbers: 2 and 9.
[3886588] Failed to build match row: Valencia Club de Fútbol S. A. D. vs Club Atlético Osasuna
[4368720] Could not find attributes for mykyta turbayevskyi (FC Zorya Lugansk, 2024)
[4368720] Failed to build match row: FC Zorya Lugansk vs Ingulets Petrove
[3427190] Could not find attributes for francois moubandje (Alanyaspor, 2020)
[3427190] Failed to build match row: Alanyaspor vs Erzurumspor FK

Keepers & outfield error for **Al-Fateh Club** in Al-Fateh Club vs Al-Khaleej Club (Saihat): Numbers: 0 and 11.
[4750235] Failed to build match row: Al-Fateh Club vs Al-Khaleej Club (Saihat)
[3839470] Failed to scrape lineup: https://www.transfermarkt.co.uk/borussia-monchengladbach_vfl-wolfsburg/index/spielbericht/3839470
[3603240] Failed to scrape lineup: https://www.transfermarkt.co.uk/hibernian-fc_dundee-united-fc/index/spielbericht/3603240
[4436245] Failed to scrape lineup: https://www.transfermarkt.co.uk/spielbericht/index/spielbericht/4436245
[3484200] Could not find attributes for vaclav hladky (Salford City, 2020)
[3484200] Failed to build match row: Salford City vs Hartlepool United
[4693314] Failed to scrape lineup: https://www.transfermarkt.co.uk/atletico-nacional_deportivo-cali/index/spielbericht/4693314
[4400811] Could not find attributes for vincent decker (F91 Dudelange, 2024)
[4400811] Failed to build match row: BK Häcken vs F91 Dudelange
[3580175] Could not find attributes for paulinho (Fodbold Club Midtjylland, 2021)
[3580175] Failed to build match row: Aalborg BK vs Fodbold Club Midtjylland

Keepers & outfield error for **Sporting Clube de Braga** in Sporting Clube de Braga vs Grupo Desportivo Estoril Praia: Numbers: 0 and 11.
[4273950] Failed to build match row: Sporting Clube de Braga vs Grupo Desportivo Estoril Praia
[4148240] Could not find attributes for kenan piric (AEK Larnaca, 2023)
[4148240] Failed to build match row: AEK Larnaca vs Maccabi Tel Aviv
[4522728] Could not find attributes for abubacarr sedi kinteh (Tromsø Idrettslag, 2024)
[4522728] Failed to build match row: Tromsø Idrettslag vs Viking Fotballklubb
[3589480] Could not find attributes for adil rami (ESTAC Troyes, 2021)
[3589480] Failed to build match row: ESTAC Troyes vs Stade Reims
[4393208] Could not find attributes for rachid ghezzal (Çaykur Rizespor Kulübü, 2024)
[4393208] Failed to build match row: Çaykur Rizespor Kulübü vs Trabzonspor Kulübü
[4188964] Could not find attributes for kieran sweeney (Jeanfield Swifts FC, 2023)
[4188964] Failed to build match row: Jeanfield Swifts FC vs Elgin City FC
[3433479] Could not find attributes for gianluca scamacca (Genoa Cricket and Football Club, 2020)
[3433479] Failed to build match row: Juventus Football Club vs Genoa Cricket and Football Club
[4368721] Could not find attributes for andrey kozhukhar (NK Veres Rivne, 2024)
[4368721] Failed to build match row: NK Veres Rivne vs FK Karpaty Lviv
[3427191] Could not find attributes for zvonimir sarlija (MKE Ankaragücü, 2020)
[3427191] Failed to build match row: Kasımpaşa A.Ş. vs MKE Ankaragücü
[4582078] Failed to scrape lineup: https://www.transfermarkt.co.uk/ceara-sporting-club_sport-club-do-recife/index/spielbericht/4582078
[3484201] Failed to build match row: Stevenage FC vs Concord Rangers
[4634186] Could not find attributes for vini souza (Verein für Leibesübungen Wolfsburg, 2025)
[4634186] Failed to build match row: Verein für Leibesübungen Wolfsburg vs Verein für Bewegungsspiele Stuttgart 1893
[4109584] Could not find attributes for taichi fukui (Portimonense SC, 2023)
[4109584] Failed to build match row: SC Farense vs Portimonense SC
[3951263] Could not find attributes for ruslan yunusov (FK Chita (-2022), 2019)
[3951263] Failed to build match row: FK Chita (-2022) vs Luch Vladivostok
[3589497] Failed to scrape lineup: https://www.transfermarkt.co.uk/angers-sco_losc-lille/index/spielbericht/3589497

Keepers & outfield error for **Manchester City Football Club** in Manchester City Football Club vs Fulham Football Club: Numbers: 0 and 11.
[4087962] Failed to build match row: Manchester City Football Club vs Fulham Football Club
[4148241] Could not find attributes for abdul rahman baba (Panthessalonikios Athlitikos Omilos Konstantinoupoliton, 2023)
[3904818] Could not find attributes for leonid balagansky (FC Ryazan, 2022)

Keepers & outfield error for **Sevilla Fútbol Club S.A.D.** in Sevilla Fútbol Club S.A.D. vs UD Almería: Numbers: 2 and 9.
[4148241] Failed to build match row: HNK Hajduk Split vs Panthessalonikios Athlitikos Omilos Konstantinoupoliton
[3672426] Could not find attributes for nikolaos spiliotis (AO Ypatou, 2021)
[3904818] Failed to build match row: FC Ryazan vs FC Kolomna

Keepers & outfield error for **Motherwell Football Club** in Motherwell Football Club vs Saint Mirren Football Club: Numbers: 0 and 11.
[3886589] Failed to build match row: Sevilla Fútbol Club S.A.D. vs UD Almería
[3672426] Failed to build match row: AO Ypatou vs AO Trikala
[3603241] Failed to build match row: Motherwell Football Club vs Saint Mirren Football Club
[3451159] Could not find attributes for antonio barragan (Elche Club de Fútbol S.A.D., 2020)
[3451159] Failed to build match row: Elche Club de Fútbol S.A.D. vs SD Eibar

Keepers & outfield error for **Blackburn Rovers** in Blackburn Rovers vs Blackpool FC: Numbers: 2 and 9.
[4436246] Failed to build match row: Blackburn Rovers vs Blackpool FC
[4750236] Could not find attributes for kewin (Damac Football Club, 2025)
[4750236] Failed to build match row: Damac Football Club vs Al-Okhdood Club
[4274150] Could not find attributes for kodai sano (Nijmegen Eendracht Combinatie, 2023)
[4274150] Failed to build match row: Nijmegen Eendracht Combinatie vs ADO Den Haag
[4400812] Could not find attributes for stefan popovic (FK Mornar Bar, 2024)
[4400812] Failed to build match row: FK Mornar Bar vs FK Radnički 1923 Kragujevac
[4850766] Could not find attributes for griffin dillon (Real Salt Lake, 2025)
[4850766] Failed to build match row: Real Salt Lake vs Houston Dynamo
[4393209] Could not find attributes for tolga kalender (Adana Demirspor, 2024)
[4393209] Failed to build match row: Adana Demirspor vs Eyüp Spor Kulübü

Keepers & outfield error for **Göteborgs Atlet- och Idrottssällskap** in Göteborgs Atlet- och Idrottssällskap vs Djurgårdens Idrottsförening: Numbers: 2 and 9.
[4802670] Failed to build match row: Göteborgs Atlet- och Idrottssällskap vs Djurgårdens Idrottsförening
[4625668] Could not find attributes for mladen jurkas (FK Borac Banja Luka, 2025)
[4625668] Failed to build match row: FK Borac Banja Luka vs FC Santa Coloma
[4715970] Could not find attributes for soualiho meite (Panthessalonikios Athlitikos Omilos Konstantinoupoliton, 2025)
[4715970] Failed to build match row: Panthessalonikios Athlitikos Omilos Konstantinoupoliton vs Sportsklubben Brann
[4634187] Could not find attributes for rani khedira (1. Fußballclub Union Berlin, 2025)
[4634187] Failed to build match row: 1. Fußballclub Union Berlin vs Mönchengladbach
[3839472] Could not find attributes for arne engels (Fußball-Club Augsburg 1907, 2022)
[3839472] Failed to build match row: Fußball-Club Augsburg 1907 vs 1. Fußball-Club Köln
[4087963] Could not find attributes for wes foderingham (Sheffield United, 2023)
[4087963] Failed to build match row: Sheffield United vs Everton Football Club

Keepers & outfield error for **Società Sportiva Lazio S.p.A.** in Verona Hellas Football Club vs Società Sportiva Lazio S.p.A.: Numbers: 2 and 9.
[3433480] Failed to build match row: Verona Hellas Football Club vs Società Sportiva Lazio S.p.A.
[3953737] Could not find attributes for aleksey smirnov (KamAZ Naberezhnye Chelny, 2022)
[3953737] Failed to build match row: KamAZ Naberezhnye Chelny vs Zvezda St. Petersburg
[3589498] Could not find attributes for danylo ignatenko (FC Girondins Bordeaux, 2021)
[3589498] Failed to build match row: FC Girondins Bordeaux vs Football Club de Metz
[4109585] Could not find attributes for robson bambu (Futebol Clube de Arouca, 2023)

Keepers & outfield error for **Club Atlético de Madrid S.A.D.** in Club Atlético de Madrid S.A.D. vs Valencia Club de Fútbol S. A. D.: Numbers: 2 and 9.
[3886590] Failed to build match row: Club Atlético de Madrid S.A.D. vs Valencia Club de Fútbol S. A. D.
[4109585] Failed to build match row: Futebol Clube de Arouca vs Vitória Sport Clube
[4148242] Could not find attributes for senou coulibaly (Omonia Nicosia, 2023)
[4148242] Failed to build match row: Omonia Nicosia vs Fodbold Club Midtjylland
[4693315] Could not find attributes for danovis banguero (Millonarios FC, 2025)
[4693315] Failed to build match row: Deportivo Pereira vs Millonarios FC
[3580176] Failed to scrape lineup: https://www.transfermarkt.co.uk/fc-nordsjaelland_aarhus-gf/index/spielbericht/3580176
[4437430] Could not find attributes for bruno varela (Vitória Sport Clube, 2024)
[4625672] Could not find attributes for kristian joensen (NSÍ Runavík, 2025)
[4621063] Could not find attributes for roberto gagliardini (Verona Hellas Football Club, 2025)
[4437430] Failed to build match row: Vitória Sport Clube vs HSK Zrinjski Mostar

Keepers & outfield error for **Al-Nassr Football Club** in Al-Nassr Football Club vs Al-Ettifaq Football Club: Numbers: 0 and 11.
[4621063] Failed to build match row: Juventus Football Club vs Verona Hellas Football Club
[4625672] Failed to build match row: HJK Helsinki vs NSÍ Runavík
[4480637] Could not find attributes for josh endall (Hednesford Town, 2024)
[4480637] Failed to build match row: Hednesford Town vs Gainsborough Trinity
[4750237] Failed to build match row: Al-Nassr Football Club vs Al-Ettifaq Football Club
[4188965] Could not find attributes for lewis martin (Brechin City FC, 2023)
[4188965] Failed to build match row: Brechin City FC vs The Spartans FC
[4400813] Could not find attributes for krisjanis zviedris (FK Auda, 2024)
[4522730] Failed to scrape lineup: https://www.transfermarkt.co.uk/hamarkameratene_bryne-fk/index/spielbericht/4522730
[4400813] Failed to build match row: FK Auda vs Cliftonville FC
[4802671] Could not find attributes for hampus gustafsson (Örgryte IS, 2025)
[4802671] Failed to build match row: Örgryte IS vs Malmö Fotbollförening
[3953738] Could not find attributes for sergey eshchenko (Kuban Krasnodar, 2022)
[3953738] Failed to build match row: Kuban Krasnodar vs Volga Uljanovsk
[3839473] Could not find attributes for tolga cigerci (Hertha BSC, 2022)
[3839473] Failed to build match row: Hertha BSC vs RasenBallsport Leipzig
[4368722] Failed to scrape lineup: https://www.transfermarkt.co.uk/rukh-lviv_polissya-zhytomyr/index/spielbericht/4368722
[4582079] Failed to scrape lineup: https://www.transfermarkt.co.uk/esporte-clube-juventude_fluminense-football-club/index/spielbericht/4582079
[3953739] Could not find attributes for sergey volkov (Akron Togliatti, 2022)
[3953739] Failed to build match row: Akron Togliatti vs Alania Vladikavkaz
[4693316] Could not find attributes for washington aguerre (Independiente Medellín, 2025)
[4693316] Failed to build match row: Independiente Medellín vs Fortaleza CEIF
[4148243] Could not find attributes for kristijan jajalo (KA Akureyri, 2023)
[4148243] Failed to build match row: Club Brugge Koninklijke Voetbalvereniging vs KA Akureyri

Keepers & outfield error for **Association Football Club Bournemouth** in Association Football Club Bournemouth vs Chelsea Football Club: Numbers: 0 and 11.
[4087964] Failed to build match row: Association Football Club Bournemouth vs Chelsea Football Club

Keepers & outfield error for **Futebol Clube do Porto** in FC Viktoria Plzeň, a.s. vs Futebol Clube do Porto: Numbers: 0 and 11.
[4715971] Failed to build match row: FC Viktoria Plzeň, a.s. vs Futebol Clube do Porto
[3904819] Failed to scrape lineup: https://www.transfermarkt.co.uk/spielbericht/index/spielbericht/3904819
[3672427] Could not find attributes for zacharias kavousakis (Panserraikos Serres, 2021)
[3672427] Failed to build match row: Panserraikos Serres vs Iraklis Thessaloniki
[4850767] Failed to scrape lineup: https://www.transfermarkt.co.uk/cf-montreal_chicago-fire-fc/index/spielbericht/4850767
[4522731] Could not find attributes for daniel schneider (KFUM-Kameratene Oslo, 2024)
[4522731] Failed to build match row: KFUM-Kameratene Oslo vs Molde Fotballklubb
[4750238] Could not find attributes for abdoulaye doucoure (Neom Sports Club, 2025)
[3603243] Could not find attributes for barrie mckay (Heart of Midlothian Football Club, 2021)
[4750238] Failed to build match row: Al-Ittihad Football Club vs Neom Sports Club
[3603243] Failed to build match row: Ross County FC vs Heart of Midlothian Football Club
[4393210] Failed to scrape lineup: https://www.transfermarkt.co.uk/antalyaspor_bodrum-fk/index/spielbericht/4393210
[4625673] Could not find attributes for dumitru celeadnic (Ordabasy Shymkent, 2025)
[4625673] Failed to build match row: Ordabasy Shymkent vs Torpedo Kutaisi
[4188966] Could not find attributes for owen stott (Beith Juniors FC, 2023)
[4188966] Failed to build match row: Beith Juniors FC vs BSC Glasgow
[4693317] Could not find attributes for joaquin mattalia (Unión Magdalena, 2025)
[4693317] Failed to build match row: Unión Magdalena vs Envigado FC
[4368723] Could not find attributes for oleksandr rybka (FK Obolon Kyiv, 2024)
[4368723] Failed to build match row: FK Obolon Kyiv vs FK Kolos Kovalivka
[4802672] Could not find attributes for abdoulaye doumbia (BK Häcken, 2025)
[4802672] Failed to build match row: BK Häcken vs Idrottsföreningen  Brommapojkarna
Not enough players found for lineup: 0, 0.
[3672428] Failed to scrape lineup: https://www.transfermarkt.co.uk/spielbericht/index/spielbericht/3672428
[4850768] Could not find attributes for adri mehmeti (Red Bull New York, 2025)
[4850768] Failed to build match row: Red Bull New York vs New York City Football Club
[3484202] Could not find attributes for remi matthews (Sunderland Association Football Club, 2020)
[3484202] Failed to build match row: Sunderland Association Football Club vs Mansfield Town
[3589499] Failed to scrape lineup: https://www.transfermarkt.co.uk/stade-brestois-29_fc-nantes/index/spielbericht/3589499
[4441381] Failed to scrape lineup: https://www.transfermarkt.co.uk/spielbericht/index/spielbericht/4441381
[3451160] Could not find attributes for dani escriche (SD Huesca, 2020)
[3451160] Failed to build match row: SD Huesca vs Granada CF
[4480638] Failed to scrape lineup: https://www.transfermarkt.co.uk/spielbericht/index/spielbericht/4480638
[4621064] Failed to scrape lineup: https://www.transfermarkt.co.uk/pisa-sporting-club_us-lecce/index/spielbericht/4621064
[4750239] Could not find attributes for loreintz rosier (Al-Hazem Sport Club, 2025)
[4750239] Failed to build match row: Al-Hazem Sport Club vs Al-Riyadh Saudi Club

Keepers & outfield error for **Casa Pia Atlético Clube** in Futebol Clube de Famalicão vs Casa Pia Atlético Clube: Numbers: 2 and 9.
[4109586] Failed to build match row: Futebol Clube de Famalicão vs Casa Pia Atlético Clube
[4148244] Could not find attributes for marko malenica (NK Osijek s.d.d., 2023)
[4148244] Failed to build match row: Adana Demirspor vs NK Osijek s.d.d.
[4274152] Failed to scrape lineup: https://www.transfermarkt.co.uk/spielbericht/index/spielbericht/4274152
[3433482] Failed to scrape lineup: https://www.transfermarkt.co.uk/uc-sampdoria_ssc-napoli/index/spielbericht/3433482
[4625674] Could not find attributes for metod jurhar (FC Koper, 2025)
[4625674] Failed to build match row: FC Koper vs FK Zeljeznicar Sarajevo
[4368724] Could not find attributes for eduard kozik (FK Kolos Kovalivka, 2024)
[4368724] Failed to build match row: FK Kolos Kovalivka vs FC Zorya Lugansk

Keepers & outfield error for **Philadelphia Union** in Philadelphia Union vs Columbus Crew: Numbers: 0 and 11.
[4850769] Failed to build match row: Philadelphia Union vs Columbus Crew
[4087965] Failed to scrape lineup: https://www.transfermarkt.co.uk/aston-villa_crystal-palace/index/spielbericht/4087965
[3673436] Could not find attributes for jordy tutuarima (Apollon Smyrnis, 2021)
[4400814] Could not find attributes for ilir dabjani (KF Egnatia, 2024)
[3673436] Failed to build match row: Apollon Smyrnis vs A.G.S Asteras Tripolis
[4400814] Failed to build match row: KF Egnatia vs Víkingur Reykjavík
[3589500] Could not find attributes for saif eddine khaoui (Clermont Foot 63, 2021)
[3589500] Failed to build match row: Clermont Foot 63 vs Paris Saint-Germain Football Club
[3953740] Could not find attributes for konstantin pliev (FK Ufa, 2022)
[3953740] Failed to build match row: FK Ufa vs Dinamo Makhachkala
[4148245] Could not find attributes for joshua king (Fenerbahçe Spor Kulübü, 2023)
[4148245] Failed to build match row: Fenerbahçe Spor Kulübü vs NK Maribor
[4522735] Could not find attributes for thomas kinn (Viking Fotballklubb, 2024)
[4522735] Failed to build match row: Viking Fotballklubb vs FK Haugesund
[4750240] Could not find attributes for nabil dunga (Al-Najma Sport Club, 2025)
[4750240] Failed to build match row: Al-Najma Sport Club vs Neom Sports Club

Keepers & outfield error for **Clube de Regatas do Flamengo** in Clube de Regatas do Flamengo vs Esporte Clube Juventude: Numbers: 0 and 11.
[4582080] Failed to build match row: Clube de Regatas do Flamengo vs Esporte Clube Juventude
[4368725] Could not find attributes for artem shabanov (FC Oleksandriya, 2024)
[3839483] Could not find attributes for dennis geiger (Turn- und Sportgemeinschaft 1899 Hoffenheim Fußball-Spielbetriebs, 2022)
[4368725] Failed to build match row: FC Oleksandriya vs Livyi Bereg Kyiv
[3839483] Failed to build match row: FC Bayern München vs Turn- und Sportgemeinschaft 1899 Hoffenheim Fußball-Spielbetriebs
[4274560] Could not find attributes for ernando ari (Indonesia, 2024)
[4274560] Failed to build match row: Australia vs Indonesia
[3886592] Failed to scrape lineup: https://www.transfermarkt.co.uk/real-betis-balompie_rcd-mallorca/index/spielbericht/3886592
[3580177] Failed to scrape lineup: https://www.transfermarkt.co.uk/randers-fc_odense-boldklub/index/spielbericht/3580177
[4802673] Failed to scrape lineup: https://www.transfermarkt.co.uk/if-elfsborg_ifk-goteborg/index/spielbericht/4802673
[3762380] Could not find attributes for evgeniy latyshonok (FK Baltika, 2021)
[3762380] Failed to build match row: FK Baltika vs FK Dinamo Moskva
[4109587] Could not find attributes for cezary miszta (Rio Ave Futebol Clube, 2023)
[4109587] Failed to build match row: Rio Ave Futebol Clube vs Sport Lisboa e Benfica
[4188967] Failed to scrape lineup: https://www.transfermarkt.co.uk/spielbericht/index/spielbericht/4188967
[4850770] Could not find attributes for justin ellis (Orlando City Soccer Club, 2025)
[4850770] Failed to build match row: Orlando City Soccer Club vs Atlanta United Football Club
[4441382] Could not find attributes for georgios lami (AE Evosmou, 2024)
[4441382] Failed to build match row: AE Evosmou vs Apollon Paralimniou
[3839484] Could not find attributes for arne engels (Fußball-Club Augsburg 1907, 2022)
[3839484] Failed to build match row: RasenBallsport Leipzig vs Fußball-Club Augsburg 1907
[3673437] Could not find attributes for zvonimir sarlija (Panathinaikos Athlitikos Omilos, 2021)
[3673437] Failed to build match row: Panathinaikos Athlitikos Omilos vs Ionikos Nikeas
[4400815] Could not find attributes for ebrima jarju (Paide Linnameeskond, 2024)
[4400815] Failed to build match row: Paide Linnameeskond vs Stjarnan Gardabaer
[4750241] Could not find attributes for loreintz rosier (Al-Hazem Sport Club, 2025)
[4750241] Failed to build match row: Al-Hazem Sport Club vs Al-Fayha FC
[3953956] Could not find attributes for gjoko zajkov (Vorskla Poltava, 2022)
[3953956] Failed to build match row: Vorskla Poltava vs SC Dnipro-1
[3451161] Failed to scrape lineup: https://www.transfermarkt.co.uk/ca-osasuna_sevilla-fc/index/spielbericht/3451161
[4393211] Failed to scrape lineup: https://www.transfermarkt.co.uk/kasimpasa_kayserispor/index/spielbericht/4393211
[3484203] Could not find attributes for matej kovar (Swindon Town, 2020)
[4693318] Could not find attributes for saleth puello (Asociación Deportivo Pasto, 2025)
[3484203] Failed to build match row: Swindon Town vs Darlington FC
[4693318] Failed to build match row: Asociación Deportivo Pasto vs Atlético Nacional
[4582081] Failed to build match row: S. A. F. Botafogo vs São Paulo Futebol Clube
[4368726] Could not find attributes for nazariy fedorivskyi (FK Obolon Kyiv, 2024)
[4368726] Failed to build match row: FC Shakhtar Donetsk vs FK Obolon Kyiv

Keepers & outfield error for **Getafe Club de Fútbol S. A. D. Team Dubai** in Getafe Club de Fútbol S. A. D. Team Dubai vs Sevilla Fútbol Club S.A.D.: Numbers: 2 and 9.
[4522736] Could not find attributes for vegar hedenstad (Vålerengens Idrettsforening, 2024)
tbol Club S.A.D.
[4522736] Failed to build match row: Vålerengens Idrettsforening vs Sarpsborg 08 Fotballforening

Keepers & outfield error for **Associazione Calcio Milan** in Unione Sportiva Sassuolo Calcio vs Associazione Calcio Milan: Numbers: 2 and 9.
[4621066] Failed to build match row: Unione Sportiva Sassuolo Calcio vs Associazione Calcio Milan
[4693319] Failed to scrape lineup: https://www.transfermarkt.co.uk/rionegro-aguilas_alianza-fc/index/spielbericht/4693319
[4802674] Failed to scrape lineup: https://www.transfermarkt.co.uk/degerfors-if_ik-sirius/index/spielbericht/4802674
[3484204] Failed to scrape lineup: https://www.transfermarkt.co.uk/spielbericht/index/spielbericht/3484204
[3763602] Could not find attributes for bastian oczipka (1. Fußballclub Union Berlin, 2021)
[3763602] Failed to build match row: RasenBallsport Leipzig vs 1. Fußballclub Union Berlin
[4188968] Could not find attributes for kelby mason (Tranent Juniors FC, 2023)
[4188968] Failed to build match row: Tranent Juniors FC vs East Kilbride FC

Keepers & outfield error for **Sporting Clube de Portugal** in Sporting Clube de Portugal vs GD Chaves: Numbers: 0 and 11.
[4109588] Failed to build match row: Sporting Clube de Portugal vs GD Chaves
[4582082] Failed to scrape lineup: https://www.transfermarkt.co.uk/sport-club-corinthians-paulista_fluminense-football-club/index/spielbericht/4582082
[4393212] Failed to scrape lineup: https://www.transfermarkt.co.uk/hatayspor_gaziantep-fk/index/spielbericht/4393212
[4480639] Could not find attributes for charlie raglan (Oldham Athletic, 2024)
[4480639] Failed to build match row: Tranmere Rovers vs Oldham Athletic

Keepers & outfield error for **Al-Taawoun Football Club** in Al-Taawoun Football Club vs Al-Kholood Club: Numbers: 2 and 9.
[3953957] Could not find attributes for valentyn gorokh (FC Oleksandriya, 2022)
[4750242] Failed to build match row: Al-Taawoun Football Club vs Al-Kholood Club
[3953957] Failed to build match row: FC Oleksandriya vs NK Veres Rivne
[4625675] Could not find attributes for gaston tellechea (KÍ Klaksvík, 2025)
[4625675] Failed to build match row: KÍ Klaksvík vs SJK Seinäjoki
[4693320] Could not find attributes for yeison suarez (Junior FC, 2025)
[4693320] Failed to build match row: Junior FC vs Deportivo Pereira
[4148246] Failed to scrape lineup: https://www.transfermarkt.co.uk/spielbericht/index/spielbericht/4148246
[4368727] Could not find attributes for dmytro ledviy (FC Rukh Lviv, 2024)
[4368727] Failed to build match row: Futbolniy Klub Dynamo Kyiv vs FC Rukh Lviv
[3839486] Failed to scrape lineup: https://www.transfermarkt.co.uk/1-fc-koln_1-fsv-mainz-05/index/spielbericht/3839486
[4274561] Failed to scrape lineup: https://www.transfermarkt.co.uk/spielbericht/index/spielbericht/4274561
[3580178] Failed to scrape lineup: https://www.transfermarkt.co.uk/fc-copenhagen_silkeborg-if/index/spielbericht/3580178
[4188969] Could not find attributes for joe barbour (Fraserburgh FC, 2023)
[4188969] Failed to build match row: Fraserburgh FC vs Bonnyrigg Rose FC
[4850771] Could not find attributes for dor turgeman (New England Revolution, 2025)
[4850771] Failed to build match row: New England Revolution vs Minnesota United FC

Keepers & outfield error for **Moreirense Futebol Clube** in Moreirense Futebol Clube vs Grupo Desportivo Estoril Praia: Numbers: 3 and 8.
[4441383] Failed to scrape lineup: https://www.transfermarkt.co.uk/spielbericht/index/spielbericht/4441383
[4109589] Failed to build match row: Moreirense Futebol Clube vs Grupo Desportivo Estoril Praia
[4274562] Could not find attributes for rebin sulaka (Iraq, 2024)
[4274562] Failed to build match row: Iraq vs Jordan
[4750243] Could not find attributes for anthony moris (Al-Khaleej Club (Saihat), 2025)
[4750243] Failed to build match row: Al-Khaleej Club (Saihat) vs Al-Hilal Saudi Football Club

Keepers & outfield error for **Real Sociedad de Fútbol S.A.D.** in Real Sociedad de Fútbol S.A.D. vs Alaves: Numbers: 0 and 11.
[3451163] Failed to build match row: Real Sociedad de Fútbol S.A.D. vs Alaves
[4393213] Could not find attributes for samuel moutoussamy (Sivasspor, 2024)
[4393213] Failed to build match row: Fenerbahçe Spor Kulübü vs Sivasspor
[3589502] Failed to scrape lineup: https://www.transfermarkt.co.uk/fc-lorient_as-saint-etienne/index/spielbericht/3589502
[4693321] Could not find attributes for dario denis (Boyacá Chicó FC, 2025)
[4693321] Failed to build match row: Boyacá Chicó FC vs Independiente Santa Fe
[3427192] Failed to scrape lineup: https://www.transfermarkt.co.uk/fenerbahce_sivasspor/index/spielbericht/3427192
[4621068] Could not find attributes for branimir mlacic (Udinese Calcio, 2025)
[4621068] Failed to build match row: Cagliari Calcio vs Udinese Calcio
[3904875] Failed to scrape lineup: https://www.transfermarkt.co.uk/spielbericht/index/spielbericht/3904875
[4715976] Failed to scrape lineup: https://www.transfermarkt.co.uk/spielbericht/index/spielbericht/4715976
[3484205] Failed to scrape lineup: https://www.transfermarkt.co.uk/spielbericht/index/spielbericht/3484205
[4087967] Failed to scrape lineup: https://www.transfermarkt.co.uk/manchester-united_brighton-amp-hove-albion/index/spielbericht/4087967
[3763705] Failed to scrape lineup: https://www.transfermarkt.co.uk/spielbericht/index/spielbericht/3763705

Keepers & outfield error for **Santos Futebol Clube** in Santos Futebol Clube vs Clube Atlético Mineiro: Numbers: 0 and 11.
[4582083] Failed to build match row: Santos Futebol Clube vs Clube Atlético Mineiro
[4274563] Failed to scrape lineup: https://www.transfermarkt.co.uk/spielbericht/index/spielbericht/4274563

Keepers & outfield error for **Real Valladolid CF** in Real Valladolid CF vs Real Madrid Club de Fútbol: Numbers: 2 and 9.
[3451164] Failed to build match row: Real Valladolid CF vs Real Madrid Club de Fútbol
[4850772] Could not find attributes for keisuke kurokawa (D.C. United, 2025)
[4850772] Failed to build match row: D.C. United vs St. Louis City Soccer Club
[4693322] Could not find attributes for brayan montano (Internacional de Bogotá, 2025)
[4693322] Failed to build match row: Internacional de Bogotá vs Deportes Tolima
[4522737] Failed to scrape lineup: https://www.transfermarkt.co.uk/bryne-fk_sarpsborg-08-ff/index/spielbericht/4522737
[4188970] Could not find attributes for brett long (Dumbarton FC, 2023)
[4188970] Failed to build match row: Dumbarton FC vs Banks O' Dee FC
[4802675] Failed to scrape lineup: https://www.transfermarkt.co.uk/kalmar-ff_vasteras-sk/index/spielbericht/4802675
[3953958] Could not find attributes for oleg mozil (TOV FK Metalist 1925 Kharkiv, 2022)

Keepers & outfield error for **Olympique de Marseille** in Olympique de Marseille vs Montpellier HSC: Numbers: 2 and 9.
[3953958] Failed to build match row: TOV FK Metalist 1925 Kharkiv vs Ingulets Petrove
[3904966] Could not find attributes for davyd alekseev (Dinamo Vladivostok, 2022)
[3904966] Failed to build match row: Dinamo Vladivostok vs Sibir Novosibirsk

Keepers & outfield error for **Futebol Clube do Porto** in Sporting Clube de Braga vs Futebol Clube do Porto: Numbers: 0 and 11.
[4109590] Failed to build match row: Sporting Clube de Braga vs Futebol Clube do Porto

Keepers & outfield error for **Olympiakos Syndesmos Filathlon Peiraios** in Panthessalonikios Athlitikos Omilos Konstantinoupoliton vs Olympiakos Syndesmos Filathlon Peiraios: Numbers: 2 and 9.
[3484206] Failed to scrape lineup: https://www.transfermarkt.co.uk/spielbericht/index/spielbericht/3484206
[3763706] Failed to build match row: Panthessalonikios Athlitikos Omilos Konstantinoupoliton vs Olympiakos Syndesmos Filathlon Peiraios
[4582084] Could not find attributes for alex muralha (Mirasol Futebol Clube, 2024)
[4582084] Failed to build match row: Mirasol Futebol Clube vs Grêmio Foot-Ball Porto Alegrense
[4400817] Failed to scrape lineup: https://www.transfermarkt.co.uk/spielbericht/index/spielbericht/4400817
[4625676] Failed to scrape lineup: https://www.transfermarkt.co.uk/spielbericht/index/spielbericht/4625676
[3451165] Could not find attributes for facundo ferreyra (Celta, 2020)
[3451165] Failed to build match row: Valencia Club de Fútbol S. A. D. vs Celta
[3589504] Could not find attributes for ike ugbo (ESTAC Troyes, 2021)
[3589504] Failed to build match row: Association sportive de Monaco Football Club vs ESTAC Troyes
[4087969] Failed to scrape lineup: https://www.transfermarkt.co.uk/nottingham-forest_burnley-fc/index/spielbericht/4087969
[3763707] Failed to scrape lineup: https://www.transfermarkt.co.uk/spielbericht/index/spielbericht/3763707
[3905061] Could not find attributes for ivan salnikov (Khimik Dzerzhinsk, 2022)
-rig_vorskla-poltava/index/spielbericht/4368728
[3905061] Failed to build match row: Khimik Dzerzhinsk vs FC Murom
[4274566] Could not find attributes for ebrahim lutfalla (Bahrain, 2024)
[4274566] Failed to build match row: Bahrain vs Japan
[4148248] Could not find attributes for sverre nypan (Rosenborg Ballklub, 2023)
[4148248] Failed to build match row: Rosenborg Ballklub vs Heart of Midlothian Football Club
[4715977] Could not find attributes for bamidele yusuf (Ferencvárosi TC, 2025)
[4715977] Failed to build match row: Ferencvárosi TC vs Ludogorets Razgrad
[4582085] Could not find attributes for lucas villalba (Cruzeiro Esporte Clube, 2024)
[4582085] Failed to build match row: Cruzeiro Esporte Clube vs Esporte Clube Bahia
[4368729] Failed to scrape lineup: https://www.transfermarkt.co.uk/polissya-zhytomyr_lnz-cherkasy/index/spielbericht/4368729
[4750244] Failed to scrape lineup: https://www.transfermarkt.co.uk/al-ahli-sfc_al-fateh-sc/index/spielbericht/4750244
[4693323] Could not find attributes for miguel ortega (Llaneros FC, 2025)
[4393214] Failed to scrape lineup: https://www.transfermarkt.co.uk/besiktas-jk_goztepe/index/spielbericht/4393214
[4693323] Failed to build match row: Llaneros FC vs Once Caldas

Keepers & outfield error for **Fredrikstad Fotballklubb** in Fredrikstad Fotballklubb vs Viking Fotballklubb: Numbers: 2 and 9.
[4522738] Failed to build match row: Fredrikstad Fotballklubb vs Viking Fotballklubb
Not enough players found for lineup: 0, 11.
[4441384] Failed to scrape lineup: https://www.transfermarkt.co.uk/spielbericht/index/spielbericht/4441384
[4148249] Failed to scrape lineup: https://www.transfermarkt.co.uk/spielbericht/index/spielbericht/4148249
[4274567] Failed to scrape lineup: https://www.transfermarkt.co.uk/spielbericht/index/spielbericht/4274567
[4400818] Failed to scrape lineup: https://www.transfermarkt.co.uk/spielbericht/index/spielbericht/4400818
[3603244] Could not find attributes for tony gallacher (St. Johnstone FC, 2021)
[3953959] Could not find attributes for dmytro kryskiv (FC Shakhtar Donetsk, 2022)
[3953959] Failed to build match row: FC Shakhtar Donetsk vs FC Zorya Lugansk
[3603244] Failed to build match row: St. Johnstone FC vs Livingston Football Club
[3886594] Could not find attributes for abde ezzalzouli (Club Atlético Osasuna, 2022)
[3886594] Failed to build match row: Club Atlético Osasuna vs Villarreal Club de Fútbol S.A.D.
[4582086] Failed to scrape lineup: https://www.transfermarkt.co.uk/sport-club-internacional_sociedade-esportiva-palmeiras/index/spielbericht/4582086
[4087970] Could not find attributes for wes foderingham (Sheffield United, 2023)
[4087970] Failed to build match row: Tottenham Hotspur Football Club vs Sheffield United
[3451174] Could not find attributes for ante budimir (Club Atlético Osasuna, 2020)
[3451174] Failed to build match row: Alaves vs Club Atlético Osasuna
[3905064] Could not find attributes for pavel ovchinnikov (Kosmos Dolgoprudnyi, 2022)
[4368730] Failed to scrape lineup: https://www.transfermarkt.co.uk/chornomorets-odesa_karpaty-lviv/index/spielbericht/4368730
[4715978] Could not find attributes for bamidele yusuf (Ferencvárosi TC, 2025)
[4715978] Failed to build match row: Ferencvárosi TC vs Panathinaikos Athlitikos Omilos
[3763708] Failed to scrape lineup: https://www.transfermarkt.co.uk/spielbericht/index/spielbericht/3763708
[4109912] Could not find attributes for danny namaso (Futebol Clube do Porto, 2023)
[4109912] Failed to build match row: Sport Lisboa e Benfica vs Futebol Clube do Porto
[4522739] Could not find attributes for aksel baran potur (Hamarkameratene, 2024)
[4522739] Failed to build match row: Hamarkameratene vs FK Haugesund
[4441385] Failed to scrape lineup: https://www.transfermarkt.co.uk/spielbericht/index/spielbericht/4441385
[3886595] Failed to scrape lineup: https://www.transfermarkt.co.uk/ud-almeria_cadiz-cf/index/spielbericht/3886595
[4275923] Could not find attributes for matija nastasic (Real Club Deportivo Mallorca S.A.D., 2023)
[4275923] Failed to build match row: Real Club Deportivo Mallorca S.A.D. vs Real Sociedad de Fútbol S.A.D.
[4750245] Could not find attributes for kewin (Damac Football Club, 2025)
[4750245] Failed to build match row: Damac Football Club vs Al-Qadsiah Saudi Football Club

Keepers & outfield error for **Olympique Lyonnais** in Racing Club de Strasbourg Alsace vs Olympique Lyonnais: Numbers: 2 and 9.
[3589506] Failed to build match row: Racing Club de Strasbourg Alsace vs Olympique Lyonnais
[4393215] Could not find attributes for samuel moutoussamy (Sivasspor, 2024)
[4393215] Failed to build match row: Sivasspor vs Kasımpaşa A.Ş.
[4621070] Could not find attributes for riccardo braschi (Associazione Calcio Fiorentina, 2025)
[4621070] Failed to build match row: Associazione Calcio Fiorentina vs Genoa Cricket and Football Club
[4693324] Could not find attributes for fabian viafara (Deportivo Cali, 2025)
[4693324] Failed to build match row: Deportivo Cali vs CD América de Cali
[4400819] Could not find attributes for milan mijatovic (Buducnost Podgorica, 2024)
[4400819] Failed to build match row: Buducnost Podgorica vs CSKA 1948
[4802676] Could not find attributes for axel kouame (Allmänna Idrottsklubben, 2025)
[4802676] Failed to build match row: Allmänna Idrottsklubben vs Kalmar Fotbollförening
[4582087] Could not find attributes for lucas halter (Esporte Clube Vitória, 2024)
[4368732] Could not find attributes for nazariy fedorivskyi (FK Obolon Kyiv, 2024)
be
[4368732] Failed to build match row: FK Obolon Kyiv vs FC Zorya Lugansk
[3953960] Could not find attributes for kostyantyn vivcharenko (Futbolniy Klub Dynamo Kyiv, 2022)
[3953960] Failed to build match row: Futbolniy Klub Dynamo Kyiv vs FK Kolos Kovalivka

Keepers & outfield error for **Gzira United FC** in FC Viktoria Plzeň, a.s. vs Gzira United FC: Numbers: 0 and 11.
[4148250] Failed to build match row: FC Viktoria Plzeň, a.s. vs Gzira United FC
[3905065] Could not find attributes for artem shabanov (Videoton FC, 2022)
[3905065] Failed to build match row: 1. Fußball-Club Köln vs Videoton FC
[4802677] Could not find attributes for max larsson (Djurgårdens Idrottsförening, 2025)
[4802677] Failed to build match row: Djurgårdens Idrottsförening vs Malmö Fotbollförening

Keepers & outfield error for **Ceará Sporting Club** in Ceará Sporting Club vs Club de Regatas Vasco da Gama: Numbers: 2 and 9.
[4582088] Failed to build match row: Ceará Sporting Club vs Club de Regatas Vasco da Gama
[3580182] Could not find attributes for zeca (Football Club København, 2021)
[3580182] Failed to build match row: Odense Boldklub vs Football Club København

Keepers & outfield error for **Athletic Club Bilbao** in Club Atlético de Madrid S.A.D. vs Athletic Club Bilbao: Numbers: 2 and 9.
[4275924] Failed to build match row: Club Atlético de Madrid S.A.D. vs Athletic Club Bilbao
[4715980] Could not find attributes for colby donovan (The Celtic Football Club, 2025)
[4715980] Failed to build match row: The Celtic Football Club vs Sporting Clube de Braga
[3953961] Could not find attributes for orest kostyk (Metalist Kharkiv, 2022)
[3953961] Failed to build match row: Metalist Kharkiv vs FK Kryvbas Kryvyi Rig
[4480640] Could not find attributes for connor mcbride (Rochdale AFC, 2024)
[4480640] Failed to build match row: Rochdale AFC vs Bromley FC
[3451175] Failed to scrape lineup: https://www.transfermarkt.co.uk/celta-de-vigo_real-valladolid-cf/index/spielbericht/3451175
[3589516] Could not find attributes for sergey bozhin (PFK Krylya Sovetov Samara, 2021)
[4522742] Could not find attributes for zinedin smajlovic (Sandefjord Fotball, 2024)
[4522742] Failed to build match row: Strømsgodset IF vs Sandefjord Fotball
[4148251] Could not find attributes for yevgeniy kucherenko (FC Dila Gori, 2023)
[4148251] Failed to build match row: FC Dila Gori vs APOEL Nicosia
[4087971] Failed to scrape lineup: https://www.transfermarkt.co.uk/west-ham-united_manchester-city/index/spielbericht/4087971
[4112805] Failed to scrape lineup: https://www.transfermarkt.co.uk/ud-almeria_rayo-vallecano/index/spielbericht/4112805
[4441386] Failed to scrape lineup: https://www.transfermarkt.co.uk/spielbericht/index/spielbericht/4441386
[4625677] Could not find attributes for henri avagyan (FC Pyunik Yerevan, 2025)
[4625677] Failed to build match row: FC Pyunik Yerevan vs Tre Fiori FC
[4750246] Failed to scrape lineup: https://www.transfermarkt.co.uk/al-okhdood-club_al-nassr-fc/index/spielbericht/4750246
[3484207] Could not find attributes for junior brown (Scunthorpe United, 2020)
[3451176] Failed to scrape lineup: https://www.transfermarkt.co.uk/cadiz-cf_real-betis-balompie/index/spielbericht/3451176
[3484207] Failed to build match row: Scunthorpe United vs Solihull Moors
[3953962] Failed to scrape lineup: https://www.transfermarkt.co.uk/rukh-lviv_fc-minaj/index/spielbericht/3953962
[4802678] Could not find attributes for hampus gustafsson (Örgryte IS, 2025)
[4802678] Failed to build match row: Hammarby IF vs Örgryte IS
[4715982] Failed to scrape lineup: https://www.transfermarkt.co.uk/spielbericht/index/spielbericht/4715982
[3673438] Failed to scrape lineup: https://www.transfermarkt.co.uk/paok-thessaloniki_volos-nps/index/spielbericht/3673438
[3589517] Could not find attributes for egor shamov (Arsenal Tula, 2021)
[3589517] Failed to build match row: Arsenal Tula vs FC Rubin Kazan
[4393216] Failed to scrape lineup: https://www.transfermarkt.co.uk/kayserispor_fenerbahce/index/spielbericht/4393216
[3603247] Could not find attributes for ross graham (Dundee United Football Club, 2021)
[3603247] Failed to build match row: Dundee United Football Club vs Dundee Football Club
[4400820] Failed to scrape lineup: https://www.transfermarkt.co.uk/spielbericht/index/spielbericht/4400820
Not enough players found for lineup: 0, 0.
[3905324] Failed to scrape lineup: https://www.transfermarkt.co.uk/spielbericht/index/spielbericht/3905324
[4368733] Failed to scrape lineup: https://www.transfermarkt.co.uk/fc-oleksandriya_kolos-kovalivka/index/spielbericht/4368733

Keepers & outfield error for **Al-Shabab Club** in Al-Shabab Club vs Al-Ittihad Football Club: Numbers: 0 and 11.
[4750247] Failed to build match row: Al-Shabab Club vs Al-Ittihad Football Club
[3953963] Could not find attributes for dmitriy nepogodov (Chornomorets Odesa, 2022)
[3953963] Failed to build match row: Chornomorets Odesa vs PFK Lviv
[4715983] Could not find attributes for roi mishpati (Maccabi Tel Aviv, 2025)
[4715983] Failed to build match row: Maccabi Tel Aviv vs GNK Dinamo Zagreb
[4693325] Could not find attributes for dewar victoria (Millonarios FC, 2025)
[4693325] Failed to build match row: Millonarios FC vs Atlético Bucaramanga
[4625678] Could not find attributes for vincentas sarkauskas (FC Hegelmann, 2025)
[3603248] Could not find attributes for barrie mckay (Heart of Midlothian Football Club, 2021)
[3603248] Failed to build match row: Heart of Midlothian Football Club vs Hibernian Football Club
[4112807] Could not find attributes for samu aghehowa (Granada CF, 2023)
[4112807] Failed to build match row: Club Atlético de Madrid S.A.D. vs Granada CF
[4582089] Failed to scrape lineup: https://www.transfermarkt.co.uk/sport-club-do-recife_red-bull-bragantino/index/spielbericht/4582089
[3580183] Failed to scrape lineup: https://www.transfermarkt.co.uk/vejle-boldklub_brondby-if/index/spielbericht/3580183
[4148252] Could not find attributes for mattias lamhauge (B36 Tórshavn, 2023)
[4148252] Failed to build match row: B36 Tórshavn vs Hrvatski Nogometni Klub Rijeka
[4621072] Failed to scrape lineup: https://www.transfermarkt.co.uk/us-lecce_juventus-fc/index/spielbericht/4621072
[4275925] Failed to scrape lineup: https://www.transfermarkt.co.uk/spielbericht/index/spielbericht/4275925
Not enough players found for lineup: 0, 0.
[3905327] Failed to scrape lineup: https://www.transfermarkt.co.uk/spielbericht/index/spielbericht/3905327
[3953964] Could not find attributes for max walef (SC Dnipro-1, 2022)
[3953964] Failed to build match row: SC Dnipro-1 vs FC Shakhtar Donetsk
[4188971] Could not find attributes for mark mclauchlan (Forres Mechanics FC, 2023)
[4188971] Failed to build match row: Forres Mechanics FC vs Buckie Thistle FC
[4715984] Could not find attributes for roi mishpati (Maccabi Tel Aviv, 2025)
[4715984] Failed to build match row: Maccabi Tel Aviv vs Olympique Lyonnais

Keepers & outfield error for **Associazione Calcio Milan** in Associazione Calcio Milan vs Atalanta Bergamasca Calcio S.p.a.: Numbers: 2 and 9.
[4621073] Failed to build match row: Associazione Calcio Milan vs Atalanta Bergamasca Calcio S.p.a.
[4582090] Could not find attributes for jhon arias (Fluminense Football Club, 2024)
[4582090] Failed to build match row: Fluminense Football Club vs Sport Club do Recife
[3953965] Could not find attributes for bogdan kogut (NK Veres Rivne, 2022)
[3953965] Failed to build match row: NK Veres Rivne vs Futbolniy Klub Dynamo Kyiv

Keepers & outfield error for **Espanol** in Espanol vs Celta: Numbers: 0 and 11.
[3886597] Failed to build match row: Espanol vs Celta
Not enough players found for lineup: 0, 0.
[3905331] Failed to scrape lineup: https://www.transfermarkt.co.uk/spielbericht/index/spielbericht/3905331
[4368734] Could not find attributes for dmytro ledviy (FC Rukh Lviv, 2024)
[3427193] Could not find attributes for ravil tagir (İstanbul Başakşehir Futbol Kulübü, 2020)
[4368734] Failed to build match row: FC Rukh Lviv vs Ingulets Petrove
[3427193] Failed to build match row: İstanbul Başakşehir Futbol Kulübü vs Kayserispor Kulübü
[3580184] Could not find attributes for paulinho (Fodbold Club Midtjylland, 2021)
[3580184] Failed to build match row: Viborg Fodsports Forening vs Fodbold Club Midtjylland
[4625679] Could not find attributes for ljupche djekov (Sileks Kratovo, 2025)
[4625679] Failed to build match row: Sileks Kratovo vs FK Decic Tuzi
[4087972] Failed to scrape lineup: https://www.transfermarkt.co.uk/wolverhampton-wanderers_liverpool-fc/index/spielbericht/4087972
[3589518] Failed to scrape lineup: https://www.transfermarkt.co.uk/fc-ufa_dynamo-moscow/index/spielbericht/3589518
[4393217] Failed to scrape lineup: https://www.transfermarkt.co.uk/konyaspor_hatayspor/index/spielbericht/4393217
[3773445] Failed to scrape lineup: https://www.transfermarkt.co.uk/spielbericht/index/spielbericht/3773445
[4522743] Could not find attributes for ieltsin camoes (Tromsø Idrettslag, 2024)
[4522743] Failed to build match row: Tromsø Idrettslag vs Rosenborg Ballklub
[4188972] Failed to scrape lineup: https://www.transfermarkt.co.uk/spielbericht/index/spielbericht/4188972
[4112808] Failed to scrape lineup: https://www.transfermarkt.co.uk/celta-de-vigo_ca-osasuna/index/spielbericht/4112808
[4582091] Could not find attributes for mateus carvalho (Club de Regatas Vasco da Gama, 2024)
[4582091] Failed to build match row: Club de Regatas Vasco da Gama vs Sociedade Esportiva Palmeiras
[4621074] Could not find attributes for massimo pessina (Bologna Football Club 1909, 2025)
[4621074] Failed to build match row: Società Sportiva Calcio Napoli vs Bologna Football Club 1909
[4715985] Failed to scrape lineup: https://www.transfermarkt.co.uk/spielbericht/index/spielbericht/4715985
[4401100] Failed to scrape lineup: https://www.transfermarkt.co.uk/spielbericht/index/spielbericht/4401100
[4148253] Failed to scrape lineup: https://www.transfermarkt.co.uk/spielbericht/index/spielbericht/4148253
[4441387] Failed to scrape lineup: https://www.transfermarkt.co.uk/spielbericht/index/spielbericht/4441387
[4802679] Could not find attributes for abdoulaye doumbia (BK Häcken, 2025)
[4802679] Failed to build match row: BK Häcken vs Göteborgs Atlet- och Idrottssällskap
Not enough players found for lineup: 0, 0.
[3905332] Failed to scrape lineup: https://www.transfermarkt.co.uk/spielbericht/index/spielbericht/3905332
[3451177] Failed to scrape lineup: https://www.transfermarkt.co.uk/sd-eibar_sd-huesca/index/spielbericht/3451177
[3673439] Could not find attributes for nikolaos melissas (Panetolikos Agrinio, 2021)
[3673439] Failed to build match row: Panetolikos Agrinio vs Omilos Filathlon Irakliou FC

Keepers & outfield error for **Футбольный клуб "Локомотив" Москва** in PFK CSKA Moskva vs Футбольный клуб "Локомотив" Москва: Numbers: 0 and 11.
[3589519] Failed to build match row: PFK CSKA Moskva vs Футбольный клуб "Локомотив" Москва

Keepers & outfield error for **Valencia Club de Fútbol S. A. D.** in Sevilla Fútbol Club S.A.D. vs Valencia Club de Fútbol S. A. D.: Numbers: 2 and 9.
[4112809] Failed to build match row: Sevilla Fútbol Club S.A.D. vs Valencia Club de Fútbol S. A. D.
[4402197] Could not find attributes for anton chichkan (Wisla Kraków, 2024)
[4402197] Failed to build match row: Wisla Kraków vs Sportklub Rapid
Not enough players found for lineup: 0, 11.
[4441406] Failed to scrape lineup: https://www.transfermarkt.co.uk/spielbericht/index/spielbericht/4441406
[4148254] Could not find attributes for demir ege tiknaz (Beşiktaş Jimnastik Kulübü, 2023)
[4148254] Failed to build match row: Beşiktaş Jimnastik Kulübü vs Neftchi Baku
[4750248] Failed to scrape lineup: https://www.transfermarkt.co.uk/al-ettifaq-fc_al-riyadh-sc/index/spielbericht/4750248
[4802680] Could not find attributes for andreas troelsen (Idrottsföreningen  Brommapojkarna, 2025)
[4802680] Failed to build match row: Mjällby Almänna Idrottsförening vs Idrottsföreningen  Brommapojkarna
[3673440] Could not find attributes for darko jevtic (Athlitiki Enosi Konstantinoupoleos, 2021)
[3673440] Failed to build match row: Athlitiki Enosi Konstantinoupoleos vs APS Atromitos Athinon
[3589520] Could not find attributes for yaroslav godzyur (Ural Yekaterinburg, 2021)
[3589520] Failed to build match row: Ural Yekaterinburg vs FK Nizhny Novgorod
[4693326] Failed to scrape lineup: https://www.transfermarkt.co.uk/independiente-santa-fe_millonarios-fc/index/spielbericht/4693326
[3603249] Failed to scrape lineup: https://www.transfermarkt.co.uk/livingston-fc_motherwell-fc/index/spielbericht/3603249
[3427194] Could not find attributes for nouha dicko (Gaziantep Futbol Kulübü A.Ş., 2020)
[3427194] Failed to build match row: Gaziantep Futbol Kulübü A.Ş. vs Çaykur Rizespor Kulübü
[4148255] Could not find attributes for balazs megyeri (Debreceni VSC, 2023)
[4148255] Failed to build match row: Sportklub Rapid vs Debreceni VSC
[4802681] Could not find attributes for samba diatara (Degerfors IF, 2025)
[4802681] Failed to build match row: Degerfors IF vs Idrottsföreningen Elfsborg
[4393219] Could not find attributes for arseniy batagov (Trabzonspor Kulübü, 2024)
[4393219] Failed to build match row: Trabzonspor Kulübü vs Adana Demirspor
[4850773] Failed to scrape lineup: https://www.transfermarkt.co.uk/charlotte-fc_toronto-fc/index/spielbericht/4850773
[3589521] Could not find attributes for egor sorokin (FK Krasnodar, 2021)
[3589521] Failed to build match row: FK Krasnodar vs FC Khimki (-2025)
[3603250] Could not find attributes for borna barisic (Rangers Football Club, 2021)
[3603250] Failed to build match row: Saint Mirren Football Club vs Rangers Football Club
[4582092] Could not find attributes for raniele (Sport Club Corinthians Paulista, 2024)
[3427195] Could not find attributes for semih kaya (Yeni Malatyaspor, 2020)
[4582092] Failed to build match row: Sport Club Corinthians Paulista vs Sport Club Internacional
[3427195] Failed to build match row: Yeni Malatyaspor vs Hatayspor
[4621077] Could not find attributes for roberto gagliardini (Verona Hellas Football Club, 2025)
[4621077] Failed to build match row: Verona Hellas Football Club vs Calcio Como
[3953966] Failed to scrape lineup: https://www.transfermarkt.co.uk/zorya-lugansk_fc-oleksandriya/index/spielbericht/3953966
[3484208] Failed to scrape lineup: https://www.transfermarkt.co.uk/spielbericht/index/spielbericht/3484208
[4368735] Failed to scrape lineup: https://www.transfermarkt.co.uk/dynamo-kyiv_lnz-cherkasy/index/spielbericht/4368735
[4625680] Failed to scrape lineup: https://www.transfermarkt.co.uk/spielbericht/index/spielbericht/4625680
[4087973] Failed to scrape lineup: https://www.transfermarkt.co.uk/fulham-fc_luton-town/index/spielbericht/4087973
[4582093] Could not find attributes for nahuel ferraresi (São Paulo Futebol Clube, 2024)
[4582093] Failed to build match row: São Paulo Futebol Clube vs Fortaleza Esporte Clube

Keepers & outfield error for **Atalanta Bergamasca Calcio S.p.a.** in Atalanta Bergamasca Calcio S.p.a. vs Bologna Football Club 1909: Numbers: 2 and 9.
[4621078] Failed to build match row: Atalanta Bergamasca Calcio S.p.a. vs Bologna Football Club 1909
[3953967] Could not find attributes for oleksandr bandura (FC Minaj, 2022)
[3953967] Failed to build match row: FC Minaj vs Metalist Kharkiv
[4277301] Failed to scrape lineup: https://www.transfermarkt.co.uk/spielbericht/index/spielbericht/4277301
[3451178] Failed to scrape lineup: https://www.transfermarkt.co.uk/getafe-cf_valencia-cf/index/spielbericht/3451178
[4368736] Could not find attributes for artur rudko (Chornomorets Odesa, 2024)
[4368736] Failed to build match row: Chornomorets Odesa vs FK Polissya Zhytomyr
[3605038] Could not find attributes for manu garcia (Alaves, 2021)
[3605038] Failed to build match row: Alaves vs Real Madrid Club de Fútbol
[4693327] Failed to scrape lineup: https://www.transfermarkt.co.uk/fortaleza-ceif_asociacion-deportivo-pasto/index/spielbericht/4693327
[4625681] Could not find attributes for roberts ozols (FK Auda, 2025)
[4625681] Failed to build match row: FK Auda vs Larne FC
[4188973] Could not find attributes for george oconnor (Kilwinning Rangers FC, 2023)
[4188973] Failed to build match row: Kilwinning Rangers FC vs Cowdenbeath FC
[3953968] Could not find attributes for yevgen volynets (FK Kolos Kovalivka, 2022)
[3953968] Failed to build match row: FK Kolos Kovalivka vs Vorskla Poltava
[4715986] Could not find attributes for ofek melika (Maccabi Tel Aviv, 2025)
[4441407] Failed to scrape lineup: https://www.transfermarkt.co.uk/spielbericht/index/spielbericht/4441407
[4402199] Failed to scrape lineup: https://www.transfermarkt.co.uk/spielbericht/index/spielbericht/4402199
[4750249] Failed to scrape lineup: https://www.transfermarkt.co.uk/al-hazem-sc_al-kholood-club/index/spielbericht/4750249
[4715986] Failed to build match row: Maccabi Tel Aviv vs Bologna Football Club 1909
[4277312] Failed to scrape lineup: https://www.transfermarkt.co.uk/spielbericht/index/spielbericht/4277312

Keepers & outfield error for **Granada CF** in Granada CF vs Elche Club de Fútbol S.A.D.: Numbers: 0 and 11.
[4148256] Failed to scrape lineup: https://www.transfermarkt.co.uk/spielbericht/index/spielbericht/4148256
[3451179] Failed to build match row: Granada CF vs Elche Club de Fútbol S.A.D.
[4368737] Could not find attributes for andrey kozhukhar (NK Veres Rivne, 2024)
[4368737] Failed to build match row: NK Veres Rivne vs Livyi Bereg Kyiv
[4480642] Failed to scrape lineup: https://www.transfermarkt.co.uk/spielbericht/index/spielbericht/4480642
[3484209] Could not find attributes for andrew boyce (Eastleigh FC, 2020)
[3905336] Could not find attributes for michalis kassotakis (AO Ermis Zonianon, 2022)
[3673441] Failed to scrape lineup: https://www.transfermarkt.co.uk/pas-giannina_olympiacos-piraeus/index/spielbericht/3673441
[3484209] Failed to build match row: Eastleigh FC vs Milton Keynes Dons
[3905336] Failed to build match row: AO Ermis Zonianon vs Ilioupoli
[4393220] Failed to scrape lineup: https://www.transfermarkt.co.uk/eyupspor_caykur-rizespor/index/spielbericht/4393220
[3589522] Failed to scrape lineup: https://www.transfermarkt.co.uk/fc-rostov_zenit-st-petersburg/index/spielbericht/3589522
[4188975] Failed to scrape lineup: https://www.transfermarkt.co.uk/spielbericht/index/spielbericht/4188975
l S.A.D.: Numbers: 0 and 11.
[3605039] Failed to build match row: Futbol Club Barcelona vs Real Sociedad de Fútbol S.A.D.
[4582094] Could not find attributes for vinicinho (Red Bull Bragantino, 2024)
[4582094] Failed to build match row: Red Bull Bragantino vs Mirasol Futebol Clube

Keepers & outfield error for **Manchester City Football Club** in Club Atlético de Madrid S.A.D. vs Manchester City Football Club: Numbers: 2 and 9.
[3773449] Failed to build match row: Club Atlético de Madrid S.A.D. vs Manchester City Football Club
[3953969] Could not find attributes for oleksiy palamarchuk (Ingulets Petrove, 2022)
[3953969] Failed to build match row: Ingulets Petrove vs PFK Lviv
Not enough players found for lineup: 11, 0.
[4441408] Failed to scrape lineup: https://www.transfermarkt.co.uk/spielbericht/index/spielbericht/4441408
[4088586] Could not find attributes for tom kretzschmar (FC 08 Homburg, 2023)
[4088586] Failed to build match row: FC 08 Homburg vs SV Darmstadt 98
[4802682] Failed to scrape lineup: https://www.transfermarkt.co.uk/ik-sirius_vasteras-sk/index/spielbericht/4802682
[3427196] Failed to scrape lineup: https://www.transfermarkt.co.uk/denizlispor_galatasaray/index/spielbericht/3427196
[4393221] Could not find attributes for ondrej celustka (Bodrum FK, 2024)
[4393221] Failed to build match row: Bodrum FK vs Galatasaray Spor Kulübü
Not enough players found for lineup: 0, 11.
[4693328] Failed to scrape lineup: https://www.transfermarkt.co.uk/deportivo-pereira_rionegro-aguilas/index/spielbericht/4693328
[4625682] Could not find attributes for luc rees (Haverfordwest County, 2025)
[4625682] Failed to build match row: Haverfordwest County vs Floriana FC
[3673442] Could not find attributes for athanasios garavelis (PAS Lamia 1964, 2021)
[3673442] Failed to build match row: PAS Lamia 1964 vs Aris Thessalonikis
[4850775] Could not find attributes for antonio carlos (Houston Dynamo, 2025)
[4850775] Failed to build match row: Houston Dynamo vs Vancouver Whitecaps FC

Keepers & outfield error for **Real Betis Balompié S.A.D.** in Villarreal Club de Fútbol S.A.D. vs Real Betis Balompié S.A.D.: Numbers: 0 and 11.
[4112812] Failed to build match row: Villarreal Club de Fútbol S.A.D. vs Real Betis Balompié S.A.D.
[4402200] Could not find attributes for alesio mija (FC Sheriff Tiraspol, 2024)
[4402200] Failed to build match row: Idrottsföreningen Elfsborg vs FC Sheriff Tiraspol
[3580188] Could not find attributes for zeca (Football Club København, 2021)
[3580188] Failed to build match row: Football Club København vs Brøndby Idrætsforening
[3589523] Could not find attributes for giorgiy shelia (RFK Akhmat Grozny, 2021)
[3589523] Failed to build match row: RFK Akhmat Grozny vs FK Sochi
[4522746] Failed to scrape lineup: https://www.transfermarkt.co.uk/hamarkameratene_fk-bodo-glimt/index/spielbericht/4522746
[4393222] Failed to scrape lineup: https://www.transfermarkt.co.uk/gaziantep-fk_basaksehir-fk/index/spielbericht/4393222
[4750250] Could not find attributes for abdoulaye doucoure (Neom Sports Club, 2025)
[4750250] Failed to build match row: Neom Sports Club vs Al-Taawoun Football Club
[3953970] Failed to scrape lineup: https://www.transfermarkt.co.uk/rukh-lviv_chornomorets-odesa/index/spielbericht/3953970
[3773451] Failed to scrape lineup: https://www.transfermarkt.co.uk/spielbericht/index/spielbericht/3773451
[4802683] Could not find attributes for erko tougjas (Halmstads BK, 2025)
[4277313] Could not find attributes for denys boyko (FK Polissya Zhytomyr, 2023)
[4277313] Failed to build match row: FK Polissya Zhytomyr vs Vorskla Poltava
[4802683] Failed to build match row: Halmstads BK vs Idrottsföreningen Kamraterna Göteborg
[3673449] Could not find attributes for kenan piric (APS Atromitos Athinon, 2021)
[3673449] Failed to build match row: APS Atromitos Athinon vs Ionikos Nikeas
[4148257] Could not find attributes for julian cuesta (Aris Thessalonikis, 2023)
[4148257] Failed to build match row: Aris Thessalonikis vs Futbolniy Klub Dynamo Kyiv
[4189092] Could not find attributes for jaydan bradford (Deveronvale FC, 2023)
[4393223] Could not find attributes for ogun ozcicek (Gaziantep Futbol Kulübü A.Ş., 2024)
[4189092] Failed to build match row: Deveronvale FC vs Broxburn Athletic FC
[4393223] Failed to build match row: Fenerbahçe Spor Kulübü vs Gaziantep Futbol Kulübü A.Ş.
[4693329] Could not find attributes for andres tovar (Envigado FC, 2025)
Not enough players found for lineup: 0, 11.
 FC vs Boyacá Chicó FC
[3905338] Failed to scrape lineup: https://www.transfermarkt.co.uk/spielbericht/index/spielbericht/3905338

Keepers & outfield error for **Fatih Karagümrük Sportif Faaliyetler San. Tic. A.Ş.** in Beşiktaş Jimnastik Kulübü vs Fatih Karagümrük Sportif Faaliyetler San. Tic. A.Ş.: Numbers: 0 and 11.
[3427197] Failed to build match row: Beşiktaş Jimnastik Kulübü vs Fatih Karagümrük Sportif Faaliyetler San. Tic. A.Ş.

Keepers & outfield error for **Real Sociedad de Fútbol S.A.D.** in Real Madrid Club de Fútbol vs Real Sociedad de Fútbol S.A.D.: Numbers: 0 and 11.
[3451181] Failed to build match row: Real Madrid Club de Fútbol vs Real Sociedad de Fútbol S.A.D.
Not enough players found for lineup: 0, 11.

Keepers & outfield error for **Aalborg BK** in Aalborg BK vs Aarhus Gymnastik Forening: Numbers: 2 and 9.
[4441430] Failed to scrape lineup: https://www.transfermarkt.co.uk/spielbericht/index/spielbericht/4441430
[3580189] Failed to build match row: Aalborg BK vs Aarhus Gymnastik Forening
[4403331] Could not find attributes for domagoj vida (Athlitiki Enosi Konstantinoupoleos, 2024)
[4403331] Failed to build match row: Athlitiki Enosi Konstantinoupoleos vs PAS Lamia 1964
[4368738] Could not find attributes for oleksandr kemkin (FK Karpaty Lviv, 2024)
[4368738] Failed to build match row: FK Karpaty Lviv vs Vorskla Poltava
[4088588] Failed to scrape lineup: https://www.transfermarkt.co.uk/spielbericht/index/spielbericht/4088588
[4802684] Could not find attributes for amel mujanic (Allmänna Idrottsklubben, 2025)
[4802684] Failed to build match row: Allmänna Idrottsklubben vs Malmö Fotbollförening
[4522748] Could not find attributes for einar boe fauskanger (FK Haugesund, 2024)
[4522748] Failed to build match row: FK Haugesund vs Tromsø Idrettslag
[3905340] Failed to scrape lineup: https://www.transfermarkt.co.uk/spielbericht/index/spielbericht/3905340

Keepers & outfield error for **Al-Shabab Club** in Al-Shabab Club vs Al-Okhdood Club: Numbers: 0 and 11.
[4750251] Failed to build match row: Al-Shabab Club vs Al-Okhdood Club
[4693330] Failed to scrape lineup: https://www.transfermarkt.co.uk/alianza-fc_internacional-de-bogota/index/spielbericht/4693330
[3451182] Failed to scrape lineup: https://www.transfermarkt.co.uk/sevilla-fc_fc-barcelona/index/spielbericht/3451182
[4368739] Failed to scrape lineup: https://www.transfermarkt.co.uk/kryvbas-kryvyi-rig_shakhtar-donetsk/index/spielbericht/4368739
[3906304] Failed to scrape lineup: https://www.transfermarkt.co.uk/spielbericht/index/spielbericht/3906304
[4088589] Failed to scrape lineup: https://www.transfermarkt.co.uk/spielbericht/index/spielbericht/4088589
[4802685] Failed to scrape lineup: https://www.transfermarkt.co.uk/djurgardens-if_hammarby-if/index/spielbericht/4802685
[4850776] Failed to scrape lineup: https://www.transfermarkt.co.uk/seattle-sounders-fc_los-angeles-galaxy/index/spielbericht/4850776
[4480643] Could not find attributes for dylan kadji (Weston-super-Mare AFC, 2024)
[4480643] Failed to build match row: Bristol Rovers vs Weston-super-Mare AFC
[3906305] Failed to scrape lineup: https://www.transfermarkt.co.uk/spielbericht/index/spielbericht/3906305
[4802686] Failed to scrape lineup: https://www.transfermarkt.co.uk/ifk-goteborg_gais/index/spielbericht/4802686

Keepers & outfield error for **Olympique Lyonnais** in Olympique Lyonnais vs FC Girondins Bordeaux: Numbers: 2 and 9.
[3589525] Failed to build match row: Olympique Lyonnais vs FC Girondins Bordeaux
[4625683] Could not find attributes for vasko vasilev (Rabotnicki Skopje, 2025)
[4625683] Failed to build match row: Rabotnicki Skopje vs Torpedo-BelAZ Zhodino
[3427198] Could not find attributes for metehan mert (Gençlerbirliği Spor Kulübü, 2020)
[3427198] Failed to build match row: Gençlerbirliği Spor Kulübü vs Göztepe Sportif Yatırımlar A.Ş.
[4850777] Could not find attributes for aiden hezarkhani (Real Salt Lake, 2025)
[4850777] Failed to build match row: Real Salt Lake vs Colorado Rapids
[4802687] Failed to scrape lineup: https://www.transfermarkt.co.uk/orgryte-is_degerfors-if/index/spielbericht/4802687
[3906306] Failed to scrape lineup: https://www.transfermarkt.co.uk/spielbericht/index/spielbericht/3906306
[3589526] Failed to scrape lineup: https://www.transfermarkt.co.uk/fc-metz_clermont-foot-63/index/spielbericht/3589526
[4715989] Failed to scrape lineup: https://www.transfermarkt.co.uk/spielbericht/index/spielbericht/4715989
[4750253] Failed to scrape lineup: https://www.transfermarkt.co.uk/al-qadsiah-fc_al-ahli-sfc/index/spielbericht/4750253
[3673450] Could not find attributes for jordy tutuarima (Apollon Smyrnis, 2021)
[3673450] Failed to build match row: Apollon Smyrnis vs PAS Giannina
[4522750] Could not find attributes for johannes nunez (Fredrikstad Fotballklubb, 2024)
[4693331] Could not find attributes for juan jose mera (Deportes Tolima, 2025)
[4522750] Failed to build match row: Fredrikstad Fotballklubb vs Bryne FK
[4693331] Failed to build match row: Deportes Tolima vs Deportivo Cali
Not enough players found for lineup: 0, 11.
[4368740] Could not find attributes for oleksandr kemkin (FK Karpaty Lviv, 2024)
[4441431] Failed to scrape lineup: https://www.transfermarkt.co.uk/spielbericht/index/spielbericht/4441431
[4368740] Failed to build match row: FK Karpaty Lviv vs Futbolniy Klub Dynamo Kyiv
[4802688] Could not find attributes for abdoulaye doumbia (BK Häcken, 2025)
[4802688] Failed to build match row: BK Häcken vs IK Sirius
[3589527] Failed to scrape lineup: https://www.transfermarkt.co.uk/montpellier-hsc_stade-reims/index/spielbericht/3589527
[4088590] Could not find attributes for damian schobert (SV Atlas Delmenhorst, 2023)
[4088590] Failed to build match row: SV Atlas Delmenhorst vs Fußball-Club St. Pauli von 1910
[3427199] Could not find attributes for adil demirbag (Konyaspor, 2020)
[3427199] Failed to build match row: Konyaspor vs Trabzonspor Kulübü
[3427200] Failed to scrape lineup: https://www.transfermarkt.co.uk/mke-ankaragucu_alanyaspor/index/spielbericht/3427200
[4625684] Could not find attributes for ebrima jarju (Paide Linnameeskond, 2025)
[4625684] Failed to build match row: Paide Linnameeskond vs FC Bruno's Magpies
[4522752] Could not find attributes for magnus riisnaes (Fotballklubben Bodø/Glimt, 2024)
[4522752] Failed to build match row: Fotballklubben Bodø/Glimt vs Kristiansund Ballklubb
[3773621] Could not find attributes for jerome boateng (Olympique Lyonnais, 2021)
[3773621] Failed to build match row: West Ham United Football Club vs Olympique Lyonnais
[4802689] Could not find attributes for erko tougjas (Halmstads BK, 2025)
[4802689] Failed to build match row: Mjällby Almänna Idrottsförening vs Halmstads BK
[4522753] Could not find attributes for mustapha isah (Kristiansund Ballklubb, 2024)
[4522753] Failed to build match row: Kristiansund Ballklubb vs Hamarkameratene

Keepers & outfield error for **Al-Fateh Club** in Al-Fateh Club vs Al-Hilal Saudi Football Club: Numbers: 0 and 11.
[4750254] Failed to build match row: Al-Fateh Club vs Al-Hilal Saudi Football Club
[4368741] Failed to scrape lineup: https://www.transfermarkt.co.uk/vorskla-poltava_obolon-kyiv/index/spielbericht/4368741
[4693332] Failed to scrape lineup: https://www.transfermarkt.co.uk/atletico-bucaramanga_llaneros-fc/index/spielbericht/4693332
[4480644] Failed to build match row: Solihull Moors vs Maidstone United
Not enough players found for lineup: 11, 0.
[4189763] Failed to scrape lineup: https://www.transfermarkt.co.uk/spielbericht/index/spielbericht/4189763
[3673451] Could not find attributes for antonis tsiftsis (A.G.S Asteras Tripolis, 2021)
[3673451] Failed to build match row: A.G.S Asteras Tripolis vs Panathinaikos Athlitikos Omilos
[4802690] Could not find attributes for andreas troelsen (Idrottsföreningen  Brommapojkarna, 2025)
[4802690] Failed to build match row: Idrottsföreningen  Brommapojkarna vs Västerås Sportklubb FK
Not enough players found for lineup: 0, 11.
[4441433] Failed to scrape lineup: https://www.transfermarkt.co.uk/spielbericht/index/spielbericht/4441433

Keepers & outfield error for **Sporting Clube de Braga** in Sporting Clube de Braga vs Rangers Football Club: Numbers: 0 and 11.
[3773622] Failed to build match row: Sporting Clube de Braga vs Rangers Football Club
[4088591] Could not find attributes for niklas jeck (FV Illertissen, 2023)
[4088591] Failed to build match row: FV Illertissen vs Fortuna Düsseldorf
[4625685] Could not find attributes for silviu smalenea (FC Petrocub Hincesti, 2025)
[4625685] Failed to build match row: FC Petrocub Hincesti vs Birkirkara FC
[4522754] Could not find attributes for aksel baran potur (Hamarkameratene, 2024)
[4522754] Failed to build match row: Hamarkameratene vs Sarpsborg 08 Fotballforening
[3673452] Could not find attributes for julian cuesta (Aris Thessalonikis, 2021)
[3673452] Failed to build match row: Aris Thessalonikis vs Panetolikos Agrinio
[4582095] Could not find attributes for lucas villalba (Cruzeiro Esporte Clube, 2024)
[4582095] Failed to build match row: Cruzeiro Esporte Clube vs Clube de Regatas do Flamengo
[4850778] Could not find attributes for kieran sargeant (San Diego Football Club, 2025)
[4850778] Failed to build match row: San Diego Football Club vs Football Club Cincinnati
[4522756] Could not find attributes for samukele kabini (Molde Fotballklubb, 2024)
[4522756] Failed to build match row: Molde Fotballklubb vs Bryne FK
[4750255] Could not find attributes for anthony moris (Al-Khaleej Club (Saihat), 2025)
[4750255] Failed to build match row: Al-Khaleej Club (Saihat) vs Al-Nassr Football Club
Not enough players found for lineup: 0, 11.
[4441434] Failed to scrape lineup: https://www.transfermarkt.co.uk/spielbericht/index/spielbericht/4441434
[4625686] Could not find attributes for eldin latik (F91 Dudelange, 2025)
[4625686] Failed to build match row: F91 Dudelange vs Atlètic Club d'Escaldes

Keepers & outfield error for **Granada CF** in Athletic Club Bilbao vs Granada CF: Numbers: 0 and 11.
[3451192] Failed to build match row: Athletic Club Bilbao vs Granada CF
[4480645] Could not find attributes for oliver norwood (Stockport County, 2024)
[4480645] Failed to build match row: Stockport County vs Forest Green Rovers
[4522757] Could not find attributes for jan de boer (Bryne FK, 2024)
[4368742] Could not find attributes for maksym mekhaniv (Livyi Bereg Kyiv, 2024)
[4522757] Failed to build match row: Bryne FK vs Sportsklubben Brann
[4693333] Could not find attributes for washington aguerre (Independiente Medellín, 2025)
[4368742] Failed to build match row: Livyi Bereg Kyiv vs FC Shakhtar Donetsk
[4693333] Failed to build match row: Atlético Nacional vs Independiente Medellín
[4112814] Could not find attributes for chris ramos (Cádiz CF, 2023)
[4802691] Could not find attributes for jakob kindberg (Kalmar Fotbollförening, 2025)
[4112814] Failed to build match row: Cádiz CF vs Alaves
[4802691] Failed to build match row: Kalmar Fotbollförening vs Idrottsföreningen Elfsborg
[3484210] Could not find attributes for dean inman (Hampton & Richmond Borough, 2020)
[3484210] Failed to build match row: Hampton & Richmond Borough vs Oldham Athletic
[3953971] Could not find attributes for bogdan sarnavskyi (FK Kryvbas Kryvyi Rig, 2022)
[3953971] Failed to build match row: FK Kryvbas Kryvyi Rig vs TOV FK Metalist 1925 Kharkiv
[4088592] Could not find attributes for jack krause (TuS Makkabi Berlin, 2023)
[4088592] Failed to build match row: TuS Makkabi Berlin vs Verein für Leibesübungen Wolfsburg
[4582096] Could not find attributes for luisao (Santos Futebol Clube, 2024)
[4582096] Failed to build match row: Grêmio Foot-Ball Porto Alegrense vs Santos Futebol Clube
[4441435] Failed to scrape lineup: https://www.transfermarkt.co.uk/spielbericht/index/spielbericht/4441435
[4621081] Failed to scrape lineup: https://www.transfermarkt.co.uk/genoa-cfc_ac-milan/index/spielbericht/4621081
[3427201] Could not find attributes for olarenwaju kayode (Sivasspor, 2020)
[3427201] Failed to build match row: Sivasspor vs Kasımpaşa A.Ş.
[4368743] Could not find attributes for yevgeniy kucherenko (LNZ Cherkasy, 2024)
[4368743] Failed to build match row: LNZ Cherkasy vs FC Rukh Lviv
[3906307] Could not find attributes for mathias van beest (Varde IF, 2022)
[3906307] Failed to build match row: Varde IF vs Aarhus Fremad

Keepers & outfield error for **Galatasaray Spor Kulübü** in Galatasaray Spor Kulübü vs Eyüp Spor Kulübü: Numbers: 2 and 9.
[4393224] Failed to build match row: Galatasaray Spor Kulübü vs Eyüp Spor Kulübü
[3953972] Could not find attributes for dmytro kryskiv (FC Shakhtar Donetsk, 2022)
[3953972] Failed to build match row: FC Shakhtar Donetsk vs Vorskla Poltava
[4148258] Could not find attributes for matjaz rozman (NK Celje, 2023)
[4148258] Failed to build match row: NK Celje vs Neman Grodno
[4621082] Could not find attributes for Roberto Gagliardini (Verona Hellas Football Club, 2025)
[4621082] Failed to build match row: Football Club Internazionale Milano S.p.A. vs Verona Hellas Football Club
[3427202] Could not find attributes for enner valencia (Fenerbahçe Spor Kulübü, 2020)
[3427202] Failed to build match row: Kayserispor Kulübü vs Fenerbahçe Spor Kulübü
[4403332] Could not find attributes for federico alvarez (A.G.S Asteras Tripolis, 2024)
[4403332] Failed to build match row: A.G.S Asteras Tripolis vs Volou Neos Podosferikos Syllogos
Not enough players found for lineup: 0, 11.
[4441436] Failed to scrape lineup: https://www.transfermarkt.co.uk/spielbericht/index/spielbericht/4441436
[4625687] Could not find attributes for evert grunvald (FC Flora Tallinn, 2025)
[4625687] Failed to build match row: FC Flora Tallinn vs Valur Reykjavík
[3906311] Could not find attributes for lukas kiilerich (Taarnby FF, 2022)
[3906311] Failed to build match row: Taarnby FF vs BK Fremad Amager
[3953973] Could not find attributes for kostyantyn vivcharenko (Futbolniy Klub Dynamo Kyiv, 2022)
[3953973] Failed to build match row: Futbolniy Klub Dynamo Kyiv vs TOV FK Metalist 1925 Kharkiv
[3427203] Could not find attributes for abdullah durak (Çaykur Rizespor Kulübü, 2020)
[4582097] Could not find attributes for cuiabano (S. A. F. Botafogo, 2024)
[3427203] Failed to build match row: Çaykur Rizespor Kulübü vs İstanbul Başakşehir Futbol Kulübü
[4582097] Failed to build match row: Esporte Clube Bahia vs S. A. F. Botafogo
[4850779] Failed to scrape lineup: https://www.transfermarkt.co.uk/san-jose-earthquakes_fc-dallas/index/spielbericht/4850779
[3484211] Could not find attributes for bedsente gomis (Havant & Waterlooville FC, 2020)
[3484211] Failed to build match row: Havant & Waterlooville FC vs Cray Valley Paper Mills
[3580194] Could not find attributes for zeca (Football Club København, 2021)
[3580194] Failed to build match row: Aarhus Gymnastik Forening vs Football Club København
[4393225] Could not find attributes for malcom bokele (Göztepe Sportif Yatırımlar A.Ş., 2024)
[4393225] Failed to build match row: İstanbul Başakşehir Futbol Kulübü vs Göztepe Sportif Yatırımlar A.Ş.
[4279368] Could not find attributes for bailey cadamarteri (Sheffield Wednesday, 2023)
[4279368] Failed to build match row: Coventry City vs Sheffield Wednesday
[4403333] Could not find attributes for andreas ntoi (Olympiakos Syndesmos Filathlon Peiraios, 2024)
[4403333] Failed to build match row: Olympiakos Syndesmos Filathlon Peiraios vs Athens Kallithea
[3953974] Could not find attributes for dmytro matsapura (FC Zorya Lugansk, 2022)
[4088593] Could not find attributes for dejvi alsela (TuS Rot-Weiß Koblenz, 2023)
[3953974] Failed to build match row: FC Zorya Lugansk vs FC Minaj
[4088593] Failed to build match row: TuS Rot-Weiß Koblenz vs 1.FC Kaiserslautern
[3451193] Failed to scrape lineup: https://www.transfermarkt.co.uk/atletico-de-madrid_real-madrid/index/spielbericht/3451193

Keepers & outfield error for **Ceará Sporting Club** in Ceará Sporting Club vs Esporte Clube Vitória: Numbers: 2 and 9.
[3427204] Could not find attributes for munir el kajoui (Hatayspor, 2020)
[4582098] Failed to build match row: Ceará Sporting Club vs Esporte Clube Vitória
[3427204] Failed to build match row: Hatayspor vs Gaziantep Futbol Kulübü A.Ş.
[4148259] Could not find attributes for stas pokatilov (FK Aktobe, 2023)
[4148259] Failed to build match row: Sepsi OSK Sf. Gheorghe vs FK Aktobe
[4802692] Failed to scrape lineup: https://www.transfermarkt.co.uk/djurgardens-if_ifk-goteborg/index/spielbericht/4802692
[4279369] Could not find attributes for ashley phillips (Plymouth Argyle, 2023)
[4279369] Failed to build match row: Plymouth Argyle vs Leeds United Association Football Club
[3773624] Failed to scrape lineup: https://www.transfermarkt.co.uk/spielbericht/index/spielbericht/3773624
[3953975] Could not find attributes for bogdan sarnavskyi (FK Kryvbas Kryvyi Rig, 2022)
[3953975] Failed to build match row: FK Kryvbas Kryvyi Rig vs SC Dnipro-1
Not enough players found for lineup: 0, 11.
[4441437] Failed to scrape lineup: https://www.transfermarkt.co.uk/spielbericht/index/spielbericht/4441437
[3906313] Could not find attributes for casper radza (Middelfart Boldklub, 2022)
[3906313] Failed to build match row: Middelfart Boldklub vs Fodbold Club Fredericia

Keepers & outfield error for **Cádiz CF** in Cádiz CF vs SD Eibar: Numbers: 2 and 9.
[3451194] Failed to build match row: Cádiz CF vs SD Eibar
[4693334] Failed to scrape lineup: https://www.transfermarkt.co.uk/once-caldas_union-magdalena/index/spielbericht/4693334
[4750256] Failed to scrape lineup: https://www.transfermarkt.co.uk/al-najma-sc_damac-fc/index/spielbericht/4750256
[4522758] Could not find attributes for vegar hedenstad (Vålerengens Idrettsforening, 2024)
[4522758] Failed to build match row: Sportsklubben Brann vs Vålerengens Idrettsforening
[4279370] Could not find attributes for jayden meghoma (Southampton FC, 2023)
[4279370] Failed to build match row: Southampton FC vs Watford FC
[4393226] Could not find attributes for rachid ghezzal (Çaykur Rizespor Kulübü, 2024)
[4393226] Failed to build match row: Çaykur Rizespor Kulübü vs Kayserispor Kulübü
[3953976] Could not find attributes for dmitriy nepogodov (Chornomorets Odesa, 2022)
[3953976] Failed to build match row: Chornomorets Odesa vs Metalist Kharkiv
[4625688] Could not find attributes for ingvar jonsson (Víkingur Reykjavík, 2025)
[4625688] Failed to build match row: Víkingur Reykjavík vs FC Malisheva
[4279371] Could not find attributes for divock origi (Nottingham Forest Football Club, 2023)
[4279371] Failed to build match row: Nottingham Forest Football Club vs Bristol City
[4693335] Could not find attributes for jermein pena (Junior FC, 2025)
[4693335] Failed to build match row: CD América de Cali vs Junior FC
[3953977] Could not find attributes for valentyn gorokh (FC Oleksandriya, 2022)
[3953977] Failed to build match row: FC Oleksandriya vs FC Rukh Lviv
[4522761] Could not find attributes for zinedin smajlovic (Sandefjord Fotball, 2024)
[4522761] Failed to build match row: Sandefjord Fotball vs Sportsklubben Brann
[4625689] Could not find attributes for davit kereselidze (FC Dila Gori, 2025)
[4625689] Failed to build match row: FC Dila Gori vs Racing FC Union Luxembourg
[4621087] Could not find attributes for jesper karlstrom (Udinese Calcio, 2025)
[4621087] Failed to build match row: Udinese Calcio vs Unione Sportiva Cremonese S.p.A.
[4850780] Failed to scrape lineup: https://www.transfermarkt.co.uk/inter-miami-cf_portland-timbers/index/spielbericht/4850780
[4750257] Could not find attributes for mikel villanueva (Al-Fayha FC, 2025)
[4750257] Failed to build match row: Al-Fayha FC vs Al-Ettifaq Football Club
[3906314] Could not find attributes for sune balle (Young Boys FD, 2022)
[3906314] Failed to build match row: Young Boys FD vs Brabrand IF
Not enough players found for lineup: 11, 0.
[4693336] Failed to scrape lineup: https://www.transfermarkt.co.uk/asociacion-deportivo-pasto_deportivo-pereira/index/spielbericht/4693336
[4088594] Failed to scrape lineup: https://www.transfermarkt.co.uk/spielbericht/index/spielbericht/4088594
[4522762] Could not find attributes for henry sletsjoe (Kristiansund Ballklubb, 2024)
[4522762] Failed to build match row: Kristiansund Ballklubb vs Sportsklubben Brann
[3451195] Failed to scrape lineup: https://www.transfermarkt.co.uk/elche-cf_sevilla-fc/index/spielbericht/3451195
[4715990] Failed to scrape lineup: https://www.transfermarkt.co.uk/spielbericht/index/spielbericht/4715990
[3580196] Failed to scrape lineup: https://www.transfermarkt.co.uk/vejle-boldklub_aalborg-bk/index/spielbericht/3580196
[3953978] Failed to scrape lineup: https://www.transfermarkt.co.uk/ingulets-petrove_nk-veres-rivne/index/spielbericht/3953978
[4441438] Could not find attributes for gavriil papadakos (Olympiakos Volou, 2024)
[4441438] Failed to build match row: Olympiakos Volou vs Panachaiki GE
[4750258] Could not find attributes for mansour camara (Al-Kholood Club, 2025)
[4750258] Failed to build match row: Al-Kholood Club vs Al-Fateh Club
[4582099] Failed to scrape lineup: https://www.transfermarkt.co.uk/esporte-clube-juventude_clube-atletico-mineiro/index/spielbericht/4582099
[3427205] Failed to scrape lineup: https://www.transfermarkt.co.uk/galatasaray_yeni-malatyaspor/index/spielbericht/3427205
[4279372] Failed to scrape lineup: https://www.transfermarkt.co.uk/spielbericht/index/spielbericht/4279372
[3673453] Failed to scrape lineup: https://www.transfermarkt.co.uk/volos-nps_aek-athens/index/spielbericht/3673453
[3773626] Could not find attributes for borna barisic (Rangers Football Club, 2021)
[3773626] Failed to build match row: Rangers Football Club vs Sporting Clube de Braga
[4148628] Failed to scrape lineup: https://www.transfermarkt.co.uk/spielbericht/index/spielbericht/4148628
[4802693] Failed to scrape lineup: https://www.transfermarkt.co.uk/hammarby-if_vasteras-sk/index/spielbericht/4802693
[3484212] Could not find attributes for jordan norville williams (Hayes & Yeading FC, 2020)
[3484212] Failed to build match row: Hayes & Yeading FC vs Carlisle United
[4715991] Could not find attributes for flavius daniliuc (FC Basel 1893 AG, 2025)
[4715991] Failed to build match row: FC Basel 1893 AG vs Aston Villa Football Club
[4190031] Could not find attributes for loek hamers (Roda JC Kerkrade, 2023)
[4190031] Failed to build match row: Nijmegen Eendracht Combinatie vs Roda JC Kerkrade
[4279376] Could not find attributes for Arron Darge (Cove Rangers FC, 2023)
[4279376] Failed to build match row: Kilmarnock Football Club vs Cove Rangers FC
[3906315] Could not find attributes for nicolai rasmussen (Brönshöj Boldklub, 2022)
[4750259] Could not find attributes for aboubacar bah (Al-Hazem Sport Club, 2025)
[3906315] Failed to build match row: Brönshöj Boldklub vs Ishöj IF
[4750259] Failed to build match row: Al-Hazem Sport Club vs Al-Taawoun Football Club
[4522763] Could not find attributes for mikkel konradsen ceide (Rosenborg Ballklub, 2024)
[3774688] Could not find attributes for jonathan howson (Middlesbrough FC, 2021)
[4522763] Failed to build match row: Rosenborg Ballklub vs Sportsklubben Brann
[3774688] Failed to build match row: Middlesbrough FC vs Chelsea Football Club
[4693337] Could not find attributes for wuilker farinez (Rionegro Águilas, 2025)
[4693337] Failed to build match row: Rionegro Águilas vs Envigado FC
[3427206] Could not find attributes for serhat ahmetoglu (Fatih Karagümrük Sportif Faaliyetler San. Tic. A.Ş., 2020)
[3427206] Failed to build match row: Fatih Karagümrük Sportif Faaliyetler San. Tic. A.Ş. vs Denizlispor
[4850783] Could not find attributes for justin ellis (Orlando City Soccer Club, 2025)
[4850783] Failed to build match row: Football Club Cincinnati vs Orlando City Soccer Club
[3953979] Could not find attributes for oleksandr ilyushchenkov (PFK Lviv, 2022)
[3953979] Failed to build match row: PFK Lviv vs FK Kolos Kovalivka
[4441440] Could not find attributes for vasilios mathioudakis (AE Kydonias, 2024)
[4441440] Failed to build match row: AE Kydonias vs Panionios Athens
Not enough players found for lineup: 0, 0.
[4148629] Failed to scrape lineup: https://www.transfermarkt.co.uk/spielbericht/index/spielbericht/4148629
[4750260] Could not find attributes for anthony moris (Al-Khaleej Club (Saihat), 2025)
[4522764] Could not find attributes for mikkel konradsen ceide (Rosenborg Ballklub, 2024)
[4750260] Failed to build match row: Al-Khaleej Club (Saihat) vs Al-Ahli Saudi Football Club
[4522764] Failed to build match row: Hamarkameratene vs Rosenborg Ballklub
[4582100] Could not find attributes for wallace yan (Clube de Regatas do Flamengo, 2024)
[4582100] Failed to build match row: Clube de Regatas do Flamengo vs Fluminense Football Club
[4280255] Could not find attributes for alexandros malis (Panetolikos Agrinio, 2023)
[4280255] Failed to build match row: Panetolikos Agrinio vs Aris Thessalonikis
[4088595] Could not find attributes for hannes mietzelfeld (Rostocker FC 1895, 2023)
[3427207] Could not find attributes for irfan can egribayat (Göztepe Sportif Yatırımlar A.Ş., 2020)
[4088595] Failed to build match row: Rostocker FC 1895 vs 1. Fußballclub Heidenheim 1846
[4850784] Could not find attributes for keisuke kurokawa (D.C. United, 2025)
[3427207] Failed to build match row: Göztepe Sportif Yatırımlar A.Ş. vs Beşiktaş Jimnastik Kulübü
[4850784] Failed to build match row: D.C. United vs Club de Foot Montréal
[3956685] Could not find attributes for goncalo ramos (Sport Lisboa e Benfica, 2022)
[3451196] Failed to scrape lineup: https://www.transfermarkt.co.uk/sd-huesca_celta-de-vigo/index/spielbericht/3451196
[3956685] Failed to build match row: Sport Lisboa e Benfica vs Club Brugge Koninklijke Voetbalvereniging
[3427208] Could not find attributes for lewis baker (Trabzonspor Kulübü, 2020)
[3580197] Failed to scrape lineup: https://www.transfermarkt.co.uk/viborg-ff_randers-fc/index/spielbericht/3580197
[3427208] Failed to build match row: Trabzonspor Kulübü vs Gençlerbirliği Spor Kulübü
[4850785] Could not find attributes for morrison agyemang (Charlotte Football Club, 2025)
[4850785] Failed to build match row: Charlotte Football Club vs New England Revolution

Keepers & outfield error for **Al-Nassr Football Club** in Al-Nassr Football Club vs Damac Football Club: Numbers: 0 and 11.
[4750261] Failed to build match row: Al-Nassr Football Club vs Damac Football Club
[3484213] Could not find attributes for hamza kaid (Maldon & Tiptree FC, 2020)
[4693338] Could not find attributes for matias orozco (Deportivo Cali, 2025)
[4693338] Failed to build match row: Deportivo Cali vs Alianza FC
[3484213] Failed to build match row: Maldon & Tiptree FC vs Morecambe FC
[3673454] Failed to scrape lineup: https://www.transfermarkt.co.uk/ofi-crete-fc_pas-lamia-1964/index/spielbericht/3673454
[4802694] Failed to scrape lineup: https://www.transfermarkt.co.uk/gais_orgryte-is/index/spielbericht/4802694

Keepers & outfield error for **Club de Regatas Vasco da Gama** in Club de Regatas Vasco da Gama vs Grêmio Foot-Ball Porto Alegrense: Numbers: 0 and 11.
[4625690] Could not find attributes for janis beks (BFC Daugavpils, 2025)
[4582101] Failed to build match row: Club de Regatas Vasco da Gama vs Grêmio Foot-Ball Porto Alegrense
[4625690] Failed to build match row: BFC Daugavpils vs KF Vllaznia
[4715992] Failed to scrape lineup: https://www.transfermarkt.co.uk/spielbericht/index/spielbericht/4715992
[4280444] Could not find attributes for julian cuesta (Aris Thessalonikis, 2023)
[4280444] Failed to build match row: Aris Thessalonikis vs Panetolikos Agrinio
[3580198] Could not find attributes for paulinho (Fodbold Club Midtjylland, 2021)
[4190032] Failed to scrape lineup: https://www.transfermarkt.co.uk/spielbericht/index/spielbericht/4190032
[3580198] Failed to build match row: Sønderjyske Fodbold vs Fodbold Club Midtjylland
[3427209] Could not find attributes for sidney sam (Antalyaspor, 2020)
[4750262] Could not find attributes for yassine benzia (Al-Fayha FC, 2025)
[3427209] Failed to build match row: Antalyaspor vs Konyaspor
[4750262] Failed to build match row: Al-Fayha FC vs Al-Hilal Saudi Football Club
[4850786] Could not find attributes for adri mehmeti (Red Bull New York, 2025)
[4850786] Failed to build match row: Sporting Kansas City vs Red Bull New York
[4088596] Could not find attributes for daniel peretz (FC Bayern München, 2023)
[4088596] Failed to build match row: Preußen Münster vs FC Bayern München
[4480646] Could not find attributes for ashqar ahmed (Reading FC, 2024)
[4480646] Failed to build match row: Reading FC vs Fleetwood Town
[4582102] Could not find attributes for weverton (Sociedade Esportiva Palmeiras, 2024)
[4582102] Failed to build match row: Sociedade Esportiva Palmeiras vs Clube Atlético Mineiro
[4625691] Could not find attributes for maksim belov (Neman Grodno, 2025)
[4625691] Failed to build match row: Neman Grodno vs FC Urartu Yerevan

Keepers & outfield error for **Brighton and Hove Albion Football Club** in Brighton and Hove Albion Football Club vs Fulham Football Club: Numbers: 0 and 11.
[3429683] Failed to build match row: Brighton and Hove Albion Football Club vs Fulham Football Club
[4190033] Could not find attributes for robin van der meer (Rijnsburgse Boys, 2023)
[4190033] Failed to build match row: Rijnsburgse Boys vs Football Club Groningen
[4441441] Failed to scrape lineup: https://www.transfermarkt.co.uk/spielbericht/index/spielbericht/4441441
[4850787] Could not find attributes for mbekezeli mbokazi (Chicago Fire Soccer Club, 2025)
[4850787] Failed to build match row: Chicago Fire Soccer Club vs Toronto FC
[3774690] Failed to scrape lineup: https://www.transfermarkt.co.uk/spielbericht/index/spielbericht/3774690
[4522765] Failed to scrape lineup: https://www.transfermarkt.co.uk/sarpsborg-08-ff_sk-brann/index/spielbericht/4522765
[4621090] Failed to scrape lineup: https://www.transfermarkt.co.uk/acf-fiorentina_atalanta-bc/index/spielbericht/4621090
[4693339] Could not find attributes for rogerio caicedo (Boyacá Chicó FC, 2025)
[4693339] Failed to build match row: Boyacá Chicó FC vs CD América de Cali
[4280459] Could not find attributes for rafa soares (Panthessalonikios Athlitikos Omilos Konstantinoupoliton, 2023)
[4280459] Failed to build match row: Panthessalonikios Athlitikos Omilos Konstantinoupoliton vs Panathinaikos Athlitikos Omilos

Keepers & outfield error for **Al-Shabab Club** in Al-Najma Sport Club vs Al-Shabab Club: Numbers: 0 and 11.
[4750263] Failed to build match row: Al-Najma Sport Club vs Al-Shabab Club
[4625692] Could not find attributes for gianluca vivan (La Fiorita 1967, 2025)
[4625692] Failed to build match row: La Fiorita 1967 vs Vardar Skopje
[4715993] Could not find attributes for flavius daniliuc (FC Basel 1893 AG, 2025)

Keepers & outfield error for **Aston Villa Football Club** in Burnley Football Club vs Aston Villa Football Club: Numbers: 0 and 11.
[4715993] Failed to build match row: FC Basel 1893 AG vs SC Fotbal Club FCSB SA
[3429684] Failed to build match row: Burnley Football Club vs Aston Villa Football Club
[4750264] Could not find attributes for mateo borrell (Al-Okhdood Club, 2025)
[4750264] Failed to build match row: Al-Riyadh Saudi Club vs Al-Okhdood Club
[3429685] Could not find attributes for marc albrighton (Leicester City, 2020)
[3429685] Failed to build match row: Everton Football Club vs Leicester City
[4148630] Could not find attributes for kostyantyn solobchuk (Skala 1911 Stryi, 2023)
[4148630] Failed to build match row: Skala 1911 Stryi vs Nyva Ternopil
[4715994] Could not find attributes for flavius daniliuc (FC Basel 1893 AG, 2025)
[4715994] Failed to build match row: FC Basel 1893 AG vs Verein für Bewegungsspiele Stuttgart 1893
[3429686] Could not find attributes for phil jagielka (Sheffield United, 2020)
[4750265] Could not find attributes for nacho fernandez (Al-Qadsiah Saudi Football Club, 2025)
[3429686] Failed to build match row: Manchester United Football Club vs Sheffield United
[4750265] Failed to build match row: Al-Ittihad Football Club vs Al-Qadsiah Saudi Football Club
[3580199] Failed to scrape lineup: https://www.transfermarkt.co.uk/fc-midtjylland_silkeborg-if/index/spielbericht/3580199
[3451198] Failed to scrape lineup: https://www.transfermarkt.co.uk/real-betis-balompie_deportivo-alaves/index/spielbericht/3451198
Not enough players found for lineup: 0, 0.
[4148631] Failed to scrape lineup: https://www.transfermarkt.co.uk/spielbericht/index/spielbericht/4148631
[4441443] Could not find attributes for alexandros diassinos (PAS Korinthos, 2024)
[4441443] Failed to build match row: PAS Korinthos vs Diagoras Rodou
[4088597] Failed to scrape lineup: https://www.transfermarkt.co.uk/spielbericht/index/spielbericht/4088597
[4625693] Could not find attributes for luke armstrong (Penybont FC, 2025)
[4625693] Failed to build match row: Penybont FC vs FK Kauno Zalgiris
[3673464] Failed to scrape lineup: https://www.transfermarkt.co.uk/paok-thessaloniki_apollon-smyrnis/index/spielbericht/3673464
[4480647] Failed to scrape lineup: https://www.transfermarkt.co.uk/spielbericht/index/spielbericht/4480647
[4582103] Failed to scrape lineup: https://www.transfermarkt.co.uk/sao-paulo-futebol-clube_sport-club-corinthians-paulista/index/spielbericht/4582103

Keepers & outfield error for **Internacional de Bogotá** in Internacional de Bogotá vs Fortaleza CEIF: Numbers: 2 and 9.
[4693340] Failed to build match row: Internacional de Bogotá vs Fortaleza CEIF
[4850788] Failed to scrape lineup: https://www.transfermarkt.co.uk/nashville-sc_new-york-city-fc/index/spielbericht/4850788
[3673465] Could not find attributes for nikolaos melissas (Panetolikos Agrinio, 2021)
[3673465] Failed to build match row: Panetolikos Agrinio vs Olympiakos Syndesmos Filathlon Peiraios
[4522766] Failed to scrape lineup: https://www.transfermarkt.co.uk/bryne-fk_tromso-il/index/spielbericht/4522766
[4802695] Could not find attributes for yanis karabelyov (Malmö Fotbollförening, 2025)
[4802695] Failed to build match row: Malmö Fotbollförening vs Mjällby Almänna Idrottsförening

Keepers & outfield error for **Wolverhampton Wanderers Football Club** in Chelsea Football Club vs Wolverhampton Wanderers Football Club: Numbers: 0 and 11.
[3429688] Failed to build match row: Chelsea Football Club vs Wolverhampton Wanderers Football Club
[4582104] Could not find attributes for jemmes (Mirasol Futebol Clube, 2024)
[4582104] Failed to build match row: Mirasol Futebol Clube vs Santos Futebol Clube
[4280460] Failed to scrape lineup: https://www.transfermarkt.co.uk/spielbericht/index/spielbericht/4280460
[4621094] Could not find attributes for jesper karlstrom (Udinese Calcio, 2025)
[4621094] Failed to build match row: Società Sportiva Calcio Napoli vs Udinese Calcio
[4693341] Could not find attributes for washington aguerre (Independiente Medellín, 2025)
[4693341] Failed to build match row: Independiente Medellín vs Atlético Bucaramanga
[4715996] Could not find attributes for roi mishpati (Maccabi Tel Aviv, 2025)
[4715996] Failed to build match row: Sport-Club Freiburg vs Maccabi Tel Aviv
[3956689] Failed to scrape lineup: https://www.transfermarkt.co.uk/spielbericht/index/spielbericht/3956689
[4480648] Could not find attributes for laiith fairnie (Rushall Olympic, 2024)
[4480648] Failed to build match row: Rushall Olympic vs Accrington Stanley
[4280469] Could not find attributes for rustam yatimov (Tajikistan, 2024)
[4280469] Failed to build match row: Tajikistan vs Jordan
[4190034] Could not find attributes for dennis gyamfi (FC Den Bosch, 2023)
[4190034] Failed to build match row: FC Den Bosch vs Excelsior Rotterdam
[4850789] Could not find attributes for mamadou dieng (Minnesota United FC, 2025)
[4850789] Failed to build match row: Minnesota United FC vs Real Salt Lake
[4693342] Could not find attributes for danovis banguero (Millonarios FC, 2025)
[4693342] Failed to build match row: Millonarios FC vs Once Caldas
[4802696] Could not find attributes for amel mujanic (Allmänna Idrottsklubben, 2025)
[4802696] Failed to build match row: Idrottsföreningen Elfsborg vs Allmänna Idrottsklubben

Keepers & outfield error for **Futebol Clube do Porto** in Futebol Clube do Porto vs Football Club Internazionale Milano S.p.A.: Numbers: 0 and 11.
[3956690] Failed to build match row: Futebol Clube do Porto vs Football Club Internazionale Milano S.p.A.
[4088598] Could not find attributes for jonas hildebrandt (FC Energie Cottbus, 2023)
[4088598] Failed to build match row: FC Energie Cottbus vs SC Paderborn 07
[4441444] Failed to scrape lineup: https://www.transfermarkt.co.uk/spielbericht/index/spielbericht/4441444

Keepers & outfield error for **Real Sociedad de Fútbol S.A.D.** in Real Sociedad de Fútbol S.A.D. vs Levante Unión Deportiva S.A.D.: Numbers: 0 and 11.
[4625694] Could not find attributes for micheal glynn (Cliftonville FC, 2025)
[3451199] Failed to build match row: Real Sociedad de Fútbol S.A.D. vs Levante Unión Deportiva S.A.D.
[4625694] Failed to build match row: Cliftonville FC vs St Joseph's FC
[4148632] Could not find attributes for mykhaylo abramov (Lokomotyv Kyiv, 2023)
[4148632] Failed to build match row: Lokomotyv Kyiv vs Livyi Bereg Kyiv
[3580200] Could not find attributes for zeca (Football Club København, 2021)
[3580200] Failed to build match row: Football Club København vs Sønderjyske Fodbold
[4621095] Could not find attributes for tommaso macchioni (Unione Sportiva Sassuolo Calcio, 2025)
[4621095] Failed to build match row: Parma Calcio 1913 vs Unione Sportiva Sassuolo Calcio
[4280470] Could not find attributes for young woo seol (South Korea, 2024)
[4280470] Failed to build match row: Australia vs South Korea
[4582105] Failed to scrape lineup: https://www.transfermarkt.co.uk/cruzeiro-esporte-clube_esporte-clube-juventude/index/spielbericht/4582105
[4148633] Failed to scrape lineup: https://www.transfermarkt.co.uk/spielbericht/index/spielbericht/4148633
[4190035] Could not find attributes for menno heus (SV Spakenburg, 2023)
[4190035] Failed to build match row: SV Spakenburg vs Helmond Sport
[4850790] Could not find attributes for ran binyamin (FC Dallas, 2025)
[4802697] Could not find attributes for samba diatara (Degerfors IF, 2025)
[4850790] Failed to build match row: Colorado Rapids vs FC Dallas
[4802697] Failed to build match row: Degerfors IF vs BK Häcken
[3673466] Could not find attributes for athanasios garavelis (PAS Lamia 1964, 2021)
[3673466] Failed to build match row: PAS Lamia 1964 vs APS Atromitos Athinon

Keepers & outfield error for **Paris Saint-Germain Football Club** in FC Bayern München vs Paris Saint-Germain Football Club: Numbers: 2 and 9.
[4280471] Could not find attributes for alireza beiranvand (Iran, 2024)
rmain Football Club
[4280471] Failed to build match row: Iran vs Japan
[4693343] Could not find attributes for joaquin mattalia (Unión Magdalena, 2025)
[4693343] Failed to build match row: Unión Magdalena vs Deportes Tolima
[4280472] Failed to scrape lineup: https://www.transfermarkt.co.uk/spielbericht/index/spielbericht/4280472
Not enough players found for lineup: 0, 11.
[4441445] Failed to scrape lineup: https://www.transfermarkt.co.uk/spielbericht/index/spielbericht/4441445
[4802698] Could not find attributes for mohamed soumah (IK Sirius, 2025)
[4802698] Failed to build match row: IK Sirius vs Kalmar Fotbollförening
[4190036] Could not find attributes for yannick leliendal (Football Club Utrecht, 2023)
[4190036] Failed to build match row: Football Club Utrecht vs RKC Waalwijk
[4693344] Could not find attributes for yeison suarez (Junior FC, 2025)
[4693344] Failed to build match row: Junior FC vs Independiente Santa Fe
Internacional vs Ceará Sporting Club: Numbers: 0 and 11.
[4582106] Failed to build match row: Sport Club Internacional vs Ceará Sporting Club
[4715999] Could not find attributes for edvin kurtulus (Ludogorets Razgrad, 2025)
[4715999] Failed to build match row: Ludogorets Razgrad vs Real Betis Balompié S.A.D.
[4802699] Failed to scrape lineup: https://www.transfermarkt.co.uk/halmstads-bk_if-brommapojkarna/index/spielbericht/4802699
[4148634] Could not find attributes for valeriy voskonyan (Ingulets Petrove, 2023)
[4148634] Failed to build match row: Ingulets Petrove vs Viktoriya Sumy
[4621097] Could not find attributes for sandi lovric (Verona Hellas Football Club, 2025)
[4621097] Failed to build match row: Verona Hellas Football Club vs Associazione Sportiva Roma
[4088599] Could not find attributes for kayra elmali (FC Oberneuland, 2023)
[4088599] Failed to build match row: FC Oberneuland vs 1.FC Nuremberg
[3956693] Failed to scrape lineup: https://www.transfermarkt.co.uk/spielbericht/index/spielbericht/3956693
[4802700] Failed to scrape lineup: https://www.transfermarkt.co.uk/aik_djurgardens-if/index/spielbericht/4802700
[4148635] Failed to scrape lineup: https://www.transfermarkt.co.uk/spielbericht/index/spielbericht/4148635
[4693345] Could not find attributes for miguel ortega (Llaneros FC, 2025)
[4693345] Failed to build match row: Llaneros FC vs Atlético Nacional
[4582107] Could not find attributes for ze marcos (Esporte Clube Vitória, 2024)
[4582107] Failed to build match row: Esporte Clube Vitória vs Red Bull Bragantino
[4088600] Failed to scrape lineup: https://www.transfermarkt.co.uk/spielbericht/index/spielbericht/4088600
[4281997] Could not find attributes for bara marei (Jordan, 2024)
[4281997] Failed to build match row: Jordan vs South Korea
[3956694] Failed to scrape lineup: https://www.transfermarkt.co.uk/spielbericht/index/spielbericht/3956694
[4716000] Could not find attributes for hendrik bonmann (Ludogorets Razgrad, 2025)
[4716000] Failed to build match row: Ludogorets Razgrad vs Panthessalonikios Athlitikos Omilos Konstantinoupoliton
[4693346] Failed to scrape lineup: https://www.transfermarkt.co.uk/alianza-fc_boyaca-chico-fc/index/spielbericht/4693346
[4088601] Failed to scrape lineup: https://www.transfermarkt.co.uk/spielbericht/index/spielbericht/4088601
[4625695] Failed to scrape lineup: https://www.transfermarkt.co.uk/spielbericht/index/spielbericht/4625695

Keepers & outfield error for **Idrottsföreningen Kamraterna Göteborg** in Idrottsföreningen Kamraterna Göteborg vs Hammarby IF: Numbers: 2 and 9.
[4802701] Failed to build match row: Idrottsföreningen Kamraterna Göteborg vs Hammarby IF
[3775360] Failed to scrape lineup: https://www.transfermarkt.co.uk/spielbericht/index/spielbericht/3775360
icht/4623150
[4625696] Failed to scrape lineup: https://www.transfermarkt.co.uk/spielbericht/index/spielbericht/4625696
[3580203] Failed to scrape lineup: https://www.transfermarkt.co.uk/viborg-ff_aarhus-gf/index/spielbericht/3580203
[3484214] Could not find attributes for ben wynter (Torquay United, 2020)
[3484214] Failed to build match row: Torquay United vs Crawley Town
[4623151] Failed to scrape lineup: https://www.transfermarkt.co.uk/korona-kielce_motor-lublin/index/spielbericht/4623151
[4716001] Could not find attributes for hendrik bonmann (Ludogorets Razgrad, 2025)
[4716001] Failed to build match row: Ludogorets Razgrad vs Olympique Gymnaste Club Nice Côte d'Azur
[3580204] Failed to scrape lineup: https://www.transfermarkt.co.uk/randers-fc_aalborg-bk/index/spielbericht/3580204
[4282477] Could not find attributes for alireza beiranvand (Iran, 2024)
[4282477] Failed to build match row: Iran vs Qatar
[3956696] Failed to scrape lineup: https://www.transfermarkt.co.uk/spielbericht/index/spielbericht/3956696
[3484215] Failed to scrape lineup: https://www.transfermarkt.co.uk/spielbericht/index/spielbericht/3484215
[3673467] Failed to scrape lineup: https://www.transfermarkt.co.uk/panathinaikos-fc_ofi-crete-fc/index/spielbericht/3673467
[4850791] Failed to scrape lineup: https://www.transfermarkt.co.uk/portland-timbers_san-jose-earthquakes/index/spielbericht/4850791
[3429689] Failed to scrape lineup: https://www.transfermarkt.co.uk/crystal-palace_west-ham-united/index/spielbericht/3429689
[3580205] Could not find attributes for paulinho (Fodbold Club Midtjylland, 2021)
[3580205] Failed to build match row: Brøndby Idrætsforening vs Fodbold Club Midtjylland
[4283905] Failed to scrape lineup: https://www.transfermarkt.co.uk/spielbericht/index/spielbericht/4283905
[4802702] Could not find attributes for abdoulaye doumbia (BK Häcken, 2025)
[4802702] Failed to build match row: BK Häcken vs Malmö Fotbollförening
Not enough players found for lineup: 0, 11.
[4693347] Failed to scrape lineup: https://www.transfermarkt.co.uk/deportivo-pereira_independiente-medellin/index/spielbericht/4693347
[3484216] Failed to scrape lineup: https://www.transfermarkt.co.uk/spielbericht/index/spielbericht/3484216
[4625697] Could not find attributes for henry bonello (Hamrun Spartans, 2025)
[4625697] Failed to build match row: Hamrun Spartans vs Futbolniy Klub Dynamo Kyiv
[4190037] Could not find attributes for mitchel michaelis (Koninklijke HFC Haarlem, 2023)
[4190037] Failed to build match row: Koninklijke HFC Haarlem vs Go Ahead Eagles
[4088602] Could not find attributes for tim hansen (TSV Schott Mainz, 2023)
[4088602] Failed to build match row: TSV Schott Mainz vs Borussia Dortmund
[3429690] Failed to scrape lineup: https://www.transfermarkt.co.uk/newcastle-united_leeds-united/index/spielbericht/3429690
[4850792] Could not find attributes for kieran sargeant (San Diego Football Club, 2025)
[3580206] Failed to scrape lineup: https://www.transfermarkt.co.uk/aarhus-gf_odense-boldklub/index/spielbericht/3580206
[4850792] Failed to build match row: San Diego Football Club vs Vancouver Whitecaps FC
[4285018] Failed to scrape lineup: https://www.transfermarkt.co.uk/spielbericht/index/spielbericht/4285018
[4802703] Failed to scrape lineup: https://www.transfermarkt.co.uk/if-elfsborg_if-brommapojkarna/index/spielbericht/4802703
[4693348] Failed to scrape lineup: https://www.transfermarkt.co.uk/once-caldas_asociacion-deportivo-pasto/index/spielbericht/4693348

Keepers & outfield error for **Fredrikstad Fotballklubb** in Fredrikstad Fotballklubb vs Kristiansund Ballklubb: Numbers: 2 and 9.
[4522767] Failed to build match row: Fredrikstad Fotballklubb vs Kristiansund Ballklubb
[3484217] Failed to scrape lineup: https://www.transfermarkt.co.uk/spielbericht/index/spielbericht/3484217
[4625698] Failed to scrape lineup: https://www.transfermarkt.co.uk/spielbericht/index/spielbericht/4625698

Keepers & outfield error for **Morski Związkowy Klub Sportowy Arka Gdynia Spółka Akcyjna** in Klub Sportowy Lechia Gdańsk vs Morski Związkowy Klub Sportowy Arka Gdynia Spółka Akcyjna: Numbers: 2 and 9.
[4623152] Failed to build match row: Klub Sportowy Lechia Gdańsk vs Morski Związkowy Klub Sportowy Arka Gdynia Spółka Akcyjna
[4088603] Failed to scrape lineup: https://www.transfermarkt.co.uk/spielbericht/index/spielbericht/4088603
[3451200] Failed to scrape lineup: https://www.transfermarkt.co.uk/real-valladolid-cf_getafe-cf/index/spielbericht/3451200
[4285019] Failed to scrape lineup: https://www.transfermarkt.co.uk/spielbericht/index/spielbericht/4285019
[4802704] Failed to scrape lineup: https://www.transfermarkt.co.uk/degerfors-if_mjallby-aif/index/spielbericht/4802704
[4850793] Failed to scrape lineup: https://www.transfermarkt.co.uk/los-angeles-galaxy_houston-dynamo-fc/index/spielbericht/4850793
[4750681] Could not find attributes for ilya tuseev (FK Chelyabinsk, 2025)
[4750681] Failed to build match row: FK Chelyabinsk vs KamAZ Naberezhnye Chelny
[3485235] Could not find attributes for daniel davari (Rot-Weiss Essen, 2020)
[3485235] Failed to build match row: Rot-Weiss Essen vs Fortuna Düsseldorf

Keepers & outfield error for **Athlitiki Enosi Konstantinoupoleos** in Athlitiki Enosi Konstantinoupoleos vs Aris Thessalonikis: Numbers: 2 and 9.
[3673468] Failed to build match row: Athlitiki Enosi Konstantinoupoleos vs Aris Thessalonikis
[3796543] Could not find attributes for borna barisic (Rangers Football Club, 2021)
[3796543] Failed to build match row: RasenBallsport Leipzig vs Rangers Football Club
[4716002] Could not find attributes for hendrik bonmann (Ludogorets Razgrad, 2025)
[4716002] Failed to build match row: Ludogorets Razgrad vs Celta
[4285020] Failed to scrape lineup: https://www.transfermarkt.co.uk/spielbericht/index/spielbericht/4285020
[4623153] Failed to scrape lineup: https://www.transfermarkt.co.uk/legia-warszawa_jagiellonia-bialystok/index/spielbericht/4623153
[4150139] Could not find attributes for omari hutchinson (Ipswich Town, 2022)
[4150139] Failed to build match row: Ipswich Town vs Bristol Rovers
[3485236] Failed to scrape lineup: https://www.transfermarkt.co.uk/spielbericht/index/spielbericht/3485236
[4850794] Failed to scrape lineup: https://www.transfermarkt.co.uk/columbus-crew_atlanta-united-fc/index/spielbericht/4850794

Keepers & outfield error for **Aalborg BK** in Aalborg BK vs Fodbold Club Nordsjælland: Numbers: 2 and 9.
[3580207] Failed to build match row: Aalborg BK vs Fodbold Club Nordsjælland
[4623154] Failed to scrape lineup: https://www.transfermarkt.co.uk/piast-gliwice_cracovia/index/spielbericht/4623154
[4150480] Failed to scrape lineup: https://www.transfermarkt.co.uk/aris-thessaloniki_asteras-tripolis/index/spielbericht/4150480
[4522768] Could not find attributes for zinedin smajlovic (Sandefjord Fotball, 2024)
[4802705] Could not find attributes for mohamed soumah (IK Sirius, 2025)
[4522768] Failed to build match row: Sandefjord Fotball vs Fotballklubben Bodø/Glimt
[4802705] Failed to build match row: IK Sirius vs Örgryte IS
[4850795] Failed to scrape lineup: https://www.transfermarkt.co.uk/inter-miami-cf_philadelphia-union/index/spielbericht/4850795
[3485237] Could not find attributes for frank lehmann (SV 07 Elversberg, 2020)
[3485237] Failed to build match row: SV 07 Elversberg vs Mönchengladbach
[3429692] Failed to scrape lineup: https://www.transfermarkt.co.uk/tottenham-hotspur_liverpool-fc/index/spielbericht/3429692
[3580208] Failed to scrape lineup: https://www.transfermarkt.co.uk/vejle-boldklub_fc-copenhagen/index/spielbericht/3580208
[4480650] Failed to scrape lineup: https://www.transfermarkt.co.uk/spielbericht/index/spielbericht/4480650
[3796545] Failed to scrape lineup: https://www.transfermarkt.co.uk/spielbericht/index/spielbericht/3796545
[4750682] Could not find attributes for igor obukhov (Fakel Voronezh, 2025)
[4750682] Failed to build match row: Fakel Voronezh vs Arsenal Tula
[4623155] Failed to scrape lineup: https://www.transfermarkt.co.uk/radomiak-radom_bruk-bet-termalica-nieciecza/index/spielbericht/4623155
[4150481] Failed to scrape lineup: https://www.transfermarkt.co.uk/volos-nps_aek-athens/index/spielbericht/4150481
[4522769] Failed to scrape lineup: https://www.transfermarkt.co.uk/fk-haugesund_sandefjord-fotball/index/spielbericht/4522769
[3956698] Failed to scrape lineup: https://www.transfermarkt.co.uk/spielbericht/index/spielbericht/3956698
[4802706] Failed to scrape lineup: https://www.transfermarkt.co.uk/vasteras-sk_gais/index/spielbericht/4802706
[4850796] Failed to scrape lineup: https://www.transfermarkt.co.uk/los-angeles-fc_seattle-sounders-fc/index/spielbericht/4850796
[3485238] Failed to scrape lineup: https://www.transfermarkt.co.uk/spielbericht/index/spielbericht/3485238
[3429693] Failed to scrape lineup: https://www.transfermarkt.co.uk/arsenal-fc_manchester-united/index/spielbericht/3429693
[3673469] Could not find attributes for yuriy lodygin (PAS Giannina, 2021)
[3673469] Failed to build match row: PAS Giannina vs A.G.S Asteras Tripolis
[4522771] Failed to scrape lineup: https://www.transfermarkt.co.uk/hamarkameratene_sandefjord-fotball/index/spielbericht/4522771
[4802707] Failed to scrape lineup: https://www.transfermarkt.co.uk/kalmar-ff_halmstads-bk/index/spielbericht/4802707
[4441513] Failed to scrape lineup: https://www.transfermarkt.co.uk/spielbericht/index/spielbericht/4441513
[3429694] Failed to scrape lineup: https://www.transfermarkt.co.uk/brighton-amp-hove-albion_tottenham-hotspur/index/spielbericht/3429694
[4802708] Failed to scrape lineup: https://www.transfermarkt.co.uk/djurgardens-if_ik-sirius/index/spielbericht/4802708
[4285022] Failed to scrape lineup: https://www.transfermarkt.co.uk/spielbericht/index/spielbericht/4285022
[3429695] Failed to scrape lineup: https://www.transfermarkt.co.uk/chelsea-fc_burnley-fc/index/spielbericht/3429695
[4441514] Failed to scrape lineup: https://www.transfermarkt.co.uk/spielbericht/index/spielbericht/4441514

Keepers & outfield error for **Futebol Clube do Porto** in Nottingham Forest Football Club vs Futebol Clube do Porto: Numbers: 0 and 11.
[4716003] Failed to build match row: Nottingham Forest Football Club vs Futebol Clube do Porto
[4750683] Could not find attributes for rostislav soldatenko (Torpedo Moscow, 2025)
[4750683] Failed to build match row: Torpedo Moscow vs Kuban Holding Pavlovskaya
[4285023] Failed to scrape lineup: https://www.transfermarkt.co.uk/spielbericht/index/spielbericht/4285023
[3429696] Failed to scrape lineup: https://www.transfermarkt.co.uk/crystal-palace_wolverhampton-wanderers/index/spielbericht/3429696
[4150482] Could not find attributes for ogmundur kristinsson (Athlitiki Enosi Kifisias, 2023)
[4716004] Failed to scrape lineup: https://www.transfermarkt.co.uk/spielbericht/index/spielbericht/4716004
[4150482] Failed to build match row: Athlitiki Enosi Kifisias vs APS Atromitos Athinon
[4441515] Failed to scrape lineup: https://www.transfermarkt.co.uk/spielbericht/index/spielbericht/4441515
[3451204] Failed to scrape lineup: https://www.transfermarkt.co.uk/deportivo-alaves_cadiz-cf/index/spielbericht/3451204
[3796966] Failed to scrape lineup: https://www.transfermarkt.co.uk/spielbericht/index/spielbericht/3796966
[4750684] Failed to scrape lineup: https://www.transfermarkt.co.uk/spielbericht/index/spielbericht/4750684
[4522772] Could not find attributes for alie conteh (Strømsgodset IF, 2024)
[4522772] Failed to build match row: Strømsgodset IF vs FK Haugesund
[3485239] Could not find attributes for ahmet gurleyen (SV Wehen Wiesbaden, 2020)
[3485239] Failed to build match row: SV Wehen Wiesbaden vs SSV Jahn Regensburg
[4285024] Failed to scrape lineup: https://www.transfermarkt.co.uk/spielbericht/index/spielbericht/4285024
[4441516] Failed to scrape lineup: https://www.transfermarkt.co.uk/spielbericht/index/spielbericht/4441516
[4716005] Failed to scrape lineup: https://www.transfermarkt.co.uk/spielbericht/index/spielbericht/4716005
[3429697] Failed to scrape lineup: https://www.transfermarkt.co.uk/everton-fc_newcastle-united/index/spielbericht/3429697
[3451205] Failed to scrape lineup: https://www.transfermarkt.co.uk/fc-barcelona_sd-huesca/index/spielbericht/3451205
[3796967] Failed to scrape lineup: https://www.transfermarkt.co.uk/spielbericht/index/spielbericht/3796967
[4480651] Could not find attributes for max conway (Crewe Alexandra, 2024)
[4480651] Failed to build match row: Crewe Alexandra vs Dagenham & Redbridge FC
[4150483] Could not find attributes for alexandros paschalakis (Olympiakos Syndesmos Filathlon Peiraios, 2023)
[4150483] Failed to build match row: Olympiakos Syndesmos Filathlon Peiraios vs PAS Lamia 1964
[4856811] Failed to build match row: FC Basel 1893 AG vs FC St. Gallen 1879
[3580209] Could not find attributes for abdulrahman taiwo (Sønderjyske Fodbold, 2021)
[3580209] Failed to build match row: Sønderjyske Fodbold vs Viborg Fodsports Forening
[3485240] Failed to scrape lineup: https://www.transfermarkt.co.uk/spielbericht/index/spielbericht/3485240
[4716006] Failed to scrape lineup: https://www.transfermarkt.co.uk/spielbericht/index/spielbericht/4716006
[4285025] Could not find attributes for james mcconnell (Liverpool Football Club, 2023)
[4285025] Failed to build match row: Liverpool Football Club vs Southampton FC
[3451206] Failed to scrape lineup: https://www.transfermarkt.co.uk/celta-de-vigo_athletic-bilbao/index/spielbericht/3451206
[3796968] Failed to scrape lineup: https://www.transfermarkt.co.uk/spielbericht/index/spielbericht/3796968
[4802709] Could not find attributes for theodor lundbergh (Malmö Fotbollförening, 2025)
[4802709] Failed to build match row: Hammarby IF vs Malmö Fotbollförening
[3673470] Could not find attributes for lefteris choutesiotis (Ionikos Nikeas, 2021)
[3673470] Failed to build match row: Ionikos Nikeas vs Volou Neos Podosferikos Syllogos
[4441517] Could not find attributes for denis eremeev (Volga Uljanovsk, 2024)
[4441517] Failed to build match row: Volga Uljanovsk vs Dinamo Kirov
[4150484] Could not find attributes for praxitelis vouros (Omilos Filathlon Irakliou FC, 2023)
[4150484] Failed to build match row: Omilos Filathlon Irakliou FC vs Panthessalonikios Athlitikos Omilos Konstantinoupoliton

Keepers & outfield error for **Paris Saint-Germain Football Club** in Paris Saint-Germain Football Club vs FC Bayern München: Numbers: 2 and 9.
[3956699] Failed to build match row: Paris Saint-Germain Football Club vs FC Bayern München
[4716007] Could not find attributes for jack butland (Rangers Football Club, 2025)
[4285669] Could not find attributes for hidde jurjus (Football Club Groningen, 2023)
[4285669] Failed to build match row: Feyenoord Rotterdam vs Football Club Groningen
[4716007] Failed to build match row: Sportklub Puntigamer Sturm Graz vs Rangers Football Club

Keepers & outfield error for **SD Eibar** in SD Eibar vs Villarreal Club de Fútbol S.A.D.: Numbers: 2 and 9.
[3451207] Failed to build match row: SD Eibar vs Villarreal Club de Fútbol S.A.D.
[4190038] Could not find attributes for luuk vogels (OJC Rosmalen, 2023)
[4190038] Failed to build match row: OJC Rosmalen vs Almere City FC
[3673479] Could not find attributes for praxitelis vouros (Omilos Filathlon Irakliou FC, 2021)
[3673479] Failed to build match row: Omilos Filathlon Irakliou FC vs APS Atromitos Athinon

Keepers & outfield error for **Jeonbuk Hyundai Motors** in Jeonbuk Hyundai Motors vs Gimcheon Sangmu Football Club: Numbers: 0 and 11.
[4752432] Failed to build match row: Jeonbuk Hyundai Motors vs Gimcheon Sangmu Football Club
[4441518] Could not find attributes for sergey glazkov (Dinamo Vladivostok, 2024)
[4441518] Failed to build match row: Dinamo Vladivostok vs Sibir Novosibirsk
[4150485] Could not find attributes for adrian chovan (Panserraikos Serres, 2023)
[4150485] Failed to build match row: Panserraikos Serres vs Panetolikos Agrinio
[4582108] Could not find attributes for magrao (Fortaleza Esporte Clube, 2024)
[4582108] Failed to build match row: Fortaleza Esporte Clube vs Esporte Clube Bahia

Keepers & outfield error for **Göteborgs Atlet- och Idrottssällskap** in Göteborgs Atlet- och Idrottssällskap vs Degerfors IF: Numbers: 2 and 9.
[4802710] Failed to build match row: Göteborgs Atlet- och Idrottssällskap vs Degerfors IF
[4625699] Could not find attributes for ethan britto (Lincoln Red Imps FC, 2025)
[4625699] Failed to build match row: Lincoln Red Imps FC vs Fudbalski klub Crvena zvezda Beograd
[4088605] Could not find attributes for lukas wilton (1. FC Lokomotive Leipzig, 2023)
[4088605] Failed to build match row: 1. FC Lokomotive Leipzig vs Eintracht Frankfurt Fußball AG
[3797583] Could not find attributes for barrie mckay (Heart of Midlothian Football Club, 2021)
[3797583] Failed to build match row: Heart of Midlothian Football Club vs Hibernian Football Club
[4716008] Could not find attributes for milos veljkovic (Fudbalski klub Crvena zvezda Beograd, 2025)
[4716008] Failed to build match row: Sportklub Puntigamer Sturm Graz vs Fudbalski klub Crvena zvezda Beograd
[4150486] Could not find attributes for boris kleyman (PAS Giannina, 2023)
[4150486] Failed to build match row: PAS Giannina vs Panathinaikos Athlitikos Omilos
[3673480] Could not find attributes for yuriy lodygin (PAS Giannina, 2021)
[3673480] Failed to build match row: PAS Giannina vs Panetolikos Agrinio
[4441519] Could not find attributes for maksim edapin (FC Astrakhan, 2024)
)
[4856812] Failed to scrape lineup: https://www.transfermarkt.co.uk/fc-sion_fc-lugano/index/spielbericht/4856812
[4623158] Failed to scrape lineup: https://www.transfermarkt.co.uk/wisla-plock_zaglebie-lubin/index/spielbericht/4623158
[4441519] Failed to build match row: FC Astrakhan vs Volgar Astrakhan
[4802711] Failed to build match row: Örgryte IS vs Idrottsföreningen Kamraterna Göteborg
[4625700] Could not find attributes for ognjen cancarevic (FC Noah Yerevan, 2025)
[4625700] Failed to build match row: FC Noah Yerevan vs Ferencvárosi TC
4)
[4522773] Failed to build match row: Strømsgodset IF vs Sarpsborg 08 Fotballforening
[4285670] Could not find attributes for yanick van osch (SC Cambuur Leeuwarden, 2023)
[4285670] Failed to build match row: SC Cambuur Leeuwarden vs Nijmegen Eendracht Combinatie
[3580210] Could not find attributes for vincent onovo (Randers Fodbold Club, 2021)
[3580210] Failed to build match row: Silkeborg Idrætsforening vs Randers Fodbold Club
[3797584] Failed to scrape lineup: https://www.transfermarkt.co.uk/spielbericht/index/spielbericht/3797584
[3451208] Failed to scrape lineup: https://www.transfermarkt.co.uk/getafe-cf_atletico-de-madrid/index/spielbericht/3451208
[4856813] Failed to scrape lineup: https://www.transfermarkt.co.uk/fc-thun_bsc-young-boys/index/spielbericht/4856813
[4625701] Failed to scrape lineup: https://www.transfermarkt.co.uk/spielbericht/index/spielbericht/4625701
[4441520] Failed to scrape lineup: https://www.transfermarkt.co.uk/spielbericht/index/spielbericht/4441520
[4480652] Could not find attributes for stephen humphrys (Barnsley FC, 2024)
[4480652] Failed to build match row: Port Vale FC vs Barnsley FC
[4582109] Could not find attributes for matheus alexandre (Sport Club do Recife, 2024)
[4582109] Failed to build match row: Sport Club do Recife vs S. A. F. Botafogo
[3580211] Failed to scrape lineup: https://www.transfermarkt.co.uk/brondby-if_silkeborg-if/index/spielbericht/3580211
[3797585] Failed to scrape lineup: https://www.transfermarkt.co.uk/spielbericht/index/spielbericht/3797585
[3429698] Could not find attributes for nampalys mendy (Leicester City, 2020)
[4522777] Failed to scrape lineup: https://www.transfermarkt.co.uk/stromsgodset-if_molde-fk/index/spielbericht/4522777
[3429698] Failed to build match row: Leicester City vs Leeds United Association Football Club
[4150487] Could not find attributes for domagoj vida (Athlitiki Enosi Konstantinoupoleos, 2023)
[4150487] Failed to build match row: Athlitiki Enosi Konstantinoupoleos vs Olympiakos Syndesmos Filathlon Peiraios

Keepers & outfield error for **Nottingham Forest Football Club** in Sportklub Puntigamer Sturm Graz vs Nottingham Forest Football Club: Numbers: 0 and 11.
[4716009] Failed to build match row: Sportklub Puntigamer Sturm Graz vs Nottingham Forest Football Club
[3485242] Failed to scrape lineup: https://www.transfermarkt.co.uk/spielbericht/index/spielbericht/3485242

Keepers & outfield error for **Internacional de Bogotá** in Atlético Bucaramanga vs Internacional de Bogotá: Numbers: 2 and 9.
[4693349] Failed to build match row: Atlético Bucaramanga vs Internacional de Bogotá
[4480653] Failed to scrape lineup: https://www.transfermarkt.co.uk/spielbericht/index/spielbericht/4480653
[4441521] Failed to scrape lineup: https://www.transfermarkt.co.uk/spielbericht/index/spielbericht/4441521

Keepers & outfield error for **Morski Związkowy Klub Sportowy Arka Gdynia Spółka Akcyjna** in Morski Związkowy Klub Sportowy Arka Gdynia Spółka Akcyjna vs Wisła Płock Spółka Akcyjna: Numbers: 2 and 9.
[4623159] Failed to build match row: Morski Związkowy Klub Sportowy Arka Gdynia Spółka Akcyjna vs Wisła Płock Spółka Akcyjna
[3580212] Failed to scrape lineup: https://www.transfermarkt.co.uk/fc-midtjylland_fc-nordsjaelland/index/spielbericht/3580212
[3800178] Failed to scrape lineup: https://www.transfermarkt.co.uk/spielbericht/index/spielbericht/3800178
[4522780] Failed to scrape lineup: https://www.transfermarkt.co.uk/sarpsborg-08-ff_kfum-kameratene-oslo/index/spielbericht/4522780
[4625702] Failed to scrape lineup: https://www.transfermarkt.co.uk/spielbericht/index/spielbericht/4625702
[4480654] Failed to scrape lineup: https://www.transfermarkt.co.uk/spielbericht/index/spielbericht/4480654
[4441522] Failed to scrape lineup: https://www.transfermarkt.co.uk/spielbericht/index/spielbericht/4441522
[3451209] Could not find attributes for roberto soldado (Granada CF, 2020)
[3451209] Failed to build match row: Granada CF vs Real Sociedad de Fútbol S.A.D.
[4856814] Could not find attributes for mirlind kryeziu (Fussballclub Winterthur, 2025)
[3580213] Failed to scrape lineup: https://www.transfermarkt.co.uk/aarhus-gf_vejle-boldklub/index/spielbericht/3580213
[4856814] Failed to build match row: Grasshopper Club Zürich vs Fussballclub Winterthur
[4190039] Could not find attributes for robert van koesveld (SVV Scheveningen, 2023)
[4190039] Failed to build match row: SVV Scheveningen vs USV Hercules
[4088606] Could not find attributes for luis idjakovic (FC-Astoria Walldorf, 2023)
[4088606] Failed to build match row: FC-Astoria Walldorf vs 1. Fußballclub Union Berlin
[4625703] Failed to scrape lineup: https://www.transfermarkt.co.uk/spielbericht/index/spielbericht/4625703
[4693350] Could not find attributes for juan avalo (Rionegro Águilas, 2025)
[4693350] Failed to build match row: Atlético Nacional vs Rionegro Águilas
[4522781] Failed to scrape lineup: https://www.transfermarkt.co.uk/viking-fk_kristiansund-bk/index/spielbericht/4522781
[3451210] Failed to scrape lineup: https://www.transfermarkt.co.uk/levante-ud_valencia-cf/index/spielbericht/3451210
[4716010] Could not find attributes for luca weinhandl (Sportklub Puntigamer Sturm Graz, 2025)
[4716010] Failed to build match row: Sportklub Puntigamer Sturm Graz vs Sportsklubben Brann
[3956709] Failed to scrape lineup: https://www.transfermarkt.co.uk/spielbericht/index/spielbericht/3956709
[4625704] Failed to scrape lineup: https://www.transfermarkt.co.uk/spielbericht/index/spielbericht/4625704
[3673481] Could not find attributes for jordy tutuarima (Apollon Smyrnis, 2021)
[3673481] Failed to build match row: Apollon Smyrnis vs Athlitiki Enosi Konstantinoupoleos
[4693351] Failed to scrape lineup: https://www.transfermarkt.co.uk/fortaleza-ceif_junior-fc/index/spielbericht/4693351
[4802712] Could not find attributes for aki samuelsen (Mjällby Almänna Idrottsförening, 2025)
[4802712] Failed to build match row: Mjällby Almänna Idrottsförening vs BK Häcken
[4582110] Could not find attributes for fernandinho (Ceará Sporting Club, 2024)
[4582110] Failed to build match row: Fluminense Football Club vs Ceará Sporting Club
[3956710] Failed to scrape lineup: https://www.transfermarkt.co.uk/spielbericht/index/spielbericht/3956710
[4441523] Could not find attributes for egor sedov (FC Murom, 2024)
[4441523] Failed to build match row: FC Murom vs Khimik Dzerzhinsk
[3673482] Failed to scrape lineup: https://www.transfermarkt.co.uk/asteras-tripolis_pas-lamia-1964/index/spielbericht/3673482
[4625705] Could not find attributes for dominik takac (Slovan Bratislava, 2025)
[4625705] Failed to build match row: Slovan Bratislava vs HSK Zrinjski Mostar
[4802713] Failed to scrape lineup: https://www.transfermarkt.co.uk/if-brommapojkarna_kalmar-ff/index/spielbericht/4802713
[4582111] Failed to scrape lineup: https://www.transfermarkt.co.uk/botafogo-de-futebol-e-regatas_mirassol-futebol-clube-sp-/index/spielbericht/4582111
[4522784] Could not find attributes for abubacarr sedi kinteh (Tromsø Idrettslag, 2024)
[4522784] Failed to build match row: Tromsø Idrettslag vs KFUM-Kameratene Oslo
[3451211] Could not find attributes for ante budimir (Club Atlético Osasuna, 2020)
[3451211] Failed to build match row: Club Atlético Osasuna vs Real Valladolid CF
[3956711] Failed to scrape lineup: https://www.transfermarkt.co.uk/spielbericht/index/spielbericht/3956711
[4441524] Failed to scrape lineup: https://www.transfermarkt.co.uk/spielbericht/index/spielbericht/4441524
[3673483] Failed to scrape lineup: https://www.transfermarkt.co.uk/volos-nps_aris-thessaloniki/index/spielbericht/3673483
[4150488] Could not find attributes for nikolaos papadopoulos (A.G.S Asteras Tripolis, 2023)
[4150488] Failed to build match row: A.G.S Asteras Tripolis vs PAS Giannina
[4693352] Could not find attributes for emmanuel olivera (Independiente Santa Fe, 2025)
[4693352] Failed to build match row: Independiente Santa Fe vs Deportivo Cali
[4582112] Failed to scrape lineup: https://www.transfermarkt.co.uk/sociedade-esportiva-palmeiras_esporte-clube-juventude/index/spielbericht/4582112
[3451212] Failed to scrape lineup: https://www.transfermarkt.co.uk/real-madrid_elche-cf/index/spielbericht/3451212
[4441525] Failed to scrape lineup: https://www.transfermarkt.co.uk/spielbericht/index/spielbericht/4441525
[4625706] Could not find attributes for dani bolt (Qarabağ FK, 2025)
[3956712] Failed to scrape lineup: https://www.transfermarkt.co.uk/spielbericht/index/spielbericht/3956712
[4625706] Failed to build match row: Shelbourne FC vs Qarabağ FK
[3673484] Failed to scrape lineup: https://www.transfermarkt.co.uk/olympiacos-piraeus_ionikos-nikeas/index/spielbericht/3673484
[4522786] Could not find attributes for samukele kabini (Molde Fotballklubb, 2024)
[4522786] Failed to build match row: Molde Fotballklubb vs Vålerengens Idrettsforening

Keepers & outfield error for **Aston Villa Football Club** in Southampton FC vs Aston Villa Football Club: Numbers: 0 and 11.
[3429700] Failed to build match row: Southampton FC vs Aston Villa Football Club
[4088608] Failed to scrape lineup: https://www.transfermarkt.co.uk/spielbericht/index/spielbericht/4088608
[4150489] Failed to scrape lineup: https://www.transfermarkt.co.uk/atromitos-athens_volos-nps/index/spielbericht/4150489
[4693353] Failed to scrape lineup: https://www.transfermarkt.co.uk/envigado-fc_millonarios-fc/index/spielbericht/4693353
[4582113] Failed to scrape lineup: https://www.transfermarkt.co.uk/sao-paulo-futebol-clube_clube-de-regatas-vasco-da-gama/index/spielbericht/4582113
[3485244] Failed to scrape lineup: https://www.transfermarkt.co.uk/spielbericht/index/spielbericht/3485244
[3451213] Failed to scrape lineup: https://www.transfermarkt.co.uk/sevilla-fc_real-betis-balompie/index/spielbericht/3451213
[4289335] Failed to scrape lineup: https://www.transfermarkt.co.uk/spielbericht/index/spielbericht/4289335
[3673485] Failed to scrape lineup: https://www.transfermarkt.co.uk/panathinaikos-fc_paok-thessaloniki/index/spielbericht/3673485
[3429701] Failed to scrape lineup: https://www.transfermarkt.co.uk/west-bromwich-albion_fulham-fc/index/spielbericht/3429701
[4522787] Failed to scrape lineup: https://www.transfermarkt.co.uk/valerenga-fotball-elite_sandefjord-fotball/index/spielbericht/4522787
[4441526] Could not find attributes for oleg suvorov (Mashuk-KMV Pyatigorsk, 2024)
[4441526] Failed to build match row: Mashuk-KMV Pyatigorsk vs Dinamo Stavropol
[4150490] Failed to scrape lineup: https://www.transfermarkt.co.uk/ae-kifisias_panserraikos/index/spielbericht/4150490
[4693354] Failed to scrape lineup: https://www.transfermarkt.co.uk/cd-america-de-cali_union-magdalena/index/spielbericht/4693354
[3485245] Failed to scrape lineup: https://www.transfermarkt.co.uk/spielbericht/index/spielbericht/3485245
[4582114] Failed to scrape lineup: https://www.transfermarkt.co.uk/red-bull-bragantino_esporte-clube-bahia/index/spielbericht/4582114
[3451373] Failed to scrape lineup: https://www.transfermarkt.co.uk/athletic-bilbao_sd-eibar/index/spielbericht/3451373
[4444771] Failed to scrape lineup: https://www.transfermarkt.co.uk/spielbericht/index/spielbericht/4444771
[4289336] Failed to scrape lineup: https://www.transfermarkt.co.uk/spielbericht/index/spielbericht/4289336
[4522789] Failed to scrape lineup: https://www.transfermarkt.co.uk/molde-fk_rosenborg-bk/index/spielbericht/4522789
[4150491] Failed to scrape lineup: https://www.transfermarkt.co.uk/panetolikos-gfs_panathinaikos-fc/index/spielbericht/4150491
[4693355] Could not find attributes for juan jose mera (Deportes Tolima, 2025)
[4693355] Failed to build match row: Deportes Tolima vs Llaneros FC
[3451374] Failed to scrape lineup: https://www.transfermarkt.co.uk/atletico-de-madrid_deportivo-alaves/index/spielbericht/3451374
[4088610] Failed to scrape lineup: https://www.transfermarkt.co.uk/spielbericht/index/spielbericht/4088610
[4444772] Failed to scrape lineup: https://www.transfermarkt.co.uk/spielbericht/index/spielbericht/4444772
[4522792] Failed to scrape lineup: https://www.transfermarkt.co.uk/valerenga-fotball-elite_kfum-kameratene-oslo/index/spielbericht/4522792
[4289337] Could not find attributes for liam scales (The Celtic Football Club, 2023)
[4289337] Failed to build match row: The Celtic Football Club vs Livingston Football Club
[4150492] Failed to scrape lineup: https://www.transfermarkt.co.uk/paok-thessaloniki_aris-thessaloniki/index/spielbericht/4150492
[4480655] Could not find attributes for sam barratt (Maidenhead United, 2024)
[4480655] Failed to build match row: Maidenhead United vs Crawley Town
[4693615] Failed to scrape lineup: https://www.transfermarkt.co.uk/spielbericht/index/spielbericht/4693615
[3451375] Failed to scrape lineup: https://www.transfermarkt.co.uk/celta-de-vigo_real-madrid/index/spielbericht/3451375
[3485247] Failed to scrape lineup: https://www.transfermarkt.co.uk/spielbericht/index/spielbericht/3485247
[4444773] Failed to scrape lineup: https://www.transfermarkt.co.uk/spielbericht/index/spielbericht/4444773
[4582115] Could not find attributes for igor rabello (Clube Atlético Mineiro, 2024)
[4582115] Failed to build match row: Clube Atlético Mineiro vs Sport Club Internacional
[4522793] Failed to scrape lineup: https://www.transfermarkt.co.uk/sarpsborg-08-ff_viking-fk/index/spielbericht/4522793
[4150493] Failed to scrape lineup: https://www.transfermarkt.co.uk/pas-lamia-1964_ofi-crete-fc/index/spielbericht/4150493
[3451376] Failed to scrape lineup: https://www.transfermarkt.co.uk/getafe-cf_elche-cf/index/spielbericht/3451376
[4693616] Could not find attributes for karl andre vallner (FCI Levadia, 2025)
[4693616] Failed to build match row: FCI Levadia vs FC Differdange 03
[4444774] Failed to scrape lineup: https://www.transfermarkt.co.uk/spielbericht/index/spielbericht/4444774
[4522794] Failed to scrape lineup: https://www.transfermarkt.co.uk/stromsgodset-if_viking-fk/index/spielbericht/4522794
[4716011] Could not find attributes for jan plug (Feyenoord Rotterdam, 2025)
[4716011] Failed to build match row: SC Fotbal Club FCSB SA vs Feyenoord Rotterdam
[4150494] Failed to scrape lineup: https://www.transfermarkt.co.uk/aek-athens_panserraikos/index/spielbericht/4150494

Keepers & outfield error for **Grêmio Foot-Ball Porto Alegrense** in Grêmio Foot-Ball Porto Alegrense vs Sport Club Corinthians Paulista: Numbers: 2 and 9.
[4582116] Failed to build match row: Grêmio Foot-Ball Porto Alegrense vs Sport Club Corinthians Paulista
[4693953] Failed to scrape lineup: https://www.transfermarkt.co.uk/spielbericht/index/spielbericht/4693953

Keepers & outfield error for **Club Atlético Osasuna** in SD Huesca vs Club Atlético Osasuna: Numbers: 0 and 11.
[3451377] Failed to build match row: SD Huesca vs Club Atlético Osasuna
[4752435] Could not find attributes for myeong kwan seo (Ulsan Hyundai Football Club, 2024)
[4752435] Failed to build match row: Ulsan Hyundai Football Club vs Daegu FC
[4522795] Failed to scrape lineup: https://www.transfermarkt.co.uk/valerenga-fotball-elite_stromsgodset-if/index/spielbericht/4522795
[4716012] Failed to scrape lineup: https://www.transfermarkt.co.uk/spielbericht/index/spielbericht/4716012
[4444775] Failed to scrape lineup: https://www.transfermarkt.co.uk/spielbericht/index/spielbericht/4444775
[3485249] Failed to scrape lineup: https://www.transfermarkt.co.uk/spielbericht/index/spielbericht/3485249
[4150495] Failed to scrape lineup: https://www.transfermarkt.co.uk/asteras-tripolis_ofi-crete-fc/index/spielbericht/4150495
[4480656] Could not find attributes for tunji akinola (Woking FC, 2024)
[4480656] Failed to build match row: Woking FC vs Cambridge United
[4693954] Could not find attributes for emil timbur (FC Milsami Orhei, 2025)
[4693954] Failed to build match row: FC Milsami Orhei vs AC Virtus Acquaviva
[4752438] Failed to scrape lineup: https://www.transfermarkt.co.uk/gangwon-fc_jeonbuk-hyundai-motors/index/spielbericht/4752438
[4716013] Failed to scrape lineup: https://www.transfermarkt.co.uk/spielbericht/index/spielbericht/4716013
[4444776] Failed to scrape lineup: https://www.transfermarkt.co.uk/spielbericht/index/spielbericht/4444776
[4150497] Failed to scrape lineup: https://www.transfermarkt.co.uk/panathinaikos-fc_volos-nps/index/spielbericht/4150497
[4522798] Could not find attributes for vegar hedenstad (Vålerengens Idrettsforening, 2024)
[4522798] Failed to build match row: Vålerengens Idrettsforening vs Fotballklubben Bodø/Glimt
[3451379] Failed to scrape lineup: https://www.transfermarkt.co.uk/real-sociedad_fc-barcelona/index/spielbericht/3451379
[4752440] Failed to scrape lineup: https://www.transfermarkt.co.uk/gimcheon-sangmu_pohang-steelers/index/spielbericht/4752440
[4522799] Failed to scrape lineup: https://www.transfermarkt.co.uk/valerenga-fotball-elite_bryne-fk/index/spielbericht/4522799
[4623161] Could not find attributes for mateusz klich (Klub Sportowy Cracovia Spółka Akcyjna, 2025)
[4623161] Failed to build match row: Klub Sportowy Cracovia Spółka Akcyjna vs Legia Warszawa Spółka Akcyjna
[4150498] Failed to scrape lineup: https://www.transfermarkt.co.uk/panetolikos-gfs_pas-giannina/index/spielbericht/4150498
[4716014] Failed to scrape lineup: https://www.transfermarkt.co.uk/spielbericht/index/spielbericht/4716014
[3429703] Failed to scrape lineup: https://www.transfermarkt.co.uk/aston-villa_west-ham-united/index/spielbericht/3429703

Keepers & outfield error for **Suwon FC** in Suwon FC vs Daegu FC: Numbers: 2 and 9.
[4752443] Failed to build match row: Suwon FC vs Daegu FC
[4623162] Failed to scrape lineup: https://www.transfermarkt.co.uk/gks-katowice_radomiak-radom/index/spielbericht/4623162
[4522800] Could not find attributes for menno koch (Sarpsborg 08 Fotballforening, 2024)
[4522800] Failed to build match row: Sarpsborg 08 Fotballforening vs Sandefjord Fotball
[4150499] Failed to scrape lineup: https://www.transfermarkt.co.uk/paok-thessaloniki_ae-kifisias/index/spielbericht/4150499
[4716015] Failed to scrape lineup: https://www.transfermarkt.co.uk/spielbericht/index/spielbericht/4716015
[3429704] Failed to scrape lineup: https://www.transfermarkt.co.uk/burnley-fc_manchester-city/index/spielbericht/3429704
[4693955] Could not find attributes for hans jakup arngrimsson (Víkingur Gøta, 2025)
[4693955] Failed to build match row: Víkingur Gøta vs Linfield FC
[3580214] Failed to scrape lineup: https://www.transfermarkt.co.uk/odense-boldklub_sonderjyske/index/spielbericht/3580214
[4856815] Failed to scrape lineup: https://www.transfermarkt.co.uk/fc-luzern_fc-zurich/index/spielbericht/4856815
[3451381] Failed to scrape lineup: https://www.transfermarkt.co.uk/valencia-cf_granada-cf/index/spielbericht/3451381
[4752445] Failed to scrape lineup: https://www.transfermarkt.co.uk/daegu-fc_gwangju-fc/index/spielbericht/4752445
[4623163] Failed to scrape lineup: https://www.transfermarkt.co.uk/gornik-zabrze_motor-lublin/index/spielbericht/4623163
[4523457] Failed to scrape lineup: https://www.transfermarkt.co.uk/hammarby-if_ifk-goteborg/index/spielbericht/4523457
[3800955] Could not find attributes for fabian balbuena (FK Dinamo Moskva, 2021)
[3800955] Failed to build match row: FK Dinamo Moskva vs Alania Vladikavkaz
[4289338] Could not find attributes for junior hoilett (Aberdeen Football Club, 2023)
[4289338] Failed to build match row: Aberdeen Football Club vs Kilmarnock Football Club
[4716016] Failed to scrape lineup: https://www.transfermarkt.co.uk/spielbericht/index/spielbericht/4716016
[4694006] Failed to scrape lineup: https://www.transfermarkt.co.uk/spielbericht/index/spielbericht/4694006
[3580215] Failed to scrape lineup: https://www.transfermarkt.co.uk/viborg-ff_aalborg-bk/index/spielbericht/3580215
[3956713] Failed to scrape lineup: https://www.transfermarkt.co.uk/spielbericht/index/spielbericht/3956713

Keepers & outfield error for **Cádiz CF** in Villarreal Club de Fútbol S.A.D. vs Cádiz CF: Numbers: 2 and 9.
[3451382] Failed to build match row: Villarreal Club de Fútbol S.A.D. vs Cádiz CF
[4752446] Failed to scrape lineup: https://www.transfermarkt.co.uk/gimcheon-sangmu_gangwon-fc/index/spielbericht/4752446
[4623164] Failed to scrape lineup: https://www.transfermarkt.co.uk/jagiellonia-bialystok_lechia-gdansk/index/spielbericht/4623164
[4856816] Could not find attributes for miroslav stevanovic (Servette Football Club 1890 SA, 2025)
[4856816] Failed to build match row: Servette Football Club 1890 SA vs Football Club Lausanne-Sport
[4625707] Could not find attributes for johannes kreidl (Kuopion Palloseura, 2025)
[4625707] Failed to build match row: Kuopion Palloseura vs Kairat Almaty
[4295482] Failed to scrape lineup: https://www.transfermarkt.co.uk/spielbericht/index/spielbericht/4295482
[4088611] Could not find attributes for bastian strietzel (FC Carl Zeiss Jena, 2023)
[4716017] Failed to scrape lineup: https://www.transfermarkt.co.uk/spielbericht/index/spielbericht/4716017
[4088611] Failed to build match row: FC Carl Zeiss Jena vs Hertha BSC
[4523458] Could not find attributes for abdullah iqbal (Mjällby Almänna Idrottsförening, 2024)
[4523458] Failed to build match row: Idrottsföreningen Elfsborg vs Mjällby Almänna Idrottsförening
[4582117] Could not find attributes for ze marcos (Esporte Clube Vitória, 2024)
[4582117] Failed to build match row: Esporte Clube Vitória vs Cruzeiro Esporte Clube
[3580216] Failed to scrape lineup: https://www.transfermarkt.co.uk/randers-fc_fc-copenhagen/index/spielbericht/3580216
[3956714] Failed to scrape lineup: https://www.transfermarkt.co.uk/spielbericht/index/spielbericht/3956714
[3451383] Failed to scrape lineup: https://www.transfermarkt.co.uk/deportivo-alaves_celta-de-vigo/index/spielbericht/3451383
[4444777] Could not find attributes for mykyta turbayevskyi (FC Zorya Lugansk, 2024)
[4444777] Failed to build match row: FC Shakhtar Donetsk vs FC Zorya Lugansk
[4716018] Failed to scrape lineup: https://www.transfermarkt.co.uk/spielbericht/index/spielbericht/4716018
[4523459] Failed to scrape lineup: https://www.transfermarkt.co.uk/gais_aik/index/spielbericht/4523459
[4694007] Could not find attributes for alexandros malis (FC Ararat-Armenia, 2025)
[4694007] Failed to build match row: AC Sparta Praha, a. s. vs FC Ararat-Armenia
dex/spielbericht/4625708
[4802714] Failed to scrape lineup: https://www.transfermarkt.co.uk/vasteras-sk_aik/index/spielbericht/4802714
[4295483] Could not find attributes for asger sorensen (AC Sparta Praha, a. s., 2023)
[4295483] Failed to build match row: AC Sparta Praha, a. s. vs Liverpool Football Club

Keepers & outfield error for **Jeonbuk Hyundai Motors** in Jeonbuk Hyundai Motors vs Foundation Coorperation Hana Financial Group Inc. Football Club: Numbers: 0 and 11.
[4752447] Failed to build match row: Jeonbuk Hyundai Motors vs Foundation Coorperation Hana Financial Group Inc. Football Club
[4444778] Failed to scrape lineup: https://www.transfermarkt.co.uk/spielbericht/index/spielbericht/4444778
[4582118] Could not find attributes for gustavo mancha (Fortaleza Esporte Clube, 2024)
[4694008] Failed to scrape lineup: https://www.transfermarkt.co.uk/spielbericht/index/spielbericht/4694008
[3800956] Could not find attributes for daniil khlusevich (FK Spartak Moskva, 2021)
[4716019] Failed to scrape lineup: https://www.transfermarkt.co.uk/spielbericht/index/spielbericht/4716019
[4582118] Failed to build match row: Fortaleza Esporte Clube vs Santos Futebol Clube
[3800956] Failed to build match row: FK Spartak Moskva vs Enisey Krasnoyarsk

Keepers & outfield error for **Real Valladolid CF** in Futbol Club Barcelona vs Real Valladolid CF: Numbers: 2 and 9.
[3451384] Failed to build match row: Futbol Club Barcelona vs Real Valladolid CF
[4802715] Failed to scrape lineup: https://www.transfermarkt.co.uk/halmstads-bk_if-elfsborg/index/spielbericht/4802715
[4295484] Failed to scrape lineup: https://www.transfermarkt.co.uk/spielbericht/index/spielbericht/4295484
[4150500] Could not find attributes for alexei koselev (PAS Lamia 1964, 2023)
[4150500] Failed to build match row: PAS Lamia 1964 vs Aris Thessalonikis
[4523460] Could not find attributes for abdoulaye faye (BK Häcken, 2024)
[4523460] Failed to build match row: BK Häcken vs Idrottsföreningen  Brommapojkarna
[4716020] Failed to scrape lineup: https://www.transfermarkt.co.uk/spielbericht/index/spielbericht/4716020
[3801696] Failed to scrape lineup: https://www.transfermarkt.co.uk/spielbericht/index/spielbericht/3801696
[3451385] Failed to scrape lineup: https://www.transfermarkt.co.uk/cadiz-cf_valencia-cf/index/spielbericht/3451385
[4802716] Failed to scrape lineup: https://www.transfermarkt.co.uk/djurgardens-if_if-brommapojkarna/index/spielbericht/4802716
[3673490] Failed to scrape lineup: https://www.transfermarkt.co.uk/volos-nps_ofi-crete-fc/index/spielbericht/3673490
[4150501] Failed to scrape lineup: https://www.transfermarkt.co.uk/aris-thessaloniki_panetolikos-gfs/index/spielbericht/4150501
[4582119] Could not find attributes for matheus alexandre (Sport Club do Recife, 2024)
[4582119] Failed to build match row: Sport Club do Recife vs Clube de Regatas do Flamengo
[3673491] Failed to scrape lineup: https://www.transfermarkt.co.uk/aris-thessaloniki_pas-giannina/index/spielbericht/3673491
[4150502] Failed to scrape lineup: https://www.transfermarkt.co.uk/volos-nps_asteras-tripolis/index/spielbericht/4150502
[4625709] Could not find attributes for miroslav stevanovic (Servette Football Club 1890 SA, 2025)
[4625709] Failed to build match row: FC Viktoria Plzeň, a.s. vs Servette Football Club 1890 SA
[4582120] Failed to scrape lineup: https://www.transfermarkt.co.uk/cr-flamengo_mirassol-futebol-clube-sp-/index/spielbericht/4582120

Keepers & outfield error for **Associazione Sportiva Roma** in Fußballclub Red Bull Salzburg vs Associazione Sportiva Roma: Numbers: 0 and 11.
[3956715] Failed to build match row: Fußballclub Red Bull Salzburg vs Associazione Sportiva Roma
[4190040] Could not find attributes for jorick maats (HHC Hardenberg, 2023)
[4190040] Failed to build match row: HHC Hardenberg vs Heracles Almelo
[4523539] Failed to scrape lineup: https://www.transfermarkt.co.uk/spielbericht/index/spielbericht/4523539
[3807372] Could not find attributes for giannis kotsiras (Panathinaikos Athlitikos Omilos, 2021)
[3807372] Failed to build match row: Panathinaikos Athlitikos Omilos vs Panthessalonikios Athlitikos Omilos Konstantinoupoliton
[4150503] Could not find attributes for alexandros paschalakis (Olympiakos Syndesmos Filathlon Peiraios, 2023)
[4150503] Failed to build match row: Olympiakos Syndesmos Filathlon Peiraios vs Athlitiki Enosi Kifisias
[4623166] Failed to scrape lineup: https://www.transfermarkt.co.uk/pogon-szczecin_rakow-czestochowa/index/spielbericht/4623166
[4752448] Failed to scrape lineup: https://www.transfermarkt.co.uk/pohang-steelers_fc-seoul/index/spielbericht/4752448
[3485535] Could not find attributes for james dunne (Barnet FC, 2020)
[3485535] Failed to build match row: Barnet FC vs Milton Keynes Dons
[4694009] Could not find attributes for zan luk leban (NK Celje, 2025)
[4694009] Failed to build match row: FC Lugano vs NK Celje
[4525602] Could not find attributes for filip manojlovic (Djurgårdens Idrottsförening, 2024)
[4525602] Failed to build match row: Djurgårdens Idrottsförening vs Degerfors IF
[3673492] Could not find attributes for lefteris choutesiotis (Ionikos Nikeas, 2021)
[3673492] Failed to build match row: Ionikos Nikeas vs A.G.S Asteras Tripolis
[4190041] Could not find attributes for jaimy schaap (VV IJsselmeervogels, 2023)
[4190041] Failed to build match row: VV IJsselmeervogels vs Sparta Rotterdam
[4716023] Failed to scrape lineup: https://www.transfermarkt.co.uk/spielbericht/index/spielbericht/4716023
Not enough players found for lineup: 0, 0.
[4752450] Failed to scrape lineup: https://www.transfermarkt.co.uk/fc-anyang_suwon-fc/index/spielbericht/4752450
[3451386] Failed to scrape lineup: https://www.transfermarkt.co.uk/elche-cf_real-betis-balompie/index/spielbericht/3451386

Keepers & outfield error for **Southampton FC** in Manchester United Football Club vs Southampton FC: Numbers: 2 and 9.
[3429707] Failed to build match row: Manchester United Football Club vs Southampton FC
[4088613] Could not find attributes for jarno peters (FC Gütersloh, 2023)
[4088613] Failed to build match row: FC Gütersloh vs Holstein Kiel
[4856817] Failed to scrape lineup: https://www.transfermarkt.co.uk/fc-lugano_fc-basel-1893/index/spielbericht/4856817
[4525603] Could not find attributes for rufai mohammed (IFK Värnamo, 2024)
[4525603] Failed to build match row: Hammarby IF vs IFK Värnamo
[3673493] Could not find attributes for nikolaos melissas (Panetolikos Agrinio, 2021)
[3673493] Failed to build match row: Panetolikos Agrinio vs Apollon Smyrnis
[4480658] Could not find attributes for jamie fielding (Tonbridge Angels, 2024)
[4480658] Failed to build match row: Tonbridge Angels vs Harborough Town
[4694010] Could not find attributes for sebastian john (KÍ Klaksvík, 2025)
[4694010] Failed to build match row: KÍ Klaksvík vs Neman Grodno

Keepers & outfield error for **Foundation Coorperation Hana Financial Group Inc. Football Club** in Foundation Coorperation Hana Financial Group Inc. Football Club vs Gangwon Football Club: Numbers: 2 and 9.
[4752452] Failed to build match row: Foundation Coorperation Hana Financial Group Inc. Football Club vs Gangwon Football Club
[4625710] Failed to scrape lineup: https://www.transfermarkt.co.uk/spielbericht/index/spielbericht/4625710
[4445032] Failed to scrape lineup: https://www.transfermarkt.co.uk/spielbericht/index/spielbericht/4445032
[4582121] Failed to scrape lineup: https://www.transfermarkt.co.uk/clube-de-regatas-vasco-da-gama_clube-atletico-mineiro/index/spielbericht/4582121
[4150504] Could not find attributes for praxitelis vouros (Omilos Filathlon Irakliou FC, 2023)
[4150504] Failed to build match row: Omilos Filathlon Irakliou FC vs APS Atromitos Athinon
[4716024] Could not find attributes for georgios giakoumakis (Panthessalonikios Athlitikos Omilos Konstantinoupoliton, 2025)
[4716024] Failed to build match row: Celta vs Panthessalonikios Athlitikos Omilos Konstantinoupoliton
[4802717] Could not find attributes for kevin filling (Allmänna Idrottsklubben, 2025)
[4802717] Failed to build match row: Hammarby IF vs Allmänna Idrottsklubben
[3451387] Could not find attributes for roberto soldado (Granada CF, 2020)
[3451387] Failed to build match row: Granada CF vs Villarreal Club de Fútbol S.A.D.
[3485536] Could not find attributes for bryce hosannah (Bradford City, 2020)
[3485536] Failed to build match row: Bradford City vs Oldham Athletic
[4525604] Could not find attributes for simon eriksson (Idrottsföreningen Elfsborg, 2024)
[4525604] Failed to build match row: Idrottsföreningen Elfsborg vs BK Häcken
[3580217] Could not find attributes for zeca (Football Club København, 2021)
[3580217] Failed to build match row: Football Club København vs Fodbold Club Midtjylland
[4190042] Could not find attributes for erkan altun (RKVV DEM, 2023)
[4190042] Failed to build match row: RKVV DEM vs VV Hoogeveen
[4752453] Could not find attributes for si woo jin (Gwangju Football Club, 2024)
[4752453] Failed to build match row: Gwangju Football Club vs Ulsan Hyundai Football Club
[4088614] Could not find attributes for marvin ludwig (SV Oberachern, 2023)
[4088614] Failed to build match row: SV Oberachern vs Sport-Club Freiburg
[4150505] Could not find attributes for bart schenkeveld (Panathinaikos Athlitikos Omilos, 2023)
[4150505] Failed to build match row: Panathinaikos Athlitikos Omilos vs Athlitiki Enosi Konstantinoupoleos
[4856818] Could not find attributes for nevio scherrer (FC St. Gallen 1879, 2025)
[4856818] Failed to build match row: FC St. Gallen 1879 vs FC Thun
[4582122] Could not find attributes for weverton (Sociedade Esportiva Palmeiras, 2024)
[4582122] Failed to build match row: Sociedade Esportiva Palmeiras vs Ceará Sporting Club
[4694011] Could not find attributes for baba musah (Riga FC, 2025)
[4694011] Failed to build match row: Riga FC vs Beitar Jerusalem
[4525605] Could not find attributes for oskar agren (Göteborgs Atlet- och Idrottssällskap, 2024)
[4525605] Failed to build match row: Göteborgs Atlet- och Idrottssällskap vs Malmö Fotbollförening

Keepers & outfield error for **Bristol Rovers** in Bristol Rovers vs Darlington FC: Numbers: 2 and 9.
[3485537] Failed to build match row: Bristol Rovers vs Darlington FC
[4190043] Could not find attributes for lars jansen (VV Noordwijk, 2023)
[4190043] Failed to build match row: VV Noordwijk vs ADO Den Haag
[4623170] Could not find attributes for matej rodin (Klub Sportowy Lechia Gdańsk, 2025)
[3813154] Failed to scrape lineup: https://www.transfermarkt.co.uk/spielbericht/index/spielbericht/3813154
[4623170] Failed to build match row: Klub Sportowy Lechia Gdańsk vs GKS GieKSa Katowice Spółka Akcyjna
[4525606] Could not find attributes for felix eriksson (Idrottsföreningen Kamraterna Göteborg, 2024)
[4525606] Failed to build match row: Idrottsföreningen Kamraterna Göteborg vs IK Sirius
[3429710] Could not find attributes for caoimhin kelleher (Liverpool Football Club, 2020)
[3429710] Failed to build match row: Liverpool Football Club vs Brighton and Hove Albion Football Club
[4752454] Could not find attributes for hyeon seo han (Football Club Pohang Steelers, 2024)
[4752454] Failed to build match row: Football Club Pohang Steelers vs Jeonbuk Hyundai Motors
[4150506] Could not find attributes for adrian chovan (Panserraikos Serres, 2023)
[4150506] Failed to build match row: Panserraikos Serres vs PAS Lamia 1964
[3673494] Failed to scrape lineup: https://www.transfermarkt.co.uk/aek-athens_olympiacos-piraeus/index/spielbericht/3673494
[4694012] Could not find attributes for palmi rafn arinbjornsson (Víkingur Reykjavík, 2025)
[4694012] Failed to build match row: Víkingur Reykjavík vs Brøndby Idrætsforening
[4625713] Failed to scrape lineup: https://www.transfermarkt.co.uk/spielbericht/index/spielbericht/4625713
[4445033] Failed to scrape lineup: https://www.transfermarkt.co.uk/spielbericht/index/spielbericht/4445033
[4716025] Failed to scrape lineup: https://www.transfermarkt.co.uk/spielbericht/index/spielbericht/4716025
[4802718] Failed to scrape lineup: https://www.transfermarkt.co.uk/ifk-goteborg_mjallby-aif/index/spielbericht/4802718
[4525608] Could not find attributes for kojo peprah oppong (IFK Norrköping, 2024)
[4525608] Failed to build match row: IFK Norrköping vs Idrottsföreningen  Brommapojkarna
[4856820] Could not find attributes for luka mikulic (Grasshopper Club Zürich, 2025)
[4856820] Failed to build match row: Football Club Lausanne-Sport vs Grasshopper Club Zürich
[4088615] Could not find attributes for nils bohmann (TuS Bersenbrück, 2023)
[4088615] Failed to build match row: TuS Bersenbrück vs Mönchengladbach
[3485538] Could not find attributes for michael finneran (Canvey Island FC, 2020)
[3485538] Failed to build match row: Canvey Island FC vs Boreham Wood FC
[4582123] Failed to scrape lineup: https://www.transfermarkt.co.uk/sao-paulo-futebol-clube_esporte-clube-vitoria/index/spielbericht/4582123
[3673495] Could not find attributes for stefanos stroungis (APS Atromitos Athinon, 2021)
[4694013] Could not find attributes for branimir mlacic (HNK Hajduk Split, 2025)
[3673495] Failed to build match row: APS Atromitos Athinon vs Panthessalonikios Athlitikos Omilos Konstantinoupoliton
[4694013] Failed to build match row: HNK Hajduk Split vs FC Dinamo City
[4150507] Could not find attributes for boris kleyman (PAS Giannina, 2023)
[4150507] Failed to build match row: PAS Giannina vs Panthessalonikios Athlitikos Omilos Konstantinoupoliton

Keepers & outfield error for **Paris Saint-Germain Football Club** in Paris Saint-Germain Football Club vs Football Club de Nantes: Numbers: 2 and 9.
[3813957] Failed to build match row: Paris Saint-Germain Football Club vs Football Club de Nantes

Keepers & outfield error for **SD Eibar** in Real Madrid Club de Fútbol vs SD Eibar: Numbers: 3 and 8.
[3451390] Failed to build match row: Real Madrid Club de Fútbol vs SD Eibar
[4625714] Could not find attributes for henry bonello (Hamrun Spartans, 2025)
[4625714] Failed to build match row: Futbolniy Klub Dynamo Kyiv vs Hamrun Spartans
[4802719] Could not find attributes for noah astrand john (Malmö Fotbollförening, 2025)
[4802719] Failed to build match row: Malmö Fotbollförening vs Västerås Sportklubb FK
[4752458] Could not find attributes for seung hyun jung (Ulsan Hyundai Football Club, 2024)
[4752458] Failed to build match row: Ulsan Hyundai Football Club vs Jeju SK Football Club
[3956718] Could not find attributes for paulinho (Fodbold Club Midtjylland, 2022)
[3816817] Could not find attributes for ruslan litvinov (FK Spartak Moskva, 2021)
[4190044] Could not find attributes for thijs jansen (De Graafschap Doetinchem, 2023)
[3816817] Failed to build match row: FK Spartak Moskva vs FK Dinamo Moskva
[3956718] Failed to build match row: Fodbold Club Midtjylland vs Sporting Clube de Portugal
[4190044] Failed to build match row: De Graafschap Doetinchem vs FC Emmen
[4694014] Failed to build match row: Royal Sporting Club Anderlecht vs FC Sheriff Tiraspol
[4088616] Could not find attributes for anthony losilla (VfL Bochum, 2023)
[4088616] Failed to build match row: Arminia Bielefeld vs VfL Bochum
[4150508] Could not find attributes for nikolaos papadopoulos (A.G.S Asteras Tripolis, 2023)

Keepers & outfield error for **Real Sociedad de Fútbol S.A.D.** in Real Sociedad de Fútbol S.A.D. vs Athletic Club Bilbao: Numbers: 0 and 11.
[4150508] Failed to build match row: A.G.S Asteras Tripolis vs Athlitiki Enosi Konstantinoupoleos
[3451391] Failed to build match row: Real Sociedad de Fútbol S.A.D. vs Athletic Club Bilbao
[4856822] Could not find attributes for sebastian walker (FC Zürich, 2025)
[4856822] Failed to build match row: FC Zürich vs Servette Football Club 1890 SA
[4295485] Failed to scrape lineup: https://www.transfermarkt.co.uk/spielbericht/index/spielbericht/4295485
[3818416] Could not find attributes for mihajlo ivancevic (Odense Boldklub, 2021)
[3818416] Failed to build match row: Odense Boldklub vs Fodbold Club Midtjylland
[3673496] Could not find attributes for athanasios garavelis (PAS Lamia 1964, 2021)
[3673496] Failed to build match row: PAS Lamia 1964 vs Panathinaikos Athlitikos Omilos
[4625715] Could not find attributes for yoav gerafi (Maccabi Tel Aviv, 2025)
[4625715] Failed to build match row: Maccabi Tel Aviv vs Pafos FC
[4694015] Could not find attributes for aleksandr marochkin (FC Astana, 2025)
[4694015] Failed to build match row: Football Club Lausanne-Sport vs FC Astana
[4856823] Could not find attributes for renato steffen (FC Lugano, 2025)
[4150509] Could not find attributes for alexandros anagnostopoulos (Athlitiki Enosi Kifisias, 2023)
[4150509] Failed to build match row: Athlitiki Enosi Kifisias vs Omilos Filathlon Irakliou FC
[4856823] Failed to build match row: FC Thun vs FC Lugano
[4295486] Could not find attributes for cyriel dessers (Rangers Football Club, 2023)
[4295486] Failed to build match row: Sport Lisboa e Benfica vs Rangers Football Club
[3956719] Could not find attributes for dmytro topalov (FC Shakhtar Donetsk, 2022)
[3956719] Failed to build match row: Rennes vs FC Shakhtar Donetsk
[4582124] Could not find attributes for lucas barbosa (Red Bull Bragantino, 2024)
[4582124] Failed to build match row: Red Bull Bragantino vs Sport Club Internacional
[4802720] Could not find attributes for momoh kamara (Idrottsföreningen Elfsborg, 2025)
[4802720] Failed to build match row: Idrottsföreningen Elfsborg vs BK Häcken
[4625716] Could not find attributes for milos veljkovic (Fudbalski klub Crvena zvezda Beograd, 2025)
[4625716] Failed to build match row: Fudbalski klub Crvena zvezda Beograd vs Lincoln Red Imps FC
[4856824] Could not find attributes for flavius daniliuc (FC Basel 1893 AG, 2025)
[4856824] Failed to build match row: FC Basel 1893 AG vs FC Sion
[4150510] Could not find attributes for alexandros paschalakis (Olympiakos Syndesmos Filathlon Peiraios, 2023)
[4150510] Failed to build match row: Olympiakos Syndesmos Filathlon Peiraios vs Panathinaikos Athlitikos Omilos
[4752461] Could not find attributes for ho yeong park (Gangwon Football Club, 2024)
[4752461] Failed to build match row: Gangwon Football Club vs Football Club Pohang Steelers
[4625717] Could not find attributes for ognjen cancarevic (FC Noah Yerevan, 2025)
[4625717] Failed to build match row: Ferencvárosi TC vs FC Noah Yerevan
[4089189] Could not find attributes for shahrudin mahammadaliyev (Qarabağ FK, 2023)
[4089189] Failed to build match row: Qarabağ FK vs Lincoln Red Imps FC
[4694016] Could not find attributes for rohan ferguson (Larne FC, 2025)
[4694016] Failed to build match row: Larne FC vs Clube Desportivo Santa Clara
[3673499] Could not find attributes for antonis tsiftsis (A.G.S Asteras Tripolis, 2021)
[3673499] Failed to build match row: A.G.S Asteras Tripolis vs APS Atromitos Athinon
[4582125] Could not find attributes for lucas villalba (Cruzeiro Esporte Clube, 2024)

Keepers & outfield error for **Aalborg BK** in Aalborg BK vs Odense Boldklub: Numbers: 2 and 9.
[3580218] Failed to build match row: Aalborg BK vs Odense Boldklub
[4802721] Could not find attributes for mohamed soumah (IK Sirius, 2025)
[4802721] Failed to build match row: IK Sirius vs Göteborgs Atlet- och Idrottssällskap
[4856825] Could not find attributes for stefan bukinac (Berner Sport Club Young Boys, 2025)
[4856825] Failed to build match row: Berner Sport Club Young Boys vs FC St. Gallen 1879
[3485541] Failed to scrape lineup: https://www.transfermarkt.co.uk/spielbericht/index/spielbericht/3485541
[4480660] Could not find attributes for lewis white (Kettering Town, 2024)
[4480660] Failed to build match row: Northampton Town vs Kettering Town
[3822486] Failed to scrape lineup: https://www.transfermarkt.co.uk/spielbericht/index/spielbericht/3822486
[4525613] Failed to scrape lineup: https://www.transfermarkt.co.uk/bk-hacken_gais/index/spielbericht/4525613
[4753804] Could not find attributes for fiachra pagel (Forest Green Rovers, 2025)
[4753804] Failed to build match row: Luton Town vs Forest Green Rovers
[4582126] Could not find attributes for matheus alexandre (Sport Club do Recife, 2024)
[4582126] Failed to build match row: Grêmio Foot-Ball Porto Alegrense vs Sport Club do Recife
[4625718] Could not find attributes for anton ari einarsson (Breidablik Kópavogur, 2025)
[4625718] Failed to build match row: Breidablik Kópavogur vs KKS Lech Poznań Spółka Akcyjna
[3673500] Could not find attributes for christos lisgaras (Apollon Smyrnis, 2021)
[3673500] Failed to build match row: Apollon Smyrnis vs PAS Lamia 1964
[4753805] Could not find attributes for david longe king (Chelmsford City, 2025)
[4753805] Failed to build match row: Chelmsford City vs Braintree Town
[4582127] Failed to scrape lineup: https://www.transfermarkt.co.uk/esporte-clube-bahia_fluminense-football-club/index/spielbericht/4582127

Keepers & outfield error for **Bayer 04 Leverkusen Fußball** in Association sportive de Monaco Football Club vs Bayer 04 Leverkusen Fußball: Numbers: 2 and 9.
[3956721] Failed to build match row: Association sportive de Monaco Football Club vs Bayer 04 Leverkusen Fußball
[4694017] Could not find attributes for vana alves (Aris Limassol, 2025)
[4694017] Failed to build match row: Aris Limassol vs Athlitiki Enosi Konstantinoupoleos
[4856826] Could not find attributes for maximilian ullmann (Grasshopper Club Zürich, 2025)
[4856826] Failed to build match row: Grasshopper Club Zürich vs FC Luzern
[4625719] Could not find attributes for faton maloku (FC Drita, 2025)
[4625719] Failed to build match row: FC Drita vs Football Club København
[4753806] Could not find attributes for tiernan brooks (Gateshead FC, 2025)
[4753806] Failed to build match row: AFC Wimbledon vs Gateshead FC
[3673501] Could not find attributes for yuriy lodygin (PAS Giannina, 2021)
[3673501] Failed to build match row: PAS Giannina vs Athlitiki Enosi Konstantinoupoleos
[4525615] Could not find attributes for abdullah iqbal (Mjällby Almänna Idrottsförening, 2024)
[4525615] Failed to build match row: Mjällby Almänna Idrottsförening vs Malmö Fotbollförening
[3580219] Could not find attributes for sten grytebust (Vejle Boldklub, 2021)
[3580219] Failed to build match row: Vejle Boldklub vs Viborg Fodsports Forening
[3825563] Could not find attributes for daniil odoevskiy (AO FK Zenit Sankt-Peterburg, 2022)
[3825563] Failed to build match row: AO FK Zenit Sankt-Peterburg vs FK Spartak Moskva

Keepers & outfield error for **Sevilla Fútbol Club S.A.D.** in Eindhovense Voetbalvereniging Philips Sport Vereniging vs Sevilla Fútbol Club S.A.D.: Numbers: 2 and 9.
[3956722] Failed to build match row: Eindhovense Voetbalvereniging Philips Sport Vereniging vs Sevilla Fútbol Club S.A.D.

Keepers & outfield error for **Aston Villa Football Club** in Aston Villa Football Club vs Arsenal Football Club: Numbers: 0 and 11.
[3429713] Failed to build match row: Aston Villa Football Club vs Arsenal Football Club
[4582128] Could not find attributes for gustavo mancha (Fortaleza Esporte Clube, 2024)
[4582128] Failed to build match row: Fortaleza Esporte Clube vs S. A. F. Botafogo
[4625720] Could not find attributes for hendrik bonmann (Ludogorets Razgrad, 2025)
[4625720] Failed to build match row: Ludogorets Razgrad vs Hrvatski Nogometni Klub Rijeka
[4856827] Could not find attributes for sebastian walker (FC Zürich, 2025)
[4856827] Failed to build match row: Football Club Lausanne-Sport vs FC Zürich
[4089190] Failed to scrape lineup: https://www.transfermarkt.co.uk/spielbericht/index/spielbericht/4089190
[4694018] Failed to scrape lineup: https://www.transfermarkt.co.uk/spielbericht/index/spielbericht/4694018
[4445042] Failed to scrape lineup: https://www.transfermarkt.co.uk/spielbericht/index/spielbericht/4445042
[4480661] Failed to scrape lineup: https://www.transfermarkt.co.uk/spielbericht/index/spielbericht/4480661
[4150511] Could not find attributes for stefanos kapino (Panetolikos Agrinio, 2023)
[4150511] Failed to build match row: Panetolikos Agrinio vs Volou Neos Podosferikos Syllogos
[3429714] Failed to scrape lineup: https://www.transfermarkt.co.uk/burnley-fc_brighton-amp-hove-albion/index/spielbericht/3429714
[4089191] Failed to scrape lineup: https://www.transfermarkt.co.uk/spielbericht/index/spielbericht/4089191

Keepers & outfield error for **Associazione Sportiva Roma** in Associazione Sportiva Roma vs Fußballclub Red Bull Salzburg: Numbers: 0 and 11.
[3956723] Failed to build match row: Associazione Sportiva Roma vs Fußballclub Red Bull Salzburg
[4525616] Could not find attributes for wille jakobsson (Degerfors IF, 2024)
[4525616] Failed to build match row: Degerfors IF vs Idrottsföreningen  Brommapojkarna
[4694019] Failed to scrape lineup: https://www.transfermarkt.co.uk/spielbericht/index/spielbericht/4694019
[4445043] Failed to scrape lineup: https://www.transfermarkt.co.uk/spielbericht/index/spielbericht/4445043
[4802722] Could not find attributes for samuel brolin (Kalmar Fotbollförening, 2025)
[4802722] Failed to build match row: Kalmar Fotbollförening vs Degerfors IF
[3673502] Failed to scrape lineup: https://www.transfermarkt.co.uk/ofi-crete-fc_ionikos-nikeas/index/spielbericht/3673502
[3429715] Failed to scrape lineup: https://www.transfermarkt.co.uk/fulham-fc_west-ham-united/index/spielbericht/3429715
[3485542] Could not find attributes for calvin miller (Harrogate Town, 2020)
[3485542] Failed to build match row: Harrogate Town vs Blackpool FC
[4089192] Failed to scrape lineup: https://www.transfermarkt.co.uk/spielbericht/index/spielbericht/4089192
[4856828] Could not find attributes for miroslav stevanovic (Servette Football Club 1890 SA, 2025)
[4856828] Failed to build match row: Servette Football Club 1890 SA vs Fussballclub Winterthur
[4445044] Failed to scrape lineup: https://www.transfermarkt.co.uk/spielbericht/index/spielbericht/4445044
[3958354] Failed to scrape lineup: https://www.transfermarkt.co.uk/spielbericht/index/spielbericht/3958354
[3673503] Failed to scrape lineup: https://www.transfermarkt.co.uk/olympiacos-piraeus_volos-nps/index/spielbericht/3673503
[4802723] Failed to scrape lineup: https://www.transfermarkt.co.uk/halmstads-bk_orgryte-is/index/spielbericht/4802723
[4625721] Could not find attributes for baboucarr gaye (Shkendija Tetovo, 2025)
[4625721] Failed to build match row: SC Fotbal Club FCSB SA vs Shkendija Tetovo
[4582129] Could not find attributes for mandaca (Esporte Clube Juventude, 2024)
[4582129] Failed to build match row: Esporte Clube Juventude vs Sport Club Corinthians Paulista
[3429716] Failed to scrape lineup: https://www.transfermarkt.co.uk/leeds-united_crystal-palace/index/spielbericht/3429716
[3580221] Could not find attributes for soren reese (Sønderjyske Fodbold, 2021)
[3580221] Failed to build match row: Sønderjyske Fodbold vs Brøndby Idrætsforening
[4445045] Failed to scrape lineup: https://www.transfermarkt.co.uk/spielbericht/index/spielbericht/4445045
/spielbericht/3673504
[3825587] Failed to scrape lineup: https://www.transfermarkt.co.uk/spielbericht/index/spielbericht/3825587
[4582130] Failed to scrape lineup: https://www.transfermarkt.co.uk/fluminense-football-club_red-bull-bragantino/index/spielbericht/4582130
[3429717] Failed to scrape lineup: https://www.transfermarkt.co.uk/liverpool-fc_manchester-city/index/spielbericht/3429717
[3580222] Failed to scrape lineup: https://www.transfermarkt.co.uk/silkeborg-if_aarhus-gf/index/spielbericht/3580222
[3673505] Failed to scrape lineup: https://www.transfermarkt.co.uk/panathinaikos-fc_panetolikos-gfs/index/spielbericht/3673505
[3825588] Could not find attributes for florian kirschke (VfB Lübeck, 2022)
[3825588] Failed to build match row: VfB Lübeck vs FC Hansa Rostock
[4582131] Failed to scrape lineup: https://www.transfermarkt.co.uk/botafogo-de-futebol-e-regatas_esporte-clube-juventude/index/spielbericht/4582131
[3580223] Failed to scrape lineup: https://www.transfermarkt.co.uk/brondby-if_aalborg-bk/index/spielbericht/3580223
[4582132] Failed to scrape lineup: https://www.transfermarkt.co.uk/sport-club-corinthians-paulista_clube-de-regatas-vasco-da-gama/index/spielbericht/4582132
[3580224] Failed to scrape lineup: https://www.transfermarkt.co.uk/fc-midtjylland_randers-fc/index/spielbericht/3580224
[4525617] Could not find attributes for rufai mohammed (IFK Värnamo, 2024)
[4525617] Failed to build match row: IFK Värnamo vs Idrottsföreningen Elfsborg
[3958355] Could not find attributes for zaki oualah (Weymouth FC, 2022)
[3958355] Failed to build match row: AFC Wimbledon vs Weymouth FC
[4802724] Could not find attributes for kevin filling (Allmänna Idrottsklubben, 2025)
[4802724] Failed to build match row: Allmänna Idrottsklubben vs IK Sirius
[4856829] Could not find attributes for flavius daniliuc (FC Basel 1893 AG, 2025)
[4856829] Failed to build match row: FC Basel 1893 AG vs FC Thun
[4582133] Failed to scrape lineup: https://www.transfermarkt.co.uk/santos-fc_esporte-clube-bahia/index/spielbericht/4582133
[4089193] Could not find attributes for itamar nitzan (Maccabi Haifa, 2023)
[4089193] Failed to build match row: Maccabi Haifa vs Hamrun Spartans
[4525619] Failed to scrape lineup: https://www.transfermarkt.co.uk/djurgardens-if_hammarby-if/index/spielbericht/4525619
[4856830] Failed to scrape lineup: https://www.transfermarkt.co.uk/fc-st-gallen-1879_fc-sion/index/spielbericht/4856830
[4802725] Failed to scrape lineup: https://www.transfermarkt.co.uk/gais_kalmar-ff/index/spielbericht/4802725
[4694020] Could not find attributes for ivica batarelo (FC Ballkani, 2025)
[4694020] Failed to build match row: FC Ballkani vs Shamrock Rovers
[4582134] Failed to scrape lineup: https://www.transfermarkt.co.uk/mirassol-futebol-clube-sp-_fortaleza-esporte-clube/index/spielbericht/4582134
[4089194] Failed to scrape lineup: https://www.transfermarkt.co.uk/spielbericht/index/spielbericht/4089194
[4525622] Failed to scrape lineup: https://www.transfermarkt.co.uk/osters-if_ifk-varnamo/index/spielbericht/4525622
[3485543] Could not find attributes for stephen mclaughlin (Mansfield Town, 2020)
[3485543] Failed to build match row: Mansfield Town vs Dagenham & Redbridge FC
[4802726] Failed to scrape lineup: https://www.transfermarkt.co.uk/orgryte-is_if-elfsborg/index/spielbericht/4802726
[4150512] Could not find attributes for adrian chovan (Panserraikos Serres, 2023)
[4150512] Failed to build match row: Panserraikos Serres vs Aris Thessalonikis
[4694021] Could not find attributes for georgiy yermakov (Maccabi Haifa, 2025)
[4694021] Failed to build match row: RKS Raków Częstochowa SA vs Maccabi Haifa
[4525623] Failed to scrape lineup: https://www.transfermarkt.co.uk/ik-sirius_gais/index/spielbericht/4525623
[4445047] Failed to scrape lineup: https://www.transfermarkt.co.uk/spielbericht/index/spielbericht/4445047
[4295488] Could not find attributes for ondrej zmrzly (SK Slavia Praha, a.s., 2023)
[4295488] Failed to build match row: Associazione Calcio Milan vs SK Slavia Praha, a.s.
[3485544] Failed to scrape lineup: https://www.transfermarkt.co.uk/spielbericht/index/spielbericht/3485544
[4802727] Failed to scrape lineup: https://www.transfermarkt.co.uk/bk-hacken_hammarby-if/index/spielbericht/4802727
[4150513] Failed to scrape lineup: https://www.transfermarkt.co.uk/paok-thessaloniki_atromitos-athens/index/spielbericht/4150513
[3673519] Could not find attributes for dimitrios chatziisaias (APS Atromitos Athinon, 2021)
[3673519] Failed to build match row: APS Atromitos Athinon vs Apollon Smyrnis
[4694022] Failed to scrape lineup: https://www.transfermarkt.co.uk/spielbericht/index/spielbericht/4694022
[4525626] Failed to scrape lineup: https://www.transfermarkt.co.uk/aik_gais/index/spielbericht/4525626
[3580225] Could not find attributes for soren reese (Sønderjyske Fodbold, 2021)
[4716026] Failed to scrape lineup: https://www.transfermarkt.co.uk/spielbericht/index/spielbericht/4716026
[3580225] Failed to build match row: Aarhus Gymnastik Forening vs Sønderjyske Fodbold
[3485545] Failed to scrape lineup: https://www.transfermarkt.co.uk/spielbericht/index/spielbericht/3485545
[4802729] Failed to scrape lineup: https://www.transfermarkt.co.uk/malmo-ff_halmstads-bk/index/spielbericht/4802729
[3673520] Failed to scrape lineup: https://www.transfermarkt.co.uk/volos-nps_panetolikos-gfs/index/spielbericht/3673520
[4525627] Failed to scrape lineup: https://www.transfermarkt.co.uk/djurgardens-if_ik-sirius/index/spielbericht/4525627
[4694023] Could not find attributes for ziga frelih (Spartak Trnava, 2025)
[4694023] Failed to build match row: U Craiova 1948 Club Sportiv SA vs Spartak Trnava
[3429718] Failed to scrape lineup: https://www.transfermarkt.co.uk/manchester-united_everton-fc/index/spielbericht/3429718
[4480662] Could not find attributes for tyler french (Sutton United, 2024)
[4480662] Failed to build match row: Sutton United vs Birmingham City
[3580226] Failed to scrape lineup: https://www.transfermarkt.co.uk/fc-nordsjaelland_fc-copenhagen/index/spielbericht/3580226
[4525628] Failed to scrape lineup: https://www.transfermarkt.co.uk/if-brommapojkarna_mjallby-aif/index/spielbericht/4525628

Keepers & outfield error for **SD Eibar** in SD Eibar vs Levante Unión Deportiva S.A.D.: Numbers: 2 and 9.
[3451395] Failed to build match row: SD Eibar vs Levante Unión Deportiva S.A.D.
[3580227] Failed to scrape lineup: https://www.transfermarkt.co.uk/vejle-boldklub_silkeborg-if/index/spielbericht/3580227

Keepers & outfield error for **Clube Atlético Mineiro** in Clube Atlético Mineiro vs São Paulo Futebol Clube: Numbers: 0 and 11.
[4582135] Failed to build match row: Clube Atlético Mineiro vs São Paulo Futebol Clube
[4525629] Failed to scrape lineup: https://www.transfermarkt.co.uk/if-elfsborg_degerfors-if/index/spielbericht/4525629
[4582136] Failed to scrape lineup: https://www.transfermarkt.co.uk/sport-club-internacional_cruzeiro-esporte-clube/index/spielbericht/4582136
[4525630] Failed to scrape lineup: https://www.transfermarkt.co.uk/bk-hacken_ifk-norrkoping/index/spielbericht/4525630
[4582137] Failed to scrape lineup: https://www.transfermarkt.co.uk/esporte-clube-vitoria_cr-flamengo/index/spielbericht/4582137
[4856831] Could not find attributes for renato steffen (FC Lugano, 2025)
[4856831] Failed to build match row: FC Lugano vs Berner Sport Club Young Boys
[4445049] Failed to scrape lineup: https://www.transfermarkt.co.uk/spielbericht/index/spielbericht/4445049
[4525631] Failed to scrape lineup: https://www.transfermarkt.co.uk/osters-if_ifk-goteborg/index/spielbericht/4525631
[4582138] Failed to scrape lineup: https://www.transfermarkt.co.uk/ceara-sporting-club_gremio-foot-ball-porto-alegrense/index/spielbericht/4582138
[3673521] Could not find attributes for praxitelis vouros (Omilos Filathlon Irakliou FC, 2021)
[3673521] Failed to build match row: Omilos Filathlon Irakliou FC vs Olympiakos Syndesmos Filathlon Peiraios
[4856832] Failed to scrape lineup: https://www.transfermarkt.co.uk/fc-lausanne-sport_fc-luzern/index/spielbericht/4856832
[4150514] Could not find attributes for alexei koselev (PAS Lamia 1964, 2023)
[4150514] Failed to build match row: PAS Lamia 1964 vs PAS Giannina
[4625722] Failed to scrape lineup: https://www.transfermarkt.co.uk/spielbericht/index/spielbericht/4625722
[4525632] Failed to scrape lineup: https://www.transfermarkt.co.uk/malmo-ff_ifk-varnamo/index/spielbericht/4525632
[4694024] Failed to scrape lineup: https://www.transfermarkt.co.uk/spielbericht/index/spielbericht/4694024
[3673522] Failed to scrape lineup: https://www.transfermarkt.co.uk/ionikos-nikeas_paok-thessaloniki/index/spielbericht/3673522

Keepers & outfield error for **Cádiz CF** in Getafe Club de Fútbol S. A. D. Team Dubai vs Cádiz CF: Numbers: 2 and 9.
[3451396] Failed to build match row: Getafe Club de Fútbol S. A. D. Team Dubai vs Cádiz CF
[3429720] Failed to scrape lineup: https://www.transfermarkt.co.uk/sheffield-united_chelsea-fc/index/spielbericht/3429720
[4856833] Failed to scrape lineup: https://www.transfermarkt.co.uk/fc-winterthur_fc-zurich/index/spielbericht/4856833
[4295489] Failed to scrape lineup: https://www.transfermarkt.co.uk/spielbericht/index/spielbericht/4295489
[4802730] Could not find attributes for arman taranis (Degerfors IF, 2025)
[4802730] Failed to build match row: Degerfors IF vs Idrottsföreningen  Brommapojkarna
[4525633] Failed to scrape lineup: https://www.transfermarkt.co.uk/halmstads-bk_hammarby-if/index/spielbericht/4525633
[4625723] Failed to scrape lineup: https://www.transfermarkt.co.uk/spielbericht/index/spielbericht/4625723
[4694025] Failed to scrape lineup: https://www.transfermarkt.co.uk/spielbericht/index/spielbericht/4694025
[3673523] Failed to scrape lineup: https://www.transfermarkt.co.uk/aek-athens_panathinaikos-fc/index/spielbericht/3673523
[3485546] Could not find attributes for liam shephard (Newport County, 2020)
lche-cf/index/spielbericht/3451397
[3485546] Failed to build match row: Newport County vs Salford City
[4856834] Failed to scrape lineup: https://www.transfermarkt.co.uk/grasshopper-club-zurich_servette-fc/index/spielbericht/4856834
[4625724] Failed to scrape lineup: https://www.transfermarkt.co.uk/spielbericht/index/spielbericht/4625724
[4716028] Failed to scrape lineup: https://www.transfermarkt.co.uk/spielbericht/index/spielbericht/4716028
[4190045] Could not find attributes for dennis petit (RKSV Groene Ster, 2023)
[4190045] Failed to build match row: RKSV Groene Ster vs Vitesse Arnhem
[4525634] Failed to scrape lineup: https://www.transfermarkt.co.uk/aik_ik-sirius/index/spielbericht/4525634
[4802731] Failed to scrape lineup: https://www.transfermarkt.co.uk/vasteras-sk_ifk-goteborg/index/spielbericht/4802731
[3451398] Failed to scrape lineup: https://www.transfermarkt.co.uk/real-betis-balompie_atletico-de-madrid/index/spielbericht/3451398
[4856835] Failed to scrape lineup: https://www.transfermarkt.co.uk/fc-lugano_fc-st-gallen-1879/index/spielbericht/4856835
[4716029] Failed to scrape lineup: https://www.transfermarkt.co.uk/spielbericht/index/spielbericht/4716029
[4190046] Failed to scrape lineup: https://www.transfermarkt.co.uk/spielbericht/index/spielbericht/4190046
[4525636] Failed to scrape lineup: https://www.transfermarkt.co.uk/if-brommapojkarna_if-elfsborg/index/spielbericht/4525636
[3429721] Could not find attributes for conor gallagher (West Bromwich Albion, 2020)
[3429721] Failed to build match row: Tottenham Hotspur Football Club vs West Bromwich Albion
[4856836] Failed to scrape lineup: https://www.transfermarkt.co.uk/fc-sion_fc-thun/index/spielbericht/4856836
[4582139] Could not find attributes for joao silva (Sport Club do Recife, 2024)
[4582139] Failed to build match row: Sport Club do Recife vs Sociedade Esportiva Palmeiras
[4716030] Failed to scrape lineup: https://www.transfermarkt.co.uk/spielbericht/index/spielbericht/4716030
[4525637] Failed to scrape lineup: https://www.transfermarkt.co.uk/gais_bk-hacken/index/spielbericht/4525637
[3429722] Failed to scrape lineup: https://www.transfermarkt.co.uk/wolverhampton-wanderers_leicester-city/index/spielbericht/3429722
[4856837] Failed to scrape lineup: https://www.transfermarkt.co.uk/bsc-young-boys_fc-basel-1893/index/spielbericht/4856837
[4753807] Could not find attributes for rory mahady (Scunthorpe United, 2025)
[4753807] Failed to build match row: Blackpool FC vs Scunthorpe United
[4150515] Could not find attributes for djibril sidibe (Athlitiki Enosi Konstantinoupoleos, 2023)
[4150515] Failed to build match row: Athlitiki Enosi Konstantinoupoleos vs APS Atromitos Athinon
[4480663] Could not find attributes for david agbontohoma (Boreham Wood FC, 2024)
[4480663] Failed to build match row: Boreham Wood FC vs Leyton Orient
[3673524] Could not find attributes for james jeggo (Aris Thessalonikis, 2021)
[3673524] Failed to build match row: Aris Thessalonikis vs A.G.S Asteras Tripolis
[4716031] Failed to scrape lineup: https://www.transfermarkt.co.uk/spielbericht/index/spielbericht/4716031
[4525640] Failed to scrape lineup: https://www.transfermarkt.co.uk/mjallby-aif_halmstads-bk/index/spielbericht/4525640
[3429723] Failed to scrape lineup: https://www.transfermarkt.co.uk/arsenal-fc_leeds-united/index/spielbericht/3429723
[3958356] Failed to scrape lineup: https://www.transfermarkt.co.uk/spielbericht/index/spielbericht/3958356
[4856838] Failed to scrape lineup: https://www.transfermarkt.co.uk/fc-winterthur_fc-lausanne-sport/index/spielbericht/4856838
[4480664] Failed to scrape lineup: https://www.transfermarkt.co.uk/spielbericht/index/spielbericht/4480664
[4150516] Failed to scrape lineup: https://www.transfermarkt.co.uk/asteras-tripolis_panathinaikos-fc/index/spielbericht/4150516
[4295490] Failed to scrape lineup: https://www.transfermarkt.co.uk/spielbericht/index/spielbericht/4295490
[4753808] Could not find attributes for tyler miller (Bolton Wanderers, 2025)
[4753808] Failed to build match row: Bolton Wanderers vs Huddersfield Town

Keepers & outfield error for **Göteborgs Atlet- och Idrottssällskap** in Göteborgs Atlet- och Idrottssällskap vs Hammarby IF: Numbers: 2 and 9.
[3673525] Could not find attributes for athanasios garavelis (PAS Lamia 1964, 2021)
[4802767] Failed to build match row: Göteborgs Atlet- och Idrottssällskap vs Hammarby IF
[3673525] Failed to build match row: PAS Lamia 1964 vs PAS Giannina
[3429724] Failed to scrape lineup: https://www.transfermarkt.co.uk/brighton-amp-hove-albion_aston-villa/index/spielbericht/3429724
[3958357] Failed to scrape lineup: https://www.transfermarkt.co.uk/spielbericht/index/spielbericht/3958357
[4856839] Failed to scrape lineup: https://www.transfermarkt.co.uk/fc-zurich_grasshopper-club-zurich/index/spielbericht/4856839
[4480665] Failed to scrape lineup: https://www.transfermarkt.co.uk/spielbericht/index/spielbericht/4480665
[4089195] Failed to scrape lineup: https://www.transfermarkt.co.uk/spielbericht/index/spielbericht/4089195
[4753809] Failed to scrape lineup: https://www.transfermarkt.co.uk/spielbericht/index/spielbericht/4753809
[4802769] Failed to scrape lineup: https://www.transfermarkt.co.uk/if-elfsborg_mjallby-aif/index/spielbericht/4802769
[4716033] Failed to scrape lineup: https://www.transfermarkt.co.uk/spielbericht/index/spielbericht/4716033
[3958358] Failed to scrape lineup: https://www.transfermarkt.co.uk/spielbericht/index/spielbericht/3958358
[4856840] Failed to scrape lineup: https://www.transfermarkt.co.uk/fc-luzern_servette-fc/index/spielbericht/4856840
[4445051] Failed to scrape lineup: https://www.transfermarkt.co.uk/spielbericht/index/spielbericht/4445051
[4480666] Failed to scrape lineup: https://www.transfermarkt.co.uk/spielbericht/index/spielbericht/4480666
[4753810] Failed to scrape lineup: https://www.transfermarkt.co.uk/spielbericht/index/spielbericht/4753810
[4089196] Could not find attributes for giorgi loria (Dinamo Tbilisi, 2023)
[4089196] Failed to build match row: Dinamo Tbilisi vs FC Astana
[4802908] Failed to scrape lineup: https://www.transfermarkt.co.uk/red-bull-new-york_new-england-revolution/index/spielbericht/4802908
[4716034] Failed to scrape lineup: https://www.transfermarkt.co.uk/spielbericht/index/spielbericht/4716034
[3485547] Could not find attributes for harvey smith (Chorley FC, 2020)
[3485547] Failed to build match row: Peterborough United vs Chorley FC
[3958359] Failed to scrape lineup: https://www.transfermarkt.co.uk/spielbericht/index/spielbericht/3958359

Keepers & outfield error for **Leeds United Association Football Club** in Chelsea Football Club vs Leeds United Association Football Club: Numbers: 0 and 11.
[4190047] Could not find attributes for yanick van osch (SC Cambuur Leeuwarden, 2023)
[4190047] Failed to build match row: SC Cambuur Leeuwarden vs MVV Maastricht
[4859278] Failed to build match row: Chelsea Football Club vs Leeds United Association Football Club
[4753811] Failed to scrape lineup: https://www.transfermarkt.co.uk/spielbericht/index/spielbericht/4753811
[4089197] Failed to scrape lineup: https://www.transfermarkt.co.uk/spielbericht/index/spielbericht/4089197
[4802909] Failed to scrape lineup: https://www.transfermarkt.co.uk/chicago-fire-fc_cf-montreal/index/spielbericht/4802909
[4716035] Failed to scrape lineup: https://www.transfermarkt.co.uk/spielbericht/index/spielbericht/4716035
[4150517] Could not find attributes for alexandros anagnostopoulos (Athlitiki Enosi Kifisias, 2023)
[4150517] Failed to build match row: Athlitiki Enosi Kifisias vs PAS Lamia 1964
[3673526] Could not find attributes for zvonimir sarlija (Panathinaikos Athlitikos Omilos, 2021)
[3673526] Failed to build match row: Panathinaikos Athlitikos Omilos vs APS Atromitos Athinon
[4445053] Failed to scrape lineup: https://www.transfermarkt.co.uk/spielbericht/index/spielbericht/4445053
[4525642] Could not find attributes for rasmus niklasson petrovic (Göteborgs Atlet- och Idrottssällskap, 2024)
[4525642] Failed to build match row: Hammarby IF vs Göteborgs Atlet- och Idrottssällskap
[4802910] Failed to scrape lineup: https://www.transfermarkt.co.uk/minnesota-united-fc_fc-cincinnati/index/spielbericht/4802910
[4190048] Could not find attributes for mike havekotte (TOP Oss, 2023)
[4190048] Failed to build match row: TOP Oss vs FC Eindhoven
[3485548] Could not find attributes for kell watts (Plymouth Argyle, 2020)
[3485548] Failed to build match row: Plymouth Argyle vs Lincoln City
[3673527] Failed to scrape lineup: https://www.transfermarkt.co.uk/pas-giannina_volos-nps/index/spielbericht/3673527
[4481843] Could not find attributes for aleksandr selikhov (FK Spartak Moskva, 2024)
[4481843] Failed to build match row: FK Spartak Moskva vs FK Rostov
[4089198] Could not find attributes for nassim hnid (FK Zalgiris Vilnius, 2023)
[4089198] Failed to build match row: FK Zalgiris Vilnius vs Struga Trim & Lum

Keepers & outfield error for **Salford City** in Salford City vs Peterborough United: Numbers: 2 and 9.
[3580228] Failed to scrape lineup: https://www.transfermarkt.co.uk/viborg-ff_odense-boldklub/index/spielbericht/3580228
[3958360] Failed to build match row: Salford City vs Peterborough United
[4802911] Failed to scrape lineup: https://www.transfermarkt.co.uk/colorado-rapids_portland-timbers/index/spielbericht/4802911
[4525643] Could not find attributes for love arrhov (Idrottsföreningen  Brommapojkarna, 2024)
[4525643] Failed to build match row: Idrottsföreningen  Brommapojkarna vs IK Sirius
[3825589] Could not find attributes for robert jendrusch (1.FC Kaan-Marienborn, 2022)
[3825589] Failed to build match row: 1.FC Kaan-Marienborn vs 1.FC Nuremberg
[4089199] Could not find attributes for vegard forren (KÍ Klaksvík, 2023)
[4089199] Failed to build match row: KÍ Klaksvík vs Ferencvárosi TC
[3959391] Failed to scrape lineup: https://www.transfermarkt.co.uk/spielbericht/index/spielbericht/3959391
[3580229] Failed to scrape lineup: https://www.transfermarkt.co.uk/fc-midtjylland_aarhus-gf/index/spielbericht/3580229

Keepers & outfield error for **San Jose Earthquakes** in San Jose Earthquakes vs Atlanta United Football Club: Numbers: 0 and 11.
[4802912] Failed to build match row: San Jose Earthquakes vs Atlanta United Football Club
[4481844] Could not find attributes for evgeniy staver (FC Rubin Kazan, 2024)
[4481844] Failed to build match row: FC Rubin Kazan vs PFK CSKA Moskva
[4525644] Could not find attributes for tobias heintz (Idrottsföreningen Kamraterna Göteborg, 2024)
[4525644] Failed to build match row: Idrottsföreningen Kamraterna Göteborg vs Allmänna Idrottsklubben
[4089200] Failed to scrape lineup: https://www.transfermarkt.co.uk/spielbericht/index/spielbericht/4089200

Keepers & outfield error for **Granada CF** in Real Valladolid CF vs Granada CF: Numbers: 0 and 11.
[3580230] Failed to scrape lineup: https://www.transfermarkt.co.uk/fc-copenhagen_viborg-ff/index/spielbericht/3580230
[3451400] Failed to build match row: Real Valladolid CF vs Granada CF
[3673528] Could not find attributes for antonis tsiftsis (A.G.S Asteras Tripolis, 2021)
[3825590] Could not find attributes for tim hansen (TSV Schott Mainz, 2022)
[3673528] Failed to build match row: A.G.S Asteras Tripolis vs Athlitiki Enosi Konstantinoupoleos
[3825590] Failed to build match row: TSV Schott Mainz vs Hannover 96
[4716036] Could not find attributes for theodor lundbergh (Malmö Fotbollförening, 2025)
[4716036] Failed to build match row: Malmö Fotbollförening vs Fudbalski klub Crvena zvezda Beograd
[4190049] Could not find attributes for mathijs swaneveld (Sparta Nijkerk, 2023)
[4190049] Failed to build match row: Sparta Nijkerk vs Fortuna Sittardia Combinatie
[4716037] Failed to scrape lineup: https://www.transfermarkt.co.uk/spielbericht/index/spielbericht/4716037
[3580231] Could not find attributes for soren reese (Sønderjyske Fodbold, 2021)
[3580231] Failed to build match row: Aalborg BK vs Sønderjyske Fodbold
[3673529] Could not find attributes for nikolaos melissas (Panetolikos Agrinio, 2021)
[3673529] Failed to build match row: Panetolikos Agrinio vs Ionikos Nikeas
[4445054] Failed to scrape lineup: https://www.transfermarkt.co.uk/spielbericht/index/spielbericht/4445054

Keepers & outfield error for **Aalborg BK** in Aalborg BK vs Viborg Fodsports Forening: Numbers: 2 and 9.
[3959392] Failed to build match row: Aalborg BK vs Viborg Fodsports Forening
[3429728] Failed to scrape lineup: https://www.transfermarkt.co.uk/leicester-city_liverpool-fc/index/spielbericht/3429728
[4295493] Failed to scrape lineup: https://www.transfermarkt.co.uk/spielbericht/index/spielbericht/4295493
[3485549] Failed to scrape lineup: https://www.transfermarkt.co.uk/spielbericht/index/spielbericht/3485549

Keepers & outfield error for **Real Sociedad de Fútbol S.A.D.** in Valencia Club de Fútbol S. A. D. vs Real Sociedad de Fútbol S.A.D.: Numbers: 0 and 11.
[3451401] Failed to build match row: Valencia Club de Fútbol S. A. D. vs Real Sociedad de Fútbol S.A.D.
[4867461] Failed to scrape lineup: https://www.transfermarkt.co.uk/spielbericht/index/spielbericht/4867461
[4802913] Failed to scrape lineup: https://www.transfermarkt.co.uk/real-salt-lake-city_seattle-sounders-fc/index/spielbericht/4802913
[3580232] Could not find attributes for sten grytebust (Vejle Boldklub, 2021)
[3580232] Failed to build match row: Odense Boldklub vs Vejle Boldklub
[4525647] Failed to scrape lineup: https://www.transfermarkt.co.uk/ifk-norrkoping_if-elfsborg/index/spielbericht/4525647
[4694027] Could not find attributes for marko milosevic (Fudbalski Klub Partizan Beograd, 2025)
[4694027] Failed to build match row: Fudbalski Klub Partizan Beograd vs Hibernian Football Club
[4716038] Failed to scrape lineup: https://www.transfermarkt.co.uk/spielbericht/index/spielbericht/4716038
[3959393] Failed to scrape lineup: https://www.transfermarkt.co.uk/spielbericht/index/spielbericht/3959393
[4694028] Could not find attributes for dominik holec (FC Baník Ostrava a.s., 2025)
[3825591] Could not find attributes for justus guth (TSG Neustrelitz, 2022)
[3825591] Failed to build match row: TSG Neustrelitz vs Karlsruher SC
[4694028] Failed to build match row: FC Baník Ostrava a.s. vs Fußballklub Austria Wien
[3429729] Failed to scrape lineup: https://www.transfermarkt.co.uk/manchester-city_tottenham-hotspur/index/spielbericht/3429729
[4295494] Failed to scrape lineup: https://www.transfermarkt.co.uk/spielbericht/index/spielbericht/4295494
[3485550] Failed to scrape lineup: https://www.transfermarkt.co.uk/spielbericht/index/spielbericht/3485550
[4445056] Failed to scrape lineup: https://www.transfermarkt.co.uk/spielbericht/index/spielbericht/4445056
[4190050] Could not find attributes for sven wisselink (SJC Noordwijk, 2023)
[4190050] Failed to build match row: SJC Noordwijk vs Willem II Tilburg
[4481845] Could not find attributes for dmitriy chistyakov (AO FK Zenit Sankt-Peterburg, 2024)
[4481845] Failed to build match row: AO FK Zenit Sankt-Peterburg vs RFK Akhmat Grozny
[3451402] Failed to scrape lineup: https://www.transfermarkt.co.uk/villarreal-cf_ca-osasuna/index/spielbericht/3451402
[4753812] Could not find attributes for george ward (Buxton FC, 2025)
[4753812] Failed to build match row: Buxton FC vs Chatham Town
[4525648] Could not find attributes for andrej djuric (Malmö Fotbollförening, 2024)
[4869117] Failed to scrape lineup: https://www.transfermarkt.co.uk/spielbericht/index/spielbericht/4869117
[4525648] Failed to build match row: Halmstads BK vs Malmö Fotbollförening
[4089201] Could not find attributes for cian bolger (Larne FC, 2023)
[4089201] Failed to build match row: HJK Helsinki vs Larne FC
[3580233] Failed to scrape lineup: https://www.transfermarkt.co.uk/randers-fc_brondby-if/index/spielbericht/3580233
[4716040] Could not find attributes for giovanni van zwam (Go Ahead Eagles, 2025)
[4716040] Failed to build match row: Go Ahead Eagles vs Sporting Clube de Braga
[3825592] Could not find attributes for tjorben uphoff (FC Teutonia 05 Ottensen, 2022)
[3825592] Failed to build match row: FC Teutonia 05 Ottensen vs RasenBallsport Leipzig
[3959394] Failed to scrape lineup: https://www.transfermarkt.co.uk/spielbericht/index/spielbericht/3959394
[4190051] Could not find attributes for gevero markiet (AFC Amsterdam, 2023)
[4190051] Failed to build match row: AFC Amsterdam vs Prins Hendrik Ende Desespereert Nimmer Combinatie Zwolle
[3485551] Could not find attributes for thomas mayer (Hull City, 2020)
[3485551] Failed to build match row: Stevenage FC vs Hull City
[4445058] Failed to scrape lineup: https://www.transfermarkt.co.uk/spielbericht/index/spielbericht/4445058
[4481846] Could not find attributes for nicolas marichal (FK Dinamo Moskva, 2024)
[4481846] Failed to build match row: FK Dinamo Moskva vs Футбольный клуб "Локомотив" Москва
[4150518] Could not find attributes for alexandros paschalakis (Olympiakos Syndesmos Filathlon Peiraios, 2023)
[4150518] Failed to build match row: Olympiakos Syndesmos Filathlon Peiraios vs Aris Thessalonikis
[3485552] Failed to scrape lineup: https://www.transfermarkt.co.uk/spielbericht/index/spielbericht/3485552
[4445059] Failed to scrape lineup: https://www.transfermarkt.co.uk/spielbericht/index/spielbericht/4445059
[3429730] Failed to scrape lineup: https://www.transfermarkt.co.uk/southampton-fc_wolverhampton-wanderers/index/spielbericht/3429730
[4445060] Failed to scrape lineup: https://www.transfermarkt.co.uk/spielbericht/index/spielbericht/4445060
[3429731] Failed to scrape lineup: https://www.transfermarkt.co.uk/west-bromwich-albion_manchester-united/index/spielbericht/3429731
[4525650] Failed to scrape lineup: https://www.transfermarkt.co.uk/aik_hammarby-if/index/spielbericht/4525650
[4089202] Could not find attributes for shahrudin mahammadaliyev (Qarabağ FK, 2023)
[4089202] Failed to build match row: Lincoln Red Imps FC vs Qarabağ FK
[4150519] Could not find attributes for stefanos kapino (Panetolikos Agrinio, 2023)
[4150519] Failed to build match row: Panetolikos Agrinio vs Omilos Filathlon Irakliou FC
[4882370] Failed to scrape lineup: https://www.transfermarkt.co.uk/spielbericht/index/spielbericht/4882370
[3959395] Could not find attributes for stefan velkov (Vejle Boldklub, 2022)
[3959395] Failed to build match row: Vejle Boldklub vs Football Club København
[3825594] Failed to scrape lineup: https://www.transfermarkt.co.uk/spielbericht/index/spielbericht/3825594
[3451404] Could not find attributes for dani escriche (SD Huesca, 2020)
[3451404] Failed to build match row: Club Atlético de Madrid S.A.D. vs SD Huesca
[3429732] Failed to scrape lineup: https://www.transfermarkt.co.uk/west-ham-united_sheffield-united/index/spielbericht/3429732
[3485553] Could not find attributes for danny lewis (Brackley Town, 2020)
[3485553] Failed to build match row: Tranmere Rovers vs Brackley Town
[3825595] Failed to scrape lineup: https://www.transfermarkt.co.uk/spielbericht/index/spielbericht/3825595
[4089203] Could not find attributes for evert grunvald (FC Flora Tallinn, 2023)
[4089203] Failed to build match row: RKS Raków Częstochowa SA vs FC Flora Tallinn
[4190052] Could not find attributes for jan van willige (GVVV Veenendaal, 2023)
[4190052] Failed to build match row: GVVV Veenendaal vs Sportclub Telstar
[4481847] Could not find attributes for rustam yatimov (FK Rostov, 2024)
[4481847] Failed to build match row: FK Rostov vs FK Spartak Moskva
[4295496] Could not find attributes for ondrej zmrzly (SK Slavia Praha, a.s., 2023)
[4295496] Failed to build match row: SK Slavia Praha, a.s. vs Associazione Calcio Milan
[4445061] Could not find attributes for nicolo savona (Juventus Football Club, 2024)
[4445061] Failed to build match row: RasenBallsport Leipzig vs Juventus Football Club
[4150520] Could not find attributes for adrian chovan (Panserraikos Serres, 2023)
[4150520] Failed to build match row: Panserraikos Serres vs PAS Giannina
[3485736] Could not find attributes for maksim mukhin (Футбольный клуб "Локомотив" Москва, 2020)
[3485736] Failed to build match row: Футбольный клуб "Локомотив" Москва vs PFK Tambov (-2021)
[4753813] Could not find attributes for festus arthur (Chester FC, 2025)
[4753813] Failed to build match row: Cambridge United vs Chester FC

Keepers & outfield error for **Aalborg BK** in Viborg Fodsports Forening vs Aalborg BK: Numbers: 2 and 9.
[3959396] Failed to build match row: Viborg Fodsports Forening vs Aalborg BK

Keepers & outfield error for **Bayer 04 Leverkusen Fußball** in SV 07 Elversberg vs Bayer 04 Leverkusen Fußball: Numbers: 2 and 9.
[3825596] Failed to build match row: SV 07 Elversberg vs Bayer 04 Leverkusen Fußball
[4150521] Failed to scrape lineup: https://www.transfermarkt.co.uk/paok-thessaloniki_volos-nps/index/spielbericht/4150521
[4445062] Failed to scrape lineup: https://www.transfermarkt.co.uk/spielbericht/index/spielbericht/4445062
[3673530] Could not find attributes for davino verhulst (Apollon Smyrnis, 2021)
[3673530] Failed to build match row: Apollon Smyrnis vs Omilos Filathlon Irakliou FC
[4295497] Could not find attributes for andrey lunev (Qarabağ FK, 2023)
[4295497] Failed to build match row: Bayer 04 Leverkusen Fußball vs Qarabağ FK
[4089204] Could not find attributes for milan borjan (Slovan Bratislava, 2023)
[4089204] Failed to build match row: Slovan Bratislava vs Swift Hesperange
[4481848] Could not find attributes for vladislav torop (PFK CSKA Moskva, 2024)
[4481848] Failed to build match row: PFK CSKA Moskva vs FC Rubin Kazan
[4190053] Could not find attributes for mickey van der hart (Sportclub Heerenveen, 2023)
[4190053] Failed to build match row: Sportclub Heerenveen vs VVV-Venlo
[4525653] Could not find attributes for ivan kricak (Östers IF, 2024)
[4525653] Failed to build match row: Östers IF vs Göteborgs Atlet- och Idrottssällskap
[4694030] Could not find attributes for jonas svensson (Beşiktaş Jimnastik Kulübü, 2025)
[4694030] Failed to build match row: St. Patrick's Athletic vs Beşiktaş Jimnastik Kulübü

Keepers & outfield error for **Futebol Clube do Porto** in Football Club Utrecht vs Futebol Clube do Porto: Numbers: 0 and 11.
[4716043] Failed to build match row: Football Club Utrecht vs Futebol Clube do Porto
[4150522] Could not find attributes for domagoj vida (Athlitiki Enosi Konstantinoupoleos, 2023)
[4150522] Failed to build match row: Athlitiki Enosi Konstantinoupoleos vs Omilos Filathlon Irakliou FC
[3485737] Could not find attributes for evgeniy gorodov (FK Krasnodar, 2020)
[3485737] Failed to build match row: FK Krasnodar vs FK Sochi
[3825597] Failed to scrape lineup: https://www.transfermarkt.co.uk/spielbericht/index/spielbericht/3825597
[3429734] Failed to scrape lineup: https://www.transfermarkt.co.uk/aston-villa_leicester-city/index/spielbericht/3429734
[4089205] Could not find attributes for maksym koval (FC Sheriff Tiraspol, 2023)
[4089205] Failed to build match row: F.C.V. Farul Constanța SA vs FC Sheriff Tiraspol
[4481849] Could not find attributes for mikhail oparin (RFK Akhmat Grozny, 2024)
[4481849] Failed to build match row: RFK Akhmat Grozny vs AO FK Zenit Sankt-Peterburg

Keepers & outfield error for **Malmö Fotbollförening** in Malmö Fotbollförening vs Halmstads BK: Numbers: 0 and 11.
[4525654] Failed to build match row: Malmö Fotbollförening vs Halmstads BK
[4694031] Could not find attributes for aldayr hernandez (FK Kauno Zalgiris, 2025)
[4694031] Failed to build match row: FK Kauno Zalgiris vs Arda Kardzhali
[4190054] Failed to scrape lineup: https://www.transfermarkt.co.uk/spielbericht/index/spielbericht/4190054
[3485738] Could not find attributes for anton shunin (FK Dinamo Moskva, 2020)
[3485738] Failed to build match row: FK Dinamo Moskva vs FK Spartak Moskva

Keepers & outfield error for **Brighton and Hove Albion Football Club** in Brighton and Hove Albion Football Club vs Crystal Palace Football Club: Numbers: 0 and 11.
[3429735] Failed to build match row: Brighton and Hove Albion Football Club vs Crystal Palace Football Club
[3673531] Could not find attributes for athanasios garavelis (PAS Lamia 1964, 2021)
[3673531] Failed to build match row: Panthessalonikios Athlitikos Omilos Konstantinoupoliton vs PAS Lamia 1964
[4150523] Could not find attributes for nikolaos grammatikakis (A.G.S Asteras Tripolis, 2023)
[4150523] Failed to build match row: A.G.S Asteras Tripolis vs APS Atromitos Athinon

Keepers & outfield error for **Futbol Club Barcelona** in Futbol Club Barcelona vs FC Bayern München: Numbers: 0 and 11.
[4445064] Failed to build match row: Futbol Club Barcelona vs FC Bayern München
[4481850] Could not find attributes for anton mitryushkin (Футбольный клуб "Локомотив" Москва, 2024)
[4481850] Failed to build match row: Футбольный клуб "Локомотив" Москва vs FK Dinamo Moskva
[4089206] Could not find attributes for federico marchetti (Hamrun Spartans, 2023)
[4089206] Failed to build match row: Hamrun Spartans vs Maccabi Haifa
[4295562] Could not find attributes for tristan gooijer (AFC Ajax Amsterdam, 2023)
[4295562] Failed to build match row: AFC Ajax Amsterdam vs Aston Villa Football Club
[4694057] Could not find attributes for eljon sota (KF Egnatia, 2025)
[4694057] Failed to build match row: KF Egnatia vs NK Olimpija Ljubljana
[4190055] Could not find attributes for dion vlak (RKAV Volendam, 2023)
[4190055] Failed to build match row: RKAV Volendam vs VV Eemdijk

Keepers & outfield error for **Nottingham Forest Football Club** in Football Club Utrecht vs Nottingham Forest Football Club: Numbers: 0 and 11.
[4716045] Failed to build match row: Football Club Utrecht vs Nottingham Forest Football Club
[3673532] Could not find attributes for james jeggo (Aris Thessalonikis, 2021)
[3673532] Failed to build match row: Olympiakos Syndesmos Filathlon Peiraios vs Aris Thessalonikis
[3485739] Could not find attributes for yaroslav rakitskyi (AO FK Zenit Sankt-Peterburg, 2020)
[3451407] Could not find attributes for antonio barragan (Elche Club de Fútbol S.A.D., 2020)
[3451407] Failed to build match row: Elche Club de Fútbol S.A.D. vs Real Valladolid CF
[4525655] Could not find attributes for abdullah iqbal (Mjällby Almänna Idrottsförening, 2024)
[4525655] Failed to build match row: Mjällby Almänna Idrottsförening vs Idrottsföreningen  Brommapojkarna

Keepers & outfield error for **Atalanta Bergamasca Calcio S.p.a.** in Futbol Club Barcelona vs Atalanta Bergamasca Calcio S.p.a.: Numbers: 2 and 9.
[4445065] Failed to build match row: Futbol Club Barcelona vs Atalanta Bergamasca Calcio S.p.a.
[3429736] Could not find attributes for conor gallagher (West Bromwich Albion, 2020)
[3429736] Failed to build match row: Burnley Football Club vs West Bromwich Albion
[4802915] Could not find attributes for antonio carlos (Houston Dynamo, 2025)
[4802915] Failed to build match row: Houston Dynamo vs Los Angeles Football Club
[4089207] Could not find attributes for yevgeniy tsymbalyuk (FC Urartu Yerevan, 2023)
[4089207] Failed to build match row: FC Urartu Yerevan vs HSK Zrinjski Mostar
[4150524] Could not find attributes for alexandros anagnostopoulos (Athlitiki Enosi Kifisias, 2023)
[4150524] Failed to build match row: Athlitiki Enosi Kifisias vs Aris Thessalonikis
[4295563] Could not find attributes for fredrik gulbrandsen (Molde Fotballklubb, 2023)
[4295563] Failed to build match row: Molde Fotballklubb vs Club Brugge Koninklijke Voetbalvereniging
[3451408] Could not find attributes for roberto soldado (Granada CF, 2020)
[4483240] Could not find attributes for aidan mcadams (Arbroath FC, 2024)
[3451408] Failed to build match row: Granada CF vs SD Eibar
[4483240] Failed to build match row: Arbroath FC vs Queen of the South FC
[4694058] Could not find attributes for alex passaniti (AC Virtus Acquaviva, 2025)
[4694058] Failed to build match row: AC Virtus Acquaviva vs FC Milsami Orhei
[3485740] Could not find attributes for bakhtiyor zaynutdinov (PFK CSKA Moskva, 2020)
[3485740] Failed to build match row: PFK CSKA Moskva vs SKA Khabarovsk

Keepers & outfield error for **Futbol Club Barcelona** in Futbol Club Barcelona vs Berner Sport Club Young Boys: Numbers: 0 and 11.
[4445066] Failed to build match row: Futbol Club Barcelona vs Berner Sport Club Young Boys
[3580235] Could not find attributes for sten grytebust (Vejle Boldklub, 2021)
[3580235] Failed to build match row: Brøndby Idrætsforening vs Vejle Boldklub
[4089208] Could not find attributes for pano qirko (FK Partizani, 2023)
[4089208] Failed to build match row: FK Partizani vs BATE Borisov
[3825598] Could not find attributes for andre helmstedt (Einheit Wernigerode, 2022)
[3825598] Failed to build match row: Einheit Wernigerode vs SC Paderborn 07
[3429737] Could not find attributes for phil jagielka (Sheffield United, 2020)
[3429737] Failed to build match row: Fulham Football Club vs Sheffield United
esmos Filathlon Peiraios, 2023)
[4150525] Failed to build match row: Olympiakos Syndesmos Filathlon Peiraios vs PAS Giannina
[4190056] Could not find attributes for joost meendering (FC Lisse, 2023)
[4190056] Failed to build match row: FC Lisse vs FC Dordrecht
[4295565] Could not find attributes for kevin theophile catherine (GNK Dinamo Zagreb, 2023)
[4295565] Failed to build match row: GNK Dinamo Zagreb vs Panthessalonikios Athlitikos Omilos Konstantinoupoliton
[4802917] Could not find attributes for thomas muller (Vancouver Whitecaps FC, 2025)
[4802917] Failed to build match row: Vancouver Whitecaps FC vs Toronto FC
[4694059] Could not find attributes for chris shields (Linfield FC, 2025)
[4694059] Failed to build match row: Linfield FC vs Víkingur Gøta
[4483241] Could not find attributes for liam russell (Ayr United FC, 2024)
[4483241] Failed to build match row: Ayr United FC vs Greenock Morton FC
[3485741] Could not find attributes for sergey pesjakov (FK Rostov, 2020)
[3485741] Failed to build match row: FK Rostov vs RFK Akhmat Grozny
[4525656] Failed to scrape lineup: https://www.transfermarkt.co.uk/ik-sirius_ifk-norrkoping/index/spielbericht/4525656
[4089209] Could not find attributes for aleksa amanovic (FC Astana, 2023)
[4089209] Failed to build match row: FC Astana vs Dinamo Tbilisi

Keepers & outfield error for **Aalborg BK** in Aarhus Gymnastik Forening vs Aalborg BK: Numbers: 2 and 9.
[3580236] Failed to build match row: Aarhus Gymnastik Forening vs Aalborg BK
[3673533] Could not find attributes for christos tasoulis (A.G.S Asteras Tripolis, 2021)
[3673533] Failed to build match row: A.G.S Asteras Tripolis vs Panetolikos Agrinio
[4150526] Could not find attributes for stefanos kapino (Panetolikos Agrinio, 2023)
[4150526] Failed to build match row: Panetolikos Agrinio vs PAS Lamia 1964
[4483242] Could not find attributes for daniel hoban (Banks O' Dee FC, 2024)
[4483242] Failed to build match row: Banks O' Dee FC vs Hamilton Academical FC
[3485742] Could not find attributes for aleksandr belenov (FK Ufa, 2020)
[3485742] Failed to build match row: FK Ufa vs Ural Yekaterinburg
[3825599] Could not find attributes for leon tigges (SV Rödinghausen, 2022)
[3825599] Failed to build match row: SV Rödinghausen vs Turn- und Sportgemeinschaft 1899 Hoffenheim Fußball-Spielbetriebs
[4089210] Could not find attributes for ryan astles (The New Saints, 2023)
[4089210] Failed to build match row: BK Häcken vs The New Saints
[3673534] Could not find attributes for yuriy lodygin (PAS Giannina, 2021)
[3673534] Failed to build match row: PAS Giannina vs Panthessalonikios Athlitikos Omilos Konstantinoupoliton
[4295566] Could not find attributes for ayyoub bouaddi (Lille Olympique Sporting Club, 2023)
[4295566] Failed to build match row: Sportklub Puntigamer Sturm Graz vs Lille Olympique Sporting Club
[3959397] Could not find attributes for can dursun (Aarhus Fremad, 2022)
[3959397] Failed to build match row: Fodbold Club Nordsjælland vs Aarhus Fremad
[4525657] Could not find attributes for rasmus forsell (Degerfors IF, 2024)
[4525657] Failed to build match row: Degerfors IF vs Idrottsföreningen Kamraterna Göteborg
[4190057] Could not find attributes for jean paul van leeuwen (VV Katwijk, 2023)
[4190057] Failed to build match row: VV Katwijk vs SV TEC Tiel
[4150527] Could not find attributes for adrian chovan (Panserraikos Serres, 2023)
[4150527] Failed to build match row: Panserraikos Serres vs Volou Neos Podosferikos Syllogos
[4089211] Could not find attributes for ryan astles (The New Saints, 2023)
[4089211] Failed to build match row: The New Saints vs BK Häcken
[3673535] Could not find attributes for athanasios garavelis (PAS Lamia 1964, 2021)
[3673535] Failed to build match row: PAS Lamia 1964 vs Volou Neos Podosferikos Syllogos
[4295567] Could not find attributes for sharif kaiuf (Maccabi Haifa, 2023)
[4295567] Failed to build match row: Maccabi Haifa vs Associazione Calcio Fiorentina
[3485743] Could not find attributes for ilya lantratov (FC Khimki (-2025), 2020)
[3485743] Failed to build match row: FC Khimki (-2025) vs PFK Krylya Sovetov Samara
[4483243] Could not find attributes for matt niven (Clydebank FC, 2024)
[4483243] Failed to build match row: Clydebank FC vs Buckie Thistle FC
[4694061] Could not find attributes for alexandros malis (FC Ararat-Armenia, 2025)
[4694061] Failed to build match row: FC Ararat-Armenia vs AC Sparta Praha, a. s.

Keepers & outfield error for **Fodbold Club Nordsjælland** in Fodbold Club Nordsjælland vs Fodbold Club Midtjylland: Numbers: 0 and 11.
[3580238] Failed to build match row: Fodbold Club Nordsjælland vs Fodbold Club Midtjylland
[4802919] Could not find attributes for keisuke kurokawa (D.C. United, 2025)
[4802919] Failed to build match row: Austin FC vs D.C. United
[4191136] Could not find attributes for ilya pomazun (Ural Yekaterinburg, 2023)
[4191136] Failed to build match row: Ural Yekaterinburg vs Футбольный клуб "Локомотив" Москва
[3825600] Could not find attributes for alexander kopf (FV Illertissen, 2022)
[3825600] Failed to build match row: FV Illertissen vs 1. Fußballclub Heidenheim 1846
[3673536] Could not find attributes for davino verhulst (Apollon Smyrnis, 2021)
[3673536] Failed to build match row: Apollon Smyrnis vs Panathinaikos Athlitikos Omilos
[4150528] Could not find attributes for abdul rahman baba (Panthessalonikios Athlitikos Omilos Konstantinoupoliton, 2023)
[4150528] Failed to build match row: Panthessalonikios Athlitikos Omilos Konstantinoupoliton vs Panathinaikos Athlitikos Omilos
[4716049] Could not find attributes for flavius daniliuc (FC Basel 1893 AG, 2025)
[4716049] Failed to build match row: Koninklijke Racing Club Genk vs FC Basel 1893 AG
[4089212] Could not find attributes for igor plastun (Ludogorets Razgrad, 2023)
[4089212] Failed to build match row: Ludogorets Razgrad vs FC Ballkani

Keepers & outfield error for **Philadelphia Union** in Philadelphia Union vs New York City Football Club: Numbers: 0 and 11.
[4802920] Failed to build match row: Philadelphia Union vs New York City Football Club
[3487086] Could not find attributes for yevgen past (Desna Chernigiv, 2020)
[3487086] Failed to build match row: Desna Chernigiv vs FC Zorya Lugansk
[4694062] Could not find attributes for liridon berisha (FC Vaduz, 2025)
[4694062] Failed to build match row: FC Vaduz vs Alkmaar Zaanstreek
[4191137] Could not find attributes for nikita goylo (FK Sochi, 2023)
[4191137] Failed to build match row: FK Sochi vs AO FK Zenit Sankt-Peterburg
[4295568] Could not find attributes for alexandros paschalakis (Olympiakos Syndesmos Filathlon Peiraios, 2023)
[4295568] Failed to build match row: Olympiakos Syndesmos Filathlon Peiraios vs Maccabi Tel Aviv
[3959398] Could not find attributes for tonni adamsen (Silkeborg Idrætsforening, 2022)
[3959398] Failed to build match row: Silkeborg Idrætsforening vs Sønderjyske Fodbold
[3673537] Could not find attributes for kenan piric (APS Atromitos Athinon, 2021)
[3673537] Failed to build match row: APS Atromitos Athinon vs Olympiakos Syndesmos Filathlon Peiraios
[4716050] Could not find attributes for theodor lundbergh (Malmö Fotbollförening, 2025)
[4716050] Failed to build match row: Koninklijke Racing Club Genk vs Malmö Fotbollförening
[4525658] Could not find attributes for adrian svanback (BK Häcken, 2024)
[4525658] Failed to build match row: Hammarby IF vs BK Häcken
[4089213] Could not find attributes for vedran kjosevski (Struga Trim & Lum, 2023)
[4089213] Failed to build match row: Struga Trim & Lum vs FK Zalgiris Vilnius
[4150529] Could not find attributes for domagoj vida (Athlitiki Enosi Konstantinoupoleos, 2023)
[4150529] Failed to build match row: Athlitiki Enosi Konstantinoupoleos vs Aris Thessalonikis
[3487087] Could not find attributes for yuriy pankiv (FC Oleksandriya, 2020)
[3487087] Failed to build match row: FC Oleksandriya vs FC Minaj
[4716051] Could not find attributes for fredrik pallesen knudsen (Sportsklubben Brann, 2025)
[4716051] Failed to build match row: Sportsklubben Brann vs Rangers Football Club

Keepers & outfield error for **Club Atlético Osasuna** in Club Atlético Osasuna vs Valencia Club de Fútbol S. A. D.: Numbers: 3 and 8.
[3451410] Failed to build match row: Club Atlético Osasuna vs Valencia Club de Fútbol S. A. D.
[4694063] Could not find attributes for zan luk leban (NK Celje, 2025)
[4694063] Failed to build match row: NK Celje vs FC Lugano
[4802921] Could not find attributes for micael (Club Internacional de Fútbol Miami, 2025)
[4802921] Failed to build match row: Orlando City Soccer Club vs Club Internacional de Fútbol Miami
[3825601] Could not find attributes for david richter (Kickers Offenbach, 2022)
[3825601] Failed to build match row: Kickers Offenbach vs Fortuna Düsseldorf
[3962634] Could not find attributes for mikhail kerzhakov (AO FK Zenit Sankt-Peterburg, 2022)
[3962634] Failed to build match row: AO FK Zenit Sankt-Peterburg vs FK Nizhny Novgorod
[4191138] Could not find attributes for evgeniy latyshonok (FK Baltika, 2023)
[4191138] Failed to build match row: FK Baltika vs FC Orenburg
[3580240] Could not find attributes for daniel prosser (Sønderjyske Fodbold, 2021)
[3580240] Failed to build match row: Sønderjyske Fodbold vs Football Club København
[3487088] Could not find attributes for oleg mozil (Agrobiznes Volochysk, 2020)
[3487088] Failed to build match row: Agrobiznes Volochysk vs Vorskla Poltava
[3673538] Could not find attributes for triantafyllos pasalidis (Omilos Filathlon Irakliou FC, 2021)
[3673538] Failed to build match row: Omilos Filathlon Irakliou FC vs Aris Thessalonikis
[4089214] Could not find attributes for borge petersen (KÍ Klaksvík, 2023)
[4089214] Failed to build match row: Ferencvárosi TC vs KÍ Klaksvík
[4525659] Could not find attributes for oskar agren (Göteborgs Atlet- och Idrottssällskap, 2024)
[4525659] Failed to build match row: Göteborgs Atlet- och Idrottssällskap vs Idrottsföreningen Elfsborg

Keepers & outfield error for **Aston Villa Football Club** in Aston Villa Football Club vs AFC Ajax Amsterdam: Numbers: 0 and 11.
[4295570] Failed to build match row: Aston Villa Football Club vs AFC Ajax Amsterdam
[3487089] Could not find attributes for roman miroshnyk (NK Veres Rivne, 2020)
[3487089] Failed to build match row: NK Veres Rivne vs FK Mariupol
[4802922] Could not find attributes for kieran sargeant (San Diego Football Club, 2025)
[4802922] Failed to build match row: San Diego Football Club vs St. Louis City Soccer Club
[4694064] Could not find attributes for maksim belov (Neman Grodno, 2025)
[4694064] Failed to build match row: Neman Grodno vs KÍ Klaksvík

Keepers & outfield error for **Futbol Club Barcelona** in Futbol Club Barcelona vs Stade brestois 29: Numbers: 0 and 11.
[4445067] Failed to build match row: Futbol Club Barcelona vs Stade brestois 29
[4191139] Could not find attributes for matvey safonov (FK Krasnodar, 2023)
[4191139] Failed to build match row: FK Krasnodar vs FK Rostov
[4753815] Could not find attributes for micah mbick (Colchester United, 2025)
[4753815] Failed to build match row: Colchester United vs Milton Keynes Dons
[4089216] Could not find attributes for daniels balodis (Valmiera FC, 2023)
[4089216] Failed to build match row: Valmiera FC vs NK Olimpija Ljubljana
[4525660] Could not find attributes for tobias heintz (Idrottsföreningen Kamraterna Göteborg, 2024)
[4525660] Failed to build match row: Idrottsföreningen Kamraterna Göteborg vs Idrottsföreningen  Brommapojkarna
[4191140] Could not find attributes for artur nigmatullin (FK Nizhny Novgorod, 2023)
[4191140] Failed to build match row: FK Nizhny Novgorod vs PFK Krylya Sovetov Samara
[3487090] Could not find attributes for bogdan sarnavskyi (SC Dnipro-1, 2020)
[3487090] Failed to build match row: SC Dnipro-1 vs VPK-Agro
[3962635] Failed to scrape lineup: https://www.transfermarkt.co.uk/spartak-moscow_ural-yekaterinburg/index/spielbericht/3962635
[3451411] Failed to scrape lineup: https://www.transfermarkt.co.uk/real-betis-balompie_athletic-bilbao/index/spielbericht/3451411
[4295571] Could not find attributes for fredrik gulbrandsen (Molde Fotballklubb, 2023)
[4295571] Failed to build match row: Club Brugge Koninklijke Voetbalvereniging vs Molde Fotballklubb
[3673539] Failed to scrape lineup: https://www.transfermarkt.co.uk/ionikos-nikeas_aek-athens/index/spielbericht/3673539
[4089217] Could not find attributes for cian bolger (Larne FC, 2023)
[4089217] Failed to build match row: Larne FC vs HJK Helsinki
[4525661] Could not find attributes for filip manojlovic (Djurgårdens Idrottsförening, 2024)
[4525661] Failed to build match row: Malmö Fotbollförening vs Djurgårdens Idrottsförening

Keepers & outfield error for **Real Sociedad de Fútbol S.A.D.** in Real Sociedad de Fútbol S.A.D. vs Celta: Numbers: 0 and 11.
[3451412] Failed to build match row: Real Sociedad de Fútbol S.A.D. vs Celta
[3429741] Failed to scrape lineup: https://www.transfermarkt.co.uk/west-ham-united_tottenham-hotspur/index/spielbericht/3429741
[4150530] Could not find attributes for nikolaos papadopoulos (A.G.S Asteras Tripolis, 2023)
[4150530] Failed to build match row: A.G.S Asteras Tripolis vs Panserraikos Serres
[4191141] Could not find attributes for igor leshchuk (FK Dinamo Moskva, 2023)
[4191141] Failed to build match row: FK Dinamo Moskva vs Fakel Voronezh
[4802925] Could not find attributes for keisuke kurokawa (D.C. United, 2025)
[4802925] Failed to build match row: D.C. United vs Club Internacional de Fútbol Miami
[4716052] Could not find attributes for fredrik pallesen knudsen (Sportsklubben Brann, 2025)
[4716052] Failed to build match row: Sportsklubben Brann vs Fenerbahçe Spor Kulübü
[4295572] Could not find attributes for heinz lindner (Royale Union Saint-Gilloise, 2023)
[4295572] Failed to build match row: Fenerbahçe Spor Kulübü vs Royale Union Saint-Gilloise
[4694065] Failed to scrape lineup: https://www.transfermarkt.co.uk/spielbericht/index/spielbericht/4694065
[4445068] Failed to scrape lineup: https://www.transfermarkt.co.uk/spielbericht/index/spielbericht/4445068
[4089219] Failed to build match row: FK Sutjeska Niksic vs SS Cosmos
[3673540] Could not find attributes for nikolaos melissas (Panetolikos Agrinio, 2021)
[3673540] Failed to build match row: Panetolikos Agrinio vs APS Atromitos Athinon
[4753817] Could not find attributes for callum howe (York City, 2025)
[4753817] Failed to build match row: Barnsley FC vs York City
[3487091] Could not find attributes for ivan karabin (Nyva Vinnytsya, 2020)
[3487091] Failed to build match row: Nyva Vinnytsya vs FK Kolos Kovalivka
[4150531] Could not find attributes for panagiotis tsintotas (APS Atromitos Athinon, 2023)
[4150531] Failed to build match row: APS Atromitos Athinon vs PAS Giannina
[4295573] Could not find attributes for abdul rahman baba (Panthessalonikios Athlitikos Omilos Konstantinoupoliton, 2023)
[4295573] Failed to build match row: Panthessalonikios Athlitikos Omilos Konstantinoupoliton vs GNK Dinamo Zagreb
[3825604] Could not find attributes for michael gregoritsch (Sport-Club Freiburg, 2022)
[3825604] Failed to build match row: 1.FC Kaiserslautern vs Sport-Club Freiburg
[4525665] Could not find attributes for rufai mohammed (IFK Värnamo, 2024)
[4525665] Failed to build match row: IFK Värnamo vs Halmstads BK
[3962636] Could not find attributes for sergey pesjakov (FK Rostov, 2022)
[3962636] Failed to build match row: FK Rostov vs Футбольный клуб "Локомотив" Москва
[4191142] Could not find attributes for aleksandr maksimenko (FK Spartak Moskva, 2023)
[4483244] Could not find attributes for balint demus (Cove Rangers FC, 2024)
[4191142] Failed to build match row: FK Spartak Moskva vs PFK CSKA Moskva
[4483244] Failed to build match row: Cove Rangers FC vs Inverness Caledonian Thistle FC
[4716053] Could not find attributes for fredrik pallesen knudsen (Sportsklubben Brann, 2025)
[4716053] Failed to build match row: Sportsklubben Brann vs Fodbold Club Midtjylland
[4089220] Could not find attributes for ognjen cancarevic (Alashkert Yerevan FC, 2023)
[4089220] Failed to build match row: Alashkert Yerevan FC vs Arsenal Tivat
[3673541] Could not find attributes for bojan saranov (PAS Lamia 1964, 2021)
[3673541] Failed to build match row: Olympiakos Syndesmos Filathlon Peiraios vs PAS Lamia 1964
[4295574] Could not find attributes for nabil bentaleb (Lille Olympique Sporting Club, 2023)
[4295574] Failed to build match row: Lille Olympique Sporting Club vs Sportklub Puntigamer Sturm Graz

Keepers & outfield error for **Philadelphia Union** in Philadelphia Union vs San Jose Earthquakes: Numbers: 0 and 11.
[4802926] Failed to build match row: Philadelphia Union vs San Jose Earthquakes
[4694066] Could not find attributes for palmi rafn arinbjornsson (Víkingur Reykjavík, 2025)
[4694066] Failed to build match row: Brøndby Idrætsforening vs Víkingur Reykjavík
[4150532] Could not find attributes for alexios kalogeropoulos (Volou Neos Podosferikos Syllogos, 2023)
[4150532] Failed to build match row: Volou Neos Podosferikos Syllogos vs Olympiakos Syndesmos Filathlon Peiraios
[3962637] Could not find attributes for matvey safonov (FK Krasnodar, 2022)
[3962637] Failed to build match row: FK Krasnodar vs Torpedo Moscow
[4191143] Could not find attributes for mikhail oparin (RFK Akhmat Grozny, 2023)
[4191143] Failed to build match row: RFK Akhmat Grozny vs FC Rubin Kazan
[4295575] Could not find attributes for Sharif Kaiuf (Maccabi Haifa, 2023)
[4295575] Failed to build match row: Associazione Calcio Fiorentina vs Maccabi Haifa
[4525667] Could not find attributes for simon eriksson (Idrottsföreningen Elfsborg, 2024)
[4525667] Failed to build match row: Idrottsföreningen Elfsborg vs Halmstads BK
[4716054] Could not find attributes for fredrik pallesen knudsen (Sportsklubben Brann, 2025)
[4716054] Failed to build match row: Sportsklubben Brann vs Football Club Utrecht
[3673542] Could not find attributes for matic kotnik (Volou Neos Podosferikos Syllogos, 2021)
[3673542] Failed to build match row: Volou Neos Podosferikos Syllogos vs Apollon Smyrnis
[3580258] Could not find attributes for paulinho (Fodbold Club Midtjylland, 2021)
[3580258] Failed to build match row: Fodbold Club Midtjylland vs Sønderjyske Fodbold
[4150533] Could not find attributes for bart schenkeveld (Panathinaikos Athlitikos Omilos, 2023)
[4150533] Failed to build match row: Panathinaikos Athlitikos Omilos vs Omilos Filathlon Irakliou FC
[4802927] Could not find attributes for morrison agyemang (Charlotte Football Club, 2025)
[4802927] Failed to build match row: Charlotte Football Club vs Austin FC
[4192004] Could not find attributes for stefan stojanovic (APO Levadiakos Football Club, 2023)
[4192004] Failed to build match row: APO Levadiakos Football Club vs Eolikos Mytilinis
[4295576] Could not find attributes for roi mishpati (Maccabi Tel Aviv, 2023)
[4295576] Failed to build match row: Maccabi Tel Aviv vs Olympiakos Syndesmos Filathlon Peiraios

Keepers & outfield error for **Southampton FC** in Everton Football Club vs Southampton FC: Numbers: 0 and 11.
[3429745] Failed to build match row: Everton Football Club vs Southampton FC
[4753818] Could not find attributes for morgan feeney (Carlisle United, 2025)
[4753818] Failed to build match row: Reading FC vs Carlisle United
[3825605] Could not find attributes for nico huber (SV Oberachern, 2022)
[3825605] Failed to build match row: SV Oberachern vs Mönchengladbach
[3673543] Could not find attributes for antonis tsiftsis (A.G.S Asteras Tripolis, 2021)
[3673543] Failed to build match row: Panthessalonikios Athlitikos Omilos Konstantinoupoliton vs A.G.S Asteras Tripolis
[4089221] Could not find attributes for jaylan hankins (FC Bruno's Magpies, 2023)
[4089221] Failed to build match row: FC Bruno's Magpies vs Dundalk FC
[4150534] Could not find attributes for stefanos kapino (Panetolikos Agrinio, 2023)
[4150534] Failed to build match row: Panetolikos Agrinio vs Athlitiki Enosi Kifisias
[4694067] Could not find attributes for aldo teqja (FC Dinamo City, 2025)
[4694067] Failed to build match row: FC Dinamo City vs HNK Hajduk Split
[4802928] Could not find attributes for mbekezeli mbokazi (Chicago Fire Soccer Club, 2025)
[4802928] Failed to build match row: Columbus Crew vs Chicago Fire Soccer Club
[4192056] Could not find attributes for manolis kalogerakis (PAE Chania, 2023)
[4192056] Failed to build match row: PAE Chania vs Omilos Filathlon Irakliou FC
[4299874] Could not find attributes for kodai sano (Nijmegen Eendracht Combinatie, 2023)
[4299874] Failed to build match row: Feyenoord Rotterdam vs Nijmegen Eendracht Combinatie

Keepers & outfield error for **Aalborg BK** in Aalborg BK vs Viborg Fodsports Forening: Numbers: 2 and 9.
[3580259] Failed to build match row: Aalborg BK vs Viborg Fodsports Forening
[3962638] Failed to scrape lineup: https://www.transfermarkt.co.uk/dynamo-moscow_krylya-sovetov-samara/index/spielbericht/3962638
[4525672] Failed to scrape lineup: https://www.transfermarkt.co.uk/degerfors-if_aik/index/spielbericht/4525672
[4753819] Could not find attributes for ethan ennis (Fleetwood Town, 2025)
[4753819] Failed to build match row: Fleetwood Town vs Barnet FC
[4716071] Could not find attributes for luka jovic (Athlitiki Enosi Konstantinoupoleos, 2025)
[4716071] Failed to build match row: Associazione Calcio Fiorentina vs Athlitiki Enosi Konstantinoupoleos
[4483245] Could not find attributes for ruaridh lynch (Cowdenbeath FC, 2024)
[4483245] Failed to build match row: Cowdenbeath FC vs Brechin City FC
[3580260] Could not find attributes for sten grytebust (Vejle Boldklub, 2021)
[3580260] Failed to build match row: Vejle Boldklub vs Fodbold Club Nordsjælland
[4802929] Could not find attributes for aiden hezarkhani (Real Salt Lake, 2025)
[4802929] Failed to build match row: Atlanta United Football Club vs Real Salt Lake
[4089222] Could not find attributes for davor taleski (Shkendija Tetovo, 2023)
[4089222] Failed to build match row: Shkendija Tetovo vs Haverfordwest County
[4525676] Could not find attributes for ari sigurpalsson (Idrottsföreningen Elfsborg, 2024)
[4525676] Failed to build match row: Idrottsföreningen Elfsborg vs IK Sirius
[4150535] Failed to scrape lineup: https://www.transfermarkt.co.uk/paok-thessaloniki_pas-lamia-1964/index/spielbericht/4150535
[4483246] Could not find attributes for brett long (Dumbarton FC, 2024)
[4483246] Failed to build match row: Dumbarton FC vs Alloa Athletic FC
[4802930] Could not find attributes for kieran sargeant (San Diego Football Club, 2025)
[4802930] Failed to build match row: Sporting Kansas City vs San Diego Football Club
[4150536] Could not find attributes for julian cuesta (Aris Thessalonikis, 2023)
[4150536] Failed to build match row: Aris Thessalonikis vs Omilos Filathlon Irakliou FC
[3487151] Could not find attributes for gergely nagy (Athlitiki Enosi Larisas, 2020)
[3487151] Failed to build match row: Athlitiki Enosi Larisas vs APS Atromitos Athinon
[4716072] Failed to scrape lineup: https://www.transfermarkt.co.uk/spielbericht/index/spielbericht/4716072
[4150537] Could not find attributes for nikolaos papadopoulos (A.G.S Asteras Tripolis, 2023)
[4150537] Failed to build match row: A.G.S Asteras Tripolis vs Panthessalonikios Athlitikos Omilos Konstantinoupoliton
[3962639] Failed to scrape lineup: https://www.transfermarkt.co.uk/akhmat-grozny_fc-orenburg/index/spielbericht/3962639
[4089223] Could not find attributes for nikita baranov (FC Pyunik Yerevan, 2023)
[4089223] Failed to build match row: FC Pyunik Yerevan vs JK Trans Narva
[3825608] Could not find attributes for christoph bollmann (Blau-Weiß Lohne, 2022)
[3580263] Could not find attributes for sten grytebust (Vejle Boldklub, 2021)
[3825608] Failed to build match row: Blau-Weiß Lohne vs Fußball-Club Augsburg 1907
[3580263] Failed to build match row: Football Club København vs Vejle Boldklub
[4150538] Could not find attributes for panagiotis tsintotas (APS Atromitos Athinon, 2023)
[4150538] Failed to build match row: APS Atromitos Athinon vs Panathinaikos Athlitikos Omilos
[3487152] Could not find attributes for marios siampanis (Aris Thessalonikis, 2020)
[3487152] Failed to build match row: Aris Thessalonikis vs Olympiakos Syndesmos Filathlon Peiraios
[4192071] Could not find attributes for carlos garcia (Turégano CF, 2023)
[4192071] Failed to build match row: Turégano CF vs CD Santurtzi
[4694068] Failed to scrape lineup: https://www.transfermarkt.co.uk/spielbericht/index/spielbericht/4694068
[3825609] Failed to scrape lineup: https://www.transfermarkt.co.uk/spielbericht/index/spielbericht/3825609
[3580264] Failed to scrape lineup: https://www.transfermarkt.co.uk/odense-boldklub_aarhus-gf/index/spielbericht/3580264
[4150539] Failed to scrape lineup: https://www.transfermarkt.co.uk/ae-kifisias_pas-giannina/index/spielbericht/4150539
[4192072] Failed to scrape lineup: https://www.transfermarkt.co.uk/spielbericht/index/spielbericht/4192072
[4802931] Failed to scrape lineup: https://www.transfermarkt.co.uk/st-louis-city-sc_seattle-sounders-fc/index/spielbericht/4802931
[4305202] Could not find attributes for julian cuesta (Aris Thessalonikis, 2023)
[4305202] Failed to build match row: Panathinaikos Athlitikos Omilos vs Aris Thessalonikis
[4716073] Could not find attributes for dominik takac (Slovan Bratislava, 2025)
[4716073] Failed to build match row: Alkmaar Zaanstreek vs Slovan Bratislava
[4308543] Failed to scrape lineup: https://www.transfermarkt.co.uk/spielbericht/index/spielbericht/4308543

Keepers & outfield error for **Panathinaikos Athlitikos Omilos** in Panathinaikos Athlitikos Omilos vs Panetolikos Agrinio: Numbers: 2 and 9.
[3487153] Failed to build match row: Panathinaikos Athlitikos Omilos vs Panetolikos Agrinio

Keepers & outfield error for **Fodbold Club Nordsjælland** in Fodbold Club Nordsjælland vs Aalborg BK: Numbers: 0 and 11.
[3580265] Failed to build match row: Fodbold Club Nordsjælland vs Aalborg BK
[4150540] Could not find attributes for stefanos kapino (Panetolikos Agrinio, 2023)
[4150540] Failed to build match row: Panetolikos Agrinio vs Athlitiki Enosi Konstantinoupoleos
[4716074] Failed to scrape lineup: https://www.transfermarkt.co.uk/spielbericht/index/spielbericht/4716074
[4802932] Failed to scrape lineup: https://www.transfermarkt.co.uk/nashville-sc_minnesota-united-fc/index/spielbericht/4802932
[4089224] Failed to scrape lineup: https://www.transfermarkt.co.uk/spielbericht/index/spielbericht/4089224
[4694069] Could not find attributes for kipras kazukolovas (FC Astana, 2025)
[4694069] Failed to build match row: FC Astana vs Football Club Lausanne-Sport
[3962640] Failed to scrape lineup: https://www.transfermarkt.co.uk/fc-sochi_cska-moscow/index/spielbericht/3962640
[3487154] Failed to scrape lineup: https://www.transfermarkt.co.uk/ofi-crete-fc_pas-giannina/index/spielbericht/3487154
[4802933] Failed to scrape lineup: https://www.transfermarkt.co.uk/colorado-rapids_los-angeles-galaxy/index/spielbericht/4802933
[4694070] Failed to scrape lineup: https://www.transfermarkt.co.uk/spielbericht/index/spielbericht/4694070
[3673544] Failed to scrape lineup: https://www.transfermarkt.co.uk/panathinaikos-fc_pas-giannina/index/spielbericht/3673544
[3962641] Failed to scrape lineup: https://www.transfermarkt.co.uk/fakel-voronezh_fc-khimki/index/spielbericht/3962641
[3487155] Could not find attributes for devis epassy (PAS Lamia 1964, 2020)
[3487155] Failed to build match row: PAS Lamia 1964 vs Panthessalonikios Athlitikos Omilos Konstantinoupoliton
[4802934] Failed to scrape lineup: https://www.transfermarkt.co.uk/los-angeles-fc_fc-dallas/index/spielbericht/4802934
[4694071] Failed to scrape lineup: https://www.transfermarkt.co.uk/spielbericht/index/spielbericht/4694071
[3673545] Failed to scrape lineup: https://www.transfermarkt.co.uk/aek-athens_ofi-crete-fc/index/spielbericht/3673545
[3962950] Failed to scrape lineup: https://www.transfermarkt.co.uk/spielbericht/index/spielbericht/3962950
[3487156] Failed to scrape lineup: https://www.transfermarkt.co.uk/asteras-tripolis_aek-athens/index/spielbericht/3487156
[4483247] Could not find attributes for jack allan (Dundee North End FC, 2024)
[4483247] Failed to build match row: Dundee North End FC vs Airdrieonians FC
[4192073] Could not find attributes for juan rafael torres (CD Pradejón, 2023)
[4192073] Failed to build match row: CD Pradejón vs Atlético de Lugones
[4802935] Failed to scrape lineup: https://www.transfermarkt.co.uk/portland-timbers_vancouver-whitecaps-fc/index/spielbericht/4802935
[4311215] Could not find attributes for amine naifi (1.FC Saarbrücken, 2023)
[4311215] Failed to build match row: 1.FC Saarbrücken vs 1.FC Kaiserslautern
[4694072] Failed to scrape lineup: https://www.transfermarkt.co.uk/spielbericht/index/spielbericht/4694072

Keepers & outfield error for **Leeds United Association Football Club** in Leeds United Association Football Club vs Aston Villa Football Club: Numbers: 2 and 9.
[3429746] Failed to build match row: Leeds United Association Football Club vs Aston Villa Football Club
[3673546] Failed to scrape lineup: https://www.transfermarkt.co.uk/aris-thessaloniki_ionikos-nikeas/index/spielbericht/3673546
[3962951] Failed to scrape lineup: https://www.transfermarkt.co.uk/spielbericht/index/spielbericht/3962951
[3580267] Failed to scrape lineup: https://www.transfermarkt.co.uk/randers-fc_fc-midtjylland/index/spielbericht/3580267
[4483248] Failed to scrape lineup: https://www.transfermarkt.co.uk/spielbericht/index/spielbericht/4483248
[4150541] Could not find attributes for adrian chovan (Panserraikos Serres, 2023)
[4150541] Failed to build match row: Panserraikos Serres vs Olympiakos Syndesmos Filathlon Peiraios
[4802936] Failed to scrape lineup: https://www.transfermarkt.co.uk/red-bull-new-york_cf-montreal/index/spielbericht/4802936
[3673547] Could not find attributes for vasilios soulis (PAS Giannina, 2021)
[3673547] Failed to build match row: PAS Giannina vs Ionikos Nikeas
[3962952] Could not find attributes for panagiotis katsikas (Panserraikos Serres, 2022)
[3962952] Failed to build match row: Panserraikos Serres vs Apollon Pontou
[4802937] Failed to scrape lineup: https://www.transfermarkt.co.uk/fc-cincinnati_toronto-fc/index/spielbericht/4802937
[4089225] Could not find attributes for ajdin mulalic (FK Zeljeznicar Sarajevo, 2023)
[4089225] Failed to build match row: FK Zeljeznicar Sarajevo vs Dinamo Minsk
[4311365] Could not find attributes for duktm (Aberdeen Football Club, 2023)
[4311365] Failed to build match row: Aberdeen Football Club vs The Celtic Football Club
[3487157] Could not find attributes for davino verhulst (Apollon Smyrnis, 2020)
[3487157] Failed to build match row: Apollon Smyrnis vs Volou Neos Podosferikos Syllogos
[3429748] Failed to scrape lineup: https://www.transfermarkt.co.uk/manchester-city_west-ham-united/index/spielbericht/3429748
[4753820] Could not find attributes for rollin menayese (Macclesfield FC, 2025)
[4753820] Failed to build match row: Macclesfield FC vs AFC Totton
[4802938] Failed to scrape lineup: https://www.transfermarkt.co.uk/toronto-fc_red-bull-new-york/index/spielbericht/4802938
[3487158] Could not find attributes for christopher knett (Panetolikos Agrinio, 2020)
[3487158] Failed to build match row: Panetolikos Agrinio vs Athlitiki Enosi Larisas
[4150542] Failed to scrape lineup: https://www.transfermarkt.co.uk/pas-lamia-1964_volos-nps/index/spielbericht/4150542
[4716075] Could not find attributes for wassim bouziane (Alkmaar Zaanstreek, 2025)
[4716075] Failed to build match row: Alkmaar Zaanstreek vs Shelbourne FC
[4753821] Could not find attributes for jevon mills (FC Halifax Town, 2025)
[4753821] Failed to build match row: FC Halifax Town vs Exeter City
[4716076] Could not find attributes for isaque (FC Shakhtar Donetsk, 2025)
[4716076] Failed to build match row: FC Shakhtar Donetsk vs Legia Warszawa Spółka Akcyjna
[3487159] Could not find attributes for dimitrios goutas (APS Atromitos Athinon, 2020)
[3487159] Failed to build match row: APS Atromitos Athinon vs Aris Thessalonikis
[4150543] Could not find attributes for julian cuesta (Aris Thessalonikis, 2023)
[4150543] Failed to build match row: Aris Thessalonikis vs PAS Lamia 1964
[4089226] Failed to scrape lineup: https://www.transfermarkt.co.uk/spielbericht/index/spielbericht/4089226
[4716077] Could not find attributes for martin zlomislic (Hrvatski Nogometni Klub Rijeka, 2025)
[4716077] Failed to build match row: FC Shakhtar Donetsk vs Hrvatski Nogometni Klub Rijeka
[3825611] Failed to scrape lineup: https://www.transfermarkt.co.uk/spielbericht/index/spielbericht/3825611
[3673548] Could not find attributes for eneko capilla (A.G.S Asteras Tripolis, 2021)
[3673548] Failed to build match row: A.G.S Asteras Tripolis vs Omilos Filathlon Irakliou FC
[4802939] Failed to scrape lineup: https://www.transfermarkt.co.uk/atlanta-united-fc_philadelphia-union/index/spielbericht/4802939
[4192074] Could not find attributes for javi duato (CF Tardienta, 2023)
[4192074] Failed to build match row: CF Tardienta vs CD Zirauki
[4716078] Could not find attributes for isaque (FC Shakhtar Donetsk, 2025)
[4716078] Failed to build match row: FC Shakhtar Donetsk vs Breidablik Kópavogur
[4192075] Could not find attributes for alex ruiz (UE Rubí, 2023)
[4192075] Failed to build match row: UE Rubí vs UD Rotlet Molinar
[3673549] Could not find attributes for dimitrios chatziisaias (APS Atromitos Athinon, 2021)
[3673549] Failed to build match row: APS Atromitos Athinon vs Volou Neos Podosferikos Syllogos
[3429750] Could not find attributes for phil jagielka (Sheffield United, 2020)
[3429750] Failed to build match row: Sheffield United vs Liverpool Football Club
[3487160] Failed to scrape lineup: https://www.transfermarkt.co.uk/olympiacos-piraeus_volos-nps/index/spielbericht/3487160
[3673550] Could not find attributes for bojan saranov (PAS Lamia 1964, 2021)
[3673550] Failed to build match row: PAS Lamia 1964 vs Athlitiki Enosi Konstantinoupoleos
[4150544] Failed to scrape lineup: https://www.transfermarkt.co.uk/volos-nps_panathinaikos-fc/index/spielbericht/4150544
[4525679] Could not find attributes for axel bronner (IFK Norrköping, 2024)
[4525679] Failed to build match row: IFK Norrköping vs Idrottsföreningen Kamraterna Göteborg
[4089227] Failed to scrape lineup: https://www.transfermarkt.co.uk/spielbericht/index/spielbericht/4089227
[3825612] Failed to scrape lineup: https://www.transfermarkt.co.uk/spielbericht/index/spielbericht/3825612
[4150545] Failed to scrape lineup: https://www.transfermarkt.co.uk/ae-kifisias_paok-thessaloniki/index/spielbericht/4150545
[4525680] Failed to scrape lineup: https://www.transfermarkt.co.uk/halmstads-bk_mjallby-aif/index/spielbericht/4525680
[4753822] Could not find attributes for jacob slater (Harrogate Town, 2025)
[4753822] Failed to build match row: Mansfield Town vs Harrogate Town
[4089228] Could not find attributes for vytautas cerniauskas (FK Panevezys, 2023)
[4089228] Failed to build match row: FK Panevezys vs FC Milsami Orhei
[4716079] Failed to scrape lineup: https://www.transfermarkt.co.uk/spielbericht/index/spielbericht/4716079
[4311366] Failed to scrape lineup: https://www.transfermarkt.co.uk/spielbericht/index/spielbericht/4311366
[3673551] Could not find attributes for davino verhulst (Apollon Smyrnis, 2021)
[3673551] Failed to build match row: Apollon Smyrnis vs Olympiakos Syndesmos Filathlon Peiraios
[4525681] Failed to scrape lineup: https://www.transfermarkt.co.uk/ifk-varnamo_aik/index/spielbericht/4525681
[4802940] Could not find attributes for woobens pacius (Nashville SC, 2025)
[4802940] Failed to build match row: Columbus Crew vs Nashville SC
[4192076] Could not find attributes for cristobal jimenez (CP Mijas Las Lagunas, 2023)
[4192076] Failed to build match row: CP Mijas Las Lagunas vs Chiclana CF
[4311996] Failed to scrape lineup: https://www.transfermarkt.co.uk/spielbericht/index/spielbericht/4311996
[4525682] Failed to scrape lineup: https://www.transfermarkt.co.uk/aik_ifk-norrkoping/index/spielbericht/4525682
[3580268] Could not find attributes for daniel prosser (Sønderjyske Fodbold, 2021)
[3580268] Failed to build match row: Sønderjyske Fodbold vs Silkeborg Idrætsforening
[4311997] Could not find attributes for aleksey mamin (Ural Yekaterinburg, 2023)
[4311997] Failed to build match row: Ural Yekaterinburg vs Футбольный клуб "Локомотив" Москва
[3487161] Could not find attributes for apostolos diamantis (Omilos Filathlon Irakliou FC, 2020)
[3487161] Failed to build match row: Omilos Filathlon Irakliou FC vs Apollon Smyrnis
[4716080] Could not find attributes for dominik takac (Slovan Bratislava, 2025)
[4716080] Failed to build match row: Slovan Bratislava vs Racing Club de Strasbourg Alsace
[4311998] Failed to scrape lineup: https://www.transfermarkt.co.uk/spielbericht/index/spielbericht/4311998
[4150546] Could not find attributes for alexandros paschalakis (Olympiakos Syndesmos Filathlon Peiraios, 2023)
[4150546] Failed to build match row: Olympiakos Syndesmos Filathlon Peiraios vs APS Atromitos Athinon
[3487162] Failed to scrape lineup: https://www.transfermarkt.co.uk/paok-thessaloniki_asteras-tripolis/index/spielbericht/3487162
[3962953] Could not find attributes for vangelis pitkas (Apollon Pontou, 2022)
[3962953] Failed to build match row: Apollon Pontou vs Panserraikos Serres
[3429752] Could not find attributes for conor gallagher (West Bromwich Albion, 2020)
[3429752] Failed to build match row: West Bromwich Albion vs Brighton and Hove Albion Football Club
[4089229] Failed to scrape lineup: https://www.transfermarkt.co.uk/spielbericht/index/spielbericht/4089229
[4192078] Could not find attributes for hamza hosain (Ceuta 6 de Junio, 2023)
[4192078] Failed to build match row: Ceuta 6 de Junio vs CD Buñol
[4802941] Failed to scrape lineup: https://www.transfermarkt.co.uk/orlando-city-sc_cf-montreal/index/spielbericht/4802941
[3487163] Could not find attributes for lefteris choutesiotis (PAS Giannina, 2020)
[3487163] Failed to build match row: PAS Giannina vs PAS Lamia 1964
[3580270] Failed to scrape lineup: https://www.transfermarkt.co.uk/aarhus-gf_fc-midtjylland/index/spielbericht/3580270
[4192079] Failed to scrape lineup: https://www.transfermarkt.co.uk/spielbericht/index/spielbericht/4192079
[4311999] Could not find attributes for zakhar volkov (FC Khimki (-2025), 2023)
[4311999] Failed to build match row: FC Khimki (-2025) vs FK Rostov
[4525683] Failed to scrape lineup: https://www.transfermarkt.co.uk/if-brommapojkarna_hammarby-if/index/spielbericht/4525683
[3962954] Could not find attributes for matic kotnik (Volou Neos Podosferikos Syllogos, 2022)
[3962954] Failed to build match row: Panathinaikos Athlitikos Omilos vs Volou Neos Podosferikos Syllogos
[4802942] Failed to scrape lineup: https://www.transfermarkt.co.uk/new-york-city-fc_colorado-rapids/index/spielbericht/4802942
[3429753] Could not find attributes for trezeguet (Aston Villa Football Club, 2020)
[3429753] Failed to build match row: Aston Villa Football Club vs Wolverhampton Wanderers Football Club
[3962955] Failed to scrape lineup: https://www.transfermarkt.co.uk/spielbericht/index/spielbericht/3962955
[4089230] Could not find attributes for bjarti mork (HB Tórshavn, 2023)
[4089230] Failed to build match row: HB Tórshavn vs Derry City
[3429754] Failed to scrape lineup: https://www.transfermarkt.co.uk/brighton-amp-hove-albion_leicester-city/index/spielbericht/3429754

Keepers & outfield error for **Aalborg BK** in Aalborg BK vs Randers Fodbold Club: Numbers: 2 and 9.
[3580271] Failed to build match row: Aalborg BK vs Randers Fodbold Club
[3962956] Failed to scrape lineup: https://www.transfermarkt.co.uk/spielbericht/index/spielbericht/3962956
[3487164] Could not find attributes for stavros vasilantonopoulos (Athlitiki Enosi Konstantinoupoleos, 2020)
[3487164] Failed to build match row: Athlitiki Enosi Konstantinoupoleos vs Panathinaikos Athlitikos Omilos
[4802943] Could not find attributes for morrison agyemang (Charlotte Football Club, 2025)
[4802943] Failed to build match row: Charlotte Football Club vs Club Internacional de Fútbol Miami
[3429755] Failed to scrape lineup: https://www.transfermarkt.co.uk/burnley-fc_arsenal-fc/index/spielbericht/3429755
[4525684] Could not find attributes for tobias heintz (Idrottsföreningen Kamraterna Göteborg, 2024)
[4525684] Failed to build match row: Idrottsföreningen Kamraterna Göteborg vs Halmstads BK
[3580272] Could not find attributes for sten grytebust (Vejle Boldklub, 2021)
[3580272] Failed to build match row: Vejle Boldklub vs Sønderjyske Fodbold
[4312000] Could not find attributes for aleksandr selikhov (FK Spartak Moskva, 2023)
[4312000] Failed to build match row: FK Spartak Moskva vs AO FK Zenit Sankt-Peterburg
[4089231] Could not find attributes for ivan rogac (Tobol Kostanay, 2023)
[4089231] Failed to build match row: Tobol Kostanay vs FC Honka
[4192171] Failed to scrape lineup: https://www.transfermarkt.co.uk/spielbericht/index/spielbericht/4192171
[4802944] Could not find attributes for osvald soe (San Diego Football Club, 2025)
[4802944] Failed to build match row: FC Dallas vs San Diego Football Club

Keepers & outfield error for **Fodbold Club Nordsjælland** in Viborg Fodsports Forening vs Fodbold Club Nordsjælland: Numbers: 0 and 11.
[3580273] Failed to build match row: Viborg Fodsports Forening vs Fodbold Club Nordsjælland
[4525685] Could not find attributes for ivan kricak (Östers IF, 2024)
[4525685] Failed to build match row: Östers IF vs BK Häcken
[3487165] Could not find attributes for boris kleyman (Volou Neos Podosferikos Syllogos, 2020)
[3487165] Failed to build match row: Volou Neos Podosferikos Syllogos vs Panetolikos Agrinio
[3962957] Could not find attributes for athanasios pantos (Athens Kallithea, 2022)
[3962957] Failed to build match row: Athens Kallithea vs PAS Lamia 1964
[4753823] Failed to scrape lineup: https://www.transfermarkt.co.uk/spielbericht/index/spielbericht/4753823
[4089232] Failed to scrape lineup: https://www.transfermarkt.co.uk/spielbericht/index/spielbericht/4089232
[4192595] Failed to scrape lineup: https://www.transfermarkt.co.uk/spielbericht/index/spielbericht/4192595
[3429757] Failed to scrape lineup: https://www.transfermarkt.co.uk/liverpool-fc_fulham-fc/index/spielbericht/3429757
[3487166] Could not find attributes for gergely nagy (Athlitiki Enosi Larisas, 2020)
[3487166] Failed to build match row: Athlitiki Enosi Larisas vs Omilos Filathlon Irakliou FC
Not enough players found for lineup: 0, 0.
[3962958] Failed to scrape lineup: https://www.transfermarkt.co.uk/spielbericht/index/spielbericht/3962958
[3429758] Failed to scrape lineup: https://www.transfermarkt.co.uk/manchester-city_manchester-united/index/spielbericht/3429758
[3962959] Failed to scrape lineup: https://www.transfermarkt.co.uk/spielbericht/index/spielbericht/3962959
[3487167] Could not find attributes for lefteris choutesiotis (PAS Giannina, 2020)
[3487167] Failed to build match row: Panathinaikos Athlitikos Omilos vs PAS Giannina
[4192909] Could not find attributes for indy groothuizen (Akademisk Boldklub, 2023)
[4192909] Failed to build match row: Akademisk Boldklub vs Vejle Boldklub
[4312001] Could not find attributes for denis adamov (AO FK Zenit Sankt-Peterburg, 2023)
[4312001] Failed to build match row: AO FK Zenit Sankt-Peterburg vs FK Spartak Moskva
[3673552] Failed to scrape lineup: https://www.transfermarkt.co.uk/paok-thessaloniki_panetolikos-gfs/index/spielbericht/3673552
[3487168] Failed to scrape lineup: https://www.transfermarkt.co.uk/pas-lamia-1964_olympiacos-piraeus/index/spielbericht/3487168
[3825613] Could not find attributes for malte seemann (Bremer SV, 2022)
[3825613] Failed to build match row: Bremer SV vs FC Schalke 04
[4089233] Could not find attributes for azbe jug (NK Maribor, 2023)
[4089233] Failed to build match row: NK Maribor vs Birkirkara FC
[4483249] Could not find attributes for sam gormley (Edinburgh City FC, 2024)
[4483249] Failed to build match row: Edinburgh City FC vs Dunfermline Athletic FC
[3673553] Failed to scrape lineup: https://www.transfermarkt.co.uk/panathinaikos-fc_aris-thessaloniki/index/spielbericht/3673553
[4483250] Failed to scrape lineup: https://www.transfermarkt.co.uk/spielbericht/index/spielbericht/4483250
[3673557] Failed to scrape lineup: https://www.transfermarkt.co.uk/ofi-crete-fc_pas-giannina/index/spielbericht/3673557
[4525686] Failed to scrape lineup: https://www.transfermarkt.co.uk/malmo-ff_if-elfsborg/index/spielbericht/4525686
[4802945] Could not find attributes for lucas halter (Houston Dynamo, 2025)
[4802945] Failed to build match row: Houston Dynamo vs Portland Timbers
[3487169] Could not find attributes for davino verhulst (Apollon Smyrnis, 2020)
[3487169] Failed to build match row: Apollon Smyrnis vs Athlitiki Enosi Konstantinoupoleos
[4192910] Could not find attributes for hjalte petersen (FC Helsingör, 2023)
[4192910] Failed to build match row: FC Helsingör vs Lyngby Boldklub

Keepers & outfield error for **Southampton FC** in Sheffield United vs Southampton FC: Numbers: 0 and 11.
[3429759] Failed to build match row: Sheffield United vs Southampton FC
[4716081] Could not find attributes for martin trnovsky (Slovan Bratislava, 2025)
[4525689] Failed to scrape lineup: https://www.transfermarkt.co.uk/degerfors-if_ifk-varnamo/index/spielbericht/4525689
[4716081] Failed to build match row: Slovan Bratislava vs BK Häcken
[4192911] Failed to scrape lineup: https://www.transfermarkt.co.uk/spielbericht/index/spielbericht/4192911
[4089234] Could not find attributes for matthew clarke (Linfield FC, 2023)
[4089234] Failed to build match row: Linfield FC vs KF Vllaznia
[3673558] Could not find attributes for julian cuesta (Aris Thessalonikis, 2021)
[3673558] Failed to build match row: Aris Thessalonikis vs APS Atromitos Athinon
[4753824] Could not find attributes for giosue bellagambi (Ebbsfleet United, 2025)
[4753824] Failed to build match row: Grimsby Town vs Ebbsfleet United
[4483251] Could not find attributes for matty allan (Forfar Athletic FC, 2024)
[4483251] Failed to build match row: Forfar Athletic FC vs Stirling Albion FC
[3825614] Could not find attributes for burim halili (FC Carl Zeiss Jena, 2022)
[3487170] Failed to scrape lineup: https://www.transfermarkt.co.uk/aris-thessaloniki_paok-thessaloniki/index/spielbericht/3487170
[3825614] Failed to build match row: FC Carl Zeiss Jena vs Verein für Leibesübungen Wolfsburg
[3673559] Could not find attributes for diamantis chouchoumis (Panetolikos Agrinio, 2021)
[3673559] Failed to build match row: Panetolikos Agrinio vs PAS Lamia 1964
[4716082] Failed to scrape lineup: https://www.transfermarkt.co.uk/spielbericht/index/spielbericht/4716082
[3429760] Failed to scrape lineup: https://www.transfermarkt.co.uk/tottenham-hotspur_crystal-palace/index/spielbericht/3429760
[4802946] Could not find attributes for mbekezeli mbokazi (Chicago Fire Soccer Club, 2025)
[4802946] Failed to build match row: Chicago Fire Soccer Club vs D.C. United
[3962960] Could not find attributes for alexandros anagnostopoulos (Athlitiki Enosi Kifisias, 2022)
[3962960] Failed to build match row: Athlitiki Enosi Kifisias vs Athlitiki Enosi Konstantinoupoleos
[3487171] Could not find attributes for nikolaos papadopoulos (A.G.S Asteras Tripolis, 2020)
[3487171] Failed to build match row: A.G.S Asteras Tripolis vs APS Atromitos Athinon
[3429761] Could not find attributes for conor gallagher (West Bromwich Albion, 2020)
[3429761] Failed to build match row: West Bromwich Albion vs Newcastle United Football Club
[3673560] Could not find attributes for matic kotnik (Volou Neos Podosferikos Syllogos, 2021)
[3673560] Failed to build match row: Volou Neos Podosferikos Syllogos vs Panathinaikos Athlitikos Omilos
[4716083] Could not find attributes for furkan demir (Sportklub Rapid, 2025)
[4716083] Failed to build match row: Sportklub Rapid vs Omonia Nicosia
[4192912] Could not find attributes for frederik mehder (Fodbold Club Fredericia, 2023)
[4192912] Failed to build match row: Fodbold Club Fredericia vs Odense Boldklub
[3429762] Failed to scrape lineup: https://www.transfermarkt.co.uk/west-ham-united_leeds-united/index/spielbericht/3429762
[3673561] Failed to scrape lineup: https://www.transfermarkt.co.uk/aek-athens_paok-thessaloniki/index/spielbericht/3673561

Keepers & outfield error for **Olympiakos Syndesmos Filathlon Peiraios** in Olympiakos Syndesmos Filathlon Peiraios vs A.G.S Asteras Tripolis: Numbers: 2 and 9.
[3673562] Failed to build match row: Olympiakos Syndesmos Filathlon Peiraios vs A.G.S Asteras Tripolis
[3487172] Could not find attributes for christopher knett (Panetolikos Agrinio, 2020)
[3487172] Failed to build match row: Panetolikos Agrinio vs Apollon Smyrnis
[4753825] Could not find attributes for michael mellon (Oldham Athletic, 2025)
[4753825] Failed to build match row: Oldham Athletic vs Northampton Town
[4089235] Could not find attributes for petar bosancic (Riga FC, 2023)
[4089235] Failed to build match row: Riga FC vs Víkingur Reykjavík
[4192913] Could not find attributes for yuito suzuki (Brøndby Idrætsforening, 2023)
[4192913] Failed to build match row: Randers Fodbold Club vs Brøndby Idrætsforening
[3487173] Could not find attributes for praxitelis vouros (Omilos Filathlon Irakliou FC, 2020)
[3487173] Failed to build match row: Omilos Filathlon Irakliou FC vs Aris Thessalonikis
[4483252] Failed to scrape lineup: https://www.transfermarkt.co.uk/spielbericht/index/spielbericht/4483252
[3673563] Could not find attributes for lefteris choutesiotis (Ionikos Nikeas, 2021)
[3580276] Could not find attributes for roony bardghji (Football Club København, 2021)
[3673563] Failed to build match row: Ionikos Nikeas vs Apollon Smyrnis
[3580276] Failed to build match row: Football Club København vs Aarhus Gymnastik Forening
[4483253] Could not find attributes for dean currie (Irvine Meadow XI FC, 2024)
[4483253] Failed to build match row: Irvine Meadow XI FC vs Stenhousemuir FC
[3487174] Could not find attributes for jose cholevas (Olympiakos Syndesmos Filathlon Peiraios, 2020)
[3487174] Failed to build match row: Olympiakos Syndesmos Filathlon Peiraios vs Athlitiki Enosi Larisas
[4089236] Could not find attributes for samuel petras (DAC Dunajska Streda, 2023)
[4089236] Failed to build match row: DAC Dunajska Streda vs FC Dila Gori
Not enough players found for lineup: 0, 11.
[3677106] Failed to scrape lineup: https://www.transfermarkt.co.uk/spielbericht/index/spielbericht/3677106
[3962961] Could not find attributes for vedad radonja (Athlitiki Enosi Konstantinoupoleos, 2022)
[3962961] Failed to build match row: Athlitiki Enosi Konstantinoupoleos vs Athlitiki Enosi Kifisias
[4753826] Could not find attributes for jimmy jay morgan (Peterborough United, 2025)
[4753826] Failed to build match row: Peterborough United vs Cardiff City
[4089237] Could not find attributes for filip kljajic (Torpedo Kutaisi, 2023)
[4089237] Failed to build match row: Torpedo Kutaisi vs FK Sarajevo
[3677107] Could not find attributes for zog djaloshi (AO Trikala, 2021)
[3677107] Failed to build match row: AO Trikala vs Niki Volou
[4312002] Could not find attributes for evgeniy latyshonok (FK Baltika, 2023)
[4312002] Failed to build match row: FK Baltika vs PFK CSKA Moskva
[4483494] Could not find attributes for greg skinner (Linlithgow Rose FC, 2024)
[4483494] Failed to build match row: Linlithgow Rose FC vs Raith Rovers FC
[4192914] Could not find attributes for nicky jensen (Ishöj IF, 2023)
[4192914] Failed to build match row: Ishöj IF vs Aarhus Gymnastik Forening
[4089238] Could not find attributes for gentian selmani (KF Tirana, 2023)
[4089238] Failed to build match row: KF Tirana vs Dinamo Batumi

Keepers & outfield error for **Fodbold Club Nordsjælland** in Fodbold Club Nordsjælland vs Silkeborg Idrætsforening: Numbers: 0 and 11.
[3580278] Failed to build match row: Fodbold Club Nordsjælland vs Silkeborg Idrætsforening
[4312003] Could not find attributes for vladislav torop (PFK CSKA Moskva, 2023)
[4312003] Failed to build match row: PFK CSKA Moskva vs FK Baltika
[3677108] Could not find attributes for panagiotis liagas (APO Levadiakos Football Club, 2021)
[3677108] Failed to build match row: APO Levadiakos Football Club vs A.G.S Asteras Tripolis

Keepers & outfield error for **Salford City** in Salford City vs Lincoln City: Numbers: 2 and 9.
[4753828] Failed to build match row: Salford City vs Lincoln City
[4483495] Could not find attributes for jerome prior (Livingston Football Club, 2024)
[4483495] Failed to build match row: Livingston Football Club vs Brora Rangers FC
[3677109] Could not find attributes for zacharias kavousakis (Panserraikos Serres, 2021)
[3677109] Failed to build match row: Panserraikos Serres vs Volou Neos Podosferikos Syllogos
[3580279] Could not find attributes for sten grytebust (Vejle Boldklub, 2021)
[3580279] Failed to build match row: Randers Fodbold Club vs Vejle Boldklub
[4089239] Could not find attributes for kristijan jajalo (KA Akureyri, 2023)
[4089239] Failed to build match row: KA Akureyri vs Connah's Quay Nomads
[4192915] Could not find attributes for paulinho (Fodbold Club Midtjylland, 2023)
[4192915] Failed to build match row: Football Club København vs Fodbold Club Midtjylland
[3677110] Could not find attributes for theofanis mavrommatis (APS Atromitos Athinon, 2021)
[3677110] Failed to build match row: APS Atromitos Athinon vs Panathinaikos Athlitikos Omilos
[4716086] Could not find attributes for jakub zewlakow (Legia Warszawa Spółka Akcyjna, 2025)
[4716086] Failed to build match row: Legia Warszawa Spółka Akcyjna vs Lincoln Red Imps FC
[4753829] Could not find attributes for jared myers (Slough Town, 2025)
[4753829] Failed to build match row: Slough Town vs Altrincham FC
[3825615] Could not find attributes for paul polauke (Stuttgarter Kickers, 2022)
[3825615] Failed to build match row: Stuttgarter Kickers vs SpVgg Greuther Fürth
[3962962] Could not find attributes for mark asigba (PS Kalamata, 2022)
[3962962] Failed to build match row: PS Kalamata vs Panthessalonikios Athlitikos Omilos Konstantinoupoliton
[3580280] Could not find attributes for soren reese (Sønderjyske Fodbold, 2021)
[3580280] Failed to build match row: Sønderjyske Fodbold vs Aalborg BK
[3962963] Could not find attributes for giannis kargas (Panthessalonikios Athlitikos Omilos Konstantinoupoliton, 2022)
[3962963] Failed to build match row: Panthessalonikios Athlitikos Omilos Konstantinoupoliton vs PS Kalamata
[4802948] Failed to scrape lineup: https://www.transfermarkt.co.uk/real-salt-lake-city_austin-fc/index/spielbericht/4802948
[4089240] Could not find attributes for hristijan stevkovski (Makedonija Gjorce Petrov, 2023)
[4089240] Failed to build match row: Makedonija Gjorce Petrov vs FC RFS
[3580281] Could not find attributes for vincent onovo (Randers Fodbold Club, 2021)
[3580281] Failed to build match row: Brøndby Idrætsforening vs Randers Fodbold Club
[4716087] Failed to scrape lineup: https://www.transfermarkt.co.uk/spielbericht/index/spielbericht/4716087
[3825617] Failed to scrape lineup: https://www.transfermarkt.co.uk/spielbericht/index/spielbericht/3825617
[3677111] Could not find attributes for alexios michail (AO Xanthi, 2021)
[3677111] Failed to build match row: AO Xanthi vs Ionikos Nikeas
[4089241] Could not find attributes for lubomir belko (MSK Zilina, 2023)
[4089241] Failed to build match row: MSK Zilina vs FCI Levadia
[4192916] Could not find attributes for isaac monteiro (Casa Pia Atlético Clube, 2023)
[4192916] Failed to build match row: Casa Pia Atlético Clube vs Clube Desportivo Nacional
Not enough players found for lineup: 0, 11.
[3962964] Failed to scrape lineup: https://www.transfermarkt.co.uk/spielbericht/index/spielbericht/3962964
[4089242] Could not find attributes for kenan haxhihamza (KF Dukagjini, 2023)
[4089242] Failed to build match row: KF Dukagjini vs Europa FC
[3487175] Could not find attributes for christos mandas (APS Atromitos Athinon, 2020)
[3487175] Failed to build match row: APS Atromitos Athinon vs PAS Lamia 1964
[4753830] Could not find attributes for bobby jones (Spennymoor Town, 2025)
[4753830] Failed to build match row: Spennymoor Town vs Barrow AFC
[4312024] Failed to scrape lineup: https://www.transfermarkt.co.uk/spielbericht/index/spielbericht/4312024
[4802949] Failed to scrape lineup: https://www.transfermarkt.co.uk/vancouver-whitecaps-fc_minnesota-united-fc/index/spielbericht/4802949
[3962965] Could not find attributes for georgios giagiozis (AO Agios Nikolaos, 2022)
[3962965] Failed to build match row: AO Agios Nikolaos vs Apollon Paralimniou
[3677112] Could not find attributes for athanasios michelis (Athlitiki Enosi Kifisias, 2021)
[3677112] Failed to build match row: Athlitiki Enosi Kifisias vs Apollon Smyrnis
[3962997] Could not find attributes for igor stefanovic (Leixões SC, 2022)
[3962997] Failed to build match row: Leixões SC vs UD Oliveirense
[4192917] Could not find attributes for fernando fonseca (AVS Futebol SAD, 2023)
[4192917] Failed to build match row: AVS Futebol SAD vs Futebol Clube de Arouca

Keepers & outfield error for **Aalborg BK** in Aalborg BK vs Football Club København: Numbers: 2 and 9.
[3580283] Failed to build match row: Aalborg BK vs Football Club København
[4716089] Could not find attributes for dylan lobban (Aberdeen Football Club, 2025)
[4716089] Failed to build match row: AC Sparta Praha, a. s. vs Aberdeen Football Club
[4802951] Could not find attributes for dor turgeman (New England Revolution, 2025)
[4802951] Failed to build match row: New England Revolution vs Football Club Cincinnati
[3487177] Could not find attributes for lefteris choutesiotis (PAS Giannina, 2020)
[3487177] Failed to build match row: PAS Giannina vs A.G.S Asteras Tripolis
[3962998] Could not find attributes for vladan danilovic (Clube Desportivo Nacional, 2022)
[3962998] Failed to build match row: Clube Desportivo Nacional vs Portimonense SC

Keepers & outfield error for **Fodbold Club Nordsjælland** in Odense Boldklub vs Fodbold Club Nordsjælland: Numbers: 0 and 11.
[3580284] Failed to build match row: Odense Boldklub vs Fodbold Club Nordsjælland
[3487178] Could not find attributes for mario mitaj (Athlitiki Enosi Konstantinoupoleos, 2020)
[3487178] Failed to build match row: Athlitiki Enosi Konstantinoupoleos vs Volou Neos Podosferikos Syllogos
[4312025] Failed to scrape lineup: https://www.transfermarkt.co.uk/spielbericht/index/spielbericht/4312025
[4089243] Could not find attributes for alex harris (Penybont FC, 2023)
[4089243] Failed to build match row: Penybont FC vs FC Santa Coloma

Keepers & outfield error for **Panathinaikos Athlitikos Omilos** in Panathinaikos Athlitikos Omilos vs A.G.S Asteras Tripolis: Numbers: 2 and 9.
[3487179] Failed to build match row: Panathinaikos Athlitikos Omilos vs A.G.S Asteras Tripolis

Keepers & outfield error for **San Jose Earthquakes** in San Jose Earthquakes vs Seattle Sounders FC: Numbers: 0 and 11.
[4802952] Failed to build match row: San Jose Earthquakes vs Seattle Sounders FC
[4089244] Could not find attributes for tomas svedkauskas (FC Hegelmann, 2023)
[4089244] Failed to build match row: FC Hegelmann vs FC Shkupi
[4483496] Could not find attributes for callum donaldson (Musselburgh Athletic FC, 2024)
[4483496] Failed to build match row: Musselburgh Athletic FC vs Bo'ness United FC
[4089245] Could not find attributes for didier desprez (F91 Dudelange, 2023)
[4089245] Failed to build match row: F91 Dudelange vs St. Patrick's Athletic

Keepers & outfield error for **SC Farense** in SC Farense vs Clube Desportivo de Tondela: Numbers: 0 and 11.
[4192918] Failed to build match row: SC Farense vs Clube Desportivo de Tondela
[4483497] Could not find attributes for stuart mckenzie (Peterhead FC, 2024)
[4483497] Failed to build match row: Peterhead FC vs Montrose FC
[3580285] Could not find attributes for sten grytebust (Vejle Boldklub, 2021)
[3580285] Failed to build match row: Vejle Boldklub vs Fodbold Club Midtjylland
[4716090] Could not find attributes for kevin prince milla (AC Sparta Praha, a. s., 2025)
[4716090] Failed to build match row: AC Sparta Praha, a. s. vs RKS Raków Częstochowa SA
[3677113] Could not find attributes for konstantinos theodoropoulos (Athlitiki Enosi Larisas, 2021)
[3677113] Failed to build match row: Athlitiki Enosi Larisas vs PAS Giannina
[3487180] Could not find attributes for christopher knett (Panetolikos Agrinio, 2020)
[3487180] Failed to build match row: Panetolikos Agrinio vs Omilos Filathlon Irakliou FC
[4483498] Could not find attributes for will tizzard (Queen's Park FC, 2024)
[4483498] Failed to build match row: Queen's Park FC vs Partick Thistle FC
[3677114] Could not find attributes for nestoras gekas (Anagennisi Karditsa, 2021)
[3677114] Failed to build match row: Anagennisi Karditsa vs Athens Kallithea
[3487181] Could not find attributes for gergely nagy (Athlitiki Enosi Larisas, 2020)
[3487181] Failed to build match row: Athlitiki Enosi Larisas vs Panthessalonikios Athlitikos Omilos Konstantinoupoliton
[3828412] Could not find attributes for paulinho (Fodbold Club Midtjylland, 2022)
[3828412] Failed to build match row: Fodbold Club Midtjylland vs Randers Fodbold Club
[3677115] Could not find attributes for aristidis vlachos (PAS Acheron Kanalakiou, 2021)
[3677115] Failed to build match row: PAS Acheron Kanalakiou vs Omilos Filathlon Irakliou FC
[3487182] Could not find attributes for lefteris choutesiotis (PAS Giannina, 2020)
[3487182] Failed to build match row: PAS Giannina vs Apollon Smyrnis
[4802954] Could not find attributes for philippe ndinga (Philadelphia Union, 2025)
[4802954] Failed to build match row: Philadelphia Union vs Chicago Fire Soccer Club
[4089246] Failed to scrape lineup: https://www.transfermarkt.co.uk/spielbericht/index/spielbericht/4089246
Not enough players found for lineup: 0, 0.
[3677117] Failed to scrape lineup: https://www.transfermarkt.co.uk/spielbericht/index/spielbericht/3677117
[4192919] Failed to scrape lineup: https://www.transfermarkt.co.uk/spielbericht/index/spielbericht/4192919
[3962999] Could not find attributes for philip tear (Clube Desportivo de Tondela, 2022)
[3962999] Failed to build match row: Clube Desportivo de Tondela vs Grupo Desportivo Estoril Praia
[4312027] Failed to scrape lineup: https://www.transfermarkt.co.uk/spielbericht/index/spielbericht/4312027
[4483499] Could not find attributes for mark russell (Stranraer FC, 2024)
[4483499] Failed to build match row: Stranraer FC vs Broxburn Athletic FC
[3580286] Failed to scrape lineup: https://www.transfermarkt.co.uk/viborg-ff_sonderjyske/index/spielbericht/3580286
[4192924] Could not find attributes for witi (Clube Desportivo Nacional, 2023)
[4192924] Failed to build match row: Clube Desportivo Nacional vs Sporting Clube de Braga
[4716091] Failed to scrape lineup: https://www.transfermarkt.co.uk/spielbericht/index/spielbericht/4716091

Keepers & outfield error for **Gzira United FC** in Gzira United FC vs Glentoran FC: Numbers: 2 and 9.
[4089247] Failed to build match row: Gzira United FC vs Glentoran FC
[3682305] Could not find attributes for sean mccarthy (Rothes FC, 2021)
[3682305] Failed to build match row: Rothes FC vs Dalbeattie Star FC
[3828413] Failed to scrape lineup: https://www.transfermarkt.co.uk/viborg-ff_aalborg-bk/index/spielbericht/3828413

Keepers & outfield error for **Sporting Clube de Braga** in Sport Lisboa e Benfica vs Sporting Clube de Braga: Numbers: 0 and 11.
[4484497] Failed to build match row: Sport Lisboa e Benfica vs Sporting Clube de Braga
[3487183] Failed to scrape lineup: https://www.transfermarkt.co.uk/olympiacos-piraeus_aek-athens/index/spielbericht/3487183
[4802955] Failed to scrape lineup: https://www.transfermarkt.co.uk/nashville-sc_orlando-city-sc/index/spielbericht/4802955
[4089248] Could not find attributes for aldo simoncini (SS Cosmos, 2023)
[4089248] Failed to build match row: SS Cosmos vs FK Sutjeska Niksic
[4802956] Could not find attributes for morrison agyemang (Charlotte Football Club, 2025)
[4802956] Failed to build match row: Charlotte Football Club vs Red Bull New York
[4753832] Could not find attributes for tommy reid (Sutton United, 2025)
[4753832] Failed to build match row: Sutton United vs AFC Telford United
[3963000] Failed to scrape lineup: https://www.transfermarkt.co.uk/spielbericht/index/spielbericht/3963000
[4716092] Failed to scrape lineup: https://www.transfermarkt.co.uk/spielbericht/index/spielbericht/4716092
[4192925] Failed to scrape lineup: https://www.transfermarkt.co.uk/spielbericht/index/spielbericht/4192925
[3682306] Failed to scrape lineup: https://www.transfermarkt.co.uk/spielbericht/index/spielbericht/3682306
[4802957] Could not find attributes for keisuke kurokawa (D.C. United, 2025)
[4802957] Failed to build match row: Atlanta United Football Club vs D.C. United
[4484498] Failed to scrape lineup: https://www.transfermarkt.co.uk/spielbericht/index/spielbericht/4484498
[4192926] Could not find attributes for yaya sithole (Clube Desportivo de Tondela, 2023)
[4192926] Failed to build match row: Clube Desportivo de Tondela vs Sporting Clube de Portugal
[3580288] Failed to scrape lineup: https://www.transfermarkt.co.uk/fc-copenhagen_odense-boldklub/index/spielbericht/3580288

Keepers & outfield error for **Tranmere Rovers** in Tranmere Rovers vs Stockport County: Numbers: 0 and 11.
[4753833] Failed to build match row: Tranmere Rovers vs Stockport County
[3487184] Failed to scrape lineup: https://www.transfermarkt.co.uk/volos-nps_atromitos-athens/index/spielbericht/3487184
[4716093] Could not find attributes for ognjen cancarevic (FC Noah Yerevan, 2025)
[4716093] Failed to build match row: Futbolniy Klub Dynamo Kyiv vs FC Noah Yerevan
[4192927] Could not find attributes for danny namaso (Futebol Clube do Porto, 2023)
[4192927] Failed to build match row: Futebol Clube do Porto vs Leixões SC
[4089249] Failed to scrape lineup: https://www.transfermarkt.co.uk/spielbericht/index/spielbericht/4089249
[3963001] Failed to scrape lineup: https://www.transfermarkt.co.uk/spielbericht/index/spielbericht/3963001
[4312042] Failed to scrape lineup: https://www.transfermarkt.co.uk/spielbericht/index/spielbericht/4312042
[4089250] Could not find attributes for jaylan hankins (FC Bruno's Magpies, 2023)
[4089250] Failed to build match row: Dundalk FC vs FC Bruno's Magpies
[4753834] Could not find attributes for dante baptiste (Wealdstone FC, 2025)
[4753834] Failed to build match row: Wealdstone FC vs Southend United

Keepers & outfield error for **Vitória Sport Clube** in Vitória Sport Clube vs Clube Desportivo de Tondela: Numbers: 0 and 11.
[4192928] Failed to build match row: Vitória Sport Clube vs Clube Desportivo de Tondela
[3828416] Failed to scrape lineup: https://www.transfermarkt.co.uk/brondby-if_aarhus-gf/index/spielbericht/3828416
[3580289] Failed to scrape lineup: https://www.transfermarkt.co.uk/fc-nordsjaelland_brondby-if/index/spielbericht/3580289
[3487185] Failed to scrape lineup: https://www.transfermarkt.co.uk/pas-lamia-1964_aris-thessaloniki/index/spielbericht/3487185
[4716094] Failed to scrape lineup: https://www.transfermarkt.co.uk/spielbericht/index/spielbericht/4716094
[4089251] Could not find attributes for oscar borg (Haverfordwest County, 2023)
[4089251] Failed to build match row: Haverfordwest County vs Shkendija Tetovo
[4802959] Could not find attributes for dor turgeman (New England Revolution, 2025)
[4802959] Failed to build match row: St. Louis City Soccer Club vs New England Revolution

Keepers & outfield error for **Eintracht Frankfurt Fußball AG** in RasenBallsport Leipzig vs Eintracht Frankfurt Fußball AG: Numbers: 2 and 9.
[4485934] Failed to build match row: RasenBallsport Leipzig vs Eintracht Frankfurt Fußball AG
[4716095] Could not find attributes for dean benamar (Crystal Palace Football Club, 2025)
[4716095] Failed to build match row: Crystal Palace Football Club vs Kuopion Palloseura
[4753835] Could not find attributes for luke coulson (Weston-super-Mare AFC, 2025)
[4753835] Failed to build match row: Weston-super-Mare AFC vs Aldershot Town
[4802961] Failed to scrape lineup: https://www.transfermarkt.co.uk/austin-fc_los-angeles-fc/index/spielbericht/4802961
[4192977] Failed to scrape lineup: https://www.transfermarkt.co.uk/spielbericht/index/spielbericht/4192977
[3580291] Could not find attributes for maxime soulas (Sønderjyske Fodbold, 2021)
[3580291] Failed to build match row: Sønderjyske Fodbold vs Aarhus Gymnastik Forening
[4485935] Could not find attributes for alexis claude maurice (Fußball-Club Augsburg 1907, 2024)
[4485935] Failed to build match row: Karlsruher SC vs Fußball-Club Augsburg 1907
[3487485] Could not find attributes for asier ugarte (Anaitasuna FT, 2020)
[3487485] Failed to build match row: Anaitasuna FT vs Getafe Club de Fútbol S. A. D. Team Dubai
[4716096] Could not find attributes for zlatan alomerovic (AEK Larnaca, 2025)
[4716096] Failed to build match row: Crystal Palace Football Club vs AEK Larnaca
[4089252] Failed to scrape lineup: https://www.transfermarkt.co.uk/spielbericht/index/spielbericht/4089252
[4312045] Failed to scrape lineup: https://www.transfermarkt.co.uk/spielbericht/index/spielbericht/4312045
[4753836] Could not find attributes for michael johnson (Hemel Hempstead Town, 2025)
[4753836] Failed to build match row: Wigan Athletic vs Hemel Hempstead Town
[4192978] Could not find attributes for oleg smirnov (Volgar Astrakhan, 2023)
[4192978] Failed to build match row: Volgar Astrakhan vs Enisey Krasnoyarsk
[4802962] Could not find attributes for antonio carlos (Houston Dynamo, 2025)
[4802962] Failed to build match row: FC Dallas vs Houston Dynamo
[4192979] Could not find attributes for sergey eshchenko (Neftekhimik Nizhnekamsk, 2023)
[4192979] Failed to build match row: Neftekhimik Nizhnekamsk vs Forte Taganrog
[4485936] Failed to scrape lineup: https://www.transfermarkt.co.uk/spielbericht/index/spielbericht/4485936
[3828421] Failed to scrape lineup: https://www.transfermarkt.co.uk/brondby-if_fc-nordsjaelland/index/spielbericht/3828421
[4192980] Could not find attributes for vladimir sugrobov (SKA Khabarovsk, 2023)
[4192980] Failed to build match row: SKA Khabarovsk vs Amkar Perm
[4802963] Failed to scrape lineup: https://www.transfermarkt.co.uk/vancouver-whitecaps-fc_san-jose-earthquakes/index/spielbericht/4802963
[4716099] Failed to scrape lineup: https://www.transfermarkt.co.uk/spielbericht/index/spielbericht/4716099
[4192981] Could not find attributes for danil beltyukov (Dinamo Vladivostok, 2023)
[4192981] Failed to build match row: Dinamo Vladivostok vs Rotor Volgograd
[4753837] Could not find attributes for mathias ross (Plymouth Argyle, 2025)
[4753837] Failed to build match row: Wycombe Wanderers vs Plymouth Argyle
[4485937] Failed to scrape lineup: https://www.transfermarkt.co.uk/spielbericht/index/spielbericht/4485937
[4802964] Could not find attributes for micael (Club Internacional de Fútbol Miami, 2025)
[4802964] Failed to build match row: New York City Football Club vs Club Internacional de Fútbol Miami
[4312046] Could not find attributes for emran soglo (Olympique de Marseille, 2023)
[4312046] Failed to build match row: Olympique de Marseille vs Sport Lisboa e Benfica
[4089253] Could not find attributes for momcilo raso (Balzan FC, 2023)
[4089253] Failed to build match row: Balzan FC vs NK Domzale
[4485939] Could not find attributes for tiago tomas (Verein für Leibesübungen Wolfsburg, 2024)
[4485939] Failed to build match row: Verein für Leibesübungen Wolfsburg vs Turn- und Sportgemeinschaft 1899 Hoffenheim Fußball-Spielbetriebs
[4192982] Could not find attributes for david sangare (Akron Togliatti, 2023)
[4192982] Failed to build match row: Akron Togliatti vs Shinnik Yaroslavl
[4753838] Could not find attributes for jonny maxted (Brackley Town, 2025)
[4753838] Failed to build match row: Brackley Town vs Notts County

Keepers & outfield error for **Aalborg BK** in Aalborg BK vs Football Club København: Numbers: 3 and 8.
[3828422] Failed to build match row: Aalborg BK vs Football Club København
[4089254] Could not find attributes for fedor lapoukhov (Dinamo Minsk, 2023)
[4089254] Failed to build match row: Dinamo Minsk vs FK Zeljeznicar Sarajevo
[4802966] Failed to scrape lineup: https://www.transfermarkt.co.uk/portland-timbers_los-angeles-galaxy/index/spielbericht/4802966
[4192983] Could not find attributes for mikhail levashov (Arsenal Tula, 2023)
[4192983] Failed to build match row: Arsenal Tula vs Rodina Moscow

Keepers & outfield error for **Vejle Boldklub** in Silkeborg Idrætsforening vs Vejle Boldklub: Numbers: 2 and 9.
[3580292] Failed to build match row: Silkeborg Idrætsforening vs Vejle Boldklub
[4312073] Could not find attributes for abdul rahman baba (Panthessalonikios Athlitikos Omilos Konstantinoupoliton, 2023)
[4312073] Failed to build match row: Club Brugge Koninklijke Voetbalvereniging vs Panthessalonikios Athlitikos Omilos Konstantinoupoliton
[4716101] Could not find attributes for jorgo pellumbi (FC Drita, 2025)
[4716101] Failed to build match row: Rayo Vallecano de Madrid S. A. D. vs FC Drita
[4802967] Could not find attributes for griffin dillon (Real Salt Lake, 2025)
[4802967] Failed to build match row: San Diego Football Club vs Real Salt Lake
[4802968] Failed to scrape lineup: https://www.transfermarkt.co.uk/toronto-fc_colorado-rapids/index/spielbericht/4802968
[4486280] Could not find attributes for stan van bladeren (VV Katwijk, 2024)
[4486280] Failed to build match row: VV Katwijk vs Football Club Twente
[3580313] Could not find attributes for maxime soulas (Sønderjyske Fodbold, 2021)
[3580313] Failed to build match row: Brøndby Idrætsforening vs Sønderjyske Fodbold
[4312074] Could not find attributes for panagiotis retsos (Olympiakos Syndesmos Filathlon Peiraios, 2023)
[4312074] Failed to build match row: Olympiakos Syndesmos Filathlon Peiraios vs Fenerbahçe Spor Kulübü
[4089255] Failed to scrape lineup: https://www.transfermarkt.co.uk/spielbericht/index/spielbericht/4089255
[4486281] Could not find attributes for ronald koeman jr  (Sportclub Telstar, 2024)
[4486281] Failed to build match row: AFC Ajax Amsterdam vs Sportclub Telstar

Keepers & outfield error for **Aston Villa Football Club** in Aston Villa Football Club vs Lille Olympique Sporting Club: Numbers: 0 and 11.
[4312075] Failed to build match row: Aston Villa Football Club vs Lille Olympique Sporting Club
[4802969] Failed to build match row: New England Revolution vs Club de Foot Montréal

Keepers & outfield error for **Aalborg BK** in Aalborg BK vs AC Horsens: Numbers: 2 and 9.
[3828425] Failed to build match row: Aalborg BK vs AC Horsens
[4312079] Could not find attributes for nabil bentaleb (Lille Olympique Sporting Club, 2023)
[4312079] Failed to build match row: Lille Olympique Sporting Club vs Aston Villa Football Club
[4802970] Could not find attributes for sergi solans (Real Salt Lake, 2025)
[4802970] Failed to build match row: Real Salt Lake vs Sporting Kansas City
[4089256] Could not find attributes for jarlath orourke (Crusaders FC, 2023)
[4089256] Failed to build match row: Crusaders FC vs FC Haka
[4802971] Could not find attributes for micael (Club Internacional de Fútbol Miami, 2025)
[4802971] Failed to build match row: Club Internacional de Fútbol Miami vs Austin FC
[4716102] Could not find attributes for baboucarr gaye (Shkendija Tetovo, 2025)
[4716102] Failed to build match row: Rayo Vallecano de Madrid S. A. D. vs Shkendija Tetovo
[4802972] Could not find attributes for morrison agyemang (Charlotte Football Club, 2025)
[4802972] Failed to build match row: Charlotte Football Club vs Philadelphia Union
[4486282] Could not find attributes for sam van veen (ASWH Ambacht, 2024)
[4486282] Failed to build match row: ASWH Ambacht vs Sportclub Heerenveen
[4089257] Could not find attributes for emil timbur (FC Milsami Orhei, 2023)
[4089257] Failed to build match row: FC Milsami Orhei vs FK Panevezys
[4716103] Could not find attributes for isaque (FC Shakhtar Donetsk, 2025)
[4716103] Failed to build match row: Shamrock Rovers vs FC Shakhtar Donetsk
[3580315] Failed to scrape lineup: https://www.transfermarkt.co.uk/odense-boldklub_fc-midtjylland/index/spielbericht/3580315
[4312080] Failed to scrape lineup: https://www.transfermarkt.co.uk/spielbericht/index/spielbericht/4312080
[4192984] Could not find attributes for mikhail filippov (Chernomorets Novorossijsk, 2023)
[4192984] Failed to build match row: Chernomorets Novorossijsk vs KamAZ Naberezhnye Chelny
[4753839] Could not find attributes for dillon morse (South Shields FC, 2025)
[4753839] Failed to build match row: South Shields FC vs Shrewsbury Town
[4486283] Could not find attributes for jorn brondeel (FC Eindhoven, 2024)
[4486283] Failed to build match row: FC Eindhoven vs Excelsior Rotterdam

Keepers & outfield error for **Vejle Boldklub** in Vejle Boldklub vs Aarhus Gymnastik Forening: Numbers: 2 and 9.
[3580317] Failed to build match row: Vejle Boldklub vs Aarhus Gymnastik Forening
[4312081] Could not find attributes for andreas ntoi (Olympiakos Syndesmos Filathlon Peiraios, 2023)
[4312081] Failed to build match row: Fenerbahçe Spor Kulübü vs Olympiakos Syndesmos Filathlon Peiraios
[4089258] Could not find attributes for egzon sinani (SC Gjilani, 2023)
[4089258] Failed to build match row: SC Gjilani vs FC Progrès Niederkorn
[4802975] Could not find attributes for keisuke kurokawa (D.C. United, 2025)
[4802975] Failed to build match row: D.C. United vs FC Dallas
[4486284] Could not find attributes for Jauke Beekhuis (VV Eemdijk, 2024)
[4486284] Failed to build match row: VV Eemdijk vs BVV Barendrecht
[4313193] Could not find attributes for djordje petrovic (Chelsea Football Club, 2023)
[4313193] Failed to build match row: Manchester City Football Club vs Chelsea Football Club
[3580318] Could not find attributes for roony bardghji (Football Club København, 2021)
[3580318] Failed to build match row: Viborg Fodsports Forening vs Football Club København
[4802976] Could not find attributes for adri mehmeti (Red Bull New York, 2025)
[4802976] Failed to build match row: Red Bull New York vs Football Club Cincinnati
[4802977] Could not find attributes for antonio carlos (Houston Dynamo, 2025)
[4802977] Failed to build match row: Houston Dynamo vs Seattle Sounders FC
[4194141] Could not find attributes for tom kretzschmar (FC 08 Homburg, 2023)
[4194141] Failed to build match row: FC 08 Homburg vs SpVgg Greuther Fürth
[4486285] Could not find attributes for silvester van der water (RKC Waalwijk, 2024)
[4486285] Failed to build match row: RKC Waalwijk vs SC Cambuur Leeuwarden
[4716104] Failed to scrape lineup: https://www.transfermarkt.co.uk/spielbericht/index/spielbericht/4716104
[3828431] Could not find attributes for paulinho (Fodbold Club Midtjylland, 2022)
[3828431] Failed to build match row: Lyngby Boldklub vs Fodbold Club Midtjylland
[4753840] Could not find attributes for temi eweka (Eastleigh FC, 2025)
[4802978] Could not find attributes for mbekezeli mbokazi (Chicago Fire Soccer Club, 2025)
[4753840] Failed to build match row: Eastleigh FC vs Walsall FC
[4802978] Failed to build match row: Chicago Fire Soccer Club vs Nashville SC
[3580321] Could not find attributes for roony bardghji (Football Club København, 2021)
[3580321] Failed to build match row: Football Club København vs Randers Fodbold Club
[4753841] Could not find attributes for marvin johnson (Port Vale FC, 2025)
[4753841] Failed to build match row: Port Vale FC vs Maldon & Tiptree FC
[4089259] Could not find attributes for bjarti mork (HB Tórshavn, 2023)
[4089259] Failed to build match row: Derry City vs HB Tórshavn
[4194144] Could not find attributes for amine naifi (1.FC Saarbrücken, 2023)
[4194144] Failed to build match row: 1.FC Saarbrücken vs FC Bayern München
[3828432] Failed to scrape lineup: https://www.transfermarkt.co.uk/fc-copenhagen_brondby-if/index/spielbericht/3828432
[4802979] Failed to scrape lineup: https://www.transfermarkt.co.uk/los-angeles-fc_orlando-city-sc/index/spielbericht/4802979
[4753842] Failed to scrape lineup: https://www.transfermarkt.co.uk/spielbericht/index/spielbericht/4753842
[4089260] Failed to scrape lineup: https://www.transfermarkt.co.uk/spielbericht/index/spielbericht/4089260
[4486286] Failed to scrape lineup: https://www.transfermarkt.co.uk/spielbericht/index/spielbericht/4486286

Keepers & outfield error for **Aalborg BK** in Silkeborg Idrætsforening vs Aalborg BK: Numbers: 2 and 9.
[3828434] Failed to build match row: Silkeborg Idrætsforening vs Aalborg BK
[4194146] Failed to scrape lineup: https://www.transfermarkt.co.uk/spielbericht/index/spielbericht/4194146
[4486287] Could not find attributes for Lars Jansen (Quick Boys, 2024)
[4486287] Failed to build match row: Quick Boys vs Fortuna Sittardia Combinatie
[4089261] Could not find attributes for alen sherri (KF Egnatia, 2023)
[4089261] Failed to build match row: KF Egnatia vs FC Ararat-Armenia
[3828435] Failed to scrape lineup: https://www.transfermarkt.co.uk/randers-fc_ac-horsens/index/spielbericht/3828435
[4753871] Could not find attributes for haydn hollis (Tamworth FC, 2025)
[4753871] Failed to build match row: Tamworth FC vs Leyton Orient
[4194147] Could not find attributes for tim kleindienst (1. Fußballclub Heidenheim 1846, 2023)
[4194147] Failed to build match row: Mönchengladbach vs 1. Fußballclub Heidenheim 1846
[4194148] Failed to scrape lineup: https://www.transfermarkt.co.uk/spielbericht/index/spielbericht/4194148
[3828436] Could not find attributes for oscar schwartau (Brøndby Idrætsforening, 2022)
[3828436] Failed to build match row: Brøndby Idrætsforening vs Odense Boldklub
[4486288] Could not find attributes for suf podgoreanu (Heracles Almelo, 2024)
[4486288] Failed to build match row: Heracles Almelo vs Nijmegen Eendracht Combinatie
[4757408] Could not find attributes for gio clarke (Annan Athletic FC, 2025)
[4757408] Failed to build match row: Annan Athletic FC vs Buckie Thistle FC
[4486289] Failed to scrape lineup: https://www.transfermarkt.co.uk/spielbericht/index/spielbericht/4486289
[4757409] Failed to scrape lineup: https://www.transfermarkt.co.uk/spielbericht/index/spielbericht/4757409
[4089262] Could not find attributes for marcel zapytowski (Birkirkara FC, 2023)
[4089262] Failed to build match row: Birkirkara FC vs NK Maribor
[4486290] Failed to scrape lineup: https://www.transfermarkt.co.uk/spielbericht/index/spielbericht/4486290

Keepers & outfield error for **Aalborg BK** in Aalborg BK vs Fodbold Club Nordsjælland: Numbers: 3 and 8.
[3828439] Failed to build match row: Aalborg BK vs Fodbold Club Nordsjælland
[3828440] Failed to scrape lineup: https://www.transfermarkt.co.uk/ac-horsens_fc-midtjylland/index/spielbericht/3828440
[4757410] Could not find attributes for daniel hoban (Banks O' Dee FC, 2025)
[4757410] Failed to build match row: Banks O' Dee FC vs Ross County FC
[3580322] Failed to scrape lineup: https://www.transfermarkt.co.uk/aalborg-bk_vejle-boldklub/index/spielbericht/3580322
[4486291] Could not find attributes for romero antonioli (VV Noordwijk, 2024)
[4486291] Failed to build match row: VV Noordwijk vs Willem II Tilburg
[3580323] Could not find attributes for maxime soulas (Sønderjyske Fodbold, 2021)
[3580323] Failed to build match row: Sønderjyske Fodbold vs Odense Boldklub
[4089263] Could not find attributes for kristi qarri (KF Vllaznia, 2023)
[4089263] Failed to build match row: KF Vllaznia vs Linfield FC
[3580324] Failed to scrape lineup: https://www.transfermarkt.co.uk/silkeborg-if_brondby-if/index/spielbericht/3580324
[4802980] Failed to scrape lineup: https://www.transfermarkt.co.uk/san-jose-earthquakes_san-diego-fc/index/spielbericht/4802980
[4486293] Could not find attributes for romain matthys (MVV Maastricht, 2024)
[4486293] Failed to build match row: MVV Maastricht vs Feyenoord Rotterdam

Keepers & outfield error for **Aalborg BK** in Aalborg BK vs Brøndby Idrætsforening: Numbers: 3 and 8.
[3828442] Failed to build match row: Aalborg BK vs Brøndby Idrætsforening
[4757411] Could not find attributes for danny dobbie (Bonnyrigg Rose FC, 2025)
[4757411] Failed to build match row: Bonnyrigg Rose FC vs The Spartans FC
[4089264] Could not find attributes for ingvar jonsson (Víkingur Reykjavík, 2023)
[4089264] Failed to build match row: Víkingur Reykjavík vs Riga FC
[4802981] Could not find attributes for thomas muller (Vancouver Whitecaps FC, 2025)
[4802981] Failed to build match row: Vancouver Whitecaps FC vs Portland Timbers
[4757412] Could not find attributes for shay kelly (Dumbarton FC, 2025)
[4757412] Failed to build match row: Dumbarton FC vs Auchinleck Talbot FC
[3580325] Could not find attributes for jack wilshere (Aarhus Gymnastik Forening, 2021)
[3580325] Failed to build match row: Brøndby Idrætsforening vs Aarhus Gymnastik Forening
[4486294] Could not find attributes for sven ederveen (AFC Amsterdam, 2024)
[4486294] Failed to build match row: AFC Amsterdam vs Football Club Utrecht
[4089265] Could not find attributes for yevgeniy kucherenko (FC Dila Gori, 2023)
[4089265] Failed to build match row: FC Dila Gori vs DAC Dunajska Streda
[3580326] Could not find attributes for roony bardghji (Football Club København, 2021)
[3580326] Failed to build match row: Fodbold Club Midtjylland vs Football Club København
[4318072] Failed to scrape lineup: https://www.transfermarkt.co.uk/spielbericht/index/spielbericht/4318072
[4757413] Failed to scrape lineup: https://www.transfermarkt.co.uk/spielbericht/index/spielbericht/4757413
[4802983] Failed to scrape lineup: https://www.transfermarkt.co.uk/toronto-fc_fc-cincinnati/index/spielbericht/4802983
[4486297] Could not find attributes for metinho (Sparta Rotterdam, 2024)
[4486297] Failed to build match row: Sparta Rotterdam vs Go Ahead Eagles
[4757414] Could not find attributes for tom ritchie (Elgin City FC, 2025)
[4757414] Failed to build match row: Elgin City FC vs Stirling Albion FC
[3580327] Could not find attributes for mihajlo ivancevic (Odense Boldklub, 2021)
[3580327] Failed to build match row: Odense Boldklub vs Aalborg BK
[4089266] Could not find attributes for muhamed sahinovic (FK Sarajevo, 2023)
[4089266] Failed to build match row: FK Sarajevo vs Torpedo Kutaisi
[3828443] Could not find attributes for tonni adamsen (Silkeborg Idrætsforening, 2022)
[3828443] Failed to build match row: Fodbold Club Nordsjælland vs Silkeborg Idrætsforening
[4486784] Failed to scrape lineup: https://www.transfermarkt.co.uk/spielbericht/index/spielbericht/4486784
[3580328] Could not find attributes for maxime soulas (Sønderjyske Fodbold, 2021)
[3580328] Failed to build match row: Fodbold Club Nordsjælland vs Sønderjyske Fodbold
[4757415] Could not find attributes for neil stafford (Forfar Athletic FC, 2025)
[4757415] Failed to build match row: Forfar Athletic FC vs Partick Thistle FC
[3580329] Failed to scrape lineup: https://www.transfermarkt.co.uk/viborg-ff_vejle-boldklub/index/spielbericht/3580329

Keepers & outfield error for **Brazil** in Brazil vs Costa Rica: Numbers: 2 and 9.
[4318243] Failed to build match row: Brazil vs Costa Rica
[4757416] Could not find attributes for greg skinner (Linlithgow Rose FC, 2025)
[4757416] Failed to build match row: Linlithgow Rose FC vs Queen's Park FC
[4802985] Could not find attributes for jude terry (Los Angeles Football Club, 2025)
[4802985] Failed to build match row: Portland Timbers vs Los Angeles Football Club
[4319251] Failed to scrape lineup: https://www.transfermarkt.co.uk/spielbericht/index/spielbericht/4319251
[3580335] Failed to scrape lineup: https://www.transfermarkt.co.uk/aarhus-gf_viborg-ff/index/spielbericht/3580335
[4486786] Failed to scrape lineup: https://www.transfermarkt.co.uk/spielbericht/index/spielbericht/4486786
[4802986] Could not find attributes for thomas muller (Vancouver Whitecaps FC, 2025)
[4802986] Failed to build match row: Vancouver Whitecaps FC vs New York City Football Club
[4486787] Failed to scrape lineup: https://www.transfermarkt.co.uk/spielbericht/index/spielbericht/4486787
[4802987] Failed to scrape lineup: https://www.transfermarkt.co.uk/inter-miami-cf_red-bull-new-york/index/spielbericht/4802987
[4757417] Could not find attributes for scot rough (Stranraer FC, 2025)
[4757417] Failed to build match row: Stranraer FC vs Clydebank FC
[3828444] Failed to scrape lineup: https://www.transfermarkt.co.uk/randers-fc_viborg-ff/index/spielbericht/3828444
[4757434] Failed to scrape lineup: https://www.transfermarkt.co.uk/spielbericht/index/spielbericht/4757434
[4802988] Could not find attributes for dor turgeman (New England Revolution, 2025)
[4802988] Failed to build match row: New England Revolution vs D.C. United
[3828445] Failed to scrape lineup: https://www.transfermarkt.co.uk/fc-midtjylland_aarhus-gf/index/spielbericht/3828445
[4486788] Could not find attributes for kelechi nwakali (Barnsley FC, 2024)
[4486788] Failed to build match row: Barnsley FC vs Bristol Rovers
[3828446] Failed to scrape lineup: https://www.transfermarkt.co.uk/lyngby-bk_fc-copenhagen/index/spielbericht/3828446

Keepers & outfield error for **Philadelphia Union** in Club de Foot Montréal vs Philadelphia Union: Numbers: 0 and 11.
[4802989] Failed to build match row: Club de Foot Montréal vs Philadelphia Union
[4757435] Could not find attributes for jamie waddell (Benburb FC, 2025)
[4757435] Failed to build match row: Benburb FC vs Montrose FC
[3828447] Failed to scrape lineup: https://www.transfermarkt.co.uk/odense-boldklub_ac-horsens/index/spielbericht/3828447
[4486789] Failed to scrape lineup: https://www.transfermarkt.co.uk/spielbericht/index/spielbericht/4486789
[3580338] Could not find attributes for miiko albornoz (Vejle Boldklub, 2021)
[3580338] Failed to build match row: Vejle Boldklub vs Odense Boldklub
[4089267] Failed to scrape lineup: https://www.transfermarkt.co.uk/spielbericht/index/spielbericht/4089267
[4319252] Failed to scrape lineup: https://www.transfermarkt.co.uk/spielbericht/index/spielbericht/4319252
[4802990] Could not find attributes for morrison agyemang (Charlotte Football Club, 2025)
[4802990] Failed to build match row: Charlotte Football Club vs Nashville SC
[3580339] Could not find attributes for maxime soulas (Sønderjyske Fodbold, 2021)
[3580339] Failed to build match row: Sønderjyske Fodbold vs Randers Fodbold Club
[4802991] Failed to scrape lineup: https://www.transfermarkt.co.uk/fc-dallas_st-louis-city-sc/index/spielbericht/4802991
[4089268] Could not find attributes for andy firth (Connah's Quay Nomads, 2023)
[4089268] Failed to build match row: Connah's Quay Nomads vs KA Akureyri
[4323506] Could not find attributes for filip kaloc (1.FC Kaiserslautern, 2023)
[4323506] Failed to build match row: 1.FC Kaiserslautern vs Bayer 04 Leverkusen Fußball
[4757436] Failed to scrape lineup: https://www.transfermarkt.co.uk/spielbericht/index/spielbericht/4757436
[4486790] Failed to scrape lineup: https://www.transfermarkt.co.uk/spielbericht/index/spielbericht/4486790
[4802992] Failed to scrape lineup: https://www.transfermarkt.co.uk/chicago-fire-fc_atlanta-united-fc/index/spielbericht/4802992
[3580340] Could not find attributes for marrony (Fodbold Club Midtjylland, 2021)
[3580340] Failed to build match row: Silkeborg Idrætsforening vs Fodbold Club Midtjylland
[4757437] Failed to scrape lineup: https://www.transfermarkt.co.uk/spielbericht/index/spielbericht/4757437
[3828448] Could not find attributes for paulinho (Fodbold Club Midtjylland, 2022)
[3828448] Failed to build match row: Brøndby Idrætsforening vs Fodbold Club Midtjylland
[4757438] Failed to scrape lineup: https://www.transfermarkt.co.uk/spielbericht/index/spielbericht/4757438
[3828449] Failed to scrape lineup: https://www.transfermarkt.co.uk/ac-horsens_aarhus-gf/index/spielbericht/3828449
[4089269] Could not find attributes for rasmus peetson (FCI Levadia, 2023)
[4089269] Failed to build match row: FCI Levadia vs MSK Zilina
[4757439] Could not find attributes for kyle gourlay (Kelty Hearts FC, 2025)
[4757439] Failed to build match row: Kelty Hearts FC vs Brechin City FC
[3828450] Could not find attributes for ulrik yttergard jenssen (Fodbold Club Nordsjælland, 2022)
[3828450] Failed to build match row: Fodbold Club Nordsjælland vs Football Club København
[4757440] Failed to scrape lineup: https://www.transfermarkt.co.uk/spielbericht/index/spielbericht/4757440

Keepers & outfield error for **San Jose Earthquakes** in Sporting Kansas City vs San Jose Earthquakes: Numbers: 0 and 11.
[4802993] Failed to build match row: Sporting Kansas City vs San Jose Earthquakes
[4089270] Could not find attributes for pavels steinbors (FC RFS, 2023)
[4089270] Failed to build match row: FC RFS vs Makedonija Gjorce Petrov

Keepers & outfield error for **Aalborg BK** in Randers Fodbold Club vs Aalborg BK: Numbers: 3 and 8.
[3828451] Failed to build match row: Randers Fodbold Club vs Aalborg BK
[4323825] Could not find attributes for pavlo isenko (Vorskla Poltava, 2023)
[4323825] Failed to build match row: Vorskla Poltava vs FC Shakhtar Donetsk
[4089271] Could not find attributes for kenan haxhihamza (KF Dukagjini, 2023)
[4089271] Failed to build match row: Europa FC vs KF Dukagjini
[4323826] Could not find attributes for andrey khodanovich (FC Orenburg, 2023)
[4323826] Failed to build match row: FC Orenburg vs FK Dinamo Moskva
[4802994] Could not find attributes for antonio carlos (Houston Dynamo, 2025)
[4802994] Failed to build match row: Colorado Rapids vs Houston Dynamo
[4323827] Could not find attributes for aleksey mamin (Ural Yekaterinburg, 2023)
[4323827] Failed to build match row: Ural Yekaterinburg vs FK Rostov
[4757441] Could not find attributes for flynn duffy (Peterhead FC, 2025)
[4757441] Failed to build match row: Peterhead FC vs Greenock Morton FC
[4089272] Could not find attributes for andriy markovych (FC Santa Coloma, 2023)
[4089272] Failed to build match row: FC Santa Coloma vs Penybont FC

Keepers & outfield error for **Raith Rovers FC** in Raith Rovers FC vs Alloa Athletic FC: Numbers: 2 and 9.
[4757442] Failed to build match row: Raith Rovers FC vs Alloa Athletic FC
[4802995] Failed to scrape lineup: https://www.transfermarkt.co.uk/san-diego-fc_minnesota-united-fc/index/spielbericht/4802995
[4089273] Could not find attributes for artan iljazi (FC Shkupi, 2023)
[4089273] Failed to build match row: FC Shkupi vs FC Hegelmann
[4089274] Could not find attributes for didier desprez (F91 Dudelange, 2023)
[4089274] Failed to build match row: St. Patrick's Athletic vs F91 Dudelange
[3828455] Failed to scrape lineup: https://www.transfermarkt.co.uk/fc-copenhagen_silkeborg-if/index/spielbericht/3828455
[4089275] Could not find attributes for ebrima jarju (Paide Linnameeskond, 2023)
[4089275] Failed to build match row: Paide Linnameeskond vs B36 Tórshavn
[4802998] Could not find attributes for thomas muller (Vancouver Whitecaps FC, 2025)
[4802998] Failed to build match row: Vancouver Whitecaps FC vs Sporting Kansas City
[4326995] Could not find attributes for pontus rodin (Silkeborg Idrætsforening, 2023)
[4326995] Failed to build match row: Silkeborg Idrætsforening vs Aarhus Gymnastik Forening
[4757443] Could not find attributes for nicky jamieson (Stenhousemuir FC, 2025)
[4757443] Failed to build match row: Stenhousemuir FC vs Clachnacuddin FC
[4486791] Could not find attributes for tola showunmi (Crawley Town, 2024)
[4486791] Failed to build match row: Crawley Town vs Lincoln City
[4802999] Failed to scrape lineup: https://www.transfermarkt.co.uk/toronto-fc_austin-fc/index/spielbericht/4802999
[4486792] Could not find attributes for haydn hollis (Tamworth FC, 2024)
[4486792] Failed to build match row: Burton Albion vs Tamworth FC
[3828456] Could not find attributes for franco tongya (Odense Boldklub, 2022)
[3828456] Failed to build match row: Odense Boldklub vs Viborg Fodsports Forening
[4329887] Failed to scrape lineup: https://www.transfermarkt.co.uk/spielbericht/index/spielbericht/4329887
[4089276] Could not find attributes for luke mccullough (Glentoran FC, 2023)
[4089276] Failed to build match row: Glentoran FC vs Gzira United FC
[4486793] Could not find attributes for odeluga offiah (Blackpool FC, 2024)
[4486793] Failed to build match row: Blackpool FC vs Birmingham City
[4803000] Could not find attributes for micael (Club Internacional de Fútbol Miami, 2025)
[4803000] Failed to build match row: Colorado Rapids vs Club Internacional de Fútbol Miami
[3828457] Could not find attributes for tochi chukwuani (Lyngby Boldklub, 2022)
[3828457] Failed to build match row: Lyngby Boldklub vs Randers Fodbold Club
[4758580] Could not find attributes for jordie van leeuwen (VV Capelle, 2025)
[4758580] Failed to build match row: VV Capelle vs Roda JC Kerkrade
[4803001] Could not find attributes for mbekezeli mbokazi (Chicago Fire Soccer Club, 2025)
[4803001] Failed to build match row: Football Club Cincinnati vs Chicago Fire Soccer Club
[4329888] Failed to scrape lineup: https://www.transfermarkt.co.uk/spielbericht/index/spielbericht/4329888
[4486794] Failed to scrape lineup: https://www.transfermarkt.co.uk/spielbericht/index/spielbericht/4486794
[4758976] Could not find attributes for nikolay sysuev (FC Orenburg, 2025)
[4758976] Failed to build match row: FC Orenburg vs FK Krasnodar
[4331063] Could not find attributes for vladislav torop (PFK CSKA Moskva, 2023)
[4331063] Failed to build match row: PFK CSKA Moskva vs AO FK Zenit Sankt-Peterburg
[4803002] Failed to scrape lineup: https://www.transfermarkt.co.uk/new-york-city-fc_charlotte-fc/index/spielbericht/4803002
[3828459] Failed to scrape lineup: https://www.transfermarkt.co.uk/fc-midtjylland_aalborg-bk/index/spielbericht/3828459
[4758977] Failed to scrape lineup: https://www.transfermarkt.co.uk/spielbericht/index/spielbericht/4758977
[4803003] Could not find attributes for noah streit (Club de Foot Montréal, 2025)
[4803003] Failed to build match row: Club de Foot Montréal vs Red Bull New York
[4331066] Failed to scrape lineup: https://www.transfermarkt.co.uk/spielbericht/index/spielbericht/4331066

Keepers & outfield error for **Notts County** in Peterborough United vs Notts County: Numbers: 2 and 9.
[4486795] Failed to build match row: Peterborough United vs Notts County
[4758978] Could not find attributes for evgeniy latyshonok (AO FK Zenit Sankt-Peterburg, 2025)
[4758978] Failed to build match row: AO FK Zenit Sankt-Peterburg vs FK Dinamo Moskva

Keepers & outfield error for **Philadelphia Union** in Philadelphia Union vs D.C. United: Numbers: 0 and 11.
[4803005] Failed to build match row: Philadelphia Union vs D.C. United
[3828460] Failed to scrape lineup: https://www.transfermarkt.co.uk/brondby-if_randers-fc/index/spielbericht/3828460
[4758979] Could not find attributes for ilya pomazun (FK Spartak Moskva, 2025)
[4758979] Failed to build match row: FK Spartak Moskva vs Футбольный клуб "Локомотив" Москва
[4803006] Could not find attributes for zakaria taifi (Orlando City Soccer Club, 2025)
[4803006] Failed to build match row: Orlando City Soccer Club vs Houston Dynamo

Keepers & outfield error for **Aalborg BK** in Aalborg BK vs Lyngby Boldklub: Numbers: 3 and 8.
[3828461] Failed to build match row: Aalborg BK vs Lyngby Boldklub
[4486796] Failed to scrape lineup: https://www.transfermarkt.co.uk/spielbericht/index/spielbericht/4486796
[4331178] Failed to scrape lineup: https://www.transfermarkt.co.uk/spielbericht/index/spielbericht/4331178

Keepers & outfield error for **Fodbold Club Midtjylland** in Fodbold Club Nordsjælland vs Fodbold Club Midtjylland: Numbers: 2 and 9.
[3828462] Failed to build match row: Fodbold Club Nordsjælland vs Fodbold Club Midtjylland
[4758980] Could not find attributes for ilya lantratov (Футбольный клуб "Локомотив" Москва, 2025)
[4758980] Failed to build match row: Футбольный клуб "Локомотив" Москва vs FK Spartak Moskva
[3828464] Could not find attributes for franco tongya (Odense Boldklub, 2022)
[3828464] Failed to build match row: Odense Boldklub vs Football Club København
[4758981] Could not find attributes for igor akinfeev (PFK CSKA Moskva, 2025)
[4758981] Failed to build match row: PFK CSKA Moskva vs Dinamo Makhachkala
[4486797] Could not find attributes for kallum cesay (Wealdstone FC, 2024)
[4486797] Failed to build match row: Wealdstone FC vs Wycombe Wanderers
[4758982] Failed to scrape lineup: https://www.transfermarkt.co.uk/spielbericht/index/spielbericht/4758982

Keepers & outfield error for **Olympique de Marseille** in Olympique de Marseille vs Atalanta Bergamasca Calcio S.p.a.: Numbers: 2 and 9.
[4331989] Failed to build match row: Olympique de Marseille vs Atalanta Bergamasca Calcio S.p.a.
[4758983] Could not find attributes for andrey lunev (FK Dinamo Moskva, 2025)
[4758983] Failed to build match row: FK Dinamo Moskva vs AO FK Zenit Sankt-Peterburg
[4331990] Failed to scrape lineup: https://www.transfermarkt.co.uk/spielbericht/index/spielbericht/4331990
[4760327] Could not find attributes for evgeniy zamerets (KamAZ Naberezhnye Chelny, 2025)
[4760327] Failed to build match row: KamAZ Naberezhnye Chelny vs PFK Krylya Sovetov Samara
[3828466] Could not find attributes for tochi chukwuani (Lyngby Boldklub, 2022)
[3828466] Failed to build match row: Lyngby Boldklub vs Odense Boldklub
[4760328] Failed to scrape lineup: https://www.transfermarkt.co.uk/spielbericht/index/spielbericht/4760328
[4486799] Could not find attributes for laurie walker (Solihull Moors, 2024)
[4486799] Failed to build match row: Solihull Moors vs Bromley FC
[4760329] Could not find attributes for rostislav soldatenko (Torpedo Moscow, 2025)
[4760329] Failed to build match row: Torpedo Moscow vs FK Baltika
[4331991] Could not find attributes for panagiotis retsos (Olympiakos Syndesmos Filathlon Peiraios, 2023)
[4331991] Failed to build match row: Aston Villa Football Club vs Olympiakos Syndesmos Filathlon Peiraios
[3828467] Could not find attributes for tonni adamsen (Silkeborg Idrætsforening, 2022)
[3828467] Failed to build match row: Randers Fodbold Club vs Silkeborg Idrætsforening
[4331993] Could not find attributes for panagiotis retsos (Olympiakos Syndesmos Filathlon Peiraios, 2023)
[4331993] Failed to build match row: Olympiakos Syndesmos Filathlon Peiraios vs Aston Villa Football Club
[4486800] Failed to scrape lineup: https://www.transfermarkt.co.uk/spielbericht/index/spielbericht/4486800
[4760330] Could not find attributes for nikolay prisyazhnenko (Neftekhimik Nizhnekamsk, 2025)
[4760330] Failed to build match row: Neftekhimik Nizhnekamsk vs FK Rostov
[4761061] Could not find attributes for nick borgman (VV Hoogeveen, 2025)
[4761061] Failed to build match row: Heracles Almelo vs VV Hoogeveen
[3828470] Could not find attributes for paulinho (Fodbold Club Midtjylland, 2022)
[3828470] Failed to build match row: Fodbold Club Midtjylland vs Football Club København
[4761062] Could not find attributes for elber evora (GVVV Veenendaal, 2025)
[4761062] Failed to build match row: Eindhovense Voetbalvereniging Philips Sport Vereniging vs GVVV Veenendaal

Keepers & outfield error for **Aalborg BK** in Aarhus Gymnastik Forening vs Aalborg BK: Numbers: 2 and 9.
[3828471] Failed to build match row: Aarhus Gymnastik Forening vs Aalborg BK
[3828472] Could not find attributes for oscar schwartau (Brøndby Idrætsforening, 2022)
[3828472] Failed to build match row: Brøndby Idrætsforening vs Lyngby Boldklub
[4486801] Could not find attributes for Ashqar Ahmed (Reading FC, 2024)
[4486801] Failed to build match row: Reading FC vs Harborough Town
[3828473] Failed to scrape lineup: https://www.transfermarkt.co.uk/fc-midtjylland_viborg-ff/index/spielbericht/3828473
[4761063] Could not find attributes for mohamed ihattaren (Fortuna Sittardia Combinatie, 2025)
[4761063] Failed to build match row: Fortuna Sittardia Combinatie vs Almere City FC
[4331994] Failed to scrape lineup: https://www.transfermarkt.co.uk/spielbericht/index/spielbericht/4331994
[3828474] Could not find attributes for yahya nadrani (Aalborg BK, 2022)
[3828474] Failed to build match row: Aalborg BK vs Odense Boldklub
[4761064] Could not find attributes for gijs van zetten (AFC Amsterdam, 2025)
[4761064] Failed to build match row: AFC Amsterdam vs Nijmegen Eendracht Combinatie
[4486802] Failed to scrape lineup: https://www.transfermarkt.co.uk/spielbericht/index/spielbericht/4486802
[3828476] Could not find attributes for zeca (Football Club København, 2022)
[3828476] Failed to build match row: Football Club København vs Aarhus Gymnastik Forening
[4340617] Could not find attributes for evgeniy latyshonok (FK Baltika, 2023)
[4340617] Failed to build match row: FK Baltika vs FK Spartak Moskva
[4761065] Could not find attributes for thomas didillon hodl (Willem II Tilburg, 2025)
[4761065] Failed to build match row: Willem II Tilburg vs Sparta Rotterdam

Keepers & outfield error for **Fodbold Club Midtjylland** in Aarhus Gymnastik Forening vs Fodbold Club Midtjylland: Numbers: 2 and 9.
[3828478] Failed to build match row: Aarhus Gymnastik Forening vs Fodbold Club Midtjylland
[4487288] Could not find attributes for stanislav kritsyuk (FC Tyumen, 2024)
[4487288] Failed to build match row: FC Tyumen vs FK Krasnodar
[4761066] Could not find attributes for menno heus (SV Spakenburg, 2025)
[4761066] Failed to build match row: SV Spakenburg vs Football Club Twente
[3828480] Could not find attributes for franco tongya (Odense Boldklub, 2022)
[3828480] Failed to build match row: Odense Boldklub vs Silkeborg Idrætsforening
[4487289] Failed to scrape lineup: https://www.transfermarkt.co.uk/spielbericht/index/spielbericht/4487289
[4761068] Could not find attributes for kevin ringeling (Excelsior Maassluis, 2025)
[4761068] Failed to build match row: Excelsior Maassluis vs AFC Ajax Amsterdam
[4344180] Failed to scrape lineup: https://www.transfermarkt.co.uk/spielbericht/index/spielbericht/4344180
[3828481] Could not find attributes for alfred finnbogason (Lyngby Boldklub, 2022)
[3828481] Failed to build match row: Lyngby Boldklub vs Viborg Fodsports Forening
[4487290] Could not find attributes for nikolay zabolotnyi (FK Sochi, 2024)
[4487290] Failed to build match row: FK Sochi vs Dinamo Makhachkala
[4761069] Could not find attributes for mike havekotte (TOP Oss, 2025)
[4761069] Failed to build match row: TOP Oss vs Football Club Utrecht
[4346131] Could not find attributes for evgeniy latyshonok (FK Baltika, 2023)
[4346131] Failed to build match row: FK Baltika vs AO FK Zenit Sankt-Peterburg
[3828482] Could not find attributes for oscar schwartau (Brøndby Idrætsforening, 2022)
[3828482] Failed to build match row: Randers Fodbold Club vs Brøndby Idrætsforening
[4487291] Could not find attributes for denis shcherbitskiy (Ural Yekaterinburg, 2024)
[4487291] Failed to build match row: Ural Yekaterinburg vs FC Khimki (-2025)
[3828483] Failed to scrape lineup: https://www.transfermarkt.co.uk/ac-horsens_aalborg-bk/index/spielbericht/3828483
[4761070] Failed to scrape lineup: https://www.transfermarkt.co.uk/spielbericht/index/spielbericht/4761070
[4352472] Failed to scrape lineup: https://www.transfermarkt.co.uk/spielbericht/index/spielbericht/4352472
[4489039] Could not find attributes for mathias ornskov (Brabrand IF, 2024)
[4489039] Failed to build match row: Brabrand IF vs Viborg Fodsports Forening
[4761071] Could not find attributes for coen van der hoek (Sportlust '46, 2025)
[4761071] Failed to build match row: Sportlust '46 vs De Treffers
[4489040] Could not find attributes for jonathan aegidius (Kolding IF, 2024)
[4489040] Failed to build match row: Kolding IF vs Football Club København
[4489043] Could not find attributes for mathias ornskov (Brabrand IF, 2024)
[4489043] Failed to build match row: Viborg Fodsports Forening vs Brabrand IF
[3828486] Failed to scrape lineup: https://www.transfermarkt.co.uk/lyngby-bk_aalborg-bk/index/spielbericht/3828486
[3828487] Could not find attributes for yankuba minteh (Odense Boldklub, 2022)
[3828487] Failed to build match row: Viborg Fodsports Forening vs Odense Boldklub
[4353893] Failed to scrape lineup: https://www.transfermarkt.co.uk/spielbericht/index/spielbericht/4353893

Keepers & outfield error for **Fodbold Club Midtjylland** in Fodbold Club Midtjylland vs AC Horsens: Numbers: 2 and 9.
[3828489] Failed to build match row: Fodbold Club Midtjylland vs AC Horsens
[4761072] Failed to scrape lineup: https://www.transfermarkt.co.uk/spielbericht/index/spielbericht/4761072

Keepers & outfield error for **Eintracht Frankfurt Fußball AG** in Eintracht Braunschweig vs Eintracht Frankfurt Fußball AG: Numbers: 2 and 9.
[4353894] Failed to build match row: Eintracht Braunschweig vs Eintracht Frankfurt Fußball AG
[4489044] Could not find attributes for lennart moser (Kolding IF, 2024)
[4489044] Failed to build match row: Football Club København vs Kolding IF
[4489061] Could not find attributes for danylo kanevtsev (Bukovyna Chernivtsi, 2024)
[4489061] Failed to build match row: Bukovyna Chernivtsi vs Viktoriya Sumy
[4761073] Could not find attributes for hidde streutker (SC Genemuiden, 2025)
[4761073] Failed to build match row: Football Club Volendam vs SC Genemuiden
[4489062] Could not find attributes for dmytro ledviy (FC Rukh Lviv, 2024)
[4489062] Failed to build match row: FC Rukh Lviv vs Futbolniy Klub Dynamo Kyiv
[3828491] Failed to scrape lineup: https://www.transfermarkt.co.uk/fc-copenhagen_fc-midtjylland/index/spielbericht/3828491
[4353895] Failed to scrape lineup: https://www.transfermarkt.co.uk/spielbericht/index/spielbericht/4353895
[4761074] Could not find attributes for thijs terhalle (HSC '21 Haaksbergen, 2025)
[4761074] Failed to build match row: HSC '21 Haaksbergen vs RKC Waalwijk
[3828492] Could not find attributes for marco ramkilde (Aalborg BK, 2022)
[3828492] Failed to build match row: Aalborg BK vs Viborg Fodsports Forening
[4489063] Could not find attributes for andrey kozhukhar (NK Veres Rivne, 2024)
[4489063] Failed to build match row: NK Veres Rivne vs FK Polissya Zhytomyr
[4761075] Could not find attributes for nordin bakker (Sportclub Heerenveen, 2025)
[4761075] Failed to build match row: Feyenoord Rotterdam vs Sportclub Heerenveen
[4489064] Could not find attributes for artem shabanov (FC Oleksandriya, 2024)
[4489064] Failed to build match row: FC Oleksandriya vs FC Shakhtar Donetsk
[4761076] Failed to scrape lineup: https://www.transfermarkt.co.uk/spielbericht/index/spielbericht/4761076
[4499962] Could not find attributes for dmytro ledviy (FC Rukh Lviv, 2024)
[4499962] Failed to build match row: FC Rukh Lviv vs FK Obolon Kyiv
[3828495] Failed to scrape lineup: https://www.transfermarkt.co.uk/odense-boldklub_lyngby-bk/index/spielbericht/3828495
[4500186] Could not find attributes for jon villanueva (Salamanca CF UDS, 2024)
[4500186] Failed to build match row: Salamanca CF UDS vs Celta
[4500187] Could not find attributes for kike royo (UD Logroñés, 2024)
[4500187] Failed to build match row: UD Logroñés vs Girona Fútbol Club S. A. D.
[4761581] Failed to scrape lineup: https://www.transfermarkt.co.uk/spielbericht/index/spielbericht/4761581
[3828496] Failed to scrape lineup: https://www.transfermarkt.co.uk/fc-midtjylland_odense-boldklub/index/spielbericht/3828496
[3828497] Could not find attributes for tonni adamsen (Silkeborg Idrætsforening, 2022)
[3828497] Failed to build match row: Silkeborg Idrætsforening vs Viborg Fodsports Forening
[3828498] Could not find attributes for timo letschert (Lyngby Boldklub, 2022)
[3828498] Failed to build match row: Lyngby Boldklub vs Aarhus Gymnastik Forening
[4500188] Could not find attributes for gerard urbina (CE Europa, 2024)
[4500188] Failed to build match row: CE Europa vs UD Las Palmas
[3828499] Could not find attributes for roony bardghji (Football Club København, 2022)
[3828499] Failed to build match row: Randers Fodbold Club vs Football Club København
[3828500] Could not find attributes for yahya nadrani (Aalborg BK, 2022)
[3828500] Failed to build match row: Brøndby Idrætsforening vs Aalborg BK
[4500189] Failed to scrape lineup: https://www.transfermarkt.co.uk/spielbericht/index/spielbericht/4500189
[3828502] Could not find attributes for paulinho (Fodbold Club Midtjylland, 2022)
[3828502] Failed to build match row: Fodbold Club Midtjylland vs Fodbold Club Nordsjælland
[4500190] Could not find attributes for chiqui (Pontevedra CF, 2024)
[4500190] Failed to build match row: Pontevedra CF vs Villarreal Club de Fútbol S.A.D.
[3828503] Failed to scrape lineup: https://www.transfermarkt.co.uk/fc-copenhagen_lyngby-bk/index/spielbericht/3828503
[4500191] Could not find attributes for diego nieves (CP Cacereño, 2024)
[4500191] Failed to build match row: CP Cacereño vs Club Atlético de Madrid S.A.D.
[3828504] Could not find attributes for yahya nadrani (Aalborg BK, 2022)
[3828504] Failed to build match row: Aalborg BK vs Silkeborg Idrætsforening
[4500192] Could not find attributes for ibrahim doumbia (Real Ávila CF, 2024)
[4500192] Failed to build match row: Real Ávila CF vs Real Valladolid CF
[4500193] Failed to scrape lineup: https://www.transfermarkt.co.uk/spielbericht/index/spielbericht/4500193
[3828506] Failed to scrape lineup: https://www.transfermarkt.co.uk/odense-boldklub_brondby-if/index/spielbericht/3828506
[4500194] Failed to scrape lineup: https://www.transfermarkt.co.uk/spielbericht/index/spielbericht/4500194
[4500195] Could not find attributes for monty (Deportiva Minera, 2024)
[4500195] Failed to build match row: Deportiva Minera vs Alaves
[4500196] Could not find attributes for raul bernabeu (UB Conquense, 2024)
[4500196] Failed to build match row: UB Conquense vs Real Sociedad de Fútbol S.A.D.
[3828509] Failed to scrape lineup: https://www.transfermarkt.co.uk/aarhus-gf_fc-copenhagen/index/spielbericht/3828509
[3828510] Could not find attributes for yankuba minteh (Odense Boldklub, 2022)
[3828510] Failed to build match row: AC Horsens vs Odense Boldklub
[3828511] Could not find attributes for paulinho (Fodbold Club Midtjylland, 2022)
[3828511] Failed to build match row: Randers Fodbold Club vs Fodbold Club Midtjylland
[4500197] Could not find attributes for alusine koroma (Orihuela CF, 2024)
[4500197] Failed to build match row: Orihuela CF vs Getafe Club de Fútbol S. A. D. Team Dubai
[3828512] Failed to scrape lineup: https://www.transfermarkt.co.uk/fc-nordsjaelland_aalborg-bk/index/spielbericht/3828512
[4500198] Could not find attributes for imanol baz (Unionistas CF, 2024)
[4500198] Failed to build match row: Unionistas CF vs Rayo Vallecano de Madrid S. A. D.
[3828513] Could not find attributes for timo letschert (Lyngby Boldklub, 2022)
[3828513] Failed to build match row: Silkeborg Idrætsforening vs Lyngby Boldklub

Keepers & outfield error for **Club Atlético Osasuna** in AD Ceuta FC vs Club Atlético Osasuna: Numbers: 2 and 9.
[4500199] Failed to build match row: AD Ceuta FC vs Club Atlético Osasuna
[4500200] Could not find attributes for markel lozano (SD Ponferradina, 2024)
[4500200] Failed to build match row: SD Ponferradina vs CD Castellón
[3828515] Failed to scrape lineup: https://www.transfermarkt.co.uk/aalborg-bk_aarhus-gf/index/spielbericht/3828515
[3828516] Could not find attributes for franco tongya (Odense Boldklub, 2022)
[3828516] Failed to build match row: Odense Boldklub vs Randers Fodbold Club
[4500201] Failed to scrape lineup: https://www.transfermarkt.co.uk/spielbericht/index/spielbericht/4500201
[4500202] Could not find attributes for nil jimenez (Gimnàstic de Tarragona, 2024)
[4500202] Failed to build match row: Gimnàstic de Tarragona vs SD Huesca
[3828517] Failed to scrape lineup: https://www.transfermarkt.co.uk/lyngby-bk_fc-nordsjaelland/index/spielbericht/3828517

Keepers & outfield error for **Deportivo de La Coruña** in Ourense CF vs Deportivo de La Coruña: Numbers: 2 and 9.
[4500203] Failed to build match row: Ourense CF vs Deportivo de La Coruña
[4500204] Could not find attributes for mounir errahaly (Yeclano Deportivo, 2024)
[4500204] Failed to build match row: Yeclano Deportivo vs Elche Club de Fútbol S.A.D.
[3828518] Could not find attributes for paulinho (Fodbold Club Midtjylland, 2022)
[3828518] Failed to build match row: Viborg Fodsports Forening vs Fodbold Club Midtjylland
[3828519] Could not find attributes for tonni adamsen (Silkeborg Idrætsforening, 2022)
[3828519] Failed to build match row: Silkeborg Idrætsforening vs Football Club København
[3828520] Could not find attributes for tonni adamsen (Silkeborg Idrætsforening, 2022)
[3828520] Failed to build match row: Aarhus Gymnastik Forening vs Silkeborg Idrætsforening
[3828521] Could not find attributes for yankuba minteh (Odense Boldklub, 2022)
[3828521] Failed to build match row: Fodbold Club Nordsjælland vs Odense Boldklub
[4500205] Could not find attributes for jony alamo (Marbella FC, 2024)
[4500205] Failed to build match row: Marbella FC vs Burgos CF
[3828523] Could not find attributes for paulinho (Fodbold Club Midtjylland, 2022)
[3828523] Failed to build match row: Fodbold Club Midtjylland vs Brøndby Idrætsforening

Keepers & outfield error for **Aalborg BK** in Football Club København vs Aalborg BK: Numbers: 2 and 9.
[3828524] Failed to build match row: Football Club København vs Aalborg BK
[3828525] Could not find attributes for parfait bizoza (Lyngby Boldklub, 2022)
[3828525] Failed to build match row: Randers Fodbold Club vs Lyngby Boldklub
[3828527] Could not find attributes for william clem (Football Club København, 2022)
[3828527] Failed to build match row: Football Club København vs Odense Boldklub

Keepers & outfield error for **Aalborg BK** in Aalborg BK vs Fodbold Club Midtjylland: Numbers: 2 and 9.
[3828528] Failed to build match row: Aalborg BK vs Fodbold Club Midtjylland
[3828529] Could not find attributes for tochi chukwuani (Lyngby Boldklub, 2022)
[3828529] Failed to build match row: Lyngby Boldklub vs Brøndby Idrætsforening
[3828530] Could not find attributes for tonni adamsen (Silkeborg Idrætsforening, 2022)
[3828530] Failed to build match row: Silkeborg Idrætsforening vs Fodbold Club Nordsjælland
[3828531] Failed to scrape lineup: https://www.transfermarkt.co.uk/viborg-ff_randers-fc/index/spielbericht/3828531
[3828532] Could not find attributes for tonni adamsen (Silkeborg Idrætsforening, 2022)
[3828532] Failed to build match row: Brøndby Idrætsforening vs Silkeborg Idrætsforening
[3828533] Failed to scrape lineup: https://www.transfermarkt.co.uk/ac-horsens_fc-copenhagen/index/spielbericht/3828533
[3828535] Could not find attributes for tobias slotsager (Odense Boldklub, 2022)
[3828535] Failed to build match row: Odense Boldklub vs Aalborg BK
[3828536] Could not find attributes for paulinho (Viborg Fodsports Forening, 2022)
[3828536] Failed to build match row: Viborg Fodsports Forening vs Fodbold Club Nordsjælland
[3828537] Could not find attributes for emam ashour (Fodbold Club Midtjylland, 2022)
[3828537] Failed to build match row: Fodbold Club Midtjylland vs Lyngby Boldklub
[3828538] Could not find attributes for franco tongya (Odense Boldklub, 2022)
[3828538] Failed to build match row: Aarhus Gymnastik Forening vs Odense Boldklub
